--------- beginning of main
09-02 10:55:04.027 14031 14031 E adbd    : recv: OPEN 0001b531 00000000 0095:73 68 65 6C 6C 2C 76 32 2C 54 45 52 4D 3D 78 74 65 72 6D 2D 32 35 36 63 6F 6C 6F 72 2C 72 61 77 3A 61 6D 20 73 74 61 72 74 20 2D 53 20 2D 61 20 61 6E 64 72 6F 69 64 2E 69 6E 74 65 6E 74 2E 61 63 74 69 6F 6E 2E 56 49 45 57 20 2D 6E 20 6F 72 67 2E 6D 6F 7A 69 6C 6C 61 2E 66 69 72 65 66 6F 78 2F 6F 72 67 2E 6D 6F 7A 69 6C 6C 61 2E 67 65 63 6B 6F 2E 42 72 6F 77 73 65 72 41 70 70 20 2D 2D 61 63 74 69 76 69 74 79 2D 63 6C 65 61 72 2D 74 61 73 6B 00 
09-02 10:55:04.027 14031 14031 E adbd    : service_to_fd: shell,v2,TERM=xterm-256color,raw:am start -S -a android.intent.action.VIEW -n org.mozilla.firefox/org.mozilla.gecko.BrowserApp --activity-clear-task
09-02 10:55:04.097 14832 14871 D ProfileInstaller: Installing profile for com.example.batterymanager_utility
--------- beginning of system
09-02 10:55:04.101  3979  4673 I ActivityManager: Force stopping org.mozilla.firefox appid=10154 user=0: from pid 14870
09-02 10:55:04.106  3979  3979 D SamsungAlarmManager: Remove alarm for next reason : android.intent.action.PACKAGE_RESTARTED : package: org.mozilla.firefox
09-02 10:55:04.113  3979  3995 W BroadcastQueue: Background execution not allowed: receiving Intent { act=android.intent.action.PACKAGE_RESTARTED dat=package:org.mozilla.firefox flg=0x10 (has extras) } to android/com.kddi.android.CpaNotiReceiver
09-02 10:55:04.114  3979  3995 W BroadcastQueue: Background execution not allowed: receiving Intent { act=android.intent.action.PACKAGE_RESTARTED dat=package:org.mozilla.firefox flg=0x10 (has extras) } to com.sec.android.daemonapp/com.samsung.android.weather.daemon.receiver.ClearDataReceiver
09-02 10:55:04.115  4633  4633 D CarrierSvcBindHelper: No carrier app for: 0
09-02 10:55:04.116  4633  4633 D CarrierSvcBindHelper: No carrier app for: 1
09-02 10:55:04.367  3979  4673 I ActivityManager: START u0 {act=android.intent.action.VIEW typ=null flg=0x10008000 cmp=ComponentInfo{org.mozilla.firefox/org.mozilla.gecko.BrowserApp}} from uid 2000
09-02 10:55:04.371  3979  4673 D CustomFrequencyManagerService: acquireDVFSLockLocked : type : DVFS_MIN_LIMIT  frequency : 1560000  uid : 1000  pid : 3979  pkgName : AMS_APP_SWITCH@CPU_MIN@23
09-02 10:55:04.376  3979  4673 D ActivityManagerPerformance: AMP_acquire() APP_SWITCH
09-02 10:55:04.376  3979  5035 D ActivityManagerPerformance: Received MSG_CFMS_HINT_AMS_SWITCH pkgName: org.mozilla.firefox
09-02 10:55:04.388  3979  4670 D ActivityManager: isScaleDownAnimationEnabled() : false
09-02 10:55:04.389  3979  4670 D StorageManagerService: getExternalStorageMountMode : 1
09-02 10:55:04.389  3979  4670 D StorageManagerService: getExternalStorageMountMode : 3
09-02 10:55:04.389  3979  4670 D StorageManagerService: getExternalStorageMountMode : final mountMode=1, uid : 10154, packageName : org.mozilla.firefox
09-02 10:55:04.389  3979  4670 I ApplicationPolicy: isApplicationExternalStorageWhitelisted:org.mozilla.firefox user:0
09-02 10:55:04.390  3979  4670 D ApplicationPolicy: isApplicationExternalStorageWhitelisted: DO is not enabled on user 0. Allowed.
09-02 10:55:04.390  3979  4670 D ActivityManager: package  org.mozilla.firefox, user - 0 is SDcard whitelisted
09-02 10:55:04.390  3979  4670 I ApplicationPolicy: isApplicationExternalStorageBlacklisted:org.mozilla.firefox user:0
09-02 10:55:04.390  3979  4670 D ApplicationPolicy: isApplicationExternalStorageBlacklisted: DO is not enabled on user 0. Allowed.
09-02 10:55:04.400 14873 14873 E Zygote  : isWhitelistProcess - Process is Whitelisted
09-02 10:55:04.400  3979  4670 I ActivityManager: Start proc 14873:org.mozilla.firefox/u0a154 for activity org.mozilla.firefox/org.mozilla.gecko.BrowserApp
09-02 10:55:04.400 14873 14873 E libpersona: scanKnoxPersonas
09-02 10:55:04.400 14873 14873 E libpersona: Couldn't open the File - /data/system/users/0/personalist.xml - No such file or directory
09-02 10:55:04.402 14873 14873 W SELinux : SELinux selinux_android_compute_policy_index : Policy Index[2],  Con:u:r:zygote:s0 RAM:SEPF_SM-J720F_8.0.0_0017, [-1 -1 -1 -1 0 1]
09-02 10:55:04.402 14873 14873 I SELinux : SELinux: seapp_context_lookup: seinfo=untrusted, level=s0:c512,c768, pkgname=org.mozilla.firefox 
09-02 10:55:04.417 14873 14873 D TimaKeyStoreProvider: TimaKeyStore is not enabled: cannot add TimaSignature Service and generateKeyPair Service
09-02 10:55:04.417 14873 14873 D ActivityThread: Added TimaKeyStore provider
09-02 10:55:04.419  3979  4670 I ActivityManager: DSS on for org.mozilla.firefox and scale is 1.0
09-02 10:55:04.428  3979  4670 D PersonaManagerService: Current focused persona service handled id set to : 0
09-02 10:55:04.428  3979  4670 D InputDispatcher: Focused application set to: xxxx
09-02 10:55:04.429  3979  4670 D InputDispatcher: Focus left window: 14832
09-02 10:55:04.430 14832 14832 D ViewRootImpl@110cd72[MainActivity]: MSG_WINDOW_FOCUS_CHANGED 0
09-02 10:55:04.430  3979  4238 D GameManagerService: handleForegroundChange(). pkgName: org.mozilla.firefox, clsName: org.mozilla.fenix.IntentReceiverActivity,FgActivityName:org.mozilla.firefox/org.mozilla.fenix.IntentReceiverActivity
09-02 10:55:04.430  3979  4670 D MARsPolicyManager: onPackageResumedFG pkgName = org.mozilla.firefox, userId = 0
09-02 10:55:04.430  3979  4238 D GameManagerService: sem_perfomance_mode: 3
09-02 10:55:04.430  3979  4238 D GameManagerService: notifyResumePause(). pkg: org.mozilla.firefox, type: 4, isMinimized: false, isTunableApp: false
09-02 10:55:04.430  3979  4238 D GameManagerService:   notifyResumePause(). unexpected mPrevNotiType: -1
09-02 10:55:04.434  3979  6899 D GamePkgDataHelper: getGamePkgDataIncServer(). org.mozilla.firefox
09-02 10:55:04.435  3979  6899 D GameManagerService: identifyGamePackage. org.mozilla.firefox
09-02 10:55:04.435  3979  6899 D GamePkgDataHelper: getGamePkgData(). org.mozilla.firefox
09-02 10:55:04.435  3979  6899 D GameManagerService: identifyGamePackage. org.mozilla.firefox
09-02 10:55:04.436  3979  6899 D GamePkgDataHelper: getGamePkgData(). org.mozilla.firefox
09-02 10:55:04.436  3979  6899 D GamePkgDataHelper: getSosPolicy(). org.mozilla.firefox
09-02 10:55:04.438  3979  6899 D GameManagerService: identifyGamePackage. org.mozilla.firefox
09-02 10:55:04.438  3979  6899 D GamePkgDataHelper: getGamePkgData(). org.mozilla.firefox
09-02 10:55:04.438  3979  6899 D GameManagerService: identifyGamePackage. org.mozilla.firefox
09-02 10:55:04.439  3979  6899 D GamePkgDataHelper: getGamePkgData(). org.mozilla.firefox
09-02 10:55:04.443 14873 14873 I zygote64: no shared libraies, dex_files: 1
09-02 10:55:04.476 14873 14873 I FirebaseApp: Device unlocked: initializing all Firebase APIs for app [DEFAULT]
09-02 10:55:04.492 14873 14873 I FirebaseInitProvider: FirebaseApp initialization successful
09-02 10:55:04.508  4349  4728 D SystemServicesProxy: updateOverviewLastStackActiveTimeAsync: newTime=1693559943942
09-02 10:55:04.509  3979  4670 D SecContentProvider: query(), uri = 17 selection = isSettingsChangesAllowed
09-02 10:55:04.510  3979  4670 D SecContentProvider: called from android.uid.systemui:10009
09-02 10:55:04.510  4349  4561 D SystemServicesProxy: updateOverviewLastStackActiveTimeAsync: done.
09-02 10:55:04.513  3979  4670 D PackageManager: getComponentMetadataForIconTray : com.example.batterymanager_utility.MainActivity does not exist in mServices
09-02 10:55:04.513  3979  4670 D PackageManager: getComponentMetadataForIconTray : com.example.batterymanager_utility.MainActivity does not exist in mProviders
09-02 10:55:04.513  3979  4670 D PackageManager: getComponentMetadataForIconTray : com.example.batterymanager_utility.MainActivity does not exist in mReceivers
09-02 10:55:04.513  4349  4728 D ApplicationPackageManager: updateItemMetaDataForFixedIconScale: package: com.example.batterymanager_utility
09-02 10:55:04.514  3979  4670 D PackageManager: getSelectedMetaData : packageName(com.example.batterymanager_utility) or Metadata strings {[Ljava.lang.String;@1f1d6f2}
09-02 10:55:04.514  4349  4728 I ApplicationPackageManager: load=com.example.batterymanager_utility, bg=144-144, dr=189-189, forDefault=true, density=0
09-02 10:55:04.515  3979  4670 W StorageManager: getStorageLowBytes lowPercent : 5, lowBytes : 1260145254, maxLowBytes : 524288000
09-02 10:55:04.516  4349  4728 I ApplicationPackageManager: scaled rate=0.72, size=189, alpha=54, hold=102
09-02 10:55:04.516  4349  4728 D ApplicationPackageManager: iconScale: getScale(): 0.72 getAlpha(): 54
09-02 10:55:04.517  4349  4728 I ApplicationPackageManager: load=com.example.batterymanager_utility-contain, bg=112-112, dr=189-189
09-02 10:55:04.524  3449  3449 I android.hardware.wifi@1.0-service: getLinkLayerStats
09-02 10:55:04.565 14873 14878 I zygote64: Do partial code cache collection, code=29KB, data=25KB
09-02 10:55:04.565 14873 14878 I zygote64: After code cache collection, code=29KB, data=25KB
09-02 10:55:04.565 14873 14878 I zygote64: Increasing code cache capacity to 128KB
09-02 10:55:04.566  3979  4111 D MdnieScenarioControlService:  packageName : org.mozilla.firefox    className : org.mozilla.gecko.BrowserApp
09-02 10:55:04.566  3979  4111 V MdnieScenarioControlService: setUIMode from UI function(3)
09-02 10:55:04.581 14873 14873 I rc_log_ffi::ios: rc_log adapter initialized!
09-02 10:55:04.636 14873 14878 I zygote64: Do partial code cache collection, code=60KB, data=46KB
09-02 10:55:04.636 14873 14878 I zygote64: After code cache collection, code=58KB, data=46KB
09-02 10:55:04.636 14873 14878 I zygote64: Increasing code cache capacity to 256KB
09-02 10:55:04.693 14873 14898 I nimbus::nimbus_client: updating experiment list
09-02 10:55:04.694 14873 14898 I nimbus::persistence: Already at version 2, no upgrade needed
09-02 10:55:04.695 14873 14898 I nimbus::nimbus_client: [Nimbus] Retrieved date from Context: 2023-09-01 07:59:54 UTC
09-02 10:55:04.695 14873 14898 I nimbus::nimbus_client: [Nimbus] Installation Date: 2023-09-01 07:59:54 UTC
09-02 10:55:04.695 14873 14898 I nimbus::nimbus_client: [Nimbus] Update Date: 2023-09-02 06:19:16.138897683 UTC
09-02 10:55:04.695 14873 14898 I nimbus::nimbus_client: [Nimbus] Days since install: 1
09-02 10:55:04.695 14873 14898 I nimbus::nimbus_client: [Nimbus] Days since update: 0
09-02 10:55:04.754 14873 14901 I GeckoThread: preparing to run Gecko
09-02 10:55:04.761  3979  4670 W StorageManager: getStorageLowBytes lowPercent : 5, lowBytes : 1260145254, maxLowBytes : 524288000
09-02 10:55:04.763  3979  4670 I chatty  : uid=1000(system) Binder:3979_A identical 1 line
09-02 10:55:04.765  3979  4670 W StorageManager: getStorageLowBytes lowPercent : 5, lowBytes : 1260145254, maxLowBytes : 524288000
09-02 10:55:04.780 14873 14903 I libglean_ffi: glean_core::core: Creating new Glean v53.1.0
09-02 10:55:04.781 14873 14903 I libglean_ffi: glean_core::database: Database initialized
09-02 10:55:04.782 14873 14901 I GeckoLoader: Library base=/data/app/org.mozilla.firefox-qXEeZwQeSKU-v4RxzjCTZA==/lib/arm64
09-02 10:55:04.784 14873 14901 W Settings: Setting animator_duration_scale has moved from android.provider.Settings.System to android.provider.Settings.Global, returning read-only global URI.
09-02 10:55:04.784 14873 14903 I libglean_ffi: glean_core: Glean initialized
09-02 10:55:04.786 14873 14903 I libglean_ffi: glean_core::event_database: Loading events for events
09-02 10:55:04.787 14873 14903 I libglean_ffi: glean_core::event_database: Loading events for background-update
09-02 10:55:04.787 14873 14901 I GeckoLoader: Library base=/data/app/org.mozilla.firefox-qXEeZwQeSKU-v4RxzjCTZA==/lib/arm64
09-02 10:55:04.788 14873 14901 E GeckoLibLoad: Load sqlite start
09-02 10:55:04.789 14873 14901 E GeckoLibLoad: Load sqlite done
09-02 10:55:04.789 14873 14903 I libglean_ffi: glean_core::ping: Collecting events
09-02 10:55:04.789 14873 14901 I GeckoLoader: Library base=/data/app/org.mozilla.firefox-qXEeZwQeSKU-v4RxzjCTZA==/lib/arm64
09-02 10:55:04.790 14873 14901 E GeckoLibLoad: Load nss start
09-02 10:55:04.790 14873 14901 E GeckoLibLoad: Load nss done
09-02 10:55:04.790 14873 14878 I zygote64: Do full code cache collection, code=122KB, data=79KB
09-02 10:55:04.790 14873 14901 I GeckoLoader: Library base=/data/app/org.mozilla.firefox-qXEeZwQeSKU-v4RxzjCTZA==/lib/arm64
09-02 10:55:04.790 14873 14878 I zygote64: After code cache collection, code=88KB, data=51KB
09-02 10:55:04.792 14873 14901 E GeckoLibLoad: Loaded libs in 1.831961ms total, 4ms(4ms) user, 0ms(0ms) system, 0(0) faults
09-02 10:55:04.794 14873 14901 W GeckoThread: zerdatime 90086226 - runGecko
09-02 10:55:04.796 14873 14903 I libglean_ffi: glean_core::upload::directory: Processing ping at: /data/user/0/org.mozilla.firefox/glean_data/pending_pings/4c28d07e-e128-47a4-8861-0b634d24ffdb
09-02 10:55:04.796 14873 14903 I libglean_ffi: glean_core::metrics::ping: The ping 'events' was submitted and will be sent as soon as possible
09-02 10:55:04.799  3614  3927 D DnsProxyListener: DNSDBG::dns by name af 2
09-02 10:55:04.807  3979  4670 D PackageManager: setEnabledSetting : userId = 0 packageName = org.mozilla.firefox cmp = androidx.work.impl.background.systemjob.SystemJobService newState = 1 callingPackage = 10154/org.mozilla.firefox
09-02 10:55:04.823 14873 14901 I Gecko:DumpUtils: Fifo watcher disabled via pref.
09-02 10:55:04.824 14873 14903 I glean/MetricsPingSched: The 'metrics' ping was already sent today, 1693644904820.
09-02 10:55:04.834 14873 14903 I libglean_ffi: glean_core::ping: Collecting baseline
09-02 10:55:04.842  3979  5982 D ConnectivityService: filterNetworkStateForUid() uid: 10025 networkInfo: [type: WIFI[] - WIFI, state: CONNECTED/CONNECTED, reason: (unspecified), extra: "WiFi 69", failover: false, available: true, roaming: false, metered: false]
09-02 10:55:04.850 14873 14903 I libglean_ffi: glean_core::upload::directory: Processing ping at: /data/user/0/org.mozilla.firefox/glean_data/pending_pings/08ebc733-782e-41a6-a4c1-8742fa6e70fc
09-02 10:55:04.854 14873 14903 I libglean_ffi: glean_core::metrics::ping: The ping 'baseline' was submitted and will be sent as soon as possible
09-02 10:55:04.879  3979  4673 D ConnectivityService: filterNetworkStateForUid() uid: 10025 networkInfo: [type: WIFI[] - WIFI, state: CONNECTED/CONNECTED, reason: (unspecified), extra: "WiFi 69", failover: false, available: true, roaming: false, metered: false]
09-02 10:55:04.889 14873 14900 I libglean_ffi: glean_core::ping: Collecting pageload
09-02 10:55:04.894 14873 14900 I libglean_ffi: glean_core::ping: Storage for pageload empty. Bailing out.
09-02 10:55:04.895 14873 14900 I libglean_ffi: glean_core::metrics::ping: No content for ping 'pageload', therefore no ping queued.
09-02 10:55:04.912 14873 14900 I libglean_ffi: glean_core::core: Upload enabled: true
09-02 10:55:04.934  3979  5982 D ConnectivityService: filterNetworkStateForUid() uid: 10154 networkInfo: [type: WIFI[] - WIFI, state: CONNECTED/CONNECTED, reason: (unspecified), extra: "WiFi 69", failover: false, available: true, roaming: false, metered: false]
09-02 10:55:04.945  3979  4673 D StorageManagerService: getExternalStorageMountMode : 1
09-02 10:55:04.945  3979  4673 D StorageManagerService: getExternalStorageMountMode : 3
09-02 10:55:04.945  3979  4673 D StorageManagerService: getExternalStorageMountMode : final mountMode=1, uid : 10154, packageName : org.mozilla.firefox
09-02 10:55:04.945  3979  4673 I ApplicationPolicy: isApplicationExternalStorageWhitelisted:org.mozilla.firefox user:0
09-02 10:55:04.946  3979  4673 D ApplicationPolicy: isApplicationExternalStorageWhitelisted: DO is not enabled on user 0. Allowed.
09-02 10:55:04.946  3979  4673 D ActivityManager: package  org.mozilla.firefox, user - 0 is SDcard whitelisted
09-02 10:55:04.946  3979  4673 I ApplicationPolicy: isApplicationExternalStorageBlacklisted:org.mozilla.firefox user:0
09-02 10:55:04.946  3979  4673 D ApplicationPolicy: isApplicationExternalStorageBlacklisted: DO is not enabled on user 0. Allowed.
09-02 10:55:04.960 14951 14951 E Zygote  : isWhitelistProcess - Process is Whitelisted
09-02 10:55:04.961  3979  4673 I ActivityManager: Start proc 14951:org.mozilla.firefox:tab38/u0a154 for service org.mozilla.firefox/org.mozilla.gecko.process.GeckoChildProcessServices$tab38
09-02 10:55:04.961 14951 14951 E libpersona: scanKnoxPersonas
09-02 10:55:04.961 14951 14951 E libpersona: Couldn't open the File - /data/system/users/0/personalist.xml - No such file or directory
09-02 10:55:04.964 14951 14951 W SELinux : SELinux selinux_android_compute_policy_index : Policy Index[2],  Con:u:r:zygote:s0 RAM:SEPF_SM-J720F_8.0.0_0017, [-1 -1 -1 -1 0 1]
09-02 10:55:04.965 14951 14951 I SELinux : SELinux: seapp_context_lookup: seinfo=untrusted, level=s0:c512,c768, pkgname=org.mozilla.firefox:tab38 
09-02 10:55:04.968 14873 14873 I FenixApplication: AutoPushFeature is configured, initializing it...
09-02 10:55:04.970 14873 14873 I AbstractFirebasePushService: start
09-02 10:55:04.999  3979  4670 D PackageManager: setEnabledSetting : userId = 0 packageName = org.mozilla.firefox cmp = androidx.work.impl.background.systemalarm.RescheduleReceiver newState = 1 callingPackage = 10154/org.mozilla.firefox
09-02 10:55:05.006 14951 14951 D TimaKeyStoreProvider: TimaKeyStore is not enabled: cannot add TimaSignature Service and generateKeyPair Service
09-02 10:55:05.006 14951 14951 D ActivityThread: Added TimaKeyStore provider
09-02 10:55:05.008  3979  4670 I ActivityManager: DSS on for org.mozilla.firefox and scale is 1.0
09-02 10:55:05.031  3979  4673 D ConnectivityService: filterNetworkStateForUid() uid: 10154 networkInfo: [type: WIFI[] - WIFI, state: CONNECTED/CONNECTED, reason: (unspecified), extra: "WiFi 69", failover: false, available: true, roaming: false, metered: false]
09-02 10:55:05.037 14951 14951 I zygote64: no shared libraies, dex_files: 1
09-02 10:55:05.039  3979  5982 I ActivityManager: START u0 {act=android.intent.action.VIEW typ=null flg=0x0 cmp=ComponentInfo{org.mozilla.firefox/org.mozilla.fenix.HomeActivity}} from uid 10154
09-02 10:55:05.040  3979  4670 D ConnectivityService: filterNetworkStateForUid() uid: 10154 networkInfo: [type: WIFI[] - WIFI, state: CONNECTED/CONNECTED, reason: (unspecified), extra: "WiFi 69", failover: false, available: true, roaming: false, metered: false]
09-02 10:55:05.044  3979  4670 D ConnectivityService: filterNetworkStateForUid() uid: 10154 networkInfo: [type: WIFI[] - WIFI, state: CONNECTED/CONNECTED, reason: (unspecified), extra: "WiFi 69", failover: false, available: true, roaming: false, metered: false]
09-02 10:55:05.057  3979  4046 D ViewRootImpl@c15504c[firefox]: setView = DecorView@e29bd9b[firefox] TM=true MM=false
09-02 10:55:05.058 14873 14958 I push::internal::communications::rate_limiter: No need to reset inner timestamp and count for verify_connection.
09-02 10:55:05.058 14873 14963 D ConnectivityManager: requestNetwork; CallingUid : 10154, CallingPid : 14873
09-02 10:55:05.061  3979  5983 D ConnectivityService: requestNetwork for uid/pid:10154/14873 NetworkRequest [ TRACK_DEFAULT id=516, [ Capabilities: INTERNET&NOT_RESTRICTED&TRUSTED&NOT_VPN] ]
09-02 10:55:05.062  3979  4180 D ConnectivityService: rematching NetworkAgentInfo [WIFI () - 502]
09-02 10:55:05.062  3979  4180 D ConnectivityService:  network has: [ Transports: WIFI Capabilities: NOT_METERED&INTERNET&NOT_RESTRICTED&TRUSTED&NOT_VPN&VALIDATED&FOREGROUND LinkUpBandwidth>=1048576Kbps LinkDnBandwidth>=1048576Kbps SignalStrength: -58]
09-02 10:55:05.062  3979  4180 D ConnectivityService:   checking if request is satisfied: NetworkRequest [ TRACK_DEFAULT id=516, [ Capabilities: INTERNET&NOT_RESTRICTED&TRUSTED&NOT_VPN] ]
09-02 10:55:05.062  3979  4180 D ConnectivityService: currentScore = 0, newScore = 60
09-02 10:55:05.062  3979  4180 D ConnectivityService: rematch for NetworkAgentInfo [WIFI () - 502]
09-02 10:55:05.062  3979  4180 D ConnectivityService:    accepting network in place of null
09-02 10:55:05.062  3979  4180 D ConnectivityService: sending new Min Network Score(60): NetworkRequest [ TRACK_DEFAULT id=516, [ Capabilities: INTERNET&NOT_RESTRICTED&TRUSTED&NOT_VPN] ]
09-02 10:55:05.063  3979  4177 D WIFI_P2P: got request NetworkRequest [ TRACK_DEFAULT id=516, [ Capabilities: INTERNET&NOT_RESTRICTED&TRUSTED&NOT_VPN] ] with score 60
09-02 10:55:05.063  3979  4177 D WIFI_P2P:   my score=60, my filter=[ Transports: WIFI Capabilities: WIFI_P2P&NOT_RESTRICTED&TRUSTED&NOT_VPN LinkUpBandwidth>=1048576Kbps LinkDnBandwidth>=1048576Kbps]
09-02 10:55:05.063  3979  4177 D WIFI_P2P: evalRequest
09-02 10:55:05.063  3979  4180 D ConnectivityService: MultiNetwork Request(TransportType - Wi-Fi request). Internet Capability doesn't required (false)
09-02 10:55:05.063  3979  4177 D WIFI_P2P:   done
09-02 10:55:05.063  4633  4633 D PhoneSwitcherNetworkRequstListener: got request NetworkRequest [ TRACK_DEFAULT id=516, [ Capabilities: INTERNET&NOT_RESTRICTED&TRUSTED&NOT_VPN] ] with score 60
09-02 10:55:05.063  3979  4180 D ConnectivityService: Network NetworkAgentInfo [WIFI () - 502] was already satisfying request 3. No change.
09-02 10:55:05.063  3979  4180 D ConnectivityService: Network NetworkAgentInfo [WIFI () - 502] was already satisfying request 1. No change.
09-02 10:55:05.063  3979  4180 D ConnectivityService: Network NetworkAgentInfo [WIFI () - 502] was already satisfying request 484. No change.
09-02 10:55:05.063  3979  4180 D ConnectivityService: Network NetworkAgentInfo [WIFI () - 502] was already satisfying request 443. No change.
09-02 10:55:05.063  3979  4180 D ConnectivityService: Network NetworkAgentInfo [WIFI () - 502] was already satisfying request 140. No change.
09-02 10:55:05.063  4633  4633 D PhoneSwitcherNetworkRequstListener:   my score=101, my filter=[ Transports: CELLULAR Capabilities: MMS&SUPL&DUN&FOTA&IMS&CBS&IA&RCS&XCAP&EIMS&INTERNET&NOT_RESTRICTED&TRUSTED&NOT_VPN&ENT1 Specifier: <android.net.MatchAllNetworkSpecifier@0>]
09-02 10:55:05.063  4633  4633 D PhoneSwitcherNetworkRequstListener: evalRequest
09-02 10:55:05.063  4633  4633 D PhoneSwitcherNetworkRequstListener:   needNetworkFor
09-02 10:55:05.063  3979  4180 D ConnectivityService: sending notification AVAILABLE for NetworkRequest [ TRACK_DEFAULT id=516, [ Capabilities: INTERNET&NOT_RESTRICTED&TRUSTED&NOT_VPN] ]
09-02 10:55:05.064  3979  4046 D ViewRootImpl@c15504c[firefox]: dispatchAttachedToWindow
09-02 10:55:05.064  3979  4180 D ConnectivityService: sending notification CAP_CHANGED for NetworkRequest [ TRACK_DEFAULT id=516, [ Capabilities: INTERNET&NOT_RESTRICTED&TRUSTED&NOT_VPN] ]
09-02 10:55:05.065  3979  4046 V WindowManager: Relayout Window{2ffbdaa u0 Splash Screen org.mozilla.firefox}: viewVisibility=0 req=719x1237 WM.LayoutParams{(0,0)(fillxfill) sim=#20 ty=3 fl=#81830118 pfl=0x20011 fmt=-3 wanim=0x10302ea vsysui=0x600 needsMenuKey=2 colorMode=0 naviIconColor=0}
09-02 10:55:05.065  3979  4153 D WIFI    : got request NetworkRequest [ TRACK_DEFAULT id=516, [ Capabilities: INTERNET&NOT_RESTRICTED&TRUSTED&NOT_VPN] ] with score 60
09-02 10:55:05.065  3979  4153 D WIFI    :   my score=60, my filter=[ Transports: WIFI Capabilities: NOT_METERED&INTERNET&NOT_RESTRICTED&TRUSTED&NOT_VPN LinkUpBandwidth>=1048576Kbps LinkDnBandwidth>=1048576Kbps]
09-02 10:55:05.065  3979  4153 D WIFI    : evalRequest
09-02 10:55:05.065  3979  4153 D WIFI    :   needNetworkFor
09-02 10:55:05.065  3979  4153 D WIFI_UT : got request NetworkRequest [ TRACK_DEFAULT id=516, [ Capabilities: INTERNET&NOT_RESTRICTED&TRUSTED&NOT_VPN] ] with score 60
09-02 10:55:05.065  3979  4153 D WIFI_UT :   my score=2147483647, my filter=[ Transports: WIFI Capabilities: NOT_METERED&INTERNET&NOT_RESTRICTED&TRUSTED&NOT_VPN LinkUpBandwidth>=1048576Kbps LinkDnBandwidth>=1048576Kbps]
09-02 10:55:05.065  3979  4153 D WIFI_UT : evalRequest
09-02 10:55:05.065  3979  4153 D WIFI_UT :   needNetworkFor
09-02 10:55:05.066  3979  4306 D Ethernet: got request NetworkRequest [ TRACK_DEFAULT id=516, [ Capabilities: INTERNET&NOT_RESTRICTED&TRUSTED&NOT_VPN] ] with score 60
09-02 10:55:05.066  3979  4306 D Ethernet:   my score=-1, my filter=[ Transports: ETHERNET Capabilities: INTERNET&NOT_RESTRICTED&TRUSTED&NOT_VPN LinkUpBandwidth>=100000Kbps LinkDnBandwidth>=100000Kbps]
09-02 10:55:05.066  3979  4306 D Ethernet: evalRequest
09-02 10:55:05.066  3979  4306 D Ethernet:   done
09-02 10:55:05.067  3979  4180 D ConnectivityService: sending notification IP_CHANGED for NetworkRequest [ TRACK_DEFAULT id=516, [ Capabilities: INTERNET&NOT_RESTRICTED&TRUSTED&NOT_VPN] ]
09-02 10:55:05.069  3462  3462 I SurfaceFlinger: id=1138 createSurf (720x1280),1 flag=4, Splash Screen org.mozilla.firefox#0
09-02 10:55:05.070  3979  4046 V Surface : sf_framedrop debug : 0x4f4c, game : false, logging : 0
09-02 10:55:05.071  3979  5983 D ConnectivityService: filterNetworkStateForUid() uid: 10154 networkInfo: [type: WIFI[] - WIFI, state: CONNECTED/CONNECTED, reason: (unspecified), extra: "WiFi 69", failover: false, available: true, roaming: false, metered: false]
09-02 10:55:05.072  3979  4046 D ViewRootImpl@c15504c[firefox]: Relayout returned: old=[0,0][0,0] new=[0,0][720,1280] result=0x7 surface={valid=true 535316533248} changed=true
09-02 10:55:05.073  3979  5983 D ConnectivityService: filterNetworkStateForUid() uid: 10154 networkInfo: [type: WIFI[] - WIFI, state: CONNECTED/CONNECTED, reason: (unspecified), extra: "WiFi 69", failover: false, available: true, roaming: false, metered: false]
09-02 10:55:05.079 14873 14873 I Choreographer: Skipped 34 frames!  The application may be doing too much work on its main thread.
09-02 10:55:05.079 14873 14958 I push::internal::communications::rate_limiter: Not allowed: count(36) > 1 for verify_connection.
09-02 10:55:05.082 14873 14958 I AutoPushFeature: No change to subscriptions. Doing nothing.
09-02 10:55:05.096  3979  4046 V WindowManager: finishDrawingLocked: mDrawState=COMMIT_DRAW_PENDING Window{2ffbdaa u0 Splash Screen org.mozilla.firefox} in Surface(name=Splash Screen org.mozilla.firefox)
09-02 10:55:05.101 14951 14951 I ServiceChildProcess: onCreate
09-02 10:55:05.104 14951 14978 I GeckoThread: preparing to run Gecko
09-02 10:55:05.130 14873 14947 E GeckoSession: String does not represent valid session state.
09-02 10:55:05.144 14873 14878 I zygote64: Do partial code cache collection, code=119KB, data=77KB
09-02 10:55:05.145 14873 14878 I zygote64: After code cache collection, code=119KB, data=77KB
09-02 10:55:05.145 14873 14878 I zygote64: Increasing code cache capacity to 512KB
09-02 10:55:05.152  3979  4673 D ActivityManager: isScaleDownAnimationEnabled() : false
09-02 10:55:05.154  3979  4673 D PersonaManagerService: Current focused persona service handled id set to : 0
09-02 10:55:05.154  3979  4673 D InputDispatcher: Focused application set to: xxxx
09-02 10:55:05.155  3979  4238 D GameManagerService: handleForegroundChange(). pkgName: org.mozilla.firefox, clsName: org.mozilla.fenix.HomeActivity,FgActivityName:org.mozilla.firefox/org.mozilla.fenix.HomeActivity
09-02 10:55:05.156  3979  4238 D GameManagerService:   handleForegroundChange(). same package. game has never resumed yet. ignore
09-02 10:55:05.156  3979  4673 D MARsPolicyManager: onPackageResumedFG pkgName = org.mozilla.firefox, userId = 0
09-02 10:55:05.165  3462  3462 V Surface : sf_framedrop debug : 0x4f4c, game : false, logging : 0
09-02 10:55:05.167 14832 14848 D OpenGLRenderer: eglDestroySurface = 0x7cc1baee80
09-02 10:55:05.176  3979  4673 D TaskSnapshotCache: putSnapshot mTaskId=319 RunningCache size=4
09-02 10:55:05.184  3979  3996 D WindowManager: set systemUiVisibility : systemUiFlags= 0x608 fullscreenStackSysUiFlags= 0x0
09-02 10:55:05.186  3979  5983 V WindowManager: Relayout Window{7fc9942 u0 com.example.batterymanager_utility/com.example.batterymanager_utility.MainActivity}: viewVisibility=8 req=720x1280 WM.LayoutParams{(0,0)(fillxfill) sim=#120 ty=1 fl=#81810100 pfl=0x20000 wanim=0x10302fd vsysui=0x600 needsMenuKey=2 colorMode=0 naviIconColor=0}
09-02 10:55:05.194 14832 14832 D ViewRootImpl@110cd72[MainActivity]: Relayout returned: old=[0,0][720,1280] new=[0,0][720,1280] result=0x5 surface={valid=false 0} changed=true
09-02 10:55:05.206  3462  3462 I SurfaceFlinger: Display 0 HWC layers:
09-02 10:55:05.206  3462  3462 I SurfaceFlinger:     type    |    handle    | flag |  format   |   source crop (l,t,r,b)    |         frame       | name 
09-02 10:55:05.206  3462  3462 I SurfaceFlinger: ------------+--------------+------+-----------+----------------------------+---------------------+------
09-02 10:55:05.206  3462  3462 I SurfaceFlinger:      Client |              | 0000 |  Unknown  |  -0.2   -0.2   -0.8   -0.8 |    0    0  720 1280 | animation background stackId=1#0
09-02 10:55:05.206  3462  3462 I SurfaceFlinger:      Client | 0x7ac0b8fac0 | 0002 | RGBA_8888 |   0.0    0.0  720.0 1280.0 |    0    0  720 1279 | com.example.batterymanager_utility/c[...]atterymanager_utility.MainActivity#0
09-02 10:55:05.206  3462  3462 I SurfaceFlinger:      Device | 0x7ac4c24480 | 0000 | RGBA_8888 |   0.0    0.0  720.0   42.0 |    0    0  720   42 | StatusBar#0
09-02 10:55:05.206  3462  3462 I SurfaceFlinger: 
09-02 10:55:05.207  4349  4728 D SystemServicesProxy: updateOverviewLastStackActiveTimeAsync: newTime=1693559943942
09-02 10:55:05.208  3979  9878 D SecContentProvider: query(), uri = 17 selection = isSettingsChangesAllowed
09-02 10:55:05.208  3979  9878 D SecContentProvider: called from android.uid.systemui:10009
09-02 10:55:05.209  4349  4561 D SystemServicesProxy: updateOverviewLastStackActiveTimeAsync: done.
09-02 10:55:05.257 14873 14901 W ResourceType: Too many attribute references, stopped at: 0x01010099
09-02 10:55:05.264  4349  4728 D SystemServicesProxy: updateOverviewLastStackActiveTimeAsync: newTime=1693559943942
09-02 10:55:05.265  3979  5982 D SecContentProvider: query(), uri = 17 selection = isSettingsChangesAllowed
09-02 10:55:05.265  3979  5982 D SecContentProvider: called from android.uid.systemui:10009
09-02 10:55:05.266  4349  4561 D SystemServicesProxy: updateOverviewLastStackActiveTimeAsync: done.
09-02 10:55:05.297  3979  5982 D StorageManagerService: getExternalStorageMountMode : 1
09-02 10:55:05.297  3979  5982 D StorageManagerService: getExternalStorageMountMode : 3
09-02 10:55:05.297  3979  5982 D StorageManagerService: getExternalStorageMountMode : final mountMode=1, uid : 10154, packageName : org.mozilla.firefox
09-02 10:55:05.298  3979  5982 I ApplicationPolicy: isApplicationExternalStorageWhitelisted:org.mozilla.firefox user:0
09-02 10:55:05.298  3979  5982 D ApplicationPolicy: isApplicationExternalStorageWhitelisted: DO is not enabled on user 0. Allowed.
09-02 10:55:05.298  3979  5982 D ActivityManager: package  org.mozilla.firefox, user - 0 is SDcard whitelisted
09-02 10:55:05.298  3979  5982 I ApplicationPolicy: isApplicationExternalStorageBlacklisted:org.mozilla.firefox user:0
09-02 10:55:05.298  3979  5982 D ApplicationPolicy: isApplicationExternalStorageBlacklisted: DO is not enabled on user 0. Allowed.
09-02 10:55:05.313  3979  5982 I ActivityManager: Start proc 15012:org.mozilla.firefox:gpu/u0a154 for service org.mozilla.firefox/org.mozilla.gecko.process.GeckoChildProcessServices$gpu
09-02 10:55:05.314 15012 15012 E Zygote  : isWhitelistProcess - Process is Whitelisted
09-02 10:55:05.315 15012 15012 E libpersona: scanKnoxPersonas
09-02 10:55:05.315 15012 15012 E libpersona: Couldn't open the File - /data/system/users/0/personalist.xml - No such file or directory
09-02 10:55:05.318 15012 15012 W SELinux : SELinux selinux_android_compute_policy_index : Policy Index[2],  Con:u:r:zygote:s0 RAM:SEPF_SM-J720F_8.0.0_0017, [-1 -1 -1 -1 0 1]
09-02 10:55:05.319 15012 15012 I SELinux : SELinux: seapp_context_lookup: seinfo=untrusted, level=s0:c512,c768, pkgname=org.mozilla.firefox:gpu 
09-02 10:55:05.323 14873 14947 W logins::schema: user_version: 2
09-02 10:55:05.331 14873 14873 I zygote64: Deoptimizing androidx.navigation.NavDestination androidx.navigation.NavInflater.inflate(android.content.res.Resources, android.content.res.XmlResourceParser, android.util.AttributeSet, int) due to JIT inline cache
09-02 10:55:05.343 15012 15012 D TimaKeyStoreProvider: TimaKeyStore is not enabled: cannot add TimaSignature Service and generateKeyPair Service
09-02 10:55:05.344 15012 15012 D ActivityThread: Added TimaKeyStore provider
09-02 10:55:05.346  3979  5982 I ActivityManager: DSS on for org.mozilla.firefox and scale is 1.0
09-02 10:55:05.369 15012 15012 I zygote64: no shared libraies, dex_files: 1
09-02 10:55:05.387  3462  3462 I SurfaceFlinger: Display 0 HWC layers:
09-02 10:55:05.387  3462  3462 I SurfaceFlinger:     type    |    handle    | flag |  format   |   source crop (l,t,r,b)    |         frame       | name 
09-02 10:55:05.387  3462  3462 I SurfaceFlinger: ------------+--------------+------+-----------+----------------------------+---------------------+------
09-02 10:55:05.387  3462  3462 I SurfaceFlinger:      Client |              | 0000 |  Unknown  |  -0.2   -0.2   -0.8   -0.8 |    0    0  720 1280 | animation background stackId=1#0
09-02 10:55:05.387  3462  3462 I SurfaceFlinger:      Client | 0x7ac0b8fac0 | 0002 | RGBA_8888 |   0.0    0.0  720.0 1280.0 |   16   29  703 1251 | com.example.batterymanager_utility/c[...]atterymanager_utility.MainActivity#0
09-02 10:55:05.387  3462  3462 I SurfaceFlinger:      Device | 0x7ac4c243c0 | 0000 | RGBA_8888 |   0.0    0.0  720.0 1022.0 |   17  305  704 1280 | Splash Screen org.mozilla.firefox#0
09-02 10:55:05.387  3462  3462 I SurfaceFlinger:      Device | 0x7abe64b980 | 0000 | RGBA_8888 |   0.0    0.0  720.0   42.0 |    0    0  720   42 | StatusBar#0
09-02 10:55:05.387  3462  3462 I SurfaceFlinger: 
09-02 10:55:05.420  3614  3927 D DnsProxyListener: DNSDBG::dns addrinfo af 2
09-02 10:55:05.423  3614  3927 D DnsProxyListener: DNSDBG::dns addrinfo af 2
09-02 10:55:05.428 14873 14946 W ActivityThread: ClassLoader.getResources: The class loader returned by Thread.getContextClassLoader() may fail for processes that host multiple applications. You should explicitly specify a context class loader. For example: Thread.setContextClassLoader(getClass().getClassLoader());
09-02 10:55:05.440 15012 15012 I ServiceChildProcess: onCreate
09-02 10:55:05.442 15012 15042 I GeckoThread: preparing to run Gecko
09-02 10:55:05.449 14873 14873 I NavController: Ignoring popBackStack to destination org.mozilla.firefox:id/browserFragment as it was not found on the current back stack
09-02 10:55:05.450 14873 14873 I NavController: Ignoring popBackStack to destination org.mozilla.firefox:id/homeFragment as it was not found on the current back stack
09-02 10:55:05.519 14873 14873 I ContileTopSitesUpdater: Started periodic work to update Contile top sites
09-02 10:55:05.653 14873 14878 I zygote64: Do full code cache collection, code=252KB, data=156KB
09-02 10:55:05.654 14873 14878 I zygote64: After code cache collection, code=219KB, data=119KB
09-02 10:55:05.664  3979  4046 I WindowManager: Destroying surface Surface(name=com.example.batterymanager_utility/com.example.batterymanager_utility.MainActivity) called by com.android.server.wm.WindowStateAnimator.destroySurface:2501 com.android.server.wm.WindowStateAnimator.destroySurfaceLocked:985 com.android.server.wm.WindowState.destroyOrSaveSurfaceUnchecked:3671 com.android.server.wm.WindowState.destroySurface:3619 com.android.server.wm.AppWindowToken.destroySurfaces:722 com.android.server.wm.AppWindowToken.destroySurfaces:706 com.android.server.wm.WindowState.onExitAnimationDone:5333 com.android.server.wm.WindowStateAnimator.stepAnimationLocked:550 
09-02 10:55:05.665  3462  4087 I SurfaceFlinger: id=1137 Removed com.example.batterymanager_utility/com.example.batterymanager_utility.MainActivity#0 (2/5)
09-02 10:55:05.670  3462  3502 I SurfaceFlinger: id=1137 Removed com.example.batterymanager_utility/com.example.batterymanager_utility.MainActivity#0 (-2/5)
09-02 10:55:05.675  3979  4323 I OpenGLRenderer: Initialized EGL, version 1.4
09-02 10:55:05.675  3979  4323 D OpenGLRenderer: Swap behavior 2
09-02 10:55:05.680  3462  3462 I Layer   : id=1137 onRemoved com.example.batterymanager_utility/com.example.batterymanager_utility.MainActivity#0 
09-02 10:55:05.685  3462  3462 I SurfaceFlinger: Display 0 HWC layers:
09-02 10:55:05.685  3462  3462 I SurfaceFlinger:     type    |    handle    | flag |  format   |   source crop (l,t,r,b)    |         frame       | name 
09-02 10:55:05.685  3462  3462 I SurfaceFlinger: ------------+--------------+------+-----------+----------------------------+---------------------+------
09-02 10:55:05.685  3462  3462 I SurfaceFlinger:      Device | 0x7ac4c243c0 | 0000 | RGBA_8888 |   0.0    0.0  720.0 1280.0 |    0    0  720 1280 | Splash Screen org.mozilla.firefox#0
09-02 10:55:05.685  3462  3462 I SurfaceFlinger:      Device | 0x7abe64b980 | 0000 | RGBA_8888 |   0.0    0.0  720.0   42.0 |    0    0  720   42 | StatusBar#0
09-02 10:55:05.685  3462  3462 I SurfaceFlinger: 
09-02 10:55:05.716 14873 14873 W GeckoViewActivityContextDelegate: A non-activity context was set.
09-02 10:55:05.766 14873 14873 D skia    : approximate: numPoints=40, lengths[39]=620.200073, totalLength=620.200073, segmentPoints[39]=[422.600037,0.000000]
09-02 10:55:05.766 14873 14873 D skia    : approximate: approximation[117]=1.000000, approximation[118]=422.600037, approximation[119]=0.000000
09-02 10:55:05.766 14873 14873 D skia    : approximate: numPoints=4, lengths[3]=3.448155, totalLength=3.448155, segmentPoints[3]=[3.000000,0.100000]
09-02 10:55:05.766 14873 14873 D skia    : approximate: approximation[9]=1.000000, approximation[10]=3.000000, approximation[11]=0.100000
09-02 10:55:05.767 14873 14878 I zygote64: Do partial code cache collection, code=230KB, data=135KB
09-02 10:55:05.767 14873 14873 D skia    : approximate: numPoints=37, lengths[36]=722.199951, totalLength=722.199951, segmentPoints[36]=[199.600006,0.000000]
09-02 10:55:05.767 14873 14873 D skia    : approximate: approximation[108]=1.000000, approximation[109]=199.600006, approximation[110]=0.000000
09-02 10:55:05.768 14873 14878 I zygote64: After code cache collection, code=220KB, data=132KB
09-02 10:55:05.768 14873 14878 I zygote64: Increasing code cache capacity to 1024KB
09-02 10:55:05.769 14873 14873 D skia    : approximate: numPoints=3, lengths[2]=2.472497, totalLength=2.472497, segmentPoints[2]=[2.000000,0.100000]
09-02 10:55:05.769 14873 14873 D skia    : approximate: approximation[6]=1.000000, approximation[7]=2.000000, approximation[8]=0.100000
09-02 10:55:05.802 14873 14873 I BgSyncManager: Periodic syncing enabled: PeriodicSyncConfig(periodMinutes=240, initialDelayMinutes=5)
09-02 10:55:05.802 14873 14873 I FirefoxAccountStateMachine: Sync is enabled
09-02 10:55:05.874  3979  3988 I zygote64: NativeAllocBackground concurrent copying GC freed 240986(12MB) AllocSpace objects, 129(2MB) LOS objects, 38% free, 38MB/62MB, paused 497us total 175.507ms
09-02 10:55:05.910 14873 14873 I zygote64: Deoptimizing java.lang.Object kotlin.coroutines.CoroutineContext$plus$1.invoke(java.lang.Object, java.lang.Object) due to JIT inline cache
09-02 10:55:05.915 14873 14900 I libglean_ffi: glean_core::ping: Collecting baseline
09-02 10:55:05.924  3614  3927 D DnsProxyListener: DNSDBG::dns addrinfo af 2
09-02 10:55:05.926 14873 14900 I libglean_ffi: glean_core::upload::directory: Processing ping at: /data/user/0/org.mozilla.firefox/glean_data/pending_pings/087aa299-b066-4b12-ab10-7584c1df7238
09-02 10:55:05.926 14873 14913 I zygote64: Deoptimizing kotlin.coroutines.CoroutineContext kotlin.coroutines.CoroutineContext$Element$DefaultImpls.minusKey(kotlin.coroutines.CoroutineContext$Element, kotlin.coroutines.CoroutineContext$Key) due to JIT same target
09-02 10:55:05.926 14873 14935 I zygote64: Deoptimizing kotlin.coroutines.CoroutineContext kotlin.coroutines.CoroutineContext$Element$DefaultImpls.minusKey(kotlin.coroutines.CoroutineContext$Element, kotlin.coroutines.CoroutineContext$Key) due to JIT same target
09-02 10:55:05.927  3979  5982 D ConnectivityService: filterNetworkStateForUid() uid: 10154 networkInfo: [type: WIFI[] - WIFI, state: CONNECTED/CONNECTED, reason: (unspecified), extra: "WiFi 69", failover: false, available: true, roaming: false, metered: false]
09-02 10:55:05.929  3979  5982 I chatty  : uid=1000(system) Binder:3979_16 identical 1 line
09-02 10:55:05.930  3979  5982 D ConnectivityService: filterNetworkStateForUid() uid: 10154 networkInfo: [type: WIFI[] - WIFI, state: CONNECTED/CONNECTED, reason: (unspecified), extra: "WiFi 69", failover: false, available: true, roaming: false, metered: false]
09-02 10:55:05.930 14873 14900 I libglean_ffi: glean_core::metrics::ping: The ping 'baseline' was submitted and will be sent as soon as possible
09-02 10:55:05.937 14873 14940 I zygote64: Deoptimizing org.mozilla.fenix.FenixApplication org.mozilla.fenix.ext.ContextKt.getApplication(android.content.Context) due to JIT inline cache
09-02 10:55:05.937 14873 14935 I zygote64: Deoptimizing void kotlin.sequences.SequencesKt___SequencesKt.toCollection(kotlin.sequences.Sequence, java.util.AbstractCollection) due to JIT inline cache
09-02 10:55:05.954 14873 14923 I StartupTypeTelemetry: Recorded start up: cold_view
09-02 10:55:05.977 14873 15052 D OpenGLRenderer: HWUI GL Pipeline
09-02 10:55:05.984 14873 14873 D ViewRootImpl@5596e6a[HomeActivity]: setView = DecorView@6b47f5b[HomeActivity] TM=true MM=false
09-02 10:55:05.986  3979  4673 D ActivityManager: post active user change for 0 fullscreen true isHomeActivity() false
09-02 10:55:05.997 14873 15053 I libglean_ffi: glean_core::upload: New upload task with id 4c28d07e-e128-47a4-8861-0b634d24ffdb (path: /submit/org-mozilla-firefox/events/1/4c28d07e-e128-47a4-8861-0b634d24ffdb)
09-02 10:55:05.999  3979  4292 D WifiConnectivityMonitor:  [|210] [] []
09-02 10:55:06.001  3979  4673 D ConnectivityService: filterNetworkStateForUid() uid: 10154 networkInfo: [type: WIFI[] - WIFI, state: CONNECTED/CONNECTED, reason: (unspecified), extra: "WiFi 69", failover: false, available: true, roaming: false, metered: false]
09-02 10:55:06.005  3614  3927 D DnsProxyListener: DNSDBG::dns addrinfo af 2
09-02 10:55:06.009 14873 15056 I FirefoxAccountStateMachine: Processing event 'mozilla.components.service.fxa.manager.Event$Account$Start@8878740' for state Idle(accountState=NotAuthenticated). Next state is Active(progressState=Initializing)
09-02 10:55:06.022 15012 15042 I GeckoLoader: Library base=/data/app/org.mozilla.firefox-qXEeZwQeSKU-v4RxzjCTZA==/lib/arm64
09-02 10:55:06.022 15012 15042 I GeckoLoader: Library base=/data/app/org.mozilla.firefox-qXEeZwQeSKU-v4RxzjCTZA==/lib/arm64
09-02 10:55:06.024 15012 15042 E GeckoLibLoad: Load sqlite start
09-02 10:55:06.026 15012 15042 E GeckoLibLoad: Load sqlite done
09-02 10:55:06.026 15012 15042 I GeckoLoader: Library base=/data/app/org.mozilla.firefox-qXEeZwQeSKU-v4RxzjCTZA==/lib/arm64
09-02 10:55:06.027 15012 15042 E GeckoLibLoad: Load nss start
09-02 10:55:06.027 15012 15042 E GeckoLibLoad: Load nss done
09-02 10:55:06.027 15012 15042 I GeckoLoader: Library base=/data/app/org.mozilla.firefox-qXEeZwQeSKU-v4RxzjCTZA==/lib/arm64
09-02 10:55:06.028  3347  3347 W keymaster2_mdfpp: entered get_key_characteristics function.
09-02 10:55:06.030  3347  3347 W keymaster_tee: [WRN]KEY_PARAMS: AES ENC DEC GCM PADNO AUTH SIZE:256 
09-02 10:55:06.030  3347  3347 W keymaster_tee: [WRN]KEY_PARAMS: 20230902081917 
09-02 10:55:06.030  3347  3347 W keymaster2_mdfpp: exit get_key_characteristics function, returned 0
09-02 10:55:06.037  3347  3347 W keymaster2_mdfpp: entered get_key_characteristics function.
09-02 10:55:06.038  3347  3347 W keymaster_tee: [WRN]KEY_PARAMS: AES ENC DEC GCM PADNO AUTH SIZE:256 
09-02 10:55:06.038  3347  3347 W keymaster_tee: [WRN]KEY_PARAMS: 20230902081917 
09-02 10:55:06.038  3347  3347 W keymaster2_mdfpp: exit get_key_characteristics function, returned 0
09-02 10:55:06.046  3979  4673 I chatty  : uid=1000(system) Binder:3979_C identical 4 lines
09-02 10:55:06.047  3979  4673 D ConnectivityService: filterNetworkStateForUid() uid: 10154 networkInfo: [type: WIFI[] - WIFI, state: CONNECTED/CONNECTED, reason: (unspecified), extra: "WiFi 69", failover: false, available: true, roaming: false, metered: false]
09-02 10:55:06.052  3614  3927 D DnsProxyListener: DNSDBG::dns addrinfo af 2
09-02 10:55:06.052  3614  3927 I chatty  : uid=0(root) /system/bin/netd identical 1 line
09-02 10:55:06.055  3614  3927 D DnsProxyListener: DNSDBG::dns addrinfo af 2
09-02 10:55:06.056 15012 15042 E GeckoLibLoad: Loaded libs in 29.146423ms total, 8ms(8ms) user, 20ms(20ms) system, 0(0) faults
09-02 10:55:06.057 15012 15042 W GeckoThread: zerdatime 90087489 - runGecko
09-02 10:55:06.058  3614  3927 D DnsProxyListener: DNSDBG::dns addrinfo af 2
09-02 10:55:06.059 14873 14873 V InputMethodManager: Not IME target window, ignoring
09-02 10:55:06.063 14873 15056 I FirefoxAccount: Registering persistence callback
09-02 10:55:06.063 14873 15056 I FirefoxAccountStateMachine: Ran 'mozilla.components.service.fxa.manager.Event$Account$Start@8878740' side-effects for state Active(progressState=Initializing), got successive event mozilla.components.service.fxa.manager.Event$Progress$AccountNotFound@99ee2b3
09-02 10:55:06.063 14873 15056 I FirefoxAccountStateMachine: Processing event 'mozilla.components.service.fxa.manager.Event$Progress$AccountNotFound@99ee2b3' for state Active(progressState=Initializing). Next state is Idle(accountState=NotAuthenticated)
09-02 10:55:06.067 14873 14873 D ViewRootImpl@5596e6a[HomeActivity]: dispatchAttachedToWindow
09-02 10:55:06.073  3614  3927 D DnsProxyListener: DNSDBG::dns addrinfo af 2
09-02 10:55:06.073  3614  3927 D DnsProxyListener: DNSDBG::dns addrinfo af 2
09-02 10:55:06.122  3979  5982 V WindowManager: Relayout Window{4c9903 u0 org.mozilla.firefox/org.mozilla.fenix.HomeActivity}: viewVisibility=0 req=719x1237 WM.LayoutParams{(0,0)(fillxfill) sim=#110 ty=1 fl=#81010100 pfl=0x20000 wanim=0x7f1404fa vsysui=0x2610 needsMenuKey=2 colorMode=0 naviIconColor=0}
09-02 10:55:06.126  3462  3462 I SurfaceFlinger: id=1139 createSurf (720x1280),1 flag=404, org.mozilla.firefox/org.mozilla.fenix.HomeActivity#0
09-02 10:55:06.127  3979  5982 V Surface : sf_framedrop debug : 0x4f4c, game : false, logging : 0
09-02 10:55:06.128  3979  3996 D WindowManager: set systemUiVisibility : systemUiFlags= 0x2608 fullscreenStackSysUiFlags= 0x0
09-02 10:55:06.135  3979  5982 D InputDispatcher: Focus entered window: 14873
09-02 10:55:06.136  3979  4673 D WindowManager: adjustSystemUiVisibilityLw : vis= 0x2608
09-02 10:55:06.137 14873 14873 V Surface : sf_framedrop debug : 0x4f4c, game : false, logging : 0
09-02 10:55:06.137 14873 14873 D ViewRootImpl@5596e6a[HomeActivity]: Relayout returned: old=[0,0][0,0] new=[0,0][720,1280] result=0x7 surface={valid=true 533287165952} changed=true
09-02 10:55:06.138 14873 15052 I OpenGLRenderer: Initialized EGL, version 1.4
09-02 10:55:06.138 14873 15052 D OpenGLRenderer: Swap behavior 2
09-02 10:55:06.142 14873 15052 D libGLESv1: STS_GLApi : DTS, ODTC are not allowed for Package : org.mozilla.firefox
09-02 10:55:06.143 14873 15052 D mali_winsys: EGLint new_window_surface(egl_winsys_display *, void *, EGLSurface, EGLConfig, egl_winsys_surface **, egl_color_buffer_format *, EGLBoolean) returns 0x3000,  [720x1280]-format:1
09-02 10:55:06.143 14873 15052 D OpenGLRenderer: eglCreateWindowSurface = 0x7cdaba6c80
09-02 10:55:06.174  3979  4673 I ActivityManager: Displayed org.mozilla.firefox/org.mozilla.fenix.HomeActivity: +1s22ms (total +1s785ms)
09-02 10:55:06.174  3979  4673 I ActivityManager: Fully drawn org.mozilla.firefox/org.mozilla.fenix.HomeActivity: +1s22ms (total +1s785ms)
09-02 10:55:06.176  3462  3462 I SurfaceFlinger: id=1140 createSurf (720x1238),1 flag=4, SurfaceView - org.mozilla.firefox/org.mozilla.fenix.HomeActivity@c4e1af4@0#0
09-02 10:55:06.177  3462  3462 I SurfaceFlinger: id=1141 createSurf (720x1238),-1 flag=20004, Background for - SurfaceView - org.mozilla.firefox/org.mozilla.fenix.HomeActivity@c4e1af4@0#0
09-02 10:55:06.177 14873 14873 D SurfaceView: BG hide() Surface(name=Background for - SurfaceView - org.mozilla.firefox/org.mozilla.fenix.HomeActivity@c4e1af4@0) false true org.mozilla.gecko.MagnifiableSurfaceView{c4e1af4 V.E...... ......ID 0,0-720,1238}
09-02 10:55:06.181 14873 14873 V Surface : sf_framedrop debug : 0x4f4c, game : false, logging : 0
09-02 10:55:06.181 14873 14873 D SurfaceView: surfaceCreated 1 org.mozilla.gecko.MagnifiableSurfaceView{c4e1af4 V.E...... ......ID 0,0-720,1238}
09-02 10:55:06.181 14873 14873 D SurfaceView: surfaceChanged (720,1238) 1 org.mozilla.gecko.MagnifiableSurfaceView{c4e1af4 V.E...... ......ID 0,0-720,1238}
09-02 10:55:06.187  3979  4673 D ConnectivityService: filterNetworkStateForUid() uid: 10154 networkInfo: [type: WIFI[] - WIFI, state: CONNECTED/CONNECTED, reason: (unspecified), extra: "WiFi 69", failover: false, available: true, roaming: false, metered: false]
09-02 10:55:06.188  3979  4673 I chatty  : uid=1000(system) Binder:3979_C identical 1 line
09-02 10:55:06.189  3979  4673 D ConnectivityService: filterNetworkStateForUid() uid: 10154 networkInfo: [type: WIFI[] - WIFI, state: CONNECTED/CONNECTED, reason: (unspecified), extra: "WiFi 69", failover: false, available: true, roaming: false, metered: false]
09-02 10:55:06.190 14873 14873 I zygote64: Deoptimizing void kotlinx.coroutines.DispatchedTask.run() due to JIT inline cache
09-02 10:55:06.220  3979  4673 V WindowManager: Relayout Window{4c9903 u0 org.mozilla.firefox/org.mozilla.fenix.HomeActivity}: viewVisibility=0 req=720x1280 WM.LayoutParams{(0,0)(fillxfill) sim=#110 ty=1 fl=#81010100 pfl=0x20000 fmt=-3 wanim=0x7f1404fa vsysui=0x2610 needsMenuKey=2 colorMode=0 naviIconColor=0}
09-02 10:55:06.226 14873 14873 D ViewRootImpl@5596e6a[HomeActivity]: Relayout returned: old=[0,0][720,1280] new=[0,0][720,1280] result=0x3 surface={valid=true 533287165952} changed=false
