09-02 15:08:31.793 13168 13168 W ResourceType: For resource 0x7f15017c, entry index(380) is beyond type entryCount(281)
09-02 15:08:31.793 13168 13168 W ResourceType: For resource 0x7f15059d, entry index(1437) is beyond type entryCount(281)
09-02 15:08:31.793 13168 13168 W ResourceType: For resource 0x7f15020a, entry index(522) is beyond type entryCount(281)
09-02 15:08:31.793 13168 13168 W ResourceType: For resource 0x7f150586, entry index(1414) is beyond type entryCount(281)
09-02 15:08:31.793 13168 13168 W ResourceType: For resource 0x7f15071c, entry index(1820) is beyond type entryCount(281)
09-02 15:08:31.793 13168 13168 W ResourceType: For resource 0x7f1502af, entry index(687) is beyond type entryCount(281)
09-02 15:08:31.793 13168 13168 W ResourceType: For resource 0x7f150274, entry index(628) is beyond type entryCount(281)
09-02 15:08:31.793 13168 13168 W ResourceType: For resource 0x7f150244, entry index(580) is beyond type entryCount(281)
09-02 15:08:31.793 13168 13168 W ResourceType: For resource 0x7f150274, entry index(628) is beyond type entryCount(281)
09-02 15:08:31.793 13168 13168 W ResourceType: For resource 0x7f150372, entry index(882) is beyond type entryCount(281)
09-02 15:08:31.793 13168 13168 W ResourceType: For resource 0x7f15035b, entry index(859) is beyond type entryCount(281)
09-02 15:08:31.793 13168 13168 W ResourceType: For resource 0x7f15035c, entry index(860) is beyond type entryCount(281)
09-02 15:08:31.793 13168 13168 W ResourceType: For resource 0x7f1502ad, entry index(685) is beyond type entryCount(281)
09-02 15:08:31.793 13168 13168 W ResourceType: For resource 0x7f150565, entry index(1381) is beyond type entryCount(281)
09-02 15:08:31.793 13168 13168 W ResourceType: For resource 0x7f150567, entry index(1383) is beyond type entryCount(281)
09-02 15:08:31.793 13168 13168 W ResourceType: For resource 0x7f150241, entry index(577) is beyond type entryCount(281)
09-02 15:08:31.793 13168 13168 I chatty  : uid=10158(u0_a158) identical 4 lines
09-02 15:08:31.793 13168 13168 W ResourceType: For resource 0x7f150241, entry index(577) is beyond type entryCount(281)
09-02 15:08:31.794 13168 13168 W ResourceType: For resource 0x7f1505bf, entry index(1471) is beyond type entryCount(281)
09-02 15:08:31.794 13168 13168 W ResourceType: For resource 0x7f150728, entry index(1832) is beyond type entryCount(281)
09-02 15:08:31.794 13168 13168 W ResourceType: For resource 0x7f1505bf, entry index(1471) is beyond type entryCount(281)
09-02 15:08:31.794 13168 13168 W ResourceType: For resource 0x7f150728, entry index(1832) is beyond type entryCount(281)
09-02 15:08:31.794 13168 13168 W ResourceType: For resource 0x7f150241, entry index(577) is beyond type entryCount(281)
09-02 15:08:31.794 13168 13168 W ResourceType: For resource 0x7f1505bf, entry index(1471) is beyond type entryCount(281)
09-02 15:08:31.794 13168 13168 W ResourceType: For resource 0x7f150728, entry index(1832) is beyond type entryCount(281)
09-02 15:08:31.794 13168 13168 W ResourceType: For resource 0x7f1505bf, entry index(1471) is beyond type entryCount(281)
09-02 15:08:31.794 13168 13168 W ResourceType: For resource 0x7f150728, entry index(1832) is beyond type entryCount(281)
09-02 15:08:31.794 13168 13168 W ResourceType: For resource 0x7f1505bf, entry index(1471) is beyond type entryCount(281)
09-02 15:08:31.794 13168 13168 W ResourceType: For resource 0x7f150728, entry index(1832) is beyond type entryCount(281)
09-02 15:08:31.794 13168 13168 W ResourceType: For resource 0x7f1505bf, entry index(1471) is beyond type entryCount(281)
09-02 15:08:31.794 13168 13168 W ResourceType: For resource 0x7f150728, entry index(1832) is beyond type entryCount(281)
09-02 15:08:31.794 13168 13168 W ResourceType: For resource 0x7f1505bf, entry index(1471) is beyond type entryCount(281)
09-02 15:08:31.794 13168 13168 W ResourceType: For resource 0x7f150728, entry index(1832) is beyond type entryCount(281)
09-02 15:08:31.794 13168 13168 W ResourceType: For resource 0x7f1505bf, entry index(1471) is beyond type entryCount(281)
09-02 15:08:31.794 13168 13168 W ResourceType: For resource 0x7f150728, entry index(1832) is beyond type entryCount(281)
09-02 15:08:31.795 13168 13168 W ResourceType: For resource 0x7f15050e, entry index(1294) is beyond type entryCount(281)
09-02 15:08:31.795 13168 13168 W ResourceType: For resource 0x7f15061f, entry index(1567) is beyond type entryCount(281)
09-02 15:08:31.795 13168 13168 W ResourceType: For resource 0x7f15061f, entry index(1567) is beyond type entryCount(281)
09-02 15:08:31.795 13168 13168 W ResourceType: For resource 0x7f15058c, entry index(1420) is beyond type entryCount(281)
09-02 15:08:31.795 13168 13168 W ResourceType: For resource 0x7f150590, entry index(1424) is beyond type entryCount(281)
09-02 15:08:31.795 13168 13168 W ResourceType: For resource 0x7f15058e, entry index(1422) is beyond type entryCount(281)
09-02 15:08:31.795 13168 13168 W ResourceType: For resource 0x7f1504c3, entry index(1219) is beyond type entryCount(281)
09-02 15:08:31.795 13168 13168 W ResourceType: For resource 0x7f15059e, entry index(1438) is beyond type entryCount(281)
09-02 15:08:31.795 13168 13168 W ResourceType: For resource 0x7f150282, entry index(642) is beyond type entryCount(281)
09-02 15:08:31.795 13168 13168 W ResourceType: For resource 0x7f1504c3, entry index(1219) is beyond type entryCount(281)
09-02 15:08:31.795 13168 13168 W ResourceType: For resource 0x7f150719, entry index(1817) is beyond type entryCount(281)
09-02 15:08:31.795 13168 13168 W ResourceType: For resource 0x7f150578, entry index(1400) is beyond type entryCount(281)
09-02 15:08:31.795 13168 13168 W ResourceType: For resource 0x7f150284, entry index(644) is beyond type entryCount(281)
09-02 15:08:31.795 13168 13168 W ResourceType: For resource 0x7f150579, entry index(1401) is beyond type entryCount(281)
09-02 15:08:31.795 13168 13168 W ResourceType: For resource 0x7f1505e7, entry index(1511) is beyond type entryCount(281)
09-02 15:08:31.795 13168 13168 W ResourceType: For resource 0x7f15071e, entry index(1822) is beyond type entryCount(281)
09-02 15:08:31.795 13168 13168 I chatty  : uid=10158(u0_a158) identical 2 lines
09-02 15:08:31.795 13168 13168 W ResourceType: For resource 0x7f15071e, entry index(1822) is beyond type entryCount(281)
09-02 15:08:31.795 13168 13168 W ResourceType: For resource 0x7f150580, entry index(1408) is beyond type entryCount(281)
09-02 15:08:31.795 13168 13168 W ResourceType: For resource 0x7f15071e, entry index(1822) is beyond type entryCount(281)
09-02 15:08:31.795 13168 13168 W ResourceType: For resource 0x7f15017b, entry index(379) is beyond type entryCount(281)
09-02 15:08:31.795 13168 13168 W ResourceType: For resource 0x7f150283, entry index(643) is beyond type entryCount(281)
09-02 15:08:31.795 13168 13168 W ResourceType: For resource 0x7f1505a2, entry index(1442) is beyond type entryCount(281)
09-02 15:08:31.795 13168 13168 W ResourceType: For resource 0x7f1506f4, entry index(1780) is beyond type entryCount(281)
09-02 15:08:31.795 13168 13168 W ResourceType: For resource 0x7f150588, entry index(1416) is beyond type entryCount(281)
09-02 15:08:31.795 13168 13168 W ResourceType: For resource 0x7f15059f, entry index(1439) is beyond type entryCount(281)
09-02 15:08:31.795 13168 13168 W ResourceType: For resource 0x7f150649, entry index(1609) is beyond type entryCount(281)
09-02 15:08:31.795 13168 13168 W ResourceType: For resource 0x7f150442, entry index(1090) is beyond type entryCount(281)
09-02 15:08:31.795 13168 13168 W ResourceType: For resource 0x7f150718, entry index(1816) is beyond type entryCount(281)
09-02 15:08:31.795 13168 13168 W ResourceType: For resource 0x7f15017c, entry index(380) is beyond type entryCount(281)
09-02 15:08:31.795 13168 13168 W ResourceType: For resource 0x7f15059d, entry index(1437) is beyond type entryCount(281)
09-02 15:08:31.795 13168 13168 W ResourceType: For resource 0x7f15020a, entry index(522) is beyond type entryCount(281)
09-02 15:08:31.795 13168 13168 W ResourceType: For resource 0x7f150586, entry index(1414) is beyond type entryCount(281)
09-02 15:08:31.795 13168 13168 W ResourceType: For resource 0x7f15071c, entry index(1820) is beyond type entryCount(281)
09-02 15:08:31.795 13168 13168 W ResourceType: For resource 0x7f1502af, entry index(687) is beyond type entryCount(281)
09-02 15:08:31.795 13168 13168 W ResourceType: For resource 0x7f150274, entry index(628) is beyond type entryCount(281)
09-02 15:08:31.795 13168 13168 W ResourceType: For resource 0x7f150244, entry index(580) is beyond type entryCount(281)
09-02 15:08:31.795 13168 13168 W ResourceType: For resource 0x7f150274, entry index(628) is beyond type entryCount(281)
09-02 15:08:31.795 13168 13168 W ResourceType: For resource 0x7f150372, entry index(882) is beyond type entryCount(281)
09-02 15:08:31.795 13168 13168 W ResourceType: For resource 0x7f15035b, entry index(859) is beyond type entryCount(281)
09-02 15:08:31.795 13168 13168 W ResourceType: For resource 0x7f15035c, entry index(860) is beyond type entryCount(281)
09-02 15:08:31.795 13168 13168 W ResourceType: For resource 0x7f1502ad, entry index(685) is beyond type entryCount(281)
09-02 15:08:31.795 13168 13168 W ResourceType: For resource 0x7f150565, entry index(1381) is beyond type entryCount(281)
09-02 15:08:31.795 13168 13168 W ResourceType: For resource 0x7f150567, entry index(1383) is beyond type entryCount(281)
09-02 15:08:31.796 13168 13168 W ResourceType: For resource 0x7f1505bd, entry index(1469) is beyond type entryCount(281)
09-02 15:08:31.796 13168 13168 I chatty  : uid=10158(u0_a158) identical 6 lines
09-02 15:08:31.796 13168 13168 W ResourceType: For resource 0x7f1505bd, entry index(1469) is beyond type entryCount(281)
09-02 15:08:31.800  3462  3462 I SurfaceFlinger: id=2647 createSurf (720x1280),4 flag=404, SurfaceView - com.opera.browser/com.opera.Opera@5090ab2@0#0
09-02 15:08:31.805  3462  3462 I SurfaceFlinger: id=2648 createSurf (720x1280),-1 flag=20404, Background for - SurfaceView - com.opera.browser/com.opera.Opera@5090ab2@0#0
09-02 15:08:31.805 13168 13168 D SurfaceView: BG show() Surface(name=Background for - SurfaceView - com.opera.browser/com.opera.Opera@5090ab2@0) android.view.SurfaceView{5090ab2 V.E...... ......ID 0,0-720,1280}
09-02 15:08:31.818 13168 13168 V Surface : sf_framedrop debug : 0x4f4c, game : false, logging : 0
09-02 15:08:31.818 13168 13168 D SurfaceView: surfaceCreated 1 android.view.SurfaceView{5090ab2 V.E...... ......ID 0,0-720,1280}
09-02 15:08:31.818 13168 13168 D SurfaceView: surfaceChanged (720,1280) 1 android.view.SurfaceView{5090ab2 V.E...... ......ID 0,0-720,1280}
09-02 15:08:31.823 13462 13462 W ResourceType: For resource 0x7f0c0068, entry index(104) is beyond type entryCount(100)
09-02 15:08:31.828 13168 13480 I zygote  : Deoptimizing boolean g87.m(long) due to JIT inline cache
09-02 15:08:31.847 13355 13377 V Surface : sf_framedrop debug : 0x4f4c, game : false, logging : 0
09-02 15:08:31.848 13355 13377 D mali_winsys: EGLint new_window_surface(egl_winsys_display *, void *, EGLSurface, EGLConfig, egl_winsys_surface **, egl_color_buffer_format *, EGLBoolean) returns 0x3000,  [720x1280]-format:1
09-02 15:08:31.855  3979  4522 D ConnectivityService: filterNetworkStateForUid() uid: 10158 networkInfo: [type: WIFI[] - WIFI, state: CONNECTED/CONNECTED, reason: (unspecified), extra: "WiFi 69", failover: false, available: true, roaming: false, metered: false]
09-02 15:08:31.864  3979  4522 D PackageManager: setEnabledSetting : userId = 0 packageName = com.opera.browser cmp = com.opera.android.readlater.MigrationBroadcastReceiver newState = 2 callingPackage = 10158/com.opera.browser
09-02 15:08:31.869 10264 15993 I FontLog : Received query Noto Color Emoji Compat, URI content://com.google.android.gms.fonts [CONTEXT service_id=132 ]
09-02 15:08:31.870 10264 15993 I FontLog : Query [emojicompat-emoji-font] resolved to {Noto Color Emoji Compat, wdth 100.0, wght 400, ital 0.0, bestEffort false} [CONTEXT service_id=132 ]
09-02 15:08:31.872 10264 15993 I FontLog : Fetch {Noto Color Emoji Compat, wdth 100.0, wght 400, ital 0.0, bestEffort false} end status Status{statusCode=SUCCESS, resolution=null} [CONTEXT service_id=132 ]
09-02 15:08:31.873  3979  3994 D ConnectivityService: filterNetworkStateForUid() uid: 1000 networkInfo: [type: WIFI[] - WIFI, state: CONNECTED/CONNECTED, reason: (unspecified), extra: "WiFi 69", failover: false, available: true, roaming: false, metered: false]
09-02 15:08:31.879 13168 13168 I zygote  : Deoptimizing java.lang.Object gs4.a() due to JIT inline cache
09-02 15:08:31.880  3979  3994 D ConnectivityService: filterNetworkStateForUid() uid: 1000 networkInfo: [type: WIFI[] - WIFI, state: CONNECTED/CONNECTED, reason: (unspecified), extra: "WiFi 69", failover: false, available: true, roaming: false, metered: false]
09-02 15:08:31.881 10264 15993 I FontLog : Pulling font file for id = 1271, cache size = 4 [CONTEXT service_id=132 ]
09-02 15:08:31.886  3979  3994 D SyncManager: failed sync operation JobId: 109703, com.opera.browser u0 (com.opera.browser.ping), com.opera.browser.ping.provider, SERVER, reason: 10158, SyncResult: delayUntil: 1693667311 stats [ numIoExceptions: 1]
09-02 15:08:31.888  3979  3994 D ConnectivityService: filterNetworkStateForUid() uid: 10158 networkInfo: [type: WIFI[] - WIFI, state: CONNECTED/CONNECTED, reason: (unspecified), extra: "WiFi 69", failover: false, available: true, roaming: false, metered: false]
09-02 15:08:31.890  3979  4668 D ConnectivityService: filterNetworkStateForUid() uid: 10025 networkInfo: [type: WIFI[] - WIFI, state: CONNECTED/CONNECTED, reason: (unspecified), extra: "WiFi 69", failover: false, available: true, roaming: false, metered: false]
09-02 15:08:31.891  3979  3994 D SamsungAlarmManager: setInexact Listener (T:2/F:0/AC:false) 20230902T150904 - CU:1000/CP:3979
09-02 15:08:31.891  3979  3994 I SamsungAlarmManager: setLocked to kernel - T:2 / 20230902T150904, SetElapsed=105325814, nowELAPSED=105293323
09-02 15:08:31.894  3979  3994 I SamsungAlarmManager: setLocked to kernel - T:2 / 20230902T151038, SetElapsed=105419551, nowELAPSED=105293326
09-02 15:08:31.894  3979  3994 D SamsungAlarmManager: setInexact Listener (T:2/F:0/AC:false) 20230902T151207 - CU:1000/CP:3979
09-02 15:08:31.897  3979  3994 D SamsungAlarmManager: setInexact Listener (T:2/F:0/AC:false) 20230902T151207 - CU:1000/CP:3979
09-02 15:08:31.897 10264 15993 I FontLog : Pulling font file for id = 1271, cache size = 4 [CONTEXT service_id=132 ]
09-02 15:08:31.912  3979  3994 D ConnectivityService: filterNetworkStateForUid() uid: 1000 networkInfo: [type: WIFI[] - WIFI, state: CONNECTED/CONNECTED, reason: (unspecified), extra: "WiFi 69", failover: false, available: true, roaming: false, metered: false]
09-02 15:08:31.919  3979  3994 D ConnectivityService: filterNetworkStateForUid() uid: 10158 networkInfo: [type: WIFI[] - WIFI, state: CONNECTED/CONNECTED, reason: (unspecified), extra: "WiFi 69", failover: false, available: true, roaming: false, metered: false]
09-02 15:08:31.943 10264 15993 I FontLog : Received query name=Google Sans&weight=700&besteffort=false, URI content://com.google.android.gms.fonts [CONTEXT service_id=132 ]
09-02 15:08:31.943 10264 15993 I FontLog : Query [name=Google Sans&weight=700&besteffort=false] resolved to {Google Sans, wdth 100.0, wght 700, ital 0.0, bestEffort false} [CONTEXT service_id=132 ]
09-02 15:08:31.945 10264 15993 I FontLog : Fetch {Google Sans, wdth 100.0, wght 700, ital 0.0, bestEffort false} end status Status{statusCode=SUCCESS, resolution=null} [CONTEXT service_id=132 ]
09-02 15:08:31.949 13168 13168 W ResourceType: For resource 0x7f15050e, entry index(1294) is beyond type entryCount(281)
09-02 15:08:31.949 13168 13168 W ResourceType: For resource 0x7f15061f, entry index(1567) is beyond type entryCount(281)
09-02 15:08:31.949 13168 13168 W ResourceType: For resource 0x7f15061f, entry index(1567) is beyond type entryCount(281)
09-02 15:08:31.949 13168 13168 W ResourceType: For resource 0x7f15058c, entry index(1420) is beyond type entryCount(281)
09-02 15:08:31.949 13168 13168 W ResourceType: For resource 0x7f150590, entry index(1424) is beyond type entryCount(281)
09-02 15:08:31.949 13168 13168 W ResourceType: For resource 0x7f15058e, entry index(1422) is beyond type entryCount(281)
09-02 15:08:31.949 13168 13168 W ResourceType: For resource 0x7f1504c3, entry index(1219) is beyond type entryCount(281)
09-02 15:08:31.949 13168 13168 W ResourceType: For resource 0x7f15059e, entry index(1438) is beyond type entryCount(281)
09-02 15:08:31.949 13168 13168 W ResourceType: For resource 0x7f150282, entry index(642) is beyond type entryCount(281)
09-02 15:08:31.949 13168 13168 W ResourceType: For resource 0x7f1504c3, entry index(1219) is beyond type entryCount(281)
09-02 15:08:31.949 13168 13168 W ResourceType: For resource 0x7f150719, entry index(1817) is beyond type entryCount(281)
09-02 15:08:31.949 13168 13168 W ResourceType: For resource 0x7f150578, entry index(1400) is beyond type entryCount(281)
09-02 15:08:31.949 13168 13168 W ResourceType: For resource 0x7f150284, entry index(644) is beyond type entryCount(281)
09-02 15:08:31.949 13168 13168 W ResourceType: For resource 0x7f150579, entry index(1401) is beyond type entryCount(281)
09-02 15:08:31.949 13168 13168 W ResourceType: For resource 0x7f1505e7, entry index(1511) is beyond type entryCount(281)
09-02 15:08:31.949 13168 13168 W ResourceType: For resource 0x7f15071e, entry index(1822) is beyond type entryCount(281)
09-02 15:08:31.949 13168 13168 I chatty  : uid=10158(u0_a158) identical 2 lines
09-02 15:08:31.949 13168 13168 W ResourceType: For resource 0x7f15071e, entry index(1822) is beyond type entryCount(281)
09-02 15:08:31.949 13168 13168 W ResourceType: For resource 0x7f150580, entry index(1408) is beyond type entryCount(281)
09-02 15:08:31.949 13168 13168 W ResourceType: For resource 0x7f15071e, entry index(1822) is beyond type entryCount(281)
09-02 15:08:31.949 13168 13168 W ResourceType: For resource 0x7f15017b, entry index(379) is beyond type entryCount(281)
09-02 15:08:31.949 13168 13168 W ResourceType: For resource 0x7f150283, entry index(643) is beyond type entryCount(281)
09-02 15:08:31.949 13168 13168 W ResourceType: For resource 0x7f1505a2, entry index(1442) is beyond type entryCount(281)
09-02 15:08:31.949 13168 13168 W ResourceType: For resource 0x7f1506f4, entry index(1780) is beyond type entryCount(281)
09-02 15:08:31.949 13168 13168 W ResourceType: For resource 0x7f150588, entry index(1416) is beyond type entryCount(281)
09-02 15:08:31.949 13168 13168 W ResourceType: For resource 0x7f15059f, entry index(1439) is beyond type entryCount(281)
09-02 15:08:31.949 13168 13168 W ResourceType: For resource 0x7f150649, entry index(1609) is beyond type entryCount(281)
09-02 15:08:31.949 13168 13168 W ResourceType: For resource 0x7f150442, entry index(1090) is beyond type entryCount(281)
09-02 15:08:31.949 13168 13168 W ResourceType: For resource 0x7f150718, entry index(1816) is beyond type entryCount(281)
09-02 15:08:31.949 13168 13168 W ResourceType: For resource 0x7f15017c, entry index(380) is beyond type entryCount(281)
09-02 15:08:31.949 13168 13168 W ResourceType: For resource 0x7f15059d, entry index(1437) is beyond type entryCount(281)
09-02 15:08:31.949 13168 13168 W ResourceType: For resource 0x7f15020a, entry index(522) is beyond type entryCount(281)
09-02 15:08:31.949 13168 13168 W ResourceType: For resource 0x7f150586, entry index(1414) is beyond type entryCount(281)
09-02 15:08:31.949 13168 13168 W ResourceType: For resource 0x7f15071c, entry index(1820) is beyond type entryCount(281)
09-02 15:08:31.949 13168 13168 W ResourceType: For resource 0x7f1502af, entry index(687) is beyond type entryCount(281)
09-02 15:08:31.949 13168 13168 W ResourceType: For resource 0x7f150274, entry index(628) is beyond type entryCount(281)
09-02 15:08:31.949 13168 13168 W ResourceType: For resource 0x7f150244, entry index(580) is beyond type entryCount(281)
09-02 15:08:31.949 13168 13168 W ResourceType: For resource 0x7f150274, entry index(628) is beyond type entryCount(281)
09-02 15:08:31.949 13168 13168 W ResourceType: For resource 0x7f150372, entry index(882) is beyond type entryCount(281)
09-02 15:08:31.949 13168 13168 W ResourceType: For resource 0x7f15035b, entry index(859) is beyond type entryCount(281)
09-02 15:08:31.949 13168 13168 W ResourceType: For resource 0x7f15035c, entry index(860) is beyond type entryCount(281)
09-02 15:08:31.949 13168 13168 W ResourceType: For resource 0x7f1502ad, entry index(685) is beyond type entryCount(281)
09-02 15:08:31.949 13168 13168 W ResourceType: For resource 0x7f150565, entry index(1381) is beyond type entryCount(281)
09-02 15:08:31.950 13168 13168 W ResourceType: For resource 0x7f150567, entry index(1383) is beyond type entryCount(281)
09-02 15:08:31.952 10264 15993 I FontLog : Pulling font file for id = 1272, cache size = 4 [CONTEXT service_id=132 ]
09-02 15:08:31.958 10264 15993 I FontLog : Received query name=Noto Color Emoji Compat&weight=400&besteffort=false, URI content://com.google.android.gms.fonts [CONTEXT service_id=132 ]
09-02 15:08:31.958 10264 15993 I FontLog : Query [name=Noto Color Emoji Compat&weight=400&besteffort=false] resolved to {Noto Color Emoji Compat, wdth 100.0, wght 400, ital 0.0, bestEffort false} [CONTEXT service_id=132 ]
09-02 15:08:31.961 10264 15993 I FontLog : Fetch {Noto Color Emoji Compat, wdth 100.0, wght 400, ital 0.0, bestEffort false} end status Status{statusCode=SUCCESS, resolution=null} [CONTEXT service_id=132 ]
09-02 15:08:31.963  7505  7526 I Finsky  : [2053] ncc.l(14): com.opera.browser: Account determined from installer data - [U-iik75Til66Sqc4rcg2VQIPTcVEABCt30QhmAx4030]
09-02 15:08:31.964  7505  7526 I Finsky  : [2053] ncc.l(61): Billing preferred account via installer for com.opera.browser: [U-iik75Til66Sqc4rcg2VQIPTcVEABCt30QhmAx4030]
09-02 15:08:31.966 10264 15993 I FontLog : Pulling font file for id = 1273, cache size = 4 [CONTEXT service_id=132 ]
09-02 15:08:31.966  7505  7526 W Finsky  : [2053] hgm.i(10): Unsupported billing API version: 19
09-02 15:08:31.971  7505  7526 I Finsky  : [2053] ncc.l(14): com.opera.browser: Account determined from installer data - [U-iik75Til66Sqc4rcg2VQIPTcVEABCt30QhmAx4030]
09-02 15:08:31.971  3979  9236 V WindowManager: Relayout Window{433f502 u0 com.opera.browser/com.opera.Opera}: viewVisibility=0 req=720x1280 WM.LayoutParams{(0,0)(fillxfill) sim=#10 ty=1 fl=#89810100 pfl=0x20000 fmt=-3 wanim=0x10302fd vsysui=0x2700 sysuil=true needsMenuKey=2 colorMode=0 naviIconColor=0}
09-02 15:08:31.971 10264 15993 I FontLog : Received query name=Google Sans&weight=400&besteffort=false, URI content://com.google.android.gms.fonts [CONTEXT service_id=132 ]
09-02 15:08:31.972  7505  7526 I Finsky  : [2053] ncc.l(61): Billing preferred account via installer for com.opera.browser: [U-iik75Til66Sqc4rcg2VQIPTcVEABCt30QhmAx4030]
09-02 15:08:31.972 10264 15993 I FontLog : Query [name=Google Sans&weight=400&besteffort=false] resolved to {Google Sans, wdth 100.0, wght 400, ital 0.0, bestEffort false} [CONTEXT service_id=132 ]
09-02 15:08:31.973  7505  7526 W Finsky  : [2053] hgm.i(10): Unsupported billing API version: 18
09-02 15:08:31.973 10264 15993 I FontLog : Font PFD returned from cache for {Google Sans, wdth 100.0, wght 400, ital 0.0, bestEffort false} [CONTEXT service_id=132 ]
09-02 15:08:31.974 10264 15993 I FontLog : Fetch {Google Sans, wdth 100.0, wght 400, ital 0.0, bestEffort false} end status Status{statusCode=SUCCESS, resolution=null} [CONTEXT service_id=132 ]
09-02 15:08:31.976  7505  7526 I Finsky  : [2053] ncc.l(14): com.opera.browser: Account determined from installer data - [U-iik75Til66Sqc4rcg2VQIPTcVEABCt30QhmAx4030]
09-02 15:08:31.977  7505  7526 I Finsky  : [2053] ncc.l(61): Billing preferred account via installer for com.opera.browser: [U-iik75Til66Sqc4rcg2VQIPTcVEABCt30QhmAx4030]
09-02 15:08:31.978 13168 13168 D ViewRootImpl@81f08a[Opera]: Relayout returned: old=[0,0][720,1280] new=[0,0][720,1280] result=0x1 surface={valid=true 3286382592} changed=false
09-02 15:08:31.980 13168 13168 W View    : requestLayout() improperly called by android.widget.FrameLayout{737e683 VFE...C.. ......ID 236,999-713,1175 #7f0a01ca app:id/content} during layout: running second layout pass
09-02 15:08:31.980 13168 13168 I ViewRootImpl@81f08a[Opera]: requestLayout is already in process
09-02 15:08:31.980  7505  7526 I Finsky  : [2053] ncc.l(14): com.opera.browser: Account determined from installer data - [U-iik75Til66Sqc4rcg2VQIPTcVEABCt30QhmAx4030]
09-02 15:08:31.981  7505  7526 I Finsky  : [2053] ncc.l(61): Billing preferred account via installer for com.opera.browser: [U-iik75Til66Sqc4rcg2VQIPTcVEABCt30QhmAx4030]
09-02 15:08:31.982 10264 15993 I FontLog : Pulling font file for id = 1274, cache size = 5 [CONTEXT service_id=132 ]
09-02 15:08:31.982  7505  7526 W Finsky  : [2053] hgm.i(10): Unsupported billing API version: 19
09-02 15:08:31.986  7505  7526 I Finsky  : [2053] ncc.l(14): com.opera.browser: Account determined from installer data - [U-iik75Til66Sqc4rcg2VQIPTcVEABCt30QhmAx4030]
09-02 15:08:31.987  3462  3462 I SurfaceFlinger: Display 0 HWC layers:
09-02 15:08:31.987  3462  3462 I SurfaceFlinger:     type    |    handle    | flag |  format   |   source crop (l,t,r,b)    |         frame       | name 
09-02 15:08:31.987  3462  3462 I SurfaceFlinger: ------------+--------------+------+-----------+----------------------------+---------------------+------
09-02 15:08:31.987  3462  3462 I SurfaceFlinger:      Device | 0x7ac4c24780 | 0002 | RGBA_8888 |   0.0    0.0  720.0 1280.0 |    0    0  720 1280 | SurfaceView - com.opera.browser/com.opera.Opera@5090ab2@0#0
09-02 15:08:31.987  3462  3462 I SurfaceFlinger:      Device | 0x7ac4c24d80 | 0000 | RGBA_8888 |   0.0    0.0  720.0 1280.0 |    0    0  720 1280 | com.opera.browser/com.opera.Opera#0
09-02 15:08:31.987  3462  3462 I SurfaceFlinger:      Device | 0x7abe64b980 | 0000 | RGBA_8888 |   0.0    0.0  720.0   42.0 |    0    0  720   42 | StatusBar#0
09-02 15:08:31.987  3462  3462 I SurfaceFlinger: 
09-02 15:08:31.987  7505  7526 I Finsky  : [2053] ncc.l(61): Billing preferred account via installer for com.opera.browser: [U-iik75Til66Sqc4rcg2VQIPTcVEABCt30QhmAx4030]
09-02 15:08:31.989  7505  7526 W Finsky  : [2053] hgm.i(10): Unsupported billing API version: 18
09-02 15:08:31.990 10264 15993 I FontLog : Received query name=Google Sans&weight=500&besteffort=false, URI content://com.google.android.gms.fonts [CONTEXT service_id=132 ]
09-02 15:08:31.991 10264 15993 I FontLog : Query [name=Google Sans&weight=500&besteffort=false] resolved to {Google Sans, wdth 100.0, wght 500, ital 0.0, bestEffort false} [CONTEXT service_id=132 ]
09-02 15:08:31.994  7505  7526 I Finsky  : [2053] ncc.l(14): com.opera.browser: Account determined from installer data - [U-iik75Til66Sqc4rcg2VQIPTcVEABCt30QhmAx4030]
09-02 15:08:31.995  7505  7526 I Finsky  : [2053] ncc.l(61): Billing preferred account via installer for com.opera.browser: [U-iik75Til66Sqc4rcg2VQIPTcVEABCt30QhmAx4030]
09-02 15:08:31.996 10264 15993 I FontLog : Font PFD returned from cache for {Google Sans, wdth 100.0, wght 500, ital 0.0, bestEffort false} [CONTEXT service_id=132 ]
09-02 15:08:31.997 10264 15993 I FontLog : Fetch {Google Sans, wdth 100.0, wght 500, ital 0.0, bestEffort false} end status Status{statusCode=SUCCESS, resolution=null} [CONTEXT service_id=132 ]
09-02 15:08:32.003 13168 13168 I zygote  : Deoptimizing boolean ks4.a(java.util.AbstractCollection, java.util.Iterator) due to JIT inline cache
09-02 15:08:32.005 10264 15993 I FontLog : Pulling font file for id = 1275, cache size = 6 [CONTEXT service_id=132 ]
09-02 15:08:32.012  7505  7526 I Finsky  : [2053] ncc.l(14): com.opera.browser: Account determined from installer data - [U-iik75Til66Sqc4rcg2VQIPTcVEABCt30QhmAx4030]
09-02 15:08:32.013  7505  7526 I Finsky  : [2053] ncc.l(61): Billing preferred account via installer for com.opera.browser: [U-iik75Til66Sqc4rcg2VQIPTcVEABCt30QhmAx4030]
09-02 15:08:32.041  3979  9236 D ConnectivityService: filterNetworkStateForUid() uid: 10158 networkInfo: [type: WIFI[] - WIFI, state: CONNECTED/CONNECTED, reason: (unspecified), extra: "WiFi 69", failover: false, available: true, roaming: false, metered: false]
09-02 15:08:32.043 13355 13500 W AudioCapabilities: Unsupported mime audio/mpeg-L1
09-02 15:08:32.044 13355 13500 W AudioCapabilities: Unsupported mime audio/mpeg-L2
09-02 15:08:32.047 13355 13500 W AudioCapabilities: Unsupported mime audio/x-ms-wma
09-02 15:08:32.048 13355 13500 W AudioCapabilities: Unsupported mime audio/x-ima
09-02 15:08:32.057 13355 13500 W VideoCapabilities: Unrecognized profile 2130706433 for video/avc
09-02 15:08:32.058 13355 13500 W VideoCapabilities: Unrecognized profile 2130706434 for video/avc
09-02 15:08:32.061 13355 13500 W VideoCapabilities: Unrecognized profile 2130706433 for video/avc
09-02 15:08:32.061 13355 13500 W VideoCapabilities: Unrecognized profile 2130706434 for video/avc
09-02 15:08:32.081 13355 13500 W VideoCapabilities: Unsupported mime video/wvc1
09-02 15:08:32.085  3979  9236 D ConnectivityService: filterNetworkStateForUid() uid: 10158 networkInfo: [type: WIFI[] - WIFI, state: CONNECTED/CONNECTED, reason: (unspecified), extra: "WiFi 69", failover: false, available: true, roaming: false, metered: false]
09-02 15:08:32.085 13355 13500 W VideoCapabilities: Unsupported mime video/x-ms-wmv
09-02 15:08:32.091 13355 13500 W VideoCapabilities: Unrecognized profile 2130706433 for video/avc
09-02 15:08:32.091 13355 13500 W VideoCapabilities: Unrecognized profile 2130706434 for video/avc
09-02 15:08:32.094 13355 13500 W VideoCapabilities: Unsupported mime video/avc-wfd
09-02 15:08:32.097  3614  3927 D DnsProxyListener: DNSDBG::dns addrinfo af 2
09-02 15:08:32.101 13168 13168 W ResourceType: For resource 0x7f150274, entry index(628) is beyond type entryCount(281)
09-02 15:08:32.101 13168 13168 W ResourceType: For resource 0x7f150274, entry index(628) is beyond type entryCount(281)
09-02 15:08:32.101 13168 13168 W ResourceType: For resource 0x7f1503d5, entry index(981) is beyond type entryCount(281)
09-02 15:08:32.101 13168 13168 W ResourceType: For resource 0x7f1503c0, entry index(960) is beyond type entryCount(281)
09-02 15:08:32.127 13168 13168 W ResourceType: For resource 0x7f150278, entry index(632) is beyond type entryCount(281)
09-02 15:08:32.127 13168 13168 W ResourceType: For resource 0x7f150278, entry index(632) is beyond type entryCount(281)
09-02 15:08:32.128 13168 13168 W ResourceType: For resource 0x7f15050e, entry index(1294) is beyond type entryCount(281)
09-02 15:08:32.128 13168 13168 W ResourceType: For resource 0x7f15061f, entry index(1567) is beyond type entryCount(281)
09-02 15:08:32.128 13168 13168 W ResourceType: For resource 0x7f15061f, entry index(1567) is beyond type entryCount(281)
09-02 15:08:32.128 13168 13168 W ResourceType: For resource 0x7f15058c, entry index(1420) is beyond type entryCount(281)
09-02 15:08:32.128 13168 13168 W ResourceType: For resource 0x7f150590, entry index(1424) is beyond type entryCount(281)
09-02 15:08:32.128 13168 13168 W ResourceType: For resource 0x7f15058e, entry index(1422) is beyond type entryCount(281)
09-02 15:08:32.128 13168 13168 W ResourceType: For resource 0x7f1504c3, entry index(1219) is beyond type entryCount(281)
09-02 15:08:32.128 13168 13168 W ResourceType: For resource 0x7f15059e, entry index(1438) is beyond type entryCount(281)
09-02 15:08:32.128 13168 13168 W ResourceType: For resource 0x7f150282, entry index(642) is beyond type entryCount(281)
09-02 15:08:32.128 13168 13168 W ResourceType: For resource 0x7f1504c3, entry index(1219) is beyond type entryCount(281)
09-02 15:08:32.128 13168 13168 W ResourceType: For resource 0x7f150719, entry index(1817) is beyond type entryCount(281)
09-02 15:08:32.128 13168 13168 W ResourceType: For resource 0x7f150578, entry index(1400) is beyond type entryCount(281)
09-02 15:08:32.128 13168 13168 W ResourceType: For resource 0x7f150284, entry index(644) is beyond type entryCount(281)
09-02 15:08:32.128 13168 13168 W ResourceType: For resource 0x7f150579, entry index(1401) is beyond type entryCount(281)
09-02 15:08:32.128 13168 13168 W ResourceType: For resource 0x7f1505e7, entry index(1511) is beyond type entryCount(281)
09-02 15:08:32.128 13168 13168 W ResourceType: For resource 0x7f15071e, entry index(1822) is beyond type entryCount(281)
09-02 15:08:32.128 13168 13168 I chatty  : uid=10158(u0_a158) identical 2 lines
09-02 15:08:32.128 13168 13168 W ResourceType: For resource 0x7f15071e, entry index(1822) is beyond type entryCount(281)
09-02 15:08:32.128 13168 13168 W ResourceType: For resource 0x7f150580, entry index(1408) is beyond type entryCount(281)
09-02 15:08:32.128 13168 13168 W ResourceType: For resource 0x7f15071e, entry index(1822) is beyond type entryCount(281)
09-02 15:08:32.128 13168 13168 W ResourceType: For resource 0x7f15017b, entry index(379) is beyond type entryCount(281)
09-02 15:08:32.128 13168 13168 W ResourceType: For resource 0x7f150283, entry index(643) is beyond type entryCount(281)
09-02 15:08:32.128 13168 13168 W ResourceType: For resource 0x7f1505a2, entry index(1442) is beyond type entryCount(281)
09-02 15:08:32.128 13168 13168 W ResourceType: For resource 0x7f1506f4, entry index(1780) is beyond type entryCount(281)
09-02 15:08:32.128 13168 13168 W ResourceType: For resource 0x7f150588, entry index(1416) is beyond type entryCount(281)
09-02 15:08:32.128 13168 13168 W ResourceType: For resource 0x7f15059f, entry index(1439) is beyond type entryCount(281)
09-02 15:08:32.128 13168 13168 W ResourceType: For resource 0x7f150649, entry index(1609) is beyond type entryCount(281)
09-02 15:08:32.128 13168 13168 W ResourceType: For resource 0x7f150442, entry index(1090) is beyond type entryCount(281)
09-02 15:08:32.128 13168 13168 W ResourceType: For resource 0x7f150718, entry index(1816) is beyond type entryCount(281)
09-02 15:08:32.128 13168 13168 W ResourceType: For resource 0x7f15017c, entry index(380) is beyond type entryCount(281)
09-02 15:08:32.128 13168 13168 W ResourceType: For resource 0x7f15059d, entry index(1437) is beyond type entryCount(281)
09-02 15:08:32.128 13168 13168 W ResourceType: For resource 0x7f15020a, entry index(522) is beyond type entryCount(281)
09-02 15:08:32.128 13168 13168 W ResourceType: For resource 0x7f150586, entry index(1414) is beyond type entryCount(281)
09-02 15:08:32.128 13168 13168 W ResourceType: For resource 0x7f15071c, entry index(1820) is beyond type entryCount(281)
09-02 15:08:32.128 13168 13168 W ResourceType: For resource 0x7f1502af, entry index(687) is beyond type entryCount(281)
09-02 15:08:32.128 13168 13168 W ResourceType: For resource 0x7f150274, entry index(628) is beyond type entryCount(281)
09-02 15:08:32.128 13168 13168 W ResourceType: For resource 0x7f150244, entry index(580) is beyond type entryCount(281)
09-02 15:08:32.128 13168 13168 W ResourceType: For resource 0x7f150274, entry index(628) is beyond type entryCount(281)
09-02 15:08:32.128 13168 13168 W ResourceType: For resource 0x7f150372, entry index(882) is beyond type entryCount(281)
09-02 15:08:32.128 13168 13168 W ResourceType: For resource 0x7f15035b, entry index(859) is beyond type entryCount(281)
09-02 15:08:32.128 13168 13168 W ResourceType: For resource 0x7f15035c, entry index(860) is beyond type entryCount(281)
09-02 15:08:32.128 13168 13168 W ResourceType: For resource 0x7f1502ad, entry index(685) is beyond type entryCount(281)
09-02 15:08:32.128 13168 13168 W ResourceType: For resource 0x7f150565, entry index(1381) is beyond type entryCount(281)
09-02 15:08:32.128 13168 13168 W ResourceType: For resource 0x7f150567, entry index(1383) is beyond type entryCount(281)
09-02 15:08:32.129 13168 13168 W ResourceType: For resource 0x7f150278, entry index(632) is beyond type entryCount(281)
09-02 15:08:32.129 13168 13168 I chatty  : uid=10158(u0_a158) identical 3 lines
09-02 15:08:32.129 13168 13168 W ResourceType: For resource 0x7f150278, entry index(632) is beyond type entryCount(281)
09-02 15:08:32.130 13168 13168 W ResourceType: For resource 0x7f150728, entry index(1832) is beyond type entryCount(281)
09-02 15:08:32.130 13168 13168 I chatty  : uid=10158(u0_a158) identical 6 lines
09-02 15:08:32.130 13168 13168 W ResourceType: For resource 0x7f150728, entry index(1832) is beyond type entryCount(281)
09-02 15:08:32.135 13168 13168 W ResourceType: For resource 0x7f1506f1, entry index(1777) is beyond type entryCount(281)
09-02 15:08:32.135 13168 13168 W ResourceType: For resource 0x7f1505fc, entry index(1532) is beyond type entryCount(281)
09-02 15:08:32.135 13168 13168 W ResourceType: For resource 0x7f150141, entry index(321) is beyond type entryCount(281)
09-02 15:08:32.135 13168 13168 W ResourceType: For resource 0x7f150153, entry index(339) is beyond type entryCount(281)
09-02 15:08:32.135 13168 13168 W ResourceType: For resource 0x7f1504f8, entry index(1272) is beyond type entryCount(281)
09-02 15:08:32.135 13168 13168 W ResourceType: For resource 0x7f1504f8, entry index(1272) is beyond type entryCount(281)
09-02 15:08:32.136 13168 13168 W ResourceType: For resource 0x7f150264, entry index(612) is beyond type entryCount(281)
09-02 15:08:32.136 13168 13168 W ResourceType: For resource 0x7f150264, entry index(612) is beyond type entryCount(281)
09-02 15:08:32.136 13168 13168 W ResourceType: For resource 0x7f1503cd, entry index(973) is beyond type entryCount(281)
09-02 15:08:32.136 13168 13168 W ResourceType: For resource 0x7f1503bc, entry index(956) is beyond type entryCount(281)
09-02 15:08:32.136 13168 13168 W ResourceType: For resource 0x7f150348, entry index(840) is beyond type entryCount(281)
09-02 15:08:32.137 13355 13500 I VideoCapabilities: Unsupported profile 4 for video/mp4v-es
09-02 15:08:32.137 13168 13168 W ResourceType: For resource 0x7f150264, entry index(612) is beyond type entryCount(281)
09-02 15:08:32.139 13168 13168 W ResourceType: For resource 0x7f15050e, entry index(1294) is beyond type entryCount(281)
09-02 15:08:32.139 13168 13168 W ResourceType: For resource 0x7f15061f, entry index(1567) is beyond type entryCount(281)
09-02 15:08:32.139 13168 13168 W ResourceType: For resource 0x7f15061f, entry index(1567) is beyond type entryCount(281)
09-02 15:08:32.139 13168 13168 W ResourceType: For resource 0x7f15058c, entry index(1420) is beyond type entryCount(281)
09-02 15:08:32.139 13168 13168 W ResourceType: For resource 0x7f150590, entry index(1424) is beyond type entryCount(281)
09-02 15:08:32.139 13168 13168 W ResourceType: For resource 0x7f15058e, entry index(1422) is beyond type entryCount(281)
09-02 15:08:32.139 13168 13168 W ResourceType: For resource 0x7f1504c3, entry index(1219) is beyond type entryCount(281)
09-02 15:08:32.139 13168 13168 W ResourceType: For resource 0x7f15059e, entry index(1438) is beyond type entryCount(281)
09-02 15:08:32.139 13168 13168 W ResourceType: For resource 0x7f150282, entry index(642) is beyond type entryCount(281)
09-02 15:08:32.139 13168 13168 W ResourceType: For resource 0x7f1504c3, entry index(1219) is beyond type entryCount(281)
09-02 15:08:32.139 13168 13168 W ResourceType: For resource 0x7f150719, entry index(1817) is beyond type entryCount(281)
09-02 15:08:32.139 13168 13168 W ResourceType: For resource 0x7f150578, entry index(1400) is beyond type entryCount(281)
09-02 15:08:32.139 13168 13168 W ResourceType: For resource 0x7f150284, entry index(644) is beyond type entryCount(281)
09-02 15:08:32.139 13168 13168 W ResourceType: For resource 0x7f150579, entry index(1401) is beyond type entryCount(281)
09-02 15:08:32.139 13168 13168 W ResourceType: For resource 0x7f1505e7, entry index(1511) is beyond type entryCount(281)
09-02 15:08:32.139 13168 13168 W ResourceType: For resource 0x7f15071e, entry index(1822) is beyond type entryCount(281)
09-02 15:08:32.139 13168 13168 I chatty  : uid=10158(u0_a158) identical 2 lines
09-02 15:08:32.139 13168 13168 W ResourceType: For resource 0x7f15071e, entry index(1822) is beyond type entryCount(281)
09-02 15:08:32.139 13168 13168 W ResourceType: For resource 0x7f150580, entry index(1408) is beyond type entryCount(281)
09-02 15:08:32.139 13168 13168 W ResourceType: For resource 0x7f15071e, entry index(1822) is beyond type entryCount(281)
09-02 15:08:32.139 13168 13168 W ResourceType: For resource 0x7f15017b, entry index(379) is beyond type entryCount(281)
09-02 15:08:32.139 13168 13168 W ResourceType: For resource 0x7f150283, entry index(643) is beyond type entryCount(281)
09-02 15:08:32.139 13168 13168 W ResourceType: For resource 0x7f1505a2, entry index(1442) is beyond type entryCount(281)
09-02 15:08:32.139 13168 13168 W ResourceType: For resource 0x7f1506f4, entry index(1780) is beyond type entryCount(281)
09-02 15:08:32.139 13168 13168 W ResourceType: For resource 0x7f150588, entry index(1416) is beyond type entryCount(281)
09-02 15:08:32.139 13168 13168 W ResourceType: For resource 0x7f15059f, entry index(1439) is beyond type entryCount(281)
09-02 15:08:32.139 13168 13168 W ResourceType: For resource 0x7f150649, entry index(1609) is beyond type entryCount(281)
09-02 15:08:32.139 13168 13168 W ResourceType: For resource 0x7f150442, entry index(1090) is beyond type entryCount(281)
09-02 15:08:32.139 13168 13168 W ResourceType: For resource 0x7f150718, entry index(1816) is beyond type entryCount(281)
09-02 15:08:32.139 13168 13168 W ResourceType: For resource 0x7f15017c, entry index(380) is beyond type entryCount(281)
09-02 15:08:32.139 13168 13168 W ResourceType: For resource 0x7f15059d, entry index(1437) is beyond type entryCount(281)
09-02 15:08:32.139 13168 13168 W ResourceType: For resource 0x7f15020a, entry index(522) is beyond type entryCount(281)
09-02 15:08:32.139 13168 13168 W ResourceType: For resource 0x7f150586, entry index(1414) is beyond type entryCount(281)
09-02 15:08:32.139 13168 13168 W ResourceType: For resource 0x7f15071c, entry index(1820) is beyond type entryCount(281)
09-02 15:08:32.139 13168 13168 W ResourceType: For resource 0x7f1502af, entry index(687) is beyond type entryCount(281)
09-02 15:08:32.139 13168 13168 W ResourceType: For resource 0x7f150274, entry index(628) is beyond type entryCount(281)
09-02 15:08:32.139 13168 13168 W ResourceType: For resource 0x7f150244, entry index(580) is beyond type entryCount(281)
09-02 15:08:32.139 13168 13168 W ResourceType: For resource 0x7f150274, entry index(628) is beyond type entryCount(281)
09-02 15:08:32.139 13168 13168 W ResourceType: For resource 0x7f150372, entry index(882) is beyond type entryCount(281)
09-02 15:08:32.139 13168 13168 W ResourceType: For resource 0x7f15035b, entry index(859) is beyond type entryCount(281)
09-02 15:08:32.139 13168 13168 W ResourceType: For resource 0x7f15035c, entry index(860) is beyond type entryCount(281)
09-02 15:08:32.139 13168 13168 W ResourceType: For resource 0x7f1502ad, entry index(685) is beyond type entryCount(281)
09-02 15:08:32.139 13168 13168 W ResourceType: For resource 0x7f150565, entry index(1381) is beyond type entryCount(281)
09-02 15:08:32.139 13168 13168 W ResourceType: For resource 0x7f150567, entry index(1383) is beyond type entryCount(281)
09-02 15:08:32.140 13168 13168 W ResourceType: For resource 0x7f150264, entry index(612) is beyond type entryCount(281)
09-02 15:08:32.140 13168 13168 I chatty  : uid=10158(u0_a158) identical 1 line
09-02 15:08:32.140 13168 13168 W ResourceType: For resource 0x7f150264, entry index(612) is beyond type entryCount(281)
09-02 15:08:32.141 13168 13168 W ResourceType: For resource 0x7f150314, entry index(788) is beyond type entryCount(281)
09-02 15:08:32.141 13168 13168 W ResourceType: For resource 0x7f150314, entry index(788) is beyond type entryCount(281)
09-02 15:08:32.141 13168 13168 W ResourceType: For resource 0x7f15030d, entry index(781) is beyond type entryCount(281)
09-02 15:08:32.143 13168 13168 W ResourceType: For resource 0x7f150264, entry index(612) is beyond type entryCount(281)
09-02 15:08:32.143 13168 13168 I chatty  : uid=10158(u0_a158) identical 1 line
09-02 15:08:32.144 13168 13168 W ResourceType: For resource 0x7f150264, entry index(612) is beyond type entryCount(281)
09-02 15:08:32.144 13168 13168 W ResourceType: For resource 0x7f150314, entry index(788) is beyond type entryCount(281)
09-02 15:08:32.145 13168 13173 I zygote  : Do partial code cache collection, code=253KB, data=191KB
09-02 15:08:32.146 13168 13173 I zygote  : After code cache collection, code=248KB, data=190KB
09-02 15:08:32.146 13168 13173 I zygote  : Increasing code cache capacity to 1024KB
09-02 15:08:32.151 13168 13168 W ResourceType: For resource 0x7f150264, entry index(612) is beyond type entryCount(281)
09-02 15:08:32.151 13168 13168 I chatty  : uid=10158(u0_a158) identical 1 line
09-02 15:08:32.151 13168 13168 W ResourceType: For resource 0x7f150264, entry index(612) is beyond type entryCount(281)
09-02 15:08:32.151 13168 13168 W ResourceType: For resource 0x7f150314, entry index(788) is beyond type entryCount(281)
09-02 15:08:32.152 13168 13168 W ResourceType: For resource 0x7f150264, entry index(612) is beyond type entryCount(281)
09-02 15:08:32.152 13168 13168 I chatty  : uid=10158(u0_a158) identical 1 line
09-02 15:08:32.152 13168 13168 W ResourceType: For resource 0x7f150264, entry index(612) is beyond type entryCount(281)
09-02 15:08:32.152 13168 13168 W ResourceType: For resource 0x7f150314, entry index(788) is beyond type entryCount(281)
09-02 15:08:32.153 13168 13168 I zygote  : Deoptimizing jc0 jc0.a(op9, int[]) due to JIT inline cache
09-02 15:08:32.153 13168 13168 I zygote  : Deoptimizing int jc0.e(op9, int, int[]) due to JIT same target
09-02 15:08:32.153 13168 13168 W ResourceType: For resource 0x7f1506f1, entry index(1777) is beyond type entryCount(281)
09-02 15:08:32.154 13168 13168 I chatty  : uid=10158(u0_a158) identical 2 lines
09-02 15:08:32.154 13168 13168 W ResourceType: For resource 0x7f1506f1, entry index(1777) is beyond type entryCount(281)
09-02 15:08:32.154 13168 13168 W ResourceType: For resource 0x7f150264, entry index(612) is beyond type entryCount(281)
09-02 15:08:32.154 13168 13168 W ResourceType: For resource 0x7f1506f1, entry index(1777) is beyond type entryCount(281)
09-02 15:08:32.156 13168 13168 I chatty  : uid=10158(u0_a158) identical 11 lines
09-02 15:08:32.156 13168 13168 W ResourceType: For resource 0x7f1506f1, entry index(1777) is beyond type entryCount(281)
09-02 15:08:32.172 13168 13168 W ResourceType: For resource 0x7f1504f8, entry index(1272) is beyond type entryCount(281)
09-02 15:08:32.173 13168 13168 W ResourceType: For resource 0x7f150264, entry index(612) is beyond type entryCount(281)
09-02 15:08:32.173 13168 13168 W ResourceType: For resource 0x7f150264, entry index(612) is beyond type entryCount(281)
09-02 15:08:32.173 13168 13168 W ResourceType: For resource 0x7f15050e, entry index(1294) is beyond type entryCount(281)
09-02 15:08:32.173 13168 13168 W ResourceType: For resource 0x7f15061f, entry index(1567) is beyond type entryCount(281)
09-02 15:08:32.173 13168 13168 W ResourceType: For resource 0x7f15061f, entry index(1567) is beyond type entryCount(281)
09-02 15:08:32.173 13168 13168 W ResourceType: For resource 0x7f15058c, entry index(1420) is beyond type entryCount(281)
09-02 15:08:32.173 13168 13168 W ResourceType: For resource 0x7f150590, entry index(1424) is beyond type entryCount(281)
09-02 15:08:32.173 13168 13168 W ResourceType: For resource 0x7f15058e, entry index(1422) is beyond type entryCount(281)
09-02 15:08:32.173 13168 13168 W ResourceType: For resource 0x7f1504c3, entry index(1219) is beyond type entryCount(281)
09-02 15:08:32.173 13168 13168 W ResourceType: For resource 0x7f15059e, entry index(1438) is beyond type entryCount(281)
09-02 15:08:32.173 13168 13168 W ResourceType: For resource 0x7f150282, entry index(642) is beyond type entryCount(281)
09-02 15:08:32.173 13168 13168 W ResourceType: For resource 0x7f1504c3, entry index(1219) is beyond type entryCount(281)
09-02 15:08:32.173 13168 13168 W ResourceType: For resource 0x7f150719, entry index(1817) is beyond type entryCount(281)
09-02 15:08:32.173 13168 13168 W ResourceType: For resource 0x7f150578, entry index(1400) is beyond type entryCount(281)
09-02 15:08:32.173 13168 13168 W ResourceType: For resource 0x7f150284, entry index(644) is beyond type entryCount(281)
09-02 15:08:32.173 13168 13168 W ResourceType: For resource 0x7f150579, entry index(1401) is beyond type entryCount(281)
09-02 15:08:32.173 13168 13168 W ResourceType: For resource 0x7f1505e7, entry index(1511) is beyond type entryCount(281)
09-02 15:08:32.173 13168 13168 W ResourceType: For resource 0x7f15071e, entry index(1822) is beyond type entryCount(281)
09-02 15:08:32.173 13168 13168 I chatty  : uid=10158(u0_a158) identical 2 lines
09-02 15:08:32.173 13168 13168 W ResourceType: For resource 0x7f15071e, entry index(1822) is beyond type entryCount(281)
09-02 15:08:32.173 13168 13168 W ResourceType: For resource 0x7f150580, entry index(1408) is beyond type entryCount(281)
09-02 15:08:32.173 13168 13168 W ResourceType: For resource 0x7f15071e, entry index(1822) is beyond type entryCount(281)
09-02 15:08:32.173 13168 13168 W ResourceType: For resource 0x7f15017b, entry index(379) is beyond type entryCount(281)
09-02 15:08:32.173 13168 13168 W ResourceType: For resource 0x7f150283, entry index(643) is beyond type entryCount(281)
09-02 15:08:32.174 13168 13168 W ResourceType: For resource 0x7f1505a2, entry index(1442) is beyond type entryCount(281)
09-02 15:08:32.174 13168 13168 W ResourceType: For resource 0x7f1506f4, entry index(1780) is beyond type entryCount(281)
09-02 15:08:32.174 13168 13168 W ResourceType: For resource 0x7f150588, entry index(1416) is beyond type entryCount(281)
