09-02 11:31:56.252  3979  6264 D PackageManager: setEnabledSetting : userId = 0 packageName = com.android.chrome cmp = org.chromium.chrome.browser.quickactionsearchwidget.QuickActionSearchWidgetProvider$QuickActionSearchWidgetProviderDino newState = 1 callingPackage = 10096/com.android.chrome
09-02 11:31:56.258  3979  6264 D ConnectivityService: filterNetworkStateForUid() uid: 10096 networkInfo: [type: WIFI[] - WIFI, state: CONNECTED/CONNECTED, reason: (unspecified), extra: "WiFi 69", failover: false, available: true, roaming: false, metered: false]
09-02 11:31:56.263 28289 28289 D ConnectivityManager: requestNetwork; CallingUid : 10096, CallingPid : 28289
09-02 11:31:56.264  3979  5968 D ConnectivityService: listenForNetwork for uid/pid:10096/28289 NetworkRequest [ LISTEN id=572, [ Capabilities: INTERNET&NOT_RESTRICTED&TRUSTED&FOREGROUND] ]
09-02 11:31:56.265  3979  4180 D ConnectivityService: rematching NetworkAgentInfo [WIFI () - 502]
09-02 11:31:56.265  3979  4180 D ConnectivityService:  network has: [ Transports: WIFI Capabilities: NOT_METERED&INTERNET&NOT_RESTRICTED&TRUSTED&NOT_VPN&VALIDATED&FOREGROUND LinkUpBandwidth>=1048576Kbps LinkDnBandwidth>=1048576Kbps SignalStrength: -54]
09-02 11:31:56.265  3979  4180 D ConnectivityService: Network NetworkAgentInfo [WIFI () - 502] was already satisfying request 3. No change.
09-02 11:31:56.265  3979  4180 D ConnectivityService: Network NetworkAgentInfo [WIFI () - 502] was already satisfying request 1. No change.
09-02 11:31:56.265  3979  4180 D ConnectivityService: Network NetworkAgentInfo [WIFI () - 502] was already satisfying request 484. No change.
09-02 11:31:56.265  3979  4180 D ConnectivityService: Network NetworkAgentInfo [WIFI () - 502] was already satisfying request 443. No change.
09-02 11:31:56.265  3979  4180 D ConnectivityService: Network NetworkAgentInfo [WIFI () - 502] was already satisfying request 140. No change.
09-02 11:31:56.265  3979  4180 D ConnectivityService: sending notification AVAILABLE for NetworkRequest [ LISTEN id=572, [ Capabilities: INTERNET&NOT_RESTRICTED&TRUSTED&FOREGROUND] ]
09-02 11:31:56.265  3979  4180 D ConnectivityService: sending notification CAP_CHANGED for NetworkRequest [ LISTEN id=572, [ Capabilities: INTERNET&NOT_RESTRICTED&TRUSTED&FOREGROUND] ]
09-02 11:31:56.265  3979  4180 D ConnectivityService: sending notification IP_CHANGED for NetworkRequest [ LISTEN id=572, [ Capabilities: INTERNET&NOT_RESTRICTED&TRUSTED&FOREGROUND] ]
09-02 11:31:56.265  3979  6264 D ConnectivityService: filterNetworkStateForUid() uid: 10096 networkInfo: [type: WIFI[] - WIFI, state: CONNECTED/CONNECTED, reason: (unspecified), extra: "WiFi 69", failover: false, available: true, roaming: false, metered: false]
09-02 11:31:56.279  3979  5968 D SecContentProvider: query(), uri = 2 selection = isAuditLogEnabled
09-02 11:31:56.280  3979  5968 D SecContentProvider: called from com.android.chrome
09-02 11:31:56.280 28369 28391 I cr_LibraryLoader: Successfully loaded native library
09-02 11:31:56.281  3979  9236 D SecContentProvider: query(), uri = 5 selection = getAutoFillSetting
09-02 11:31:56.281 28369 28391 I cr_CachingUmaRecorder: Flushed 3 samples from 3 histograms.
09-02 11:31:56.281  3979  9236 D SecContentProvider: called from com.android.chrome
09-02 11:31:56.282  3979  9236 D SecContentProvider: query(), uri = 5 selection = getCookiesSetting
09-02 11:31:56.283  3979  9236 I chatty  : uid=1000(system) Binder:3979_1B identical 1 line
09-02 11:31:56.284  3979  9236 D SecContentProvider: query(), uri = 5 selection = getHttpProxy
09-02 11:31:56.285  3979  9236 D SecContentProvider: called from com.android.chrome
09-02 11:31:56.286 28289 28289 I cr_CompositorSurfaceMgr: Transitioning to surface with format: -1
09-02 11:31:56.286  3979  5968 D SecContentProvider: query(), uri = 5 selection = getJavaScriptSetting
09-02 11:31:56.287  3979  5968 D SecContentProvider: called from com.android.chrome
09-02 11:31:56.288  3462  3462 I SurfaceFlinger: id=1375 createSurf (720x1238),4 flag=404, SurfaceView - com.android.chrome/com.google.android.apps.chrome.Main@2ac0e00@0#0
09-02 11:31:56.288  3979  5968 D SecContentProvider: query(), uri = 5 selection = getPopupsSetting
09-02 11:31:56.289  3462  3462 I SurfaceFlinger: id=1376 createSurf (720x1238),-1 flag=20404, Background for - SurfaceView - com.android.chrome/com.google.android.apps.chrome.Main@2ac0e00@0#0
09-02 11:31:56.289 28289 28289 D SurfaceView: BG show() Surface(name=Background for - SurfaceView - com.android.chrome/com.google.android.apps.chrome.Main@2ac0e00@0) android.view.SurfaceView{2ac0e00 V.E...... ......ID 0,0-720,1238}
09-02 11:31:56.289  3979  5968 D SecContentProvider: query(), uri = 22 selection = isAuthenticationEnabled
09-02 11:31:56.290 28289 28289 V Surface : sf_framedrop debug : 0x4f4c, game : false, logging : 0
09-02 11:31:56.290 28289 28289 D SurfaceView: surfaceCreated 1 android.view.SurfaceView{2ac0e00 V.E...... ......ID 0,0-720,1238}
09-02 11:31:56.290 28289 28289 I cr_CompositorSurfaceMgr: surfaceCreated format: 0
09-02 11:31:56.291 28289 28289 D SurfaceView: surfaceChanged (720,1238) 1 android.view.SurfaceView{2ac0e00 V.E...... ......ID 0,0-720,1238}
09-02 11:31:56.293  3979  5968 D SecContentProvider: query(), uri = 10 selection = getURLFilterList
09-02 11:31:56.294  3979  5968 I chatty  : uid=1000(system) Binder:3979_12 identical 3 lines
09-02 11:31:56.295  3979  5968 D SecContentProvider: query(), uri = 10 selection = getURLFilterEnabled
09-02 11:31:56.296  3979  5968 D SecContentProvider: called from com.android.chrome
09-02 11:31:56.297  3979  9236 D SecContentProvider: query(), uri = 10 selection = getURLFilterReportEnabled
09-02 11:31:56.297  3979  9236 D SecContentProvider: called from com.android.chrome
09-02 11:31:56.298  3979  9236 D SecContentProvider: query(), uri = 2 selection = isAuditLogEnabled
09-02 11:31:56.299  3979  9236 I chatty  : uid=1000(system) Binder:3979_1B identical 1 line
09-02 11:31:56.300  3979  9236 D SecContentProvider: query(), uri = 5 selection = getAutoFillSetting
09-02 11:31:56.300  3979  9236 D SecContentProvider: called from com.android.chrome
09-02 11:31:56.302  3979  5968 D SecContentProvider: query(), uri = 5 selection = getCookiesSetting
09-02 11:31:56.302  3979  5968 D SecContentProvider: called from com.android.chrome
09-02 11:31:56.303  3979  5968 D SecContentProvider: query(), uri = 5 selection = getHttpProxy
09-02 11:31:56.305  3979  5968 D SecContentProvider: query(), uri = 5 selection = getJavaScriptSetting
09-02 11:31:56.307  3979  5968 D SecContentProvider: query(), uri = 5 selection = getPopupsSetting
09-02 11:31:56.308 28289 28289 I cr_ChromeTabbedActivity: #initializeState
09-02 11:31:56.308 28289 28289 I cr_CipherFactory: #restoreFromBundle, no savedInstanceState.
09-02 11:31:56.308 28289 28289 I cr_tabmodel: #loadState, ignoreIncognitoFiles? true
09-02 11:31:56.308 28289 28289 I cr_tabmodel: Tab metadata, skipIncognitoCount? false incognitoCount: 0 totalCount: 44
09-02 11:31:56.308  3979  5968 D SecContentProvider: query(), uri = 22 selection = isAuthenticationEnabled
09-02 11:31:56.309 28289 28289 I cr_tabmodel: #isIncognitoTabBeingRestored from tabState:  false
09-02 11:31:56.313  3979  5968 D SecContentProvider: query(), uri = 10 selection = getURLFilterList
09-02 11:31:56.314  3979  5968 I chatty  : uid=1000(system) Binder:3979_12 identical 5 lines
09-02 11:31:56.315  3979  5968 D SecContentProvider: query(), uri = 10 selection = getURLFilterEnabled
09-02 11:31:56.316  3979  5968 D SecContentProvider: called from com.android.chrome
09-02 11:31:56.317  3979  6264 D SecContentProvider: query(), uri = 10 selection = getURLFilterReportEnabled
09-02 11:31:56.317  3979  6264 D SecContentProvider: called from com.android.chrome
09-02 11:31:56.335 28289 28289 E ResourceType: Style contains key with bad entry: 0x0101062c
09-02 11:31:56.349 28369 28391 D libGLESv2: STS_GLApi : DTS, ODTC are not allowed for Package : com.android.chrome:privileged_process0
09-02 11:31:56.354  3979  5968 D ConnectivityService: filterNetworkStateForUid() uid: 10096 networkInfo: [type: WIFI[] - WIFI, state: CONNECTED/CONNECTED, reason: (unspecified), extra: "WiFi 69", failover: false, available: true, roaming: false, metered: false]
09-02 11:31:56.355 22051 22051 D BoundBrokerSvc: onBind: Intent { act=com.google.android.gms.languageprofile.service.START pkg=com.google.android.gms }
09-02 11:31:56.355 22051 22051 D BoundBrokerSvc: Loading bound service for intent: Intent { act=com.google.android.gms.languageprofile.service.START pkg=com.google.android.gms }
09-02 11:31:56.369  3979  9236 D SamsungAlarmManager: setInexact Intent (T:3/F:0/AC:false) 20330830T113156 - CU:10025/CP:22051
09-02 11:31:56.411 28324 28382 I cr_LibraryLoader: Successfully loaded native library
09-02 11:31:56.412 28324 28382 I cr_CachingUmaRecorder: Flushed 3 samples from 3 histograms.
09-02 11:31:56.421 22051 22051 D BoundBrokerSvc: onBind: Intent { act=com.google.android.gms.safetynet.service.START pkg=com.google.android.gms }
09-02 11:31:56.421 22051 22051 D BoundBrokerSvc: Loading bound service for intent: Intent { act=com.google.android.gms.safetynet.service.START pkg=com.google.android.gms }
09-02 11:31:56.441 28369 28391 V Surface : sf_framedrop debug : 0x4f4c, game : false, logging : 0
09-02 11:31:56.443 28369 28391 D mali_winsys: EGLint new_window_surface(egl_winsys_display *, void *, EGLSurface, EGLConfig, egl_winsys_surface **, egl_color_buffer_format *, EGLBoolean) returns 0x3000,  [720x1238]-format:1
09-02 11:31:56.465 28289 28289 W ResourceType: Failure getting entry for 0x7f01032b (t=0 e=811) (error -75)
09-02 11:31:56.471 10264 10733 I FontLog : Received query name=Google Sans&weight=700&besteffort=false, URI content://com.google.android.gms.fonts [CONTEXT service_id=132 ]
09-02 11:31:56.471 10264 10733 I FontLog : Query [name=Google Sans&weight=700&besteffort=false] resolved to {Google Sans, wdth 100.0, wght 700, ital 0.0, bestEffort false} [CONTEXT service_id=132 ]
09-02 11:31:56.474 10264 10733 I FontLog : Fetch {Google Sans, wdth 100.0, wght 700, ital 0.0, bestEffort false} end status Status{statusCode=SUCCESS, resolution=null} [CONTEXT service_id=132 ]
09-02 11:31:56.478  3979  5968 I SamsungAlarmManager: setLocked to kernel - T:3 / 20230902T113200, SetElapsed=92301433, nowELAPSED=92297910
09-02 11:31:56.479  3979  5968 D SamsungAlarmManager: setExact Intent (T:3/F:0/AC:false) 20230902T113157 - CU:10025/CP:10264
09-02 11:31:56.479  3979  5968 I SamsungAlarmManager: setLocked to kernel - T:3 / 20230902T113157, SetElapsed=92298907, nowELAPSED=92297911
09-02 11:31:56.481 10264 10733 I FontLog : Pulling font file for id = 661, cache size = 8 [CONTEXT service_id=132 ]
09-02 11:31:56.481 28289 28289 W ResourceType: Failure getting entry for 0x7f0107ae (t=0 e=1966) (error -75)
09-02 11:31:56.482  3979  5968 D ConnectivityService: filterNetworkStateForUid() uid: 10025 networkInfo: [type: WIFI[] - WIFI, state: CONNECTED/CONNECTED, reason: (unspecified), extra: "WiFi 69", failover: false, available: true, roaming: false, metered: false]
09-02 11:31:56.483 28289 28289 W ResourceType: Failure getting entry for 0x7f010206 (t=0 e=518) (error -75)
09-02 11:31:56.483  3979  5968 D ConnectivityService: filterNetworkStateForUid() uid: 10025 networkInfo: [type: WIFI[] - WIFI, state: CONNECTED/CONNECTED, reason: (unspecified), extra: "WiFi 69", failover: false, available: true, roaming: false, metered: false]
09-02 11:31:56.487 10264 10733 I FontLog : Received query name=Noto Color Emoji Compat&weight=400&besteffort=false, URI content://com.google.android.gms.fonts [CONTEXT service_id=132 ]
09-02 11:31:56.487 10264 10733 I FontLog : Query [name=Noto Color Emoji Compat&weight=400&besteffort=false] resolved to {Noto Color Emoji Compat, wdth 100.0, wght 400, ital 0.0, bestEffort false} [CONTEXT service_id=132 ]
09-02 11:31:56.488  3979  5968 D SamsungAlarmManager: Cancel Alarm calling from uid:10025 pid :10264 / op:PendingIntent{2d3703a: PendingIntentRecord{9212591 com.google.android.gms broadcastIntent}}
09-02 11:31:56.489  3979  5968 I SamsungAlarmManager: setLocked to kernel - T:3 / 20230902T113200, SetElapsed=92301432, nowELAPSED=92297922
09-02 11:31:56.491 10264 10733 I FontLog : Fetch {Noto Color Emoji Compat, wdth 100.0, wght 400, ital 0.0, bestEffort false} end status Status{statusCode=SUCCESS, resolution=null} [CONTEXT service_id=132 ]
09-02 11:31:56.493  3979  3988 I zygote64: Background concurrent copying GC freed 206211(10MB) AllocSpace objects, 106(2MB) LOS objects, 38% free, 38MB/62MB, paused 538us total 181.023ms
09-02 11:31:56.496 10264 10733 I FontLog : Pulling font file for id = 662, cache size = 9 [CONTEXT service_id=132 ]
09-02 11:31:56.501 10264 10733 I FontLog : Received query name=Google Sans&weight=400&besteffort=false, URI content://com.google.android.gms.fonts [CONTEXT service_id=132 ]
09-02 11:31:56.502 10264 10733 I FontLog : Query [name=Google Sans&weight=400&besteffort=false] resolved to {Google Sans, wdth 100.0, wght 400, ital 0.0, bestEffort false} [CONTEXT service_id=132 ]
09-02 11:31:56.503 28289 28289 I cr_OfflineIndicator: onConnectionTypeChanged 2
09-02 11:31:56.504 10264 10733 I FontLog : Font PFD returned from cache for {Google Sans, wdth 100.0, wght 400, ital 0.0, bestEffort false} [CONTEXT service_id=132 ]
09-02 11:31:56.504 28289 28289 I cr_OfflineIndicator: Reported by system: [ Transports: WIFI Capabilities: WIFI_P2P&NOT_RESTRICTED&TRUSTED&NOT_VPN LinkUpBandwidth>=1048576Kbps LinkDnBandwidth>=1048576Kbps]
09-02 11:31:56.505 28289 28289 I cr_OfflineIndicator: Reported by system: [ Transports: WIFI Capabilities: NOT_METERED&INTERNET&NOT_RESTRICTED&TRUSTED&NOT_VPN&VALIDATED&FOREGROUND LinkUpBandwidth>=1048576Kbps LinkDnBandwidth>=1048576Kbps SignalStrength: -54]
09-02 11:31:56.505 10264 10733 I FontLog : Fetch {Google Sans, wdth 100.0, wght 400, ital 0.0, bestEffort false} end status Status{statusCode=SUCCESS, resolution=null} [CONTEXT service_id=132 ]
09-02 11:31:56.505 28289 28289 I cr_OfflineIndicator: setConnectionState connectionState=4
09-02 11:31:56.505 28289 28289 I cr_OfflineDetector: Running updateState mConnectivityDetectorInitialized: true, mTimeWhenLastForegrounded: 92297935, getElapsedTime: 92297937, mTimeWhenLastOfflineNotificationReceived: 0, mTimeWhenLastOnline: 92297937, mApplicationState: 1, mIsOfflineLastReportedByConnectivityDetector: false, mIsEffectivelyOffline: false
09-02 11:31:56.506 28289 28289 I cr_OfflineDetector: updateState(): timeSinceLastForeground: 2, timeSinceOfflineNotificationReceived: 92297937, timeSinceLastOnline: 0, timeNeededForForeground: 1998, timeNeededForOffline: -92295937
09-02 11:31:56.506 28289 28289 I cr_OfflineIndicator: processConnectivityCheckResult mConnectionState=4 mConnectivityCheckingStage=1
09-02 11:31:56.509 10264 10733 I FontLog : Pulling font file for id = 663, cache size = 10 [CONTEXT service_id=132 ]
09-02 11:31:56.517 10264 10733 I FontLog : Received query name=Google Sans&weight=500&besteffort=false, URI content://com.google.android.gms.fonts [CONTEXT service_id=132 ]
09-02 11:31:56.518 10264 10733 I FontLog : Query [name=Google Sans&weight=500&besteffort=false] resolved to {Google Sans, wdth 100.0, wght 500, ital 0.0, bestEffort false} [CONTEXT service_id=132 ]
09-02 11:31:56.519 10264 10733 I FontLog : Font PFD returned from cache for {Google Sans, wdth 100.0, wght 500, ital 0.0, bestEffort false} [CONTEXT service_id=132 ]
09-02 11:31:56.520 10264 10733 I FontLog : Fetch {Google Sans, wdth 100.0, wght 500, ital 0.0, bestEffort false} end status Status{statusCode=SUCCESS, resolution=null} [CONTEXT service_id=132 ]
09-02 11:31:56.520  3979  5965 W AppOps  : Bad call: specified package com.google.android.gms under uid 10096 but it is really 10025
09-02 11:31:56.520  3979  5965 W AppOps  : java.lang.RuntimeException: here
09-02 11:31:56.520  3979  5965 W AppOps  : 	at com.android.server.AppOpsService.getOpsRawLocked(AppOpsService.java:1402)
09-02 11:31:56.520  3979  5965 W AppOps  : 	at com.android.server.AppOpsService.checkPackage(AppOpsService.java:1106)
09-02 11:31:56.520  3979  5965 W AppOps  : 	at com.android.internal.app.IAppOpsService$Stub.onTransact(IAppOpsService.java:169)
09-02 11:31:56.520  3979  5965 W AppOps  : 	at android.os.Binder.execTransact(Binder.java:682)
09-02 11:31:56.521  3979  9236 W AppOps  : Bad call: specified package com.google.android.gms under uid 10096 but it is really 10025
09-02 11:31:56.521  3979  9236 W AppOps  : java.lang.RuntimeException: here
09-02 11:31:56.521  3979  9236 W AppOps  : 	at com.android.server.AppOpsService.getOpsRawLocked(AppOpsService.java:1402)
09-02 11:31:56.521  3979  9236 W AppOps  : 	at com.android.server.AppOpsService.checkPackage(AppOpsService.java:1106)
09-02 11:31:56.521  3979  9236 W AppOps  : 	at com.android.internal.app.IAppOpsService$Stub.onTransact(IAppOpsService.java:169)
09-02 11:31:56.521  3979  9236 W AppOps  : 	at android.os.Binder.execTransact(Binder.java:682)
09-02 11:31:56.522  3979  9236 W AppOps  : Bad call: specified package com.google.android.gms under uid 10096 but it is really 10025
09-02 11:31:56.522  3979  9236 W AppOps  : java.lang.RuntimeException: here
09-02 11:31:56.522  3979  9236 W AppOps  : 	at com.android.server.AppOpsService.getOpsRawLocked(AppOpsService.java:1402)
09-02 11:31:56.522  3979  9236 W AppOps  : 	at com.android.server.AppOpsService.checkPackage(AppOpsService.java:1106)
09-02 11:31:56.522  3979  9236 W AppOps  : 	at com.android.internal.app.IAppOpsService$Stub.onTransact(IAppOpsService.java:169)
09-02 11:31:56.522  3979  9236 W AppOps  : 	at android.os.Binder.execTransact(Binder.java:682)
09-02 11:31:56.523 10264 10733 I FontLog : Pulling font file for id = 664, cache size = 7 [CONTEXT service_id=132 ]
09-02 11:31:56.524  3979  5968 W AppOps  : Bad call: specified package com.google.android.gms under uid 10096 but it is really 10025
09-02 11:31:56.524  3979  5968 W AppOps  : java.lang.RuntimeException: here
09-02 11:31:56.524  3979  5968 W AppOps  : 	at com.android.server.AppOpsService.getOpsRawLocked(AppOpsService.java:1402)
09-02 11:31:56.524  3979  5968 W AppOps  : 	at com.android.server.AppOpsService.checkPackage(AppOpsService.java:1106)
09-02 11:31:56.524  3979  5968 W AppOps  : 	at com.android.internal.app.IAppOpsService$Stub.onTransact(IAppOpsService.java:169)
09-02 11:31:56.524  3979  5968 W AppOps  : 	at android.os.Binder.execTransact(Binder.java:682)
09-02 11:31:56.526  3979  5968 W AppOps  : Bad call: specified package com.google.android.gms under uid 10096 but it is really 10025
09-02 11:31:56.526  3979  5968 W AppOps  : java.lang.RuntimeException: here
09-02 11:31:56.526  3979  5968 W AppOps  : 	at com.android.server.AppOpsService.getOpsRawLocked(AppOpsService.java:1402)
09-02 11:31:56.526  3979  5968 W AppOps  : 	at com.android.server.AppOpsService.checkPackage(AppOpsService.java:1106)
09-02 11:31:56.526  3979  5968 W AppOps  : 	at com.android.internal.app.IAppOpsService$Stub.onTransact(IAppOpsService.java:169)
09-02 11:31:56.526  3979  5968 W AppOps  : 	at android.os.Binder.execTransact(Binder.java:682)
09-02 11:31:56.544  3979  5968 D SamsungAlarmManager: setInexact Intent (T:3/F:0/AC:false) 20230902T121236 - CU:10025/CP:10264
09-02 11:31:56.546 10264 27971 I NetworkScheduler.Stats: Task com.google.android.gms/com.google.android.gms.languageprofile.GcmTaskService started execution. cause:7 exec_start_elapsed_seconds: 92297 [CONTEXT service_id=218 ]
09-02 11:31:56.564 28289 28289 V InputMethodManager: Starting input: tba=android.view.inputmethod.EditorInfo@15c8aa5 nm : com.android.chrome ic=null
09-02 11:31:56.564 28289 28289 I InputMethodManager: startInputInner - mService.startInputOrWindowGainedFocus
09-02 11:31:56.564  3979  5968 D InputMethodManagerService: startInputOrWindowGainedFocus : startInput 
09-02 11:31:56.565  3979  5968 D InputMethodManagerService: setCurrentInputInfo - inputContext : null eidtorInfo : android.view.inputmethod.EditorInfo@65d65bf missingMethods : 0
09-02 11:31:56.565  4336  4336 I InputMethodWrapper:  call dispatchStartInputWithToken
09-02 11:31:56.565  4336  4336 I InputMethodService: dispatchStartInputWithToken
09-02 11:31:56.565  4336  4336 I SKBD    : SamsungKeypad [IMI] onStartInput - caller pid : 28289, caller uid : 10096
09-02 11:31:56.567  4336  4336 I SKBD    : SamsungKeypad  CACHEDIC onStartInput  isCachedICEnabled:  false
09-02 11:31:56.567  4336  4336 I SKBD    : atl getDefaultInputRange : UNKNOWN
09-02 11:31:56.567  4336  4336 I SKBD    : awo resetBinderManager()
09-02 11:31:56.567  4336  4336 I SKBD_SYNC: SamsungKeypad onStartInput: import DLM
09-02 11:31:56.567  4336  4336 I SKBD    : atl setPrivateImeOptionsToTable privateImeOptions ( null )
09-02 11:31:56.567  4336  4336 I SKBD    : atl imeOptions is null
09-02 11:31:56.567  4336  4336 I SKBD    : SamsungKeypad [PF_OP][onStartInput] 1767462
09-02 11:31:56.581 28324 28382 I tflite  : Initialized TensorFlow Lite runtime.
09-02 11:31:56.598  3979  5965 W StorageManager: getStorageLowBytes lowPercent : 5, lowBytes : 1260145254, maxLowBytes : 524288000
09-02 11:31:56.599  3979  5968 D ConnectivityService: filterNetworkStateForUid() uid: 10096 networkInfo: [type: WIFI[] - WIFI, state: CONNECTED/CONNECTED, reason: (unspecified), extra: "WiFi 69", failover: false, available: true, roaming: false, metered: false]
09-02 11:31:56.600  3979  6264 W StorageManager: getStorageLowBytes lowPercent : 5, lowBytes : 1260145254, maxLowBytes : 524288000
09-02 11:31:56.604 28289 28430 D ConnectivityManager: requestNetwork; CallingUid : 10096, CallingPid : 28289
09-02 11:31:56.605  3979  5968 D ConnectivityService: listenForNetwork for uid/pid:10096/28289 NetworkRequest [ LISTEN id=573, [ Capabilities: INTERNET&NOT_RESTRICTED&TRUSTED&FOREGROUND] ]
09-02 11:31:56.606  3979  4180 D ConnectivityService: rematching NetworkAgentInfo [WIFI () - 502]
09-02 11:31:56.606  3979  4180 D ConnectivityService:  network has: [ Transports: WIFI Capabilities: NOT_METERED&INTERNET&NOT_RESTRICTED&TRUSTED&NOT_VPN&VALIDATED&FOREGROUND LinkUpBandwidth>=1048576Kbps LinkDnBandwidth>=1048576Kbps SignalStrength: -54]
09-02 11:31:56.606  3979  4180 D ConnectivityService: Network NetworkAgentInfo [WIFI () - 502] was already satisfying request 3. No change.
09-02 11:31:56.606  3979  4180 D ConnectivityService: Network NetworkAgentInfo [WIFI () - 502] was already satisfying request 1. No change.
09-02 11:31:56.606  3979  5968 D ConnectivityService: filterNetworkStateForUid() uid: 10096 networkInfo: [type: WIFI[] - WIFI, state: CONNECTED/CONNECTED, reason: (unspecified), extra: "WiFi 69", failover: false, available: true, roaming: false, metered: false]
09-02 11:31:56.606  3979  4180 D ConnectivityService: Network NetworkAgentInfo [WIFI () - 502] was already satisfying request 484. No change.
09-02 11:31:56.606  3979  4180 D ConnectivityService: Network NetworkAgentInfo [WIFI () - 502] was already satisfying request 443. No change.
09-02 11:31:56.606  3979  4180 D ConnectivityService: Network NetworkAgentInfo [WIFI () - 502] was already satisfying request 140. No change.
09-02 11:31:56.606  3979  4180 D ConnectivityService: sending notification AVAILABLE for NetworkRequest [ LISTEN id=573, [ Capabilities: INTERNET&NOT_RESTRICTED&TRUSTED&FOREGROUND] ]
09-02 11:31:56.606  3979  4180 D ConnectivityService: sending notification CAP_CHANGED for NetworkRequest [ LISTEN id=573, [ Capabilities: INTERNET&NOT_RESTRICTED&TRUSTED&FOREGROUND] ]
09-02 11:31:56.607  3979  4180 D ConnectivityService: sending notification IP_CHANGED for NetworkRequest [ LISTEN id=573, [ Capabilities: INTERNET&NOT_RESTRICTED&TRUSTED&FOREGROUND] ]
09-02 11:31:56.608  3979  5968 D ConnectivityService: filterNetworkStateForUid() uid: 10096 networkInfo: [type: WIFI[] - WIFI, state: CONNECTED/CONNECTED, reason: (unspecified), extra: "WiFi 69", failover: false, available: true, roaming: false, metered: false]
09-02 11:31:56.609  3979  5968 D ConnectivityService: filterNetworkStateForUid() uid: 10096 networkInfo: [type: WIFI[] - WIFI, state: CONNECTED/CONNECTED, reason: (unspecified), extra: "WiFi 69", failover: false, available: true, roaming: false, metered: false]
09-02 11:31:56.613 10264 22533 I NetworkScheduler.Stats: Task com.google.android.gms/com.google.android.gms.languageprofile.GcmTaskService finished executing. cause:7 result: 1 elapsed_millis: 88 uptime_millis: 88 exec_start_elapsed_seconds: 92297 [CONTEXT service_id=218 ]
09-02 11:31:56.619  3979  5965 D ConnectivityService: filterNetworkStateForUid() uid: 10096 networkInfo: [type: WIFI[] - WIFI, state: CONNECTED/CONNECTED, reason: (unspecified), extra: "WiFi 69", failover: false, available: true, roaming: false, metered: false]
09-02 11:31:56.622  3979  5965 D ConnectivityService: filterNetworkStateForUid() uid: 10025 networkInfo: [type: WIFI[] - WIFI, state: CONNECTED/CONNECTED, reason: (unspecified), extra: "WiFi 69", failover: false, available: true, roaming: false, metered: false]
09-02 11:31:56.624  3979  5965 D ConnectivityService: filterNetworkStateForUid() uid: 10025 networkInfo: [type: WIFI[] - WIFI, state: CONNECTED/CONNECTED, reason: (unspecified), extra: "WiFi 69", failover: false, available: true, roaming: false, metered: false]
09-02 11:31:56.624  3979  5968 D ConnectivityService: filterNetworkStateForUid() uid: 10096 networkInfo: [type: WIFI[] - WIFI, state: CONNECTED/CONNECTED, reason: (unspecified), extra: "WiFi 69", failover: false, available: true, roaming: false, metered: false]
09-02 11:31:56.630  3979  5968 D ConnectivityService: filterNetworkStateForUid() uid: 10096 networkInfo: [type: WIFI[] - WIFI, state: CONNECTED/CONNECTED, reason: (unspecified), extra: "WiFi 69", failover: false, available: true, roaming: false, metered: false]
09-02 11:31:56.630  3979  5965 D SamsungAlarmManager: Cancel Alarm calling from uid:10025 pid :10264 / op:PendingIntent{c8c9edb: PendingIntentRecord{9212591 com.google.android.gms broadcastIntent}}
09-02 11:31:56.634  3979  5965 D SamsungAlarmManager: setInexact Intent (T:3/F:0/AC:false) 20230902T121236 - CU:10025/CP:10264
09-02 11:31:56.637  3979  3979 D CustomFrequencyManagerService: releaseDVFSLockLocked : Getting Lock type frm List : DVFS_MIN_LIMIT  frequency : 1560000  uid : 1000  pid : 3979  tag : AMS_RESUME_TAIL@CPU_MIN@14
09-02 11:31:56.638 28289 28289 W ResourceType: Failure getting entry for 0x7f0100fa (t=0 e=250) (error -75)
09-02 11:31:56.641 28289 28289 W ResourceType: Failure getting entry for 0x7f010854 (t=0 e=2132) (error -75)
09-02 11:31:56.668 28289 28289 W ResourceType: Failure getting entry for 0x7f010220 (t=0 e=544) (error -75)
09-02 11:31:56.670 28289 28289 W ResourceType: Failure getting entry for 0x7f0107f5 (t=0 e=2037) (error -75)
09-02 11:31:56.695 28289 28289 W ResourceType: Failure getting entry for 0x7f010853 (t=0 e=2131) (error -75)
09-02 11:31:56.718 28289 28361 D NetworkSecurityConfig: Using Network Security Config from resource 0_resource_name_obfuscated debugBuild: false
09-02 11:31:56.723 28289 28289 W InputMethodManager: Ignoring onBind: cur seq=873, given seq=872
09-02 11:31:56.724 28289 28289 I Choreographer: Skipped 45 frames!  The application may be doing too much work on its main thread.
09-02 11:31:56.729  3979  5968 V WindowManager: Relayout Window{7a88f7d u0 com.android.chrome/com.google.android.apps.chrome.Main}: viewVisibility=0 req=720x1280 WM.LayoutParams{(0,0)(fillxfill) sim=#13 ty=1 fl=#81810100 pfl=0x20000 fmt=-3 wanim=0x10302fd vsysui=0x2600 sysuil=true needsMenuKey=2 colorMode=0 naviIconColor=0}
09-02 11:31:56.734 28289 28289 D ViewRootImpl@aaa9410[Main]: Relayout returned: old=[0,0][720,1280] new=[0,0][720,1280] result=0x1 surface={valid=true 3325487104} changed=false
09-02 11:31:56.738  3462  3462 I SurfaceFlinger: Display 0 HWC layers:
09-02 11:31:56.738  3462  3462 I SurfaceFlinger:     type    |    handle    | flag |  format   |   source crop (l,t,r,b)    |         frame       | name 
09-02 11:31:56.738  3462  3462 I SurfaceFlinger: ------------+--------------+------+-----------+----------------------------+---------------------+------
09-02 11:31:56.738  3462  3462 I SurfaceFlinger:      Device | 0x7abdcaa780 | 0002 | RGBA_8888 |   0.0    0.0  720.0 1238.0 |    0   42  720 1280 | SurfaceView - com.android.chrome/com[...]android.apps.chrome.Main@2ac0e00@0#0
09-02 11:31:56.738  3462  3462 I SurfaceFlinger:      Device | 0x7abdcaa3c0 | 0000 | RGBA_8888 |   0.0    0.0  720.0 1280.0 |    0    0  720 1280 | com.android.chrome/com.google.android.apps.chrome.Main#0
09-02 11:31:56.738  3462  3462 I SurfaceFlinger:      Device | 0x7abe64b980 | 0000 | RGBA_8888 |   0.0    0.0  720.0   42.0 |    0    0  720   42 | StatusBar#0
09-02 11:31:56.738  3462  3462 I SurfaceFlinger: 
09-02 11:31:56.743  3979  5968 D ConnectivityService: filterNetworkStateForUid() uid: 10096 networkInfo: [type: WIFI[] - WIFI, state: CONNECTED/CONNECTED, reason: (unspecified), extra: "WiFi 69", failover: false, available: true, roaming: false, metered: false]
09-02 11:31:56.744  3979  6264 D ConnectivityService: filterNetworkStateForUid() uid: 10096 networkInfo: [type: WIFI[] - WIFI, state: CONNECTED/CONNECTED, reason: (unspecified), extra: "WiFi 69", failover: false, available: true, roaming: false, metered: false]
09-02 11:31:56.746  3979  5968 D ConnectivityService: filterNetworkStateForUid() uid: 10096 networkInfo: [type: WIFI[] - WIFI, state: CONNECTED/CONNECTED, reason: (unspecified), extra: "WiFi 69", failover: false, available: true, roaming: false, metered: false]
09-02 11:31:56.748  3979  5965 D ConnectivityService: filterNetworkStateForUid() uid: 10096 networkInfo: [type: WIFI[] - WIFI, state: CONNECTED/CONNECTED, reason: (unspecified), extra: "WiFi 69", failover: false, available: true, roaming: false, metered: false]
09-02 11:31:56.751  3979  5965 I chatty  : uid=1000(system) Binder:3979_10 identical 1 line
09-02 11:31:56.752  3979  5965 D ConnectivityService: filterNetworkStateForUid() uid: 10096 networkInfo: [type: WIFI[] - WIFI, state: CONNECTED/CONNECTED, reason: (unspecified), extra: "WiFi 69", failover: false, available: true, roaming: false, metered: false]
09-02 11:31:56.755 28289 28289 I cr_tabmodel: #isIncognitoTabBeingRestored from tabState:  false
09-02 11:31:56.965  3979  4111 D MdnieScenarioControlService:  packageName : com.android.chrome    className : com.google.android.apps.chrome.Main
09-02 11:31:56.977 28289 28289 I chatty  : uid=10096(u0_a96) identical 84 lines
09-02 11:31:56.977 28289 28289 I cr_tabmodel: #isIncognitoTabBeingRestored from tabState:  false
09-02 11:31:56.992 28289 28289 I cr_tabmodel: Loaded tab lists; counts: 44,0
09-02 11:31:57.153  3979  4484 E Watchdog: !@Sync 1254 [2023-09-02 11:31:57.153]
09-02 11:31:57.350  3449  3449 I android.hardware.wifi@1.0-service: getLinkLayerStats
09-02 11:31:57.498  3979  3979 D PreBindingService: handleMessage : 1
09-02 11:31:58.247 28289 28289 E cr_BTSPrefs: No data found for task id: 53
09-02 11:31:58.248 28289 28289 E cr_BkgrdTaskScheduler: Task cannot be canceled because no data was found instorage or data was invalid
09-02 11:31:58.250 28289 28289 I cr_tabmodel: Appending tabs being restored to metadata lists, 0, startingNormalCount: 44, startingIncognitoCount: 0
09-02 11:31:58.250 28289 28289 I cr_tabmodel: Serializing tab lists; counts: 44, 0
09-02 11:31:58.273 22051 22051 D BoundBrokerSvc: onBind: Intent { act=com.google.android.gms.feedback.internal.IFeedbackService dat=chimera-action: cmp=com.google.android.gms/.chimera.GmsBoundBrokerService }
09-02 11:31:58.273 22051 22051 D BoundBrokerSvc: Loading bound service for intent: Intent { act=com.google.android.gms.feedback.internal.IFeedbackService dat=chimera-action: cmp=com.google.android.gms/.chimera.GmsBoundBrokerService }
09-02 11:31:58.302  3979  3994 D SemExecuteManagerService: onShortcutChanged: com.android.chrome0
09-02 11:31:58.302 28289 28289 I cr_StartSurface: Recorded Startup.Android.StartSurfaceShownAtStartup = false
09-02 11:31:58.302  5213  6155 D LauncherApps: onShortcutChanged 0,com.android.chrome
09-02 11:31:58.303  5213  5213 D DeepShortcutManager: bindDeepShortcutMap: {com.android.launcher3.util.ComponentKey@1e9a2cfa=[DynamicFullRecent], com.android.launcher3.util.ComponentKey@92548096=[Search, Messages, Share, Notifications], com.android.launcher3.util.ComponentKey@9df2b1d6=[scanQrCode, newTab, newPrivateTab, search], com.android.launcher3.util.ComponentKey@489bf67c=[text_shortcut, voice_shortcut], com.android.launcher3.util.ComponentKey@86e56e2c=[open_new_tab, password_manager, open_new_private_tab], com.android.launcher3.util.ComponentKey@d85d54d0=[search_event_task, create_task, create_event], com.android.launcher3.util.ComponentKey@f5d080bf=[phoneadd, search, missedcall], com.android.launcher3.util.ComponentKey@515cb72c=[VIEW_MY_DOWNLOADS], com.android.launcher3.util.ComponentKey@683678e7=[create_message], com.android.launcher3.util.ComponentKey@64033792=[explore-shortcut, search-shortcut, shorts-shortcut, subscriptions-shortcut], com.android.launcher3.util.ComponentKey@3a8c61b=[compose], com.android.launcher3.util.ComponentKey@429b698e=[selfie, auto], com.android.launcher3.util.ComponentKey@91a61c5e=[contactadd, myprofile, contactgroup], com.android.launcher3.util.ComponentKey@3e17fc4f=[updates], com.android.launcher3.util.ComponentKey@967f6ac6=[search_shortcut], com.android.launcher3.util.ComponentKey@afe2ea5f=[manifest_home, manifest_work], com.android.launcher3.util.ComponentKey@7bfa09e7=[manifest_compose_shortcut, andrei.bogdan.marcel97@gmail.com], com.android.launcher3.util.ComponentKey@947c4a03=[new-tab-shortcut, dynamic-new-incognito-tab-shortcut]}
09-02 11:31:58.313 28289 28323 I cr_BindingManager: Visible binding enabled: maxSize=40
09-02 11:31:58.322  3979  6264 W StorageManager: getStorageLowBytes lowPercent : 5, lowBytes : 1260145254, maxLowBytes : 524288000
09-02 11:31:58.325 22051 22205 I Icing   : IndexChimeraService.getServiceInterface callingPackage=com.google.android.gms componentName=null serviceId=30
09-02 11:31:58.335 22051 22051 D BoundBrokerSvc: onBind: Intent { act=com.google.android.gms.common.BIND_SHARED_PREFS pkg=com.google.android.gms }
09-02 11:31:58.335 22051 22051 D BoundBrokerSvc: Loading bound service for intent: Intent { act=com.google.android.gms.common.BIND_SHARED_PREFS pkg=com.google.android.gms }
09-02 11:31:58.349 22051 22051 D BoundBrokerSvc: onUnbind: Intent { act=com.google.android.gms.common.BIND_SHARED_PREFS pkg=com.google.android.gms }
09-02 11:31:58.351 22051 29254 I GmsCoreXrpcWrapper: (REDACTED) Returning a channel provider with trafficStatsTag=%d trafficStatsUid=%d
09-02 11:31:58.425 22051 29254 I Icing   : Usage reports ok 4, Failed Usage reports 0, indexed 2, rejected 0
09-02 11:31:58.528  3979  5968 D BatteryService: !@BatteryListener : batteryPropertiesChanged!
09-02 11:31:58.528  3979  5968 D BatteryService: level:100, scale:100, status:5, health:2, present:true, voltage: 4251, temperature: 273, technology: Li-ion, AC powered:false, USB powered:true, POGO powered:false, Wireless powered:false, icon:17303834, invalid charger:0, maxChargingCurrent:0, maxChargingVoltage:0, chargeCounter:0
09-02 11:31:58.529  3979  5968 D BatteryService: online:4, current avg:13, charge type:1, power sharing:false, high voltage charger:false, capacity:280000, batterySWSelfDischarging:false, misc_event:0, current_event:0, current_now:-96
09-02 11:31:58.529  3979  3979 D BatteryService: Sending ACTION_BATTERY_CHANGED.
09-02 11:31:58.532  3979  3979 D SamsungPhoneWindowManager: ACTION_BATTERY_CHANGED - Level :: 100, battStatus :: 5
09-02 11:31:58.532  3979  3979 I MotionRecognitionService: Plugged
09-02 11:31:58.532  3979  3979 D MotionRecognitionService:   mCableConnection= 1
09-02 11:31:58.532  3979  3979 D MotionRecognitionService: setPowerConnected : mGripEnabled = false
09-02 11:31:58.533  3979  4002 D UsbDeviceManager: handleMessage -> MSG_UPDATE_CHARGING_STATE = 1
09-02 11:31:58.535  4349  4349 D KeyguardUpdateMonitor: received broadcast android.intent.action.BATTERY_CHANGED
09-02 11:31:58.538  4349  4349 D BatteryController: onReceive-ACTION_BATTERY_CHANGED : mLevel=100, mBatteryStatus=5
09-02 11:31:58.544  4349  4349 D PowerUI : priorPlugType = 2 mPlugType =  2
09-02 11:31:59.053  4962  4962 D io_stats: !@ 179,0 r 586091 17794136 w 348606 7452296 d 36078 19020884 f 100153 102224 iot 451388 379105 th 51200 0 0 pt 0 inp 0 0 37652.298
09-02 11:31:59.607  3979  6899 D SSRM:G  : SIOP:: AP = 310, PST = 304 (W:10), BAT = 273, USB = 0, CHG = 0
09-02 11:31:59.986  3979  4051 D SensorService: [SO] 0.110 -0.359 9.874
09-02 11:31:59.994  3979  4327 D skia    : Encode PNG Singlethread processname=system_server :      10006 us, width=84, height=84
09-02 11:32:00.000  3979  4067 D SamsungAlarmManager: Expired : 8
09-02 11:32:00.000  3979  4067 I SamsungAlarmManager: setLocked to kernel - T:3 / 20230902T113200, SetElapsed=92301433, nowELAPSED=92301432
09-02 11:32:00.000  3979  4067 V SamsungAlarmManager: Sending to uid : 10074 action=com.samsung.action.EVERY_MINUTE_CLOCK_UPDATE alarm=Alarm{e30e23 type 1 when 1693647120000 com.sec.android.app.launcher}
09-02 11:32:00.001  3979  4067 D SamsungAlarmManager: Expired : 8
09-02 11:32:00.002  3979  4067 V SamsungAlarmManager: Sending to uid : 1000 action=android.intent.action.TIME_TICK alarm=Alarm{fa3f0d9 type 3 when 92301433 android}
09-02 11:32:00.002  5213  5213 I Launcher: onReceive: com.samsung.action.EVERY_MINUTE_CLOCK_UPDATE
09-02 11:32:00.004  3979  3979 D SamsungAlarmManager: setExact Intent (T:3/F:1/AC:false) 20230902T113300 - CU:1000/CP:3979
09-02 11:32:00.005  3979  3979 I SamsungAlarmManager: setLocked to kernel - T:3 / 20230902T113300, SetElapsed=92361432, nowELAPSED=92301437
09-02 11:32:00.005  3979  3979 V AlarmManager: ___SyncScheduler (v3) ACTIVATED___
09-02 11:32:00.005  3979  3979 V AlarmManagerEXT: <AppSync3 Whitelist>
09-02 11:32:00.005  3979  3979 V AlarmManagerEXT: (AppSync) com.facebook.services : 900(960)
09-02 11:32:00.005  3979  3979 V AlarmManagerEXT: (AppSync) ### 1 added ###
09-02 11:32:00.007  4349  4349 D KeyguardUpdateMonitor: received broadcast android.intent.action.TIME_TICK
09-02 11:32:00.008  4349  4349 D KeyguardServiceBoxContainer: refreshTime() 1
09-02 11:32:00.009  3979  5965 D SamsungAlarmManager: setInexact Intent (T:1/F:0/AC:false) 20230902T113300 - CU:10074/CP:5213
09-02 11:32:00.009  5213  5213 I IconView: applyFromShortcutInfo - start GetLive : com.samsung.android.calendar
09-02 11:32:00.010  5213  5213 I BitmapCacheContainer: getBitmapCache: BitmapCache expired com.samsung.android.calendar/UserHandle{0}
09-02 11:32:00.044  5213  5213 D ApplicationPackageManager: we has com.samsung.android.calendar class. reuse it 
09-02 11:32:00.058  5213  5213 I ApplicationPackageManager: load= live icon for com.samsung.android.calendar, from overlay = false
09-02 11:32:00.059  5213  5213 I LiveIconManager: getLiveIcon: complete(sync_created)
09-02 11:32:00.060  5213  5213 I IconView: applyFromShortcutInfo - end GetLive : com.samsung.android.calendar
09-02 11:32:00.061  5213  5213 I IconView: applyFromApplicationInfo - start GetLive : com.sec.android.app.clockpackage
09-02 11:32:00.064  5213  5213 D ApplicationPackageManager: we has com.sec.android.app.clockpackage class. reuse it 
09-02 11:32:00.064  5213  5213 D LiveIconLoader: getLiveIcon was called in ClockPackage
09-02 11:32:00.065  5213  5213 D LiveIconLoader: getLiveIcon res = com.sec.android.app.clockpackage
09-02 11:32:00.067  5213  5213 D LiveIconLoader: stdIconSize : 84 , targetIconSize : 94
09-02 11:32:00.067  5213  5213 D LiveIconLoader: mIconDpi : 320 , mTargetIconDpi : 280
09-02 11:32:00.071  4349  4349 D KeyguardUpdateMonitor: handleStatusBarState( false )
09-02 11:32:00.077  5213  5213 I ApplicationPackageManager: load= live icon for com.sec.android.app.clockpackage, from overlay = false
09-02 11:32:00.078  5213  5213 I LiveIconManager: getLiveIcon: complete(sync_created)
09-02 11:32:00.078  5213  5213 I IconView: applyFromApplicationInfo - end GetLive : com.sec.android.app.clockpackage
09-02 11:32:00.078  5213  5213 I IconView: applyFromApplicationInfo - start GetLive : com.samsung.android.calendar
09-02 11:32:00.078  5213  5213 I IconView: applyFromApplicationInfo - end GetLive : com.samsung.android.calendar
09-02 11:32:00.079  4349  4349 D KeyguardUpdateMonitor: handleStatusBarState( false )
09-02 11:32:00.181  4349  4349 D KeyguardUpdateMonitor: handleStatusBarState( false )
09-02 11:32:00.357  3449  3449 I android.hardware.wifi@1.0-service: getLinkLayerStats
09-02 11:32:00.534 14031 14031 E adbd    : recv: OPEN 0001c2fc 00000000 0076:73 68 65 6C 6C 2C 76 32 2C 54 45 52 4D 3D 78 74 65 72 6D 2D 32 35 36 63 6F 6C 6F 72 2C 72 61 77 3A 64 75 6D 70 73 79 73 20 61 63 74 69 76 69 74 79 20 72 65 63 65 6E 74 73 20 7C 20 67 72 65 70 20 22 52 65 63 65 6E 74 20 23 30 22 20 7C 20 63 75 74 20 2D 64 20 22 3D 22 20 2D 66 32 20 7C 20 67 72 65 70 20 2D 6F 20 2D 70 20 22 5B 61 2D 7A 7C 2E 5D 2A 22 00 
09-02 11:32:00.534 14031 14031 E adbd    : service_to_fd: shell,v2,TERM=xterm-256color,raw:dumpsys activity recents | grep "Recent #0" | cut -d "=" -f2 | grep -o -p "[a-z|.]*"
09-02 11:32:00.635 14031 14031 E adbd    : recv: OPEN 0001c2ff 00000000 0042:73 68 65 6C 6C 2C 76 32 2C 54 45 52 4D 3D 78 74 65 72 6D 2D 32 35 36 63 6F 6C 6F 72 2C 72 61 77 3A 67 65 74 70 72 6F 70 20 72 6F 2E 62 75 69 6C 64 2E 76 65 72 73 69 6F 6E 2E 72 65 6C 65 61 73 65 00 
09-02 11:32:00.635 14031 14031 E adbd    : service_to_fd: shell,v2,TERM=xterm-256color,raw:getprop ro.build.version.release
09-02 11:32:00.701 14031 14031 E adbd    : recv: OPEN 0001c302 00000000 003e:73 68 65 6C 6C 2C 76 32 2C 54 45 52 4D 3D 78 74 65 72 6D 2D 32 35 36 63 6F 6C 6F 72 2C 72 61 77 3A 67 65 74 70 72 6F 70 20 72 6F 2E 62 75 69 6C 64 2E 76 65 72 73 69 6F 6E 2E 73 64 6B 00 
09-02 11:32:00.701 14031 14031 E adbd    : service_to_fd: shell,v2,TERM=xterm-256color,raw:getprop ro.build.version.sdk
09-02 11:32:00.786  3979  4003 W StorageManager: getStorageFullBytes DEFAULT_FULL_THRESHOLD_BYTES : 20971520, threadhold : 20971520
09-02 11:32:00.786  3979  4003 W StorageManager: getStorageLowBytes lowPercent : 5, lowBytes : 1260145254, maxLowBytes : 524288000
09-02 11:32:00.788  3979  4003 W DeviceStorageMonitorService: updateBroadcasts(/data) oldLevel:0, newLevel:0, seq:1
09-02 11:32:00.788  3979  4003 W DeviceStorageMonitorService: updateBroadcasts_filenode(/data) fn_oldLevel:0, fn_newLevel:0, seq:1
09-02 11:32:00.798 14031 14031 E adbd    : recv: OPEN 0001c305 00000000 0034:73 68 65 6C 6C 2C 76 32 2C 54 45 52 4D 3D 78 74 65 72 6D 2D 32 35 36 63 6F 6C 6F 72 2C 72 61 77 3A 69 6E 70 75 74 20 74 61 70 20 35 35 30 20 31 35 30 30 00 
09-02 11:32:00.798 14031 14031 E adbd    : service_to_fd: shell,v2,TERM=xterm-256color,raw:input tap 550 1500
09-02 11:32:01.179 28289 28289 I cr_tabmodel: Appending tabs being restored to metadata lists, 0, startingNormalCount: 44, startingIncognitoCount: 0
09-02 11:32:01.180 28289 28289 I cr_tabmodel: Serializing tab lists; counts: 44, 0
09-02 11:32:01.277 28450 28450 W ADebug  : Failed to get property persist.sys.media.traces
09-02 11:32:01.281 28450 28450 E appproc : Enhanced Zygote ASLR: ro.knox.enhance.zygote.aslr != 1. Enhanced Zygote ASLR is DISABLED!
09-02 11:32:01.281 28450 28450 D AndroidRuntime: >>>>>> START com.android.internal.os.RuntimeInit uid 2000 <<<<<<
09-02 11:32:01.284 28450 28450 D SecNativeFeatureCppIf: encoded
09-02 11:32:01.284 28450 28450 D SecNativeFeatureCppIf: decoding and unzip finish
09-02 11:32:01.284 28450 28450 D SecNativeFeatureCppIf: use unCompDataBuff. encoded
09-02 11:32:01.285 28450 28450 D SecNativeFeatureCppIf: Free unCompDataBuff
09-02 11:32:01.285 28450 28450 D SecNativeFeatureCppIf: encoded
09-02 11:32:01.285 28450 28450 D SecNativeFeatureCppIf: decoding and unzip finish
09-02 11:32:01.285 28450 28450 D SecNativeFeatureCppIf: use unCompDataBuff. encoded
09-02 11:32:01.285 28450 28450 D SecNativeFeatureCppIf: Free unCompDataBuff
09-02 11:32:01.285 28450 28450 D SecNativeFeatureCppIf: encoded
09-02 11:32:01.285 28450 28450 D SecNativeFeatureCppIf: decoding and unzip finish
09-02 11:32:01.285 28450 28450 D SecNativeFeatureCppIf: use unCompDataBuff. encoded
09-02 11:32:01.285 28450 28450 D SecNativeFeatureCppIf: Free unCompDataBuff
09-02 11:32:01.285 28450 28450 D SecNativeFeatureCppIf: encoded
09-02 11:32:01.285 28450 28450 D SecNativeFeatureCppIf: decoding and unzip finish
09-02 11:32:01.285 28450 28450 D SecNativeFeatureCppIf: use unCompDataBuff. encoded
09-02 11:32:01.285 28450 28450 D SecNativeFeatureCppIf: Free unCompDataBuff
09-02 11:32:01.410 28450 28450 D ICU     : Timezone override file found: /data/misc/zoneinfo/current/icu/icu_tzdata.dat
09-02 11:32:01.426 28450 28450 I app_process: find the special shared library, skip check
09-02 11:32:01.455 28450 28450 D SemCscFeature: Encoded
09-02 11:32:01.457 28450 28450 I chatty  : uid=2000(shell) identical 2 lines
09-02 11:32:01.459 28450 28450 D SemCscFeature: Encoded
09-02 11:32:01.460 28450 28450 E SemAffinityControl: SemAffinityControl: registerfunction enter
09-02 11:32:01.467 28450 28450 D AndroidRuntime: Calling main entry com.android.commands.input.Input
09-02 11:32:01.471 28450 28450 I Input   : injectMotionEvent: MotionEvent { action=ACTION_DOWN, actionButton=0, id[0]=0, x[0]=550.0, y[0]=1500.0, toolType[0]=TOOL_TYPE_UNKNOWN, buttonState=0, metaState=0, flags=0x0, edgeFlags=0x0, pointerCount=1, historySize=0, eventTime=37654713, downTime=37654713, deviceId=3, source=0x1002 }
09-02 11:32:01.472  3979  4200 D InputDispatcher: Inject motion (28450): action=0x0, eventTime=37654713000000, displayId=0
09-02 11:32:01.472  3979  4081 I InputDispatcher: Dropping event because there is no touchable window at (550, 1500).
09-02 11:32:01.472  3979  4200 W InputManager: Input event injection from pid 28450 failed.
09-02 11:32:01.473 28450 28450 I Input   : injectMotionEvent: MotionEvent { action=ACTION_UP, actionButton=0, id[0]=0, x[0]=550.0, y[0]=1500.0, toolType[0]=TOOL_TYPE_UNKNOWN, buttonState=0, metaState=0, flags=0x0, edgeFlags=0x0, pointerCount=1, historySize=0, eventTime=37654713, downTime=37654713, deviceId=3, source=0x1002 }
09-02 11:32:01.473  3979  4200 D InputDispatcher: Inject motion (28450): action=0x1, eventTime=37654713000000, displayId=0
09-02 11:32:01.475  3979  4200 W InputManager: Input event injection from pid 28450 failed.
09-02 11:32:01.475 28450 28450 D AndroidRuntime: Shutting down VM
09-02 11:32:01.567 14031 14031 E adbd    : recv: OPEN 0001c308 00000000 0042:73 68 65 6C 6C 2C 76 32 2C 54 45 52 4D 3D 78 74 65 72 6D 2D 32 35 36 63 6F 6C 6F 72 2C 72 61 77 3A 67 65 74 70 72 6F 70 20 72 6F 2E 62 75 69 6C 64 2E 76 65 72 73 69 6F 6E 2E 72 65 6C 65 61 73 65 00 
09-02 11:32:01.568 14031 14031 E adbd    : service_to_fd: shell,v2,TERM=xterm-256color,raw:getprop ro.build.version.release
09-02 11:32:01.628 28289 28361 I cr_omaha: Attempting to schedule next job for: Sat Sep 02 13:14:49 GMT+02:00 2023
09-02 11:32:01.633 28289 28289 I cr_omaha: Scheduled using JobService
09-02 11:32:01.643 28289 28289 E cr_BkgrdTaskJS: Tried finishing non-current BackgroundTask.
09-02 11:32:01.650 14031 14031 E adbd    : recv: OPEN 0001c30b 00000000 003e:73 68 65 6C 6C 2C 76 32 2C 54 45 52 4D 3D 78 74 65 72 6D 2D 32 35 36 63 6F 6C 6F 72 2C 72 61 77 3A 67 65 74 70 72 6F 70 20 72 6F 2E 62 75 69 6C 64 2E 76 65 72 73 69 6F 6E 2E 73 64 6B 00 
09-02 11:32:01.650 14031 14031 E adbd    : service_to_fd: shell,v2,TERM=xterm-256color,raw:getprop ro.build.version.sdk
09-02 11:32:01.718 14031 14031 E adbd    : recv: OPEN 0001c30e 00000000 0102:73 68 65 6C 6C 2C 76 32 2C 54 45 52 4D 3D 78 74 65 72 6D 2D 32 35 36 63 6F 6C 6F 72 2C 72 61 77 3A 61 6D 20 73 74 61 72 74 2D 66 6F 72 65 67 72 6F 75 6E 64 2D 73 65 72 76 69 63 65 20 2D 6E 20 22 63 6F 6D 2E 65 78 61 6D 70 6C 65 2E 62 61 74 74 65 72 79 6D 61 6E 61 67 65 72 5F 75 74 69 6C 69 74 79 2F 63 6F 6D 2E 65 78 61 6D 70 6C 65 2E 62 61 74 74 65 72 79 6D 61 6E 61 67 65 72 5F 75 74 69 6C 69 74 79 2E 44 61 74 61 43 6F 6C 6C 65 63 74 69 6F 6E 53 65 72 76 69 63 65 22 20 2D 2D 65 69 20 73 61 6D 70 6C 65 52 61 74 65 20 31 30 30 20 2D 2D 65 73 20 22 64 61 74 61 46 69 65 6C 64 73 22 20 22 42 41 54 54 45 52 59 5F 50 52 4F 50 45 52 54 59 5F 43 55 52 52 45 4E 54 5F 4E 4F 57 2C 45 58 54 52 41 5F 56 4F 4C 54 41 47 45 22 20 2D 2D 65 7A 20 74 6F 43 53 56 20 66 61 6C 73 65 00 
09-02 11:32:01.718 14031 14031 E adbd    : service_to_fd: shell,v2,TERM=xterm-256color,raw:am start-foreground-service -n "com.example.batterymanager_utility/com.example.batterymanager_utility.DataCollectionService" --ei sampleRate 100 --es "dataFields" "BATTERY_PROPERTY_CURRENT_NOW,EXTRA_VOLTAGE" --ez toCSV false
09-02 11:32:01.808 28250 28250 I BatteryMgr:DataCollectionService: onStartCommand: begin
09-02 11:32:01.809 28250 28250 I BatteryMgr:DataCollectionService: onStartCommand: sampleRate => 100
09-02 11:32:01.810 28250 28250 I BatteryMgr:DataCollectionService: onStartCommand: rawFields => Timestamp,BATTERY_PROPERTY_CURRENT_NOW,EXTRA_VOLTAGE
09-02 11:32:01.812 28250 28250 I BatteryMgr:DataCollectionService: onStartCommand: notification done
09-02 11:32:01.814 28250 28250 D Notification: allPendingIntents
09-02 11:32:01.815 28250 28250 I BatteryMgr:DataCollectionService: started foreground
09-02 11:32:01.818  3979  3995 D ApplicationPolicy: isStatusBarNotificationAllowedAsUser: packageName = android,userId = 0
09-02 11:32:01.818  3979  3995 D API test: getContainerInfo: value is 
09-02 11:32:01.819  3979  3995 D ApplicationPolicy: isStatusBarNotificationAllowedAsUser: packageName = android,userId = 0
09-02 11:32:01.819  3979  3995 D API test: getContainerInfo: value is 
09-02 11:32:01.819  3979  3995 D ApplicationPolicy: isStatusBarNotificationAllowedAsUser: packageName = com.example.batterymanager_utility,userId = 0
09-02 11:32:01.820  3979  3995 D API test: getContainerInfo: value is 
