09-01 19:20:40.414  3845  3896 D StrictMode: 	at java.lang.Thread.run(Thread.java:923)
09-01 19:20:40.415  1513  3223 D ConnectivityService: requestNetwork for uid/pid:10216/3845 NetworkRequest [ TRACK_DEFAULT id=1529, [ Capabilities: INTERNET&NOT_RESTRICTED&TRUSTED Uid: 10216 AdministratorUids: [] RequestorUid: 10216 RequestorPackageName: com.google.android.youtube] ]
09-01 19:20:40.416  1513  2000 D ConnectivityService: NetReassign [1529 : null → 100]
09-01 19:20:40.416  3845  3909 I android.youtub: The ClassLoaderContext is a special shared library.
09-01 19:20:40.416  1513  1996 D WifiNetworkFactory: got request NetworkRequest [ TRACK_DEFAULT id=1529, [ Capabilities: INTERNET&NOT_RESTRICTED&TRUSTED Uid: 10216 AdministratorUids: [] RequestorUid: 10216 RequestorPackageName: com.google.android.youtube] ] with score 60 and providerId 5
09-01 19:20:40.416  1513  1996 D UntrustedWifiNetworkFactory: got request NetworkRequest [ TRACK_DEFAULT id=1529, [ Capabilities: INTERNET&NOT_RESTRICTED&TRUSTED Uid: 10216 AdministratorUids: [] RequestorUid: 10216 RequestorPackageName: com.google.android.youtube] ] with score 60 and providerId 5
09-01 19:20:40.416  1513  2038 D Ethernet: got request NetworkRequest [ TRACK_DEFAULT id=1529, [ Capabilities: INTERNET&NOT_RESTRICTED&TRUSTED Uid: 10216 AdministratorUids: [] RequestorUid: 10216 RequestorPackageName: com.google.android.youtube] ] with score 60 and providerId 5
09-01 19:20:40.416  1513  2037 D WIFI_AWARE_FACTORY: got request NetworkRequest [ TRACK_DEFAULT id=1529, [ Capabilities: INTERNET&NOT_RESTRICTED&TRUSTED Uid: 10216 AdministratorUids: [] RequestorUid: 10216 RequestorPackageName: com.google.android.youtube] ] with score 60 and providerId 5
09-01 19:20:40.416  2474  2474 D PhoneSwitcherNetworkRequstListener: got request NetworkRequest [ TRACK_DEFAULT id=1529, [ Capabilities: INTERNET&NOT_RESTRICTED&TRUSTED Uid: 10216 AdministratorUids: [] RequestorUid: 10216 RequestorPackageName: com.google.android.youtube] ] with score 60 and providerId 5
09-01 19:20:40.459  1513  2263 D ConnectivityService: requestNetwork for uid/pid:10216/3845 NetworkRequest [ TRACK_DEFAULT id=1530, [ Capabilities: INTERNET&NOT_RESTRICTED&TRUSTED Uid: 10216 AdministratorUids: [] RequestorUid: 10216 RequestorPackageName: com.google.android.youtube] ]
09-01 19:20:40.460  1513  2000 D ConnectivityService: NetReassign [1530 : null → 100]
09-01 19:20:40.460  1513  1996 D WifiNetworkFactory: got request NetworkRequest [ TRACK_DEFAULT id=1530, [ Capabilities: INTERNET&NOT_RESTRICTED&TRUSTED Uid: 10216 AdministratorUids: [] RequestorUid: 10216 RequestorPackageName: com.google.android.youtube] ] with score 60 and providerId 5
09-01 19:20:40.460  1513  1996 D UntrustedWifiNetworkFactory: got request NetworkRequest [ TRACK_DEFAULT id=1530, [ Capabilities: INTERNET&NOT_RESTRICTED&TRUSTED Uid: 10216 AdministratorUids: [] RequestorUid: 10216 RequestorPackageName: com.google.android.youtube] ] with score 60 and providerId 5
09-01 19:20:40.460  1513  2038 D Ethernet: got request NetworkRequest [ TRACK_DEFAULT id=1530, [ Capabilities: INTERNET&NOT_RESTRICTED&TRUSTED Uid: 10216 AdministratorUids: [] RequestorUid: 10216 RequestorPackageName: com.google.android.youtube] ] with score 60 and providerId 5
09-01 19:20:40.460  1513  2037 D WIFI_AWARE_FACTORY: got request NetworkRequest [ TRACK_DEFAULT id=1530, [ Capabilities: INTERNET&NOT_RESTRICTED&TRUSTED Uid: 10216 AdministratorUids: [] RequestorUid: 10216 RequestorPackageName: com.google.android.youtube] ] with score 60 and providerId 5
09-01 19:20:40.461  2474  2474 D PhoneSwitcherNetworkRequstListener: got request NetworkRequest [ TRACK_DEFAULT id=1530, [ Capabilities: INTERNET&NOT_RESTRICTED&TRUSTED Uid: 10216 AdministratorUids: [] RequestorUid: 10216 RequestorPackageName: com.google.android.youtube] ] with score 60 and providerId 5
09-01 19:20:40.480  3824  3877 I WM-WorkerWrapper: Worker result SUCCESS for Work [ id=f7fafa04-36a9-4cb7-84c1-5302f3b3272c, tags={ com.google.android.apps.gcs.service.worker.GcsWorker } ]
09-01 19:20:40.487  3824  3877 I WM-WorkerWrapper: Worker result SUCCESS for Work [ id=8c96d523-4592-4a48-bfbe-bc35e062bbef, tags={ com.google.android.apps.gcs.service.worker.GcsWorker } ]
09-01 19:20:40.495  3824  3881 W WM-Processor: Didn't find WorkSpec for id WorkGenerationalId(workSpecId=d2624b77-5f27-4a2d-9a39-a229e27fb0e8, generation=0)
09-01 19:20:40.499  3824  3881 I WM-WorkerWrapper: Work [ id=d2624b77-5f27-4a2d-9a39-a229e27fb0e8, tags={ com.google.android.apps.gcs.service.worker.GcsWorker } ] was cancelled
09-01 19:20:40.499  3824  3881 I WM-WorkerWrapper: java.util.concurrent.CancellationException: Task was cancelled.
09-01 19:20:40.499  3824  3881 I WM-WorkerWrapper: 	at agr.n(PG:3)
09-01 19:20:40.499  3824  3881 I WM-WorkerWrapper: 	at agr.get(PG:4)
09-01 19:20:40.499  3824  3881 I WM-WorkerWrapper: 	at abn.run(PG:1)
09-01 19:20:40.499  3824  3881 I WM-WorkerWrapper: 	at agg.run(PG:1)
09-01 19:20:40.499  3824  3881 I WM-WorkerWrapper: 	at java.util.concurrent.ThreadPoolExecutor.runWorker(ThreadPoolExecutor.java:1167)
09-01 19:20:40.499  3824  3881 I WM-WorkerWrapper: 	at java.util.concurrent.ThreadPoolExecutor$Worker.run(ThreadPoolExecutor.java:641)
09-01 19:20:40.499  3824  3881 I WM-WorkerWrapper: 	at java.lang.Thread.run(Thread.java:923)
09-01 19:20:40.499  3824  3927 W Gcs     : [8082] btm.h: Bridge not ready to run
09-01 19:20:40.520  3845  3938 D CompatibilityChangeReporter: Compat change id reported: 147600208; UID 10216; state: ENABLED
09-01 19:20:40.552  3824  3868 D PhenotypeContext: Application doesn't implement PhenotypeApplication interface, falling back to globally set context. See go/phenotype-flag#process-stable-init for more info.
09-01 19:20:40.569  3824  3884 I WM-WorkerWrapper: Worker result SUCCESS for Work [ id=2bd27683-2259-4467-a466-630997ca08b5, tags={ com.google.android.libraries.vpn.gcs.core.common.work.framework.GcsLibWorker, cgalvgcGcsLib } ]
09-01 19:20:40.609  1075 31806 W ServiceManager: Permission failure: android.permission.SYSTEM_CAMERA from uid=10216 pid=3845
09-01 19:20:40.619  1075 31806 I chatty  : uid=1047(cameraserver) Binder:1075_D identical 5 lines
09-01 19:20:40.620  1075 31806 W ServiceManager: Permission failure: android.permission.SYSTEM_CAMERA from uid=10216 pid=3845
09-01 19:20:40.622  3824  3884 I WM-WorkerWrapper: Worker result SUCCESS for Work [ id=417df5f6-de61-4bd3-99f6-eb5251cbb735, tags={ com.google.android.apps.gcs.service.worker.GcsWorker } ]
09-01 19:20:40.625  3428  3461 I mozilla.firefo: Background young concurrent copying GC freed 431841(19MB) AllocSpace objects, 99(3484KB) LOS objects, 94% free, 5955KB/101MB, paused 194us total 101.562ms
09-01 19:20:40.636  1513  2000 D ConnectivityService: releasing NetworkRequest [ TRACK_DEFAULT id=1526, [ Capabilities: INTERNET&NOT_RESTRICTED&TRUSTED Uid: 10146 AdministratorUids: [] RequestorUid: 10146 RequestorPackageName: com.google.android.apps.gcs] ] (release request)
09-01 19:20:40.696  1513  3223 I system_server: oneway function results will be dropped but finished with status OK and parcel size 4
09-01 19:20:40.698  1513  3223 I chatty  : uid=1000(system) Binder:1513_11 identical 10 lines
09-01 19:20:40.698  1513  3223 I system_server: oneway function results will be dropped but finished with status OK and parcel size 4
09-01 19:20:40.793  1513  3223 D ConnectivityService: requestNetwork for uid/pid:10216/3845 NetworkRequest [ TRACK_DEFAULT id=1531, [ Capabilities: INTERNET&NOT_RESTRICTED&TRUSTED Uid: 10216 AdministratorUids: [] RequestorUid: 10216 RequestorPackageName: com.google.android.youtube] ]
09-01 19:20:40.793  1513  2000 D ConnectivityService: NetReassign [1531 : null → 100]
09-01 19:20:40.793  1513  1996 D WifiNetworkFactory: got request NetworkRequest [ TRACK_DEFAULT id=1531, [ Capabilities: INTERNET&NOT_RESTRICTED&TRUSTED Uid: 10216 AdministratorUids: [] RequestorUid: 10216 RequestorPackageName: com.google.android.youtube] ] with score 60 and providerId 5
09-01 19:20:40.794  1513  2038 D Ethernet: got request NetworkRequest [ TRACK_DEFAULT id=1531, [ Capabilities: INTERNET&NOT_RESTRICTED&TRUSTED Uid: 10216 AdministratorUids: [] RequestorUid: 10216 RequestorPackageName: com.google.android.youtube] ] with score 60 and providerId 5
09-01 19:20:40.794  1513  2037 D WIFI_AWARE_FACTORY: got request NetworkRequest [ TRACK_DEFAULT id=1531, [ Capabilities: INTERNET&NOT_RESTRICTED&TRUSTED Uid: 10216 AdministratorUids: [] RequestorUid: 10216 RequestorPackageName: com.google.android.youtube] ] with score 60 and providerId 5
09-01 19:20:40.794  1513  1996 D UntrustedWifiNetworkFactory: got request NetworkRequest [ TRACK_DEFAULT id=1531, [ Capabilities: INTERNET&NOT_RESTRICTED&TRUSTED Uid: 10216 AdministratorUids: [] RequestorUid: 10216 RequestorPackageName: com.google.android.youtube] ] with score 60 and providerId 5
09-01 19:20:40.794  2474  2474 D PhoneSwitcherNetworkRequstListener: got request NetworkRequest [ TRACK_DEFAULT id=1531, [ Capabilities: INTERNET&NOT_RESTRICTED&TRUSTED Uid: 10216 AdministratorUids: [] RequestorUid: 10216 RequestorPackageName: com.google.android.youtube] ] with score 60 and providerId 5
09-01 19:20:40.949   901  2806 I sensors-hal: [ssc_utils]get_qmi_debug_flag:244, support_qmi_debug : false
09-01 19:20:40.964   901  1000 W ASH     : @ 34027.418: Unhandled msg ID 999: line 1277
09-01 19:20:40.965   901  1000 E ASH     : @ 34027.418: No pb callback assigned
09-01 19:20:40.965   901  1000 E ASH     : @ 34027.418: Nanopb error: callback failed:1588
09-01 19:20:41.018   901  1000 I ASH     : @ 34027.471: tcs3701: ADC is saturated, removed sample from FIFO.
09-01 19:20:41.044  1513  3223 D ConnectivityService: requestNetwork for uid/pid:10216/3845 NetworkRequest [ TRACK_DEFAULT id=1532, [ Capabilities: INTERNET&NOT_RESTRICTED&TRUSTED Uid: 10216 AdministratorUids: [] RequestorUid: 10216 RequestorPackageName: com.google.android.youtube] ]
09-01 19:20:41.044  1513  2000 D ConnectivityService: NetReassign [1532 : null → 100]
09-01 19:20:41.045  1513  1996 D WifiNetworkFactory: got request NetworkRequest [ TRACK_DEFAULT id=1532, [ Capabilities: INTERNET&NOT_RESTRICTED&TRUSTED Uid: 10216 AdministratorUids: [] RequestorUid: 10216 RequestorPackageName: com.google.android.youtube] ] with score 60 and providerId 5
09-01 19:20:41.045  1513  2038 D Ethernet: got request NetworkRequest [ TRACK_DEFAULT id=1532, [ Capabilities: INTERNET&NOT_RESTRICTED&TRUSTED Uid: 10216 AdministratorUids: [] RequestorUid: 10216 RequestorPackageName: com.google.android.youtube] ] with score 60 and providerId 5
09-01 19:20:41.045  1513  2037 D WIFI_AWARE_FACTORY: got request NetworkRequest [ TRACK_DEFAULT id=1532, [ Capabilities: INTERNET&NOT_RESTRICTED&TRUSTED Uid: 10216 AdministratorUids: [] RequestorUid: 10216 RequestorPackageName: com.google.android.youtube] ] with score 60 and providerId 5
09-01 19:20:41.045  1513  1996 D UntrustedWifiNetworkFactory: got request NetworkRequest [ TRACK_DEFAULT id=1532, [ Capabilities: INTERNET&NOT_RESTRICTED&TRUSTED Uid: 10216 AdministratorUids: [] RequestorUid: 10216 RequestorPackageName: com.google.android.youtube] ] with score 60 and providerId 5
09-01 19:20:41.045  2474  2474 D PhoneSwitcherNetworkRequstListener: got request NetworkRequest [ TRACK_DEFAULT id=1532, [ Capabilities: INTERNET&NOT_RESTRICTED&TRUSTED Uid: 10216 AdministratorUids: [] RequestorUid: 10216 RequestorPackageName: com.google.android.youtube] ] with score 60 and providerId 5
09-01 19:20:41.059  1513  2000 D ConnectivityService: releasing NetworkRequest [ TRACK_DEFAULT id=1532, [ Capabilities: INTERNET&NOT_RESTRICTED&TRUSTED Uid: 10216 AdministratorUids: [] RequestorUid: 10216 RequestorPackageName: com.google.android.youtube] ] (release request)
09-01 19:20:41.939   908   950 D rlsservice: MonitorDisplayStatus client num 1, display status 1, sensor status 0
09-01 19:20:42.165   901  1000 D VSC     : @ 34028.618: [WO] tilt angle 89
09-01 19:20:42.608  1513  2013 D CompatibilityChangeReporter: Compat change id reported: 135634846; UID 10220; state: DISABLED
09-01 19:20:42.608  1513  2013 D CompatibilityChangeReporter: Compat change id reported: 135754954; UID 10220; state: ENABLED
09-01 19:20:42.609  1513  1625 D CompatibilityChangeReporter: Compat change id reported: 143937733; UID 10220; state: ENABLED
09-01 19:20:42.620   778   778 D Zygote  : Forked child process 4007
09-01 19:20:42.622  1513  1625 I ActivityManager: Start proc 4007:com.android.chrome/u0a220 for service {com.android.chrome/org.chromium.chrome.browser.customtabs.CustomTabsConnectionService}
09-01 19:20:42.630  1513  1537 D CompatibilityChangeReporter: Compat change id reported: 135634846; UID 10182; state: DISABLED
09-01 19:20:42.630  1513  1537 D CompatibilityChangeReporter: Compat change id reported: 135754954; UID 10182; state: ENABLED
09-01 19:20:42.630  1513  1625 D CompatibilityChangeReporter: Compat change id reported: 143937733; UID 10182; state: ENABLED
09-01 19:20:42.639   778   778 D Zygote  : Forked child process 4026
09-01 19:20:42.639  1513  1625 I ActivityManager: Start proc 4026:com.google.android.apps.wellbeing/u0a182 for content provider {com.google.android.apps.wellbeing/com.google.android.apps.wellbeing.api.impl.WellbeingSettingsProvider}
09-01 19:20:42.640  4007  4007 E .android.chrom: Not starting debugger since process cannot load the jdwp agent.
09-01 19:20:42.652  2816 10247 I FontLog : Received query Noto Color Emoji Compat, URI content://com.google.android.gms.fonts [CONTEXT service_id=132 ]
09-01 19:20:42.652  2816 10247 I FontLog : Query [Noto Color Emoji Compat] resolved to {Noto Color Emoji Compat, wdth 100.0, wght 400, ital 0.0, bestEffort false} [CONTEXT service_id=132 ]
09-01 19:20:42.652  4026  4026 E .apps.wellbein: Not starting debugger since process cannot load the jdwp agent.
09-01 19:20:42.654  2816 10247 I FontLog : Fetch {Noto Color Emoji Compat, wdth 100.0, wght 400, ital 0.0, bestEffort false} end status Status{statusCode=SUCCESS, resolution=null} [CONTEXT service_id=132 ]
09-01 19:20:42.670  4007  4007 W .android.chrom: JIT profile information will not be recorded: profile file does not exist.
09-01 19:20:42.671  2816 10247 I FontLog : Pulling font file for id = 1094, cache size = 7 [CONTEXT service_id=132 ]
09-01 19:20:42.678  2816 10247 I FontLog : Pulling font file for id = 1094, cache size = 7 [CONTEXT service_id=132 ]
09-01 19:20:42.682  4026  4026 I .apps.wellbein: The ClassLoaderContext is a special shared library.
09-01 19:20:42.719  4007  4007 I LoadedApk: No resource references to update in package com.google.android.trichromelibrary
09-01 19:20:42.719  4007  4007 D NetworkSecurityConfig: Using Network Security Config from resource 0_resource_name_obfuscated debugBuild: false
09-01 19:20:42.720  4007  4007 D NetworkSecurityConfig: Using Network Security Config from resource 0_resource_name_obfuscated debugBuild: false
09-01 19:20:42.721  4007  4007 I cr_SplitCompatApp: Launched version=107.0.5304.91 minSdkVersion=29 isBundle=true processName=com.android.chrome isIsolated=false
09-01 19:20:42.742  1513  2000 D ConnectivityService: NetReassign [no changes]
09-01 19:20:42.755  4026  4026 D NetworkSecurityConfig: No Network Security Config specified, using platform default
09-01 19:20:42.755  4026  4026 D NetworkSecurityConfig: No Network Security Config specified, using platform default
09-01 19:20:42.756  4026  4026 I MultiDex: VM with version 2.1.0 has multidex support
09-01 19:20:42.756  4026  4026 I MultiDex: Installing application
09-01 19:20:42.756  4026  4026 I MultiDex: VM has multidex support, MultiDex support library is disabled.
09-01 19:20:42.810  3845  4004 I FA      : App measurement initialized, version: 75018
09-01 19:20:42.810  3845  4004 I FA      : To enable debug logging run: adb shell setprop log.tag.FA VERBOSE
09-01 19:20:42.810  3845  4004 I FA      : To enable faster debug mode event logging run:
09-01 19:20:42.810  3845  4004 I FA      :   adb shell setprop debug.firebase.analytics.app com.google.android.youtube
09-01 19:20:42.826  2816 10247 I FontLog : Received query Google Sans:700, URI content://com.google.android.gms.fonts [CONTEXT service_id=132 ]
09-01 19:20:42.826  2816 10247 I FontLog : Query [Google Sans:700] resolved to {Google Sans, wdth 100.0, wght 700, ital 0.0, bestEffort false} [CONTEXT service_id=132 ]
09-01 19:20:42.828  2816 10247 I FontLog : Fetch {Google Sans, wdth 100.0, wght 700, ital 0.0, bestEffort false} end status Status{statusCode=SUCCESS, resolution=null} [CONTEXT service_id=132 ]
09-01 19:20:42.830  3845  3938 D StrictMode: StrictMode policy violation; ~duration=177 ms: android.os.strictmode.DiskReadViolation
09-01 19:20:42.830  3845  3938 D StrictMode: 	at android.os.StrictMode$AndroidBlockGuardPolicy.onReadFromDisk(StrictMode.java:1596)
09-01 19:20:42.830  3845  3938 D StrictMode: 	at libcore.io.BlockGuardOs.access(BlockGuardOs.java:71)
09-01 19:20:42.830  3845  3938 D StrictMode: 	at libcore.io.ForwardingOs.access(ForwardingOs.java:72)
09-01 19:20:42.830  3845  3938 D StrictMode: 	at android.app.ActivityThread$AndroidOs.access(ActivityThread.java:7537)
09-01 19:20:42.830  3845  3938 D StrictMode: 	at java.io.UnixFileSystem.checkAccess(UnixFileSystem.java:281)
09-01 19:20:42.830  3845  3938 D StrictMode: 	at java.io.File.exists(File.java:815)
09-01 19:20:42.830  3845  3938 D StrictMode: 	at akcc.b(:com.google.android.gms@224312037@22.43.12 (150400-483592595):1)
09-01 19:20:42.830  3845  3938 D StrictMode: 	at akdf.e(:com.google.android.gms@224312037@22.43.12 (150400-483592595):13)
09-01 19:20:42.830  3845  3938 D StrictMode: 	at akdf.b(:com.google.android.gms@224312037@22.43.12 (150400-483592595):6)
09-01 19:20:42.830  3845  3938 D StrictMode: 	at akdi.query(:com.google.android.gms@224312037@22.43.12 (150400-483592595):11)
09-01 19:20:42.830  3845  3938 D StrictMode: 	at wwe.query(:com.google.android.gms@224312037@22.43.12 (150400-483592595):3)
09-01 19:20:42.830  3845  3938 D StrictMode: 	at android.content.ContentProvider.query(ContentProvider.java:1379)
09-01 19:20:42.830  3845  3938 D StrictMode: 	at gje.superQuery(:com.google.android.gms@224312037@22.43.12 (150400-483592595):2)
09-01 19:20:42.830  3845  3938 D StrictMode: 	at com.google.android.chimera.ContentProvider.query(:com.google.android.gms@224312037@22.43.12 (150400-483592595):2)
09-01 19:20:42.830  3845  3938 D StrictMode: 	at wwe.query(:com.google.android.gms@224312037@22.43.12 (150400-483592595):8)
09-01 19:20:42.830  3845  3938 D StrictMode: 	at android.content.ContentProvider.query(ContentProvider.java:1475)
09-01 19:20:42.830  3845  3938 D StrictMode: 	at gje.superQuery(:com.google.android.gms@224312037@22.43.12 (150400-483592595):1)
09-01 19:20:42.830  3845  3938 D StrictMode: 	at com.google.android.chimera.ContentProvider.query(:com.google.android.gms@224312037@22.43.12 (150400-483592595):1)
09-01 19:20:42.830  3845  3938 D StrictMode: 	at gje.query(:com.google.android.gms@224312037@22.43.12 (150400-483592595):2)
09-01 19:20:42.830  3845  3938 D StrictMode: 	at android.content.ContentProvider$Transport.query(ContentProvider.java:278)
09-01 19:20:42.830  3845  3938 D StrictMode: 	at android.content.ContentProviderNative.onTransact(ContentProviderNative.java:106)
09-01 19:20:42.830  3845  3938 D StrictMode: 	at android.os.Binder.execTransactInternal(Binder.java:1154)
09-01 19:20:42.830  3845  3938 D StrictMode: 	at android.os.Binder.execTransact(Binder.java:1123)
09-01 19:20:42.830  3845  3938 D StrictMode: # via Binder call with stack:
09-01 19:20:42.830  3845  3938 D StrictMode: 	at android.os.StrictMode.readAndHandleBinderCallViolations(StrictMode.java:2358)
09-01 19:20:42.830  3845  3938 D StrictMode: 	at android.os.Parcel.readExceptionCode(Parcel.java:2318)
09-01 19:20:42.830  3845  3938 D StrictMode: 	at android.database.DatabaseUtils.readExceptionFromParcel(DatabaseUtils.java:139)
09-01 19:20:42.830  3845  3938 D StrictMode: 	at android.content.ContentProviderProxy.query(ContentProviderNative.java:472)
09-01 19:20:42.830  3845  3938 D StrictMode: 	at android.content.ContentResolver.query(ContentResolver.java:1183)
09-01 19:20:42.830  3845  3938 D StrictMode: 	at android.content.ContentResolver.query(ContentResolver.java:1115)
09-01 19:20:42.830  3845  3938 D StrictMode: 	at ajt.a(PG:1)
09-01 19:20:42.830  3845  3938 D StrictMode: 	at aju.a(PG:30)
09-01 19:20:42.830  3845  3938 D StrictMode: 	at ary.a(PG:1)
09-01 19:20:42.830  3845  3938 D StrictMode: 	at vs.run(PG:20)
09-01 19:20:42.830  3845  3938 D StrictMode: 	at android.os.Handler.handleCallback(Handler.java:938)
09-01 19:20:42.830  3845  3938 D StrictMode: 	at android.os.Handler.dispatchMessage(Handler.java:99)
09-01 19:20:42.830  3845  3938 D StrictMode: 	at android.os.Looper.loop(Looper.java:223)
09-01 19:20:42.830  3845  3938 D StrictMode: 	at ocj.run(PG:4)
09-01 19:20:42.830  3845  3938 D StrictMode: 	at nlt.run(PG:33)
09-01 19:20:42.830  3845  3938 D StrictMode: 	at com.google.android.apps.youtube.embeddedplayer.service.jar.client.s.run(PG:15)
09-01 19:20:42.830  3845  3938 D StrictMode: 	at java.lang.Thread.run(Thread.java:923)
09-01 19:20:42.830  3845  3938 D StrictMode: StrictMode policy violation; ~duration=177 ms: android.os.strictmode.DiskReadViolation
09-01 19:20:42.830  3845  3938 D StrictMode: 	at android.os.StrictMode$AndroidBlockGuardPolicy.onReadFromDisk(StrictMode.java:1596)
09-01 19:20:42.830  3845  3938 D StrictMode: 	at java.io.UnixFileSystem.getBooleanAttributes(UnixFileSystem.java:250)
09-01 19:20:42.830  3845  3938 D StrictMode: 	at java.io.File.isDirectory(File.java:845)
09-01 19:20:42.830  3845  3938 D StrictMode: 	at akcc.b(:com.google.android.gms@224312037@22.43.12 (150400-483592595):2)
09-01 19:20:42.830  3845  3938 D StrictMode: 	at akdf.e(:com.google.android.gms@224312037@22.43.12 (150400-483592595):13)
09-01 19:20:42.830  3845  3938 D StrictMode: 	at akdf.b(:com.google.android.gms@224312037@22.43.12 (150400-483592595):6)
09-01 19:20:42.830  3845  3938 D StrictMode: 	at akdi.query(:com.google.android.gms@224312037@22.43.12 (150400-483592595):11)
09-01 19:20:42.830  3845  3938 D StrictMode: 	at wwe.query(:com.google.android.gms@224312037@22.43.12 (150400-483592595):3)
09-01 19:20:42.830  3845  3938 D StrictMode: 	at android.content.ContentProvider.query(ContentProvider.java:1379)
09-01 19:20:42.830  3845  3938 D StrictMode: 	at gje.superQuery(:com.google.android.gms@224312037@22.43.12 (150400-483592595):2)
09-01 19:20:42.830  3845  3938 D StrictMode: 	at com.google.android.chimera.ContentProvider.query(:com.google.android.gms@224312037@22.43.12 (150400-483592595):2)
09-01 19:20:42.830  3845  3938 D StrictMode: 	at wwe.query(:com.google.android.gms@224312037@22.43.12 (150400-483592595):8)
09-01 19:20:42.830  3845  3938 D StrictMode: 	at android.content.ContentProvider.query(ContentProvider.java:1475)
09-01 19:20:42.830  3845  3938 D StrictMode: 	at gje.superQuery(:com.google.android.gms@224312037@22.43.12 (150400-483592595):1)
09-01 19:20:42.830  3845  3938 D StrictMode: 	at com.google.android.chimera.ContentProvider.query(:com.google.android.gms@224312037@22.43.12 (150400-483592595):1)
09-01 19:20:42.830  3845  3938 D StrictMode: 	at gje.query(:com.google.android.gms@224312037@22.43.12 (150400-483592595):2)
09-01 19:20:42.830  3845  3938 D StrictMode: 	at android.content.ContentProvider$Transport.query(ContentProvider.java:278)
09-01 19:20:42.830  3845  3938 D StrictMode: 	at android.content.ContentProviderNative.onTransact(ContentProviderNative.java:106)
09-01 19:20:42.830  3845  3938 D StrictMode: 	at android.os.Binder.execTransactInternal(Binder.java:1154)
09-01 19:20:42.830  3845  3938 D StrictMode: 	at android.os.Binder.execTransact(Binder.java:1123)
09-01 19:20:42.830  3845  3938 D StrictMode: # via Binder call with stack:
09-01 19:20:42.830  3845  3938 D StrictMode: 	at android.os.StrictMode.readAndHandleBinderCallViolations(StrictMode.java:2358)
09-01 19:20:42.830  3845  3938 D StrictMode: 	at android.os.Parcel.readExceptionCode(Parcel.java:2318)
09-01 19:20:42.830  3845  3938 D StrictMode: 	at android.database.DatabaseUtils.readExceptionFromParcel(DatabaseUtils.java:139)
09-01 19:20:42.830  3845  3938 D StrictMode: 	at android.content.ContentProviderProxy.query(ContentProviderNative.java:472)
09-01 19:20:42.830  3845  3938 D StrictMode: 	at android.content.ContentResolver.query(ContentResolver.java:1183)
09-01 19:20:42.830  3845  3938 D StrictMode: 	at android.content.ContentResolver.query(ContentResolver.java:1115)
09-01 19:20:42.830  3845  3938 D StrictMode: 	at ajt.a(PG:1)
09-01 19:20:42.830  3845  3938 D StrictMode: 	at aju.a(PG:30)
09-01 19:20:42.830  3845  3938 D StrictMode: 	at ary.a(PG:1)
09-01 19:20:42.830  3845  3938 D StrictMode: 	at vs.run(PG:20)
09-01 19:20:42.830  3845  3938 D StrictMode: 	at android.os.Handler.handleCallback(Handler.java:938)
09-01 19:20:42.830  3845  3938 D StrictMode: 	at android.os.Handler.dispatchMessage(Handler.java:99)
09-01 19:20:42.830  3845  3938 D StrictMode: 	at android.os.Looper.loop(Looper.java:223)
09-01 19:20:42.830  3845  3938 D StrictMode: 	at ocj.run(PG:4)
09-01 19:20:42.830  3845  3938 D StrictMode: 	at nlt.run(PG:33)
09-01 19:20:42.830  3845  3938 D StrictMode: 	at com.google.android.apps.youtube.embeddedplayer.service.jar.client.s.run(PG:15)
09-01 19:20:42.830  3845  3938 D StrictMode: 	at java.lang.Thread.run(Thread.java:923)
09-01 19:20:42.831  3845  3938 D StrictMode: StrictMode policy violation; ~duration=176 ms: android.os.strictmode.DiskReadViolation
09-01 19:20:42.831  3845  3938 D StrictMode: 	at android.os.StrictMode$AndroidBlockGuardPolicy.onReadFromDisk(StrictMode.java:1596)
09-01 19:20:42.831  3845  3938 D StrictMode: 	at libcore.io.BlockGuardOs.stat(BlockGuardOs.java:389)
09-01 19:20:42.831  3845  3938 D StrictMode: 	at libcore.io.ForwardingOs.stat(ForwardingOs.java:221)
09-01 19:20:42.831  3845  3938 D StrictMode: 	at android.app.ActivityThread$AndroidOs.stat(ActivityThread.java:7560)
09-01 19:20:42.831  3845  3938 D StrictMode: 	at java.io.UnixFileSystem.getLength(UnixFileSystem.java:298)
09-01 19:20:42.831  3845  3938 D StrictMode: 	at java.io.File.length(File.java:970)
09-01 19:20:42.831  3845  3938 D StrictMode: 	at akcc.b(:com.google.android.gms@224312037@22.43.12 (150400-483592595):3)
09-01 19:20:42.831  3845  3938 D StrictMode: 	at akdf.e(:com.google.android.gms@224312037@22.43.12 (150400-483592595):13)
09-01 19:20:42.831  3845  3938 D StrictMode: 	at akdf.b(:com.google.android.gms@224312037@22.43.12 (150400-483592595):6)
09-01 19:20:42.831  3845  3938 D StrictMode: 	at akdi.query(:com.google.android.gms@224312037@22.43.12 (150400-483592595):11)
09-01 19:20:42.831  3845  3938 D StrictMode: 	at wwe.query(:com.google.android.gms@224312037@22.43.12 (150400-483592595):3)
09-01 19:20:42.831  3845  3938 D StrictMode: 	at android.content.ContentProvider.query(ContentProvider.java:1379)
09-01 19:20:42.831  3845  3938 D StrictMode: 	at gje.superQuery(:com.google.android.gms@224312037@22.43.12 (150400-483592595):2)
09-01 19:20:42.831  3845  3938 D StrictMode: 	at com.google.android.chimera.ContentProvider.query(:com.google.android.gms@224312037@22.43.12 (150400-483592595):2)
09-01 19:20:42.831  3845  3938 D StrictMode: 	at wwe.query(:com.google.android.gms@224312037@22.43.12 (150400-483592595):8)
09-01 19:20:42.831  3845  3938 D StrictMode: 	at android.content.ContentProvider.query(ContentProvider.java:1475)
09-01 19:20:42.831  3845  3938 D StrictMode: 	at gje.superQuery(:com.google.android.gms@224312037@22.43.12 (150400-483592595):1)
09-01 19:20:42.831  3845  3938 D StrictMode: 	at com.google.android.chimera.ContentProvider.query(:com.google.android.gms@224312037@22.43.12 (150400-483592595):1)
09-01 19:20:42.831  3845  3938 D StrictMode: 	at gje.query(:com.google.android.gms@224312037@22.43.12 (150400-483592595):2)
09-01 19:20:42.831  3845  3938 D StrictMode: 	at android.content.ContentProvider$Transport.query(ContentProvider.java:278)
09-01 19:20:42.831  3845  3938 D StrictMode: 	at android.content.ContentProviderNative.onTransact(ContentProviderNative.java:106)
09-01 19:20:42.831  3845  3938 D StrictMode: 	at android.os.Binder.execTransactInternal(Binder.java:1154)
09-01 19:20:42.831  3845  3938 D StrictMode: 	at android.os.Binder.execTransact(Binder.java:1123)
09-01 19:20:42.831  3845  3938 D StrictMode: # via Binder call with stack:
09-01 19:20:42.831  3845  3938 D StrictMode: 	at android.os.StrictMode.readAndHandleBinderCallViolations(StrictMode.java:2358)
09-01 19:20:42.831  3845  3938 D StrictMode: 	at android.os.Parcel.readExceptionCode(Parcel.java:2318)
09-01 19:20:42.831  3845  3938 D StrictMode: 	at android.database.DatabaseUtils.readExceptionFromParcel(DatabaseUtils.java:139)
09-01 19:20:42.831  3845  3938 D StrictMode: 	at android.content.ContentProviderProxy.query(ContentProviderNative.java:472)
09-01 19:20:42.831  3845  3938 D StrictMode: 	at android.content.ContentResolver.query(ContentResolver.java:1183)
09-01 19:20:42.831  3845  3938 D StrictMode: 	at android.content.ContentResolver.query(ContentResolver.java:1115)
09-01 19:20:42.831  3845  3938 D StrictMode: 	at ajt.a(PG:1)
09-01 19:20:42.831  3845  3938 D StrictMode: 	at aju.a(PG:30)
09-01 19:20:42.831  3845  3938 D StrictMode: 	at ary.a(PG:1)
09-01 19:20:42.831  3845  3938 D StrictMode: 	at vs.run(PG:20)
09-01 19:20:42.831  3845  3938 D StrictMode: 	at android.os.Handler.handleCallback(Handler.java:938)
09-01 19:20:42.831  3845  3938 D StrictMode: 	at android.os.Handler.dispatchMessage(Handler.java:99)
09-01 19:20:42.831  3845  3938 D StrictMode: 	at android.os.Looper.loop(Looper.java:223)
09-01 19:20:42.831  3845  3938 D StrictMode: 	at ocj.run(PG:4)
09-01 19:20:42.831  3845  3938 D StrictMode: 	at nlt.run(PG:33)
09-01 19:20:42.831  3845  3938 D StrictMode: 	at com.google.android.apps.youtube.embeddedplayer.service.jar.client.s.run(PG:15)
09-01 19:20:42.831  3845  3938 D StrictMode: 	at java.lang.Thread.run(Thread.java:923)
09-01 19:20:42.831  3845  3938 D StrictMode: StrictMode policy violation; ~duration=157 ms: android.os.strictmode.DiskReadViolation
09-01 19:20:42.831  3845  3938 D StrictMode: 	at android.os.StrictMode$AndroidBlockGuardPolicy.onReadFromDisk(StrictMode.java:1596)
09-01 19:20:42.831  3845  3938 D StrictMode: 	at sun.nio.ch.FileDispatcherImpl.size(FileDispatcherImpl.java:106)
09-01 19:20:42.831  3845  3938 D StrictMode: 	at sun.nio.ch.FileChannelImpl.size(FileChannelImpl.java:359)
09-01 19:20:42.831  3845  3938 D StrictMode: 	at android.graphics.fonts.Font$Builder.<init>(Font.java:139)
09-01 19:20:42.831  3845  3938 D StrictMode: 	at android.graphics.fonts.Font$Builder.<init>(Font.java:125)
09-01 19:20:42.831  3845  3938 D StrictMode: 	at aij.b(PG:4)
09-01 19:20:42.831  3845  3938 D StrictMode: 	at aif.e(PG:1)
09-01 19:20:42.831  3845  3938 D StrictMode: 	at aer.b(PG:1)
09-01 19:20:42.831  3845  3938 D StrictMode: 	at ary.a(PG:14)
09-01 19:20:42.831  3845  3938 D StrictMode: 	at vs.run(PG:20)
09-01 19:20:42.831  3845  3938 D StrictMode: 	at android.os.Handler.handleCallback(Handler.java:938)
09-01 19:20:42.831  3845  3938 D StrictMode: 	at android.os.Handler.dispatchMessage(Handler.java:99)
09-01 19:20:42.831  3845  3938 D StrictMode: 	at android.os.Looper.loop(Looper.java:223)
09-01 19:20:42.831  3845  3938 D StrictMode: 	at ocj.run(PG:4)
09-01 19:20:42.831  3845  3938 D StrictMode: 	at nlt.run(PG:33)
09-01 19:20:42.831  3845  3938 D StrictMode: 	at com.google.android.apps.youtube.embeddedplayer.service.jar.client.s.run(PG:15)
09-01 19:20:42.831  3845  3938 D StrictMode: 	at java.lang.Thread.run(Thread.java:923)
09-01 19:20:42.831  3845  3938 D StrictMode: StrictMode policy violation; ~duration=157 ms: android.os.strictmode.DiskReadViolation
09-01 19:20:42.831  3845  3938 D StrictMode: 	at android.os.StrictMode$AndroidBlockGuardPolicy.onReadFromDisk(StrictMode.java:1596)
09-01 19:20:42.831  3845  3938 D StrictMode: 	at sun.nio.ch.FileDispatcherImpl.size(FileDispatcherImpl.java:106)
09-01 19:20:42.831  3845  3938 D StrictMode: 	at sun.nio.ch.FileChannelImpl.map(FileChannelImpl.java:945)
09-01 19:20:42.831  3845  3938 D StrictMode: 	at android.graphics.fonts.Font$Builder.<init>(Font.java:140)
09-01 19:20:42.831  3845  3938 D StrictMode: 	at android.graphics.fonts.Font$Builder.<init>(Font.java:125)
09-01 19:20:42.831  3845  3938 D StrictMode: 	at aij.b(PG:4)
09-01 19:20:42.831  3845  3938 D StrictMode: 	at aif.e(PG:1)
09-01 19:20:42.831  3845  3938 D StrictMode: 	at aer.b(PG:1)
09-01 19:20:42.831  3845  3938 D StrictMode: 	at ary.a(PG:14)
09-01 19:20:42.831  3845  3938 D StrictMode: 	at vs.run(PG:20)
09-01 19:20:42.831  3845  3938 D StrictMode: 	at android.os.Handler.handleCallback(Handler.java:938)
09-01 19:20:42.831  3845  3938 D StrictMode: 	at android.os.Handler.dispatchMessage(Handler.java:99)
09-01 19:20:42.831  3845  3938 D StrictMode: 	at android.os.Looper.loop(Looper.java:223)
09-01 19:20:42.831  3845  3938 D StrictMode: 	at ocj.run(PG:4)
09-01 19:20:42.831  3845  3938 D StrictMode: 	at nlt.run(PG:33)
09-01 19:20:42.831  3845  3938 D StrictMode: 	at com.google.android.apps.youtube.embeddedplayer.service.jar.client.s.run(PG:15)
09-01 19:20:42.831  3845  3938 D StrictMode: 	at java.lang.Thread.run(Thread.java:923)
09-01 19:20:42.832  3845  3938 D StrictMode: StrictMode policy violation; ~duration=157 ms: android.os.strictmode.DiskReadViolation
09-01 19:20:42.832  3845  3938 D StrictMode: 	at android.os.StrictMode$AndroidBlockGuardPolicy.onReadFromDisk(StrictMode.java:1596)
09-01 19:20:42.832  3845  3938 D StrictMode: 	at sun.nio.ch.FileChannelImpl.map(FileChannelImpl.java:982)
09-01 19:20:42.832  3845  3938 D StrictMode: 	at android.graphics.fonts.Font$Builder.<init>(Font.java:140)
09-01 19:20:42.832  3845  3938 D StrictMode: 	at android.graphics.fonts.Font$Builder.<init>(Font.java:125)
09-01 19:20:42.832  3845  3938 D StrictMode: 	at aij.b(PG:4)
09-01 19:20:42.832  3845  3938 D StrictMode: 	at aif.e(PG:1)
09-01 19:20:42.832  3845  3938 D StrictMode: 	at aer.b(PG:1)
09-01 19:20:42.832  3845  3938 D StrictMode: 	at ary.a(PG:14)
09-01 19:20:42.832  3845  3938 D StrictMode: 	at vs.run(PG:20)
09-01 19:20:42.832  3845  3938 D StrictMode: 	at android.os.Handler.handleCallback(Handler.java:938)
09-01 19:20:42.832  3845  3938 D StrictMode: 	at android.os.Handler.dispatchMessage(Handler.java:99)
09-01 19:20:42.832  3845  3938 D StrictMode: 	at android.os.Looper.loop(Looper.java:223)
09-01 19:20:42.832  3845  3938 D StrictMode: 	at ocj.run(PG:4)
09-01 19:20:42.832  3845  3938 D StrictMode: 	at nlt.run(PG:33)
09-01 19:20:42.832  3845  3938 D StrictMode: 	at com.google.android.apps.youtube.embeddedplayer.service.jar.client.s.run(PG:15)
09-01 19:20:42.832  3845  3938 D StrictMode: 	at java.lang.Thread.run(Thread.java:923)
09-01 19:20:42.832  3845  3938 D StrictMode: StrictMode policy violation; ~duration=151 ms: android.os.strictmode.DiskReadViolation
09-01 19:20:42.832  3845  3938 D StrictMode: 	at android.os.StrictMode$AndroidBlockGuardPolicy.onReadFromDisk(StrictMode.java:1596)
09-01 19:20:42.832  3845  3938 D StrictMode: 	at sun.nio.ch.FileDispatcherImpl.size(FileDispatcherImpl.java:106)
09-01 19:20:42.832  3845  3938 D StrictMode: 	at sun.nio.ch.FileChannelImpl.size(FileChannelImpl.java:359)
09-01 19:20:42.832  3845  3938 D StrictMode: 	at j$.wrapper.java.nio.channels.a.size(Unknown Source:2)
09-01 19:20:42.832  3845  3938 D StrictMode: 	at zt.d(PG:5)
09-01 19:20:42.832  3845  3938 D StrictMode: 	at ary.a(PG:15)
09-01 19:20:42.832  3845  3938 D StrictMode: 	at vs.run(PG:20)
09-01 19:20:42.832  3845  3938 D StrictMode: 	at android.os.Handler.handleCallback(Handler.java:938)
09-01 19:20:42.832  3845  3938 D StrictMode: 	at android.os.Handler.dispatchMessage(Handler.java:99)
09-01 19:20:42.832  3845  3938 D StrictMode: 	at android.os.Looper.loop(Looper.java:223)
09-01 19:20:42.832  3845  3938 D StrictMode: 	at ocj.run(PG:4)
09-01 19:20:42.832  3845  3938 D StrictMode: 	at nlt.run(PG:33)
09-01 19:20:42.832  3845  3938 D StrictMode: 	at com.google.android.apps.youtube.embeddedplayer.service.jar.client.s.run(PG:15)
09-01 19:20:42.832  3845  3938 D StrictMode: 	at java.lang.Thread.run(Thread.java:923)
09-01 19:20:42.832  3845  3938 D StrictMode: StrictMode policy violation; ~duration=150 ms: android.os.strictmode.DiskReadViolation
09-01 19:20:42.832  3845  3938 D StrictMode: 	at android.os.StrictMode$AndroidBlockGuardPolicy.onReadFromDisk(StrictMode.java:1596)
09-01 19:20:42.832  3845  3938 D StrictMode: 	at sun.nio.ch.FileDispatcherImpl.size(FileDispatcherImpl.java:106)
09-01 19:20:42.832  3845  3938 D StrictMode: 	at sun.nio.ch.FileChannelImpl.map(FileChannelImpl.java:945)
09-01 19:20:42.832  3845  3938 D StrictMode: 	at j$.wrapper.java.nio.channels.a.map(Unknown Source:5)
09-01 19:20:42.832  3845  3938 D StrictMode: 	at zt.d(PG:6)
09-01 19:20:42.832  3845  3938 D StrictMode: 	at ary.a(PG:15)
09-01 19:20:42.832  3845  3938 D StrictMode: 	at vs.run(PG:20)
09-01 19:20:42.832  3845  3938 D StrictMode: 	at android.os.Handler.handleCallback(Handler.java:938)
09-01 19:20:42.832  3845  3938 D StrictMode: 	at android.os.Handler.dispatchMessage(Handler.java:99)
09-01 19:20:42.832  3845  3938 D StrictMode: 	at android.os.Looper.loop(Looper.java:223)
09-01 19:20:42.832  3845  3938 D StrictMode: 	at ocj.run(PG:4)
09-01 19:20:42.832  3845  3938 D StrictMode: 	at nlt.run(PG:33)
09-01 19:20:42.832  3845  3938 D StrictMode: 	at com.google.android.apps.youtube.embeddedplayer.service.jar.client.s.run(PG:15)
09-01 19:20:42.832  3845  3938 D StrictMode: 	at java.lang.Thread.run(Thread.java:923)
09-01 19:20:42.832  3845  3938 D StrictMode: StrictMode policy violation; ~duration=150 ms: android.os.strictmode.DiskReadViolation
09-01 19:20:42.832  3845  3938 D StrictMode: 	at android.os.StrictMode$AndroidBlockGuardPolicy.onReadFromDisk(StrictMode.java:1596)
09-01 19:20:42.832  3845  3938 D StrictMode: 	at sun.nio.ch.FileChannelImpl.map(FileChannelImpl.java:982)
09-01 19:20:42.832  3845  3938 D StrictMode: 	at j$.wrapper.java.nio.channels.a.map(Unknown Source:5)
09-01 19:20:42.832  3845  3938 D StrictMode: 	at zt.d(PG:6)
09-01 19:20:42.832  3845  3938 D StrictMode: 	at ary.a(PG:15)
09-01 19:20:42.832  3845  3938 D StrictMode: 	at vs.run(PG:20)
09-01 19:20:42.832  3845  3938 D StrictMode: 	at android.os.Handler.handleCallback(Handler.java:938)
09-01 19:20:42.832  3845  3938 D StrictMode: 	at android.os.Handler.dispatchMessage(Handler.java:99)
09-01 19:20:42.832  3845  3938 D StrictMode: 	at android.os.Looper.loop(Looper.java:223)
09-01 19:20:42.832  3845  3938 D StrictMode: 	at ocj.run(PG:4)
09-01 19:20:42.832  3845  3938 D StrictMode: 	at nlt.run(PG:33)
09-01 19:20:42.832  3845  3938 D StrictMode: 	at com.google.android.apps.youtube.embeddedplayer.service.jar.client.s.run(PG:15)
09-01 19:20:42.832  3845  3938 D StrictMode: 	at java.lang.Thread.run(Thread.java:923)
09-01 19:20:42.838  4007  4070 I cr_LibraryLoader: Using ModernLinker
09-01 19:20:42.838  4007  4070 I cr_LibraryLoader: Loading monochrome_64 from within /data/app/~~_KLlx60MH8CoecPTjMKp8g==/com.android.chrome-kw9RHYrlHKb9bPXi8OTClw==/base.apk
09-01 19:20:42.840  4007  4070 W linker  : Warning: "/data/app/~~_KLlx60MH8CoecPTjMKp8g==/com.android.chrome-kw9RHYrlHKb9bPXi8OTClw==/base.apk!/lib/arm64-v8a/libchromium_android_linker.so" unused DT entry: unknown processor-specific (type 0x70000001 arg 0x0) (ignoring)
09-01 19:20:42.841  4007  4070 I cr_ModernLinker: loadLibraryImplLocked: monochrome_64, relroMode=1
09-01 19:20:42.843  4007  4070 W linker  : Warning: "/data/app/~~pvdNlmkqoAdokjnHYmWQbA==/com.google.android.trichromelibrary_530409134-AZWnkLs2PHY5miTP6ZiTzA==/base.apk!/lib/arm64-v8a/libmonochrome_64.so" unused DT entry: unknown processor-specific (type 0x70000001 arg 0x0) (ignoring)
09-01 19:20:42.854  4026  4026 I ivo     : SslGuard completed installation.
09-01 19:20:42.856  2816 10247 I FontLog : Pulling font file for id = 1095, cache size = 7 [CONTEXT service_id=132 ]
09-01 19:20:42.883  4007  4086 W DynamiteModule: Local module descriptor class for com.google.android.gms.googlecertificates not found.
09-01 19:20:42.895  7733  7733 D BoundBrokerSvc: onBind: Intent { act=com.google.android.gms.measurement.START pkg=com.google.android.gms }
09-01 19:20:42.895  7733  7733 D BoundBrokerSvc: Loading bound service for intent: Intent { act=com.google.android.gms.measurement.START pkg=com.google.android.gms }
09-01 19:20:42.930  4026  4083 W .apps.wellbein: Accessing hidden field Ljava/util/Collections$SynchronizedCollection;->mutex:Ljava/lang/Object; (greylist-max-o, reflection, denied)
09-01 19:20:42.930  4026  4083 W .apps.wellbein: Accessing hidden method Ljava/util/Collections$SynchronizedSet;-><init>(Ljava/util/Set;Ljava/lang/Object;)V (greylist-max-o, reflection, denied)
09-01 19:20:42.931  4026  4083 W .apps.wellbein: Accessing hidden method Ljava/util/Collections$SynchronizedCollection;-><init>(Ljava/util/Collection;Ljava/lang/Object;)V (greylist-max-o, reflection, denied)
09-01 19:20:42.941  4007  4070 I cr_LibraryLoader: Successfully loaded native library
09-01 19:20:42.943  4007  4070 I cr_CachingUmaRecorder: Flushed 33 samples from 29 histograms.
09-01 19:20:42.967  4007  4086 I DynamiteModule: Considering local module com.google.android.gms.googlecertificates:0 and remote module com.google.android.gms.googlecertificates:7
09-01 19:20:42.967  4007  4086 I DynamiteModule: Selected remote version of com.google.android.gms.googlecertificates, version >= 7
09-01 19:20:42.988  4007  4007 I TetheringManager: registerTetheringEventCallback:com.android.chrome
09-01 19:20:43.036  4007  4086 W System  : ClassLoader referenced unknown path: 
09-01 19:20:43.066  4026  4110 W DynamiteModule: Local module descriptor class for com.google.android.gms.googlecertificates not found.
09-01 19:20:43.079  4026  4110 D StrictMode: StrictMode policy violation: android.os.strictmode.CustomViolation: gcore.dynamite
09-01 19:20:43.079  4026  4110 D StrictMode: 	at android.os.StrictMode$AndroidBlockGuardPolicy.onCustomSlowCall(StrictMode.java:1563)
09-01 19:20:43.079  4026  4110 D StrictMode: 	at android.os.StrictMode.noteSlowCall(StrictMode.java:2555)
09-01 19:20:43.079  4026  4110 D StrictMode: 	at zvn.a(:com.google.android.gms@224312037@22.43.12 (150400-483592595):0)
09-01 19:20:43.079  4026  4110 D StrictMode: 	at com.google.android.gms.chimera.container.GmsModuleChimeraProvider.query(:com.google.android.gms@224312037@22.43.12 (150400-483592595):10)
09-01 19:20:43.079  4026  4110 D StrictMode: 	at wwe.query(:com.google.android.gms@224312037@22.43.12 (150400-483592595):3)
09-01 19:20:43.079  4026  4110 D StrictMode: 	at android.content.ContentProvider.query(ContentProvider.java:1379)
09-01 19:20:43.079  4026  4110 D StrictMode: 	at gje.superQuery(:com.google.android.gms@224312037@22.43.12 (150400-483592595):2)
09-01 19:20:43.079  4026  4110 D StrictMode: 	at com.google.android.chimera.ContentProvider.query(:com.google.android.gms@224312037@22.43.12 (150400-483592595):2)
09-01 19:20:43.079  4026  4110 D StrictMode: 	at wwe.query(:com.google.android.gms@224312037@22.43.12 (150400-483592595):8)
09-01 19:20:43.079  4026  4110 D StrictMode: 	at android.content.ContentProvider.query(ContentProvider.java:1475)
09-01 19:20:43.079  4026  4110 D StrictMode: 	at gje.superQuery(:com.google.android.gms@224312037@22.43.12 (150400-483592595):1)
09-01 19:20:43.079  4026  4110 D StrictMode: 	at com.google.android.chimera.ContentProvider.query(:com.google.android.gms@224312037@22.43.12 (150400-483592595):1)
09-01 19:20:43.079  4026  4110 D StrictMode: 	at gje.query(:com.google.android.gms@224312037@22.43.12 (150400-483592595):2)
09-01 19:20:43.079  4026  4110 D StrictMode: 	at android.content.ContentProvider$Transport.query(ContentProvider.java:278)
09-01 19:20:43.079  4026  4110 D StrictMode: 	at android.content.ContentProviderNative.onTransact(ContentProviderNative.java:106)
09-01 19:20:43.079  4026  4110 D StrictMode: 	at android.os.Binder.execTransactInternal(Binder.java:1154)
09-01 19:20:43.079  4026  4110 D StrictMode: 	at android.os.Binder.execTransact(Binder.java:1123)
09-01 19:20:43.079  4026  4110 D StrictMode: # via Binder call with stack:
09-01 19:20:43.079  4026  4110 D StrictMode: 	at android.os.StrictMode.readAndHandleBinderCallViolations(StrictMode.java:2358)
09-01 19:20:43.079  4026  4110 D StrictMode: 	at android.os.Parcel.readExceptionCode(Parcel.java:2318)
09-01 19:20:43.079  4026  4110 D StrictMode: 	at android.database.DatabaseUtils.readExceptionFromParcel(DatabaseUtils.java:139)
09-01 19:20:43.079  4026  4110 D StrictMode: 	at android.content.ContentProviderProxy.query(ContentProviderNative.java:472)
09-01 19:20:43.079  4026  4110 D StrictMode: 	at android.content.ContentResolver.query(ContentResolver.java:1183)
09-01 19:20:43.079  4026  4110 D StrictMode: 	at android.content.ContentResolver.query(ContentResolver.java:1115)
09-01 19:20:43.079  4026  4110 D StrictMode: 	at android.content.ContentResolver.query(ContentResolver.java:1071)
09-01 19:20:43.079  4026  4110 D StrictMode: 	at hgq.e(PG:10)
09-01 19:20:43.079  4026  4110 D StrictMode: 	at hgq.b(PG:12)
09-01 19:20:43.079  4026  4110 D StrictMode: 	at hgj.b(PG:1)
09-01 19:20:43.079  4026  4110 D StrictMode: 	at hgk.a(PG:3)
09-01 19:20:43.079  4026  4110 D StrictMode: 	at hgq.c(PG:5)
09-01 19:20:43.079  4026  4110 D StrictMode: 	at gzi.e(PG:4)
09-01 19:20:43.079  4026  4110 D StrictMode: 	at gzi.b(PG:2)
09-01 19:20:43.079  4026  4110 D StrictMode: 	at gzq.b(PG:2)
09-01 19:20:43.079  4026  4110 D StrictMode: 	at buh.a(PG:88)
09-01 19:20:43.079  4026  4110 D StrictMode: 	at kit.a(PG:2)
09-01 19:20:43.079  4026  4110 D StrictMode: 	at kzx.f(PG:2)
09-01 19:20:43.079  4026  4110 D StrictMode: 	at kzy.run(PG:9)
09-01 19:20:43.079  4026  4110 D StrictMode: 	at hxw.run(PG:5)
09-01 19:20:43.079  4026  4110 D StrictMode: 	at java.util.concurrent.ThreadPoolExecutor.runWorker(ThreadPoolExecutor.java:1167)
09-01 19:20:43.079  4026  4110 D StrictMode: 	at java.util.concurrent.ThreadPoolExecutor$Worker.run(ThreadPoolExecutor.java:641)
09-01 19:20:43.079  4026  4110 D StrictMode: 	at hxg.run(PG:52)
09-01 19:20:43.079  4026  4110 D StrictMode: 	at hxj.run(PG:3)
09-01 19:20:43.079  4026  4110 D StrictMode: 	at java.lang.Thread.run(Thread.java:923)
09-01 19:20:43.083  4026  4110 I DynamiteModule: Considering local module com.google.android.gms.googlecertificates:0 and remote module com.google.android.gms.googlecertificates:7
09-01 19:20:43.084  4026  4110 I DynamiteModule: Selected remote version of com.google.android.gms.googlecertificates, version >= 7
09-01 19:20:43.110  4026  4110 W System  : ClassLoader referenced unknown path: 
09-01 19:20:43.178  4007  4007 I cr_SmsProviderGms: construction successfull IU2@b801b89, FU2@2e5a78e
09-01 19:20:43.208  4007  4100 W InstanceID: Instance ID SDK is deprecated, com.android.chrome should update to use Firebase Instance ID
09-01 19:20:43.228  4007  4007 W cr_KnoxSettingsProvider: Permission to read device policy denied.
09-01 19:20:43.297  1513  2013 D CompatibilityChangeReporter: Compat change id reported: 135634846; UID 10220; state: DISABLED
09-01 19:20:43.297  1513  2013 D CompatibilityChangeReporter: Compat change id reported: 135754954; UID 10220; state: ENABLED
09-01 19:20:43.298  1513  1625 D CompatibilityChangeReporter: Compat change id reported: 143937733; UID 10220; state: ENABLED
09-01 19:20:43.301  1513  2013 D ConnectivityService: requestNetwork for uid/pid:10220/4007 NetworkRequest [ TRACK_DEFAULT id=1533, [ Capabilities: INTERNET&NOT_RESTRICTED&TRUSTED Uid: 10220 AdministratorUids: [] RequestorUid: 10220 RequestorPackageName: com.android.chrome] ]
09-01 19:20:43.301  1513  2000 D ConnectivityService: NetReassign [1533 : null → 100]
09-01 19:20:43.301  1513  1996 D WifiNetworkFactory: got request NetworkRequest [ TRACK_DEFAULT id=1533, [ Capabilities: INTERNET&NOT_RESTRICTED&TRUSTED Uid: 10220 AdministratorUids: [] RequestorUid: 10220 RequestorPackageName: com.android.chrome] ] with score 60 and providerId 5
09-01 19:20:43.302  1513  2037 D WIFI_AWARE_FACTORY: got request NetworkRequest [ TRACK_DEFAULT id=1533, [ Capabilities: INTERNET&NOT_RESTRICTED&TRUSTED Uid: 10220 AdministratorUids: [] RequestorUid: 10220 RequestorPackageName: com.android.chrome] ] with score 60 and providerId 5
09-01 19:20:43.302  1513  1996 D UntrustedWifiNetworkFactory: got request NetworkRequest [ TRACK_DEFAULT id=1533, [ Capabilities: INTERNET&NOT_RESTRICTED&TRUSTED Uid: 10220 AdministratorUids: [] RequestorUid: 10220 RequestorPackageName: com.android.chrome] ] with score 60 and providerId 5
09-01 19:20:43.302  1513  2038 D Ethernet: got request NetworkRequest [ TRACK_DEFAULT id=1533, [ Capabilities: INTERNET&NOT_RESTRICTED&TRUSTED Uid: 10220 AdministratorUids: [] RequestorUid: 10220 RequestorPackageName: com.android.chrome] ] with score 60 and providerId 5
09-01 19:20:43.302  2474  2474 D PhoneSwitcherNetworkRequstListener: got request NetworkRequest [ TRACK_DEFAULT id=1533, [ Capabilities: INTERNET&NOT_RESTRICTED&TRUSTED Uid: 10220 AdministratorUids: [] RequestorUid: 10220 RequestorPackageName: com.android.chrome] ] with score 60 and providerId 5
09-01 19:20:43.303  1513  2000 D ConnectivityService: NetReassign [no changes]
09-01 19:20:43.309   778   778 D Zygote  : Forked child process 4144
09-01 19:20:43.313  4144  4144 I libc    : SetHeapTaggingLevel: tag level set to 0
09-01 19:20:43.316  1513  1625 W ZygoteProcess: Got error connecting to zygote, retrying. msg= Connection refused
09-01 19:20:43.368  1513  1625 I AppZygote: Starting application preload.
09-01 19:20:43.370  4144  4144 I AppZygoteInit: Beginning application preload for com.android.chrome
09-01 19:20:43.377  4144  4144 I cr_ZygotePreload: Loaded Zygote. version=107.0.5304.91 minSdkVersion=29 isBundle=true
09-01 19:20:43.378  1513  3232 D CompatibilityChangeReporter: Compat change id reported: 149924527; UID 10220; state: ENABLED
