09-01 19:20:43.379  4144  4144 W linker  : Warning: "/data/app/~~pvdNlmkqoAdokjnHYmWQbA==/com.google.android.trichromelibrary_530409134-AZWnkLs2PHY5miTP6ZiTzA==/base.apk!/lib/arm64-v8a/libmonochrome_64.so" unused DT entry: unknown processor-specific (type 0x70000001 arg 0x0) (ignoring)
09-01 19:20:43.379  1513  3232 D CompatibilityChangeReporter: Compat change id reported: 132649864; UID 10220; state: DISABLED
09-01 19:20:43.390  1513  1625 I AppZygote: Application preload done.
09-01 19:20:43.390  4144  4144 I AppZygoteInit: Application preload done
09-01 19:20:43.406  4144  4149 W d.chrome_zygot: Reducing the number of considered missed Gc histogram windows from 3402 to 100
09-01 19:20:43.418  4144  4144 D Zygote  : Forked child process 4156
09-01 19:20:43.420  4156  4156 E libc    : SetHeapTaggingLevel: re-enabling tagging after it was disabled is not supported
09-01 19:20:43.421  1513  1625 W ActivityManager: Slow operation: 123ms so far, now at startProcess: returned from zygote!
09-01 19:20:43.421  1513  1625 W ActivityManager: Slow operation: 123ms so far, now at startProcess: done updating battery stats
09-01 19:20:43.421  1513  1625 W ActivityManager: Slow operation: 124ms so far, now at startProcess: building log message
09-01 19:20:43.421  1513  1625 I ActivityManager: Start proc 4156:com.android.chrome:sandboxed_process0:org.chromium.content.app.SandboxedProcessService0:0/u0ai0 for  {com.android.chrome/org.chromium.content.app.SandboxedProcessService0:0}
09-01 19:20:43.421  1513  1625 W ActivityManager: Slow operation: 124ms so far, now at startProcess: starting to update pids map
09-01 19:20:43.421  1513  1625 W ActivityManager: Slow operation: 124ms so far, now at startProcess: done updating pids map
09-01 19:20:43.429  4156  4156 E ocessService0:: Not starting debugger since process cannot load the jdwp agent.
09-01 19:20:43.430  4007  4007 I cr_CompositorSurfaceMgr: Transitioning to surface with format: -1
09-01 19:20:43.430   778   778 D Zygote  : Forked child process 4173
09-01 19:20:43.431  1513  1625 I ActivityManager: Start proc 4173:com.android.chrome:privileged_process0/u0a220 for service {com.android.chrome/org.chromium.content.app.PrivilegedProcessService0}
09-01 19:20:43.441  4173  4173 E ileged_process: Not starting debugger since process cannot load the jdwp agent.
09-01 19:20:43.454  4156  4156 I LoadedApk: No resource references to update in package com.google.android.trichromelibrary
09-01 19:20:43.454  4156  4156 D NetworkSecurityConfig: Using Network Security Config from resource 0_resource_name_obfuscated debugBuild: false
09-01 19:20:43.455  4156  4156 D NetworkSecurityConfig: Using Network Security Config from resource 0_resource_name_obfuscated debugBuild: false
09-01 19:20:43.457  4156  4156 I cr_SplitCompatApp: Launched version=107.0.5304.91 minSdkVersion=29 isBundle=true processName=com.android.chrome:sandboxed_process0:org.chromium.content.app.SandboxedProcessService0:0 isIsolated=true
09-01 19:20:43.467  4156  4156 W SystemServiceRegistry: No service published for: uimode
09-01 19:20:43.477  4173  4173 W ileged_process: JIT profile information will not be recorded: profile file does not exist.
09-01 19:20:43.481  4156  4156 I cr_ChildProcessService: Creating new ChildProcessService pid=4156
09-01 19:20:43.485  4173  4173 I LoadedApk: No resource references to update in package com.google.android.trichromelibrary
09-01 19:20:43.485  4173  4173 D NetworkSecurityConfig: Using Network Security Config from resource 0_resource_name_obfuscated debugBuild: false
09-01 19:20:43.486  4173  4173 D NetworkSecurityConfig: Using Network Security Config from resource 0_resource_name_obfuscated debugBuild: false
09-01 19:20:43.487  4173  4173 I cr_SplitCompatApp: Launched version=107.0.5304.91 minSdkVersion=29 isBundle=true processName=com.android.chrome:privileged_process0 isIsolated=false
09-01 19:20:43.498  4156  4185 I cr_LibraryLoader: Using ModernLinker
09-01 19:20:43.500  4156  4185 W linker  : Warning: "/data/app/~~_KLlx60MH8CoecPTjMKp8g==/com.android.chrome-kw9RHYrlHKb9bPXi8OTClw==/base.apk!/lib/arm64-v8a/libchromium_android_linker.so" unused DT entry: unknown processor-specific (type 0x70000001 arg 0x0) (ignoring)
09-01 19:20:43.504  4173  4173 I cr_ChildProcessService: Creating new ChildProcessService pid=4173
09-01 19:20:43.513  4173  4198 I cr_LibraryLoader: Using ModernLinker
09-01 19:20:43.520  4156  4201 I cr_LibraryLoader: Successfully loaded native library
09-01 19:20:43.521  4156  4201 I cr_CachingUmaRecorder: Flushed 3 samples from 3 histograms.
09-01 19:20:43.525  4173  4202 W linker  : Warning: "/data/app/~~_KLlx60MH8CoecPTjMKp8g==/com.android.chrome-kw9RHYrlHKb9bPXi8OTClw==/base.apk!/lib/arm64-v8a/libchromium_android_linker.so" unused DT entry: unknown processor-specific (type 0x70000001 arg 0x0) (ignoring)
09-01 19:20:43.526  4173  4202 I cr_LibraryLoader: Loading monochrome_64 from within /data/app/~~_KLlx60MH8CoecPTjMKp8g==/com.android.chrome-kw9RHYrlHKb9bPXi8OTClw==/base.apk
09-01 19:20:43.526  4173  4202 I cr_ModernLinker: loadLibraryImplLocked: monochrome_64, relroMode=2
09-01 19:20:43.528  4173  4202 W linker  : Warning: "/data/app/~~pvdNlmkqoAdokjnHYmWQbA==/com.google.android.trichromelibrary_530409134-AZWnkLs2PHY5miTP6ZiTzA==/base.apk!/lib/arm64-v8a/libmonochrome_64.so" unused DT entry: unknown processor-specific (type 0x70000001 arg 0x0) (ignoring)
09-01 19:20:43.573  2816 10247 I FontLog : Received query name=Google Sans&weight=700&besteffort=false, URI content://com.google.android.gms.fonts [CONTEXT service_id=132 ]
09-01 19:20:43.574  2816 10247 I FontLog : Query [name=Google Sans&weight=700&besteffort=false] resolved to {Google Sans, wdth 100.0, wght 700, ital 0.0, bestEffort false} [CONTEXT service_id=132 ]
09-01 19:20:43.575  2816 10247 I FontLog : Fetch {Google Sans, wdth 100.0, wght 700, ital 0.0, bestEffort false} end status Status{statusCode=SUCCESS, resolution=null} [CONTEXT service_id=132 ]
09-01 19:20:43.579  2816 10247 I FontLog : Pulling font file for id = 1096, cache size = 7 [CONTEXT service_id=132 ]
09-01 19:20:43.584  2816 10247 I FontLog : Received query name=Noto Color Emoji Compat&weight=400&besteffort=false, URI content://com.google.android.gms.fonts [CONTEXT service_id=132 ]
09-01 19:20:43.585  2816 10247 I FontLog : Query [name=Noto Color Emoji Compat&weight=400&besteffort=false] resolved to {Noto Color Emoji Compat, wdth 100.0, wght 400, ital 0.0, bestEffort false} [CONTEXT service_id=132 ]
09-01 19:20:43.586  2816 10247 I FontLog : Fetch {Noto Color Emoji Compat, wdth 100.0, wght 400, ital 0.0, bestEffort false} end status Status{statusCode=SUCCESS, resolution=null} [CONTEXT service_id=132 ]
09-01 19:20:43.592  2816 10247 I FontLog : Pulling font file for id = 1097, cache size = 8 [CONTEXT service_id=132 ]
09-01 19:20:43.596  2816  2835 I FontLog : Received query name=Google Sans&weight=400&besteffort=false, URI content://com.google.android.gms.fonts [CONTEXT service_id=132 ]
09-01 19:20:43.596  2816  2835 I FontLog : Query [name=Google Sans&weight=400&besteffort=false] resolved to {Google Sans, wdth 100.0, wght 400, ital 0.0, bestEffort false} [CONTEXT service_id=132 ]
09-01 19:20:43.597  2816  2835 I FontLog : Font PFD returned from cache for {Google Sans, wdth 100.0, wght 400, ital 0.0, bestEffort false} [CONTEXT service_id=132 ]
09-01 19:20:43.597  2816  2835 I FontLog : Fetch {Google Sans, wdth 100.0, wght 400, ital 0.0, bestEffort false} end status Status{statusCode=SUCCESS, resolution=null} [CONTEXT service_id=132 ]
09-01 19:20:43.602  2816  2835 I FontLog : Pulling font file for id = 1098, cache size = 6 [CONTEXT service_id=132 ]
09-01 19:20:43.608  2816  2835 I FontLog : Received query name=Google Sans&weight=500&besteffort=false, URI content://com.google.android.gms.fonts [CONTEXT service_id=132 ]
09-01 19:20:43.609  2816  2835 I FontLog : Query [name=Google Sans&weight=500&besteffort=false] resolved to {Google Sans, wdth 100.0, wght 500, ital 0.0, bestEffort false} [CONTEXT service_id=132 ]
09-01 19:20:43.610  2816  2835 I FontLog : Font PFD returned from cache for {Google Sans, wdth 100.0, wght 500, ital 0.0, bestEffort false} [CONTEXT service_id=132 ]
09-01 19:20:43.610  2816  2835 I FontLog : Fetch {Google Sans, wdth 100.0, wght 500, ital 0.0, bestEffort false} end status Status{statusCode=SUCCESS, resolution=null} [CONTEXT service_id=132 ]
09-01 19:20:43.613  2816  2835 I FontLog : Pulling font file for id = 1099, cache size = 7 [CONTEXT service_id=132 ]
09-01 19:20:43.614  4173  4202 I cr_LibraryLoader: Successfully loaded native library
09-01 19:20:43.624  4173  4202 I cr_CachingUmaRecorder: Flushed 11 samples from 11 histograms.
09-01 19:20:43.647  4173  4202 I AdrenoGLES-0: QUALCOMM build                   : 35605c3, Ia11ce2d146
09-01 19:20:43.647  4173  4202 I AdrenoGLES-0: Build Date                       : 09/02/20
09-01 19:20:43.647  4173  4202 I AdrenoGLES-0: OpenGL ES Shader Compiler Version: EV031.31.04.00
09-01 19:20:43.647  4173  4202 I AdrenoGLES-0: Local Branch                     : gfx-adreno.lnx.2.0
09-01 19:20:43.647  4173  4202 I AdrenoGLES-0: Remote Branch                    : 
09-01 19:20:43.647  4173  4202 I AdrenoGLES-0: Remote Branch                    : 
09-01 19:20:43.647  4173  4202 I AdrenoGLES-0: Reconstruct Branch               : 
09-01 19:20:43.647  4173  4202 I AdrenoGLES-0: Build Config                     : S P 10.0.4 AArch64
09-01 19:20:43.647  4173  4202 I AdrenoGLES-0: Driver Path                      : /vendor/lib64/egl/libGLESv2_adreno.so
09-01 19:20:43.654  4173  4202 I AdrenoGLES-0: PFP: 0x016dd090, ME: 0x00000000
09-01 19:20:43.682  4173  4202 W AdrenoUtils: <ReadGpuID_from_sysfs:197>: Failed to open /sys/class/kgsl/kgsl-3d0/gpu_model
09-01 19:20:43.682  4173  4202 W AdrenoUtils: <ReadGpuID:221>: Failed to read chip ID from gpu_model. Fallback to use the GSL path
09-01 19:20:43.698  2816 14894 E bfyz    : Phenotype API error. Event # deor@5810ffcb, EventCode: 7 [CONTEXT service_id=51 ]
09-01 19:20:43.698  2816 14894 E bfyz    : bfyb: 29505: No config packages for log source, or config package not registered
09-01 19:20:43.698  2816 14894 E bfyz    : 	at bfzu.b(:com.google.android.gms@224312037@22.43.12 (150400-483592595):4)
09-01 19:20:43.698  2816 14894 E bfyz    : 	at bfzr.g(:com.google.android.gms@224312037@22.43.12 (150400-483592595):0)
09-01 19:20:43.698  2816 14894 E bfyz    : 	at bfyz.e(:com.google.android.gms@224312037@22.43.12 (150400-483592595):4)
09-01 19:20:43.698  2816 14894 E bfyz    : 	at bfyz.f(:com.google.android.gms@224312037@22.43.12 (150400-483592595):2)
09-01 19:20:43.698  2816 14894 E bfyz    : 	at aqyg.eq(:com.google.android.gms@224312037@22.43.12 (150400-483592595):1)
09-01 19:20:43.698  2816 14894 E bfyz    : 	at aqym.run(:com.google.android.gms@224312037@22.43.12 (150400-483592595):12)
09-01 19:20:43.698  2816 14894 E bfyz    : 	at ckdj.run(:com.google.android.gms@224312037@22.43.12 (150400-483592595):2)
09-01 19:20:43.698  2816 14894 E bfyz    : 	at zqv.c(:com.google.android.gms@224312037@22.43.12 (150400-483592595):6)
09-01 19:20:43.698  2816 14894 E bfyz    : 	at zqv.run(:com.google.android.gms@224312037@22.43.12 (150400-483592595):7)
09-01 19:20:43.698  2816 14894 E bfyz    : 	at java.util.concurrent.ThreadPoolExecutor.runWorker(ThreadPoolExecutor.java:1167)
09-01 19:20:43.698  2816 14894 E bfyz    : 	at java.util.concurrent.ThreadPoolExecutor$Worker.run(ThreadPoolExecutor.java:641)
09-01 19:20:43.698  2816 14894 E bfyz    : 	at zwa.run(:com.google.android.gms@224312037@22.43.12 (150400-483592595):0)
09-01 19:20:43.698  2816 14894 E bfyz    : 	at java.lang.Thread.run(Thread.java:923)
09-01 19:20:43.698  2816 14894 W AsyncOperation: operation=GetExperimentTokensOperationCall, opStatusCode=29505 [CONTEXT service_id=51 ]
09-01 19:20:43.698  2816 14894 W AsyncOperation: OperationException[Status{statusCode=No config packages for log source, or config package not registered, resolution=null}]
09-01 19:20:43.698  2816 14894 W AsyncOperation: 	at bfyz.e(:com.google.android.gms@224312037@22.43.12 (150400-483592595):6)
09-01 19:20:43.698  2816 14894 W AsyncOperation: 	at bfyz.f(:com.google.android.gms@224312037@22.43.12 (150400-483592595):2)
09-01 19:20:43.698  2816 14894 W AsyncOperation: 	at aqyg.eq(:com.google.android.gms@224312037@22.43.12 (150400-483592595):1)
09-01 19:20:43.698  2816 14894 W AsyncOperation: 	at aqym.run(:com.google.android.gms@224312037@22.43.12 (150400-483592595):12)
09-01 19:20:43.698  2816 14894 W AsyncOperation: 	at ckdj.run(:com.google.android.gms@224312037@22.43.12 (150400-483592595):2)
09-01 19:20:43.698  2816 14894 W AsyncOperation: 	at zqv.c(:com.google.android.gms@224312037@22.43.12 (150400-483592595):6)
09-01 19:20:43.698  2816 14894 W AsyncOperation: 	at zqv.run(:com.google.android.gms@224312037@22.43.12 (150400-483592595):7)
09-01 19:20:43.698  2816 14894 W AsyncOperation: 	at java.util.concurrent.ThreadPoolExecutor.runWorker(ThreadPoolExecutor.java:1167)
09-01 19:20:43.698  2816 14894 W AsyncOperation: 	at java.util.concurrent.ThreadPoolExecutor$Worker.run(ThreadPoolExecutor.java:641)
09-01 19:20:43.698  2816 14894 W AsyncOperation: 	at zwa.run(:com.google.android.gms@224312037@22.43.12 (150400-483592595):0)
09-01 19:20:43.698  2816 14894 W AsyncOperation: 	at java.lang.Thread.run(Thread.java:923)
09-01 19:20:43.699  1513  1537 I system_server: oneway function results will be dropped but finished with status OK and parcel size 4
09-01 19:20:43.699  1513  1537 I chatty  : uid=1000(system) Binder:1513_2 identical 1 line
09-01 19:20:43.699  1513  1537 I system_server: oneway function results will be dropped but finished with status OK and parcel size 4
09-01 19:20:43.700  1513  3232 I system_server: oneway function results will be dropped but finished with status OK and parcel size 4
09-01 19:20:43.700  1513  2013 I system_server: oneway function results will be dropped but finished with status OK and parcel size 4
09-01 19:20:43.701  1513  2013 I system_server: oneway function results will be dropped but finished with status OK and parcel size 4
09-01 19:20:43.729  4173  4202 D vulkan  : searching for layers in '/data/app/~~_KLlx60MH8CoecPTjMKp8g==/com.android.chrome-kw9RHYrlHKb9bPXi8OTClw==/lib/arm64'
09-01 19:20:43.730  4173  4202 D vulkan  : searching for layers in '/data/app/~~_KLlx60MH8CoecPTjMKp8g==/com.android.chrome-kw9RHYrlHKb9bPXi8OTClw==/base.apk!/lib/arm64-v8a'
09-01 19:20:43.730  4173  4202 D vulkan  : searching for layers in '/data/app/~~pvdNlmkqoAdokjnHYmWQbA==/com.google.android.trichromelibrary_530409134-AZWnkLs2PHY5miTP6ZiTzA==/base.apk!/lib/arm64-v8a'
09-01 19:20:43.744  4173  4202 I AdrenoVK-0: ===== BEGIN DUMP OF OVERRIDDEN SETTINGS =====
09-01 19:20:43.744  4173  4202 I AdrenoVK-0: ===== END DUMP OF OVERRIDDEN SETTINGS =====
09-01 19:20:43.745  4173  4202 I AdrenoVK-0: QUALCOMM build          : 35605c3, Ia11ce2d146
09-01 19:20:43.745  4173  4202 I AdrenoVK-0: Build Date              : 09/02/20
09-01 19:20:43.745  4173  4202 I AdrenoVK-0: Shader Compiler Version : EV031.31.04.00
09-01 19:20:43.745  4173  4202 I AdrenoVK-0: Local Branch            : gfx-adreno.lnx.2.0
09-01 19:20:43.745  4173  4202 I AdrenoVK-0: Remote Branch           : 
09-01 19:20:43.745  4173  4202 I AdrenoVK-0: Remote Branch           : 
09-01 19:20:43.745  4173  4202 I AdrenoVK-0: Reconstruct Branch      : 
09-01 19:20:43.745  4173  4202 I AdrenoVK-0: Build Config            : S P 10.0.4 AArch64
09-01 19:20:43.745  4173  4202 I AdrenoVK-0: Driver Path             : /vendor/lib64/hw/vulkan.adreno.so
09-01 19:20:43.764  4250  4250 W app_process: type=1400 audit(0.0:4218): avc: denied { read } for name="u:object_r:device_config_runtime_native_boot_prop:s0" dev="tmpfs" ino=10163 scontext=u:r:shell:s0 tcontext=u:object_r:device_config_runtime_native_boot_prop:s0 tclass=file permissive=0
09-01 19:20:43.764  4250  4250 I chatty  : uid=2000(shell) app_process identical 2 lines
09-01 19:20:43.764  4250  4250 W app_process: type=1400 audit(0.0:4221): avc: denied { read } for name="u:object_r:device_config_runtime_native_boot_prop:s0" dev="tmpfs" ino=10163 scontext=u:r:shell:s0 tcontext=u:object_r:device_config_runtime_native_boot_prop:s0 tclass=file permissive=0
09-01 19:20:43.765  4250  4250 D AndroidRuntime: >>>>>> START com.android.internal.os.RuntimeInit uid 2000 <<<<<<
09-01 19:20:43.768  4250  4250 E libc    : Access denied finding property "persist.device_config.runtime_native_boot.profilebootclasspath"
09-01 19:20:43.768  4250  4250 E libc    : Access denied finding property "persist.device_config.runtime_native_boot.enable_apex_image"
09-01 19:20:43.768  4250  4250 I AndroidRuntime: Using default boot image
09-01 19:20:43.768  4250  4250 E libc    : Access denied finding property "persist.device_config.runtime_native_boot.disable_lock_profiling"
09-01 19:20:43.768  4250  4250 I AndroidRuntime: Leaving lock profiling enabled
09-01 19:20:43.768  4250  4250 E libc    : Access denied finding property "persist.device_config.runtime_native_boot.enable_generational_cc"
09-01 19:20:43.827  4250  4250 D app_process: Time zone APEX ICU file found: /apex/com.android.tzdata/etc/icu/icu_tzdata.dat
09-01 19:20:43.827  4250  4250 D app_process: I18n APEX ICU file found: /apex/com.android.i18n/etc/icu/icudt66l.dat
09-01 19:20:43.832  4250  4250 I app_process: The ClassLoaderContext is a special shared library.
09-01 19:20:43.843  4250  4250 W app_process: JNI RegisterNativeMethods: attempt to register 0 native methods for android.media.AudioAttributes
09-01 19:20:43.847  4250  4250 D AndroidRuntime: Calling main entry com.android.commands.input.Input
09-01 19:20:43.858  4250  4250 D AndroidRuntime: Shutting down VM
09-01 19:20:43.864  2858  2858 I GoogleInputMethodService: GoogleInputMethodService.onFinishInput():3280 
09-01 19:20:43.866   901  2806 I sensors-hal: [ssc_utils]get_qmi_debug_flag:244, support_qmi_debug : false
09-01 19:20:43.867  2858  2858 I GoogleInputMethodService: GoogleInputMethodService.updateDeviceLockedStatus():2169 repeatCheckTimes = 0, unlocked = true
09-01 19:20:43.867  2858  2858 I GoogleInputMethodService: GoogleInputMethodService.onStartInput():1960 onStartInput(EditorInfo{inputType=0x0(NULL) imeOptions=0x1 privateImeOptions=null actionName=NONE actionLabel=null actionId=0 initialSelStart=-1 initialSelEnd=-1 initialCapsMode=0x0 hintText=null label=null packageName=org.mozilla.firefox fieldId=-1 fieldName=null extras=null}, false)
09-01 19:20:43.867  2858  2858 I GoogleInputMethodService: GoogleInputMethodService.shouldHideHeaderOnInitialState():4081 ShouldHideHeaderOnInitialState = false
09-01 19:20:43.868  2858  2858 I GoogleInputMethodService: GoogleInputMethodService.updateDeviceLockedStatus():2169 repeatCheckTimes = 2, unlocked = true
09-01 19:20:43.885   901  1000 W ASH     : @ 34030.338: Unhandled msg ID 999: line 1277
09-01 19:20:43.885   901  1000 E ASH     : @ 34030.338: No pb callback assigned
09-01 19:20:43.885   901  1000 E ASH     : @ 34030.338: Nanopb error: callback failed:1588
09-01 19:20:43.945  3428  3428 I glean/Glean: Registering pings for org.mozilla.fenix.GleanMetrics.Pings
09-01 19:20:43.957  3428  3547 I FenixApplication: Running post-visual completeness tasks...
09-01 19:20:43.957  3428  3547 I FenixApplication: Storage initialization...
09-01 19:20:43.957  3428  3547 I PlacesHistoryStorage: Warming up places storage...
09-01 19:20:43.960  3428  3428 I ColdStartupDuration: COLD VIEW Application.<init> to first frame: 383 ms
09-01 19:20:43.960  3428  3428 I FenixApplication: Kicking-off account manager...
09-01 19:20:43.960  3428  3428 I FenixApplication: 'Kicking-off account manager' took 0 ms
09-01 19:20:43.963  3428  3547 I PlacesHistoryStorage: 'Warming up places storage' took 6 ms
09-01 19:20:43.963  3428  3547 I PlacesBookmarksStorage: Warming up places storage...
09-01 19:20:43.964  3428  3547 I PlacesBookmarksStorage: 'Warming up places storage' took 0 ms
09-01 19:20:43.964  3428  3547 I SyncableLoginsStorage: Warming up storage...
09-01 19:20:43.964  3428  3547 I SyncableLoginsStorage: 'Warming up storage' took 0 ms
09-01 19:20:43.964  3428  3547 I AutofillCCAddressesStorage: Warming up storage...
09-01 19:20:43.964  3428  3547 I AutofillCCAddressesStorage: 'Warming up storage' took 0 ms
09-01 19:20:43.965   901  2806 I sensors-hal: [ssc_utils]get_qmi_debug_flag:244, support_qmi_debug : false
09-01 19:20:44.005   901  1000 W ASH     : @ 34030.458: Unhandled msg ID 999: line 1277
09-01 19:20:44.005   901  1000 E ASH     : @ 34030.458: No pb callback assigned
09-01 19:20:44.005   901  1000 E ASH     : @ 34030.458: Nanopb error: callback failed:1588
09-01 19:20:44.055   901  2806 I sensors-hal: [ssc_utils]get_qmi_debug_flag:244, support_qmi_debug : false
09-01 19:20:44.056   594   655 I SDM     : HWDeviceDRM::UpdateMixerAttributes: Mixer WxH 1080x2340-1 for Peripheral
09-01 19:20:44.056   594   655 I SDM     : DisplayBase::SetActiveConfig: Active configuration changed to: 0
09-01 19:20:44.056   594   655 I SDM     : StrategyImpl::SetIdleTimeoutMs: Idle timeout set to zero for command mode panels
09-01 19:20:44.066   901  2806 I sensors-hal: [ssc_utils]get_qmi_debug_flag:244, support_qmi_debug : false
09-01 19:20:44.078  1513  1572 I DisplayManagerService: Display device changed: DisplayDeviceInfo{"Built-in Screen": uniqueId="local:19260504575090817", 1080 x 2340, modeId 2, defaultModeId 2, supportedModes [{id=1, width=1080, height=2340, fps=90.0}, {id=2, width=1080, height=2340, fps=60.000004}], colorMode 0, supportedColorModes [0, 7, 9], HdrCapabilities HdrCapabilities{mSupportedHdrTypes=[2, 3, 4], mMaxLuminance=500.0, mMaxAverageLuminance=500.0, mMinLuminance=0.0}, allmSupported false, gameContentTypeSupported false, density 440, 435.428 x 433.839 dpi, appVsyncOff 2333332, presDeadline 11500000, cutout DisplayCutout{insets=Rect(0, 136 - 0, 0) waterfall=Insets{left=0, top=0, right=0, bottom=0} boundingRect={Bounds=[Rect(0, 0 - 0, 0), Rect(0, 0 - 136, 136), Rect(0, 0 - 0, 0), Rect(0, 0 - 0, 0)]}}, touch INTERNAL, rotation 0, type INTERNAL, address {port=129, model=0x446d53ad64a0}, deviceProductInfo DeviceProductInfo{name=, manufacturerPnpId=QCM, productId=1, modelYear=null, manufactureDate=ManufactureDate{week=27, year=2006}, relativeAddress=null}, state ON, FLAG_DEFAULT_DISPLAY, FLAG_ROTATES_WITH_CONTENT, FLAG_SECURE, FLAG_SUPPORTS_PROTECTED_BUFFERS}
09-01 19:20:44.084   901  1000 W ASH     : @ 34030.538: Unhandled msg ID 999: line 1277
09-01 19:20:44.084   901  1000 E ASH     : @ 34030.538: No pb callback assigned
09-01 19:20:44.084   901  1000 E ASH     : @ 34030.538: Nanopb error: callback failed:1588
09-01 19:20:44.102   594   655 I SDM     : StrategyImpl::SetIdleTimeoutMs: Idle timeout set to zero for command mode panels
09-01 19:20:44.135  2230  2580 D DhcpClient: Unicasting DHCPREQUEST ciaddr=192.168.88.174 request=0.0.0.0 serverid=null to /192.168.88.1:67
09-01 19:20:44.142  2230  2580 D DhcpClient: Received packet: aa:00:c5:b6:4e:fd ACK: your new IP /192.168.88.174, netmask /255.255.255.0, gateways [/192.168.88.1] DNS servers: /192.168.88.1 /8.8.8.8 /8.8.4.4 , lease time 600
09-01 19:20:44.144  2230  2580 D DhcpClient: Renewed lease: android.net.networkstack.DhcpResults@53927b7 DHCP server /192.168.88.1 Vendor info null lease 600 seconds Servername 
09-01 19:20:44.145   901  1000 D VSC     : @ 34030.598: [WO] tilt angle 89
09-01 19:20:44.147  3428  3547 I FenixApplication: 'Storage initialization' took 190 ms
09-01 19:20:44.151  2230  2580 D DhcpClient: Scheduling renewal in 299s
09-01 19:20:44.151  2230  2580 D DhcpClient: Scheduling rebind in 524s
09-01 19:20:44.151  2230  2580 D DhcpClient: Scheduling expiry in 599s
09-01 19:20:44.156  2446  4456 D QCNEJ/WlanStaInfoRelay: Received action: android.net.wifi.LINK_CONFIGURATION_CHANGED
09-01 19:20:44.157  2446  4456 E QCNEJ/WlanStaInfoRelay: update link properties given null lp
09-01 19:20:44.157  2446  4456 I QCNEJ/NativeHalConnector: -> SND notifyWlanStaStatusChanged([WlanStaInfo]: wifiSwitchState = 1 rssi = -55 ssid = WiFi 69 bssid = 76:4d:28:12:bf:83 dnsInfo = 192.168.88.1;8.8.8.8;0.0.0.0;0.0.0.0; freqBand = _2GHz countryCode = nl[RatInfo]: networkType = 1 subType = 101 networkState = CONNECTED netHdl = 432902426637 ipAddrV4 = 192.168.88.174 ipAddrV6 =  ifNameV4 = wlan0 ifNameV6 =  slotIdx = 0 isAndroidValidated = true) timeStamp = 2023-09-01 19:16:41.056
09-01 19:20:44.160  4371  4416 D PowerManagerPoller: Downlink cellular capacity updated to 49500 Kbps
09-01 19:20:44.172  5447  5595 I CarrierServices: [451] enh.d: (PEv2-SM-52012781): DisabledState: event Connectivity event [null]
09-01 19:20:44.175  2474  2670 E PhoneInterfaceManager: [PhoneIntfMgr] getCarrierPrivilegeStatus: Invalid subId
09-01 19:20:44.176  5447  5596 I CarrierServices: [452] eua.f: RCS Configuration storage in Bugle is disabled by p/h flag, using ProvisioningEngineStateCacheUtil.getProvisioningConfigurationForGivenSimIfExist()
09-01 19:20:44.181  5447  5526 I CarrierServices: [446] eed.c: Connected state: [1], networkType: [WIFI]
09-01 19:20:44.451  4296  4298 I cmd     : oneway function results will be dropped but finished with status OK and parcel size 4
09-01 19:20:44.459  3362  3362 I BatteryMgr:DataCollectionService: onStartCommand: begin
09-01 19:20:44.460  3362  3362 I BatteryMgr:DataCollectionService: onStartCommand: sampleRate => 100
09-01 19:20:44.460  3362  3362 I BatteryMgr:DataCollectionService: onStartCommand: rawFields => Timestamp,BATTERY_PROPERTY_CURRENT_NOW,EXTRA_VOLTAGE
09-01 19:20:44.461  3362  3362 I BatteryMgr:DataCollectionService: onStartCommand: notification done
09-01 19:20:44.463  1513  3223 D CompatibilityChangeReporter: Compat change id reported: 136219221; UID 10260; state: ENABLED
09-01 19:20:44.464  3362  3362 I BatteryMgr:DataCollectionService: started foreground
09-01 19:20:44.483  3362  4300 I BatteryMgr:DataCollectionService: collectData: begin
09-01 19:20:44.486  3362  4300 I BatteryMgr:DataCollectionService: stats => 1693588844486,8544,4411
09-01 19:20:44.558  3428  3485 D GeckoIdleService: Get idle time: time since reset 700 msec
09-01 19:20:44.558  3428  3485 D GeckoIdleService: Idle timer callback: current idle time 700 msec
09-01 19:20:44.558  3428  3485 D GeckoIdleService: next timeout 4300 msec from now
09-01 19:20:44.558  3428  3485 D GeckoIdleService: SetTimerExpiryIfBefore: next timeout 4300 msec from now
09-01 19:20:44.558  3428  3485 D GeckoIdleService: reset timer expiry to 4310 msec from now
09-01 19:20:44.592  3362  4300 I BatteryMgr:DataCollectionService: stats => 1693588844592,8544,4411
09-01 19:20:44.668  1513  1513 D NotificationService: 0|com.example.batterymanager_utility|1|null|10260: granting content://settings/system/notification_sound
09-01 19:20:44.669  1513  1513 I chatty  : uid=1000(system) Binder:1513_3 identical 3 lines
09-01 19:20:44.669  1513  1513 D NotificationService: 0|com.example.batterymanager_utility|1|null|10260: granting content://settings/system/notification_sound
09-01 19:20:44.670  1513  1513 W NotificationHistory: Attempted to add notif for locked/gone/disabled user 0
09-01 19:20:44.678  2062  2062 D InterruptionStateProvider: No bubble up: not allowed to bubble: 0|com.example.batterymanager_utility|1|null|10260
09-01 19:20:44.678  2062  2062 D InterruptionStateProvider: No heads up: unimportant notification: 0|com.example.batterymanager_utility|1|null|10260
09-01 19:20:44.696  3362  4300 I BatteryMgr:DataCollectionService: stats => 1693588844696,8544,4411
09-01 19:20:44.801  3362  4300 I BatteryMgr:DataCollectionService: stats => 1693588844801,8544,4411
09-01 19:20:44.905  3362  4300 I BatteryMgr:DataCollectionService: stats => 1693588844904,8544,4411
09-01 19:20:45.008  3362  4300 I BatteryMgr:DataCollectionService: stats => 1693588845008,8544,4411
09-01 19:20:45.112  3362  4300 I BatteryMgr:DataCollectionService: stats => 1693588845112,8544,4411
09-01 19:20:45.217  3362  4300 I BatteryMgr:DataCollectionService: stats => 1693588845216,8544,4411
09-01 19:20:45.257  3824  3865 I ndroid.apps.gc: Waiting for a blocking GC ProfileSaver
09-01 19:20:45.277  3824  3865 I ndroid.apps.gc: WaitForGcToComplete blocked ProfileSaver on AddRemoveAppImageSpace for 19.407ms
09-01 19:20:45.320  3362  4300 I BatteryMgr:DataCollectionService: stats => 1693588845320,8544,4411
09-01 19:20:45.355  3845  3878 I android.youtub: Waiting for a blocking GC ProfileSaver
09-01 19:20:45.371  3845  3878 I android.youtub: WaitForGcToComplete blocked ProfileSaver on RunEmptyCheckpoint for 16.445ms
09-01 19:20:45.395  1513  3223 D ConnectivityService: requestNetwork for uid/pid:10220/4007 NetworkRequest [ TRACK_DEFAULT id=1535, [ Capabilities: INTERNET&NOT_RESTRICTED&TRUSTED Uid: 10220 AdministratorUids: [] RequestorUid: 10220 RequestorPackageName: com.android.chrome] ]
09-01 19:20:45.395  1513  2000 D ConnectivityService: NetReassign [1535 : null → 100]
09-01 19:20:45.395  1513  1996 D WifiNetworkFactory: got request NetworkRequest [ TRACK_DEFAULT id=1535, [ Capabilities: INTERNET&NOT_RESTRICTED&TRUSTED Uid: 10220 AdministratorUids: [] RequestorUid: 10220 RequestorPackageName: com.android.chrome] ] with score 60 and providerId 5
09-01 19:20:45.395  1513  2038 D Ethernet: got request NetworkRequest [ TRACK_DEFAULT id=1535, [ Capabilities: INTERNET&NOT_RESTRICTED&TRUSTED Uid: 10220 AdministratorUids: [] RequestorUid: 10220 RequestorPackageName: com.android.chrome] ] with score 60 and providerId 5
09-01 19:20:45.396  1513  1996 D UntrustedWifiNetworkFactory: got request NetworkRequest [ TRACK_DEFAULT id=1535, [ Capabilities: INTERNET&NOT_RESTRICTED&TRUSTED Uid: 10220 AdministratorUids: [] RequestorUid: 10220 RequestorPackageName: com.android.chrome] ] with score 60 and providerId 5
09-01 19:20:45.396  1513  2037 D WIFI_AWARE_FACTORY: got request NetworkRequest [ TRACK_DEFAULT id=1535, [ Capabilities: INTERNET&NOT_RESTRICTED&TRUSTED Uid: 10220 AdministratorUids: [] RequestorUid: 10220 RequestorPackageName: com.android.chrome] ] with score 60 and providerId 5
09-01 19:20:45.396  2474  2474 D PhoneSwitcherNetworkRequstListener: got request NetworkRequest [ TRACK_DEFAULT id=1535, [ Capabilities: INTERNET&NOT_RESTRICTED&TRUSTED Uid: 10220 AdministratorUids: [] RequestorUid: 10220 RequestorPackageName: com.android.chrome] ] with score 60 and providerId 5
09-01 19:20:45.396  1513  2000 D ConnectivityService: NetReassign [no changes]
09-01 19:20:45.399  4007  4007 E cr_BTSPrefs: No data found for task id: 53
09-01 19:20:45.399  4007  4007 E cr_BkgrdTaskScheduler: Task cannot be canceled because no data was found instorage or data was invalid
09-01 19:20:45.424  3362  4300 I BatteryMgr:DataCollectionService: stats => 1693588845424,8544,4411
09-01 19:20:45.529  3362  4300 I BatteryMgr:DataCollectionService: stats => 1693588845528,8544,4411
09-01 19:20:45.634  3362  4300 I BatteryMgr:DataCollectionService: stats => 1693588845634,8544,4411
09-01 19:20:45.740  3362  4300 I BatteryMgr:DataCollectionService: stats => 1693588845740,8544,4411
09-01 19:20:45.757  1513  2000 D ConnectivityService: NetReassign [no changes]
09-01 19:20:45.844  3362  4300 I BatteryMgr:DataCollectionService: stats => 1693588845844,8544,4411
09-01 19:20:45.951  3362  4300 I BatteryMgr:DataCollectionService: stats => 1693588845951,8544,4411
09-01 19:20:46.057  3362  4300 I BatteryMgr:DataCollectionService: stats => 1693588846057,8544,4411
09-01 19:20:46.143   901  1000 D VSC     : @ 34032.595: [WO] tilt angle 89
09-01 19:20:46.164  3362  4300 I BatteryMgr:DataCollectionService: stats => 1693588846164,8544,4411
09-01 19:20:46.270  3362  4300 I BatteryMgr:DataCollectionService: stats => 1693588846270,8544,4411
09-01 19:20:46.376  3362  4300 I BatteryMgr:DataCollectionService: stats => 1693588846376,8544,4411
09-01 19:20:46.483  3362  4300 I BatteryMgr:DataCollectionService: stats => 1693588846483,8544,4411
09-01 19:20:46.590  3362  4300 I BatteryMgr:DataCollectionService: stats => 1693588846590,8544,4411
09-01 19:20:46.699  3362  4300 I BatteryMgr:DataCollectionService: stats => 1693588846699,8544,4411
09-01 19:20:46.753  1513  1537 I ActivityTaskManager: START u0 {act=android.intent.action.VIEW dat=http://192.168.88.177:8000/... flg=0x10000000 cmp=org.mozilla.firefox/org.mozilla.gecko.BrowserApp} from uid 2000
09-01 19:20:46.753  1513  1572 D EventSequenceValidator: inc AccIntentStartedEvents to 2
09-01 19:20:46.757  4325  4327 I cmd     : oneway function results will be dropped but finished with status OK and parcel size 4
09-01 19:20:46.758  1513  1572 D EventSequenceValidator: dec AccIntentStartedEvents to 1
09-01 19:20:46.759  1513  2263 W ActivityTaskManager: Tried to set launchTime (0) < mLastActivityLaunchTime (34021933)
09-01 19:20:46.768   594   655 I SDM     : HWDeviceDRM::UpdateMixerAttributes: Mixer WxH 1080x2340-1 for Peripheral
09-01 19:20:46.768   594   655 I SDM     : DisplayBase::SetActiveConfig: Active configuration changed to: 1
09-01 19:20:46.768   594   655 I SDM     : StrategyImpl::SetIdleTimeoutMs: Idle timeout set to zero for command mode panels
09-01 19:20:46.772   901  2806 I sensors-hal: [ssc_utils]get_qmi_debug_flag:244, support_qmi_debug : false
09-01 19:20:46.777  1513  1572 I DisplayManagerService: Display device changed: DisplayDeviceInfo{"Built-in Screen": uniqueId="local:19260504575090817", 1080 x 2340, modeId 1, defaultModeId 2, supportedModes [{id=1, width=1080, height=2340, fps=90.0}, {id=2, width=1080, height=2340, fps=60.000004}], colorMode 0, supportedColorModes [0, 7, 9], HdrCapabilities HdrCapabilities{mSupportedHdrTypes=[2, 3, 4], mMaxLuminance=500.0, mMaxAverageLuminance=500.0, mMinLuminance=0.0}, allmSupported false, gameContentTypeSupported false, density 440, 435.428 x 433.839 dpi, appVsyncOff 2333333, presDeadline 11500000, cutout DisplayCutout{insets=Rect(0, 136 - 0, 0) waterfall=Insets{left=0, top=0, right=0, bottom=0} boundingRect={Bounds=[Rect(0, 0 - 0, 0), Rect(0, 0 - 136, 136), Rect(0, 0 - 0, 0), Rect(0, 0 - 0, 0)]}}, touch INTERNAL, rotation 0, type INTERNAL, address {port=129, model=0x446d53ad64a0}, deviceProductInfo DeviceProductInfo{name=, manufacturerPnpId=QCM, productId=1, modelYear=null, manufactureDate=ManufactureDate{week=27, year=2006}, relativeAddress=null}, state ON, FLAG_DEFAULT_DISPLAY, FLAG_ROTATES_WITH_CONTENT, FLAG_SECURE, FLAG_SUPPORTS_PROTECTED_BUFFERS}
09-01 19:20:46.778  1513  3232 I ActivityTaskManager: START u0 {act=android.intent.action.VIEW dat=http://192.168.88.177:8000/... cmp=org.mozilla.firefox/org.mozilla.fenix.HomeActivity (has extras)} from uid 10258
09-01 19:20:46.782   901  1000 W ASH     : @ 34033.236: Unhandled msg ID 999: line 1277
09-01 19:20:46.782   901  1000 E ASH     : @ 34033.236: No pb callback assigned
09-01 19:20:46.782   901  1000 E ASH     : @ 34033.236: Nanopb error: callback failed:1588
09-01 19:20:46.790  1513  1572 D EventSequenceValidator: dec AccIntentStartedEvents to 0
09-01 19:20:46.790  1084  1928 W iorapd  : Rejecting transition from kIntentFailed to kActivityLaunchCancelled
09-01 19:20:46.795  3428  3428 I WebExtension: releasePendingMessages: extension=readerview@mozac.org nativeApp=mozacReaderviewActive session=org.mozilla.geckoview.GeckoSession@459f115
09-01 19:20:46.795  3428  3428 I WebExtension: releasePendingMessages: extension=readerview@mozac.org nativeApp=mozacReaderview session=org.mozilla.geckoview.GeckoSession@459f115
09-01 19:20:46.795  3428  3428 I WebExtension: releasePendingMessages: extension=readerview@mozac.org nativeApp=mozacReaderviewActive session=org.mozilla.geckoview.GeckoSession@459f115
09-01 19:20:46.795  3428  3428 I WebExtension: releasePendingMessages: extension=readerview@mozac.org nativeApp=mozacReaderview session=org.mozilla.geckoview.GeckoSession@459f115
09-01 19:20:46.809  3362  4300 I BatteryMgr:DataCollectionService: stats => 1693588846809,8544,4411
09-01 19:20:46.812  2858  2858 I GoogleInputMethodService: GoogleInputMethodService.onFinishInput():3280 
09-01 19:20:46.813  2858  2858 I GoogleInputMethodService: GoogleInputMethodService.updateDeviceLockedStatus():2169 repeatCheckTimes = 0, unlocked = true
09-01 19:20:46.813  2858  2858 I GoogleInputMethodService: GoogleInputMethodService.onStartInput():1960 onStartInput(EditorInfo{inputType=0x0(NULL) imeOptions=0x1 privateImeOptions=null actionName=NONE actionLabel=null actionId=0 initialSelStart=-1 initialSelEnd=-1 initialCapsMode=0x0 hintText=null label=null packageName=org.mozilla.firefox fieldId=-1 fieldName=null extras=null}, false)
09-01 19:20:46.813  2858  2858 I GoogleInputMethodService: GoogleInputMethodService.shouldHideHeaderOnInitialState():4081 ShouldHideHeaderOnInitialState = false
09-01 19:20:46.813  2858  2858 I GoogleInputMethodService: GoogleInputMethodService.updateDeviceLockedStatus():2169 repeatCheckTimes = 2, unlocked = true
09-01 19:20:46.824   594   655 I SDM     : HWDeviceDRM::UpdateMixerAttributes: Mixer WxH 1080x2340-1 for Peripheral
09-01 19:20:46.824   594   655 I SDM     : DisplayBase::SetActiveConfig: Active configuration changed to: 0
09-01 19:20:46.824   594   655 I SDM     : StrategyImpl::SetIdleTimeoutMs: Idle timeout set to zero for command mode panels
09-01 19:20:46.832   901  2806 I sensors-hal: [ssc_utils]get_qmi_debug_flag:244, support_qmi_debug : false
09-01 19:20:46.844   901  1000 W ASH     : @ 34033.298: Unhandled msg ID 999: line 1277
09-01 19:20:46.844   901  1000 E ASH     : @ 34033.298: No pb callback assigned
09-01 19:20:46.844   901  1000 E ASH     : @ 34033.298: Nanopb error: callback failed:1588
09-01 19:20:46.850  1513  1572 I DisplayManagerService: Display device changed: DisplayDeviceInfo{"Built-in Screen": uniqueId="local:19260504575090817", 1080 x 2340, modeId 2, defaultModeId 2, supportedModes [{id=1, width=1080, height=2340, fps=90.0}, {id=2, width=1080, height=2340, fps=60.000004}], colorMode 0, supportedColorModes [0, 7, 9], HdrCapabilities HdrCapabilities{mSupportedHdrTypes=[2, 3, 4], mMaxLuminance=500.0, mMaxAverageLuminance=500.0, mMinLuminance=0.0}, allmSupported false, gameContentTypeSupported false, density 440, 435.428 x 433.839 dpi, appVsyncOff 2333332, presDeadline 11500000, cutout DisplayCutout{insets=Rect(0, 136 - 0, 0) waterfall=Insets{left=0, top=0, right=0, bottom=0} boundingRect={Bounds=[Rect(0, 0 - 0, 0), Rect(0, 0 - 136, 136), Rect(0, 0 - 0, 0), Rect(0, 0 - 0, 0)]}}, touch INTERNAL, rotation 0, type INTERNAL, address {port=129, model=0x446d53ad64a0}, deviceProductInfo DeviceProductInfo{name=, manufacturerPnpId=QCM, productId=1, modelYear=null, manufactureDate=ManufactureDate{week=27, year=2006}, relativeAddress=null}, state ON, FLAG_DEFAULT_DISPLAY, FLAG_ROTATES_WITH_CONTENT, FLAG_SECURE, FLAG_SUPPORTS_PROTECTED_BUFFERS}
09-01 19:20:46.852   594   655 I SDM     : StrategyImpl::SetIdleTimeoutMs: Idle timeout set to zero for command mode panels
09-01 19:20:46.902   901  1000 I ASH     : @ 34033.355: tcs3701: ADC is saturated, removed sample from FIFO.
09-01 19:20:46.912  3362  4300 I BatteryMgr:DataCollectionService: stats => 1693588846912,8544,4411
09-01 19:20:47.019  3362  4300 I BatteryMgr:DataCollectionService: stats => 1693588847019,8544,4411
09-01 19:20:47.126  3362  4300 I BatteryMgr:DataCollectionService: stats => 1693588847125,8544,4411
09-01 19:20:47.203  2062 14994 D PowerUI : can't show warning due to - plugged: true status unknown: false
09-01 19:20:47.206  2410  2410 D DeviceStatisticsService: chargerType=2 batteryLevel=100 totalBatteryCapacity=4169000
09-01 19:20:47.206  2410  2410 D DeviceInfoHidlClient: isPowerInfoNeverSent()=true
09-01 19:20:47.206  2410  2410 D DeviceInfoHidlClient: getPowerInfoSupportStatus()=-1
09-01 19:20:47.233  3362  4300 I BatteryMgr:DataCollectionService: stats => 1693588847232,8544,4411
09-01 19:20:47.339  3362  4300 I BatteryMgr:DataCollectionService: stats => 1693588847339,8544,4411
09-01 19:20:47.357  3824  3843 V ClearcutMetricXmitter: Transmission is done.
09-01 19:20:47.357  3824  3843 V ClearcutMetricXmitter: Transmission is done.
09-01 19:20:47.443  3362  4300 I BatteryMgr:DataCollectionService: stats => 1693588847443,8544,4411
09-01 19:20:47.550  3362  4300 I BatteryMgr:DataCollectionService: stats => 1693588847550,8544,4411
09-01 19:20:47.656  3362  4300 I BatteryMgr:DataCollectionService: stats => 1693588847656,8544,4411
09-01 19:20:47.760  3362  4300 I BatteryMgr:DataCollectionService: stats => 1693588847760,8544,4411
09-01 19:20:47.866  3362  4300 I BatteryMgr:DataCollectionService: stats => 1693588847866,8544,4411
09-01 19:20:47.972  3362  4300 I BatteryMgr:DataCollectionService: stats => 1693588847972,8544,4411
09-01 19:20:48.079  3362  4300 I BatteryMgr:DataCollectionService: stats => 1693588848079,8544,4411
09-01 19:20:48.140   901  1000 D VSC     : @ 34034.592: [WO] tilt angle 89
09-01 19:20:48.186  3362  4300 I BatteryMgr:DataCollectionService: stats => 1693588848185,8544,4411
09-01 19:20:48.292  3362  4300 I BatteryMgr:DataCollectionService: stats => 1693588848292,8544,4411
09-01 19:20:48.398  3362  4300 I BatteryMgr:DataCollectionService: stats => 1693588848398,8544,4411
09-01 19:20:48.503  3362  4300 I BatteryMgr:DataCollectionService: stats => 1693588848502,8544,4411
09-01 19:20:48.609  3362  4300 I BatteryMgr:DataCollectionService: stats => 1693588848609,8544,4411
09-01 19:20:48.716  3362  4300 I BatteryMgr:DataCollectionService: stats => 1693588848716,8544,4411
09-01 19:20:48.773  2446  4456 D QCNEJ/WlanStaInfoRelay: Received action: android.net.wifi.RSSI_CHANGED
09-01 19:20:48.773  2446  4456 I QCNEJ/NativeHalConnector: -> SND notifyWlanStaStatusChanged([WlanStaInfo]: wifiSwitchState = 1 rssi = -56 ssid = WiFi 69 bssid = 76:4d:28:12:bf:83 dnsInfo = 192.168.88.1;8.8.8.8;0.0.0.0;0.0.0.0; freqBand = _2GHz countryCode = nl[RatInfo]: networkType = 1 subType = 101 networkState = CONNECTED netHdl = 432902426637 ipAddrV4 = 192.168.88.174 ipAddrV6 =  ifNameV4 = wlan0 ifNameV6 =  slotIdx = 0 isAndroidValidated = true) timeStamp = 2023-09-01 19:20:48.773
09-01 19:20:48.781  4371  4416 D PowerManagerPoller: Downlink cellular capacity updated to 44687 Kbps
09-01 19:20:48.787  5447  5595 I CarrierServices: [451] enh.d: (PEv2-SM-52012781): DisabledState: event Connectivity event [null]
09-01 19:20:48.794  1513  2000 D ConnectivityService: NetReassign [no changes]
09-01 19:20:48.798  2474  2766 E PhoneInterfaceManager: [PhoneIntfMgr] getCarrierPrivilegeStatus: Invalid subId
09-01 19:20:48.798  5447  5526 I CarrierServices: [446] eed.c: Connected state: [1], networkType: [WIFI]
09-01 19:20:48.798  5447  5596 I CarrierServices: [452] eua.f: RCS Configuration storage in Bugle is disabled by p/h flag, using ProvisioningEngineStateCacheUtil.getProvisioningConfigurationForGivenSimIfExist()
09-01 19:20:48.801   594   655 I SDM     : HWDeviceDRM::UpdateMixerAttributes: Mixer WxH 1080x2340-1 for Peripheral
09-01 19:20:48.801   594   655 I SDM     : DisplayBase::SetActiveConfig: Active configuration changed to: 1
09-01 19:20:48.801   594   655 I SDM     : StrategyImpl::SetIdleTimeoutMs: Idle timeout set to zero for command mode panels
09-01 19:20:48.805   901  2806 I sensors-hal: [ssc_utils]get_qmi_debug_flag:244, support_qmi_debug : false
09-01 19:20:48.806  1513  1572 I DisplayManagerService: Display device changed: DisplayDeviceInfo{"Built-in Screen": uniqueId="local:19260504575090817", 1080 x 2340, modeId 1, defaultModeId 2, supportedModes [{id=1, width=1080, height=2340, fps=90.0}, {id=2, width=1080, height=2340, fps=60.000004}], colorMode 0, supportedColorModes [0, 7, 9], HdrCapabilities HdrCapabilities{mSupportedHdrTypes=[2, 3, 4], mMaxLuminance=500.0, mMaxAverageLuminance=500.0, mMinLuminance=0.0}, allmSupported false, gameContentTypeSupported false, density 440, 435.428 x 433.839 dpi, appVsyncOff 2333333, presDeadline 11500000, cutout DisplayCutout{insets=Rect(0, 136 - 0, 0) waterfall=Insets{left=0, top=0, right=0, bottom=0} boundingRect={Bounds=[Rect(0, 0 - 0, 0), Rect(0, 0 - 136, 136), Rect(0, 0 - 0, 0), Rect(0, 0 - 0, 0)]}}, touch INTERNAL, rotation 0, type INTERNAL, address {port=129, model=0x446d53ad64a0}, deviceProductInfo DeviceProductInfo{name=, manufacturerPnpId=QCM, productId=1, modelYear=null, manufactureDate=ManufactureDate{week=27, year=2006}, relativeAddress=null}, state ON, FLAG_DEFAULT_DISPLAY, FLAG_ROTATES_WITH_CONTENT, FLAG_SECURE, FLAG_SUPPORTS_PROTECTED_BUFFERS}
09-01 19:20:48.818   901  1000 W ASH     : @ 34035.271: Unhandled msg ID 999: line 1277
09-01 19:20:48.818   901  1000 E ASH     : @ 34035.271: No pb callback assigned
09-01 19:20:48.818   901  1000 E ASH     : @ 34035.271: Nanopb error: callback failed:1588
09-01 19:20:48.820  3362  4300 I BatteryMgr:DataCollectionService: stats => 1693588848820,8544,4411
09-01 19:20:48.868  3428  3485 D GeckoIdleService: Get idle time: time since reset 5009 msec
09-01 19:20:48.869  3428  3485 D GeckoIdleService: Get idle time: time since reset 5010 msec
09-01 19:20:48.869  3428  3485 D GeckoIdleService: Idle timer callback: current idle time 5010 msec
09-01 19:20:48.869  3428  3485 D GeckoIdleService: next timeout 174989 msec from now
09-01 19:20:48.869  3428  3485 D GeckoIdleService: SetTimerExpiryIfBefore: next timeout 174989 msec from now
09-01 19:20:48.869  3428  3485 D GeckoIdleService: reset timer expiry to 174999 msec from now
09-01 19:20:48.869  3428  3485 D GeckoIdleService: Idle timer callback: tell observer 0x79ac4a45c8 user is idle
09-01 19:20:48.926   901  2806 I sensors-hal: [ssc_utils]get_qmi_debug_flag:244, support_qmi_debug : false
09-01 19:20:48.926  3362  4300 I BatteryMgr:DataCollectionService: stats => 1693588848926,8544,4411
09-01 19:20:48.964   901  1000 W ASH     : @ 34035.418: Unhandled msg ID 999: line 1277
09-01 19:20:48.965   901  1000 E ASH     : @ 34035.418: No pb callback assigned
09-01 19:20:48.965   901  1000 E ASH     : @ 34035.418: Nanopb error: callback failed:1588
09-01 19:20:48.997   901  1000 I ASH     : @ 34035.450: tcs3701: ADC is saturated, removed sample from FIFO.
09-01 19:20:49.030  3362  4300 I BatteryMgr:DataCollectionService: stats => 1693588849030,8544,4411
09-01 19:20:49.135  3362  4300 I BatteryMgr:DataCollectionService: stats => 1693588849135,8544,4411
09-01 19:20:49.242  3362  4300 I BatteryMgr:DataCollectionService: stats => 1693588849242,8544,4411
09-01 19:20:49.349  3362  4300 I BatteryMgr:DataCollectionService: stats => 1693588849349,8544,4411
09-01 19:20:49.456  3362  4300 I BatteryMgr:DataCollectionService: stats => 1693588849456,8544,4411
09-01 19:20:49.561  3362  4300 I BatteryMgr:DataCollectionService: stats => 1693588849561,8544,4411
09-01 19:20:49.664  3362  4300 I BatteryMgr:DataCollectionService: stats => 1693588849664,8544,4411
09-01 19:20:49.767  3362  4300 I BatteryMgr:DataCollectionService: stats => 1693588849767,8544,4411
09-01 19:20:49.872  3362  4300 I BatteryMgr:DataCollectionService: stats => 1693588849872,8544,4411
09-01 19:20:49.981  3362  4300 I BatteryMgr:DataCollectionService: stats => 1693588849981,8544,4411
09-01 19:20:50.088  3362  4300 I BatteryMgr:DataCollectionService: stats => 1693588850087,8544,4411
09-01 19:20:50.137   901  1000 D VSC     : @ 34036.590: [WO] tilt angle 89
09-01 19:20:50.194  3362  4300 I BatteryMgr:DataCollectionService: stats => 1693588850194,8544,4411
09-01 19:20:50.300  3362  4300 I BatteryMgr:DataCollectionService: stats => 1693588850300,8544,4411
09-01 19:20:50.409  3362  4300 I BatteryMgr:DataCollectionService: stats => 1693588850409,8544,4411
09-01 19:20:50.513  3362  4300 I BatteryMgr:DataCollectionService: stats => 1693588850512,8544,4411
09-01 19:20:50.616  3362  4300 I BatteryMgr:DataCollectionService: stats => 1693588850616,8544,4411
09-01 19:20:50.722  3362  4300 I BatteryMgr:DataCollectionService: stats => 1693588850722,8544,4411
09-01 19:20:50.829  3362  4300 I BatteryMgr:DataCollectionService: stats => 1693588850828,8544,4411
09-01 19:20:50.936  3362  4300 I BatteryMgr:DataCollectionService: stats => 1693588850935,8544,4411
09-01 19:20:51.041  3362  4300 I BatteryMgr:DataCollectionService: stats => 1693588851041,8544,4411
09-01 19:20:51.145  3362  4300 I BatteryMgr:DataCollectionService: stats => 1693588851145,8544,4411
09-01 19:20:51.251  3362  4300 I BatteryMgr:DataCollectionService: stats => 1693588851251,8544,4411
09-01 19:20:51.355  3362  4300 I BatteryMgr:DataCollectionService: stats => 1693588851355,8544,4411
09-01 19:20:51.460  3362  4300 I BatteryMgr:DataCollectionService: stats => 1693588851460,8544,4411
09-01 19:20:51.566  3362  4300 I BatteryMgr:DataCollectionService: stats => 1693588851566,8544,4411
09-01 19:20:51.673  3362  4300 I BatteryMgr:DataCollectionService: stats => 1693588851673,8544,4411
09-01 19:20:51.779  3362  4300 I BatteryMgr:DataCollectionService: stats => 1693588851779,8544,4411
09-01 19:20:51.796  2446  4456 D QCNEJ/WlanStaInfoRelay: Received action: android.net.wifi.RSSI_CHANGED
09-01 19:20:51.796  2446  4456 I QCNEJ/NativeHalConnector: -> SND notifyWlanStaStatusChanged([WlanStaInfo]: wifiSwitchState = 1 rssi = -55 ssid = WiFi 69 bssid = 76:4d:28:12:bf:83 dnsInfo = 192.168.88.1;8.8.8.8;0.0.0.0;0.0.0.0; freqBand = _2GHz countryCode = nl[RatInfo]: networkType = 1 subType = 101 networkState = CONNECTED netHdl = 432902426637 ipAddrV4 = 192.168.88.174 ipAddrV6 =  ifNameV4 = wlan0 ifNameV6 =  slotIdx = 0 isAndroidValidated = true) timeStamp = 2023-09-01 19:20:51.796
09-01 19:20:51.798  4371  4416 D PowerManagerPoller: Downlink cellular capacity updated to 59125 Kbps
09-01 19:20:51.801  5447  5595 I CarrierServices: [451] enh.d: (PEv2-SM-52012781): DisabledState: event Connectivity event [null]
09-01 19:20:51.801  2474  2766 E PhoneInterfaceManager: [PhoneIntfMgr] getCarrierPrivilegeStatus: Invalid subId
09-01 19:20:51.802  5447  5596 I CarrierServices: [452] eua.f: RCS Configuration storage in Bugle is disabled by p/h flag, using ProvisioningEngineStateCacheUtil.getProvisioningConfigurationForGivenSimIfExist()
09-01 19:20:51.804  1513  2000 D ConnectivityService: NetReassign [no changes]
