09-02 14:42:33.414  2563  2880 I BatteryMgr:DataCollectionService: stats => 1693658553413,-49,4311
09-02 14:42:33.523  2563  2880 I BatteryMgr:DataCollectionService: stats => 1693658553523,-49,4311
09-02 14:42:33.630  2563  2880 I BatteryMgr:DataCollectionService: stats => 1693658553630,-49,4311
09-02 14:42:33.737  2563  2880 I BatteryMgr:DataCollectionService: stats => 1693658553736,-49,4311
09-02 14:42:33.843  2563  2880 I BatteryMgr:DataCollectionService: stats => 1693658553843,-49,4311
09-02 14:42:33.952  2563  2880 I BatteryMgr:DataCollectionService: stats => 1693658553952,-49,4311
09-02 14:42:34.058  2563  2880 I BatteryMgr:DataCollectionService: stats => 1693658554058,-49,4311
09-02 14:42:34.168  2563  2880 I BatteryMgr:DataCollectionService: stats => 1693658554168,-49,4311
09-02 14:42:34.279  2563  2880 I BatteryMgr:DataCollectionService: stats => 1693658554279,-49,4311
09-02 14:42:34.390  2563  2880 I BatteryMgr:DataCollectionService: stats => 1693658554390,-49,4311
09-02 14:42:34.501  2563  2880 I BatteryMgr:DataCollectionService: stats => 1693658554501,-49,4311
09-02 14:42:34.612  2563  2880 I BatteryMgr:DataCollectionService: stats => 1693658554611,-49,4311
09-02 14:42:34.722  2563  2880 I BatteryMgr:DataCollectionService: stats => 1693658554721,-49,4311
09-02 14:42:34.832  2563  2880 I BatteryMgr:DataCollectionService: stats => 1693658554832,-49,4311
09-02 14:42:34.951  2563  2880 I BatteryMgr:DataCollectionService: stats => 1693658554950,-49,4311
09-02 14:42:35.061  2563  2880 I BatteryMgr:DataCollectionService: stats => 1693658555061,-49,4311
09-02 14:42:35.172  2563  2880 I BatteryMgr:DataCollectionService: stats => 1693658555172,-49,4311
09-02 14:42:35.279  2563  2880 I BatteryMgr:DataCollectionService: stats => 1693658555279,-49,4311
09-02 14:42:35.293  2768  2818 V ClearcutMetricXmitter: Transmission is done.
09-02 14:42:35.295  2768  2818 I chatty  : uid=10076(u0_a76) Binder:2768_4 identical 1 line
09-02 14:42:35.298  2768  2818 V ClearcutMetricXmitter: Transmission is done.
09-02 14:42:35.388  2563  2880 I BatteryMgr:DataCollectionService: stats => 1693658555388,-49,4311
09-02 14:42:35.418 14031 14031 E adbd    : recv: OPEN 00020a54 00000000 0029:73 68 65 6C 6C 2C 76 32 2C 54 45 52 4D 3D 78 74 65 72 6D 2D 32 35 36 63 6F 6C 6F 72 2C 72 61 77 3A 64 61 74 65 20 2D 75 00 
09-02 14:42:35.418 14031 14031 E adbd    : service_to_fd: shell,v2,TERM=xterm-256color,raw:date -u
09-02 14:42:35.427 14031 14031 E adbd    : recv: OPEN 00020a57 00000000 00d1:73 68 65 6C 6C 2C 76 32 2C 54 45 52 4D 3D 78 74 65 72 6D 2D 32 35 36 63 6F 6C 6F 72 2C 72 61 77 3A 61 6D 20 73 74 61 72 74 20 2D 61 20 61 6E 64 72 6F 69 64 2E 69 6E 74 65 6E 74 2E 61 63 74 69 6F 6E 2E 56 49 45 57 20 2D 6E 20 63 6F 6D 2E 61 6E 64 72 6F 69 64 2E 63 68 72 6F 6D 65 2F 63 6F 6D 2E 67 6F 6F 67 6C 65 2E 61 6E 64 72 6F 69 64 2E 61 70 70 73 2E 63 68 72 6F 6D 65 2E 4D 61 69 6E 20 2D 64 20 68 74 74 70 3A 2F 2F 31 39 32 2E 31 36 38 2E 38 38 2E 31 37 37 3A 38 30 30 30 2F 47 65 6E 65 72 61 6C 2F 6E 65 74 76 69 62 65 73 2D 76 65 6E 64 6F 72 2F 77 77 77 2E 6E 65 74 76 69 62 65 73 2E 63 6F 6D 2F 65 6E 2E 68 74 6D 6C 00 
09-02 14:42:35.427 14031 14031 E adbd    : service_to_fd: shell,v2,TERM=xterm-256color,raw:am start -a android.intent.action.VIEW -n com.android.chrome/com.google.android.apps.chrome.Main -d http://192.168.88.177:8000/General/netvibes-vendor/www.netvibes.com/en.html
09-02 14:42:35.496  2563  2880 I BatteryMgr:DataCollectionService: stats => 1693658555496,-49,4311
09-02 14:42:35.506 14031 14031 E adbd    : recv: OPEN 00020a5a 00000000 003e:73 68 65 6C 6C 2C 76 32 2C 54 45 52 4D 3D 78 74 65 72 6D 2D 32 35 36 63 6F 6C 6F 72 2C 72 61 77 3A 64 75 6D 70 73 79 73 20 63 70 75 69 6E 66 6F 20 7C 20 67 72 65 70 20 54 4F 54 41 4C 00 
09-02 14:42:35.506 14031 14031 E adbd    : service_to_fd: shell,v2,TERM=xterm-256color,raw:dumpsys cpuinfo | grep TOTAL
09-02 14:42:35.531  3979  3989 I ActivityManager: START u0 {act=android.intent.action.VIEW typ=null flg=0x10000000 cmp=ComponentInfo{com.android.chrome/com.google.android.apps.chrome.Main}} from uid 2000
09-02 14:42:35.533  3979  3989 D CustomFrequencyManagerService: acquireDVFSLockLocked : type : DVFS_MIN_LIMIT  frequency : 1560000  uid : 1000  pid : 3979  pkgName : AMS_ACT_START@CPU_MIN@8
09-02 14:42:35.535  3979  3989 D ActivityManagerPerformance: AMP_acquire() ACT_START
09-02 14:42:35.552  2619  2619 D InputMethodManager: HSIFW - flag : 0 Pid : 2619
09-02 14:42:35.552  3979  5172 V InputMethodManagerService: Client requesting input be hidden, flags : 0
09-02 14:42:35.552  3979  5172 V InputMethodManagerService: hideCurrentInputLocked : shouldHideSoftInput is false
09-02 14:42:35.556  3979  5172 D ConnectivityService: filterNetworkStateForUid() uid: 10096 networkInfo: [type: WIFI[] - WIFI, state: CONNECTED/CONNECTED, reason: (unspecified), extra: "WiFi 69", failover: false, available: true, roaming: false, metered: false]
09-02 14:42:35.560  2619  2619 E cr_IntentUtils: getInt failed on bundle null
09-02 14:42:35.563  2619  2619 E ResourceType: Style contains key with bad entry: 0x0101062c
09-02 14:42:35.566  3979  5172 D ConnectivityService: filterNetworkStateForUid() uid: 10096 networkInfo: [type: WIFI[] - WIFI, state: CONNECTED/CONNECTED, reason: (unspecified), extra: "WiFi 69", failover: false, available: true, roaming: false, metered: false]
09-02 14:42:35.576  3979  3989 I ApplicationPolicy: isApplicationExternalStorageWhitelisted:com.android.chrome user:0
09-02 14:42:35.576  3979  3989 D ApplicationPolicy: isApplicationExternalStorageWhitelisted: DO is not enabled on user 0. Allowed.
09-02 14:42:35.576  3979  3989 D ActivityManager: package  com.android.chrome, user - 0 is SDcard whitelisted
09-02 14:42:35.576  3979  3989 I ApplicationPolicy: isApplicationExternalStorageBlacklisted:com.android.chrome user:0
09-02 14:42:35.576  3979  3989 D ApplicationPolicy: isApplicationExternalStorageBlacklisted: DO is not enabled on user 0. Allowed.
09-02 14:42:35.576  3979  3989 I ActivityManager: SA, print process name forked by webview_zygote : com.android.chrome:sandboxed_process1
09-02 14:42:35.579  4443  4443 E SchedPolicy: add_tid_to_cgroup failed; fd=-1
09-02 14:42:35.581 14031 14031 E adbd    : recv: OPEN 00020a5d 00000000 003d:73 68 65 6C 6C 2C 76 32 2C 54 45 52 4D 3D 78 74 65 72 6D 2D 32 35 36 63 6F 6C 6F 72 2C 72 61 77 3A 64 75 6D 70 73 79 73 20 6D 65 6D 69 6E 66 6F 20 7C 20 67 72 65 70 20 55 73 65 64 00 
09-02 14:42:35.582 14031 14031 E adbd    : service_to_fd: shell,v2,TERM=xterm-256color,raw:dumpsys meminfo | grep Used
09-02 14:42:35.587  2924  2924 E /system/bin/webview_zygote32: failed to make and chown /acct/uid_99260: Permission denied
09-02 14:42:35.587  2924  2924 E Zygote  : createProcessGroup(99260, 0) failed: Permission denied
09-02 14:42:35.587  2924  2924 E libpersona: Couldn't open the File - /data/system/users/0.xml - Permission denied
09-02 14:42:35.588  2924  2924 W SELinux : SELinux selinux_android_compute_policy_index : Policy Index[2],  Con:u:r:webview_zygote:s0 RAM:SEPF_SM-J720F_8.0.0_0017, [-1 -1 -1 -1 0 1]
09-02 14:42:35.588  2924  2924 I SELinux : SELinux: seapp_context_lookup: seinfo=chrome, level=s0:c512,c768, pkgname=com.android.chrome:sandboxed_process1 
09-02 14:42:35.591  2619  2619 D InputMethodManager: HSIFW - flag : 0 Pid : 2619
09-02 14:42:35.592  3979  3989 I ActivityManager: Start proc 2924:com.android.chrome:sandboxed_process1/u0i260 for webview_service com.android.chrome/org.chromium.content.app.SandboxedProcessService1
09-02 14:42:35.592  3979  5925 V InputMethodManagerService: Client requesting input be hidden, flags : 0
09-02 14:42:35.592  3979  5925 V InputMethodManagerService: hideCurrentInputLocked : shouldHideSoftInput is false
09-02 14:42:35.604  2563  2880 I BatteryMgr:DataCollectionService: stats => 1693658555604,-49,4311
09-02 14:42:35.619  2924  2924 I SamplingProfilerIntegration: Profiling disabled.
09-02 14:42:35.625  2924  2924 D TimaKeyStoreProvider: TimaKeyStore is not enabled: cannot add TimaSignature Service and generateKeyPair Service
09-02 14:42:35.625  2924  2924 D ActivityThread: Added TimaKeyStore provider
09-02 14:42:35.629  3979  5172 I ActivityManager: DSS on for com.android.chrome and scale is 1.0
09-02 14:42:35.635  2619  2619 V InputMethodManager: Starting input: tba=android.view.inputmethod.EditorInfo@fcddd3 nm : com.android.chrome ic=null
09-02 14:42:35.635  2619  2619 I InputMethodManager: startInputInner - mService.startInputOrWindowGainedFocus
09-02 14:42:35.635  3979  4200 D InputMethodManagerService: startInputOrWindowGainedFocus : startInput 
09-02 14:42:35.636  3979  4200 D InputMethodManagerService: setCurrentInputInfo - inputContext : null eidtorInfo : android.view.inputmethod.EditorInfo@1699c5e missingMethods : 0
09-02 14:42:35.636  4336  4336 I InputMethodWrapper:  call dispatchStartInputWithToken
09-02 14:42:35.636  4336  4336 I InputMethodService: dispatchStartInputWithToken
09-02 14:42:35.637  4336  4336 I SKBD    : SamsungKeypad [IMI] onStartInput - caller pid : 2619, caller uid : 10096
09-02 14:42:35.637  4336  4336 I SKBD    : SamsungKeypad  CACHEDIC onStartInput  isCachedICEnabled:  false
09-02 14:42:35.637  4336  4336 I SKBD    : atl getDefaultInputRange : UNKNOWN
09-02 14:42:35.637  4336  4336 I SKBD    : awo resetBinderManager()
09-02 14:42:35.637  4336  4336 I SKBD_SYNC: SamsungKeypad onStartInput: import DLM
09-02 14:42:35.637  4336  4336 I SKBD    : atl setPrivateImeOptionsToTable privateImeOptions ( null )
09-02 14:42:35.637  4336  4336 I SKBD    : atl imeOptions is null
09-02 14:42:35.638  4336  4336 I SKBD    : SamsungKeypad [PF_OP][onStartInput] 749808
09-02 14:42:35.648  3979  4200 D ConnectivityService: filterNetworkStateForUid() uid: 10096 networkInfo: [type: WIFI[] - WIFI, state: CONNECTED/CONNECTED, reason: (unspecified), extra: "WiFi 69", failover: false, available: true, roaming: false, metered: false]
09-02 14:42:35.650  2619  2619 I cr_OfflineDetector: Running updateState mConnectivityDetectorInitialized: true, mTimeWhenLastForegrounded: 103737082, getElapsedTime: 103737082, mTimeWhenLastOfflineNotificationReceived: 0, mTimeWhenLastOnline: 103727968, mApplicationState: 1, mIsOfflineLastReportedByConnectivityDetector: false, mIsEffectivelyOffline: false
09-02 14:42:35.650  2619  2619 I cr_OfflineDetector: updateState(): timeSinceLastForeground: 0, timeSinceOfflineNotificationReceived: 103737082, timeSinceLastOnline: 9114, timeNeededForForeground: 2000, timeNeededForOffline: -103735082
09-02 14:42:35.651  3979  5172 D ConnectivityService: filterNetworkStateForUid() uid: 10096 networkInfo: [type: WIFI[] - WIFI, state: CONNECTED/CONNECTED, reason: (unspecified), extra: "WiFi 69", failover: false, available: true, roaming: false, metered: false]
09-02 14:42:35.654  3979  5172 D ConnectivityService: filterNetworkStateForUid() uid: 10096 networkInfo: [type: WIFI[] - WIFI, state: CONNECTED/CONNECTED, reason: (unspecified), extra: "WiFi 69", failover: false, available: true, roaming: false, metered: false]
09-02 14:42:35.668  2941  2941 E asset   : setgid: Operation not permitted
09-02 14:42:35.669  3979  4200 D ConnectivityService: filterNetworkStateForUid() uid: 10096 networkInfo: [type: WIFI[] - WIFI, state: CONNECTED/CONNECTED, reason: (unspecified), extra: "WiFi 69", failover: false, available: true, roaming: false, metered: false]
09-02 14:42:35.709  2924  2924 I cr_SplitCompatApp: Launched version=107.0.5304.91 minSdkVersion=24 isBundle=true processName=com.android.chrome:sandboxed_process1 isIsolated=true
09-02 14:42:35.711  2563  2880 I BatteryMgr:DataCollectionService: stats => 1693658555711,-49,4311
09-02 14:42:35.714  3979  4200 V WindowManager: Relayout Window{3bad568 u0 com.android.chrome/com.google.android.apps.chrome.Main}: viewVisibility=0 req=720x1280 WM.LayoutParams{(0,0)(fillxfill) sim=#13 ty=1 fl=#81810100 pfl=0x20000 fmt=-3 wanim=0x10302fd vsysui=0x2600 sysuil=true needsMenuKey=2 colorMode=0 naviIconColor=0}
09-02 14:42:35.721  2619  2619 D ViewRootImpl@22a972f[Main]: Relayout returned: old=[0,0][720,1280] new=[0,0][720,1280] result=0x1 surface={valid=true 3316672512} changed=false
09-02 14:42:35.728  2924  2924 W SystemServiceRegistry: No service published for: uimode
09-02 14:42:35.733  2924  2924 V Monotype: fonts.xml take from : /system/etc/
09-02 14:42:35.735  2619  2619 I cr_tabmodel: Appending tabs being restored to metadata lists, 0, startingNormalCount: 85, startingIncognitoCount: 0
09-02 14:42:35.735  2619  2619 I cr_tabmodel: Serializing tab lists; counts: 85, 0
09-02 14:42:35.807  3979  3988 I zygote64: Background concurrent copying GC freed 137783(6MB) AllocSpace objects, 23(456KB) LOS objects, 38% free, 38MB/62MB, paused 493us total 197.849ms
09-02 14:42:35.815  2563  2880 I BatteryMgr:DataCollectionService: stats => 1693658555815,-49,4311
09-02 14:42:35.920  2563  2880 I BatteryMgr:DataCollectionService: stats => 1693658555920,-49,4311
09-02 14:42:35.923  2924  2924 E Typeface: Error mapping font file /system/fonts/SamsungSans-Num3L.ttf
09-02 14:42:35.923  2924  2924 E Minikin : Could not get cmap table size!
09-02 14:42:35.924  2924  2924 E Typeface: Unable to load Family: samsung-sans-num3L:null
09-02 14:42:35.924  2924  2924 E Typeface: Error mapping font file /system/fonts/SamsungSans-Num3T.ttf
09-02 14:42:35.924  2924  2924 E Minikin : Could not get cmap table size!
09-02 14:42:35.924  2924  2924 E Typeface: Unable to load Family: samsung-sans-num3T:null
09-02 14:42:35.924  2924  2924 E Typeface: Error mapping font file /system/fonts/SamsungSans-Num4L.ttf
09-02 14:42:35.924  2924  2924 E Minikin : Could not get cmap table size!
09-02 14:42:35.925  2924  2924 E Typeface: Unable to load Family: samsung-sans-num4L:null
09-02 14:42:35.925  2924  2924 E Typeface: Error mapping font file /system/fonts/SamsungSans-Num4T.ttf
09-02 14:42:35.925  2924  2924 E Minikin : Could not get cmap table size!
09-02 14:42:35.925  2924  2924 E Typeface: Unable to load Family: samsung-sans-num4T:null
09-02 14:42:35.925  2924  2924 E Typeface: Error mapping font file /system/fonts/SamsungSans-Num35.ttf
09-02 14:42:35.925  2924  2924 E Minikin : Could not get cmap table size!
09-02 14:42:35.926  2924  2924 E Typeface: Unable to load Family: samsung-sans-num35:null
09-02 14:42:35.926  2924  2924 E Typeface: Error mapping font file /system/fonts/SamsungSans-Num45.ttf
09-02 14:42:35.926  2924  2924 E Minikin : Could not get cmap table size!
09-02 14:42:35.926  2924  2924 E Typeface: Unable to load Family: samsung-sans-num45:null
09-02 14:42:35.926  2924  2924 E Typeface: Error mapping font file /system/fonts/SamsungSans-Num3Lv.ttf
09-02 14:42:35.926  2924  2924 E Minikin : Could not get cmap table size!
09-02 14:42:35.926  2924  2924 E Typeface: Unable to load Family: samsung-sans-num3LV:null
09-02 14:42:35.927  2924  2924 E Typeface: Error mapping font file /system/fonts/SamsungSans-Num3R.ttf
09-02 14:42:35.927  2924  2924 E Minikin : Could not get cmap table size!
09-02 14:42:35.927  2924  2924 E Typeface: Unable to load Family: samsung-sans-num3R:null
09-02 14:42:35.927  2924  2924 E Typeface: Error mapping font file /system/fonts/SamsungSans-Num4Tv.ttf
09-02 14:42:35.927  2924  2924 E Minikin : Could not get cmap table size!
09-02 14:42:35.927  2924  2924 E Typeface: Unable to load Family: samsung-sans-num4Tv:null
09-02 14:42:35.928  2924  2924 E Typeface: Error mapping font file /system/fonts/SamsungSans-Num4Lv.ttf
09-02 14:42:35.928  2924  2924 E Minikin : Could not get cmap table size!
09-02 14:42:35.928  2924  2924 E Typeface: Unable to load Family: samsung-sans-num4Lv:null
09-02 14:42:35.933  2924  2924 I cr_ChildProcessService: Creating new ChildProcessService pid=2924
09-02 14:42:35.942  2924  2924 E WebViewFactory: can't load with relro file; address space not reserved
09-02 14:42:35.954  2924  2942 I cr_LibraryLoader: Successfully loaded native library
09-02 14:42:35.955  2924  2942 I cr_CachingUmaRecorder: Flushed 3 samples from 3 histograms.
09-02 14:42:35.956  4962  4962 D io_stats: !@ 179,0 r 642838 19372832 w 447754 9610296 d 48424 19755892 f 117108 119901 iot 549152 462164 th 51200 0 0 pt 0 inp 0 0 49089.201
09-02 14:42:36.025  2563  2880 I BatteryMgr:DataCollectionService: stats => 1693658556025,-49,4311
09-02 14:42:36.079  2924  2942 I tflite  : Initialized TensorFlow Lite runtime.
09-02 14:42:36.130  2563  2880 I BatteryMgr:DataCollectionService: stats => 1693658556130,-49,4311
09-02 14:42:36.236  2563  2880 I BatteryMgr:DataCollectionService: stats => 1693658556235,-49,4311
09-02 14:42:36.248  3449  3449 I android.hardware.wifi@1.0-service: getLinkLayerStats
09-02 14:42:36.343  2563  2880 I BatteryMgr:DataCollectionService: stats => 1693658556342,-49,4311
09-02 14:42:36.449 22051 22051 D BoundBrokerSvc: onBind: Intent { act=com.google.android.gms.common.BIND_SHARED_PREFS pkg=com.google.android.gms }
09-02 14:42:36.449  2563  2880 I BatteryMgr:DataCollectionService: stats => 1693658556449,-49,4311
09-02 14:42:36.449 22051 22051 D BoundBrokerSvc: Loading bound service for intent: Intent { act=com.google.android.gms.common.BIND_SHARED_PREFS pkg=com.google.android.gms }
09-02 14:42:36.455 22051 22051 D BoundBrokerSvc: onUnbind: Intent { act=com.google.android.gms.common.BIND_SHARED_PREFS pkg=com.google.android.gms }
09-02 14:42:36.554  2563  2880 I BatteryMgr:DataCollectionService: stats => 1693658556554,-49,4311
09-02 14:42:36.660  2563  2880 I BatteryMgr:DataCollectionService: stats => 1693658556660,-49,4311
09-02 14:42:36.764  2563  2880 I BatteryMgr:DataCollectionService: stats => 1693658556764,-49,4311
09-02 14:42:36.868  2563  2880 I BatteryMgr:DataCollectionService: stats => 1693658556868,-49,4311
09-02 14:42:36.949  3979  4067 D SamsungAlarmManager: Expired : 4
09-02 14:42:36.949  3979  4067 I SamsungAlarmManager: setLocked to kernel - T:2 / 20230902T144637, SetElapsed=103979193, nowELAPSED=103738381
09-02 14:42:36.952  3979  4067 V SamsungAlarmManager: Sending to uid : 10020 action=a.ACTION_INEXACT_ALARM.PreloadedFBNS.com.facebook.services alarm=Alarm{611a9a4 type 2 when 103738344 com.facebook.services}
09-02 14:42:36.953  3979  4067 V SamsungAlarmManager: Sending to uid : 1000 listener=android.app.AlarmManager$ListenerWrapper@f07fe48 alarm=Alarm{2ef52c2 type 2 when 103738381 android}
09-02 14:42:36.956  3979  3979 D SamsungAlarmManager: setInexact Listener (T:2/F:0/AC:false) 20230902T145433 - CU:1000/CP:3979
09-02 14:42:36.958  3979  4200 D SamsungAlarmManager: setExact Intent (T:2/F:4/AC:false) 20230902T151700 - CU:10020/CP:27497
09-02 14:42:36.960  3979  5172 D ConnectivityService: filterNetworkStateForUid() uid: 10020 networkInfo: [type: WIFI[] - WIFI, state: CONNECTED/CONNECTED, reason: (unspecified), extra: "WiFi 69", failover: false, available: true, roaming: false, metered: false]
09-02 14:42:36.965  3979  5172 D SamsungAlarmManager: setExact Intent (T:2/F:5/AC:false) 20230902T144300 - CU:10020/CP:27497
09-02 14:42:36.965  3979  5172 I SamsungAlarmManager: setLocked to kernel - T:2 / 20230902T144300, SetElapsed=103762394, nowELAPSED=103738397
09-02 14:42:36.973  2563  2880 I BatteryMgr:DataCollectionService: stats => 1693658556972,-49,4311
09-02 14:42:36.977  3979  5172 D ConnectivityService: filterNetworkStateForUid() uid: 10037 networkInfo: [type: WIFI[] - WIFI, state: CONNECTED/CONNECTED, reason: (unspecified), extra: "WiFi 69", failover: false, available: true, roaming: false, metered: false]
09-02 14:42:36.979  3979  5172 D ConnectivityService: filterNetworkStateForUid() uid: 10037 networkInfo: [type: WIFI[] - WIFI, state: CONNECTED/CONNECTED, reason: (unspecified), extra: "WiFi 69", failover: false, available: true, roaming: false, metered: false]
09-02 14:42:36.980 28090 28090 D ConnectivityManager: requestNetwork; CallingUid : 10037, CallingPid : 28090
09-02 14:42:36.980  3979  5172 D ConnectivityService: requestNetwork for uid/pid:10037/28090 NetworkRequest [ TRACK_DEFAULT id=866, [ Capabilities: INTERNET&NOT_RESTRICTED&TRUSTED&NOT_VPN] ]
09-02 14:42:36.981  3979  4180 D ConnectivityService: rematching NetworkAgentInfo [WIFI () - 502]
09-02 14:42:36.981  3979  4180 D ConnectivityService:  network has: [ Transports: WIFI Capabilities: NOT_METERED&INTERNET&NOT_RESTRICTED&TRUSTED&NOT_VPN&VALIDATED&FOREGROUND LinkUpBandwidth>=1048576Kbps LinkDnBandwidth>=1048576Kbps SignalStrength: -52]
09-02 14:42:36.981  3979  4180 D ConnectivityService: Network NetworkAgentInfo [WIFI () - 502] was already satisfying request 864. No change.
09-02 14:42:36.981  3979  4180 D ConnectivityService:   checking if request is satisfied: NetworkRequest [ TRACK_DEFAULT id=866, [ Capabilities: INTERNET&NOT_RESTRICTED&TRUSTED&NOT_VPN] ]
09-02 14:42:36.981  3979  4180 D ConnectivityService: currentScore = 0, newScore = 60
09-02 14:42:36.981  3979  4180 D ConnectivityService: rematch for NetworkAgentInfo [WIFI () - 502]
09-02 14:42:36.981  3979  4180 D ConnectivityService:    accepting network in place of null
09-02 14:42:36.981  3979  4180 D ConnectivityService: sending new Min Network Score(60): NetworkRequest [ TRACK_DEFAULT id=866, [ Capabilities: INTERNET&NOT_RESTRICTED&TRUSTED&NOT_VPN] ]
09-02 14:42:36.982  3979  4177 D WIFI_P2P: got request NetworkRequest [ TRACK_DEFAULT id=866, [ Capabilities: INTERNET&NOT_RESTRICTED&TRUSTED&NOT_VPN] ] with score 60
09-02 14:42:36.982  3979  4177 D WIFI_P2P:   my score=60, my filter=[ Transports: WIFI Capabilities: WIFI_P2P&NOT_RESTRICTED&TRUSTED&NOT_VPN LinkUpBandwidth>=1048576Kbps LinkDnBandwidth>=1048576Kbps]
09-02 14:42:36.982  3979  4177 D WIFI_P2P: evalRequest
09-02 14:42:36.982  3979  4180 D ConnectivityService: MultiNetwork Request(TransportType - Wi-Fi request). Internet Capability doesn't required (false)
09-02 14:42:36.982  3979  4177 D WIFI_P2P:   done
09-02 14:42:36.982  3979  4180 D ConnectivityService: Network NetworkAgentInfo [WIFI () - 502] was already satisfying request 3. No change.
09-02 14:42:36.982  3979  4180 D ConnectivityService: Network NetworkAgentInfo [WIFI () - 502] was already satisfying request 1. No change.
09-02 14:42:36.982  4633  4633 D PhoneSwitcherNetworkRequstListener: got request NetworkRequest [ TRACK_DEFAULT id=866, [ Capabilities: INTERNET&NOT_RESTRICTED&TRUSTED&NOT_VPN] ] with score 60
09-02 14:42:36.982  3979  4180 D ConnectivityService: Network NetworkAgentInfo [WIFI () - 502] was already satisfying request 140. No change.
09-02 14:42:36.983  3979  4180 D ConnectivityService: sending notification AVAILABLE for NetworkRequest [ TRACK_DEFAULT id=866, [ Capabilities: INTERNET&NOT_RESTRICTED&TRUSTED&NOT_VPN] ]
09-02 14:42:36.983  3979  4180 D ConnectivityService: sending notification CAP_CHANGED for NetworkRequest [ TRACK_DEFAULT id=866, [ Capabilities: INTERNET&NOT_RESTRICTED&TRUSTED&NOT_VPN] ]
09-02 14:42:36.983  4633  4633 D PhoneSwitcherNetworkRequstListener:   my score=101, my filter=[ Transports: CELLULAR Capabilities: MMS&SUPL&DUN&FOTA&IMS&CBS&IA&RCS&XCAP&EIMS&INTERNET&NOT_RESTRICTED&TRUSTED&NOT_VPN&ENT1 Specifier: <android.net.MatchAllNetworkSpecifier@0>]
09-02 14:42:36.983  4633  4633 D PhoneSwitcherNetworkRequstListener: evalRequest
09-02 14:42:36.983  4633  4633 D PhoneSwitcherNetworkRequstListener:   needNetworkFor
09-02 14:42:36.983  3979  4180 D ConnectivityService: sending notification IP_CHANGED for NetworkRequest [ TRACK_DEFAULT id=866, [ Capabilities: INTERNET&NOT_RESTRICTED&TRUSTED&NOT_VPN] ]
09-02 14:42:36.984  3979  4306 D Ethernet: got request NetworkRequest [ TRACK_DEFAULT id=866, [ Capabilities: INTERNET&NOT_RESTRICTED&TRUSTED&NOT_VPN] ] with score 60
09-02 14:42:36.985  3979  4306 D Ethernet:   my score=-1, my filter=[ Transports: ETHERNET Capabilities: INTERNET&NOT_RESTRICTED&TRUSTED&NOT_VPN LinkUpBandwidth>=100000Kbps LinkDnBandwidth>=100000Kbps]
09-02 14:42:36.985  3979  4306 D Ethernet: evalRequest
09-02 14:42:36.985  3979  4306 D Ethernet:   done
09-02 14:42:36.985  3979  4153 D WIFI    : got request NetworkRequest [ TRACK_DEFAULT id=866, [ Capabilities: INTERNET&NOT_RESTRICTED&TRUSTED&NOT_VPN] ] with score 60
09-02 14:42:36.985  3979  4153 D WIFI    :   my score=60, my filter=[ Transports: WIFI Capabilities: NOT_METERED&INTERNET&NOT_RESTRICTED&TRUSTED&NOT_VPN LinkUpBandwidth>=1048576Kbps LinkDnBandwidth>=1048576Kbps]
09-02 14:42:36.985  3979  4153 D WIFI    : evalRequest
09-02 14:42:36.985  3979  4153 D WIFI    :   needNetworkFor
09-02 14:42:36.985  3979  4153 D WIFI_UT : got request NetworkRequest [ TRACK_DEFAULT id=866, [ Capabilities: INTERNET&NOT_RESTRICTED&TRUSTED&NOT_VPN] ] with score 60
09-02 14:42:36.985  3979  4153 D WIFI_UT :   my score=2147483647, my filter=[ Transports: WIFI Capabilities: NOT_METERED&INTERNET&NOT_RESTRICTED&TRUSTED&NOT_VPN LinkUpBandwidth>=1048576Kbps LinkDnBandwidth>=1048576Kbps]
09-02 14:42:36.985  3979  4153 D WIFI_UT : evalRequest
09-02 14:42:36.985  3979  4153 D WIFI_UT :   needNetworkFor
09-02 14:42:36.986  3979  4200 D ConnectivityService: filterNetworkStateForUid() uid: 10037 networkInfo: [type: WIFI[] - WIFI, state: CONNECTED/CONNECTED, reason: (unspecified), extra: "WiFi 69", failover: false, available: true, roaming: false, metered: false]
09-02 14:42:36.988  3979  4200 D ConnectivityService: filterNetworkStateForUid() uid: 10037 networkInfo: [type: WIFI[] - WIFI, state: CONNECTED/CONNECTED, reason: (unspecified), extra: "WiFi 69", failover: false, available: true, roaming: false, metered: false]
09-02 14:42:36.991 28090 28129 I WM-WorkerWrapper: Worker result SUCCESS for Work [ id=c5523e65-9bcd-4e95-9137-14669fd306dc, tags={ com.linkedin.android.tracking.sensor.SensorMetricTapeWorker } ]
09-02 14:42:36.995 28090 28090 D ConnectivityManager: unregisterNetworkCallback; CallingUid : 10037, CallingPid : 28090
09-02 14:42:36.996  3979  4180 D ConnectivityService: releasing NetworkRequest [ TRACK_DEFAULT id=866, [ Capabilities: INTERNET&NOT_RESTRICTED&TRUSTED&NOT_VPN] ] (CALLBACK_RELEASED)
09-02 14:42:36.996  3979  4180 D ConnectivityService:  Removing from current network NetworkAgentInfo [WIFI () - 502], leaving 21 requests.
09-02 14:42:36.997  3979  4180 D ConnectivityService: sending notification RELEASED for NetworkRequest [ TRACK_DEFAULT id=866, [ Capabilities: INTERNET&NOT_RESTRICTED&TRUSTED&NOT_VPN] ]
09-02 14:42:37.011  3979  4200 D ConnectivityService: filterNetworkStateForUid() uid: 10037 networkInfo: [type: WIFI[] - WIFI, state: CONNECTED/CONNECTED, reason: (unspecified), extra: "WiFi 69", failover: false, available: true, roaming: false, metered: false]
09-02 14:42:37.077  2563  2880 I BatteryMgr:DataCollectionService: stats => 1693658557077,-49,4311
09-02 14:42:37.080  3979  5172 D SamsungAlarmManager: Cancel Alarm calling from uid:10020 pid :27497 / op:PendingIntent{6be893c: PendingIntentRecord{e7f183f com.facebook.services broadcastIntent}}
09-02 14:42:37.081  3979  5172 I SamsungAlarmManager: setLocked to kernel - T:2 / 20230902T144637, SetElapsed=103979193, nowELAPSED=103738513
09-02 14:42:37.181  2563  2880 I BatteryMgr:DataCollectionService: stats => 1693658557181,-49,4311
09-02 14:42:37.285  2563  2880 I BatteryMgr:DataCollectionService: stats => 1693658557285,-49,4311
09-02 14:42:37.336  2619  2619 I cr_tabmodel: Appending tabs being restored to metadata lists, 0, startingNormalCount: 85, startingIncognitoCount: 0
09-02 14:42:37.336  2619  2619 I cr_tabmodel: Serializing tab lists; counts: 85, 0
09-02 14:42:37.389  2563  2880 I BatteryMgr:DataCollectionService: stats => 1693658557389,-49,4311
09-02 14:42:37.493  2563  2880 I BatteryMgr:DataCollectionService: stats => 1693658557493,-49,4311
09-02 14:42:37.538  3979  5035 D ActivityManagerPerformance: Received MSG_DISABLE_ACT_START, r: ActivityRecord{1056761 u0 com.android.chrome/com.google.android.apps.chrome.Main t712}
09-02 14:42:37.539  3979  5035 D CustomFrequencyManagerService: acquireDVFSLockLocked : type : DVFS_MIN_LIMIT  frequency : 1560000  uid : 1000  pid : 3979  pkgName : AMS_RESUME_TAIL@CPU_MIN@14
09-02 14:42:37.539  3979  5035 D ActivityManagerPerformance: AMP_acquire() TAIL
09-02 14:42:37.539  3979  5035 D CustomFrequencyManagerService: releaseDVFSLockLocked : Getting Lock type frm List : DVFS_MIN_LIMIT  frequency : 1560000  uid : 1000  pid : 3979  tag : AMS_ACT_START@CPU_MIN@8
09-02 14:42:37.539  3979  5035 D ActivityManagerPerformance: AMP_release() ACT_START
09-02 14:42:37.598  2563  2880 I BatteryMgr:DataCollectionService: stats => 1693658557597,-49,4311
09-02 14:42:37.611  2619  2619 E cr_BTSPrefs: No data found for task id: 56
09-02 14:42:37.612  2619  2619 E cr_BkgrdTaskScheduler: Task cannot be canceled because no data was found instorage or data was invalid
09-02 14:42:37.704  2563  2880 I BatteryMgr:DataCollectionService: stats => 1693658557703,-49,4311
09-02 14:42:37.808  2563  2880 I BatteryMgr:DataCollectionService: stats => 1693658557808,-49,4311
09-02 14:42:37.914  2563  2880 I BatteryMgr:DataCollectionService: stats => 1693658557914,-49,4311
09-02 14:42:38.021  2563  2880 I BatteryMgr:DataCollectionService: stats => 1693658558020,-49,4311
09-02 14:42:38.127  2563  2880 I BatteryMgr:DataCollectionService: stats => 1693658558127,-49,4311
09-02 14:42:38.139  3979  3979 D CustomFrequencyManagerService: releaseDVFSLockLocked : Getting Lock type frm List : DVFS_MIN_LIMIT  frequency : 1560000  uid : 1000  pid : 3979  tag : AMS_RESUME_TAIL@CPU_MIN@14
09-02 14:42:38.238  2563  2880 I BatteryMgr:DataCollectionService: stats => 1693658558237,-49,4311
09-02 14:42:38.348  2563  2880 I BatteryMgr:DataCollectionService: stats => 1693658558348,-49,4311
09-02 14:42:38.455  2563  2880 I BatteryMgr:DataCollectionService: stats => 1693658558455,-49,4311
09-02 14:42:38.564  2563  2880 I BatteryMgr:DataCollectionService: stats => 1693658558564,-49,4311
09-02 14:42:38.674  2563  2880 I BatteryMgr:DataCollectionService: stats => 1693658558674,-49,4311
09-02 14:42:38.784  2563  2880 I BatteryMgr:DataCollectionService: stats => 1693658558783,-49,4311
09-02 14:42:38.894  2563  2880 I BatteryMgr:DataCollectionService: stats => 1693658558894,-49,4311
09-02 14:42:39.004  2563  2880 I BatteryMgr:DataCollectionService: stats => 1693658559004,-49,4311
09-02 14:42:39.113  2563  2880 I BatteryMgr:DataCollectionService: stats => 1693658559113,-49,4311
09-02 14:42:39.120 14031 14031 E adbd    : recv: OPEN 00020a60 00000000 0029:73 68 65 6C 6C 2C 76 32 2C 54 45 52 4D 3D 78 74 65 72 6D 2D 32 35 36 63 6F 6C 6F 72 2C 72 61 77 3A 64 61 74 65 20 2D 75 00 
09-02 14:42:39.120 14031 14031 E adbd    : service_to_fd: shell,v2,TERM=xterm-256color,raw:date -u
09-02 14:42:39.209 14031 14031 E adbd    : recv: OPEN 00020a63 00000000 003e:73 68 65 6C 6C 2C 76 32 2C 54 45 52 4D 3D 78 74 65 72 6D 2D 32 35 36 63 6F 6C 6F 72 2C 72 61 77 3A 64 75 6D 70 73 79 73 20 63 70 75 69 6E 66 6F 20 7C 20 67 72 65 70 20 54 4F 54 41 4C 00 
09-02 14:42:39.209 14031 14031 E adbd    : service_to_fd: shell,v2,TERM=xterm-256color,raw:dumpsys cpuinfo | grep TOTAL
09-02 14:42:39.220  2563  2880 I BatteryMgr:DataCollectionService: stats => 1693658559220,-49,4311
09-02 14:42:39.257  3449  3449 I android.hardware.wifi@1.0-service: getLinkLayerStats
09-02 14:42:39.290 14031 14031 E adbd    : recv: OPEN 00020a66 00000000 003d:73 68 65 6C 6C 2C 76 32 2C 54 45 52 4D 3D 78 74 65 72 6D 2D 32 35 36 63 6F 6C 6F 72 2C 72 61 77 3A 64 75 6D 70 73 79 73 20 6D 65 6D 69 6E 66 6F 20 7C 20 67 72 65 70 20 55 73 65 64 00 
09-02 14:42:39.290 14031 14031 E adbd    : service_to_fd: shell,v2,TERM=xterm-256color,raw:dumpsys meminfo | grep Used
09-02 14:42:39.329  2563  2880 I BatteryMgr:DataCollectionService: stats => 1693658559329,-49,4311
09-02 14:42:39.439  2563  2880 I BatteryMgr:DataCollectionService: stats => 1693658559439,-49,4311
09-02 14:42:39.552  2563  2880 I BatteryMgr:DataCollectionService: stats => 1693658559551,-49,4311
09-02 14:42:39.661  2563  2880 I BatteryMgr:DataCollectionService: stats => 1693658559661,-49,4311
09-02 14:42:39.771  2563  2880 I BatteryMgr:DataCollectionService: stats => 1693658559771,-49,4311
09-02 14:42:39.881  2563  2880 I BatteryMgr:DataCollectionService: stats => 1693658559881,-49,4311
09-02 14:42:39.991  2563  2568 I zygote64: Do partial code cache collection, code=61KB, data=45KB
09-02 14:42:39.991  2563  2568 I zygote64: After code cache collection, code=61KB, data=45KB
09-02 14:42:39.991  2563  2568 I zygote64: Increasing code cache capacity to 256KB
09-02 14:42:39.992  2563  2880 I BatteryMgr:DataCollectionService: stats => 1693658559992,-49,4311
09-02 14:42:40.104  2563  2880 I BatteryMgr:DataCollectionService: stats => 1693658560103,-49,4311
09-02 14:42:40.110  3979  4051 D SensorService: [SO] 0.124 -0.350 9.883
09-02 14:42:40.213  2563  2880 I BatteryMgr:DataCollectionService: stats => 1693658560213,-49,4311
09-02 14:42:40.325  2563  2880 I BatteryMgr:DataCollectionService: stats => 1693658560324,-49,4311
09-02 14:42:40.429  2563  2880 I BatteryMgr:DataCollectionService: stats => 1693658560429,-49,4311
09-02 14:42:40.541  2563  2880 I BatteryMgr:DataCollectionService: stats => 1693658560540,-49,4311
09-02 14:42:40.592 14031 14031 E adbd    : recv: OPEN 00020a69 00000000 0042:73 68 65 6C 6C 2C 76 32 2C 54 45 52 4D 3D 78 74 65 72 6D 2D 32 35 36 63 6F 6C 6F 72 2C 72 61 77 3A 67 65 74 70 72 6F 70 20 72 6F 2E 62 75 69 6C 64 2E 76 65 72 73 69 6F 6E 2E 72 65 6C 65 61 73 65 00 
09-02 14:42:40.592 14031 14031 E adbd    : service_to_fd: shell,v2,TERM=xterm-256color,raw:getprop ro.build.version.release
09-02 14:42:40.647  2563  2880 I BatteryMgr:DataCollectionService: stats => 1693658560647,-49,4311
09-02 14:42:40.683 14031 14031 E adbd    : recv: OPEN 00020a6c 00000000 003e:73 68 65 6C 6C 2C 76 32 2C 54 45 52 4D 3D 78 74 65 72 6D 2D 32 35 36 63 6F 6C 6F 72 2C 72 61 77 3A 67 65 74 70 72 6F 70 20 72 6F 2E 62 75 69 6C 64 2E 76 65 72 73 69 6F 6E 2E 73 64 6B 00 
09-02 14:42:40.683 14031 14031 E adbd    : service_to_fd: shell,v2,TERM=xterm-256color,raw:getprop ro.build.version.sdk
09-02 14:42:40.752  2563  2880 I BatteryMgr:DataCollectionService: stats => 1693658560752,-49,4311
09-02 14:42:40.758 14031 14031 E adbd    : recv: OPEN 00020a6f 00000000 0042:73 68 65 6C 6C 2C 76 32 2C 54 45 52 4D 3D 78 74 65 72 6D 2D 32 35 36 63 6F 6C 6F 72 2C 72 61 77 3A 67 65 74 70 72 6F 70 20 72 6F 2E 62 75 69 6C 64 2E 76 65 72 73 69 6F 6E 2E 72 65 6C 65 61 73 65 00 
09-02 14:42:40.759 14031 14031 E adbd    : service_to_fd: shell,v2,TERM=xterm-256color,raw:getprop ro.build.version.release
09-02 14:42:40.826 14031 14031 E adbd    : recv: OPEN 00020a72 00000000 003e:73 68 65 6C 6C 2C 76 32 2C 54 45 52 4D 3D 78 74 65 72 6D 2D 32 35 36 63 6F 6C 6F 72 2C 72 61 77 3A 67 65 74 70 72 6F 70 20 72 6F 2E 62 75 69 6C 64 2E 76 65 72 73 69 6F 6E 2E 73 64 6B 00 
09-02 14:42:40.826 14031 14031 E adbd    : service_to_fd: shell,v2,TERM=xterm-256color,raw:getprop ro.build.version.sdk
09-02 14:42:40.857  2563  2880 I BatteryMgr:DataCollectionService: stats => 1693658560857,-49,4311
09-02 14:42:40.893 14031 14031 E adbd    : recv: OPEN 00020a75 00000000 008c:73 68 65 6C 6C 2C 76 32 2C 54 45 52 4D 3D 78 74 65 72 6D 2D 32 35 36 63 6F 6C 6F 72 2C 72 61 77 3A 61 6D 20 73 74 6F 70 73 65 72 76 69 63 65 20 63 6F 6D 2E 65 78 61 6D 70 6C 65 2E 62 61 74 74 65 72 79 6D 61 6E 61 67 65 72 5F 75 74 69 6C 69 74 79 2F 63 6F 6D 2E 65 78 61 6D 70 6C 65 2E 62 61 74 74 65 72 79 6D 61 6E 61 67 65 72 5F 75 74 69 6C 69 74 79 2E 44 61 74 61 43 6F 6C 6C 65 63 74 69 6F 6E 53 65 72 76 69 63 65 00 
09-02 14:42:40.893 14031 14031 E adbd    : service_to_fd: shell,v2,TERM=xterm-256color,raw:am stopservice com.example.batterymanager_utility/com.example.batterymanager_utility.DataCollectionService
09-02 14:42:40.959  4962  4962 D io_stats: !@ 179,0 r 643002 19378036 w 447878 9613256 d 48435 19756152 f 117119 119912 iot 549296 462281 th 51200 0 0 pt 0 inp 0 0 49094.204
09-02 14:42:40.963  2563  2880 I BatteryMgr:DataCollectionService: stats => 1693658560963,-49,4311
09-02 14:42:40.976  3979  3979 I EasyMuteController: UnRegister failed. no registered
09-02 14:42:40.977  3979  3979 D LightsService: [api] [SvcLED] turnOff:: id = 4 (uid: 1000 pid: 3979) 
09-02 14:42:40.977  3979  3979 D LightsService: [api] [SvcLED] LED indicator : Not supported.
09-02 14:42:40.980  3979  5172 D Notification: allPendingIntents
09-02 14:42:40.980  3979  3979 D LightsService: [api] [SvcLED] turnOff:: id = 4 (uid: 1000 pid: 3979) 
09-02 14:42:40.980  3979  3979 D LightsService: [api] [SvcLED] LED indicator : Not supported.
09-02 14:42:40.983  3979  4545 D Notification: allPendingIntents
09-02 14:42:40.983  3979  5172 D Notification: allPendingIntents
09-02 14:42:40.985  3979  5172 D Notification: allPendingIntents
09-02 14:42:41.024 14031 14031 E adbd    : recv: OPEN 00020a78 00000000 0042:73 68 65 6C 6C 2C 76 32 2C 54 45 52 4D 3D 78 74 65 72 6D 2D 32 35 36 63 6F 6C 6F 72 2C 72 61 77 3A 67 65 74 70 72 6F 70 20 72 6F 2E 62 75 69 6C 64 2E 76 65 72 73 69 6F 6E 2E 72 65 6C 65 61 73 65 00 
09-02 14:42:41.024 14031 14031 E adbd    : service_to_fd: shell,v2,TERM=xterm-256color,raw:getprop ro.build.version.release
09-02 14:42:41.031  4349  4349 D KeyguardUpdateMonitor: handleStatusBarState( false )
09-02 14:42:41.036  4349  4349 D KeyguardUpdateMonitor: handleStatusBarState( false )
09-02 14:42:41.102 14031 14031 E adbd    : recv: OPEN 00020a7b 00000000 003e:73 68 65 6C 6C 2C 76 32 2C 54 45 52 4D 3D 78 74 65 72 6D 2D 32 35 36 63 6F 6C 6F 72 2C 72 61 77 3A 67 65 74 70 72 6F 70 20 72 6F 2E 62 75 69 6C 64 2E 76 65 72 73 69 6F 6E 2E 73 64 6B 00 
09-02 14:42:41.102 14031 14031 E adbd    : service_to_fd: shell,v2,TERM=xterm-256color,raw:getprop ro.build.version.sdk
09-02 14:42:41.172 14031 14031 E adbd    : recv: OPEN 00020a7e 00000000 0076:73 68 65 6C 6C 2C 76 32 2C 54 45 52 4D 3D 78 74 65 72 6D 2D 32 35 36 63 6F 6C 6F 72 2C 72 61 77 3A 64 75 6D 70 73 79 73 20 61 63 74 69 76 69 74 79 20 72 65 63 65 6E 74 73 20 7C 20 67 72 65 70 20 22 52 65 63 65 6E 74 20 23 30 22 20 7C 20 63 75 74 20 2D 64 20 22 3D 22 20 2D 66 32 20 7C 20 67 72 65 70 20 2D 6F 20 2D 70 20 22 5B 61 2D 7A 7C 2E 5D 2A 22 00 
09-02 14:42:41.172 14031 14031 E adbd    : service_to_fd: shell,v2,TERM=xterm-256color,raw:dumpsys activity recents | grep "Recent #0" | cut -d "=" -f2 | grep -o -p "[a-z|.]*"
09-02 14:42:41.258 14031 14031 E adbd    : recv: OPEN 00020a81 00000000 0042:73 68 65 6C 6C 2C 76 32 2C 54 45 52 4D 3D 78 74 65 72 6D 2D 32 35 36 63 6F 6C 6F 72 2C 72 61 77 3A 67 65 74 70 72 6F 70 20 72 6F 2E 62 75 69 6C 64 2E 76 65 72 73 69 6F 6E 2E 72 65 6C 65 61 73 65 00 
09-02 14:42:41.258 14031 14031 E adbd    : service_to_fd: shell,v2,TERM=xterm-256color,raw:getprop ro.build.version.release
09-02 14:42:41.325 14031 14031 E adbd    : recv: OPEN 00020a84 00000000 003e:73 68 65 6C 6C 2C 76 32 2C 54 45 52 4D 3D 78 74 65 72 6D 2D 32 35 36 63 6F 6C 6F 72 2C 72 61 77 3A 67 65 74 70 72 6F 70 20 72 6F 2E 62 75 69 6C 64 2E 76 65 72 73 69 6F 6E 2E 73 64 6B 00 
09-02 14:42:41.325 14031 14031 E adbd    : service_to_fd: shell,v2,TERM=xterm-256color,raw:getprop ro.build.version.sdk
09-02 14:42:41.418 14031 14031 E adbd    : recv: OPEN 00020a87 00000000 0042:73 68 65 6C 6C 2C 76 32 2C 54 45 52 4D 3D 78 74 65 72 6D 2D 32 35 36 63 6F 6C 6F 72 2C 72 61 77 3A 61 6D 20 66 6F 72 63 65 2D 73 74 6F 70 20 63 6F 6D 2E 61 6E 64 72 6F 69 64 2E 63 68 72 6F 6D 65 00 
09-02 14:42:41.418 14031 14031 E adbd    : service_to_fd: shell,v2,TERM=xterm-256color,raw:am force-stop com.android.chrome
09-02 14:42:41.502  3979  5172 I ActivityManager: Force stopping com.android.chrome appid=10096 user=0: from pid 2999
09-02 14:42:41.503  3979  5172 I ActivityManager: Killing 2704:com.android.chrome:privileged_process0/u0a96 (adj 0): stop com.android.chrome,from pid 2999
09-02 14:42:41.504  3979  5172 W ActivityManager: Scheduling restart of crashed service com.android.chrome/org.chromium.content.app.PrivilegedProcessService0 in 1000ms
09-02 14:42:41.508  3979  5172 I ActivityManager: Killing 2619:com.android.chrome/u0a96 (adj 0): stop com.android.chrome,from pid 2999
09-02 14:42:41.510 22051 22051 D BoundBrokerSvc: onUnbind: Intent { act=com.google.android.gms.credential.manager.service.firstparty.START dat=chimera-action: cmp=com.google.android.gms/.chimera.GmsApiService }
09-02 14:42:41.511 22051 22051 D BoundBrokerSvc: onUnbind: Intent { act=com.google.android.gms.safetynet.service.START pkg=com.google.android.gms }
09-02 14:42:41.512 22051 22051 D BoundBrokerSvc: onUnbind: Intent { act=com.google.android.gms.auth.key.retrieval.service.START dat=chimera-action: cmp=com.google.android.gms/.chimera.GmsApiService }
09-02 14:42:41.513 22051 22051 D BoundBrokerSvc: onUnbind: Intent { act=com.google.android.gms.languageprofile.service.START pkg=com.google.android.gms }
09-02 14:42:41.515  3979  5172 I ActivityManager: Killing 2660:com.android.chrome:sandboxed_process0/u0a96i259 (adj 0): isolated not needed
09-02 14:42:41.515  2660  2660 I cr_ChildProcessService: Destroying ChildProcessService pid=2660
09-02 14:42:41.518  2924  2924 I cr_ChildProcessService: Destroying ChildProcessService pid=2924
09-02 14:42:41.519  2924  2924 I /system/bin/webview_zygote32: System.exit called, status: 0
09-02 14:42:41.519  3979  5172 W ActivityManager: Force removing ActivityRecord{750a4ec u0 com.android.chrome/com.google.android.apps.chrome.Main t712}: app died, no saved state
09-02 14:42:41.519  2924  2924 I AndroidRuntime: VM exiting with result code 0, cleanup skipped.
09-02 14:42:41.527  3979  5172 D InputDispatcher: Focus left window: 2619
09-02 14:42:41.529  3979  5172 I WindowManager: Failed to capture screenshot of Token{a1e50b5 ActivityRecord{750a4ec u0 com.android.chrome/com.google.android.apps.chrome.Main t712 f}} appWin=Window{3bad568 u0 com.android.chrome/com.google.android.apps.chrome.Main} drawState=4
09-02 14:42:41.530  3979  5172 I WindowManager: Destroying surface Surface(name=com.android.chrome/com.google.android.apps.chrome.Main) called by com.android.server.wm.WindowStateAnimator.destroySurface:2501 com.android.server.wm.WindowStateAnimator.destroySurfaceLocked:985 com.android.server.wm.WindowState.removeImmediately:2404 com.android.server.wm.WindowState.removeIfPossible:2603 com.android.server.wm.WindowState.removeIfPossible:2433 com.android.server.wm.WindowToken.removeAllWindowsIfPossible:143 com.android.server.wm.AppWindowToken.removeIfPossible:606 com.android.server.wm.AppWindowToken.onRemovedFromDisplay:674 
09-02 14:42:41.530  3462  3501 I SurfaceFlinger: id=2493 Removed com.android.chrome/com.google.android.apps.chrome.Main#0 (2/4)
09-02 14:42:41.531  3462  3501 I SurfaceFlinger: id=2493 Removed com.android.chrome/com.google.android.apps.chrome.Main#0 (-2/4)
09-02 14:42:41.535  3979  5172 D InputDispatcher: Focused application released
09-02 14:42:41.539  3979  5172 D CustomFrequencyManagerService: acquireDVFSLockLocked : type : DVFS_MIN_LIMIT  frequency : 1560000  uid : 1000  pid : 3979  pkgName : AMS_ACT_RESUME@CPU_MIN@70
09-02 14:42:41.539  3979  5172 D ActivityManagerPerformance: AMP_acquire() ACT_RESUME
09-02 14:42:41.540  3979  5172 D PersonaManagerService: Current focused persona service handled id set to : 0
09-02 14:42:41.541  3979  5172 D InputDispatcher: Focused application set to: xxxx
09-02 14:42:41.543  3979  5172 I ActivityManager: Killing 2924:com.android.chrome:sandboxed_process1/u0a96i260 (adj 0): isolated not needed
09-02 14:42:41.544  3462  3462 I Layer   : id=2493 onRemoved com.android.chrome/com.google.android.apps.chrome.Main#0 
09-02 14:42:41.546  3462  3462 I Layer   : id=2495 onRemoved Background for - SurfaceView - com.android.chrome/com.google.android.apps.chrome.Main@ae9d9d7@0#0 
09-02 14:42:41.546  3462  3462 I Layer   : id=2494 onRemoved SurfaceView - com.android.chrome/com.google.android.apps.chrome.Main@ae9d9d7@0#0 
09-02 14:42:41.547  3979  4545 V WindowManager: Relayout Window{52bab66 u0 com.example.batterymanager_utility/com.example.batterymanager_utility.MainActivity}: viewVisibility=4 req=720x1280 WM.LayoutParams{(0,0)(fillxfill) sim=#120 ty=1 fl=#81810100 pfl=0x20000 wanim=0x10302fd vsysui=0x600 needsMenuKey=2 colorMode=0 naviIconColor=0}
09-02 14:42:41.550  3462  3462 I SurfaceFlinger: Display 0 HWC layers:
09-02 14:42:41.550  3462  3462 I SurfaceFlinger:     type    |    handle    | flag |  format   |   source crop (l,t,r,b)    |         frame       | name 
09-02 14:42:41.550  3462  3462 I SurfaceFlinger: ------------+--------------+------+-----------+----------------------------+---------------------+------
09-02 14:42:41.550  3462  3462 I SurfaceFlinger:      Device | 0x7ac4c24480 | 0000 | RGBA_8888 |   0.0    0.0  720.0   42.0 |    0    0  720   42 | StatusBar#0
09-02 14:42:41.550  3462  3462 I SurfaceFlinger: 
09-02 14:42:41.553  3979  4238 D GameManagerService: handleForegroundChange(). pkgName: com.example.batterymanager_utility, clsName: com.example.batterymanager_utility.MainActivity,FgActivityName:com.example.batterymanager_utility/.MainActivity
09-02 14:42:41.553  3979  5172 D MARsPolicyManager: onPackageResumedFG pkgName = com.example.batterymanager_utility, userId = 0
09-02 14:42:41.553  3979  4238 D GameManagerService: sem_perfomance_mode: 3
09-02 14:42:41.553  3979  4238 D GameManagerService: notifyResumePause(). pkg: com.example.batterymanager_utility, type: 4, isMinimized: false, isTunableApp: false
09-02 14:42:41.553  3979  4238 D GameManagerService:   notifyResumePause(). unexpected mPrevNotiType: -1
09-02 14:42:41.554  2563  2563 D ViewRootImpl@110cd72[MainActivity]: Relayout returned: old=[0,0][720,1280] new=[0,0][720,1280] result=0x1 surface={valid=false 0} changed=false
09-02 14:42:41.573  3979  6899 D GamePkgDataHelper: getGamePkgDataIncServer(). com.example.batterymanager_utility
09-02 14:42:41.573  3979  6899 D GameManagerService: identifyGamePackage. com.example.batterymanager_utility
09-02 14:42:41.574  3979  6899 D GamePkgDataHelper: getGamePkgData(). com.example.batterymanager_utility
09-02 14:42:41.574  3979  4373 D ActivityManager: post active user change for 0 fullscreen true isHomeActivity() false
09-02 14:42:41.574  3979  6899 D GameManagerService: identifyGamePackage. com.example.batterymanager_utility
09-02 14:42:41.574  3979  6899 D GamePkgDataHelper: getGamePkgData(). com.example.batterymanager_utility
09-02 14:42:41.574  3979  6899 D GamePkgDataHelper: getSosPolicy(). com.example.batterymanager_utility
09-02 14:42:41.575  3979  3979 D SamsungAlarmManager: Remove alarm for next reason : android.intent.action.PACKAGE_RESTARTED : package: com.android.chrome
09-02 14:42:41.577  3979  6899 D GameManagerService: identifyGamePackage. com.example.batterymanager_utility
09-02 14:42:41.577  3979  6899 D GamePkgDataHelper: getGamePkgData(). com.example.batterymanager_utility
09-02 14:42:41.578  3979  4373 V WindowManager: Relayout Window{52bab66 u0 com.example.batterymanager_utility/com.example.batterymanager_utility.MainActivity}: viewVisibility=0 req=720x1280 WM.LayoutParams{(0,0)(fillxfill) sim=#120 ty=1 fl=#81810100 pfl=0x20000 wanim=0x10302fd vsysui=0x600 needsMenuKey=2 colorMode=0 naviIconColor=0}
09-02 14:42:41.579  4633  4633 D CarrierSvcBindHelper: No carrier app for: 0
09-02 14:42:41.579  3462  3462 I SurfaceFlinger: id=2496 createSurf (720x1280),1 flag=404, com.example.batterymanager_utility/com.example.batterymanager_utility.MainActivity#0
09-02 14:42:41.580  3979  3995 W BroadcastQueue: Background execution not allowed: receiving Intent { act=android.intent.action.PACKAGE_RESTARTED dat=package:com.android.chrome flg=0x10 (has extras) } to android/com.kddi.android.CpaNotiReceiver
09-02 14:42:41.580  4633  4633 D CarrierSvcBindHelper: No carrier app for: 1
09-02 14:42:41.580  3979  3995 W BroadcastQueue: Background execution not allowed: receiving Intent { act=android.intent.action.PACKAGE_RESTARTED dat=package:com.android.chrome flg=0x10 (has extras) } to com.sec.android.daemonapp/com.samsung.android.weather.daemon.receiver.ClearDataReceiver
09-02 14:42:41.580  3979  4373 V Surface : sf_framedrop debug : 0x4f4c, game : false, logging : 0
09-02 14:42:41.581  3979  6899 D GameManagerService: identifyGamePackage. com.example.batterymanager_utility
09-02 14:42:41.581  3979  6899 D GamePkgDataHelper: getGamePkgData(). com.example.batterymanager_utility
09-02 14:42:41.583  3979  3996 D WindowManager: set systemUiVisibility : systemUiFlags= 0x608 fullscreenStackSysUiFlags= 0x0
09-02 14:42:41.584  3979  4373 D InputDispatcher: Focus entered window: 2563
09-02 14:42:41.585  2563  2563 V Surface : sf_framedrop debug : 0x4f4c, game : false, logging : 0
09-02 14:42:41.586  2563  2563 D ViewRootImpl@110cd72[MainActivity]: Relayout returned: old=[0,0][720,1280] new=[0,0][720,1280] result=0x7 surface={valid=true 536211472384} changed=true
09-02 14:42:41.591  2563  2579 D mali_winsys: EGLint new_window_surface(egl_winsys_display *, void *, EGLSurface, EGLConfig, egl_winsys_surface **, egl_color_buffer_format *, EGLBoolean) returns 0x3000,  [720x1280]-format:1
09-02 14:42:41.592  2563  2579 D OpenGLRenderer: eglCreateWindowSurface = 0x7cc1baee00
09-02 14:42:41.593  2563  2563 D ViewRootImpl@110cd72[MainActivity]: MSG_WINDOW_FOCUS_CHANGED 1
09-02 14:42:41.595  2563  2563 V InputMethodManager: Starting input: tba=android.view.inputmethod.EditorInfo@753c22d nm : com.example.batterymanager_utility ic=null
09-02 14:42:41.595  2563  2563 I InputMethodManager: startInputInner - mService.startInputOrWindowGainedFocus
09-02 14:42:41.596  3979  5172 D InputMethodManagerService: startInputOrWindowGainedFocus : windowGainedFocus 
09-02 14:42:41.596  3979  5172 D InputMethodManagerService: windowGainedFocus: destinationUserId (getCallingUid) = 0
09-02 14:42:41.596  3979  5172 D InputMethodManagerService: windowGainedFocus: currentUserId=0
09-02 14:42:41.596  3979  5172 D InputMethodManagerService: windowGainedFocus: mCurrentFocusedUserId=0
09-02 14:42:41.596  3979  5172 D InputMethodManagerService: windowGainedFocus : lock - currentUserId = 0 destinationUserId = 0
09-02 14:42:41.596  3979  5172 D InputMethodManagerService: windowGainedFocus : mCurrentFocusedUserId - 0 and mSecureKeypadEnabled - false, userSwitched - false
