--------- beginning of system
09-01 21:36:28.988  1513  2000 D ConnectivityService: NetReassign [no changes]
--------- beginning of main
09-01 21:36:30.166   901  1000 D VSC     : @ 42176.618: [WO] tilt angle 89
09-01 21:36:30.199  1513  2172 I ActivityManager: Force stopping com.opera.browser appid=10261 user=0: from pid 8064
09-01 21:36:30.205  2474  2474 E PhoneInterfaceManager: [PhoneIntfMgr] getCarrierPackageNamesForIntentAndPhone: No UICC
09-01 21:36:30.205  2474  2474 D CarrierSvcBindHelper: No carrier app for: 0
09-01 21:36:30.212  3135  3135 D RegisteredNfcFServicesCache: Service unchanged, not updating
09-01 21:36:30.217  8777  8777 I EuiccGoogle: [2] EuiccServiceImpl.onCreate: onCreate Single-SIM mode: simCardState is 1
09-01 21:36:30.222  8777  8071 I EuiccGoogle: [6588] EuiccServiceImpl.onGetEuiccProfileInfoList: onGetEuiccProfileInfoList: slotId = -1
09-01 21:36:30.225  8777  8071 W EuiccGoogle: [6588] EuiccServiceImpl.onGetEuiccProfileInfoList: slotId=-1. No eUICC is active. Return null.
09-01 21:36:30.457  1513  2172 I ActivityTaskManager: START u0 {act=android.intent.action.VIEW flg=0x10008000 cmp=com.opera.browser/com.opera.Opera} from uid 2000
09-01 21:36:30.457  1513  1572 D EventSequenceValidator: Transition from ACTIVITY_FINISHED to INTENT_STARTED
09-01 21:36:30.466   901  2806 I sensors-hal: [ssc_utils]get_qmi_debug_flag:244, support_qmi_debug : false
09-01 21:36:30.473  8064  8066 I cmd     : oneway function results will be dropped but finished with status OK and parcel size 4
09-01 21:36:30.474  1513  1572 D CompatibilityChangeReporter: Compat change id reported: 135634846; UID 10261; state: DISABLED
09-01 21:36:30.474  1513  1625 D CompatibilityChangeReporter: Compat change id reported: 143937733; UID 10261; state: ENABLED
09-01 21:36:30.477   779   779 D Zygote  : Forked child process 8075
09-01 21:36:30.479  1513  1572 D EventSequenceValidator: Transition from INTENT_STARTED to ACTIVITY_LAUNCHED
09-01 21:36:30.484  8075  8075 E m.opera.browse: Not starting debugger since process cannot load the jdwp agent.
09-01 21:36:30.484  1513  1625 I ActivityManager: Start proc 8075:com.opera.browser/u0a261 for pre-top-activity {com.opera.browser/com.opera.Opera}
09-01 21:36:30.485   901  1000 W ASH     : @ 42176.938: Unhandled msg ID 999: line 1277
09-01 21:36:30.485   901  1000 E ASH     : @ 42176.938: No pb callback assigned
09-01 21:36:30.485   901  1000 E ASH     : @ 42176.938: Nanopb error: callback failed:1588
09-01 21:36:30.486  3088  3667 I AssistantForeground: (REDACTED) Get launcher package: %s
09-01 21:36:30.516  8075  8075 W m.opera.browse: JIT profile information will not be recorded: profile file does not exist.
09-01 21:36:30.516  8075  8075 W m.opera.browse: JIT profile information will not be recorded: profile file does not exist.
09-01 21:36:30.521  8075  8075 D NetworkSecurityConfig: Using Network Security Config from resource network_security_config_official_build debugBuild: false
09-01 21:36:30.521  2158  2158 I WallpaperService: engine resumed
09-01 21:36:30.522  8075  8075 D NetworkSecurityConfig: Using Network Security Config from resource network_security_config_official_build debugBuild: false
09-01 21:36:30.522   901   901 I sensors-hal: [hal]batch_physical_sensor:301, android.sensor.gyroscope/41, period=20000000, max_latency=0
09-01 21:36:30.522   901   901 I sensors-hal: [hal]batch_physical_sensor:310, android.sensor.gyroscope/41, period=20000000, max_latency=0 request completed
09-01 21:36:30.523   901   901 I sensors-hal: [hal]activate_physical_sensor:238, android.sensor.gyroscope/41 en=1
09-01 21:36:30.523   901   901 I sensors-hal: [ssc_utils]get_qmi_debug_flag:244, support_qmi_debug : false
09-01 21:36:30.525   901   901 W sensors@2.0-ser: type=1400 audit(0.0:5138): avc: denied { read write } for name="diag" dev="tmpfs" ino=12474 scontext=u:r:hal_sensors_default:s0 tcontext=u:object_r:diag_device:s0 tclass=chr_file permissive=0
09-01 21:36:30.525   901   901 W sensors@2.0-ser: type=1400 audit(0.0:5139): avc: denied { read write } for name="diag" dev="tmpfs" ino=12474 scontext=u:r:hal_sensors_default:s0 tcontext=u:object_r:diag_device:s0 tclass=chr_file permissive=0
09-01 21:36:30.527   901   901 D Diag_Lib:  Diag_LSM_Init: Failed to open handle to diag driver, error = 13
09-01 21:36:30.528   901   901 D Diag_Lib:  Diag_LSM_Init: Failed to open handle to diag driver, error = 13
09-01 21:36:30.528   901   901 I sensors-hal: [ssc_sensor]update_handle:537, handle=331, type=33, wakeup=0, hwid=0, base=331
09-01 21:36:30.528   901   901 I sensors-hal: [ssc_utils]get_qmi_debug_flag:244, support_qmi_debug : false
09-01 21:36:30.532   901   901 I sensors-hal: [ssc_utils]get_qmi_debug_flag:244, support_qmi_debug : false
09-01 21:36:30.533   901  8106 I sensors-hal: [ssc_sensor]ssc_conn_resp_cb:663, resp_value = 0
09-01 21:36:30.533   901  1000 W SEE     : @ 42176.986: adding req to Q sensor=8 req=0xb202c6e8 msg=513
09-01 21:36:30.535   901  8106 I sensors-hal: [sensor]submit_sensors_hal_event:146, android.sensor.additional_info: trying to push empty Events, count = 0
09-01 21:36:30.535   901  8106 I sensors-hal: [sensor]submit_sensors_hal_event:146, android.sensor.additional_info: trying to push empty Events, count = 0
09-01 21:36:30.539   901   901 I sensors-hal: [hal]activate_physical_sensor:249, android.sensor.gyroscope/41 en=1 completed
09-01 21:36:30.540   901  1000 W SEE     : @ 42176.993: adding req to Q sensor=2 req=0xb2033128 msg=513
09-01 21:36:30.540   901  8110 I sensors-hal: [ssc_sensor]ssc_conn_resp_cb:663, resp_value = 0
09-01 21:36:30.542   901  8110 I sensors-hal: [sensor]submit_sensors_hal_event:146, android.sensor.gyroscope: trying to push empty Events, count = 1
09-01 21:36:30.542   901  8110 I chatty  : uid=1000(system) sensors@2.0-ser identical 1 line
09-01 21:36:30.542   901  8110 I sensors-hal: [sensor]submit_sensors_hal_event:146, android.sensor.gyroscope: trying to push empty Events, count = 1
09-01 21:36:30.547  8075  8075 I TetheringManager: registerTetheringEventCallback:com.opera.browser
09-01 21:36:30.557   901  8110 I sensors-hal: [sensor]submit_sensors_hal_event:146, android.sensor.gyroscope: trying to push empty Events, count = 1
09-01 21:36:30.575  8075  8111 W System  : ClassLoader referenced unknown path: 
09-01 21:36:30.631   592   628 W DisplayIdentification: Invalid EDID: falling back to serial number due to missing display name.
09-01 21:36:30.631   592   628 W DisplayIdentification: Invalid EDID: falling back to ASCII text due to missing serial number.
09-01 21:36:30.639  2062  2082 I ndroid.systemu: NativeAlloc concurrent copying GC freed 82588(2994KB) AllocSpace objects, 0(0B) LOS objects, 75% free, 9538KB/37MB, paused 112us total 117.021ms
09-01 21:36:30.642  2062  2084 W System  : A resource failed to call release. 
09-01 21:36:30.644  2062  2084 I chatty  : uid=10233(com.android.systemui) FinalizerDaemon identical 3 lines
09-01 21:36:30.645  2062  2084 W System  : A resource failed to call release. 
09-01 21:36:30.669  1513  3221 D ConnectivityService: requestNetwork for uid/pid:10261/8075 NetworkRequest [ TRACK_DEFAULT id=1923, [ Capabilities: INTERNET&NOT_RESTRICTED&TRUSTED Uid: 10261 AdministratorUids: [] RequestorUid: 10261 RequestorPackageName: com.opera.browser] ]
09-01 21:36:30.670  1513  2000 D ConnectivityService: NetReassign [1923 : null → 100]
09-01 21:36:30.670  1513  1996 D WifiNetworkFactory: got request NetworkRequest [ TRACK_DEFAULT id=1923, [ Capabilities: INTERNET&NOT_RESTRICTED&TRUSTED Uid: 10261 AdministratorUids: [] RequestorUid: 10261 RequestorPackageName: com.opera.browser] ] with score 60 and providerId 5
09-01 21:36:30.670  1513  2038 D Ethernet: got request NetworkRequest [ TRACK_DEFAULT id=1923, [ Capabilities: INTERNET&NOT_RESTRICTED&TRUSTED Uid: 10261 AdministratorUids: [] RequestorUid: 10261 RequestorPackageName: com.opera.browser] ] with score 60 and providerId 5
09-01 21:36:30.670  1513  2037 D WIFI_AWARE_FACTORY: got request NetworkRequest [ TRACK_DEFAULT id=1923, [ Capabilities: INTERNET&NOT_RESTRICTED&TRUSTED Uid: 10261 AdministratorUids: [] RequestorUid: 10261 RequestorPackageName: com.opera.browser] ] with score 60 and providerId 5
09-01 21:36:30.670  1513  1996 D UntrustedWifiNetworkFactory: got request NetworkRequest [ TRACK_DEFAULT id=1923, [ Capabilities: INTERNET&NOT_RESTRICTED&TRUSTED Uid: 10261 AdministratorUids: [] RequestorUid: 10261 RequestorPackageName: com.opera.browser] ] with score 60 and providerId 5
09-01 21:36:30.671  1513  2000 D ConnectivityService: NetReassign [no changes]
09-01 21:36:30.671  2474  2474 D PhoneSwitcherNetworkRequstListener: got request NetworkRequest [ TRACK_DEFAULT id=1923, [ Capabilities: INTERNET&NOT_RESTRICTED&TRUSTED Uid: 10261 AdministratorUids: [] RequestorUid: 10261 RequestorPackageName: com.opera.browser] ] with score 60 and providerId 5
09-01 21:36:30.693  8075  8200 I FA      : App measurement initialized, version: 75017
09-01 21:36:30.693  8075  8200 I FA      : To enable debug logging run: adb shell setprop log.tag.FA VERBOSE
09-01 21:36:30.693  8075  8200 I FA      : To enable faster debug mode event logging run:
09-01 21:36:30.693  8075  8200 I FA      :   adb shell setprop debug.firebase.analytics.app com.opera.browser
09-01 21:36:30.693  1513  2571 D CompatibilityChangeReporter: Compat change id reported: 136274596; UID 10261; state: ENABLED
09-01 21:36:30.712 29589 29601 I ocessService0:: CollectorTransition concurrent copying GC freed 28(48KB) AllocSpace objects, 0(0B) LOS objects, 93% free, 1787KB/25MB, paused 5.657ms total 26.035ms
09-01 21:36:30.721   594   655 I SDM     : HWDeviceDRM::UpdateMixerAttributes: Mixer WxH 1080x2340-1 for Peripheral
09-01 21:36:30.721   594   655 I SDM     : DisplayBase::SetActiveConfig: Active configuration changed to: 0
09-01 21:36:30.722   594   655 I SDM     : StrategyImpl::SetIdleTimeoutMs: Idle timeout set to zero for command mode panels
09-01 21:36:30.732   901  2806 I sensors-hal: [ssc_utils]get_qmi_debug_flag:244, support_qmi_debug : false
09-01 21:36:30.733  1513  1572 I DisplayManagerService: Display device changed: DisplayDeviceInfo{"Built-in Screen": uniqueId="local:19260504575090817", 1080 x 2340, modeId 2, defaultModeId 2, supportedModes [{id=1, width=1080, height=2340, fps=90.0}, {id=2, width=1080, height=2340, fps=60.000004}], colorMode 0, supportedColorModes [0, 7, 9], HdrCapabilities HdrCapabilities{mSupportedHdrTypes=[2, 3, 4], mMaxLuminance=500.0, mMaxAverageLuminance=500.0, mMinLuminance=0.0}, allmSupported false, gameContentTypeSupported false, density 440, 435.428 x 433.839 dpi, appVsyncOff 2333332, presDeadline 11500000, cutout DisplayCutout{insets=Rect(0, 136 - 0, 0) waterfall=Insets{left=0, top=0, right=0, bottom=0} boundingRect={Bounds=[Rect(0, 0 - 0, 0), Rect(0, 0 - 136, 136), Rect(0, 0 - 0, 0), Rect(0, 0 - 0, 0)]}}, touch INTERNAL, rotation 0, type INTERNAL, address {port=129, model=0x446d53ad64a0}, deviceProductInfo DeviceProductInfo{name=, manufacturerPnpId=QCM, productId=1, modelYear=null, manufactureDate=ManufactureDate{week=27, year=2006}, relativeAddress=null}, state ON, FLAG_DEFAULT_DISPLAY, FLAG_ROTATES_WITH_CONTENT, FLAG_SECURE, FLAG_SUPPORTS_PROTECTED_BUFFERS}
09-01 21:36:30.735  8075  8204 I AdrenoGLES-0: QUALCOMM build                   : 35605c3, Ia11ce2d146
09-01 21:36:30.735  8075  8204 I AdrenoGLES-0: Build Date                       : 09/02/20
09-01 21:36:30.735  8075  8204 I AdrenoGLES-0: OpenGL ES Shader Compiler Version: EV031.31.04.00
09-01 21:36:30.735  8075  8204 I AdrenoGLES-0: Local Branch                     : gfx-adreno.lnx.2.0
09-01 21:36:30.735  8075  8204 I AdrenoGLES-0: Remote Branch                    : 
09-01 21:36:30.735  8075  8204 I AdrenoGLES-0: Remote Branch                    : 
09-01 21:36:30.735  8075  8204 I AdrenoGLES-0: Reconstruct Branch               : 
09-01 21:36:30.735  8075  8204 I AdrenoGLES-0: Build Config                     : S P 10.0.4 AArch32
09-01 21:36:30.735  8075  8204 I AdrenoGLES-0: Driver Path                      : /vendor/lib/egl/libGLESv2_adreno.so
09-01 21:36:30.736   594   655 I SDM     : StrategyImpl::SetIdleTimeoutMs: Idle timeout set to zero for command mode panels
09-01 21:36:30.738  8075  8204 I AdrenoGLES-0: PFP: 0x016dd090, ME: 0x00000000
09-01 21:36:30.744  8075  8204 W AdrenoUtils: <ReadGpuID_from_sysfs:197>: Failed to open /sys/class/kgsl/kgsl-3d0/gpu_model
09-01 21:36:30.744  8075  8204 W AdrenoUtils: <ReadGpuID:221>: Failed to read chip ID from gpu_model. Fallback to use the GSL path
09-01 21:36:30.758  1513  1572 D EventSequenceValidator: Transition from ACTIVITY_LAUNCHED to ACTIVITY_FINISHED
09-01 21:36:30.765   901  1000 W ASH     : @ 42177.218: Unhandled msg ID 999: line 1277
09-01 21:36:30.765   901  1000 E ASH     : @ 42177.218: No pb callback assigned
09-01 21:36:30.765   901  1000 E ASH     : @ 42177.218: Nanopb error: callback failed:1588
09-01 21:36:30.767   594   655 I SDM     : HWDeviceDRM::UpdateMixerAttributes: Mixer WxH 1080x2340-1 for Peripheral
09-01 21:36:30.767   594   655 I SDM     : DisplayBase::SetActiveConfig: Active configuration changed to: 1
09-01 21:36:30.767   594   655 I SDM     : StrategyImpl::SetIdleTimeoutMs: Idle timeout set to zero for command mode panels
09-01 21:36:30.767  1513  1572 I DisplayManagerService: Display device changed: DisplayDeviceInfo{"Built-in Screen": uniqueId="local:19260504575090817", 1080 x 2340, modeId 1, defaultModeId 2, supportedModes [{id=1, width=1080, height=2340, fps=90.0}, {id=2, width=1080, height=2340, fps=60.000004}], colorMode 0, supportedColorModes [0, 7, 9], HdrCapabilities HdrCapabilities{mSupportedHdrTypes=[2, 3, 4], mMaxLuminance=500.0, mMaxAverageLuminance=500.0, mMinLuminance=0.0}, allmSupported false, gameContentTypeSupported false, density 440, 435.428 x 433.839 dpi, appVsyncOff 2333333, presDeadline 11500000, cutout DisplayCutout{insets=Rect(0, 136 - 0, 0) waterfall=Insets{left=0, top=0, right=0, bottom=0} boundingRect={Bounds=[Rect(0, 0 - 0, 0), Rect(0, 0 - 136, 136), Rect(0, 0 - 0, 0), Rect(0, 0 - 0, 0)]}}, touch INTERNAL, rotation 0, type INTERNAL, address {port=129, model=0x446d53ad64a0}, deviceProductInfo DeviceProductInfo{name=, manufacturerPnpId=QCM, productId=1, modelYear=null, manufactureDate=ManufactureDate{week=27, year=2006}, relativeAddress=null}, state ON, FLAG_DEFAULT_DISPLAY, FLAG_ROTATES_WITH_CONTENT, FLAG_SECURE, FLAG_SUPPORTS_PROTECTED_BUFFERS}
09-01 21:36:30.778   901  2806 I sensors-hal: [ssc_utils]get_qmi_debug_flag:244, support_qmi_debug : false
09-01 21:36:30.779  1513  1622 D ArtManagerInternalImpl: /data/misc/iorapd/com.opera.browser/1907712205/com.opera.Opera/compiled_traces/compiled_trace.pb doesn't exist
09-01 21:36:30.781  1513  1622 I ActivityTaskManager: Displayed com.opera.browser/com.opera.Opera: +301ms
09-01 21:36:30.787  7733  7733 D BoundBrokerSvc: onBind: Intent { act=com.google.android.gms.measurement.START pkg=com.google.android.gms }
09-01 21:36:30.787  7733  7733 D BoundBrokerSvc: Loading bound service for intent: Intent { act=com.google.android.gms.measurement.START pkg=com.google.android.gms }
09-01 21:36:30.805   901  1000 W ASH     : @ 42177.258: Unhandled msg ID 999: line 1277
09-01 21:36:30.805   901  1000 E ASH     : @ 42177.258: No pb callback assigned
09-01 21:36:30.805   901  1000 E ASH     : @ 42177.258: Nanopb error: callback failed:1588
09-01 21:36:30.834  7733 16085 I Backup  : [GmsBackupAccountManager] Backup account not found in gmscore.
09-01 21:36:30.843  7733 16085 I BlockstoreE2ESync: no backup account found. [CONTEXT service_id=258 ]
09-01 21:36:30.844  2816  8264 W ChimeraUtils: Module com.google.android.gms.backup_base has empty metadata display_name_string_id
09-01 21:36:30.846  1513  2172 D CompatibilityChangeReporter: Compat change id reported: 135634846; UID 10261; state: DISABLED
09-01 21:36:30.846  1513  1625 D CompatibilityChangeReporter: Compat change id reported: 143937733; UID 10261; state: ENABLED
09-01 21:36:30.858   779   779 D Zygote  : Forked child process 8267
09-01 21:36:30.860  1513  1625 I ActivityManager: Start proc 8267:com.opera.browser:privileged_process0/u0a261 for service {com.opera.browser/com.opera.android.browser.chromium.services.PrivilegedProcessService0}
09-01 21:36:30.872  8267  8267 E ileged_process: Not starting debugger since process cannot load the jdwp agent.
09-01 21:36:30.885  1513  4618 D CompatibilityChangeReporter: Compat change id reported: 136274596; UID 10261; state: ENABLED
09-01 21:36:30.898  7733  7753 I gle.android.gm: CollectorTransition concurrent copying GC freed 28539(1617KB) AllocSpace objects, 4(208KB) LOS objects, 75% free, 10MB/41MB, paused 317us total 214.953ms
09-01 21:36:30.908  8267  8267 W ileged_process: JIT profile information will not be recorded: profile file does not exist.
09-01 21:36:30.908  8267  8267 W ileged_process: JIT profile information will not be recorded: profile file does not exist.
09-01 21:36:30.914  8267  8267 D NetworkSecurityConfig: Using Network Security Config from resource network_security_config_official_build debugBuild: false
09-01 21:36:30.914  8267  8267 D NetworkSecurityConfig: Using Network Security Config from resource network_security_config_official_build debugBuild: false
09-01 21:36:30.920  8075  8200 I FA      : Tag Manager is not found and thus will not be used
09-01 21:36:30.951  1513  3230 D ConnectivityService: requestNetwork for uid/pid:10261/8075 NetworkRequest [ TRACK_DEFAULT id=1925, [ Capabilities: INTERNET&NOT_RESTRICTED&TRUSTED Uid: 10261 AdministratorUids: [] RequestorUid: 10261 RequestorPackageName: com.opera.browser] ]
09-01 21:36:30.951  1513  2000 D ConnectivityService: NetReassign [1925 : null → 100]
09-01 21:36:30.951  1513  2038 D Ethernet: got request NetworkRequest [ TRACK_DEFAULT id=1925, [ Capabilities: INTERNET&NOT_RESTRICTED&TRUSTED Uid: 10261 AdministratorUids: [] RequestorUid: 10261 RequestorPackageName: com.opera.browser] ] with score 60 and providerId 5
09-01 21:36:30.952  1513  1996 D WifiNetworkFactory: got request NetworkRequest [ TRACK_DEFAULT id=1925, [ Capabilities: INTERNET&NOT_RESTRICTED&TRUSTED Uid: 10261 AdministratorUids: [] RequestorUid: 10261 RequestorPackageName: com.opera.browser] ] with score 60 and providerId 5
09-01 21:36:30.953  1513  1996 D UntrustedWifiNetworkFactory: got request NetworkRequest [ TRACK_DEFAULT id=1925, [ Capabilities: INTERNET&NOT_RESTRICTED&TRUSTED Uid: 10261 AdministratorUids: [] RequestorUid: 10261 RequestorPackageName: com.opera.browser] ] with score 60 and providerId 5
09-01 21:36:30.953  1513  2037 D WIFI_AWARE_FACTORY: got request NetworkRequest [ TRACK_DEFAULT id=1925, [ Capabilities: INTERNET&NOT_RESTRICTED&TRUSTED Uid: 10261 AdministratorUids: [] RequestorUid: 10261 RequestorPackageName: com.opera.browser] ] with score 60 and providerId 5
09-01 21:36:30.954  2474  2474 D PhoneSwitcherNetworkRequstListener: got request NetworkRequest [ TRACK_DEFAULT id=1925, [ Capabilities: INTERNET&NOT_RESTRICTED&TRUSTED Uid: 10261 AdministratorUids: [] RequestorUid: 10261 RequestorPackageName: com.opera.browser] ] with score 60 and providerId 5
09-01 21:36:30.956  1513  2000 D ConnectivityService: NetReassign [no changes]
09-01 21:36:30.962  8267  8294 I AdrenoGLES-0: QUALCOMM build                   : 35605c3, Ia11ce2d146
09-01 21:36:30.962  8267  8294 I AdrenoGLES-0: Build Date                       : 09/02/20
09-01 21:36:30.962  8267  8294 I AdrenoGLES-0: OpenGL ES Shader Compiler Version: EV031.31.04.00
09-01 21:36:30.962  8267  8294 I AdrenoGLES-0: Local Branch                     : gfx-adreno.lnx.2.0
09-01 21:36:30.962  8267  8294 I AdrenoGLES-0: Remote Branch                    : 
09-01 21:36:30.962  8267  8294 I AdrenoGLES-0: Remote Branch                    : 
09-01 21:36:30.962  8267  8294 I AdrenoGLES-0: Reconstruct Branch               : 
09-01 21:36:30.962  8267  8294 I AdrenoGLES-0: Build Config                     : S P 10.0.4 AArch32
09-01 21:36:30.962  8267  8294 I AdrenoGLES-0: Driver Path                      : /vendor/lib/egl/libGLESv2_adreno.so
09-01 21:36:30.963  1513  2172 W UriGrantsManagerService: No permission grants found for com.google.android.apps.photos
09-01 21:36:30.964  1513  3230 W UriGrantsManagerService: No permission grants found for com.google.android.apps.photos
09-01 21:36:30.966  8267  8294 I AdrenoGLES-0: PFP: 0x016dd090, ME: 0x00000000
09-01 21:36:30.975  8267  8294 W AdrenoUtils: <ReadGpuID_from_sysfs:197>: Failed to open /sys/class/kgsl/kgsl-3d0/gpu_model
09-01 21:36:30.975  8267  8294 W AdrenoUtils: <ReadGpuID:221>: Failed to read chip ID from gpu_model. Fallback to use the GSL path
09-01 21:36:31.002  2858  2858 I GoogleInputMethodService: GoogleInputMethodService.onFinishInput():3280 
09-01 21:36:31.003  2858  2858 I GoogleInputMethodService: GoogleInputMethodService.updateDeviceLockedStatus():2169 repeatCheckTimes = 0, unlocked = true
09-01 21:36:31.003  2858  2858 I GoogleInputMethodService: GoogleInputMethodService.onStartInput():1960 onStartInput(EditorInfo{inputType=0x0(NULL) imeOptions=0x0 privateImeOptions=null actionName=UNSPECIFIED actionLabel=null actionId=0 initialSelStart=-1 initialSelEnd=-1 initialCapsMode=0x0 hintText=null label=null packageName=com.opera.browser fieldId=-1 fieldName=null extras=null}, false)
09-01 21:36:31.003  2858  2858 I GoogleInputMethodService: GoogleInputMethodService.shouldHideHeaderOnInitialState():4081 ShouldHideHeaderOnInitialState = false
09-01 21:36:31.003  2858  2858 I GoogleInputMethodService: GoogleInputMethodService.updateDeviceLockedStatus():2169 repeatCheckTimes = 2, unlocked = true
09-01 21:36:31.007  8075  8165 E [Leanplum][ERROR]: No variable values were received from the server. Please contact us to investigate.
09-01 21:36:31.011  1513  2172 W UriGrantsManagerService: No permission grants found for com.google.android.apps.photos
09-01 21:36:31.012  1513  4618 W UriGrantsManagerService: No permission grants found for com.google.android.apps.photos
09-01 21:36:31.048  1513  6264 W UriGrantsManagerService: No permission grants found for com.google.android.apps.photos
09-01 21:36:31.049  1513  6264 W UriGrantsManagerService: No permission grants found for com.google.android.apps.photos
09-01 21:36:31.074  8017  8334 D ProfileInstaller: Installing profile for com.example.batterymanager_utility
09-01 21:36:31.101  2158  2158 I WallpaperService: engine paused
09-01 21:36:31.101   901   901 I sensors-hal: [hal]activate_physical_sensor:238, android.sensor.gyroscope/41 en=0
09-01 21:36:31.103   901   901 D Diag_Lib: diag: Diag_LSM_DeInit done for pid: 901
09-01 21:36:31.105   901   901 D Diag_Lib: diag: Diag_LSM_DeInit done for pid: 901
09-01 21:36:31.105   901   901 I sensors-hal: [hal]activate_physical_sensor:249, android.sensor.gyroscope/41 en=0 completed
09-01 21:36:31.112  1513  8184 I AdrenoGLES-0: QUALCOMM build                   : 35605c3, Ia11ce2d146
09-01 21:36:31.112  1513  8184 I AdrenoGLES-0: Build Date                       : 09/02/20
09-01 21:36:31.112  1513  8184 I AdrenoGLES-0: OpenGL ES Shader Compiler Version: EV031.31.04.00
09-01 21:36:31.112  1513  8184 I AdrenoGLES-0: Local Branch                     : gfx-adreno.lnx.2.0
09-01 21:36:31.112  1513  8184 I AdrenoGLES-0: Remote Branch                    : 
09-01 21:36:31.112  1513  8184 I AdrenoGLES-0: Remote Branch                    : 
09-01 21:36:31.112  1513  8184 I AdrenoGLES-0: Reconstruct Branch               : 
09-01 21:36:31.112  1513  8184 I AdrenoGLES-0: Build Config                     : S P 10.0.4 AArch64
09-01 21:36:31.112  1513  8184 I AdrenoGLES-0: Driver Path                      : /vendor/lib64/egl/libGLESv2_adreno.so
09-01 21:36:31.119  1513  8184 I AdrenoGLES-0: PFP: 0x016dd090, ME: 0x00000000
09-01 21:36:31.176  1513  1536 D CompatibilityChangeReporter: Compat change id reported: 149924527; UID 10261; state: ENABLED
09-01 21:36:31.177  1513  1536 D CompatibilityChangeReporter: Compat change id reported: 132649864; UID 10261; state: DISABLED
09-01 21:36:31.221   901  2806 I sensors-hal: [ssc_utils]get_qmi_debug_flag:244, support_qmi_debug : false
09-01 21:36:31.240  1513  1536 D CompatibilityChangeReporter: Compat change id reported: 135634846; UID 10261; state: DISABLED
09-01 21:36:31.240  1513  1625 D CompatibilityChangeReporter: Compat change id reported: 143937733; UID 10261; state: ENABLED
09-01 21:36:31.245   901  1000 W ASH     : @ 42177.698: Unhandled msg ID 999: line 1277
09-01 21:36:31.245   901  1000 E ASH     : @ 42177.698: No pb callback assigned
09-01 21:36:31.245   901  1000 E ASH     : @ 42177.698: Nanopb error: callback failed:1588
09-01 21:36:31.251   779   779 D Zygote  : Forked child process 8368
09-01 21:36:31.252  2858  2858 I GoogleInputMethodService: GoogleInputMethodService.onFinishInput():3280 
09-01 21:36:31.253  2858  2858 I GoogleInputMethodService: GoogleInputMethodService.updateDeviceLockedStatus():2169 repeatCheckTimes = 0, unlocked = true
09-01 21:36:31.253  1513  1625 I ActivityManager: Start proc 8368:com.opera.browser:sandboxed_process0/u0a261 for service {com.opera.browser/com.opera.android.browser.chromium.services.SandboxedProcessService0}
09-01 21:36:31.253  2858  2858 I GoogleInputMethodService: GoogleInputMethodService.onStartInput():1960 onStartInput(EditorInfo{inputType=0x0(NULL) imeOptions=0x12000000 privateImeOptions=null actionName=UNSPECIFIED actionLabel=null actionId=0 initialSelStart=-1 initialSelEnd=-1 initialCapsMode=0x0 hintText=null label=null packageName=com.opera.browser fieldId=-1 fieldName=null extras=null}, false)
09-01 21:36:31.253  2858  2858 I GoogleInputMethodService: GoogleInputMethodService.shouldHideHeaderOnInitialState():4081 ShouldHideHeaderOnInitialState = false
09-01 21:36:31.254  2858  2858 I GoogleInputMethodService: GoogleInputMethodService.updateDeviceLockedStatus():2169 repeatCheckTimes = 2, unlocked = true
09-01 21:36:31.255  1075 26862 W ServiceManager: Permission failure: android.permission.SYSTEM_CAMERA from uid=10261 pid=8075
09-01 21:36:31.257  1075 26862 I chatty  : uid=1047(cameraserver) Binder:1075_9 identical 4 lines
09-01 21:36:31.257  1075 26862 W ServiceManager: Permission failure: android.permission.SYSTEM_CAMERA from uid=10261 pid=8075
09-01 21:36:31.263  8368  8368 E dboxed_process: Not starting debugger since process cannot load the jdwp agent.
09-01 21:36:31.278  1513  6264 D CompatibilityChangeReporter: Compat change id reported: 136274596; UID 10261; state: ENABLED
09-01 21:36:31.285  8075  8101 W SQLiteLog: (28) double-quoted string literal: "not_interested"
09-01 21:36:31.300  8075  8101 W SQLiteLog: (28) double-quoted string literal: "report"
09-01 21:36:31.316  8075  8075 W InputMethodManager: Ignoring onBind: cur seq=2321, given seq=2320
09-01 21:36:31.318  8368  8368 W dboxed_process: JIT profile information will not be recorded: profile file does not exist.
09-01 21:36:31.318  8368  8368 W dboxed_process: JIT profile information will not be recorded: profile file does not exist.
09-01 21:36:31.328   901  2806 I sensors-hal: [ssc_utils]get_qmi_debug_flag:244, support_qmi_debug : false
09-01 21:36:31.330  8368  8368 D NetworkSecurityConfig: Using Network Security Config from resource network_security_config_official_build debugBuild: false
09-01 21:36:31.331  8368  8368 D NetworkSecurityConfig: Using Network Security Config from resource network_security_config_official_build debugBuild: false
09-01 21:36:31.355  2816 10278 I FontLog : Received query Noto Color Emoji Compat, URI content://com.google.android.gms.fonts [CONTEXT service_id=132 ]
09-01 21:36:31.355  2816 10278 I FontLog : Query [emojicompat-emoji-font] resolved to {Noto Color Emoji Compat, wdth 100.0, wght 400, ital 0.0, bestEffort false} [CONTEXT service_id=132 ]
09-01 21:36:31.356  2816 10278 I FontLog : Fetch {Noto Color Emoji Compat, wdth 100.0, wght 400, ital 0.0, bestEffort false} end status Status{statusCode=SUCCESS, resolution=null} [CONTEXT service_id=132 ]
09-01 21:36:31.365  1075 26862 W ServiceManager: Permission failure: android.permission.SYSTEM_CAMERA from uid=10261 pid=8075
09-01 21:36:31.366  1075 26862 I chatty  : uid=1047(cameraserver) Binder:1075_9 identical 2 lines
09-01 21:36:31.366  1075 26862 W ServiceManager: Permission failure: android.permission.SYSTEM_CAMERA from uid=10261 pid=8075
09-01 21:36:31.369 10955 14820 I Finsky  : [5315] ncc.l(14): com.opera.browser: Account determined from installer data - [y0_1NG5HTmzf0bF7VytAKz9iHAD6w7yU52Le3i0fi68]
09-01 21:36:31.369  2816 10278 I FontLog : Pulling font file for id = 1452, cache size = 6 [CONTEXT service_id=132 ]
09-01 21:36:31.370   901  1000 W ASH     : @ 42177.820: Unhandled msg ID 999: line 1277
09-01 21:36:31.370   901  1000 E ASH     : @ 42177.820: No pb callback assigned
09-01 21:36:31.370 10955 14820 I Finsky  : [5315] ncc.l(61): Billing preferred account via installer for com.opera.browser: [y0_1NG5HTmzf0bF7VytAKz9iHAD6w7yU52Le3i0fi68]
09-01 21:36:31.370   901  1000 E ASH     : @ 42177.820: Nanopb error: callback failed:1588
09-01 21:36:31.370  1075 26862 W ServiceManager: Permission failure: android.permission.SYSTEM_CAMERA from uid=10261 pid=8075
09-01 21:36:31.370  1075 26862 W ServiceManager: Permission failure: android.permission.SYSTEM_CAMERA from uid=10261 pid=8075
09-01 21:36:31.371 10955 14820 W Finsky  : [5315] hgm.i(10): Unsupported billing API version: 19
09-01 21:36:31.374 10955 14820 I Finsky  : [5315] ncc.l(14): com.opera.browser: Account determined from installer data - [y0_1NG5HTmzf0bF7VytAKz9iHAD6w7yU52Le3i0fi68]
09-01 21:36:31.374 10955 14820 I Finsky  : [5315] ncc.l(61): Billing preferred account via installer for com.opera.browser: [y0_1NG5HTmzf0bF7VytAKz9iHAD6w7yU52Le3i0fi68]
09-01 21:36:31.375 10955 14820 W Finsky  : [5315] hgm.i(10): Unsupported billing API version: 18
09-01 21:36:31.375 10955 14820 I Finsky  : [5315] ncc.l(14): com.opera.browser: Account determined from installer data - [y0_1NG5HTmzf0bF7VytAKz9iHAD6w7yU52Le3i0fi68]
09-01 21:36:31.375 10955 14820 I Finsky  : [5315] ncc.l(61): Billing preferred account via installer for com.opera.browser: [y0_1NG5HTmzf0bF7VytAKz9iHAD6w7yU52Le3i0fi68]
09-01 21:36:31.379 10955 14820 I Finsky  : [5315] ncc.l(14): com.opera.browser: Account determined from installer data - [y0_1NG5HTmzf0bF7VytAKz9iHAD6w7yU52Le3i0fi68]
09-01 21:36:31.380 10955 14820 I Finsky  : [5315] ncc.l(61): Billing preferred account via installer for com.opera.browser: [y0_1NG5HTmzf0bF7VytAKz9iHAD6w7yU52Le3i0fi68]
09-01 21:36:31.380 10955 14820 W Finsky  : [5315] hgm.i(10): Unsupported billing API version: 19
09-01 21:36:31.381 10955 14820 I Finsky  : [5315] ncc.l(14): com.opera.browser: Account determined from installer data - [y0_1NG5HTmzf0bF7VytAKz9iHAD6w7yU52Le3i0fi68]
09-01 21:36:31.381 10955 14820 I Finsky  : [5315] ncc.l(61): Billing preferred account via installer for com.opera.browser: [y0_1NG5HTmzf0bF7VytAKz9iHAD6w7yU52Le3i0fi68]
09-01 21:36:31.381  2816 10278 I FontLog : Pulling font file for id = 1452, cache size = 6 [CONTEXT service_id=132 ]
09-01 21:36:31.381 10955 14820 W Finsky  : [5315] hgm.i(10): Unsupported billing API version: 18
09-01 21:36:31.381 10955 14820 I Finsky  : [5315] ncc.l(14): com.opera.browser: Account determined from installer data - [y0_1NG5HTmzf0bF7VytAKz9iHAD6w7yU52Le3i0fi68]
09-01 21:36:31.382 10955 14820 I Finsky  : [5315] ncc.l(61): Billing preferred account via installer for com.opera.browser: [y0_1NG5HTmzf0bF7VytAKz9iHAD6w7yU52Le3i0fi68]
09-01 21:36:31.384  8075  8075 W View    : requestLayout() improperly called by android.widget.FrameLayout{8da1c54 VFE...C.. ......ID 320,1874-1069,2131 #7f0a01ca app:id/content} during layout: running second layout pass
09-01 21:36:31.404 10955 14820 I Finsky  : [5315] ncc.l(14): com.opera.browser: Account determined from installer data - [y0_1NG5HTmzf0bF7VytAKz9iHAD6w7yU52Le3i0fi68]
09-01 21:36:31.405 10955 14820 I Finsky  : [5315] ncc.l(61): Billing preferred account via installer for com.opera.browser: [y0_1NG5HTmzf0bF7VytAKz9iHAD6w7yU52Le3i0fi68]
09-01 21:36:31.432  2816 10278 I FontLog : Received query name=Google Sans&weight=700&besteffort=false, URI content://com.google.android.gms.fonts [CONTEXT service_id=132 ]
09-01 21:36:31.433  2816 10278 I FontLog : Query [name=Google Sans&weight=700&besteffort=false] resolved to {Google Sans, wdth 100.0, wght 700, ital 0.0, bestEffort false} [CONTEXT service_id=132 ]
09-01 21:36:31.434  2816 10278 I FontLog : Fetch {Google Sans, wdth 100.0, wght 700, ital 0.0, bestEffort false} end status Status{statusCode=SUCCESS, resolution=null} [CONTEXT service_id=132 ]
09-01 21:36:31.445  2816 10278 I FontLog : Pulling font file for id = 1453, cache size = 5 [CONTEXT service_id=132 ]
09-01 21:36:31.453  8267  8420 W VideoCapabilities: Unrecognized level 1879048707 for video/x-vnd.on2.vp8
09-01 21:36:31.453  8267  8420 W VideoCapabilities: Unrecognized profile 1879048704 for video/x-vnd.on2.vp8
09-01 21:36:31.453  8267  8420 W VideoCapabilities: Unrecognized level 1879048707 for video/x-vnd.on2.vp8
09-01 21:36:31.453  8267  8420 W VideoCapabilities: Unrecognized profile 1879048704 for video/x-vnd.on2.vp8
09-01 21:36:31.455  8267  8420 W VideoCapabilities: Unsupported mime image/vnd.android.heic
09-01 21:36:31.455  8267  8420 W VideoCapabilities: Unrecognized level 1879048707 for video/x-vnd.on2.vp8
09-01 21:36:31.455  8267  8420 W VideoCapabilities: Unrecognized profile 1879048704 for video/x-vnd.on2.vp8
09-01 21:36:31.455  8267  8420 W VideoCapabilities: Unrecognized level 1879048707 for video/x-vnd.on2.vp8
09-01 21:36:31.455  8267  8420 W VideoCapabilities: Unrecognized profile 1879048704 for video/x-vnd.on2.vp8
09-01 21:36:31.458  2816  7860 I FontLog : Received query name=Noto Color Emoji Compat&weight=400&besteffort=false, URI content://com.google.android.gms.fonts [CONTEXT service_id=132 ]
09-01 21:36:31.459  2816  7860 I FontLog : Query [name=Noto Color Emoji Compat&weight=400&besteffort=false] resolved to {Noto Color Emoji Compat, wdth 100.0, wght 400, ital 0.0, bestEffort false} [CONTEXT service_id=132 ]
09-01 21:36:31.460  2816  7860 I FontLog : Fetch {Noto Color Emoji Compat, wdth 100.0, wght 400, ital 0.0, bestEffort false} end status Status{statusCode=SUCCESS, resolution=null} [CONTEXT service_id=132 ]
09-01 21:36:31.462  2816  7860 I FontLog : Pulling font file for id = 1454, cache size = 4 [CONTEXT service_id=132 ]
09-01 21:36:31.463  2816  7967 W NetworkScheduler: Error inserting flex_time=3534000 job_id=-1 period=7070000 source=16 requires_charging=0 preferred_network_type=1 target_class=com.google.android.gms.measurement.PackageMeasurementTaskService user_id=0 target_package=com.google.android.gms tag=Measurement.PackageMeasurementTaskService.UPLOAD_TASK_TAG task_type=0 required_idleness_state=0 service_kind=0 source_version=224312000 persistence_level=1 preferred_charging_state=1 required_network_type=0 runtime=1693596991459 retry_strategy={"maximum_backoff_seconds":{"3600":0},"initial_backoff_seconds":{"30":0},"retry_policy":{"0":0}} last_runtime=0 [CONTEXT service_id=218 ]
09-01 21:36:31.463  2816  7967 W NetworkScheduler: android.database.sqlite.SQLiteConstraintException: UNIQUE constraint failed: pending_ops.tag, pending_ops.target_class, pending_ops.target_package, pending_ops.user_id (code 2067 SQLITE_CONSTRAINT_UNIQUE)
09-01 21:36:31.463  2816  7967 W NetworkScheduler: 	at android.database.sqlite.SQLiteConnection.nativeExecuteForLastInsertedRowId(Native Method)
09-01 21:36:31.463  2816  7967 W NetworkScheduler: 	at android.database.sqlite.SQLiteConnection.executeForLastInsertedRowId(SQLiteConnection.java:938)
09-01 21:36:31.463  2816  7967 W NetworkScheduler: 	at android.database.sqlite.SQLiteSession.executeForLastInsertedRowId(SQLiteSession.java:790)
09-01 21:36:31.463  2816  7967 W NetworkScheduler: 	at android.database.sqlite.SQLiteStatement.executeInsert(SQLiteStatement.java:88)
09-01 21:36:31.463  2816  7967 W NetworkScheduler: 	at android.database.sqlite.SQLiteDatabase.insertWithOnConflict(SQLiteDatabase.java:1701)
09-01 21:36:31.463  2816  7967 W NetworkScheduler: 	at android.database.sqlite.SQLiteDatabase.insertOrThrow(SQLiteDatabase.java:1596)
09-01 21:36:31.463  2816  7967 W NetworkScheduler: 	at biky.g(:com.google.android.gms@224312037@22.43.12 (150400-483592595):53)
09-01 21:36:31.463  2816  7967 W NetworkScheduler: 	at bijr.n(:com.google.android.gms@224312037@22.43.12 (150400-483592595):3)
09-01 21:36:31.463  2816  7967 W NetworkScheduler: 	at bijr.u(:com.google.android.gms@224312037@22.43.12 (150400-483592595):20)
09-01 21:36:31.463  2816  7967 W NetworkScheduler: 	at bijr.h(:com.google.android.gms@224312037@22.43.12 (150400-483592595):3)
09-01 21:36:31.463  2816  7967 W NetworkScheduler: 	at bifi.run(:com.google.android.gms@224312037@22.43.12 (150400-483592595):9)
09-01 21:36:31.463  2816  7967 W NetworkScheduler: 	at zqv.c(:com.google.android.gms@224312037@22.43.12 (150400-483592595):6)
09-01 21:36:31.463  2816  7967 W NetworkScheduler: 	at zqv.run(:com.google.android.gms@224312037@22.43.12 (150400-483592595):7)
09-01 21:36:31.463  2816  7967 W NetworkScheduler: 	at java.util.concurrent.ThreadPoolExecutor.runWorker(ThreadPoolExecutor.java:1167)
09-01 21:36:31.463  2816  7967 W NetworkScheduler: 	at java.util.concurrent.ThreadPoolExecutor$Worker.run(ThreadPoolExecutor.java:641)
09-01 21:36:31.463  2816  7967 W NetworkScheduler: 	at zwa.run(:com.google.android.gms@224312037@22.43.12 (150400-483592595):0)
09-01 21:36:31.463  2816  7967 W NetworkScheduler: 	at java.lang.Thread.run(Thread.java:923)
09-01 21:36:31.470  1075 26862 W ServiceManager: Permission failure: android.permission.SYSTEM_CAMERA from uid=10261 pid=8075
09-01 21:36:31.471  1075  3185 W ServiceManager: Permission failure: android.permission.SYSTEM_CAMERA from uid=10261 pid=8075
09-01 21:36:31.473  1075  3185 I chatty  : uid=1047(cameraserver) Binder:1075_5 identical 3 lines
09-01 21:36:31.474  1075  3185 W ServiceManager: Permission failure: android.permission.SYSTEM_CAMERA from uid=10261 pid=8075
09-01 21:36:31.476  2816  7860 I FontLog : Received query name=Google Sans&weight=400&besteffort=false, URI content://com.google.android.gms.fonts [CONTEXT service_id=132 ]
09-01 21:36:31.476  2816  7860 I FontLog : Query [name=Google Sans&weight=400&besteffort=false] resolved to {Google Sans, wdth 100.0, wght 400, ital 0.0, bestEffort false} [CONTEXT service_id=132 ]
09-01 21:36:31.477  2816  7860 I FontLog : Font PFD returned from cache for {Google Sans, wdth 100.0, wght 400, ital 0.0, bestEffort false} [CONTEXT service_id=132 ]
09-01 21:36:31.478  2816  7860 I FontLog : Fetch {Google Sans, wdth 100.0, wght 400, ital 0.0, bestEffort false} end status Status{statusCode=SUCCESS, resolution=null} [CONTEXT service_id=132 ]
09-01 21:36:31.489  2816  7860 I FontLog : Pulling font file for id = 1455, cache size = 5 [CONTEXT service_id=132 ]
09-01 21:36:31.494  2816  7860 I FontLog : Received query name=Google Sans&weight=500&besteffort=false, URI content://com.google.android.gms.fonts [CONTEXT service_id=132 ]
09-01 21:36:31.495  2816  7860 I FontLog : Query [name=Google Sans&weight=500&besteffort=false] resolved to {Google Sans, wdth 100.0, wght 500, ital 0.0, bestEffort false} [CONTEXT service_id=132 ]
09-01 21:36:31.496  2816  7860 I FontLog : Font PFD returned from cache for {Google Sans, wdth 100.0, wght 500, ital 0.0, bestEffort false} [CONTEXT service_id=132 ]
09-01 21:36:31.496  2816  7860 I FontLog : Fetch {Google Sans, wdth 100.0, wght 500, ital 0.0, bestEffort false} end status Status{statusCode=SUCCESS, resolution=null} [CONTEXT service_id=132 ]
09-01 21:36:31.499  2816  7860 I FontLog : Pulling font file for id = 1456, cache size = 5 [CONTEXT service_id=132 ]
09-01 21:36:31.814   901  2806 I sensors-hal: [ssc_utils]get_qmi_debug_flag:244, support_qmi_debug : false
09-01 21:36:31.826   901  2806 I sensors-hal: [ssc_utils]get_qmi_debug_flag:244, support_qmi_debug : false
09-01 21:36:31.837  1513  2060 W SyncManager: failed sync operation JobId=102750 ***/com.opera.browser.ping u0 [com.opera.browser.ping.provider] OTHER ExpectedIn=0s Reason=10261 Retries=74, SyncResult: delayUntil: 1693599622 stats [ numIoExceptions: 1]
09-01 21:36:31.845   901  1000 W ASH     : @ 42178.298: Unhandled msg ID 999: line 1277
09-01 21:36:31.845   901  1000 E ASH     : @ 42178.298: No pb callback assigned
09-01 21:36:31.845   901  1000 E ASH     : @ 42178.298: Nanopb error: callback failed:1588
09-01 21:36:32.006  1513  2000 D ConnectivityService: NetReassign [no changes]
09-01 21:36:32.166   901  1000 D VSC     : @ 42178.618: [WO] tilt angle 89
09-01 21:36:32.298   901  2806 I sensors-hal: [ssc_utils]get_qmi_debug_flag:244, support_qmi_debug : false
09-01 21:36:32.325   901  1000 W ASH     : @ 42178.778: Unhandled msg ID 999: line 1277
09-01 21:36:32.325   901  1000 E ASH     : @ 42178.778: No pb callback assigned
09-01 21:36:32.325   901  1000 E ASH     : @ 42178.778: Nanopb error: callback failed:1588
09-01 21:36:32.584  8075  8087 I m.opera.browse: Background young concurrent copying GC freed 271270(15MB) AllocSpace objects, 223(6656KB) LOS objects, 92% free, 8074KB/103MB, paused 259us total 102.259ms
09-01 21:36:34.167   901  1000 D VSC     : @ 42180.618: [WO] tilt angle 89
09-01 21:36:35.027  1513  2000 D ConnectivityService: NetReassign [no changes]
09-01 21:36:35.455   901  2806 I sensors-hal: [ssc_utils]get_qmi_debug_flag:244, support_qmi_debug : false
09-01 21:36:35.468   594   655 I SDM     : HWDeviceDRM::UpdateMixerAttributes: Mixer WxH 1080x2340-1 for Peripheral
09-01 21:36:35.468   594   655 I SDM     : DisplayBase::SetActiveConfig: Active configuration changed to: 0
09-01 21:36:35.468   594   655 I SDM     : StrategyImpl::SetIdleTimeoutMs: Idle timeout set to zero for command mode panels
09-01 21:36:35.472   901  2806 I sensors-hal: [ssc_utils]get_qmi_debug_flag:244, support_qmi_debug : false
09-01 21:36:35.485   901  1000 W ASH     : @ 42181.938: Unhandled msg ID 999: line 1277
09-01 21:36:35.485   901  1000 E ASH     : @ 42181.938: No pb callback assigned
09-01 21:36:35.485   901  1000 E ASH     : @ 42181.938: Nanopb error: callback failed:1588
09-01 21:36:35.511  1513  1572 I DisplayManagerService: Display device changed: DisplayDeviceInfo{"Built-in Screen": uniqueId="local:19260504575090817", 1080 x 2340, modeId 2, defaultModeId 2, supportedModes [{id=1, width=1080, height=2340, fps=90.0}, {id=2, width=1080, height=2340, fps=60.000004}], colorMode 0, supportedColorModes [0, 7, 9], HdrCapabilities HdrCapabilities{mSupportedHdrTypes=[2, 3, 4], mMaxLuminance=500.0, mMaxAverageLuminance=500.0, mMinLuminance=0.0}, allmSupported false, gameContentTypeSupported false, density 440, 435.428 x 433.839 dpi, appVsyncOff 2333332, presDeadline 11500000, cutout DisplayCutout{insets=Rect(0, 136 - 0, 0) waterfall=Insets{left=0, top=0, right=0, bottom=0} boundingRect={Bounds=[Rect(0, 0 - 0, 0), Rect(0, 0 - 136, 136), Rect(0, 0 - 0, 0), Rect(0, 0 - 0, 0)]}}, touch INTERNAL, rotation 0, type INTERNAL, address {port=129, model=0x446d53ad64a0}, deviceProductInfo DeviceProductInfo{name=, manufacturerPnpId=QCM, productId=1, modelYear=null, manufactureDate=ManufactureDate{week=27, year=2006}, relativeAddress=null}, state ON, FLAG_DEFAULT_DISPLAY, FLAG_ROTATES_WITH_CONTENT, FLAG_SECURE, FLAG_SUPPORTS_PROTECTED_BUFFERS}
09-01 21:36:35.528   594   655 I SDM     : StrategyImpl::SetIdleTimeoutMs: Idle timeout set to zero for command mode panels
09-01 21:36:35.728  8471  8471 W app_process: type=1400 audit(0.0:5140): avc: denied { read } for name="u:object_r:device_config_runtime_native_boot_prop:s0" dev="tmpfs" ino=10163 scontext=u:r:shell:s0 tcontext=u:object_r:device_config_runtime_native_boot_prop:s0 tclass=file permissive=0
09-01 21:36:35.728  8471  8471 I chatty  : uid=2000(shell) app_process identical 2 lines
09-01 21:36:35.728  8471  8471 W app_process: type=1400 audit(0.0:5143): avc: denied { read } for name="u:object_r:device_config_runtime_native_boot_prop:s0" dev="tmpfs" ino=10163 scontext=u:r:shell:s0 tcontext=u:object_r:device_config_runtime_native_boot_prop:s0 tclass=file permissive=0
09-01 21:36:35.729  8471  8471 D AndroidRuntime: >>>>>> START com.android.internal.os.RuntimeInit uid 2000 <<<<<<
09-01 21:36:35.731  8471  8471 E libc    : Access denied finding property "persist.device_config.runtime_native_boot.profilebootclasspath"
09-01 21:36:35.731  8471  8471 E libc    : Access denied finding property "persist.device_config.runtime_native_boot.enable_apex_image"
09-01 21:36:35.731  8471  8471 I AndroidRuntime: Using default boot image
09-01 21:36:35.731  8471  8471 E libc    : Access denied finding property "persist.device_config.runtime_native_boot.disable_lock_profiling"
09-01 21:36:35.731  8471  8471 I AndroidRuntime: Leaving lock profiling enabled
09-01 21:36:35.731  8471  8471 E libc    : Access denied finding property "persist.device_config.runtime_native_boot.enable_generational_cc"
09-01 21:36:35.790  8471  8471 D app_process: Time zone APEX ICU file found: /apex/com.android.tzdata/etc/icu/icu_tzdata.dat
09-01 21:36:35.790  8471  8471 D app_process: I18n APEX ICU file found: /apex/com.android.i18n/etc/icu/icudt66l.dat
09-01 21:36:35.796  8471  8471 I app_process: The ClassLoaderContext is a special shared library.
09-01 21:36:35.807  8471  8471 W app_process: JNI RegisterNativeMethods: attempt to register 0 native methods for android.media.AudioAttributes
09-01 21:36:35.810  8471  8471 D AndroidRuntime: Calling main entry com.android.commands.input.Input
09-01 21:36:35.821  1513  1572 I DisplayManagerService: Display device changed: DisplayDeviceInfo{"Built-in Screen": uniqueId="local:19260504575090817", 1080 x 2340, modeId 1, defaultModeId 2, supportedModes [{id=1, width=1080, height=2340, fps=90.0}, {id=2, width=1080, height=2340, fps=60.000004}], colorMode 0, supportedColorModes [0, 7, 9], HdrCapabilities HdrCapabilities{mSupportedHdrTypes=[2, 3, 4], mMaxLuminance=500.0, mMaxAverageLuminance=500.0, mMinLuminance=0.0}, allmSupported false, gameContentTypeSupported false, density 440, 435.428 x 433.839 dpi, appVsyncOff 2333333, presDeadline 11500000, cutout DisplayCutout{insets=Rect(0, 136 - 0, 0) waterfall=Insets{left=0, top=0, right=0, bottom=0} boundingRect={Bounds=[Rect(0, 0 - 0, 0), Rect(0, 0 - 136, 136), Rect(0, 0 - 0, 0), Rect(0, 0 - 0, 0)]}}, touch INTERNAL, rotation 0, type INTERNAL, address {port=129, model=0x446d53ad64a0}, deviceProductInfo DeviceProductInfo{name=, manufacturerPnpId=QCM, productId=1, modelYear=null, manufactureDate=ManufactureDate{week=27, year=2006}, relativeAddress=null}, state ON, FLAG_DEFAULT_DISPLAY, FLAG_ROTATES_WITH_CONTENT, FLAG_SECURE, FLAG_SUPPORTS_PROTECTED_BUFFERS}
09-01 21:36:35.821   594   655 I SDM     : HWDeviceDRM::UpdateMixerAttributes: Mixer WxH 1080x2340-1 for Peripheral
09-01 21:36:35.821   594   655 I SDM     : DisplayBase::SetActiveConfig: Active configuration changed to: 1
09-01 21:36:35.821   594   655 I SDM     : StrategyImpl::SetIdleTimeoutMs: Idle timeout set to zero for command mode panels
09-01 21:36:35.827  8471  8471 D AndroidRuntime: Shutting down VM
09-01 21:36:35.828   901  2806 I sensors-hal: [ssc_utils]get_qmi_debug_flag:244, support_qmi_debug : false
09-01 21:36:35.845   901  1000 W ASH     : @ 42182.298: Unhandled msg ID 999: line 1277
09-01 21:36:35.845   901  1000 E ASH     : @ 42182.298: No pb callback assigned
09-01 21:36:35.845   901  1000 E ASH     : @ 42182.298: Nanopb error: callback failed:1588
09-01 21:36:35.924   901  2806 I sensors-hal: [ssc_utils]get_qmi_debug_flag:244, support_qmi_debug : false
09-01 21:36:35.934  8267  8283 I ileged_process: WaitForGcToComplete blocked RunEmptyCheckpoint on ProfileSaver for 19.774ms
09-01 21:36:35.966   901  1000 W ASH     : @ 42182.418: Unhandled msg ID 999: line 1277
09-01 21:36:35.966   901  1000 E ASH     : @ 42182.418: No pb callback assigned
09-01 21:36:35.966   901  1000 E ASH     : @ 42182.418: Nanopb error: callback failed:1588
09-01 21:36:36.166   901  1000 D VSC     : @ 42182.618: [WO] tilt angle 89
09-01 21:36:36.390  8017  8017 I BatteryMgr:DataCollectionService: onStartCommand: begin
09-01 21:36:36.391  8017  8017 I BatteryMgr:DataCollectionService: onStartCommand: sampleRate => 100
09-01 21:36:36.391  8017  8017 I BatteryMgr:DataCollectionService: onStartCommand: rawFields => Timestamp,BATTERY_PROPERTY_CURRENT_NOW,EXTRA_VOLTAGE
09-01 21:36:36.392  8017  8017 I BatteryMgr:DataCollectionService: onStartCommand: notification done
09-01 21:36:36.394  1513  8504 D CompatibilityChangeReporter: Compat change id reported: 136219221; UID 10260; state: ENABLED
09-01 21:36:36.394  8017  8017 I BatteryMgr:DataCollectionService: started foreground
09-01 21:36:36.412  8017  8507 I BatteryMgr:DataCollectionService: collectData: begin
09-01 21:36:36.416  8017  8507 I BatteryMgr:DataCollectionService: stats => 1693596996416,6103,4406
09-01 21:36:36.522  8017  8507 I BatteryMgr:DataCollectionService: stats => 1693596996522,6713,4406
09-01 21:36:36.598  1513  1513 D NotificationService: 0|com.example.batterymanager_utility|1|null|10260: granting content://settings/system/notification_sound
09-01 21:36:36.599  1513  1513 I chatty  : uid=1000(system) Binder:1513_3 identical 3 lines
09-01 21:36:36.599  1513  1513 D NotificationService: 0|com.example.batterymanager_utility|1|null|10260: granting content://settings/system/notification_sound
09-01 21:36:36.601  1513  1513 W NotificationHistory: Attempted to add notif for locked/gone/disabled user 0
09-01 21:36:36.611  2062  2062 D InterruptionStateProvider: No bubble up: not allowed to bubble: 0|com.example.batterymanager_utility|1|null|10260
09-01 21:36:36.611  2062  2062 D InterruptionStateProvider: No heads up: unimportant notification: 0|com.example.batterymanager_utility|1|null|10260
09-01 21:36:36.625  8017  8507 I BatteryMgr:DataCollectionService: stats => 1693596996625,9155,4406
