09-01 23:20:21.481  1513  1625 W ActivityManager: Slow operation: 337ms so far, now at startProcess: returned from zygote!
09-01 23:20:21.481  7944  7944 W SystemServiceRegistry: No service published for: uimode
09-01 23:20:21.482  8001  8001 E libc    : SetHeapTaggingLevel: re-enabling tagging after it was disabled is not supported
09-01 23:20:21.485  1513  1625 W ActivityManager: Slow operation: 340ms so far, now at startProcess: done updating battery stats
09-01 23:20:21.485  1513  1625 W ActivityManager: Slow operation: 341ms so far, now at startProcess: building log message
09-01 23:20:21.485  1513  1625 I ActivityManager: Start proc 8001:com.android.chrome:sandboxed_process0:org.chromium.content.app.SandboxedProcessService0:16/u0ai16 for  {com.android.chrome/org.chromium.content.app.SandboxedProcessService0:16}
09-01 23:20:21.485  1513  1625 W ActivityManager: Slow operation: 341ms so far, now at startProcess: starting to update pids map
09-01 23:20:21.486  1513  1625 W ActivityManager: Slow operation: 341ms so far, now at startProcess: done updating pids map
09-01 23:20:21.486  1513  1625 W ActivityManager: Slow operation: 321ms so far, now at startProcess: asking zygote to start proc
09-01 23:20:21.486  1513  1625 D CompatibilityChangeReporter: Compat change id reported: 143937733; UID 10220; state: ENABLED
09-01 23:20:21.492  7389  7389 E cr_IntentUtils: getBooleanExtra failed on intent null
09-01 23:20:21.492  7389  7389 E cr_IntentUtils: getBooleanExtra failed on intent null
09-01 23:20:21.494  7944  7944 I cr_ChildProcessService: Creating new ChildProcessService pid=7944
09-01 23:20:21.497  7884  7953 I cr_LibraryLoader: Using ModernLinker
09-01 23:20:21.498  7884  7953 W linker  : Warning: "/data/app/~~_KLlx60MH8CoecPTjMKp8g==/com.android.chrome-kw9RHYrlHKb9bPXi8OTClw==/base.apk!/lib/arm64-v8a/libchromium_android_linker.so" unused DT entry: unknown processor-specific (type 0x70000001 arg 0x0) (ignoring)
09-01 23:20:21.498  7884  7953 E cr_ChromiumAndroidLinker: ReserveAddressWithHint: Address range starting at 0x7a3875a000 was not free to use
09-01 23:20:21.501  7389  7389 I cr_tabmodel: #isIncognitoTabBeingRestored from tabDetails:  false
09-01 23:20:21.501  7389  7389 I cr_tabmodel: #isIncognitoTabBeingRestored from tabDetails:  false
09-01 23:20:21.501  7389  7389 W cr_tabmodel: Failed to restore TabState; creating Tab with last known URL.
09-01 23:20:21.503  7944  7979 I cr_LibraryLoader: Using ModernLinker
09-01 23:20:21.505  7884  8000 I cr_LibraryLoader: Successfully loaded native library
09-01 23:20:21.507  8001  8001 E cessService0:1: Not starting debugger since process cannot load the jdwp agent.
09-01 23:20:21.507  7944  7979 W linker  : Warning: "/data/app/~~_KLlx60MH8CoecPTjMKp8g==/com.android.chrome-kw9RHYrlHKb9bPXi8OTClw==/base.apk!/lib/arm64-v8a/libchromium_android_linker.so" unused DT entry: unknown processor-specific (type 0x70000001 arg 0x0) (ignoring)
09-01 23:20:21.509  7944  7979 E cr_ChromiumAndroidLinker: ReserveAddressWithHint: Address range starting at 0x7a3875a000 was not free to use
09-01 23:20:21.512  7980  7980 I LoadedApk: No resource references to update in package com.google.android.trichromelibrary
09-01 23:20:21.513  7980  7980 D NetworkSecurityConfig: Using Network Security Config from resource 0_resource_name_obfuscated debugBuild: false
09-01 23:20:21.513  7884  8000 I cr_CachingUmaRecorder: Flushed 3 samples from 3 histograms.
09-01 23:20:21.514  7980  7980 D NetworkSecurityConfig: Using Network Security Config from resource 0_resource_name_obfuscated debugBuild: false
09-01 23:20:21.515  7980  7980 I cr_SplitCompatApp: Launched version=107.0.5304.91 minSdkVersion=29 isBundle=true processName=com.android.chrome:sandboxed_process0:org.chromium.content.app.SandboxedProcessService0:15 isIsolated=true
09-01 23:20:21.518  7389  7389 E cr_IntentUtils: getBooleanExtra failed on intent null
09-01 23:20:21.518  7389  7389 E cr_IntentUtils: getBooleanExtra failed on intent null
09-01 23:20:21.527  7944  8007 I cr_LibraryLoader: Successfully loaded native library
09-01 23:20:21.527  7944  8007 I cr_CachingUmaRecorder: Flushed 3 samples from 3 histograms.
09-01 23:20:21.532  7389  7389 I cr_tabmodel: #isIncognitoTabBeingRestored from tabDetails:  false
09-01 23:20:21.532  7389  7389 I cr_tabmodel: #isIncognitoTabBeingRestored from tabDetails:  false
09-01 23:20:21.532  7389  7389 W cr_tabmodel: Failed to restore TabState; creating Tab with last known URL.
09-01 23:20:21.537  7980  7980 W SystemServiceRegistry: No service published for: uimode
09-01 23:20:21.543  7444  7444 D Zygote  : Forked child process 8035
09-01 23:20:21.543  1513  2570 D CompatibilityChangeReporter: Compat change id reported: 136274596; UID 10220; state: ENABLED
09-01 23:20:21.546  1513  3168 D CompatibilityChangeReporter: Compat change id reported: 135634846; UID 10220; state: DISABLED
09-01 23:20:21.546  1513  3168 D CompatibilityChangeReporter: Compat change id reported: 135754954; UID 10220; state: ENABLED
09-01 23:20:21.550  7389  7389 E cr_IntentUtils: getBooleanExtra failed on intent null
09-01 23:20:21.550  7389  7389 E cr_IntentUtils: getBooleanExtra failed on intent null
09-01 23:20:21.557  7980  7980 I cr_ChildProcessService: Creating new ChildProcessService pid=7980
09-01 23:20:21.559  7389  7389 I cr_tabmodel: #isIncognitoTabBeingRestored from tabDetails:  false
09-01 23:20:21.559  7389  7389 I cr_tabmodel: #isIncognitoTabBeingRestored from tabDetails:  false
09-01 23:20:21.559  7389  7389 W cr_tabmodel: Failed to restore TabState; creating Tab with last known URL.
09-01 23:20:21.562  7980  7999 I cr_LibraryLoader: Using ModernLinker
09-01 23:20:21.564  7980  7999 W linker  : Warning: "/data/app/~~_KLlx60MH8CoecPTjMKp8g==/com.android.chrome-kw9RHYrlHKb9bPXi8OTClw==/base.apk!/lib/arm64-v8a/libchromium_android_linker.so" unused DT entry: unknown processor-specific (type 0x70000001 arg 0x0) (ignoring)
09-01 23:20:21.568  7980  7999 E cr_ChromiumAndroidLinker: ReserveAddressWithHint: Address range starting at 0x7a3875a000 was not free to use
09-01 23:20:21.578  7389  7389 E cr_IntentUtils: getBooleanExtra failed on intent null
09-01 23:20:21.578  7389  7389 E cr_IntentUtils: getBooleanExtra failed on intent null
09-01 23:20:21.579  8035  8035 E libc    : SetHeapTaggingLevel: re-enabling tagging after it was disabled is not supported
09-01 23:20:21.584  8035  8035 E cessService0:1: Not starting debugger since process cannot load the jdwp agent.
09-01 23:20:21.584  1513  1625 W ActivityManager: Slow operation: 420ms so far, now at startProcess: returned from zygote!
09-01 23:20:21.585  1513  1625 W ActivityManager: Slow operation: 420ms so far, now at startProcess: done updating battery stats
09-01 23:20:21.585  1513  1625 W ActivityManager: Slow operation: 420ms so far, now at startProcess: building log message
09-01 23:20:21.585  1513  1625 I ActivityManager: Start proc 8035:com.android.chrome:sandboxed_process0:org.chromium.content.app.SandboxedProcessService0:17/u0ai17 for  {com.android.chrome/org.chromium.content.app.SandboxedProcessService0:17}
09-01 23:20:21.585  1513  1625 W ActivityManager: Slow operation: 420ms so far, now at startProcess: starting to update pids map
09-01 23:20:21.585  1513  1625 W ActivityManager: Slow operation: 421ms so far, now at startProcess: done updating pids map
09-01 23:20:21.585  1513  1625 W ActivityManager: Slow operation: 399ms so far, now at startProcess: asking zygote to start proc
09-01 23:20:21.585  1513  1625 D CompatibilityChangeReporter: Compat change id reported: 143937733; UID 10220; state: ENABLED
09-01 23:20:21.587  7389  7389 I cr_tabmodel: #isIncognitoTabBeingRestored from tabDetails:  false
09-01 23:20:21.587  7389  7389 I cr_tabmodel: #isIncognitoTabBeingRestored from tabDetails:  false
09-01 23:20:21.588  7389  7389 W cr_tabmodel: Failed to restore TabState; creating Tab with last known URL.
09-01 23:20:21.595  7980  8039 I cr_LibraryLoader: Successfully loaded native library
09-01 23:20:21.596  7980  8039 I cr_CachingUmaRecorder: Flushed 3 samples from 3 histograms.
09-01 23:20:21.604  7389  7389 E cr_IntentUtils: getBooleanExtra failed on intent null
09-01 23:20:21.604  7389  7389 E cr_IntentUtils: getBooleanExtra failed on intent null
09-01 23:20:21.604  8001  8001 I LoadedApk: No resource references to update in package com.google.android.trichromelibrary
09-01 23:20:21.605  8001  8001 D NetworkSecurityConfig: Using Network Security Config from resource 0_resource_name_obfuscated debugBuild: false
09-01 23:20:21.606  8001  8001 D NetworkSecurityConfig: Using Network Security Config from resource 0_resource_name_obfuscated debugBuild: false
09-01 23:20:21.608  8001  8001 I cr_SplitCompatApp: Launched version=107.0.5304.91 minSdkVersion=29 isBundle=true processName=com.android.chrome:sandboxed_process0:org.chromium.content.app.SandboxedProcessService0:16 isIsolated=true
09-01 23:20:21.609  7389  7389 I cr_tabmodel: #isIncognitoTabBeingRestored from tabDetails:  false
09-01 23:20:21.609  7389  7389 I cr_tabmodel: #isIncognitoTabBeingRestored from tabDetails:  false
09-01 23:20:21.610  7389  7389 W cr_tabmodel: Failed to restore TabState; creating Tab with last known URL.
09-01 23:20:21.617  7444  7444 D Zygote  : Forked child process 8057
09-01 23:20:21.618  1513  1625 W ActivityManager: Slow operation: 432ms so far, now at startProcess: returned from zygote!
09-01 23:20:21.623  1513  2172 D CompatibilityChangeReporter: Compat change id reported: 136274596; UID 10220; state: ENABLED
09-01 23:20:21.623  7389  7389 E cr_IntentUtils: getBooleanExtra failed on intent null
09-01 23:20:21.623  7389  7389 E cr_IntentUtils: getBooleanExtra failed on intent null
09-01 23:20:21.626  1513  1625 W ActivityManager: Slow operation: 439ms so far, now at startProcess: done updating battery stats
09-01 23:20:21.626  1513  1625 W ActivityManager: Slow operation: 439ms so far, now at startProcess: building log message
09-01 23:20:21.626  1513  1625 I ActivityManager: Start proc 8057:com.android.chrome:sandboxed_process0:org.chromium.content.app.SandboxedProcessService0:18/u0ai18 for  {com.android.chrome/org.chromium.content.app.SandboxedProcessService0:18}
09-01 23:20:21.626  1513  1625 W ActivityManager: Slow operation: 439ms so far, now at startProcess: starting to update pids map
09-01 23:20:21.628  1513  1625 W ActivityManager: Slow operation: 441ms so far, now at startProcess: done updating pids map
09-01 23:20:21.628  1513  1625 W ActivityManager: Slow operation: 411ms so far, now at startProcess: asking zygote to start proc
09-01 23:20:21.628  1513  1625 D CompatibilityChangeReporter: Compat change id reported: 143937733; UID 10220; state: ENABLED
09-01 23:20:21.632  7389  7389 I cr_tabmodel: #isIncognitoTabBeingRestored from tabDetails:  false
09-01 23:20:21.632  7389  7389 I cr_tabmodel: #isIncognitoTabBeingRestored from tabDetails:  false
09-01 23:20:21.632  7389  7389 W cr_tabmodel: Failed to restore TabState; creating Tab with last known URL.
09-01 23:20:21.634  8001  8001 W SystemServiceRegistry: No service published for: uimode
09-01 23:20:21.641  8057  8057 E libc    : SetHeapTaggingLevel: re-enabling tagging after it was disabled is not supported
09-01 23:20:21.647  1513  2172 D CompatibilityChangeReporter: Compat change id reported: 135634846; UID 10220; state: DISABLED
09-01 23:20:21.647  1513  2172 D CompatibilityChangeReporter: Compat change id reported: 135754954; UID 10220; state: ENABLED
09-01 23:20:21.649  8057  8057 E cessService0:1: Not starting debugger since process cannot load the jdwp agent.
09-01 23:20:21.654  7389  7389 E cr_IntentUtils: getBooleanExtra failed on intent null
09-01 23:20:21.654  7389  7389 E cr_IntentUtils: getBooleanExtra failed on intent null
09-01 23:20:21.659  8001  8001 I cr_ChildProcessService: Creating new ChildProcessService pid=8001
09-01 23:20:21.661  7389  7389 I cr_tabmodel: #isIncognitoTabBeingRestored from tabDetails:  false
09-01 23:20:21.661  7389  7389 I cr_tabmodel: #isIncognitoTabBeingRestored from tabDetails:  false
09-01 23:20:21.662  7389  7389 W cr_tabmodel: Failed to restore TabState; creating Tab with last known URL.
09-01 23:20:21.664  8001  8028 I cr_LibraryLoader: Using ModernLinker
09-01 23:20:21.665  8001  8028 W linker  : Warning: "/data/app/~~_KLlx60MH8CoecPTjMKp8g==/com.android.chrome-kw9RHYrlHKb9bPXi8OTClw==/base.apk!/lib/arm64-v8a/libchromium_android_linker.so" unused DT entry: unknown processor-specific (type 0x70000001 arg 0x0) (ignoring)
09-01 23:20:21.665  8001  8028 E cr_ChromiumAndroidLinker: ReserveAddressWithHint: Address range starting at 0x7a3875a000 was not free to use
09-01 23:20:21.666  7444  7444 D Zygote  : Forked child process 8086
09-01 23:20:21.667  1513  1625 W ActivityManager: Slow operation: 450ms so far, now at startProcess: returned from zygote!
09-01 23:20:21.668  1513  1625 W ActivityManager: Slow operation: 450ms so far, now at startProcess: done updating battery stats
09-01 23:20:21.668  1513  1625 W ActivityManager: Slow operation: 450ms so far, now at startProcess: building log message
09-01 23:20:21.668  1513  1625 I ActivityManager: Start proc 8086:com.android.chrome:sandboxed_process0:org.chromium.content.app.SandboxedProcessService0:19/u0ai19 for  {com.android.chrome/org.chromium.content.app.SandboxedProcessService0:19}
09-01 23:20:21.668  1513  1625 W ActivityManager: Slow operation: 450ms so far, now at startProcess: starting to update pids map
09-01 23:20:21.668  8086  8086 E libc    : SetHeapTaggingLevel: re-enabling tagging after it was disabled is not supported
09-01 23:20:21.670  8001  8084 I cr_LibraryLoader: Successfully loaded native library
09-01 23:20:21.670  8001  8084 I cr_CachingUmaRecorder: Flushed 3 samples from 3 histograms.
09-01 23:20:21.671  1513  1625 W ActivityManager: Slow operation: 454ms so far, now at startProcess: done updating pids map
09-01 23:20:21.671  1513  1625 W ActivityManager: Slow operation: 435ms so far, now at startProcess: asking zygote to start proc
09-01 23:20:21.681  7389  7389 E cr_IntentUtils: getBooleanExtra failed on intent null
09-01 23:20:21.681  7389  7389 E cr_IntentUtils: getBooleanExtra failed on intent null
09-01 23:20:21.681  8035  8035 I LoadedApk: No resource references to update in package com.google.android.trichromelibrary
09-01 23:20:21.682  8035  8035 D NetworkSecurityConfig: Using Network Security Config from resource 0_resource_name_obfuscated debugBuild: false
09-01 23:20:21.683  8035  8035 D NetworkSecurityConfig: Using Network Security Config from resource 0_resource_name_obfuscated debugBuild: false
09-01 23:20:21.684  8035  8035 I cr_SplitCompatApp: Launched version=107.0.5304.91 minSdkVersion=29 isBundle=true processName=com.android.chrome:sandboxed_process0:org.chromium.content.app.SandboxedProcessService0:17 isIsolated=true
09-01 23:20:21.687  8086  8086 E cessService0:1: Not starting debugger since process cannot load the jdwp agent.
09-01 23:20:21.693  1513  2172 D CompatibilityChangeReporter: Compat change id reported: 136274596; UID 10220; state: ENABLED
09-01 23:20:21.694  7389  7389 I cr_tabmodel: #isIncognitoTabBeingRestored from tabDetails:  false
09-01 23:20:21.694  7389  7389 I cr_tabmodel: #isIncognitoTabBeingRestored from tabDetails:  false
09-01 23:20:21.694  7389  7389 W cr_tabmodel: Failed to restore TabState; creating Tab with last known URL.
09-01 23:20:21.708  1513  2570 D CompatibilityChangeReporter: Compat change id reported: 135634846; UID 10220; state: DISABLED
09-01 23:20:21.708  1513  2570 D CompatibilityChangeReporter: Compat change id reported: 135754954; UID 10220; state: ENABLED
09-01 23:20:21.710  7389  7389 E cr_IntentUtils: getBooleanExtra failed on intent null
09-01 23:20:21.710  7389  7389 E cr_IntentUtils: getBooleanExtra failed on intent null
09-01 23:20:21.716  7389  7389 I cr_tabmodel: #isIncognitoTabBeingRestored from tabDetails:  false
09-01 23:20:21.716  7389  7389 I cr_tabmodel: #isIncognitoTabBeingRestored from tabDetails:  false
09-01 23:20:21.716  7389  7389 W cr_tabmodel: Failed to restore TabState; creating Tab with last known URL.
09-01 23:20:21.717  7444  7444 D Zygote  : Forked child process 8119
09-01 23:20:21.723  8035  8035 W SystemServiceRegistry: No service published for: uimode
09-01 23:20:21.725  8119  8119 E libc    : SetHeapTaggingLevel: re-enabling tagging after it was disabled is not supported
09-01 23:20:21.729  7389  7389 E cr_IntentUtils: getBooleanExtra failed on intent null
09-01 23:20:21.729  7389  7389 E cr_IntentUtils: getBooleanExtra failed on intent null
09-01 23:20:21.729  1513  1625 W ActivityManager: Slow operation: 493ms so far, now at startProcess: returned from zygote!
09-01 23:20:21.729  1513  1625 W ActivityManager: Slow operation: 493ms so far, now at startProcess: done updating battery stats
09-01 23:20:21.729  1513  1625 W ActivityManager: Slow operation: 493ms so far, now at startProcess: building log message
09-01 23:20:21.729  1513  1625 I ActivityManager: Start proc 8119:com.android.chrome:sandboxed_process0:org.chromium.content.app.SandboxedProcessService0:20/u0ai20 for  {com.android.chrome/org.chromium.content.app.SandboxedProcessService0:20}
09-01 23:20:21.729  1513  1625 W ActivityManager: Slow operation: 493ms so far, now at startProcess: starting to update pids map
09-01 23:20:21.730  1513  1625 W ActivityManager: Slow operation: 493ms so far, now at startProcess: done updating pids map
09-01 23:20:21.730  1513  1625 W ActivityManager: Slow operation: 472ms so far, now at startProcess: asking zygote to start proc
09-01 23:20:21.730  1513  1625 D CompatibilityChangeReporter: Compat change id reported: 143937733; UID 10220; state: ENABLED
09-01 23:20:21.730  8035  8035 I cr_ChildProcessService: Creating new ChildProcessService pid=8035
09-01 23:20:21.736  8057  8057 I LoadedApk: No resource references to update in package com.google.android.trichromelibrary
09-01 23:20:21.736  8035  8068 I cr_LibraryLoader: Using ModernLinker
09-01 23:20:21.737  8057  8057 D NetworkSecurityConfig: Using Network Security Config from resource 0_resource_name_obfuscated debugBuild: false
09-01 23:20:21.737  8035  8068 W linker  : Warning: "/data/app/~~_KLlx60MH8CoecPTjMKp8g==/com.android.chrome-kw9RHYrlHKb9bPXi8OTClw==/base.apk!/lib/arm64-v8a/libchromium_android_linker.so" unused DT entry: unknown processor-specific (type 0x70000001 arg 0x0) (ignoring)
09-01 23:20:21.738  8035  8068 E cr_ChromiumAndroidLinker: ReserveAddressWithHint: Address range starting at 0x7a3875a000 was not free to use
09-01 23:20:21.738  8057  8057 D NetworkSecurityConfig: Using Network Security Config from resource 0_resource_name_obfuscated debugBuild: false
09-01 23:20:21.739  8057  8057 I cr_SplitCompatApp: Launched version=107.0.5304.91 minSdkVersion=29 isBundle=true processName=com.android.chrome:sandboxed_process0:org.chromium.content.app.SandboxedProcessService0:18 isIsolated=true
09-01 23:20:21.741  7389  7389 I cr_tabmodel: #isIncognitoTabBeingRestored from tabDetails:  false
09-01 23:20:21.741  7389  7389 I cr_tabmodel: #isIncognitoTabBeingRestored from tabDetails:  false
09-01 23:20:21.741  7389  7389 W cr_tabmodel: Failed to restore TabState; creating Tab with last known URL.
09-01 23:20:21.744  8035  8129 I cr_LibraryLoader: Successfully loaded native library
09-01 23:20:21.744  8119  8119 E cessService0:2: Not starting debugger since process cannot load the jdwp agent.
09-01 23:20:21.748  8035  8129 I cr_CachingUmaRecorder: Flushed 3 samples from 3 histograms.
09-01 23:20:21.752  1513  3168 D CompatibilityChangeReporter: Compat change id reported: 136274596; UID 10220; state: ENABLED
09-01 23:20:21.754  1513  2172 D CompatibilityChangeReporter: Compat change id reported: 135634846; UID 10220; state: DISABLED
09-01 23:20:21.754  1513  2172 D CompatibilityChangeReporter: Compat change id reported: 135754954; UID 10220; state: ENABLED
09-01 23:20:21.758  7389  7389 E cr_IntentUtils: getBooleanExtra failed on intent null
09-01 23:20:21.758  7389  7389 E cr_IntentUtils: getBooleanExtra failed on intent null
09-01 23:20:21.763  7389  7389 I cr_tabmodel: #isIncognitoTabBeingRestored from tabDetails:  false
09-01 23:20:21.763  7389  7389 I cr_tabmodel: #isIncognitoTabBeingRestored from tabDetails:  false
09-01 23:20:21.763  7389  7389 W cr_tabmodel: Failed to restore TabState; creating Tab with last known URL.
09-01 23:20:21.775  7389  7389 E cr_IntentUtils: getBooleanExtra failed on intent null
09-01 23:20:21.775  7389  7389 E cr_IntentUtils: getBooleanExtra failed on intent null
09-01 23:20:21.776  7444  7444 D Zygote  : Forked child process 8138
09-01 23:20:21.778  1513  1625 W ActivityManager: Slow operation: 521ms so far, now at startProcess: returned from zygote!
09-01 23:20:21.781  7389  7389 I cr_tabmodel: #isIncognitoTabBeingRestored from tabDetails:  false
09-01 23:20:21.781  7389  7389 I cr_tabmodel: #isIncognitoTabBeingRestored from tabDetails:  false
09-01 23:20:21.782  7389  7389 W cr_tabmodel: Failed to restore TabState; creating Tab with last known URL.
09-01 23:20:21.782  1513  1625 W ActivityManager: Slow operation: 525ms so far, now at startProcess: done updating battery stats
09-01 23:20:21.782  1513  1625 W ActivityManager: Slow operation: 525ms so far, now at startProcess: building log message
09-01 23:20:21.782  1513  1625 I ActivityManager: Start proc 8138:com.android.chrome:sandboxed_process0:org.chromium.content.app.SandboxedProcessService0:21/u0ai21 for  {com.android.chrome/org.chromium.content.app.SandboxedProcessService0:21}
09-01 23:20:21.782  1513  1625 W ActivityManager: Slow operation: 525ms so far, now at startProcess: starting to update pids map
09-01 23:20:21.783  8138  8138 E libc    : SetHeapTaggingLevel: re-enabling tagging after it was disabled is not supported
09-01 23:20:21.785  1513  1625 W ActivityManager: Slow operation: 527ms so far, now at startProcess: done updating pids map
09-01 23:20:21.785  1513  1625 W ActivityManager: Slow operation: 494ms so far, now at startProcess: asking zygote to start proc
09-01 23:20:21.785  1513  1625 D CompatibilityChangeReporter: Compat change id reported: 143937733; UID 10220; state: ENABLED
09-01 23:20:21.787  8057  8057 W SystemServiceRegistry: No service published for: uimode
09-01 23:20:21.791  1513  3168 D CompatibilityChangeReporter: Compat change id reported: 136274596; UID 10220; state: ENABLED
09-01 23:20:21.797  1513  2570 D CompatibilityChangeReporter: Compat change id reported: 135634846; UID 10220; state: DISABLED
09-01 23:20:21.797  1513  2570 D CompatibilityChangeReporter: Compat change id reported: 135754954; UID 10220; state: ENABLED
09-01 23:20:21.802  8057  8057 I cr_ChildProcessService: Creating new ChildProcessService pid=8057
09-01 23:20:21.803  8086  8086 I LoadedApk: No resource references to update in package com.google.android.trichromelibrary
09-01 23:20:21.804  8086  8086 D NetworkSecurityConfig: Using Network Security Config from resource 0_resource_name_obfuscated debugBuild: false
09-01 23:20:21.805  8086  8086 D NetworkSecurityConfig: Using Network Security Config from resource 0_resource_name_obfuscated debugBuild: false
09-01 23:20:21.806  7389  7389 E cr_IntentUtils: getBooleanExtra failed on intent null
09-01 23:20:21.806  7389  7389 E cr_IntentUtils: getBooleanExtra failed on intent null
09-01 23:20:21.806  8086  8086 I cr_SplitCompatApp: Launched version=107.0.5304.91 minSdkVersion=29 isBundle=true processName=com.android.chrome:sandboxed_process0:org.chromium.content.app.SandboxedProcessService0:19 isIsolated=true
09-01 23:20:21.811  7389  7389 I cr_tabmodel: #isIncognitoTabBeingRestored from tabDetails:  false
09-01 23:20:21.811  7389  7389 I cr_tabmodel: #isIncognitoTabBeingRestored from tabDetails:  false
09-01 23:20:21.811  7389  7389 W cr_tabmodel: Failed to restore TabState; creating Tab with last known URL.
09-01 23:20:21.818  8138  8138 E cessService0:2: Not starting debugger since process cannot load the jdwp agent.
09-01 23:20:21.829  8086  8086 W SystemServiceRegistry: No service published for: uimode
09-01 23:20:21.830  8057  8108 I cr_LibraryLoader: Using ModernLinker
09-01 23:20:21.832  8057  8108 W linker  : Warning: "/data/app/~~_KLlx60MH8CoecPTjMKp8g==/com.android.chrome-kw9RHYrlHKb9bPXi8OTClw==/base.apk!/lib/arm64-v8a/libchromium_android_linker.so" unused DT entry: unknown processor-specific (type 0x70000001 arg 0x0) (ignoring)
09-01 23:20:21.837  8086  8086 I cr_ChildProcessService: Creating new ChildProcessService pid=8086
09-01 23:20:21.837  7389  7389 E cr_IntentUtils: getBooleanExtra failed on intent null
09-01 23:20:21.837  7389  7389 E cr_IntentUtils: getBooleanExtra failed on intent null
09-01 23:20:21.837  8057  8108 E cr_ChromiumAndroidLinker: ReserveAddressWithHint: Address range starting at 0x7a3875a000 was not free to use
09-01 23:20:21.842  7444  7444 D Zygote  : Forked child process 8169
09-01 23:20:21.844  1513  1625 W ActivityManager: Slow operation: 553ms so far, now at startProcess: returned from zygote!
09-01 23:20:21.847  8086  8136 I cr_LibraryLoader: Using ModernLinker
09-01 23:20:21.847  1513  1625 W ActivityManager: Slow operation: 556ms so far, now at startProcess: done updating battery stats
09-01 23:20:21.847  1513  1625 W ActivityManager: Slow operation: 557ms so far, now at startProcess: building log message
09-01 23:20:21.847  1513  1625 I ActivityManager: Start proc 8169:com.android.chrome:sandboxed_process0:org.chromium.content.app.SandboxedProcessService0:22/u0ai22 for  {com.android.chrome/org.chromium.content.app.SandboxedProcessService0:22}
09-01 23:20:21.848  8057  8158 I cr_LibraryLoader: Successfully loaded native library
09-01 23:20:21.848  8086  8136 W linker  : Warning: "/data/app/~~_KLlx60MH8CoecPTjMKp8g==/com.android.chrome-kw9RHYrlHKb9bPXi8OTClw==/base.apk!/lib/arm64-v8a/libchromium_android_linker.so" unused DT entry: unknown processor-specific (type 0x70000001 arg 0x0) (ignoring)
09-01 23:20:21.848  8086  8136 E cr_ChromiumAndroidLinker: ReserveAddressWithHint: Address range starting at 0x7a3875a000 was not free to use
09-01 23:20:21.848  1513  1625 W ActivityManager: Slow operation: 557ms so far, now at startProcess: starting to update pids map
09-01 23:20:21.848  8119  8119 I LoadedApk: No resource references to update in package com.google.android.trichromelibrary
09-01 23:20:21.849  1513  1625 W ActivityManager: Slow operation: 558ms so far, now at startProcess: done updating pids map
09-01 23:20:21.849  1513  1625 W ActivityManager: Slow operation: 535ms so far, now at startProcess: asking zygote to start proc
09-01 23:20:21.849  1513  1625 D CompatibilityChangeReporter: Compat change id reported: 143937733; UID 10220; state: ENABLED
09-01 23:20:21.849  8057  8158 I cr_CachingUmaRecorder: Flushed 3 samples from 3 histograms.
09-01 23:20:21.849  8119  8119 D NetworkSecurityConfig: Using Network Security Config from resource 0_resource_name_obfuscated debugBuild: false
09-01 23:20:21.850  8119  8119 D NetworkSecurityConfig: Using Network Security Config from resource 0_resource_name_obfuscated debugBuild: false
09-01 23:20:21.850  8169  8169 E libc    : SetHeapTaggingLevel: re-enabling tagging after it was disabled is not supported
09-01 23:20:21.852  8119  8119 I cr_SplitCompatApp: Launched version=107.0.5304.91 minSdkVersion=29 isBundle=true processName=com.android.chrome:sandboxed_process0:org.chromium.content.app.SandboxedProcessService0:20 isIsolated=true
09-01 23:20:21.852  1513  2013 D CompatibilityChangeReporter: Compat change id reported: 136274596; UID 10220; state: ENABLED
09-01 23:20:21.853  7389  7389 I cr_tabmodel: #isIncognitoTabBeingRestored from tabDetails:  false
09-01 23:20:21.853  7389  7389 I cr_tabmodel: #isIncognitoTabBeingRestored from tabDetails:  false
09-01 23:20:21.853  7389  7389 W cr_tabmodel: Failed to restore TabState; creating Tab with last known URL.
09-01 23:20:21.854  8086  8168 I cr_LibraryLoader: Successfully loaded native library
09-01 23:20:21.855  8086  8168 I cr_CachingUmaRecorder: Flushed 3 samples from 3 histograms.
09-01 23:20:21.863  8169  8169 E cessService0:2: Not starting debugger since process cannot load the jdwp agent.
09-01 23:20:21.865  8119  8119 W SystemServiceRegistry: No service published for: uimode
09-01 23:20:21.866  1513  3232 D CompatibilityChangeReporter: Compat change id reported: 135634846; UID 10220; state: DISABLED
09-01 23:20:21.866  1513  3232 D CompatibilityChangeReporter: Compat change id reported: 135754954; UID 10220; state: ENABLED
09-01 23:20:21.871  8119  8119 I cr_ChildProcessService: Creating new ChildProcessService pid=8119
09-01 23:20:21.871  7389  7389 E cr_IntentUtils: getBooleanExtra failed on intent null
09-01 23:20:21.871  7389  7389 E cr_IntentUtils: getBooleanExtra failed on intent null
09-01 23:20:21.878  7389  7389 I cr_tabmodel: #isIncognitoTabBeingRestored from tabDetails:  false
09-01 23:20:21.878  7389  7389 I cr_tabmodel: #isIncognitoTabBeingRestored from tabDetails:  false
09-01 23:20:21.878  7389  7389 W cr_tabmodel: Failed to restore TabState; creating Tab with last known URL.
09-01 23:20:21.881  8119  8157 I cr_LibraryLoader: Using ModernLinker
09-01 23:20:21.882  8119  8157 W linker  : Warning: "/data/app/~~_KLlx60MH8CoecPTjMKp8g==/com.android.chrome-kw9RHYrlHKb9bPXi8OTClw==/base.apk!/lib/arm64-v8a/libchromium_android_linker.so" unused DT entry: unknown processor-specific (type 0x70000001 arg 0x0) (ignoring)
09-01 23:20:21.882  8119  8157 E cr_ChromiumAndroidLinker: ReserveAddressWithHint: Address range starting at 0x7a3875a000 was not free to use
09-01 23:20:21.885  8138  8138 I LoadedApk: No resource references to update in package com.google.android.trichromelibrary
09-01 23:20:21.886  8138  8138 D NetworkSecurityConfig: Using Network Security Config from resource 0_resource_name_obfuscated debugBuild: false
09-01 23:20:21.887  8138  8138 D NetworkSecurityConfig: Using Network Security Config from resource 0_resource_name_obfuscated debugBuild: false
09-01 23:20:21.889  8138  8138 I cr_SplitCompatApp: Launched version=107.0.5304.91 minSdkVersion=29 isBundle=true processName=com.android.chrome:sandboxed_process0:org.chromium.content.app.SandboxedProcessService0:21 isIsolated=true
09-01 23:20:21.894  7389  7389 E cr_IntentUtils: getBooleanExtra failed on intent null
09-01 23:20:21.894  7389  7389 E cr_IntentUtils: getBooleanExtra failed on intent null
09-01 23:20:21.895  1513  3232 D CompatibilityChangeReporter: Compat change id reported: 136274596; UID 10220; state: ENABLED
09-01 23:20:21.906  7389  7389 I cr_tabmodel: #isIncognitoTabBeingRestored from tabDetails:  false
09-01 23:20:21.906  7389  7389 I cr_tabmodel: #isIncognitoTabBeingRestored from tabDetails:  false
09-01 23:20:21.906  7389  7389 W cr_tabmodel: Failed to restore TabState; creating Tab with last known URL.
09-01 23:20:21.908  8119  8193 I cr_LibraryLoader: Successfully loaded native library
09-01 23:20:21.910  8119  8193 I cr_CachingUmaRecorder: Flushed 3 samples from 3 histograms.
09-01 23:20:21.911  8138  8138 W SystemServiceRegistry: No service published for: uimode
09-01 23:20:21.919  8138  8138 I cr_ChildProcessService: Creating new ChildProcessService pid=8138
09-01 23:20:21.924  1513  3221 D CompatibilityChangeReporter: Compat change id reported: 135634846; UID 10220; state: DISABLED
09-01 23:20:21.924  1513  3221 D CompatibilityChangeReporter: Compat change id reported: 135754954; UID 10220; state: ENABLED
09-01 23:20:21.927  8169  8169 I LoadedApk: No resource references to update in package com.google.android.trichromelibrary
09-01 23:20:21.927  8169  8169 D NetworkSecurityConfig: Using Network Security Config from resource 0_resource_name_obfuscated debugBuild: false
09-01 23:20:21.928  8169  8169 D NetworkSecurityConfig: Using Network Security Config from resource 0_resource_name_obfuscated debugBuild: false
09-01 23:20:21.929  8138  8167 I cr_LibraryLoader: Using ModernLinker
09-01 23:20:21.930  8169  8169 I cr_SplitCompatApp: Launched version=107.0.5304.91 minSdkVersion=29 isBundle=true processName=com.android.chrome:sandboxed_process0:org.chromium.content.app.SandboxedProcessService0:22 isIsolated=true
09-01 23:20:21.931  8138  8167 W linker  : Warning: "/data/app/~~_KLlx60MH8CoecPTjMKp8g==/com.android.chrome-kw9RHYrlHKb9bPXi8OTClw==/base.apk!/lib/arm64-v8a/libchromium_android_linker.so" unused DT entry: unknown processor-specific (type 0x70000001 arg 0x0) (ignoring)
09-01 23:20:21.931  7444  7444 D Zygote  : Forked child process 8216
09-01 23:20:21.932  8138  8167 E cr_ChromiumAndroidLinker: ReserveAddressWithHint: Address range starting at 0x7a3875a000 was not free to use
09-01 23:20:21.932  7389  7389 E cr_IntentUtils: getBooleanExtra failed on intent null
09-01 23:20:21.932  7389  7389 E cr_IntentUtils: getBooleanExtra failed on intent null
09-01 23:20:21.934  8216  8216 E libc    : SetHeapTaggingLevel: re-enabling tagging after it was disabled is not supported
09-01 23:20:21.941  8169  8169 W SystemServiceRegistry: No service published for: uimode
09-01 23:20:21.942  8138  8213 I cr_LibraryLoader: Successfully loaded native library
09-01 23:20:21.942  8138  8213 I cr_CachingUmaRecorder: Flushed 3 samples from 3 histograms.
09-01 23:20:21.942  1513  1625 W ActivityManager: Slow operation: 629ms so far, now at startProcess: returned from zygote!
09-01 23:20:21.943  1513  1625 W ActivityManager: Slow operation: 629ms so far, now at startProcess: done updating battery stats
09-01 23:20:21.943  1513  1625 W ActivityManager: Slow operation: 629ms so far, now at startProcess: building log message
09-01 23:20:21.943  1513  1625 I ActivityManager: Start proc 8216:com.android.chrome:sandboxed_process0:org.chromium.content.app.SandboxedProcessService0:23/u0ai23 for  {com.android.chrome/org.chromium.content.app.SandboxedProcessService0:23}
09-01 23:20:21.943  1513  1625 W ActivityManager: Slow operation: 629ms so far, now at startProcess: starting to update pids map
09-01 23:20:21.943  1513  1625 W ActivityManager: Slow operation: 630ms so far, now at startProcess: done updating pids map
09-01 23:20:21.943  1513  1625 W ActivityManager: Slow operation: 604ms so far, now at startProcess: asking zygote to start proc
09-01 23:20:21.943  1513  1625 D CompatibilityChangeReporter: Compat change id reported: 143937733; UID 10220; state: ENABLED
09-01 23:20:21.944  7389  7389 I cr_tabmodel: #isIncognitoTabBeingRestored from tabDetails:  false
09-01 23:20:21.944  7389  7389 I cr_tabmodel: #isIncognitoTabBeingRestored from tabDetails:  false
09-01 23:20:21.944  7389  7389 W cr_tabmodel: Failed to restore TabState; creating Tab with last known URL.
09-01 23:20:21.953  8216  8216 E cessService0:2: Not starting debugger since process cannot load the jdwp agent.
09-01 23:20:21.954  8169  8169 I cr_ChildProcessService: Creating new ChildProcessService pid=8169
09-01 23:20:21.963  7389  7389 E cr_IntentUtils: getBooleanExtra failed on intent null
09-01 23:20:21.963  7389  7389 E cr_IntentUtils: getBooleanExtra failed on intent null
09-01 23:20:21.966  8169  8206 I cr_LibraryLoader: Using ModernLinker
09-01 23:20:21.968  8169  8206 W linker  : Warning: "/data/app/~~_KLlx60MH8CoecPTjMKp8g==/com.android.chrome-kw9RHYrlHKb9bPXi8OTClw==/base.apk!/lib/arm64-v8a/libchromium_android_linker.so" unused DT entry: unknown processor-specific (type 0x70000001 arg 0x0) (ignoring)
09-01 23:20:21.968  8169  8206 E cr_ChromiumAndroidLinker: ReserveAddressWithHint: Address range starting at 0x7a3875a000 was not free to use
09-01 23:20:21.969  1162  9670 I LOWI-9.0.0.58: [LOWI-Scan] lowi_close_record:Scan done in 48393008ms, 8 APs in scan results
09-01 23:20:21.969  1513  3232 D WifiNl80211Manager: Scan result ready event
09-01 23:20:21.969  1513  3232 D WifiNative: Scan result ready event
09-01 23:20:21.975  7389  7389 I cr_tabmodel: #isIncognitoTabBeingRestored from tabDetails:  false
09-01 23:20:21.975  7389  7389 I cr_tabmodel: #isIncognitoTabBeingRestored from tabDetails:  false
09-01 23:20:21.975  7389  7389 W cr_tabmodel: Failed to restore TabState; creating Tab with last known URL.
09-01 23:20:21.975  7444  7444 D Zygote  : Forked child process 8248
09-01 23:20:21.977  1513  1625 W ActivityManager: Slow operation: 637ms so far, now at startProcess: returned from zygote!
09-01 23:20:21.980  1513  3232 D CompatibilityChangeReporter: Compat change id reported: 136274596; UID 10220; state: ENABLED
09-01 23:20:21.982  1513  1625 W ActivityManager: Slow operation: 643ms so far, now at startProcess: done updating battery stats
09-01 23:20:21.983  1513  1625 W ActivityManager: Slow operation: 643ms so far, now at startProcess: building log message
09-01 23:20:21.983  1513  1625 I ActivityManager: Start proc 8248:com.android.chrome:sandboxed_process0:org.chromium.content.app.SandboxedProcessService0:24/u0ai24 for  {com.android.chrome/org.chromium.content.app.SandboxedProcessService0:24}
09-01 23:20:21.983  1513  1625 W ActivityManager: Slow operation: 643ms so far, now at startProcess: starting to update pids map
09-01 23:20:21.984  1513  1625 W ActivityManager: Slow operation: 644ms so far, now at startProcess: done updating pids map
09-01 23:20:21.984  1513  1625 W ActivityManager: Slow operation: 622ms so far, now at startProcess: asking zygote to start proc
09-01 23:20:21.984  1513  1625 D CompatibilityChangeReporter: Compat change id reported: 143937733; UID 10220; state: ENABLED
09-01 23:20:21.987  1513  3221 D CompatibilityChangeReporter: Compat change id reported: 135634846; UID 10220; state: DISABLED
09-01 23:20:21.987  1513  3221 D CompatibilityChangeReporter: Compat change id reported: 135754954; UID 10220; state: ENABLED
09-01 23:20:21.991  7389  7389 E cr_IntentUtils: getBooleanExtra failed on intent null
09-01 23:20:21.991  7389  7389 E cr_IntentUtils: getBooleanExtra failed on intent null
09-01 23:20:21.996  8169  8242 I cr_LibraryLoader: Successfully loaded native library
09-01 23:20:21.998  8169  8242 I cr_CachingUmaRecorder: Flushed 3 samples from 3 histograms.
09-01 23:20:22.003  7389  7389 I cr_tabmodel: #isIncognitoTabBeingRestored from tabDetails:  false
09-01 23:20:22.003  7389  7389 I cr_tabmodel: #isIncognitoTabBeingRestored from tabDetails:  false
09-01 23:20:22.003  7389  7389 W cr_tabmodel: Failed to restore TabState; creating Tab with last known URL.
09-01 23:20:22.013  8248  8248 E libc    : SetHeapTaggingLevel: re-enabling tagging after it was disabled is not supported
09-01 23:20:22.015  7389  7389 E cr_IntentUtils: getBooleanExtra failed on intent null
09-01 23:20:22.015  7389  7389 E cr_IntentUtils: getBooleanExtra failed on intent null
09-01 23:20:22.027  7389  7389 I cr_tabmodel: #isIncognitoTabBeingRestored from tabDetails:  false
09-01 23:20:22.027  7389  7389 I cr_tabmodel: #isIncognitoTabBeingRestored from tabDetails:  false
09-01 23:20:22.027  7389  7389 W cr_tabmodel: Failed to restore TabState; creating Tab with last known URL.
09-01 23:20:22.032  7444  7444 D Zygote  : Forked child process 8269
09-01 23:20:22.033  1513  1625 W ActivityManager: Slow operation: 672ms so far, now at startProcess: returned from zygote!
09-01 23:20:22.034  8248  8248 E cessService0:2: Not starting debugger since process cannot load the jdwp agent.
09-01 23:20:22.038  1513  1625 W ActivityManager: Slow operation: 677ms so far, now at startProcess: done updating battery stats
09-01 23:20:22.039  1513  1625 W ActivityManager: Slow operation: 677ms so far, now at startProcess: building log message
09-01 23:20:22.039  1513  1625 I ActivityManager: Start proc 8269:com.android.chrome:sandboxed_process0:org.chromium.content.app.SandboxedProcessService0:25/u0ai25 for  {com.android.chrome/org.chromium.content.app.SandboxedProcessService0:25}
09-01 23:20:22.039  1513  1625 W ActivityManager: Slow operation: 677ms so far, now at startProcess: starting to update pids map
09-01 23:20:22.039  1513  1625 W ActivityManager: Slow operation: 677ms so far, now at startProcess: done updating pids map
09-01 23:20:22.039  1513  1625 W ActivityManager: Slow operation: 644ms so far, now at startProcess: asking zygote to start proc
09-01 23:20:22.045  7389  7389 E cr_IntentUtils: getBooleanExtra failed on intent null
09-01 23:20:22.045  7389  7389 E cr_IntentUtils: getBooleanExtra failed on intent null
09-01 23:20:22.048  7389  7389 I cr_tabmodel: #isIncognitoTabBeingRestored from tabDetails:  false
09-01 23:20:22.048  7389  7389 I cr_tabmodel: #isIncognitoTabBeingRestored from tabDetails:  false
09-01 23:20:22.048  7389  7389 W cr_tabmodel: Failed to restore TabState; creating Tab with last known URL.
09-01 23:20:22.055  8269  8269 E libc    : SetHeapTaggingLevel: re-enabling tagging after it was disabled is not supported
09-01 23:20:22.055  7389  7401 I .android.chrom: Background young concurrent copying GC freed 404906(20MB) AllocSpace objects, 53(1892KB) LOS objects, 93% free, 6518KB/102MB, paused 4.018ms total 147.463ms
09-01 23:20:22.064  8216  8216 I LoadedApk: No resource references to update in package com.google.android.trichromelibrary
09-01 23:20:22.064  1513  2013 D CompatibilityChangeReporter: Compat change id reported: 136274596; UID 10220; state: ENABLED
09-01 23:20:22.064  8216  8216 D NetworkSecurityConfig: Using Network Security Config from resource 0_resource_name_obfuscated debugBuild: false
09-01 23:20:22.065  7389  7389 E cr_IntentUtils: getBooleanExtra failed on intent null
09-01 23:20:22.066  7389  7389 E cr_IntentUtils: getBooleanExtra failed on intent null
09-01 23:20:22.066  8216  8216 D NetworkSecurityConfig: Using Network Security Config from resource 0_resource_name_obfuscated debugBuild: false
09-01 23:20:22.068  1513  2263 D CompatibilityChangeReporter: Compat change id reported: 135634846; UID 10220; state: DISABLED
09-01 23:20:22.068  1513  2263 D CompatibilityChangeReporter: Compat change id reported: 135754954; UID 10220; state: ENABLED
09-01 23:20:22.068  8216  8216 I cr_SplitCompatApp: Launched version=107.0.5304.91 minSdkVersion=29 isBundle=true processName=com.android.chrome:sandboxed_process0:org.chromium.content.app.SandboxedProcessService0:23 isIsolated=true
09-01 23:20:22.076  7389  7389 I cr_tabmodel: #isIncognitoTabBeingRestored from tabDetails:  false
09-01 23:20:22.076  7389  7389 I cr_tabmodel: #isIncognitoTabBeingRestored from tabDetails:  false
09-01 23:20:22.076  7389  7389 W cr_tabmodel: Failed to restore TabState; creating Tab with last known URL.
09-01 23:20:22.079  7444  7444 D Zygote  : Forked child process 8294
09-01 23:20:22.080  1513  1625 W ActivityManager: Slow operation: 685ms so far, now at startProcess: returned from zygote!
09-01 23:20:22.080  1513  1625 W ActivityManager: Slow operation: 685ms so far, now at startProcess: done updating battery stats
09-01 23:20:22.081  1513  1625 W ActivityManager: Slow operation: 685ms so far, now at startProcess: building log message
09-01 23:20:22.081  1513  1625 I ActivityManager: Start proc 8294:com.android.chrome:sandboxed_process0:org.chromium.content.app.SandboxedProcessService0:26/u0ai26 for  {com.android.chrome/org.chromium.content.app.SandboxedProcessService0:26}
09-01 23:20:22.081  1513  1625 W ActivityManager: Slow operation: 685ms so far, now at startProcess: starting to update pids map
09-01 23:20:22.081  1513  1625 W ActivityManager: Slow operation: 685ms so far, now at startProcess: done updating pids map
09-01 23:20:22.081  1513  1625 W ActivityManager: Slow operation: 655ms so far, now at startProcess: asking zygote to start proc
09-01 23:20:22.081  1513  1625 D CompatibilityChangeReporter: Compat change id reported: 143937733; UID 10220; state: ENABLED
09-01 23:20:22.082  8294  8294 E libc    : SetHeapTaggingLevel: re-enabling tagging after it was disabled is not supported
09-01 23:20:22.091  8269  8269 E cessService0:2: Not starting debugger since process cannot load the jdwp agent.
09-01 23:20:22.099  8216  8216 W SystemServiceRegistry: No service published for: uimode
09-01 23:20:22.102  8294  8294 E cessService0:2: Not starting debugger since process cannot load the jdwp agent.
09-01 23:20:22.103  7444  7444 D Zygote  : Forked child process 8316
09-01 23:20:22.104  1513  3245 D CompatibilityChangeReporter: Compat change id reported: 136274596; UID 10220; state: ENABLED
09-01 23:20:22.104  1513  1625 W ActivityManager: Slow operation: 679ms so far, now at startProcess: returned from zygote!
09-01 23:20:22.105  7389  7389 E cr_IntentUtils: getBooleanExtra failed on intent null
09-01 23:20:22.105  7389  7389 E cr_IntentUtils: getBooleanExtra failed on intent null
09-01 23:20:22.108  1513  2263 D CompatibilityChangeReporter: Compat change id reported: 135634846; UID 10220; state: DISABLED
09-01 23:20:22.108  1513  2263 D CompatibilityChangeReporter: Compat change id reported: 135754954; UID 10220; state: ENABLED
09-01 23:20:22.108  1513  1625 W ActivityManager: Slow operation: 683ms so far, now at startProcess: done updating battery stats
09-01 23:20:22.108  1513  1625 W ActivityManager: Slow operation: 683ms so far, now at startProcess: building log message
09-01 23:20:22.108  1513  1625 I ActivityManager: Start proc 8316:com.android.chrome:sandboxed_process0:org.chromium.content.app.SandboxedProcessService0:27/u0ai27 for  {com.android.chrome/org.chromium.content.app.SandboxedProcessService0:27}
09-01 23:20:22.108  1513  1625 W ActivityManager: Slow operation: 683ms so far, now at startProcess: starting to update pids map
09-01 23:20:22.109  1513  1625 W ActivityManager: Slow operation: 683ms so far, now at startProcess: done updating pids map
09-01 23:20:22.109  1513  1625 W ActivityManager: Slow operation: 654ms so far, now at startProcess: asking zygote to start proc
09-01 23:20:22.109  1513  1625 D CompatibilityChangeReporter: Compat change id reported: 143937733; UID 10220; state: ENABLED
09-01 23:20:22.111  7389  7389 I cr_tabmodel: #isIncognitoTabBeingRestored from tabDetails:  false
09-01 23:20:22.111  7389  7389 I cr_tabmodel: #isIncognitoTabBeingRestored from tabDetails:  false
09-01 23:20:22.111  7389  7389 W cr_tabmodel: Failed to restore TabState; creating Tab with last known URL.
09-01 23:20:22.119  8316  8316 E libc    : SetHeapTaggingLevel: re-enabling tagging after it was disabled is not supported
09-01 23:20:22.121  8216  8216 I cr_ChildProcessService: Creating new ChildProcessService pid=8216
09-01 23:20:22.126  1513  3245 D CompatibilityChangeReporter: Compat change id reported: 136274596; UID 10220; state: ENABLED
09-01 23:20:22.130  7389  7389 E cr_IntentUtils: getBooleanExtra failed on intent null
09-01 23:20:22.130  7389  7389 E cr_IntentUtils: getBooleanExtra failed on intent null
09-01 23:20:22.132  8316  8316 E cessService0:2: Not starting debugger since process cannot load the jdwp agent.
09-01 23:20:22.134  8216  8247 I cr_LibraryLoader: Using ModernLinker
09-01 23:20:22.135  8216  8247 W linker  : Warning: "/data/app/~~_KLlx60MH8CoecPTjMKp8g==/com.android.chrome-kw9RHYrlHKb9bPXi8OTClw==/base.apk!/lib/arm64-v8a/libchromium_android_linker.so" unused DT entry: unknown processor-specific (type 0x70000001 arg 0x0) (ignoring)
09-01 23:20:22.135  8216  8247 E cr_ChromiumAndroidLinker: ReserveAddressWithHint: Address range starting at 0x7a3875a000 was not free to use
09-01 23:20:22.137  8248  8248 I LoadedApk: No resource references to update in package com.google.android.trichromelibrary
09-01 23:20:22.137  8248  8248 D NetworkSecurityConfig: Using Network Security Config from resource 0_resource_name_obfuscated debugBuild: false
09-01 23:20:22.138  8248  8248 D NetworkSecurityConfig: Using Network Security Config from resource 0_resource_name_obfuscated debugBuild: false
09-01 23:20:22.139  7389  7389 I cr_tabmodel: #isIncognitoTabBeingRestored from tabDetails:  false
09-01 23:20:22.139  8269  8269 I LoadedApk: No resource references to update in package com.google.android.trichromelibrary
09-01 23:20:22.139  7389  7389 I cr_tabmodel: #isIncognitoTabBeingRestored from tabDetails:  false
09-01 23:20:22.139  7389  7389 W cr_tabmodel: Failed to restore TabState; creating Tab with last known URL.
09-01 23:20:22.139  8269  8269 D NetworkSecurityConfig: Using Network Security Config from resource 0_resource_name_obfuscated debugBuild: false
09-01 23:20:22.140  8248  8248 I cr_SplitCompatApp: Launched version=107.0.5304.91 minSdkVersion=29 isBundle=true processName=com.android.chrome:sandboxed_process0:org.chromium.content.app.SandboxedProcessService0:24 isIsolated=true
09-01 23:20:22.144   901  1000 D VSC     : @ 48408.595: [WO] tilt angle 89
09-01 23:20:22.146  8269  8269 D NetworkSecurityConfig: Using Network Security Config from resource 0_resource_name_obfuscated debugBuild: false
09-01 23:20:22.147  8269  8269 I cr_SplitCompatApp: Launched version=107.0.5304.91 minSdkVersion=29 isBundle=true processName=com.android.chrome:sandboxed_process0:org.chromium.content.app.SandboxedProcessService0:25 isIsolated=true
09-01 23:20:22.150  1513  2013 D CompatibilityChangeReporter: Compat change id reported: 136274596; UID 10220; state: ENABLED
09-01 23:20:22.151  8216  8329 I cr_LibraryLoader: Successfully loaded native library
09-01 23:20:22.152  8216  8329 I cr_CachingUmaRecorder: Flushed 3 samples from 3 histograms.
09-01 23:20:22.153  1513  3221 D CompatibilityChangeReporter: Compat change id reported: 135634846; UID 10220; state: DISABLED
09-01 23:20:22.153  1513  3221 D CompatibilityChangeReporter: Compat change id reported: 135754954; UID 10220; state: ENABLED
09-01 23:20:22.155  7389  7389 E cr_IntentUtils: getBooleanExtra failed on intent null
09-01 23:20:22.155  7389  7389 E cr_IntentUtils: getBooleanExtra failed on intent null
09-01 23:20:22.160  7444  7444 D Zygote  : Forked child process 8343
09-01 23:20:22.161  8343  8343 E libc    : SetHeapTaggingLevel: re-enabling tagging after it was disabled is not supported
09-01 23:20:22.162  7389  7389 I cr_tabmodel: #isIncognitoTabBeingRestored from tabDetails:  false
