09-01 23:20:20.807  7389  7389 E cr_IntentUtils: getBooleanExtra failed on intent null
09-01 23:20:20.807  7389  7389 E cr_IntentUtils: getBooleanExtra failed on intent null
09-01 23:20:20.811  7444  7444 D Zygote  : Forked child process 7607
09-01 23:20:20.814  7607  7607 E libc    : SetHeapTaggingLevel: re-enabling tagging after it was disabled is not supported
09-01 23:20:20.815  1513  3168 D CompatibilityChangeReporter: Compat change id reported: 136274596; UID 10220; state: ENABLED
09-01 23:20:20.817  7389  7389 I cr_tabmodel: #isIncognitoTabBeingRestored from tabDetails:  false
09-01 23:20:20.817  7389  7389 I cr_tabmodel: #isIncognitoTabBeingRestored from tabDetails:  false
09-01 23:20:20.817  7389  7389 W cr_tabmodel: Failed to restore TabState; creating Tab with last known URL.
09-01 23:20:20.817  7572  7572 I LoadedApk: No resource references to update in package com.google.android.trichromelibrary
09-01 23:20:20.818  7572  7572 D NetworkSecurityConfig: Using Network Security Config from resource 0_resource_name_obfuscated debugBuild: false
09-01 23:20:20.818  1513  1625 I ActivityManager: Start proc 7607:com.android.chrome:sandboxed_process0:org.chromium.content.app.SandboxedProcessService0:4/u0ai4 for  {com.android.chrome/org.chromium.content.app.SandboxedProcessService0:4}
09-01 23:20:20.818  1513  1625 D CompatibilityChangeReporter: Compat change id reported: 143937733; UID 10220; state: ENABLED
09-01 23:20:20.819  7572  7572 D NetworkSecurityConfig: Using Network Security Config from resource 0_resource_name_obfuscated debugBuild: false
09-01 23:20:20.820  7556  7578 I cr_LibraryLoader: Using ModernLinker
09-01 23:20:20.821  7572  7572 I cr_SplitCompatApp: Launched version=107.0.5304.91 minSdkVersion=29 isBundle=true processName=com.android.chrome:sandboxed_process0:org.chromium.content.app.SandboxedProcessService0:2 isIsolated=true
09-01 23:20:20.824  7607  7607 E ocessService0:: Not starting debugger since process cannot load the jdwp agent.
09-01 23:20:20.824  7556  7578 W linker  : Warning: "/data/app/~~_KLlx60MH8CoecPTjMKp8g==/com.android.chrome-kw9RHYrlHKb9bPXi8OTClw==/base.apk!/lib/arm64-v8a/libchromium_android_linker.so" unused DT entry: unknown processor-specific (type 0x70000001 arg 0x0) (ignoring)
09-01 23:20:20.825  7556  7578 E cr_ChromiumAndroidLinker: ReserveAddressWithHint: Address range starting at 0x7a3875a000 was not free to use
09-01 23:20:20.829  1513  2571 D CompatibilityChangeReporter: Compat change id reported: 135634846; UID 10220; state: DISABLED
09-01 23:20:20.829  1513  2571 D CompatibilityChangeReporter: Compat change id reported: 135754954; UID 10220; state: ENABLED
09-01 23:20:20.832  7389  7389 E cr_IntentUtils: getBooleanExtra failed on intent null
09-01 23:20:20.832  7389  7389 E cr_IntentUtils: getBooleanExtra failed on intent null
09-01 23:20:20.832  7556  7606 I cr_LibraryLoader: Successfully loaded native library
09-01 23:20:20.833  7572  7572 W SystemServiceRegistry: No service published for: uimode
09-01 23:20:20.833  7556  7606 I cr_CachingUmaRecorder: Flushed 3 samples from 3 histograms.
09-01 23:20:20.843  7572  7572 I cr_ChildProcessService: Creating new ChildProcessService pid=7572
09-01 23:20:20.845  7389  7389 I cr_tabmodel: #isIncognitoTabBeingRestored from tabDetails:  false
09-01 23:20:20.845  7389  7389 I cr_tabmodel: #isIncognitoTabBeingRestored from tabDetails:  false
09-01 23:20:20.845  7389  7389 W cr_tabmodel: Failed to restore TabState; creating Tab with last known URL.
09-01 23:20:20.848  1513  2570 D CompatibilityChangeReporter: Compat change id reported: 136274596; UID 10220; state: ENABLED
09-01 23:20:20.849  7589  7589 I LoadedApk: No resource references to update in package com.google.android.trichromelibrary
09-01 23:20:20.850  7589  7589 D NetworkSecurityConfig: Using Network Security Config from resource 0_resource_name_obfuscated debugBuild: false
09-01 23:20:20.851  7589  7589 D NetworkSecurityConfig: Using Network Security Config from resource 0_resource_name_obfuscated debugBuild: false
09-01 23:20:20.852  7444  7444 D Zygote  : Forked child process 7626
09-01 23:20:20.853  7572  7594 I cr_LibraryLoader: Using ModernLinker
09-01 23:20:20.854  1513  1625 I ActivityManager: Start proc 7626:com.android.chrome:sandboxed_process0:org.chromium.content.app.SandboxedProcessService0:5/u0ai5 for  {com.android.chrome/org.chromium.content.app.SandboxedProcessService0:5}
09-01 23:20:20.854  7626  7626 E libc    : SetHeapTaggingLevel: re-enabling tagging after it was disabled is not supported
09-01 23:20:20.855  1513  1625 D CompatibilityChangeReporter: Compat change id reported: 143937733; UID 10220; state: ENABLED
09-01 23:20:20.855  7572  7594 W linker  : Warning: "/data/app/~~_KLlx60MH8CoecPTjMKp8g==/com.android.chrome-kw9RHYrlHKb9bPXi8OTClw==/base.apk!/lib/arm64-v8a/libchromium_android_linker.so" unused DT entry: unknown processor-specific (type 0x70000001 arg 0x0) (ignoring)
09-01 23:20:20.855  7589  7589 I cr_SplitCompatApp: Launched version=107.0.5304.91 minSdkVersion=29 isBundle=true processName=com.android.chrome:sandboxed_process0:org.chromium.content.app.SandboxedProcessService0:3 isIsolated=true
09-01 23:20:20.856  7572  7594 E cr_ChromiumAndroidLinker: ReserveAddressWithHint: Address range starting at 0x7a3875a000 was not free to use
09-01 23:20:20.858  1513  2571 D CompatibilityChangeReporter: Compat change id reported: 135634846; UID 10220; state: DISABLED
09-01 23:20:20.858  7389  7389 E cr_IntentUtils: getBooleanExtra failed on intent null
09-01 23:20:20.858  7389  7389 E cr_IntentUtils: getBooleanExtra failed on intent null
09-01 23:20:20.858  1513  2571 D CompatibilityChangeReporter: Compat change id reported: 135754954; UID 10220; state: ENABLED
09-01 23:20:20.863  7572  7624 I cr_LibraryLoader: Successfully loaded native library
09-01 23:20:20.864  7572  7624 I cr_CachingUmaRecorder: Flushed 3 samples from 3 histograms.
09-01 23:20:20.871  7389  7389 I cr_tabmodel: #isIncognitoTabBeingRestored from tabDetails:  false
09-01 23:20:20.871  7389  7389 I cr_tabmodel: #isIncognitoTabBeingRestored from tabDetails:  false
09-01 23:20:20.871  7389  7389 W cr_tabmodel: Failed to restore TabState; creating Tab with last known URL.
09-01 23:20:20.876  7589  7589 W SystemServiceRegistry: No service published for: uimode
09-01 23:20:20.884  7389  7389 E cr_IntentUtils: getBooleanExtra failed on intent null
09-01 23:20:20.884  7389  7389 E cr_IntentUtils: getBooleanExtra failed on intent null
09-01 23:20:20.884  7607  7607 I LoadedApk: No resource references to update in package com.google.android.trichromelibrary
09-01 23:20:20.884  7589  7589 I cr_ChildProcessService: Creating new ChildProcessService pid=7589
09-01 23:20:20.885  7607  7607 D NetworkSecurityConfig: Using Network Security Config from resource 0_resource_name_obfuscated debugBuild: false
09-01 23:20:20.886  7607  7607 D NetworkSecurityConfig: Using Network Security Config from resource 0_resource_name_obfuscated debugBuild: false
09-01 23:20:20.887  7444  7444 D Zygote  : Forked child process 7645
09-01 23:20:20.888  7607  7607 I cr_SplitCompatApp: Launched version=107.0.5304.91 minSdkVersion=29 isBundle=true processName=com.android.chrome:sandboxed_process0:org.chromium.content.app.SandboxedProcessService0:4 isIsolated=true
09-01 23:20:20.889  1513  1625 W ActivityManager: Slow operation: 60ms so far, now at startProcess: returned from zygote!
09-01 23:20:20.889  1513  1625 W ActivityManager: Slow operation: 61ms so far, now at startProcess: done updating battery stats
09-01 23:20:20.889  1513  1625 W ActivityManager: Slow operation: 61ms so far, now at startProcess: building log message
09-01 23:20:20.889  1513  1625 I ActivityManager: Start proc 7645:com.android.chrome:sandboxed_process0:org.chromium.content.app.SandboxedProcessService0:6/u0ai6 for  {com.android.chrome/org.chromium.content.app.SandboxedProcessService0:6}
09-01 23:20:20.889  1513  1625 W ActivityManager: Slow operation: 61ms so far, now at startProcess: starting to update pids map
09-01 23:20:20.889  1513  1625 W ActivityManager: Slow operation: 61ms so far, now at startProcess: done updating pids map
09-01 23:20:20.890  7626  7626 E ocessService0:: Not starting debugger since process cannot load the jdwp agent.
09-01 23:20:20.892  7589  7605 I cr_LibraryLoader: Using ModernLinker
09-01 23:20:20.894  7589  7605 W linker  : Warning: "/data/app/~~_KLlx60MH8CoecPTjMKp8g==/com.android.chrome-kw9RHYrlHKb9bPXi8OTClw==/base.apk!/lib/arm64-v8a/libchromium_android_linker.so" unused DT entry: unknown processor-specific (type 0x70000001 arg 0x0) (ignoring)
09-01 23:20:20.894  7389  7389 I cr_tabmodel: #isIncognitoTabBeingRestored from tabDetails:  false
09-01 23:20:20.894  7389  7389 I cr_tabmodel: #isIncognitoTabBeingRestored from tabDetails:  false
09-01 23:20:20.894  7389  7389 W cr_tabmodel: Failed to restore TabState; creating Tab with last known URL.
09-01 23:20:20.895  7589  7605 E cr_ChromiumAndroidLinker: ReserveAddressWithHint: Address range starting at 0x7a3875a000 was not free to use
09-01 23:20:20.900  7645  7645 E libc    : SetHeapTaggingLevel: re-enabling tagging after it was disabled is not supported
09-01 23:20:20.900  7607  7607 W SystemServiceRegistry: No service published for: uimode
09-01 23:20:20.902  7589  7644 I cr_LibraryLoader: Successfully loaded native library
09-01 23:20:20.904  7589  7644 I cr_CachingUmaRecorder: Flushed 3 samples from 3 histograms.
09-01 23:20:20.907  7607  7607 I cr_ChildProcessService: Creating new ChildProcessService pid=7607
09-01 23:20:20.910  7389  7389 E cr_IntentUtils: getBooleanExtra failed on intent null
09-01 23:20:20.910  7389  7389 E cr_IntentUtils: getBooleanExtra failed on intent null
09-01 23:20:20.916  7645  7645 E ocessService0:: Not starting debugger since process cannot load the jdwp agent.
09-01 23:20:20.919  1513  2571 D CompatibilityChangeReporter: Compat change id reported: 136274596; UID 10220; state: ENABLED
09-01 23:20:20.920  7389  7389 I cr_tabmodel: #isIncognitoTabBeingRestored from tabDetails:  false
09-01 23:20:20.920  7389  7389 I cr_tabmodel: #isIncognitoTabBeingRestored from tabDetails:  false
09-01 23:20:20.920  7389  7389 W cr_tabmodel: Failed to restore TabState; creating Tab with last known URL.
09-01 23:20:20.926  7607  7623 I cr_LibraryLoader: Using ModernLinker
09-01 23:20:20.928  7607  7623 W linker  : Warning: "/data/app/~~_KLlx60MH8CoecPTjMKp8g==/com.android.chrome-kw9RHYrlHKb9bPXi8OTClw==/base.apk!/lib/arm64-v8a/libchromium_android_linker.so" unused DT entry: unknown processor-specific (type 0x70000001 arg 0x0) (ignoring)
09-01 23:20:20.928  7444  7444 D Zygote  : Forked child process 7676
09-01 23:20:20.930  7607  7623 E cr_ChromiumAndroidLinker: ReserveAddressWithHint: Address range starting at 0x7a3875a000 was not free to use
09-01 23:20:20.931  1513  1625 W ActivityManager: Slow operation: 73ms so far, now at startProcess: returned from zygote!
09-01 23:20:20.931  1513  1625 W ActivityManager: Slow operation: 74ms so far, now at startProcess: done updating battery stats
09-01 23:20:20.931  1513  1625 W ActivityManager: Slow operation: 74ms so far, now at startProcess: building log message
09-01 23:20:20.931  1513  1625 I ActivityManager: Start proc 7676:com.android.chrome:sandboxed_process0:org.chromium.content.app.SandboxedProcessService0:7/u0ai7 for  {com.android.chrome/org.chromium.content.app.SandboxedProcessService0:7}
09-01 23:20:20.931  1513  1625 W ActivityManager: Slow operation: 74ms so far, now at startProcess: starting to update pids map
09-01 23:20:20.931  1513  1625 W ActivityManager: Slow operation: 74ms so far, now at startProcess: done updating pids map
09-01 23:20:20.932  1513  1625 D CompatibilityChangeReporter: Compat change id reported: 143937733; UID 10220; state: ENABLED
09-01 23:20:20.932  1513  3233 D CompatibilityChangeReporter: Compat change id reported: 135634846; UID 10220; state: DISABLED
09-01 23:20:20.932  1513  3233 D CompatibilityChangeReporter: Compat change id reported: 135754954; UID 10220; state: ENABLED
09-01 23:20:20.934  7389  7389 E cr_IntentUtils: getBooleanExtra failed on intent null
09-01 23:20:20.934  7389  7389 E cr_IntentUtils: getBooleanExtra failed on intent null
09-01 23:20:20.940  7607  7661 I cr_LibraryLoader: Successfully loaded native library
09-01 23:20:20.942  7607  7661 I cr_CachingUmaRecorder: Flushed 3 samples from 3 histograms.
09-01 23:20:20.944  1513  2570 D CompatibilityChangeReporter: Compat change id reported: 136274596; UID 10220; state: ENABLED
09-01 23:20:20.944  7389  7389 I cr_tabmodel: #isIncognitoTabBeingRestored from tabDetails:  false
09-01 23:20:20.944  7389  7389 I cr_tabmodel: #isIncognitoTabBeingRestored from tabDetails:  false
09-01 23:20:20.944  7389  7389 W cr_tabmodel: Failed to restore TabState; creating Tab with last known URL.
09-01 23:20:20.950  7676  7676 E libc    : SetHeapTaggingLevel: re-enabling tagging after it was disabled is not supported
09-01 23:20:20.958  1513  2571 D CompatibilityChangeReporter: Compat change id reported: 135634846; UID 10220; state: DISABLED
09-01 23:20:20.958  1513  2571 D CompatibilityChangeReporter: Compat change id reported: 135754954; UID 10220; state: ENABLED
09-01 23:20:20.961  7626  7626 I LoadedApk: No resource references to update in package com.google.android.trichromelibrary
09-01 23:20:20.961  7389  7389 E cr_IntentUtils: getBooleanExtra failed on intent null
09-01 23:20:20.961  7389  7389 E cr_IntentUtils: getBooleanExtra failed on intent null
09-01 23:20:20.961  7626  7626 D NetworkSecurityConfig: Using Network Security Config from resource 0_resource_name_obfuscated debugBuild: false
09-01 23:20:20.962  7626  7626 D NetworkSecurityConfig: Using Network Security Config from resource 0_resource_name_obfuscated debugBuild: false
09-01 23:20:20.964  7626  7626 I cr_SplitCompatApp: Launched version=107.0.5304.91 minSdkVersion=29 isBundle=true processName=com.android.chrome:sandboxed_process0:org.chromium.content.app.SandboxedProcessService0:5 isIsolated=true
09-01 23:20:20.968  7676  7676 E ocessService0:: Not starting debugger since process cannot load the jdwp agent.
09-01 23:20:20.976  7389  7389 I cr_tabmodel: #isIncognitoTabBeingRestored from tabDetails:  false
09-01 23:20:20.976  7389  7389 I cr_tabmodel: #isIncognitoTabBeingRestored from tabDetails:  false
09-01 23:20:20.976  7389  7389 W cr_tabmodel: Failed to restore TabState; creating Tab with last known URL.
09-01 23:20:20.978  7626  7626 W SystemServiceRegistry: No service published for: uimode
09-01 23:20:20.984  7645  7645 I LoadedApk: No resource references to update in package com.google.android.trichromelibrary
09-01 23:20:20.985  7645  7645 D NetworkSecurityConfig: Using Network Security Config from resource 0_resource_name_obfuscated debugBuild: false
09-01 23:20:20.985  7444  7444 D Zygote  : Forked child process 7713
09-01 23:20:20.986  1513  1625 W ActivityManager: Slow operation: 105ms so far, now at startProcess: returned from zygote!
09-01 23:20:20.986  1513  1625 W ActivityManager: Slow operation: 105ms so far, now at startProcess: done updating battery stats
09-01 23:20:20.987  1513  1625 W ActivityManager: Slow operation: 105ms so far, now at startProcess: building log message
09-01 23:20:20.987  1513  1625 I ActivityManager: Start proc 7713:com.android.chrome:sandboxed_process0:org.chromium.content.app.SandboxedProcessService0:8/u0ai8 for  {com.android.chrome/org.chromium.content.app.SandboxedProcessService0:8}
09-01 23:20:20.987  1513  1625 W ActivityManager: Slow operation: 105ms so far, now at startProcess: starting to update pids map
09-01 23:20:20.987  1513  1625 W ActivityManager: Slow operation: 105ms so far, now at startProcess: done updating pids map
09-01 23:20:20.987  1513  1625 W ActivityManager: Slow operation: 78ms so far, now at startProcess: asking zygote to start proc
09-01 23:20:20.987  1513  1625 D CompatibilityChangeReporter: Compat change id reported: 143937733; UID 10220; state: ENABLED
09-01 23:20:20.988  7645  7645 D NetworkSecurityConfig: Using Network Security Config from resource 0_resource_name_obfuscated debugBuild: false
09-01 23:20:20.989  7645  7645 I cr_SplitCompatApp: Launched version=107.0.5304.91 minSdkVersion=29 isBundle=true processName=com.android.chrome:sandboxed_process0:org.chromium.content.app.SandboxedProcessService0:6 isIsolated=true
09-01 23:20:20.991  7626  7626 I cr_ChildProcessService: Creating new ChildProcessService pid=7626
09-01 23:20:20.993  7389  7389 E cr_IntentUtils: getBooleanExtra failed on intent null
09-01 23:20:20.993  7389  7389 E cr_IntentUtils: getBooleanExtra failed on intent null
09-01 23:20:20.993  7713  7713 E libc    : SetHeapTaggingLevel: re-enabling tagging after it was disabled is not supported
09-01 23:20:20.996  7626  7675 I cr_LibraryLoader: Using ModernLinker
09-01 23:20:20.998  1513  2571 D CompatibilityChangeReporter: Compat change id reported: 136274596; UID 10220; state: ENABLED
09-01 23:20:20.999  7626  7675 W linker  : Warning: "/data/app/~~_KLlx60MH8CoecPTjMKp8g==/com.android.chrome-kw9RHYrlHKb9bPXi8OTClw==/base.apk!/lib/arm64-v8a/libchromium_android_linker.so" unused DT entry: unknown processor-specific (type 0x70000001 arg 0x0) (ignoring)
09-01 23:20:21.000  7626  7675 E cr_ChromiumAndroidLinker: ReserveAddressWithHint: Address range starting at 0x7a3875a000 was not free to use
09-01 23:20:21.009  7389  7389 I cr_tabmodel: #isIncognitoTabBeingRestored from tabDetails:  false
09-01 23:20:21.009  7389  7389 I cr_tabmodel: #isIncognitoTabBeingRestored from tabDetails:  false
09-01 23:20:21.009  7389  7389 W cr_tabmodel: Failed to restore TabState; creating Tab with last known URL.
09-01 23:20:21.009  7713  7713 E ocessService0:: Not starting debugger since process cannot load the jdwp agent.
09-01 23:20:21.011  7645  7645 W SystemServiceRegistry: No service published for: uimode
09-01 23:20:21.011  7626  7719 I cr_LibraryLoader: Successfully loaded native library
09-01 23:20:21.018  7626  7719 I cr_CachingUmaRecorder: Flushed 3 samples from 3 histograms.
09-01 23:20:21.019  7645  7645 I cr_ChildProcessService: Creating new ChildProcessService pid=7645
09-01 23:20:21.023  1513  3233 D CompatibilityChangeReporter: Compat change id reported: 136274596; UID 10220; state: ENABLED
09-01 23:20:21.025  7444  7444 D Zygote  : Forked child process 7738
09-01 23:20:21.026  1513  2172 D CompatibilityChangeReporter: Compat change id reported: 135634846; UID 10220; state: DISABLED
09-01 23:20:21.026  1513  2172 D CompatibilityChangeReporter: Compat change id reported: 135754954; UID 10220; state: ENABLED
09-01 23:20:21.027  1513  1625 W ActivityManager: Slow operation: 118ms so far, now at startProcess: returned from zygote!
09-01 23:20:21.027  1513  1625 W ActivityManager: Slow operation: 119ms so far, now at startProcess: done updating battery stats
09-01 23:20:21.027  1513  1625 W ActivityManager: Slow operation: 119ms so far, now at startProcess: building log message
09-01 23:20:21.027  1513  1625 I ActivityManager: Start proc 7738:com.android.chrome:sandboxed_process0:org.chromium.content.app.SandboxedProcessService0:9/u0ai9 for  {com.android.chrome/org.chromium.content.app.SandboxedProcessService0:9}
09-01 23:20:21.027  1513  1625 W ActivityManager: Slow operation: 119ms so far, now at startProcess: starting to update pids map
09-01 23:20:21.028  1513  1625 W ActivityManager: Slow operation: 119ms so far, now at startProcess: done updating pids map
09-01 23:20:21.028  1513  1625 W ActivityManager: Slow operation: 95ms so far, now at startProcess: asking zygote to start proc
09-01 23:20:21.028  1513  1625 D CompatibilityChangeReporter: Compat change id reported: 143937733; UID 10220; state: ENABLED
09-01 23:20:21.029  7645  7686 I cr_LibraryLoader: Using ModernLinker
09-01 23:20:21.030  7645  7686 W linker  : Warning: "/data/app/~~_KLlx60MH8CoecPTjMKp8g==/com.android.chrome-kw9RHYrlHKb9bPXi8OTClw==/base.apk!/lib/arm64-v8a/libchromium_android_linker.so" unused DT entry: unknown processor-specific (type 0x70000001 arg 0x0) (ignoring)
09-01 23:20:21.030  7645  7686 E cr_ChromiumAndroidLinker: ReserveAddressWithHint: Address range starting at 0x7a3875a000 was not free to use
09-01 23:20:21.033  7389  7389 E cr_IntentUtils: getBooleanExtra failed on intent null
09-01 23:20:21.033  7389  7389 E cr_IntentUtils: getBooleanExtra failed on intent null
09-01 23:20:21.037  7676  7676 I LoadedApk: No resource references to update in package com.google.android.trichromelibrary
09-01 23:20:21.038  7676  7676 D NetworkSecurityConfig: Using Network Security Config from resource 0_resource_name_obfuscated debugBuild: false
09-01 23:20:21.038  7738  7738 E libc    : SetHeapTaggingLevel: re-enabling tagging after it was disabled is not supported
09-01 23:20:21.039  7676  7676 D NetworkSecurityConfig: Using Network Security Config from resource 0_resource_name_obfuscated debugBuild: false
09-01 23:20:21.041  7676  7676 I cr_SplitCompatApp: Launched version=107.0.5304.91 minSdkVersion=29 isBundle=true processName=com.android.chrome:sandboxed_process0:org.chromium.content.app.SandboxedProcessService0:7 isIsolated=true
09-01 23:20:21.050  7645  7737 I cr_LibraryLoader: Successfully loaded native library
09-01 23:20:21.051  7645  7737 I cr_CachingUmaRecorder: Flushed 3 samples from 3 histograms.
09-01 23:20:21.053  7389  7389 I cr_tabmodel: #isIncognitoTabBeingRestored from tabDetails:  false
09-01 23:20:21.053  7389  7389 I cr_tabmodel: #isIncognitoTabBeingRestored from tabDetails:  false
09-01 23:20:21.053  7389  7389 W cr_tabmodel: Failed to restore TabState; creating Tab with last known URL.
09-01 23:20:21.054  7676  7676 W SystemServiceRegistry: No service published for: uimode
09-01 23:20:21.059  7444  7444 D Zygote  : Forked child process 7770
09-01 23:20:21.065  1513  1625 W ActivityManager: Slow operation: 132ms so far, now at startProcess: returned from zygote!
09-01 23:20:21.065  1513  1625 W ActivityManager: Slow operation: 133ms so far, now at startProcess: done updating battery stats
09-01 23:20:21.065  1513  1625 W ActivityManager: Slow operation: 133ms so far, now at startProcess: building log message
09-01 23:20:21.065  1513  1625 I ActivityManager: Start proc 7770:com.android.chrome:sandboxed_process0:org.chromium.content.app.SandboxedProcessService0:10/u0ai10 for  {com.android.chrome/org.chromium.content.app.SandboxedProcessService0:10}
09-01 23:20:21.065  1513  1625 W ActivityManager: Slow operation: 133ms so far, now at startProcess: starting to update pids map
09-01 23:20:21.065  1513  1625 W ActivityManager: Slow operation: 133ms so far, now at startProcess: done updating pids map
09-01 23:20:21.065  1513  1625 W ActivityManager: Slow operation: 108ms so far, now at startProcess: asking zygote to start proc
09-01 23:20:21.066  7676  7676 I cr_ChildProcessService: Creating new ChildProcessService pid=7676
09-01 23:20:21.071  7738  7738 E ocessService0:: Not starting debugger since process cannot load the jdwp agent.
09-01 23:20:21.074  7713  7713 I LoadedApk: No resource references to update in package com.google.android.trichromelibrary
09-01 23:20:21.074  7713  7713 D NetworkSecurityConfig: Using Network Security Config from resource 0_resource_name_obfuscated debugBuild: false
09-01 23:20:21.075  7713  7713 D NetworkSecurityConfig: Using Network Security Config from resource 0_resource_name_obfuscated debugBuild: false
09-01 23:20:21.077  7676  7721 I cr_LibraryLoader: Using ModernLinker
09-01 23:20:21.077  7389  7389 E cr_IntentUtils: getBooleanExtra failed on intent null
09-01 23:20:21.077  7389  7389 E cr_IntentUtils: getBooleanExtra failed on intent null
09-01 23:20:21.077  7713  7713 I cr_SplitCompatApp: Launched version=107.0.5304.91 minSdkVersion=29 isBundle=true processName=com.android.chrome:sandboxed_process0:org.chromium.content.app.SandboxedProcessService0:8 isIsolated=true
09-01 23:20:21.080  7676  7721 W linker  : Warning: "/data/app/~~_KLlx60MH8CoecPTjMKp8g==/com.android.chrome-kw9RHYrlHKb9bPXi8OTClw==/base.apk!/lib/arm64-v8a/libchromium_android_linker.so" unused DT entry: unknown processor-specific (type 0x70000001 arg 0x0) (ignoring)
09-01 23:20:21.086  7389  7389 I cr_tabmodel: #isIncognitoTabBeingRestored from tabDetails:  false
09-01 23:20:21.086  7389  7389 I cr_tabmodel: #isIncognitoTabBeingRestored from tabDetails:  false
09-01 23:20:21.086  7389  7389 W cr_tabmodel: Failed to restore TabState; creating Tab with last known URL.
09-01 23:20:21.091  1513  3233 D CompatibilityChangeReporter: Compat change id reported: 136274596; UID 10220; state: ENABLED
09-01 23:20:21.092  7676  7779 I cr_LibraryLoader: Successfully loaded native library
09-01 23:20:21.094  7770  7770 E libc    : SetHeapTaggingLevel: re-enabling tagging after it was disabled is not supported
09-01 23:20:21.106  7770  7770 E cessService0:1: Not starting debugger since process cannot load the jdwp agent.
09-01 23:20:21.107  7713  7713 W SystemServiceRegistry: No service published for: uimode
09-01 23:20:21.110  7676  7779 I cr_CachingUmaRecorder: Flushed 3 samples from 3 histograms.
09-01 23:20:21.114  1513  3233 D CompatibilityChangeReporter: Compat change id reported: 135634846; UID 10220; state: DISABLED
09-01 23:20:21.114  1513  3233 D CompatibilityChangeReporter: Compat change id reported: 135754954; UID 10220; state: ENABLED
09-01 23:20:21.117  7389  7389 E cr_IntentUtils: getBooleanExtra failed on intent null
09-01 23:20:21.117  7389  7389 E cr_IntentUtils: getBooleanExtra failed on intent null
09-01 23:20:21.123  7444  7444 D Zygote  : Forked child process 7814
09-01 23:20:21.125  1513  1625 W ActivityManager: Slow operation: 168ms so far, now at startProcess: returned from zygote!
09-01 23:20:21.125  7814  7814 E libc    : SetHeapTaggingLevel: re-enabling tagging after it was disabled is not supported
09-01 23:20:21.127  1513  3233 D CompatibilityChangeReporter: Compat change id reported: 136274596; UID 10220; state: ENABLED
09-01 23:20:21.130  1513  1625 W ActivityManager: Slow operation: 172ms so far, now at startProcess: done updating battery stats
09-01 23:20:21.130  1513  1625 W ActivityManager: Slow operation: 172ms so far, now at startProcess: building log message
09-01 23:20:21.130  1513  1625 I ActivityManager: Start proc 7814:com.android.chrome:sandboxed_process0:org.chromium.content.app.SandboxedProcessService0:11/u0ai11 for  {com.android.chrome/org.chromium.content.app.SandboxedProcessService0:11}
09-01 23:20:21.130  1513  1625 W ActivityManager: Slow operation: 172ms so far, now at startProcess: starting to update pids map
09-01 23:20:21.131  1513  1625 W ActivityManager: Slow operation: 174ms so far, now at startProcess: done updating pids map
09-01 23:20:21.131  1513  1625 W ActivityManager: Slow operation: 145ms so far, now at startProcess: asking zygote to start proc
09-01 23:20:21.131  1513  1625 D CompatibilityChangeReporter: Compat change id reported: 143937733; UID 10220; state: ENABLED
09-01 23:20:21.132  7389  7389 I cr_tabmodel: #isIncognitoTabBeingRestored from tabDetails:  false
09-01 23:20:21.132  7389  7389 I cr_tabmodel: #isIncognitoTabBeingRestored from tabDetails:  false
09-01 23:20:21.132  7389  7389 W cr_tabmodel: Failed to restore TabState; creating Tab with last known URL.
09-01 23:20:21.133  7713  7713 I cr_ChildProcessService: Creating new ChildProcessService pid=7713
09-01 23:20:21.144  7814  7814 E cessService0:1: Not starting debugger since process cannot load the jdwp agent.
09-01 23:20:21.145  1513  2172 D CompatibilityChangeReporter: Compat change id reported: 135634846; UID 10220; state: DISABLED
09-01 23:20:21.145  1513  2172 D CompatibilityChangeReporter: Compat change id reported: 135754954; UID 10220; state: ENABLED
09-01 23:20:21.147  7738  7738 I LoadedApk: No resource references to update in package com.google.android.trichromelibrary
09-01 23:20:21.147  7738  7738 D NetworkSecurityConfig: Using Network Security Config from resource 0_resource_name_obfuscated debugBuild: false
09-01 23:20:21.148  7389  7389 E cr_IntentUtils: getBooleanExtra failed on intent null
09-01 23:20:21.148  7389  7389 E cr_IntentUtils: getBooleanExtra failed on intent null
09-01 23:20:21.148  7738  7738 D NetworkSecurityConfig: Using Network Security Config from resource 0_resource_name_obfuscated debugBuild: false
09-01 23:20:21.150  7738  7738 I cr_SplitCompatApp: Launched version=107.0.5304.91 minSdkVersion=29 isBundle=true processName=com.android.chrome:sandboxed_process0:org.chromium.content.app.SandboxedProcessService0:9 isIsolated=true
09-01 23:20:21.151  7713  7760 I cr_LibraryLoader: Using ModernLinker
09-01 23:20:21.154  7389  7389 I cr_tabmodel: #isIncognitoTabBeingRestored from tabDetails:  false
09-01 23:20:21.154  7389  7389 I cr_tabmodel: #isIncognitoTabBeingRestored from tabDetails:  false
09-01 23:20:21.154  7713  7760 W linker  : Warning: "/data/app/~~_KLlx60MH8CoecPTjMKp8g==/com.android.chrome-kw9RHYrlHKb9bPXi8OTClw==/base.apk!/lib/arm64-v8a/libchromium_android_linker.so" unused DT entry: unknown processor-specific (type 0x70000001 arg 0x0) (ignoring)
09-01 23:20:21.154  7389  7389 W cr_tabmodel: Failed to restore TabState; creating Tab with last known URL.
09-01 23:20:21.155  7713  7760 E cr_ChromiumAndroidLinker: ReserveAddressWithHint: Address range starting at 0x7a3875a000 was not free to use
09-01 23:20:21.159  7770  7770 I LoadedApk: No resource references to update in package com.google.android.trichromelibrary
09-01 23:20:21.160  7770  7770 D NetworkSecurityConfig: Using Network Security Config from resource 0_resource_name_obfuscated debugBuild: false
09-01 23:20:21.161  7770  7770 D NetworkSecurityConfig: Using Network Security Config from resource 0_resource_name_obfuscated debugBuild: false
09-01 23:20:21.163  7770  7770 I cr_SplitCompatApp: Launched version=107.0.5304.91 minSdkVersion=29 isBundle=true processName=com.android.chrome:sandboxed_process0:org.chromium.content.app.SandboxedProcessService0:10 isIsolated=true
09-01 23:20:21.167  7389  7389 E cr_IntentUtils: getBooleanExtra failed on intent null
09-01 23:20:21.167  7389  7389 E cr_IntentUtils: getBooleanExtra failed on intent null
09-01 23:20:21.169  7713  7826 I cr_LibraryLoader: Successfully loaded native library
09-01 23:20:21.170  7713  7826 I cr_CachingUmaRecorder: Flushed 3 samples from 3 histograms.
09-01 23:20:21.174  7389  7389 I cr_tabmodel: #isIncognitoTabBeingRestored from tabDetails:  false
09-01 23:20:21.174  7389  7389 I cr_tabmodel: #isIncognitoTabBeingRestored from tabDetails:  false
09-01 23:20:21.174  7389  7389 W cr_tabmodel: Failed to restore TabState; creating Tab with last known URL.
09-01 23:20:21.182  1513  2172 D CompatibilityChangeReporter: Compat change id reported: 136274596; UID 10220; state: ENABLED
09-01 23:20:21.183  7444  7444 D Zygote  : Forked child process 7849
09-01 23:20:21.186  1513  3233 D CompatibilityChangeReporter: Compat change id reported: 135634846; UID 10220; state: DISABLED
09-01 23:20:21.186  1513  3233 D CompatibilityChangeReporter: Compat change id reported: 135754954; UID 10220; state: ENABLED
09-01 23:20:21.187  7849  7849 E libc    : SetHeapTaggingLevel: re-enabling tagging after it was disabled is not supported
09-01 23:20:21.189  7770  7770 W SystemServiceRegistry: No service published for: uimode
09-01 23:20:21.189  7389  7389 E cr_IntentUtils: getBooleanExtra failed on intent null
09-01 23:20:21.190  7389  7389 E cr_IntentUtils: getBooleanExtra failed on intent null
09-01 23:20:21.192  7738  7738 W SystemServiceRegistry: No service published for: uimode
09-01 23:20:21.197  7389  7389 I cr_tabmodel: #isIncognitoTabBeingRestored from tabDetails:  false
09-01 23:20:21.197  7389  7389 I cr_tabmodel: #isIncognitoTabBeingRestored from tabDetails:  false
09-01 23:20:21.197  7389  7389 W cr_tabmodel: Failed to restore TabState; creating Tab with last known URL.
09-01 23:20:21.206  7770  7770 I cr_ChildProcessService: Creating new ChildProcessService pid=7770
09-01 23:20:21.207  7849  7849 E cessService0:1: Not starting debugger since process cannot load the jdwp agent.
09-01 23:20:21.209  1513  1625 W ActivityManager: Slow operation: 223ms so far, now at startProcess: returned from zygote!
09-01 23:20:21.210  1513  1625 W ActivityManager: Slow operation: 224ms so far, now at startProcess: done updating battery stats
09-01 23:20:21.210  1513  1625 W ActivityManager: Slow operation: 224ms so far, now at startProcess: building log message
09-01 23:20:21.210  1513  1625 I ActivityManager: Start proc 7849:com.android.chrome:sandboxed_process0:org.chromium.content.app.SandboxedProcessService0:12/u0ai12 for  {com.android.chrome/org.chromium.content.app.SandboxedProcessService0:12}
09-01 23:20:21.210  1513  1625 W ActivityManager: Slow operation: 224ms so far, now at startProcess: starting to update pids map
09-01 23:20:21.210  1513  1625 W ActivityManager: Slow operation: 224ms so far, now at startProcess: done updating pids map
09-01 23:20:21.210  1513  1625 W ActivityManager: Slow operation: 184ms so far, now at startProcess: asking zygote to start proc
09-01 23:20:21.211  1513  1625 D CompatibilityChangeReporter: Compat change id reported: 143937733; UID 10220; state: ENABLED
09-01 23:20:21.211  7738  7738 I cr_ChildProcessService: Creating new ChildProcessService pid=7738
09-01 23:20:21.216  7389  7389 E cr_IntentUtils: getBooleanExtra failed on intent null
09-01 23:20:21.216  7389  7389 E cr_IntentUtils: getBooleanExtra failed on intent null
09-01 23:20:21.216  7770  7820 I cr_LibraryLoader: Using ModernLinker
09-01 23:20:21.218  7770  7820 W linker  : Warning: "/data/app/~~_KLlx60MH8CoecPTjMKp8g==/com.android.chrome-kw9RHYrlHKb9bPXi8OTClw==/base.apk!/lib/arm64-v8a/libchromium_android_linker.so" unused DT entry: unknown processor-specific (type 0x70000001 arg 0x0) (ignoring)
09-01 23:20:21.219  1513  2172 D CompatibilityChangeReporter: Compat change id reported: 136274596; UID 10220; state: ENABLED
09-01 23:20:21.220  7770  7820 E cr_ChromiumAndroidLinker: ReserveAddressWithHint: Address range starting at 0x7a3875a000 was not free to use
09-01 23:20:21.221  7389  7389 I cr_tabmodel: #isIncognitoTabBeingRestored from tabDetails:  false
09-01 23:20:21.221  7389  7389 I cr_tabmodel: #isIncognitoTabBeingRestored from tabDetails:  false
09-01 23:20:21.222  7389  7389 W cr_tabmodel: Failed to restore TabState; creating Tab with last known URL.
09-01 23:20:21.228  7814  7814 I LoadedApk: No resource references to update in package com.google.android.trichromelibrary
09-01 23:20:21.229  7814  7814 D NetworkSecurityConfig: Using Network Security Config from resource 0_resource_name_obfuscated debugBuild: false
09-01 23:20:21.230  7814  7814 D NetworkSecurityConfig: Using Network Security Config from resource 0_resource_name_obfuscated debugBuild: false
09-01 23:20:21.231  7814  7814 I cr_SplitCompatApp: Launched version=107.0.5304.91 minSdkVersion=29 isBundle=true processName=com.android.chrome:sandboxed_process0:org.chromium.content.app.SandboxedProcessService0:11 isIsolated=true
09-01 23:20:21.236  1513  2571 D CompatibilityChangeReporter: Compat change id reported: 135634846; UID 10220; state: DISABLED
09-01 23:20:21.237  1513  2571 D CompatibilityChangeReporter: Compat change id reported: 135754954; UID 10220; state: ENABLED
09-01 23:20:21.237  7389  7389 E cr_IntentUtils: getBooleanExtra failed on intent null
09-01 23:20:21.237  7389  7389 E cr_IntentUtils: getBooleanExtra failed on intent null
09-01 23:20:21.241  7770  7867 I cr_LibraryLoader: Successfully loaded native library
09-01 23:20:21.242  7770  7867 I cr_CachingUmaRecorder: Flushed 3 samples from 3 histograms.
09-01 23:20:21.243  7814  7814 W SystemServiceRegistry: No service published for: uimode
09-01 23:20:21.245  7389  7389 I cr_tabmodel: #isIncognitoTabBeingRestored from tabDetails:  false
09-01 23:20:21.245  7389  7389 I cr_tabmodel: #isIncognitoTabBeingRestored from tabDetails:  false
09-01 23:20:21.245  7389  7389 W cr_tabmodel: Failed to restore TabState; creating Tab with last known URL.
09-01 23:20:21.248  7738  7798 I cr_LibraryLoader: Using ModernLinker
09-01 23:20:21.251  7738  7798 W linker  : Warning: "/data/app/~~_KLlx60MH8CoecPTjMKp8g==/com.android.chrome-kw9RHYrlHKb9bPXi8OTClw==/base.apk!/lib/arm64-v8a/libchromium_android_linker.so" unused DT entry: unknown processor-specific (type 0x70000001 arg 0x0) (ignoring)
09-01 23:20:21.252  7814  7814 I cr_ChildProcessService: Creating new ChildProcessService pid=7814
09-01 23:20:21.253  7738  7798 E cr_ChromiumAndroidLinker: ReserveAddressWithHint: Address range starting at 0x7a3875a000 was not free to use
09-01 23:20:21.254  7444  7444 D Zygote  : Forked child process 7884
09-01 23:20:21.256  1513  1625 W ActivityManager: Slow operation: 229ms so far, now at startProcess: returned from zygote!
09-01 23:20:21.257  1513  1625 W ActivityManager: Slow operation: 230ms so far, now at startProcess: done updating battery stats
09-01 23:20:21.257  1513  1625 W ActivityManager: Slow operation: 230ms so far, now at startProcess: building log message
09-01 23:20:21.257  1513  1625 I ActivityManager: Start proc 7884:com.android.chrome:sandboxed_process0:org.chromium.content.app.SandboxedProcessService0:13/u0ai13 for  {com.android.chrome/org.chromium.content.app.SandboxedProcessService0:13}
09-01 23:20:21.257  1513  1625 W ActivityManager: Slow operation: 230ms so far, now at startProcess: starting to update pids map
09-01 23:20:21.257  1513  1625 W ActivityManager: Slow operation: 231ms so far, now at startProcess: done updating pids map
09-01 23:20:21.257  1513  1625 W ActivityManager: Slow operation: 193ms so far, now at startProcess: asking zygote to start proc
09-01 23:20:21.257  1513  1625 D CompatibilityChangeReporter: Compat change id reported: 143937733; UID 10220; state: ENABLED
09-01 23:20:21.260  7814  7845 I cr_LibraryLoader: Using ModernLinker
09-01 23:20:21.261  7814  7845 W linker  : Warning: "/data/app/~~_KLlx60MH8CoecPTjMKp8g==/com.android.chrome-kw9RHYrlHKb9bPXi8OTClw==/base.apk!/lib/arm64-v8a/libchromium_android_linker.so" unused DT entry: unknown processor-specific (type 0x70000001 arg 0x0) (ignoring)
09-01 23:20:21.262  7814  7845 E cr_ChromiumAndroidLinker: ReserveAddressWithHint: Address range starting at 0x7a3875a000 was not free to use
09-01 23:20:21.262  7389  7389 E cr_IntentUtils: getBooleanExtra failed on intent null
09-01 23:20:21.262  7389  7389 E cr_IntentUtils: getBooleanExtra failed on intent null
09-01 23:20:21.273  7738  7875 I cr_LibraryLoader: Successfully loaded native library
09-01 23:20:21.274  7738  7875 I cr_CachingUmaRecorder: Flushed 3 samples from 3 histograms.
09-01 23:20:21.275  7849  7849 I LoadedApk: No resource references to update in package com.google.android.trichromelibrary
09-01 23:20:21.275  7389  7389 I cr_tabmodel: #isIncognitoTabBeingRestored from tabDetails:  false
09-01 23:20:21.275  7389  7389 I cr_tabmodel: #isIncognitoTabBeingRestored from tabDetails:  false
09-01 23:20:21.275  7389  7389 W cr_tabmodel: Failed to restore TabState; creating Tab with last known URL.
09-01 23:20:21.276  7849  7849 D NetworkSecurityConfig: Using Network Security Config from resource 0_resource_name_obfuscated debugBuild: false
09-01 23:20:21.279  7849  7849 D NetworkSecurityConfig: Using Network Security Config from resource 0_resource_name_obfuscated debugBuild: false
09-01 23:20:21.280  7849  7849 I cr_SplitCompatApp: Launched version=107.0.5304.91 minSdkVersion=29 isBundle=true processName=com.android.chrome:sandboxed_process0:org.chromium.content.app.SandboxedProcessService0:12 isIsolated=true
09-01 23:20:21.293  7849  7849 W SystemServiceRegistry: No service published for: uimode
09-01 23:20:21.294  7389  7389 E cr_IntentUtils: getBooleanExtra failed on intent null
09-01 23:20:21.295  7389  7389 E cr_IntentUtils: getBooleanExtra failed on intent null
09-01 23:20:21.295  7814  7883 I cr_LibraryLoader: Successfully loaded native library
09-01 23:20:21.302  7849  7849 I cr_ChildProcessService: Creating new ChildProcessService pid=7849
09-01 23:20:21.304  7389  7389 I cr_tabmodel: #isIncognitoTabBeingRestored from tabDetails:  false
09-01 23:20:21.304  7389  7389 I cr_tabmodel: #isIncognitoTabBeingRestored from tabDetails:  false
09-01 23:20:21.304  7389  7389 W cr_tabmodel: Failed to restore TabState; creating Tab with last known URL.
09-01 23:20:21.307  7814  7883 I cr_CachingUmaRecorder: Flushed 3 samples from 3 histograms.
09-01 23:20:21.308  7849  7881 I cr_LibraryLoader: Using ModernLinker
09-01 23:20:21.312  7849  7881 W linker  : Warning: "/data/app/~~_KLlx60MH8CoecPTjMKp8g==/com.android.chrome-kw9RHYrlHKb9bPXi8OTClw==/base.apk!/lib/arm64-v8a/libchromium_android_linker.so" unused DT entry: unknown processor-specific (type 0x70000001 arg 0x0) (ignoring)
09-01 23:20:21.314  7849  7881 E cr_ChromiumAndroidLinker: ReserveAddressWithHint: Address range starting at 0x7a3875a000 was not free to use
09-01 23:20:21.318  7389  7389 E cr_IntentUtils: getBooleanExtra failed on intent null
09-01 23:20:21.318  7389  7389 E cr_IntentUtils: getBooleanExtra failed on intent null
09-01 23:20:21.320  7884  7884 E libc    : SetHeapTaggingLevel: re-enabling tagging after it was disabled is not supported
09-01 23:20:21.326  7389  7389 I cr_tabmodel: #isIncognitoTabBeingRestored from tabDetails:  false
09-01 23:20:21.326  7389  7389 I cr_tabmodel: #isIncognitoTabBeingRestored from tabDetails:  false
09-01 23:20:21.326  7389  7389 W cr_tabmodel: Failed to restore TabState; creating Tab with last known URL.
09-01 23:20:21.328  7849  7907 I cr_LibraryLoader: Successfully loaded native library
09-01 23:20:21.330  7849  7907 I cr_CachingUmaRecorder: Flushed 3 samples from 3 histograms.
09-01 23:20:21.333  7884  7884 E cessService0:1: Not starting debugger since process cannot load the jdwp agent.
09-01 23:20:21.341  7444  7444 D Zygote  : Forked child process 7944
09-01 23:20:21.343  7389  7389 E cr_IntentUtils: getBooleanExtra failed on intent null
09-01 23:20:21.343  7389  7389 E cr_IntentUtils: getBooleanExtra failed on intent null
09-01 23:20:21.348  7389  7389 I cr_tabmodel: #isIncognitoTabBeingRestored from tabDetails:  false
09-01 23:20:21.348  7389  7389 I cr_tabmodel: #isIncognitoTabBeingRestored from tabDetails:  false
09-01 23:20:21.349  7389  7389 W cr_tabmodel: Failed to restore TabState; creating Tab with last known URL.
09-01 23:20:21.351  1513  1625 W ActivityManager: Slow operation: 286ms so far, now at startProcess: returned from zygote!
09-01 23:20:21.351  1513  1625 W ActivityManager: Slow operation: 286ms so far, now at startProcess: done updating battery stats
09-01 23:20:21.351  1513  1625 W ActivityManager: Slow operation: 287ms so far, now at startProcess: building log message
09-01 23:20:21.351  1513  1625 I ActivityManager: Start proc 7944:com.android.chrome:sandboxed_process0:org.chromium.content.app.SandboxedProcessService0:14/u0ai14 for  {com.android.chrome/org.chromium.content.app.SandboxedProcessService0:14}
09-01 23:20:21.351  1513  1625 W ActivityManager: Slow operation: 287ms so far, now at startProcess: starting to update pids map
09-01 23:20:21.351  1513  1625 W ActivityManager: Slow operation: 287ms so far, now at startProcess: done updating pids map
09-01 23:20:21.351  1513  1625 W ActivityManager: Slow operation: 238ms so far, now at startProcess: asking zygote to start proc
09-01 23:20:21.361  7944  7944 E libc    : SetHeapTaggingLevel: re-enabling tagging after it was disabled is not supported
09-01 23:20:21.366  7389  7389 E cr_IntentUtils: getBooleanExtra failed on intent null
09-01 23:20:21.366  7389  7389 E cr_IntentUtils: getBooleanExtra failed on intent null
09-01 23:20:21.370  1513  2571 D CompatibilityChangeReporter: Compat change id reported: 136274596; UID 10220; state: ENABLED
09-01 23:20:21.373  7944  7944 E cessService0:1: Not starting debugger since process cannot load the jdwp agent.
09-01 23:20:21.376  7389  7389 I cr_tabmodel: #isIncognitoTabBeingRestored from tabDetails:  false
09-01 23:20:21.376  7389  7389 I cr_tabmodel: #isIncognitoTabBeingRestored from tabDetails:  false
09-01 23:20:21.376  7389  7389 W cr_tabmodel: Failed to restore TabState; creating Tab with last known URL.
09-01 23:20:21.387  1513  2571 D CompatibilityChangeReporter: Compat change id reported: 136274596; UID 10220; state: ENABLED
09-01 23:20:21.395  1513  2172 D CompatibilityChangeReporter: Compat change id reported: 135634846; UID 10220; state: DISABLED
09-01 23:20:21.395  1513  2172 D CompatibilityChangeReporter: Compat change id reported: 135754954; UID 10220; state: ENABLED
09-01 23:20:21.398  7389  7389 E cr_IntentUtils: getBooleanExtra failed on intent null
09-01 23:20:21.399  7389  7389 E cr_IntentUtils: getBooleanExtra failed on intent null
09-01 23:20:21.411  7389  7389 I cr_tabmodel: #isIncognitoTabBeingRestored from tabDetails:  false
09-01 23:20:21.411  7389  7389 I cr_tabmodel: #isIncognitoTabBeingRestored from tabDetails:  false
09-01 23:20:21.411  7389  7389 W cr_tabmodel: Failed to restore TabState; creating Tab with last known URL.
09-01 23:20:21.412  7884  7884 I LoadedApk: No resource references to update in package com.google.android.trichromelibrary
09-01 23:20:21.412  7884  7884 D NetworkSecurityConfig: Using Network Security Config from resource 0_resource_name_obfuscated debugBuild: false
09-01 23:20:21.413  7884  7884 D NetworkSecurityConfig: Using Network Security Config from resource 0_resource_name_obfuscated debugBuild: false
09-01 23:20:21.415  7884  7884 I cr_SplitCompatApp: Launched version=107.0.5304.91 minSdkVersion=29 isBundle=true processName=com.android.chrome:sandboxed_process0:org.chromium.content.app.SandboxedProcessService0:13 isIsolated=true
09-01 23:20:21.422  7444  7444 D Zygote  : Forked child process 7980
09-01 23:20:21.425  1513  1625 W ActivityManager: Slow operation: 312ms so far, now at startProcess: returned from zygote!
09-01 23:20:21.426  1513  1625 W ActivityManager: Slow operation: 313ms so far, now at startProcess: done updating battery stats
09-01 23:20:21.426  1513  1625 W ActivityManager: Slow operation: 313ms so far, now at startProcess: building log message
09-01 23:20:21.426  1513  1625 I ActivityManager: Start proc 7980:com.android.chrome:sandboxed_process0:org.chromium.content.app.SandboxedProcessService0:15/u0ai15 for  {com.android.chrome/org.chromium.content.app.SandboxedProcessService0:15}
09-01 23:20:21.426  1513  1625 W ActivityManager: Slow operation: 313ms so far, now at startProcess: starting to update pids map
09-01 23:20:21.426  1513  1625 W ActivityManager: Slow operation: 313ms so far, now at startProcess: done updating pids map
09-01 23:20:21.426  1513  1625 W ActivityManager: Slow operation: 282ms so far, now at startProcess: asking zygote to start proc
09-01 23:20:21.427  1513  1625 D CompatibilityChangeReporter: Compat change id reported: 143937733; UID 10220; state: ENABLED
09-01 23:20:21.428  7389  7389 E cr_IntentUtils: getBooleanExtra failed on intent null
09-01 23:20:21.428  7389  7389 E cr_IntentUtils: getBooleanExtra failed on intent null
09-01 23:20:21.430  7980  7980 E libc    : SetHeapTaggingLevel: re-enabling tagging after it was disabled is not supported
09-01 23:20:21.437  7389  7389 I cr_tabmodel: #isIncognitoTabBeingRestored from tabDetails:  false
09-01 23:20:21.437  7389  7389 I cr_tabmodel: #isIncognitoTabBeingRestored from tabDetails:  false
09-01 23:20:21.437  7389  7389 W cr_tabmodel: Failed to restore TabState; creating Tab with last known URL.
09-01 23:20:21.440  7980  7980 E cessService0:1: Not starting debugger since process cannot load the jdwp agent.
09-01 23:20:21.444  7944  7944 I LoadedApk: No resource references to update in package com.google.android.trichromelibrary
09-01 23:20:21.444  7944  7944 D NetworkSecurityConfig: Using Network Security Config from resource 0_resource_name_obfuscated debugBuild: false
09-01 23:20:21.447  7944  7944 D NetworkSecurityConfig: Using Network Security Config from resource 0_resource_name_obfuscated debugBuild: false
09-01 23:20:21.448  7944  7944 I cr_SplitCompatApp: Launched version=107.0.5304.91 minSdkVersion=29 isBundle=true processName=com.android.chrome:sandboxed_process0:org.chromium.content.app.SandboxedProcessService0:14 isIsolated=true
09-01 23:20:21.453  7389  7389 E cr_IntentUtils: getBooleanExtra failed on intent null
09-01 23:20:21.453  7389  7389 E cr_IntentUtils: getBooleanExtra failed on intent null
09-01 23:20:21.456  7884  7884 W SystemServiceRegistry: No service published for: uimode
09-01 23:20:21.461  7389  7389 I cr_tabmodel: #isIncognitoTabBeingRestored from tabDetails:  false
09-01 23:20:21.461  7389  7389 I cr_tabmodel: #isIncognitoTabBeingRestored from tabDetails:  false
09-01 23:20:21.461  7389  7389 W cr_tabmodel: Failed to restore TabState; creating Tab with last known URL.
09-01 23:20:21.473  1513  3233 D CompatibilityChangeReporter: Compat change id reported: 136274596; UID 10220; state: ENABLED
09-01 23:20:21.475  7884  7884 I cr_ChildProcessService: Creating new ChildProcessService pid=7884
09-01 23:20:21.475  7389  7389 E cr_IntentUtils: getBooleanExtra failed on intent null
09-01 23:20:21.475  7389  7389 E cr_IntentUtils: getBooleanExtra failed on intent null
09-01 23:20:21.478  7444  7444 D Zygote  : Forked child process 8001
09-01 23:20:21.479  1513  2172 D CompatibilityChangeReporter: Compat change id reported: 135634846; UID 10220; state: DISABLED
09-01 23:20:21.479  1513  2172 D CompatibilityChangeReporter: Compat change id reported: 135754954; UID 10220; state: ENABLED
09-01 23:20:21.480  7389  7389 I cr_tabmodel: #isIncognitoTabBeingRestored from tabDetails:  false
09-01 23:20:21.480  7389  7389 I cr_tabmodel: #isIncognitoTabBeingRestored from tabDetails:  false
09-01 23:20:21.480  7389  7389 W cr_tabmodel: Failed to restore TabState; creating Tab with last known URL.
