09-02 09:10:32.191  3979  4174 D ConnectivityService: filterNetworkStateForUid() uid: 10043 networkInfo: [type: WIFI[] - WIFI, state: CONNECTED/CONNECTED, reason: (unspecified), extra: "WiFi 69", failover: false, available: true, roaming: false, metered: false]
09-02 09:10:32.191  3979  4180 D ConnectivityService:  sending notification for NetworkRequest [ LISTEN id=36, [ Capabilities: NOT_RESTRICTED] ]
09-02 09:10:32.191  3979  4174 D ConnectivityService: filterNetworkStateForUid() uid: 10076 networkInfo: [type: WIFI[] - WIFI, state: CONNECTED/CONNECTED, reason: (unspecified), extra: "WiFi 69", failover: false, available: true, roaming: false, metered: false]
09-02 09:10:32.191  3979  4180 D ConnectivityService: sending notification CAP_CHANGED for NetworkRequest [ LISTEN id=36, [ Capabilities: NOT_RESTRICTED] ]
09-02 09:10:32.191  3979  4174 D ConnectivityService: filterNetworkStateForUid() uid: 1001 networkInfo: [type: WIFI[] - WIFI, state: CONNECTED/CONNECTED, reason: (unspecified), extra: "WiFi 69", failover: false, available: true, roaming: false, metered: false]
09-02 09:10:32.191  3979  4174 D ConnectivityService: filterNetworkStateForUid() uid: 10044 networkInfo: [type: WIFI[] - WIFI, state: CONNECTED/CONNECTED, reason: (unspecified), extra: "WiFi 69", failover: false, available: true, roaming: false, metered: false]
09-02 09:10:32.191  3979  4180 D ConnectivityService:  sending notification for NetworkRequest [ LISTEN id=50, [ Capabilities: INTERNET&NOT_RESTRICTED&TRUSTED] ]
09-02 09:10:32.191  3979  4174 D ConnectivityService: filterNetworkStateForUid() uid: 10148 networkInfo: [type: WIFI[] - WIFI, state: DISCONNECTED/BLOCKED, reason: (unspecified), extra: (none), failover: false, available: true, roaming: false, metered: false]
09-02 09:10:32.192  3979  4180 D ConnectivityService: sending notification CAP_CHANGED for NetworkRequest [ LISTEN id=50, [ Capabilities: INTERNET&NOT_RESTRICTED&TRUSTED] ]
09-02 09:10:32.192  3979  4174 D ConnectivityService: filterNetworkStateForUid() uid: 10148 networkInfo: [type: WIFI[] - WIFI, state: DISCONNECTED/BLOCKED, reason: (unspecified), extra: (none), failover: false, available: true, roaming: false, metered: false]
09-02 09:10:32.192  3979  4174 D ConnectivityService: filterNetworkStateForUid() uid: 10025 networkInfo: [type: WIFI[] - WIFI, state: CONNECTED/CONNECTED, reason: (unspecified), extra: "WiFi 69", failover: false, available: true, roaming: false, metered: false]
09-02 09:10:32.192  3979  4180 D ConnectivityService:  sending notification for NetworkRequest [ LISTEN id=74, [ Capabilities: INTERNET&NOT_RESTRICTED&TRUSTED] ]
09-02 09:10:32.192  3979  4174 D ConnectivityService: filterNetworkStateForUid() uid: 10076 networkInfo: [type: WIFI[] - WIFI, state: CONNECTED/CONNECTED, reason: (unspecified), extra: "WiFi 69", failover: false, available: true, roaming: false, metered: false]
09-02 09:10:32.192  3979  4180 D ConnectivityService: sending notification CAP_CHANGED for NetworkRequest [ LISTEN id=74, [ Capabilities: INTERNET&NOT_RESTRICTED&TRUSTED] ]
09-02 09:10:32.192  3979  4174 D ConnectivityService: filterNetworkStateForUid() uid: 10076 networkInfo: [type: WIFI[] - WIFI, state: CONNECTED/CONNECTED, reason: (unspecified), extra: "WiFi 69", failover: false, available: true, roaming: false, metered: false]
09-02 09:10:32.192  3979  4174 D ConnectivityService: filterNetworkStateForUid() uid: 10076 networkInfo: [type: WIFI[] - WIFI, state: CONNECTED/CONNECTED, reason: (unspecified), extra: "WiFi 69", failover: false, available: true, roaming: false, metered: false]
09-02 09:10:32.192  3979  4180 D ConnectivityService:  sending notification for NetworkRequest [ TRACK_DEFAULT id=140, [ Capabilities: INTERNET&NOT_RESTRICTED&TRUSTED&NOT_VPN] ]
09-02 09:10:32.192  3979 11179 D SamsungAlarmManager: setExact Listener (T:2/F:9/AC:false) 20230902T091917 - CU:1000/CP:3979
09-02 09:10:32.192  3979  4174 D ConnectivityService: filterNetworkStateForUid() uid: 10148 networkInfo: [type: WIFI[] - WIFI, state: DISCONNECTED/BLOCKED, reason: (unspecified), extra: (none), failover: false, available: true, roaming: false, metered: false]
09-02 09:10:32.192  3979  4180 D ConnectivityService: sending notification CAP_CHANGED for NetworkRequest [ TRACK_DEFAULT id=140, [ Capabilities: INTERNET&NOT_RESTRICTED&TRUSTED&NOT_VPN] ]
09-02 09:10:32.192  3979  4174 D ConnectivityService: filterNetworkStateForUid() uid: 10022 networkInfo: [type: WIFI[] - WIFI, state: CONNECTED/CONNECTED, reason: (unspecified), extra: "WiFi 69", failover: false, available: true, roaming: false, metered: false]
09-02 09:10:32.192  3979  4174 D ConnectivityService: filterNetworkStateForUid() uid: 10076 networkInfo: [type: WIFI[] - WIFI, state: CONNECTED/CONNECTED, reason: (unspecified), extra: "WiFi 69", failover: false, available: true, roaming: false, metered: false]
09-02 09:10:32.192  3979  4180 D ConnectivityService:  sending notification for NetworkRequest [ LISTEN id=141, [ Capabilities: INTERNET&NOT_RESTRICTED&TRUSTED&FOREGROUND] ]
09-02 09:10:32.193  3979  4174 D ConnectivityService: filterNetworkStateForUid() uid: 10076 networkInfo: [type: WIFI[] - WIFI, state: CONNECTED/CONNECTED, reason: (unspecified), extra: "WiFi 69", failover: false, available: true, roaming: false, metered: false]
09-02 09:10:32.193  3979  4180 D ConnectivityService: sending notification CAP_CHANGED for NetworkRequest [ LISTEN id=141, [ Capabilities: INTERNET&NOT_RESTRICTED&TRUSTED&FOREGROUND] ]
09-02 09:10:32.193  3979  4174 D ConnectivityService: filterNetworkStateForUid() uid: 10076 networkInfo: [type: WIFI[] - WIFI, state: CONNECTED/CONNECTED, reason: (unspecified), extra: "WiFi 69", failover: false, available: true, roaming: false, metered: false]
09-02 09:10:32.193  3979  4180 D ConnectivityService:  sending notification for NetworkRequest [ LISTEN id=209, [ Capabilities: INTERNET&NOT_RESTRICTED&TRUSTED] ]
09-02 09:10:32.193  3979  4174 D ConnectivityService: filterNetworkStateForUid() uid: 10044 networkInfo: [type: WIFI[] - WIFI, state: CONNECTED/CONNECTED, reason: (unspecified), extra: "WiFi 69", failover: false, available: true, roaming: false, metered: false]
09-02 09:10:32.193  3979  4545 D ConnectivityService: filterNetworkStateForUid() uid: 10025 networkInfo: [type: WIFI[] - WIFI, state: CONNECTED/CONNECTED, reason: (unspecified), extra: "WiFi 69", failover: false, available: true, roaming: false, metered: false]
09-02 09:10:32.193  3979  4180 D ConnectivityService: sending notification CAP_CHANGED for NetworkRequest [ LISTEN id=209, [ Capabilities: INTERNET&NOT_RESTRICTED&TRUSTED] ]
09-02 09:10:32.193  3979  4174 D ConnectivityService: filterNetworkStateForUid() uid: 10037 networkInfo: [type: WIFI[] - WIFI, state: CONNECTED/CONNECTED, reason: (unspecified), extra: "WiFi 69", failover: false, available: true, roaming: false, metered: false]
09-02 09:10:32.193  3979  4174 D ConnectivityService: filterNetworkStateForUid() uid: 1000 networkInfo: [type: WIFI[] - WIFI, state: CONNECTED/CONNECTED, reason: (unspecified), extra: "WiFi 69", failover: false, available: true, roaming: false, metered: false]
09-02 09:10:32.193  3979  4180 D ConnectivityService:  sending notification for NetworkRequest [ LISTEN id=304, [ Capabilities: INTERNET&NOT_RESTRICTED&TRUSTED] ]
09-02 09:10:32.193  3979  4174 D ConnectivityService: filterNetworkStateForUid() uid: 10102 networkInfo: [type: WIFI[] - WIFI, state: CONNECTED/CONNECTED, reason: (unspecified), extra: "WiFi 69", failover: false, available: true, roaming: false, metered: false]
09-02 09:10:32.193  3979  4180 D ConnectivityService: sending notification CAP_CHANGED for NetworkRequest [ LISTEN id=304, [ Capabilities: INTERNET&NOT_RESTRICTED&TRUSTED] ]
09-02 09:10:32.193  3979  4174 D ConnectivityService: filterNetworkStateForUid() uid: 10103 networkInfo: [type: WIFI[] - WIFI, state: DISCONNECTED/BLOCKED, reason: (unspecified), extra: (none), failover: false, available: true, roaming: false, metered: false]
09-02 09:10:32.193  3979  4174 D ConnectivityService: filterNetworkStateForUid() uid: 10148 networkInfo: [type: WIFI[] - WIFI, state: DISCONNECTED/BLOCKED, reason: (unspecified), extra: (none), failover: false, available: true, roaming: false, metered: false]
09-02 09:10:32.193  3979  4180 D ConnectivityService:  sending notification for NetworkRequest [ LISTEN id=308, [ Capabilities: INTERNET&NOT_RESTRICTED&TRUSTED&NOT_VPN] ]
09-02 09:10:32.194  3979  4174 D ConnectivityService: filterNetworkStateForUid() uid: 10025 networkInfo: [type: WIFI[] - WIFI, state: CONNECTED/CONNECTED, reason: (unspecified), extra: "WiFi 69", failover: false, available: true, roaming: false, metered: false]
09-02 09:10:32.194  3979  4180 D ConnectivityService: sending notification CAP_CHANGED for NetworkRequest [ LISTEN id=308, [ Capabilities: INTERNET&NOT_RESTRICTED&TRUSTED&NOT_VPN] ]
09-02 09:10:32.194  3979  4174 D ConnectivityService: filterNetworkStateForUid() uid: 10076 networkInfo: [type: WIFI[] - WIFI, state: CONNECTED/CONNECTED, reason: (unspecified), extra: "WiFi 69", failover: false, available: true, roaming: false, metered: false]
09-02 09:10:32.194  3979  4180 D ConnectivityService:  sending notification for NetworkRequest [ LISTEN id=309, [ Capabilities: INTERNET&NOT_RESTRICTED&TRUSTED] ]
09-02 09:10:32.194  3979  4174 D ConnectivityService: filterNetworkStateForUid() uid: 10122 networkInfo: [type: WIFI[] - WIFI, state: DISCONNECTED/BLOCKED, reason: (unspecified), extra: (none), failover: false, available: true, roaming: false, metered: false]
09-02 09:10:32.194  3979  4174 D ConnectivityService: filterNetworkStateForUid() uid: 10103 networkInfo: [type: WIFI[] - WIFI, state: DISCONNECTED/BLOCKED, reason: (unspecified), extra: (none), failover: false, available: true, roaming: false, metered: false]
09-02 09:10:32.194  3979  4545 D ConnectivityService: filterNetworkStateForUid() uid: 10076 networkInfo: [type: WIFI[] - WIFI, state: CONNECTED/CONNECTED, reason: (unspecified), extra: "WiFi 69", failover: false, available: true, roaming: false, metered: false]
09-02 09:10:32.194  3979  4180 D ConnectivityService: sending notification CAP_CHANGED for NetworkRequest [ LISTEN id=309, [ Capabilities: INTERNET&NOT_RESTRICTED&TRUSTED] ]
09-02 09:10:32.194  3979  4174 D ConnectivityService: filterNetworkStateForUid() uid: 10076 networkInfo: [type: WIFI[] - WIFI, state: CONNECTED/CONNECTED, reason: (unspecified), extra: "WiFi 69", failover: false, available: true, roaming: false, metered: false]
09-02 09:10:32.194  3979  4174 D ConnectivityService: filterNetworkStateForUid() uid: 10076 networkInfo: [type: WIFI[] - WIFI, state: CONNECTED/CONNECTED, reason: (unspecified), extra: "WiFi 69", failover: false, available: true, roaming: false, metered: false]
09-02 09:10:32.195  3979  4180 D ConnectivityService:  sending notification for NetworkRequest [ TRACK_DEFAULT id=310, [ Capabilities: INTERNET&NOT_RESTRICTED&TRUSTED&NOT_VPN] ]
09-02 09:10:32.195  3979  4174 D ConnectivityService: filterNetworkStateForUid() uid: 10122 networkInfo: [type: WIFI[] - WIFI, state: DISCONNECTED/BLOCKED, reason: (unspecified), extra: (none), failover: false, available: true, roaming: false, metered: false]
09-02 09:10:32.195  3979  4180 D ConnectivityService: sending notification CAP_CHANGED for NetworkRequest [ TRACK_DEFAULT id=310, [ Capabilities: INTERNET&NOT_RESTRICTED&TRUSTED&NOT_VPN] ]
09-02 09:10:32.195  3979  4174 D ConnectivityService: filterNetworkStateForUid() uid: 10076 networkInfo: [type: WIFI[] - WIFI, state: CONNECTED/CONNECTED, reason: (unspecified), extra: "WiFi 69", failover: false, available: true, roaming: false, metered: false]
09-02 09:10:32.195  3979 11179 D SamsungAlarmManager: setExact Listener (T:2/F:9/AC:false) 20230902T092032 - CU:1000/CP:3979
09-02 09:10:32.195  3979 11179 D DhcpClient: Scheduling renewal in 287s
09-02 09:10:32.195  3979 11179 D DhcpClient: Scheduling rebind in 524s
09-02 09:10:32.195  3979  4174 D ConnectivityService: filterNetworkStateForUid() uid: 10076 networkInfo: [type: WIFI[] - WIFI, state: CONNECTED/CONNECTED, reason: (unspecified), extra: "WiFi 69", failover: false, available: true, roaming: false, metered: false]
09-02 09:10:32.195  3979 11179 D DhcpClient: Scheduling expiry in 599s
09-02 09:10:32.195  3979  4180 D ConnectivityService:  sending notification for NetworkRequest [ TRACK_DEFAULT id=331, [ Capabilities: INTERNET&NOT_RESTRICTED&TRUSTED&NOT_VPN] ]
09-02 09:10:32.195  3979  4174 D ConnectivityService: filterNetworkStateForUid() uid: 10158 networkInfo: [type: WIFI[] - WIFI, state: CONNECTED/CONNECTED, reason: (unspecified), extra: "WiFi 69", failover: false, available: true, roaming: false, metered: false]
09-02 09:10:32.195  3979  4180 D ConnectivityService: sending notification CAP_CHANGED for NetworkRequest [ TRACK_DEFAULT id=331, [ Capabilities: INTERNET&NOT_RESTRICTED&TRUSTED&NOT_VPN] ]
09-02 09:10:32.195  3979  4174 D ConnectivityService: filterNetworkStateForUid() uid: 10044 networkInfo: [type: WIFI[] - WIFI, state: CONNECTED/CONNECTED, reason: (unspecified), extra: "WiFi 69", failover: false, available: true, roaming: false, metered: false]
09-02 09:10:32.195  3979  4174 D ConnectivityService: filterNetworkStateForUid() uid: 10158 networkInfo: [type: WIFI[] - WIFI, state: CONNECTED/CONNECTED, reason: (unspecified), extra: "WiFi 69", failover: false, available: true, roaming: false, metered: false]
09-02 09:10:32.195  3979  5979 D ConnectivityService: filterNetworkStateForUid() uid: 10044 networkInfo: [type: WIFI[] - WIFI, state: CONNECTED/CONNECTED, reason: (unspecified), extra: "WiFi 69", failover: false, available: true, roaming: false, metered: false]
09-02 09:10:32.195  3979  4174 D ConnectivityService: filterNetworkStateForUid() uid: 10022 networkInfo: [type: WIFI[] - WIFI, state: CONNECTED/CONNECTED, reason: (unspecified), extra: "WiFi 69", failover: false, available: true, roaming: false, metered: false]
09-02 09:10:32.195  3979  4180 D ConnectivityService:  sending notification for NetworkRequest [ TRACK_DEFAULT id=332, [ Capabilities: INTERNET&NOT_RESTRICTED&TRUSTED&NOT_VPN] ]
09-02 09:10:32.195  3979  4180 D ConnectivityService: sending notification CAP_CHANGED for NetworkRequest [ TRACK_DEFAULT id=332, [ Capabilities: INTERNET&NOT_RESTRICTED&TRUSTED&NOT_VPN] ]
09-02 09:10:32.195  3979  4174 D ConnectivityService: filterNetworkStateForUid() uid: 10076 networkInfo: [type: WIFI[] - WIFI, state: CONNECTED/CONNECTED, reason: (unspecified), extra: "WiFi 69", failover: false, available: true, roaming: false, metered: false]
09-02 09:10:32.196  3979  4174 D ConnectivityService: filterNetworkStateForUid() uid: 10025 networkInfo: [type: WIFI[] - WIFI, state: CONNECTED/CONNECTED, reason: (unspecified), extra: "WiFi 69", failover: false, available: true, roaming: false, metered: false]
09-02 09:10:32.196  3979  4522 D ConnectivityService: filterNetworkStateForUid() uid: 10114 networkInfo: [type: WIFI[] - WIFI, state: CONNECTED/CONNECTED, reason: (unspecified), extra: "WiFi 69", failover: false, available: true, roaming: false, metered: false]
09-02 09:10:32.196  3979  4180 D ConnectivityService:  sending notification for NetworkRequest [ LISTEN id=333, [ Capabilities: INTERNET&NOT_RESTRICTED&TRUSTED] ]
09-02 09:10:32.196  3979  4174 D ConnectivityService: filterNetworkStateForUid() uid: 10076 networkInfo: [type: WIFI[] - WIFI, state: CONNECTED/CONNECTED, reason: (unspecified), extra: "WiFi 69", failover: false, available: true, roaming: false, metered: false]
09-02 09:10:32.196  3979  4180 D ConnectivityService: sending notification CAP_CHANGED for NetworkRequest [ LISTEN id=333, [ Capabilities: INTERNET&NOT_RESTRICTED&TRUSTED] ]
09-02 09:10:32.196  3979  4174 D ConnectivityService: filterNetworkStateForUid() uid: 10037 networkInfo: [type: WIFI[] - WIFI, state: CONNECTED/CONNECTED, reason: (unspecified), extra: "WiFi 69", failover: false, available: true, roaming: false, metered: false]
09-02 09:10:32.196  3979  4174 D ConnectivityService: filterNetworkStateForUid() uid: 10076 networkInfo: [type: WIFI[] - WIFI, state: CONNECTED/CONNECTED, reason: (unspecified), extra: "WiFi 69", failover: false, available: true, roaming: false, metered: false]
09-02 09:10:32.196  3979  4180 D ConnectivityService:  sending notification for NetworkRequest [ LISTEN id=343, [ Capabilities: INTERNET&NOT_RESTRICTED&TRUSTED&FOREGROUND] ]
09-02 09:10:32.196  3979  4174 D ConnectivityService: filterNetworkStateForUid() uid: 10148 networkInfo: [type: WIFI[] - WIFI, state: DISCONNECTED/BLOCKED, reason: (unspecified), extra: (none), failover: false, available: true, roaming: false, metered: false]
09-02 09:10:32.196  3979  4180 D ConnectivityService: sending notification CAP_CHANGED for NetworkRequest [ LISTEN id=343, [ Capabilities: INTERNET&NOT_RESTRICTED&TRUSTED&FOREGROUND] ]
09-02 09:10:32.196  3979  5979 D ConnectivityService: filterNetworkStateForUid() uid: 10037 networkInfo: [type: WIFI[] - WIFI, state: CONNECTED/CONNECTED, reason: (unspecified), extra: "WiFi 69", failover: false, available: true, roaming: false, metered: false]
09-02 09:10:32.196  3979  4180 D ConnectivityService:  sending notification for NetworkRequest [ LISTEN id=344, [ Capabilities: INTERNET&NOT_RESTRICTED&TRUSTED&FOREGROUND] ]
09-02 09:10:32.197  3979  4180 D ConnectivityService: sending notification CAP_CHANGED for NetworkRequest [ LISTEN id=344, [ Capabilities: INTERNET&NOT_RESTRICTED&TRUSTED&FOREGROUND] ]
09-02 09:10:32.197  3979  4174 D ConnectivityService: filterNetworkStateForUid() uid: 10102 networkInfo: [type: WIFI[] - WIFI, state: CONNECTED/CONNECTED, reason: (unspecified), extra: "WiFi 69", failover: false, available: true, roaming: false, metered: false]
09-02 09:10:32.198  3979  4522 D ConnectivityService: filterNetworkStateForUid() uid: 10122 networkInfo: [type: WIFI[] - WIFI, state: DISCONNECTED/BLOCKED, reason: (unspecified), extra: (none), failover: false, available: true, roaming: false, metered: false]
09-02 09:10:32.198  3979  4545 D ConnectivityService: filterNetworkStateForUid() uid: 10025 networkInfo: [type: WIFI[] - WIFI, state: CONNECTED/CONNECTED, reason: (unspecified), extra: "WiFi 69", failover: false, available: true, roaming: false, metered: false]
09-02 09:10:32.198  3979  4180 D ConnectivityService:  sending notification for NetworkRequest [ LISTEN id=345, [ Capabilities: INTERNET&NOT_RESTRICTED&TRUSTED&FOREGROUND] ]
09-02 09:10:32.198  3979  4180 D ConnectivityService: sending notification CAP_CHANGED for NetworkRequest [ LISTEN id=345, [ Capabilities: INTERNET&NOT_RESTRICTED&TRUSTED&FOREGROUND] ]
09-02 09:10:32.198  3979  4174 D ConnectivityService: filterNetworkStateForUid() uid: 10025 networkInfo: [type: WIFI[] - WIFI, state: CONNECTED/CONNECTED, reason: (unspecified), extra: "WiFi 69", failover: false, available: true, roaming: false, metered: false]
09-02 09:10:32.198  3979 10224 D ConnectivityService: filterNetworkStateForUid() uid: 10122 networkInfo: [type: WIFI[] - WIFI, state: DISCONNECTED/BLOCKED, reason: (unspecified), extra: (none), failover: false, available: true, roaming: false, metered: false]
09-02 09:10:32.198  3979  4180 D ConnectivityService:  sending notification for NetworkRequest [ TRACK_DEFAULT id=346, [ Capabilities: INTERNET&NOT_RESTRICTED&TRUSTED&NOT_VPN] ]
09-02 09:10:32.198  3979  4180 D ConnectivityService: sending notification CAP_CHANGED for NetworkRequest [ TRACK_DEFAULT id=346, [ Capabilities: INTERNET&NOT_RESTRICTED&TRUSTED&NOT_VPN] ]
09-02 09:10:32.199  3979  4174 D ConnectivityService: filterNetworkStateForUid() uid: 10044 networkInfo: [type: WIFI[] - WIFI, state: CONNECTED/CONNECTED, reason: (unspecified), extra: "WiFi 69", failover: false, available: true, roaming: false, metered: false]
09-02 09:10:32.199  3979  4180 D ConnectivityService:  sending notification for NetworkRequest [ LISTEN id=347, [ Capabilities: INTERNET&NOT_RESTRICTED&TRUSTED] ]
09-02 09:10:32.199  3979  4180 D ConnectivityService: sending notification CAP_CHANGED for NetworkRequest [ LISTEN id=347, [ Capabilities: INTERNET&NOT_RESTRICTED&TRUSTED] ]
09-02 09:10:32.199  3979  4174 D ConnectivityService: filterNetworkStateForUid() uid: 10076 networkInfo: [type: WIFI[] - WIFI, state: CONNECTED/CONNECTED, reason: (unspecified), extra: "WiFi 69", failover: false, available: true, roaming: false, metered: false]
09-02 09:10:32.199  3979  5979 D ConnectivityService: filterNetworkStateForUid() uid: 10096 networkInfo: [type: WIFI[] - WIFI, state: CONNECTED/CONNECTED, reason: (unspecified), extra: "WiFi 69", failover: false, available: true, roaming: false, metered: false]
09-02 09:10:32.199  3979  4180 D ConnectivityService: Update of LinkProperties for NetworkAgentInfo [WIFI () - 502]; created=true; everConnected=true
09-02 09:10:32.199  3979  4174 D ConnectivityService: filterNetworkStateForUid() uid: 10022 networkInfo: [type: WIFI[] - WIFI, state: CONNECTED/CONNECTED, reason: (unspecified), extra: "WiFi 69", failover: false, available: true, roaming: false, metered: false]
09-02 09:10:32.200  3979  4180 D ConnectivityService: updateLinkProperties: newLp = {InterfaceName: wlan0 LinkAddresses: [fe80::326a:85ff:fef3:82d2/64,192.168.88.175/24,]  Routes: [fe80::/64 -> :: wlan0,192.168.88.0/24 -> 0.0.0.0 wlan0,0.0.0.0/0 -> 192.168.88.1 wlan0,] DnsAddresses: [192.168.88.1,8.8.8.8,8.8.4.4,] Domains: null MTU: 0 TcpBufferSizes: 524288,1048576,4525824,524288,1048576,4525824}, oldLp = {InterfaceName: wlan0 LinkAddresses: [fe80::326a:85ff:fef3:82d2/64,192.168.88.175/24,]  Routes: [fe80::/64 -> :: wlan0,192.168.88.0/24 -> 0.0.0.0 wlan0,0.0.0.0/0 -> 192.168.88.1 wlan0,] DnsAddresses: [192.168.88.1,8.8.8.8,8.8.4.4,] Domains: null MTU: 0 TcpBufferSizes: 524288,1048576,4525824,524288,1048576,4525824}
09-02 09:10:32.200  3979  4174 D ConnectivityService: filterNetworkStateForUid() uid: 10114 networkInfo: [type: WIFI[] - WIFI, state: CONNECTED/CONNECTED, reason: (unspecified), extra: "WiFi 69", failover: false, available: true, roaming: false, metered: false]
09-02 09:10:32.200  3979  4174 D ConnectivityService: filterNetworkStateForUid() uid: 1000 networkInfo: [type: WIFI[] - WIFI, state: CONNECTED/CONNECTED, reason: (unspecified), extra: "WiFi 69", failover: false, available: true, roaming: false, metered: false]
09-02 09:10:32.200  3979  3979 I WifiTrafficPoller: evaluateTrafficStatsPolling
09-02 09:10:32.201  3979  4180 D ConnectivityService: identical MTU - not setting
09-02 09:10:32.201  3979  4174 D ConnectivityService: filterNetworkStateForUid() uid: 10076 networkInfo: [type: WIFI[] - WIFI, state: CONNECTED/CONNECTED, reason: (unspecified), extra: "WiFi 69", failover: false, available: true, roaming: false, metered: false]
09-02 09:10:32.201  3979  4180 D ConnectivityService: 502 network ip type : v4
09-02 09:10:32.201  3979  4174 D ConnectivityService: filterNetworkStateForUid() uid: 10020 networkInfo: [type: WIFI[] - WIFI, state: CONNECTED/CONNECTED, reason: (unspecified), extra: "WiFi 69", failover: false, available: true, roaming: false, metered: false]
09-02 09:10:32.201  3979  4174 D ConnectivityService: filterNetworkStateForUid() uid: 10076 networkInfo: [type: WIFI[] - WIFI, state: CONNECTED/CONNECTED, reason: (unspecified), extra: "WiFi 69", failover: false, available: true, roaming: false, metered: false]
09-02 09:10:32.202  3979  4545 D ConnectivityService: filterNetworkStateForUid() uid: 10096 networkInfo: [type: WIFI[] - WIFI, state: CONNECTED/CONNECTED, reason: (unspecified), extra: "WiFi 69", failover: false, available: true, roaming: false, metered: false]
09-02 09:10:32.202  4633  4633 I IntentManager: onReceive: android.net.wifi.STATE_CHANGE @com.samsung.networkui.controller.IntentManager$IntentBroadCastReceiver@4f5aa1f
09-02 09:10:32.202  3979  4174 D ConnectivityService: filterNetworkStateForUid() uid: 10025 networkInfo: [type: WIFI[] - WIFI, state: CONNECTED/CONNECTED, reason: (unspecified), extra: "WiFi 69", failover: false, available: true, roaming: false, metered: false]
09-02 09:10:32.202  4633  4633 I IntentManager: notify: callBackList - com.samsung.networkui.controller.IntentManager$CallBackList@6a83fa0
09-02 09:10:32.202  4633  4633 I IntentManager: notifyCallBacks: for action - android.net.wifi.STATE_CHANGE for 1 callbacks
09-02 09:10:32.202  4633  4633 I NetworkNotificationUI2: handleIntentCallBack: onReceive - android.net.wifi.STATE_CHANGE
09-02 09:10:32.202  3979  4174 D ConnectivityService: filterNetworkStateForUid() uid: 10109 networkInfo: [type: WIFI[] - WIFI, state: DISCONNECTED/BLOCKED, reason: (unspecified), extra: (none), failover: false, available: true, roaming: false, metered: false]
09-02 09:10:32.203  3979  4545 D ConnectivityService: filterNetworkStateForUid() uid: 10122 networkInfo: [type: WIFI[] - WIFI, state: DISCONNECTED/BLOCKED, reason: (unspecified), extra: (none), failover: false, available: true, roaming: false, metered: false]
09-02 09:10:32.203  3979 10224 D ConnectivityService: filterNetworkStateForUid() uid: 10096 networkInfo: [type: WIFI[] - WIFI, state: CONNECTED/CONNECTED, reason: (unspecified), extra: "WiFi 69", failover: false, available: true, roaming: false, metered: false]
09-02 09:10:32.204  4633  4633 D PhoneApp: PhoneAppBroadcastReceiver onReceive android.net.wifi.STATE_CHANGE
09-02 09:10:32.204  3979  4174 D ConnectivityService: filterNetworkStateForUid() uid: 10043 networkInfo: [type: WIFI[] - WIFI, state: CONNECTED/CONNECTED, reason: (unspecified), extra: "WiFi 69", failover: false, available: true, roaming: false, metered: false]
09-02 09:10:32.204  5596  5596 I RCS-ImsSim1ManagerTask: mNetworkChangeReceiver onReceive : true
09-02 09:10:32.204  4633  4633 D NetworkUIGlobals: PhoneAppBroadcastReceiver onReceive android.net.wifi.STATE_CHANGE
09-02 09:10:32.204  5596  5596 D RCS-ContactsImsCommon: ImsSim1ManagerListener setNetworkValue : true
09-02 09:10:32.204  5596  5596 D RCS-ContactsImsCommon: refreshUi ServiceCarrier : , opStyle : , needToUiUpdate : true
09-02 09:10:32.204  5596  5596 I RCS-ContactsImsCommon: checkImsSim1ServiceFeatureSet
09-02 09:10:32.204  5596  5596 D secImsManager[0]: isServiceAvailable: mmtel-video
09-02 09:10:32.204  3979  4174 D ConnectivityService: filterNetworkStateForUid() uid: 10076 networkInfo: [type: WIFI[] - WIFI, state: CONNECTED/CONNECTED, reason: (unspecified), extra: "WiFi 69", failover: false, available: true, roaming: false, metered: false]
09-02 09:10:32.204  3979  4522 D ConnectivityService: filterNetworkStateForUid() uid: 10076 networkInfo: [type: WIFI[] - WIFI, state: CONNECTED/CONNECTED, reason: (unspecified), extra: "WiFi 69", failover: false, available: true, roaming: false, metered: false]
09-02 09:10:32.205  3979  4174 D ConnectivityService: filterNetworkStateForUid() uid: 10076 networkInfo: [type: WIFI[] - WIFI, state: CONNECTED/CONNECTED, reason: (unspecified), extra: "WiFi 69", failover: false, available: true, roaming: false, metered: false]
09-02 09:10:32.205  3979  4174 D ConnectivityService: filterNetworkStateForUid() uid: 10076 networkInfo: [type: WIFI[] - WIFI, state: CONNECTED/CONNECTED, reason: (unspecified), extra: "WiFi 69", failover: false, available: true, roaming: false, metered: false]
09-02 09:10:32.206  3979  4174 D ConnectivityService: filterNetworkStateForUid() uid: 10103 networkInfo: [type: WIFI[] - WIFI, state: DISCONNECTED/BLOCKED, reason: (unspecified), extra: (none), failover: false, available: true, roaming: false, metered: false]
09-02 09:10:32.206  3979  4180 D ConnectivityService: Not required to send intent.
09-02 09:10:32.207  3979  4174 D ConnectivityService: filterNetworkStateForUid() uid: 10054 networkInfo: [type: WIFI[] - WIFI, state: CONNECTED/CONNECTED, reason: (unspecified), extra: "WiFi 69", failover: false, available: true, roaming: false, metered: false]
09-02 09:10:32.207  3979  4174 D ConnectivityService: filterNetworkStateForUid() uid: 1000 networkInfo: [type: WIFI[] - WIFI, state: CONNECTED/CONNECTED, reason: (unspecified), extra: "WiFi 69", failover: false, available: true, roaming: false, metered: false]
09-02 09:10:32.208  4349  4349 E SignalClusterView: setSlotFocusVisible : subId -2
09-02 09:10:32.208  3979  4174 D ConnectivityService: filterNetworkStateForUid() uid: 10148 networkInfo: [type: WIFI[] - WIFI, state: DISCONNECTED/BLOCKED, reason: (unspecified), extra: (none), failover: false, available: true, roaming: false, metered: false]
09-02 09:10:32.208  4349  4349 E SignalClusterView: setSlotFocusVisible : subId -2
09-02 09:10:32.208  3979  4174 D ConnectivityService: filterNetworkStateForUid() uid: 10022 networkInfo: [type: WIFI[] - WIFI, state: CONNECTED/CONNECTED, reason: (unspecified), extra: "WiFi 69", failover: false, available: true, roaming: false, metered: false]
09-02 09:10:32.209  3979  4174 D ConnectivityService: filterNetworkStateForUid() uid: 10148 networkInfo: [type: WIFI[] - WIFI, state: DISCONNECTED/BLOCKED, reason: (unspecified), extra: (none), failover: false, available: true, roaming: false, metered: false]
09-02 09:10:32.209  3979  4522 D ConnectivityService: filterNetworkStateForUid() uid: 10096 networkInfo: [type: WIFI[] - WIFI, state: CONNECTED/CONNECTED, reason: (unspecified), extra: "WiFi 69", failover: false, available: true, roaming: false, metered: false]
09-02 09:10:32.209  3979  4174 D ConnectivityService: filterNetworkStateForUid() uid: 10076 networkInfo: [type: WIFI[] - WIFI, state: CONNECTED/CONNECTED, reason: (unspecified), extra: "WiFi 69", failover: false, available: true, roaming: false, metered: false]
09-02 09:10:32.210  3979  4174 D ConnectivityService: filterNetworkStateForUid() uid: 10113 networkInfo: [type: WIFI[] - WIFI, state: DISCONNECTED/BLOCKED, reason: (unspecified), extra: (none), failover: false, available: true, roaming: false, metered: false]
09-02 09:10:32.210  3979  4174 D ConnectivityService: filterNetworkStateForUid() uid: 10025 networkInfo: [type: WIFI[] - WIFI, state: CONNECTED/CONNECTED, reason: (unspecified), extra: "WiFi 69", failover: false, available: true, roaming: false, metered: false]
09-02 09:10:32.211  3979  4174 D ConnectivityService: filterNetworkStateForUid() uid: 10148 networkInfo: [type: WIFI[] - WIFI, state: DISCONNECTED/BLOCKED, reason: (unspecified), extra: (none), failover: false, available: true, roaming: false, metered: false]
09-02 09:10:32.211  3979  4522 D ConnectivityService: filterNetworkStateForUid() uid: 10102 networkInfo: [type: WIFI[] - WIFI, state: CONNECTED/CONNECTED, reason: (unspecified), extra: "WiFi 69", failover: false, available: true, roaming: false, metered: false]
09-02 09:10:32.211  3979  4174 D ConnectivityService: filterNetworkStateForUid() uid: 10076 networkInfo: [type: WIFI[] - WIFI, state: CONNECTED/CONNECTED, reason: (unspecified), extra: "WiFi 69", failover: false, available: true, roaming: false, metered: false]
09-02 09:10:32.212  4615  4986 D RegiMgrBase: getProfileList : list is null
09-02 09:10:32.212  3979  4174 D ConnectivityService: filterNetworkStateForUid() uid: 10113 networkInfo: [type: WIFI[] - WIFI, state: DISCONNECTED/BLOCKED, reason: (unspecified), extra: (none), failover: false, available: true, roaming: false, metered: false]
09-02 09:10:32.212  3979  4291 D WifiConnectivityMonitor: updateDnsLinkProperty: enter
09-02 09:10:32.212  3979  4522 D ConnectivityService: filterNetworkStateForUid() uid: 10102 networkInfo: [type: WIFI[] - WIFI, state: CONNECTED/CONNECTED, reason: (unspecified), extra: "WiFi 69", failover: false, available: true, roaming: false, metered: false]
09-02 09:10:32.212 18355 18355 D GOS:GameServiceReceiver: action : android.net.wifi.STATE_CHANGE
09-02 09:10:32.212  3979  4174 D ConnectivityService: filterNetworkStateForUid() uid: 10076 networkInfo: [type: WIFI[] - WIFI, state: CONNECTED/CONNECTED, reason: (unspecified), extra: "WiFi 69", failover: false, available: true, roaming: false, metered: false]
09-02 09:10:32.212  3979  4291 D WifiConnectivityMonitor.DnsResolver: setCurrentLinkProperties: lp={InterfaceName: wlan0 LinkAddresses: [fe80::326a:85ff:fef3:82d2/64,192.168.88.175/24,]  Routes: [fe80::/64 -> :: wlan0,192.168.88.0/24 -> 0.0.0.0 wlan0,0.0.0.0/0 -> 192.168.88.1 wlan0,] DnsAddresses: [192.168.88.1,8.8.8.8,8.8.4.4,] Domains: null MTU: 0 TcpBufferSizes: 524288,1048576,4525824,524288,1048576,4525824}
09-02 09:10:32.212 18355 18355 D GOS:GameServiceReceiver: Wi-Fi is available
09-02 09:10:32.213  4615  4986 D SimManager: getTelephonyProperty: value [0]
09-02 09:10:32.213  4615  4986 D SimManager<0>: hasIsim: [false]
09-02 09:10:32.213  3979  4291 D WifiConnectivityMonitor.SingDnsChecker: setCurrentLinkProperties: lp={InterfaceName: wlan0 LinkAddresses: [fe80::326a:85ff:fef3:82d2/64,192.168.88.175/24,]  Routes: [fe80::/64 -> :: wlan0,192.168.88.0/24 -> 0.0.0.0 wlan0,0.0.0.0/0 -> 192.168.88.1 wlan0,] DnsAddresses: [192.168.88.1,8.8.8.8,8.8.4.4,] Domains: null MTU: 0 TcpBufferSizes: 524288,1048576,4525824,524288,1048576,4525824}
09-02 09:10:32.213  4615  4986 D SimManager: [templog] mSimState:4, mIsimLoaded:false, hasIsim():false
09-02 09:10:32.213  4615  4986 D SimManager: isSimAvailable: false,isLabSimCard: false
09-02 09:10:32.213  3979  4291 D WifiConnectivityMonitor.CaptivePortalDnsResolver: setCurrentLinkProperties: lp={InterfaceName: wlan0 LinkAddresses: [fe80::326a:85ff:fef3:82d2/64,192.168.88.175/24,]  Routes: [fe80::/64 -> :: wlan0,192.168.88.0/24 -> 0.0.0.0 wlan0,0.0.0.0/0 -> 192.168.88.1 wlan0,] DnsAddresses: [192.168.88.1,8.8.8.8,8.8.4.4,] Domains: null MTU: 0 TcpBufferSizes: 524288,1048576,4525824,524288,1048576,4525824}
09-02 09:10:32.214  4615  4986 D SimManager: getTelephonyProperty: value [0]
09-02 09:10:32.214  4615  4986 D SimManager<0>: hasIsim: [false]
09-02 09:10:32.214  4615  4986 D SimManager: [templog] mSimState:4, mIsimLoaded:false, hasIsim():false
09-02 09:10:32.214  4615  4986 D ImsUtil : getSubId:
09-02 09:10:32.216  3979  4522 D ConnectivityService: filterNetworkStateForUid() uid: 10102 networkInfo: [type: WIFI[] - WIFI, state: CONNECTED/CONNECTED, reason: (unspecified), extra: "WiFi 69", failover: false, available: true, roaming: false, metered: false]
09-02 09:10:32.216  3979  4174 D ConnectivityService: filterNetworkStateForUid() uid: 10076 networkInfo: [type: WIFI[] - WIFI, state: CONNECTED/CONNECTED, reason: (unspecified), extra: "WiFi 69", failover: false, available: true, roaming: false, metered: false]
09-02 09:10:32.217  3979  4174 D ConnectivityService: filterNetworkStateForUid() uid: 10076 networkInfo: [type: WIFI[] - WIFI, state: CONNECTED/CONNECTED, reason: (unspecified), extra: "WiFi 69", failover: false, available: true, roaming: false, metered: false]
09-02 09:10:32.217  3979  4174 D ConnectivityService: filterNetworkStateForUid() uid: 10022 networkInfo: [type: WIFI[] - WIFI, state: CONNECTED/CONNECTED, reason: (unspecified), extra: "WiFi 69", failover: false, available: true, roaming: false, metered: false]
09-02 09:10:32.218  3979  4174 D ConnectivityService: filterNetworkStateForUid() uid: 10148 networkInfo: [type: WIFI[] - WIFI, state: DISCONNECTED/BLOCKED, reason: (unspecified), extra: (none), failover: false, available: true, roaming: false, metered: false]
09-02 09:10:32.218  4615  4986 E TelephonyManagerWrapper: use backup operatorCode : null
09-02 09:10:32.218  4615  4986 D ImsUtil : getSlotId:
09-02 09:10:32.218  4615  4986 D ImsUtil : subId is wrong. Return -1..
09-02 09:10:32.218  3979  4174 D ConnectivityService: filterNetworkStateForUid() uid: 10076 networkInfo: [type: WIFI[] - WIFI, state: CONNECTED/CONNECTED, reason: (unspecified), extra: "WiFi 69", failover: false, available: true, roaming: false, metered: false]
09-02 09:10:32.219  3979  4174 D ConnectivityService: filterNetworkStateForUid() uid: 10148 networkInfo: [type: WIFI[] - WIFI, state: DISCONNECTED/BLOCKED, reason: (unspecified), extra: (none), failover: false, available: true, roaming: false, metered: false]
09-02 09:10:32.220  3979  4174 D ConnectivityService: filterNetworkStateForUid() uid: 10020 networkInfo: [type: WIFI[] - WIFI, state: CONNECTED/CONNECTED, reason: (unspecified), extra: "WiFi 69", failover: false, available: true, roaming: false, metered: false]
09-02 09:10:32.220  3979  4174 D ConnectivityService: filterNetworkStateForUid() uid: 10073 networkInfo: [type: WIFI[] - WIFI, state: CONNECTED/CONNECTED, reason: (unspecified), extra: "WiFi 69", failover: false, available: true, roaming: false, metered: false]
09-02 09:10:32.220 18469 18469 I usagelog: received in receiver
09-02 09:10:32.220 18469 18469 I KnoxUsageLogPro: KnoxUsageReceiver onReceive :android.net.wifi.STATE_CHANGE myUserId=0
09-02 09:10:32.220  3979  4174 D ConnectivityService: filterNetworkStateForUid() uid: 10022 networkInfo: [type: WIFI[] - WIFI, state: CONNECTED/CONNECTED, reason: (unspecified), extra: "WiFi 69", failover: false, available: true, roaming: false, metered: false]
09-02 09:10:32.220 18469 18469 D KnoxUsageLogPro: KnoxUsageReceiver -processSystemEvents
09-02 09:10:32.221  3979  4174 D ConnectivityService: filterNetworkStateForUid() uid: 10025 networkInfo: [type: WIFI[] - WIFI, state: CONNECTED/CONNECTED, reason: (unspecified), extra: "WiFi 69", failover: false, available: true, roaming: false, metered: false]
09-02 09:10:32.221  3979  4522 D ConnectivityService: filterNetworkStateForUid() uid: 1250 networkInfo: [type: WIFI[] - WIFI, state: CONNECTED/CONNECTED, reason: (unspecified), extra: "WiFi 69", failover: false, available: true, roaming: false, metered: false]
09-02 09:10:32.221  3979  4174 D ConnectivityService: filterNetworkStateForUid() uid: 10022 networkInfo: [type: WIFI[] - WIFI, state: CONNECTED/CONNECTED, reason: (unspecified), extra: "WiFi 69", failover: false, available: true, roaming: false, metered: false]
09-02 09:10:32.222  3979  4174 D ConnectivityService: filterNetworkStateForUid() uid: 10122 networkInfo: [type: WIFI[] - WIFI, state: DISCONNECTED/BLOCKED, reason: (unspecified), extra: (none), failover: false, available: true, roaming: false, metered: false]
09-02 09:10:32.222 18469 18469 I KnoxUsageLogPro: processSystemEvents: - No personas,Not registered, No need to process System intent
09-02 09:10:32.222  3979  4174 D ConnectivityService: filterNetworkStateForUid() uid: 10076 networkInfo: [type: WIFI[] - WIFI, state: CONNECTED/CONNECTED, reason: (unspecified), extra: "WiFi 69", failover: false, available: true, roaming: false, metered: false]
09-02 09:10:32.223  3979  4545 W BroadcastQueue: Background execution not allowed: receiving Intent { act=android.net.wifi.STATE_CHANGE flg=0x4000010 (has extras) } to com.samsung.android.messaging/com.chinamobile.aisms.sdk.LocalBroadcastManager
09-02 09:10:32.223  4615  4986 D SimManager: getTelephonyProperty: value []
09-02 09:10:32.223  3979  4174 D ConnectivityService: filterNetworkStateForUid() uid: 10103 networkInfo: [type: WIFI[] - WIFI, state: DISCONNECTED/BLOCKED, reason: (unspecified), extra: (none), failover: false, available: true, roaming: false, metered: false]
09-02 09:10:32.223  3979  4174 D ConnectivityService: filterNetworkStateForUid() uid: 10076 networkInfo: [type: WIFI[] - WIFI, state: CONNECTED/CONNECTED, reason: (unspecified), extra: "WiFi 69", failover: false, available: true, roaming: false, metered: false]
09-02 09:10:32.223  3979  4174 D ConnectivityService: filterNetworkStateForUid() uid: 10044 networkInfo: [type: WIFI[] - WIFI, state: CONNECTED/CONNECTED, reason: (unspecified), extra: "WiFi 69", failover: false, available: true, roaming: false, metered: false]
09-02 09:10:32.224  3979  4174 D ConnectivityService: filterNetworkStateForUid() uid: 10076 networkInfo: [type: WIFI[] - WIFI, state: CONNECTED/CONNECTED, reason: (unspecified), extra: "WiFi 69", failover: false, available: true, roaming: false, metered: false]
09-02 09:10:32.224  4615  4986 D CscParser: mccmnc: 60201, networkName: Mobinil
09-02 09:10:32.224  4615  4986 D CscParser: mccmnc: 60202, networkName: Vodafone
09-02 09:10:32.224  4615  4986 D CscParser: mccmnc: 60203, networkName: Etisalat
09-02 09:10:32.224  4615  4986 D ImsUtil : isSimMobility : Property : -1
09-02 09:10:32.224  3979  4174 D ConnectivityService: filterNetworkStateForUid() uid: 10076 networkInfo: [type: WIFI[] - WIFI, state: CONNECTED/CONNECTED, reason: (unspecified), extra: "WiFi 69", failover: false, available: true, roaming: false, metered: false]
09-02 09:10:32.225 18355 18355 D GOS:MainIntentService: onCreate
09-02 09:10:32.225 18355  6592 D GOS:MainIntentService: onHandleIntent. begin
09-02 09:10:32.226  3979  4174 D ConnectivityService: filterNetworkStateForUid() uid: 10025 networkInfo: [type: WIFI[] - WIFI, state: CONNECTED/CONNECTED, reason: (unspecified), extra: "WiFi 69", failover: false, available: true, roaming: false, metered: false]
09-02 09:10:32.226  4615  4986 D ImsUtil : getSimSlotFromUri: content://com.sec.ims.settings/imsswitch#simslot0
09-02 09:10:32.226  4615  4986 D ImsUtil : Valid simslot:0. get it from Uri
09-02 09:10:32.226  3979  4174 D ConnectivityService: filterNetworkStateForUid() uid: 10148 networkInfo: [type: WIFI[] - WIFI, state: DISCONNECTED/BLOCKED, reason: (unspecified), extra: (none), failover: false, available: true, roaming: false, metered: false]
09-02 09:10:32.226  4615  4986 D ImsSettingsProvider<0>: query:
09-02 09:10:32.227  3979  4174 D ConnectivityService: filterNetworkStateForUid() uid: 10076 networkInfo: [type: WIFI[] - WIFI, state: CONNECTED/CONNECTED, reason: (unspecified), extra: "WiFi 69", failover: false, available: true, roaming: false, metered: false]
09-02 09:10:32.227  3979  4174 D ConnectivityService: filterNetworkStateForUid() uid: 10076 networkInfo: [type: WIFI[] - WIFI, state: CONNECTED/CONNECTED, reason: (unspecified), extra: "WiFi 69", failover: false, available: true, roaming: false, metered: false]
09-02 09:10:32.228  3979  4174 D ConnectivityService: filterNetworkStateForUid() uid: 10122 networkInfo: [type: WIFI[] - WIFI, state: DISCONNECTED/BLOCKED, reason: (unspecified), extra: (none), failover: false, available: true, roaming: false, metered: false]
09-02 09:10:32.228  4615  4986 D ImsSettingsProvider: Query(5596, contacts) : Uri[content://com.sec.ims.settings/imsswitch#simslot0], pro : [mmtel-video]
09-02 09:10:32.228  3979  4174 D ConnectivityService: filterNetworkStateForUid() uid: 10114 networkInfo: [type: WIFI[] - WIFI, state: CONNECTED/CONNECTED, reason: (unspecified), extra: "WiFi 69", failover: false, available: true, roaming: false, metered: false]
09-02 09:10:32.228  4615  4986 D DeviceConfigManager[0]: queryImsSwitch: name mmtel-video
09-02 09:10:32.228  4615  4986 D DmConfigHelper: isServiceEnabled: mmtel-video 1
09-02 09:10:32.228  3979  4174 D ConnectivityService: filterNetworkStateForUid() uid: 10076 networkInfo: [type: WIFI[] - WIFI, state: CONNECTED/CONNECTED, reason: (unspecified), extra: "WiFi 69", failover: false, available: true, roaming: false, metered: false]
09-02 09:10:32.228  4615  4986 D ImsServiceStub: isServiceAvailable: mmtel-video, rat: -1, profileFind:false, Enabled:true
09-02 09:10:32.229  5596  5596 D secImsManager[0]: isServiceAvailable: presence
09-02 09:10:32.231  4615  4986 D RegiMgrBase: getProfileList : list is null
09-02 09:10:32.231  4615  4986 D SimManager: getTelephonyProperty: value [0]
09-02 09:10:32.232  4615  4986 D SimManager<0>: hasIsim: [false]
09-02 09:10:32.232  4615  4986 D SimManager: [templog] mSimState:4, mIsimLoaded:false, hasIsim():false
09-02 09:10:32.232  4615  4986 D SimManager: isSimAvailable: false,isLabSimCard: false
09-02 09:10:32.232  4615  4986 D SimManager: getTelephonyProperty: value [0]
09-02 09:10:32.232  4615  4986 D SimManager<0>: hasIsim: [false]
09-02 09:10:32.232  4615  4986 D SimManager: [templog] mSimState:4, mIsimLoaded:false, hasIsim():false
09-02 09:10:32.232  4615  4986 D ImsUtil : getSubId:
09-02 09:10:32.233 18355  6592 D GOS:MainIntentService: onHandleIntent(). type : 3
09-02 09:10:32.233 18355  6592 D GOS:DataManager: onWifiConnected()
09-02 09:10:32.234  4615  4986 E TelephonyManagerWrapper: use backup operatorCode : null
09-02 09:10:32.234  4615  4986 D ImsUtil : getSlotId:
09-02 09:10:32.234  4615  4986 D ImsUtil : subId is wrong. Return -1..
09-02 09:10:32.236 18355  6592 D GOS:DataManager: onWifiConnected(), too early. skip update. millisFromLastUpdate: 11232777
09-02 09:10:32.236 18355  6592 D GOS:MainIntentService: there is gamemanger. don't start GameService
09-02 09:10:32.236  4615  4986 D SimManager: getTelephonyProperty: value []
09-02 09:10:32.236 14031 14031 E adbd    : recv: OPEN 00018e34 00000000 0042:73 68 65 6C 6C 2C 76 32 2C 54 45 52 4D 3D 78 74 65 72 6D 2D 32 35 36 63 6F 6C 6F 72 2C 72 61 77 3A 67 65 74 70 72 6F 70 20 72 6F 2E 62 75 69 6C 64 2E 76 65 72 73 69 6F 6E 2E 72 65 6C 65 61 73 65 00 
09-02 09:10:32.237 14031 14031 E adbd    : service_to_fd: shell,v2,TERM=xterm-256color,raw:getprop ro.build.version.release
09-02 09:10:32.237  4615  4986 D CscParser: mccmnc: 60201, networkName: Mobinil
09-02 09:10:32.237 18355 18355 D GOS:MainIntentService: onDestroy
09-02 09:10:32.237  4615  4986 D CscParser: mccmnc: 60202, networkName: Vodafone
09-02 09:10:32.237  4615  4986 D CscParser: mccmnc: 60203, networkName: Etisalat
09-02 09:10:32.237  4615  4986 D ImsUtil : isSimMobility : Property : -1
09-02 09:10:32.239  4615  4986 D ImsUtil : getSimSlotFromUri: content://com.sec.ims.settings/imsswitch#simslot0
09-02 09:10:32.239  4615  4986 D ImsUtil : Valid simslot:0. get it from Uri
09-02 09:10:32.239  4615  4986 D ImsSettingsProvider<0>: query:
09-02 09:10:32.240  4615  4986 D ImsSettingsProvider: Query(5596, contacts) : Uri[content://com.sec.ims.settings/imsswitch#simslot0], pro : [presence]
09-02 09:10:32.241  4615  4986 D DeviceConfigManager[0]: queryImsSwitch: name presence
09-02 09:10:32.241  4615  4986 D DmConfigHelper: isServiceEnabled: presence 0
09-02 09:10:32.241  4615  4986 D ImsServiceStub: isServiceAvailable: presence, rat: -1, profileFind:false, Enabled:false
09-02 09:10:32.241  5596  5596 D secImsManager[0]: isServiceAvailable: options
09-02 09:10:32.243  4615  4986 D RegiMgrBase: getProfileList : list is null
09-02 09:10:32.243  4615  4986 D SimManager: getTelephonyProperty: value [0]
09-02 09:10:32.244  4615  4986 D SimManager<0>: hasIsim: [false]
09-02 09:10:32.244  4615  4986 D SimManager: [templog] mSimState:4, mIsimLoaded:false, hasIsim():false
09-02 09:10:32.244  4615  4986 D SimManager: isSimAvailable: false,isLabSimCard: false
09-02 09:10:32.244  4615  4986 D SimManager: getTelephonyProperty: value [0]
09-02 09:10:32.244  4615  4986 D SimManager<0>: hasIsim: [false]
09-02 09:10:32.244  4615  4986 D SimManager: [templog] mSimState:4, mIsimLoaded:false, hasIsim():false
09-02 09:10:32.244  4615  4986 D ImsUtil : getSubId:
09-02 09:10:32.246  4615  4986 E TelephonyManagerWrapper: use backup operatorCode : null
09-02 09:10:32.246  4615  4986 D ImsUtil : getSlotId:
09-02 09:10:32.246  4615  4986 D ImsUtil : subId is wrong. Return -1..
09-02 09:10:32.247  4615  4986 D SimManager: getTelephonyProperty: value []
09-02 09:10:32.248  4615  4986 D CscParser: mccmnc: 60201, networkName: Mobinil
09-02 09:10:32.248  4615  4986 D CscParser: mccmnc: 60202, networkName: Vodafone
09-02 09:10:32.248  4615  4986 D CscParser: mccmnc: 60203, networkName: Etisalat
09-02 09:10:32.248  4615  4986 D ImsUtil : isSimMobility : Property : -1
09-02 09:10:32.249  4615  4986 D ImsUtil : getSimSlotFromUri: content://com.sec.ims.settings/imsswitch#simslot0
09-02 09:10:32.249  4615  4986 D ImsUtil : Valid simslot:0. get it from Uri
09-02 09:10:32.249  4615  4986 D ImsSettingsProvider<0>: query:
09-02 09:10:32.251  4615  4986 D ImsSettingsProvider: Query(5596, contacts) : Uri[content://com.sec.ims.settings/imsswitch#simslot0], pro : [options]
09-02 09:10:32.251  4615  4986 D DeviceConfigManager[0]: queryImsSwitch: name options
09-02 09:10:32.251  4615  4986 D DmConfigHelper: isServiceEnabled: options 0
09-02 09:10:32.251  4615  4986 D ImsServiceStub: isServiceAvailable: options, rat: -1, profileFind:false, Enabled:false
09-02 09:10:32.252  5596  5596 D secImsManager[0]: isServiceAvailable: im
09-02 09:10:32.253  4615  4986 D RegiMgrBase: getProfileList : list is null
09-02 09:10:32.254  4615  4986 D SimManager: getTelephonyProperty: value [0]
09-02 09:10:32.254  4615  4986 D SimManager<0>: hasIsim: [false]
09-02 09:10:32.254  4615  4986 D SimManager: [templog] mSimState:4, mIsimLoaded:false, hasIsim():false
09-02 09:10:32.254  4615  4986 D SimManager: isSimAvailable: false,isLabSimCard: false
09-02 09:10:32.255  4615  4986 D SimManager: getTelephonyProperty: value [0]
09-02 09:10:32.255  4615  4986 D SimManager<0>: hasIsim: [false]
09-02 09:10:32.255  4615  4986 D SimManager: [templog] mSimState:4, mIsimLoaded:false, hasIsim():false
09-02 09:10:32.255  4615  4986 D ImsUtil : getSubId:
09-02 09:10:32.256  4615  4986 E TelephonyManagerWrapper: use backup operatorCode : null
09-02 09:10:32.256  4615  4986 D ImsUtil : getSlotId:
09-02 09:10:32.256  4615  4986 D ImsUtil : subId is wrong. Return -1..
09-02 09:10:32.257  4615  4986 D SimManager: getTelephonyProperty: value []
09-02 09:10:32.258  4615  4986 D CscParser: mccmnc: 60201, networkName: Mobinil
09-02 09:10:32.258  4615  4986 D CscParser: mccmnc: 60202, networkName: Vodafone
09-02 09:10:32.258  4615  4986 D CscParser: mccmnc: 60203, networkName: Etisalat
09-02 09:10:32.259  4615  4986 D ImsUtil : isSimMobility : Property : -1
09-02 09:10:32.260  4615  4986 D ImsUtil : getSimSlotFromUri: content://com.sec.ims.settings/imsswitch#simslot0
09-02 09:10:32.260  4615  4986 D ImsUtil : Valid simslot:0. get it from Uri
09-02 09:10:32.260  4615  4986 D ImsSettingsProvider<0>: query:
09-02 09:10:32.261  4615  4986 D ImsSettingsProvider: Query(5596, contacts) : Uri[content://com.sec.ims.settings/imsswitch#simslot0], pro : [im]
09-02 09:10:32.262  4615  4986 D DeviceConfigManager[0]: queryImsSwitch: name im
09-02 09:10:32.262  4615  4986 D DmConfigHelper: isServiceEnabled: im 0
