09-02 09:11:58.966  3979  4180 D ConnectivityService: Network NetworkAgentInfo [WIFI () - 502] was already satisfying request 346. No change.
09-02 09:11:58.966  3979  4180 D ConnectivityService: Network NetworkAgentInfo [WIFI () - 502] was already satisfying request 332. No change.
09-02 09:11:58.966  3979  4180 D ConnectivityService: Network NetworkAgentInfo [WIFI () - 502] was already satisfying request 3. No change.
09-02 09:11:58.966  3979  4180 D ConnectivityService: Network NetworkAgentInfo [WIFI () - 502] was already satisfying request 310. No change.
09-02 09:11:58.966  3979  4180 D ConnectivityService: Network NetworkAgentInfo [WIFI () - 502] was already satisfying request 1. No change.
09-02 09:11:58.966  3979  4180 D ConnectivityService: Network NetworkAgentInfo [WIFI () - 502] was already satisfying request 331. No change.
09-02 09:11:58.966  3979  4180 D ConnectivityService: Network NetworkAgentInfo [WIFI () - 502] was already satisfying request 140. No change.
09-02 09:11:58.966  3979  5968 D ConnectivityService: filterNetworkStateForUid() uid: 10096 networkInfo: [type: WIFI[] - WIFI, state: CONNECTED/CONNECTED, reason: (unspecified), extra: "WiFi 69", failover: false, available: true, roaming: false, metered: false]
09-02 09:11:58.966  3979  4180 D ConnectivityService: sending notification AVAILABLE for NetworkRequest [ LISTEN id=349, [ Capabilities: INTERNET&NOT_RESTRICTED&TRUSTED&FOREGROUND] ]
09-02 09:11:58.967  3979  4180 D ConnectivityService: sending notification CAP_CHANGED for NetworkRequest [ LISTEN id=349, [ Capabilities: INTERNET&NOT_RESTRICTED&TRUSTED&FOREGROUND] ]
09-02 09:11:58.967  3979  4180 D ConnectivityService: sending notification IP_CHANGED for NetworkRequest [ LISTEN id=349, [ Capabilities: INTERNET&NOT_RESTRICTED&TRUSTED&FOREGROUND] ]
09-02 09:11:58.982  6938  6959 I cr_LibraryLoader: Successfully loaded native library
09-02 09:11:58.983  6938  6959 I cr_CachingUmaRecorder: Flushed 3 samples from 3 histograms.
09-02 09:11:58.985  3979  4373 D SecContentProvider: query(), uri = 2 selection = isAuditLogEnabled
09-02 09:11:58.986  3979  4373 D SecContentProvider: called from com.android.chrome
09-02 09:11:58.987  3979  4373 D SecContentProvider: query(), uri = 5 selection = getAutoFillSetting
09-02 09:11:58.987  3979  4373 D SecContentProvider: called from com.android.chrome
09-02 09:11:58.988  3979  5968 D SecContentProvider: query(), uri = 5 selection = getCookiesSetting
09-02 09:11:58.989  3979  5968 D SecContentProvider: called from com.android.chrome
09-02 09:11:58.990  3979  4373 D SecContentProvider: query(), uri = 5 selection = getHttpProxy
09-02 09:11:58.990  3979  4373 D SecContentProvider: called from com.android.chrome
09-02 09:11:58.992  3979  4373 D SecContentProvider: query(), uri = 5 selection = getJavaScriptSetting
09-02 09:11:58.992  6854  6854 I cr_CompositorSurfaceMgr: Transitioning to surface with format: -1
09-02 09:11:58.993  3979  4373 D SecContentProvider: query(), uri = 5 selection = getPopupsSetting
09-02 09:11:58.993  3462  3462 I SurfaceFlinger: id=537 createSurf (720x1238),4 flag=404, SurfaceView - com.android.chrome/com.google.android.apps.chrome.Main@cbe933d@0#0
09-02 09:11:58.994  3979  4373 I chatty  : uid=1000(system) Binder:3979_4 identical 2 lines
09-02 09:11:58.994  3462  3462 I SurfaceFlinger: id=538 createSurf (720x1238),-1 flag=20404, Background for - SurfaceView - com.android.chrome/com.google.android.apps.chrome.Main@cbe933d@0#0
09-02 09:11:58.995  3979  4373 D SecContentProvider: query(), uri = 22 selection = isAuthenticationEnabled
09-02 09:11:58.995  6854  6854 D SurfaceView: BG show() Surface(name=Background for - SurfaceView - com.android.chrome/com.google.android.apps.chrome.Main@cbe933d@0) android.view.SurfaceView{cbe933d V.E...... ......ID 0,0-720,1238}
09-02 09:11:58.995  6854  6854 V Surface : sf_framedrop debug : 0x4f4c, game : false, logging : 0
09-02 09:11:58.995  6854  6854 D SurfaceView: surfaceCreated 1 android.view.SurfaceView{cbe933d V.E...... ......ID 0,0-720,1238}
09-02 09:11:58.995  3979  4373 D SecContentProvider: called from com.android.chrome
09-02 09:11:58.995  6854  6854 I cr_CompositorSurfaceMgr: surfaceCreated format: 0
09-02 09:11:58.996  6854  6854 D SurfaceView: surfaceChanged (720,1238) 1 android.view.SurfaceView{cbe933d V.E...... ......ID 0,0-720,1238}
09-02 09:11:58.998  3979  6264 D SecContentProvider: query(), uri = 10 selection = getURLFilterList
09-02 09:11:58.999  3979  6264 D SecContentProvider: called from com.android.chrome
09-02 09:11:59.000  3979  6264 D SecContentProvider: query(), uri = 10 selection = getURLFilterEnabled
09-02 09:11:59.000  3979  6264 D SecContentProvider: called from com.android.chrome
09-02 09:11:59.001  3979  5968 D SecContentProvider: query(), uri = 10 selection = getURLFilterReportEnabled
09-02 09:11:59.002  3979  5968 D SecContentProvider: called from com.android.chrome
09-02 09:11:59.003  3979  4373 D SecContentProvider: query(), uri = 2 selection = isAuditLogEnabled
09-02 09:11:59.004  3979  4373 D SecContentProvider: called from com.android.chrome
09-02 09:11:59.005  3979  4373 D SecContentProvider: query(), uri = 5 selection = getAutoFillSetting
09-02 09:11:59.005  3979  4373 D SecContentProvider: called from com.android.chrome
09-02 09:11:59.006  3979  5968 D SecContentProvider: query(), uri = 5 selection = getCookiesSetting
09-02 09:11:59.007  3979  5968 D SecContentProvider: called from com.android.chrome
09-02 09:11:59.008  3979  5968 D SecContentProvider: query(), uri = 5 selection = getHttpProxy
09-02 09:11:59.009  3979  5968 I chatty  : uid=1000(system) Binder:3979_12 identical 1 line
09-02 09:11:59.010  3979  5968 D SecContentProvider: query(), uri = 5 selection = getJavaScriptSetting
09-02 09:11:59.010  3979  5968 D SecContentProvider: called from com.android.chrome
09-02 09:11:59.011  6854  6854 I cr_ChromeTabbedActivity: #initializeState
09-02 09:11:59.011  3979  6264 D SecContentProvider: query(), uri = 5 selection = getPopupsSetting
09-02 09:11:59.011  6854  6854 I cr_CipherFactory: #restoreFromBundle, no savedInstanceState.
09-02 09:11:59.011  6854  6854 I cr_tabmodel: #loadState, ignoreIncognitoFiles? true
09-02 09:11:59.012  6854  6854 I cr_tabmodel: Tab metadata, skipIncognitoCount? false incognitoCount: 0 totalCount: 13
09-02 09:11:59.012  3979  6264 D SecContentProvider: called from com.android.chrome
09-02 09:11:59.012  6854  6854 I cr_tabmodel: #isIncognitoTabBeingRestored from tabState:  false
09-02 09:11:59.013  3979  6264 D SecContentProvider: query(), uri = 22 selection = isAuthenticationEnabled
09-02 09:11:59.013  3979  6264 D SecContentProvider: called from com.android.chrome
09-02 09:11:59.017  3979  5968 D SecContentProvider: query(), uri = 10 selection = getURLFilterList
09-02 09:11:59.017  3979  5968 D SecContentProvider: called from com.android.chrome
09-02 09:11:59.018  3979  5968 D SecContentProvider: query(), uri = 10 selection = getURLFilterEnabled
09-02 09:11:59.019  3979  5968 I chatty  : uid=1000(system) Binder:3979_12 identical 1 line
09-02 09:11:59.021  3979  5968 D SecContentProvider: query(), uri = 10 selection = getURLFilterReportEnabled
09-02 09:11:59.021  3979  5968 D SecContentProvider: called from com.android.chrome
09-02 09:11:59.035  6854  6854 E ResourceType: Style contains key with bad entry: 0x0101062c
09-02 09:11:59.045 22051 22051 D BoundBrokerSvc: onBind: Intent { act=com.google.android.gms.languageprofile.service.START pkg=com.google.android.gms }
09-02 09:11:59.045 22051 22051 D BoundBrokerSvc: Loading bound service for intent: Intent { act=com.google.android.gms.languageprofile.service.START pkg=com.google.android.gms }
09-02 09:11:59.048  3979  5968 D ConnectivityService: filterNetworkStateForUid() uid: 10096 networkInfo: [type: WIFI[] - WIFI, state: CONNECTED/CONNECTED, reason: (unspecified), extra: "WiFi 69", failover: false, available: true, roaming: false, metered: false]
09-02 09:11:59.055  3979  4373 D SamsungAlarmManager: setInexact Intent (T:3/F:0/AC:false) 20330830T091159 - CU:10025/CP:22051
09-02 09:11:59.073  6938  6959 D libGLESv2: STS_GLApi : DTS, ODTC are not allowed for Package : com.android.chrome:privileged_process0
09-02 09:11:59.101  3979  5968 I SamsungAlarmManager: setLocked to kernel - T:2 / 20230902T091200, SetElapsed=83901432, nowELAPSED=83900533
09-02 09:11:59.102  3979  5968 D SamsungAlarmManager: setExact Intent (T:3/F:0/AC:false) 20230902T091200 - CU:10025/CP:10264
09-02 09:11:59.104 22051 22051 D BoundBrokerSvc: onBind: Intent { act=com.google.android.gms.safetynet.service.START pkg=com.google.android.gms }
09-02 09:11:59.104 22051 22051 D BoundBrokerSvc: Loading bound service for intent: Intent { act=com.google.android.gms.safetynet.service.START pkg=com.google.android.gms }
09-02 09:11:59.105  6890  6937 I cr_LibraryLoader: Successfully loaded native library
09-02 09:11:59.106  6890  6937 I cr_CachingUmaRecorder: Flushed 3 samples from 3 histograms.
09-02 09:11:59.107  3979  4373 D ConnectivityService: filterNetworkStateForUid() uid: 10025 networkInfo: [type: WIFI[] - WIFI, state: CONNECTED/CONNECTED, reason: (unspecified), extra: "WiFi 69", failover: false, available: true, roaming: false, metered: false]
09-02 09:11:59.109  3979  5979 D ConnectivityService: filterNetworkStateForUid() uid: 10025 networkInfo: [type: WIFI[] - WIFI, state: CONNECTED/CONNECTED, reason: (unspecified), extra: "WiFi 69", failover: false, available: true, roaming: false, metered: false]
09-02 09:11:59.118  3979  4545 D SamsungAlarmManager: Cancel Alarm calling from uid:10025 pid :10264 / op:PendingIntent{d5e4276: PendingIntentRecord{9212591 com.google.android.gms broadcastIntent}}
09-02 09:11:59.130  6938  6959 V Surface : sf_framedrop debug : 0x4f4c, game : false, logging : 0
09-02 09:11:59.132  6938  6959 D mali_winsys: EGLint new_window_surface(egl_winsys_display *, void *, EGLSurface, EGLConfig, egl_winsys_surface **, egl_color_buffer_format *, EGLBoolean) returns 0x3000,  [720x1238]-format:1
09-02 09:11:59.151 10264 10280 I FontLog : Received query name=Google Sans&weight=700&besteffort=false, URI content://com.google.android.gms.fonts [CONTEXT service_id=132 ]
09-02 09:11:59.151 10264 10280 I FontLog : Query [name=Google Sans&weight=700&besteffort=false] resolved to {Google Sans, wdth 100.0, wght 700, ital 0.0, bestEffort false} [CONTEXT service_id=132 ]
09-02 09:11:59.153 10264 10280 I FontLog : Fetch {Google Sans, wdth 100.0, wght 700, ital 0.0, bestEffort false} end status Status{statusCode=SUCCESS, resolution=null} [CONTEXT service_id=132 ]
09-02 09:11:59.164 10264 10280 I FontLog : Pulling font file for id = 256, cache size = 7 [CONTEXT service_id=132 ]
09-02 09:11:59.167  6854  6854 W ResourceType: Failure getting entry for 0x7f01032b (t=0 e=811) (error -75)
09-02 09:11:59.168  3979  4545 D SamsungAlarmManager: setInexact Intent (T:3/F:0/AC:false) 20230902T091213 - CU:10025/CP:10264
09-02 09:11:59.172 10264  1506 I NetworkScheduler.Stats: Task com.google.android.gms/com.google.android.gms.languageprofile.GcmTaskService started execution. cause:7 exec_start_elapsed_seconds: 83900 [CONTEXT service_id=218 ]
09-02 09:11:59.175 10264 10280 I FontLog : Received query name=Noto Color Emoji Compat&weight=400&besteffort=false, URI content://com.google.android.gms.fonts [CONTEXT service_id=132 ]
09-02 09:11:59.176 10264 10280 I FontLog : Query [name=Noto Color Emoji Compat&weight=400&besteffort=false] resolved to {Noto Color Emoji Compat, wdth 100.0, wght 400, ital 0.0, bestEffort false} [CONTEXT service_id=132 ]
09-02 09:11:59.178 10264 10280 I FontLog : Fetch {Noto Color Emoji Compat, wdth 100.0, wght 400, ital 0.0, bestEffort false} end status Status{statusCode=SUCCESS, resolution=null} [CONTEXT service_id=132 ]
09-02 09:11:59.183  6854  6854 W ResourceType: Failure getting entry for 0x7f0107ae (t=0 e=1966) (error -75)
09-02 09:11:59.184 10264 10280 I FontLog : Pulling font file for id = 257, cache size = 8 [CONTEXT service_id=132 ]
09-02 09:11:59.185  6854  6854 W ResourceType: Failure getting entry for 0x7f010206 (t=0 e=518) (error -75)
09-02 09:11:59.190 10264 10280 I FontLog : Received query name=Google Sans&weight=400&besteffort=false, URI content://com.google.android.gms.fonts [CONTEXT service_id=132 ]
09-02 09:11:59.191 10264 10280 I FontLog : Query [name=Google Sans&weight=400&besteffort=false] resolved to {Google Sans, wdth 100.0, wght 400, ital 0.0, bestEffort false} [CONTEXT service_id=132 ]
09-02 09:11:59.192 10264 10280 I FontLog : Font PFD returned from cache for {Google Sans, wdth 100.0, wght 400, ital 0.0, bestEffort false} [CONTEXT service_id=132 ]
09-02 09:11:59.193 10264 10280 I FontLog : Fetch {Google Sans, wdth 100.0, wght 400, ital 0.0, bestEffort false} end status Status{statusCode=SUCCESS, resolution=null} [CONTEXT service_id=132 ]
09-02 09:11:59.196 10264 10608 I FontLog : Pulling font file for id = 258, cache size = 6 [CONTEXT service_id=132 ]
09-02 09:11:59.200 10264 10608 I FontLog : Received query name=Google Sans&weight=500&besteffort=false, URI content://com.google.android.gms.fonts [CONTEXT service_id=132 ]
09-02 09:11:59.201 10264 10608 I FontLog : Query [name=Google Sans&weight=500&besteffort=false] resolved to {Google Sans, wdth 100.0, wght 500, ital 0.0, bestEffort false} [CONTEXT service_id=132 ]
09-02 09:11:59.202 10264 10608 I FontLog : Font PFD returned from cache for {Google Sans, wdth 100.0, wght 500, ital 0.0, bestEffort false} [CONTEXT service_id=132 ]
09-02 09:11:59.202 10264 10608 I FontLog : Fetch {Google Sans, wdth 100.0, wght 500, ital 0.0, bestEffort false} end status Status{statusCode=SUCCESS, resolution=null} [CONTEXT service_id=132 ]
09-02 09:11:59.207 10264 10608 I FontLog : Pulling font file for id = 259, cache size = 7 [CONTEXT service_id=132 ]
09-02 09:11:59.208  6854  6854 I cr_OfflineIndicator: onConnectionTypeChanged 2
09-02 09:11:59.208  6854  6854 I cr_OfflineIndicator: Reported by system: [ Transports: WIFI Capabilities: WIFI_P2P&NOT_RESTRICTED&TRUSTED&NOT_VPN LinkUpBandwidth>=1048576Kbps LinkDnBandwidth>=1048576Kbps]
09-02 09:11:59.209  6854  6854 I cr_OfflineIndicator: Reported by system: [ Transports: WIFI Capabilities: NOT_METERED&INTERNET&NOT_RESTRICTED&TRUSTED&NOT_VPN&VALIDATED&FOREGROUND LinkUpBandwidth>=1048576Kbps LinkDnBandwidth>=1048576Kbps SignalStrength: -58]
09-02 09:11:59.209  6854  6854 I cr_OfflineIndicator: setConnectionState connectionState=4
09-02 09:11:59.209  6854  6854 I cr_OfflineDetector: Running updateState mConnectivityDetectorInitialized: true, mTimeWhenLastForegrounded: 83900640, getElapsedTime: 83900641, mTimeWhenLastOfflineNotificationReceived: 0, mTimeWhenLastOnline: 83900641, mApplicationState: 1, mIsOfflineLastReportedByConnectivityDetector: false, mIsEffectivelyOffline: false
09-02 09:11:59.209  6854  6854 I cr_OfflineDetector: updateState(): timeSinceLastForeground: 1, timeSinceOfflineNotificationReceived: 83900641, timeSinceLastOnline: 0, timeNeededForForeground: 1999, timeNeededForOffline: -83898641
09-02 09:11:59.209  6854  6854 I cr_OfflineIndicator: processConnectivityCheckResult mConnectionState=4 mConnectivityCheckingStage=1
09-02 09:11:59.218  3979  5979 W AppOps  : Bad call: specified package com.google.android.gms under uid 10096 but it is really 10025
09-02 09:11:59.218  3979  5979 W AppOps  : java.lang.RuntimeException: here
09-02 09:11:59.218  3979  5979 W AppOps  : 	at com.android.server.AppOpsService.getOpsRawLocked(AppOpsService.java:1402)
09-02 09:11:59.218  3979  5979 W AppOps  : 	at com.android.server.AppOpsService.checkPackage(AppOpsService.java:1106)
09-02 09:11:59.218  3979  5979 W AppOps  : 	at com.android.internal.app.IAppOpsService$Stub.onTransact(IAppOpsService.java:169)
09-02 09:11:59.218  3979  5979 W AppOps  : 	at android.os.Binder.execTransact(Binder.java:682)
09-02 09:11:59.219  3979  5979 W AppOps  : Bad call: specified package com.google.android.gms under uid 10096 but it is really 10025
09-02 09:11:59.219  3979  5979 W AppOps  : java.lang.RuntimeException: here
09-02 09:11:59.219  3979  5979 W AppOps  : 	at com.android.server.AppOpsService.getOpsRawLocked(AppOpsService.java:1402)
09-02 09:11:59.219  3979  5979 W AppOps  : 	at com.android.server.AppOpsService.checkPackage(AppOpsService.java:1106)
09-02 09:11:59.219  3979  5979 W AppOps  : 	at com.android.internal.app.IAppOpsService$Stub.onTransact(IAppOpsService.java:169)
09-02 09:11:59.219  3979  5979 W AppOps  : 	at android.os.Binder.execTransact(Binder.java:682)
09-02 09:11:59.219  3979  4545 W AppOps  : Bad call: specified package com.google.android.gms under uid 10096 but it is really 10025
09-02 09:11:59.219  3979  4545 W AppOps  : java.lang.RuntimeException: here
09-02 09:11:59.219  3979  4545 W AppOps  : 	at com.android.server.AppOpsService.getOpsRawLocked(AppOpsService.java:1402)
09-02 09:11:59.219  3979  4545 W AppOps  : 	at com.android.server.AppOpsService.checkPackage(AppOpsService.java:1106)
09-02 09:11:59.219  3979  4545 W AppOps  : 	at com.android.internal.app.IAppOpsService$Stub.onTransact(IAppOpsService.java:169)
09-02 09:11:59.219  3979  4545 W AppOps  : 	at android.os.Binder.execTransact(Binder.java:682)
09-02 09:11:59.221  3979  4545 W AppOps  : Bad call: specified package com.google.android.gms under uid 10096 but it is really 10025
09-02 09:11:59.221  3979  4545 W AppOps  : java.lang.RuntimeException: here
09-02 09:11:59.221  3979  4545 W AppOps  : 	at com.android.server.AppOpsService.getOpsRawLocked(AppOpsService.java:1402)
09-02 09:11:59.221  3979  4545 W AppOps  : 	at com.android.server.AppOpsService.checkPackage(AppOpsService.java:1106)
09-02 09:11:59.221  3979  4545 W AppOps  : 	at com.android.internal.app.IAppOpsService$Stub.onTransact(IAppOpsService.java:169)
09-02 09:11:59.221  3979  4545 W AppOps  : 	at android.os.Binder.execTransact(Binder.java:682)
09-02 09:11:59.222  3979  5979 W StorageManager: getStorageLowBytes lowPercent : 5, lowBytes : 1260145254, maxLowBytes : 524288000
09-02 09:11:59.222  3979  4545 W AppOps  : Bad call: specified package com.google.android.gms under uid 10096 but it is really 10025
09-02 09:11:59.222  3979  4545 W AppOps  : java.lang.RuntimeException: here
09-02 09:11:59.222  3979  4545 W AppOps  : 	at com.android.server.AppOpsService.getOpsRawLocked(AppOpsService.java:1402)
09-02 09:11:59.222  3979  4545 W AppOps  : 	at com.android.server.AppOpsService.checkPackage(AppOpsService.java:1106)
09-02 09:11:59.222  3979  4545 W AppOps  : 	at com.android.internal.app.IAppOpsService$Stub.onTransact(IAppOpsService.java:169)
09-02 09:11:59.222  3979  4545 W AppOps  : 	at android.os.Binder.execTransact(Binder.java:682)
09-02 09:11:59.224  3979  5979 W StorageManager: getStorageLowBytes lowPercent : 5, lowBytes : 1260145254, maxLowBytes : 524288000
09-02 09:11:59.236 10264  6056 I NetworkScheduler.Stats: Task com.google.android.gms/com.google.android.gms.languageprofile.GcmTaskService finished executing. cause:7 result: 1 elapsed_millis: 90 uptime_millis: 91 exec_start_elapsed_seconds: 83900 [CONTEXT service_id=218 ]
09-02 09:11:59.244  3979  4545 D ConnectivityService: filterNetworkStateForUid() uid: 10025 networkInfo: [type: WIFI[] - WIFI, state: CONNECTED/CONNECTED, reason: (unspecified), extra: "WiFi 69", failover: false, available: true, roaming: false, metered: false]
09-02 09:11:59.245  3979  4545 D ConnectivityService: filterNetworkStateForUid() uid: 10025 networkInfo: [type: WIFI[] - WIFI, state: CONNECTED/CONNECTED, reason: (unspecified), extra: "WiFi 69", failover: false, available: true, roaming: false, metered: false]
09-02 09:11:59.249  3979  5979 D SamsungAlarmManager: Cancel Alarm calling from uid:10025 pid :10264 / op:PendingIntent{97fc468: PendingIntentRecord{9212591 com.google.android.gms broadcastIntent}}
09-02 09:11:59.251  6854  6854 V InputMethodManager: Starting input: tba=android.view.inputmethod.EditorInfo@9f1280f nm : com.android.chrome ic=null
09-02 09:11:59.251  6854  6854 I InputMethodManager: startInputInner - mService.startInputOrWindowGainedFocus
09-02 09:11:59.251  3979  4545 D InputMethodManagerService: startInputOrWindowGainedFocus : startInput 
09-02 09:11:59.252  3979  4545 D InputMethodManagerService: setCurrentInputInfo - inputContext : null eidtorInfo : android.view.inputmethod.EditorInfo@f3a3526 missingMethods : 0
09-02 09:11:59.252  4336  4336 I InputMethodWrapper:  call dispatchStartInputWithToken
09-02 09:11:59.252  4336  4336 I InputMethodService: dispatchStartInputWithToken
09-02 09:11:59.253  4336  4336 I SKBD    : SamsungKeypad [IMI] onStartInput - caller pid : 6854, caller uid : 10096
09-02 09:11:59.253  4336  4336 I SKBD    : SamsungKeypad  CACHEDIC onStartInput  isCachedICEnabled:  false
09-02 09:11:59.253  4336  4336 I SKBD    : atl getDefaultInputRange : UNKNOWN
09-02 09:11:59.253  4336  4336 I SKBD    : awo resetBinderManager()
09-02 09:11:59.253  4336  4336 I SKBD_SYNC: SamsungKeypad onStartInput: import DLM
09-02 09:11:59.253  4336  4336 I SKBD    : atl setPrivateImeOptionsToTable privateImeOptions ( null )
09-02 09:11:59.253  4336  4336 I SKBD    : atl imeOptions is null
09-02 09:11:59.254  4336  4336 I SKBD    : SamsungKeypad [PF_OP][onStartInput] 1220384
09-02 09:11:59.255  6890  6937 I tflite  : Initialized TensorFlow Lite runtime.
09-02 09:11:59.259  3979  4545 D SamsungAlarmManager: setInexact Intent (T:3/F:0/AC:false) 20230902T091213 - CU:10025/CP:10264
09-02 09:11:59.279  3979  4545 D ConnectivityService: filterNetworkStateForUid() uid: 10096 networkInfo: [type: WIFI[] - WIFI, state: CONNECTED/CONNECTED, reason: (unspecified), extra: "WiFi 69", failover: false, available: true, roaming: false, metered: false]
09-02 09:11:59.282  6854  6996 D ConnectivityManager: requestNetwork; CallingUid : 10096, CallingPid : 6854
09-02 09:11:59.283  3979  4545 D ConnectivityService: listenForNetwork for uid/pid:10096/6854 NetworkRequest [ LISTEN id=350, [ Capabilities: INTERNET&NOT_RESTRICTED&TRUSTED&FOREGROUND] ]
09-02 09:11:59.284  3979  4180 D ConnectivityService: rematching NetworkAgentInfo [WIFI () - 502]
09-02 09:11:59.284  3979  4180 D ConnectivityService:  network has: [ Transports: WIFI Capabilities: NOT_METERED&INTERNET&NOT_RESTRICTED&TRUSTED&NOT_VPN&VALIDATED&FOREGROUND LinkUpBandwidth>=1048576Kbps LinkDnBandwidth>=1048576Kbps SignalStrength: -58]
09-02 09:11:59.284  3979  4180 D ConnectivityService: Network NetworkAgentInfo [WIFI () - 502] was already satisfying request 346. No change.
09-02 09:11:59.284  3979  4180 D ConnectivityService: Network NetworkAgentInfo [WIFI () - 502] was already satisfying request 332. No change.
09-02 09:11:59.284  3979  4180 D ConnectivityService: Network NetworkAgentInfo [WIFI () - 502] was already satisfying request 3. No change.
09-02 09:11:59.284  3979  4180 D ConnectivityService: Network NetworkAgentInfo [WIFI () - 502] was already satisfying request 310. No change.
09-02 09:11:59.284  3979  4545 D ConnectivityService: filterNetworkStateForUid() uid: 10096 networkInfo: [type: WIFI[] - WIFI, state: CONNECTED/CONNECTED, reason: (unspecified), extra: "WiFi 69", failover: false, available: true, roaming: false, metered: false]
09-02 09:11:59.284  3979  4180 D ConnectivityService: Network NetworkAgentInfo [WIFI () - 502] was already satisfying request 1. No change.
09-02 09:11:59.284  3979  4180 D ConnectivityService: Network NetworkAgentInfo [WIFI () - 502] was already satisfying request 331. No change.
09-02 09:11:59.284  3979  4180 D ConnectivityService: Network NetworkAgentInfo [WIFI () - 502] was already satisfying request 140. No change.
09-02 09:11:59.284  3979  4180 D ConnectivityService: sending notification AVAILABLE for NetworkRequest [ LISTEN id=350, [ Capabilities: INTERNET&NOT_RESTRICTED&TRUSTED&FOREGROUND] ]
09-02 09:11:59.285  3979  4180 D ConnectivityService: sending notification CAP_CHANGED for NetworkRequest [ LISTEN id=350, [ Capabilities: INTERNET&NOT_RESTRICTED&TRUSTED&FOREGROUND] ]
09-02 09:11:59.285  3979  4180 D ConnectivityService: sending notification IP_CHANGED for NetworkRequest [ LISTEN id=350, [ Capabilities: INTERNET&NOT_RESTRICTED&TRUSTED&FOREGROUND] ]
09-02 09:11:59.286  3979  4545 D ConnectivityService: filterNetworkStateForUid() uid: 10096 networkInfo: [type: WIFI[] - WIFI, state: CONNECTED/CONNECTED, reason: (unspecified), extra: "WiFi 69", failover: false, available: true, roaming: false, metered: false]
09-02 09:11:59.287  3979  4545 D ConnectivityService: filterNetworkStateForUid() uid: 10096 networkInfo: [type: WIFI[] - WIFI, state: CONNECTED/CONNECTED, reason: (unspecified), extra: "WiFi 69", failover: false, available: true, roaming: false, metered: false]
09-02 09:11:59.297  3979  3979 D CustomFrequencyManagerService: releaseDVFSLockLocked : Getting Lock type frm List : DVFS_MIN_LIMIT  frequency : 1560000  uid : 1000  pid : 3979  tag : AMS_RESUME_TAIL@CPU_MIN@14
09-02 09:11:59.304  3979  4545 D ConnectivityService: filterNetworkStateForUid() uid: 10096 networkInfo: [type: WIFI[] - WIFI, state: CONNECTED/CONNECTED, reason: (unspecified), extra: "WiFi 69", failover: false, available: true, roaming: false, metered: false]
09-02 09:11:59.307  3979  4545 I chatty  : uid=1000(system) Binder:3979_6 identical 1 line
09-02 09:11:59.317  3979  4545 D ConnectivityService: filterNetworkStateForUid() uid: 10096 networkInfo: [type: WIFI[] - WIFI, state: CONNECTED/CONNECTED, reason: (unspecified), extra: "WiFi 69", failover: false, available: true, roaming: false, metered: false]
09-02 09:11:59.324  6854  6854 W ResourceType: Failure getting entry for 0x7f0100fa (t=0 e=250) (error -75)
09-02 09:11:59.327  6854  6854 W ResourceType: Failure getting entry for 0x7f010854 (t=0 e=2132) (error -75)
09-02 09:11:59.360  6854  6854 W ResourceType: Failure getting entry for 0x7f010220 (t=0 e=544) (error -75)
09-02 09:11:59.363  6854  6854 W ResourceType: Failure getting entry for 0x7f0107f5 (t=0 e=2037) (error -75)
09-02 09:11:59.383  6854  6854 W ResourceType: Failure getting entry for 0x7f010853 (t=0 e=2131) (error -75)
09-02 09:11:59.403  6854  6933 D NetworkSecurityConfig: Using Network Security Config from resource 0_resource_name_obfuscated debugBuild: false
09-02 09:11:59.406  6854  6854 W InputMethodManager: Ignoring onBind: cur seq=353, given seq=352
09-02 09:11:59.406  6854  6854 I Choreographer: Skipped 45 frames!  The application may be doing too much work on its main thread.
09-02 09:11:59.411  3979  6264 V WindowManager: Relayout Window{2d1f1cf u0 com.android.chrome/com.google.android.apps.chrome.Main}: viewVisibility=0 req=720x1280 WM.LayoutParams{(0,0)(fillxfill) sim=#13 ty=1 fl=#81810100 pfl=0x20000 fmt=-3 wanim=0x10302fd vsysui=0x2600 sysuil=true needsMenuKey=2 colorMode=0 naviIconColor=0}
09-02 09:11:59.416  6854  6854 D ViewRootImpl@73ec0d3[Main]: Relayout returned: old=[0,0][720,1280] new=[0,0][720,1280] result=0x1 surface={valid=true 3326396416} changed=false
09-02 09:11:59.424  3979  6264 D ConnectivityService: filterNetworkStateForUid() uid: 10096 networkInfo: [type: WIFI[] - WIFI, state: CONNECTED/CONNECTED, reason: (unspecified), extra: "WiFi 69", failover: false, available: true, roaming: false, metered: false]
09-02 09:11:59.426  3462  3462 I SurfaceFlinger: Display 0 HWC layers:
09-02 09:11:59.426  3462  3462 I SurfaceFlinger:     type    |    handle    | flag |  format   |   source crop (l,t,r,b)    |         frame       | name 
09-02 09:11:59.426  3462  3462 I SurfaceFlinger: ------------+--------------+------+-----------+----------------------------+---------------------+------
09-02 09:11:59.426  3462  3462 I SurfaceFlinger:      Device | 0x7ac4c25200 | 0002 | RGBA_8888 |   0.0    0.0  720.0 1238.0 |    0   42  720 1280 | SurfaceView - com.android.chrome/com[...]android.apps.chrome.Main@cbe933d@0#0
09-02 09:11:59.426  3462  3462 I SurfaceFlinger:      Device | 0x7abdcaa000 | 0000 | RGBA_8888 |   0.0    0.0  720.0 1280.0 |    0    0  720 1280 | com.android.chrome/com.google.android.apps.chrome.Main#0
09-02 09:11:59.426  3462  3462 I SurfaceFlinger:      Device | 0x7abe64b980 | 0000 | RGBA_8888 |   0.0    0.0  720.0   42.0 |    0    0  720   42 | StatusBar#0
09-02 09:11:59.426  3462  3462 I SurfaceFlinger: 
09-02 09:11:59.427  3979  4545 D ConnectivityService: filterNetworkStateForUid() uid: 10096 networkInfo: [type: WIFI[] - WIFI, state: CONNECTED/CONNECTED, reason: (unspecified), extra: "WiFi 69", failover: false, available: true, roaming: false, metered: false]
09-02 09:11:59.429  3979  4545 D ConnectivityService: filterNetworkStateForUid() uid: 10096 networkInfo: [type: WIFI[] - WIFI, state: CONNECTED/CONNECTED, reason: (unspecified), extra: "WiFi 69", failover: false, available: true, roaming: false, metered: false]
09-02 09:11:59.430  3979  4373 D ConnectivityService: filterNetworkStateForUid() uid: 10096 networkInfo: [type: WIFI[] - WIFI, state: CONNECTED/CONNECTED, reason: (unspecified), extra: "WiFi 69", failover: false, available: true, roaming: false, metered: false]
09-02 09:11:59.433  3979  4373 I chatty  : uid=1000(system) Binder:3979_4 identical 1 line
09-02 09:11:59.434  3979  4373 D ConnectivityService: filterNetworkStateForUid() uid: 10096 networkInfo: [type: WIFI[] - WIFI, state: CONNECTED/CONNECTED, reason: (unspecified), extra: "WiFi 69", failover: false, available: true, roaming: false, metered: false]
09-02 09:11:59.437  6854  6854 I cr_tabmodel: #isIncognitoTabBeingRestored from tabState:  false
09-02 09:11:59.502  3979  4003 W StorageManager: getStorageFullBytes DEFAULT_FULL_THRESHOLD_BYTES : 20971520, threadhold : 20971520
09-02 09:11:59.502  3979  4003 W StorageManager: getStorageLowBytes lowPercent : 5, lowBytes : 1260145254, maxLowBytes : 524288000
09-02 09:11:59.504  6854  6854 I chatty  : uid=10096(u0_a96) identical 22 lines
09-02 09:11:59.504  6854  6854 I cr_tabmodel: #isIncognitoTabBeingRestored from tabState:  false
09-02 09:11:59.504  3979  4003 W DeviceStorageMonitorService: updateBroadcasts(/data) oldLevel:0, newLevel:0, seq:1
09-02 09:11:59.505  3979  4003 W DeviceStorageMonitorService: updateBroadcasts_filenode(/data) fn_oldLevel:0, fn_newLevel:0, seq:1
09-02 09:11:59.517  6854  6854 I cr_tabmodel: Loaded tab lists; counts: 13,0
09-02 09:11:59.626 22051 22051 D BoundBrokerSvc: onBind: Intent { act=com.google.android.gms.feedback.internal.IFeedbackService dat=chimera-action: cmp=com.google.android.gms/.chimera.GmsBoundBrokerService }
09-02 09:11:59.626 22051 22051 D BoundBrokerSvc: Loading bound service for intent: Intent { act=com.google.android.gms.feedback.internal.IFeedbackService dat=chimera-action: cmp=com.google.android.gms/.chimera.GmsBoundBrokerService }
09-02 09:11:59.649  3979  4111 D MdnieScenarioControlService:  packageName : com.android.chrome    className : com.google.android.apps.chrome.Main
09-02 09:11:59.649  6854  6854 V InputMethodManager: Starting input: tba=android.view.inputmethod.EditorInfo@cd89cda nm : com.android.chrome ic=eG3@2a1650b
09-02 09:11:59.650  6854  6854 I InputMethodManager: startInputInner - mService.startInputOrWindowGainedFocus
09-02 09:11:59.650  3979  4545 D InputMethodManagerService: startInputOrWindowGainedFocus : startInput 
09-02 09:11:59.651  3979  4545 D InputMethodManagerService: setCurrentInputInfo - inputContext : com.android.internal.view.IInputContext$Stub$Proxy@9525361 eidtorInfo : android.view.inputmethod.EditorInfo@b7b3e86 missingMethods : 0
09-02 09:11:59.651  4336  4336 I InputMethodWrapper:  call dispatchStartInputWithToken
09-02 09:11:59.651  4336  4336 I InputMethodService: dispatchStartInputWithToken
09-02 09:11:59.651  4336  4336 I SKBD    : SamsungKeypad [IMI] onStartInput - caller pid : 6854, caller uid : 10096
09-02 09:11:59.652  4336  4336 I SKBD    : SamsungKeypad  CACHEDIC onStartInput  isCachedICEnabled:  false
09-02 09:11:59.652  4336  4336 I SKBD    : atl getDefaultInputRange : UNKNOWN
09-02 09:11:59.652  4336  4336 I SKBD    : awo resetBinderManager()
09-02 09:11:59.652  4336  4336 I SKBD_SYNC: SamsungKeypad onStartInput: import DLM
09-02 09:11:59.652  4336  4336 I SKBD    : atl setPrivateImeOptionsToTable privateImeOptions ( null )
09-02 09:11:59.652  4336  4336 I SKBD    : atl imeOptions is null
09-02 09:11:59.652  4336  4336 I SKBD    : SamsungKeypad [PF_OP][onStartInput] 379693
09-02 09:11:59.679 22051 22197 I Icing   : IndexChimeraService.getServiceInterface callingPackage=com.google.android.gms componentName=null serviceId=30
09-02 09:11:59.679 22051 22051 D BoundBrokerSvc: onBind: Intent { act=com.google.android.gms.common.BIND_SHARED_PREFS pkg=com.google.android.gms }
09-02 09:11:59.679 22051 22051 D BoundBrokerSvc: Loading bound service for intent: Intent { act=com.google.android.gms.common.BIND_SHARED_PREFS pkg=com.google.android.gms }
09-02 09:11:59.684 22051 22051 D BoundBrokerSvc: onUnbind: Intent { act=com.google.android.gms.common.BIND_SHARED_PREFS pkg=com.google.android.gms }
09-02 09:11:59.698 22051 22198 I GmsCoreXrpcWrapper: (REDACTED) Returning a channel provider with trafficStatsTag=%d trafficStatsUid=%d
09-02 09:11:59.783 22051 22198 I Icing   : Usage reports ok 4, Failed Usage reports 0, indexed 2, rejected 0
09-02 09:11:59.950  3979  4292 D WifiConnectivityMonitor:  [|211] [] []
09-02 09:12:00.000  3979  4067 D SamsungAlarmManager: Expired : 12
09-02 09:12:00.000  3979  4067 I SamsungAlarmManager: setLocked to kernel - T:2 / 20230902T091520, SetElapsed=84101617, nowELAPSED=83901432
09-02 09:12:00.000  3979  4067 I SamsungAlarmManager: setLocked to kernel - T:3 / 20230902T091213, SetElapsed=83915070, nowELAPSED=83901432
09-02 09:12:00.000  3979  4067 V SamsungAlarmManager: Sending to uid : 1000 listener=android.app.AlarmManager$ListenerWrapper@126e23f alarm=Alarm{663ea55 type 2 when 83895709 android}
09-02 09:12:00.001  3979  4067 V SamsungAlarmManager: Sending to uid : 1000 listener=android.app.AlarmManager$ListenerWrapper@4eba1db alarm=Alarm{caedc6a type 2 when 83895709 android}
09-02 09:12:00.001  3979  4067 V SamsungAlarmManager: Sending to uid : 1000 action=android.intent.action.TIME_TICK alarm=Alarm{198555b type 3 when 83901432 android}
09-02 09:12:00.002  3979  4067 V SamsungAlarmManager: Sending to uid : 10074 action=com.samsung.action.EVERY_MINUTE_CLOCK_UPDATE alarm=Alarm{74041f8 type 1 when 1693638720000 com.sec.android.app.launcher}
09-02 09:12:00.003  3979  3979 D SamsungAlarmManager: setExact Listener (T:2/F:0/AC:false) 20230902T091205 - CU:1000/CP:3979
09-02 09:12:00.003  3979  3979 I SamsungAlarmManager: setLocked to kernel - T:2 / 20230902T091205, SetElapsed=83907089, nowELAPSED=83901436
09-02 09:12:00.004  5213  5213 I Launcher: onReceive: com.samsung.action.EVERY_MINUTE_CLOCK_UPDATE
09-02 09:12:00.006  3979  3979 D StorageManagerService: getExternalStorageMountMode : 1
09-02 09:12:00.007  3979  3979 D StorageManagerService: getExternalStorageMountMode : 3
09-02 09:12:00.007  3979  3979 D StorageManagerService: getExternalStorageMountMode : final mountMode=1, uid : 10031, packageName : com.google.android.partnersetup
09-02 09:12:00.007  3979  3979 I ApplicationPolicy: isApplicationExternalStorageWhitelisted:com.google.android.partnersetup user:0
09-02 09:12:00.007  3979  3979 D ApplicationPolicy: isApplicationExternalStorageWhitelisted: DO is not enabled on user 0. Allowed.
09-02 09:12:00.007  3979  3979 D ActivityManager: package  com.google.android.partnersetup, user - 0 is SDcard whitelisted
09-02 09:12:00.007  3979  3979 I ApplicationPolicy: isApplicationExternalStorageBlacklisted:com.google.android.partnersetup user:0
09-02 09:12:00.008  3979  3979 D ApplicationPolicy: isApplicationExternalStorageBlacklisted: DO is not enabled on user 0. Allowed.
09-02 09:12:00.023  7001  7001 E Zygote  : isWhitelistProcess - Process is Whitelisted
09-02 09:12:00.024  7001  7001 E libpersona: scanKnoxPersonas
09-02 09:12:00.024  7001  7001 E libpersona: Couldn't open the File - /data/system/users/0/personalist.xml - No such file or directory
09-02 09:12:00.025  3979  3979 I ActivityManager: Start proc 7001:com.google.android.partnersetup/u0a31 for service com.google.android.partnersetup/.InstalledAppJobService
09-02 09:12:00.026  7001  7001 W SELinux : SELinux selinux_android_compute_policy_index : Policy Index[2],  Con:u:r:zygote:s0 RAM:SEPF_SM-J720F_8.0.0_0017, [-1 -1 -1 -1 0 1]
09-02 09:12:00.026  7001  7001 I SELinux : SELinux: seapp_context_lookup: seinfo=apm, level=s0:c512,c768, pkgname=com.google.android.partnersetup 
09-02 09:12:00.027  3979  4373 D SamsungAlarmManager: setInexact Intent (T:1/F:0/AC:false) 20230902T091300 - CU:10074/CP:5213
09-02 09:12:00.027  5213  5213 I IconView: applyFromShortcutInfo - start GetLive : com.samsung.android.calendar
09-02 09:12:00.028  5213  5213 I BitmapCacheContainer: getBitmapCache: BitmapCache expired com.samsung.android.calendar/UserHandle{0}
09-02 09:12:00.029  3979  3979 D SamsungAlarmManager: setInexact Listener (T:2/F:0/AC:false) 20230902T095405 - CU:1000/CP:3979
09-02 09:12:00.031  3979  3979 D SamsungAlarmManager: setExact Intent (T:3/F:1/AC:false) 20230902T091300 - CU:1000/CP:3979
09-02 09:12:00.031  3979  3979 V AlarmManager: ___SyncScheduler (v3) ACTIVATED___
09-02 09:12:00.031  3979  3979 V AlarmManagerEXT: <AppSync3 Whitelist>
09-02 09:12:00.031  3979  3979 V AlarmManagerEXT: (AppSync) com.facebook.services : 900(960)
09-02 09:12:00.031  3979  3979 V AlarmManagerEXT: (AppSync) ### 1 added ###
09-02 09:12:00.032  5213  5213 D ApplicationPackageManager: we has com.samsung.android.calendar class. reuse it 
09-02 09:12:00.032  4349  4349 D KeyguardUpdateMonitor: received broadcast android.intent.action.TIME_TICK
09-02 09:12:00.033  4349  4349 D KeyguardServiceBoxContainer: refreshTime() 1
09-02 09:12:00.050  5213  5213 I ApplicationPackageManager: load= live icon for com.samsung.android.calendar, from overlay = false
09-02 09:12:00.051  5213  5213 I LiveIconManager: getLiveIcon: complete(sync_created)
09-02 09:12:00.051  5213  5213 I IconView: applyFromShortcutInfo - end GetLive : com.samsung.android.calendar
09-02 09:12:00.053  5213  5213 I IconView: applyFromApplicationInfo - start GetLive : com.sec.android.app.clockpackage
09-02 09:12:00.057  5213  5213 D ApplicationPackageManager: we has com.sec.android.app.clockpackage class. reuse it 
09-02 09:12:00.058  5213  5213 D LiveIconLoader: getLiveIcon was called in ClockPackage
09-02 09:12:00.059  5213  5213 D LiveIconLoader: getLiveIcon res = com.sec.android.app.clockpackage
09-02 09:12:00.060  5213  5213 D LiveIconLoader: stdIconSize : 84 , targetIconSize : 94
09-02 09:12:00.060  5213  5213 D LiveIconLoader: mIconDpi : 320 , mTargetIconDpi : 280
09-02 09:12:00.073  5213  5213 I ApplicationPackageManager: load= live icon for com.sec.android.app.clockpackage, from overlay = false
09-02 09:12:00.074  4349  4349 D KeyguardUpdateMonitor: handleStatusBarState( false )
09-02 09:12:00.074  5213  5213 I LiveIconManager: getLiveIcon: complete(sync_created)
09-02 09:12:00.074  5213  5213 I IconView: applyFromApplicationInfo - end GetLive : com.sec.android.app.clockpackage
09-02 09:12:00.074  5213  5213 I IconView: applyFromApplicationInfo - start GetLive : com.samsung.android.calendar
09-02 09:12:00.074  5213  5213 I IconView: applyFromApplicationInfo - end GetLive : com.samsung.android.calendar
09-02 09:12:00.075  7001  7001 D TimaKeyStoreProvider: TimaKeyStore is not enabled: cannot add TimaSignature Service and generateKeyPair Service
09-02 09:12:00.075  7001  7001 D ActivityThread: Added TimaKeyStore provider
09-02 09:12:00.077  3979  4545 I ActivityManager: DSS on for com.google.android.partnersetup and scale is 1.0
09-02 09:12:00.090  6854  6854 I cr_tabmodel: Appending tabs being restored to metadata lists, 0, startingNormalCount: 13, startingIncognitoCount: 0
09-02 09:12:00.091  6854  6854 I cr_tabmodel: Serializing tab lists; counts: 13, 0
09-02 09:12:00.097  4349  4349 D KeyguardUpdateMonitor: handleStatusBarState( false )
09-02 09:12:00.113  7001  7001 I zygote64: no shared libraies, dex_files: 1
09-02 09:12:00.127  3979  3994 D SemExecuteManagerService: onShortcutChanged: com.android.chrome0
09-02 09:12:00.128  5213 18686 D LauncherApps: onShortcutChanged 0,com.android.chrome
09-02 09:12:00.128  6854  6854 I cr_StartSurface: Recorded Startup.Android.StartSurfaceShownAtStartup = false
09-02 09:12:00.128  5213  5213 D DeepShortcutManager: bindDeepShortcutMap: {com.android.launcher3.util.ComponentKey@1e9a2cfa=[DynamicFullRecent], com.android.launcher3.util.ComponentKey@92548096=[Search, Messages, Share, Notifications], com.android.launcher3.util.ComponentKey@9df2b1d6=[scanQrCode, newTab, newPrivateTab, search], com.android.launcher3.util.ComponentKey@489bf67c=[text_shortcut, voice_shortcut], com.android.launcher3.util.ComponentKey@86e56e2c=[open_new_tab, password_manager, open_new_private_tab], com.android.launcher3.util.ComponentKey@d85d54d0=[search_event_task, create_task, create_event], com.android.launcher3.util.ComponentKey@f5d080bf=[phoneadd, search, missedcall], com.android.launcher3.util.ComponentKey@515cb72c=[VIEW_MY_DOWNLOADS], com.android.launcher3.util.ComponentKey@683678e7=[create_message], com.android.launcher3.util.ComponentKey@64033792=[explore-shortcut, search-shortcut, shorts-shortcut, subscriptions-shortcut], com.android.launcher3.util.ComponentKey@3a8c61b=[compose], com.android.launcher3.util.ComponentKey@429b698e=[selfie, auto], com.android.launcher3.util.ComponentKey@91a61c5e=[contactadd, myprofile, contactgroup], com.android.launcher3.util.ComponentKey@3e17fc4f=[updates], com.android.launcher3.util.ComponentKey@967f6ac6=[search_shortcut], com.android.launcher3.util.ComponentKey@afe2ea5f=[manifest_home, manifest_work], com.android.launcher3.util.ComponentKey@7bfa09e7=[manifest_compose_shortcut, andrei.bogdan.marcel97@gmail.com], com.android.launcher3.util.ComponentKey@947c4a03=[new-tab-shortcut, dynamic-new-incognito-tab-shortcut]}
09-02 09:12:00.142  6854  6889 I cr_BindingManager: Visible binding enabled: maxSize=40
09-02 09:12:00.144  3979  3979 D PreBindingService: handleMessage : 1
09-02 09:12:00.151  3979  4545 W StorageManager: getStorageLowBytes lowPercent : 5, lowBytes : 1260145254, maxLowBytes : 524288000
09-02 09:12:00.297  4962  4962 D io_stats: !@ 179,0 r 508337 15739536 w 261499 5705032 d 26257 18472136 f 84386 85881 iot 361632 303366 th 51200 0 0 pt 0 inp 0 0 29253.542
09-02 09:12:00.960  6854  6854 E cr_BTSPrefs: No data found for task id: 53
09-02 09:12:00.962  6854  6854 E cr_BkgrdTaskScheduler: Task cannot be canceled because no data was found instorage or data was invalid
09-02 09:12:00.995  3979  4051 D SensorService: [SO] 0.101 -0.388 9.893
09-02 09:12:01.782  3449  3449 I android.hardware.wifi@1.0-service: getLinkLayerStats
09-02 09:12:02.665  3979  4327 D skia    : Encode PNG Singlethread processname=system_server :      21036 us, width=84, height=84
09-02 09:12:02.825  4349  4349 D KeyguardUpdateMonitor: handleStatusBarState( false )
09-02 09:12:03.177 14031 14031 E adbd    : recv: OPEN 00018ebb 00000000 0076:73 68 65 6C 6C 2C 76 32 2C 54 45 52 4D 3D 78 74 65 72 6D 2D 32 35 36 63 6F 6C 6F 72 2C 72 61 77 3A 64 75 6D 70 73 79 73 20 61 63 74 69 76 69 74 79 20 72 65 63 65 6E 74 73 20 7C 20 67 72 65 70 20 22 52 65 63 65 6E 74 20 23 30 22 20 7C 20 63 75 74 20 2D 64 20 22 3D 22 20 2D 66 32 20 7C 20 67 72 65 70 20 2D 6F 20 2D 70 20 22 5B 61 2D 7A 7C 2E 5D 2A 22 00 
09-02 09:12:03.177 14031 14031 E adbd    : service_to_fd: shell,v2,TERM=xterm-256color,raw:dumpsys activity recents | grep "Recent #0" | cut -d "=" -f2 | grep -o -p "[a-z|.]*"
09-02 09:12:03.274  3979  6264 D BatteryService: !@BatteryListener : batteryPropertiesChanged!
09-02 09:12:03.275  3979  6264 D BatteryService: level:100, scale:100, status:5, health:2, present:true, voltage: 4293, temperature: 255, technology: Li-ion, AC powered:false, USB powered:true, POGO powered:false, Wireless powered:false, icon:17303834, invalid charger:0, maxChargingCurrent:0, maxChargingVoltage:0, chargeCounter:0
09-02 09:12:03.275  3979  6264 D BatteryService: online:4, current avg:68, charge type:0, power sharing:false, high voltage charger:false, capacity:280000, batterySWSelfDischarging:false, misc_event:0, current_event:0, current_now:137
09-02 09:12:03.275  3979  3979 D BatteryService: Sending ACTION_BATTERY_CHANGED.
09-02 09:12:03.277  3979  3979 D SamsungPhoneWindowManager: ACTION_BATTERY_CHANGED - Level :: 100, battStatus :: 5
09-02 09:12:03.277  3979  3979 I MotionRecognitionService: Plugged
09-02 09:12:03.277  3979  3979 D MotionRecognitionService:   mCableConnection= 1
09-02 09:12:03.277  3979  3979 D MotionRecognitionService: setPowerConnected : mGripEnabled = false
09-02 09:12:03.278  3979  4002 D UsbDeviceManager: handleMessage -> MSG_UPDATE_CHARGING_STATE = 1
09-02 09:12:03.279  4349  4349 D KeyguardUpdateMonitor: received broadcast android.intent.action.BATTERY_CHANGED
09-02 09:12:03.280  4349  4349 D BatteryController: onReceive-ACTION_BATTERY_CHANGED : mLevel=100, mBatteryStatus=5
09-02 09:12:03.287  4349  4349 D PowerUI : priorPlugType = 2 mPlugType =  2
09-02 09:12:03.304 14031 14031 E adbd    : recv: OPEN 00018ebe 00000000 0042:73 68 65 6C 6C 2C 76 32 2C 54 45 52 4D 3D 78 74 65 72 6D 2D 32 35 36 63 6F 6C 6F 72 2C 72 61 77 3A 67 65 74 70 72 6F 70 20 72 6F 2E 62 75 69 6C 64 2E 76 65 72 73 69 6F 6E 2E 72 65 6C 65 61 73 65 00 
09-02 09:12:03.304 14031 14031 E adbd    : service_to_fd: shell,v2,TERM=xterm-256color,raw:getprop ro.build.version.release
09-02 09:12:03.376 14031 14031 E adbd    : recv: OPEN 00018ec1 00000000 003e:73 68 65 6C 6C 2C 76 32 2C 54 45 52 4D 3D 78 74 65 72 6D 2D 32 35 36 63 6F 6C 6F 72 2C 72 61 77 3A 67 65 74 70 72 6F 70 20 72 6F 2E 62 75 69 6C 64 2E 76 65 72 73 69 6F 6E 2E 73 64 6B 00 
09-02 09:12:03.376 14031 14031 E adbd    : service_to_fd: shell,v2,TERM=xterm-256color,raw:getprop ro.build.version.sdk
09-02 09:12:03.471 14031 14031 E adbd    : recv: OPEN 00018ec4 00000000 0034:73 68 65 6C 6C 2C 76 32 2C 54 45 52 4D 3D 78 74 65 72 6D 2D 32 35 36 63 6F 6C 6F 72 2C 72 61 77 3A 69 6E 70 75 74 20 74 61 70 20 35 35 30 20 31 35 30 30 00 
09-02 09:12:03.471 14031 14031 E adbd    : service_to_fd: shell,v2,TERM=xterm-256color,raw:input tap 550 1500
09-02 09:12:03.935  7035  7035 W ADebug  : Failed to get property persist.sys.media.traces
09-02 09:12:03.938  7035  7035 E appproc : Enhanced Zygote ASLR: ro.knox.enhance.zygote.aslr != 1. Enhanced Zygote ASLR is DISABLED!
09-02 09:12:03.938  7035  7035 D AndroidRuntime: >>>>>> START com.android.internal.os.RuntimeInit uid 2000 <<<<<<
09-02 09:12:03.942  7035  7035 D SecNativeFeatureCppIf: encoded
09-02 09:12:03.942  7035  7035 D SecNativeFeatureCppIf: decoding and unzip finish
09-02 09:12:03.942  7035  7035 D SecNativeFeatureCppIf: use unCompDataBuff. encoded
09-02 09:12:03.942  7035  7035 D SecNativeFeatureCppIf: Free unCompDataBuff
09-02 09:12:03.942  7035  7035 D SecNativeFeatureCppIf: encoded
09-02 09:12:03.942  7035  7035 D SecNativeFeatureCppIf: decoding and unzip finish
09-02 09:12:03.942  7035  7035 D SecNativeFeatureCppIf: use unCompDataBuff. encoded
09-02 09:12:03.942  7035  7035 D SecNativeFeatureCppIf: Free unCompDataBuff
09-02 09:12:03.942  7035  7035 D SecNativeFeatureCppIf: encoded
09-02 09:12:03.942  7035  7035 D SecNativeFeatureCppIf: decoding and unzip finish
09-02 09:12:03.942  7035  7035 D SecNativeFeatureCppIf: use unCompDataBuff. encoded
09-02 09:12:03.943  7035  7035 D SecNativeFeatureCppIf: Free unCompDataBuff
09-02 09:12:03.943  7035  7035 D SecNativeFeatureCppIf: encoded
09-02 09:12:03.943  7035  7035 D SecNativeFeatureCppIf: decoding and unzip finish
09-02 09:12:03.943  7035  7035 D SecNativeFeatureCppIf: use unCompDataBuff. encoded
09-02 09:12:03.943  7035  7035 D SecNativeFeatureCppIf: Free unCompDataBuff
09-02 09:12:04.044  7035  7035 D ICU     : Timezone override file found: /data/misc/zoneinfo/current/icu/icu_tzdata.dat
09-02 09:12:04.059  7035  7035 I app_process: find the special shared library, skip check
09-02 09:12:04.087  7035  7035 D SemCscFeature: Encoded
09-02 09:12:04.090  7035  7035 I chatty  : uid=2000(shell) identical 2 lines
09-02 09:12:04.091  7035  7035 D SemCscFeature: Encoded
09-02 09:12:04.093  7035  7035 E SemAffinityControl: SemAffinityControl: registerfunction enter
09-02 09:12:04.099  7035  7035 D AndroidRuntime: Calling main entry com.android.commands.input.Input
09-02 09:12:04.105  7035  7035 I Input   : injectMotionEvent: MotionEvent { action=ACTION_DOWN, actionButton=0, id[0]=0, x[0]=550.0, y[0]=1500.0, toolType[0]=TOOL_TYPE_UNKNOWN, buttonState=0, metaState=0, flags=0x0, edgeFlags=0x0, pointerCount=1, historySize=0, eventTime=29257345, downTime=29257345, deviceId=3, source=0x1002 }
09-02 09:12:04.105  3979  4373 D InputDispatcher: Inject motion (7035): action=0x0, eventTime=29257345000000, displayId=0
09-02 09:12:04.106  3979  4081 I InputDispatcher: Dropping event because there is no touchable window at (550, 1500).
09-02 09:12:04.107  3979  4373 W InputManager: Input event injection from pid 7035 failed.
09-02 09:12:04.107  7035  7035 I Input   : injectMotionEvent: MotionEvent { action=ACTION_UP, actionButton=0, id[0]=0, x[0]=550.0, y[0]=1500.0, toolType[0]=TOOL_TYPE_UNKNOWN, buttonState=0, metaState=0, flags=0x0, edgeFlags=0x0, pointerCount=1, historySize=0, eventTime=29257345, downTime=29257345, deviceId=3, source=0x1002 }
09-02 09:12:04.107  3979  4373 D InputDispatcher: Inject motion (7035): action=0x1, eventTime=29257345000000, displayId=0
09-02 09:12:04.108  3979  4373 W InputManager: Input event injection from pid 7035 failed.
09-02 09:12:04.109  7035  7035 D AndroidRuntime: Shutting down VM
09-02 09:12:04.201 14031 14031 E adbd    : recv: OPEN 00018ec7 00000000 0042:73 68 65 6C 6C 2C 76 32 2C 54 45 52 4D 3D 78 74 65 72 6D 2D 32 35 36 63 6F 6C 6F 72 2C 72 61 77 3A 67 65 74 70 72 6F 70 20 72 6F 2E 62 75 69 6C 64 2E 76 65 72 73 69 6F 6E 2E 72 65 6C 65 61 73 65 00 
09-02 09:12:04.201 14031 14031 E adbd    : service_to_fd: shell,v2,TERM=xterm-256color,raw:getprop ro.build.version.release
