--------- beginning of system
09-01 20:30:03.442  1513  2000 D ConnectivityService: NetReassign [no changes]
09-01 20:30:03.774  1513  1537 I ActivityManager: Force stopping com.opera.browser appid=10261 user=0: from pid 18932
--------- beginning of main
09-01 20:30:03.779  2474  2474 E PhoneInterfaceManager: [PhoneIntfMgr] getCarrierPackageNamesForIntentAndPhone: No UICC
09-01 20:30:03.780  2474  2474 D CarrierSvcBindHelper: No carrier app for: 0
09-01 20:30:03.788  3135  3135 D RegisteredNfcFServicesCache: Service unchanged, not updating
09-01 20:30:03.791  8777  8777 I EuiccGoogle: [2] EuiccServiceImpl.onCreate: onCreate Single-SIM mode: simCardState is 1
09-01 20:30:03.797  8777 18938 I EuiccGoogle: [6318] EuiccServiceImpl.onGetEuiccProfileInfoList: onGetEuiccProfileInfoList: slotId = -1
09-01 20:30:03.799  8777 18938 W EuiccGoogle: [6318] EuiccServiceImpl.onGetEuiccProfileInfoList: slotId=-1. No eUICC is active. Return null.
09-01 20:30:04.030  1513  1537 I ActivityTaskManager: START u0 {act=android.intent.action.VIEW flg=0x10008000 cmp=com.opera.browser/com.opera.Opera} from uid 2000
09-01 20:30:04.030  1513  1572 D EventSequenceValidator: inc AccIntentStartedEvents to 2
09-01 20:30:04.039   901  2806 I sensors-hal: [ssc_utils]get_qmi_debug_flag:244, support_qmi_debug : false
09-01 20:30:04.047 18932 18934 I cmd     : oneway function results will be dropped but finished with status OK and parcel size 4
09-01 20:30:04.047  1513  1572 D CompatibilityChangeReporter: Compat change id reported: 135634846; UID 10261; state: DISABLED
09-01 20:30:04.047  1513  1625 D CompatibilityChangeReporter: Compat change id reported: 143937733; UID 10261; state: ENABLED
09-01 20:30:04.055   779   779 D Zygote  : Forked child process 18942
09-01 20:30:04.058  1513  1625 I ActivityManager: Start proc 18942:com.opera.browser/u0a261 for pre-top-activity {com.opera.browser/com.opera.Opera}
09-01 20:30:04.063   901  1000 W ASH     : @ 38190.512: Unhandled msg ID 999: line 1277
09-01 20:30:04.063   901  1000 E ASH     : @ 38190.512: No pb callback assigned
09-01 20:30:04.063   901  1000 E ASH     : @ 38190.512: Nanopb error: callback failed:1588
09-01 20:30:04.066  3088  3667 I AssistantForeground: (REDACTED) Get launcher package: %s
09-01 20:30:04.071 18942 18942 E m.opera.browse: Not starting debugger since process cannot load the jdwp agent.
09-01 20:30:04.097  2158  2158 I WallpaperService: engine resumed
09-01 20:30:04.100   901   901 I sensors-hal: [hal]batch_physical_sensor:301, android.sensor.gyroscope/41, period=20000000, max_latency=0
09-01 20:30:04.100   901   901 I sensors-hal: [hal]batch_physical_sensor:310, android.sensor.gyroscope/41, period=20000000, max_latency=0 request completed
09-01 20:30:04.100   901   901 I sensors-hal: [hal]activate_physical_sensor:238, android.sensor.gyroscope/41 en=1
09-01 20:30:04.100   901   901 I sensors-hal: [ssc_utils]get_qmi_debug_flag:244, support_qmi_debug : false
09-01 20:30:04.101   901   901 W sensors@2.0-ser: type=1400 audit(0.0:4677): avc: denied { read write } for name="diag" dev="tmpfs" ino=12474 scontext=u:r:hal_sensors_default:s0 tcontext=u:object_r:diag_device:s0 tclass=chr_file permissive=0
09-01 20:30:04.101   901   901 W sensors@2.0-ser: type=1400 audit(0.0:4678): avc: denied { read write } for name="diag" dev="tmpfs" ino=12474 scontext=u:r:hal_sensors_default:s0 tcontext=u:object_r:diag_device:s0 tclass=chr_file permissive=0
09-01 20:30:04.104 18942 18942 W m.opera.browse: JIT profile information will not be recorded: profile file does not exist.
09-01 20:30:04.104 18942 18942 W m.opera.browse: JIT profile information will not be recorded: profile file does not exist.
09-01 20:30:04.104   901   901 D Diag_Lib:  Diag_LSM_Init: Failed to open handle to diag driver, error = 13
09-01 20:30:04.105   901   901 D Diag_Lib:  Diag_LSM_Init: Failed to open handle to diag driver, error = 13
09-01 20:30:04.105   901   901 I sensors-hal: [ssc_sensor]update_handle:537, handle=331, type=33, wakeup=0, hwid=0, base=331
09-01 20:30:04.108   901   901 I sensors-hal: [ssc_utils]get_qmi_debug_flag:244, support_qmi_debug : false
09-01 20:30:04.109 18942 18942 D NetworkSecurityConfig: Using Network Security Config from resource network_security_config_official_build debugBuild: false
09-01 20:30:04.110 18942 18942 D NetworkSecurityConfig: Using Network Security Config from resource network_security_config_official_build debugBuild: false
09-01 20:30:04.114   901   901 I sensors-hal: [ssc_utils]get_qmi_debug_flag:244, support_qmi_debug : false
09-01 20:30:04.115   901  1000 W SEE     : @ 38190.568: adding req to Q sensor=8 req=0xb2028088 msg=513
09-01 20:30:04.116   901 18968 I sensors-hal: [ssc_sensor]ssc_conn_resp_cb:663, resp_value = 0
09-01 20:30:04.117   901 18968 I sensors-hal: [sensor]submit_sensors_hal_event:146, android.sensor.additional_info: trying to push empty Events, count = 0
09-01 20:30:04.117   901 18968 I sensors-hal: [sensor]submit_sensors_hal_event:146, android.sensor.additional_info: trying to push empty Events, count = 0
09-01 20:30:04.119   901   901 I sensors-hal: [hal]activate_physical_sensor:249, android.sensor.gyroscope/41 en=1 completed
09-01 20:30:04.120   901 18976 I sensors-hal: [ssc_sensor]ssc_conn_resp_cb:663, resp_value = 0
09-01 20:30:04.120   901  1000 W SEE     : @ 38190.573: adding req to Q sensor=2 req=0xb202f428 msg=513
09-01 20:30:04.122   901 18976 I sensors-hal: [sensor]submit_sensors_hal_event:146, android.sensor.gyroscope: trying to push empty Events, count = 1
09-01 20:30:04.122   901 18976 I chatty  : uid=1000(system) sensors@2.0-ser identical 2 lines
09-01 20:30:04.134   901 18976 I sensors-hal: [sensor]submit_sensors_hal_event:146, android.sensor.gyroscope: trying to push empty Events, count = 1
09-01 20:30:04.144 18942 18942 I TetheringManager: registerTetheringEventCallback:com.opera.browser
09-01 20:30:04.165   901  1000 D VSC     : @ 38190.618: [WO] tilt angle 89
09-01 20:30:04.165  2062  2084 W System  : A resource failed to call release. 
09-01 20:30:04.168  2062  2084 I chatty  : uid=10233(com.android.systemui) FinalizerDaemon identical 4 lines
09-01 20:30:04.168  2062  2084 W System  : A resource failed to call release. 
09-01 20:30:04.170 18942 18982 W System  : ClassLoader referenced unknown path: 
09-01 20:30:04.220   592   628 W DisplayIdentification: Invalid EDID: falling back to serial number due to missing display name.
09-01 20:30:04.220   592   628 W DisplayIdentification: Invalid EDID: falling back to ASCII text due to missing serial number.
09-01 20:30:04.251  1513  3168 D ConnectivityService: requestNetwork for uid/pid:10261/18942 NetworkRequest [ TRACK_DEFAULT id=1735, [ Capabilities: INTERNET&NOT_RESTRICTED&TRUSTED Uid: 10261 AdministratorUids: [] RequestorUid: 10261 RequestorPackageName: com.opera.browser] ]
09-01 20:30:04.251  1513  2000 D ConnectivityService: NetReassign [1735 : null → 100]
09-01 20:30:04.252  2474  2474 D PhoneSwitcherNetworkRequstListener: got request NetworkRequest [ TRACK_DEFAULT id=1735, [ Capabilities: INTERNET&NOT_RESTRICTED&TRUSTED Uid: 10261 AdministratorUids: [] RequestorUid: 10261 RequestorPackageName: com.opera.browser] ] with score 60 and providerId 5
09-01 20:30:04.252  1513  1996 D WifiNetworkFactory: got request NetworkRequest [ TRACK_DEFAULT id=1735, [ Capabilities: INTERNET&NOT_RESTRICTED&TRUSTED Uid: 10261 AdministratorUids: [] RequestorUid: 10261 RequestorPackageName: com.opera.browser] ] with score 60 and providerId 5
09-01 20:30:04.252  1513  1996 D UntrustedWifiNetworkFactory: got request NetworkRequest [ TRACK_DEFAULT id=1735, [ Capabilities: INTERNET&NOT_RESTRICTED&TRUSTED Uid: 10261 AdministratorUids: [] RequestorUid: 10261 RequestorPackageName: com.opera.browser] ] with score 60 and providerId 5
09-01 20:30:04.252  1513  2037 D WIFI_AWARE_FACTORY: got request NetworkRequest [ TRACK_DEFAULT id=1735, [ Capabilities: INTERNET&NOT_RESTRICTED&TRUSTED Uid: 10261 AdministratorUids: [] RequestorUid: 10261 RequestorPackageName: com.opera.browser] ] with score 60 and providerId 5
09-01 20:30:04.252  1513  2000 D ConnectivityService: NetReassign [no changes]
09-01 20:30:04.253  1513  2038 D Ethernet: got request NetworkRequest [ TRACK_DEFAULT id=1735, [ Capabilities: INTERNET&NOT_RESTRICTED&TRUSTED Uid: 10261 AdministratorUids: [] RequestorUid: 10261 RequestorPackageName: com.opera.browser] ] with score 60 and providerId 5
09-01 20:30:04.272  1513  3241 D CompatibilityChangeReporter: Compat change id reported: 136274596; UID 10261; state: ENABLED
09-01 20:30:04.290 18942 19073 I FA      : App measurement initialized, version: 75017
09-01 20:30:04.290 18942 19073 I FA      : To enable debug logging run: adb shell setprop log.tag.FA VERBOSE
09-01 20:30:04.290 18942 19073 I FA      : To enable faster debug mode event logging run:
09-01 20:30:04.290 18942 19073 I FA      :   adb shell setprop debug.firebase.analytics.app com.opera.browser
09-01 20:30:04.311   594   655 I SDM     : HWDeviceDRM::UpdateMixerAttributes: Mixer WxH 1080x2340-1 for Peripheral
09-01 20:30:04.311   594   655 I SDM     : DisplayBase::SetActiveConfig: Active configuration changed to: 0
09-01 20:30:04.311   594   655 I SDM     : StrategyImpl::SetIdleTimeoutMs: Idle timeout set to zero for command mode panels
09-01 20:30:04.317 18942 19068 I AdrenoGLES-0: QUALCOMM build                   : 35605c3, Ia11ce2d146
09-01 20:30:04.317 18942 19068 I AdrenoGLES-0: Build Date                       : 09/02/20
09-01 20:30:04.317 18942 19068 I AdrenoGLES-0: OpenGL ES Shader Compiler Version: EV031.31.04.00
09-01 20:30:04.317 18942 19068 I AdrenoGLES-0: Local Branch                     : gfx-adreno.lnx.2.0
09-01 20:30:04.317 18942 19068 I AdrenoGLES-0: Remote Branch                    : 
09-01 20:30:04.317 18942 19068 I AdrenoGLES-0: Remote Branch                    : 
09-01 20:30:04.317 18942 19068 I AdrenoGLES-0: Reconstruct Branch               : 
09-01 20:30:04.317 18942 19068 I AdrenoGLES-0: Build Config                     : S P 10.0.4 AArch32
09-01 20:30:04.317 18942 19068 I AdrenoGLES-0: Driver Path                      : /vendor/lib/egl/libGLESv2_adreno.so
09-01 20:30:04.319   901  2806 I sensors-hal: [ssc_utils]get_qmi_debug_flag:244, support_qmi_debug : false
09-01 20:30:04.321 18942 19068 I AdrenoGLES-0: PFP: 0x016dd090, ME: 0x00000000
09-01 20:30:04.322  1513  1572 I DisplayManagerService: Display device changed: DisplayDeviceInfo{"Built-in Screen": uniqueId="local:19260504575090817", 1080 x 2340, modeId 2, defaultModeId 2, supportedModes [{id=1, width=1080, height=2340, fps=90.0}, {id=2, width=1080, height=2340, fps=60.000004}], colorMode 0, supportedColorModes [0, 7, 9], HdrCapabilities HdrCapabilities{mSupportedHdrTypes=[2, 3, 4], mMaxLuminance=500.0, mMaxAverageLuminance=500.0, mMinLuminance=0.0}, allmSupported false, gameContentTypeSupported false, density 440, 435.428 x 433.839 dpi, appVsyncOff 2333332, presDeadline 11500000, cutout DisplayCutout{insets=Rect(0, 136 - 0, 0) waterfall=Insets{left=0, top=0, right=0, bottom=0} boundingRect={Bounds=[Rect(0, 0 - 0, 0), Rect(0, 0 - 136, 136), Rect(0, 0 - 0, 0), Rect(0, 0 - 0, 0)]}}, touch INTERNAL, rotation 0, type INTERNAL, address {port=129, model=0x446d53ad64a0}, deviceProductInfo DeviceProductInfo{name=, manufacturerPnpId=QCM, productId=1, modelYear=null, manufactureDate=ManufactureDate{week=27, year=2006}, relativeAddress=null}, state ON, FLAG_DEFAULT_DISPLAY, FLAG_ROTATES_WITH_CONTENT, FLAG_SECURE, FLAG_SUPPORTS_PROTECTED_BUFFERS}
09-01 20:30:04.326   594   655 I SDM     : StrategyImpl::SetIdleTimeoutMs: Idle timeout set to zero for command mode panels
09-01 20:30:04.327 18942 19068 W AdrenoUtils: <ReadGpuID_from_sysfs:197>: Failed to open /sys/class/kgsl/kgsl-3d0/gpu_model
09-01 20:30:04.327 18942 19068 W AdrenoUtils: <ReadGpuID:221>: Failed to read chip ID from gpu_model. Fallback to use the GSL path
09-01 20:30:04.330  7733  7733 D BoundBrokerSvc: onBind: Intent { act=com.google.android.gms.measurement.START pkg=com.google.android.gms }
09-01 20:30:04.331  7733  7733 D BoundBrokerSvc: Loading bound service for intent: Intent { act=com.google.android.gms.measurement.START pkg=com.google.android.gms }
09-01 20:30:04.343  1513  1572 D EventSequenceValidator: dec AccIntentStartedEvents to 1
09-01 20:30:04.357   594   655 I SDM     : HWDeviceDRM::UpdateMixerAttributes: Mixer WxH 1080x2340-1 for Peripheral
09-01 20:30:04.357   594   655 I SDM     : DisplayBase::SetActiveConfig: Active configuration changed to: 1
09-01 20:30:04.357   594   655 I SDM     : StrategyImpl::SetIdleTimeoutMs: Idle timeout set to zero for command mode panels
09-01 20:30:04.357  1513  1572 I DisplayManagerService: Display device changed: DisplayDeviceInfo{"Built-in Screen": uniqueId="local:19260504575090817", 1080 x 2340, modeId 1, defaultModeId 2, supportedModes [{id=1, width=1080, height=2340, fps=90.0}, {id=2, width=1080, height=2340, fps=60.000004}], colorMode 0, supportedColorModes [0, 7, 9], HdrCapabilities HdrCapabilities{mSupportedHdrTypes=[2, 3, 4], mMaxLuminance=500.0, mMaxAverageLuminance=500.0, mMinLuminance=0.0}, allmSupported false, gameContentTypeSupported false, density 440, 435.428 x 433.839 dpi, appVsyncOff 2333333, presDeadline 11500000, cutout DisplayCutout{insets=Rect(0, 136 - 0, 0) waterfall=Insets{left=0, top=0, right=0, bottom=0} boundingRect={Bounds=[Rect(0, 0 - 0, 0), Rect(0, 0 - 136, 136), Rect(0, 0 - 0, 0), Rect(0, 0 - 0, 0)]}}, touch INTERNAL, rotation 0, type INTERNAL, address {port=129, model=0x446d53ad64a0}, deviceProductInfo DeviceProductInfo{name=, manufacturerPnpId=QCM, productId=1, modelYear=null, manufactureDate=ManufactureDate{week=27, year=2006}, relativeAddress=null}, state ON, FLAG_DEFAULT_DISPLAY, FLAG_ROTATES_WITH_CONTENT, FLAG_SECURE, FLAG_SUPPORTS_PROTECTED_BUFFERS}
09-01 20:30:04.363   901  2806 I sensors-hal: [ssc_utils]get_qmi_debug_flag:244, support_qmi_debug : false
09-01 20:30:04.366   901  1000 W ASH     : @ 38190.818: Unhandled msg ID 999: line 1277
09-01 20:30:04.366   901  1000 E ASH     : @ 38190.818: No pb callback assigned
09-01 20:30:04.366   901  1000 E ASH     : @ 38190.818: Nanopb error: callback failed:1588
09-01 20:30:04.366  1513  1622 D ArtManagerInternalImpl: /data/misc/iorapd/com.opera.browser/1907712205/com.opera.Opera/compiled_traces/compiled_trace.pb doesn't exist
09-01 20:30:04.368  1513  1622 I ActivityTaskManager: Displayed com.opera.browser/com.opera.Opera: +312ms
09-01 20:30:04.402  7733 16085 I Backup  : [GmsBackupAccountManager] Backup account not found in gmscore.
09-01 20:30:04.404  1513  3375 D CompatibilityChangeReporter: Compat change id reported: 135634846; UID 10261; state: DISABLED
09-01 20:30:04.405   901  1000 W ASH     : @ 38190.858: Unhandled msg ID 999: line 1277
09-01 20:30:04.405   901  1000 E ASH     : @ 38190.858: No pb callback assigned
09-01 20:30:04.406  1513  1625 D CompatibilityChangeReporter: Compat change id reported: 143937733; UID 10261; state: ENABLED
09-01 20:30:04.409   901  1000 E ASH     : @ 38190.858: Nanopb error: callback failed:1588
09-01 20:30:04.412   779   779 D Zygote  : Forked child process 19127
09-01 20:30:04.415  1513  1625 I ActivityManager: Start proc 19127:com.opera.browser:privileged_process0/u0a261 for service {com.opera.browser/com.opera.android.browser.chromium.services.PrivilegedProcessService0}
09-01 20:30:04.415  7733 16085 I BlockstoreE2ESync: no backup account found. [CONTEXT service_id=258 ]
09-01 20:30:04.417 18942 19073 I FA      : Tag Manager is not found and thus will not be used
09-01 20:30:04.421  2816 19135 W ChimeraUtils: Module com.google.android.gms.backup_base has empty metadata display_name_string_id
09-01 20:30:04.449 19127 19127 E ileged_process: Not starting debugger since process cannot load the jdwp agent.
09-01 20:30:04.466  1513  2571 D CompatibilityChangeReporter: Compat change id reported: 136274596; UID 10261; state: ENABLED
09-01 20:30:04.486  1513  3375 D ConnectivityService: requestNetwork for uid/pid:10261/18942 NetworkRequest [ TRACK_DEFAULT id=1737, [ Capabilities: INTERNET&NOT_RESTRICTED&TRUSTED Uid: 10261 AdministratorUids: [] RequestorUid: 10261 RequestorPackageName: com.opera.browser] ]
09-01 20:30:04.486  1513  2000 D ConnectivityService: NetReassign [1737 : null → 100]
09-01 20:30:04.486  1513  1996 D WifiNetworkFactory: got request NetworkRequest [ TRACK_DEFAULT id=1737, [ Capabilities: INTERNET&NOT_RESTRICTED&TRUSTED Uid: 10261 AdministratorUids: [] RequestorUid: 10261 RequestorPackageName: com.opera.browser] ] with score 60 and providerId 5
09-01 20:30:04.486  1513  2038 D Ethernet: got request NetworkRequest [ TRACK_DEFAULT id=1737, [ Capabilities: INTERNET&NOT_RESTRICTED&TRUSTED Uid: 10261 AdministratorUids: [] RequestorUid: 10261 RequestorPackageName: com.opera.browser] ] with score 60 and providerId 5
09-01 20:30:04.487  2474  2474 D PhoneSwitcherNetworkRequstListener: got request NetworkRequest [ TRACK_DEFAULT id=1737, [ Capabilities: INTERNET&NOT_RESTRICTED&TRUSTED Uid: 10261 AdministratorUids: [] RequestorUid: 10261 RequestorPackageName: com.opera.browser] ] with score 60 and providerId 5
09-01 20:30:04.487  1513  2037 D WIFI_AWARE_FACTORY: got request NetworkRequest [ TRACK_DEFAULT id=1737, [ Capabilities: INTERNET&NOT_RESTRICTED&TRUSTED Uid: 10261 AdministratorUids: [] RequestorUid: 10261 RequestorPackageName: com.opera.browser] ] with score 60 and providerId 5
09-01 20:30:04.488  1513  1996 D UntrustedWifiNetworkFactory: got request NetworkRequest [ TRACK_DEFAULT id=1737, [ Capabilities: INTERNET&NOT_RESTRICTED&TRUSTED Uid: 10261 AdministratorUids: [] RequestorUid: 10261 RequestorPackageName: com.opera.browser] ] with score 60 and providerId 5
09-01 20:30:04.488  1513  2000 D ConnectivityService: NetReassign [no changes]
09-01 20:30:04.499 19127 19127 W ileged_process: JIT profile information will not be recorded: profile file does not exist.
09-01 20:30:04.500 19127 19127 W ileged_process: JIT profile information will not be recorded: profile file does not exist.
09-01 20:30:04.510 19127 19127 D NetworkSecurityConfig: Using Network Security Config from resource network_security_config_official_build debugBuild: false
09-01 20:30:04.512 19127 19127 D NetworkSecurityConfig: Using Network Security Config from resource network_security_config_official_build debugBuild: false
09-01 20:30:04.524  1513  2571 W UriGrantsManagerService: No permission grants found for com.google.android.apps.photos
09-01 20:30:04.524  1513  2571 W UriGrantsManagerService: No permission grants found for com.google.android.apps.photos
09-01 20:30:04.540  2858  2858 I GoogleInputMethodService: GoogleInputMethodService.onFinishInput():3280 
09-01 20:30:04.542  2858  2858 I GoogleInputMethodService: GoogleInputMethodService.updateDeviceLockedStatus():2169 repeatCheckTimes = 0, unlocked = true
09-01 20:30:04.542  2858  2858 I GoogleInputMethodService: GoogleInputMethodService.onStartInput():1960 onStartInput(EditorInfo{inputType=0x0(NULL) imeOptions=0x0 privateImeOptions=null actionName=UNSPECIFIED actionLabel=null actionId=0 initialSelStart=-1 initialSelEnd=-1 initialCapsMode=0x0 hintText=null label=null packageName=com.opera.browser fieldId=-1 fieldName=null extras=null}, false)
09-01 20:30:04.542  2858  2858 I GoogleInputMethodService: GoogleInputMethodService.shouldHideHeaderOnInitialState():4081 ShouldHideHeaderOnInitialState = false
09-01 20:30:04.542  2858  2858 I GoogleInputMethodService: GoogleInputMethodService.updateDeviceLockedStatus():2169 repeatCheckTimes = 2, unlocked = true
09-01 20:30:04.570 19127 19168 I AdrenoGLES-0: QUALCOMM build                   : 35605c3, Ia11ce2d146
09-01 20:30:04.570 19127 19168 I AdrenoGLES-0: Build Date                       : 09/02/20
09-01 20:30:04.570 19127 19168 I AdrenoGLES-0: OpenGL ES Shader Compiler Version: EV031.31.04.00
09-01 20:30:04.570 19127 19168 I AdrenoGLES-0: Local Branch                     : gfx-adreno.lnx.2.0
09-01 20:30:04.570 19127 19168 I AdrenoGLES-0: Remote Branch                    : 
09-01 20:30:04.570 19127 19168 I AdrenoGLES-0: Remote Branch                    : 
09-01 20:30:04.570 19127 19168 I AdrenoGLES-0: Reconstruct Branch               : 
09-01 20:30:04.570 19127 19168 I AdrenoGLES-0: Build Config                     : S P 10.0.4 AArch32
09-01 20:30:04.570 19127 19168 I AdrenoGLES-0: Driver Path                      : /vendor/lib/egl/libGLESv2_adreno.so
09-01 20:30:04.573 19127 19168 I AdrenoGLES-0: PFP: 0x016dd090, ME: 0x00000000
09-01 20:30:04.575  1513  3375 W UriGrantsManagerService: No permission grants found for com.google.android.apps.photos
09-01 20:30:04.582 19127 19168 W AdrenoUtils: <ReadGpuID_from_sysfs:197>: Failed to open /sys/class/kgsl/kgsl-3d0/gpu_model
09-01 20:30:04.582 19127 19168 W AdrenoUtils: <ReadGpuID:221>: Failed to read chip ID from gpu_model. Fallback to use the GSL path
09-01 20:30:04.616  1513  3375 I chatty  : uid=1000(system) Binder:1513_1A identical 2 lines
09-01 20:30:04.616  1513  3375 W UriGrantsManagerService: No permission grants found for com.google.android.apps.photos
09-01 20:30:04.687  1513  3241 D CompatibilityChangeReporter: Compat change id reported: 149924527; UID 10261; state: ENABLED
09-01 20:30:04.690  1513  3375 D CompatibilityChangeReporter: Compat change id reported: 132649864; UID 10261; state: DISABLED
09-01 20:30:04.693  2158  2158 I WallpaperService: engine paused
09-01 20:30:04.693   901   901 I sensors-hal: [hal]activate_physical_sensor:238, android.sensor.gyroscope/41 en=0
09-01 20:30:04.694   901   901 D Diag_Lib: diag: Diag_LSM_DeInit done for pid: 901
09-01 20:30:04.695   901   901 D Diag_Lib: diag: Diag_LSM_DeInit done for pid: 901
09-01 20:30:04.695   901   901 I sensors-hal: [hal]activate_physical_sensor:249, android.sensor.gyroscope/41 en=0 completed
09-01 20:30:04.705  1513  8184 I AdrenoGLES-0: QUALCOMM build                   : 35605c3, Ia11ce2d146
09-01 20:30:04.705  1513  8184 I AdrenoGLES-0: Build Date                       : 09/02/20
09-01 20:30:04.705  1513  8184 I AdrenoGLES-0: OpenGL ES Shader Compiler Version: EV031.31.04.00
09-01 20:30:04.705  1513  8184 I AdrenoGLES-0: Local Branch                     : gfx-adreno.lnx.2.0
09-01 20:30:04.705  1513  8184 I AdrenoGLES-0: Remote Branch                    : 
09-01 20:30:04.705  1513  8184 I AdrenoGLES-0: Remote Branch                    : 
09-01 20:30:04.705  1513  8184 I AdrenoGLES-0: Reconstruct Branch               : 
09-01 20:30:04.705  1513  8184 I AdrenoGLES-0: Build Config                     : S P 10.0.4 AArch64
09-01 20:30:04.705  1513  8184 I AdrenoGLES-0: Driver Path                      : /vendor/lib64/egl/libGLESv2_adreno.so
09-01 20:30:04.712  1513  8184 I AdrenoGLES-0: PFP: 0x016dd090, ME: 0x00000000
09-01 20:30:04.782  1513  3233 D CompatibilityChangeReporter: Compat change id reported: 135634846; UID 10261; state: DISABLED
09-01 20:30:04.783  1513  1625 D CompatibilityChangeReporter: Compat change id reported: 143937733; UID 10261; state: ENABLED
09-01 20:30:04.789  2858  2858 I GoogleInputMethodService: GoogleInputMethodService.onFinishInput():3280 
09-01 20:30:04.791  2858  2858 I GoogleInputMethodService: GoogleInputMethodService.updateDeviceLockedStatus():2169 repeatCheckTimes = 0, unlocked = true
09-01 20:30:04.791  2858  2858 I GoogleInputMethodService: GoogleInputMethodService.onStartInput():1960 onStartInput(EditorInfo{inputType=0x0(NULL) imeOptions=0x12000000 privateImeOptions=null actionName=UNSPECIFIED actionLabel=null actionId=0 initialSelStart=-1 initialSelEnd=-1 initialCapsMode=0x0 hintText=null label=null packageName=com.opera.browser fieldId=-1 fieldName=null extras=null}, false)
09-01 20:30:04.791  2858  2858 I GoogleInputMethodService: GoogleInputMethodService.shouldHideHeaderOnInitialState():4081 ShouldHideHeaderOnInitialState = false
09-01 20:30:04.792  2858  2858 I GoogleInputMethodService: GoogleInputMethodService.updateDeviceLockedStatus():2169 repeatCheckTimes = 2, unlocked = true
09-01 20:30:04.794  1075   874 W ServiceManager: Permission failure: android.permission.SYSTEM_CAMERA from uid=10261 pid=18942
09-01 20:30:04.795  1075   874 I chatty  : uid=1047(cameraserver) Binder:1075_E identical 4 lines
09-01 20:30:04.795  1075   874 W ServiceManager: Permission failure: android.permission.SYSTEM_CAMERA from uid=10261 pid=18942
09-01 20:30:04.796   779   779 D Zygote  : Forked child process 19227
09-01 20:30:04.799  1513  1625 I ActivityManager: Start proc 19227:com.opera.browser:sandboxed_process0/u0a261 for service {com.opera.browser/com.opera.android.browser.chromium.services.SandboxedProcessService0}
09-01 20:30:04.812 18942 19031 E [Leanplum][ERROR]: No variable values were received from the server. Please contact us to investigate.
09-01 20:30:04.813 19227 19227 E dboxed_process: Not starting debugger since process cannot load the jdwp agent.
09-01 20:30:04.821   901  2806 I sensors-hal: [ssc_utils]get_qmi_debug_flag:244, support_qmi_debug : false
09-01 20:30:04.825  1513  3241 D CompatibilityChangeReporter: Compat change id reported: 136274596; UID 10261; state: ENABLED
09-01 20:30:04.828 18942 18972 W SQLiteLog: (28) double-quoted string literal: "not_interested"
09-01 20:30:04.829 18942 18972 W SQLiteLog: (28) double-quoted string literal: "report"
09-01 20:30:04.845   901  1000 W ASH     : @ 38191.298: Unhandled msg ID 999: line 1277
09-01 20:30:04.845   901  1000 E ASH     : @ 38191.298: No pb callback assigned
09-01 20:30:04.845   901  1000 E ASH     : @ 38191.298: Nanopb error: callback failed:1588
09-01 20:30:04.863 18942 18942 W InputMethodManager: Ignoring onBind: cur seq=2067, given seq=2066
09-01 20:30:04.873 19227 19227 W dboxed_process: JIT profile information will not be recorded: profile file does not exist.
09-01 20:30:04.873 19227 19227 W dboxed_process: JIT profile information will not be recorded: profile file does not exist.
09-01 20:30:04.874   901  2806 I sensors-hal: [ssc_utils]get_qmi_debug_flag:244, support_qmi_debug : false
09-01 20:30:04.885 19227 19227 D NetworkSecurityConfig: Using Network Security Config from resource network_security_config_official_build debugBuild: false
09-01 20:30:04.885   901  1000 W ASH     : @ 38191.338: Unhandled msg ID 999: line 1277
09-01 20:30:04.885   901  1000 E ASH     : @ 38191.338: No pb callback assigned
09-01 20:30:04.886   901  1000 E ASH     : @ 38191.338: Nanopb error: callback failed:1588
09-01 20:30:04.886 19227 19227 D NetworkSecurityConfig: Using Network Security Config from resource network_security_config_official_build debugBuild: false
09-01 20:30:04.918  1075 24234 W ServiceManager: Permission failure: android.permission.SYSTEM_CAMERA from uid=10261 pid=18942
09-01 20:30:04.920  1075 24234 I chatty  : uid=1047(cameraserver) Binder:1075_B identical 4 lines
09-01 20:30:04.921  1075 24234 W ServiceManager: Permission failure: android.permission.SYSTEM_CAMERA from uid=10261 pid=18942
09-01 20:30:04.921 10955 14820 I Finsky  : [5315] ncc.l(14): com.opera.browser: Account determined from installer data - [y0_1NG5HTmzf0bF7VytAKz9iHAD6w7yU52Le3i0fi68]
09-01 20:30:04.921 10955 14820 I Finsky  : [5315] ncc.l(61): Billing preferred account via installer for com.opera.browser: [y0_1NG5HTmzf0bF7VytAKz9iHAD6w7yU52Le3i0fi68]
09-01 20:30:04.923 10955 14820 W Finsky  : [5315] hgm.i(10): Unsupported billing API version: 19
09-01 20:30:04.924  2816 10247 I FontLog : Received query Noto Color Emoji Compat, URI content://com.google.android.gms.fonts [CONTEXT service_id=132 ]
09-01 20:30:04.925 10955 14820 I Finsky  : [5315] ncc.l(14): com.opera.browser: Account determined from installer data - [y0_1NG5HTmzf0bF7VytAKz9iHAD6w7yU52Le3i0fi68]
09-01 20:30:04.925  2816 10247 I FontLog : Query [emojicompat-emoji-font] resolved to {Noto Color Emoji Compat, wdth 100.0, wght 400, ital 0.0, bestEffort false} [CONTEXT service_id=132 ]
09-01 20:30:04.925 10955 14820 I Finsky  : [5315] ncc.l(61): Billing preferred account via installer for com.opera.browser: [y0_1NG5HTmzf0bF7VytAKz9iHAD6w7yU52Le3i0fi68]
09-01 20:30:04.926 10955 14820 W Finsky  : [5315] hgm.i(10): Unsupported billing API version: 18
09-01 20:30:04.926  2816 10247 I FontLog : Fetch {Noto Color Emoji Compat, wdth 100.0, wght 400, ital 0.0, bestEffort false} end status Status{statusCode=SUCCESS, resolution=null} [CONTEXT service_id=132 ]
09-01 20:30:04.927 10955 14820 I Finsky  : [5315] ncc.l(14): com.opera.browser: Account determined from installer data - [y0_1NG5HTmzf0bF7VytAKz9iHAD6w7yU52Le3i0fi68]
09-01 20:30:04.928 10955 14820 I Finsky  : [5315] ncc.l(61): Billing preferred account via installer for com.opera.browser: [y0_1NG5HTmzf0bF7VytAKz9iHAD6w7yU52Le3i0fi68]
09-01 20:30:04.930  2816 10247 I FontLog : Pulling font file for id = 1279, cache size = 4 [CONTEXT service_id=132 ]
09-01 20:30:04.936 18942 18942 W View    : requestLayout() improperly called by android.widget.FrameLayout{8da1c54 VFE...C.. ......ID 320,1874-1069,2131 #7f0a01ca app:id/content} during layout: running second layout pass
09-01 20:30:04.936  2816 10247 I FontLog : Pulling font file for id = 1279, cache size = 4 [CONTEXT service_id=132 ]
09-01 20:30:04.938 10955 14820 I Finsky  : [5315] ncc.l(14): com.opera.browser: Account determined from installer data - [y0_1NG5HTmzf0bF7VytAKz9iHAD6w7yU52Le3i0fi68]
09-01 20:30:04.939 10955 14820 I Finsky  : [5315] ncc.l(61): Billing preferred account via installer for com.opera.browser: [y0_1NG5HTmzf0bF7VytAKz9iHAD6w7yU52Le3i0fi68]
09-01 20:30:04.940 10955 14820 W Finsky  : [5315] hgm.i(10): Unsupported billing API version: 19
09-01 20:30:04.944 10955 14820 I Finsky  : [5315] ncc.l(14): com.opera.browser: Account determined from installer data - [y0_1NG5HTmzf0bF7VytAKz9iHAD6w7yU52Le3i0fi68]
09-01 20:30:04.945 10955 14820 I Finsky  : [5315] ncc.l(61): Billing preferred account via installer for com.opera.browser: [y0_1NG5HTmzf0bF7VytAKz9iHAD6w7yU52Le3i0fi68]
09-01 20:30:04.947 10955 14820 W Finsky  : [5315] hgm.i(10): Unsupported billing API version: 18
09-01 20:30:04.950 10955 14820 I Finsky  : [5315] ncc.l(14): com.opera.browser: Account determined from installer data - [y0_1NG5HTmzf0bF7VytAKz9iHAD6w7yU52Le3i0fi68]
09-01 20:30:04.951 10955 14820 I Finsky  : [5315] ncc.l(61): Billing preferred account via installer for com.opera.browser: [y0_1NG5HTmzf0bF7VytAKz9iHAD6w7yU52Le3i0fi68]
09-01 20:30:04.954 10955 14820 I Finsky  : [5315] ncc.l(14): com.opera.browser: Account determined from installer data - [y0_1NG5HTmzf0bF7VytAKz9iHAD6w7yU52Le3i0fi68]
09-01 20:30:04.955 10955 14820 I Finsky  : [5315] ncc.l(61): Billing preferred account via installer for com.opera.browser: [y0_1NG5HTmzf0bF7VytAKz9iHAD6w7yU52Le3i0fi68]
09-01 20:30:04.968 18879 19276 D ProfileInstaller: Installing profile for com.example.batterymanager_utility
09-01 20:30:04.980  2816 10247 I FontLog : Received query name=Google Sans&weight=700&besteffort=false, URI content://com.google.android.gms.fonts [CONTEXT service_id=132 ]
09-01 20:30:04.980  2816 10247 I FontLog : Query [name=Google Sans&weight=700&besteffort=false] resolved to {Google Sans, wdth 100.0, wght 700, ital 0.0, bestEffort false} [CONTEXT service_id=132 ]
09-01 20:30:04.982  2816 10247 I FontLog : Fetch {Google Sans, wdth 100.0, wght 700, ital 0.0, bestEffort false} end status Status{statusCode=SUCCESS, resolution=null} [CONTEXT service_id=132 ]
09-01 20:30:04.985  2816 16407 W NetworkScheduler: Error inserting flex_time=30000 job_id=-1 period=61000 source=16 requires_charging=0 preferred_network_type=1 target_class=com.google.android.gms.measurement.PackageMeasurementTaskService user_id=0 target_package=com.google.android.gms tag=Measurement.PackageMeasurementTaskService.UPLOAD_TASK_TAG task_type=0 required_idleness_state=0 service_kind=0 source_version=224312000 persistence_level=1 preferred_charging_state=1 required_network_type=0 runtime=1693593004971 retry_strategy={"maximum_backoff_seconds":{"3600":0},"initial_backoff_seconds":{"30":0},"retry_policy":{"0":0}} last_runtime=0 [CONTEXT service_id=218 ]
09-01 20:30:04.985  2816 16407 W NetworkScheduler: android.database.sqlite.SQLiteConstraintException: UNIQUE constraint failed: pending_ops.tag, pending_ops.target_class, pending_ops.target_package, pending_ops.user_id (code 2067 SQLITE_CONSTRAINT_UNIQUE)
09-01 20:30:04.985  2816 16407 W NetworkScheduler: 	at android.database.sqlite.SQLiteConnection.nativeExecuteForLastInsertedRowId(Native Method)
09-01 20:30:04.985  2816 16407 W NetworkScheduler: 	at android.database.sqlite.SQLiteConnection.executeForLastInsertedRowId(SQLiteConnection.java:938)
09-01 20:30:04.985  2816 16407 W NetworkScheduler: 	at android.database.sqlite.SQLiteSession.executeForLastInsertedRowId(SQLiteSession.java:790)
09-01 20:30:04.985  2816 16407 W NetworkScheduler: 	at android.database.sqlite.SQLiteStatement.executeInsert(SQLiteStatement.java:88)
09-01 20:30:04.985  2816 16407 W NetworkScheduler: 	at android.database.sqlite.SQLiteDatabase.insertWithOnConflict(SQLiteDatabase.java:1701)
09-01 20:30:04.985  2816 16407 W NetworkScheduler: 	at android.database.sqlite.SQLiteDatabase.insertOrThrow(SQLiteDatabase.java:1596)
09-01 20:30:04.985  2816 16407 W NetworkScheduler: 	at biky.g(:com.google.android.gms@224312037@22.43.12 (150400-483592595):53)
09-01 20:30:04.985  2816 16407 W NetworkScheduler: 	at bijr.n(:com.google.android.gms@224312037@22.43.12 (150400-483592595):3)
09-01 20:30:04.985  2816 16407 W NetworkScheduler: 	at bijr.u(:com.google.android.gms@224312037@22.43.12 (150400-483592595):20)
09-01 20:30:04.985  2816 16407 W NetworkScheduler: 	at bijr.h(:com.google.android.gms@224312037@22.43.12 (150400-483592595):3)
09-01 20:30:04.985  2816 16407 W NetworkScheduler: 	at bifi.run(:com.google.android.gms@224312037@22.43.12 (150400-483592595):9)
09-01 20:30:04.985  2816 16407 W NetworkScheduler: 	at zqv.c(:com.google.android.gms@224312037@22.43.12 (150400-483592595):6)
09-01 20:30:04.985  2816 16407 W NetworkScheduler: 	at zqv.run(:com.google.android.gms@224312037@22.43.12 (150400-483592595):7)
09-01 20:30:04.985  2816 16407 W NetworkScheduler: 	at java.util.concurrent.ThreadPoolExecutor.runWorker(ThreadPoolExecutor.java:1167)
09-01 20:30:04.985  2816 16407 W NetworkScheduler: 	at java.util.concurrent.ThreadPoolExecutor$Worker.run(ThreadPoolExecutor.java:641)
09-01 20:30:04.985  2816 16407 W NetworkScheduler: 	at zwa.run(:com.google.android.gms@224312037@22.43.12 (150400-483592595):0)
09-01 20:30:04.985  2816 16407 W NetworkScheduler: 	at java.lang.Thread.run(Thread.java:923)
09-01 20:30:04.994  2816 10247 I FontLog : Pulling font file for id = 1280, cache size = 4 [CONTEXT service_id=132 ]
09-01 20:30:05.006  2816 10247 I FontLog : Received query name=Noto Color Emoji Compat&weight=400&besteffort=false, URI content://com.google.android.gms.fonts [CONTEXT service_id=132 ]
09-01 20:30:05.006  2816 10247 I FontLog : Query [name=Noto Color Emoji Compat&weight=400&besteffort=false] resolved to {Noto Color Emoji Compat, wdth 100.0, wght 400, ital 0.0, bestEffort false} [CONTEXT service_id=132 ]
09-01 20:30:05.008  2816 10247 I FontLog : Fetch {Noto Color Emoji Compat, wdth 100.0, wght 400, ital 0.0, bestEffort false} end status Status{statusCode=SUCCESS, resolution=null} [CONTEXT service_id=132 ]
09-01 20:30:05.020  2816 10247 I FontLog : Pulling font file for id = 1281, cache size = 5 [CONTEXT service_id=132 ]
09-01 20:30:05.023  1075 24234 W ServiceManager: Permission failure: android.permission.SYSTEM_CAMERA from uid=10261 pid=18942
09-01 20:30:05.024  1075 24234 I chatty  : uid=1047(cameraserver) Binder:1075_B identical 4 lines
09-01 20:30:05.024  1075 24234 W ServiceManager: Permission failure: android.permission.SYSTEM_CAMERA from uid=10261 pid=18942
09-01 20:30:05.026 19127 19282 W VideoCapabilities: Unrecognized level 1879048707 for video/x-vnd.on2.vp8
09-01 20:30:05.026 19127 19282 W VideoCapabilities: Unrecognized profile 1879048704 for video/x-vnd.on2.vp8
09-01 20:30:05.026 19127 19282 W VideoCapabilities: Unrecognized level 1879048707 for video/x-vnd.on2.vp8
09-01 20:30:05.026 19127 19282 W VideoCapabilities: Unrecognized profile 1879048704 for video/x-vnd.on2.vp8
09-01 20:30:05.028  2816 10247 I FontLog : Received query name=Google Sans&weight=400&besteffort=false, URI content://com.google.android.gms.fonts [CONTEXT service_id=132 ]
09-01 20:30:05.028  2816 10247 I FontLog : Query [name=Google Sans&weight=400&besteffort=false] resolved to {Google Sans, wdth 100.0, wght 400, ital 0.0, bestEffort false} [CONTEXT service_id=132 ]
09-01 20:30:05.029 19127 19282 W VideoCapabilities: Unsupported mime image/vnd.android.heic
09-01 20:30:05.029 19127 19282 W VideoCapabilities: Unrecognized level 1879048707 for video/x-vnd.on2.vp8
09-01 20:30:05.029 19127 19282 W VideoCapabilities: Unrecognized profile 1879048704 for video/x-vnd.on2.vp8
09-01 20:30:05.029 19127 19282 W VideoCapabilities: Unrecognized level 1879048707 for video/x-vnd.on2.vp8
09-01 20:30:05.029 19127 19282 W VideoCapabilities: Unrecognized profile 1879048704 for video/x-vnd.on2.vp8
09-01 20:30:05.031  2816 10247 I FontLog : Font PFD returned from cache for {Google Sans, wdth 100.0, wght 400, ital 0.0, bestEffort false} [CONTEXT service_id=132 ]
09-01 20:30:05.031  2816 10247 I FontLog : Fetch {Google Sans, wdth 100.0, wght 400, ital 0.0, bestEffort false} end status Status{statusCode=SUCCESS, resolution=null} [CONTEXT service_id=132 ]
09-01 20:30:05.035  2816  2836 I FontLog : Pulling font file for id = 1282, cache size = 5 [CONTEXT service_id=132 ]
09-01 20:30:05.036  2816  2836 I FontLog : Received query name=Google Sans&weight=500&besteffort=false, URI content://com.google.android.gms.fonts [CONTEXT service_id=132 ]
09-01 20:30:05.037  2816  2836 I FontLog : Query [name=Google Sans&weight=500&besteffort=false] resolved to {Google Sans, wdth 100.0, wght 500, ital 0.0, bestEffort false} [CONTEXT service_id=132 ]
09-01 20:30:05.040  2816  2836 I FontLog : Font PFD returned from cache for {Google Sans, wdth 100.0, wght 500, ital 0.0, bestEffort false} [CONTEXT service_id=132 ]
09-01 20:30:05.040  2816  2836 I FontLog : Fetch {Google Sans, wdth 100.0, wght 500, ital 0.0, bestEffort false} end status Status{statusCode=SUCCESS, resolution=null} [CONTEXT service_id=132 ]
09-01 20:30:05.042  2816  2836 I FontLog : Pulling font file for id = 1283, cache size = 6 [CONTEXT service_id=132 ]
09-01 20:30:05.315  1513  2060 W SyncManager: failed sync operation JobId=102750 ***/com.opera.browser.ping u0 [com.opera.browser.ping.provider] OTHER ExpectedIn=0s Reason=10261 Retries=59, SyncResult: delayUntil: 1693599622 stats [ numIoExceptions: 1]
09-01 20:30:05.846   901  2806 I sensors-hal: [ssc_utils]get_qmi_debug_flag:244, support_qmi_debug : false
09-01 20:30:05.886   901  1000 W ASH     : @ 38192.338: Unhandled msg ID 999: line 1277
09-01 20:30:05.886   901  1000 E ASH     : @ 38192.338: No pb callback assigned
09-01 20:30:05.886   901  1000 E ASH     : @ 38192.338: Nanopb error: callback failed:1588
09-01 20:30:06.165   901  1000 D VSC     : @ 38192.618: [WO] tilt angle 89
09-01 20:30:06.226 18942 18954 I m.opera.browse: Background young concurrent copying GC freed 274854(16MB) AllocSpace objects, 223(6656KB) LOS objects, 92% free, 8140KB/103MB, paused 346us total 157.368ms
09-01 20:30:06.464  1513  2000 D ConnectivityService: NetReassign [no changes]
09-01 20:30:08.167   901  1000 D VSC     : @ 38194.618: [WO] tilt angle 89
09-01 20:30:09.025   901  2806 I sensors-hal: [ssc_utils]get_qmi_debug_flag:244, support_qmi_debug : false
09-01 20:30:09.035   594   655 I SDM     : HWDeviceDRM::UpdateMixerAttributes: Mixer WxH 1080x2340-1 for Peripheral
09-01 20:30:09.035   594   655 I SDM     : DisplayBase::SetActiveConfig: Active configuration changed to: 0
09-01 20:30:09.035   594   655 I SDM     : StrategyImpl::SetIdleTimeoutMs: Idle timeout set to zero for command mode panels
09-01 20:30:09.040   901  2806 I sensors-hal: [ssc_utils]get_qmi_debug_flag:244, support_qmi_debug : false
09-01 20:30:09.046   901  1000 W ASH     : @ 38195.498: Unhandled msg ID 999: line 1277
09-01 20:30:09.046   901  1000 E ASH     : @ 38195.498: No pb callback assigned
09-01 20:30:09.046   901  1000 E ASH     : @ 38195.498: Nanopb error: callback failed:1588
09-01 20:30:09.052   901  1000 W ASH     : @ 38195.505: Unhandled msg ID 999: line 1277
09-01 20:30:09.053   901  1000 E ASH     : @ 38195.505: No pb callback assigned
09-01 20:30:09.053   901  1000 E ASH     : @ 38195.505: Nanopb error: callback failed:1588
09-01 20:30:09.055  1513  1572 I DisplayManagerService: Display device changed: DisplayDeviceInfo{"Built-in Screen": uniqueId="local:19260504575090817", 1080 x 2340, modeId 2, defaultModeId 2, supportedModes [{id=1, width=1080, height=2340, fps=90.0}, {id=2, width=1080, height=2340, fps=60.000004}], colorMode 0, supportedColorModes [0, 7, 9], HdrCapabilities HdrCapabilities{mSupportedHdrTypes=[2, 3, 4], mMaxLuminance=500.0, mMaxAverageLuminance=500.0, mMinLuminance=0.0}, allmSupported false, gameContentTypeSupported false, density 440, 435.428 x 433.839 dpi, appVsyncOff 2333332, presDeadline 11500000, cutout DisplayCutout{insets=Rect(0, 136 - 0, 0) waterfall=Insets{left=0, top=0, right=0, bottom=0} boundingRect={Bounds=[Rect(0, 0 - 0, 0), Rect(0, 0 - 136, 136), Rect(0, 0 - 0, 0), Rect(0, 0 - 0, 0)]}}, touch INTERNAL, rotation 0, type INTERNAL, address {port=129, model=0x446d53ad64a0}, deviceProductInfo DeviceProductInfo{name=, manufacturerPnpId=QCM, productId=1, modelYear=null, manufactureDate=ManufactureDate{week=27, year=2006}, relativeAddress=null}, state ON, FLAG_DEFAULT_DISPLAY, FLAG_ROTATES_WITH_CONTENT, FLAG_SECURE, FLAG_SUPPORTS_PROTECTED_BUFFERS}
09-01 20:30:09.075   594   655 I SDM     : StrategyImpl::SetIdleTimeoutMs: Idle timeout set to zero for command mode panels
09-01 20:30:09.128 18942 18954 I m.opera.browse: WaitForGcToComplete blocked RunEmptyCheckpoint on ProfileSaver for 21.935ms
09-01 20:30:09.328 19323 19323 W app_process: type=1400 audit(0.0:4679): avc: denied { read } for name="u:object_r:device_config_runtime_native_boot_prop:s0" dev="tmpfs" ino=10163 scontext=u:r:shell:s0 tcontext=u:object_r:device_config_runtime_native_boot_prop:s0 tclass=file permissive=0 app=org.mozilla.firefox
09-01 20:30:09.328 19323 19323 I chatty  : uid=10258(org.mozilla.firefox) identical 2 lines
09-01 20:30:09.328 19323 19323 W app_process: type=1400 audit(0.0:4682): avc: denied { read } for name="u:object_r:device_config_runtime_native_boot_prop:s0" dev="tmpfs" ino=10163 scontext=u:r:shell:s0 tcontext=u:object_r:device_config_runtime_native_boot_prop:s0 tclass=file permissive=0 app=org.mozilla.firefox
09-01 20:30:09.329 19323 19323 D AndroidRuntime: >>>>>> START com.android.internal.os.RuntimeInit uid 2000 <<<<<<
09-01 20:30:09.331 19323 19323 E libc    : Access denied finding property "persist.device_config.runtime_native_boot.profilebootclasspath"
09-01 20:30:09.331 19323 19323 E libc    : Access denied finding property "persist.device_config.runtime_native_boot.enable_apex_image"
09-01 20:30:09.331 19323 19323 I AndroidRuntime: Using default boot image
09-01 20:30:09.331 19323 19323 E libc    : Access denied finding property "persist.device_config.runtime_native_boot.disable_lock_profiling"
09-01 20:30:09.331 19323 19323 I AndroidRuntime: Leaving lock profiling enabled
09-01 20:30:09.331 19323 19323 E libc    : Access denied finding property "persist.device_config.runtime_native_boot.enable_generational_cc"
09-01 20:30:09.397 19323 19323 D app_process: Time zone APEX ICU file found: /apex/com.android.tzdata/etc/icu/icu_tzdata.dat
09-01 20:30:09.397 19323 19323 D app_process: I18n APEX ICU file found: /apex/com.android.i18n/etc/icu/icudt66l.dat
09-01 20:30:09.406 19323 19323 I app_process: The ClassLoaderContext is a special shared library.
09-01 20:30:09.418 19323 19323 W app_process: JNI RegisterNativeMethods: attempt to register 0 native methods for android.media.AudioAttributes
09-01 20:30:09.422 19323 19323 D AndroidRuntime: Calling main entry com.android.commands.input.Input
09-01 20:30:09.428   594   655 I SDM     : HWDeviceDRM::UpdateMixerAttributes: Mixer WxH 1080x2340-1 for Peripheral
09-01 20:30:09.428   594   655 I SDM     : DisplayBase::SetActiveConfig: Active configuration changed to: 1
09-01 20:30:09.428   594   655 I SDM     : StrategyImpl::SetIdleTimeoutMs: Idle timeout set to zero for command mode panels
09-01 20:30:09.428  1513  1572 I DisplayManagerService: Display device changed: DisplayDeviceInfo{"Built-in Screen": uniqueId="local:19260504575090817", 1080 x 2340, modeId 1, defaultModeId 2, supportedModes [{id=1, width=1080, height=2340, fps=90.0}, {id=2, width=1080, height=2340, fps=60.000004}], colorMode 0, supportedColorModes [0, 7, 9], HdrCapabilities HdrCapabilities{mSupportedHdrTypes=[2, 3, 4], mMaxLuminance=500.0, mMaxAverageLuminance=500.0, mMinLuminance=0.0}, allmSupported false, gameContentTypeSupported false, density 440, 435.428 x 433.839 dpi, appVsyncOff 2333333, presDeadline 11500000, cutout DisplayCutout{insets=Rect(0, 136 - 0, 0) waterfall=Insets{left=0, top=0, right=0, bottom=0} boundingRect={Bounds=[Rect(0, 0 - 0, 0), Rect(0, 0 - 136, 136), Rect(0, 0 - 0, 0), Rect(0, 0 - 0, 0)]}}, touch INTERNAL, rotation 0, type INTERNAL, address {port=129, model=0x446d53ad64a0}, deviceProductInfo DeviceProductInfo{name=, manufacturerPnpId=QCM, productId=1, modelYear=null, manufactureDate=ManufactureDate{week=27, year=2006}, relativeAddress=null}, state ON, FLAG_DEFAULT_DISPLAY, FLAG_ROTATES_WITH_CONTENT, FLAG_SECURE, FLAG_SUPPORTS_PROTECTED_BUFFERS}
09-01 20:30:09.433   901  2806 I sensors-hal: [ssc_utils]get_qmi_debug_flag:244, support_qmi_debug : false
09-01 20:30:09.438 19323 19323 D AndroidRuntime: Shutting down VM
09-01 20:30:09.445   901  1000 W ASH     : @ 38195.898: Unhandled msg ID 999: line 1277
09-01 20:30:09.445   901  1000 E ASH     : @ 38195.898: No pb callback assigned
09-01 20:30:09.445   901  1000 E ASH     : @ 38195.898: Nanopb error: callback failed:1588
09-01 20:30:09.473  1513  2000 D ConnectivityService: NetReassign [no changes]
09-01 20:30:09.521 19127 19148 I ileged_process: WaitForGcToComplete blocked RunEmptyCheckpoint on ProfileSaver for 20.344ms
09-01 20:30:09.538   901  2806 I sensors-hal: [ssc_utils]get_qmi_debug_flag:244, support_qmi_debug : false
09-01 20:30:09.565   901  1000 W ASH     : @ 38196.018: Unhandled msg ID 999: line 1277
09-01 20:30:09.565   901  1000 E ASH     : @ 38196.018: No pb callback assigned
09-01 20:30:09.565   901  1000 E ASH     : @ 38196.018: Nanopb error: callback failed:1588
09-01 20:30:09.607   901  1000 I ASH     : @ 38196.060: tcs3701: ADC is saturated, removed sample from FIFO.
09-01 20:30:10.051 18879 18879 I BatteryMgr:DataCollectionService: onStartCommand: begin
09-01 20:30:10.051 18879 18879 I BatteryMgr:DataCollectionService: onStartCommand: sampleRate => 100
09-01 20:30:10.051 18879 18879 I BatteryMgr:DataCollectionService: onStartCommand: rawFields => Timestamp,BATTERY_PROPERTY_CURRENT_NOW,EXTRA_VOLTAGE
09-01 20:30:10.052 18879 18879 I BatteryMgr:DataCollectionService: onStartCommand: notification done
09-01 20:30:10.055  1513  3375 D CompatibilityChangeReporter: Compat change id reported: 136219221; UID 10260; state: ENABLED
09-01 20:30:10.055 18879 18879 I BatteryMgr:DataCollectionService: started foreground
09-01 20:30:10.076 18879 19357 I BatteryMgr:DataCollectionService: collectData: begin
09-01 20:30:10.079 18879 19357 I BatteryMgr:DataCollectionService: stats => 1693593010079,6713,4408
09-01 20:30:10.165   901  1000 D VSC     : @ 38196.618: [WO] tilt angle 89
09-01 20:30:10.186 18879 19357 I BatteryMgr:DataCollectionService: stats => 1693593010186,6713,4408
09-01 20:30:10.258  1513  1513 D NotificationService: 0|com.example.batterymanager_utility|1|null|10260: granting content://settings/system/notification_sound
09-01 20:30:10.259  1513  1513 I chatty  : uid=1000(system) Binder:1513_3 identical 3 lines
09-01 20:30:10.259  1513  1513 D NotificationService: 0|com.example.batterymanager_utility|1|null|10260: granting content://settings/system/notification_sound
09-01 20:30:10.261  1513  1513 W NotificationHistory: Attempted to add notif for locked/gone/disabled user 0
09-01 20:30:10.269  2062  2062 D InterruptionStateProvider: No bubble up: not allowed to bubble: 0|com.example.batterymanager_utility|1|null|10260
09-01 20:30:10.269  2062  2062 D InterruptionStateProvider: No heads up: unimportant notification: 0|com.example.batterymanager_utility|1|null|10260
09-01 20:30:10.289 18879 19357 I BatteryMgr:DataCollectionService: stats => 1693593010289,7629,4408
09-01 20:30:10.305   901  2806 I sensors-hal: [ssc_utils]get_qmi_debug_flag:244, support_qmi_debug : false
09-01 20:30:10.306   594   655 I SDM     : HWDeviceDRM::UpdateMixerAttributes: Mixer WxH 1080x2340-1 for Peripheral
09-01 20:30:10.306   594   655 I SDM     : DisplayBase::SetActiveConfig: Active configuration changed to: 0
09-01 20:30:10.306   594   655 I SDM     : StrategyImpl::SetIdleTimeoutMs: Idle timeout set to zero for command mode panels
09-01 20:30:10.317   901  2806 I sensors-hal: [ssc_utils]get_qmi_debug_flag:244, support_qmi_debug : false
09-01 20:30:10.325   901  1000 W ASH     : @ 38196.778: Unhandled msg ID 999: line 1277
09-01 20:30:10.325   901  1000 E ASH     : @ 38196.778: No pb callback assigned
09-01 20:30:10.325   901  1000 E ASH     : @ 38196.778: Nanopb error: callback failed:1588
