--------- beginning of system
09-01 20:28:35.312  1513  3245 I ActivityManager: Force stopping com.opera.browser appid=10261 user=0: from pid 18128
--------- beginning of main
09-01 20:28:35.319  2474  2474 E PhoneInterfaceManager: [PhoneIntfMgr] getCarrierPackageNamesForIntentAndPhone: No UICC
09-01 20:28:35.319  2474  2474 D CarrierSvcBindHelper: No carrier app for: 0
09-01 20:28:35.328  3135  3135 D RegisteredNfcFServicesCache: Service unchanged, not updating
09-01 20:28:35.330  8777  8777 I EuiccGoogle: [2] EuiccServiceImpl.onCreate: onCreate Single-SIM mode: simCardState is 1
09-01 20:28:35.335  8777 18134 I EuiccGoogle: [6312] EuiccServiceImpl.onGetEuiccProfileInfoList: onGetEuiccProfileInfoList: slotId = -1
09-01 20:28:35.337  8777 18134 W EuiccGoogle: [6312] EuiccServiceImpl.onGetEuiccProfileInfoList: slotId=-1. No eUICC is active. Return null.
09-01 20:28:35.569  1513  3245 I ActivityTaskManager: START u0 {act=android.intent.action.VIEW flg=0x10008000 cmp=com.opera.browser/com.opera.Opera} from uid 2000
09-01 20:28:35.570  1513  1572 D EventSequenceValidator: inc AccIntentStartedEvents to 2
09-01 20:28:35.597   901  2806 I sensors-hal: [ssc_utils]get_qmi_debug_flag:244, support_qmi_debug : false
09-01 20:28:35.606   901  1000 W ASH     : @ 38102.059: Unhandled msg ID 999: line 1277
09-01 20:28:35.606   901  1000 E ASH     : @ 38102.059: No pb callback assigned
09-01 20:28:35.606   901  1000 E ASH     : @ 38102.059: Nanopb error: callback failed:1588
09-01 20:28:35.609 18128 18130 I cmd     : oneway function results will be dropped but finished with status OK and parcel size 4
09-01 20:28:35.614  1513  1572 D CompatibilityChangeReporter: Compat change id reported: 135634846; UID 10261; state: DISABLED
09-01 20:28:35.614  1513  1625 D CompatibilityChangeReporter: Compat change id reported: 143937733; UID 10261; state: ENABLED
09-01 20:28:35.617 18081 18138 D ProfileInstaller: Installing profile for com.example.batterymanager_utility
09-01 20:28:35.619   779   779 D Zygote  : Forked child process 18139
09-01 20:28:35.620  1513  1625 I ActivityManager: Start proc 18139:com.opera.browser/u0a261 for pre-top-activity {com.opera.browser/com.opera.Opera}
09-01 20:28:35.626  3088  3653 I AssistantForeground: (REDACTED) Get launcher package: %s
09-01 20:28:35.634 18139 18139 E m.opera.browse: Not starting debugger since process cannot load the jdwp agent.
09-01 20:28:35.661 18139 18139 W m.opera.browse: JIT profile information will not be recorded: profile file does not exist.
09-01 20:28:35.661 18139 18139 W m.opera.browse: JIT profile information will not be recorded: profile file does not exist.
09-01 20:28:35.664   901   901 W sensors@2.0-ser: type=1400 audit(0.0:4669): avc: denied { read write } for name="diag" dev="tmpfs" ino=12474 scontext=u:r:hal_sensors_default:s0 tcontext=u:object_r:diag_device:s0 tclass=chr_file permissive=0
09-01 20:28:35.664   901   901 W sensors@2.0-ser: type=1400 audit(0.0:4670): avc: denied { read write } for name="diag" dev="tmpfs" ino=12474 scontext=u:r:hal_sensors_default:s0 tcontext=u:object_r:diag_device:s0 tclass=chr_file permissive=0
09-01 20:28:35.664  2158  2158 I WallpaperService: engine resumed
09-01 20:28:35.665   901   901 I sensors-hal: [hal]batch_physical_sensor:301, android.sensor.gyroscope/41, period=20000000, max_latency=0
09-01 20:28:35.665   901   901 I sensors-hal: [hal]batch_physical_sensor:310, android.sensor.gyroscope/41, period=20000000, max_latency=0 request completed
09-01 20:28:35.665   901   901 I sensors-hal: [hal]activate_physical_sensor:238, android.sensor.gyroscope/41 en=1
09-01 20:28:35.665   901   901 I sensors-hal: [ssc_utils]get_qmi_debug_flag:244, support_qmi_debug : false
09-01 20:28:35.666 18139 18139 D NetworkSecurityConfig: Using Network Security Config from resource network_security_config_official_build debugBuild: false
09-01 20:28:35.667 18139 18139 D NetworkSecurityConfig: Using Network Security Config from resource network_security_config_official_build debugBuild: false
09-01 20:28:35.668   901   901 D Diag_Lib:  Diag_LSM_Init: Failed to open handle to diag driver, error = 13
09-01 20:28:35.668   901   901 D Diag_Lib:  Diag_LSM_Init: Failed to open handle to diag driver, error = 13
09-01 20:28:35.668   901   901 I sensors-hal: [ssc_sensor]update_handle:537, handle=331, type=33, wakeup=0, hwid=0, base=331
09-01 20:28:35.668   901   901 I sensors-hal: [ssc_utils]get_qmi_debug_flag:244, support_qmi_debug : false
09-01 20:28:35.672   901   901 I sensors-hal: [ssc_utils]get_qmi_debug_flag:244, support_qmi_debug : false
09-01 20:28:35.673   901  1000 W SEE     : @ 38102.126: adding req to Q sensor=8 req=0xb20296f8 msg=513
09-01 20:28:35.673   901 18165 I sensors-hal: [ssc_sensor]ssc_conn_resp_cb:663, resp_value = 0
09-01 20:28:35.675   901 18165 I sensors-hal: [sensor]submit_sensors_hal_event:146, android.sensor.additional_info: trying to push empty Events, count = 0
09-01 20:28:35.675   901 18165 I sensors-hal: [sensor]submit_sensors_hal_event:146, android.sensor.additional_info: trying to push empty Events, count = 0
09-01 20:28:35.679   901   901 I sensors-hal: [hal]activate_physical_sensor:249, android.sensor.gyroscope/41 en=1 completed
09-01 20:28:35.679   901 18174 I sensors-hal: [ssc_sensor]ssc_conn_resp_cb:663, resp_value = 0
09-01 20:28:35.680   901  1000 W SEE     : @ 38102.133: adding req to Q sensor=2 req=0xb2034f68 msg=513
09-01 20:28:35.682   901 18174 I sensors-hal: [sensor]submit_sensors_hal_event:146, android.sensor.gyroscope: trying to push empty Events, count = 1
09-01 20:28:35.682   901 18174 I chatty  : uid=1000(system) sensors@2.0-ser identical 1 line
09-01 20:28:35.682   901 18174 I sensors-hal: [sensor]submit_sensors_hal_event:146, android.sensor.gyroscope: trying to push empty Events, count = 1
09-01 20:28:35.693 18139 18139 I TetheringManager: registerTetheringEventCallback:com.opera.browser
09-01 20:28:35.702   901 18174 I sensors-hal: [sensor]submit_sensors_hal_event:146, android.sensor.gyroscope: trying to push empty Events, count = 1
09-01 20:28:35.718 18139 18177 W System  : ClassLoader referenced unknown path: 
09-01 20:28:35.773   592  2726 W DisplayIdentification: Invalid EDID: falling back to serial number due to missing display name.
09-01 20:28:35.773   592  2726 W DisplayIdentification: Invalid EDID: falling back to ASCII text due to missing serial number.
09-01 20:28:35.801  1513  2000 D ConnectivityService: NetReassign [no changes]
09-01 20:28:35.808  1513  3161 D ConnectivityService: requestNetwork for uid/pid:10261/18139 NetworkRequest [ TRACK_DEFAULT id=1731, [ Capabilities: INTERNET&NOT_RESTRICTED&TRUSTED Uid: 10261 AdministratorUids: [] RequestorUid: 10261 RequestorPackageName: com.opera.browser] ]
09-01 20:28:35.808  1513  2000 D ConnectivityService: NetReassign [1731 : null → 100]
09-01 20:28:35.809  1513  2037 D WIFI_AWARE_FACTORY: got request NetworkRequest [ TRACK_DEFAULT id=1731, [ Capabilities: INTERNET&NOT_RESTRICTED&TRUSTED Uid: 10261 AdministratorUids: [] RequestorUid: 10261 RequestorPackageName: com.opera.browser] ] with score 60 and providerId 5
09-01 20:28:35.809  1513  2038 D Ethernet: got request NetworkRequest [ TRACK_DEFAULT id=1731, [ Capabilities: INTERNET&NOT_RESTRICTED&TRUSTED Uid: 10261 AdministratorUids: [] RequestorUid: 10261 RequestorPackageName: com.opera.browser] ] with score 60 and providerId 5
09-01 20:28:35.809  1513  1996 D WifiNetworkFactory: got request NetworkRequest [ TRACK_DEFAULT id=1731, [ Capabilities: INTERNET&NOT_RESTRICTED&TRUSTED Uid: 10261 AdministratorUids: [] RequestorUid: 10261 RequestorPackageName: com.opera.browser] ] with score 60 and providerId 5
09-01 20:28:35.809  1513  1996 D UntrustedWifiNetworkFactory: got request NetworkRequest [ TRACK_DEFAULT id=1731, [ Capabilities: INTERNET&NOT_RESTRICTED&TRUSTED Uid: 10261 AdministratorUids: [] RequestorUid: 10261 RequestorPackageName: com.opera.browser] ] with score 60 and providerId 5
09-01 20:28:35.809  2474  2474 D PhoneSwitcherNetworkRequstListener: got request NetworkRequest [ TRACK_DEFAULT id=1731, [ Capabilities: INTERNET&NOT_RESTRICTED&TRUSTED Uid: 10261 AdministratorUids: [] RequestorUid: 10261 RequestorPackageName: com.opera.browser] ] with score 60 and providerId 5
09-01 20:28:35.810  1513  2000 D ConnectivityService: NetReassign [no changes]
09-01 20:28:35.831  1513  2180 D CompatibilityChangeReporter: Compat change id reported: 136274596; UID 10261; state: ENABLED
09-01 20:28:35.843 18139 18260 I FA      : App measurement initialized, version: 75017
09-01 20:28:35.844 18139 18260 I FA      : To enable debug logging run: adb shell setprop log.tag.FA VERBOSE
09-01 20:28:35.844 18139 18260 I FA      : To enable faster debug mode event logging run:
09-01 20:28:35.844 18139 18260 I FA      :   adb shell setprop debug.firebase.analytics.app com.opera.browser
09-01 20:28:35.875   594 28441 I SDM     : HWDeviceDRM::UpdateMixerAttributes: Mixer WxH 1080x2340-1 for Peripheral
09-01 20:28:35.875   594 28441 I SDM     : DisplayBase::SetActiveConfig: Active configuration changed to: 0
09-01 20:28:35.875   594 28441 I SDM     : StrategyImpl::SetIdleTimeoutMs: Idle timeout set to zero for command mode panels
09-01 20:28:35.884   901  2806 I sensors-hal: [ssc_utils]get_qmi_debug_flag:244, support_qmi_debug : false
09-01 20:28:35.885 18139 18262 I AdrenoGLES-0: QUALCOMM build                   : 35605c3, Ia11ce2d146
09-01 20:28:35.885 18139 18262 I AdrenoGLES-0: Build Date                       : 09/02/20
09-01 20:28:35.885 18139 18262 I AdrenoGLES-0: OpenGL ES Shader Compiler Version: EV031.31.04.00
09-01 20:28:35.885 18139 18262 I AdrenoGLES-0: Local Branch                     : gfx-adreno.lnx.2.0
09-01 20:28:35.885 18139 18262 I AdrenoGLES-0: Remote Branch                    : 
09-01 20:28:35.885 18139 18262 I AdrenoGLES-0: Remote Branch                    : 
09-01 20:28:35.885 18139 18262 I AdrenoGLES-0: Reconstruct Branch               : 
09-01 20:28:35.885 18139 18262 I AdrenoGLES-0: Build Config                     : S P 10.0.4 AArch32
09-01 20:28:35.885 18139 18262 I AdrenoGLES-0: Driver Path                      : /vendor/lib/egl/libGLESv2_adreno.so
09-01 20:28:35.889 18139 18262 I AdrenoGLES-0: PFP: 0x016dd090, ME: 0x00000000
09-01 20:28:35.890  7733  7733 D BoundBrokerSvc: onBind: Intent { act=com.google.android.gms.measurement.START pkg=com.google.android.gms }
09-01 20:28:35.890  7733  7733 D BoundBrokerSvc: Loading bound service for intent: Intent { act=com.google.android.gms.measurement.START pkg=com.google.android.gms }
09-01 20:28:35.895 18139 18262 W AdrenoUtils: <ReadGpuID_from_sysfs:197>: Failed to open /sys/class/kgsl/kgsl-3d0/gpu_model
09-01 20:28:35.895 18139 18262 W AdrenoUtils: <ReadGpuID:221>: Failed to read chip ID from gpu_model. Fallback to use the GSL path
09-01 20:28:35.896  1513  1572 I DisplayManagerService: Display device changed: DisplayDeviceInfo{"Built-in Screen": uniqueId="local:19260504575090817", 1080 x 2340, modeId 2, defaultModeId 2, supportedModes [{id=1, width=1080, height=2340, fps=90.0}, {id=2, width=1080, height=2340, fps=60.000004}], colorMode 0, supportedColorModes [0, 7, 9], HdrCapabilities HdrCapabilities{mSupportedHdrTypes=[2, 3, 4], mMaxLuminance=500.0, mMaxAverageLuminance=500.0, mMinLuminance=0.0}, allmSupported false, gameContentTypeSupported false, density 440, 435.428 x 433.839 dpi, appVsyncOff 2333332, presDeadline 11500000, cutout DisplayCutout{insets=Rect(0, 136 - 0, 0) waterfall=Insets{left=0, top=0, right=0, bottom=0} boundingRect={Bounds=[Rect(0, 0 - 0, 0), Rect(0, 0 - 136, 136), Rect(0, 0 - 0, 0), Rect(0, 0 - 0, 0)]}}, touch INTERNAL, rotation 0, type INTERNAL, address {port=129, model=0x446d53ad64a0}, deviceProductInfo DeviceProductInfo{name=, manufacturerPnpId=QCM, productId=1, modelYear=null, manufactureDate=ManufactureDate{week=27, year=2006}, relativeAddress=null}, state ON, FLAG_DEFAULT_DISPLAY, FLAG_ROTATES_WITH_CONTENT, FLAG_SECURE, FLAG_SUPPORTS_PROTECTED_BUFFERS}
09-01 20:28:35.901   594 28441 I SDM     : StrategyImpl::SetIdleTimeoutMs: Idle timeout set to zero for command mode panels
09-01 20:28:35.916  1513  1572 D EventSequenceValidator: dec AccIntentStartedEvents to 1
09-01 20:28:35.920   594 28441 I SDM     : HWDeviceDRM::UpdateMixerAttributes: Mixer WxH 1080x2340-1 for Peripheral
09-01 20:28:35.920   594 28441 I SDM     : DisplayBase::SetActiveConfig: Active configuration changed to: 1
09-01 20:28:35.921   594 28441 I SDM     : StrategyImpl::SetIdleTimeoutMs: Idle timeout set to zero for command mode panels
09-01 20:28:35.925   901  1000 W ASH     : @ 38102.378: Unhandled msg ID 999: line 1277
09-01 20:28:35.925   901  1000 E ASH     : @ 38102.378: No pb callback assigned
09-01 20:28:35.925   901  1000 E ASH     : @ 38102.378: Nanopb error: callback failed:1588
09-01 20:28:35.928  1513  1572 I DisplayManagerService: Display device changed: DisplayDeviceInfo{"Built-in Screen": uniqueId="local:19260504575090817", 1080 x 2340, modeId 1, defaultModeId 2, supportedModes [{id=1, width=1080, height=2340, fps=90.0}, {id=2, width=1080, height=2340, fps=60.000004}], colorMode 0, supportedColorModes [0, 7, 9], HdrCapabilities HdrCapabilities{mSupportedHdrTypes=[2, 3, 4], mMaxLuminance=500.0, mMaxAverageLuminance=500.0, mMinLuminance=0.0}, allmSupported false, gameContentTypeSupported false, density 440, 435.428 x 433.839 dpi, appVsyncOff 2333333, presDeadline 11500000, cutout DisplayCutout{insets=Rect(0, 136 - 0, 0) waterfall=Insets{left=0, top=0, right=0, bottom=0} boundingRect={Bounds=[Rect(0, 0 - 0, 0), Rect(0, 0 - 136, 136), Rect(0, 0 - 0, 0), Rect(0, 0 - 0, 0)]}}, touch INTERNAL, rotation 0, type INTERNAL, address {port=129, model=0x446d53ad64a0}, deviceProductInfo DeviceProductInfo{name=, manufacturerPnpId=QCM, productId=1, modelYear=null, manufactureDate=ManufactureDate{week=27, year=2006}, relativeAddress=null}, state ON, FLAG_DEFAULT_DISPLAY, FLAG_ROTATES_WITH_CONTENT, FLAG_SECURE, FLAG_SUPPORTS_PROTECTED_BUFFERS}
09-01 20:28:35.930   901  2806 I sensors-hal: [ssc_utils]get_qmi_debug_flag:244, support_qmi_debug : false
09-01 20:28:35.933  1513  1622 D ArtManagerInternalImpl: /data/misc/iorapd/com.opera.browser/1907712205/com.opera.Opera/compiled_traces/compiled_trace.pb doesn't exist
09-01 20:28:35.935  1513  1622 I ActivityTaskManager: Displayed com.opera.browser/com.opera.Opera: +346ms
09-01 20:28:35.966   901  1000 W ASH     : @ 38102.418: Unhandled msg ID 999: line 1277
09-01 20:28:35.966   901  1000 E ASH     : @ 38102.418: No pb callback assigned
09-01 20:28:35.966   901  1000 E ASH     : @ 38102.418: Nanopb error: callback failed:1588
09-01 20:28:35.984  1513  3245 D CompatibilityChangeReporter: Compat change id reported: 135634846; UID 10261; state: DISABLED
09-01 20:28:35.985  1513  1625 D CompatibilityChangeReporter: Compat change id reported: 143937733; UID 10261; state: ENABLED
09-01 20:28:35.991   779   779 D Zygote  : Forked child process 18332
09-01 20:28:35.991  7733 16085 I Backup  : [GmsBackupAccountManager] Backup account not found in gmscore.
09-01 20:28:35.992  1513  1625 I ActivityManager: Start proc 18332:com.opera.browser:privileged_process0/u0a261 for service {com.opera.browser/com.opera.android.browser.chromium.services.PrivilegedProcessService0}
09-01 20:28:36.004  2816 18339 W ChimeraUtils: Module com.google.android.gms.backup_base has empty metadata display_name_string_id
09-01 20:28:36.008 18139 18260 I FA      : Tag Manager is not found and thus will not be used
09-01 20:28:36.009 18332 18332 E ileged_process: Not starting debugger since process cannot load the jdwp agent.
09-01 20:28:36.010  7733 16085 I BlockstoreE2ESync: no backup account found. [CONTEXT service_id=258 ]
09-01 20:28:36.012  7733  7753 I gle.android.gm: CollectorTransition concurrent copying GC freed 1137(145KB) AllocSpace objects, 0(0B) LOS objects, 75% free, 10MB/40MB, paused 227us total 204.863ms
09-01 20:28:36.022  1513  3245 D CompatibilityChangeReporter: Compat change id reported: 136274596; UID 10261; state: ENABLED
09-01 20:28:36.039 18332 18332 W ileged_process: JIT profile information will not be recorded: profile file does not exist.
09-01 20:28:36.039 18332 18332 W ileged_process: JIT profile information will not be recorded: profile file does not exist.
09-01 20:28:36.044 18332 18332 D NetworkSecurityConfig: Using Network Security Config from resource network_security_config_official_build debugBuild: false
09-01 20:28:36.045 18332 18332 D NetworkSecurityConfig: Using Network Security Config from resource network_security_config_official_build debugBuild: false
09-01 20:28:36.066  1513  3221 D ConnectivityService: requestNetwork for uid/pid:10261/18139 NetworkRequest [ TRACK_DEFAULT id=1733, [ Capabilities: INTERNET&NOT_RESTRICTED&TRUSTED Uid: 10261 AdministratorUids: [] RequestorUid: 10261 RequestorPackageName: com.opera.browser] ]
09-01 20:28:36.067  1513  2000 D ConnectivityService: NetReassign [1733 : null → 100]
09-01 20:28:36.067  1513  1996 D WifiNetworkFactory: got request NetworkRequest [ TRACK_DEFAULT id=1733, [ Capabilities: INTERNET&NOT_RESTRICTED&TRUSTED Uid: 10261 AdministratorUids: [] RequestorUid: 10261 RequestorPackageName: com.opera.browser] ] with score 60 and providerId 5
09-01 20:28:36.067  1513  1996 D UntrustedWifiNetworkFactory: got request NetworkRequest [ TRACK_DEFAULT id=1733, [ Capabilities: INTERNET&NOT_RESTRICTED&TRUSTED Uid: 10261 AdministratorUids: [] RequestorUid: 10261 RequestorPackageName: com.opera.browser] ] with score 60 and providerId 5
09-01 20:28:36.067  1513  2038 D Ethernet: got request NetworkRequest [ TRACK_DEFAULT id=1733, [ Capabilities: INTERNET&NOT_RESTRICTED&TRUSTED Uid: 10261 AdministratorUids: [] RequestorUid: 10261 RequestorPackageName: com.opera.browser] ] with score 60 and providerId 5
09-01 20:28:36.068  1513  2037 D WIFI_AWARE_FACTORY: got request NetworkRequest [ TRACK_DEFAULT id=1733, [ Capabilities: INTERNET&NOT_RESTRICTED&TRUSTED Uid: 10261 AdministratorUids: [] RequestorUid: 10261 RequestorPackageName: com.opera.browser] ] with score 60 and providerId 5
09-01 20:28:36.068  2474  2474 D PhoneSwitcherNetworkRequstListener: got request NetworkRequest [ TRACK_DEFAULT id=1733, [ Capabilities: INTERNET&NOT_RESTRICTED&TRUSTED Uid: 10261 AdministratorUids: [] RequestorUid: 10261 RequestorPackageName: com.opera.browser] ] with score 60 and providerId 5
09-01 20:28:36.074  1513  2000 D ConnectivityService: NetReassign [no changes]
09-01 20:28:36.101 18332 18355 I AdrenoGLES-0: QUALCOMM build                   : 35605c3, Ia11ce2d146
09-01 20:28:36.101 18332 18355 I AdrenoGLES-0: Build Date                       : 09/02/20
09-01 20:28:36.101 18332 18355 I AdrenoGLES-0: OpenGL ES Shader Compiler Version: EV031.31.04.00
09-01 20:28:36.101 18332 18355 I AdrenoGLES-0: Local Branch                     : gfx-adreno.lnx.2.0
09-01 20:28:36.101 18332 18355 I AdrenoGLES-0: Remote Branch                    : 
09-01 20:28:36.101 18332 18355 I AdrenoGLES-0: Remote Branch                    : 
09-01 20:28:36.101 18332 18355 I AdrenoGLES-0: Reconstruct Branch               : 
09-01 20:28:36.101 18332 18355 I AdrenoGLES-0: Build Config                     : S P 10.0.4 AArch32
09-01 20:28:36.101 18332 18355 I AdrenoGLES-0: Driver Path                      : /vendor/lib/egl/libGLESv2_adreno.so
09-01 20:28:36.105 18332 18355 I AdrenoGLES-0: PFP: 0x016dd090, ME: 0x00000000
09-01 20:28:36.126 18332 18355 W AdrenoUtils: <ReadGpuID_from_sysfs:197>: Failed to open /sys/class/kgsl/kgsl-3d0/gpu_model
09-01 20:28:36.126 18332 18355 W AdrenoUtils: <ReadGpuID:221>: Failed to read chip ID from gpu_model. Fallback to use the GSL path
09-01 20:28:36.129  2858  2858 I GoogleInputMethodService: GoogleInputMethodService.onFinishInput():3280 
09-01 20:28:36.131  2858  2858 I GoogleInputMethodService: GoogleInputMethodService.updateDeviceLockedStatus():2169 repeatCheckTimes = 0, unlocked = true
09-01 20:28:36.131  2858  2858 I GoogleInputMethodService: GoogleInputMethodService.onStartInput():1960 onStartInput(EditorInfo{inputType=0x0(NULL) imeOptions=0x0 privateImeOptions=null actionName=UNSPECIFIED actionLabel=null actionId=0 initialSelStart=-1 initialSelEnd=-1 initialCapsMode=0x0 hintText=null label=null packageName=com.opera.browser fieldId=-1 fieldName=null extras=null}, false)
09-01 20:28:36.131  2858  2858 I GoogleInputMethodService: GoogleInputMethodService.shouldHideHeaderOnInitialState():4081 ShouldHideHeaderOnInitialState = false
09-01 20:28:36.133  2858  2858 I GoogleInputMethodService: GoogleInputMethodService.updateDeviceLockedStatus():2169 repeatCheckTimes = 2, unlocked = true
09-01 20:28:36.146  1513  3245 W UriGrantsManagerService: No permission grants found for com.google.android.apps.photos
09-01 20:28:36.147  1513  2180 W UriGrantsManagerService: No permission grants found for com.google.android.apps.photos
09-01 20:28:36.148 18139 18218 E [Leanplum][ERROR]: No variable values were received from the server. Please contact us to investigate.
09-01 20:28:36.165   901  1000 D VSC     : @ 38102.618: [WO] tilt angle 89
09-01 20:28:36.194  1513  2263 W UriGrantsManagerService: No permission grants found for com.google.android.apps.photos
09-01 20:28:36.195  1513  2263 W UriGrantsManagerService: No permission grants found for com.google.android.apps.photos
09-01 20:28:36.236  1513  3245 W UriGrantsManagerService: No permission grants found for com.google.android.apps.photos
09-01 20:28:36.236  1513  3245 W UriGrantsManagerService: No permission grants found for com.google.android.apps.photos
09-01 20:28:36.255  2158  2158 I WallpaperService: engine paused
09-01 20:28:36.256   901   901 I sensors-hal: [hal]activate_physical_sensor:238, android.sensor.gyroscope/41 en=0
09-01 20:28:36.257   901   901 D Diag_Lib: diag: Diag_LSM_DeInit done for pid: 901
09-01 20:28:36.258   901   901 D Diag_Lib: diag: Diag_LSM_DeInit done for pid: 901
09-01 20:28:36.258   901   901 I sensors-hal: [hal]activate_physical_sensor:249, android.sensor.gyroscope/41 en=0 completed
09-01 20:28:36.270  1513  8184 I AdrenoGLES-0: QUALCOMM build                   : 35605c3, Ia11ce2d146
09-01 20:28:36.270  1513  8184 I AdrenoGLES-0: Build Date                       : 09/02/20
09-01 20:28:36.270  1513  8184 I AdrenoGLES-0: OpenGL ES Shader Compiler Version: EV031.31.04.00
09-01 20:28:36.270  1513  8184 I AdrenoGLES-0: Local Branch                     : gfx-adreno.lnx.2.0
09-01 20:28:36.270  1513  8184 I AdrenoGLES-0: Remote Branch                    : 
09-01 20:28:36.270  1513  8184 I AdrenoGLES-0: Remote Branch                    : 
09-01 20:28:36.270  1513  8184 I AdrenoGLES-0: Reconstruct Branch               : 
09-01 20:28:36.270  1513  8184 I AdrenoGLES-0: Build Config                     : S P 10.0.4 AArch64
09-01 20:28:36.270  1513  8184 I AdrenoGLES-0: Driver Path                      : /vendor/lib64/egl/libGLESv2_adreno.so
09-01 20:28:36.280  1513  8184 I AdrenoGLES-0: PFP: 0x016dd090, ME: 0x00000000
09-01 20:28:36.294  1513  2263 D CompatibilityChangeReporter: Compat change id reported: 149924527; UID 10261; state: ENABLED
09-01 20:28:36.295  1513  3245 D CompatibilityChangeReporter: Compat change id reported: 132649864; UID 10261; state: DISABLED
09-01 20:28:36.358  1513  3245 D CompatibilityChangeReporter: Compat change id reported: 135634846; UID 10261; state: DISABLED
09-01 20:28:36.358  1513  1625 D CompatibilityChangeReporter: Compat change id reported: 143937733; UID 10261; state: ENABLED
09-01 20:28:36.370  2858  2858 I GoogleInputMethodService: GoogleInputMethodService.onFinishInput():3280 
09-01 20:28:36.370   779   779 D Zygote  : Forked child process 18424
09-01 20:28:36.371  2858  2858 I GoogleInputMethodService: GoogleInputMethodService.updateDeviceLockedStatus():2169 repeatCheckTimes = 0, unlocked = true
09-01 20:28:36.371  2858  2858 I GoogleInputMethodService: GoogleInputMethodService.onStartInput():1960 onStartInput(EditorInfo{inputType=0x0(NULL) imeOptions=0x12000000 privateImeOptions=null actionName=UNSPECIFIED actionLabel=null actionId=0 initialSelStart=-1 initialSelEnd=-1 initialCapsMode=0x0 hintText=null label=null packageName=com.opera.browser fieldId=-1 fieldName=null extras=null}, false)
09-01 20:28:36.371  2858  2858 I GoogleInputMethodService: GoogleInputMethodService.shouldHideHeaderOnInitialState():4081 ShouldHideHeaderOnInitialState = false
09-01 20:28:36.372  2858  2858 I GoogleInputMethodService: GoogleInputMethodService.updateDeviceLockedStatus():2169 repeatCheckTimes = 2, unlocked = true
09-01 20:28:36.372  1075 30183 W ServiceManager: Permission failure: android.permission.SYSTEM_CAMERA from uid=10261 pid=18139
09-01 20:28:36.378  1075 30183 I chatty  : uid=1047(cameraserver) Binder:1075_C identical 4 lines
09-01 20:28:36.378  1075 30183 W ServiceManager: Permission failure: android.permission.SYSTEM_CAMERA from uid=10261 pid=18139
09-01 20:28:36.381  1513  1625 I ActivityManager: Start proc 18424:com.opera.browser:sandboxed_process0/u0a261 for service {com.opera.browser/com.opera.android.browser.chromium.services.SandboxedProcessService0}
09-01 20:28:36.384   901  2806 I sensors-hal: [ssc_utils]get_qmi_debug_flag:244, support_qmi_debug : false
09-01 20:28:36.384 18424 18424 E dboxed_process: Not starting debugger since process cannot load the jdwp agent.
09-01 20:28:36.398  1513  2180 D CompatibilityChangeReporter: Compat change id reported: 136274596; UID 10261; state: ENABLED
09-01 20:28:36.405   901  1000 W ASH     : @ 38102.858: Unhandled msg ID 999: line 1277
09-01 20:28:36.405   901  1000 E ASH     : @ 38102.858: No pb callback assigned
09-01 20:28:36.405   901  1000 E ASH     : @ 38102.858: Nanopb error: callback failed:1588
09-01 20:28:36.432 18139 18170 W SQLiteLog: (28) double-quoted string literal: "not_interested"
09-01 20:28:36.435 18139 18170 W SQLiteLog: (28) double-quoted string literal: "report"
09-01 20:28:36.438 18139 18139 W InputMethodManager: Ignoring onBind: cur seq=2061, given seq=2060
09-01 20:28:36.448   901  2806 I sensors-hal: [ssc_utils]get_qmi_debug_flag:244, support_qmi_debug : false
09-01 20:28:36.454 18424 18424 W dboxed_process: JIT profile information will not be recorded: profile file does not exist.
09-01 20:28:36.454 18424 18424 W dboxed_process: JIT profile information will not be recorded: profile file does not exist.
09-01 20:28:36.466 18424 18424 D NetworkSecurityConfig: Using Network Security Config from resource network_security_config_official_build debugBuild: false
09-01 20:28:36.467 18424 18424 D NetworkSecurityConfig: Using Network Security Config from resource network_security_config_official_build debugBuild: false
09-01 20:28:36.485   901  1000 W ASH     : @ 38102.938: Unhandled msg ID 999: line 1277
09-01 20:28:36.485   901  1000 E ASH     : @ 38102.938: No pb callback assigned
09-01 20:28:36.485   901  1000 E ASH     : @ 38102.938: Nanopb error: callback failed:1588
09-01 20:28:36.541  2816 10247 I FontLog : Received query Noto Color Emoji Compat, URI content://com.google.android.gms.fonts [CONTEXT service_id=132 ]
09-01 20:28:36.541  2816 10247 I FontLog : Query [emojicompat-emoji-font] resolved to {Noto Color Emoji Compat, wdth 100.0, wght 400, ital 0.0, bestEffort false} [CONTEXT service_id=132 ]
09-01 20:28:36.543  2816 10247 I FontLog : Fetch {Noto Color Emoji Compat, wdth 100.0, wght 400, ital 0.0, bestEffort false} end status Status{statusCode=SUCCESS, resolution=null} [CONTEXT service_id=132 ]
09-01 20:28:36.551   901  2806 I sensors-hal: [ssc_utils]get_qmi_debug_flag:244, support_qmi_debug : false
09-01 20:28:36.556  2816  2836 I FontLog : Pulling font file for id = 1274, cache size = 4 [CONTEXT service_id=132 ]
09-01 20:28:36.558 10955 14820 I Finsky  : [5315] ncc.l(14): com.opera.browser: Account determined from installer data - [y0_1NG5HTmzf0bF7VytAKz9iHAD6w7yU52Le3i0fi68]
09-01 20:28:36.558 10955 14820 I Finsky  : [5315] ncc.l(61): Billing preferred account via installer for com.opera.browser: [y0_1NG5HTmzf0bF7VytAKz9iHAD6w7yU52Le3i0fi68]
09-01 20:28:36.560 10955 14820 W Finsky  : [5315] hgm.i(10): Unsupported billing API version: 19
09-01 20:28:36.561  1075  3185 W ServiceManager: Permission failure: android.permission.SYSTEM_CAMERA from uid=10261 pid=18139
09-01 20:28:36.561  1075  3185 I chatty  : uid=1047(cameraserver) Binder:1075_5 identical 3 lines
09-01 20:28:36.562  1075  3185 W ServiceManager: Permission failure: android.permission.SYSTEM_CAMERA from uid=10261 pid=18139
09-01 20:28:36.562  1075 30183 W ServiceManager: Permission failure: android.permission.SYSTEM_CAMERA from uid=10261 pid=18139
09-01 20:28:36.562 10955 14820 I Finsky  : [5315] ncc.l(14): com.opera.browser: Account determined from installer data - [y0_1NG5HTmzf0bF7VytAKz9iHAD6w7yU52Le3i0fi68]
09-01 20:28:36.563 10955 14820 I Finsky  : [5315] ncc.l(61): Billing preferred account via installer for com.opera.browser: [y0_1NG5HTmzf0bF7VytAKz9iHAD6w7yU52Le3i0fi68]
09-01 20:28:36.563 10955 14820 W Finsky  : [5315] hgm.i(10): Unsupported billing API version: 18
09-01 20:28:36.564 10955 14820 I Finsky  : [5315] ncc.l(14): com.opera.browser: Account determined from installer data - [y0_1NG5HTmzf0bF7VytAKz9iHAD6w7yU52Le3i0fi68]
09-01 20:28:36.564 10955 14820 I Finsky  : [5315] ncc.l(61): Billing preferred account via installer for com.opera.browser: [y0_1NG5HTmzf0bF7VytAKz9iHAD6w7yU52Le3i0fi68]
09-01 20:28:36.565   901  1000 W ASH     : @ 38103.018: Unhandled msg ID 999: line 1277
09-01 20:28:36.565 10955 14820 I Finsky  : [5315] ncc.l(14): com.opera.browser: Account determined from installer data - [y0_1NG5HTmzf0bF7VytAKz9iHAD6w7yU52Le3i0fi68]
09-01 20:28:36.565   901  1000 E ASH     : @ 38103.018: No pb callback assigned
09-01 20:28:36.565   901  1000 E ASH     : @ 38103.018: Nanopb error: callback failed:1588
09-01 20:28:36.565 10955 14820 I Finsky  : [5315] ncc.l(61): Billing preferred account via installer for com.opera.browser: [y0_1NG5HTmzf0bF7VytAKz9iHAD6w7yU52Le3i0fi68]
09-01 20:28:36.565 10955 14820 W Finsky  : [5315] hgm.i(10): Unsupported billing API version: 19
09-01 20:28:36.566 10955 14820 I Finsky  : [5315] ncc.l(14): com.opera.browser: Account determined from installer data - [y0_1NG5HTmzf0bF7VytAKz9iHAD6w7yU52Le3i0fi68]
09-01 20:28:36.566 10955 14820 I Finsky  : [5315] ncc.l(61): Billing preferred account via installer for com.opera.browser: [y0_1NG5HTmzf0bF7VytAKz9iHAD6w7yU52Le3i0fi68]
09-01 20:28:36.567 10955 14820 W Finsky  : [5315] hgm.i(10): Unsupported billing API version: 18
09-01 20:28:36.567 18139 18139 W View    : requestLayout() improperly called by android.widget.FrameLayout{736f711 VFE...C.. ......ID 320,1874-1069,2131 #7f0a01ca app:id/content} during layout: running second layout pass
09-01 20:28:36.567 10955 14820 I Finsky  : [5315] ncc.l(14): com.opera.browser: Account determined from installer data - [y0_1NG5HTmzf0bF7VytAKz9iHAD6w7yU52Le3i0fi68]
09-01 20:28:36.567 10955 14820 I Finsky  : [5315] ncc.l(61): Billing preferred account via installer for com.opera.browser: [y0_1NG5HTmzf0bF7VytAKz9iHAD6w7yU52Le3i0fi68]
09-01 20:28:36.569  2816 10247 I FontLog : Pulling font file for id = 1274, cache size = 4 [CONTEXT service_id=132 ]
09-01 20:28:36.573  2816 10247 I FontLog : Received query name=Google Sans&weight=700&besteffort=false, URI content://com.google.android.gms.fonts [CONTEXT service_id=132 ]
09-01 20:28:36.573  2816 10247 I FontLog : Query [name=Google Sans&weight=700&besteffort=false] resolved to {Google Sans, wdth 100.0, wght 700, ital 0.0, bestEffort false} [CONTEXT service_id=132 ]
09-01 20:28:36.574  2816 10247 I FontLog : Fetch {Google Sans, wdth 100.0, wght 700, ital 0.0, bestEffort false} end status Status{statusCode=SUCCESS, resolution=null} [CONTEXT service_id=132 ]
09-01 20:28:36.579   901  2806 I sensors-hal: [ssc_utils]get_qmi_debug_flag:244, support_qmi_debug : false
09-01 20:28:36.581  2816 16407 W NetworkScheduler: Error inserting flex_time=118000 job_id=-1 period=238000 source=16 requires_charging=0 preferred_network_type=1 target_class=com.google.android.gms.measurement.PackageMeasurementTaskService user_id=0 target_package=com.google.android.gms tag=Measurement.PackageMeasurementTaskService.UPLOAD_TASK_TAG task_type=0 required_idleness_state=0 service_kind=0 source_version=224312000 persistence_level=1 preferred_charging_state=1 required_network_type=0 runtime=1693592916558 retry_strategy={"maximum_backoff_seconds":{"3600":0},"initial_backoff_seconds":{"30":0},"retry_policy":{"0":0}} last_runtime=0 [CONTEXT service_id=218 ]
09-01 20:28:36.581  2816 16407 W NetworkScheduler: android.database.sqlite.SQLiteConstraintException: UNIQUE constraint failed: pending_ops.tag, pending_ops.target_class, pending_ops.target_package, pending_ops.user_id (code 2067 SQLITE_CONSTRAINT_UNIQUE)
09-01 20:28:36.581  2816 16407 W NetworkScheduler: 	at android.database.sqlite.SQLiteConnection.nativeExecuteForLastInsertedRowId(Native Method)
09-01 20:28:36.581  2816 16407 W NetworkScheduler: 	at android.database.sqlite.SQLiteConnection.executeForLastInsertedRowId(SQLiteConnection.java:938)
09-01 20:28:36.581  2816 16407 W NetworkScheduler: 	at android.database.sqlite.SQLiteSession.executeForLastInsertedRowId(SQLiteSession.java:790)
09-01 20:28:36.581  2816 16407 W NetworkScheduler: 	at android.database.sqlite.SQLiteStatement.executeInsert(SQLiteStatement.java:88)
09-01 20:28:36.581  2816 16407 W NetworkScheduler: 	at android.database.sqlite.SQLiteDatabase.insertWithOnConflict(SQLiteDatabase.java:1701)
09-01 20:28:36.581  2816 16407 W NetworkScheduler: 	at android.database.sqlite.SQLiteDatabase.insertOrThrow(SQLiteDatabase.java:1596)
09-01 20:28:36.581  2816 16407 W NetworkScheduler: 	at biky.g(:com.google.android.gms@224312037@22.43.12 (150400-483592595):53)
09-01 20:28:36.581  2816 16407 W NetworkScheduler: 	at bijr.n(:com.google.android.gms@224312037@22.43.12 (150400-483592595):3)
09-01 20:28:36.581  2816 16407 W NetworkScheduler: 	at bijr.u(:com.google.android.gms@224312037@22.43.12 (150400-483592595):20)
09-01 20:28:36.581  2816 16407 W NetworkScheduler: 	at bijr.h(:com.google.android.gms@224312037@22.43.12 (150400-483592595):3)
09-01 20:28:36.581  2816 16407 W NetworkScheduler: 	at bifi.run(:com.google.android.gms@224312037@22.43.12 (150400-483592595):9)
09-01 20:28:36.581  2816 16407 W NetworkScheduler: 	at zqv.c(:com.google.android.gms@224312037@22.43.12 (150400-483592595):6)
09-01 20:28:36.581  2816 16407 W NetworkScheduler: 	at zqv.run(:com.google.android.gms@224312037@22.43.12 (150400-483592595):7)
09-01 20:28:36.581  2816 16407 W NetworkScheduler: 	at java.util.concurrent.ThreadPoolExecutor.runWorker(ThreadPoolExecutor.java:1167)
09-01 20:28:36.581  2816 16407 W NetworkScheduler: 	at java.util.concurrent.ThreadPoolExecutor$Worker.run(ThreadPoolExecutor.java:641)
09-01 20:28:36.581  2816 16407 W NetworkScheduler: 	at zwa.run(:com.google.android.gms@224312037@22.43.12 (150400-483592595):0)
09-01 20:28:36.581  2816 16407 W NetworkScheduler: 	at java.lang.Thread.run(Thread.java:923)
09-01 20:28:36.583  2816 10247 I FontLog : Pulling font file for id = 1275, cache size = 4 [CONTEXT service_id=132 ]
09-01 20:28:36.587 10955 14820 I Finsky  : [5315] ncc.l(14): com.opera.browser: Account determined from installer data - [y0_1NG5HTmzf0bF7VytAKz9iHAD6w7yU52Le3i0fi68]
09-01 20:28:36.588 10955 14820 I Finsky  : [5315] ncc.l(61): Billing preferred account via installer for com.opera.browser: [y0_1NG5HTmzf0bF7VytAKz9iHAD6w7yU52Le3i0fi68]
09-01 20:28:36.591  2816 10247 I FontLog : Received query name=Noto Color Emoji Compat&weight=400&besteffort=false, URI content://com.google.android.gms.fonts [CONTEXT service_id=132 ]
09-01 20:28:36.591  2816 10247 I FontLog : Query [name=Noto Color Emoji Compat&weight=400&besteffort=false] resolved to {Noto Color Emoji Compat, wdth 100.0, wght 400, ital 0.0, bestEffort false} [CONTEXT service_id=132 ]
09-01 20:28:36.592  2816 10247 I FontLog : Fetch {Noto Color Emoji Compat, wdth 100.0, wght 400, ital 0.0, bestEffort false} end status Status{statusCode=SUCCESS, resolution=null} [CONTEXT service_id=132 ]
09-01 20:28:36.603  2816 10247 I FontLog : Pulling font file for id = 1276, cache size = 5 [CONTEXT service_id=132 ]
09-01 20:28:36.605   901  1000 W ASH     : @ 38103.058: Unhandled msg ID 999: line 1277
09-01 20:28:36.605   901  1000 E ASH     : @ 38103.058: No pb callback assigned
09-01 20:28:36.605   901  1000 E ASH     : @ 38103.058: Nanopb error: callback failed:1588
09-01 20:28:36.611 18332 18473 W VideoCapabilities: Unrecognized level 1879048707 for video/x-vnd.on2.vp8
09-01 20:28:36.611 18332 18473 W VideoCapabilities: Unrecognized profile 1879048704 for video/x-vnd.on2.vp8
09-01 20:28:36.611 18332 18473 W VideoCapabilities: Unrecognized level 1879048707 for video/x-vnd.on2.vp8
09-01 20:28:36.611 18332 18473 W VideoCapabilities: Unrecognized profile 1879048704 for video/x-vnd.on2.vp8
09-01 20:28:36.612 18332 18473 W VideoCapabilities: Unsupported mime image/vnd.android.heic
09-01 20:28:36.612 18332 18473 W VideoCapabilities: Unrecognized level 1879048707 for video/x-vnd.on2.vp8
09-01 20:28:36.612 18332 18473 W VideoCapabilities: Unrecognized profile 1879048704 for video/x-vnd.on2.vp8
09-01 20:28:36.613 18332 18473 W VideoCapabilities: Unrecognized level 1879048707 for video/x-vnd.on2.vp8
09-01 20:28:36.613 18332 18473 W VideoCapabilities: Unrecognized profile 1879048704 for video/x-vnd.on2.vp8
09-01 20:28:36.615  2816 10247 I FontLog : Received query name=Google Sans&weight=400&besteffort=false, URI content://com.google.android.gms.fonts [CONTEXT service_id=132 ]
09-01 20:28:36.615  2816 10247 I FontLog : Query [name=Google Sans&weight=400&besteffort=false] resolved to {Google Sans, wdth 100.0, wght 400, ital 0.0, bestEffort false} [CONTEXT service_id=132 ]
09-01 20:28:36.617  2816 10247 I FontLog : Font PFD returned from cache for {Google Sans, wdth 100.0, wght 400, ital 0.0, bestEffort false} [CONTEXT service_id=132 ]
09-01 20:28:36.617  2816 10247 I FontLog : Fetch {Google Sans, wdth 100.0, wght 400, ital 0.0, bestEffort false} end status Status{statusCode=SUCCESS, resolution=null} [CONTEXT service_id=132 ]
09-01 20:28:36.621  2816 10247 I FontLog : Pulling font file for id = 1277, cache size = 5 [CONTEXT service_id=132 ]
09-01 20:28:36.634  1075 30183 W ServiceManager: Permission failure: android.permission.SYSTEM_CAMERA from uid=10261 pid=18139
09-01 20:28:36.635  1075 30183 I chatty  : uid=1047(cameraserver) Binder:1075_C identical 4 lines
09-01 20:28:36.636  1075 30183 W ServiceManager: Permission failure: android.permission.SYSTEM_CAMERA from uid=10261 pid=18139
09-01 20:28:36.642  2816 10247 I FontLog : Received query name=Google Sans&weight=500&besteffort=false, URI content://com.google.android.gms.fonts [CONTEXT service_id=132 ]
09-01 20:28:36.642  2816 10247 I FontLog : Query [name=Google Sans&weight=500&besteffort=false] resolved to {Google Sans, wdth 100.0, wght 500, ital 0.0, bestEffort false} [CONTEXT service_id=132 ]
09-01 20:28:36.643  2816 10247 I FontLog : Font PFD returned from cache for {Google Sans, wdth 100.0, wght 500, ital 0.0, bestEffort false} [CONTEXT service_id=132 ]
09-01 20:28:36.644  2816 10247 I FontLog : Fetch {Google Sans, wdth 100.0, wght 500, ital 0.0, bestEffort false} end status Status{statusCode=SUCCESS, resolution=null} [CONTEXT service_id=132 ]
09-01 20:28:36.649  2816 10247 I FontLog : Pulling font file for id = 1278, cache size = 5 [CONTEXT service_id=132 ]
09-01 20:28:36.663  1513  2060 W SyncManager: failed sync operation JobId=102750 ***/com.opera.browser.ping u0 [com.opera.browser.ping.provider] OTHER ExpectedIn=0s Reason=10261 Retries=58, SyncResult: delayUntil: 1693599622 stats [ numIoExceptions: 1]
09-01 20:28:37.432   901  2806 I sensors-hal: [ssc_utils]get_qmi_debug_flag:244, support_qmi_debug : false
09-01 20:28:37.445   901  1000 W ASH     : @ 38103.898: Unhandled msg ID 999: line 1277
09-01 20:28:37.445   901  1000 E ASH     : @ 38103.898: No pb callback assigned
09-01 20:28:37.445   901  1000 E ASH     : @ 38103.898: Nanopb error: callback failed:1588
09-01 20:28:37.790 18139 18151 I m.opera.browse: Background young concurrent copying GC freed 260896(15MB) AllocSpace objects, 225(6760KB) LOS objects, 92% free, 8043KB/103MB, paused 444us total 158.980ms
09-01 20:28:38.134   901  1000 D VSC     : @ 38104.585: [WO] tilt angle 89
09-01 20:28:38.825  1513  2000 D ConnectivityService: NetReassign [no changes]
09-01 20:28:40.131   901  1000 D VSC     : @ 38106.582: [WO] tilt angle 89
09-01 20:28:40.624   901  2806 I sensors-hal: [ssc_utils]get_qmi_debug_flag:244, support_qmi_debug : false
09-01 20:28:40.632   594 28441 I SDM     : HWDeviceDRM::UpdateMixerAttributes: Mixer WxH 1080x2340-1 for Peripheral
09-01 20:28:40.632   594 28441 I SDM     : DisplayBase::SetActiveConfig: Active configuration changed to: 0
09-01 20:28:40.632   594 28441 I SDM     : StrategyImpl::SetIdleTimeoutMs: Idle timeout set to zero for command mode panels
09-01 20:28:40.637   901  2806 I sensors-hal: [ssc_utils]get_qmi_debug_flag:244, support_qmi_debug : false
09-01 20:28:40.645   901  1000 W ASH     : @ 38107.098: Unhandled msg ID 999: line 1277
09-01 20:28:40.645   901  1000 E ASH     : @ 38107.098: No pb callback assigned
09-01 20:28:40.645   901  1000 E ASH     : @ 38107.098: Nanopb error: callback failed:1588
09-01 20:28:40.653  1513  1572 I DisplayManagerService: Display device changed: DisplayDeviceInfo{"Built-in Screen": uniqueId="local:19260504575090817", 1080 x 2340, modeId 2, defaultModeId 2, supportedModes [{id=1, width=1080, height=2340, fps=90.0}, {id=2, width=1080, height=2340, fps=60.000004}], colorMode 0, supportedColorModes [0, 7, 9], HdrCapabilities HdrCapabilities{mSupportedHdrTypes=[2, 3, 4], mMaxLuminance=500.0, mMaxAverageLuminance=500.0, mMinLuminance=0.0}, allmSupported false, gameContentTypeSupported false, density 440, 435.428 x 433.839 dpi, appVsyncOff 2333332, presDeadline 11500000, cutout DisplayCutout{insets=Rect(0, 136 - 0, 0) waterfall=Insets{left=0, top=0, right=0, bottom=0} boundingRect={Bounds=[Rect(0, 0 - 0, 0), Rect(0, 0 - 136, 136), Rect(0, 0 - 0, 0), Rect(0, 0 - 0, 0)]}}, touch INTERNAL, rotation 0, type INTERNAL, address {port=129, model=0x446d53ad64a0}, deviceProductInfo DeviceProductInfo{name=, manufacturerPnpId=QCM, productId=1, modelYear=null, manufactureDate=ManufactureDate{week=27, year=2006}, relativeAddress=null}, state ON, FLAG_DEFAULT_DISPLAY, FLAG_ROTATES_WITH_CONTENT, FLAG_SECURE, FLAG_SUPPORTS_PROTECTED_BUFFERS}
09-01 20:28:40.662 18139 18158 I m.opera.browse: Waiting for a blocking GC ProfileSaver
09-01 20:28:40.676   594 28441 I SDM     : StrategyImpl::SetIdleTimeoutMs: Idle timeout set to zero for command mode panels
09-01 20:28:40.894 18523 18523 W app_process: type=1400 audit(0.0:4671): avc: denied { read } for name="u:object_r:device_config_runtime_native_boot_prop:s0" dev="tmpfs" ino=10163 scontext=u:r:shell:s0 tcontext=u:object_r:device_config_runtime_native_boot_prop:s0 tclass=file permissive=0
09-01 20:28:40.894 18523 18523 I chatty  : uid=2000(shell) app_process identical 2 lines
09-01 20:28:40.894 18523 18523 W app_process: type=1400 audit(0.0:4674): avc: denied { read } for name="u:object_r:device_config_runtime_native_boot_prop:s0" dev="tmpfs" ino=10163 scontext=u:r:shell:s0 tcontext=u:object_r:device_config_runtime_native_boot_prop:s0 tclass=file permissive=0
09-01 20:28:40.895 18523 18523 D AndroidRuntime: >>>>>> START com.android.internal.os.RuntimeInit uid 2000 <<<<<<
09-01 20:28:40.897 18523 18523 E libc    : Access denied finding property "persist.device_config.runtime_native_boot.profilebootclasspath"
09-01 20:28:40.897 18523 18523 E libc    : Access denied finding property "persist.device_config.runtime_native_boot.enable_apex_image"
09-01 20:28:40.897 18523 18523 I AndroidRuntime: Using default boot image
09-01 20:28:40.897 18523 18523 E libc    : Access denied finding property "persist.device_config.runtime_native_boot.disable_lock_profiling"
09-01 20:28:40.897 18523 18523 I AndroidRuntime: Leaving lock profiling enabled
09-01 20:28:40.897 18523 18523 E libc    : Access denied finding property "persist.device_config.runtime_native_boot.enable_generational_cc"
09-01 20:28:40.955 18523 18523 D app_process: Time zone APEX ICU file found: /apex/com.android.tzdata/etc/icu/icu_tzdata.dat
09-01 20:28:40.955 18523 18523 D app_process: I18n APEX ICU file found: /apex/com.android.i18n/etc/icu/icudt66l.dat
09-01 20:28:40.963 18523 18523 I app_process: The ClassLoaderContext is a special shared library.
09-01 20:28:40.975 18523 18523 W app_process: JNI RegisterNativeMethods: attempt to register 0 native methods for android.media.AudioAttributes
09-01 20:28:40.978 18523 18523 D AndroidRuntime: Calling main entry com.android.commands.input.Input
09-01 20:28:40.986  1513  1572 I DisplayManagerService: Display device changed: DisplayDeviceInfo{"Built-in Screen": uniqueId="local:19260504575090817", 1080 x 2340, modeId 1, defaultModeId 2, supportedModes [{id=1, width=1080, height=2340, fps=90.0}, {id=2, width=1080, height=2340, fps=60.000004}], colorMode 0, supportedColorModes [0, 7, 9], HdrCapabilities HdrCapabilities{mSupportedHdrTypes=[2, 3, 4], mMaxLuminance=500.0, mMaxAverageLuminance=500.0, mMinLuminance=0.0}, allmSupported false, gameContentTypeSupported false, density 440, 435.428 x 433.839 dpi, appVsyncOff 2333333, presDeadline 11500000, cutout DisplayCutout{insets=Rect(0, 136 - 0, 0) waterfall=Insets{left=0, top=0, right=0, bottom=0} boundingRect={Bounds=[Rect(0, 0 - 0, 0), Rect(0, 0 - 136, 136), Rect(0, 0 - 0, 0), Rect(0, 0 - 0, 0)]}}, touch INTERNAL, rotation 0, type INTERNAL, address {port=129, model=0x446d53ad64a0}, deviceProductInfo DeviceProductInfo{name=, manufacturerPnpId=QCM, productId=1, modelYear=null, manufactureDate=ManufactureDate{week=27, year=2006}, relativeAddress=null}, state ON, FLAG_DEFAULT_DISPLAY, FLAG_ROTATES_WITH_CONTENT, FLAG_SECURE, FLAG_SUPPORTS_PROTECTED_BUFFERS}
09-01 20:28:40.986   594 28441 I SDM     : HWDeviceDRM::UpdateMixerAttributes: Mixer WxH 1080x2340-1 for Peripheral
09-01 20:28:40.986   594 28441 I SDM     : DisplayBase::SetActiveConfig: Active configuration changed to: 1
09-01 20:28:40.986   594 28441 I SDM     : StrategyImpl::SetIdleTimeoutMs: Idle timeout set to zero for command mode panels
09-01 20:28:40.990   901  2806 I sensors-hal: [ssc_utils]get_qmi_debug_flag:244, support_qmi_debug : false
09-01 20:28:40.997 18523 18523 D AndroidRuntime: Shutting down VM
09-01 20:28:41.005   901  1000 W ASH     : @ 38107.458: Unhandled msg ID 999: line 1277
09-01 20:28:41.005   901  1000 E ASH     : @ 38107.458: No pb callback assigned
09-01 20:28:41.005   901  1000 E ASH     : @ 38107.458: Nanopb error: callback failed:1588
09-01 20:28:41.063 18332 18347 I ileged_process: WaitForGcToComplete blocked RunEmptyCheckpoint on ProfileSaver for 16.998ms
09-01 20:28:41.098   901  2806 I sensors-hal: [ssc_utils]get_qmi_debug_flag:244, support_qmi_debug : false
09-01 20:28:41.125   901  1000 W ASH     : @ 38107.578: Unhandled msg ID 999: line 1277
09-01 20:28:41.125   901  1000 E ASH     : @ 38107.578: No pb callback assigned
09-01 20:28:41.125   901  1000 E ASH     : @ 38107.578: Nanopb error: callback failed:1588
09-01 20:28:41.171   901  1000 I ASH     : @ 38107.624: tcs3701: ADC is saturated, removed sample from FIFO.
09-01 20:28:41.637 18551 18553 I cmd     : oneway function results will be dropped but finished with status OK and parcel size 4
09-01 20:28:41.640 18081 18081 I BatteryMgr:DataCollectionService: onStartCommand: begin
09-01 20:28:41.640 18081 18081 I BatteryMgr:DataCollectionService: onStartCommand: sampleRate => 100
09-01 20:28:41.640 18081 18081 I BatteryMgr:DataCollectionService: onStartCommand: rawFields => Timestamp,BATTERY_PROPERTY_CURRENT_NOW,EXTRA_VOLTAGE
09-01 20:28:41.641 18081 18081 I BatteryMgr:DataCollectionService: onStartCommand: notification done
09-01 20:28:41.642  1513  3227 D CompatibilityChangeReporter: Compat change id reported: 136219221; UID 10260; state: ENABLED
09-01 20:28:41.642 18081 18081 I BatteryMgr:DataCollectionService: started foreground
09-01 20:28:41.654 18081 18555 I BatteryMgr:DataCollectionService: collectData: begin
09-01 20:28:41.657 18081 18555 I BatteryMgr:DataCollectionService: stats => 1693592921657,5798,4409
09-01 20:28:41.765 18081 18555 I BatteryMgr:DataCollectionService: stats => 1693592921765,5798,4409
09-01 20:28:41.835  1513  2000 D ConnectivityService: NetReassign [no changes]
09-01 20:28:41.846  1513  1513 D NotificationService: 0|com.example.batterymanager_utility|1|null|10260: granting content://settings/system/notification_sound
09-01 20:28:41.848  1513  1513 I chatty  : uid=1000(system) Binder:1513_3 identical 3 lines
09-01 20:28:41.848  1513  1513 D NotificationService: 0|com.example.batterymanager_utility|1|null|10260: granting content://settings/system/notification_sound
09-01 20:28:41.851  1513  1513 W NotificationHistory: Attempted to add notif for locked/gone/disabled user 0
09-01 20:28:41.871 18081 18555 I BatteryMgr:DataCollectionService: stats => 1693592921871,5798,4409
09-01 20:28:41.873  2062  2062 D InterruptionStateProvider: No bubble up: not allowed to bubble: 0|com.example.batterymanager_utility|1|null|10260
09-01 20:28:41.874  2062  2062 D InterruptionStateProvider: No heads up: unimportant notification: 0|com.example.batterymanager_utility|1|null|10260
09-01 20:28:41.914   594 28441 I SDM     : HWDeviceDRM::UpdateMixerAttributes: Mixer WxH 1080x2340-1 for Peripheral
09-01 20:28:41.914   594 28441 I SDM     : DisplayBase::SetActiveConfig: Active configuration changed to: 0
09-01 20:28:41.914   594 28441 I SDM     : StrategyImpl::SetIdleTimeoutMs: Idle timeout set to zero for command mode panels
09-01 20:28:41.915   901  2806 I sensors-hal: [ssc_utils]get_qmi_debug_flag:244, support_qmi_debug : false
09-01 20:28:41.927   901  1000 W ASH     : @ 38108.380: Unhandled msg ID 999: line 1277
09-01 20:28:41.927   901  1000 E ASH     : @ 38108.380: No pb callback assigned
