09-02 13:53:22.515  3979  4545 D PersonaManagerService: Current focused persona service handled id set to : 0
09-02 13:53:22.515  3979  4545 D InputDispatcher: Focused application set to: xxxx
09-02 13:53:22.517  3979  4545 D InputDispatcher: Focus left window: 15990
09-02 13:53:22.519  3979  4238 D GameManagerService: handleForegroundChange(). pkgName: org.mozilla.firefox, clsName: org.mozilla.fenix.IntentReceiverActivity,FgActivityName:org.mozilla.firefox/org.mozilla.fenix.IntentReceiverActivity
09-02 13:53:22.519  3979  4238 D GameManagerService:   handleForegroundChange(). same package. game has never resumed yet. ignore
09-02 13:53:22.519  3979  4545 D MARsPolicyManager: onPackageResumedFG pkgName = org.mozilla.firefox, userId = 0
09-02 13:53:22.539 15990 16045 I SessionStorage/AutoSave: Save: New tab selected
09-02 13:53:22.541  3979  4545 I ActivityManager: START u0 {act=android.intent.action.VIEW typ=null flg=0x0 cmp=ComponentInfo{org.mozilla.firefox/org.mozilla.fenix.HomeActivity}} from uid 10154
09-02 13:53:22.544 15990 16350 I zygote64: Deoptimizing boolean kotlinx.coroutines.JobSupport.isActive() due to JIT inline cache
09-02 13:53:22.545 14031 14031 E adbd    : recv: OPEN 0001f7fd 00000000 003d:73 68 65 6C 6C 2C 76 32 2C 54 45 52 4D 3D 78 74 65 72 6D 2D 32 35 36 63 6F 6C 6F 72 2C 72 61 77 3A 64 75 6D 70 73 79 73 20 6D 65 6D 69 6E 66 6F 20 7C 20 67 72 65 70 20 55 73 65 64 00 
09-02 13:53:22.545 14031 14031 E adbd    : service_to_fd: shell,v2,TERM=xterm-256color,raw:dumpsys meminfo | grep Used
09-02 13:53:22.546  3979  4545 D InputDispatcher: Focus entered window: 15990
09-02 13:53:22.564 15990 15990 D ViewRootImpl@88b7945[HomeActivity]: MSG_WINDOW_FOCUS_CHANGED 0
09-02 13:53:22.577 15990 15990 I zygote64: Deoptimizing android.view.View mozilla.components.support.ktx.android.view.ViewKt.findViewInHierarchy(android.view.View, kotlin.jvm.functions.Function1) due to JIT inline cache
09-02 13:53:22.597 15990 15990 I zygote64: Deoptimizing java.util.ArrayList kotlin.collections.CollectionsKt___CollectionsKt.plus(java.lang.Iterable, java.util.Collection) due to JIT inline cache
09-02 13:53:22.602 15990 16065 I zygote64: Deoptimizing void kotlinx.coroutines.JobSupport.initParentJob(kotlinx.coroutines.Job) due to JIT inline cache
09-02 13:53:22.604 15990 16041 I zygote64: Deoptimizing void kotlinx.coroutines.internal.LockFreeLinkedListNode.finishAdd(kotlinx.coroutines.internal.LockFreeLinkedListNode) due to JIT inline cache
09-02 13:53:22.608 15990 16069 I zygote64: Deoptimizing void kotlinx.coroutines.AbstractCoroutine.<init>(kotlin.coroutines.CoroutineContext, boolean) due to JIT inline cache
09-02 13:53:22.616 15949 16323 I BatteryMgr:DataCollectionService: stats => 1693655602616,-342,4257
09-02 13:53:22.619 15990 16069 I zygote64: Deoptimizing kotlinx.coroutines.internal.LockFreeLinkedListNode kotlinx.coroutines.internal.LockFreeLinkedListNode.correctPrev() due to JIT inline cache
09-02 13:53:22.627  3979  4545 D ConnectivityService: filterNetworkStateForUid() uid: 10154 networkInfo: [type: WIFI[] - WIFI, state: CONNECTED/CONNECTED, reason: (unspecified), extra: "WiFi 69", failover: false, available: true, roaming: false, metered: false]
09-02 13:53:22.651 15990 15990 D InputMethodManager: HSIFW - flag : 0 Pid : 15990
09-02 13:53:22.651  3979  4545 V InputMethodManagerService: Client requesting input be hidden, flags : 0
09-02 13:53:22.651  3979  4545 V InputMethodManagerService: hideCurrentInputLocked : shouldHideSoftInput is false
09-02 13:53:22.655  3979  9339 D ActivityManager: isScaleDownAnimationEnabled() : false
09-02 13:53:22.656  3979  9339 D PersonaManagerService: Current focused persona service handled id set to : 0
09-02 13:53:22.656  3979  9339 D InputDispatcher: Focused application set to: xxxx
09-02 13:53:22.659  3979  4238 D GameManagerService: handleForegroundChange(). pkgName: org.mozilla.firefox, clsName: org.mozilla.fenix.HomeActivity,FgActivityName:org.mozilla.firefox/org.mozilla.fenix.HomeActivity
09-02 13:53:22.659  3979  4238 D GameManagerService:   handleForegroundChange(). same package. game has never resumed yet. ignore
09-02 13:53:22.660  3979  9339 D MARsPolicyManager: onPackageResumedFG pkgName = org.mozilla.firefox, userId = 0
09-02 13:53:22.668 15990 15990 D ViewRootImpl@88b7945[HomeActivity]: MSG_WINDOW_FOCUS_CHANGED 1
09-02 13:53:22.674  3979  5172 D InputMethodManagerService: startInputOrWindowGainedFocus : windowGainedFocus 
09-02 13:53:22.674  3979  5172 D InputMethodManagerService: windowGainedFocus: destinationUserId (getCallingUid) = 0
09-02 13:53:22.674  3979  5172 D InputMethodManagerService: windowGainedFocus: currentUserId=0
09-02 13:53:22.674  3979  5172 D InputMethodManagerService: windowGainedFocus: mCurrentFocusedUserId=0
09-02 13:53:22.674  3979  5172 D InputMethodManagerService: windowGainedFocus : lock - currentUserId = 0 destinationUserId = 0
09-02 13:53:22.675  3979  5172 D InputMethodManagerService: windowGainedFocus : mCurrentFocusedUserId - 0 and mSecureKeypadEnabled - false, userSwitched - false
09-02 13:53:22.675  3979  5172 W InputMethodManagerService: Window already focused, ignoring focus gain of: com.android.internal.view.IInputMethodClient$Stub$Proxy@348e75f attribute=null, token = android.os.BinderProxy@5d43595
09-02 13:53:22.679  4349  4372 D SystemServicesProxy: updateOverviewLastStackActiveTimeAsync: newTime=1693559943942
09-02 13:53:22.680  3979  9339 D SecContentProvider: query(), uri = 17 selection = isSettingsChangesAllowed
09-02 13:53:22.681  3979  9339 D SecContentProvider: called from android.uid.systemui:10009
09-02 13:53:22.681  4349  4561 D SystemServicesProxy: updateOverviewLastStackActiveTimeAsync: done.
09-02 13:53:22.693  3979  9339 V WindowManager: Relayout Window{9ec66aa u0 org.mozilla.firefox/org.mozilla.fenix.HomeActivity}: viewVisibility=0 req=720x1280 WM.LayoutParams{(0,0)(fillxfill) sim=#10 ty=1 fl=#81010100 pfl=0x20000 fmt=-3 wanim=0x7f1404fa vsysui=0x2610 needsMenuKey=2 colorMode=0 naviIconColor=0}
09-02 13:53:22.699 15990 15990 D ViewRootImpl@88b7945[HomeActivity]: Relayout returned: old=[0,0][720,1280] new=[0,0][720,1280] result=0x1 surface={valid=true 533368246272} changed=false
09-02 13:53:22.707 15990 15990 I WebExtension: releasePendingMessages: extension=fxa@mozac.org nativeApp=mozacWebchannel session=org.mozilla.geckoview.GeckoSession@1cc8f6e
09-02 13:53:22.712 15990 15990 I WebExtension: releasePendingMessages: extension=ads@mozac.org nativeApp=MozacBrowserAdsMessage session=org.mozilla.geckoview.GeckoSession@1cc8f6e
09-02 13:53:22.721 15949 16323 I BatteryMgr:DataCollectionService: stats => 1693655602721,-342,4257
09-02 13:53:22.785  3979  9339 D ActivityManager: post active user change for 0 fullscreen true isHomeActivity() false
09-02 13:53:22.799 15990 15990 I WebExtension: releasePendingMessages: extension=cookies@mozac.org nativeApp=MozacBrowserSearchMessage session=org.mozilla.geckoview.GeckoSession@1cc8f6e
09-02 13:53:22.802 15990 15990 I WebExtension: releasePendingMessages: extension=icons@mozac.org nativeApp=MozacBrowserIcons session=org.mozilla.geckoview.GeckoSession@1cc8f6e
09-02 13:53:22.812  3979  9339 D StorageManagerService: getExternalStorageMountMode : 1
09-02 13:53:22.813  3979  9339 D StorageManagerService: getExternalStorageMountMode : 3
09-02 13:53:22.813  3979  5172 V WindowManager: Relayout Window{9ec66aa u0 org.mozilla.firefox/org.mozilla.fenix.HomeActivity}: viewVisibility=0 req=720x1280 WM.LayoutParams{(0,0)(fillxfill) sim=#110 ty=1 fl=#81010100 pfl=0x20000 fmt=-3 wanim=0x7f1404fa vsysui=0x2610 needsMenuKey=2 colorMode=0 naviIconColor=0}
09-02 13:53:22.813  3979  9339 D StorageManagerService: getExternalStorageMountMode : final mountMode=1, uid : 10154, packageName : org.mozilla.firefox
09-02 13:53:22.814  3979  9339 I ApplicationPolicy: isApplicationExternalStorageWhitelisted:org.mozilla.firefox user:0
09-02 13:53:22.814  3979  9339 D ApplicationPolicy: isApplicationExternalStorageWhitelisted: DO is not enabled on user 0. Allowed.
09-02 13:53:22.814  3979  9339 D ActivityManager: package  org.mozilla.firefox, user - 0 is SDcard whitelisted
09-02 13:53:22.814  3979  9339 I ApplicationPolicy: isApplicationExternalStorageBlacklisted:org.mozilla.firefox user:0
09-02 13:53:22.814  3979  9339 D ApplicationPolicy: isApplicationExternalStorageBlacklisted: DO is not enabled on user 0. Allowed.
09-02 13:53:22.818 15990 15990 D ViewRootImpl@88b7945[HomeActivity]: Relayout returned: old=[0,0][720,1280] new=[0,0][720,1280] result=0x1 surface={valid=true 533368246272} changed=false
09-02 13:53:22.823 15990 15990 I SessionPrioritizationMiddleware: Update the currentSelectedTab 1cd5b752-7fb3-4af8-90c1-4649bb4c8d95 priority to HIGH
09-02 13:53:22.830 15990 15990 I WebExtension: releasePendingMessages: extension=readerview@mozac.org nativeApp=mozacReaderviewActive session=org.mozilla.geckoview.GeckoSession@1cc8f6e
09-02 13:53:22.830 15990 15990 I WebExtension: releasePendingMessages: extension=readerview@mozac.org nativeApp=mozacReaderview session=org.mozilla.geckoview.GeckoSession@1cc8f6e
09-02 13:53:22.831 15990 15990 I WebExtension: releasePendingMessages: extension=readerview@mozac.org nativeApp=mozacReaderviewActive session=org.mozilla.geckoview.GeckoSession@1cc8f6e
09-02 13:53:22.834 15990 15990 I WebExtension: releasePendingMessages: extension=readerview@mozac.org nativeApp=mozacReaderview session=org.mozilla.geckoview.GeckoSession@1cc8f6e
09-02 13:53:22.846  3979  9339 I ActivityManager: Start proc 16379:org.mozilla.firefox:tab35/u0a154 for service org.mozilla.firefox/org.mozilla.gecko.process.GeckoChildProcessServices$tab35
09-02 13:53:22.850 16379 16379 E Zygote  : isWhitelistProcess - Process is Whitelisted
09-02 13:53:22.851 15949 16323 I BatteryMgr:DataCollectionService: stats => 1693655602851,-342,4257
09-02 13:53:22.851 16379 16379 E libpersona: scanKnoxPersonas
09-02 13:53:22.851 16379 16379 E libpersona: Couldn't open the File - /data/system/users/0/personalist.xml - No such file or directory
09-02 13:53:22.859 16379 16379 W SELinux : SELinux selinux_android_compute_policy_index : Policy Index[2],  Con:u:r:zygote:s0 RAM:SEPF_SM-J720F_8.0.0_0017, [-1 -1 -1 -1 0 1]
09-02 13:53:22.860 16379 16379 I SELinux : SELinux: seapp_context_lookup: seinfo=untrusted, level=s0:c512,c768, pkgname=org.mozilla.firefox:tab35 
09-02 13:53:22.872 15990 16001 I zygote64: Background concurrent copying GC freed 174873(6MB) AllocSpace objects, 31(1076KB) LOS objects, 49% free, 7MB/14MB, paused 1.023ms total 143.036ms
09-02 13:53:22.915 16379 16379 D TimaKeyStoreProvider: TimaKeyStore is not enabled: cannot add TimaSignature Service and generateKeyPair Service
09-02 13:53:22.916 16379 16379 D ActivityThread: Added TimaKeyStore provider
09-02 13:53:22.918  3979  4545 I ActivityManager: DSS on for org.mozilla.firefox and scale is 1.0
09-02 13:53:22.940 16379 16379 I zygote64: no shared libraies, dex_files: 1
09-02 13:53:22.945  4962  4962 D io_stats: !@ 179,0 r 611277 18508984 w 418214 8978048 d 44885 19539984 f 112012 114607 iot 514288 432661 th 51200 0 0 pt 0 inp 0 0 46136.190
09-02 13:53:22.958 15949 16323 I BatteryMgr:DataCollectionService: stats => 1693655602958,-342,4257
09-02 13:53:23.011 16379 16379 I ServiceChildProcess: onCreate
09-02 13:53:23.014 16379 16395 I GeckoThread: preparing to run Gecko
09-02 13:53:23.030 16379 16395 I GeckoLoader: Library base=/data/app/org.mozilla.firefox-qXEeZwQeSKU-v4RxzjCTZA==/lib/arm64
09-02 13:53:23.030 16379 16395 I GeckoLoader: Library base=/data/app/org.mozilla.firefox-qXEeZwQeSKU-v4RxzjCTZA==/lib/arm64
09-02 13:53:23.032 16379 16395 E GeckoLibLoad: Load sqlite start
09-02 13:53:23.034 16379 16395 E GeckoLibLoad: Load sqlite done
09-02 13:53:23.035 16379 16395 I GeckoLoader: Library base=/data/app/org.mozilla.firefox-qXEeZwQeSKU-v4RxzjCTZA==/lib/arm64
09-02 13:53:23.035 16379 16395 E GeckoLibLoad: Load nss start
09-02 13:53:23.035 16379 16395 E GeckoLibLoad: Load nss done
09-02 13:53:23.035 16379 16395 I GeckoLoader: Library base=/data/app/org.mozilla.firefox-qXEeZwQeSKU-v4RxzjCTZA==/lib/arm64
09-02 13:53:23.035 16127 16378 V Surface : sf_framedrop debug : 0x4f4c, game : false, logging : 0
09-02 13:53:23.038 16127 16187 D mali_winsys: EGLint new_window_surface(egl_winsys_display *, void *, EGLSurface, EGLConfig, egl_winsys_surface **, egl_color_buffer_format *, EGLBoolean) returns 0x3000,  [720x1238]-format:2
09-02 13:53:23.046 15990 16019 I GeckoSession: zerdatime 100784478 - chrome startup finished
09-02 13:53:23.056  3979  9339 D ConnectivityService: filterNetworkStateForUid() uid: 10154 networkInfo: [type: WIFI[] - WIFI, state: CONNECTED/CONNECTED, reason: (unspecified), extra: "WiFi 69", failover: false, available: true, roaming: false, metered: false]
09-02 13:53:23.064 15949 16323 I BatteryMgr:DataCollectionService: stats => 1693655603064,-342,4257
09-02 13:53:23.070  3979  4545 D ConnectivityService: filterNetworkStateForUid() uid: 10025 networkInfo: [type: WIFI[] - WIFI, state: CONNECTED/CONNECTED, reason: (unspecified), extra: "WiFi 69", failover: false, available: true, roaming: false, metered: false]
09-02 13:53:23.070 16379 16395 E GeckoLibLoad: Loaded libs in 34.690846ms total, 20ms(16ms) user, 16ms(20ms) system, 0(0) faults
09-02 13:53:23.070 16379 16395 W GeckoThread: zerdatime 100784502 - runGecko
09-02 13:53:23.103 15990 15990 I GeckoSession: handleMessage GeckoView:PageStart uri=
09-02 13:53:23.104 15990 15990 I GeckoSession: handleMessage GeckoView:PageStop uri=null
09-02 13:53:23.121  3979  4545 D ConnectivityService: filterNetworkStateForUid() uid: 10025 networkInfo: [type: WIFI[] - WIFI, state: CONNECTED/CONNECTED, reason: (unspecified), extra: "WiFi 69", failover: false, available: true, roaming: false, metered: false]
09-02 13:53:23.170 15949 16323 I BatteryMgr:DataCollectionService: stats => 1693655603170,-342,4257
09-02 13:53:23.191  3979  9339 D ConnectivityService: filterNetworkStateForUid() uid: 10154 networkInfo: [type: WIFI[] - WIFI, state: CONNECTED/CONNECTED, reason: (unspecified), extra: "WiFi 69", failover: false, available: true, roaming: false, metered: false]
09-02 13:53:23.193 15990 15990 I zygote64: Deoptimizing void kotlin.sequences.SequencesKt___SequencesKt.toCollection(kotlin.sequences.Sequence, java.util.AbstractCollection) due to JIT inline cache
09-02 13:53:23.201  3979  9339 I chatty  : uid=1000(system) Binder:3979_1C identical 2 lines
09-02 13:53:23.207  3979  9339 D ConnectivityService: filterNetworkStateForUid() uid: 10154 networkInfo: [type: WIFI[] - WIFI, state: CONNECTED/CONNECTED, reason: (unspecified), extra: "WiFi 69", failover: false, available: true, roaming: false, metered: false]
09-02 13:53:23.231 15990 16035 I SessionPrioritizationMiddleware: Update the tab 8ffa57c2-beb0-4cd3-b1a8-305b555ee2c0 priority to DEFAULT
09-02 13:53:23.276 15949 16323 I BatteryMgr:DataCollectionService: stats => 1693655603276,-342,4257
09-02 13:53:23.299 15990 15990 I GeckoSession: handleMessage GeckoView:PageStop uri=null
09-02 13:53:23.334 15990 15990 I GeckoSession: handleMessage GeckoView:PageStart uri=
09-02 13:53:23.384 15949 16323 I BatteryMgr:DataCollectionService: stats => 1693655603384,-342,4257
09-02 13:53:23.491 15949 16323 I BatteryMgr:DataCollectionService: stats => 1693655603491,-342,4257
09-02 13:53:23.598 15949 16323 I BatteryMgr:DataCollectionService: stats => 1693655603597,-342,4257
09-02 13:53:23.703 15949 16323 I BatteryMgr:DataCollectionService: stats => 1693655603703,-342,4257
09-02 13:53:23.774  3979  4545 D ConnectivityService: filterNetworkStateForUid() uid: 10154 networkInfo: [type: WIFI[] - WIFI, state: CONNECTED/CONNECTED, reason: (unspecified), extra: "WiFi 69", failover: false, available: true, roaming: false, metered: false]
09-02 13:53:23.808 15949 16323 I BatteryMgr:DataCollectionService: stats => 1693655603808,-342,4257
09-02 13:53:23.915 15949 16323 I BatteryMgr:DataCollectionService: stats => 1693655603915,-342,4257
09-02 13:53:24.011 15990 15996 I zygote64: Do full code cache collection, code=1017KB, data=524KB
09-02 13:53:24.013 15990 15996 I zygote64: After code cache collection, code=892KB, data=432KB
09-02 13:53:24.020 15949 16323 I BatteryMgr:DataCollectionService: stats => 1693655604020,-342,4257
09-02 13:53:24.125 15949 16323 I BatteryMgr:DataCollectionService: stats => 1693655604125,-342,4257
09-02 13:53:24.154  3979  4545 I chatty  : uid=1000(system) Binder:3979_6 identical 6 lines
09-02 13:53:24.157  3979  4545 D ConnectivityService: filterNetworkStateForUid() uid: 10154 networkInfo: [type: WIFI[] - WIFI, state: CONNECTED/CONNECTED, reason: (unspecified), extra: "WiFi 69", failover: false, available: true, roaming: false, metered: false]
09-02 13:53:24.179  3449  3449 I android.hardware.wifi@1.0-service: getLinkLayerStats
09-02 13:53:24.181  3979  4545 D ConnectivityService: filterNetworkStateForUid() uid: 10154 networkInfo: [type: WIFI[] - WIFI, state: CONNECTED/CONNECTED, reason: (unspecified), extra: "WiFi 69", failover: false, available: true, roaming: false, metered: false]
09-02 13:53:24.213  3979  4545 I chatty  : uid=1000(system) Binder:3979_6 identical 2 lines
09-02 13:53:24.230 15949 16323 I BatteryMgr:DataCollectionService: stats => 1693655604230,-342,4257
09-02 13:53:24.236  3979  4545 D ConnectivityService: filterNetworkStateForUid() uid: 10154 networkInfo: [type: WIFI[] - WIFI, state: CONNECTED/CONNECTED, reason: (unspecified), extra: "WiFi 69", failover: false, available: true, roaming: false, metered: false]
09-02 13:53:24.335 15949 16323 I BatteryMgr:DataCollectionService: stats => 1693655604335,-342,4257
09-02 13:53:24.439 15949 16323 I BatteryMgr:DataCollectionService: stats => 1693655604439,-342,4257
09-02 13:53:24.498  3979  5035 D ActivityManagerPerformance: Received MSG_DISABLE_ACT_START, r: ActivityRecord{b8b6814 u0 org.mozilla.firefox/org.mozilla.gecko.BrowserApp t-1 f}
09-02 13:53:24.499  3979  5035 D CustomFrequencyManagerService: acquireDVFSLockLocked : type : DVFS_MIN_LIMIT  frequency : 1560000  uid : 1000  pid : 3979  pkgName : AMS_RESUME_TAIL@CPU_MIN@14
09-02 13:53:24.500  3979  5035 D ActivityManagerPerformance: AMP_acquire() TAIL
09-02 13:53:24.500  3979  5035 D CustomFrequencyManagerService: releaseDVFSLockLocked : Getting Lock type frm List : DVFS_MIN_LIMIT  frequency : 1560000  uid : 1000  pid : 3979  tag : AMS_ACT_START@CPU_MIN@8
09-02 13:53:24.501  3979  5035 D ActivityManagerPerformance: AMP_release() ACT_START
09-02 13:53:24.524  3979  3979 D PreBindingService: handleMessage : 1
09-02 13:53:24.544 15949 16323 I BatteryMgr:DataCollectionService: stats => 1693655604544,-342,4257
09-02 13:53:24.552  3979  3979 D PreBindingService: handleMessage : 1
09-02 13:53:24.648 15949 16323 I BatteryMgr:DataCollectionService: stats => 1693655604648,-342,4257
09-02 13:53:24.661  3979  6899 D SSRM:G  : SIOP:: AP = 330, PST = 299 (W:10), BAT = 275, USB = 0, CHG = 0
09-02 13:53:24.755 15949 16323 I BatteryMgr:DataCollectionService: stats => 1693655604755,-342,4257
09-02 13:53:24.860 15949 16323 I BatteryMgr:DataCollectionService: stats => 1693655604860,-342,4257
09-02 13:53:24.966 15949 16323 I BatteryMgr:DataCollectionService: stats => 1693655604965,-342,4257
09-02 13:53:25.070 15949 16323 I BatteryMgr:DataCollectionService: stats => 1693655605070,-342,4257
09-02 13:53:25.101  3979  3979 D CustomFrequencyManagerService: releaseDVFSLockLocked : Getting Lock type frm List : DVFS_MIN_LIMIT  frequency : 1560000  uid : 1000  pid : 3979  tag : AMS_RESUME_TAIL@CPU_MIN@14
09-02 13:53:25.179 15949 16323 I BatteryMgr:DataCollectionService: stats => 1693655605179,-342,4257
09-02 13:53:25.289 15949 16323 I BatteryMgr:DataCollectionService: stats => 1693655605289,-342,4257
09-02 13:53:25.397 15949 16323 I BatteryMgr:DataCollectionService: stats => 1693655605397,-342,4257
09-02 13:53:25.505 15949 16323 I BatteryMgr:DataCollectionService: stats => 1693655605505,-342,4257
09-02 13:53:25.520 15949 15955 I zygote64: Do partial code cache collection, code=58KB, data=45KB
09-02 13:53:25.521 15949 15955 I zygote64: After code cache collection, code=58KB, data=45KB
09-02 13:53:25.521 15949 15955 I zygote64: Increasing code cache capacity to 256KB
09-02 13:53:25.622 15949 16323 I BatteryMgr:DataCollectionService: stats => 1693655605622,-342,4257
09-02 13:53:25.733 15949 16323 I BatteryMgr:DataCollectionService: stats => 1693655605732,-342,4257
09-02 13:53:25.844 15949 16323 I BatteryMgr:DataCollectionService: stats => 1693655605843,-342,4257
09-02 13:53:25.953 15949 16323 I BatteryMgr:DataCollectionService: stats => 1693655605953,-342,4257
09-02 13:53:26.059 15949 16323 I BatteryMgr:DataCollectionService: stats => 1693655606059,-342,4257
09-02 13:53:26.167 15949 16323 I BatteryMgr:DataCollectionService: stats => 1693655606167,-342,4257
09-02 13:53:26.276 15949 16323 I BatteryMgr:DataCollectionService: stats => 1693655606276,-342,4257
09-02 13:53:26.387 15949 16323 I BatteryMgr:DataCollectionService: stats => 1693655606386,-342,4257
09-02 13:53:26.500 15949 16323 I BatteryMgr:DataCollectionService: stats => 1693655606500,-342,4257
09-02 13:53:26.539 14031 14031 E adbd    : recv: OPEN 0001f800 00000000 0029:73 68 65 6C 6C 2C 76 32 2C 54 45 52 4D 3D 78 74 65 72 6D 2D 32 35 36 63 6F 6C 6F 72 2C 72 61 77 3A 64 61 74 65 20 2D 75 00 
09-02 13:53:26.539 14031 14031 E adbd    : service_to_fd: shell,v2,TERM=xterm-256color,raw:date -u
09-02 13:53:26.605 15949 16323 I BatteryMgr:DataCollectionService: stats => 1693655606605,-342,4257
09-02 13:53:26.608 14031 14031 E adbd    : recv: OPEN 0001f803 00000000 003e:73 68 65 6C 6C 2C 76 32 2C 54 45 52 4D 3D 78 74 65 72 6D 2D 32 35 36 63 6F 6C 6F 72 2C 72 61 77 3A 64 75 6D 70 73 79 73 20 63 70 75 69 6E 66 6F 20 7C 20 67 72 65 70 20 54 4F 54 41 4C 00 
09-02 13:53:26.609 14031 14031 E adbd    : service_to_fd: shell,v2,TERM=xterm-256color,raw:dumpsys cpuinfo | grep TOTAL
09-02 13:53:26.663 15990 15990 I GeckoSession: handleMessage GeckoView:PageStop uri=null
09-02 13:53:26.670 15990 16045 I SessionStorage/AutoSave: Save: Load finished
09-02 13:53:26.684 15990 15990 I GeckoSession: handleMessage GeckoView:PageStart uri=
09-02 13:53:26.693 14031 14031 E adbd    : recv: OPEN 0001f806 00000000 003d:73 68 65 6C 6C 2C 76 32 2C 54 45 52 4D 3D 78 74 65 72 6D 2D 32 35 36 63 6F 6C 6F 72 2C 72 61 77 3A 64 75 6D 70 73 79 73 20 6D 65 6D 69 6E 66 6F 20 7C 20 67 72 65 70 20 55 73 65 64 00 
09-02 13:53:26.693 14031 14031 E adbd    : service_to_fd: shell,v2,TERM=xterm-256color,raw:dumpsys meminfo | grep Used
09-02 13:53:26.711 15949 16323 I BatteryMgr:DataCollectionService: stats => 1693655606711,-342,4257
09-02 13:53:26.816 15949 16323 I BatteryMgr:DataCollectionService: stats => 1693655606815,-342,4257
09-02 13:53:26.819 15990 16001 I zygote64: Background concurrent copying GC freed 241443(8MB) AllocSpace objects, 13(288KB) LOS objects, 49% free, 7MB/14MB, paused 680us total 121.798ms
09-02 13:53:26.921 15949 16323 I BatteryMgr:DataCollectionService: stats => 1693655606921,-342,4257
09-02 13:53:26.943  3979  4545 D ConnectivityService: filterNetworkStateForUid() uid: 10154 networkInfo: [type: WIFI[] - WIFI, state: CONNECTED/CONNECTED, reason: (unspecified), extra: "WiFi 69", failover: false, available: true, roaming: false, metered: false]
09-02 13:53:26.979 15990 15990 W GeckoSession: No history entries found.
09-02 13:53:27.027 15949 16323 I BatteryMgr:DataCollectionService: stats => 1693655607026,-342,4257
09-02 13:53:27.124  3979  4545 I chatty  : uid=1000(system) Binder:3979_6 identical 4 lines
09-02 13:53:27.135 15949 16323 I BatteryMgr:DataCollectionService: stats => 1693655607135,-342,4257
09-02 13:53:27.139  3979  4545 D ConnectivityService: filterNetworkStateForUid() uid: 10154 networkInfo: [type: WIFI[] - WIFI, state: CONNECTED/CONNECTED, reason: (unspecified), extra: "WiFi 69", failover: false, available: true, roaming: false, metered: false]
09-02 13:53:27.187  3449  3449 I android.hardware.wifi@1.0-service: getLinkLayerStats
09-02 13:53:27.241 15949 16323 I BatteryMgr:DataCollectionService: stats => 1693655607241,-342,4257
09-02 13:53:27.347 15949 16323 I BatteryMgr:DataCollectionService: stats => 1693655607347,-342,4257
09-02 13:53:27.453 15949 16323 I BatteryMgr:DataCollectionService: stats => 1693655607453,-342,4257
09-02 13:53:27.557 15949 16323 I BatteryMgr:DataCollectionService: stats => 1693655607557,-342,4257
09-02 13:53:27.558 14031 14031 E adbd    : recv: OPEN 0001f809 00000000 0042:73 68 65 6C 6C 2C 76 32 2C 54 45 52 4D 3D 78 74 65 72 6D 2D 32 35 36 63 6F 6C 6F 72 2C 72 61 77 3A 67 65 74 70 72 6F 70 20 72 6F 2E 62 75 69 6C 64 2E 76 65 72 73 69 6F 6E 2E 72 65 6C 65 61 73 65 00 
09-02 13:53:27.558 14031 14031 E adbd    : service_to_fd: shell,v2,TERM=xterm-256color,raw:getprop ro.build.version.release
09-02 13:53:27.564  3979  4545 D ConnectivityService: filterNetworkStateForUid() uid: 10154 networkInfo: [type: WIFI[] - WIFI, state: CONNECTED/CONNECTED, reason: (unspecified), extra: "WiFi 69", failover: false, available: true, roaming: false, metered: false]
09-02 13:53:27.628 14031 14031 E adbd    : recv: OPEN 0001f80c 00000000 003e:73 68 65 6C 6C 2C 76 32 2C 54 45 52 4D 3D 78 74 65 72 6D 2D 32 35 36 63 6F 6C 6F 72 2C 72 61 77 3A 67 65 74 70 72 6F 70 20 72 6F 2E 62 75 69 6C 64 2E 76 65 72 73 69 6F 6E 2E 73 64 6B 00 
09-02 13:53:27.628 14031 14031 E adbd    : service_to_fd: shell,v2,TERM=xterm-256color,raw:getprop ro.build.version.sdk
09-02 13:53:27.662 15949 16323 I BatteryMgr:DataCollectionService: stats => 1693655607662,-342,4257
09-02 13:53:27.692 14031 14031 E adbd    : recv: OPEN 0001f80f 00000000 0042:73 68 65 6C 6C 2C 76 32 2C 54 45 52 4D 3D 78 74 65 72 6D 2D 32 35 36 63 6F 6C 6F 72 2C 72 61 77 3A 67 65 74 70 72 6F 70 20 72 6F 2E 62 75 69 6C 64 2E 76 65 72 73 69 6F 6E 2E 72 65 6C 65 61 73 65 00 
09-02 13:53:27.692 14031 14031 E adbd    : service_to_fd: shell,v2,TERM=xterm-256color,raw:getprop ro.build.version.release
09-02 13:53:27.750 14031 14031 E adbd    : recv: OPEN 0001f812 00000000 003e:73 68 65 6C 6C 2C 76 32 2C 54 45 52 4D 3D 78 74 65 72 6D 2D 32 35 36 63 6F 6C 6F 72 2C 72 61 77 3A 67 65 74 70 72 6F 70 20 72 6F 2E 62 75 69 6C 64 2E 76 65 72 73 69 6F 6E 2E 73 64 6B 00 
09-02 13:53:27.750 14031 14031 E adbd    : service_to_fd: shell,v2,TERM=xterm-256color,raw:getprop ro.build.version.sdk
09-02 13:53:27.767 15949 16323 I BatteryMgr:DataCollectionService: stats => 1693655607766,-342,4257
09-02 13:53:27.808 14031 14031 E adbd    : recv: OPEN 0001f815 00000000 008c:73 68 65 6C 6C 2C 76 32 2C 54 45 52 4D 3D 78 74 65 72 6D 2D 32 35 36 63 6F 6C 6F 72 2C 72 61 77 3A 61 6D 20 73 74 6F 70 73 65 72 76 69 63 65 20 63 6F 6D 2E 65 78 61 6D 70 6C 65 2E 62 61 74 74 65 72 79 6D 61 6E 61 67 65 72 5F 75 74 69 6C 69 74 79 2F 63 6F 6D 2E 65 78 61 6D 70 6C 65 2E 62 61 74 74 65 72 79 6D 61 6E 61 67 65 72 5F 75 74 69 6C 69 74 79 2E 44 61 74 61 43 6F 6C 6C 65 63 74 69 6F 6E 53 65 72 76 69 63 65 00 
09-02 13:53:27.808 14031 14031 E adbd    : service_to_fd: shell,v2,TERM=xterm-256color,raw:am stopservice com.example.batterymanager_utility/com.example.batterymanager_utility.DataCollectionService
09-02 13:53:27.871 15949 16323 I BatteryMgr:DataCollectionService: stats => 1693655607871,-342,4257
09-02 13:53:27.873  3979  3979 I EasyMuteController: UnRegister failed. no registered
09-02 13:53:27.874  3979  3979 D LightsService: [api] [SvcLED] turnOff:: id = 4 (uid: 1000 pid: 3979) 
09-02 13:53:27.874  3979  3979 D LightsService: [api] [SvcLED] LED indicator : Not supported.
09-02 13:53:27.876  3979  4545 D Notification: allPendingIntents
09-02 13:53:27.879  3979  3979 D LightsService: [api] [SvcLED] turnOff:: id = 4 (uid: 1000 pid: 3979) 
09-02 13:53:27.879  3979  3979 D LightsService: [api] [SvcLED] LED indicator : Not supported.
09-02 13:53:27.879  3979  4545 I chatty  : uid=1000(system) Binder:3979_6 identical 1 line
09-02 13:53:27.882  3979  4545 D Notification: allPendingIntents
09-02 13:53:27.882  3979  5172 D Notification: allPendingIntents
09-02 13:53:27.909 14031 14031 E adbd    : recv: OPEN 0001f818 00000000 0042:73 68 65 6C 6C 2C 76 32 2C 54 45 52 4D 3D 78 74 65 72 6D 2D 32 35 36 63 6F 6C 6F 72 2C 72 61 77 3A 67 65 74 70 72 6F 70 20 72 6F 2E 62 75 69 6C 64 2E 76 65 72 73 69 6F 6E 2E 72 65 6C 65 61 73 65 00 
09-02 13:53:27.909 14031 14031 E adbd    : service_to_fd: shell,v2,TERM=xterm-256color,raw:getprop ro.build.version.release
09-02 13:53:27.918  4349  4349 D KeyguardUpdateMonitor: handleStatusBarState( false )
09-02 13:53:27.923  4349  4349 D KeyguardUpdateMonitor: handleStatusBarState( false )
09-02 13:53:27.948  4962  4962 D io_stats: !@ 179,0 r 611283 18509204 w 418522 9002484 d 44908 19540428 f 112049 114644 iot 514928 433241 th 51200 0 0 pt 0 inp 0 0 46141.193
09-02 13:53:27.983 14031 14031 E adbd    : recv: OPEN 0001f81b 00000000 003e:73 68 65 6C 6C 2C 76 32 2C 54 45 52 4D 3D 78 74 65 72 6D 2D 32 35 36 63 6F 6C 6F 72 2C 72 61 77 3A 67 65 74 70 72 6F 70 20 72 6F 2E 62 75 69 6C 64 2E 76 65 72 73 69 6F 6E 2E 73 64 6B 00 
09-02 13:53:27.984 14031 14031 E adbd    : service_to_fd: shell,v2,TERM=xterm-256color,raw:getprop ro.build.version.sdk
09-02 13:53:28.048 14031 14031 E adbd    : recv: OPEN 0001f81e 00000000 0076:73 68 65 6C 6C 2C 76 32 2C 54 45 52 4D 3D 78 74 65 72 6D 2D 32 35 36 63 6F 6C 6F 72 2C 72 61 77 3A 64 75 6D 70 73 79 73 20 61 63 74 69 76 69 74 79 20 72 65 63 65 6E 74 73 20 7C 20 67 72 65 70 20 22 52 65 63 65 6E 74 20 23 30 22 20 7C 20 63 75 74 20 2D 64 20 22 3D 22 20 2D 66 32 20 7C 20 67 72 65 70 20 2D 6F 20 2D 70 20 22 5B 61 2D 7A 7C 2E 5D 2A 22 00 
09-02 13:53:28.049 14031 14031 E adbd    : service_to_fd: shell,v2,TERM=xterm-256color,raw:dumpsys activity recents | grep "Recent #0" | cut -d "=" -f2 | grep -o -p "[a-z|.]*"
09-02 13:53:28.131 14031 14031 E adbd    : recv: OPEN 0001f821 00000000 0042:73 68 65 6C 6C 2C 76 32 2C 54 45 52 4D 3D 78 74 65 72 6D 2D 32 35 36 63 6F 6C 6F 72 2C 72 61 77 3A 67 65 74 70 72 6F 70 20 72 6F 2E 62 75 69 6C 64 2E 76 65 72 73 69 6F 6E 2E 72 65 6C 65 61 73 65 00 
09-02 13:53:28.131 14031 14031 E adbd    : service_to_fd: shell,v2,TERM=xterm-256color,raw:getprop ro.build.version.release
09-02 13:53:28.193 14031 14031 E adbd    : recv: OPEN 0001f824 00000000 003e:73 68 65 6C 6C 2C 76 32 2C 54 45 52 4D 3D 78 74 65 72 6D 2D 32 35 36 63 6F 6C 6F 72 2C 72 61 77 3A 67 65 74 70 72 6F 70 20 72 6F 2E 62 75 69 6C 64 2E 76 65 72 73 69 6F 6E 2E 73 64 6B 00 
09-02 13:53:28.193 14031 14031 E adbd    : service_to_fd: shell,v2,TERM=xterm-256color,raw:getprop ro.build.version.sdk
09-02 13:53:28.277 14031 14031 E adbd    : recv: OPEN 0001f827 00000000 0043:73 68 65 6C 6C 2C 76 32 2C 54 45 52 4D 3D 78 74 65 72 6D 2D 32 35 36 63 6F 6C 6F 72 2C 72 61 77 3A 61 6D 20 66 6F 72 63 65 2D 73 74 6F 70 20 6F 72 67 2E 6D 6F 7A 69 6C 6C 61 2E 66 69 72 65 66 6F 78 00 
09-02 13:53:28.277 14031 14031 E adbd    : service_to_fd: shell,v2,TERM=xterm-256color,raw:am force-stop org.mozilla.firefox
09-02 13:53:28.345  3979  9339 I ActivityManager: Force stopping org.mozilla.firefox appid=10154 user=0: from pid 16482
09-02 13:53:28.346  3979  9339 I ActivityManager: Killing 16127:org.mozilla.firefox:gpu/u0a154 (adj 0): stop org.mozilla.firefox,from pid 16482
09-02 13:53:28.347  3979  9339 W ActivityManager: Scheduling restart of crashed service org.mozilla.firefox/org.mozilla.gecko.process.GeckoChildProcessServices$gpu in 1000ms
09-02 13:53:28.354  3979  9339 I ActivityManager: Killing 16048:org.mozilla.firefox:tab21/u0a154 (adj 901): stop org.mozilla.firefox,from pid 16482
09-02 13:53:28.355  3979  9339 W ActivityManager: Scheduling restart of crashed service org.mozilla.firefox/org.mozilla.gecko.process.GeckoChildProcessServices$tab21 in 10993ms
09-02 13:53:28.359  3979  9339 I ActivityManager: Killing 16379:org.mozilla.firefox:tab35/u0a154 (adj 0): stop org.mozilla.firefox,from pid 16482
09-02 13:53:28.359  3979  9339 W ActivityManager: Scheduling restart of crashed service org.mozilla.firefox/org.mozilla.gecko.process.GeckoChildProcessServices$tab35 in 20988ms
09-02 13:53:28.363  3979  9339 I ActivityManager: Killing 15990:org.mozilla.firefox/u0a154 (adj 0): stop org.mozilla.firefox,from pid 16482
09-02 13:53:28.365  3979  9339 W ActivityManager: Force removing ActivityRecord{c707c1f u0 org.mozilla.firefox/org.mozilla.fenix.HomeActivity t627}: app died, no saved state
09-02 13:53:28.371  3979  9339 D InputDispatcher: Focus left window: 15990
09-02 13:53:28.378  3462  3462 V Surface : sf_framedrop debug : 0x4f4c, game : false, logging : 0
09-02 13:53:28.392  3979  9339 D TaskSnapshotCache: putSnapshot mTaskId=627 RunningCache size=5
09-02 13:53:28.392  3979  9339 D TaskSnapshotCache: removeRunningEntry taskId=627 RunningCache size=4
09-02 13:53:28.392  3979  9339 D InputDispatcher: Focused application released
09-02 13:53:28.395  3979  9339 D CustomFrequencyManagerService: acquireDVFSLockLocked : type : DVFS_MIN_LIMIT  frequency : 1560000  uid : 1000  pid : 3979  pkgName : AMS_ACT_RESUME@CPU_MIN@70
09-02 13:53:28.397  3979  9339 D ActivityManagerPerformance: AMP_acquire() ACT_RESUME
09-02 13:53:28.398  3979  9339 D PersonaManagerService: Current focused persona service handled id set to : 0
09-02 13:53:28.399  3979  9339 D InputDispatcher: Focused application set to: xxxx
09-02 13:53:28.402  3979  4323 I OpenGLRenderer: Initialized EGL, version 1.4
09-02 13:53:28.402  3979  4323 D OpenGLRenderer: Swap behavior 2
09-02 13:53:28.403  3979  9339 V WindowManager: rotationForOrientationLw(orient=-1, last=0); user=0  sensorRotation=-1 mLidState=-1 mDockMode=0 mHdmiPlugged=false
09-02 13:53:28.405  3979  4238 D GameManagerService: handleForegroundChange(). pkgName: com.example.batterymanager_utility, clsName: com.example.batterymanager_utility.MainActivity,FgActivityName:com.example.batterymanager_utility/.MainActivity
09-02 13:53:28.406  3979  9339 D MARsPolicyManager: onPackageResumedFG pkgName = com.example.batterymanager_utility, userId = 0
09-02 13:53:28.406  3979  4238 D GameManagerService: sem_perfomance_mode: 3
09-02 13:53:28.406  3979  4238 D GameManagerService: notifyResumePause(). pkg: com.example.batterymanager_utility, type: 4, isMinimized: false, isTunableApp: false
09-02 13:53:28.406  3979  4238 D GameManagerService:   notifyResumePause(). unexpected mPrevNotiType: -1
09-02 13:53:28.415  3979  4545 V WindowManager: Relayout Window{e22fd74 u0 com.example.batterymanager_utility/com.example.batterymanager_utility.MainActivity}: viewVisibility=4 req=720x1280 WM.LayoutParams{(0,0)(fillxfill) sim=#120 ty=1 fl=#81810100 pfl=0x20000 wanim=0x10302fd vsysui=0x600 needsMenuKey=2 colorMode=0 naviIconColor=0}
09-02 13:53:28.424 15949 15949 D ViewRootImpl@110cd72[MainActivity]: Relayout returned: old=[0,0][720,1280] new=[0,0][720,1280] result=0x1 surface={valid=false 0} changed=false
09-02 13:53:28.429  3979  3979 D SamsungAlarmManager: Remove alarm for next reason : android.intent.action.PACKAGE_RESTARTED : package: org.mozilla.firefox
09-02 13:53:28.435  3979  3995 W BroadcastQueue: Background execution not allowed: receiving Intent { act=android.intent.action.PACKAGE_RESTARTED dat=package:org.mozilla.firefox flg=0x10 (has extras) } to android/com.kddi.android.CpaNotiReceiver
09-02 13:53:28.436  4633  4633 D CarrierSvcBindHelper: No carrier app for: 0
09-02 13:53:28.436  3979  3995 W BroadcastQueue: Background execution not allowed: receiving Intent { act=android.intent.action.PACKAGE_RESTARTED dat=package:org.mozilla.firefox flg=0x10 (has extras) } to com.sec.android.daemonapp/com.samsung.android.weather.daemon.receiver.ClearDataReceiver
09-02 13:53:28.440  3979  3979 D SamsungAlarmManager: setInexact Listener (T:2/F:0/AC:false) 20230902T135542 - CU:1000/CP:3979
09-02 13:53:28.441  3979  9339 D ActivityManager: post active user change for 0 fullscreen true isHomeActivity() false
09-02 13:53:28.442  4633  4633 D CarrierSvcBindHelper: No carrier app for: 1
09-02 13:53:28.444  3979  6899 D GamePkgDataHelper: getGamePkgDataIncServer(). com.example.batterymanager_utility
09-02 13:53:28.444  3979  3979 D SamsungAlarmManager: setInexact Listener (T:2/F:0/AC:false) 20230902T141206 - CU:1000/CP:3979
09-02 13:53:28.447  3979  3979 D SamsungAlarmManager: setInexact Listener (T:2/F:0/AC:false) 20230902T135542 - CU:1000/CP:3979
09-02 13:53:28.447  3979  6899 D GameManagerService: identifyGamePackage. com.example.batterymanager_utility
09-02 13:53:28.447  3979  6899 D GamePkgDataHelper: getGamePkgData(). com.example.batterymanager_utility
09-02 13:53:28.448  3979  5172 V WindowManager: Relayout Window{e22fd74 u0 com.example.batterymanager_utility/com.example.batterymanager_utility.MainActivity}: viewVisibility=0 req=720x1280 WM.LayoutParams{(0,0)(fillxfill) sim=#120 ty=1 fl=#81810100 pfl=0x20000 wanim=0x10302fd vsysui=0x600 needsMenuKey=2 colorMode=0 naviIconColor=0}
09-02 13:53:28.449  3979  6899 D GameManagerService: identifyGamePackage. com.example.batterymanager_utility
09-02 13:53:28.449  3979  3979 D SamsungAlarmManager: setInexact Listener (T:2/F:0/AC:false) 20230902T141206 - CU:1000/CP:3979
09-02 13:53:28.450  3462  3462 I SurfaceFlinger: id=2208 createSurf (720x1280),1 flag=404, com.example.batterymanager_utility/com.example.batterymanager_utility.MainActivity#0
09-02 13:53:28.450  3979  6899 D GamePkgDataHelper: getGamePkgData(). com.example.batterymanager_utility
09-02 13:53:28.451  3979  6899 D GamePkgDataHelper: getSosPolicy(). com.example.batterymanager_utility
09-02 13:53:28.451  3979  3979 D SamsungAlarmManager: setInexact Listener (T:2/F:0/AC:false) 20230902T135542 - CU:1000/CP:3979
09-02 13:53:28.452  3979  5172 V Surface : sf_framedrop debug : 0x4f4c, game : false, logging : 0
09-02 13:53:28.452  3979  3996 D WindowManager: set systemUiVisibility : systemUiFlags= 0x608 fullscreenStackSysUiFlags= 0x0
09-02 13:53:28.452  3979  3979 D SamsungAlarmManager: setInexact Listener (T:2/F:0/AC:false) 20230902T141206 - CU:1000/CP:3979
09-02 13:53:28.454  3979  3979 D SamsungAlarmManager: setInexact Listener (T:2/F:0/AC:false) 20230902T135542 - CU:1000/CP:3979
09-02 13:53:28.455  3979  3979 D SamsungAlarmManager: setInexact Listener (T:2/F:0/AC:false) 20230902T141206 - CU:1000/CP:3979
09-02 13:53:28.456  3979  6899 D GameManagerService: identifyGamePackage. com.example.batterymanager_utility
09-02 13:53:28.456  3979  6899 D GamePkgDataHelper: getGamePkgData(). com.example.batterymanager_utility
09-02 13:53:28.456  3979  5172 D InputDispatcher: Focus entered window: 15949
09-02 13:53:28.459 15949 15949 V Surface : sf_framedrop debug : 0x4f4c, game : false, logging : 0
09-02 13:53:28.460  3979  6899 D GameManagerService: identifyGamePackage. com.example.batterymanager_utility
09-02 13:53:28.460  3979  6899 D GamePkgDataHelper: getGamePkgData(). com.example.batterymanager_utility
09-02 13:53:28.462 15949 15949 D ViewRootImpl@110cd72[MainActivity]: Relayout returned: old=[0,0][720,1280] new=[0,0][720,1280] result=0x7 surface={valid=true 536159952896} changed=true
09-02 13:53:28.464  3979  4545 D WindowManager: adjustSystemUiVisibilityLw : vis= 0x608
09-02 13:53:28.471 15949 15967 D mali_winsys: EGLint new_window_surface(egl_winsys_display *, void *, EGLSurface, EGLConfig, egl_winsys_surface **, egl_color_buffer_format *, EGLBoolean) returns 0x3000,  [720x1280]-format:1
09-02 13:53:28.472 15949 15967 D OpenGLRenderer: eglCreateWindowSurface = 0x7cc1be75c0
09-02 13:53:28.477 15949 15949 D ViewRootImpl@110cd72[MainActivity]: MSG_WINDOW_FOCUS_CHANGED 1
09-02 13:53:28.480  4349  4372 D SystemServicesProxy: updateOverviewLastStackActiveTimeAsync: newTime=1693559943942
09-02 13:53:28.482  3979  4545 D SecContentProvider: query(), uri = 17 selection = isSettingsChangesAllowed
09-02 13:53:28.482 15949 15949 V InputMethodManager: Starting input: tba=android.view.inputmethod.EditorInfo@753c22d nm : com.example.batterymanager_utility ic=null
09-02 13:53:28.482 15949 15949 I InputMethodManager: startInputInner - mService.startInputOrWindowGainedFocus
09-02 13:53:28.483  3979  4545 D SecContentProvider: called from android.uid.systemui:10009
09-02 13:53:28.483  3979  5172 D InputMethodManagerService: startInputOrWindowGainedFocus : windowGainedFocus 
09-02 13:53:28.484  3979  5172 D InputMethodManagerService: windowGainedFocus: destinationUserId (getCallingUid) = 0
09-02 13:53:28.484  3979  5172 D InputMethodManagerService: windowGainedFocus: currentUserId=0
09-02 13:53:28.484  3979  5172 D InputMethodManagerService: windowGainedFocus: mCurrentFocusedUserId=0
09-02 13:53:28.484  4349  4561 D SystemServicesProxy: updateOverviewLastStackActiveTimeAsync: done.
09-02 13:53:28.484  3979  5172 D InputMethodManagerService: windowGainedFocus : lock - currentUserId = 0 destinationUserId = 0
09-02 13:53:28.484  3979  5172 D InputMethodManagerService: windowGainedFocus : mCurrentFocusedUserId - 0 and mSecureKeypadEnabled - false, userSwitched - false
09-02 13:53:28.484  3979  5172 V InputMethodManagerService: windowGainedFocus : reason=WINDOW_FOCUS_GAIN client=android.os.BinderProxy@24ef486 inputContext=null missingMethods= attribute=android.view.inputmethod.EditorInfo@9b3bab0 nm = com.example.batterymanager_utility controlFlags=#105 softInputMode=#120 windowFlags=#81810100
09-02 13:53:28.484  3979  5172 V InputMethodManagerService: hideCurrentInputLocked : shouldHideSoftInput is false
09-02 13:53:28.485  3979  4545 D PackageManager: getComponentMetadataForIconTray : org.mozilla.fenix.HomeActivity does not exist in mServices
09-02 13:53:28.486  3979  4545 D PackageManager: getComponentMetadataForIconTray : org.mozilla.fenix.HomeActivity does not exist in mProviders
09-02 13:53:28.486  3979  4545 D PackageManager: getComponentMetadataForIconTray : org.mozilla.fenix.HomeActivity does not exist in mReceivers
09-02 13:53:28.486  4349  4372 D ApplicationPackageManager: updateItemMetaDataForFixedIconScale: package: org.mozilla.firefox
09-02 13:53:28.487  3979  4545 D PackageManager: getSelectedMetaData : packageName(org.mozilla.firefox) or Metadata strings {[Ljava.lang.String;@8884d29}
09-02 13:53:28.487  3979  5172 W InputMethodManagerService: Got RemoteException sending setActive(false) notification to pid 15990 uid 10154
09-02 13:53:28.488  4349  4372 I ApplicationPackageManager: return adaptive icon for org.mozilla.firefox
09-02 13:53:28.488  3979  5172 D InputMethodManagerService: isImeSwitcherDisabledPackage : false
09-02 13:53:28.489  3979  5172 D InputMethodManagerService: setCurrentInputInfo - inputContext : null eidtorInfo : android.view.inputmethod.EditorInfo@9b3bab0 missingMethods : 0
09-02 13:53:28.490  4336  4336 I InputMethodWrapper:  call dispatchStartInputWithToken
09-02 13:53:28.490  4336  4336 I InputMethodService: dispatchStartInputWithToken
09-02 13:53:28.491  4336  4336 I SKBD    : SamsungKeypad [IMI] onStartInput - caller pid : 15949, caller uid : 10157
09-02 13:53:28.499  3979  4081 W InputDispatcher: channel ~ Consumer closed input channel or an error occurred.  events=0x9
09-02 13:53:28.499  3979  4081 E InputDispatcher: channel ~ Channel is unrecoverably broken and will be disposed!
09-02 13:53:28.506  3979  9339 I WindowManager: WIN DEATH: Window{9ec66aa u0 org.mozilla.firefox/org.mozilla.fenix.HomeActivity}
09-02 13:53:28.506  3979  9339 W InputDispatcher: Attempted to unregister already unregistered input channel
09-02 13:53:28.507  3979  9339 I WindowManager: Destroying surface Surface(name=org.mozilla.firefox/org.mozilla.fenix.HomeActivity) called by com.android.server.wm.WindowStateAnimator.destroySurface:2501 com.android.server.wm.WindowStateAnimator.destroySurfaceLocked:985 com.android.server.wm.WindowState.removeImmediately:2404 com.android.server.wm.WindowState.removeIfPossible:2603 com.android.server.wm.WindowState.-wrap1:0 com.android.server.wm.WindowState$DeathRecipient.binderDied:3142 android.os.BinderProxy.sendDeathNotice:841 <bottom of call stack> 
09-02 13:53:28.507  3462  5840 I SurfaceFlinger: id=2205 Removed org.mozilla.firefox/org.mozilla.fenix.HomeActivity#0 (3/5)
09-02 13:53:28.509  4336  4336 D InputEventReceiver: channel 'ClientState{4c6824d uid 10154 pid 15990} (client)' ~ Disposing input event receiver.
09-02 13:53:28.509  4336  4336 D InputEventReceiver: channel 'ClientState{4c6824d uid 10154 pid 15990} (client)' ~NativeInputEventReceiver.
09-02 13:53:28.510  3462  5840 I SurfaceFlinger: id=2205 Removed org.mozilla.firefox/org.mozilla.fenix.HomeActivity#0 (-2/5)
09-02 13:53:28.512  3462  3462 I Layer   : id=2205 onRemoved org.mozilla.firefox/org.mozilla.fenix.HomeActivity#0 
09-02 13:53:28.513  3462  3462 I Layer   : id=2207 onRemoved Background for - SurfaceView - org.mozilla.firefox/org.mozilla.fenix.HomeActivity@a542668@0#0 
09-02 13:53:28.514  3462  3462 I Layer   : id=2206 onRemoved SurfaceView - org.mozilla.firefox/org.mozilla.fenix.HomeActivity@a542668@0#0 
09-02 13:53:28.515  3462  3462 I SurfaceFlinger: removeLayer is called from message
09-02 13:53:28.515  3462  3462 I SurfaceFlinger: id=2205 Removed org.mozilla.firefox/org.mozilla.fenix.HomeActivity#0 (-2/5)
09-02 13:53:28.515  3462  3462 E SurfaceFlinger: Failed to find layer (org.mozilla.firefox/org.mozilla.fenix.HomeActivity#0) in layer parent (no-parent).
09-02 13:53:28.515  3979  4004 W ActivityManager: setHasOverlayUi called on unknown pid: 15990
09-02 13:53:28.517  3462  3462 I SurfaceFlinger: Display 0 HWC layers:
09-02 13:53:28.517  3462  3462 I SurfaceFlinger:     type    |    handle    | flag |  format   |   source crop (l,t,r,b)    |         frame       | name 
09-02 13:53:28.517  3462  3462 I SurfaceFlinger: ------------+--------------+------+-----------+----------------------------+---------------------+------
09-02 13:53:28.517  3462  3462 I SurfaceFlinger:      Device | 0x7abe64b980 | 0000 | RGBA_8888 |   0.0    0.0  720.0   42.0 |    0    0  720   42 | StatusBar#0
09-02 13:53:28.517  3462  3462 I SurfaceFlinger: 
09-02 13:53:28.532  3979  5172 V WindowManager: finishDrawingLocked: mDrawState=COMMIT_DRAW_PENDING Window{e22fd74 u0 com.example.batterymanager_utility/com.example.batterymanager_utility.MainActivity} in Surface(name=com.example.batterymanager_utility/com.example.batterymanager_utility.MainActivity)
09-02 13:53:28.545  3462  3462 I SurfaceFlinger: id=2209 createSurf (720x1280),-1 flag=20004, com.example.batterymanager_utility/com.example.batterymanager_utility.MainActivity_dim#0
09-02 13:53:28.565  3462  3462 I SurfaceFlinger: Display 0 HWC layers:
09-02 13:53:28.565  3462  3462 I SurfaceFlinger:     type    |    handle    | flag |  format   |   source crop (l,t,r,b)    |         frame       | name 
09-02 13:53:28.565  3462  3462 I SurfaceFlinger: ------------+--------------+------+-----------+----------------------------+---------------------+------
09-02 13:53:28.565  3462  3462 I SurfaceFlinger:      Client |              | 0000 |  Unknown  |  -0.2   -0.2   -0.8   -0.8 |    0    0  720 1280 | animation background stackId=1#0
09-02 13:53:28.565  3462  3462 I SurfaceFlinger:      Client | 0x7abdcaa780 | 0002 | RGBA_8888 |   0.0    0.0   31.0 1280.0 |  689    0  720 1280 | com.example.batterymanager_utility/c[...]atterymanager_utility.MainActivity#0
09-02 13:53:28.565  3462  3462 I SurfaceFlinger:      Device | 0x7ac4c25140 | 0000 | RGBA_8888 |   0.0    0.0  720.0   42.0 |    0    0  720   42 | StatusBar#0
09-02 13:53:28.565  3462  3462 I SurfaceFlinger: 
09-02 13:53:28.575  3979  4111 D MdnieScenarioControlService:  packageName : com.example.batterymanager_utility    className : com.example.batterymanager_utility.MainActivity
09-02 13:53:28.575  3979  4111 V MdnieScenarioControlService: setUIMode from UI function(3)
09-02 13:53:28.581  3462  3462 I SurfaceFlinger: Display 0 HWC layers:
09-02 13:53:28.581  3462  3462 I SurfaceFlinger:     type    |    handle    | flag |  format   |   source crop (l,t,r,b)    |         frame       | name 
09-02 13:53:28.581  3462  3462 I SurfaceFlinger: ------------+--------------+------+-----------+----------------------------+---------------------+------
09-02 13:53:28.581  3462  3462 I SurfaceFlinger:      Client |              | 0000 |  Unknown  |   0.0    0.0   -1.0   -1.0 |    0    0  720 1280 | com.example.batterymanager_utility/c[...]rymanager_utility.MainActivity_dim#0
09-02 13:53:28.581  3462  3462 I SurfaceFlinger:      Client |              | 0000 |  Unknown  |  -0.2   -0.2   -0.8   -0.8 |    0    0  720 1280 | animation background stackId=1#0
09-02 13:53:28.581  3462  3462 I SurfaceFlinger:      Client | 0x7abdcaa780 | 0002 | RGBA_8888 |   0.0    0.0   65.0 1280.0 |  655    0  720 1280 | com.example.batterymanager_utility/c[...]atterymanager_utility.MainActivity#0
09-02 13:53:28.581  3462  3462 I SurfaceFlinger:      Device | 0x7ac4c24480 | 0000 | RGBA_8888 |   0.0    0.0  720.0   42.0 |    0    0  720   42 | StatusBar#0
09-02 13:53:28.581  3462  3462 I SurfaceFlinger: 
09-02 13:53:28.931  3462  3462 I SurfaceFlinger: Display 0 HWC layers:
09-02 13:53:28.931  3462  3462 I SurfaceFlinger:     type    |    handle    | flag |  format   |   source crop (l,t,r,b)    |         frame       | name 
09-02 13:53:28.931  3462  3462 I SurfaceFlinger: ------------+--------------+------+-----------+----------------------------+---------------------+------
09-02 13:53:28.931  3462  3462 I SurfaceFlinger:      Device | 0x7abdcaa780 | 0002 | RGBA_8888 |   0.0    0.0  720.0 1280.0 |    0    0  720 1280 | com.example.batterymanager_utility/c[...]atterymanager_utility.MainActivity#0
09-02 13:53:28.931  3462  3462 I SurfaceFlinger:      Device | 0x7ac4c25140 | 0000 | RGBA_8888 |   0.0    0.0  720.0   42.0 |    0    0  720   42 | StatusBar#0
09-02 13:53:28.931  3462  3462 I SurfaceFlinger: 
