09-02 13:10:17.132 32432 32432 I InputMethodManager: startInputInner - mService.startInputOrWindowGainedFocus
09-02 13:10:17.132  3979  4635 D InputMethodManagerService: startInputOrWindowGainedFocus : windowGainedFocus 
09-02 13:10:17.133  3979  4635 D InputMethodManagerService: windowGainedFocus: destinationUserId (getCallingUid) = 0
09-02 13:10:17.133  3979  4635 D InputMethodManagerService: windowGainedFocus: currentUserId=0
09-02 13:10:17.133  3979  4635 D InputMethodManagerService: windowGainedFocus: mCurrentFocusedUserId=0
09-02 13:10:17.133  3979  4635 D InputMethodManagerService: windowGainedFocus : lock - currentUserId = 0 destinationUserId = 0
09-02 13:10:17.133  3979  4635 D InputMethodManagerService: windowGainedFocus : mCurrentFocusedUserId - 0 and mSecureKeypadEnabled - false, userSwitched - false
09-02 13:10:17.133  3979  4635 V InputMethodManagerService: windowGainedFocus : reason=WINDOW_FOCUS_GAIN client=android.os.BinderProxy@eedc191 inputContext=null missingMethods= attribute=android.view.inputmethod.EditorInfo@6064bef nm = org.mozilla.firefox controlFlags=#104 softInputMode=#110 windowFlags=#81010100
09-02 13:10:17.133  3979  4635 V InputMethodManagerService: hideCurrentInputLocked : shouldHideSoftInput is false
09-02 13:10:17.133  3979  4635 D InputMethodManagerService: isImeSwitcherDisabledPackage : false
09-02 13:10:17.134  3979  3996 D WindowManager: set systemUiVisibility : systemUiFlags= 0x2618 fullscreenStackSysUiFlags= 0x2000
09-02 13:10:17.134  3979  4635 V InputMethodManagerService: Creating new session for client ClientState{5ab56fc uid 10154 pid 32432}
09-02 13:10:17.136  3979  4635 D InputMethodManagerService: setCurrentInputInfo - inputContext : null eidtorInfo : android.view.inputmethod.EditorInfo@6064bef missingMethods : 0
09-02 13:10:17.136  4336  4336 I InputMethodWrapper:  call dispatchStartInputWithToken
09-02 13:10:17.136  4336  4336 I InputMethodService: dispatchStartInputWithToken
09-02 13:10:17.137  4336  4336 I SKBD    : SamsungKeypad [IMI] onStartInput - caller pid : 32432, caller uid : 10154
09-02 13:10:17.143 32432 32432 I DefaultSupportedAddonsChecker: Unregister check for new supported add-ons
09-02 13:10:17.170  3462  3462 I SurfaceFlinger: Display 0 HWC layers:
09-02 13:10:17.170  3462  3462 I SurfaceFlinger:     type    |    handle    | flag |  format   |   source crop (l,t,r,b)    |         frame       | name 
09-02 13:10:17.170  3462  3462 I SurfaceFlinger: ------------+--------------+------+-----------+----------------------------+---------------------+------
09-02 13:10:17.170  3462  3462 I SurfaceFlinger:      Device | 0x7abe64bf80 | 0000 | RGBA_8888 |   0.0    0.0  720.0 1280.0 |    0    0  720 1280 | org.mozilla.firefox/org.mozilla.fenix.HomeActivity#0
09-02 13:10:17.170  3462  3462 I SurfaceFlinger:      Device | 0x7ac4c243c0 | 0000 | RGBA_8888 |   0.0    0.0  720.0 1280.0 |    0    0  720 1280 | Splash Screen org.mozilla.firefox#0
09-02 13:10:17.170  3462  3462 I SurfaceFlinger:      Device | 0x7ac4c25140 | 0000 | RGBA_8888 |   0.0    0.0  720.0   42.0 |    0    0  720   42 | StatusBar#0
09-02 13:10:17.170  3462  3462 I SurfaceFlinger: 
09-02 13:10:17.183 32432 32432 D skia    : approximate: numPoints=40, lengths[39]=620.200073, totalLength=620.200073, segmentPoints[39]=[422.600037,0.000000]
09-02 13:10:17.183 32432 32432 D skia    : approximate: approximation[117]=1.000000, approximation[118]=422.600037, approximation[119]=0.000000
09-02 13:10:17.184 32432 32432 D skia    : approximate: numPoints=4, lengths[3]=3.448155, totalLength=3.448155, segmentPoints[3]=[3.000000,0.100000]
09-02 13:10:17.184 32432 32432 D skia    : approximate: approximation[9]=1.000000, approximation[10]=3.000000, approximation[11]=0.100000
09-02 13:10:17.184 32432 32432 D skia    : approximate: numPoints=37, lengths[36]=722.199951, totalLength=722.199951, segmentPoints[36]=[199.600006,0.000000]
09-02 13:10:17.184 32432 32432 D skia    : approximate: approximation[108]=1.000000, approximation[109]=199.600006, approximation[110]=0.000000
09-02 13:10:17.185 32432 32432 D skia    : approximate: numPoints=3, lengths[2]=2.472497, totalLength=2.472497, segmentPoints[2]=[2.000000,0.100000]
09-02 13:10:17.185 32432 32432 D skia    : approximate: approximation[6]=1.000000, approximation[7]=2.000000, approximation[8]=0.100000
09-02 13:10:17.191 32432 32432 V InputMethodManager: Starting input: tba=android.view.inputmethod.EditorInfo@57c2c3 nm : org.mozilla.firefox ic=null
09-02 13:10:17.191 32432 32432 I InputMethodManager: startInputInner - mService.startInputOrWindowGainedFocus
09-02 13:10:17.191  3979  5976 D InputMethodManagerService: startInputOrWindowGainedFocus : startInput 
09-02 13:10:17.191  3979  5976 D InputMethodManagerService: setCurrentInputInfo - inputContext : null eidtorInfo : android.view.inputmethod.EditorInfo@615b80b missingMethods : 0
09-02 13:10:17.192  4336  4336 I InputMethodWrapper:  call dispatchStartInputWithToken
09-02 13:10:17.192  4336  4336 I InputMethodService: dispatchStartInputWithToken
09-02 13:10:17.192  4336  4336 I SKBD    : SamsungKeypad [IMI] onStartInput - caller pid : 32432, caller uid : 10154
09-02 13:10:17.248 32432 32605 I libglean_ffi: glean_core::upload: Ping 8d84ec36-03f7-4f6f-bca2-2e041f3921ed successfully sent 200.
09-02 13:10:17.250 32432 32605 I libglean_ffi: glean_core::upload::directory: File was deleted /data/user/0/org.mozilla.firefox/glean_data/pending_pings/8d84ec36-03f7-4f6f-bca2-2e041f3921ed
09-02 13:10:17.252 32432 32605 I libglean_ffi: glean_core::upload: New upload task with id 7249c41c-e5d6-47fd-ba4c-42a44e0ea2d0 (path: /submit/org-mozilla-firefox/baseline/1/7249c41c-e5d6-47fd-ba4c-42a44e0ea2d0)
09-02 13:10:17.299  3979  4046 I WindowManager: Destroying surface Surface(name=Splash Screen org.mozilla.firefox) called by com.android.server.wm.WindowStateAnimator.destroySurface:2501 com.android.server.wm.WindowStateAnimator.destroySurfaceLocked:985 com.android.server.wm.WindowState.destroyOrSaveSurfaceUnchecked:3671 com.android.server.wm.WindowState.destroySurface:3619 com.android.server.wm.AppWindowToken.destroySurfaces:722 com.android.server.wm.AppWindowToken.destroySurfaces:706 com.android.server.wm.WindowState.onExitAnimationDone:5333 com.android.server.wm.WindowStateAnimator.stepAnimationLocked:550 
09-02 13:10:17.299  3462  3501 I SurfaceFlinger: id=1952 Removed Splash Screen org.mozilla.firefox#0 (3/5)
09-02 13:10:17.302  3462  3462 I SurfaceFlinger: Display 0 HWC layers:
09-02 13:10:17.302  3462  3462 I SurfaceFlinger:     type    |    handle    | flag |  format   |   source crop (l,t,r,b)    |         frame       | name 
09-02 13:10:17.302  3462  3462 I SurfaceFlinger: ------------+--------------+------+-----------+----------------------------+---------------------+------
09-02 13:10:17.302  3462  3462 I SurfaceFlinger:      Device | 0x7abe64bf80 | 0000 | RGBA_8888 |   0.0    0.0  720.0 1280.0 |    0    0  720 1280 | org.mozilla.firefox/org.mozilla.fenix.HomeActivity#0
09-02 13:10:17.302  3462  3462 I SurfaceFlinger:      Device | 0x7abe64b980 | 0000 | RGBA_8888 |   0.0    0.0  720.0   42.0 |    0    0  720   42 | StatusBar#0
09-02 13:10:17.302  3462  3462 I SurfaceFlinger: 
09-02 13:10:17.306  3462  3501 I SurfaceFlinger: id=1952 Removed Splash Screen org.mozilla.firefox#0 (-2/5)
09-02 13:10:17.315  3462  3462 I Layer   : id=1952 onRemoved Splash Screen org.mozilla.firefox#0 
09-02 13:10:17.341  3979  5976 V WindowManager: Relayout Window{993b4f7 u0 org.mozilla.firefox/org.mozilla.fenix.HomeActivity}: viewVisibility=0 req=720x1280 WM.LayoutParams{(0,0)(fillxfill) sim=#10 ty=1 fl=#81010100 pfl=0x20000 fmt=-3 wanim=0x7f1404fa vsysui=0x2610 needsMenuKey=2 colorMode=0 naviIconColor=0}
09-02 13:10:17.345 32432 32432 D ViewRootImpl@88b7945[HomeActivity]: Relayout returned: old=[0,0][720,1280] new=[0,0][720,1280] result=0x1 surface={valid=true 533357223936} changed=false
09-02 13:10:17.373 32432 32432 W InputMethodManager: Ignoring onBind: cur seq=1242, given seq=1241
09-02 13:10:17.422 10264 10608 I FontLog : Received query Noto Color Emoji Compat, URI content://com.google.android.gms.fonts [CONTEXT service_id=132 ]
09-02 13:10:17.422 10264 10608 I FontLog : Query [emojicompat-emoji-font] resolved to {Noto Color Emoji Compat, wdth 100.0, wght 400, ital 0.0, bestEffort false} [CONTEXT service_id=132 ]
09-02 13:10:17.424 10264 10608 I FontLog : Fetch {Noto Color Emoji Compat, wdth 100.0, wght 400, ital 0.0, bestEffort false} end status Status{statusCode=SUCCESS, resolution=null} [CONTEXT service_id=132 ]
09-02 13:10:17.428 32432 32432 I zygote64: Deoptimizing kotlinx.coroutines.DisposableHandle kotlinx.coroutines.JobSupport.invokeOnCompletion(boolean, boolean, kotlin.jvm.functions.Function1) due to JIT inline cache
09-02 13:10:17.432 10264 10608 I FontLog : Pulling font file for id = 938, cache size = 7 [CONTEXT service_id=132 ]
09-02 13:10:17.440 10264 10608 I FontLog : Pulling font file for id = 938, cache size = 7 [CONTEXT service_id=132 ]
09-02 13:10:17.442  3979  5983 D ConnectivityService: filterNetworkStateForUid() uid: 10025 networkInfo: [type: WIFI[] - WIFI, state: CONNECTED/CONNECTED, reason: (unspecified), extra: "WiFi 69", failover: false, available: true, roaming: false, metered: false]
09-02 13:10:17.444  3979  5976 D ConnectivityService: filterNetworkStateForUid() uid: 10025 networkInfo: [type: WIFI[] - WIFI, state: CONNECTED/CONNECTED, reason: (unspecified), extra: "WiFi 69", failover: false, available: true, roaming: false, metered: false]
09-02 13:10:17.454  3979  5976 D ConnectivityService: filterNetworkStateForUid() uid: 10025 networkInfo: [type: WIFI[] - WIFI, state: CONNECTED/CONNECTED, reason: (unspecified), extra: "WiFi 69", failover: false, available: true, roaming: false, metered: false]
09-02 13:10:17.465 32432 32605 I libglean_ffi: glean_core::upload: Ping 7249c41c-e5d6-47fd-ba4c-42a44e0ea2d0 successfully sent 200.
09-02 13:10:17.465  3979  4635 V WindowManager: rotationForOrientationLw(orient=2, last=0); user=0  sensorRotation=-1 mLidState=-1 mDockMode=0 mHdmiPlugged=false
09-02 13:10:17.467 32432 32605 I libglean_ffi: glean_core::upload::directory: File was deleted /data/user/0/org.mozilla.firefox/glean_data/pending_pings/7249c41c-e5d6-47fd-ba4c-42a44e0ea2d0
09-02 13:10:17.468 32432 32605 I libglean_ffi: glean_core::upload: New upload task with id 1fab3da5-d1fc-4e67-9690-30c08fc2ce06 (path: /submit/org-mozilla-firefox/baseline/1/1fab3da5-d1fc-4e67-9690-30c08fc2ce06)
09-02 13:10:17.472  3979  4292 D WifiConnectivityMonitor:  [|212] [] []
09-02 13:10:17.474 32432 32432 I zygote64: Deoptimizing java.lang.Object mozilla.components.support.ktx.kotlinx.coroutines.flow.FlowKt$filterChanged$1.invokeSuspend(java.lang.Object) due to JIT inline cache
09-02 13:10:17.500  3979  4635 V WindowManager: Relayout Window{993b4f7 u0 org.mozilla.firefox/org.mozilla.fenix.HomeActivity}: viewVisibility=0 req=720x1280 WM.LayoutParams{(0,0)(fillxfill) sim=#10 ty=1 fl=#81010100 pfl=0x20000 fmt=-3 wanim=0x7f1404fa vsysui=0x2610 needsMenuKey=2 colorMode=0 naviIconColor=0}
09-02 13:10:17.505 32432 32432 D ViewRootImpl@88b7945[HomeActivity]: Relayout returned: old=[0,0][720,1280] new=[0,0][720,1280] result=0x1 surface={valid=true 533357223936} changed=false
09-02 13:10:17.520 32432 32432 I WebExtension: releasePendingMessages: extension=fxa@mozac.org nativeApp=mozacWebchannelBackground session=null
09-02 13:10:17.558  3979  3979 D PreBindingService: handleMessage : 1
09-02 13:10:17.567 32432 32432 I WebExtension: releasePendingMessages: extension=cookies@mozac.org nativeApp=MozacBrowserSearchMessage session=org.mozilla.geckoview.GeckoSession@5090ab2
09-02 13:10:17.571 32432 32432 I WebExtension: releasePendingMessages: extension=ads@mozac.org nativeApp=MozacBrowserAdsMessage session=org.mozilla.geckoview.GeckoSession@5090ab2
09-02 13:10:17.572 32432 32432 I WebExtension: releasePendingMessages: extension=fxa@mozac.org nativeApp=mozacWebchannel session=org.mozilla.geckoview.GeckoSession@5090ab2
09-02 13:10:17.573 32432 32432 I WebExtension: releasePendingMessages: extension=icons@mozac.org nativeApp=MozacBrowserIcons session=org.mozilla.geckoview.GeckoSession@5090ab2
09-02 13:10:17.584 32432 32461 W ResourceType: Too many attribute references, stopped at: 0x01010099
09-02 13:10:17.652 32432 32432 I SessionPrioritizationMiddleware: Update the currentSelectedTab 29fa2553-ce29-43f3-8955-0226f0f00c2c priority to HIGH
09-02 13:10:17.655 32432 32432 I WebExtension: releasePendingMessages: extension=readerview@mozac.org nativeApp=mozacReaderviewActive session=org.mozilla.geckoview.GeckoSession@5090ab2
09-02 13:10:17.655 32432 32432 I WebExtension: releasePendingMessages: extension=readerview@mozac.org nativeApp=mozacReaderview session=org.mozilla.geckoview.GeckoSession@5090ab2
09-02 13:10:17.656 32432 32432 I WebExtension: releasePendingMessages: extension=readerview@mozac.org nativeApp=mozacReaderviewActive session=org.mozilla.geckoview.GeckoSession@5090ab2
09-02 13:10:17.656 32432 32432 I WebExtension: releasePendingMessages: extension=readerview@mozac.org nativeApp=mozacReaderview session=org.mozilla.geckoview.GeckoSession@5090ab2
09-02 13:10:17.689 32495 32522 I GeckoLoader: Library base=/data/app/org.mozilla.firefox-qXEeZwQeSKU-v4RxzjCTZA==/lib/arm64
09-02 13:10:17.690 32495 32522 I GeckoLoader: Library base=/data/app/org.mozilla.firefox-qXEeZwQeSKU-v4RxzjCTZA==/lib/arm64
09-02 13:10:17.691 32432 32461 W AudioCapabilities: Unsupported mime audio/mpeg-L1
09-02 13:10:17.691 32495 32522 E GeckoLibLoad: Load sqlite start
09-02 13:10:17.691 32432 32461 W AudioCapabilities: Unsupported mime audio/mpeg-L2
09-02 13:10:17.693 32432 32461 W AudioCapabilities: Unsupported mime audio/x-ms-wma
09-02 13:10:17.693 32432 32461 W AudioCapabilities: Unsupported mime audio/x-ima
09-02 13:10:17.697 32432 32461 W VideoCapabilities: Unrecognized profile 2130706433 for video/avc
09-02 13:10:17.697 32432 32461 W VideoCapabilities: Unrecognized profile 2130706434 for video/avc
09-02 13:10:17.699 32432 32461 W VideoCapabilities: Unrecognized profile 2130706433 for video/avc
09-02 13:10:17.699 32432 32461 W VideoCapabilities: Unrecognized profile 2130706434 for video/avc
09-02 13:10:17.701 32495 32522 E GeckoLibLoad: Load sqlite done
09-02 13:10:17.702 32495 32522 I GeckoLoader: Library base=/data/app/org.mozilla.firefox-qXEeZwQeSKU-v4RxzjCTZA==/lib/arm64
09-02 13:10:17.702 32495 32522 E GeckoLibLoad: Load nss start
09-02 13:10:17.702 32495 32522 E GeckoLibLoad: Load nss done
09-02 13:10:17.702 32495 32522 I GeckoLoader: Library base=/data/app/org.mozilla.firefox-qXEeZwQeSKU-v4RxzjCTZA==/lib/arm64
09-02 13:10:17.712 32432 32461 W VideoCapabilities: Unsupported mime video/wvc1
09-02 13:10:17.714 32432 32461 W VideoCapabilities: Unsupported mime video/x-ms-wmv
09-02 13:10:17.717 32432 32461 W VideoCapabilities: Unrecognized profile 2130706433 for video/avc
09-02 13:10:17.717 32432 32461 W VideoCapabilities: Unrecognized profile 2130706434 for video/avc
09-02 13:10:17.720 32432 32437 I zygote64: Do full code cache collection, code=508KB, data=315KB
09-02 13:10:17.721 32432 32437 I zygote64: After code cache collection, code=401KB, data=198KB
09-02 13:10:17.723 32432 32461 W VideoCapabilities: Unsupported mime video/avc-wfd
09-02 13:10:17.731  3979  3979 D CustomFrequencyManagerService: releaseDVFSLockLocked : Getting Lock type frm List : DVFS_MIN_LIMIT  frequency : 1560000  uid : 1000  pid : 3979  tag : AMS_RESUME_TAIL@CPU_MIN@14
09-02 13:10:17.739 32495 32522 E GeckoLibLoad: Loaded libs in 36.858769ms total, 20ms(16ms) user, 12ms(16ms) system, 0(0) faults
09-02 13:10:17.740 32495 32522 W GeckoThread: zerdatime 98199172 - runGecko
09-02 13:10:17.747 32432 32461 I VideoCapabilities: Unsupported profile 4 for video/mp4v-es
09-02 13:10:17.763 32432 32461 W VideoCapabilities: Unrecognized profile/level 1/32 for video/mp4v-es
09-02 13:10:17.763 32432 32461 W VideoCapabilities: Unrecognized profile/level 32768/2 for video/mp4v-es
09-02 13:10:17.763 32432 32461 W VideoCapabilities: Unrecognized profile/level 32768/64 for video/mp4v-es
09-02 13:10:17.764 32432 32461 W VideoCapabilities: Unsupported mime video/wvc1
09-02 13:10:17.765 32432 32461 W VideoCapabilities: Unsupported mime video/x-ms-wmv
09-02 13:10:17.766 32432 32461 W VideoCapabilities: Unsupported mime video/x-ms-wmv7
09-02 13:10:17.768 32432 32461 W VideoCapabilities: Unsupported mime video/x-ms-wmv8
09-02 13:10:17.769 32432 32461 W VideoCapabilities: Unsupported mime video/mp43
09-02 13:10:17.784 32564 32626 D libGLESv2: STS_GLApi : DTS, ODTC are not allowed for Package : org.mozilla.firefox:gpu
09-02 13:10:17.789 32564 32575 V Surface : sf_framedrop debug : 0x4f4c, game : false, logging : 0
09-02 13:10:17.793 32564 32626 D mali_winsys: EGLint new_window_surface(egl_winsys_display *, void *, EGLSurface, EGLConfig, egl_winsys_surface **, egl_color_buffer_format *, EGLBoolean) returns 0x3000,  [720x1238]-format:2
09-02 13:10:17.796 32432 32461 I GeckoSession: zerdatime 98199228 - chrome startup finished
09-02 13:10:17.807 32432 32605 I libglean_ffi: glean_core::upload: Ping 1fab3da5-d1fc-4e67-9690-30c08fc2ce06 successfully sent 200.
09-02 13:10:17.807 32432 32432 I GeckoSession: handleMessage GeckoView:PageStart uri=
09-02 13:10:17.809 32432 32605 I libglean_ffi: glean_core::upload::directory: File was deleted /data/user/0/org.mozilla.firefox/glean_data/pending_pings/1fab3da5-d1fc-4e67-9690-30c08fc2ce06
09-02 13:10:17.809 32432 32432 I GeckoSession: handleMessage GeckoView:PageStop uri=null
09-02 13:10:17.810 32432 32605 I libglean_ffi: glean_core::upload: No more pings to upload! You are done.
09-02 13:10:17.814 32432 32526 I WM-WorkerWrapper: Worker result SUCCESS for Work [ id=478a2a27-df11-4e97-b5a7-d610e8c4b17f, tags={ mozilla.telemetry.glean.scheduler.PingUploadWorker, mozac_service_glean_ping_upload_worker } ]
09-02 13:10:17.820 32432 32432 D ConnectivityManager: unregisterNetworkCallback; CallingUid : 10154, CallingPid : 32432
09-02 13:10:17.821  3979  4180 D ConnectivityService: releasing NetworkRequest [ TRACK_DEFAULT id=720, [ Capabilities: INTERNET&NOT_RESTRICTED&TRUSTED&NOT_VPN] ] (CALLBACK_RELEASED)
09-02 13:10:17.822  3979  4180 D ConnectivityService:  Removing from current network NetworkAgentInfo [WIFI () - 502], leaving 18 requests.
09-02 13:10:17.822  3979  4180 D ConnectivityService: sending notification RELEASED for NetworkRequest [ TRACK_DEFAULT id=720, [ Capabilities: INTERNET&NOT_RESTRICTED&TRUSTED&NOT_VPN] ]
09-02 13:10:17.851  3614  3927 D DnsProxyListener: DNSDBG::dns addrinfo af 2
09-02 13:10:17.852  3614  3927 I chatty  : uid=0(root) /system/bin/netd identical 1 line
09-02 13:10:17.852  3614  3927 D DnsProxyListener: DNSDBG::dns addrinfo af 2
09-02 13:10:17.853 32432 32432 I GeckoSession: handleMessage GeckoView:PageStart uri=
09-02 13:10:17.869  3462  3462 I SurfaceFlinger: Display 0 HWC layers:
09-02 13:10:17.869  3462  3462 I SurfaceFlinger:     type    |    handle    | flag |  format   |   source crop (l,t,r,b)    |         frame       | name 
09-02 13:10:17.869  3462  3462 I SurfaceFlinger: ------------+--------------+------+-----------+----------------------------+---------------------+------
09-02 13:10:17.869  3462  3462 I SurfaceFlinger:      Device | 0x7ac4c24d80 | 0000 | RGBx_8888 |   0.0    0.0  720.0 1140.0 |    0  140  720 1280 | SurfaceView - org.mozilla.firefox/org.mozilla.fenix.HomeActivity@9660408@0#0
09-02 13:10:17.869  3462  3462 I SurfaceFlinger:      Device | 0x7abe64bf80 | 0000 | RGBA_8888 |   0.0    0.0  720.0 1280.0 |    0    0  720 1280 | org.mozilla.firefox/org.mozilla.fenix.HomeActivity#0
09-02 13:10:17.869  3462  3462 I SurfaceFlinger:      Device | 0x7abe64b980 | 0000 | RGBA_8888 |   0.0    0.0  720.0   42.0 |    0    0  720   42 | StatusBar#0
09-02 13:10:17.869  3462  3462 I SurfaceFlinger: 
09-02 13:10:17.873  3614  3927 D DnsProxyListener: DNSDBG::dns addrinfo af 2
09-02 13:10:17.876  3979  4111 D MdnieScenarioControlService:  packageName : org.mozilla.firefox    className : org.mozilla.fenix.HomeActivity
09-02 13:10:17.876  3979  4111 V MdnieScenarioControlService: setUIMode from UI function(3)
09-02 13:10:17.890 32432 32432 I zygote64: Deoptimizing java.lang.Object mozilla.components.support.ktx.kotlinx.coroutines.flow.FlowKt$filterChanged$1.invokeSuspend(java.lang.Object) due to JIT inline cache
09-02 13:10:17.893  3614  3927 D DnsProxyListener: DNSDBG::dns addrinfo af 2
09-02 13:10:17.897  3614  3927 D DnsProxyListener: DNSDBG::dns addrinfo af 2
09-02 13:10:17.909 32432 32461 D GeckoIdleService: Registering Idle observer callback
09-02 13:10:17.909 32432 32461 D GeckoIdleService: Register idle observer 0x7c28cf3c40 for 180 seconds
09-02 13:10:17.909 32432 32461 D GeckoIdleService: Register: adjusting next switch from -1 to 180 seconds
09-02 13:10:17.909 32432 32461 D GeckoIdleService: next timeout 180000 msec from now
09-02 13:10:17.909 32432 32461 D GeckoIdleService: SetTimerExpiryIfBefore: next timeout 180000 msec from now
09-02 13:10:17.909 32432 32461 D GeckoIdleService: reset timer expiry to 180010 msec from now
09-02 13:10:17.913 32432 32461 D GeckoIdleService: Register idle observer 0x7c13dfd768 for 5 seconds
09-02 13:10:17.913 32432 32461 D GeckoIdleService: Register: adjusting next switch from 180 to 5 seconds
09-02 13:10:17.913 32432 32461 D GeckoIdleService: next timeout 4996 msec from now
09-02 13:10:17.913 32432 32461 D GeckoIdleService: SetTimerExpiryIfBefore: next timeout 4996 msec from now
09-02 13:10:17.913 32432 32461 D GeckoIdleService: reset timer expiry to 5006 msec from now
09-02 13:10:17.918  3614  3927 D DnsProxyListener: DNSDBG::dns addrinfo af 2
09-02 13:10:17.931  3614  3927 D DnsProxyListener: DNSDBG::dns addrinfo af 2
09-02 13:10:18.059 32432 32432 I zygote64: Deoptimizing int mozilla.components.browser.state.state.TabSessionState.hashCode() due to JIT inline cache
09-02 13:10:18.130 32432 32432 I zygote64: Deoptimizing kotlin.coroutines.CoroutineContext kotlinx.coroutines.CoroutineContextKt.newCoroutineContext(kotlinx.coroutines.CoroutineScope, kotlin.coroutines.CoroutineContext) due to JIT inline cache
09-02 13:10:18.211  3979  3979 D PreBindingService: handleMessage : 1
09-02 13:10:18.303  3979  3979 D PreBindingService: handleMessage : 1
09-02 13:10:18.357 32432 32437 I zygote64: Do partial code cache collection, code=506KB, data=268KB
09-02 13:10:18.358 32432 32437 I zygote64: After code cache collection, code=497KB, data=265KB
09-02 13:10:18.358 32432 32437 I zygote64: Increasing code cache capacity to 2MB
09-02 13:10:18.460  3614  3927 D DnsProxyListener: DNSDBG::dns addrinfo af 2
09-02 13:10:18.560  3614  3927 D DnsProxyListener: DNSDBG::dns addrinfo af 2
09-02 13:10:18.960 32432 32432 V InputMethodManager: Starting input: tba=android.view.inputmethod.EditorInfo@8a22ddc nm : org.mozilla.firefox ic=org.mozilla.geckoview.GeckoInputConnection@b2ebee5
09-02 13:10:18.963 32432 32432 I InputMethodManager: startInputInner - mService.startInputOrWindowGainedFocus
09-02 13:10:18.964  3979  5983 D InputMethodManagerService: startInputOrWindowGainedFocus : startInput 
09-02 13:10:18.965  3979  5983 D InputMethodManagerService: setCurrentInputInfo - inputContext : com.android.internal.view.IInputContext$Stub$Proxy@7bb1d83 eidtorInfo : android.view.inputmethod.EditorInfo@3fbab00 missingMethods : 0
09-02 13:10:18.965  4336  4336 I InputMethodWrapper:  call dispatchStartInputWithToken
09-02 13:10:18.965  4336  4336 I InputMethodService: dispatchStartInputWithToken
09-02 13:10:18.965  4336  4336 I SKBD    : SamsungKeypad [IMI] onStartInput - caller pid : 32432, caller uid : 10154
09-02 13:10:18.966  4336  4336 I SKBD    : SamsungKeypad  CACHEDIC onStartInput  isCachedICEnabled:  false
09-02 13:10:18.966  4336  4336 I SKBD    : atl getDefaultInputRange : UNKNOWN
09-02 13:10:18.966  4336  4336 I SKBD    : awo resetBinderManager()
09-02 13:10:18.966  4336  4336 I SKBD_SYNC: SamsungKeypad onStartInput: import DLM
09-02 13:10:18.966  4336  4336 I SKBD    : atl setPrivateImeOptionsToTable privateImeOptions ( null )
09-02 13:10:18.966  4336  4336 I SKBD    : atl imeOptions is null
09-02 13:10:18.966  4336  4336 I SKBD    : SamsungKeypad [PF_OP][onStartInput] 724038
09-02 13:10:19.038 32432 32432 I zygote64: Deoptimizing void kotlinx.coroutines.AbstractCoroutine.<init>(kotlin.coroutines.CoroutineContext, boolean) due to JIT inline cache
09-02 13:10:19.039 32432 32432 I zygote64: Deoptimizing kotlin.coroutines.CoroutineContext kotlin.coroutines.CoroutineContext$Element$DefaultImpls.plus(kotlin.coroutines.CoroutineContext$Element, kotlin.coroutines.CoroutineContext) due to JIT inline cache
09-02 13:10:19.040 32432 32486 I zygote64: Deoptimizing void kotlinx.coroutines.DispatchedTask.run() due to JIT inline cache
09-02 13:10:19.041 32432 32486 I zygote64: Deoptimizing void kotlinx.coroutines.JobSupport.initParentJob(kotlinx.coroutines.Job) due to JIT inline cache
09-02 13:10:19.068 32432 32432 I zygote64: Deoptimizing java.lang.Object mozilla.components.support.ktx.kotlinx.coroutines.flow.FlowKt$ifAnyChanged$$inlined$filter$1$2.emit(java.lang.Object, kotlin.coroutines.Continuation) due to JIT inline cache
09-02 13:10:19.105 32432 32732 I zygote64: Deoptimizing boolean kotlin.sequences.FlatteningSequence$iterator$1.ensureItemIterator() due to JIT inline cache
09-02 13:10:19.118 32432 32732 I zygote64: Deoptimizing int kotlin.collections.CollectionsKt__IteratorsJVMKt.collectionSizeOrDefault(java.lang.Iterable, int) due to JIT inline cache
09-02 13:10:19.137 32432 32732 I zygote64: Deoptimizing void kotlinx.coroutines.CancellableContinuationImpl.dispatchResume(int) due to JIT inline cache
09-02 13:10:19.447  3614  3927 D DnsProxyListener: DNSDBG::dns addrinfo af 2
09-02 13:10:19.447  3614  3927 I chatty  : uid=0(root) /system/bin/netd identical 1 line
09-02 13:10:19.448  3614  3927 D DnsProxyListener: DNSDBG::dns addrinfo af 2
09-02 13:10:19.459 32432 32432 I GeckoSession: handleMessage GeckoView:PageStop uri=null
09-02 13:10:19.469  3614  3927 D DnsProxyListener: DNSDBG::dns addrinfo af 2
09-02 13:10:19.470 32432 32479 I SessionStorage/AutoSave: Save: Load finished
09-02 13:10:19.486  3614  3927 D DnsProxyListener: DNSDBG::dns addrinfo af 2
09-02 13:10:19.503  3614  3927 I chatty  : uid=0(root) /system/bin/netd identical 4 lines
09-02 13:10:19.506  3614  3927 D DnsProxyListener: DNSDBG::dns addrinfo af 2
09-02 13:10:19.511 32432 32432 W GeckoSession: No history entries found.
09-02 13:10:19.512  3614  3927 D DnsProxyListener: DNSDBG::dns addrinfo af 2
09-02 13:10:19.533  3614  3927 I chatty  : uid=0(root) /system/bin/netd identical 5 lines
09-02 13:10:19.535  3614  3927 D DnsProxyListener: DNSDBG::dns addrinfo af 2
09-02 13:10:19.912  3449  3449 I android.hardware.wifi@1.0-service: getLinkLayerStats
09-02 13:10:20.015  3979  4051 D SensorService: [SO] 0.120 -0.397 9.855
09-02 13:10:20.184  4349  4349 D KeyguardUpdateMonitor: handleStatusBarState( false )
09-02 13:10:20.228  4962  4962 D io_stats: !@ 179,0 r 607954 18415168 w 398317 8540440 d 42156 19394560 f 108666 111101 iot 497484 418326 th 51200 0 0 pt 0 inp 0 0 43553.472
09-02 13:10:20.598 14031 14031 E adbd    : recv: OPEN 0001e7bc 00000000 0076:73 68 65 6C 6C 2C 76 32 2C 54 45 52 4D 3D 78 74 65 72 6D 2D 32 35 36 63 6F 6C 6F 72 2C 72 61 77 3A 64 75 6D 70 73 79 73 20 61 63 74 69 76 69 74 79 20 72 65 63 65 6E 74 73 20 7C 20 67 72 65 70 20 22 52 65 63 65 6E 74 20 23 30 22 20 7C 20 63 75 74 20 2D 64 20 22 3D 22 20 2D 66 32 20 7C 20 67 72 65 70 20 2D 6F 20 2D 70 20 22 5B 61 2D 7A 7C 2E 5D 2A 22 00 
09-02 13:10:20.598 14031 14031 E adbd    : service_to_fd: shell,v2,TERM=xterm-256color,raw:dumpsys activity recents | grep "Recent #0" | cut -d "=" -f2 | grep -o -p "[a-z|.]*"
09-02 13:10:20.698 14031 14031 E adbd    : recv: OPEN 0001e7bf 00000000 0042:73 68 65 6C 6C 2C 76 32 2C 54 45 52 4D 3D 78 74 65 72 6D 2D 32 35 36 63 6F 6C 6F 72 2C 72 61 77 3A 67 65 74 70 72 6F 70 20 72 6F 2E 62 75 69 6C 64 2E 76 65 72 73 69 6F 6E 2E 72 65 6C 65 61 73 65 00 
09-02 13:10:20.698 14031 14031 E adbd    : service_to_fd: shell,v2,TERM=xterm-256color,raw:getprop ro.build.version.release
09-02 13:10:20.775 14031 14031 E adbd    : recv: OPEN 0001e7c2 00000000 003e:73 68 65 6C 6C 2C 76 32 2C 54 45 52 4D 3D 78 74 65 72 6D 2D 32 35 36 63 6F 6C 6F 72 2C 72 61 77 3A 67 65 74 70 72 6F 70 20 72 6F 2E 62 75 69 6C 64 2E 76 65 72 73 69 6F 6E 2E 73 64 6B 00 
09-02 13:10:20.775 14031 14031 E adbd    : service_to_fd: shell,v2,TERM=xterm-256color,raw:getprop ro.build.version.sdk
09-02 13:10:20.878 14031 14031 E adbd    : recv: OPEN 0001e7c5 00000000 0034:73 68 65 6C 6C 2C 76 32 2C 54 45 52 4D 3D 78 74 65 72 6D 2D 32 35 36 63 6F 6C 6F 72 2C 72 61 77 3A 69 6E 70 75 74 20 74 61 70 20 35 35 30 20 31 35 30 30 00 
09-02 13:10:20.879 14031 14031 E adbd    : service_to_fd: shell,v2,TERM=xterm-256color,raw:input tap 550 1500
09-02 13:10:21.360 32764 32764 W ADebug  : Failed to get property persist.sys.media.traces
09-02 13:10:21.364 32764 32764 E appproc : Enhanced Zygote ASLR: ro.knox.enhance.zygote.aslr != 1. Enhanced Zygote ASLR is DISABLED!
09-02 13:10:21.364 32764 32764 D AndroidRuntime: >>>>>> START com.android.internal.os.RuntimeInit uid 2000 <<<<<<
09-02 13:10:21.367 32764 32764 D SecNativeFeatureCppIf: encoded
09-02 13:10:21.367 32764 32764 D SecNativeFeatureCppIf: decoding and unzip finish
09-02 13:10:21.367 32764 32764 D SecNativeFeatureCppIf: use unCompDataBuff. encoded
09-02 13:10:21.367 32764 32764 D SecNativeFeatureCppIf: Free unCompDataBuff
09-02 13:10:21.368 32764 32764 D SecNativeFeatureCppIf: encoded
09-02 13:10:21.368 32764 32764 D SecNativeFeatureCppIf: decoding and unzip finish
09-02 13:10:21.368 32764 32764 D SecNativeFeatureCppIf: use unCompDataBuff. encoded
09-02 13:10:21.368 32764 32764 D SecNativeFeatureCppIf: Free unCompDataBuff
09-02 13:10:21.368 32764 32764 D SecNativeFeatureCppIf: encoded
09-02 13:10:21.368 32764 32764 D SecNativeFeatureCppIf: decoding and unzip finish
09-02 13:10:21.368 32764 32764 D SecNativeFeatureCppIf: use unCompDataBuff. encoded
09-02 13:10:21.368 32764 32764 D SecNativeFeatureCppIf: Free unCompDataBuff
09-02 13:10:21.368 32764 32764 D SecNativeFeatureCppIf: encoded
09-02 13:10:21.368 32764 32764 D SecNativeFeatureCppIf: decoding and unzip finish
09-02 13:10:21.368 32764 32764 D SecNativeFeatureCppIf: use unCompDataBuff. encoded
09-02 13:10:21.368 32764 32764 D SecNativeFeatureCppIf: Free unCompDataBuff
09-02 13:10:21.478 32764 32764 D ICU     : Timezone override file found: /data/misc/zoneinfo/current/icu/icu_tzdata.dat
09-02 13:10:21.493 32764 32764 I app_process: find the special shared library, skip check
09-02 13:10:21.523 32764 32764 D SemCscFeature: Encoded
09-02 13:10:21.525 32764 32764 I chatty  : uid=2000(shell) identical 2 lines
09-02 13:10:21.527 32764 32764 D SemCscFeature: Encoded
09-02 13:10:21.528 32764 32764 E SemAffinityControl: SemAffinityControl: registerfunction enter
09-02 13:10:21.534 32764 32764 D AndroidRuntime: Calling main entry com.android.commands.input.Input
09-02 13:10:21.540 32764 32764 I Input   : injectMotionEvent: MotionEvent { action=ACTION_DOWN, actionButton=0, id[0]=0, x[0]=550.0, y[0]=1500.0, toolType[0]=TOOL_TYPE_UNKNOWN, buttonState=0, metaState=0, flags=0x0, edgeFlags=0x0, pointerCount=1, historySize=0, eventTime=43554780, downTime=43554780, deviceId=3, source=0x1002 }
09-02 13:10:21.541  3979  3990 D InputDispatcher: Inject motion (32764): action=0x0, eventTime=43554780000000, displayId=0
09-02 13:10:21.541  3979  4081 I InputDispatcher: Dropping event because there is no touchable window at (550, 1500).
09-02 13:10:21.541  3979  3990 W InputManager: Input event injection from pid 32764 failed.
09-02 13:10:21.542 32764 32764 I Input   : injectMotionEvent: MotionEvent { action=ACTION_UP, actionButton=0, id[0]=0, x[0]=550.0, y[0]=1500.0, toolType[0]=TOOL_TYPE_UNKNOWN, buttonState=0, metaState=0, flags=0x0, edgeFlags=0x0, pointerCount=1, historySize=0, eventTime=43554780, downTime=43554780, deviceId=3, source=0x1002 }
09-02 13:10:21.542  3979  3990 D InputDispatcher: Inject motion (32764): action=0x1, eventTime=43554780000000, displayId=0
09-02 13:10:21.543  3979  3990 W InputManager: Input event injection from pid 32764 failed.
09-02 13:10:21.543 32764 32764 D AndroidRuntime: Shutting down VM
09-02 13:10:21.638 14031 14031 E adbd    : recv: OPEN 0001e7c8 00000000 0042:73 68 65 6C 6C 2C 76 32 2C 54 45 52 4D 3D 78 74 65 72 6D 2D 32 35 36 63 6F 6C 6F 72 2C 72 61 77 3A 67 65 74 70 72 6F 70 20 72 6F 2E 62 75 69 6C 64 2E 76 65 72 73 69 6F 6E 2E 72 65 6C 65 61 73 65 00 
09-02 13:10:21.638 14031 14031 E adbd    : service_to_fd: shell,v2,TERM=xterm-256color,raw:getprop ro.build.version.release
09-02 13:10:21.726 14031 14031 E adbd    : recv: OPEN 0001e7cb 00000000 003e:73 68 65 6C 6C 2C 76 32 2C 54 45 52 4D 3D 78 74 65 72 6D 2D 32 35 36 63 6F 6C 6F 72 2C 72 61 77 3A 67 65 74 70 72 6F 70 20 72 6F 2E 62 75 69 6C 64 2E 76 65 72 73 69 6F 6E 2E 73 64 6B 00 
09-02 13:10:21.726 14031 14031 E adbd    : service_to_fd: shell,v2,TERM=xterm-256color,raw:getprop ro.build.version.sdk
09-02 13:10:21.796 14031 14031 E adbd    : recv: OPEN 0001e7ce 00000000 0102:73 68 65 6C 6C 2C 76 32 2C 54 45 52 4D 3D 78 74 65 72 6D 2D 32 35 36 63 6F 6C 6F 72 2C 72 61 77 3A 61 6D 20 73 74 61 72 74 2D 66 6F 72 65 67 72 6F 75 6E 64 2D 73 65 72 76 69 63 65 20 2D 6E 20 22 63 6F 6D 2E 65 78 61 6D 70 6C 65 2E 62 61 74 74 65 72 79 6D 61 6E 61 67 65 72 5F 75 74 69 6C 69 74 79 2F 63 6F 6D 2E 65 78 61 6D 70 6C 65 2E 62 61 74 74 65 72 79 6D 61 6E 61 67 65 72 5F 75 74 69 6C 69 74 79 2E 44 61 74 61 43 6F 6C 6C 65 63 74 69 6F 6E 53 65 72 76 69 63 65 22 20 2D 2D 65 69 20 73 61 6D 70 6C 65 52 61 74 65 20 31 30 30 20 2D 2D 65 73 20 22 64 61 74 61 46 69 65 6C 64 73 22 20 22 42 41 54 54 45 52 59 5F 50 52 4F 50 45 52 54 59 5F 43 55 52 52 45 4E 54 5F 4E 4F 57 2C 45 58 54 52 41 5F 56 4F 4C 54 41 47 45 22 20 2D 2D 65 7A 20 74 6F 43 53 56 20 66 61 6C 73 65 00 
09-02 13:10:21.796 14031 14031 E adbd    : service_to_fd: shell,v2,TERM=xterm-256color,raw:am start-foreground-service -n "com.example.batterymanager_utility/com.example.batterymanager_utility.DataCollectionService" --ei sampleRate 100 --es "dataFields" "BATTERY_PROPERTY_CURRENT_NOW,EXTRA_VOLTAGE" --ez toCSV false
09-02 13:10:21.877 32393 32393 I BatteryMgr:DataCollectionService: onStartCommand: begin
09-02 13:10:21.878 32393 32393 I BatteryMgr:DataCollectionService: onStartCommand: sampleRate => 100
09-02 13:10:21.878 32393 32393 I BatteryMgr:DataCollectionService: onStartCommand: rawFields => Timestamp,BATTERY_PROPERTY_CURRENT_NOW,EXTRA_VOLTAGE
09-02 13:10:21.880 32393 32393 I BatteryMgr:DataCollectionService: onStartCommand: notification done
09-02 13:10:21.883 32393 32393 D Notification: allPendingIntents
09-02 13:10:21.884 32393 32393 I BatteryMgr:DataCollectionService: started foreground
09-02 13:10:21.886  3979  3995 D ApplicationPolicy: isStatusBarNotificationAllowedAsUser: packageName = android,userId = 0
09-02 13:10:21.887  3979  3995 D API test: getContainerInfo: value is 
09-02 13:10:21.887  3979  3995 D ApplicationPolicy: isStatusBarNotificationAllowedAsUser: packageName = android,userId = 0
09-02 13:10:21.887  3979  3995 D API test: getContainerInfo: value is 
09-02 13:10:21.888  3979  3995 D ApplicationPolicy: isStatusBarNotificationAllowedAsUser: packageName = com.example.batterymanager_utility,userId = 0
09-02 13:10:21.888  3979  3995 D API test: getContainerInfo: value is 
09-02 13:10:21.888  3979  3995 D ApplicationPolicy: isStatusBarNotificationAllowedAsUser: packageName = com.example.batterymanager_utility,userId = 0
09-02 13:10:21.888  3979  3995 D API test: getContainerInfo: value is 
09-02 13:10:21.891  3979  3979 D AudioService: getStreamVolume 5 index 110
09-02 13:10:21.894  3979  5976 D Notification: allPendingIntents
09-02 13:10:21.895  3979  3990 D Notification: allPendingIntents
09-02 13:10:21.896  4349  4349 D StatusBar: addNotification key=0|android|40|null|1000 fullscreen:false
09-02 13:10:21.897  3979  3979 I AccessibilityManagerService: semOnLightNotification(null), bIsFlashOn : false
09-02 13:10:21.897  3979  3979 D AccessibilityManagerService: Can't use light notification
09-02 13:10:21.898  3979  3979 D AudioService: getStreamVolume 5 index 110
09-02 13:10:21.901  3979  3990 D Notification: allPendingIntents
09-02 13:10:21.902  3979  5976 D Notification: allPendingIntents
09-02 13:10:21.903 32393   316 I BatteryMgr:DataCollectionService: collectData: begin
09-02 13:10:21.906  4349  4349 D StatusBar: addNotification key=0|com.example.batterymanager_utility|1|null|10157 fullscreen:false
09-02 13:10:21.910 32393   316 I BatteryMgr:DataCollectionService: stats => 1693653021910,146,4311
09-02 13:10:21.917 14031 14031 E adbd    : recv: OPEN 0001e7d1 00000000 0042:73 68 65 6C 6C 2C 76 32 2C 54 45 52 4D 3D 78 74 65 72 6D 2D 32 35 36 63 6F 6C 6F 72 2C 72 61 77 3A 67 65 74 70 72 6F 70 20 72 6F 2E 62 75 69 6C 64 2E 76 65 72 73 69 6F 6E 2E 72 65 6C 65 61 73 65 00 
09-02 13:10:21.917 14031 14031 E adbd    : service_to_fd: shell,v2,TERM=xterm-256color,raw:getprop ro.build.version.release
09-02 13:10:22.007 14031 14031 E adbd    : recv: OPEN 0001e7d4 00000000 003e:73 68 65 6C 6C 2C 76 32 2C 54 45 52 4D 3D 78 74 65 72 6D 2D 32 35 36 63 6F 6C 6F 72 2C 72 61 77 3A 67 65 74 70 72 6F 70 20 72 6F 2E 62 75 69 6C 64 2E 76 65 72 73 69 6F 6E 2E 73 64 6B 00 
09-02 13:10:22.008 14031 14031 E adbd    : service_to_fd: shell,v2,TERM=xterm-256color,raw:getprop ro.build.version.sdk
09-02 13:10:22.017 32393   316 I BatteryMgr:DataCollectionService: stats => 1693653022017,146,4311
09-02 13:10:22.039 32432 32432 I zygote64: Deoptimizing void kotlinx.coroutines.internal.DispatchedContinuationKt.resumeCancellableWith(kotlin.coroutines.Continuation, java.lang.Object, kotlin.jvm.functions.Function1) due to JIT same target
09-02 13:10:22.055 32432 32432 I glean/Glean: Registering pings for org.mozilla.fenix.GleanMetrics.Pings
09-02 13:10:22.055  4349  4349 D KeyguardUpdateMonitor: handleStatusBarState( false )
09-02 13:10:22.062 32432 32486 I FenixApplication: Running post-visual completeness tasks...
09-02 13:10:22.062 32432 32486 I FenixApplication: Storage initialization...
09-02 13:10:22.062 32432 32486 I PlacesHistoryStorage: Warming up places storage...
09-02 13:10:22.062 32432 32486 I PlacesHistoryStorage: 'Warming up places storage' took 0 ms
09-02 13:10:22.062 32432 32486 I PlacesBookmarksStorage: Warming up places storage...
09-02 13:10:22.062 32432 32486 I PlacesBookmarksStorage: 'Warming up places storage' took 0 ms
09-02 13:10:22.063 32432 32486 I SyncableLoginsStorage: Warming up storage...
09-02 13:10:22.063 32432 32486 I SyncableLoginsStorage: 'Warming up storage' took 0 ms
09-02 13:10:22.063 32432 32486 I AutofillCCAddressesStorage: Warming up storage...
09-02 13:10:22.064 32432 32486 I AutofillCCAddressesStorage: 'Warming up storage' took 0 ms
09-02 13:10:22.071  3979 10236 D ConnectivityService: filterNetworkStateForUid() uid: 10154 networkInfo: [type: WIFI[] - WIFI, state: CONNECTED/CONNECTED, reason: (unspecified), extra: "WiFi 69", failover: false, available: true, roaming: false, metered: false]
09-02 13:10:22.074 32432 32432 I ColdStartupDuration: COLD VIEW Application.<init> to first frame: 1426 ms
09-02 13:10:22.075 32432 32432 I FenixApplication: Kicking-off account manager...
09-02 13:10:22.075 32432 32432 I FenixApplication: 'Kicking-off account manager' took 0 ms
09-02 13:10:22.082 14031 14031 E adbd    : recv: OPEN 0001e7d7 00000000 0029:73 68 65 6C 6C 2C 76 32 2C 54 45 52 4D 3D 78 74 65 72 6D 2D 32 35 36 63 6F 6C 6F 72 2C 72 61 77 3A 64 61 74 65 20 2D 75 00 
09-02 13:10:22.082 14031 14031 E adbd    : service_to_fd: shell,v2,TERM=xterm-256color,raw:date -u
09-02 13:10:22.124 32393   316 I BatteryMgr:DataCollectionService: stats => 1693653022123,146,4311
09-02 13:10:22.153 14031 14031 E adbd    : recv: OPEN 0001e7da 00000000 003e:73 68 65 6C 6C 2C 76 32 2C 54 45 52 4D 3D 78 74 65 72 6D 2D 32 35 36 63 6F 6C 6F 72 2C 72 61 77 3A 64 75 6D 70 73 79 73 20 63 70 75 69 6E 66 6F 20 7C 20 67 72 65 70 20 54 4F 54 41 4C 00 
09-02 13:10:22.153 14031 14031 E adbd    : service_to_fd: shell,v2,TERM=xterm-256color,raw:dumpsys cpuinfo | grep TOTAL
09-02 13:10:22.228 32393   316 I BatteryMgr:DataCollectionService: stats => 1693653022228,146,4311
09-02 13:10:22.233 14031 14031 E adbd    : recv: OPEN 0001e7dd 00000000 003d:73 68 65 6C 6C 2C 76 32 2C 54 45 52 4D 3D 78 74 65 72 6D 2D 32 35 36 63 6F 6C 6F 72 2C 72 61 77 3A 64 75 6D 70 73 79 73 20 6D 65 6D 69 6E 66 6F 20 7C 20 67 72 65 70 20 55 73 65 64 00 
09-02 13:10:22.233 14031 14031 E adbd    : service_to_fd: shell,v2,TERM=xterm-256color,raw:dumpsys meminfo | grep Used
09-02 13:10:22.248 32432 32486 I FenixApplication: 'Storage initialization' took 185 ms
09-02 13:10:22.333 32393   316 I BatteryMgr:DataCollectionService: stats => 1693653022333,146,4311
09-02 13:10:22.438 32393   316 I BatteryMgr:DataCollectionService: stats => 1693653022438,146,4311
09-02 13:10:22.549 32393   316 I BatteryMgr:DataCollectionService: stats => 1693653022549,146,4311
09-02 13:10:22.661 32393   316 I BatteryMgr:DataCollectionService: stats => 1693653022660,146,4311
09-02 13:10:22.771 32393   316 I BatteryMgr:DataCollectionService: stats => 1693653022771,146,4311
09-02 13:10:22.882 32393   316 I BatteryMgr:DataCollectionService: stats => 1693653022882,146,4311
09-02 13:10:22.917  3449  3449 I android.hardware.wifi@1.0-service: getLinkLayerStats
09-02 13:10:22.919 32432 32461 D GeckoIdleService: Get idle time: time since reset 5009 msec
09-02 13:10:22.919 32432 32461 D GeckoIdleService: Idle timer callback: current idle time 5009 msec
09-02 13:10:22.919 32432 32461 D GeckoIdleService: next timeout 174990 msec from now
09-02 13:10:22.919 32432 32461 D GeckoIdleService: SetTimerExpiryIfBefore: next timeout 174990 msec from now
09-02 13:10:22.919 32432 32461 D GeckoIdleService: reset timer expiry to 175000 msec from now
09-02 13:10:22.919 32432 32461 D GeckoIdleService: Idle timer callback: tell observer 0x7c13dfd768 user is idle
09-02 13:10:22.988 32393   316 I BatteryMgr:DataCollectionService: stats => 1693653022988,146,4311
09-02 13:10:23.099 32393   316 I BatteryMgr:DataCollectionService: stats => 1693653023098,146,4311
09-02 13:10:23.211 32393   316 I BatteryMgr:DataCollectionService: stats => 1693653023210,146,4311
09-02 13:10:23.321 32393   316 I BatteryMgr:DataCollectionService: stats => 1693653023321,146,4311
09-02 13:10:23.390  3979  5976 D ConnectivityService: filterNetworkStateForUid() uid: 10114 networkInfo: [type: WIFI[] - WIFI, state: CONNECTED/CONNECTED, reason: (unspecified), extra: "WiFi 69", failover: false, available: true, roaming: false, metered: false]
09-02 13:10:23.432 32393   316 I BatteryMgr:DataCollectionService: stats => 1693653023432,146,4311
09-02 13:10:23.544 32393   316 I BatteryMgr:DataCollectionService: stats => 1693653023544,146,4311
09-02 13:10:23.650 32393   316 I BatteryMgr:DataCollectionService: stats => 1693653023650,146,4311
09-02 13:10:23.761 32393   316 I BatteryMgr:DataCollectionService: stats => 1693653023761,146,4311
09-02 13:10:23.872 32393   316 I BatteryMgr:DataCollectionService: stats => 1693653023872,146,4311
09-02 13:10:23.983 32393   316 I BatteryMgr:DataCollectionService: stats => 1693653023982,146,4311
09-02 13:10:24.097 32393   316 I BatteryMgr:DataCollectionService: stats => 1693653024096,146,4311
09-02 13:10:24.207 32393   316 I BatteryMgr:DataCollectionService: stats => 1693653024207,146,4311
09-02 13:10:24.318 32393   316 I BatteryMgr:DataCollectionService: stats => 1693653024317,146,4311
09-02 13:10:24.428 32393   316 I BatteryMgr:DataCollectionService: stats => 1693653024428,146,4311
09-02 13:10:24.540 32393   316 I BatteryMgr:DataCollectionService: stats => 1693653024539,146,4311
09-02 13:10:24.650 32393   316 I BatteryMgr:DataCollectionService: stats => 1693653024650,146,4311
09-02 13:10:24.762 32393   316 I BatteryMgr:DataCollectionService: stats => 1693653024761,146,4311
09-02 13:10:24.872 32393   316 I BatteryMgr:DataCollectionService: stats => 1693653024872,146,4311
09-02 13:10:24.982 32393   316 I BatteryMgr:DataCollectionService: stats => 1693653024982,146,4311
09-02 13:10:25.089 32393   316 I BatteryMgr:DataCollectionService: stats => 1693653025088,146,4311
09-02 13:10:25.199 32393   316 I BatteryMgr:DataCollectionService: stats => 1693653025198,146,4311
09-02 13:10:25.233  4962  4962 D io_stats: !@ 179,0 r 607954 18415168 w 398465 8543576 d 42161 19394676 f 108677 111112 iot 497552 418382 th 51200 0 0 pt 0 inp 0 0 43558.477
09-02 13:10:25.309 32393   316 I BatteryMgr:DataCollectionService: stats => 1693653025308,146,4311
09-02 13:10:25.419 32393   316 I BatteryMgr:DataCollectionService: stats => 1693653025419,146,4311
09-02 13:10:25.529 32393   316 I BatteryMgr:DataCollectionService: stats => 1693653025529,146,4311
09-02 13:10:25.641 32393   316 I BatteryMgr:DataCollectionService: stats => 1693653025640,146,4311
09-02 13:10:25.719 14031 14031 E adbd    : recv: OPEN 0001e7e0 00000000 0029:73 68 65 6C 6C 2C 76 32 2C 54 45 52 4D 3D 78 74 65 72 6D 2D 32 35 36 63 6F 6C 6F 72 2C 72 61 77 3A 64 61 74 65 20 2D 75 00 
09-02 13:10:25.719 14031 14031 E adbd    : service_to_fd: shell,v2,TERM=xterm-256color,raw:date -u
09-02 13:10:25.723 14031 14031 E adbd    : recv: OPEN 0001e7e3 00000000 00b9:73 68 65 6C 6C 2C 76 32 2C 54 45 52 4D 3D 78 74 65 72 6D 2D 32 35 36 63 6F 6C 6F 72 2C 72 61 77 3A 61 6D 20 73 74 61 72 74 20 2D 61 20 61 6E 64 72 6F 69 64 2E 69 6E 74 65 6E 74 2E 61 63 74 69 6F 6E 2E 56 49 45 57 20 2D 6E 20 6F 72 67 2E 6D 6F 7A 69 6C 6C 61 2E 66 69 72 65 66 6F 78 2F 6F 72 67 2E 6D 6F 7A 69 6C 6C 61 2E 67 65 63 6B 6F 2E 42 72 6F 77 73 65 72 41 70 70 20 2D 64 20 68 74 74 70 3A 2F 2F 31 39 32 2E 31 36 38 2E 38 38 2E 31 37 37 3A 38 30 30 30 2F 53 6F 63 69 61 6C 2F 6D 79 61 73 69 61 6E 74 76 2F 6D 79 61 73 69 61 6E 74 76 2E 63 78 2F 00 
09-02 13:10:25.723 14031 14031 E adbd    : service_to_fd: shell,v2,TERM=xterm-256color,raw:am start -a android.intent.action.VIEW -n org.mozilla.firefox/org.mozilla.gecko.BrowserApp -d http://192.168.88.177:8000/Social/myasiantv/myasiantv.cx/
09-02 13:10:25.748 32393   316 I BatteryMgr:DataCollectionService: stats => 1693653025748,146,4311
09-02 13:10:25.799 14031 14031 E adbd    : recv: OPEN 0001e7e6 00000000 003e:73 68 65 6C 6C 2C 76 32 2C 54 45 52 4D 3D 78 74 65 72 6D 2D 32 35 36 63 6F 6C 6F 72 2C 72 61 77 3A 64 75 6D 70 73 79 73 20 63 70 75 69 6E 66 6F 20 7C 20 67 72 65 70 20 54 4F 54 41 4C 00 
09-02 13:10:25.799 14031 14031 E adbd    : service_to_fd: shell,v2,TERM=xterm-256color,raw:dumpsys cpuinfo | grep TOTAL
09-02 13:10:25.816  3979 10236 I ActivityManager: START u0 {act=android.intent.action.VIEW typ=null flg=0x10000000 cmp=ComponentInfo{org.mozilla.firefox/org.mozilla.gecko.BrowserApp}} from uid 2000
09-02 13:10:25.817  3979 10236 D CustomFrequencyManagerService: acquireDVFSLockLocked : type : DVFS_MIN_LIMIT  frequency : 1560000  uid : 1000  pid : 3979  pkgName : AMS_ACT_START@CPU_MIN@8
09-02 13:10:25.819  3979 10236 D ActivityManagerPerformance: AMP_acquire() ACT_START
09-02 13:10:25.831 32432 32432 D InputMethodManager: HSIFW - flag : 0 Pid : 32432
09-02 13:10:25.831  3979 10236 V InputMethodManagerService: Client requesting input be hidden, flags : 0
09-02 13:10:25.831  3979 10236 V InputMethodManagerService: hideCurrentInputLocked : shouldHideSoftInput is false
09-02 13:10:25.834  3979 10236 D ActivityManager: isScaleDownAnimationEnabled() : false
09-02 13:10:25.837  3979 10236 D PersonaManagerService: Current focused persona service handled id set to : 0
09-02 13:10:25.838  3979 10236 D InputDispatcher: Focused application set to: xxxx
09-02 13:10:25.839  3979 10236 D InputDispatcher: Focus left window: 32432
09-02 13:10:25.841  3979  4238 D GameManagerService: handleForegroundChange(). pkgName: org.mozilla.firefox, clsName: org.mozilla.fenix.IntentReceiverActivity,FgActivityName:org.mozilla.firefox/org.mozilla.fenix.IntentReceiverActivity
09-02 13:10:25.841  3979  4238 D GameManagerService:   handleForegroundChange(). same package. game has never resumed yet. ignore
09-02 13:10:25.841  3979 10236 D MARsPolicyManager: onPackageResumedFG pkgName = org.mozilla.firefox, userId = 0
09-02 13:10:25.853 32393   316 I BatteryMgr:DataCollectionService: stats => 1693653025853,146,4311
09-02 13:10:25.857  3979  5976 I ActivityManager: START u0 {act=android.intent.action.VIEW typ=null flg=0x0 cmp=ComponentInfo{org.mozilla.firefox/org.mozilla.fenix.HomeActivity}} from uid 10154
09-02 13:10:25.860  3979  5976 D InputDispatcher: Focus entered window: 32432
09-02 13:10:25.866 32432 32486 I SessionStorage/AutoSave: Save: New tab selected
09-02 13:10:25.872 14031 14031 E adbd    : recv: OPEN 0001e7e9 00000000 003d:73 68 65 6C 6C 2C 76 32 2C 54 45 52 4D 3D 78 74 65 72 6D 2D 32 35 36 63 6F 6C 6F 72 2C 72 61 77 3A 64 75 6D 70 73 79 73 20 6D 65 6D 69 6E 66 6F 20 7C 20 67 72 65 70 20 55 73 65 64 00 
09-02 13:10:25.872 14031 14031 E adbd    : service_to_fd: shell,v2,TERM=xterm-256color,raw:dumpsys meminfo | grep Used
09-02 13:10:25.881 32432 32432 D ViewRootImpl@88b7945[HomeActivity]: MSG_WINDOW_FOCUS_CHANGED 0
09-02 13:10:25.887 32432 32432 I zygote64: Deoptimizing java.util.ArrayList kotlin.collections.CollectionsKt___CollectionsKt.plus(java.lang.Iterable, java.util.Collection) due to JIT inline cache
09-02 13:10:25.903 32432 32481 I zygote64: Deoptimizing kotlinx.coroutines.internal.LockFreeLinkedListNode kotlinx.coroutines.internal.LockFreeLinkedListNode.correctPrev() due to JIT inline cache
09-02 13:10:25.912  3979 10236 D ConnectivityService: filterNetworkStateForUid() uid: 10154 networkInfo: [type: WIFI[] - WIFI, state: CONNECTED/CONNECTED, reason: (unspecified), extra: "WiFi 69", failover: false, available: true, roaming: false, metered: false]
09-02 13:10:25.929 32432 32432 D InputMethodManager: HSIFW - flag : 0 Pid : 32432
09-02 13:10:25.930  3979  3990 V InputMethodManagerService: Client requesting input be hidden, flags : 0
