09-02 19:27:47.332 26434 26439 I zygote64: After code cache collection, code=213KB, data=116KB
09-02 19:27:47.357 26434 26434 W GeckoViewActivityContextDelegate: A non-activity context was set.
09-02 19:27:47.370 26434 26461 I libglean_ffi: glean_core::ping: Collecting baseline
09-02 19:27:47.379 26434 26461 I libglean_ffi: glean_core::upload::directory: Processing ping at: /data/user/0/org.mozilla.firefox/glean_data/pending_pings/37ca0693-a3f5-4380-b261-7751a54bf8a7
09-02 19:27:47.380 26434 26461 I libglean_ffi: glean_core::metrics::ping: The ping 'baseline' was submitted and will be sent as soon as possible
09-02 19:27:47.382  3614  3927 D DnsProxyListener: DNSDBG::dns addrinfo af 2
09-02 19:27:47.386  3979  5966 D ConnectivityService: filterNetworkStateForUid() uid: 10154 networkInfo: [type: WIFI[] - WIFI, state: CONNECTED/CONNECTED, reason: (unspecified), extra: "WiFi 69", failover: false, available: true, roaming: false, metered: false]
09-02 19:27:47.387  3979  5966 D ConnectivityService: filterNetworkStateForUid() uid: 10154 networkInfo: [type: WIFI[] - WIFI, state: CONNECTED/CONNECTED, reason: (unspecified), extra: "WiFi 69", failover: false, available: true, roaming: false, metered: false]
09-02 19:27:47.388  3979  5983 D ConnectivityService: filterNetworkStateForUid() uid: 10154 networkInfo: [type: WIFI[] - WIFI, state: CONNECTED/CONNECTED, reason: (unspecified), extra: "WiFi 69", failover: false, available: true, roaming: false, metered: false]
09-02 19:27:47.389 26434 26515 I zygote64: Deoptimizing void kotlin.sequences.SequencesKt___SequencesKt.toCollection(kotlin.sequences.Sequence, java.util.AbstractCollection) due to JIT inline cache
09-02 19:27:47.412 26434 26490 I StartupTypeTelemetry: Recorded start up: cold_view
09-02 19:27:47.414 26434 26434 I BgSyncManager: Periodic syncing enabled: PeriodicSyncConfig(periodMinutes=240, initialDelayMinutes=5)
09-02 19:27:47.415 26434 26434 I FirefoxAccountStateMachine: Sync is enabled
09-02 19:27:47.439 26434 26615 D OpenGLRenderer: HWUI GL Pipeline
09-02 19:27:47.445 26434 26434 D ViewRootImpl@2b3d89a[HomeActivity]: setView = DecorView@3ae55cb[HomeActivity] TM=true MM=false
09-02 19:27:47.445  3979  5966 D ActivityManager: post active user change for 0 fullscreen true isHomeActivity() false
09-02 19:27:47.450  3979  5966 D ConnectivityService: filterNetworkStateForUid() uid: 10154 networkInfo: [type: WIFI[] - WIFI, state: CONNECTED/CONNECTED, reason: (unspecified), extra: "WiFi 69", failover: false, available: true, roaming: false, metered: false]
09-02 19:27:47.452 26434 26616 I libglean_ffi: glean_core::upload: New upload task with id 535bef25-a844-4b76-9186-ba268239e140 (path: /submit/org-mozilla-firefox/events/1/535bef25-a844-4b76-9186-ba268239e140)
09-02 19:27:47.459  3614  3927 D DnsProxyListener: DNSDBG::dns addrinfo af 2
09-02 19:27:47.465  3979  5966 I chatty  : uid=1000(system) Binder:3979_11 identical 4 lines
09-02 19:27:47.466  3979  5966 D ConnectivityService: filterNetworkStateForUid() uid: 10154 networkInfo: [type: WIFI[] - WIFI, state: CONNECTED/CONNECTED, reason: (unspecified), extra: "WiFi 69", failover: false, available: true, roaming: false, metered: false]
09-02 19:27:47.470  3614  3927 I chatty  : uid=0(root) /system/bin/netd identical 1 line
09-02 19:27:47.471  3614  3927 D DnsProxyListener: DNSDBG::dns addrinfo af 2
09-02 19:27:47.471 26578 26600 I GeckoLoader: Library base=/data/app/org.mozilla.firefox-qXEeZwQeSKU-v4RxzjCTZA==/lib/arm64
09-02 19:27:47.471 26578 26600 I GeckoLoader: Library base=/data/app/org.mozilla.firefox-qXEeZwQeSKU-v4RxzjCTZA==/lib/arm64
09-02 19:27:47.472 26578 26600 E GeckoLibLoad: Load sqlite start
09-02 19:27:47.473  3614  3927 D DnsProxyListener: DNSDBG::dns addrinfo af 2
09-02 19:27:47.476  3614  3927 I chatty  : uid=0(root) /system/bin/netd identical 2 lines
09-02 19:27:47.477  3614  3927 D DnsProxyListener: DNSDBG::dns addrinfo af 2
09-02 19:27:47.478 26434 26627 I FirefoxAccountStateMachine: Processing event 'mozilla.components.service.fxa.manager.Event$Account$Start@2563db5' for state Idle(accountState=NotAuthenticated). Next state is Active(progressState=Initializing)
09-02 19:27:47.481 26434 26439 I zygote64: Do partial code cache collection, code=252KB, data=149KB
09-02 19:27:47.481 26434 26439 I zygote64: After code cache collection, code=239KB, data=145KB
09-02 19:27:47.482 26434 26439 I zygote64: Increasing code cache capacity to 1024KB
09-02 19:27:47.482 26434 26434 D ViewRootImpl@2b3d89a[HomeActivity]: dispatchAttachedToWindow
09-02 19:27:47.488 26578 26600 E GeckoLibLoad: Load sqlite done
09-02 19:27:47.488 26578 26600 I GeckoLoader: Library base=/data/app/org.mozilla.firefox-qXEeZwQeSKU-v4RxzjCTZA==/lib/arm64
09-02 19:27:47.488 26578 26600 E GeckoLibLoad: Load nss start
09-02 19:27:47.488 26578 26600 E GeckoLibLoad: Load nss done
09-02 19:27:47.488 26578 26600 I GeckoLoader: Library base=/data/app/org.mozilla.firefox-qXEeZwQeSKU-v4RxzjCTZA==/lib/arm64
09-02 19:27:47.503  3979  5966 V WindowManager: Relayout Window{173e52c u0 org.mozilla.firefox/org.mozilla.fenix.HomeActivity}: viewVisibility=0 req=719x1237 WM.LayoutParams{(0,0)(fillxfill) sim=#110 ty=1 fl=#81010100 pfl=0x20000 wanim=0x7f1404fa vsysui=0x2610 needsMenuKey=2 colorMode=0 naviIconColor=0}
09-02 19:27:47.508  3462  3462 I SurfaceFlinger: id=4180 createSurf (720x1280),1 flag=404, org.mozilla.firefox/org.mozilla.fenix.HomeActivity#0
09-02 19:27:47.509  3347  3347 W keymaster2_mdfpp: entered get_key_characteristics function.
09-02 19:27:47.510  3979  5966 V Surface : sf_framedrop debug : 0x4f4c, game : false, logging : 0
09-02 19:27:47.510 26578 26600 E GeckoLibLoad: Loaded libs in 21.665923ms total, 8ms(8ms) user, 12ms(12ms) system, 0(0) faults
09-02 19:27:47.510 26578 26600 W GeckoThread: zerdatime 120848942 - runGecko
09-02 19:27:47.510  3979  3996 D WindowManager: set systemUiVisibility : systemUiFlags= 0x2608 fullscreenStackSysUiFlags= 0x0
09-02 19:27:47.511  3347  3347 W keymaster_tee: [WRN]KEY_PARAMS: AES ENC DEC GCM PADNO AUTH SIZE:256 
09-02 19:27:47.511  3347  3347 W keymaster_tee: [WRN]KEY_PARAMS: 20230902081917 
09-02 19:27:47.511  3347  3347 W keymaster2_mdfpp: exit get_key_characteristics function, returned 0
09-02 19:27:47.516  3979  5966 D InputDispatcher: Focus entered window: 26434
09-02 19:27:47.518 26434 26434 V Surface : sf_framedrop debug : 0x4f4c, game : false, logging : 0
09-02 19:27:47.518 26434 26434 D ViewRootImpl@2b3d89a[HomeActivity]: Relayout returned: old=[0,0][0,0] new=[0,0][720,1280] result=0x7 surface={valid=true 533308047360} changed=true
09-02 19:27:47.519 26434 26615 I OpenGLRenderer: Initialized EGL, version 1.4
09-02 19:27:47.519 26434 26615 D OpenGLRenderer: Swap behavior 2
09-02 19:27:47.520  3347  3347 W keymaster2_mdfpp: entered get_key_characteristics function.
09-02 19:27:47.520  3979  5983 D WindowManager: adjustSystemUiVisibilityLw : vis= 0x2608
09-02 19:27:47.521  3347  3347 W keymaster_tee: [WRN]KEY_PARAMS: AES ENC DEC GCM PADNO AUTH SIZE:256 
09-02 19:27:47.521  3347  3347 W keymaster_tee: [WRN]KEY_PARAMS: 20230902081917 
09-02 19:27:47.521  3347  3347 W keymaster2_mdfpp: exit get_key_characteristics function, returned 0
09-02 19:27:47.523 26434 26615 D libGLESv1: STS_GLApi : DTS, ODTC are not allowed for Package : org.mozilla.firefox
09-02 19:27:47.527 26434 26615 D mali_winsys: EGLint new_window_surface(egl_winsys_display *, void *, EGLSurface, EGLConfig, egl_winsys_surface **, egl_color_buffer_format *, EGLBoolean) returns 0x3000,  [720x1280]-format:1
09-02 19:27:47.527 26434 26615 D OpenGLRenderer: eglCreateWindowSurface = 0x7c28756c40
09-02 19:27:47.541  3979  5966 I ActivityManager: Displayed org.mozilla.firefox/org.mozilla.fenix.HomeActivity: +820ms (total +1s563ms)
09-02 19:27:47.541  3979  5966 I ActivityManager: Fully drawn org.mozilla.firefox/org.mozilla.fenix.HomeActivity: +820ms (total +1s563ms)
09-02 19:27:47.543  3462  3462 I SurfaceFlinger: id=4181 createSurf (720x1238),1 flag=4, SurfaceView - org.mozilla.firefox/org.mozilla.fenix.HomeActivity@d23ccdd@0#0
09-02 19:27:47.544  3462  3462 I SurfaceFlinger: id=4182 createSurf (720x1238),-1 flag=20004, Background for - SurfaceView - org.mozilla.firefox/org.mozilla.fenix.HomeActivity@d23ccdd@0#0
09-02 19:27:47.545 26434 26434 D SurfaceView: BG hide() Surface(name=Background for - SurfaceView - org.mozilla.firefox/org.mozilla.fenix.HomeActivity@d23ccdd@0) false true org.mozilla.gecko.MagnifiableSurfaceView{d23ccdd V.E...... ......ID 0,0-720,1238}
09-02 19:27:47.546 26434 26627 I FirefoxAccount: Registering persistence callback
09-02 19:27:47.547 26434 26627 I FirefoxAccountStateMachine: Ran 'mozilla.components.service.fxa.manager.Event$Account$Start@2563db5' side-effects for state Active(progressState=Initializing), got successive event mozilla.components.service.fxa.manager.Event$Progress$AccountNotFound@ea20f23
09-02 19:27:47.547 26434 26627 I FirefoxAccountStateMachine: Processing event 'mozilla.components.service.fxa.manager.Event$Progress$AccountNotFound@ea20f23' for state Active(progressState=Initializing). Next state is Idle(accountState=NotAuthenticated)
09-02 19:27:47.548 26434 26434 V Surface : sf_framedrop debug : 0x4f4c, game : false, logging : 0
09-02 19:27:47.548 26434 26434 D SurfaceView: surfaceCreated 1 org.mozilla.gecko.MagnifiableSurfaceView{d23ccdd V.E...... ......ID 0,0-720,1238}
09-02 19:27:47.548 26434 26434 D SurfaceView: surfaceChanged (720,1238) 1 org.mozilla.gecko.MagnifiableSurfaceView{d23ccdd V.E...... ......ID 0,0-720,1238}
09-02 19:27:47.565  3979  5966 D ConnectivityService: filterNetworkStateForUid() uid: 10154 networkInfo: [type: WIFI[] - WIFI, state: CONNECTED/CONNECTED, reason: (unspecified), extra: "WiFi 69", failover: false, available: true, roaming: false, metered: false]
09-02 19:27:47.566  3979  5966 I chatty  : uid=1000(system) Binder:3979_11 identical 1 line
09-02 19:27:47.567  3979  5966 D ConnectivityService: filterNetworkStateForUid() uid: 10154 networkInfo: [type: WIFI[] - WIFI, state: CONNECTED/CONNECTED, reason: (unspecified), extra: "WiFi 69", failover: false, available: true, roaming: false, metered: false]
09-02 19:27:47.581  3979  5966 V WindowManager: Relayout Window{173e52c u0 org.mozilla.firefox/org.mozilla.fenix.HomeActivity}: viewVisibility=0 req=720x1280 WM.LayoutParams{(0,0)(fillxfill) sim=#110 ty=1 fl=#81010100 pfl=0x20000 fmt=-3 wanim=0x7f1404fa vsysui=0x2610 needsMenuKey=2 colorMode=0 naviIconColor=0}
09-02 19:27:47.586 26434 26434 D ViewRootImpl@2b3d89a[HomeActivity]: Relayout returned: old=[0,0][720,1280] new=[0,0][720,1280] result=0x3 surface={valid=true 533308047360} changed=false
09-02 19:27:47.619  3979  5966 V WindowManager: finishDrawingLocked: mDrawState=COMMIT_DRAW_PENDING Window{173e52c u0 org.mozilla.firefox/org.mozilla.fenix.HomeActivity} in Surface(name=org.mozilla.firefox/org.mozilla.fenix.HomeActivity)
09-02 19:27:47.620 26434 26434 D ViewRootImpl@2b3d89a[HomeActivity]: MSG_RESIZED_REPORT: frame=Rect(0, 0 - 720, 1280) ci=Rect(0, 42 - 0, 0) vi=Rect(0, 42 - 0, 0) or=1
09-02 19:27:47.620 26434 26434 D ViewRootImpl@2b3d89a[HomeActivity]: MSG_WINDOW_FOCUS_CHANGED 1
09-02 19:27:47.626  3979  4046 D ViewRootImpl@b9db22a[firefox]: dispatchDetachedFromWindow
09-02 19:27:47.626  3979  4046 D InputEventReceiver: channel '4e9d81b Splash Screen org.mozilla.firefox (client)' ~ Disposing input event receiver.
09-02 19:27:47.626  3979  4046 D InputEventReceiver: channel '4e9d81b Splash Screen org.mozilla.firefox (client)' ~NativeInputEventReceiver.
09-02 19:27:47.629  3979  3996 D WindowManager: set systemUiVisibility : systemUiFlags= 0x2618 fullscreenStackSysUiFlags= 0x0
09-02 19:27:47.631  3979  5983 D WindowManager: adjustSystemUiVisibilityLw : vis= 0x2618
09-02 19:27:47.636  3979  4004 D CustomFrequencyManagerService: acquireDVFSLockLocked : type : DVFS_MIN_LIMIT  frequency : 1560000  uid : 1000  pid : 3979  pkgName : AMS_RESUME_TAIL@CPU_MIN@14
09-02 19:27:47.636  3979  3996 D WindowManager: set systemUiVisibility : systemUiFlags= 0x2618 fullscreenStackSysUiFlags= 0x2000
09-02 19:27:47.636  3979  4004 D ActivityManagerPerformance: AMP_acquire() TAIL
09-02 19:27:47.637  3979  4004 D CustomFrequencyManagerService: releaseDVFSLockLocked : Getting Lock type frm List : DVFS_MIN_LIMIT  frequency : 1560000  uid : 1000  pid : 3979  tag : AMS_APP_SWITCH@CPU_MIN@23
09-02 19:27:47.637  3979  4004 D ActivityManagerPerformance: AMP_release() APP_SWITCH
09-02 19:27:47.638 26434 26434 V InputMethodManager: Starting input: tba=android.view.inputmethod.EditorInfo@9b1b637 nm : org.mozilla.firefox ic=null
09-02 19:27:47.638 26434 26434 I InputMethodManager: startInputInner - mService.startInputOrWindowGainedFocus
09-02 19:27:47.638  3979  5983 D InputMethodManagerService: startInputOrWindowGainedFocus : windowGainedFocus 
09-02 19:27:47.638  3979  5983 D InputMethodManagerService: windowGainedFocus: destinationUserId (getCallingUid) = 0
09-02 19:27:47.638  3979  5983 D InputMethodManagerService: windowGainedFocus: currentUserId=0
09-02 19:27:47.638  3979  5983 D InputMethodManagerService: windowGainedFocus: mCurrentFocusedUserId=0
09-02 19:27:47.638  3979  5983 D InputMethodManagerService: windowGainedFocus : lock - currentUserId = 0 destinationUserId = 0
09-02 19:27:47.639  3979  5983 D InputMethodManagerService: windowGainedFocus : mCurrentFocusedUserId - 0 and mSecureKeypadEnabled - false, userSwitched - false
09-02 19:27:47.639  3979  5983 V InputMethodManagerService: windowGainedFocus : reason=WINDOW_FOCUS_GAIN client=android.os.BinderProxy@a61777e inputContext=null missingMethods= attribute=android.view.inputmethod.EditorInfo@48af856 nm = org.mozilla.firefox controlFlags=#104 softInputMode=#110 windowFlags=#81010100
09-02 19:27:47.639  3979  5983 V InputMethodManagerService: hideCurrentInputLocked : shouldHideSoftInput is false
09-02 19:27:47.640  3979  5983 D InputMethodManagerService: isImeSwitcherDisabledPackage : false
09-02 19:27:47.640  3979  5983 V InputMethodManagerService: Creating new session for client ClientState{f5a20d7 uid 10154 pid 26434}
09-02 19:27:47.642  3979  5983 D InputMethodManagerService: setCurrentInputInfo - inputContext : null eidtorInfo : android.view.inputmethod.EditorInfo@48af856 missingMethods : 0
09-02 19:27:47.643  4336  4336 I InputMethodWrapper:  call dispatchStartInputWithToken
09-02 19:27:47.643  4336  4336 I InputMethodService: dispatchStartInputWithToken
09-02 19:27:47.643  4336  4336 I SKBD    : SamsungKeypad [IMI] onStartInput - caller pid : 26434, caller uid : 10154
09-02 19:27:47.648 26434 26434 I DefaultSupportedAddonsChecker: Unregister check for new supported add-ons
09-02 19:27:47.670  3462  3462 I SurfaceFlinger: Display 0 HWC layers:
09-02 19:27:47.670  3462  3462 I SurfaceFlinger:     type    |    handle    | flag |  format   |   source crop (l,t,r,b)    |         frame       | name 
09-02 19:27:47.670  3462  3462 I SurfaceFlinger: ------------+--------------+------+-----------+----------------------------+---------------------+------
09-02 19:27:47.670  3462  3462 I SurfaceFlinger:      Device | 0x7abe64bc80 | 0000 | RGBA_8888 |   0.0    0.0  720.0 1280.0 |    0    0  720 1280 | org.mozilla.firefox/org.mozilla.fenix.HomeActivity#0
09-02 19:27:47.670  3462  3462 I SurfaceFlinger:      Device | 0x7abe6aba80 | 0000 | RGBA_8888 |   0.0    0.0  720.0 1280.0 |    0    0  720 1280 | Splash Screen org.mozilla.firefox#0
09-02 19:27:47.670  3462  3462 I SurfaceFlinger:      Device | 0x7ac4c24240 | 0000 | RGBA_8888 |   0.0    0.0  720.0   42.0 |    0    0  720   42 | StatusBar#0
09-02 19:27:47.670  3462  3462 I SurfaceFlinger: 
09-02 19:27:47.697 26434 26434 D skia    : approximate: numPoints=40, lengths[39]=620.200073, totalLength=620.200073, segmentPoints[39]=[422.600037,0.000000]
09-02 19:27:47.697 26434 26434 D skia    : approximate: approximation[117]=1.000000, approximation[118]=422.600037, approximation[119]=0.000000
09-02 19:27:47.697 26434 26434 D skia    : approximate: numPoints=4, lengths[3]=3.448155, totalLength=3.448155, segmentPoints[3]=[3.000000,0.100000]
09-02 19:27:47.697 26434 26434 D skia    : approximate: approximation[9]=1.000000, approximation[10]=3.000000, approximation[11]=0.100000
09-02 19:27:47.698 26434 26434 D skia    : approximate: numPoints=37, lengths[36]=722.199951, totalLength=722.199951, segmentPoints[36]=[199.600006,0.000000]
09-02 19:27:47.698 26434 26434 D skia    : approximate: approximation[108]=1.000000, approximation[109]=199.600006, approximation[110]=0.000000
09-02 19:27:47.698 26434 26434 D skia    : approximate: numPoints=3, lengths[2]=2.472497, totalLength=2.472497, segmentPoints[2]=[2.000000,0.100000]
09-02 19:27:47.698 26434 26434 D skia    : approximate: approximation[6]=1.000000, approximation[7]=2.000000, approximation[8]=0.100000
09-02 19:27:47.704 26434 26434 V InputMethodManager: Starting input: tba=android.view.inputmethod.EditorInfo@6131dd2 nm : org.mozilla.firefox ic=null
09-02 19:27:47.704 26434 26434 I InputMethodManager: startInputInner - mService.startInputOrWindowGainedFocus
09-02 19:27:47.705  3979  5966 D InputMethodManagerService: startInputOrWindowGainedFocus : startInput 
09-02 19:27:47.705  3979  5966 D InputMethodManagerService: setCurrentInputInfo - inputContext : null eidtorInfo : android.view.inputmethod.EditorInfo@ad643e2 missingMethods : 0
09-02 19:27:47.705  4336  4336 I InputMethodWrapper:  call dispatchStartInputWithToken
09-02 19:27:47.706  4336  4336 I InputMethodService: dispatchStartInputWithToken
09-02 19:27:47.706  4336  4336 I SKBD    : SamsungKeypad [IMI] onStartInput - caller pid : 26434, caller uid : 10154
09-02 19:27:47.753 26434 26616 I libglean_ffi: glean_core::upload: Ping 535bef25-a844-4b76-9186-ba268239e140 successfully sent 200.
09-02 19:27:47.755 26434 26616 I libglean_ffi: glean_core::upload::directory: File was deleted /data/user/0/org.mozilla.firefox/glean_data/pending_pings/535bef25-a844-4b76-9186-ba268239e140
09-02 19:27:47.757 26434 26616 I libglean_ffi: glean_core::upload: New upload task with id b7f4628e-6c12-4a16-8de5-d78da979490c (path: /submit/org-mozilla-firefox/baseline/1/b7f4628e-6c12-4a16-8de5-d78da979490c)
09-02 19:27:47.799  3979  4046 I WindowManager: Destroying surface Surface(name=Splash Screen org.mozilla.firefox) called by com.android.server.wm.WindowStateAnimator.destroySurface:2501 com.android.server.wm.WindowStateAnimator.destroySurfaceLocked:985 com.android.server.wm.WindowState.destroyOrSaveSurfaceUnchecked:3671 com.android.server.wm.WindowState.destroySurface:3619 com.android.server.wm.AppWindowToken.destroySurfaces:722 com.android.server.wm.AppWindowToken.destroySurfaces:706 com.android.server.wm.WindowState.onExitAnimationDone:5333 com.android.server.wm.WindowStateAnimator.stepAnimationLocked:550 
09-02 19:27:47.799  3462  3502 I SurfaceFlinger: id=4179 Removed Splash Screen org.mozilla.firefox#0 (3/5)
09-02 19:27:47.801  3462  3462 I SurfaceFlinger: Display 0 HWC layers:
09-02 19:27:47.801  3462  3462 I SurfaceFlinger:     type    |    handle    | flag |  format   |   source crop (l,t,r,b)    |         frame       | name 
09-02 19:27:47.801  3462  3462 I SurfaceFlinger: ------------+--------------+------+-----------+----------------------------+---------------------+------
09-02 19:27:47.801  3462  3462 I SurfaceFlinger:      Device | 0x7abe64bc80 | 0000 | RGBA_8888 |   0.0    0.0  720.0 1280.0 |    0    0  720 1280 | org.mozilla.firefox/org.mozilla.fenix.HomeActivity#0
09-02 19:27:47.801  3462  3462 I SurfaceFlinger:      Device | 0x7ac4c24d80 | 0000 | RGBA_8888 |   0.0    0.0  720.0   42.0 |    0    0  720   42 | StatusBar#0
09-02 19:27:47.801  3462  3462 I SurfaceFlinger: 
09-02 19:27:47.806  3462  3501 I SurfaceFlinger: id=4179 Removed Splash Screen org.mozilla.firefox#0 (-2/5)
09-02 19:27:47.815  3462  3462 I Layer   : id=4179 onRemoved Splash Screen org.mozilla.firefox#0 
09-02 19:27:47.837  3979  5966 V WindowManager: Relayout Window{173e52c u0 org.mozilla.firefox/org.mozilla.fenix.HomeActivity}: viewVisibility=0 req=720x1280 WM.LayoutParams{(0,0)(fillxfill) sim=#10 ty=1 fl=#81010100 pfl=0x20000 fmt=-3 wanim=0x7f1404fa vsysui=0x2610 needsMenuKey=2 colorMode=0 naviIconColor=0}
09-02 19:27:47.842 26434 26434 D ViewRootImpl@2b3d89a[HomeActivity]: Relayout returned: old=[0,0][720,1280] new=[0,0][720,1280] result=0x1 surface={valid=true 533308047360} changed=false
09-02 19:27:47.875 26434 26434 W InputMethodManager: Ignoring onBind: cur seq=2679, given seq=2678
09-02 19:27:47.953 10264 10278 I FontLog : Received query Noto Color Emoji Compat, URI content://com.google.android.gms.fonts [CONTEXT service_id=132 ]
09-02 19:27:47.953 10264 10278 I FontLog : Query [emojicompat-emoji-font] resolved to {Noto Color Emoji Compat, wdth 100.0, wght 400, ital 0.0, bestEffort false} [CONTEXT service_id=132 ]
09-02 19:27:47.955 10264 10278 I FontLog : Fetch {Noto Color Emoji Compat, wdth 100.0, wght 400, ital 0.0, bestEffort false} end status Status{statusCode=SUCCESS, resolution=null} [CONTEXT service_id=132 ]
09-02 19:27:47.962 10264 10278 I FontLog : Pulling font file for id = 2001, cache size = 5 [CONTEXT service_id=132 ]
09-02 19:27:47.968 26434 26616 I libglean_ffi: glean_core::upload: Ping b7f4628e-6c12-4a16-8de5-d78da979490c successfully sent 200.
09-02 19:27:47.970 26434 26616 I libglean_ffi: glean_core::upload::directory: File was deleted /data/user/0/org.mozilla.firefox/glean_data/pending_pings/b7f4628e-6c12-4a16-8de5-d78da979490c
09-02 19:27:47.970 10264 10278 I FontLog : Pulling font file for id = 2001, cache size = 5 [CONTEXT service_id=132 ]
09-02 19:27:47.973 26434 26616 I libglean_ffi: glean_core::upload: New upload task with id 37ca0693-a3f5-4380-b261-7751a54bf8a7 (path: /submit/org-mozilla-firefox/baseline/1/37ca0693-a3f5-4380-b261-7751a54bf8a7)
09-02 19:27:47.976  3979  5983 D ConnectivityService: filterNetworkStateForUid() uid: 10025 networkInfo: [type: WIFI[] - WIFI, state: CONNECTED/CONNECTED, reason: (unspecified), extra: "WiFi 69", failover: false, available: true, roaming: false, metered: false]
09-02 19:27:47.981 26434 26434 I zygote64: Deoptimizing kotlinx.coroutines.DisposableHandle kotlinx.coroutines.JobSupport.invokeOnCompletion(boolean, boolean, kotlin.jvm.functions.Function1) due to JIT inline cache
09-02 19:27:47.988 26434 26434 I zygote64: Deoptimizing void kotlin.sequences.FilteringSequence$iterator$1.calcNext() due to JIT inline cache
09-02 19:27:47.989  3979  3979 D PreBindingService: handleMessage : 1
09-02 19:27:47.997  3979  5966 D ConnectivityService: filterNetworkStateForUid() uid: 10025 networkInfo: [type: WIFI[] - WIFI, state: CONNECTED/CONNECTED, reason: (unspecified), extra: "WiFi 69", failover: false, available: true, roaming: false, metered: false]
09-02 19:27:48.008  3979  5966 D ConnectivityService: filterNetworkStateForUid() uid: 10025 networkInfo: [type: WIFI[] - WIFI, state: CONNECTED/CONNECTED, reason: (unspecified), extra: "WiFi 69", failover: false, available: true, roaming: false, metered: false]
09-02 19:27:48.019  3979  5983 V WindowManager: rotationForOrientationLw(orient=2, last=0); user=0  sensorRotation=-1 mLidState=-1 mDockMode=0 mHdmiPlugged=false
09-02 19:27:48.021  7881  4225 E fb4a.msys: E[N data-request]_HandleDataResponse(1782)=>Data request error for task 12e57632-f0be-4c03-9b93-5a959fd77e69 (response type 1): (null)
09-02 19:27:48.022  7881  4229 E fb4a.msys: E[S task_queue_handling]MCDLightSpeedTaskExecutorNetworkCompletionCallback(1017)=>Handling send error for taskId=6 batchSize=1 queue=secure_message_over_wa_generate_cat
09-02 19:27:48.023  7881  4229 E fb4a.msys: E[S task_queue_handling]MCDLightSpeedTaskExecutorNetworkCompletionCallback(1071)=>Error content with 18 bytes: Error Domain=com.facebook.http.error Code=401 UserInfo=0xc91ebc00 {MCFErrorDirectLocalizedDescriptionKey=Client error}
09-02 19:27:48.032  7881 26332 E fb4a.T157805820: TigonMhrLogger::logRequestIfNeeded
09-02 19:27:48.032  7881 26332 E fb4a.T157805820: TigonWifiInfoLogger::init
09-02 19:27:48.032  7881 26332 E fb4a.T157805820: TigonMhrFbcLogger::logRequestIfNeeded
09-02 19:27:48.033  7881 26332 E fb4a.T157805820: TigonCellTowerInfoLogger::logRequestIfNeeded
09-02 19:27:48.033  7881 26332 E fb4a.T157805820: TigonCertificateVerificationLogger::logRequestIfNeeded
09-02 19:27:48.033  7881 26332 E fb4a.T157805820: TigonTransientAnalysisLogger::logRequestIfNeeded
09-02 19:27:48.033  7881 26332 E fb4a.T157805820: TigonProviderConnectionDeviceInfoLogger::logRequestIfNeeded
09-02 19:27:48.033  7881 26332 E fb4a.T157805820: TigonCellTowerInfoPapayaLogger::logRequestIfNeeded
09-02 19:27:48.033  7881 26332 E fb4a.T157805820: NetworkUtilisationLogger::logRequestIfNeeded
09-02 19:27:48.038 26434 26434 I zygote64: Deoptimizing kotlinx.coroutines.internal.LockFreeLinkedListNode kotlinx.coroutines.internal.LockFreeLinkedListNode.correctPrev() due to JIT inline cache
09-02 19:27:48.051  3979  5983 V WindowManager: Relayout Window{173e52c u0 org.mozilla.firefox/org.mozilla.fenix.HomeActivity}: viewVisibility=0 req=720x1280 WM.LayoutParams{(0,0)(fillxfill) sim=#10 ty=1 fl=#81010100 pfl=0x20000 fmt=-3 wanim=0x7f1404fa vsysui=0x2610 needsMenuKey=2 colorMode=0 naviIconColor=0}
09-02 19:27:48.056 26434 26434 D ViewRootImpl@2b3d89a[HomeActivity]: Relayout returned: old=[0,0][720,1280] new=[0,0][720,1280] result=0x1 surface={valid=true 533308047360} changed=false
09-02 19:27:48.068 26434 26434 I WebExtension: releasePendingMessages: extension=fxa@mozac.org nativeApp=mozacWebchannelBackground session=null
09-02 19:27:48.096 26434 26439 I zygote64: Do full code cache collection, code=502KB, data=301KB
09-02 19:27:48.097 26434 26439 I zygote64: After code cache collection, code=394KB, data=197KB
09-02 19:27:48.134 26434 26434 I WebExtension: releasePendingMessages: extension=fxa@mozac.org nativeApp=mozacWebchannel session=org.mozilla.geckoview.GeckoSession@c24cbe0
09-02 19:27:48.138 26434 26434 I WebExtension: releasePendingMessages: extension=icons@mozac.org nativeApp=MozacBrowserIcons session=org.mozilla.geckoview.GeckoSession@c24cbe0
09-02 19:27:48.140 26434 26434 I WebExtension: releasePendingMessages: extension=cookies@mozac.org nativeApp=MozacBrowserSearchMessage session=org.mozilla.geckoview.GeckoSession@c24cbe0
09-02 19:27:48.141 26434 26434 I WebExtension: releasePendingMessages: extension=ads@mozac.org nativeApp=MozacBrowserAdsMessage session=org.mozilla.geckoview.GeckoSession@c24cbe0
09-02 19:27:48.152 26434 26462 W ResourceType: Too many attribute references, stopped at: 0x01010099
09-02 19:27:48.161 26434 26434 I WebExtension: releasePendingMessages: extension=readerview@mozac.org nativeApp=mozacReaderviewActive session=org.mozilla.geckoview.GeckoSession@c24cbe0
09-02 19:27:48.161 26434 26434 I WebExtension: releasePendingMessages: extension=readerview@mozac.org nativeApp=mozacReaderview session=org.mozilla.geckoview.GeckoSession@c24cbe0
09-02 19:27:48.167 26434 26434 I SessionPrioritizationMiddleware: Update the currentSelectedTab 8daf0e3e-ca9c-41a9-a8a5-5711155f678a priority to HIGH
09-02 19:27:48.173 26434 26434 I WebExtension: releasePendingMessages: extension=readerview@mozac.org nativeApp=mozacReaderviewActive session=org.mozilla.geckoview.GeckoSession@c24cbe0
09-02 19:27:48.173 26434 26434 I WebExtension: releasePendingMessages: extension=readerview@mozac.org nativeApp=mozacReaderview session=org.mozilla.geckoview.GeckoSession@c24cbe0
09-02 19:27:48.174 26434 26434 I WebExtension: releasePendingMessages: extension=readerview@mozac.org nativeApp=mozacReaderviewActive session=org.mozilla.geckoview.GeckoSession@c24cbe0
09-02 19:27:48.174 26434 26434 I WebExtension: releasePendingMessages: extension=readerview@mozac.org nativeApp=mozacReaderview session=org.mozilla.geckoview.GeckoSession@c24cbe0
09-02 19:27:48.180 26434 26616 I libglean_ffi: glean_core::upload: Ping 37ca0693-a3f5-4380-b261-7751a54bf8a7 successfully sent 200.
09-02 19:27:48.183 26434 26616 I libglean_ffi: glean_core::upload::directory: File was deleted /data/user/0/org.mozilla.firefox/glean_data/pending_pings/37ca0693-a3f5-4380-b261-7751a54bf8a7
09-02 19:27:48.184 26434 26616 I libglean_ffi: glean_core::upload: No more pings to upload! You are done.
09-02 19:27:48.192 26434 26536 I WM-WorkerWrapper: Worker result SUCCESS for Work [ id=80b23a34-7cdb-4979-a92f-bd01bd9d6a3f, tags={ mozilla.telemetry.glean.scheduler.PingUploadWorker, mozac_service_glean_ping_upload_worker } ]
09-02 19:27:48.200  3979  5966 D JobServiceContext: sendStopMessageLocked stop reason: cancel() called by app
09-02 19:27:48.215 26434 26434 D ConnectivityManager: unregisterNetworkCallback; CallingUid : 10154, CallingPid : 26434
09-02 19:27:48.215  3979  4180 D ConnectivityService: releasing NetworkRequest [ TRACK_DEFAULT id=1312, [ Capabilities: INTERNET&NOT_RESTRICTED&TRUSTED&NOT_VPN] ] (CALLBACK_RELEASED)
09-02 19:27:48.216  3979  4180 D ConnectivityService:  Removing from current network NetworkAgentInfo [WIFI () - 502], leaving 19 requests.
09-02 19:27:48.217  3979  4180 D ConnectivityService: sending notification RELEASED for NetworkRequest [ TRACK_DEFAULT id=1312, [ Capabilities: INTERNET&NOT_RESTRICTED&TRUSTED&NOT_VPN] ]
09-02 19:27:48.237  3979  3979 D CustomFrequencyManagerService: releaseDVFSLockLocked : Getting Lock type frm List : DVFS_MIN_LIMIT  frequency : 1560000  uid : 1000  pid : 3979  tag : AMS_RESUME_TAIL@CPU_MIN@14
09-02 19:27:48.254 26434 26462 W AudioCapabilities: Unsupported mime audio/mpeg-L1
09-02 19:27:48.254 26434 26462 W AudioCapabilities: Unsupported mime audio/mpeg-L2
09-02 19:27:48.255 26498 26532 I GeckoLoader: Library base=/data/app/org.mozilla.firefox-qXEeZwQeSKU-v4RxzjCTZA==/lib/arm64
09-02 19:27:48.256 26498 26532 I GeckoLoader: Library base=/data/app/org.mozilla.firefox-qXEeZwQeSKU-v4RxzjCTZA==/lib/arm64
09-02 19:27:48.256 26434 26462 W AudioCapabilities: Unsupported mime audio/x-ms-wma
09-02 19:27:48.257 26498 26532 E GeckoLibLoad: Load sqlite start
09-02 19:27:48.257 26434 26462 W AudioCapabilities: Unsupported mime audio/x-ima
09-02 19:27:48.259 26498 26532 E GeckoLibLoad: Load sqlite done
09-02 19:27:48.260 26498 26532 I GeckoLoader: Library base=/data/app/org.mozilla.firefox-qXEeZwQeSKU-v4RxzjCTZA==/lib/arm64
09-02 19:27:48.260 26498 26532 E GeckoLibLoad: Load nss start
09-02 19:27:48.260 26498 26532 E GeckoLibLoad: Load nss done
09-02 19:27:48.260 26498 26532 I GeckoLoader: Library base=/data/app/org.mozilla.firefox-qXEeZwQeSKU-v4RxzjCTZA==/lib/arm64
09-02 19:27:48.262 26434 26462 W VideoCapabilities: Unrecognized profile 2130706433 for video/avc
09-02 19:27:48.262 26434 26462 W VideoCapabilities: Unrecognized profile 2130706434 for video/avc
09-02 19:27:48.264 26434 26462 W VideoCapabilities: Unrecognized profile 2130706433 for video/avc
09-02 19:27:48.264 26434 26462 W VideoCapabilities: Unrecognized profile 2130706434 for video/avc
09-02 19:27:48.273 26434 26462 W VideoCapabilities: Unsupported mime video/wvc1
09-02 19:27:48.274 26434 26462 W VideoCapabilities: Unsupported mime video/x-ms-wmv
09-02 19:27:48.276 26434 26462 W VideoCapabilities: Unrecognized profile 2130706433 for video/avc
09-02 19:27:48.276 26434 26462 W VideoCapabilities: Unrecognized profile 2130706434 for video/avc
09-02 19:27:48.278 26434 26462 W VideoCapabilities: Unsupported mime video/avc-wfd
09-02 19:27:48.292 26498 26532 E GeckoLibLoad: Loaded libs in 31.366115ms total, 16ms(16ms) user, 16ms(16ms) system, 0(0) faults
09-02 19:27:48.292 26498 26532 W GeckoThread: zerdatime 120849724 - runGecko
09-02 19:27:48.303 26434 26462 I VideoCapabilities: Unsupported profile 4 for video/mp4v-es
09-02 19:27:48.329 26434 26462 W VideoCapabilities: Unrecognized profile/level 1/32 for video/mp4v-es
09-02 19:27:48.329 26434 26462 W VideoCapabilities: Unrecognized profile/level 32768/2 for video/mp4v-es
09-02 19:27:48.329 26434 26462 W VideoCapabilities: Unrecognized profile/level 32768/64 for video/mp4v-es
09-02 19:27:48.333 26434 26462 W VideoCapabilities: Unsupported mime video/wvc1
09-02 19:27:48.335 26434 26462 W VideoCapabilities: Unsupported mime video/x-ms-wmv
09-02 19:27:48.337 26434 26462 W VideoCapabilities: Unsupported mime video/x-ms-wmv7
09-02 19:27:48.339 26434 26462 W VideoCapabilities: Unsupported mime video/x-ms-wmv8
09-02 19:27:48.342 26434 26462 W VideoCapabilities: Unsupported mime video/mp43
09-02 19:27:48.371 26578 26641 D libGLESv2: STS_GLApi : DTS, ODTC are not allowed for Package : org.mozilla.firefox:gpu
09-02 19:27:48.371 26434 26439 I zygote64: Do partial code cache collection, code=505KB, data=268KB
09-02 19:27:48.372 26434 26439 I zygote64: After code cache collection, code=505KB, data=268KB
09-02 19:27:48.372 26434 26439 I zygote64: Increasing code cache capacity to 2MB
09-02 19:27:48.377 26578 26591 V Surface : sf_framedrop debug : 0x4f4c, game : false, logging : 0
09-02 19:27:48.384 26578 26641 D mali_winsys: EGLint new_window_surface(egl_winsys_display *, void *, EGLSurface, EGLConfig, egl_winsys_surface **, egl_color_buffer_format *, EGLBoolean) returns 0x3000,  [720x1238]-format:2
09-02 19:27:48.385 26434 26462 I GeckoSession: zerdatime 120849817 - chrome startup finished
09-02 19:27:48.392  3979  4111 D MdnieScenarioControlService:  packageName : org.mozilla.firefox    className : org.mozilla.fenix.HomeActivity
09-02 19:27:48.392  3979  4111 V MdnieScenarioControlService: setUIMode from UI function(3)
09-02 19:27:48.393 26434 26434 I GeckoSession: handleMessage GeckoView:PageStart uri=
09-02 19:27:48.395 26434 26434 I GeckoSession: handleMessage GeckoView:PageStop uri=null
09-02 19:27:48.442 26434 26462 D GeckoIdleService: Registering Idle observer callback
09-02 19:27:48.442 26434 26462 D GeckoIdleService: Register idle observer 0x7c2db1c760 for 180 seconds
09-02 19:27:48.442 26434 26462 D GeckoIdleService: Register: adjusting next switch from -1 to 180 seconds
09-02 19:27:48.442 26434 26462 D GeckoIdleService: next timeout 180000 msec from now
09-02 19:27:48.442 26434 26462 D GeckoIdleService: SetTimerExpiryIfBefore: next timeout 180000 msec from now
09-02 19:27:48.443 26434 26462 D GeckoIdleService: reset timer expiry to 180010 msec from now
09-02 19:27:48.447 26434 26462 D GeckoIdleService: Register idle observer 0x7c283e8ba8 for 5 seconds
09-02 19:27:48.447 26434 26462 D GeckoIdleService: Register: adjusting next switch from 180 to 5 seconds
09-02 19:27:48.447 26434 26462 D GeckoIdleService: next timeout 4996 msec from now
09-02 19:27:48.447 26434 26462 D GeckoIdleService: SetTimerExpiryIfBefore: next timeout 4996 msec from now
09-02 19:27:48.447 26434 26462 D GeckoIdleService: reset timer expiry to 5006 msec from now
09-02 19:27:48.453  3462  3462 I SurfaceFlinger: Display 0 HWC layers:
09-02 19:27:48.453  3462  3462 I SurfaceFlinger:     type    |    handle    | flag |  format   |   source crop (l,t,r,b)    |         frame       | name 
09-02 19:27:48.453  3462  3462 I SurfaceFlinger: ------------+--------------+------+-----------+----------------------------+---------------------+------
09-02 19:27:48.453  3462  3462 I SurfaceFlinger:      Device | 0x7abe6ab900 | 0000 | RGBx_8888 |   0.0    0.0  720.0 1140.0 |    0  140  720 1280 | SurfaceView - org.mozilla.firefox/org.mozilla.fenix.HomeActivity@d23ccdd@0#0
09-02 19:27:48.453  3462  3462 I SurfaceFlinger:      Device | 0x7abe64b440 | 0000 | RGBA_8888 |   0.0    0.0  720.0 1280.0 |    0    0  720 1280 | org.mozilla.firefox/org.mozilla.fenix.HomeActivity#0
09-02 19:27:48.453  3462  3462 I SurfaceFlinger:      Device | 0x7ac4c24d80 | 0000 | RGBA_8888 |   0.0    0.0  720.0   42.0 |    0    0  720   42 | StatusBar#0
09-02 19:27:48.453  3462  3462 I SurfaceFlinger: 
09-02 19:27:48.478 26434 26434 I GeckoSession: handleMessage GeckoView:PageStart uri=
09-02 19:27:48.486  3614  3927 D DnsProxyListener: DNSDBG::dns addrinfo af 2
09-02 19:27:48.487  3614  3927 I chatty  : uid=0(root) /system/bin/netd identical 1 line
09-02 19:27:48.487  3614  3927 D DnsProxyListener: DNSDBG::dns addrinfo af 2
09-02 19:27:48.515 26434 26434 I zygote64: Deoptimizing java.lang.Object mozilla.components.support.ktx.kotlinx.coroutines.flow.FlowKt$ifAnyChanged$$inlined$filter$1$2.emit(java.lang.Object, kotlin.coroutines.Continuation) due to JIT inline cache
09-02 19:27:48.515 26434 26434 I zygote64: Deoptimizing void kotlin.sequences.FilteringSequence$iterator$1.calcNext() due to JIT inline cache
09-02 19:27:48.522  3614  3927 D DnsProxyListener: DNSDBG::dns addrinfo af 2
09-02 19:27:48.545  3614  3927 I chatty  : uid=0(root) /system/bin/netd identical 2 lines
09-02 19:27:48.552  3614  3927 D DnsProxyListener: DNSDBG::dns addrinfo af 2
09-02 19:27:48.621  4962  4962 D io_stats: !@ 179,0 r 825665 24471688 w 667226 13475760 d 72241 21100336 f 156526 160325 iot 758448 638692 th 51200 0 0 pt 0 inp 0 0 66201.867
09-02 19:27:48.631  3979  3979 D PreBindingService: handleMessage : 1
09-02 19:27:48.685 26434 26434 I zygote64: Deoptimizing int mozilla.components.browser.state.state.TabSessionState.hashCode() due to JIT inline cache
09-02 19:27:48.685 26434 26434 I zygote64: Deoptimizing int mozilla.components.browser.state.state.SessionState$-CC.m(java.util.List, int, int) due to JIT inline cache
09-02 19:27:48.727  3979  3979 D PreBindingService: handleMessage : 1
09-02 19:27:49.122  3614  3927 D DnsProxyListener: DNSDBG::dns addrinfo af 2
09-02 19:27:49.143  3614  3927 D DnsProxyListener: DNSDBG::dns addrinfo af 2
09-02 19:27:49.271 26434 26434 I zygote64: Deoptimizing kotlin.coroutines.CoroutineContext kotlinx.coroutines.CoroutineContextKt.newCoroutineContext(kotlinx.coroutines.CoroutineScope, kotlin.coroutines.CoroutineContext) due to JIT inline cache
09-02 19:27:49.272 26434 26434 I zygote64: Deoptimizing void kotlinx.coroutines.internal.DispatchedContinuationKt.resumeCancellableWith(kotlin.coroutines.Continuation, java.lang.Object, kotlin.jvm.functions.Function1) due to JIT inline cache
09-02 19:27:49.286 26434 26740 I zygote64: Deoptimizing int kotlin.collections.CollectionsKt__IteratorsJVMKt.collectionSizeOrDefault(java.lang.Iterable, int) due to JIT inline cache
09-02 19:27:49.313 26434 26740 I zygote64: Deoptimizing void kotlin.coroutines.jvm.internal.BaseContinuationImpl.resumeWith(java.lang.Object) due to JIT inline cache
09-02 19:27:49.412  3979  5983 D ConnectivityService: filterNetworkStateForUid() uid: 10154 networkInfo: [type: WIFI[] - WIFI, state: CONNECTED/CONNECTED, reason: (unspecified), extra: "WiFi 69", failover: false, available: true, roaming: false, metered: false]
09-02 19:27:49.452  3979  5983 I chatty  : uid=1000(system) Binder:3979_17 identical 7 lines
09-02 19:27:49.455  3979  5983 D ConnectivityService: filterNetworkStateForUid() uid: 10154 networkInfo: [type: WIFI[] - WIFI, state: CONNECTED/CONNECTED, reason: (unspecified), extra: "WiFi 69", failover: false, available: true, roaming: false, metered: false]
09-02 19:27:49.784  3979  5983 D ConnectivityService: filterNetworkStateForUid() uid: 10102 networkInfo: [type: WIFI[] - WIFI, state: CONNECTED/CONNECTED, reason: (unspecified), extra: "WiFi 69", failover: false, available: true, roaming: false, metered: false]
09-02 19:27:49.788  3614  3927 D DnsProxyListener: DNSDBG::dns addrinfo af 2
09-02 19:27:49.789 26434 26747 I zygote64: Deoptimizing void kotlinx.coroutines.DispatchedTask.run() due to JIT inline cache
09-02 19:27:49.790  7881  7881 W fb4a.MobileConfigFactoryImpl: SESSIONLESS factory used for 2 param
09-02 19:27:49.791  7881  7881 E fb4a.Execution: Redirecting MSYS Execution scheduling from the UI thread to a custom executor
09-02 19:27:49.796 26434 26749 I zygote64: Deoptimizing boolean kotlin.sequences.FlatteningSequence$iterator$1.ensureItemIterator() due to JIT inline cache
09-02 19:27:49.842 26434 26749 I zygote64: Deoptimizing void kotlin.coroutines.jvm.internal.BaseContinuationImpl.resumeWith(java.lang.Object) due to JIT inline cache
09-02 19:27:49.843 26434 26749 I zygote64: Deoptimizing void kotlinx.coroutines.CancellableContinuationImpl.dispatchResume(int) due to JIT inline cache
09-02 19:27:49.917  7881 25712 D omnistore_android_logger: DebouncingRateLimiter attempting event SyncProtocol::onConnectionEstablished
09-02 19:27:49.917  7881 25712 D omnistore_android_logger: AlarmManager::startAlarmTimer for key=SyncProtocol::onConnectionEstablished, it will NOT wake up main thread to reschedule
09-02 19:27:49.917  7881 25712 W omnistore_android_logger: Event SyncProtocol::onConnectionEstablished rate limited for 21979 ms
09-02 19:27:49.917  7881  7881 W fb4a.MobileConfigFactoryImpl: SESSIONLESS factory used for 2 param
09-02 19:27:49.918  7881  7881 E fb4a.Execution: Redirecting MSYS Execution scheduling from the UI thread to a custom executor
09-02 19:27:49.954  3449  3449 I android.hardware.wifi@1.0-service: getLinkLayerStats
09-02 19:27:49.956  7881  4231 E fb4a.msys: E[N MQTT]readEOF(124)=>TCPStreamTransport readEOF
09-02 19:27:49.956  7881  4231 E fb4a.msys: E[N MQTT]onEOF(699)=>LigerBasedStreamTransport onEOF
09-02 19:27:49.963  7881 24728 E fb4a.FBMsysMqttClientCallbacks: onPublish, onFailure, msgId = 7877, error = 2003
09-02 19:27:49.965  7881 24728 E fb4a.FBMsysMqttClientCallbacks: onPublish, onFailure, msgId = 7876, error = 2003
09-02 19:27:49.966  7881 24728 E fb4a.FBMsysMqttClientCallbacks: onPublish, onFailure, msgId = 7875, error = 2003
09-02 19:27:49.966  7881 24728 E fb4a.FBMsysMqttClientCallbacks: onPublish, onFailure, msgId = 7874, error = 2003
09-02 19:27:49.967  7881  4225 E fb4a.msys: E[N rtchannel]_rt_mqtt_publish_callback(430)=>Failed to publish the request over MQTT (possible duplicate log). token:85fe0a88-eb34-4754-9bb2-ecb156f16970, category:mcd-sync-data-task-category, requestId:38147, error:Error Domain=mqtt Code=2003 UserInfo=0xc91e2e00 {MCFErrorDirectLocalizedFailureReasonKey=2003, MCFErrorDirectDescriptionKey=2003}
09-02 19:27:49.967  7881  4225 E fb4a.msys: E[N rtchannel]_rt_mqtt_publish_callback(430)=>Failed to publish the request over MQTT (possible duplicate log). token:140acc1c-da56-44cb-88cf-8ed15bb23838, category:mcd-sync-data-task-category, requestId:14719, error:Error Domain=mqtt Code=2003 UserInfo=0xbb9d0200 {MCFErrorDirectLocalizedFailureReasonKey=2003, MCFErrorDirectDescriptionKey=2003}
09-02 19:27:49.968  3979  5983 D ConnectivityService: filterNetworkStateForUid() uid: 10102 networkInfo: [type: WIFI[] - WIFI, state: CONNECTED/CONNECTED, reason: (unspecified), extra: "WiFi 69", failover: false, available: true, roaming: false, metered: false]
09-02 19:27:49.974  7881  7881 W fb4a.MobileConfigFactoryImpl: SESSIONLESS factory used for 2 param
09-02 19:27:49.975  7881  7881 E fb4a.Execution: Redirecting MSYS Execution scheduling from the UI thread to a custom executor
09-02 19:27:49.979  7881  4229 E fb4a.msys: E[S sync]_createResponseError(195)=>Network Response 85fe0a88-eb34-4754-9bb2-ecb156f16970 contains sync error Error Domain=mqtt Code=2003 UserInfo=0xc91e2e00 {MCFErrorDirectLocalizedFailureReasonKey=2003, MCFErrorDirectDescriptionKey=2003} - Underlying error (null): Error Domain=mqtt Code=2003 UserInfo=0xc91e2e00 {MCFErrorDirectLocalizedFailureReasonKey=2003, MCFErrorDirectDescriptionKey=2003}
09-02 19:27:49.986  7881  4229 E fb4a.msys: E[S sync]_createResponseError(195)=>Network Response 140acc1c-da56-44cb-88cf-8ed15bb23838 contains sync error Error Domain=mqtt Code=2003 UserInfo=0xbb9d0200 {MCFErrorDirectLocalizedFailureReasonKey=2003, MCFErrorDirectDescriptionKey=2003} - Underlying error (null): Error Domain=mqtt Code=2003 UserInfo=0xbb9d0200 {MCFErrorDirectLocalizedFailureReasonKey=2003, MCFErrorDirectDescriptionKey=2003}
09-02 19:27:50.081  7881  4225 E fb4a.msys: E[N data-request]_HandleDataResponse(1782)=>Data request error for task d8ddabfc-ae72-436b-a599-2db07e3bef19 (response type 1): (null)
09-02 19:27:50.083  7881  4229 E fb4a.msys: E[S sync]_createResponseError(195)=>Network Response d8ddabfc-ae72-436b-a599-2db07e3bef19 contains sync error Error Domain=com.facebook.http.error Code=401 UserInfo=0xc81ec400 {MCFErrorDirectLocalizedDescriptionKey=Client error} - Underlying error (null): Error Domain=com.facebook.http.error Code=401 UserInfo=0xc81ec400 {MCFErrorDirectLocalizedDescriptionKey=Client error}
09-02 19:27:50.085  7881  4225 E fb4a.msys: E[N data-request]_HandleDataResponse(1782)=>Data request error for task 9a3f2cf1-b8e6-459d-a462-8f67d24f0f21 (response type 1): (null)
09-02 19:27:50.088  7881 26332 E fb4a.T157805820: TigonMhrLogger::logRequestIfNeeded
09-02 19:27:50.088  7881 25713 E fb4a.T157805820: TigonMhrLogger::logRequestIfNeeded
09-02 19:27:50.089  7881 26332 E fb4a.T157805820: TigonWifiInfoLogger::init
09-02 19:27:50.089  7881 25713 E fb4a.T157805820: TigonWifiInfoLogger::init
09-02 19:27:50.089  7881 26332 E fb4a.T157805820: TigonMhrFbcLogger::logRequestIfNeeded
09-02 19:27:50.089  7881 25713 E fb4a.T157805820: TigonMhrFbcLogger::logRequestIfNeeded
09-02 19:27:50.089  7881 26332 E fb4a.T157805820: TigonCellTowerInfoLogger::logRequestIfNeeded
09-02 19:27:50.089  7881 26332 E fb4a.T157805820: TigonCertificateVerificationLogger::logRequestIfNeeded
09-02 19:27:50.089  7881 26332 E fb4a.T157805820: TigonTransientAnalysisLogger::logRequestIfNeeded
09-02 19:27:50.089  7881 26332 E fb4a.T157805820: TigonProviderConnectionDeviceInfoLogger::logRequestIfNeeded
09-02 19:27:50.089  7881 26332 E fb4a.T157805820: TigonCellTowerInfoPapayaLogger::logRequestIfNeeded
09-02 19:27:50.089  7881 26332 E fb4a.T157805820: NetworkUtilisationLogger::logRequestIfNeeded
09-02 19:27:50.089  7881 25713 E fb4a.T157805820: TigonCellTowerInfoLogger::logRequestIfNeeded
09-02 19:27:50.089  7881 25713 E fb4a.T157805820: TigonCertificateVerificationLogger::logRequestIfNeeded
09-02 19:27:50.089  7881 25713 E fb4a.T157805820: TigonTransientAnalysisLogger::logRequestIfNeeded
09-02 19:27:50.089  7881 25713 E fb4a.T157805820: TigonProviderConnectionDeviceInfoLogger::logRequestIfNeeded
09-02 19:27:50.090  7881 25713 E fb4a.T157805820: TigonCellTowerInfoPapayaLogger::logRequestIfNeeded
09-02 19:27:50.090  7881 25713 E fb4a.T157805820: NetworkUtilisationLogger::logRequestIfNeeded
09-02 19:27:50.098  7881  4229 E fb4a.msys: E[S sync]_createResponseError(195)=>Network Response 9a3f2cf1-b8e6-459d-a462-8f67d24f0f21 contains sync error Error Domain=com.facebook.http.error Code=401 UserInfo=0xc91e2f00 {MCFErrorDirectLocalizedDescriptionKey=Client error} - Underlying error (null): Error Domain=com.facebook.http.error Code=401 UserInfo=0xc91e2f00 {MCFErrorDirectLocalizedDescriptionKey=Client error}
09-02 19:27:50.102  3614  3927 D DnsProxyListener: DNSDBG::dns addrinfo af 2
09-02 19:27:50.103  3614  3927 I chatty  : uid=0(root) /system/bin/netd identical 1 line
09-02 19:27:50.103  3614  3927 D DnsProxyListener: DNSDBG::dns addrinfo af 2
09-02 19:27:50.106 26434 26434 I GeckoSession: handleMessage GeckoView:PageStop uri=null
09-02 19:27:50.116  3614  3927 D DnsProxyListener: DNSDBG::dns addrinfo af 2
09-02 19:27:50.117  3614  3927 I chatty  : uid=0(root) /system/bin/netd identical 1 line
09-02 19:27:50.119  3614  3927 D DnsProxyListener: DNSDBG::dns addrinfo af 2
09-02 19:27:50.119 26434 26480 I SessionStorage/AutoSave: Save: Load finished
09-02 19:27:50.120 26434 26480 I zygote64: Deoptimizing void kotlinx.coroutines.AbstractCoroutine.<init>(kotlin.coroutines.CoroutineContext, boolean) due to JIT inline cache
09-02 19:27:50.120 26434 26480 I zygote64: Deoptimizing kotlin.coroutines.CoroutineContext kotlin.coroutines.CoroutineContext$Element$DefaultImpls.plus(kotlin.coroutines.CoroutineContext$Element, kotlin.coroutines.CoroutineContext) due to JIT inline cache
09-02 19:27:50.146  7881 25712 E fb4a.T157805820: TigonMhrLogger::logRequestIfNeeded
09-02 19:27:50.146  7881  4225 E fb4a.msys: E[N data-request]_HandleDataResponse(1782)=>Data request error for task baf8abcd-7612-4436-9bdd-262665835ea8 (response type 1): (null)
09-02 19:27:50.147  7881 25712 E fb4a.T157805820: TigonWifiInfoLogger::init
09-02 19:27:50.147  7881  4229 E fb4a.msys: E[S sync]_createResponseError(195)=>Network Response baf8abcd-7612-4436-9bdd-262665835ea8 contains sync error Error Domain=com.facebook.http.error Code=401 UserInfo=0xc81ecd00 {MCFErrorDirectLocalizedDescriptionKey=Client error} - Underlying error (null): Error Domain=com.facebook.http.error Code=401 UserInfo=0xc81ecd00 {MCFErrorDirectLocalizedDescriptionKey=Client error}
09-02 19:27:50.148  7881 25712 E fb4a.T157805820: TigonMhrFbcLogger::logRequestIfNeeded
09-02 19:27:50.148  7881 25712 E fb4a.T157805820: TigonCellTowerInfoLogger::logRequestIfNeeded
09-02 19:27:50.148  7881 25712 E fb4a.T157805820: TigonCertificateVerificationLogger::logRequestIfNeeded
09-02 19:27:50.148  7881 25712 E fb4a.T157805820: TigonTransientAnalysisLogger::logRequestIfNeeded
09-02 19:27:50.148  7881 25712 E fb4a.T157805820: TigonProviderConnectionDeviceInfoLogger::logRequestIfNeeded
09-02 19:27:50.148  7881 25712 E fb4a.T157805820: TigonCellTowerInfoPapayaLogger::logRequestIfNeeded
09-02 19:27:50.149  7881 25712 E fb4a.T157805820: NetworkUtilisationLogger::logRequestIfNeeded
09-02 19:27:50.150  3614  3927 D DnsProxyListener: DNSDBG::dns addrinfo af 2
09-02 19:27:50.155  7881 25713 E fb4a.T157805820: TigonMhrLogger::logRequestIfNeeded
09-02 19:27:50.155  7881 25713 E fb4a.T157805820: TigonWifiInfoLogger::init
09-02 19:27:50.156  7881 25713 E fb4a.T157805820: TigonMhrFbcLogger::logRequestIfNeeded
09-02 19:27:50.156  7881 25713 E fb4a.T157805820: TigonCellTowerInfoLogger::logRequestIfNeeded
09-02 19:27:50.156  7881 25713 E fb4a.T157805820: TigonCertificateVerificationLogger::logRequestIfNeeded
09-02 19:27:50.156  7881 25713 E fb4a.T157805820: TigonTransientAnalysisLogger::logRequestIfNeeded
09-02 19:27:50.156  7881 25713 E fb4a.T157805820: TigonProviderConnectionDeviceInfoLogger::logRequestIfNeeded
09-02 19:27:50.156  7881  4225 E fb4a.msys: E[N data-request]_HandleDataResponse(1782)=>Data request error for task d2967409-28d5-48f6-9572-bb1c7cba279b (response type 1): (null)
09-02 19:27:50.156  7881 25713 E fb4a.T157805820: TigonCellTowerInfoPapayaLogger::logRequestIfNeeded
