09-02 15:51:36.132  3979  4545 W AppOps  : 	at com.android.server.AppOpsService.checkPackage(AppOpsService.java:1106)
09-02 15:51:36.132  3979  4545 W AppOps  : 	at com.android.internal.app.IAppOpsService$Stub.onTransact(IAppOpsService.java:169)
09-02 15:51:36.132  3979  4545 W AppOps  : 	at android.os.Binder.execTransact(Binder.java:682)
09-02 15:51:36.133  3979  8178 D SamsungAlarmManager: setInexact Listener (T:2/F:0/AC:false) 20230902T161207 - CU:1000/CP:3979
09-02 15:51:36.133  3979  4545 W AppOps  : Bad call: specified package com.google.android.gms under uid 10076 but it is really 10025
09-02 15:51:36.133  3979  4545 W AppOps  : java.lang.RuntimeException: here
09-02 15:51:36.133  3979  4545 W AppOps  : 	at com.android.server.AppOpsService.getOpsRawLocked(AppOpsService.java:1402)
09-02 15:51:36.133  3979  4545 W AppOps  : 	at com.android.server.AppOpsService.checkPackage(AppOpsService.java:1106)
09-02 15:51:36.133  3979  4545 W AppOps  : 	at com.android.internal.app.IAppOpsService$Stub.onTransact(IAppOpsService.java:169)
09-02 15:51:36.133  3979  4545 W AppOps  : 	at android.os.Binder.execTransact(Binder.java:682)
09-02 15:51:36.137 10264 10339 W ResourceType: ResTable_typeSpec entry count inconsistent: given 3160, previously 8189
09-02 15:51:36.138 10264 10339 W ResourceType: ResTable_typeSpec entry count inconsistent: given 5137, previously 5136
09-02 15:51:36.138 10264 10339 W ResourceType: ResTable_typeSpec entry count inconsistent: given 451, previously 4843
09-02 15:51:36.140  3979  4545 I chatty  : uid=1000(system) Binder:3979_6 identical 1 line
09-02 15:51:36.143 29460 29502 I BistoSettingsListener: listener created
09-02 15:51:36.144  3979  4545 W AppOps  : Bad call: specified package com.google.android.gms under uid 10076 but it is really 10025
09-02 15:51:36.144  3979  4545 W AppOps  : java.lang.RuntimeException: here
09-02 15:51:36.144  3979  4545 W AppOps  : 	at com.android.server.AppOpsService.getOpsRawLocked(AppOpsService.java:1402)
09-02 15:51:36.144  3979  4545 W AppOps  : 	at com.android.server.AppOpsService.checkPackage(AppOpsService.java:1106)
09-02 15:51:36.144  3979  4545 W AppOps  : 	at com.android.internal.app.IAppOpsService$Stub.onTransact(IAppOpsService.java:169)
09-02 15:51:36.144  3979  4545 W AppOps  : 	at android.os.Binder.execTransact(Binder.java:682)
09-02 15:51:36.144 29460 29509 I A       : getLocaleToModelSpecsMap
09-02 15:51:36.145 29460 29509 I A       : Using proto config with mendel
09-02 15:51:36.145 29460 29509 I A       : getLocaleToModelSpecsMap
09-02 15:51:36.145 29460 29509 I A       : Using proto config with mendel
09-02 15:51:36.145 29460 29509 I A       : getLocaleToModelSpecsMap
09-02 15:51:36.145 29460 29509 I A       : Using proto config with mendel
09-02 15:51:36.148  3979 14776 D SamsungAlarmManager: setInexact Listener (T:2/F:0/AC:false) 20230902T155403 - CU:1000/CP:3979
09-02 15:51:36.151 29460 29475 I A       : getLocaleToModelSpecsMap
09-02 15:51:36.151 29460 29475 I A       : Using proto config with mendel
09-02 15:51:36.151  3979 14776 D SamsungAlarmManager: setInexact Listener (T:2/F:0/AC:false) 20230902T161207 - CU:1000/CP:3979
09-02 15:51:36.151 29460 29475 I A       : (REDACTED) Adding from config to map. Locale: %s modelPrefix: %s Location:%s isSpeakerIdSupported: %b
09-02 15:51:36.152 29460 29475 I chatty  : uid=10076(u0_a76) Binder:29460_3 identical 1 line
09-02 15:51:36.152 29460 29475 I A       : (REDACTED) Adding from config to map. Locale: %s modelPrefix: %s Location:%s isSpeakerIdSupported: %b
09-02 15:51:36.152 29460 29475 I A       : (REDACTED) Skipping. Expected model: %s Found: %s
09-02 15:51:36.152 29460 29475 I A       : (REDACTED) Adding from config to map. Locale: %s modelPrefix: %s Location:%s isSpeakerIdSupported: %b
09-02 15:51:36.153 29460 29509 I A       : getLocaleToModelSpecsMap
09-02 15:51:36.154 29460 29509 I A       : Using proto config with mendel
09-02 15:51:36.154 29460 29509 I A       : (REDACTED) Adding from config to map. Locale: %s modelPrefix: %s Location:%s isSpeakerIdSupported: %b
09-02 15:51:36.154 29460 29509 I chatty  : uid=10076(u0_a76) EventBus0 identical 1 line
09-02 15:51:36.154 29460 29509 I A       : (REDACTED) Adding from config to map. Locale: %s modelPrefix: %s Location:%s isSpeakerIdSupported: %b
09-02 15:51:36.154 29460 29509 I A       : (REDACTED) Skipping. Expected model: %s Found: %s
09-02 15:51:36.154 29460 29509 I A       : (REDACTED) Adding from config to map. Locale: %s modelPrefix: %s Location:%s isSpeakerIdSupported: %b
09-02 15:51:36.155 29460 29475 I A       : getLocaleToModelSpecsMap
09-02 15:51:36.155 29460 29475 I A       : Using proto config with mendel
09-02 15:51:36.155 29460 29475 I A       : getLocaleToModelSpecsMap
09-02 15:51:36.155 29460 29475 I A       : Using proto config with mendel
09-02 15:51:36.156 29460 29475 I A       : getLocaleToModelSpecsMap
09-02 15:51:36.157 29460 29475 I A       : Using proto config with mendel
09-02 15:51:36.165 29460 29475 I A       : getLocaleToModelSpecsMap
09-02 15:51:36.165 29460 29475 I A       : Using proto config with mendel
09-02 15:51:36.166 29460 29475 I A       : (REDACTED) Adding from config to map. Locale: %s modelPrefix: %s Location:%s isSpeakerIdSupported: %b
09-02 15:51:36.166 29460 29475 I chatty  : uid=10076(u0_a76) Binder:29460_3 identical 1 line
09-02 15:51:36.166 29460 29475 I A       : (REDACTED) Adding from config to map. Locale: %s modelPrefix: %s Location:%s isSpeakerIdSupported: %b
09-02 15:51:36.167 29460 29475 I A       : (REDACTED) Skipping. Expected model: %s Found: %s
09-02 15:51:36.167 29460 29475 I A       : (REDACTED) Adding from config to map. Locale: %s modelPrefix: %s Location:%s isSpeakerIdSupported: %b
09-02 15:51:36.168 29460 29509 I A       : getLocaleToModelSpecsMap
09-02 15:51:36.168 29460 29509 I A       : Using proto config with mendel
09-02 15:51:36.169  3979 10236 D SamsungAlarmManager: setInexact Listener (T:2/F:0/AC:false) 20230902T155403 - CU:1000/CP:3979
09-02 15:51:36.171  3979 10236 D SamsungAlarmManager: setInexact Listener (T:2/F:0/AC:false) 20230902T161207 - CU:1000/CP:3979
09-02 15:51:36.172  3979 10236 D ConnectivityService: filterNetworkStateForUid() uid: 10076 networkInfo: [type: WIFI[] - WIFI, state: CONNECTED/CONNECTED, reason: (unspecified), extra: "WiFi 69", failover: false, available: true, roaming: false, metered: false]
09-02 15:51:36.173 29460 29509 I A       : getLocaleToModelSpecsMap
09-02 15:51:36.174 29460 29509 I A       : Using proto config with mendel
09-02 15:51:36.174 29460 29516 I A       : (REDACTED) Loaded shared library: %s
09-02 15:51:36.175 29460 29490 I A       : (REDACTED) Assistant special experience changed to %s.
09-02 15:51:36.175 29460 29475 I A       : (REDACTED) hasHotwordEverywhere-%b
09-02 15:51:36.177 29460 29499 I SettingsDataLayer.AE: (REDACTED) Set Assistant Enabled to %s
09-02 15:51:36.181 29460 29494 I A       : (REDACTED) Device Compliance Fetch time taken = %sms
09-02 15:51:36.181 29460 29494 I A       : Device is compliant!
09-02 15:51:36.181 29460 29494 I A       : Invoking "compliant" action...
09-02 15:51:36.183  3979 10236 D SamsungAlarmManager: setInexact Listener (T:2/F:0/AC:false) 20230902T155403 - CU:1000/CP:3979
09-02 15:51:36.186  3979 10236 D SamsungAlarmManager: setInexact Listener (T:2/F:0/AC:false) 20230902T161207 - CU:1000/CP:3979
09-02 15:51:36.186  3979 10236 D ConnectivityService: filterNetworkStateForUid() uid: 10076 networkInfo: [type: WIFI[] - WIFI, state: CONNECTED/CONNECTED, reason: (unspecified), extra: "WiFi 69", failover: false, available: true, roaming: false, metered: false]
09-02 15:51:36.196 29460 29490 E Search.LoginHelperImpl: Classic unable to resolve TikTok account name(s).
09-02 15:51:36.198 29460 29509 I A       : getLocaleToModelSpecsMap
09-02 15:51:36.198  3979 14776 D SamsungAlarmManager: setInexact Listener (T:2/F:0/AC:false) 20230902T155403 - CU:1000/CP:3979
09-02 15:51:36.198 29460 29509 I A       : Using proto config with mendel
09-02 15:51:36.199 29460 29475 I A       : getLocaleToModelSpecsMap
09-02 15:51:36.199 29460 29475 I A       : Using proto config with mendel
09-02 15:51:36.199 29460 29475 I A       : getLocaleToModelSpecsMap
09-02 15:51:36.199 29460 29475 I A       : Using proto config with mendel
09-02 15:51:36.200  3979 14776 D SamsungAlarmManager: setInexact Listener (T:2/F:0/AC:false) 20230902T161207 - CU:1000/CP:3979
09-02 15:51:36.200  3979 14776 D ConnectivityService: filterNetworkStateForUid() uid: 10076 networkInfo: [type: WIFI[] - WIFI, state: CONNECTED/CONNECTED, reason: (unspecified), extra: "WiFi 69", failover: false, available: true, roaming: false, metered: false]
09-02 15:51:36.203 29460 29475 I A       : getLocaleToModelSpecsMap
09-02 15:51:36.203 29460 29475 I A       : Using proto config with mendel
09-02 15:51:36.205 29460 29475 I A       : getLocaleToModelSpecsMap
09-02 15:51:36.206 29460 29475 I A       : Using proto config with mendel
09-02 15:51:36.206 29460 29475 I A       : (REDACTED) Adding from config to map. Locale: %s modelPrefix: %s Location:%s isSpeakerIdSupported: %b
09-02 15:51:36.206 29460 29475 I chatty  : uid=10076(u0_a76) Binder:29460_3 identical 1 line
09-02 15:51:36.207 29460 29475 I A       : (REDACTED) Adding from config to map. Locale: %s modelPrefix: %s Location:%s isSpeakerIdSupported: %b
09-02 15:51:36.210 29460 29475 I A       : (REDACTED) Skipping. Expected model: %s Found: %s
09-02 15:51:36.211 29460 29475 I A       : (REDACTED) Adding from config to map. Locale: %s modelPrefix: %s Location:%s isSpeakerIdSupported: %b
09-02 15:51:36.216 29460 29509 I A       : getLocaleToModelSpecsMap
09-02 15:51:36.216 29460 29509 I A       : Using proto config with mendel
09-02 15:51:36.220 29460 29509 I A       : getLocaleToModelSpecsMap
09-02 15:51:36.220 29460 29504 I SettingsDataLayer.AE: Set Assistant eligibility status
09-02 15:51:36.220 29460 29509 I A       : Using proto config with mendel
09-02 15:51:36.226  3979 14776 D SamsungAlarmManager: setInexact Listener (T:2/F:0/AC:false) 20230902T155403 - CU:1000/CP:3979
09-02 15:51:36.228  3979 14776 D SamsungAlarmManager: setInexact Listener (T:2/F:0/AC:false) 20230902T161207 - CU:1000/CP:3979
09-02 15:51:36.229 29460 29475 I A       : getLocaleToModelSpecsMap
09-02 15:51:36.230 29460 29509 I MicroDetectionWorker: (REDACTED) Initializing MicroDataManager InitializeType-%d, isForced-%b, isActivePhoneEnrollment-%b isActiveGoogleHomeEnrollment-%b
09-02 15:51:36.231 29460 29475 I A       : Using proto config with mendel
09-02 15:51:36.232 29460 29475 I A       : getLocaleToModelSpecsMap
09-02 15:51:36.232 29460 29475 I A       : Using proto config with mendel
09-02 15:51:36.232 29460 29471 I zygote64: Background concurrent copying GC freed 16500(1243KB) AllocSpace objects, 3(60KB) LOS objects, 50% free, 4MB/9MB, paused 3.217ms total 126.551ms
09-02 15:51:36.232 29460 29475 I A       : getLocaleToModelSpecsMap
09-02 15:51:36.232 29460 29475 I A       : Using proto config with mendel
09-02 15:51:36.232 29460 29509 I A       : getLocaleToModelSpecsMap
09-02 15:51:36.233 29460 29509 I A       : Using proto config with mendel
09-02 15:51:36.233 29460 29509 I A       : getLocaleToModelSpecsMap
09-02 15:51:36.233 29460 29509 I A       : Using proto config with mendel
09-02 15:51:36.233 29460 29509 I A       : getLocaleToModelSpecsMap
09-02 15:51:36.234 29460 29509 I A       : Using proto config with mendel
09-02 15:51:36.234 29460 29490 I A       : getLocaleToModelSpecsMap
09-02 15:51:36.235 29460 29509 I MicroDetectionState: (REDACTED) Should stop hotword detection immediately - %b
09-02 15:51:36.235 29460 29490 I A       : Using proto config with mendel
09-02 15:51:36.235 29460 29490 I A       : (REDACTED) Adding from config to map. Locale: %s modelPrefix: %s Location:%s isSpeakerIdSupported: %b
09-02 15:51:36.235 29460 29490 I chatty  : uid=10076(u0_a76) BG Thread #1 identical 1 line
09-02 15:51:36.235 29460 29490 I A       : (REDACTED) Adding from config to map. Locale: %s modelPrefix: %s Location:%s isSpeakerIdSupported: %b
09-02 15:51:36.235 29460 29490 I A       : (REDACTED) Skipping. Expected model: %s Found: %s
09-02 15:51:36.235 29460 29490 I A       : (REDACTED) Adding from config to map. Locale: %s modelPrefix: %s Location:%s isSpeakerIdSupported: %b
09-02 15:51:36.235 29460 29460 I SearchWidgetFlow: (REDACTED) GsaWidgetProvider:onReceive(%s) started
09-02 15:51:36.235 29460 29490 I MicroDataManager: (REDACTED) Location for model with model type: %s and locale: %s, is : %s
09-02 15:51:36.235 29460 29509 W SearchServiceCore: Abort, client detached.
09-02 15:51:36.235 29460 29509 I chatty  : uid=10076(u0_a76) EventBus0 identical 1 line
09-02 15:51:36.236 29460 29509 W SearchServiceCore: Abort, client detached.
09-02 15:51:36.237 29460 29489 I A       : (REDACTED) Setting isLegacySQLite mode to %s.
09-02 15:51:36.242 29460 29509 I SearchWidgetFlow: GsaWidgetSessionController:handleGenericClientEvent
09-02 15:51:36.252  3979  8178 D LocationManagerService: getProviders()=[passive]
09-02 15:51:36.254  3979 14776 D ConnectivityService: filterNetworkStateForUid() uid: 10025 networkInfo: [type: WIFI[] - WIFI, state: CONNECTED/CONNECTED, reason: (unspecified), extra: "WiFi 69", failover: false, available: true, roaming: false, metered: false]
09-02 15:51:36.267 29460 29506 D ConnectivityManager: requestNetwork; CallingUid : 10076, CallingPid : 29460
09-02 15:51:36.268  3979 10236 D ConnectivityService: requestNetwork for uid/pid:10076/29460 NetworkRequest [ TRACK_DEFAULT id=970, [ Capabilities: INTERNET&NOT_RESTRICTED&TRUSTED&NOT_VPN] ]
09-02 15:51:36.269  3979  4180 D ConnectivityService: rematching NetworkAgentInfo [WIFI () - 502]
09-02 15:51:36.269  3979  4180 D ConnectivityService:  network has: [ Transports: WIFI Capabilities: NOT_METERED&INTERNET&NOT_RESTRICTED&TRUSTED&NOT_VPN&VALIDATED&FOREGROUND LinkUpBandwidth>=1048576Kbps LinkDnBandwidth>=1048576Kbps SignalStrength: -51]
09-02 15:51:36.269  3979  4180 D ConnectivityService: Network NetworkAgentInfo [WIFI () - 502] was already satisfying request 3. No change.
09-02 15:51:36.269  3979  4180 D ConnectivityService: Network NetworkAgentInfo [WIFI () - 502] was already satisfying request 1. No change.
09-02 15:51:36.269  3979  4180 D ConnectivityService:   checking if request is satisfied: NetworkRequest [ TRACK_DEFAULT id=970, [ Capabilities: INTERNET&NOT_RESTRICTED&TRUSTED&NOT_VPN] ]
09-02 15:51:36.269  3979  4180 D ConnectivityService: currentScore = 0, newScore = 60
09-02 15:51:36.269  3979  4180 D ConnectivityService: rematch for NetworkAgentInfo [WIFI () - 502]
09-02 15:51:36.269  3979  4180 D ConnectivityService:    accepting network in place of null
09-02 15:51:36.269  3979  4180 D ConnectivityService: sending new Min Network Score(60): NetworkRequest [ TRACK_DEFAULT id=970, [ Capabilities: INTERNET&NOT_RESTRICTED&TRUSTED&NOT_VPN] ]
09-02 15:51:36.270  3979  4177 D WIFI_P2P: got request NetworkRequest [ TRACK_DEFAULT id=970, [ Capabilities: INTERNET&NOT_RESTRICTED&TRUSTED&NOT_VPN] ] with score 60
09-02 15:51:36.270  4633  4633 D PhoneSwitcherNetworkRequstListener: got request NetworkRequest [ TRACK_DEFAULT id=970, [ Capabilities: INTERNET&NOT_RESTRICTED&TRUSTED&NOT_VPN] ] with score 60
09-02 15:51:36.270  3979  4177 D WIFI_P2P:   my score=60, my filter=[ Transports: WIFI Capabilities: WIFI_P2P&NOT_RESTRICTED&TRUSTED&NOT_VPN LinkUpBandwidth>=1048576Kbps LinkDnBandwidth>=1048576Kbps]
09-02 15:51:36.270  3979  4177 D WIFI_P2P: evalRequest
09-02 15:51:36.270  3979  4177 D WIFI_P2P:   done
09-02 15:51:36.270  3979  4180 D ConnectivityService: MultiNetwork Request(TransportType - Wi-Fi request). Internet Capability doesn't required (false)
09-02 15:51:36.271  3979  4180 D ConnectivityService: Network NetworkAgentInfo [WIFI () - 502] was already satisfying request 140. No change.
09-02 15:51:36.271  3979  4180 D ConnectivityService: sending notification AVAILABLE for NetworkRequest [ TRACK_DEFAULT id=970, [ Capabilities: INTERNET&NOT_RESTRICTED&TRUSTED&NOT_VPN] ]
09-02 15:51:36.271  4633  4633 D PhoneSwitcherNetworkRequstListener:   my score=101, my filter=[ Transports: CELLULAR Capabilities: MMS&SUPL&DUN&FOTA&IMS&CBS&IA&RCS&XCAP&EIMS&INTERNET&NOT_RESTRICTED&TRUSTED&NOT_VPN&ENT1 Specifier: <android.net.MatchAllNetworkSpecifier@0>]
09-02 15:51:36.271  4633  4633 D PhoneSwitcherNetworkRequstListener: evalRequest
09-02 15:51:36.271  4633  4633 D PhoneSwitcherNetworkRequstListener:   needNetworkFor
09-02 15:51:36.271  3979  4180 D ConnectivityService: sending notification CAP_CHANGED for NetworkRequest [ TRACK_DEFAULT id=970, [ Capabilities: INTERNET&NOT_RESTRICTED&TRUSTED&NOT_VPN] ]
09-02 15:51:36.271  3979  4180 D ConnectivityService: sending notification IP_CHANGED for NetworkRequest [ TRACK_DEFAULT id=970, [ Capabilities: INTERNET&NOT_RESTRICTED&TRUSTED&NOT_VPN] ]
09-02 15:51:36.272  3979  4306 D Ethernet: got request NetworkRequest [ TRACK_DEFAULT id=970, [ Capabilities: INTERNET&NOT_RESTRICTED&TRUSTED&NOT_VPN] ] with score 60
09-02 15:51:36.273  3979  4306 D Ethernet:   my score=-1, my filter=[ Transports: ETHERNET Capabilities: INTERNET&NOT_RESTRICTED&TRUSTED&NOT_VPN LinkUpBandwidth>=100000Kbps LinkDnBandwidth>=100000Kbps]
09-02 15:51:36.273  3979  4306 D Ethernet: evalRequest
09-02 15:51:36.273  3979  4306 D Ethernet:   done
09-02 15:51:36.273  3979  4153 D WIFI    : got request NetworkRequest [ TRACK_DEFAULT id=970, [ Capabilities: INTERNET&NOT_RESTRICTED&TRUSTED&NOT_VPN] ] with score 60
09-02 15:51:36.273  3979  4153 D WIFI    :   my score=60, my filter=[ Transports: WIFI Capabilities: NOT_METERED&INTERNET&NOT_RESTRICTED&TRUSTED&NOT_VPN LinkUpBandwidth>=1048576Kbps LinkDnBandwidth>=1048576Kbps]
09-02 15:51:36.273  3979  4153 D WIFI    : evalRequest
09-02 15:51:36.273  3979  4153 D WIFI    :   needNetworkFor
09-02 15:51:36.273  3979  4153 D WIFI_UT : got request NetworkRequest [ TRACK_DEFAULT id=970, [ Capabilities: INTERNET&NOT_RESTRICTED&TRUSTED&NOT_VPN] ] with score 60
09-02 15:51:36.273  3979  4153 D WIFI_UT :   my score=2147483647, my filter=[ Transports: WIFI Capabilities: NOT_METERED&INTERNET&NOT_RESTRICTED&TRUSTED&NOT_VPN LinkUpBandwidth>=1048576Kbps LinkDnBandwidth>=1048576Kbps]
09-02 15:51:36.273  3979  4153 D WIFI_UT : evalRequest
09-02 15:51:36.273  3979  4153 D WIFI_UT :   needNetworkFor
09-02 15:51:36.277  3979 10236 D ConnectivityService: filterNetworkStateForUid() uid: 10076 networkInfo: [type: WIFI[] - WIFI, state: CONNECTED/CONNECTED, reason: (unspecified), extra: "WiFi 69", failover: false, available: true, roaming: false, metered: false]
09-02 15:51:36.282 29460 29489 W linker  : "/data/app/com.google.android.googlequicksearchbox--ua205YANz2OP3STg2zXzw==/base.apk!/lib/arm64-v8a/libcronet.108.0.5340.9.so" unused DT entry: type 0x70000001 arg 0x0
09-02 15:51:36.284 29460 29509 I SearchWidgetFlow: (REDACTED) SearchWidgetWorker:handleIntent(%s) started
09-02 15:51:36.285 29460 29460 I SearchWidgetFlow: (REDACTED) SearchWidget:handleIntent(%s)
09-02 15:51:36.290 29460 29522 D ConnectivityManager: requestNetwork; CallingUid : 10076, CallingPid : 29460
09-02 15:51:36.291  3979 10236 D ConnectivityService: listenForNetwork for uid/pid:10076/29460 NetworkRequest [ LISTEN id=971, [ Capabilities: INTERNET&NOT_RESTRICTED&TRUSTED] ]
09-02 15:51:36.292  3979  4180 D ConnectivityService: rematching NetworkAgentInfo [WIFI () - 502]
09-02 15:51:36.292  3979  4180 D ConnectivityService:  network has: [ Transports: WIFI Capabilities: NOT_METERED&INTERNET&NOT_RESTRICTED&TRUSTED&NOT_VPN&VALIDATED&FOREGROUND LinkUpBandwidth>=1048576Kbps LinkDnBandwidth>=1048576Kbps SignalStrength: -51]
09-02 15:51:36.292  3979  4180 D ConnectivityService: Network NetworkAgentInfo [WIFI () - 502] was already satisfying request 3. No change.
09-02 15:51:36.292  3979  4180 D ConnectivityService: Network NetworkAgentInfo [WIFI () - 502] was already satisfying request 1. No change.
09-02 15:51:36.292  3979  4180 D ConnectivityService: Network NetworkAgentInfo [WIFI () - 502] was already satisfying request 970. No change.
09-02 15:51:36.292  3979  4180 D ConnectivityService: Network NetworkAgentInfo [WIFI () - 502] was already satisfying request 140. No change.
09-02 15:51:36.292  3979  4180 D ConnectivityService: sending notification AVAILABLE for NetworkRequest [ LISTEN id=971, [ Capabilities: INTERNET&NOT_RESTRICTED&TRUSTED] ]
09-02 15:51:36.293  3979  4180 D ConnectivityService: sending notification CAP_CHANGED for NetworkRequest [ LISTEN id=971, [ Capabilities: INTERNET&NOT_RESTRICTED&TRUSTED] ]
09-02 15:51:36.293  3979  4180 D ConnectivityService: sending notification IP_CHANGED for NetworkRequest [ LISTEN id=971, [ Capabilities: INTERNET&NOT_RESTRICTED&TRUSTED] ]
09-02 15:51:36.294 29460 29460 W ResourceType: For resource 0x7f071a27, entry index(6695) is beyond type entryCount(3160)
09-02 15:51:36.294 29460 29460 W ResourceType: For resource 0x7f0713b0, entry index(5040) is beyond type entryCount(3160)
09-02 15:51:36.295  3979 14776 D ConnectivityService: filterNetworkStateForUid() uid: 10076 networkInfo: [type: WIFI[] - WIFI, state: CONNECTED/CONNECTED, reason: (unspecified), extra: "WiFi 69", failover: false, available: true, roaming: false, metered: false]
09-02 15:51:36.295 29460 29460 W ResourceType: ResTable_typeSpec entry count inconsistent: given 3160, previously 8189
09-02 15:51:36.295 29460 29460 W ResourceType: ResTable_typeSpec entry count inconsistent: given 5137, previously 5136
09-02 15:51:36.295 29460 29460 W ResourceType: ResTable_typeSpec entry count inconsistent: given 451, previously 4843
09-02 15:51:36.298 29460 29460 W ResourceType: For resource 0x7f071a27, entry index(6695) is beyond type entryCount(3160)
09-02 15:51:36.299 29460 29460 W ResourceType: For resource 0x7f0713b0, entry index(5040) is beyond type entryCount(3160)
09-02 15:51:36.302 29460 29490 I MicroModelsUtil: (REDACTED) #getHotwordModel [locale: %s, modelType: %s]
09-02 15:51:36.303 29460 29489 I cr_CronetLibraryLoader: Cronet version: 108.0.5340.9, arch: aarch64
09-02 15:51:36.304  3979 10236 D ConnectivityService: filterNetworkStateForUid() uid: 10076 networkInfo: [type: WIFI[] - WIFI, state: CONNECTED/CONNECTED, reason: (unspecified), extra: "WiFi 69", failover: false, available: true, roaming: false, metered: false]
09-02 15:51:36.313  3979 14776 D ConnectivityService: filterNetworkStateForUid() uid: 10076 networkInfo: [type: WIFI[] - WIFI, state: CONNECTED/CONNECTED, reason: (unspecified), extra: "WiFi 69", failover: false, available: true, roaming: false, metered: false]
09-02 15:51:36.316  3979  4545 D ConnectivityService: filterNetworkStateForUid() uid: 10076 networkInfo: [type: WIFI[] - WIFI, state: CONNECTED/CONNECTED, reason: (unspecified), extra: "WiFi 69", failover: false, available: true, roaming: false, metered: false]
09-02 15:51:36.317  3979 14776 D ConnectivityService: filterNetworkStateForUid() uid: 10076 networkInfo: [type: WIFI[] - WIFI, state: CONNECTED/CONNECTED, reason: (unspecified), extra: "WiFi 69", failover: false, available: true, roaming: false, metered: false]
09-02 15:51:36.321  3979 14776 D ActivityManager: The following uid has registered to recieve broadcast for proxy related updates 10076
09-02 15:51:36.321  3979 14776 W ContextImpl: Calling a method in the system process without a qualified user: android.app.ContextImpl.sendBroadcast:971 com.android.server.am.ActivityManagerService.requestKnoxVpnToSendProxyBroadcast:29502 com.android.server.am.ActivityManagerService.registerReceiver:23187 android.app.IActivityManager$Stub.onTransact:176 com.android.server.am.ActivityManagerService.onTransact:3862 
09-02 15:51:36.322  3979  3979 D KnoxVpnEngineService: Vpn Receiver : com.samsung.android.knox.intent.action.VPN_PROXY_BROADCAST_INTERNAL
09-02 15:51:36.323  3979  4130 I KnoxVpnEngineService: vpn handle : Message received
09-02 15:51:36.354  3979  3979 D AppWidgetServiceImpl: handleNotifyUpdateAppWidget, appWidgetId = 3
09-02 15:51:36.354 29460 29502 I SearchWidgetFlow: (REDACTED) SearchWidgetWorker:handleIntent(%s) done
09-02 15:51:36.355 29460 29507 I SearchWidgetFlow: (REDACTED) GsaWidgetProvider:onReceive(%s) done
09-02 15:51:36.355 29460 29509 W SearchServiceCore: Abort, client detached.
09-02 15:51:36.355  5213  5213 I LauncherAppWidgetHostView: updateLastOrientation, orientation: 1, activityOrientation: 1, fromRemoteViews: true, widget: ComponentInfo{com.google.android.googlequicksearchbox/com.google.android.googlequicksearchbox.SearchWidgetProvider}
09-02 15:51:36.362 29460 29475 I A       : getLocaleToModelSpecsMap
09-02 15:51:36.362 29460 29475 I A       : Using proto config with mendel
09-02 15:51:36.362 29460 29475 I A       : getLocaleToModelSpecsMap
09-02 15:51:36.362 29460 29475 I A       : Using proto config with mendel
09-02 15:51:36.362 29460 29475 I A       : getLocaleToModelSpecsMap
09-02 15:51:36.362 29460 29475 I A       : Using proto config with mendel
09-02 15:51:36.362 29460 29475 I MicroModelsUtil: (REDACTED) #getHotwordModelFromMobstore [mobstoreUri: %s]
09-02 15:51:36.363 29460 29489 I MicroModelsUtil: (REDACTED) #getHotwordModelFromMobstore [mobstoreUri: %s]
09-02 15:51:36.374 29460 29504 I MicroDataManager: (REDACTED) MicroDataManager InitializationTask. googleHotwordData is null: true, hotwordModel is null: %b , sourceLocationOfCurrentHotwordModel %s
09-02 15:51:36.377 29460 29509 I A       : getLocaleToModelSpecsMap
09-02 15:51:36.377 29460 29509 I A       : Using proto config with mendel
09-02 15:51:36.377 29460 29509 I A       : getLocaleToModelSpecsMap
09-02 15:51:36.377 29460 29509 I A       : Using proto config with mendel
09-02 15:51:36.378 29460 29509 I A       : getLocaleToModelSpecsMap
09-02 15:51:36.378 29460 29509 I A       : Using proto config with mendel
09-02 15:51:36.379 29460 29509 I A       : getLocaleToModelSpecsMap
09-02 15:51:36.379 29460 29509 I A       : Using proto config with mendel
09-02 15:51:36.380 29460 29509 I A       : (REDACTED) Adding from config to map. Locale: %s modelPrefix: %s Location:%s isSpeakerIdSupported: %b
09-02 15:51:36.380 29460 29509 I chatty  : uid=10076(u0_a76) EventBus0 identical 1 line
09-02 15:51:36.380 29460 29509 I A       : (REDACTED) Adding from config to map. Locale: %s modelPrefix: %s Location:%s isSpeakerIdSupported: %b
09-02 15:51:36.380 29460 29509 I A       : (REDACTED) Skipping. Expected model: %s Found: %s
09-02 15:51:36.381 29460 29509 I A       : (REDACTED) Adding from config to map. Locale: %s modelPrefix: %s Location:%s isSpeakerIdSupported: %b
09-02 15:51:36.382 29460 29509 I MicroDetectionState: (REDACTED) Should stop hotword detection immediately - %b
09-02 15:51:36.384 29460 29509 I A       : getLocaleToModelSpecsMap
09-02 15:51:36.384 29460 29509 I A       : Using proto config with mendel
09-02 15:51:36.384 29460 29475 I tflite  : Initialized TensorFlow Lite runtime.
09-02 15:51:36.385 29460 29509 I A       : getLocaleToModelSpecsMap
09-02 15:51:36.386 29460 29509 I A       : Using proto config with mendel
09-02 15:51:36.386 29460 29475 I HotwordService: (REDACTED) Model ID: %s
09-02 15:51:36.386 29460 29475 I HotwordService: (REDACTED) hotwordModelLocation is null %b, locale is %s, re-mapped Chinese locale %s
09-02 15:51:36.388 29460 29475 I A       : getLocaleToModelSpecsMap
09-02 15:51:36.388 29460 29475 I A       : Using proto config with mendel
09-02 15:51:36.388 29460 29475 I A       : getLocaleToModelSpecsMap
09-02 15:51:36.388 29460 29475 I A       : Using proto config with mendel
09-02 15:51:36.388 29460 29475 I A       : getLocaleToModelSpecsMap
09-02 15:51:36.388 29460 29475 I A       : Using proto config with mendel
09-02 15:51:36.389 29460 29475 I A       : getLocaleToModelSpecsMap
09-02 15:51:36.389 29460 29475 I A       : Using proto config with mendel
09-02 15:51:36.389 29460 29475 I A       : (REDACTED) Adding from config to map. Locale: %s modelPrefix: %s Location:%s isSpeakerIdSupported: %b
09-02 15:51:36.389 29460 29475 I chatty  : uid=10076(u0_a76) Binder:29460_3 identical 1 line
09-02 15:51:36.389 29460 29475 I A       : (REDACTED) Adding from config to map. Locale: %s modelPrefix: %s Location:%s isSpeakerIdSupported: %b
09-02 15:51:36.389 29460 29475 I A       : (REDACTED) Skipping. Expected model: %s Found: %s
09-02 15:51:36.389 29460 29475 I A       : (REDACTED) Adding from config to map. Locale: %s modelPrefix: %s Location:%s isSpeakerIdSupported: %b
09-02 15:51:36.409 29460 29496 I FedAssSettingsBuildType: BuildType: Release
09-02 15:51:36.409 29460 29496 I A       : (REDACTED) getFlSettingEnabledWithSettingsToggle: %b
09-02 15:51:36.411 29460 29475 I A       : getLocaleToModelSpecsMap
09-02 15:51:36.411 29460 29475 I A       : Using proto config with mendel
09-02 15:51:36.411 29460 29475 I A       : getLocaleToModelSpecsMap
09-02 15:51:36.411 29460 29475 I A       : Using proto config with mendel
09-02 15:51:36.411 29460 29475 I A       : getLocaleToModelSpecsMap
09-02 15:51:36.411 29460 29475 I A       : Using proto config with mendel
09-02 15:51:36.412 29460 29475 I A       : getLocaleToModelSpecsMap
09-02 15:51:36.412 29460 29475 I A       : Using proto config with mendel
09-02 15:51:36.412 29460 29475 I A       : (REDACTED) Adding from config to map. Locale: %s modelPrefix: %s Location:%s isSpeakerIdSupported: %b
09-02 15:51:36.412 29460 29475 I chatty  : uid=10076(u0_a76) Binder:29460_3 identical 1 line
09-02 15:51:36.412 29460 29475 I A       : (REDACTED) Adding from config to map. Locale: %s modelPrefix: %s Location:%s isSpeakerIdSupported: %b
09-02 15:51:36.412 29460 29475 I A       : (REDACTED) Skipping. Expected model: %s Found: %s
09-02 15:51:36.412 29460 29475 I A       : (REDACTED) Adding from config to map. Locale: %s modelPrefix: %s Location:%s isSpeakerIdSupported: %b
09-02 15:51:36.415  5117  5385 I MicroModelsUtil: (REDACTED) #getHotwordModelFromMobstore [mobstoreUri: %s]
09-02 15:51:36.419  5117  5385 I GsaVoiceInteractionSrv: (REDACTED) hotwordModel is null :  %b
09-02 15:51:36.419  5117  5385 I BistoHotwordHelper: (REDACTED) getHotwordActive::active query: %s, watch: %s, devices connected: %s
09-02 15:51:36.420  5117  5385 I HwDetectorWithState: (REDACTED) a: %d
09-02 15:51:36.420  5117  5385 I GsaVoiceInteractionSrv: #checkDspStatus
09-02 15:51:36.421  5117  5385 I BistoHotwordHelper: (REDACTED) setting speaker id present: %b
09-02 15:51:36.421  5117  5385 I BistoHotwordHelper: (REDACTED) setting speaker ID model presence: %b
09-02 15:51:36.421  5117  5385 I BistoHotwordHelper: (REDACTED) setting hotword model of size: %d bytes
09-02 15:51:36.421  5117  5385 I BistoHotwordHelper: (REDACTED) setting modeltype: %s
09-02 15:51:36.422  5117  5385 I BistoHotwordHelper: (REDACTED) setHotwordVoiceLocale: prev: %s, new: %s
09-02 15:51:36.422  5117  5385 I BistoHotwordHelper: (REDACTED) setting VM enrollment allowed: %b
09-02 15:51:36.422  5117  5385 I BistoHotwordHelper: (REDACTED) setSodaUsed: prev: %b, new: %b
09-02 15:51:36.425 29460 29509 W SessionLifecycleManager: (REDACTED) Client : %s has no associated SessionController
09-02 15:51:36.485  3979  4327 D skia    : Encode PNG Singlethread processname=system_server :       7011 us, width=84, height=84
09-02 15:51:36.627  4349  4349 D KeyguardUpdateMonitor: handleStatusBarState( false )
09-02 15:51:37.013 14031 14031 E adbd    : recv: OPEN 00022407 00000000 0076:73 68 65 6C 6C 2C 76 32 2C 54 45 52 4D 3D 78 74 65 72 6D 2D 32 35 36 63 6F 6C 6F 72 2C 72 61 77 3A 64 75 6D 70 73 79 73 20 61 63 74 69 76 69 74 79 20 72 65 63 65 6E 74 73 20 7C 20 67 72 65 70 20 22 52 65 63 65 6E 74 20 23 30 22 20 7C 20 63 75 74 20 2D 64 20 22 3D 22 20 2D 66 32 20 7C 20 67 72 65 70 20 2D 6F 20 2D 70 20 22 5B 61 2D 7A 7C 2E 5D 2A 22 00 
09-02 15:51:37.013 14031 14031 E adbd    : service_to_fd: shell,v2,TERM=xterm-256color,raw:dumpsys activity recents | grep "Recent #0" | cut -d "=" -f2 | grep -o -p "[a-z|.]*"
09-02 15:51:37.137 14031 14031 E adbd    : recv: OPEN 0002240a 00000000 0042:73 68 65 6C 6C 2C 76 32 2C 54 45 52 4D 3D 78 74 65 72 6D 2D 32 35 36 63 6F 6C 6F 72 2C 72 61 77 3A 67 65 74 70 72 6F 70 20 72 6F 2E 62 75 69 6C 64 2E 76 65 72 73 69 6F 6E 2E 72 65 6C 65 61 73 65 00 
09-02 15:51:37.137 14031 14031 E adbd    : service_to_fd: shell,v2,TERM=xterm-256color,raw:getprop ro.build.version.release
09-02 15:51:37.215 14031 14031 E adbd    : recv: OPEN 0002240d 00000000 003e:73 68 65 6C 6C 2C 76 32 2C 54 45 52 4D 3D 78 74 65 72 6D 2D 32 35 36 63 6F 6C 6F 72 2C 72 61 77 3A 67 65 74 70 72 6F 70 20 72 6F 2E 62 75 69 6C 64 2E 76 65 72 73 69 6F 6E 2E 73 64 6B 00 
09-02 15:51:37.215 14031 14031 E adbd    : service_to_fd: shell,v2,TERM=xterm-256color,raw:getprop ro.build.version.sdk
09-02 15:51:37.310 14031 14031 E adbd    : recv: OPEN 00022410 00000000 0034:73 68 65 6C 6C 2C 76 32 2C 54 45 52 4D 3D 78 74 65 72 6D 2D 32 35 36 63 6F 6C 6F 72 2C 72 61 77 3A 69 6E 70 75 74 20 74 61 70 20 35 35 30 20 31 35 30 30 00 
09-02 15:51:37.310 14031 14031 E adbd    : service_to_fd: shell,v2,TERM=xterm-256color,raw:input tap 550 1500
09-02 15:51:37.784 29548 29548 W ADebug  : Failed to get property persist.sys.media.traces
09-02 15:51:37.787 29548 29548 E appproc : Enhanced Zygote ASLR: ro.knox.enhance.zygote.aslr != 1. Enhanced Zygote ASLR is DISABLED!
09-02 15:51:37.787 29548 29548 D AndroidRuntime: >>>>>> START com.android.internal.os.RuntimeInit uid 2000 <<<<<<
09-02 15:51:37.791 29548 29548 D SecNativeFeatureCppIf: encoded
09-02 15:51:37.791 29548 29548 D SecNativeFeatureCppIf: decoding and unzip finish
09-02 15:51:37.791 29548 29548 D SecNativeFeatureCppIf: use unCompDataBuff. encoded
09-02 15:51:37.791 29548 29548 D SecNativeFeatureCppIf: Free unCompDataBuff
09-02 15:51:37.791 29548 29548 D SecNativeFeatureCppIf: encoded
09-02 15:51:37.791 29548 29548 D SecNativeFeatureCppIf: decoding and unzip finish
09-02 15:51:37.791 29548 29548 D SecNativeFeatureCppIf: use unCompDataBuff. encoded
09-02 15:51:37.791 29548 29548 D SecNativeFeatureCppIf: Free unCompDataBuff
09-02 15:51:37.791 29548 29548 D SecNativeFeatureCppIf: encoded
09-02 15:51:37.791 29548 29548 D SecNativeFeatureCppIf: decoding and unzip finish
09-02 15:51:37.791 29548 29548 D SecNativeFeatureCppIf: use unCompDataBuff. encoded
09-02 15:51:37.792 29548 29548 D SecNativeFeatureCppIf: Free unCompDataBuff
09-02 15:51:37.792 29548 29548 D SecNativeFeatureCppIf: encoded
09-02 15:51:37.792 29548 29548 D SecNativeFeatureCppIf: decoding and unzip finish
09-02 15:51:37.792 29548 29548 D SecNativeFeatureCppIf: use unCompDataBuff. encoded
09-02 15:51:37.792 29548 29548 D SecNativeFeatureCppIf: Free unCompDataBuff
09-02 15:51:37.908 29548 29548 D ICU     : Timezone override file found: /data/misc/zoneinfo/current/icu/icu_tzdata.dat
09-02 15:51:37.923 29548 29548 I app_process: find the special shared library, skip check
09-02 15:51:37.953 29548 29548 D SemCscFeature: Encoded
09-02 15:51:37.956 29548 29548 I chatty  : uid=2000(shell) identical 2 lines
09-02 15:51:37.957 29548 29548 D SemCscFeature: Encoded
09-02 15:51:37.959 29548 29548 E SemAffinityControl: SemAffinityControl: registerfunction enter
09-02 15:51:37.966 29548 29548 D AndroidRuntime: Calling main entry com.android.commands.input.Input
09-02 15:51:37.969 29548 29548 I Input   : injectMotionEvent: MotionEvent { action=ACTION_DOWN, actionButton=0, id[0]=0, x[0]=550.0, y[0]=1500.0, toolType[0]=TOOL_TYPE_UNKNOWN, buttonState=0, metaState=0, flags=0x0, edgeFlags=0x0, pointerCount=1, historySize=0, eventTime=53231212, downTime=53231212, deviceId=3, source=0x1002 }
09-02 15:51:37.970  3979 14776 D InputDispatcher: Inject motion (29548): action=0x0, eventTime=53231212000000, displayId=0
09-02 15:51:37.970  3979  4081 I InputDispatcher: Dropping event because there is no touchable window at (550, 1500).
09-02 15:51:37.971  3979 14776 W InputManager: Input event injection from pid 29548 failed.
09-02 15:51:37.971 29548 29548 I Input   : injectMotionEvent: MotionEvent { action=ACTION_UP, actionButton=0, id[0]=0, x[0]=550.0, y[0]=1500.0, toolType[0]=TOOL_TYPE_UNKNOWN, buttonState=0, metaState=0, flags=0x0, edgeFlags=0x0, pointerCount=1, historySize=0, eventTime=53231212, downTime=53231212, deviceId=3, source=0x1002 }
09-02 15:51:37.971  3979  8178 D InputDispatcher: Inject motion (29548): action=0x1, eventTime=53231212000000, displayId=0
09-02 15:51:37.971  3979  8178 W InputManager: Input event injection from pid 29548 failed.
09-02 15:51:37.972 29548 29548 D AndroidRuntime: Shutting down VM
09-02 15:51:38.060 14031 14031 E adbd    : recv: OPEN 00022413 00000000 0042:73 68 65 6C 6C 2C 76 32 2C 54 45 52 4D 3D 78 74 65 72 6D 2D 32 35 36 63 6F 6C 6F 72 2C 72 61 77 3A 67 65 74 70 72 6F 70 20 72 6F 2E 62 75 69 6C 64 2E 76 65 72 73 69 6F 6E 2E 72 65 6C 65 61 73 65 00 
09-02 15:51:38.060 14031 14031 E adbd    : service_to_fd: shell,v2,TERM=xterm-256color,raw:getprop ro.build.version.release
09-02 15:51:38.129 14031 14031 E adbd    : recv: OPEN 00022416 00000000 003e:73 68 65 6C 6C 2C 76 32 2C 54 45 52 4D 3D 78 74 65 72 6D 2D 32 35 36 63 6F 6C 6F 72 2C 72 61 77 3A 67 65 74 70 72 6F 70 20 72 6F 2E 62 75 69 6C 64 2E 76 65 72 73 69 6F 6E 2E 73 64 6B 00 
09-02 15:51:38.130 14031 14031 E adbd    : service_to_fd: shell,v2,TERM=xterm-256color,raw:getprop ro.build.version.sdk
09-02 15:51:38.180 29312 29382 I cr_omaha: Attempting to schedule next job for: Sat Sep 02 18:19:34 GMT+02:00 2023
09-02 15:51:38.184 29312 29312 I cr_omaha: Scheduled using JobService
09-02 15:51:38.193 29312 29312 E cr_BkgrdTaskJS: Tried finishing non-current BackgroundTask.
09-02 15:51:38.197 14031 14031 E adbd    : recv: OPEN 00022419 00000000 0102:73 68 65 6C 6C 2C 76 32 2C 54 45 52 4D 3D 78 74 65 72 6D 2D 32 35 36 63 6F 6C 6F 72 2C 72 61 77 3A 61 6D 20 73 74 61 72 74 2D 66 6F 72 65 67 72 6F 75 6E 64 2D 73 65 72 76 69 63 65 20 2D 6E 20 22 63 6F 6D 2E 65 78 61 6D 70 6C 65 2E 62 61 74 74 65 72 79 6D 61 6E 61 67 65 72 5F 75 74 69 6C 69 74 79 2F 63 6F 6D 2E 65 78 61 6D 70 6C 65 2E 62 61 74 74 65 72 79 6D 61 6E 61 67 65 72 5F 75 74 69 6C 69 74 79 2E 44 61 74 61 43 6F 6C 6C 65 63 74 69 6F 6E 53 65 72 76 69 63 65 22 20 2D 2D 65 69 20 73 61 6D 70 6C 65 52 61 74 65 20 31 30 30 20 2D 2D 65 73 20 22 64 61 74 61 46 69 65 6C 64 73 22 20 22 42 41 54 54 45 52 59 5F 50 52 4F 50 45 52 54 59 5F 43 55 52 52 45 4E 54 5F 4E 4F 57 2C 45 58 54 52 41 5F 56 4F 4C 54 41 47 45 22 20 2D 2D 65 7A 20 74 6F 43 53 56 20 66 61 6C 73 65 00 
09-02 15:51:38.197 14031 14031 E adbd    : service_to_fd: shell,v2,TERM=xterm-256color,raw:am start-foreground-service -n "com.example.batterymanager_utility/com.example.batterymanager_utility.DataCollectionService" --ei sampleRate 100 --es "dataFields" "BATTERY_PROPERTY_CURRENT_NOW,EXTRA_VOLTAGE" --ez toCSV false
09-02 15:51:38.273 29269 29269 I BatteryMgr:DataCollectionService: onStartCommand: begin
09-02 15:51:38.273 29269 29269 I BatteryMgr:DataCollectionService: onStartCommand: sampleRate => 100
09-02 15:51:38.274 29269 29269 I BatteryMgr:DataCollectionService: onStartCommand: rawFields => Timestamp,BATTERY_PROPERTY_CURRENT_NOW,EXTRA_VOLTAGE
09-02 15:51:38.277 29269 29269 I BatteryMgr:DataCollectionService: onStartCommand: notification done
09-02 15:51:38.279 29269 29269 D Notification: allPendingIntents
09-02 15:51:38.281 29269 29269 I BatteryMgr:DataCollectionService: started foreground
09-02 15:51:38.284  3979  3995 D ApplicationPolicy: isStatusBarNotificationAllowedAsUser: packageName = android,userId = 0
09-02 15:51:38.284  3979  3995 D API test: getContainerInfo: value is 
09-02 15:51:38.284  3979  3995 D ApplicationPolicy: isStatusBarNotificationAllowedAsUser: packageName = android,userId = 0
09-02 15:51:38.284  3979  3995 D API test: getContainerInfo: value is 
09-02 15:51:38.285  3979  3995 D ApplicationPolicy: isStatusBarNotificationAllowedAsUser: packageName = com.example.batterymanager_utility,userId = 0
09-02 15:51:38.285  3979  3995 D API test: getContainerInfo: value is 
09-02 15:51:38.285  3979  3995 D ApplicationPolicy: isStatusBarNotificationAllowedAsUser: packageName = com.example.batterymanager_utility,userId = 0
09-02 15:51:38.285  3979  3995 D API test: getContainerInfo: value is 
09-02 15:51:38.288  3979  3979 D AudioService: getStreamVolume 5 index 110
09-02 15:51:38.290  3979 10236 D Notification: allPendingIntents
09-02 15:51:38.292  4349  4349 D StatusBar: addNotification key=0|android|40|null|1000 fullscreen:false
09-02 15:51:38.292  3979 10236 D Notification: allPendingIntents
09-02 15:51:38.294  3979  3979 I AccessibilityManagerService: semOnLightNotification(null), bIsFlashOn : false
09-02 15:51:38.294  3979  3979 D AccessibilityManagerService: Can't use light notification
09-02 15:51:38.295  3979  3979 D AudioService: getStreamVolume 5 index 110
09-02 15:51:38.298  3979 14776 D Notification: allPendingIntents
09-02 15:51:38.299  3979 14776 D Notification: allPendingIntents
09-02 15:51:38.302 29269 29581 I BatteryMgr:DataCollectionService: collectData: begin
09-02 15:51:38.302  4349  4349 D StatusBar: addNotification key=0|com.example.batterymanager_utility|1|null|10157 fullscreen:false
09-02 15:51:38.309 14031 14031 E adbd    : recv: OPEN 0002241c 00000000 0042:73 68 65 6C 6C 2C 76 32 2C 54 45 52 4D 3D 78 74 65 72 6D 2D 32 35 36 63 6F 6C 6F 72 2C 72 61 77 3A 67 65 74 70 72 6F 70 20 72 6F 2E 62 75 69 6C 64 2E 76 65 72 73 69 6F 6E 2E 72 65 6C 65 61 73 65 00 
09-02 15:51:38.309 14031 14031 E adbd    : service_to_fd: shell,v2,TERM=xterm-256color,raw:getprop ro.build.version.release
09-02 15:51:38.311 29269 29581 I BatteryMgr:DataCollectionService: stats => 1693662698311,69,4310
09-02 15:51:38.386 14031 14031 E adbd    : recv: OPEN 0002241f 00000000 003e:73 68 65 6C 6C 2C 76 32 2C 54 45 52 4D 3D 78 74 65 72 6D 2D 32 35 36 63 6F 6C 6F 72 2C 72 61 77 3A 67 65 74 70 72 6F 70 20 72 6F 2E 62 75 69 6C 64 2E 76 65 72 73 69 6F 6E 2E 73 64 6B 00 
09-02 15:51:38.386 14031 14031 E adbd    : service_to_fd: shell,v2,TERM=xterm-256color,raw:getprop ro.build.version.sdk
09-02 15:51:38.398  3449  3449 I android.hardware.wifi@1.0-service: getLinkLayerStats
09-02 15:51:38.403  4349  4349 D KeyguardUpdateMonitor: handleStatusBarState( false )
09-02 15:51:38.419 29269 29581 I BatteryMgr:DataCollectionService: stats => 1693662698419,69,4310
09-02 15:51:38.465 14031 14031 E adbd    : recv: OPEN 00022422 00000000 0029:73 68 65 6C 6C 2C 76 32 2C 54 45 52 4D 3D 78 74 65 72 6D 2D 32 35 36 63 6F 6C 6F 72 2C 72 61 77 3A 64 61 74 65 20 2D 75 00 
09-02 15:51:38.465 14031 14031 E adbd    : service_to_fd: shell,v2,TERM=xterm-256color,raw:date -u
09-02 15:51:38.525 29269 29581 I BatteryMgr:DataCollectionService: stats => 1693662698524,69,4310
09-02 15:51:38.539 14031 14031 E adbd    : recv: OPEN 00022425 00000000 003e:73 68 65 6C 6C 2C 76 32 2C 54 45 52 4D 3D 78 74 65 72 6D 2D 32 35 36 63 6F 6C 6F 72 2C 72 61 77 3A 64 75 6D 70 73 79 73 20 63 70 75 69 6E 66 6F 20 7C 20 67 72 65 70 20 54 4F 54 41 4C 00 
09-02 15:51:38.539 14031 14031 E adbd    : service_to_fd: shell,v2,TERM=xterm-256color,raw:dumpsys cpuinfo | grep TOTAL
09-02 15:51:38.626 14031 14031 E adbd    : recv: OPEN 00022428 00000000 003d:73 68 65 6C 6C 2C 76 32 2C 54 45 52 4D 3D 78 74 65 72 6D 2D 32 35 36 63 6F 6C 6F 72 2C 72 61 77 3A 64 75 6D 70 73 79 73 20 6D 65 6D 69 6E 66 6F 20 7C 20 67 72 65 70 20 55 73 65 64 00 
09-02 15:51:38.626 14031 14031 E adbd    : service_to_fd: shell,v2,TERM=xterm-256color,raw:dumpsys meminfo | grep Used
09-02 15:51:38.632 29269 29581 I BatteryMgr:DataCollectionService: stats => 1693662698632,69,4310
09-02 15:51:38.739 29269 29581 I BatteryMgr:DataCollectionService: stats => 1693662698739,69,4310
09-02 15:51:38.844 29269 29581 I BatteryMgr:DataCollectionService: stats => 1693662698844,69,4310
09-02 15:51:38.952 29269 29581 I BatteryMgr:DataCollectionService: stats => 1693662698952,69,4310
09-02 15:51:39.060 29269 29581 I BatteryMgr:DataCollectionService: stats => 1693662699059,69,4310
09-02 15:51:39.167 29269 29581 I BatteryMgr:DataCollectionService: stats => 1693662699167,69,4310
09-02 15:51:39.276 29269 29581 I BatteryMgr:DataCollectionService: stats => 1693662699276,69,4310
09-02 15:51:39.384 29269 29581 I BatteryMgr:DataCollectionService: stats => 1693662699383,69,4310
09-02 15:51:39.494 29269 29581 I BatteryMgr:DataCollectionService: stats => 1693662699494,69,4310
09-02 15:51:39.600 29269 29581 I BatteryMgr:DataCollectionService: stats => 1693662699600,69,4310
09-02 15:51:39.712 29269 29581 I BatteryMgr:DataCollectionService: stats => 1693662699711,69,4310
09-02 15:51:39.823 29269 29581 I BatteryMgr:DataCollectionService: stats => 1693662699823,69,4310
09-02 15:51:39.935 29269 29581 I BatteryMgr:DataCollectionService: stats => 1693662699934,69,4310
09-02 15:51:39.973  3979 10236 D SamsungAlarmManager: Cancel Alarm calling from uid:10025 pid :22051 / op:PendingIntent{6cd2a86: PendingIntentRecord{f58c84b com.google.android.gms startService}}
09-02 15:51:40.046 29269 29581 I BatteryMgr:DataCollectionService: stats => 1693662700046,69,4310
09-02 15:51:40.132  3979  4051 D SensorService: [SO] 0.086 -0.373 9.850
09-02 15:51:40.157 29269 29581 I BatteryMgr:DataCollectionService: stats => 1693662700157,69,4310
09-02 15:51:40.267 29269 29581 I BatteryMgr:DataCollectionService: stats => 1693662700266,69,4310
09-02 15:51:40.377 29269 29581 I BatteryMgr:DataCollectionService: stats => 1693662700377,69,4310
09-02 15:51:40.382  4962  4962 D io_stats: !@ 179,0 r 657137 19727348 w 488084 10372368 d 52718 20033592 f 124743 127788 iot 583304 490950 th 51200 0 0 pt 0 inp 0 0 53233.626
09-02 15:51:40.491 29269 29581 I BatteryMgr:DataCollectionService: stats => 1693662700491,69,4310
09-02 15:51:40.604 29269 29581 I BatteryMgr:DataCollectionService: stats => 1693662700604,69,4310
09-02 15:51:40.715 29269 29581 I BatteryMgr:DataCollectionService: stats => 1693662700715,69,4310
09-02 15:51:40.826 29269 29581 I BatteryMgr:DataCollectionService: stats => 1693662700825,69,4310
09-02 15:51:40.937 29269 29581 I BatteryMgr:DataCollectionService: stats => 1693662700937,69,4310
09-02 15:51:41.048 29269 29581 I BatteryMgr:DataCollectionService: stats => 1693662701048,69,4310
09-02 15:51:41.159 29269 29581 I BatteryMgr:DataCollectionService: stats => 1693662701159,69,4310
09-02 15:51:41.271 29269 29581 I BatteryMgr:DataCollectionService: stats => 1693662701271,69,4310
09-02 15:51:41.379 29269 29581 I BatteryMgr:DataCollectionService: stats => 1693662701379,69,4310
09-02 15:51:41.420  3449  3449 I android.hardware.wifi@1.0-service: getLinkLayerStats
09-02 15:51:41.484 29269 29581 I BatteryMgr:DataCollectionService: stats => 1693662701484,69,4310
09-02 15:51:41.594 29269 29581 I BatteryMgr:DataCollectionService: stats => 1693662701593,69,4310
09-02 15:51:41.705 29269 29581 I BatteryMgr:DataCollectionService: stats => 1693662701704,69,4310
09-02 15:51:41.815 29269 29581 I BatteryMgr:DataCollectionService: stats => 1693662701814,69,4310
09-02 15:51:41.925 29269 29581 I BatteryMgr:DataCollectionService: stats => 1693662701925,69,4310
09-02 15:51:42.015 14031 14031 E adbd    : recv: OPEN 0002242b 00000000 0029:73 68 65 6C 6C 2C 76 32 2C 54 45 52 4D 3D 78 74 65 72 6D 2D 32 35 36 63 6F 6C 6F 72 2C 72 61 77 3A 64 61 74 65 20 2D 75 00 
09-02 15:51:42.015 14031 14031 E adbd    : service_to_fd: shell,v2,TERM=xterm-256color,raw:date -u
09-02 15:51:42.030 14031 14031 E adbd    : recv: OPEN 0002242e 00000000 00d2:73 68 65 6C 6C 2C 76 32 2C 54 45 52 4D 3D 78 74 65 72 6D 2D 32 35 36 63 6F 6C 6F 72 2C 72 61 77 3A 61 6D 20 73 74 61 72 74 20 2D 61 20 61 6E 64 72 6F 69 64 2E 69 6E 74 65 6E 74 2E 61 63 74 69 6F 6E 2E 56 49 45 57 20 2D 6E 20 63 6F 6D 2E 61 6E 64 72 6F 69 64 2E 63 68 72 6F 6D 65 2F 63 6F 6D 2E 67 6F 6F 67 6C 65 2E 61 6E 64 72 6F 69 64 2E 61 70 70 73 2E 63 68 72 6F 6D 65 2E 4D 61 69 6E 20 2D 64 20 68 74 74 70 3A 2F 2F 31 39 32 2E 31 36 38 2E 38 38 2E 31 37 37 3A 38 30 30 30 2F 46 69 6E 61 6E 63 65 2F 70 61 79 70 61 6C 2D 76 65 6E 64 6F 72 2F 77 77 77 2E 70 61 79 70 61 6C 2E 63 6F 6D 2F 72 6F 2F 68 6F 6D 65 2E 68 74 6D 6C 00 
09-02 15:51:42.030 14031 14031 E adbd    : service_to_fd: shell,v2,TERM=xterm-256color,raw:am start -a android.intent.action.VIEW -n com.android.chrome/com.google.android.apps.chrome.Main -d http://192.168.88.177:8000/Finance/paypal-vendor/www.paypal.com/ro/home.html
09-02 15:51:42.032 29269 29581 I BatteryMgr:DataCollectionService: stats => 1693662702032,69,4310
09-02 15:51:42.079 14031 14031 E adbd    : recv: OPEN 00022431 00000000 003e:73 68 65 6C 6C 2C 76 32 2C 54 45 52 4D 3D 78 74 65 72 6D 2D 32 35 36 63 6F 6C 6F 72 2C 72 61 77 3A 64 75 6D 70 73 79 73 20 63 70 75 69 6E 66 6F 20 7C 20 67 72 65 70 20 54 4F 54 41 4C 00 
09-02 15:51:42.079 14031 14031 E adbd    : service_to_fd: shell,v2,TERM=xterm-256color,raw:dumpsys cpuinfo | grep TOTAL
09-02 15:51:42.102  3979 14776 I ActivityManager: START u0 {act=android.intent.action.VIEW typ=null flg=0x10000000 cmp=ComponentInfo{com.android.chrome/com.google.android.apps.chrome.Main}} from uid 2000
09-02 15:51:42.103  3979 14776 D CustomFrequencyManagerService: acquireDVFSLockLocked : type : DVFS_MIN_LIMIT  frequency : 1560000  uid : 1000  pid : 3979  pkgName : AMS_ACT_START@CPU_MIN@8
09-02 15:51:42.106  3979 14776 D ActivityManagerPerformance: AMP_acquire() ACT_START
09-02 15:51:42.121 29312 29312 D InputMethodManager: HSIFW - flag : 0 Pid : 29312
09-02 15:51:42.121  3979 14776 V InputMethodManagerService: Client requesting input be hidden, flags : 0
09-02 15:51:42.121  3979 14776 V InputMethodManagerService: hideCurrentInputLocked : shouldHideSoftInput is false
09-02 15:51:42.125  3979 14776 D ConnectivityService: filterNetworkStateForUid() uid: 10096 networkInfo: [type: WIFI[] - WIFI, state: CONNECTED/CONNECTED, reason: (unspecified), extra: "WiFi 69", failover: false, available: true, roaming: false, metered: false]
09-02 15:51:42.132 29312 29312 E cr_IntentUtils: getInt failed on bundle null
09-02 15:51:42.135 29312 29312 E ResourceType: Style contains key with bad entry: 0x0101062c
09-02 15:51:42.136 29269 29581 I BatteryMgr:DataCollectionService: stats => 1693662702136,14,4310
