09-02 03:01:20.132 15908 15908 I cr_tabmodel: #isIncognitoTabBeingRestored from tabDetails:  false
09-02 03:01:20.132 15908 15908 I cr_tabmodel: #isIncognitoTabBeingRestored from tabDetails:  false
09-02 03:01:20.132 15908 15908 W cr_tabmodel: Failed to restore TabState; creating Tab with last known URL.
09-02 03:01:20.134 17805 17805 E cessService0:6: Not starting debugger since process cannot load the jdwp agent.
09-02 03:01:20.142 15908 15908 E cr_IntentUtils: getBooleanExtra failed on intent null
09-02 03:01:20.142 15908 15908 E cr_IntentUtils: getBooleanExtra failed on intent null
09-02 03:01:20.146 15908 15908 I cr_tabmodel: #isIncognitoTabBeingRestored from tabDetails:  false
09-02 03:01:20.146 15908 15908 I cr_tabmodel: #isIncognitoTabBeingRestored from tabDetails:  false
09-02 03:01:20.146 15908 15908 W cr_tabmodel: Failed to restore TabState; creating Tab with last known URL.
09-02 03:01:20.155 15908 15908 E cr_IntentUtils: getBooleanExtra failed on intent null
09-02 03:01:20.155 15908 15908 E cr_IntentUtils: getBooleanExtra failed on intent null
09-02 03:01:20.159 15908 15908 I cr_tabmodel: #isIncognitoTabBeingRestored from tabDetails:  false
09-02 03:01:20.159 15908 15908 I cr_tabmodel: #isIncognitoTabBeingRestored from tabDetails:  false
09-02 03:01:20.159 15908 15908 W cr_tabmodel: Failed to restore TabState; creating Tab with last known URL.
09-02 03:01:20.164  1513  1651 D KernelCpuUidUserSysTimeReader: Removing uids 90004-90004
09-02 03:01:20.164  1513  1651 D KernelCpuUidUserSysTimeReader: Removing uids 90005-90005
09-02 03:01:20.164  1513  1651 D KernelCpuUidUserSysTimeReader: Removing uids 90006-90006
09-02 03:01:20.165  1513  1651 D KernelCpuUidUserSysTimeReader: Removing uids 90007-90007
09-02 03:01:20.165  1513  1651 D KernelCpuUidUserSysTimeReader: Removing uids 90008-90008
09-02 03:01:20.165  1513  1651 D KernelCpuUidUserSysTimeReader: Removing uids 90011-90011
09-02 03:01:20.165  1513  1651 D KernelCpuUidUserSysTimeReader: Removing uids 90001-90001
09-02 03:01:20.166  1513  1651 D KernelCpuUidUserSysTimeReader: Removing uids 90002-90002
09-02 03:01:20.166  1513  1651 D KernelCpuUidUserSysTimeReader: Removing uids 90003-90003
09-02 03:01:20.166  1513  1651 D KernelCpuUidUserSysTimeReader: Removing uids 90009-90009
09-02 03:01:20.166  1513  1651 D KernelCpuUidUserSysTimeReader: Removing uids 90013-90013
09-02 03:01:20.166  1513  1651 D KernelCpuUidUserSysTimeReader: Removing uids 90010-90010
09-02 03:01:20.167  1513  1651 D KernelCpuUidUserSysTimeReader: Removing uids 90016-90016
09-02 03:01:20.167  1513  1651 D KernelCpuUidUserSysTimeReader: Removing uids 90012-90012
09-02 03:01:20.167  1513  1651 D KernelCpuUidUserSysTimeReader: Removing uids 90017-90017
09-02 03:01:20.167  1513  1651 D KernelCpuUidUserSysTimeReader: Removing uids 90015-90015
09-02 03:01:20.167  1513  1651 D KernelCpuUidUserSysTimeReader: Removing uids 90014-90014
09-02 03:01:20.167  1513  1651 D KernelCpuUidUserSysTimeReader: Removing uids 90018-90018
09-02 03:01:20.168  1513  1651 D KernelCpuUidUserSysTimeReader: Removing uids 90012-90012
09-02 03:01:20.168  1513  1651 D KernelCpuUidUserSysTimeReader: Removing uids 90032-90032
09-02 03:01:20.168  1513  1651 D KernelCpuUidUserSysTimeReader: Removing uids 90098-90098
09-02 03:01:20.168  1513  1651 D KernelCpuUidUserSysTimeReader: Removing uids 99085-99085
09-02 03:01:20.168  1513  1651 D KernelCpuUidUserSysTimeReader: Removing uids 90099-90099
09-02 03:01:20.168  1513  1651 D KernelCpuUidUserSysTimeReader: Removing uids 90097-90097
09-02 03:01:20.169 15908 15908 E cr_IntentUtils: getBooleanExtra failed on intent null
09-02 03:01:20.169  1513  1651 D KernelCpuUidUserSysTimeReader: Removing uids 90093-90093
09-02 03:01:20.169 15908 15908 E cr_IntentUtils: getBooleanExtra failed on intent null
09-02 03:01:20.169  1513  1651 D KernelCpuUidUserSysTimeReader: Removing uids 90071-90071
09-02 03:01:20.169  1513  1651 D KernelCpuUidUserSysTimeReader: Removing uids 90047-90047
09-02 03:01:20.169  1513  1651 D KernelCpuUidUserSysTimeReader: Removing uids 90080-90080
09-02 03:01:20.169  1513  1651 D KernelCpuUidUserSysTimeReader: Removing uids 90087-90087
09-02 03:01:20.169  1513  1651 D KernelCpuUidUserSysTimeReader: Removing uids 90079-90079
09-02 03:01:20.170  1513  1651 D KernelCpuUidUserSysTimeReader: Removing uids 90095-90095
09-02 03:01:20.170  1513  1651 D KernelCpuUidUserSysTimeReader: Removing uids 90084-90084
09-02 03:01:20.170  1513  1651 D KernelCpuUidUserSysTimeReader: Removing uids 90077-90077
09-02 03:01:20.170  1513  1651 D KernelCpuUidUserSysTimeReader: Removing uids 90076-90076
09-02 03:01:20.170  1513  1651 D KernelCpuUidUserSysTimeReader: Removing uids 90075-90075
09-02 03:01:20.171  1513  1651 D KernelCpuUidUserSysTimeReader: Removing uids 90092-90092
09-02 03:01:20.171  1513  1651 D KernelCpuUidUserSysTimeReader: Removing uids 90085-90085
09-02 03:01:20.171  1513  1651 D KernelCpuUidUserSysTimeReader: Removing uids 90074-90074
09-02 03:01:20.171  1513  1651 D KernelCpuUidUserSysTimeReader: Removing uids 90078-90078
09-02 03:01:20.171  1513  1651 D KernelCpuUidUserSysTimeReader: Removing uids 90089-90089
09-02 03:01:20.172  1513  1651 D KernelCpuUidUserSysTimeReader: Removing uids 90094-90094
09-02 03:01:20.172  1513  1651 D KernelCpuUidUserSysTimeReader: Removing uids 90086-90086
09-02 03:01:20.172  1513  1651 D KernelCpuUidUserSysTimeReader: Removing uids 99093-99093
09-02 03:01:20.172 15908 15908 I cr_tabmodel: #isIncognitoTabBeingRestored from tabDetails:  false
09-02 03:01:20.172 15908 15908 I cr_tabmodel: #isIncognitoTabBeingRestored from tabDetails:  false
09-02 03:01:20.172  1513  1651 D KernelCpuUidUserSysTimeReader: Removing uids 90041-90041
09-02 03:01:20.172 15908 15908 W cr_tabmodel: Failed to restore TabState; creating Tab with last known URL.
09-02 03:01:20.172  1513  1651 D KernelCpuUidUserSysTimeReader: Removing uids 90043-90043
09-02 03:01:20.173  1513  1651 D KernelCpuUidUserSysTimeReader: Removing uids 90048-90048
09-02 03:01:20.173  1513  1651 D KernelCpuUidUserSysTimeReader: Removing uids 90007-90007
09-02 03:01:20.173  1513  1651 D KernelCpuUidUserSysTimeReader: Removing uids 90025-90025
09-02 03:01:20.173  1513  1651 D KernelCpuUidUserSysTimeReader: Removing uids 90026-90026
09-02 03:01:20.173  1513  1651 D KernelCpuUidUserSysTimeReader: Removing uids 90081-90081
09-02 03:01:20.173  1513  1651 D KernelCpuUidUserSysTimeReader: Removing uids 90011-90011
09-02 03:01:20.174  1513  1651 D KernelCpuUidUserSysTimeReader: Removing uids 90029-90029
09-02 03:01:20.174  1513  1651 D KernelCpuUidUserSysTimeReader: Removing uids 90056-90056
09-02 03:01:20.174  1513  1651 D KernelCpuUidUserSysTimeReader: Removing uids 90019-90019
09-02 03:01:20.174  1513  1651 D KernelCpuUidUserSysTimeReader: Removing uids 90051-90051
09-02 03:01:20.174  1513  1651 D KernelCpuUidUserSysTimeReader: Removing uids 90058-90058
09-02 03:01:20.175  1513  1651 D KernelCpuUidUserSysTimeReader: Removing uids 90054-90054
09-02 03:01:20.175  1513  1651 D KernelCpuUidUserSysTimeReader: Removing uids 90036-90036
09-02 03:01:20.175  1513  1651 D KernelCpuUidUserSysTimeReader: Removing uids 90040-90040
09-02 03:01:20.175  1513  1651 D KernelCpuUidUserSysTimeReader: Removing uids 90020-90020
09-02 03:01:20.175  1513  1651 D KernelCpuUidUserSysTimeReader: Removing uids 90038-90038
09-02 03:01:20.175  1513  1651 D KernelCpuUidUserSysTimeReader: Removing uids 90061-90061
09-02 03:01:20.176  1513  1651 D KernelCpuUidUserSysTimeReader: Removing uids 90073-90073
09-02 03:01:20.176  1513  1651 D KernelCpuUidUserSysTimeReader: Removing uids 99088-99088
09-02 03:01:20.176  1513  1651 D KernelCpuUidUserSysTimeReader: Removing uids 90044-90044
09-02 03:01:20.176  1513  1651 D KernelCpuUidUserSysTimeReader: Removing uids 90022-90022
09-02 03:01:20.176  1513  1651 D KernelCpuUidUserSysTimeReader: Removing uids 90024-90024
09-02 03:01:20.176  1513  1651 D KernelCpuUidUserSysTimeReader: Removing uids 99089-99089
09-02 03:01:20.177  1513  1651 D KernelCpuUidUserSysTimeReader: Removing uids 99090-99090
09-02 03:01:20.177  1513  1651 D KernelCpuUidUserSysTimeReader: Removing uids 90053-90053
09-02 03:01:20.177  1513  1651 D KernelCpuUidUserSysTimeReader: Removing uids 90052-90052
09-02 03:01:20.177  1513  1651 D KernelCpuUidUserSysTimeReader: Removing uids 90064-90064
09-02 03:01:20.177  1513  1651 D KernelCpuUidUserSysTimeReader: Removing uids 99086-99086
09-02 03:01:20.178  1513  1651 D KernelCpuUidUserSysTimeReader: Removing uids 90046-90046
09-02 03:01:20.178  1513  1651 D KernelCpuUidUserSysTimeReader: Removing uids 90008-90008
09-02 03:01:20.178  1513  1651 D KernelCpuUidUserSysTimeReader: Removing uids 90069-90069
09-02 03:01:20.178  1513  1651 D KernelCpuUidUserSysTimeReader: Removing uids 99092-99092
09-02 03:01:20.178  1513  1651 D KernelCpuUidUserSysTimeReader: Removing uids 90027-90027
09-02 03:01:20.178  1513  1651 D KernelCpuUidUserSysTimeReader: Removing uids 90023-90023
09-02 03:01:20.179  1513  1651 D KernelCpuUidUserSysTimeReader: Removing uids 90031-90031
09-02 03:01:20.179  1513  1651 D KernelCpuUidUserSysTimeReader: Removing uids 90030-90030
09-02 03:01:20.179  1513  1651 D KernelCpuUidUserSysTimeReader: Removing uids 90067-90067
09-02 03:01:20.179  1513  1651 D KernelCpuUidUserSysTimeReader: Removing uids 90006-90006
09-02 03:01:20.179  1513  1651 D KernelCpuUidUserSysTimeReader: Removing uids 90042-90042
09-02 03:01:20.179  1513  1651 D KernelCpuUidUserSysTimeReader: Removing uids 90060-90060
09-02 03:01:20.180  1513  1651 D KernelCpuUidUserSysTimeReader: Removing uids 90055-90055
09-02 03:01:20.180  1513  1651 D KernelCpuUidUserSysTimeReader: Removing uids 90065-90065
09-02 03:01:20.180  1513  1651 D KernelCpuUidUserSysTimeReader: Removing uids 90004-90004
09-02 03:01:20.180  1513  1651 D KernelCpuUidUserSysTimeReader: Removing uids 90037-90037
09-02 03:01:20.180  1513  1651 D KernelCpuUidUserSysTimeReader: Removing uids 90039-90039
09-02 03:01:20.180  1513  1651 D KernelCpuUidUserSysTimeReader: Removing uids 90000-90000
09-02 03:01:20.181  1513  1651 D KernelCpuUidUserSysTimeReader: Removing uids 90062-90062
09-02 03:01:20.181  1513  1651 D KernelCpuUidUserSysTimeReader: Removing uids 90050-90050
09-02 03:01:20.181  1513  1651 D KernelCpuUidUserSysTimeReader: Removing uids 90063-90063
09-02 03:01:20.181  1513  1651 D KernelCpuUidUserSysTimeReader: Removing uids 90034-90034
09-02 03:01:20.181  1513  1651 D KernelCpuUidUserSysTimeReader: Removing uids 90059-90059
09-02 03:01:20.182  1513  1651 D KernelCpuUidUserSysTimeReader: Removing uids 90090-90090
09-02 03:01:20.182  1513  1651 D KernelCpuUidUserSysTimeReader: Removing uids 90088-90088
09-02 03:01:20.182  1513  1651 D KernelCpuUidUserSysTimeReader: Removing uids 99091-99091
09-02 03:01:20.182  1513  1651 D KernelCpuUidUserSysTimeReader: Removing uids 90035-90035
09-02 03:01:20.182  1513  1651 D KernelCpuUidUserSysTimeReader: Removing uids 90028-90028
09-02 03:01:20.182  1513  1651 D KernelCpuUidUserSysTimeReader: Removing uids 90021-90021
09-02 03:01:20.182  1513  1651 D KernelCpuUidUserSysTimeReader: Removing uids 90057-90057
09-02 03:01:20.183  1513  1651 D KernelCpuUidUserSysTimeReader: Removing uids 90049-90049
09-02 03:01:20.183  1513  1651 D KernelCpuUidUserSysTimeReader: Removing uids 90082-90082
09-02 03:01:20.183  1513  1651 D KernelCpuUidUserSysTimeReader: Removing uids 90072-90072
09-02 03:01:20.183  1513  1651 D KernelCpuUidUserSysTimeReader: Removing uids 90070-90070
09-02 03:01:20.183  1513  1651 D KernelCpuUidUserSysTimeReader: Removing uids 90045-90045
09-02 03:01:20.183 15908 15908 E cr_IntentUtils: getBooleanExtra failed on intent null
09-02 03:01:20.183 15908 15908 E cr_IntentUtils: getBooleanExtra failed on intent null
09-02 03:01:20.183  1513  1651 D KernelCpuUidUserSysTimeReader: Removing uids 90096-90096
09-02 03:01:20.184  1513  1651 D KernelCpuUidUserSysTimeReader: Removing uids 90083-90083
09-02 03:01:20.184  1513  1651 D KernelCpuUidUserSysTimeReader: Removing uids 99087-99087
09-02 03:01:20.184  1513  1651 D KernelCpuUidUserSysTimeReader: Removing uids 90091-90091
09-02 03:01:20.184  1513  1651 D KernelCpuUidUserSysTimeReader: Removing uids 90068-90068
09-02 03:01:20.184  1513  1651 D KernelCpuUidUserSysTimeReader: Removing uids 90066-90066
09-02 03:01:20.184  1513  1651 D KernelCpuUidUserSysTimeReader: Removing uids 90033-90033
09-02 03:01:20.185  1513  1651 D KernelCpuUidUserSysTimeReader: Removing uids 90005-90005
09-02 03:01:20.185  1513  1651 D KernelCpuUidUserSysTimeReader: Removing uids 90003-90003
09-02 03:01:20.185  1513  1651 D KernelCpuUidUserSysTimeReader: Removing uids 90006-90006
09-02 03:01:20.185  1513  1651 D KernelCpuUidUserSysTimeReader: Removing uids 90009-90009
09-02 03:01:20.185  1513  1651 D KernelCpuUidUserSysTimeReader: Removing uids 90011-90011
09-02 03:01:20.185  1513  1651 D KernelCpuUidUserSysTimeReader: Removing uids 90008-90008
09-02 03:01:20.185  1513  1651 D KernelCpuUidUserSysTimeReader: Removing uids 90013-90013
09-02 03:01:20.186  1513  1651 D KernelCpuUidUserSysTimeReader: Removing uids 90017-90017
09-02 03:01:20.186  1513  1651 D KernelCpuUidUserSysTimeReader: Removing uids 90005-90005
09-02 03:01:20.186  1513  1651 D KernelCpuUidUserSysTimeReader: Removing uids 90007-90007
09-02 03:01:20.186  1513  1651 D KernelCpuUidUserSysTimeReader: Removing uids 90010-90010
09-02 03:01:20.186  1513  1651 D KernelCpuUidUserSysTimeReader: Removing uids 90014-90014
09-02 03:01:20.186  1513  1651 D KernelCpuUidUserSysTimeReader: Removing uids 90001-90001
09-02 03:01:20.187  1513  1651 D KernelCpuUidUserSysTimeReader: Removing uids 90002-90002
09-02 03:01:20.187  1513  1651 D KernelCpuUidUserSysTimeReader: Removing uids 90018-90018
09-02 03:01:20.187  1513  1651 D KernelCpuUidUserSysTimeReader: Removing uids 90004-90004
09-02 03:01:20.187 15908 15908 I cr_tabmodel: #isIncognitoTabBeingRestored from tabDetails:  false
09-02 03:01:20.187 15908 15908 I cr_tabmodel: #isIncognitoTabBeingRestored from tabDetails:  false
09-02 03:01:20.187  1513  1651 D KernelCpuUidUserSysTimeReader: Removing uids 90016-90016
09-02 03:01:20.187 15908 15908 W cr_tabmodel: Failed to restore TabState; creating Tab with last known URL.
09-02 03:01:20.187  1513  1651 D KernelCpuUidUserSysTimeReader: Removing uids 90015-90015
09-02 03:01:20.187  1513  1651 D KernelCpuUidUserSysTimeReader: Removing uids 90012-90012
09-02 03:01:20.188  1513  1651 D KernelCpuUidUserSysTimeReader: Removing uids 90019-90019
09-02 03:01:20.188  1513  1651 D KernelCpuUidUserSysTimeReader: Removing uids 90007-90007
09-02 03:01:20.188  1513  1651 D KernelCpuUidUserSysTimeReader: Removing uids 90093-90093
09-02 03:01:20.188  1513  1651 D KernelCpuUidUserSysTimeReader: Removing uids 90045-90045
09-02 03:01:20.188  1513  1651 D KernelCpuUidUserSysTimeReader: Removing uids 99101-99101
09-02 03:01:20.188  1513  1651 D KernelCpuUidUserSysTimeReader: Removing uids 90091-90091
09-02 03:01:20.189  1513  1651 D KernelCpuUidUserSysTimeReader: Removing uids 90081-90081
09-02 03:01:20.189  1513  1651 D KernelCpuUidUserSysTimeReader: Removing uids 90082-90082
09-02 03:01:20.189  1513  1651 D KernelCpuUidUserSysTimeReader: Removing uids 90077-90077
09-02 03:01:20.189  1513  1651 D KernelCpuUidUserSysTimeReader: Removing uids 90079-90079
09-02 03:01:20.189  1513  1651 D KernelCpuUidUserSysTimeReader: Removing uids 90078-90078
09-02 03:01:20.189  1513  1651 D KernelCpuUidUserSysTimeReader: Removing uids 90072-90072
09-02 03:01:20.189  1513  1651 D KernelCpuUidUserSysTimeReader: Removing uids 90080-90080
09-02 03:01:20.190  1513  1651 D KernelCpuUidUserSysTimeReader: Removing uids 90076-90076
09-02 03:01:20.190  1513  1651 D KernelCpuUidUserSysTimeReader: Removing uids 90068-90068
09-02 03:01:20.190  1513  1651 D KernelCpuUidUserSysTimeReader: Removing uids 90003-90003
09-02 03:01:20.190  1513  1651 D KernelCpuUidUserSysTimeReader: Removing uids 90052-90052
09-02 03:01:20.190  1513  1651 D KernelCpuUidUserSysTimeReader: Removing uids 90027-90027
09-02 03:01:20.190  1513  1651 D KernelCpuUidUserSysTimeReader: Removing uids 90069-90069
09-02 03:01:20.191  1513  1651 D KernelCpuUidUserSysTimeReader: Removing uids 90006-90006
09-02 03:01:20.191  1513  1651 D KernelCpuUidUserSysTimeReader: Removing uids 90085-90085
09-02 03:01:20.191  1513  1651 D KernelCpuUidUserSysTimeReader: Removing uids 90035-90035
09-02 03:01:20.191  1513  1651 D KernelCpuUidUserSysTimeReader: Removing uids 90064-90064
09-02 03:01:20.191  1513  1651 D KernelCpuUidUserSysTimeReader: Removing uids 90021-90021
09-02 03:01:20.191  1513  1651 D KernelCpuUidUserSysTimeReader: Removing uids 99094-99094
09-02 03:01:20.192  1513  1651 D KernelCpuUidUserSysTimeReader: Removing uids 90034-90034
09-02 03:01:20.192  1513  1651 D KernelCpuUidUserSysTimeReader: Removing uids 90099-90099
09-02 03:01:20.192  1513  1651 D KernelCpuUidUserSysTimeReader: Removing uids 90074-90074
09-02 03:01:20.192  1513  1651 D KernelCpuUidUserSysTimeReader: Removing uids 90056-90056
09-02 03:01:20.192  1513  1651 D KernelCpuUidUserSysTimeReader: Removing uids 90050-90050
09-02 03:01:20.192  1513  1651 D KernelCpuUidUserSysTimeReader: Removing uids 90028-90028
09-02 03:01:20.193  1513  1651 D KernelCpuUidUserSysTimeReader: Removing uids 99102-99102
09-02 03:01:20.193  1513  1651 D KernelCpuUidUserSysTimeReader: Removing uids 90053-90053
09-02 03:01:20.193  1513  1651 D KernelCpuUidUserSysTimeReader: Removing uids 90020-90020
09-02 03:01:20.193  1513  1651 D KernelCpuUidUserSysTimeReader: Removing uids 90041-90041
09-02 03:01:20.193  1513  1651 D KernelCpuUidUserSysTimeReader: Removing uids 90042-90042
09-02 03:01:20.193  1513  1651 D KernelCpuUidUserSysTimeReader: Removing uids 90057-90057
09-02 03:01:20.194  1513  1651 D KernelCpuUidUserSysTimeReader: Removing uids 90090-90090
09-02 03:01:20.194  1513  1651 D KernelCpuUidUserSysTimeReader: Removing uids 90055-90055
09-02 03:01:20.194  1513  1651 D KernelCpuUidUserSysTimeReader: Removing uids 90075-90075
09-02 03:01:20.194  1513  1651 D KernelCpuUidUserSysTimeReader: Removing uids 90062-90062
09-02 03:01:20.194  1513  1651 D KernelCpuUidUserSysTimeReader: Removing uids 90063-90063
09-02 03:01:20.195  1513  1651 D KernelCpuUidUserSysTimeReader: Removing uids 90032-90032
09-02 03:01:20.195  1513  1651 D KernelCpuUidUserSysTimeReader: Removing uids 90038-90038
09-02 03:01:20.195  1513  1651 D KernelCpuUidUserSysTimeReader: Removing uids 90073-90073
09-02 03:01:20.195  1513  1651 D KernelCpuUidUserSysTimeReader: Removing uids 90040-90040
09-02 03:01:20.195  1513  1651 D KernelCpuUidUserSysTimeReader: Removing uids 90030-90030
09-02 03:01:20.195  1513  1651 D KernelCpuUidUserSysTimeReader: Removing uids 99099-99099
09-02 03:01:20.196  1513  1651 D KernelCpuUidUserSysTimeReader: Removing uids 90036-90036
09-02 03:01:20.196  1513  1651 D KernelCpuUidUserSysTimeReader: Removing uids 90061-90061
09-02 03:01:20.196  1513  1651 D KernelCpuUidUserSysTimeReader: Removing uids 99106-99106
09-02 03:01:20.196  1513  1651 D KernelCpuUidUserSysTimeReader: Removing uids 90066-90066
09-02 03:01:20.196  1513  1651 D KernelCpuUidUserSysTimeReader: Removing uids 90044-90044
09-02 03:01:20.196  1513  1651 D KernelCpuUidUserSysTimeReader: Removing uids 90031-90031
09-02 03:01:20.196  1513  1651 D KernelCpuUidUserSysTimeReader: Removing uids 90048-90048
09-02 03:01:20.197  1513  1651 D KernelCpuUidUserSysTimeReader: Removing uids 90086-90086
09-02 03:01:20.197  1513  1651 D KernelCpuUidUserSysTimeReader: Removing uids 90070-90070
09-02 03:01:20.197  1513  1651 D KernelCpuUidUserSysTimeReader: Removing uids 90065-90065
09-02 03:01:20.197 15908 15908 E cr_IntentUtils: getBooleanExtra failed on intent null
09-02 03:01:20.197 15908 15908 E cr_IntentUtils: getBooleanExtra failed on intent null
09-02 03:01:20.197  1513  1651 D KernelCpuUidUserSysTimeReader: Removing uids 90046-90046
09-02 03:01:20.197  1513  1651 D KernelCpuUidUserSysTimeReader: Removing uids 90051-90051
09-02 03:01:20.197  1513  1651 D KernelCpuUidUserSysTimeReader: Removing uids 90049-90049
09-02 03:01:20.198  1513  1651 D KernelCpuUidUserSysTimeReader: Removing uids 90029-90029
09-02 03:01:20.198  1513  1651 D KernelCpuUidUserSysTimeReader: Removing uids 90033-90033
09-02 03:01:20.198  1513  1651 D KernelCpuUidUserSysTimeReader: Removing uids 90058-90058
09-02 03:01:20.198  1513  1651 D KernelCpuUidUserSysTimeReader: Removing uids 90037-90037
09-02 03:01:20.198  1513  1651 D KernelCpuUidUserSysTimeReader: Removing uids 90097-90097
09-02 03:01:20.198  1513  1651 D KernelCpuUidUserSysTimeReader: Removing uids 90084-90084
09-02 03:01:20.199  1513  1651 D KernelCpuUidUserSysTimeReader: Removing uids 90089-90089
09-02 03:01:20.199  1513  1651 D KernelCpuUidUserSysTimeReader: Removing uids 90025-90025
09-02 03:01:20.199  1513  1651 D KernelCpuUidUserSysTimeReader: Removing uids 90088-90088
09-02 03:01:20.199  1513  1651 D KernelCpuUidUserSysTimeReader: Removing uids 90023-90023
09-02 03:01:20.199  1513  1651 D KernelCpuUidUserSysTimeReader: Removing uids 90096-90096
09-02 03:01:20.199  1513  1651 D KernelCpuUidUserSysTimeReader: Removing uids 90039-90039
09-02 03:01:20.200  1513  1651 D KernelCpuUidUserSysTimeReader: Removing uids 90000-90000
09-02 03:01:20.200  1513  1651 D KernelCpuUidUserSysTimeReader: Removing uids 90060-90060
09-02 03:01:20.200  1513  1651 D KernelCpuUidUserSysTimeReader: Removing uids 90083-90083
09-02 03:01:20.200  1513  1651 D KernelCpuUidUserSysTimeReader: Removing uids 90098-90098
09-02 03:01:20.200  1513  1651 D KernelCpuUidUserSysTimeReader: Removing uids 99105-99105
09-02 03:01:20.200  1513  1651 D KernelCpuUidUserSysTimeReader: Removing uids 99103-99103
09-02 03:01:20.201 15908 15908 I cr_tabmodel: #isIncognitoTabBeingRestored from tabDetails:  false
09-02 03:01:20.201 15908 15908 I cr_tabmodel: #isIncognitoTabBeingRestored from tabDetails:  false
09-02 03:01:20.201  1513  1651 D KernelCpuUidUserSysTimeReader: Removing uids 90095-90095
09-02 03:01:20.201 15908 15908 W cr_tabmodel: Failed to restore TabState; creating Tab with last known URL.
09-02 03:01:20.201  1513  1651 D KernelCpuUidUserSysTimeReader: Removing uids 90067-90067
09-02 03:01:20.201  1513  1651 D KernelCpuUidUserSysTimeReader: Removing uids 90054-90054
09-02 03:01:20.201  1513  1651 D KernelCpuUidUserSysTimeReader: Removing uids 90059-90059
09-02 03:01:20.201  1513  1651 D KernelCpuUidUserSysTimeReader: Removing uids 99095-99095
09-02 03:01:20.202  1513  1651 D KernelCpuUidUserSysTimeReader: Removing uids 99107-99107
09-02 03:01:20.202  1513  1651 D KernelCpuUidUserSysTimeReader: Removing uids 90087-90087
09-02 03:01:20.202  1513  1651 D KernelCpuUidUserSysTimeReader: Removing uids 90092-90092
09-02 03:01:20.202  1513  1651 D KernelCpuUidUserSysTimeReader: Removing uids 99104-99104
09-02 03:01:20.202  1513  1651 D KernelCpuUidUserSysTimeReader: Removing uids 99098-99098
09-02 03:01:20.202  1513  1651 D KernelCpuUidUserSysTimeReader: Removing uids 99096-99096
09-02 03:01:20.203  1513  1651 D KernelCpuUidUserSysTimeReader: Removing uids 90071-90071
09-02 03:01:20.203  1513  1651 D KernelCpuUidUserSysTimeReader: Removing uids 90047-90047
09-02 03:01:20.203  1513  1651 D KernelCpuUidUserSysTimeReader: Removing uids 90043-90043
09-02 03:01:20.203  1513  1651 D KernelCpuUidUserSysTimeReader: Removing uids 90094-90094
09-02 03:01:20.203  1513  1651 D KernelCpuUidUserSysTimeReader: Removing uids 99097-99097
09-02 03:01:20.203  1513  1651 D KernelCpuUidUserSysTimeReader: Removing uids 90024-90024
09-02 03:01:20.204  1513  1651 D KernelCpuUidUserSysTimeReader: Removing uids 99100-99100
09-02 03:01:20.204  1513  1651 D KernelCpuUidUserSysTimeReader: Removing uids 90026-90026
09-02 03:01:20.204  1513  1651 D KernelCpuUidUserSysTimeReader: Removing uids 90022-90022
09-02 03:01:20.205  1513  9003 E ProcessStats: Executing service ServiceState{cf3a3d8 org.chromium.content.app.SandboxedProcessService0 pkg=com.android.chrome proc=b8c331} without owner
09-02 03:01:20.206  1513  9003 E ProcessStats: Binding service ServiceState{cf3a3d8 org.chromium.content.app.SandboxedProcessService0 pkg=com.android.chrome proc=b8c331} without owner
09-02 03:01:20.207  1513  9003 E ProcessStats: Starting service ServiceState{cf3a3d8 org.chromium.content.app.SandboxedProcessService0 pkg=com.android.chrome proc=b8c331} without owner
09-02 03:01:20.207  1513  9003 E ProcessStats: Binding service ServiceState{cf3a3d8 org.chromium.content.app.SandboxedProcessService0 pkg=com.android.chrome proc=b8c331} without owner
09-02 03:01:20.208 16205 16205 I cr_ChildProcessService: Destroying ChildProcessService pid=16205
09-02 03:01:20.209  1513  9003 I ActivityManager: Killing 16205:com.android.chrome:sandboxed_process0:org.chromium.content.app.SandboxedProcessService0:7/u0a220i-8993 (adj 0): isolated not needed
09-02 03:01:20.209  1513  1640 I libprocessgroup: Successfully killed process cgroup uid 90007 pid 16205 in 0ms
09-02 03:01:20.210  1513  1625 W ActivityManager: Slow operation: 1291ms so far, now at startProcess: done updating battery stats
09-02 03:01:20.210  1513  1625 W ActivityManager: Slow operation: 1291ms so far, now at startProcess: building log message
09-02 03:01:20.210  1513  1625 I ActivityManager: Start proc 17805:com.android.chrome:sandboxed_process0:org.chromium.content.app.SandboxedProcessService0:61/u0ai61 for  {com.android.chrome/org.chromium.content.app.SandboxedProcessService0:61}
09-02 03:01:20.210  1513  1625 W ActivityManager: Slow operation: 1291ms so far, now at startProcess: starting to update pids map
09-02 03:01:20.210  1513  1625 W ActivityManager: Slow operation: 1291ms so far, now at startProcess: done updating pids map
09-02 03:01:20.210  1513  1625 W ActivityManager: Slow operation: 1273ms so far, now at startProcess: asking zygote to start proc
09-02 03:01:20.211  1513  1625 D CompatibilityChangeReporter: Compat change id reported: 143937733; UID 10220; state: ENABLED
09-02 03:01:20.211 15908 15908 E cr_IntentUtils: getBooleanExtra failed on intent null
09-02 03:01:20.211 15908 15908 E cr_IntentUtils: getBooleanExtra failed on intent null
09-02 03:01:20.213  1513  3161 E ProcessStats: Executing service ServiceState{cf3a3d8 org.chromium.content.app.SandboxedProcessService0 pkg=com.android.chrome proc=b8c331} without owner
09-02 03:01:20.213  1513  3161 E ProcessStats: Foregrounding service ServiceState{cf3a3d8 org.chromium.content.app.SandboxedProcessService0 pkg=com.android.chrome proc=b8c331} without owner
09-02 03:01:20.214 15908 15908 I cr_tabmodel: #isIncognitoTabBeingRestored from tabDetails:  false
09-02 03:01:20.214 15908 15908 I cr_tabmodel: #isIncognitoTabBeingRestored from tabDetails:  false
09-02 03:01:20.214 15908 15908 W cr_tabmodel: Failed to restore TabState; creating Tab with last known URL.
09-02 03:01:20.215 15908 15957 W cr_ChildConnAllocator: Ran out of UIDs to allocate.
09-02 03:01:20.216  1513  7910 E ProcessStats: Executing service ServiceState{cf3a3d8 org.chromium.content.app.SandboxedProcessService0 pkg=com.android.chrome proc=b8c331} without owner
09-02 03:01:20.216 15908 15957 I chatty  : uid=10220(com.android.chrome) identical 6 lines
09-02 03:01:20.216 15908 15957 W cr_ChildConnAllocator: Ran out of UIDs to allocate.
09-02 03:01:20.221  1513  7910 D CompatibilityChangeReporter: Compat change id reported: 136274596; UID 10220; state: ENABLED
09-02 03:01:20.223 17743 17796 I cr_LibraryLoader: Using ModernLinker
09-02 03:01:20.223 15908 15957 W cr_ChildConnAllocator: Ran out of UIDs to allocate.
09-02 03:01:20.224  1513  3232 E ProcessStats: Executing service ServiceState{cf3a3d8 org.chromium.content.app.SandboxedProcessService0 pkg=com.android.chrome proc=b8c331} without owner
09-02 03:01:20.224 15908 15908 E cr_IntentUtils: getBooleanExtra failed on intent null
09-02 03:01:20.224 15908 15908 E cr_IntentUtils: getBooleanExtra failed on intent null
09-02 03:01:20.224  1513  3232 E ProcessStats: Foregrounding service ServiceState{cf3a3d8 org.chromium.content.app.SandboxedProcessService0 pkg=com.android.chrome proc=b8c331} without owner
09-02 03:01:20.228  1513  1567 W Looper  : Slow dispatch took 146ms android.ui h=com.android.server.am.ActivityManagerService$UiHandler c=null m=53
09-02 03:01:20.229  1513  7910 D CompatibilityChangeReporter: Compat change id reported: 135634846; UID 10220; state: DISABLED
09-02 03:01:20.229  1513  7910 D CompatibilityChangeReporter: Compat change id reported: 135754954; UID 10220; state: ENABLED
09-02 03:01:20.229 17743 17796 W linker  : Warning: "/data/app/~~_KLlx60MH8CoecPTjMKp8g==/com.android.chrome-kw9RHYrlHKb9bPXi8OTClw==/base.apk!/lib/arm64-v8a/libchromium_android_linker.so" unused DT entry: unknown processor-specific (type 0x70000001 arg 0x0) (ignoring)
09-02 03:01:20.237 17743 17814 I cr_LibraryLoader: Successfully loaded native library
09-02 03:01:20.239 17743 17814 I cr_CachingUmaRecorder: Flushed 3 samples from 3 histograms.
09-02 03:01:20.247  1513  9003 I ActivityManager: Killing 16232:com.android.chrome:sandboxed_process0:org.chromium.content.app.SandboxedProcessService0:8/u0a220i-8992 (adj 0): isolated not needed
09-02 03:01:20.249  1513  1640 I libprocessgroup: Successfully killed process cgroup uid 90008 pid 16232 in 0ms
09-02 03:01:20.260 15908 15908 I cr_tabmodel: #isIncognitoTabBeingRestored from tabDetails:  false
09-02 03:01:20.260 15908 15908 I cr_tabmodel: #isIncognitoTabBeingRestored from tabDetails:  false
09-02 03:01:20.260 15908 15908 W cr_tabmodel: Failed to restore TabState; creating Tab with last known URL.
09-02 03:01:20.265 17754 17783 I cr_LibraryLoader: Using ModernLinker
09-02 03:01:20.267  1513  3232 W ActivityManager: Failed making new process record for com.android.chrome:sandboxed_process0:org.chromium.content.app.SandboxedProcessService0:105/10220 isolated=true
09-02 03:01:20.267  1513  3232 W ActivityManager: Unable to launch app com.android.chrome/10220 for service Intent { cmp=com.android.chrome/org.chromium.content.app.SandboxedProcessService0 }: process is bad
09-02 03:01:20.267 17754 17783 W linker  : Warning: "/data/app/~~_KLlx60MH8CoecPTjMKp8g==/com.android.chrome-kw9RHYrlHKb9bPXi8OTClw==/base.apk!/lib/arm64-v8a/libchromium_android_linker.so" unused DT entry: unknown processor-specific (type 0x70000001 arg 0x0) (ignoring)
09-02 03:01:20.270 15908 15957 W cr_ChildProcessConn: Fallback to ComponentInfo{com.android.chrome/org.chromium.content.app.SandboxedProcessService1}
09-02 03:01:20.273  9624  9624 I VISHotwordAdapter: Not connected and not waiting for connection.
09-02 03:01:20.274 15908 15908 E cr_IntentUtils: getBooleanExtra failed on intent null
09-02 03:01:20.274 15908 15908 E cr_IntentUtils: getBooleanExtra failed on intent null
09-02 03:01:20.277  9624  9624 I VISHotwordAdapter: Still waiting for connection; add the callback to callback list
09-02 03:01:20.277 17754 17803 I cr_LibraryLoader: Successfully loaded native library
09-02 03:01:20.278 17805 17805 I LoadedApk: No resource references to update in package com.google.android.trichromelibrary
09-02 03:01:20.280 15908 15908 I cr_tabmodel: #isIncognitoTabBeingRestored from tabDetails:  false
09-02 03:01:20.280 15908 15908 I cr_tabmodel: #isIncognitoTabBeingRestored from tabDetails:  false
09-02 03:01:20.280 15908 15908 W cr_tabmodel: Failed to restore TabState; creating Tab with last known URL.
09-02 03:01:20.280 17805 17805 D NetworkSecurityConfig: Using Network Security Config from resource 0_resource_name_obfuscated debugBuild: false
09-02 03:01:20.281  1513  7910 E ProcessStats: Executing service ServiceState{cf3a3d8 org.chromium.content.app.SandboxedProcessService0 pkg=com.android.chrome proc=b8c331} without owner
09-02 03:01:20.282  1513  7910 E ProcessStats: Binding service ServiceState{cf3a3d8 org.chromium.content.app.SandboxedProcessService0 pkg=com.android.chrome proc=b8c331} without owner
09-02 03:01:20.282  1513  7910 E ProcessStats: Starting service ServiceState{cf3a3d8 org.chromium.content.app.SandboxedProcessService0 pkg=com.android.chrome proc=b8c331} without owner
09-02 03:01:20.282  1513  7910 E ProcessStats: Binding service ServiceState{cf3a3d8 org.chromium.content.app.SandboxedProcessService0 pkg=com.android.chrome proc=b8c331} without owner
09-02 03:01:20.283 17754 17803 I cr_CachingUmaRecorder: Flushed 3 samples from 3 histograms.
09-02 03:01:20.283 16256 16256 I cr_ChildProcessService: Destroying ChildProcessService pid=16256
09-02 03:01:20.283  1513  7910 I ActivityManager: Killing 16256:com.android.chrome:sandboxed_process0:org.chromium.content.app.SandboxedProcessService0:9/u0a220i-8991 (adj 0): isolated not needed
09-02 03:01:20.285 17805 17805 D NetworkSecurityConfig: Using Network Security Config from resource 0_resource_name_obfuscated debugBuild: false
09-02 03:01:20.285  1513  1640 I libprocessgroup: Successfully killed process cgroup uid 90009 pid 16256 in 0ms
09-02 03:01:20.286 17805 17805 I cr_SplitCompatApp: Launched version=107.0.5304.91 minSdkVersion=29 isBundle=true processName=com.android.chrome:sandboxed_process0:org.chromium.content.app.SandboxedProcessService0:61 isIsolated=true
09-02 03:01:20.292 15908 15957 W cr_ChildConnAllocator: Ran out of UIDs to allocate.
09-02 03:01:20.292   901  1000 D VSC     : @ 61666.743: [WO] tilt angle 87
09-02 03:01:20.294  9624  9624 I A       : getLocaleToModelSpecsMap
09-02 03:01:20.294  9624  9624 I A       : Using proto config with mendel
09-02 03:01:20.294  9624  9624 I A       : getLocaleToModelSpecsMap
09-02 03:01:20.294  9624  9624 I A       : Using proto config with mendel
09-02 03:01:20.294  9624  9624 I A       : getLocaleToModelSpecsMap
09-02 03:01:20.295  9624  9624 I A       : Using proto config with mendel
09-02 03:01:20.296 17805 17805 W SystemServiceRegistry: No service published for: uimode
09-02 03:01:20.296 15908 15908 E cr_IntentUtils: getBooleanExtra failed on intent null
09-02 03:01:20.296 15908 15908 E cr_IntentUtils: getBooleanExtra failed on intent null
09-02 03:01:20.297  3088  3757 I GsaVoiceInteractionSrv: (REDACTED) isHotwordRecognitionEnabled %b %b
09-02 03:01:20.298 15908 15957 W cr_ChildConnAllocator: Ran out of UIDs to allocate.
09-02 03:01:20.300  1513  7910 W ActivityManager: Failed making new process record for com.android.chrome:sandboxed_process0:org.chromium.content.app.SandboxedProcessService0:106/10220 isolated=true
09-02 03:01:20.300  1513  7910 W ActivityManager: Unable to launch app com.android.chrome/10220 for service Intent { cmp=com.android.chrome/org.chromium.content.app.SandboxedProcessService0 }: process is bad
09-02 03:01:20.300  1513  7910 E ProcessStats: Service owner ServiceRecord{64200b u0 com.android.chrome/org.chromium.content.app.SandboxedProcessService0:106} cleared while exec: pkg=com.android.chrome service=org.chromium.content.app.SandboxedProcessService0 proc=ProcessState{b8c331 com.android.chrome:sandboxed_process0/10220 pkg=com.android.chrome}
09-02 03:01:20.300  1513  7910 E ProcessStats: android.util.Log$TerribleFailure: Service owner ServiceRecord{64200b u0 com.android.chrome/org.chromium.content.app.SandboxedProcessService0:106} cleared while exec: pkg=com.android.chrome service=org.chromium.content.app.SandboxedProcessService0 proc=ProcessState{b8c331 com.android.chrome:sandboxed_process0/10220 pkg=com.android.chrome}
09-02 03:01:20.300  1513  7910 E ProcessStats: 	at android.util.Log.wtf(Log.java:313)
09-02 03:01:20.300  1513  7910 E ProcessStats: 	at android.util.Slog.wtfStack(Slog.java:111)
09-02 03:01:20.300  1513  7910 E ProcessStats: 	at com.android.internal.app.procstats.ServiceState.clearCurrentOwner(ServiceState.java:187)
09-02 03:01:20.300  1513  7910 E ProcessStats: 	at com.android.server.am.ActiveServices.bringDownServiceLocked(ActiveServices.java:3424)
09-02 03:01:20.300  1513  7910 E ProcessStats: 	at com.android.server.am.ActiveServices.bringUpServiceLocked(ActiveServices.java:2955)
09-02 03:01:20.300  1513  7910 E ProcessStats: 	at com.android.server.am.ActiveServices.bindServiceLocked(ActiveServices.java:2064)
09-02 03:01:20.300  1513  7910 E ProcessStats: 	at com.android.server.am.ActivityManagerService.bindIsolatedService(ActivityManagerService.java:15169)
09-02 03:01:20.300  1513  7910 E ProcessStats: 	at android.app.IActivityManager$Stub.onTransact(IActivityManager.java:2563)
09-02 03:01:20.300  1513  7910 E ProcessStats: 	at com.android.server.am.ActivityManagerService.onTransact(ActivityManagerService.java:2867)
09-02 03:01:20.300  1513  7910 E ProcessStats: 	at android.os.Binder.execTransactInternal(Binder.java:1154)
09-02 03:01:20.300  1513  7910 E ProcessStats: 	at android.os.Binder.execTransact(Binder.java:1123)
09-02 03:01:20.306 15908 15908 I cr_tabmodel: #isIncognitoTabBeingRestored from tabDetails:  false
09-02 03:01:20.306 15908 15908 I cr_tabmodel: #isIncognitoTabBeingRestored from tabDetails:  false
09-02 03:01:20.306 15908 15908 W cr_tabmodel: Failed to restore TabState; creating Tab with last known URL.
09-02 03:01:20.308 17805 17805 I cr_ChildProcessService: Creating new ChildProcessService pid=17805
09-02 03:01:20.309 15908 15957 W cr_ChildProcessConn: Fallback to ComponentInfo{com.android.chrome/org.chromium.content.app.SandboxedProcessService1}
09-02 03:01:20.313  1513  3232 E ProcessStats: Executing service ServiceState{cf3a3d8 org.chromium.content.app.SandboxedProcessService0 pkg=com.android.chrome proc=b8c331} without owner
09-02 03:01:20.313  1513  3232 E ProcessStats: Foregrounding service ServiceState{cf3a3d8 org.chromium.content.app.SandboxedProcessService0 pkg=com.android.chrome proc=b8c331} without owner
09-02 03:01:20.315  1513  3232 E ProcessStats: Executing service ServiceState{cf3a3d8 org.chromium.content.app.SandboxedProcessService0 pkg=com.android.chrome proc=b8c331} without owner
09-02 03:01:20.315  1513  3232 E ProcessStats: Binding service ServiceState{cf3a3d8 org.chromium.content.app.SandboxedProcessService0 pkg=com.android.chrome proc=b8c331} without owner
09-02 03:01:20.315  1513  3232 E ProcessStats: Starting service ServiceState{cf3a3d8 org.chromium.content.app.SandboxedProcessService0 pkg=com.android.chrome proc=b8c331} without owner
09-02 03:01:20.315  1513  3232 E ProcessStats: Binding service ServiceState{cf3a3d8 org.chromium.content.app.SandboxedProcessService0 pkg=com.android.chrome proc=b8c331} without owner
09-02 03:01:20.316  1513  3232 I ActivityManager: Killing 16324:com.android.chrome:sandboxed_process0:org.chromium.content.app.SandboxedProcessService0:12/u0a220i-8988 (adj 0): isolated not needed
09-02 03:01:20.316  1513  1640 I libprocessgroup: Successfully killed process cgroup uid 90012 pid 16324 in 0ms
09-02 03:01:20.321 15908 15957 W cr_ChildConnAllocator: Ran out of UIDs to allocate.
09-02 03:01:20.323 17805 17838 I cr_LibraryLoader: Using ModernLinker
09-02 03:01:20.325  1513  9003 W ActivityManager: Failed making new process record for com.android.chrome:sandboxed_process0:org.chromium.content.app.SandboxedProcessService0:107/10220 isolated=true
09-02 03:01:20.325  1513  9003 W ActivityManager: Unable to launch app com.android.chrome/10220 for service Intent { cmp=com.android.chrome/org.chromium.content.app.SandboxedProcessService0 }: process is bad
09-02 03:01:20.326  1513  9003 E ProcessStats: Service owner ServiceRecord{85a0471 u0 com.android.chrome/org.chromium.content.app.SandboxedProcessService0:107} cleared while exec: pkg=com.android.chrome service=org.chromium.content.app.SandboxedProcessService0 proc=ProcessState{b8c331 com.android.chrome:sandboxed_process0/10220 pkg=com.android.chrome}
09-02 03:01:20.326  1513  9003 E ProcessStats: android.util.Log$TerribleFailure: Service owner ServiceRecord{85a0471 u0 com.android.chrome/org.chromium.content.app.SandboxedProcessService0:107} cleared while exec: pkg=com.android.chrome service=org.chromium.content.app.SandboxedProcessService0 proc=ProcessState{b8c331 com.android.chrome:sandboxed_process0/10220 pkg=com.android.chrome}
09-02 03:01:20.326  1513  9003 E ProcessStats: 	at android.util.Log.wtf(Log.java:313)
09-02 03:01:20.326  1513  9003 E ProcessStats: 	at android.util.Slog.wtfStack(Slog.java:111)
09-02 03:01:20.326  1513  9003 E ProcessStats: 	at com.android.internal.app.procstats.ServiceState.clearCurrentOwner(ServiceState.java:187)
09-02 03:01:20.326  1513  9003 E ProcessStats: 	at com.android.server.am.ActiveServices.bringDownServiceLocked(ActiveServices.java:3424)
09-02 03:01:20.326  1513  9003 E ProcessStats: 	at com.android.server.am.ActiveServices.bringUpServiceLocked(ActiveServices.java:2955)
09-02 03:01:20.326  1513  9003 E ProcessStats: 	at com.android.server.am.ActiveServices.bindServiceLocked(ActiveServices.java:2064)
09-02 03:01:20.326  1513  9003 E ProcessStats: 	at com.android.server.am.ActivityManagerService.bindIsolatedService(ActivityManagerService.java:15169)
09-02 03:01:20.326  1513  9003 E ProcessStats: 	at android.app.IActivityManager$Stub.onTransact(IActivityManager.java:2563)
09-02 03:01:20.326  1513  9003 E ProcessStats: 	at com.android.server.am.ActivityManagerService.onTransact(ActivityManagerService.java:2867)
09-02 03:01:20.326  1513  9003 E ProcessStats: 	at android.os.Binder.execTransactInternal(Binder.java:1154)
09-02 03:01:20.326  1513  9003 E ProcessStats: 	at android.os.Binder.execTransact(Binder.java:1123)
09-02 03:01:20.327 15908 15908 E cr_IntentUtils: getBooleanExtra failed on intent null
09-02 03:01:20.327 15908 15908 E cr_IntentUtils: getBooleanExtra failed on intent null
09-02 03:01:20.329 15908 15957 W cr_ChildProcessConn: Fallback to ComponentInfo{com.android.chrome/org.chromium.content.app.SandboxedProcessService1}
09-02 03:01:20.336 17805 17838 W linker  : Warning: "/data/app/~~_KLlx60MH8CoecPTjMKp8g==/com.android.chrome-kw9RHYrlHKb9bPXi8OTClw==/base.apk!/lib/arm64-v8a/libchromium_android_linker.so" unused DT entry: unknown processor-specific (type 0x70000001 arg 0x0) (ignoring)
09-02 03:01:20.337  1513  9003 E ProcessStats: Executing service ServiceState{cf3a3d8 org.chromium.content.app.SandboxedProcessService0 pkg=com.android.chrome proc=b8c331} without owner
09-02 03:01:20.337  1513  9003 E ProcessStats: Binding service ServiceState{cf3a3d8 org.chromium.content.app.SandboxedProcessService0 pkg=com.android.chrome proc=b8c331} without owner
09-02 03:01:20.337 17805 17838 E cr_ChromiumAndroidLinker: ReserveAddressWithHint: Address range starting at 0x7a37612000 was not free to use
09-02 03:01:20.337  1513  9003 E ProcessStats: Starting service ServiceState{cf3a3d8 org.chromium.content.app.SandboxedProcessService0 pkg=com.android.chrome proc=b8c331} without owner
09-02 03:01:20.337  1513  9003 E ProcessStats: Binding service ServiceState{cf3a3d8 org.chromium.content.app.SandboxedProcessService0 pkg=com.android.chrome proc=b8c331} without owner
09-02 03:01:20.338  1513  9003 I ActivityManager: Killing 16276:com.android.chrome:sandboxed_process0:org.chromium.content.app.SandboxedProcessService0:10/u0a220i-8990 (adj 0): isolated not needed
09-02 03:01:20.338  1513  1640 I libprocessgroup: Successfully killed process cgroup uid 90010 pid 16276 in 0ms
09-02 03:01:20.340  1513  9003 W ActivityManager: Failed making new process record for com.android.chrome:sandboxed_process0:org.chromium.content.app.SandboxedProcessService0:108/10220 isolated=true
09-02 03:01:20.340  1513  9003 W ActivityManager: Unable to launch app com.android.chrome/10220 for service Intent { cmp=com.android.chrome/org.chromium.content.app.SandboxedProcessService0 }: process is bad
09-02 03:01:20.340  1513  9003 E ProcessStats: Service owner ServiceRecord{41a7feb u0 com.android.chrome/org.chromium.content.app.SandboxedProcessService0:108} cleared while exec: pkg=com.android.chrome service=org.chromium.content.app.SandboxedProcessService0 proc=ProcessState{b8c331 com.android.chrome:sandboxed_process0/10220 pkg=com.android.chrome}
09-02 03:01:20.340  1513  9003 E ProcessStats: android.util.Log$TerribleFailure: Service owner ServiceRecord{41a7feb u0 com.android.chrome/org.chromium.content.app.SandboxedProcessService0:108} cleared while exec: pkg=com.android.chrome service=org.chromium.content.app.SandboxedProcessService0 proc=ProcessState{b8c331 com.android.chrome:sandboxed_process0/10220 pkg=com.android.chrome}
09-02 03:01:20.340  1513  9003 E ProcessStats: 	at android.util.Log.wtf(Log.java:313)
09-02 03:01:20.340  1513  9003 E ProcessStats: 	at android.util.Slog.wtfStack(Slog.java:111)
09-02 03:01:20.340  1513  9003 E ProcessStats: 	at com.android.internal.app.procstats.ServiceState.clearCurrentOwner(ServiceState.java:187)
09-02 03:01:20.340  1513  9003 E ProcessStats: 	at com.android.server.am.ActiveServices.bringDownServiceLocked(ActiveServices.java:3424)
09-02 03:01:20.340  1513  9003 E ProcessStats: 	at com.android.server.am.ActiveServices.bringUpServiceLocked(ActiveServices.java:2955)
09-02 03:01:20.340  1513  9003 E ProcessStats: 	at com.android.server.am.ActiveServices.bindServiceLocked(ActiveServices.java:2064)
09-02 03:01:20.340  1513  9003 E ProcessStats: 	at com.android.server.am.ActivityManagerService.bindIsolatedService(ActivityManagerService.java:15169)
09-02 03:01:20.340  1513  9003 E ProcessStats: 	at android.app.IActivityManager$Stub.onTransact(IActivityManager.java:2563)
09-02 03:01:20.340  1513  9003 E ProcessStats: 	at com.android.server.am.ActivityManagerService.onTransact(ActivityManagerService.java:2867)
09-02 03:01:20.340  1513  9003 E ProcessStats: 	at android.os.Binder.execTransactInternal(Binder.java:1154)
09-02 03:01:20.340  1513  9003 E ProcessStats: 	at android.os.Binder.execTransact(Binder.java:1123)
09-02 03:01:20.345 15908 15908 I cr_tabmodel: Loaded tab lists; counts: 138,0
09-02 03:01:20.348 17805 17851 I cr_LibraryLoader: Successfully loaded native library
09-02 03:01:20.350 15908 15957 W cr_ChildProcessConn: Fallback to ComponentInfo{com.android.chrome/org.chromium.content.app.SandboxedProcessService1}
09-02 03:01:20.350 17805 17851 I cr_CachingUmaRecorder: Flushed 3 samples from 3 histograms.
09-02 03:01:20.352  1513  3232 E ProcessStats: Executing service ServiceState{cf3a3d8 org.chromium.content.app.SandboxedProcessService0 pkg=com.android.chrome proc=b8c331} without owner
09-02 03:01:20.352  1513  3232 E ProcessStats: Binding service ServiceState{cf3a3d8 org.chromium.content.app.SandboxedProcessService0 pkg=com.android.chrome proc=b8c331} without owner
09-02 03:01:20.352  1513  3232 E ProcessStats: Starting service ServiceState{cf3a3d8 org.chromium.content.app.SandboxedProcessService0 pkg=com.android.chrome proc=b8c331} without owner
09-02 03:01:20.352  1513  3232 E ProcessStats: Binding service ServiceState{cf3a3d8 org.chromium.content.app.SandboxedProcessService0 pkg=com.android.chrome proc=b8c331} without owner
09-02 03:01:20.353  1513  3232 I ActivityManager: Killing 16299:com.android.chrome:sandboxed_process0:org.chromium.content.app.SandboxedProcessService0:11/u0a220i-8989 (adj 0): isolated not needed
09-02 03:01:20.353  1513  1640 I libprocessgroup: Successfully killed process cgroup uid 90011 pid 16299 in 0ms
09-02 03:01:20.356  1513  3223 W ActivityManager: Failed making new process record for com.android.chrome:sandboxed_process0:org.chromium.content.app.SandboxedProcessService0:109/10220 isolated=true
09-02 03:01:20.356  1513  3223 W ActivityManager: Unable to launch app com.android.chrome/10220 for service Intent { cmp=com.android.chrome/org.chromium.content.app.SandboxedProcessService0 }: process is bad
09-02 03:01:20.356  1513  3223 E ProcessStats: Service owner ServiceRecord{e8c50bf u0 com.android.chrome/org.chromium.content.app.SandboxedProcessService0:109} cleared while exec: pkg=com.android.chrome service=org.chromium.content.app.SandboxedProcessService0 proc=ProcessState{b8c331 com.android.chrome:sandboxed_process0/10220 pkg=com.android.chrome}
09-02 03:01:20.356  1513  3223 E ProcessStats: android.util.Log$TerribleFailure: Service owner ServiceRecord{e8c50bf u0 com.android.chrome/org.chromium.content.app.SandboxedProcessService0:109} cleared while exec: pkg=com.android.chrome service=org.chromium.content.app.SandboxedProcessService0 proc=ProcessState{b8c331 com.android.chrome:sandboxed_process0/10220 pkg=com.android.chrome}
09-02 03:01:20.356  1513  3223 E ProcessStats: 	at android.util.Log.wtf(Log.java:313)
09-02 03:01:20.356  1513  3223 E ProcessStats: 	at android.util.Slog.wtfStack(Slog.java:111)
09-02 03:01:20.356  1513  3223 E ProcessStats: 	at com.android.internal.app.procstats.ServiceState.clearCurrentOwner(ServiceState.java:187)
09-02 03:01:20.356  1513  3223 E ProcessStats: 	at com.android.server.am.ActiveServices.bringDownServiceLocked(ActiveServices.java:3424)
09-02 03:01:20.356  1513  3223 E ProcessStats: 	at com.android.server.am.ActiveServices.bringUpServiceLocked(ActiveServices.java:2955)
09-02 03:01:20.356  1513  3223 E ProcessStats: 	at com.android.server.am.ActiveServices.bindServiceLocked(ActiveServices.java:2064)
09-02 03:01:20.356  1513  3223 E ProcessStats: 	at com.android.server.am.ActivityManagerService.bindIsolatedService(ActivityManagerService.java:15169)
09-02 03:01:20.356  1513  3223 E ProcessStats: 	at android.app.IActivityManager$Stub.onTransact(IActivityManager.java:2563)
09-02 03:01:20.356  1513  3223 E ProcessStats: 	at com.android.server.am.ActivityManagerService.onTransact(ActivityManagerService.java:2867)
09-02 03:01:20.356  1513  3223 E ProcessStats: 	at android.os.Binder.execTransactInternal(Binder.java:1154)
09-02 03:01:20.356  1513  3223 E ProcessStats: 	at android.os.Binder.execTransact(Binder.java:1123)
09-02 03:01:20.357 15908 15957 W cr_ChildProcessConn: Fallback to ComponentInfo{com.android.chrome/org.chromium.content.app.SandboxedProcessService1}
09-02 03:01:20.358  1513  9003 E ProcessStats: Executing service ServiceState{cf3a3d8 org.chromium.content.app.SandboxedProcessService0 pkg=com.android.chrome proc=b8c331} without owner
