09-02 03:04:29.526  1513  1625 I ActivityManager: Start proc 27270:com.android.chrome:sandboxed_process0:org.chromium.content.app.SandboxedProcessService0:99/u0ai99 for  {com.android.chrome/org.chromium.content.app.SandboxedProcessService0:99}
09-02 03:04:29.526  1513  1625 W ActivityManager: Slow operation: 1358ms so far, now at startProcess: starting to update pids map
09-02 03:04:29.526  1513  1625 W ActivityManager: Slow operation: 1358ms so far, now at startProcess: done updating pids map
09-02 03:04:29.526  1513  1625 W ActivityManager: Slow operation: 1323ms so far, now at startProcess: asking zygote to start proc
09-02 03:04:29.526  1513  1625 D CompatibilityChangeReporter: Compat change id reported: 143937733; UID 10220; state: ENABLED
09-02 03:04:29.527 27187 27206 W linker  : Warning: "/data/app/~~_KLlx60MH8CoecPTjMKp8g==/com.android.chrome-kw9RHYrlHKb9bPXi8OTClw==/base.apk!/lib/arm64-v8a/libchromium_android_linker.so" unused DT entry: unknown processor-specific (type 0x70000001 arg 0x0) (ignoring)
09-02 03:04:29.527 27270 27270 E libc    : SetHeapTaggingLevel: re-enabling tagging after it was disabled is not supported
09-02 03:04:29.528 27187 27206 E cr_ChromiumAndroidLinker: ReserveAddressWithHint: Address range starting at 0x7a37660000 was not free to use
09-02 03:04:29.531 27270 27270 E cessService0:9: Not starting debugger since process cannot load the jdwp agent.
09-02 03:04:29.535 27205 27205 I LoadedApk: No resource references to update in package com.google.android.trichromelibrary
09-02 03:04:29.536 27205 27205 D NetworkSecurityConfig: Using Network Security Config from resource 0_resource_name_obfuscated debugBuild: false
09-02 03:04:29.537 27205 27205 D NetworkSecurityConfig: Using Network Security Config from resource 0_resource_name_obfuscated debugBuild: false
09-02 03:04:29.538 27205 27205 I cr_SplitCompatApp: Launched version=107.0.5304.91 minSdkVersion=29 isBundle=true processName=com.android.chrome:sandboxed_process0:org.chromium.content.app.SandboxedProcessService0:97 isIsolated=true
09-02 03:04:29.540   778   778 D Zygote  : Forked child process 27291
09-02 03:04:29.542  1513  1625 W ActivityManager: Slow operation: 1340ms so far, now at startProcess: returned from zygote!
09-02 03:04:29.542 27187 27258 I cr_LibraryLoader: Successfully loaded native library
09-02 03:04:29.543  1513  3240 D CompatibilityChangeReporter: Compat change id reported: 136274596; UID 10220; state: ENABLED
09-02 03:04:29.543 27226 27226 I LoadedApk: No resource references to update in package com.google.android.trichromelibrary
09-02 03:04:29.544 27187 27258 I cr_CachingUmaRecorder: Flushed 3 samples from 3 histograms.
09-02 03:04:29.546  1513  1625 W ActivityManager: Slow operation: 1344ms so far, now at startProcess: done updating battery stats
09-02 03:04:29.546  1513  1625 W ActivityManager: Slow operation: 1344ms so far, now at startProcess: building log message
09-02 03:04:29.546  1513  1625 I ActivityManager: Start proc 27291:com.android.chrome:sandboxed_process1:org.chromium.content.app.SandboxedProcessService1:100/u0i140 for service {com.android.chrome/org.chromium.content.app.SandboxedProcessService1:100}
09-02 03:04:29.546  1513  1625 W ActivityManager: Slow operation: 1344ms so far, now at startProcess: starting to update pids map
09-02 03:04:29.546  1513  1625 W ActivityManager: Slow operation: 1344ms so far, now at startProcess: done updating pids map
09-02 03:04:29.546  1513  1625 W ActivityManager: Slow operation: 1289ms so far, now at startProcess: asking zygote to start proc
09-02 03:04:29.546  1513  1625 D CompatibilityChangeReporter: Compat change id reported: 143937733; UID 10220; state: ENABLED
09-02 03:04:29.547 27226 27226 D NetworkSecurityConfig: Using Network Security Config from resource 0_resource_name_obfuscated debugBuild: false
09-02 03:04:29.548 27226 27226 D NetworkSecurityConfig: Using Network Security Config from resource 0_resource_name_obfuscated debugBuild: false
09-02 03:04:29.549 27226 27226 I cr_SplitCompatApp: Launched version=107.0.5304.91 minSdkVersion=29 isBundle=true processName=com.android.chrome:sandboxed_process0:org.chromium.content.app.SandboxedProcessService0:98 isIsolated=true
09-02 03:04:29.555 27291 27291 E essService1:10: Not starting debugger since process cannot load the jdwp agent.
09-02 03:04:29.560 27226 27226 W SystemServiceRegistry: No service published for: uimode
09-02 03:04:29.561   778   778 D Zygote  : Forked child process 27315
09-02 03:04:29.561  1513  1625 W ActivityManager: Slow operation: 1304ms so far, now at startProcess: returned from zygote!
09-02 03:04:29.562  1513  1625 W ActivityManager: Slow operation: 1304ms so far, now at startProcess: done updating battery stats
09-02 03:04:29.562  1513  1625 W ActivityManager: Slow operation: 1304ms so far, now at startProcess: building log message
09-02 03:04:29.562  1513  1625 I ActivityManager: Start proc 27315:com.android.chrome:sandboxed_process1:org.chromium.content.app.SandboxedProcessService1:101/u0i141 for service {com.android.chrome/org.chromium.content.app.SandboxedProcessService1:101}
09-02 03:04:29.562  1513  1625 W ActivityManager: Slow operation: 1304ms so far, now at startProcess: starting to update pids map
09-02 03:04:29.562  1513  1625 W ActivityManager: Slow operation: 1304ms so far, now at startProcess: done updating pids map
09-02 03:04:29.562  1513  1625 W ActivityManager: Slow operation: 1287ms so far, now at startProcess: asking zygote to start proc
09-02 03:04:29.562 27205 27205 W SystemServiceRegistry: No service published for: uimode
09-02 03:04:29.568 27226 27226 I cr_ChildProcessService: Creating new ChildProcessService pid=27226
09-02 03:04:29.569 27315 27315 E essService1:10: Not starting debugger since process cannot load the jdwp agent.
09-02 03:04:29.569 27205 27205 I cr_ChildProcessService: Creating new ChildProcessService pid=27205
09-02 03:04:29.577 27270 27270 I LoadedApk: No resource references to update in package com.google.android.trichromelibrary
09-02 03:04:29.577   778   778 D Zygote  : Forked child process 27336
09-02 03:04:29.577 27270 27270 D NetworkSecurityConfig: Using Network Security Config from resource 0_resource_name_obfuscated debugBuild: false
09-02 03:04:29.579  1513  2180 D CompatibilityChangeReporter: Compat change id reported: 136274596; UID 10220; state: ENABLED
09-02 03:04:29.579  1513  1625 W ActivityManager: Slow operation: 1305ms so far, now at startProcess: returned from zygote!
09-02 03:04:29.579  1513  1625 W ActivityManager: Slow operation: 1305ms so far, now at startProcess: done updating battery stats
09-02 03:04:29.579  1513  1625 W ActivityManager: Slow operation: 1305ms so far, now at startProcess: building log message
09-02 03:04:29.579  1513  1625 I ActivityManager: Start proc 27336:com.android.chrome:sandboxed_process1:org.chromium.content.app.SandboxedProcessService1:102/u0i142 for service {com.android.chrome/org.chromium.content.app.SandboxedProcessService1:102}
09-02 03:04:29.579  1513  1625 W ActivityManager: Slow operation: 1305ms so far, now at startProcess: starting to update pids map
09-02 03:04:29.579  1513  1625 W ActivityManager: Slow operation: 1305ms so far, now at startProcess: done updating pids map
09-02 03:04:29.579  1513  1625 W ActivityManager: Slow operation: 1268ms so far, now at startProcess: asking zygote to start proc
09-02 03:04:29.579  1513  1625 D CompatibilityChangeReporter: Compat change id reported: 143937733; UID 10220; state: ENABLED
09-02 03:04:29.581 27270 27270 D NetworkSecurityConfig: Using Network Security Config from resource 0_resource_name_obfuscated debugBuild: false
09-02 03:04:29.581 27226 27249 I cr_LibraryLoader: Using ModernLinker
09-02 03:04:29.582 27270 27270 I cr_SplitCompatApp: Launched version=107.0.5304.91 minSdkVersion=29 isBundle=true processName=com.android.chrome:sandboxed_process0:org.chromium.content.app.SandboxedProcessService0:99 isIsolated=true
09-02 03:04:29.584 27226 27249 W linker  : Warning: "/data/app/~~_KLlx60MH8CoecPTjMKp8g==/com.android.chrome-kw9RHYrlHKb9bPXi8OTClw==/base.apk!/lib/arm64-v8a/libchromium_android_linker.so" unused DT entry: unknown processor-specific (type 0x70000001 arg 0x0) (ignoring)
09-02 03:04:29.585 27226 27249 E cr_ChromiumAndroidLinker: ReserveAddressWithHint: Address range starting at 0x7a37660000 was not free to use
09-02 03:04:29.587  1513  3240 D CompatibilityChangeReporter: Compat change id reported: 136274596; UID 10220; state: ENABLED
09-02 03:04:29.588 27205 27263 I cr_LibraryLoader: Using ModernLinker
09-02 03:04:29.591 27336 27336 E essService1:10: Not starting debugger since process cannot load the jdwp agent.
09-02 03:04:29.591 27205 27263 W linker  : Warning: "/data/app/~~_KLlx60MH8CoecPTjMKp8g==/com.android.chrome-kw9RHYrlHKb9bPXi8OTClw==/base.apk!/lib/arm64-v8a/libchromium_android_linker.so" unused DT entry: unknown processor-specific (type 0x70000001 arg 0x0) (ignoring)
09-02 03:04:29.593 27205 27263 E cr_ChromiumAndroidLinker: ReserveAddressWithHint: Address range starting at 0x7a37660000 was not free to use
09-02 03:04:29.604 27291 27291 I LoadedApk: No resource references to update in package com.google.android.trichromelibrary
09-02 03:04:29.604 27291 27291 D NetworkSecurityConfig: Using Network Security Config from resource 0_resource_name_obfuscated debugBuild: false
09-02 03:04:29.605 27291 27291 D NetworkSecurityConfig: Using Network Security Config from resource 0_resource_name_obfuscated debugBuild: false
09-02 03:04:29.605 27291 27291 I cr_SplitCompatApp: Launched version=107.0.5304.91 minSdkVersion=29 isBundle=true processName=com.android.chrome:sandboxed_process1:org.chromium.content.app.SandboxedProcessService1:100 isIsolated=true
09-02 03:04:29.608   778   778 D Zygote  : Forked child process 27364
09-02 03:04:29.609  1513  1625 W ActivityManager: Slow operation: 1298ms so far, now at startProcess: returned from zygote!
09-02 03:04:29.610  1513  1625 W ActivityManager: Slow operation: 1298ms so far, now at startProcess: done updating battery stats
09-02 03:04:29.610  1513  1625 W ActivityManager: Slow operation: 1299ms so far, now at startProcess: building log message
09-02 03:04:29.610  1513  1625 I ActivityManager: Start proc 27364:com.android.chrome:sandboxed_process1:org.chromium.content.app.SandboxedProcessService1:103/u0i143 for service {com.android.chrome/org.chromium.content.app.SandboxedProcessService1:103}
09-02 03:04:29.610  1513  1625 W ActivityManager: Slow operation: 1299ms so far, now at startProcess: starting to update pids map
09-02 03:04:29.611  1513  1625 W ActivityManager: Slow operation: 1299ms so far, now at startProcess: done updating pids map
09-02 03:04:29.611  1513  1625 W ActivityManager: Slow operation: 1291ms so far, now at startProcess: asking zygote to start proc
09-02 03:04:29.611  1513  1625 D CompatibilityChangeReporter: Compat change id reported: 143937733; UID 10220; state: ENABLED
09-02 03:04:29.612 27270 27270 W SystemServiceRegistry: No service published for: uimode
09-02 03:04:29.614 27291 27291 W SystemServiceRegistry: No service published for: uimode
09-02 03:04:29.620 27270 27270 I cr_ChildProcessService: Creating new ChildProcessService pid=27270
09-02 03:04:29.621 27364 27364 E essService1:10: Not starting debugger since process cannot load the jdwp agent.
09-02 03:04:29.623 27291 27291 I cr_ChildProcessService: Creating new ChildProcessService pid=27291
09-02 03:04:29.623  1513  2180 D CompatibilityChangeReporter: Compat change id reported: 136274596; UID 10220; state: ENABLED
09-02 03:04:29.625 27315 27315 I LoadedApk: No resource references to update in package com.google.android.trichromelibrary
09-02 03:04:29.625 27270 27303 I cr_LibraryLoader: Using ModernLinker
09-02 03:04:29.625 27315 27315 D NetworkSecurityConfig: Using Network Security Config from resource 0_resource_name_obfuscated debugBuild: false
09-02 03:04:29.626 27315 27315 D NetworkSecurityConfig: Using Network Security Config from resource 0_resource_name_obfuscated debugBuild: false
09-02 03:04:29.627 27315 27315 I cr_SplitCompatApp: Launched version=107.0.5304.91 minSdkVersion=29 isBundle=true processName=com.android.chrome:sandboxed_process1:org.chromium.content.app.SandboxedProcessService1:101 isIsolated=true
09-02 03:04:29.628 27270 27303 W linker  : Warning: "/data/app/~~_KLlx60MH8CoecPTjMKp8g==/com.android.chrome-kw9RHYrlHKb9bPXi8OTClw==/base.apk!/lib/arm64-v8a/libchromium_android_linker.so" unused DT entry: unknown processor-specific (type 0x70000001 arg 0x0) (ignoring)
09-02 03:04:29.633 27313 27313 W app_process: type=1400 audit(0.0:7307): avc: denied { read } for name="u:object_r:device_config_runtime_native_boot_prop:s0" dev="tmpfs" ino=10163 scontext=u:r:shell:s0 tcontext=u:object_r:device_config_runtime_native_boot_prop:s0 tclass=file permissive=0
09-02 03:04:29.633 27313 27313 I chatty  : uid=2000(shell) app_process identical 2 lines
09-02 03:04:29.633 27313 27313 W app_process: type=1400 audit(0.0:7310): avc: denied { read } for name="u:object_r:device_config_runtime_native_boot_prop:s0" dev="tmpfs" ino=10163 scontext=u:r:shell:s0 tcontext=u:object_r:device_config_runtime_native_boot_prop:s0 tclass=file permissive=0
09-02 03:04:29.634 27313 27313 D AndroidRuntime: >>>>>> START com.android.internal.os.RuntimeInit uid 2000 <<<<<<
09-02 03:04:29.634 27291 27312 I cr_LibraryLoader: Using ModernLinker
09-02 03:04:29.636 27313 27313 E libc    : Access denied finding property "persist.device_config.runtime_native_boot.profilebootclasspath"
09-02 03:04:29.636 27313 27313 E libc    : Access denied finding property "persist.device_config.runtime_native_boot.enable_apex_image"
09-02 03:04:29.637 27313 27313 I AndroidRuntime: Using default boot image
09-02 03:04:29.637 27313 27313 E libc    : Access denied finding property "persist.device_config.runtime_native_boot.disable_lock_profiling"
09-02 03:04:29.637 27313 27313 I AndroidRuntime: Leaving lock profiling enabled
09-02 03:04:29.637 27313 27313 E libc    : Access denied finding property "persist.device_config.runtime_native_boot.enable_generational_cc"
09-02 03:04:29.639   778   778 D Zygote  : Forked child process 27381
09-02 03:04:29.641 27270 27376 I cr_LibraryLoader: Successfully loaded native library
09-02 03:04:29.642 27270 27376 I cr_CachingUmaRecorder: Flushed 3 samples from 3 histograms.
09-02 03:04:29.644  1513  1625 W ActivityManager: Slow operation: 1325ms so far, now at startProcess: returned from zygote!
09-02 03:04:29.644  1513  1625 W ActivityManager: Slow operation: 1325ms so far, now at startProcess: done updating battery stats
09-02 03:04:29.644  1513  1625 W ActivityManager: Slow operation: 1325ms so far, now at startProcess: building log message
09-02 03:04:29.644  1513  1625 I ActivityManager: Start proc 27381:com.android.chrome:sandboxed_process1:org.chromium.content.app.SandboxedProcessService1:104/u0i144 for service {com.android.chrome/org.chromium.content.app.SandboxedProcessService1:104}
09-02 03:04:29.644  1513  1625 W ActivityManager: Slow operation: 1325ms so far, now at startProcess: starting to update pids map
09-02 03:04:29.645  1513  1625 W ActivityManager: Slow operation: 1325ms so far, now at startProcess: done updating pids map
09-02 03:04:29.645  1513  1625 W ActivityManager: Slow operation: 1298ms so far, now at startProcess: asking zygote to start proc
09-02 03:04:29.648 27315 27315 W SystemServiceRegistry: No service published for: uimode
09-02 03:04:29.658 27381 27381 E essService1:10: Not starting debugger since process cannot load the jdwp agent.
09-02 03:04:29.658 27315 27315 I cr_ChildProcessService: Creating new ChildProcessService pid=27315
09-02 03:04:29.662 27336 27336 I LoadedApk: No resource references to update in package com.google.android.trichromelibrary
09-02 03:04:29.662 27336 27336 D NetworkSecurityConfig: Using Network Security Config from resource 0_resource_name_obfuscated debugBuild: false
09-02 03:04:29.664   778   778 D Zygote  : Forked child process 27410
09-02 03:04:29.664 27336 27336 D NetworkSecurityConfig: Using Network Security Config from resource 0_resource_name_obfuscated debugBuild: false
09-02 03:04:29.664  1513  1625 W ActivityManager: Slow operation: 1318ms so far, now at startProcess: returned from zygote!
09-02 03:04:29.666  1513  1625 W ActivityManager: Slow operation: 1320ms so far, now at startProcess: done updating battery stats
09-02 03:04:29.666  1513  1625 W ActivityManager: Slow operation: 1320ms so far, now at startProcess: building log message
09-02 03:04:29.666  1513  1625 I ActivityManager: Start proc 27410:com.android.chrome:sandboxed_process1:org.chromium.content.app.SandboxedProcessService1:105/u0i145 for service {com.android.chrome/org.chromium.content.app.SandboxedProcessService1:105}
09-02 03:04:29.666  1513  1625 W ActivityManager: Slow operation: 1320ms so far, now at startProcess: starting to update pids map
09-02 03:04:29.667  1513  1625 W ActivityManager: Slow operation: 1320ms so far, now at startProcess: done updating pids map
09-02 03:04:29.667 27336 27336 I cr_SplitCompatApp: Launched version=107.0.5304.91 minSdkVersion=29 isBundle=true processName=com.android.chrome:sandboxed_process1:org.chromium.content.app.SandboxedProcessService1:102 isIsolated=true
09-02 03:04:29.667  1513  1625 W ActivityManager: Slow operation: 1267ms so far, now at startProcess: asking zygote to start proc
09-02 03:04:29.667  1513  1625 D CompatibilityChangeReporter: Compat change id reported: 143937733; UID 10220; state: ENABLED
09-02 03:04:29.675 27410 27410 E essService1:10: Not starting debugger since process cannot load the jdwp agent.
09-02 03:04:29.681 27315 27347 I cr_LibraryLoader: Using ModernLinker
09-02 03:04:29.685 27336 27336 W SystemServiceRegistry: No service published for: uimode
09-02 03:04:29.686 27315 27399 W linker  : Warning: "/data/app/~~_KLlx60MH8CoecPTjMKp8g==/com.android.chrome-kw9RHYrlHKb9bPXi8OTClw==/base.apk!/lib/arm64-v8a/libchromium_android_linker.so" unused DT entry: unknown processor-specific (type 0x70000001 arg 0x0) (ignoring)
09-02 03:04:29.694 27364 27364 I LoadedApk: No resource references to update in package com.google.android.trichromelibrary
09-02 03:04:29.694 27336 27336 I cr_ChildProcessService: Creating new ChildProcessService pid=27336
09-02 03:04:29.694 27364 27364 D NetworkSecurityConfig: Using Network Security Config from resource 0_resource_name_obfuscated debugBuild: false
09-02 03:04:29.695 27364 27364 D NetworkSecurityConfig: Using Network Security Config from resource 0_resource_name_obfuscated debugBuild: false
09-02 03:04:29.695 27364 27364 I cr_SplitCompatApp: Launched version=107.0.5304.91 minSdkVersion=29 isBundle=true processName=com.android.chrome:sandboxed_process1:org.chromium.content.app.SandboxedProcessService1:103 isIsolated=true
09-02 03:04:29.704 27364 27364 W SystemServiceRegistry: No service published for: uimode
09-02 03:04:29.704 27313 27313 D app_process: Time zone APEX ICU file found: /apex/com.android.tzdata/etc/icu/icu_tzdata.dat
09-02 03:04:29.704 27313 27313 D app_process: I18n APEX ICU file found: /apex/com.android.i18n/etc/icu/icudt66l.dat
09-02 03:04:29.706 27336 27370 I cr_LibraryLoader: Using ModernLinker
09-02 03:04:29.710 27364 27364 I cr_ChildProcessService: Creating new ChildProcessService pid=27364
09-02 03:04:29.712 27313 27313 I app_process: The ClassLoaderContext is a special shared library.
09-02 03:04:29.718 27364 27416 I cr_LibraryLoader: Using ModernLinker
09-02 03:04:29.722 27381 27381 I LoadedApk: No resource references to update in package com.google.android.trichromelibrary
09-02 03:04:29.723 27381 27381 D NetworkSecurityConfig: Using Network Security Config from resource 0_resource_name_obfuscated debugBuild: false
09-02 03:04:29.723 27381 27381 D NetworkSecurityConfig: Using Network Security Config from resource 0_resource_name_obfuscated debugBuild: false
09-02 03:04:29.724 27381 27381 I cr_SplitCompatApp: Launched version=107.0.5304.91 minSdkVersion=29 isBundle=true processName=com.android.chrome:sandboxed_process1:org.chromium.content.app.SandboxedProcessService1:104 isIsolated=true
09-02 03:04:29.726 27313 27313 W app_process: JNI RegisterNativeMethods: attempt to register 0 native methods for android.media.AudioAttributes
09-02 03:04:29.729 27315 27399 I cr_LibraryLoader: Loading monochrome_64 from within /data/app/~~_KLlx60MH8CoecPTjMKp8g==/com.android.chrome-kw9RHYrlHKb9bPXi8OTClw==/base.apk
09-02 03:04:29.729 27315 27399 I cr_ModernLinker: loadLibraryImplLocked: monochrome_64, relroMode=2
09-02 03:04:29.729 27381 27381 W SystemServiceRegistry: No service published for: uimode
09-02 03:04:29.731 27315 27399 W linker  : Warning: "/data/app/~~pvdNlmkqoAdokjnHYmWQbA==/com.google.android.trichromelibrary_530409134-AZWnkLs2PHY5miTP6ZiTzA==/base.apk!/lib/arm64-v8a/libmonochrome_64.so" unused DT entry: unknown processor-specific (type 0x70000001 arg 0x0) (ignoring)
09-02 03:04:29.731 27313 27313 D AndroidRuntime: Calling main entry com.android.commands.input.Input
09-02 03:04:29.732 27410 27410 I LoadedApk: No resource references to update in package com.google.android.trichromelibrary
09-02 03:04:29.732 27410 27410 D NetworkSecurityConfig: Using Network Security Config from resource 0_resource_name_obfuscated debugBuild: false
09-02 03:04:29.732 27410 27410 D NetworkSecurityConfig: Using Network Security Config from resource 0_resource_name_obfuscated debugBuild: false
09-02 03:04:29.733 27410 27410 I cr_SplitCompatApp: Launched version=107.0.5304.91 minSdkVersion=29 isBundle=true processName=com.android.chrome:sandboxed_process1:org.chromium.content.app.SandboxedProcessService1:105 isIsolated=true
09-02 03:04:29.735 27381 27381 I cr_ChildProcessService: Creating new ChildProcessService pid=27381
09-02 03:04:29.739 27410 27410 W SystemServiceRegistry: No service published for: uimode
09-02 03:04:29.742 27313 27313 D AndroidRuntime: Shutting down VM
09-02 03:04:29.743 27381 27423 I cr_LibraryLoader: Using ModernLinker
09-02 03:04:29.745 27410 27410 I cr_ChildProcessService: Creating new ChildProcessService pid=27410
09-02 03:04:29.752 27410 27434 I cr_LibraryLoader: Using ModernLinker
09-02 03:04:29.756   778   778 D Zygote  : Forked child process 27457
09-02 03:04:29.757  1513  1625 W ActivityManager: Slow operation: 1356ms so far, now at startProcess: returned from zygote!
09-02 03:04:29.757  1513  1625 W ActivityManager: Slow operation: 1356ms so far, now at startProcess: done updating battery stats
09-02 03:04:29.757  1513  1625 W ActivityManager: Slow operation: 1356ms so far, now at startProcess: building log message
09-02 03:04:29.757  1513  1625 I ActivityManager: Start proc 27457:com.android.chrome:sandboxed_process1:org.chromium.content.app.SandboxedProcessService1:106/u0i146 for service {com.android.chrome/org.chromium.content.app.SandboxedProcessService1:106}
09-02 03:04:29.757  1513  1625 W ActivityManager: Slow operation: 1356ms so far, now at startProcess: starting to update pids map
09-02 03:04:29.757  1513  1625 W ActivityManager: Slow operation: 1356ms so far, now at startProcess: done updating pids map
09-02 03:04:29.757  1513  1625 W ActivityManager: Slow operation: 1305ms so far, now at startProcess: asking zygote to start proc
09-02 03:04:29.757  1513  1625 D CompatibilityChangeReporter: Compat change id reported: 143937733; UID 10220; state: ENABLED
09-02 03:04:29.758 27410 27456 W linker  : Warning: "/data/app/~~_KLlx60MH8CoecPTjMKp8g==/com.android.chrome-kw9RHYrlHKb9bPXi8OTClw==/base.apk!/lib/arm64-v8a/libchromium_android_linker.so" unused DT entry: unknown processor-specific (type 0x70000001 arg 0x0) (ignoring)
09-02 03:04:29.759 27410 27456 I cr_LibraryLoader: Loading monochrome_64 from within /data/app/~~_KLlx60MH8CoecPTjMKp8g==/com.android.chrome-kw9RHYrlHKb9bPXi8OTClw==/base.apk
09-02 03:04:29.759 27410 27456 I cr_ModernLinker: loadLibraryImplLocked: monochrome_64, relroMode=2
09-02 03:04:29.765 27457 27457 E essService1:10: Not starting debugger since process cannot load the jdwp agent.
09-02 03:04:29.773 24508 24508 D Zygote  : Forked child process 27478
09-02 03:04:29.774 27478 27478 E libc    : SetHeapTaggingLevel: re-enabling tagging after it was disabled is not supported
09-02 03:04:29.777  1513  1625 W ActivityManager: Slow operation: 1326ms so far, now at startProcess: returned from zygote!
09-02 03:04:29.778  1513  1625 W ActivityManager: Slow operation: 1326ms so far, now at startProcess: done updating battery stats
09-02 03:04:29.778  1513  1625 W ActivityManager: Slow operation: 1326ms so far, now at startProcess: building log message
09-02 03:04:29.778  1513  1625 I ActivityManager: Start proc 27478:com.android.chrome:sandboxed_process0:org.chromium.content.app.SandboxedProcessService0:107/u0ai1 for  {com.android.chrome/org.chromium.content.app.SandboxedProcessService0:107}
09-02 03:04:29.778  1513  1625 W ActivityManager: Slow operation: 1326ms so far, now at startProcess: starting to update pids map
09-02 03:04:29.778  1513  1625 W ActivityManager: Slow operation: 1327ms so far, now at startProcess: done updating pids map
09-02 03:04:29.778  1513  1625 W ActivityManager: Slow operation: 1318ms so far, now at startProcess: asking zygote to start proc
09-02 03:04:29.778 27478 27478 E essService0:10: Not starting debugger since process cannot load the jdwp agent.
09-02 03:04:29.778  1513  1625 D CompatibilityChangeReporter: Compat change id reported: 143937733; UID 10220; state: ENABLED
09-02 03:04:29.786  1513  3168 D CompatibilityChangeReporter: Compat change id reported: 136274596; UID 10220; state: ENABLED
09-02 03:04:29.797 24508 24508 D Zygote  : Forked child process 27504
09-02 03:04:29.798  1513  1625 W ActivityManager: Slow operation: 1337ms so far, now at startProcess: returned from zygote!
09-02 03:04:29.798  1513  1625 W ActivityManager: Slow operation: 1337ms so far, now at startProcess: done updating battery stats
09-02 03:04:29.798  1513  1625 W ActivityManager: Slow operation: 1338ms so far, now at startProcess: building log message
09-02 03:04:29.798  1513  1625 I ActivityManager: Start proc 27504:com.android.chrome:sandboxed_process0:org.chromium.content.app.SandboxedProcessService0:108/u0ai3 for  {com.android.chrome/org.chromium.content.app.SandboxedProcessService0:108}
09-02 03:04:29.798  1513  1625 W ActivityManager: Slow operation: 1338ms so far, now at startProcess: starting to update pids map
09-02 03:04:29.798  1513  1625 W ActivityManager: Slow operation: 1338ms so far, now at startProcess: done updating pids map
09-02 03:04:29.798  1513  1625 W ActivityManager: Slow operation: 1328ms so far, now at startProcess: asking zygote to start proc
09-02 03:04:29.798  1513  1625 D CompatibilityChangeReporter: Compat change id reported: 143937733; UID 10220; state: ENABLED
09-02 03:04:29.803 27457 27457 I LoadedApk: No resource references to update in package com.google.android.trichromelibrary
09-02 03:04:29.804 27457 27457 D NetworkSecurityConfig: Using Network Security Config from resource 0_resource_name_obfuscated debugBuild: false
09-02 03:04:29.805 27457 27457 D NetworkSecurityConfig: Using Network Security Config from resource 0_resource_name_obfuscated debugBuild: false
09-02 03:04:29.806 27504 27504 E libc    : SetHeapTaggingLevel: re-enabling tagging after it was disabled is not supported
09-02 03:04:29.806   778   778 D Zygote  : Forked child process 27511
09-02 03:04:29.807 27457 27457 I cr_SplitCompatApp: Launched version=107.0.5304.91 minSdkVersion=29 isBundle=true processName=com.android.chrome:sandboxed_process1:org.chromium.content.app.SandboxedProcessService1:106 isIsolated=true
09-02 03:04:29.809 27478 27478 I LoadedApk: No resource references to update in package com.google.android.trichromelibrary
09-02 03:04:29.810 27478 27478 D NetworkSecurityConfig: Using Network Security Config from resource 0_resource_name_obfuscated debugBuild: false
09-02 03:04:29.811 27478 27478 D NetworkSecurityConfig: Using Network Security Config from resource 0_resource_name_obfuscated debugBuild: false
09-02 03:04:29.812  1513  1625 W ActivityManager: Slow operation: 1341ms so far, now at startProcess: returned from zygote!
09-02 03:04:29.812 27478 27478 I cr_SplitCompatApp: Launched version=107.0.5304.91 minSdkVersion=29 isBundle=true processName=com.android.chrome:sandboxed_process0:org.chromium.content.app.SandboxedProcessService0:107 isIsolated=true
09-02 03:04:29.812  1513  1625 W ActivityManager: Slow operation: 1342ms so far, now at startProcess: done updating battery stats
09-02 03:04:29.812  1513  1625 W ActivityManager: Slow operation: 1342ms so far, now at startProcess: building log message
09-02 03:04:29.812  1513  1625 I ActivityManager: Start proc 27511:com.android.chrome:sandboxed_process1:org.chromium.content.app.SandboxedProcessService1:109/u0i147 for service {com.android.chrome/org.chromium.content.app.SandboxedProcessService1:109}
09-02 03:04:29.812  1513  1625 W ActivityManager: Slow operation: 1342ms so far, now at startProcess: starting to update pids map
09-02 03:04:29.812  1513  1625 W ActivityManager: Slow operation: 1342ms so far, now at startProcess: done updating pids map
09-02 03:04:29.812  1513  1625 W ActivityManager: Slow operation: 1282ms so far, now at startProcess: asking zygote to start proc
09-02 03:04:29.814 27504 27504 E essService0:10: Not starting debugger since process cannot load the jdwp agent.
09-02 03:04:29.814 27291 27377 W linker  : Warning: "/data/app/~~_KLlx60MH8CoecPTjMKp8g==/com.android.chrome-kw9RHYrlHKb9bPXi8OTClw==/base.apk!/lib/arm64-v8a/libchromium_android_linker.so" unused DT entry: unknown processor-specific (type 0x70000001 arg 0x0) (ignoring)
09-02 03:04:29.817 27511 27511 E essService1:10: Not starting debugger since process cannot load the jdwp agent.
09-02 03:04:29.822   778   778 D Zygote  : Forked child process 27552
09-02 03:04:29.823  1513  1625 W ActivityManager: Slow operation: 1293ms so far, now at startProcess: returned from zygote!
09-02 03:04:29.823  1513  3168 D CompatibilityChangeReporter: Compat change id reported: 136274596; UID 10220; state: ENABLED
09-02 03:04:29.824 27457 27457 W SystemServiceRegistry: No service published for: uimode
09-02 03:04:29.826 27478 27478 W SystemServiceRegistry: No service published for: uimode
09-02 03:04:29.826  1513  1625 W ActivityManager: Slow operation: 1296ms so far, now at startProcess: done updating battery stats
09-02 03:04:29.826  1513  1625 W ActivityManager: Slow operation: 1296ms so far, now at startProcess: building log message
09-02 03:04:29.826  1513  1625 I ActivityManager: Start proc 27552:com.android.chrome:sandboxed_process1:org.chromium.content.app.SandboxedProcessService1:110/u0i148 for service {com.android.chrome/org.chromium.content.app.SandboxedProcessService1:110}
09-02 03:04:29.826  1513  1625 W ActivityManager: Slow operation: 1296ms so far, now at startProcess: starting to update pids map
09-02 03:04:29.826  1513  1625 W ActivityManager: Slow operation: 1296ms so far, now at startProcess: done updating pids map
09-02 03:04:29.826  1513  1625 W ActivityManager: Slow operation: 1258ms so far, now at startProcess: asking zygote to start proc
09-02 03:04:29.826  1513  1625 D CompatibilityChangeReporter: Compat change id reported: 143937733; UID 10220; state: ENABLED
09-02 03:04:29.830 27457 27457 I cr_ChildProcessService: Creating new ChildProcessService pid=27457
09-02 03:04:29.832 27478 27478 I cr_ChildProcessService: Creating new ChildProcessService pid=27478
09-02 03:04:29.833   901  2806 I sensors-hal: [ssc_utils]get_qmi_debug_flag:244, support_qmi_debug : false
09-02 03:04:29.838 27457 27486 I cr_LibraryLoader: Using ModernLinker
09-02 03:04:29.839 27478 27495 I cr_LibraryLoader: Using ModernLinker
09-02 03:04:29.840 27478 27495 W linker  : Warning: "/data/app/~~_KLlx60MH8CoecPTjMKp8g==/com.android.chrome-kw9RHYrlHKb9bPXi8OTClw==/base.apk!/lib/arm64-v8a/libchromium_android_linker.so" unused DT entry: unknown processor-specific (type 0x70000001 arg 0x0) (ignoring)
09-02 03:04:29.845 27504 27504 I LoadedApk: No resource references to update in package com.google.android.trichromelibrary
09-02 03:04:29.845 27504 27504 D NetworkSecurityConfig: Using Network Security Config from resource 0_resource_name_obfuscated debugBuild: false
09-02 03:04:29.846 27504 27504 D NetworkSecurityConfig: Using Network Security Config from resource 0_resource_name_obfuscated debugBuild: false
09-02 03:04:29.847 27504 27504 I cr_SplitCompatApp: Launched version=107.0.5304.91 minSdkVersion=29 isBundle=true processName=com.android.chrome:sandboxed_process0:org.chromium.content.app.SandboxedProcessService0:108 isIsolated=true
09-02 03:04:29.847 27478 27569 I cr_LibraryLoader: Successfully loaded native library
09-02 03:04:29.847   778   778 D Zygote  : Forked child process 27580
09-02 03:04:29.849  1513  1625 W ActivityManager: Slow operation: 1281ms so far, now at startProcess: returned from zygote!
09-02 03:04:29.849 27552 27552 E essService1:11: Not starting debugger since process cannot load the jdwp agent.
09-02 03:04:29.849 27478 27569 I cr_CachingUmaRecorder: Flushed 3 samples from 3 histograms.
09-02 03:04:29.850  1513  3168 D CompatibilityChangeReporter: Compat change id reported: 136274596; UID 10220; state: ENABLED
09-02 03:04:29.850  1513  1625 W ActivityManager: Slow operation: 1282ms so far, now at startProcess: done updating battery stats
09-02 03:04:29.850  1513  1625 W ActivityManager: Slow operation: 1282ms so far, now at startProcess: building log message
09-02 03:04:29.850  1513  1625 I ActivityManager: Start proc 27580:com.android.chrome:sandboxed_process1:org.chromium.content.app.SandboxedProcessService1:111/u0i149 for service {com.android.chrome/org.chromium.content.app.SandboxedProcessService1:111}
09-02 03:04:29.850  1513  1625 W ActivityManager: Slow operation: 1282ms so far, now at startProcess: starting to update pids map
09-02 03:04:29.851  1513  1625 W ActivityManager: Slow operation: 1282ms so far, now at startProcess: done updating pids map
09-02 03:04:29.851  1513  1625 W ActivityManager: Slow operation: 1201ms so far, now at startProcess: asking zygote to start proc
09-02 03:04:29.851  1513  1625 D CompatibilityChangeReporter: Compat change id reported: 143937733; UID 10220; state: ENABLED
09-02 03:04:29.852   901  1000 W ASH     : @ 61856.302: Unhandled msg ID 999: line 1277
09-02 03:04:29.852   901  1000 E ASH     : @ 61856.302: No pb callback assigned
09-02 03:04:29.852   901  1000 E ASH     : @ 61856.302: Nanopb error: callback failed:1588
09-02 03:04:29.852 27504 27504 W SystemServiceRegistry: No service published for: uimode
09-02 03:04:29.860 27504 27504 I cr_ChildProcessService: Creating new ChildProcessService pid=27504
09-02 03:04:29.863 27580 27580 E essService1:11: Not starting debugger since process cannot load the jdwp agent.
09-02 03:04:29.868 27504 27541 I cr_LibraryLoader: Using ModernLinker
09-02 03:04:29.869 27205 27333 I cr_LibraryLoader: Successfully loaded native library
09-02 03:04:29.869 24508 24508 D Zygote  : Forked child process 27617
09-02 03:04:29.869  1513  1625 W ActivityManager: Slow operation: 1220ms so far, now at startProcess: returned from zygote!
09-02 03:04:29.869  1513  1625 W ActivityManager: Slow operation: 1220ms so far, now at startProcess: done updating battery stats
09-02 03:04:29.869  1513  1625 W ActivityManager: Slow operation: 1220ms so far, now at startProcess: building log message
09-02 03:04:29.870  1513  1625 I ActivityManager: Start proc 27617:com.android.chrome:sandboxed_process0:org.chromium.content.app.SandboxedProcessService0:112/u0ai5 for  {com.android.chrome/org.chromium.content.app.SandboxedProcessService0:112}
09-02 03:04:29.870  1513  1625 W ActivityManager: Slow operation: 1220ms so far, now at startProcess: starting to update pids map
09-02 03:04:29.870  1513  1625 W ActivityManager: Slow operation: 1220ms so far, now at startProcess: done updating pids map
09-02 03:04:29.870  1513  1625 W ActivityManager: Slow operation: 1204ms so far, now at startProcess: asking zygote to start proc
09-02 03:04:29.870 27205 27333 I cr_CachingUmaRecorder: Flushed 3 samples from 3 histograms.
09-02 03:04:29.870 27504 27541 W linker  : Warning: "/data/app/~~_KLlx60MH8CoecPTjMKp8g==/com.android.chrome-kw9RHYrlHKb9bPXi8OTClw==/base.apk!/lib/arm64-v8a/libchromium_android_linker.so" unused DT entry: unknown processor-specific (type 0x70000001 arg 0x0) (ignoring)
09-02 03:04:29.871 27617 27617 E libc    : SetHeapTaggingLevel: re-enabling tagging after it was disabled is not supported
09-02 03:04:29.872 27504 27541 E cr_ChromiumAndroidLinker: ReserveAddressWithHint: Address range starting at 0x7a37660000 was not free to use
09-02 03:04:29.875 27381 27455 W linker  : Warning: "/data/app/~~_KLlx60MH8CoecPTjMKp8g==/com.android.chrome-kw9RHYrlHKb9bPXi8OTClw==/base.apk!/lib/arm64-v8a/libchromium_android_linker.so" unused DT entry: unknown processor-specific (type 0x70000001 arg 0x0) (ignoring)
09-02 03:04:29.876 27381 27455 I cr_LibraryLoader: Loading monochrome_64 from within /data/app/~~_KLlx60MH8CoecPTjMKp8g==/com.android.chrome-kw9RHYrlHKb9bPXi8OTClw==/base.apk
09-02 03:04:29.877 27504 27609 I cr_LibraryLoader: Successfully loaded native library
09-02 03:04:29.877 27381 27455 I cr_ModernLinker: loadLibraryImplLocked: monochrome_64, relroMode=2
09-02 03:04:29.877 27504 27609 I cr_CachingUmaRecorder: Flushed 3 samples from 3 histograms.
09-02 03:04:29.877 27511 27511 I LoadedApk: No resource references to update in package com.google.android.trichromelibrary
09-02 03:04:29.878 27511 27511 D NetworkSecurityConfig: Using Network Security Config from resource 0_resource_name_obfuscated debugBuild: false
09-02 03:04:29.879 27617 27617 E essService0:11: Not starting debugger since process cannot load the jdwp agent.
09-02 03:04:29.888   901  1000 W ASH     : @ 61856.338: Unhandled msg ID 999: line 1277
09-02 03:04:29.888   901  1000 E ASH     : @ 61856.338: No pb callback assigned
09-02 03:04:29.888   901  1000 E ASH     : @ 61856.338: Nanopb error: callback failed:1588
09-02 03:04:29.891 24458 24458 I cr_TabWebContentsObs: renderProcessGone() for tab id: 7180, already needs reload: false
09-02 03:04:29.897  1513  3240 D CompatibilityChangeReporter: Compat change id reported: 136274596; UID 10220; state: ENABLED
09-02 03:04:29.906   901  2806 E sensors-hal: [DPInfo]send_info_req:145, Re-send request failed
09-02 03:04:29.913 24458 24458 I cr_TabWebContentsObs: renderProcessGone() for tab id: 7178, already needs reload: false
09-02 03:04:29.927   901 27571 E QMI_FW  : QCCI qmi_cci_xport_recv: txn not found. svc_id: 400
09-02 03:04:29.940 24458 24525 I cr_omaha: Attempting to schedule next job for: Sat Sep 02 07:33:16 GMT+02:00 2023
09-02 03:04:29.956  1513  1513 D CompatibilityChangeReporter: Compat change id reported: 135634846; UID 10146; state: DISABLED
09-02 03:04:29.956  1513  1513 D CompatibilityChangeReporter: Compat change id reported: 135754954; UID 10146; state: ENABLED
09-02 03:04:29.957 24458 24458 I cr_omaha: Scheduled using JobService
09-02 03:04:29.958 24458 24458 E cr_BkgrdTaskJS: Tried finishing non-current BackgroundTask.
09-02 03:04:29.965 27226 27327 I cr_LibraryLoader: Successfully loaded native library
09-02 03:04:29.966 27226 27327 I cr_CachingUmaRecorder: Flushed 3 samples from 3 histograms.
09-02 03:04:30.002 24458 24458 I cr_TabWebContentsObs: renderProcessGone() for tab id: 7183, already needs reload: false
09-02 03:04:30.085 27410 27456 W linker  : Warning: "/data/app/~~pvdNlmkqoAdokjnHYmWQbA==/com.google.android.trichromelibrary_530409134-AZWnkLs2PHY5miTP6ZiTzA==/base.apk!/lib/arm64-v8a/libmonochrome_64.so" unused DT entry: unknown processor-specific (type 0x70000001 arg 0x0) (ignoring)
09-02 03:04:30.212  1513  1624 W BroadcastQueue: Background execution not allowed: receiving Intent { act=android.intent.action.DROPBOX_ENTRY_ADDED flg=0x10 (has extras) } to com.google.android.gms/.stats.service.DropBoxEntryAddedReceiver
09-02 03:04:30.212  1513  1624 W BroadcastQueue: Background execution not allowed: receiving Intent { act=android.intent.action.DROPBOX_ENTRY_ADDED flg=0x10 (has extras) } to com.google.android.gms/.chimera.GmsIntentOperationService$PersistentTrustedReceiver
09-02 03:04:30.242   901  2806 I sensors-hal: [ssc_utils]get_qmi_debug_flag:244, support_qmi_debug : false
09-02 03:04:30.249 27291 27377 I cr_LibraryLoader: Loading monochrome_64 from within /data/app/~~_KLlx60MH8CoecPTjMKp8g==/com.android.chrome-kw9RHYrlHKb9bPXi8OTClw==/base.apk
09-02 03:04:30.250 27291 27377 I cr_ModernLinker: loadLibraryImplLocked: monochrome_64, relroMode=2
09-02 03:04:30.288   901  1000 W ASH     : @ 61856.738: Unhandled msg ID 999: line 1277
09-02 03:04:30.288   901  1000 E ASH     : @ 61856.738: No pb callback assigned
09-02 03:04:30.288   901  1000 E ASH     : @ 61856.738: Nanopb error: callback failed:1588
09-02 03:04:30.292 27710 27717 I cmd     : oneway function results will be dropped but finished with status OK and parcel size 4
09-02 03:04:30.298 24394 24394 I BatteryMgr:DataCollectionService: onStartCommand: begin
09-02 03:04:30.298 24394 24394 I BatteryMgr:DataCollectionService: onStartCommand: sampleRate => 100
09-02 03:04:30.298 24394 24394 I BatteryMgr:DataCollectionService: onStartCommand: rawFields => Timestamp,BATTERY_PROPERTY_CURRENT_NOW,EXTRA_VOLTAGE
09-02 03:04:30.299 24394 24394 I BatteryMgr:DataCollectionService: onStartCommand: notification done
09-02 03:04:30.301  1513  2262 D CompatibilityChangeReporter: Compat change id reported: 136219221; UID 10260; state: ENABLED
09-02 03:04:30.302 24394 24394 I BatteryMgr:DataCollectionService: started foreground
09-02 03:04:30.312   901  1000 I ASH     : @ 61856.763: tcs3701: ADC is saturated, removed sample from FIFO.
09-02 03:04:30.313 24394 24408 I manager_utilit: CollectorTransition concurrent copying GC freed 821(104KB) AllocSpace objects, 0(0B) LOS objects, 88% free, 3110KB/27MB, paused 67us total 261.714ms
09-02 03:04:30.317 24394 27724 I BatteryMgr:DataCollectionService: collectData: begin
09-02 03:04:30.321 24394 27724 I BatteryMgr:DataCollectionService: stats => 1693616670321,7629,4392
09-02 03:04:30.328   901  1000 D VSC     : @ 61856.778: [WO] tilt angle 87
09-02 03:04:30.406 27511 27511 D NetworkSecurityConfig: Using Network Security Config from resource 0_resource_name_obfuscated debugBuild: false
09-02 03:04:30.408 27511 27511 I cr_SplitCompatApp: Launched version=107.0.5304.91 minSdkVersion=29 isBundle=true processName=com.android.chrome:sandboxed_process1:org.chromium.content.app.SandboxedProcessService1:109 isIsolated=true
09-02 03:04:30.408 27381 27455 W linker  : Warning: "/data/app/~~pvdNlmkqoAdokjnHYmWQbA==/com.google.android.trichromelibrary_530409134-AZWnkLs2PHY5miTP6ZiTzA==/base.apk!/lib/arm64-v8a/libmonochrome_64.so" unused DT entry: unknown processor-specific (type 0x70000001 arg 0x0) (ignoring)
09-02 03:04:30.420 27511 27511 W SystemServiceRegistry: No service published for: uimode
09-02 03:04:30.421 27580 27580 I LoadedApk: No resource references to update in package com.google.android.trichromelibrary
09-02 03:04:30.421 27580 27580 D NetworkSecurityConfig: Using Network Security Config from resource 0_resource_name_obfuscated debugBuild: false
09-02 03:04:30.421 27580 27580 D NetworkSecurityConfig: Using Network Security Config from resource 0_resource_name_obfuscated debugBuild: false
09-02 03:04:30.422 27580 27580 I cr_SplitCompatApp: Launched version=107.0.5304.91 minSdkVersion=29 isBundle=true processName=com.android.chrome:sandboxed_process1:org.chromium.content.app.SandboxedProcessService1:111 isIsolated=true
09-02 03:04:30.426 24394 27724 I BatteryMgr:DataCollectionService: stats => 1693616670426,7629,4392
09-02 03:04:30.427 27580 27580 W SystemServiceRegistry: No service published for: uimode
09-02 03:04:30.427 27511 27511 I cr_ChildProcessService: Creating new ChildProcessService pid=27511
09-02 03:04:30.428 27617 27617 I LoadedApk: No resource references to update in package com.google.android.trichromelibrary
09-02 03:04:30.429 27617 27617 D NetworkSecurityConfig: Using Network Security Config from resource 0_resource_name_obfuscated debugBuild: false
09-02 03:04:30.430 27617 27617 D NetworkSecurityConfig: Using Network Security Config from resource 0_resource_name_obfuscated debugBuild: false
09-02 03:04:30.432 27617 27617 I cr_SplitCompatApp: Launched version=107.0.5304.91 minSdkVersion=29 isBundle=true processName=com.android.chrome:sandboxed_process0:org.chromium.content.app.SandboxedProcessService0:112 isIsolated=true
09-02 03:04:30.433 27511 27549 I cr_LibraryLoader: Using ModernLinker
09-02 03:04:30.435 27580 27580 I cr_ChildProcessService: Creating new ChildProcessService pid=27580
09-02 03:04:30.435 27511 27756 W linker  : Warning: "/data/app/~~_KLlx60MH8CoecPTjMKp8g==/com.android.chrome-kw9RHYrlHKb9bPXi8OTClw==/base.apk!/lib/arm64-v8a/libchromium_android_linker.so" unused DT entry: unknown processor-specific (type 0x70000001 arg 0x0) (ignoring)
09-02 03:04:30.436 27511 27756 I cr_LibraryLoader: Loading monochrome_64 from within /data/app/~~_KLlx60MH8CoecPTjMKp8g==/com.android.chrome-kw9RHYrlHKb9bPXi8OTClw==/base.apk
09-02 03:04:30.436 27511 27756 I cr_ModernLinker: loadLibraryImplLocked: monochrome_64, relroMode=2
09-02 03:04:30.438 27552 27552 I LoadedApk: No resource references to update in package com.google.android.trichromelibrary
09-02 03:04:30.439 27552 27552 D NetworkSecurityConfig: Using Network Security Config from resource 0_resource_name_obfuscated debugBuild: false
09-02 03:04:30.440 27552 27552 D NetworkSecurityConfig: Using Network Security Config from resource 0_resource_name_obfuscated debugBuild: false
09-02 03:04:30.441 27580 27616 I cr_LibraryLoader: Using ModernLinker
09-02 03:04:30.442 27552 27552 I cr_SplitCompatApp: Launched version=107.0.5304.91 minSdkVersion=29 isBundle=true processName=com.android.chrome:sandboxed_process1:org.chromium.content.app.SandboxedProcessService1:110 isIsolated=true
09-02 03:04:30.444 27580 27762 W linker  : Warning: "/data/app/~~_KLlx60MH8CoecPTjMKp8g==/com.android.chrome-kw9RHYrlHKb9bPXi8OTClw==/base.apk!/lib/arm64-v8a/libchromium_android_linker.so" unused DT entry: unknown processor-specific (type 0x70000001 arg 0x0) (ignoring)
09-02 03:04:30.444 27580 27762 I cr_LibraryLoader: Loading monochrome_64 from within /data/app/~~_KLlx60MH8CoecPTjMKp8g==/com.android.chrome-kw9RHYrlHKb9bPXi8OTClw==/base.apk
09-02 03:04:30.444 27580 27762 I cr_ModernLinker: loadLibraryImplLocked: monochrome_64, relroMode=2
09-02 03:04:30.445 27617 27617 W SystemServiceRegistry: No service published for: uimode
09-02 03:04:30.451 27617 27617 I cr_ChildProcessService: Creating new ChildProcessService pid=27617
09-02 03:04:30.452 27552 27552 W SystemServiceRegistry: No service published for: uimode
09-02 03:04:30.455 27336 27435 W linker  : Warning: "/data/app/~~_KLlx60MH8CoecPTjMKp8g==/com.android.chrome-kw9RHYrlHKb9bPXi8OTClw==/base.apk!/lib/arm64-v8a/libchromium_android_linker.so" unused DT entry: unknown processor-specific (type 0x70000001 arg 0x0) (ignoring)
09-02 03:04:30.456 27617 27635 I cr_LibraryLoader: Using ModernLinker
09-02 03:04:30.456 27336 27435 I cr_LibraryLoader: Loading monochrome_64 from within /data/app/~~_KLlx60MH8CoecPTjMKp8g==/com.android.chrome-kw9RHYrlHKb9bPXi8OTClw==/base.apk
09-02 03:04:30.456 27336 27435 I cr_ModernLinker: loadLibraryImplLocked: monochrome_64, relroMode=2
09-02 03:04:30.458 27617 27635 W linker  : Warning: "/data/app/~~_KLlx60MH8CoecPTjMKp8g==/com.android.chrome-kw9RHYrlHKb9bPXi8OTClw==/base.apk!/lib/arm64-v8a/libchromium_android_linker.so" unused DT entry: unknown processor-specific (type 0x70000001 arg 0x0) (ignoring)
09-02 03:04:30.458 27552 27552 I cr_ChildProcessService: Creating new ChildProcessService pid=27552
09-02 03:04:30.459 27617 27635 E cr_ChromiumAndroidLinker: ReserveAddressWithHint: Address range starting at 0x7a37660000 was not free to use
09-02 03:04:30.460 27364 27442 W linker  : Warning: "/data/app/~~_KLlx60MH8CoecPTjMKp8g==/com.android.chrome-kw9RHYrlHKb9bPXi8OTClw==/base.apk!/lib/arm64-v8a/libchromium_android_linker.so" unused DT entry: unknown processor-specific (type 0x70000001 arg 0x0) (ignoring)
09-02 03:04:30.465 27617 27766 I cr_LibraryLoader: Successfully loaded native library
09-02 03:04:30.466 27617 27766 I cr_CachingUmaRecorder: Flushed 3 samples from 3 histograms.
09-02 03:04:30.468 27364 27442 I cr_LibraryLoader: Loading monochrome_64 from within /data/app/~~_KLlx60MH8CoecPTjMKp8g==/com.android.chrome-kw9RHYrlHKb9bPXi8OTClw==/base.apk
09-02 03:04:30.468 27364 27442 I cr_ModernLinker: loadLibraryImplLocked: monochrome_64, relroMode=2
09-02 03:04:30.469 27552 27601 I cr_LibraryLoader: Using ModernLinker
09-02 03:04:30.470 27580 27762 W linker  : Warning: "/data/app/~~pvdNlmkqoAdokjnHYmWQbA==/com.google.android.trichromelibrary_530409134-AZWnkLs2PHY5miTP6ZiTzA==/base.apk!/lib/arm64-v8a/libmonochrome_64.so" unused DT entry: unknown processor-specific (type 0x70000001 arg 0x0) (ignoring)
09-02 03:04:30.471 27511 27756 W linker  : Warning: "/data/app/~~pvdNlmkqoAdokjnHYmWQbA==/com.google.android.trichromelibrary_530409134-AZWnkLs2PHY5miTP6ZiTzA==/base.apk!/lib/arm64-v8a/libmonochrome_64.so" unused DT entry: unknown processor-specific (type 0x70000001 arg 0x0) (ignoring)
09-02 03:04:30.472 27552 27769 W linker  : Warning: "/data/app/~~_KLlx60MH8CoecPTjMKp8g==/com.android.chrome-kw9RHYrlHKb9bPXi8OTClw==/base.apk!/lib/arm64-v8a/libchromium_android_linker.so" unused DT entry: unknown processor-specific (type 0x70000001 arg 0x0) (ignoring)
09-02 03:04:30.473 27552 27769 I cr_LibraryLoader: Loading monochrome_64 from within /data/app/~~_KLlx60MH8CoecPTjMKp8g==/com.android.chrome-kw9RHYrlHKb9bPXi8OTClw==/base.apk
09-02 03:04:30.473 27552 27769 I cr_ModernLinker: loadLibraryImplLocked: monochrome_64, relroMode=2
