09-02 12:38:03.426 21202 21238 I zygote64:   at void cli.run() (PG:23)
09-02 12:38:03.426 21202 21238 I zygote64:   at void boh.run() (PG:24)
09-02 12:38:03.426 21202 21238 I zygote64:   at void cko.run() (PG:3)
09-02 12:38:03.426 21202 21238 I zygote64:   at void java.lang.Thread.run() (Thread.java:764)
09-02 12:38:03.426 21202 21238 I zygote64: 
09-02 12:38:03.427 21202 21238 I zygote64: Rejecting re-init on previously-failed class java.lang.Class<androidx.wear.ambient.WearableControllerProvider$1>: java.lang.NoClassDefFoundError: Failed resolution of: Lcom/google/android/wearable/compat/WearableActivityController$AmbientCallback;
09-02 12:38:03.427 21202 21238 I zygote64:   at beg androidx.wear.ambient.WearableControllerProvider.a(bem, int) (PG:1)
09-02 12:38:03.427 21202 21238 I zygote64:   at void bck.c(bew[]) (PG:15)
09-02 12:38:03.427 21202 21238 I zygote64:   at void bbh.b(azo, androidx.work.impl.WorkDatabase, java.util.List) (PG:97)
09-02 12:38:03.427 21202 21238 I zygote64:   at void bfu.run() (PG:105)
09-02 12:38:03.427 21202 21238 I zygote64:   at void bgl.run() (PG:1)
09-02 12:38:03.427 21202 21238 I zygote64:   at void clc.run() (PG:5)
09-02 12:38:03.427 21202 21238 I zygote64:   at void cli.run() (PG:23)
09-02 12:38:03.427 21202 21238 I zygote64:   at void boh.run() (PG:24)
09-02 12:38:03.427 21202 21238 I zygote64:   at void cko.run() (PG:3)
09-02 12:38:03.427 21202 21238 I zygote64:   at void java.lang.Thread.run() (Thread.java:764)
09-02 12:38:03.427 21202 21238 I zygote64: Caused by: java.lang.ClassNotFoundException: Didn't find class "com.google.android.wearable.compat.WearableActivityController$AmbientCallback" on path: DexPathList[[zip file "/data/app/com.google.android.tts-OvjQQL1WKadMMXnNDHCx9Q==/base.apk"],nativeLibraryDirectories=[/data/app/com.google.android.tts-OvjQQL1WKadMMXnNDHCx9Q==/lib/arm64, /data/app/com.google.android.tts-OvjQQL1WKadMMXnNDHCx9Q==/base.apk!/lib/arm64-v8a, /system/lib64, /vendor/lib64]]
09-02 12:38:03.427 21202 21238 I zygote64:   at java.lang.Class dalvik.system.BaseDexClassLoader.findClass(java.lang.String) (BaseDexClassLoader.java:93)
09-02 12:38:03.427 21202 21238 I zygote64:   at java.lang.Class java.lang.ClassLoader.loadClass(java.lang.String, boolean) (ClassLoader.java:379)
09-02 12:38:03.427 21202 21238 I zygote64:   at java.lang.Class java.lang.ClassLoader.loadClass(java.lang.String) (ClassLoader.java:312)
09-02 12:38:03.427 21202 21238 I zygote64:   at beg androidx.wear.ambient.WearableControllerProvider.a(bem, int) (PG:1)
09-02 12:38:03.427 21202 21238 I zygote64:   at void bck.c(bew[]) (PG:15)
09-02 12:38:03.427 21202 21238 I zygote64:   at void bbh.b(azo, androidx.work.impl.WorkDatabase, java.util.List) (PG:97)
09-02 12:38:03.427 21202 21238 I zygote64:   at void bfu.run() (PG:105)
09-02 12:38:03.427 21202 21238 I zygote64:   at void bgl.run() (PG:1)
09-02 12:38:03.427 21202 21238 I zygote64:   at void clc.run() (PG:5)
09-02 12:38:03.427 21202 21238 I zygote64:   at void cli.run() (PG:23)
09-02 12:38:03.427 21202 21238 I zygote64:   at void boh.run() (PG:24)
09-02 12:38:03.427 21202 21238 I zygote64:   at void cko.run() (PG:3)
09-02 12:38:03.427 21202 21238 I zygote64:   at void java.lang.Thread.run() (Thread.java:764)
09-02 12:38:03.427 21202 21238 I zygote64: 
09-02 12:38:03.441 21202 21245 I LanguagePackMaintenance: Background downloading 0 packs, for an ideal set of 0 total packs
09-02 12:38:03.442 21202 21241 I LPRequestState: [ManagerRequests] #resolveUnusedLanguagePacks
09-02 12:38:03.443 21202 21240 I LPRequestState: [ManagerRequests] #resolveUnusedLanguagePacks
09-02 12:38:03.443 21202 21241 I LPRequestState: [ManagerRequests] #resolveDesiredLanguagePacks
09-02 12:38:03.443 21202 21245 I DefaultLPManager: #calculateRolledBackPacks
09-02 12:38:03.443 21202 21240 I LPRequestState: [ManagerRequests] #resolveDesiredLanguagePacks
09-02 12:38:03.445 21202 21245 I LanguagePackMaintenance: Background deleting 0 stale packs
09-02 12:38:03.447 21202 21249 I LanguagePackMaintenance: Background LanguagePack updates finished successfully
09-02 12:38:03.453  3979  5965 D PackageManager: setEnabledSetting : userId = 0 packageName = com.google.android.tts cmp = androidx.work.impl.background.systemalarm.RescheduleReceiver newState = 1 callingPackage = 10113/com.google.android.tts
09-02 12:38:03.506  3979  4668 D ConnectivityService: filterNetworkStateForUid() uid: 10025 networkInfo: [type: WIFI[] - WIFI, state: CONNECTED/CONNECTED, reason: (unspecified), extra: "WiFi 69", failover: false, available: true, roaming: false, metered: false]
09-02 12:38:03.630 21059 21059 E cr_BTSPrefs: No data found for task id: 53
09-02 12:38:03.631 21059 21059 E cr_BkgrdTaskScheduler: Task cannot be canceled because no data was found instorage or data was invalid
09-02 12:38:04.642  3449  3449 I android.hardware.wifi@1.0-service: getLinkLayerStats
09-02 12:38:05.345  3979  4327 D skia    : Encode PNG Singlethread processname=system_server :      10383 us, width=84, height=84
09-02 12:38:05.354 21139 21255 W AudioCapabilities: Unsupported mime audio/mpeg-L1
09-02 12:38:05.355 21139 21255 W AudioCapabilities: Unsupported mime audio/mpeg-L2
09-02 12:38:05.357 21139 21255 W AudioCapabilities: Unsupported mime audio/x-ms-wma
09-02 12:38:05.358 21139 21255 W AudioCapabilities: Unsupported mime audio/x-ima
09-02 12:38:05.364 21139 21255 W VideoCapabilities: Unrecognized profile 2130706433 for video/avc
09-02 12:38:05.364 21139 21255 W VideoCapabilities: Unrecognized profile 2130706434 for video/avc
09-02 12:38:05.367 21139 21255 W VideoCapabilities: Unrecognized profile 2130706433 for video/avc
09-02 12:38:05.367 21139 21255 W VideoCapabilities: Unrecognized profile 2130706434 for video/avc
09-02 12:38:05.380 21139 21255 W VideoCapabilities: Unsupported mime video/wvc1
09-02 12:38:05.382 21139 21255 W VideoCapabilities: Unsupported mime video/x-ms-wmv
09-02 12:38:05.385 21139 21255 W VideoCapabilities: Unrecognized profile 2130706433 for video/avc
09-02 12:38:05.385 21139 21255 W VideoCapabilities: Unrecognized profile 2130706434 for video/avc
09-02 12:38:05.390 21139 21255 W VideoCapabilities: Unsupported mime video/avc-wfd
09-02 12:38:05.417 21139 21255 I VideoCapabilities: Unsupported profile 4 for video/mp4v-es
09-02 12:38:05.436 21139 21255 W VideoCapabilities: Unrecognized profile/level 1/32 for video/mp4v-es
09-02 12:38:05.436 21139 21255 W VideoCapabilities: Unrecognized profile/level 32768/2 for video/mp4v-es
09-02 12:38:05.436 21139 21255 W VideoCapabilities: Unrecognized profile/level 32768/64 for video/mp4v-es
09-02 12:38:05.437 21139 21255 W VideoCapabilities: Unsupported mime video/wvc1
09-02 12:38:05.439 21139 21255 W VideoCapabilities: Unsupported mime video/x-ms-wmv
09-02 12:38:05.440 21139 21255 W VideoCapabilities: Unsupported mime video/x-ms-wmv7
09-02 12:38:05.441 21139 21255 W VideoCapabilities: Unsupported mime video/x-ms-wmv8
09-02 12:38:05.443 21139 21255 W VideoCapabilities: Unsupported mime video/mp43
09-02 12:38:05.452 21139 21256 W AudioCapabilities: Unsupported mime audio/mpeg-L1
09-02 12:38:05.452 21139 21256 W AudioCapabilities: Unsupported mime audio/mpeg-L2
09-02 12:38:05.452 21139 21256 W AudioCapabilities: Unsupported mime audio/x-ms-wma
09-02 12:38:05.452 21139 21256 W AudioCapabilities: Unsupported mime audio/x-ima
09-02 12:38:05.457 21139 21256 W VideoCapabilities: Unrecognized profile 2130706433 for video/avc
09-02 12:38:05.457 21139 21256 W VideoCapabilities: Unrecognized profile 2130706434 for video/avc
09-02 12:38:05.460 21139 21256 W VideoCapabilities: Unrecognized profile 2130706433 for video/avc
09-02 12:38:05.460 21139 21256 W VideoCapabilities: Unrecognized profile 2130706434 for video/avc
09-02 12:38:05.472 21139 21256 W VideoCapabilities: Unsupported mime video/wvc1
09-02 12:38:05.475 21139 21256 W VideoCapabilities: Unsupported mime video/x-ms-wmv
09-02 12:38:05.478 21139 21256 W VideoCapabilities: Unrecognized profile 2130706433 for video/avc
09-02 12:38:05.478 21139 21256 W VideoCapabilities: Unrecognized profile 2130706434 for video/avc
09-02 12:38:05.480 21139 21256 W VideoCapabilities: Unsupported mime video/avc-wfd
09-02 12:38:05.499 21139 21256 I VideoCapabilities: Unsupported profile 4 for video/mp4v-es
09-02 12:38:05.509 21139 21256 W VideoCapabilities: Unrecognized profile/level 1/32 for video/mp4v-es
09-02 12:38:05.509 21139 21256 W VideoCapabilities: Unrecognized profile/level 32768/2 for video/mp4v-es
09-02 12:38:05.509 21139 21256 W VideoCapabilities: Unrecognized profile/level 32768/64 for video/mp4v-es
09-02 12:38:05.511 21139 21256 W VideoCapabilities: Unsupported mime video/wvc1
09-02 12:38:05.512 21139 21256 W VideoCapabilities: Unsupported mime video/x-ms-wmv
09-02 12:38:05.514 21139 21256 W VideoCapabilities: Unsupported mime video/x-ms-wmv7
09-02 12:38:05.515 21139 21256 W VideoCapabilities: Unsupported mime video/x-ms-wmv8
09-02 12:38:05.517 21139 21256 W VideoCapabilities: Unsupported mime video/mp43
09-02 12:38:05.528  4349  4349 D KeyguardUpdateMonitor: handleStatusBarState( false )
09-02 12:38:05.531 21095 21251 W chromium: [WARNING:media_session.cc(949)] RED codec red is missing an associated payload type.
09-02 12:38:05.877 14031 14031 E adbd    : recv: OPEN 0001dbad 00000000 0076:73 68 65 6C 6C 2C 76 32 2C 54 45 52 4D 3D 78 74 65 72 6D 2D 32 35 36 63 6F 6C 6F 72 2C 72 61 77 3A 64 75 6D 70 73 79 73 20 61 63 74 69 76 69 74 79 20 72 65 63 65 6E 74 73 20 7C 20 67 72 65 70 20 22 52 65 63 65 6E 74 20 23 30 22 20 7C 20 63 75 74 20 2D 64 20 22 3D 22 20 2D 66 32 20 7C 20 67 72 65 70 20 2D 6F 20 2D 70 20 22 5B 61 2D 7A 7C 2E 5D 2A 22 00 
09-02 12:38:05.878 14031 14031 E adbd    : service_to_fd: shell,v2,TERM=xterm-256color,raw:dumpsys activity recents | grep "Recent #0" | cut -d "=" -f2 | grep -o -p "[a-z|.]*"
09-02 12:38:05.979 14031 14031 E adbd    : recv: OPEN 0001dbb0 00000000 0042:73 68 65 6C 6C 2C 76 32 2C 54 45 52 4D 3D 78 74 65 72 6D 2D 32 35 36 63 6F 6C 6F 72 2C 72 61 77 3A 67 65 74 70 72 6F 70 20 72 6F 2E 62 75 69 6C 64 2E 76 65 72 73 69 6F 6E 2E 72 65 6C 65 61 73 65 00 
09-02 12:38:05.979 14031 14031 E adbd    : service_to_fd: shell,v2,TERM=xterm-256color,raw:getprop ro.build.version.release
09-02 12:38:06.050 14031 14031 E adbd    : recv: OPEN 0001dbb3 00000000 003e:73 68 65 6C 6C 2C 76 32 2C 54 45 52 4D 3D 78 74 65 72 6D 2D 32 35 36 63 6F 6C 6F 72 2C 72 61 77 3A 67 65 74 70 72 6F 70 20 72 6F 2E 62 75 69 6C 64 2E 76 65 72 73 69 6F 6E 2E 73 64 6B 00 
09-02 12:38:06.051 14031 14031 E adbd    : service_to_fd: shell,v2,TERM=xterm-256color,raw:getprop ro.build.version.sdk
09-02 12:38:06.133 14031 14031 E adbd    : recv: OPEN 0001dbb6 00000000 0034:73 68 65 6C 6C 2C 76 32 2C 54 45 52 4D 3D 78 74 65 72 6D 2D 32 35 36 63 6F 6C 6F 72 2C 72 61 77 3A 69 6E 70 75 74 20 74 61 70 20 35 35 30 20 31 35 30 30 00 
09-02 12:38:06.133 14031 14031 E adbd    : service_to_fd: shell,v2,TERM=xterm-256color,raw:input tap 550 1500
09-02 12:38:06.612 21268 21268 W ADebug  : Failed to get property persist.sys.media.traces
09-02 12:38:06.615 21268 21268 E appproc : Enhanced Zygote ASLR: ro.knox.enhance.zygote.aslr != 1. Enhanced Zygote ASLR is DISABLED!
09-02 12:38:06.615 21268 21268 D AndroidRuntime: >>>>>> START com.android.internal.os.RuntimeInit uid 2000 <<<<<<
09-02 12:38:06.619 21268 21268 D SecNativeFeatureCppIf: encoded
09-02 12:38:06.619 21268 21268 D SecNativeFeatureCppIf: decoding and unzip finish
09-02 12:38:06.619 21268 21268 D SecNativeFeatureCppIf: use unCompDataBuff. encoded
09-02 12:38:06.619 21268 21268 D SecNativeFeatureCppIf: Free unCompDataBuff
09-02 12:38:06.619 21268 21268 D SecNativeFeatureCppIf: encoded
09-02 12:38:06.620 21268 21268 D SecNativeFeatureCppIf: decoding and unzip finish
09-02 12:38:06.620 21268 21268 D SecNativeFeatureCppIf: use unCompDataBuff. encoded
09-02 12:38:06.620 21268 21268 D SecNativeFeatureCppIf: Free unCompDataBuff
09-02 12:38:06.620 21268 21268 D SecNativeFeatureCppIf: encoded
09-02 12:38:06.620 21268 21268 D SecNativeFeatureCppIf: decoding and unzip finish
09-02 12:38:06.620 21268 21268 D SecNativeFeatureCppIf: use unCompDataBuff. encoded
09-02 12:38:06.620 21268 21268 D SecNativeFeatureCppIf: Free unCompDataBuff
09-02 12:38:06.620 21268 21268 D SecNativeFeatureCppIf: encoded
09-02 12:38:06.620 21268 21268 D SecNativeFeatureCppIf: decoding and unzip finish
09-02 12:38:06.620 21268 21268 D SecNativeFeatureCppIf: use unCompDataBuff. encoded
09-02 12:38:06.620 21268 21268 D SecNativeFeatureCppIf: Free unCompDataBuff
09-02 12:38:06.749 21268 21268 D ICU     : Timezone override file found: /data/misc/zoneinfo/current/icu/icu_tzdata.dat
09-02 12:38:06.765 21268 21268 I app_process: find the special shared library, skip check
09-02 12:38:06.795 21268 21268 D SemCscFeature: Encoded
09-02 12:38:06.798 21268 21268 I chatty  : uid=2000(shell) identical 2 lines
09-02 12:38:06.799 21268 21268 D SemCscFeature: Encoded
09-02 12:38:06.801 21268 21268 E SemAffinityControl: SemAffinityControl: registerfunction enter
09-02 12:38:06.808 21268 21268 D AndroidRuntime: Calling main entry com.android.commands.input.Input
09-02 12:38:06.814 21268 21268 I Input   : injectMotionEvent: MotionEvent { action=ACTION_DOWN, actionButton=0, id[0]=0, x[0]=550.0, y[0]=1500.0, toolType[0]=TOOL_TYPE_UNKNOWN, buttonState=0, metaState=0, flags=0x0, edgeFlags=0x0, pointerCount=1, historySize=0, eventTime=41620054, downTime=41620054, deviceId=3, source=0x1002 }
09-02 12:38:06.815  3979  5965 D InputDispatcher: Inject motion (21268): action=0x0, eventTime=41620054000000, displayId=0
09-02 12:38:06.815  3979  4081 I InputDispatcher: Dropping event because there is no touchable window at (550, 1500).
09-02 12:38:06.815  3979  5965 W InputManager: Input event injection from pid 21268 failed.
09-02 12:38:06.816 21268 21268 I Input   : injectMotionEvent: MotionEvent { action=ACTION_UP, actionButton=0, id[0]=0, x[0]=550.0, y[0]=1500.0, toolType[0]=TOOL_TYPE_UNKNOWN, buttonState=0, metaState=0, flags=0x0, edgeFlags=0x0, pointerCount=1, historySize=0, eventTime=41620054, downTime=41620054, deviceId=3, source=0x1002 }
09-02 12:38:06.816  3979  5965 D InputDispatcher: Inject motion (21268): action=0x1, eventTime=41620054000000, displayId=0
09-02 12:38:06.816  3979  5965 W InputManager: Input event injection from pid 21268 failed.
09-02 12:38:06.817 21268 21268 D AndroidRuntime: Shutting down VM
09-02 12:38:06.909 14031 14031 E adbd    : recv: OPEN 0001dbb9 00000000 0042:73 68 65 6C 6C 2C 76 32 2C 54 45 52 4D 3D 78 74 65 72 6D 2D 32 35 36 63 6F 6C 6F 72 2C 72 61 77 3A 67 65 74 70 72 6F 70 20 72 6F 2E 62 75 69 6C 64 2E 76 65 72 73 69 6F 6E 2E 72 65 6C 65 61 73 65 00 
09-02 12:38:06.909 14031 14031 E adbd    : service_to_fd: shell,v2,TERM=xterm-256color,raw:getprop ro.build.version.release
09-02 12:38:06.977 14031 14031 E adbd    : recv: OPEN 0001dbbc 00000000 003e:73 68 65 6C 6C 2C 76 32 2C 54 45 52 4D 3D 78 74 65 72 6D 2D 32 35 36 63 6F 6C 6F 72 2C 72 61 77 3A 67 65 74 70 72 6F 70 20 72 6F 2E 62 75 69 6C 64 2E 76 65 72 73 69 6F 6E 2E 73 64 6B 00 
09-02 12:38:06.977 14031 14031 E adbd    : service_to_fd: shell,v2,TERM=xterm-256color,raw:getprop ro.build.version.sdk
09-02 12:38:07.010 21059 21135 I cr_omaha: Attempting to schedule next job for: Sat Sep 02 13:14:49 GMT+02:00 2023
09-02 12:38:07.014 21059 21059 I cr_omaha: Scheduled using JobService
09-02 12:38:07.039 21059 21059 E cr_BkgrdTaskJS: Tried finishing non-current BackgroundTask.
09-02 12:38:07.049 14031 14031 E adbd    : recv: OPEN 0001dbbf 00000000 0102:73 68 65 6C 6C 2C 76 32 2C 54 45 52 4D 3D 78 74 65 72 6D 2D 32 35 36 63 6F 6C 6F 72 2C 72 61 77 3A 61 6D 20 73 74 61 72 74 2D 66 6F 72 65 67 72 6F 75 6E 64 2D 73 65 72 76 69 63 65 20 2D 6E 20 22 63 6F 6D 2E 65 78 61 6D 70 6C 65 2E 62 61 74 74 65 72 79 6D 61 6E 61 67 65 72 5F 75 74 69 6C 69 74 79 2F 63 6F 6D 2E 65 78 61 6D 70 6C 65 2E 62 61 74 74 65 72 79 6D 61 6E 61 67 65 72 5F 75 74 69 6C 69 74 79 2E 44 61 74 61 43 6F 6C 6C 65 63 74 69 6F 6E 53 65 72 76 69 63 65 22 20 2D 2D 65 69 20 73 61 6D 70 6C 65 52 61 74 65 20 31 30 30 20 2D 2D 65 73 20 22 64 61 74 61 46 69 65 6C 64 73 22 20 22 42 41 54 54 45 52 59 5F 50 52 4F 50 45 52 54 59 5F 43 55 52 52 45 4E 54 5F 4E 4F 57 2C 45 58 54 52 41 5F 56 4F 4C 54 41 47 45 22 20 2D 2D 65 7A 20 74 6F 43 53 56 20 66 61 6C 73 65 00 
09-02 12:38:07.050 14031 14031 E adbd    : service_to_fd: shell,v2,TERM=xterm-256color,raw:am start-foreground-service -n "com.example.batterymanager_utility/com.example.batterymanager_utility.DataCollectionService" --ei sampleRate 100 --es "dataFields" "BATTERY_PROPERTY_CURRENT_NOW,EXTRA_VOLTAGE" --ez toCSV false
09-02 12:38:07.124 21019 21019 I BatteryMgr:DataCollectionService: onStartCommand: begin
09-02 12:38:07.125 21019 21019 I BatteryMgr:DataCollectionService: onStartCommand: sampleRate => 100
09-02 12:38:07.125 21019 21019 I BatteryMgr:DataCollectionService: onStartCommand: rawFields => Timestamp,BATTERY_PROPERTY_CURRENT_NOW,EXTRA_VOLTAGE
09-02 12:38:07.127 21019 21019 I BatteryMgr:DataCollectionService: onStartCommand: notification done
09-02 12:38:07.129 21019 21019 D Notification: allPendingIntents
09-02 12:38:07.132 21019 21019 I BatteryMgr:DataCollectionService: started foreground
09-02 12:38:07.133  3979  3995 D ApplicationPolicy: isStatusBarNotificationAllowedAsUser: packageName = android,userId = 0
09-02 12:38:07.133  3979  3995 D API test: getContainerInfo: value is 
09-02 12:38:07.134  3979  3995 D ApplicationPolicy: isStatusBarNotificationAllowedAsUser: packageName = android,userId = 0
09-02 12:38:07.134  3979  3995 D API test: getContainerInfo: value is 
09-02 12:38:07.135  3979  3995 D ApplicationPolicy: isStatusBarNotificationAllowedAsUser: packageName = com.example.batterymanager_utility,userId = 0
09-02 12:38:07.135  3979  3995 D API test: getContainerInfo: value is 
09-02 12:38:07.135  3979  3995 D ApplicationPolicy: isStatusBarNotificationAllowedAsUser: packageName = com.example.batterymanager_utility,userId = 0
09-02 12:38:07.135  3979  3995 D API test: getContainerInfo: value is 
09-02 12:38:07.138  3979  3979 D AudioService: getStreamVolume 5 index 110
09-02 12:38:07.141  3979  4668 D Notification: allPendingIntents
09-02 12:38:07.143  3979  5965 D Notification: allPendingIntents
09-02 12:38:07.144  4349  4349 D StatusBar: addNotification key=0|android|40|null|1000 fullscreen:false
09-02 12:38:07.147  3979  3979 I AccessibilityManagerService: semOnLightNotification(null), bIsFlashOn : false
09-02 12:38:07.147  3979  3979 D AccessibilityManagerService: Can't use light notification
09-02 12:38:07.148  3979  3979 D AudioService: getStreamVolume 5 index 110
09-02 12:38:07.150  3979  5965 D Notification: allPendingIntents
09-02 12:38:07.152  3979  5965 D Notification: allPendingIntents
09-02 12:38:07.163  4349  4349 D StatusBar: addNotification key=0|com.example.batterymanager_utility|1|null|10157 fullscreen:false
09-02 12:38:07.167 14031 14031 E adbd    : recv: OPEN 0001dbc2 00000000 0042:73 68 65 6C 6C 2C 76 32 2C 54 45 52 4D 3D 78 74 65 72 6D 2D 32 35 36 63 6F 6C 6F 72 2C 72 61 77 3A 67 65 74 70 72 6F 70 20 72 6F 2E 62 75 69 6C 64 2E 76 65 72 73 69 6F 6E 2E 72 65 6C 65 61 73 65 00 
09-02 12:38:07.167 14031 14031 E adbd    : service_to_fd: shell,v2,TERM=xterm-256color,raw:getprop ro.build.version.release
09-02 12:38:07.170 21019 21288 I BatteryMgr:DataCollectionService: collectData: begin
09-02 12:38:07.184 21019 21288 I BatteryMgr:DataCollectionService: stats => 1693651087184,-161,4258
09-02 12:38:07.243 14031 14031 E adbd    : recv: OPEN 0001dbc5 00000000 003e:73 68 65 6C 6C 2C 76 32 2C 54 45 52 4D 3D 78 74 65 72 6D 2D 32 35 36 63 6F 6C 6F 72 2C 72 61 77 3A 67 65 74 70 72 6F 70 20 72 6F 2E 62 75 69 6C 64 2E 76 65 72 73 69 6F 6E 2E 73 64 6B 00 
09-02 12:38:07.243 14031 14031 E adbd    : service_to_fd: shell,v2,TERM=xterm-256color,raw:getprop ro.build.version.sdk
09-02 12:38:07.246 22051 22062 I zygote64: Background concurrent copying GC freed 52238(2MB) AllocSpace objects, 3(60KB) LOS objects, 49% free, 8MB/16MB, paused 335us total 120.134ms
09-02 12:38:07.288  4349  4349 D KeyguardUpdateMonitor: handleStatusBarState( false )
09-02 12:38:07.292 21019 21288 I BatteryMgr:DataCollectionService: stats => 1693651087292,-161,4258
09-02 12:38:07.306 14031 14031 E adbd    : recv: OPEN 0001dbc8 00000000 0029:73 68 65 6C 6C 2C 76 32 2C 54 45 52 4D 3D 78 74 65 72 6D 2D 32 35 36 63 6F 6C 6F 72 2C 72 61 77 3A 64 61 74 65 20 2D 75 00 
09-02 12:38:07.306 14031 14031 E adbd    : service_to_fd: shell,v2,TERM=xterm-256color,raw:date -u
09-02 12:38:07.382 14031 14031 E adbd    : recv: OPEN 0001dbcb 00000000 003e:73 68 65 6C 6C 2C 76 32 2C 54 45 52 4D 3D 78 74 65 72 6D 2D 32 35 36 63 6F 6C 6F 72 2C 72 61 77 3A 64 75 6D 70 73 79 73 20 63 70 75 69 6E 66 6F 20 7C 20 67 72 65 70 20 54 4F 54 41 4C 00 
09-02 12:38:07.382 14031 14031 E adbd    : service_to_fd: shell,v2,TERM=xterm-256color,raw:dumpsys cpuinfo | grep TOTAL
09-02 12:38:07.397 21019 21288 I BatteryMgr:DataCollectionService: stats => 1693651087397,-161,4258
09-02 12:38:07.469 14031 14031 E adbd    : recv: OPEN 0001dbce 00000000 003d:73 68 65 6C 6C 2C 76 32 2C 54 45 52 4D 3D 78 74 65 72 6D 2D 32 35 36 63 6F 6C 6F 72 2C 72 61 77 3A 64 75 6D 70 73 79 73 20 6D 65 6D 69 6E 66 6F 20 7C 20 67 72 65 70 20 55 73 65 64 00 
09-02 12:38:07.470 14031 14031 E adbd    : service_to_fd: shell,v2,TERM=xterm-256color,raw:dumpsys meminfo | grep Used
09-02 12:38:07.507 21019 21288 I BatteryMgr:DataCollectionService: stats => 1693651087507,-161,4258
09-02 12:38:07.542 21059 21059 I cr_tabmodel: Appending tabs being restored to metadata lists, 0, startingNormalCount: 57, startingIncognitoCount: 0
09-02 12:38:07.542 21059 21059 I cr_tabmodel: Serializing tab lists; counts: 57, 0
09-02 12:38:07.577  3979  3994 D SemExecuteManagerService: onShortcutChanged: com.android.chrome0
09-02 12:38:07.578 21059 21059 I cr_StartSurface: Recorded Startup.Android.StartSurfaceShownAtStartup = false
09-02 12:38:07.578  5213  6155 D LauncherApps: onShortcutChanged 0,com.android.chrome
09-02 12:38:07.578  5213  5213 D DeepShortcutManager: bindDeepShortcutMap: {com.android.launcher3.util.ComponentKey@1e9a2cfa=[DynamicFullRecent], com.android.launcher3.util.ComponentKey@92548096=[Search, Messages, Share, Notifications], com.android.launcher3.util.ComponentKey@9df2b1d6=[scanQrCode, newTab, newPrivateTab, search], com.android.launcher3.util.ComponentKey@489bf67c=[text_shortcut, voice_shortcut], com.android.launcher3.util.ComponentKey@86e56e2c=[open_new_tab, password_manager, open_new_private_tab], com.android.launcher3.util.ComponentKey@d85d54d0=[search_event_task, create_task, create_event], com.android.launcher3.util.ComponentKey@f5d080bf=[phoneadd, search, missedcall], com.android.launcher3.util.ComponentKey@515cb72c=[VIEW_MY_DOWNLOADS], com.android.launcher3.util.ComponentKey@683678e7=[create_message], com.android.launcher3.util.ComponentKey@64033792=[explore-shortcut, search-shortcut, shorts-shortcut, subscriptions-shortcut], com.android.launcher3.util.ComponentKey@3a8c61b=[compose], com.android.launcher3.util.ComponentKey@429b698e=[selfie, auto], com.android.launcher3.util.ComponentKey@91a61c5e=[contactadd, myprofile, contactgroup], com.android.launcher3.util.ComponentKey@3e17fc4f=[updates], com.android.launcher3.util.ComponentKey@967f6ac6=[search_shortcut], com.android.launcher3.util.ComponentKey@afe2ea5f=[manifest_home, manifest_work], com.android.launcher3.util.ComponentKey@7bfa09e7=[manifest_compose_shortcut, andrei.bogdan.marcel97@gmail.com], com.android.launcher3.util.ComponentKey@947c4a03=[new-tab-shortcut, dynamic-new-incognito-tab-shortcut]}
09-02 12:38:07.592 21059 21094 I cr_BindingManager: Visible binding enabled: maxSize=40
09-02 12:38:07.597  3979  3990 W StorageManager: getStorageLowBytes lowPercent : 5, lowBytes : 1260145254, maxLowBytes : 524288000
09-02 12:38:07.612 21019 21288 I BatteryMgr:DataCollectionService: stats => 1693651087611,-161,4258
09-02 12:38:07.656  3449  3449 I android.hardware.wifi@1.0-service: getLinkLayerStats
09-02 12:38:07.716 21019 21288 I BatteryMgr:DataCollectionService: stats => 1693651087716,-161,4258
09-02 12:38:07.798 21202 21216 I zygote64: Waiting for a blocking GC ProfileSaver
09-02 12:38:07.823 21019 21288 I BatteryMgr:DataCollectionService: stats => 1693651087823,-161,4258
09-02 12:38:07.928 21019 21288 I BatteryMgr:DataCollectionService: stats => 1693651087928,-161,4258
09-02 12:38:08.040 21019 21288 I BatteryMgr:DataCollectionService: stats => 1693651088040,-161,4258
09-02 12:38:08.151 21019 21288 I BatteryMgr:DataCollectionService: stats => 1693651088151,-161,4258
09-02 12:38:08.201  4962  4962 D io_stats: !@ 179,0 r 600829 18234444 w 381840 8139884 d 40254 19250636 f 106142 108463 iot 481724 404756 th 51200 0 0 pt 0 inp 0 0 41621.445
09-02 12:38:08.206 21059 21128 E Conscrypt: ------------------Untrusted chain: ----------------------
09-02 12:38:08.206 21059 21128 E Conscrypt: == Chain0 == 
09-02 12:38:08.206 21059 21128 E Conscrypt:  Version:   3
09-02 12:38:08.207 21059 21128 E Conscrypt:  Serial Number:   4c816d9739a4f4c54278e3f704681a56
09-02 12:38:08.207 21059 21128 E Conscrypt:  SubjectDN:   CN=*.kampyle.com
09-02 12:38:08.208 21059 21128 E Conscrypt:  IssuerDN:   CN=SSL.com RSA SSL subCA, O=SSL Corporation, L=Houston, ST=Texas, C=US
09-02 12:38:08.208 21059 21128 E Conscrypt:  Get not before:   Wed Mar 29 08:23:12 GMT+02:00 2023
09-02 12:38:08.208 21059 21128 E Conscrypt:  Get not after:   Wed Feb 28 07:23:12 GMT+01:00 2024
09-02 12:38:08.209 21059 21128 E Conscrypt:  Sig ALG name:   SHA256withRSA
09-02 12:38:08.209 21059 21128 E Conscrypt:  Signature:   44265302db04918dfab5a3cdc98ea699901627cb08464662cc0944686cb53de8d982ccd51d04c6c5d40862898743e7aee8476f96491b6a6bcb690a24eb91fc8f8096bca8ba29b213c138d2767321a7cc5e0a41a604e0d9dd187f9ce71ffcb843349acc6c37990e492e14b4411e62ea26fc3c6acea7e8a15fb0eceffb79085cd9af5023093ce72b542760a2ee7d6879ee7d3edf85fe8b6647d8ec9859e69d11488dc694cd0850aa7d1fb41230e366a4f8cca65df5fd4057ddef612f6982466e689ab3514ce298ca9a5892049a897264411f4d30f2cd9789c6fc1226a4436a63c703b5312cc6f7a28b4ff8da4497435b825f57adc2f3bc9f4f23acfd6998c5faa08c1cb7b2cef4a8f9ca5021d953cdc69574272e83ab73c68d3e577e8f1b2223fc65e829bc859454b74f8d3692adcc387fc7465a86c05232ca274a18508a3cbd1b6efd4a1a98dd90a23414d93e42423563c302f979dacbcef5fcc0a1b4a45aa19785897843ef6486bab7c381045c89037d2f029c6cfb96a2915a19617933c894ebaa8eb03ba0575a9b20843364a7defaa19a6ffafe1f95103c53aedcd53b6224020af1464f559ef5992df249b3dfa27389a4cc5bcef76f652bb13e88b9b59f68a9356b322800cb489d7f5e9eb1d2decae22901cfc591fc851c20b7c68448468ebc7da543242def20929231416e02c5854b8f01d98200d45284661dae8a368dcb39
09-02 12:38:08.240 21059 21128 E Conscrypt:  Public key:
09-02 12:38:08.240 21059 21128 E Conscrypt:  
09-02 12:38:08.240 21059 21128 E Conscrypt:  30 82 01 22 30 0d 06 09 2a 86 48 86 f7 0d 01 01 01 05 00 03
09-02 12:38:08.240 21059 21128 E Conscrypt:  82 01 0f 00 30 82 01 0a 02 82 01 01 00 d2 f2 ff 95 f8 fa 3c
09-02 12:38:08.240 21059 21128 E Conscrypt:  42 35 50 5f 27 21 3a eb c7 31 79 58 93 35 a2 49 27 02 1b 85
09-02 12:38:08.240 21059 21128 E Conscrypt:  45 df 44 62 e2 b0 41 0b 94 d7 d6 15 ec ab 9e bf d9 b4 b4 6d
09-02 12:38:08.240 21059 21128 E Conscrypt:  9e a2 ae 0a 1a fe 86 f8 f4 32 6c 88 9f c8 cd 44 4f 4c 89 05
09-02 12:38:08.240 21059 21128 E Conscrypt:  02 0b a2 d6 f1 bf 32 4f 9c 8f fb d7 84 4b 54 2e cf 08 7e 77
09-02 12:38:08.240 21059 21128 E Conscrypt:  cc 59 22 3c 73 46 42 99 ce d1 da 57 ac c8 e0 43 e1 f0 b0 1f
09-02 12:38:08.240 21059 21128 E Conscrypt:  ec 56 52 94 2f 45 85 1e f6 ea 45 8c e9 4e 50 22 6f 9f b2 39
09-02 12:38:08.240 21059 21128 E Conscrypt:  c6 34 cc 58 fc 3a 3c 9b b9 f2 6d 73 df 38 e2 c2 05 c1 c3 2f
09-02 12:38:08.240 21059 21128 E Conscrypt:  4e 2d 2e 0a c4 b9 43 92 40 75 9b 6a 8d c8 51 af da 0d ac 05
09-02 12:38:08.240 21059 21128 E Conscrypt:  59 1b 36 83 16 20 be e0 fb 33 ca 8a 9d aa dc fe ee 73 0f 43
09-02 12:38:08.240 21059 21128 E Conscrypt:  5a 19 fb b8 b2 ea db 64 d8 78 66 f6 d6 c9 86 84 e4 fa f5 be
09-02 12:38:08.240 21059 21128 E Conscrypt:  dd fe aa 19 b6 d4 b1 31 db 23 f5 23 88 0c 3c 8a 56 68 31 72
09-02 12:38:08.240 21059 21128 E Conscrypt:  01 54 9f 3c 69 73 0c 23 95 e2 4b 76 de 8c 94 60 74 e3 0f f8
09-02 12:38:08.240 21059 21128 E Conscrypt:  8a a3 a6 a3 17 76 b5 36 9b 02 03 01 00 01
09-02 12:38:08.240 21059 21128 E Conscrypt: == Chain1 == 
09-02 12:38:08.240 21059 21128 E Conscrypt:  Version:   3
09-02 12:38:08.241 21059 21128 E Conscrypt:  Serial Number:   997ed109d1f07fc
09-02 12:38:08.241 21059 21128 E Conscrypt:  SubjectDN:   CN=SSL.com RSA SSL subCA, O=SSL Corporation, L=Houston, ST=Texas, C=US
09-02 12:38:08.241 21059 21128 E Conscrypt:  IssuerDN:   CN=SSL.com Root Certification Authority RSA, O=SSL Corporation, L=Houston, ST=Texas, C=US
09-02 12:38:08.242 21059 21128 E Conscrypt:  Get not before:   Fri Feb 12 19:48:52 GMT+01:00 2016
09-02 12:38:08.242 21059 21128 E Conscrypt:  Get not after:   Wed Feb 12 19:48:52 GMT+01:00 2031
09-02 12:38:08.242 21059 21128 E Conscrypt:  Sig ALG name:   SHA256withRSA
09-02 12:38:08.242 21059 21128 E Conscrypt:  Signature:   22e9efe2495e4312a0cee978d04882335e0736e79cafe8e736b2a667bd1c95047b47be8eb68cca076375ee9dcfc4a1f6de4b868775806f8249fa08d4e3564094fa9b16c1c4f73e0f37b8fe24e1386eedb5efac295f4be5c195b262085fcf489c4baca9f1467f9720689897ad87825061abd2bcfdf66b236421d66649996134165c440c26f88bc481362f25983a206858bcff2977d99f5a86687170b8ad0d4fd7c8a034c8eaaf22b386287f79bfefe5f1f424cc4d55105be3fa2cafe135ddee64590ceb1fa9f203661ae9a2ed369171ff85c5e5ad1fbeb7c9238fdc2df071d0f8592bc9623a6d4dca3d1251e8df041f61078b6dd1a7cfe4c8cb3e8306b3cccaa790d3db30c13bdb7ad793affce6c8ce51a6429a1991231f6b82a21641eb14f7ad89d05aee18e39ab0b4fb59b66216c9926e59a98d4028e3db08462ed7e3ddea7a0c821006b8d76ca7c9b850ecb56c4cb10fc556dd9865628778d54e27ff373b6bd88b1a6b3e0ba4c128e26182886c5e73998aaf5c3c004f67e83f750afc51e7fccbd55535242542eec02d91d922be7375ffa8c428526f954af9fc55f4e095dea262235d323c722aee67a1c891bb49ba9d67f59c6f9abf4941c153b0fd9c6d16e3693ec90fa30189d0164422560a547fe5eb536705b05ab442af3bc81c2ed63baac2cf0bbaf5afa5ee87c22a55accbbd367663d32847447f08602f1d0bc49aff03
09-02 12:38:08.258 21019 21288 I BatteryMgr:DataCollectionService: stats => 1693651088258,-161,4258
09-02 12:38:08.278 21059 21128 E Conscrypt:  Public key:
09-02 12:38:08.278 21059 21128 E Conscrypt:  
09-02 12:38:08.278 21059 21128 E Conscrypt:  30 82 02 22 30 0d 06 09 2a 86 48 86 f7 0d 01 01 01 05 00 03
09-02 12:38:08.278 21059 21128 E Conscrypt:  82 02 0f 00 30 82 02 0a 02 82 02 01 00 84 f6 29 3a e9 e1 73
09-02 12:38:08.278 21059 21128 E Conscrypt:  18 85 eb 13 73 97 a4 ec 9b f4 3c f6 b9 ee da 35 53 5d 30 4e
09-02 12:38:08.278 21059 21128 E Conscrypt:  64 f6 81 91 20 f5 21 ce 25 9b ba a4 63 09 59 fd 48 15 e6 79
09-02 12:38:08.278 21059 21128 E Conscrypt:  f5 e6 88 61 71 e6 03 0b 60 25 47 d4 6f 19 b3 fe db aa ab 35
09-02 12:38:08.278 21059 21128 E Conscrypt:  cb 84 d1 73 9d 1c 93 81 e1 2a 18 e1 de 8e a8 b0 10 e9 90 74
09-02 12:38:08.278 21059 21128 E Conscrypt:  2d d1 11 2b 54 9a 6b 99 69 42 5a 87 13 cf 77 e9 da 6b de 11
09-02 12:38:08.278 21059 21128 E Conscrypt:  96 ca a3 1b d8 bb 1d 52 e8 50 23 3c 0d 90 b5 3f 9f d1 ce df
09-02 12:38:08.278 21059 21128 E Conscrypt:  98 ab 28 26 ca 81 2d c5 79 e8 ea 91 da 8a e6 5e 81 6f 5d 7a
09-02 12:38:08.278 21059 21128 E Conscrypt:  f7 7a 38 6f 3f 54 64 25 1d 05 c4 3f 5f 3d 3a b4 0e 5c 7e 71
09-02 12:38:08.278 21059 21128 E Conscrypt:  ef 62 49 a6 8f 18 63 d6 52 d3 2b 09 10 85 6b 88 0e ba 5b c1
09-02 12:38:08.278 21059 21128 E Conscrypt:  62 ce d1 05 4e 73 6f 6c f6 27 a8 99 12 a6 f2 c6 0c ca 20 46
09-02 12:38:08.278 21059 21128 E Conscrypt:  e1 0a 91 43 ff 9b 5f 0a 78 f1 c1 74 a8 00 72 19 60 fa 6f cf
09-02 12:38:08.278 21059 21128 E Conscrypt:  e0 1b 85 ea d4 80 60 3b 9a 7e 69 61 52 d2 6b 33 92 4e 6b b2
09-02 12:38:08.278 21059 21128 E Conscrypt:  1e 1b dd 76 d3 1e 88 4f de 85 90 20 e5 76 d1 65 9d b5 55 97
09-02 12:38:08.278 21059 21128 E Conscrypt:  89 0b 81 07 c4 68 70 09 74 19 af ff 6f e7 a9 88 68 0c 13 92
09-02 12:38:08.278 21059 21128 E Conscrypt:  57 2d 65 c3 d5 a0 e0 ff 11 f2 f0 c5 2c 68 c9 61 ea 30 df 54
09-02 12:38:08.278 21059 21128 E Conscrypt:  81 5e a6 43 e7 93 05 c3 a5 1f e7 df a8 69 80 a6 bd 74 4a cc
09-02 12:38:08.278 21059 21128 E Conscrypt:  92 06 d8 78 46 8f 6a 72 c7 61 dd 24 bf 8c 50 df a3 e5 30 cb
09-02 12:38:08.278 21059 21128 E Conscrypt:  3d 5a 1a 03 12 b1 9c 10 6f 4a c4 05 cd e0 0c 6b e7 09 7a 3d
09-02 12:38:08.278 21059 21128 E Conscrypt:  30 e7 fe 55 dc 50 5b d0 a0 8a bf e4 24 8f f8 ab 79 8e af 6d
09-02 12:38:08.278 21059 21128 E Conscrypt:  2b f8 11 ac 07 38 01 6a 91 ba 00 ef 40 f6 14 9b 4d 11 ab 38
09-02 12:38:08.278 21059 21128 E Conscrypt:  f9 3b 19 b9 35 54 18 0f 36 f2 a0 0e ba 08 3e bc 2c 44 ee 56
09-02 12:38:08.278 21059 21128 E Conscrypt:  b7 da f4 6b 96 f4 c0 19 44 ee 82 0f 3a 27 01 ec c8 74 d1 ec
09-02 12:38:08.278 21059 21128 E Conscrypt:  b2 50 db d4 7f 15 37 f9 34 cc cc 63 23 ed 2e 6f 82 00 99 cd
09-02 12:38:08.278 21059 21128 E Conscrypt:  c8 e4 67 d9 b6 f6 1c a6 3b 4c 8f c2 f8 d9 30 d2 df 8f c2 3a
09-02 12:38:08.278 21059 21128 E Conscrypt:  8b ff 3d fd 87 67 f5 d7 1a 5c e3 67 b5 8f 98 b9 78 7d d0 7a
09-02 12:38:08.278 21059 21128 E Conscrypt:  86 18 ec d8 1b 02 03 01 00 01
09-02 12:38:08.281 21059 21128 E Conscrypt: ------------------Untrusted chain: ----------------------
09-02 12:38:08.281 21059 21128 E Conscrypt: == Chain0 == 
09-02 12:38:08.281 21059 21128 E Conscrypt:  Version:   3
09-02 12:38:08.281 21059 21128 E Conscrypt:  Serial Number:   4c816d9739a4f4c54278e3f704681a56
09-02 12:38:08.281 21059 21128 E Conscrypt:  SubjectDN:   CN=*.kampyle.com
09-02 12:38:08.281 21059 21128 E Conscrypt:  IssuerDN:   CN=SSL.com RSA SSL subCA, O=SSL Corporation, L=Houston, ST=Texas, C=US
09-02 12:38:08.281 21059 21128 E Conscrypt:  Get not before:   Wed Mar 29 08:23:12 GMT+02:00 2023
09-02 12:38:08.281 21059 21128 E Conscrypt:  Get not after:   Wed Feb 28 07:23:12 GMT+01:00 2024
09-02 12:38:08.281 21059 21128 E Conscrypt:  Sig ALG name:   SHA256withRSA
09-02 12:38:08.281 21059 21128 E Conscrypt:  Signature:   44265302db04918dfab5a3cdc98ea699901627cb08464662cc0944686cb53de8d982ccd51d04c6c5d40862898743e7aee8476f96491b6a6bcb690a24eb91fc8f8096bca8ba29b213c138d2767321a7cc5e0a41a604e0d9dd187f9ce71ffcb843349acc6c37990e492e14b4411e62ea26fc3c6acea7e8a15fb0eceffb79085cd9af5023093ce72b542760a2ee7d6879ee7d3edf85fe8b6647d8ec9859e69d11488dc694cd0850aa7d1fb41230e366a4f8cca65df5fd4057ddef612f6982466e689ab3514ce298ca9a5892049a897264411f4d30f2cd9789c6fc1226a4436a63c703b5312cc6f7a28b4ff8da4497435b825f57adc2f3bc9f4f23acfd6998c5faa08c1cb7b2cef4a8f9ca5021d953cdc69574272e83ab73c68d3e577e8f1b2223fc65e829bc859454b74f8d3692adcc387fc7465a86c05232ca274a18508a3cbd1b6efd4a1a98dd90a23414d93e42423563c302f979dacbcef5fcc0a1b4a45aa19785897843ef6486bab7c381045c89037d2f029c6cfb96a2915a19617933c894ebaa8eb03ba0575a9b20843364a7defaa19a6ffafe1f95103c53aedcd53b6224020af1464f559ef5992df249b3dfa27389a4cc5bcef76f652bb13e88b9b59f68a9356b322800cb489d7f5e9eb1d2decae22901cfc591fc851c20b7c68448468ebc7da543242def20929231416e02c5854b8f01d98200d45284661dae8a368dcb39
09-02 12:38:08.289 21059 21128 E Conscrypt:  Public key:
09-02 12:38:08.289 21059 21128 E Conscrypt:  
09-02 12:38:08.289 21059 21128 E Conscrypt:  30 82 01 22 30 0d 06 09 2a 86 48 86 f7 0d 01 01 01 05 00 03
09-02 12:38:08.289 21059 21128 E Conscrypt:  82 01 0f 00 30 82 01 0a 02 82 01 01 00 d2 f2 ff 95 f8 fa 3c
09-02 12:38:08.289 21059 21128 E Conscrypt:  42 35 50 5f 27 21 3a eb c7 31 79 58 93 35 a2 49 27 02 1b 85
09-02 12:38:08.289 21059 21128 E Conscrypt:  45 df 44 62 e2 b0 41 0b 94 d7 d6 15 ec ab 9e bf d9 b4 b4 6d
09-02 12:38:08.289 21059 21128 E Conscrypt:  9e a2 ae 0a 1a fe 86 f8 f4 32 6c 88 9f c8 cd 44 4f 4c 89 05
09-02 12:38:08.289 21059 21128 E Conscrypt:  02 0b a2 d6 f1 bf 32 4f 9c 8f fb d7 84 4b 54 2e cf 08 7e 77
09-02 12:38:08.289 21059 21128 E Conscrypt:  cc 59 22 3c 73 46 42 99 ce d1 da 57 ac c8 e0 43 e1 f0 b0 1f
09-02 12:38:08.289 21059 21128 E Conscrypt:  ec 56 52 94 2f 45 85 1e f6 ea 45 8c e9 4e 50 22 6f 9f b2 39
09-02 12:38:08.289 21059 21128 E Conscrypt:  c6 34 cc 58 fc 3a 3c 9b b9 f2 6d 73 df 38 e2 c2 05 c1 c3 2f
09-02 12:38:08.289 21059 21128 E Conscrypt:  4e 2d 2e 0a c4 b9 43 92 40 75 9b 6a 8d c8 51 af da 0d ac 05
09-02 12:38:08.289 21059 21128 E Conscrypt:  59 1b 36 83 16 20 be e0 fb 33 ca 8a 9d aa dc fe ee 73 0f 43
09-02 12:38:08.289 21059 21128 E Conscrypt:  5a 19 fb b8 b2 ea db 64 d8 78 66 f6 d6 c9 86 84 e4 fa f5 be
09-02 12:38:08.289 21059 21128 E Conscrypt:  dd fe aa 19 b6 d4 b1 31 db 23 f5 23 88 0c 3c 8a 56 68 31 72
09-02 12:38:08.289 21059 21128 E Conscrypt:  01 54 9f 3c 69 73 0c 23 95 e2 4b 76 de 8c 94 60 74 e3 0f f8
09-02 12:38:08.289 21059 21128 E Conscrypt:  8a a3 a6 a3 17 76 b5 36 9b 02 03 01 00 01
09-02 12:38:08.289 21059 21128 E Conscrypt: == Chain1 == 
09-02 12:38:08.289 21059 21128 E Conscrypt:  Version:   3
09-02 12:38:08.290 21059 21128 E Conscrypt:  Serial Number:   997ed109d1f07fc
09-02 12:38:08.290 21059 21128 E Conscrypt:  SubjectDN:   CN=SSL.com RSA SSL subCA, O=SSL Corporation, L=Houston, ST=Texas, C=US
09-02 12:38:08.290 21059 21128 E Conscrypt:  IssuerDN:   CN=SSL.com Root Certification Authority RSA, O=SSL Corporation, L=Houston, ST=Texas, C=US
09-02 12:38:08.290 21059 21128 E Conscrypt:  Get not before:   Fri Feb 12 19:48:52 GMT+01:00 2016
09-02 12:38:08.290 21059 21128 E Conscrypt:  Get not after:   Wed Feb 12 19:48:52 GMT+01:00 2031
09-02 12:38:08.290 21059 21128 E Conscrypt:  Sig ALG name:   SHA256withRSA
09-02 12:38:08.290 21059 21128 E Conscrypt:  Signature:   22e9efe2495e4312a0cee978d04882335e0736e79cafe8e736b2a667bd1c95047b47be8eb68cca076375ee9dcfc4a1f6de4b868775806f8249fa08d4e3564094fa9b16c1c4f73e0f37b8fe24e1386eedb5efac295f4be5c195b262085fcf489c4baca9f1467f9720689897ad87825061abd2bcfdf66b236421d66649996134165c440c26f88bc481362f25983a206858bcff2977d99f5a86687170b8ad0d4fd7c8a034c8eaaf22b386287f79bfefe5f1f424cc4d55105be3fa2cafe135ddee64590ceb1fa9f203661ae9a2ed369171ff85c5e5ad1fbeb7c9238fdc2df071d0f8592bc9623a6d4dca3d1251e8df041f61078b6dd1a7cfe4c8cb3e8306b3cccaa790d3db30c13bdb7ad793affce6c8ce51a6429a1991231f6b82a21641eb14f7ad89d05aee18e39ab0b4fb59b66216c9926e59a98d4028e3db08462ed7e3ddea7a0c821006b8d76ca7c9b850ecb56c4cb10fc556dd9865628778d54e27ff373b6bd88b1a6b3e0ba4c128e26182886c5e73998aaf5c3c004f67e83f750afc51e7fccbd55535242542eec02d91d922be7375ffa8c428526f954af9fc55f4e095dea262235d323c722aee67a1c891bb49ba9d67f59c6f9abf4941c153b0fd9c6d16e3693ec90fa30189d0164422560a547fe5eb536705b05ab442af3bc81c2ed63baac2cf0bbaf5afa5ee87c22a55accbbd367663d32847447f08602f1d0bc49aff03
09-02 12:38:08.316 21059 21128 E Conscrypt:  Public key:
09-02 12:38:08.316 21059 21128 E Conscrypt:  
09-02 12:38:08.316 21059 21128 E Conscrypt:  30 82 02 22 30 0d 06 09 2a 86 48 86 f7 0d 01 01 01 05 00 03
09-02 12:38:08.316 21059 21128 E Conscrypt:  82 02 0f 00 30 82 02 0a 02 82 02 01 00 84 f6 29 3a e9 e1 73
09-02 12:38:08.316 21059 21128 E Conscrypt:  18 85 eb 13 73 97 a4 ec 9b f4 3c f6 b9 ee da 35 53 5d 30 4e
09-02 12:38:08.316 21059 21128 E Conscrypt:  64 f6 81 91 20 f5 21 ce 25 9b ba a4 63 09 59 fd 48 15 e6 79
09-02 12:38:08.316 21059 21128 E Conscrypt:  f5 e6 88 61 71 e6 03 0b 60 25 47 d4 6f 19 b3 fe db aa ab 35
09-02 12:38:08.316 21059 21128 E Conscrypt:  cb 84 d1 73 9d 1c 93 81 e1 2a 18 e1 de 8e a8 b0 10 e9 90 74
09-02 12:38:08.316 21059 21128 E Conscrypt:  2d d1 11 2b 54 9a 6b 99 69 42 5a 87 13 cf 77 e9 da 6b de 11
09-02 12:38:08.316 21059 21128 E Conscrypt:  96 ca a3 1b d8 bb 1d 52 e8 50 23 3c 0d 90 b5 3f 9f d1 ce df
09-02 12:38:08.316 21059 21128 E Conscrypt:  98 ab 28 26 ca 81 2d c5 79 e8 ea 91 da 8a e6 5e 81 6f 5d 7a
09-02 12:38:08.316 21059 21128 E Conscrypt:  f7 7a 38 6f 3f 54 64 25 1d 05 c4 3f 5f 3d 3a b4 0e 5c 7e 71
09-02 12:38:08.316 21059 21128 E Conscrypt:  ef 62 49 a6 8f 18 63 d6 52 d3 2b 09 10 85 6b 88 0e ba 5b c1
09-02 12:38:08.316 21059 21128 E Conscrypt:  62 ce d1 05 4e 73 6f 6c f6 27 a8 99 12 a6 f2 c6 0c ca 20 46
09-02 12:38:08.316 21059 21128 E Conscrypt:  e1 0a 91 43 ff 9b 5f 0a 78 f1 c1 74 a8 00 72 19 60 fa 6f cf
09-02 12:38:08.316 21059 21128 E Conscrypt:  e0 1b 85 ea d4 80 60 3b 9a 7e 69 61 52 d2 6b 33 92 4e 6b b2
09-02 12:38:08.316 21059 21128 E Conscrypt:  1e 1b dd 76 d3 1e 88 4f de 85 90 20 e5 76 d1 65 9d b5 55 97
09-02 12:38:08.316 21059 21128 E Conscrypt:  89 0b 81 07 c4 68 70 09 74 19 af ff 6f e7 a9 88 68 0c 13 92
09-02 12:38:08.316 21059 21128 E Conscrypt:  57 2d 65 c3 d5 a0 e0 ff 11 f2 f0 c5 2c 68 c9 61 ea 30 df 54
09-02 12:38:08.316 21059 21128 E Conscrypt:  81 5e a6 43 e7 93 05 c3 a5 1f e7 df a8 69 80 a6 bd 74 4a cc
09-02 12:38:08.316 21059 21128 E Conscrypt:  92 06 d8 78 46 8f 6a 72 c7 61 dd 24 bf 8c 50 df a3 e5 30 cb
09-02 12:38:08.316 21059 21128 E Conscrypt:  3d 5a 1a 03 12 b1 9c 10 6f 4a c4 05 cd e0 0c 6b e7 09 7a 3d
09-02 12:38:08.316 21059 21128 E Conscrypt:  30 e7 fe 55 dc 50 5b d0 a0 8a bf e4 24 8f f8 ab 79 8e af 6d
09-02 12:38:08.316 21059 21128 E Conscrypt:  2b f8 11 ac 07 38 01 6a 91 ba 00 ef 40 f6 14 9b 4d 11 ab 38
09-02 12:38:08.316 21059 21128 E Conscrypt:  f9 3b 19 b9 35 54 18 0f 36 f2 a0 0e ba 08 3e bc 2c 44 ee 56
09-02 12:38:08.316 21059 21128 E Conscrypt:  b7 da f4 6b 96 f4 c0 19 44 ee 82 0f 3a 27 01 ec c8 74 d1 ec
09-02 12:38:08.316 21059 21128 E Conscrypt:  b2 50 db d4 7f 15 37 f9 34 cc cc 63 23 ed 2e 6f 82 00 99 cd
09-02 12:38:08.316 21059 21128 E Conscrypt:  c8 e4 67 d9 b6 f6 1c a6 3b 4c 8f c2 f8 d9 30 d2 df 8f c2 3a
09-02 12:38:08.316 21059 21128 E Conscrypt:  8b ff 3d fd 87 67 f5 d7 1a 5c e3 67 b5 8f 98 b9 78 7d d0 7a
09-02 12:38:08.316 21059 21128 E Conscrypt:  86 18 ec d8 1b 02 03 01 00 01
09-02 12:38:08.316 21059 21128 I cr_X509Util: Failed to validate the certificate chain, error: java.security.cert.CertPathValidatorException: Trust anchor for certification path not found.
09-02 12:38:08.330 21059 21133 E chromium: [ERROR:ssl_client_socket_impl.cc(982)] handshake failed; returned -1, SSL error code 1, net_error -202
09-02 12:38:08.331 21059 21133 E chromium: [ERROR:ssl_client_socket_impl.cc(982)] handshake failed; returned -1, SSL error code 1, net_error -202
09-02 12:38:08.364 21019 21288 I BatteryMgr:DataCollectionService: stats => 1693651088364,-161,4258
09-02 12:38:08.475 21019 21288 I BatteryMgr:DataCollectionService: stats => 1693651088475,-161,4258
09-02 12:38:08.570 21059 21059 I cr_tabmodel: Appending tabs being restored to metadata lists, 0, startingNormalCount: 57, startingIncognitoCount: 0
09-02 12:38:08.571 21059 21059 I cr_tabmodel: Serializing tab lists; counts: 57, 0
09-02 12:38:08.581 21019 21288 I BatteryMgr:DataCollectionService: stats => 1693651088580,-161,4258
09-02 12:38:08.687 21019 21288 I BatteryMgr:DataCollectionService: stats => 1693651088687,-161,4258
09-02 12:38:08.792 21019 21288 I BatteryMgr:DataCollectionService: stats => 1693651088792,-161,4258
09-02 12:38:08.803  3979  9236 D SamsungAlarmManager: Cancel Alarm calling from uid:10025 pid :22051 / op:PendingIntent{43de67f: PendingIntentRecord{dee94cc com.google.android.gms startService}}
09-02 12:38:08.903 21019 21288 I BatteryMgr:DataCollectionService: stats => 1693651088903,-161,4258
09-02 12:38:09.017 21019 21288 I BatteryMgr:DataCollectionService: stats => 1693651089016,-161,4258
09-02 12:38:09.124 21019 21288 I BatteryMgr:DataCollectionService: stats => 1693651089123,-161,4258
09-02 12:38:09.230 21019 21288 I BatteryMgr:DataCollectionService: stats => 1693651089230,-161,4258
09-02 12:38:09.257  3614  3927 D DnsProxyListener: DNSDBG::dns addrinfo af 2
09-02 12:38:09.297  3614  3927 I chatty  : uid=0(root) /system/bin/netd identical 9 lines
09-02 12:38:09.298  3614  3927 D DnsProxyListener: DNSDBG::dns addrinfo af 2
09-02 12:38:09.340 21019 21288 I BatteryMgr:DataCollectionService: stats => 1693651089340,-161,4258
09-02 12:38:09.447 21019 21288 I BatteryMgr:DataCollectionService: stats => 1693651089447,-161,4258
09-02 12:38:09.556 21019 21288 I BatteryMgr:DataCollectionService: stats => 1693651089556,-161,4258
09-02 12:38:09.667 21019 21288 I BatteryMgr:DataCollectionService: stats => 1693651089667,-161,4258
09-02 12:38:09.778 21019 21288 I BatteryMgr:DataCollectionService: stats => 1693651089777,-161,4258
09-02 12:38:09.888 21019 21288 I BatteryMgr:DataCollectionService: stats => 1693651089888,-161,4258
09-02 12:38:09.996 21019 21288 I BatteryMgr:DataCollectionService: stats => 1693651089995,-161,4258
09-02 12:38:10.000 21202 21235 I zygote64: Rejecting re-init on previously-failed class java.lang.Class<androidx.wear.ambient.WearableControllerProvider$1>: java.lang.NoClassDefFoundError: Failed resolution of: Lcom/google/android/wearable/compat/WearableActivityController$AmbientCallback;
09-02 12:38:10.000 21202 21235 I zygote64:   at beg androidx.wear.ambient.WearableControllerProvider.a(bem, int) (PG:1)
09-02 12:38:10.000 21202 21235 I zygote64:   at void bck.c(bew[]) (PG:15)
09-02 12:38:10.000 21202 21235 I zygote64:   at void bbh.b(azo, androidx.work.impl.WorkDatabase, java.util.List) (PG:97)
09-02 12:38:10.000 21202 21235 I zygote64:   at void bfu.run() (PG:105)
09-02 12:38:10.000 21202 21235 I zygote64:   at void bgl.run() (PG:1)
09-02 12:38:10.000 21202 21235 I zygote64:   at void clc.run() (PG:5)
09-02 12:38:10.000 21202 21235 I zygote64:   at void cli.run() (PG:23)
09-02 12:38:10.000 21202 21235 I zygote64:   at void boh.run() (PG:24)
09-02 12:38:10.000 21202 21235 I zygote64:   at void cko.run() (PG:3)
09-02 12:38:10.000 21202 21235 I zygote64:   at void java.lang.Thread.run() (Thread.java:764)
09-02 12:38:10.000 21202 21235 I zygote64: Caused by: java.lang.ClassNotFoundException: Didn't find class "com.google.android.wearable.compat.WearableActivityController$AmbientCallback" on path: DexPathList[[zip file "/data/app/com.google.android.tts-OvjQQL1WKadMMXnNDHCx9Q==/base.apk"],nativeLibraryDirectories=[/data/app/com.google.android.tts-OvjQQL1WKadMMXnNDHCx9Q==/lib/arm64, /data/app/com.google.android.tts-OvjQQL1WKadMMXnNDHCx9Q==/base.apk!/lib/arm64-v8a, /system/lib64, /vendor/lib64]]
09-02 12:38:10.000 21202 21235 I zygote64:   at java.lang.Class dalvik.system.BaseDexClassLoader.findClass(java.lang.String) (BaseDexClassLoader.java:93)
09-02 12:38:10.000 21202 21235 I zygote64:   at java.lang.Class java.lang.ClassLoader.loadClass(java.lang.String, boolean) (ClassLoader.java:379)
09-02 12:38:10.000 21202 21235 I zygote64:   at java.lang.Class java.lang.ClassLoader.loadClass(java.lang.String) (ClassLoader.java:312)
09-02 12:38:10.000 21202 21235 I zygote64:   at beg androidx.wear.ambient.WearableControllerProvider.a(bem, int) (PG:1)
09-02 12:38:10.000 21202 21235 I zygote64:   at void bck.c(bew[]) (PG:15)
09-02 12:38:10.001 21202 21235 I zygote64:   at void bbh.b(azo, androidx.work.impl.WorkDatabase, java.util.List) (PG:97)
09-02 12:38:10.001 21202 21235 I zygote64:   at void bfu.run() (PG:105)
09-02 12:38:10.001 21202 21235 I zygote64:   at void bgl.run() (PG:1)
09-02 12:38:10.001 21202 21235 I zygote64:   at void clc.run() (PG:5)
09-02 12:38:10.001 21202 21235 I zygote64:   at void cli.run() (PG:23)
09-02 12:38:10.001 21202 21235 I zygote64:   at void boh.run() (PG:24)
09-02 12:38:10.001 21202 21235 I zygote64:   at void cko.run() (PG:3)
09-02 12:38:10.001 21202 21235 I zygote64:   at void java.lang.Thread.run() (Thread.java:764)
09-02 12:38:10.001 21202 21235 I zygote64: 
09-02 12:38:10.001 21202 21235 I zygote64: Rejecting re-init on previously-failed class java.lang.Class<androidx.wear.ambient.WearableControllerProvider$1>: java.lang.NoClassDefFoundError: Failed resolution of: Lcom/google/android/wearable/compat/WearableActivityController$AmbientCallback;
09-02 12:38:10.001 21202 21235 I zygote64:   at beg androidx.wear.ambient.WearableControllerProvider.a(bem, int) (PG:1)
09-02 12:38:10.001 21202 21235 I zygote64:   at void bck.c(bew[]) (PG:15)
09-02 12:38:10.001 21202 21235 I zygote64:   at void bbh.b(azo, androidx.work.impl.WorkDatabase, java.util.List) (PG:97)
09-02 12:38:10.001 21202 21235 I zygote64:   at void bfu.run() (PG:105)
09-02 12:38:10.001 21202 21235 I zygote64:   at void bgl.run() (PG:1)
09-02 12:38:10.001 21202 21235 I zygote64:   at void clc.run() (PG:5)
09-02 12:38:10.001 21202 21235 I zygote64:   at void cli.run() (PG:23)
09-02 12:38:10.001 21202 21235 I zygote64:   at void boh.run() (PG:24)
09-02 12:38:10.001 21202 21235 I zygote64:   at void cko.run() (PG:3)
09-02 12:38:10.001 21202 21235 I zygote64:   at void java.lang.Thread.run() (Thread.java:764)
09-02 12:38:10.001 21202 21235 I zygote64: Caused by: java.lang.ClassNotFoundException: Didn't find class "com.google.android.wearable.compat.WearableActivityController$AmbientCallback" on path: DexPathList[[zip file "/data/app/com.google.android.tts-OvjQQL1WKadMMXnNDHCx9Q==/base.apk"],nativeLibraryDirectories=[/data/app/com.google.android.tts-OvjQQL1WKadMMXnNDHCx9Q==/lib/arm64, /data/app/com.google.android.tts-OvjQQL1WKadMMXnNDHCx9Q==/base.apk!/lib/arm64-v8a, /system/lib64, /vendor/lib64]]
09-02 12:38:10.001 21202 21235 I zygote64:   at java.lang.Class dalvik.system.BaseDexClassLoader.findClass(java.lang.String) (BaseDexClassLoader.java:93)
09-02 12:38:10.001 21202 21235 I zygote64:   at java.lang.Class java.lang.ClassLoader.loadClass(java.lang.String, boolean) (ClassLoader.java:379)
09-02 12:38:10.001 21202 21235 I zygote64:   at java.lang.Class java.lang.ClassLoader.loadClass(java.lang.String) (ClassLoader.java:312)
09-02 12:38:10.001 21202 21235 I zygote64:   at beg androidx.wear.ambient.WearableControllerProvider.a(bem, int) (PG:1)
09-02 12:38:10.001 21202 21235 I zygote64:   at void bck.c(bew[]) (PG:15)
09-02 12:38:10.001 21202 21235 I zygote64:   at void bbh.b(azo, androidx.work.impl.WorkDatabase, java.util.List) (PG:97)
09-02 12:38:10.001 21202 21235 I zygote64:   at void bfu.run() (PG:105)
09-02 12:38:10.001 21202 21235 I zygote64:   at void bgl.run() (PG:1)
09-02 12:38:10.001 21202 21235 I zygote64:   at void clc.run() (PG:5)
09-02 12:38:10.001 21202 21235 I zygote64:   at void cli.run() (PG:23)
09-02 12:38:10.001 21202 21235 I zygote64:   at void boh.run() (PG:24)
