09-02 16:33:29.474  3979  4200 D PackageManager: setEnabledSetting : userId = 0 packageName = com.android.chrome cmp = org.chromium.chrome.browser.quickactionsearchwidget.QuickActionSearchWidgetProvider$QuickActionSearchWidgetProviderDino newState = 1 callingPackage = 10096/com.android.chrome
09-02 16:33:29.477 15785 15785 E Typeface: Error mapping font file /system/fonts/SamsungSans-Num3L.ttf
09-02 16:33:29.477 15785 15785 E Minikin : Could not get cmap table size!
09-02 16:33:29.477 15785 15785 E Typeface: Unable to load Family: samsung-sans-num3L:null
09-02 16:33:29.477 15785 15785 E Typeface: Error mapping font file /system/fonts/SamsungSans-Num3T.ttf
09-02 16:33:29.477 15785 15785 E Minikin : Could not get cmap table size!
09-02 16:33:29.477 15785 15785 E Typeface: Unable to load Family: samsung-sans-num3T:null
09-02 16:33:29.477 15785 15785 E Typeface: Error mapping font file /system/fonts/SamsungSans-Num4L.ttf
09-02 16:33:29.477 15785 15785 E Minikin : Could not get cmap table size!
09-02 16:33:29.477 15785 15785 E Typeface: Unable to load Family: samsung-sans-num4L:null
09-02 16:33:29.478 15785 15785 E Typeface: Error mapping font file /system/fonts/SamsungSans-Num4T.ttf
09-02 16:33:29.478 15785 15785 E Minikin : Could not get cmap table size!
09-02 16:33:29.478 15785 15785 E Typeface: Unable to load Family: samsung-sans-num4T:null
09-02 16:33:29.478 15785 15785 E Typeface: Error mapping font file /system/fonts/SamsungSans-Num35.ttf
09-02 16:33:29.478 15785 15785 E Minikin : Could not get cmap table size!
09-02 16:33:29.478 15785 15785 E Typeface: Unable to load Family: samsung-sans-num35:null
09-02 16:33:29.478 15785 15785 E Typeface: Error mapping font file /system/fonts/SamsungSans-Num45.ttf
09-02 16:33:29.478 15785 15785 E Minikin : Could not get cmap table size!
09-02 16:33:29.478 15785 15785 E Typeface: Unable to load Family: samsung-sans-num45:null
09-02 16:33:29.478 15785 15785 E Typeface: Error mapping font file /system/fonts/SamsungSans-Num3Lv.ttf
09-02 16:33:29.478 15785 15785 E Minikin : Could not get cmap table size!
09-02 16:33:29.478 15785 15785 E Typeface: Unable to load Family: samsung-sans-num3LV:null
09-02 16:33:29.478 15785 15785 E Typeface: Error mapping font file /system/fonts/SamsungSans-Num3R.ttf
09-02 16:33:29.478 15785 15785 E Minikin : Could not get cmap table size!
09-02 16:33:29.478 15785 15785 E Typeface: Unable to load Family: samsung-sans-num3R:null
09-02 16:33:29.479 15785 15785 E Typeface: Error mapping font file /system/fonts/SamsungSans-Num4Tv.ttf
09-02 16:33:29.479 15785 15785 E Minikin : Could not get cmap table size!
09-02 16:33:29.479 15785 15785 E Typeface: Unable to load Family: samsung-sans-num4Tv:null
09-02 16:33:29.479 15785 15785 E Typeface: Error mapping font file /system/fonts/SamsungSans-Num4Lv.ttf
09-02 16:33:29.479 15785 15785 E Minikin : Could not get cmap table size!
09-02 16:33:29.479 15785 15785 E Typeface: Unable to load Family: samsung-sans-num4Lv:null
09-02 16:33:29.483 15833 15833 I cr_ChildProcessService: Creating new ChildProcessService pid=15833
09-02 16:33:29.487 15785 15785 I cr_ChildProcessService: Creating new ChildProcessService pid=15785
09-02 16:33:29.497 15785 15785 E WebViewFactory: can't load with relro file; address space not reserved
09-02 16:33:29.500  3979  5966 D ConnectivityService: filterNetworkStateForUid() uid: 10096 networkInfo: [type: WIFI[] - WIFI, state: CONNECTED/CONNECTED, reason: (unspecified), extra: "WiFi 69", failover: false, available: true, roaming: false, metered: false]
09-02 16:33:29.503 15745 15745 D ConnectivityManager: requestNetwork; CallingUid : 10096, CallingPid : 15745
09-02 16:33:29.504  3979  5925 D ConnectivityService: listenForNetwork for uid/pid:10096/15745 NetworkRequest [ LISTEN id=1039, [ Capabilities: INTERNET&NOT_RESTRICTED&TRUSTED&FOREGROUND] ]
09-02 16:33:29.504  3979  4180 D ConnectivityService: rematching NetworkAgentInfo [WIFI () - 502]
09-02 16:33:29.504  3979  4180 D ConnectivityService:  network has: [ Transports: WIFI Capabilities: NOT_METERED&INTERNET&NOT_RESTRICTED&TRUSTED&NOT_VPN&VALIDATED&FOREGROUND LinkUpBandwidth>=1048576Kbps LinkDnBandwidth>=1048576Kbps SignalStrength: -55]
09-02 16:33:29.504  3979  4180 D ConnectivityService: Network NetworkAgentInfo [WIFI () - 502] was already satisfying request 3. No change.
09-02 16:33:29.504  3979  4180 D ConnectivityService: Network NetworkAgentInfo [WIFI () - 502] was already satisfying request 1. No change.
09-02 16:33:29.504  3979  4180 D ConnectivityService: Network NetworkAgentInfo [WIFI () - 502] was already satisfying request 140. No change.
09-02 16:33:29.504  3979  4180 D ConnectivityService: Network NetworkAgentInfo [WIFI () - 502] was already satisfying request 1015. No change.
09-02 16:33:29.504  3979  4180 D ConnectivityService: sending notification AVAILABLE for NetworkRequest [ LISTEN id=1039, [ Capabilities: INTERNET&NOT_RESTRICTED&TRUSTED&FOREGROUND] ]
09-02 16:33:29.505  3979  4180 D ConnectivityService: sending notification CAP_CHANGED for NetworkRequest [ LISTEN id=1039, [ Capabilities: INTERNET&NOT_RESTRICTED&TRUSTED&FOREGROUND] ]
09-02 16:33:29.505  3979  4180 D ConnectivityService: sending notification IP_CHANGED for NetworkRequest [ LISTEN id=1039, [ Capabilities: INTERNET&NOT_RESTRICTED&TRUSTED&FOREGROUND] ]
09-02 16:33:29.505  3979  4200 D ConnectivityService: filterNetworkStateForUid() uid: 10096 networkInfo: [type: WIFI[] - WIFI, state: CONNECTED/CONNECTED, reason: (unspecified), extra: "WiFi 69", failover: false, available: true, roaming: false, metered: false]
09-02 16:33:29.520  3979  5925 D SecContentProvider: query(), uri = 2 selection = isAuditLogEnabled
09-02 16:33:29.521  3979  5925 D SecContentProvider: called from com.android.chrome
09-02 16:33:29.523  3979  5925 D SecContentProvider: query(), uri = 5 selection = getAutoFillSetting
09-02 16:33:29.524  3979  5925 I chatty  : uid=1000(system) Binder:3979_E identical 1 line
09-02 16:33:29.525  3979  5925 D SecContentProvider: query(), uri = 5 selection = getCookiesSetting
09-02 16:33:29.526  3979  5925 D SecContentProvider: called from com.android.chrome
09-02 16:33:29.527  3979  5966 D SecContentProvider: query(), uri = 5 selection = getHttpProxy
09-02 16:33:29.528  3979  5966 D SecContentProvider: called from com.android.chrome
09-02 16:33:29.529  3979  5966 D SecContentProvider: query(), uri = 5 selection = getJavaScriptSetting
09-02 16:33:29.529  3979  5966 D SecContentProvider: called from com.android.chrome
09-02 16:33:29.532  3979  4200 D SecContentProvider: query(), uri = 5 selection = getPopupsSetting
09-02 16:33:29.533  3979  4200 D SecContentProvider: called from com.android.chrome
09-02 16:33:29.534  3979  4200 D SecContentProvider: query(), uri = 22 selection = isAuthenticationEnabled
09-02 16:33:29.536 15745 15745 I cr_CompositorSurfaceMgr: Transitioning to surface with format: -1
09-02 16:33:29.537  3462  3462 I SurfaceFlinger: id=3142 createSurf (720x1238),4 flag=404, SurfaceView - com.android.chrome/com.google.android.apps.chrome.Main@a93a8fb@0#0
09-02 16:33:29.539  3462  3462 I SurfaceFlinger: id=3143 createSurf (720x1238),-1 flag=20404, Background for - SurfaceView - com.android.chrome/com.google.android.apps.chrome.Main@a93a8fb@0#0
09-02 16:33:29.539 15745 15745 D SurfaceView: BG show() Surface(name=Background for - SurfaceView - com.android.chrome/com.google.android.apps.chrome.Main@a93a8fb@0) android.view.SurfaceView{a93a8fb V.E...... ......ID 0,0-720,1238}
09-02 16:33:29.539 15745 15745 V Surface : sf_framedrop debug : 0x4f4c, game : false, logging : 0
09-02 16:33:29.540 15745 15745 D SurfaceView: surfaceCreated 1 android.view.SurfaceView{a93a8fb V.E...... ......ID 0,0-720,1238}
09-02 16:33:29.540 15745 15745 I cr_CompositorSurfaceMgr: surfaceCreated format: 0
09-02 16:33:29.540 15745 15745 D SurfaceView: surfaceChanged (720,1238) 1 android.view.SurfaceView{a93a8fb V.E...... ......ID 0,0-720,1238}
09-02 16:33:29.541  3979  4200 D SecContentProvider: query(), uri = 10 selection = getURLFilterList
09-02 16:33:29.542  3979  4200 I chatty  : uid=1000(system) Binder:3979_3 identical 2 lines
09-02 16:33:29.544  3979  4200 D SecContentProvider: query(), uri = 10 selection = getURLFilterEnabled
09-02 16:33:29.544 15833 15852 I cr_LibraryLoader: Successfully loaded native library
09-02 16:33:29.544  3979  4200 D SecContentProvider: called from com.android.chrome
09-02 16:33:29.545 15833 15852 I cr_CachingUmaRecorder: Flushed 3 samples from 3 histograms.
09-02 16:33:29.545  3979  5925 D SecContentProvider: query(), uri = 10 selection = getURLFilterReportEnabled
09-02 16:33:29.546  3979  5925 D SecContentProvider: called from com.android.chrome
09-02 16:33:29.548  3979  5925 D SecContentProvider: query(), uri = 2 selection = isAuditLogEnabled
09-02 16:33:29.549  3979  5925 D SecContentProvider: called from com.android.chrome
09-02 16:33:29.553  3979  4200 D SecContentProvider: query(), uri = 5 selection = getAutoFillSetting
09-02 16:33:29.553  3979  4200 D SecContentProvider: called from com.android.chrome
09-02 16:33:29.555  3979  5966 D SecContentProvider: query(), uri = 5 selection = getCookiesSetting
09-02 16:33:29.555  3979  5966 D SecContentProvider: called from com.android.chrome
09-02 16:33:29.556  3979  5966 D SecContentProvider: query(), uri = 5 selection = getHttpProxy
09-02 16:33:29.557  3979  5966 I chatty  : uid=1000(system) Binder:3979_11 identical 1 line
09-02 16:33:29.557 15745 15745 I cr_ChromeTabbedActivity: #initializeState
09-02 16:33:29.558 15745 15745 I cr_CipherFactory: #restoreFromBundle, no savedInstanceState.
09-02 16:33:29.558 15745 15745 I cr_tabmodel: #loadState, ignoreIncognitoFiles? true
09-02 16:33:29.558 15745 15745 I cr_tabmodel: Tab metadata, skipIncognitoCount? false incognitoCount: 0 totalCount: 108
09-02 16:33:29.559  3979  5966 D SecContentProvider: query(), uri = 5 selection = getJavaScriptSetting
09-02 16:33:29.559 15745 15745 I cr_tabmodel: #isIncognitoTabBeingRestored from tabState:  false
09-02 16:33:29.559  3979  5966 D SecContentProvider: called from com.android.chrome
09-02 16:33:29.561  3979  4200 D SecContentProvider: query(), uri = 5 selection = getPopupsSetting
09-02 16:33:29.561  3979  4200 D SecContentProvider: called from com.android.chrome
09-02 16:33:29.563  3979  4200 D SecContentProvider: query(), uri = 22 selection = isAuthenticationEnabled
09-02 16:33:29.563  3979  4200 I chatty  : uid=1000(system) Binder:3979_3 identical 1 line
09-02 16:33:29.567  3979  4200 D SecContentProvider: query(), uri = 10 selection = getURLFilterList
09-02 16:33:29.568  3979  4200 D SecContentProvider: called from com.android.chrome
09-02 16:33:29.569  3979  5925 D SecContentProvider: query(), uri = 10 selection = getURLFilterEnabled
09-02 16:33:29.570  3979  5925 D SecContentProvider: called from com.android.chrome
09-02 16:33:29.571  3979  5925 D SecContentProvider: query(), uri = 10 selection = getURLFilterReportEnabled
09-02 16:33:29.572  3979  5925 D SecContentProvider: called from com.android.chrome
09-02 16:33:29.587 15745 15745 E ResourceType: Style contains key with bad entry: 0x0101062c
09-02 16:33:29.601 22051 22051 D BoundBrokerSvc: onBind: Intent { act=com.google.android.gms.languageprofile.service.START pkg=com.google.android.gms }
09-02 16:33:29.601 22051 22051 D BoundBrokerSvc: Loading bound service for intent: Intent { act=com.google.android.gms.languageprofile.service.START pkg=com.google.android.gms }
09-02 16:33:29.607  3979  4200 D ConnectivityService: filterNetworkStateForUid() uid: 10096 networkInfo: [type: WIFI[] - WIFI, state: CONNECTED/CONNECTED, reason: (unspecified), extra: "WiFi 69", failover: false, available: true, roaming: false, metered: false]
09-02 16:33:29.621  3979  5925 D SamsungAlarmManager: setInexact Intent (T:3/F:0/AC:false) 20330830T163329 - CU:10025/CP:22051
09-02 16:33:29.628 15833 15852 D libGLESv2: STS_GLApi : DTS, ODTC are not allowed for Package : com.android.chrome:privileged_process0
09-02 16:33:29.663 15785 15853 I cr_LibraryLoader: Successfully loaded native library
09-02 16:33:29.664 15785 15853 I cr_CachingUmaRecorder: Flushed 3 samples from 3 histograms.
09-02 16:33:29.695  3979  3988 I zygote64: Background concurrent copying GC freed 293076(14MB) AllocSpace objects, 137(3MB) LOS objects, 38% free, 38MB/62MB, paused 616us total 174.904ms
09-02 16:33:29.706 15833 15852 V Surface : sf_framedrop debug : 0x4f4c, game : false, logging : 0
09-02 16:33:29.709 15833 15852 D mali_winsys: EGLint new_window_surface(egl_winsys_display *, void *, EGLSurface, EGLConfig, egl_winsys_surface **, egl_color_buffer_format *, EGLBoolean) returns 0x3000,  [720x1238]-format:1
09-02 16:33:29.713 10264 13061 I FontLog : Received query name=Google Sans&weight=700&besteffort=false, URI content://com.google.android.gms.fonts [CONTEXT service_id=132 ]
09-02 16:33:29.713 10264 13061 I FontLog : Query [name=Google Sans&weight=700&besteffort=false] resolved to {Google Sans, wdth 100.0, wght 700, ital 0.0, bestEffort false} [CONTEXT service_id=132 ]
09-02 16:33:29.715 10264 13061 I FontLog : Fetch {Google Sans, wdth 100.0, wght 700, ital 0.0, bestEffort false} end status Status{statusCode=SUCCESS, resolution=null} [CONTEXT service_id=132 ]
09-02 16:33:29.717  3979  4522 D SamsungAlarmManager: setExact Intent (T:3/F:0/AC:false) 20230902T163330 - CU:10025/CP:10264
09-02 16:33:29.717  3979  4522 I SamsungAlarmManager: setLocked to kernel - T:3 / 20230902T163330, SetElapsed=110392146, nowELAPSED=110391149
09-02 16:33:29.723 10264 13061 I FontLog : Pulling font file for id = 1513, cache size = 5 [CONTEXT service_id=132 ]
09-02 16:33:29.730  3979  5925 D ConnectivityService: filterNetworkStateForUid() uid: 10025 networkInfo: [type: WIFI[] - WIFI, state: CONNECTED/CONNECTED, reason: (unspecified), extra: "WiFi 69", failover: false, available: true, roaming: false, metered: false]
09-02 16:33:29.731  3979  4200 D ConnectivityService: filterNetworkStateForUid() uid: 10025 networkInfo: [type: WIFI[] - WIFI, state: CONNECTED/CONNECTED, reason: (unspecified), extra: "WiFi 69", failover: false, available: true, roaming: false, metered: false]
09-02 16:33:29.735 10264 13061 I FontLog : Received query name=Noto Color Emoji Compat&weight=400&besteffort=false, URI content://com.google.android.gms.fonts [CONTEXT service_id=132 ]
09-02 16:33:29.735 10264 13061 I FontLog : Query [name=Noto Color Emoji Compat&weight=400&besteffort=false] resolved to {Noto Color Emoji Compat, wdth 100.0, wght 400, ital 0.0, bestEffort false} [CONTEXT service_id=132 ]
09-02 16:33:29.742 10264 13061 I FontLog : Fetch {Noto Color Emoji Compat, wdth 100.0, wght 400, ital 0.0, bestEffort false} end status Status{statusCode=SUCCESS, resolution=null} [CONTEXT service_id=132 ]
09-02 16:33:29.747  3979  4200 D SamsungAlarmManager: Cancel Alarm calling from uid:10025 pid :10264 / op:PendingIntent{40ed151: PendingIntentRecord{9212591 com.google.android.gms broadcastIntent}}
09-02 16:33:29.748  3979  4200 I SamsungAlarmManager: setLocked to kernel - T:3 / 20230902T163400, SetElapsed=110421432, nowELAPSED=110391180
09-02 16:33:29.750 10264 13061 I FontLog : Pulling font file for id = 1514, cache size = 5 [CONTEXT service_id=132 ]
09-02 16:33:29.755 10264 13061 I FontLog : Received query name=Google Sans&weight=400&besteffort=false, URI content://com.google.android.gms.fonts [CONTEXT service_id=132 ]
09-02 16:33:29.756 10264 13061 I FontLog : Query [name=Google Sans&weight=400&besteffort=false] resolved to {Google Sans, wdth 100.0, wght 400, ital 0.0, bestEffort false} [CONTEXT service_id=132 ]
09-02 16:33:29.757 10264 13061 I FontLog : Font PFD returned from cache for {Google Sans, wdth 100.0, wght 400, ital 0.0, bestEffort false} [CONTEXT service_id=132 ]
09-02 16:33:29.758 10264 13061 I FontLog : Fetch {Google Sans, wdth 100.0, wght 400, ital 0.0, bestEffort false} end status Status{statusCode=SUCCESS, resolution=null} [CONTEXT service_id=132 ]
09-02 16:33:29.759 15745 15745 W ResourceType: Failure getting entry for 0x7f01032b (t=0 e=811) (error -75)
09-02 16:33:29.762 10264 13061 I FontLog : Pulling font file for id = 1515, cache size = 6 [CONTEXT service_id=132 ]
09-02 16:33:29.767 10264 13061 I FontLog : Received query name=Google Sans&weight=500&besteffort=false, URI content://com.google.android.gms.fonts [CONTEXT service_id=132 ]
09-02 16:33:29.768 10264 13061 I FontLog : Query [name=Google Sans&weight=500&besteffort=false] resolved to {Google Sans, wdth 100.0, wght 500, ital 0.0, bestEffort false} [CONTEXT service_id=132 ]
09-02 16:33:29.770 10264 13061 I FontLog : Font PFD returned from cache for {Google Sans, wdth 100.0, wght 500, ital 0.0, bestEffort false} [CONTEXT service_id=132 ]
09-02 16:33:29.771 10264 13061 I FontLog : Fetch {Google Sans, wdth 100.0, wght 500, ital 0.0, bestEffort false} end status Status{statusCode=SUCCESS, resolution=null} [CONTEXT service_id=132 ]
09-02 16:33:29.776 15745 15745 W ResourceType: Failure getting entry for 0x7f0107ae (t=0 e=1966) (error -75)
09-02 16:33:29.777 15745 15745 W ResourceType: Failure getting entry for 0x7f010206 (t=0 e=518) (error -75)
09-02 16:33:29.779 10264 13061 I FontLog : Pulling font file for id = 1516, cache size = 7 [CONTEXT service_id=132 ]
09-02 16:33:29.797 15745 15745 I cr_OfflineIndicator: onConnectionTypeChanged 2
09-02 16:33:29.799 15745 15745 I cr_OfflineIndicator: Reported by system: [ Transports: WIFI Capabilities: WIFI_P2P&NOT_RESTRICTED&TRUSTED&NOT_VPN LinkUpBandwidth>=1048576Kbps LinkDnBandwidth>=1048576Kbps]
09-02 16:33:29.799 15745 15745 I cr_OfflineIndicator: Reported by system: [ Transports: WIFI Capabilities: NOT_METERED&INTERNET&NOT_RESTRICTED&TRUSTED&NOT_VPN&VALIDATED&FOREGROUND LinkUpBandwidth>=1048576Kbps LinkDnBandwidth>=1048576Kbps SignalStrength: -55]
09-02 16:33:29.799 15745 15745 I cr_OfflineIndicator: setConnectionState connectionState=4
09-02 16:33:29.799 15745 15745 I cr_OfflineDetector: Running updateState mConnectivityDetectorInitialized: true, mTimeWhenLastForegrounded: 110391229, getElapsedTime: 110391231, mTimeWhenLastOfflineNotificationReceived: 0, mTimeWhenLastOnline: 110391231, mApplicationState: 1, mIsOfflineLastReportedByConnectivityDetector: false, mIsEffectivelyOffline: false
09-02 16:33:29.800 15745 15745 I cr_OfflineDetector: updateState(): timeSinceLastForeground: 2, timeSinceOfflineNotificationReceived: 110391231, timeSinceLastOnline: 0, timeNeededForForeground: 1998, timeNeededForOffline: -110389231
09-02 16:33:29.800 15745 15745 I cr_OfflineIndicator: processConnectivityCheckResult mConnectionState=4 mConnectivityCheckingStage=1
09-02 16:33:29.814  3979  4200 W AppOps  : Bad call: specified package com.google.android.gms under uid 10096 but it is really 10025
09-02 16:33:29.814  3979  4200 W AppOps  : java.lang.RuntimeException: here
09-02 16:33:29.814  3979  4200 W AppOps  : 	at com.android.server.AppOpsService.getOpsRawLocked(AppOpsService.java:1402)
09-02 16:33:29.814  3979  4200 W AppOps  : 	at com.android.server.AppOpsService.checkPackage(AppOpsService.java:1106)
09-02 16:33:29.814  3979  4200 W AppOps  : 	at com.android.internal.app.IAppOpsService$Stub.onTransact(IAppOpsService.java:169)
09-02 16:33:29.814  3979  4200 W AppOps  : 	at android.os.Binder.execTransact(Binder.java:682)
09-02 16:33:29.815  3979  4200 W AppOps  : Bad call: specified package com.google.android.gms under uid 10096 but it is really 10025
09-02 16:33:29.815  3979  4200 W AppOps  : java.lang.RuntimeException: here
09-02 16:33:29.815  3979  4200 W AppOps  : 	at com.android.server.AppOpsService.getOpsRawLocked(AppOpsService.java:1402)
09-02 16:33:29.815  3979  4200 W AppOps  : 	at com.android.server.AppOpsService.checkPackage(AppOpsService.java:1106)
09-02 16:33:29.815  3979  4200 W AppOps  : 	at com.android.internal.app.IAppOpsService$Stub.onTransact(IAppOpsService.java:169)
09-02 16:33:29.815  3979  4200 W AppOps  : 	at android.os.Binder.execTransact(Binder.java:682)
09-02 16:33:29.816  3979  4668 W AppOps  : Bad call: specified package com.google.android.gms under uid 10096 but it is really 10025
09-02 16:33:29.816  3979  4668 W AppOps  : java.lang.RuntimeException: here
09-02 16:33:29.816  3979  4668 W AppOps  : 	at com.android.server.AppOpsService.getOpsRawLocked(AppOpsService.java:1402)
09-02 16:33:29.816  3979  4668 W AppOps  : 	at com.android.server.AppOpsService.checkPackage(AppOpsService.java:1106)
09-02 16:33:29.816  3979  4668 W AppOps  : 	at com.android.internal.app.IAppOpsService$Stub.onTransact(IAppOpsService.java:169)
09-02 16:33:29.816  3979  4668 W AppOps  : 	at android.os.Binder.execTransact(Binder.java:682)
09-02 16:33:29.819  3979  4668 W AppOps  : Bad call: specified package com.google.android.gms under uid 10096 but it is really 10025
09-02 16:33:29.819  3979  4668 W AppOps  : java.lang.RuntimeException: here
09-02 16:33:29.819  3979  4668 W AppOps  : 	at com.android.server.AppOpsService.getOpsRawLocked(AppOpsService.java:1402)
09-02 16:33:29.819  3979  4668 W AppOps  : 	at com.android.server.AppOpsService.checkPackage(AppOpsService.java:1106)
09-02 16:33:29.819  3979  4668 W AppOps  : 	at com.android.internal.app.IAppOpsService$Stub.onTransact(IAppOpsService.java:169)
09-02 16:33:29.819  3979  4668 W AppOps  : 	at android.os.Binder.execTransact(Binder.java:682)
09-02 16:33:29.820  3979  4200 W AppOps  : Bad call: specified package com.google.android.gms under uid 10096 but it is really 10025
09-02 16:33:29.820  3979  4200 W AppOps  : java.lang.RuntimeException: here
09-02 16:33:29.820  3979  4200 W AppOps  : 	at com.android.server.AppOpsService.getOpsRawLocked(AppOpsService.java:1402)
09-02 16:33:29.820  3979  4200 W AppOps  : 	at com.android.server.AppOpsService.checkPackage(AppOpsService.java:1106)
09-02 16:33:29.820  3979  4200 W AppOps  : 	at com.android.internal.app.IAppOpsService$Stub.onTransact(IAppOpsService.java:169)
09-02 16:33:29.820  3979  4200 W AppOps  : 	at android.os.Binder.execTransact(Binder.java:682)
09-02 16:33:29.826  3979  4200 D SamsungAlarmManager: setInexact Intent (T:3/F:0/AC:false) 20230902T171237 - CU:10025/CP:10264
09-02 16:33:29.828 10264 13800 I NetworkScheduler.Stats: Task com.google.android.gms/com.google.android.gms.languageprofile.GcmTaskService started execution. cause:7 exec_start_elapsed_seconds: 110391 [CONTEXT service_id=218 ]
09-02 16:33:29.861  3979  3979 D CustomFrequencyManagerService: releaseDVFSLockLocked : Getting Lock type frm List : DVFS_MIN_LIMIT  frequency : 1560000  uid : 1000  pid : 3979  tag : AMS_RESUME_TAIL@CPU_MIN@14
09-02 16:33:29.888 15745 15745 V InputMethodManager: Starting input: tba=android.view.inputmethod.EditorInfo@364ccfc nm : com.android.chrome ic=null
09-02 16:33:29.888 15745 15745 I InputMethodManager: startInputInner - mService.startInputOrWindowGainedFocus
09-02 16:33:29.889  3979  4668 D InputMethodManagerService: startInputOrWindowGainedFocus : startInput 
09-02 16:33:29.889  3979  4668 D InputMethodManagerService: setCurrentInputInfo - inputContext : null eidtorInfo : android.view.inputmethod.EditorInfo@18039af missingMethods : 0
09-02 16:33:29.890  4336  4336 I InputMethodWrapper:  call dispatchStartInputWithToken
09-02 16:33:29.890  4336  4336 I InputMethodService: dispatchStartInputWithToken
09-02 16:33:29.890  4336  4336 I SKBD    : SamsungKeypad [IMI] onStartInput - caller pid : 15745, caller uid : 10096
09-02 16:33:29.890  4336  4336 I SKBD    : SamsungKeypad  CACHEDIC onStartInput  isCachedICEnabled:  false
09-02 16:33:29.890  4336  4336 I SKBD    : atl getDefaultInputRange : UNKNOWN
09-02 16:33:29.890  4336  4336 I SKBD    : awo resetBinderManager()
09-02 16:33:29.890  4336  4336 I SKBD_SYNC: SamsungKeypad onStartInput: import DLM
09-02 16:33:29.890  4336  4336 I SKBD    : atl setPrivateImeOptionsToTable privateImeOptions ( null )
09-02 16:33:29.891  4336  4336 I SKBD    : atl imeOptions is null
09-02 16:33:29.891  4336  4336 I SKBD    : SamsungKeypad [PF_OP][onStartInput] 657962
09-02 16:33:29.912  3979  5925 W StorageManager: getStorageLowBytes lowPercent : 5, lowBytes : 1260145254, maxLowBytes : 524288000
09-02 16:33:29.916  3979  4668 W StorageManager: getStorageLowBytes lowPercent : 5, lowBytes : 1260145254, maxLowBytes : 524288000
09-02 16:33:29.921 15745 15828 D NetworkSecurityConfig: Using Network Security Config from resource 0_resource_name_obfuscated debugBuild: false
09-02 16:33:29.936  3979  4668 D ConnectivityService: filterNetworkStateForUid() uid: 10096 networkInfo: [type: WIFI[] - WIFI, state: CONNECTED/CONNECTED, reason: (unspecified), extra: "WiFi 69", failover: false, available: true, roaming: false, metered: false]
09-02 16:33:29.943 15745 15889 D ConnectivityManager: requestNetwork; CallingUid : 10096, CallingPid : 15745
09-02 16:33:29.944  3979  4668 D ConnectivityService: listenForNetwork for uid/pid:10096/15745 NetworkRequest [ LISTEN id=1040, [ Capabilities: INTERNET&NOT_RESTRICTED&TRUSTED&FOREGROUND] ]
09-02 16:33:29.945  3979  4180 D ConnectivityService: rematching NetworkAgentInfo [WIFI () - 502]
09-02 16:33:29.945  3979  4180 D ConnectivityService:  network has: [ Transports: WIFI Capabilities: NOT_METERED&INTERNET&NOT_RESTRICTED&TRUSTED&NOT_VPN&VALIDATED&FOREGROUND LinkUpBandwidth>=1048576Kbps LinkDnBandwidth>=1048576Kbps SignalStrength: -55]
09-02 16:33:29.945  3979  4180 D ConnectivityService: Network NetworkAgentInfo [WIFI () - 502] was already satisfying request 3. No change.
09-02 16:33:29.945 10264 10182 I NetworkScheduler.Stats: Task com.google.android.gms/com.google.android.gms.languageprofile.GcmTaskService finished executing. cause:7 result: 1 elapsed_millis: 151 uptime_millis: 151 exec_start_elapsed_seconds: 110391 [CONTEXT service_id=218 ]
09-02 16:33:29.945  3979  4180 D ConnectivityService: Network NetworkAgentInfo [WIFI () - 502] was already satisfying request 1. No change.
09-02 16:33:29.945  3979  4180 D ConnectivityService: Network NetworkAgentInfo [WIFI () - 502] was already satisfying request 140. No change.
09-02 16:33:29.945  3979  4180 D ConnectivityService: Network NetworkAgentInfo [WIFI () - 502] was already satisfying request 1015. No change.
09-02 16:33:29.946  3979  4180 D ConnectivityService: sending notification AVAILABLE for NetworkRequest [ LISTEN id=1040, [ Capabilities: INTERNET&NOT_RESTRICTED&TRUSTED&FOREGROUND] ]
09-02 16:33:29.946  3979  4668 D ConnectivityService: filterNetworkStateForUid() uid: 10096 networkInfo: [type: WIFI[] - WIFI, state: CONNECTED/CONNECTED, reason: (unspecified), extra: "WiFi 69", failover: false, available: true, roaming: false, metered: false]
09-02 16:33:29.946  3979  4180 D ConnectivityService: sending notification CAP_CHANGED for NetworkRequest [ LISTEN id=1040, [ Capabilities: INTERNET&NOT_RESTRICTED&TRUSTED&FOREGROUND] ]
09-02 16:33:29.946  3979  4180 D ConnectivityService: sending notification IP_CHANGED for NetworkRequest [ LISTEN id=1040, [ Capabilities: INTERNET&NOT_RESTRICTED&TRUSTED&FOREGROUND] ]
09-02 16:33:29.951  3979  4668 D ConnectivityService: filterNetworkStateForUid() uid: 10096 networkInfo: [type: WIFI[] - WIFI, state: CONNECTED/CONNECTED, reason: (unspecified), extra: "WiFi 69", failover: false, available: true, roaming: false, metered: false]
09-02 16:33:29.952  3979  4668 D ConnectivityService: filterNetworkStateForUid() uid: 10096 networkInfo: [type: WIFI[] - WIFI, state: CONNECTED/CONNECTED, reason: (unspecified), extra: "WiFi 69", failover: false, available: true, roaming: false, metered: false]
09-02 16:33:29.955  3979  4668 D ConnectivityService: filterNetworkStateForUid() uid: 10025 networkInfo: [type: WIFI[] - WIFI, state: CONNECTED/CONNECTED, reason: (unspecified), extra: "WiFi 69", failover: false, available: true, roaming: false, metered: false]
09-02 16:33:29.956  3979  4668 D ConnectivityService: filterNetworkStateForUid() uid: 10025 networkInfo: [type: WIFI[] - WIFI, state: CONNECTED/CONNECTED, reason: (unspecified), extra: "WiFi 69", failover: false, available: true, roaming: false, metered: false]
09-02 16:33:29.959  3979  4668 D SamsungAlarmManager: Cancel Alarm calling from uid:10025 pid :10264 / op:PendingIntent{f1d4066: PendingIntentRecord{9212591 com.google.android.gms broadcastIntent}}
09-02 16:33:29.965  3979  4668 D SamsungAlarmManager: setInexact Intent (T:3/F:0/AC:false) 20230902T171237 - CU:10025/CP:10264
09-02 16:33:29.974  3979  5925 D ConnectivityService: filterNetworkStateForUid() uid: 10096 networkInfo: [type: WIFI[] - WIFI, state: CONNECTED/CONNECTED, reason: (unspecified), extra: "WiFi 69", failover: false, available: true, roaming: false, metered: false]
09-02 16:33:29.977  3979  5925 I chatty  : uid=1000(system) Binder:3979_E identical 1 line
09-02 16:33:29.987  3979  5925 D ConnectivityService: filterNetworkStateForUid() uid: 10096 networkInfo: [type: WIFI[] - WIFI, state: CONNECTED/CONNECTED, reason: (unspecified), extra: "WiFi 69", failover: false, available: true, roaming: false, metered: false]
09-02 16:33:29.994 15745 15745 W ResourceType: Failure getting entry for 0x7f0100fa (t=0 e=250) (error -75)
09-02 16:33:29.997 15745 15745 W ResourceType: Failure getting entry for 0x7f010854 (t=0 e=2132) (error -75)
09-02 16:33:30.032 15745 15745 W ResourceType: Failure getting entry for 0x7f010220 (t=0 e=544) (error -75)
09-02 16:33:30.034 15745 15745 W ResourceType: Failure getting entry for 0x7f0107f5 (t=0 e=2037) (error -75)
09-02 16:33:30.055 15745 15745 W ResourceType: Failure getting entry for 0x7f010853 (t=0 e=2131) (error -75)
09-02 16:33:30.082 15745 15745 I Choreographer: Skipped 51 frames!  The application may be doing too much work on its main thread.
09-02 16:33:30.086  3979  4522 V WindowManager: Relayout Window{796156e u0 com.android.chrome/com.google.android.apps.chrome.Main}: viewVisibility=0 req=720x1280 WM.LayoutParams{(0,0)(fillxfill) sim=#13 ty=1 fl=#81810100 pfl=0x20000 fmt=-3 wanim=0x10302fd vsysui=0x2600 sysuil=true needsMenuKey=2 colorMode=0 naviIconColor=0}
09-02 16:33:30.091 15745 15745 D ViewRootImpl@22a972f[Main]: Relayout returned: old=[0,0][720,1280] new=[0,0][720,1280] result=0x1 surface={valid=true 3329751040} changed=false
09-02 16:33:30.095  3462  3462 I SurfaceFlinger: Display 0 HWC layers:
09-02 16:33:30.095  3462  3462 I SurfaceFlinger:     type    |    handle    | flag |  format   |   source crop (l,t,r,b)    |         frame       | name 
09-02 16:33:30.095  3462  3462 I SurfaceFlinger: ------------+--------------+------+-----------+----------------------------+---------------------+------
09-02 16:33:30.095  3462  3462 I SurfaceFlinger:      Device | 0x7ac4c24840 | 0002 | RGBA_8888 |   0.0    0.0  720.0 1238.0 |    0   42  720 1280 | SurfaceView - com.android.chrome/com[...]android.apps.chrome.Main@a93a8fb@0#0
09-02 16:33:30.095  3462  3462 I SurfaceFlinger:      Device | 0x7ac4c24c00 | 0000 | RGBA_8888 |   0.0    0.0  720.0 1280.0 |    0    0  720 1280 | com.android.chrome/com.google.android.apps.chrome.Main#0
09-02 16:33:30.095  3462  3462 I SurfaceFlinger:      Device | 0x7abe64bd40 | 0000 | RGBA_8888 |   0.0    0.0  720.0   42.0 |    0    0  720   42 | StatusBar#0
09-02 16:33:30.095  3462  3462 I SurfaceFlinger: 
09-02 16:33:30.104  3979  4522 D ConnectivityService: filterNetworkStateForUid() uid: 10096 networkInfo: [type: WIFI[] - WIFI, state: CONNECTED/CONNECTED, reason: (unspecified), extra: "WiFi 69", failover: false, available: true, roaming: false, metered: false]
09-02 16:33:30.106  3979  5925 D ConnectivityService: filterNetworkStateForUid() uid: 10096 networkInfo: [type: WIFI[] - WIFI, state: CONNECTED/CONNECTED, reason: (unspecified), extra: "WiFi 69", failover: false, available: true, roaming: false, metered: false]
09-02 16:33:30.108  3979  5925 I chatty  : uid=1000(system) Binder:3979_E identical 1 line
09-02 16:33:30.109  3979  5925 D ConnectivityService: filterNetworkStateForUid() uid: 10096 networkInfo: [type: WIFI[] - WIFI, state: CONNECTED/CONNECTED, reason: (unspecified), extra: "WiFi 69", failover: false, available: true, roaming: false, metered: false]
09-02 16:33:30.112  3979  4668 D ConnectivityService: filterNetworkStateForUid() uid: 10096 networkInfo: [type: WIFI[] - WIFI, state: CONNECTED/CONNECTED, reason: (unspecified), extra: "WiFi 69", failover: false, available: true, roaming: false, metered: false]
09-02 16:33:30.114  3979  4668 D ConnectivityService: filterNetworkStateForUid() uid: 10096 networkInfo: [type: WIFI[] - WIFI, state: CONNECTED/CONNECTED, reason: (unspecified), extra: "WiFi 69", failover: false, available: true, roaming: false, metered: false]
09-02 16:33:30.116 15745 15745 I cr_tabmodel: #isIncognitoTabBeingRestored from tabState:  false
09-02 16:33:30.116 15745 15745 I cr_tabmodel: #isIncognitoTabBeingRestored from tabState:  false
09-02 16:33:30.143  3979  4051 D SensorService: [SO] 0.034 -0.388 9.816
09-02 16:33:30.148 15745 15745 I cr_tabmodel: #isIncognitoTabBeingRestored from tabState:  false
09-02 16:33:30.198 15745 15745 I chatty  : uid=10096(u0_a96) identical 24 lines
09-02 16:33:30.198 15745 15745 I cr_tabmodel: #isIncognitoTabBeingRestored from tabState:  false
09-02 16:33:30.200 15745 15826 W chromium: [WARNING:spdy_session.cc(3234)] Received RST for invalid stream11
09-02 16:33:30.200 15745 15745 I cr_tabmodel: #isIncognitoTabBeingRestored from tabState:  false
09-02 16:33:30.200 15745 15745 I cr_tabmodel: #isIncognitoTabBeingRestored from tabState:  false
09-02 16:33:30.202 15745 15826 W chromium: [WARNING:spdy_session.cc(3234)] Received RST for invalid stream1
09-02 16:33:30.202 15745 15745 I cr_tabmodel: #isIncognitoTabBeingRestored from tabState:  false
09-02 16:33:30.202 15745 15745 I cr_tabmodel: #isIncognitoTabBeingRestored from tabState:  false
09-02 16:33:30.203 15745 15826 W chromium: [WARNING:spdy_session.cc(3234)] Received RST for invalid stream5
09-02 16:33:30.204 15745 15745 I cr_tabmodel: #isIncognitoTabBeingRestored from tabState:  false
09-02 16:33:30.207 15745 15745 I chatty  : uid=10096(u0_a96) identical 2 lines
09-02 16:33:30.207 15745 15745 I cr_tabmodel: #isIncognitoTabBeingRestored from tabState:  false
09-02 16:33:30.207 15745 15826 W chromium: [WARNING:spdy_session.cc(3234)] Received RST for invalid stream3
09-02 16:33:30.207 15745 15826 W chromium: [WARNING:spdy_session.cc(3234)] Received RST for invalid stream1
09-02 16:33:30.210 15745 15826 W chromium: [WARNING:spdy_session.cc(3234)] Received RST for invalid stream13
09-02 16:33:30.211 15745 15745 I cr_tabmodel: #isIncognitoTabBeingRestored from tabState:  false
09-02 16:33:30.230 15745 15745 I chatty  : uid=10096(u0_a96) identical 14 lines
09-02 16:33:30.230 15745 15745 I cr_tabmodel: #isIncognitoTabBeingRestored from tabState:  false
09-02 16:33:30.236 15745 15826 W chromium: [WARNING:spdy_session.cc(3234)] Received RST for invalid stream9
09-02 16:33:30.237 15745 15826 W chromium: [WARNING:spdy_session.cc(3234)] Received RST for invalid stream7
09-02 16:33:30.238 15745 15826 W chromium: [WARNING:spdy_session.cc(3234)] Received RST for invalid stream3
09-02 16:33:30.239 15745 15826 W chromium: [WARNING:spdy_session.cc(3234)] Received RST for invalid stream15
09-02 16:33:30.239 15745 15826 W chromium: [WARNING:spdy_session.cc(3234)] Received RST for invalid stream13
09-02 16:33:30.240 15745 15826 W chromium: [WARNING:spdy_session.cc(3234)] Received RST for invalid stream17
09-02 16:33:30.241 15745 15745 I cr_tabmodel: #isIncognitoTabBeingRestored from tabState:  false
09-02 16:33:30.241 15745 15745 I cr_tabmodel: #isIncognitoTabBeingRestored from tabState:  false
09-02 16:33:30.242 15745 15826 W chromium: [WARNING:spdy_session.cc(3234)] Received RST for invalid stream21
09-02 16:33:30.242 15745 15826 W chromium: [WARNING:spdy_session.cc(3234)] Received RST for invalid stream19
09-02 16:33:30.243 15745 15826 W chromium: [WARNING:spdy_session.cc(3234)] Received RST for invalid stream9
09-02 16:33:30.246 15745 15745 I cr_tabmodel: #isIncognitoTabBeingRestored from tabState:  false
09-02 16:33:30.246 15745 15745 I cr_tabmodel: #isIncognitoTabBeingRestored from tabState:  false
09-02 16:33:30.249 15745 15826 W chromium: [WARNING:spdy_session.cc(3234)] Received RST for invalid stream7
09-02 16:33:30.251 15745 15745 I cr_tabmodel: #isIncognitoTabBeingRestored from tabState:  false
09-02 16:33:30.251 15745 15745 I cr_tabmodel: #isIncognitoTabBeingRestored from tabState:  false
09-02 16:33:30.251 15745 15826 W chromium: [WARNING:spdy_session.cc(3234)] Received RST for invalid stream5
09-02 16:33:30.251 15745 15826 W chromium: [WARNING:spdy_session.cc(3234)] Received RST for invalid stream11
09-02 16:33:30.252 15745 15826 W chromium: [WARNING:spdy_session.cc(3234)] Received RST for invalid stream15
09-02 16:33:30.253 15745 15826 W chromium: [WARNING:spdy_session.cc(3234)] Received RST for invalid stream17
09-02 16:33:30.254 15745 15826 W chromium: [WARNING:spdy_session.cc(3234)] Received RST for invalid stream19
09-02 16:33:30.255 15745 15745 I cr_tabmodel: #isIncognitoTabBeingRestored from tabState:  false
09-02 16:33:30.255 15745 15745 I cr_tabmodel: #isIncognitoTabBeingRestored from tabState:  false
09-02 16:33:30.255 15745 15826 W chromium: [WARNING:spdy_session.cc(3234)] Received RST for invalid stream21
09-02 16:33:30.256 15745 15826 W chromium: [WARNING:spdy_session.cc(3234)] Received RST for invalid stream23
09-02 16:33:30.257 15745 15826 W chromium: [WARNING:spdy_session.cc(3234)] Received RST for invalid stream25
09-02 16:33:30.257 15745 15745 I cr_tabmodel: #isIncognitoTabBeingRestored from tabState:  false
09-02 16:33:30.257 15745 15745 I cr_tabmodel: #isIncognitoTabBeingRestored from tabState:  false
09-02 16:33:30.258 15745 15826 W chromium: [WARNING:spdy_session.cc(3234)] Received RST for invalid stream27
09-02 16:33:30.259 15745 15826 W chromium: [WARNING:spdy_session.cc(3234)] Received RST for invalid stream29
09-02 16:33:30.260 15745 15826 W chromium: [WARNING:spdy_session.cc(3234)] Received RST for invalid stream31
09-02 16:33:30.261 15745 15826 W chromium: [WARNING:spdy_session.cc(3234)] Received RST for invalid stream33
09-02 16:33:30.261 15745 15745 I cr_tabmodel: #isIncognitoTabBeingRestored from tabState:  false
09-02 16:33:30.343  3979  4111 D MdnieScenarioControlService:  packageName : com.android.chrome    className : com.google.android.apps.chrome.Main
09-02 16:33:30.455 15745 15745 I chatty  : uid=10096(u0_a96) identical 150 lines
09-02 16:33:30.455 15745 15745 I cr_tabmodel: #isIncognitoTabBeingRestored from tabState:  false
09-02 16:33:30.471 15745 15745 I cr_tabmodel: Loaded tab lists; counts: 108,0
09-02 16:33:30.718  3979  3979 D PreBindingService: handleMessage : 1
09-02 16:33:31.006 22051 22051 D BoundBrokerSvc: onBind: Intent { act=com.google.android.gms.feedback.internal.IFeedbackService dat=chimera-action: cmp=com.google.android.gms/.chimera.GmsBoundBrokerService }
09-02 16:33:31.006 22051 22051 D BoundBrokerSvc: Loading bound service for intent: Intent { act=com.google.android.gms.feedback.internal.IFeedbackService dat=chimera-action: cmp=com.google.android.gms/.chimera.GmsBoundBrokerService }
09-02 16:33:31.056 22051 22197 I Icing   : IndexChimeraService.getServiceInterface callingPackage=com.google.android.gms componentName=null serviceId=30
09-02 16:33:31.067 22051 22051 D BoundBrokerSvc: onBind: Intent { act=com.google.android.gms.common.BIND_SHARED_PREFS pkg=com.google.android.gms }
09-02 16:33:31.068 22051 22051 D BoundBrokerSvc: Loading bound service for intent: Intent { act=com.google.android.gms.common.BIND_SHARED_PREFS pkg=com.google.android.gms }
09-02 16:33:31.073 22051 22051 D BoundBrokerSvc: onUnbind: Intent { act=com.google.android.gms.common.BIND_SHARED_PREFS pkg=com.google.android.gms }
09-02 16:33:31.081 22051 20163 I GmsCoreXrpcWrapper: (REDACTED) Returning a channel provider with trafficStatsTag=%d trafficStatsUid=%d
09-02 16:33:31.159 15745 15745 I cr_tabmodel: Appending tabs being restored to metadata lists, 0, startingNormalCount: 108, startingIncognitoCount: 0
09-02 16:33:31.160 15745 15745 I cr_tabmodel: Serializing tab lists; counts: 108, 0
09-02 16:33:31.179  3979  5925 D StorageManagerService: getExternalStorageMountMode : 2
09-02 16:33:31.180  3979  5925 D StorageManagerService: getExternalStorageMountMode : 3
09-02 16:33:31.180  3979  5925 D StorageManagerService: getExternalStorageMountMode : final mountMode=2, uid : 10076, packageName : com.google.android.googlequicksearchbox
09-02 16:33:31.181  3979  5925 I ApplicationPolicy: isApplicationExternalStorageWhitelisted:com.google.android.googlequicksearchbox user:0
09-02 16:33:31.181  3979  5925 D ApplicationPolicy: isApplicationExternalStorageWhitelisted: DO is not enabled on user 0. Allowed.
09-02 16:33:31.181  3979  5925 D ActivityManager: package  com.google.android.googlequicksearchbox, user - 0 is SDcard whitelisted
09-02 16:33:31.181  3979  5925 I ApplicationPolicy: isApplicationExternalStorageBlacklisted:com.google.android.googlequicksearchbox user:0
09-02 16:33:31.181  3979  5925 D ApplicationPolicy: isApplicationExternalStorageBlacklisted: DO is not enabled on user 0. Allowed.
09-02 16:33:31.194 15892 15892 E Zygote  : isWhitelistProcess - Process is Whitelisted
09-02 16:33:31.195 15892 15892 E libpersona: scanKnoxPersonas
09-02 16:33:31.195 15892 15892 E libpersona: Couldn't open the File - /data/system/users/0/personalist.xml - No such file or directory
09-02 16:33:31.197  3979  5925 I ActivityManager: Start proc 15892:com.google.android.googlequicksearchbox:search/u0a76 for service com.google.android.googlequicksearchbox/com.google.android.ssb.service.SsbService
09-02 16:33:31.197 15892 15892 W SELinux : SELinux selinux_android_compute_policy_index : Policy Index[2],  Con:u:r:zygote:s0 RAM:SEPF_SM-J720F_8.0.0_0017, [-1 -1 -1 -1 0 1]
09-02 16:33:31.197 15892 15892 I SELinux : SELinux: seapp_context_lookup: seinfo=apm, level=s0:c512,c768, pkgname=com.google.android.googlequicksearchbox:search 
09-02 16:33:31.209  3979  3994 D SemExecuteManagerService: onShortcutChanged: com.android.chrome0
09-02 16:33:31.209 22051 20163 W ResourceType: ResTable_typeSpec entry count inconsistent: given 1869, previously 1868
09-02 16:33:31.209 22051 20163 W ResourceType: ResTable_typeSpec entry count inconsistent: given 100, previously 115
09-02 16:33:31.209 22051 20163 W ResourceType: ResTable_typeSpec entry count inconsistent: given 281, previously 1857
09-02 16:33:31.210 15745 15745 I cr_StartSurface: Recorded Startup.Android.StartSurfaceShownAtStartup = false
09-02 16:33:31.211  5213 18686 D LauncherApps: onShortcutChanged 0,com.android.chrome
09-02 16:33:31.213  5213  5213 D DeepShortcutManager: bindDeepShortcutMap: {com.android.launcher3.util.ComponentKey@1e9a2cfa=[DynamicFullRecent], com.android.launcher3.util.ComponentKey@92548096=[Search, Messages, Share, Notifications], com.android.launcher3.util.ComponentKey@9df2b1d6=[scanQrCode, newTab, newPrivateTab, search], com.android.launcher3.util.ComponentKey@489bf67c=[text_shortcut, voice_shortcut], com.android.launcher3.util.ComponentKey@86e56e2c=[open_new_tab, password_manager, open_new_private_tab], com.android.launcher3.util.ComponentKey@d85d54d0=[search_event_task, create_task, create_event], com.android.launcher3.util.ComponentKey@f5d080bf=[phoneadd, search, missedcall], com.android.launcher3.util.ComponentKey@515cb72c=[VIEW_MY_DOWNLOADS], com.android.launcher3.util.ComponentKey@683678e7=[create_message], com.android.launcher3.util.ComponentKey@64033792=[explore-shortcut, search-shortcut, shorts-shortcut, subscriptions-shortcut], com.android.launcher3.util.ComponentKey@3a8c61b=[compose], com.android.launcher3.util.ComponentKey@429b698e=[selfie, auto], com.android.launcher3.util.ComponentKey@91a61c5e=[contactadd, myprofile, contactgroup], com.android.launcher3.util.ComponentKey@3e17fc4f=[updates], com.android.launcher3.util.ComponentKey@967f6ac6=[search_shortcut], com.android.launcher3.util.ComponentKey@afe2ea5f=[manifest_home, manifest_work], com.android.launcher3.util.ComponentKey@7bfa09e7=[manifest_compose_shortcut, andrei.bogdan.marcel97@gmail.com], com.android.launcher3.util.ComponentKey@947c4a03=[new-tab-shortcut, dynamic-new-incognito-tab-shortcut]}
09-02 16:33:31.214 15745 15784 I cr_BindingManager: Visible binding enabled: maxSize=40
09-02 16:33:31.226  3979  4200 W StorageManager: getStorageLowBytes lowPercent : 5, lowBytes : 1260145254, maxLowBytes : 524288000
09-02 16:33:31.227 22051 20163 I Icing   : Usage reports ok 16, Failed Usage reports 0, indexed 2, rejected 0
09-02 16:33:31.228 15892 15892 D TimaKeyStoreProvider: TimaKeyStore is not enabled: cannot add TimaSignature Service and generateKeyPair Service
09-02 16:33:31.229 15892 15892 D ActivityThread: Added TimaKeyStore provider
09-02 16:33:31.233  3979  4200 I ActivityManager: DSS on for com.google.android.googlequicksearchbox and scale is 1.0
09-02 16:33:31.269 15892 15892 I zygote64: no shared libraies, dex_files: 1
09-02 16:33:31.363 15892 15892 W ResourceType: ResTable_typeSpec entry count inconsistent: given 3160, previously 8189
09-02 16:33:31.363 15892 15892 W ResourceType: ResTable_typeSpec entry count inconsistent: given 5137, previously 5136
09-02 16:33:31.363 15892 15892 W ResourceType: ResTable_typeSpec entry count inconsistent: given 451, previously 4843
09-02 16:33:31.387 15892 15892 I MultiDex: VM with version 2.1.0 has multidex support
09-02 16:33:31.387 15892 15892 I MultiDex: Installing application
09-02 16:33:31.387 15892 15892 I MultiDex: VM has multidex support, MultiDex support library is disabled.
09-02 16:33:31.407  3979  4200 W StorageManager: getStorageLowBytes lowPercent : 5, lowBytes : 1260145254, maxLowBytes : 524288000
09-02 16:33:31.501 15745 15745 E cr_BTSPrefs: No data found for task id: 53
09-02 16:33:31.502 15745 15745 E cr_BkgrdTaskScheduler: Task cannot be canceled because no data was found instorage or data was invalid
09-02 16:33:31.515 15892 15897 I zygote64: Do partial code cache collection, code=0B, data=6KB
09-02 16:33:31.515 15892 15897 I zygote64: After code cache collection, code=0B, data=6KB
09-02 16:33:31.515 15892 15897 I zygote64: Increasing code cache capacity to 128KB
09-02 16:33:31.532 15892 15892 I A       : Initializing GMS Compliance Client Library...
09-02 16:33:31.533 15892 15892 I A       : Checking for device compliance...
09-02 16:33:31.534 15892 15892 I A       : Completed library init.
09-02 16:33:31.575 22051 22051 D BoundBrokerSvc: onBind: Intent { act=com.google.android.mobstore.service.START pkg=com.google.android.gms }
09-02 16:33:31.575 22051 22051 D BoundBrokerSvc: Loading bound service for intent: Intent { act=com.google.android.mobstore.service.START pkg=com.google.android.gms }
09-02 16:33:31.623  3979  5925 D PackageManager: setEnabledSetting : userId = 0 packageName = com.google.android.googlequicksearchbox cmp = androidx.work.impl.background.systemjob.SystemJobService newState = 1 callingPackage = 10076/com.google.android.googlequicksearchbox
09-02 16:33:31.638 15892 15918 I Search.LoginHelperImpl: Getting accounts.
09-02 16:33:31.670 15892 15897 I zygote64: Do partial code cache collection, code=0B, data=6KB
09-02 16:33:31.671 15892 15897 I zygote64: After code cache collection, code=0B, data=6KB
09-02 16:33:31.671 15892 15897 I zygote64: Increasing code cache capacity to 256KB
09-02 16:33:31.736 15892 15919 I OpaEligibilityChecker: send OpaEligibilityChange broadcast to CommonBroadcastReceiver
09-02 16:33:31.739  3979  5925 D PackageManager: setEnabledSetting : userId = 0 packageName = com.google.android.googlequicksearchbox cmp = com.google.android.apps.gsa.staticplugins.opa.EnterOpaActivityFromDeeplink newState = 1 callingPackage = 10076/com.google.android.googlequicksearchbox
09-02 16:33:31.745  3979  5925 D ConnectivityService: filterNetworkStateForUid() uid: 10076 networkInfo: [type: WIFI[] - WIFI, state: CONNECTED/CONNECTED, reason: (unspecified), extra: "WiFi 69", failover: false, available: true, roaming: false, metered: false]
09-02 16:33:31.747 15892 15923 I FedAssExpListener: Successfully processed experiments changed.
09-02 16:33:31.747  3979  5925 D PackageManager: setEnabledSetting : userId = 0 packageName = com.google.android.googlequicksearchbox cmp = com.google.android.apps.gsa.staticplugins.opa.EnterOpaActivityFromLauncher newState = 2 callingPackage = 10076/com.google.android.googlequicksearchbox
09-02 16:33:31.749  3979  5925 D PackageManager: setEnabledSetting : userId = 0 packageName = com.google.android.googlequicksearchbox cmp = com.google.android.googlequicksearchbox.VoiceSearchActivity newState = 1 callingPackage = 10076/com.google.android.googlequicksearchbox
09-02 16:33:31.749 15892 15923 I A       : NGA disabled due to not being eligible.
09-02 16:33:31.750 15892 15923 I A       : (REDACTED) Nga state changed to %s
09-02 16:33:31.751  3979  4668 I SamsungAlarmManager: setLocked to kernel - T:2 / 20230902T163646, SetElapsed=110587804, nowELAPSED=110393183
09-02 16:33:31.751  3979  4668 D SamsungAlarmManager: setInexact Listener (T:2/F:0/AC:false) 20230902T164005 - CU:1000/CP:3979
09-02 16:33:31.752  3979  4668 I SamsungAlarmManager: setLocked to kernel - T:2 / 20230902T163703, SetElapsed=110605052, nowELAPSED=110393184
09-02 16:33:31.753 15892 15919 I OpaEligibilityChecker: Clock app not installed.
09-02 16:33:31.754  3979  4668 D SamsungAlarmManager: setInexact Listener (T:2/F:0/AC:false) 20230902T165510 - CU:1000/CP:3979
09-02 16:33:31.755 15892 15919 I OpaEligibilityChecker: Clock app not installed.
09-02 16:33:31.757  3979  4668 D PackageManager: setEnabledSetting : userId = 0 packageName = com.google.android.googlequicksearchbox cmp = com.google.android.apps.gsa.staticplugins.opa.widget.impl.OpaWidgetProvider newState = 2 callingPackage = 10076/com.google.android.googlequicksearchbox
09-02 16:33:31.758 15892 15906 W DynamiteModule: Local module descriptor class for com.google.android.gms.googlecertificates not found.
09-02 16:33:31.766 15892 15935 I EventBusThread: (REDACTED) Event Bus thread starting with TID %d
