09-02 16:36:48.111  7881  7881 W fb4a.MobileConfigFactoryImpl: SESSIONLESS factory used for 2 param
09-02 16:36:48.114  7881  7881 E fb4a.Execution: Redirecting MSYS Execution scheduling from the UI thread to a custom executor
09-02 16:36:48.120  3614  3927 D DnsProxyListener: DNSDBG::dns addrinfo af 2
09-02 16:36:48.162  4962  4962 D io_stats: !@ 179,0 r 710289 21303348 w 521161 10958376 d 56375 20214352 f 129760 132971 iot 623788 525457 th 51200 0 0 pt 0 inp 0 0 55941.407
09-02 16:36:48.184  3449  3449 I android.hardware.wifi@1.0-service: getLinkLayerStats
09-02 16:36:48.211 16818 17046 I BatteryMgr:DataCollectionService: stats => 1693665408211,-65,4267
09-02 16:36:48.281  7881 16794 D omnistore_android_logger: DebouncingRateLimiter attempting event SyncProtocol::onConnectionEstablished
09-02 16:36:48.281  7881 16794 D omnistore_android_logger: AlarmManager::startAlarmTimer for key=SyncProtocol::onConnectionEstablished, it will NOT wake up main thread to reschedule
09-02 16:36:48.282  7881 16794 W omnistore_android_logger: Event SyncProtocol::onConnectionEstablished rate limited for 23497 ms
09-02 16:36:48.282  7881  7881 W fb4a.MobileConfigFactoryImpl: SESSIONLESS factory used for 2 param
09-02 16:36:48.284  7881  7881 E fb4a.Execution: Redirecting MSYS Execution scheduling from the UI thread to a custom executor
09-02 16:36:48.316 16818 17046 I BatteryMgr:DataCollectionService: stats => 1693665408316,-65,4267
09-02 16:36:48.361  7881  4231 E fb4a.msys: E[N MQTT]readEOF(124)=>TCPStreamTransport readEOF
09-02 16:36:48.361  7881  4231 E fb4a.msys: E[N MQTT]onEOF(699)=>LigerBasedStreamTransport onEOF
09-02 16:36:48.361  7881 16739 E fb4a.FBMsysMqttClientCallbacks: onPublish, onFailure, msgId = 1497, error = 2003
09-02 16:36:48.362  7881 16739 E fb4a.FBMsysMqttClientCallbacks: onPublish, onFailure, msgId = 1496, error = 2003
09-02 16:36:48.363  7881 16739 E fb4a.FBMsysMqttClientCallbacks: onPublish, onFailure, msgId = 1495, error = 2003
09-02 16:36:48.363  7881 16739 E fb4a.FBMsysMqttClientCallbacks: onPublish, onFailure, msgId = 1494, error = 2003
09-02 16:36:48.364  7881 16739 E fb4a.FBMsysMqttClientCallbacks: onPublish, onFailure, msgId = 1493, error = 2003
09-02 16:36:48.364  3979  5983 D ConnectivityService: filterNetworkStateForUid() uid: 10102 networkInfo: [type: WIFI[] - WIFI, state: CONNECTED/CONNECTED, reason: (unspecified), extra: "WiFi 69", failover: false, available: true, roaming: false, metered: false]
09-02 16:36:48.366  7881  4225 E fb4a.msys: E[N rtchannel]_rt_mqtt_bridge_bootstrap_callback(967)=>Failed to boot stap bridged mqtt channel.  RT error code:2003 token:1497
09-02 16:36:48.367  7881  7881 W fb4a.MobileConfigFactoryImpl: SESSIONLESS factory used for 2 param
09-02 16:36:48.367  7881  4225 E fb4a.msys: E[N rtchannel]_rt_mqtt_bridge_bootstrap_callback(967)=>Failed to boot stap bridged mqtt channel.  RT error code:2003 token:1496
09-02 16:36:48.367  7881  7881 E fb4a.Execution: Redirecting MSYS Execution scheduling from the UI thread to a custom executor
09-02 16:36:48.367  7881  4225 E fb4a.msys: E[N rtchannel]_rt_mqtt_bridge_bootstrap_callback(967)=>Failed to boot stap bridged mqtt channel.  RT error code:2003 token:1495
09-02 16:36:48.368  7881  4225 E fb4a.msys: E[N rtchannel]_rt_mqtt_bridge_bootstrap_callback(967)=>Failed to boot stap bridged mqtt channel.  RT error code:2003 token:1494
09-02 16:36:48.368  7881  4225 E fb4a.msys: E[N rtchannel]_rt_mqtt_bridge_bootstrap_callback(967)=>Failed to boot stap bridged mqtt channel.  RT error code:2003 token:1493
09-02 16:36:48.368  7881  4225 E fb4a.msys: E[N data-request]_HandleDataResponse(1782)=>Data request error for task cc01f614-bc39-4764-87c9-40a1a062cc44 (response type 1): (null)
09-02 16:36:48.372  7881  4229 E fb4a.msys: E[S sync]_createResponseError(195)=>Network Response cc01f614-bc39-4764-87c9-40a1a062cc44 contains sync error Error Domain=com.facebook.http.error Code=401 UserInfo=0xc91e2e00 {MCFErrorDirectLocalizedDescriptionKey=Client error} - Underlying error (null): Error Domain=com.facebook.http.error Code=401 UserInfo=0xc91e2e00 {MCFErrorDirectLocalizedDescriptionKey=Client error}
09-02 16:36:48.377  7881  4225 E fb4a.msys: E[N data-request]_HandleDataResponse(1782)=>Data request error for task d6afeda7-0d5c-41a6-954e-f748bd75e367 (response type 1): (null)
09-02 16:36:48.378  7881 16794 E fb4a.T157805820: TigonMhrLogger::logRequestIfNeeded
09-02 16:36:48.378  7881 16795 E fb4a.T157805820: TigonMhrLogger::logRequestIfNeeded
09-02 16:36:48.378  7881 16794 E fb4a.T157805820: TigonWifiInfoLogger::init
09-02 16:36:48.378  7881 16795 E fb4a.T157805820: TigonWifiInfoLogger::init
09-02 16:36:48.378  7881 16795 E fb4a.T157805820: TigonMhrFbcLogger::logRequestIfNeeded
09-02 16:36:48.378  7881 16794 E fb4a.T157805820: TigonMhrFbcLogger::logRequestIfNeeded
09-02 16:36:48.378  7881 16794 E fb4a.T157805820: TigonCellTowerInfoLogger::logRequestIfNeeded
09-02 16:36:48.378  7881 16795 E fb4a.T157805820: TigonCellTowerInfoLogger::logRequestIfNeeded
09-02 16:36:48.378  7881 16794 E fb4a.T157805820: TigonCertificateVerificationLogger::logRequestIfNeeded
09-02 16:36:48.378  7881 16794 E fb4a.T157805820: TigonTransientAnalysisLogger::logRequestIfNeeded
09-02 16:36:48.378  7881 16795 E fb4a.T157805820: TigonCertificateVerificationLogger::logRequestIfNeeded
09-02 16:36:48.378  7881 16794 E fb4a.T157805820: TigonProviderConnectionDeviceInfoLogger::logRequestIfNeeded
09-02 16:36:48.378  7881 16795 E fb4a.T157805820: TigonTransientAnalysisLogger::logRequestIfNeeded
09-02 16:36:48.378  7881 16795 E fb4a.T157805820: TigonProviderConnectionDeviceInfoLogger::logRequestIfNeeded
09-02 16:36:48.378  7881 16795 E fb4a.T157805820: TigonCellTowerInfoPapayaLogger::logRequestIfNeeded
09-02 16:36:48.378  7881 16794 E fb4a.T157805820: TigonCellTowerInfoPapayaLogger::logRequestIfNeeded
09-02 16:36:48.378  7881 16795 E fb4a.T157805820: NetworkUtilisationLogger::logRequestIfNeeded
09-02 16:36:48.378  7881 16794 E fb4a.T157805820: NetworkUtilisationLogger::logRequestIfNeeded
09-02 16:36:48.382 14031 14031 E adbd    : recv: OPEN 000234e7 00000000 0042:73 68 65 6C 6C 2C 76 32 2C 54 45 52 4D 3D 78 74 65 72 6D 2D 32 35 36 63 6F 6C 6F 72 2C 72 61 77 3A 67 65 74 70 72 6F 70 20 72 6F 2E 62 75 69 6C 64 2E 76 65 72 73 69 6F 6E 2E 72 65 6C 65 61 73 65 00 
09-02 16:36:48.382 14031 14031 E adbd    : service_to_fd: shell,v2,TERM=xterm-256color,raw:getprop ro.build.version.release
09-02 16:36:48.394  7881  4229 E fb4a.msys: E[S sync]_createResponseError(195)=>Network Response 7223a354-40c3-4fba-9f7e-c5dc2e9e9dbf contains sync error Error Domain=mqtt Code=2002 - Underlying error (null): Error Domain=mqtt Code=2002
09-02 16:36:48.406  7881  8242 E fb4a.T157805820: TigonMhrLogger::logRequestIfNeeded
09-02 16:36:48.407  7881  8242 E fb4a.T157805820: TigonWifiInfoLogger::init
09-02 16:36:48.407  7881  8242 E fb4a.T157805820: TigonMhrFbcLogger::logRequestIfNeeded
09-02 16:36:48.407  7881  8242 E fb4a.T157805820: TigonCellTowerInfoLogger::logRequestIfNeeded
09-02 16:36:48.407  7881  8242 E fb4a.T157805820: TigonCertificateVerificationLogger::logRequestIfNeeded
09-02 16:36:48.408  7881  8242 E fb4a.T157805820: TigonTransientAnalysisLogger::logRequestIfNeeded
09-02 16:36:48.408  7881  8242 E fb4a.T157805820: TigonProviderConnectionDeviceInfoLogger::logRequestIfNeeded
09-02 16:36:48.417  7881  8242 E fb4a.T157805820: TigonCellTowerInfoPapayaLogger::logRequestIfNeeded
09-02 16:36:48.417  7881  8242 E fb4a.T157805820: NetworkUtilisationLogger::logRequestIfNeeded
09-02 16:36:48.421 16818 17046 I BatteryMgr:DataCollectionService: stats => 1693665408421,-65,4267
09-02 16:36:48.423  7881  4229 E fb4a.msys: E[S sync]_createResponseError(195)=>Network Response 058a9f54-4d4f-4454-a5f2-2c72ade8b826 contains sync error Error Domain=mqtt Code=2002 - Underlying error (null): Error Domain=mqtt Code=2002
09-02 16:36:48.432  7881  4229 E fb4a.msys: E[S sync]_createResponseError(195)=>Network Response d6afeda7-0d5c-41a6-954e-f748bd75e367 contains sync error Error Domain=com.facebook.http.error Code=401 UserInfo=0xba304100 {MCFErrorDirectLocalizedDescriptionKey=Client error} - Underlying error (null): Error Domain=com.facebook.http.error Code=401 UserInfo=0xba304100 {MCFErrorDirectLocalizedDescriptionKey=Client error}
09-02 16:36:48.463 14031 14031 E adbd    : recv: OPEN 000234ea 00000000 003e:73 68 65 6C 6C 2C 76 32 2C 54 45 52 4D 3D 78 74 65 72 6D 2D 32 35 36 63 6F 6C 6F 72 2C 72 61 77 3A 67 65 74 70 72 6F 70 20 72 6F 2E 62 75 69 6C 64 2E 76 65 72 73 69 6F 6E 2E 73 64 6B 00 
09-02 16:36:48.463 14031 14031 E adbd    : service_to_fd: shell,v2,TERM=xterm-256color,raw:getprop ro.build.version.sdk
09-02 16:36:48.476  7881 17154 E fb4a.T157805820: TigonMhrLogger::logRequestIfNeeded
09-02 16:36:48.476  7881 17154 E fb4a.T157805820: TigonWifiInfoLogger::init
09-02 16:36:48.476  7881  4225 E fb4a.msys: E[N data-request]_HandleDataResponse(1782)=>Data request error for task ff7e20b7-ad15-4fbc-93f8-1f3cf0d808c2 (response type 1): (null)
09-02 16:36:48.476  7881 17154 E fb4a.T157805820: TigonMhrFbcLogger::logRequestIfNeeded
09-02 16:36:48.476  7881 17154 E fb4a.T157805820: TigonCellTowerInfoLogger::logRequestIfNeeded
09-02 16:36:48.476  7881 17154 E fb4a.T157805820: TigonCertificateVerificationLogger::logRequestIfNeeded
09-02 16:36:48.476  7881 17154 E fb4a.T157805820: TigonTransientAnalysisLogger::logRequestIfNeeded
09-02 16:36:48.476  7881 17154 E fb4a.T157805820: TigonProviderConnectionDeviceInfoLogger::logRequestIfNeeded
09-02 16:36:48.476  7881 17154 E fb4a.T157805820: TigonCellTowerInfoPapayaLogger::logRequestIfNeeded
09-02 16:36:48.476  7881 17154 E fb4a.T157805820: NetworkUtilisationLogger::logRequestIfNeeded
09-02 16:36:48.477  7881  4229 E fb4a.msys: E[S sync]_createResponseError(195)=>Network Response ff7e20b7-ad15-4fbc-93f8-1f3cf0d808c2 contains sync error Error Domain=com.facebook.http.error Code=401 UserInfo=0xbd246a00 {MCFErrorDirectLocalizedDescriptionKey=Client error} - Underlying error (null): Error Domain=com.facebook.http.error Code=401 UserInfo=0xbd246a00 {MCFErrorDirectLocalizedDescriptionKey=Client error}
09-02 16:36:48.483  7881 16557 E fb4a.T157805820: TigonMhrLogger::logRequestIfNeeded
09-02 16:36:48.483  7881 16557 E fb4a.T157805820: TigonWifiInfoLogger::init
09-02 16:36:48.483  7881  4225 E fb4a.msys: E[N data-request]_HandleDataResponse(1782)=>Data request error for task 365501ca-d5e2-445c-8e78-d637e17c26b8 (response type 1): (null)
09-02 16:36:48.483  7881 16557 E fb4a.T157805820: TigonMhrFbcLogger::logRequestIfNeeded
09-02 16:36:48.483  7881 16557 E fb4a.T157805820: TigonCellTowerInfoLogger::logRequestIfNeeded
09-02 16:36:48.483  7881 16557 E fb4a.T157805820: TigonCertificateVerificationLogger::logRequestIfNeeded
09-02 16:36:48.483  7881 16557 E fb4a.T157805820: TigonTransientAnalysisLogger::logRequestIfNeeded
09-02 16:36:48.483  7881 16557 E fb4a.T157805820: TigonProviderConnectionDeviceInfoLogger::logRequestIfNeeded
09-02 16:36:48.484  7881 16557 E fb4a.T157805820: TigonCellTowerInfoPapayaLogger::logRequestIfNeeded
09-02 16:36:48.484  7881 16557 E fb4a.T157805820: NetworkUtilisationLogger::logRequestIfNeeded
09-02 16:36:48.491  7881  4229 E fb4a.msys: E[S sync]_createResponseError(195)=>Network Response 365501ca-d5e2-445c-8e78-d637e17c26b8 contains sync error Error Domain=com.facebook.http.error Code=401 UserInfo=0xc7b4c300 {MCFErrorDirectLocalizedDescriptionKey=Client error} - Underlying error (null): Error Domain=com.facebook.http.error Code=401 UserInfo=0xc7b4c300 {MCFErrorDirectLocalizedDescriptionKey=Client error}
09-02 16:36:48.526 16818 17046 I BatteryMgr:DataCollectionService: stats => 1693665408526,-65,4267
09-02 16:36:48.537 14031 14031 E adbd    : recv: OPEN 000234ed 00000000 0042:73 68 65 6C 6C 2C 76 32 2C 54 45 52 4D 3D 78 74 65 72 6D 2D 32 35 36 63 6F 6C 6F 72 2C 72 61 77 3A 67 65 74 70 72 6F 70 20 72 6F 2E 62 75 69 6C 64 2E 76 65 72 73 69 6F 6E 2E 72 65 6C 65 61 73 65 00 
09-02 16:36:48.538 14031 14031 E adbd    : service_to_fd: shell,v2,TERM=xterm-256color,raw:getprop ro.build.version.release
09-02 16:36:48.604 14031 14031 E adbd    : recv: OPEN 000234f0 00000000 003e:73 68 65 6C 6C 2C 76 32 2C 54 45 52 4D 3D 78 74 65 72 6D 2D 32 35 36 63 6F 6C 6F 72 2C 72 61 77 3A 67 65 74 70 72 6F 70 20 72 6F 2E 62 75 69 6C 64 2E 76 65 72 73 69 6F 6E 2E 73 64 6B 00 
09-02 16:36:48.604 14031 14031 E adbd    : service_to_fd: shell,v2,TERM=xterm-256color,raw:getprop ro.build.version.sdk
09-02 16:36:48.631 16818 17046 I BatteryMgr:DataCollectionService: stats => 1693665408631,-65,4267
09-02 16:36:48.675 14031 14031 E adbd    : recv: OPEN 000234f3 00000000 008c:73 68 65 6C 6C 2C 76 32 2C 54 45 52 4D 3D 78 74 65 72 6D 2D 32 35 36 63 6F 6C 6F 72 2C 72 61 77 3A 61 6D 20 73 74 6F 70 73 65 72 76 69 63 65 20 63 6F 6D 2E 65 78 61 6D 70 6C 65 2E 62 61 74 74 65 72 79 6D 61 6E 61 67 65 72 5F 75 74 69 6C 69 74 79 2F 63 6F 6D 2E 65 78 61 6D 70 6C 65 2E 62 61 74 74 65 72 79 6D 61 6E 61 67 65 72 5F 75 74 69 6C 69 74 79 2E 44 61 74 61 43 6F 6C 6C 65 63 74 69 6F 6E 53 65 72 76 69 63 65 00 
09-02 16:36:48.675 14031 14031 E adbd    : service_to_fd: shell,v2,TERM=xterm-256color,raw:am stopservice com.example.batterymanager_utility/com.example.batterymanager_utility.DataCollectionService
09-02 16:36:48.683  7881 16739 E fb4a.T157805820: TigonMhrLogger::logRequestIfNeeded
09-02 16:36:48.683  7881  4225 E fb4a.msys: E[N data-request]_HandleDataResponse(1782)=>Data request error for task f24aaf31-54a4-448a-afc5-c90bb4aa33f3 (response type 1): (null)
09-02 16:36:48.683  7881 16739 E fb4a.T157805820: TigonWifiInfoLogger::init
09-02 16:36:48.683  7881 16739 E fb4a.T157805820: TigonMhrFbcLogger::logRequestIfNeeded
09-02 16:36:48.683  7881 16739 E fb4a.T157805820: TigonCellTowerInfoLogger::logRequestIfNeeded
09-02 16:36:48.683  7881 16739 E fb4a.T157805820: TigonCertificateVerificationLogger::logRequestIfNeeded
09-02 16:36:48.683  7881 16739 E fb4a.T157805820: TigonTransientAnalysisLogger::logRequestIfNeeded
09-02 16:36:48.683  7881 16739 E fb4a.T157805820: TigonProviderConnectionDeviceInfoLogger::logRequestIfNeeded
09-02 16:36:48.683  7881 16739 E fb4a.T157805820: TigonCellTowerInfoPapayaLogger::logRequestIfNeeded
09-02 16:36:48.683  7881 16739 E fb4a.T157805820: NetworkUtilisationLogger::logRequestIfNeeded
09-02 16:36:48.684  7881  4229 E fb4a.msys: E[S task_queue_handling]MCDLightSpeedTaskExecutorNetworkCompletionCallback(1017)=>Handling send error for taskId=6 batchSize=1 queue=secure_message_over_wa_generate_cat
09-02 16:36:48.684  7881  4229 E fb4a.msys: E[S task_queue_handling]MCDLightSpeedTaskExecutorNetworkCompletionCallback(1071)=>Error content with 18 bytes: Error Domain=com.facebook.http.error Code=401 UserInfo=0xc91e2400 {MCFErrorDirectLocalizedDescriptionKey=Client error}
09-02 16:36:48.735 16818 17046 I BatteryMgr:DataCollectionService: stats => 1693665408735,-65,4267
09-02 16:36:48.742  3979  3979 I EasyMuteController: UnRegister failed. no registered
09-02 16:36:48.743  3979  3979 D LightsService: [api] [SvcLED] turnOff:: id = 4 (uid: 1000 pid: 3979) 
09-02 16:36:48.743  3979  3979 D LightsService: [api] [SvcLED] LED indicator : Not supported.
09-02 16:36:48.745  3979  5983 D Notification: allPendingIntents
09-02 16:36:48.746  3979  5983 D Notification: allPendingIntents
09-02 16:36:48.746  3979  3979 D LightsService: [api] [SvcLED] turnOff:: id = 4 (uid: 1000 pid: 3979) 
09-02 16:36:48.746  3979  3979 D LightsService: [api] [SvcLED] LED indicator : Not supported.
09-02 16:36:48.748  3979  4635 D Notification: allPendingIntents
09-02 16:36:48.749  3979  5983 D Notification: allPendingIntents
09-02 16:36:48.782 14031 14031 E adbd    : recv: OPEN 000234f6 00000000 0042:73 68 65 6C 6C 2C 76 32 2C 54 45 52 4D 3D 78 74 65 72 6D 2D 32 35 36 63 6F 6C 6F 72 2C 72 61 77 3A 67 65 74 70 72 6F 70 20 72 6F 2E 62 75 69 6C 64 2E 76 65 72 73 69 6F 6E 2E 72 65 6C 65 61 73 65 00 
09-02 16:36:48.782 14031 14031 E adbd    : service_to_fd: shell,v2,TERM=xterm-256color,raw:getprop ro.build.version.release
09-02 16:36:48.797  4349  4349 D KeyguardUpdateMonitor: handleStatusBarState( false )
09-02 16:36:48.799  4349  4349 D KeyguardUpdateMonitor: handleStatusBarState( false )
09-02 16:36:48.855 14031 14031 E adbd    : recv: OPEN 000234f9 00000000 003e:73 68 65 6C 6C 2C 76 32 2C 54 45 52 4D 3D 78 74 65 72 6D 2D 32 35 36 63 6F 6C 6F 72 2C 72 61 77 3A 67 65 74 70 72 6F 70 20 72 6F 2E 62 75 69 6C 64 2E 76 65 72 73 69 6F 6E 2E 73 64 6B 00 
09-02 16:36:48.855 14031 14031 E adbd    : service_to_fd: shell,v2,TERM=xterm-256color,raw:getprop ro.build.version.sdk
09-02 16:36:48.924 14031 14031 E adbd    : recv: OPEN 000234fc 00000000 0076:73 68 65 6C 6C 2C 76 32 2C 54 45 52 4D 3D 78 74 65 72 6D 2D 32 35 36 63 6F 6C 6F 72 2C 72 61 77 3A 64 75 6D 70 73 79 73 20 61 63 74 69 76 69 74 79 20 72 65 63 65 6E 74 73 20 7C 20 67 72 65 70 20 22 52 65 63 65 6E 74 20 23 30 22 20 7C 20 63 75 74 20 2D 64 20 22 3D 22 20 2D 66 32 20 7C 20 67 72 65 70 20 2D 6F 20 2D 70 20 22 5B 61 2D 7A 7C 2E 5D 2A 22 00 
09-02 16:36:48.924 14031 14031 E adbd    : service_to_fd: shell,v2,TERM=xterm-256color,raw:dumpsys activity recents | grep "Recent #0" | cut -d "=" -f2 | grep -o -p "[a-z|.]*"
09-02 16:36:49.011 14031 14031 E adbd    : recv: OPEN 000234ff 00000000 0042:73 68 65 6C 6C 2C 76 32 2C 54 45 52 4D 3D 78 74 65 72 6D 2D 32 35 36 63 6F 6C 6F 72 2C 72 61 77 3A 67 65 74 70 72 6F 70 20 72 6F 2E 62 75 69 6C 64 2E 76 65 72 73 69 6F 6E 2E 72 65 6C 65 61 73 65 00 
09-02 16:36:49.011 14031 14031 E adbd    : service_to_fd: shell,v2,TERM=xterm-256color,raw:getprop ro.build.version.release
09-02 16:36:49.076 14031 14031 E adbd    : recv: OPEN 00023502 00000000 003e:73 68 65 6C 6C 2C 76 32 2C 54 45 52 4D 3D 78 74 65 72 6D 2D 32 35 36 63 6F 6C 6F 72 2C 72 61 77 3A 67 65 74 70 72 6F 70 20 72 6F 2E 62 75 69 6C 64 2E 76 65 72 73 69 6F 6E 2E 73 64 6B 00 
09-02 16:36:49.077 14031 14031 E adbd    : service_to_fd: shell,v2,TERM=xterm-256color,raw:getprop ro.build.version.sdk
09-02 16:36:49.165 14031 14031 E adbd    : recv: OPEN 00023505 00000000 0042:73 68 65 6C 6C 2C 76 32 2C 54 45 52 4D 3D 78 74 65 72 6D 2D 32 35 36 63 6F 6C 6F 72 2C 72 61 77 3A 61 6D 20 66 6F 72 63 65 2D 73 74 6F 70 20 63 6F 6D 2E 61 6E 64 72 6F 69 64 2E 63 68 72 6F 6D 65 00 
09-02 16:36:49.165 14031 14031 E adbd    : service_to_fd: shell,v2,TERM=xterm-256color,raw:am force-stop com.android.chrome
09-02 16:36:49.248  3979  5983 I ActivityManager: Force stopping com.android.chrome appid=10096 user=0: from pid 17183
09-02 16:36:49.249  3979  5983 I ActivityManager: Killing 16948:com.android.chrome:privileged_process0/u0a96 (adj 0): stop com.android.chrome,from pid 17183
09-02 16:36:49.249  3979  5983 W ActivityManager: Scheduling restart of crashed service com.android.chrome/org.chromium.content.app.PrivilegedProcessService0 in 1000ms
09-02 16:36:49.253  3979  5983 I ActivityManager: Killing 16858:com.android.chrome/u0a96 (adj 0): stop com.android.chrome,from pid 17183
09-02 16:36:49.260 16899 16899 I cr_ChildProcessService: Destroying ChildProcessService pid=16899
09-02 16:36:49.260 17092 17092 I cr_ChildProcessService: Destroying ChildProcessService pid=17092
09-02 16:36:49.260 22051 22051 D BoundBrokerSvc: onUnbind: Intent { act=com.google.android.gms.safetynet.service.START pkg=com.google.android.gms }
09-02 16:36:49.261 17092 17092 I /system/bin/webview_zygote32: System.exit called, status: 0
09-02 16:36:49.261 17092 17092 I AndroidRuntime: VM exiting with result code 0, cleanup skipped.
09-02 16:36:49.261 22051 22051 D BoundBrokerSvc: onUnbind: Intent { act=com.google.android.gms.auth.key.retrieval.service.START dat=chimera-action: cmp=com.google.android.gms/.chimera.GmsApiService }
09-02 16:36:49.262  3979  5983 W ActivityManager: Force removing ActivityRecord{e1a0175 u0 com.android.chrome/com.google.android.apps.chrome.Main t908}: app died, no saved state
09-02 16:36:49.263 22051 22051 D BoundBrokerSvc: onUnbind: Intent { act=com.google.android.gms.languageprofile.service.START pkg=com.google.android.gms }
09-02 16:36:49.268  3979  5983 D InputDispatcher: Focus left window: 16858
09-02 16:36:49.269 16899 16899 I /system/bin/webview_zygote32: System.exit called, status: 0
09-02 16:36:49.269 16899 16899 I AndroidRuntime: VM exiting with result code 0, cleanup skipped.
09-02 16:36:49.269  3979  5983 I WindowManager: Failed to capture screenshot of Token{302750a ActivityRecord{e1a0175 u0 com.android.chrome/com.google.android.apps.chrome.Main t908 f}} appWin=Window{916ca41 u0 com.android.chrome/com.google.android.apps.chrome.Main} drawState=4
09-02 16:36:49.270  3979  5983 I WindowManager: Destroying surface Surface(name=com.android.chrome/com.google.android.apps.chrome.Main) called by com.android.server.wm.WindowStateAnimator.destroySurface:2501 com.android.server.wm.WindowStateAnimator.destroySurfaceLocked:985 com.android.server.wm.WindowState.removeImmediately:2404 com.android.server.wm.WindowState.removeIfPossible:2603 com.android.server.wm.WindowState.removeIfPossible:2433 com.android.server.wm.WindowToken.removeAllWindowsIfPossible:143 com.android.server.wm.AppWindowToken.removeIfPossible:606 com.android.server.wm.AppWindowToken.onRemovedFromDisplay:674 
09-02 16:36:49.270  3462  4748 I SurfaceFlinger: id=3159 Removed com.android.chrome/com.google.android.apps.chrome.Main#0 (2/4)
09-02 16:36:49.271  3462  3462 I Layer   : id=3159 onRemoved com.android.chrome/com.google.android.apps.chrome.Main#0 
09-02 16:36:49.272  3462  3462 I Layer   : id=3161 onRemoved Background for - SurfaceView - com.android.chrome/com.google.android.apps.chrome.Main@af20ddf@0#0 
09-02 16:36:49.272  3462  3462 I Layer   : id=3160 onRemoved SurfaceView - com.android.chrome/com.google.android.apps.chrome.Main@af20ddf@0#0 
09-02 16:36:49.273  3462  4748 I SurfaceFlinger: id=3159 Removed com.android.chrome/com.google.android.apps.chrome.Main#0 (-2/4)
09-02 16:36:49.275  3979  5983 D InputDispatcher: Focused application released
09-02 16:36:49.276  3462  3462 I SurfaceFlinger: Display 0 HWC layers:
09-02 16:36:49.276  3462  3462 I SurfaceFlinger:     type    |    handle    | flag |  format   |   source crop (l,t,r,b)    |         frame       | name 
09-02 16:36:49.276  3462  3462 I SurfaceFlinger: ------------+--------------+------+-----------+----------------------------+---------------------+------
09-02 16:36:49.276  3462  3462 I SurfaceFlinger:      Device | 0x7ac4c24d80 | 0000 | RGBA_8888 |   0.0    0.0  720.0   42.0 |    0    0  720   42 | StatusBar#0
09-02 16:36:49.276  3462  3462 I SurfaceFlinger: 
09-02 16:36:49.278  3979  5983 D CustomFrequencyManagerService: acquireDVFSLockLocked : type : DVFS_MIN_LIMIT  frequency : 1560000  uid : 1000  pid : 3979  pkgName : AMS_ACT_RESUME@CPU_MIN@70
09-02 16:36:49.279  3979  5983 D ActivityManagerPerformance: AMP_acquire() ACT_RESUME
09-02 16:36:49.280  3979  5983 D PersonaManagerService: Current focused persona service handled id set to : 0
09-02 16:36:49.281  3979  5983 D InputDispatcher: Focused application set to: xxxx
09-02 16:36:49.283  3979  5983 I ActivityManager: Killing 17092:com.android.chrome:sandboxed_process1/u0a96i312 (adj 0): isolated not needed
09-02 16:36:49.283  3979  5983 I ActivityManager: Killing 16899:com.android.chrome:sandboxed_process0/u0a96i311 (adj 0): isolated not needed
09-02 16:36:49.288  3979  4238 D GameManagerService: handleForegroundChange(). pkgName: com.example.batterymanager_utility, clsName: com.example.batterymanager_utility.MainActivity,FgActivityName:com.example.batterymanager_utility/.MainActivity
09-02 16:36:49.288  3979  5983 D MARsPolicyManager: onPackageResumedFG pkgName = com.example.batterymanager_utility, userId = 0
09-02 16:36:49.288  3979  4238 D GameManagerService: sem_perfomance_mode: 3
09-02 16:36:49.289  3979  4238 D GameManagerService: notifyResumePause(). pkg: com.example.batterymanager_utility, type: 4, isMinimized: false, isTunableApp: false
09-02 16:36:49.289  3979  4238 D GameManagerService:   notifyResumePause(). unexpected mPrevNotiType: -1
09-02 16:36:49.290  3979  5968 V WindowManager: Relayout Window{35297bd u0 com.example.batterymanager_utility/com.example.batterymanager_utility.MainActivity}: viewVisibility=4 req=720x1280 WM.LayoutParams{(0,0)(fillxfill) sim=#120 ty=1 fl=#81810100 pfl=0x20000 wanim=0x10302fd vsysui=0x600 needsMenuKey=2 colorMode=0 naviIconColor=0}
09-02 16:36:49.298 16818 16818 D ViewRootImpl@110cd72[MainActivity]: Relayout returned: old=[0,0][720,1280] new=[0,0][720,1280] result=0x1 surface={valid=false 0} changed=false
09-02 16:36:49.306  3979  3979 D SamsungAlarmManager: Remove alarm for next reason : android.intent.action.PACKAGE_RESTARTED : package: com.android.chrome
09-02 16:36:49.310  4633  4633 D CarrierSvcBindHelper: No carrier app for: 0
09-02 16:36:49.311  3979  3995 W BroadcastQueue: Background execution not allowed: receiving Intent { act=android.intent.action.PACKAGE_RESTARTED dat=package:com.android.chrome flg=0x10 (has extras) } to android/com.kddi.android.CpaNotiReceiver
09-02 16:36:49.312  4633  4633 D CarrierSvcBindHelper: No carrier app for: 1
09-02 16:36:49.321  3979  3995 W BroadcastQueue: Background execution not allowed: receiving Intent { act=android.intent.action.PACKAGE_RESTARTED dat=package:com.android.chrome flg=0x10 (has extras) } to com.sec.android.daemonapp/com.samsung.android.weather.daemon.receiver.ClearDataReceiver
09-02 16:36:49.322  3979  5966 D ActivityManager: post active user change for 0 fullscreen true isHomeActivity() false
09-02 16:36:49.323  3979  6899 D GamePkgDataHelper: getGamePkgDataIncServer(). com.example.batterymanager_utility
09-02 16:36:49.324  3979  6899 D GameManagerService: identifyGamePackage. com.example.batterymanager_utility
09-02 16:36:49.324  3979  6899 D GamePkgDataHelper: getGamePkgData(). com.example.batterymanager_utility
09-02 16:36:49.324  3979  6899 D GameManagerService: identifyGamePackage. com.example.batterymanager_utility
09-02 16:36:49.324  3979  6899 D GamePkgDataHelper: getGamePkgData(). com.example.batterymanager_utility
09-02 16:36:49.324  3979  6899 D GamePkgDataHelper: getSosPolicy(). com.example.batterymanager_utility
09-02 16:36:49.325  3979  3979 D SamsungAlarmManager: setInexact Listener (T:2/F:0/AC:false) 20230902T164005 - CU:1000/CP:3979
09-02 16:36:49.325  3979  4635 V WindowManager: Relayout Window{35297bd u0 com.example.batterymanager_utility/com.example.batterymanager_utility.MainActivity}: viewVisibility=0 req=720x1280 WM.LayoutParams{(0,0)(fillxfill) sim=#120 ty=1 fl=#81810100 pfl=0x20000 wanim=0x10302fd vsysui=0x600 needsMenuKey=2 colorMode=0 naviIconColor=0}
09-02 16:36:49.326  3462  3462 I SurfaceFlinger: id=3162 createSurf (720x1280),1 flag=404, com.example.batterymanager_utility/com.example.batterymanager_utility.MainActivity#0
09-02 16:36:49.327  3979  4635 V Surface : sf_framedrop debug : 0x4f4c, game : false, logging : 0
09-02 16:36:49.327  3979  6899 D GameManagerService: identifyGamePackage. com.example.batterymanager_utility
09-02 16:36:49.327  3979  6899 D GamePkgDataHelper: getGamePkgData(). com.example.batterymanager_utility
09-02 16:36:49.328  3979  3979 D SamsungAlarmManager: setInexact Listener (T:2/F:0/AC:false) 20230902T165510 - CU:1000/CP:3979
09-02 16:36:49.329  3979  3996 D WindowManager: set systemUiVisibility : systemUiFlags= 0x608 fullscreenStackSysUiFlags= 0x0
09-02 16:36:49.330  3979  6899 D GameManagerService: identifyGamePackage. com.example.batterymanager_utility
09-02 16:36:49.331  3979  6899 D GamePkgDataHelper: getGamePkgData(). com.example.batterymanager_utility
09-02 16:36:49.331  3979  4635 D InputDispatcher: Focus entered window: 16818
09-02 16:36:49.332  3979  5966 D WindowManager: adjustSystemUiVisibilityLw : vis= 0x608
09-02 16:36:49.332 16818 16818 V Surface : sf_framedrop debug : 0x4f4c, game : false, logging : 0
09-02 16:36:49.333 16818 16818 D ViewRootImpl@110cd72[MainActivity]: Relayout returned: old=[0,0][720,1280] new=[0,0][720,1280] result=0x7 surface={valid=true 536118661120} changed=true
09-02 16:36:49.338 16818 16836 D mali_winsys: EGLint new_window_surface(egl_winsys_display *, void *, EGLSurface, EGLConfig, egl_winsys_surface **, egl_color_buffer_format *, EGLBoolean) returns 0x3000,  [720x1280]-format:1
09-02 16:36:49.339 16818 16836 D OpenGLRenderer: eglCreateWindowSurface = 0x7cc19b9fc0
09-02 16:36:49.340 16818 16818 D ViewRootImpl@110cd72[MainActivity]: MSG_WINDOW_FOCUS_CHANGED 1
09-02 16:36:49.343 16818 16818 V InputMethodManager: Starting input: tba=android.view.inputmethod.EditorInfo@753c22d nm : com.example.batterymanager_utility ic=null
09-02 16:36:49.343 16818 16818 I InputMethodManager: startInputInner - mService.startInputOrWindowGainedFocus
09-02 16:36:49.343  3979  5966 D InputMethodManagerService: startInputOrWindowGainedFocus : windowGainedFocus 
09-02 16:36:49.344  3979  5966 D InputMethodManagerService: windowGainedFocus: destinationUserId (getCallingUid) = 0
09-02 16:36:49.344  3979  5966 D InputMethodManagerService: windowGainedFocus: currentUserId=0
09-02 16:36:49.344  3979  5966 D InputMethodManagerService: windowGainedFocus: mCurrentFocusedUserId=0
09-02 16:36:49.344  3979  5966 D InputMethodManagerService: windowGainedFocus : lock - currentUserId = 0 destinationUserId = 0
09-02 16:36:49.344  3979  5966 D InputMethodManagerService: windowGainedFocus : mCurrentFocusedUserId - 0 and mSecureKeypadEnabled - false, userSwitched - false
09-02 16:36:49.344  3979  5966 V InputMethodManagerService: windowGainedFocus : reason=WINDOW_FOCUS_GAIN client=android.os.BinderProxy@f413967 inputContext=null missingMethods= attribute=android.view.inputmethod.EditorInfo@5bf9cb2 nm = com.example.batterymanager_utility controlFlags=#105 softInputMode=#120 windowFlags=#81810100
09-02 16:36:49.344  3979  5966 V InputMethodManagerService: hideCurrentInputLocked : shouldHideSoftInput is false
09-02 16:36:49.345  3979  5966 W InputMethodManagerService: Got RemoteException sending setActive(false) notification to pid 16858 uid 10096
09-02 16:36:49.345  3979  5966 D InputMethodManagerService: isImeSwitcherDisabledPackage : false
09-02 16:36:49.345  3979  5966 D InputMethodManagerService: setCurrentInputInfo - inputContext : null eidtorInfo : android.view.inputmethod.EditorInfo@5bf9cb2 missingMethods : 0
09-02 16:36:49.346  4336  4336 I InputMethodWrapper:  call dispatchStartInputWithToken
09-02 16:36:49.346  4336  4336 I InputMethodService: dispatchStartInputWithToken
09-02 16:36:49.346  4336  4336 I SKBD    : SamsungKeypad [IMI] onStartInput - caller pid : 16818, caller uid : 10157
09-02 16:36:49.351  3979  4635 D ConnectivityService: ConnectivityService NetworkRequestInfo binderDied(NetworkRequest [ LISTEN id=1048, [ Capabilities: INTERNET&NOT_RESTRICTED&TRUSTED&FOREGROUND] ], android.os.BinderProxy@5a6f80)
09-02 16:36:49.351  3979  5976 D ConnectivityService: ConnectivityService NetworkRequestInfo binderDied(NetworkRequest [ LISTEN id=1046, [ Capabilities: INTERNET&NOT_RESTRICTED&TRUSTED&FOREGROUND] ], android.os.BinderProxy@17aa9b9)
09-02 16:36:49.351  3979  5983 D ConnectivityService: ConnectivityService NetworkRequestInfo binderDied(NetworkRequest [ LISTEN id=1047, [ Capabilities: INTERNET&NOT_RESTRICTED&TRUSTED&FOREGROUND] ], android.os.BinderProxy@f06d1fe)
09-02 16:36:49.352  3979  4004 W ActivityManager: setHasOverlayUi called on unknown pid: 16858
09-02 16:36:49.353  3979  4180 D ConnectivityService: releasing NetworkRequest [ LISTEN id=1048, [ Capabilities: INTERNET&NOT_RESTRICTED&TRUSTED&FOREGROUND] ] (CALLBACK_RELEASED)
09-02 16:36:49.354  3979  4180 D ConnectivityService: sending notification RELEASED for NetworkRequest [ LISTEN id=1048, [ Capabilities: INTERNET&NOT_RESTRICTED&TRUSTED&FOREGROUND] ]
09-02 16:36:49.355  4336  4336 D InputEventReceiver: channel 'ClientState{dd6c1be uid 10096 pid 16858} (client)' ~ Disposing input event receiver.
09-02 16:36:49.355  3979  4180 E ConnectivityService: RemoteException caught trying to send a callback msg for NetworkRequest [ LISTEN id=1048, [ Capabilities: INTERNET&NOT_RESTRICTED&TRUSTED&FOREGROUND] ]
09-02 16:36:49.355  4336  4336 D InputEventReceiver: channel 'ClientState{dd6c1be uid 10096 pid 16858} (client)' ~NativeInputEventReceiver.
09-02 16:36:49.355  3979  4180 D ConnectivityService: releasing NetworkRequest [ LISTEN id=1047, [ Capabilities: INTERNET&NOT_RESTRICTED&TRUSTED&FOREGROUND] ] (CALLBACK_RELEASED)
09-02 16:36:49.356  3979  4180 D ConnectivityService: sending notification RELEASED for NetworkRequest [ LISTEN id=1047, [ Capabilities: INTERNET&NOT_RESTRICTED&TRUSTED&FOREGROUND] ]
09-02 16:36:49.356  3979  4180 E ConnectivityService: RemoteException caught trying to send a callback msg for NetworkRequest [ LISTEN id=1047, [ Capabilities: INTERNET&NOT_RESTRICTED&TRUSTED&FOREGROUND] ]
09-02 16:36:49.356  3979  4180 D ConnectivityService: releasing NetworkRequest [ LISTEN id=1046, [ Capabilities: INTERNET&NOT_RESTRICTED&TRUSTED&FOREGROUND] ] (CALLBACK_RELEASED)
09-02 16:36:49.357  3979  4180 D ConnectivityService: sending notification RELEASED for NetworkRequest [ LISTEN id=1046, [ Capabilities: INTERNET&NOT_RESTRICTED&TRUSTED&FOREGROUND] ]
09-02 16:36:49.357  3979  4180 E ConnectivityService: RemoteException caught trying to send a callback msg for NetworkRequest [ LISTEN id=1046, [ Capabilities: INTERNET&NOT_RESTRICTED&TRUSTED&FOREGROUND] ]
09-02 16:36:49.376  4349  4368 D SystemServicesProxy: updateOverviewLastStackActiveTimeAsync: newTime=1693559943942
09-02 16:36:49.378  3979  5966 D SecContentProvider: query(), uri = 17 selection = isSettingsChangesAllowed
09-02 16:36:49.379  3979  5966 D SecContentProvider: called from android.uid.systemui:10009
09-02 16:36:49.380  4349  4561 D SystemServicesProxy: updateOverviewLastStackActiveTimeAsync: done.
09-02 16:36:49.386  3979  3989 V WindowManager: finishDrawingLocked: mDrawState=COMMIT_DRAW_PENDING Window{35297bd u0 com.example.batterymanager_utility/com.example.batterymanager_utility.MainActivity} in Surface(name=com.example.batterymanager_utility/com.example.batterymanager_utility.MainActivity)
09-02 16:36:49.397  3462  3462 I SurfaceFlinger: id=3163 createSurf (720x1280),-1 flag=20004, com.example.batterymanager_utility/com.example.batterymanager_utility.MainActivity_dim#0
09-02 16:36:49.401  3979  3997 W zygote64: failed to open /acct/uid_99312/pid_17092/cgroup.procs: No such file or directory
09-02 16:36:49.401  3979  3997 W zygote64: failed to open /acct/uid_99311/pid_16899/cgroup.procs: No such file or directory
09-02 16:36:49.408  3462  3462 I SurfaceFlinger: Display 0 HWC layers:
09-02 16:36:49.408  3462  3462 I SurfaceFlinger:     type    |    handle    | flag |  format   |   source crop (l,t,r,b)    |         frame       | name 
09-02 16:36:49.408  3462  3462 I SurfaceFlinger: ------------+--------------+------+-----------+----------------------------+---------------------+------
09-02 16:36:49.408  3462  3462 I SurfaceFlinger:      Client |              | 0000 |  Unknown  |  -0.2   -0.2   -0.8   -0.8 |    0    0  720 1280 | animation background stackId=1#0
09-02 16:36:49.408  3462  3462 I SurfaceFlinger:      Client | 0x7abe64bf80 | 0002 | RGBA_8888 |   0.0    0.0   31.0 1280.0 |  689    0  720 1280 | com.example.batterymanager_utility/c[...]atterymanager_utility.MainActivity#0
09-02 16:36:49.408  3462  3462 I SurfaceFlinger:      Device | 0x7ac4c24d80 | 0000 | RGBA_8888 |   0.0    0.0  720.0   42.0 |    0    0  720   42 | StatusBar#0
09-02 16:36:49.408  3462  3462 I SurfaceFlinger: 
09-02 16:36:49.425  3462  3462 I SurfaceFlinger: Display 0 HWC layers:
09-02 16:36:49.425  3462  3462 I SurfaceFlinger:     type    |    handle    | flag |  format   |   source crop (l,t,r,b)    |         frame       | name 
09-02 16:36:49.425  3462  3462 I SurfaceFlinger: ------------+--------------+------+-----------+----------------------------+---------------------+------
09-02 16:36:49.425  3462  3462 I SurfaceFlinger:      Client |              | 0000 |  Unknown  |   0.0    0.0   -1.0   -1.0 |    0    0  720 1280 | com.example.batterymanager_utility/c[...]rymanager_utility.MainActivity_dim#0
09-02 16:36:49.425  3462  3462 I SurfaceFlinger:      Client |              | 0000 |  Unknown  |  -0.2   -0.2   -0.8   -0.8 |    0    0  720 1280 | animation background stackId=1#0
09-02 16:36:49.425  3462  3462 I SurfaceFlinger:      Client | 0x7abe64bf80 | 0002 | RGBA_8888 |   0.0    0.0   65.0 1280.0 |  655    0  720 1280 | com.example.batterymanager_utility/c[...]atterymanager_utility.MainActivity#0
09-02 16:36:49.425  3462  3462 I SurfaceFlinger:      Client | 0x7ac4c24240 | 0000 | RGBA_8888 |   0.0    0.0  720.0   42.0 |    0    0  720   42 | StatusBar#0
09-02 16:36:49.425  3462  3462 I SurfaceFlinger: 
09-02 16:36:49.454  3979  4111 D MdnieScenarioControlService:  packageName : com.example.batterymanager_utility    className : com.example.batterymanager_utility.MainActivity
09-02 16:36:49.454  3979  4111 V MdnieScenarioControlService: setUIMode from UI function(3)
09-02 16:36:49.620  3979  4111 V MdnieScenarioControlService: Calling MdnieManager API(setContentMode(0))
09-02 16:36:49.620  3979  4111 D SemDisplaySolutionManagerService: uid : 1000 , pid : 3979 , name : hdr_effect_off
09-02 16:36:49.620  3979  4111 D SemDisplaySolutionManagerService: where : application what : DEFAULT setScreenBrightnessScaleFactor(-1.0)
09-02 16:36:49.620  3979  4111 D PowerManagerService: [api] setScreenBrightnessScaleFactor: scaleFactor: -1.0 (uid: 1000 pid: 3979)
09-02 16:36:49.621  3979  4111 D SemDisplaySolutionManagerService: setMultipleScreenBrightness , application, DEFAULT, -1.0
09-02 16:36:49.621  3979  4111 V MdnieScenarioControlService: Calling SemDisplaySolutionManager API(setMultipleScreenBrightness(0)
09-02 16:36:49.623  3603  3603 V APM_AudioPolicyManager: setAudioPolicyConfig: audioEffectParam;audioHDR=0;packageName=com.example.batterymanager_utility
09-02 16:36:49.626  3979  4111 I AudioService: audioEffectParam;audioHDR=0;packageName=com.example.batterymanager_utility
09-02 16:36:49.626  3979  4111 V MdnieScenarioControlService: setUIMode from UI function
09-02 16:36:49.665 22051 22051 D BoundBrokerSvc: onUnbind: Intent { act=com.google.android.gms.feedback.internal.IFeedbackService dat=chimera-action: cmp=com.google.android.gms/.chimera.GmsBoundBrokerService }
09-02 16:36:49.775  3462  3462 I SurfaceFlinger: Display 0 HWC layers:
09-02 16:36:49.775  3462  3462 I SurfaceFlinger:     type    |    handle    | flag |  format   |   source crop (l,t,r,b)    |         frame       | name 
09-02 16:36:49.775  3462  3462 I SurfaceFlinger: ------------+--------------+------+-----------+----------------------------+---------------------+------
09-02 16:36:49.775  3462  3462 I SurfaceFlinger:      Device | 0x7abe64bf80 | 0002 | RGBA_8888 |   0.0    0.0  720.0 1280.0 |    0    0  720 1280 | com.example.batterymanager_utility/c[...]atterymanager_utility.MainActivity#0
09-02 16:36:49.775  3462  3462 I SurfaceFlinger:      Device | 0x7ac4c24240 | 0000 | RGBA_8888 |   0.0    0.0  720.0   42.0 |    0    0  720   42 | StatusBar#0
09-02 16:36:49.775  3462  3462 I SurfaceFlinger: 
09-02 16:36:49.789  3979  4046 I WindowManager: Destroying surface Surface(name=com.example.batterymanager_utility/com.example.batterymanager_utility.MainActivity_dim) called by com.android.server.wm.WindowStateAnimator.destroyTransitionDimSurface:2733 com.android.server.wm.WindowState.onExitAnimationDone:5260 com.android.server.wm.AppWindowAnimator.stepAnimationLocked:508 com.android.server.wm.AppWindowToken.stepAppWindowsAnimation:1659 com.android.server.wm.WindowContainer.stepAppWindowsAnimation:521 com.android.server.wm.WindowContainer.stepAppWindowsAnimation:521 com.android.server.wm.TaskStack.stepAppWindowsAnimation:1948 com.android.server.wm.WindowContainer.stepAppWindowsAnimation:521 
09-02 16:36:49.789  3462  4748 I SurfaceFlinger: id=3163 Removed com.example.batterymanager_utility/com.example.batterymanager_utility.MainActivity_dim#0 (1/5)
09-02 16:36:49.789  3462  4748 I SurfaceFlinger: id=3163 Removed com.example.batterymanager_utility/com.example.batterymanager_utility.MainActivity_dim#0 (-2/5)
09-02 16:36:49.790  3979  4004 D CustomFrequencyManagerService: releaseDVFSLockLocked : Getting Lock type frm List : DVFS_MIN_LIMIT  frequency : 1560000  uid : 1000  pid : 3979  tag : AMS_ACT_RESUME@CPU_MIN@70
09-02 16:36:49.790  3979  4004 D ActivityManagerPerformance: AMP_release() ACT_RESUME
09-02 16:36:49.805  3462  3462 I Layer   : id=3163 onRemoved com.example.batterymanager_utility/com.example.batterymanager_utility.MainActivity_dim#0 
09-02 16:36:50.145  3979  4051 D SensorService: [SO] 0.067 -0.373 9.792
09-02 16:36:51.191  3449  3449 I android.hardware.wifi@1.0-service: getLinkLayerStats
09-02 16:36:51.218  3979  5979 D ConnectivityService: filterNetworkStateForUid() uid: 10102 networkInfo: [type: WIFI[] - WIFI, state: CONNECTED/CONNECTED, reason: (unspecified), extra: "WiFi 69", failover: false, available: true, roaming: false, metered: false]
09-02 16:36:51.223  7881  7881 W fb4a.MobileConfigFactoryImpl: SESSIONLESS factory used for 2 param
09-02 16:36:51.225  7881  7881 E fb4a.Execution: Redirecting MSYS Execution scheduling from the UI thread to a custom executor
09-02 16:36:51.238  3614  3927 D DnsProxyListener: DNSDBG::dns addrinfo af 2
09-02 16:36:51.265  3979  3979 D PreBindingService: handleMessage : 1
09-02 16:36:51.356  7881 17084 D omnistore_android_logger: DebouncingRateLimiter attempting event SyncProtocol::onConnectionEstablished
09-02 16:36:51.357  7881 17084 D omnistore_android_logger: AlarmManager::startAlarmTimer for key=SyncProtocol::onConnectionEstablished, it will NOT wake up main thread to reschedule
09-02 16:36:51.357  7881 17084 W omnistore_android_logger: Event SyncProtocol::onConnectionEstablished rate limited for 20422 ms
09-02 16:36:51.357  7881  7881 W fb4a.MobileConfigFactoryImpl: SESSIONLESS factory used for 2 param
09-02 16:36:51.359  7881  7881 E fb4a.Execution: Redirecting MSYS Execution scheduling from the UI thread to a custom executor
09-02 16:36:51.395  7881  4231 E fb4a.msys: E[N MQTT]readEOF(124)=>TCPStreamTransport readEOF
09-02 16:36:51.395  7881  4231 E fb4a.msys: E[N MQTT]onEOF(699)=>LigerBasedStreamTransport onEOF
09-02 16:36:51.402  7881 16794 E fb4a.FBMsysMqttClientCallbacks: onPublish, onFailure, msgId = 1502, error = 2003
09-02 16:36:51.402  7881 16794 E fb4a.FBMsysMqttClientCallbacks: onPublish, onFailure, msgId = 1501, error = 2003
09-02 16:36:51.404  7881 16794 E fb4a.FBMsysMqttClientCallbacks: onPublish, onFailure, msgId = 1500, error = 2003
09-02 16:36:51.405  7881 16794 E fb4a.FBMsysMqttClientCallbacks: onPublish, onFailure, msgId = 1499, error = 2003
09-02 16:36:51.406  7881 16794 E fb4a.FBMsysMqttClientCallbacks: onPublish, onFailure, msgId = 1498, error = 2003
09-02 16:36:51.407  7881  4225 E fb4a.msys: E[N rtchannel]_rt_mqtt_bridge_bootstrap_callback(967)=>Failed to boot stap bridged mqtt channel.  RT error code:2003 token:1502
09-02 16:36:51.409  7881  4225 E fb4a.msys: E[N rtchannel]_rt_mqtt_bridge_bootstrap_callback(967)=>Failed to boot stap bridged mqtt channel.  RT error code:2003 token:1501
09-02 16:36:51.409  3979  5979 D ConnectivityService: filterNetworkStateForUid() uid: 10102 networkInfo: [type: WIFI[] - WIFI, state: CONNECTED/CONNECTED, reason: (unspecified), extra: "WiFi 69", failover: false, available: true, roaming: false, metered: false]
09-02 16:36:51.412  7881  7881 W fb4a.MobileConfigFactoryImpl: SESSIONLESS factory used for 2 param
09-02 16:36:51.413  7881  7881 E fb4a.Execution: Redirecting MSYS Execution scheduling from the UI thread to a custom executor
09-02 16:36:51.416  7881  4225 E fb4a.msys: E[N rtchannel]_rt_mqtt_bridge_bootstrap_callback(967)=>Failed to boot stap bridged mqtt channel.  RT error code:2003 token:1500
09-02 16:36:51.416  7881  4225 E fb4a.msys: E[N rtchannel]_rt_mqtt_bridge_bootstrap_callback(967)=>Failed to boot stap bridged mqtt channel.  RT error code:2003 token:1499
09-02 16:36:51.416  7881  4225 E fb4a.msys: E[N rtchannel]_rt_mqtt_bridge_bootstrap_callback(967)=>Failed to boot stap bridged mqtt channel.  RT error code:2003 token:1498
09-02 16:36:51.439  7881  4229 E fb4a.msys: E[S sync]_createResponseError(195)=>Network Response a347b488-4ba1-4312-a154-d62f812fbb58 contains sync error Error Domain=mqtt Code=2002 - Underlying error (null): Error Domain=mqtt Code=2002
09-02 16:36:51.451  7881  4225 E fb4a.msys: E[N data-request]_HandleDataResponse(1782)=>Data request error for task 203020a5-c5b2-4cec-94d5-c6f20915f37d (response type 1): (null)
09-02 16:36:51.452  7881  4229 E fb4a.msys: E[S sync]_createResponseError(195)=>Network Response 0e910f50-1322-47d0-9b9c-f7e8bc606ff1 contains sync error Error Domain=mqtt Code=2002 - Underlying error (null): Error Domain=mqtt Code=2002
09-02 16:36:51.454  7881 17155 E fb4a.T157805820: TigonMhrLogger::logRequestIfNeeded
09-02 16:36:51.454  7881 17155 E fb4a.T157805820: TigonWifiInfoLogger::init
09-02 16:36:51.454  7881 17155 E fb4a.T157805820: TigonMhrFbcLogger::logRequestIfNeeded
09-02 16:36:51.455  7881 17155 E fb4a.T157805820: TigonCellTowerInfoLogger::logRequestIfNeeded
09-02 16:36:51.455  7881 17155 E fb4a.T157805820: TigonCertificateVerificationLogger::logRequestIfNeeded
09-02 16:36:51.455  7881 17155 E fb4a.T157805820: TigonTransientAnalysisLogger::logRequestIfNeeded
09-02 16:36:51.455  7881 17155 E fb4a.T157805820: TigonProviderConnectionDeviceInfoLogger::logRequestIfNeeded
09-02 16:36:51.455  7881 17155 E fb4a.T157805820: TigonCellTowerInfoPapayaLogger::logRequestIfNeeded
09-02 16:36:51.455  7881 17155 E fb4a.T157805820: NetworkUtilisationLogger::logRequestIfNeeded
09-02 16:36:51.460  7881 16794 E fb4a.T157805820: TigonMhrLogger::logRequestIfNeeded
09-02 16:36:51.461  7881  4225 E fb4a.msys: E[N data-request]_HandleDataResponse(1782)=>Data request error for task 14e8fa1c-5937-4dc5-8616-77a441cbcef2 (response type 1): (null)
09-02 16:36:51.461  7881 16794 E fb4a.T157805820: TigonWifiInfoLogger::init
09-02 16:36:51.461  7881 16794 E fb4a.T157805820: TigonMhrFbcLogger::logRequestIfNeeded
09-02 16:36:51.462  7881  8242 E fb4a.T157805820: TigonMhrLogger::logRequestIfNeeded
09-02 16:36:51.462  7881  8242 E fb4a.T157805820: TigonWifiInfoLogger::init
09-02 16:36:51.462  7881  8242 E fb4a.T157805820: TigonMhrFbcLogger::logRequestIfNeeded
09-02 16:36:51.462  7881 16794 E fb4a.T157805820: TigonCellTowerInfoLogger::logRequestIfNeeded
09-02 16:36:51.462  7881 16794 E fb4a.T157805820: TigonCertificateVerificationLogger::logRequestIfNeeded
09-02 16:36:51.462  7881 16794 E fb4a.T157805820: TigonTransientAnalysisLogger::logRequestIfNeeded
09-02 16:36:51.462  7881 16794 E fb4a.T157805820: TigonProviderConnectionDeviceInfoLogger::logRequestIfNeeded
09-02 16:36:51.462  7881  8242 E fb4a.T157805820: TigonCellTowerInfoLogger::logRequestIfNeeded
09-02 16:36:51.462  7881 16794 E fb4a.T157805820: TigonCellTowerInfoPapayaLogger::logRequestIfNeeded
09-02 16:36:51.462  7881  8242 E fb4a.T157805820: TigonCertificateVerificationLogger::logRequestIfNeeded
09-02 16:36:51.462  7881 16794 E fb4a.T157805820: NetworkUtilisationLogger::logRequestIfNeeded
09-02 16:36:51.462  7881  8242 E fb4a.T157805820: TigonTransientAnalysisLogger::logRequestIfNeeded
09-02 16:36:51.462  7881  8242 E fb4a.T157805820: TigonProviderConnectionDeviceInfoLogger::logRequestIfNeeded
09-02 16:36:51.465  7881  4229 E fb4a.msys: E[S sync]_createResponseError(195)=>Network Response 203020a5-c5b2-4cec-94d5-c6f20915f37d contains sync error Error Domain=com.facebook.http.error Code=401 UserInfo=0xbd247300 {MCFErrorDirectLocalizedDescriptionKey=Client error} - Underlying error (null): Error Domain=com.facebook.http.error Code=401 UserInfo=0xbd247300 {MCFErrorDirectLocalizedDescriptionKey=Client error}
09-02 16:36:51.469  7881  8242 E fb4a.T157805820: TigonCellTowerInfoPapayaLogger::logRequestIfNeeded
09-02 16:36:51.469  7881  8242 E fb4a.T157805820: NetworkUtilisationLogger::logRequestIfNeeded
09-02 16:36:51.475  7881  4229 E fb4a.msys: E[S sync]_createResponseError(195)=>Network Response 14e8fa1c-5937-4dc5-8616-77a441cbcef2 contains sync error Error Domain=com.facebook.http.error Code=401 UserInfo=0xc7b4ca00 {MCFErrorDirectLocalizedDescriptionKey=Client error} - Underlying error (null): Error Domain=com.facebook.http.error Code=401 UserInfo=0xc7b4ca00 {MCFErrorDirectLocalizedDescriptionKey=Client error}
09-02 16:36:51.545  7881 17155 E fb4a.T157805820: TigonMhrLogger::logRequestIfNeeded
09-02 16:36:51.545  7881 17155 E fb4a.T157805820: TigonWifiInfoLogger::init
09-02 16:36:51.545  7881  4225 E fb4a.msys: E[N data-request]_HandleDataResponse(1782)=>Data request error for task 1bd54463-9978-432d-94ff-d6b7696078d8 (response type 1): (null)
09-02 16:36:51.545  7881 17155 E fb4a.T157805820: TigonMhrFbcLogger::logRequestIfNeeded
09-02 16:36:51.546  7881 17155 E fb4a.T157805820: TigonCellTowerInfoLogger::logRequestIfNeeded
09-02 16:36:51.547  7881 17155 E fb4a.T157805820: TigonCertificateVerificationLogger::logRequestIfNeeded
09-02 16:36:51.547  7881 17155 E fb4a.T157805820: TigonTransientAnalysisLogger::logRequestIfNeeded
09-02 16:36:51.547  7881 17155 E fb4a.T157805820: TigonProviderConnectionDeviceInfoLogger::logRequestIfNeeded
09-02 16:36:51.547  7881 17155 E fb4a.T157805820: TigonCellTowerInfoPapayaLogger::logRequestIfNeeded
09-02 16:36:51.547  7881 17155 E fb4a.T157805820: NetworkUtilisationLogger::logRequestIfNeeded
09-02 16:36:51.547  7881  4229 E fb4a.msys: E[S sync]_createResponseError(195)=>Network Response 1bd54463-9978-432d-94ff-d6b7696078d8 contains sync error Error Domain=com.facebook.http.error Code=401 UserInfo=0xb58fa500 {MCFErrorDirectLocalizedDescriptionKey=Client error} - Underlying error (null): Error Domain=com.facebook.http.error Code=401 UserInfo=0xb58fa500 {MCFErrorDirectLocalizedDescriptionKey=Client error}
09-02 16:36:51.555  7881 17083 E fb4a.T157805820: TigonMhrLogger::logRequestIfNeeded
09-02 16:36:51.555  7881 17083 E fb4a.T157805820: TigonWifiInfoLogger::init
