09-02 08:32:05.345  3979  6844 D WindowManager: adjustSystemUiVisibilityLw : vis= 0x608
09-02 08:32:05.349 23038 23038 D ViewRootImpl@110cd72[MainActivity]: MSG_WINDOW_FOCUS_CHANGED 1
09-02 08:32:05.354  3979  3990 D ConnectivityService: ConnectivityService NetworkRequestInfo binderDied(NetworkRequest [ LISTEN id=286, [ Capabilities: INTERNET&NOT_RESTRICTED&TRUSTED&FOREGROUND] ], android.os.BinderProxy@186b69b)
09-02 08:32:05.354  3979  5172 D ConnectivityService: ConnectivityService NetworkRequestInfo binderDied(NetworkRequest [ LISTEN id=284, [ Capabilities: INTERNET&NOT_RESTRICTED&TRUSTED&FOREGROUND] ], android.os.BinderProxy@8e12a38)
09-02 08:32:05.355  3979  4180 D ConnectivityService: releasing NetworkRequest [ LISTEN id=286, [ Capabilities: INTERNET&NOT_RESTRICTED&TRUSTED&FOREGROUND] ] (CALLBACK_RELEASED)
09-02 08:32:05.355  4336  4336 D InputEventReceiver: channel 'ClientState{89d70b9 uid 10096 pid 23083} (client)' ~ Disposing input event receiver.
09-02 08:32:05.355  4336  4336 D InputEventReceiver: channel 'ClientState{89d70b9 uid 10096 pid 23083} (client)' ~NativeInputEventReceiver.
09-02 08:32:05.356  3979  4180 D ConnectivityService: sending notification RELEASED for NetworkRequest [ LISTEN id=286, [ Capabilities: INTERNET&NOT_RESTRICTED&TRUSTED&FOREGROUND] ]
09-02 08:32:05.356 23038 23038 V InputMethodManager: Starting input: tba=android.view.inputmethod.EditorInfo@753c22d nm : com.example.batterymanager_utility ic=null
09-02 08:32:05.356 23038 23038 I InputMethodManager: startInputInner - mService.startInputOrWindowGainedFocus
09-02 08:32:05.357  3979  4180 E ConnectivityService: RemoteException caught trying to send a callback msg for NetworkRequest [ LISTEN id=286, [ Capabilities: INTERNET&NOT_RESTRICTED&TRUSTED&FOREGROUND] ]
09-02 08:32:05.357  3979  4180 D ConnectivityService: releasing NetworkRequest [ LISTEN id=284, [ Capabilities: INTERNET&NOT_RESTRICTED&TRUSTED&FOREGROUND] ] (CALLBACK_RELEASED)
09-02 08:32:05.357  3979  9339 D InputMethodManagerService: startInputOrWindowGainedFocus : windowGainedFocus 
09-02 08:32:05.358  3979  4004 W ActivityManager: setHasOverlayUi called on unknown pid: 23083
09-02 08:32:05.358  3979  9339 D InputMethodManagerService: windowGainedFocus: destinationUserId (getCallingUid) = 0
09-02 08:32:05.358  3979  9339 D InputMethodManagerService: windowGainedFocus: currentUserId=0
09-02 08:32:05.358  3979  9339 D InputMethodManagerService: windowGainedFocus: mCurrentFocusedUserId=0
09-02 08:32:05.358  3979  4180 D ConnectivityService: sending notification RELEASED for NetworkRequest [ LISTEN id=284, [ Capabilities: INTERNET&NOT_RESTRICTED&TRUSTED&FOREGROUND] ]
09-02 08:32:05.358  3979  9339 D InputMethodManagerService: windowGainedFocus : lock - currentUserId = 0 destinationUserId = 0
09-02 08:32:05.358  3979  9339 D InputMethodManagerService: windowGainedFocus : mCurrentFocusedUserId - 0 and mSecureKeypadEnabled - false, userSwitched - false
09-02 08:32:05.359  3979  9339 V InputMethodManagerService: windowGainedFocus : reason=WINDOW_FOCUS_GAIN client=android.os.BinderProxy@9fa29a8 inputContext=null missingMethods= attribute=android.view.inputmethod.EditorInfo@20c3a11 nm = com.example.batterymanager_utility controlFlags=#105 softInputMode=#120 windowFlags=#81810100
09-02 08:32:05.359  3979  9339 V InputMethodManagerService: hideCurrentInputLocked : shouldHideSoftInput is false
09-02 08:32:05.359  3979  4180 E ConnectivityService: RemoteException caught trying to send a callback msg for NetworkRequest [ LISTEN id=284, [ Capabilities: INTERNET&NOT_RESTRICTED&TRUSTED&FOREGROUND] ]
09-02 08:32:05.359  3979  9339 D InputMethodManagerService: setCurrentInputInfo - inputContext : null eidtorInfo : android.view.inputmethod.EditorInfo@20c3a11 missingMethods : 0
09-02 08:32:05.360  3979  6844 D ConnectivityService: ConnectivityService NetworkRequestInfo binderDied(NetworkRequest [ LISTEN id=285, [ Capabilities: INTERNET&NOT_RESTRICTED&TRUSTED&FOREGROUND] ], android.os.BinderProxy@6902177)
09-02 08:32:05.360  4336  4336 I InputMethodWrapper:  call dispatchStartInputWithToken
09-02 08:32:05.360  4336  4336 I InputMethodService: dispatchStartInputWithToken
09-02 08:32:05.360  3979  4180 D ConnectivityService: releasing NetworkRequest [ LISTEN id=285, [ Capabilities: INTERNET&NOT_RESTRICTED&TRUSTED&FOREGROUND] ] (CALLBACK_RELEASED)
09-02 08:32:05.360  4336  4336 I SKBD    : SamsungKeypad [IMI] onStartInput - caller pid : 23083, caller uid : 10096
09-02 08:32:05.361  3979  4180 D ConnectivityService: sending notification RELEASED for NetworkRequest [ LISTEN id=285, [ Capabilities: INTERNET&NOT_RESTRICTED&TRUSTED&FOREGROUND] ]
09-02 08:32:05.361  3979  4180 E ConnectivityService: RemoteException caught trying to send a callback msg for NetworkRequest [ LISTEN id=285, [ Capabilities: INTERNET&NOT_RESTRICTED&TRUSTED&FOREGROUND] ]
09-02 08:32:05.367  3979  8178 I ActivityManager: Process com.samsung.SMT (pid 23392) has died: fore SVC (286,1065)
09-02 08:32:05.370  3979  3997 W zygote64: failed to open /acct/uid_99076/pid_23364/cgroup.procs: No such file or directory
09-02 08:32:05.370  3979  3997 W zygote64: failed to open /acct/uid_99075/pid_23318/cgroup.procs: No such file or directory
09-02 08:32:05.370  3979  3997 W zygote64: failed to open /acct/uid_99073/pid_23117/cgroup.procs: No such file or directory
09-02 08:32:05.370  3979  3997 W zygote64: failed to open /acct/uid_99074/pid_23290/cgroup.procs: No such file or directory
09-02 08:32:05.379  4349  4850 D SystemServicesProxy: updateOverviewLastStackActiveTimeAsync: newTime=1693559943942
09-02 08:32:05.380  3979  4200 D SecContentProvider: query(), uri = 17 selection = isSettingsChangesAllowed
09-02 08:32:05.381  3979  4200 D SecContentProvider: called from android.uid.systemui:10009
09-02 08:32:05.381  4349  4561 D SystemServicesProxy: updateOverviewLastStackActiveTimeAsync: done.
09-02 08:32:05.385  3979  4200 V WindowManager: finishDrawingLocked: mDrawState=COMMIT_DRAW_PENDING Window{4d63c66 u0 com.example.batterymanager_utility/com.example.batterymanager_utility.MainActivity} in Surface(name=com.example.batterymanager_utility/com.example.batterymanager_utility.MainActivity)
09-02 08:32:05.404  3462  3462 I SurfaceFlinger: id=305 createSurf (720x1280),-1 flag=20004, com.example.batterymanager_utility/com.example.batterymanager_utility.MainActivity_dim#0
09-02 08:32:05.424  3462  3462 I SurfaceFlinger: Display 0 HWC layers:
09-02 08:32:05.424  3462  3462 I SurfaceFlinger:     type    |    handle    | flag |  format   |   source crop (l,t,r,b)    |         frame       | name 
09-02 08:32:05.424  3462  3462 I SurfaceFlinger: ------------+--------------+------+-----------+----------------------------+---------------------+------
09-02 08:32:05.424  3462  3462 I SurfaceFlinger:      Client |              | 0000 |  Unknown  |  -0.2   -0.2   -0.8   -0.8 |    0    0  720 1280 | animation background stackId=1#0
09-02 08:32:05.424  3462  3462 I SurfaceFlinger:      Client | 0x7ac0b8f040 | 0002 | RGBA_8888 |   0.0    0.0   31.0 1280.0 |  689    0  720 1280 | com.example.batterymanager_utility/c[...]atterymanager_utility.MainActivity#0
09-02 08:32:05.424  3462  3462 I SurfaceFlinger:      Device | 0x7ac4c25140 | 0000 | RGBA_8888 |   0.0    0.0  720.0   42.0 |    0    0  720   42 | StatusBar#0
09-02 08:32:05.424  3462  3462 I SurfaceFlinger: 
09-02 08:32:05.440  3462  3462 I SurfaceFlinger: Display 0 HWC layers:
09-02 08:32:05.440  3462  3462 I SurfaceFlinger:     type    |    handle    | flag |  format   |   source crop (l,t,r,b)    |         frame       | name 
09-02 08:32:05.440  3462  3462 I SurfaceFlinger: ------------+--------------+------+-----------+----------------------------+---------------------+------
09-02 08:32:05.440  3462  3462 I SurfaceFlinger:      Client |              | 0000 |  Unknown  |   0.0    0.0   -1.0   -1.0 |    0    0  720 1280 | com.example.batterymanager_utility/c[...]rymanager_utility.MainActivity_dim#0
09-02 08:32:05.440  3462  3462 I SurfaceFlinger:      Client |              | 0000 |  Unknown  |  -0.2   -0.2   -0.8   -0.8 |    0    0  720 1280 | animation background stackId=1#0
09-02 08:32:05.440  3462  3462 I SurfaceFlinger:      Client | 0x7ac0b8f040 | 0002 | RGBA_8888 |   0.0    0.0   65.0 1280.0 |  655    0  720 1280 | com.example.batterymanager_utility/c[...]atterymanager_utility.MainActivity#0
09-02 08:32:05.440  3462  3462 I SurfaceFlinger:      Client | 0x7ac4c24480 | 0000 | RGBA_8888 |   0.0    0.0  720.0   42.0 |    0    0  720   42 | StatusBar#0
09-02 08:32:05.440  3462  3462 I SurfaceFlinger: 
09-02 08:32:05.457  3979  4111 D MdnieScenarioControlService:  packageName : com.example.batterymanager_utility    className : com.example.batterymanager_utility.MainActivity
09-02 08:32:05.457  3979  4111 V MdnieScenarioControlService: setUIMode from UI function(3)
09-02 08:32:05.617  3979  4111 V MdnieScenarioControlService: Calling MdnieManager API(setContentMode(0))
09-02 08:32:05.617  3979  4111 D SemDisplaySolutionManagerService: uid : 1000 , pid : 3979 , name : hdr_effect_off
09-02 08:32:05.617  3979  4111 D SemDisplaySolutionManagerService: where : application what : DEFAULT setScreenBrightnessScaleFactor(-1.0)
09-02 08:32:05.617  3979  4111 D PowerManagerService: [api] setScreenBrightnessScaleFactor: scaleFactor: -1.0 (uid: 1000 pid: 3979)
09-02 08:32:05.617  3979  4111 D SemDisplaySolutionManagerService: setMultipleScreenBrightness , application, DEFAULT, -1.0
09-02 08:32:05.617  3979  4111 V MdnieScenarioControlService: Calling SemDisplaySolutionManager API(setMultipleScreenBrightness(0)
09-02 08:32:05.618  3603  3780 V APM_AudioPolicyManager: setAudioPolicyConfig: audioEffectParam;audioHDR=0;packageName=com.example.batterymanager_utility
09-02 08:32:05.620  3979  4111 I AudioService: audioEffectParam;audioHDR=0;packageName=com.example.batterymanager_utility
09-02 08:32:05.620  3979  4111 V MdnieScenarioControlService: setUIMode from UI function
09-02 08:32:05.790  3462  3462 I SurfaceFlinger: Display 0 HWC layers:
09-02 08:32:05.790  3462  3462 I SurfaceFlinger:     type    |    handle    | flag |  format   |   source crop (l,t,r,b)    |         frame       | name 
09-02 08:32:05.790  3462  3462 I SurfaceFlinger: ------------+--------------+------+-----------+----------------------------+---------------------+------
09-02 08:32:05.790  3462  3462 I SurfaceFlinger:      Device | 0x7ac0b8f040 | 0002 | RGBA_8888 |   0.0    0.0  720.0 1280.0 |    0    0  720 1280 | com.example.batterymanager_utility/c[...]atterymanager_utility.MainActivity#0
09-02 08:32:05.790  3462  3462 I SurfaceFlinger:      Device | 0x7ac4c25140 | 0000 | RGBA_8888 |   0.0    0.0  720.0   42.0 |    0    0  720   42 | StatusBar#0
09-02 08:32:05.790  3462  3462 I SurfaceFlinger: 
09-02 08:32:05.819  3979  4046 I WindowManager: Destroying surface Surface(name=com.example.batterymanager_utility/com.example.batterymanager_utility.MainActivity_dim) called by com.android.server.wm.WindowStateAnimator.destroyTransitionDimSurface:2733 com.android.server.wm.WindowState.onExitAnimationDone:5260 com.android.server.wm.AppWindowAnimator.stepAnimationLocked:508 com.android.server.wm.AppWindowToken.stepAppWindowsAnimation:1659 com.android.server.wm.WindowContainer.stepAppWindowsAnimation:521 com.android.server.wm.WindowContainer.stepAppWindowsAnimation:521 com.android.server.wm.TaskStack.stepAppWindowsAnimation:1948 com.android.server.wm.WindowContainer.stepAppWindowsAnimation:521 
09-02 08:32:05.820  3462  3502 I SurfaceFlinger: id=305 Removed com.example.batterymanager_utility/com.example.batterymanager_utility.MainActivity_dim#0 (2/5)
09-02 08:32:05.820  3462  5840 I SurfaceFlinger: id=305 Removed com.example.batterymanager_utility/com.example.batterymanager_utility.MainActivity_dim#0 (-2/5)
09-02 08:32:05.822  3979  4004 D CustomFrequencyManagerService: releaseDVFSLockLocked : Getting Lock type frm List : DVFS_MIN_LIMIT  frequency : 1560000  uid : 1000  pid : 3979  tag : AMS_ACT_RESUME@CPU_MIN@70
09-02 08:32:05.823  3979  4004 D ActivityManagerPerformance: AMP_release() ACT_RESUME
09-02 08:32:05.835  3462  3462 I Layer   : id=305 onRemoved com.example.batterymanager_utility/com.example.batterymanager_utility.MainActivity_dim#0 
09-02 08:32:05.901 22051 22051 D BoundBrokerSvc: onUnbind: Intent { act=com.google.android.gms.feedback.internal.IFeedbackService dat=chimera-action: cmp=com.google.android.gms/.chimera.GmsBoundBrokerService }
09-02 08:32:06.633  3979  4200 D BatteryService: !@BatteryListener : batteryPropertiesChanged!
09-02 08:32:06.635  3979  4200 D BatteryService: level:97, scale:100, status:2, health:2, present:true, voltage: 4234, temperature: 248, technology: Li-ion, AC powered:false, USB powered:true, POGO powered:false, Wireless powered:false, icon:17303834, invalid charger:0, maxChargingCurrent:0, maxChargingVoltage:0, chargeCounter:0
09-02 08:32:06.635  3979  4200 D BatteryService: online:4, current avg:-91, charge type:1, power sharing:false, high voltage charger:false, capacity:280000, batterySWSelfDischarging:false, misc_event:0, current_event:0, current_now:367
09-02 08:32:06.636  3979  3979 D BatteryService: Sending ACTION_BATTERY_CHANGED.
09-02 08:32:06.643  3979  3979 D SamsungPhoneWindowManager: ACTION_BATTERY_CHANGED - Level :: 97, battStatus :: 2
09-02 08:32:06.644  3979  3979 I MotionRecognitionService: Plugged
09-02 08:32:06.644  4349  4349 D KeyguardUpdateMonitor: received broadcast android.intent.action.BATTERY_CHANGED
09-02 08:32:06.644  3979  3979 D MotionRecognitionService:   mCableConnection= 1
09-02 08:32:06.644  3979  3979 D MotionRecognitionService: setPowerConnected : mGripEnabled = false
09-02 08:32:06.647  3979  4002 D UsbDeviceManager: handleMessage -> MSG_UPDATE_CHARGING_STATE = 1
09-02 08:32:06.650  4349  4349 D BatteryController: onReceive-ACTION_BATTERY_CHANGED : mLevel=97, mBatteryStatus=2
09-02 08:32:06.655  4349  4349 D PowerUI : priorPlugType = 2 mPlugType =  2
09-02 08:32:06.656  4349  4349 D PowerUI.Notification: Charging estimate time is not supported and connected cable is not a fast/slow charger, so return!
09-02 08:32:07.268  3979  3979 D PreBindingService: handleMessage : 1
09-02 08:32:07.404  3449  3449 I android.hardware.wifi@1.0-service: getLinkLayerStats
09-02 08:32:07.437  3979  4067 D SamsungAlarmManager: Expired : 4
09-02 08:32:07.438  3979  4067 I SamsungAlarmManager: setLocked to kernel - T:2 / 20230902T083220, SetElapsed=81521500, nowELAPSED=81508870
09-02 08:32:07.438  3979  4067 V SamsungAlarmManager: Sending to uid : 1000 listener=android.app.AlarmManager$ListenerWrapper@6b82279 alarm=Alarm{6f31a49 type 2 when 81508869 android}
09-02 08:32:07.446 11059 11059 I wpa_supplicant: doZeroArgDriverCommand before checking
09-02 08:32:07.447 11059 11059 I wpa_supplicant: doZeroArgDriverCommand after checking
09-02 08:32:07.449 11059 11059 I wpa_supplicant: StaIface::setSuspendModeEnabled called
09-02 08:32:07.449 11059 11059 I wpa_supplicant: StaIface::setSuspendModeEnabledInternal called
09-02 08:32:07.449 11059 11059 I wpa_supplicant: doZeroArgDriverCommand before checking
09-02 08:32:07.450  3979  4170 D SamsungAlarmManager: setExact Listener (T:2/F:9/AC:false) 20230902T083243 - CU:1000/CP:3979
09-02 08:32:07.455 11059 11059 I wpa_supplicant: doZeroArgDriverCommand after checking
09-02 08:32:07.465  3449  3449 I android.hardware.wifi@1.0-service: getLinkLayerStats
09-02 08:32:07.471  3979  4177 D WifiP2pService: InactiveState143375
09-02 08:32:07.472  3979  4177 D WifiP2pService: P2pEnabledState143375
09-02 08:32:07.518  3979 11179 D SamsungAlarmManager: setExact Listener (T:2/F:9/AC:false) 20230902T083208 - CU:1000/CP:3979
09-02 08:32:07.519  3979 11179 I SamsungAlarmManager: setLocked to kernel - T:2 / 20230902T083208, SetElapsed=81509949, nowELAPSED=81508951
09-02 08:32:07.523  3979 11179 D DhcpClient: Renewed lease: IP address 192.168.88.175/24 Gateway 192.168.88.1  DNS servers: [ 192.168.88.1 8.8.8.8 8.8.4.4 ] Domains  DHCP server /192.168.88.1 Vendor info null lease 600 seconds
09-02 08:32:07.523  3979 11179 D SamsungAlarmManager: Cancel Alarm calling from uid:1000 pid :3979 / listener:android.app.AlarmManager$ListenerWrapper@f93c86f
09-02 08:32:07.524  3979  4170 D SamsungAlarmManager: Cancel Alarm calling from uid:1000 pid :3979 / listener:android.app.AlarmManager$ListenerWrapper@4fa9f4e
09-02 08:32:07.525  3979 11179 I SamsungAlarmManager: setLocked to kernel - T:2 / 20230902T083220, SetElapsed=81521500, nowELAPSED=81508957
09-02 08:32:07.530  3979  4177 D WifiP2pService: InactiveState143375
09-02 08:32:07.530 11059 11059 I wpa_supplicant: doZeroArgDriverCommand before checking
09-02 08:32:07.531 11059 11059 I wpa_supplicant: doZeroArgDriverCommand after checking
09-02 08:32:07.533  3979  4180 D ConnectivityService: updateCapabilities: oldCap = [ Transports: WIFI Capabilities: NOT_METERED&INTERNET&NOT_RESTRICTED&TRUSTED&NOT_VPN&VALIDATED&FOREGROUND LinkUpBandwidth>=1048576Kbps LinkDnBandwidth>=1048576Kbps SignalStrength: -63], newCap = [ Transports: WIFI Capabilities: NOT_METERED&INTERNET&NOT_RESTRICTED&TRUSTED&NOT_VPN LinkUpBandwidth>=1048576Kbps LinkDnBandwidth>=1048576Kbps SignalStrength: -59]
09-02 08:32:07.533  3979 11179 D SamsungAlarmManager: setExact Listener (T:2/F:9/AC:false) 20230902T083655 - CU:1000/CP:3979
09-02 08:32:07.533  3979  4180 D ConnectivityService: notifyType CAP_CHANGED for NetworkAgentInfo [WIFI () - 502]
09-02 08:32:07.533  3979  4177 D WifiP2pService: P2pEnabledState143375
09-02 08:32:07.533  3979  4180 D ConnectivityService:  sending notification for NetworkRequest [ REQUEST id=1, [ Capabilities: INTERNET&NOT_RESTRICTED&TRUSTED&NOT_VPN] ]
09-02 08:32:07.533  3979  4180 D ConnectivityService:  sending notification for NetworkRequest [ TRACK_DEFAULT id=3, [ Capabilities: INTERNET&NOT_RESTRICTED&TRUSTED&NOT_VPN] ]
09-02 08:32:07.533  3979  4180 D ConnectivityService: sending notification CAP_CHANGED for NetworkRequest [ TRACK_DEFAULT id=3, [ Capabilities: INTERNET&NOT_RESTRICTED&TRUSTED&NOT_VPN] ]
09-02 08:32:07.533  3979  4180 D ConnectivityService:  sending notification for NetworkRequest [ LISTEN id=5, [ Transports: WIFI Capabilities: INTERNET&NOT_RESTRICTED&TRUSTED&NOT_VPN] ]
09-02 08:32:07.533  3979  4180 D ConnectivityService: sending notification CAP_CHANGED for NetworkRequest [ LISTEN id=5, [ Transports: WIFI Capabilities: INTERNET&NOT_RESTRICTED&TRUSTED&NOT_VPN] ]
09-02 08:32:07.534  3979  4180 D ConnectivityService:  sending notification for NetworkRequest [ LISTEN id=6, [ Transports: CELLULAR|WIFI Capabilities: NOT_RESTRICTED&TRUSTED&NOT_VPN] ]
09-02 08:32:07.534  3979  4180 D ConnectivityService: sending notification CAP_CHANGED for NetworkRequest [ LISTEN id=6, [ Transports: CELLULAR|WIFI Capabilities: NOT_RESTRICTED&TRUSTED&NOT_VPN] ]
09-02 08:32:07.534  3979  4180 D ConnectivityService:  sending notification for NetworkRequest [ LISTEN id=7, [] ]
09-02 08:32:07.534  3979  4180 D ConnectivityService: sending notification CAP_CHANGED for NetworkRequest [ LISTEN id=7, [] ]
09-02 08:32:07.534  3979  4174 D ConnectivityService: filterNetworkStateForUid() uid: 10158 networkInfo: [type: WIFI[] - WIFI, state: CONNECTED/CONNECTED, reason: (unspecified), extra: "WiFi 69", failover: false, available: true, roaming: false, metered: false]
09-02 08:32:07.534  3979  4180 D ConnectivityService:  sending notification for NetworkRequest [ LISTEN id=8, [ Transports: WIFI Capabilities: INTERNET&NOT_RESTRICTED&TRUSTED&NOT_VPN] ]
09-02 08:32:07.534  3979  4180 D ConnectivityService: sending notification CAP_CHANGED for NetworkRequest [ LISTEN id=8, [ Transports: WIFI Capabilities: INTERNET&NOT_RESTRICTED&TRUSTED&NOT_VPN] ]
09-02 08:32:07.534  3979  4174 D ConnectivityService: filterNetworkStateForUid() uid: 10102 networkInfo: [type: WIFI[] - WIFI, state: CONNECTED/CONNECTED, reason: (unspecified), extra: "WiFi 69", failover: false, available: true, roaming: false, metered: false]
09-02 08:32:07.535  3979  4174 D ConnectivityService: filterNetworkStateForUid() uid: 10044 networkInfo: [type: WIFI[] - WIFI, state: CONNECTED/CONNECTED, reason: (unspecified), extra: "WiFi 69", failover: false, available: true, roaming: false, metered: false]
09-02 08:32:07.535  3979  4180 D ConnectivityService:  sending notification for NetworkRequest [ LISTEN id=9, [ Transports: WIFI Capabilities: INTERNET&NOT_RESTRICTED&TRUSTED&NOT_VPN] ]
09-02 08:32:07.535  3979  4174 D ConnectivityService: filterNetworkStateForUid() uid: 10103 networkInfo: [type: WIFI[] - WIFI, state: DISCONNECTED/BLOCKED, reason: (unspecified), extra: (none), failover: false, available: true, roaming: false, metered: false]
09-02 08:32:07.535  3979  4180 D ConnectivityService: sending notification CAP_CHANGED for NetworkRequest [ LISTEN id=9, [ Transports: WIFI Capabilities: INTERNET&NOT_RESTRICTED&TRUSTED&NOT_VPN] ]
09-02 08:32:07.535  3979  4174 D ConnectivityService: filterNetworkStateForUid() uid: 10076 networkInfo: [type: WIFI[] - WIFI, state: CONNECTED/CONNECTED, reason: (unspecified), extra: "WiFi 69", failover: false, available: true, roaming: false, metered: false]
09-02 08:32:07.535  3979  4174 D ConnectivityService: filterNetworkStateForUid() uid: 10020 networkInfo: [type: WIFI[] - WIFI, state: CONNECTED/CONNECTED, reason: (unspecified), extra: "WiFi 69", failover: false, available: true, roaming: false, metered: false]
09-02 08:32:07.535  3979  4180 D ConnectivityService:  sending notification for NetworkRequest [ LISTEN id=36, [ Capabilities: NOT_RESTRICTED] ]
09-02 08:32:07.535  3979  4174 D ConnectivityService: filterNetworkStateForUid() uid: 10043 networkInfo: [type: WIFI[] - WIFI, state: CONNECTED/CONNECTED, reason: (unspecified), extra: "WiFi 69", failover: false, available: true, roaming: false, metered: false]
09-02 08:32:07.535  3979  4180 D ConnectivityService: sending notification CAP_CHANGED for NetworkRequest [ LISTEN id=36, [ Capabilities: NOT_RESTRICTED] ]
09-02 08:32:07.535  3979  4174 D ConnectivityService: filterNetworkStateForUid() uid: 10076 networkInfo: [type: WIFI[] - WIFI, state: CONNECTED/CONNECTED, reason: (unspecified), extra: "WiFi 69", failover: false, available: true, roaming: false, metered: false]
09-02 08:32:07.536  3979  4174 D ConnectivityService: filterNetworkStateForUid() uid: 10114 networkInfo: [type: WIFI[] - WIFI, state: CONNECTED/CONNECTED, reason: (unspecified), extra: "WiFi 69", failover: false, available: true, roaming: false, metered: false]
09-02 08:32:07.536  3979  4180 D ConnectivityService:  sending notification for NetworkRequest [ LISTEN id=50, [ Capabilities: INTERNET&NOT_RESTRICTED&TRUSTED] ]
09-02 08:32:07.536  3979 11179 D SamsungAlarmManager: setExact Listener (T:2/F:9/AC:false) 20230902T084052 - CU:1000/CP:3979
09-02 08:32:07.536  3979  4174 D ConnectivityService: filterNetworkStateForUid() uid: 1001 networkInfo: [type: WIFI[] - WIFI, state: CONNECTED/CONNECTED, reason: (unspecified), extra: "WiFi 69", failover: false, available: true, roaming: false, metered: false]
09-02 08:32:07.536  3979  4180 D ConnectivityService: sending notification CAP_CHANGED for NetworkRequest [ LISTEN id=50, [ Capabilities: INTERNET&NOT_RESTRICTED&TRUSTED] ]
09-02 08:32:07.536  3979  4174 D ConnectivityService: filterNetworkStateForUid() uid: 10044 networkInfo: [type: WIFI[] - WIFI, state: CONNECTED/CONNECTED, reason: (unspecified), extra: "WiFi 69", failover: false, available: true, roaming: false, metered: false]
09-02 08:32:07.536  3979  4174 D ConnectivityService: filterNetworkStateForUid() uid: 10148 networkInfo: [type: WIFI[] - WIFI, state: DISCONNECTED/BLOCKED, reason: (unspecified), extra: (none), failover: false, available: true, roaming: false, metered: false]
09-02 08:32:07.536  3979  4180 D ConnectivityService:  sending notification for NetworkRequest [ LISTEN id=74, [ Capabilities: INTERNET&NOT_RESTRICTED&TRUSTED] ]
09-02 08:32:07.536  3979  4174 D ConnectivityService: filterNetworkStateForUid() uid: 10122 networkInfo: [type: WIFI[] - WIFI, state: DISCONNECTED/BLOCKED, reason: (unspecified), extra: (none), failover: false, available: true, roaming: false, metered: false]
09-02 08:32:07.536  3979  4180 D ConnectivityService: sending notification CAP_CHANGED for NetworkRequest [ LISTEN id=74, [ Capabilities: INTERNET&NOT_RESTRICTED&TRUSTED] ]
09-02 08:32:07.536  3979  4174 D ConnectivityService: filterNetworkStateForUid() uid: 10148 networkInfo: [type: WIFI[] - WIFI, state: DISCONNECTED/BLOCKED, reason: (unspecified), extra: (none), failover: false, available: true, roaming: false, metered: false]
09-02 08:32:07.537  3979  4174 D ConnectivityService: filterNetworkStateForUid() uid: 10076 networkInfo: [type: WIFI[] - WIFI, state: CONNECTED/CONNECTED, reason: (unspecified), extra: "WiFi 69", failover: false, available: true, roaming: false, metered: false]
09-02 08:32:07.537  3979  4180 D ConnectivityService:  sending notification for NetworkRequest [ TRACK_DEFAULT id=140, [ Capabilities: INTERNET&NOT_RESTRICTED&TRUSTED&NOT_VPN] ]
09-02 08:32:07.537  3979  4174 D ConnectivityService: filterNetworkStateForUid() uid: 10076 networkInfo: [type: WIFI[] - WIFI, state: CONNECTED/CONNECTED, reason: (unspecified), extra: "WiFi 69", failover: false, available: true, roaming: false, metered: false]
09-02 08:32:07.537  3979  4180 D ConnectivityService: sending notification CAP_CHANGED for NetworkRequest [ TRACK_DEFAULT id=140, [ Capabilities: INTERNET&NOT_RESTRICTED&TRUSTED&NOT_VPN] ]
09-02 08:32:07.537  3979  4174 D ConnectivityService: filterNetworkStateForUid() uid: 10076 networkInfo: [type: WIFI[] - WIFI, state: CONNECTED/CONNECTED, reason: (unspecified), extra: "WiFi 69", failover: false, available: true, roaming: false, metered: false]
09-02 08:32:07.537  3979  4174 D ConnectivityService: filterNetworkStateForUid() uid: 10076 networkInfo: [type: WIFI[] - WIFI, state: CONNECTED/CONNECTED, reason: (unspecified), extra: "WiFi 69", failover: false, available: true, roaming: false, metered: false]
09-02 08:32:07.537  3979  4180 D ConnectivityService:  sending notification for NetworkRequest [ LISTEN id=141, [ Capabilities: INTERNET&NOT_RESTRICTED&TRUSTED&FOREGROUND] ]
09-02 08:32:07.537  3979  4200 D ConnectivityService: filterNetworkStateForUid() uid: 10025 networkInfo: [type: WIFI[] - WIFI, state: CONNECTED/CONNECTED, reason: (unspecified), extra: "WiFi 69", failover: false, available: true, roaming: false, metered: false]
09-02 08:32:07.537  3979  4174 D ConnectivityService: filterNetworkStateForUid() uid: 10148 networkInfo: [type: WIFI[] - WIFI, state: DISCONNECTED/BLOCKED, reason: (unspecified), extra: (none), failover: false, available: true, roaming: false, metered: false]
09-02 08:32:07.537  3979  4180 D ConnectivityService: sending notification CAP_CHANGED for NetworkRequest [ LISTEN id=141, [ Capabilities: INTERNET&NOT_RESTRICTED&TRUSTED&FOREGROUND] ]
09-02 08:32:07.537  3979  4174 D ConnectivityService: filterNetworkStateForUid() uid: 10022 networkInfo: [type: WIFI[] - WIFI, state: CONNECTED/CONNECTED, reason: (unspecified), extra: "WiFi 69", failover: false, available: true, roaming: false, metered: false]
09-02 08:32:07.537  3979  4174 D ConnectivityService: filterNetworkStateForUid() uid: 10076 networkInfo: [type: WIFI[] - WIFI, state: CONNECTED/CONNECTED, reason: (unspecified), extra: "WiFi 69", failover: false, available: true, roaming: false, metered: false]
09-02 08:32:07.538  3979  4180 D ConnectivityService:  sending notification for NetworkRequest [ LISTEN id=209, [ Capabilities: INTERNET&NOT_RESTRICTED&TRUSTED] ]
09-02 08:32:07.538  3979  4174 D ConnectivityService: filterNetworkStateForUid() uid: 10076 networkInfo: [type: WIFI[] - WIFI, state: CONNECTED/CONNECTED, reason: (unspecified), extra: "WiFi 69", failover: false, available: true, roaming: false, metered: false]
09-02 08:32:07.538  3979  4180 D ConnectivityService: sending notification CAP_CHANGED for NetworkRequest [ LISTEN id=209, [ Capabilities: INTERNET&NOT_RESTRICTED&TRUSTED] ]
09-02 08:32:07.538  3979  4174 D ConnectivityService: filterNetworkStateForUid() uid: 10076 networkInfo: [type: WIFI[] - WIFI, state: CONNECTED/CONNECTED, reason: (unspecified), extra: "WiFi 69", failover: false, available: true, roaming: false, metered: false]
09-02 08:32:07.538  3979  4174 D ConnectivityService: filterNetworkStateForUid() uid: 10044 networkInfo: [type: WIFI[] - WIFI, state: CONNECTED/CONNECTED, reason: (unspecified), extra: "WiFi 69", failover: false, available: true, roaming: false, metered: false]
09-02 08:32:07.538  3979  4174 D ConnectivityService: filterNetworkStateForUid() uid: 10025 networkInfo: [type: WIFI[] - WIFI, state: CONNECTED/CONNECTED, reason: (unspecified), extra: "WiFi 69", failover: false, available: true, roaming: false, metered: false]
09-02 08:32:07.538  3979  4174 D ConnectivityService: filterNetworkStateForUid() uid: 1000 networkInfo: [type: WIFI[] - WIFI, state: CONNECTED/CONNECTED, reason: (unspecified), extra: "WiFi 69", failover: false, available: true, roaming: false, metered: false]
09-02 08:32:07.538  3979  4174 D ConnectivityService: filterNetworkStateForUid() uid: 10102 networkInfo: [type: WIFI[] - WIFI, state: CONNECTED/CONNECTED, reason: (unspecified), extra: "WiFi 69", failover: false, available: true, roaming: false, metered: false]
09-02 08:32:07.539  3979  4174 D ConnectivityService: filterNetworkStateForUid() uid: 10103 networkInfo: [type: WIFI[] - WIFI, state: DISCONNECTED/BLOCKED, reason: (unspecified), extra: (none), failover: false, available: true, roaming: false, metered: false]
09-02 08:32:07.539  3979  4200 D ConnectivityService: filterNetworkStateForUid() uid: 10076 networkInfo: [type: WIFI[] - WIFI, state: CONNECTED/CONNECTED, reason: (unspecified), extra: "WiFi 69", failover: false, available: true, roaming: false, metered: false]
09-02 08:32:07.539  3979  4180 D ConnectivityService:  sending notification for NetworkRequest [ TRACK_DEFAULT id=221, [ Capabilities: INTERNET&NOT_RESTRICTED&TRUSTED&NOT_VPN] ]
09-02 08:32:07.539  3979  4174 D ConnectivityService: filterNetworkStateForUid() uid: 10148 networkInfo: [type: WIFI[] - WIFI, state: DISCONNECTED/BLOCKED, reason: (unspecified), extra: (none), failover: false, available: true, roaming: false, metered: false]
09-02 08:32:07.539  3979  4180 D ConnectivityService: sending notification CAP_CHANGED for NetworkRequest [ TRACK_DEFAULT id=221, [ Capabilities: INTERNET&NOT_RESTRICTED&TRUSTED&NOT_VPN] ]
09-02 08:32:07.539  3979 11179 D SamsungAlarmManager: setExact Listener (T:2/F:9/AC:false) 20230902T084207 - CU:1000/CP:3979
09-02 08:32:07.539  3979  4174 D ConnectivityService: filterNetworkStateForUid() uid: 10103 networkInfo: [type: WIFI[] - WIFI, state: DISCONNECTED/BLOCKED, reason: (unspecified), extra: (none), failover: false, available: true, roaming: false, metered: false]
09-02 08:32:07.539  3979 11179 D DhcpClient: Scheduling renewal in 287s
09-02 08:32:07.539  3979 11179 D DhcpClient: Scheduling rebind in 524s
09-02 08:32:07.539  3979  4174 D ConnectivityService: filterNetworkStateForUid() uid: 10076 networkInfo: [type: WIFI[] - WIFI, state: CONNECTED/CONNECTED, reason: (unspecified), extra: "WiFi 69", failover: false, available: true, roaming: false, metered: false]
09-02 08:32:07.539  3979 11179 D DhcpClient: Scheduling expiry in 599s
09-02 08:32:07.539  3979  4180 D ConnectivityService:  sending notification for NetworkRequest [ LISTEN id=222, [ Capabilities: INTERNET&NOT_RESTRICTED&TRUSTED] ]
09-02 08:32:07.539  3979  4174 D ConnectivityService: filterNetworkStateForUid() uid: 10025 networkInfo: [type: WIFI[] - WIFI, state: CONNECTED/CONNECTED, reason: (unspecified), extra: "WiFi 69", failover: false, available: true, roaming: false, metered: false]
09-02 08:32:07.539  3979  4180 D ConnectivityService: sending notification CAP_CHANGED for NetworkRequest [ LISTEN id=222, [ Capabilities: INTERNET&NOT_RESTRICTED&TRUSTED] ]
09-02 08:32:07.539  3979  4174 D ConnectivityService: filterNetworkStateForUid() uid: 10122 networkInfo: [type: WIFI[] - WIFI, state: DISCONNECTED/BLOCKED, reason: (unspecified), extra: (none), failover: false, available: true, roaming: false, metered: false]
09-02 08:32:07.540  3979  4174 D ConnectivityService: filterNetworkStateForUid() uid: 10025 networkInfo: [type: WIFI[] - WIFI, state: CONNECTED/CONNECTED, reason: (unspecified), extra: "WiFi 69", failover: false, available: true, roaming: false, metered: false]
09-02 08:32:07.540  3979  4200 D ConnectivityService: filterNetworkStateForUid() uid: 10037 networkInfo: [type: WIFI[] - WIFI, state: CONNECTED/CONNECTED, reason: (unspecified), extra: "WiFi 69", failover: false, available: true, roaming: false, metered: false]
09-02 08:32:07.541  3979  4174 D ConnectivityService: filterNetworkStateForUid() uid: 10076 networkInfo: [type: WIFI[] - WIFI, state: CONNECTED/CONNECTED, reason: (unspecified), extra: "WiFi 69", failover: false, available: true, roaming: false, metered: false]
09-02 08:32:07.543  3979  8178 D ConnectivityService: filterNetworkStateForUid() uid: 10044 networkInfo: [type: WIFI[] - WIFI, state: CONNECTED/CONNECTED, reason: (unspecified), extra: "WiFi 69", failover: false, available: true, roaming: false, metered: false]
09-02 08:32:07.544  3979  4180 D ConnectivityService:  sending notification for NetworkRequest [ TRACK_DEFAULT id=227, [ Capabilities: INTERNET&NOT_RESTRICTED&TRUSTED&NOT_VPN] ]
09-02 08:32:07.544  3979  4174 D ConnectivityService: filterNetworkStateForUid() uid: 10122 networkInfo: [type: WIFI[] - WIFI, state: DISCONNECTED/BLOCKED, reason: (unspecified), extra: (none), failover: false, available: true, roaming: false, metered: false]
09-02 08:32:07.544  3979  4180 D ConnectivityService: sending notification CAP_CHANGED for NetworkRequest [ TRACK_DEFAULT id=227, [ Capabilities: INTERNET&NOT_RESTRICTED&TRUSTED&NOT_VPN] ]
09-02 08:32:07.544  3979  4200 D ConnectivityService: filterNetworkStateForUid() uid: 10044 networkInfo: [type: WIFI[] - WIFI, state: CONNECTED/CONNECTED, reason: (unspecified), extra: "WiFi 69", failover: false, available: true, roaming: false, metered: false]
09-02 08:32:07.544  3979  4180 D ConnectivityService:  sending notification for NetworkRequest [ TRACK_DEFAULT id=228, [ Capabilities: INTERNET&NOT_RESTRICTED&TRUSTED&NOT_VPN] ]
09-02 08:32:07.544  3979  4174 D ConnectivityService: filterNetworkStateForUid() uid: 10076 networkInfo: [type: WIFI[] - WIFI, state: CONNECTED/CONNECTED, reason: (unspecified), extra: "WiFi 69", failover: false, available: true, roaming: false, metered: false]
09-02 08:32:07.545  3979  4180 D ConnectivityService: sending notification CAP_CHANGED for NetworkRequest [ TRACK_DEFAULT id=228, [ Capabilities: INTERNET&NOT_RESTRICTED&TRUSTED&NOT_VPN] ]
09-02 08:32:07.545  3979  4180 D ConnectivityService:  sending notification for NetworkRequest [ LISTEN id=229, [ Capabilities: INTERNET&NOT_RESTRICTED&TRUSTED] ]
09-02 08:32:07.545  3979  4174 D ConnectivityService: filterNetworkStateForUid() uid: 10044 networkInfo: [type: WIFI[] - WIFI, state: CONNECTED/CONNECTED, reason: (unspecified), extra: "WiFi 69", failover: false, available: true, roaming: false, metered: false]
09-02 08:32:07.545  3979  4180 D ConnectivityService: sending notification CAP_CHANGED for NetworkRequest [ LISTEN id=229, [ Capabilities: INTERNET&NOT_RESTRICTED&TRUSTED] ]
09-02 08:32:07.545  3979  4174 D ConnectivityService: filterNetworkStateForUid() uid: 10158 networkInfo: [type: WIFI[] - WIFI, state: CONNECTED/CONNECTED, reason: (unspecified), extra: "WiFi 69", failover: false, available: true, roaming: false, metered: false]
09-02 08:32:07.546  3979  4180 D ConnectivityService:  sending notification for NetworkRequest [ LISTEN id=230, [ Capabilities: INTERNET&NOT_RESTRICTED&TRUSTED] ]
09-02 08:32:07.546  3979  4180 D ConnectivityService: sending notification CAP_CHANGED for NetworkRequest [ LISTEN id=230, [ Capabilities: INTERNET&NOT_RESTRICTED&TRUSTED] ]
09-02 08:32:07.546  3979  4174 D ConnectivityService: filterNetworkStateForUid() uid: 10022 networkInfo: [type: WIFI[] - WIFI, state: CONNECTED/CONNECTED, reason: (unspecified), extra: "WiFi 69", failover: false, available: true, roaming: false, metered: false]
09-02 08:32:07.546  3979  4180 D ConnectivityService:  sending notification for NetworkRequest [ LISTEN id=231, [ Capabilities: INTERNET&NOT_RESTRICTED&TRUSTED&FOREGROUND] ]
09-02 08:32:07.546  3979  4180 D ConnectivityService: sending notification CAP_CHANGED for NetworkRequest [ LISTEN id=231, [ Capabilities: INTERNET&NOT_RESTRICTED&TRUSTED&FOREGROUND] ]
09-02 08:32:07.547  3979  4180 D ConnectivityService:  sending notification for NetworkRequest [ TRACK_DEFAULT id=232, [ Capabilities: INTERNET&NOT_RESTRICTED&TRUSTED&NOT_VPN] ]
09-02 08:32:07.547  3979  4174 D ConnectivityService: filterNetworkStateForUid() uid: 10076 networkInfo: [type: WIFI[] - WIFI, state: CONNECTED/CONNECTED, reason: (unspecified), extra: "WiFi 69", failover: false, available: true, roaming: false, metered: false]
09-02 08:32:07.547  3979  4180 D ConnectivityService: sending notification CAP_CHANGED for NetworkRequest [ TRACK_DEFAULT id=232, [ Capabilities: INTERNET&NOT_RESTRICTED&TRUSTED&NOT_VPN] ]
09-02 08:32:07.547  3979  4180 D ConnectivityService:  sending notification for NetworkRequest [ TRACK_DEFAULT id=233, [ Capabilities: INTERNET&NOT_RESTRICTED&TRUSTED&NOT_VPN] ]
09-02 08:32:07.547  3979  4174 D ConnectivityService: filterNetworkStateForUid() uid: 10076 networkInfo: [type: WIFI[] - WIFI, state: CONNECTED/CONNECTED, reason: (unspecified), extra: "WiFi 69", failover: false, available: true, roaming: false, metered: false]
09-02 08:32:07.548  3979  8178 D ConnectivityService: filterNetworkStateForUid() uid: 10122 networkInfo: [type: WIFI[] - WIFI, state: DISCONNECTED/BLOCKED, reason: (unspecified), extra: (none), failover: false, available: true, roaming: false, metered: false]
09-02 08:32:07.550  4633  4633 I IntentManager: onReceive: android.net.wifi.STATE_CHANGE @com.samsung.networkui.controller.IntentManager$IntentBroadCastReceiver@4f5aa1f
09-02 08:32:07.550  4349  4349 E SignalClusterView: setSlotFocusVisible : subId -2
09-02 08:32:07.550  4349  4349 E SignalClusterView: setSlotFocusVisible : subId -2
09-02 08:32:07.551  4633  4633 I IntentManager: notify: callBackList - com.samsung.networkui.controller.IntentManager$CallBackList@6a83fa0
09-02 08:32:07.551  4633  4633 I IntentManager: notifyCallBacks: for action - android.net.wifi.STATE_CHANGE for 1 callbacks
09-02 08:32:07.551  4633  4633 I NetworkNotificationUI2: handleIntentCallBack: onReceive - android.net.wifi.STATE_CHANGE
09-02 08:32:07.554  3979  4180 D ConnectivityService: sending notification CAP_CHANGED for NetworkRequest [ TRACK_DEFAULT id=233, [ Capabilities: INTERNET&NOT_RESTRICTED&TRUSTED&NOT_VPN] ]
09-02 08:32:07.555  3979  4200 D ConnectivityService: filterNetworkStateForUid() uid: 10122 networkInfo: [type: WIFI[] - WIFI, state: DISCONNECTED/BLOCKED, reason: (unspecified), extra: (none), failover: false, available: true, roaming: false, metered: false]
09-02 08:32:07.556  3979  6844 D ConnectivityService: filterNetworkStateForUid() uid: 10114 networkInfo: [type: WIFI[] - WIFI, state: CONNECTED/CONNECTED, reason: (unspecified), extra: "WiFi 69", failover: false, available: true, roaming: false, metered: false]
09-02 08:32:07.556  4633  4633 D PhoneApp: PhoneAppBroadcastReceiver onReceive android.net.wifi.STATE_CHANGE
09-02 08:32:07.556  3979  4174 D ConnectivityService: filterNetworkStateForUid() uid: 10076 networkInfo: [type: WIFI[] - WIFI, state: CONNECTED/CONNECTED, reason: (unspecified), extra: "WiFi 69", failover: false, available: true, roaming: false, metered: false]
09-02 08:32:07.557  3979  3990 D ConnectivityService: filterNetworkStateForUid() uid: 10148 networkInfo: [type: WIFI[] - WIFI, state: DISCONNECTED/BLOCKED, reason: (unspecified), extra: (none), failover: false, available: true, roaming: false, metered: false]
09-02 08:32:07.557  3979  4180 D ConnectivityService:  sending notification for NetworkRequest [ LISTEN id=234, [ Transports: CELLULAR|WIFI Capabilities: NOT_RESTRICTED&TRUSTED&NOT_VPN] ]
09-02 08:32:07.558  3979  4180 D ConnectivityService: sending notification CAP_CHANGED for NetworkRequest [ LISTEN id=234, [ Transports: CELLULAR|WIFI Capabilities: NOT_RESTRICTED&TRUSTED&NOT_VPN] ]
09-02 08:32:07.558  3979  3990 D ConnectivityService: filterNetworkStateForUid() uid: 10122 networkInfo: [type: WIFI[] - WIFI, state: DISCONNECTED/BLOCKED, reason: (unspecified), extra: (none), failover: false, available: true, roaming: false, metered: false]
09-02 08:32:07.558  3979  3979 I WifiTrafficPoller: evaluateTrafficStatsPolling
09-02 08:32:07.560  5596  5596 I RCS-ImsSim1ManagerTask: mNetworkChangeReceiver onReceive : true
09-02 08:32:07.560  5596  5596 D RCS-ContactsImsCommon: ImsSim1ManagerListener setNetworkValue : true
09-02 08:32:07.560  5596  5596 D RCS-ContactsImsCommon: refreshUi ServiceCarrier : , opStyle : , needToUiUpdate : true
09-02 08:32:07.561  5596  5596 I RCS-ContactsImsCommon: checkImsSim1ServiceFeatureSet
09-02 08:32:07.561  5596  5596 D secImsManager[0]: isServiceAvailable: mmtel-video
09-02 08:32:07.562  4633  4633 D NetworkUIGlobals: PhoneAppBroadcastReceiver onReceive android.net.wifi.STATE_CHANGE
09-02 08:32:07.562  3979  4180 D ConnectivityService:  sending notification for NetworkRequest [ TRACK_DEFAULT id=235, [ Capabilities: INTERNET&NOT_RESTRICTED&TRUSTED&NOT_VPN] ]
09-02 08:32:07.562  3979  4180 D ConnectivityService: sending notification CAP_CHANGED for NetworkRequest [ TRACK_DEFAULT id=235, [ Capabilities: INTERNET&NOT_RESTRICTED&TRUSTED&NOT_VPN] ]
09-02 08:32:07.563  3979  4180 D ConnectivityService:  sending notification for NetworkRequest [ LISTEN id=236, [ Capabilities: INTERNET&NOT_RESTRICTED&TRUSTED&NOT_VPN] ]
09-02 08:32:07.563  3979  4180 D ConnectivityService: sending notification CAP_CHANGED for NetworkRequest [ LISTEN id=236, [ Capabilities: INTERNET&NOT_RESTRICTED&TRUSTED&NOT_VPN] ]
09-02 08:32:07.563  3979  4180 D ConnectivityService:  sending notification for NetworkRequest [ TRACK_DEFAULT id=279, [ Capabilities: INTERNET&NOT_RESTRICTED&TRUSTED&NOT_VPN] ]
09-02 08:32:07.564  3979  4180 D ConnectivityService: sending notification CAP_CHANGED for NetworkRequest [ TRACK_DEFAULT id=279, [ Capabilities: INTERNET&NOT_RESTRICTED&TRUSTED&NOT_VPN] ]
09-02 08:32:07.564  3979  4180 D ConnectivityService:  sending notification for NetworkRequest [ LISTEN id=280, [ Capabilities: INTERNET&NOT_RESTRICTED&TRUSTED] ]
09-02 08:32:07.564  3979  4180 D ConnectivityService: sending notification CAP_CHANGED for NetworkRequest [ LISTEN id=280, [ Capabilities: INTERNET&NOT_RESTRICTED&TRUSTED] ]
09-02 08:32:07.565  3979  4174 D ConnectivityService: filterNetworkStateForUid() uid: 10025 networkInfo: [type: WIFI[] - WIFI, state: CONNECTED/CONNECTED, reason: (unspecified), extra: "WiFi 69", failover: false, available: true, roaming: false, metered: false]
09-02 08:32:07.567  3979  4291 D WifiConnectivityMonitor: updateDnsLinkProperty: enter
09-02 08:32:07.567  3979  8178 D ConnectivityService: filterNetworkStateForUid() uid: 10076 networkInfo: [type: WIFI[] - WIFI, state: CONNECTED/CONNECTED, reason: (unspecified), extra: "WiFi 69", failover: false, available: true, roaming: false, metered: false]
09-02 08:32:07.567  3979  6844 D ConnectivityService: filterNetworkStateForUid() uid: 10148 networkInfo: [type: WIFI[] - WIFI, state: DISCONNECTED/BLOCKED, reason: (unspecified), extra: (none), failover: false, available: true, roaming: false, metered: false]
09-02 08:32:07.567  3979  4180 D ConnectivityService: Update of LinkProperties for NetworkAgentInfo [WIFI () - 502]; created=true; everConnected=true
09-02 08:32:07.567 18355 18355 D GOS:GameServiceReceiver: action : android.net.wifi.STATE_CHANGE
09-02 08:32:07.568  3979  4291 D WifiConnectivityMonitor.DnsResolver: setCurrentLinkProperties: lp={InterfaceName: wlan0 LinkAddresses: [fe80::326a:85ff:fef3:82d2/64,192.168.88.175/24,]  Routes: [fe80::/64 -> :: wlan0,192.168.88.0/24 -> 0.0.0.0 wlan0,0.0.0.0/0 -> 192.168.88.1 wlan0,] DnsAddresses: [192.168.88.1,8.8.8.8,8.8.4.4,] Domains: null MTU: 0 TcpBufferSizes: 524288,1048576,4525824,524288,1048576,4525824}
09-02 08:32:07.568  3979  4174 D ConnectivityService: filterNetworkStateForUid() uid: 10148 networkInfo: [type: WIFI[] - WIFI, state: DISCONNECTED/BLOCKED, reason: (unspecified), extra: (none), failover: false, available: true, roaming: false, metered: false]
09-02 08:32:07.568 18355 18355 D GOS:GameServiceReceiver: Wi-Fi is available
09-02 08:32:07.569  3979  4291 D WifiConnectivityMonitor.SingDnsChecker: setCurrentLinkProperties: lp={InterfaceName: wlan0 LinkAddresses: [fe80::326a:85ff:fef3:82d2/64,192.168.88.175/24,]  Routes: [fe80::/64 -> :: wlan0,192.168.88.0/24 -> 0.0.0.0 wlan0,0.0.0.0/0 -> 192.168.88.1 wlan0,] DnsAddresses: [192.168.88.1,8.8.8.8,8.8.4.4,] Domains: null MTU: 0 TcpBufferSizes: 524288,1048576,4525824,524288,1048576,4525824}
09-02 08:32:07.569  3979  4174 D ConnectivityService: filterNetworkStateForUid() uid: 10102 networkInfo: [type: WIFI[] - WIFI, state: CONNECTED/CONNECTED, reason: (unspecified), extra: "WiFi 69", failover: false, available: true, roaming: false, metered: false]
09-02 08:32:07.569  3979  4174 D ConnectivityService: filterNetworkStateForUid() uid: 10044 networkInfo: [type: WIFI[] - WIFI, state: CONNECTED/CONNECTED, reason: (unspecified), extra: "WiFi 69", failover: false, available: true, roaming: false, metered: false]
09-02 08:32:07.569  3979  4291 D WifiConnectivityMonitor.CaptivePortalDnsResolver: setCurrentLinkProperties: lp={InterfaceName: wlan0 LinkAddresses: [fe80::326a:85ff:fef3:82d2/64,192.168.88.175/24,]  Routes: [fe80::/64 -> :: wlan0,192.168.88.0/24 -> 0.0.0.0 wlan0,0.0.0.0/0 -> 192.168.88.1 wlan0,] DnsAddresses: [192.168.88.1,8.8.8.8,8.8.4.4,] Domains: null MTU: 0 TcpBufferSizes: 524288,1048576,4525824,524288,1048576,4525824}
09-02 08:32:07.569  3979  4174 D ConnectivityService: filterNetworkStateForUid() uid: 10076 networkInfo: [type: WIFI[] - WIFI, state: CONNECTED/CONNECTED, reason: (unspecified), extra: "WiFi 69", failover: false, available: true, roaming: false, metered: false]
09-02 08:32:07.570  3979  4174 D ConnectivityService: filterNetworkStateForUid() uid: 10022 networkInfo: [type: WIFI[] - WIFI, state: CONNECTED/CONNECTED, reason: (unspecified), extra: "WiFi 69", failover: false, available: true, roaming: false, metered: false]
09-02 08:32:07.572  3979  4200 D ConnectivityService: filterNetworkStateForUid() uid: 10102 networkInfo: [type: WIFI[] - WIFI, state: CONNECTED/CONNECTED, reason: (unspecified), extra: "WiFi 69", failover: false, available: true, roaming: false, metered: false]
09-02 08:32:07.574  3979  4200 D ConnectivityService: filterNetworkStateForUid() uid: 10148 networkInfo: [type: WIFI[] - WIFI, state: DISCONNECTED/BLOCKED, reason: (unspecified), extra: (none), failover: false, available: true, roaming: false, metered: false]
09-02 08:32:07.574  4615  6842 D RegiMgrBase: getProfileList : list is null
09-02 08:32:07.575  3979  4174 D ConnectivityService: filterNetworkStateForUid() uid: 1000 networkInfo: [type: WIFI[] - WIFI, state: CONNECTED/CONNECTED, reason: (unspecified), extra: "WiFi 69", failover: false, available: true, roaming: false, metered: false]
09-02 08:32:07.576  3979  4174 D ConnectivityService: filterNetworkStateForUid() uid: 10020 networkInfo: [type: WIFI[] - WIFI, state: CONNECTED/CONNECTED, reason: (unspecified), extra: "WiFi 69", failover: false, available: true, roaming: false, metered: false]
09-02 08:32:07.576  4615  6842 D SimManager: getTelephonyProperty: value [0]
09-02 08:32:07.576  4615  6842 D SimManager<0>: hasIsim: [false]
09-02 08:32:07.576  4615  6842 D SimManager: [templog] mSimState:4, mIsimLoaded:false, hasIsim():false
09-02 08:32:07.576  3979  4174 D ConnectivityService: filterNetworkStateForUid() uid: 10076 networkInfo: [type: WIFI[] - WIFI, state: CONNECTED/CONNECTED, reason: (unspecified), extra: "WiFi 69", failover: false, available: true, roaming: false, metered: false]
09-02 08:32:07.576  4615  6842 D SimManager: isSimAvailable: false,isLabSimCard: false
09-02 08:32:07.577  3979  4200 D ConnectivityService: filterNetworkStateForUid() uid: 10102 networkInfo: [type: WIFI[] - WIFI, state: CONNECTED/CONNECTED, reason: (unspecified), extra: "WiFi 69", failover: false, available: true, roaming: false, metered: false]
09-02 08:32:07.577  3979  4174 D ConnectivityService: filterNetworkStateForUid() uid: 10076 networkInfo: [type: WIFI[] - WIFI, state: CONNECTED/CONNECTED, reason: (unspecified), extra: "WiFi 69", failover: false, available: true, roaming: false, metered: false]
09-02 08:32:07.578  4615  6842 D SimManager: getTelephonyProperty: value [0]
09-02 08:32:07.578  4615  6842 D SimManager<0>: hasIsim: [false]
09-02 08:32:07.578  4615  6842 D SimManager: [templog] mSimState:4, mIsimLoaded:false, hasIsim():false
09-02 08:32:07.578  4615  6842 D ImsUtil : getSubId:
09-02 08:32:07.578  3979  4200 D ConnectivityService: filterNetworkStateForUid() uid: 10102 networkInfo: [type: WIFI[] - WIFI, state: CONNECTED/CONNECTED, reason: (unspecified), extra: "WiFi 69", failover: false, available: true, roaming: false, metered: false]
09-02 08:32:07.579  3979  4180 D ConnectivityService: updateLinkProperties: newLp = {InterfaceName: wlan0 LinkAddresses: [fe80::326a:85ff:fef3:82d2/64,192.168.88.175/24,]  Routes: [fe80::/64 -> :: wlan0,192.168.88.0/24 -> 0.0.0.0 wlan0,0.0.0.0/0 -> 192.168.88.1 wlan0,] DnsAddresses: [192.168.88.1,8.8.8.8,8.8.4.4,] Domains: null MTU: 0 TcpBufferSizes: 524288,1048576,4525824,524288,1048576,4525824}, oldLp = {InterfaceName: wlan0 LinkAddresses: [fe80::326a:85ff:fef3:82d2/64,192.168.88.175/24,]  Routes: [fe80::/64 -> :: wlan0,192.168.88.0/24 -> 0.0.0.0 wlan0,0.0.0.0/0 -> 192.168.88.1 wlan0,] DnsAddresses: [192.168.88.1,8.8.8.8,8.8.4.4,] Domains: null MTU: 0 TcpBufferSizes: 524288,1048576,4525824,524288,1048576,4525824}
