09-01 16:25:40.161   901   901 I sensors-hal: [ssc_sensor]update_handle:537, handle=331, type=33, wakeup=0, hwid=0, base=331
09-01 16:25:40.161   901   901 I sensors-hal: [ssc_utils]get_qmi_debug_flag:244, support_qmi_debug : false
09-01 16:25:40.163  3088  3088 I GsaVoiceInteractionSrv: Handling ACTION_START_HOTWORD
09-01 16:25:40.164  3088  3589 I GsaVoiceInteractionSrv: (REDACTED) disregardVoiceMatch: %b
09-01 16:25:40.164  3088  3589 I GsaVoiceInteractionSrv: Cannot start hotword, hotword has been explicitly disabled.
09-01 16:25:40.166   901   901 I sensors-hal: [ssc_utils]get_qmi_debug_flag:244, support_qmi_debug : false
09-01 16:25:40.167   901  2021 I sensors-hal: [ssc_sensor]ssc_conn_resp_cb:663, resp_value = 0
09-01 16:25:40.167   901  1000 W SEE     : @ 23526.622: adding req to Q sensor=8 req=0xb202e018 msg=513
09-01 16:25:40.169   901  2021 I sensors-hal: [sensor]submit_sensors_hal_event:146, android.sensor.additional_info: trying to push empty Events, count = 0
09-01 16:25:40.169   901  2021 I sensors-hal: [sensor]submit_sensors_hal_event:146, android.sensor.additional_info: trying to push empty Events, count = 0
09-01 16:25:40.174   901   901 I sensors-hal: [hal]activate_physical_sensor:249, android.sensor.gyroscope/41 en=1 completed
09-01 16:25:40.175   901  2039 I sensors-hal: [ssc_sensor]ssc_conn_resp_cb:663, resp_value = 0
09-01 16:25:40.175   901  1000 W SEE     : @ 23526.629: adding req to Q sensor=2 req=0xb2035298 msg=513
09-01 16:25:40.176  2858  2858 I GoogleInputMethodService: GoogleInputMethodService.onFinishInput():3280 
09-01 16:25:40.177   901  2039 I sensors-hal: [sensor]submit_sensors_hal_event:146, android.sensor.gyroscope: trying to push empty Events, count = 1
09-01 16:25:40.177   901  2039 I chatty  : uid=1000(system) 41_see identical 1 line
09-01 16:25:40.177   901  2039 I sensors-hal: [sensor]submit_sensors_hal_event:146, android.sensor.gyroscope: trying to push empty Events, count = 1
09-01 16:25:40.177  2858  2858 I GoogleInputMethodService: GoogleInputMethodService.updateDeviceLockedStatus():2169 repeatCheckTimes = 0, unlocked = true
09-01 16:25:40.177  2858  2858 I GoogleInputMethodService: GoogleInputMethodService.onStartInput():1960 onStartInput(EditorInfo{inputType=0x0(NULL) imeOptions=0x0 privateImeOptions=null actionName=UNSPECIFIED actionLabel=null actionId=0 initialSelStart=-1 initialSelEnd=-1 initialCapsMode=0x0 hintText=null label=null packageName=com.google.android.apps.nexuslauncher fieldId=-1 fieldName=null extras=null}, false)
09-01 16:25:40.177  2858  2858 I GoogleInputMethodService: GoogleInputMethodService.shouldHideHeaderOnInitialState():4081 ShouldHideHeaderOnInitialState = false
09-01 16:25:40.178  2858  2858 I GoogleInputMethodService: GoogleInputMethodService.updateDeviceLockedStatus():2169 repeatCheckTimes = 2, unlocked = true
09-01 16:25:40.186   901  2039 I sensors-hal: [sensor]submit_sensors_hal_event:146, android.sensor.gyroscope: trying to push empty Events, count = 1
09-01 16:25:40.362   594  1717 I SDM     : HWDeviceDRM::UpdateMixerAttributes: Mixer WxH 1080x2340-1 for Peripheral
09-01 16:25:40.362   594  1717 I SDM     : DisplayBase::SetActiveConfig: Active configuration changed to: 0
09-01 16:25:40.362   594  1717 I SDM     : StrategyImpl::SetIdleTimeoutMs: Idle timeout set to zero for command mode panels
09-01 16:25:40.376   901  2806 I sensors-hal: [ssc_utils]get_qmi_debug_flag:244, support_qmi_debug : false
09-01 16:25:40.388  1513  1572 I DisplayManagerService: Display device changed: DisplayDeviceInfo{"Built-in Screen": uniqueId="local:19260504575090817", 1080 x 2340, modeId 2, defaultModeId 2, supportedModes [{id=1, width=1080, height=2340, fps=90.0}, {id=2, width=1080, height=2340, fps=60.000004}], colorMode 0, supportedColorModes [0, 7, 9], HdrCapabilities HdrCapabilities{mSupportedHdrTypes=[2, 3, 4], mMaxLuminance=500.0, mMaxAverageLuminance=500.0, mMinLuminance=0.0}, allmSupported false, gameContentTypeSupported false, density 440, 435.428 x 433.839 dpi, appVsyncOff 2333332, presDeadline 11500000, cutout DisplayCutout{insets=Rect(0, 136 - 0, 0) waterfall=Insets{left=0, top=0, right=0, bottom=0} boundingRect={Bounds=[Rect(0, 0 - 0, 0), Rect(0, 0 - 136, 136), Rect(0, 0 - 0, 0), Rect(0, 0 - 0, 0)]}}, touch INTERNAL, rotation 0, type INTERNAL, address {port=129, model=0x446d53ad64a0}, deviceProductInfo DeviceProductInfo{name=, manufacturerPnpId=QCM, productId=1, modelYear=null, manufactureDate=ManufactureDate{week=27, year=2006}, relativeAddress=null}, state ON, FLAG_DEFAULT_DISPLAY, FLAG_ROTATES_WITH_CONTENT, FLAG_SECURE, FLAG_SUPPORTS_PROTECTED_BUFFERS}
09-01 16:25:40.389   594  1717 I SDM     : StrategyImpl::SetIdleTimeoutMs: Idle timeout set to zero for command mode panels
09-01 16:25:40.403   901  1000 W ASH     : @ 23526.858: Unhandled msg ID 999: line 1277
09-01 16:25:40.403   901  1000 E ASH     : @ 23526.858: No pb callback assigned
09-01 16:25:40.403   901  1000 E ASH     : @ 23526.858: Nanopb error: callback failed:1588
09-01 16:25:41.460   908   950 D rlsservice: MonitorDisplayStatus client num 1, display status 1, sensor status 0
09-01 16:25:42.164   901  1000 D VSC     : @ 23528.618: [WO] tilt angle 89
09-01 16:25:42.276  2230  2580 D DhcpClient: Unicasting DHCPREQUEST ciaddr=192.168.88.174 request=0.0.0.0 serverid=null to /192.168.88.1:67
09-01 16:25:42.337  2230  2580 D DhcpClient: Received packet: aa:00:c5:b6:4e:fd ACK: your new IP /192.168.88.174, netmask /255.255.255.0, gateways [/192.168.88.1] DNS servers: /192.168.88.1 /8.8.8.8 /8.8.4.4 , lease time 600
09-01 16:25:42.339  2230  2580 D DhcpClient: Renewed lease: android.net.networkstack.DhcpResults@edd2627 DHCP server /192.168.88.1 Vendor info null lease 600 seconds Servername 
09-01 16:25:42.354  2230  2580 D DhcpClient: Scheduling renewal in 299s
09-01 16:25:42.354  2230  2580 D DhcpClient: Scheduling rebind in 524s
09-01 16:25:42.354  2230  2580 D DhcpClient: Scheduling expiry in 599s
09-01 16:25:42.369  2446  4456 D QCNEJ/WlanStaInfoRelay: Received action: android.net.wifi.LINK_CONFIGURATION_CHANGED
09-01 16:25:42.369  2446  4456 E QCNEJ/WlanStaInfoRelay: update link properties given null lp
09-01 16:25:42.370  2446  4456 I QCNEJ/NativeHalConnector: -> SND notifyWlanStaStatusChanged([WlanStaInfo]: wifiSwitchState = 1 rssi = -56 ssid = WiFi 69 bssid = 76:4d:28:12:bf:83 dnsInfo = 192.168.88.1;8.8.8.8;0.0.0.0;0.0.0.0; freqBand = _2GHz countryCode = nl[RatInfo]: networkType = 1 subType = 101 networkState = CONNECTED netHdl = 432902426637 ipAddrV4 = 192.168.88.174 ipAddrV6 =  ifNameV4 = wlan0 ifNameV6 =  slotIdx = 0 isAndroidValidated = true) timeStamp = 2023-09-01 16:21:37.877
09-01 16:25:42.379  4371  4416 D PowerManagerPoller: Downlink cellular capacity updated to 79062 Kbps
09-01 16:25:42.384  5447  5595 I CarrierServices: [451] enh.d: (PEv2-SM-52012781): DisabledState: event Connectivity event [null]
09-01 16:25:42.388  2474 10291 E PhoneInterfaceManager: [PhoneIntfMgr] getCarrierPrivilegeStatus: Invalid subId
09-01 16:25:42.389  5447  5596 I CarrierServices: [452] eua.f: RCS Configuration storage in Bugle is disabled by p/h flag, using ProvisioningEngineStateCacheUtil.getProvisioningConfigurationForGivenSimIfExist()
09-01 16:25:42.400  5447  5526 I CarrierServices: [446] eed.c: Connected state: [1], networkType: [WIFI]
09-01 16:25:42.490  1513  2000 D ConnectivityService: NetReassign [no changes]
09-01 16:25:43.659 28528 29832 W System  : A resource failed to call response.body().close(). 
09-01 16:25:44.125   901  1000 D VSC     : @ 23530.578: [WO] tilt angle 89
