09-02 16:56:34.003  7881 24292 E fb4a.T157805820: TigonWifiInfoLogger::init
09-02 16:56:34.003  7881  4225 E fb4a.msys: E[N data-request]_HandleDataResponse(1782)=>Data request error for task f0526596-851e-4509-976f-a8204e540e7f (response type 1): (null)
09-02 16:56:34.003 25044 25044 W ResourceType: For resource 0x7f150264, entry index(612) is beyond type entryCount(281)
09-02 16:56:34.003  7881 24292 E fb4a.T157805820: TigonMhrFbcLogger::logRequestIfNeeded
09-02 16:56:34.003  7881 24292 E fb4a.T157805820: TigonCellTowerInfoLogger::logRequestIfNeeded
09-02 16:56:34.003  7881 24292 E fb4a.T157805820: TigonCertificateVerificationLogger::logRequestIfNeeded
09-02 16:56:34.003  7881 24292 E fb4a.T157805820: TigonTransientAnalysisLogger::logRequestIfNeeded
09-02 16:56:34.003  7881 24292 E fb4a.T157805820: TigonProviderConnectionDeviceInfoLogger::logRequestIfNeeded
09-02 16:56:34.004  7881 24292 E fb4a.T157805820: TigonCellTowerInfoPapayaLogger::logRequestIfNeeded
09-02 16:56:34.004  7881 24292 E fb4a.T157805820: NetworkUtilisationLogger::logRequestIfNeeded
09-02 16:56:34.004 25044 25044 W ResourceType: For resource 0x7f15050e, entry index(1294) is beyond type entryCount(281)
09-02 16:56:34.004 25044 25044 W ResourceType: For resource 0x7f15061f, entry index(1567) is beyond type entryCount(281)
09-02 16:56:34.004 25044 25044 W ResourceType: For resource 0x7f15061f, entry index(1567) is beyond type entryCount(281)
09-02 16:56:34.004 25044 25044 W ResourceType: For resource 0x7f15058c, entry index(1420) is beyond type entryCount(281)
09-02 16:56:34.004 25044 25044 W ResourceType: For resource 0x7f150590, entry index(1424) is beyond type entryCount(281)
09-02 16:56:34.004 25044 25044 W ResourceType: For resource 0x7f15058e, entry index(1422) is beyond type entryCount(281)
09-02 16:56:34.004 25044 25044 W ResourceType: For resource 0x7f1504c3, entry index(1219) is beyond type entryCount(281)
09-02 16:56:34.004 25044 25044 W ResourceType: For resource 0x7f15059e, entry index(1438) is beyond type entryCount(281)
09-02 16:56:34.004 25044 25044 W ResourceType: For resource 0x7f150282, entry index(642) is beyond type entryCount(281)
09-02 16:56:34.004 25044 25044 W ResourceType: For resource 0x7f1504c3, entry index(1219) is beyond type entryCount(281)
09-02 16:56:34.004 25044 25044 W ResourceType: For resource 0x7f150719, entry index(1817) is beyond type entryCount(281)
09-02 16:56:34.004 25044 25044 W ResourceType: For resource 0x7f150578, entry index(1400) is beyond type entryCount(281)
09-02 16:56:34.004 25044 25044 W ResourceType: For resource 0x7f150284, entry index(644) is beyond type entryCount(281)
09-02 16:56:34.004 25044 25044 W ResourceType: For resource 0x7f150579, entry index(1401) is beyond type entryCount(281)
09-02 16:56:34.004 25044 25044 W ResourceType: For resource 0x7f1505e7, entry index(1511) is beyond type entryCount(281)
09-02 16:56:34.004 25044 25044 W ResourceType: For resource 0x7f15071e, entry index(1822) is beyond type entryCount(281)
09-02 16:56:34.004 25044 25044 I chatty  : uid=10158(u0_a158) identical 2 lines
09-02 16:56:34.004 25044 25044 W ResourceType: For resource 0x7f15071e, entry index(1822) is beyond type entryCount(281)
09-02 16:56:34.004 25044 25044 W ResourceType: For resource 0x7f150580, entry index(1408) is beyond type entryCount(281)
09-02 16:56:34.004 25044 25044 W ResourceType: For resource 0x7f15071e, entry index(1822) is beyond type entryCount(281)
09-02 16:56:34.004 25044 25044 W ResourceType: For resource 0x7f15017b, entry index(379) is beyond type entryCount(281)
09-02 16:56:34.004 25044 25044 W ResourceType: For resource 0x7f150283, entry index(643) is beyond type entryCount(281)
09-02 16:56:34.004 25044 25044 W ResourceType: For resource 0x7f1505a2, entry index(1442) is beyond type entryCount(281)
09-02 16:56:34.004 25044 25044 W ResourceType: For resource 0x7f1506f4, entry index(1780) is beyond type entryCount(281)
09-02 16:56:34.004 25044 25044 W ResourceType: For resource 0x7f150588, entry index(1416) is beyond type entryCount(281)
09-02 16:56:34.004 25044 25044 W ResourceType: For resource 0x7f15059f, entry index(1439) is beyond type entryCount(281)
09-02 16:56:34.004 25044 25044 W ResourceType: For resource 0x7f150649, entry index(1609) is beyond type entryCount(281)
09-02 16:56:34.004 25044 25044 W ResourceType: For resource 0x7f150442, entry index(1090) is beyond type entryCount(281)
09-02 16:56:34.004 25044 25044 W ResourceType: For resource 0x7f150718, entry index(1816) is beyond type entryCount(281)
09-02 16:56:34.004 25044 25044 W ResourceType: For resource 0x7f15017c, entry index(380) is beyond type entryCount(281)
09-02 16:56:34.004 25044 25044 W ResourceType: For resource 0x7f15059d, entry index(1437) is beyond type entryCount(281)
09-02 16:56:34.004 25044 25044 W ResourceType: For resource 0x7f15020a, entry index(522) is beyond type entryCount(281)
09-02 16:56:34.004 25044 25044 W ResourceType: For resource 0x7f150586, entry index(1414) is beyond type entryCount(281)
09-02 16:56:34.004 25044 25044 W ResourceType: For resource 0x7f15071c, entry index(1820) is beyond type entryCount(281)
09-02 16:56:34.004 25044 25044 W ResourceType: For resource 0x7f1502af, entry index(687) is beyond type entryCount(281)
09-02 16:56:34.004 25044 25044 W ResourceType: For resource 0x7f150274, entry index(628) is beyond type entryCount(281)
09-02 16:56:34.004 25044 25044 W ResourceType: For resource 0x7f150244, entry index(580) is beyond type entryCount(281)
09-02 16:56:34.004 25044 25044 W ResourceType: For resource 0x7f150274, entry index(628) is beyond type entryCount(281)
09-02 16:56:34.004 25044 25044 W ResourceType: For resource 0x7f150372, entry index(882) is beyond type entryCount(281)
09-02 16:56:34.004 25044 25044 W ResourceType: For resource 0x7f15035b, entry index(859) is beyond type entryCount(281)
09-02 16:56:34.004 25044 25044 W ResourceType: For resource 0x7f15035c, entry index(860) is beyond type entryCount(281)
09-02 16:56:34.004 25044 25044 W ResourceType: For resource 0x7f1502ad, entry index(685) is beyond type entryCount(281)
09-02 16:56:34.004 25044 25044 W ResourceType: For resource 0x7f150565, entry index(1381) is beyond type entryCount(281)
09-02 16:56:34.004 25044 25044 W ResourceType: For resource 0x7f150567, entry index(1383) is beyond type entryCount(281)
09-02 16:56:34.004 25044 25044 W ResourceType: For resource 0x7f150264, entry index(612) is beyond type entryCount(281)
09-02 16:56:34.005 25044 25044 I chatty  : uid=10158(u0_a158) identical 1 line
09-02 16:56:34.005 25044 25044 W ResourceType: For resource 0x7f150264, entry index(612) is beyond type entryCount(281)
09-02 16:56:34.005 25044 25044 W ResourceType: For resource 0x7f150314, entry index(788) is beyond type entryCount(281)
09-02 16:56:34.006 25044 25044 W ResourceType: For resource 0x7f150264, entry index(612) is beyond type entryCount(281)
09-02 16:56:34.006 25044 25044 I chatty  : uid=10158(u0_a158) identical 1 line
09-02 16:56:34.006 25044 25044 W ResourceType: For resource 0x7f150264, entry index(612) is beyond type entryCount(281)
09-02 16:56:34.006 25044 25044 W ResourceType: For resource 0x7f150314, entry index(788) is beyond type entryCount(281)
09-02 16:56:34.006  7881  4229 E fb4a.msys: E[S sync]_createResponseError(195)=>Network Response f0526596-851e-4509-976f-a8204e540e7f contains sync error Error Domain=com.facebook.http.error Code=401 UserInfo=0xc7b4c800 {MCFErrorDirectLocalizedDescriptionKey=Client error} - Underlying error (null): Error Domain=com.facebook.http.error Code=401 UserInfo=0xc7b4c800 {MCFErrorDirectLocalizedDescriptionKey=Client error}
09-02 16:56:34.010 25044 25044 W ResourceType: For resource 0x7f150264, entry index(612) is beyond type entryCount(281)
09-02 16:56:34.010 25044 25044 I chatty  : uid=10158(u0_a158) identical 1 line
09-02 16:56:34.010 25044 25044 W ResourceType: For resource 0x7f150264, entry index(612) is beyond type entryCount(281)
09-02 16:56:34.010 25044 25044 W ResourceType: For resource 0x7f150314, entry index(788) is beyond type entryCount(281)
09-02 16:56:34.010 25044 25044 W ResourceType: For resource 0x7f150264, entry index(612) is beyond type entryCount(281)
09-02 16:56:34.010 25044 25044 I chatty  : uid=10158(u0_a158) identical 1 line
09-02 16:56:34.010 25044 25044 W ResourceType: For resource 0x7f150264, entry index(612) is beyond type entryCount(281)
09-02 16:56:34.010 25044 25044 W ResourceType: For resource 0x7f150314, entry index(788) is beyond type entryCount(281)
09-02 16:56:34.011 25044 25044 W ResourceType: For resource 0x7f1506f1, entry index(1777) is beyond type entryCount(281)
09-02 16:56:34.011 25044 25044 I chatty  : uid=10158(u0_a158) identical 2 lines
09-02 16:56:34.011 25044 25044 W ResourceType: For resource 0x7f1506f1, entry index(1777) is beyond type entryCount(281)
09-02 16:56:34.011 25044 25044 W ResourceType: For resource 0x7f150264, entry index(612) is beyond type entryCount(281)
09-02 16:56:34.011 25044 25044 W ResourceType: For resource 0x7f1506f1, entry index(1777) is beyond type entryCount(281)
09-02 16:56:34.012 25044 25044 I chatty  : uid=10158(u0_a158) identical 11 lines
09-02 16:56:34.012 25044 25044 W ResourceType: For resource 0x7f1506f1, entry index(1777) is beyond type entryCount(281)
09-02 16:56:34.018 25044 25044 W ResourceType: For resource 0x7f1504f8, entry index(1272) is beyond type entryCount(281)
09-02 16:56:34.018 25044 25044 W ResourceType: For resource 0x7f150264, entry index(612) is beyond type entryCount(281)
09-02 16:56:34.019 25044 25044 W ResourceType: For resource 0x7f150264, entry index(612) is beyond type entryCount(281)
09-02 16:56:34.019 25044 25044 W ResourceType: For resource 0x7f15050e, entry index(1294) is beyond type entryCount(281)
09-02 16:56:34.019 25044 25044 W ResourceType: For resource 0x7f15061f, entry index(1567) is beyond type entryCount(281)
09-02 16:56:34.019 25044 25044 W ResourceType: For resource 0x7f15061f, entry index(1567) is beyond type entryCount(281)
09-02 16:56:34.019 25044 25044 W ResourceType: For resource 0x7f15058c, entry index(1420) is beyond type entryCount(281)
09-02 16:56:34.019 25044 25044 W ResourceType: For resource 0x7f150590, entry index(1424) is beyond type entryCount(281)
09-02 16:56:34.019 25044 25044 W ResourceType: For resource 0x7f15058e, entry index(1422) is beyond type entryCount(281)
09-02 16:56:34.019 25044 25044 W ResourceType: For resource 0x7f1504c3, entry index(1219) is beyond type entryCount(281)
09-02 16:56:34.019 25044 25044 W ResourceType: For resource 0x7f15059e, entry index(1438) is beyond type entryCount(281)
09-02 16:56:34.019 25044 25044 W ResourceType: For resource 0x7f150282, entry index(642) is beyond type entryCount(281)
09-02 16:56:34.019 25044 25044 W ResourceType: For resource 0x7f1504c3, entry index(1219) is beyond type entryCount(281)
09-02 16:56:34.019 25044 25044 W ResourceType: For resource 0x7f150719, entry index(1817) is beyond type entryCount(281)
09-02 16:56:34.019 25044 25044 W ResourceType: For resource 0x7f150578, entry index(1400) is beyond type entryCount(281)
09-02 16:56:34.019 25044 25044 W ResourceType: For resource 0x7f150284, entry index(644) is beyond type entryCount(281)
09-02 16:56:34.019 25044 25044 W ResourceType: For resource 0x7f150579, entry index(1401) is beyond type entryCount(281)
09-02 16:56:34.019 25044 25044 W ResourceType: For resource 0x7f1505e7, entry index(1511) is beyond type entryCount(281)
09-02 16:56:34.019 25044 25044 W ResourceType: For resource 0x7f15071e, entry index(1822) is beyond type entryCount(281)
09-02 16:56:34.019 25044 25044 I chatty  : uid=10158(u0_a158) identical 2 lines
09-02 16:56:34.019 25044 25044 W ResourceType: For resource 0x7f15071e, entry index(1822) is beyond type entryCount(281)
09-02 16:56:34.019 25044 25044 W ResourceType: For resource 0x7f150580, entry index(1408) is beyond type entryCount(281)
09-02 16:56:34.019 25044 25044 W ResourceType: For resource 0x7f15071e, entry index(1822) is beyond type entryCount(281)
09-02 16:56:34.019 25044 25044 W ResourceType: For resource 0x7f15017b, entry index(379) is beyond type entryCount(281)
09-02 16:56:34.019 25044 25044 W ResourceType: For resource 0x7f150283, entry index(643) is beyond type entryCount(281)
09-02 16:56:34.019 25044 25044 W ResourceType: For resource 0x7f1505a2, entry index(1442) is beyond type entryCount(281)
09-02 16:56:34.019 25044 25044 W ResourceType: For resource 0x7f1506f4, entry index(1780) is beyond type entryCount(281)
09-02 16:56:34.019 25044 25044 W ResourceType: For resource 0x7f150588, entry index(1416) is beyond type entryCount(281)
09-02 16:56:34.019 25044 25044 W ResourceType: For resource 0x7f15059f, entry index(1439) is beyond type entryCount(281)
09-02 16:56:34.019 25044 25044 W ResourceType: For resource 0x7f150649, entry index(1609) is beyond type entryCount(281)
09-02 16:56:34.019 25044 25044 W ResourceType: For resource 0x7f150442, entry index(1090) is beyond type entryCount(281)
09-02 16:56:34.019 25044 25044 W ResourceType: For resource 0x7f150718, entry index(1816) is beyond type entryCount(281)
09-02 16:56:34.019 25044 25044 W ResourceType: For resource 0x7f15017c, entry index(380) is beyond type entryCount(281)
09-02 16:56:34.019 25044 25044 W ResourceType: For resource 0x7f15059d, entry index(1437) is beyond type entryCount(281)
09-02 16:56:34.019 25044 25044 W ResourceType: For resource 0x7f15020a, entry index(522) is beyond type entryCount(281)
09-02 16:56:34.019 25044 25044 W ResourceType: For resource 0x7f150586, entry index(1414) is beyond type entryCount(281)
09-02 16:56:34.019 25044 25044 W ResourceType: For resource 0x7f15071c, entry index(1820) is beyond type entryCount(281)
09-02 16:56:34.019 25044 25044 W ResourceType: For resource 0x7f1502af, entry index(687) is beyond type entryCount(281)
09-02 16:56:34.020 25044 25044 W ResourceType: For resource 0x7f150274, entry index(628) is beyond type entryCount(281)
09-02 16:56:34.020 25044 25044 W ResourceType: For resource 0x7f150244, entry index(580) is beyond type entryCount(281)
09-02 16:56:34.020 25044 25044 W ResourceType: For resource 0x7f150274, entry index(628) is beyond type entryCount(281)
09-02 16:56:34.020 25044 25044 W ResourceType: For resource 0x7f150372, entry index(882) is beyond type entryCount(281)
09-02 16:56:34.020 25044 25044 W ResourceType: For resource 0x7f15035b, entry index(859) is beyond type entryCount(281)
09-02 16:56:34.020 25044 25044 W ResourceType: For resource 0x7f15035c, entry index(860) is beyond type entryCount(281)
09-02 16:56:34.020 25044 25044 W ResourceType: For resource 0x7f1502ad, entry index(685) is beyond type entryCount(281)
09-02 16:56:34.020 25044 25044 W ResourceType: For resource 0x7f150565, entry index(1381) is beyond type entryCount(281)
09-02 16:56:34.020 25044 25044 W ResourceType: For resource 0x7f150567, entry index(1383) is beyond type entryCount(281)
09-02 16:56:34.020 25044 25044 W ResourceType: For resource 0x7f150264, entry index(612) is beyond type entryCount(281)
09-02 16:56:34.020 25044 25044 I chatty  : uid=10158(u0_a158) identical 1 line
09-02 16:56:34.020 25044 25044 W ResourceType: For resource 0x7f150264, entry index(612) is beyond type entryCount(281)
09-02 16:56:34.020 25044 25044 W ResourceType: For resource 0x7f150314, entry index(788) is beyond type entryCount(281)
09-02 16:56:34.021 25044 25044 W ResourceType: For resource 0x7f150264, entry index(612) is beyond type entryCount(281)
09-02 16:56:34.021 25044 25044 I chatty  : uid=10158(u0_a158) identical 1 line
09-02 16:56:34.021 25044 25044 W ResourceType: For resource 0x7f150264, entry index(612) is beyond type entryCount(281)
09-02 16:56:34.021 25044 25044 W ResourceType: For resource 0x7f150314, entry index(788) is beyond type entryCount(281)
09-02 16:56:34.025 25044 25044 W ResourceType: For resource 0x7f150264, entry index(612) is beyond type entryCount(281)
09-02 16:56:34.025 25044 25044 I chatty  : uid=10158(u0_a158) identical 1 line
09-02 16:56:34.025 25044 25044 W ResourceType: For resource 0x7f150264, entry index(612) is beyond type entryCount(281)
09-02 16:56:34.025 25044 25044 W ResourceType: For resource 0x7f150314, entry index(788) is beyond type entryCount(281)
09-02 16:56:34.025 25044 25044 W ResourceType: For resource 0x7f150264, entry index(612) is beyond type entryCount(281)
09-02 16:56:34.025 25044 25044 I chatty  : uid=10158(u0_a158) identical 1 line
09-02 16:56:34.025 25044 25044 W ResourceType: For resource 0x7f150264, entry index(612) is beyond type entryCount(281)
09-02 16:56:34.025 25044 25044 W ResourceType: For resource 0x7f150314, entry index(788) is beyond type entryCount(281)
09-02 16:56:34.026 25044 25044 W ResourceType: For resource 0x7f1506f1, entry index(1777) is beyond type entryCount(281)
09-02 16:56:34.026 25044 25044 I chatty  : uid=10158(u0_a158) identical 2 lines
09-02 16:56:34.027 25044 25044 W ResourceType: For resource 0x7f1506f1, entry index(1777) is beyond type entryCount(281)
09-02 16:56:34.027 25044 25044 W ResourceType: For resource 0x7f150264, entry index(612) is beyond type entryCount(281)
09-02 16:56:34.027 25044 25044 W ResourceType: For resource 0x7f1506f1, entry index(1777) is beyond type entryCount(281)
09-02 16:56:34.027 25044 25044 I chatty  : uid=10158(u0_a158) identical 11 lines
09-02 16:56:34.027 25044 25044 W ResourceType: For resource 0x7f1506f1, entry index(1777) is beyond type entryCount(281)
09-02 16:56:34.030  7881 24292 E fb4a.T157805820: TigonMhrLogger::logRequestIfNeeded
09-02 16:56:34.030  7881 24292 E fb4a.T157805820: TigonWifiInfoLogger::init
09-02 16:56:34.030  7881  4225 E fb4a.msys: E[N data-request]_HandleDataResponse(1782)=>Data request error for task e8ec1c3b-f560-47ba-9bec-1d1762bb1db8 (response type 1): (null)
09-02 16:56:34.030  7881 24292 E fb4a.T157805820: TigonMhrFbcLogger::logRequestIfNeeded
09-02 16:56:34.031  7881 24292 E fb4a.T157805820: TigonCellTowerInfoLogger::logRequestIfNeeded
09-02 16:56:34.031  7881 24292 E fb4a.T157805820: TigonCertificateVerificationLogger::logRequestIfNeeded
09-02 16:56:34.031  7881 24292 E fb4a.T157805820: TigonTransientAnalysisLogger::logRequestIfNeeded
09-02 16:56:34.031  7881 24292 E fb4a.T157805820: TigonProviderConnectionDeviceInfoLogger::logRequestIfNeeded
09-02 16:56:34.031  7881 24292 E fb4a.T157805820: TigonCellTowerInfoPapayaLogger::logRequestIfNeeded
09-02 16:56:34.031  7881 24292 E fb4a.T157805820: NetworkUtilisationLogger::logRequestIfNeeded
09-02 16:56:34.032 25044 25044 W ResourceType: For resource 0x7f1504f8, entry index(1272) is beyond type entryCount(281)
09-02 16:56:34.033 25044 25044 W ResourceType: For resource 0x7f150264, entry index(612) is beyond type entryCount(281)
09-02 16:56:34.033 25044 25044 W ResourceType: For resource 0x7f150264, entry index(612) is beyond type entryCount(281)
09-02 16:56:34.033  7881  4229 E fb4a.msys: E[S sync]_createResponseError(195)=>Network Response e8ec1c3b-f560-47ba-9bec-1d1762bb1db8 contains sync error Error Domain=com.facebook.http.error Code=401 UserInfo=0xc81eca00 {MCFErrorDirectLocalizedDescriptionKey=Client error} - Underlying error (null): Error Domain=com.facebook.http.error Code=401 UserInfo=0xc81eca00 {MCFErrorDirectLocalizedDescriptionKey=Client error}
09-02 16:56:34.033 25044 25044 W ResourceType: For resource 0x7f15050e, entry index(1294) is beyond type entryCount(281)
09-02 16:56:34.033 25044 25044 W ResourceType: For resource 0x7f15061f, entry index(1567) is beyond type entryCount(281)
09-02 16:56:34.033 25044 25044 W ResourceType: For resource 0x7f15061f, entry index(1567) is beyond type entryCount(281)
09-02 16:56:34.033 25044 25044 W ResourceType: For resource 0x7f15058c, entry index(1420) is beyond type entryCount(281)
09-02 16:56:34.033 25044 25044 W ResourceType: For resource 0x7f150590, entry index(1424) is beyond type entryCount(281)
09-02 16:56:34.033 25044 25044 W ResourceType: For resource 0x7f15058e, entry index(1422) is beyond type entryCount(281)
09-02 16:56:34.033 25044 25044 W ResourceType: For resource 0x7f1504c3, entry index(1219) is beyond type entryCount(281)
09-02 16:56:34.033 25044 25044 W ResourceType: For resource 0x7f15059e, entry index(1438) is beyond type entryCount(281)
09-02 16:56:34.033 25044 25044 W ResourceType: For resource 0x7f150282, entry index(642) is beyond type entryCount(281)
09-02 16:56:34.033 25044 25044 W ResourceType: For resource 0x7f1504c3, entry index(1219) is beyond type entryCount(281)
09-02 16:56:34.033 25044 25044 W ResourceType: For resource 0x7f150719, entry index(1817) is beyond type entryCount(281)
09-02 16:56:34.033 25044 25044 W ResourceType: For resource 0x7f150578, entry index(1400) is beyond type entryCount(281)
09-02 16:56:34.033 25044 25044 W ResourceType: For resource 0x7f150284, entry index(644) is beyond type entryCount(281)
09-02 16:56:34.033 25044 25044 W ResourceType: For resource 0x7f150579, entry index(1401) is beyond type entryCount(281)
09-02 16:56:34.033 25044 25044 W ResourceType: For resource 0x7f1505e7, entry index(1511) is beyond type entryCount(281)
09-02 16:56:34.033 25044 25044 W ResourceType: For resource 0x7f15071e, entry index(1822) is beyond type entryCount(281)
09-02 16:56:34.033 25044 25044 I chatty  : uid=10158(u0_a158) identical 2 lines
09-02 16:56:34.033 25044 25044 W ResourceType: For resource 0x7f15071e, entry index(1822) is beyond type entryCount(281)
09-02 16:56:34.033 25044 25044 W ResourceType: For resource 0x7f150580, entry index(1408) is beyond type entryCount(281)
09-02 16:56:34.033 25044 25044 W ResourceType: For resource 0x7f15071e, entry index(1822) is beyond type entryCount(281)
09-02 16:56:34.034 25044 25044 W ResourceType: For resource 0x7f15017b, entry index(379) is beyond type entryCount(281)
09-02 16:56:34.034 25044 25044 W ResourceType: For resource 0x7f150283, entry index(643) is beyond type entryCount(281)
09-02 16:56:34.034 25044 25044 W ResourceType: For resource 0x7f1505a2, entry index(1442) is beyond type entryCount(281)
09-02 16:56:34.034 25044 25044 W ResourceType: For resource 0x7f1506f4, entry index(1780) is beyond type entryCount(281)
09-02 16:56:34.034 25044 25044 W ResourceType: For resource 0x7f150588, entry index(1416) is beyond type entryCount(281)
09-02 16:56:34.034 25044 25044 W ResourceType: For resource 0x7f15059f, entry index(1439) is beyond type entryCount(281)
09-02 16:56:34.034 25044 25044 W ResourceType: For resource 0x7f150649, entry index(1609) is beyond type entryCount(281)
09-02 16:56:34.034 25044 25044 W ResourceType: For resource 0x7f150442, entry index(1090) is beyond type entryCount(281)
09-02 16:56:34.034 25044 25044 W ResourceType: For resource 0x7f150718, entry index(1816) is beyond type entryCount(281)
09-02 16:56:34.034 25044 25044 W ResourceType: For resource 0x7f15017c, entry index(380) is beyond type entryCount(281)
09-02 16:56:34.034 25044 25044 W ResourceType: For resource 0x7f15059d, entry index(1437) is beyond type entryCount(281)
09-02 16:56:34.034 25044 25044 W ResourceType: For resource 0x7f15020a, entry index(522) is beyond type entryCount(281)
09-02 16:56:34.034 25044 25044 W ResourceType: For resource 0x7f150586, entry index(1414) is beyond type entryCount(281)
09-02 16:56:34.034 25044 25044 W ResourceType: For resource 0x7f15071c, entry index(1820) is beyond type entryCount(281)
09-02 16:56:34.034 25044 25044 W ResourceType: For resource 0x7f1502af, entry index(687) is beyond type entryCount(281)
09-02 16:56:34.034 25044 25044 W ResourceType: For resource 0x7f150274, entry index(628) is beyond type entryCount(281)
09-02 16:56:34.034 25044 25044 W ResourceType: For resource 0x7f150244, entry index(580) is beyond type entryCount(281)
09-02 16:56:34.034 25044 25044 W ResourceType: For resource 0x7f150274, entry index(628) is beyond type entryCount(281)
09-02 16:56:34.034 25044 25044 W ResourceType: For resource 0x7f150372, entry index(882) is beyond type entryCount(281)
09-02 16:56:34.034 25044 25044 W ResourceType: For resource 0x7f15035b, entry index(859) is beyond type entryCount(281)
09-02 16:56:34.034 25044 25044 W ResourceType: For resource 0x7f15035c, entry index(860) is beyond type entryCount(281)
09-02 16:56:34.034 25044 25044 W ResourceType: For resource 0x7f1502ad, entry index(685) is beyond type entryCount(281)
09-02 16:56:34.034 25044 25044 W ResourceType: For resource 0x7f150565, entry index(1381) is beyond type entryCount(281)
09-02 16:56:34.034 25044 25044 W ResourceType: For resource 0x7f150567, entry index(1383) is beyond type entryCount(281)
09-02 16:56:34.034 25044 25044 W ResourceType: For resource 0x7f150264, entry index(612) is beyond type entryCount(281)
09-02 16:56:34.034 25044 25044 I chatty  : uid=10158(u0_a158) identical 1 line
09-02 16:56:34.034 25044 25044 W ResourceType: For resource 0x7f150264, entry index(612) is beyond type entryCount(281)
09-02 16:56:34.034 25044 25044 W ResourceType: For resource 0x7f150314, entry index(788) is beyond type entryCount(281)
09-02 16:56:34.036 25044 25044 W ResourceType: For resource 0x7f150264, entry index(612) is beyond type entryCount(281)
09-02 16:56:34.036 25044 25044 I chatty  : uid=10158(u0_a158) identical 1 line
09-02 16:56:34.036 25044 25044 W ResourceType: For resource 0x7f150264, entry index(612) is beyond type entryCount(281)
09-02 16:56:34.036 25044 25044 W ResourceType: For resource 0x7f150314, entry index(788) is beyond type entryCount(281)
09-02 16:56:34.040 25044 25044 W ResourceType: For resource 0x7f150264, entry index(612) is beyond type entryCount(281)
09-02 16:56:34.040 25044 25044 I chatty  : uid=10158(u0_a158) identical 1 line
09-02 16:56:34.040 25044 25044 W ResourceType: For resource 0x7f150264, entry index(612) is beyond type entryCount(281)
09-02 16:56:34.040 25044 25044 W ResourceType: For resource 0x7f150314, entry index(788) is beyond type entryCount(281)
09-02 16:56:34.040 25044 25044 W ResourceType: For resource 0x7f150264, entry index(612) is beyond type entryCount(281)
09-02 16:56:34.040 25044 25044 I chatty  : uid=10158(u0_a158) identical 1 line
09-02 16:56:34.040 25044 25044 W ResourceType: For resource 0x7f150264, entry index(612) is beyond type entryCount(281)
09-02 16:56:34.041 25044 25044 W ResourceType: For resource 0x7f150314, entry index(788) is beyond type entryCount(281)
09-02 16:56:34.041 25044 25044 W ResourceType: For resource 0x7f1506f1, entry index(1777) is beyond type entryCount(281)
09-02 16:56:34.041 25044 25044 I chatty  : uid=10158(u0_a158) identical 2 lines
09-02 16:56:34.041 25044 25044 W ResourceType: For resource 0x7f1506f1, entry index(1777) is beyond type entryCount(281)
09-02 16:56:34.041 25044 25044 W ResourceType: For resource 0x7f150264, entry index(612) is beyond type entryCount(281)
09-02 16:56:34.042 25044 25044 W ResourceType: For resource 0x7f1506f1, entry index(1777) is beyond type entryCount(281)
09-02 16:56:34.042 25044 25044 I chatty  : uid=10158(u0_a158) identical 11 lines
09-02 16:56:34.042 25044 25044 W ResourceType: For resource 0x7f1506f1, entry index(1777) is beyond type entryCount(281)
09-02 16:56:34.045 25044 25044 W ResourceType: For resource 0x7f1504f8, entry index(1272) is beyond type entryCount(281)
09-02 16:56:34.045 25044 25044 W ResourceType: For resource 0x7f150264, entry index(612) is beyond type entryCount(281)
09-02 16:56:34.045 25044 25044 W ResourceType: For resource 0x7f150264, entry index(612) is beyond type entryCount(281)
09-02 16:56:34.046 25044 25044 W ResourceType: For resource 0x7f15050e, entry index(1294) is beyond type entryCount(281)
09-02 16:56:34.046 25044 25044 W ResourceType: For resource 0x7f15061f, entry index(1567) is beyond type entryCount(281)
09-02 16:56:34.046 25044 25044 W ResourceType: For resource 0x7f15061f, entry index(1567) is beyond type entryCount(281)
09-02 16:56:34.046 25044 25044 W ResourceType: For resource 0x7f15058c, entry index(1420) is beyond type entryCount(281)
09-02 16:56:34.046 25044 25044 W ResourceType: For resource 0x7f150590, entry index(1424) is beyond type entryCount(281)
09-02 16:56:34.046 25044 25044 W ResourceType: For resource 0x7f15058e, entry index(1422) is beyond type entryCount(281)
09-02 16:56:34.046 25044 25044 W ResourceType: For resource 0x7f1504c3, entry index(1219) is beyond type entryCount(281)
09-02 16:56:34.046 25044 25044 W ResourceType: For resource 0x7f15059e, entry index(1438) is beyond type entryCount(281)
09-02 16:56:34.046 25044 25044 W ResourceType: For resource 0x7f150282, entry index(642) is beyond type entryCount(281)
09-02 16:56:34.046 25044 25044 W ResourceType: For resource 0x7f1504c3, entry index(1219) is beyond type entryCount(281)
09-02 16:56:34.046 25044 25044 W ResourceType: For resource 0x7f150719, entry index(1817) is beyond type entryCount(281)
09-02 16:56:34.046 25044 25044 W ResourceType: For resource 0x7f150578, entry index(1400) is beyond type entryCount(281)
09-02 16:56:34.046 25044 25044 W ResourceType: For resource 0x7f150284, entry index(644) is beyond type entryCount(281)
09-02 16:56:34.046 25044 25044 W ResourceType: For resource 0x7f150579, entry index(1401) is beyond type entryCount(281)
09-02 16:56:34.046 25044 25044 W ResourceType: For resource 0x7f1505e7, entry index(1511) is beyond type entryCount(281)
09-02 16:56:34.046 25044 25044 W ResourceType: For resource 0x7f15071e, entry index(1822) is beyond type entryCount(281)
09-02 16:56:34.046 25044 25044 I chatty  : uid=10158(u0_a158) identical 2 lines
09-02 16:56:34.046 25044 25044 W ResourceType: For resource 0x7f15071e, entry index(1822) is beyond type entryCount(281)
09-02 16:56:34.046 25044 25044 W ResourceType: For resource 0x7f150580, entry index(1408) is beyond type entryCount(281)
09-02 16:56:34.046 25044 25044 W ResourceType: For resource 0x7f15071e, entry index(1822) is beyond type entryCount(281)
09-02 16:56:34.046 25044 25044 W ResourceType: For resource 0x7f15017b, entry index(379) is beyond type entryCount(281)
09-02 16:56:34.046 25044 25044 W ResourceType: For resource 0x7f150283, entry index(643) is beyond type entryCount(281)
09-02 16:56:34.046 25044 25044 W ResourceType: For resource 0x7f1505a2, entry index(1442) is beyond type entryCount(281)
09-02 16:56:34.046 25044 25044 W ResourceType: For resource 0x7f1506f4, entry index(1780) is beyond type entryCount(281)
09-02 16:56:34.046 25044 25044 W ResourceType: For resource 0x7f150588, entry index(1416) is beyond type entryCount(281)
09-02 16:56:34.046 25044 25044 W ResourceType: For resource 0x7f15059f, entry index(1439) is beyond type entryCount(281)
09-02 16:56:34.046 25044 25044 W ResourceType: For resource 0x7f150649, entry index(1609) is beyond type entryCount(281)
09-02 16:56:34.046 25044 25044 W ResourceType: For resource 0x7f150442, entry index(1090) is beyond type entryCount(281)
09-02 16:56:34.046 25044 25044 W ResourceType: For resource 0x7f150718, entry index(1816) is beyond type entryCount(281)
09-02 16:56:34.046 25044 25044 W ResourceType: For resource 0x7f15017c, entry index(380) is beyond type entryCount(281)
09-02 16:56:34.046 25044 25044 W ResourceType: For resource 0x7f15059d, entry index(1437) is beyond type entryCount(281)
09-02 16:56:34.046 25044 25044 W ResourceType: For resource 0x7f15020a, entry index(522) is beyond type entryCount(281)
09-02 16:56:34.046 25044 25044 W ResourceType: For resource 0x7f150586, entry index(1414) is beyond type entryCount(281)
09-02 16:56:34.046 25044 25044 W ResourceType: For resource 0x7f15071c, entry index(1820) is beyond type entryCount(281)
09-02 16:56:34.046 25044 25044 W ResourceType: For resource 0x7f1502af, entry index(687) is beyond type entryCount(281)
09-02 16:56:34.046 25044 25044 W ResourceType: For resource 0x7f150274, entry index(628) is beyond type entryCount(281)
09-02 16:56:34.046 25044 25044 W ResourceType: For resource 0x7f150244, entry index(580) is beyond type entryCount(281)
09-02 16:56:34.046 25044 25044 W ResourceType: For resource 0x7f150274, entry index(628) is beyond type entryCount(281)
09-02 16:56:34.046 25044 25044 W ResourceType: For resource 0x7f150372, entry index(882) is beyond type entryCount(281)
09-02 16:56:34.046 25044 25044 W ResourceType: For resource 0x7f15035b, entry index(859) is beyond type entryCount(281)
09-02 16:56:34.046 25044 25044 W ResourceType: For resource 0x7f15035c, entry index(860) is beyond type entryCount(281)
09-02 16:56:34.046 25044 25044 W ResourceType: For resource 0x7f1502ad, entry index(685) is beyond type entryCount(281)
09-02 16:56:34.046 25044 25044 W ResourceType: For resource 0x7f150565, entry index(1381) is beyond type entryCount(281)
09-02 16:56:34.046 25044 25044 W ResourceType: For resource 0x7f150567, entry index(1383) is beyond type entryCount(281)
09-02 16:56:34.047 25044 25044 W ResourceType: For resource 0x7f150264, entry index(612) is beyond type entryCount(281)
09-02 16:56:34.047 25044 25044 I chatty  : uid=10158(u0_a158) identical 1 line
09-02 16:56:34.047 25044 25044 W ResourceType: For resource 0x7f150264, entry index(612) is beyond type entryCount(281)
09-02 16:56:34.047 25044 25044 W ResourceType: For resource 0x7f150314, entry index(788) is beyond type entryCount(281)
09-02 16:56:34.048 25044 25044 W ResourceType: For resource 0x7f150264, entry index(612) is beyond type entryCount(281)
09-02 16:56:34.048 25044 25044 I chatty  : uid=10158(u0_a158) identical 1 line
09-02 16:56:34.048 25044 25044 W ResourceType: For resource 0x7f150264, entry index(612) is beyond type entryCount(281)
09-02 16:56:34.048 25044 25044 W ResourceType: For resource 0x7f150314, entry index(788) is beyond type entryCount(281)
09-02 16:56:34.056 25044 25044 W ResourceType: For resource 0x7f150264, entry index(612) is beyond type entryCount(281)
09-02 16:56:34.056 25044 25044 I chatty  : uid=10158(u0_a158) identical 1 line
09-02 16:56:34.056 25044 25044 W ResourceType: For resource 0x7f150264, entry index(612) is beyond type entryCount(281)
09-02 16:56:34.056 25044 25044 W ResourceType: For resource 0x7f150314, entry index(788) is beyond type entryCount(281)
09-02 16:56:34.056 25044 25044 W ResourceType: For resource 0x7f150264, entry index(612) is beyond type entryCount(281)
09-02 16:56:34.056 25044 25044 I chatty  : uid=10158(u0_a158) identical 1 line
09-02 16:56:34.056 25044 25044 W ResourceType: For resource 0x7f150264, entry index(612) is beyond type entryCount(281)
09-02 16:56:34.056 25044 25044 W ResourceType: For resource 0x7f150314, entry index(788) is beyond type entryCount(281)
09-02 16:56:34.057 25044 25044 W ResourceType: For resource 0x7f1506f1, entry index(1777) is beyond type entryCount(281)
09-02 16:56:34.057 25044 25044 I chatty  : uid=10158(u0_a158) identical 2 lines
09-02 16:56:34.057 25044 25044 W ResourceType: For resource 0x7f1506f1, entry index(1777) is beyond type entryCount(281)
09-02 16:56:34.057 25044 25044 W ResourceType: For resource 0x7f150264, entry index(612) is beyond type entryCount(281)
09-02 16:56:34.057 25044 25044 W ResourceType: For resource 0x7f1506f1, entry index(1777) is beyond type entryCount(281)
09-02 16:56:34.058 25044 25044 I chatty  : uid=10158(u0_a158) identical 11 lines
09-02 16:56:34.058 25044 25044 W ResourceType: For resource 0x7f1506f1, entry index(1777) is beyond type entryCount(281)
09-02 16:56:34.059 25044 25044 W ResourceType: For resource 0x7f1504f8, entry index(1272) is beyond type entryCount(281)
09-02 16:56:34.059 25044 25044 W ResourceType: For resource 0x7f150264, entry index(612) is beyond type entryCount(281)
09-02 16:56:34.059 25044 25044 W ResourceType: For resource 0x7f150264, entry index(612) is beyond type entryCount(281)
09-02 16:56:34.060 25044 25044 W ResourceType: For resource 0x7f15050e, entry index(1294) is beyond type entryCount(281)
09-02 16:56:34.060 25044 25044 W ResourceType: For resource 0x7f15061f, entry index(1567) is beyond type entryCount(281)
09-02 16:56:34.060 25044 25044 W ResourceType: For resource 0x7f15061f, entry index(1567) is beyond type entryCount(281)
09-02 16:56:34.060 25044 25044 W ResourceType: For resource 0x7f15058c, entry index(1420) is beyond type entryCount(281)
09-02 16:56:34.060 25044 25044 W ResourceType: For resource 0x7f150590, entry index(1424) is beyond type entryCount(281)
09-02 16:56:34.060 25044 25044 W ResourceType: For resource 0x7f15058e, entry index(1422) is beyond type entryCount(281)
09-02 16:56:34.060 25044 25044 W ResourceType: For resource 0x7f1504c3, entry index(1219) is beyond type entryCount(281)
09-02 16:56:34.060 25044 25044 W ResourceType: For resource 0x7f15059e, entry index(1438) is beyond type entryCount(281)
09-02 16:56:34.060 25044 25044 W ResourceType: For resource 0x7f150282, entry index(642) is beyond type entryCount(281)
09-02 16:56:34.060 25044 25044 W ResourceType: For resource 0x7f1504c3, entry index(1219) is beyond type entryCount(281)
09-02 16:56:34.060 25044 25044 W ResourceType: For resource 0x7f150719, entry index(1817) is beyond type entryCount(281)
09-02 16:56:34.060 25044 25044 W ResourceType: For resource 0x7f150578, entry index(1400) is beyond type entryCount(281)
09-02 16:56:34.060 25044 25044 W ResourceType: For resource 0x7f150284, entry index(644) is beyond type entryCount(281)
09-02 16:56:34.060 25044 25044 W ResourceType: For resource 0x7f150579, entry index(1401) is beyond type entryCount(281)
09-02 16:56:34.060 25044 25044 W ResourceType: For resource 0x7f1505e7, entry index(1511) is beyond type entryCount(281)
09-02 16:56:34.060 25044 25044 W ResourceType: For resource 0x7f15071e, entry index(1822) is beyond type entryCount(281)
09-02 16:56:34.060 25044 25044 I chatty  : uid=10158(u0_a158) identical 2 lines
09-02 16:56:34.060 25044 25044 W ResourceType: For resource 0x7f15071e, entry index(1822) is beyond type entryCount(281)
09-02 16:56:34.060 25044 25044 W ResourceType: For resource 0x7f150580, entry index(1408) is beyond type entryCount(281)
09-02 16:56:34.060 25044 25044 W ResourceType: For resource 0x7f15071e, entry index(1822) is beyond type entryCount(281)
09-02 16:56:34.060 25044 25044 W ResourceType: For resource 0x7f15017b, entry index(379) is beyond type entryCount(281)
09-02 16:56:34.060 25044 25044 W ResourceType: For resource 0x7f150283, entry index(643) is beyond type entryCount(281)
09-02 16:56:34.060 25044 25044 W ResourceType: For resource 0x7f1505a2, entry index(1442) is beyond type entryCount(281)
09-02 16:56:34.060 25044 25044 W ResourceType: For resource 0x7f1506f4, entry index(1780) is beyond type entryCount(281)
09-02 16:56:34.060 25044 25044 W ResourceType: For resource 0x7f150588, entry index(1416) is beyond type entryCount(281)
09-02 16:56:34.060 25044 25044 W ResourceType: For resource 0x7f15059f, entry index(1439) is beyond type entryCount(281)
09-02 16:56:34.060 25044 25044 W ResourceType: For resource 0x7f150649, entry index(1609) is beyond type entryCount(281)
09-02 16:56:34.060 25044 25044 W ResourceType: For resource 0x7f150442, entry index(1090) is beyond type entryCount(281)
09-02 16:56:34.060 25044 25044 W ResourceType: For resource 0x7f150718, entry index(1816) is beyond type entryCount(281)
09-02 16:56:34.060 25044 25044 W ResourceType: For resource 0x7f15017c, entry index(380) is beyond type entryCount(281)
09-02 16:56:34.060 25044 25044 W ResourceType: For resource 0x7f15059d, entry index(1437) is beyond type entryCount(281)
09-02 16:56:34.060 25044 25044 W ResourceType: For resource 0x7f15020a, entry index(522) is beyond type entryCount(281)
09-02 16:56:34.060 25044 25044 W ResourceType: For resource 0x7f150586, entry index(1414) is beyond type entryCount(281)
09-02 16:56:34.060 25044 25044 W ResourceType: For resource 0x7f15071c, entry index(1820) is beyond type entryCount(281)
09-02 16:56:34.060 25044 25044 W ResourceType: For resource 0x7f1502af, entry index(687) is beyond type entryCount(281)
09-02 16:56:34.060 25044 25044 W ResourceType: For resource 0x7f150274, entry index(628) is beyond type entryCount(281)
09-02 16:56:34.060 25044 25044 W ResourceType: For resource 0x7f150244, entry index(580) is beyond type entryCount(281)
09-02 16:56:34.060 25044 25044 W ResourceType: For resource 0x7f150274, entry index(628) is beyond type entryCount(281)
09-02 16:56:34.060 25044 25044 W ResourceType: For resource 0x7f150372, entry index(882) is beyond type entryCount(281)
09-02 16:56:34.060 25044 25044 W ResourceType: For resource 0x7f15035b, entry index(859) is beyond type entryCount(281)
09-02 16:56:34.060 25044 25044 W ResourceType: For resource 0x7f15035c, entry index(860) is beyond type entryCount(281)
09-02 16:56:34.060 25044 25044 W ResourceType: For resource 0x7f1502ad, entry index(685) is beyond type entryCount(281)
09-02 16:56:34.061 25044 25044 W ResourceType: For resource 0x7f150565, entry index(1381) is beyond type entryCount(281)
09-02 16:56:34.061 25044 25044 W ResourceType: For resource 0x7f150567, entry index(1383) is beyond type entryCount(281)
09-02 16:56:34.061 25044 25044 W ResourceType: For resource 0x7f150264, entry index(612) is beyond type entryCount(281)
09-02 16:56:34.061 25044 25044 I chatty  : uid=10158(u0_a158) identical 1 line
09-02 16:56:34.061 25044 25044 W ResourceType: For resource 0x7f150264, entry index(612) is beyond type entryCount(281)
09-02 16:56:34.061 25044 25044 W ResourceType: For resource 0x7f150314, entry index(788) is beyond type entryCount(281)
09-02 16:56:34.062 25044 25044 W ResourceType: For resource 0x7f150264, entry index(612) is beyond type entryCount(281)
09-02 16:56:34.062 25044 25044 I chatty  : uid=10158(u0_a158) identical 1 line
09-02 16:56:34.062 25044 25044 W ResourceType: For resource 0x7f150264, entry index(612) is beyond type entryCount(281)
09-02 16:56:34.062 25044 25044 W ResourceType: For resource 0x7f150314, entry index(788) is beyond type entryCount(281)
09-02 16:56:34.071 25044 25044 W ResourceType: For resource 0x7f150264, entry index(612) is beyond type entryCount(281)
09-02 16:56:34.071 25044 25044 I chatty  : uid=10158(u0_a158) identical 1 line
09-02 16:56:34.071 25044 25044 W ResourceType: For resource 0x7f150264, entry index(612) is beyond type entryCount(281)
09-02 16:56:34.071  7881 24501 E fb4a.T157805820: TigonMhrLogger::logRequestIfNeeded
09-02 16:56:34.071 25044 25044 W ResourceType: For resource 0x7f150314, entry index(788) is beyond type entryCount(281)
09-02 16:56:34.071  7881 24501 E fb4a.T157805820: TigonWifiInfoLogger::init
09-02 16:56:34.071  7881  4225 E fb4a.msys: E[N data-request]_HandleDataResponse(1782)=>Data request error for task bff6eed3-46c1-4875-af79-2e90253aa62d (response type 1): (null)
09-02 16:56:34.071  7881 24501 E fb4a.T157805820: TigonMhrFbcLogger::logRequestIfNeeded
09-02 16:56:34.071 25044 25044 W ResourceType: For resource 0x7f150264, entry index(612) is beyond type entryCount(281)
09-02 16:56:34.071  7881 24501 E fb4a.T157805820: TigonCellTowerInfoLogger::logRequestIfNeeded
09-02 16:56:34.071  7881 24501 E fb4a.T157805820: TigonCertificateVerificationLogger::logRequestIfNeeded
09-02 16:56:34.071 25044 25044 W ResourceType: For resource 0x7f150264, entry index(612) is beyond type entryCount(281)
09-02 16:56:34.071  7881 24501 E fb4a.T157805820: TigonTransientAnalysisLogger::logRequestIfNeeded
09-02 16:56:34.071 25044 25044 W ResourceType: For resource 0x7f150264, entry index(612) is beyond type entryCount(281)
09-02 16:56:34.071  7881 24501 E fb4a.T157805820: TigonProviderConnectionDeviceInfoLogger::logRequestIfNeeded
09-02 16:56:34.071 25044 25044 W ResourceType: For resource 0x7f150314, entry index(788) is beyond type entryCount(281)
09-02 16:56:34.071  7881 24501 E fb4a.T157805820: TigonCellTowerInfoPapayaLogger::logRequestIfNeeded
09-02 16:56:34.072  7881 24501 E fb4a.T157805820: NetworkUtilisationLogger::logRequestIfNeeded
09-02 16:56:34.072 25044 25044 W ResourceType: For resource 0x7f1506f1, entry index(1777) is beyond type entryCount(281)
09-02 16:56:34.072 25044 25044 I chatty  : uid=10158(u0_a158) identical 2 lines
09-02 16:56:34.072 25044 25044 W ResourceType: For resource 0x7f1506f1, entry index(1777) is beyond type entryCount(281)
09-02 16:56:34.072 25044 25044 W ResourceType: For resource 0x7f150264, entry index(612) is beyond type entryCount(281)
09-02 16:56:34.072 25044 25044 W ResourceType: For resource 0x7f1506f1, entry index(1777) is beyond type entryCount(281)
09-02 16:56:34.073 25044 25044 I chatty  : uid=10158(u0_a158) identical 8 lines
09-02 16:56:34.073  7881  4229 E fb4a.msys: E[S sync]_createResponseError(195)=>Network Response bff6eed3-46c1-4875-af79-2e90253aa62d contains sync error Error Domain=com.facebook.http.error Code=401 UserInfo=0xc7b5a200 {MCFErrorDirectLocalizedDescriptionKey=Client error} - Underlying error (null): Error Domain=com.facebook.http.error Code=401 UserInfo=0xc7b5a200 {MCFErrorDirectLocalizedDescriptionKey=Client error}
09-02 16:56:34.073 25044 25044 W ResourceType: For resource 0x7f1506f1, entry index(1777) is beyond type entryCount(281)
09-02 16:56:34.073 25044 25044 W ResourceType: For resource 0x7f1506f1, entry index(1777) is beyond type entryCount(281)
09-02 16:56:34.073 25044 25044 I chatty  : uid=10158(u0_a158) identical 1 line
09-02 16:56:34.073 25044 25044 W ResourceType: For resource 0x7f1506f1, entry index(1777) is beyond type entryCount(281)
09-02 16:56:34.075 25044 25044 W ResourceType: For resource 0x7f1504f8, entry index(1272) is beyond type entryCount(281)
09-02 16:56:34.076 25044 25044 W ResourceType: For resource 0x7f150264, entry index(612) is beyond type entryCount(281)
09-02 16:56:34.076 25044 25044 W ResourceType: For resource 0x7f150264, entry index(612) is beyond type entryCount(281)
09-02 16:56:34.076 25044 25044 W ResourceType: For resource 0x7f15050e, entry index(1294) is beyond type entryCount(281)
09-02 16:56:34.076 25044 25044 W ResourceType: For resource 0x7f15061f, entry index(1567) is beyond type entryCount(281)
09-02 16:56:34.076 25044 25044 W ResourceType: For resource 0x7f15061f, entry index(1567) is beyond type entryCount(281)
09-02 16:56:34.076 25044 25044 W ResourceType: For resource 0x7f15058c, entry index(1420) is beyond type entryCount(281)
09-02 16:56:34.076 25044 25044 W ResourceType: For resource 0x7f150590, entry index(1424) is beyond type entryCount(281)
09-02 16:56:34.076 25044 25044 W ResourceType: For resource 0x7f15058e, entry index(1422) is beyond type entryCount(281)
09-02 16:56:34.076 25044 25044 W ResourceType: For resource 0x7f1504c3, entry index(1219) is beyond type entryCount(281)
09-02 16:56:34.076 25044 25044 W ResourceType: For resource 0x7f15059e, entry index(1438) is beyond type entryCount(281)
09-02 16:56:34.076 25044 25044 W ResourceType: For resource 0x7f150282, entry index(642) is beyond type entryCount(281)
09-02 16:56:34.076 25044 25044 W ResourceType: For resource 0x7f1504c3, entry index(1219) is beyond type entryCount(281)
09-02 16:56:34.076 25044 25044 W ResourceType: For resource 0x7f150719, entry index(1817) is beyond type entryCount(281)
09-02 16:56:34.076 25044 25044 W ResourceType: For resource 0x7f150578, entry index(1400) is beyond type entryCount(281)
09-02 16:56:34.076 25044 25044 W ResourceType: For resource 0x7f150284, entry index(644) is beyond type entryCount(281)
09-02 16:56:34.076 25044 25044 W ResourceType: For resource 0x7f150579, entry index(1401) is beyond type entryCount(281)
09-02 16:56:34.076 25044 25044 W ResourceType: For resource 0x7f1505e7, entry index(1511) is beyond type entryCount(281)
09-02 16:56:34.076 25044 25044 W ResourceType: For resource 0x7f15071e, entry index(1822) is beyond type entryCount(281)
09-02 16:56:34.076 25044 25044 I chatty  : uid=10158(u0_a158) identical 2 lines
09-02 16:56:34.076 25044 25044 W ResourceType: For resource 0x7f15071e, entry index(1822) is beyond type entryCount(281)
09-02 16:56:34.076 25044 25044 W ResourceType: For resource 0x7f150580, entry index(1408) is beyond type entryCount(281)
09-02 16:56:34.076 25044 25044 W ResourceType: For resource 0x7f15071e, entry index(1822) is beyond type entryCount(281)
09-02 16:56:34.076 25044 25044 W ResourceType: For resource 0x7f15017b, entry index(379) is beyond type entryCount(281)
09-02 16:56:34.076 25044 25044 W ResourceType: For resource 0x7f150283, entry index(643) is beyond type entryCount(281)
09-02 16:56:34.077 25044 25044 W ResourceType: For resource 0x7f1505a2, entry index(1442) is beyond type entryCount(281)
09-02 16:56:34.077 25044 25044 W ResourceType: For resource 0x7f1506f4, entry index(1780) is beyond type entryCount(281)
09-02 16:56:34.077 25044 25044 W ResourceType: For resource 0x7f150588, entry index(1416) is beyond type entryCount(281)
09-02 16:56:34.077 25044 25044 W ResourceType: For resource 0x7f15059f, entry index(1439) is beyond type entryCount(281)
09-02 16:56:34.077 25044 25044 W ResourceType: For resource 0x7f150649, entry index(1609) is beyond type entryCount(281)
09-02 16:56:34.077 25044 25044 W ResourceType: For resource 0x7f150442, entry index(1090) is beyond type entryCount(281)
09-02 16:56:34.077 25044 25044 W ResourceType: For resource 0x7f150718, entry index(1816) is beyond type entryCount(281)
09-02 16:56:34.077 25044 25044 W ResourceType: For resource 0x7f15017c, entry index(380) is beyond type entryCount(281)
09-02 16:56:34.077 25044 25044 W ResourceType: For resource 0x7f15059d, entry index(1437) is beyond type entryCount(281)
09-02 16:56:34.077 25044 25044 W ResourceType: For resource 0x7f15020a, entry index(522) is beyond type entryCount(281)
09-02 16:56:34.077 25044 25044 W ResourceType: For resource 0x7f150586, entry index(1414) is beyond type entryCount(281)
09-02 16:56:34.077 25044 25044 W ResourceType: For resource 0x7f15071c, entry index(1820) is beyond type entryCount(281)
09-02 16:56:34.077 25044 25044 W ResourceType: For resource 0x7f1502af, entry index(687) is beyond type entryCount(281)
09-02 16:56:34.077 25044 25044 W ResourceType: For resource 0x7f150274, entry index(628) is beyond type entryCount(281)
09-02 16:56:34.077 25044 25044 W ResourceType: For resource 0x7f150244, entry index(580) is beyond type entryCount(281)
