09-02 16:59:37.911 26530 26530 W ResourceType: For resource 0x7f150649, entry index(1609) is beyond type entryCount(281)
09-02 16:59:37.911 26530 26530 W ResourceType: For resource 0x7f150442, entry index(1090) is beyond type entryCount(281)
09-02 16:59:37.911 26530 26530 W ResourceType: For resource 0x7f150718, entry index(1816) is beyond type entryCount(281)
09-02 16:59:37.911 26530 26530 W ResourceType: For resource 0x7f15017c, entry index(380) is beyond type entryCount(281)
09-02 16:59:37.911 26530 26530 W ResourceType: For resource 0x7f15059d, entry index(1437) is beyond type entryCount(281)
09-02 16:59:37.911 26530 26530 W ResourceType: For resource 0x7f15020a, entry index(522) is beyond type entryCount(281)
09-02 16:59:37.911 26530 26530 W ResourceType: For resource 0x7f150586, entry index(1414) is beyond type entryCount(281)
09-02 16:59:37.911 26530 26530 W ResourceType: For resource 0x7f15071c, entry index(1820) is beyond type entryCount(281)
09-02 16:59:37.911 26530 26530 W ResourceType: For resource 0x7f1502af, entry index(687) is beyond type entryCount(281)
09-02 16:59:37.911 26530 26530 W ResourceType: For resource 0x7f150274, entry index(628) is beyond type entryCount(281)
09-02 16:59:37.911 26530 26530 W ResourceType: For resource 0x7f150244, entry index(580) is beyond type entryCount(281)
09-02 16:59:37.911 26530 26530 W ResourceType: For resource 0x7f150274, entry index(628) is beyond type entryCount(281)
09-02 16:59:37.911 26530 26530 W ResourceType: For resource 0x7f150372, entry index(882) is beyond type entryCount(281)
09-02 16:59:37.911 26530 26530 W ResourceType: For resource 0x7f15035b, entry index(859) is beyond type entryCount(281)
09-02 16:59:37.911 26530 26530 W ResourceType: For resource 0x7f15035c, entry index(860) is beyond type entryCount(281)
09-02 16:59:37.911 26530 26530 W ResourceType: For resource 0x7f1502ad, entry index(685) is beyond type entryCount(281)
09-02 16:59:37.911 26530 26530 W ResourceType: For resource 0x7f150565, entry index(1381) is beyond type entryCount(281)
09-02 16:59:37.911 26530 26530 W ResourceType: For resource 0x7f150567, entry index(1383) is beyond type entryCount(281)
09-02 16:59:37.913 26530 26530 W ResourceType: For resource 0x7f15050e, entry index(1294) is beyond type entryCount(281)
09-02 16:59:37.913 26530 26530 W ResourceType: For resource 0x7f15061f, entry index(1567) is beyond type entryCount(281)
09-02 16:59:37.913 26530 26530 W ResourceType: For resource 0x7f15061f, entry index(1567) is beyond type entryCount(281)
09-02 16:59:37.913 26530 26530 W ResourceType: For resource 0x7f15058c, entry index(1420) is beyond type entryCount(281)
09-02 16:59:37.913 26530 26530 W ResourceType: For resource 0x7f150590, entry index(1424) is beyond type entryCount(281)
09-02 16:59:37.913 26530 26530 W ResourceType: For resource 0x7f15058e, entry index(1422) is beyond type entryCount(281)
09-02 16:59:37.913 26530 26530 W ResourceType: For resource 0x7f1504c3, entry index(1219) is beyond type entryCount(281)
09-02 16:59:37.913 26530 26530 W ResourceType: For resource 0x7f15059e, entry index(1438) is beyond type entryCount(281)
09-02 16:59:37.913 26530 26530 W ResourceType: For resource 0x7f150282, entry index(642) is beyond type entryCount(281)
09-02 16:59:37.913 26530 26530 W ResourceType: For resource 0x7f1504c3, entry index(1219) is beyond type entryCount(281)
09-02 16:59:37.913 26530 26530 W ResourceType: For resource 0x7f150719, entry index(1817) is beyond type entryCount(281)
09-02 16:59:37.913 26530 26530 W ResourceType: For resource 0x7f150578, entry index(1400) is beyond type entryCount(281)
09-02 16:59:37.913 26530 26530 W ResourceType: For resource 0x7f150284, entry index(644) is beyond type entryCount(281)
09-02 16:59:37.913 26530 26530 W ResourceType: For resource 0x7f150579, entry index(1401) is beyond type entryCount(281)
09-02 16:59:37.913 26530 26530 W ResourceType: For resource 0x7f1505e7, entry index(1511) is beyond type entryCount(281)
09-02 16:59:37.913 26530 26530 W ResourceType: For resource 0x7f15071e, entry index(1822) is beyond type entryCount(281)
09-02 16:59:37.913 26530 26530 I chatty  : uid=10158(u0_a158) identical 2 lines
09-02 16:59:37.913 26530 26530 W ResourceType: For resource 0x7f15071e, entry index(1822) is beyond type entryCount(281)
09-02 16:59:37.913 26530 26530 W ResourceType: For resource 0x7f150580, entry index(1408) is beyond type entryCount(281)
09-02 16:59:37.913 26530 26530 W ResourceType: For resource 0x7f15071e, entry index(1822) is beyond type entryCount(281)
09-02 16:59:37.913 26530 26530 W ResourceType: For resource 0x7f15017b, entry index(379) is beyond type entryCount(281)
09-02 16:59:37.913 26530 26530 W ResourceType: For resource 0x7f150283, entry index(643) is beyond type entryCount(281)
09-02 16:59:37.913 26530 26530 W ResourceType: For resource 0x7f1505a2, entry index(1442) is beyond type entryCount(281)
09-02 16:59:37.914 26530 26530 W ResourceType: For resource 0x7f1506f4, entry index(1780) is beyond type entryCount(281)
09-02 16:59:37.914 26530 26530 W ResourceType: For resource 0x7f150588, entry index(1416) is beyond type entryCount(281)
09-02 16:59:37.914 26530 26530 W ResourceType: For resource 0x7f15059f, entry index(1439) is beyond type entryCount(281)
09-02 16:59:37.914 26530 26530 W ResourceType: For resource 0x7f150649, entry index(1609) is beyond type entryCount(281)
09-02 16:59:37.914 26530 26530 W ResourceType: For resource 0x7f150442, entry index(1090) is beyond type entryCount(281)
09-02 16:59:37.914 26530 26530 W ResourceType: For resource 0x7f150718, entry index(1816) is beyond type entryCount(281)
09-02 16:59:37.914 26530 26530 W ResourceType: For resource 0x7f15017c, entry index(380) is beyond type entryCount(281)
09-02 16:59:37.914 26530 26530 W ResourceType: For resource 0x7f15059d, entry index(1437) is beyond type entryCount(281)
09-02 16:59:37.914 26530 26530 W ResourceType: For resource 0x7f15020a, entry index(522) is beyond type entryCount(281)
09-02 16:59:37.914 26530 26530 W ResourceType: For resource 0x7f150586, entry index(1414) is beyond type entryCount(281)
09-02 16:59:37.914 26530 26530 W ResourceType: For resource 0x7f15071c, entry index(1820) is beyond type entryCount(281)
09-02 16:59:37.914 26530 26530 W ResourceType: For resource 0x7f1502af, entry index(687) is beyond type entryCount(281)
09-02 16:59:37.914 26530 26530 W ResourceType: For resource 0x7f150274, entry index(628) is beyond type entryCount(281)
09-02 16:59:37.914 26530 26530 W ResourceType: For resource 0x7f150244, entry index(580) is beyond type entryCount(281)
09-02 16:59:37.914 26530 26530 W ResourceType: For resource 0x7f150274, entry index(628) is beyond type entryCount(281)
09-02 16:59:37.914 26530 26530 W ResourceType: For resource 0x7f150372, entry index(882) is beyond type entryCount(281)
09-02 16:59:37.914 26530 26530 W ResourceType: For resource 0x7f15035b, entry index(859) is beyond type entryCount(281)
09-02 16:59:37.914 26530 26530 W ResourceType: For resource 0x7f15035c, entry index(860) is beyond type entryCount(281)
09-02 16:59:37.914 26530 26530 W ResourceType: For resource 0x7f1502ad, entry index(685) is beyond type entryCount(281)
09-02 16:59:37.914 26530 26530 W ResourceType: For resource 0x7f150565, entry index(1381) is beyond type entryCount(281)
09-02 16:59:37.914 26530 26530 W ResourceType: For resource 0x7f150567, entry index(1383) is beyond type entryCount(281)
09-02 16:59:37.916 26530 26530 W ResourceType: For resource 0x7f15050e, entry index(1294) is beyond type entryCount(281)
09-02 16:59:37.916 26530 26530 W ResourceType: For resource 0x7f15061f, entry index(1567) is beyond type entryCount(281)
09-02 16:59:37.916 26530 26530 W ResourceType: For resource 0x7f15061f, entry index(1567) is beyond type entryCount(281)
09-02 16:59:37.916 26530 26530 W ResourceType: For resource 0x7f15058c, entry index(1420) is beyond type entryCount(281)
09-02 16:59:37.916 26530 26530 W ResourceType: For resource 0x7f150590, entry index(1424) is beyond type entryCount(281)
09-02 16:59:37.916 26530 26530 W ResourceType: For resource 0x7f15058e, entry index(1422) is beyond type entryCount(281)
09-02 16:59:37.916 26530 26530 W ResourceType: For resource 0x7f1504c3, entry index(1219) is beyond type entryCount(281)
09-02 16:59:37.916 26530 26530 W ResourceType: For resource 0x7f15059e, entry index(1438) is beyond type entryCount(281)
09-02 16:59:37.916 26530 26530 W ResourceType: For resource 0x7f150282, entry index(642) is beyond type entryCount(281)
09-02 16:59:37.916 26530 26530 W ResourceType: For resource 0x7f1504c3, entry index(1219) is beyond type entryCount(281)
09-02 16:59:37.916 26530 26530 W ResourceType: For resource 0x7f150719, entry index(1817) is beyond type entryCount(281)
09-02 16:59:37.916 26530 26530 W ResourceType: For resource 0x7f150578, entry index(1400) is beyond type entryCount(281)
09-02 16:59:37.916 26530 26530 W ResourceType: For resource 0x7f150284, entry index(644) is beyond type entryCount(281)
09-02 16:59:37.916 26530 26530 W ResourceType: For resource 0x7f150579, entry index(1401) is beyond type entryCount(281)
09-02 16:59:37.916 26530 26530 W ResourceType: For resource 0x7f1505e7, entry index(1511) is beyond type entryCount(281)
09-02 16:59:37.916 26530 26530 W ResourceType: For resource 0x7f15071e, entry index(1822) is beyond type entryCount(281)
09-02 16:59:37.916 26530 26530 I chatty  : uid=10158(u0_a158) identical 2 lines
09-02 16:59:37.916 26530 26530 W ResourceType: For resource 0x7f15071e, entry index(1822) is beyond type entryCount(281)
09-02 16:59:37.916 26530 26530 W ResourceType: For resource 0x7f150580, entry index(1408) is beyond type entryCount(281)
09-02 16:59:37.916 26530 26530 W ResourceType: For resource 0x7f15071e, entry index(1822) is beyond type entryCount(281)
09-02 16:59:37.916 26530 26530 W ResourceType: For resource 0x7f15017b, entry index(379) is beyond type entryCount(281)
09-02 16:59:37.916 26530 26530 W ResourceType: For resource 0x7f150283, entry index(643) is beyond type entryCount(281)
09-02 16:59:37.916 26530 26530 W ResourceType: For resource 0x7f1505a2, entry index(1442) is beyond type entryCount(281)
09-02 16:59:37.916 26530 26530 W ResourceType: For resource 0x7f1506f4, entry index(1780) is beyond type entryCount(281)
09-02 16:59:37.916 26530 26530 W ResourceType: For resource 0x7f150588, entry index(1416) is beyond type entryCount(281)
09-02 16:59:37.916 26530 26530 W ResourceType: For resource 0x7f15059f, entry index(1439) is beyond type entryCount(281)
09-02 16:59:37.916 26530 26530 W ResourceType: For resource 0x7f150649, entry index(1609) is beyond type entryCount(281)
09-02 16:59:37.917 26530 26530 W ResourceType: For resource 0x7f150442, entry index(1090) is beyond type entryCount(281)
09-02 16:59:37.917 26530 26530 W ResourceType: For resource 0x7f150718, entry index(1816) is beyond type entryCount(281)
09-02 16:59:37.917 26530 26530 W ResourceType: For resource 0x7f15017c, entry index(380) is beyond type entryCount(281)
09-02 16:59:37.917 26530 26530 W ResourceType: For resource 0x7f15059d, entry index(1437) is beyond type entryCount(281)
09-02 16:59:37.917 26530 26530 W ResourceType: For resource 0x7f15020a, entry index(522) is beyond type entryCount(281)
09-02 16:59:37.917 26530 26530 W ResourceType: For resource 0x7f150586, entry index(1414) is beyond type entryCount(281)
09-02 16:59:37.917 26530 26530 W ResourceType: For resource 0x7f15071c, entry index(1820) is beyond type entryCount(281)
09-02 16:59:37.917 26530 26530 W ResourceType: For resource 0x7f1502af, entry index(687) is beyond type entryCount(281)
09-02 16:59:37.917 26530 26530 W ResourceType: For resource 0x7f150274, entry index(628) is beyond type entryCount(281)
09-02 16:59:37.917 26530 26530 W ResourceType: For resource 0x7f150244, entry index(580) is beyond type entryCount(281)
09-02 16:59:37.917 26530 26530 W ResourceType: For resource 0x7f150274, entry index(628) is beyond type entryCount(281)
09-02 16:59:37.917 26530 26530 W ResourceType: For resource 0x7f150372, entry index(882) is beyond type entryCount(281)
09-02 16:59:37.917 26530 26530 W ResourceType: For resource 0x7f15035b, entry index(859) is beyond type entryCount(281)
09-02 16:59:37.917 26530 26530 W ResourceType: For resource 0x7f15035c, entry index(860) is beyond type entryCount(281)
09-02 16:59:37.917 26530 26530 W ResourceType: For resource 0x7f1502ad, entry index(685) is beyond type entryCount(281)
09-02 16:59:37.917 26530 26530 W ResourceType: For resource 0x7f150565, entry index(1381) is beyond type entryCount(281)
09-02 16:59:37.917 26530 26530 W ResourceType: For resource 0x7f150567, entry index(1383) is beyond type entryCount(281)
09-02 16:59:37.920 26530 26530 W ResourceType: For resource 0x7f15050e, entry index(1294) is beyond type entryCount(281)
09-02 16:59:37.920 26530 26530 W ResourceType: For resource 0x7f15061f, entry index(1567) is beyond type entryCount(281)
09-02 16:59:37.920 26530 26530 W ResourceType: For resource 0x7f15061f, entry index(1567) is beyond type entryCount(281)
09-02 16:59:37.920 26530 26530 W ResourceType: For resource 0x7f15058c, entry index(1420) is beyond type entryCount(281)
09-02 16:59:37.920 26530 26530 W ResourceType: For resource 0x7f150590, entry index(1424) is beyond type entryCount(281)
09-02 16:59:37.920 26530 26530 W ResourceType: For resource 0x7f15058e, entry index(1422) is beyond type entryCount(281)
09-02 16:59:37.920 26530 26530 W ResourceType: For resource 0x7f1504c3, entry index(1219) is beyond type entryCount(281)
09-02 16:59:37.920 26530 26530 W ResourceType: For resource 0x7f15059e, entry index(1438) is beyond type entryCount(281)
09-02 16:59:37.920 26530 26530 W ResourceType: For resource 0x7f150282, entry index(642) is beyond type entryCount(281)
09-02 16:59:37.920 26530 26530 W ResourceType: For resource 0x7f1504c3, entry index(1219) is beyond type entryCount(281)
09-02 16:59:37.920 26530 26530 W ResourceType: For resource 0x7f150719, entry index(1817) is beyond type entryCount(281)
09-02 16:59:37.920 26530 26530 W ResourceType: For resource 0x7f150578, entry index(1400) is beyond type entryCount(281)
09-02 16:59:37.920 26530 26530 W ResourceType: For resource 0x7f150284, entry index(644) is beyond type entryCount(281)
09-02 16:59:37.920 26530 26530 W ResourceType: For resource 0x7f150579, entry index(1401) is beyond type entryCount(281)
09-02 16:59:37.920 26530 26530 W ResourceType: For resource 0x7f1505e7, entry index(1511) is beyond type entryCount(281)
09-02 16:59:37.920 26530 26530 W ResourceType: For resource 0x7f15071e, entry index(1822) is beyond type entryCount(281)
09-02 16:59:37.920 26530 26530 I chatty  : uid=10158(u0_a158) identical 2 lines
09-02 16:59:37.920 26530 26530 W ResourceType: For resource 0x7f15071e, entry index(1822) is beyond type entryCount(281)
09-02 16:59:37.920 26530 26530 W ResourceType: For resource 0x7f150580, entry index(1408) is beyond type entryCount(281)
09-02 16:59:37.920 26530 26530 W ResourceType: For resource 0x7f15071e, entry index(1822) is beyond type entryCount(281)
09-02 16:59:37.920 26530 26530 W ResourceType: For resource 0x7f15017b, entry index(379) is beyond type entryCount(281)
09-02 16:59:37.920 26530 26530 W ResourceType: For resource 0x7f150283, entry index(643) is beyond type entryCount(281)
09-02 16:59:37.920 26530 26530 W ResourceType: For resource 0x7f1505a2, entry index(1442) is beyond type entryCount(281)
09-02 16:59:37.920 26530 26530 W ResourceType: For resource 0x7f1506f4, entry index(1780) is beyond type entryCount(281)
09-02 16:59:37.920 26530 26530 W ResourceType: For resource 0x7f150588, entry index(1416) is beyond type entryCount(281)
09-02 16:59:37.920 26530 26530 W ResourceType: For resource 0x7f15059f, entry index(1439) is beyond type entryCount(281)
09-02 16:59:37.920 26530 26530 W ResourceType: For resource 0x7f150649, entry index(1609) is beyond type entryCount(281)
09-02 16:59:37.920 26530 26530 W ResourceType: For resource 0x7f150442, entry index(1090) is beyond type entryCount(281)
09-02 16:59:37.920 26530 26530 W ResourceType: For resource 0x7f150718, entry index(1816) is beyond type entryCount(281)
09-02 16:59:37.920 26530 26530 W ResourceType: For resource 0x7f15017c, entry index(380) is beyond type entryCount(281)
09-02 16:59:37.920 26530 26530 W ResourceType: For resource 0x7f15059d, entry index(1437) is beyond type entryCount(281)
09-02 16:59:37.920 26530 26530 W ResourceType: For resource 0x7f15020a, entry index(522) is beyond type entryCount(281)
09-02 16:59:37.920 26530 26530 W ResourceType: For resource 0x7f150586, entry index(1414) is beyond type entryCount(281)
09-02 16:59:37.920 26530 26530 W ResourceType: For resource 0x7f15071c, entry index(1820) is beyond type entryCount(281)
09-02 16:59:37.920 26530 26530 W ResourceType: For resource 0x7f1502af, entry index(687) is beyond type entryCount(281)
09-02 16:59:37.920 26530 26530 W ResourceType: For resource 0x7f150274, entry index(628) is beyond type entryCount(281)
09-02 16:59:37.920 26530 26530 W ResourceType: For resource 0x7f150244, entry index(580) is beyond type entryCount(281)
09-02 16:59:37.920 26530 26530 W ResourceType: For resource 0x7f150274, entry index(628) is beyond type entryCount(281)
09-02 16:59:37.920 26530 26530 W ResourceType: For resource 0x7f150372, entry index(882) is beyond type entryCount(281)
09-02 16:59:37.920 26530 26530 W ResourceType: For resource 0x7f15035b, entry index(859) is beyond type entryCount(281)
09-02 16:59:37.920 26530 26530 W ResourceType: For resource 0x7f15035c, entry index(860) is beyond type entryCount(281)
09-02 16:59:37.920 26530 26530 W ResourceType: For resource 0x7f1502ad, entry index(685) is beyond type entryCount(281)
09-02 16:59:37.920 26530 26530 W ResourceType: For resource 0x7f150565, entry index(1381) is beyond type entryCount(281)
09-02 16:59:37.920 26530 26530 W ResourceType: For resource 0x7f150567, entry index(1383) is beyond type entryCount(281)
09-02 16:59:37.929  7881 25697 D omnistore_android_logger: DebouncingRateLimiter attempting event SyncProtocol::onConnectionEstablished
09-02 16:59:37.929  7881 25697 D omnistore_android_logger: AlarmManager::startAlarmTimer for key=SyncProtocol::onConnectionEstablished, it will NOT wake up main thread to reschedule
09-02 16:59:37.930  7881 25697 W omnistore_android_logger: Event SyncProtocol::onConnectionEstablished rate limited for 3861 ms
09-02 16:59:37.930  7881  7881 W fb4a.MobileConfigFactoryImpl: SESSIONLESS factory used for 2 param
09-02 16:59:37.931  7881  7881 E fb4a.Execution: Redirecting MSYS Execution scheduling from the UI thread to a custom executor
09-02 16:59:37.940  3979  6844 D PackageManager: setEnabledSetting : userId = 0 packageName = com.opera.browser cmp = com.opera.android.vpn.app_widget.VpnProAppWidget newState = 1 callingPackage = 10158/com.opera.browser
09-02 16:59:37.945  3979  3990 D PackageManager: setEnabledSetting : userId = 0 packageName = com.opera.browser cmp = com.opera.android.vpn.quick_settings_tile.VpnProQuickSettingsTileService newState = 1 callingPackage = 10158/com.opera.browser
09-02 16:59:37.950  3979  3990 D PackageManager: setEnabledSetting : userId = 0 packageName = com.opera.browser cmp = com.opera.android.vpn.app_widget.VpnProAppWidget newState = 1 callingPackage = 10158/com.opera.browser
09-02 16:59:37.955  3979  3990 D PackageManager: setEnabledSetting : userId = 0 packageName = com.opera.browser cmp = com.opera.android.vpn.quick_settings_tile.VpnProQuickSettingsTileService newState = 1 callingPackage = 10158/com.opera.browser
09-02 16:59:37.970  7881  4231 E fb4a.msys: E[N MQTT]readEOF(124)=>TCPStreamTransport readEOF
09-02 16:59:37.970  7881  4231 E fb4a.msys: E[N MQTT]onEOF(699)=>LigerBasedStreamTransport onEOF
09-02 16:59:37.972  7881 26354 E fb4a.FBMsysMqttClientCallbacks: onPublish, onFailure, msgId = 2332, error = 2003
09-02 16:59:37.972  7881 26354 E fb4a.FBMsysMqttClientCallbacks: onPublish, onFailure, msgId = 2331, error = 2003
09-02 16:59:37.973  7881 26354 E fb4a.FBMsysMqttClientCallbacks: onPublish, onFailure, msgId = 2330, error = 2003
09-02 16:59:37.973  7881 26354 E fb4a.FBMsysMqttClientCallbacks: onPublish, onFailure, msgId = 2329, error = 2003
09-02 16:59:37.974  3979  3990 D ConnectivityService: filterNetworkStateForUid() uid: 10102 networkInfo: [type: WIFI[] - WIFI, state: CONNECTED/CONNECTED, reason: (unspecified), extra: "WiFi 69", failover: false, available: true, roaming: false, metered: false]
09-02 16:59:37.976  7881  7881 W fb4a.MobileConfigFactoryImpl: SESSIONLESS factory used for 2 param
09-02 16:59:37.977  7881  7881 E fb4a.Execution: Redirecting MSYS Execution scheduling from the UI thread to a custom executor
09-02 16:59:37.981  7881  4225 E fb4a.msys: E[N rtchannel]_rt_mqtt_publish_callback(430)=>Failed to publish the request over MQTT (possible duplicate log). token:5df02c16-3f64-44a9-9c5f-63a77be7b7aa, category:mcd-sync-data-task-category, requestId:20151, error:Error Domain=mqtt Code=2003 UserInfo=0xc7b4c500 {MCFErrorDirectLocalizedFailureReasonKey=2003, MCFErrorDirectDescriptionKey=2003}
09-02 16:59:37.982  7881  4229 E fb4a.msys: E[S sync]_createResponseError(195)=>Network Response 5df02c16-3f64-44a9-9c5f-63a77be7b7aa contains sync error Error Domain=mqtt Code=2003 UserInfo=0xc7b4c500 {MCFErrorDirectLocalizedFailureReasonKey=2003, MCFErrorDirectDescriptionKey=2003} - Underlying error (null): Error Domain=mqtt Code=2003 UserInfo=0xc7b4c500 {MCFErrorDirectLocalizedFailureReasonKey=2003, MCFErrorDirectDescriptionKey=2003}
09-02 16:59:37.982  7881  4225 E fb4a.msys: E[N rtchannel]_rt_mqtt_publish_callback(430)=>Failed to publish the request over MQTT (possible duplicate log). token:6706818e-acca-4509-9c65-dc3f8e825518, category:mcd-sync-data-task-category, requestId:19561, error:Error Domain=mqtt Code=2003 UserInfo=0xbad48800 {MCFErrorDirectLocalizedFailureReasonKey=2003, MCFErrorDirectDescriptionKey=2003}
09-02 16:59:37.991  7881  4229 E fb4a.msys: E[S sync]_createResponseError(195)=>Network Response 6706818e-acca-4509-9c65-dc3f8e825518 contains sync error Error Domain=mqtt Code=2003 UserInfo=0xbad48800 {MCFErrorDirectLocalizedFailureReasonKey=2003, MCFErrorDirectDescriptionKey=2003} - Underlying error (null): Error Domain=mqtt Code=2003 UserInfo=0xbad48800 {MCFErrorDirectLocalizedFailureReasonKey=2003, MCFErrorDirectDescriptionKey=2003}
09-02 16:59:38.013 26530 26530 W ResourceType: For resource 0x7f1504e4, entry index(1252) is beyond type entryCount(281)
09-02 16:59:38.013 26530 26530 W ResourceType: For resource 0x7f1504da, entry index(1242) is beyond type entryCount(281)
09-02 16:59:38.074 26530 26530 V NFC     : this device does not have NFC support
09-02 16:59:38.075 26530 26530 V NFC     : this device does not have NFC support
09-02 16:59:38.088  3979  3990 W StorageManager: getStorageLowBytes lowPercent : 5, lowBytes : 1260145254, maxLowBytes : 524288000
09-02 16:59:38.089  7881 26383 E fb4a.T157805820: TigonMhrLogger::logRequestIfNeeded
09-02 16:59:38.089  7881 26383 E fb4a.T157805820: TigonWifiInfoLogger::init
09-02 16:59:38.089  7881  4225 E fb4a.msys: E[N data-request]_HandleDataResponse(1782)=>Data request error for task c379104e-b4d1-4f2f-bbca-a3234c3097e5 (response type 1): (null)
09-02 16:59:38.089  7881 26383 E fb4a.T157805820: TigonMhrFbcLogger::logRequestIfNeeded
09-02 16:59:38.089  7881 26383 E fb4a.T157805820: TigonCellTowerInfoLogger::logRequestIfNeeded
09-02 16:59:38.090  7881 26383 E fb4a.T157805820: TigonCertificateVerificationLogger::logRequestIfNeeded
09-02 16:59:38.090  7881 26383 E fb4a.T157805820: TigonTransientAnalysisLogger::logRequestIfNeeded
09-02 16:59:38.090  7881 26383 E fb4a.T157805820: TigonProviderConnectionDeviceInfoLogger::logRequestIfNeeded
09-02 16:59:38.090  7881 26383 E fb4a.T157805820: TigonCellTowerInfoPapayaLogger::logRequestIfNeeded
09-02 16:59:38.090  7881 26383 E fb4a.T157805820: NetworkUtilisationLogger::logRequestIfNeeded
09-02 16:59:38.091  7881  4229 E fb4a.msys: E[S sync]_createResponseError(195)=>Network Response c379104e-b4d1-4f2f-bbca-a3234c3097e5 contains sync error Error Domain=com.facebook.http.error Code=401 UserInfo=0xc81ecc00 {MCFErrorDirectLocalizedDescriptionKey=Client error} - Underlying error (null): Error Domain=com.facebook.http.error Code=401 UserInfo=0xc81ecc00 {MCFErrorDirectLocalizedDescriptionKey=Client error}
09-02 16:59:38.098 22051 22051 D BoundBrokerSvc: onBind: Intent { act=com.google.android.gms.safetynet.service.START pkg=com.google.android.gms }
09-02 16:59:38.098 22051 22051 D BoundBrokerSvc: Loading bound service for intent: Intent { act=com.google.android.gms.safetynet.service.START pkg=com.google.android.gms }
09-02 16:59:38.104  7881 26523 E fb4a.T157805820: TigonMhrLogger::logRequestIfNeeded
09-02 16:59:38.104  7881  4225 E fb4a.msys: E[N data-request]_HandleDataResponse(1782)=>Data request error for task 69feb35c-3b34-4f68-9cc4-fda8a9afa20f (response type 1): (null)
09-02 16:59:38.104  7881 26523 E fb4a.T157805820: TigonWifiInfoLogger::init
09-02 16:59:38.104  7881 26523 E fb4a.T157805820: TigonMhrFbcLogger::logRequestIfNeeded
09-02 16:59:38.104  7881 26523 E fb4a.T157805820: TigonCellTowerInfoLogger::logRequestIfNeeded
09-02 16:59:38.104  7881 26523 E fb4a.T157805820: TigonCertificateVerificationLogger::logRequestIfNeeded
09-02 16:59:38.104  7881 26523 E fb4a.T157805820: TigonTransientAnalysisLogger::logRequestIfNeeded
09-02 16:59:38.104  7881 26523 E fb4a.T157805820: TigonProviderConnectionDeviceInfoLogger::logRequestIfNeeded
09-02 16:59:38.105  7881 26523 E fb4a.T157805820: TigonCellTowerInfoPapayaLogger::logRequestIfNeeded
09-02 16:59:38.105  7881 26523 E fb4a.T157805820: NetworkUtilisationLogger::logRequestIfNeeded
09-02 16:59:38.106  7881  4229 E fb4a.msys: E[S sync]_createResponseError(195)=>Network Response 69feb35c-3b34-4f68-9cc4-fda8a9afa20f contains sync error Error Domain=com.facebook.http.error Code=401 UserInfo=0xc81ec300 {MCFErrorDirectLocalizedDescriptionKey=Client error} - Underlying error (null): Error Domain=com.facebook.http.error Code=401 UserInfo=0xc81ec300 {MCFErrorDirectLocalizedDescriptionKey=Client error}
09-02 16:59:38.118  3979 10224 D PackageManager: setEnabledSetting : userId = 0 packageName = com.opera.browser cmp = com.opera.android.WebSearchActivity newState = 1 callingPackage = 10158/com.opera.browser
09-02 16:59:38.124 26530 26530 I zygote  : Deoptimizing android.view.View c39.a(android.content.Context, java.lang.String, java.lang.String) due to JIT inline cache
09-02 16:59:38.142 26530 26530 W ResourceType: For resource 0x7f15050e, entry index(1294) is beyond type entryCount(281)
09-02 16:59:38.142 26530 26530 W ResourceType: For resource 0x7f15061f, entry index(1567) is beyond type entryCount(281)
09-02 16:59:38.142 26530 26530 W ResourceType: For resource 0x7f15061f, entry index(1567) is beyond type entryCount(281)
09-02 16:59:38.142 26530 26530 W ResourceType: For resource 0x7f15058c, entry index(1420) is beyond type entryCount(281)
09-02 16:59:38.142 26530 26530 W ResourceType: For resource 0x7f150590, entry index(1424) is beyond type entryCount(281)
09-02 16:59:38.142 26530 26530 W ResourceType: For resource 0x7f15058e, entry index(1422) is beyond type entryCount(281)
09-02 16:59:38.142 26530 26530 W ResourceType: For resource 0x7f1504c3, entry index(1219) is beyond type entryCount(281)
09-02 16:59:38.142 26530 26530 W ResourceType: For resource 0x7f15059e, entry index(1438) is beyond type entryCount(281)
09-02 16:59:38.142 26530 26530 W ResourceType: For resource 0x7f150282, entry index(642) is beyond type entryCount(281)
09-02 16:59:38.142 26530 26530 W ResourceType: For resource 0x7f1504c3, entry index(1219) is beyond type entryCount(281)
09-02 16:59:38.142 26530 26530 W ResourceType: For resource 0x7f150719, entry index(1817) is beyond type entryCount(281)
09-02 16:59:38.142 26530 26530 W ResourceType: For resource 0x7f150578, entry index(1400) is beyond type entryCount(281)
09-02 16:59:38.143 26530 26530 W ResourceType: For resource 0x7f150284, entry index(644) is beyond type entryCount(281)
09-02 16:59:38.143 26530 26530 W ResourceType: For resource 0x7f150579, entry index(1401) is beyond type entryCount(281)
09-02 16:59:38.143 26530 26530 W ResourceType: For resource 0x7f1505e7, entry index(1511) is beyond type entryCount(281)
09-02 16:59:38.143 26530 26530 W ResourceType: For resource 0x7f15071e, entry index(1822) is beyond type entryCount(281)
09-02 16:59:38.143 26530 26530 I chatty  : uid=10158(u0_a158) identical 2 lines
09-02 16:59:38.143 26530 26530 W ResourceType: For resource 0x7f15071e, entry index(1822) is beyond type entryCount(281)
09-02 16:59:38.143 26530 26530 W ResourceType: For resource 0x7f150580, entry index(1408) is beyond type entryCount(281)
09-02 16:59:38.143 26530 26530 W ResourceType: For resource 0x7f15071e, entry index(1822) is beyond type entryCount(281)
09-02 16:59:38.143 26530 26530 W ResourceType: For resource 0x7f15017b, entry index(379) is beyond type entryCount(281)
09-02 16:59:38.143 26530 26530 W ResourceType: For resource 0x7f150283, entry index(643) is beyond type entryCount(281)
09-02 16:59:38.143 26530 26530 W ResourceType: For resource 0x7f1505a2, entry index(1442) is beyond type entryCount(281)
09-02 16:59:38.143 26530 26530 W ResourceType: For resource 0x7f1506f4, entry index(1780) is beyond type entryCount(281)
09-02 16:59:38.143 26530 26530 W ResourceType: For resource 0x7f150588, entry index(1416) is beyond type entryCount(281)
09-02 16:59:38.143 26530 26530 W ResourceType: For resource 0x7f15059f, entry index(1439) is beyond type entryCount(281)
09-02 16:59:38.143 26530 26530 W ResourceType: For resource 0x7f150649, entry index(1609) is beyond type entryCount(281)
09-02 16:59:38.143 26530 26530 W ResourceType: For resource 0x7f150442, entry index(1090) is beyond type entryCount(281)
09-02 16:59:38.143 26530 26530 W ResourceType: For resource 0x7f150718, entry index(1816) is beyond type entryCount(281)
09-02 16:59:38.143 26530 26530 W ResourceType: For resource 0x7f15017c, entry index(380) is beyond type entryCount(281)
09-02 16:59:38.143 26530 26530 W ResourceType: For resource 0x7f15059d, entry index(1437) is beyond type entryCount(281)
09-02 16:59:38.143 26530 26530 W ResourceType: For resource 0x7f15020a, entry index(522) is beyond type entryCount(281)
09-02 16:59:38.143 26530 26530 W ResourceType: For resource 0x7f150586, entry index(1414) is beyond type entryCount(281)
09-02 16:59:38.143 26530 26530 W ResourceType: For resource 0x7f15071c, entry index(1820) is beyond type entryCount(281)
09-02 16:59:38.143 26530 26530 W ResourceType: For resource 0x7f1502af, entry index(687) is beyond type entryCount(281)
09-02 16:59:38.143 26530 26530 W ResourceType: For resource 0x7f150274, entry index(628) is beyond type entryCount(281)
09-02 16:59:38.143 26530 26530 W ResourceType: For resource 0x7f150244, entry index(580) is beyond type entryCount(281)
09-02 16:59:38.143 26530 26530 W ResourceType: For resource 0x7f150274, entry index(628) is beyond type entryCount(281)
09-02 16:59:38.143 26530 26530 W ResourceType: For resource 0x7f150372, entry index(882) is beyond type entryCount(281)
09-02 16:59:38.143 26530 26530 W ResourceType: For resource 0x7f15035b, entry index(859) is beyond type entryCount(281)
09-02 16:59:38.143 26530 26530 W ResourceType: For resource 0x7f15035c, entry index(860) is beyond type entryCount(281)
09-02 16:59:38.143 26530 26530 W ResourceType: For resource 0x7f1502ad, entry index(685) is beyond type entryCount(281)
09-02 16:59:38.143 26530 26530 W ResourceType: For resource 0x7f150565, entry index(1381) is beyond type entryCount(281)
09-02 16:59:38.143 26530 26530 W ResourceType: For resource 0x7f150567, entry index(1383) is beyond type entryCount(281)
09-02 16:59:38.147 26530 26530 W ResourceType: For resource 0x7f15050e, entry index(1294) is beyond type entryCount(281)
09-02 16:59:38.147 26530 26530 W ResourceType: For resource 0x7f15061f, entry index(1567) is beyond type entryCount(281)
09-02 16:59:38.147 26530 26530 W ResourceType: For resource 0x7f15061f, entry index(1567) is beyond type entryCount(281)
09-02 16:59:38.147 26530 26530 W ResourceType: For resource 0x7f15058c, entry index(1420) is beyond type entryCount(281)
09-02 16:59:38.147 26530 26530 W ResourceType: For resource 0x7f150590, entry index(1424) is beyond type entryCount(281)
09-02 16:59:38.147 26530 26530 W ResourceType: For resource 0x7f15058e, entry index(1422) is beyond type entryCount(281)
09-02 16:59:38.147 26530 26530 W ResourceType: For resource 0x7f1504c3, entry index(1219) is beyond type entryCount(281)
09-02 16:59:38.147 26530 26530 W ResourceType: For resource 0x7f15059e, entry index(1438) is beyond type entryCount(281)
09-02 16:59:38.147 26530 26530 W ResourceType: For resource 0x7f150282, entry index(642) is beyond type entryCount(281)
09-02 16:59:38.147 26530 26530 W ResourceType: For resource 0x7f1504c3, entry index(1219) is beyond type entryCount(281)
09-02 16:59:38.147 26530 26530 W ResourceType: For resource 0x7f150719, entry index(1817) is beyond type entryCount(281)
09-02 16:59:38.147 26530 26530 W ResourceType: For resource 0x7f150578, entry index(1400) is beyond type entryCount(281)
09-02 16:59:38.147 26530 26530 W ResourceType: For resource 0x7f150284, entry index(644) is beyond type entryCount(281)
09-02 16:59:38.147 26530 26530 W ResourceType: For resource 0x7f150579, entry index(1401) is beyond type entryCount(281)
09-02 16:59:38.147 26530 26530 W ResourceType: For resource 0x7f1505e7, entry index(1511) is beyond type entryCount(281)
09-02 16:59:38.147 26530 26530 W ResourceType: For resource 0x7f15071e, entry index(1822) is beyond type entryCount(281)
09-02 16:59:38.147 26530 26530 I chatty  : uid=10158(u0_a158) identical 2 lines
09-02 16:59:38.147 26530 26530 W ResourceType: For resource 0x7f15071e, entry index(1822) is beyond type entryCount(281)
09-02 16:59:38.147 26530 26530 W ResourceType: For resource 0x7f150580, entry index(1408) is beyond type entryCount(281)
09-02 16:59:38.147 26530 26530 W ResourceType: For resource 0x7f15071e, entry index(1822) is beyond type entryCount(281)
09-02 16:59:38.147 26530 26530 W ResourceType: For resource 0x7f15017b, entry index(379) is beyond type entryCount(281)
09-02 16:59:38.147 26530 26530 W ResourceType: For resource 0x7f150283, entry index(643) is beyond type entryCount(281)
09-02 16:59:38.147 26530 26530 W ResourceType: For resource 0x7f1505a2, entry index(1442) is beyond type entryCount(281)
09-02 16:59:38.147 26530 26530 W ResourceType: For resource 0x7f1506f4, entry index(1780) is beyond type entryCount(281)
09-02 16:59:38.147 26530 26530 W ResourceType: For resource 0x7f150588, entry index(1416) is beyond type entryCount(281)
09-02 16:59:38.147 26530 26530 W ResourceType: For resource 0x7f15059f, entry index(1439) is beyond type entryCount(281)
09-02 16:59:38.147 26530 26530 W ResourceType: For resource 0x7f150649, entry index(1609) is beyond type entryCount(281)
09-02 16:59:38.147 26530 26530 W ResourceType: For resource 0x7f150442, entry index(1090) is beyond type entryCount(281)
09-02 16:59:38.147 26530 26530 W ResourceType: For resource 0x7f150718, entry index(1816) is beyond type entryCount(281)
09-02 16:59:38.147 26530 26530 W ResourceType: For resource 0x7f15017c, entry index(380) is beyond type entryCount(281)
09-02 16:59:38.147 26530 26530 W ResourceType: For resource 0x7f15059d, entry index(1437) is beyond type entryCount(281)
09-02 16:59:38.147 26530 26530 W ResourceType: For resource 0x7f15020a, entry index(522) is beyond type entryCount(281)
09-02 16:59:38.147 26530 26530 W ResourceType: For resource 0x7f150586, entry index(1414) is beyond type entryCount(281)
09-02 16:59:38.147 26530 26530 W ResourceType: For resource 0x7f15071c, entry index(1820) is beyond type entryCount(281)
09-02 16:59:38.147 26530 26530 W ResourceType: For resource 0x7f1502af, entry index(687) is beyond type entryCount(281)
09-02 16:59:38.147 26530 26530 W ResourceType: For resource 0x7f150274, entry index(628) is beyond type entryCount(281)
09-02 16:59:38.147 26530 26530 W ResourceType: For resource 0x7f150244, entry index(580) is beyond type entryCount(281)
09-02 16:59:38.147 26530 26530 W ResourceType: For resource 0x7f150274, entry index(628) is beyond type entryCount(281)
09-02 16:59:38.147 26530 26530 W ResourceType: For resource 0x7f150372, entry index(882) is beyond type entryCount(281)
09-02 16:59:38.147 26530 26530 W ResourceType: For resource 0x7f15035b, entry index(859) is beyond type entryCount(281)
09-02 16:59:38.147 26530 26530 W ResourceType: For resource 0x7f15035c, entry index(860) is beyond type entryCount(281)
09-02 16:59:38.147 26530 26530 W ResourceType: For resource 0x7f1502ad, entry index(685) is beyond type entryCount(281)
09-02 16:59:38.147 26530 26530 W ResourceType: For resource 0x7f150565, entry index(1381) is beyond type entryCount(281)
09-02 16:59:38.147 26530 26530 W ResourceType: For resource 0x7f150567, entry index(1383) is beyond type entryCount(281)
09-02 16:59:38.155  3979  3994 D ConnectivityService: filterNetworkStateForUid() uid: 1000 networkInfo: [type: WIFI[] - WIFI, state: CONNECTED/CONNECTED, reason: (unspecified), extra: "WiFi 69", failover: false, available: true, roaming: false, metered: false]
09-02 16:59:38.158 26530 26530 W ResourceType: For resource 0x7f0c0069, entry index(105) is beyond type entryCount(100)
09-02 16:59:38.158 26530 26530 W ResourceType: For resource 0x7f0c0069, entry index(105) is beyond type entryCount(100)
09-02 16:59:38.160 26530 26530 W ResourceType: ResTable_typeSpec entry count inconsistent: given 1869, previously 1868
09-02 16:59:38.160 26530 26530 W ResourceType: ResTable_typeSpec entry count inconsistent: given 100, previously 115
09-02 16:59:38.160 26530 26530 W ResourceType: ResTable_typeSpec entry count inconsistent: given 281, previously 1857
09-02 16:59:38.161  7881 26354 E fb4a.T157805820: TigonMhrLogger::logRequestIfNeeded
09-02 16:59:38.161  7881 26354 E fb4a.T157805820: TigonWifiInfoLogger::init
09-02 16:59:38.161  7881  4225 E fb4a.msys: E[N data-request]_HandleDataResponse(1782)=>Data request error for task da0234d0-ba68-4a49-807d-74eeab65d739 (response type 1): (null)
09-02 16:59:38.161  7881 26354 E fb4a.T157805820: TigonMhrFbcLogger::logRequestIfNeeded
09-02 16:59:38.161  7881 26354 E fb4a.T157805820: TigonCellTowerInfoLogger::logRequestIfNeeded
09-02 16:59:38.161  7881 26354 E fb4a.T157805820: TigonCertificateVerificationLogger::logRequestIfNeeded
09-02 16:59:38.161  7881 26354 E fb4a.T157805820: TigonTransientAnalysisLogger::logRequestIfNeeded
09-02 16:59:38.161  7881 26354 E fb4a.T157805820: TigonProviderConnectionDeviceInfoLogger::logRequestIfNeeded
09-02 16:59:38.162  7881 26354 E fb4a.T157805820: TigonCellTowerInfoPapayaLogger::logRequestIfNeeded
09-02 16:59:38.162  7881 26354 E fb4a.T157805820: NetworkUtilisationLogger::logRequestIfNeeded
09-02 16:59:38.163  7881  4229 E fb4a.msys: E[S sync]_createResponseError(195)=>Network Response da0234d0-ba68-4a49-807d-74eeab65d739 contains sync error Error Domain=com.facebook.http.error Code=401 UserInfo=0xc91e2100 {MCFErrorDirectLocalizedDescriptionKey=Client error} - Underlying error (null): Error Domain=com.facebook.http.error Code=401 UserInfo=0xc91e2100 {MCFErrorDirectLocalizedDescriptionKey=Client error}
09-02 16:59:38.164  7881 26383 E fb4a.T157805820: TigonMhrLogger::logRequestIfNeeded
09-02 16:59:38.164  7881  4225 E fb4a.msys: E[N data-request]_HandleDataResponse(1782)=>Data request error for task 3ce04920-f546-458f-9b9e-a0090a41cbe7 (response type 1): (null)
09-02 16:59:38.164  7881 26383 E fb4a.T157805820: TigonWifiInfoLogger::init
09-02 16:59:38.164  7881 26383 E fb4a.T157805820: TigonMhrFbcLogger::logRequestIfNeeded
09-02 16:59:38.164  7881 26383 E fb4a.T157805820: TigonCellTowerInfoLogger::logRequestIfNeeded
09-02 16:59:38.164  7881 26383 E fb4a.T157805820: TigonCertificateVerificationLogger::logRequestIfNeeded
09-02 16:59:38.164  7881 26383 E fb4a.T157805820: TigonTransientAnalysisLogger::logRequestIfNeeded
09-02 16:59:38.164  7881 26383 E fb4a.T157805820: TigonProviderConnectionDeviceInfoLogger::logRequestIfNeeded
09-02 16:59:38.164  7881 26383 E fb4a.T157805820: TigonCellTowerInfoPapayaLogger::logRequestIfNeeded
09-02 16:59:38.164  7881 26383 E fb4a.T157805820: NetworkUtilisationLogger::logRequestIfNeeded
09-02 16:59:38.166  3979  3994 D SamsungAlarmManager: setInexact Listener (T:2/F:0/AC:false) 20230902T171207 - CU:1000/CP:3979
09-02 16:59:38.169  3979  3994 D SamsungAlarmManager: setInexact Listener (T:2/F:0/AC:false) 20230902T171207 - CU:1000/CP:3979
09-02 16:59:38.171  3979  3979 D CustomFrequencyManagerService: releaseDVFSLockLocked : Getting Lock type frm List : DVFS_MIN_LIMIT  frequency : 1560000  uid : 1000  pid : 3979  tag : AMS_RESUME_TAIL@CPU_MIN@14
09-02 16:59:38.176  3979  3994 D ConnectivityService: filterNetworkStateForUid() uid: 1000 networkInfo: [type: WIFI[] - WIFI, state: CONNECTED/CONNECTED, reason: (unspecified), extra: "WiFi 69", failover: false, available: true, roaming: false, metered: false]
09-02 16:59:38.178  3979  3994 D ConnectivityService: filterNetworkStateForUid() uid: 10158 networkInfo: [type: WIFI[] - WIFI, state: CONNECTED/CONNECTED, reason: (unspecified), extra: "WiFi 69", failover: false, available: true, roaming: false, metered: false]
09-02 16:59:38.182  7881  4229 E fb4a.msys: E[S sync]_createResponseError(195)=>Network Response 3ce04920-f546-458f-9b9e-a0090a41cbe7 contains sync error Error Domain=com.facebook.http.error Code=401 UserInfo=0xc91e2000 {MCFErrorDirectLocalizedDescriptionKey=Client error} - Underlying error (null): Error Domain=com.facebook.http.error Code=401 UserInfo=0xc91e2000 {MCFErrorDirectLocalizedDescriptionKey=Client error}
09-02 16:59:38.184  3979  3994 D ConnectivityService: filterNetworkStateForUid() uid: 1000 networkInfo: [type: WIFI[] - WIFI, state: CONNECTED/CONNECTED, reason: (unspecified), extra: "WiFi 69", failover: false, available: true, roaming: false, metered: false]
09-02 16:59:38.208 26530 26530 W ResourceType: For resource 0x7f1504d5, entry index(1237) is beyond type entryCount(281)
09-02 16:59:38.208 26530 26530 W ResourceType: For resource 0x7f1504d5, entry index(1237) is beyond type entryCount(281)
09-02 16:59:38.208 26530 26530 W ResourceType: For resource 0x7f1504d3, entry index(1235) is beyond type entryCount(281)
09-02 16:59:38.208 26530 26530 W ResourceType: For resource 0x7f1504d5, entry index(1237) is beyond type entryCount(281)
09-02 16:59:38.209 26530 26530 W ResourceType: For resource 0x7f1504d5, entry index(1237) is beyond type entryCount(281)
09-02 16:59:38.209 26530 26530 W ResourceType: For resource 0x7f15050e, entry index(1294) is beyond type entryCount(281)
09-02 16:59:38.209 26530 26530 W ResourceType: For resource 0x7f15061f, entry index(1567) is beyond type entryCount(281)
09-02 16:59:38.209 26530 26530 W ResourceType: For resource 0x7f15061f, entry index(1567) is beyond type entryCount(281)
09-02 16:59:38.209 26530 26530 W ResourceType: For resource 0x7f15058c, entry index(1420) is beyond type entryCount(281)
09-02 16:59:38.209 26530 26530 W ResourceType: For resource 0x7f150590, entry index(1424) is beyond type entryCount(281)
09-02 16:59:38.209 26530 26530 W ResourceType: For resource 0x7f15058e, entry index(1422) is beyond type entryCount(281)
09-02 16:59:38.209 26530 26530 W ResourceType: For resource 0x7f1504c3, entry index(1219) is beyond type entryCount(281)
09-02 16:59:38.209 26530 26530 W ResourceType: For resource 0x7f15059e, entry index(1438) is beyond type entryCount(281)
09-02 16:59:38.209 26530 26530 W ResourceType: For resource 0x7f150282, entry index(642) is beyond type entryCount(281)
09-02 16:59:38.209 26530 26530 W ResourceType: For resource 0x7f1504c3, entry index(1219) is beyond type entryCount(281)
09-02 16:59:38.209 26530 26530 W ResourceType: For resource 0x7f150719, entry index(1817) is beyond type entryCount(281)
09-02 16:59:38.209 26530 26530 W ResourceType: For resource 0x7f150578, entry index(1400) is beyond type entryCount(281)
09-02 16:59:38.209 26530 26530 W ResourceType: For resource 0x7f150284, entry index(644) is beyond type entryCount(281)
09-02 16:59:38.209 26530 26530 W ResourceType: For resource 0x7f150579, entry index(1401) is beyond type entryCount(281)
09-02 16:59:38.209 26530 26530 W ResourceType: For resource 0x7f1505e7, entry index(1511) is beyond type entryCount(281)
09-02 16:59:38.209 26530 26530 W ResourceType: For resource 0x7f15071e, entry index(1822) is beyond type entryCount(281)
09-02 16:59:38.209 26530 26530 I chatty  : uid=10158(u0_a158) identical 2 lines
09-02 16:59:38.209 26530 26530 W ResourceType: For resource 0x7f15071e, entry index(1822) is beyond type entryCount(281)
09-02 16:59:38.209 26530 26530 W ResourceType: For resource 0x7f150580, entry index(1408) is beyond type entryCount(281)
09-02 16:59:38.209 26530 26530 W ResourceType: For resource 0x7f15071e, entry index(1822) is beyond type entryCount(281)
09-02 16:59:38.209 26530 26530 W ResourceType: For resource 0x7f15017b, entry index(379) is beyond type entryCount(281)
09-02 16:59:38.209 26530 26530 W ResourceType: For resource 0x7f150283, entry index(643) is beyond type entryCount(281)
09-02 16:59:38.209 26530 26530 W ResourceType: For resource 0x7f1505a2, entry index(1442) is beyond type entryCount(281)
09-02 16:59:38.209 26530 26530 W ResourceType: For resource 0x7f1506f4, entry index(1780) is beyond type entryCount(281)
09-02 16:59:38.209 26530 26530 W ResourceType: For resource 0x7f150588, entry index(1416) is beyond type entryCount(281)
09-02 16:59:38.209 26530 26530 W ResourceType: For resource 0x7f15059f, entry index(1439) is beyond type entryCount(281)
09-02 16:59:38.209 26530 26530 W ResourceType: For resource 0x7f150649, entry index(1609) is beyond type entryCount(281)
09-02 16:59:38.209 26530 26530 W ResourceType: For resource 0x7f150442, entry index(1090) is beyond type entryCount(281)
09-02 16:59:38.210 26530 26530 W ResourceType: For resource 0x7f150718, entry index(1816) is beyond type entryCount(281)
09-02 16:59:38.210 26530 26530 W ResourceType: For resource 0x7f15017c, entry index(380) is beyond type entryCount(281)
09-02 16:59:38.210 26530 26530 W ResourceType: For resource 0x7f15059d, entry index(1437) is beyond type entryCount(281)
09-02 16:59:38.210 26530 26530 W ResourceType: For resource 0x7f15020a, entry index(522) is beyond type entryCount(281)
09-02 16:59:38.210 26530 26530 W ResourceType: For resource 0x7f150586, entry index(1414) is beyond type entryCount(281)
09-02 16:59:38.210 26530 26530 W ResourceType: For resource 0x7f15071c, entry index(1820) is beyond type entryCount(281)
09-02 16:59:38.210 26530 26530 W ResourceType: For resource 0x7f1502af, entry index(687) is beyond type entryCount(281)
09-02 16:59:38.210 26530 26530 W ResourceType: For resource 0x7f150274, entry index(628) is beyond type entryCount(281)
09-02 16:59:38.210 26530 26530 W ResourceType: For resource 0x7f150244, entry index(580) is beyond type entryCount(281)
09-02 16:59:38.210 26530 26530 W ResourceType: For resource 0x7f150274, entry index(628) is beyond type entryCount(281)
09-02 16:59:38.210 26530 26530 W ResourceType: For resource 0x7f150372, entry index(882) is beyond type entryCount(281)
09-02 16:59:38.210 26530 26530 W ResourceType: For resource 0x7f15035b, entry index(859) is beyond type entryCount(281)
09-02 16:59:38.210 26530 26530 W ResourceType: For resource 0x7f15035c, entry index(860) is beyond type entryCount(281)
09-02 16:59:38.210 26530 26530 W ResourceType: For resource 0x7f1502ad, entry index(685) is beyond type entryCount(281)
09-02 16:59:38.210 26530 26530 W ResourceType: For resource 0x7f150565, entry index(1381) is beyond type entryCount(281)
09-02 16:59:38.210 26530 26530 W ResourceType: For resource 0x7f150567, entry index(1383) is beyond type entryCount(281)
09-02 16:59:38.210 26530 26530 W ResourceType: For resource 0x7f15050e, entry index(1294) is beyond type entryCount(281)
09-02 16:59:38.210 26530 26530 W ResourceType: For resource 0x7f15061f, entry index(1567) is beyond type entryCount(281)
09-02 16:59:38.210 26530 26530 W ResourceType: For resource 0x7f15061f, entry index(1567) is beyond type entryCount(281)
09-02 16:59:38.210 26530 26530 W ResourceType: For resource 0x7f15058c, entry index(1420) is beyond type entryCount(281)
09-02 16:59:38.210 26530 26530 W ResourceType: For resource 0x7f150590, entry index(1424) is beyond type entryCount(281)
09-02 16:59:38.210 26530 26530 W ResourceType: For resource 0x7f15058e, entry index(1422) is beyond type entryCount(281)
09-02 16:59:38.210 26530 26530 W ResourceType: For resource 0x7f1504c3, entry index(1219) is beyond type entryCount(281)
09-02 16:59:38.210 26530 26530 W ResourceType: For resource 0x7f15059e, entry index(1438) is beyond type entryCount(281)
09-02 16:59:38.210 26530 26530 W ResourceType: For resource 0x7f150282, entry index(642) is beyond type entryCount(281)
09-02 16:59:38.210 26530 26530 W ResourceType: For resource 0x7f1504c3, entry index(1219) is beyond type entryCount(281)
09-02 16:59:38.210 26530 26530 W ResourceType: For resource 0x7f150719, entry index(1817) is beyond type entryCount(281)
09-02 16:59:38.210 26530 26530 W ResourceType: For resource 0x7f150578, entry index(1400) is beyond type entryCount(281)
09-02 16:59:38.210 26530 26530 W ResourceType: For resource 0x7f150284, entry index(644) is beyond type entryCount(281)
09-02 16:59:38.210 26530 26530 W ResourceType: For resource 0x7f150579, entry index(1401) is beyond type entryCount(281)
09-02 16:59:38.210 26530 26530 W ResourceType: For resource 0x7f1505e7, entry index(1511) is beyond type entryCount(281)
09-02 16:59:38.210 26530 26530 W ResourceType: For resource 0x7f15071e, entry index(1822) is beyond type entryCount(281)
09-02 16:59:38.210 26530 26530 I chatty  : uid=10158(u0_a158) identical 2 lines
