09-02 15:28:29.090  3979  5977 D WindowManager: adjustSystemUiVisibilityLw : vis= 0x2618
09-02 15:28:29.090  3979  9878 D InputMethodManagerService: windowGainedFocus : mCurrentFocusedUserId - 0 and mSecureKeypadEnabled - false, userSwitched - false
09-02 15:28:29.091  3979  9878 V InputMethodManagerService: windowGainedFocus : reason=WINDOW_FOCUS_GAIN client=android.os.BinderProxy@1c44964 inputContext=null missingMethods= attribute=android.view.inputmethod.EditorInfo@8c875da nm = org.mozilla.firefox controlFlags=#104 softInputMode=#110 windowFlags=#81010100
09-02 15:28:29.091  3979  9878 V InputMethodManagerService: hideCurrentInputLocked : shouldHideSoftInput is false
09-02 15:28:29.091  3979  4004 D CustomFrequencyManagerService: acquireDVFSLockLocked : type : DVFS_MIN_LIMIT  frequency : 1560000  uid : 1000  pid : 3979  pkgName : AMS_RESUME_TAIL@CPU_MIN@14
09-02 15:28:29.091  3979  9878 D InputMethodManagerService: isImeSwitcherDisabledPackage : false
09-02 15:28:29.091  3979  4004 D ActivityManagerPerformance: AMP_acquire() TAIL
09-02 15:28:29.091  3979  9878 V InputMethodManagerService: Creating new session for client ClientState{1deca0b uid 10154 pid 20441}
09-02 15:28:29.092  3979  4004 D CustomFrequencyManagerService: releaseDVFSLockLocked : Getting Lock type frm List : DVFS_MIN_LIMIT  frequency : 1560000  uid : 1000  pid : 3979  tag : AMS_APP_SWITCH@CPU_MIN@23
09-02 15:28:29.092  3979  4004 D ActivityManagerPerformance: AMP_release() APP_SWITCH
09-02 15:28:29.094  3979  9878 D InputMethodManagerService: setCurrentInputInfo - inputContext : null eidtorInfo : android.view.inputmethod.EditorInfo@8c875da missingMethods : 0
09-02 15:28:29.097  4336  4336 I InputMethodWrapper:  call dispatchStartInputWithToken
09-02 15:28:29.097  4336  4336 I InputMethodService: dispatchStartInputWithToken
09-02 15:28:29.098  4336  4336 I SKBD    : SamsungKeypad [IMI] onStartInput - caller pid : 20441, caller uid : 10154
09-02 15:28:29.102 20441 20441 I DefaultSupportedAddonsChecker: Unregister check for new supported add-ons
09-02 15:28:29.116  3462  3462 I SurfaceFlinger: Display 0 HWC layers:
09-02 15:28:29.116  3462  3462 I SurfaceFlinger:     type    |    handle    | flag |  format   |   source crop (l,t,r,b)    |         frame       | name 
09-02 15:28:29.116  3462  3462 I SurfaceFlinger: ------------+--------------+------+-----------+----------------------------+---------------------+------
09-02 15:28:29.116  3462  3462 I SurfaceFlinger:      Device | 0x7ac4c24a80 | 0000 | RGBA_8888 |   0.0    0.0  720.0 1280.0 |    0    0  720 1280 | org.mozilla.firefox/org.mozilla.fenix.HomeActivity#0
09-02 15:28:29.116  3462  3462 I SurfaceFlinger:      Device | 0x7ac4c24240 | 0000 | RGBA_8888 |   0.0    0.0  720.0 1280.0 |    0    0  720 1280 | Splash Screen org.mozilla.firefox#0
09-02 15:28:29.116  3462  3462 I SurfaceFlinger:      Device | 0x7abe64b980 | 0000 | RGBA_8888 |   0.0    0.0  720.0   42.0 |    0    0  720   42 | StatusBar#0
09-02 15:28:29.116  3462  3462 I SurfaceFlinger: 
09-02 15:28:29.163 20441 20441 D skia    : approximate: numPoints=40, lengths[39]=620.200073, totalLength=620.200073, segmentPoints[39]=[422.600037,0.000000]
09-02 15:28:29.163 20441 20441 D skia    : approximate: approximation[117]=1.000000, approximation[118]=422.600037, approximation[119]=0.000000
09-02 15:28:29.164 20441 20441 D skia    : approximate: numPoints=4, lengths[3]=3.448155, totalLength=3.448155, segmentPoints[3]=[3.000000,0.100000]
09-02 15:28:29.164 20441 20441 D skia    : approximate: approximation[9]=1.000000, approximation[10]=3.000000, approximation[11]=0.100000
09-02 15:28:29.166 20441 20441 D skia    : approximate: numPoints=37, lengths[36]=722.199951, totalLength=722.199951, segmentPoints[36]=[199.600006,0.000000]
09-02 15:28:29.166 20441 20441 D skia    : approximate: approximation[108]=1.000000, approximation[109]=199.600006, approximation[110]=0.000000
09-02 15:28:29.167 20441 20441 D skia    : approximate: numPoints=3, lengths[2]=2.472497, totalLength=2.472497, segmentPoints[2]=[2.000000,0.100000]
09-02 15:28:29.167 20441 20441 D skia    : approximate: approximation[6]=1.000000, approximation[7]=2.000000, approximation[8]=0.100000
09-02 15:28:29.181 20441 20441 V InputMethodManager: Starting input: tba=android.view.inputmethod.EditorInfo@555f1ed nm : org.mozilla.firefox ic=null
09-02 15:28:29.181 20441 20441 I InputMethodManager: startInputInner - mService.startInputOrWindowGainedFocus
09-02 15:28:29.181  3979  9878 D InputMethodManagerService: startInputOrWindowGainedFocus : startInput 
09-02 15:28:29.182  3979  9878 D InputMethodManagerService: setCurrentInputInfo - inputContext : null eidtorInfo : android.view.inputmethod.EditorInfo@d4815a6 missingMethods : 0
09-02 15:28:29.182  4336  4336 I InputMethodWrapper:  call dispatchStartInputWithToken
09-02 15:28:29.182  4336  4336 I InputMethodService: dispatchStartInputWithToken
09-02 15:28:29.183  4336  4336 I SKBD    : SamsungKeypad [IMI] onStartInput - caller pid : 20441, caller uid : 10154
09-02 15:28:29.243 20441 20610 I libglean_ffi: glean_core::upload: Ping 465880ed-810a-403a-b1f9-ecdc8a4f07d4 successfully sent 200.
09-02 15:28:29.245 20441 20610 I libglean_ffi: glean_core::upload::directory: File was deleted /data/user/0/org.mozilla.firefox/glean_data/pending_pings/465880ed-810a-403a-b1f9-ecdc8a4f07d4
09-02 15:28:29.247 20441 20610 I libglean_ffi: glean_core::upload: New upload task with id 3fad5050-28a7-4da7-acbd-4b3fb5048aaf (path: /submit/org-mozilla-firefox/baseline/1/3fad5050-28a7-4da7-acbd-4b3fb5048aaf)
09-02 15:28:29.261  3979  4046 I WindowManager: Destroying surface Surface(name=Splash Screen org.mozilla.firefox) called by com.android.server.wm.WindowStateAnimator.destroySurface:2501 com.android.server.wm.WindowStateAnimator.destroySurfaceLocked:985 com.android.server.wm.WindowState.destroyOrSaveSurfaceUnchecked:3671 com.android.server.wm.WindowState.destroySurface:3619 com.android.server.wm.AppWindowToken.destroySurfaces:722 com.android.server.wm.AppWindowToken.destroySurfaces:706 com.android.server.wm.WindowState.onExitAnimationDone:5333 com.android.server.wm.WindowStateAnimator.stepAnimationLocked:550 
09-02 15:28:29.261  3462  3501 I SurfaceFlinger: id=2762 Removed Splash Screen org.mozilla.firefox#0 (3/5)
09-02 15:28:29.268  3462  3462 I SurfaceFlinger: Display 0 HWC layers:
09-02 15:28:29.268  3462  3462 I SurfaceFlinger:     type    |    handle    | flag |  format   |   source crop (l,t,r,b)    |         frame       | name 
09-02 15:28:29.268  3462  3462 I SurfaceFlinger: ------------+--------------+------+-----------+----------------------------+---------------------+------
09-02 15:28:29.268  3462  3462 I SurfaceFlinger:      Device | 0x7ac4c24a80 | 0000 | RGBA_8888 |   0.0    0.0  720.0 1280.0 |    0    0  720 1280 | org.mozilla.firefox/org.mozilla.fenix.HomeActivity#0
09-02 15:28:29.268  3462  3462 I SurfaceFlinger:      Device | 0x7ac4c24480 | 0000 | RGBA_8888 |   0.0    0.0  720.0   42.0 |    0    0  720   42 | StatusBar#0
09-02 15:28:29.268  3462  3462 I SurfaceFlinger: 
09-02 15:28:29.271  3462  5840 I SurfaceFlinger: id=2762 Removed Splash Screen org.mozilla.firefox#0 (-2/5)
09-02 15:28:29.277  3462  3462 I Layer   : id=2762 onRemoved Splash Screen org.mozilla.firefox#0 
09-02 15:28:29.283  3979  3988 I zygote64: Background concurrent copying GC freed 227938(11MB) AllocSpace objects, 119(2MB) LOS objects, 38% free, 38MB/62MB, paused 691us total 188.854ms
09-02 15:28:29.348  3979  9878 V WindowManager: Relayout Window{acc5882 u0 org.mozilla.firefox/org.mozilla.fenix.HomeActivity}: viewVisibility=0 req=720x1280 WM.LayoutParams{(0,0)(fillxfill) sim=#10 ty=1 fl=#81010100 pfl=0x20000 fmt=-3 wanim=0x7f1404fa vsysui=0x2610 needsMenuKey=2 colorMode=0 naviIconColor=0}
09-02 15:28:29.353 20441 20441 D ViewRootImpl@3ae55cb[HomeActivity]: Relayout returned: old=[0,0][720,1280] new=[0,0][720,1280] result=0x1 surface={valid=true 533355450368} changed=false
09-02 15:28:29.385 20441 20441 W InputMethodManager: Ignoring onBind: cur seq=1782, given seq=1781
09-02 15:28:29.439 10264 16954 I FontLog : Received query Noto Color Emoji Compat, URI content://com.google.android.gms.fonts [CONTEXT service_id=132 ]
09-02 15:28:29.439 10264 16954 I FontLog : Query [emojicompat-emoji-font] resolved to {Noto Color Emoji Compat, wdth 100.0, wght 400, ital 0.0, bestEffort false} [CONTEXT service_id=132 ]
09-02 15:28:29.441 10264 16954 I FontLog : Fetch {Noto Color Emoji Compat, wdth 100.0, wght 400, ital 0.0, bestEffort false} end status Status{statusCode=SUCCESS, resolution=null} [CONTEXT service_id=132 ]
09-02 15:28:29.449 10264 16954 I FontLog : Pulling font file for id = 1336, cache size = 6 [CONTEXT service_id=132 ]
09-02 15:28:29.453  3979  9878 D ConnectivityService: filterNetworkStateForUid() uid: 10025 networkInfo: [type: WIFI[] - WIFI, state: CONNECTED/CONNECTED, reason: (unspecified), extra: "WiFi 69", failover: false, available: true, roaming: false, metered: false]
09-02 15:28:29.455 20441 20441 I zygote64: Deoptimizing kotlinx.coroutines.DisposableHandle kotlinx.coroutines.JobSupport.invokeOnCompletion(boolean, boolean, kotlin.jvm.functions.Function1) due to JIT inline cache
09-02 15:28:29.456 10264 16954 I FontLog : Pulling font file for id = 1336, cache size = 6 [CONTEXT service_id=132 ]
09-02 15:28:29.457 20441 20487 I zygote64: Deoptimizing void kotlinx.coroutines.DispatchedTask.run() due to JIT inline cache
09-02 15:28:29.460 20441 20610 I libglean_ffi: glean_core::upload: Ping 3fad5050-28a7-4da7-acbd-4b3fb5048aaf successfully sent 200.
09-02 15:28:29.462 20441 20610 I libglean_ffi: glean_core::upload::directory: File was deleted /data/user/0/org.mozilla.firefox/glean_data/pending_pings/3fad5050-28a7-4da7-acbd-4b3fb5048aaf
09-02 15:28:29.467  3979  5977 D ConnectivityService: filterNetworkStateForUid() uid: 10025 networkInfo: [type: WIFI[] - WIFI, state: CONNECTED/CONNECTED, reason: (unspecified), extra: "WiFi 69", failover: false, available: true, roaming: false, metered: false]
09-02 15:28:29.468 20441 20610 I libglean_ffi: glean_core::upload: New upload task with id 82a3c2a6-6edb-4afe-aaab-e378d549d844 (path: /submit/org-mozilla-firefox/baseline/1/82a3c2a6-6edb-4afe-aaab-e378d549d844)
09-02 15:28:29.480  3979  5977 D ConnectivityService: filterNetworkStateForUid() uid: 10025 networkInfo: [type: WIFI[] - WIFI, state: CONNECTED/CONNECTED, reason: (unspecified), extra: "WiFi 69", failover: false, available: true, roaming: false, metered: false]
09-02 15:28:29.490  3979  9878 V WindowManager: rotationForOrientationLw(orient=2, last=0); user=0  sensorRotation=-1 mLidState=-1 mDockMode=0 mHdmiPlugged=false
09-02 15:28:29.498 20441 20441 I zygote64: Deoptimizing java.lang.Object mozilla.components.support.ktx.kotlinx.coroutines.flow.FlowKt$filterChanged$1.invokeSuspend(java.lang.Object) due to JIT inline cache
09-02 15:28:29.503  3979  3979 D PreBindingService: handleMessage : 1
09-02 15:28:29.532  3979  9878 V WindowManager: Relayout Window{acc5882 u0 org.mozilla.firefox/org.mozilla.fenix.HomeActivity}: viewVisibility=0 req=720x1280 WM.LayoutParams{(0,0)(fillxfill) sim=#10 ty=1 fl=#81010100 pfl=0x20000 fmt=-3 wanim=0x7f1404fa vsysui=0x2610 needsMenuKey=2 colorMode=0 naviIconColor=0}
09-02 15:28:29.537 20441 20441 D ViewRootImpl@3ae55cb[HomeActivity]: Relayout returned: old=[0,0][720,1280] new=[0,0][720,1280] result=0x1 surface={valid=true 533355450368} changed=false
09-02 15:28:29.556 20441 20441 I WebExtension: releasePendingMessages: extension=fxa@mozac.org nativeApp=mozacWebchannelBackground session=null
09-02 15:28:29.580 20441 20446 I zygote64: Do full code cache collection, code=501KB, data=301KB
09-02 15:28:29.583 20441 20446 I zygote64: After code cache collection, code=395KB, data=197KB
09-02 15:28:29.622 20441 20441 I WebExtension: releasePendingMessages: extension=cookies@mozac.org nativeApp=MozacBrowserSearchMessage session=org.mozilla.geckoview.GeckoSession@42cd72d
09-02 15:28:29.629 20441 20441 I WebExtension: releasePendingMessages: extension=ads@mozac.org nativeApp=MozacBrowserAdsMessage session=org.mozilla.geckoview.GeckoSession@42cd72d
09-02 15:28:29.633 20441 20469 W ResourceType: Too many attribute references, stopped at: 0x01010099
09-02 15:28:29.634 20441 20441 I WebExtension: releasePendingMessages: extension=icons@mozac.org nativeApp=MozacBrowserIcons session=org.mozilla.geckoview.GeckoSession@42cd72d
09-02 15:28:29.642 20441 20441 I zygote64: Deoptimizing java.lang.Object mozilla.components.support.ktx.kotlinx.coroutines.flow.FlowKt$filterChanged$1.invokeSuspend(java.lang.Object) due to JIT inline cache
09-02 15:28:29.643 20441 20441 I WebExtension: releasePendingMessages: extension=readerview@mozac.org nativeApp=mozacReaderviewActive session=org.mozilla.geckoview.GeckoSession@42cd72d
09-02 15:28:29.643 20441 20441 I WebExtension: releasePendingMessages: extension=readerview@mozac.org nativeApp=mozacReaderview session=org.mozilla.geckoview.GeckoSession@42cd72d
09-02 15:28:29.643 20441 20441 I WebExtension: releasePendingMessages: extension=fxa@mozac.org nativeApp=mozacWebchannel session=org.mozilla.geckoview.GeckoSession@42cd72d
09-02 15:28:29.650 20441 20441 I SessionPrioritizationMiddleware: Update the currentSelectedTab 7b203a99-8612-45ee-ae16-cc73f43c45fe priority to HIGH
09-02 15:28:29.665 20441 20441 I zygote64: Deoptimizing void kotlinx.coroutines.DispatchedTask.run() due to JIT inline cache
09-02 15:28:29.668 20441 20441 I WebExtension: releasePendingMessages: extension=readerview@mozac.org nativeApp=mozacReaderviewActive session=org.mozilla.geckoview.GeckoSession@42cd72d
09-02 15:28:29.668 20441 20441 I WebExtension: releasePendingMessages: extension=readerview@mozac.org nativeApp=mozacReaderview session=org.mozilla.geckoview.GeckoSession@42cd72d
09-02 15:28:29.691  3979  3979 D CustomFrequencyManagerService: releaseDVFSLockLocked : Getting Lock type frm List : DVFS_MIN_LIMIT  frequency : 1560000  uid : 1000  pid : 3979  tag : AMS_RESUME_TAIL@CPU_MIN@14
09-02 15:28:29.724 20503 20530 I GeckoLoader: Library base=/data/app/org.mozilla.firefox-qXEeZwQeSKU-v4RxzjCTZA==/lib/arm64
09-02 15:28:29.724 20441 20469 W AudioCapabilities: Unsupported mime audio/mpeg-L1
09-02 15:28:29.724 20503 20530 I GeckoLoader: Library base=/data/app/org.mozilla.firefox-qXEeZwQeSKU-v4RxzjCTZA==/lib/arm64
09-02 15:28:29.724 20441 20469 W AudioCapabilities: Unsupported mime audio/mpeg-L2
09-02 15:28:29.725 20503 20530 E GeckoLibLoad: Load sqlite start
09-02 15:28:29.727 20441 20469 W AudioCapabilities: Unsupported mime audio/x-ms-wma
09-02 15:28:29.728 20503 20530 E GeckoLibLoad: Load sqlite done
09-02 15:28:29.728 20441 20469 W AudioCapabilities: Unsupported mime audio/x-ima
09-02 15:28:29.728 20503 20530 I GeckoLoader: Library base=/data/app/org.mozilla.firefox-qXEeZwQeSKU-v4RxzjCTZA==/lib/arm64
09-02 15:28:29.729 20503 20530 E GeckoLibLoad: Load nss start
09-02 15:28:29.729 20503 20530 E GeckoLibLoad: Load nss done
09-02 15:28:29.729 20503 20530 I GeckoLoader: Library base=/data/app/org.mozilla.firefox-qXEeZwQeSKU-v4RxzjCTZA==/lib/arm64
09-02 15:28:29.733 20441 20469 W VideoCapabilities: Unrecognized profile 2130706433 for video/avc
09-02 15:28:29.733 20441 20469 W VideoCapabilities: Unrecognized profile 2130706434 for video/avc
09-02 15:28:29.735 20441 20469 W VideoCapabilities: Unrecognized profile 2130706433 for video/avc
09-02 15:28:29.735 20441 20469 W VideoCapabilities: Unrecognized profile 2130706434 for video/avc
09-02 15:28:29.745 20441 20469 W VideoCapabilities: Unsupported mime video/wvc1
09-02 15:28:29.746 20441 20469 W VideoCapabilities: Unsupported mime video/x-ms-wmv
09-02 15:28:29.748 20441 20469 W VideoCapabilities: Unrecognized profile 2130706433 for video/avc
09-02 15:28:29.748 20441 20469 W VideoCapabilities: Unrecognized profile 2130706434 for video/avc
09-02 15:28:29.749 20441 20469 W VideoCapabilities: Unsupported mime video/avc-wfd
09-02 15:28:29.765 20503 20530 E GeckoLibLoad: Loaded libs in 36.022808ms total, 20ms(20ms) user, 16ms(16ms) system, 0(0) faults
09-02 15:28:29.766 20503 20530 W GeckoThread: zerdatime 106491198 - runGecko
09-02 15:28:29.773 20441 20469 I VideoCapabilities: Unsupported profile 4 for video/mp4v-es
09-02 15:28:29.799 20441 20469 W VideoCapabilities: Unrecognized profile/level 1/32 for video/mp4v-es
09-02 15:28:29.799 20441 20469 W VideoCapabilities: Unrecognized profile/level 32768/2 for video/mp4v-es
09-02 15:28:29.799 20441 20469 W VideoCapabilities: Unrecognized profile/level 32768/64 for video/mp4v-es
09-02 15:28:29.802 20441 20469 W VideoCapabilities: Unsupported mime video/wvc1
09-02 15:28:29.804 20441 20469 W VideoCapabilities: Unsupported mime video/x-ms-wmv
09-02 15:28:29.807 20441 20469 W VideoCapabilities: Unsupported mime video/x-ms-wmv7
09-02 15:28:29.809 20441 20469 W VideoCapabilities: Unsupported mime video/x-ms-wmv8
09-02 15:28:29.812  3449  3449 I android.hardware.wifi@1.0-service: getLinkLayerStats
09-02 15:28:29.812 20441 20469 W VideoCapabilities: Unsupported mime video/mp43
09-02 15:28:29.820 20441 20446 I zygote64: Do partial code cache collection, code=493KB, data=258KB
09-02 15:28:29.821 20441 20446 I zygote64: After code cache collection, code=482KB, data=254KB
09-02 15:28:29.821 20441 20446 I zygote64: Increasing code cache capacity to 2MB
09-02 15:28:29.838 20573 20632 D libGLESv2: STS_GLApi : DTS, ODTC are not allowed for Package : org.mozilla.firefox:gpu
09-02 15:28:29.843 20573 20585 V Surface : sf_framedrop debug : 0x4f4c, game : false, logging : 0
09-02 15:28:29.849 20573 20632 D mali_winsys: EGLint new_window_surface(egl_winsys_display *, void *, EGLSurface, EGLConfig, egl_winsys_surface **, egl_color_buffer_format *, EGLBoolean) returns 0x3000,  [720x1238]-format:2
09-02 15:28:29.851 20441 20469 I GeckoSession: zerdatime 106491283 - chrome startup finished
09-02 15:28:29.861 20441 20441 I GeckoSession: handleMessage GeckoView:PageStart uri=
09-02 15:28:29.862 20441 20610 I libglean_ffi: glean_core::upload: Ping 82a3c2a6-6edb-4afe-aaab-e378d549d844 successfully sent 200.
09-02 15:28:29.864 20441 20610 I libglean_ffi: glean_core::upload::directory: File was deleted /data/user/0/org.mozilla.firefox/glean_data/pending_pings/82a3c2a6-6edb-4afe-aaab-e378d549d844
09-02 15:28:29.866 20441 20441 I GeckoSession: handleMessage GeckoView:PageStop uri=null
09-02 15:28:29.867 20441 20610 I libglean_ffi: glean_core::upload: No more pings to upload! You are done.
09-02 15:28:29.871  3979  4111 D MdnieScenarioControlService:  packageName : org.mozilla.firefox    className : org.mozilla.fenix.HomeActivity
09-02 15:28:29.871  3979  4111 V MdnieScenarioControlService: setUIMode from UI function(3)
09-02 15:28:29.880 20441 20528 I WM-WorkerWrapper: Worker result SUCCESS for Work [ id=873c8649-f88b-45a9-877b-b9d047656c2f, tags={ mozilla.telemetry.glean.scheduler.PingUploadWorker, mozac_service_glean_ping_upload_worker } ]
09-02 15:28:29.889 20441 20441 D ConnectivityManager: unregisterNetworkCallback; CallingUid : 10154, CallingPid : 20441
09-02 15:28:29.890  3979  4180 D ConnectivityService: releasing NetworkRequest [ TRACK_DEFAULT id=938, [ Capabilities: INTERNET&NOT_RESTRICTED&TRUSTED&NOT_VPN] ] (CALLBACK_RELEASED)
09-02 15:28:29.890  3979  4180 D ConnectivityService:  Removing from current network NetworkAgentInfo [WIFI () - 502], leaving 19 requests.
09-02 15:28:29.891  3979  4180 D ConnectivityService: sending notification RELEASED for NetworkRequest [ TRACK_DEFAULT id=938, [ Capabilities: INTERNET&NOT_RESTRICTED&TRUSTED&NOT_VPN] ]
09-02 15:28:29.900 20441 20441 I GeckoSession: handleMessage GeckoView:PageStart uri=
09-02 15:28:29.903  3614  3927 D DnsProxyListener: DNSDBG::dns addrinfo af 2
09-02 15:28:29.903  3614  3927 I chatty  : uid=0(root) /system/bin/netd identical 1 line
09-02 15:28:29.903  3614  3927 D DnsProxyListener: DNSDBG::dns addrinfo af 2
09-02 15:28:29.934  3462  3462 I SurfaceFlinger: Display 0 HWC layers:
09-02 15:28:29.934  3462  3462 I SurfaceFlinger:     type    |    handle    | flag |  format   |   source crop (l,t,r,b)    |         frame       | name 
09-02 15:28:29.934  3462  3462 I SurfaceFlinger: ------------+--------------+------+-----------+----------------------------+---------------------+------
09-02 15:28:29.934  3462  3462 I SurfaceFlinger:      Client | 0x7ac4c25500 | 0000 | RGBx_8888 |   0.0    0.0  720.0 1140.0 |    0  140  720 1280 | SurfaceView - org.mozilla.firefox/org.mozilla.fenix.HomeActivity@b9559d9@0#0
09-02 15:28:29.934  3462  3462 I SurfaceFlinger:      Client | 0x7ac4c24780 | 0000 | RGBA_8888 |   0.0    0.0  720.0 1280.0 |    0    0  720 1280 | org.mozilla.firefox/org.mozilla.fenix.HomeActivity#0
09-02 15:28:29.934  3462  3462 I SurfaceFlinger:      Client | 0x7abe64b980 | 0000 | RGBA_8888 |   0.0    0.0  720.0   42.0 |    0    0  720   42 | StatusBar#0
09-02 15:28:29.934  3462  3462 I SurfaceFlinger: 
09-02 15:28:29.935  3614  3927 D DnsProxyListener: DNSDBG::dns addrinfo af 2
09-02 15:28:29.941  3614  3927 I chatty  : uid=0(root) /system/bin/netd identical 2 lines
09-02 15:28:29.964  3614  3927 D DnsProxyListener: DNSDBG::dns addrinfo af 2
09-02 15:28:29.966 20441 20469 D GeckoIdleService: Registering Idle observer callback
09-02 15:28:29.966 20441 20469 D GeckoIdleService: Register idle observer 0x7c289d9be0 for 180 seconds
09-02 15:28:29.966 20441 20469 D GeckoIdleService: Register: adjusting next switch from -1 to 180 seconds
09-02 15:28:29.966 20441 20469 D GeckoIdleService: next timeout 180000 msec from now
09-02 15:28:29.966 20441 20469 D GeckoIdleService: SetTimerExpiryIfBefore: next timeout 180000 msec from now
09-02 15:28:29.966 20441 20469 D GeckoIdleService: reset timer expiry to 180010 msec from now
09-02 15:28:29.972  3614  3927 D DnsProxyListener: DNSDBG::dns addrinfo af 2
09-02 15:28:30.003  3614  3927 I chatty  : uid=0(root) /system/bin/netd identical 1 line
09-02 15:28:30.005  3614  3927 D DnsProxyListener: DNSDBG::dns addrinfo af 2
09-02 15:28:30.123  3979  4051 D SensorService: [SO] 0.124 -0.388 9.840
09-02 15:28:30.149  3979  3979 D PreBindingService: handleMessage : 1
09-02 15:28:30.163 20441 20441 I zygote64: Deoptimizing int mozilla.components.browser.state.state.TabSessionState.hashCode() due to JIT inline cache
09-02 15:28:30.163 20441 20441 I zygote64: Deoptimizing int mozilla.components.browser.state.state.SessionState$-CC.m(java.util.List, int, int) due to JIT inline cache
09-02 15:28:30.250  3979  3979 D PreBindingService: handleMessage : 1
09-02 15:28:30.598  3614  3927 D DnsProxyListener: DNSDBG::dns addrinfo af 2
09-02 15:28:30.655  3614  3927 I chatty  : uid=0(root) /system/bin/netd identical 3 lines
09-02 15:28:30.855  3614  3927 D DnsProxyListener: DNSDBG::dns addrinfo af 2
09-02 15:28:30.904 20441 20469 D GeckoIdleService: Register idle observer 0x7c11223d28 for 5 seconds
09-02 15:28:30.905 20441 20469 D GeckoIdleService: Register: adjusting next switch from 180 to 5 seconds
09-02 15:28:30.905 20441 20469 D GeckoIdleService: next timeout 4061 msec from now
09-02 15:28:30.905 20441 20469 D GeckoIdleService: SetTimerExpiryIfBefore: next timeout 4061 msec from now
09-02 15:28:30.905 20441 20469 D GeckoIdleService: reset timer expiry to 4071 msec from now
09-02 15:28:31.056  3614  3927 D DnsProxyListener: DNSDBG::dns addrinfo af 2
09-02 15:28:31.209 20441 20441 I zygote64: Deoptimizing kotlin.coroutines.CoroutineContext kotlinx.coroutines.CoroutineContextKt.newCoroutineContext(kotlinx.coroutines.CoroutineScope, kotlin.coroutines.CoroutineContext) due to JIT inline cache
09-02 15:28:31.213 20441 20739 I zygote64: Deoptimizing void kotlinx.coroutines.DispatchedTask.run() due to JIT inline cache
09-02 15:28:31.219 20441 20739 I zygote64: Deoptimizing int kotlin.collections.CollectionsKt__IteratorsJVMKt.collectionSizeOrDefault(java.lang.Iterable, int) due to JIT inline cache
09-02 15:28:31.238 20441 20739 I zygote64: Deoptimizing void kotlin.coroutines.jvm.internal.BaseContinuationImpl.resumeWith(java.lang.Object) due to JIT inline cache
09-02 15:28:31.337  3979  6899 D SSRM:G  : SIOP:: AP = 310, PST = 307 (W:12), BAT = 275, USB = 0, CHG = 0
09-02 15:28:31.393  3614  3927 D DnsProxyListener: DNSDBG::dns addrinfo af 2
09-02 15:28:31.466  3979  4484 E Watchdog: !@Sync 1727 [2023-09-02 15:28:31.466]
09-02 15:28:31.476 20441 20741 I zygote64: Deoptimizing void kotlinx.coroutines.DispatchedTask.run() due to JIT inline cache
09-02 15:28:31.476 20441 20741 I zygote64: Deoptimizing boolean kotlinx.coroutines.AbstractCoroutine.isActive() due to JIT inline cache
09-02 15:28:31.477 20441 20742 I zygote64: Deoptimizing boolean kotlinx.coroutines.JobSupport.isActive() due to JIT inline cache
09-02 15:28:31.480 20441 20742 I zygote64: Deoptimizing boolean kotlin.sequences.FlatteningSequence$iterator$1.ensureItemIterator() due to JIT inline cache
09-02 15:28:31.499 20441 20742 I zygote64: Deoptimizing void kotlin.coroutines.jvm.internal.BaseContinuationImpl.resumeWith(java.lang.Object) due to JIT inline cache
09-02 15:28:31.499 20441 20742 I zygote64: Deoptimizing void kotlinx.coroutines.CancellableContinuationImpl.dispatchResume(int) due to JIT inline cache
09-02 15:28:31.500 20441 20744 I zygote64: Deoptimizing void kotlinx.coroutines.JobSupport.completeStateFinalization(kotlinx.coroutines.Incomplete, java.lang.Object) due to JIT inline cache
09-02 15:28:31.700  3614  3927 D DnsProxyListener: DNSDBG::dns addrinfo af 2
09-02 15:28:31.758 20441 20441 I zygote64: Deoptimizing org.mozilla.fenix.FenixApplication org.mozilla.fenix.ext.ContextKt.getApplication(android.content.Context) due to JIT inline cache
09-02 15:28:31.774  3614  3927 D DnsProxyListener: DNSDBG::dns addrinfo af 2
09-02 15:28:31.984  3614  3927 I chatty  : uid=0(root) /system/bin/netd identical 3 lines
09-02 15:28:31.999  3614  3927 D DnsProxyListener: DNSDBG::dns addrinfo af 2
09-02 15:28:32.003 20441 20441 I GeckoSession: handleMessage GeckoView:PageStop uri=null
09-02 15:28:32.007  3614  3927 D DnsProxyListener: DNSDBG::dns addrinfo af 2
09-02 15:28:32.021 20441 20500 I SessionStorage/AutoSave: Save: Load finished
09-02 15:28:32.021 20441 20500 I zygote64: Deoptimizing void kotlinx.coroutines.AbstractCoroutine.<init>(kotlin.coroutines.CoroutineContext, boolean) due to JIT inline cache
09-02 15:28:32.024  3614  3927 D DnsProxyListener: DNSDBG::dns addrinfo af 2
09-02 15:28:32.152  3614  3927 I chatty  : uid=0(root) /system/bin/netd identical 12 lines
09-02 15:28:32.161  3614  3927 D DnsProxyListener: DNSDBG::dns addrinfo af 2
09-02 15:28:32.194  4349  4349 D KeyguardUpdateMonitor: handleStatusBarState( false )
09-02 15:28:32.356  3979  5977 D ConnectivityService: filterNetworkStateForUid() uid: 10154 networkInfo: [type: WIFI[] - WIFI, state: CONNECTED/CONNECTED, reason: (unspecified), extra: "WiFi 69", failover: false, available: true, roaming: false, metered: false]
09-02 15:28:32.361  3979  5977 D ConnectivityService: filterNetworkStateForUid() uid: 10154 networkInfo: [type: WIFI[] - WIFI, state: CONNECTED/CONNECTED, reason: (unspecified), extra: "WiFi 69", failover: false, available: true, roaming: false, metered: false]
09-02 15:28:32.438  3979  5977 D BatteryService: !@BatteryListener : batteryPropertiesChanged!
09-02 15:28:32.438  3979  5977 D BatteryService: level:100, scale:100, status:5, health:2, present:true, voltage: 4270, temperature: 276, technology: Li-ion, AC powered:false, USB powered:true, POGO powered:false, Wireless powered:false, icon:17303834, invalid charger:0, maxChargingCurrent:0, maxChargingVoltage:0, chargeCounter:0
09-02 15:28:32.438  3979  5977 D BatteryService: online:4, current avg:-64, charge type:1, power sharing:false, high voltage charger:false, capacity:280000, batterySWSelfDischarging:false, misc_event:0, current_event:0, current_now:-114
09-02 15:28:32.438  3979  3979 D BatteryService: Sending ACTION_BATTERY_CHANGED.
09-02 15:28:32.440  3979  3979 D SamsungPhoneWindowManager: ACTION_BATTERY_CHANGED - Level :: 100, battStatus :: 5
09-02 15:28:32.440  3979  3979 I MotionRecognitionService: Plugged
09-02 15:28:32.440  3979  3979 D MotionRecognitionService:   mCableConnection= 1
09-02 15:28:32.440  3979  3979 D MotionRecognitionService: setPowerConnected : mGripEnabled = false
09-02 15:28:32.441  3979  4002 D UsbDeviceManager: handleMessage -> MSG_UPDATE_CHARGING_STATE = 1
09-02 15:28:32.441  4349  4349 D KeyguardUpdateMonitor: received broadcast android.intent.action.BATTERY_CHANGED
09-02 15:28:32.442  4349  4349 D BatteryController: onReceive-ACTION_BATTERY_CHANGED : mLevel=100, mBatteryStatus=5
09-02 15:28:32.445  4349  4349 D PowerUI : priorPlugType = 2 mPlugType =  2
09-02 15:28:32.535 14031 14031 E adbd    : recv: OPEN 00021b6a 00000000 0076:73 68 65 6C 6C 2C 76 32 2C 54 45 52 4D 3D 78 74 65 72 6D 2D 32 35 36 63 6F 6C 6F 72 2C 72 61 77 3A 64 75 6D 70 73 79 73 20 61 63 74 69 76 69 74 79 20 72 65 63 65 6E 74 73 20 7C 20 67 72 65 70 20 22 52 65 63 65 6E 74 20 23 30 22 20 7C 20 63 75 74 20 2D 64 20 22 3D 22 20 2D 66 32 20 7C 20 67 72 65 70 20 2D 6F 20 2D 70 20 22 5B 61 2D 7A 7C 2E 5D 2A 22 00 
09-02 15:28:32.535 14031 14031 E adbd    : service_to_fd: shell,v2,TERM=xterm-256color,raw:dumpsys activity recents | grep "Recent #0" | cut -d "=" -f2 | grep -o -p "[a-z|.]*"
09-02 15:28:32.540 20441 20441 W GeckoSession: No history entries found.
09-02 15:28:32.567 20441 20487 I zygote64: Deoptimizing boolean kotlinx.coroutines.JobSupport.isActive() due to JIT inline cache
09-02 15:28:32.648 14031 14031 E adbd    : recv: OPEN 00021b6d 00000000 0042:73 68 65 6C 6C 2C 76 32 2C 54 45 52 4D 3D 78 74 65 72 6D 2D 32 35 36 63 6F 6C 6F 72 2C 72 61 77 3A 67 65 74 70 72 6F 70 20 72 6F 2E 62 75 69 6C 64 2E 76 65 72 73 69 6F 6E 2E 72 65 6C 65 61 73 65 00 
09-02 15:28:32.648 14031 14031 E adbd    : service_to_fd: shell,v2,TERM=xterm-256color,raw:getprop ro.build.version.release
09-02 15:28:32.717 14031 14031 E adbd    : recv: OPEN 00021b70 00000000 003e:73 68 65 6C 6C 2C 76 32 2C 54 45 52 4D 3D 78 74 65 72 6D 2D 32 35 36 63 6F 6C 6F 72 2C 72 61 77 3A 67 65 74 70 72 6F 70 20 72 6F 2E 62 75 69 6C 64 2E 76 65 72 73 69 6F 6E 2E 73 64 6B 00 
09-02 15:28:32.717 14031 14031 E adbd    : service_to_fd: shell,v2,TERM=xterm-256color,raw:getprop ro.build.version.sdk
09-02 15:28:32.794 14031 14031 E adbd    : recv: OPEN 00021b73 00000000 0034:73 68 65 6C 6C 2C 76 32 2C 54 45 52 4D 3D 78 74 65 72 6D 2D 32 35 36 63 6F 6C 6F 72 2C 72 61 77 3A 69 6E 70 75 74 20 74 61 70 20 35 35 30 20 31 35 30 30 00 
09-02 15:28:32.794 14031 14031 E adbd    : service_to_fd: shell,v2,TERM=xterm-256color,raw:input tap 550 1500
09-02 15:28:32.816  3449  3449 I android.hardware.wifi@1.0-service: getLinkLayerStats
09-02 15:28:33.170  3614  3927 D DnsProxyListener: DNSDBG::dns addrinfo af 2
09-02 15:28:33.219 20781 20781 W ADebug  : Failed to get property persist.sys.media.traces
09-02 15:28:33.223 20781 20781 E appproc : Enhanced Zygote ASLR: ro.knox.enhance.zygote.aslr != 1. Enhanced Zygote ASLR is DISABLED!
09-02 15:28:33.223 20781 20781 D AndroidRuntime: >>>>>> START com.android.internal.os.RuntimeInit uid 2000 <<<<<<
09-02 15:28:33.226 20781 20781 D SecNativeFeatureCppIf: encoded
09-02 15:28:33.226 20781 20781 D SecNativeFeatureCppIf: decoding and unzip finish
09-02 15:28:33.226 20781 20781 D SecNativeFeatureCppIf: use unCompDataBuff. encoded
09-02 15:28:33.226 20781 20781 D SecNativeFeatureCppIf: Free unCompDataBuff
09-02 15:28:33.226 20781 20781 D SecNativeFeatureCppIf: encoded
09-02 15:28:33.226 20781 20781 D SecNativeFeatureCppIf: decoding and unzip finish
09-02 15:28:33.226 20781 20781 D SecNativeFeatureCppIf: use unCompDataBuff. encoded
09-02 15:28:33.227 20781 20781 D SecNativeFeatureCppIf: Free unCompDataBuff
09-02 15:28:33.227 20781 20781 D SecNativeFeatureCppIf: encoded
09-02 15:28:33.227 20781 20781 D SecNativeFeatureCppIf: decoding and unzip finish
09-02 15:28:33.227 20781 20781 D SecNativeFeatureCppIf: use unCompDataBuff. encoded
09-02 15:28:33.227 20781 20781 D SecNativeFeatureCppIf: Free unCompDataBuff
09-02 15:28:33.227 20781 20781 D SecNativeFeatureCppIf: encoded
09-02 15:28:33.227 20781 20781 D SecNativeFeatureCppIf: decoding and unzip finish
09-02 15:28:33.227 20781 20781 D SecNativeFeatureCppIf: use unCompDataBuff. encoded
09-02 15:28:33.227 20781 20781 D SecNativeFeatureCppIf: Free unCompDataBuff
09-02 15:28:33.328 20781 20781 D ICU     : Timezone override file found: /data/misc/zoneinfo/current/icu/icu_tzdata.dat
09-02 15:28:33.344 20781 20781 I app_process: find the special shared library, skip check
09-02 15:28:33.386 20781 20781 D SemCscFeature: Encoded
09-02 15:28:33.389 20781 20781 I chatty  : uid=2000(shell) identical 2 lines
09-02 15:28:33.390 20781 20781 D SemCscFeature: Encoded
09-02 15:28:33.391 20781 20781 E SemAffinityControl: SemAffinityControl: registerfunction enter
09-02 15:28:33.397 20781 20781 D AndroidRuntime: Calling main entry com.android.commands.input.Input
09-02 15:28:33.401 20781 20781 I Input   : injectMotionEvent: MotionEvent { action=ACTION_DOWN, actionButton=0, id[0]=0, x[0]=550.0, y[0]=1500.0, toolType[0]=TOOL_TYPE_UNKNOWN, buttonState=0, metaState=0, flags=0x0, edgeFlags=0x0, pointerCount=1, historySize=0, eventTime=51846643, downTime=51846643, deviceId=3, source=0x1002 }
09-02 15:28:33.402  3979  5977 D InputDispatcher: Inject motion (20781): action=0x0, eventTime=51846643000000, displayId=0
09-02 15:28:33.402  3979  4081 I InputDispatcher: Dropping event because there is no touchable window at (550, 1500).
09-02 15:28:33.403  3979  5977 W InputManager: Input event injection from pid 20781 failed.
09-02 15:28:33.403 20781 20781 I Input   : injectMotionEvent: MotionEvent { action=ACTION_UP, actionButton=0, id[0]=0, x[0]=550.0, y[0]=1500.0, toolType[0]=TOOL_TYPE_UNKNOWN, buttonState=0, metaState=0, flags=0x0, edgeFlags=0x0, pointerCount=1, historySize=0, eventTime=51846643, downTime=51846643, deviceId=3, source=0x1002 }
09-02 15:28:33.403  3979  5977 D InputDispatcher: Inject motion (20781): action=0x1, eventTime=51846643000000, displayId=0
09-02 15:28:33.404  3979  5977 W InputManager: Input event injection from pid 20781 failed.
09-02 15:28:33.404 20781 20781 D AndroidRuntime: Shutting down VM
09-02 15:28:33.483 14031 14031 E adbd    : recv: OPEN 00021b76 00000000 0042:73 68 65 6C 6C 2C 76 32 2C 54 45 52 4D 3D 78 74 65 72 6D 2D 32 35 36 63 6F 6C 6F 72 2C 72 61 77 3A 67 65 74 70 72 6F 70 20 72 6F 2E 62 75 69 6C 64 2E 76 65 72 73 69 6F 6E 2E 72 65 6C 65 61 73 65 00 
09-02 15:28:33.483 14031 14031 E adbd    : service_to_fd: shell,v2,TERM=xterm-256color,raw:getprop ro.build.version.release
09-02 15:28:33.558 14031 14031 E adbd    : recv: OPEN 00021b79 00000000 003e:73 68 65 6C 6C 2C 76 32 2C 54 45 52 4D 3D 78 74 65 72 6D 2D 32 35 36 63 6F 6C 6F 72 2C 72 61 77 3A 67 65 74 70 72 6F 70 20 72 6F 2E 62 75 69 6C 64 2E 76 65 72 73 69 6F 6E 2E 73 64 6B 00 
09-02 15:28:33.558 14031 14031 E adbd    : service_to_fd: shell,v2,TERM=xterm-256color,raw:getprop ro.build.version.sdk
09-02 15:28:33.632 14031 14031 E adbd    : recv: OPEN 00021b7c 00000000 0102:73 68 65 6C 6C 2C 76 32 2C 54 45 52 4D 3D 78 74 65 72 6D 2D 32 35 36 63 6F 6C 6F 72 2C 72 61 77 3A 61 6D 20 73 74 61 72 74 2D 66 6F 72 65 67 72 6F 75 6E 64 2D 73 65 72 76 69 63 65 20 2D 6E 20 22 63 6F 6D 2E 65 78 61 6D 70 6C 65 2E 62 61 74 74 65 72 79 6D 61 6E 61 67 65 72 5F 75 74 69 6C 69 74 79 2F 63 6F 6D 2E 65 78 61 6D 70 6C 65 2E 62 61 74 74 65 72 79 6D 61 6E 61 67 65 72 5F 75 74 69 6C 69 74 79 2E 44 61 74 61 43 6F 6C 6C 65 63 74 69 6F 6E 53 65 72 76 69 63 65 22 20 2D 2D 65 69 20 73 61 6D 70 6C 65 52 61 74 65 20 31 30 30 20 2D 2D 65 73 20 22 64 61 74 61 46 69 65 6C 64 73 22 20 22 42 41 54 54 45 52 59 5F 50 52 4F 50 45 52 54 59 5F 43 55 52 52 45 4E 54 5F 4E 4F 57 2C 45 58 54 52 41 5F 56 4F 4C 54 41 47 45 22 20 2D 2D 65 7A 20 74 6F 43 53 56 20 66 61 6C 73 65 00 
09-02 15:28:33.632 14031 14031 E adbd    : service_to_fd: shell,v2,TERM=xterm-256color,raw:am start-foreground-service -n "com.example.batterymanager_utility/com.example.batterymanager_utility.DataCollectionService" --ei sampleRate 100 --es "dataFields" "BATTERY_PROPERTY_CURRENT_NOW,EXTRA_VOLTAGE" --ez toCSV false
09-02 15:28:33.716 20400 20400 I BatteryMgr:DataCollectionService: onStartCommand: begin
09-02 15:28:33.716 20400 20400 I BatteryMgr:DataCollectionService: onStartCommand: sampleRate => 100
09-02 15:28:33.717 20400 20400 I BatteryMgr:DataCollectionService: onStartCommand: rawFields => Timestamp,BATTERY_PROPERTY_CURRENT_NOW,EXTRA_VOLTAGE
09-02 15:28:33.719 20400 20400 I BatteryMgr:DataCollectionService: onStartCommand: notification done
09-02 15:28:33.721 20400 20400 D Notification: allPendingIntents
09-02 15:28:33.722 20400 20400 I BatteryMgr:DataCollectionService: started foreground
09-02 15:28:33.730  3979  3995 D ApplicationPolicy: isStatusBarNotificationAllowedAsUser: packageName = android,userId = 0
09-02 15:28:33.730  3979  3995 D API test: getContainerInfo: value is 
09-02 15:28:33.730  3979  3995 D ApplicationPolicy: isStatusBarNotificationAllowedAsUser: packageName = android,userId = 0
09-02 15:28:33.730  3979  3995 D API test: getContainerInfo: value is 
09-02 15:28:33.731  3979  3995 D ApplicationPolicy: isStatusBarNotificationAllowedAsUser: packageName = com.example.batterymanager_utility,userId = 0
09-02 15:28:33.731  3979  3995 D API test: getContainerInfo: value is 
09-02 15:28:33.732  3979  3995 D ApplicationPolicy: isStatusBarNotificationAllowedAsUser: packageName = com.example.batterymanager_utility,userId = 0
09-02 15:28:33.732  3979  3995 D API test: getContainerInfo: value is 
09-02 15:28:33.735  3979  3979 D AudioService: getStreamVolume 5 index 110
09-02 15:28:33.737  3979  9339 D Notification: allPendingIntents
09-02 15:28:33.738  3979  9339 D Notification: allPendingIntents
09-02 15:28:33.739  4349  4349 D StatusBar: addNotification key=0|android|40|null|1000 fullscreen:false
09-02 15:28:33.741  3979  3979 I AccessibilityManagerService: semOnLightNotification(null), bIsFlashOn : false
09-02 15:28:33.741 20400 20801 I BatteryMgr:DataCollectionService: collectData: begin
09-02 15:28:33.741  3979  3979 D AccessibilityManagerService: Can't use light notification
09-02 15:28:33.742  3979  3979 D AudioService: getStreamVolume 5 index 110
09-02 15:28:33.745  3979  9339 D Notification: allPendingIntents
09-02 15:28:33.746  3979  5977 D Notification: allPendingIntents
09-02 15:28:33.748  4349  4349 D StatusBar: addNotification key=0|com.example.batterymanager_utility|1|null|10157 fullscreen:false
09-02 15:28:33.748 20400 20801 I BatteryMgr:DataCollectionService: stats => 1693661313748,-114,4270
09-02 15:28:33.755 14031 14031 E adbd    : recv: OPEN 00021b7f 00000000 0042:73 68 65 6C 6C 2C 76 32 2C 54 45 52 4D 3D 78 74 65 72 6D 2D 32 35 36 63 6F 6C 6F 72 2C 72 61 77 3A 67 65 74 70 72 6F 70 20 72 6F 2E 62 75 69 6C 64 2E 76 65 72 73 69 6F 6E 2E 72 65 6C 65 61 73 65 00 
09-02 15:28:33.755 14031 14031 E adbd    : service_to_fd: shell,v2,TERM=xterm-256color,raw:getprop ro.build.version.release
09-02 15:28:33.828 14031 14031 E adbd    : recv: OPEN 00021b82 00000000 003e:73 68 65 6C 6C 2C 76 32 2C 54 45 52 4D 3D 78 74 65 72 6D 2D 32 35 36 63 6F 6C 6F 72 2C 72 61 77 3A 67 65 74 70 72 6F 70 20 72 6F 2E 62 75 69 6C 64 2E 76 65 72 73 69 6F 6E 2E 73 64 6B 00 
09-02 15:28:33.828 14031 14031 E adbd    : service_to_fd: shell,v2,TERM=xterm-256color,raw:getprop ro.build.version.sdk
09-02 15:28:33.837  4349  4349 D KeyguardUpdateMonitor: handleStatusBarState( false )
09-02 15:28:33.855 20400 20801 I BatteryMgr:DataCollectionService: stats => 1693661313854,-114,4270
09-02 15:28:33.899 14031 14031 E adbd    : recv: OPEN 00021b85 00000000 0029:73 68 65 6C 6C 2C 76 32 2C 54 45 52 4D 3D 78 74 65 72 6D 2D 32 35 36 63 6F 6C 6F 72 2C 72 61 77 3A 64 61 74 65 20 2D 75 00 
09-02 15:28:33.899 14031 14031 E adbd    : service_to_fd: shell,v2,TERM=xterm-256color,raw:date -u
09-02 15:28:33.952  4962  4962 D io_stats: !@ 179,0 r 652467 19624816 w 472529 10096344 d 51228 19939364 f 121708 124659 iot 570712 480254 th 51200 0 0 pt 0 inp 0 0 51847.197
09-02 15:28:33.961 20400 20801 I BatteryMgr:DataCollectionService: stats => 1693661313961,-114,4270
09-02 15:28:33.967 14031 14031 E adbd    : recv: OPEN 00021b88 00000000 003e:73 68 65 6C 6C 2C 76 32 2C 54 45 52 4D 3D 78 74 65 72 6D 2D 32 35 36 63 6F 6C 6F 72 2C 72 61 77 3A 64 75 6D 70 73 79 73 20 63 70 75 69 6E 66 6F 20 7C 20 67 72 65 70 20 54 4F 54 41 4C 00 
09-02 15:28:33.967 14031 14031 E adbd    : service_to_fd: shell,v2,TERM=xterm-256color,raw:dumpsys cpuinfo | grep TOTAL
09-02 15:28:33.989 20441 20441 I zygote64: Deoptimizing void kotlinx.coroutines.internal.DispatchedContinuationKt.resumeCancellableWith(kotlin.coroutines.Continuation, java.lang.Object, kotlin.jvm.functions.Function1) due to JIT same target
09-02 15:28:34.006 20441 20441 I glean/Glean: Registering pings for org.mozilla.fenix.GleanMetrics.Pings
09-02 15:28:34.012 20441 20500 I FenixApplication: Running post-visual completeness tasks...
09-02 15:28:34.012 20441 20500 I FenixApplication: Storage initialization...
09-02 15:28:34.012 20441 20500 I PlacesHistoryStorage: Warming up places storage...
09-02 15:28:34.012 20441 20500 I PlacesHistoryStorage: 'Warming up places storage' took 0 ms
09-02 15:28:34.012 20441 20500 I PlacesBookmarksStorage: Warming up places storage...
09-02 15:28:34.012 20441 20500 I PlacesBookmarksStorage: 'Warming up places storage' took 0 ms
09-02 15:28:34.013 20441 20500 I SyncableLoginsStorage: Warming up storage...
09-02 15:28:34.013 20441 20500 I SyncableLoginsStorage: 'Warming up storage' took 0 ms
09-02 15:28:34.014 20441 20500 I AutofillCCAddressesStorage: Warming up storage...
09-02 15:28:34.014 20441 20500 I AutofillCCAddressesStorage: 'Warming up storage' took 0 ms
09-02 15:28:34.020 20441 20441 I ColdStartupDuration: COLD VIEW Application.<init> to first frame: 1432 ms
09-02 15:28:34.021 20441 20441 I FenixApplication: Kicking-off account manager...
09-02 15:28:34.021 20441 20441 I FenixApplication: 'Kicking-off account manager' took 0 ms
09-02 15:28:34.025  3979  9339 D ConnectivityService: filterNetworkStateForUid() uid: 10154 networkInfo: [type: WIFI[] - WIFI, state: CONNECTED/CONNECTED, reason: (unspecified), extra: "WiFi 69", failover: false, available: true, roaming: false, metered: false]
09-02 15:28:34.058 14031 14031 E adbd    : recv: OPEN 00021b8b 00000000 003d:73 68 65 6C 6C 2C 76 32 2C 54 45 52 4D 3D 78 74 65 72 6D 2D 32 35 36 63 6F 6C 6F 72 2C 72 61 77 3A 64 75 6D 70 73 79 73 20 6D 65 6D 69 6E 66 6F 20 7C 20 67 72 65 70 20 55 73 65 64 00 
09-02 15:28:34.058 14031 14031 E adbd    : service_to_fd: shell,v2,TERM=xterm-256color,raw:dumpsys meminfo | grep Used
09-02 15:28:34.067 20400 20801 I BatteryMgr:DataCollectionService: stats => 1693661314067,-114,4270
09-02 15:28:34.173 20400 20801 I BatteryMgr:DataCollectionService: stats => 1693661314172,-114,4270
09-02 15:28:34.206 20441 20500 I FenixApplication: 'Storage initialization' took 194 ms
09-02 15:28:34.277 20400 20801 I BatteryMgr:DataCollectionService: stats => 1693661314277,-114,4270
09-02 15:28:34.388 20400 20801 I BatteryMgr:DataCollectionService: stats => 1693661314388,-114,4270
09-02 15:28:34.499 20400 20801 I BatteryMgr:DataCollectionService: stats => 1693661314499,-114,4270
09-02 15:28:34.610 20400 20801 I BatteryMgr:DataCollectionService: stats => 1693661314610,-114,4270
09-02 15:28:34.721 20400 20801 I BatteryMgr:DataCollectionService: stats => 1693661314721,-114,4270
09-02 15:28:34.832 20400 20801 I BatteryMgr:DataCollectionService: stats => 1693661314832,-114,4270
09-02 15:28:34.943 20400 20801 I BatteryMgr:DataCollectionService: stats => 1693661314943,-114,4270
09-02 15:28:34.976 20441 20469 D GeckoIdleService: Get idle time: time since reset 5010 msec
09-02 15:28:34.976 20441 20469 D GeckoIdleService: Idle timer callback: current idle time 5010 msec
09-02 15:28:34.976 20441 20469 D GeckoIdleService: next timeout 174990 msec from now
09-02 15:28:34.976 20441 20469 D GeckoIdleService: SetTimerExpiryIfBefore: next timeout 174990 msec from now
09-02 15:28:34.977 20441 20469 D GeckoIdleService: reset timer expiry to 174999 msec from now
09-02 15:28:34.977 20441 20469 D GeckoIdleService: Idle timer callback: tell observer 0x7c11223d28 user is idle
09-02 15:28:35.049 20400 20801 I BatteryMgr:DataCollectionService: stats => 1693661315049,-114,4270
09-02 15:28:35.159 20400 20801 I BatteryMgr:DataCollectionService: stats => 1693661315159,-114,4270
09-02 15:28:35.271 20400 20801 I BatteryMgr:DataCollectionService: stats => 1693661315270,-114,4270
09-02 15:28:35.381 20400 20801 I BatteryMgr:DataCollectionService: stats => 1693661315381,-114,4270
09-02 15:28:35.492 20400 20801 I BatteryMgr:DataCollectionService: stats => 1693661315492,-114,4270
09-02 15:28:35.603 20400 20801 I BatteryMgr:DataCollectionService: stats => 1693661315602,-114,4270
09-02 15:28:35.714 20400 20801 I BatteryMgr:DataCollectionService: stats => 1693661315713,-114,4270
09-02 15:28:35.820  3449  3449 I android.hardware.wifi@1.0-service: getLinkLayerStats
09-02 15:28:35.824 20400 20801 I BatteryMgr:DataCollectionService: stats => 1693661315824,-114,4270
09-02 15:28:35.935 20400 20801 I BatteryMgr:DataCollectionService: stats => 1693661315935,-114,4270
09-02 15:28:36.046 20400 20801 I BatteryMgr:DataCollectionService: stats => 1693661316046,-114,4270
09-02 15:28:36.156 20400 20801 I BatteryMgr:DataCollectionService: stats => 1693661316156,-114,4270
09-02 15:28:36.267 20400 20801 I BatteryMgr:DataCollectionService: stats => 1693661316267,-114,4270
09-02 15:28:36.378 20400 20801 I BatteryMgr:DataCollectionService: stats => 1693661316377,-114,4270
09-02 15:28:36.488 20400 20801 I BatteryMgr:DataCollectionService: stats => 1693661316488,-114,4270
09-02 15:28:36.599 20400 20801 I BatteryMgr:DataCollectionService: stats => 1693661316598,-114,4270
09-02 15:28:36.708 20400 20801 I BatteryMgr:DataCollectionService: stats => 1693661316707,-114,4270
09-02 15:28:36.818 20400 20801 I BatteryMgr:DataCollectionService: stats => 1693661316817,-114,4270
09-02 15:28:36.931 20400 20801 I BatteryMgr:DataCollectionService: stats => 1693661316930,-114,4270
09-02 15:28:37.041 20400 20801 I BatteryMgr:DataCollectionService: stats => 1693661317041,-114,4270
09-02 15:28:37.151 20400 20801 I BatteryMgr:DataCollectionService: stats => 1693661317151,-114,4270
09-02 15:28:37.262 20400 20801 I BatteryMgr:DataCollectionService: stats => 1693661317261,-114,4270
09-02 15:28:37.372 20400 20801 I BatteryMgr:DataCollectionService: stats => 1693661317371,-114,4270
09-02 15:28:37.482 20400 20801 I BatteryMgr:DataCollectionService: stats => 1693661317481,-114,4270
09-02 15:28:37.592 20400 20801 I BatteryMgr:DataCollectionService: stats => 1693661317592,-114,4270
09-02 15:28:37.640 14031 14031 E adbd    : recv: OPEN 00021b8e 00000000 0029:73 68 65 6C 6C 2C 76 32 2C 54 45 52 4D 3D 78 74 65 72 6D 2D 32 35 36 63 6F 6C 6F 72 2C 72 61 77 3A 64 61 74 65 20 2D 75 00 
09-02 15:28:37.641 14031 14031 E adbd    : service_to_fd: shell,v2,TERM=xterm-256color,raw:date -u
09-02 15:28:37.653 14031 14031 E adbd    : recv: OPEN 00021b91 00000000 00ca:73 68 65 6C 6C 2C 76 32 2C 54 45 52 4D 3D 78 74 65 72 6D 2D 32 35 36 63 6F 6C 6F 72 2C 72 61 77 3A 61 6D 20 73 74 61 72 74 20 2D 61 20 61 6E 64 72 6F 69 64 2E 69 6E 74 65 6E 74 2E 61 63 74 69 6F 6E 2E 56 49 45 57 20 2D 6E 20 6F 72 67 2E 6D 6F 7A 69 6C 6C 61 2E 66 69 72 65 66 6F 78 2F 6F 72 67 2E 6D 6F 7A 69 6C 6C 61 2E 67 65 63 6B 6F 2E 42 72 6F 77 73 65 72 41 70 70 20 2D 64 20 68 74 74 70 3A 2F 2F 31 39 32 2E 31 36 38 2E 38 38 2E 31 37 37 3A 38 30 30 30 2F 46 69 6E 61 6E 63 65 2F 63 6F 69 6E 6D 61 72 6B 65 74 63 61 70 2D 76 65 6E 64 6F 72 2F 63 6F 69 6E 6D 61 72 6B 65 74 63 61 70 2E 63 6F 6D 2F 00 
09-02 15:28:37.653 14031 14031 E adbd    : service_to_fd: shell,v2,TERM=xterm-256color,raw:am start -a android.intent.action.VIEW -n org.mozilla.firefox/org.mozilla.gecko.BrowserApp -d http://192.168.88.177:8000/Finance/coinmarketcap-vendor/coinmarketcap.com/
09-02 15:28:37.699 20400 20801 I BatteryMgr:DataCollectionService: stats => 1693661317699,-114,4270
09-02 15:28:37.742 14031 14031 E adbd    : recv: OPEN 00021b94 00000000 003e:73 68 65 6C 6C 2C 76 32 2C 54 45 52 4D 3D 78 74 65 72 6D 2D 32 35 36 63 6F 6C 6F 72 2C 72 61 77 3A 64 75 6D 70 73 79 73 20 63 70 75 69 6E 66 6F 20 7C 20 67 72 65 70 20 54 4F 54 41 4C 00 
09-02 15:28:37.742 14031 14031 E adbd    : service_to_fd: shell,v2,TERM=xterm-256color,raw:dumpsys cpuinfo | grep TOTAL
09-02 15:28:37.750  3979  9339 I ActivityManager: START u0 {act=android.intent.action.VIEW typ=null flg=0x10000000 cmp=ComponentInfo{org.mozilla.firefox/org.mozilla.gecko.BrowserApp}} from uid 2000
09-02 15:28:37.752  3979  9339 D CustomFrequencyManagerService: acquireDVFSLockLocked : type : DVFS_MIN_LIMIT  frequency : 1560000  uid : 1000  pid : 3979  pkgName : AMS_ACT_START@CPU_MIN@8
09-02 15:28:37.754  3979  9339 D ActivityManagerPerformance: AMP_acquire() ACT_START
09-02 15:28:37.764 20441 20441 D InputMethodManager: HSIFW - flag : 0 Pid : 20441
09-02 15:28:37.766  3979  5977 V InputMethodManagerService: Client requesting input be hidden, flags : 0
09-02 15:28:37.766  3979  5977 V InputMethodManagerService: hideCurrentInputLocked : shouldHideSoftInput is false
09-02 15:28:37.770  3979  4200 D ActivityManager: isScaleDownAnimationEnabled() : false
09-02 15:28:37.773  3979  4200 D PersonaManagerService: Current focused persona service handled id set to : 0
09-02 15:28:37.773  3979  4200 D InputDispatcher: Focused application set to: xxxx
09-02 15:28:37.774  3979  4200 D InputDispatcher: Focus left window: 20441
09-02 15:28:37.777  3979  4238 D GameManagerService: handleForegroundChange(). pkgName: org.mozilla.firefox, clsName: org.mozilla.fenix.IntentReceiverActivity,FgActivityName:org.mozilla.firefox/org.mozilla.fenix.IntentReceiverActivity
09-02 15:28:37.777  3979  4238 D GameManagerService:   handleForegroundChange(). same package. game has never resumed yet. ignore
