--------- beginning of system
09-01 19:56:00.833  1513  2000 D ConnectivityService: NetReassign [no changes]
09-01 19:56:00.927  1513  3241 I ActivityManager: Force stopping com.android.chrome appid=10220 user=0: from pid 26751
--------- beginning of main
09-01 19:56:00.932  2474  2474 E PhoneInterfaceManager: [PhoneIntfMgr] getCarrierPackageNamesForIntentAndPhone: No UICC
09-01 19:56:00.932  2474  2474 D CarrierSvcBindHelper: No carrier app for: 0
09-01 19:56:00.940  3135  3135 D RegisteredNfcFServicesCache: Service unchanged, not updating
09-01 19:56:00.943  8777  8777 I EuiccGoogle: [2] EuiccServiceImpl.onCreate: onCreate Single-SIM mode: simCardState is 1
09-01 19:56:00.949  8777 26757 I EuiccGoogle: [6179] EuiccServiceImpl.onGetEuiccProfileInfoList: onGetEuiccProfileInfoList: slotId = -1
09-01 19:56:00.952  8777 26757 W EuiccGoogle: [6179] EuiccServiceImpl.onGetEuiccProfileInfoList: slotId=-1. No eUICC is active. Return null.
09-01 19:56:01.185  1513  3241 I ActivityTaskManager: START u0 {act=android.intent.action.VIEW flg=0x10008000 cmp=com.android.chrome/com.google.android.apps.chrome.Main} from uid 2000
09-01 19:56:01.185  1513  1572 D EventSequenceValidator: Transition from ACTIVITY_FINISHED to INTENT_STARTED
09-01 19:56:01.193   901  2806 I sensors-hal: [ssc_utils]get_qmi_debug_flag:244, support_qmi_debug : false
09-01 19:56:01.202  1513  1572 D CompatibilityChangeReporter: Compat change id reported: 135634846; UID 10220; state: DISABLED
09-01 19:56:01.202  1513  1572 D CompatibilityChangeReporter: Compat change id reported: 135754954; UID 10220; state: ENABLED
09-01 19:56:01.202  1513  1625 D CompatibilityChangeReporter: Compat change id reported: 143937733; UID 10220; state: ENABLED
09-01 19:56:01.202  1513  1572 D EventSequenceValidator: Transition from INTENT_STARTED to ACTIVITY_LAUNCHED
09-01 19:56:01.204   901  1000 W ASH     : @ 36147.658: Unhandled msg ID 999: line 1277
09-01 19:56:01.204   901  1000 E ASH     : @ 36147.658: No pb callback assigned
09-01 19:56:01.205   901  1000 E ASH     : @ 36147.658: Nanopb error: callback failed:1588
09-01 19:56:01.213   778   778 D Zygote  : Forked child process 26761
09-01 19:56:01.217  1513  1625 I ActivityManager: Start proc 26761:com.android.chrome/u0a220 for pre-top-activity {com.android.chrome/com.google.android.apps.chrome.Main}
09-01 19:56:01.225  3088  3642 I AssistantForeground: (REDACTED) Get launcher package: %s
09-01 19:56:01.228 26761 26761 E .android.chrom: Not starting debugger since process cannot load the jdwp agent.
09-01 19:56:01.247 26761 26761 W .android.chrom: JIT profile information will not be recorded: profile file does not exist.
09-01 19:56:01.252 26761 26761 I LoadedApk: No resource references to update in package com.google.android.trichromelibrary
09-01 19:56:01.253 26761 26761 D NetworkSecurityConfig: Using Network Security Config from resource 0_resource_name_obfuscated debugBuild: false
09-01 19:56:01.253 26761 26761 D NetworkSecurityConfig: Using Network Security Config from resource 0_resource_name_obfuscated debugBuild: false
09-01 19:56:01.253  2158  2158 I WallpaperService: engine resumed
09-01 19:56:01.254 26761 26761 I cr_SplitCompatApp: Launched version=107.0.5304.91 minSdkVersion=29 isBundle=true processName=com.android.chrome isIsolated=false
09-01 19:56:01.254   901   901 I sensors-hal: [hal]batch_physical_sensor:301, android.sensor.gyroscope/41, period=20000000, max_latency=0
09-01 19:56:01.254   901   901 I sensors-hal: [hal]batch_physical_sensor:310, android.sensor.gyroscope/41, period=20000000, max_latency=0 request completed
09-01 19:56:01.255   901   901 I sensors-hal: [hal]activate_physical_sensor:238, android.sensor.gyroscope/41 en=1
09-01 19:56:01.255   901   901 I sensors-hal: [ssc_utils]get_qmi_debug_flag:244, support_qmi_debug : false
09-01 19:56:01.257   901   901 W sensors@2.0-ser: type=1400 audit(0.0:4452): avc: denied { read write } for name="diag" dev="tmpfs" ino=12474 scontext=u:r:hal_sensors_default:s0 tcontext=u:object_r:diag_device:s0 tclass=chr_file permissive=0
09-01 19:56:01.257   901   901 W sensors@2.0-ser: type=1400 audit(0.0:4453): avc: denied { read write } for name="diag" dev="tmpfs" ino=12474 scontext=u:r:hal_sensors_default:s0 tcontext=u:object_r:diag_device:s0 tclass=chr_file permissive=0
09-01 19:56:01.261   901   901 D Diag_Lib:  Diag_LSM_Init: Failed to open handle to diag driver, error = 13
09-01 19:56:01.261   901   901 D Diag_Lib:  Diag_LSM_Init: Failed to open handle to diag driver, error = 13
09-01 19:56:01.261   901   901 I sensors-hal: [ssc_sensor]update_handle:537, handle=331, type=33, wakeup=0, hwid=0, base=331
09-01 19:56:01.261   901   901 I sensors-hal: [ssc_utils]get_qmi_debug_flag:244, support_qmi_debug : false
09-01 19:56:01.270   901 26791 I sensors-hal: [ssc_sensor]ssc_conn_resp_cb:663, resp_value = 0
09-01 19:56:01.270   901   901 I sensors-hal: [ssc_utils]get_qmi_debug_flag:244, support_qmi_debug : false
09-01 19:56:01.272   901  1000 W SEE     : @ 36147.723: adding req to Q sensor=8 req=0xb202edc8 msg=513
09-01 19:56:01.273   901 26791 I sensors-hal: [sensor]submit_sensors_hal_event:146, android.sensor.additional_info: trying to push empty Events, count = 0
09-01 19:56:01.273   901 26791 I sensors-hal: [sensor]submit_sensors_hal_event:146, android.sensor.additional_info: trying to push empty Events, count = 0
09-01 19:56:01.277   901   901 I sensors-hal: [hal]activate_physical_sensor:249, android.sensor.gyroscope/41 en=1 completed
09-01 19:56:01.278   901 26795 I sensors-hal: [ssc_sensor]ssc_conn_resp_cb:663, resp_value = 0
09-01 19:56:01.278   901  1000 W SEE     : @ 36147.731: adding req to Q sensor=2 req=0xb2034ef8 msg=513
09-01 19:56:01.280   901 26795 I sensors-hal: [sensor]submit_sensors_hal_event:146, android.sensor.gyroscope: trying to push empty Events, count = 1
09-01 19:56:01.280   901 26795 I chatty  : uid=1000(system) sensors@2.0-ser identical 1 line
09-01 19:56:01.280   901 26795 I sensors-hal: [sensor]submit_sensors_hal_event:146, android.sensor.gyroscope: trying to push empty Events, count = 1
09-01 19:56:01.284 26761 26798 I cr_LibraryLoader: Using ModernLinker
09-01 19:56:01.284 26761 26798 I cr_LibraryLoader: Loading monochrome_64 from within /data/app/~~_KLlx60MH8CoecPTjMKp8g==/com.android.chrome-kw9RHYrlHKb9bPXi8OTClw==/base.apk
09-01 19:56:01.286 26761 26798 W linker  : Warning: "/data/app/~~_KLlx60MH8CoecPTjMKp8g==/com.android.chrome-kw9RHYrlHKb9bPXi8OTClw==/base.apk!/lib/arm64-v8a/libchromium_android_linker.so" unused DT entry: unknown processor-specific (type 0x70000001 arg 0x0) (ignoring)
09-01 19:56:01.286 26761 26798 I cr_ModernLinker: loadLibraryImplLocked: monochrome_64, relroMode=1
09-01 19:56:01.287 26761 26798 W linker  : Warning: "/data/app/~~pvdNlmkqoAdokjnHYmWQbA==/com.google.android.trichromelibrary_530409134-AZWnkLs2PHY5miTP6ZiTzA==/base.apk!/lib/arm64-v8a/libmonochrome_64.so" unused DT entry: unknown processor-specific (type 0x70000001 arg 0x0) (ignoring)
09-01 19:56:01.291  2816  3597 I FontLog : Received query Google Sans:700, URI content://com.google.android.gms.fonts [CONTEXT service_id=132 ]
09-01 19:56:01.291  2816  3597 I FontLog : Query [Google Sans:700] resolved to {Google Sans, wdth 100.0, wght 700, ital 0.0, bestEffort false} [CONTEXT service_id=132 ]
09-01 19:56:01.293  2816  3597 I FontLog : Fetch {Google Sans, wdth 100.0, wght 700, ital 0.0, bestEffort false} end status Status{statusCode=SUCCESS, resolution=null} [CONTEXT service_id=132 ]
09-01 19:56:01.295   901 26795 I sensors-hal: [sensor]submit_sensors_hal_event:146, android.sensor.gyroscope: trying to push empty Events, count = 1
09-01 19:56:01.302  2816 14881 I FontLog : Pulling font file for id = 1198, cache size = 6 [CONTEXT service_id=132 ]
09-01 19:56:01.305 26761 26798 I cr_LibraryLoader: Successfully loaded native library
09-01 19:56:01.306 26761 26798 I cr_CachingUmaRecorder: Flushed 30 samples from 28 histograms.
09-01 19:56:01.320 26761 26802 W DynamiteModule: Local module descriptor class for com.google.android.gms.googlecertificates not found.
09-01 19:56:01.334 26761 26802 I DynamiteModule: Considering local module com.google.android.gms.googlecertificates:0 and remote module com.google.android.gms.googlecertificates:7
09-01 19:56:01.334 26761 26802 I DynamiteModule: Selected remote version of com.google.android.gms.googlecertificates, version >= 7
09-01 19:56:01.342 26761 26802 W System  : ClassLoader referenced unknown path: 
09-01 19:56:01.354 26761 26761 I cr_CompositorSurfaceMgr: Transitioning to surface with format: -1
09-01 19:56:01.377  1513  3241 D CompatibilityChangeReporter: Compat change id reported: 136274596; UID 10220; state: ENABLED
09-01 19:56:01.386 26761 26804 I cr_tabmodel: Starting to fetch tab list for tab_state1
09-01 19:56:01.386 26761 26804 I cr_tabmodel: State file does not exist.
09-01 19:56:01.386 26761 26793 I cr_tabmodel: Starting to fetch tab list for tab_state0
09-01 19:56:01.387 26761 26793 I cr_tabmodel: Finished fetching tab list.
09-01 19:56:01.412   592   628 W DisplayIdentification: Invalid EDID: falling back to serial number due to missing display name.
09-01 19:56:01.412   592   628 W DisplayIdentification: Invalid EDID: falling back to ASCII text due to missing serial number.
09-01 19:56:01.422  1513  3241 D CompatibilityChangeReporter: Compat change id reported: 135634846; UID 10220; state: DISABLED
09-01 19:56:01.422  1513  3241 D CompatibilityChangeReporter: Compat change id reported: 135754954; UID 10220; state: ENABLED
09-01 19:56:01.422  1513  1625 D CompatibilityChangeReporter: Compat change id reported: 143937733; UID 10220; state: ENABLED
09-01 19:56:01.432  2816 14894 E bfyz    : Phenotype API error. Event # deor@9182f7f3, EventCode: 7 [CONTEXT service_id=51 ]
09-01 19:56:01.432  2816 14894 E bfyz    : bfyb: 29505: No config packages for log source, or config package not registered
09-01 19:56:01.432  2816 14894 E bfyz    : 	at bfzu.b(:com.google.android.gms@224312037@22.43.12 (150400-483592595):4)
09-01 19:56:01.432  2816 14894 E bfyz    : 	at bfzr.g(:com.google.android.gms@224312037@22.43.12 (150400-483592595):0)
09-01 19:56:01.432  2816 14894 E bfyz    : 	at bfyz.e(:com.google.android.gms@224312037@22.43.12 (150400-483592595):4)
09-01 19:56:01.432  2816 14894 E bfyz    : 	at bfyz.f(:com.google.android.gms@224312037@22.43.12 (150400-483592595):2)
09-01 19:56:01.432  2816 14894 E bfyz    : 	at aqyg.eq(:com.google.android.gms@224312037@22.43.12 (150400-483592595):1)
09-01 19:56:01.432  2816 14894 E bfyz    : 	at aqym.run(:com.google.android.gms@224312037@22.43.12 (150400-483592595):12)
09-01 19:56:01.432  2816 14894 E bfyz    : 	at ckdj.run(:com.google.android.gms@224312037@22.43.12 (150400-483592595):2)
09-01 19:56:01.432  2816 14894 E bfyz    : 	at zqv.c(:com.google.android.gms@224312037@22.43.12 (150400-483592595):6)
09-01 19:56:01.432  2816 14894 E bfyz    : 	at zqv.run(:com.google.android.gms@224312037@22.43.12 (150400-483592595):7)
09-01 19:56:01.432  2816 14894 E bfyz    : 	at java.util.concurrent.ThreadPoolExecutor.runWorker(ThreadPoolExecutor.java:1167)
09-01 19:56:01.432  2816 14894 E bfyz    : 	at java.util.concurrent.ThreadPoolExecutor$Worker.run(ThreadPoolExecutor.java:641)
09-01 19:56:01.432  2816 14894 E bfyz    : 	at zwa.run(:com.google.android.gms@224312037@22.43.12 (150400-483592595):0)
09-01 19:56:01.432  2816 14894 E bfyz    : 	at java.lang.Thread.run(Thread.java:923)
09-01 19:56:01.433  2816 14894 W AsyncOperation: operation=GetExperimentTokensOperationCall, opStatusCode=29505 [CONTEXT service_id=51 ]
09-01 19:56:01.433  2816 14894 W AsyncOperation: OperationException[Status{statusCode=No config packages for log source, or config package not registered, resolution=null}]
09-01 19:56:01.433  2816 14894 W AsyncOperation: 	at bfyz.e(:com.google.android.gms@224312037@22.43.12 (150400-483592595):6)
09-01 19:56:01.433  2816 14894 W AsyncOperation: 	at bfyz.f(:com.google.android.gms@224312037@22.43.12 (150400-483592595):2)
09-01 19:56:01.433  2816 14894 W AsyncOperation: 	at aqyg.eq(:com.google.android.gms@224312037@22.43.12 (150400-483592595):1)
09-01 19:56:01.433  2816 14894 W AsyncOperation: 	at aqym.run(:com.google.android.gms@224312037@22.43.12 (150400-483592595):12)
09-01 19:56:01.433  2816 14894 W AsyncOperation: 	at ckdj.run(:com.google.android.gms@224312037@22.43.12 (150400-483592595):2)
09-01 19:56:01.433  2816 14894 W AsyncOperation: 	at zqv.c(:com.google.android.gms@224312037@22.43.12 (150400-483592595):6)
09-01 19:56:01.433  2816 14894 W AsyncOperation: 	at zqv.run(:com.google.android.gms@224312037@22.43.12 (150400-483592595):7)
09-01 19:56:01.433  2816 14894 W AsyncOperation: 	at java.util.concurrent.ThreadPoolExecutor.runWorker(ThreadPoolExecutor.java:1167)
09-01 19:56:01.433  2816 14894 W AsyncOperation: 	at java.util.concurrent.ThreadPoolExecutor$Worker.run(ThreadPoolExecutor.java:641)
09-01 19:56:01.433  2816 14894 W AsyncOperation: 	at zwa.run(:com.google.android.gms@224312037@22.43.12 (150400-483592595):0)
09-01 19:56:01.433  2816 14894 W AsyncOperation: 	at java.lang.Thread.run(Thread.java:923)
09-01 19:56:01.433   778   778 D Zygote  : Forked child process 26813
09-01 19:56:01.435 26813 26813 I libc    : SetHeapTaggingLevel: tag level set to 0
09-01 19:56:01.436 26761 26811 I AdrenoGLES-0: QUALCOMM build                   : 35605c3, Ia11ce2d146
09-01 19:56:01.436 26761 26811 I AdrenoGLES-0: Build Date                       : 09/02/20
09-01 19:56:01.436 26761 26811 I AdrenoGLES-0: OpenGL ES Shader Compiler Version: EV031.31.04.00
09-01 19:56:01.436 26761 26811 I AdrenoGLES-0: Local Branch                     : gfx-adreno.lnx.2.0
09-01 19:56:01.436 26761 26811 I AdrenoGLES-0: Remote Branch                    : 
09-01 19:56:01.436 26761 26811 I AdrenoGLES-0: Remote Branch                    : 
09-01 19:56:01.436 26761 26811 I AdrenoGLES-0: Reconstruct Branch               : 
09-01 19:56:01.436 26761 26811 I AdrenoGLES-0: Build Config                     : S P 10.0.4 AArch64
09-01 19:56:01.436 26761 26811 I AdrenoGLES-0: Driver Path                      : /vendor/lib64/egl/libGLESv2_adreno.so
09-01 19:56:01.438  1513  1625 W ZygoteProcess: Got error connecting to zygote, retrying. msg= Connection refused
09-01 19:56:01.439 26761 26811 I AdrenoGLES-0: PFP: 0x016dd090, ME: 0x00000000
09-01 19:56:01.443 26761 26761 I cr_StartSurfaceConfig: Recorded Startup.Android.FirstDrawCompletedTime.NoInstant = 112 ms
09-01 19:56:01.445 26761 26811 W AdrenoUtils: <ReadGpuID_from_sysfs:197>: Failed to open /sys/class/kgsl/kgsl-3d0/gpu_model
09-01 19:56:01.445 26761 26811 W AdrenoUtils: <ReadGpuID:221>: Failed to read chip ID from gpu_model. Fallback to use the GSL path
09-01 19:56:01.461  1513  1572 D EventSequenceValidator: Transition from ACTIVITY_LAUNCHED to ACTIVITY_FINISHED
09-01 19:56:01.472  1513  1622 D ArtManagerInternalImpl: /data/misc/iorapd/com.android.chrome/530409134/com.google.android.apps.chrome.Main/compiled_traces/compiled_trace.pb doesn't exist
09-01 19:56:01.475  1513  1622 I ActivityTaskManager: Displayed com.android.chrome/com.google.android.apps.chrome.Main: +276ms
09-01 19:56:01.480 26761 26761 I TetheringManager: registerTetheringEventCallback:com.android.chrome
09-01 19:56:01.490  1513  1625 I AppZygote: Starting application preload.
09-01 19:56:01.490 26761 26789 W cr_PartnerCustomize: Partner homepage must be HTTP(S) or NewTabPage. Got invalid URL ""
09-01 19:56:01.494 26813 26813 I AppZygoteInit: Beginning application preload for com.android.chrome
09-01 19:56:01.506 26813 26813 I cr_ZygotePreload: Loaded Zygote. version=107.0.5304.91 minSdkVersion=29 isBundle=true
09-01 19:56:01.510 26813 26813 W linker  : Warning: "/data/app/~~pvdNlmkqoAdokjnHYmWQbA==/com.google.android.trichromelibrary_530409134-AZWnkLs2PHY5miTP6ZiTzA==/base.apk!/lib/arm64-v8a/libmonochrome_64.so" unused DT entry: unknown processor-specific (type 0x70000001 arg 0x0) (ignoring)
09-01 19:56:01.538  1513  1625 I AppZygote: Application preload done.
09-01 19:56:01.538 26813 26813 I AppZygoteInit: Application preload done
09-01 19:56:01.553 26761 26761 I cr_SmsProviderGms: construction successfull IU2@261afee, FU2@25e6b1c
09-01 19:56:01.553 26813 26818 W d.chrome_zygot: Reducing the number of considered missed Gc histogram windows from 3614 to 100
09-01 19:56:01.559 26761 26834 W InstanceID: Instance ID SDK is deprecated, com.android.chrome should update to use Firebase Instance ID
09-01 19:56:01.568  1513  3241 D ConnectivityService: requestNetwork for uid/pid:10220/26761 NetworkRequest [ TRACK_DEFAULT id=1643, [ Capabilities: INTERNET&NOT_RESTRICTED&TRUSTED Uid: 10220 AdministratorUids: [] RequestorUid: 10220 RequestorPackageName: com.android.chrome] ]
09-01 19:56:01.568  1513  2000 D ConnectivityService: NetReassign [1643 : null → 100]
09-01 19:56:01.569  1513  2038 D Ethernet: got request NetworkRequest [ TRACK_DEFAULT id=1643, [ Capabilities: INTERNET&NOT_RESTRICTED&TRUSTED Uid: 10220 AdministratorUids: [] RequestorUid: 10220 RequestorPackageName: com.android.chrome] ] with score 60 and providerId 5
09-01 19:56:01.569  1513  2037 D WIFI_AWARE_FACTORY: got request NetworkRequest [ TRACK_DEFAULT id=1643, [ Capabilities: INTERNET&NOT_RESTRICTED&TRUSTED Uid: 10220 AdministratorUids: [] RequestorUid: 10220 RequestorPackageName: com.android.chrome] ] with score 60 and providerId 5
09-01 19:56:01.569  1513  1996 D WifiNetworkFactory: got request NetworkRequest [ TRACK_DEFAULT id=1643, [ Capabilities: INTERNET&NOT_RESTRICTED&TRUSTED Uid: 10220 AdministratorUids: [] RequestorUid: 10220 RequestorPackageName: com.android.chrome] ] with score 60 and providerId 5
09-01 19:56:01.569  1513  1996 D UntrustedWifiNetworkFactory: got request NetworkRequest [ TRACK_DEFAULT id=1643, [ Capabilities: INTERNET&NOT_RESTRICTED&TRUSTED Uid: 10220 AdministratorUids: [] RequestorUid: 10220 RequestorPackageName: com.android.chrome] ] with score 60 and providerId 5
09-01 19:56:01.570  1513  2000 D ConnectivityService: NetReassign [no changes]
09-01 19:56:01.571  2474  2474 D PhoneSwitcherNetworkRequstListener: got request NetworkRequest [ TRACK_DEFAULT id=1643, [ Capabilities: INTERNET&NOT_RESTRICTED&TRUSTED Uid: 10220 AdministratorUids: [] RequestorUid: 10220 RequestorPackageName: com.android.chrome] ] with score 60 and providerId 5
09-01 19:56:01.572 26813 26813 D Zygote  : Forked child process 26845
09-01 19:56:01.572 26845 26845 E libc    : SetHeapTaggingLevel: re-enabling tagging after it was disabled is not supported
09-01 19:56:01.576  1513  1625 W ActivityManager: Slow operation: 154ms so far, now at startProcess: returned from zygote!
09-01 19:56:01.576  1513  1625 W ActivityManager: Slow operation: 154ms so far, now at startProcess: done updating battery stats
09-01 19:56:01.576  1513  1625 W ActivityManager: Slow operation: 155ms so far, now at startProcess: building log message
09-01 19:56:01.576  1513  1625 I ActivityManager: Start proc 26845:com.android.chrome:sandboxed_process0:org.chromium.content.app.SandboxedProcessService0:0/u0ai0 for  {com.android.chrome/org.chromium.content.app.SandboxedProcessService0:0}
09-01 19:56:01.576  1513  1625 W ActivityManager: Slow operation: 155ms so far, now at startProcess: starting to update pids map
09-01 19:56:01.576  1513  1625 W ActivityManager: Slow operation: 155ms so far, now at startProcess: done updating pids map
09-01 19:56:01.587 26845 26845 E ocessService0:: Not starting debugger since process cannot load the jdwp agent.
09-01 19:56:01.590  1513  2169 D ConnectivityService: requestNetwork for uid/pid:10220/26761 NetworkRequest [ TRACK_DEFAULT id=1645, [ Capabilities: INTERNET&NOT_RESTRICTED&TRUSTED Uid: 10220 AdministratorUids: [] RequestorUid: 10220 RequestorPackageName: com.android.chrome] ]
09-01 19:56:01.590  1513  2000 D ConnectivityService: NetReassign [1645 : null → 100]
09-01 19:56:01.590  1513  1996 D WifiNetworkFactory: got request NetworkRequest [ TRACK_DEFAULT id=1645, [ Capabilities: INTERNET&NOT_RESTRICTED&TRUSTED Uid: 10220 AdministratorUids: [] RequestorUid: 10220 RequestorPackageName: com.android.chrome] ] with score 60 and providerId 5
09-01 19:56:01.590  1513  2038 D Ethernet: got request NetworkRequest [ TRACK_DEFAULT id=1645, [ Capabilities: INTERNET&NOT_RESTRICTED&TRUSTED Uid: 10220 AdministratorUids: [] RequestorUid: 10220 RequestorPackageName: com.android.chrome] ] with score 60 and providerId 5
09-01 19:56:01.591  1513  1996 D UntrustedWifiNetworkFactory: got request NetworkRequest [ TRACK_DEFAULT id=1645, [ Capabilities: INTERNET&NOT_RESTRICTED&TRUSTED Uid: 10220 AdministratorUids: [] RequestorUid: 10220 RequestorPackageName: com.android.chrome] ] with score 60 and providerId 5
09-01 19:56:01.591  1513  2037 D WIFI_AWARE_FACTORY: got request NetworkRequest [ TRACK_DEFAULT id=1645, [ Capabilities: INTERNET&NOT_RESTRICTED&TRUSTED Uid: 10220 AdministratorUids: [] RequestorUid: 10220 RequestorPackageName: com.android.chrome] ] with score 60 and providerId 5
09-01 19:56:01.592  2474  2474 D PhoneSwitcherNetworkRequstListener: got request NetworkRequest [ TRACK_DEFAULT id=1645, [ Capabilities: INTERNET&NOT_RESTRICTED&TRUSTED Uid: 10220 AdministratorUids: [] RequestorUid: 10220 RequestorPackageName: com.android.chrome] ] with score 60 and providerId 5
09-01 19:56:01.592   778   778 D Zygote  : Forked child process 26860
09-01 19:56:01.594  1513  2000 D ConnectivityService: NetReassign [no changes]
09-01 19:56:01.594  1513  1625 W ActivityManager: Slow operation: 62ms so far, now at startProcess: returned from zygote!
09-01 19:56:01.594  1513  1625 W ActivityManager: Slow operation: 63ms so far, now at startProcess: done updating battery stats
09-01 19:56:01.594  1513  1625 W ActivityManager: Slow operation: 63ms so far, now at startProcess: building log message
09-01 19:56:01.594  1513  1625 I ActivityManager: Start proc 26860:com.android.chrome:privileged_process0/u0a220 for service {com.android.chrome/org.chromium.content.app.PrivilegedProcessService0}
09-01 19:56:01.594  1513  1625 W ActivityManager: Slow operation: 63ms so far, now at startProcess: starting to update pids map
09-01 19:56:01.594  1513  1625 W ActivityManager: Slow operation: 63ms so far, now at startProcess: done updating pids map
09-01 19:56:01.601 26761 26761 W cr_KnoxSettingsProvider: Permission to read device policy denied.
09-01 19:56:01.602  1513  2905 D CompatibilityChangeReporter: Compat change id reported: 149924527; UID 10220; state: ENABLED
09-01 19:56:01.604  1513  2169 D CompatibilityChangeReporter: Compat change id reported: 132649864; UID 10220; state: DISABLED
09-01 19:56:01.611 26761 26761 I cr_CompositorSurfaceMgr: Transitioning to surface with format: -1
09-01 19:56:01.612 26761 26761 I cr_CompositorSurfaceMgr: surfaceCreated format: 0
09-01 19:56:01.617  1513  2169 D CompatibilityChangeReporter: Compat change id reported: 136274596; UID 10220; state: ENABLED
09-01 19:56:01.618 26761 26761 I cr_ChromeTabbedActivity: #initializeState
09-01 19:56:01.618 26860 26860 E ileged_process: Not starting debugger since process cannot load the jdwp agent.
09-01 19:56:01.619 26761 26761 I cr_CipherFactory: #restoreFromBundle, no savedInstanceState.
09-01 19:56:01.619 26761 26761 I cr_tabmodel: #loadState, ignoreIncognitoFiles? true
09-01 19:56:01.619 26761 26761 I cr_tabmodel: Tab metadata, skipIncognitoCount? false incognitoCount: 0 totalCount: 50
09-01 19:56:01.620 26761 26761 I cr_tabmodel: #isIncognitoTabBeingRestored from tabDetails:  false
09-01 19:56:01.620 26761 26761 W cr_tabmodel: Failed to restore TabState; creating Tab with last known URL.
09-01 19:56:01.642  1513  3241 D CompatibilityChangeReporter: Compat change id reported: 136274596; UID 10220; state: ENABLED
09-01 19:56:01.642 26845 26845 I LoadedApk: No resource references to update in package com.google.android.trichromelibrary
09-01 19:56:01.643 26845 26845 D NetworkSecurityConfig: Using Network Security Config from resource 0_resource_name_obfuscated debugBuild: false
09-01 19:56:01.644 26845 26845 D NetworkSecurityConfig: Using Network Security Config from resource 0_resource_name_obfuscated debugBuild: false
09-01 19:56:01.645 26845 26845 I cr_SplitCompatApp: Launched version=107.0.5304.91 minSdkVersion=29 isBundle=true processName=com.android.chrome:sandboxed_process0:org.chromium.content.app.SandboxedProcessService0:0 isIsolated=true
09-01 19:56:01.657 26845 26845 W SystemServiceRegistry: No service published for: uimode
09-01 19:56:01.664 26860 26860 W ileged_process: JIT profile information will not be recorded: profile file does not exist.
09-01 19:56:01.666 26761 26761 E cr_IntentUtils: getBooleanExtra failed on intent null
09-01 19:56:01.666 26761 26761 E cr_IntentUtils: getBooleanExtra failed on intent null
09-01 19:56:01.666 26845 26845 I cr_ChildProcessService: Creating new ChildProcessService pid=26845
09-01 19:56:01.675 26860 26860 I LoadedApk: No resource references to update in package com.google.android.trichromelibrary
09-01 19:56:01.676 26860 26860 D NetworkSecurityConfig: Using Network Security Config from resource 0_resource_name_obfuscated debugBuild: false
09-01 19:56:01.677 26860 26860 D NetworkSecurityConfig: Using Network Security Config from resource 0_resource_name_obfuscated debugBuild: false
09-01 19:56:01.678 26860 26860 I cr_SplitCompatApp: Launched version=107.0.5304.91 minSdkVersion=29 isBundle=true processName=com.android.chrome:privileged_process0 isIsolated=false
09-01 19:56:01.679 26845 26870 I cr_LibraryLoader: Using ModernLinker
09-01 19:56:01.681 26845 26870 W linker  : Warning: "/data/app/~~_KLlx60MH8CoecPTjMKp8g==/com.android.chrome-kw9RHYrlHKb9bPXi8OTClw==/base.apk!/lib/arm64-v8a/libchromium_android_linker.so" unused DT entry: unknown processor-specific (type 0x70000001 arg 0x0) (ignoring)
09-01 19:56:01.684 26845 26870 E cr_ChromiumAndroidLinker: ReserveAddressWithHint: Address range starting at 0x7a3875a000 was not free to use
09-01 19:56:01.692 26698 26885 D ProfileInstaller: Installing profile for com.example.batterymanager_utility
09-01 19:56:01.693 26860 26860 I cr_ChildProcessService: Creating new ChildProcessService pid=26860
09-01 19:56:01.693 26845 26883 I cr_LibraryLoader: Successfully loaded native library
09-01 19:56:01.694 26845 26883 I cr_CachingUmaRecorder: Flushed 3 samples from 3 histograms.
09-01 19:56:01.699 26860 26881 I cr_LibraryLoader: Using ModernLinker
09-01 19:56:01.701 26860 26886 W linker  : Warning: "/data/app/~~_KLlx60MH8CoecPTjMKp8g==/com.android.chrome-kw9RHYrlHKb9bPXi8OTClw==/base.apk!/lib/arm64-v8a/libchromium_android_linker.so" unused DT entry: unknown processor-specific (type 0x70000001 arg 0x0) (ignoring)
09-01 19:56:01.701 26860 26886 I cr_LibraryLoader: Loading monochrome_64 from within /data/app/~~_KLlx60MH8CoecPTjMKp8g==/com.android.chrome-kw9RHYrlHKb9bPXi8OTClw==/base.apk
09-01 19:56:01.701 26860 26886 I cr_ModernLinker: loadLibraryImplLocked: monochrome_64, relroMode=2
09-01 19:56:01.702 26860 26886 W linker  : Warning: "/data/app/~~pvdNlmkqoAdokjnHYmWQbA==/com.google.android.trichromelibrary_530409134-AZWnkLs2PHY5miTP6ZiTzA==/base.apk!/lib/arm64-v8a/libmonochrome_64.so" unused DT entry: unknown processor-specific (type 0x70000001 arg 0x0) (ignoring)
09-01 19:56:01.710 26761 26761 I cr_OfflineIndicator: onConnectionTypeChanged 2
09-01 19:56:01.711 26761 26761 I cr_OfflineIndicator: Reported by system: [ Transports: WIFI Capabilities: NOT_METERED&INTERNET&NOT_RESTRICTED&TRUSTED&NOT_VPN&VALIDATED&NOT_ROAMING&FOREGROUND&NOT_CONGESTED&NOT_SUSPENDED LinkUpBandwidth>=94050Kbps LinkDnBandwidth>=89375Kbps SignalStrength: -55 AdministratorUids: [] RequestorUid: -1 RequestorPackageName: null]
09-01 19:56:01.711 26761 26761 I cr_OfflineIndicator: setConnectionState connectionState=4
09-01 19:56:01.711 26761 26761 I cr_OfflineDetector: Running updateState mConnectivityDetectorInitialized: true, mTimeWhenLastForegrounded: 36144936, getElapsedTime: 36144937, mTimeWhenLastOfflineNotificationReceived: 0, mTimeWhenLastOnline: 36144937, mApplicationState: 1, mIsOfflineLastReportedByConnectivityDetector: false, mIsEffectivelyOffline: false
09-01 19:56:01.711 26761 26761 I cr_OfflineDetector: updateState(): timeSinceLastForeground: 1, timeSinceOfflineNotificationReceived: 36144937, timeSinceLastOnline: 0, timeNeededForForeground: 1999, timeNeededForOffline: -36142937
09-01 19:56:01.711 26761 26761 I cr_OfflineIndicator: processConnectivityCheckResult mConnectionState=4 mConnectivityCheckingStage=1
09-01 19:56:01.718 26860 26886 I cr_LibraryLoader: Successfully loaded native library
09-01 19:56:01.718 26860 26886 I cr_CachingUmaRecorder: Flushed 11 samples from 11 histograms.
09-01 19:56:01.727 26860 26886 I AdrenoGLES-0: QUALCOMM build                   : 35605c3, Ia11ce2d146
09-01 19:56:01.727 26860 26886 I AdrenoGLES-0: Build Date                       : 09/02/20
09-01 19:56:01.727 26860 26886 I AdrenoGLES-0: OpenGL ES Shader Compiler Version: EV031.31.04.00
09-01 19:56:01.727 26860 26886 I AdrenoGLES-0: Local Branch                     : gfx-adreno.lnx.2.0
09-01 19:56:01.727 26860 26886 I AdrenoGLES-0: Remote Branch                    : 
09-01 19:56:01.727 26860 26886 I AdrenoGLES-0: Remote Branch                    : 
09-01 19:56:01.727 26860 26886 I AdrenoGLES-0: Reconstruct Branch               : 
09-01 19:56:01.727 26860 26886 I AdrenoGLES-0: Build Config                     : S P 10.0.4 AArch64
09-01 19:56:01.727 26860 26886 I AdrenoGLES-0: Driver Path                      : /vendor/lib64/egl/libGLESv2_adreno.so
09-01 19:56:01.728  2816 14881 I FontLog : Received query name=Google Sans&weight=700&besteffort=false, URI content://com.google.android.gms.fonts [CONTEXT service_id=132 ]
09-01 19:56:01.728  2816 14881 I FontLog : Query [name=Google Sans&weight=700&besteffort=false] resolved to {Google Sans, wdth 100.0, wght 700, ital 0.0, bestEffort false} [CONTEXT service_id=132 ]
09-01 19:56:01.729  2816 14881 I FontLog : Fetch {Google Sans, wdth 100.0, wght 700, ital 0.0, bestEffort false} end status Status{statusCode=SUCCESS, resolution=null} [CONTEXT service_id=132 ]
09-01 19:56:01.731 26860 26886 I AdrenoGLES-0: PFP: 0x016dd090, ME: 0x00000000
09-01 19:56:01.732  2816 14881 I FontLog : Pulling font file for id = 1199, cache size = 5 [CONTEXT service_id=132 ]
09-01 19:56:01.734  2816 14881 I FontLog : Received query name=Noto Color Emoji Compat&weight=400&besteffort=false, URI content://com.google.android.gms.fonts [CONTEXT service_id=132 ]
09-01 19:56:01.734  2816 14881 I FontLog : Query [name=Noto Color Emoji Compat&weight=400&besteffort=false] resolved to {Noto Color Emoji Compat, wdth 100.0, wght 400, ital 0.0, bestEffort false} [CONTEXT service_id=132 ]
09-01 19:56:01.735  2816 14881 I FontLog : Fetch {Noto Color Emoji Compat, wdth 100.0, wght 400, ital 0.0, bestEffort false} end status Status{statusCode=SUCCESS, resolution=null} [CONTEXT service_id=132 ]
09-01 19:56:01.736 26860 26886 W AdrenoUtils: <ReadGpuID_from_sysfs:197>: Failed to open /sys/class/kgsl/kgsl-3d0/gpu_model
09-01 19:56:01.736 26860 26886 W AdrenoUtils: <ReadGpuID:221>: Failed to read chip ID from gpu_model. Fallback to use the GSL path
09-01 19:56:01.737  2816 14881 I FontLog : Pulling font file for id = 1200, cache size = 6 [CONTEXT service_id=132 ]
09-01 19:56:01.739  2816 14881 I FontLog : Received query name=Google Sans&weight=400&besteffort=false, URI content://com.google.android.gms.fonts [CONTEXT service_id=132 ]
09-01 19:56:01.739  2816 14881 I FontLog : Query [name=Google Sans&weight=400&besteffort=false] resolved to {Google Sans, wdth 100.0, wght 400, ital 0.0, bestEffort false} [CONTEXT service_id=132 ]
09-01 19:56:01.739  2816 14881 I FontLog : Font PFD returned from cache for {Google Sans, wdth 100.0, wght 400, ital 0.0, bestEffort false} [CONTEXT service_id=132 ]
09-01 19:56:01.739  2816 14881 I FontLog : Fetch {Google Sans, wdth 100.0, wght 400, ital 0.0, bestEffort false} end status Status{statusCode=SUCCESS, resolution=null} [CONTEXT service_id=132 ]
09-01 19:56:01.742  2816 14881 I FontLog : Pulling font file for id = 1201, cache size = 5 [CONTEXT service_id=132 ]
09-01 19:56:01.744  2816 14881 I FontLog : Received query name=Google Sans&weight=500&besteffort=false, URI content://com.google.android.gms.fonts [CONTEXT service_id=132 ]
09-01 19:56:01.745  2816 14881 I FontLog : Query [name=Google Sans&weight=500&besteffort=false] resolved to {Google Sans, wdth 100.0, wght 500, ital 0.0, bestEffort false} [CONTEXT service_id=132 ]
09-01 19:56:01.745  2816 14881 I FontLog : Font PFD returned from cache for {Google Sans, wdth 100.0, wght 500, ital 0.0, bestEffort false} [CONTEXT service_id=132 ]
09-01 19:56:01.745  2816 14881 I FontLog : Fetch {Google Sans, wdth 100.0, wght 500, ital 0.0, bestEffort false} end status Status{statusCode=SUCCESS, resolution=null} [CONTEXT service_id=132 ]
09-01 19:56:01.746  2816 14881 I FontLog : Pulling font file for id = 1202, cache size = 6 [CONTEXT service_id=132 ]
09-01 19:56:01.753 26860 26886 D vulkan  : searching for layers in '/data/app/~~_KLlx60MH8CoecPTjMKp8g==/com.android.chrome-kw9RHYrlHKb9bPXi8OTClw==/lib/arm64'
09-01 19:56:01.754 26860 26886 D vulkan  : searching for layers in '/data/app/~~_KLlx60MH8CoecPTjMKp8g==/com.android.chrome-kw9RHYrlHKb9bPXi8OTClw==/base.apk!/lib/arm64-v8a'
09-01 19:56:01.754 26860 26886 D vulkan  : searching for layers in '/data/app/~~pvdNlmkqoAdokjnHYmWQbA==/com.google.android.trichromelibrary_530409134-AZWnkLs2PHY5miTP6ZiTzA==/base.apk!/lib/arm64-v8a'
09-01 19:56:01.763 26860 26886 I AdrenoVK-0: ===== BEGIN DUMP OF OVERRIDDEN SETTINGS =====
09-01 19:56:01.763 26860 26886 I AdrenoVK-0: ===== END DUMP OF OVERRIDDEN SETTINGS =====
09-01 19:56:01.763 26860 26886 I AdrenoVK-0: QUALCOMM build          : 35605c3, Ia11ce2d146
09-01 19:56:01.763 26860 26886 I AdrenoVK-0: Build Date              : 09/02/20
09-01 19:56:01.763 26860 26886 I AdrenoVK-0: Shader Compiler Version : EV031.31.04.00
09-01 19:56:01.763 26860 26886 I AdrenoVK-0: Local Branch            : gfx-adreno.lnx.2.0
09-01 19:56:01.763 26860 26886 I AdrenoVK-0: Remote Branch           : 
09-01 19:56:01.763 26860 26886 I AdrenoVK-0: Remote Branch           : 
09-01 19:56:01.763 26860 26886 I AdrenoVK-0: Reconstruct Branch      : 
09-01 19:56:01.763 26860 26886 I AdrenoVK-0: Build Config            : S P 10.0.4 AArch64
09-01 19:56:01.763 26860 26886 I AdrenoVK-0: Driver Path             : /vendor/lib64/hw/vulkan.adreno.so
09-01 19:56:01.779 26761 26761 W linker  : Warning: "/data/app/~~_KLlx60MH8CoecPTjMKp8g==/com.android.chrome-kw9RHYrlHKb9bPXi8OTClw==/split_vr.apk!/lib/arm64-v8a/libmonochrome_64_vr_partition.so" unused DT entry: unknown processor-specific (type 0x70000001 arg 0x0) (ignoring)
09-01 19:56:01.782  1513  2169 D ConnectivityService: requestNetwork for uid/pid:10220/26761 NetworkRequest [ TRACK_DEFAULT id=1647, [ Capabilities: INTERNET&NOT_RESTRICTED&TRUSTED Uid: 10220 AdministratorUids: [] RequestorUid: 10220 RequestorPackageName: com.android.chrome] ]
09-01 19:56:01.784  1513  2000 D ConnectivityService: NetReassign [1647 : null → 100]
09-01 19:56:01.784  1513  1996 D WifiNetworkFactory: got request NetworkRequest [ TRACK_DEFAULT id=1647, [ Capabilities: INTERNET&NOT_RESTRICTED&TRUSTED Uid: 10220 AdministratorUids: [] RequestorUid: 10220 RequestorPackageName: com.android.chrome] ] with score 60 and providerId 5
09-01 19:56:01.786  1513  2037 D WIFI_AWARE_FACTORY: got request NetworkRequest [ TRACK_DEFAULT id=1647, [ Capabilities: INTERNET&NOT_RESTRICTED&TRUSTED Uid: 10220 AdministratorUids: [] RequestorUid: 10220 RequestorPackageName: com.android.chrome] ] with score 60 and providerId 5
09-01 19:56:01.786  2474  2474 D PhoneSwitcherNetworkRequstListener: got request NetworkRequest [ TRACK_DEFAULT id=1647, [ Capabilities: INTERNET&NOT_RESTRICTED&TRUSTED Uid: 10220 AdministratorUids: [] RequestorUid: 10220 RequestorPackageName: com.android.chrome] ] with score 60 and providerId 5
09-01 19:56:01.787  1513  2038 D Ethernet: got request NetworkRequest [ TRACK_DEFAULT id=1647, [ Capabilities: INTERNET&NOT_RESTRICTED&TRUSTED Uid: 10220 AdministratorUids: [] RequestorUid: 10220 RequestorPackageName: com.android.chrome] ] with score 60 and providerId 5
09-01 19:56:01.787  1513  1996 D UntrustedWifiNetworkFactory: got request NetworkRequest [ TRACK_DEFAULT id=1647, [ Capabilities: INTERNET&NOT_RESTRICTED&TRUSTED Uid: 10220 AdministratorUids: [] RequestorUid: 10220 RequestorPackageName: com.android.chrome] ] with score 60 and providerId 5
09-01 19:56:01.791  1513  2000 D ConnectivityService: NetReassign [no changes]
09-01 19:56:01.802 26761 26828 I cr_VrCoreVersionChecker: Unable to find VrCore.
09-01 19:56:01.810  7733  7753 I gle.android.gm: CollectorTransition concurrent copying GC freed 87855(3474KB) AllocSpace objects, 0(0B) LOS objects, 75% free, 10MB/40MB, paused 260us total 359.245ms
09-01 19:56:01.843  2158  2158 I WallpaperService: engine paused
09-01 19:56:01.843   901   901 I sensors-hal: [hal]activate_physical_sensor:238, android.sensor.gyroscope/41 en=0
09-01 19:56:01.845   901   901 D Diag_Lib: diag: Diag_LSM_DeInit done for pid: 901
09-01 19:56:01.846   901   901 D Diag_Lib: diag: Diag_LSM_DeInit done for pid: 901
09-01 19:56:01.846   901   901 I sensors-hal: [hal]activate_physical_sensor:249, android.sensor.gyroscope/41 en=0 completed
09-01 19:56:01.862 26761 26761 I Choreographer: Skipped 35 frames!  The application may be doing too much work on its main thread.
09-01 19:56:01.862  1513  8184 I AdrenoGLES-0: QUALCOMM build                   : 35605c3, Ia11ce2d146
09-01 19:56:01.862  1513  8184 I AdrenoGLES-0: Build Date                       : 09/02/20
09-01 19:56:01.862  1513  8184 I AdrenoGLES-0: OpenGL ES Shader Compiler Version: EV031.31.04.00
09-01 19:56:01.862  1513  8184 I AdrenoGLES-0: Local Branch                     : gfx-adreno.lnx.2.0
09-01 19:56:01.862  1513  8184 I AdrenoGLES-0: Remote Branch                    : 
09-01 19:56:01.862  1513  8184 I AdrenoGLES-0: Remote Branch                    : 
09-01 19:56:01.862  1513  8184 I AdrenoGLES-0: Reconstruct Branch               : 
09-01 19:56:01.862  1513  8184 I AdrenoGLES-0: Build Config                     : S P 10.0.4 AArch64
09-01 19:56:01.862  1513  8184 I AdrenoGLES-0: Driver Path                      : /vendor/lib64/egl/libGLESv2_adreno.so
09-01 19:56:01.865 26845 26883 I tflite  : Initialized TensorFlow Lite runtime.
09-01 19:56:01.872  1513  8184 I AdrenoGLES-0: PFP: 0x016dd090, ME: 0x00000000
09-01 19:56:01.892 26761 26761 I cr_tabmodel: #isIncognitoTabBeingRestored from tabState:  false
09-01 19:56:01.892 26761 26761 I cr_tabmodel: #isIncognitoTabBeingRestored from tabState:  false
09-01 19:56:01.893  2858  2858 I GoogleInputMethodService: GoogleInputMethodService.onFinishInput():3280 
09-01 19:56:01.894  2858  2858 I GoogleInputMethodService: GoogleInputMethodService.updateDeviceLockedStatus():2169 repeatCheckTimes = 0, unlocked = true
09-01 19:56:01.894  2858  2858 I GoogleInputMethodService: GoogleInputMethodService.onStartInput():1960 onStartInput(EditorInfo{inputType=0x0(NULL) imeOptions=0x12000000 privateImeOptions=null actionName=UNSPECIFIED actionLabel=null actionId=0 initialSelStart=-1 initialSelEnd=-1 initialCapsMode=0x0 hintText=null label=null packageName=com.android.chrome fieldId=-1 fieldName=null extras=null}, false)
09-01 19:56:01.894  2858  2858 I GoogleInputMethodService: GoogleInputMethodService.shouldHideHeaderOnInitialState():4081 ShouldHideHeaderOnInitialState = false
09-01 19:56:01.894  2858  2858 I GoogleInputMethodService: GoogleInputMethodService.updateDeviceLockedStatus():2169 repeatCheckTimes = 2, unlocked = true
09-01 19:56:01.913 26761 26761 I cr_tabmodel: #isIncognitoTabBeingRestored from tabState:  false
09-01 19:56:02.005 26761 26761 I chatty  : uid=10220(com.android.chrome) identical 38 lines
09-01 19:56:02.005 26761 26761 I cr_tabmodel: #isIncognitoTabBeingRestored from tabState:  false
09-01 19:56:02.008 26761 26761 I cr_tabmodel: #isIncognitoTabBeingRestored from tabDetails:  false
09-01 19:56:02.008 26761 26761 I cr_tabmodel: #isIncognitoTabBeingRestored from tabDetails:  false
09-01 19:56:02.008 26761 26761 W cr_tabmodel: Failed to restore TabState; creating Tab with last known URL.
09-01 19:56:02.020  1513  3232 D CompatibilityChangeReporter: Compat change id reported: 135634846; UID 10220; state: DISABLED
09-01 19:56:02.020  1513  3232 D CompatibilityChangeReporter: Compat change id reported: 135754954; UID 10220; state: ENABLED
09-01 19:56:02.020  1513  1625 D CompatibilityChangeReporter: Compat change id reported: 143937733; UID 10220; state: ENABLED
09-01 19:56:02.022 26761 26761 E cr_IntentUtils: getBooleanExtra failed on intent null
09-01 19:56:02.022 26761 26761 E cr_IntentUtils: getBooleanExtra failed on intent null
09-01 19:56:02.033 26761 26761 I cr_tabmodel: #isIncognitoTabBeingRestored from tabDetails:  false
09-01 19:56:02.033 26761 26761 I cr_tabmodel: #isIncognitoTabBeingRestored from tabDetails:  false
09-01 19:56:02.033 26761 26761 W cr_tabmodel: Failed to restore TabState; creating Tab with last known URL.
09-01 19:56:02.035 26813 26813 D Zygote  : Forked child process 26916
09-01 19:56:02.036  1513  1625 I ActivityManager: Start proc 26916:com.android.chrome:sandboxed_process0:org.chromium.content.app.SandboxedProcessService0:1/u0ai1 for  {com.android.chrome/org.chromium.content.app.SandboxedProcessService0:1}
09-01 19:56:02.039 26916 26916 E libc    : SetHeapTaggingLevel: re-enabling tagging after it was disabled is not supported
09-01 19:56:02.047 26761 26761 E cr_IntentUtils: getBooleanExtra failed on intent null
09-01 19:56:02.047 26761 26761 E cr_IntentUtils: getBooleanExtra failed on intent null
09-01 19:56:02.055 26916 26916 E ocessService0:: Not starting debugger since process cannot load the jdwp agent.
09-01 19:56:02.058 26761 26761 I cr_tabmodel: #isIncognitoTabBeingRestored from tabDetails:  false
09-01 19:56:02.058 26761 26761 I cr_tabmodel: #isIncognitoTabBeingRestored from tabDetails:  false
09-01 19:56:02.058 26761 26761 W cr_tabmodel: Failed to restore TabState; creating Tab with last known URL.
09-01 19:56:02.060 26813 26813 D Zygote  : Forked child process 26933
09-01 19:56:02.060 26933 26933 E libc    : SetHeapTaggingLevel: re-enabling tagging after it was disabled is not supported
09-01 19:56:02.065 26933 26933 E ocessService0:: Not starting debugger since process cannot load the jdwp agent.
09-01 19:56:02.068  1513  3232 D CompatibilityChangeReporter: Compat change id reported: 136274596; UID 10220; state: ENABLED
09-01 19:56:02.071  1513  1625 I ActivityManager: Start proc 26933:com.android.chrome:sandboxed_process0:org.chromium.content.app.SandboxedProcessService0:2/u0ai2 for  {com.android.chrome/org.chromium.content.app.SandboxedProcessService0:2}
09-01 19:56:02.072  1513  3241 D CompatibilityChangeReporter: Compat change id reported: 135634846; UID 10220; state: DISABLED
09-01 19:56:02.072  1513  3241 D CompatibilityChangeReporter: Compat change id reported: 135754954; UID 10220; state: ENABLED
09-01 19:56:02.072  1513  1625 D CompatibilityChangeReporter: Compat change id reported: 143937733; UID 10220; state: ENABLED
09-01 19:56:02.073 26761 26761 E cr_IntentUtils: getBooleanExtra failed on intent null
09-01 19:56:02.073 26761 26761 E cr_IntentUtils: getBooleanExtra failed on intent null
09-01 19:56:02.084 26761 26761 I cr_tabmodel: #isIncognitoTabBeingRestored from tabDetails:  false
09-01 19:56:02.084 26761 26761 I cr_tabmodel: #isIncognitoTabBeingRestored from tabDetails:  false
09-01 19:56:02.084 26761 26761 W cr_tabmodel: Failed to restore TabState; creating Tab with last known URL.
09-01 19:56:02.090  1513  3232 D CompatibilityChangeReporter: Compat change id reported: 136274596; UID 10220; state: ENABLED
09-01 19:56:02.097  1513  3241 D CompatibilityChangeReporter: Compat change id reported: 135634846; UID 10220; state: DISABLED
09-01 19:56:02.097  1513  3241 D CompatibilityChangeReporter: Compat change id reported: 135754954; UID 10220; state: ENABLED
09-01 19:56:02.098 26813 26813 D Zygote  : Forked child process 26953
09-01 19:56:02.099 26761 26761 E cr_IntentUtils: getBooleanExtra failed on intent null
09-01 19:56:02.099 26761 26761 E cr_IntentUtils: getBooleanExtra failed on intent null
09-01 19:56:02.102  1513  1625 I ActivityManager: Start proc 26953:com.android.chrome:sandboxed_process0:org.chromium.content.app.SandboxedProcessService0:3/u0ai3 for  {com.android.chrome/org.chromium.content.app.SandboxedProcessService0:3}
09-01 19:56:02.102 26953 26953 E libc    : SetHeapTaggingLevel: re-enabling tagging after it was disabled is not supported
09-01 19:56:02.102  1513  1625 D CompatibilityChangeReporter: Compat change id reported: 143937733; UID 10220; state: ENABLED
09-01 19:56:02.106 26916 26916 I LoadedApk: No resource references to update in package com.google.android.trichromelibrary
09-01 19:56:02.106 26916 26916 D NetworkSecurityConfig: Using Network Security Config from resource 0_resource_name_obfuscated debugBuild: false
09-01 19:56:02.107 26916 26916 D NetworkSecurityConfig: Using Network Security Config from resource 0_resource_name_obfuscated debugBuild: false
09-01 19:56:02.109 26761 26761 I cr_tabmodel: #isIncognitoTabBeingRestored from tabDetails:  false
09-01 19:56:02.109 26761 26761 I cr_tabmodel: #isIncognitoTabBeingRestored from tabDetails:  false
09-01 19:56:02.109 26761 26761 W cr_tabmodel: Failed to restore TabState; creating Tab with last known URL.
09-01 19:56:02.111 26916 26916 I cr_SplitCompatApp: Launched version=107.0.5304.91 minSdkVersion=29 isBundle=true processName=com.android.chrome:sandboxed_process0:org.chromium.content.app.SandboxedProcessService0:1 isIsolated=true
09-01 19:56:02.112 26953 26953 E ocessService0:: Not starting debugger since process cannot load the jdwp agent.
09-01 19:56:02.124 26761 26761 E cr_IntentUtils: getBooleanExtra failed on intent null
09-01 19:56:02.125 26761 26761 E cr_IntentUtils: getBooleanExtra failed on intent null
09-01 19:56:02.125 26813 26813 D Zygote  : Forked child process 26969
09-01 19:56:02.125 26933 26933 I LoadedApk: No resource references to update in package com.google.android.trichromelibrary
09-01 19:56:02.126  1513  1625 I ActivityManager: Start proc 26969:com.android.chrome:sandboxed_process0:org.chromium.content.app.SandboxedProcessService0:4/u0ai4 for  {com.android.chrome/org.chromium.content.app.SandboxedProcessService0:4}
09-01 19:56:02.127 26933 26933 D NetworkSecurityConfig: Using Network Security Config from resource 0_resource_name_obfuscated debugBuild: false
09-01 19:56:02.128 26933 26933 D NetworkSecurityConfig: Using Network Security Config from resource 0_resource_name_obfuscated debugBuild: false
09-01 19:56:02.130  1513  3240 D CompatibilityChangeReporter: Compat change id reported: 136274596; UID 10220; state: ENABLED
09-01 19:56:02.131 26916 26916 W SystemServiceRegistry: No service published for: uimode
09-01 19:56:02.131 26969 26969 E libc    : SetHeapTaggingLevel: re-enabling tagging after it was disabled is not supported
09-01 19:56:02.135 26761 26761 I cr_tabmodel: #isIncognitoTabBeingRestored from tabDetails:  false
09-01 19:56:02.135 26761 26761 I cr_tabmodel: #isIncognitoTabBeingRestored from tabDetails:  false
09-01 19:56:02.135 26761 26761 W cr_tabmodel: Failed to restore TabState; creating Tab with last known URL.
09-01 19:56:02.138 26933 26933 I cr_SplitCompatApp: Launched version=107.0.5304.91 minSdkVersion=29 isBundle=true processName=com.android.chrome:sandboxed_process0:org.chromium.content.app.SandboxedProcessService0:2 isIsolated=true
09-01 19:56:02.140 26969 26969 E ocessService0:: Not starting debugger since process cannot load the jdwp agent.
09-01 19:56:02.143   901  1000 D VSC     : @ 36148.596: [WO] tilt angle 89
09-01 19:56:02.145 26916 26916 I cr_ChildProcessService: Creating new ChildProcessService pid=26916
09-01 19:56:02.148  1513  3232 D CompatibilityChangeReporter: Compat change id reported: 135634846; UID 10220; state: DISABLED
09-01 19:56:02.148  1513  3232 D CompatibilityChangeReporter: Compat change id reported: 135754954; UID 10220; state: ENABLED
09-01 19:56:02.149 26761 26761 E cr_IntentUtils: getBooleanExtra failed on intent null
09-01 19:56:02.149 26761 26761 E cr_IntentUtils: getBooleanExtra failed on intent null
09-01 19:56:02.152 26813 26813 D Zygote  : Forked child process 26987
09-01 19:56:02.154 26987 26987 E libc    : SetHeapTaggingLevel: re-enabling tagging after it was disabled is not supported
09-01 19:56:02.158 26916 26946 I cr_LibraryLoader: Using ModernLinker
09-01 19:56:02.158 26933 26933 W SystemServiceRegistry: No service published for: uimode
09-01 19:56:02.159  1513  1625 I ActivityManager: Start proc 26987:com.android.chrome:sandboxed_process0:org.chromium.content.app.SandboxedProcessService0:5/u0ai5 for  {com.android.chrome/org.chromium.content.app.SandboxedProcessService0:5}
09-01 19:56:02.159  1513  1625 D CompatibilityChangeReporter: Compat change id reported: 143937733; UID 10220; state: ENABLED
09-01 19:56:02.160 26761 26761 I cr_tabmodel: #isIncognitoTabBeingRestored from tabDetails:  false
09-01 19:56:02.160 26761 26761 I cr_tabmodel: #isIncognitoTabBeingRestored from tabDetails:  false
09-01 19:56:02.161 26761 26761 W cr_tabmodel: Failed to restore TabState; creating Tab with last known URL.
09-01 19:56:02.161 26916 26946 W linker  : Warning: "/data/app/~~_KLlx60MH8CoecPTjMKp8g==/com.android.chrome-kw9RHYrlHKb9bPXi8OTClw==/base.apk!/lib/arm64-v8a/libchromium_android_linker.so" unused DT entry: unknown processor-specific (type 0x70000001 arg 0x0) (ignoring)
09-01 19:56:02.162 26916 26946 E cr_ChromiumAndroidLinker: ReserveAddressWithHint: Address range starting at 0x7a3875a000 was not free to use
09-01 19:56:02.164 26933 26933 I cr_ChildProcessService: Creating new ChildProcessService pid=26933
09-01 19:56:02.171 26987 26987 E ocessService0:: Not starting debugger since process cannot load the jdwp agent.
