--------- beginning of system
09-01 19:00:00.983  1513  2000 D ConnectivityService: NetReassign [no changes]
09-01 19:00:01.071  1513  8503 I ActivityManager: Force stopping com.android.chrome appid=10220 user=0: from pid 22361
--------- beginning of main
09-01 19:00:01.077  2474  2474 E PhoneInterfaceManager: [PhoneIntfMgr] getCarrierPackageNamesForIntentAndPhone: No UICC
09-01 19:00:01.077  2474  2474 D CarrierSvcBindHelper: No carrier app for: 0
09-01 19:00:01.084  3135  3135 D RegisteredNfcFServicesCache: Service unchanged, not updating
09-01 19:00:01.088  8777  8777 I EuiccGoogle: [2] EuiccServiceImpl.onCreate: onCreate Single-SIM mode: simCardState is 1
09-01 19:00:01.094  8777 22367 I EuiccGoogle: [5951] EuiccServiceImpl.onGetEuiccProfileInfoList: onGetEuiccProfileInfoList: slotId = -1
09-01 19:00:01.097  8777 22367 W EuiccGoogle: [5951] EuiccServiceImpl.onGetEuiccProfileInfoList: slotId=-1. No eUICC is active. Return null.
09-01 19:00:01.329  1513  8503 I ActivityTaskManager: START u0 {act=android.intent.action.VIEW flg=0x10008000 cmp=com.android.chrome/com.google.android.apps.chrome.Main} from uid 2000
09-01 19:00:01.329  1513  1572 D EventSequenceValidator: Transition from ACTIVITY_FINISHED to INTENT_STARTED
09-01 19:00:01.340   901  2806 I sensors-hal: [ssc_utils]get_qmi_debug_flag:244, support_qmi_debug : false
09-01 19:00:01.349 22361 22363 I cmd     : oneway function results will be dropped but finished with status OK and parcel size 4
09-01 19:00:01.350  1513  1572 D CompatibilityChangeReporter: Compat change id reported: 135634846; UID 10220; state: DISABLED
09-01 19:00:01.350  1513  1572 D CompatibilityChangeReporter: Compat change id reported: 135754954; UID 10220; state: ENABLED
09-01 19:00:01.350  1513  1625 D CompatibilityChangeReporter: Compat change id reported: 143937733; UID 10220; state: ENABLED
09-01 19:00:01.352  1513  1572 D EventSequenceValidator: Transition from INTENT_STARTED to ACTIVITY_LAUNCHED
09-01 19:00:01.358   778   778 D Zygote  : Forked child process 22371
09-01 19:00:01.364   901  1000 W ASH     : @ 32787.818: Unhandled msg ID 999: line 1277
09-01 19:00:01.365   901  1000 E ASH     : @ 32787.818: No pb callback assigned
09-01 19:00:01.365   901  1000 E ASH     : @ 32787.818: Nanopb error: callback failed:1588
09-01 19:00:01.365  1513  1625 I ActivityManager: Start proc 22371:com.android.chrome/u0a220 for pre-top-activity {com.android.chrome/com.google.android.apps.chrome.Main}
09-01 19:00:01.365  3088  3660 I AssistantForeground: (REDACTED) Get launcher package: %s
09-01 19:00:01.366 22371 22371 E .android.chrom: Not starting debugger since process cannot load the jdwp agent.
09-01 19:00:01.390 22371 22371 W .android.chrom: JIT profile information will not be recorded: profile file does not exist.
09-01 19:00:01.394 22371 22371 I LoadedApk: No resource references to update in package com.google.android.trichromelibrary
09-01 19:00:01.394 22371 22371 D NetworkSecurityConfig: Using Network Security Config from resource 0_resource_name_obfuscated debugBuild: false
09-01 19:00:01.394  2158  2158 I WallpaperService: engine resumed
09-01 19:00:01.395 22371 22371 D NetworkSecurityConfig: Using Network Security Config from resource 0_resource_name_obfuscated debugBuild: false
09-01 19:00:01.395 22371 22371 I cr_SplitCompatApp: Launched version=107.0.5304.91 minSdkVersion=29 isBundle=true processName=com.android.chrome isIsolated=false
09-01 19:00:01.396   901   901 I sensors-hal: [hal]batch_physical_sensor:301, android.sensor.gyroscope/41, period=20000000, max_latency=0
09-01 19:00:01.396   901   901 I sensors-hal: [hal]batch_physical_sensor:310, android.sensor.gyroscope/41, period=20000000, max_latency=0 request completed
09-01 19:00:01.396   901   901 I sensors-hal: [hal]activate_physical_sensor:238, android.sensor.gyroscope/41 en=1
09-01 19:00:01.397   901   901 W sensors@2.0-ser: type=1400 audit(0.0:4065): avc: denied { read write } for name="diag" dev="tmpfs" ino=12474 scontext=u:r:hal_sensors_default:s0 tcontext=u:object_r:diag_device:s0 tclass=chr_file permissive=0
09-01 19:00:01.397   901   901 W sensors@2.0-ser: type=1400 audit(0.0:4066): avc: denied { read write } for name="diag" dev="tmpfs" ino=12474 scontext=u:r:hal_sensors_default:s0 tcontext=u:object_r:diag_device:s0 tclass=chr_file permissive=0
09-01 19:00:01.397   901   901 I sensors-hal: [ssc_utils]get_qmi_debug_flag:244, support_qmi_debug : false
09-01 19:00:01.400   901   901 D Diag_Lib:  Diag_LSM_Init: Failed to open handle to diag driver, error = 13
09-01 19:00:01.400   901   901 D Diag_Lib:  Diag_LSM_Init: Failed to open handle to diag driver, error = 13
09-01 19:00:01.400   901   901 I sensors-hal: [ssc_sensor]update_handle:537, handle=331, type=33, wakeup=0, hwid=0, base=331
09-01 19:00:01.400   901   901 I sensors-hal: [ssc_utils]get_qmi_debug_flag:244, support_qmi_debug : false
09-01 19:00:01.404   901   901 I sensors-hal: [ssc_utils]get_qmi_debug_flag:244, support_qmi_debug : false
09-01 19:00:01.405   901 22397 I sensors-hal: [ssc_sensor]ssc_conn_resp_cb:663, resp_value = 0
09-01 19:00:01.406   901  1000 W SEE     : @ 32787.858: adding req to Q sensor=8 req=0xb20356b8 msg=513
09-01 19:00:01.407   901 22397 I sensors-hal: [sensor]submit_sensors_hal_event:146, android.sensor.additional_info: trying to push empty Events, count = 0
09-01 19:00:01.407   901 22397 I sensors-hal: [sensor]submit_sensors_hal_event:146, android.sensor.additional_info: trying to push empty Events, count = 0
09-01 19:00:01.410   901   901 I sensors-hal: [hal]activate_physical_sensor:249, android.sensor.gyroscope/41 en=1 completed
09-01 19:00:01.412   901 22403 I sensors-hal: [ssc_sensor]ssc_conn_resp_cb:663, resp_value = 0
09-01 19:00:01.412   901  1000 W SEE     : @ 32787.865: adding req to Q sensor=2 req=0xb2028088 msg=513
09-01 19:00:01.414   901 22403 I sensors-hal: [sensor]submit_sensors_hal_event:146, android.sensor.gyroscope: trying to push empty Events, count = 1
09-01 19:00:01.414   901 22403 I chatty  : uid=1000(system) sensors@2.0-ser identical 2 lines
09-01 19:00:01.420   901 22403 I sensors-hal: [sensor]submit_sensors_hal_event:146, android.sensor.gyroscope: trying to push empty Events, count = 1
09-01 19:00:01.422 22371 22406 I cr_LibraryLoader: Using ModernLinker
09-01 19:00:01.422 22371 22406 I cr_LibraryLoader: Loading monochrome_64 from within /data/app/~~_KLlx60MH8CoecPTjMKp8g==/com.android.chrome-kw9RHYrlHKb9bPXi8OTClw==/base.apk
09-01 19:00:01.423  2816 10247 I FontLog : Received query Google Sans:700, URI content://com.google.android.gms.fonts [CONTEXT service_id=132 ]
09-01 19:00:01.423  2816 10247 I FontLog : Query [Google Sans:700] resolved to {Google Sans, wdth 100.0, wght 700, ital 0.0, bestEffort false} [CONTEXT service_id=132 ]
09-01 19:00:01.424  2816 10247 I FontLog : Fetch {Google Sans, wdth 100.0, wght 700, ital 0.0, bestEffort false} end status Status{statusCode=SUCCESS, resolution=null} [CONTEXT service_id=132 ]
09-01 19:00:01.425 22371 22406 W linker  : Warning: "/data/app/~~_KLlx60MH8CoecPTjMKp8g==/com.android.chrome-kw9RHYrlHKb9bPXi8OTClw==/base.apk!/lib/arm64-v8a/libchromium_android_linker.so" unused DT entry: unknown processor-specific (type 0x70000001 arg 0x0) (ignoring)
09-01 19:00:01.426 22371 22406 I cr_ModernLinker: loadLibraryImplLocked: monochrome_64, relroMode=1
09-01 19:00:01.427 22371 22406 W linker  : Warning: "/data/app/~~pvdNlmkqoAdokjnHYmWQbA==/com.google.android.trichromelibrary_530409134-AZWnkLs2PHY5miTP6ZiTzA==/base.apk!/lib/arm64-v8a/libmonochrome_64.so" unused DT entry: unknown processor-specific (type 0x70000001 arg 0x0) (ignoring)
09-01 19:00:01.429  2816 10247 I FontLog : Pulling font file for id = 1043, cache size = 6 [CONTEXT service_id=132 ]
09-01 19:00:01.444 22371 22406 I cr_LibraryLoader: Successfully loaded native library
09-01 19:00:01.445 22371 22406 I cr_CachingUmaRecorder: Flushed 30 samples from 28 histograms.
09-01 19:00:01.454 22371 22410 W DynamiteModule: Local module descriptor class for com.google.android.gms.googlecertificates not found.
09-01 19:00:01.460 22371 22410 I DynamiteModule: Considering local module com.google.android.gms.googlecertificates:0 and remote module com.google.android.gms.googlecertificates:7
09-01 19:00:01.460 22371 22410 I DynamiteModule: Selected remote version of com.google.android.gms.googlecertificates, version >= 7
09-01 19:00:01.465 22371 22410 W System  : ClassLoader referenced unknown path: 
09-01 19:00:01.487 22371 22371 I cr_CompositorSurfaceMgr: Transitioning to surface with format: -1
09-01 19:00:01.507  1513  3230 D CompatibilityChangeReporter: Compat change id reported: 136274596; UID 10220; state: ENABLED
09-01 19:00:01.519 22371 22402 I cr_tabmodel: Starting to fetch tab list for tab_state1
09-01 19:00:01.519 22371 22402 I cr_tabmodel: State file does not exist.
09-01 19:00:01.519 22371 22398 I cr_tabmodel: Starting to fetch tab list for tab_state0
09-01 19:00:01.519 22371 22398 I cr_tabmodel: Finished fetching tab list.
09-01 19:00:01.544   592  2726 W DisplayIdentification: Invalid EDID: falling back to serial number due to missing display name.
09-01 19:00:01.544   592  2726 W DisplayIdentification: Invalid EDID: falling back to ASCII text due to missing serial number.
09-01 19:00:01.554  1513  3230 D CompatibilityChangeReporter: Compat change id reported: 135634846; UID 10220; state: DISABLED
09-01 19:00:01.554  1513  3230 D CompatibilityChangeReporter: Compat change id reported: 135754954; UID 10220; state: ENABLED
09-01 19:00:01.554  1513  1625 D CompatibilityChangeReporter: Compat change id reported: 143937733; UID 10220; state: ENABLED
09-01 19:00:01.561  2816 14894 E bfyz    : Phenotype API error. Event # deor@1f3f3ed0, EventCode: 7 [CONTEXT service_id=51 ]
09-01 19:00:01.561  2816 14894 E bfyz    : bfyb: 29505: No config packages for log source, or config package not registered
09-01 19:00:01.561  2816 14894 E bfyz    : 	at bfzu.b(:com.google.android.gms@224312037@22.43.12 (150400-483592595):4)
09-01 19:00:01.561  2816 14894 E bfyz    : 	at bfzr.g(:com.google.android.gms@224312037@22.43.12 (150400-483592595):0)
09-01 19:00:01.561  2816 14894 E bfyz    : 	at bfyz.e(:com.google.android.gms@224312037@22.43.12 (150400-483592595):4)
09-01 19:00:01.561  2816 14894 E bfyz    : 	at bfyz.f(:com.google.android.gms@224312037@22.43.12 (150400-483592595):2)
09-01 19:00:01.561  2816 14894 E bfyz    : 	at aqyg.eq(:com.google.android.gms@224312037@22.43.12 (150400-483592595):1)
09-01 19:00:01.561  2816 14894 E bfyz    : 	at aqym.run(:com.google.android.gms@224312037@22.43.12 (150400-483592595):12)
09-01 19:00:01.561  2816 14894 E bfyz    : 	at ckdj.run(:com.google.android.gms@224312037@22.43.12 (150400-483592595):2)
09-01 19:00:01.561  2816 14894 E bfyz    : 	at zqv.c(:com.google.android.gms@224312037@22.43.12 (150400-483592595):6)
09-01 19:00:01.561  2816 14894 E bfyz    : 	at zqv.run(:com.google.android.gms@224312037@22.43.12 (150400-483592595):7)
09-01 19:00:01.561  2816 14894 E bfyz    : 	at java.util.concurrent.ThreadPoolExecutor.runWorker(ThreadPoolExecutor.java:1167)
09-01 19:00:01.561  2816 14894 E bfyz    : 	at java.util.concurrent.ThreadPoolExecutor$Worker.run(ThreadPoolExecutor.java:641)
09-01 19:00:01.561  2816 14894 E bfyz    : 	at zwa.run(:com.google.android.gms@224312037@22.43.12 (150400-483592595):0)
09-01 19:00:01.561  2816 14894 E bfyz    : 	at java.lang.Thread.run(Thread.java:923)
09-01 19:00:01.562  2816 14894 W AsyncOperation: operation=GetExperimentTokensOperationCall, opStatusCode=29505 [CONTEXT service_id=51 ]
09-01 19:00:01.562  2816 14894 W AsyncOperation: OperationException[Status{statusCode=No config packages for log source, or config package not registered, resolution=null}]
09-01 19:00:01.562  2816 14894 W AsyncOperation: 	at bfyz.e(:com.google.android.gms@224312037@22.43.12 (150400-483592595):6)
09-01 19:00:01.562  2816 14894 W AsyncOperation: 	at bfyz.f(:com.google.android.gms@224312037@22.43.12 (150400-483592595):2)
09-01 19:00:01.562  2816 14894 W AsyncOperation: 	at aqyg.eq(:com.google.android.gms@224312037@22.43.12 (150400-483592595):1)
09-01 19:00:01.562  2816 14894 W AsyncOperation: 	at aqym.run(:com.google.android.gms@224312037@22.43.12 (150400-483592595):12)
09-01 19:00:01.562  2816 14894 W AsyncOperation: 	at ckdj.run(:com.google.android.gms@224312037@22.43.12 (150400-483592595):2)
09-01 19:00:01.562  2816 14894 W AsyncOperation: 	at zqv.c(:com.google.android.gms@224312037@22.43.12 (150400-483592595):6)
09-01 19:00:01.562  2816 14894 W AsyncOperation: 	at zqv.run(:com.google.android.gms@224312037@22.43.12 (150400-483592595):7)
09-01 19:00:01.562  2816 14894 W AsyncOperation: 	at java.util.concurrent.ThreadPoolExecutor.runWorker(ThreadPoolExecutor.java:1167)
09-01 19:00:01.562  2816 14894 W AsyncOperation: 	at java.util.concurrent.ThreadPoolExecutor$Worker.run(ThreadPoolExecutor.java:641)
09-01 19:00:01.562  2816 14894 W AsyncOperation: 	at zwa.run(:com.google.android.gms@224312037@22.43.12 (150400-483592595):0)
09-01 19:00:01.562  2816 14894 W AsyncOperation: 	at java.lang.Thread.run(Thread.java:923)
09-01 19:00:01.562 22371 22420 I AdrenoGLES-0: QUALCOMM build                   : 35605c3, Ia11ce2d146
09-01 19:00:01.562 22371 22420 I AdrenoGLES-0: Build Date                       : 09/02/20
09-01 19:00:01.562 22371 22420 I AdrenoGLES-0: OpenGL ES Shader Compiler Version: EV031.31.04.00
09-01 19:00:01.562 22371 22420 I AdrenoGLES-0: Local Branch                     : gfx-adreno.lnx.2.0
09-01 19:00:01.562 22371 22420 I AdrenoGLES-0: Remote Branch                    : 
09-01 19:00:01.562 22371 22420 I AdrenoGLES-0: Remote Branch                    : 
09-01 19:00:01.562 22371 22420 I AdrenoGLES-0: Reconstruct Branch               : 
09-01 19:00:01.562 22371 22420 I AdrenoGLES-0: Build Config                     : S P 10.0.4 AArch64
09-01 19:00:01.562 22371 22420 I AdrenoGLES-0: Driver Path                      : /vendor/lib64/egl/libGLESv2_adreno.so
09-01 19:00:01.565 22371 22420 I AdrenoGLES-0: PFP: 0x016dd090, ME: 0x00000000
09-01 19:00:01.567 22371 22371 I cr_StartSurfaceConfig: Recorded Startup.Android.FirstDrawCompletedTime.NoInstant = 104 ms
09-01 19:00:01.571   778   778 D Zygote  : Forked child process 22422
09-01 19:00:01.573 22371 22420 W AdrenoUtils: <ReadGpuID_from_sysfs:197>: Failed to open /sys/class/kgsl/kgsl-3d0/gpu_model
09-01 19:00:01.573 22371 22420 W AdrenoUtils: <ReadGpuID:221>: Failed to read chip ID from gpu_model. Fallback to use the GSL path
09-01 19:00:01.573  1513  1625 W ZygoteProcess: Got error connecting to zygote, retrying. msg= Connection refused
09-01 19:00:01.586 22422 22422 I libc    : SetHeapTaggingLevel: tag level set to 0
09-01 19:00:01.589  1513  1572 D EventSequenceValidator: Transition from ACTIVITY_LAUNCHED to ACTIVITY_FINISHED
09-01 19:00:01.599  1513  1622 D ArtManagerInternalImpl: /data/misc/iorapd/com.android.chrome/530409134/com.google.android.apps.chrome.Main/compiled_traces/compiled_trace.pb doesn't exist
09-01 19:00:01.600  1513  1622 I ActivityTaskManager: Displayed com.android.chrome/com.google.android.apps.chrome.Main: +260ms
09-01 19:00:01.606 22371 22371 I TetheringManager: registerTetheringEventCallback:com.android.chrome
09-01 19:00:01.607   594 28441 I SDM     : HWDeviceDRM::UpdateMixerAttributes: Mixer WxH 1080x2340-1 for Peripheral
09-01 19:00:01.607   594 28441 I SDM     : DisplayBase::SetActiveConfig: Active configuration changed to: 0
09-01 19:00:01.607   594 28441 I SDM     : StrategyImpl::SetIdleTimeoutMs: Idle timeout set to zero for command mode panels
09-01 19:00:01.611 22371 22402 W cr_PartnerCustomize: Partner homepage must be HTTP(S) or NewTabPage. Got invalid URL ""
09-01 19:00:01.615   901  2806 I sensors-hal: [ssc_utils]get_qmi_debug_flag:244, support_qmi_debug : false
09-01 19:00:01.616  1513  1572 I DisplayManagerService: Display device changed: DisplayDeviceInfo{"Built-in Screen": uniqueId="local:19260504575090817", 1080 x 2340, modeId 2, defaultModeId 2, supportedModes [{id=1, width=1080, height=2340, fps=90.0}, {id=2, width=1080, height=2340, fps=60.000004}], colorMode 0, supportedColorModes [0, 7, 9], HdrCapabilities HdrCapabilities{mSupportedHdrTypes=[2, 3, 4], mMaxLuminance=500.0, mMaxAverageLuminance=500.0, mMinLuminance=0.0}, allmSupported false, gameContentTypeSupported false, density 440, 435.428 x 433.839 dpi, appVsyncOff 2333332, presDeadline 11500000, cutout DisplayCutout{insets=Rect(0, 136 - 0, 0) waterfall=Insets{left=0, top=0, right=0, bottom=0} boundingRect={Bounds=[Rect(0, 0 - 0, 0), Rect(0, 0 - 136, 136), Rect(0, 0 - 0, 0), Rect(0, 0 - 0, 0)]}}, touch INTERNAL, rotation 0, type INTERNAL, address {port=129, model=0x446d53ad64a0}, deviceProductInfo DeviceProductInfo{name=, manufacturerPnpId=QCM, productId=1, modelYear=null, manufactureDate=ManufactureDate{week=27, year=2006}, relativeAddress=null}, state ON, FLAG_DEFAULT_DISPLAY, FLAG_ROTATES_WITH_CONTENT, FLAG_SECURE, FLAG_SUPPORTS_PROTECTED_BUFFERS}
09-01 19:00:01.618   594 28441 I SDM     : HWDeviceDRM::UpdateMixerAttributes: Mixer WxH 1080x2340-1 for Peripheral
09-01 19:00:01.618   594 28441 I SDM     : DisplayBase::SetActiveConfig: Active configuration changed to: 1
09-01 19:00:01.618   594 28441 I SDM     : StrategyImpl::SetIdleTimeoutMs: Idle timeout set to zero for command mode panels
09-01 19:00:01.625  1513  1625 I AppZygote: Starting application preload.
09-01 19:00:01.629 22422 22422 I AppZygoteInit: Beginning application preload for com.android.chrome
09-01 19:00:01.631   901  2806 I sensors-hal: [ssc_utils]get_qmi_debug_flag:244, support_qmi_debug : false
09-01 19:00:01.643 22422 22422 I cr_ZygotePreload: Loaded Zygote. version=107.0.5304.91 minSdkVersion=29 isBundle=true
09-01 19:00:01.644   901  1000 W ASH     : @ 32788.098: Unhandled msg ID 999: line 1277
09-01 19:00:01.644   901  1000 E ASH     : @ 32788.098: No pb callback assigned
09-01 19:00:01.644   901  1000 E ASH     : @ 32788.098: Nanopb error: callback failed:1588
09-01 19:00:01.647 22422 22422 W linker  : Warning: "/data/app/~~pvdNlmkqoAdokjnHYmWQbA==/com.google.android.trichromelibrary_530409134-AZWnkLs2PHY5miTP6ZiTzA==/base.apk!/lib/arm64-v8a/libmonochrome_64.so" unused DT entry: unknown processor-specific (type 0x70000001 arg 0x0) (ignoring)
09-01 19:00:01.650  1513  1572 I DisplayManagerService: Display device changed: DisplayDeviceInfo{"Built-in Screen": uniqueId="local:19260504575090817", 1080 x 2340, modeId 1, defaultModeId 2, supportedModes [{id=1, width=1080, height=2340, fps=90.0}, {id=2, width=1080, height=2340, fps=60.000004}], colorMode 0, supportedColorModes [0, 7, 9], HdrCapabilities HdrCapabilities{mSupportedHdrTypes=[2, 3, 4], mMaxLuminance=500.0, mMaxAverageLuminance=500.0, mMinLuminance=0.0}, allmSupported false, gameContentTypeSupported false, density 440, 435.428 x 433.839 dpi, appVsyncOff 2333333, presDeadline 11500000, cutout DisplayCutout{insets=Rect(0, 136 - 0, 0) waterfall=Insets{left=0, top=0, right=0, bottom=0} boundingRect={Bounds=[Rect(0, 0 - 0, 0), Rect(0, 0 - 136, 136), Rect(0, 0 - 0, 0), Rect(0, 0 - 0, 0)]}}, touch INTERNAL, rotation 0, type INTERNAL, address {port=129, model=0x446d53ad64a0}, deviceProductInfo DeviceProductInfo{name=, manufacturerPnpId=QCM, productId=1, modelYear=null, manufactureDate=ManufactureDate{week=27, year=2006}, relativeAddress=null}, state ON, FLAG_DEFAULT_DISPLAY, FLAG_ROTATES_WITH_CONTENT, FLAG_SECURE, FLAG_SUPPORTS_PROTECTED_BUFFERS}
09-01 19:00:01.674  1513  1625 I AppZygote: Application preload done.
09-01 19:00:01.674 22422 22422 I AppZygoteInit: Application preload done
09-01 19:00:01.681 22371 22371 I cr_SmsProviderGms: construction successfull IU2@7469c8f, FU2@25e6b1c
09-01 19:00:01.691 22422 22428 W d.chrome_zygot: Reducing the number of considered missed Gc histogram windows from 3278 to 100
09-01 19:00:01.691 22371 22447 W InstanceID: Instance ID SDK is deprecated, com.android.chrome should update to use Firebase Instance ID
09-01 19:00:01.702 22422 22422 D Zygote  : Forked child process 22460
09-01 19:00:01.703  1513  8503 D ConnectivityService: requestNetwork for uid/pid:10220/22371 NetworkRequest [ TRACK_DEFAULT id=1470, [ Capabilities: INTERNET&NOT_RESTRICTED&TRUSTED Uid: 10220 AdministratorUids: [] RequestorUid: 10220 RequestorPackageName: com.android.chrome] ]
09-01 19:00:01.704  1513  1625 W ActivityManager: Slow operation: 150ms so far, now at startProcess: returned from zygote!
09-01 19:00:01.704  1513  1625 W ActivityManager: Slow operation: 150ms so far, now at startProcess: done updating battery stats
09-01 19:00:01.704  1513  1625 W ActivityManager: Slow operation: 150ms so far, now at startProcess: building log message
09-01 19:00:01.704  1513  1625 I ActivityManager: Start proc 22460:com.android.chrome:sandboxed_process0:org.chromium.content.app.SandboxedProcessService0:0/u0ai0 for  {com.android.chrome/org.chromium.content.app.SandboxedProcessService0:0}
09-01 19:00:01.704  1513  1625 W ActivityManager: Slow operation: 150ms so far, now at startProcess: starting to update pids map
09-01 19:00:01.704  1513  1625 W ActivityManager: Slow operation: 151ms so far, now at startProcess: done updating pids map
09-01 19:00:01.705  1513  2000 D ConnectivityService: NetReassign [1470 : null → 100]
09-01 19:00:01.706  1513  2037 D WIFI_AWARE_FACTORY: got request NetworkRequest [ TRACK_DEFAULT id=1470, [ Capabilities: INTERNET&NOT_RESTRICTED&TRUSTED Uid: 10220 AdministratorUids: [] RequestorUid: 10220 RequestorPackageName: com.android.chrome] ] with score 60 and providerId 5
09-01 19:00:01.706  1513  2000 D ConnectivityService: NetReassign [no changes]
09-01 19:00:01.707  1513  1996 D WifiNetworkFactory: got request NetworkRequest [ TRACK_DEFAULT id=1470, [ Capabilities: INTERNET&NOT_RESTRICTED&TRUSTED Uid: 10220 AdministratorUids: [] RequestorUid: 10220 RequestorPackageName: com.android.chrome] ] with score 60 and providerId 5
09-01 19:00:01.707  1513  1996 D UntrustedWifiNetworkFactory: got request NetworkRequest [ TRACK_DEFAULT id=1470, [ Capabilities: INTERNET&NOT_RESTRICTED&TRUSTED Uid: 10220 AdministratorUids: [] RequestorUid: 10220 RequestorPackageName: com.android.chrome] ] with score 60 and providerId 5
09-01 19:00:01.707  2474  2474 D PhoneSwitcherNetworkRequstListener: got request NetworkRequest [ TRACK_DEFAULT id=1470, [ Capabilities: INTERNET&NOT_RESTRICTED&TRUSTED Uid: 10220 AdministratorUids: [] RequestorUid: 10220 RequestorPackageName: com.android.chrome] ] with score 60 and providerId 5
09-01 19:00:01.708  1513  2038 D Ethernet: got request NetworkRequest [ TRACK_DEFAULT id=1470, [ Capabilities: INTERNET&NOT_RESTRICTED&TRUSTED Uid: 10220 AdministratorUids: [] RequestorUid: 10220 RequestorPackageName: com.android.chrome] ] with score 60 and providerId 5
09-01 19:00:01.709 22460 22460 E libc    : SetHeapTaggingLevel: re-enabling tagging after it was disabled is not supported
09-01 19:00:01.725 22460 22460 E ocessService0:: Not starting debugger since process cannot load the jdwp agent.
09-01 19:00:01.726   778   778 D Zygote  : Forked child process 22472
09-01 19:00:01.728  1513  1625 W ActivityManager: Slow operation: 62ms so far, now at startProcess: returned from zygote!
09-01 19:00:01.728  1513  1625 W ActivityManager: Slow operation: 62ms so far, now at startProcess: done updating battery stats
09-01 19:00:01.728  1513  1625 W ActivityManager: Slow operation: 62ms so far, now at startProcess: building log message
09-01 19:00:01.728  1513  1625 I ActivityManager: Start proc 22472:com.android.chrome:privileged_process0/u0a220 for service {com.android.chrome/org.chromium.content.app.PrivilegedProcessService0}
09-01 19:00:01.728  1513  1625 W ActivityManager: Slow operation: 62ms so far, now at startProcess: starting to update pids map
09-01 19:00:01.729  1513  1625 W ActivityManager: Slow operation: 62ms so far, now at startProcess: done updating pids map
09-01 19:00:01.741  1513  8503 D ConnectivityService: requestNetwork for uid/pid:10220/22371 NetworkRequest [ TRACK_DEFAULT id=1472, [ Capabilities: INTERNET&NOT_RESTRICTED&TRUSTED Uid: 10220 AdministratorUids: [] RequestorUid: 10220 RequestorPackageName: com.android.chrome] ]
09-01 19:00:01.742  1513  2000 D ConnectivityService: NetReassign [1472 : null → 100]
09-01 19:00:01.742  1513  1996 D WifiNetworkFactory: got request NetworkRequest [ TRACK_DEFAULT id=1472, [ Capabilities: INTERNET&NOT_RESTRICTED&TRUSTED Uid: 10220 AdministratorUids: [] RequestorUid: 10220 RequestorPackageName: com.android.chrome] ] with score 60 and providerId 5
09-01 19:00:01.742  1513  2038 D Ethernet: got request NetworkRequest [ TRACK_DEFAULT id=1472, [ Capabilities: INTERNET&NOT_RESTRICTED&TRUSTED Uid: 10220 AdministratorUids: [] RequestorUid: 10220 RequestorPackageName: com.android.chrome] ] with score 60 and providerId 5
09-01 19:00:01.742  1513  2037 D WIFI_AWARE_FACTORY: got request NetworkRequest [ TRACK_DEFAULT id=1472, [ Capabilities: INTERNET&NOT_RESTRICTED&TRUSTED Uid: 10220 AdministratorUids: [] RequestorUid: 10220 RequestorPackageName: com.android.chrome] ] with score 60 and providerId 5
09-01 19:00:01.742  2474  2474 D PhoneSwitcherNetworkRequstListener: got request NetworkRequest [ TRACK_DEFAULT id=1472, [ Capabilities: INTERNET&NOT_RESTRICTED&TRUSTED Uid: 10220 AdministratorUids: [] RequestorUid: 10220 RequestorPackageName: com.android.chrome] ] with score 60 and providerId 5
09-01 19:00:01.742  1513  1996 D UntrustedWifiNetworkFactory: got request NetworkRequest [ TRACK_DEFAULT id=1472, [ Capabilities: INTERNET&NOT_RESTRICTED&TRUSTED Uid: 10220 AdministratorUids: [] RequestorUid: 10220 RequestorPackageName: com.android.chrome] ] with score 60 and providerId 5
09-01 19:00:01.743  1513  2000 D ConnectivityService: NetReassign [no changes]
09-01 19:00:01.746 22472 22472 E ileged_process: Not starting debugger since process cannot load the jdwp agent.
09-01 19:00:01.747  1513  1536 D CompatibilityChangeReporter: Compat change id reported: 136274596; UID 10220; state: ENABLED
09-01 19:00:01.755 22371 22371 W cr_KnoxSettingsProvider: Permission to read device policy denied.
09-01 19:00:01.756  1513  2570 D CompatibilityChangeReporter: Compat change id reported: 149924527; UID 10220; state: ENABLED
09-01 19:00:01.759  1513  2570 D CompatibilityChangeReporter: Compat change id reported: 132649864; UID 10220; state: DISABLED
09-01 19:00:01.762 22371 22371 I cr_CompositorSurfaceMgr: Transitioning to surface with format: -1
09-01 19:00:01.763 22371 22371 I cr_CompositorSurfaceMgr: surfaceCreated format: 0
09-01 19:00:01.769 22371 22371 I cr_ChromeTabbedActivity: #initializeState
09-01 19:00:01.769 22371 22371 I cr_CipherFactory: #restoreFromBundle, no savedInstanceState.
09-01 19:00:01.769 22371 22371 I cr_tabmodel: #loadState, ignoreIncognitoFiles? true
09-01 19:00:01.769 22371 22371 I cr_tabmodel: Tab metadata, skipIncognitoCount? false incognitoCount: 0 totalCount: 36
09-01 19:00:01.770 22371 22371 I cr_tabmodel: #isIncognitoTabBeingRestored from tabDetails:  false
09-01 19:00:01.770 22371 22371 W cr_tabmodel: Failed to restore TabState; creating Tab with last known URL.
09-01 19:00:01.770  1513  2570 D CompatibilityChangeReporter: Compat change id reported: 136274596; UID 10220; state: ENABLED
09-01 19:00:01.776 22460 22460 I LoadedApk: No resource references to update in package com.google.android.trichromelibrary
09-01 19:00:01.776 22460 22460 D NetworkSecurityConfig: Using Network Security Config from resource 0_resource_name_obfuscated debugBuild: false
09-01 19:00:01.778 22460 22460 D NetworkSecurityConfig: Using Network Security Config from resource 0_resource_name_obfuscated debugBuild: false
09-01 19:00:01.779 22460 22460 I cr_SplitCompatApp: Launched version=107.0.5304.91 minSdkVersion=29 isBundle=true processName=com.android.chrome:sandboxed_process0:org.chromium.content.app.SandboxedProcessService0:0 isIsolated=true
09-01 19:00:01.790 22472 22472 W ileged_process: JIT profile information will not be recorded: profile file does not exist.
09-01 19:00:01.792 22460 22460 W SystemServiceRegistry: No service published for: uimode
09-01 19:00:01.795 22472 22472 I LoadedApk: No resource references to update in package com.google.android.trichromelibrary
09-01 19:00:01.795 22472 22472 D NetworkSecurityConfig: Using Network Security Config from resource 0_resource_name_obfuscated debugBuild: false
09-01 19:00:01.796 22472 22472 D NetworkSecurityConfig: Using Network Security Config from resource 0_resource_name_obfuscated debugBuild: false
09-01 19:00:01.796 22472 22472 I cr_SplitCompatApp: Launched version=107.0.5304.91 minSdkVersion=29 isBundle=true processName=com.android.chrome:privileged_process0 isIsolated=false
09-01 19:00:01.799 22460 22460 I cr_ChildProcessService: Creating new ChildProcessService pid=22460
09-01 19:00:01.809 22371 22371 E cr_IntentUtils: getBooleanExtra failed on intent null
09-01 19:00:01.809 22371 22371 E cr_IntentUtils: getBooleanExtra failed on intent null
09-01 19:00:01.810 22460 22493 I cr_LibraryLoader: Using ModernLinker
09-01 19:00:01.812 22460 22493 W linker  : Warning: "/data/app/~~_KLlx60MH8CoecPTjMKp8g==/com.android.chrome-kw9RHYrlHKb9bPXi8OTClw==/base.apk!/lib/arm64-v8a/libchromium_android_linker.so" unused DT entry: unknown processor-specific (type 0x70000001 arg 0x0) (ignoring)
09-01 19:00:01.813 22460 22493 E cr_ChromiumAndroidLinker: ReserveAddressWithHint: Address range starting at 0x7a386e4000 was not free to use
09-01 19:00:01.815 22472 22472 I cr_ChildProcessService: Creating new ChildProcessService pid=22472
09-01 19:00:01.818   594 28441 I SDM     : HWDeviceDRM::UpdateMixerAttributes: Mixer WxH 1080x2340-1 for Peripheral
09-01 19:00:01.818   594 28441 I SDM     : DisplayBase::SetActiveConfig: Active configuration changed to: 0
09-01 19:00:01.818   594 28441 I SDM     : StrategyImpl::SetIdleTimeoutMs: Idle timeout set to zero for command mode panels
09-01 19:00:01.820 22472 22496 I cr_LibraryLoader: Using ModernLinker
09-01 19:00:01.821 22460 22498 I cr_LibraryLoader: Successfully loaded native library
09-01 19:00:01.822 22460 22498 I cr_CachingUmaRecorder: Flushed 3 samples from 3 histograms.
09-01 19:00:01.824 22472 22500 W linker  : Warning: "/data/app/~~_KLlx60MH8CoecPTjMKp8g==/com.android.chrome-kw9RHYrlHKb9bPXi8OTClw==/base.apk!/lib/arm64-v8a/libchromium_android_linker.so" unused DT entry: unknown processor-specific (type 0x70000001 arg 0x0) (ignoring)
09-01 19:00:01.826   901  2806 I sensors-hal: [ssc_utils]get_qmi_debug_flag:244, support_qmi_debug : false
09-01 19:00:01.828  1513  1572 I DisplayManagerService: Display device changed: DisplayDeviceInfo{"Built-in Screen": uniqueId="local:19260504575090817", 1080 x 2340, modeId 2, defaultModeId 2, supportedModes [{id=1, width=1080, height=2340, fps=90.0}, {id=2, width=1080, height=2340, fps=60.000004}], colorMode 0, supportedColorModes [0, 7, 9], HdrCapabilities HdrCapabilities{mSupportedHdrTypes=[2, 3, 4], mMaxLuminance=500.0, mMaxAverageLuminance=500.0, mMinLuminance=0.0}, allmSupported false, gameContentTypeSupported false, density 440, 435.428 x 433.839 dpi, appVsyncOff 2333332, presDeadline 11500000, cutout DisplayCutout{insets=Rect(0, 136 - 0, 0) waterfall=Insets{left=0, top=0, right=0, bottom=0} boundingRect={Bounds=[Rect(0, 0 - 0, 0), Rect(0, 0 - 136, 136), Rect(0, 0 - 0, 0), Rect(0, 0 - 0, 0)]}}, touch INTERNAL, rotation 0, type INTERNAL, address {port=129, model=0x446d53ad64a0}, deviceProductInfo DeviceProductInfo{name=, manufacturerPnpId=QCM, productId=1, modelYear=null, manufactureDate=ManufactureDate{week=27, year=2006}, relativeAddress=null}, state ON, FLAG_DEFAULT_DISPLAY, FLAG_ROTATES_WITH_CONTENT, FLAG_SECURE, FLAG_SUPPORTS_PROTECTED_BUFFERS}
09-01 19:00:01.828 22472 22500 I cr_LibraryLoader: Loading monochrome_64 from within /data/app/~~_KLlx60MH8CoecPTjMKp8g==/com.android.chrome-kw9RHYrlHKb9bPXi8OTClw==/base.apk
09-01 19:00:01.829 22472 22500 I cr_ModernLinker: loadLibraryImplLocked: monochrome_64, relroMode=2
09-01 19:00:01.832 22472 22500 W linker  : Warning: "/data/app/~~pvdNlmkqoAdokjnHYmWQbA==/com.google.android.trichromelibrary_530409134-AZWnkLs2PHY5miTP6ZiTzA==/base.apk!/lib/arm64-v8a/libmonochrome_64.so" unused DT entry: unknown processor-specific (type 0x70000001 arg 0x0) (ignoring)
09-01 19:00:01.832   594 28441 I SDM     : StrategyImpl::SetIdleTimeoutMs: Idle timeout set to zero for command mode panels
09-01 19:00:01.842  7733  7753 I gle.android.gm: CollectorTransition concurrent copying GC freed 14989(848KB) AllocSpace objects, 0(0B) LOS objects, 75% free, 10190KB/39MB, paused 216us total 281.087ms
09-01 19:00:01.845   901  1000 W ASH     : @ 32788.298: Unhandled msg ID 999: line 1277
09-01 19:00:01.845   901  1000 E ASH     : @ 32788.298: No pb callback assigned
09-01 19:00:01.845   901  1000 E ASH     : @ 32788.298: Nanopb error: callback failed:1588
09-01 19:00:01.855 22371 22371 I cr_OfflineIndicator: onConnectionTypeChanged 2
09-01 19:00:01.855 22371 22371 I cr_OfflineIndicator: Reported by system: [ Transports: WIFI Capabilities: NOT_METERED&INTERNET&NOT_RESTRICTED&TRUSTED&NOT_VPN&VALIDATED&NOT_ROAMING&FOREGROUND&NOT_CONGESTED&NOT_SUSPENDED LinkUpBandwidth>=94050Kbps LinkDnBandwidth>=89375Kbps SignalStrength: -55 AdministratorUids: [] RequestorUid: -1 RequestorPackageName: null]
09-01 19:00:01.855 22371 22371 I cr_OfflineIndicator: setConnectionState connectionState=4
09-01 19:00:01.856 22371 22371 I cr_OfflineDetector: Running updateState mConnectivityDetectorInitialized: true, mTimeWhenLastForegrounded: 32785080, getElapsedTime: 32785081, mTimeWhenLastOfflineNotificationReceived: 0, mTimeWhenLastOnline: 32785081, mApplicationState: 1, mIsOfflineLastReportedByConnectivityDetector: false, mIsEffectivelyOffline: false
09-01 19:00:01.856 22371 22371 I cr_OfflineDetector: updateState(): timeSinceLastForeground: 1, timeSinceOfflineNotificationReceived: 32785081, timeSinceLastOnline: 0, timeNeededForForeground: 1999, timeNeededForOffline: -32783081
09-01 19:00:01.856 22371 22371 I cr_OfflineIndicator: processConnectivityCheckResult mConnectionState=4 mConnectivityCheckingStage=1
09-01 19:00:01.863  2816  3036 I FontLog : Received query name=Google Sans&weight=700&besteffort=false, URI content://com.google.android.gms.fonts [CONTEXT service_id=132 ]
09-01 19:00:01.864  2816  3036 I FontLog : Query [name=Google Sans&weight=700&besteffort=false] resolved to {Google Sans, wdth 100.0, wght 700, ital 0.0, bestEffort false} [CONTEXT service_id=132 ]
09-01 19:00:01.866 22472 22500 I cr_LibraryLoader: Successfully loaded native library
09-01 19:00:01.866  2816  3036 I FontLog : Fetch {Google Sans, wdth 100.0, wght 700, ital 0.0, bestEffort false} end status Status{statusCode=SUCCESS, resolution=null} [CONTEXT service_id=132 ]
09-01 19:00:01.866 22472 22500 I cr_CachingUmaRecorder: Flushed 11 samples from 11 histograms.
09-01 19:00:01.870  2816  3036 I FontLog : Pulling font file for id = 1044, cache size = 5 [CONTEXT service_id=132 ]
09-01 19:00:01.874  2816  3036 I FontLog : Received query name=Noto Color Emoji Compat&weight=400&besteffort=false, URI content://com.google.android.gms.fonts [CONTEXT service_id=132 ]
09-01 19:00:01.874  2816  3036 I FontLog : Query [name=Noto Color Emoji Compat&weight=400&besteffort=false] resolved to {Noto Color Emoji Compat, wdth 100.0, wght 400, ital 0.0, bestEffort false} [CONTEXT service_id=132 ]
09-01 19:00:01.875 22472 22500 I AdrenoGLES-0: QUALCOMM build                   : 35605c3, Ia11ce2d146
09-01 19:00:01.875 22472 22500 I AdrenoGLES-0: Build Date                       : 09/02/20
09-01 19:00:01.875 22472 22500 I AdrenoGLES-0: OpenGL ES Shader Compiler Version: EV031.31.04.00
09-01 19:00:01.875 22472 22500 I AdrenoGLES-0: Local Branch                     : gfx-adreno.lnx.2.0
09-01 19:00:01.875 22472 22500 I AdrenoGLES-0: Remote Branch                    : 
09-01 19:00:01.875 22472 22500 I AdrenoGLES-0: Remote Branch                    : 
09-01 19:00:01.875 22472 22500 I AdrenoGLES-0: Reconstruct Branch               : 
09-01 19:00:01.875 22472 22500 I AdrenoGLES-0: Build Config                     : S P 10.0.4 AArch64
09-01 19:00:01.875 22472 22500 I AdrenoGLES-0: Driver Path                      : /vendor/lib64/egl/libGLESv2_adreno.so
09-01 19:00:01.876  2816  3036 I FontLog : Fetch {Noto Color Emoji Compat, wdth 100.0, wght 400, ital 0.0, bestEffort false} end status Status{statusCode=SUCCESS, resolution=null} [CONTEXT service_id=132 ]
09-01 19:00:01.879 22472 22500 I AdrenoGLES-0: PFP: 0x016dd090, ME: 0x00000000
09-01 19:00:01.880  2816  3036 I FontLog : Pulling font file for id = 1045, cache size = 5 [CONTEXT service_id=132 ]
09-01 19:00:01.885  2816  3036 I FontLog : Received query name=Google Sans&weight=400&besteffort=false, URI content://com.google.android.gms.fonts [CONTEXT service_id=132 ]
09-01 19:00:01.885 22472 22500 W AdrenoUtils: <ReadGpuID_from_sysfs:197>: Failed to open /sys/class/kgsl/kgsl-3d0/gpu_model
09-01 19:00:01.885 22472 22500 W AdrenoUtils: <ReadGpuID:221>: Failed to read chip ID from gpu_model. Fallback to use the GSL path
09-01 19:00:01.885  2816  3036 I FontLog : Query [name=Google Sans&weight=400&besteffort=false] resolved to {Google Sans, wdth 100.0, wght 400, ital 0.0, bestEffort false} [CONTEXT service_id=132 ]
09-01 19:00:01.888  2816  3036 I FontLog : Font PFD returned from cache for {Google Sans, wdth 100.0, wght 400, ital 0.0, bestEffort false} [CONTEXT service_id=132 ]
09-01 19:00:01.889  2816  3036 I FontLog : Fetch {Google Sans, wdth 100.0, wght 400, ital 0.0, bestEffort false} end status Status{statusCode=SUCCESS, resolution=null} [CONTEXT service_id=132 ]
09-01 19:00:01.892  2816  3036 I FontLog : Pulling font file for id = 1046, cache size = 4 [CONTEXT service_id=132 ]
09-01 19:00:01.896 22371 22371 W linker  : Warning: "/data/app/~~_KLlx60MH8CoecPTjMKp8g==/com.android.chrome-kw9RHYrlHKb9bPXi8OTClw==/split_vr.apk!/lib/arm64-v8a/libmonochrome_64_vr_partition.so" unused DT entry: unknown processor-specific (type 0x70000001 arg 0x0) (ignoring)
09-01 19:00:01.897  2816  3036 I FontLog : Received query name=Google Sans&weight=500&besteffort=false, URI content://com.google.android.gms.fonts [CONTEXT service_id=132 ]
09-01 19:00:01.898  2816  3036 I FontLog : Query [name=Google Sans&weight=500&besteffort=false] resolved to {Google Sans, wdth 100.0, wght 500, ital 0.0, bestEffort false} [CONTEXT service_id=132 ]
09-01 19:00:01.898  1513  2263 D ConnectivityService: requestNetwork for uid/pid:10220/22371 NetworkRequest [ TRACK_DEFAULT id=1474, [ Capabilities: INTERNET&NOT_RESTRICTED&TRUSTED Uid: 10220 AdministratorUids: [] RequestorUid: 10220 RequestorPackageName: com.android.chrome] ]
09-01 19:00:01.899  1513  2000 D ConnectivityService: NetReassign [1474 : null → 100]
09-01 19:00:01.899  2816  3036 I FontLog : Font PFD returned from cache for {Google Sans, wdth 100.0, wght 500, ital 0.0, bestEffort false} [CONTEXT service_id=132 ]
09-01 19:00:01.899  2816  3036 I FontLog : Fetch {Google Sans, wdth 100.0, wght 500, ital 0.0, bestEffort false} end status Status{statusCode=SUCCESS, resolution=null} [CONTEXT service_id=132 ]
09-01 19:00:01.899  1513  2037 D WIFI_AWARE_FACTORY: got request NetworkRequest [ TRACK_DEFAULT id=1474, [ Capabilities: INTERNET&NOT_RESTRICTED&TRUSTED Uid: 10220 AdministratorUids: [] RequestorUid: 10220 RequestorPackageName: com.android.chrome] ] with score 60 and providerId 5
09-01 19:00:01.899  1513  1996 D WifiNetworkFactory: got request NetworkRequest [ TRACK_DEFAULT id=1474, [ Capabilities: INTERNET&NOT_RESTRICTED&TRUSTED Uid: 10220 AdministratorUids: [] RequestorUid: 10220 RequestorPackageName: com.android.chrome] ] with score 60 and providerId 5
09-01 19:00:01.900  2474  2474 D PhoneSwitcherNetworkRequstListener: got request NetworkRequest [ TRACK_DEFAULT id=1474, [ Capabilities: INTERNET&NOT_RESTRICTED&TRUSTED Uid: 10220 AdministratorUids: [] RequestorUid: 10220 RequestorPackageName: com.android.chrome] ] with score 60 and providerId 5
09-01 19:00:01.900  1513  1996 D UntrustedWifiNetworkFactory: got request NetworkRequest [ TRACK_DEFAULT id=1474, [ Capabilities: INTERNET&NOT_RESTRICTED&TRUSTED Uid: 10220 AdministratorUids: [] RequestorUid: 10220 RequestorPackageName: com.android.chrome] ] with score 60 and providerId 5
09-01 19:00:01.900  1513  2038 D Ethernet: got request NetworkRequest [ TRACK_DEFAULT id=1474, [ Capabilities: INTERNET&NOT_RESTRICTED&TRUSTED Uid: 10220 AdministratorUids: [] RequestorUid: 10220 RequestorPackageName: com.android.chrome] ] with score 60 and providerId 5
09-01 19:00:01.900  1513  2000 D ConnectivityService: NetReassign [no changes]
09-01 19:00:01.903  2816  3036 I FontLog : Pulling font file for id = 1047, cache size = 5 [CONTEXT service_id=132 ]
09-01 19:00:01.905 22472 22500 D vulkan  : searching for layers in '/data/app/~~_KLlx60MH8CoecPTjMKp8g==/com.android.chrome-kw9RHYrlHKb9bPXi8OTClw==/lib/arm64'
09-01 19:00:01.905 22472 22500 D vulkan  : searching for layers in '/data/app/~~_KLlx60MH8CoecPTjMKp8g==/com.android.chrome-kw9RHYrlHKb9bPXi8OTClw==/base.apk!/lib/arm64-v8a'
09-01 19:00:01.906 22472 22500 D vulkan  : searching for layers in '/data/app/~~pvdNlmkqoAdokjnHYmWQbA==/com.google.android.trichromelibrary_530409134-AZWnkLs2PHY5miTP6ZiTzA==/base.apk!/lib/arm64-v8a'
09-01 19:00:01.912   901  1000 I ASH     : @ 32788.366: tcs3701: ADC is saturated, removed sample from FIFO.
09-01 19:00:01.917 22472 22500 I AdrenoVK-0: ===== BEGIN DUMP OF OVERRIDDEN SETTINGS =====
09-01 19:00:01.917 22472 22500 I AdrenoVK-0: ===== END DUMP OF OVERRIDDEN SETTINGS =====
09-01 19:00:01.917 22371 22445 I cr_VrCoreVersionChecker: Unable to find VrCore.
09-01 19:00:01.917 22472 22500 I AdrenoVK-0: QUALCOMM build          : 35605c3, Ia11ce2d146
09-01 19:00:01.917 22472 22500 I AdrenoVK-0: Build Date              : 09/02/20
09-01 19:00:01.917 22472 22500 I AdrenoVK-0: Shader Compiler Version : EV031.31.04.00
09-01 19:00:01.917 22472 22500 I AdrenoVK-0: Local Branch            : gfx-adreno.lnx.2.0
09-01 19:00:01.917 22472 22500 I AdrenoVK-0: Remote Branch           : 
09-01 19:00:01.917 22472 22500 I AdrenoVK-0: Remote Branch           : 
09-01 19:00:01.917 22472 22500 I AdrenoVK-0: Reconstruct Branch      : 
09-01 19:00:01.917 22472 22500 I AdrenoVK-0: Build Config            : S P 10.0.4 AArch64
09-01 19:00:01.917 22472 22500 I AdrenoVK-0: Driver Path             : /vendor/lib64/hw/vulkan.adreno.so
09-01 19:00:01.957   594 28441 I SDM     : HWDeviceDRM::UpdateMixerAttributes: Mixer WxH 1080x2340-1 for Peripheral
09-01 19:00:01.957   594 28441 I SDM     : DisplayBase::SetActiveConfig: Active configuration changed to: 1
09-01 19:00:01.958   594 28441 I SDM     : StrategyImpl::SetIdleTimeoutMs: Idle timeout set to zero for command mode panels
09-01 19:00:01.968  1513  1572 I DisplayManagerService: Display device changed: DisplayDeviceInfo{"Built-in Screen": uniqueId="local:19260504575090817", 1080 x 2340, modeId 1, defaultModeId 2, supportedModes [{id=1, width=1080, height=2340, fps=90.0}, {id=2, width=1080, height=2340, fps=60.000004}], colorMode 0, supportedColorModes [0, 7, 9], HdrCapabilities HdrCapabilities{mSupportedHdrTypes=[2, 3, 4], mMaxLuminance=500.0, mMaxAverageLuminance=500.0, mMinLuminance=0.0}, allmSupported false, gameContentTypeSupported false, density 440, 435.428 x 433.839 dpi, appVsyncOff 2333333, presDeadline 11500000, cutout DisplayCutout{insets=Rect(0, 136 - 0, 0) waterfall=Insets{left=0, top=0, right=0, bottom=0} boundingRect={Bounds=[Rect(0, 0 - 0, 0), Rect(0, 0 - 136, 136), Rect(0, 0 - 0, 0), Rect(0, 0 - 0, 0)]}}, touch INTERNAL, rotation 0, type INTERNAL, address {port=129, model=0x446d53ad64a0}, deviceProductInfo DeviceProductInfo{name=, manufacturerPnpId=QCM, productId=1, modelYear=null, manufactureDate=ManufactureDate{week=27, year=2006}, relativeAddress=null}, state ON, FLAG_DEFAULT_DISPLAY, FLAG_ROTATES_WITH_CONTENT, FLAG_SECURE, FLAG_SUPPORTS_PROTECTED_BUFFERS}
09-01 19:00:01.969   901  2806 I sensors-hal: [ssc_utils]get_qmi_debug_flag:244, support_qmi_debug : false
09-01 19:00:01.973 22371 22371 I Choreographer: Skipped 34 frames!  The application may be doing too much work on its main thread.
09-01 19:00:01.980 22460 22498 I tflite  : Initialized TensorFlow Lite runtime.
09-01 19:00:01.987  2158  2158 I WallpaperService: engine paused
09-01 19:00:01.989   901   901 I sensors-hal: [hal]activate_physical_sensor:238, android.sensor.gyroscope/41 en=0
09-01 19:00:01.991   901   901 D Diag_Lib: diag: Diag_LSM_DeInit done for pid: 901
09-01 19:00:01.993   901   901 D Diag_Lib: diag: Diag_LSM_DeInit done for pid: 901
09-01 19:00:01.993   901   901 I sensors-hal: [hal]activate_physical_sensor:249, android.sensor.gyroscope/41 en=0 completed
09-01 19:00:02.004   901  1000 W ASH     : @ 32788.458: Unhandled msg ID 999: line 1277
09-01 19:00:02.004   901  1000 E ASH     : @ 32788.458: No pb callback assigned
09-01 19:00:02.004   901  1000 E ASH     : @ 32788.458: Nanopb error: callback failed:1588
09-01 19:00:02.012  1513  8184 I AdrenoGLES-0: QUALCOMM build                   : 35605c3, Ia11ce2d146
09-01 19:00:02.012  1513  8184 I AdrenoGLES-0: Build Date                       : 09/02/20
09-01 19:00:02.012  1513  8184 I AdrenoGLES-0: OpenGL ES Shader Compiler Version: EV031.31.04.00
09-01 19:00:02.012  1513  8184 I AdrenoGLES-0: Local Branch                     : gfx-adreno.lnx.2.0
09-01 19:00:02.012  1513  8184 I AdrenoGLES-0: Remote Branch                    : 
09-01 19:00:02.012  1513  8184 I AdrenoGLES-0: Remote Branch                    : 
09-01 19:00:02.012  1513  8184 I AdrenoGLES-0: Reconstruct Branch               : 
09-01 19:00:02.012  1513  8184 I AdrenoGLES-0: Build Config                     : S P 10.0.4 AArch64
09-01 19:00:02.012  1513  8184 I AdrenoGLES-0: Driver Path                      : /vendor/lib64/egl/libGLESv2_adreno.so
09-01 19:00:02.013 22371 22371 I cr_tabmodel: #isIncognitoTabBeingRestored from tabState:  false
09-01 19:00:02.013 22371 22371 I cr_tabmodel: #isIncognitoTabBeingRestored from tabState:  false
09-01 19:00:02.029  1513  8184 I AdrenoGLES-0: PFP: 0x016dd090, ME: 0x00000000
09-01 19:00:02.054  2858  2858 I GoogleInputMethodService: GoogleInputMethodService.onFinishInput():3280 
09-01 19:00:02.058  2858  2858 I GoogleInputMethodService: GoogleInputMethodService.updateDeviceLockedStatus():2169 repeatCheckTimes = 0, unlocked = true
09-01 19:00:02.058  2858  2858 I GoogleInputMethodService: GoogleInputMethodService.onStartInput():1960 onStartInput(EditorInfo{inputType=0x0(NULL) imeOptions=0x12000000 privateImeOptions=null actionName=UNSPECIFIED actionLabel=null actionId=0 initialSelStart=-1 initialSelEnd=-1 initialCapsMode=0x0 hintText=null label=null packageName=com.android.chrome fieldId=-1 fieldName=null extras=null}, false)
09-01 19:00:02.058  2858  2858 I GoogleInputMethodService: GoogleInputMethodService.shouldHideHeaderOnInitialState():4081 ShouldHideHeaderOnInitialState = false
09-01 19:00:02.061  2858  2858 I GoogleInputMethodService: GoogleInputMethodService.updateDeviceLockedStatus():2169 repeatCheckTimes = 2, unlocked = true
09-01 19:00:02.064 22371 22371 I cr_tabmodel: #isIncognitoTabBeingRestored from tabState:  false
09-01 19:00:02.127 22371 22371 I chatty  : uid=10220(com.android.chrome) identical 38 lines
09-01 19:00:02.127 22371 22371 I cr_tabmodel: #isIncognitoTabBeingRestored from tabState:  false
09-01 19:00:02.129 22371 22371 I cr_tabmodel: #isIncognitoTabBeingRestored from tabDetails:  false
09-01 19:00:02.129 22371 22371 I cr_tabmodel: #isIncognitoTabBeingRestored from tabDetails:  false
09-01 19:00:02.129 22371 22371 W cr_tabmodel: Failed to restore TabState; creating Tab with last known URL.
09-01 19:00:02.136   901  1000 D VSC     : @ 32788.590: [WO] tilt angle 89
09-01 19:00:02.143  1513  8503 D CompatibilityChangeReporter: Compat change id reported: 135634846; UID 10220; state: DISABLED
09-01 19:00:02.144  1513  8503 D CompatibilityChangeReporter: Compat change id reported: 135754954; UID 10220; state: ENABLED
09-01 19:00:02.144  1513  1625 D CompatibilityChangeReporter: Compat change id reported: 143937733; UID 10220; state: ENABLED
09-01 19:00:02.146 22371 22371 E cr_IntentUtils: getBooleanExtra failed on intent null
09-01 19:00:02.146 22371 22371 E cr_IntentUtils: getBooleanExtra failed on intent null
09-01 19:00:02.161 22422 22422 D Zygote  : Forked child process 22540
09-01 19:00:02.161 22371 22371 I cr_tabmodel: #isIncognitoTabBeingRestored from tabDetails:  false
09-01 19:00:02.161 22371 22371 I cr_tabmodel: #isIncognitoTabBeingRestored from tabDetails:  false
09-01 19:00:02.161 22371 22371 W cr_tabmodel: Failed to restore TabState; creating Tab with last known URL.
09-01 19:00:02.163  1513  1625 I ActivityManager: Start proc 22540:com.android.chrome:sandboxed_process0:org.chromium.content.app.SandboxedProcessService0:1/u0ai1 for  {com.android.chrome/org.chromium.content.app.SandboxedProcessService0:1}
09-01 19:00:02.168 22540 22540 E libc    : SetHeapTaggingLevel: re-enabling tagging after it was disabled is not supported
09-01 19:00:02.173 22307 22545 D ProfileInstaller: Installing profile for com.example.batterymanager_utility
09-01 19:00:02.178 22540 22540 E ocessService0:: Not starting debugger since process cannot load the jdwp agent.
09-01 19:00:02.184 22371 22371 E cr_IntentUtils: getBooleanExtra failed on intent null
09-01 19:00:02.184 22371 22371 E cr_IntentUtils: getBooleanExtra failed on intent null
09-01 19:00:02.194  1513  2263 D CompatibilityChangeReporter: Compat change id reported: 136274596; UID 10220; state: ENABLED
09-01 19:00:02.196 22371 22371 I cr_tabmodel: #isIncognitoTabBeingRestored from tabDetails:  false
09-01 19:00:02.196 22371 22371 I cr_tabmodel: #isIncognitoTabBeingRestored from tabDetails:  false
09-01 19:00:02.196 22371 22371 W cr_tabmodel: Failed to restore TabState; creating Tab with last known URL.
09-01 19:00:02.196 22422 22422 D Zygote  : Forked child process 22558
