--------- beginning of system
09-02 03:48:54.948  1513  2000 D ConnectivityService: NetReassign [no changes]
09-02 03:48:55.353  1513  3168 I ActivityManager: Force stopping com.android.chrome appid=10220 user=0: from pid 6774
--------- beginning of main
09-02 03:48:55.359  2474  2474 E PhoneInterfaceManager: [PhoneIntfMgr] getCarrierPackageNamesForIntentAndPhone: No UICC
09-02 03:48:55.359  2474  2474 D CarrierSvcBindHelper: No carrier app for: 0
09-02 03:48:55.366  3135  3135 D RegisteredNfcFServicesCache: Service unchanged, not updating
09-02 03:48:55.371  8777  8777 I EuiccGoogle: [2] EuiccServiceImpl.onCreate: onCreate Single-SIM mode: simCardState is 1
09-02 03:48:55.377  8777  6780 I EuiccGoogle: [7946] EuiccServiceImpl.onGetEuiccProfileInfoList: onGetEuiccProfileInfoList: slotId = -1
09-02 03:48:55.380  8777  6780 W EuiccGoogle: [7946] EuiccServiceImpl.onGetEuiccProfileInfoList: slotId=-1. No eUICC is active. Return null.
09-02 03:48:55.610  1513  3168 I ActivityTaskManager: START u0 {act=android.intent.action.VIEW flg=0x10008000 cmp=com.android.chrome/com.google.android.apps.chrome.Main} from uid 2000
09-02 03:48:55.610  1513  1572 D EventSequenceValidator: inc AccIntentStartedEvents to 2
09-02 03:48:55.635   901  2806 I sensors-hal: [ssc_utils]get_qmi_debug_flag:244, support_qmi_debug : false
09-02 03:48:55.647  6774  6776 I cmd     : oneway function results will be dropped but finished with status OK and parcel size 4
09-02 03:48:55.648  1513  1572 D CompatibilityChangeReporter: Compat change id reported: 135634846; UID 10220; state: DISABLED
09-02 03:48:55.648  1513  1572 D CompatibilityChangeReporter: Compat change id reported: 135754954; UID 10220; state: ENABLED
09-02 03:48:55.648  1513  1625 D CompatibilityChangeReporter: Compat change id reported: 143937733; UID 10220; state: ENABLED
09-02 03:48:55.648   901  1000 W ASH     : @ 64522.098: Unhandled msg ID 999: line 1277
09-02 03:48:55.648   901  1000 E ASH     : @ 64522.098: No pb callback assigned
09-02 03:48:55.648   901  1000 E ASH     : @ 64522.098: Nanopb error: callback failed:1588
09-02 03:48:55.661   778   778 D Zygote  : Forked child process 6784
09-02 03:48:55.664  1513  1625 I ActivityManager: Start proc 6784:com.android.chrome/u0a220 for pre-top-activity {com.android.chrome/com.google.android.apps.chrome.Main}
09-02 03:48:55.666  6784  6784 E .android.chrom: Not starting debugger since process cannot load the jdwp agent.
09-02 03:48:55.667  3088  3656 I AssistantForeground: (REDACTED) Get launcher package: %s
09-02 03:48:55.689  6784  6784 W .android.chrom: JIT profile information will not be recorded: profile file does not exist.
09-02 03:48:55.693  2158  2158 I WallpaperService: engine resumed
09-02 03:48:55.693  6784  6784 I LoadedApk: No resource references to update in package com.google.android.trichromelibrary
09-02 03:48:55.693  6784  6784 D NetworkSecurityConfig: Using Network Security Config from resource 0_resource_name_obfuscated debugBuild: false
09-02 03:48:55.694  6784  6784 D NetworkSecurityConfig: Using Network Security Config from resource 0_resource_name_obfuscated debugBuild: false
09-02 03:48:55.694  6784  6784 I cr_SplitCompatApp: Launched version=107.0.5304.91 minSdkVersion=29 isBundle=true processName=com.android.chrome isIsolated=false
09-02 03:48:55.695   901   901 I sensors-hal: [hal]batch_physical_sensor:301, android.sensor.gyroscope/41, period=20000000, max_latency=0
09-02 03:48:55.695   901   901 I sensors-hal: [hal]batch_physical_sensor:310, android.sensor.gyroscope/41, period=20000000, max_latency=0 request completed
09-02 03:48:55.695   901   901 I sensors-hal: [hal]activate_physical_sensor:238, android.sensor.gyroscope/41 en=1
09-02 03:48:55.695   901   901 I sensors-hal: [ssc_utils]get_qmi_debug_flag:244, support_qmi_debug : false
09-02 03:48:55.697   901   901 W sensors@2.0-ser: type=1400 audit(0.0:7566): avc: denied { read write } for name="diag" dev="tmpfs" ino=12474 scontext=u:r:hal_sensors_default:s0 tcontext=u:object_r:diag_device:s0 tclass=chr_file permissive=0
09-02 03:48:55.697   901   901 W sensors@2.0-ser: type=1400 audit(0.0:7567): avc: denied { read write } for name="diag" dev="tmpfs" ino=12474 scontext=u:r:hal_sensors_default:s0 tcontext=u:object_r:diag_device:s0 tclass=chr_file permissive=0
09-02 03:48:55.699   901   901 D Diag_Lib:  Diag_LSM_Init: Failed to open handle to diag driver, error = 13
09-02 03:48:55.699   901   901 D Diag_Lib:  Diag_LSM_Init: Failed to open handle to diag driver, error = 13
09-02 03:48:55.699   901   901 I sensors-hal: [ssc_sensor]update_handle:537, handle=331, type=33, wakeup=0, hwid=0, base=331
09-02 03:48:55.699   901   901 I sensors-hal: [ssc_utils]get_qmi_debug_flag:244, support_qmi_debug : false
09-02 03:48:55.705   901   901 I sensors-hal: [ssc_utils]get_qmi_debug_flag:244, support_qmi_debug : false
09-02 03:48:55.706   901  6811 I sensors-hal: [ssc_sensor]ssc_conn_resp_cb:663, resp_value = 0
09-02 03:48:55.706   901  1000 W SEE     : @ 64522.156: adding req to Q sensor=8 req=0xb2036028 msg=513
09-02 03:48:55.708   901  6811 I sensors-hal: [sensor]submit_sensors_hal_event:146, android.sensor.additional_info: trying to push empty Events, count = 0
09-02 03:48:55.708   901  6811 I sensors-hal: [sensor]submit_sensors_hal_event:146, android.sensor.additional_info: trying to push empty Events, count = 0
09-02 03:48:55.710   901   901 I sensors-hal: [hal]activate_physical_sensor:249, android.sensor.gyroscope/41 en=1 completed
09-02 03:48:55.712   901  6816 I sensors-hal: [ssc_sensor]ssc_conn_resp_cb:663, resp_value = 0
09-02 03:48:55.712   901  1000 W SEE     : @ 64522.162: adding req to Q sensor=2 req=0xb2035798 msg=513
09-02 03:48:55.714   901  6816 I sensors-hal: [sensor]submit_sensors_hal_event:146, android.sensor.gyroscope: trying to push empty Events, count = 1
09-02 03:48:55.714   901  6816 I chatty  : uid=1000(system) sensors@2.0-ser identical 1 line
09-02 03:48:55.714   901  6816 I sensors-hal: [sensor]submit_sensors_hal_event:146, android.sensor.gyroscope: trying to push empty Events, count = 1
09-02 03:48:55.720  6784  6819 I cr_LibraryLoader: Using ModernLinker
09-02 03:48:55.720  6784  6819 I cr_LibraryLoader: Loading monochrome_64 from within /data/app/~~_KLlx60MH8CoecPTjMKp8g==/com.android.chrome-kw9RHYrlHKb9bPXi8OTClw==/base.apk
09-02 03:48:55.720   901  6816 I sensors-hal: [sensor]submit_sensors_hal_event:146, android.sensor.gyroscope: trying to push empty Events, count = 1
09-02 03:48:55.723  6784  6819 W linker  : Warning: "/data/app/~~_KLlx60MH8CoecPTjMKp8g==/com.android.chrome-kw9RHYrlHKb9bPXi8OTClw==/base.apk!/lib/arm64-v8a/libchromium_android_linker.so" unused DT entry: unknown processor-specific (type 0x70000001 arg 0x0) (ignoring)
09-02 03:48:55.724  6784  6819 I cr_ModernLinker: loadLibraryImplLocked: monochrome_64, relroMode=1
09-02 03:48:55.725  2816  3597 I FontLog : Received query Google Sans:700, URI content://com.google.android.gms.fonts [CONTEXT service_id=132 ]
09-02 03:48:55.725  2816  3597 I FontLog : Query [Google Sans:700] resolved to {Google Sans, wdth 100.0, wght 700, ital 0.0, bestEffort false} [CONTEXT service_id=132 ]
09-02 03:48:55.726  2816  3597 I FontLog : Fetch {Google Sans, wdth 100.0, wght 700, ital 0.0, bestEffort false} end status Status{statusCode=SUCCESS, resolution=null} [CONTEXT service_id=132 ]
09-02 03:48:55.729  6784  6819 W linker  : Warning: "/data/app/~~pvdNlmkqoAdokjnHYmWQbA==/com.google.android.trichromelibrary_530409134-AZWnkLs2PHY5miTP6ZiTzA==/base.apk!/lib/arm64-v8a/libmonochrome_64.so" unused DT entry: unknown processor-specific (type 0x70000001 arg 0x0) (ignoring)
09-02 03:48:55.733  2816  3597 I FontLog : Pulling font file for id = 2353, cache size = 5 [CONTEXT service_id=132 ]
09-02 03:48:55.749  2062  2084 W System  : A resource failed to call release. 
09-02 03:48:55.754  2062  2084 I chatty  : uid=10233(com.android.systemui) FinalizerDaemon identical 4 lines
09-02 03:48:55.755  2062  2084 W System  : A resource failed to call release. 
09-02 03:48:55.759  6784  6819 I cr_LibraryLoader: Successfully loaded native library
09-02 03:48:55.759  6784  6819 I cr_CachingUmaRecorder: Flushed 34 samples from 32 histograms.
09-02 03:48:55.760  6784  6823 W DynamiteModule: Local module descriptor class for com.google.android.gms.googlecertificates not found.
09-02 03:48:55.771  6784  6823 I DynamiteModule: Considering local module com.google.android.gms.googlecertificates:0 and remote module com.google.android.gms.googlecertificates:7
09-02 03:48:55.772  6784  6823 I DynamiteModule: Selected remote version of com.google.android.gms.googlecertificates, version >= 7
09-02 03:48:55.778  6784  6823 W System  : ClassLoader referenced unknown path: 
09-02 03:48:55.793  6784  6784 I cr_CompositorSurfaceMgr: Transitioning to surface with format: -1
09-02 03:48:55.806  1513  3245 D CompatibilityChangeReporter: Compat change id reported: 136274596; UID 10220; state: ENABLED
09-02 03:48:55.824  6784  6807 I cr_tabmodel: Starting to fetch tab list for tab_state1
09-02 03:48:55.824  6784  6815 I cr_tabmodel: Starting to fetch tab list for tab_state0
09-02 03:48:55.824  6784  6807 I cr_tabmodel: State file does not exist.
09-02 03:48:55.824  6784  6815 I cr_tabmodel: Finished fetching tab list.
09-02 03:48:55.844  6722  6832 D ProfileInstaller: Installing profile for com.example.batterymanager_utility
09-02 03:48:55.849   592  2400 W DisplayIdentification: Invalid EDID: falling back to serial number due to missing display name.
09-02 03:48:55.849   592  2400 W DisplayIdentification: Invalid EDID: falling back to ASCII text due to missing serial number.
09-02 03:48:55.857  1513  3240 D CompatibilityChangeReporter: Compat change id reported: 135634846; UID 10220; state: DISABLED
09-02 03:48:55.857  1513  3240 D CompatibilityChangeReporter: Compat change id reported: 135754954; UID 10220; state: ENABLED
09-02 03:48:55.858  1513  1625 D CompatibilityChangeReporter: Compat change id reported: 143937733; UID 10220; state: ENABLED
09-02 03:48:55.864   778   778 D Zygote  : Forked child process 6835
09-02 03:48:55.868  1513  1625 W ZygoteProcess: Got error connecting to zygote, retrying. msg= Connection refused
09-02 03:48:55.868  2816 26608 E bfyz    : Phenotype API error. Event # deor@3bf83ae4, EventCode: 7 [CONTEXT service_id=51 ]
09-02 03:48:55.868  2816 26608 E bfyz    : bfyb: 29505: No config packages for log source, or config package not registered
09-02 03:48:55.868  2816 26608 E bfyz    : 	at bfzu.b(:com.google.android.gms@224312037@22.43.12 (150400-483592595):4)
09-02 03:48:55.868  2816 26608 E bfyz    : 	at bfzr.g(:com.google.android.gms@224312037@22.43.12 (150400-483592595):0)
09-02 03:48:55.868  2816 26608 E bfyz    : 	at bfyz.e(:com.google.android.gms@224312037@22.43.12 (150400-483592595):4)
09-02 03:48:55.868  2816 26608 E bfyz    : 	at bfyz.f(:com.google.android.gms@224312037@22.43.12 (150400-483592595):2)
09-02 03:48:55.868  2816 26608 E bfyz    : 	at aqyg.eq(:com.google.android.gms@224312037@22.43.12 (150400-483592595):1)
09-02 03:48:55.868  2816 26608 E bfyz    : 	at aqym.run(:com.google.android.gms@224312037@22.43.12 (150400-483592595):12)
09-02 03:48:55.868  2816 26608 E bfyz    : 	at ckdj.run(:com.google.android.gms@224312037@22.43.12 (150400-483592595):2)
09-02 03:48:55.868  2816 26608 E bfyz    : 	at zqv.c(:com.google.android.gms@224312037@22.43.12 (150400-483592595):6)
09-02 03:48:55.868  2816 26608 E bfyz    : 	at zqv.run(:com.google.android.gms@224312037@22.43.12 (150400-483592595):7)
09-02 03:48:55.868  2816 26608 E bfyz    : 	at java.util.concurrent.ThreadPoolExecutor.runWorker(ThreadPoolExecutor.java:1167)
09-02 03:48:55.868  2816 26608 E bfyz    : 	at java.util.concurrent.ThreadPoolExecutor$Worker.run(ThreadPoolExecutor.java:641)
09-02 03:48:55.868  2816 26608 E bfyz    : 	at zwa.run(:com.google.android.gms@224312037@22.43.12 (150400-483592595):0)
09-02 03:48:55.868  2816 26608 E bfyz    : 	at java.lang.Thread.run(Thread.java:923)
09-02 03:48:55.869  2816 26608 W AsyncOperation: operation=GetExperimentTokensOperationCall, opStatusCode=29505 [CONTEXT service_id=51 ]
09-02 03:48:55.869  2816 26608 W AsyncOperation: OperationException[Status{statusCode=No config packages for log source, or config package not registered, resolution=null}]
09-02 03:48:55.869  2816 26608 W AsyncOperation: 	at bfyz.e(:com.google.android.gms@224312037@22.43.12 (150400-483592595):6)
09-02 03:48:55.869  2816 26608 W AsyncOperation: 	at bfyz.f(:com.google.android.gms@224312037@22.43.12 (150400-483592595):2)
09-02 03:48:55.869  2816 26608 W AsyncOperation: 	at aqyg.eq(:com.google.android.gms@224312037@22.43.12 (150400-483592595):1)
09-02 03:48:55.869  2816 26608 W AsyncOperation: 	at aqym.run(:com.google.android.gms@224312037@22.43.12 (150400-483592595):12)
09-02 03:48:55.869  2816 26608 W AsyncOperation: 	at ckdj.run(:com.google.android.gms@224312037@22.43.12 (150400-483592595):2)
09-02 03:48:55.869  2816 26608 W AsyncOperation: 	at zqv.c(:com.google.android.gms@224312037@22.43.12 (150400-483592595):6)
09-02 03:48:55.869  2816 26608 W AsyncOperation: 	at zqv.run(:com.google.android.gms@224312037@22.43.12 (150400-483592595):7)
09-02 03:48:55.869  2816 26608 W AsyncOperation: 	at java.util.concurrent.ThreadPoolExecutor.runWorker(ThreadPoolExecutor.java:1167)
09-02 03:48:55.869  2816 26608 W AsyncOperation: 	at java.util.concurrent.ThreadPoolExecutor$Worker.run(ThreadPoolExecutor.java:641)
09-02 03:48:55.869  2816 26608 W AsyncOperation: 	at zwa.run(:com.google.android.gms@224312037@22.43.12 (150400-483592595):0)
09-02 03:48:55.869  2816 26608 W AsyncOperation: 	at java.lang.Thread.run(Thread.java:923)
09-02 03:48:55.870  6835  6835 I libc    : SetHeapTaggingLevel: tag level set to 0
09-02 03:48:55.871  6784  6833 I AdrenoGLES-0: QUALCOMM build                   : 35605c3, Ia11ce2d146
09-02 03:48:55.871  6784  6833 I AdrenoGLES-0: Build Date                       : 09/02/20
09-02 03:48:55.871  6784  6833 I AdrenoGLES-0: OpenGL ES Shader Compiler Version: EV031.31.04.00
09-02 03:48:55.871  6784  6833 I AdrenoGLES-0: Local Branch                     : gfx-adreno.lnx.2.0
09-02 03:48:55.871  6784  6833 I AdrenoGLES-0: Remote Branch                    : 
09-02 03:48:55.871  6784  6833 I AdrenoGLES-0: Remote Branch                    : 
09-02 03:48:55.871  6784  6833 I AdrenoGLES-0: Reconstruct Branch               : 
09-02 03:48:55.871  6784  6833 I AdrenoGLES-0: Build Config                     : S P 10.0.4 AArch64
09-02 03:48:55.871  6784  6833 I AdrenoGLES-0: Driver Path                      : /vendor/lib64/egl/libGLESv2_adreno.so
09-02 03:48:55.875  6784  6833 I AdrenoGLES-0: PFP: 0x016dd090, ME: 0x00000000
09-02 03:48:55.877  6784  6784 I cr_StartSurfaceConfig: Recorded Startup.Android.FirstDrawCompletedTime.NoInstant = 106 ms
09-02 03:48:55.882  6784  6833 W AdrenoUtils: <ReadGpuID_from_sysfs:197>: Failed to open /sys/class/kgsl/kgsl-3d0/gpu_model
09-02 03:48:55.882  6784  6833 W AdrenoUtils: <ReadGpuID:221>: Failed to read chip ID from gpu_model. Fallback to use the GSL path
09-02 03:48:55.885   594   655 I SDM     : HWDeviceDRM::UpdateMixerAttributes: Mixer WxH 1080x2340-1 for Peripheral
09-02 03:48:55.886   594   655 I SDM     : DisplayBase::SetActiveConfig: Active configuration changed to: 0
09-02 03:48:55.886   594   655 I SDM     : StrategyImpl::SetIdleTimeoutMs: Idle timeout set to zero for command mode panels
09-02 03:48:55.898  1513  1572 D EventSequenceValidator: dec AccIntentStartedEvents to 1
09-02 03:48:55.899   901  2806 I sensors-hal: [ssc_utils]get_qmi_debug_flag:244, support_qmi_debug : false
09-02 03:48:55.902   594   655 I SDM     : HWDeviceDRM::UpdateMixerAttributes: Mixer WxH 1080x2340-1 for Peripheral
09-02 03:48:55.902   594   655 I SDM     : DisplayBase::SetActiveConfig: Active configuration changed to: 1
09-02 03:48:55.902   594   655 I SDM     : StrategyImpl::SetIdleTimeoutMs: Idle timeout set to zero for command mode panels
09-02 03:48:55.904  1513  1622 D ArtManagerInternalImpl: /data/misc/iorapd/com.android.chrome/530409134/com.google.android.apps.chrome.Main/compiled_traces/compiled_trace.pb doesn't exist
09-02 03:48:55.907  1513  1622 I ActivityTaskManager: Displayed com.android.chrome/com.google.android.apps.chrome.Main: +287ms
09-02 03:48:55.910   901  2806 I sensors-hal: [ssc_utils]get_qmi_debug_flag:244, support_qmi_debug : false
09-02 03:48:55.916  6784  6784 I TetheringManager: registerTetheringEventCallback:com.android.chrome
09-02 03:48:55.918  1513  1625 I AppZygote: Starting application preload.
09-02 03:48:55.922  6835  6835 I AppZygoteInit: Beginning application preload for com.android.chrome
09-02 03:48:55.928   901  1000 W ASH     : @ 64522.378: Unhandled msg ID 999: line 1277
09-02 03:48:55.928   901  1000 E ASH     : @ 64522.378: No pb callback assigned
09-02 03:48:55.928   901  1000 E ASH     : @ 64522.378: Nanopb error: callback failed:1588
09-02 03:48:55.934  6835  6835 I cr_ZygotePreload: Loaded Zygote. version=107.0.5304.91 minSdkVersion=29 isBundle=true
09-02 03:48:55.937  6784  6825 W cr_PartnerCustomize: Partner homepage must be HTTP(S) or NewTabPage. Got invalid URL ""
09-02 03:48:55.940  6835  6835 W linker  : Warning: "/data/app/~~pvdNlmkqoAdokjnHYmWQbA==/com.google.android.trichromelibrary_530409134-AZWnkLs2PHY5miTP6ZiTzA==/base.apk!/lib/arm64-v8a/libmonochrome_64.so" unused DT entry: unknown processor-specific (type 0x70000001 arg 0x0) (ignoring)
09-02 03:48:55.969  1513  1625 I AppZygote: Application preload done.
09-02 03:48:55.969  6835  6835 I AppZygoteInit: Application preload done
09-02 03:48:55.981  6784  6784 I cr_SmsProviderGms: construction successfull IU2@261afee, FU2@7469c8f
09-02 03:48:55.990  9499  9499 D BoundBrokerSvc: onBind: Intent { act=com.google.android.gms.auth.key.retrieval.service.START dat=chimera-action: cmp=com.google.android.gms/.chimera.GmsApiService }
09-02 03:48:55.990  9499  9499 D BoundBrokerSvc: Loading bound service for intent: Intent { act=com.google.android.gms.auth.key.retrieval.service.START dat=chimera-action: cmp=com.google.android.gms/.chimera.GmsApiService }
09-02 03:48:55.992  6784  6855 W InstanceID: Instance ID SDK is deprecated, com.android.chrome should update to use Firebase Instance ID
09-02 03:48:55.992  6835  6841 W d.chrome_zygot: Reducing the number of considered missed Gc histogram windows from 6451 to 100
09-02 03:48:56.003  1513  4617 D ConnectivityService: requestNetwork for uid/pid:10220/6784 NetworkRequest [ TRACK_DEFAULT id=2954, [ Capabilities: INTERNET&NOT_RESTRICTED&TRUSTED Uid: 10220 AdministratorUids: [] RequestorUid: 10220 RequestorPackageName: com.android.chrome] ]
09-02 03:48:56.004  6835  6835 D Zygote  : Forked child process 6873
09-02 03:48:56.004  1513  2000 D ConnectivityService: NetReassign [2954 : null → 100]
09-02 03:48:56.004  1513  1996 D WifiNetworkFactory: got request NetworkRequest [ TRACK_DEFAULT id=2954, [ Capabilities: INTERNET&NOT_RESTRICTED&TRUSTED Uid: 10220 AdministratorUids: [] RequestorUid: 10220 RequestorPackageName: com.android.chrome] ] with score 60 and providerId 5
09-02 03:48:56.004  1513  2038 D Ethernet: got request NetworkRequest [ TRACK_DEFAULT id=2954, [ Capabilities: INTERNET&NOT_RESTRICTED&TRUSTED Uid: 10220 AdministratorUids: [] RequestorUid: 10220 RequestorPackageName: com.android.chrome] ] with score 60 and providerId 5
09-02 03:48:56.005  1513  2037 D WIFI_AWARE_FACTORY: got request NetworkRequest [ TRACK_DEFAULT id=2954, [ Capabilities: INTERNET&NOT_RESTRICTED&TRUSTED Uid: 10220 AdministratorUids: [] RequestorUid: 10220 RequestorPackageName: com.android.chrome] ] with score 60 and providerId 5
09-02 03:48:56.005  1513  1996 D UntrustedWifiNetworkFactory: got request NetworkRequest [ TRACK_DEFAULT id=2954, [ Capabilities: INTERNET&NOT_RESTRICTED&TRUSTED Uid: 10220 AdministratorUids: [] RequestorUid: 10220 RequestorPackageName: com.android.chrome] ] with score 60 and providerId 5
09-02 03:48:56.005  1513  2000 D ConnectivityService: NetReassign [no changes]
09-02 03:48:56.005  1513  1625 W ActivityManager: Slow operation: 148ms so far, now at startProcess: returned from zygote!
09-02 03:48:56.005  6873  6873 E libc    : SetHeapTaggingLevel: re-enabling tagging after it was disabled is not supported
09-02 03:48:56.006  1513  1625 W ActivityManager: Slow operation: 148ms so far, now at startProcess: done updating battery stats
09-02 03:48:56.006  1513  1625 W ActivityManager: Slow operation: 148ms so far, now at startProcess: building log message
09-02 03:48:56.006  1513  1625 I ActivityManager: Start proc 6873:com.android.chrome:sandboxed_process0:org.chromium.content.app.SandboxedProcessService0:0/u0ai0 for  {com.android.chrome/org.chromium.content.app.SandboxedProcessService0:0}
09-02 03:48:56.006  1513  1625 W ActivityManager: Slow operation: 148ms so far, now at startProcess: starting to update pids map
09-02 03:48:56.006  2474  2474 D PhoneSwitcherNetworkRequstListener: got request NetworkRequest [ TRACK_DEFAULT id=2954, [ Capabilities: INTERNET&NOT_RESTRICTED&TRUSTED Uid: 10220 AdministratorUids: [] RequestorUid: 10220 RequestorPackageName: com.android.chrome] ] with score 60 and providerId 5
09-02 03:48:56.006  1513  1625 W ActivityManager: Slow operation: 149ms so far, now at startProcess: done updating pids map
09-02 03:48:56.006  1513  1625 W ActivityManager: Slow operation: 55ms so far, now at startProcess: asking zygote to start proc
09-02 03:48:56.023   778   778 D Zygote  : Forked child process 6885
09-02 03:48:56.024  6873  6873 E ocessService0:: Not starting debugger since process cannot load the jdwp agent.
09-02 03:48:56.025  1513  3240 D ConnectivityService: requestNetwork for uid/pid:10220/6784 NetworkRequest [ TRACK_DEFAULT id=2956, [ Capabilities: INTERNET&NOT_RESTRICTED&TRUSTED Uid: 10220 AdministratorUids: [] RequestorUid: 10220 RequestorPackageName: com.android.chrome] ]
09-02 03:48:56.025  1513  2000 D ConnectivityService: NetReassign [2956 : null → 100]
09-02 03:48:56.025  1513  1996 D WifiNetworkFactory: got request NetworkRequest [ TRACK_DEFAULT id=2956, [ Capabilities: INTERNET&NOT_RESTRICTED&TRUSTED Uid: 10220 AdministratorUids: [] RequestorUid: 10220 RequestorPackageName: com.android.chrome] ] with score 60 and providerId 5
09-02 03:48:56.025  1513  2038 D Ethernet: got request NetworkRequest [ TRACK_DEFAULT id=2956, [ Capabilities: INTERNET&NOT_RESTRICTED&TRUSTED Uid: 10220 AdministratorUids: [] RequestorUid: 10220 RequestorPackageName: com.android.chrome] ] with score 60 and providerId 5
09-02 03:48:56.026  1513  2037 D WIFI_AWARE_FACTORY: got request NetworkRequest [ TRACK_DEFAULT id=2956, [ Capabilities: INTERNET&NOT_RESTRICTED&TRUSTED Uid: 10220 AdministratorUids: [] RequestorUid: 10220 RequestorPackageName: com.android.chrome] ] with score 60 and providerId 5
09-02 03:48:56.026  1513  1996 D UntrustedWifiNetworkFactory: got request NetworkRequest [ TRACK_DEFAULT id=2956, [ Capabilities: INTERNET&NOT_RESTRICTED&TRUSTED Uid: 10220 AdministratorUids: [] RequestorUid: 10220 RequestorPackageName: com.android.chrome] ] with score 60 and providerId 5
09-02 03:48:56.026  2474  2474 D PhoneSwitcherNetworkRequstListener: got request NetworkRequest [ TRACK_DEFAULT id=2956, [ Capabilities: INTERNET&NOT_RESTRICTED&TRUSTED Uid: 10220 AdministratorUids: [] RequestorUid: 10220 RequestorPackageName: com.android.chrome] ] with score 60 and providerId 5
09-02 03:48:56.026  1513  2000 D ConnectivityService: NetReassign [no changes]
09-02 03:48:56.027  1513  1625 W ActivityManager: Slow operation: 76ms so far, now at startProcess: returned from zygote!
09-02 03:48:56.028  1513  1625 W ActivityManager: Slow operation: 76ms so far, now at startProcess: done updating battery stats
09-02 03:48:56.028  1513  1625 W ActivityManager: Slow operation: 76ms so far, now at startProcess: building log message
09-02 03:48:56.028  1513  1625 I ActivityManager: Start proc 6885:com.android.chrome:privileged_process0/u0a220 for service {com.android.chrome/org.chromium.content.app.PrivilegedProcessService0}
09-02 03:48:56.028  1513  1625 W ActivityManager: Slow operation: 76ms so far, now at startProcess: starting to update pids map
09-02 03:48:56.028  1513  1625 W ActivityManager: Slow operation: 77ms so far, now at startProcess: done updating pids map
09-02 03:48:56.035  6784  6784 W cr_KnoxSettingsProvider: Permission to read device policy denied.
09-02 03:48:56.040  1513  4617 D CompatibilityChangeReporter: Compat change id reported: 149924527; UID 10220; state: ENABLED
09-02 03:48:56.044  6784  6784 I cr_CompositorSurfaceMgr: Transitioning to surface with format: -1
09-02 03:48:56.045  1513  3221 D CompatibilityChangeReporter: Compat change id reported: 136274596; UID 10220; state: ENABLED
09-02 03:48:56.045  6784  6784 I cr_CompositorSurfaceMgr: surfaceCreated format: 0
09-02 03:48:56.046  1513  4617 D CompatibilityChangeReporter: Compat change id reported: 132649864; UID 10220; state: DISABLED
09-02 03:48:56.053  6885  6885 E ileged_process: Not starting debugger since process cannot load the jdwp agent.
09-02 03:48:56.058  6784  6784 I cr_ChromeTabbedActivity: #initializeState
09-02 03:48:56.058  6784  6784 I cr_CipherFactory: #restoreFromBundle, no savedInstanceState.
09-02 03:48:56.058  6784  6784 I cr_tabmodel: #loadState, ignoreIncognitoFiles? true
09-02 03:48:56.058  6784  6784 I cr_tabmodel: Tab metadata, skipIncognitoCount? false incognitoCount: 0 totalCount: 147
09-02 03:48:56.060  6784  6784 I cr_tabmodel: #isIncognitoTabBeingRestored from tabDetails:  false
09-02 03:48:56.060  6784  6784 W cr_tabmodel: Failed to restore TabState; creating Tab with last known URL.
09-02 03:48:56.067  9499  9516 I gle.android.gm: CollectorTransition concurrent copying GC freed 48259(2601KB) AllocSpace objects, 0(0B) LOS objects, 75% free, 8179KB/31MB, paused 286us total 194.371ms
09-02 03:48:56.069  1513  4617 D CompatibilityChangeReporter: Compat change id reported: 136274596; UID 10220; state: ENABLED
09-02 03:48:56.074  6873  6873 I LoadedApk: No resource references to update in package com.google.android.trichromelibrary
09-02 03:48:56.074  6873  6873 D NetworkSecurityConfig: Using Network Security Config from resource 0_resource_name_obfuscated debugBuild: false
09-02 03:48:56.076  6873  6873 D NetworkSecurityConfig: Using Network Security Config from resource 0_resource_name_obfuscated debugBuild: false
09-02 03:48:56.078  6873  6873 I cr_SplitCompatApp: Launched version=107.0.5304.91 minSdkVersion=29 isBundle=true processName=com.android.chrome:sandboxed_process0:org.chromium.content.app.SandboxedProcessService0:0 isIsolated=true
09-02 03:48:56.083  9499  9499 D BoundBrokerSvc: onBind: Intent { act=com.google.android.gms.languageprofile.service.START pkg=com.google.android.gms }
09-02 03:48:56.083  9499  9499 D BoundBrokerSvc: Loading bound service for intent: Intent { act=com.google.android.gms.languageprofile.service.START pkg=com.google.android.gms }
09-02 03:48:56.088  6885  6885 W ileged_process: JIT profile information will not be recorded: profile file does not exist.
09-02 03:48:56.094  6873  6873 W SystemServiceRegistry: No service published for: uimode
09-02 03:48:56.097  6885  6885 I LoadedApk: No resource references to update in package com.google.android.trichromelibrary
09-02 03:48:56.097  6885  6885 D NetworkSecurityConfig: Using Network Security Config from resource 0_resource_name_obfuscated debugBuild: false
09-02 03:48:56.098  6885  6885 D NetworkSecurityConfig: Using Network Security Config from resource 0_resource_name_obfuscated debugBuild: false
09-02 03:48:56.099  6885  6885 I cr_SplitCompatApp: Launched version=107.0.5304.91 minSdkVersion=29 isBundle=true processName=com.android.chrome:privileged_process0 isIsolated=false
09-02 03:48:56.102  6873  6873 I cr_ChildProcessService: Creating new ChildProcessService pid=6873
09-02 03:48:56.107  6885  6885 I cr_ChildProcessService: Creating new ChildProcessService pid=6885
09-02 03:48:56.108  6784  6784 E cr_IntentUtils: getBooleanExtra failed on intent null
09-02 03:48:56.108  6784  6784 E cr_IntentUtils: getBooleanExtra failed on intent null
09-02 03:48:56.115  6873  6898 I cr_LibraryLoader: Using ModernLinker
09-02 03:48:56.118  6873  6898 W linker  : Warning: "/data/app/~~_KLlx60MH8CoecPTjMKp8g==/com.android.chrome-kw9RHYrlHKb9bPXi8OTClw==/base.apk!/lib/arm64-v8a/libchromium_android_linker.so" unused DT entry: unknown processor-specific (type 0x70000001 arg 0x0) (ignoring)
09-02 03:48:56.120  6873  6898 E cr_ChromiumAndroidLinker: ReserveAddressWithHint: Address range starting at 0x7a38766000 was not free to use
09-02 03:48:56.121  9499  9499 D BoundBrokerSvc: onBind: Intent { act=com.google.android.gms.safetynet.service.START pkg=com.google.android.gms }
09-02 03:48:56.121  9499  9499 D BoundBrokerSvc: Loading bound service for intent: Intent { act=com.google.android.gms.safetynet.service.START pkg=com.google.android.gms }
09-02 03:48:56.123  6885  6911 I cr_LibraryLoader: Using ModernLinker
09-02 03:48:56.126  6885  6916 W linker  : Warning: "/data/app/~~_KLlx60MH8CoecPTjMKp8g==/com.android.chrome-kw9RHYrlHKb9bPXi8OTClw==/base.apk!/lib/arm64-v8a/libchromium_android_linker.so" unused DT entry: unknown processor-specific (type 0x70000001 arg 0x0) (ignoring)
09-02 03:48:56.128  6885  6916 I cr_LibraryLoader: Loading monochrome_64 from within /data/app/~~_KLlx60MH8CoecPTjMKp8g==/com.android.chrome-kw9RHYrlHKb9bPXi8OTClw==/base.apk
09-02 03:48:56.128  6885  6916 I cr_ModernLinker: loadLibraryImplLocked: monochrome_64, relroMode=2
09-02 03:48:56.129  6873  6915 I cr_LibraryLoader: Successfully loaded native library
09-02 03:48:56.130  6885  6916 W linker  : Warning: "/data/app/~~pvdNlmkqoAdokjnHYmWQbA==/com.google.android.trichromelibrary_530409134-AZWnkLs2PHY5miTP6ZiTzA==/base.apk!/lib/arm64-v8a/libmonochrome_64.so" unused DT entry: unknown processor-specific (type 0x70000001 arg 0x0) (ignoring)
09-02 03:48:56.131  6873  6915 I cr_CachingUmaRecorder: Flushed 3 samples from 3 histograms.
09-02 03:48:56.154  6784  6784 I cr_OfflineIndicator: onConnectionTypeChanged 2
09-02 03:48:56.157  6885  6916 I cr_LibraryLoader: Successfully loaded native library
09-02 03:48:56.158  6885  6916 I cr_CachingUmaRecorder: Flushed 11 samples from 11 histograms.
09-02 03:48:56.159  6784  6784 I cr_OfflineIndicator: Reported by system: [ Transports: WIFI Capabilities: NOT_METERED&INTERNET&NOT_RESTRICTED&TRUSTED&NOT_VPN&VALIDATED&NOT_ROAMING&FOREGROUND&NOT_CONGESTED&NOT_SUSPENDED LinkUpBandwidth>=94050Kbps LinkDnBandwidth>=71500Kbps SignalStrength: -56 AdministratorUids: [] RequestorUid: -1 RequestorPackageName: null]
09-02 03:48:56.159  6784  6784 I cr_OfflineIndicator: setConnectionState connectionState=4
09-02 03:48:56.159  6784  6784 I cr_OfflineDetector: Running updateState mConnectivityDetectorInitialized: true, mTimeWhenLastForegrounded: 64519380, getElapsedTime: 64519385, mTimeWhenLastOfflineNotificationReceived: 0, mTimeWhenLastOnline: 64519385, mApplicationState: 1, mIsOfflineLastReportedByConnectivityDetector: false, mIsEffectivelyOffline: false
09-02 03:48:56.159  6784  6784 I cr_OfflineDetector: updateState(): timeSinceLastForeground: 5, timeSinceOfflineNotificationReceived: 64519385, timeSinceLastOnline: 0, timeNeededForForeground: 1995, timeNeededForOffline: -64517385
09-02 03:48:56.159  6784  6784 I cr_OfflineIndicator: processConnectivityCheckResult mConnectionState=4 mConnectivityCheckingStage=1
09-02 03:48:56.161  2816  3036 I FontLog : Received query name=Google Sans&weight=700&besteffort=false, URI content://com.google.android.gms.fonts [CONTEXT service_id=132 ]
09-02 03:48:56.162  2816  3036 I FontLog : Query [name=Google Sans&weight=700&besteffort=false] resolved to {Google Sans, wdth 100.0, wght 700, ital 0.0, bestEffort false} [CONTEXT service_id=132 ]
09-02 03:48:56.163  2816  3036 I FontLog : Fetch {Google Sans, wdth 100.0, wght 700, ital 0.0, bestEffort false} end status Status{statusCode=SUCCESS, resolution=null} [CONTEXT service_id=132 ]
09-02 03:48:56.167  2816  3036 I FontLog : Pulling font file for id = 2354, cache size = 5 [CONTEXT service_id=132 ]
09-02 03:48:56.169  2816  3036 I FontLog : Received query name=Noto Color Emoji Compat&weight=400&besteffort=false, URI content://com.google.android.gms.fonts [CONTEXT service_id=132 ]
09-02 03:48:56.169  2816  3036 I FontLog : Query [name=Noto Color Emoji Compat&weight=400&besteffort=false] resolved to {Noto Color Emoji Compat, wdth 100.0, wght 400, ital 0.0, bestEffort false} [CONTEXT service_id=132 ]
09-02 03:48:56.170  2816  3036 I FontLog : Fetch {Noto Color Emoji Compat, wdth 100.0, wght 400, ital 0.0, bestEffort false} end status Status{statusCode=SUCCESS, resolution=null} [CONTEXT service_id=132 ]
09-02 03:48:56.172  6885  6916 I AdrenoGLES-0: QUALCOMM build                   : 35605c3, Ia11ce2d146
09-02 03:48:56.172  6885  6916 I AdrenoGLES-0: Build Date                       : 09/02/20
09-02 03:48:56.172  6885  6916 I AdrenoGLES-0: OpenGL ES Shader Compiler Version: EV031.31.04.00
09-02 03:48:56.172  6885  6916 I AdrenoGLES-0: Local Branch                     : gfx-adreno.lnx.2.0
09-02 03:48:56.172  6885  6916 I AdrenoGLES-0: Remote Branch                    : 
09-02 03:48:56.172  6885  6916 I AdrenoGLES-0: Remote Branch                    : 
09-02 03:48:56.172  6885  6916 I AdrenoGLES-0: Reconstruct Branch               : 
09-02 03:48:56.172  6885  6916 I AdrenoGLES-0: Build Config                     : S P 10.0.4 AArch64
09-02 03:48:56.172  6885  6916 I AdrenoGLES-0: Driver Path                      : /vendor/lib64/egl/libGLESv2_adreno.so
09-02 03:48:56.173  2816  3036 I FontLog : Pulling font file for id = 2355, cache size = 4 [CONTEXT service_id=132 ]
09-02 03:48:56.176  6885  6916 I AdrenoGLES-0: PFP: 0x016dd090, ME: 0x00000000
09-02 03:48:56.182  2816  3036 I FontLog : Received query name=Google Sans&weight=400&besteffort=false, URI content://com.google.android.gms.fonts [CONTEXT service_id=132 ]
09-02 03:48:56.182  6885  6916 W AdrenoUtils: <ReadGpuID_from_sysfs:197>: Failed to open /sys/class/kgsl/kgsl-3d0/gpu_model
09-02 03:48:56.182  6885  6916 W AdrenoUtils: <ReadGpuID:221>: Failed to read chip ID from gpu_model. Fallback to use the GSL path
09-02 03:48:56.182  2816  3036 I FontLog : Query [name=Google Sans&weight=400&besteffort=false] resolved to {Google Sans, wdth 100.0, wght 400, ital 0.0, bestEffort false} [CONTEXT service_id=132 ]
09-02 03:48:56.183  2816  3036 I FontLog : Font PFD returned from cache for {Google Sans, wdth 100.0, wght 400, ital 0.0, bestEffort false} [CONTEXT service_id=132 ]
09-02 03:48:56.183  2816  3036 I FontLog : Fetch {Google Sans, wdth 100.0, wght 400, ital 0.0, bestEffort false} end status Status{statusCode=SUCCESS, resolution=null} [CONTEXT service_id=132 ]
09-02 03:48:56.189  2816  3036 I FontLog : Pulling font file for id = 2356, cache size = 5 [CONTEXT service_id=132 ]
09-02 03:48:56.194  2816  3036 I FontLog : Received query name=Google Sans&weight=500&besteffort=false, URI content://com.google.android.gms.fonts [CONTEXT service_id=132 ]
09-02 03:48:56.194  2816  3036 I FontLog : Query [name=Google Sans&weight=500&besteffort=false] resolved to {Google Sans, wdth 100.0, wght 500, ital 0.0, bestEffort false} [CONTEXT service_id=132 ]
09-02 03:48:56.195  6885  6916 D vulkan  : searching for layers in '/data/app/~~_KLlx60MH8CoecPTjMKp8g==/com.android.chrome-kw9RHYrlHKb9bPXi8OTClw==/lib/arm64'
09-02 03:48:56.196  6885  6916 D vulkan  : searching for layers in '/data/app/~~_KLlx60MH8CoecPTjMKp8g==/com.android.chrome-kw9RHYrlHKb9bPXi8OTClw==/base.apk!/lib/arm64-v8a'
09-02 03:48:56.196  6885  6916 D vulkan  : searching for layers in '/data/app/~~pvdNlmkqoAdokjnHYmWQbA==/com.google.android.trichromelibrary_530409134-AZWnkLs2PHY5miTP6ZiTzA==/base.apk!/lib/arm64-v8a'
09-02 03:48:56.197  2816  3036 I FontLog : Font PFD returned from cache for {Google Sans, wdth 100.0, wght 500, ital 0.0, bestEffort false} [CONTEXT service_id=132 ]
09-02 03:48:56.197  2816  3036 I FontLog : Fetch {Google Sans, wdth 100.0, wght 500, ital 0.0, bestEffort false} end status Status{statusCode=SUCCESS, resolution=null} [CONTEXT service_id=132 ]
09-02 03:48:56.201  2816  3036 I FontLog : Pulling font file for id = 2357, cache size = 6 [CONTEXT service_id=132 ]
09-02 03:48:56.204  6885  6916 I AdrenoVK-0: ===== BEGIN DUMP OF OVERRIDDEN SETTINGS =====
09-02 03:48:56.204  6885  6916 I AdrenoVK-0: ===== END DUMP OF OVERRIDDEN SETTINGS =====
09-02 03:48:56.204  6885  6916 I AdrenoVK-0: QUALCOMM build          : 35605c3, Ia11ce2d146
09-02 03:48:56.204  6885  6916 I AdrenoVK-0: Build Date              : 09/02/20
09-02 03:48:56.204  6885  6916 I AdrenoVK-0: Shader Compiler Version : EV031.31.04.00
09-02 03:48:56.204  6885  6916 I AdrenoVK-0: Local Branch            : gfx-adreno.lnx.2.0
09-02 03:48:56.204  6885  6916 I AdrenoVK-0: Remote Branch           : 
09-02 03:48:56.204  6885  6916 I AdrenoVK-0: Remote Branch           : 
09-02 03:48:56.204  6885  6916 I AdrenoVK-0: Reconstruct Branch      : 
09-02 03:48:56.204  6885  6916 I AdrenoVK-0: Build Config            : S P 10.0.4 AArch64
09-02 03:48:56.204  6885  6916 I AdrenoVK-0: Driver Path             : /vendor/lib64/hw/vulkan.adreno.so
09-02 03:48:56.212  2816  5551 I NetworkScheduler.Stats: Task com.google.android.gms/com.google.android.gms.languageprofile.GcmTaskService started execution. cause:7 exec_start_elapsed_seconds: 64519 [CONTEXT service_id=218 ]
09-02 03:48:56.220  6784  6784 W linker  : Warning: "/data/app/~~_KLlx60MH8CoecPTjMKp8g==/com.android.chrome-kw9RHYrlHKb9bPXi8OTClw==/split_vr.apk!/lib/arm64-v8a/libmonochrome_64_vr_partition.so" unused DT entry: unknown processor-specific (type 0x70000001 arg 0x0) (ignoring)
09-02 03:48:56.222  1513  3240 D ConnectivityService: requestNetwork for uid/pid:10220/6784 NetworkRequest [ TRACK_DEFAULT id=2958, [ Capabilities: INTERNET&NOT_RESTRICTED&TRUSTED Uid: 10220 AdministratorUids: [] RequestorUid: 10220 RequestorPackageName: com.android.chrome] ]
09-02 03:48:56.222  1513  2000 D ConnectivityService: NetReassign [2958 : null → 100]
09-02 03:48:56.222  1513  1996 D WifiNetworkFactory: got request NetworkRequest [ TRACK_DEFAULT id=2958, [ Capabilities: INTERNET&NOT_RESTRICTED&TRUSTED Uid: 10220 AdministratorUids: [] RequestorUid: 10220 RequestorPackageName: com.android.chrome] ] with score 60 and providerId 5
09-02 03:48:56.222  1513  2038 D Ethernet: got request NetworkRequest [ TRACK_DEFAULT id=2958, [ Capabilities: INTERNET&NOT_RESTRICTED&TRUSTED Uid: 10220 AdministratorUids: [] RequestorUid: 10220 RequestorPackageName: com.android.chrome] ] with score 60 and providerId 5
09-02 03:48:56.223  1513  1996 D UntrustedWifiNetworkFactory: got request NetworkRequest [ TRACK_DEFAULT id=2958, [ Capabilities: INTERNET&NOT_RESTRICTED&TRUSTED Uid: 10220 AdministratorUids: [] RequestorUid: 10220 RequestorPackageName: com.android.chrome] ] with score 60 and providerId 5
09-02 03:48:56.223  1513  2037 D WIFI_AWARE_FACTORY: got request NetworkRequest [ TRACK_DEFAULT id=2958, [ Capabilities: INTERNET&NOT_RESTRICTED&TRUSTED Uid: 10220 AdministratorUids: [] RequestorUid: 10220 RequestorPackageName: com.android.chrome] ] with score 60 and providerId 5
09-02 03:48:56.223  2474  2474 D PhoneSwitcherNetworkRequstListener: got request NetworkRequest [ TRACK_DEFAULT id=2958, [ Capabilities: INTERNET&NOT_RESTRICTED&TRUSTED Uid: 10220 AdministratorUids: [] RequestorUid: 10220 RequestorPackageName: com.android.chrome] ] with score 60 and providerId 5
09-02 03:48:56.224  1513  2000 D ConnectivityService: NetReassign [no changes]
09-02 03:48:56.241  6784  6855 I cr_VrCoreVersionChecker: Unable to find VrCore.
09-02 03:48:56.255  2816  4735 I NetworkScheduler.Stats: Task com.google.android.gms/com.google.android.gms.languageprofile.GcmTaskService finished executing. cause:7 result: 1 elapsed_millis: 69 uptime_millis: 69 exec_start_elapsed_seconds: 64519 [CONTEXT service_id=218 ]
09-02 03:48:56.278  2158  2158 I WallpaperService: engine paused
09-02 03:48:56.279   901   901 I sensors-hal: [hal]activate_physical_sensor:238, android.sensor.gyroscope/41 en=0
09-02 03:48:56.283   901   901 D Diag_Lib: diag: Diag_LSM_DeInit done for pid: 901
09-02 03:48:56.285   901   901 D Diag_Lib: diag: Diag_LSM_DeInit done for pid: 901
09-02 03:48:56.285   901   901 I sensors-hal: [hal]activate_physical_sensor:249, android.sensor.gyroscope/41 en=0 completed
09-02 03:48:56.295  1513  8184 I AdrenoGLES-0: QUALCOMM build                   : 35605c3, Ia11ce2d146
09-02 03:48:56.295  1513  8184 I AdrenoGLES-0: Build Date                       : 09/02/20
09-02 03:48:56.295  1513  8184 I AdrenoGLES-0: OpenGL ES Shader Compiler Version: EV031.31.04.00
09-02 03:48:56.295  1513  8184 I AdrenoGLES-0: Local Branch                     : gfx-adreno.lnx.2.0
09-02 03:48:56.295  1513  8184 I AdrenoGLES-0: Remote Branch                    : 
09-02 03:48:56.295  1513  8184 I AdrenoGLES-0: Remote Branch                    : 
09-02 03:48:56.295  1513  8184 I AdrenoGLES-0: Reconstruct Branch               : 
09-02 03:48:56.295  1513  8184 I AdrenoGLES-0: Build Config                     : S P 10.0.4 AArch64
09-02 03:48:56.295  1513  8184 I AdrenoGLES-0: Driver Path                      : /vendor/lib64/egl/libGLESv2_adreno.so
09-02 03:48:56.301  6873  6915 I tflite  : Initialized TensorFlow Lite runtime.
09-02 03:48:56.303  1513  8184 I AdrenoGLES-0: PFP: 0x016dd090, ME: 0x00000000
09-02 03:48:56.304   901  1000 D VSC     : @ 64522.754: [WO] tilt angle 87
09-02 03:48:56.312  6784  6784 I Choreographer: Skipped 37 frames!  The application may be doing too much work on its main thread.
09-02 03:48:56.341  6784  6784 I cr_tabmodel: #isIncognitoTabBeingRestored from tabState:  false
09-02 03:48:56.380  6784  6784 I chatty  : uid=10220(com.android.chrome) identical 2 lines
09-02 03:48:56.380  6784  6784 I cr_tabmodel: #isIncognitoTabBeingRestored from tabState:  false
09-02 03:48:56.381  2858  2858 I GoogleInputMethodService: GoogleInputMethodService.onFinishInput():3280 
09-02 03:48:56.382  2858  2858 I GoogleInputMethodService: GoogleInputMethodService.updateDeviceLockedStatus():2169 repeatCheckTimes = 0, unlocked = true
09-02 03:48:56.382  2858  2858 I GoogleInputMethodService: GoogleInputMethodService.onStartInput():1960 onStartInput(EditorInfo{inputType=0x0(NULL) imeOptions=0x12000000 privateImeOptions=null actionName=UNSPECIFIED actionLabel=null actionId=0 initialSelStart=-1 initialSelEnd=-1 initialCapsMode=0x0 hintText=null label=null packageName=com.android.chrome fieldId=-1 fieldName=null extras=null}, false)
09-02 03:48:56.382  2858  2858 I GoogleInputMethodService: GoogleInputMethodService.shouldHideHeaderOnInitialState():4081 ShouldHideHeaderOnInitialState = false
09-02 03:48:56.383  2858  2858 I GoogleInputMethodService: GoogleInputMethodService.updateDeviceLockedStatus():2169 repeatCheckTimes = 2, unlocked = true
09-02 03:48:56.388  6784  6784 I cr_tabmodel: #isIncognitoTabBeingRestored from tabState:  false
09-02 03:48:56.448  6784  6784 I chatty  : uid=10220(com.android.chrome) identical 36 lines
09-02 03:48:56.448  6784  6784 I cr_tabmodel: #isIncognitoTabBeingRestored from tabState:  false
09-02 03:48:56.450  6784  6784 I cr_tabmodel: #isIncognitoTabBeingRestored from tabDetails:  false
09-02 03:48:56.451  6784  6784 I cr_tabmodel: #isIncognitoTabBeingRestored from tabDetails:  false
09-02 03:48:56.451  6784  6784 W cr_tabmodel: Failed to restore TabState; creating Tab with last known URL.
09-02 03:48:56.463  1513  3245 D CompatibilityChangeReporter: Compat change id reported: 135634846; UID 10220; state: DISABLED
09-02 03:48:56.463  1513  3245 D CompatibilityChangeReporter: Compat change id reported: 135754954; UID 10220; state: ENABLED
09-02 03:48:56.463  1513  1625 D CompatibilityChangeReporter: Compat change id reported: 143937733; UID 10220; state: ENABLED
09-02 03:48:56.465  6784  6784 E cr_IntentUtils: getBooleanExtra failed on intent null
09-02 03:48:56.465  6784  6784 E cr_IntentUtils: getBooleanExtra failed on intent null
09-02 03:48:56.475  6784  6784 I cr_tabmodel: #isIncognitoTabBeingRestored from tabDetails:  false
09-02 03:48:56.475  6784  6784 I cr_tabmodel: #isIncognitoTabBeingRestored from tabDetails:  false
09-02 03:48:56.475  6784  6784 W cr_tabmodel: Failed to restore TabState; creating Tab with last known URL.
09-02 03:48:56.475  6835  6835 D Zygote  : Forked child process 6948
09-02 03:48:56.477  1513  1625 I ActivityManager: Start proc 6948:com.android.chrome:sandboxed_process0:org.chromium.content.app.SandboxedProcessService0:1/u0ai1 for  {com.android.chrome/org.chromium.content.app.SandboxedProcessService0:1}
09-02 03:48:56.478  6948  6948 E libc    : SetHeapTaggingLevel: re-enabling tagging after it was disabled is not supported
09-02 03:48:56.486  6948  6948 E ocessService0:: Not starting debugger since process cannot load the jdwp agent.
09-02 03:48:56.487  6784  6784 E cr_IntentUtils: getBooleanExtra failed on intent null
09-02 03:48:56.487  6784  6784 E cr_IntentUtils: getBooleanExtra failed on intent null
09-02 03:48:56.502  6835  6835 D Zygote  : Forked child process 6965
09-02 03:48:56.504  6965  6965 E libc    : SetHeapTaggingLevel: re-enabling tagging after it was disabled is not supported
09-02 03:48:56.505  1513  4617 D CompatibilityChangeReporter: Compat change id reported: 136274596; UID 10220; state: ENABLED
09-02 03:48:56.507  1513  1625 I ActivityManager: Start proc 6965:com.android.chrome:sandboxed_process0:org.chromium.content.app.SandboxedProcessService0:2/u0ai2 for  {com.android.chrome/org.chromium.content.app.SandboxedProcessService0:2}
09-02 03:48:56.512  6965  6965 E ocessService0:: Not starting debugger since process cannot load the jdwp agent.
09-02 03:48:56.523  1513  4617 D CompatibilityChangeReporter: Compat change id reported: 136274596; UID 10220; state: ENABLED
09-02 03:48:56.523  6784  6784 I cr_tabmodel: #isIncognitoTabBeingRestored from tabDetails:  false
09-02 03:48:56.523  6784  6784 I cr_tabmodel: #isIncognitoTabBeingRestored from tabDetails:  false
09-02 03:48:56.524  6784  6784 W cr_tabmodel: Failed to restore TabState; creating Tab with last known URL.
09-02 03:48:56.529  6948  6948 I LoadedApk: No resource references to update in package com.google.android.trichromelibrary
09-02 03:48:56.530  6948  6948 D NetworkSecurityConfig: Using Network Security Config from resource 0_resource_name_obfuscated debugBuild: false
09-02 03:48:56.530  6948  6948 D NetworkSecurityConfig: Using Network Security Config from resource 0_resource_name_obfuscated debugBuild: false
09-02 03:48:56.532  6948  6948 I cr_SplitCompatApp: Launched version=107.0.5304.91 minSdkVersion=29 isBundle=true processName=com.android.chrome:sandboxed_process0:org.chromium.content.app.SandboxedProcessService0:1 isIsolated=true
09-02 03:48:56.536  6784  6784 E cr_IntentUtils: getBooleanExtra failed on intent null
09-02 03:48:56.536  6784  6784 E cr_IntentUtils: getBooleanExtra failed on intent null
09-02 03:48:56.537  1513  3245 D CompatibilityChangeReporter: Compat change id reported: 135634846; UID 10220; state: DISABLED
09-02 03:48:56.537  1513  3245 D CompatibilityChangeReporter: Compat change id reported: 135754954; UID 10220; state: ENABLED
09-02 03:48:56.538  1513  1625 D CompatibilityChangeReporter: Compat change id reported: 143937733; UID 10220; state: ENABLED
09-02 03:48:56.543  6948  6948 W SystemServiceRegistry: No service published for: uimode
09-02 03:48:56.546  6965  6965 I LoadedApk: No resource references to update in package com.google.android.trichromelibrary
09-02 03:48:56.547  6965  6965 D NetworkSecurityConfig: Using Network Security Config from resource 0_resource_name_obfuscated debugBuild: false
09-02 03:48:56.548  6784  6784 I cr_tabmodel: #isIncognitoTabBeingRestored from tabDetails:  false
09-02 03:48:56.548  6784  6784 I cr_tabmodel: #isIncognitoTabBeingRestored from tabDetails:  false
09-02 03:48:56.548  6784  6784 W cr_tabmodel: Failed to restore TabState; creating Tab with last known URL.
09-02 03:48:56.548  6965  6965 D NetworkSecurityConfig: Using Network Security Config from resource 0_resource_name_obfuscated debugBuild: false
09-02 03:48:56.550  6965  6965 I cr_SplitCompatApp: Launched version=107.0.5304.91 minSdkVersion=29 isBundle=true processName=com.android.chrome:sandboxed_process0:org.chromium.content.app.SandboxedProcessService0:2 isIsolated=true
09-02 03:48:56.550  6948  6948 I cr_ChildProcessService: Creating new ChildProcessService pid=6948
09-02 03:48:56.552  6835  6835 D Zygote  : Forked child process 6985
09-02 03:48:56.554  1513  1625 I ActivityManager: Start proc 6985:com.android.chrome:sandboxed_process0:org.chromium.content.app.SandboxedProcessService0:3/u0ai3 for  {com.android.chrome/org.chromium.content.app.SandboxedProcessService0:3}
09-02 03:48:56.554  6985  6985 E libc    : SetHeapTaggingLevel: re-enabling tagging after it was disabled is not supported
09-02 03:48:56.555  6948  6970 I cr_LibraryLoader: Using ModernLinker
09-02 03:48:56.557  6948  6970 W linker  : Warning: "/data/app/~~_KLlx60MH8CoecPTjMKp8g==/com.android.chrome-kw9RHYrlHKb9bPXi8OTClw==/base.apk!/lib/arm64-v8a/libchromium_android_linker.so" unused DT entry: unknown processor-specific (type 0x70000001 arg 0x0) (ignoring)
09-02 03:48:56.558  6948  6970 E cr_ChromiumAndroidLinker: ReserveAddressWithHint: Address range starting at 0x7a38766000 was not free to use
09-02 03:48:56.561  6965  6965 W SystemServiceRegistry: No service published for: uimode
09-02 03:48:56.561  6784  6784 E cr_IntentUtils: getBooleanExtra failed on intent null
09-02 03:48:56.561  6784  6784 E cr_IntentUtils: getBooleanExtra failed on intent null
09-02 03:48:56.567  6965  6965 I cr_ChildProcessService: Creating new ChildProcessService pid=6965
09-02 03:48:56.569  6948  6984 I cr_LibraryLoader: Successfully loaded native library
09-02 03:48:56.570  6948  6984 I cr_CachingUmaRecorder: Flushed 3 samples from 3 histograms.
