09-02 03:48:59.476  1513  1625 W ActivityManager: Slow operation: 1195ms so far, now at startProcess: starting to update pids map
09-02 03:48:59.476  1513  1625 W ActivityManager: Slow operation: 1195ms so far, now at startProcess: done updating pids map
09-02 03:48:59.476  1513  1625 W ActivityManager: Slow operation: 1171ms so far, now at startProcess: asking zygote to start proc
09-02 03:48:59.476  1513  1625 D CompatibilityChangeReporter: Compat change id reported: 143937733; UID 10220; state: ENABLED
09-02 03:48:59.476  8580  8671 I cr_CachingUmaRecorder: Flushed 3 samples from 3 histograms.
09-02 03:48:59.480  1513  3168 W ActivityManager: Failed making new process record for com.android.chrome:sandboxed_process0:org.chromium.content.app.SandboxedProcessService0:105/10220 isolated=true
09-02 03:48:59.480  1513  3168 W ActivityManager: Unable to launch app com.android.chrome/10220 for service Intent { cmp=com.android.chrome/org.chromium.content.app.SandboxedProcessService0 }: process is bad
09-02 03:48:59.481  1513  3168 E ProcessStats: Service owner ServiceRecord{1240edb u0 com.android.chrome/org.chromium.content.app.SandboxedProcessService0:105} cleared while exec: pkg=com.android.chrome service=org.chromium.content.app.SandboxedProcessService0 proc=ProcessState{b8c331 com.android.chrome:sandboxed_process0/10220 pkg=com.android.chrome}
09-02 03:48:59.481  1513  3168 E ProcessStats: android.util.Log$TerribleFailure: Service owner ServiceRecord{1240edb u0 com.android.chrome/org.chromium.content.app.SandboxedProcessService0:105} cleared while exec: pkg=com.android.chrome service=org.chromium.content.app.SandboxedProcessService0 proc=ProcessState{b8c331 com.android.chrome:sandboxed_process0/10220 pkg=com.android.chrome}
09-02 03:48:59.481  1513  3168 E ProcessStats: 	at android.util.Log.wtf(Log.java:313)
09-02 03:48:59.481  1513  3168 E ProcessStats: 	at android.util.Slog.wtfStack(Slog.java:111)
09-02 03:48:59.481  1513  3168 E ProcessStats: 	at com.android.internal.app.procstats.ServiceState.clearCurrentOwner(ServiceState.java:187)
09-02 03:48:59.481  1513  3168 E ProcessStats: 	at com.android.server.am.ActiveServices.bringDownServiceLocked(ActiveServices.java:3424)
09-02 03:48:59.481  1513  3168 E ProcessStats: 	at com.android.server.am.ActiveServices.bringUpServiceLocked(ActiveServices.java:2955)
09-02 03:48:59.481  1513  3168 E ProcessStats: 	at com.android.server.am.ActiveServices.bindServiceLocked(ActiveServices.java:2064)
09-02 03:48:59.481  1513  3168 E ProcessStats: 	at com.android.server.am.ActivityManagerService.bindIsolatedService(ActivityManagerService.java:15169)
09-02 03:48:59.481  1513  3168 E ProcessStats: 	at android.app.IActivityManager$Stub.onTransact(IActivityManager.java:2563)
09-02 03:48:59.481  1513  3168 E ProcessStats: 	at com.android.server.am.ActivityManagerService.onTransact(ActivityManagerService.java:2867)
09-02 03:48:59.481  1513  3168 E ProcessStats: 	at android.os.Binder.execTransactInternal(Binder.java:1154)
09-02 03:48:59.481  1513  3168 E ProcessStats: 	at android.os.Binder.execTransact(Binder.java:1123)
09-02 03:48:59.481  6784  6834 W cr_ChildProcessConn: Fallback to ComponentInfo{com.android.chrome/org.chromium.content.app.SandboxedProcessService1}
09-02 03:48:59.484  8679  8679 E libc    : SetHeapTaggingLevel: re-enabling tagging after it was disabled is not supported
09-02 03:48:59.484  1513  4617 E ProcessStats: Executing service ServiceState{cf3a3d8 org.chromium.content.app.SandboxedProcessService0 pkg=com.android.chrome proc=b8c331} without owner
09-02 03:48:59.485  1513  4617 E ProcessStats: Binding service ServiceState{cf3a3d8 org.chromium.content.app.SandboxedProcessService0 pkg=com.android.chrome proc=b8c331} without owner
09-02 03:48:59.486  1513  4617 E ProcessStats: Starting service ServiceState{cf3a3d8 org.chromium.content.app.SandboxedProcessService0 pkg=com.android.chrome proc=b8c331} without owner
09-02 03:48:59.486  1513  4617 E ProcessStats: Binding service ServiceState{cf3a3d8 org.chromium.content.app.SandboxedProcessService0 pkg=com.android.chrome proc=b8c331} without owner
09-02 03:48:59.487  7102  7102 I cr_ChildProcessService: Destroying ChildProcessService pid=7102
09-02 03:48:59.488  1513  4617 I ActivityManager: Killing 7102:com.android.chrome:sandboxed_process0:org.chromium.content.app.SandboxedProcessService0:8/u0a220i-8992 (adj 0): isolated not needed
09-02 03:48:59.489  1513  1640 I libprocessgroup: Successfully killed process cgroup uid 90008 pid 7102 in 0ms
09-02 03:48:59.490  6784  6784 E cr_IntentUtils: getBooleanExtra failed on intent null
09-02 03:48:59.490  6784  6784 E cr_IntentUtils: getBooleanExtra failed on intent null
09-02 03:48:59.491  6784  6834 W cr_ChildConnAllocator: Ran out of UIDs to allocate.
09-02 03:48:59.493  8601  8601 W SystemServiceRegistry: No service published for: uimode
09-02 03:48:59.499  6784  6784 I cr_tabmodel: #isIncognitoTabBeingRestored from tabDetails:  false
09-02 03:48:59.500  6784  6784 I cr_tabmodel: #isIncognitoTabBeingRestored from tabDetails:  false
09-02 03:48:59.500  6784  6784 W cr_tabmodel: Failed to restore TabState; creating Tab with last known URL.
09-02 03:48:59.504  8679  8679 E cessService0:6: Not starting debugger since process cannot load the jdwp agent.
09-02 03:48:59.507  8601  8601 I cr_ChildProcessService: Creating new ChildProcessService pid=8601
09-02 03:48:59.509  6835  6835 D Zygote  : Forked child process 8697
09-02 03:48:59.509  1513  4617 W ActivityManager: Failed making new process record for com.android.chrome:sandboxed_process0:org.chromium.content.app.SandboxedProcessService0:106/10220 isolated=true
09-02 03:48:59.509  1513  1625 W ActivityManager: Slow operation: 1204ms so far, now at startProcess: returned from zygote!
09-02 03:48:59.509  1513  4617 W ActivityManager: Unable to launch app com.android.chrome/10220 for service Intent { cmp=com.android.chrome/org.chromium.content.app.SandboxedProcessService0 }: process is bad
09-02 03:48:59.510  1513  4617 E ProcessStats: Service owner ServiceRecord{ba2c39a u0 com.android.chrome/org.chromium.content.app.SandboxedProcessService0:106} cleared while exec: pkg=com.android.chrome service=org.chromium.content.app.SandboxedProcessService0 proc=ProcessState{b8c331 com.android.chrome:sandboxed_process0/10220 pkg=com.android.chrome}
09-02 03:48:59.510  1513  4617 E ProcessStats: android.util.Log$TerribleFailure: Service owner ServiceRecord{ba2c39a u0 com.android.chrome/org.chromium.content.app.SandboxedProcessService0:106} cleared while exec: pkg=com.android.chrome service=org.chromium.content.app.SandboxedProcessService0 proc=ProcessState{b8c331 com.android.chrome:sandboxed_process0/10220 pkg=com.android.chrome}
09-02 03:48:59.510  1513  4617 E ProcessStats: 	at android.util.Log.wtf(Log.java:313)
09-02 03:48:59.510  1513  4617 E ProcessStats: 	at android.util.Slog.wtfStack(Slog.java:111)
09-02 03:48:59.510  1513  4617 E ProcessStats: 	at com.android.internal.app.procstats.ServiceState.clearCurrentOwner(ServiceState.java:187)
09-02 03:48:59.510  1513  4617 E ProcessStats: 	at com.android.server.am.ActiveServices.bringDownServiceLocked(ActiveServices.java:3424)
09-02 03:48:59.510  1513  4617 E ProcessStats: 	at com.android.server.am.ActiveServices.bringUpServiceLocked(ActiveServices.java:2955)
09-02 03:48:59.510  1513  4617 E ProcessStats: 	at com.android.server.am.ActiveServices.bindServiceLocked(ActiveServices.java:2064)
09-02 03:48:59.510  1513  4617 E ProcessStats: 	at com.android.server.am.ActivityManagerService.bindIsolatedService(ActivityManagerService.java:15169)
09-02 03:48:59.510  1513  4617 E ProcessStats: 	at android.app.IActivityManager$Stub.onTransact(IActivityManager.java:2563)
09-02 03:48:59.510  1513  4617 E ProcessStats: 	at com.android.server.am.ActivityManagerService.onTransact(ActivityManagerService.java:2867)
09-02 03:48:59.510  1513  4617 E ProcessStats: 	at android.os.Binder.execTransactInternal(Binder.java:1154)
09-02 03:48:59.510  1513  4617 E ProcessStats: 	at android.os.Binder.execTransact(Binder.java:1123)
09-02 03:48:59.511  1513  1625 W ActivityManager: Slow operation: 1205ms so far, now at startProcess: done updating battery stats
09-02 03:48:59.511  1513  1625 W ActivityManager: Slow operation: 1205ms so far, now at startProcess: building log message
09-02 03:48:59.511  1513  1625 I ActivityManager: Start proc 8697:com.android.chrome:sandboxed_process0:org.chromium.content.app.SandboxedProcessService0:61/u0ai61 for  {com.android.chrome/org.chromium.content.app.SandboxedProcessService0:61}
09-02 03:48:59.511  1513  1625 W ActivityManager: Slow operation: 1205ms so far, now at startProcess: starting to update pids map
09-02 03:48:59.511  1513  1625 W ActivityManager: Slow operation: 1205ms so far, now at startProcess: done updating pids map
09-02 03:48:59.511  1513  1625 W ActivityManager: Slow operation: 1184ms so far, now at startProcess: asking zygote to start proc
09-02 03:48:59.515  6784  6784 E cr_IntentUtils: getBooleanExtra failed on intent null
09-02 03:48:59.515  6784  6784 E cr_IntentUtils: getBooleanExtra failed on intent null
09-02 03:48:59.517  6784  6834 W cr_ChildProcessConn: Fallback to ComponentInfo{com.android.chrome/org.chromium.content.app.SandboxedProcessService1}
09-02 03:48:59.517  8697  8697 E libc    : SetHeapTaggingLevel: re-enabling tagging after it was disabled is not supported
09-02 03:48:59.518  1513  2905 E ProcessStats: Executing service ServiceState{cf3a3d8 org.chromium.content.app.SandboxedProcessService0 pkg=com.android.chrome proc=b8c331} without owner
09-02 03:48:59.519  1513  2905 D CompatibilityChangeReporter: Compat change id reported: 136274596; UID 10220; state: ENABLED
09-02 03:48:59.525  1513  4617 D CompatibilityChangeReporter: Compat change id reported: 135634846; UID 10220; state: DISABLED
09-02 03:48:59.525  1513  4617 D CompatibilityChangeReporter: Compat change id reported: 135754954; UID 10220; state: ENABLED
09-02 03:48:59.526  6784  6784 I cr_tabmodel: #isIncognitoTabBeingRestored from tabDetails:  false
09-02 03:48:59.526  6784  6784 I cr_tabmodel: #isIncognitoTabBeingRestored from tabDetails:  false
09-02 03:48:59.526  6784  6784 W cr_tabmodel: Failed to restore TabState; creating Tab with last known URL.
09-02 03:48:59.527  1513  4617 E ProcessStats: Executing service ServiceState{cf3a3d8 org.chromium.content.app.SandboxedProcessService0 pkg=com.android.chrome proc=b8c331} without owner
09-02 03:48:59.528  1513  4617 E ProcessStats: Binding service ServiceState{cf3a3d8 org.chromium.content.app.SandboxedProcessService0 pkg=com.android.chrome proc=b8c331} without owner
09-02 03:48:59.528  8697  8697 E cessService0:6: Not starting debugger since process cannot load the jdwp agent.
09-02 03:48:59.529  1513  4617 E ProcessStats: Starting service ServiceState{cf3a3d8 org.chromium.content.app.SandboxedProcessService0 pkg=com.android.chrome proc=b8c331} without owner
09-02 03:48:59.529  1513  4617 E ProcessStats: Binding service ServiceState{cf3a3d8 org.chromium.content.app.SandboxedProcessService0 pkg=com.android.chrome proc=b8c331} without owner
09-02 03:48:59.531  8649  8649 I LoadedApk: No resource references to update in package com.google.android.trichromelibrary
09-02 03:48:59.531  8649  8649 D NetworkSecurityConfig: Using Network Security Config from resource 0_resource_name_obfuscated debugBuild: false
09-02 03:48:59.531  1513  4617 I ActivityManager: Killing 7120:com.android.chrome:sandboxed_process0:org.chromium.content.app.SandboxedProcessService0:9/u0a220i-8991 (adj 0): isolated not needed
09-02 03:48:59.532  1513  1640 I libprocessgroup: Successfully killed process cgroup uid 90009 pid 7120 in 0ms
09-02 03:48:59.533  1513  2905 E ProcessStats: Executing service ServiceState{cf3a3d8 org.chromium.content.app.SandboxedProcessService0 pkg=com.android.chrome proc=b8c331} without owner
09-02 03:48:59.533  1513  2905 E ProcessStats: Foregrounding service ServiceState{cf3a3d8 org.chromium.content.app.SandboxedProcessService0 pkg=com.android.chrome proc=b8c331} without owner
09-02 03:48:59.543  6784  6834 W cr_ChildConnAllocator: Ran out of UIDs to allocate.
09-02 03:48:59.543  6784  6784 E cr_IntentUtils: getBooleanExtra failed on intent null
09-02 03:48:59.543  6784  6784 E cr_IntentUtils: getBooleanExtra failed on intent null
09-02 03:48:59.543  6784  6834 W cr_ChildConnAllocator: Ran out of UIDs to allocate.
09-02 03:48:59.547  8649  8649 D NetworkSecurityConfig: Using Network Security Config from resource 0_resource_name_obfuscated debugBuild: false
09-02 03:48:59.549  6784  6784 I cr_tabmodel: #isIncognitoTabBeingRestored from tabDetails:  false
09-02 03:48:59.549  6784  6784 I cr_tabmodel: #isIncognitoTabBeingRestored from tabDetails:  false
09-02 03:48:59.549  6784  6784 W cr_tabmodel: Failed to restore TabState; creating Tab with last known URL.
09-02 03:48:59.550  8601  8648 I cr_LibraryLoader: Using ModernLinker
09-02 03:48:59.551  1513  2905 E ProcessStats: Executing service ServiceState{cf3a3d8 org.chromium.content.app.SandboxedProcessService0 pkg=com.android.chrome proc=b8c331} without owner
09-02 03:48:59.552  1513  2905 D CompatibilityChangeReporter: Compat change id reported: 136274596; UID 10220; state: ENABLED
09-02 03:48:59.553  8601  8648 W linker  : Warning: "/data/app/~~_KLlx60MH8CoecPTjMKp8g==/com.android.chrome-kw9RHYrlHKb9bPXi8OTClw==/base.apk!/lib/arm64-v8a/libchromium_android_linker.so" unused DT entry: unknown processor-specific (type 0x70000001 arg 0x0) (ignoring)
09-02 03:48:59.555  8601  8648 E cr_ChromiumAndroidLinker: ReserveAddressWithHint: Address range starting at 0x7a38766000 was not free to use
09-02 03:48:59.556  1513  3245 W ActivityManager: Failed making new process record for com.android.chrome:sandboxed_process0:org.chromium.content.app.SandboxedProcessService0:107/10220 isolated=true
09-02 03:48:59.556  1513  3245 W ActivityManager: Unable to launch app com.android.chrome/10220 for service Intent { cmp=com.android.chrome/org.chromium.content.app.SandboxedProcessService0 }: process is bad
09-02 03:48:59.556  1513  3245 E ProcessStats: Service owner ServiceRecord{4896397 u0 com.android.chrome/org.chromium.content.app.SandboxedProcessService0:107} cleared while exec: pkg=com.android.chrome service=org.chromium.content.app.SandboxedProcessService0 proc=ProcessState{b8c331 com.android.chrome:sandboxed_process0/10220 pkg=com.android.chrome}
09-02 03:48:59.556  1513  3245 E ProcessStats: android.util.Log$TerribleFailure: Service owner ServiceRecord{4896397 u0 com.android.chrome/org.chromium.content.app.SandboxedProcessService0:107} cleared while exec: pkg=com.android.chrome service=org.chromium.content.app.SandboxedProcessService0 proc=ProcessState{b8c331 com.android.chrome:sandboxed_process0/10220 pkg=com.android.chrome}
09-02 03:48:59.556  1513  3245 E ProcessStats: 	at android.util.Log.wtf(Log.java:313)
09-02 03:48:59.556  1513  3245 E ProcessStats: 	at android.util.Slog.wtfStack(Slog.java:111)
09-02 03:48:59.556  1513  3245 E ProcessStats: 	at com.android.internal.app.procstats.ServiceState.clearCurrentOwner(ServiceState.java:187)
09-02 03:48:59.556  1513  3245 E ProcessStats: 	at com.android.server.am.ActiveServices.bringDownServiceLocked(ActiveServices.java:3424)
09-02 03:48:59.556  1513  3245 E ProcessStats: 	at com.android.server.am.ActiveServices.bringUpServiceLocked(ActiveServices.java:2955)
09-02 03:48:59.556  1513  3245 E ProcessStats: 	at com.android.server.am.ActiveServices.bindServiceLocked(ActiveServices.java:2064)
09-02 03:48:59.556  1513  3245 E ProcessStats: 	at com.android.server.am.ActivityManagerService.bindIsolatedService(ActivityManagerService.java:15169)
09-02 03:48:59.556  1513  3245 E ProcessStats: 	at android.app.IActivityManager$Stub.onTransact(IActivityManager.java:2563)
09-02 03:48:59.556  1513  3245 E ProcessStats: 	at com.android.server.am.ActivityManagerService.onTransact(ActivityManagerService.java:2867)
09-02 03:48:59.556  1513  3245 E ProcessStats: 	at android.os.Binder.execTransactInternal(Binder.java:1154)
09-02 03:48:59.556  1513  3245 E ProcessStats: 	at android.os.Binder.execTransact(Binder.java:1123)
09-02 03:48:59.559  6784  6834 W cr_ChildProcessConn: Fallback to ComponentInfo{com.android.chrome/org.chromium.content.app.SandboxedProcessService1}
09-02 03:48:59.560  6784  6784 E cr_IntentUtils: getBooleanExtra failed on intent null
09-02 03:48:59.560  6784  6784 E cr_IntentUtils: getBooleanExtra failed on intent null
09-02 03:48:59.562  1513  3245 D CompatibilityChangeReporter: Compat change id reported: 135634846; UID 10220; state: DISABLED
09-02 03:48:59.562  1513  3245 D CompatibilityChangeReporter: Compat change id reported: 135754954; UID 10220; state: ENABLED
09-02 03:48:59.563  8649  8649 I cr_SplitCompatApp: Launched version=107.0.5304.91 minSdkVersion=29 isBundle=true processName=com.android.chrome:sandboxed_process0:org.chromium.content.app.SandboxedProcessService0:59 isIsolated=true
09-02 03:48:59.564  6784  6784 I cr_tabmodel: #isIncognitoTabBeingRestored from tabDetails:  false
09-02 03:48:59.564  6784  6784 I cr_tabmodel: #isIncognitoTabBeingRestored from tabDetails:  false
09-02 03:48:59.564  6784  6784 W cr_tabmodel: Failed to restore TabState; creating Tab with last known URL.
09-02 03:48:59.565  1513  3245 E ProcessStats: Executing service ServiceState{cf3a3d8 org.chromium.content.app.SandboxedProcessService0 pkg=com.android.chrome proc=b8c331} without owner
09-02 03:48:59.566  1513  3245 E ProcessStats: Binding service ServiceState{cf3a3d8 org.chromium.content.app.SandboxedProcessService0 pkg=com.android.chrome proc=b8c331} without owner
09-02 03:48:59.567  1513  3245 E ProcessStats: Starting service ServiceState{cf3a3d8 org.chromium.content.app.SandboxedProcessService0 pkg=com.android.chrome proc=b8c331} without owner
09-02 03:48:59.568  1513  3245 E ProcessStats: Binding service ServiceState{cf3a3d8 org.chromium.content.app.SandboxedProcessService0 pkg=com.android.chrome proc=b8c331} without owner
09-02 03:48:59.568  7196  7196 I cr_ChildProcessService: Destroying ChildProcessService pid=7196
09-02 03:48:59.570  1513  3245 I ActivityManager: Killing 7196:com.android.chrome:sandboxed_process0:org.chromium.content.app.SandboxedProcessService0:11/u0a220i-8989 (adj 0): isolated not needed
09-02 03:48:59.572  6784  6834 W cr_ChildConnAllocator: Ran out of UIDs to allocate.
09-02 03:48:59.573  6784  6834 W cr_ChildConnAllocator: Ran out of UIDs to allocate.
09-02 03:48:59.574  1513  1640 I libprocessgroup: Successfully killed process cgroup uid 90011 pid 7196 in 0ms
09-02 03:48:59.575  6784  6784 E cr_IntentUtils: getBooleanExtra failed on intent null
09-02 03:48:59.575  6784  6784 E cr_IntentUtils: getBooleanExtra failed on intent null
09-02 03:48:59.576  1513  3245 W ActivityManager: Failed making new process record for com.android.chrome:sandboxed_process0:org.chromium.content.app.SandboxedProcessService0:108/10220 isolated=true
09-02 03:48:59.577  1513  3245 W ActivityManager: Unable to launch app com.android.chrome/10220 for service Intent { cmp=com.android.chrome/org.chromium.content.app.SandboxedProcessService0 }: process is bad
09-02 03:48:59.577  1513  3245 E ProcessStats: Service owner ServiceRecord{579fea1 u0 com.android.chrome/org.chromium.content.app.SandboxedProcessService0:108} cleared while exec: pkg=com.android.chrome service=org.chromium.content.app.SandboxedProcessService0 proc=ProcessState{b8c331 com.android.chrome:sandboxed_process0/10220 pkg=com.android.chrome}
09-02 03:48:59.577  1513  3245 E ProcessStats: android.util.Log$TerribleFailure: Service owner ServiceRecord{579fea1 u0 com.android.chrome/org.chromium.content.app.SandboxedProcessService0:108} cleared while exec: pkg=com.android.chrome service=org.chromium.content.app.SandboxedProcessService0 proc=ProcessState{b8c331 com.android.chrome:sandboxed_process0/10220 pkg=com.android.chrome}
09-02 03:48:59.577  1513  3245 E ProcessStats: 	at android.util.Log.wtf(Log.java:313)
09-02 03:48:59.577  1513  3245 E ProcessStats: 	at android.util.Slog.wtfStack(Slog.java:111)
09-02 03:48:59.577  1513  3245 E ProcessStats: 	at com.android.internal.app.procstats.ServiceState.clearCurrentOwner(ServiceState.java:187)
09-02 03:48:59.577  1513  3245 E ProcessStats: 	at com.android.server.am.ActiveServices.bringDownServiceLocked(ActiveServices.java:3424)
09-02 03:48:59.577  1513  3245 E ProcessStats: 	at com.android.server.am.ActiveServices.bringUpServiceLocked(ActiveServices.java:2955)
09-02 03:48:59.577  1513  3245 E ProcessStats: 	at com.android.server.am.ActiveServices.bindServiceLocked(ActiveServices.java:2064)
09-02 03:48:59.577  1513  3245 E ProcessStats: 	at com.android.server.am.ActivityManagerService.bindIsolatedService(ActivityManagerService.java:15169)
09-02 03:48:59.577  1513  3245 E ProcessStats: 	at android.app.IActivityManager$Stub.onTransact(IActivityManager.java:2563)
09-02 03:48:59.577  1513  3245 E ProcessStats: 	at com.android.server.am.ActivityManagerService.onTransact(ActivityManagerService.java:2867)
09-02 03:48:59.577  1513  3245 E ProcessStats: 	at android.os.Binder.execTransactInternal(Binder.java:1154)
09-02 03:48:59.577  1513  3245 E ProcessStats: 	at android.os.Binder.execTransact(Binder.java:1123)
09-02 03:48:59.579  8601  8721 I cr_LibraryLoader: Successfully loaded native library
09-02 03:48:59.581  8601  8721 I cr_CachingUmaRecorder: Flushed 3 samples from 3 histograms.
09-02 03:48:59.581  6835  6835 D Zygote  : Forked child process 8735
09-02 03:48:59.582  6784  6834 W cr_ChildProcessConn: Fallback to ComponentInfo{com.android.chrome/org.chromium.content.app.SandboxedProcessService1}
09-02 03:48:59.582  1513  1625 W ActivityManager: Slow operation: 1256ms so far, now at startProcess: returned from zygote!
09-02 03:48:59.582  1513  1625 W ActivityManager: Slow operation: 1256ms so far, now at startProcess: done updating battery stats
09-02 03:48:59.582  1513  1625 W ActivityManager: Slow operation: 1256ms so far, now at startProcess: building log message
09-02 03:48:59.582  1513  1625 I ActivityManager: Start proc 8735:com.android.chrome:sandboxed_process0:org.chromium.content.app.SandboxedProcessService0:62/u0ai62 for  {com.android.chrome/org.chromium.content.app.SandboxedProcessService0:62}
09-02 03:48:59.582  1513  1625 W ActivityManager: Slow operation: 1256ms so far, now at startProcess: starting to update pids map
09-02 03:48:59.582  1513  1625 W ActivityManager: Slow operation: 1256ms so far, now at startProcess: done updating pids map
09-02 03:48:59.583  1513  1625 W ActivityManager: Slow operation: 1224ms so far, now at startProcess: asking zygote to start proc
09-02 03:48:59.583  1513  1625 D CompatibilityChangeReporter: Compat change id reported: 143937733; UID 10220; state: ENABLED
09-02 03:48:59.585  6784  6784 I cr_tabmodel: #isIncognitoTabBeingRestored from tabDetails:  false
09-02 03:48:59.585  6784  6784 I cr_tabmodel: #isIncognitoTabBeingRestored from tabDetails:  false
09-02 03:48:59.585  6784  6784 W cr_tabmodel: Failed to restore TabState; creating Tab with last known URL.
09-02 03:48:59.589  1513  3245 E ProcessStats: Executing service ServiceState{cf3a3d8 org.chromium.content.app.SandboxedProcessService0 pkg=com.android.chrome proc=b8c331} without owner
09-02 03:48:59.591  1513  3245 E ProcessStats: Binding service ServiceState{cf3a3d8 org.chromium.content.app.SandboxedProcessService0 pkg=com.android.chrome proc=b8c331} without owner
09-02 03:48:59.591  8735  8735 E libc    : SetHeapTaggingLevel: re-enabling tagging after it was disabled is not supported
09-02 03:48:59.592  1513  3245 E ProcessStats: Starting service ServiceState{cf3a3d8 org.chromium.content.app.SandboxedProcessService0 pkg=com.android.chrome proc=b8c331} without owner
09-02 03:48:59.592  1513  3245 E ProcessStats: Binding service ServiceState{cf3a3d8 org.chromium.content.app.SandboxedProcessService0 pkg=com.android.chrome proc=b8c331} without owner
09-02 03:48:59.593  7220  7220 I cr_ChildProcessService: Destroying ChildProcessService pid=7220
09-02 03:48:59.594  1513  3245 I ActivityManager: Killing 7220:com.android.chrome:sandboxed_process0:org.chromium.content.app.SandboxedProcessService0:12/u0a220i-8988 (adj 0): isolated not needed
09-02 03:48:59.594  1513  1640 I libprocessgroup: Successfully killed process cgroup uid 90012 pid 7220 in 0ms
09-02 03:48:59.596  8679  8679 I LoadedApk: No resource references to update in package com.google.android.trichromelibrary
09-02 03:48:59.596  8649  8649 W SystemServiceRegistry: No service published for: uimode
09-02 03:48:59.596  8679  8679 D NetworkSecurityConfig: Using Network Security Config from resource 0_resource_name_obfuscated debugBuild: false
09-02 03:48:59.597  8679  8679 D NetworkSecurityConfig: Using Network Security Config from resource 0_resource_name_obfuscated debugBuild: false
09-02 03:48:59.599  8679  8679 I cr_SplitCompatApp: Launched version=107.0.5304.91 minSdkVersion=29 isBundle=true processName=com.android.chrome:sandboxed_process0:org.chromium.content.app.SandboxedProcessService0:60 isIsolated=true
09-02 03:48:59.600  8735  8735 E cessService0:6: Not starting debugger since process cannot load the jdwp agent.
09-02 03:48:59.602  8649  8649 I cr_ChildProcessService: Creating new ChildProcessService pid=8649
09-02 03:48:59.605  6784  6784 E cr_IntentUtils: getBooleanExtra failed on intent null
09-02 03:48:59.605  6784  6784 E cr_IntentUtils: getBooleanExtra failed on intent null
09-02 03:48:59.613  6784  6834 W cr_ChildConnAllocator: Ran out of UIDs to allocate.
09-02 03:48:59.614  1513  3168 E ProcessStats: Executing service ServiceState{cf3a3d8 org.chromium.content.app.SandboxedProcessService0 pkg=com.android.chrome proc=b8c331} without owner
09-02 03:48:59.615  1513  3168 E ProcessStats: Foregrounding service ServiceState{cf3a3d8 org.chromium.content.app.SandboxedProcessService0 pkg=com.android.chrome proc=b8c331} without owner
09-02 03:48:59.615  6784  6784 I cr_tabmodel: #isIncognitoTabBeingRestored from tabDetails:  false
09-02 03:48:59.615  6784  6784 I cr_tabmodel: #isIncognitoTabBeingRestored from tabDetails:  false
09-02 03:48:59.615  6784  6784 W cr_tabmodel: Failed to restore TabState; creating Tab with last known URL.
09-02 03:48:59.616  1513  4617 W ActivityManager: Failed making new process record for com.android.chrome:sandboxed_process0:org.chromium.content.app.SandboxedProcessService0:109/10220 isolated=true
09-02 03:48:59.616  1513  4617 W ActivityManager: Unable to launch app com.android.chrome/10220 for service Intent { cmp=com.android.chrome/org.chromium.content.app.SandboxedProcessService0 }: process is bad
09-02 03:48:59.617  6784  6834 W cr_ChildProcessConn: Fallback to ComponentInfo{com.android.chrome/org.chromium.content.app.SandboxedProcessService1}
09-02 03:48:59.619  1513  2905 E ProcessStats: Executing service ServiceState{cf3a3d8 org.chromium.content.app.SandboxedProcessService0 pkg=com.android.chrome proc=b8c331} without owner
09-02 03:48:59.619  1513  2905 E ProcessStats: Binding service ServiceState{cf3a3d8 org.chromium.content.app.SandboxedProcessService0 pkg=com.android.chrome proc=b8c331} without owner
09-02 03:48:59.619  1513  2905 E ProcessStats: Starting service ServiceState{cf3a3d8 org.chromium.content.app.SandboxedProcessService0 pkg=com.android.chrome proc=b8c331} without owner
09-02 03:48:59.619  1513  2905 E ProcessStats: Binding service ServiceState{cf3a3d8 org.chromium.content.app.SandboxedProcessService0 pkg=com.android.chrome proc=b8c331} without owner
09-02 03:48:59.620  1513  2905 I ActivityManager: Killing 7250:com.android.chrome:sandboxed_process0:org.chromium.content.app.SandboxedProcessService0:13/u0a220i-8987 (adj 0): isolated not needed
09-02 03:48:59.621  8679  8679 W SystemServiceRegistry: No service published for: uimode
09-02 03:48:59.622  1513  1640 I libprocessgroup: Successfully killed process cgroup uid 90013 pid 7250 in 0ms
09-02 03:48:59.623  1513  3240 W ActivityManager: Failed making new process record for com.android.chrome:sandboxed_process0:org.chromium.content.app.SandboxedProcessService0:110/10220 isolated=true
09-02 03:48:59.623  1513  3240 W ActivityManager: Unable to launch app com.android.chrome/10220 for service Intent { cmp=com.android.chrome/org.chromium.content.app.SandboxedProcessService0 }: process is bad
09-02 03:48:59.623  1513  3240 E ProcessStats: Service owner ServiceRecord{3129a5a u0 com.android.chrome/org.chromium.content.app.SandboxedProcessService0:110} cleared while exec: pkg=com.android.chrome service=org.chromium.content.app.SandboxedProcessService0 proc=ProcessState{b8c331 com.android.chrome:sandboxed_process0/10220 pkg=com.android.chrome}
09-02 03:48:59.623  1513  3240 E ProcessStats: android.util.Log$TerribleFailure: Service owner ServiceRecord{3129a5a u0 com.android.chrome/org.chromium.content.app.SandboxedProcessService0:110} cleared while exec: pkg=com.android.chrome service=org.chromium.content.app.SandboxedProcessService0 proc=ProcessState{b8c331 com.android.chrome:sandboxed_process0/10220 pkg=com.android.chrome}
09-02 03:48:59.623  1513  3240 E ProcessStats: 	at android.util.Log.wtf(Log.java:313)
09-02 03:48:59.623  1513  3240 E ProcessStats: 	at android.util.Slog.wtfStack(Slog.java:111)
09-02 03:48:59.623  1513  3240 E ProcessStats: 	at com.android.internal.app.procstats.ServiceState.clearCurrentOwner(ServiceState.java:187)
09-02 03:48:59.623  1513  3240 E ProcessStats: 	at com.android.server.am.ActiveServices.bringDownServiceLocked(ActiveServices.java:3424)
09-02 03:48:59.623  1513  3240 E ProcessStats: 	at com.android.server.am.ActiveServices.bringUpServiceLocked(ActiveServices.java:2955)
09-02 03:48:59.623  1513  3240 E ProcessStats: 	at com.android.server.am.ActiveServices.bindServiceLocked(ActiveServices.java:2064)
09-02 03:48:59.623  1513  3240 E ProcessStats: 	at com.android.server.am.ActivityManagerService.bindIsolatedService(ActivityManagerService.java:15169)
09-02 03:48:59.623  1513  3240 E ProcessStats: 	at android.app.IActivityManager$Stub.onTransact(IActivityManager.java:2563)
09-02 03:48:59.623  1513  3240 E ProcessStats: 	at com.android.server.am.ActivityManagerService.onTransact(ActivityManagerService.java:2867)
09-02 03:48:59.623  1513  3240 E ProcessStats: 	at android.os.Binder.execTransactInternal(Binder.java:1154)
09-02 03:48:59.623  1513  3240 E ProcessStats: 	at android.os.Binder.execTransact(Binder.java:1123)
09-02 03:48:59.623  8649  8670 I cr_LibraryLoader: Using ModernLinker
09-02 03:48:59.624  6784  6834 W cr_ChildProcessConn: Fallback to ComponentInfo{com.android.chrome/org.chromium.content.app.SandboxedProcessService1}
09-02 03:48:59.626  8697  8697 I LoadedApk: No resource references to update in package com.google.android.trichromelibrary
09-02 03:48:59.626  8679  8679 I cr_ChildProcessService: Creating new ChildProcessService pid=8679
09-02 03:48:59.626  8697  8697 D NetworkSecurityConfig: Using Network Security Config from resource 0_resource_name_obfuscated debugBuild: false
09-02 03:48:59.627  1513  3240 E ProcessStats: Executing service ServiceState{cf3a3d8 org.chromium.content.app.SandboxedProcessService0 pkg=com.android.chrome proc=b8c331} without owner
09-02 03:48:59.627  8697  8697 D NetworkSecurityConfig: Using Network Security Config from resource 0_resource_name_obfuscated debugBuild: false
09-02 03:48:59.628  8649  8670 W linker  : Warning: "/data/app/~~_KLlx60MH8CoecPTjMKp8g==/com.android.chrome-kw9RHYrlHKb9bPXi8OTClw==/base.apk!/lib/arm64-v8a/libchromium_android_linker.so" unused DT entry: unknown processor-specific (type 0x70000001 arg 0x0) (ignoring)
09-02 03:48:59.629  1513  3240 D CompatibilityChangeReporter: Compat change id reported: 136274596; UID 10220; state: ENABLED
09-02 03:48:59.629  8697  8697 I cr_SplitCompatApp: Launched version=107.0.5304.91 minSdkVersion=29 isBundle=true processName=com.android.chrome:sandboxed_process0:org.chromium.content.app.SandboxedProcessService0:61 isIsolated=true
09-02 03:48:59.629  8649  8670 E cr_ChromiumAndroidLinker: ReserveAddressWithHint: Address range starting at 0x7a38766000 was not free to use
09-02 03:48:59.630  6784  6784 E cr_IntentUtils: getBooleanExtra failed on intent null
09-02 03:48:59.630  6784  6784 E cr_IntentUtils: getBooleanExtra failed on intent null
09-02 03:48:59.632  1513  3245 D CompatibilityChangeReporter: Compat change id reported: 135634846; UID 10220; state: DISABLED
09-02 03:48:59.632  1513  3245 D CompatibilityChangeReporter: Compat change id reported: 135754954; UID 10220; state: ENABLED
09-02 03:48:59.634  1513  4617 E ProcessStats: Executing service ServiceState{cf3a3d8 org.chromium.content.app.SandboxedProcessService0 pkg=com.android.chrome proc=b8c331} without owner
09-02 03:48:59.636  1513  4617 E ProcessStats: Binding service ServiceState{cf3a3d8 org.chromium.content.app.SandboxedProcessService0 pkg=com.android.chrome proc=b8c331} without owner
09-02 03:48:59.637  1513  4617 E ProcessStats: Starting service ServiceState{cf3a3d8 org.chromium.content.app.SandboxedProcessService0 pkg=com.android.chrome proc=b8c331} without owner
09-02 03:48:59.637  1513  4617 E ProcessStats: Binding service ServiceState{cf3a3d8 org.chromium.content.app.SandboxedProcessService0 pkg=com.android.chrome proc=b8c331} without owner
09-02 03:48:59.638  8649  8757 I cr_LibraryLoader: Successfully loaded native library
09-02 03:48:59.638  7298  7298 I cr_ChildProcessService: Destroying ChildProcessService pid=7298
09-02 03:48:59.639  1513  4617 I ActivityManager: Killing 7298:com.android.chrome:sandboxed_process0:org.chromium.content.app.SandboxedProcessService0:14/u0a220i-8986 (adj 0): isolated not needed
09-02 03:48:59.639  8649  8757 I cr_CachingUmaRecorder: Flushed 3 samples from 3 histograms.
09-02 03:48:59.640  6784  6784 I cr_TabWebContentsObs: renderProcessGone() for tab id: 8027, already needs reload: false
09-02 03:48:59.641  1513  3245 E ProcessStats: Executing service ServiceState{cf3a3d8 org.chromium.content.app.SandboxedProcessService0 pkg=com.android.chrome proc=b8c331} without owner
09-02 03:48:59.641  1513  1640 I libprocessgroup: Successfully killed process cgroup uid 90014 pid 7298 in 0ms
09-02 03:48:59.641  1513  3245 E ProcessStats: Foregrounding service ServiceState{cf3a3d8 org.chromium.content.app.SandboxedProcessService0 pkg=com.android.chrome proc=b8c331} without owner
09-02 03:48:59.643  6784  6834 W cr_ChildConnAllocator: Ran out of UIDs to allocate.
09-02 03:48:59.645  8697  8697 W SystemServiceRegistry: No service published for: uimode
09-02 03:48:59.645  6784  6784 I cr_tabmodel: #isIncognitoTabBeingRestored from tabDetails:  false
09-02 03:48:59.645  6784  6784 I cr_tabmodel: #isIncognitoTabBeingRestored from tabDetails:  false
09-02 03:48:59.645  6784  6784 W cr_tabmodel: Failed to restore TabState; creating Tab with last known URL.
09-02 03:48:59.648  8679  8706 I cr_LibraryLoader: Using ModernLinker
09-02 03:48:59.651  8697  8697 I cr_ChildProcessService: Creating new ChildProcessService pid=8697
09-02 03:48:59.651  8679  8706 W linker  : Warning: "/data/app/~~_KLlx60MH8CoecPTjMKp8g==/com.android.chrome-kw9RHYrlHKb9bPXi8OTClw==/base.apk!/lib/arm64-v8a/libchromium_android_linker.so" unused DT entry: unknown processor-specific (type 0x70000001 arg 0x0) (ignoring)
09-02 03:48:59.652  6835  6835 D Zygote  : Forked child process 8772
09-02 03:48:59.653  6835  6835 I Zygote  : Process 6985 exited due to signal 9 (Killed)
09-02 03:48:59.653  6835  6835 I Zygote  : Process 6948 exited due to signal 9 (Killed)
09-02 03:48:59.653  1513  1625 W ActivityManager: Slow operation: 1295ms so far, now at startProcess: returned from zygote!
09-02 03:48:59.654  8679  8706 E cr_ChromiumAndroidLinker: ReserveAddressWithHint: Address range starting at 0x7a38766000 was not free to use
09-02 03:48:59.658  6784  6784 E cr_IntentUtils: getBooleanExtra failed on intent null
09-02 03:48:59.658  6784  6784 E cr_IntentUtils: getBooleanExtra failed on intent null
09-02 03:48:59.658  8735  8735 I LoadedApk: No resource references to update in package com.google.android.trichromelibrary
09-02 03:48:59.658  8735  8735 D NetworkSecurityConfig: Using Network Security Config from resource 0_resource_name_obfuscated debugBuild: false
09-02 03:48:59.659  8735  8735 D NetworkSecurityConfig: Using Network Security Config from resource 0_resource_name_obfuscated debugBuild: false
09-02 03:48:59.660  8735  8735 I cr_SplitCompatApp: Launched version=107.0.5304.91 minSdkVersion=29 isBundle=true processName=com.android.chrome:sandboxed_process0:org.chromium.content.app.SandboxedProcessService0:62 isIsolated=true
09-02 03:48:59.662  8679  8767 I cr_LibraryLoader: Successfully loaded native library
09-02 03:48:59.663  6784  6784 I cr_TabWebContentsObs: renderProcessGone() for tab id: 8025, already needs reload: false
09-02 03:48:59.663  8679  8767 I cr_CachingUmaRecorder: Flushed 3 samples from 3 histograms.
09-02 03:48:59.665  6784  6784 I cr_tabmodel: #isIncognitoTabBeingRestored from tabDetails:  false
09-02 03:48:59.665  6784  6784 I cr_tabmodel: #isIncognitoTabBeingRestored from tabDetails:  false
09-02 03:48:59.665  6784  6784 W cr_tabmodel: Failed to restore TabState; creating Tab with last known URL.
09-02 03:48:59.670  8772  8772 E libc    : SetHeapTaggingLevel: re-enabling tagging after it was disabled is not supported
09-02 03:48:59.676  8735  8735 W SystemServiceRegistry: No service published for: uimode
09-02 03:48:59.679  6784  6784 E cr_IntentUtils: getBooleanExtra failed on intent null
09-02 03:48:59.679  6784  6784 E cr_IntentUtils: getBooleanExtra failed on intent null
09-02 03:48:59.681  8772  8772 E cessService0:6: Not starting debugger since process cannot load the jdwp agent.
09-02 03:48:59.682  8735  8735 I cr_ChildProcessService: Creating new ChildProcessService pid=8735
09-02 03:48:59.684  6784  6784 I cr_tabmodel: #isIncognitoTabBeingRestored from tabDetails:  false
09-02 03:48:59.685  6784  6784 I cr_tabmodel: #isIncognitoTabBeingRestored from tabDetails:  false
09-02 03:48:59.685  6784  6784 W cr_tabmodel: Failed to restore TabState; creating Tab with last known URL.
09-02 03:48:59.694  6835  6835 I Zygote  : Process 7063 exited due to signal 9 (Killed)
09-02 03:48:59.702  6835  6835 I Zygote  : Process 7027 exited due to signal 9 (Killed)
09-02 03:48:59.705  6784  6784 E cr_IntentUtils: getBooleanExtra failed on intent null
09-02 03:48:59.705  6784  6784 E cr_IntentUtils: getBooleanExtra failed on intent null
09-02 03:48:59.708  6784  6784 I cr_TabWebContentsObs: renderProcessGone() for tab id: 8031, already needs reload: false
09-02 03:48:59.710  6784  6784 I cr_TabWebContentsObs: renderProcessGone() for tab id: 8029, already needs reload: false
09-02 03:48:59.715  6784  6784 I cr_tabmodel: #isIncognitoTabBeingRestored from tabDetails:  false
09-02 03:48:59.715  6784  6784 I cr_tabmodel: #isIncognitoTabBeingRestored from tabDetails:  false
09-02 03:48:59.715  6784  6784 W cr_tabmodel: Failed to restore TabState; creating Tab with last known URL.
09-02 03:48:59.720  1513  1625 W ActivityManager: Slow operation: 1361ms so far, now at startProcess: done updating battery stats
09-02 03:48:59.720  1513  1625 W ActivityManager: Slow operation: 1361ms so far, now at startProcess: building log message
09-02 03:48:59.720  1513  1625 I ActivityManager: Start proc 8772:com.android.chrome:sandboxed_process0:org.chromium.content.app.SandboxedProcessService0:63/u0ai63 for  {com.android.chrome/org.chromium.content.app.SandboxedProcessService0:63}
09-02 03:48:59.720  1513  1625 W ActivityManager: Slow operation: 1362ms so far, now at startProcess: starting to update pids map
09-02 03:48:59.720  1513  1651 D KernelCpuUidUserSysTimeReader: Removing uids 90000-90000
09-02 03:48:59.720  1513  1625 W ActivityManager: Slow operation: 1362ms so far, now at startProcess: done updating pids map
09-02 03:48:59.720  1513  1625 W ActivityManager: Slow operation: 1331ms so far, now at startProcess: asking zygote to start proc
09-02 03:48:59.721  1513  1625 D CompatibilityChangeReporter: Compat change id reported: 143937733; UID 10220; state: ENABLED
09-02 03:48:59.721  1513  1651 D KernelCpuUidUserSysTimeReader: Removing uids 90003-90003
09-02 03:48:59.721  1513  1651 D KernelCpuUidUserSysTimeReader: Removing uids 90004-90004
09-02 03:48:59.722  1513  1651 D KernelCpuUidUserSysTimeReader: Removing uids 90005-90005
09-02 03:48:59.723  1513  1651 D KernelCpuUidUserSysTimeReader: Removing uids 90006-90006
09-02 03:48:59.723  1513  1651 D KernelCpuUidUserSysTimeReader: Removing uids 90007-90007
09-02 03:48:59.724  1513  1651 D KernelCpuUidUserSysTimeReader: Removing uids 90015-90015
09-02 03:48:59.724  1513  1651 D KernelCpuUidUserSysTimeReader: Removing uids 90002-90002
09-02 03:48:59.724  1513  1651 D KernelCpuUidUserSysTimeReader: Removing uids 90018-90018
09-02 03:48:59.725  1513  1651 D KernelCpuUidUserSysTimeReader: Removing uids 90009-90009
09-02 03:48:59.726  1513  1651 D KernelCpuUidUserSysTimeReader: Removing uids 90019-90019
09-02 03:48:59.726  6784  6784 E cr_IntentUtils: getBooleanExtra failed on intent null
09-02 03:48:59.726  6784  6784 E cr_IntentUtils: getBooleanExtra failed on intent null
09-02 03:48:59.726  1513  1651 D KernelCpuUidUserSysTimeReader: Removing uids 90021-90021
09-02 03:48:59.726  1513  1651 D KernelCpuUidUserSysTimeReader: Removing uids 90023-90023
09-02 03:48:59.726  1513  1651 D KernelCpuUidUserSysTimeReader: Removing uids 90024-90024
09-02 03:48:59.727  1513  1651 D KernelCpuUidUserSysTimeReader: Removing uids 90017-90017
09-02 03:48:59.727  1513  1651 D KernelCpuUidUserSysTimeReader: Removing uids 90008-90008
09-02 03:48:59.727  1513  1651 D KernelCpuUidUserSysTimeReader: Removing uids 90026-90026
09-02 03:48:59.727  1513  1651 D KernelCpuUidUserSysTimeReader: Removing uids 90014-90014
09-02 03:48:59.727  1513  1651 D KernelCpuUidUserSysTimeReader: Removing uids 90020-90020
09-02 03:48:59.728  1513  1651 D KernelCpuUidUserSysTimeReader: Removing uids 90025-90025
09-02 03:48:59.728  1513  1651 D KernelCpuUidUserSysTimeReader: Removing uids 90016-90016
09-02 03:48:59.728  1513  1651 D KernelCpuUidUserSysTimeReader: Removing uids 90013-90013
09-02 03:48:59.728  1513  1651 D KernelCpuUidUserSysTimeReader: Removing uids 90010-90010
09-02 03:48:59.729  1513  1651 D KernelCpuUidUserSysTimeReader: Removing uids 90022-90022
09-02 03:48:59.729  1513  1651 D KernelCpuUidUserSysTimeReader: Removing uids 90011-90011
09-02 03:48:59.729  1513  1651 D KernelCpuUidUserSysTimeReader: Removing uids 90012-90012
09-02 03:48:59.730  1513  1651 D KernelCpuUidUserSysTimeReader: Removing uids 90027-90027
09-02 03:48:59.730  6784  6784 I cr_tabmodel: #isIncognitoTabBeingRestored from tabDetails:  false
09-02 03:48:59.730  6784  6784 I cr_tabmodel: #isIncognitoTabBeingRestored from tabDetails:  false
09-02 03:48:59.730  6784  6784 W cr_tabmodel: Failed to restore TabState; creating Tab with last known URL.
09-02 03:48:59.730  1513  1651 D KernelCpuUidUserSysTimeReader: Removing uids 90099-90099
09-02 03:48:59.730  1513  1651 D KernelCpuUidUserSysTimeReader: Removing uids 99205-99205
09-02 03:48:59.731  1513  1651 D KernelCpuUidUserSysTimeReader: Removing uids 99198-99198
09-02 03:48:59.731  1513  1651 D KernelCpuUidUserSysTimeReader: Removing uids 90006-90006
09-02 03:48:59.731  1513  1651 D KernelCpuUidUserSysTimeReader: Removing uids 99191-99191
09-02 03:48:59.732  1513  1651 D KernelCpuUidUserSysTimeReader: Removing uids 90088-90088
09-02 03:48:59.732  1513  1651 D KernelCpuUidUserSysTimeReader: Removing uids 90098-90098
09-02 03:48:59.732  1513  1651 D KernelCpuUidUserSysTimeReader: Removing uids 90083-90083
09-02 03:48:59.733  1513  1651 D KernelCpuUidUserSysTimeReader: Removing uids 99197-99197
09-02 03:48:59.733  1513  1651 D KernelCpuUidUserSysTimeReader: Removing uids 90030-90030
09-02 03:48:59.733  1513  1651 D KernelCpuUidUserSysTimeReader: Removing uids 90084-90084
09-02 03:48:59.733  1513  1651 D KernelCpuUidUserSysTimeReader: Removing uids 90077-90077
09-02 03:48:59.733  1513  1651 D KernelCpuUidUserSysTimeReader: Removing uids 90085-90085
09-02 03:48:59.733  1513  1651 D KernelCpuUidUserSysTimeReader: Removing uids 90065-90065
09-02 03:48:59.734  1513  1651 D KernelCpuUidUserSysTimeReader: Removing uids 90060-90060
09-02 03:48:59.734  1513  1651 D KernelCpuUidUserSysTimeReader: Removing uids 90043-90043
09-02 03:48:59.734  1513  1651 D KernelCpuUidUserSysTimeReader: Removing uids 99196-99196
09-02 03:48:59.734  1513  1651 D KernelCpuUidUserSysTimeReader: Removing uids 90075-90075
09-02 03:48:59.734  1513  1651 D KernelCpuUidUserSysTimeReader: Removing uids 90008-90008
09-02 03:48:59.734  1513  1651 D KernelCpuUidUserSysTimeReader: Removing uids 90035-90035
09-02 03:48:59.735  1513  1651 D KernelCpuUidUserSysTimeReader: Removing uids 90070-90070
09-02 03:48:59.735  1513  1651 D KernelCpuUidUserSysTimeReader: Removing uids 90031-90031
09-02 03:48:59.735  1513  1651 D KernelCpuUidUserSysTimeReader: Removing uids 90064-90064
09-02 03:48:59.735  1513  1651 D KernelCpuUidUserSysTimeReader: Removing uids 90066-90066
09-02 03:48:59.735  1513  1651 D KernelCpuUidUserSysTimeReader: Removing uids 90057-90057
09-02 03:48:59.735  1513  1651 D KernelCpuUidUserSysTimeReader: Removing uids 90078-90078
09-02 03:48:59.736  1513  1651 D KernelCpuUidUserSysTimeReader: Removing uids 90054-90054
09-02 03:48:59.736  1513  1651 D KernelCpuUidUserSysTimeReader: Removing uids 90061-90061
09-02 03:48:59.736  1513  1651 D KernelCpuUidUserSysTimeReader: Removing uids 99190-99190
09-02 03:48:59.736  1513  1651 D KernelCpuUidUserSysTimeReader: Removing uids 90050-90050
09-02 03:48:59.737  1513  1651 D KernelCpuUidUserSysTimeReader: Removing uids 90062-90062
09-02 03:48:59.737  1513  1651 D KernelCpuUidUserSysTimeReader: Removing uids 90033-90033
09-02 03:48:59.737  1513  1651 D KernelCpuUidUserSysTimeReader: Removing uids 99207-99207
09-02 03:48:59.737  1513  1651 D KernelCpuUidUserSysTimeReader: Removing uids 90001-90001
09-02 03:48:59.737  1513  1651 D KernelCpuUidUserSysTimeReader: Removing uids 90005-90005
09-02 03:48:59.738  1513  1651 D KernelCpuUidUserSysTimeReader: Removing uids 90007-90007
09-02 03:48:59.738  1513  1651 D KernelCpuUidUserSysTimeReader: Removing uids 90032-90032
09-02 03:48:59.738  1513  1651 D KernelCpuUidUserSysTimeReader: Removing uids 90063-90063
09-02 03:48:59.738  1513  1651 D KernelCpuUidUserSysTimeReader: Removing uids 90079-90079
09-02 03:48:59.738  1513  1651 D KernelCpuUidUserSysTimeReader: Removing uids 90003-90003
09-02 03:48:59.739  1513  1651 D KernelCpuUidUserSysTimeReader: Removing uids 90092-90092
09-02 03:48:59.739  1513  1651 D KernelCpuUidUserSysTimeReader: Removing uids 90041-90041
09-02 03:48:59.739  1513  1651 D KernelCpuUidUserSysTimeReader: Removing uids 90058-90058
09-02 03:48:59.739  1513  1651 D KernelCpuUidUserSysTimeReader: Removing uids 90069-90069
09-02 03:48:59.739  1513  1651 D KernelCpuUidUserSysTimeReader: Removing uids 99192-99192
09-02 03:48:59.740  1513  1651 D KernelCpuUidUserSysTimeReader: Removing uids 90095-90095
09-02 03:48:59.740  6784  6784 E cr_IntentUtils: getBooleanExtra failed on intent null
09-02 03:48:59.740  6784  6784 E cr_IntentUtils: getBooleanExtra failed on intent null
09-02 03:48:59.740  1513  1651 D KernelCpuUidUserSysTimeReader: Removing uids 90000-90000
09-02 03:48:59.740  1513  1651 D KernelCpuUidUserSysTimeReader: Removing uids 90034-90034
09-02 03:48:59.740  1513  1651 D KernelCpuUidUserSysTimeReader: Removing uids 99204-99204
09-02 03:48:59.740  1513  1651 D KernelCpuUidUserSysTimeReader: Removing uids 90028-90028
09-02 03:48:59.740  1513  1651 D KernelCpuUidUserSysTimeReader: Removing uids 90040-90040
09-02 03:48:59.741  1513  1651 D KernelCpuUidUserSysTimeReader: Removing uids 90093-90093
09-02 03:48:59.741  1513  1651 D KernelCpuUidUserSysTimeReader: Removing uids 99195-99195
09-02 03:48:59.741  1513  1651 D KernelCpuUidUserSysTimeReader: Removing uids 99203-99203
09-02 03:48:59.741  1513  1651 D KernelCpuUidUserSysTimeReader: Removing uids 90048-90048
09-02 03:48:59.741  1513  1651 D KernelCpuUidUserSysTimeReader: Removing uids 90067-90067
09-02 03:48:59.741  1513  1651 D KernelCpuUidUserSysTimeReader: Removing uids 90004-90004
09-02 03:48:59.742  1513  1651 D KernelCpuUidUserSysTimeReader: Removing uids 90080-90080
09-02 03:48:59.742  1513  1651 D KernelCpuUidUserSysTimeReader: Removing uids 90037-90037
09-02 03:48:59.742  1513  1651 D KernelCpuUidUserSysTimeReader: Removing uids 99206-99206
09-02 03:48:59.742  1513  1651 D KernelCpuUidUserSysTimeReader: Removing uids 90081-90081
09-02 03:48:59.742  1513  1651 D KernelCpuUidUserSysTimeReader: Removing uids 90045-90045
09-02 03:48:59.743  1513  1651 D KernelCpuUidUserSysTimeReader: Removing uids 90055-90055
09-02 03:48:59.743  1513  1651 D KernelCpuUidUserSysTimeReader: Removing uids 90091-90091
09-02 03:48:59.743  1513  1651 D KernelCpuUidUserSysTimeReader: Removing uids 90068-90068
09-02 03:48:59.743  1513  1651 D KernelCpuUidUserSysTimeReader: Removing uids 90071-90071
09-02 03:48:59.743  1513  1651 D KernelCpuUidUserSysTimeReader: Removing uids 99202-99202
09-02 03:48:59.743  6784  6784 I cr_tabmodel: #isIncognitoTabBeingRestored from tabDetails:  false
09-02 03:48:59.743  6784  6784 I cr_tabmodel: #isIncognitoTabBeingRestored from tabDetails:  false
09-02 03:48:59.743  1513  1651 D KernelCpuUidUserSysTimeReader: Removing uids 99199-99199
09-02 03:48:59.743  6784  6784 W cr_tabmodel: Failed to restore TabState; creating Tab with last known URL.
09-02 03:48:59.744  1513  1651 D KernelCpuUidUserSysTimeReader: Removing uids 90056-90056
09-02 03:48:59.744  1513  1651 D KernelCpuUidUserSysTimeReader: Removing uids 90076-90076
09-02 03:48:59.744  1513  1651 D KernelCpuUidUserSysTimeReader: Removing uids 90094-90094
09-02 03:48:59.744  6835  6835 D Zygote  : Forked child process 8829
09-02 03:48:59.745  1513  1651 D KernelCpuUidUserSysTimeReader: Removing uids 90053-90053
