09-02 03:50:33.128  1513  3223 E ProcessStats: Binding service ServiceState{cf3a3d8 org.chromium.content.app.SandboxedProcessService0 pkg=com.android.chrome proc=b8c331} without owner
09-02 03:50:33.129  1513  3223 E ProcessStats: Starting service ServiceState{cf3a3d8 org.chromium.content.app.SandboxedProcessService0 pkg=com.android.chrome proc=b8c331} without owner
09-02 03:50:33.129  1513  3223 E ProcessStats: Binding service ServiceState{cf3a3d8 org.chromium.content.app.SandboxedProcessService0 pkg=com.android.chrome proc=b8c331} without owner
09-02 03:50:33.130  1513  3223 I ActivityManager: Killing 12165:com.android.chrome:sandboxed_process0:org.chromium.content.app.SandboxedProcessService0:18/u0a220i-8982 (adj 0): isolated not needed
09-02 03:50:33.130 11567 11567 E cr_IntentUtils: getBooleanExtra failed on intent null
09-02 03:50:33.130 11567 11567 E cr_IntentUtils: getBooleanExtra failed on intent null
09-02 03:50:33.130  1513  1640 I libprocessgroup: Successfully killed process cgroup uid 90018 pid 12165 in 0ms
09-02 03:50:33.137 11567 11567 I cr_tabmodel: #isIncognitoTabBeingRestored from tabDetails:  false
09-02 03:50:33.137 11567 11567 I cr_tabmodel: #isIncognitoTabBeingRestored from tabDetails:  false
09-02 03:50:33.137 11567 11567 W cr_tabmodel: Failed to restore TabState; creating Tab with last known URL.
09-02 03:50:33.140 11623 11623 D Zygote  : Forked child process 13494
09-02 03:50:33.141  1513  1625 W ActivityManager: Slow operation: 1410ms so far, now at startProcess: returned from zygote!
09-02 03:50:33.141  1513  1625 W ActivityManager: Slow operation: 1410ms so far, now at startProcess: done updating battery stats
09-02 03:50:33.141  1513  1625 W ActivityManager: Slow operation: 1410ms so far, now at startProcess: building log message
09-02 03:50:33.141  1513  1625 I ActivityManager: Start proc 13494:com.android.chrome:sandboxed_process0:org.chromium.content.app.SandboxedProcessService0:63/u0ai63 for  {com.android.chrome/org.chromium.content.app.SandboxedProcessService0:63}
09-02 03:50:33.141  1513  1625 W ActivityManager: Slow operation: 1410ms so far, now at startProcess: starting to update pids map
09-02 03:50:33.141  1513  1625 W ActivityManager: Slow operation: 1410ms so far, now at startProcess: done updating pids map
09-02 03:50:33.141  1513  1625 W ActivityManager: Slow operation: 1382ms so far, now at startProcess: asking zygote to start proc
09-02 03:50:33.142  1513  1625 D CompatibilityChangeReporter: Compat change id reported: 143937733; UID 10220; state: ENABLED
09-02 03:50:33.145 11567 11622 W cr_ChildConnAllocator: Ran out of UIDs to allocate.
09-02 03:50:33.146  1513  3223 W ActivityManager: Failed making new process record for com.android.chrome:sandboxed_process0:org.chromium.content.app.SandboxedProcessService0:115/10220 isolated=true
09-02 03:50:33.146  1513  3223 W ActivityManager: Unable to launch app com.android.chrome/10220 for service Intent { cmp=com.android.chrome/org.chromium.content.app.SandboxedProcessService0 }: process is bad
09-02 03:50:33.146  1513  3223 E ProcessStats: Service owner ServiceRecord{7470057 u0 com.android.chrome/org.chromium.content.app.SandboxedProcessService0:115} cleared while exec: pkg=com.android.chrome service=org.chromium.content.app.SandboxedProcessService0 proc=ProcessState{b8c331 com.android.chrome:sandboxed_process0/10220 pkg=com.android.chrome}
09-02 03:50:33.146  1513  3223 E ProcessStats: android.util.Log$TerribleFailure: Service owner ServiceRecord{7470057 u0 com.android.chrome/org.chromium.content.app.SandboxedProcessService0:115} cleared while exec: pkg=com.android.chrome service=org.chromium.content.app.SandboxedProcessService0 proc=ProcessState{b8c331 com.android.chrome:sandboxed_process0/10220 pkg=com.android.chrome}
09-02 03:50:33.146  1513  3223 E ProcessStats: 	at android.util.Log.wtf(Log.java:313)
09-02 03:50:33.146  1513  3223 E ProcessStats: 	at android.util.Slog.wtfStack(Slog.java:111)
09-02 03:50:33.146  1513  3223 E ProcessStats: 	at com.android.internal.app.procstats.ServiceState.clearCurrentOwner(ServiceState.java:187)
09-02 03:50:33.146  1513  3223 E ProcessStats: 	at com.android.server.am.ActiveServices.bringDownServiceLocked(ActiveServices.java:3424)
09-02 03:50:33.146  1513  3223 E ProcessStats: 	at com.android.server.am.ActiveServices.bringUpServiceLocked(ActiveServices.java:2955)
09-02 03:50:33.146  1513  3223 E ProcessStats: 	at com.android.server.am.ActiveServices.bindServiceLocked(ActiveServices.java:2064)
09-02 03:50:33.146  1513  3223 E ProcessStats: 	at com.android.server.am.ActivityManagerService.bindIsolatedService(ActivityManagerService.java:15169)
09-02 03:50:33.146  1513  3223 E ProcessStats: 	at android.app.IActivityManager$Stub.onTransact(IActivityManager.java:2563)
09-02 03:50:33.146  1513  3223 E ProcessStats: 	at com.android.server.am.ActivityManagerService.onTransact(ActivityManagerService.java:2867)
09-02 03:50:33.146  1513  3223 E ProcessStats: 	at android.os.Binder.execTransactInternal(Binder.java:1154)
09-02 03:50:33.146  1513  3223 E ProcessStats: 	at android.os.Binder.execTransact(Binder.java:1123)
09-02 03:50:33.147 11567 11622 W cr_ChildProcessConn: Fallback to ComponentInfo{com.android.chrome/org.chromium.content.app.SandboxedProcessService1}
09-02 03:50:33.150 11567 11567 E cr_IntentUtils: getBooleanExtra failed on intent null
09-02 03:50:33.150 11567 11567 E cr_IntentUtils: getBooleanExtra failed on intent null
09-02 03:50:33.153  1513  3223 E ProcessStats: Executing service ServiceState{cf3a3d8 org.chromium.content.app.SandboxedProcessService0 pkg=com.android.chrome proc=b8c331} without owner
09-02 03:50:33.154  1513  3223 E ProcessStats: Binding service ServiceState{cf3a3d8 org.chromium.content.app.SandboxedProcessService0 pkg=com.android.chrome proc=b8c331} without owner
09-02 03:50:33.154  1513  3223 E ProcessStats: Starting service ServiceState{cf3a3d8 org.chromium.content.app.SandboxedProcessService0 pkg=com.android.chrome proc=b8c331} without owner
09-02 03:50:33.154  1513  3223 E ProcessStats: Binding service ServiceState{cf3a3d8 org.chromium.content.app.SandboxedProcessService0 pkg=com.android.chrome proc=b8c331} without owner
09-02 03:50:33.155  1513  3223 I ActivityManager: Killing 12197:com.android.chrome:sandboxed_process0:org.chromium.content.app.SandboxedProcessService0:19/u0a220i-8981 (adj 0): isolated not needed
09-02 03:50:33.155  1513  1640 I libprocessgroup: Successfully killed process cgroup uid 90019 pid 12197 in 0ms
09-02 03:50:33.156 11567 11567 I cr_tabmodel: #isIncognitoTabBeingRestored from tabDetails:  false
09-02 03:50:33.156 11567 11567 I cr_tabmodel: #isIncognitoTabBeingRestored from tabDetails:  false
09-02 03:50:33.156 11567 11567 W cr_tabmodel: Failed to restore TabState; creating Tab with last known URL.
09-02 03:50:33.159  1513  1536 W ActivityManager: Failed making new process record for com.android.chrome:sandboxed_process0:org.chromium.content.app.SandboxedProcessService0:116/10220 isolated=true
09-02 03:50:33.159  1513  1536 W ActivityManager: Unable to launch app com.android.chrome/10220 for service Intent { cmp=com.android.chrome/org.chromium.content.app.SandboxedProcessService0 }: process is bad
09-02 03:50:33.159  1513  1536 E ProcessStats: Service owner ServiceRecord{bdfa2ba u0 com.android.chrome/org.chromium.content.app.SandboxedProcessService0:116} cleared while exec: pkg=com.android.chrome service=org.chromium.content.app.SandboxedProcessService0 proc=ProcessState{b8c331 com.android.chrome:sandboxed_process0/10220 pkg=com.android.chrome}
09-02 03:50:33.159  1513  1536 E ProcessStats: android.util.Log$TerribleFailure: Service owner ServiceRecord{bdfa2ba u0 com.android.chrome/org.chromium.content.app.SandboxedProcessService0:116} cleared while exec: pkg=com.android.chrome service=org.chromium.content.app.SandboxedProcessService0 proc=ProcessState{b8c331 com.android.chrome:sandboxed_process0/10220 pkg=com.android.chrome}
09-02 03:50:33.159  1513  1536 E ProcessStats: 	at android.util.Log.wtf(Log.java:313)
09-02 03:50:33.159  1513  1536 E ProcessStats: 	at android.util.Slog.wtfStack(Slog.java:111)
09-02 03:50:33.159  1513  1536 E ProcessStats: 	at com.android.internal.app.procstats.ServiceState.clearCurrentOwner(ServiceState.java:187)
09-02 03:50:33.159  1513  1536 E ProcessStats: 	at com.android.server.am.ActiveServices.bringDownServiceLocked(ActiveServices.java:3424)
09-02 03:50:33.159  1513  1536 E ProcessStats: 	at com.android.server.am.ActiveServices.bringUpServiceLocked(ActiveServices.java:2955)
09-02 03:50:33.159  1513  1536 E ProcessStats: 	at com.android.server.am.ActiveServices.bindServiceLocked(ActiveServices.java:2064)
09-02 03:50:33.159  1513  1536 E ProcessStats: 	at com.android.server.am.ActivityManagerService.bindIsolatedService(ActivityManagerService.java:15169)
09-02 03:50:33.159  1513  1536 E ProcessStats: 	at android.app.IActivityManager$Stub.onTransact(IActivityManager.java:2563)
09-02 03:50:33.159  1513  1536 E ProcessStats: 	at com.android.server.am.ActivityManagerService.onTransact(ActivityManagerService.java:2867)
09-02 03:50:33.159  1513  1536 E ProcessStats: 	at android.os.Binder.execTransactInternal(Binder.java:1154)
09-02 03:50:33.159  1513  1536 E ProcessStats: 	at android.os.Binder.execTransact(Binder.java:1123)
09-02 03:50:33.160 13494 13494 E libc    : SetHeapTaggingLevel: re-enabling tagging after it was disabled is not supported
09-02 03:50:33.163 11567 11622 W cr_ChildProcessConn: Fallback to ComponentInfo{com.android.chrome/org.chromium.content.app.SandboxedProcessService1}
09-02 03:50:33.168 11567 11622 W cr_ChildConnAllocator: Ran out of UIDs to allocate.
09-02 03:50:33.169  1513  1536 E ProcessStats: Executing service ServiceState{cf3a3d8 org.chromium.content.app.SandboxedProcessService0 pkg=com.android.chrome proc=b8c331} without owner
09-02 03:50:33.170 13494 13494 E cessService0:6: Not starting debugger since process cannot load the jdwp agent.
09-02 03:50:33.170  1513  1536 E ProcessStats: Binding service ServiceState{cf3a3d8 org.chromium.content.app.SandboxedProcessService0 pkg=com.android.chrome proc=b8c331} without owner
09-02 03:50:33.171  1513  1536 E ProcessStats: Starting service ServiceState{cf3a3d8 org.chromium.content.app.SandboxedProcessService0 pkg=com.android.chrome proc=b8c331} without owner
09-02 03:50:33.172  1513  1536 E ProcessStats: Binding service ServiceState{cf3a3d8 org.chromium.content.app.SandboxedProcessService0 pkg=com.android.chrome proc=b8c331} without owner
09-02 03:50:33.172 12232 12232 I cr_ChildProcessService: Destroying ChildProcessService pid=12232
09-02 03:50:33.173 11567 11567 E cr_IntentUtils: getBooleanExtra failed on intent null
09-02 03:50:33.173 11567 11567 E cr_IntentUtils: getBooleanExtra failed on intent null
09-02 03:50:33.173  1513  1536 I ActivityManager: Killing 12232:com.android.chrome:sandboxed_process0:org.chromium.content.app.SandboxedProcessService0:20/u0a220i-8980 (adj 0): isolated not needed
09-02 03:50:33.174  1513  1640 I libprocessgroup: Successfully killed process cgroup uid 90020 pid 12232 in 0ms
09-02 03:50:33.178 11567 11567 I cr_tabmodel: #isIncognitoTabBeingRestored from tabDetails:  false
09-02 03:50:33.178 11567 11567 I cr_tabmodel: #isIncognitoTabBeingRestored from tabDetails:  false
09-02 03:50:33.178 11567 11567 W cr_tabmodel: Failed to restore TabState; creating Tab with last known URL.
09-02 03:50:33.185  1513  3240 E ProcessStats: Executing service ServiceState{cf3a3d8 org.chromium.content.app.SandboxedProcessService0 pkg=com.android.chrome proc=b8c331} without owner
09-02 03:50:33.186  1513  3240 D CompatibilityChangeReporter: Compat change id reported: 136274596; UID 10220; state: ENABLED
09-02 03:50:33.192 11567 11567 E cr_IntentUtils: getBooleanExtra failed on intent null
09-02 03:50:33.192 11567 11567 E cr_IntentUtils: getBooleanExtra failed on intent null
09-02 03:50:33.198 11567 11567 I cr_TabWebContentsObs: renderProcessGone() for tab id: 8154, already needs reload: false
09-02 03:50:33.202 11567 11567 I cr_tabmodel: #isIncognitoTabBeingRestored from tabDetails:  false
09-02 03:50:33.202 11567 11567 I cr_tabmodel: #isIncognitoTabBeingRestored from tabDetails:  false
09-02 03:50:33.202 11567 11567 W cr_tabmodel: Failed to restore TabState; creating Tab with last known URL.
09-02 03:50:33.207 13494 13494 I LoadedApk: No resource references to update in package com.google.android.trichromelibrary
09-02 03:50:33.207 13494 13494 D NetworkSecurityConfig: Using Network Security Config from resource 0_resource_name_obfuscated debugBuild: false
09-02 03:50:33.208 13494 13494 D NetworkSecurityConfig: Using Network Security Config from resource 0_resource_name_obfuscated debugBuild: false
09-02 03:50:33.210 13494 13494 I cr_SplitCompatApp: Launched version=107.0.5304.91 minSdkVersion=29 isBundle=true processName=com.android.chrome:sandboxed_process0:org.chromium.content.app.SandboxedProcessService0:63 isIsolated=true
09-02 03:50:33.213 11567 11567 E cr_IntentUtils: getBooleanExtra failed on intent null
09-02 03:50:33.213 11567 11567 E cr_IntentUtils: getBooleanExtra failed on intent null
09-02 03:50:33.216 11567 11567 I cr_tabmodel: #isIncognitoTabBeingRestored from tabDetails:  false
09-02 03:50:33.216 11567 11567 I cr_tabmodel: #isIncognitoTabBeingRestored from tabDetails:  false
09-02 03:50:33.216 11567 11567 W cr_tabmodel: Failed to restore TabState; creating Tab with last known URL.
09-02 03:50:33.222 13494 13494 W SystemServiceRegistry: No service published for: uimode
09-02 03:50:33.226 11567 11567 E cr_IntentUtils: getBooleanExtra failed on intent null
09-02 03:50:33.226 11567 11567 E cr_IntentUtils: getBooleanExtra failed on intent null
09-02 03:50:33.227 13494 13494 I cr_ChildProcessService: Creating new ChildProcessService pid=13494
09-02 03:50:33.229 11567 11567 I cr_tabmodel: #isIncognitoTabBeingRestored from tabDetails:  false
09-02 03:50:33.229 11567 11567 I cr_tabmodel: #isIncognitoTabBeingRestored from tabDetails:  false
09-02 03:50:33.229 11567 11567 W cr_tabmodel: Failed to restore TabState; creating Tab with last known URL.
09-02 03:50:33.238  1513  2013 D CompatibilityChangeReporter: Compat change id reported: 135634846; UID 10220; state: DISABLED
09-02 03:50:33.238  1513  2013 D CompatibilityChangeReporter: Compat change id reported: 135754954; UID 10220; state: ENABLED
09-02 03:50:33.239 11567 11567 E cr_IntentUtils: getBooleanExtra failed on intent null
09-02 03:50:33.239 11567 11567 E cr_IntentUtils: getBooleanExtra failed on intent null
09-02 03:50:33.242 11567 11567 I cr_tabmodel: #isIncognitoTabBeingRestored from tabDetails:  false
09-02 03:50:33.242 11567 11567 I cr_tabmodel: #isIncognitoTabBeingRestored from tabDetails:  false
09-02 03:50:33.242 11567 11567 W cr_tabmodel: Failed to restore TabState; creating Tab with last known URL.
09-02 03:50:33.249 11567 11622 W cr_ChildConnAllocator: Ran out of UIDs to allocate.
09-02 03:50:33.252 11567 11567 E cr_IntentUtils: getBooleanExtra failed on intent null
09-02 03:50:33.252 11567 11567 E cr_IntentUtils: getBooleanExtra failed on intent null
09-02 03:50:33.253  1513  2180 I ActivityManager: Killing 12272:com.android.chrome:sandboxed_process0:org.chromium.content.app.SandboxedProcessService0:21/u0a220i-8979 (adj 0): isolated not needed
09-02 03:50:33.256 11567 11567 I cr_tabmodel: #isIncognitoTabBeingRestored from tabDetails:  false
09-02 03:50:33.256 11567 11567 I cr_tabmodel: #isIncognitoTabBeingRestored from tabDetails:  false
09-02 03:50:33.256 11567 11567 W cr_tabmodel: Failed to restore TabState; creating Tab with last known URL.
09-02 03:50:33.256 11567 11622 W cr_ChildConnAllocator: Ran out of UIDs to allocate.
09-02 03:50:33.256  1513  1640 I libprocessgroup: Successfully killed process cgroup uid 90021 pid 12272 in 0ms
09-02 03:50:33.257 11567 11622 W cr_ChildConnAllocator: Ran out of UIDs to allocate.
09-02 03:50:33.258 11567 11622 I chatty  : uid=10220(com.android.chrome) identical 2 lines
09-02 03:50:33.265 11567 11622 W cr_ChildConnAllocator: Ran out of UIDs to allocate.
09-02 03:50:33.265 13494 13511 I cr_LibraryLoader: Using ModernLinker
09-02 03:50:33.265 11567 11567 E cr_IntentUtils: getBooleanExtra failed on intent null
09-02 03:50:33.265 11567 11567 E cr_IntentUtils: getBooleanExtra failed on intent null
09-02 03:50:33.267  1513  2180 W ActivityManager: Failed making new process record for com.android.chrome:sandboxed_process0:org.chromium.content.app.SandboxedProcessService0:118/10220 isolated=true
09-02 03:50:33.267  1513  2180 W ActivityManager: Unable to launch app com.android.chrome/10220 for service Intent { cmp=com.android.chrome/org.chromium.content.app.SandboxedProcessService0 }: process is bad
09-02 03:50:33.267 13494 13511 W linker  : Warning: "/data/app/~~_KLlx60MH8CoecPTjMKp8g==/com.android.chrome-kw9RHYrlHKb9bPXi8OTClw==/base.apk!/lib/arm64-v8a/libchromium_android_linker.so" unused DT entry: unknown processor-specific (type 0x70000001 arg 0x0) (ignoring)
09-02 03:50:33.269 11567 11567 I cr_tabmodel: #isIncognitoTabBeingRestored from tabDetails:  false
09-02 03:50:33.269 11567 11567 I cr_tabmodel: #isIncognitoTabBeingRestored from tabDetails:  false
09-02 03:50:33.269 13494 13511 E cr_ChromiumAndroidLinker: ReserveAddressWithHint: Address range starting at 0x7a38716000 was not free to use
09-02 03:50:33.269 11567 11567 W cr_tabmodel: Failed to restore TabState; creating Tab with last known URL.
09-02 03:50:33.271 11567 11622 W cr_ChildProcessConn: Fallback to ComponentInfo{com.android.chrome/org.chromium.content.app.SandboxedProcessService1}
09-02 03:50:33.274  1513  2013 E ProcessStats: Executing service ServiceState{cf3a3d8 org.chromium.content.app.SandboxedProcessService0 pkg=com.android.chrome proc=b8c331} without owner
09-02 03:50:33.274  1513  2013 E ProcessStats: Binding service ServiceState{cf3a3d8 org.chromium.content.app.SandboxedProcessService0 pkg=com.android.chrome proc=b8c331} without owner
09-02 03:50:33.274  1513  2013 E ProcessStats: Starting service ServiceState{cf3a3d8 org.chromium.content.app.SandboxedProcessService0 pkg=com.android.chrome proc=b8c331} without owner
09-02 03:50:33.275  1513  2013 E ProcessStats: Binding service ServiceState{cf3a3d8 org.chromium.content.app.SandboxedProcessService0 pkg=com.android.chrome proc=b8c331} without owner
09-02 03:50:33.275  1513  2013 I ActivityManager: Killing 12292:com.android.chrome:sandboxed_process0:org.chromium.content.app.SandboxedProcessService0:22/u0a220i-8978 (adj 0): isolated not needed
09-02 03:50:33.276  1513  1640 I libprocessgroup: Successfully killed process cgroup uid 90022 pid 12292 in 0ms
09-02 03:50:33.280 11567 11622 W cr_ChildConnAllocator: Ran out of UIDs to allocate.
09-02 03:50:33.283 13494 13517 I cr_LibraryLoader: Successfully loaded native library
09-02 03:50:33.284 11567 11567 E cr_IntentUtils: getBooleanExtra failed on intent null
09-02 03:50:33.284 11567 11567 E cr_IntentUtils: getBooleanExtra failed on intent null
09-02 03:50:33.284  1513  2013 W ActivityManager: Failed making new process record for com.android.chrome:sandboxed_process0:org.chromium.content.app.SandboxedProcessService0:119/10220 isolated=true
09-02 03:50:33.284  1513  2013 W ActivityManager: Unable to launch app com.android.chrome/10220 for service Intent { cmp=com.android.chrome/org.chromium.content.app.SandboxedProcessService0 }: process is bad
09-02 03:50:33.285 13494 13517 I cr_CachingUmaRecorder: Flushed 3 samples from 3 histograms.
09-02 03:50:33.285  1513  2013 E ProcessStats: Service owner ServiceRecord{c96e1d4 u0 com.android.chrome/org.chromium.content.app.SandboxedProcessService0:119} cleared while exec: pkg=com.android.chrome service=org.chromium.content.app.SandboxedProcessService0 proc=ProcessState{b8c331 com.android.chrome:sandboxed_process0/10220 pkg=com.android.chrome}
09-02 03:50:33.285  1513  2013 E ProcessStats: android.util.Log$TerribleFailure: Service owner ServiceRecord{c96e1d4 u0 com.android.chrome/org.chromium.content.app.SandboxedProcessService0:119} cleared while exec: pkg=com.android.chrome service=org.chromium.content.app.SandboxedProcessService0 proc=ProcessState{b8c331 com.android.chrome:sandboxed_process0/10220 pkg=com.android.chrome}
09-02 03:50:33.285  1513  2013 E ProcessStats: 	at android.util.Log.wtf(Log.java:313)
09-02 03:50:33.285  1513  2013 E ProcessStats: 	at android.util.Slog.wtfStack(Slog.java:111)
09-02 03:50:33.285  1513  2013 E ProcessStats: 	at com.android.internal.app.procstats.ServiceState.clearCurrentOwner(ServiceState.java:187)
09-02 03:50:33.285  1513  2013 E ProcessStats: 	at com.android.server.am.ActiveServices.bringDownServiceLocked(ActiveServices.java:3424)
09-02 03:50:33.285  1513  2013 E ProcessStats: 	at com.android.server.am.ActiveServices.bringUpServiceLocked(ActiveServices.java:2955)
09-02 03:50:33.285  1513  2013 E ProcessStats: 	at com.android.server.am.ActiveServices.bindServiceLocked(ActiveServices.java:2064)
09-02 03:50:33.285  1513  2013 E ProcessStats: 	at com.android.server.am.ActivityManagerService.bindIsolatedService(ActivityManagerService.java:15169)
09-02 03:50:33.285  1513  2013 E ProcessStats: 	at android.app.IActivityManager$Stub.onTransact(IActivityManager.java:2563)
09-02 03:50:33.285  1513  2013 E ProcessStats: 	at com.android.server.am.ActivityManagerService.onTransact(ActivityManagerService.java:2867)
09-02 03:50:33.285  1513  2013 E ProcessStats: 	at android.os.Binder.execTransactInternal(Binder.java:1154)
09-02 03:50:33.285  1513  2013 E ProcessStats: 	at android.os.Binder.execTransact(Binder.java:1123)
09-02 03:50:33.290 11567 11567 I cr_tabmodel: #isIncognitoTabBeingRestored from tabDetails:  false
09-02 03:50:33.290 11567 11567 I cr_tabmodel: #isIncognitoTabBeingRestored from tabDetails:  false
09-02 03:50:33.290 11567 11567 W cr_tabmodel: Failed to restore TabState; creating Tab with last known URL.
09-02 03:50:33.294 11567 11622 W cr_ChildProcessConn: Fallback to ComponentInfo{com.android.chrome/org.chromium.content.app.SandboxedProcessService1}
09-02 03:50:33.298  1513  2013 E ProcessStats: Executing service ServiceState{cf3a3d8 org.chromium.content.app.SandboxedProcessService0 pkg=com.android.chrome proc=b8c331} without owner
09-02 03:50:33.299  1513  2013 E ProcessStats: Binding service ServiceState{cf3a3d8 org.chromium.content.app.SandboxedProcessService0 pkg=com.android.chrome proc=b8c331} without owner
09-02 03:50:33.300  1513  2013 E ProcessStats: Starting service ServiceState{cf3a3d8 org.chromium.content.app.SandboxedProcessService0 pkg=com.android.chrome proc=b8c331} without owner
09-02 03:50:33.301  1513  2013 E ProcessStats: Binding service ServiceState{cf3a3d8 org.chromium.content.app.SandboxedProcessService0 pkg=com.android.chrome proc=b8c331} without owner
09-02 03:50:33.301 12326 12326 I cr_ChildProcessService: Destroying ChildProcessService pid=12326
09-02 03:50:33.302 11567 11567 E cr_IntentUtils: getBooleanExtra failed on intent null
09-02 03:50:33.302 11567 11567 E cr_IntentUtils: getBooleanExtra failed on intent null
09-02 03:50:33.303  1513  2013 I ActivityManager: Killing 12326:com.android.chrome:sandboxed_process0:org.chromium.content.app.SandboxedProcessService0:23/u0a220i-8977 (adj 0): isolated not needed
09-02 03:50:33.303  1513  1640 I libprocessgroup: Successfully killed process cgroup uid 90023 pid 12326 in 0ms
09-02 03:50:33.306 11567 11567 I cr_tabmodel: #isIncognitoTabBeingRestored from tabDetails:  false
09-02 03:50:33.306 11567 11567 I cr_tabmodel: #isIncognitoTabBeingRestored from tabDetails:  false
09-02 03:50:33.306 11567 11567 W cr_tabmodel: Failed to restore TabState; creating Tab with last known URL.
09-02 03:50:33.313 11567 11622 W cr_ChildConnAllocator: Ran out of UIDs to allocate.
09-02 03:50:33.313 11567 11622 W cr_ChildConnAllocator: Ran out of UIDs to allocate.
09-02 03:50:33.315  1513  2013 W ActivityManager: Failed making new process record for com.android.chrome:sandboxed_process0:org.chromium.content.app.SandboxedProcessService0:120/10220 isolated=true
09-02 03:50:33.315  1513  2013 W ActivityManager: Unable to launch app com.android.chrome/10220 for service Intent { cmp=com.android.chrome/org.chromium.content.app.SandboxedProcessService0 }: process is bad
09-02 03:50:33.316  1513  2013 E ProcessStats: Service owner ServiceRecord{86d0bb1 u0 com.android.chrome/org.chromium.content.app.SandboxedProcessService0:120} cleared while exec: pkg=com.android.chrome service=org.chromium.content.app.SandboxedProcessService0 proc=ProcessState{b8c331 com.android.chrome:sandboxed_process0/10220 pkg=com.android.chrome}
09-02 03:50:33.316  1513  2013 E ProcessStats: android.util.Log$TerribleFailure: Service owner ServiceRecord{86d0bb1 u0 com.android.chrome/org.chromium.content.app.SandboxedProcessService0:120} cleared while exec: pkg=com.android.chrome service=org.chromium.content.app.SandboxedProcessService0 proc=ProcessState{b8c331 com.android.chrome:sandboxed_process0/10220 pkg=com.android.chrome}
09-02 03:50:33.316  1513  2013 E ProcessStats: 	at android.util.Log.wtf(Log.java:313)
09-02 03:50:33.316  1513  2013 E ProcessStats: 	at android.util.Slog.wtfStack(Slog.java:111)
09-02 03:50:33.316  1513  2013 E ProcessStats: 	at com.android.internal.app.procstats.ServiceState.clearCurrentOwner(ServiceState.java:187)
09-02 03:50:33.316  1513  2013 E ProcessStats: 	at com.android.server.am.ActiveServices.bringDownServiceLocked(ActiveServices.java:3424)
09-02 03:50:33.316  1513  2013 E ProcessStats: 	at com.android.server.am.ActiveServices.bringUpServiceLocked(ActiveServices.java:2955)
09-02 03:50:33.316  1513  2013 E ProcessStats: 	at com.android.server.am.ActiveServices.bindServiceLocked(ActiveServices.java:2064)
09-02 03:50:33.316  1513  2013 E ProcessStats: 	at com.android.server.am.ActivityManagerService.bindIsolatedService(ActivityManagerService.java:15169)
09-02 03:50:33.316  1513  2013 E ProcessStats: 	at android.app.IActivityManager$Stub.onTransact(IActivityManager.java:2563)
09-02 03:50:33.316  1513  2013 E ProcessStats: 	at com.android.server.am.ActivityManagerService.onTransact(ActivityManagerService.java:2867)
09-02 03:50:33.316  1513  2013 E ProcessStats: 	at android.os.Binder.execTransactInternal(Binder.java:1154)
09-02 03:50:33.316  1513  2013 E ProcessStats: 	at android.os.Binder.execTransact(Binder.java:1123)
09-02 03:50:33.316 11567 11567 E cr_IntentUtils: getBooleanExtra failed on intent null
09-02 03:50:33.316 11567 11567 E cr_IntentUtils: getBooleanExtra failed on intent null
09-02 03:50:33.317 11567 11622 W cr_ChildProcessConn: Fallback to ComponentInfo{com.android.chrome/org.chromium.content.app.SandboxedProcessService1}
09-02 03:50:33.323  1513  2013 E ProcessStats: Executing service ServiceState{cf3a3d8 org.chromium.content.app.SandboxedProcessService0 pkg=com.android.chrome proc=b8c331} without owner
09-02 03:50:33.324  1513  2013 E ProcessStats: Binding service ServiceState{cf3a3d8 org.chromium.content.app.SandboxedProcessService0 pkg=com.android.chrome proc=b8c331} without owner
09-02 03:50:33.325  1513  2013 E ProcessStats: Starting service ServiceState{cf3a3d8 org.chromium.content.app.SandboxedProcessService0 pkg=com.android.chrome proc=b8c331} without owner
09-02 03:50:33.326  1513  2013 E ProcessStats: Binding service ServiceState{cf3a3d8 org.chromium.content.app.SandboxedProcessService0 pkg=com.android.chrome proc=b8c331} without owner
09-02 03:50:33.328  1513  2013 I ActivityManager: Killing 12394:com.android.chrome:sandboxed_process0:org.chromium.content.app.SandboxedProcessService0:25/u0a220i-8975 (adj 0): isolated not needed
09-02 03:50:33.328 11567 11567 I cr_tabmodel: Loaded tab lists; counts: 148,0
09-02 03:50:33.329  1513  1640 I libprocessgroup: Successfully killed process cgroup uid 90025 pid 12394 in 0ms
09-02 03:50:33.335  1513  2013 W ActivityManager: Failed making new process record for com.android.chrome:sandboxed_process0:org.chromium.content.app.SandboxedProcessService0:121/10220 isolated=true
09-02 03:50:33.335  1513  2013 W ActivityManager: Unable to launch app com.android.chrome/10220 for service Intent { cmp=com.android.chrome/org.chromium.content.app.SandboxedProcessService0 }: process is bad
09-02 03:50:33.336  1513  2013 E ProcessStats: Service owner ServiceRecord{337b52b u0 com.android.chrome/org.chromium.content.app.SandboxedProcessService0:121} cleared while exec: pkg=com.android.chrome service=org.chromium.content.app.SandboxedProcessService0 proc=ProcessState{b8c331 com.android.chrome:sandboxed_process0/10220 pkg=com.android.chrome}
09-02 03:50:33.336  1513  2013 E ProcessStats: android.util.Log$TerribleFailure: Service owner ServiceRecord{337b52b u0 com.android.chrome/org.chromium.content.app.SandboxedProcessService0:121} cleared while exec: pkg=com.android.chrome service=org.chromium.content.app.SandboxedProcessService0 proc=ProcessState{b8c331 com.android.chrome:sandboxed_process0/10220 pkg=com.android.chrome}
09-02 03:50:33.336  1513  2013 E ProcessStats: 	at android.util.Log.wtf(Log.java:313)
09-02 03:50:33.336  1513  2013 E ProcessStats: 	at android.util.Slog.wtfStack(Slog.java:111)
09-02 03:50:33.336  1513  2013 E ProcessStats: 	at com.android.internal.app.procstats.ServiceState.clearCurrentOwner(ServiceState.java:187)
09-02 03:50:33.336  1513  2013 E ProcessStats: 	at com.android.server.am.ActiveServices.bringDownServiceLocked(ActiveServices.java:3424)
09-02 03:50:33.336  1513  2013 E ProcessStats: 	at com.android.server.am.ActiveServices.bringUpServiceLocked(ActiveServices.java:2955)
09-02 03:50:33.336  1513  2013 E ProcessStats: 	at com.android.server.am.ActiveServices.bindServiceLocked(ActiveServices.java:2064)
09-02 03:50:33.336  1513  2013 E ProcessStats: 	at com.android.server.am.ActivityManagerService.bindIsolatedService(ActivityManagerService.java:15169)
09-02 03:50:33.336  1513  2013 E ProcessStats: 	at android.app.IActivityManager$Stub.onTransact(IActivityManager.java:2563)
09-02 03:50:33.336  1513  2013 E ProcessStats: 	at com.android.server.am.ActivityManagerService.onTransact(ActivityManagerService.java:2867)
09-02 03:50:33.336  1513  2013 E ProcessStats: 	at android.os.Binder.execTransactInternal(Binder.java:1154)
09-02 03:50:33.336  1513  2013 E ProcessStats: 	at android.os.Binder.execTransact(Binder.java:1123)
09-02 03:50:33.337 11567 11622 W cr_ChildProcessConn: Fallback to ComponentInfo{com.android.chrome/org.chromium.content.app.SandboxedProcessService1}
09-02 03:50:33.341  1513  3168 E ProcessStats: Executing service ServiceState{cf3a3d8 org.chromium.content.app.SandboxedProcessService0 pkg=com.android.chrome proc=b8c331} without owner
09-02 03:50:33.342  1513  3168 E ProcessStats: Binding service ServiceState{cf3a3d8 org.chromium.content.app.SandboxedProcessService0 pkg=com.android.chrome proc=b8c331} without owner
09-02 03:50:33.343  1513  3168 E ProcessStats: Starting service ServiceState{cf3a3d8 org.chromium.content.app.SandboxedProcessService0 pkg=com.android.chrome proc=b8c331} without owner
09-02 03:50:33.344  1513  3168 E ProcessStats: Binding service ServiceState{cf3a3d8 org.chromium.content.app.SandboxedProcessService0 pkg=com.android.chrome proc=b8c331} without owner
09-02 03:50:33.346  1513  3168 I ActivityManager: Killing 12371:com.android.chrome:sandboxed_process0:org.chromium.content.app.SandboxedProcessService0:24/u0a220i-8976 (adj 0): isolated not needed
09-02 03:50:33.346  1513  1640 I libprocessgroup: Successfully killed process cgroup uid 90024 pid 12371 in 0ms
09-02 03:50:33.351  1513  2013 W ActivityManager: Failed making new process record for com.android.chrome:sandboxed_process0:org.chromium.content.app.SandboxedProcessService0:122/10220 isolated=true
09-02 03:50:33.351  1513  2013 W ActivityManager: Unable to launch app com.android.chrome/10220 for service Intent { cmp=com.android.chrome/org.chromium.content.app.SandboxedProcessService0 }: process is bad
09-02 03:50:33.352  1513  2013 E ProcessStats: Service owner ServiceRecord{d19ce15 u0 com.android.chrome/org.chromium.content.app.SandboxedProcessService0:122} cleared while exec: pkg=com.android.chrome service=org.chromium.content.app.SandboxedProcessService0 proc=ProcessState{b8c331 com.android.chrome:sandboxed_process0/10220 pkg=com.android.chrome}
09-02 03:50:33.352  1513  2013 E ProcessStats: android.util.Log$TerribleFailure: Service owner ServiceRecord{d19ce15 u0 com.android.chrome/org.chromium.content.app.SandboxedProcessService0:122} cleared while exec: pkg=com.android.chrome service=org.chromium.content.app.SandboxedProcessService0 proc=ProcessState{b8c331 com.android.chrome:sandboxed_process0/10220 pkg=com.android.chrome}
09-02 03:50:33.352  1513  2013 E ProcessStats: 	at android.util.Log.wtf(Log.java:313)
09-02 03:50:33.352  1513  2013 E ProcessStats: 	at android.util.Slog.wtfStack(Slog.java:111)
09-02 03:50:33.352  1513  2013 E ProcessStats: 	at com.android.internal.app.procstats.ServiceState.clearCurrentOwner(ServiceState.java:187)
09-02 03:50:33.352  1513  2013 E ProcessStats: 	at com.android.server.am.ActiveServices.bringDownServiceLocked(ActiveServices.java:3424)
09-02 03:50:33.352  1513  2013 E ProcessStats: 	at com.android.server.am.ActiveServices.bringUpServiceLocked(ActiveServices.java:2955)
09-02 03:50:33.352  1513  2013 E ProcessStats: 	at com.android.server.am.ActiveServices.bindServiceLocked(ActiveServices.java:2064)
09-02 03:50:33.352  1513  2013 E ProcessStats: 	at com.android.server.am.ActivityManagerService.bindIsolatedService(ActivityManagerService.java:15169)
09-02 03:50:33.352  1513  2013 E ProcessStats: 	at android.app.IActivityManager$Stub.onTransact(IActivityManager.java:2563)
09-02 03:50:33.352  1513  2013 E ProcessStats: 	at com.android.server.am.ActivityManagerService.onTransact(ActivityManagerService.java:2867)
09-02 03:50:33.352  1513  2013 E ProcessStats: 	at android.os.Binder.execTransactInternal(Binder.java:1154)
09-02 03:50:33.352  1513  2013 E ProcessStats: 	at android.os.Binder.execTransact(Binder.java:1123)
09-02 03:50:33.352 11567 11622 W cr_ChildProcessConn: Fallback to ComponentInfo{com.android.chrome/org.chromium.content.app.SandboxedProcessService1}
09-02 03:50:33.359  1513  2180 E ProcessStats: Executing service ServiceState{cf3a3d8 org.chromium.content.app.SandboxedProcessService0 pkg=com.android.chrome proc=b8c331} without owner
09-02 03:50:33.359 11567 11567 I cr_StartSurface: Recorded Startup.Android.StartSurfaceShownAtStartup = false
09-02 03:50:33.360  1513  2180 E ProcessStats: Binding service ServiceState{cf3a3d8 org.chromium.content.app.SandboxedProcessService0 pkg=com.android.chrome proc=b8c331} without owner
09-02 03:50:33.362  1513  2180 E ProcessStats: Starting service ServiceState{cf3a3d8 org.chromium.content.app.SandboxedProcessService0 pkg=com.android.chrome proc=b8c331} without owner
09-02 03:50:33.363  1513  2180 E ProcessStats: Binding service ServiceState{cf3a3d8 org.chromium.content.app.SandboxedProcessService0 pkg=com.android.chrome proc=b8c331} without owner
09-02 03:50:33.365  1513  2180 I ActivityManager: Killing 12415:com.android.chrome:sandboxed_process0:org.chromium.content.app.SandboxedProcessService0:26/u0a220i-8974 (adj 0): isolated not needed
09-02 03:50:33.366  9624  9624 I VISHotwordAdapter: Not connected and not waiting for connection.
09-02 03:50:33.367  1513  1640 I libprocessgroup: Successfully killed process cgroup uid 90026 pid 12415 in 0ms
09-02 03:50:33.368 11567 11622 I cr_BindingManager: Visible binding enabled: maxSize=-1
09-02 03:50:33.374  1513  3168 W ActivityManager: Failed making new process record for com.android.chrome:sandboxed_process0:org.chromium.content.app.SandboxedProcessService0:123/10220 isolated=true
09-02 03:50:33.374  1513  3168 W ActivityManager: Unable to launch app com.android.chrome/10220 for service Intent { cmp=com.android.chrome/org.chromium.content.app.SandboxedProcessService0 }: process is bad
09-02 03:50:33.375  1513  3168 E ProcessStats: Service owner ServiceRecord{6c8294 u0 com.android.chrome/org.chromium.content.app.SandboxedProcessService0:123} cleared while exec: pkg=com.android.chrome service=org.chromium.content.app.SandboxedProcessService0 proc=ProcessState{b8c331 com.android.chrome:sandboxed_process0/10220 pkg=com.android.chrome}
09-02 03:50:33.375  1513  3168 E ProcessStats: android.util.Log$TerribleFailure: Service owner ServiceRecord{6c8294 u0 com.android.chrome/org.chromium.content.app.SandboxedProcessService0:123} cleared while exec: pkg=com.android.chrome service=org.chromium.content.app.SandboxedProcessService0 proc=ProcessState{b8c331 com.android.chrome:sandboxed_process0/10220 pkg=com.android.chrome}
09-02 03:50:33.375  1513  3168 E ProcessStats: 	at android.util.Log.wtf(Log.java:313)
09-02 03:50:33.375  1513  3168 E ProcessStats: 	at android.util.Slog.wtfStack(Slog.java:111)
09-02 03:50:33.375  1513  3168 E ProcessStats: 	at com.android.internal.app.procstats.ServiceState.clearCurrentOwner(ServiceState.java:187)
09-02 03:50:33.375  1513  3168 E ProcessStats: 	at com.android.server.am.ActiveServices.bringDownServiceLocked(ActiveServices.java:3424)
09-02 03:50:33.375  1513  3168 E ProcessStats: 	at com.android.server.am.ActiveServices.bringUpServiceLocked(ActiveServices.java:2955)
09-02 03:50:33.375  1513  3168 E ProcessStats: 	at com.android.server.am.ActiveServices.bindServiceLocked(ActiveServices.java:2064)
09-02 03:50:33.375  1513  3168 E ProcessStats: 	at com.android.server.am.ActivityManagerService.bindIsolatedService(ActivityManagerService.java:15169)
09-02 03:50:33.375  1513  3168 E ProcessStats: 	at android.app.IActivityManager$Stub.onTransact(IActivityManager.java:2563)
09-02 03:50:33.375  1513  3168 E ProcessStats: 	at com.android.server.am.ActivityManagerService.onTransact(ActivityManagerService.java:2867)
09-02 03:50:33.375  1513  3168 E ProcessStats: 	at android.os.Binder.execTransactInternal(Binder.java:1154)
09-02 03:50:33.375  1513  3168 E ProcessStats: 	at android.os.Binder.execTransact(Binder.java:1123)
09-02 03:50:33.376 11567 11622 W cr_ChildProcessConn: Fallback to ComponentInfo{com.android.chrome/org.chromium.content.app.SandboxedProcessService1}
09-02 03:50:33.377  9624  9624 I VISHotwordAdapter: Still waiting for connection; add the callback to callback list
09-02 03:50:33.382  1513  2180 E ProcessStats: Executing service ServiceState{cf3a3d8 org.chromium.content.app.SandboxedProcessService0 pkg=com.android.chrome proc=b8c331} without owner
09-02 03:50:33.383  1513  2180 E ProcessStats: Binding service ServiceState{cf3a3d8 org.chromium.content.app.SandboxedProcessService0 pkg=com.android.chrome proc=b8c331} without owner
09-02 03:50:33.384  1513  2180 E ProcessStats: Starting service ServiceState{cf3a3d8 org.chromium.content.app.SandboxedProcessService0 pkg=com.android.chrome proc=b8c331} without owner
09-02 03:50:33.384  1513  2180 E ProcessStats: Binding service ServiceState{cf3a3d8 org.chromium.content.app.SandboxedProcessService0 pkg=com.android.chrome proc=b8c331} without owner
09-02 03:50:33.385 12439 12439 I cr_ChildProcessService: Destroying ChildProcessService pid=12439
09-02 03:50:33.386  1513  2180 I ActivityManager: Killing 12439:com.android.chrome:sandboxed_process0:org.chromium.content.app.SandboxedProcessService0:27/u0a220i-8973 (adj 0): isolated not needed
09-02 03:50:33.387  1513  1640 I libprocessgroup: Successfully killed process cgroup uid 90027 pid 12439 in 0ms
09-02 03:50:33.396  1513  3223 W ActivityManager: Failed making new process record for com.android.chrome:sandboxed_process0:org.chromium.content.app.SandboxedProcessService0:124/10220 isolated=true
09-02 03:50:33.396  1513  3223 W ActivityManager: Unable to launch app com.android.chrome/10220 for service Intent { cmp=com.android.chrome/org.chromium.content.app.SandboxedProcessService0 }: process is bad
09-02 03:50:33.397  1513  3223 E ProcessStats: Service owner ServiceRecord{146f2e u0 com.android.chrome/org.chromium.content.app.SandboxedProcessService0:124} cleared while exec: pkg=com.android.chrome service=org.chromium.content.app.SandboxedProcessService0 proc=ProcessState{b8c331 com.android.chrome:sandboxed_process0/10220 pkg=com.android.chrome}
09-02 03:50:33.397  1513  3223 E ProcessStats: android.util.Log$TerribleFailure: Service owner ServiceRecord{146f2e u0 com.android.chrome/org.chromium.content.app.SandboxedProcessService0:124} cleared while exec: pkg=com.android.chrome service=org.chromium.content.app.SandboxedProcessService0 proc=ProcessState{b8c331 com.android.chrome:sandboxed_process0/10220 pkg=com.android.chrome}
09-02 03:50:33.397  1513  3223 E ProcessStats: 	at android.util.Log.wtf(Log.java:313)
09-02 03:50:33.397  1513  3223 E ProcessStats: 	at android.util.Slog.wtfStack(Slog.java:111)
09-02 03:50:33.397  1513  3223 E ProcessStats: 	at com.android.internal.app.procstats.ServiceState.clearCurrentOwner(ServiceState.java:187)
09-02 03:50:33.397  1513  3223 E ProcessStats: 	at com.android.server.am.ActiveServices.bringDownServiceLocked(ActiveServices.java:3424)
09-02 03:50:33.397  1513  3223 E ProcessStats: 	at com.android.server.am.ActiveServices.bringUpServiceLocked(ActiveServices.java:2955)
09-02 03:50:33.397  1513  3223 E ProcessStats: 	at com.android.server.am.ActiveServices.bindServiceLocked(ActiveServices.java:2064)
09-02 03:50:33.397  1513  3223 E ProcessStats: 	at com.android.server.am.ActivityManagerService.bindIsolatedService(ActivityManagerService.java:15169)
09-02 03:50:33.397  1513  3223 E ProcessStats: 	at android.app.IActivityManager$Stub.onTransact(IActivityManager.java:2563)
09-02 03:50:33.397  1513  3223 E ProcessStats: 	at com.android.server.am.ActivityManagerService.onTransact(ActivityManagerService.java:2867)
09-02 03:50:33.397  1513  3223 E ProcessStats: 	at android.os.Binder.execTransactInternal(Binder.java:1154)
09-02 03:50:33.397  1513  3223 E ProcessStats: 	at android.os.Binder.execTransact(Binder.java:1123)
09-02 03:50:33.398 11567 11622 W cr_ChildProcessConn: Fallback to ComponentInfo{com.android.chrome/org.chromium.content.app.SandboxedProcessService1}
09-02 03:50:33.398  9624  9624 I A       : getLocaleToModelSpecsMap
09-02 03:50:33.398  9624  9624 I A       : Using proto config with mendel
09-02 03:50:33.398  9624  9624 I A       : getLocaleToModelSpecsMap
09-02 03:50:33.398  9624  9624 I A       : Using proto config with mendel
09-02 03:50:33.398  9624  9624 I A       : getLocaleToModelSpecsMap
09-02 03:50:33.398  9624  9624 I A       : Using proto config with mendel
09-02 03:50:33.399  1513  2571 E ProcessStats: Executing service ServiceState{cf3a3d8 org.chromium.content.app.SandboxedProcessService0 pkg=com.android.chrome proc=b8c331} without owner
09-02 03:50:33.400  1513  2571 E ProcessStats: Binding service ServiceState{cf3a3d8 org.chromium.content.app.SandboxedProcessService0 pkg=com.android.chrome proc=b8c331} without owner
09-02 03:50:33.400  1513  2571 E ProcessStats: Starting service ServiceState{cf3a3d8 org.chromium.content.app.SandboxedProcessService0 pkg=com.android.chrome proc=b8c331} without owner
09-02 03:50:33.400  1513  2571 E ProcessStats: Binding service ServiceState{cf3a3d8 org.chromium.content.app.SandboxedProcessService0 pkg=com.android.chrome proc=b8c331} without owner
09-02 03:50:33.401  1513  2571 I ActivityManager: Killing 12466:com.android.chrome:sandboxed_process0:org.chromium.content.app.SandboxedProcessService0:28/u0a220i-8972 (adj 0): isolated not needed
09-02 03:50:33.402  1513  1640 I libprocessgroup: Successfully killed process cgroup uid 90028 pid 12466 in 0ms
09-02 03:50:33.404  1513  2013 W ActivityManager: Failed making new process record for com.android.chrome:sandboxed_process0:org.chromium.content.app.SandboxedProcessService0:125/10220 isolated=true
09-02 03:50:33.404  1513  2013 W ActivityManager: Unable to launch app com.android.chrome/10220 for service Intent { cmp=com.android.chrome/org.chromium.content.app.SandboxedProcessService0 }: process is bad
09-02 03:50:33.405  1513  2013 E ProcessStats: Service owner ServiceRecord{8822663 u0 com.android.chrome/org.chromium.content.app.SandboxedProcessService0:125} cleared while exec: pkg=com.android.chrome service=org.chromium.content.app.SandboxedProcessService0 proc=ProcessState{b8c331 com.android.chrome:sandboxed_process0/10220 pkg=com.android.chrome}
09-02 03:50:33.405  1513  2013 E ProcessStats: android.util.Log$TerribleFailure: Service owner ServiceRecord{8822663 u0 com.android.chrome/org.chromium.content.app.SandboxedProcessService0:125} cleared while exec: pkg=com.android.chrome service=org.chromium.content.app.SandboxedProcessService0 proc=ProcessState{b8c331 com.android.chrome:sandboxed_process0/10220 pkg=com.android.chrome}
09-02 03:50:33.405  1513  2013 E ProcessStats: 	at android.util.Log.wtf(Log.java:313)
09-02 03:50:33.405  1513  2013 E ProcessStats: 	at android.util.Slog.wtfStack(Slog.java:111)
09-02 03:50:33.405  1513  2013 E ProcessStats: 	at com.android.internal.app.procstats.ServiceState.clearCurrentOwner(ServiceState.java:187)
09-02 03:50:33.405  1513  2013 E ProcessStats: 	at com.android.server.am.ActiveServices.bringDownServiceLocked(ActiveServices.java:3424)
09-02 03:50:33.405  1513  2013 E ProcessStats: 	at com.android.server.am.ActiveServices.bringUpServiceLocked(ActiveServices.java:2955)
09-02 03:50:33.405  1513  2013 E ProcessStats: 	at com.android.server.am.ActiveServices.bindServiceLocked(ActiveServices.java:2064)
09-02 03:50:33.405  1513  2013 E ProcessStats: 	at com.android.server.am.ActivityManagerService.bindIsolatedService(ActivityManagerService.java:15169)
09-02 03:50:33.405  1513  2013 E ProcessStats: 	at android.app.IActivityManager$Stub.onTransact(IActivityManager.java:2563)
09-02 03:50:33.405  1513  2013 E ProcessStats: 	at com.android.server.am.ActivityManagerService.onTransact(ActivityManagerService.java:2867)
09-02 03:50:33.405  1513  2013 E ProcessStats: 	at android.os.Binder.execTransactInternal(Binder.java:1154)
09-02 03:50:33.405  1513  2013 E ProcessStats: 	at android.os.Binder.execTransact(Binder.java:1123)
09-02 03:50:33.406 11567 11622 W cr_ChildProcessConn: Fallback to ComponentInfo{com.android.chrome/org.chromium.content.app.SandboxedProcessService1}
09-02 03:50:33.408  1513  2013 E ProcessStats: Executing service ServiceState{cf3a3d8 org.chromium.content.app.SandboxedProcessService0 pkg=com.android.chrome proc=b8c331} without owner
09-02 03:50:33.409  1513  2013 E ProcessStats: Binding service ServiceState{cf3a3d8 org.chromium.content.app.SandboxedProcessService0 pkg=com.android.chrome proc=b8c331} without owner
09-02 03:50:33.410  1513  2013 E ProcessStats: Starting service ServiceState{cf3a3d8 org.chromium.content.app.SandboxedProcessService0 pkg=com.android.chrome proc=b8c331} without owner
09-02 03:50:33.410  1513  2013 E ProcessStats: Binding service ServiceState{cf3a3d8 org.chromium.content.app.SandboxedProcessService0 pkg=com.android.chrome proc=b8c331} without owner
09-02 03:50:33.411  1513  2013 I ActivityManager: Killing 12502:com.android.chrome:sandboxed_process0:org.chromium.content.app.SandboxedProcessService0:29/u0a220i-8971 (adj 0): isolated not needed
09-02 03:50:33.412  1513  1640 I libprocessgroup: Successfully killed process cgroup uid 90029 pid 12502 in 0ms
09-02 03:50:33.416  1513  2013 W ActivityManager: Failed making new process record for com.android.chrome:sandboxed_process0:org.chromium.content.app.SandboxedProcessService0:126/10220 isolated=true
09-02 03:50:33.416  1513  2013 W ActivityManager: Unable to launch app com.android.chrome/10220 for service Intent { cmp=com.android.chrome/org.chromium.content.app.SandboxedProcessService0 }: process is bad
09-02 03:50:33.417  1513  2013 E ProcessStats: Service owner ServiceRecord{f81adb7 u0 com.android.chrome/org.chromium.content.app.SandboxedProcessService0:126} cleared while exec: pkg=com.android.chrome service=org.chromium.content.app.SandboxedProcessService0 proc=ProcessState{b8c331 com.android.chrome:sandboxed_process0/10220 pkg=com.android.chrome}
09-02 03:50:33.417  1513  2013 E ProcessStats: android.util.Log$TerribleFailure: Service owner ServiceRecord{f81adb7 u0 com.android.chrome/org.chromium.content.app.SandboxedProcessService0:126} cleared while exec: pkg=com.android.chrome service=org.chromium.content.app.SandboxedProcessService0 proc=ProcessState{b8c331 com.android.chrome:sandboxed_process0/10220 pkg=com.android.chrome}
09-02 03:50:33.417  1513  2013 E ProcessStats: 	at android.util.Log.wtf(Log.java:313)
09-02 03:50:33.417  1513  2013 E ProcessStats: 	at android.util.Slog.wtfStack(Slog.java:111)
09-02 03:50:33.417  1513  2013 E ProcessStats: 	at com.android.internal.app.procstats.ServiceState.clearCurrentOwner(ServiceState.java:187)
09-02 03:50:33.417  1513  2013 E ProcessStats: 	at com.android.server.am.ActiveServices.bringDownServiceLocked(ActiveServices.java:3424)
09-02 03:50:33.417  1513  2013 E ProcessStats: 	at com.android.server.am.ActiveServices.bringUpServiceLocked(ActiveServices.java:2955)
09-02 03:50:33.417  1513  2013 E ProcessStats: 	at com.android.server.am.ActiveServices.bindServiceLocked(ActiveServices.java:2064)
09-02 03:50:33.417  1513  2013 E ProcessStats: 	at com.android.server.am.ActivityManagerService.bindIsolatedService(ActivityManagerService.java:15169)
09-02 03:50:33.417  1513  2013 E ProcessStats: 	at android.app.IActivityManager$Stub.onTransact(IActivityManager.java:2563)
09-02 03:50:33.417  1513  2013 E ProcessStats: 	at com.android.server.am.ActivityManagerService.onTransact(ActivityManagerService.java:2867)
09-02 03:50:33.417  1513  2013 E ProcessStats: 	at android.os.Binder.execTransactInternal(Binder.java:1154)
09-02 03:50:33.417  1513  2013 E ProcessStats: 	at android.os.Binder.execTransact(Binder.java:1123)
09-02 03:50:33.417 11567 11622 W cr_ChildProcessConn: Fallback to ComponentInfo{com.android.chrome/org.chromium.content.app.SandboxedProcessService1}
09-02 03:50:33.428   901  2806 I sensors-hal: [ssc_utils]get_qmi_debug_flag:244, support_qmi_debug : false
09-02 03:50:33.448   901  1000 W ASH     : @ 64619.898: Unhandled msg ID 999: line 1277
