09-02 03:52:07.327  1513  2169 E ProcessStats: 	at android.os.Binder.execTransactInternal(Binder.java:1154)
09-02 03:52:07.327  1513  2169 E ProcessStats: 	at android.os.Binder.execTransact(Binder.java:1123)
09-02 03:52:07.329 17699 17699 I cr_ChildProcessService: Creating new ChildProcessService pid=17699
09-02 03:52:07.330 16255 16309 W cr_ChildProcessConn: Fallback to ComponentInfo{com.android.chrome/org.chromium.content.app.SandboxedProcessService1}
09-02 03:52:07.332 16255 16255 I cr_tabmodel: #isIncognitoTabBeingRestored from tabDetails:  false
09-02 03:52:07.332 16255 16255 I cr_tabmodel: #isIncognitoTabBeingRestored from tabDetails:  false
09-02 03:52:07.332 16255 16255 W cr_tabmodel: Failed to restore TabState; creating Tab with last known URL.
09-02 03:52:07.334  1513  2570 E ProcessStats: Executing service ServiceState{cf3a3d8 org.chromium.content.app.SandboxedProcessService0 pkg=com.android.chrome proc=b8c331} without owner
09-02 03:52:07.335  1513  2570 E ProcessStats: Binding service ServiceState{cf3a3d8 org.chromium.content.app.SandboxedProcessService0 pkg=com.android.chrome proc=b8c331} without owner
09-02 03:52:07.335  1513  2570 E ProcessStats: Starting service ServiceState{cf3a3d8 org.chromium.content.app.SandboxedProcessService0 pkg=com.android.chrome proc=b8c331} without owner
09-02 03:52:07.335  1513  2570 E ProcessStats: Binding service ServiceState{cf3a3d8 org.chromium.content.app.SandboxedProcessService0 pkg=com.android.chrome proc=b8c331} without owner
09-02 03:52:07.336  1513  2570 I ActivityManager: Killing 16571:com.android.chrome:sandboxed_process0:org.chromium.content.app.SandboxedProcessService0:8/u0a220i-8992 (adj 0): isolated not needed
09-02 03:52:07.337  1513  1640 I libprocessgroup: Successfully killed process cgroup uid 90008 pid 16571 in 0ms
09-02 03:52:07.339  1513  3232 E ProcessStats: Executing service ServiceState{cf3a3d8 org.chromium.content.app.SandboxedProcessService0 pkg=com.android.chrome proc=b8c331} without owner
09-02 03:52:07.339  1513  3232 E ProcessStats: Foregrounding service ServiceState{cf3a3d8 org.chromium.content.app.SandboxedProcessService0 pkg=com.android.chrome proc=b8c331} without owner
09-02 03:52:07.347 16255 16255 E cr_IntentUtils: getBooleanExtra failed on intent null
09-02 03:52:07.347 16255 16255 E cr_IntentUtils: getBooleanExtra failed on intent null
09-02 03:52:07.352 16255 16255 I cr_tabmodel: #isIncognitoTabBeingRestored from tabDetails:  false
09-02 03:52:07.352 16255 16255 I cr_tabmodel: #isIncognitoTabBeingRestored from tabDetails:  false
09-02 03:52:07.352 16255 16255 W cr_tabmodel: Failed to restore TabState; creating Tab with last known URL.
09-02 03:52:07.353 16310 16310 I Zygote  : Process 16438 exited due to signal 9 (Killed)
09-02 03:52:07.355 17730 17730 E cessService0:4: Not starting debugger since process cannot load the jdwp agent.
09-02 03:52:07.369 16255 16255 E cr_IntentUtils: getBooleanExtra failed on intent null
09-02 03:52:07.369 16255 16255 E cr_IntentUtils: getBooleanExtra failed on intent null
09-02 03:52:07.373 16255 16255 I cr_TabWebContentsObs: renderProcessGone() for tab id: 8281, already needs reload: false
09-02 03:52:07.375 16310 16310 D Zygote  : Forked child process 17775
09-02 03:52:07.376  1513  1625 W ActivityManager: Slow operation: 1417ms so far, now at startProcess: returned from zygote!
09-02 03:52:07.377 16255 16255 I cr_tabmodel: #isIncognitoTabBeingRestored from tabDetails:  false
09-02 03:52:07.377 16255 16255 I cr_tabmodel: #isIncognitoTabBeingRestored from tabDetails:  false
09-02 03:52:07.377 16255 16255 W cr_tabmodel: Failed to restore TabState; creating Tab with last known URL.
09-02 03:52:07.383 17775 17775 E libc    : SetHeapTaggingLevel: re-enabling tagging after it was disabled is not supported
09-02 03:52:07.389 17775 17775 E cessService0:4: Not starting debugger since process cannot load the jdwp agent.
09-02 03:52:07.390 16255 16255 E cr_IntentUtils: getBooleanExtra failed on intent null
09-02 03:52:07.390 16255 16255 E cr_IntentUtils: getBooleanExtra failed on intent null
09-02 03:52:07.393 16255 16255 I cr_tabmodel: #isIncognitoTabBeingRestored from tabDetails:  false
09-02 03:52:07.393 16255 16255 I cr_tabmodel: #isIncognitoTabBeingRestored from tabDetails:  false
09-02 03:52:07.393 16255 16255 W cr_tabmodel: Failed to restore TabState; creating Tab with last known URL.
09-02 03:52:07.402 16255 16255 E cr_IntentUtils: getBooleanExtra failed on intent null
09-02 03:52:07.402 16255 16255 E cr_IntentUtils: getBooleanExtra failed on intent null
09-02 03:52:07.405 16255 16309 W cr_ChildConnAllocator: Ran out of UIDs to allocate.
09-02 03:52:07.407 16255 16255 I cr_tabmodel: #isIncognitoTabBeingRestored from tabDetails:  false
09-02 03:52:07.407 16255 16255 I cr_tabmodel: #isIncognitoTabBeingRestored from tabDetails:  false
09-02 03:52:07.407 16255 16255 W cr_tabmodel: Failed to restore TabState; creating Tab with last known URL.
09-02 03:52:07.407 16255 16309 W cr_ChildConnAllocator: Ran out of UIDs to allocate.
09-02 03:52:07.408  1513  3227 E ProcessStats: Executing service ServiceState{cf3a3d8 org.chromium.content.app.SandboxedProcessService0 pkg=com.android.chrome proc=b8c331} without owner
09-02 03:52:07.408 16255 16309 I chatty  : uid=10220(com.android.chrome) identical 2 lines
09-02 03:52:07.409  1513  3227 D CompatibilityChangeReporter: Compat change id reported: 136274596; UID 10220; state: ENABLED
09-02 03:52:07.411  1513  1625 W ActivityManager: Slow operation: 1452ms so far, now at startProcess: done updating battery stats
09-02 03:52:07.411  1513  1625 W ActivityManager: Slow operation: 1452ms so far, now at startProcess: building log message
09-02 03:52:07.412  1513  1625 I ActivityManager: Start proc 17775:com.android.chrome:sandboxed_process0:org.chromium.content.app.SandboxedProcessService0:47/u0ai47 for  {com.android.chrome/org.chromium.content.app.SandboxedProcessService0:47}
09-02 03:52:07.412  1513  1625 W ActivityManager: Slow operation: 1452ms so far, now at startProcess: starting to update pids map
09-02 03:52:07.412  1513  1625 W ActivityManager: Slow operation: 1452ms so far, now at startProcess: done updating pids map
09-02 03:52:07.412  1513  1625 W ActivityManager: Slow operation: 1425ms so far, now at startProcess: asking zygote to start proc
09-02 03:52:07.412  1513  1625 D CompatibilityChangeReporter: Compat change id reported: 143937733; UID 10220; state: ENABLED
09-02 03:52:07.415  1513  8503 E ProcessStats: Executing service ServiceState{cf3a3d8 org.chromium.content.app.SandboxedProcessService0 pkg=com.android.chrome proc=b8c331} without owner
09-02 03:52:07.415 16255 16309 W cr_ChildConnAllocator: Ran out of UIDs to allocate.
09-02 03:52:07.415  1513  8503 D CompatibilityChangeReporter: Compat change id reported: 136274596; UID 10220; state: ENABLED
09-02 03:52:07.416 17699 17728 I cr_LibraryLoader: Using ModernLinker
09-02 03:52:07.418 16255 16255 E cr_IntentUtils: getBooleanExtra failed on intent null
09-02 03:52:07.418 16255 16255 E cr_IntentUtils: getBooleanExtra failed on intent null
09-02 03:52:07.422 16255 16255 I cr_tabmodel: #isIncognitoTabBeingRestored from tabDetails:  false
09-02 03:52:07.422 16255 16255 I cr_tabmodel: #isIncognitoTabBeingRestored from tabDetails:  false
09-02 03:52:07.422 16255 16255 W cr_tabmodel: Failed to restore TabState; creating Tab with last known URL.
09-02 03:52:07.424  1513  3227 D CompatibilityChangeReporter: Compat change id reported: 135634846; UID 10220; state: DISABLED
09-02 03:52:07.424  1513  3227 D CompatibilityChangeReporter: Compat change id reported: 135754954; UID 10220; state: ENABLED
09-02 03:52:07.431 17730 17730 I LoadedApk: No resource references to update in package com.google.android.trichromelibrary
09-02 03:52:07.432 17730 17730 D NetworkSecurityConfig: Using Network Security Config from resource 0_resource_name_obfuscated debugBuild: false
09-02 03:52:07.432 17699 17728 W linker  : Warning: "/data/app/~~_KLlx60MH8CoecPTjMKp8g==/com.android.chrome-kw9RHYrlHKb9bPXi8OTClw==/base.apk!/lib/arm64-v8a/libchromium_android_linker.so" unused DT entry: unknown processor-specific (type 0x70000001 arg 0x0) (ignoring)
09-02 03:52:07.433 16255 16255 E cr_IntentUtils: getBooleanExtra failed on intent null
09-02 03:52:07.433 16255 16255 E cr_IntentUtils: getBooleanExtra failed on intent null
09-02 03:52:07.433 17730 17730 D NetworkSecurityConfig: Using Network Security Config from resource 0_resource_name_obfuscated debugBuild: false
09-02 03:52:07.433 17699 17728 E cr_ChromiumAndroidLinker: ReserveAddressWithHint: Address range starting at 0x7a37607000 was not free to use
09-02 03:52:07.434  1513  2169 I ActivityManager: Killing 16599:com.android.chrome:sandboxed_process0:org.chromium.content.app.SandboxedProcessService0:9/u0a220i-8991 (adj 0): isolated not needed
09-02 03:52:07.435 17730 17730 I cr_SplitCompatApp: Launched version=107.0.5304.91 minSdkVersion=29 isBundle=true processName=com.android.chrome:sandboxed_process0:org.chromium.content.app.SandboxedProcessService0:46 isIsolated=true
09-02 03:52:07.436  1513  1640 I libprocessgroup: Successfully killed process cgroup uid 90009 pid 16599 in 0ms
09-02 03:52:07.437 16255 16255 I cr_tabmodel: #isIncognitoTabBeingRestored from tabDetails:  false
09-02 03:52:07.437 16255 16255 I cr_tabmodel: #isIncognitoTabBeingRestored from tabDetails:  false
09-02 03:52:07.437 16255 16255 W cr_tabmodel: Failed to restore TabState; creating Tab with last known URL.
09-02 03:52:07.437 16255 16309 W cr_ChildConnAllocator: Ran out of UIDs to allocate.
09-02 03:52:07.439  1513  3227 W ActivityManager: Failed making new process record for com.android.chrome:sandboxed_process0:org.chromium.content.app.SandboxedProcessService0:106/10220 isolated=true
09-02 03:52:07.439  1513  3227 W ActivityManager: Unable to launch app com.android.chrome/10220 for service Intent { cmp=com.android.chrome/org.chromium.content.app.SandboxedProcessService0 }: process is bad
09-02 03:52:07.439 16310 16310 D Zygote  : Forked child process 17796
09-02 03:52:07.440 16255 16309 W cr_ChildProcessConn: Fallback to ComponentInfo{com.android.chrome/org.chromium.content.app.SandboxedProcessService1}
09-02 03:52:07.441  1513  1625 W ActivityManager: Slow operation: 1455ms so far, now at startProcess: returned from zygote!
09-02 03:52:07.442  1513  1625 W ActivityManager: Slow operation: 1455ms so far, now at startProcess: done updating battery stats
09-02 03:52:07.442  1513  1625 W ActivityManager: Slow operation: 1455ms so far, now at startProcess: building log message
09-02 03:52:07.442  1513  1625 I ActivityManager: Start proc 17796:com.android.chrome:sandboxed_process0:org.chromium.content.app.SandboxedProcessService0:48/u0ai48 for  {com.android.chrome/org.chromium.content.app.SandboxedProcessService0:48}
09-02 03:52:07.442  1513  1625 W ActivityManager: Slow operation: 1456ms so far, now at startProcess: starting to update pids map
09-02 03:52:07.442  1513  1625 W ActivityManager: Slow operation: 1456ms so far, now at startProcess: done updating pids map
09-02 03:52:07.442  1513  1625 W ActivityManager: Slow operation: 1449ms so far, now at startProcess: asking zygote to start proc
09-02 03:52:07.443  1513  1625 D CompatibilityChangeReporter: Compat change id reported: 143937733; UID 10220; state: ENABLED
09-02 03:52:07.444 17796 17796 E libc    : SetHeapTaggingLevel: re-enabling tagging after it was disabled is not supported
09-02 03:52:07.445  1513  8504 E ProcessStats: Executing service ServiceState{cf3a3d8 org.chromium.content.app.SandboxedProcessService0 pkg=com.android.chrome proc=b8c331} without owner
09-02 03:52:07.446 17699 17744 I cr_LibraryLoader: Successfully loaded native library
09-02 03:52:07.447  1513  8504 E ProcessStats: Binding service ServiceState{cf3a3d8 org.chromium.content.app.SandboxedProcessService0 pkg=com.android.chrome proc=b8c331} without owner
09-02 03:52:07.448  1513  8504 E ProcessStats: Starting service ServiceState{cf3a3d8 org.chromium.content.app.SandboxedProcessService0 pkg=com.android.chrome proc=b8c331} without owner
09-02 03:52:07.449  1513  8504 E ProcessStats: Binding service ServiceState{cf3a3d8 org.chromium.content.app.SandboxedProcessService0 pkg=com.android.chrome proc=b8c331} without owner
09-02 03:52:07.450 17699 17744 I cr_CachingUmaRecorder: Flushed 3 samples from 3 histograms.
09-02 03:52:07.450 16255 16255 E cr_IntentUtils: getBooleanExtra failed on intent null
09-02 03:52:07.450 16255 16255 E cr_IntentUtils: getBooleanExtra failed on intent null
09-02 03:52:07.450  1513  8504 I ActivityManager: Killing 16630:com.android.chrome:sandboxed_process0:org.chromium.content.app.SandboxedProcessService0:10/u0a220i-8990 (adj 0): isolated not needed
09-02 03:52:07.453  1513  1640 I libprocessgroup: Successfully killed process cgroup uid 90010 pid 16630 in 0ms
09-02 03:52:07.455 16255 16255 I cr_tabmodel: #isIncognitoTabBeingRestored from tabDetails:  false
09-02 03:52:07.455 16255 16255 I cr_tabmodel: #isIncognitoTabBeingRestored from tabDetails:  false
09-02 03:52:07.455 16255 16255 W cr_tabmodel: Failed to restore TabState; creating Tab with last known URL.
09-02 03:52:07.456 17796 17796 E cessService0:4: Not starting debugger since process cannot load the jdwp agent.
09-02 03:52:07.457 17730 17730 W SystemServiceRegistry: No service published for: uimode
09-02 03:52:07.458 16255 16309 W cr_ChildConnAllocator: Ran out of UIDs to allocate.
09-02 03:52:07.462 17730 17730 I cr_ChildProcessService: Creating new ChildProcessService pid=17730
09-02 03:52:07.466 16255 16255 E cr_IntentUtils: getBooleanExtra failed on intent null
09-02 03:52:07.466 16255 16255 E cr_IntentUtils: getBooleanExtra failed on intent null
09-02 03:52:07.466 16255 16309 W cr_ChildConnAllocator: Ran out of UIDs to allocate.
09-02 03:52:07.466 17775 17775 I LoadedApk: No resource references to update in package com.google.android.trichromelibrary
09-02 03:52:07.466 17775 17775 D NetworkSecurityConfig: Using Network Security Config from resource 0_resource_name_obfuscated debugBuild: false
09-02 03:52:07.467  1513  8503 E ProcessStats: Executing service ServiceState{cf3a3d8 org.chromium.content.app.SandboxedProcessService0 pkg=com.android.chrome proc=b8c331} without owner
09-02 03:52:07.467 17775 17775 D NetworkSecurityConfig: Using Network Security Config from resource 0_resource_name_obfuscated debugBuild: false
09-02 03:52:07.468  1513  8503 E ProcessStats: Foregrounding service ServiceState{cf3a3d8 org.chromium.content.app.SandboxedProcessService0 pkg=com.android.chrome proc=b8c331} without owner
09-02 03:52:07.469  1513  2570 W ActivityManager: Failed making new process record for com.android.chrome:sandboxed_process0:org.chromium.content.app.SandboxedProcessService0:107/10220 isolated=true
09-02 03:52:07.469  1513  2570 W ActivityManager: Unable to launch app com.android.chrome/10220 for service Intent { cmp=com.android.chrome/org.chromium.content.app.SandboxedProcessService0 }: process is bad
09-02 03:52:07.470 16255 16255 I cr_tabmodel: #isIncognitoTabBeingRestored from tabDetails:  false
09-02 03:52:07.470 16255 16255 I cr_tabmodel: #isIncognitoTabBeingRestored from tabDetails:  false
09-02 03:52:07.470 16255 16255 W cr_tabmodel: Failed to restore TabState; creating Tab with last known URL.
09-02 03:52:07.472 17775 17775 I cr_SplitCompatApp: Launched version=107.0.5304.91 minSdkVersion=29 isBundle=true processName=com.android.chrome:sandboxed_process0:org.chromium.content.app.SandboxedProcessService0:47 isIsolated=true
09-02 03:52:07.477 16255 16309 W cr_ChildProcessConn: Fallback to ComponentInfo{com.android.chrome/org.chromium.content.app.SandboxedProcessService1}
09-02 03:52:07.478 16310 16310 D Zygote  : Forked child process 17816
09-02 03:52:07.480  1513  1625 W ActivityManager: Slow operation: 1487ms so far, now at startProcess: returned from zygote!
09-02 03:52:07.482 16255 16255 E cr_IntentUtils: getBooleanExtra failed on intent null
09-02 03:52:07.482 16255 16255 E cr_IntentUtils: getBooleanExtra failed on intent null
09-02 03:52:07.482  1513  2570 E ProcessStats: Executing service ServiceState{cf3a3d8 org.chromium.content.app.SandboxedProcessService0 pkg=com.android.chrome proc=b8c331} without owner
09-02 03:52:07.483  1513  2570 D CompatibilityChangeReporter: Compat change id reported: 136274596; UID 10220; state: ENABLED
09-02 03:52:07.484  1513  1625 W ActivityManager: Slow operation: 1491ms so far, now at startProcess: done updating battery stats
09-02 03:52:07.484  1513  1625 W ActivityManager: Slow operation: 1491ms so far, now at startProcess: building log message
09-02 03:52:07.484  1513  1625 I ActivityManager: Start proc 17816:com.android.chrome:sandboxed_process0:org.chromium.content.app.SandboxedProcessService0:49/u0ai49 for  {com.android.chrome/org.chromium.content.app.SandboxedProcessService0:49}
09-02 03:52:07.484  1513  1625 W ActivityManager: Slow operation: 1491ms so far, now at startProcess: starting to update pids map
09-02 03:52:07.485  1513  1625 W ActivityManager: Slow operation: 1491ms so far, now at startProcess: done updating pids map
09-02 03:52:07.485  1513  1625 W ActivityManager: Slow operation: 1467ms so far, now at startProcess: asking zygote to start proc
09-02 03:52:07.485  1513  8503 E ProcessStats: Executing service ServiceState{cf3a3d8 org.chromium.content.app.SandboxedProcessService0 pkg=com.android.chrome proc=b8c331} without owner
09-02 03:52:07.485  1513  1625 D CompatibilityChangeReporter: Compat change id reported: 143937733; UID 10220; state: ENABLED
09-02 03:52:07.485  1513  8503 E ProcessStats: Binding service ServiceState{cf3a3d8 org.chromium.content.app.SandboxedProcessService0 pkg=com.android.chrome proc=b8c331} without owner
09-02 03:52:07.486 17775 17775 W SystemServiceRegistry: No service published for: uimode
09-02 03:52:07.486  1513  8503 E ProcessStats: Starting service ServiceState{cf3a3d8 org.chromium.content.app.SandboxedProcessService0 pkg=com.android.chrome proc=b8c331} without owner
09-02 03:52:07.486  1513  8503 E ProcessStats: Binding service ServiceState{cf3a3d8 org.chromium.content.app.SandboxedProcessService0 pkg=com.android.chrome proc=b8c331} without owner
09-02 03:52:07.486  1513  8503 I ActivityManager: Killing 16662:com.android.chrome:sandboxed_process0:org.chromium.content.app.SandboxedProcessService0:11/u0a220i-8989 (adj 0): isolated not needed
09-02 03:52:07.487  1513  1640 I libprocessgroup: Successfully killed process cgroup uid 90011 pid 16662 in 0ms
09-02 03:52:07.489 16255 16255 I cr_tabmodel: #isIncognitoTabBeingRestored from tabDetails:  false
09-02 03:52:07.489 16255 16255 I cr_tabmodel: #isIncognitoTabBeingRestored from tabDetails:  false
09-02 03:52:07.489 16255 16255 W cr_tabmodel: Failed to restore TabState; creating Tab with last known URL.
09-02 03:52:07.490 16255 16309 W cr_ChildConnAllocator: Ran out of UIDs to allocate.
09-02 03:52:07.493 17730 17792 I cr_LibraryLoader: Using ModernLinker
09-02 03:52:07.493 17775 17775 I cr_ChildProcessService: Creating new ChildProcessService pid=17775
09-02 03:52:07.494 17730 17792 W linker  : Warning: "/data/app/~~_KLlx60MH8CoecPTjMKp8g==/com.android.chrome-kw9RHYrlHKb9bPXi8OTClw==/base.apk!/lib/arm64-v8a/libchromium_android_linker.so" unused DT entry: unknown processor-specific (type 0x70000001 arg 0x0) (ignoring)
09-02 03:52:07.494 17730 17792 E cr_ChromiumAndroidLinker: ReserveAddressWithHint: Address range starting at 0x7a37607000 was not free to use
09-02 03:52:07.497  1513  8503 E ProcessStats: Executing service ServiceState{cf3a3d8 org.chromium.content.app.SandboxedProcessService0 pkg=com.android.chrome proc=b8c331} without owner
09-02 03:52:07.497  1513  8503 E ProcessStats: Foregrounding service ServiceState{cf3a3d8 org.chromium.content.app.SandboxedProcessService0 pkg=com.android.chrome proc=b8c331} without owner
09-02 03:52:07.501  1513  2169 W ActivityManager: Failed making new process record for com.android.chrome:sandboxed_process0:org.chromium.content.app.SandboxedProcessService0:108/10220 isolated=true
09-02 03:52:07.501  1513  2169 W ActivityManager: Unable to launch app com.android.chrome/10220 for service Intent { cmp=com.android.chrome/org.chromium.content.app.SandboxedProcessService0 }: process is bad
09-02 03:52:07.501 16255 16309 W cr_ChildProcessConn: Fallback to ComponentInfo{com.android.chrome/org.chromium.content.app.SandboxedProcessService1}
09-02 03:52:07.503  1513  2169 D CompatibilityChangeReporter: Compat change id reported: 135634846; UID 10220; state: DISABLED
09-02 03:52:07.503  1513  2169 D CompatibilityChangeReporter: Compat change id reported: 135754954; UID 10220; state: ENABLED
09-02 03:52:07.504  1513  2169 E ProcessStats: Executing service ServiceState{cf3a3d8 org.chromium.content.app.SandboxedProcessService0 pkg=com.android.chrome proc=b8c331} without owner
09-02 03:52:07.504 17730 17814 I cr_LibraryLoader: Successfully loaded native library
09-02 03:52:07.504  1513  2169 E ProcessStats: Binding service ServiceState{cf3a3d8 org.chromium.content.app.SandboxedProcessService0 pkg=com.android.chrome proc=b8c331} without owner
09-02 03:52:07.504 16255 16255 E cr_IntentUtils: getBooleanExtra failed on intent null
09-02 03:52:07.504 16255 16255 E cr_IntentUtils: getBooleanExtra failed on intent null
09-02 03:52:07.505  1513  2169 E ProcessStats: Starting service ServiceState{cf3a3d8 org.chromium.content.app.SandboxedProcessService0 pkg=com.android.chrome proc=b8c331} without owner
09-02 03:52:07.505  1513  2169 E ProcessStats: Binding service ServiceState{cf3a3d8 org.chromium.content.app.SandboxedProcessService0 pkg=com.android.chrome proc=b8c331} without owner
09-02 03:52:07.506  1513  2169 I ActivityManager: Killing 16697:com.android.chrome:sandboxed_process0:org.chromium.content.app.SandboxedProcessService0:12/u0a220i-8988 (adj 0): isolated not needed
09-02 03:52:07.506  1513  1640 I libprocessgroup: Successfully killed process cgroup uid 90012 pid 16697 in 0ms
09-02 03:52:07.508 16255 16309 W cr_ChildConnAllocator: Ran out of UIDs to allocate.
09-02 03:52:07.508 17796 17796 I LoadedApk: No resource references to update in package com.google.android.trichromelibrary
09-02 03:52:07.508 17796 17796 D NetworkSecurityConfig: Using Network Security Config from resource 0_resource_name_obfuscated debugBuild: false
09-02 03:52:07.509 17730 17814 I cr_CachingUmaRecorder: Flushed 3 samples from 3 histograms.
09-02 03:52:07.509 17796 17796 D NetworkSecurityConfig: Using Network Security Config from resource 0_resource_name_obfuscated debugBuild: false
09-02 03:52:07.510 16255 16255 I cr_tabmodel: #isIncognitoTabBeingRestored from tabDetails:  false
09-02 03:52:07.510 16255 16255 I cr_tabmodel: #isIncognitoTabBeingRestored from tabDetails:  false
09-02 03:52:07.510 16255 16255 W cr_tabmodel: Failed to restore TabState; creating Tab with last known URL.
09-02 03:52:07.511 17796 17796 I cr_SplitCompatApp: Launched version=107.0.5304.91 minSdkVersion=29 isBundle=true processName=com.android.chrome:sandboxed_process0:org.chromium.content.app.SandboxedProcessService0:48 isIsolated=true
09-02 03:52:07.511 17775 17794 I cr_LibraryLoader: Using ModernLinker
09-02 03:52:07.512 17775 17794 W linker  : Warning: "/data/app/~~_KLlx60MH8CoecPTjMKp8g==/com.android.chrome-kw9RHYrlHKb9bPXi8OTClw==/base.apk!/lib/arm64-v8a/libchromium_android_linker.so" unused DT entry: unknown processor-specific (type 0x70000001 arg 0x0) (ignoring)
09-02 03:52:07.513 17775 17794 E cr_ChromiumAndroidLinker: ReserveAddressWithHint: Address range starting at 0x7a37607000 was not free to use
09-02 03:52:07.519 16255 16309 W cr_ChildConnAllocator: Ran out of UIDs to allocate.
09-02 03:52:07.521 16255 16255 E cr_IntentUtils: getBooleanExtra failed on intent null
09-02 03:52:07.521 16255 16255 E cr_IntentUtils: getBooleanExtra failed on intent null
09-02 03:52:07.522  1513  2570 W ActivityManager: Failed making new process record for com.android.chrome:sandboxed_process0:org.chromium.content.app.SandboxedProcessService0:109/10220 isolated=true
09-02 03:52:07.522  1513  2570 W ActivityManager: Unable to launch app com.android.chrome/10220 for service Intent { cmp=com.android.chrome/org.chromium.content.app.SandboxedProcessService0 }: process is bad
09-02 03:52:07.522  1513  2570 E ProcessStats: Service owner ServiceRecord{e5e50af u0 com.android.chrome/org.chromium.content.app.SandboxedProcessService0:109} cleared while exec: pkg=com.android.chrome service=org.chromium.content.app.SandboxedProcessService0 proc=ProcessState{b8c331 com.android.chrome:sandboxed_process0/10220 pkg=com.android.chrome}
09-02 03:52:07.522  1513  2570 E ProcessStats: android.util.Log$TerribleFailure: Service owner ServiceRecord{e5e50af u0 com.android.chrome/org.chromium.content.app.SandboxedProcessService0:109} cleared while exec: pkg=com.android.chrome service=org.chromium.content.app.SandboxedProcessService0 proc=ProcessState{b8c331 com.android.chrome:sandboxed_process0/10220 pkg=com.android.chrome}
09-02 03:52:07.522  1513  2570 E ProcessStats: 	at android.util.Log.wtf(Log.java:313)
09-02 03:52:07.522  1513  2570 E ProcessStats: 	at android.util.Slog.wtfStack(Slog.java:111)
09-02 03:52:07.522  1513  2570 E ProcessStats: 	at com.android.internal.app.procstats.ServiceState.clearCurrentOwner(ServiceState.java:187)
09-02 03:52:07.522  1513  2570 E ProcessStats: 	at com.android.server.am.ActiveServices.bringDownServiceLocked(ActiveServices.java:3424)
09-02 03:52:07.522  1513  2570 E ProcessStats: 	at com.android.server.am.ActiveServices.bringUpServiceLocked(ActiveServices.java:2955)
09-02 03:52:07.522  1513  2570 E ProcessStats: 	at com.android.server.am.ActiveServices.bindServiceLocked(ActiveServices.java:2064)
09-02 03:52:07.522  1513  2570 E ProcessStats: 	at com.android.server.am.ActivityManagerService.bindIsolatedService(ActivityManagerService.java:15169)
09-02 03:52:07.522  1513  2570 E ProcessStats: 	at android.app.IActivityManager$Stub.onTransact(IActivityManager.java:2563)
09-02 03:52:07.522  1513  2570 E ProcessStats: 	at com.android.server.am.ActivityManagerService.onTransact(ActivityManagerService.java:2867)
09-02 03:52:07.522  1513  2570 E ProcessStats: 	at android.os.Binder.execTransactInternal(Binder.java:1154)
09-02 03:52:07.522  1513  2570 E ProcessStats: 	at android.os.Binder.execTransact(Binder.java:1123)
09-02 03:52:07.523 16255 16309 W cr_ChildProcessConn: Fallback to ComponentInfo{com.android.chrome/org.chromium.content.app.SandboxedProcessService1}
09-02 03:52:07.525 16255 16255 I cr_tabmodel: #isIncognitoTabBeingRestored from tabDetails:  false
09-02 03:52:07.525 16255 16255 I cr_tabmodel: #isIncognitoTabBeingRestored from tabDetails:  false
09-02 03:52:07.525 16255 16255 W cr_tabmodel: Failed to restore TabState; creating Tab with last known URL.
09-02 03:52:07.526 17796 17796 W SystemServiceRegistry: No service published for: uimode
09-02 03:52:07.529  1513  2570 E ProcessStats: Executing service ServiceState{cf3a3d8 org.chromium.content.app.SandboxedProcessService0 pkg=com.android.chrome proc=b8c331} without owner
09-02 03:52:07.529  1513  2570 E ProcessStats: Binding service ServiceState{cf3a3d8 org.chromium.content.app.SandboxedProcessService0 pkg=com.android.chrome proc=b8c331} without owner
09-02 03:52:07.530  1513  2570 E ProcessStats: Starting service ServiceState{cf3a3d8 org.chromium.content.app.SandboxedProcessService0 pkg=com.android.chrome proc=b8c331} without owner
09-02 03:52:07.530  1513  2570 E ProcessStats: Binding service ServiceState{cf3a3d8 org.chromium.content.app.SandboxedProcessService0 pkg=com.android.chrome proc=b8c331} without owner
09-02 03:52:07.531  1513  2570 I ActivityManager: Killing 16737:com.android.chrome:sandboxed_process0:org.chromium.content.app.SandboxedProcessService0:13/u0a220i-8987 (adj 0): isolated not needed
09-02 03:52:07.531  1513  1640 I libprocessgroup: Successfully killed process cgroup uid 90013 pid 16737 in 0ms
09-02 03:52:07.531 17796 17796 I cr_ChildProcessService: Creating new ChildProcessService pid=17796
09-02 03:52:07.533 16255 16309 W cr_ChildConnAllocator: Ran out of UIDs to allocate.
09-02 03:52:07.534  1513  2169 E ProcessStats: Executing service ServiceState{cf3a3d8 org.chromium.content.app.SandboxedProcessService0 pkg=com.android.chrome proc=b8c331} without owner
09-02 03:52:07.535  1513  2169 E ProcessStats: Foregrounding service ServiceState{cf3a3d8 org.chromium.content.app.SandboxedProcessService0 pkg=com.android.chrome proc=b8c331} without owner
09-02 03:52:07.535  1513  8503 W ActivityManager: Failed making new process record for com.android.chrome:sandboxed_process0:org.chromium.content.app.SandboxedProcessService0:110/10220 isolated=true
09-02 03:52:07.536  1513  8503 W ActivityManager: Unable to launch app com.android.chrome/10220 for service Intent { cmp=com.android.chrome/org.chromium.content.app.SandboxedProcessService0 }: process is bad
09-02 03:52:07.536 16255 16255 E cr_IntentUtils: getBooleanExtra failed on intent null
09-02 03:52:07.536 16255 16255 E cr_IntentUtils: getBooleanExtra failed on intent null
09-02 03:52:07.537 16255 16309 W cr_ChildProcessConn: Fallback to ComponentInfo{com.android.chrome/org.chromium.content.app.SandboxedProcessService1}
09-02 03:52:07.540  1513  3227 E ProcessStats: Executing service ServiceState{cf3a3d8 org.chromium.content.app.SandboxedProcessService0 pkg=com.android.chrome proc=b8c331} without owner
09-02 03:52:07.541  1513  3227 E ProcessStats: Binding service ServiceState{cf3a3d8 org.chromium.content.app.SandboxedProcessService0 pkg=com.android.chrome proc=b8c331} without owner
09-02 03:52:07.541  1513  3227 E ProcessStats: Starting service ServiceState{cf3a3d8 org.chromium.content.app.SandboxedProcessService0 pkg=com.android.chrome proc=b8c331} without owner
09-02 03:52:07.541  1513  3227 E ProcessStats: Binding service ServiceState{cf3a3d8 org.chromium.content.app.SandboxedProcessService0 pkg=com.android.chrome proc=b8c331} without owner
09-02 03:52:07.542  1513  3227 I ActivityManager: Killing 16770:com.android.chrome:sandboxed_process0:org.chromium.content.app.SandboxedProcessService0:14/u0a220i-8986 (adj 0): isolated not needed
09-02 03:52:07.542  1513  1640 I libprocessgroup: Successfully killed process cgroup uid 90014 pid 16770 in 0ms
09-02 03:52:07.544 17816 17816 E libc    : SetHeapTaggingLevel: re-enabling tagging after it was disabled is not supported
09-02 03:52:07.549 16255 16255 I cr_tabmodel: #isIncognitoTabBeingRestored from tabDetails:  false
09-02 03:52:07.549 16255 16255 I cr_tabmodel: #isIncognitoTabBeingRestored from tabDetails:  false
09-02 03:52:07.549 16255 16255 W cr_tabmodel: Failed to restore TabState; creating Tab with last known URL.
09-02 03:52:07.554 17796 17817 I cr_LibraryLoader: Using ModernLinker
09-02 03:52:07.554 17775 17824 I cr_LibraryLoader: Successfully loaded native library
09-02 03:52:07.556 17775 17824 I cr_CachingUmaRecorder: Flushed 3 samples from 3 histograms.
09-02 03:52:07.556 17796 17817 W linker  : Warning: "/data/app/~~_KLlx60MH8CoecPTjMKp8g==/com.android.chrome-kw9RHYrlHKb9bPXi8OTClw==/base.apk!/lib/arm64-v8a/libchromium_android_linker.so" unused DT entry: unknown processor-specific (type 0x70000001 arg 0x0) (ignoring)
09-02 03:52:07.556  1513  2570 W ActivityManager: Failed making new process record for com.android.chrome:sandboxed_process0:org.chromium.content.app.SandboxedProcessService0:111/10220 isolated=true
09-02 03:52:07.556  1513  2570 W ActivityManager: Unable to launch app com.android.chrome/10220 for service Intent { cmp=com.android.chrome/org.chromium.content.app.SandboxedProcessService0 }: process is bad
09-02 03:52:07.557  1513  2570 E ProcessStats: Service owner ServiceRecord{315896d u0 com.android.chrome/org.chromium.content.app.SandboxedProcessService0:111} cleared while exec: pkg=com.android.chrome service=org.chromium.content.app.SandboxedProcessService0 proc=ProcessState{b8c331 com.android.chrome:sandboxed_process0/10220 pkg=com.android.chrome}
09-02 03:52:07.557  1513  2570 E ProcessStats: android.util.Log$TerribleFailure: Service owner ServiceRecord{315896d u0 com.android.chrome/org.chromium.content.app.SandboxedProcessService0:111} cleared while exec: pkg=com.android.chrome service=org.chromium.content.app.SandboxedProcessService0 proc=ProcessState{b8c331 com.android.chrome:sandboxed_process0/10220 pkg=com.android.chrome}
09-02 03:52:07.557  1513  2570 E ProcessStats: 	at android.util.Log.wtf(Log.java:313)
09-02 03:52:07.557  1513  2570 E ProcessStats: 	at android.util.Slog.wtfStack(Slog.java:111)
09-02 03:52:07.557  1513  2570 E ProcessStats: 	at com.android.internal.app.procstats.ServiceState.clearCurrentOwner(ServiceState.java:187)
09-02 03:52:07.557  1513  2570 E ProcessStats: 	at com.android.server.am.ActiveServices.bringDownServiceLocked(ActiveServices.java:3424)
09-02 03:52:07.557  1513  2570 E ProcessStats: 	at com.android.server.am.ActiveServices.bringUpServiceLocked(ActiveServices.java:2955)
09-02 03:52:07.557  1513  2570 E ProcessStats: 	at com.android.server.am.ActiveServices.bindServiceLocked(ActiveServices.java:2064)
09-02 03:52:07.557  1513  2570 E ProcessStats: 	at com.android.server.am.ActivityManagerService.bindIsolatedService(ActivityManagerService.java:15169)
09-02 03:52:07.557  1513  2570 E ProcessStats: 	at android.app.IActivityManager$Stub.onTransact(IActivityManager.java:2563)
09-02 03:52:07.557  1513  2570 E ProcessStats: 	at com.android.server.am.ActivityManagerService.onTransact(ActivityManagerService.java:2867)
09-02 03:52:07.557  1513  2570 E ProcessStats: 	at android.os.Binder.execTransactInternal(Binder.java:1154)
09-02 03:52:07.557  1513  2570 E ProcessStats: 	at android.os.Binder.execTransact(Binder.java:1123)
09-02 03:52:07.558 16255 16309 W cr_ChildProcessConn: Fallback to ComponentInfo{com.android.chrome/org.chromium.content.app.SandboxedProcessService1}
09-02 03:52:07.558 17816 17816 E cessService0:4: Not starting debugger since process cannot load the jdwp agent.
09-02 03:52:07.559  1513  2169 E ProcessStats: Executing service ServiceState{cf3a3d8 org.chromium.content.app.SandboxedProcessService0 pkg=com.android.chrome proc=b8c331} without owner
09-02 03:52:07.560  1513  2169 E ProcessStats: Binding service ServiceState{cf3a3d8 org.chromium.content.app.SandboxedProcessService0 pkg=com.android.chrome proc=b8c331} without owner
09-02 03:52:07.560  1513  2169 E ProcessStats: Starting service ServiceState{cf3a3d8 org.chromium.content.app.SandboxedProcessService0 pkg=com.android.chrome proc=b8c331} without owner
09-02 03:52:07.560  1513  2169 E ProcessStats: Binding service ServiceState{cf3a3d8 org.chromium.content.app.SandboxedProcessService0 pkg=com.android.chrome proc=b8c331} without owner
09-02 03:52:07.560 16255 16255 E cr_IntentUtils: getBooleanExtra failed on intent null
09-02 03:52:07.560 16255 16255 E cr_IntentUtils: getBooleanExtra failed on intent null
09-02 03:52:07.561  1513  2169 I ActivityManager: Killing 16811:com.android.chrome:sandboxed_process0:org.chromium.content.app.SandboxedProcessService0:15/u0a220i-8985 (adj 0): isolated not needed
09-02 03:52:07.562  1513  1640 I libprocessgroup: Successfully killed process cgroup uid 90015 pid 16811 in 0ms
09-02 03:52:07.563 16310 16310 D Zygote  : Forked child process 17845
09-02 03:52:07.564  1513  1625 W ActivityManager: Slow operation: 1547ms so far, now at startProcess: returned from zygote!
09-02 03:52:07.564 16255 16255 I cr_tabmodel: #isIncognitoTabBeingRestored from tabDetails:  false
09-02 03:52:07.564 16255 16255 I cr_tabmodel: #isIncognitoTabBeingRestored from tabDetails:  false
09-02 03:52:07.564  1513  1625 W ActivityManager: Slow operation: 1547ms so far, now at startProcess: done updating battery stats
09-02 03:52:07.564 16255 16255 W cr_tabmodel: Failed to restore TabState; creating Tab with last known URL.
09-02 03:52:07.564  1513  1625 W ActivityManager: Slow operation: 1547ms so far, now at startProcess: building log message
09-02 03:52:07.564  1513  1625 I ActivityManager: Start proc 17845:com.android.chrome:sandboxed_process0:org.chromium.content.app.SandboxedProcessService0:50/u0ai50 for  {com.android.chrome/org.chromium.content.app.SandboxedProcessService0:50}
09-02 03:52:07.564  1513  1625 W ActivityManager: Slow operation: 1547ms so far, now at startProcess: starting to update pids map
09-02 03:52:07.565 16255 16309 W cr_ChildConnAllocator: Ran out of UIDs to allocate.
09-02 03:52:07.565  1513  1625 W ActivityManager: Slow operation: 1548ms so far, now at startProcess: done updating pids map
09-02 03:52:07.565  1513  1625 W ActivityManager: Slow operation: 1525ms so far, now at startProcess: asking zygote to start proc
09-02 03:52:07.568  1513  2169 W ActivityManager: Failed making new process record for com.android.chrome:sandboxed_process0:org.chromium.content.app.SandboxedProcessService0:112/10220 isolated=true
09-02 03:52:07.568  1513  2169 W ActivityManager: Unable to launch app com.android.chrome/10220 for service Intent { cmp=com.android.chrome/org.chromium.content.app.SandboxedProcessService0 }: process is bad
09-02 03:52:07.569 17845 17845 E libc    : SetHeapTaggingLevel: re-enabling tagging after it was disabled is not supported
09-02 03:52:07.572 17796 17833 I cr_LibraryLoader: Successfully loaded native library
09-02 03:52:07.573 17796 17833 I cr_CachingUmaRecorder: Flushed 3 samples from 3 histograms.
09-02 03:52:07.574  1513  2169 E ProcessStats: Service owner ServiceRecord{8c5dcc6 u0 com.android.chrome/org.chromium.content.app.SandboxedProcessService0:112} cleared while exec: pkg=com.android.chrome service=org.chromium.content.app.SandboxedProcessService0 proc=ProcessState{b8c331 com.android.chrome:sandboxed_process0/10220 pkg=com.android.chrome}
09-02 03:52:07.574  1513  2169 E ProcessStats: android.util.Log$TerribleFailure: Service owner ServiceRecord{8c5dcc6 u0 com.android.chrome/org.chromium.content.app.SandboxedProcessService0:112} cleared while exec: pkg=com.android.chrome service=org.chromium.content.app.SandboxedProcessService0 proc=ProcessState{b8c331 com.android.chrome:sandboxed_process0/10220 pkg=com.android.chrome}
09-02 03:52:07.574  1513  2169 E ProcessStats: 	at android.util.Log.wtf(Log.java:313)
09-02 03:52:07.574  1513  2169 E ProcessStats: 	at android.util.Slog.wtfStack(Slog.java:111)
09-02 03:52:07.574  1513  2169 E ProcessStats: 	at com.android.internal.app.procstats.ServiceState.clearCurrentOwner(ServiceState.java:187)
09-02 03:52:07.574  1513  2169 E ProcessStats: 	at com.android.server.am.ActiveServices.bringDownServiceLocked(ActiveServices.java:3424)
09-02 03:52:07.574  1513  2169 E ProcessStats: 	at com.android.server.am.ActiveServices.bringUpServiceLocked(ActiveServices.java:2955)
09-02 03:52:07.574  1513  2169 E ProcessStats: 	at com.android.server.am.ActiveServices.bindServiceLocked(ActiveServices.java:2064)
09-02 03:52:07.574  1513  2169 E ProcessStats: 	at com.android.server.am.ActivityManagerService.bindIsolatedService(ActivityManagerService.java:15169)
09-02 03:52:07.574  1513  2169 E ProcessStats: 	at android.app.IActivityManager$Stub.onTransact(IActivityManager.java:2563)
09-02 03:52:07.574  1513  2169 E ProcessStats: 	at com.android.server.am.ActivityManagerService.onTransact(ActivityManagerService.java:2867)
09-02 03:52:07.574  1513  2169 E ProcessStats: 	at android.os.Binder.execTransactInternal(Binder.java:1154)
09-02 03:52:07.574  1513  2169 E ProcessStats: 	at android.os.Binder.execTransact(Binder.java:1123)
09-02 03:52:07.576 16255 16309 W cr_ChildProcessConn: Fallback to ComponentInfo{com.android.chrome/org.chromium.content.app.SandboxedProcessService1}
09-02 03:52:07.578 16255 16255 E cr_IntentUtils: getBooleanExtra failed on intent null
09-02 03:52:07.578 16255 16255 E cr_IntentUtils: getBooleanExtra failed on intent null
09-02 03:52:07.582 17845 17845 E cessService0:5: Not starting debugger since process cannot load the jdwp agent.
09-02 03:52:07.583  1513  8503 E ProcessStats: Executing service ServiceState{cf3a3d8 org.chromium.content.app.SandboxedProcessService0 pkg=com.android.chrome proc=b8c331} without owner
09-02 03:52:07.584  1513  8503 D CompatibilityChangeReporter: Compat change id reported: 136274596; UID 10220; state: ENABLED
09-02 03:52:07.585 16255 16255 I cr_tabmodel: #isIncognitoTabBeingRestored from tabDetails:  false
09-02 03:52:07.585 16255 16255 I cr_tabmodel: #isIncognitoTabBeingRestored from tabDetails:  false
09-02 03:52:07.585 16255 16255 W cr_tabmodel: Failed to restore TabState; creating Tab with last known URL.
09-02 03:52:07.589  1513  8504 E ProcessStats: Executing service ServiceState{cf3a3d8 org.chromium.content.app.SandboxedProcessService0 pkg=com.android.chrome proc=b8c331} without owner
09-02 03:52:07.590  1513  8504 E ProcessStats: Binding service ServiceState{cf3a3d8 org.chromium.content.app.SandboxedProcessService0 pkg=com.android.chrome proc=b8c331} without owner
09-02 03:52:07.590  1513  8504 E ProcessStats: Starting service ServiceState{cf3a3d8 org.chromium.content.app.SandboxedProcessService0 pkg=com.android.chrome proc=b8c331} without owner
09-02 03:52:07.591  1513  8504 E ProcessStats: Binding service ServiceState{cf3a3d8 org.chromium.content.app.SandboxedProcessService0 pkg=com.android.chrome proc=b8c331} without owner
09-02 03:52:07.591 16310 16310 D Zygote  : Forked child process 17869
09-02 03:52:07.593  1513  8504 I ActivityManager: Killing 16838:com.android.chrome:sandboxed_process0:org.chromium.content.app.SandboxedProcessService0:16/u0a220i-8984 (adj 0): isolated not needed
09-02 03:52:07.593  1513  1625 W ActivityManager: Slow operation: 1552ms so far, now at startProcess: returned from zygote!
09-02 03:52:07.595  1513  1625 W ActivityManager: Slow operation: 1555ms so far, now at startProcess: done updating battery stats
09-02 03:52:07.595  1513  1625 W ActivityManager: Slow operation: 1555ms so far, now at startProcess: building log message
09-02 03:52:07.595  1513  1625 I ActivityManager: Start proc 17869:com.android.chrome:sandboxed_process0:org.chromium.content.app.SandboxedProcessService0:51/u0ai51 for  {com.android.chrome/org.chromium.content.app.SandboxedProcessService0:51}
09-02 03:52:07.595  1513  1625 W ActivityManager: Slow operation: 1555ms so far, now at startProcess: starting to update pids map
09-02 03:52:07.595 16255 16309 W cr_ChildConnAllocator: Ran out of UIDs to allocate.
09-02 03:52:07.596  1513  1625 W ActivityManager: Slow operation: 1555ms so far, now at startProcess: done updating pids map
09-02 03:52:07.596  1513  1625 W ActivityManager: Slow operation: 1524ms so far, now at startProcess: asking zygote to start proc
09-02 03:52:07.596  1513  1625 D CompatibilityChangeReporter: Compat change id reported: 143937733; UID 10220; state: ENABLED
09-02 03:52:07.598 16255 16255 E cr_IntentUtils: getBooleanExtra failed on intent null
09-02 03:52:07.598 16255 16255 E cr_IntentUtils: getBooleanExtra failed on intent null
09-02 03:52:07.602 16255 16255 I cr_tabmodel: #isIncognitoTabBeingRestored from tabDetails:  false
09-02 03:52:07.602 16255 16255 I cr_tabmodel: #isIncognitoTabBeingRestored from tabDetails:  false
09-02 03:52:07.602 16255 16255 W cr_tabmodel: Failed to restore TabState; creating Tab with last known URL.
09-02 03:52:07.603  1513  1640 I libprocessgroup: Successfully killed process cgroup uid 90016 pid 16838 in 0ms
09-02 03:52:07.605 17869 17869 E libc    : SetHeapTaggingLevel: re-enabling tagging after it was disabled is not supported
09-02 03:52:07.608 16255 16309 W cr_ChildConnAllocator: Ran out of UIDs to allocate.
09-02 03:52:07.608  1513  8504 E ProcessStats: Executing service ServiceState{cf3a3d8 org.chromium.content.app.SandboxedProcessService0 pkg=com.android.chrome proc=b8c331} without owner
09-02 03:52:07.609  1513  8504 D CompatibilityChangeReporter: Compat change id reported: 136274596; UID 10220; state: ENABLED
09-02 03:52:07.613  1513  2570 W ActivityManager: Failed making new process record for com.android.chrome:sandboxed_process0:org.chromium.content.app.SandboxedProcessService0:113/10220 isolated=true
09-02 03:52:07.613  1513  2570 W ActivityManager: Unable to launch app com.android.chrome/10220 for service Intent { cmp=com.android.chrome/org.chromium.content.app.SandboxedProcessService0 }: process is bad
09-02 03:52:07.614  1513  2570 E ProcessStats: Service owner ServiceRecord{b55e102 u0 com.android.chrome/org.chromium.content.app.SandboxedProcessService0:113} cleared while exec: pkg=com.android.chrome service=org.chromium.content.app.SandboxedProcessService0 proc=ProcessState{b8c331 com.android.chrome:sandboxed_process0/10220 pkg=com.android.chrome}
09-02 03:52:07.614  1513  2570 E ProcessStats: android.util.Log$TerribleFailure: Service owner ServiceRecord{b55e102 u0 com.android.chrome/org.chromium.content.app.SandboxedProcessService0:113} cleared while exec: pkg=com.android.chrome service=org.chromium.content.app.SandboxedProcessService0 proc=ProcessState{b8c331 com.android.chrome:sandboxed_process0/10220 pkg=com.android.chrome}
09-02 03:52:07.614  1513  2570 E ProcessStats: 	at android.util.Log.wtf(Log.java:313)
09-02 03:52:07.614  1513  2570 E ProcessStats: 	at android.util.Slog.wtfStack(Slog.java:111)
09-02 03:52:07.614  1513  2570 E ProcessStats: 	at com.android.internal.app.procstats.ServiceState.clearCurrentOwner(ServiceState.java:187)
09-02 03:52:07.614  1513  2570 E ProcessStats: 	at com.android.server.am.ActiveServices.bringDownServiceLocked(ActiveServices.java:3424)
09-02 03:52:07.614  1513  2570 E ProcessStats: 	at com.android.server.am.ActiveServices.bringUpServiceLocked(ActiveServices.java:2955)
09-02 03:52:07.614  1513  2570 E ProcessStats: 	at com.android.server.am.ActiveServices.bindServiceLocked(ActiveServices.java:2064)
09-02 03:52:07.614  1513  2570 E ProcessStats: 	at com.android.server.am.ActivityManagerService.bindIsolatedService(ActivityManagerService.java:15169)
09-02 03:52:07.614  1513  2570 E ProcessStats: 	at android.app.IActivityManager$Stub.onTransact(IActivityManager.java:2563)
09-02 03:52:07.614  1513  2570 E ProcessStats: 	at com.android.server.am.ActivityManagerService.onTransact(ActivityManagerService.java:2867)
09-02 03:52:07.614  1513  2570 E ProcessStats: 	at android.os.Binder.execTransactInternal(Binder.java:1154)
09-02 03:52:07.614  1513  2570 E ProcessStats: 	at android.os.Binder.execTransact(Binder.java:1123)
09-02 03:52:07.618 16255 16309 W cr_ChildProcessConn: Fallback to ComponentInfo{com.android.chrome/org.chromium.content.app.SandboxedProcessService1}
09-02 03:52:07.618 16255 16255 E cr_IntentUtils: getBooleanExtra failed on intent null
09-02 03:52:07.618 16255 16255 E cr_IntentUtils: getBooleanExtra failed on intent null
09-02 03:52:07.619  1513  8503 D CompatibilityChangeReporter: Compat change id reported: 135634846; UID 10220; state: DISABLED
09-02 03:52:07.619  1513  8503 D CompatibilityChangeReporter: Compat change id reported: 135754954; UID 10220; state: ENABLED
09-02 03:52:07.620  1513  8503 E ProcessStats: Executing service ServiceState{cf3a3d8 org.chromium.content.app.SandboxedProcessService0 pkg=com.android.chrome proc=b8c331} without owner
09-02 03:52:07.621  1513  8503 E ProcessStats: Binding service ServiceState{cf3a3d8 org.chromium.content.app.SandboxedProcessService0 pkg=com.android.chrome proc=b8c331} without owner
09-02 03:52:07.621  1513  8503 E ProcessStats: Starting service ServiceState{cf3a3d8 org.chromium.content.app.SandboxedProcessService0 pkg=com.android.chrome proc=b8c331} without owner
09-02 03:52:07.621  1513  8503 E ProcessStats: Binding service ServiceState{cf3a3d8 org.chromium.content.app.SandboxedProcessService0 pkg=com.android.chrome proc=b8c331} without owner
09-02 03:52:07.622  1513  8503 I ActivityManager: Killing 16862:com.android.chrome:sandboxed_process0:org.chromium.content.app.SandboxedProcessService0:17/u0a220i-8983 (adj 0): isolated not needed
09-02 03:52:07.624 17816 17816 I LoadedApk: No resource references to update in package com.google.android.trichromelibrary
09-02 03:52:07.624 17816 17816 D NetworkSecurityConfig: Using Network Security Config from resource 0_resource_name_obfuscated debugBuild: false
09-02 03:52:07.625 17816 17816 D NetworkSecurityConfig: Using Network Security Config from resource 0_resource_name_obfuscated debugBuild: false
09-02 03:52:07.626 16255 16309 W cr_ChildConnAllocator: Ran out of UIDs to allocate.
09-02 03:52:07.627 16255 16255 I cr_tabmodel: #isIncognitoTabBeingRestored from tabDetails:  false
09-02 03:52:07.627  1513  8503 W ActivityManager: Failed making new process record for com.android.chrome:sandboxed_process0:org.chromium.content.app.SandboxedProcessService0:114/10220 isolated=true
09-02 03:52:07.627 16255 16255 I cr_tabmodel: #isIncognitoTabBeingRestored from tabDetails:  false
09-02 03:52:07.627  1513  8503 W ActivityManager: Unable to launch app com.android.chrome/10220 for service Intent { cmp=com.android.chrome/org.chromium.content.app.SandboxedProcessService0 }: process is bad
09-02 03:52:07.627 16255 16255 W cr_tabmodel: Failed to restore TabState; creating Tab with last known URL.
09-02 03:52:07.627  1513  8503 E ProcessStats: Service owner ServiceRecord{2b33626 u0 com.android.chrome/org.chromium.content.app.SandboxedProcessService0:114} cleared while exec: pkg=com.android.chrome service=org.chromium.content.app.SandboxedProcessService0 proc=ProcessState{b8c331 com.android.chrome:sandboxed_process0/10220 pkg=com.android.chrome}
09-02 03:52:07.627  1513  8503 E ProcessStats: android.util.Log$TerribleFailure: Service owner ServiceRecord{2b33626 u0 com.android.chrome/org.chromium.content.app.SandboxedProcessService0:114} cleared while exec: pkg=com.android.chrome service=org.chromium.content.app.SandboxedProcessService0 proc=ProcessState{b8c331 com.android.chrome:sandboxed_process0/10220 pkg=com.android.chrome}
09-02 03:52:07.627  1513  8503 E ProcessStats: 	at android.util.Log.wtf(Log.java:313)
