09-02 03:48:59.153  1513  1625 W ActivityManager: Slow operation: 1054ms so far, now at startProcess: starting to update pids map
09-02 03:48:59.153  1513  1625 W ActivityManager: Slow operation: 1054ms so far, now at startProcess: done updating pids map
09-02 03:48:59.153  1513  1625 W ActivityManager: Slow operation: 1034ms so far, now at startProcess: asking zygote to start proc
09-02 03:48:59.155  8430  8430 I LoadedApk: No resource references to update in package com.google.android.trichromelibrary
09-02 03:48:59.155  8430  8430 D NetworkSecurityConfig: Using Network Security Config from resource 0_resource_name_obfuscated debugBuild: false
09-02 03:48:59.157  8430  8430 D NetworkSecurityConfig: Using Network Security Config from resource 0_resource_name_obfuscated debugBuild: false
09-02 03:48:59.159  8430  8430 I cr_SplitCompatApp: Launched version=107.0.5304.91 minSdkVersion=29 isBundle=true processName=com.android.chrome:sandboxed_process0:org.chromium.content.app.SandboxedProcessService0:51 isIsolated=true
09-02 03:48:59.160  1513  4617 D CompatibilityChangeReporter: Compat change id reported: 136274596; UID 10220; state: ENABLED
09-02 03:48:59.165  1513  2905 D CompatibilityChangeReporter: Compat change id reported: 135634846; UID 10220; state: DISABLED
09-02 03:48:59.165  1513  2905 D CompatibilityChangeReporter: Compat change id reported: 135754954; UID 10220; state: ENABLED
09-02 03:48:59.168  8477  8477 E cessService0:5: Not starting debugger since process cannot load the jdwp agent.
09-02 03:48:59.169  6835  6835 D Zygote  : Forked child process 8508
09-02 03:48:59.170  8430  8430 W SystemServiceRegistry: No service published for: uimode
09-02 03:48:59.171  1513  1625 W ActivityManager: Slow operation: 1051ms so far, now at startProcess: returned from zygote!
09-02 03:48:59.171  6784  6784 E cr_IntentUtils: getBooleanExtra failed on intent null
09-02 03:48:59.171  6784  6784 E cr_IntentUtils: getBooleanExtra failed on intent null
09-02 03:48:59.171  1513  1625 W ActivityManager: Slow operation: 1052ms so far, now at startProcess: done updating battery stats
09-02 03:48:59.171  1513  1625 W ActivityManager: Slow operation: 1052ms so far, now at startProcess: building log message
09-02 03:48:59.171  1513  1625 I ActivityManager: Start proc 8508:com.android.chrome:sandboxed_process0:org.chromium.content.app.SandboxedProcessService0:54/u0ai54 for  {com.android.chrome/org.chromium.content.app.SandboxedProcessService0:54}
09-02 03:48:59.171  1513  1625 W ActivityManager: Slow operation: 1052ms so far, now at startProcess: starting to update pids map
09-02 03:48:59.171  1513  1625 W ActivityManager: Slow operation: 1052ms so far, now at startProcess: done updating pids map
09-02 03:48:59.171  1513  1625 W ActivityManager: Slow operation: 1012ms so far, now at startProcess: asking zygote to start proc
09-02 03:48:59.172  1513  1625 D CompatibilityChangeReporter: Compat change id reported: 143937733; UID 10220; state: ENABLED
09-02 03:48:59.172  8508  8508 E libc    : SetHeapTaggingLevel: re-enabling tagging after it was disabled is not supported
09-02 03:48:59.176  8430  8430 I cr_ChildProcessService: Creating new ChildProcessService pid=8430
09-02 03:48:59.178  6784  6784 I cr_tabmodel: #isIncognitoTabBeingRestored from tabDetails:  false
09-02 03:48:59.178  6784  6784 I cr_tabmodel: #isIncognitoTabBeingRestored from tabDetails:  false
09-02 03:48:59.178  6784  6784 W cr_tabmodel: Failed to restore TabState; creating Tab with last known URL.
09-02 03:48:59.180  1513  2905 D CompatibilityChangeReporter: Compat change id reported: 136274596; UID 10220; state: ENABLED
09-02 03:48:59.184  8508  8508 E cessService0:5: Not starting debugger since process cannot load the jdwp agent.
09-02 03:48:59.188  8430  8468 I cr_LibraryLoader: Using ModernLinker
09-02 03:48:59.189  8430  8468 W linker  : Warning: "/data/app/~~_KLlx60MH8CoecPTjMKp8g==/com.android.chrome-kw9RHYrlHKb9bPXi8OTClw==/base.apk!/lib/arm64-v8a/libchromium_android_linker.so" unused DT entry: unknown processor-specific (type 0x70000001 arg 0x0) (ignoring)
09-02 03:48:59.189  8430  8468 E cr_ChromiumAndroidLinker: ReserveAddressWithHint: Address range starting at 0x7a38766000 was not free to use
09-02 03:48:59.191  1513  3168 D CompatibilityChangeReporter: Compat change id reported: 136274596; UID 10220; state: ENABLED
09-02 03:48:59.194  8457  8457 I LoadedApk: No resource references to update in package com.google.android.trichromelibrary
09-02 03:48:59.194  6835  6835 D Zygote  : Forked child process 8533
09-02 03:48:59.194  8457  8457 D NetworkSecurityConfig: Using Network Security Config from resource 0_resource_name_obfuscated debugBuild: false
09-02 03:48:59.195  8457  8457 D NetworkSecurityConfig: Using Network Security Config from resource 0_resource_name_obfuscated debugBuild: false
09-02 03:48:59.195  1513  1625 W ActivityManager: Slow operation: 1036ms so far, now at startProcess: returned from zygote!
09-02 03:48:59.196  8533  8533 E libc    : SetHeapTaggingLevel: re-enabling tagging after it was disabled is not supported
09-02 03:48:59.196  1513  1625 W ActivityManager: Slow operation: 1036ms so far, now at startProcess: done updating battery stats
09-02 03:48:59.196  1513  1625 W ActivityManager: Slow operation: 1036ms so far, now at startProcess: building log message
09-02 03:48:59.196  1513  1625 I ActivityManager: Start proc 8533:com.android.chrome:sandboxed_process0:org.chromium.content.app.SandboxedProcessService0:55/u0ai55 for  {com.android.chrome/org.chromium.content.app.SandboxedProcessService0:55}
09-02 03:48:59.196  1513  1625 W ActivityManager: Slow operation: 1036ms so far, now at startProcess: starting to update pids map
09-02 03:48:59.196  1513  1625 W ActivityManager: Slow operation: 1037ms so far, now at startProcess: done updating pids map
09-02 03:48:59.196  1513  1625 W ActivityManager: Slow operation: 1026ms so far, now at startProcess: asking zygote to start proc
09-02 03:48:59.196  1513  1625 D CompatibilityChangeReporter: Compat change id reported: 143937733; UID 10220; state: ENABLED
09-02 03:48:59.197  8457  8457 I cr_SplitCompatApp: Launched version=107.0.5304.91 minSdkVersion=29 isBundle=true processName=com.android.chrome:sandboxed_process0:org.chromium.content.app.SandboxedProcessService0:52 isIsolated=true
09-02 03:48:59.198  8430  8516 I cr_LibraryLoader: Successfully loaded native library
09-02 03:48:59.199  8430  8516 I cr_CachingUmaRecorder: Flushed 3 samples from 3 histograms.
09-02 03:48:59.202  6784  6784 E cr_IntentUtils: getBooleanExtra failed on intent null
09-02 03:48:59.202  6784  6784 E cr_IntentUtils: getBooleanExtra failed on intent null
09-02 03:48:59.205  8533  8533 E cessService0:5: Not starting debugger since process cannot load the jdwp agent.
09-02 03:48:59.206  1513  3245 D CompatibilityChangeReporter: Compat change id reported: 135634846; UID 10220; state: DISABLED
09-02 03:48:59.206  1513  3245 D CompatibilityChangeReporter: Compat change id reported: 135754954; UID 10220; state: ENABLED
09-02 03:48:59.211  6784  6784 I cr_tabmodel: #isIncognitoTabBeingRestored from tabDetails:  false
09-02 03:48:59.211  6784  6784 I cr_tabmodel: #isIncognitoTabBeingRestored from tabDetails:  false
09-02 03:48:59.211  6784  6784 W cr_tabmodel: Failed to restore TabState; creating Tab with last known URL.
09-02 03:48:59.214  8477  8477 I LoadedApk: No resource references to update in package com.google.android.trichromelibrary
09-02 03:48:59.214  8477  8477 D NetworkSecurityConfig: Using Network Security Config from resource 0_resource_name_obfuscated debugBuild: false
09-02 03:48:59.215  8477  8477 D NetworkSecurityConfig: Using Network Security Config from resource 0_resource_name_obfuscated debugBuild: false
09-02 03:48:59.216  8457  8457 W SystemServiceRegistry: No service published for: uimode
09-02 03:48:59.216  8477  8477 I cr_SplitCompatApp: Launched version=107.0.5304.91 minSdkVersion=29 isBundle=true processName=com.android.chrome:sandboxed_process0:org.chromium.content.app.SandboxedProcessService0:53 isIsolated=true
09-02 03:48:59.220  8457  8457 I cr_ChildProcessService: Creating new ChildProcessService pid=8457
09-02 03:48:59.220  1513  3245 D CompatibilityChangeReporter: Compat change id reported: 136274596; UID 10220; state: ENABLED
09-02 03:48:59.223  6784  6784 E cr_IntentUtils: getBooleanExtra failed on intent null
09-02 03:48:59.223  6784  6784 E cr_IntentUtils: getBooleanExtra failed on intent null
09-02 03:48:59.224  6835  6835 D Zygote  : Forked child process 8557
09-02 03:48:59.227  6784  6784 I cr_tabmodel: #isIncognitoTabBeingRestored from tabDetails:  false
09-02 03:48:59.227  6784  6784 I cr_tabmodel: #isIncognitoTabBeingRestored from tabDetails:  false
09-02 03:48:59.227  6784  6784 W cr_tabmodel: Failed to restore TabState; creating Tab with last known URL.
09-02 03:48:59.228  8508  8508 I LoadedApk: No resource references to update in package com.google.android.trichromelibrary
09-02 03:48:59.228  8508  8508 D NetworkSecurityConfig: Using Network Security Config from resource 0_resource_name_obfuscated debugBuild: false
09-02 03:48:59.229  8508  8508 D NetworkSecurityConfig: Using Network Security Config from resource 0_resource_name_obfuscated debugBuild: false
09-02 03:48:59.231  8508  8508 I cr_SplitCompatApp: Launched version=107.0.5304.91 minSdkVersion=29 isBundle=true processName=com.android.chrome:sandboxed_process0:org.chromium.content.app.SandboxedProcessService0:54 isIsolated=true
09-02 03:48:59.231  1513  1625 W ActivityManager: Slow operation: 1061ms so far, now at startProcess: returned from zygote!
09-02 03:48:59.232  1513  1625 W ActivityManager: Slow operation: 1061ms so far, now at startProcess: done updating battery stats
09-02 03:48:59.232  1513  1625 W ActivityManager: Slow operation: 1061ms so far, now at startProcess: building log message
09-02 03:48:59.232  1513  1625 I ActivityManager: Start proc 8557:com.android.chrome:sandboxed_process0:org.chromium.content.app.SandboxedProcessService0:56/u0ai56 for  {com.android.chrome/org.chromium.content.app.SandboxedProcessService0:56}
09-02 03:48:59.232  1513  1625 W ActivityManager: Slow operation: 1061ms so far, now at startProcess: starting to update pids map
09-02 03:48:59.232  1513  1625 W ActivityManager: Slow operation: 1061ms so far, now at startProcess: done updating pids map
09-02 03:48:59.232  1513  1625 W ActivityManager: Slow operation: 1030ms so far, now at startProcess: asking zygote to start proc
09-02 03:48:59.232  1513  1625 D CompatibilityChangeReporter: Compat change id reported: 143937733; UID 10220; state: ENABLED
09-02 03:48:59.239  8477  8477 W SystemServiceRegistry: No service published for: uimode
09-02 03:48:59.240  1513  4617 D CompatibilityChangeReporter: Compat change id reported: 135634846; UID 10220; state: DISABLED
09-02 03:48:59.240  1513  4617 D CompatibilityChangeReporter: Compat change id reported: 135754954; UID 10220; state: ENABLED
09-02 03:48:59.241  8557  8557 E libc    : SetHeapTaggingLevel: re-enabling tagging after it was disabled is not supported
09-02 03:48:59.244  6784  6784 E cr_IntentUtils: getBooleanExtra failed on intent null
09-02 03:48:59.244  8477  8477 I cr_ChildProcessService: Creating new ChildProcessService pid=8477
09-02 03:48:59.244  6784  6784 E cr_IntentUtils: getBooleanExtra failed on intent null
09-02 03:48:59.245  8557  8557 E cessService0:5: Not starting debugger since process cannot load the jdwp agent.
09-02 03:48:59.247  8508  8508 W SystemServiceRegistry: No service published for: uimode
09-02 03:48:59.251  6784  6784 I cr_tabmodel: #isIncognitoTabBeingRestored from tabDetails:  false
09-02 03:48:59.251  6784  6784 I cr_tabmodel: #isIncognitoTabBeingRestored from tabDetails:  false
09-02 03:48:59.251  6784  6784 W cr_tabmodel: Failed to restore TabState; creating Tab with last known URL.
09-02 03:48:59.259  8508  8508 I cr_ChildProcessService: Creating new ChildProcessService pid=8508
09-02 03:48:59.262  6784  6784 E cr_IntentUtils: getBooleanExtra failed on intent null
09-02 03:48:59.262  6784  6784 E cr_IntentUtils: getBooleanExtra failed on intent null
09-02 03:48:59.263  8457  8499 I cr_LibraryLoader: Using ModernLinker
09-02 03:48:59.263  8457  8499 W linker  : Warning: "/data/app/~~_KLlx60MH8CoecPTjMKp8g==/com.android.chrome-kw9RHYrlHKb9bPXi8OTClw==/base.apk!/lib/arm64-v8a/libchromium_android_linker.so" unused DT entry: unknown processor-specific (type 0x70000001 arg 0x0) (ignoring)
09-02 03:48:59.264  8533  8533 I LoadedApk: No resource references to update in package com.google.android.trichromelibrary
09-02 03:48:59.264  8457  8499 E cr_ChromiumAndroidLinker: ReserveAddressWithHint: Address range starting at 0x7a38766000 was not free to use
09-02 03:48:59.264  8533  8533 D NetworkSecurityConfig: Using Network Security Config from resource 0_resource_name_obfuscated debugBuild: false
09-02 03:48:59.267  8533  8533 D NetworkSecurityConfig: Using Network Security Config from resource 0_resource_name_obfuscated debugBuild: false
09-02 03:48:59.269  6784  6784 I cr_tabmodel: #isIncognitoTabBeingRestored from tabDetails:  false
09-02 03:48:59.269  6784  6784 I cr_tabmodel: #isIncognitoTabBeingRestored from tabDetails:  false
09-02 03:48:59.269  6784  6784 W cr_tabmodel: Failed to restore TabState; creating Tab with last known URL.
09-02 03:48:59.269  8533  8533 I cr_SplitCompatApp: Launched version=107.0.5304.91 minSdkVersion=29 isBundle=true processName=com.android.chrome:sandboxed_process0:org.chromium.content.app.SandboxedProcessService0:55 isIsolated=true
09-02 03:48:59.273  8457  8553 I cr_LibraryLoader: Successfully loaded native library
09-02 03:48:59.274  6835  6835 D Zygote  : Forked child process 8580
09-02 03:48:59.275  1513  1625 W ActivityManager: Slow operation: 1074ms so far, now at startProcess: returned from zygote!
09-02 03:48:59.276  1513  1625 W ActivityManager: Slow operation: 1074ms so far, now at startProcess: done updating battery stats
09-02 03:48:59.276  1513  1625 W ActivityManager: Slow operation: 1075ms so far, now at startProcess: building log message
09-02 03:48:59.276  1513  1625 I ActivityManager: Start proc 8580:com.android.chrome:sandboxed_process0:org.chromium.content.app.SandboxedProcessService0:57/u0ai57 for  {com.android.chrome/org.chromium.content.app.SandboxedProcessService0:57}
09-02 03:48:59.276  1513  1625 W ActivityManager: Slow operation: 1075ms so far, now at startProcess: starting to update pids map
09-02 03:48:59.276  1513  1625 W ActivityManager: Slow operation: 1075ms so far, now at startProcess: done updating pids map
09-02 03:48:59.276  1513  1625 W ActivityManager: Slow operation: 1048ms so far, now at startProcess: asking zygote to start proc
09-02 03:48:59.279  6784  6784 E cr_IntentUtils: getBooleanExtra failed on intent null
09-02 03:48:59.279  6784  6784 E cr_IntentUtils: getBooleanExtra failed on intent null
09-02 03:48:59.281  8457  8553 I cr_CachingUmaRecorder: Flushed 3 samples from 3 histograms.
09-02 03:48:59.283  1513  3245 D CompatibilityChangeReporter: Compat change id reported: 136274596; UID 10220; state: ENABLED
09-02 03:48:59.283  8533  8533 W SystemServiceRegistry: No service published for: uimode
09-02 03:48:59.284  6784  6784 I cr_tabmodel: #isIncognitoTabBeingRestored from tabDetails:  false
09-02 03:48:59.284  6784  6784 I cr_tabmodel: #isIncognitoTabBeingRestored from tabDetails:  false
09-02 03:48:59.284  6784  6784 W cr_tabmodel: Failed to restore TabState; creating Tab with last known URL.
09-02 03:48:59.287  6784  6834 W cr_ChildConnAllocator: Ran out of UIDs to allocate.
09-02 03:48:59.289  6948  6948 I cr_ChildProcessService: Destroying ChildProcessService pid=6948
09-02 03:48:59.290  1513  4617 I ActivityManager: Killing 6948:com.android.chrome:sandboxed_process0:org.chromium.content.app.SandboxedProcessService0:1/u0a220i-8999 (adj 0): isolated not needed
09-02 03:48:59.292  6784  6834 W cr_ChildConnAllocator: Ran out of UIDs to allocate.
09-02 03:48:59.292  8533  8533 I cr_ChildProcessService: Creating new ChildProcessService pid=8533
09-02 03:48:59.293  1513  1640 I libprocessgroup: Successfully killed process cgroup uid 90001 pid 6948 in 0ms
09-02 03:48:59.295  6784  6784 E cr_IntentUtils: getBooleanExtra failed on intent null
09-02 03:48:59.295  6784  6784 E cr_IntentUtils: getBooleanExtra failed on intent null
09-02 03:48:59.295  8508  8527 I cr_LibraryLoader: Using ModernLinker
09-02 03:48:59.298  8508  8527 W linker  : Warning: "/data/app/~~_KLlx60MH8CoecPTjMKp8g==/com.android.chrome-kw9RHYrlHKb9bPXi8OTClw==/base.apk!/lib/arm64-v8a/libchromium_android_linker.so" unused DT entry: unknown processor-specific (type 0x70000001 arg 0x0) (ignoring)
09-02 03:48:59.299  8508  8527 E cr_ChromiumAndroidLinker: ReserveAddressWithHint: Address range starting at 0x7a38766000 was not free to use
09-02 03:48:59.300  6784  6784 I cr_tabmodel: #isIncognitoTabBeingRestored from tabDetails:  false
09-02 03:48:59.300  6784  6784 I cr_tabmodel: #isIncognitoTabBeingRestored from tabDetails:  false
09-02 03:48:59.300  6784  6784 W cr_tabmodel: Failed to restore TabState; creating Tab with last known URL.
09-02 03:48:59.300  8580  8580 E libc    : SetHeapTaggingLevel: re-enabling tagging after it was disabled is not supported
09-02 03:48:59.302  8477  8521 I cr_LibraryLoader: Using ModernLinker
09-02 03:48:59.302  8508  8577 I cr_LibraryLoader: Successfully loaded native library
09-02 03:48:59.303  8508  8577 I cr_CachingUmaRecorder: Flushed 3 samples from 3 histograms.
09-02 03:48:59.305  8477  8521 W linker  : Warning: "/data/app/~~_KLlx60MH8CoecPTjMKp8g==/com.android.chrome-kw9RHYrlHKb9bPXi8OTClw==/base.apk!/lib/arm64-v8a/libchromium_android_linker.so" unused DT entry: unknown processor-specific (type 0x70000001 arg 0x0) (ignoring)
09-02 03:48:59.306  8477  8521 E cr_ChromiumAndroidLinker: ReserveAddressWithHint: Address range starting at 0x7a38766000 was not free to use
09-02 03:48:59.308  1513  2905 D CompatibilityChangeReporter: Compat change id reported: 135634846; UID 10220; state: DISABLED
09-02 03:48:59.308  1513  2905 D CompatibilityChangeReporter: Compat change id reported: 135754954; UID 10220; state: ENABLED
09-02 03:48:59.310  1513  3168 I ActivityManager: Killing 6965:com.android.chrome:sandboxed_process0:org.chromium.content.app.SandboxedProcessService0:2/u0a220i-8998 (adj 0): isolated not needed
09-02 03:48:59.312  1513  1640 I libprocessgroup: Successfully killed process cgroup uid 90002 pid 6965 in 0ms
09-02 03:48:59.315  8533  8554 I cr_LibraryLoader: Using ModernLinker
09-02 03:48:59.315  8477  8574 I cr_LibraryLoader: Successfully loaded native library
09-02 03:48:59.315  8533  8554 W linker  : Warning: "/data/app/~~_KLlx60MH8CoecPTjMKp8g==/com.android.chrome-kw9RHYrlHKb9bPXi8OTClw==/base.apk!/lib/arm64-v8a/libchromium_android_linker.so" unused DT entry: unknown processor-specific (type 0x70000001 arg 0x0) (ignoring)
09-02 03:48:59.316  8533  8554 E cr_ChromiumAndroidLinker: ReserveAddressWithHint: Address range starting at 0x7a38766000 was not free to use
09-02 03:48:59.317  8477  8574 I cr_CachingUmaRecorder: Flushed 3 samples from 3 histograms.
09-02 03:48:59.322  6835  6835 D Zygote  : Forked child process 8601
09-02 03:48:59.323  1513  1625 W ActivityManager: Slow operation: 1095ms so far, now at startProcess: returned from zygote!
09-02 03:48:59.323  8557  8557 I LoadedApk: No resource references to update in package com.google.android.trichromelibrary
09-02 03:48:59.323  8557  8557 D NetworkSecurityConfig: Using Network Security Config from resource 0_resource_name_obfuscated debugBuild: false
09-02 03:48:59.324  1513  1625 W ActivityManager: Slow operation: 1096ms so far, now at startProcess: done updating battery stats
09-02 03:48:59.324  1513  1625 W ActivityManager: Slow operation: 1096ms so far, now at startProcess: building log message
09-02 03:48:59.324  1513  1625 I ActivityManager: Start proc 8601:com.android.chrome:sandboxed_process0:org.chromium.content.app.SandboxedProcessService0:58/u0ai58 for  {com.android.chrome/org.chromium.content.app.SandboxedProcessService0:58}
09-02 03:48:59.324  1513  1625 W ActivityManager: Slow operation: 1096ms so far, now at startProcess: starting to update pids map
09-02 03:48:59.324  1513  1625 W ActivityManager: Slow operation: 1096ms so far, now at startProcess: done updating pids map
09-02 03:48:59.324  1513  1625 W ActivityManager: Slow operation: 1071ms so far, now at startProcess: asking zygote to start proc
09-02 03:48:59.324  8557  8557 D NetworkSecurityConfig: Using Network Security Config from resource 0_resource_name_obfuscated debugBuild: false
09-02 03:48:59.324  1513  1625 D CompatibilityChangeReporter: Compat change id reported: 143937733; UID 10220; state: ENABLED
09-02 03:48:59.326  8601  8601 E libc    : SetHeapTaggingLevel: re-enabling tagging after it was disabled is not supported
09-02 03:48:59.326  8557  8557 I cr_SplitCompatApp: Launched version=107.0.5304.91 minSdkVersion=29 isBundle=true processName=com.android.chrome:sandboxed_process0:org.chromium.content.app.SandboxedProcessService0:56 isIsolated=true
09-02 03:48:59.329  6784  6784 E cr_IntentUtils: getBooleanExtra failed on intent null
09-02 03:48:59.329  6784  6784 E cr_IntentUtils: getBooleanExtra failed on intent null
09-02 03:48:59.336  6784  6834 W cr_ChildConnAllocator: Ran out of UIDs to allocate.
09-02 03:48:59.338  6784  6784 I cr_tabmodel: #isIncognitoTabBeingRestored from tabDetails:  false
09-02 03:48:59.338  6784  6784 I cr_tabmodel: #isIncognitoTabBeingRestored from tabDetails:  false
09-02 03:48:59.338  6784  6784 W cr_tabmodel: Failed to restore TabState; creating Tab with last known URL.
09-02 03:48:59.339  1513  3168 I ActivityManager: Killing 6985:com.android.chrome:sandboxed_process0:org.chromium.content.app.SandboxedProcessService0:3/u0a220i-8997 (adj 0): isolated not needed
09-02 03:48:59.339  1513  1640 I libprocessgroup: Successfully killed process cgroup uid 90003 pid 6985 in 0ms
09-02 03:48:59.340  8580  8580 E cessService0:5: Not starting debugger since process cannot load the jdwp agent.
09-02 03:48:59.342  8557  8557 W SystemServiceRegistry: No service published for: uimode
09-02 03:48:59.350  8557  8557 I cr_ChildProcessService: Creating new ChildProcessService pid=8557
09-02 03:48:59.356  8601  8601 E cessService0:5: Not starting debugger since process cannot load the jdwp agent.
09-02 03:48:59.359  6784  6784 E cr_IntentUtils: getBooleanExtra failed on intent null
09-02 03:48:59.359  6784  6784 E cr_IntentUtils: getBooleanExtra failed on intent null
09-02 03:48:59.365  1513  3168 D CompatibilityChangeReporter: Compat change id reported: 136274596; UID 10220; state: ENABLED
09-02 03:48:59.366  6784  6784 I cr_tabmodel: #isIncognitoTabBeingRestored from tabDetails:  false
09-02 03:48:59.366  6784  6784 I cr_tabmodel: #isIncognitoTabBeingRestored from tabDetails:  false
09-02 03:48:59.366  6784  6784 W cr_tabmodel: Failed to restore TabState; creating Tab with last known URL.
09-02 03:48:59.372  6784  6834 W cr_ChildConnAllocator: Ran out of UIDs to allocate.
09-02 03:48:59.377  8557  8586 I cr_LibraryLoader: Using ModernLinker
09-02 03:48:59.377  1513  3245 W ActivityManager: Failed making new process record for com.android.chrome:sandboxed_process0:org.chromium.content.app.SandboxedProcessService0:100/10220 isolated=true
09-02 03:48:59.378  1513  3245 W ActivityManager: Unable to launch app com.android.chrome/10220 for service Intent { cmp=com.android.chrome/org.chromium.content.app.SandboxedProcessService0 }: process is bad
09-02 03:48:59.378  6784  6834 W cr_ChildProcessConn: Fallback to ComponentInfo{com.android.chrome/org.chromium.content.app.SandboxedProcessService1}
09-02 03:48:59.380  1513  3245 D CompatibilityChangeReporter: Compat change id reported: 135634846; UID 10220; state: DISABLED
09-02 03:48:59.380  8557  8586 W linker  : Warning: "/data/app/~~_KLlx60MH8CoecPTjMKp8g==/com.android.chrome-kw9RHYrlHKb9bPXi8OTClw==/base.apk!/lib/arm64-v8a/libchromium_android_linker.so" unused DT entry: unknown processor-specific (type 0x70000001 arg 0x0) (ignoring)
09-02 03:48:59.380  1513  3245 D CompatibilityChangeReporter: Compat change id reported: 135754954; UID 10220; state: ENABLED
09-02 03:48:59.381  1513  3168 E ProcessStats: Executing service ServiceState{cf3a3d8 org.chromium.content.app.SandboxedProcessService0 pkg=com.android.chrome proc=b8c331} without owner
09-02 03:48:59.381  1513  3168 E ProcessStats: Binding service ServiceState{cf3a3d8 org.chromium.content.app.SandboxedProcessService0 pkg=com.android.chrome proc=b8c331} without owner
09-02 03:48:59.382  1513  3168 E ProcessStats: Starting service ServiceState{cf3a3d8 org.chromium.content.app.SandboxedProcessService0 pkg=com.android.chrome proc=b8c331} without owner
09-02 03:48:59.382  1513  3168 E ProcessStats: Binding service ServiceState{cf3a3d8 org.chromium.content.app.SandboxedProcessService0 pkg=com.android.chrome proc=b8c331} without owner
09-02 03:48:59.382  8557  8586 E cr_ChromiumAndroidLinker: ReserveAddressWithHint: Address range starting at 0x7a38766000 was not free to use
09-02 03:48:59.382  1513  1624 I DropBoxManagerService: add tag=system_server_wtf isTagEnabled=true flags=0x2
09-02 03:48:59.382  1513  3168 I ActivityManager: Killing 7006:com.android.chrome:sandboxed_process0:org.chromium.content.app.SandboxedProcessService0:4/u0a220i-8996 (adj 0): isolated not needed
09-02 03:48:59.383  1513  1640 I libprocessgroup: Successfully killed process cgroup uid 90004 pid 7006 in 0ms
09-02 03:48:59.383  6784  6834 W cr_ChildConnAllocator: Ran out of UIDs to allocate.
09-02 03:48:59.385  6784  6784 E cr_IntentUtils: getBooleanExtra failed on intent null
09-02 03:48:59.385  6784  6784 E cr_IntentUtils: getBooleanExtra failed on intent null
09-02 03:48:59.389  1513  1624 I DropBoxManagerService: add tag=system_server_wtf isTagEnabled=true flags=0x2
09-02 03:48:59.390  6784  6784 I cr_tabmodel: #isIncognitoTabBeingRestored from tabDetails:  false
09-02 03:48:59.390  6784  6784 I cr_tabmodel: #isIncognitoTabBeingRestored from tabDetails:  false
09-02 03:48:59.390  6784  6784 W cr_tabmodel: Failed to restore TabState; creating Tab with last known URL.
09-02 03:48:59.394  6835  6835 D Zygote  : Forked child process 8649
09-02 03:48:59.395  1513  1625 W ActivityManager: Slow operation: 1142ms so far, now at startProcess: returned from zygote!
09-02 03:48:59.396  1513  2905 E ProcessStats: Executing service ServiceState{cf3a3d8 org.chromium.content.app.SandboxedProcessService0 pkg=com.android.chrome proc=b8c331} without owner
09-02 03:48:59.397  1513  2905 D CompatibilityChangeReporter: Compat change id reported: 136274596; UID 10220; state: ENABLED
09-02 03:48:59.398  1513  1624 I DropBoxManagerService: add tag=system_server_wtf isTagEnabled=true flags=0x2
09-02 03:48:59.400  1513  1625 W ActivityManager: Slow operation: 1146ms so far, now at startProcess: done updating battery stats
09-02 03:48:59.400  1513  1625 W ActivityManager: Slow operation: 1146ms so far, now at startProcess: building log message
09-02 03:48:59.400  1513  1625 I ActivityManager: Start proc 8649:com.android.chrome:sandboxed_process0:org.chromium.content.app.SandboxedProcessService0:59/u0ai59 for  {com.android.chrome/org.chromium.content.app.SandboxedProcessService0:59}
09-02 03:48:59.400  1513  1625 W ActivityManager: Slow operation: 1146ms so far, now at startProcess: starting to update pids map
09-02 03:48:59.400  1513  1625 W ActivityManager: Slow operation: 1146ms so far, now at startProcess: done updating pids map
09-02 03:48:59.400  1513  1625 W ActivityManager: Slow operation: 1118ms so far, now at startProcess: asking zygote to start proc
09-02 03:48:59.400  1513  4617 W ActivityManager: Failed making new process record for com.android.chrome:sandboxed_process0:org.chromium.content.app.SandboxedProcessService0:101/10220 isolated=true
09-02 03:48:59.400  1513  1625 D CompatibilityChangeReporter: Compat change id reported: 143937733; UID 10220; state: ENABLED
09-02 03:48:59.400  1513  4617 W ActivityManager: Unable to launch app com.android.chrome/10220 for service Intent { cmp=com.android.chrome/org.chromium.content.app.SandboxedProcessService0 }: process is bad
09-02 03:48:59.401  1513  4617 E ProcessStats: Service owner ServiceRecord{3ea18b8 u0 com.android.chrome/org.chromium.content.app.SandboxedProcessService0:101} cleared while exec: pkg=com.android.chrome service=org.chromium.content.app.SandboxedProcessService0 proc=ProcessState{b8c331 com.android.chrome:sandboxed_process0/10220 pkg=com.android.chrome}
09-02 03:48:59.401  1513  4617 E ProcessStats: android.util.Log$TerribleFailure: Service owner ServiceRecord{3ea18b8 u0 com.android.chrome/org.chromium.content.app.SandboxedProcessService0:101} cleared while exec: pkg=com.android.chrome service=org.chromium.content.app.SandboxedProcessService0 proc=ProcessState{b8c331 com.android.chrome:sandboxed_process0/10220 pkg=com.android.chrome}
09-02 03:48:59.401  1513  4617 E ProcessStats: 	at android.util.Log.wtf(Log.java:313)
09-02 03:48:59.401  1513  4617 E ProcessStats: 	at android.util.Slog.wtfStack(Slog.java:111)
09-02 03:48:59.401  1513  4617 E ProcessStats: 	at com.android.internal.app.procstats.ServiceState.clearCurrentOwner(ServiceState.java:187)
09-02 03:48:59.401  1513  4617 E ProcessStats: 	at com.android.server.am.ActiveServices.bringDownServiceLocked(ActiveServices.java:3424)
09-02 03:48:59.401  1513  4617 E ProcessStats: 	at com.android.server.am.ActiveServices.bringUpServiceLocked(ActiveServices.java:2955)
09-02 03:48:59.401  1513  4617 E ProcessStats: 	at com.android.server.am.ActiveServices.bindServiceLocked(ActiveServices.java:2064)
09-02 03:48:59.401  1513  4617 E ProcessStats: 	at com.android.server.am.ActivityManagerService.bindIsolatedService(ActivityManagerService.java:15169)
09-02 03:48:59.401  1513  4617 E ProcessStats: 	at android.app.IActivityManager$Stub.onTransact(IActivityManager.java:2563)
09-02 03:48:59.401  1513  4617 E ProcessStats: 	at com.android.server.am.ActivityManagerService.onTransact(ActivityManagerService.java:2867)
09-02 03:48:59.401  1513  4617 E ProcessStats: 	at android.os.Binder.execTransactInternal(Binder.java:1154)
09-02 03:48:59.401  1513  4617 E ProcessStats: 	at android.os.Binder.execTransact(Binder.java:1123)
09-02 03:48:59.401  1513  1624 I DropBoxManagerService: add tag=system_server_wtf isTagEnabled=true flags=0x2
09-02 03:48:59.402  8649  8649 E libc    : SetHeapTaggingLevel: re-enabling tagging after it was disabled is not supported
09-02 03:48:59.405  1513  1624 I DropBoxManagerService: add tag=system_server_wtf isTagEnabled=true flags=0x2
09-02 03:48:59.407  6784  6784 E cr_IntentUtils: getBooleanExtra failed on intent null
09-02 03:48:59.408  6784  6784 E cr_IntentUtils: getBooleanExtra failed on intent null
09-02 03:48:59.409  6784  6834 W cr_ChildProcessConn: Fallback to ComponentInfo{com.android.chrome/org.chromium.content.app.SandboxedProcessService1}
09-02 03:48:59.411  1513  4617 D CompatibilityChangeReporter: Compat change id reported: 135634846; UID 10220; state: DISABLED
09-02 03:48:59.411  1513  4617 D CompatibilityChangeReporter: Compat change id reported: 135754954; UID 10220; state: ENABLED
09-02 03:48:59.412  8649  8649 E cessService0:5: Not starting debugger since process cannot load the jdwp agent.
09-02 03:48:59.412  1513  4617 E ProcessStats: Executing service ServiceState{cf3a3d8 org.chromium.content.app.SandboxedProcessService0 pkg=com.android.chrome proc=b8c331} without owner
09-02 03:48:59.413  1513  4617 E ProcessStats: Binding service ServiceState{cf3a3d8 org.chromium.content.app.SandboxedProcessService0 pkg=com.android.chrome proc=b8c331} without owner
09-02 03:48:59.414  1513  4617 E ProcessStats: Starting service ServiceState{cf3a3d8 org.chromium.content.app.SandboxedProcessService0 pkg=com.android.chrome proc=b8c331} without owner
09-02 03:48:59.414  8580  8580 I LoadedApk: No resource references to update in package com.google.android.trichromelibrary
09-02 03:48:59.414  8580  8580 D NetworkSecurityConfig: Using Network Security Config from resource 0_resource_name_obfuscated debugBuild: false
09-02 03:48:59.414  1513  4617 E ProcessStats: Binding service ServiceState{cf3a3d8 org.chromium.content.app.SandboxedProcessService0 pkg=com.android.chrome proc=b8c331} without owner
09-02 03:48:59.415  7027  7027 I cr_ChildProcessService: Destroying ChildProcessService pid=7027
09-02 03:48:59.415  6784  6784 I cr_tabmodel: #isIncognitoTabBeingRestored from tabDetails:  false
09-02 03:48:59.415  6784  6784 I cr_tabmodel: #isIncognitoTabBeingRestored from tabDetails:  false
09-02 03:48:59.415  6784  6784 W cr_tabmodel: Failed to restore TabState; creating Tab with last known URL.
09-02 03:48:59.416  8580  8580 D NetworkSecurityConfig: Using Network Security Config from resource 0_resource_name_obfuscated debugBuild: false
09-02 03:48:59.416  1513  4617 I ActivityManager: Killing 7027:com.android.chrome:sandboxed_process0:org.chromium.content.app.SandboxedProcessService0:5/u0a220i-8995 (adj 0): isolated not needed
09-02 03:48:59.417  8557  8631 I cr_LibraryLoader: Successfully loaded native library
09-02 03:48:59.417  8580  8580 I cr_SplitCompatApp: Launched version=107.0.5304.91 minSdkVersion=29 isBundle=true processName=com.android.chrome:sandboxed_process0:org.chromium.content.app.SandboxedProcessService0:57 isIsolated=true
09-02 03:48:59.418  1513  1640 I libprocessgroup: Successfully killed process cgroup uid 90005 pid 7027 in 0ms
09-02 03:48:59.418  8557  8631 I cr_CachingUmaRecorder: Flushed 3 samples from 3 histograms.
09-02 03:48:59.418  6784  6834 W cr_ChildConnAllocator: Ran out of UIDs to allocate.
09-02 03:48:59.425  6784  6834 W cr_ChildConnAllocator: Ran out of UIDs to allocate.
09-02 03:48:59.425  1513  4617 E ProcessStats: Executing service ServiceState{cf3a3d8 org.chromium.content.app.SandboxedProcessService0 pkg=com.android.chrome proc=b8c331} without owner
09-02 03:48:59.426  1513  4617 D CompatibilityChangeReporter: Compat change id reported: 136274596; UID 10220; state: ENABLED
09-02 03:48:59.430  8580  8580 W SystemServiceRegistry: No service published for: uimode
09-02 03:48:59.431  6784  6784 E cr_IntentUtils: getBooleanExtra failed on intent null
09-02 03:48:59.431  6784  6784 E cr_IntentUtils: getBooleanExtra failed on intent null
09-02 03:48:59.432  1513  3240 W ActivityManager: Failed making new process record for com.android.chrome:sandboxed_process0:org.chromium.content.app.SandboxedProcessService0:102/10220 isolated=true
09-02 03:48:59.432  1513  3240 W ActivityManager: Unable to launch app com.android.chrome/10220 for service Intent { cmp=com.android.chrome/org.chromium.content.app.SandboxedProcessService0 }: process is bad
09-02 03:48:59.432  1513  3240 E ProcessStats: Service owner ServiceRecord{c5efd32 u0 com.android.chrome/org.chromium.content.app.SandboxedProcessService0:102} cleared while exec: pkg=com.android.chrome service=org.chromium.content.app.SandboxedProcessService0 proc=ProcessState{b8c331 com.android.chrome:sandboxed_process0/10220 pkg=com.android.chrome}
09-02 03:48:59.432  1513  3240 E ProcessStats: android.util.Log$TerribleFailure: Service owner ServiceRecord{c5efd32 u0 com.android.chrome/org.chromium.content.app.SandboxedProcessService0:102} cleared while exec: pkg=com.android.chrome service=org.chromium.content.app.SandboxedProcessService0 proc=ProcessState{b8c331 com.android.chrome:sandboxed_process0/10220 pkg=com.android.chrome}
09-02 03:48:59.432  1513  3240 E ProcessStats: 	at android.util.Log.wtf(Log.java:313)
09-02 03:48:59.432  1513  3240 E ProcessStats: 	at android.util.Slog.wtfStack(Slog.java:111)
09-02 03:48:59.432  1513  3240 E ProcessStats: 	at com.android.internal.app.procstats.ServiceState.clearCurrentOwner(ServiceState.java:187)
09-02 03:48:59.432  1513  3240 E ProcessStats: 	at com.android.server.am.ActiveServices.bringDownServiceLocked(ActiveServices.java:3424)
09-02 03:48:59.432  1513  3240 E ProcessStats: 	at com.android.server.am.ActiveServices.bringUpServiceLocked(ActiveServices.java:2955)
09-02 03:48:59.432  1513  3240 E ProcessStats: 	at com.android.server.am.ActiveServices.bindServiceLocked(ActiveServices.java:2064)
09-02 03:48:59.432  1513  3240 E ProcessStats: 	at com.android.server.am.ActivityManagerService.bindIsolatedService(ActivityManagerService.java:15169)
09-02 03:48:59.432  1513  3240 E ProcessStats: 	at android.app.IActivityManager$Stub.onTransact(IActivityManager.java:2563)
09-02 03:48:59.432  1513  3240 E ProcessStats: 	at com.android.server.am.ActivityManagerService.onTransact(ActivityManagerService.java:2867)
09-02 03:48:59.432  1513  3240 E ProcessStats: 	at android.os.Binder.execTransactInternal(Binder.java:1154)
09-02 03:48:59.432  1513  3240 E ProcessStats: 	at android.os.Binder.execTransact(Binder.java:1123)
09-02 03:48:59.433  6784  6834 W cr_ChildProcessConn: Fallback to ComponentInfo{com.android.chrome/org.chromium.content.app.SandboxedProcessService1}
09-02 03:48:59.435  1513  4617 D CompatibilityChangeReporter: Compat change id reported: 135634846; UID 10220; state: DISABLED
09-02 03:48:59.436  1513  4617 D CompatibilityChangeReporter: Compat change id reported: 135754954; UID 10220; state: ENABLED
09-02 03:48:59.436  6784  6784 I cr_tabmodel: #isIncognitoTabBeingRestored from tabDetails:  false
09-02 03:48:59.436  6784  6784 I cr_tabmodel: #isIncognitoTabBeingRestored from tabDetails:  false
09-02 03:48:59.436  6784  6784 W cr_tabmodel: Failed to restore TabState; creating Tab with last known URL.
09-02 03:48:59.436  1513  4617 E ProcessStats: Executing service ServiceState{cf3a3d8 org.chromium.content.app.SandboxedProcessService0 pkg=com.android.chrome proc=b8c331} without owner
09-02 03:48:59.437  8580  8580 I cr_ChildProcessService: Creating new ChildProcessService pid=8580
09-02 03:48:59.438  1513  4617 E ProcessStats: Binding service ServiceState{cf3a3d8 org.chromium.content.app.SandboxedProcessService0 pkg=com.android.chrome proc=b8c331} without owner
09-02 03:48:59.439  1513  4617 E ProcessStats: Starting service ServiceState{cf3a3d8 org.chromium.content.app.SandboxedProcessService0 pkg=com.android.chrome proc=b8c331} without owner
09-02 03:48:59.440  7055  7055 I cr_ChildProcessService: Destroying ChildProcessService pid=7055
09-02 03:48:59.440  1513  4617 E ProcessStats: Binding service ServiceState{cf3a3d8 org.chromium.content.app.SandboxedProcessService0 pkg=com.android.chrome proc=b8c331} without owner
09-02 03:48:59.442  8601  8601 I LoadedApk: No resource references to update in package com.google.android.trichromelibrary
09-02 03:48:59.443  8601  8601 D NetworkSecurityConfig: Using Network Security Config from resource 0_resource_name_obfuscated debugBuild: false
09-02 03:48:59.443  1513  4617 I ActivityManager: Killing 7055:com.android.chrome:sandboxed_process0:org.chromium.content.app.SandboxedProcessService0:6/u0a220i-8994 (adj 0): isolated not needed
09-02 03:48:59.444  8601  8601 D NetworkSecurityConfig: Using Network Security Config from resource 0_resource_name_obfuscated debugBuild: false
09-02 03:48:59.444  1513  1640 I libprocessgroup: Successfully killed process cgroup uid 90006 pid 7055 in 0ms
09-02 03:48:59.444  8601  8601 I cr_SplitCompatApp: Launched version=107.0.5304.91 minSdkVersion=29 isBundle=true processName=com.android.chrome:sandboxed_process0:org.chromium.content.app.SandboxedProcessService0:58 isIsolated=true
09-02 03:48:59.446  6784  6834 W cr_ChildConnAllocator: Ran out of UIDs to allocate.
09-02 03:48:59.448  1513  3168 W ActivityManager: Failed making new process record for com.android.chrome:sandboxed_process0:org.chromium.content.app.SandboxedProcessService0:103/10220 isolated=true
09-02 03:48:59.448  1513  3168 W ActivityManager: Unable to launch app com.android.chrome/10220 for service Intent { cmp=com.android.chrome/org.chromium.content.app.SandboxedProcessService0 }: process is bad
09-02 03:48:59.449  1513  3168 E ProcessStats: Service owner ServiceRecord{45388c4 u0 com.android.chrome/org.chromium.content.app.SandboxedProcessService0:103} cleared while exec: pkg=com.android.chrome service=org.chromium.content.app.SandboxedProcessService0 proc=ProcessState{b8c331 com.android.chrome:sandboxed_process0/10220 pkg=com.android.chrome}
09-02 03:48:59.449  1513  3168 E ProcessStats: android.util.Log$TerribleFailure: Service owner ServiceRecord{45388c4 u0 com.android.chrome/org.chromium.content.app.SandboxedProcessService0:103} cleared while exec: pkg=com.android.chrome service=org.chromium.content.app.SandboxedProcessService0 proc=ProcessState{b8c331 com.android.chrome:sandboxed_process0/10220 pkg=com.android.chrome}
09-02 03:48:59.449  1513  3168 E ProcessStats: 	at android.util.Log.wtf(Log.java:313)
09-02 03:48:59.449  1513  3168 E ProcessStats: 	at android.util.Slog.wtfStack(Slog.java:111)
09-02 03:48:59.449  1513  3168 E ProcessStats: 	at com.android.internal.app.procstats.ServiceState.clearCurrentOwner(ServiceState.java:187)
09-02 03:48:59.449  1513  3168 E ProcessStats: 	at com.android.server.am.ActiveServices.bringDownServiceLocked(ActiveServices.java:3424)
09-02 03:48:59.449  1513  3168 E ProcessStats: 	at com.android.server.am.ActiveServices.bringUpServiceLocked(ActiveServices.java:2955)
09-02 03:48:59.449  1513  3168 E ProcessStats: 	at com.android.server.am.ActiveServices.bindServiceLocked(ActiveServices.java:2064)
09-02 03:48:59.449  1513  3168 E ProcessStats: 	at com.android.server.am.ActivityManagerService.bindIsolatedService(ActivityManagerService.java:15169)
09-02 03:48:59.449  1513  3168 E ProcessStats: 	at android.app.IActivityManager$Stub.onTransact(IActivityManager.java:2563)
09-02 03:48:59.449  1513  3168 E ProcessStats: 	at com.android.server.am.ActivityManagerService.onTransact(ActivityManagerService.java:2867)
09-02 03:48:59.449  1513  3168 E ProcessStats: 	at android.os.Binder.execTransactInternal(Binder.java:1154)
09-02 03:48:59.449  1513  3168 E ProcessStats: 	at android.os.Binder.execTransact(Binder.java:1123)
09-02 03:48:59.449  6784  6784 E cr_IntentUtils: getBooleanExtra failed on intent null
09-02 03:48:59.449  6784  6784 E cr_IntentUtils: getBooleanExtra failed on intent null
09-02 03:48:59.451  1513  3240 E ProcessStats: Executing service ServiceState{cf3a3d8 org.chromium.content.app.SandboxedProcessService0 pkg=com.android.chrome proc=b8c331} without owner
09-02 03:48:59.451  1513  3240 E ProcessStats: Foregrounding service ServiceState{cf3a3d8 org.chromium.content.app.SandboxedProcessService0 pkg=com.android.chrome proc=b8c331} without owner
09-02 03:48:59.453  6784  6784 I cr_tabmodel: #isIncognitoTabBeingRestored from tabDetails:  false
09-02 03:48:59.453  6784  6784 I cr_tabmodel: #isIncognitoTabBeingRestored from tabDetails:  false
09-02 03:48:59.453  6784  6784 W cr_tabmodel: Failed to restore TabState; creating Tab with last known URL.
09-02 03:48:59.453  6784  6834 W cr_ChildProcessConn: Fallback to ComponentInfo{com.android.chrome/org.chromium.content.app.SandboxedProcessService1}
09-02 03:48:59.457  1513  3168 E ProcessStats: Executing service ServiceState{cf3a3d8 org.chromium.content.app.SandboxedProcessService0 pkg=com.android.chrome proc=b8c331} without owner
09-02 03:48:59.457  1513  3168 E ProcessStats: Binding service ServiceState{cf3a3d8 org.chromium.content.app.SandboxedProcessService0 pkg=com.android.chrome proc=b8c331} without owner
09-02 03:48:59.457  1513  3168 E ProcessStats: Starting service ServiceState{cf3a3d8 org.chromium.content.app.SandboxedProcessService0 pkg=com.android.chrome proc=b8c331} without owner
09-02 03:48:59.457  1513  3168 E ProcessStats: Binding service ServiceState{cf3a3d8 org.chromium.content.app.SandboxedProcessService0 pkg=com.android.chrome proc=b8c331} without owner
09-02 03:48:59.459  7063  7063 I cr_ChildProcessService: Destroying ChildProcessService pid=7063
09-02 03:48:59.460  1513  3168 I ActivityManager: Killing 7063:com.android.chrome:sandboxed_process0:org.chromium.content.app.SandboxedProcessService0:7/u0a220i-8993 (adj 0): isolated not needed
09-02 03:48:59.461  1513  1640 I libprocessgroup: Successfully killed process cgroup uid 90007 pid 7063 in 0ms
09-02 03:48:59.463  6784  6834 W cr_ChildConnAllocator: Ran out of UIDs to allocate.
09-02 03:48:59.465  1513  3240 W ActivityManager: Failed making new process record for com.android.chrome:sandboxed_process0:org.chromium.content.app.SandboxedProcessService0:104/10220 isolated=true
09-02 03:48:59.465  1513  3240 W ActivityManager: Unable to launch app com.android.chrome/10220 for service Intent { cmp=com.android.chrome/org.chromium.content.app.SandboxedProcessService0 }: process is bad
09-02 03:48:59.465  1513  3240 E ProcessStats: Service owner ServiceRecord{fde8606 u0 com.android.chrome/org.chromium.content.app.SandboxedProcessService0:104} cleared while exec: pkg=com.android.chrome service=org.chromium.content.app.SandboxedProcessService0 proc=ProcessState{b8c331 com.android.chrome:sandboxed_process0/10220 pkg=com.android.chrome}
09-02 03:48:59.465  1513  3240 E ProcessStats: android.util.Log$TerribleFailure: Service owner ServiceRecord{fde8606 u0 com.android.chrome/org.chromium.content.app.SandboxedProcessService0:104} cleared while exec: pkg=com.android.chrome service=org.chromium.content.app.SandboxedProcessService0 proc=ProcessState{b8c331 com.android.chrome:sandboxed_process0/10220 pkg=com.android.chrome}
09-02 03:48:59.465  1513  3240 E ProcessStats: 	at android.util.Log.wtf(Log.java:313)
09-02 03:48:59.465  1513  3240 E ProcessStats: 	at android.util.Slog.wtfStack(Slog.java:111)
09-02 03:48:59.465  1513  3240 E ProcessStats: 	at com.android.internal.app.procstats.ServiceState.clearCurrentOwner(ServiceState.java:187)
09-02 03:48:59.465  1513  3240 E ProcessStats: 	at com.android.server.am.ActiveServices.bringDownServiceLocked(ActiveServices.java:3424)
09-02 03:48:59.465  1513  3240 E ProcessStats: 	at com.android.server.am.ActiveServices.bringUpServiceLocked(ActiveServices.java:2955)
09-02 03:48:59.465  1513  3240 E ProcessStats: 	at com.android.server.am.ActiveServices.bindServiceLocked(ActiveServices.java:2064)
09-02 03:48:59.465  1513  3240 E ProcessStats: 	at com.android.server.am.ActivityManagerService.bindIsolatedService(ActivityManagerService.java:15169)
09-02 03:48:59.465  1513  3240 E ProcessStats: 	at android.app.IActivityManager$Stub.onTransact(IActivityManager.java:2563)
09-02 03:48:59.465  1513  3240 E ProcessStats: 	at com.android.server.am.ActivityManagerService.onTransact(ActivityManagerService.java:2867)
09-02 03:48:59.465  1513  3240 E ProcessStats: 	at android.os.Binder.execTransactInternal(Binder.java:1154)
09-02 03:48:59.465  1513  3240 E ProcessStats: 	at android.os.Binder.execTransact(Binder.java:1123)
09-02 03:48:59.466  6784  6784 E cr_IntentUtils: getBooleanExtra failed on intent null
09-02 03:48:59.466  8580  8647 I cr_LibraryLoader: Using ModernLinker
09-02 03:48:59.466  6784  6784 E cr_IntentUtils: getBooleanExtra failed on intent null
09-02 03:48:59.466  6784  6834 W cr_ChildProcessConn: Fallback to ComponentInfo{com.android.chrome/org.chromium.content.app.SandboxedProcessService1}
09-02 03:48:59.468  8533  8590 I cr_LibraryLoader: Successfully loaded native library
09-02 03:48:59.468  8580  8647 W linker  : Warning: "/data/app/~~_KLlx60MH8CoecPTjMKp8g==/com.android.chrome-kw9RHYrlHKb9bPXi8OTClw==/base.apk!/lib/arm64-v8a/libchromium_android_linker.so" unused DT entry: unknown processor-specific (type 0x70000001 arg 0x0) (ignoring)
09-02 03:48:59.469  8580  8647 E cr_ChromiumAndroidLinker: ReserveAddressWithHint: Address range starting at 0x7a38766000 was not free to use
09-02 03:48:59.469  8533  8590 I cr_CachingUmaRecorder: Flushed 3 samples from 3 histograms.
09-02 03:48:59.470  1513  3240 E ProcessStats: Executing service ServiceState{cf3a3d8 org.chromium.content.app.SandboxedProcessService0 pkg=com.android.chrome proc=b8c331} without owner
09-02 03:48:59.471  1513  3240 E ProcessStats: Binding service ServiceState{cf3a3d8 org.chromium.content.app.SandboxedProcessService0 pkg=com.android.chrome proc=b8c331} without owner
09-02 03:48:59.471  1513  3240 E ProcessStats: Starting service ServiceState{cf3a3d8 org.chromium.content.app.SandboxedProcessService0 pkg=com.android.chrome proc=b8c331} without owner
09-02 03:48:59.471  1513  3240 E ProcessStats: Binding service ServiceState{cf3a3d8 org.chromium.content.app.SandboxedProcessService0 pkg=com.android.chrome proc=b8c331} without owner
09-02 03:48:59.472  1513  3240 I ActivityManager: Killing 7168:com.android.chrome:sandboxed_process0:org.chromium.content.app.SandboxedProcessService0:10/u0a220i-8990 (adj 0): isolated not needed
09-02 03:48:59.472  6784  6784 I cr_tabmodel: #isIncognitoTabBeingRestored from tabDetails:  false
09-02 03:48:59.472  6784  6784 I cr_tabmodel: #isIncognitoTabBeingRestored from tabDetails:  false
09-02 03:48:59.473  6784  6784 W cr_tabmodel: Failed to restore TabState; creating Tab with last known URL.
09-02 03:48:59.474  1513  1640 I libprocessgroup: Successfully killed process cgroup uid 90010 pid 7168 in 0ms
09-02 03:48:59.474  6835  6835 D Zygote  : Forked child process 8679
09-02 03:48:59.475  1513  1625 W ActivityManager: Slow operation: 1194ms so far, now at startProcess: returned from zygote!
09-02 03:48:59.476  1513  1625 W ActivityManager: Slow operation: 1194ms so far, now at startProcess: done updating battery stats
09-02 03:48:59.476  1513  1625 W ActivityManager: Slow operation: 1194ms so far, now at startProcess: building log message
09-02 03:48:59.476  1513  1625 I ActivityManager: Start proc 8679:com.android.chrome:sandboxed_process0:org.chromium.content.app.SandboxedProcessService0:60/u0ai60 for  {com.android.chrome/org.chromium.content.app.SandboxedProcessService0:60}
09-02 03:48:59.476  8580  8671 I cr_LibraryLoader: Successfully loaded native library
