09-02 03:50:35.055 13946 13946 I cr_SplitCompatApp: Launched version=107.0.5304.91 minSdkVersion=29 isBundle=true processName=com.android.chrome:sandboxed_process0:org.chromium.content.app.SandboxedProcessService0:74 isIsolated=true
09-02 03:50:35.061 13969 13969 E libc    : SetHeapTaggingLevel: re-enabling tagging after it was disabled is not supported
09-02 03:50:35.063 13946 13946 W SystemServiceRegistry: No service published for: uimode
09-02 03:50:35.066 13969 13969 E cessService0:7: Not starting debugger since process cannot load the jdwp agent.
09-02 03:50:35.066 13946 13946 I cr_ChildProcessService: Creating new ChildProcessService pid=13946
09-02 03:50:35.068  1513  3168 E ProcessStats: Executing service ServiceState{cf3a3d8 org.chromium.content.app.SandboxedProcessService0 pkg=com.android.chrome proc=b8c331} without owner
09-02 03:50:35.068  1513  3168 E ProcessStats: Foregrounding service ServiceState{cf3a3d8 org.chromium.content.app.SandboxedProcessService0 pkg=com.android.chrome proc=b8c331} without owner
09-02 03:50:35.071 13946 13968 I cr_LibraryLoader: Using ModernLinker
09-02 03:50:35.074 13946 13968 W linker  : Warning: "/data/app/~~_KLlx60MH8CoecPTjMKp8g==/com.android.chrome-kw9RHYrlHKb9bPXi8OTClw==/base.apk!/lib/arm64-v8a/libchromium_android_linker.so" unused DT entry: unknown processor-specific (type 0x70000001 arg 0x0) (ignoring)
09-02 03:50:35.075 13946 13968 E cr_ChromiumAndroidLinker: ReserveAddressWithHint: Address range starting at 0x7a38716000 was not free to use
09-02 03:50:35.076 11623 11623 D Zygote  : Forked child process 13987
09-02 03:50:35.077  1513  3168 E ProcessStats: Executing service ServiceState{cf3a3d8 org.chromium.content.app.SandboxedProcessService0 pkg=com.android.chrome proc=b8c331} without owner
09-02 03:50:35.078  1513  3168 D CompatibilityChangeReporter: Compat change id reported: 136274596; UID 10220; state: ENABLED
09-02 03:50:35.078 13946 13980 I cr_LibraryLoader: Successfully loaded native library
09-02 03:50:35.079 13946 13980 I cr_CachingUmaRecorder: Flushed 3 samples from 3 histograms.
09-02 03:50:35.082 13987 13987 E libc    : SetHeapTaggingLevel: re-enabling tagging after it was disabled is not supported
09-02 03:50:35.087 13987 13987 E cessService0:7: Not starting debugger since process cannot load the jdwp agent.
09-02 03:50:35.087  1513  1625 W ActivityManager: Slow operation: 2952ms so far, now at startProcess: returned from zygote!
09-02 03:50:35.088  1513  1625 W ActivityManager: Slow operation: 2952ms so far, now at startProcess: done updating battery stats
09-02 03:50:35.088  1513  1625 W ActivityManager: Slow operation: 2952ms so far, now at startProcess: building log message
09-02 03:50:35.088  1513  1625 I ActivityManager: Start proc 13987:com.android.chrome:sandboxed_process0:org.chromium.content.app.SandboxedProcessService0:76/u0ai76 for  {com.android.chrome/org.chromium.content.app.SandboxedProcessService0:76}
09-02 03:50:35.088  1513  1625 W ActivityManager: Slow operation: 2952ms so far, now at startProcess: starting to update pids map
09-02 03:50:35.089  1513  1625 W ActivityManager: Slow operation: 2954ms so far, now at startProcess: done updating pids map
09-02 03:50:35.089  1513  1625 W ActivityManager: Slow operation: 2936ms so far, now at startProcess: asking zygote to start proc
09-02 03:50:35.089  1513  1625 D CompatibilityChangeReporter: Compat change id reported: 143937733; UID 10220; state: ENABLED
09-02 03:50:35.098   901  1000 I ASH     : @ 64621.548: tcs3701: ADC is saturated, removed sample from FIFO.
09-02 03:50:35.102  1513  2262 E ProcessStats: Executing service ServiceState{cf3a3d8 org.chromium.content.app.SandboxedProcessService0 pkg=com.android.chrome proc=b8c331} without owner
09-02 03:50:35.102 11623 11623 D Zygote  : Forked child process 14007
09-02 03:50:35.103  1513  2262 D CompatibilityChangeReporter: Compat change id reported: 136274596; UID 10220; state: ENABLED
09-02 03:50:35.103  1513  1625 W ActivityManager: Slow operation: 2949ms so far, now at startProcess: returned from zygote!
09-02 03:50:35.104  1513  1625 W ActivityManager: Slow operation: 2951ms so far, now at startProcess: done updating battery stats
09-02 03:50:35.104  1513  1625 W ActivityManager: Slow operation: 2951ms so far, now at startProcess: building log message
09-02 03:50:35.104  1513  1625 I ActivityManager: Start proc 14007:com.android.chrome:sandboxed_process0:org.chromium.content.app.SandboxedProcessService0:77/u0ai77 for  {com.android.chrome/org.chromium.content.app.SandboxedProcessService0:77}
09-02 03:50:35.104  1513  1625 W ActivityManager: Slow operation: 2951ms so far, now at startProcess: starting to update pids map
09-02 03:50:35.104  1513  1625 W ActivityManager: Slow operation: 2951ms so far, now at startProcess: done updating pids map
09-02 03:50:35.104  1513  1625 W ActivityManager: Slow operation: 2910ms so far, now at startProcess: asking zygote to start proc
09-02 03:50:35.104  1513  1625 D CompatibilityChangeReporter: Compat change id reported: 143937733; UID 10220; state: ENABLED
09-02 03:50:35.106 14007 14007 E libc    : SetHeapTaggingLevel: re-enabling tagging after it was disabled is not supported
09-02 03:50:35.106 13969 13969 I LoadedApk: No resource references to update in package com.google.android.trichromelibrary
09-02 03:50:35.107 13969 13969 D NetworkSecurityConfig: Using Network Security Config from resource 0_resource_name_obfuscated debugBuild: false
09-02 03:50:35.108 13969 13969 D NetworkSecurityConfig: Using Network Security Config from resource 0_resource_name_obfuscated debugBuild: false
09-02 03:50:35.110 13969 13969 I cr_SplitCompatApp: Launched version=107.0.5304.91 minSdkVersion=29 isBundle=true processName=com.android.chrome:sandboxed_process0:org.chromium.content.app.SandboxedProcessService0:75 isIsolated=true
09-02 03:50:35.116 14007 14007 E cessService0:7: Not starting debugger since process cannot load the jdwp agent.
09-02 03:50:35.120 11623 11623 D Zygote  : Forked child process 14025
09-02 03:50:35.121  1513  1625 W ActivityManager: Slow operation: 2927ms so far, now at startProcess: returned from zygote!
09-02 03:50:35.121 13987 13987 I LoadedApk: No resource references to update in package com.google.android.trichromelibrary
09-02 03:50:35.122 13987 13987 D NetworkSecurityConfig: Using Network Security Config from resource 0_resource_name_obfuscated debugBuild: false
09-02 03:50:35.122 13987 13987 D NetworkSecurityConfig: Using Network Security Config from resource 0_resource_name_obfuscated debugBuild: false
09-02 03:50:35.122  1513  3168 E ProcessStats: Executing service ServiceState{cf3a3d8 org.chromium.content.app.SandboxedProcessService0 pkg=com.android.chrome proc=b8c331} without owner
09-02 03:50:35.123 13987 13987 I cr_SplitCompatApp: Launched version=107.0.5304.91 minSdkVersion=29 isBundle=true processName=com.android.chrome:sandboxed_process0:org.chromium.content.app.SandboxedProcessService0:76 isIsolated=true
09-02 03:50:35.123  1513  3168 D CompatibilityChangeReporter: Compat change id reported: 136274596; UID 10220; state: ENABLED
09-02 03:50:35.124  1513  1625 W ActivityManager: Slow operation: 2930ms so far, now at startProcess: done updating battery stats
09-02 03:50:35.124  1513  1625 W ActivityManager: Slow operation: 2930ms so far, now at startProcess: building log message
09-02 03:50:35.124  1513  1625 I ActivityManager: Start proc 14025:com.android.chrome:sandboxed_process0:org.chromium.content.app.SandboxedProcessService0:78/u0ai78 for  {com.android.chrome/org.chromium.content.app.SandboxedProcessService0:78}
09-02 03:50:35.124  1513  1625 W ActivityManager: Slow operation: 2930ms so far, now at startProcess: starting to update pids map
09-02 03:50:35.125  1513  1625 W ActivityManager: Slow operation: 2930ms so far, now at startProcess: done updating pids map
09-02 03:50:35.125  1513  1625 W ActivityManager: Slow operation: 2906ms so far, now at startProcess: asking zygote to start proc
09-02 03:50:35.125  1513  1625 D CompatibilityChangeReporter: Compat change id reported: 143937733; UID 10220; state: ENABLED
09-02 03:50:35.125 13969 13969 W SystemServiceRegistry: No service published for: uimode
09-02 03:50:35.125 14025 14025 E libc    : SetHeapTaggingLevel: re-enabling tagging after it was disabled is not supported
09-02 03:50:35.131 14025 14025 E cessService0:7: Not starting debugger since process cannot load the jdwp agent.
09-02 03:50:35.132 13969 13969 I cr_ChildProcessService: Creating new ChildProcessService pid=13969
09-02 03:50:35.134 13987 13987 W SystemServiceRegistry: No service published for: uimode
09-02 03:50:35.135  1513  3168 E ProcessStats: Executing service ServiceState{cf3a3d8 org.chromium.content.app.SandboxedProcessService0 pkg=com.android.chrome proc=b8c331} without owner
09-02 03:50:35.136  1513  3168 E ProcessStats: Foregrounding service ServiceState{cf3a3d8 org.chromium.content.app.SandboxedProcessService0 pkg=com.android.chrome proc=b8c331} without owner
09-02 03:50:35.137 13969 13991 I cr_LibraryLoader: Using ModernLinker
09-02 03:50:35.138 13969 13991 W linker  : Warning: "/data/app/~~_KLlx60MH8CoecPTjMKp8g==/com.android.chrome-kw9RHYrlHKb9bPXi8OTClw==/base.apk!/lib/arm64-v8a/libchromium_android_linker.so" unused DT entry: unknown processor-specific (type 0x70000001 arg 0x0) (ignoring)
09-02 03:50:35.138 13969 13991 E cr_ChromiumAndroidLinker: ReserveAddressWithHint: Address range starting at 0x7a38716000 was not free to use
09-02 03:50:35.143 13987 13987 I cr_ChildProcessService: Creating new ChildProcessService pid=13987
09-02 03:50:35.144 13969 14038 I cr_LibraryLoader: Successfully loaded native library
09-02 03:50:35.145 13969 14038 I cr_CachingUmaRecorder: Flushed 3 samples from 3 histograms.
09-02 03:50:35.147  1513  2571 E ProcessStats: Executing service ServiceState{cf3a3d8 org.chromium.content.app.SandboxedProcessService0 pkg=com.android.chrome proc=b8c331} without owner
09-02 03:50:35.147  1513  2571 D CompatibilityChangeReporter: Compat change id reported: 136274596; UID 10220; state: ENABLED
09-02 03:50:35.151  1513  3232 E ProcessStats: Executing service ServiceState{cf3a3d8 org.chromium.content.app.SandboxedProcessService0 pkg=com.android.chrome proc=b8c331} without owner
09-02 03:50:35.151  1513  3232 E ProcessStats: Foregrounding service ServiceState{cf3a3d8 org.chromium.content.app.SandboxedProcessService0 pkg=com.android.chrome proc=b8c331} without owner
09-02 03:50:35.154 13987 14002 I cr_LibraryLoader: Using ModernLinker
09-02 03:50:35.155 13987 14002 W linker  : Warning: "/data/app/~~_KLlx60MH8CoecPTjMKp8g==/com.android.chrome-kw9RHYrlHKb9bPXi8OTClw==/base.apk!/lib/arm64-v8a/libchromium_android_linker.so" unused DT entry: unknown processor-specific (type 0x70000001 arg 0x0) (ignoring)
09-02 03:50:35.155 13987 14002 E cr_ChromiumAndroidLinker: ReserveAddressWithHint: Address range starting at 0x7a38716000 was not free to use
09-02 03:50:35.162 14007 14007 I LoadedApk: No resource references to update in package com.google.android.trichromelibrary
09-02 03:50:35.162 14007 14007 D NetworkSecurityConfig: Using Network Security Config from resource 0_resource_name_obfuscated debugBuild: false
09-02 03:50:35.162 13987 14046 I cr_LibraryLoader: Successfully loaded native library
09-02 03:50:35.163 14007 14007 D NetworkSecurityConfig: Using Network Security Config from resource 0_resource_name_obfuscated debugBuild: false
09-02 03:50:35.164 13987 14046 I cr_CachingUmaRecorder: Flushed 3 samples from 3 histograms.
09-02 03:50:35.164 14007 14007 I cr_SplitCompatApp: Launched version=107.0.5304.91 minSdkVersion=29 isBundle=true processName=com.android.chrome:sandboxed_process0:org.chromium.content.app.SandboxedProcessService0:77 isIsolated=true
09-02 03:50:35.176 11507 11507 I BatteryMgr:DataCollectionService: onStartCommand: begin
09-02 03:50:35.176 11507 11507 I BatteryMgr:DataCollectionService: onStartCommand: sampleRate => 100
09-02 03:50:35.176 11507 11507 I BatteryMgr:DataCollectionService: onStartCommand: rawFields => Timestamp,BATTERY_PROPERTY_CURRENT_NOW,EXTRA_VOLTAGE
09-02 03:50:35.176 11507 11507 I BatteryMgr:DataCollectionService: onStartCommand: notification done
09-02 03:50:35.178 14007 14007 W SystemServiceRegistry: No service published for: uimode
09-02 03:50:35.180 14025 14025 I LoadedApk: No resource references to update in package com.google.android.trichromelibrary
09-02 03:50:35.180 14025 14025 D NetworkSecurityConfig: Using Network Security Config from resource 0_resource_name_obfuscated debugBuild: false
09-02 03:50:35.181 14025 14025 D NetworkSecurityConfig: Using Network Security Config from resource 0_resource_name_obfuscated debugBuild: false
09-02 03:50:35.182  1513  2571 D CompatibilityChangeReporter: Compat change id reported: 136219221; UID 10260; state: ENABLED
09-02 03:50:35.182 11623 11623 D Zygote  : Forked child process 14056
09-02 03:50:35.183  1513  1625 W ActivityManager: Slow operation: 2964ms so far, now at startProcess: returned from zygote!
09-02 03:50:35.183  1513  1625 W ActivityManager: Slow operation: 2965ms so far, now at startProcess: done updating battery stats
09-02 03:50:35.183  1513  1625 W ActivityManager: Slow operation: 2965ms so far, now at startProcess: building log message
09-02 03:50:35.183  1513  1625 I ActivityManager: Start proc 14056:com.android.chrome:sandboxed_process0:org.chromium.content.app.SandboxedProcessService0:79/u0ai79 for  {com.android.chrome/org.chromium.content.app.SandboxedProcessService0:79}
09-02 03:50:35.183  1513  1625 W ActivityManager: Slow operation: 2965ms so far, now at startProcess: starting to update pids map
09-02 03:50:35.183 14025 14025 I cr_SplitCompatApp: Launched version=107.0.5304.91 minSdkVersion=29 isBundle=true processName=com.android.chrome:sandboxed_process0:org.chromium.content.app.SandboxedProcessService0:78 isIsolated=true
09-02 03:50:35.183  1513  1625 W ActivityManager: Slow operation: 2965ms so far, now at startProcess: done updating pids map
09-02 03:50:35.183 11507 11507 I BatteryMgr:DataCollectionService: started foreground
09-02 03:50:35.183  1513  1625 W ActivityManager: Slow operation: 2938ms so far, now at startProcess: asking zygote to start proc
09-02 03:50:35.183  1513  1625 D CompatibilityChangeReporter: Compat change id reported: 143937733; UID 10220; state: ENABLED
09-02 03:50:35.184 14007 14007 I cr_ChildProcessService: Creating new ChildProcessService pid=14007
09-02 03:50:35.188  1513  2262 E ProcessStats: Executing service ServiceState{cf3a3d8 org.chromium.content.app.SandboxedProcessService0 pkg=com.android.chrome proc=b8c331} without owner
09-02 03:50:35.189  1513  2262 E ProcessStats: Foregrounding service ServiceState{cf3a3d8 org.chromium.content.app.SandboxedProcessService0 pkg=com.android.chrome proc=b8c331} without owner
09-02 03:50:35.189 11507 11521 I manager_utilit: CollectorTransition concurrent copying GC freed 794(82KB) AllocSpace objects, 0(0B) LOS objects, 88% free, 3096KB/27MB, paused 78us total 351.317ms
09-02 03:50:35.191 14007 14036 I cr_LibraryLoader: Using ModernLinker
09-02 03:50:35.192 14007 14036 W linker  : Warning: "/data/app/~~_KLlx60MH8CoecPTjMKp8g==/com.android.chrome-kw9RHYrlHKb9bPXi8OTClw==/base.apk!/lib/arm64-v8a/libchromium_android_linker.so" unused DT entry: unknown processor-specific (type 0x70000001 arg 0x0) (ignoring)
09-02 03:50:35.192 14007 14036 E cr_ChromiumAndroidLinker: ReserveAddressWithHint: Address range starting at 0x7a38716000 was not free to use
09-02 03:50:35.193 14056 14056 E libc    : SetHeapTaggingLevel: re-enabling tagging after it was disabled is not supported
09-02 03:50:35.194 13916 13935 I cr_LibraryLoader: Successfully loaded native library
09-02 03:50:35.200 14056 14056 E cessService0:7: Not starting debugger since process cannot load the jdwp agent.
09-02 03:50:35.204 14025 14025 W SystemServiceRegistry: No service published for: uimode
09-02 03:50:35.205  1513  2262 E ProcessStats: Executing service ServiceState{cf3a3d8 org.chromium.content.app.SandboxedProcessService0 pkg=com.android.chrome proc=b8c331} without owner
09-02 03:50:35.206  1513  2262 D CompatibilityChangeReporter: Compat change id reported: 136274596; UID 10220; state: ENABLED
09-02 03:50:35.207 11623 11623 D Zygote  : Forked child process 14079
09-02 03:50:35.208  1513  1625 W ActivityManager: Slow operation: 2962ms so far, now at startProcess: returned from zygote!
09-02 03:50:35.208  1513  1625 W ActivityManager: Slow operation: 2963ms so far, now at startProcess: done updating battery stats
09-02 03:50:35.208  1513  1625 W ActivityManager: Slow operation: 2963ms so far, now at startProcess: building log message
09-02 03:50:35.208  1513  1625 I ActivityManager: Start proc 14079:com.android.chrome:sandboxed_process0:org.chromium.content.app.SandboxedProcessService0:80/u0ai80 for  {com.android.chrome/org.chromium.content.app.SandboxedProcessService0:80}
09-02 03:50:35.208  1513  1625 W ActivityManager: Slow operation: 2963ms so far, now at startProcess: starting to update pids map
09-02 03:50:35.208  1513  1625 W ActivityManager: Slow operation: 2963ms so far, now at startProcess: done updating pids map
09-02 03:50:35.208  1513  1625 W ActivityManager: Slow operation: 2934ms so far, now at startProcess: asking zygote to start proc
09-02 03:50:35.208  1513  1625 D CompatibilityChangeReporter: Compat change id reported: 143937733; UID 10220; state: ENABLED
09-02 03:50:35.211 11507 14077 I BatteryMgr:DataCollectionService: collectData: begin
09-02 03:50:35.211 14025 14025 I cr_ChildProcessService: Creating new ChildProcessService pid=14025
09-02 03:50:35.213 14079 14079 E libc    : SetHeapTaggingLevel: re-enabling tagging after it was disabled is not supported
09-02 03:50:35.215  1513  3232 E ProcessStats: Executing service ServiceState{cf3a3d8 org.chromium.content.app.SandboxedProcessService0 pkg=com.android.chrome proc=b8c331} without owner
09-02 03:50:35.215  1513  3232 E ProcessStats: Foregrounding service ServiceState{cf3a3d8 org.chromium.content.app.SandboxedProcessService0 pkg=com.android.chrome proc=b8c331} without owner
09-02 03:50:35.216 14025 14045 I cr_LibraryLoader: Using ModernLinker
09-02 03:50:35.216 14025 14045 W linker  : Warning: "/data/app/~~_KLlx60MH8CoecPTjMKp8g==/com.android.chrome-kw9RHYrlHKb9bPXi8OTClw==/base.apk!/lib/arm64-v8a/libchromium_android_linker.so" unused DT entry: unknown processor-specific (type 0x70000001 arg 0x0) (ignoring)
09-02 03:50:35.217 11507 14077 I BatteryMgr:DataCollectionService: stats => 1693619435217,6103,4389
09-02 03:50:35.217 14025 14045 E cr_ChromiumAndroidLinker: ReserveAddressWithHint: Address range starting at 0x7a38716000 was not free to use
09-02 03:50:35.222 14079 14079 E cessService0:8: Not starting debugger since process cannot load the jdwp agent.
09-02 03:50:35.225 11623 11623 D Zygote  : Forked child process 14097
09-02 03:50:35.226  1513  1625 W ActivityManager: Slow operation: 2951ms so far, now at startProcess: returned from zygote!
09-02 03:50:35.226  1513  1625 W ActivityManager: Slow operation: 2952ms so far, now at startProcess: done updating battery stats
09-02 03:50:35.226  1513  1625 W ActivityManager: Slow operation: 2952ms so far, now at startProcess: building log message
09-02 03:50:35.226  1513  1625 I ActivityManager: Start proc 14097:com.android.chrome:sandboxed_process0:org.chromium.content.app.SandboxedProcessService0:81/u0ai81 for  {com.android.chrome/org.chromium.content.app.SandboxedProcessService0:81}
09-02 03:50:35.226  1513  1625 W ActivityManager: Slow operation: 2952ms so far, now at startProcess: starting to update pids map
09-02 03:50:35.226  1513  1625 W ActivityManager: Slow operation: 2952ms so far, now at startProcess: done updating pids map
09-02 03:50:35.226  1513  1625 W ActivityManager: Slow operation: 2902ms so far, now at startProcess: asking zygote to start proc
09-02 03:50:35.227 14056 14056 I LoadedApk: No resource references to update in package com.google.android.trichromelibrary
09-02 03:50:35.227 14056 14056 D NetworkSecurityConfig: Using Network Security Config from resource 0_resource_name_obfuscated debugBuild: false
09-02 03:50:35.227 14056 14056 D NetworkSecurityConfig: Using Network Security Config from resource 0_resource_name_obfuscated debugBuild: false
09-02 03:50:35.228 14056 14056 I cr_SplitCompatApp: Launched version=107.0.5304.91 minSdkVersion=29 isBundle=true processName=com.android.chrome:sandboxed_process0:org.chromium.content.app.SandboxedProcessService0:79 isIsolated=true
09-02 03:50:35.232 14097 14097 E libc    : SetHeapTaggingLevel: re-enabling tagging after it was disabled is not supported
09-02 03:50:35.233  1513  3232 E ProcessStats: Executing service ServiceState{cf3a3d8 org.chromium.content.app.SandboxedProcessService0 pkg=com.android.chrome proc=b8c331} without owner
09-02 03:50:35.234  1513  3232 D CompatibilityChangeReporter: Compat change id reported: 136274596; UID 10220; state: ENABLED
09-02 03:50:35.236 14056 14056 W SystemServiceRegistry: No service published for: uimode
09-02 03:50:35.237 14097 14097 E cessService0:8: Not starting debugger since process cannot load the jdwp agent.
09-02 03:50:35.242 11623 11623 D Zygote  : Forked child process 14117
09-02 03:50:35.242  1513  1625 W ActivityManager: Slow operation: 2918ms so far, now at startProcess: returned from zygote!
09-02 03:50:35.243  1513  1625 W ActivityManager: Slow operation: 2918ms so far, now at startProcess: done updating battery stats
09-02 03:50:35.243  1513  1625 W ActivityManager: Slow operation: 2918ms so far, now at startProcess: building log message
09-02 03:50:35.243  1513  1625 I ActivityManager: Start proc 14117:com.android.chrome:sandboxed_process0:org.chromium.content.app.SandboxedProcessService0:82/u0ai82 for  {com.android.chrome/org.chromium.content.app.SandboxedProcessService0:82}
09-02 03:50:35.243  1513  1625 W ActivityManager: Slow operation: 2918ms so far, now at startProcess: starting to update pids map
09-02 03:50:35.243  1513  1625 W ActivityManager: Slow operation: 2918ms so far, now at startProcess: done updating pids map
09-02 03:50:35.243  1513  1625 W ActivityManager: Slow operation: 2879ms so far, now at startProcess: asking zygote to start proc
09-02 03:50:35.243  1513  1625 D CompatibilityChangeReporter: Compat change id reported: 143937733; UID 10220; state: ENABLED
09-02 03:50:35.243 14056 14056 I cr_ChildProcessService: Creating new ChildProcessService pid=14056
09-02 03:50:35.244 14117 14117 E libc    : SetHeapTaggingLevel: re-enabling tagging after it was disabled is not supported
09-02 03:50:35.246 11567 11567 I cr_TabWebContentsObs: renderProcessGone() for tab id: 8172, already needs reload: false
09-02 03:50:35.247 11623 11623 I Zygote  : Process 12272 exited due to signal 9 (Killed)
09-02 03:50:35.251  1513  2571 E ProcessStats: Executing service ServiceState{cf3a3d8 org.chromium.content.app.SandboxedProcessService0 pkg=com.android.chrome proc=b8c331} without owner
09-02 03:50:35.252  1513  2571 E ProcessStats: Foregrounding service ServiceState{cf3a3d8 org.chromium.content.app.SandboxedProcessService0 pkg=com.android.chrome proc=b8c331} without owner
09-02 03:50:35.253 14056 14084 I cr_LibraryLoader: Using ModernLinker
09-02 03:50:35.256 14056 14084 W linker  : Warning: "/data/app/~~_KLlx60MH8CoecPTjMKp8g==/com.android.chrome-kw9RHYrlHKb9bPXi8OTClw==/base.apk!/lib/arm64-v8a/libchromium_android_linker.so" unused DT entry: unknown processor-specific (type 0x70000001 arg 0x0) (ignoring)
09-02 03:50:35.257 14056 14084 E cr_ChromiumAndroidLinker: ReserveAddressWithHint: Address range starting at 0x7a38716000 was not free to use
09-02 03:50:35.257  1513  3232 E ProcessStats: Executing service ServiceState{cf3a3d8 org.chromium.content.app.SandboxedProcessService0 pkg=com.android.chrome proc=b8c331} without owner
09-02 03:50:35.258  1513  3232 D CompatibilityChangeReporter: Compat change id reported: 136274596; UID 10220; state: ENABLED
09-02 03:50:35.259 14079 14079 I LoadedApk: No resource references to update in package com.google.android.trichromelibrary
09-02 03:50:35.260 14079 14079 D NetworkSecurityConfig: Using Network Security Config from resource 0_resource_name_obfuscated debugBuild: false
09-02 03:50:35.261 14079 14079 D NetworkSecurityConfig: Using Network Security Config from resource 0_resource_name_obfuscated debugBuild: false
09-02 03:50:35.261 14117 14117 E cessService0:8: Not starting debugger since process cannot load the jdwp agent.
09-02 03:50:35.262 14056 14124 I cr_LibraryLoader: Successfully loaded native library
09-02 03:50:35.262 14079 14079 I cr_SplitCompatApp: Launched version=107.0.5304.91 minSdkVersion=29 isBundle=true processName=com.android.chrome:sandboxed_process0:org.chromium.content.app.SandboxedProcessService0:80 isIsolated=true
09-02 03:50:35.262 14056 14124 I cr_CachingUmaRecorder: Flushed 3 samples from 3 histograms.
09-02 03:50:35.269 11623 11623 D Zygote  : Forked child process 14139
09-02 03:50:35.270  1513  1625 W ActivityManager: Slow operation: 2907ms so far, now at startProcess: returned from zygote!
09-02 03:50:35.272 14139 14139 E libc    : SetHeapTaggingLevel: re-enabling tagging after it was disabled is not supported
09-02 03:50:35.274 14079 14079 W SystemServiceRegistry: No service published for: uimode
09-02 03:50:35.277 14079 14079 I cr_ChildProcessService: Creating new ChildProcessService pid=14079
09-02 03:50:35.277 14139 14139 E cessService0:8: Not starting debugger since process cannot load the jdwp agent.
09-02 03:50:35.295  1513  2571 E ProcessStats: Executing service ServiceState{cf3a3d8 org.chromium.content.app.SandboxedProcessService0 pkg=com.android.chrome proc=b8c331} without owner
09-02 03:50:35.296  1513  2571 D CompatibilityChangeReporter: Compat change id reported: 136274596; UID 10220; state: ENABLED
09-02 03:50:35.299  1513  2172 W ActivityManager: Slow operation: 2936ms so far, now at startProcess: done updating battery stats
09-02 03:50:35.299  1513  2172 W ActivityManager: Slow operation: 2936ms so far, now at startProcess: building log message
09-02 03:50:35.299  1513  2172 I ActivityManager: Start proc 14139:com.android.chrome:sandboxed_process0:org.chromium.content.app.SandboxedProcessService0:83/u0ai83 for  {com.android.chrome/org.chromium.content.app.SandboxedProcessService0:83}
09-02 03:50:35.299  1513  2172 W ActivityManager: Slow operation: 2936ms so far, now at startProcess: starting to update pids map
09-02 03:50:35.300  1513  2172 W ActivityManager: Slow operation: 2936ms so far, now at startProcess: done updating pids map
09-02 03:50:35.302  1513  2172 E ProcessStats: Executing service ServiceState{cf3a3d8 org.chromium.content.app.SandboxedProcessService0 pkg=com.android.chrome proc=b8c331} without owner
09-02 03:50:35.303  1513  2172 D CompatibilityChangeReporter: Compat change id reported: 136274596; UID 10220; state: ENABLED
09-02 03:50:35.306  1513  2180 E ProcessStats: Executing service ServiceState{cf3a3d8 org.chromium.content.app.SandboxedProcessService0 pkg=com.android.chrome proc=b8c331} without owner
09-02 03:50:35.306  1513  2180 E ProcessStats: Foregrounding service ServiceState{cf3a3d8 org.chromium.content.app.SandboxedProcessService0 pkg=com.android.chrome proc=b8c331} without owner
09-02 03:50:35.307  1513  1625 W ActivityManager: Slow operation: 2930ms so far, now at startProcess: asking zygote to start proc
09-02 03:50:35.307  1513  1625 D CompatibilityChangeReporter: Compat change id reported: 143937733; UID 10220; state: ENABLED
09-02 03:50:35.317 11567 11567 I cr_TabWebContentsObs: renderProcessGone() for tab id: 8158, already needs reload: false
09-02 03:50:35.317 11623 11623 D Zygote  : Forked child process 14181
09-02 03:50:35.317 11623 11623 I Zygote  : Process 11849 exited due to signal 9 (Killed)
09-02 03:50:35.318 14079 14122 I cr_LibraryLoader: Using ModernLinker
09-02 03:50:35.319 14079 14122 W linker  : Warning: "/data/app/~~_KLlx60MH8CoecPTjMKp8g==/com.android.chrome-kw9RHYrlHKb9bPXi8OTClw==/base.apk!/lib/arm64-v8a/libchromium_android_linker.so" unused DT entry: unknown processor-specific (type 0x70000001 arg 0x0) (ignoring)
09-02 03:50:35.320 14079 14122 E cr_ChromiumAndroidLinker: ReserveAddressWithHint: Address range starting at 0x7a38716000 was not free to use
09-02 03:50:35.322 14079 14152 I cr_LibraryLoader: Successfully loaded native library
09-02 03:50:35.323 14079 14152 I cr_CachingUmaRecorder: Flushed 3 samples from 3 histograms.
09-02 03:50:35.327  1513  1625 W ActivityManager: Slow operation: 2951ms so far, now at startProcess: returned from zygote!
09-02 03:50:35.328 14181 14181 E libc    : SetHeapTaggingLevel: re-enabling tagging after it was disabled is not supported
09-02 03:50:35.329 11507 14077 I BatteryMgr:DataCollectionService: stats => 1693619435329,6103,4389
09-02 03:50:35.331 14007 14063 I cr_LibraryLoader: Successfully loaded native library
09-02 03:50:35.333 14097 14097 I LoadedApk: No resource references to update in package com.google.android.trichromelibrary
09-02 03:50:35.333 14097 14097 D NetworkSecurityConfig: Using Network Security Config from resource 0_resource_name_obfuscated debugBuild: false
09-02 03:50:35.334 14097 14097 D NetworkSecurityConfig: Using Network Security Config from resource 0_resource_name_obfuscated debugBuild: false
09-02 03:50:35.334 14117 14117 I LoadedApk: No resource references to update in package com.google.android.trichromelibrary
09-02 03:50:35.335 14117 14117 D NetworkSecurityConfig: Using Network Security Config from resource 0_resource_name_obfuscated debugBuild: false
09-02 03:50:35.335 14117 14117 D NetworkSecurityConfig: Using Network Security Config from resource 0_resource_name_obfuscated debugBuild: false
09-02 03:50:35.336 14117 14117 I cr_SplitCompatApp: Launched version=107.0.5304.91 minSdkVersion=29 isBundle=true processName=com.android.chrome:sandboxed_process0:org.chromium.content.app.SandboxedProcessService0:82 isIsolated=true
09-02 03:50:35.336 14097 14097 I cr_SplitCompatApp: Launched version=107.0.5304.91 minSdkVersion=29 isBundle=true processName=com.android.chrome:sandboxed_process0:org.chromium.content.app.SandboxedProcessService0:81 isIsolated=true
09-02 03:50:35.336 14181 14181 E cessService0:8: Not starting debugger since process cannot load the jdwp agent.
09-02 03:50:35.341 14117 14117 W SystemServiceRegistry: No service published for: uimode
09-02 03:50:35.344 14139 14139 I LoadedApk: No resource references to update in package com.google.android.trichromelibrary
09-02 03:50:35.344 14139 14139 D NetworkSecurityConfig: Using Network Security Config from resource 0_resource_name_obfuscated debugBuild: false
09-02 03:50:35.344 14139 14139 D NetworkSecurityConfig: Using Network Security Config from resource 0_resource_name_obfuscated debugBuild: false
09-02 03:50:35.345 14139 14139 I cr_SplitCompatApp: Launched version=107.0.5304.91 minSdkVersion=29 isBundle=true processName=com.android.chrome:sandboxed_process0:org.chromium.content.app.SandboxedProcessService0:83 isIsolated=true
09-02 03:50:35.346 14117 14117 I cr_ChildProcessService: Creating new ChildProcessService pid=14117
09-02 03:50:35.348 14097 14097 W SystemServiceRegistry: No service published for: uimode
09-02 03:50:35.352 14097 14097 I cr_ChildProcessService: Creating new ChildProcessService pid=14097
09-02 03:50:35.355 14139 14139 W SystemServiceRegistry: No service published for: uimode
09-02 03:50:35.356 14007 14063 I cr_CachingUmaRecorder: Flushed 3 samples from 3 histograms.
09-02 03:50:35.359  1513  2172 W ActivityManager: Slow operation: 2983ms so far, now at startProcess: done updating battery stats
09-02 03:50:35.359  1513  2172 W ActivityManager: Slow operation: 2983ms so far, now at startProcess: building log message
09-02 03:50:35.359  1513  2172 I ActivityManager: Start proc 14181:com.android.chrome:sandboxed_process0:org.chromium.content.app.SandboxedProcessService0:84/u0ai84 for  {com.android.chrome/org.chromium.content.app.SandboxedProcessService0:84}
09-02 03:50:35.359  1513  2172 W ActivityManager: Slow operation: 2983ms so far, now at startProcess: starting to update pids map
09-02 03:50:35.360  1513  2172 W ActivityManager: Slow operation: 2983ms so far, now at startProcess: done updating pids map
09-02 03:50:35.361 14139 14139 I cr_ChildProcessService: Creating new ChildProcessService pid=14139
09-02 03:50:35.362  1513  2172 E ProcessStats: Executing service ServiceState{cf3a3d8 org.chromium.content.app.SandboxedProcessService0 pkg=com.android.chrome proc=b8c331} without owner
09-02 03:50:35.362  1513  2172 D CompatibilityChangeReporter: Compat change id reported: 136274596; UID 10220; state: ENABLED
09-02 03:50:35.365  1513  1625 W ActivityManager: Slow operation: 2973ms so far, now at startProcess: asking zygote to start proc
09-02 03:50:35.366  1513  1625 D CompatibilityChangeReporter: Compat change id reported: 143937733; UID 10220; state: ENABLED
09-02 03:50:35.367  1513  9003 E ProcessStats: Executing service ServiceState{cf3a3d8 org.chromium.content.app.SandboxedProcessService0 pkg=com.android.chrome proc=b8c331} without owner
09-02 03:50:35.367  1513  9003 E ProcessStats: Foregrounding service ServiceState{cf3a3d8 org.chromium.content.app.SandboxedProcessService0 pkg=com.android.chrome proc=b8c331} without owner
09-02 03:50:35.368  1513  2180 E ProcessStats: Executing service ServiceState{cf3a3d8 org.chromium.content.app.SandboxedProcessService0 pkg=com.android.chrome proc=b8c331} without owner
09-02 03:50:35.368  1513  2180 E ProcessStats: Foregrounding service ServiceState{cf3a3d8 org.chromium.content.app.SandboxedProcessService0 pkg=com.android.chrome proc=b8c331} without owner
09-02 03:50:35.369 14139 14177 I cr_LibraryLoader: Using ModernLinker
09-02 03:50:35.370  1513  2172 E ProcessStats: Executing service ServiceState{cf3a3d8 org.chromium.content.app.SandboxedProcessService0 pkg=com.android.chrome proc=b8c331} without owner
09-02 03:50:35.370  1513  2172 E ProcessStats: Foregrounding service ServiceState{cf3a3d8 org.chromium.content.app.SandboxedProcessService0 pkg=com.android.chrome proc=b8c331} without owner
09-02 03:50:35.370 14097 14170 I cr_LibraryLoader: Using ModernLinker
09-02 03:50:35.371 14117 14145 I cr_LibraryLoader: Using ModernLinker
09-02 03:50:35.372 14117 14145 W linker  : Warning: "/data/app/~~_KLlx60MH8CoecPTjMKp8g==/com.android.chrome-kw9RHYrlHKb9bPXi8OTClw==/base.apk!/lib/arm64-v8a/libchromium_android_linker.so" unused DT entry: unknown processor-specific (type 0x70000001 arg 0x0) (ignoring)
09-02 03:50:35.372 14139 14177 W linker  : Warning: "/data/app/~~_KLlx60MH8CoecPTjMKp8g==/com.android.chrome-kw9RHYrlHKb9bPXi8OTClw==/base.apk!/lib/arm64-v8a/libchromium_android_linker.so" unused DT entry: unknown processor-specific (type 0x70000001 arg 0x0) (ignoring)
09-02 03:50:35.373 14117 14145 E cr_ChromiumAndroidLinker: ReserveAddressWithHint: Address range starting at 0x7a38716000 was not free to use
09-02 03:50:35.373 14097 14170 W linker  : Warning: "/data/app/~~_KLlx60MH8CoecPTjMKp8g==/com.android.chrome-kw9RHYrlHKb9bPXi8OTClw==/base.apk!/lib/arm64-v8a/libchromium_android_linker.so" unused DT entry: unknown processor-specific (type 0x70000001 arg 0x0) (ignoring)
09-02 03:50:35.373 14139 14177 E cr_ChromiumAndroidLinker: ReserveAddressWithHint: Address range starting at 0x7a38716000 was not free to use
09-02 03:50:35.374 14097 14170 E cr_ChromiumAndroidLinker: ReserveAddressWithHint: Address range starting at 0x7a38716000 was not free to use
09-02 03:50:35.375 14117 14209 I cr_LibraryLoader: Successfully loaded native library
09-02 03:50:35.376 14117 14209 I cr_CachingUmaRecorder: Flushed 3 samples from 3 histograms.
09-02 03:50:35.378 11567 11567 I cr_TabWebContentsObs: renderProcessGone() for tab id: 8173, already needs reload: false
09-02 03:50:35.379 14097 14210 I cr_LibraryLoader: Successfully loaded native library
09-02 03:50:35.379 14097 14210 I cr_CachingUmaRecorder: Flushed 3 samples from 3 histograms.
09-02 03:50:35.385 14139 14212 I cr_LibraryLoader: Successfully loaded native library
09-02 03:50:35.386 14139 14212 I cr_CachingUmaRecorder: Flushed 3 samples from 3 histograms.
09-02 03:50:35.386  1513  1513 D NotificationService: 0|com.example.batterymanager_utility|1|null|10260: granting content://settings/system/notification_sound
09-02 03:50:35.387  1513  1513 I chatty  : uid=1000(system) Binder:1513_3 identical 3 lines
09-02 03:50:35.388  1513  1513 D NotificationService: 0|com.example.batterymanager_utility|1|null|10260: granting content://settings/system/notification_sound
09-02 03:50:35.391 14025 14086 I cr_LibraryLoader: Successfully loaded native library
09-02 03:50:35.392 14025 14086 I cr_CachingUmaRecorder: Flushed 3 samples from 3 histograms.
09-02 03:50:35.395  1513  1513 W NotificationHistory: Attempted to add notif for locked/gone/disabled user 0
09-02 03:50:35.408  2062  2062 D InterruptionStateProvider: No bubble up: not allowed to bubble: 0|com.example.batterymanager_utility|1|null|10260
09-02 03:50:35.408  2062  2062 D InterruptionStateProvider: No heads up: unimportant notification: 0|com.example.batterymanager_utility|1|null|10260
09-02 03:50:35.408 11623 11623 D Zygote  : Forked child process 14236
09-02 03:50:35.410 14236 14236 E libc    : SetHeapTaggingLevel: re-enabling tagging after it was disabled is not supported
09-02 03:50:35.410 14181 14181 I LoadedApk: No resource references to update in package com.google.android.trichromelibrary
09-02 03:50:35.410 14181 14181 D NetworkSecurityConfig: Using Network Security Config from resource 0_resource_name_obfuscated debugBuild: false
09-02 03:50:35.412 14181 14181 D NetworkSecurityConfig: Using Network Security Config from resource 0_resource_name_obfuscated debugBuild: false
09-02 03:50:35.412  1513  1625 W ActivityManager: Slow operation: 3019ms so far, now at startProcess: returned from zygote!
09-02 03:50:35.412 14181 14181 I cr_SplitCompatApp: Launched version=107.0.5304.91 minSdkVersion=29 isBundle=true processName=com.android.chrome:sandboxed_process0:org.chromium.content.app.SandboxedProcessService0:84 isIsolated=true
09-02 03:50:35.415 14236 14236 E cessService0:8: Not starting debugger since process cannot load the jdwp agent.
09-02 03:50:35.417 14181 14181 W SystemServiceRegistry: No service published for: uimode
09-02 03:50:35.418  1513  1625 W ActivityManager: Slow operation: 3026ms so far, now at startProcess: done updating battery stats
09-02 03:50:35.418  1513  1625 W ActivityManager: Slow operation: 3026ms so far, now at startProcess: building log message
09-02 03:50:35.418  1513  1625 I ActivityManager: Start proc 14236:com.android.chrome:sandboxed_process0:org.chromium.content.app.SandboxedProcessService0:85/u0ai85 for  {com.android.chrome/org.chromium.content.app.SandboxedProcessService0:85}
09-02 03:50:35.418  1513  1625 W ActivityManager: Slow operation: 3026ms so far, now at startProcess: starting to update pids map
09-02 03:50:35.419  1513  1625 W ActivityManager: Slow operation: 3026ms so far, now at startProcess: done updating pids map
09-02 03:50:35.419  1513  1625 W ActivityManager: Slow operation: 3009ms so far, now at startProcess: asking zygote to start proc
09-02 03:50:35.423 14181 14181 I cr_ChildProcessService: Creating new ChildProcessService pid=14181
09-02 03:50:35.425 13916 13935 I cr_CachingUmaRecorder: Flushed 3 samples from 3 histograms.
09-02 03:50:35.428  1513  2571 E ProcessStats: Executing service ServiceState{cf3a3d8 org.chromium.content.app.SandboxedProcessService0 pkg=com.android.chrome proc=b8c331} without owner
09-02 03:50:35.429  1513  2571 E ProcessStats: Foregrounding service ServiceState{cf3a3d8 org.chromium.content.app.SandboxedProcessService0 pkg=com.android.chrome proc=b8c331} without owner
09-02 03:50:35.437 11507 14077 I BatteryMgr:DataCollectionService: stats => 1693619435437,6103,4389
09-02 03:50:35.445 14181 14213 I cr_LibraryLoader: Using ModernLinker
09-02 03:50:35.446 14181 14213 W linker  : Warning: "/data/app/~~_KLlx60MH8CoecPTjMKp8g==/com.android.chrome-kw9RHYrlHKb9bPXi8OTClw==/base.apk!/lib/arm64-v8a/libchromium_android_linker.so" unused DT entry: unknown processor-specific (type 0x70000001 arg 0x0) (ignoring)
09-02 03:50:35.446 14181 14213 E cr_ChromiumAndroidLinker: ReserveAddressWithHint: Address range starting at 0x7a38716000 was not free to use
09-02 03:50:35.448   901  2806 I sensors-hal: [ssc_utils]get_qmi_debug_flag:244, support_qmi_debug : false
09-02 03:50:35.453 11623 11623 D Zygote  : Forked child process 14266
09-02 03:50:35.454 11623 11623 I Zygote  : Process 12292 exited due to signal 9 (Killed)
09-02 03:50:35.455  1513  1625 W ActivityManager: Slow operation: 3045ms so far, now at startProcess: returned from zygote!
09-02 03:50:35.455  1513  1625 W ActivityManager: Slow operation: 3045ms so far, now at startProcess: done updating battery stats
09-02 03:50:35.455  1513  1625 W ActivityManager: Slow operation: 3045ms so far, now at startProcess: building log message
09-02 03:50:35.455  1513  1625 I ActivityManager: Start proc 14266:com.android.chrome:sandboxed_process0:org.chromium.content.app.SandboxedProcessService0:86/u0ai86 for  {com.android.chrome/org.chromium.content.app.SandboxedProcessService0:86}
09-02 03:50:35.455  1513  1625 W ActivityManager: Slow operation: 3045ms so far, now at startProcess: starting to update pids map
09-02 03:50:35.455  1513  1625 W ActivityManager: Slow operation: 3045ms so far, now at startProcess: done updating pids map
09-02 03:50:35.455  1513  1625 W ActivityManager: Slow operation: 3018ms so far, now at startProcess: asking zygote to start proc
09-02 03:50:35.456 14266 14266 E libc    : SetHeapTaggingLevel: re-enabling tagging after it was disabled is not supported
09-02 03:50:35.463  1513  2172 E ProcessStats: Executing service ServiceState{cf3a3d8 org.chromium.content.app.SandboxedProcessService0 pkg=com.android.chrome proc=b8c331} without owner
09-02 03:50:35.464  1513  2172 D CompatibilityChangeReporter: Compat change id reported: 136274596; UID 10220; state: ENABLED
09-02 03:50:35.465 14266 14266 E cessService0:8: Not starting debugger since process cannot load the jdwp agent.
09-02 03:50:35.471 11623 11623 D Zygote  : Forked child process 14287
09-02 03:50:35.471  1513  1625 W ActivityManager: Slow operation: 3035ms so far, now at startProcess: returned from zygote!
09-02 03:50:35.473 14287 14287 E libc    : SetHeapTaggingLevel: re-enabling tagging after it was disabled is not supported
09-02 03:50:35.474  1513  3223 E ProcessStats: Executing service ServiceState{cf3a3d8 org.chromium.content.app.SandboxedProcessService0 pkg=com.android.chrome proc=b8c331} without owner
09-02 03:50:35.476  1513  3223 D CompatibilityChangeReporter: Compat change id reported: 136274596; UID 10220; state: ENABLED
09-02 03:50:35.478  1513  1625 W ActivityManager: Slow operation: 3042ms so far, now at startProcess: done updating battery stats
09-02 03:50:35.478  1513  1625 W ActivityManager: Slow operation: 3042ms so far, now at startProcess: building log message
09-02 03:50:35.478  1513  1625 I ActivityManager: Start proc 14287:com.android.chrome:sandboxed_process0:org.chromium.content.app.SandboxedProcessService0:87/u0ai87 for  {com.android.chrome/org.chromium.content.app.SandboxedProcessService0:87}
09-02 03:50:35.478  1513  1625 W ActivityManager: Slow operation: 3042ms so far, now at startProcess: starting to update pids map
09-02 03:50:35.478  1513  1625 W ActivityManager: Slow operation: 3042ms so far, now at startProcess: done updating pids map
09-02 03:50:35.478  1513  1625 W ActivityManager: Slow operation: 3012ms so far, now at startProcess: asking zygote to start proc
09-02 03:50:35.478  1513  1625 D CompatibilityChangeReporter: Compat change id reported: 143937733; UID 10220; state: ENABLED
09-02 03:50:35.485 14287 14287 E cessService0:8: Not starting debugger since process cannot load the jdwp agent.
09-02 03:50:35.488   901  1000 W ASH     : @ 64621.938: Unhandled msg ID 999: line 1277
09-02 03:50:35.488   901  1000 E ASH     : @ 64621.938: No pb callback assigned
09-02 03:50:35.488   901  1000 E ASH     : @ 64621.938: Nanopb error: callback failed:1588
09-02 03:50:35.489 11623 11623 D Zygote  : Forked child process 14313
09-02 03:50:35.490 14236 14236 I LoadedApk: No resource references to update in package com.google.android.trichromelibrary
09-02 03:50:35.490  1513  1625 W ActivityManager: Slow operation: 3024ms so far, now at startProcess: returned from zygote!
09-02 03:50:35.490  1513  3232 W ProcessCpuTracker: Failed to stat(/proc/12292): android.system.ErrnoException: stat failed: ENOENT (No such file or directory)
09-02 03:50:35.490  1513  3232 W ProcessCpuTracker: Skipping unknown process pid 12292
09-02 03:50:35.491 14236 14236 D NetworkSecurityConfig: Using Network Security Config from resource 0_resource_name_obfuscated debugBuild: false
09-02 03:50:35.491  1513  2172 E ProcessStats: Executing service ServiceState{cf3a3d8 org.chromium.content.app.SandboxedProcessService0 pkg=com.android.chrome proc=b8c331} without owner
09-02 03:50:35.491 14313 14313 E libc    : SetHeapTaggingLevel: re-enabling tagging after it was disabled is not supported
09-02 03:50:35.492 14236 14236 D NetworkSecurityConfig: Using Network Security Config from resource 0_resource_name_obfuscated debugBuild: false
09-02 03:50:35.492  1513  2172 D CompatibilityChangeReporter: Compat change id reported: 136274596; UID 10220; state: ENABLED
09-02 03:50:35.493 14236 14236 I cr_SplitCompatApp: Launched version=107.0.5304.91 minSdkVersion=29 isBundle=true processName=com.android.chrome:sandboxed_process0:org.chromium.content.app.SandboxedProcessService0:85 isIsolated=true
09-02 03:50:35.495  1513  1625 W ActivityManager: Slow operation: 3029ms so far, now at startProcess: done updating battery stats
09-02 03:50:35.495  1513  1625 W ActivityManager: Slow operation: 3029ms so far, now at startProcess: building log message
09-02 03:50:35.495  1513  1625 I ActivityManager: Start proc 14313:com.android.chrome:sandboxed_process0:org.chromium.content.app.SandboxedProcessService0:88/u0ai88 for  {com.android.chrome/org.chromium.content.app.SandboxedProcessService0:88}
09-02 03:50:35.495  1513  1625 W ActivityManager: Slow operation: 3029ms so far, now at startProcess: starting to update pids map
09-02 03:50:35.495  1513  1625 W ActivityManager: Slow operation: 3029ms so far, now at startProcess: done updating pids map
09-02 03:50:35.495  1513  1625 W ActivityManager: Slow operation: 3000ms so far, now at startProcess: asking zygote to start proc
09-02 03:50:35.495  1513  1625 D CompatibilityChangeReporter: Compat change id reported: 143937733; UID 10220; state: ENABLED
09-02 03:50:35.500 14313 14313 E cessService0:8: Not starting debugger since process cannot load the jdwp agent.
09-02 03:50:35.508 14236 14236 W SystemServiceRegistry: No service published for: uimode
09-02 03:50:35.508 14266 14266 I LoadedApk: No resource references to update in package com.google.android.trichromelibrary
09-02 03:50:35.509 14266 14266 D NetworkSecurityConfig: Using Network Security Config from resource 0_resource_name_obfuscated debugBuild: false
09-02 03:50:35.510 14266 14266 D NetworkSecurityConfig: Using Network Security Config from resource 0_resource_name_obfuscated debugBuild: false
09-02 03:50:35.512 14266 14266 I cr_SplitCompatApp: Launched version=107.0.5304.91 minSdkVersion=29 isBundle=true processName=com.android.chrome:sandboxed_process0:org.chromium.content.app.SandboxedProcessService0:86 isIsolated=true
09-02 03:50:35.513 11623 11623 D Zygote  : Forked child process 14352
09-02 03:50:35.513  1513  3223 E ProcessStats: Executing service ServiceState{cf3a3d8 org.chromium.content.app.SandboxedProcessService0 pkg=com.android.chrome proc=b8c331} without owner
09-02 03:50:35.513  1513  1625 W ActivityManager: Slow operation: 3018ms so far, now at startProcess: returned from zygote!
09-02 03:50:35.514 14236 14236 I cr_ChildProcessService: Creating new ChildProcessService pid=14236
09-02 03:50:35.515  1513  3223 D CompatibilityChangeReporter: Compat change id reported: 136274596; UID 10220; state: ENABLED
09-02 03:50:35.516 14352 14352 E libc    : SetHeapTaggingLevel: re-enabling tagging after it was disabled is not supported
09-02 03:50:35.519  1513  1625 W ActivityManager: Slow operation: 3023ms so far, now at startProcess: done updating battery stats
09-02 03:50:35.519  1513  1625 W ActivityManager: Slow operation: 3023ms so far, now at startProcess: building log message
09-02 03:50:35.519  1513  1625 I ActivityManager: Start proc 14352:com.android.chrome:sandboxed_process0:org.chromium.content.app.SandboxedProcessService0:89/u0ai89 for  {com.android.chrome/org.chromium.content.app.SandboxedProcessService0:89}
09-02 03:50:35.519  1513  1625 W ActivityManager: Slow operation: 3023ms so far, now at startProcess: starting to update pids map
09-02 03:50:35.519  1513  1625 W ActivityManager: Slow operation: 3023ms so far, now at startProcess: done updating pids map
09-02 03:50:35.519  1513  1625 W ActivityManager: Slow operation: 2999ms so far, now at startProcess: asking zygote to start proc
09-02 03:50:35.519  1513  1625 D CompatibilityChangeReporter: Compat change id reported: 143937733; UID 10220; state: ENABLED
09-02 03:50:35.523  1513  2172 E ProcessStats: Executing service ServiceState{cf3a3d8 org.chromium.content.app.SandboxedProcessService0 pkg=com.android.chrome proc=b8c331} without owner
09-02 03:50:35.524  1513  2172 E ProcessStats: Foregrounding service ServiceState{cf3a3d8 org.chromium.content.app.SandboxedProcessService0 pkg=com.android.chrome proc=b8c331} without owner
09-02 03:50:35.524 14236 14286 I cr_LibraryLoader: Using ModernLinker
