09-01 21:14:21.041  1513  1625 D CompatibilityChangeReporter: Compat change id reported: 143937733; UID 10220; state: ENABLED
09-01 21:14:21.041 21515 21515 W SystemServiceRegistry: No service published for: uimode
09-01 21:14:21.041 21549 21549 E ocessService0:: Not starting debugger since process cannot load the jdwp agent.
09-01 21:14:21.044 21356 21356 I cr_tabmodel: #isIncognitoTabBeingRestored from tabDetails:  false
09-01 21:14:21.044 21356 21356 I cr_tabmodel: #isIncognitoTabBeingRestored from tabDetails:  false
09-01 21:14:21.044 21356 21356 W cr_tabmodel: Failed to restore TabState; creating Tab with last known URL.
09-01 21:14:21.051 21515 21515 I cr_ChildProcessService: Creating new ChildProcessService pid=21515
09-01 21:14:21.054 21406 21406 D Zygote  : Forked child process 21564
09-01 21:14:21.057 21564 21564 E libc    : SetHeapTaggingLevel: re-enabling tagging after it was disabled is not supported
09-01 21:14:21.057  1513  1625 I ActivityManager: Start proc 21564:com.android.chrome:sandboxed_process0:org.chromium.content.app.SandboxedProcessService0:4/u0ai4 for  {com.android.chrome/org.chromium.content.app.SandboxedProcessService0:4}
09-01 21:14:21.057 21531 21531 I LoadedApk: No resource references to update in package com.google.android.trichromelibrary
09-01 21:14:21.057 21356 21356 E cr_IntentUtils: getBooleanExtra failed on intent null
09-01 21:14:21.057 21356 21356 E cr_IntentUtils: getBooleanExtra failed on intent null
09-01 21:14:21.058 21531 21531 D NetworkSecurityConfig: Using Network Security Config from resource 0_resource_name_obfuscated debugBuild: false
09-01 21:14:21.059 21531 21531 D NetworkSecurityConfig: Using Network Security Config from resource 0_resource_name_obfuscated debugBuild: false
09-01 21:14:21.060 21531 21531 I cr_SplitCompatApp: Launched version=107.0.5304.91 minSdkVersion=29 isBundle=true processName=com.android.chrome:sandboxed_process0:org.chromium.content.app.SandboxedProcessService0:2 isIsolated=true
09-01 21:14:21.060 21515 21534 I cr_LibraryLoader: Using ModernLinker
09-01 21:14:21.063 21515 21534 W linker  : Warning: "/data/app/~~_KLlx60MH8CoecPTjMKp8g==/com.android.chrome-kw9RHYrlHKb9bPXi8OTClw==/base.apk!/lib/arm64-v8a/libchromium_android_linker.so" unused DT entry: unknown processor-specific (type 0x70000001 arg 0x0) (ignoring)
09-01 21:14:21.064 21515 21534 E cr_ChromiumAndroidLinker: ReserveAddressWithHint: Address range starting at 0x7a37609000 was not free to use
09-01 21:14:21.064 21564 21564 E ocessService0:: Not starting debugger since process cannot load the jdwp agent.
09-01 21:14:21.070 21356 21356 I cr_tabmodel: #isIncognitoTabBeingRestored from tabDetails:  false
09-01 21:14:21.070 21356 21356 I cr_tabmodel: #isIncognitoTabBeingRestored from tabDetails:  false
09-01 21:14:21.070 21356 21356 W cr_tabmodel: Failed to restore TabState; creating Tab with last known URL.
09-01 21:14:21.071  1513  3241 D CompatibilityChangeReporter: Compat change id reported: 136274596; UID 10220; state: ENABLED
09-01 21:14:21.073 21531 21531 W SystemServiceRegistry: No service published for: uimode
09-01 21:14:21.079 21515 21562 I cr_LibraryLoader: Successfully loaded native library
09-01 21:14:21.080  1513  3241 D CompatibilityChangeReporter: Compat change id reported: 136274596; UID 10220; state: ENABLED
09-01 21:14:21.081 21515 21562 I cr_CachingUmaRecorder: Flushed 3 samples from 3 histograms.
09-01 21:14:21.082 21406 21406 D Zygote  : Forked child process 21582
09-01 21:14:21.083 21356 21356 E cr_IntentUtils: getBooleanExtra failed on intent null
09-01 21:14:21.083 21356 21356 E cr_IntentUtils: getBooleanExtra failed on intent null
09-01 21:14:21.084  1513  1625 I ActivityManager: Start proc 21582:com.android.chrome:sandboxed_process0:org.chromium.content.app.SandboxedProcessService0:5/u0ai5 for  {com.android.chrome/org.chromium.content.app.SandboxedProcessService0:5}
09-01 21:14:21.085 21582 21582 E libc    : SetHeapTaggingLevel: re-enabling tagging after it was disabled is not supported
09-01 21:14:21.085 21531 21531 I cr_ChildProcessService: Creating new ChildProcessService pid=21531
09-01 21:14:21.087  1513  4617 D CompatibilityChangeReporter: Compat change id reported: 135634846; UID 10220; state: DISABLED
09-01 21:14:21.087  1513  4617 D CompatibilityChangeReporter: Compat change id reported: 135754954; UID 10220; state: ENABLED
09-01 21:14:21.087  1513  1625 D CompatibilityChangeReporter: Compat change id reported: 143937733; UID 10220; state: ENABLED
09-01 21:14:21.095 21356 21356 I cr_tabmodel: #isIncognitoTabBeingRestored from tabDetails:  false
09-01 21:14:21.095 21356 21356 I cr_tabmodel: #isIncognitoTabBeingRestored from tabDetails:  false
09-01 21:14:21.095 21356 21356 W cr_tabmodel: Failed to restore TabState; creating Tab with last known URL.
09-01 21:14:21.096 21531 21547 I cr_LibraryLoader: Using ModernLinker
09-01 21:14:21.099 21531 21547 W linker  : Warning: "/data/app/~~_KLlx60MH8CoecPTjMKp8g==/com.android.chrome-kw9RHYrlHKb9bPXi8OTClw==/base.apk!/lib/arm64-v8a/libchromium_android_linker.so" unused DT entry: unknown processor-specific (type 0x70000001 arg 0x0) (ignoring)
09-01 21:14:21.104 21549 21549 I LoadedApk: No resource references to update in package com.google.android.trichromelibrary
09-01 21:14:21.104 21549 21549 D NetworkSecurityConfig: Using Network Security Config from resource 0_resource_name_obfuscated debugBuild: false
09-01 21:14:21.104 21582 21582 E ocessService0:: Not starting debugger since process cannot load the jdwp agent.
09-01 21:14:21.105 21531 21547 E cr_ChromiumAndroidLinker: ReserveAddressWithHint: Address range starting at 0x7a37609000 was not free to use
09-01 21:14:21.105 21549 21549 D NetworkSecurityConfig: Using Network Security Config from resource 0_resource_name_obfuscated debugBuild: false
09-01 21:14:21.106 21564 21564 I LoadedApk: No resource references to update in package com.google.android.trichromelibrary
09-01 21:14:21.107 21564 21564 D NetworkSecurityConfig: Using Network Security Config from resource 0_resource_name_obfuscated debugBuild: false
09-01 21:14:21.108 21564 21564 D NetworkSecurityConfig: Using Network Security Config from resource 0_resource_name_obfuscated debugBuild: false
09-01 21:14:21.109 21531 21587 I cr_LibraryLoader: Successfully loaded native library
09-01 21:14:21.109 21549 21549 I cr_SplitCompatApp: Launched version=107.0.5304.91 minSdkVersion=29 isBundle=true processName=com.android.chrome:sandboxed_process0:org.chromium.content.app.SandboxedProcessService0:3 isIsolated=true
09-01 21:14:21.109 21531 21587 I cr_CachingUmaRecorder: Flushed 3 samples from 3 histograms.
09-01 21:14:21.110 21564 21564 I cr_SplitCompatApp: Launched version=107.0.5304.91 minSdkVersion=29 isBundle=true processName=com.android.chrome:sandboxed_process0:org.chromium.content.app.SandboxedProcessService0:4 isIsolated=true
09-01 21:14:21.110 21356 21356 E cr_IntentUtils: getBooleanExtra failed on intent null
09-01 21:14:21.110 21356 21356 E cr_IntentUtils: getBooleanExtra failed on intent null
09-01 21:14:21.114  1513  3241 D CompatibilityChangeReporter: Compat change id reported: 136274596; UID 10220; state: ENABLED
09-01 21:14:21.114 21406 21406 D Zygote  : Forked child process 21606
09-01 21:14:21.117  1513  1625 I ActivityManager: Start proc 21606:com.android.chrome:sandboxed_process0:org.chromium.content.app.SandboxedProcessService0:6/u0ai6 for  {com.android.chrome/org.chromium.content.app.SandboxedProcessService0:6}
09-01 21:14:21.118  1513  1625 D CompatibilityChangeReporter: Compat change id reported: 143937733; UID 10220; state: ENABLED
09-01 21:14:21.119 21606 21606 E libc    : SetHeapTaggingLevel: re-enabling tagging after it was disabled is not supported
09-01 21:14:21.122 21356 21356 I cr_tabmodel: #isIncognitoTabBeingRestored from tabDetails:  false
09-01 21:14:21.122 21356 21356 I cr_tabmodel: #isIncognitoTabBeingRestored from tabDetails:  false
09-01 21:14:21.123 21356 21356 W cr_tabmodel: Failed to restore TabState; creating Tab with last known URL.
09-01 21:14:21.129 21549 21549 W SystemServiceRegistry: No service published for: uimode
09-01 21:14:21.130 21564 21564 W SystemServiceRegistry: No service published for: uimode
09-01 21:14:21.132 21606 21606 E ocessService0:: Not starting debugger since process cannot load the jdwp agent.
09-01 21:14:21.135 21356 21356 E cr_IntentUtils: getBooleanExtra failed on intent null
09-01 21:14:21.135 21356 21356 E cr_IntentUtils: getBooleanExtra failed on intent null
09-01 21:14:21.135 21549 21549 I cr_ChildProcessService: Creating new ChildProcessService pid=21549
09-01 21:14:21.136  1513  7910 D CompatibilityChangeReporter: Compat change id reported: 135634846; UID 10220; state: DISABLED
09-01 21:14:21.136  1513  7910 D CompatibilityChangeReporter: Compat change id reported: 135754954; UID 10220; state: ENABLED
09-01 21:14:21.140 21549 21577 I cr_LibraryLoader: Using ModernLinker
09-01 21:14:21.142 21549 21577 W linker  : Warning: "/data/app/~~_KLlx60MH8CoecPTjMKp8g==/com.android.chrome-kw9RHYrlHKb9bPXi8OTClw==/base.apk!/lib/arm64-v8a/libchromium_android_linker.so" unused DT entry: unknown processor-specific (type 0x70000001 arg 0x0) (ignoring)
09-01 21:14:21.143 21549 21577 E cr_ChromiumAndroidLinker: ReserveAddressWithHint: Address range starting at 0x7a37609000 was not free to use
09-01 21:14:21.143 21564 21564 I cr_ChildProcessService: Creating new ChildProcessService pid=21564
09-01 21:14:21.144 21356 21356 I cr_tabmodel: #isIncognitoTabBeingRestored from tabDetails:  false
09-01 21:14:21.144 21356 21356 I cr_tabmodel: #isIncognitoTabBeingRestored from tabDetails:  false
09-01 21:14:21.144 21356 21356 W cr_tabmodel: Failed to restore TabState; creating Tab with last known URL.
09-01 21:14:21.145  1513  7910 D CompatibilityChangeReporter: Compat change id reported: 136274596; UID 10220; state: ENABLED
09-01 21:14:21.152 21564 21589 I cr_LibraryLoader: Using ModernLinker
09-01 21:14:21.154 21564 21589 W linker  : Warning: "/data/app/~~_KLlx60MH8CoecPTjMKp8g==/com.android.chrome-kw9RHYrlHKb9bPXi8OTClw==/base.apk!/lib/arm64-v8a/libchromium_android_linker.so" unused DT entry: unknown processor-specific (type 0x70000001 arg 0x0) (ignoring)
09-01 21:14:21.156  1513  3246 D CompatibilityChangeReporter: Compat change id reported: 135634846; UID 10220; state: DISABLED
09-01 21:14:21.156  1513  3246 D CompatibilityChangeReporter: Compat change id reported: 135754954; UID 10220; state: ENABLED
09-01 21:14:21.157 21356 21356 E cr_IntentUtils: getBooleanExtra failed on intent null
09-01 21:14:21.157 21356 21356 E cr_IntentUtils: getBooleanExtra failed on intent null
09-01 21:14:21.162 21582 21582 I LoadedApk: No resource references to update in package com.google.android.trichromelibrary
09-01 21:14:21.162 21549 21624 I cr_LibraryLoader: Successfully loaded native library
09-01 21:14:21.163 21582 21582 D NetworkSecurityConfig: Using Network Security Config from resource 0_resource_name_obfuscated debugBuild: false
09-01 21:14:21.163 21549 21624 I cr_CachingUmaRecorder: Flushed 3 samples from 3 histograms.
09-01 21:14:21.165 21582 21582 D NetworkSecurityConfig: Using Network Security Config from resource 0_resource_name_obfuscated debugBuild: false
09-01 21:14:21.167 21582 21582 I cr_SplitCompatApp: Launched version=107.0.5304.91 minSdkVersion=29 isBundle=true processName=com.android.chrome:sandboxed_process0:org.chromium.content.app.SandboxedProcessService0:5 isIsolated=true
09-01 21:14:21.167 21356 21356 I cr_tabmodel: #isIncognitoTabBeingRestored from tabDetails:  false
09-01 21:14:21.167 21356 21356 I cr_tabmodel: #isIncognitoTabBeingRestored from tabDetails:  false
09-01 21:14:21.167 21356 21356 W cr_tabmodel: Failed to restore TabState; creating Tab with last known URL.
09-01 21:14:21.171 21606 21606 I LoadedApk: No resource references to update in package com.google.android.trichromelibrary
09-01 21:14:21.171 21564 21626 I cr_LibraryLoader: Successfully loaded native library
09-01 21:14:21.172 21606 21606 D NetworkSecurityConfig: Using Network Security Config from resource 0_resource_name_obfuscated debugBuild: false
09-01 21:14:21.172 21564 21626 I cr_CachingUmaRecorder: Flushed 3 samples from 3 histograms.
09-01 21:14:21.173 21606 21606 D NetworkSecurityConfig: Using Network Security Config from resource 0_resource_name_obfuscated debugBuild: false
09-01 21:14:21.174 21606 21606 I cr_SplitCompatApp: Launched version=107.0.5304.91 minSdkVersion=29 isBundle=true processName=com.android.chrome:sandboxed_process0:org.chromium.content.app.SandboxedProcessService0:6 isIsolated=true
09-01 21:14:21.181 21582 21582 W SystemServiceRegistry: No service published for: uimode
09-01 21:14:21.184 21356 21356 E cr_IntentUtils: getBooleanExtra failed on intent null
09-01 21:14:21.184 21356 21356 E cr_IntentUtils: getBooleanExtra failed on intent null
09-01 21:14:21.186 21406 21406 D Zygote  : Forked child process 21643
09-01 21:14:21.192  1513  1625 W ActivityManager: Slow operation: 86ms so far, now at startProcess: returned from zygote!
09-01 21:14:21.192  1513  1625 W ActivityManager: Slow operation: 87ms so far, now at startProcess: done updating battery stats
09-01 21:14:21.192  1513  1625 W ActivityManager: Slow operation: 87ms so far, now at startProcess: building log message
09-01 21:14:21.192  1513  1625 I ActivityManager: Start proc 21643:com.android.chrome:sandboxed_process0:org.chromium.content.app.SandboxedProcessService0:7/u0ai7 for  {com.android.chrome/org.chromium.content.app.SandboxedProcessService0:7}
09-01 21:14:21.192  1513  1625 W ActivityManager: Slow operation: 87ms so far, now at startProcess: starting to update pids map
09-01 21:14:21.192  1513  1625 W ActivityManager: Slow operation: 87ms so far, now at startProcess: done updating pids map
09-01 21:14:21.192  1513  1625 W ActivityManager: Slow operation: 57ms so far, now at startProcess: asking zygote to start proc
09-01 21:14:21.193  1513  1625 D CompatibilityChangeReporter: Compat change id reported: 143937733; UID 10220; state: ENABLED
09-01 21:14:21.193 21582 21582 I cr_ChildProcessService: Creating new ChildProcessService pid=21582
09-01 21:14:21.193 21606 21606 W SystemServiceRegistry: No service published for: uimode
09-01 21:14:21.195 21643 21643 E libc    : SetHeapTaggingLevel: re-enabling tagging after it was disabled is not supported
09-01 21:14:21.198 21356 21356 I cr_tabmodel: #isIncognitoTabBeingRestored from tabDetails:  false
09-01 21:14:21.198 21356 21356 I cr_tabmodel: #isIncognitoTabBeingRestored from tabDetails:  false
09-01 21:14:21.198 21356 21356 W cr_tabmodel: Failed to restore TabState; creating Tab with last known URL.
09-01 21:14:21.203 21606 21606 I cr_ChildProcessService: Creating new ChildProcessService pid=21606
09-01 21:14:21.209 21582 21604 I cr_LibraryLoader: Using ModernLinker
09-01 21:14:21.211 21582 21604 W linker  : Warning: "/data/app/~~_KLlx60MH8CoecPTjMKp8g==/com.android.chrome-kw9RHYrlHKb9bPXi8OTClw==/base.apk!/lib/arm64-v8a/libchromium_android_linker.so" unused DT entry: unknown processor-specific (type 0x70000001 arg 0x0) (ignoring)
09-01 21:14:21.212 21356 21356 E cr_IntentUtils: getBooleanExtra failed on intent null
09-01 21:14:21.212 21356 21356 E cr_IntentUtils: getBooleanExtra failed on intent null
09-01 21:14:21.214 21643 21643 E ocessService0:: Not starting debugger since process cannot load the jdwp agent.
09-01 21:14:21.218 21606 21630 I cr_LibraryLoader: Using ModernLinker
09-01 21:14:21.222 21606 21630 W linker  : Warning: "/data/app/~~_KLlx60MH8CoecPTjMKp8g==/com.android.chrome-kw9RHYrlHKb9bPXi8OTClw==/base.apk!/lib/arm64-v8a/libchromium_android_linker.so" unused DT entry: unknown processor-specific (type 0x70000001 arg 0x0) (ignoring)
09-01 21:14:21.225 21606 21630 E cr_ChromiumAndroidLinker: ReserveAddressWithHint: Address range starting at 0x7a37609000 was not free to use
09-01 21:14:21.230 21356 21356 I cr_tabmodel: #isIncognitoTabBeingRestored from tabDetails:  false
09-01 21:14:21.230 21356 21356 I cr_tabmodel: #isIncognitoTabBeingRestored from tabDetails:  false
09-01 21:14:21.230 21356 21356 W cr_tabmodel: Failed to restore TabState; creating Tab with last known URL.
09-01 21:14:21.231 21582 21651 I cr_LibraryLoader: Successfully loaded native library
09-01 21:14:21.232 21582 21651 I cr_CachingUmaRecorder: Flushed 3 samples from 3 histograms.
09-01 21:14:21.233 21606 21657 I cr_LibraryLoader: Successfully loaded native library
09-01 21:14:21.235 21606 21657 I cr_CachingUmaRecorder: Flushed 3 samples from 3 histograms.
09-01 21:14:21.236 21406 21406 D Zygote  : Forked child process 21673
09-01 21:14:21.238  1513  1625 W ActivityManager: Slow operation: 103ms so far, now at startProcess: returned from zygote!
09-01 21:14:21.238  1513  1625 W ActivityManager: Slow operation: 103ms so far, now at startProcess: done updating battery stats
09-01 21:14:21.238  1513  1625 W ActivityManager: Slow operation: 103ms so far, now at startProcess: building log message
09-01 21:14:21.238  1513  1625 I ActivityManager: Start proc 21673:com.android.chrome:sandboxed_process0:org.chromium.content.app.SandboxedProcessService0:8/u0ai8 for  {com.android.chrome/org.chromium.content.app.SandboxedProcessService0:8}
09-01 21:14:21.238  1513  1625 W ActivityManager: Slow operation: 103ms so far, now at startProcess: starting to update pids map
09-01 21:14:21.239  1513  1625 W ActivityManager: Slow operation: 103ms so far, now at startProcess: done updating pids map
09-01 21:14:21.239  1513  1625 W ActivityManager: Slow operation: 82ms so far, now at startProcess: asking zygote to start proc
09-01 21:14:21.244 21673 21673 E libc    : SetHeapTaggingLevel: re-enabling tagging after it was disabled is not supported
09-01 21:14:21.249 21356 21356 E cr_IntentUtils: getBooleanExtra failed on intent null
09-01 21:14:21.249 21356 21356 E cr_IntentUtils: getBooleanExtra failed on intent null
09-01 21:14:21.254 21673 21673 E ocessService0:: Not starting debugger since process cannot load the jdwp agent.
09-01 21:14:21.260 21356 21356 I cr_tabmodel: #isIncognitoTabBeingRestored from tabDetails:  false
09-01 21:14:21.260 21356 21356 I cr_tabmodel: #isIncognitoTabBeingRestored from tabDetails:  false
09-01 21:14:21.260 21356 21356 W cr_tabmodel: Failed to restore TabState; creating Tab with last known URL.
09-01 21:14:21.264  1513  3246 D CompatibilityChangeReporter: Compat change id reported: 136274596; UID 10220; state: ENABLED
09-01 21:14:21.271 21406 21406 D Zygote  : Forked child process 21708
09-01 21:14:21.272  1513  7910 D CompatibilityChangeReporter: Compat change id reported: 135634846; UID 10220; state: DISABLED
09-01 21:14:21.272  1513  7910 D CompatibilityChangeReporter: Compat change id reported: 135754954; UID 10220; state: ENABLED
09-01 21:14:21.272  1513  1625 W ActivityManager: Slow operation: 116ms so far, now at startProcess: returned from zygote!
09-01 21:14:21.273  1513  1625 W ActivityManager: Slow operation: 116ms so far, now at startProcess: done updating battery stats
09-01 21:14:21.273  1513  1625 W ActivityManager: Slow operation: 116ms so far, now at startProcess: building log message
09-01 21:14:21.273  1513  1625 I ActivityManager: Start proc 21708:com.android.chrome:sandboxed_process0:org.chromium.content.app.SandboxedProcessService0:9/u0ai9 for  {com.android.chrome/org.chromium.content.app.SandboxedProcessService0:9}
09-01 21:14:21.273  1513  1625 W ActivityManager: Slow operation: 116ms so far, now at startProcess: starting to update pids map
09-01 21:14:21.273  1513  1625 W ActivityManager: Slow operation: 117ms so far, now at startProcess: done updating pids map
09-01 21:14:21.273  1513  1625 W ActivityManager: Slow operation: 91ms so far, now at startProcess: asking zygote to start proc
09-01 21:14:21.273  1513  1625 D CompatibilityChangeReporter: Compat change id reported: 143937733; UID 10220; state: ENABLED
09-01 21:14:21.277 21356 21356 E cr_IntentUtils: getBooleanExtra failed on intent null
09-01 21:14:21.277 21356 21356 E cr_IntentUtils: getBooleanExtra failed on intent null
09-01 21:14:21.281 21708 21708 E libc    : SetHeapTaggingLevel: re-enabling tagging after it was disabled is not supported
09-01 21:14:21.288 21643 21643 I LoadedApk: No resource references to update in package com.google.android.trichromelibrary
09-01 21:14:21.289 21643 21643 D NetworkSecurityConfig: Using Network Security Config from resource 0_resource_name_obfuscated debugBuild: false
09-01 21:14:21.290 21708 21708 E ocessService0:: Not starting debugger since process cannot load the jdwp agent.
09-01 21:14:21.290 21643 21643 D NetworkSecurityConfig: Using Network Security Config from resource 0_resource_name_obfuscated debugBuild: false
09-01 21:14:21.292 21643 21643 I cr_SplitCompatApp: Launched version=107.0.5304.91 minSdkVersion=29 isBundle=true processName=com.android.chrome:sandboxed_process0:org.chromium.content.app.SandboxedProcessService0:7 isIsolated=true
09-01 21:14:21.293 21356 21356 I cr_tabmodel: #isIncognitoTabBeingRestored from tabDetails:  false
09-01 21:14:21.293 21356 21356 I cr_tabmodel: #isIncognitoTabBeingRestored from tabDetails:  false
09-01 21:14:21.293 21356 21356 W cr_tabmodel: Failed to restore TabState; creating Tab with last known URL.
09-01 21:14:21.295 21406 21406 D Zygote  : Forked child process 21728
09-01 21:14:21.302  1513  1625 W ActivityManager: Slow operation: 119ms so far, now at startProcess: returned from zygote!
09-01 21:14:21.302  1513  1625 W ActivityManager: Slow operation: 119ms so far, now at startProcess: done updating battery stats
09-01 21:14:21.302  1513  1625 W ActivityManager: Slow operation: 120ms so far, now at startProcess: building log message
09-01 21:14:21.302  1513  1625 I ActivityManager: Start proc 21728:com.android.chrome:sandboxed_process0:org.chromium.content.app.SandboxedProcessService0:10/u0ai10 for  {com.android.chrome/org.chromium.content.app.SandboxedProcessService0:10}
09-01 21:14:21.302  1513  1625 W ActivityManager: Slow operation: 120ms so far, now at startProcess: starting to update pids map
09-01 21:14:21.302  1513  1625 W ActivityManager: Slow operation: 120ms so far, now at startProcess: done updating pids map
09-01 21:14:21.302  1513  1625 W ActivityManager: Slow operation: 90ms so far, now at startProcess: asking zygote to start proc
09-01 21:14:21.305  1513  4617 D CompatibilityChangeReporter: Compat change id reported: 136274596; UID 10220; state: ENABLED
09-01 21:14:21.309 21356 21356 E cr_IntentUtils: getBooleanExtra failed on intent null
09-01 21:14:21.309 21356 21356 E cr_IntentUtils: getBooleanExtra failed on intent null
09-01 21:14:21.310  1513  3246 D CompatibilityChangeReporter: Compat change id reported: 135634846; UID 10220; state: DISABLED
09-01 21:14:21.310  1513  3246 D CompatibilityChangeReporter: Compat change id reported: 135754954; UID 10220; state: ENABLED
09-01 21:14:21.318 21356 21356 I cr_tabmodel: #isIncognitoTabBeingRestored from tabDetails:  false
09-01 21:14:21.318 21356 21356 I cr_tabmodel: #isIncognitoTabBeingRestored from tabDetails:  false
09-01 21:14:21.318 21356 21356 W cr_tabmodel: Failed to restore TabState; creating Tab with last known URL.
09-01 21:14:21.320 21643 21643 W SystemServiceRegistry: No service published for: uimode
09-01 21:14:21.320 21728 21728 E libc    : SetHeapTaggingLevel: re-enabling tagging after it was disabled is not supported
09-01 21:14:21.327 21643 21643 I cr_ChildProcessService: Creating new ChildProcessService pid=21643
09-01 21:14:21.333 21356 21356 E cr_IntentUtils: getBooleanExtra failed on intent null
09-01 21:14:21.333 21356 21356 E cr_IntentUtils: getBooleanExtra failed on intent null
09-01 21:14:21.335 21643 21702 I cr_LibraryLoader: Using ModernLinker
09-01 21:14:21.340  1513  3246 D CompatibilityChangeReporter: Compat change id reported: 136274596; UID 10220; state: ENABLED
09-01 21:14:21.342 21356 21356 I cr_tabmodel: #isIncognitoTabBeingRestored from tabDetails:  false
09-01 21:14:21.342 21356 21356 I cr_tabmodel: #isIncognitoTabBeingRestored from tabDetails:  false
09-01 21:14:21.342 21356 21356 W cr_tabmodel: Failed to restore TabState; creating Tab with last known URL.
09-01 21:14:21.342 21643 21702 W linker  : Warning: "/data/app/~~_KLlx60MH8CoecPTjMKp8g==/com.android.chrome-kw9RHYrlHKb9bPXi8OTClw==/base.apk!/lib/arm64-v8a/libchromium_android_linker.so" unused DT entry: unknown processor-specific (type 0x70000001 arg 0x0) (ignoring)
09-01 21:14:21.348 21643 21702 E cr_ChromiumAndroidLinker: ReserveAddressWithHint: Address range starting at 0x7a37609000 was not free to use
09-01 21:14:21.353 21643 21740 I cr_LibraryLoader: Successfully loaded native library
09-01 21:14:21.357 21643 21740 I cr_CachingUmaRecorder: Flushed 3 samples from 3 histograms.
09-01 21:14:21.361 21356 21356 E cr_IntentUtils: getBooleanExtra failed on intent null
09-01 21:14:21.361 21356 21356 E cr_IntentUtils: getBooleanExtra failed on intent null
09-01 21:14:21.362 21406 21406 D Zygote  : Forked child process 21750
09-01 21:14:21.364 21728 21728 E cessService0:1: Not starting debugger since process cannot load the jdwp agent.
09-01 21:14:21.367 21750 21750 E libc    : SetHeapTaggingLevel: re-enabling tagging after it was disabled is not supported
09-01 21:14:21.368  1513  3246 D CompatibilityChangeReporter: Compat change id reported: 135634846; UID 10220; state: DISABLED
09-01 21:14:21.368  1513  3246 D CompatibilityChangeReporter: Compat change id reported: 135754954; UID 10220; state: ENABLED
09-01 21:14:21.369 21356 21356 I cr_tabmodel: #isIncognitoTabBeingRestored from tabDetails:  false
09-01 21:14:21.369 21356 21356 I cr_tabmodel: #isIncognitoTabBeingRestored from tabDetails:  false
09-01 21:14:21.369 21356 21356 W cr_tabmodel: Failed to restore TabState; creating Tab with last known URL.
09-01 21:14:21.371  1513  1625 W ActivityManager: Slow operation: 158ms so far, now at startProcess: returned from zygote!
09-01 21:14:21.371  1513  1625 W ActivityManager: Slow operation: 158ms so far, now at startProcess: done updating battery stats
09-01 21:14:21.371  1513  1625 W ActivityManager: Slow operation: 158ms so far, now at startProcess: building log message
09-01 21:14:21.371  1513  1625 I ActivityManager: Start proc 21750:com.android.chrome:sandboxed_process0:org.chromium.content.app.SandboxedProcessService0:11/u0ai11 for  {com.android.chrome/org.chromium.content.app.SandboxedProcessService0:11}
09-01 21:14:21.371  1513  1625 W ActivityManager: Slow operation: 159ms so far, now at startProcess: starting to update pids map
09-01 21:14:21.371  1513  1625 W ActivityManager: Slow operation: 159ms so far, now at startProcess: done updating pids map
09-01 21:14:21.371  1513  1625 W ActivityManager: Slow operation: 130ms so far, now at startProcess: asking zygote to start proc
09-01 21:14:21.371  1513  1625 D CompatibilityChangeReporter: Compat change id reported: 143937733; UID 10220; state: ENABLED
09-01 21:14:21.376 21673 21673 I LoadedApk: No resource references to update in package com.google.android.trichromelibrary
09-01 21:14:21.376 21673 21673 D NetworkSecurityConfig: Using Network Security Config from resource 0_resource_name_obfuscated debugBuild: false
09-01 21:14:21.377  1513  7910 D CompatibilityChangeReporter: Compat change id reported: 136274596; UID 10220; state: ENABLED
09-01 21:14:21.382 21673 21673 D NetworkSecurityConfig: Using Network Security Config from resource 0_resource_name_obfuscated debugBuild: false
09-01 21:14:21.383 21673 21673 I cr_SplitCompatApp: Launched version=107.0.5304.91 minSdkVersion=29 isBundle=true processName=com.android.chrome:sandboxed_process0:org.chromium.content.app.SandboxedProcessService0:8 isIsolated=true
09-01 21:14:21.385 21356 21356 E cr_IntentUtils: getBooleanExtra failed on intent null
09-01 21:14:21.385  1513  4617 D CompatibilityChangeReporter: Compat change id reported: 135634846; UID 10220; state: DISABLED
09-01 21:14:21.385 21356 21356 E cr_IntentUtils: getBooleanExtra failed on intent null
09-01 21:14:21.385  1513  4617 D CompatibilityChangeReporter: Compat change id reported: 135754954; UID 10220; state: ENABLED
09-01 21:14:21.386 21708 21708 I LoadedApk: No resource references to update in package com.google.android.trichromelibrary
09-01 21:14:21.386 21708 21708 D NetworkSecurityConfig: Using Network Security Config from resource 0_resource_name_obfuscated debugBuild: false
09-01 21:14:21.387 21708 21708 D NetworkSecurityConfig: Using Network Security Config from resource 0_resource_name_obfuscated debugBuild: false
09-01 21:14:21.388 21750 21750 E cessService0:1: Not starting debugger since process cannot load the jdwp agent.
09-01 21:14:21.391 21708 21708 I cr_SplitCompatApp: Launched version=107.0.5304.91 minSdkVersion=29 isBundle=true processName=com.android.chrome:sandboxed_process0:org.chromium.content.app.SandboxedProcessService0:9 isIsolated=true
09-01 21:14:21.392 21356 21356 I cr_tabmodel: #isIncognitoTabBeingRestored from tabDetails:  false
09-01 21:14:21.392 21356 21356 I cr_tabmodel: #isIncognitoTabBeingRestored from tabDetails:  false
09-01 21:14:21.392 21356 21356 W cr_tabmodel: Failed to restore TabState; creating Tab with last known URL.
09-01 21:14:21.400  1513  7910 D CompatibilityChangeReporter: Compat change id reported: 136274596; UID 10220; state: ENABLED
09-01 21:14:21.405  1513  4617 D CompatibilityChangeReporter: Compat change id reported: 135634846; UID 10220; state: DISABLED
09-01 21:14:21.405  1513  4617 D CompatibilityChangeReporter: Compat change id reported: 135754954; UID 10220; state: ENABLED
09-01 21:14:21.406 21356 21356 E cr_IntentUtils: getBooleanExtra failed on intent null
09-01 21:14:21.406 21356 21356 E cr_IntentUtils: getBooleanExtra failed on intent null
09-01 21:14:21.408 21708 21708 W SystemServiceRegistry: No service published for: uimode
09-01 21:14:21.410 21673 21673 W SystemServiceRegistry: No service published for: uimode
09-01 21:14:21.414 21356 21356 I cr_tabmodel: #isIncognitoTabBeingRestored from tabDetails:  false
09-01 21:14:21.414 21356 21356 I cr_tabmodel: #isIncognitoTabBeingRestored from tabDetails:  false
09-01 21:14:21.414 21356 21356 W cr_tabmodel: Failed to restore TabState; creating Tab with last known URL.
09-01 21:14:21.422 21406 21406 D Zygote  : Forked child process 21786
09-01 21:14:21.423  1513  1625 W ActivityManager: Slow operation: 182ms so far, now at startProcess: returned from zygote!
09-01 21:14:21.423  1513  1625 W ActivityManager: Slow operation: 182ms so far, now at startProcess: done updating battery stats
09-01 21:14:21.423  1513  1625 W ActivityManager: Slow operation: 182ms so far, now at startProcess: building log message
09-01 21:14:21.424  1513  1625 I ActivityManager: Start proc 21786:com.android.chrome:sandboxed_process0:org.chromium.content.app.SandboxedProcessService0:12/u0ai12 for  {com.android.chrome/org.chromium.content.app.SandboxedProcessService0:12}
09-01 21:14:21.424  1513  1625 W ActivityManager: Slow operation: 182ms so far, now at startProcess: starting to update pids map
09-01 21:14:21.424  1513  1625 W ActivityManager: Slow operation: 182ms so far, now at startProcess: done updating pids map
09-01 21:14:21.424  1513  1625 W ActivityManager: Slow operation: 152ms so far, now at startProcess: asking zygote to start proc
09-01 21:14:21.424  1513  1625 D CompatibilityChangeReporter: Compat change id reported: 143937733; UID 10220; state: ENABLED
09-01 21:14:21.426 21786 21786 E libc    : SetHeapTaggingLevel: re-enabling tagging after it was disabled is not supported
09-01 21:14:21.429 21356 21356 E cr_IntentUtils: getBooleanExtra failed on intent null
09-01 21:14:21.429 21356 21356 E cr_IntentUtils: getBooleanExtra failed on intent null
09-01 21:14:21.430 21708 21708 I cr_ChildProcessService: Creating new ChildProcessService pid=21708
09-01 21:14:21.436 21356 21356 I cr_tabmodel: #isIncognitoTabBeingRestored from tabDetails:  false
09-01 21:14:21.436 21356 21356 I cr_tabmodel: #isIncognitoTabBeingRestored from tabDetails:  false
09-01 21:14:21.436 21356 21356 W cr_tabmodel: Failed to restore TabState; creating Tab with last known URL.
09-01 21:14:21.436 21673 21673 I cr_ChildProcessService: Creating new ChildProcessService pid=21673
09-01 21:14:21.443 21786 21786 E cessService0:1: Not starting debugger since process cannot load the jdwp agent.
09-01 21:14:21.443 21708 21747 I cr_LibraryLoader: Using ModernLinker
09-01 21:14:21.445 21708 21747 W linker  : Warning: "/data/app/~~_KLlx60MH8CoecPTjMKp8g==/com.android.chrome-kw9RHYrlHKb9bPXi8OTClw==/base.apk!/lib/arm64-v8a/libchromium_android_linker.so" unused DT entry: unknown processor-specific (type 0x70000001 arg 0x0) (ignoring)
09-01 21:14:21.446 21673 21733 I cr_LibraryLoader: Using ModernLinker
09-01 21:14:21.446 21708 21747 E cr_ChromiumAndroidLinker: ReserveAddressWithHint: Address range starting at 0x7a37609000 was not free to use
09-01 21:14:21.447 21673 21733 W linker  : Warning: "/data/app/~~_KLlx60MH8CoecPTjMKp8g==/com.android.chrome-kw9RHYrlHKb9bPXi8OTClw==/base.apk!/lib/arm64-v8a/libchromium_android_linker.so" unused DT entry: unknown processor-specific (type 0x70000001 arg 0x0) (ignoring)
09-01 21:14:21.447 21673 21733 E cr_ChromiumAndroidLinker: ReserveAddressWithHint: Address range starting at 0x7a37609000 was not free to use
09-01 21:14:21.451 21750 21750 I LoadedApk: No resource references to update in package com.google.android.trichromelibrary
09-01 21:14:21.451 21750 21750 D NetworkSecurityConfig: Using Network Security Config from resource 0_resource_name_obfuscated debugBuild: false
09-01 21:14:21.453 21750 21750 D NetworkSecurityConfig: Using Network Security Config from resource 0_resource_name_obfuscated debugBuild: false
09-01 21:14:21.455 21356 21356 E cr_IntentUtils: getBooleanExtra failed on intent null
09-01 21:14:21.455 21356 21356 E cr_IntentUtils: getBooleanExtra failed on intent null
09-01 21:14:21.457 21750 21750 I cr_SplitCompatApp: Launched version=107.0.5304.91 minSdkVersion=29 isBundle=true processName=com.android.chrome:sandboxed_process0:org.chromium.content.app.SandboxedProcessService0:11 isIsolated=true
09-01 21:14:21.463 21673 21798 I cr_LibraryLoader: Successfully loaded native library
09-01 21:14:21.463 21728 21728 I LoadedApk: No resource references to update in package com.google.android.trichromelibrary
09-01 21:14:21.464 21673 21798 I cr_CachingUmaRecorder: Flushed 3 samples from 3 histograms.
09-01 21:14:21.465 21728 21728 D NetworkSecurityConfig: Using Network Security Config from resource 0_resource_name_obfuscated debugBuild: false
09-01 21:14:21.467 21728 21728 D NetworkSecurityConfig: Using Network Security Config from resource 0_resource_name_obfuscated debugBuild: false
09-01 21:14:21.468 21728 21728 I cr_SplitCompatApp: Launched version=107.0.5304.91 minSdkVersion=29 isBundle=true processName=com.android.chrome:sandboxed_process0:org.chromium.content.app.SandboxedProcessService0:10 isIsolated=true
09-01 21:14:21.471 21356 21356 I cr_tabmodel: #isIncognitoTabBeingRestored from tabDetails:  false
09-01 21:14:21.471 21356 21356 I cr_tabmodel: #isIncognitoTabBeingRestored from tabDetails:  false
09-01 21:14:21.472 21356 21356 W cr_tabmodel: Failed to restore TabState; creating Tab with last known URL.
09-01 21:14:21.473 21708 21794 I cr_LibraryLoader: Successfully loaded native library
09-01 21:14:21.474 21708 21794 I cr_CachingUmaRecorder: Flushed 3 samples from 3 histograms.
09-01 21:14:21.475 21406 21406 D Zygote  : Forked child process 21806
09-01 21:14:21.484 21356 21356 E cr_IntentUtils: getBooleanExtra failed on intent null
09-01 21:14:21.484 21356 21356 E cr_IntentUtils: getBooleanExtra failed on intent null
09-01 21:14:21.484 21750 21750 W SystemServiceRegistry: No service published for: uimode
09-01 21:14:21.485  1513  1625 W ActivityManager: Slow operation: 214ms so far, now at startProcess: returned from zygote!
09-01 21:14:21.485  1513  1625 W ActivityManager: Slow operation: 214ms so far, now at startProcess: done updating battery stats
09-01 21:14:21.486  1513  1625 W ActivityManager: Slow operation: 214ms so far, now at startProcess: building log message
09-01 21:14:21.486  1513  1625 I ActivityManager: Start proc 21806:com.android.chrome:sandboxed_process0:org.chromium.content.app.SandboxedProcessService0:13/u0ai13 for  {com.android.chrome/org.chromium.content.app.SandboxedProcessService0:13}
09-01 21:14:21.486  1513  1625 W ActivityManager: Slow operation: 214ms so far, now at startProcess: starting to update pids map
09-01 21:14:21.487  1513  1625 W ActivityManager: Slow operation: 215ms so far, now at startProcess: done updating pids map
09-01 21:14:21.487  1513  1625 W ActivityManager: Slow operation: 177ms so far, now at startProcess: asking zygote to start proc
09-01 21:14:21.489 21356 21356 I cr_tabmodel: #isIncognitoTabBeingRestored from tabDetails:  false
09-01 21:14:21.489 21356 21356 I cr_tabmodel: #isIncognitoTabBeingRestored from tabDetails:  false
09-01 21:14:21.489 21356 21356 W cr_tabmodel: Failed to restore TabState; creating Tab with last known URL.
09-01 21:14:21.490 21750 21750 I cr_ChildProcessService: Creating new ChildProcessService pid=21750
09-01 21:14:21.490  1513  7910 D CompatibilityChangeReporter: Compat change id reported: 136274596; UID 10220; state: ENABLED
09-01 21:14:21.494 21728 21728 W SystemServiceRegistry: No service published for: uimode
09-01 21:14:21.501 21806 21806 E libc    : SetHeapTaggingLevel: re-enabling tagging after it was disabled is not supported
09-01 21:14:21.502 21728 21728 I cr_ChildProcessService: Creating new ChildProcessService pid=21728
09-01 21:14:21.504 21750 21781 I cr_LibraryLoader: Using ModernLinker
09-01 21:14:21.506 21806 21806 E cessService0:1: Not starting debugger since process cannot load the jdwp agent.
09-01 21:14:21.507 21750 21781 W linker  : Warning: "/data/app/~~_KLlx60MH8CoecPTjMKp8g==/com.android.chrome-kw9RHYrlHKb9bPXi8OTClw==/base.apk!/lib/arm64-v8a/libchromium_android_linker.so" unused DT entry: unknown processor-specific (type 0x70000001 arg 0x0) (ignoring)
09-01 21:14:21.508 21750 21781 E cr_ChromiumAndroidLinker: ReserveAddressWithHint: Address range starting at 0x7a37609000 was not free to use
09-01 21:14:21.508  1513  3233 D CompatibilityChangeReporter: Compat change id reported: 135634846; UID 10220; state: DISABLED
09-01 21:14:21.508  1513  3233 D CompatibilityChangeReporter: Compat change id reported: 135754954; UID 10220; state: ENABLED
09-01 21:14:21.513 21356 21356 E cr_IntentUtils: getBooleanExtra failed on intent null
09-01 21:14:21.513 21356 21356 E cr_IntentUtils: getBooleanExtra failed on intent null
09-01 21:14:21.513 21728 21785 I cr_LibraryLoader: Using ModernLinker
09-01 21:14:21.515 21728 21785 W linker  : Warning: "/data/app/~~_KLlx60MH8CoecPTjMKp8g==/com.android.chrome-kw9RHYrlHKb9bPXi8OTClw==/base.apk!/lib/arm64-v8a/libchromium_android_linker.so" unused DT entry: unknown processor-specific (type 0x70000001 arg 0x0) (ignoring)
09-01 21:14:21.519 21728 21785 E cr_ChromiumAndroidLinker: ReserveAddressWithHint: Address range starting at 0x7a37609000 was not free to use
09-01 21:14:21.519 21356 21356 I cr_tabmodel: #isIncognitoTabBeingRestored from tabDetails:  false
09-01 21:14:21.519 21356 21356 I cr_tabmodel: #isIncognitoTabBeingRestored from tabDetails:  false
09-01 21:14:21.519 21356 21356 W cr_tabmodel: Failed to restore TabState; creating Tab with last known URL.
09-01 21:14:21.528  1513  3241 D CompatibilityChangeReporter: Compat change id reported: 136274596; UID 10220; state: ENABLED
09-01 21:14:21.528 21750 21815 I cr_LibraryLoader: Successfully loaded native library
09-01 21:14:21.529 21750 21815 I cr_CachingUmaRecorder: Flushed 3 samples from 3 histograms.
09-01 21:14:21.529 21728 21828 I cr_LibraryLoader: Successfully loaded native library
09-01 21:14:21.531 21728 21828 I cr_CachingUmaRecorder: Flushed 3 samples from 3 histograms.
09-01 21:14:21.533 21406 21406 D Zygote  : Forked child process 21842
09-01 21:14:21.534  1513  4617 D CompatibilityChangeReporter: Compat change id reported: 135634846; UID 10220; state: DISABLED
09-01 21:14:21.534  1513  4617 D CompatibilityChangeReporter: Compat change id reported: 135754954; UID 10220; state: ENABLED
09-01 21:14:21.536 21786 21786 I LoadedApk: No resource references to update in package com.google.android.trichromelibrary
09-01 21:14:21.536 21842 21842 E libc    : SetHeapTaggingLevel: re-enabling tagging after it was disabled is not supported
09-01 21:14:21.536 21786 21786 D NetworkSecurityConfig: Using Network Security Config from resource 0_resource_name_obfuscated debugBuild: false
09-01 21:14:21.537  1513  1625 W ActivityManager: Slow operation: 227ms so far, now at startProcess: returned from zygote!
09-01 21:14:21.537  1513  1625 W ActivityManager: Slow operation: 228ms so far, now at startProcess: done updating battery stats
09-01 21:14:21.537  1513  1625 W ActivityManager: Slow operation: 228ms so far, now at startProcess: building log message
09-01 21:14:21.537  1513  1625 I ActivityManager: Start proc 21842:com.android.chrome:sandboxed_process0:org.chromium.content.app.SandboxedProcessService0:14/u0ai14 for  {com.android.chrome/org.chromium.content.app.SandboxedProcessService0:14}
09-01 21:14:21.537  1513  1625 W ActivityManager: Slow operation: 228ms so far, now at startProcess: starting to update pids map
09-01 21:14:21.537  1513  1625 W ActivityManager: Slow operation: 228ms so far, now at startProcess: done updating pids map
09-01 21:14:21.537  1513  1625 W ActivityManager: Slow operation: 208ms so far, now at startProcess: asking zygote to start proc
09-01 21:14:21.537 21786 21786 D NetworkSecurityConfig: Using Network Security Config from resource 0_resource_name_obfuscated debugBuild: false
09-01 21:14:21.537  1513  1625 D CompatibilityChangeReporter: Compat change id reported: 143937733; UID 10220; state: ENABLED
09-01 21:14:21.539 21786 21786 I cr_SplitCompatApp: Launched version=107.0.5304.91 minSdkVersion=29 isBundle=true processName=com.android.chrome:sandboxed_process0:org.chromium.content.app.SandboxedProcessService0:12 isIsolated=true
09-01 21:14:21.543 21356 21356 E cr_IntentUtils: getBooleanExtra failed on intent null
09-01 21:14:21.543 21356 21356 E cr_IntentUtils: getBooleanExtra failed on intent null
09-01 21:14:21.550 21842 21842 E cessService0:1: Not starting debugger since process cannot load the jdwp agent.
09-01 21:14:21.550 21356 21356 I cr_tabmodel: #isIncognitoTabBeingRestored from tabDetails:  false
09-01 21:14:21.550 21356 21356 I cr_tabmodel: #isIncognitoTabBeingRestored from tabDetails:  false
09-01 21:14:21.550 21356 21356 W cr_tabmodel: Failed to restore TabState; creating Tab with last known URL.
09-01 21:14:21.555 21786 21786 W SystemServiceRegistry: No service published for: uimode
09-01 21:14:21.562 21356 21356 E cr_IntentUtils: getBooleanExtra failed on intent null
09-01 21:14:21.562 21356 21356 E cr_IntentUtils: getBooleanExtra failed on intent null
09-01 21:14:21.567 21356 21356 I cr_tabmodel: #isIncognitoTabBeingRestored from tabDetails:  false
09-01 21:14:21.568 21356 21356 I cr_tabmodel: #isIncognitoTabBeingRestored from tabDetails:  false
09-01 21:14:21.568 21356 21356 W cr_tabmodel: Failed to restore TabState; creating Tab with last known URL.
09-01 21:14:21.569 21786 21786 I cr_ChildProcessService: Creating new ChildProcessService pid=21786
09-01 21:14:21.571  1513  4617 D CompatibilityChangeReporter: Compat change id reported: 136274596; UID 10220; state: ENABLED
09-01 21:14:21.579  1513  3241 D CompatibilityChangeReporter: Compat change id reported: 135634846; UID 10220; state: DISABLED
09-01 21:14:21.579  1513  3241 D CompatibilityChangeReporter: Compat change id reported: 135754954; UID 10220; state: ENABLED
09-01 21:14:21.580 21356 21356 E cr_IntentUtils: getBooleanExtra failed on intent null
09-01 21:14:21.580 21356 21356 E cr_IntentUtils: getBooleanExtra failed on intent null
09-01 21:14:21.584 21806 21806 I LoadedApk: No resource references to update in package com.google.android.trichromelibrary
09-01 21:14:21.585 21806 21806 D NetworkSecurityConfig: Using Network Security Config from resource 0_resource_name_obfuscated debugBuild: false
09-01 21:14:21.586 21806 21806 D NetworkSecurityConfig: Using Network Security Config from resource 0_resource_name_obfuscated debugBuild: false
09-01 21:14:21.588 21356 21356 I cr_tabmodel: #isIncognitoTabBeingRestored from tabDetails:  false
09-01 21:14:21.588 21356 21356 I cr_tabmodel: #isIncognitoTabBeingRestored from tabDetails:  false
09-01 21:14:21.588 21356 21356 W cr_tabmodel: Failed to restore TabState; creating Tab with last known URL.
09-01 21:14:21.592 21806 21806 I cr_SplitCompatApp: Launched version=107.0.5304.91 minSdkVersion=29 isBundle=true processName=com.android.chrome:sandboxed_process0:org.chromium.content.app.SandboxedProcessService0:13 isIsolated=true
09-01 21:14:21.599 21786 21816 I cr_LibraryLoader: Using ModernLinker
09-01 21:14:21.600 21406 21406 D Zygote  : Forked child process 21881
09-01 21:14:21.601 21786 21816 W linker  : Warning: "/data/app/~~_KLlx60MH8CoecPTjMKp8g==/com.android.chrome-kw9RHYrlHKb9bPXi8OTClw==/base.apk!/lib/arm64-v8a/libchromium_android_linker.so" unused DT entry: unknown processor-specific (type 0x70000001 arg 0x0) (ignoring)
09-01 21:14:21.602 21786 21816 E cr_ChromiumAndroidLinker: ReserveAddressWithHint: Address range starting at 0x7a37609000 was not free to use
09-01 21:14:21.603 21356 21356 E cr_IntentUtils: getBooleanExtra failed on intent null
09-01 21:14:21.603 21356 21356 E cr_IntentUtils: getBooleanExtra failed on intent null
09-01 21:14:21.605  1513  1625 W ActivityManager: Slow operation: 276ms so far, now at startProcess: returned from zygote!
09-01 21:14:21.605  1513  1625 W ActivityManager: Slow operation: 276ms so far, now at startProcess: done updating battery stats
09-01 21:14:21.605  1513  1625 W ActivityManager: Slow operation: 276ms so far, now at startProcess: building log message
09-01 21:14:21.605  1513  1625 I ActivityManager: Start proc 21881:com.android.chrome:sandboxed_process0:org.chromium.content.app.SandboxedProcessService0:15/u0ai15 for  {com.android.chrome/org.chromium.content.app.SandboxedProcessService0:15}
09-01 21:14:21.605  1513  1625 W ActivityManager: Slow operation: 276ms so far, now at startProcess: starting to update pids map
09-01 21:14:21.606  1513  1625 W ActivityManager: Slow operation: 276ms so far, now at startProcess: done updating pids map
09-01 21:14:21.606  1513  1625 W ActivityManager: Slow operation: 238ms so far, now at startProcess: asking zygote to start proc
09-01 21:14:21.606  1513  1625 D CompatibilityChangeReporter: Compat change id reported: 143937733; UID 10220; state: ENABLED
09-01 21:14:21.607 21806 21806 W SystemServiceRegistry: No service published for: uimode
09-01 21:14:21.610 21786 21874 I cr_LibraryLoader: Successfully loaded native library
09-01 21:14:21.611 21786 21874 I cr_CachingUmaRecorder: Flushed 3 samples from 3 histograms.
09-01 21:14:21.611 21842 21842 I LoadedApk: No resource references to update in package com.google.android.trichromelibrary
09-01 21:14:21.612 21842 21842 D NetworkSecurityConfig: Using Network Security Config from resource 0_resource_name_obfuscated debugBuild: false
09-01 21:14:21.613 21842 21842 D NetworkSecurityConfig: Using Network Security Config from resource 0_resource_name_obfuscated debugBuild: false
09-01 21:14:21.613 21806 21806 I cr_ChildProcessService: Creating new ChildProcessService pid=21806
09-01 21:14:21.614 21881 21881 E libc    : SetHeapTaggingLevel: re-enabling tagging after it was disabled is not supported
09-01 21:14:21.615 21842 21842 I cr_SplitCompatApp: Launched version=107.0.5304.91 minSdkVersion=29 isBundle=true processName=com.android.chrome:sandboxed_process0:org.chromium.content.app.SandboxedProcessService0:14 isIsolated=true
09-01 21:14:21.617 21356 21356 I cr_tabmodel: #isIncognitoTabBeingRestored from tabDetails:  false
09-01 21:14:21.617 21356 21356 I cr_tabmodel: #isIncognitoTabBeingRestored from tabDetails:  false
09-01 21:14:21.617 21356 21356 W cr_tabmodel: Failed to restore TabState; creating Tab with last known URL.
09-01 21:14:21.623 21806 21848 I cr_LibraryLoader: Using ModernLinker
09-01 21:14:21.626 21806 21848 W linker  : Warning: "/data/app/~~_KLlx60MH8CoecPTjMKp8g==/com.android.chrome-kw9RHYrlHKb9bPXi8OTClw==/base.apk!/lib/arm64-v8a/libchromium_android_linker.so" unused DT entry: unknown processor-specific (type 0x70000001 arg 0x0) (ignoring)
09-01 21:14:21.628 21806 21848 E cr_ChromiumAndroidLinker: ReserveAddressWithHint: Address range starting at 0x7a37609000 was not free to use
09-01 21:14:21.634 21356 21356 E cr_IntentUtils: getBooleanExtra failed on intent null
09-01 21:14:21.634 21356 21356 E cr_IntentUtils: getBooleanExtra failed on intent null
09-01 21:14:21.635 21842 21842 W SystemServiceRegistry: No service published for: uimode
09-01 21:14:21.641 21356 21356 I cr_tabmodel: #isIncognitoTabBeingRestored from tabDetails:  false
09-01 21:14:21.641 21356 21356 I cr_tabmodel: #isIncognitoTabBeingRestored from tabDetails:  false
09-01 21:14:21.641 21356 21356 W cr_tabmodel: Failed to restore TabState; creating Tab with last known URL.
09-01 21:14:21.649 21842 21842 I cr_ChildProcessService: Creating new ChildProcessService pid=21842
09-01 21:14:21.653 21406 21406 D Zygote  : Forked child process 21904
09-01 21:14:21.657  1513  1625 W ActivityManager: Slow operation: 290ms so far, now at startProcess: returned from zygote!
09-01 21:14:21.658 21881 21881 E cessService0:1: Not starting debugger since process cannot load the jdwp agent.
09-01 21:14:21.659 21806 21888 I cr_LibraryLoader: Successfully loaded native library
09-01 21:14:21.660 21806 21888 I cr_CachingUmaRecorder: Flushed 3 samples from 3 histograms.
09-01 21:14:21.660  1513  1625 W ActivityManager: Slow operation: 293ms so far, now at startProcess: done updating battery stats
