09-01 21:12:52.303 19935 19935 D NetworkSecurityConfig: Using Network Security Config from resource 0_resource_name_obfuscated debugBuild: false
09-01 21:12:52.305 19935 19935 I cr_SplitCompatApp: Launched version=107.0.5304.91 minSdkVersion=29 isBundle=true processName=com.android.chrome:sandboxed_process0:org.chromium.content.app.SandboxedProcessService0:13 isIsolated=true
09-01 21:12:52.307 19469 19469 I cr_tabmodel: #isIncognitoTabBeingRestored from tabDetails:  false
09-01 21:12:52.307 19469 19469 I cr_tabmodel: #isIncognitoTabBeingRestored from tabDetails:  false
09-01 21:12:52.308 19469 19469 W cr_tabmodel: Failed to restore TabState; creating Tab with last known URL.
09-01 21:12:52.313 19901 19988 I cr_LibraryLoader: Successfully loaded native library
09-01 21:12:52.313  1513  2013 D CompatibilityChangeReporter: Compat change id reported: 136274596; UID 10220; state: ENABLED
09-01 21:12:52.317 19901 19988 I cr_CachingUmaRecorder: Flushed 3 samples from 3 histograms.
09-01 21:12:52.318 19991 19991 E cessService0:1: Not starting debugger since process cannot load the jdwp agent.
09-01 21:12:52.320  1513  4618 D CompatibilityChangeReporter: Compat change id reported: 135634846; UID 10220; state: DISABLED
09-01 21:12:52.320  1513  4618 D CompatibilityChangeReporter: Compat change id reported: 135754954; UID 10220; state: ENABLED
09-01 21:12:52.329 19935 19935 W SystemServiceRegistry: No service published for: uimode
09-01 21:12:52.330 19469 19469 E cr_IntentUtils: getBooleanExtra failed on intent null
09-01 21:12:52.330 19469 19469 E cr_IntentUtils: getBooleanExtra failed on intent null
09-01 21:12:52.334 19469 19469 I cr_tabmodel: #isIncognitoTabBeingRestored from tabDetails:  false
09-01 21:12:52.334 19469 19469 I cr_tabmodel: #isIncognitoTabBeingRestored from tabDetails:  false
09-01 21:12:52.334 19469 19469 W cr_tabmodel: Failed to restore TabState; creating Tab with last known URL.
09-01 21:12:52.338 19935 19935 I cr_ChildProcessService: Creating new ChildProcessService pid=19935
09-01 21:12:52.349 19935 19970 I cr_LibraryLoader: Using ModernLinker
09-01 21:12:52.351 19935 19970 W linker  : Warning: "/data/app/~~_KLlx60MH8CoecPTjMKp8g==/com.android.chrome-kw9RHYrlHKb9bPXi8OTClw==/base.apk!/lib/arm64-v8a/libchromium_android_linker.so" unused DT entry: unknown processor-specific (type 0x70000001 arg 0x0) (ignoring)
09-01 21:12:52.353 19935 19970 E cr_ChromiumAndroidLinker: ReserveAddressWithHint: Address range starting at 0x7a38761000 was not free to use
09-01 21:12:52.360 19469 19469 E cr_IntentUtils: getBooleanExtra failed on intent null
09-01 21:12:52.360 19469 19469 E cr_IntentUtils: getBooleanExtra failed on intent null
09-01 21:12:52.365  1513  4618 D CompatibilityChangeReporter: Compat change id reported: 136274596; UID 10220; state: ENABLED
09-01 21:12:52.370 19522 19522 D Zygote  : Forked child process 20035
09-01 21:12:52.371  1513  1625 W ActivityManager: Slow operation: 321ms so far, now at startProcess: returned from zygote!
09-01 21:12:52.372  1513  1625 W ActivityManager: Slow operation: 321ms so far, now at startProcess: done updating battery stats
09-01 21:12:52.372  1513  1625 W ActivityManager: Slow operation: 321ms so far, now at startProcess: building log message
09-01 21:12:52.372  1513  1625 I ActivityManager: Start proc 20035:com.android.chrome:sandboxed_process0:org.chromium.content.app.SandboxedProcessService0:16/u0ai16 for  {com.android.chrome/org.chromium.content.app.SandboxedProcessService0:16}
09-01 21:12:52.372  1513  1625 W ActivityManager: Slow operation: 321ms so far, now at startProcess: starting to update pids map
09-01 21:12:52.372  1513  1625 W ActivityManager: Slow operation: 322ms so far, now at startProcess: done updating pids map
09-01 21:12:52.372  1513  1625 W ActivityManager: Slow operation: 287ms so far, now at startProcess: asking zygote to start proc
09-01 21:12:52.372  1513  1625 D CompatibilityChangeReporter: Compat change id reported: 143937733; UID 10220; state: ENABLED
09-01 21:12:52.376 19935 20022 I cr_LibraryLoader: Successfully loaded native library
09-01 21:12:52.378 19935 20022 I cr_CachingUmaRecorder: Flushed 3 samples from 3 histograms.
09-01 21:12:52.381 19469 19469 I cr_tabmodel: #isIncognitoTabBeingRestored from tabDetails:  false
09-01 21:12:52.382 19469 19469 I cr_tabmodel: #isIncognitoTabBeingRestored from tabDetails:  false
09-01 21:12:52.382 19469 19469 W cr_tabmodel: Failed to restore TabState; creating Tab with last known URL.
09-01 21:12:52.384 20035 20035 E libc    : SetHeapTaggingLevel: re-enabling tagging after it was disabled is not supported
09-01 21:12:52.395 20035 20035 E cessService0:1: Not starting debugger since process cannot load the jdwp agent.
09-01 21:12:52.395  1513  6264 D CompatibilityChangeReporter: Compat change id reported: 135634846; UID 10220; state: DISABLED
09-01 21:12:52.396  1513  6264 D CompatibilityChangeReporter: Compat change id reported: 135754954; UID 10220; state: ENABLED
09-01 21:12:52.403 19469 19469 E cr_IntentUtils: getBooleanExtra failed on intent null
09-01 21:12:52.403 19469 19469 E cr_IntentUtils: getBooleanExtra failed on intent null
09-01 21:12:52.412 19469 19469 I cr_tabmodel: #isIncognitoTabBeingRestored from tabDetails:  false
09-01 21:12:52.412 19469 19469 I cr_tabmodel: #isIncognitoTabBeingRestored from tabDetails:  false
09-01 21:12:52.412 19469 19469 W cr_tabmodel: Failed to restore TabState; creating Tab with last known URL.
09-01 21:12:52.431 19469 19469 E cr_IntentUtils: getBooleanExtra failed on intent null
09-01 21:12:52.431 19469 19469 E cr_IntentUtils: getBooleanExtra failed on intent null
09-01 21:12:52.432  1513  4618 D CompatibilityChangeReporter: Compat change id reported: 136274596; UID 10220; state: ENABLED
09-01 21:12:52.436 19991 19991 I LoadedApk: No resource references to update in package com.google.android.trichromelibrary
09-01 21:12:52.436 19991 19991 D NetworkSecurityConfig: Using Network Security Config from resource 0_resource_name_obfuscated debugBuild: false
09-01 21:12:52.438 19991 19991 D NetworkSecurityConfig: Using Network Security Config from resource 0_resource_name_obfuscated debugBuild: false
09-01 21:12:52.438 19469 19469 I cr_tabmodel: #isIncognitoTabBeingRestored from tabDetails:  false
09-01 21:12:52.438 19469 19469 I cr_tabmodel: #isIncognitoTabBeingRestored from tabDetails:  false
09-01 21:12:52.438 19469 19469 W cr_tabmodel: Failed to restore TabState; creating Tab with last known URL.
09-01 21:12:52.439 19961 19961 I LoadedApk: No resource references to update in package com.google.android.trichromelibrary
09-01 21:12:52.440 19991 19991 I cr_SplitCompatApp: Launched version=107.0.5304.91 minSdkVersion=29 isBundle=true processName=com.android.chrome:sandboxed_process0:org.chromium.content.app.SandboxedProcessService0:15 isIsolated=true
09-01 21:12:52.440 19961 19961 D NetworkSecurityConfig: Using Network Security Config from resource 0_resource_name_obfuscated debugBuild: false
09-01 21:12:52.441 19961 19961 D NetworkSecurityConfig: Using Network Security Config from resource 0_resource_name_obfuscated debugBuild: false
09-01 21:12:52.443 19961 19961 I cr_SplitCompatApp: Launched version=107.0.5304.91 minSdkVersion=29 isBundle=true processName=com.android.chrome:sandboxed_process0:org.chromium.content.app.SandboxedProcessService0:14 isIsolated=true
09-01 21:12:52.448 19522 19522 D Zygote  : Forked child process 20066
09-01 21:12:52.450  1513  1625 W ActivityManager: Slow operation: 365ms so far, now at startProcess: returned from zygote!
09-01 21:12:52.450  1513  1625 W ActivityManager: Slow operation: 365ms so far, now at startProcess: done updating battery stats
09-01 21:12:52.450  1513  1625 W ActivityManager: Slow operation: 365ms so far, now at startProcess: building log message
09-01 21:12:52.450  1513  1625 I ActivityManager: Start proc 20066:com.android.chrome:sandboxed_process0:org.chromium.content.app.SandboxedProcessService0:17/u0ai17 for  {com.android.chrome/org.chromium.content.app.SandboxedProcessService0:17}
09-01 21:12:52.450  1513  1625 W ActivityManager: Slow operation: 365ms so far, now at startProcess: starting to update pids map
09-01 21:12:52.451  1513  1625 W ActivityManager: Slow operation: 365ms so far, now at startProcess: done updating pids map
09-01 21:12:52.451  1513  1625 W ActivityManager: Slow operation: 337ms so far, now at startProcess: asking zygote to start proc
09-01 21:12:52.451  1513  1625 D CompatibilityChangeReporter: Compat change id reported: 143937733; UID 10220; state: ENABLED
09-01 21:12:52.452 20066 20066 E libc    : SetHeapTaggingLevel: re-enabling tagging after it was disabled is not supported
09-01 21:12:52.467 19469 19469 E cr_IntentUtils: getBooleanExtra failed on intent null
09-01 21:12:52.467 19469 19469 E cr_IntentUtils: getBooleanExtra failed on intent null
09-01 21:12:52.469 19961 19961 W SystemServiceRegistry: No service published for: uimode
09-01 21:12:52.470  1513  4618 D CompatibilityChangeReporter: Compat change id reported: 135634846; UID 10220; state: DISABLED
09-01 21:12:52.470  1513  4618 D CompatibilityChangeReporter: Compat change id reported: 135754954; UID 10220; state: ENABLED
09-01 21:12:52.474 20066 20066 E cessService0:1: Not starting debugger since process cannot load the jdwp agent.
09-01 21:12:52.487 19469 19469 I cr_tabmodel: #isIncognitoTabBeingRestored from tabDetails:  false
09-01 21:12:52.487 19469 19469 I cr_tabmodel: #isIncognitoTabBeingRestored from tabDetails:  false
09-01 21:12:52.487 19469 19469 W cr_tabmodel: Failed to restore TabState; creating Tab with last known URL.
09-01 21:12:52.489 20035 20035 I LoadedApk: No resource references to update in package com.google.android.trichromelibrary
09-01 21:12:52.489 20035 20035 D NetworkSecurityConfig: Using Network Security Config from resource 0_resource_name_obfuscated debugBuild: false
09-01 21:12:52.490 20035 20035 D NetworkSecurityConfig: Using Network Security Config from resource 0_resource_name_obfuscated debugBuild: false
09-01 21:12:52.493 20035 20035 I cr_SplitCompatApp: Launched version=107.0.5304.91 minSdkVersion=29 isBundle=true processName=com.android.chrome:sandboxed_process0:org.chromium.content.app.SandboxedProcessService0:16 isIsolated=true
09-01 21:12:52.496 19522 19522 D Zygote  : Forked child process 20087
09-01 21:12:52.504 20087 20087 E libc    : SetHeapTaggingLevel: re-enabling tagging after it was disabled is not supported
09-01 21:12:52.506 19469 19469 E cr_IntentUtils: getBooleanExtra failed on intent null
09-01 21:12:52.506 19469 19469 E cr_IntentUtils: getBooleanExtra failed on intent null
09-01 21:12:52.506  1513  2013 D CompatibilityChangeReporter: Compat change id reported: 136274596; UID 10220; state: ENABLED
09-01 21:12:52.509 19991 19991 W SystemServiceRegistry: No service published for: uimode
09-01 21:12:52.510  1513  1625 W ActivityManager: Slow operation: 397ms so far, now at startProcess: returned from zygote!
09-01 21:12:52.511 19469 19469 I cr_tabmodel: #isIncognitoTabBeingRestored from tabDetails:  false
09-01 21:12:52.511 19469 19469 I cr_tabmodel: #isIncognitoTabBeingRestored from tabDetails:  false
09-01 21:12:52.511 19469 19469 W cr_tabmodel: Failed to restore TabState; creating Tab with last known URL.
09-01 21:12:52.515 19961 19961 I cr_ChildProcessService: Creating new ChildProcessService pid=19961
09-01 21:12:52.518  1513  1625 W ActivityManager: Slow operation: 404ms so far, now at startProcess: done updating battery stats
09-01 21:12:52.518  1513  1625 W ActivityManager: Slow operation: 404ms so far, now at startProcess: building log message
09-01 21:12:52.518  1513  1625 I ActivityManager: Start proc 20087:com.android.chrome:sandboxed_process0:org.chromium.content.app.SandboxedProcessService0:18/u0ai18 for  {com.android.chrome/org.chromium.content.app.SandboxedProcessService0:18}
09-01 21:12:52.518  1513  1625 W ActivityManager: Slow operation: 404ms so far, now at startProcess: starting to update pids map
09-01 21:12:52.520  1513  1625 W ActivityManager: Slow operation: 406ms so far, now at startProcess: done updating pids map
09-01 21:12:52.520  1513  1625 W ActivityManager: Slow operation: 383ms so far, now at startProcess: asking zygote to start proc
09-01 21:12:52.520  1513  1625 D CompatibilityChangeReporter: Compat change id reported: 143937733; UID 10220; state: ENABLED
09-01 21:12:52.527 20087 20087 E cessService0:1: Not starting debugger since process cannot load the jdwp agent.
09-01 21:12:52.529  1513  4618 D CompatibilityChangeReporter: Compat change id reported: 135634846; UID 10220; state: DISABLED
09-01 21:12:52.529  1513  4618 D CompatibilityChangeReporter: Compat change id reported: 135754954; UID 10220; state: ENABLED
09-01 21:12:52.530 19469 19469 E cr_IntentUtils: getBooleanExtra failed on intent null
09-01 21:12:52.530 19469 19469 E cr_IntentUtils: getBooleanExtra failed on intent null
09-01 21:12:52.535 19469 19469 I cr_tabmodel: #isIncognitoTabBeingRestored from tabDetails:  false
09-01 21:12:52.535 19469 19469 I cr_tabmodel: #isIncognitoTabBeingRestored from tabDetails:  false
09-01 21:12:52.535 19469 19469 W cr_tabmodel: Failed to restore TabState; creating Tab with last known URL.
09-01 21:12:52.538 19991 19991 I cr_ChildProcessService: Creating new ChildProcessService pid=19991
09-01 21:12:52.540 19961 20020 I cr_LibraryLoader: Using ModernLinker
09-01 21:12:52.547 19469 19469 E cr_IntentUtils: getBooleanExtra failed on intent null
09-01 21:12:52.547 19469 19469 E cr_IntentUtils: getBooleanExtra failed on intent null
09-01 21:12:52.550 19961 20020 W linker  : Warning: "/data/app/~~_KLlx60MH8CoecPTjMKp8g==/com.android.chrome-kw9RHYrlHKb9bPXi8OTClw==/base.apk!/lib/arm64-v8a/libchromium_android_linker.so" unused DT entry: unknown processor-specific (type 0x70000001 arg 0x0) (ignoring)
09-01 21:12:52.551 19961 20020 E cr_ChromiumAndroidLinker: ReserveAddressWithHint: Address range starting at 0x7a38761000 was not free to use
09-01 21:12:52.551 20035 20035 W SystemServiceRegistry: No service published for: uimode
09-01 21:12:52.555 19991 20033 I cr_LibraryLoader: Using ModernLinker
09-01 21:12:52.555 19469 19469 I cr_tabmodel: #isIncognitoTabBeingRestored from tabDetails:  false
09-01 21:12:52.555 19469 19469 I cr_tabmodel: #isIncognitoTabBeingRestored from tabDetails:  false
09-01 21:12:52.555 19469 19469 W cr_tabmodel: Failed to restore TabState; creating Tab with last known URL.
09-01 21:12:52.558 20035 20035 I cr_ChildProcessService: Creating new ChildProcessService pid=20035
09-01 21:12:52.558 19991 20033 W linker  : Warning: "/data/app/~~_KLlx60MH8CoecPTjMKp8g==/com.android.chrome-kw9RHYrlHKb9bPXi8OTClw==/base.apk!/lib/arm64-v8a/libchromium_android_linker.so" unused DT entry: unknown processor-specific (type 0x70000001 arg 0x0) (ignoring)
09-01 21:12:52.559 19991 20033 E cr_ChromiumAndroidLinker: ReserveAddressWithHint: Address range starting at 0x7a38761000 was not free to use
09-01 21:12:52.566  1513  2264 D CompatibilityChangeReporter: Compat change id reported: 136274596; UID 10220; state: ENABLED
09-01 21:12:52.567 19961 20102 I cr_LibraryLoader: Successfully loaded native library
09-01 21:12:52.568 19469 19469 E cr_IntentUtils: getBooleanExtra failed on intent null
09-01 21:12:52.568 19469 19469 E cr_IntentUtils: getBooleanExtra failed on intent null
09-01 21:12:52.572 20066 20066 I LoadedApk: No resource references to update in package com.google.android.trichromelibrary
09-01 21:12:52.572 19469 19469 I cr_tabmodel: #isIncognitoTabBeingRestored from tabDetails:  false
09-01 21:12:52.572 19469 19469 I cr_tabmodel: #isIncognitoTabBeingRestored from tabDetails:  false
09-01 21:12:52.572 19469 19469 W cr_tabmodel: Failed to restore TabState; creating Tab with last known URL.
09-01 21:12:52.572 20066 20066 D NetworkSecurityConfig: Using Network Security Config from resource 0_resource_name_obfuscated debugBuild: false
09-01 21:12:52.573 19961 20102 I cr_CachingUmaRecorder: Flushed 3 samples from 3 histograms.
09-01 21:12:52.573 20066 20066 D NetworkSecurityConfig: Using Network Security Config from resource 0_resource_name_obfuscated debugBuild: false
09-01 21:12:52.575  1513  2264 D CompatibilityChangeReporter: Compat change id reported: 135634846; UID 10220; state: DISABLED
09-01 21:12:52.575  1513  2264 D CompatibilityChangeReporter: Compat change id reported: 135754954; UID 10220; state: ENABLED
09-01 21:12:52.575 20066 20066 I cr_SplitCompatApp: Launched version=107.0.5304.91 minSdkVersion=29 isBundle=true processName=com.android.chrome:sandboxed_process0:org.chromium.content.app.SandboxedProcessService0:17 isIsolated=true
09-01 21:12:52.578 19522 19522 D Zygote  : Forked child process 20109
09-01 21:12:52.579 20109 20109 E libc    : SetHeapTaggingLevel: re-enabling tagging after it was disabled is not supported
09-01 21:12:52.583  1513  1625 W ActivityManager: Slow operation: 447ms so far, now at startProcess: returned from zygote!
09-01 21:12:52.584  1513  1625 W ActivityManager: Slow operation: 448ms so far, now at startProcess: done updating battery stats
09-01 21:12:52.585  1513  1625 W ActivityManager: Slow operation: 448ms so far, now at startProcess: building log message
09-01 21:12:52.585  1513  1625 I ActivityManager: Start proc 20109:com.android.chrome:sandboxed_process0:org.chromium.content.app.SandboxedProcessService0:19/u0ai19 for  {com.android.chrome/org.chromium.content.app.SandboxedProcessService0:19}
09-01 21:12:52.585  1513  1625 W ActivityManager: Slow operation: 448ms so far, now at startProcess: starting to update pids map
09-01 21:12:52.585  1513  1625 W ActivityManager: Slow operation: 448ms so far, now at startProcess: done updating pids map
09-01 21:12:52.585  1513  1625 W ActivityManager: Slow operation: 427ms so far, now at startProcess: asking zygote to start proc
09-01 21:12:52.585  1513  1625 D CompatibilityChangeReporter: Compat change id reported: 143937733; UID 10220; state: ENABLED
09-01 21:12:52.591 19469 19469 E cr_IntentUtils: getBooleanExtra failed on intent null
09-01 21:12:52.591 19469 19469 E cr_IntentUtils: getBooleanExtra failed on intent null
09-01 21:12:52.592 20066 20066 W SystemServiceRegistry: No service published for: uimode
09-01 21:12:52.594 20035 20063 I cr_LibraryLoader: Using ModernLinker
09-01 21:12:52.596 20035 20063 W linker  : Warning: "/data/app/~~_KLlx60MH8CoecPTjMKp8g==/com.android.chrome-kw9RHYrlHKb9bPXi8OTClw==/base.apk!/lib/arm64-v8a/libchromium_android_linker.so" unused DT entry: unknown processor-specific (type 0x70000001 arg 0x0) (ignoring)
09-01 21:12:52.596 19469 19469 I cr_tabmodel: #isIncognitoTabBeingRestored from tabDetails:  false
09-01 21:12:52.596 19469 19469 I cr_tabmodel: #isIncognitoTabBeingRestored from tabDetails:  false
09-01 21:12:52.596 19469 19469 W cr_tabmodel: Failed to restore TabState; creating Tab with last known URL.
09-01 21:12:52.597 20035 20063 E cr_ChromiumAndroidLinker: ReserveAddressWithHint: Address range starting at 0x7a38761000 was not free to use
09-01 21:12:52.599 20109 20109 E cessService0:1: Not starting debugger since process cannot load the jdwp agent.
09-01 21:12:52.600 20066 20066 I cr_ChildProcessService: Creating new ChildProcessService pid=20066
09-01 21:12:52.603 20035 20107 I cr_LibraryLoader: Successfully loaded native library
09-01 21:12:52.605 19991 20104 I cr_LibraryLoader: Successfully loaded native library
09-01 21:12:52.606 19991 20104 I cr_CachingUmaRecorder: Flushed 3 samples from 3 histograms.
09-01 21:12:52.609 20035 20107 I cr_CachingUmaRecorder: Flushed 3 samples from 3 histograms.
09-01 21:12:52.617  1513  2264 D CompatibilityChangeReporter: Compat change id reported: 136274596; UID 10220; state: ENABLED
09-01 21:12:52.620 19469 19469 E cr_IntentUtils: getBooleanExtra failed on intent null
09-01 21:12:52.620 19469 19469 E cr_IntentUtils: getBooleanExtra failed on intent null
09-01 21:12:52.625 19469 19469 I cr_tabmodel: #isIncognitoTabBeingRestored from tabDetails:  false
09-01 21:12:52.625 19469 19469 I cr_tabmodel: #isIncognitoTabBeingRestored from tabDetails:  false
09-01 21:12:52.625 19469 19469 W cr_tabmodel: Failed to restore TabState; creating Tab with last known URL.
09-01 21:12:52.629  1513  2013 D CompatibilityChangeReporter: Compat change id reported: 135634846; UID 10220; state: DISABLED
09-01 21:12:52.629 20138 20138 E libc    : SetHeapTaggingLevel: re-enabling tagging after it was disabled is not supported
09-01 21:12:52.629  1513  2013 D CompatibilityChangeReporter: Compat change id reported: 135754954; UID 10220; state: ENABLED
09-01 21:12:52.635 20087 20087 I LoadedApk: No resource references to update in package com.google.android.trichromelibrary
09-01 21:12:52.635 19522 19522 D Zygote  : Forked child process 20138
09-01 21:12:52.636  1513  1625 W ActivityManager: Slow operation: 478ms so far, now at startProcess: returned from zygote!
09-01 21:12:52.637  1513  1625 W ActivityManager: Slow operation: 478ms so far, now at startProcess: done updating battery stats
09-01 21:12:52.637  1513  1625 W ActivityManager: Slow operation: 478ms so far, now at startProcess: building log message
09-01 21:12:52.637  1513  1625 I ActivityManager: Start proc 20138:com.android.chrome:sandboxed_process0:org.chromium.content.app.SandboxedProcessService0:20/u0ai20 for  {com.android.chrome/org.chromium.content.app.SandboxedProcessService0:20}
09-01 21:12:52.637  1513  1625 W ActivityManager: Slow operation: 478ms so far, now at startProcess: starting to update pids map
09-01 21:12:52.637  1513  1625 W ActivityManager: Slow operation: 478ms so far, now at startProcess: done updating pids map
09-01 21:12:52.637  1513  1625 W ActivityManager: Slow operation: 454ms so far, now at startProcess: asking zygote to start proc
09-01 21:12:52.637  1513  1625 D CompatibilityChangeReporter: Compat change id reported: 143937733; UID 10220; state: ENABLED
09-01 21:12:52.638 20066 20096 I cr_LibraryLoader: Using ModernLinker
09-01 21:12:52.639 20066 20096 W linker  : Warning: "/data/app/~~_KLlx60MH8CoecPTjMKp8g==/com.android.chrome-kw9RHYrlHKb9bPXi8OTClw==/base.apk!/lib/arm64-v8a/libchromium_android_linker.so" unused DT entry: unknown processor-specific (type 0x70000001 arg 0x0) (ignoring)
09-01 21:12:52.639 20066 20096 E cr_ChromiumAndroidLinker: ReserveAddressWithHint: Address range starting at 0x7a38761000 was not free to use
09-01 21:12:52.640 20087 20087 D NetworkSecurityConfig: Using Network Security Config from resource 0_resource_name_obfuscated debugBuild: false
09-01 21:12:52.641 20087 20087 D NetworkSecurityConfig: Using Network Security Config from resource 0_resource_name_obfuscated debugBuild: false
09-01 21:12:52.642 20138 20138 E cessService0:2: Not starting debugger since process cannot load the jdwp agent.
09-01 21:12:52.643 20087 20087 I cr_SplitCompatApp: Launched version=107.0.5304.91 minSdkVersion=29 isBundle=true processName=com.android.chrome:sandboxed_process0:org.chromium.content.app.SandboxedProcessService0:18 isIsolated=true
09-01 21:12:52.644 20066 20127 I cr_LibraryLoader: Successfully loaded native library
09-01 21:12:52.645 20066 20127 I cr_CachingUmaRecorder: Flushed 3 samples from 3 histograms.
09-01 21:12:52.654 19469 19469 E cr_IntentUtils: getBooleanExtra failed on intent null
09-01 21:12:52.654 19469 19469 E cr_IntentUtils: getBooleanExtra failed on intent null
09-01 21:12:52.658 20087 20087 W SystemServiceRegistry: No service published for: uimode
09-01 21:12:52.664 20087 20087 I cr_ChildProcessService: Creating new ChildProcessService pid=20087
09-01 21:12:52.665 19469 19469 I cr_tabmodel: #isIncognitoTabBeingRestored from tabDetails:  false
09-01 21:12:52.665 19469 19469 I cr_tabmodel: #isIncognitoTabBeingRestored from tabDetails:  false
09-01 21:12:52.665 19469 19469 W cr_tabmodel: Failed to restore TabState; creating Tab with last known URL.
09-01 21:12:52.667  1513  2013 D CompatibilityChangeReporter: Compat change id reported: 136274596; UID 10220; state: ENABLED
09-01 21:12:52.672 20109 20109 I LoadedApk: No resource references to update in package com.google.android.trichromelibrary
09-01 21:12:52.672 19522 19522 D Zygote  : Forked child process 20173
09-01 21:12:52.672 20109 20109 D NetworkSecurityConfig: Using Network Security Config from resource 0_resource_name_obfuscated debugBuild: false
09-01 21:12:52.673 20109 20109 D NetworkSecurityConfig: Using Network Security Config from resource 0_resource_name_obfuscated debugBuild: false
09-01 21:12:52.675 20109 20109 I cr_SplitCompatApp: Launched version=107.0.5304.91 minSdkVersion=29 isBundle=true processName=com.android.chrome:sandboxed_process0:org.chromium.content.app.SandboxedProcessService0:19 isIsolated=true
09-01 21:12:52.675 20173 20173 E libc    : SetHeapTaggingLevel: re-enabling tagging after it was disabled is not supported
09-01 21:12:52.686  1513  2013 D CompatibilityChangeReporter: Compat change id reported: 135634846; UID 10220; state: DISABLED
09-01 21:12:52.686  1513  2013 D CompatibilityChangeReporter: Compat change id reported: 135754954; UID 10220; state: ENABLED
09-01 21:12:52.688 19469 19469 E cr_IntentUtils: getBooleanExtra failed on intent null
09-01 21:12:52.688 19469 19469 E cr_IntentUtils: getBooleanExtra failed on intent null
09-01 21:12:52.694 20087 20116 I cr_LibraryLoader: Using ModernLinker
09-01 21:12:52.695 20087 20116 W linker  : Warning: "/data/app/~~_KLlx60MH8CoecPTjMKp8g==/com.android.chrome-kw9RHYrlHKb9bPXi8OTClw==/base.apk!/lib/arm64-v8a/libchromium_android_linker.so" unused DT entry: unknown processor-specific (type 0x70000001 arg 0x0) (ignoring)
09-01 21:12:52.696 20087 20116 E cr_ChromiumAndroidLinker: ReserveAddressWithHint: Address range starting at 0x7a38761000 was not free to use
09-01 21:12:52.697 20109 20109 W SystemServiceRegistry: No service published for: uimode
09-01 21:12:52.699 19469 19469 I cr_tabmodel: #isIncognitoTabBeingRestored from tabDetails:  false
09-01 21:12:52.699 19469 19469 I cr_tabmodel: #isIncognitoTabBeingRestored from tabDetails:  false
09-01 21:12:52.699 19469 19469 W cr_tabmodel: Failed to restore TabState; creating Tab with last known URL.
09-01 21:12:52.702 20173 20173 E cessService0:2: Not starting debugger since process cannot load the jdwp agent.
09-01 21:12:52.702 20087 20171 I cr_LibraryLoader: Successfully loaded native library
09-01 21:12:52.704  1513  1625 W ActivityManager: Slow operation: 521ms so far, now at startProcess: returned from zygote!
09-01 21:12:52.704  1513  1625 W ActivityManager: Slow operation: 522ms so far, now at startProcess: done updating battery stats
09-01 21:12:52.704  1513  1625 W ActivityManager: Slow operation: 522ms so far, now at startProcess: building log message
09-01 21:12:52.704  1513  1625 I ActivityManager: Start proc 20173:com.android.chrome:sandboxed_process0:org.chromium.content.app.SandboxedProcessService0:21/u0ai21 for  {com.android.chrome/org.chromium.content.app.SandboxedProcessService0:21}
09-01 21:12:52.704  1513  1625 W ActivityManager: Slow operation: 522ms so far, now at startProcess: starting to update pids map
09-01 21:12:52.704  1513  1625 W ActivityManager: Slow operation: 522ms so far, now at startProcess: done updating pids map
09-01 21:12:52.704  1513  1625 W ActivityManager: Slow operation: 481ms so far, now at startProcess: asking zygote to start proc
09-01 21:12:52.705  1513  1625 D CompatibilityChangeReporter: Compat change id reported: 143937733; UID 10220; state: ENABLED
09-01 21:12:52.705 20087 20171 I cr_CachingUmaRecorder: Flushed 3 samples from 3 histograms.
09-01 21:12:52.707 20109 20109 I cr_ChildProcessService: Creating new ChildProcessService pid=20109
09-01 21:12:52.714  1513  6264 D CompatibilityChangeReporter: Compat change id reported: 136274596; UID 10220; state: ENABLED
09-01 21:12:52.717  1513  2264 D CompatibilityChangeReporter: Compat change id reported: 135634846; UID 10220; state: DISABLED
09-01 21:12:52.717  1513  2264 D CompatibilityChangeReporter: Compat change id reported: 135754954; UID 10220; state: ENABLED
09-01 21:12:52.719 19469 19469 E cr_IntentUtils: getBooleanExtra failed on intent null
09-01 21:12:52.719 19469 19469 E cr_IntentUtils: getBooleanExtra failed on intent null
09-01 21:12:52.726 19522 19522 D Zygote  : Forked child process 20208
09-01 21:12:52.726 19469 19469 I cr_tabmodel: #isIncognitoTabBeingRestored from tabDetails:  false
09-01 21:12:52.726 19469 19469 I cr_tabmodel: #isIncognitoTabBeingRestored from tabDetails:  false
09-01 21:12:52.726 19469 19469 W cr_tabmodel: Failed to restore TabState; creating Tab with last known URL.
09-01 21:12:52.727 20138 20138 I LoadedApk: No resource references to update in package com.google.android.trichromelibrary
09-01 21:12:52.728  1513  1625 W ActivityManager: Slow operation: 504ms so far, now at startProcess: returned from zygote!
09-01 21:12:52.728  1513  1625 W ActivityManager: Slow operation: 504ms so far, now at startProcess: done updating battery stats
09-01 21:12:52.728  1513  1625 W ActivityManager: Slow operation: 504ms so far, now at startProcess: building log message
09-01 21:12:52.728  1513  1625 I ActivityManager: Start proc 20208:com.android.chrome:sandboxed_process0:org.chromium.content.app.SandboxedProcessService0:22/u0ai22 for  {com.android.chrome/org.chromium.content.app.SandboxedProcessService0:22}
09-01 21:12:52.728  1513  1625 W ActivityManager: Slow operation: 505ms so far, now at startProcess: starting to update pids map
09-01 21:12:52.728  1513  1625 W ActivityManager: Slow operation: 505ms so far, now at startProcess: done updating pids map
09-01 21:12:52.728  1513  1625 W ActivityManager: Slow operation: 468ms so far, now at startProcess: asking zygote to start proc
09-01 21:12:52.728 20138 20138 D NetworkSecurityConfig: Using Network Security Config from resource 0_resource_name_obfuscated debugBuild: false
09-01 21:12:52.728  1513  1625 D CompatibilityChangeReporter: Compat change id reported: 143937733; UID 10220; state: ENABLED
09-01 21:12:52.729 20208 20208 E libc    : SetHeapTaggingLevel: re-enabling tagging after it was disabled is not supported
09-01 21:12:52.731 20138 20138 D NetworkSecurityConfig: Using Network Security Config from resource 0_resource_name_obfuscated debugBuild: false
09-01 21:12:52.733 20138 20138 I cr_SplitCompatApp: Launched version=107.0.5304.91 minSdkVersion=29 isBundle=true processName=com.android.chrome:sandboxed_process0:org.chromium.content.app.SandboxedProcessService0:20 isIsolated=true
09-01 21:12:52.739 20109 20139 I cr_LibraryLoader: Using ModernLinker
09-01 21:12:52.741 20109 20139 W linker  : Warning: "/data/app/~~_KLlx60MH8CoecPTjMKp8g==/com.android.chrome-kw9RHYrlHKb9bPXi8OTClw==/base.apk!/lib/arm64-v8a/libchromium_android_linker.so" unused DT entry: unknown processor-specific (type 0x70000001 arg 0x0) (ignoring)
09-01 21:12:52.742 20109 20139 E cr_ChromiumAndroidLinker: ReserveAddressWithHint: Address range starting at 0x7a38761000 was not free to use
09-01 21:12:52.743 20208 20208 E cessService0:2: Not starting debugger since process cannot load the jdwp agent.
09-01 21:12:52.744 19469 19469 E cr_IntentUtils: getBooleanExtra failed on intent null
09-01 21:12:52.744 19469 19469 E cr_IntentUtils: getBooleanExtra failed on intent null
09-01 21:12:52.748 20109 20197 I cr_LibraryLoader: Successfully loaded native library
09-01 21:12:52.748 20109 20197 I cr_CachingUmaRecorder: Flushed 3 samples from 3 histograms.
09-01 21:12:52.760 19469 19469 I cr_tabmodel: #isIncognitoTabBeingRestored from tabDetails:  false
09-01 21:12:52.760 19469 19469 I cr_tabmodel: #isIncognitoTabBeingRestored from tabDetails:  false
09-01 21:12:52.760 19469 19469 W cr_tabmodel: Failed to restore TabState; creating Tab with last known URL.
09-01 21:12:52.763 20138 20138 W SystemServiceRegistry: No service published for: uimode
09-01 21:12:52.772 20138 20138 I cr_ChildProcessService: Creating new ChildProcessService pid=20138
09-01 21:12:52.782 19469 19469 E cr_IntentUtils: getBooleanExtra failed on intent null
09-01 21:12:52.782 19469 19469 E cr_IntentUtils: getBooleanExtra failed on intent null
09-01 21:12:52.793 20138 20177 I cr_LibraryLoader: Using ModernLinker
09-01 21:12:52.794  1513  2013 D CompatibilityChangeReporter: Compat change id reported: 136274596; UID 10220; state: ENABLED
09-01 21:12:52.795 20138 20177 W linker  : Warning: "/data/app/~~_KLlx60MH8CoecPTjMKp8g==/com.android.chrome-kw9RHYrlHKb9bPXi8OTClw==/base.apk!/lib/arm64-v8a/libchromium_android_linker.so" unused DT entry: unknown processor-specific (type 0x70000001 arg 0x0) (ignoring)
09-01 21:12:52.796 20138 20177 E cr_ChromiumAndroidLinker: ReserveAddressWithHint: Address range starting at 0x7a38761000 was not free to use
09-01 21:12:52.812 20138 20230 I cr_LibraryLoader: Successfully loaded native library
09-01 21:12:52.812 19469 19469 I cr_tabmodel: #isIncognitoTabBeingRestored from tabDetails:  false
09-01 21:12:52.812 19469 19469 I cr_tabmodel: #isIncognitoTabBeingRestored from tabDetails:  false
09-01 21:12:52.813 19469 19469 W cr_tabmodel: Failed to restore TabState; creating Tab with last known URL.
09-01 21:12:52.813 20138 20230 I cr_CachingUmaRecorder: Flushed 3 samples from 3 histograms.
09-01 21:12:52.825  1513  2013 D CompatibilityChangeReporter: Compat change id reported: 135634846; UID 10220; state: DISABLED
09-01 21:12:52.825  1513  2013 D CompatibilityChangeReporter: Compat change id reported: 135754954; UID 10220; state: ENABLED
09-01 21:12:52.828 20173 20173 I LoadedApk: No resource references to update in package com.google.android.trichromelibrary
09-01 21:12:52.829 20173 20173 D NetworkSecurityConfig: Using Network Security Config from resource 0_resource_name_obfuscated debugBuild: false
09-01 21:12:52.830 19469 19469 E cr_IntentUtils: getBooleanExtra failed on intent null
09-01 21:12:52.830 20173 20173 D NetworkSecurityConfig: Using Network Security Config from resource 0_resource_name_obfuscated debugBuild: false
09-01 21:12:52.830 19469 19469 E cr_IntentUtils: getBooleanExtra failed on intent null
09-01 21:12:52.834 20173 20173 I cr_SplitCompatApp: Launched version=107.0.5304.91 minSdkVersion=29 isBundle=true processName=com.android.chrome:sandboxed_process0:org.chromium.content.app.SandboxedProcessService0:21 isIsolated=true
09-01 21:12:52.835 19522 19522 D Zygote  : Forked child process 20248
09-01 21:12:52.836  1513  1625 W ActivityManager: Slow operation: 576ms so far, now at startProcess: returned from zygote!
09-01 21:12:52.836  1513  1625 W ActivityManager: Slow operation: 576ms so far, now at startProcess: done updating battery stats
09-01 21:12:52.837  1513  1625 W ActivityManager: Slow operation: 576ms so far, now at startProcess: building log message
09-01 21:12:52.837  1513  1625 I ActivityManager: Start proc 20248:com.android.chrome:sandboxed_process0:org.chromium.content.app.SandboxedProcessService0:23/u0ai23 for  {com.android.chrome/org.chromium.content.app.SandboxedProcessService0:23}
09-01 21:12:52.837  1513  1625 W ActivityManager: Slow operation: 576ms so far, now at startProcess: starting to update pids map
09-01 21:12:52.837  1513  1625 W ActivityManager: Slow operation: 576ms so far, now at startProcess: done updating pids map
09-01 21:12:52.837  1513  1625 W ActivityManager: Slow operation: 544ms so far, now at startProcess: asking zygote to start proc
09-01 21:12:52.837  1513  1625 D CompatibilityChangeReporter: Compat change id reported: 143937733; UID 10220; state: ENABLED
09-01 21:12:52.840 19469 19469 I cr_tabmodel: #isIncognitoTabBeingRestored from tabDetails:  false
09-01 21:12:52.840 19469 19469 I cr_tabmodel: #isIncognitoTabBeingRestored from tabDetails:  false
09-01 21:12:52.840 19469 19469 W cr_tabmodel: Failed to restore TabState; creating Tab with last known URL.
09-01 21:12:52.843 20248 20248 E libc    : SetHeapTaggingLevel: re-enabling tagging after it was disabled is not supported
09-01 21:12:52.851 20173 20173 W SystemServiceRegistry: No service published for: uimode
09-01 21:12:52.859 20173 20173 I cr_ChildProcessService: Creating new ChildProcessService pid=20173
09-01 21:12:52.861 19522 19522 D Zygote  : Forked child process 20265
09-01 21:12:52.862 20248 20248 E cessService0:2: Not starting debugger since process cannot load the jdwp agent.
09-01 21:12:52.862  1513  1625 W ActivityManager: Slow operation: 570ms so far, now at startProcess: returned from zygote!
09-01 21:12:52.863  1513  1625 W ActivityManager: Slow operation: 571ms so far, now at startProcess: done updating battery stats
09-01 21:12:52.863  1513  1625 W ActivityManager: Slow operation: 571ms so far, now at startProcess: building log message
09-01 21:12:52.863  1513  1625 I ActivityManager: Start proc 20265:com.android.chrome:sandboxed_process0:org.chromium.content.app.SandboxedProcessService0:24/u0ai24 for  {com.android.chrome/org.chromium.content.app.SandboxedProcessService0:24}
09-01 21:12:52.863  1513  1625 W ActivityManager: Slow operation: 571ms so far, now at startProcess: starting to update pids map
09-01 21:12:52.865  1513  1625 W ActivityManager: Slow operation: 572ms so far, now at startProcess: done updating pids map
09-01 21:12:52.865  1513  1625 W ActivityManager: Slow operation: 546ms so far, now at startProcess: asking zygote to start proc
09-01 21:12:52.865 19469 19469 E cr_IntentUtils: getBooleanExtra failed on intent null
09-01 21:12:52.865 19469 19469 E cr_IntentUtils: getBooleanExtra failed on intent null
09-01 21:12:52.871 20173 20228 I cr_LibraryLoader: Using ModernLinker
09-01 21:12:52.871 20265 20265 E libc    : SetHeapTaggingLevel: re-enabling tagging after it was disabled is not supported
09-01 21:12:52.874 20208 20208 I LoadedApk: No resource references to update in package com.google.android.trichromelibrary
09-01 21:12:52.874 20208 20208 D NetworkSecurityConfig: Using Network Security Config from resource 0_resource_name_obfuscated debugBuild: false
09-01 21:12:52.875 20208 20208 D NetworkSecurityConfig: Using Network Security Config from resource 0_resource_name_obfuscated debugBuild: false
09-01 21:12:52.882 19469 19469 I cr_tabmodel: #isIncognitoTabBeingRestored from tabDetails:  false
09-01 21:12:52.882 19469 19469 I cr_tabmodel: #isIncognitoTabBeingRestored from tabDetails:  false
09-01 21:12:52.883 19469 19469 W cr_tabmodel: Failed to restore TabState; creating Tab with last known URL.
09-01 21:12:52.883 20265 20265 E cessService0:2: Not starting debugger since process cannot load the jdwp agent.
09-01 21:12:52.891 20173 20228 W linker  : Warning: "/data/app/~~_KLlx60MH8CoecPTjMKp8g==/com.android.chrome-kw9RHYrlHKb9bPXi8OTClw==/base.apk!/lib/arm64-v8a/libchromium_android_linker.so" unused DT entry: unknown processor-specific (type 0x70000001 arg 0x0) (ignoring)
09-01 21:12:52.891 20173 20228 E cr_ChromiumAndroidLinker: ReserveAddressWithHint: Address range starting at 0x7a38761000 was not free to use
09-01 21:12:52.893  1513  2013 D CompatibilityChangeReporter: Compat change id reported: 136274596; UID 10220; state: ENABLED
09-01 21:12:52.896  1513  6264 D CompatibilityChangeReporter: Compat change id reported: 135634846; UID 10220; state: DISABLED
09-01 21:12:52.896  1513  6264 D CompatibilityChangeReporter: Compat change id reported: 135754954; UID 10220; state: ENABLED
09-01 21:12:52.896 20208 20208 I cr_SplitCompatApp: Launched version=107.0.5304.91 minSdkVersion=29 isBundle=true processName=com.android.chrome:sandboxed_process0:org.chromium.content.app.SandboxedProcessService0:22 isIsolated=true
09-01 21:12:52.899 20173 20264 I cr_LibraryLoader: Successfully loaded native library
09-01 21:12:52.904 19469 19469 E cr_IntentUtils: getBooleanExtra failed on intent null
09-01 21:12:52.904 19469 19469 E cr_IntentUtils: getBooleanExtra failed on intent null
09-01 21:12:52.910 19469 19469 I cr_tabmodel: #isIncognitoTabBeingRestored from tabDetails:  false
09-01 21:12:52.910 19469 19469 I cr_tabmodel: #isIncognitoTabBeingRestored from tabDetails:  false
09-01 21:12:52.910 19469 19469 W cr_tabmodel: Failed to restore TabState; creating Tab with last known URL.
09-01 21:12:52.912  1513  2013 D CompatibilityChangeReporter: Compat change id reported: 136274596; UID 10220; state: ENABLED
09-01 21:12:52.912 20173 20264 I cr_CachingUmaRecorder: Flushed 3 samples from 3 histograms.
09-01 21:12:52.927 20208 20208 W SystemServiceRegistry: No service published for: uimode
09-01 21:12:52.930 19522 19522 D Zygote  : Forked child process 20297
09-01 21:12:52.931  1513  1625 W ActivityManager: Slow operation: 612ms so far, now at startProcess: returned from zygote!
09-01 21:12:52.932 19469 19469 E cr_IntentUtils: getBooleanExtra failed on intent null
09-01 21:12:52.932 19469 19469 E cr_IntentUtils: getBooleanExtra failed on intent null
09-01 21:12:52.941 20208 20208 I cr_ChildProcessService: Creating new ChildProcessService pid=20208
09-01 21:12:52.941  1513  2013 D CompatibilityChangeReporter: Compat change id reported: 135634846; UID 10220; state: DISABLED
09-01 21:12:52.941  1513  2013 D CompatibilityChangeReporter: Compat change id reported: 135754954; UID 10220; state: ENABLED
09-01 21:12:52.942  1513  1625 W ActivityManager: Slow operation: 622ms so far, now at startProcess: done updating battery stats
09-01 21:12:52.942  1513  1625 W ActivityManager: Slow operation: 622ms so far, now at startProcess: building log message
09-01 21:12:52.942  1513  1625 I ActivityManager: Start proc 20297:com.android.chrome:sandboxed_process0:org.chromium.content.app.SandboxedProcessService0:25/u0ai25 for  {com.android.chrome/org.chromium.content.app.SandboxedProcessService0:25}
09-01 21:12:52.942  1513  1625 W ActivityManager: Slow operation: 622ms so far, now at startProcess: starting to update pids map
09-01 21:12:52.942  1513  1625 W ActivityManager: Slow operation: 623ms so far, now at startProcess: done updating pids map
09-01 21:12:52.942  1513  1625 W ActivityManager: Slow operation: 589ms so far, now at startProcess: asking zygote to start proc
09-01 21:12:52.942  1513  1625 D CompatibilityChangeReporter: Compat change id reported: 143937733; UID 10220; state: ENABLED
09-01 21:12:52.945 20248 20248 I LoadedApk: No resource references to update in package com.google.android.trichromelibrary
09-01 21:12:52.945 20248 20248 D NetworkSecurityConfig: Using Network Security Config from resource 0_resource_name_obfuscated debugBuild: false
09-01 21:12:52.947 20248 20248 D NetworkSecurityConfig: Using Network Security Config from resource 0_resource_name_obfuscated debugBuild: false
09-01 21:12:52.952 20248 20248 I cr_SplitCompatApp: Launched version=107.0.5304.91 minSdkVersion=29 isBundle=true processName=com.android.chrome:sandboxed_process0:org.chromium.content.app.SandboxedProcessService0:23 isIsolated=true
09-01 21:12:52.958 20208 20240 I cr_LibraryLoader: Using ModernLinker
09-01 21:12:52.959 20208 20240 W linker  : Warning: "/data/app/~~_KLlx60MH8CoecPTjMKp8g==/com.android.chrome-kw9RHYrlHKb9bPXi8OTClw==/base.apk!/lib/arm64-v8a/libchromium_android_linker.so" unused DT entry: unknown processor-specific (type 0x70000001 arg 0x0) (ignoring)
09-01 21:12:52.959 20208 20240 E cr_ChromiumAndroidLinker: ReserveAddressWithHint: Address range starting at 0x7a38761000 was not free to use
09-01 21:12:52.960 20265 20265 I LoadedApk: No resource references to update in package com.google.android.trichromelibrary
09-01 21:12:52.961 20265 20265 D NetworkSecurityConfig: Using Network Security Config from resource 0_resource_name_obfuscated debugBuild: false
09-01 21:12:52.961 20297 20297 E libc    : SetHeapTaggingLevel: re-enabling tagging after it was disabled is not supported
09-01 21:12:52.962 20265 20265 D NetworkSecurityConfig: Using Network Security Config from resource 0_resource_name_obfuscated debugBuild: false
09-01 21:12:52.963 19469 19469 I cr_tabmodel: Loaded tab lists; counts: 66,0
09-01 21:12:52.964 20265 20265 I cr_SplitCompatApp: Launched version=107.0.5304.91 minSdkVersion=29 isBundle=true processName=com.android.chrome:sandboxed_process0:org.chromium.content.app.SandboxedProcessService0:24 isIsolated=true
09-01 21:12:52.968 20248 20248 W SystemServiceRegistry: No service published for: uimode
09-01 21:12:52.972 20297 20297 E cessService0:2: Not starting debugger since process cannot load the jdwp agent.
09-01 21:12:52.972 20208 20303 I cr_LibraryLoader: Successfully loaded native library
09-01 21:12:52.974 20208 20303 I cr_CachingUmaRecorder: Flushed 3 samples from 3 histograms.
09-01 21:12:52.983 20248 20248 I cr_ChildProcessService: Creating new ChildProcessService pid=20248
09-01 21:12:52.987 19522 19522 D Zygote  : Forked child process 20325
09-01 21:12:52.989 20248 20292 I cr_LibraryLoader: Using ModernLinker
09-01 21:12:52.990  1513  1625 W ActivityManager: Slow operation: 637ms so far, now at startProcess: returned from zygote!
09-01 21:12:52.991  1513  1625 W ActivityManager: Slow operation: 637ms so far, now at startProcess: done updating battery stats
09-01 21:12:52.991  1513  1625 W ActivityManager: Slow operation: 637ms so far, now at startProcess: building log message
09-01 21:12:52.991  1513  1625 I ActivityManager: Start proc 20325:com.android.chrome:sandboxed_process0:org.chromium.content.app.SandboxedProcessService0:26/u0ai26 for  {com.android.chrome/org.chromium.content.app.SandboxedProcessService0:26}
09-01 21:12:52.991  1513  1625 W ActivityManager: Slow operation: 637ms so far, now at startProcess: starting to update pids map
09-01 21:12:52.991  1513  1625 W ActivityManager: Slow operation: 637ms so far, now at startProcess: done updating pids map
09-01 21:12:52.991  1513  1625 W ActivityManager: Slow operation: 596ms so far, now at startProcess: asking zygote to start proc
09-01 21:12:52.992 20248 20292 W linker  : Warning: "/data/app/~~_KLlx60MH8CoecPTjMKp8g==/com.android.chrome-kw9RHYrlHKb9bPXi8OTClw==/base.apk!/lib/arm64-v8a/libchromium_android_linker.so" unused DT entry: unknown processor-specific (type 0x70000001 arg 0x0) (ignoring)
09-01 21:12:52.992 20325 20325 E libc    : SetHeapTaggingLevel: re-enabling tagging after it was disabled is not supported
09-01 21:12:52.993 20248 20292 E cr_ChromiumAndroidLinker: ReserveAddressWithHint: Address range starting at 0x7a38761000 was not free to use
09-01 21:12:52.995 20265 20265 W SystemServiceRegistry: No service published for: uimode
09-01 21:12:53.000 20265 20265 I cr_ChildProcessService: Creating new ChildProcessService pid=20265
09-01 21:12:53.005 20248 20322 I cr_LibraryLoader: Successfully loaded native library
09-01 21:12:53.006 20248 20322 I cr_CachingUmaRecorder: Flushed 3 samples from 3 histograms.
09-01 21:12:53.008 20265 20293 I cr_LibraryLoader: Using ModernLinker
09-01 21:12:53.011 20265 20293 W linker  : Warning: "/data/app/~~_KLlx60MH8CoecPTjMKp8g==/com.android.chrome-kw9RHYrlHKb9bPXi8OTClw==/base.apk!/lib/arm64-v8a/libchromium_android_linker.so" unused DT entry: unknown processor-specific (type 0x70000001 arg 0x0) (ignoring)
09-01 21:12:53.012 19469 19481 I .android.chrom: Background young concurrent copying GC freed 370499(18MB) AllocSpace objects, 55(1996KB) LOS objects, 93% free, 6415KB/102MB, paused 65us total 153.727ms
09-01 21:12:53.015 19522 19522 D Zygote  : Forked child process 20344
09-01 21:12:53.016 20265 20293 E cr_ChromiumAndroidLinker: ReserveAddressWithHint: Address range starting at 0x7a38761000 was not free to use
09-01 21:12:53.016  1513  1625 W ActivityManager: Slow operation: 621ms so far, now at startProcess: returned from zygote!
09-01 21:12:53.016  1513  1625 W ActivityManager: Slow operation: 621ms so far, now at startProcess: done updating battery stats
09-01 21:12:53.016  1513  1625 W ActivityManager: Slow operation: 621ms so far, now at startProcess: building log message
09-01 21:12:53.016  1513  1625 I ActivityManager: Start proc 20344:com.android.chrome:sandboxed_process0:org.chromium.content.app.SandboxedProcessService0:27/u0ai27 for  {com.android.chrome/org.chromium.content.app.SandboxedProcessService0:27}
09-01 21:12:53.016  1513  1625 W ActivityManager: Slow operation: 621ms so far, now at startProcess: starting to update pids map
09-01 21:12:53.016  1513  1625 W ActivityManager: Slow operation: 621ms so far, now at startProcess: done updating pids map
09-01 21:12:53.016  1513  1625 W ActivityManager: Slow operation: 590ms so far, now at startProcess: asking zygote to start proc
09-01 21:12:53.019 20344 20344 E libc    : SetHeapTaggingLevel: re-enabling tagging after it was disabled is not supported
09-01 21:12:53.021 20325 20325 E cessService0:2: Not starting debugger since process cannot load the jdwp agent.
09-01 21:12:53.027  1513  6264 D CompatibilityChangeReporter: Compat change id reported: 136274596; UID 10220; state: ENABLED
09-01 21:12:53.030 20265 20339 I cr_LibraryLoader: Successfully loaded native library
09-01 21:12:53.032 20265 20339 I cr_CachingUmaRecorder: Flushed 3 samples from 3 histograms.
09-01 21:12:53.037 19522 19522 D Zygote  : Forked child process 20367
09-01 21:12:53.038 20367 20367 E libc    : SetHeapTaggingLevel: re-enabling tagging after it was disabled is not supported
09-01 21:12:53.040  1513  1625 W ActivityManager: Slow operation: 614ms so far, now at startProcess: returned from zygote!
09-01 21:12:53.040  1513  1625 W ActivityManager: Slow operation: 614ms so far, now at startProcess: done updating battery stats
09-01 21:12:53.040  1513  1625 W ActivityManager: Slow operation: 614ms so far, now at startProcess: building log message
09-01 21:12:53.040  1513  1625 I ActivityManager: Start proc 20367:com.android.chrome:sandboxed_process0:org.chromium.content.app.SandboxedProcessService0:28/u0ai28 for  {com.android.chrome/org.chromium.content.app.SandboxedProcessService0:28}
09-01 21:12:53.040  1513  1625 W ActivityManager: Slow operation: 614ms so far, now at startProcess: starting to update pids map
09-01 21:12:53.041  1513  1625 W ActivityManager: Slow operation: 614ms so far, now at startProcess: done updating pids map
