09-01 21:14:22.372  1513  1625 W ActivityManager: Slow operation: 677ms so far, now at startProcess: returned from zygote!
09-01 21:14:22.372  1513  1625 W ActivityManager: Slow operation: 678ms so far, now at startProcess: done updating battery stats
09-01 21:14:22.372  1513  1625 W ActivityManager: Slow operation: 678ms so far, now at startProcess: building log message
09-01 21:14:22.372  1513  1625 I ActivityManager: Start proc 22305:com.android.chrome:sandboxed_process0:org.chromium.content.app.SandboxedProcessService0:29/u0ai29 for  {com.android.chrome/org.chromium.content.app.SandboxedProcessService0:29}
09-01 21:14:22.372  1513  1625 W ActivityManager: Slow operation: 678ms so far, now at startProcess: starting to update pids map
09-01 21:14:22.372 22305 22305 E libc    : SetHeapTaggingLevel: re-enabling tagging after it was disabled is not supported
09-01 21:14:22.374 22197 22304 I cr_LibraryLoader: Successfully loaded native library
09-01 21:14:22.375  1513  1625 W ActivityManager: Slow operation: 680ms so far, now at startProcess: done updating pids map
09-01 21:14:22.375  1513  1625 W ActivityManager: Slow operation: 655ms so far, now at startProcess: asking zygote to start proc
09-01 21:14:22.377 22250 22291 I cr_LibraryLoader: Successfully loaded native library
09-01 21:14:22.377 22250 22291 I cr_CachingUmaRecorder: Flushed 3 samples from 3 histograms.
09-01 21:14:22.377 22197 22304 I cr_CachingUmaRecorder: Flushed 3 samples from 3 histograms.
09-01 21:14:22.388 21406 21406 D Zygote  : Forked child process 22317
09-01 21:14:22.388  1513  1625 W ActivityManager: Slow operation: 669ms so far, now at startProcess: returned from zygote!
09-01 21:14:22.388  1513  1625 W ActivityManager: Slow operation: 669ms so far, now at startProcess: done updating battery stats
09-01 21:14:22.388  1513  1625 W ActivityManager: Slow operation: 669ms so far, now at startProcess: building log message
09-01 21:14:22.388  1513  1625 I ActivityManager: Start proc 22317:com.android.chrome:sandboxed_process0:org.chromium.content.app.SandboxedProcessService0:30/u0ai30 for  {com.android.chrome/org.chromium.content.app.SandboxedProcessService0:30}
09-01 21:14:22.388  1513  1625 W ActivityManager: Slow operation: 669ms so far, now at startProcess: starting to update pids map
09-01 21:14:22.388  1513  1625 W ActivityManager: Slow operation: 669ms so far, now at startProcess: done updating pids map
09-01 21:14:22.389  1513  1625 W ActivityManager: Slow operation: 615ms so far, now at startProcess: asking zygote to start proc
09-01 21:14:22.391 22317 22317 E libc    : SetHeapTaggingLevel: re-enabling tagging after it was disabled is not supported
09-01 21:14:22.397 22317 22317 E cessService0:3: Not starting debugger since process cannot load the jdwp agent.
09-01 21:14:22.404  1513  3246 D CompatibilityChangeReporter: Compat change id reported: 136274596; UID 10220; state: ENABLED
09-01 21:14:22.406 21406 21406 D Zygote  : Forked child process 22343
09-01 21:14:22.408  1513  1625 W ActivityManager: Slow operation: 634ms so far, now at startProcess: returned from zygote!
09-01 21:14:22.408  1513  1625 W ActivityManager: Slow operation: 635ms so far, now at startProcess: done updating battery stats
09-01 21:14:22.408  1513  1625 W ActivityManager: Slow operation: 635ms so far, now at startProcess: building log message
09-01 21:14:22.408  1513  1625 I ActivityManager: Start proc 22343:com.android.chrome:sandboxed_process0:org.chromium.content.app.SandboxedProcessService0:31/u0ai31 for  {com.android.chrome/org.chromium.content.app.SandboxedProcessService0:31}
09-01 21:14:22.408  1513  1625 W ActivityManager: Slow operation: 635ms so far, now at startProcess: starting to update pids map
09-01 21:14:22.409  1513  1625 W ActivityManager: Slow operation: 635ms so far, now at startProcess: done updating pids map
09-01 21:14:22.409  1513  1625 W ActivityManager: Slow operation: 616ms so far, now at startProcess: asking zygote to start proc
09-01 21:14:22.409  1513  1625 D CompatibilityChangeReporter: Compat change id reported: 143937733; UID 10220; state: ENABLED
09-01 21:14:22.410 22343 22343 E libc    : SetHeapTaggingLevel: re-enabling tagging after it was disabled is not supported
09-01 21:14:22.414 22305 22305 E cessService0:2: Not starting debugger since process cannot load the jdwp agent.
09-01 21:14:22.422 22343 22343 E cessService0:3: Not starting debugger since process cannot load the jdwp agent.
09-01 21:14:22.425  1513  6264 D CompatibilityChangeReporter: Compat change id reported: 136274596; UID 10220; state: ENABLED
09-01 21:14:22.429 21406 21406 D Zygote  : Forked child process 22372
09-01 21:14:22.431  1513  1625 W ActivityManager: Slow operation: 638ms so far, now at startProcess: returned from zygote!
09-01 21:14:22.431 22277 22277 I LoadedApk: No resource references to update in package com.google.android.trichromelibrary
09-01 21:14:22.431 22277 22277 D NetworkSecurityConfig: Using Network Security Config from resource 0_resource_name_obfuscated debugBuild: false
09-01 21:14:22.431  1513  3246 D CompatibilityChangeReporter: Compat change id reported: 136274596; UID 10220; state: ENABLED
09-01 21:14:22.432 22277 22277 D NetworkSecurityConfig: Using Network Security Config from resource 0_resource_name_obfuscated debugBuild: false
09-01 21:14:22.434 22277 22277 I cr_SplitCompatApp: Launched version=107.0.5304.91 minSdkVersion=29 isBundle=true processName=com.android.chrome:sandboxed_process0:org.chromium.content.app.SandboxedProcessService0:28 isIsolated=true
09-01 21:14:22.438 22372 22372 E libc    : SetHeapTaggingLevel: re-enabling tagging after it was disabled is not supported
09-01 21:14:22.445 22317 22317 I LoadedApk: No resource references to update in package com.google.android.trichromelibrary
09-01 21:14:22.445 22317 22317 D NetworkSecurityConfig: Using Network Security Config from resource 0_resource_name_obfuscated debugBuild: false
09-01 21:14:22.446 22317 22317 D NetworkSecurityConfig: Using Network Security Config from resource 0_resource_name_obfuscated debugBuild: false
09-01 21:14:22.447 22317 22317 I cr_SplitCompatApp: Launched version=107.0.5304.91 minSdkVersion=29 isBundle=true processName=com.android.chrome:sandboxed_process0:org.chromium.content.app.SandboxedProcessService0:30 isIsolated=true
09-01 21:14:22.449 22372 22372 E cessService0:3: Not starting debugger since process cannot load the jdwp agent.
09-01 21:14:22.457 22277 22277 W SystemServiceRegistry: No service published for: uimode
09-01 21:14:22.464 22277 22277 I cr_ChildProcessService: Creating new ChildProcessService pid=22277
09-01 21:14:22.469  1513  1625 W ActivityManager: Slow operation: 676ms so far, now at startProcess: done updating battery stats
09-01 21:14:22.469  1513  1625 W ActivityManager: Slow operation: 676ms so far, now at startProcess: building log message
09-01 21:14:22.469  1513  1625 I ActivityManager: Start proc 22372:com.android.chrome:sandboxed_process0:org.chromium.content.app.SandboxedProcessService0:32/u0ai32 for  {com.android.chrome/org.chromium.content.app.SandboxedProcessService0:32}
09-01 21:14:22.469  1513  1625 W ActivityManager: Slow operation: 676ms so far, now at startProcess: starting to update pids map
09-01 21:14:22.469  1513  1625 W ActivityManager: Slow operation: 677ms so far, now at startProcess: done updating pids map
09-01 21:14:22.469  1513  1625 W ActivityManager: Slow operation: 632ms so far, now at startProcess: asking zygote to start proc
09-01 21:14:22.469  1513  1625 D CompatibilityChangeReporter: Compat change id reported: 143937733; UID 10220; state: ENABLED
09-01 21:14:22.470 22317 22317 W SystemServiceRegistry: No service published for: uimode
09-01 21:14:22.474  1513  3246 D CompatibilityChangeReporter: Compat change id reported: 136274596; UID 10220; state: ENABLED
09-01 21:14:22.479  1513  3233 D CompatibilityChangeReporter: Compat change id reported: 136274596; UID 10220; state: ENABLED
09-01 21:14:22.481   901  2806 I sensors-hal: [ssc_utils]get_qmi_debug_flag:244, support_qmi_debug : false
09-01 21:14:22.484 22277 22342 I cr_LibraryLoader: Using ModernLinker
09-01 21:14:22.486 22277 22342 W linker  : Warning: "/data/app/~~_KLlx60MH8CoecPTjMKp8g==/com.android.chrome-kw9RHYrlHKb9bPXi8OTClw==/base.apk!/lib/arm64-v8a/libchromium_android_linker.so" unused DT entry: unknown processor-specific (type 0x70000001 arg 0x0) (ignoring)
09-01 21:14:22.487 22277 22342 E cr_ChromiumAndroidLinker: ReserveAddressWithHint: Address range starting at 0x7a37609000 was not free to use
09-01 21:14:22.489 22317 22317 I cr_ChildProcessService: Creating new ChildProcessService pid=22317
09-01 21:14:22.490 21406 21406 D Zygote  : Forked child process 22406
09-01 21:14:22.491  1513  1625 W ActivityManager: Slow operation: 654ms so far, now at startProcess: returned from zygote!
09-01 21:14:22.491 22406 22406 E libc    : SetHeapTaggingLevel: re-enabling tagging after it was disabled is not supported
09-01 21:14:22.491  1513  1625 W ActivityManager: Slow operation: 654ms so far, now at startProcess: done updating battery stats
09-01 21:14:22.491  1513  1625 W ActivityManager: Slow operation: 654ms so far, now at startProcess: building log message
09-01 21:14:22.491  1513  1625 I ActivityManager: Start proc 22406:com.android.chrome:sandboxed_process0:org.chromium.content.app.SandboxedProcessService0:33/u0ai33 for  {com.android.chrome/org.chromium.content.app.SandboxedProcessService0:33}
09-01 21:14:22.491  1513  1625 W ActivityManager: Slow operation: 654ms so far, now at startProcess: starting to update pids map
09-01 21:14:22.491  1513  1625 W ActivityManager: Slow operation: 654ms so far, now at startProcess: done updating pids map
09-01 21:14:22.492  1513  1625 W ActivityManager: Slow operation: 627ms so far, now at startProcess: asking zygote to start proc
09-01 21:14:22.492  1513  1625 D CompatibilityChangeReporter: Compat change id reported: 143937733; UID 10220; state: ENABLED
09-01 21:14:22.494 22317 22366 I cr_LibraryLoader: Using ModernLinker
09-01 21:14:22.495 22277 22398 I cr_LibraryLoader: Successfully loaded native library
09-01 21:14:22.496 22372 22372 I LoadedApk: No resource references to update in package com.google.android.trichromelibrary
09-01 21:14:22.496 22372 22372 D NetworkSecurityConfig: Using Network Security Config from resource 0_resource_name_obfuscated debugBuild: false
09-01 21:14:22.497 22317 22366 W linker  : Warning: "/data/app/~~_KLlx60MH8CoecPTjMKp8g==/com.android.chrome-kw9RHYrlHKb9bPXi8OTClw==/base.apk!/lib/arm64-v8a/libchromium_android_linker.so" unused DT entry: unknown processor-specific (type 0x70000001 arg 0x0) (ignoring)
09-01 21:14:22.497 22372 22372 D NetworkSecurityConfig: Using Network Security Config from resource 0_resource_name_obfuscated debugBuild: false
09-01 21:14:22.499 22372 22372 I cr_SplitCompatApp: Launched version=107.0.5304.91 minSdkVersion=29 isBundle=true processName=com.android.chrome:sandboxed_process0:org.chromium.content.app.SandboxedProcessService0:32 isIsolated=true
09-01 21:14:22.502 22406 22406 E cessService0:3: Not starting debugger since process cannot load the jdwp agent.
09-01 21:14:22.504   901  1000 W ASH     : @ 40848.957: Unhandled msg ID 999: line 1277
09-01 21:14:22.504   901  1000 E ASH     : @ 40848.957: No pb callback assigned
09-01 21:14:22.504   901  1000 E ASH     : @ 40848.957: Nanopb error: callback failed:1588
09-01 21:14:22.507 22317 22405 I cr_LibraryLoader: Successfully loaded native library
09-01 21:14:22.508 22277 22398 I cr_CachingUmaRecorder: Flushed 3 samples from 3 histograms.
09-01 21:14:22.508 22317 22405 I cr_CachingUmaRecorder: Flushed 3 samples from 3 histograms.
09-01 21:14:22.511 21406 21406 D Zygote  : Forked child process 22423
09-01 21:14:22.512 22372 22372 W SystemServiceRegistry: No service published for: uimode
09-01 21:14:22.513 22423 22423 E libc    : SetHeapTaggingLevel: re-enabling tagging after it was disabled is not supported
09-01 21:14:22.514 22305 22305 I LoadedApk: No resource references to update in package com.google.android.trichromelibrary
09-01 21:14:22.514 22305 22305 D NetworkSecurityConfig: Using Network Security Config from resource 0_resource_name_obfuscated debugBuild: false
09-01 21:14:22.515  1513  1625 W ActivityManager: Slow operation: 650ms so far, now at startProcess: returned from zygote!
09-01 21:14:22.515  1513  1625 W ActivityManager: Slow operation: 650ms so far, now at startProcess: done updating battery stats
09-01 21:14:22.515  1513  1625 W ActivityManager: Slow operation: 650ms so far, now at startProcess: building log message
09-01 21:14:22.515  1513  1625 I ActivityManager: Start proc 22423:com.android.chrome:sandboxed_process0:org.chromium.content.app.SandboxedProcessService0:34/u0ai34 for  {com.android.chrome/org.chromium.content.app.SandboxedProcessService0:34}
09-01 21:14:22.515  1513  1625 W ActivityManager: Slow operation: 650ms so far, now at startProcess: starting to update pids map
09-01 21:14:22.515  1513  1625 W ActivityManager: Slow operation: 651ms so far, now at startProcess: done updating pids map
09-01 21:14:22.515  1513  1625 W ActivityManager: Slow operation: 617ms so far, now at startProcess: asking zygote to start proc
09-01 21:14:22.515 22305 22305 D NetworkSecurityConfig: Using Network Security Config from resource 0_resource_name_obfuscated debugBuild: false
09-01 21:14:22.517 22305 22305 I cr_SplitCompatApp: Launched version=107.0.5304.91 minSdkVersion=29 isBundle=true processName=com.android.chrome:sandboxed_process0:org.chromium.content.app.SandboxedProcessService0:29 isIsolated=true
09-01 21:14:22.517 22372 22372 I cr_ChildProcessService: Creating new ChildProcessService pid=22372
09-01 21:14:22.518  1513  4617 D CompatibilityChangeReporter: Compat change id reported: 136274596; UID 10220; state: ENABLED
09-01 21:14:22.519 22423 22423 E cessService0:3: Not starting debugger since process cannot load the jdwp agent.
09-01 21:14:22.520 22343 22343 I LoadedApk: No resource references to update in package com.google.android.trichromelibrary
09-01 21:14:22.520 22343 22343 D NetworkSecurityConfig: Using Network Security Config from resource 0_resource_name_obfuscated debugBuild: false
09-01 21:14:22.521 22343 22343 D NetworkSecurityConfig: Using Network Security Config from resource 0_resource_name_obfuscated debugBuild: false
09-01 21:14:22.523 22343 22343 I cr_SplitCompatApp: Launched version=107.0.5304.91 minSdkVersion=29 isBundle=true processName=com.android.chrome:sandboxed_process0:org.chromium.content.app.SandboxedProcessService0:31 isIsolated=true
09-01 21:14:22.526 22372 22400 I cr_LibraryLoader: Using ModernLinker
09-01 21:14:22.528 22372 22400 W linker  : Warning: "/data/app/~~_KLlx60MH8CoecPTjMKp8g==/com.android.chrome-kw9RHYrlHKb9bPXi8OTClw==/base.apk!/lib/arm64-v8a/libchromium_android_linker.so" unused DT entry: unknown processor-specific (type 0x70000001 arg 0x0) (ignoring)
09-01 21:14:22.529 22372 22400 E cr_ChromiumAndroidLinker: ReserveAddressWithHint: Address range starting at 0x7a37609000 was not free to use
09-01 21:14:22.532 22372 22435 I cr_LibraryLoader: Successfully loaded native library
09-01 21:14:22.533 22372 22435 I cr_CachingUmaRecorder: Flushed 3 samples from 3 histograms.
09-01 21:14:22.534  1513  3233 D CompatibilityChangeReporter: Compat change id reported: 136274596; UID 10220; state: ENABLED
09-01 21:14:22.537 21406 21406 D Zygote  : Forked child process 22454
09-01 21:14:22.538  1513  1625 W ActivityManager: Slow operation: 640ms so far, now at startProcess: returned from zygote!
09-01 21:14:22.539  1513  1625 W ActivityManager: Slow operation: 640ms so far, now at startProcess: done updating battery stats
09-01 21:14:22.539  1513  1625 W ActivityManager: Slow operation: 640ms so far, now at startProcess: building log message
09-01 21:14:22.539  1513  1625 I ActivityManager: Start proc 22454:com.android.chrome:sandboxed_process0:org.chromium.content.app.SandboxedProcessService0:35/u0ai35 for  {com.android.chrome/org.chromium.content.app.SandboxedProcessService0:35}
09-01 21:14:22.539  1513  1625 W ActivityManager: Slow operation: 640ms so far, now at startProcess: starting to update pids map
09-01 21:14:22.539  1513  1625 W ActivityManager: Slow operation: 641ms so far, now at startProcess: done updating pids map
09-01 21:14:22.539  1513  1625 W ActivityManager: Slow operation: 595ms so far, now at startProcess: asking zygote to start proc
09-01 21:14:22.539  1513  1625 D CompatibilityChangeReporter: Compat change id reported: 143937733; UID 10220; state: ENABLED
09-01 21:14:22.541 22305 22305 W SystemServiceRegistry: No service published for: uimode
09-01 21:14:22.546 22343 22343 W SystemServiceRegistry: No service published for: uimode
09-01 21:14:22.546 22305 22305 I cr_ChildProcessService: Creating new ChildProcessService pid=22305
09-01 21:14:22.555 22343 22343 I cr_ChildProcessService: Creating new ChildProcessService pid=22343
09-01 21:14:22.558 22305 22375 I cr_LibraryLoader: Using ModernLinker
09-01 21:14:22.559 22305 22375 W linker  : Warning: "/data/app/~~_KLlx60MH8CoecPTjMKp8g==/com.android.chrome-kw9RHYrlHKb9bPXi8OTClw==/base.apk!/lib/arm64-v8a/libchromium_android_linker.so" unused DT entry: unknown processor-specific (type 0x70000001 arg 0x0) (ignoring)
09-01 21:14:22.559 22406 22406 I LoadedApk: No resource references to update in package com.google.android.trichromelibrary
09-01 21:14:22.559 22406 22406 D NetworkSecurityConfig: Using Network Security Config from resource 0_resource_name_obfuscated debugBuild: false
09-01 21:14:22.560 22305 22375 E cr_ChromiumAndroidLinker: ReserveAddressWithHint: Address range starting at 0x7a37609000 was not free to use
09-01 21:14:22.560 22406 22406 D NetworkSecurityConfig: Using Network Security Config from resource 0_resource_name_obfuscated debugBuild: false
09-01 21:14:22.562 22406 22406 I cr_SplitCompatApp: Launched version=107.0.5304.91 minSdkVersion=29 isBundle=true processName=com.android.chrome:sandboxed_process0:org.chromium.content.app.SandboxedProcessService0:33 isIsolated=true
09-01 21:14:22.562 22343 22371 I cr_LibraryLoader: Using ModernLinker
09-01 21:14:22.564 21406 21406 D Zygote  : Forked child process 22475
09-01 21:14:22.565 22343 22371 W linker  : Warning: "/data/app/~~_KLlx60MH8CoecPTjMKp8g==/com.android.chrome-kw9RHYrlHKb9bPXi8OTClw==/base.apk!/lib/arm64-v8a/libchromium_android_linker.so" unused DT entry: unknown processor-specific (type 0x70000001 arg 0x0) (ignoring)
09-01 21:14:22.565  1513  1625 W ActivityManager: Slow operation: 621ms so far, now at startProcess: returned from zygote!
09-01 21:14:22.565  1513  1625 W ActivityManager: Slow operation: 621ms so far, now at startProcess: done updating battery stats
09-01 21:14:22.565 22343 22371 E cr_ChromiumAndroidLinker: ReserveAddressWithHint: Address range starting at 0x7a37609000 was not free to use
09-01 21:14:22.565  1513  1625 W ActivityManager: Slow operation: 621ms so far, now at startProcess: building log message
09-01 21:14:22.565  1513  1625 I ActivityManager: Start proc 22475:com.android.chrome:sandboxed_process0:org.chromium.content.app.SandboxedProcessService0:36/u0ai36 for  {com.android.chrome/org.chromium.content.app.SandboxedProcessService0:36}
09-01 21:14:22.566  1513  1625 W ActivityManager: Slow operation: 621ms so far, now at startProcess: starting to update pids map
09-01 21:14:22.566 22423 22423 I LoadedApk: No resource references to update in package com.google.android.trichromelibrary
09-01 21:14:22.566 22423 22423 D NetworkSecurityConfig: Using Network Security Config from resource 0_resource_name_obfuscated debugBuild: false
09-01 21:14:22.566  1513  1625 W ActivityManager: Slow operation: 621ms so far, now at startProcess: done updating pids map
09-01 21:14:22.566  1513  1625 W ActivityManager: Slow operation: 595ms so far, now at startProcess: asking zygote to start proc
09-01 21:14:22.566 22475 22475 E libc    : SetHeapTaggingLevel: re-enabling tagging after it was disabled is not supported
09-01 21:14:22.567 22454 22454 E libc    : SetHeapTaggingLevel: re-enabling tagging after it was disabled is not supported
09-01 21:14:22.567 22423 22423 D NetworkSecurityConfig: Using Network Security Config from resource 0_resource_name_obfuscated debugBuild: false
09-01 21:14:22.568 22423 22423 I cr_SplitCompatApp: Launched version=107.0.5304.91 minSdkVersion=29 isBundle=true processName=com.android.chrome:sandboxed_process0:org.chromium.content.app.SandboxedProcessService0:34 isIsolated=true
09-01 21:14:22.575 22305 22468 I cr_LibraryLoader: Successfully loaded native library
09-01 21:14:22.576 22475 22475 E cessService0:3: Not starting debugger since process cannot load the jdwp agent.
09-01 21:14:22.576 22305 22468 I cr_CachingUmaRecorder: Flushed 3 samples from 3 histograms.
09-01 21:14:22.582 22343 22474 I cr_LibraryLoader: Successfully loaded native library
09-01 21:14:22.583 22343 22474 I cr_CachingUmaRecorder: Flushed 3 samples from 3 histograms.
09-01 21:14:22.587 21406 21406 D Zygote  : Forked child process 22500
09-01 21:14:22.587  1513  2000 D ConnectivityService: NetReassign [no changes]
09-01 21:14:22.589 22423 22423 W SystemServiceRegistry: No service published for: uimode
09-01 21:14:22.589  1513  1625 W ActivityManager: Slow operation: 619ms so far, now at startProcess: returned from zygote!
09-01 21:14:22.589  1513  1625 W ActivityManager: Slow operation: 619ms so far, now at startProcess: done updating battery stats
09-01 21:14:22.590  1513  1625 W ActivityManager: Slow operation: 619ms so far, now at startProcess: building log message
09-01 21:14:22.590  1513  1625 I ActivityManager: Start proc 22500:com.android.chrome:sandboxed_process0:org.chromium.content.app.SandboxedProcessService0:37/u0ai37 for  {com.android.chrome/org.chromium.content.app.SandboxedProcessService0:37}
09-01 21:14:22.590  1513  1625 W ActivityManager: Slow operation: 619ms so far, now at startProcess: starting to update pids map
09-01 21:14:22.590  1513  1625 W ActivityManager: Slow operation: 619ms so far, now at startProcess: done updating pids map
09-01 21:14:22.590  1513  1625 W ActivityManager: Slow operation: 581ms so far, now at startProcess: asking zygote to start proc
09-01 21:14:22.591 22406 22406 W SystemServiceRegistry: No service published for: uimode
09-01 21:14:22.595 22423 22423 I cr_ChildProcessService: Creating new ChildProcessService pid=22423
09-01 21:14:22.598 22500 22500 E libc    : SetHeapTaggingLevel: re-enabling tagging after it was disabled is not supported
09-01 21:14:22.599 22406 22406 I cr_ChildProcessService: Creating new ChildProcessService pid=22406
09-01 21:14:22.600  1513  3233 D CompatibilityChangeReporter: Compat change id reported: 136274596; UID 10220; state: ENABLED
09-01 21:14:22.602 22454 22454 E cessService0:3: Not starting debugger since process cannot load the jdwp agent.
09-01 21:14:22.604 21356 21356 E cr_BTSPrefs: No data found for task id: 53
09-01 21:14:22.604 21356 21356 E cr_BkgrdTaskScheduler: Task cannot be canceled because no data was found instorage or data was invalid
09-01 21:14:22.608 22423 22463 I cr_LibraryLoader: Using ModernLinker
09-01 21:14:22.608 21406 21406 D Zygote  : Forked child process 22521
09-01 21:14:22.610  1513  1625 W ActivityManager: Slow operation: 600ms so far, now at startProcess: returned from zygote!
09-01 21:14:22.610  1513  1625 W ActivityManager: Slow operation: 601ms so far, now at startProcess: done updating battery stats
09-01 21:14:22.610  1513  1625 W ActivityManager: Slow operation: 601ms so far, now at startProcess: building log message
09-01 21:14:22.610  1513  1625 I ActivityManager: Start proc 22521:com.android.chrome:sandboxed_process0:org.chromium.content.app.SandboxedProcessService0:38/u0ai38 for  {com.android.chrome/org.chromium.content.app.SandboxedProcessService0:38}
09-01 21:14:22.610  1513  1625 W ActivityManager: Slow operation: 601ms so far, now at startProcess: starting to update pids map
09-01 21:14:22.610  1513  1625 W ActivityManager: Slow operation: 601ms so far, now at startProcess: done updating pids map
09-01 21:14:22.610  1513  1625 W ActivityManager: Slow operation: 562ms so far, now at startProcess: asking zygote to start proc
09-01 21:14:22.611 22423 22463 W linker  : Warning: "/data/app/~~_KLlx60MH8CoecPTjMKp8g==/com.android.chrome-kw9RHYrlHKb9bPXi8OTClw==/base.apk!/lib/arm64-v8a/libchromium_android_linker.so" unused DT entry: unknown processor-specific (type 0x70000001 arg 0x0) (ignoring)
09-01 21:14:22.611  1513  1625 D CompatibilityChangeReporter: Compat change id reported: 143937733; UID 10220; state: ENABLED
09-01 21:14:22.612 22423 22463 E cr_ChromiumAndroidLinker: ReserveAddressWithHint: Address range starting at 0x7a37609000 was not free to use
09-01 21:14:22.613 22406 22437 I cr_LibraryLoader: Using ModernLinker
09-01 21:14:22.615 22406 22437 W linker  : Warning: "/data/app/~~_KLlx60MH8CoecPTjMKp8g==/com.android.chrome-kw9RHYrlHKb9bPXi8OTClw==/base.apk!/lib/arm64-v8a/libchromium_android_linker.so" unused DT entry: unknown processor-specific (type 0x70000001 arg 0x0) (ignoring)
09-01 21:14:22.616 22406 22437 E cr_ChromiumAndroidLinker: ReserveAddressWithHint: Address range starting at 0x7a37609000 was not free to use
09-01 21:14:22.618 22521 22521 E libc    : SetHeapTaggingLevel: re-enabling tagging after it was disabled is not supported
09-01 21:14:22.620 22500 22500 E cessService0:3: Not starting debugger since process cannot load the jdwp agent.
09-01 21:14:22.622 22406 22515 I cr_LibraryLoader: Successfully loaded native library
09-01 21:14:22.622 22406 22515 I cr_CachingUmaRecorder: Flushed 3 samples from 3 histograms.
09-01 21:14:22.624 22423 22510 I cr_LibraryLoader: Successfully loaded native library
09-01 21:14:22.625 22423 22510 I cr_CachingUmaRecorder: Flushed 3 samples from 3 histograms.
09-01 21:14:22.633 22521 22521 E cessService0:3: Not starting debugger since process cannot load the jdwp agent.
09-01 21:14:22.633  1513  3233 D CompatibilityChangeReporter: Compat change id reported: 136274596; UID 10220; state: ENABLED
09-01 21:14:22.639 22475 22475 I LoadedApk: No resource references to update in package com.google.android.trichromelibrary
09-01 21:14:22.639 22475 22475 D NetworkSecurityConfig: Using Network Security Config from resource 0_resource_name_obfuscated debugBuild: false
09-01 21:14:22.640 22475 22475 D NetworkSecurityConfig: Using Network Security Config from resource 0_resource_name_obfuscated debugBuild: false
09-01 21:14:22.641 22475 22475 I cr_SplitCompatApp: Launched version=107.0.5304.91 minSdkVersion=29 isBundle=true processName=com.android.chrome:sandboxed_process0:org.chromium.content.app.SandboxedProcessService0:36 isIsolated=true
09-01 21:14:22.642  1513  7910 D CompatibilityChangeReporter: Compat change id reported: 136274596; UID 10220; state: ENABLED
09-01 21:14:22.648 21406 21406 D Zygote  : Forked child process 22566
09-01 21:14:22.650  1513  1625 W ActivityManager: Slow operation: 601ms so far, now at startProcess: returned from zygote!
09-01 21:14:22.650  1513  1625 W ActivityManager: Slow operation: 602ms so far, now at startProcess: done updating battery stats
09-01 21:14:22.650  1513  1625 W ActivityManager: Slow operation: 602ms so far, now at startProcess: building log message
09-01 21:14:22.650  1513  1625 I ActivityManager: Start proc 22566:com.android.chrome:sandboxed_process0:org.chromium.content.app.SandboxedProcessService0:39/u0ai39 for  {com.android.chrome/org.chromium.content.app.SandboxedProcessService0:39}
09-01 21:14:22.650  1513  1625 W ActivityManager: Slow operation: 602ms so far, now at startProcess: starting to update pids map
09-01 21:14:22.650  1513  1625 W ActivityManager: Slow operation: 602ms so far, now at startProcess: done updating pids map
09-01 21:14:22.650  1513  1625 W ActivityManager: Slow operation: 577ms so far, now at startProcess: asking zygote to start proc
09-01 21:14:22.650  1513  1625 D CompatibilityChangeReporter: Compat change id reported: 143937733; UID 10220; state: ENABLED
09-01 21:14:22.659  1513  3233 D CompatibilityChangeReporter: Compat change id reported: 136274596; UID 10220; state: ENABLED
09-01 21:14:22.664 22566 22566 E libc    : SetHeapTaggingLevel: re-enabling tagging after it was disabled is not supported
09-01 21:14:22.665 22475 22475 W SystemServiceRegistry: No service published for: uimode
09-01 21:14:22.671 22475 22475 I cr_ChildProcessService: Creating new ChildProcessService pid=22475
09-01 21:14:22.672 22566 22566 E cessService0:3: Not starting debugger since process cannot load the jdwp agent.
09-01 21:14:22.683 22475 22519 I cr_LibraryLoader: Using ModernLinker
09-01 21:14:22.684 22475 22519 W linker  : Warning: "/data/app/~~_KLlx60MH8CoecPTjMKp8g==/com.android.chrome-kw9RHYrlHKb9bPXi8OTClw==/base.apk!/lib/arm64-v8a/libchromium_android_linker.so" unused DT entry: unknown processor-specific (type 0x70000001 arg 0x0) (ignoring)
09-01 21:14:22.685 22475 22519 E cr_ChromiumAndroidLinker: ReserveAddressWithHint: Address range starting at 0x7a37609000 was not free to use
09-01 21:14:22.689 22475 22587 I cr_LibraryLoader: Successfully loaded native library
09-01 21:14:22.689 22475 22587 I cr_CachingUmaRecorder: Flushed 3 samples from 3 histograms.
09-01 21:14:22.700 22454 22454 I LoadedApk: No resource references to update in package com.google.android.trichromelibrary
09-01 21:14:22.701 22521 22521 I LoadedApk: No resource references to update in package com.google.android.trichromelibrary
09-01 21:14:22.701 22454 22454 D NetworkSecurityConfig: Using Network Security Config from resource 0_resource_name_obfuscated debugBuild: false
09-01 21:14:22.701  1513  4617 D CompatibilityChangeReporter: Compat change id reported: 136274596; UID 10220; state: ENABLED
09-01 21:14:22.701 22521 22521 D NetworkSecurityConfig: Using Network Security Config from resource 0_resource_name_obfuscated debugBuild: false
09-01 21:14:22.702 22521 22521 D NetworkSecurityConfig: Using Network Security Config from resource 0_resource_name_obfuscated debugBuild: false
09-01 21:14:22.705 22454 22454 D NetworkSecurityConfig: Using Network Security Config from resource 0_resource_name_obfuscated debugBuild: false
09-01 21:14:22.706 21406 21406 D Zygote  : Forked child process 22602
09-01 21:14:22.706 22454 22454 I cr_SplitCompatApp: Launched version=107.0.5304.91 minSdkVersion=29 isBundle=true processName=com.android.chrome:sandboxed_process0:org.chromium.content.app.SandboxedProcessService0:35 isIsolated=true
09-01 21:14:22.709 22521 22521 I cr_SplitCompatApp: Launched version=107.0.5304.91 minSdkVersion=29 isBundle=true processName=com.android.chrome:sandboxed_process0:org.chromium.content.app.SandboxedProcessService0:38 isIsolated=true
09-01 21:14:22.711  1513  1625 W ActivityManager: Slow operation: 637ms so far, now at startProcess: returned from zygote!
09-01 21:14:22.711  1513  1625 W ActivityManager: Slow operation: 638ms so far, now at startProcess: done updating battery stats
09-01 21:14:22.711  1513  1625 W ActivityManager: Slow operation: 638ms so far, now at startProcess: building log message
09-01 21:14:22.711  1513  1625 I ActivityManager: Start proc 22602:com.android.chrome:sandboxed_process0:org.chromium.content.app.SandboxedProcessService0:40/u0ai40 for  {com.android.chrome/org.chromium.content.app.SandboxedProcessService0:40}
09-01 21:14:22.711  1513  1625 W ActivityManager: Slow operation: 638ms so far, now at startProcess: starting to update pids map
09-01 21:14:22.711  1513  1625 W ActivityManager: Slow operation: 638ms so far, now at startProcess: done updating pids map
09-01 21:14:22.711  1513  1625 W ActivityManager: Slow operation: 611ms so far, now at startProcess: asking zygote to start proc
09-01 21:14:22.712  1513  1625 D CompatibilityChangeReporter: Compat change id reported: 143937733; UID 10220; state: ENABLED
09-01 21:14:22.714 22500 22500 I LoadedApk: No resource references to update in package com.google.android.trichromelibrary
09-01 21:14:22.714 22500 22500 D NetworkSecurityConfig: Using Network Security Config from resource 0_resource_name_obfuscated debugBuild: false
09-01 21:14:22.715 22500 22500 D NetworkSecurityConfig: Using Network Security Config from resource 0_resource_name_obfuscated debugBuild: false
09-01 21:14:22.717 22500 22500 I cr_SplitCompatApp: Launched version=107.0.5304.91 minSdkVersion=29 isBundle=true processName=com.android.chrome:sandboxed_process0:org.chromium.content.app.SandboxedProcessService0:37 isIsolated=true
09-01 21:14:22.719 22602 22602 E libc    : SetHeapTaggingLevel: re-enabling tagging after it was disabled is not supported
09-01 21:14:22.727 22521 22521 W SystemServiceRegistry: No service published for: uimode
09-01 21:14:22.731 22521 22521 I cr_ChildProcessService: Creating new ChildProcessService pid=22521
09-01 21:14:22.732 22454 22454 W SystemServiceRegistry: No service published for: uimode
09-01 21:14:22.733 22602 22602 E cessService0:4: Not starting debugger since process cannot load the jdwp agent.
09-01 21:14:22.743 22566 22566 I LoadedApk: No resource references to update in package com.google.android.trichromelibrary
09-01 21:14:22.743 22566 22566 D NetworkSecurityConfig: Using Network Security Config from resource 0_resource_name_obfuscated debugBuild: false
09-01 21:14:22.744 22566 22566 D NetworkSecurityConfig: Using Network Security Config from resource 0_resource_name_obfuscated debugBuild: false
09-01 21:14:22.746 22454 22454 I cr_ChildProcessService: Creating new ChildProcessService pid=22454
09-01 21:14:22.749 22521 22563 I cr_LibraryLoader: Using ModernLinker
09-01 21:14:22.751 22521 22563 W linker  : Warning: "/data/app/~~_KLlx60MH8CoecPTjMKp8g==/com.android.chrome-kw9RHYrlHKb9bPXi8OTClw==/base.apk!/lib/arm64-v8a/libchromium_android_linker.so" unused DT entry: unknown processor-specific (type 0x70000001 arg 0x0) (ignoring)
09-01 21:14:22.753 21406 21406 D Zygote  : Forked child process 22635
09-01 21:14:22.754 22566 22566 I cr_SplitCompatApp: Launched version=107.0.5304.91 minSdkVersion=29 isBundle=true processName=com.android.chrome:sandboxed_process0:org.chromium.content.app.SandboxedProcessService0:39 isIsolated=true
09-01 21:14:22.755  1513  1625 W ActivityManager: Slow operation: 655ms so far, now at startProcess: returned from zygote!
09-01 21:14:22.757  1513  4617 D CompatibilityChangeReporter: Compat change id reported: 136274596; UID 10220; state: ENABLED
09-01 21:14:22.758 22635 22635 E libc    : SetHeapTaggingLevel: re-enabling tagging after it was disabled is not supported
09-01 21:14:22.760  1513  1625 W ActivityManager: Slow operation: 659ms so far, now at startProcess: done updating battery stats
09-01 21:14:22.760  1513  1625 W ActivityManager: Slow operation: 659ms so far, now at startProcess: building log message
09-01 21:14:22.760  1513  1625 I ActivityManager: Start proc 22635:com.android.chrome:sandboxed_process0:org.chromium.content.app.SandboxedProcessService0:41/u0ai41 for  {com.android.chrome/org.chromium.content.app.SandboxedProcessService0:41}
09-01 21:14:22.760  1513  1625 W ActivityManager: Slow operation: 659ms so far, now at startProcess: starting to update pids map
09-01 21:14:22.760  1513  1625 W ActivityManager: Slow operation: 659ms so far, now at startProcess: done updating pids map
09-01 21:14:22.760  1513  1625 W ActivityManager: Slow operation: 626ms so far, now at startProcess: asking zygote to start proc
09-01 21:14:22.760  1513  1625 D CompatibilityChangeReporter: Compat change id reported: 143937733; UID 10220; state: ENABLED
09-01 21:14:22.765 22454 22577 I cr_LibraryLoader: Using ModernLinker
09-01 21:14:22.767 22454 22577 W linker  : Warning: "/data/app/~~_KLlx60MH8CoecPTjMKp8g==/com.android.chrome-kw9RHYrlHKb9bPXi8OTClw==/base.apk!/lib/arm64-v8a/libchromium_android_linker.so" unused DT entry: unknown processor-specific (type 0x70000001 arg 0x0) (ignoring)
09-01 21:14:22.768 22454 22577 E cr_ChromiumAndroidLinker: ReserveAddressWithHint: Address range starting at 0x7a37609000 was not free to use
09-01 21:14:22.768 22500 22500 W SystemServiceRegistry: No service published for: uimode
09-01 21:14:22.769 22635 22635 E cessService0:4: Not starting debugger since process cannot load the jdwp agent.
09-01 21:14:22.773 22500 22500 I cr_ChildProcessService: Creating new ChildProcessService pid=22500
09-01 21:14:22.776 22454 22634 I cr_LibraryLoader: Successfully loaded native library
09-01 21:14:22.778 22454 22634 I cr_CachingUmaRecorder: Flushed 3 samples from 3 histograms.
09-01 21:14:22.782 22521 22625 I cr_LibraryLoader: Successfully loaded native library
09-01 21:14:22.783 22521 22625 I cr_CachingUmaRecorder: Flushed 3 samples from 3 histograms.
09-01 21:14:22.786 22500 22550 I cr_LibraryLoader: Using ModernLinker
09-01 21:14:22.788 22500 22550 W linker  : Warning: "/data/app/~~_KLlx60MH8CoecPTjMKp8g==/com.android.chrome-kw9RHYrlHKb9bPXi8OTClw==/base.apk!/lib/arm64-v8a/libchromium_android_linker.so" unused DT entry: unknown processor-specific (type 0x70000001 arg 0x0) (ignoring)
09-01 21:14:22.790 22566 22566 W SystemServiceRegistry: No service published for: uimode
09-01 21:14:22.790  1513  4617 D CompatibilityChangeReporter: Compat change id reported: 136274596; UID 10220; state: ENABLED
09-01 21:14:22.795 22566 22566 I cr_ChildProcessService: Creating new ChildProcessService pid=22566
09-01 21:14:22.795 21406 21406 D Zygote  : Forked child process 22659
09-01 21:14:22.797  1513  1625 W ActivityManager: Slow operation: 662ms so far, now at startProcess: returned from zygote!
09-01 21:14:22.797  1513  1625 W ActivityManager: Slow operation: 663ms so far, now at startProcess: done updating battery stats
09-01 21:14:22.797  1513  1625 W ActivityManager: Slow operation: 663ms so far, now at startProcess: building log message
09-01 21:14:22.797  1513  1625 I ActivityManager: Start proc 22659:com.android.chrome:sandboxed_process0:org.chromium.content.app.SandboxedProcessService0:42/u0ai42 for  {com.android.chrome/org.chromium.content.app.SandboxedProcessService0:42}
09-01 21:14:22.797  1513  1625 W ActivityManager: Slow operation: 663ms so far, now at startProcess: starting to update pids map
09-01 21:14:22.797  1513  1625 W ActivityManager: Slow operation: 663ms so far, now at startProcess: done updating pids map
09-01 21:14:22.797  1513  1625 W ActivityManager: Slow operation: 634ms so far, now at startProcess: asking zygote to start proc
09-01 21:14:22.798  1513  1625 D CompatibilityChangeReporter: Compat change id reported: 143937733; UID 10220; state: ENABLED
09-01 21:14:22.799 22500 22655 I cr_LibraryLoader: Successfully loaded native library
09-01 21:14:22.800 22500 22655 I cr_CachingUmaRecorder: Flushed 3 samples from 3 histograms.
09-01 21:14:22.802 22566 22601 I cr_LibraryLoader: Using ModernLinker
09-01 21:14:22.804 22566 22601 W linker  : Warning: "/data/app/~~_KLlx60MH8CoecPTjMKp8g==/com.android.chrome-kw9RHYrlHKb9bPXi8OTClw==/base.apk!/lib/arm64-v8a/libchromium_android_linker.so" unused DT entry: unknown processor-specific (type 0x70000001 arg 0x0) (ignoring)
09-01 21:14:22.807 22659 22659 E libc    : SetHeapTaggingLevel: re-enabling tagging after it was disabled is not supported
09-01 21:14:22.811 22659 22659 E cessService0:4: Not starting debugger since process cannot load the jdwp agent.
09-01 21:14:22.813 22566 22660 I cr_LibraryLoader: Successfully loaded native library
09-01 21:14:22.815 22566 22660 I cr_CachingUmaRecorder: Flushed 3 samples from 3 histograms.
09-01 21:14:22.820 21406 21406 D Zygote  : Forked child process 22682
09-01 21:14:22.820 22602 22602 I LoadedApk: No resource references to update in package com.google.android.trichromelibrary
09-01 21:14:22.820 22602 22602 D NetworkSecurityConfig: Using Network Security Config from resource 0_resource_name_obfuscated debugBuild: false
09-01 21:14:22.821 22602 22602 D NetworkSecurityConfig: Using Network Security Config from resource 0_resource_name_obfuscated debugBuild: false
09-01 21:14:22.822 22682 22682 E libc    : SetHeapTaggingLevel: re-enabling tagging after it was disabled is not supported
09-01 21:14:22.823 22602 22602 I cr_SplitCompatApp: Launched version=107.0.5304.91 minSdkVersion=29 isBundle=true processName=com.android.chrome:sandboxed_process0:org.chromium.content.app.SandboxedProcessService0:40 isIsolated=true
09-01 21:14:22.823  1513  1625 W ActivityManager: Slow operation: 660ms so far, now at startProcess: returned from zygote!
09-01 21:14:22.824  1513  1625 W ActivityManager: Slow operation: 660ms so far, now at startProcess: done updating battery stats
09-01 21:14:22.824  1513  1625 W ActivityManager: Slow operation: 660ms so far, now at startProcess: building log message
09-01 21:14:22.824  1513  1625 I ActivityManager: Start proc 22682:com.android.chrome:sandboxed_process0:org.chromium.content.app.SandboxedProcessService0:43/u0ai43 for  {com.android.chrome/org.chromium.content.app.SandboxedProcessService0:43}
09-01 21:14:22.824  1513  1625 W ActivityManager: Slow operation: 660ms so far, now at startProcess: starting to update pids map
09-01 21:14:22.824  1513  1625 W ActivityManager: Slow operation: 660ms so far, now at startProcess: done updating pids map
09-01 21:14:22.824  1513  1625 W ActivityManager: Slow operation: 622ms so far, now at startProcess: asking zygote to start proc
09-01 21:14:22.827 22635 22635 I LoadedApk: No resource references to update in package com.google.android.trichromelibrary
09-01 21:14:22.827 22635 22635 D NetworkSecurityConfig: Using Network Security Config from resource 0_resource_name_obfuscated debugBuild: false
09-01 21:14:22.828 22635 22635 D NetworkSecurityConfig: Using Network Security Config from resource 0_resource_name_obfuscated debugBuild: false
09-01 21:14:22.829 22635 22635 I cr_SplitCompatApp: Launched version=107.0.5304.91 minSdkVersion=29 isBundle=true processName=com.android.chrome:sandboxed_process0:org.chromium.content.app.SandboxedProcessService0:41 isIsolated=true
09-01 21:14:22.829 22682 22682 E cessService0:4: Not starting debugger since process cannot load the jdwp agent.
09-01 21:14:22.836 22602 22602 W SystemServiceRegistry: No service published for: uimode
09-01 21:14:22.840 22635 22635 W SystemServiceRegistry: No service published for: uimode
09-01 21:14:22.841 22602 22602 I cr_ChildProcessService: Creating new ChildProcessService pid=22602
09-01 21:14:22.845 22602 22642 I cr_LibraryLoader: Using ModernLinker
09-01 21:14:22.846 22602 22642 W linker  : Warning: "/data/app/~~_KLlx60MH8CoecPTjMKp8g==/com.android.chrome-kw9RHYrlHKb9bPXi8OTClw==/base.apk!/lib/arm64-v8a/libchromium_android_linker.so" unused DT entry: unknown processor-specific (type 0x70000001 arg 0x0) (ignoring)
09-01 21:14:22.847 22635 22635 I cr_ChildProcessService: Creating new ChildProcessService pid=22635
09-01 21:14:22.850  1513  4617 D CompatibilityChangeReporter: Compat change id reported: 136274596; UID 10220; state: ENABLED
09-01 21:14:22.855  1513  3246 D CompatibilityChangeReporter: Compat change id reported: 136274596; UID 10220; state: ENABLED
09-01 21:14:22.856 22602 22718 I cr_LibraryLoader: Successfully loaded native library
09-01 21:14:22.856 21406 21406 D Zygote  : Forked child process 22724
09-01 21:14:22.857 22602 22718 I cr_CachingUmaRecorder: Flushed 3 samples from 3 histograms.
09-01 21:14:22.858  1513  1625 W ActivityManager: Slow operation: 657ms so far, now at startProcess: returned from zygote!
09-01 21:14:22.860  1513  1625 W ActivityManager: Slow operation: 659ms so far, now at startProcess: done updating battery stats
09-01 21:14:22.860  1513  1625 W ActivityManager: Slow operation: 659ms so far, now at startProcess: building log message
09-01 21:14:22.860  1513  1625 I ActivityManager: Start proc 22724:com.android.chrome:sandboxed_process0:org.chromium.content.app.SandboxedProcessService0:44/u0ai44 for  {com.android.chrome/org.chromium.content.app.SandboxedProcessService0:44}
09-01 21:14:22.860  1513  1625 W ActivityManager: Slow operation: 659ms so far, now at startProcess: starting to update pids map
09-01 21:14:22.860 22724 22724 E libc    : SetHeapTaggingLevel: re-enabling tagging after it was disabled is not supported
09-01 21:14:22.861  1513  1625 W ActivityManager: Slow operation: 659ms so far, now at startProcess: done updating pids map
09-01 21:14:22.861  1513  1625 W ActivityManager: Slow operation: 617ms so far, now at startProcess: asking zygote to start proc
09-01 21:14:22.861  1513  1625 D CompatibilityChangeReporter: Compat change id reported: 143937733; UID 10220; state: ENABLED
09-01 21:14:22.864 22724 22724 E cessService0:4: Not starting debugger since process cannot load the jdwp agent.
09-01 21:14:22.866 22635 22656 I cr_LibraryLoader: Using ModernLinker
09-01 21:14:22.867 22635 22656 W linker  : Warning: "/data/app/~~_KLlx60MH8CoecPTjMKp8g==/com.android.chrome-kw9RHYrlHKb9bPXi8OTClw==/base.apk!/lib/arm64-v8a/libchromium_android_linker.so" unused DT entry: unknown processor-specific (type 0x70000001 arg 0x0) (ignoring)
09-01 21:14:22.875  1513  3246 D CompatibilityChangeReporter: Compat change id reported: 136274596; UID 10220; state: ENABLED
09-01 21:14:22.886 22659 22659 I LoadedApk: No resource references to update in package com.google.android.trichromelibrary
09-01 21:14:22.886 22659 22659 D NetworkSecurityConfig: Using Network Security Config from resource 0_resource_name_obfuscated debugBuild: false
09-01 21:14:22.889 22659 22659 D NetworkSecurityConfig: Using Network Security Config from resource 0_resource_name_obfuscated debugBuild: false
09-01 21:14:22.892 22635 22720 I cr_LibraryLoader: Successfully loaded native library
09-01 21:14:22.895 22659 22659 I cr_SplitCompatApp: Launched version=107.0.5304.91 minSdkVersion=29 isBundle=true processName=com.android.chrome:sandboxed_process0:org.chromium.content.app.SandboxedProcessService0:42 isIsolated=true
09-01 21:14:22.901 22635 22720 I cr_CachingUmaRecorder: Flushed 3 samples from 3 histograms.
09-01 21:14:22.907 21406 21406 D Zygote  : Forked child process 22756
09-01 21:14:22.912  1513  1625 W ActivityManager: Slow operation: 669ms so far, now at startProcess: returned from zygote!
09-01 21:14:22.912  1513  1625 W ActivityManager: Slow operation: 669ms so far, now at startProcess: done updating battery stats
09-01 21:14:22.912  1513  1625 W ActivityManager: Slow operation: 669ms so far, now at startProcess: building log message
09-01 21:14:22.912  1513  1625 I ActivityManager: Start proc 22756:com.android.chrome:sandboxed_process0:org.chromium.content.app.SandboxedProcessService0:45/u0ai45 for  {com.android.chrome/org.chromium.content.app.SandboxedProcessService0:45}
09-01 21:14:22.912  1513  1625 W ActivityManager: Slow operation: 669ms so far, now at startProcess: starting to update pids map
09-01 21:14:22.913  1513  1625 W ActivityManager: Slow operation: 669ms so far, now at startProcess: done updating pids map
09-01 21:14:22.917 22682 22682 I LoadedApk: No resource references to update in package com.google.android.trichromelibrary
09-01 21:14:22.917 22682 22682 D NetworkSecurityConfig: Using Network Security Config from resource 0_resource_name_obfuscated debugBuild: false
09-01 21:14:22.917 22659 22659 W SystemServiceRegistry: No service published for: uimode
09-01 21:14:22.917 22724 22724 I LoadedApk: No resource references to update in package com.google.android.trichromelibrary
09-01 21:14:22.918 22724 22724 D NetworkSecurityConfig: Using Network Security Config from resource 0_resource_name_obfuscated debugBuild: false
09-01 21:14:22.918 22682 22682 D NetworkSecurityConfig: Using Network Security Config from resource 0_resource_name_obfuscated debugBuild: false
09-01 21:14:22.919 22724 22724 D NetworkSecurityConfig: Using Network Security Config from resource 0_resource_name_obfuscated debugBuild: false
09-01 21:14:22.920 22682 22682 I cr_SplitCompatApp: Launched version=107.0.5304.91 minSdkVersion=29 isBundle=true processName=com.android.chrome:sandboxed_process0:org.chromium.content.app.SandboxedProcessService0:43 isIsolated=true
09-01 21:14:22.920 22724 22724 I cr_SplitCompatApp: Launched version=107.0.5304.91 minSdkVersion=29 isBundle=true processName=com.android.chrome:sandboxed_process0:org.chromium.content.app.SandboxedProcessService0:44 isIsolated=true
09-01 21:14:22.922 22659 22659 I cr_ChildProcessService: Creating new ChildProcessService pid=22659
09-01 21:14:22.929 22756 22756 E libc    : SetHeapTaggingLevel: re-enabling tagging after it was disabled is not supported
09-01 21:14:22.932 22659 22725 I cr_LibraryLoader: Using ModernLinker
09-01 21:14:22.933 22682 22682 W SystemServiceRegistry: No service published for: uimode
09-01 21:14:22.933 22659 22725 W linker  : Warning: "/data/app/~~_KLlx60MH8CoecPTjMKp8g==/com.android.chrome-kw9RHYrlHKb9bPXi8OTClw==/base.apk!/lib/arm64-v8a/libchromium_android_linker.so" unused DT entry: unknown processor-specific (type 0x70000001 arg 0x0) (ignoring)
09-01 21:14:22.934 22659 22725 E cr_ChromiumAndroidLinker: ReserveAddressWithHint: Address range starting at 0x7a37609000 was not free to use
09-01 21:14:22.936 22756 22756 E cessService0:4: Not starting debugger since process cannot load the jdwp agent.
09-01 21:14:22.939 22682 22682 I cr_ChildProcessService: Creating new ChildProcessService pid=22682
09-01 21:14:22.945 22682 22723 I cr_LibraryLoader: Using ModernLinker
09-01 21:14:22.945 22659 22766 I cr_LibraryLoader: Successfully loaded native library
09-01 21:14:22.946 22659 22766 I cr_CachingUmaRecorder: Flushed 3 samples from 3 histograms.
09-01 21:14:22.947 22724 22724 W SystemServiceRegistry: No service published for: uimode
09-01 21:14:22.947 22682 22723 W linker  : Warning: "/data/app/~~_KLlx60MH8CoecPTjMKp8g==/com.android.chrome-kw9RHYrlHKb9bPXi8OTClw==/base.apk!/lib/arm64-v8a/libchromium_android_linker.so" unused DT entry: unknown processor-specific (type 0x70000001 arg 0x0) (ignoring)
