09-01 21:15:51.006 23798 23798 I cr_ChildProcessService: Creating new ChildProcessService pid=23798
09-01 21:15:51.018 23249 23249 E cr_IntentUtils: getBooleanExtra failed on intent null
09-01 21:15:51.018 23249 23249 E cr_IntentUtils: getBooleanExtra failed on intent null
09-01 21:15:51.020 23300 23300 D Zygote  : Forked child process 23870
09-01 21:15:51.021  1513  1625 W ActivityManager: Slow operation: 301ms so far, now at startProcess: returned from zygote!
09-01 21:15:51.021  1513  1625 W ActivityManager: Slow operation: 301ms so far, now at startProcess: done updating battery stats
09-01 21:15:51.021  1513  1625 W ActivityManager: Slow operation: 301ms so far, now at startProcess: building log message
09-01 21:15:51.021  1513  1625 I ActivityManager: Start proc 23870:com.android.chrome:sandboxed_process0:org.chromium.content.app.SandboxedProcessService0:18/u0ai18 for  {com.android.chrome/org.chromium.content.app.SandboxedProcessService0:18}
09-01 21:15:51.021  1513  1625 W ActivityManager: Slow operation: 301ms so far, now at startProcess: starting to update pids map
09-01 21:15:51.021  1513  1625 W ActivityManager: Slow operation: 301ms so far, now at startProcess: done updating pids map
09-01 21:15:51.021  1513  1625 W ActivityManager: Slow operation: 280ms so far, now at startProcess: asking zygote to start proc
09-01 21:15:51.023 23870 23870 E libc    : SetHeapTaggingLevel: re-enabling tagging after it was disabled is not supported
09-01 21:15:51.023 23249 23249 I cr_tabmodel: #isIncognitoTabBeingRestored from tabDetails:  false
09-01 21:15:51.023 23249 23249 I cr_tabmodel: #isIncognitoTabBeingRestored from tabDetails:  false
09-01 21:15:51.024 23249 23249 W cr_tabmodel: Failed to restore TabState; creating Tab with last known URL.
09-01 21:15:51.032 23870 23870 E cessService0:1: Not starting debugger since process cannot load the jdwp agent.
09-01 21:15:51.040 23798 23830 I cr_LibraryLoader: Using ModernLinker
09-01 21:15:51.042  1513  1536 D CompatibilityChangeReporter: Compat change id reported: 136274596; UID 10220; state: ENABLED
09-01 21:15:51.042 23798 23830 W linker  : Warning: "/data/app/~~_KLlx60MH8CoecPTjMKp8g==/com.android.chrome-kw9RHYrlHKb9bPXi8OTClw==/base.apk!/lib/arm64-v8a/libchromium_android_linker.so" unused DT entry: unknown processor-specific (type 0x70000001 arg 0x0) (ignoring)
09-01 21:15:51.043 23249 23249 E cr_IntentUtils: getBooleanExtra failed on intent null
09-01 21:15:51.043 23249 23249 E cr_IntentUtils: getBooleanExtra failed on intent null
09-01 21:15:51.050 23249 23249 I cr_tabmodel: #isIncognitoTabBeingRestored from tabDetails:  false
09-01 21:15:51.050 23249 23249 I cr_tabmodel: #isIncognitoTabBeingRestored from tabDetails:  false
09-01 21:15:51.050 23249 23249 W cr_tabmodel: Failed to restore TabState; creating Tab with last known URL.
09-01 21:15:51.056 23798 23830 E cr_ChromiumAndroidLinker: ReserveAddressWithHint: Address range starting at 0x7a38698000 was not free to use
09-01 21:15:51.065 23798 23867 I cr_LibraryLoader: Successfully loaded native library
09-01 21:15:51.067 23798 23867 I cr_CachingUmaRecorder: Flushed 3 samples from 3 histograms.
09-01 21:15:51.070  1513  7910 D CompatibilityChangeReporter: Compat change id reported: 135634846; UID 10220; state: DISABLED
09-01 21:15:51.070  1513  7910 D CompatibilityChangeReporter: Compat change id reported: 135754954; UID 10220; state: ENABLED
09-01 21:15:51.072 23300 23300 D Zygote  : Forked child process 23894
09-01 21:15:51.074  1513  1625 W ActivityManager: Slow operation: 332ms so far, now at startProcess: returned from zygote!
09-01 21:15:51.074  1513  1625 W ActivityManager: Slow operation: 332ms so far, now at startProcess: done updating battery stats
09-01 21:15:51.074  1513  1625 W ActivityManager: Slow operation: 333ms so far, now at startProcess: building log message
09-01 21:15:51.074  1513  1625 I ActivityManager: Start proc 23894:com.android.chrome:sandboxed_process0:org.chromium.content.app.SandboxedProcessService0:19/u0ai19 for  {com.android.chrome/org.chromium.content.app.SandboxedProcessService0:19}
09-01 21:15:51.074  1513  1625 W ActivityManager: Slow operation: 333ms so far, now at startProcess: starting to update pids map
09-01 21:15:51.075  1513  1625 W ActivityManager: Slow operation: 334ms so far, now at startProcess: done updating pids map
09-01 21:15:51.075  1513  1625 W ActivityManager: Slow operation: 287ms so far, now at startProcess: asking zygote to start proc
09-01 21:15:51.075  1513  1625 D CompatibilityChangeReporter: Compat change id reported: 143937733; UID 10220; state: ENABLED
09-01 21:15:51.084  1513  7910 D CompatibilityChangeReporter: Compat change id reported: 136274596; UID 10220; state: ENABLED
09-01 21:15:51.084 23249 23249 E cr_IntentUtils: getBooleanExtra failed on intent null
09-01 21:15:51.084 23249 23249 E cr_IntentUtils: getBooleanExtra failed on intent null
09-01 21:15:51.087 23894 23894 E libc    : SetHeapTaggingLevel: re-enabling tagging after it was disabled is not supported
09-01 21:15:51.094 23249 23249 I cr_tabmodel: #isIncognitoTabBeingRestored from tabDetails:  false
09-01 21:15:51.094 23249 23249 I cr_tabmodel: #isIncognitoTabBeingRestored from tabDetails:  false
09-01 21:15:51.094 23249 23249 W cr_tabmodel: Failed to restore TabState; creating Tab with last known URL.
09-01 21:15:51.107  1513  1536 D CompatibilityChangeReporter: Compat change id reported: 135634846; UID 10220; state: DISABLED
09-01 21:15:51.107  1513  1536 D CompatibilityChangeReporter: Compat change id reported: 135754954; UID 10220; state: ENABLED
09-01 21:15:51.109 23249 23249 E cr_IntentUtils: getBooleanExtra failed on intent null
09-01 21:15:51.109 23249 23249 E cr_IntentUtils: getBooleanExtra failed on intent null
09-01 21:15:51.115 23300 23300 D Zygote  : Forked child process 23916
09-01 21:15:51.117  1513  1625 W ActivityManager: Slow operation: 329ms so far, now at startProcess: returned from zygote!
09-01 21:15:51.117  1513  1625 W ActivityManager: Slow operation: 329ms so far, now at startProcess: done updating battery stats
09-01 21:15:51.117  1513  1625 W ActivityManager: Slow operation: 329ms so far, now at startProcess: building log message
09-01 21:15:51.117  1513  1625 I ActivityManager: Start proc 23916:com.android.chrome:sandboxed_process0:org.chromium.content.app.SandboxedProcessService0:20/u0ai20 for  {com.android.chrome/org.chromium.content.app.SandboxedProcessService0:20}
09-01 21:15:51.117  1513  1625 W ActivityManager: Slow operation: 329ms so far, now at startProcess: starting to update pids map
09-01 21:15:51.118  1513  1625 W ActivityManager: Slow operation: 329ms so far, now at startProcess: done updating pids map
09-01 21:15:51.118  1513  1625 W ActivityManager: Slow operation: 294ms so far, now at startProcess: asking zygote to start proc
09-01 21:15:51.118  1513  1625 D CompatibilityChangeReporter: Compat change id reported: 143937733; UID 10220; state: ENABLED
09-01 21:15:51.120 23870 23870 I LoadedApk: No resource references to update in package com.google.android.trichromelibrary
09-01 21:15:51.121 23870 23870 D NetworkSecurityConfig: Using Network Security Config from resource 0_resource_name_obfuscated debugBuild: false
09-01 21:15:51.121 23894 23894 E cessService0:1: Not starting debugger since process cannot load the jdwp agent.
09-01 21:15:51.122 23249 23249 I cr_tabmodel: #isIncognitoTabBeingRestored from tabDetails:  false
09-01 21:15:51.122 23249 23249 I cr_tabmodel: #isIncognitoTabBeingRestored from tabDetails:  false
09-01 21:15:51.122 23249 23249 W cr_tabmodel: Failed to restore TabState; creating Tab with last known URL.
09-01 21:15:51.123 23870 23870 D NetworkSecurityConfig: Using Network Security Config from resource 0_resource_name_obfuscated debugBuild: false
09-01 21:15:51.126 23841 23841 I LoadedApk: No resource references to update in package com.google.android.trichromelibrary
09-01 21:15:51.126 23841 23841 D NetworkSecurityConfig: Using Network Security Config from resource 0_resource_name_obfuscated debugBuild: false
09-01 21:15:51.127 23841 23841 D NetworkSecurityConfig: Using Network Security Config from resource 0_resource_name_obfuscated debugBuild: false
09-01 21:15:51.129 23841 23841 I cr_SplitCompatApp: Launched version=107.0.5304.91 minSdkVersion=29 isBundle=true processName=com.android.chrome:sandboxed_process0:org.chromium.content.app.SandboxedProcessService0:17 isIsolated=true
09-01 21:15:51.131 23870 23870 I cr_SplitCompatApp: Launched version=107.0.5304.91 minSdkVersion=29 isBundle=true processName=com.android.chrome:sandboxed_process0:org.chromium.content.app.SandboxedProcessService0:18 isIsolated=true
09-01 21:15:51.134 23249 23249 E cr_IntentUtils: getBooleanExtra failed on intent null
09-01 21:15:51.134 23249 23249 E cr_IntentUtils: getBooleanExtra failed on intent null
09-01 21:15:51.137  1513  3233 D CompatibilityChangeReporter: Compat change id reported: 136274596; UID 10220; state: ENABLED
09-01 21:15:51.140 23916 23916 E libc    : SetHeapTaggingLevel: re-enabling tagging after it was disabled is not supported
09-01 21:15:51.142 23249 23249 I cr_tabmodel: #isIncognitoTabBeingRestored from tabDetails:  false
09-01 21:15:51.142 23249 23249 I cr_tabmodel: #isIncognitoTabBeingRestored from tabDetails:  false
09-01 21:15:51.142 23249 23249 W cr_tabmodel: Failed to restore TabState; creating Tab with last known URL.
09-01 21:15:51.147 23841 23841 W SystemServiceRegistry: No service published for: uimode
09-01 21:15:51.149 23870 23870 W SystemServiceRegistry: No service published for: uimode
09-01 21:15:51.149 23916 23916 E cessService0:2: Not starting debugger since process cannot load the jdwp agent.
09-01 21:15:51.153 23841 23841 I cr_ChildProcessService: Creating new ChildProcessService pid=23841
09-01 21:15:51.155 23870 23870 I cr_ChildProcessService: Creating new ChildProcessService pid=23870
09-01 21:15:51.155 23249 23249 E cr_IntentUtils: getBooleanExtra failed on intent null
09-01 21:15:51.155 23249 23249 E cr_IntentUtils: getBooleanExtra failed on intent null
09-01 21:15:51.160 23249 23249 I cr_tabmodel: #isIncognitoTabBeingRestored from tabDetails:  false
09-01 21:15:51.161 23249 23249 I cr_tabmodel: #isIncognitoTabBeingRestored from tabDetails:  false
09-01 21:15:51.161 23249 23249 W cr_tabmodel: Failed to restore TabState; creating Tab with last known URL.
09-01 21:15:51.162 23300 23300 D Zygote  : Forked child process 23941
09-01 21:15:51.164  1513  1625 W ActivityManager: Slow operation: 341ms so far, now at startProcess: returned from zygote!
09-01 21:15:51.164  1513  1625 W ActivityManager: Slow operation: 341ms so far, now at startProcess: done updating battery stats
09-01 21:15:51.164  1513  1625 W ActivityManager: Slow operation: 341ms so far, now at startProcess: building log message
09-01 21:15:51.164  1513  1625 I ActivityManager: Start proc 23941:com.android.chrome:sandboxed_process0:org.chromium.content.app.SandboxedProcessService0:21/u0ai21 for  {com.android.chrome/org.chromium.content.app.SandboxedProcessService0:21}
09-01 21:15:51.164  1513  1625 W ActivityManager: Slow operation: 341ms so far, now at startProcess: starting to update pids map
09-01 21:15:51.165  1513  1625 W ActivityManager: Slow operation: 341ms so far, now at startProcess: done updating pids map
09-01 21:15:51.165  1513  1625 W ActivityManager: Slow operation: 314ms so far, now at startProcess: asking zygote to start proc
09-01 21:15:51.165  1513  1625 D CompatibilityChangeReporter: Compat change id reported: 143937733; UID 10220; state: ENABLED
09-01 21:15:51.166  1513  3233 D CompatibilityChangeReporter: Compat change id reported: 135634846; UID 10220; state: DISABLED
09-01 21:15:51.167  1513  3233 D CompatibilityChangeReporter: Compat change id reported: 135754954; UID 10220; state: ENABLED
09-01 21:15:51.170 23941 23941 E libc    : SetHeapTaggingLevel: re-enabling tagging after it was disabled is not supported
09-01 21:15:51.173 23249 23249 E cr_IntentUtils: getBooleanExtra failed on intent null
09-01 21:15:51.173 23249 23249 E cr_IntentUtils: getBooleanExtra failed on intent null
09-01 21:15:51.176  1513  7910 D CompatibilityChangeReporter: Compat change id reported: 136274596; UID 10220; state: ENABLED
09-01 21:15:51.179 23249 23249 I cr_tabmodel: #isIncognitoTabBeingRestored from tabDetails:  false
09-01 21:15:51.179 23249 23249 I cr_tabmodel: #isIncognitoTabBeingRestored from tabDetails:  false
09-01 21:15:51.179 23249 23249 W cr_tabmodel: Failed to restore TabState; creating Tab with last known URL.
09-01 21:15:51.180  1513  3232 D CompatibilityChangeReporter: Compat change id reported: 135634846; UID 10220; state: DISABLED
09-01 21:15:51.180  1513  3232 D CompatibilityChangeReporter: Compat change id reported: 135754954; UID 10220; state: ENABLED
09-01 21:15:51.181 23894 23894 I LoadedApk: No resource references to update in package com.google.android.trichromelibrary
09-01 21:15:51.181 23894 23894 D NetworkSecurityConfig: Using Network Security Config from resource 0_resource_name_obfuscated debugBuild: false
09-01 21:15:51.182 23894 23894 D NetworkSecurityConfig: Using Network Security Config from resource 0_resource_name_obfuscated debugBuild: false
09-01 21:15:51.184 23894 23894 I cr_SplitCompatApp: Launched version=107.0.5304.91 minSdkVersion=29 isBundle=true processName=com.android.chrome:sandboxed_process0:org.chromium.content.app.SandboxedProcessService0:19 isIsolated=true
09-01 21:15:51.187 23941 23941 E cessService0:2: Not starting debugger since process cannot load the jdwp agent.
09-01 21:15:51.192 23249 23249 E cr_IntentUtils: getBooleanExtra failed on intent null
09-01 21:15:51.192 23249 23249 E cr_IntentUtils: getBooleanExtra failed on intent null
09-01 21:15:51.197 23249 23249 I cr_tabmodel: #isIncognitoTabBeingRestored from tabDetails:  false
09-01 21:15:51.197 23249 23249 I cr_tabmodel: #isIncognitoTabBeingRestored from tabDetails:  false
09-01 21:15:51.198 23249 23249 W cr_tabmodel: Failed to restore TabState; creating Tab with last known URL.
09-01 21:15:51.210 23249 23249 E cr_IntentUtils: getBooleanExtra failed on intent null
09-01 21:15:51.210 23249 23249 E cr_IntentUtils: getBooleanExtra failed on intent null
09-01 21:15:51.214 23249 23249 I cr_tabmodel: #isIncognitoTabBeingRestored from tabDetails:  false
09-01 21:15:51.214 23249 23249 I cr_tabmodel: #isIncognitoTabBeingRestored from tabDetails:  false
09-01 21:15:51.214 23249 23249 W cr_tabmodel: Failed to restore TabState; creating Tab with last known URL.
09-01 21:15:51.216  1513  2262 D CompatibilityChangeReporter: Compat change id reported: 136274596; UID 10220; state: ENABLED
09-01 21:15:51.218 23894 23894 W SystemServiceRegistry: No service published for: uimode
09-01 21:15:51.219 23916 23916 I LoadedApk: No resource references to update in package com.google.android.trichromelibrary
09-01 21:15:51.219 23916 23916 D NetworkSecurityConfig: Using Network Security Config from resource 0_resource_name_obfuscated debugBuild: false
09-01 21:15:51.220 23916 23916 D NetworkSecurityConfig: Using Network Security Config from resource 0_resource_name_obfuscated debugBuild: false
09-01 21:15:51.226 23249 23249 E cr_IntentUtils: getBooleanExtra failed on intent null
09-01 21:15:51.227 23249 23249 E cr_IntentUtils: getBooleanExtra failed on intent null
09-01 21:15:51.229 23916 23916 I cr_SplitCompatApp: Launched version=107.0.5304.91 minSdkVersion=29 isBundle=true processName=com.android.chrome:sandboxed_process0:org.chromium.content.app.SandboxedProcessService0:20 isIsolated=true
09-01 21:15:51.230 23300 23300 D Zygote  : Forked child process 23966
09-01 21:15:51.230  1513  3232 D CompatibilityChangeReporter: Compat change id reported: 135634846; UID 10220; state: DISABLED
09-01 21:15:51.230  1513  3232 D CompatibilityChangeReporter: Compat change id reported: 135754954; UID 10220; state: ENABLED
09-01 21:15:51.232 23249 23249 I cr_tabmodel: #isIncognitoTabBeingRestored from tabDetails:  false
09-01 21:15:51.232 23249 23249 I cr_tabmodel: #isIncognitoTabBeingRestored from tabDetails:  false
09-01 21:15:51.232 23249 23249 W cr_tabmodel: Failed to restore TabState; creating Tab with last known URL.
09-01 21:15:51.233  1513  1625 W ActivityManager: Slow operation: 383ms so far, now at startProcess: returned from zygote!
09-01 21:15:51.233  1513  1625 W ActivityManager: Slow operation: 383ms so far, now at startProcess: done updating battery stats
09-01 21:15:51.234  1513  1625 W ActivityManager: Slow operation: 383ms so far, now at startProcess: building log message
09-01 21:15:51.234  1513  1625 I ActivityManager: Start proc 23966:com.android.chrome:sandboxed_process0:org.chromium.content.app.SandboxedProcessService0:22/u0ai22 for  {com.android.chrome/org.chromium.content.app.SandboxedProcessService0:22}
09-01 21:15:51.234  1513  1625 W ActivityManager: Slow operation: 383ms so far, now at startProcess: starting to update pids map
09-01 21:15:51.234  1513  1625 W ActivityManager: Slow operation: 384ms so far, now at startProcess: done updating pids map
09-01 21:15:51.234  1513  1625 W ActivityManager: Slow operation: 346ms so far, now at startProcess: asking zygote to start proc
09-01 21:15:51.235  1513  1625 D CompatibilityChangeReporter: Compat change id reported: 143937733; UID 10220; state: ENABLED
09-01 21:15:51.238 23841 23903 I cr_LibraryLoader: Using ModernLinker
09-01 21:15:51.239 23894 23894 I cr_ChildProcessService: Creating new ChildProcessService pid=23894
09-01 21:15:51.239 23841 23903 W linker  : Warning: "/data/app/~~_KLlx60MH8CoecPTjMKp8g==/com.android.chrome-kw9RHYrlHKb9bPXi8OTClw==/base.apk!/lib/arm64-v8a/libchromium_android_linker.so" unused DT entry: unknown processor-specific (type 0x70000001 arg 0x0) (ignoring)
09-01 21:15:51.239 23841 23903 E cr_ChromiumAndroidLinker: ReserveAddressWithHint: Address range starting at 0x7a38698000 was not free to use
09-01 21:15:51.240 23870 23890 I cr_LibraryLoader: Using ModernLinker
09-01 21:15:51.243 23841 23935 I cr_LibraryLoader: Successfully loaded native library
09-01 21:15:51.243 23870 23890 W linker  : Warning: "/data/app/~~_KLlx60MH8CoecPTjMKp8g==/com.android.chrome-kw9RHYrlHKb9bPXi8OTClw==/base.apk!/lib/arm64-v8a/libchromium_android_linker.so" unused DT entry: unknown processor-specific (type 0x70000001 arg 0x0) (ignoring)
09-01 21:15:51.243 23841 23935 I cr_CachingUmaRecorder: Flushed 3 samples from 3 histograms.
09-01 21:15:51.249 23894 23928 I cr_LibraryLoader: Using ModernLinker
09-01 21:15:51.249 23966 23966 E libc    : SetHeapTaggingLevel: re-enabling tagging after it was disabled is not supported
09-01 21:15:51.251 23894 23928 W linker  : Warning: "/data/app/~~_KLlx60MH8CoecPTjMKp8g==/com.android.chrome-kw9RHYrlHKb9bPXi8OTClw==/base.apk!/lib/arm64-v8a/libchromium_android_linker.so" unused DT entry: unknown processor-specific (type 0x70000001 arg 0x0) (ignoring)
09-01 21:15:51.252 23894 23928 E cr_ChromiumAndroidLinker: ReserveAddressWithHint: Address range starting at 0x7a38698000 was not free to use
09-01 21:15:51.252 23870 23890 E cr_ChromiumAndroidLinker: ReserveAddressWithHint: Address range starting at 0x7a38698000 was not free to use
09-01 21:15:51.254 23916 23916 W SystemServiceRegistry: No service published for: uimode
09-01 21:15:51.255 23966 23966 E cessService0:2: Not starting debugger since process cannot load the jdwp agent.
09-01 21:15:51.261 23916 23916 I cr_ChildProcessService: Creating new ChildProcessService pid=23916
09-01 21:15:51.265 23249 23249 E cr_IntentUtils: getBooleanExtra failed on intent null
09-01 21:15:51.265 23249 23249 E cr_IntentUtils: getBooleanExtra failed on intent null
09-01 21:15:51.268 23941 23941 I LoadedApk: No resource references to update in package com.google.android.trichromelibrary
09-01 21:15:51.269 23941 23941 D NetworkSecurityConfig: Using Network Security Config from resource 0_resource_name_obfuscated debugBuild: false
09-01 21:15:51.270 23941 23941 D NetworkSecurityConfig: Using Network Security Config from resource 0_resource_name_obfuscated debugBuild: false
09-01 21:15:51.271 23916 23950 I cr_LibraryLoader: Using ModernLinker
09-01 21:15:51.272 23941 23941 I cr_SplitCompatApp: Launched version=107.0.5304.91 minSdkVersion=29 isBundle=true processName=com.android.chrome:sandboxed_process0:org.chromium.content.app.SandboxedProcessService0:21 isIsolated=true
09-01 21:15:51.272 23249 23249 I cr_tabmodel: #isIncognitoTabBeingRestored from tabDetails:  false
09-01 21:15:51.272 23249 23249 I cr_tabmodel: #isIncognitoTabBeingRestored from tabDetails:  false
09-01 21:15:51.272 23249 23249 W cr_tabmodel: Failed to restore TabState; creating Tab with last known URL.
09-01 21:15:51.274 23870 23940 I cr_LibraryLoader: Successfully loaded native library
09-01 21:15:51.275 23870 23940 I cr_CachingUmaRecorder: Flushed 3 samples from 3 histograms.
09-01 21:15:51.280 23894 23971 I cr_LibraryLoader: Successfully loaded native library
09-01 21:15:51.280 23916 23950 W linker  : Warning: "/data/app/~~_KLlx60MH8CoecPTjMKp8g==/com.android.chrome-kw9RHYrlHKb9bPXi8OTClw==/base.apk!/lib/arm64-v8a/libchromium_android_linker.so" unused DT entry: unknown processor-specific (type 0x70000001 arg 0x0) (ignoring)
09-01 21:15:51.281  1513  3232 D CompatibilityChangeReporter: Compat change id reported: 136274596; UID 10220; state: ENABLED
09-01 21:15:51.281 23916 23950 E cr_ChromiumAndroidLinker: ReserveAddressWithHint: Address range starting at 0x7a38698000 was not free to use
09-01 21:15:51.282 23894 23971 I cr_CachingUmaRecorder: Flushed 3 samples from 3 histograms.
09-01 21:15:51.286 23916 23984 I cr_LibraryLoader: Successfully loaded native library
09-01 21:15:51.287 23916 23984 I cr_CachingUmaRecorder: Flushed 3 samples from 3 histograms.
09-01 21:15:51.289  1513  2262 D CompatibilityChangeReporter: Compat change id reported: 135634846; UID 10220; state: DISABLED
09-01 21:15:51.289  1513  2262 D CompatibilityChangeReporter: Compat change id reported: 135754954; UID 10220; state: ENABLED
09-01 21:15:51.293 23249 23249 E cr_IntentUtils: getBooleanExtra failed on intent null
09-01 21:15:51.293 23249 23249 E cr_IntentUtils: getBooleanExtra failed on intent null
09-01 21:15:51.296 23300 23300 D Zygote  : Forked child process 23997
09-01 21:15:51.297 23249 23249 I cr_tabmodel: #isIncognitoTabBeingRestored from tabDetails:  false
09-01 21:15:51.297 23249 23249 I cr_tabmodel: #isIncognitoTabBeingRestored from tabDetails:  false
09-01 21:15:51.297 23249 23249 W cr_tabmodel: Failed to restore TabState; creating Tab with last known URL.
09-01 21:15:51.300 23941 23941 W SystemServiceRegistry: No service published for: uimode
09-01 21:15:51.301 23997 23997 E libc    : SetHeapTaggingLevel: re-enabling tagging after it was disabled is not supported
09-01 21:15:51.303  1513  1625 W ActivityManager: Slow operation: 415ms so far, now at startProcess: returned from zygote!
09-01 21:15:51.303  1513  1625 W ActivityManager: Slow operation: 415ms so far, now at startProcess: done updating battery stats
09-01 21:15:51.303  1513  1625 W ActivityManager: Slow operation: 415ms so far, now at startProcess: building log message
09-01 21:15:51.303  1513  1625 I ActivityManager: Start proc 23997:com.android.chrome:sandboxed_process0:org.chromium.content.app.SandboxedProcessService0:23/u0ai23 for  {com.android.chrome/org.chromium.content.app.SandboxedProcessService0:23}
09-01 21:15:51.303  1513  1625 W ActivityManager: Slow operation: 415ms so far, now at startProcess: starting to update pids map
09-01 21:15:51.304  1513  1625 W ActivityManager: Slow operation: 415ms so far, now at startProcess: done updating pids map
09-01 21:15:51.304  1513  1625 W ActivityManager: Slow operation: 389ms so far, now at startProcess: asking zygote to start proc
09-01 21:15:51.304  1513  1625 D CompatibilityChangeReporter: Compat change id reported: 143937733; UID 10220; state: ENABLED
09-01 21:15:51.318 23941 23941 I cr_ChildProcessService: Creating new ChildProcessService pid=23941
09-01 21:15:51.318 23997 23997 E cessService0:2: Not starting debugger since process cannot load the jdwp agent.
09-01 21:15:51.318 23249 23249 E cr_IntentUtils: getBooleanExtra failed on intent null
09-01 21:15:51.318 23249 23249 E cr_IntentUtils: getBooleanExtra failed on intent null
09-01 21:15:51.328 23966 23966 I LoadedApk: No resource references to update in package com.google.android.trichromelibrary
09-01 21:15:51.329 23966 23966 D NetworkSecurityConfig: Using Network Security Config from resource 0_resource_name_obfuscated debugBuild: false
09-01 21:15:51.330 23966 23966 D NetworkSecurityConfig: Using Network Security Config from resource 0_resource_name_obfuscated debugBuild: false
09-01 21:15:51.332 23966 23966 I cr_SplitCompatApp: Launched version=107.0.5304.91 minSdkVersion=29 isBundle=true processName=com.android.chrome:sandboxed_process0:org.chromium.content.app.SandboxedProcessService0:22 isIsolated=true
09-01 21:15:51.334 23249 23249 I cr_tabmodel: #isIncognitoTabBeingRestored from tabDetails:  false
09-01 21:15:51.335 23249 23249 I cr_tabmodel: #isIncognitoTabBeingRestored from tabDetails:  false
09-01 21:15:51.335 23249 23249 W cr_tabmodel: Failed to restore TabState; creating Tab with last known URL.
09-01 21:15:51.339 23941 23965 I cr_LibraryLoader: Using ModernLinker
09-01 21:15:51.340 23941 23965 W linker  : Warning: "/data/app/~~_KLlx60MH8CoecPTjMKp8g==/com.android.chrome-kw9RHYrlHKb9bPXi8OTClw==/base.apk!/lib/arm64-v8a/libchromium_android_linker.so" unused DT entry: unknown processor-specific (type 0x70000001 arg 0x0) (ignoring)
09-01 21:15:51.340 23941 23965 E cr_ChromiumAndroidLinker: ReserveAddressWithHint: Address range starting at 0x7a38698000 was not free to use
09-01 21:15:51.344 23966 23966 W SystemServiceRegistry: No service published for: uimode
09-01 21:15:51.351 23300 23300 D Zygote  : Forked child process 24033
09-01 21:15:51.351 23966 23966 I cr_ChildProcessService: Creating new ChildProcessService pid=23966
09-01 21:15:51.351 23249 23249 E cr_IntentUtils: getBooleanExtra failed on intent null
09-01 21:15:51.351 23249 23249 E cr_IntentUtils: getBooleanExtra failed on intent null
09-01 21:15:51.353 23941 24024 I cr_LibraryLoader: Successfully loaded native library
09-01 21:15:51.354 23941 24024 I cr_CachingUmaRecorder: Flushed 3 samples from 3 histograms.
09-01 21:15:51.356 23249 23249 I cr_tabmodel: #isIncognitoTabBeingRestored from tabDetails:  false
09-01 21:15:51.356 23249 23249 I cr_tabmodel: #isIncognitoTabBeingRestored from tabDetails:  false
09-01 21:15:51.356 23249 23249 W cr_tabmodel: Failed to restore TabState; creating Tab with last known URL.
09-01 21:15:51.357 24033 24033 E libc    : SetHeapTaggingLevel: re-enabling tagging after it was disabled is not supported
09-01 21:15:51.368 23249 23249 E cr_IntentUtils: getBooleanExtra failed on intent null
09-01 21:15:51.368 23249 23249 E cr_IntentUtils: getBooleanExtra failed on intent null
09-01 21:15:51.373 23249 23249 I cr_tabmodel: #isIncognitoTabBeingRestored from tabDetails:  false
09-01 21:15:51.374 23249 23249 I cr_tabmodel: #isIncognitoTabBeingRestored from tabDetails:  false
09-01 21:15:51.374 23249 23249 W cr_tabmodel: Failed to restore TabState; creating Tab with last known URL.
09-01 21:15:51.374  1513  1536 D CompatibilityChangeReporter: Compat change id reported: 136274596; UID 10220; state: ENABLED
09-01 21:15:51.376  1513  1625 W ActivityManager: Slow operation: 462ms so far, now at startProcess: returned from zygote!
09-01 21:15:51.379  1513  1625 W ActivityManager: Slow operation: 464ms so far, now at startProcess: done updating battery stats
09-01 21:15:51.379  1513  1625 W ActivityManager: Slow operation: 464ms so far, now at startProcess: building log message
09-01 21:15:51.379  1513  1625 I ActivityManager: Start proc 24033:com.android.chrome:sandboxed_process0:org.chromium.content.app.SandboxedProcessService0:24/u0ai24 for  {com.android.chrome/org.chromium.content.app.SandboxedProcessService0:24}
09-01 21:15:51.379  1513  1625 W ActivityManager: Slow operation: 464ms so far, now at startProcess: starting to update pids map
09-01 21:15:51.380  1513  1625 W ActivityManager: Slow operation: 466ms so far, now at startProcess: done updating pids map
09-01 21:15:51.380  1513  1625 W ActivityManager: Slow operation: 430ms so far, now at startProcess: asking zygote to start proc
09-01 21:15:51.381  1513  1625 D CompatibilityChangeReporter: Compat change id reported: 143937733; UID 10220; state: ENABLED
09-01 21:15:51.383 24033 24033 E cessService0:2: Not starting debugger since process cannot load the jdwp agent.
09-01 21:15:51.384 23249 23249 E cr_IntentUtils: getBooleanExtra failed on intent null
09-01 21:15:51.384 23249 23249 E cr_IntentUtils: getBooleanExtra failed on intent null
09-01 21:15:51.385  1513  3240 D CompatibilityChangeReporter: Compat change id reported: 135634846; UID 10220; state: DISABLED
09-01 21:15:51.386  1513  3240 D CompatibilityChangeReporter: Compat change id reported: 135754954; UID 10220; state: ENABLED
09-01 21:15:51.389 23249 23249 I cr_tabmodel: #isIncognitoTabBeingRestored from tabDetails:  false
09-01 21:15:51.389 23249 23249 I cr_tabmodel: #isIncognitoTabBeingRestored from tabDetails:  false
09-01 21:15:51.389 23249 23249 W cr_tabmodel: Failed to restore TabState; creating Tab with last known URL.
09-01 21:15:51.399 23966 23994 I cr_LibraryLoader: Using ModernLinker
09-01 21:15:51.401 23249 23249 E cr_IntentUtils: getBooleanExtra failed on intent null
09-01 21:15:51.401 23249 23249 E cr_IntentUtils: getBooleanExtra failed on intent null
09-01 21:15:51.401 23966 23994 W linker  : Warning: "/data/app/~~_KLlx60MH8CoecPTjMKp8g==/com.android.chrome-kw9RHYrlHKb9bPXi8OTClw==/base.apk!/lib/arm64-v8a/libchromium_android_linker.so" unused DT entry: unknown processor-specific (type 0x70000001 arg 0x0) (ignoring)
09-01 21:15:51.402 23966 23994 E cr_ChromiumAndroidLinker: ReserveAddressWithHint: Address range starting at 0x7a38698000 was not free to use
09-01 21:15:51.406 23249 23249 I cr_tabmodel: #isIncognitoTabBeingRestored from tabDetails:  false
09-01 21:15:51.406 23249 23249 I cr_tabmodel: #isIncognitoTabBeingRestored from tabDetails:  false
09-01 21:15:51.406 23249 23249 W cr_tabmodel: Failed to restore TabState; creating Tab with last known URL.
09-01 21:15:51.419 23249 23249 E cr_IntentUtils: getBooleanExtra failed on intent null
09-01 21:15:51.419 23249 23249 E cr_IntentUtils: getBooleanExtra failed on intent null
09-01 21:15:51.419 23997 23997 I LoadedApk: No resource references to update in package com.google.android.trichromelibrary
09-01 21:15:51.420 23997 23997 D NetworkSecurityConfig: Using Network Security Config from resource 0_resource_name_obfuscated debugBuild: false
09-01 21:15:51.421 23966 24035 I cr_LibraryLoader: Successfully loaded native library
09-01 21:15:51.422 23966 24035 I cr_CachingUmaRecorder: Flushed 3 samples from 3 histograms.
09-01 21:15:51.423 23249 23249 I cr_tabmodel: #isIncognitoTabBeingRestored from tabDetails:  false
09-01 21:15:51.423 23249 23249 I cr_tabmodel: #isIncognitoTabBeingRestored from tabDetails:  false
09-01 21:15:51.423 23249 23249 W cr_tabmodel: Failed to restore TabState; creating Tab with last known URL.
09-01 21:15:51.424 23300 23300 D Zygote  : Forked child process 24068
09-01 21:15:51.428  1513  1625 W ActivityManager: Slow operation: 478ms so far, now at startProcess: returned from zygote!
09-01 21:15:51.428 23997 23997 D NetworkSecurityConfig: Using Network Security Config from resource 0_resource_name_obfuscated debugBuild: false
09-01 21:15:51.430 23997 23997 I cr_SplitCompatApp: Launched version=107.0.5304.91 minSdkVersion=29 isBundle=true processName=com.android.chrome:sandboxed_process0:org.chromium.content.app.SandboxedProcessService0:23 isIsolated=true
09-01 21:15:51.430  1513  3232 D CompatibilityChangeReporter: Compat change id reported: 136274596; UID 10220; state: ENABLED
09-01 21:15:51.432  1513  1625 W ActivityManager: Slow operation: 482ms so far, now at startProcess: done updating battery stats
09-01 21:15:51.432  1513  1625 W ActivityManager: Slow operation: 482ms so far, now at startProcess: building log message
09-01 21:15:51.432  1513  1625 I ActivityManager: Start proc 24068:com.android.chrome:sandboxed_process0:org.chromium.content.app.SandboxedProcessService0:25/u0ai25 for  {com.android.chrome/org.chromium.content.app.SandboxedProcessService0:25}
09-01 21:15:51.432  1513  1625 W ActivityManager: Slow operation: 482ms so far, now at startProcess: starting to update pids map
09-01 21:15:51.432  1513  1625 W ActivityManager: Slow operation: 482ms so far, now at startProcess: done updating pids map
09-01 21:15:51.432  1513  1625 W ActivityManager: Slow operation: 446ms so far, now at startProcess: asking zygote to start proc
09-01 21:15:51.432  1513  1625 D CompatibilityChangeReporter: Compat change id reported: 143937733; UID 10220; state: ENABLED
09-01 21:15:51.434 23249 23249 E cr_IntentUtils: getBooleanExtra failed on intent null
09-01 21:15:51.434 23249 23249 E cr_IntentUtils: getBooleanExtra failed on intent null
09-01 21:15:51.435  1513  7910 D CompatibilityChangeReporter: Compat change id reported: 135634846; UID 10220; state: DISABLED
09-01 21:15:51.436  1513  7910 D CompatibilityChangeReporter: Compat change id reported: 135754954; UID 10220; state: ENABLED
09-01 21:15:51.439 24068 24068 E libc    : SetHeapTaggingLevel: re-enabling tagging after it was disabled is not supported
09-01 21:15:51.445 23997 23997 W SystemServiceRegistry: No service published for: uimode
09-01 21:15:51.464 23249 23249 I cr_tabmodel: #isIncognitoTabBeingRestored from tabDetails:  false
09-01 21:15:51.464 23249 23249 I cr_tabmodel: #isIncognitoTabBeingRestored from tabDetails:  false
09-01 21:15:51.464 23249 23249 W cr_tabmodel: Failed to restore TabState; creating Tab with last known URL.
09-01 21:15:51.468 23300 23300 D Zygote  : Forked child process 24087
09-01 21:15:51.469 23997 23997 I cr_ChildProcessService: Creating new ChildProcessService pid=23997
09-01 21:15:51.470  1513  1625 W ActivityManager: Slow operation: 483ms so far, now at startProcess: returned from zygote!
09-01 21:15:51.471 24087 24087 E libc    : SetHeapTaggingLevel: re-enabling tagging after it was disabled is not supported
09-01 21:15:51.472  1513  1625 W ActivityManager: Slow operation: 486ms so far, now at startProcess: done updating battery stats
09-01 21:15:51.472  1513  1625 W ActivityManager: Slow operation: 486ms so far, now at startProcess: building log message
09-01 21:15:51.472  1513  1625 I ActivityManager: Start proc 24087:com.android.chrome:sandboxed_process0:org.chromium.content.app.SandboxedProcessService0:26/u0ai26 for  {com.android.chrome/org.chromium.content.app.SandboxedProcessService0:26}
09-01 21:15:51.472  1513  1625 W ActivityManager: Slow operation: 486ms so far, now at startProcess: starting to update pids map
09-01 21:15:51.472 24068 24068 E cessService0:2: Not starting debugger since process cannot load the jdwp agent.
09-01 21:15:51.472  1513  1625 W ActivityManager: Slow operation: 486ms so far, now at startProcess: done updating pids map
09-01 21:15:51.472  1513  1625 W ActivityManager: Slow operation: 440ms so far, now at startProcess: asking zygote to start proc
09-01 21:15:51.481 23997 24049 I cr_LibraryLoader: Using ModernLinker
09-01 21:15:51.482 24033 24033 I LoadedApk: No resource references to update in package com.google.android.trichromelibrary
09-01 21:15:51.483 24033 24033 D NetworkSecurityConfig: Using Network Security Config from resource 0_resource_name_obfuscated debugBuild: false
09-01 21:15:51.483 23997 24049 W linker  : Warning: "/data/app/~~_KLlx60MH8CoecPTjMKp8g==/com.android.chrome-kw9RHYrlHKb9bPXi8OTClw==/base.apk!/lib/arm64-v8a/libchromium_android_linker.so" unused DT entry: unknown processor-specific (type 0x70000001 arg 0x0) (ignoring)
09-01 21:15:51.484 24033 24033 D NetworkSecurityConfig: Using Network Security Config from resource 0_resource_name_obfuscated debugBuild: false
09-01 21:15:51.485 23997 24049 E cr_ChromiumAndroidLinker: ReserveAddressWithHint: Address range starting at 0x7a38698000 was not free to use
09-01 21:15:51.485 24033 24033 I cr_SplitCompatApp: Launched version=107.0.5304.91 minSdkVersion=29 isBundle=true processName=com.android.chrome:sandboxed_process0:org.chromium.content.app.SandboxedProcessService0:24 isIsolated=true
09-01 21:15:51.487 23249 23249 E cr_IntentUtils: getBooleanExtra failed on intent null
09-01 21:15:51.487 23249 23249 E cr_IntentUtils: getBooleanExtra failed on intent null
09-01 21:15:51.488 24087 24087 E cessService0:2: Not starting debugger since process cannot load the jdwp agent.
09-01 21:15:51.497 23997 24094 I cr_LibraryLoader: Successfully loaded native library
09-01 21:15:51.497  1513  7910 D CompatibilityChangeReporter: Compat change id reported: 136274596; UID 10220; state: ENABLED
09-01 21:15:51.499 23997 24094 I cr_CachingUmaRecorder: Flushed 3 samples from 3 histograms.
09-01 21:15:51.501 23300 23300 D Zygote  : Forked child process 24114
09-01 21:15:51.502  1513  1625 W ActivityManager: Slow operation: 470ms so far, now at startProcess: returned from zygote!
09-01 21:15:51.503  1513  1625 W ActivityManager: Slow operation: 470ms so far, now at startProcess: done updating battery stats
09-01 21:15:51.503  1513  1625 W ActivityManager: Slow operation: 470ms so far, now at startProcess: building log message
09-01 21:15:51.503  1513  1625 I ActivityManager: Start proc 24114:com.android.chrome:sandboxed_process0:org.chromium.content.app.SandboxedProcessService0:27/u0ai27 for  {com.android.chrome/org.chromium.content.app.SandboxedProcessService0:27}
09-01 21:15:51.503  1513  1625 W ActivityManager: Slow operation: 471ms so far, now at startProcess: starting to update pids map
09-01 21:15:51.503  1513  1625 W ActivityManager: Slow operation: 471ms so far, now at startProcess: done updating pids map
09-01 21:15:51.503  1513  1625 W ActivityManager: Slow operation: 467ms so far, now at startProcess: asking zygote to start proc
09-01 21:15:51.503 24114 24114 E libc    : SetHeapTaggingLevel: re-enabling tagging after it was disabled is not supported
09-01 21:15:51.503  1513  1625 D CompatibilityChangeReporter: Compat change id reported: 143937733; UID 10220; state: ENABLED
09-01 21:15:51.509 23249 23249 I cr_tabmodel: Loaded tab lists; counts: 68,0
09-01 21:15:51.520 24033 24033 W SystemServiceRegistry: No service published for: uimode
09-01 21:15:51.523  1513  3232 D CompatibilityChangeReporter: Compat change id reported: 136274596; UID 10220; state: ENABLED
09-01 21:15:51.529 24033 24033 I cr_ChildProcessService: Creating new ChildProcessService pid=24033
09-01 21:15:51.541 24033 24073 I cr_LibraryLoader: Using ModernLinker
09-01 21:15:51.544 24114 24114 E cessService0:2: Not starting debugger since process cannot load the jdwp agent.
09-01 21:15:51.544 24033 24073 W linker  : Warning: "/data/app/~~_KLlx60MH8CoecPTjMKp8g==/com.android.chrome-kw9RHYrlHKb9bPXi8OTClw==/base.apk!/lib/arm64-v8a/libchromium_android_linker.so" unused DT entry: unknown processor-specific (type 0x70000001 arg 0x0) (ignoring)
09-01 21:15:51.548 24033 24073 E cr_ChromiumAndroidLinker: ReserveAddressWithHint: Address range starting at 0x7a38698000 was not free to use
09-01 21:15:51.548 23300 23300 D Zygote  : Forked child process 24134
09-01 21:15:51.549  1513  1625 W ActivityManager: Slow operation: 513ms so far, now at startProcess: returned from zygote!
09-01 21:15:51.549  1513  1625 W ActivityManager: Slow operation: 513ms so far, now at startProcess: done updating battery stats
09-01 21:15:51.549  1513  1625 W ActivityManager: Slow operation: 513ms so far, now at startProcess: building log message
09-01 21:15:51.549  1513  1625 I ActivityManager: Start proc 24134:com.android.chrome:sandboxed_process0:org.chromium.content.app.SandboxedProcessService0:28/u0ai28 for  {com.android.chrome/org.chromium.content.app.SandboxedProcessService0:28}
09-01 21:15:51.549  1513  1625 W ActivityManager: Slow operation: 513ms so far, now at startProcess: starting to update pids map
09-01 21:15:51.549  1513  1625 W ActivityManager: Slow operation: 513ms so far, now at startProcess: done updating pids map
09-01 21:15:51.549  1513  1625 W ActivityManager: Slow operation: 479ms so far, now at startProcess: asking zygote to start proc
09-01 21:15:51.549  1513  1625 D CompatibilityChangeReporter: Compat change id reported: 143937733; UID 10220; state: ENABLED
09-01 21:15:51.554 24134 24134 E libc    : SetHeapTaggingLevel: re-enabling tagging after it was disabled is not supported
09-01 21:15:51.559 24033 24127 I cr_LibraryLoader: Successfully loaded native library
09-01 21:15:51.560 24033 24127 I cr_CachingUmaRecorder: Flushed 3 samples from 3 histograms.
09-01 21:15:51.561 24134 24134 E cessService0:2: Not starting debugger since process cannot load the jdwp agent.
09-01 21:15:51.578  1513  7910 D CompatibilityChangeReporter: Compat change id reported: 136274596; UID 10220; state: ENABLED
09-01 21:15:51.579 23300 23300 D Zygote  : Forked child process 24160
09-01 21:15:51.581  1513  1625 W ActivityManager: Slow operation: 511ms so far, now at startProcess: returned from zygote!
09-01 21:15:51.582  1513  1625 W ActivityManager: Slow operation: 511ms so far, now at startProcess: done updating battery stats
09-01 21:15:51.582  1513  1625 W ActivityManager: Slow operation: 511ms so far, now at startProcess: building log message
09-01 21:15:51.582  1513  1625 I ActivityManager: Start proc 24160:com.android.chrome:sandboxed_process0:org.chromium.content.app.SandboxedProcessService0:29/u0ai29 for  {com.android.chrome/org.chromium.content.app.SandboxedProcessService0:29}
09-01 21:15:51.582  1513  1625 W ActivityManager: Slow operation: 512ms so far, now at startProcess: starting to update pids map
09-01 21:15:51.582  1513  1625 W ActivityManager: Slow operation: 512ms so far, now at startProcess: done updating pids map
09-01 21:15:51.582  1513  1625 W ActivityManager: Slow operation: 476ms so far, now at startProcess: asking zygote to start proc
09-01 21:15:51.582  1513  1625 D CompatibilityChangeReporter: Compat change id reported: 143937733; UID 10220; state: ENABLED
09-01 21:15:51.586 23249 23261 I .android.chrom: Background young concurrent copying GC freed 372634(18MB) AllocSpace objects, 55(1996KB) LOS objects, 93% free, 6471KB/102MB, paused 13.310ms total 152.588ms
09-01 21:15:51.590 24160 24160 E libc    : SetHeapTaggingLevel: re-enabling tagging after it was disabled is not supported
09-01 21:15:51.592  1513  3232 D CompatibilityChangeReporter: Compat change id reported: 136274596; UID 10220; state: ENABLED
09-01 21:15:51.602 24160 24160 E cessService0:2: Not starting debugger since process cannot load the jdwp agent.
09-01 21:15:51.603 24068 24068 I LoadedApk: No resource references to update in package com.google.android.trichromelibrary
09-01 21:15:51.603 24068 24068 D NetworkSecurityConfig: Using Network Security Config from resource 0_resource_name_obfuscated debugBuild: false
09-01 21:15:51.604 24068 24068 D NetworkSecurityConfig: Using Network Security Config from resource 0_resource_name_obfuscated debugBuild: false
09-01 21:15:51.605 24068 24068 I cr_SplitCompatApp: Launched version=107.0.5304.91 minSdkVersion=29 isBundle=true processName=com.android.chrome:sandboxed_process0:org.chromium.content.app.SandboxedProcessService0:25 isIsolated=true
09-01 21:15:51.607 24087 24087 I LoadedApk: No resource references to update in package com.google.android.trichromelibrary
09-01 21:15:51.608 24087 24087 D NetworkSecurityConfig: Using Network Security Config from resource 0_resource_name_obfuscated debugBuild: false
09-01 21:15:51.608 24087 24087 D NetworkSecurityConfig: Using Network Security Config from resource 0_resource_name_obfuscated debugBuild: false
09-01 21:15:51.611 24087 24087 I cr_SplitCompatApp: Launched version=107.0.5304.91 minSdkVersion=29 isBundle=true processName=com.android.chrome:sandboxed_process0:org.chromium.content.app.SandboxedProcessService0:26 isIsolated=true
09-01 21:15:51.616 23300 23300 D Zygote  : Forked child process 24187
09-01 21:15:51.617 24187 24187 E libc    : SetHeapTaggingLevel: re-enabling tagging after it was disabled is not supported
09-01 21:15:51.618  1513  7910 D CompatibilityChangeReporter: Compat change id reported: 136274596; UID 10220; state: ENABLED
09-01 21:15:51.620  1513  1625 W ActivityManager: Slow operation: 513ms so far, now at startProcess: returned from zygote!
09-01 21:15:51.625  1513  1625 W ActivityManager: Slow operation: 519ms so far, now at startProcess: done updating battery stats
09-01 21:15:51.625  1513  1625 W ActivityManager: Slow operation: 519ms so far, now at startProcess: building log message
09-01 21:15:51.625  1513  1625 I ActivityManager: Start proc 24187:com.android.chrome:sandboxed_process0:org.chromium.content.app.SandboxedProcessService0:30/u0ai30 for  {com.android.chrome/org.chromium.content.app.SandboxedProcessService0:30}
09-01 21:15:51.625  1513  1625 W ActivityManager: Slow operation: 519ms so far, now at startProcess: starting to update pids map
09-01 21:15:51.626  1513  1625 W ActivityManager: Slow operation: 520ms so far, now at startProcess: done updating pids map
09-01 21:15:51.626  1513  1625 W ActivityManager: Slow operation: 495ms so far, now at startProcess: asking zygote to start proc
09-01 21:15:51.626  1513  1625 D CompatibilityChangeReporter: Compat change id reported: 143937733; UID 10220; state: ENABLED
09-01 21:15:51.626 24087 24087 W SystemServiceRegistry: No service published for: uimode
09-01 21:15:51.627 24068 24068 W SystemServiceRegistry: No service published for: uimode
09-01 21:15:51.627 24134 24134 I LoadedApk: No resource references to update in package com.google.android.trichromelibrary
09-01 21:15:51.627 24134 24134 D NetworkSecurityConfig: Using Network Security Config from resource 0_resource_name_obfuscated debugBuild: false
09-01 21:15:51.628 24134 24134 D NetworkSecurityConfig: Using Network Security Config from resource 0_resource_name_obfuscated debugBuild: false
09-01 21:15:51.628 24068 24068 I cr_ChildProcessService: Creating new ChildProcessService pid=24068
09-01 21:15:51.629 24134 24134 I cr_SplitCompatApp: Launched version=107.0.5304.91 minSdkVersion=29 isBundle=true processName=com.android.chrome:sandboxed_process0:org.chromium.content.app.SandboxedProcessService0:28 isIsolated=true
09-01 21:15:51.632 24087 24087 I cr_ChildProcessService: Creating new ChildProcessService pid=24087
09-01 21:15:51.632 24187 24187 E cessService0:3: Not starting debugger since process cannot load the jdwp agent.
09-01 21:15:51.635 24068 24120 I cr_LibraryLoader: Using ModernLinker
09-01 21:15:51.635 24114 24114 I LoadedApk: No resource references to update in package com.google.android.trichromelibrary
09-01 21:15:51.635 24114 24114 D NetworkSecurityConfig: Using Network Security Config from resource 0_resource_name_obfuscated debugBuild: false
09-01 21:15:51.637 24114 24114 D NetworkSecurityConfig: Using Network Security Config from resource 0_resource_name_obfuscated debugBuild: false
09-01 21:15:51.638 24114 24114 I cr_SplitCompatApp: Launched version=107.0.5304.91 minSdkVersion=29 isBundle=true processName=com.android.chrome:sandboxed_process0:org.chromium.content.app.SandboxedProcessService0:27 isIsolated=true
09-01 21:15:51.639 23300 23300 D Zygote  : Forked child process 24205
09-01 21:15:51.639 24087 24128 I cr_LibraryLoader: Using ModernLinker
09-01 21:15:51.640 24087 24128 W linker  : Warning: "/data/app/~~_KLlx60MH8CoecPTjMKp8g==/com.android.chrome-kw9RHYrlHKb9bPXi8OTClw==/base.apk!/lib/arm64-v8a/libchromium_android_linker.so" unused DT entry: unknown processor-specific (type 0x70000001 arg 0x0) (ignoring)
09-01 21:15:51.641 24068 24120 W linker  : Warning: "/data/app/~~_KLlx60MH8CoecPTjMKp8g==/com.android.chrome-kw9RHYrlHKb9bPXi8OTClw==/base.apk!/lib/arm64-v8a/libchromium_android_linker.so" unused DT entry: unknown processor-specific (type 0x70000001 arg 0x0) (ignoring)
09-01 21:15:51.641 24087 24128 E cr_ChromiumAndroidLinker: ReserveAddressWithHint: Address range starting at 0x7a38698000 was not free to use
09-01 21:15:51.642  1513  1625 W ActivityManager: Slow operation: 511ms so far, now at startProcess: returned from zygote!
09-01 21:15:51.642  1513  1625 W ActivityManager: Slow operation: 511ms so far, now at startProcess: done updating battery stats
09-01 21:15:51.642  1513  1625 W ActivityManager: Slow operation: 511ms so far, now at startProcess: building log message
09-01 21:15:51.642  1513  1625 I ActivityManager: Start proc 24205:com.android.chrome:sandboxed_process0:org.chromium.content.app.SandboxedProcessService0:31/u0ai31 for  {com.android.chrome/org.chromium.content.app.SandboxedProcessService0:31}
09-01 21:15:51.642  1513  1625 W ActivityManager: Slow operation: 511ms so far, now at startProcess: starting to update pids map
09-01 21:15:51.642  1513  1625 W ActivityManager: Slow operation: 511ms so far, now at startProcess: done updating pids map
09-01 21:15:51.642  1513  1625 W ActivityManager: Slow operation: 476ms so far, now at startProcess: asking zygote to start proc
09-01 21:15:51.644 24205 24205 E libc    : SetHeapTaggingLevel: re-enabling tagging after it was disabled is not supported
09-01 21:15:51.650 24160 24160 I LoadedApk: No resource references to update in package com.google.android.trichromelibrary
09-01 21:15:51.650 24160 24160 D NetworkSecurityConfig: Using Network Security Config from resource 0_resource_name_obfuscated debugBuild: false
09-01 21:15:51.650 24160 24160 D NetworkSecurityConfig: Using Network Security Config from resource 0_resource_name_obfuscated debugBuild: false
09-01 21:15:51.651 24160 24160 I cr_SplitCompatApp: Launched version=107.0.5304.91 minSdkVersion=29 isBundle=true processName=com.android.chrome:sandboxed_process0:org.chromium.content.app.SandboxedProcessService0:29 isIsolated=true
