09-01 16:29:54.748  4544  5215 W Ads     : Not retrying to fetch app settings
09-01 16:29:54.750  2816  3590 I FontLog : Received query name=Noto Color Emoji Compat&weight=400&besteffort=false, URI content://com.google.android.gms.fonts [CONTEXT service_id=132 ]
09-01 16:29:54.751  2816  3590 I FontLog : Query [name=Noto Color Emoji Compat&weight=400&besteffort=false] resolved to {Noto Color Emoji Compat, wdth 100.0, wght 400, ital 0.0, bestEffort false} [CONTEXT service_id=132 ]
09-01 16:29:54.751  2816  3590 I FontLog : Fetch {Noto Color Emoji Compat, wdth 100.0, wght 400, ital 0.0, bestEffort false} end status Status{statusCode=SUCCESS, resolution=null} [CONTEXT service_id=132 ]
09-01 16:29:54.755  2816  3590 I FontLog : Pulling font file for id = 645, cache size = 7 [CONTEXT service_id=132 ]
09-01 16:29:54.763  2816  3590 I FontLog : Received query name=Google Sans&weight=400&besteffort=false, URI content://com.google.android.gms.fonts [CONTEXT service_id=132 ]
09-01 16:29:54.763  2816  3590 I FontLog : Query [name=Google Sans&weight=400&besteffort=false] resolved to {Google Sans, wdth 100.0, wght 400, ital 0.0, bestEffort false} [CONTEXT service_id=132 ]
09-01 16:29:54.764  2816  3590 I FontLog : Font PFD returned from cache for {Google Sans, wdth 100.0, wght 400, ital 0.0, bestEffort false} [CONTEXT service_id=132 ]
09-01 16:29:54.764  2816  3590 I FontLog : Fetch {Google Sans, wdth 100.0, wght 400, ital 0.0, bestEffort false} end status Status{statusCode=SUCCESS, resolution=null} [CONTEXT service_id=132 ]
09-01 16:29:54.773  2816  3590 I FontLog : Pulling font file for id = 646, cache size = 8 [CONTEXT service_id=132 ]
09-01 16:29:54.777  2816  3590 I FontLog : Received query name=Google Sans&weight=500&besteffort=false, URI content://com.google.android.gms.fonts [CONTEXT service_id=132 ]
09-01 16:29:54.778  2816  3590 I FontLog : Query [name=Google Sans&weight=500&besteffort=false] resolved to {Google Sans, wdth 100.0, wght 500, ital 0.0, bestEffort false} [CONTEXT service_id=132 ]
09-01 16:29:54.779  2816  3590 I FontLog : Font PFD returned from cache for {Google Sans, wdth 100.0, wght 500, ital 0.0, bestEffort false} [CONTEXT service_id=132 ]
09-01 16:29:54.779  2816  3590 I FontLog : Fetch {Google Sans, wdth 100.0, wght 500, ital 0.0, bestEffort false} end status Status{statusCode=SUCCESS, resolution=null} [CONTEXT service_id=132 ]
09-01 16:29:54.786  2816  3590 I FontLog : Pulling font file for id = 647, cache size = 9 [CONTEXT service_id=132 ]
09-01 16:29:54.790  7733  5134 W SQLiteLog: (28) double-quoted string literal: "1693405794790"
09-01 16:29:54.790  7733  5134 W SQLiteLog: (28) double-quoted string literal: "1"
09-01 16:29:54.800  4739  5225 W VideoCapabilities: Unrecognized level 1879048707 for video/x-vnd.on2.vp8
09-01 16:29:54.800  4739  5225 W VideoCapabilities: Unrecognized profile 1879048704 for video/x-vnd.on2.vp8
09-01 16:29:54.800  4739  5225 W VideoCapabilities: Unrecognized level 1879048707 for video/x-vnd.on2.vp8
09-01 16:29:54.800  4739  5225 W VideoCapabilities: Unrecognized profile 1879048704 for video/x-vnd.on2.vp8
09-01 16:29:54.801  4739  5225 W VideoCapabilities: Unsupported mime image/vnd.android.heic
09-01 16:29:54.801  4739  5225 W VideoCapabilities: Unrecognized level 1879048707 for video/x-vnd.on2.vp8
09-01 16:29:54.801  4739  5225 W VideoCapabilities: Unrecognized profile 1879048704 for video/x-vnd.on2.vp8
09-01 16:29:54.802  4739  5225 W VideoCapabilities: Unrecognized level 1879048707 for video/x-vnd.on2.vp8
09-01 16:29:54.802  4739  5225 W VideoCapabilities: Unrecognized profile 1879048704 for video/x-vnd.on2.vp8
09-01 16:29:54.823  7733  5134 I Ads     : SDK version: afma-sdk-a-v223712999.231700000.1
09-01 16:29:54.824  7733  5134 I Ads     : HTTP timeout: 60000 milliseconds.
09-01 16:29:54.890  1075  1075 W ServiceManager: Permission failure: android.permission.SYSTEM_CAMERA from uid=10261 pid=4544
09-01 16:29:54.890  1075  1075 I chatty  : uid=1047(cameraserver) /system/bin/cameraserver identical 4 lines
09-01 16:29:54.891  1075  1075 W ServiceManager: Permission failure: android.permission.SYSTEM_CAMERA from uid=10261 pid=4544
09-01 16:29:55.013  4544  5215 W DynamiteModule: Local module descriptor class for com.google.android.gms.ads.dynamite not found.
09-01 16:29:55.014  4544  4964 I Ads     : Ad failed to load : 3
09-01 16:29:55.040  2858  2858 I GoogleInputMethodService: GoogleInputMethodService.onFinishInput():3280 
09-01 16:29:55.041  2858  2858 I GoogleInputMethodService: GoogleInputMethodService.updateDeviceLockedStatus():2169 repeatCheckTimes = 0, unlocked = true
09-01 16:29:55.042  2858  2858 I GoogleInputMethodService: GoogleInputMethodService.onStartInput():1960 onStartInput(EditorInfo{inputType=0x0(NULL) imeOptions=0x12000000 privateImeOptions=null actionName=UNSPECIFIED actionLabel=null actionId=0 initialSelStart=-1 initialSelEnd=-1 initialCapsMode=0x0 hintText=null label=null packageName=com.opera.browser fieldId=-1 fieldName=null extras=null}, false)
09-01 16:29:55.042  2858  2858 I GoogleInputMethodService: GoogleInputMethodService.shouldHideHeaderOnInitialState():4081 ShouldHideHeaderOnInitialState = false
09-01 16:29:55.043  2858  2858 I GoogleInputMethodService: GoogleInputMethodService.updateDeviceLockedStatus():2169 repeatCheckTimes = 2, unlocked = true
09-01 16:29:55.051  4544  4992 D DynamitePackage: Instantiating com.google.android.gms.ads.ChimeraAdManagerCreatorImpl
09-01 16:29:55.054  4544  4992 I Ads     : Use RequestConfiguration.Builder().setTestDeviceIds(Arrays.asList("F5DD70ED193BF76896870CF8E1853195")) to get test ads on this device.
09-01 16:29:55.061  4544  5215 W DynamiteModule: Local module descriptor class for com.google.android.gms.ads.dynamite not found.
09-01 16:29:55.065  4544  4544 I Ads     : Ad failed to load : 3
09-01 16:29:55.066  1075  1075 W ServiceManager: Permission failure: android.permission.SYSTEM_CAMERA from uid=10261 pid=4544
09-01 16:29:55.067  1075  1075 I chatty  : uid=1047(cameraserver) /system/bin/cameraserver identical 4 lines
09-01 16:29:55.067  1075  1075 W ServiceManager: Permission failure: android.permission.SYSTEM_CAMERA from uid=10261 pid=4544
09-01 16:29:55.069  4544  5093 W DynamiteModule: Local module descriptor class for com.google.android.gms.ads.dynamite not found.
09-01 16:29:55.069  4544  4956 E Ads     : Couldn't create RTB adapter : 
09-01 16:29:55.069  4544  4956 E Ads     : android.os.RemoteException
09-01 16:29:55.069  4544  4956 E Ads     : 	at khb.z1(Unknown Source:114)
09-01 16:29:55.069  4544  4956 E Ads     : 	at v7b.onTransact(Unknown Source:20)
09-01 16:29:55.069  4544  4956 E Ads     : 	at android.os.Binder.transact(Binder.java:1043)
09-01 16:29:55.069  4544  4956 E Ads     : 	at aet.bd(:com.google.android.gms.policy_ads_fdr_dynamite@223712200@223712200057.473771314.473771314:2)
09-01 16:29:55.069  4544  4956 E Ads     : 	at com.google.android.gms.ads.internal.mediation.client.b.c(:com.google.android.gms.policy_ads_fdr_dynamite@223712200@223712200057.473771314.473771314:1)
09-01 16:29:55.069  4544  4956 E Ads     : 	at com.google.android.gms.ads.nonagon.adapter.e.b(:com.google.android.gms.policy_ads_fdr_dynamite@223712200@223712200057.473771314.473771314:1)
09-01 16:29:55.069  4544  4956 E Ads     : 	at com.google.android.gms.ads.nonagon.signals.ea.a(:com.google.android.gms.policy_ads_fdr_dynamite@223712200@223712200057.473771314.473771314:3)
09-01 16:29:55.069  4544  4956 E Ads     : 	at bpy.a(:com.google.android.gms.policy_ads_fdr_dynamite@223712200@223712200057.473771314.473771314:2)
09-01 16:29:55.069  4544  4956 E Ads     : 	at bph.run(:com.google.android.gms.policy_ads_fdr_dynamite@223712200@223712200057.473771314.473771314:3)
09-01 16:29:55.069  4544  4956 E Ads     : 	at bqa.run(:com.google.android.gms.policy_ads_fdr_dynamite@223712200@223712200057.473771314.473771314:0)
09-01 16:29:55.069  4544  4956 E Ads     : 	at java.util.concurrent.ThreadPoolExecutor.runWorker(ThreadPoolExecutor.java:1167)
09-01 16:29:55.069  4544  4956 E Ads     : 	at java.util.concurrent.ThreadPoolExecutor$Worker.run(ThreadPoolExecutor.java:641)
09-01 16:29:55.069  4544  4956 E Ads     : 	at java.lang.Thread.run(Thread.java:923)
09-01 16:29:55.069  4544  5093 W DynamiteModule: Local module descriptor class for com.google.android.gms.ads.dynamite not found.
09-01 16:29:55.072  4544  5062 W DynamiteModule: Local module descriptor class for com.google.android.gms.ads.dynamite not found.
09-01 16:29:55.076  4544  5068 W Ads     : Not retrying to fetch app settings
09-01 16:29:55.077  4544  5020 W DynamiteModule: Local module descriptor class for com.google.android.gms.ads.dynamite not found.
09-01 16:29:55.080  4544  5020 D DynamitePackage: Instantiating com.google.android.gms.ads.ChimeraAdManagerCreatorImpl
09-01 16:29:55.083  4544  5020 I Ads     : Use RequestConfiguration.Builder().setTestDeviceIds(Arrays.asList("F5DD70ED193BF76896870CF8E1853195")) to get test ads on this device.
09-01 16:29:55.102  4544  5062 W DynamiteModule: Local module descriptor class for com.google.android.gms.ads.dynamite not found.
09-01 16:29:55.103  7733  5135 W SQLiteLog: (28) double-quoted string literal: "1693405795099"
09-01 16:29:55.103  7733  5135 W SQLiteLog: (28) double-quoted string literal: "1"
09-01 16:29:55.103  4544  5062 W DynamiteModule: Local module descriptor class for com.google.android.gms.ads.dynamite not found.
09-01 16:29:55.103  4544  4973 W DynamiteModule: Local module descriptor class for com.google.android.gms.ads.dynamite not found.
09-01 16:29:55.107  4544  4973 W Ads     : Not retrying to fetch app settings
09-01 16:29:55.126  7733  7733 I Ads     : Received log message: <Google:HTML> You are currently using version 223712999.231700000.1 of the SDK, which is out of date. Please consider updating your SDK to the most recent SDK version to get the latest features and bug fixes. The latest SDK can be installed from https://googlemobileadssdk.page.link/android-install-instructions. More information about the SDK deprecation schedule is available at https://developers.google.com/admob/android/deprecation.
09-01 16:29:55.127  7733  5134 W SQLiteLog: (28) double-quoted string literal: "1693405795126"
09-01 16:29:55.127  7733  5134 W SQLiteLog: (28) double-quoted string literal: "1"
09-01 16:29:55.151  7733  7733 I Ads     : Received log message: <Google:HTML> You are currently using version 223712999.231700000.1 of the SDK, which is out of date. Please consider updating your SDK to the most recent SDK version to get the latest features and bug fixes. The latest SDK can be installed from https://googlemobileadssdk.page.link/android-install-instructions. More information about the SDK deprecation schedule is available at https://developers.google.com/admob/android/deprecation.
09-01 16:29:55.154  7733  5137 I Ads     : SDK version: afma-sdk-a-v223712999.231700000.1
09-01 16:29:55.154  7733  5137 I Ads     : HTTP timeout: 60000 milliseconds.
09-01 16:29:55.169  7733 29640 I Ads     : SDK version: afma-sdk-a-v223712999.231700000.1
09-01 16:29:55.170  7733 29640 I Ads     : HTTP timeout: 60000 milliseconds.
09-01 16:29:55.174  5240  5242 I cmd     : oneway function results will be dropped but finished with status OK and parcel size 4
09-01 16:29:55.181  4471  4471 I BatteryMgr:DataCollectionService: onStartCommand: begin
09-01 16:29:55.181  4471  4471 I BatteryMgr:DataCollectionService: onStartCommand: sampleRate => 100
09-01 16:29:55.182  4471  4471 I BatteryMgr:DataCollectionService: onStartCommand: rawFields => Timestamp,BATTERY_PROPERTY_CURRENT_NOW,EXTRA_VOLTAGE
09-01 16:29:55.184  4471  4471 I BatteryMgr:DataCollectionService: onStartCommand: notification done
09-01 16:29:55.187  1513  3245 D CompatibilityChangeReporter: Compat change id reported: 136219221; UID 10260; state: ENABLED
09-01 16:29:55.187  4471  4471 I BatteryMgr:DataCollectionService: started foreground
09-01 16:29:55.201  4471  5244 I BatteryMgr:DataCollectionService: collectData: begin
09-01 16:29:55.203  4471  5244 I BatteryMgr:DataCollectionService: stats => 1693578595203,6103,4419
09-01 16:29:55.228  1075  1075 W ServiceManager: Permission failure: android.permission.SYSTEM_CAMERA from uid=10261 pid=4544
09-01 16:29:55.229  1075  1075 I chatty  : uid=1047(cameraserver) /system/bin/cameraserver identical 4 lines
09-01 16:29:55.229  1075  1075 W ServiceManager: Permission failure: android.permission.SYSTEM_CAMERA from uid=10261 pid=4544
09-01 16:29:55.308  4471  5244 I BatteryMgr:DataCollectionService: stats => 1693578595307,6103,4419
09-01 16:29:55.391  1513  1513 D NotificationService: 0|com.example.batterymanager_utility|1|null|10260: granting content://settings/system/notification_sound
09-01 16:29:55.393  1513  1513 I chatty  : uid=1000(system) Binder:1513_3 identical 3 lines
09-01 16:29:55.393  1513  1513 D NotificationService: 0|com.example.batterymanager_utility|1|null|10260: granting content://settings/system/notification_sound
09-01 16:29:55.394  1513  1513 W NotificationHistory: Attempted to add notif for locked/gone/disabled user 0
09-01 16:29:55.403  2062  2062 D InterruptionStateProvider: No bubble up: not allowed to bubble: 0|com.example.batterymanager_utility|1|null|10260
09-01 16:29:55.404  2062  2062 D InterruptionStateProvider: No heads up: unimportant notification: 0|com.example.batterymanager_utility|1|null|10260
09-01 16:29:55.411  4471  5244 I BatteryMgr:DataCollectionService: stats => 1693578595411,6103,4419
09-01 16:29:55.514  4471  5244 I BatteryMgr:DataCollectionService: stats => 1693578595514,6103,4419
09-01 16:29:55.544  4544  4544 D DynamitePackage: Instantiating com.google.android.gms.ads.ChimeraAdLoaderBuilderCreatorImpl
09-01 16:29:55.547  4544  4992 I Ads     : Use RequestConfiguration.Builder().setTestDeviceIds(Arrays.asList("F5DD70ED193BF76896870CF8E1853195")) to get test ads on this device.
09-01 16:29:55.549  4544  4544 D DynamitePackage: Instantiating com.google.android.gms.ads.ChimeraAdLoaderBuilderCreatorImpl
09-01 16:29:55.558  4544  5061 W DynamiteModule: Local module descriptor class for com.google.android.gms.ads.dynamite not found.
09-01 16:29:55.559  4544  5058 W DynamiteModule: Local module descriptor class for com.google.android.gms.ads.dynamite not found.
09-01 16:29:55.560  4544  5058 W DynamiteModule: Local module descriptor class for com.google.android.gms.ads.dynamite not found.
09-01 16:29:55.564  4544  5058 W Ads     : Not retrying to fetch app settings
09-01 16:29:55.565  4544  4992 I Ads     : Use RequestConfiguration.Builder().setTestDeviceIds(Arrays.asList("F5DD70ED193BF76896870CF8E1853195")) to get test ads on this device.
09-01 16:29:55.574  4544  5068 W DynamiteModule: Local module descriptor class for com.google.android.gms.ads.dynamite not found.
09-01 16:29:55.579  4544  5068 W DynamiteModule: Local module descriptor class for com.google.android.gms.ads.dynamite not found.
09-01 16:29:55.580  4544  4966 W DynamiteModule: Local module descriptor class for com.google.android.gms.ads.dynamite not found.
09-01 16:29:55.580  7733  5130 W SQLiteLog: (28) double-quoted string literal: "1693405795580"
09-01 16:29:55.581  7733  5130 W SQLiteLog: (28) double-quoted string literal: "1"
09-01 16:29:55.583  4544  4956 W Ads     : Not retrying to fetch app settings
09-01 16:29:55.598  7733  5130 W SQLiteLog: (28) double-quoted string literal: "1693405795598"
09-01 16:29:55.598  7733  5130 W SQLiteLog: (28) double-quoted string literal: "1"
09-01 16:29:55.618  4471  5244 I BatteryMgr:DataCollectionService: stats => 1693578595618,6103,4419
09-01 16:29:55.625  7733  5132 I Ads     : SDK version: afma-sdk-a-v223712999.231700000.1
09-01 16:29:55.626  7733  5132 I Ads     : HTTP timeout: 60000 milliseconds.
09-01 16:29:55.639  7733  7733 I Ads     : Received log message: <Google:HTML> You are currently using version 223712999.231700000.1 of the SDK, which is out of date. Please consider updating your SDK to the most recent SDK version to get the latest features and bug fixes. The latest SDK can be installed from https://googlemobileadssdk.page.link/android-install-instructions. More information about the SDK deprecation schedule is available at https://developers.google.com/admob/android/deprecation.
09-01 16:29:55.665  7733  5139 I Ads     : SDK version: afma-sdk-a-v223712999.231700000.1
09-01 16:29:55.666  7733  5139 I Ads     : HTTP timeout: 60000 milliseconds.
09-01 16:29:55.720  4471  5244 I BatteryMgr:DataCollectionService: stats => 1693578595720,6103,4419
09-01 16:29:55.786   901  2806 I sensors-hal: [ssc_utils]get_qmi_debug_flag:244, support_qmi_debug : false
09-01 16:29:55.799   901  2806 I sensors-hal: [ssc_utils]get_qmi_debug_flag:244, support_qmi_debug : false
09-01 16:29:55.805   901  1000 W ASH     : @ 23782.260: Unhandled msg ID 999: line 1277
09-01 16:29:55.805   901  1000 E ASH     : @ 23782.260: No pb callback assigned
09-01 16:29:55.805   901  1000 E ASH     : @ 23782.260: Nanopb error: callback failed:1588
09-01 16:29:55.823  4471  5244 I BatteryMgr:DataCollectionService: stats => 1693578595823,6103,4419
09-01 16:29:55.882   901  2806 I sensors-hal: [ssc_utils]get_qmi_debug_flag:244, support_qmi_debug : false
09-01 16:29:55.893   901  2806 I sensors-hal: [ssc_utils]get_qmi_debug_flag:244, support_qmi_debug : false
09-01 16:29:55.893  4544  5058 W DynamiteModule: Local module descriptor class for com.google.android.gms.ads.dynamite not found.
09-01 16:29:55.896  4544  5020 W DynamiteModule: Local module descriptor class for com.google.android.gms.ads.dynamite not found.
09-01 16:29:55.899   901  1000 W ASH     : @ 23782.353: Unhandled msg ID 999: line 1277
09-01 16:29:55.899   901  1000 E ASH     : @ 23782.353: No pb callback assigned
09-01 16:29:55.899   901  1000 E ASH     : @ 23782.353: Nanopb error: callback failed:1588
09-01 16:29:55.900  4544  5020 D DynamitePackage: Instantiating com.google.android.gms.ads.ChimeraAdManagerCreatorImpl
09-01 16:29:55.902  4544  5020 I Ads     : Use RequestConfiguration.Builder().setTestDeviceIds(Arrays.asList("F5DD70ED193BF76896870CF8E1853195")) to get test ads on this device.
09-01 16:29:55.909  4544  4973 W DynamiteModule: Local module descriptor class for com.google.android.gms.ads.dynamite not found.
09-01 16:29:55.909  4544  4973 W DynamiteModule: Local module descriptor class for com.google.android.gms.ads.dynamite not found.
09-01 16:29:55.911  4544  4966 W DynamiteModule: Local module descriptor class for com.google.android.gms.ads.dynamite not found.
09-01 16:29:55.923   901  1000 W ASH     : @ 23782.378: Unhandled msg ID 999: line 1277
09-01 16:29:55.923   901  1000 E ASH     : @ 23782.378: No pb callback assigned
09-01 16:29:55.923   901  1000 E ASH     : @ 23782.378: Nanopb error: callback failed:1588
09-01 16:29:55.926  4471  5244 I BatteryMgr:DataCollectionService: stats => 1693578595926,6103,4419
09-01 16:29:55.935  7733  8288 W SQLiteLog: (28) double-quoted string literal: "1693405795935"
09-01 16:29:55.935  7733  8288 W SQLiteLog: (28) double-quoted string literal: "1"
09-01 16:29:55.950  7733  7733 I Ads     : Received log message: <Google:HTML> You are currently using version 223712999.231700000.1 of the SDK, which is out of date. Please consider updating your SDK to the most recent SDK version to get the latest features and bug fixes. The latest SDK can be installed from https://googlemobileadssdk.page.link/android-install-instructions. More information about the SDK deprecation schedule is available at https://developers.google.com/admob/android/deprecation.
09-01 16:29:55.968  7733 29636 I Ads     : SDK version: afma-sdk-a-v223712999.231700000.1
09-01 16:29:55.969  7733 29636 I Ads     : HTTP timeout: 60000 milliseconds.
09-01 16:29:55.979   901  2806 I sensors-hal: [ssc_utils]get_qmi_debug_flag:244, support_qmi_debug : false
09-01 16:29:56.003   901  1000 W ASH     : @ 23782.458: Unhandled msg ID 999: line 1277
09-01 16:29:56.003   901  1000 E ASH     : @ 23782.458: No pb callback assigned
09-01 16:29:56.003   901  1000 E ASH     : @ 23782.458: Nanopb error: callback failed:1588
09-01 16:29:56.030  4471  5244 I BatteryMgr:DataCollectionService: stats => 1693578596030,6103,4419
09-01 16:29:56.125   901  1000 D VSC     : @ 23782.579: [WO] tilt angle 89
09-01 16:29:56.134  4471  5244 I BatteryMgr:DataCollectionService: stats => 1693578596134,6103,4419
09-01 16:29:56.221  4544  4956 W DynamiteModule: Local module descriptor class for com.google.android.gms.ads.dynamite not found.
09-01 16:29:56.223  4544  5062 I Ads     : Ad failed to load : 3
09-01 16:29:56.239  4471  5244 I BatteryMgr:DataCollectionService: stats => 1693578596239,6103,4419
09-01 16:29:56.273  1513  2000 D ConnectivityService: NetReassign [no changes]
09-01 16:29:56.316  4544  4972 W DynamiteModule: Local module descriptor class for com.google.android.gms.ads.dynamite not found.
09-01 16:29:56.317  4544  4544 I Ads     : Ad failed to load : 3
09-01 16:29:56.319  4544  4544 I Ads     : Ad failed to load : 3
09-01 16:29:56.343  4471  5244 I BatteryMgr:DataCollectionService: stats => 1693578596343,6103,4419
09-01 16:29:56.448  4471  5244 I BatteryMgr:DataCollectionService: stats => 1693578596447,6103,4419
09-01 16:29:56.513  4544  4956 W DynamiteModule: Local module descriptor class for com.google.android.gms.ads.dynamite not found.
09-01 16:29:56.514  4544  4544 I Ads     : Ad failed to load : 3
09-01 16:29:56.516  4544  5020 W DynamiteModule: Local module descriptor class for com.google.android.gms.ads.dynamite not found.
09-01 16:29:56.518  4544  5236 W DynamiteModule: Local module descriptor class for com.google.android.gms.ads.dynamite not found.
09-01 16:29:56.521  4544  5020 D DynamitePackage: Instantiating com.google.android.gms.ads.ChimeraAdManagerCreatorImpl
09-01 16:29:56.523  4544  5020 I Ads     : Use RequestConfiguration.Builder().setTestDeviceIds(Arrays.asList("F5DD70ED193BF76896870CF8E1853195")) to get test ads on this device.
09-01 16:29:56.527  4544  5068 W DynamiteModule: Local module descriptor class for com.google.android.gms.ads.dynamite not found.
09-01 16:29:56.528  4544  5068 W DynamiteModule: Local module descriptor class for com.google.android.gms.ads.dynamite not found.
09-01 16:29:56.545  4544  5236 W DynamiteModule: Local module descriptor class for com.google.android.gms.ads.dynamite not found.
09-01 16:29:56.551  4471  5244 I BatteryMgr:DataCollectionService: stats => 1693578596551,6103,4419
09-01 16:29:56.554  4544  5236 W Ads     : Not retrying to fetch app settings
09-01 16:29:56.569  7733  5132 W SQLiteLog: (28) double-quoted string literal: "1693405796569"
09-01 16:29:56.569  7733  5132 W SQLiteLog: (28) double-quoted string literal: "1"
09-01 16:29:56.582  7733  7733 I Ads     : Received log message: <Google:HTML> You are currently using version 223712999.231700000.1 of the SDK, which is out of date. Please consider updating your SDK to the most recent SDK version to get the latest features and bug fixes. The latest SDK can be installed from https://googlemobileadssdk.page.link/android-install-instructions. More information about the SDK deprecation schedule is available at https://developers.google.com/admob/android/deprecation.
09-01 16:29:56.593   901  2806 I sensors-hal: [ssc_utils]get_qmi_debug_flag:244, support_qmi_debug : false
09-01 16:29:56.602  7733  5134 I Ads     : SDK version: afma-sdk-a-v223712999.231700000.1
09-01 16:29:56.603  7733  5134 I Ads     : HTTP timeout: 60000 milliseconds.
09-01 16:29:56.603   901  1000 W ASH     : @ 23783.058: Unhandled msg ID 999: line 1277
09-01 16:29:56.603   901  1000 E ASH     : @ 23783.058: No pb callback assigned
09-01 16:29:56.603   901  1000 E ASH     : @ 23783.058: Nanopb error: callback failed:1588
09-01 16:29:56.654  4471  5244 I BatteryMgr:DataCollectionService: stats => 1693578596654,6103,4419
09-01 16:29:56.696   901  2806 I sensors-hal: [ssc_utils]get_qmi_debug_flag:244, support_qmi_debug : false
09-01 16:29:56.724   901  1000 W ASH     : @ 23783.178: Unhandled msg ID 999: line 1277
09-01 16:29:56.724   901  1000 E ASH     : @ 23783.178: No pb callback assigned
09-01 16:29:56.724   901  1000 E ASH     : @ 23783.178: Nanopb error: callback failed:1588
09-01 16:29:56.734  4544  4966 W DynamiteModule: Local module descriptor class for com.google.android.gms.ads.dynamite not found.
09-01 16:29:56.758  4471  5244 I BatteryMgr:DataCollectionService: stats => 1693578596758,6103,4419
09-01 16:29:56.861  4471  5244 I BatteryMgr:DataCollectionService: stats => 1693578596861,6103,4419
09-01 16:29:56.870   901  2806 I sensors-hal: [ssc_utils]get_qmi_debug_flag:244, support_qmi_debug : false
09-01 16:29:56.873   594   594 I SDM     : HWDeviceDRM::UpdateMixerAttributes: Mixer WxH 1080x2340-1 for Peripheral
09-01 16:29:56.873   594   594 I SDM     : DisplayBase::SetActiveConfig: Active configuration changed to: 0
09-01 16:29:56.873   594   594 I SDM     : StrategyImpl::SetIdleTimeoutMs: Idle timeout set to zero for command mode panels
09-01 16:29:56.883  1513  1572 I DisplayManagerService: Display device changed: DisplayDeviceInfo{"Built-in Screen": uniqueId="local:19260504575090817", 1080 x 2340, modeId 2, defaultModeId 2, supportedModes [{id=1, width=1080, height=2340, fps=90.0}, {id=2, width=1080, height=2340, fps=60.000004}], colorMode 0, supportedColorModes [0, 7, 9], HdrCapabilities HdrCapabilities{mSupportedHdrTypes=[2, 3, 4], mMaxLuminance=500.0, mMaxAverageLuminance=500.0, mMinLuminance=0.0}, allmSupported false, gameContentTypeSupported false, density 440, 435.428 x 433.839 dpi, appVsyncOff 2333332, presDeadline 11500000, cutout DisplayCutout{insets=Rect(0, 136 - 0, 0) waterfall=Insets{left=0, top=0, right=0, bottom=0} boundingRect={Bounds=[Rect(0, 0 - 0, 0), Rect(0, 0 - 136, 136), Rect(0, 0 - 0, 0), Rect(0, 0 - 0, 0)]}}, touch INTERNAL, rotation 0, type INTERNAL, address {port=129, model=0x446d53ad64a0}, deviceProductInfo DeviceProductInfo{name=, manufacturerPnpId=QCM, productId=1, modelYear=null, manufactureDate=ManufactureDate{week=27, year=2006}, relativeAddress=null}, state ON, FLAG_DEFAULT_DISPLAY, FLAG_ROTATES_WITH_CONTENT, FLAG_SECURE, FLAG_SUPPORTS_PROTECTED_BUFFERS}
09-01 16:29:56.883   901  1000 W ASH     : @ 23783.338: Unhandled msg ID 999: line 1277
09-01 16:29:56.883   901  1000 E ASH     : @ 23783.338: No pb callback assigned
09-01 16:29:56.884   901  1000 E ASH     : @ 23783.338: Nanopb error: callback failed:1588
09-01 16:29:56.884   594   594 I SDM     : StrategyImpl::SetIdleTimeoutMs: Idle timeout set to zero for command mode panels
09-01 16:29:56.894   901  2806 I sensors-hal: [ssc_utils]get_qmi_debug_flag:244, support_qmi_debug : false
09-01 16:29:56.923   901  1000 W ASH     : @ 23783.378: Unhandled msg ID 999: line 1277
09-01 16:29:56.923   901  1000 E ASH     : @ 23783.378: No pb callback assigned
09-01 16:29:56.923   901  1000 E ASH     : @ 23783.378: Nanopb error: callback failed:1588
09-01 16:29:56.965  4471  5244 I BatteryMgr:DataCollectionService: stats => 1693578596965,6103,4419
09-01 16:29:57.051   594   594 I SDM     : HWDeviceDRM::UpdateMixerAttributes: Mixer WxH 1080x2340-1 for Peripheral
09-01 16:29:57.051   594   594 I SDM     : DisplayBase::SetActiveConfig: Active configuration changed to: 1
09-01 16:29:57.051   594   594 I SDM     : StrategyImpl::SetIdleTimeoutMs: Idle timeout set to zero for command mode panels
09-01 16:29:57.056  1513  1572 I DisplayManagerService: Display device changed: DisplayDeviceInfo{"Built-in Screen": uniqueId="local:19260504575090817", 1080 x 2340, modeId 1, defaultModeId 2, supportedModes [{id=1, width=1080, height=2340, fps=90.0}, {id=2, width=1080, height=2340, fps=60.000004}], colorMode 0, supportedColorModes [0, 7, 9], HdrCapabilities HdrCapabilities{mSupportedHdrTypes=[2, 3, 4], mMaxLuminance=500.0, mMaxAverageLuminance=500.0, mMinLuminance=0.0}, allmSupported false, gameContentTypeSupported false, density 440, 435.428 x 433.839 dpi, appVsyncOff 2333333, presDeadline 11500000, cutout DisplayCutout{insets=Rect(0, 136 - 0, 0) waterfall=Insets{left=0, top=0, right=0, bottom=0} boundingRect={Bounds=[Rect(0, 0 - 0, 0), Rect(0, 0 - 136, 136), Rect(0, 0 - 0, 0), Rect(0, 0 - 0, 0)]}}, touch INTERNAL, rotation 0, type INTERNAL, address {port=129, model=0x446d53ad64a0}, deviceProductInfo DeviceProductInfo{name=, manufacturerPnpId=QCM, productId=1, modelYear=null, manufactureDate=ManufactureDate{week=27, year=2006}, relativeAddress=null}, state ON, FLAG_DEFAULT_DISPLAY, FLAG_ROTATES_WITH_CONTENT, FLAG_SECURE, FLAG_SUPPORTS_PROTECTED_BUFFERS}
09-01 16:29:57.058   901  2806 I sensors-hal: [ssc_utils]get_qmi_debug_flag:244, support_qmi_debug : false
09-01 16:29:57.075  4471  5244 I BatteryMgr:DataCollectionService: stats => 1693578597075,6103,4419
09-01 16:29:57.083   901  1000 W ASH     : @ 23783.538: Unhandled msg ID 999: line 1277
09-01 16:29:57.083   901  1000 E ASH     : @ 23783.538: No pb callback assigned
09-01 16:29:57.083   901  1000 E ASH     : @ 23783.538: Nanopb error: callback failed:1588
09-01 16:29:57.104  4544  4966 W DynamiteModule: Local module descriptor class for com.google.android.gms.ads.dynamite not found.
09-01 16:29:57.104  4544  4544 I Ads     : Ad failed to load : 3
09-01 16:29:57.106  4544  5020 W DynamiteModule: Local module descriptor class for com.google.android.gms.ads.dynamite not found.
09-01 16:29:57.111  4544  5020 D DynamitePackage: Instantiating com.google.android.gms.ads.ChimeraAdManagerCreatorImpl
09-01 16:29:57.118  4544  5020 I Ads     : Use RequestConfiguration.Builder().setTestDeviceIds(Arrays.asList("F5DD70ED193BF76896870CF8E1853195")) to get test ads on this device.
09-01 16:29:57.136  4544  4972 W DynamiteModule: Local module descriptor class for com.google.android.gms.ads.dynamite not found.
09-01 16:29:57.137  4544  4972 W DynamiteModule: Local module descriptor class for com.google.android.gms.ads.dynamite not found.
09-01 16:29:57.138  4544  5236 W DynamiteModule: Local module descriptor class for com.google.android.gms.ads.dynamite not found.
09-01 16:29:57.146  4544  5061 W Ads     : Not retrying to fetch app settings
09-01 16:29:57.166  7733  5130 W SQLiteLog: (28) double-quoted string literal: "1693405797165"
09-01 16:29:57.166  7733  5130 W SQLiteLog: (28) double-quoted string literal: "1"
09-01 16:29:57.178  4471  5244 I BatteryMgr:DataCollectionService: stats => 1693578597178,6103,4419
09-01 16:29:57.184  7733  7733 I Ads     : Received log message: <Google:HTML> You are currently using version 223712999.231700000.1 of the SDK, which is out of date. Please consider updating your SDK to the most recent SDK version to get the latest features and bug fixes. The latest SDK can be installed from https://googlemobileadssdk.page.link/android-install-instructions. More information about the SDK deprecation schedule is available at https://developers.google.com/admob/android/deprecation.
09-01 16:29:57.206  7733  5131 I Ads     : SDK version: afma-sdk-a-v223712999.231700000.1
09-01 16:29:57.207  7733  5131 I Ads     : HTTP timeout: 60000 milliseconds.
09-01 16:29:57.281  4471  5244 I BatteryMgr:DataCollectionService: stats => 1693578597281,6103,4419
09-01 16:29:57.386  4471  5244 I BatteryMgr:DataCollectionService: stats => 1693578597386,6103,4419
09-01 16:29:57.489  4471  5244 I BatteryMgr:DataCollectionService: stats => 1693578597489,6103,4419
09-01 16:29:57.593  4471  5244 I BatteryMgr:DataCollectionService: stats => 1693578597593,6103,4419
09-01 16:29:57.697  4471  5244 I BatteryMgr:DataCollectionService: stats => 1693578597697,6103,4419
09-01 16:29:57.796   901  2806 I sensors-hal: [ssc_utils]get_qmi_debug_flag:244, support_qmi_debug : false
09-01 16:29:57.801  4471  5244 I BatteryMgr:DataCollectionService: stats => 1693578597801,6103,4419
09-01 16:29:57.804   901  1000 W ASH     : @ 23784.259: Unhandled msg ID 999: line 1277
09-01 16:29:57.804   901  1000 E ASH     : @ 23784.259: No pb callback assigned
09-01 16:29:57.805   901  1000 E ASH     : @ 23784.259: Nanopb error: callback failed:1588
09-01 16:29:57.907  4471  5244 I BatteryMgr:DataCollectionService: stats => 1693578597907,6103,4419
09-01 16:29:58.009  4471  5244 I BatteryMgr:DataCollectionService: stats => 1693578598009,6103,4419
09-01 16:29:58.033  4544  5061 W DynamiteModule: Local module descriptor class for com.google.android.gms.ads.dynamite not found.
09-01 16:29:58.034  4544  4544 I Ads     : Ad failed to load : 3
09-01 16:29:58.036  4544  4544 I Ads     : Ad failed to load : 3
09-01 16:29:58.040  4544  4544 D DynamitePackage: Instantiating com.google.android.gms.ads.ChimeraAdLoaderBuilderCreatorImpl
09-01 16:29:58.044  4544  4992 I Ads     : Use RequestConfiguration.Builder().setTestDeviceIds(Arrays.asList("F5DD70ED193BF76896870CF8E1853195")) to get test ads on this device.
09-01 16:29:58.053  4544  5059 W DynamiteModule: Local module descriptor class for com.google.android.gms.ads.dynamite not found.
09-01 16:29:58.055  4544  5059 W DynamiteModule: Local module descriptor class for com.google.android.gms.ads.dynamite not found.
09-01 16:29:58.061  4544  5068 W DynamiteModule: Local module descriptor class for com.google.android.gms.ads.dynamite not found.
09-01 16:29:58.072  4544  5120 W Ads     : Not retrying to fetch app settings
09-01 16:29:58.104  7733  5134 W SQLiteLog: (28) double-quoted string literal: "1693405798103"
09-01 16:29:58.104  7733  5134 W SQLiteLog: (28) double-quoted string literal: "1"
09-01 16:29:58.113  4471  5244 I BatteryMgr:DataCollectionService: stats => 1693578598113,6103,4419
09-01 16:29:58.115  1513  1572 D EventSequenceValidator: inc AccIntentStartedEvents to 2
09-01 16:29:58.116  1513  2172 I ActivityTaskManager: START u0 {act=android.intent.action.VIEW dat=http://192.168.88.177:8000/... flg=0x10000000 cmp=com.opera.browser/com.opera.Opera} from uid 2000
09-01 16:29:58.121  5367  5369 I cmd     : oneway function results will be dropped but finished with status OK and parcel size 4
09-01 16:29:58.121  1513  1572 D EventSequenceValidator: dec AccIntentStartedEvents to 1
09-01 16:29:58.123   901  1000 D VSC     : @ 23784.578: [WO] tilt angle 89
09-01 16:29:58.126   901  2806 I sensors-hal: [ssc_utils]get_qmi_debug_flag:244, support_qmi_debug : false
09-01 16:29:58.148  7733  8288 I Ads     : SDK version: afma-sdk-a-v223712999.231700000.1
09-01 16:29:58.149  7733  8288 I Ads     : HTTP timeout: 60000 milliseconds.
09-01 16:29:58.164   901  1000 W ASH     : @ 23784.618: Unhandled msg ID 999: line 1277
09-01 16:29:58.164   901  1000 E ASH     : @ 23784.618: No pb callback assigned
09-01 16:29:58.164   901  1000 E ASH     : @ 23784.618: Nanopb error: callback failed:1588
09-01 16:29:58.208  1513  2905 D CompatibilityChangeReporter: Compat change id reported: 135634846; UID 10261; state: DISABLED
09-01 16:29:58.208  1513  1625 D CompatibilityChangeReporter: Compat change id reported: 143937733; UID 10261; state: ENABLED
09-01 16:29:58.212   779   779 D Zygote  : Forked child process 5384
09-01 16:29:58.215  1513  1625 I ActivityManager: Start proc 5384:com.opera.browser:sandboxed_process1/u0a261 for service {com.opera.browser/com.opera.android.browser.chromium.services.SandboxedProcessService1}
09-01 16:29:58.217  4471  5244 I BatteryMgr:DataCollectionService: stats => 1693578598217,6103,4419
09-01 16:29:58.219   901  2806 I sensors-hal: [ssc_utils]get_qmi_debug_flag:244, support_qmi_debug : false
09-01 16:29:58.222  1075  1075 W ServiceManager: Permission failure: android.permission.SYSTEM_CAMERA from uid=10261 pid=4544
09-01 16:29:58.223  1075  1075 I chatty  : uid=1047(cameraserver) /system/bin/cameraserver identical 4 lines
09-01 16:29:58.223  1075  1075 W ServiceManager: Permission failure: android.permission.SYSTEM_CAMERA from uid=10261 pid=4544
09-01 16:29:58.235  5384  5384 E dboxed_process: Not starting debugger since process cannot load the jdwp agent.
09-01 16:29:58.236 10955 14820 I Finsky  : [5315] ncc.l(14): com.opera.browser: Account determined from installer data - [y0_1NG5HTmzf0bF7VytAKz9iHAD6w7yU52Le3i0fi68]
09-01 16:29:58.236 10955 14820 I Finsky  : [5315] ncc.l(61): Billing preferred account via installer for com.opera.browser: [y0_1NG5HTmzf0bF7VytAKz9iHAD6w7yU52Le3i0fi68]
09-01 16:29:58.243   901  2806 I sensors-hal: [ssc_utils]get_qmi_debug_flag:244, support_qmi_debug : false
09-01 16:29:58.243   901  1000 W ASH     : @ 23784.698: Unhandled msg ID 999: line 1277
09-01 16:29:58.243   901  1000 E ASH     : @ 23784.698: No pb callback assigned
09-01 16:29:58.243   901  1000 E ASH     : @ 23784.698: Nanopb error: callback failed:1588
09-01 16:29:58.248  1513  2264 D CompatibilityChangeReporter: Compat change id reported: 136274596; UID 10261; state: ENABLED
09-01 16:29:58.271  2858  2858 I GoogleInputMethodService: GoogleInputMethodService.onFinishInput():3280 
09-01 16:29:58.272  2858  2858 I GoogleInputMethodService: GoogleInputMethodService.updateDeviceLockedStatus():2169 repeatCheckTimes = 0, unlocked = true
09-01 16:29:58.272  2858  2858 I GoogleInputMethodService: GoogleInputMethodService.onStartInput():1960 onStartInput(EditorInfo{inputType=0x0(NULL) imeOptions=0x0 privateImeOptions=null actionName=UNSPECIFIED actionLabel=null actionId=0 initialSelStart=-1 initialSelEnd=-1 initialCapsMode=0x0 hintText=null label=null packageName=com.opera.browser fieldId=2131361887 fieldName=null extras=null}, false)
09-01 16:29:58.272  2858  2858 I GoogleInputMethodService: GoogleInputMethodService.shouldHideHeaderOnInitialState():4081 ShouldHideHeaderOnInitialState = false
09-01 16:29:58.273  2858  2858 I GoogleInputMethodService: GoogleInputMethodService.updateDeviceLockedStatus():2169 repeatCheckTimes = 2, unlocked = true
09-01 16:29:58.283   901  1000 W ASH     : @ 23784.738: Unhandled msg ID 999: line 1277
09-01 16:29:58.284   901  1000 E ASH     : @ 23784.738: No pb callback assigned
09-01 16:29:58.284   901  1000 E ASH     : @ 23784.738: Nanopb error: callback failed:1588
09-01 16:29:58.285  5384  5384 W dboxed_process: JIT profile information will not be recorded: profile file does not exist.
09-01 16:29:58.285  5384  5384 W dboxed_process: JIT profile information will not be recorded: profile file does not exist.
09-01 16:29:58.289  5384  5384 D NetworkSecurityConfig: Using Network Security Config from resource network_security_config_official_build debugBuild: false
09-01 16:29:58.290  5384  5384 D NetworkSecurityConfig: Using Network Security Config from resource network_security_config_official_build debugBuild: false
09-01 16:29:58.295  4544  4734 E cr_ChildProcessConn: Child process code mismatch: sharedLibraryFiles mismatch; parent=[/data/app/~~wnBL5QGaioU7WwxoKtdLPQ==/com.google.android.webview-qqthMVpxOXs7BrGEte08RA==/base.apk, /data/app/~~wnBL5QGaioU7WwxoKtdLPQ==/com.google.android.webview-qqthMVpxOXs7BrGEte08RA==/split_config.en.apk, /data/app/~~wnBL5QGaioU7WwxoKtdLPQ==/com.google.android.webview-qqthMVpxOXs7BrGEte08RA==/split_weblayer.apk, /data/app/~~mQnIILsnm2tc2wq-SQ1l9Q==/com.google.android.trichromelibrary_524912634-xMoADnZNvqGkYYZhuvLzIw==/base.apk, /product/overlay/NavigationBarModeGestural/NavigationBarModeGesturalOverlay.apk] child=null; browser version has changed: false
09-01 16:29:58.325  4471  5244 I BatteryMgr:DataCollectionService: stats => 1693578598325,6103,4419
09-01 16:29:58.436  4471  5244 I BatteryMgr:DataCollectionService: stats => 1693578598435,6103,4419
09-01 16:29:58.456   901  2806 I sensors-hal: [ssc_utils]get_qmi_debug_flag:244, support_qmi_debug : false
09-01 16:29:58.470  1075  1075 W ServiceManager: Permission failure: android.permission.SYSTEM_CAMERA from uid=10261 pid=4544
09-01 16:29:58.471  1075  1075 I chatty  : uid=1047(cameraserver) /system/bin/cameraserver identical 1 line
09-01 16:29:58.473  1075  1075 W ServiceManager: Permission failure: android.permission.SYSTEM_CAMERA from uid=10261 pid=4544
09-01 16:29:58.473  1075  2091 W ServiceManager: Permission failure: android.permission.SYSTEM_CAMERA from uid=10261 pid=4544
09-01 16:29:58.473  1075  1075 W ServiceManager: Permission failure: android.permission.SYSTEM_CAMERA from uid=10261 pid=4544
09-01 16:29:58.474  1075  2091 W ServiceManager: Permission failure: android.permission.SYSTEM_CAMERA from uid=10261 pid=4544
09-01 16:29:58.475   901  2806 I sensors-hal: [ssc_utils]get_qmi_debug_flag:244, support_qmi_debug : false
09-01 16:29:58.484   901  1000 W ASH     : @ 23784.938: Unhandled msg ID 999: line 1277
09-01 16:29:58.484   901  1000 E ASH     : @ 23784.938: No pb callback assigned
09-01 16:29:58.484   901  1000 E ASH     : @ 23784.938: Nanopb error: callback failed:1588
09-01 16:29:58.528  7733  9193 W SQLiteLog: (28) double-quoted string literal: "1693405798527"
09-01 16:29:58.528  7733  9193 W SQLiteLog: (28) double-quoted string literal: "1"
09-01 16:29:58.533  4544  4956 W DynamiteModule: Local module descriptor class for com.google.android.gms.ads.dynamite not found.
09-01 16:29:58.539  4471  5244 I BatteryMgr:DataCollectionService: stats => 1693578598539,6103,4419
09-01 16:29:58.646  4471  5244 I BatteryMgr:DataCollectionService: stats => 1693578598646,6103,4419
09-01 16:29:58.713  1075  2091 W ServiceManager: Permission failure: android.permission.SYSTEM_CAMERA from uid=10261 pid=4544
09-01 16:29:58.713  1075  2091 I chatty  : uid=1047(cameraserver) Binder:1075_2 identical 1 line
09-01 16:29:58.714  1075  2091 W ServiceManager: Permission failure: android.permission.SYSTEM_CAMERA from uid=10261 pid=4544
09-01 16:29:58.714  1075  1075 W ServiceManager: Permission failure: android.permission.SYSTEM_CAMERA from uid=10261 pid=4544
09-01 16:29:58.714  1075  1075 I chatty  : uid=1047(cameraserver) /system/bin/cameraserver identical 1 line
09-01 16:29:58.715  1075  1075 W ServiceManager: Permission failure: android.permission.SYSTEM_CAMERA from uid=10261 pid=4544
09-01 16:29:58.752  4471  5244 I BatteryMgr:DataCollectionService: stats => 1693578598752,6103,4419
09-01 16:29:58.828  4544  5120 W DynamiteModule: Local module descriptor class for com.google.android.gms.ads.dynamite not found.
09-01 16:29:58.858  4471  5244 I BatteryMgr:DataCollectionService: stats => 1693578598858,6103,4419
09-01 16:29:58.961  4471  5244 I BatteryMgr:DataCollectionService: stats => 1693578598961,6103,4419
09-01 16:29:59.065  4471  5244 I BatteryMgr:DataCollectionService: stats => 1693578599065,6103,4419
09-01 16:29:59.168  4471  5244 I BatteryMgr:DataCollectionService: stats => 1693578599168,6103,4419
09-01 16:29:59.272  4471  5244 I BatteryMgr:DataCollectionService: stats => 1693578599272,6103,4419
09-01 16:29:59.283  1513  2000 D ConnectivityService: NetReassign [no changes]
09-01 16:29:59.375  4471  5244 I BatteryMgr:DataCollectionService: stats => 1693578599375,6103,4419
09-01 16:29:59.443   901  2806 I sensors-hal: [ssc_utils]get_qmi_debug_flag:244, support_qmi_debug : false
09-01 16:29:59.480  4471  5244 I BatteryMgr:DataCollectionService: stats => 1693578599479,6103,4419
09-01 16:29:59.484   901  1000 W ASH     : @ 23785.938: Unhandled msg ID 999: line 1277
09-01 16:29:59.484   901  1000 E ASH     : @ 23785.938: No pb callback assigned
09-01 16:29:59.484   901  1000 E ASH     : @ 23785.938: Nanopb error: callback failed:1588
09-01 16:29:59.524  4544  4544 D DynamitePackage: Instantiating com.google.android.gms.ads.ChimeraAdLoaderBuilderCreatorImpl
09-01 16:29:59.553  4544  4992 I Ads     : Use RequestConfiguration.Builder().setTestDeviceIds(Arrays.asList("F5DD70ED193BF76896870CF8E1853195")) to get test ads on this device.
09-01 16:29:59.556  4544  4544 D DynamitePackage: Instantiating com.google.android.gms.ads.ChimeraAdLoaderBuilderCreatorImpl
09-01 16:29:59.582  4544  5120 W DynamiteModule: Local module descriptor class for com.google.android.gms.ads.dynamite not found.
09-01 16:29:59.583  4471  5244 I BatteryMgr:DataCollectionService: stats => 1693578599583,6103,4419
09-01 16:29:59.583  4544  5120 W DynamiteModule: Local module descriptor class for com.google.android.gms.ads.dynamite not found.
09-01 16:29:59.586  4544  4966 W DynamiteModule: Local module descriptor class for com.google.android.gms.ads.dynamite not found.
09-01 16:29:59.588  4544  4992 I Ads     : Use RequestConfiguration.Builder().setTestDeviceIds(Arrays.asList("F5DD70ED193BF76896870CF8E1853195")) to get test ads on this device.
09-01 16:29:59.589  4544  5059 W Ads     : Not retrying to fetch app settings
09-01 16:29:59.605  7733  5133 W SQLiteLog: (28) double-quoted string literal: "1693405799604"
09-01 16:29:59.605  7733  5133 W SQLiteLog: (28) double-quoted string literal: "1"
09-01 16:29:59.609  4544  5059 W DynamiteModule: Local module descriptor class for com.google.android.gms.ads.dynamite not found.
09-01 16:29:59.613  4544  4973 W DynamiteModule: Local module descriptor class for com.google.android.gms.ads.dynamite not found.
09-01 16:29:59.616  4544  5059 W DynamiteModule: Local module descriptor class for com.google.android.gms.ads.dynamite not found.
09-01 16:29:59.618  7733  7733 I Ads     : Received log message: <Google:HTML> You are currently using version 223712999.231700000.1 of the SDK, which is out of date. Please consider updating your SDK to the most recent SDK version to get the latest features and bug fixes. The latest SDK can be installed from https://googlemobileadssdk.page.link/android-install-instructions. More information about the SDK deprecation schedule is available at https://developers.google.com/admob/android/deprecation.
09-01 16:29:59.639   901  2806 I sensors-hal: [ssc_utils]get_qmi_debug_flag:244, support_qmi_debug : false
09-01 16:29:59.639  7733  5137 I Ads     : SDK version: afma-sdk-a-v223712999.231700000.1
09-01 16:29:59.639  5190  5211 I dboxed_process: Waiting for a blocking GC ProfileSaver
09-01 16:29:59.640  4544  5061 W Ads     : Not retrying to fetch app settings
09-01 16:29:59.640  7733  5137 I Ads     : HTTP timeout: 60000 milliseconds.
09-01 16:29:59.684   901  1000 W ASH     : @ 23786.138: Unhandled msg ID 999: line 1277
09-01 16:29:59.684   901  1000 E ASH     : @ 23786.138: No pb callback assigned
09-01 16:29:59.684   901  1000 E ASH     : @ 23786.138: Nanopb error: callback failed:1588
09-01 16:29:59.687  4471  5244 I BatteryMgr:DataCollectionService: stats => 1693578599687,6103,4419
09-01 16:29:59.689  7733  5140 W SQLiteLog: (28) double-quoted string literal: "1693405799689"
09-01 16:29:59.689  7733  5140 W SQLiteLog: (28) double-quoted string literal: "1"
09-01 16:29:59.705  7733  7753 I gle.android.gm: Background young concurrent copying GC freed 230650(13MB) AllocSpace objects, 348(13MB) LOS objects, 70% free, 11MB/37MB, paused 13.306ms total 64.430ms
09-01 16:29:59.711  7733  7755 W System  : A resource failed to call close. 
09-01 16:29:59.713  7733  7755 I chatty  : uid=10158(com.google.android.gms) FinalizerDaemon identical 12 lines
09-01 16:29:59.713  7733  7755 W System  : A resource failed to call close. 
09-01 16:29:59.727  7733  5130 I Ads     : SDK version: afma-sdk-a-v223712999.231700000.1
09-01 16:29:59.728  7733  5130 I Ads     : HTTP timeout: 60000 milliseconds.
09-01 16:29:59.742   901  2806 I sensors-hal: [ssc_utils]get_qmi_debug_flag:244, support_qmi_debug : false
09-01 16:29:59.763   901  1000 W ASH     : @ 23786.218: Unhandled msg ID 999: line 1277
09-01 16:29:59.764   901  1000 E ASH     : @ 23786.218: No pb callback assigned
09-01 16:29:59.764   901  1000 E ASH     : @ 23786.218: Nanopb error: callback failed:1588
09-01 16:29:59.790  4471  5244 I BatteryMgr:DataCollectionService: stats => 1693578599790,6103,4419
09-01 16:29:59.893  4471  5244 I BatteryMgr:DataCollectionService: stats => 1693578599893,6103,4419
09-01 16:29:59.997  4471  5244 I BatteryMgr:DataCollectionService: stats => 1693578599997,6103,4419
09-01 16:30:00.006   901  2806 I sensors-hal: [ssc_utils]get_qmi_debug_flag:244, support_qmi_debug : false
09-01 16:30:00.045   901  1000 W ASH     : @ 23786.499: Unhandled msg ID 999: line 1277
09-01 16:30:00.045   901  1000 E ASH     : @ 23786.499: No pb callback assigned
09-01 16:30:00.045   901  1000 E ASH     : @ 23786.499: Nanopb error: callback failed:1588
09-01 16:30:00.080  1075  1075 W ServiceManager: Permission failure: android.permission.SYSTEM_CAMERA from uid=10261 pid=4544
09-01 16:30:00.082  1075  1075 I chatty  : uid=1047(cameraserver) /system/bin/cameraserver identical 4 lines
09-01 16:30:00.082  1075  1075 W ServiceManager: Permission failure: android.permission.SYSTEM_CAMERA from uid=10261 pid=4544
09-01 16:30:00.099   901  2806 I sensors-hal: [ssc_utils]get_qmi_debug_flag:244, support_qmi_debug : false
09-01 16:30:00.104  4471  5244 I BatteryMgr:DataCollectionService: stats => 1693578600104,6103,4419
09-01 16:30:00.110   901  2806 I sensors-hal: [ssc_utils]get_qmi_debug_flag:244, support_qmi_debug : false
09-01 16:30:00.123   901  1000 W ASH     : @ 23786.578: Unhandled msg ID 999: line 1277
09-01 16:30:00.124   901  1000 E ASH     : @ 23786.578: No pb callback assigned
09-01 16:30:00.124   901  1000 E ASH     : @ 23786.578: Nanopb error: callback failed:1588
09-01 16:30:00.124   901  1000 D VSC     : @ 23786.578: [WO] tilt angle 89
09-01 16:30:00.210  4471  5244 I BatteryMgr:DataCollectionService: stats => 1693578600210,6103,4419
09-01 16:30:00.243   901  2806 I sensors-hal: [ssc_utils]get_qmi_debug_flag:244, support_qmi_debug : false
09-01 16:30:00.274  4544  4966 W DynamiteModule: Local module descriptor class for com.google.android.gms.ads.dynamite not found.
09-01 16:30:00.275  4544  4973 I Ads     : Ad failed to load : 3
09-01 16:30:00.283   901  1000 W ASH     : @ 23786.738: Unhandled msg ID 999: line 1277
09-01 16:30:00.284   901  1000 E ASH     : @ 23786.738: No pb callback assigned
09-01 16:30:00.284   901  1000 E ASH     : @ 23786.738: Nanopb error: callback failed:1588
09-01 16:30:00.314  4471  5244 I BatteryMgr:DataCollectionService: stats => 1693578600314,6103,4419
09-01 16:30:00.375  4544  5059 W DynamiteModule: Local module descriptor class for com.google.android.gms.ads.dynamite not found.
