09-01 16:31:23.963   901  1000 E ASH     : @ 23870.418: Nanopb error: callback failed:1588
09-01 16:31:24.030   901  2806 I sensors-hal: [ssc_utils]get_qmi_debug_flag:244, support_qmi_debug : false
09-01 16:31:24.043   901  1000 W ASH     : @ 23870.498: Unhandled msg ID 999: line 1277
09-01 16:31:24.043   901  1000 E ASH     : @ 23870.498: No pb callback assigned
09-01 16:31:24.043   901  1000 E ASH     : @ 23870.498: Nanopb error: callback failed:1588
09-01 16:31:24.110  5678  5678 I BatteryMgr:DataCollectionService: onStartCommand: begin
09-01 16:31:24.110  5678  5678 I BatteryMgr:DataCollectionService: onStartCommand: sampleRate => 100
09-01 16:31:24.111  5678  5678 I BatteryMgr:DataCollectionService: onStartCommand: rawFields => Timestamp,BATTERY_PROPERTY_CURRENT_NOW,EXTRA_VOLTAGE
09-01 16:31:24.111  5678  5678 I BatteryMgr:DataCollectionService: onStartCommand: notification done
09-01 16:31:24.114  1513  4618 D CompatibilityChangeReporter: Compat change id reported: 136219221; UID 10260; state: ENABLED
09-01 16:31:24.114  5678  5678 I BatteryMgr:DataCollectionService: started foreground
09-01 16:31:24.133  5678  6203 I BatteryMgr:DataCollectionService: collectData: begin
09-01 16:31:24.138  5678  6203 I BatteryMgr:DataCollectionService: stats => 1693578684138,5798,4419
09-01 16:31:24.165   901  1000 D VSC     : @ 23870.619: [WO] tilt angle 89
09-01 16:31:24.244  5678  6203 I BatteryMgr:DataCollectionService: stats => 1693578684244,5798,4419
09-01 16:31:24.318  1513  1513 D NotificationService: 0|com.example.batterymanager_utility|1|null|10260: granting content://settings/system/notification_sound
09-01 16:31:24.319  1513  1513 I chatty  : uid=1000(system) Binder:1513_3 identical 3 lines
09-01 16:31:24.320  1513  1513 D NotificationService: 0|com.example.batterymanager_utility|1|null|10260: granting content://settings/system/notification_sound
09-01 16:31:24.321  1513  1513 W NotificationHistory: Attempted to add notif for locked/gone/disabled user 0
09-01 16:31:24.333  2062  2062 D InterruptionStateProvider: No bubble up: not allowed to bubble: 0|com.example.batterymanager_utility|1|null|10260
09-01 16:31:24.333  2062  2062 D InterruptionStateProvider: No heads up: unimportant notification: 0|com.example.batterymanager_utility|1|null|10260
09-01 16:31:24.347  5678  6203 I BatteryMgr:DataCollectionService: stats => 1693578684347,5798,4419
09-01 16:31:24.368   901  2806 I sensors-hal: [ssc_utils]get_qmi_debug_flag:244, support_qmi_debug : false
09-01 16:31:24.403   901  1000 W ASH     : @ 23870.858: Unhandled msg ID 999: line 1277
09-01 16:31:24.403   901  1000 E ASH     : @ 23870.858: No pb callback assigned
09-01 16:31:24.403   901  1000 E ASH     : @ 23870.858: Nanopb error: callback failed:1588
09-01 16:31:24.451  5678  6203 I BatteryMgr:DataCollectionService: stats => 1693578684451,5798,4419
09-01 16:31:24.555  5678  6203 I BatteryMgr:DataCollectionService: stats => 1693578684555,5798,4419
09-01 16:31:24.660  5678  6203 I BatteryMgr:DataCollectionService: stats => 1693578684660,5798,4419
09-01 16:31:24.716   901  2806 I sensors-hal: [ssc_utils]get_qmi_debug_flag:244, support_qmi_debug : false
09-01 16:31:24.723   901  1000 W ASH     : @ 23871.178: Unhandled msg ID 999: line 1277
09-01 16:31:24.723   901  1000 E ASH     : @ 23871.178: No pb callback assigned
09-01 16:31:24.724   901  1000 E ASH     : @ 23871.178: Nanopb error: callback failed:1588
09-01 16:31:24.767  5678  6203 I BatteryMgr:DataCollectionService: stats => 1693578684767,5798,4419
09-01 16:31:24.874  5678  6203 I BatteryMgr:DataCollectionService: stats => 1693578684874,5798,4419
09-01 16:31:24.981  5678  6203 I BatteryMgr:DataCollectionService: stats => 1693578684980,5798,4419
09-01 16:31:25.087  5678  6203 I BatteryMgr:DataCollectionService: stats => 1693578685087,5798,4419
09-01 16:31:25.193  5678  6203 I BatteryMgr:DataCollectionService: stats => 1693578685193,5798,4419
09-01 16:31:25.301  5678  6203 I BatteryMgr:DataCollectionService: stats => 1693578685301,5798,4419
09-01 16:31:25.408  5678  6203 I BatteryMgr:DataCollectionService: stats => 1693578685408,5798,4419
09-01 16:31:25.515  5678  6203 I BatteryMgr:DataCollectionService: stats => 1693578685514,5798,4419
09-01 16:31:25.621  5678  6203 I BatteryMgr:DataCollectionService: stats => 1693578685621,5798,4419
09-01 16:31:25.727  5678  6203 I BatteryMgr:DataCollectionService: stats => 1693578685727,5798,4419
09-01 16:31:25.834  5678  6203 I BatteryMgr:DataCollectionService: stats => 1693578685834,5798,4419
09-01 16:31:25.940  5678  6203 I BatteryMgr:DataCollectionService: stats => 1693578685940,5798,4419
09-01 16:31:26.047  5678  6203 I BatteryMgr:DataCollectionService: stats => 1693578686047,5798,4419
09-01 16:31:26.143   901  1000 D VSC     : @ 23872.597: [WO] tilt angle 89
09-01 16:31:26.153  5678  6203 I BatteryMgr:DataCollectionService: stats => 1693578686153,5798,4419
09-01 16:31:26.260  5678  6203 I BatteryMgr:DataCollectionService: stats => 1693578686260,5798,4419
09-01 16:31:26.367  5678  6203 I BatteryMgr:DataCollectionService: stats => 1693578686367,5798,4419
09-01 16:31:26.473  5678  6203 I BatteryMgr:DataCollectionService: stats => 1693578686473,5798,4419
09-01 16:31:26.580  5678  6203 I BatteryMgr:DataCollectionService: stats => 1693578686580,5798,4419
09-01 16:31:26.597  1513  4618 I ActivityTaskManager: START u0 {act=android.intent.action.VIEW dat=http://192.168.88.177:8000/... flg=0x10000000 cmp=com.opera.browser/com.opera.Opera} from uid 2000
09-01 16:31:26.598  1513  1572 D EventSequenceValidator: inc AccIntentStartedEvents to 2
09-01 16:31:26.600  1513  1572 D EventSequenceValidator: dec AccIntentStartedEvents to 1
09-01 16:31:26.603   901  2806 I sensors-hal: [ssc_utils]get_qmi_debug_flag:244, support_qmi_debug : false
09-01 16:31:26.644   901  1000 W ASH     : @ 23873.098: Unhandled msg ID 999: line 1277
09-01 16:31:26.644   901  1000 E ASH     : @ 23873.098: No pb callback assigned
09-01 16:31:26.644   901  1000 E ASH     : @ 23873.098: Nanopb error: callback failed:1588
09-01 16:31:26.680  1513  4618 D CompatibilityChangeReporter: Compat change id reported: 135634846; UID 10261; state: DISABLED
09-01 16:31:26.680  1513  1625 D CompatibilityChangeReporter: Compat change id reported: 143937733; UID 10261; state: ENABLED
09-01 16:31:26.686   779   779 D Zygote  : Forked child process 6249
09-01 16:31:26.688  5678  6203 I BatteryMgr:DataCollectionService: stats => 1693578686688,5798,4419
09-01 16:31:26.688  1513  1625 I ActivityManager: Start proc 6249:com.opera.browser:sandboxed_process1/u0a261 for service {com.opera.browser/com.opera.android.browser.chromium.services.SandboxedProcessService1}
09-01 16:31:26.689  1075   812 W ServiceManager: Permission failure: android.permission.SYSTEM_CAMERA from uid=10261 pid=5737
09-01 16:31:26.690  1075   812 I chatty  : uid=1047(cameraserver) Binder:1075_8 identical 4 lines
09-01 16:31:26.690  1075   812 W ServiceManager: Permission failure: android.permission.SYSTEM_CAMERA from uid=10261 pid=5737
09-01 16:31:26.703   901  2806 I sensors-hal: [ssc_utils]get_qmi_debug_flag:244, support_qmi_debug : false
09-01 16:31:26.704  6249  6249 E dboxed_process: Not starting debugger since process cannot load the jdwp agent.
09-01 16:31:26.704 10955 14820 I Finsky  : [5315] ncc.l(14): com.opera.browser: Account determined from installer data - [y0_1NG5HTmzf0bF7VytAKz9iHAD6w7yU52Le3i0fi68]
09-01 16:31:26.705 10955 14820 I Finsky  : [5315] ncc.l(61): Billing preferred account via installer for com.opera.browser: [y0_1NG5HTmzf0bF7VytAKz9iHAD6w7yU52Le3i0fi68]
09-01 16:31:26.713   594   594 I SDM     : HWDeviceDRM::UpdateMixerAttributes: Mixer WxH 1080x2340-1 for Peripheral
09-01 16:31:26.713   594   594 I SDM     : DisplayBase::SetActiveConfig: Active configuration changed to: 0
09-01 16:31:26.713   594   594 I SDM     : StrategyImpl::SetIdleTimeoutMs: Idle timeout set to zero for command mode panels
09-01 16:31:26.720   901  2806 I sensors-hal: [ssc_utils]get_qmi_debug_flag:244, support_qmi_debug : false
09-01 16:31:26.723  1513  1572 I DisplayManagerService: Display device changed: DisplayDeviceInfo{"Built-in Screen": uniqueId="local:19260504575090817", 1080 x 2340, modeId 2, defaultModeId 2, supportedModes [{id=1, width=1080, height=2340, fps=90.0}, {id=2, width=1080, height=2340, fps=60.000004}], colorMode 0, supportedColorModes [0, 7, 9], HdrCapabilities HdrCapabilities{mSupportedHdrTypes=[2, 3, 4], mMaxLuminance=500.0, mMaxAverageLuminance=500.0, mMinLuminance=0.0}, allmSupported false, gameContentTypeSupported false, density 440, 435.428 x 433.839 dpi, appVsyncOff 2333332, presDeadline 11500000, cutout DisplayCutout{insets=Rect(0, 136 - 0, 0) waterfall=Insets{left=0, top=0, right=0, bottom=0} boundingRect={Bounds=[Rect(0, 0 - 0, 0), Rect(0, 0 - 136, 136), Rect(0, 0 - 0, 0), Rect(0, 0 - 0, 0)]}}, touch INTERNAL, rotation 0, type INTERNAL, address {port=129, model=0x446d53ad64a0}, deviceProductInfo DeviceProductInfo{name=, manufacturerPnpId=QCM, productId=1, modelYear=null, manufactureDate=ManufactureDate{week=27, year=2006}, relativeAddress=null}, state ON, FLAG_DEFAULT_DISPLAY, FLAG_ROTATES_WITH_CONTENT, FLAG_SECURE, FLAG_SUPPORTS_PROTECTED_BUFFERS}
09-01 16:31:26.724   901  1000 W ASH     : @ 23873.178: Unhandled msg ID 999: line 1277
09-01 16:31:26.724   901  1000 E ASH     : @ 23873.178: No pb callback assigned
09-01 16:31:26.724   901  1000 E ASH     : @ 23873.178: Nanopb error: callback failed:1588
09-01 16:31:26.729  1513  3375 D CompatibilityChangeReporter: Compat change id reported: 136274596; UID 10261; state: ENABLED
09-01 16:31:26.736  2858  2858 I GoogleInputMethodService: GoogleInputMethodService.onFinishInput():3280 
09-01 16:31:26.737   594   594 I SDM     : StrategyImpl::SetIdleTimeoutMs: Idle timeout set to zero for command mode panels
09-01 16:31:26.739  2858  2858 I GoogleInputMethodService: GoogleInputMethodService.updateDeviceLockedStatus():2169 repeatCheckTimes = 0, unlocked = true
09-01 16:31:26.739  2858  2858 I GoogleInputMethodService: GoogleInputMethodService.onStartInput():1960 onStartInput(EditorInfo{inputType=0x0(NULL) imeOptions=0x0 privateImeOptions=null actionName=UNSPECIFIED actionLabel=null actionId=0 initialSelStart=-1 initialSelEnd=-1 initialCapsMode=0x0 hintText=null label=null packageName=com.opera.browser fieldId=2131361887 fieldName=null extras=null}, false)
09-01 16:31:26.739  2858  2858 I GoogleInputMethodService: GoogleInputMethodService.shouldHideHeaderOnInitialState():4081 ShouldHideHeaderOnInitialState = false
09-01 16:31:26.739  2858  2858 I GoogleInputMethodService: GoogleInputMethodService.updateDeviceLockedStatus():2169 repeatCheckTimes = 2, unlocked = true
09-01 16:31:26.747   594   594 I SDM     : HWDeviceDRM::UpdateMixerAttributes: Mixer WxH 1080x2340-1 for Peripheral
09-01 16:31:26.747   594   594 I SDM     : DisplayBase::SetActiveConfig: Active configuration changed to: 1
09-01 16:31:26.747   594   594 I SDM     : StrategyImpl::SetIdleTimeoutMs: Idle timeout set to zero for command mode panels
09-01 16:31:26.749   901  2806 I sensors-hal: [ssc_utils]get_qmi_debug_flag:244, support_qmi_debug : false
09-01 16:31:26.751  1513  1572 I DisplayManagerService: Display device changed: DisplayDeviceInfo{"Built-in Screen": uniqueId="local:19260504575090817", 1080 x 2340, modeId 1, defaultModeId 2, supportedModes [{id=1, width=1080, height=2340, fps=90.0}, {id=2, width=1080, height=2340, fps=60.000004}], colorMode 0, supportedColorModes [0, 7, 9], HdrCapabilities HdrCapabilities{mSupportedHdrTypes=[2, 3, 4], mMaxLuminance=500.0, mMaxAverageLuminance=500.0, mMinLuminance=0.0}, allmSupported false, gameContentTypeSupported false, density 440, 435.428 x 433.839 dpi, appVsyncOff 2333333, presDeadline 11500000, cutout DisplayCutout{insets=Rect(0, 136 - 0, 0) waterfall=Insets{left=0, top=0, right=0, bottom=0} boundingRect={Bounds=[Rect(0, 0 - 0, 0), Rect(0, 0 - 136, 136), Rect(0, 0 - 0, 0), Rect(0, 0 - 0, 0)]}}, touch INTERNAL, rotation 0, type INTERNAL, address {port=129, model=0x446d53ad64a0}, deviceProductInfo DeviceProductInfo{name=, manufacturerPnpId=QCM, productId=1, modelYear=null, manufactureDate=ManufactureDate{week=27, year=2006}, relativeAddress=null}, state ON, FLAG_DEFAULT_DISPLAY, FLAG_ROTATES_WITH_CONTENT, FLAG_SECURE, FLAG_SUPPORTS_PROTECTED_BUFFERS}
09-01 16:31:26.764   901  1000 W ASH     : @ 23873.218: Unhandled msg ID 999: line 1277
09-01 16:31:26.764   901  1000 E ASH     : @ 23873.218: No pb callback assigned
09-01 16:31:26.764   901  1000 E ASH     : @ 23873.218: Nanopb error: callback failed:1588
09-01 16:31:26.778  6249  6249 W dboxed_process: JIT profile information will not be recorded: profile file does not exist.
09-01 16:31:26.778  6249  6249 W dboxed_process: JIT profile information will not be recorded: profile file does not exist.
09-01 16:31:26.784   901  1000 W ASH     : @ 23873.238: Unhandled msg ID 999: line 1277
09-01 16:31:26.784   901  1000 E ASH     : @ 23873.238: No pb callback assigned
09-01 16:31:26.784   901  1000 E ASH     : @ 23873.238: Nanopb error: callback failed:1588
09-01 16:31:26.788  6249  6249 D NetworkSecurityConfig: Using Network Security Config from resource network_security_config_official_build debugBuild: false
09-01 16:31:26.789  6249  6249 D NetworkSecurityConfig: Using Network Security Config from resource network_security_config_official_build debugBuild: false
09-01 16:31:26.791  5678  6203 I BatteryMgr:DataCollectionService: stats => 1693578686791,5798,4419
09-01 16:31:26.884  1513  2093 W AutofillInlineSuggestionsRequestSession: Never received an InlineSuggestionsRequest from the IME for 1073741824@1391789986
09-01 16:31:26.884  2512  2512 V InlineSuggestionRenderService: handleDestroySuggestionViews called for 0:1391789986
09-01 16:31:26.895  5678  6203 I BatteryMgr:DataCollectionService: stats => 1693578686895,5798,4419
09-01 16:31:26.905  1075   812 W ServiceManager: Permission failure: android.permission.SYSTEM_CAMERA from uid=10261 pid=5737
09-01 16:31:26.907  1075   812 I chatty  : uid=1047(cameraserver) Binder:1075_8 identical 4 lines
09-01 16:31:26.907  1075   812 W ServiceManager: Permission failure: android.permission.SYSTEM_CAMERA from uid=10261 pid=5737
09-01 16:31:26.916  5737  5737 I AssistStructure: Flattened final assist data: 6412 bytes, containing 1 windows, 52 views
09-01 16:31:26.917  1513  6264 D ContentCapturePerUserService: Notified activity assist data for activity: Token{ea6325f ActivityRecord{49694ac u0 com.opera.browser/com.opera.Opera t1142}} without a session Id
09-01 16:31:26.944  1513  2000 D ConnectivityService: NetReassign [no changes]
09-01 16:31:27.000  5678  6203 I BatteryMgr:DataCollectionService: stats => 1693578687000,5798,4419
09-01 16:31:27.103  5678  6203 I BatteryMgr:DataCollectionService: stats => 1693578687103,5798,4419
09-01 16:31:27.112  1075   812 W ServiceManager: Permission failure: android.permission.SYSTEM_CAMERA from uid=10261 pid=5737
09-01 16:31:27.114  1075   812 I chatty  : uid=1047(cameraserver) Binder:1075_8 identical 4 lines
09-01 16:31:27.115  1075   812 W ServiceManager: Permission failure: android.permission.SYSTEM_CAMERA from uid=10261 pid=5737
09-01 16:31:27.208  5678  6203 I BatteryMgr:DataCollectionService: stats => 1693578687208,5798,4419
09-01 16:31:27.313  5678  6203 I BatteryMgr:DataCollectionService: stats => 1693578687313,5798,4419
09-01 16:31:27.416  5678  6203 I BatteryMgr:DataCollectionService: stats => 1693578687416,5798,4419
09-01 16:31:27.459  1075   812 W ServiceManager: Permission failure: android.permission.SYSTEM_CAMERA from uid=10261 pid=5737
09-01 16:31:27.460  1075   812 I chatty  : uid=1047(cameraserver) Binder:1075_8 identical 4 lines
09-01 16:31:27.461  1075   812 W ServiceManager: Permission failure: android.permission.SYSTEM_CAMERA from uid=10261 pid=5737
09-01 16:31:27.521  5678  6203 I BatteryMgr:DataCollectionService: stats => 1693578687521,5798,4419
09-01 16:31:27.628  5678  6203 I BatteryMgr:DataCollectionService: stats => 1693578687628,5798,4419
09-01 16:31:27.734  5678  6203 I BatteryMgr:DataCollectionService: stats => 1693578687734,5798,4419
09-01 16:31:27.840  5678  6203 I BatteryMgr:DataCollectionService: stats => 1693578687840,5798,4419
09-01 16:31:27.846   901  2806 I sensors-hal: [ssc_utils]get_qmi_debug_flag:244, support_qmi_debug : false
09-01 16:31:27.884   901  1000 W ASH     : @ 23874.338: Unhandled msg ID 999: line 1277
09-01 16:31:27.884   901  1000 E ASH     : @ 23874.338: No pb callback assigned
09-01 16:31:27.884   901  1000 E ASH     : @ 23874.338: Nanopb error: callback failed:1588
09-01 16:31:27.946  5678  6203 I BatteryMgr:DataCollectionService: stats => 1693578687946,5798,4419
09-01 16:31:28.052  5678  6203 I BatteryMgr:DataCollectionService: stats => 1693578688052,5798,4419
09-01 16:31:28.140   901  1000 D VSC     : @ 23874.594: [WO] tilt angle 89
09-01 16:31:28.159  5678  6203 I BatteryMgr:DataCollectionService: stats => 1693578688159,5798,4419
09-01 16:31:28.265  5678  6203 I BatteryMgr:DataCollectionService: stats => 1693578688265,5798,4419
09-01 16:31:28.369  5678  6203 I BatteryMgr:DataCollectionService: stats => 1693578688368,5798,4419
09-01 16:31:28.474  5678  6203 I BatteryMgr:DataCollectionService: stats => 1693578688474,5798,4419
09-01 16:31:28.545   901  2806 I sensors-hal: [ssc_utils]get_qmi_debug_flag:244, support_qmi_debug : false
09-01 16:31:28.564   901  1000 W ASH     : @ 23875.018: Unhandled msg ID 999: line 1277
09-01 16:31:28.564   901  1000 E ASH     : @ 23875.018: No pb callback assigned
09-01 16:31:28.564   901  1000 E ASH     : @ 23875.018: Nanopb error: callback failed:1588
09-01 16:31:28.580  5678  6203 I BatteryMgr:DataCollectionService: stats => 1693578688580,5798,4419
09-01 16:31:28.636   901  2806 I sensors-hal: [ssc_utils]get_qmi_debug_flag:244, support_qmi_debug : false
09-01 16:31:28.643   901  1000 W ASH     : @ 23875.098: Unhandled msg ID 999: line 1277
09-01 16:31:28.643   901  1000 E ASH     : @ 23875.098: No pb callback assigned
09-01 16:31:28.643   901  1000 E ASH     : @ 23875.098: Nanopb error: callback failed:1588
09-01 16:31:28.649   901  2806 I sensors-hal: [ssc_utils]get_qmi_debug_flag:244, support_qmi_debug : false
09-01 16:31:28.683   901  1000 W ASH     : @ 23875.138: Unhandled msg ID 999: line 1277
09-01 16:31:28.684   901  1000 E ASH     : @ 23875.138: No pb callback assigned
09-01 16:31:28.684   901  1000 E ASH     : @ 23875.138: Nanopb error: callback failed:1588
09-01 16:31:28.684  5678  6203 I BatteryMgr:DataCollectionService: stats => 1693578688684,5798,4419
09-01 16:31:28.763   901  2806 I sensors-hal: [ssc_utils]get_qmi_debug_flag:244, support_qmi_debug : false
09-01 16:31:28.782   901  1000 W ASH     : @ 23875.236: Unhandled msg ID 999: line 1277
09-01 16:31:28.782   901  1000 E ASH     : @ 23875.236: No pb callback assigned
09-01 16:31:28.782   901  1000 E ASH     : @ 23875.236: Nanopb error: callback failed:1588
09-01 16:31:28.788  5678  6203 I BatteryMgr:DataCollectionService: stats => 1693578688788,5798,4419
09-01 16:31:28.894  5678  6203 I BatteryMgr:DataCollectionService: stats => 1693578688894,5798,4419
09-01 16:31:28.998  5678  6203 I BatteryMgr:DataCollectionService: stats => 1693578688998,5798,4419
09-01 16:31:29.102  5678  6203 I BatteryMgr:DataCollectionService: stats => 1693578689102,5798,4419
09-01 16:31:29.207  5678  6203 I BatteryMgr:DataCollectionService: stats => 1693578689207,-28991,4419
09-01 16:31:29.314  5678  6203 I BatteryMgr:DataCollectionService: stats => 1693578689313,-28991,4419
09-01 16:31:29.420  5678  6203 I BatteryMgr:DataCollectionService: stats => 1693578689420,-28991,4419
09-01 16:31:29.527  5678  6203 I BatteryMgr:DataCollectionService: stats => 1693578689527,-28991,4419
09-01 16:31:29.634  5678  6203 I BatteryMgr:DataCollectionService: stats => 1693578689633,-28991,4419
09-01 16:31:29.738  5678  6203 I BatteryMgr:DataCollectionService: stats => 1693578689738,-28991,4419
09-01 16:31:29.845  5678  6203 I BatteryMgr:DataCollectionService: stats => 1693578689844,-28991,4419
09-01 16:31:29.952  5678  6203 I BatteryMgr:DataCollectionService: stats => 1693578689951,-28991,4419
09-01 16:31:29.959  1513  2000 D ConnectivityService: NetReassign [no changes]
09-01 16:31:30.058  5678  6203 I BatteryMgr:DataCollectionService: stats => 1693578690058,-28991,4419
09-01 16:31:30.138   901  1000 D VSC     : @ 23876.592: [WO] tilt angle 89
09-01 16:31:30.164  5678  6203 I BatteryMgr:DataCollectionService: stats => 1693578690164,-28991,4419
09-01 16:31:30.271  5678  6203 I BatteryMgr:DataCollectionService: stats => 1693578690270,-28991,4419
09-01 16:31:30.376  5678  6203 I BatteryMgr:DataCollectionService: stats => 1693578690376,-28991,4419
09-01 16:31:30.483  5678  6203 I BatteryMgr:DataCollectionService: stats => 1693578690483,-28991,4419
09-01 16:31:30.590  5678  6203 I BatteryMgr:DataCollectionService: stats => 1693578690589,-28991,4419
09-01 16:31:30.696  5678  6203 I BatteryMgr:DataCollectionService: stats => 1693578690696,-28991,4419
09-01 16:31:30.803  5678  6203 I BatteryMgr:DataCollectionService: stats => 1693578690803,-28991,4419
09-01 16:31:30.891   901  2806 I sensors-hal: [ssc_utils]get_qmi_debug_flag:244, support_qmi_debug : false
09-01 16:31:30.903   594   594 I SDM     : HWDeviceDRM::UpdateMixerAttributes: Mixer WxH 1080x2340-1 for Peripheral
09-01 16:31:30.903   594   594 I SDM     : DisplayBase::SetActiveConfig: Active configuration changed to: 0
09-01 16:31:30.903   594   594 I SDM     : StrategyImpl::SetIdleTimeoutMs: Idle timeout set to zero for command mode panels
09-01 16:31:30.908   901  2806 I sensors-hal: [ssc_utils]get_qmi_debug_flag:244, support_qmi_debug : false
09-01 16:31:30.908  5678  6203 I BatteryMgr:DataCollectionService: stats => 1693578690908,-28991,4419
09-01 16:31:30.914  1513  1572 I DisplayManagerService: Display device changed: DisplayDeviceInfo{"Built-in Screen": uniqueId="local:19260504575090817", 1080 x 2340, modeId 2, defaultModeId 2, supportedModes [{id=1, width=1080, height=2340, fps=90.0}, {id=2, width=1080, height=2340, fps=60.000004}], colorMode 0, supportedColorModes [0, 7, 9], HdrCapabilities HdrCapabilities{mSupportedHdrTypes=[2, 3, 4], mMaxLuminance=500.0, mMaxAverageLuminance=500.0, mMinLuminance=0.0}, allmSupported false, gameContentTypeSupported false, density 440, 435.428 x 433.839 dpi, appVsyncOff 2333332, presDeadline 11500000, cutout DisplayCutout{insets=Rect(0, 136 - 0, 0) waterfall=Insets{left=0, top=0, right=0, bottom=0} boundingRect={Bounds=[Rect(0, 0 - 0, 0), Rect(0, 0 - 136, 136), Rect(0, 0 - 0, 0), Rect(0, 0 - 0, 0)]}}, touch INTERNAL, rotation 0, type INTERNAL, address {port=129, model=0x446d53ad64a0}, deviceProductInfo DeviceProductInfo{name=, manufacturerPnpId=QCM, productId=1, modelYear=null, manufactureDate=ManufactureDate{week=27, year=2006}, relativeAddress=null}, state ON, FLAG_DEFAULT_DISPLAY, FLAG_ROTATES_WITH_CONTENT, FLAG_SECURE, FLAG_SUPPORTS_PROTECTED_BUFFERS}
09-01 16:31:30.924   901  1000 W ASH     : @ 23877.378: Unhandled msg ID 999: line 1277
09-01 16:31:30.924   901  1000 E ASH     : @ 23877.378: No pb callback assigned
09-01 16:31:30.924   901  1000 E ASH     : @ 23877.378: Nanopb error: callback failed:1588
09-01 16:31:30.932   594   594 I SDM     : StrategyImpl::SetIdleTimeoutMs: Idle timeout set to zero for command mode panels
09-01 16:31:31.014  5678  6203 I BatteryMgr:DataCollectionService: stats => 1693578691014,-28991,4419
09-01 16:31:31.121  5678  6203 I BatteryMgr:DataCollectionService: stats => 1693578691121,-28991,4419
09-01 16:31:31.228  5678  6203 I BatteryMgr:DataCollectionService: stats => 1693578691227,-28991,4419
09-01 16:31:31.334  5678  6203 I BatteryMgr:DataCollectionService: stats => 1693578691334,-28991,4419
09-01 16:31:31.439  5678  6203 I BatteryMgr:DataCollectionService: stats => 1693578691439,-28991,4419
09-01 16:31:31.545  5678  6203 I BatteryMgr:DataCollectionService: stats => 1693578691545,-28991,4419
09-01 16:31:31.649  5678  6203 I BatteryMgr:DataCollectionService: stats => 1693578691649,-28991,4419
09-01 16:31:31.752  5678  6203 I BatteryMgr:DataCollectionService: stats => 1693578691752,-28991,4419
09-01 16:31:32.117  1513  6264 I ActivityManager: Force stopping com.opera.browser appid=10261 user=0: from pid 6368
09-01 16:31:32.118  1513  6264 I ActivityManager: Killing 5924:com.opera.browser:privileged_process0/u0a261 (adj 0): stop com.opera.browser due to from pid 6368
09-01 16:31:32.119  1513  6264 I ActivityManager: Killing 5737:com.opera.browser/u0a261 (adj 0): stop com.opera.browser due to from pid 6368
09-01 16:31:32.123  7733  7733 D BoundBrokerSvc: onUnbind: Intent { act=com.google.android.gms.measurement.START pkg=com.google.android.gms }
09-01 16:31:32.124  1513  6264 W ActivityTaskManager: Force removing ActivityRecord{49694ac u0 com.opera.browser/com.opera.Opera t1142 f}}: app died, no saved state
09-01 16:31:32.125  6025  6025 I dboxed_process: System.exit called, status: 0
09-01 16:31:32.126  6025  6025 I AndroidRuntime: VM exiting with result code 0, cleanup skipped.
09-01 16:31:32.126  6249  6249 I dboxed_process: System.exit called, status: 0
09-01 16:31:32.126  6249  6249 I AndroidRuntime: VM exiting with result code 0, cleanup skipped.
09-01 16:31:32.133   594   594 I SDM     : HWDeviceDRM::UpdateMixerAttributes: Mixer WxH 1080x2340-1 for Peripheral
09-01 16:31:32.133   594   594 I SDM     : DisplayBase::SetActiveConfig: Active configuration changed to: 1
09-01 16:31:32.133   594   594 I SDM     : StrategyImpl::SetIdleTimeoutMs: Idle timeout set to zero for command mode panels
09-01 16:31:32.135   901  1000 D VSC     : @ 23878.589: [WO] tilt angle 89
09-01 16:31:32.138   901  2806 I sensors-hal: [ssc_utils]get_qmi_debug_flag:244, support_qmi_debug : false
09-01 16:31:32.148  1513  6264 I ActivityManager: Killing 6025:com.opera.browser:sandboxed_process0/u0a261 (adj 0): stop com.opera.browser due to from pid 6368
09-01 16:31:32.149  1513  6264 I ActivityManager: Killing 6249:com.opera.browser:sandboxed_process1/u0a261 (adj 0): stop com.opera.browser due to from pid 6368
09-01 16:31:32.155  2474  2474 E PhoneInterfaceManager: [PhoneIntfMgr] getCarrierPackageNamesForIntentAndPhone: No UICC
09-01 16:31:32.155  2474  2474 D CarrierSvcBindHelper: No carrier app for: 0
09-01 16:31:32.158  6368  6370 I cmd     : oneway function results will be dropped but finished with status OK and parcel size 4
09-01 16:31:32.161  1513  3233 W ActivityManager: Unbind failed: could not find connection for android.os.BinderProxy@88fe289
09-01 16:31:32.163  1513  1572 W DisplayManagerService: Failed to notify process 5924 that displays changed, assuming it died.
09-01 16:31:32.163  1513  1572 W DisplayManagerService: android.os.DeadObjectException
09-01 16:31:32.163  1513  1572 W DisplayManagerService: 	at android.os.BinderProxy.transactNative(Native Method)
09-01 16:31:32.163  1513  1572 W DisplayManagerService: 	at android.os.BinderProxy.transact(BinderProxy.java:550)
09-01 16:31:32.163  1513  1572 W DisplayManagerService: 	at android.hardware.display.IDisplayManagerCallback$Stub$Proxy.onDisplayEvent(IDisplayManagerCallback.java:115)
09-01 16:31:32.163  1513  1572 W DisplayManagerService: 	at com.android.server.display.DisplayManagerService$CallbackRecord.notifyDisplayEventAsync(DisplayManagerService.java:1909)
09-01 16:31:32.163  1513  1572 W DisplayManagerService: 	at com.android.server.display.DisplayManagerService.deliverDisplayEvent(DisplayManagerService.java:1668)
09-01 16:31:32.163  1513  1572 W DisplayManagerService: 	at com.android.server.display.DisplayManagerService.access$700(DisplayManagerService.java:163)
09-01 16:31:32.163  1513  1572 W DisplayManagerService: 	at com.android.server.display.DisplayManagerService$DisplayManagerHandler.handleMessage(DisplayManagerService.java:1831)
09-01 16:31:32.163  1513  1572 W DisplayManagerService: 	at android.os.Handler.dispatchMessage(Handler.java:106)
09-01 16:31:32.163  1513  1572 W DisplayManagerService: 	at android.os.Looper.loop(Looper.java:223)
09-01 16:31:32.163  1513  1572 W DisplayManagerService: 	at android.os.HandlerThread.run(HandlerThread.java:67)
09-01 16:31:32.163  1513  1572 W DisplayManagerService: 	at com.android.server.ServiceThread.run(ServiceThread.java:44)
09-01 16:31:32.166  1513  1572 I DisplayManagerService: Display device changed: DisplayDeviceInfo{"Built-in Screen": uniqueId="local:19260504575090817", 1080 x 2340, modeId 1, defaultModeId 2, supportedModes [{id=1, width=1080, height=2340, fps=90.0}, {id=2, width=1080, height=2340, fps=60.000004}], colorMode 0, supportedColorModes [0, 7, 9], HdrCapabilities HdrCapabilities{mSupportedHdrTypes=[2, 3, 4], mMaxLuminance=500.0, mMaxAverageLuminance=500.0, mMinLuminance=0.0}, allmSupported false, gameContentTypeSupported false, density 440, 435.428 x 433.839 dpi, appVsyncOff 2333333, presDeadline 11500000, cutout DisplayCutout{insets=Rect(0, 136 - 0, 0) waterfall=Insets{left=0, top=0, right=0, bottom=0} boundingRect={Bounds=[Rect(0, 0 - 0, 0), Rect(0, 0 - 136, 136), Rect(0, 0 - 0, 0), Rect(0, 0 - 0, 0)]}}, touch INTERNAL, rotation 0, type INTERNAL, address {port=129, model=0x446d53ad64a0}, deviceProductInfo DeviceProductInfo{name=, manufacturerPnpId=QCM, productId=1, modelYear=null, manufactureDate=ManufactureDate{week=27, year=2006}, relativeAddress=null}, state ON, FLAG_DEFAULT_DISPLAY, FLAG_ROTATES_WITH_CONTENT, FLAG_SECURE, FLAG_SUPPORTS_PROTECTED_BUFFERS}
09-01 16:31:32.166   901  1000 W ASH     : @ 23878.621: Unhandled msg ID 999: line 1277
09-01 16:31:32.166   901  1000 E ASH     : @ 23878.621: No pb callback assigned
09-01 16:31:32.166   901  1000 E ASH     : @ 23878.621: Nanopb error: callback failed:1588
09-01 16:31:32.171   779   779 I Zygote  : Process 5924 exited due to signal 9 (Killed)
09-01 16:31:32.182  1513  1640 I libprocessgroup: Successfully killed process cgroup uid 10261 pid 5924 in 63ms
09-01 16:31:32.184  1513  1572 W DisplayManagerService: Failed to notify process 6249 that displays changed, assuming it died.
09-01 16:31:32.184  1513  1572 W DisplayManagerService: android.os.DeadObjectException
09-01 16:31:32.184  1513  1572 W DisplayManagerService: 	at android.os.BinderProxy.transactNative(Native Method)
09-01 16:31:32.184  1513  1572 W DisplayManagerService: 	at android.os.BinderProxy.transact(BinderProxy.java:550)
09-01 16:31:32.184  1513  1572 W DisplayManagerService: 	at android.hardware.display.IDisplayManagerCallback$Stub$Proxy.onDisplayEvent(IDisplayManagerCallback.java:115)
09-01 16:31:32.184  1513  1572 W DisplayManagerService: 	at com.android.server.display.DisplayManagerService$CallbackRecord.notifyDisplayEventAsync(DisplayManagerService.java:1909)
09-01 16:31:32.184  1513  1572 W DisplayManagerService: 	at com.android.server.display.DisplayManagerService.deliverDisplayEvent(DisplayManagerService.java:1668)
09-01 16:31:32.184  1513  1572 W DisplayManagerService: 	at com.android.server.display.DisplayManagerService.access$700(DisplayManagerService.java:163)
09-01 16:31:32.184  1513  1572 W DisplayManagerService: 	at com.android.server.display.DisplayManagerService$DisplayManagerHandler.handleMessage(DisplayManagerService.java:1831)
09-01 16:31:32.184  1513  1572 W DisplayManagerService: 	at android.os.Handler.dispatchMessage(Handler.java:106)
09-01 16:31:32.184  1513  1572 W DisplayManagerService: 	at android.os.Looper.loop(Looper.java:223)
09-01 16:31:32.184  1513  1572 W DisplayManagerService: 	at android.os.HandlerThread.run(HandlerThread.java:67)
09-01 16:31:32.184  1513  1572 W DisplayManagerService: 	at com.android.server.ServiceThread.run(ServiceThread.java:44)
09-01 16:31:32.200  3088  3657 I AssistantForeground: (REDACTED) Get launcher package: %s
09-01 16:31:32.200  8777  6378 I EuiccGoogle: [5348] EuiccServiceImpl.onGetEuiccProfileInfoList: onGetEuiccProfileInfoList: slotId = -1
09-01 16:31:32.204  3135  3135 D RegisteredNfcFServicesCache: Service unchanged, not updating
09-01 16:31:32.204   779   779 I Zygote  : Process 6249 exited cleanly (0)
09-01 16:31:32.205  8777  6378 W EuiccGoogle: [5348] EuiccServiceImpl.onGetEuiccProfileInfoList: slotId=-1. No eUICC is active. Return null.
09-01 16:31:32.208   779   779 I Zygote  : Process 6025 exited cleanly (0)
09-01 16:31:32.211  1513  3230 D ConnectivityService: ConnectivityService NetworkRequestInfo binderDied(NetworkRequest [ TRACK_DEFAULT id=1042, [ Capabilities: INTERNET&NOT_RESTRICTED&TRUSTED Uid: 10261 AdministratorUids: [] RequestorUid: 10261 RequestorPackageName: com.opera.browser] ], android.os.BinderProxy@c2b8e29)
09-01 16:31:32.211  1513  6264 D ConnectivityService: ConnectivityService NetworkRequestInfo binderDied(NetworkRequest [ LISTEN id=1043, [ Capabilities: INTERNET&NOT_RESTRICTED&TRUSTED&FOREGROUND Uid: 10261 AdministratorUids: [] RequestorUid: 10261 RequestorPackageName: com.opera.browser] ], android.os.BinderProxy@9235ae)
09-01 16:31:32.211  1513  3246 D ConnectivityService: ConnectivityService NetworkRequestInfo binderDied(NetworkRequest [ TRACK_DEFAULT id=1044, [ Capabilities: INTERNET&NOT_RESTRICTED&TRUSTED Uid: 10261 AdministratorUids: [] RequestorUid: 10261 RequestorPackageName: com.opera.browser] ], android.os.BinderProxy@83ac6dc)
09-01 16:31:32.212  1513  4618 D ConnectivityService: ConnectivityService NetworkRequestInfo binderDied(NetworkRequest [ LISTEN id=1045, [ Capabilities: INTERNET&NOT_RESTRICTED&TRUSTED&FOREGROUND Uid: 10261 AdministratorUids: [] RequestorUid: 10261 RequestorPackageName: com.opera.browser] ], android.os.BinderProxy@d300f4f)
09-01 16:31:32.212  1513  6264 D AutofillSession: handling death of Token{ea6325f ActivityRecord{49694ac u0 com.opera.browser/com.opera.Opera t-1 f}}} when saving=false
09-01 16:31:32.213   779   779 I Zygote  : Process 5737 exited due to signal 9 (Killed)
09-01 16:31:32.213  1513  2000 D ConnectivityService: releasing NetworkRequest [ TRACK_DEFAULT id=1042, [ Capabilities: INTERNET&NOT_RESTRICTED&TRUSTED Uid: 10261 AdministratorUids: [] RequestorUid: 10261 RequestorPackageName: com.opera.browser] ] (release request)
09-01 16:31:32.214  1513  2000 D ConnectivityService: releasing NetworkRequest [ TRACK_DEFAULT id=1044, [ Capabilities: INTERNET&NOT_RESTRICTED&TRUSTED Uid: 10261 AdministratorUids: [] RequestorUid: 10261 RequestorPackageName: com.opera.browser] ] (release request)
09-01 16:31:32.215  1513  1572 W ActivityManager: setHasOverlayUi called on unknown pid: 5737
09-01 16:31:32.224  2858  2858 I GoogleInputMethodService: GoogleInputMethodService.onFinishInput():3280 
09-01 16:31:32.224  2858  2858 I GoogleInputMethodService: GoogleInputMethodService.updateDeviceLockedStatus():2169 repeatCheckTimes = 0, unlocked = true
09-01 16:31:32.225  2858  2858 I GoogleInputMethodService: GoogleInputMethodService.onStartInput():1960 onStartInput(EditorInfo{inputType=0x0(NULL) imeOptions=0x0 privateImeOptions=null actionName=UNSPECIFIED actionLabel=null actionId=0 initialSelStart=-1 initialSelEnd=-1 initialCapsMode=0x0 hintText=null label=null packageName=com.example.batterymanager_utility fieldId=-1 fieldName=null extras=null}, false)
09-01 16:31:32.225  2858  2858 I GoogleInputMethodService: GoogleInputMethodService.shouldHideHeaderOnInitialState():4081 ShouldHideHeaderOnInitialState = false
09-01 16:31:32.225  2858  2858 I GoogleInputMethodService: GoogleInputMethodService.updateDeviceLockedStatus():2169 repeatCheckTimes = 2, unlocked = true
09-01 16:31:32.230  1513  1640 I libprocessgroup: Successfully killed process cgroup uid 10261 pid 5737 in 38ms
09-01 16:31:32.230  1513  1640 I libprocessgroup: Successfully killed process cgroup uid 10261 pid 6025 in 0ms
09-01 16:31:32.230  1513  1640 I libprocessgroup: Successfully killed process cgroup uid 10261 pid 6249 in 0ms
09-01 16:31:32.706   901  2806 I sensors-hal: [ssc_utils]get_qmi_debug_flag:244, support_qmi_debug : false
09-01 16:31:32.723   901  1000 W ASH     : @ 23879.178: Unhandled msg ID 999: line 1277
09-01 16:31:32.724   901  1000 E ASH     : @ 23879.178: No pb callback assigned
09-01 16:31:32.724   901  1000 E ASH     : @ 23879.178: Nanopb error: callback failed:1588
09-01 16:31:32.981  1513  2000 D ConnectivityService: NetReassign [no changes]
09-01 16:31:34.134   901  1000 D VSC     : @ 23880.587: [WO] tilt angle 89
09-01 16:31:35.349  1513  2172 I ActivityManager: Force stopping com.example.batterymanager_utility appid=10260 user=0: from pid 6388
09-01 16:31:35.349  1513  2172 I ActivityManager: Killing 5678:com.example.batterymanager_utility/u0a260 (adj 0): stop com.example.batterymanager_utility due to from pid 6388
09-01 16:31:35.350  1513  2172 W ActivityTaskManager: Force removing ActivityRecord{aa3b1e2 u0 com.example.batterymanager_utility/.MainActivity t1141 f}}: app died, no saved state
09-01 16:31:35.354   901  2806 I sensors-hal: [ssc_utils]get_qmi_debug_flag:244, support_qmi_debug : false
09-01 16:31:35.366   901  1000 W ASH     : @ 23881.819: Unhandled msg ID 999: line 1277
09-01 16:31:35.366   901  1000 E ASH     : @ 23881.819: No pb callback assigned
09-01 16:31:35.366   901  1000 E ASH     : @ 23881.819: Nanopb error: callback failed:1588
09-01 16:31:35.375  6388  6390 I cmd     : oneway function results will be dropped but finished with status OK and parcel size 4
09-01 16:31:35.376  2474  2474 E PhoneInterfaceManager: [PhoneIntfMgr] getCarrierPackageNamesForIntentAndPhone: No UICC
09-01 16:31:35.376  2474  2474 D CarrierSvcBindHelper: No carrier app for: 0
09-01 16:31:35.383  8777  6394 I EuiccGoogle: [5349] EuiccServiceImpl.onGetEuiccProfileInfoList: onGetEuiccProfileInfoList: slotId = -1
09-01 16:31:35.387  8777  6394 W EuiccGoogle: [5349] EuiccServiceImpl.onGetEuiccProfileInfoList: slotId=-1. No eUICC is active. Return null.
09-01 16:31:35.388  3135  3135 D RegisteredNfcFServicesCache: Service unchanged, not updating
09-01 16:31:35.396  3088  3653 I AssistantForeground: (REDACTED) Get launcher package: %s
09-01 16:31:35.405  2158  2158 I WallpaperService: engine resumed
09-01 16:31:35.406   901   901 W sensors@2.0-ser: type=1400 audit(0.0:2773): avc: denied { read write } for name="diag" dev="tmpfs" ino=12474 scontext=u:r:hal_sensors_default:s0 tcontext=u:object_r:diag_device:s0 tclass=chr_file permissive=0
09-01 16:31:35.406   901   901 W sensors@2.0-ser: type=1400 audit(0.0:2774): avc: denied { read write } for name="diag" dev="tmpfs" ino=12474 scontext=u:r:hal_sensors_default:s0 tcontext=u:object_r:diag_device:s0 tclass=chr_file permissive=0
09-01 16:31:35.407   901   901 I sensors-hal: [hal]batch_physical_sensor:301, android.sensor.gyroscope/41, period=20000000, max_latency=0
09-01 16:31:35.407   901   901 I sensors-hal: [hal]batch_physical_sensor:310, android.sensor.gyroscope/41, period=20000000, max_latency=0 request completed
09-01 16:31:35.407   901   901 I sensors-hal: [hal]activate_physical_sensor:238, android.sensor.gyroscope/41 en=1
09-01 16:31:35.407   901   901 I sensors-hal: [ssc_utils]get_qmi_debug_flag:244, support_qmi_debug : false
09-01 16:31:35.411   901   901 D Diag_Lib:  Diag_LSM_Init: Failed to open handle to diag driver, error = 13
09-01 16:31:35.411   901   901 D Diag_Lib:  Diag_LSM_Init: Failed to open handle to diag driver, error = 13
09-01 16:31:35.411   901   901 I sensors-hal: [ssc_sensor]update_handle:537, handle=331, type=33, wakeup=0, hwid=0, base=331
09-01 16:31:35.411   901   901 I sensors-hal: [ssc_utils]get_qmi_debug_flag:244, support_qmi_debug : false
09-01 16:31:35.413   778   778 I Zygote  : Process 5678 exited due to signal 9 (Killed)
09-01 16:31:35.418   901  1000 W SEE     : @ 23881.872: adding req to Q sensor=8 req=0xb2027998 msg=513
09-01 16:31:35.418   901   901 I sensors-hal: [ssc_utils]get_qmi_debug_flag:244, support_qmi_debug : false
09-01 16:31:35.422   901  6400 I sensors-hal: [ssc_sensor]ssc_conn_resp_cb:663, resp_value = 0
09-01 16:31:35.422   901  6400 I sensors-hal: [sensor]submit_sensors_hal_event:146, android.sensor.additional_info: trying to push empty Events, count = 0
09-01 16:31:35.422   901  6400 I sensors-hal: [sensor]submit_sensors_hal_event:146, android.sensor.additional_info: trying to push empty Events, count = 0
09-01 16:31:35.423  3088  3088 I GsaVoiceInteractionSrv: Handling ACTION_START_HOTWORD
09-01 16:31:35.423  3088  3620 I GsaVoiceInteractionSrv: (REDACTED) disregardVoiceMatch: %b
09-01 16:31:35.423  3088  3620 I GsaVoiceInteractionSrv: Cannot start hotword, hotword has been explicitly disabled.
09-01 16:31:35.426  1513  1572 W ActivityManager: setHasOverlayUi called on unknown pid: 5678
09-01 16:31:35.430   901   901 I sensors-hal: [hal]activate_physical_sensor:249, android.sensor.gyroscope/41 en=1 completed
09-01 16:31:35.431  2858  2858 I GoogleInputMethodService: GoogleInputMethodService.onFinishInput():3280 
09-01 16:31:35.432   901  1000 W SEE     : @ 23881.886: adding req to Q sensor=2 req=0xb202e178 msg=513
09-01 16:31:35.432   901  6405 I sensors-hal: [ssc_sensor]ssc_conn_resp_cb:663, resp_value = 0
09-01 16:31:35.433  2858  2858 I GoogleInputMethodService: GoogleInputMethodService.updateDeviceLockedStatus():2169 repeatCheckTimes = 0, unlocked = true
09-01 16:31:35.433  2858  2858 I GoogleInputMethodService: GoogleInputMethodService.onStartInput():1960 onStartInput(EditorInfo{inputType=0x0(NULL) imeOptions=0x0 privateImeOptions=null actionName=UNSPECIFIED actionLabel=null actionId=0 initialSelStart=-1 initialSelEnd=-1 initialCapsMode=0x0 hintText=null label=null packageName=com.google.android.apps.nexuslauncher fieldId=-1 fieldName=null extras=null}, false)
09-01 16:31:35.433  2858  2858 I GoogleInputMethodService: GoogleInputMethodService.shouldHideHeaderOnInitialState():4081 ShouldHideHeaderOnInitialState = false
09-01 16:31:35.433  2858  2858 I GoogleInputMethodService: GoogleInputMethodService.updateDeviceLockedStatus():2169 repeatCheckTimes = 2, unlocked = true
09-01 16:31:35.434   901  6405 I sensors-hal: [sensor]submit_sensors_hal_event:146, android.sensor.gyroscope: trying to push empty Events, count = 1
09-01 16:31:35.434   901  6405 I chatty  : uid=1000(system) 41_see identical 1 line
09-01 16:31:35.434   901  6405 I sensors-hal: [sensor]submit_sensors_hal_event:146, android.sensor.gyroscope: trying to push empty Events, count = 1
09-01 16:31:35.442  1513  1640 I libprocessgroup: Successfully killed process cgroup uid 10260 pid 5678 in 91ms
09-01 16:31:35.452   901  6405 I sensors-hal: [sensor]submit_sensors_hal_event:146, android.sensor.gyroscope: trying to push empty Events, count = 1
09-01 16:31:35.640   594   594 I SDM     : HWDeviceDRM::UpdateMixerAttributes: Mixer WxH 1080x2340-1 for Peripheral
09-01 16:31:35.640   594   594 I SDM     : DisplayBase::SetActiveConfig: Active configuration changed to: 0
09-01 16:31:35.640   594   594 I SDM     : StrategyImpl::SetIdleTimeoutMs: Idle timeout set to zero for command mode panels
09-01 16:31:35.649   901  2806 I sensors-hal: [ssc_utils]get_qmi_debug_flag:244, support_qmi_debug : false
09-01 16:31:35.661  1513  1572 I DisplayManagerService: Display device changed: DisplayDeviceInfo{"Built-in Screen": uniqueId="local:19260504575090817", 1080 x 2340, modeId 2, defaultModeId 2, supportedModes [{id=1, width=1080, height=2340, fps=90.0}, {id=2, width=1080, height=2340, fps=60.000004}], colorMode 0, supportedColorModes [0, 7, 9], HdrCapabilities HdrCapabilities{mSupportedHdrTypes=[2, 3, 4], mMaxLuminance=500.0, mMaxAverageLuminance=500.0, mMinLuminance=0.0}, allmSupported false, gameContentTypeSupported false, density 440, 435.428 x 433.839 dpi, appVsyncOff 2333332, presDeadline 11500000, cutout DisplayCutout{insets=Rect(0, 136 - 0, 0) waterfall=Insets{left=0, top=0, right=0, bottom=0} boundingRect={Bounds=[Rect(0, 0 - 0, 0), Rect(0, 0 - 136, 136), Rect(0, 0 - 0, 0), Rect(0, 0 - 0, 0)]}}, touch INTERNAL, rotation 0, type INTERNAL, address {port=129, model=0x446d53ad64a0}, deviceProductInfo DeviceProductInfo{name=, manufacturerPnpId=QCM, productId=1, modelYear=null, manufactureDate=ManufactureDate{week=27, year=2006}, relativeAddress=null}, state ON, FLAG_DEFAULT_DISPLAY, FLAG_ROTATES_WITH_CONTENT, FLAG_SECURE, FLAG_SUPPORTS_PROTECTED_BUFFERS}
09-01 16:31:35.663   594   594 I SDM     : StrategyImpl::SetIdleTimeoutMs: Idle timeout set to zero for command mode panels
09-01 16:31:35.683   901  1000 W ASH     : @ 23882.138: Unhandled msg ID 999: line 1277
09-01 16:31:35.683   901  1000 E ASH     : @ 23882.138: No pb callback assigned
09-01 16:31:35.683   901  1000 E ASH     : @ 23882.138: Nanopb error: callback failed:1588
09-01 16:31:36.004  1513  2000 D ConnectivityService: NetReassign [no changes]
09-01 16:31:36.164   901  1000 D VSC     : @ 23882.618: [WO] tilt angle 89
09-01 16:31:38.164   901  1000 D VSC     : @ 23884.618: [WO] tilt angle 89
09-01 16:31:40.164   901  1000 D VSC     : @ 23886.618: [WO] tilt angle 89
