09-02 19:40:11.905  7881  4245 D omnistore_android_logger: SyncProtocol calling onConnectionEstablished callbacks
09-02 19:40:11.905  7881  4245 D omnistore_android_logger: Removing all queue based subscriptions from rewire state
09-02 19:40:11.907  7881  4245 D omnistore_android_logger: SendQueue::onConnectionEstablished: sending 0 transaction(s)
09-02 19:40:11.907  7881  4260 D omnistore_android_logger: SubscriptionManager::onConnectionEstablished is called back
09-02 19:40:11.916  7881  4245 D omnistore_android_logger: AlarmManager::clearAlarmTimer for key=SyncProtocol::onConnectionEstablished 
09-02 19:40:11.925  7881  4260 I omnistore_android_logger: Client sent CreateSubscriptionRequest for queue: facebook_universal_prefs_v2:100087196392327
09-02 19:40:11.930  7881  4260 I omnistore_android_logger: Client sent connect message
09-02 19:40:11.935 31321 31706 I BatteryMgr:DataCollectionService: stats => 1693676411935,138,4313
09-02 19:40:12.040 31321 31706 I BatteryMgr:DataCollectionService: stats => 1693676412040,138,4313
09-02 19:40:12.119 31368 31396 D GeckoIdleService: Get idle time: time since reset 5009 msec
09-02 19:40:12.119 31368 31396 D GeckoIdleService: Idle timer callback: current idle time 5009 msec
09-02 19:40:12.120 31368 31396 D GeckoIdleService: next timeout 174990 msec from now
09-02 19:40:12.120 31368 31396 D GeckoIdleService: SetTimerExpiryIfBefore: next timeout 174990 msec from now
09-02 19:40:12.120 31368 31396 D GeckoIdleService: reset timer expiry to 175000 msec from now
09-02 19:40:12.120 31368 31396 D GeckoIdleService: Idle timer callback: tell observer 0x7c12b24a88 user is idle
09-02 19:40:12.145 31321 31706 I BatteryMgr:DataCollectionService: stats => 1693676412145,138,4313
09-02 19:40:12.249 31321 31706 I BatteryMgr:DataCollectionService: stats => 1693676412249,138,4313
09-02 19:40:12.360 31321 31706 I BatteryMgr:DataCollectionService: stats => 1693676412360,138,4313
09-02 19:40:12.471 31321 31706 I BatteryMgr:DataCollectionService: stats => 1693676412471,138,4313
09-02 19:40:12.583 31321 31706 I BatteryMgr:DataCollectionService: stats => 1693676412582,138,4313
09-02 19:40:12.694 31321 31706 I BatteryMgr:DataCollectionService: stats => 1693676412693,138,4313
09-02 19:40:12.805 31321 31706 I BatteryMgr:DataCollectionService: stats => 1693676412804,138,4313
09-02 19:40:12.915 31321 31706 I BatteryMgr:DataCollectionService: stats => 1693676412915,138,4313
09-02 19:40:13.025 31321 31706 I BatteryMgr:DataCollectionService: stats => 1693676413025,138,4313
09-02 19:40:13.136 31321 31706 I BatteryMgr:DataCollectionService: stats => 1693676413136,138,4313
09-02 19:40:13.246 31321 31706 I BatteryMgr:DataCollectionService: stats => 1693676413246,138,4313
09-02 19:40:13.281  3979  9236 D SamsungAlarmManager: Cancel Alarm calling from uid:10102 pid :7881 / op:PendingIntent{8bb2158: PendingIntentRecord{e724a47 com.facebook.katana broadcastIntent}}
09-02 19:40:13.357 31321 31706 I BatteryMgr:DataCollectionService: stats => 1693676413357,138,4313
09-02 19:40:13.468 31321 31706 I BatteryMgr:DataCollectionService: stats => 1693676413468,138,4313
09-02 19:40:13.579 31321 31706 I BatteryMgr:DataCollectionService: stats => 1693676413579,138,4313
09-02 19:40:13.687 31321 31706 I BatteryMgr:DataCollectionService: stats => 1693676413687,138,4313
09-02 19:40:13.797 31321 31706 I BatteryMgr:DataCollectionService: stats => 1693676413797,138,4313
09-02 19:40:13.903 31321 31706 I BatteryMgr:DataCollectionService: stats => 1693676413903,138,4313
09-02 19:40:13.949  3979  5966 D ConnectivityService: filterNetworkStateForUid() uid: 10154 networkInfo: [type: WIFI[] - WIFI, state: CONNECTED/CONNECTED, reason: (unspecified), extra: "WiFi 69", failover: false, available: true, roaming: false, metered: false]
09-02 19:40:13.958  3979  5966 D ConnectivityService: filterNetworkStateForUid() uid: 10154 networkInfo: [type: WIFI[] - WIFI, state: CONNECTED/CONNECTED, reason: (unspecified), extra: "WiFi 69", failover: false, available: true, roaming: false, metered: false]
09-02 19:40:13.962  3979  9236 D ConnectivityService: filterNetworkStateForUid() uid: 10154 networkInfo: [type: WIFI[] - WIFI, state: CONNECTED/CONNECTED, reason: (unspecified), extra: "WiFi 69", failover: false, available: true, roaming: false, metered: false]
09-02 19:40:13.967  3979  9236 D ConnectivityService: filterNetworkStateForUid() uid: 10154 networkInfo: [type: WIFI[] - WIFI, state: CONNECTED/CONNECTED, reason: (unspecified), extra: "WiFi 69", failover: false, available: true, roaming: false, metered: false]
09-02 19:40:14.008 31321 31706 I BatteryMgr:DataCollectionService: stats => 1693676414008,138,4313
09-02 19:40:14.091 31368 31368 I GeckoSession: handleMessage GeckoView:PageStop uri=null
09-02 19:40:14.099 31368 31432 I SessionStorage/AutoSave: Save: Load finished
09-02 19:40:14.114 31321 31706 I BatteryMgr:DataCollectionService: stats => 1693676414114,138,4313
09-02 19:40:14.116  3979  5966 D ConnectivityService: filterNetworkStateForUid() uid: 10025 networkInfo: [type: WIFI[] - WIFI, state: CONNECTED/CONNECTED, reason: (unspecified), extra: "WiFi 69", failover: false, available: true, roaming: false, metered: false]
09-02 19:40:14.129  3979  5966 D ConnectivityService: filterNetworkStateForUid() uid: 10025 networkInfo: [type: WIFI[] - WIFI, state: CONNECTED/CONNECTED, reason: (unspecified), extra: "WiFi 69", failover: false, available: true, roaming: false, metered: false]
09-02 19:40:14.219 31321 31706 I BatteryMgr:DataCollectionService: stats => 1693676414219,138,4313
09-02 19:40:14.262 31368 31373 I zygote64: Do full code cache collection, code=1017KB, data=506KB
09-02 19:40:14.265 31368 31373 I zygote64: After code cache collection, code=820KB, data=388KB
09-02 19:40:14.311 31368 31695 I zygote64: Deoptimizing boolean kotlinx.coroutines.JobSupport.isActive() due to JIT inline cache
09-02 19:40:14.334 31321 31706 I BatteryMgr:DataCollectionService: stats => 1693676414334,138,4313
09-02 19:40:14.336  7881  4225 E fb4a.msys: E[N data-request]_HandleDataResponse(1782)=>Data request error for task e63406a6-1f01-4007-8b05-7ec6c81de126 (response type 1): (null)
09-02 19:40:14.337  7881  4229 E fb4a.msys: E[S task_queue_handling]MCDLightSpeedTaskExecutorNetworkCompletionCallback(1017)=>Handling send error for taskId=6 batchSize=1 queue=secure_message_over_wa_generate_cat
09-02 19:40:14.338  7881  4229 E fb4a.msys: E[S task_queue_handling]MCDLightSpeedTaskExecutorNetworkCompletionCallback(1071)=>Error content with 18 bytes: Error Domain=com.facebook.http.error Code=401 UserInfo=0xc91e2600 {MCFErrorDirectLocalizedDescriptionKey=Client error}
09-02 19:40:14.354  7881 31258 E fb4a.T157805820: TigonMhrLogger::logRequestIfNeeded
09-02 19:40:14.354  7881 31258 E fb4a.T157805820: TigonWifiInfoLogger::init
09-02 19:40:14.354  7881 31258 E fb4a.T157805820: TigonMhrFbcLogger::logRequestIfNeeded
09-02 19:40:14.355  7881 31258 E fb4a.T157805820: TigonCellTowerInfoLogger::logRequestIfNeeded
09-02 19:40:14.355  7881 31258 E fb4a.T157805820: TigonCertificateVerificationLogger::logRequestIfNeeded
09-02 19:40:14.355  7881 31258 E fb4a.T157805820: TigonTransientAnalysisLogger::logRequestIfNeeded
09-02 19:40:14.355  7881 31258 E fb4a.T157805820: TigonProviderConnectionDeviceInfoLogger::logRequestIfNeeded
09-02 19:40:14.355  7881 31258 E fb4a.T157805820: TigonCellTowerInfoPapayaLogger::logRequestIfNeeded
09-02 19:40:14.355  7881 31258 E fb4a.T157805820: NetworkUtilisationLogger::logRequestIfNeeded
09-02 19:40:14.372  4962  4962 D io_stats: !@ 179,0 r 830336 24602044 w 676384 13623336 d 73280 21137036 f 157630 161489 iot 766212 645319 th 51200 0 0 pt 0 inp 0 0 66947.617
09-02 19:40:14.439 31321 31706 I BatteryMgr:DataCollectionService: stats => 1693676414439,138,4313
09-02 19:40:14.452  3979  6899 D SSRM:G  : SIOP:: AP = 330, PST = 311 (W:10), BAT = 279, USB = 0, CHG = 0
09-02 19:40:14.544 31321 31706 I BatteryMgr:DataCollectionService: stats => 1693676414544,138,4313
09-02 19:40:14.648 31321 31706 I BatteryMgr:DataCollectionService: stats => 1693676414648,138,4313
09-02 19:40:14.754 31321 31706 I BatteryMgr:DataCollectionService: stats => 1693676414754,138,4313
09-02 19:40:14.858 31321 31706 I BatteryMgr:DataCollectionService: stats => 1693676414858,138,4313
09-02 19:40:14.865  3449  3449 I android.hardware.wifi@1.0-service: getLinkLayerStats
09-02 19:40:14.963 31321 31706 I BatteryMgr:DataCollectionService: stats => 1693676414962,138,4313
09-02 19:40:15.068 31321 31706 I BatteryMgr:DataCollectionService: stats => 1693676415068,138,4313
09-02 19:40:15.172 31321 31706 I BatteryMgr:DataCollectionService: stats => 1693676415172,138,4313
09-02 19:40:15.277 31321 31706 I BatteryMgr:DataCollectionService: stats => 1693676415277,138,4313
09-02 19:40:15.355  3614  3927 D DnsProxyListener: DNSDBG::dns addrinfo af 2
09-02 19:40:15.381 31321 31706 I BatteryMgr:DataCollectionService: stats => 1693676415381,138,4313
09-02 19:40:15.486 31321 31706 I BatteryMgr:DataCollectionService: stats => 1693676415485,138,4313
09-02 19:40:15.511  3979  5966 D ConnectivityService: filterNetworkStateForUid() uid: 10102 networkInfo: [type: WIFI[] - WIFI, state: CONNECTED/CONNECTED, reason: (unspecified), extra: "WiFi 69", failover: false, available: true, roaming: false, metered: false]
09-02 19:40:15.514  3614  3927 D DnsProxyListener: DNSDBG::dns addrinfo af 2
09-02 19:40:15.514  7881  7881 E fb4a.Execution: Redirecting MSYS Execution scheduling from the UI thread to a custom executor
09-02 19:40:15.591 31321 31706 I BatteryMgr:DataCollectionService: stats => 1693676415591,138,4313
09-02 19:40:15.600  7881 31359 D omnistore_android_logger: DebouncingRateLimiter attempting event SyncProtocol::onConnectionEstablished
09-02 19:40:15.600  7881 31359 D omnistore_android_logger: AlarmManager::startAlarmTimer for key=SyncProtocol::onConnectionEstablished, it will wake up main thread to reschedule
09-02 19:40:15.600  7881 31359 W omnistore_android_logger: Event SyncProtocol::onConnectionEstablished rate limited for 26304 ms
09-02 19:40:15.600  7881  4245 D omnistore_android_logger: AlarmManager::mainLoop calling alarm callbacks. There are total 1 scheduled tasks, and about to trigger 0 tasks (first task is N/A), then sleep for 26303 ms
09-02 19:40:15.601  7881  7881 E fb4a.Execution: Redirecting MSYS Execution scheduling from the UI thread to a custom executor
09-02 19:40:15.653  7881  4231 E fb4a.msys: E[N MQTT]readEOF(124)=>TCPStreamTransport readEOF
09-02 19:40:15.653  7881  4231 E fb4a.msys: E[N MQTT]onEOF(699)=>LigerBasedStreamTransport onEOF
09-02 19:40:15.655  7881 30138 E fb4a.FBMsysMqttClientCallbacks: onPublish, onFailure, msgId = 8330, error = 2003
09-02 19:40:15.656  7881 30138 E fb4a.FBMsysMqttClientCallbacks: onPublish, onFailure, msgId = 8329, error = 2003
09-02 19:40:15.656  7881 30138 E fb4a.FBMsysMqttClientCallbacks: onPublish, onFailure, msgId = 8328, error = 2003
09-02 19:40:15.657  7881 30138 I omnistore_android_logger: Error in sending connect payload.
09-02 19:40:15.658  3979  6264 D ConnectivityService: filterNetworkStateForUid() uid: 10102 networkInfo: [type: WIFI[] - WIFI, state: CONNECTED/CONNECTED, reason: (unspecified), extra: "WiFi 69", failover: false, available: true, roaming: false, metered: false]
09-02 19:40:15.660  7881  4225 E fb4a.msys: E[N rtchannel]_rt_mqtt_publish_callback(430)=>Failed to publish the request over MQTT (possible duplicate log). token:020cf2e8-799a-4ab3-b754-b76f9a13e965, category:mcd-sync-data-task-category, requestId:27804, error:Error Domain=mqtt Code=2003 UserInfo=0xc91e2c00 {MCFErrorDirectLocalizedFailureReasonKey=2003, MCFErrorDirectDescriptionKey=2003}
09-02 19:40:15.660  7881  4229 E fb4a.msys: E[S sync]_createResponseError(195)=>Network Response 020cf2e8-799a-4ab3-b754-b76f9a13e965 contains sync error Error Domain=mqtt Code=2003 UserInfo=0xc91e2c00 {MCFErrorDirectLocalizedFailureReasonKey=2003, MCFErrorDirectDescriptionKey=2003} - Underlying error (null): Error Domain=mqtt Code=2003 UserInfo=0xc91e2c00 {MCFErrorDirectLocalizedFailureReasonKey=2003, MCFErrorDirectDescriptionKey=2003}
09-02 19:40:15.660  7881  4225 E fb4a.msys: E[N rtchannel]_rt_mqtt_publish_callback(430)=>Failed to publish the request over MQTT (possible duplicate log). token:a38214ae-7970-4f30-bdc6-2b40e20a3d9f, category:mcd-sync-data-task-category, requestId:11940, error:Error Domain=mqtt Code=2003 UserInfo=0xbad48600 {MCFErrorDirectLocalizedFailureReasonKey=2003, MCFErrorDirectDescriptionKey=2003}
09-02 19:40:15.660  7881  7881 W fb4a.MobileConfigFactoryImpl: SESSIONLESS factory used for 2 param
09-02 19:40:15.661  7881  7881 E fb4a.Execution: Redirecting MSYS Execution scheduling from the UI thread to a custom executor
09-02 19:40:15.669  7881  4229 E fb4a.msys: E[S sync]_createResponseError(195)=>Network Response a38214ae-7970-4f30-bdc6-2b40e20a3d9f contains sync error Error Domain=mqtt Code=2003 UserInfo=0xbad48600 {MCFErrorDirectLocalizedFailureReasonKey=2003, MCFErrorDirectDescriptionKey=2003} - Underlying error (null): Error Domain=mqtt Code=2003 UserInfo=0xbad48600 {MCFErrorDirectLocalizedFailureReasonKey=2003, MCFErrorDirectDescriptionKey=2003}
09-02 19:40:15.696 31321 31706 I BatteryMgr:DataCollectionService: stats => 1693676415696,138,4313
09-02 19:40:15.708 14031 14031 E adbd    : recv: OPEN 0002791e 00000000 0029:73 68 65 6C 6C 2C 76 32 2C 54 45 52 4D 3D 78 74 65 72 6D 2D 32 35 36 63 6F 6C 6F 72 2C 72 61 77 3A 64 61 74 65 20 2D 75 00 
09-02 19:40:15.708 14031 14031 E adbd    : service_to_fd: shell,v2,TERM=xterm-256color,raw:date -u
09-02 19:40:15.727 14031 14031 E adbd    : recv: OPEN 00027921 00000000 00c1:73 68 65 6C 6C 2C 76 32 2C 54 45 52 4D 3D 78 74 65 72 6D 2D 32 35 36 63 6F 6C 6F 72 2C 72 61 77 3A 61 6D 20 73 74 61 72 74 20 2D 61 20 61 6E 64 72 6F 69 64 2E 69 6E 74 65 6E 74 2E 61 63 74 69 6F 6E 2E 56 49 45 57 20 2D 6E 20 6F 72 67 2E 6D 6F 7A 69 6C 6C 61 2E 66 69 72 65 66 6F 78 2F 6F 72 67 2E 6D 6F 7A 69 6C 6C 61 2E 67 65 63 6B 6F 2E 42 72 6F 77 73 65 72 41 70 70 20 2D 64 20 68 74 74 70 3A 2F 2F 31 39 32 2E 31 36 38 2E 38 38 2E 31 37 37 3A 38 30 30 30 2F 53 6F 63 69 61 6C 2F 79 6F 75 74 75 62 65 2D 76 65 6E 64 6F 72 2F 77 77 77 2E 79 6F 75 74 75 62 65 2E 63 6F 6D 2F 00 
09-02 19:40:15.727 14031 14031 E adbd    : service_to_fd: shell,v2,TERM=xterm-256color,raw:am start -a android.intent.action.VIEW -n org.mozilla.firefox/org.mozilla.gecko.BrowserApp -d http://192.168.88.177:8000/Social/youtube-vendor/www.youtube.com/
09-02 19:40:15.756  7881 30610 E fb4a.T157805820: TigonMhrLogger::logRequestIfNeeded
09-02 19:40:15.756  7881 30610 E fb4a.T157805820: TigonWifiInfoLogger::init
09-02 19:40:15.756  7881  4225 E fb4a.msys: E[N data-request]_HandleDataResponse(1782)=>Data request error for task e0c6e73f-06eb-455a-b5f6-36aac7a3cb81 (response type 1): (null)
09-02 19:40:15.757  7881 30610 E fb4a.T157805820: TigonMhrFbcLogger::logRequestIfNeeded
09-02 19:40:15.757  7881 30610 E fb4a.T157805820: TigonCellTowerInfoLogger::logRequestIfNeeded
09-02 19:40:15.757  7881 30610 E fb4a.T157805820: TigonCertificateVerificationLogger::logRequestIfNeeded
09-02 19:40:15.757  7881 30610 E fb4a.T157805820: TigonTransientAnalysisLogger::logRequestIfNeeded
09-02 19:40:15.757  7881 30610 E fb4a.T157805820: TigonProviderConnectionDeviceInfoLogger::logRequestIfNeeded
09-02 19:40:15.757  7881  4229 E fb4a.msys: E[S sync]_createResponseError(195)=>Network Response e0c6e73f-06eb-455a-b5f6-36aac7a3cb81 contains sync error Error Domain=com.facebook.http.error Code=401 UserInfo=0xc81ec600 {MCFErrorDirectLocalizedDescriptionKey=Client error} - Underlying error (null): Error Domain=com.facebook.http.error Code=401 UserInfo=0xc81ec600 {MCFErrorDirectLocalizedDescriptionKey=Client error}
09-02 19:40:15.758  7881 30610 E fb4a.T157805820: TigonCellTowerInfoPapayaLogger::logRequestIfNeeded
09-02 19:40:15.758  7881 30610 E fb4a.T157805820: NetworkUtilisationLogger::logRequestIfNeeded
09-02 19:40:15.759  7881  4225 E fb4a.msys: E[N data-request]_HandleDataResponse(1782)=>Data request error for task 4ddc278b-51f3-46c2-a7a3-10d342700802 (response type 1): (null)
09-02 19:40:15.760  7881 31178 E fb4a.T157805820: TigonMhrLogger::logRequestIfNeeded
09-02 19:40:15.760  7881 31178 E fb4a.T157805820: TigonWifiInfoLogger::init
09-02 19:40:15.761  7881 31178 E fb4a.T157805820: TigonMhrFbcLogger::logRequestIfNeeded
09-02 19:40:15.761  7881 31178 E fb4a.T157805820: TigonCellTowerInfoLogger::logRequestIfNeeded
09-02 19:40:15.761  7881 31178 E fb4a.T157805820: TigonCertificateVerificationLogger::logRequestIfNeeded
09-02 19:40:15.761  7881 31178 E fb4a.T157805820: TigonTransientAnalysisLogger::logRequestIfNeeded
09-02 19:40:15.761  7881 31178 E fb4a.T157805820: TigonProviderConnectionDeviceInfoLogger::logRequestIfNeeded
09-02 19:40:15.761  7881 31178 E fb4a.T157805820: TigonCellTowerInfoPapayaLogger::logRequestIfNeeded
09-02 19:40:15.761  7881 31178 E fb4a.T157805820: NetworkUtilisationLogger::logRequestIfNeeded
09-02 19:40:15.766  7881  4229 E fb4a.msys: E[S sync]_createResponseError(195)=>Network Response 4ddc278b-51f3-46c2-a7a3-10d342700802 contains sync error Error Domain=com.facebook.http.error Code=401 UserInfo=0xc7e8f200 {MCFErrorDirectLocalizedDescriptionKey=Client error} - Underlying error (null): Error Domain=com.facebook.http.error Code=401 UserInfo=0xc7e8f200 {MCFErrorDirectLocalizedDescriptionKey=Client error}
09-02 19:40:15.768 14031 14031 E adbd    : recv: OPEN 00027924 00000000 003e:73 68 65 6C 6C 2C 76 32 2C 54 45 52 4D 3D 78 74 65 72 6D 2D 32 35 36 63 6F 6C 6F 72 2C 72 61 77 3A 64 75 6D 70 73 79 73 20 63 70 75 69 6E 66 6F 20 7C 20 67 72 65 70 20 54 4F 54 41 4C 00 
09-02 19:40:15.768 14031 14031 E adbd    : service_to_fd: shell,v2,TERM=xterm-256color,raw:dumpsys cpuinfo | grep TOTAL
09-02 19:40:15.796  3979  6264 I ActivityManager: START u0 {act=android.intent.action.VIEW typ=null flg=0x10000000 cmp=ComponentInfo{org.mozilla.firefox/org.mozilla.gecko.BrowserApp}} from uid 2000
09-02 19:40:15.798  3979  6264 D CustomFrequencyManagerService: acquireDVFSLockLocked : type : DVFS_MIN_LIMIT  frequency : 1560000  uid : 1000  pid : 3979  pkgName : AMS_ACT_START@CPU_MIN@8
09-02 19:40:15.799  3979  6264 D ActivityManagerPerformance: AMP_acquire() ACT_START
09-02 19:40:15.805  7881  4225 E fb4a.msys: E[N data-request]_HandleDataResponse(1782)=>Data request error for task 1ca7f8b4-6d51-4045-afba-48bea8444689 (response type 1): (null)
09-02 19:40:15.807  7881 30610 E fb4a.T157805820: TigonMhrLogger::logRequestIfNeeded
09-02 19:40:15.807  7881 30610 E fb4a.T157805820: TigonWifiInfoLogger::init
09-02 19:40:15.807  7881 30610 E fb4a.T157805820: TigonMhrFbcLogger::logRequestIfNeeded
09-02 19:40:15.807  7881 30610 E fb4a.T157805820: TigonCellTowerInfoLogger::logRequestIfNeeded
09-02 19:40:15.807  7881  4229 E fb4a.msys: E[S sync]_createResponseError(195)=>Network Response 1ca7f8b4-6d51-4045-afba-48bea8444689 contains sync error Error Domain=com.facebook.http.error Code=401 UserInfo=0xc91e2200 {MCFErrorDirectLocalizedDescriptionKey=Client error} - Underlying error (null): Error Domain=com.facebook.http.error Code=401 UserInfo=0xc91e2200 {MCFErrorDirectLocalizedDescriptionKey=Client error}
09-02 19:40:15.807  7881 30610 E fb4a.T157805820: TigonCertificateVerificationLogger::logRequestIfNeeded
09-02 19:40:15.808  7881 30610 E fb4a.T157805820: TigonTransientAnalysisLogger::logRequestIfNeeded
09-02 19:40:15.808  7881 30610 E fb4a.T157805820: TigonProviderConnectionDeviceInfoLogger::logRequestIfNeeded
09-02 19:40:15.808  7881 30610 E fb4a.T157805820: TigonCellTowerInfoPapayaLogger::logRequestIfNeeded
09-02 19:40:15.808  7881 30610 E fb4a.T157805820: NetworkUtilisationLogger::logRequestIfNeeded
09-02 19:40:15.812  7881 30138 E fb4a.T157805820: TigonMhrLogger::logRequestIfNeeded
09-02 19:40:15.812  7881 30138 E fb4a.T157805820: TigonWifiInfoLogger::init
09-02 19:40:15.812  7881 30138 E fb4a.T157805820: TigonMhrFbcLogger::logRequestIfNeeded
09-02 19:40:15.812  7881 30138 E fb4a.T157805820: TigonCellTowerInfoLogger::logRequestIfNeeded
09-02 19:40:15.812  7881 30138 E fb4a.T157805820: TigonCertificateVerificationLogger::logRequestIfNeeded
09-02 19:40:15.812  7881 30138 E fb4a.T157805820: TigonTransientAnalysisLogger::logRequestIfNeeded
09-02 19:40:15.812  7881 30138 E fb4a.T157805820: TigonProviderConnectionDeviceInfoLogger::logRequestIfNeeded
09-02 19:40:15.813  7881 30138 E fb4a.T157805820: TigonCellTowerInfoPapayaLogger::logRequestIfNeeded
09-02 19:40:15.813  7881 30138 E fb4a.T157805820: NetworkUtilisationLogger::logRequestIfNeeded
09-02 19:40:15.814  7881  4225 E fb4a.msys: E[N data-request]_HandleDataResponse(1782)=>Data request error for task c1bf3e31-fe7a-46b8-b777-9ed629b92bd9 (response type 1): (null)
09-02 19:40:15.817 31368 31368 D InputMethodManager: HSIFW - flag : 0 Pid : 31368
09-02 19:40:15.817  3979  6264 V InputMethodManagerService: Client requesting input be hidden, flags : 0
09-02 19:40:15.817  3979  6264 V InputMethodManagerService: hideCurrentInputLocked : shouldHideSoftInput is false
09-02 19:40:15.819 31321 31706 I BatteryMgr:DataCollectionService: stats => 1693676415818,138,4313
09-02 19:40:15.821  3979  5966 D ActivityManager: isScaleDownAnimationEnabled() : false
09-02 19:40:15.825  3979  5966 D PersonaManagerService: Current focused persona service handled id set to : 0
09-02 19:40:15.825  3979  5966 D InputDispatcher: Focused application set to: xxxx
09-02 19:40:15.827  3979  5966 D InputDispatcher: Focus left window: 31368
09-02 19:40:15.829  3979  4238 D GameManagerService: handleForegroundChange(). pkgName: org.mozilla.firefox, clsName: org.mozilla.fenix.IntentReceiverActivity,FgActivityName:org.mozilla.firefox/org.mozilla.fenix.IntentReceiverActivity
09-02 19:40:15.829  3979  4238 D GameManagerService:   handleForegroundChange(). same package. game has never resumed yet. ignore
09-02 19:40:15.830  3979  5966 D MARsPolicyManager: onPackageResumedFG pkgName = org.mozilla.firefox, userId = 0
09-02 19:40:15.839 31368 31368 I zygote64: Deoptimizing java.lang.Object org.mozilla.fenix.perf.StrictModeManager.resetAfter$instrumentedFunctionBlock(org.mozilla.fenix.perf.StrictModeManager, kotlin.jvm.functions.Function0) due to JIT inline cache
09-02 19:40:15.840 14031 14031 E adbd    : recv: OPEN 00027927 00000000 003d:73 68 65 6C 6C 2C 76 32 2C 54 45 52 4D 3D 78 74 65 72 6D 2D 32 35 36 63 6F 6C 6F 72 2C 72 61 77 3A 64 75 6D 70 73 79 73 20 6D 65 6D 69 6E 66 6F 20 7C 20 67 72 65 70 20 55 73 65 64 00 
09-02 19:40:15.840  7881  4229 E fb4a.msys: E[S sync]_createResponseError(195)=>Network Response c1bf3e31-fe7a-46b8-b777-9ed629b92bd9 contains sync error Error Domain=com.facebook.http.error Code=401 UserInfo=0xc81ece00 {MCFErrorDirectLocalizedDescriptionKey=Client error} - Underlying error (null): Error Domain=com.facebook.http.error Code=401 UserInfo=0xc81ece00 {MCFErrorDirectLocalizedDescriptionKey=Client error}
09-02 19:40:15.840 14031 14031 E adbd    : service_to_fd: shell,v2,TERM=xterm-256color,raw:dumpsys meminfo | grep Used
09-02 19:40:15.852  3979  5966 I ActivityManager: START u0 {act=android.intent.action.VIEW typ=null flg=0x0 cmp=ComponentInfo{org.mozilla.firefox/org.mozilla.fenix.HomeActivity}} from uid 10154
09-02 19:40:15.854 31368 31423 I SessionStorage/AutoSave: Save: New tab selected
09-02 19:40:15.856  3979  5966 D InputDispatcher: Focus entered window: 31368
09-02 19:40:15.870 31368 31368 D ViewRootImpl@88b7945[HomeActivity]: MSG_WINDOW_FOCUS_CHANGED 0
09-02 19:40:15.884 31368 31368 I zygote64: Deoptimizing android.view.View mozilla.components.support.ktx.android.view.ViewKt.findViewInHierarchy(android.view.View, kotlin.jvm.functions.Function1) due to JIT inline cache
09-02 19:40:15.896  3979  6264 V WindowManager: Relayout Window{929542f u0 org.mozilla.firefox/org.mozilla.fenix.HomeActivity}: viewVisibility=0 req=720x1280 WM.LayoutParams{(0,0)(fillxfill) sim=#10 ty=1 fl=#81010100 pfl=0x20000 fmt=-3 wanim=0x7f1404fa vsysui=0x2610 needsMenuKey=2 colorMode=0 naviIconColor=0}
09-02 19:40:15.900 31368 31368 D ViewRootImpl@88b7945[HomeActivity]: Relayout returned: old=[0,0][720,1280] new=[0,0][720,1280] result=0x1 surface={valid=true 533351067648} changed=false
09-02 19:40:15.910 31368 31368 I zygote64: Deoptimizing java.util.ArrayList kotlin.collections.CollectionsKt___CollectionsKt.plus(java.lang.Iterable, java.util.Collection) due to JIT inline cache
09-02 19:40:15.913 31368 31421 I zygote64: Deoptimizing void kotlinx.coroutines.JobSupport.initParentJob(kotlinx.coroutines.Job) due to JIT inline cache
09-02 19:40:15.916 31368 31423 I zygote64: Deoptimizing void kotlinx.coroutines.internal.LockFreeLinkedListNode.finishAdd(kotlinx.coroutines.internal.LockFreeLinkedListNode) due to JIT inline cache
09-02 19:40:15.923 31321 31706 I BatteryMgr:DataCollectionService: stats => 1693676415923,138,4313
09-02 19:40:15.923 31368 31417 I zygote64: Deoptimizing void kotlin.coroutines.jvm.internal.BaseContinuationImpl.resumeWith(java.lang.Object) due to JIT inline cache
09-02 19:40:15.923 31368 31417 I zygote64: Deoptimizing kotlinx.coroutines.internal.LockFreeLinkedListNode kotlinx.coroutines.internal.LockFreeLinkedListNode.correctPrev() due to JIT inline cache
09-02 19:40:15.934  3979  6264 D ConnectivityService: filterNetworkStateForUid() uid: 10154 networkInfo: [type: WIFI[] - WIFI, state: CONNECTED/CONNECTED, reason: (unspecified), extra: "WiFi 69", failover: false, available: true, roaming: false, metered: false]
09-02 19:40:15.943  7881  8242 E fb4a.T157805820: TigonMhrLogger::logRequestIfNeeded
09-02 19:40:15.943  7881  8242 E fb4a.T157805820: TigonWifiInfoLogger::init
09-02 19:40:15.943  7881  8242 E fb4a.T157805820: TigonMhrFbcLogger::logRequestIfNeeded
09-02 19:40:15.943  7881  8242 E fb4a.T157805820: TigonCellTowerInfoLogger::logRequestIfNeeded
09-02 19:40:15.943  7881  8242 E fb4a.T157805820: TigonCertificateVerificationLogger::logRequestIfNeeded
09-02 19:40:15.943  7881  8242 E fb4a.T157805820: TigonTransientAnalysisLogger::logRequestIfNeeded
09-02 19:40:15.943  7881  8242 E fb4a.T157805820: TigonProviderConnectionDeviceInfoLogger::logRequestIfNeeded
09-02 19:40:15.950  7881  8242 E fb4a.T157805820: TigonCellTowerInfoPapayaLogger::logRequestIfNeeded
09-02 19:40:15.950  7881  8242 E fb4a.T157805820: NetworkUtilisationLogger::logRequestIfNeeded
09-02 19:40:15.961 31368 31368 D InputMethodManager: HSIFW - flag : 0 Pid : 31368
09-02 19:40:15.962  3979  6264 V InputMethodManagerService: Client requesting input be hidden, flags : 0
09-02 19:40:15.962  3979  6264 V InputMethodManagerService: hideCurrentInputLocked : shouldHideSoftInput is false
09-02 19:40:15.964 31368 31368 D ViewRootImpl@88b7945[HomeActivity]: MSG_WINDOW_FOCUS_CHANGED 1
09-02 19:40:15.968  3979  6264 D InputMethodManagerService: startInputOrWindowGainedFocus : windowGainedFocus 
09-02 19:40:15.969  3979  6264 D InputMethodManagerService: windowGainedFocus: destinationUserId (getCallingUid) = 0
09-02 19:40:15.969  3979  6264 D InputMethodManagerService: windowGainedFocus: currentUserId=0
09-02 19:40:15.969  3979  6264 D InputMethodManagerService: windowGainedFocus: mCurrentFocusedUserId=0
09-02 19:40:15.969  3979  6264 D InputMethodManagerService: windowGainedFocus : lock - currentUserId = 0 destinationUserId = 0
09-02 19:40:15.969  3979  6264 D InputMethodManagerService: windowGainedFocus : mCurrentFocusedUserId - 0 and mSecureKeypadEnabled - false, userSwitched - false
09-02 19:40:15.969  3979  6264 W InputMethodManagerService: Window already focused, ignoring focus gain of: com.android.internal.view.IInputMethodClient$Stub$Proxy@204960f attribute=null, token = android.os.BinderProxy@204020e
09-02 19:40:15.971  3979  6264 D ActivityManager: isScaleDownAnimationEnabled() : false
09-02 19:40:15.972  3979  6264 D PersonaManagerService: Current focused persona service handled id set to : 0
09-02 19:40:15.972  3979  6264 D InputDispatcher: Focused application set to: xxxx
09-02 19:40:15.973  4349  4368 D SystemServicesProxy: updateOverviewLastStackActiveTimeAsync: newTime=1693559943942
09-02 19:40:15.974  3979  4670 D SecContentProvider: query(), uri = 17 selection = isSettingsChangesAllowed
09-02 19:40:15.975  3979  4670 D SecContentProvider: called from android.uid.systemui:10009
09-02 19:40:15.975  3979  4238 D GameManagerService: handleForegroundChange(). pkgName: org.mozilla.firefox, clsName: org.mozilla.fenix.HomeActivity,FgActivityName:org.mozilla.firefox/org.mozilla.fenix.HomeActivity
09-02 19:40:15.976  3979  4238 D GameManagerService:   handleForegroundChange(). same package. game has never resumed yet. ignore
09-02 19:40:15.976  4349  4561 D SystemServicesProxy: updateOverviewLastStackActiveTimeAsync: done.
09-02 19:40:15.976  3979  6264 D MARsPolicyManager: onPackageResumedFG pkgName = org.mozilla.firefox, userId = 0
09-02 19:40:15.993  3979 10236 V WindowManager: Relayout Window{929542f u0 org.mozilla.firefox/org.mozilla.fenix.HomeActivity}: viewVisibility=0 req=720x1280 WM.LayoutParams{(0,0)(fillxfill) sim=#10 ty=1 fl=#81010100 pfl=0x20000 fmt=-3 wanim=0x7f1404fa vsysui=0x2610 needsMenuKey=2 colorMode=0 naviIconColor=0}
09-02 19:40:15.999 31368 31368 D ViewRootImpl@88b7945[HomeActivity]: Relayout returned: old=[0,0][720,1280] new=[0,0][720,1280] result=0x1 surface={valid=true 533351067648} changed=false
09-02 19:40:16.007 31368 31368 I WebExtension: releasePendingMessages: extension=fxa@mozac.org nativeApp=mozacWebchannel session=org.mozilla.geckoview.GeckoSession@82a12fc
09-02 19:40:16.009 31368 31368 I WebExtension: releasePendingMessages: extension=ads@mozac.org nativeApp=MozacBrowserAdsMessage session=org.mozilla.geckoview.GeckoSession@82a12fc
09-02 19:40:16.027 31321 31706 I BatteryMgr:DataCollectionService: stats => 1693676416027,138,4313
09-02 19:40:16.072  3979 10236 D ActivityManager: post active user change for 0 fullscreen true isHomeActivity() false
09-02 19:40:16.075 31368 31368 I WebExtension: releasePendingMessages: extension=readerview@mozac.org nativeApp=mozacReaderviewActive session=org.mozilla.geckoview.GeckoSession@82a12fc
09-02 19:40:16.076 31368 31368 I WebExtension: releasePendingMessages: extension=readerview@mozac.org nativeApp=mozacReaderview session=org.mozilla.geckoview.GeckoSession@82a12fc
09-02 19:40:16.078 31368 31368 I WebExtension: releasePendingMessages: extension=icons@mozac.org nativeApp=MozacBrowserIcons session=org.mozilla.geckoview.GeckoSession@82a12fc
09-02 19:40:16.085  3979 10236 D StorageManagerService: getExternalStorageMountMode : 1
09-02 19:40:16.085  3979 10236 D StorageManagerService: getExternalStorageMountMode : 3
09-02 19:40:16.086  3979 10236 D StorageManagerService: getExternalStorageMountMode : final mountMode=1, uid : 10154, packageName : org.mozilla.firefox
09-02 19:40:16.086  3979 10236 I ApplicationPolicy: isApplicationExternalStorageWhitelisted:org.mozilla.firefox user:0
09-02 19:40:16.087  3979 10236 D ApplicationPolicy: isApplicationExternalStorageWhitelisted: DO is not enabled on user 0. Allowed.
09-02 19:40:16.087  3979 10236 D ActivityManager: package  org.mozilla.firefox, user - 0 is SDcard whitelisted
09-02 19:40:16.087  3979 10236 I ApplicationPolicy: isApplicationExternalStorageBlacklisted:org.mozilla.firefox user:0
09-02 19:40:16.087  3979 10236 D ApplicationPolicy: isApplicationExternalStorageBlacklisted: DO is not enabled on user 0. Allowed.
09-02 19:40:16.091 31368 31368 I WebExtension: releasePendingMessages: extension=cookies@mozac.org nativeApp=MozacBrowserSearchMessage session=org.mozilla.geckoview.GeckoSession@82a12fc
09-02 19:40:16.097  3979  6264 V WindowManager: Relayout Window{929542f u0 org.mozilla.firefox/org.mozilla.fenix.HomeActivity}: viewVisibility=0 req=720x1280 WM.LayoutParams{(0,0)(fillxfill) sim=#110 ty=1 fl=#81010100 pfl=0x20000 fmt=-3 wanim=0x7f1404fa vsysui=0x2610 needsMenuKey=2 colorMode=0 naviIconColor=0}
09-02 19:40:16.099 31368 31752 I zygote64: Deoptimizing long kotlinx.coroutines.EventLoopImplBase.processNextEvent() due to JIT inline cache
09-02 19:40:16.103 31368 31368 D ViewRootImpl@88b7945[HomeActivity]: Relayout returned: old=[0,0][720,1280] new=[0,0][720,1280] result=0x1 surface={valid=true 533351067648} changed=false
09-02 19:40:16.104 31368 31368 I SessionPrioritizationMiddleware: Update the currentSelectedTab cd48944c-9c82-46ba-aa8f-56d25d8d1889 priority to HIGH
09-02 19:40:16.106  3979 10236 I ActivityManager: Start proc 31760:org.mozilla.firefox:tab22/u0a154 for service org.mozilla.firefox/org.mozilla.gecko.process.GeckoChildProcessServices$tab22
09-02 19:40:16.110 31760 31760 E Zygote  : isWhitelistProcess - Process is Whitelisted
09-02 19:40:16.111 31760 31760 E libpersona: scanKnoxPersonas
09-02 19:40:16.111 31760 31760 E libpersona: Couldn't open the File - /data/system/users/0/personalist.xml - No such file or directory
09-02 19:40:16.115 31760 31760 W SELinux : SELinux selinux_android_compute_policy_index : Policy Index[2],  Con:u:r:zygote:s0 RAM:SEPF_SM-J720F_8.0.0_0017, [-1 -1 -1 -1 0 1]
09-02 19:40:16.116 31760 31760 I SELinux : SELinux: seapp_context_lookup: seinfo=untrusted, level=s0:c512,c768, pkgname=org.mozilla.firefox:tab22 
09-02 19:40:16.137 31321 31706 I BatteryMgr:DataCollectionService: stats => 1693676416137,138,4313
09-02 19:40:16.144 31368 31378 I zygote64: Background concurrent copying GC freed 177165(6MB) AllocSpace objects, 26(772KB) LOS objects, 49% free, 7MB/15MB, paused 476us total 123.341ms
09-02 19:40:16.155 31760 31760 D TimaKeyStoreProvider: TimaKeyStore is not enabled: cannot add TimaSignature Service and generateKeyPair Service
09-02 19:40:16.156 31760 31760 D ActivityThread: Added TimaKeyStore provider
09-02 19:40:16.158  3979  6264 I ActivityManager: DSS on for org.mozilla.firefox and scale is 1.0
09-02 19:40:16.182 31760 31760 I zygote64: no shared libraies, dex_files: 1
09-02 19:40:16.243 31321 31706 I BatteryMgr:DataCollectionService: stats => 1693676416243,-720,4313
09-02 19:40:16.261 31760 31760 I ServiceChildProcess: onCreate
09-02 19:40:16.263 31760 31777 I GeckoThread: preparing to run Gecko
09-02 19:40:16.278 31760 31777 I GeckoLoader: Library base=/data/app/org.mozilla.firefox-qXEeZwQeSKU-v4RxzjCTZA==/lib/arm64
09-02 19:40:16.279 31760 31777 I GeckoLoader: Library base=/data/app/org.mozilla.firefox-qXEeZwQeSKU-v4RxzjCTZA==/lib/arm64
09-02 19:40:16.280 31760 31777 E GeckoLibLoad: Load sqlite start
09-02 19:40:16.283 31760 31777 E GeckoLibLoad: Load sqlite done
09-02 19:40:16.283 31760 31777 I GeckoLoader: Library base=/data/app/org.mozilla.firefox-qXEeZwQeSKU-v4RxzjCTZA==/lib/arm64
09-02 19:40:16.283 31760 31777 E GeckoLibLoad: Load nss start
09-02 19:40:16.283 31760 31777 E GeckoLibLoad: Load nss done
09-02 19:40:16.284 31760 31777 I GeckoLoader: Library base=/data/app/org.mozilla.firefox-qXEeZwQeSKU-v4RxzjCTZA==/lib/arm64
09-02 19:40:16.286 31503 31759 V Surface : sf_framedrop debug : 0x4f4c, game : false, logging : 0
09-02 19:40:16.296 31503 31563 D mali_winsys: EGLint new_window_surface(egl_winsys_display *, void *, EGLSurface, EGLConfig, egl_winsys_surface **, egl_color_buffer_format *, EGLBoolean) returns 0x3000,  [720x1238]-format:2
09-02 19:40:16.296 31368 31396 I GeckoSession: zerdatime 121597728 - chrome startup finished
09-02 19:40:16.306  3979 10236 D ConnectivityService: filterNetworkStateForUid() uid: 10154 networkInfo: [type: WIFI[] - WIFI, state: CONNECTED/CONNECTED, reason: (unspecified), extra: "WiFi 69", failover: false, available: true, roaming: false, metered: false]
09-02 19:40:16.319 31760 31777 E GeckoLibLoad: Loaded libs in 34.552308ms total, 12ms(12ms) user, 24ms(24ms) system, 0(0) faults
09-02 19:40:16.319 31760 31777 W GeckoThread: zerdatime 121597751 - runGecko
09-02 19:40:16.324  3979  6264 D ConnectivityService: filterNetworkStateForUid() uid: 10025 networkInfo: [type: WIFI[] - WIFI, state: CONNECTED/CONNECTED, reason: (unspecified), extra: "WiFi 69", failover: false, available: true, roaming: false, metered: false]
09-02 19:40:16.336 31368 31368 I GeckoSession: handleMessage GeckoView:PageStart uri=
09-02 19:40:16.337 31368 31368 I GeckoSession: handleMessage GeckoView:PageStop uri=null
09-02 19:40:16.349 31321 31706 I BatteryMgr:DataCollectionService: stats => 1693676416349,-720,4313
09-02 19:40:16.375  3979  6264 D ConnectivityService: filterNetworkStateForUid() uid: 10025 networkInfo: [type: WIFI[] - WIFI, state: CONNECTED/CONNECTED, reason: (unspecified), extra: "WiFi 69", failover: false, available: true, roaming: false, metered: false]
09-02 19:40:16.452  3979 10236 D BatteryService: !@BatteryListener : batteryPropertiesChanged!
09-02 19:40:16.453  3979 10236 D BatteryService: level:100, scale:100, status:5, health:2, present:true, voltage: 4207, temperature: 278, technology: Li-ion, AC powered:false, USB powered:true, POGO powered:false, Wireless powered:false, icon:17303834, invalid charger:0, maxChargingCurrent:0, maxChargingVoltage:0, chargeCounter:0
09-02 19:40:16.453  3979 10236 D BatteryService: online:4, current avg:-561, charge type:1, power sharing:false, high voltage charger:false, capacity:280000, batterySWSelfDischarging:false, misc_event:0, current_event:0, current_now:-720
09-02 19:40:16.453  3979  3979 D BatteryService: Sending ACTION_BATTERY_CHANGED.
09-02 19:40:16.454 31321 31706 I BatteryMgr:DataCollectionService: stats => 1693676416454,-720,4313
09-02 19:40:16.455  3979  3979 D SamsungPhoneWindowManager: ACTION_BATTERY_CHANGED - Level :: 100, battStatus :: 5
09-02 19:40:16.455  3979  3979 I MotionRecognitionService: Plugged
09-02 19:40:16.455  3979  3979 D MotionRecognitionService:   mCableConnection= 1
09-02 19:40:16.455  3979  3979 D MotionRecognitionService: setPowerConnected : mGripEnabled = false
09-02 19:40:16.456  3979  4002 D UsbDeviceManager: handleMessage -> MSG_UPDATE_CHARGING_STATE = 1
09-02 19:40:16.456  4349  4349 D KeyguardUpdateMonitor: received broadcast android.intent.action.BATTERY_CHANGED
09-02 19:40:16.457  4349  4349 D BatteryController: onReceive-ACTION_BATTERY_CHANGED : mLevel=100, mBatteryStatus=5
09-02 19:40:16.459  4349  4349 D PowerUI : priorPlugType = 2 mPlugType =  2
09-02 19:40:16.552 31368 31368 I GeckoSession: handleMessage GeckoView:PageStart uri=
09-02 19:40:16.560 31321 31706 I BatteryMgr:DataCollectionService: stats => 1693676416559,-720,4207
09-02 19:40:16.575  3979  6264 D ConnectivityService: filterNetworkStateForUid() uid: 10025 networkInfo: [type: WIFI[] - WIFI, state: CONNECTED/CONNECTED, reason: (unspecified), extra: "WiFi 69", failover: false, available: true, roaming: false, metered: false]
09-02 19:40:16.589  3979  6264 D ConnectivityService: filterNetworkStateForUid() uid: 10025 networkInfo: [type: WIFI[] - WIFI, state: CONNECTED/CONNECTED, reason: (unspecified), extra: "WiFi 69", failover: false, available: true, roaming: false, metered: false]
09-02 19:40:16.643  3979  6264 D ConnectivityService: filterNetworkStateForUid() uid: 10154 networkInfo: [type: WIFI[] - WIFI, state: CONNECTED/CONNECTED, reason: (unspecified), extra: "WiFi 69", failover: false, available: true, roaming: false, metered: false]
09-02 19:40:16.669 31321 31706 I BatteryMgr:DataCollectionService: stats => 1693676416669,-720,4207
09-02 19:40:16.681  3979  6264 D ConnectivityService: filterNetworkStateForUid() uid: 10154 networkInfo: [type: WIFI[] - WIFI, state: CONNECTED/CONNECTED, reason: (unspecified), extra: "WiFi 69", failover: false, available: true, roaming: false, metered: false]
09-02 19:40:16.755  3979 10236 D ConnectivityService: filterNetworkStateForUid() uid: 10154 networkInfo: [type: WIFI[] - WIFI, state: CONNECTED/CONNECTED, reason: (unspecified), extra: "WiFi 69", failover: false, available: true, roaming: false, metered: false]
09-02 19:40:16.774 31321 31706 I BatteryMgr:DataCollectionService: stats => 1693676416774,-720,4207
09-02 19:40:16.809  3979  6264 D ConnectivityService: filterNetworkStateForUid() uid: 10154 networkInfo: [type: WIFI[] - WIFI, state: CONNECTED/CONNECTED, reason: (unspecified), extra: "WiFi 69", failover: false, available: true, roaming: false, metered: false]
09-02 19:40:16.817  3979 10236 D ConnectivityService: filterNetworkStateForUid() uid: 10154 networkInfo: [type: WIFI[] - WIFI, state: CONNECTED/CONNECTED, reason: (unspecified), extra: "WiFi 69", failover: false, available: true, roaming: false, metered: false]
09-02 19:40:16.833  3979 10236 D ConnectivityService: filterNetworkStateForUid() uid: 10154 networkInfo: [type: WIFI[] - WIFI, state: CONNECTED/CONNECTED, reason: (unspecified), extra: "WiFi 69", failover: false, available: true, roaming: false, metered: false]
09-02 19:40:16.835  7881  4225 E fb4a.msys: E[N data-request]_HandleDataResponse(1782)=>Data request error for task 78615924-5fd0-4e30-b9ad-c6eea1e1f527 (response type 1): (null)
09-02 19:40:16.836  7881  4229 E fb4a.msys: E[S task_queue_handling]MCDLightSpeedTaskExecutorNetworkCompletionCallback(1017)=>Handling send error for taskId=6 batchSize=1 queue=secure_message_over_wa_generate_cat
09-02 19:40:16.837  7881  4229 E fb4a.msys: E[S task_queue_handling]MCDLightSpeedTaskExecutorNetworkCompletionCallback(1071)=>Error content with 18 bytes: Error Domain=com.facebook.http.error Code=401 UserInfo=0xc81ecf00 {MCFErrorDirectLocalizedDescriptionKey=Client error}
09-02 19:40:16.842  7881 31360 E fb4a.T157805820: TigonMhrLogger::logRequestIfNeeded
09-02 19:40:16.843  7881 31360 E fb4a.T157805820: TigonWifiInfoLogger::init
09-02 19:40:16.843  7881 31360 E fb4a.T157805820: TigonMhrFbcLogger::logRequestIfNeeded
09-02 19:40:16.843  7881 31360 E fb4a.T157805820: TigonCellTowerInfoLogger::logRequestIfNeeded
09-02 19:40:16.843  7881 31360 E fb4a.T157805820: TigonCertificateVerificationLogger::logRequestIfNeeded
09-02 19:40:16.843  7881 31360 E fb4a.T157805820: TigonTransientAnalysisLogger::logRequestIfNeeded
09-02 19:40:16.843  7881 31360 E fb4a.T157805820: TigonProviderConnectionDeviceInfoLogger::logRequestIfNeeded
09-02 19:40:16.843  7881 31360 E fb4a.T157805820: TigonCellTowerInfoPapayaLogger::logRequestIfNeeded
09-02 19:40:16.843  7881 31360 E fb4a.T157805820: NetworkUtilisationLogger::logRequestIfNeeded
09-02 19:40:16.856  3979  6264 D ConnectivityService: filterNetworkStateForUid() uid: 10154 networkInfo: [type: WIFI[] - WIFI, state: CONNECTED/CONNECTED, reason: (unspecified), extra: "WiFi 69", failover: false, available: true, roaming: false, metered: false]
09-02 19:40:16.880 31321 31706 I BatteryMgr:DataCollectionService: stats => 1693676416880,-720,4207
09-02 19:40:16.987 31321 31706 I BatteryMgr:DataCollectionService: stats => 1693676416987,-720,4207
09-02 19:40:17.093 31321 31706 I BatteryMgr:DataCollectionService: stats => 1693676417093,-720,4207
09-02 19:40:17.172  3979  6264 I chatty  : uid=1000(system) Binder:3979_18 identical 4 lines
09-02 19:40:17.198 31321 31706 I BatteryMgr:DataCollectionService: stats => 1693676417197,-720,4207
09-02 19:40:17.220  3979  6264 D ConnectivityService: filterNetworkStateForUid() uid: 10154 networkInfo: [type: WIFI[] - WIFI, state: CONNECTED/CONNECTED, reason: (unspecified), extra: "WiFi 69", failover: false, available: true, roaming: false, metered: false]
09-02 19:40:17.304 31321 31706 I BatteryMgr:DataCollectionService: stats => 1693676417304,-720,4207
09-02 19:40:17.409 31321 31706 I BatteryMgr:DataCollectionService: stats => 1693676417409,-720,4207
09-02 19:40:17.514 31321 31706 I BatteryMgr:DataCollectionService: stats => 1693676417514,-720,4207
09-02 19:40:17.619 31321 31706 I BatteryMgr:DataCollectionService: stats => 1693676417619,-720,4207
09-02 19:40:17.724 31321 31706 I BatteryMgr:DataCollectionService: stats => 1693676417724,-720,4207
09-02 19:40:17.801  3979  5035 D ActivityManagerPerformance: Received MSG_DISABLE_ACT_START, r: ActivityRecord{86cfb04 u0 org.mozilla.firefox/org.mozilla.gecko.BrowserApp t-1 f}
09-02 19:40:17.803  3979  5035 D CustomFrequencyManagerService: acquireDVFSLockLocked : type : DVFS_MIN_LIMIT  frequency : 1560000  uid : 1000  pid : 3979  pkgName : AMS_RESUME_TAIL@CPU_MIN@14
09-02 19:40:17.803  3979  5035 D ActivityManagerPerformance: AMP_acquire() TAIL
09-02 19:40:17.803  3979  5035 D CustomFrequencyManagerService: releaseDVFSLockLocked : Getting Lock type frm List : DVFS_MIN_LIMIT  frequency : 1560000  uid : 1000  pid : 3979  tag : AMS_ACT_START@CPU_MIN@8
09-02 19:40:17.804  3979  5035 D ActivityManagerPerformance: AMP_release() ACT_START
09-02 19:40:17.830 31321 31706 I BatteryMgr:DataCollectionService: stats => 1693676417830,-720,4207
09-02 19:40:17.833  3979  3979 D PreBindingService: handleMessage : 1
09-02 19:40:17.863  3979  3979 D PreBindingService: handleMessage : 1
09-02 19:40:17.881  3449  3449 I android.hardware.wifi@1.0-service: getLinkLayerStats
09-02 19:40:17.934 31321 31706 I BatteryMgr:DataCollectionService: stats => 1693676417934,-720,4207
09-02 19:40:18.039 31321 31706 I BatteryMgr:DataCollectionService: stats => 1693676418039,-720,4207
09-02 19:40:18.144 31321 31706 I BatteryMgr:DataCollectionService: stats => 1693676418144,-720,4207
09-02 19:40:18.249 31321 31706 I BatteryMgr:DataCollectionService: stats => 1693676418248,-720,4207
09-02 19:40:18.353 31321 31706 I BatteryMgr:DataCollectionService: stats => 1693676418353,-720,4207
09-02 19:40:18.403  3979  3979 D CustomFrequencyManagerService: releaseDVFSLockLocked : Getting Lock type frm List : DVFS_MIN_LIMIT  frequency : 1560000  uid : 1000  pid : 3979  tag : AMS_RESUME_TAIL@CPU_MIN@14
09-02 19:40:18.458 31321 31706 I BatteryMgr:DataCollectionService: stats => 1693676418458,-720,4207
09-02 19:40:18.563 31321 31706 I BatteryMgr:DataCollectionService: stats => 1693676418563,-720,4207
09-02 19:40:18.569 31321 31326 I zygote64: Do partial code cache collection, code=58KB, data=45KB
09-02 19:40:18.570 31321 31326 I zygote64: After code cache collection, code=58KB, data=45KB
09-02 19:40:18.570 31321 31326 I zygote64: Increasing code cache capacity to 256KB
09-02 19:40:18.597  3979  6264 D ConnectivityService: filterNetworkStateForUid() uid: 10102 networkInfo: [type: WIFI[] - WIFI, state: CONNECTED/CONNECTED, reason: (unspecified), extra: "WiFi 69", failover: false, available: true, roaming: false, metered: false]
09-02 19:40:18.601  7881  7881 W fb4a.MobileConfigFactoryImpl: SESSIONLESS factory used for 2 param
09-02 19:40:18.602  7881  7881 E fb4a.Execution: Redirecting MSYS Execution scheduling from the UI thread to a custom executor
09-02 19:40:18.603  3614  3927 D DnsProxyListener: DNSDBG::dns addrinfo af 2
09-02 19:40:18.669 31321 31706 I BatteryMgr:DataCollectionService: stats => 1693676418669,-720,4207
09-02 19:40:18.751  7881 30138 D omnistore_android_logger: DebouncingRateLimiter attempting event SyncProtocol::onConnectionEstablished
09-02 19:40:18.752  7881 30138 D omnistore_android_logger: AlarmManager::startAlarmTimer for key=SyncProtocol::onConnectionEstablished, it will NOT wake up main thread to reschedule
09-02 19:40:18.752  7881 30138 W omnistore_android_logger: Event SyncProtocol::onConnectionEstablished rate limited for 23153 ms
09-02 19:40:18.752  7881  7881 W fb4a.MobileConfigFactoryImpl: SESSIONLESS factory used for 2 param
09-02 19:40:18.753  7881  7881 E fb4a.Execution: Redirecting MSYS Execution scheduling from the UI thread to a custom executor
09-02 19:40:18.779 31321 31706 I BatteryMgr:DataCollectionService: stats => 1693676418779,-720,4207
09-02 19:40:18.804  7881 31258 E fb4a.FBMsysMqttClientCallbacks: onPublish, onFailure, msgId = 8333, error = 2003
09-02 19:40:18.805  7881 31258 E fb4a.FBMsysMqttClientCallbacks: onPublish, onFailure, msgId = 8332, error = 2003
09-02 19:40:18.805  7881 31258 E fb4a.FBMsysMqttClientCallbacks: onPublish, onFailure, msgId = 8331, error = 2003
09-02 19:40:18.806  3979  6264 D ConnectivityService: filterNetworkStateForUid() uid: 10102 networkInfo: [type: WIFI[] - WIFI, state: CONNECTED/CONNECTED, reason: (unspecified), extra: "WiFi 69", failover: false, available: true, roaming: false, metered: false]
09-02 19:40:18.809  7881  7881 W fb4a.MobileConfigFactoryImpl: SESSIONLESS factory used for 2 param
09-02 19:40:18.810  7881  4225 E fb4a.msys: E[N rtchannel]_rt_mqtt_publish_callback(430)=>Failed to publish the request over MQTT (possible duplicate log). token:d4e07451-81a9-4b78-8fb5-256be7d1f711, category:mcd-sync-data-task-category, requestId:7568, error:Error Domain=mqtt Code=2003 UserInfo=0xc81eca00 {MCFErrorDirectLocalizedFailureReasonKey=2003, MCFErrorDirectDescriptionKey=2003}
09-02 19:40:18.810  7881  7881 E fb4a.Execution: Redirecting MSYS Execution scheduling from the UI thread to a custom executor
09-02 19:40:18.810  7881  4225 E fb4a.msys: E[N rtchannel]_rt_mqtt_publish_callback(430)=>Failed to publish the request over MQTT (possible duplicate log). token:a8338d69-9ffc-4ba8-86ce-cf624b492908, category:mcd-sync-data-task-category, requestId:56467, error:Error Domain=mqtt Code=2003 UserInfo=0xba304300 {MCFErrorDirectLocalizedFailureReasonKey=2003, MCFErrorDirectDescriptionKey=2003}
09-02 19:40:18.825  7881  4229 E fb4a.msys: E[S sync]_createResponseError(195)=>Network Response d4e07451-81a9-4b78-8fb5-256be7d1f711 contains sync error Error Domain=mqtt Code=2003 UserInfo=0xc81eca00 {MCFErrorDirectLocalizedFailureReasonKey=2003, MCFErrorDirectDescriptionKey=2003} - Underlying error (null): Error Domain=mqtt Code=2003 UserInfo=0xc81eca00 {MCFErrorDirectLocalizedFailureReasonKey=2003, MCFErrorDirectDescriptionKey=2003}
09-02 19:40:18.841  7881  4229 E fb4a.msys: E[S sync]_createResponseError(195)=>Network Response a8338d69-9ffc-4ba8-86ce-cf624b492908 contains sync error Error Domain=mqtt Code=2003 UserInfo=0xba304300 {MCFErrorDirectLocalizedFailureReasonKey=2003, MCFErrorDirectDescriptionKey=2003} - Underlying error (null): Error Domain=mqtt Code=2003 UserInfo=0xba304300 {MCFErrorDirectLocalizedFailureReasonKey=2003, MCFErrorDirectDescriptionKey=2003}
09-02 19:40:18.884 31321 31706 I BatteryMgr:DataCollectionService: stats => 1693676418884,-720,4207
