09-02 16:53:28.678  3979  5968 V Surface : sf_framedrop debug : 0x4f4c, game : false, logging : 0
09-02 16:53:28.678  3979  3996 D WindowManager: set systemUiVisibility : systemUiFlags= 0x2608 fullscreenStackSysUiFlags= 0x0
09-02 16:53:28.683  3979  5968 D InputDispatcher: Focus entered window: 23743
09-02 16:53:28.685 23743 23743 V Surface : sf_framedrop debug : 0x4f4c, game : false, logging : 0
09-02 16:53:28.685  3979  4545 D WindowManager: adjustSystemUiVisibilityLw : vis= 0x2608
09-02 16:53:28.686 23743 23743 D ViewRootImpl@3ae55cb[HomeActivity]: Relayout returned: old=[0,0][0,0] new=[0,0][720,1280] result=0x7 surface={valid=true 533354582016} changed=true
09-02 16:53:28.687 23743 23918 I OpenGLRenderer: Initialized EGL, version 1.4
09-02 16:53:28.687 23743 23918 D OpenGLRenderer: Swap behavior 2
09-02 16:53:28.689 23743 23930 I FirefoxAccount: Registering persistence callback
09-02 16:53:28.690 23743 23930 I FirefoxAccountStateMachine: Ran 'mozilla.components.service.fxa.manager.Event$Account$Start@f025ec' side-effects for state Active(progressState=Initializing), got successive event mozilla.components.service.fxa.manager.Event$Progress$AccountNotFound@f02e187
09-02 16:53:28.690 23743 23930 I FirefoxAccountStateMachine: Processing event 'mozilla.components.service.fxa.manager.Event$Progress$AccountNotFound@f02e187' for state Active(progressState=Initializing). Next state is Idle(accountState=NotAuthenticated)
09-02 16:53:28.691 23743 23918 D libGLESv1: STS_GLApi : DTS, ODTC are not allowed for Package : org.mozilla.firefox
09-02 16:53:28.693 23743 23918 D mali_winsys: EGLint new_window_surface(egl_winsys_display *, void *, EGLSurface, EGLConfig, egl_winsys_surface **, egl_color_buffer_format *, EGLBoolean) returns 0x3000,  [720x1280]-format:1
09-02 16:53:28.693 23743 23918 D OpenGLRenderer: eglCreateWindowSurface = 0x7c2afa2680
09-02 16:53:28.698  3979  4545 I ActivityManager: Displayed org.mozilla.firefox/org.mozilla.fenix.HomeActivity: +706ms (total +1s508ms)
09-02 16:53:28.698  3979  4545 I ActivityManager: Fully drawn org.mozilla.firefox/org.mozilla.fenix.HomeActivity: +706ms (total +1s508ms)
09-02 16:53:28.700  3462  3462 I SurfaceFlinger: id=3259 createSurf (720x1238),1 flag=4, SurfaceView - org.mozilla.firefox/org.mozilla.fenix.HomeActivity@a5b58b4@0#0
09-02 16:53:28.701  3462  3462 I SurfaceFlinger: id=3260 createSurf (720x1238),-1 flag=20004, Background for - SurfaceView - org.mozilla.firefox/org.mozilla.fenix.HomeActivity@a5b58b4@0#0
09-02 16:53:28.702 23743 23743 D SurfaceView: BG hide() Surface(name=Background for - SurfaceView - org.mozilla.firefox/org.mozilla.fenix.HomeActivity@a5b58b4@0) false true org.mozilla.gecko.MagnifiableSurfaceView{a5b58b4 V.E...... ......ID 0,0-720,1238}
09-02 16:53:28.703 23743 23743 V Surface : sf_framedrop debug : 0x4f4c, game : false, logging : 0
09-02 16:53:28.703 23743 23743 D SurfaceView: surfaceCreated 1 org.mozilla.gecko.MagnifiableSurfaceView{a5b58b4 V.E...... ......ID 0,0-720,1238}
09-02 16:53:28.703 23743 23743 D SurfaceView: surfaceChanged (720,1238) 1 org.mozilla.gecko.MagnifiableSurfaceView{a5b58b4 V.E...... ......ID 0,0-720,1238}
09-02 16:53:28.723  3979  4545 D ConnectivityService: filterNetworkStateForUid() uid: 10154 networkInfo: [type: WIFI[] - WIFI, state: CONNECTED/CONNECTED, reason: (unspecified), extra: "WiFi 69", failover: false, available: true, roaming: false, metered: false]
09-02 16:53:28.724  3979  4545 I chatty  : uid=1000(system) Binder:3979_6 identical 1 line
09-02 16:53:28.725  3979  4545 D ConnectivityService: filterNetworkStateForUid() uid: 10154 networkInfo: [type: WIFI[] - WIFI, state: CONNECTED/CONNECTED, reason: (unspecified), extra: "WiFi 69", failover: false, available: true, roaming: false, metered: false]
09-02 16:53:28.735  3979  4545 V WindowManager: Relayout Window{5fcde0d u0 org.mozilla.firefox/org.mozilla.fenix.HomeActivity}: viewVisibility=0 req=720x1280 WM.LayoutParams{(0,0)(fillxfill) sim=#110 ty=1 fl=#81010100 pfl=0x20000 fmt=-3 wanim=0x7f1404fa vsysui=0x2610 needsMenuKey=2 colorMode=0 naviIconColor=0}
09-02 16:53:28.740 23743 23743 D ViewRootImpl@3ae55cb[HomeActivity]: Relayout returned: old=[0,0][720,1280] new=[0,0][720,1280] result=0x3 surface={valid=true 533354582016} changed=false
09-02 16:53:28.771  3979  4545 V WindowManager: finishDrawingLocked: mDrawState=COMMIT_DRAW_PENDING Window{5fcde0d u0 org.mozilla.firefox/org.mozilla.fenix.HomeActivity} in Surface(name=org.mozilla.firefox/org.mozilla.fenix.HomeActivity)
09-02 16:53:28.771 23743 23743 D ViewRootImpl@3ae55cb[HomeActivity]: MSG_RESIZED_REPORT: frame=Rect(0, 0 - 720, 1280) ci=Rect(0, 42 - 0, 0) vi=Rect(0, 42 - 0, 0) or=1
09-02 16:53:28.772 23743 23743 D ViewRootImpl@3ae55cb[HomeActivity]: MSG_WINDOW_FOCUS_CHANGED 1
09-02 16:53:28.779  3979  4046 D ViewRootImpl@4201cb0[firefox]: dispatchDetachedFromWindow
09-02 16:53:28.779  3979  4046 D InputEventReceiver: channel 'a8a0729 Splash Screen org.mozilla.firefox (client)' ~ Disposing input event receiver.
09-02 16:53:28.779  3979  4046 D InputEventReceiver: channel 'a8a0729 Splash Screen org.mozilla.firefox (client)' ~NativeInputEventReceiver.
09-02 16:53:28.783  3979  3996 D WindowManager: set systemUiVisibility : systemUiFlags= 0x2618 fullscreenStackSysUiFlags= 0x0
09-02 16:53:28.786  3979  5968 D WindowManager: adjustSystemUiVisibilityLw : vis= 0x2618
09-02 16:53:28.787  3979  4004 D CustomFrequencyManagerService: acquireDVFSLockLocked : type : DVFS_MIN_LIMIT  frequency : 1560000  uid : 1000  pid : 3979  pkgName : AMS_RESUME_TAIL@CPU_MIN@14
09-02 16:53:28.787  3979  4004 D ActivityManagerPerformance: AMP_acquire() TAIL
09-02 16:53:28.788  3979  4004 D CustomFrequencyManagerService: releaseDVFSLockLocked : Getting Lock type frm List : DVFS_MIN_LIMIT  frequency : 1560000  uid : 1000  pid : 3979  tag : AMS_APP_SWITCH@CPU_MIN@23
09-02 16:53:28.788  3979  4004 D ActivityManagerPerformance: AMP_release() APP_SWITCH
09-02 16:53:28.791 23743 23743 V InputMethodManager: Starting input: tba=android.view.inputmethod.EditorInfo@ca50799 nm : org.mozilla.firefox ic=null
09-02 16:53:28.791 23743 23743 I InputMethodManager: startInputInner - mService.startInputOrWindowGainedFocus
09-02 16:53:28.792  3979  3996 D WindowManager: set systemUiVisibility : systemUiFlags= 0x2618 fullscreenStackSysUiFlags= 0x2000
09-02 16:53:28.792  3979  5968 D InputMethodManagerService: startInputOrWindowGainedFocus : windowGainedFocus 
09-02 16:53:28.792  3979  5968 D InputMethodManagerService: windowGainedFocus: destinationUserId (getCallingUid) = 0
09-02 16:53:28.792  3979  5968 D InputMethodManagerService: windowGainedFocus: currentUserId=0
09-02 16:53:28.792  3979  5968 D InputMethodManagerService: windowGainedFocus: mCurrentFocusedUserId=0
09-02 16:53:28.792  3979  5968 D InputMethodManagerService: windowGainedFocus : lock - currentUserId = 0 destinationUserId = 0
09-02 16:53:28.792  3979  5968 D InputMethodManagerService: windowGainedFocus : mCurrentFocusedUserId - 0 and mSecureKeypadEnabled - false, userSwitched - false
09-02 16:53:28.793  3979  5968 V InputMethodManagerService: windowGainedFocus : reason=WINDOW_FOCUS_GAIN client=android.os.BinderProxy@6436337 inputContext=null missingMethods= attribute=android.view.inputmethod.EditorInfo@eb5822f nm = org.mozilla.firefox controlFlags=#104 softInputMode=#110 windowFlags=#81010100
09-02 16:53:28.793  3979  5968 V InputMethodManagerService: hideCurrentInputLocked : shouldHideSoftInput is false
09-02 16:53:28.794  3979  5968 D InputMethodManagerService: isImeSwitcherDisabledPackage : false
09-02 16:53:28.794  3979  5968 V InputMethodManagerService: Creating new session for client ClientState{4cf03c uid 10154 pid 23743}
09-02 16:53:28.796  3979  5968 D InputMethodManagerService: setCurrentInputInfo - inputContext : null eidtorInfo : android.view.inputmethod.EditorInfo@eb5822f missingMethods : 0
09-02 16:53:28.797  4336  4336 I InputMethodWrapper:  call dispatchStartInputWithToken
09-02 16:53:28.797  4336  4336 I InputMethodService: dispatchStartInputWithToken
09-02 16:53:28.797  4336  4336 I SKBD    : SamsungKeypad [IMI] onStartInput - caller pid : 23743, caller uid : 10154
09-02 16:53:28.809 23743 23743 I DefaultSupportedAddonsChecker: Unregister check for new supported add-ons
09-02 16:53:28.824  3462  3462 I SurfaceFlinger: Display 0 HWC layers:
09-02 16:53:28.824  3462  3462 I SurfaceFlinger:     type    |    handle    | flag |  format   |   source crop (l,t,r,b)    |         frame       | name 
09-02 16:53:28.824  3462  3462 I SurfaceFlinger: ------------+--------------+------+-----------+----------------------------+---------------------+------
09-02 16:53:28.824  3462  3462 I SurfaceFlinger:      Device | 0x7ac4c24480 | 0000 | RGBA_8888 |   0.0    0.0  720.0 1280.0 |    0    0  720 1280 | org.mozilla.firefox/org.mozilla.fenix.HomeActivity#0
09-02 16:53:28.824  3462  3462 I SurfaceFlinger:      Device | 0x7ac4c24a80 | 0000 | RGBA_8888 |   0.0    0.0  720.0 1280.0 |    0    0  720 1280 | Splash Screen org.mozilla.firefox#0
09-02 16:53:28.824  3462  3462 I SurfaceFlinger:      Device | 0x7abe64bd40 | 0000 | RGBA_8888 |   0.0    0.0  720.0   42.0 |    0    0  720   42 | StatusBar#0
09-02 16:53:28.824  3462  3462 I SurfaceFlinger: 
09-02 16:53:28.852 23743 23743 D skia    : approximate: numPoints=40, lengths[39]=620.200073, totalLength=620.200073, segmentPoints[39]=[422.600037,0.000000]
09-02 16:53:28.852 23743 23743 D skia    : approximate: approximation[117]=1.000000, approximation[118]=422.600037, approximation[119]=0.000000
09-02 16:53:28.853 23743 23743 D skia    : approximate: numPoints=4, lengths[3]=3.448155, totalLength=3.448155, segmentPoints[3]=[3.000000,0.100000]
09-02 16:53:28.853 23743 23743 D skia    : approximate: approximation[9]=1.000000, approximation[10]=3.000000, approximation[11]=0.100000
09-02 16:53:28.854 23743 23743 D skia    : approximate: numPoints=37, lengths[36]=722.199951, totalLength=722.199951, segmentPoints[36]=[199.600006,0.000000]
09-02 16:53:28.854 23743 23743 D skia    : approximate: approximation[108]=1.000000, approximation[109]=199.600006, approximation[110]=0.000000
09-02 16:53:28.854 23743 23743 D skia    : approximate: numPoints=3, lengths[2]=2.472497, totalLength=2.472497, segmentPoints[2]=[2.000000,0.100000]
09-02 16:53:28.854 23743 23743 D skia    : approximate: approximation[6]=1.000000, approximation[7]=2.000000, approximation[8]=0.100000
09-02 16:53:28.860 23743 23743 V InputMethodManager: Starting input: tba=android.view.inputmethod.EditorInfo@bdbf39c nm : org.mozilla.firefox ic=null
09-02 16:53:28.860 23743 23743 I InputMethodManager: startInputInner - mService.startInputOrWindowGainedFocus
09-02 16:53:28.861  3979  4545 D InputMethodManagerService: startInputOrWindowGainedFocus : startInput 
09-02 16:53:28.861  3979  4545 D InputMethodManagerService: setCurrentInputInfo - inputContext : null eidtorInfo : android.view.inputmethod.EditorInfo@b22124b missingMethods : 0
09-02 16:53:28.861  4336  4336 I InputMethodWrapper:  call dispatchStartInputWithToken
09-02 16:53:28.861  4336  4336 I InputMethodService: dispatchStartInputWithToken
09-02 16:53:28.861  4336  4336 I SKBD    : SamsungKeypad [IMI] onStartInput - caller pid : 23743, caller uid : 10154
09-02 16:53:28.955 23743 23919 I libglean_ffi: glean_core::upload: Ping 16c75492-bb92-4e0c-b3d5-f2ff202fffe2 successfully sent 200.
09-02 16:53:28.955  3979  4046 I WindowManager: Destroying surface Surface(name=Splash Screen org.mozilla.firefox) called by com.android.server.wm.WindowStateAnimator.destroySurface:2501 com.android.server.wm.WindowStateAnimator.destroySurfaceLocked:985 com.android.server.wm.WindowState.destroyOrSaveSurfaceUnchecked:3671 com.android.server.wm.WindowState.destroySurface:3619 com.android.server.wm.AppWindowToken.destroySurfaces:722 com.android.server.wm.AppWindowToken.destroySurfaces:706 com.android.server.wm.WindowState.onExitAnimationDone:5333 com.android.server.wm.WindowStateAnimator.stepAnimationLocked:550 
09-02 16:53:28.955  3462  3502 I SurfaceFlinger: id=3257 Removed Splash Screen org.mozilla.firefox#0 (3/5)
09-02 16:53:28.956  3462  3462 I SurfaceFlinger: Display 0 HWC layers:
09-02 16:53:28.956  3462  3462 I SurfaceFlinger:     type    |    handle    | flag |  format   |   source crop (l,t,r,b)    |         frame       | name 
09-02 16:53:28.956  3462  3462 I SurfaceFlinger: ------------+--------------+------+-----------+----------------------------+---------------------+------
09-02 16:53:28.956  3462  3462 I SurfaceFlinger:      Device | 0x7ac4c24480 | 0000 | RGBA_8888 |   0.0    0.0  720.0 1280.0 |    0    0  720 1280 | org.mozilla.firefox/org.mozilla.fenix.HomeActivity#0
09-02 16:53:28.956  3462  3462 I SurfaceFlinger:      Device | 0x7ac4c24240 | 0000 | RGBA_8888 |   0.0    0.0  720.0   42.0 |    0    0  720   42 | StatusBar#0
09-02 16:53:28.956  3462  3462 I SurfaceFlinger: 
09-02 16:53:28.957 23743 23919 I libglean_ffi: glean_core::upload::directory: File was deleted /data/user/0/org.mozilla.firefox/glean_data/pending_pings/16c75492-bb92-4e0c-b3d5-f2ff202fffe2
09-02 16:53:28.958 23743 23919 I libglean_ffi: glean_core::upload: New upload task with id f303ef69-bcf9-4b2a-a30f-3e3f28e0e7e4 (path: /submit/org-mozilla-firefox/baseline/1/f303ef69-bcf9-4b2a-a30f-3e3f28e0e7e4)
09-02 16:53:28.965  3462  5840 I SurfaceFlinger: id=3257 Removed Splash Screen org.mozilla.firefox#0 (-2/5)
09-02 16:53:28.969  3462  3462 I Layer   : id=3257 onRemoved Splash Screen org.mozilla.firefox#0 
09-02 16:53:28.999  3979  4545 V WindowManager: Relayout Window{5fcde0d u0 org.mozilla.firefox/org.mozilla.fenix.HomeActivity}: viewVisibility=0 req=720x1280 WM.LayoutParams{(0,0)(fillxfill) sim=#10 ty=1 fl=#81010100 pfl=0x20000 fmt=-3 wanim=0x7f1404fa vsysui=0x2610 needsMenuKey=2 colorMode=0 naviIconColor=0}
09-02 16:53:29.005 23743 23743 D ViewRootImpl@3ae55cb[HomeActivity]: Relayout returned: old=[0,0][720,1280] new=[0,0][720,1280] result=0x1 surface={valid=true 533354582016} changed=false
09-02 16:53:29.030 23743 23743 W InputMethodManager: Ignoring onBind: cur seq=2092, given seq=2091
09-02 16:53:29.084 10264 16954 I FontLog : Received query Noto Color Emoji Compat, URI content://com.google.android.gms.fonts [CONTEXT service_id=132 ]
09-02 16:53:29.085 10264 16954 I FontLog : Query [emojicompat-emoji-font] resolved to {Noto Color Emoji Compat, wdth 100.0, wght 400, ital 0.0, bestEffort false} [CONTEXT service_id=132 ]
09-02 16:53:29.086 23743 23743 I zygote64: Deoptimizing kotlinx.coroutines.DisposableHandle kotlinx.coroutines.JobSupport.invokeOnCompletion(boolean, boolean, kotlin.jvm.functions.Function1) due to JIT inline cache
09-02 16:53:29.087 10264 16954 I FontLog : Fetch {Noto Color Emoji Compat, wdth 100.0, wght 400, ital 0.0, bestEffort false} end status Status{statusCode=SUCCESS, resolution=null} [CONTEXT service_id=132 ]
09-02 16:53:29.095 10264 16954 I FontLog : Pulling font file for id = 1571, cache size = 6 [CONTEXT service_id=132 ]
09-02 16:53:29.103  3979  5968 D ConnectivityService: filterNetworkStateForUid() uid: 10025 networkInfo: [type: WIFI[] - WIFI, state: CONNECTED/CONNECTED, reason: (unspecified), extra: "WiFi 69", failover: false, available: true, roaming: false, metered: false]
09-02 16:53:29.103 10264 16954 I FontLog : Pulling font file for id = 1571, cache size = 6 [CONTEXT service_id=132 ]
09-02 16:53:29.114  3979  5968 I chatty  : uid=1000(system) Binder:3979_12 identical 1 line
09-02 16:53:29.115  3979  5968 D ConnectivityService: filterNetworkStateForUid() uid: 10025 networkInfo: [type: WIFI[] - WIFI, state: CONNECTED/CONNECTED, reason: (unspecified), extra: "WiFi 69", failover: false, available: true, roaming: false, metered: false]
09-02 16:53:29.126  3979  4668 V WindowManager: rotationForOrientationLw(orient=2, last=0); user=0  sensorRotation=-1 mLidState=-1 mDockMode=0 mHdmiPlugged=false
09-02 16:53:29.133 23743 23743 I zygote64: Deoptimizing java.lang.Object mozilla.components.support.ktx.kotlinx.coroutines.flow.FlowKt$filterChanged$1.invokeSuspend(java.lang.Object) due to JIT inline cache
09-02 16:53:29.152  3979  4668 V WindowManager: Relayout Window{5fcde0d u0 org.mozilla.firefox/org.mozilla.fenix.HomeActivity}: viewVisibility=0 req=720x1280 WM.LayoutParams{(0,0)(fillxfill) sim=#10 ty=1 fl=#81010100 pfl=0x20000 fmt=-3 wanim=0x7f1404fa vsysui=0x2610 needsMenuKey=2 colorMode=0 naviIconColor=0}
09-02 16:53:29.157 23743 23743 D ViewRootImpl@3ae55cb[HomeActivity]: Relayout returned: old=[0,0][720,1280] new=[0,0][720,1280] result=0x1 surface={valid=true 533354582016} changed=false
09-02 16:53:29.173 23743 23743 I WebExtension: releasePendingMessages: extension=fxa@mozac.org nativeApp=mozacWebchannelBackground session=null
09-02 16:53:29.174 23743 23919 I libglean_ffi: glean_core::upload: Ping f303ef69-bcf9-4b2a-a30f-3e3f28e0e7e4 successfully sent 200.
09-02 16:53:29.177 23743 23919 I libglean_ffi: glean_core::upload::directory: File was deleted /data/user/0/org.mozilla.firefox/glean_data/pending_pings/f303ef69-bcf9-4b2a-a30f-3e3f28e0e7e4
09-02 16:53:29.178 23743 23919 I libglean_ffi: glean_core::upload: New upload task with id 6a06d5b5-add0-4c70-99de-47fd8bc09068 (path: /submit/org-mozilla-firefox/pageload/1/6a06d5b5-add0-4c70-99de-47fd8bc09068)
09-02 16:53:29.198  4962  4962 D io_stats: !@ 179,0 r 715909 21453128 w 531893 11176172 d 57626 20305484 f 131079 134370 iot 632988 533090 th 51200 0 0 pt 0 inp 0 0 56942.443
09-02 16:53:29.205  3979  3979 D PreBindingService: handleMessage : 1
09-02 16:53:29.226 23743 23743 I WebExtension: releasePendingMessages: extension=ads@mozac.org nativeApp=MozacBrowserAdsMessage session=org.mozilla.geckoview.GeckoSession@88b24f
09-02 16:53:29.244 23743 23772 W ResourceType: Too many attribute references, stopped at: 0x01010099
09-02 16:53:29.251 23743 23743 I WebExtension: releasePendingMessages: extension=fxa@mozac.org nativeApp=mozacWebchannel session=org.mozilla.geckoview.GeckoSession@88b24f
09-02 16:53:29.265 23743 23743 I WebExtension: releasePendingMessages: extension=icons@mozac.org nativeApp=MozacBrowserIcons session=org.mozilla.geckoview.GeckoSession@88b24f
09-02 16:53:29.271 23743 23743 I WebExtension: releasePendingMessages: extension=cookies@mozac.org nativeApp=MozacBrowserSearchMessage session=org.mozilla.geckoview.GeckoSession@88b24f
09-02 16:53:29.307 23743 23743 I WebExtension: releasePendingMessages: extension=readerview@mozac.org nativeApp=mozacReaderviewActive session=org.mozilla.geckoview.GeckoSession@88b24f
09-02 16:53:29.307 23743 23743 I WebExtension: releasePendingMessages: extension=readerview@mozac.org nativeApp=mozacReaderview session=org.mozilla.geckoview.GeckoSession@88b24f
09-02 16:53:29.309 23743 23743 I WebExtension: releasePendingMessages: extension=readerview@mozac.org nativeApp=mozacReaderviewActive session=org.mozilla.geckoview.GeckoSession@88b24f
09-02 16:53:29.309 23743 23743 I WebExtension: releasePendingMessages: extension=readerview@mozac.org nativeApp=mozacReaderview session=org.mozilla.geckoview.GeckoSession@88b24f
09-02 16:53:29.336 23743 23743 I SessionPrioritizationMiddleware: Update the currentSelectedTab adcc74d3-2843-4927-9bab-05523cf2bfd0 priority to HIGH
09-02 16:53:29.340 23814 23844 I GeckoLoader: Library base=/data/app/org.mozilla.firefox-qXEeZwQeSKU-v4RxzjCTZA==/lib/arm64
09-02 16:53:29.341 23814 23844 I GeckoLoader: Library base=/data/app/org.mozilla.firefox-qXEeZwQeSKU-v4RxzjCTZA==/lib/arm64
09-02 16:53:29.342 23814 23844 E GeckoLibLoad: Load sqlite start
09-02 16:53:29.344 23743 23748 I zygote64: Do full code cache collection, code=507KB, data=309KB
09-02 16:53:29.345 23743 23748 I zygote64: After code cache collection, code=388KB, data=192KB
09-02 16:53:29.345 23814 23844 E GeckoLibLoad: Load sqlite done
09-02 16:53:29.345 23743 23772 W AudioCapabilities: Unsupported mime audio/mpeg-L1
09-02 16:53:29.345 23814 23844 I GeckoLoader: Library base=/data/app/org.mozilla.firefox-qXEeZwQeSKU-v4RxzjCTZA==/lib/arm64
09-02 16:53:29.346 23814 23844 E GeckoLibLoad: Load nss start
09-02 16:53:29.346 23814 23844 E GeckoLibLoad: Load nss done
09-02 16:53:29.346 23743 23772 W AudioCapabilities: Unsupported mime audio/mpeg-L2
09-02 16:53:29.346 23814 23844 I GeckoLoader: Library base=/data/app/org.mozilla.firefox-qXEeZwQeSKU-v4RxzjCTZA==/lib/arm64
09-02 16:53:29.352 23743 23772 W AudioCapabilities: Unsupported mime audio/x-ms-wma
09-02 16:53:29.352 23743 23772 W AudioCapabilities: Unsupported mime audio/x-ima
09-02 16:53:29.358 23743 23772 W VideoCapabilities: Unrecognized profile 2130706433 for video/avc
09-02 16:53:29.358 23743 23772 W VideoCapabilities: Unrecognized profile 2130706434 for video/avc
09-02 16:53:29.361 23743 23743 I WebExtension: releasePendingMessages: extension=readerview@mozac.org nativeApp=mozacReaderviewActive session=org.mozilla.geckoview.GeckoSession@88b24f
09-02 16:53:29.361 23743 23743 I WebExtension: releasePendingMessages: extension=readerview@mozac.org nativeApp=mozacReaderview session=org.mozilla.geckoview.GeckoSession@88b24f
09-02 16:53:29.365 23743 23772 W VideoCapabilities: Unrecognized profile 2130706433 for video/avc
09-02 16:53:29.365 23743 23772 W VideoCapabilities: Unrecognized profile 2130706434 for video/avc
09-02 16:53:29.371 23814 23844 E GeckoLibLoad: Loaded libs in 20.962000ms total, 12ms(8ms) user, 8ms(16ms) system, 0(0) faults
09-02 16:53:29.371 23814 23844 W GeckoThread: zerdatime 111590803 - runGecko
09-02 16:53:29.384 23743 23772 W VideoCapabilities: Unsupported mime video/wvc1
09-02 16:53:29.388  3979  3979 D CustomFrequencyManagerService: releaseDVFSLockLocked : Getting Lock type frm List : DVFS_MIN_LIMIT  frequency : 1560000  uid : 1000  pid : 3979  tag : AMS_RESUME_TAIL@CPU_MIN@14
09-02 16:53:29.390 23743 23772 W VideoCapabilities: Unsupported mime video/x-ms-wmv
09-02 16:53:29.399 23743 23772 W VideoCapabilities: Unrecognized profile 2130706433 for video/avc
09-02 16:53:29.399 23743 23772 W VideoCapabilities: Unrecognized profile 2130706434 for video/avc
09-02 16:53:29.403 23743 23772 W VideoCapabilities: Unsupported mime video/avc-wfd
09-02 16:53:29.445 23743 23772 I VideoCapabilities: Unsupported profile 4 for video/mp4v-es
09-02 16:53:29.463 23743 23772 W VideoCapabilities: Unrecognized profile/level 1/32 for video/mp4v-es
09-02 16:53:29.463 23743 23772 W VideoCapabilities: Unrecognized profile/level 32768/2 for video/mp4v-es
09-02 16:53:29.463 23743 23772 W VideoCapabilities: Unrecognized profile/level 32768/64 for video/mp4v-es
09-02 16:53:29.464 23743 23772 W VideoCapabilities: Unsupported mime video/wvc1
09-02 16:53:29.465 23743 23772 W VideoCapabilities: Unsupported mime video/x-ms-wmv
09-02 16:53:29.466 23743 23772 W VideoCapabilities: Unsupported mime video/x-ms-wmv7
09-02 16:53:29.468 23743 23772 W VideoCapabilities: Unsupported mime video/x-ms-wmv8
09-02 16:53:29.469 23743 23772 W VideoCapabilities: Unsupported mime video/mp43
09-02 16:53:29.483 23881 23940 D libGLESv2: STS_GLApi : DTS, ODTC are not allowed for Package : org.mozilla.firefox:gpu
09-02 16:53:29.487 23881 23893 V Surface : sf_framedrop debug : 0x4f4c, game : false, logging : 0
09-02 16:53:29.492 23881 23940 D mali_winsys: EGLint new_window_surface(egl_winsys_display *, void *, EGLSurface, EGLConfig, egl_winsys_surface **, egl_color_buffer_format *, EGLBoolean) returns 0x3000,  [720x1238]-format:2
09-02 16:53:29.494 23743 23772 I GeckoSession: zerdatime 111590927 - chrome startup finished
09-02 16:53:29.503 23743 23919 I libglean_ffi: glean_core::upload: Ping 6a06d5b5-add0-4c70-99de-47fd8bc09068 successfully sent 200.
09-02 16:53:29.504 23743 23743 I GeckoSession: handleMessage GeckoView:PageStart uri=
09-02 16:53:29.505 23743 23919 I libglean_ffi: glean_core::upload::directory: File was deleted /data/user/0/org.mozilla.firefox/glean_data/pending_pings/6a06d5b5-add0-4c70-99de-47fd8bc09068
09-02 16:53:29.506 23743 23743 I GeckoSession: handleMessage GeckoView:PageStop uri=null
09-02 16:53:29.507 23743 23919 I libglean_ffi: glean_core::upload: New upload task with id 4f8fc27f-bcfa-4450-bb46-847269a4b975 (path: /submit/org-mozilla-firefox/baseline/1/4f8fc27f-bcfa-4450-bb46-847269a4b975)
09-02 16:53:29.537 23743 23743 I GeckoSession: handleMessage GeckoView:PageStart uri=
09-02 16:53:29.542  3614  3927 D DnsProxyListener: DNSDBG::dns addrinfo af 2
09-02 16:53:29.542  3614  3927 I chatty  : uid=0(root) /system/bin/netd identical 1 line
09-02 16:53:29.543  3614  3927 D DnsProxyListener: DNSDBG::dns addrinfo af 2
09-02 16:53:29.562  3979  4111 D MdnieScenarioControlService:  packageName : org.mozilla.firefox    className : org.mozilla.fenix.HomeActivity
09-02 16:53:29.563  3979  4111 V MdnieScenarioControlService: setUIMode from UI function(3)
09-02 16:53:29.593  3462  3462 I SurfaceFlinger: Display 0 HWC layers:
09-02 16:53:29.593  3462  3462 I SurfaceFlinger:     type    |    handle    | flag |  format   |   source crop (l,t,r,b)    |         frame       | name 
09-02 16:53:29.593  3462  3462 I SurfaceFlinger: ------------+--------------+------+-----------+----------------------------+---------------------+------
09-02 16:53:29.593  3462  3462 I SurfaceFlinger:      Client | 0x7ac4c243c0 | 0000 | RGBx_8888 |   0.0    0.0  720.0 1140.0 |    0  140  720 1280 | SurfaceView - org.mozilla.firefox/org.mozilla.fenix.HomeActivity@a5b58b4@0#0
09-02 16:53:29.593  3462  3462 I SurfaceFlinger:      Client | 0x7ac4c24480 | 0000 | RGBA_8888 |   0.0    0.0  720.0 1280.0 |    0    0  720 1280 | org.mozilla.firefox/org.mozilla.fenix.HomeActivity#0
09-02 16:53:29.593  3462  3462 I SurfaceFlinger:      Client | 0x7ac4c24240 | 0000 | RGBA_8888 |   0.0    0.0  720.0   42.0 |    0    0  720   42 | StatusBar#0
09-02 16:53:29.593  3462  3462 I SurfaceFlinger: 
09-02 16:53:29.602  3979  6844 D ConnectivityService: filterNetworkStateForUid() uid: 10102 networkInfo: [type: WIFI[] - WIFI, state: CONNECTED/CONNECTED, reason: (unspecified), extra: "WiFi 69", failover: false, available: true, roaming: false, metered: false]
09-02 16:53:29.604  7881  7881 W fb4a.MobileConfigFactoryImpl: SESSIONLESS factory used for 2 param
09-02 16:53:29.605  7881  7881 E fb4a.Execution: Redirecting MSYS Execution scheduling from the UI thread to a custom executor
09-02 16:53:29.606  3614  3927 D DnsProxyListener: DNSDBG::dns addrinfo af 2
09-02 16:53:29.618 23743 23772 D GeckoIdleService: Registering Idle observer callback
09-02 16:53:29.618 23743 23772 D GeckoIdleService: Register idle observer 0x7c2ac12f40 for 180 seconds
09-02 16:53:29.618 23743 23772 D GeckoIdleService: Register: adjusting next switch from -1 to 180 seconds
09-02 16:53:29.618 23743 23772 D GeckoIdleService: next timeout 180000 msec from now
09-02 16:53:29.619 23743 23772 D GeckoIdleService: SetTimerExpiryIfBefore: next timeout 180000 msec from now
09-02 16:53:29.619 23743 23772 D GeckoIdleService: reset timer expiry to 180010 msec from now
09-02 16:53:29.632 23743 23772 D GeckoIdleService: Register idle observer 0x7c2a3a21a8 for 5 seconds
09-02 16:53:29.632 23743 23772 D GeckoIdleService: Register: adjusting next switch from 180 to 5 seconds
09-02 16:53:29.632 23743 23772 D GeckoIdleService: next timeout 4986 msec from now
09-02 16:53:29.633 23743 23772 D GeckoIdleService: SetTimerExpiryIfBefore: next timeout 4986 msec from now
09-02 16:53:29.633 23743 23772 D GeckoIdleService: reset timer expiry to 4996 msec from now
09-02 16:53:29.759  3614  3927 D DnsProxyListener: DNSDBG::dns addrinfo af 2
09-02 16:53:29.760  3614  3927 I chatty  : uid=0(root) /system/bin/netd identical 1 line
09-02 16:53:29.763  3614  3927 D DnsProxyListener: DNSDBG::dns addrinfo af 2
09-02 16:53:29.765  7881  7881 W fb4a.MobileConfigFactoryImpl: SESSIONLESS factory used for 2 param
09-02 16:53:29.765  7881 23669 D omnistore_android_logger: DebouncingRateLimiter attempting event SyncProtocol::onConnectionEstablished
09-02 16:53:29.765  7881 23669 D omnistore_android_logger: AlarmManager::startAlarmTimer for key=SyncProtocol::onConnectionEstablished, it will NOT wake up main thread to reschedule
09-02 16:53:29.765  7881 23669 W omnistore_android_logger: Event SyncProtocol::onConnectionEstablished rate limited for 12020 ms
09-02 16:53:29.766  7881  7881 E fb4a.Execution: Redirecting MSYS Execution scheduling from the UI thread to a custom executor
09-02 16:53:29.769 23743 23743 I zygote64: Deoptimizing int mozilla.components.browser.state.state.TabSessionState.hashCode() due to JIT inline cache
09-02 16:53:29.769 23743 23743 I zygote64: Deoptimizing int mozilla.components.browser.state.state.SessionState$-CC.m(java.util.List, int, int) due to JIT inline cache
09-02 16:53:29.797  3614  3927 D DnsProxyListener: DNSDBG::dns addrinfo af 2
09-02 16:53:29.816  7881  4231 E fb4a.msys: E[N MQTT]readEOF(124)=>TCPStreamTransport readEOF
09-02 16:53:29.816  7881  4231 E fb4a.msys: E[N MQTT]onEOF(699)=>LigerBasedStreamTransport onEOF
09-02 16:53:29.817  7881 23671 E fb4a.FBMsysMqttClientCallbacks: onPublish, onFailure, msgId = 2108, error = 2003
09-02 16:53:29.818  7881 23671 E fb4a.FBMsysMqttClientCallbacks: onPublish, onFailure, msgId = 2107, error = 2003
09-02 16:53:29.818  7881 23671 E fb4a.FBMsysMqttClientCallbacks: onPublish, onFailure, msgId = 2106, error = 2003
09-02 16:53:29.819  7881 23671 E fb4a.FBMsysMqttClientCallbacks: onPublish, onFailure, msgId = 2105, error = 2003
09-02 16:53:29.819  7881 23671 E fb4a.FBMsysMqttClientCallbacks: onPublish, onFailure, msgId = 2104, error = 2003
09-02 16:53:29.820  3979  6844 D ConnectivityService: filterNetworkStateForUid() uid: 10102 networkInfo: [type: WIFI[] - WIFI, state: CONNECTED/CONNECTED, reason: (unspecified), extra: "WiFi 69", failover: false, available: true, roaming: false, metered: false]
09-02 16:53:29.823  7881  4225 E fb4a.msys: E[N rtchannel]_rt_mqtt_publish_callback(430)=>Failed to publish the request over MQTT (possible duplicate log). token:3a577768-1acf-4b67-83b2-8825428f9953, category:mcd-sync-data-task-category, requestId:49243, error:Error Domain=mqtt Code=2003 UserInfo=0xc91e2e00 {MCFErrorDirectLocalizedFailureReasonKey=2003, MCFErrorDirectDescriptionKey=2003}
09-02 16:53:29.824  7881  4225 E fb4a.msys: E[N rtchannel]_rt_mqtt_publish_callback(430)=>Failed to publish the request over MQTT (possible duplicate log). token:56d1649b-d08e-4ca1-915e-028995416281, category:mcd-sync-data-task-category, requestId:4297, error:Error Domain=mqtt Code=2003 UserInfo=0xbb9ff700 {MCFErrorDirectLocalizedFailureReasonKey=2003, MCFErrorDirectDescriptionKey=2003}
09-02 16:53:29.825  7881  4229 E fb4a.msys: E[S sync]_createResponseError(195)=>Network Response 3a577768-1acf-4b67-83b2-8825428f9953 contains sync error Error Domain=mqtt Code=2003 UserInfo=0xc91e2e00 {MCFErrorDirectLocalizedFailureReasonKey=2003, MCFErrorDirectDescriptionKey=2003} - Underlying error (null): Error Domain=mqtt Code=2003 UserInfo=0xc91e2e00 {MCFErrorDirectLocalizedFailureReasonKey=2003, MCFErrorDirectDescriptionKey=2003}
09-02 16:53:29.827  3614  3927 D DnsProxyListener: DNSDBG::dns addrinfo af 2
09-02 16:53:29.827  7881  7881 W fb4a.MobileConfigFactoryImpl: SESSIONLESS factory used for 2 param
09-02 16:53:29.828  7881  7881 E fb4a.Execution: Redirecting MSYS Execution scheduling from the UI thread to a custom executor
09-02 16:53:29.832  7881  4229 E fb4a.msys: E[S sync]_createResponseError(195)=>Network Response 56d1649b-d08e-4ca1-915e-028995416281 contains sync error Error Domain=mqtt Code=2003 UserInfo=0xbb9ff700 {MCFErrorDirectLocalizedFailureReasonKey=2003, MCFErrorDirectDescriptionKey=2003} - Underlying error (null): Error Domain=mqtt Code=2003 UserInfo=0xbb9ff700 {MCFErrorDirectLocalizedFailureReasonKey=2003, MCFErrorDirectDescriptionKey=2003}
09-02 16:53:29.839  7881  4225 E fb4a.msys: E[N data-request]_HandleDataResponse(1782)=>Data request error for task c7885fcb-126c-4d93-a22f-56f7fd4acb2d (response type 1): (null)
09-02 16:53:29.842  7881  4225 E fb4a.msys: E[N data-request]_HandleDataResponse(1782)=>Data request error for task 08627307-fc4f-413b-b1a5-56d5f5ea6bcd (response type 1): (null)
09-02 16:53:29.844  7881  4229 E fb4a.msys: E[S sync]_createResponseError(195)=>Network Response c7885fcb-126c-4d93-a22f-56f7fd4acb2d contains sync error Error Domain=com.facebook.http.error Code=401 UserInfo=0xc7ac7c00 {MCFErrorDirectLocalizedDescriptionKey=Client error} - Underlying error (null): Error Domain=com.facebook.http.error Code=401 UserInfo=0xc7ac7c00 {MCFErrorDirectLocalizedDescriptionKey=Client error}
09-02 16:53:29.844  7881 22960 E fb4a.T157805820: TigonMhrLogger::logRequestIfNeeded
09-02 16:53:29.844  7881 23620 E fb4a.T157805820: TigonMhrLogger::logRequestIfNeeded
09-02 16:53:29.844  7881 23620 E fb4a.T157805820: TigonWifiInfoLogger::init
09-02 16:53:29.844  7881 22960 E fb4a.T157805820: TigonWifiInfoLogger::init
09-02 16:53:29.845  7881 22960 E fb4a.T157805820: TigonMhrFbcLogger::logRequestIfNeeded
09-02 16:53:29.845  7881 23620 E fb4a.T157805820: TigonMhrFbcLogger::logRequestIfNeeded
09-02 16:53:29.845  7881 22960 E fb4a.T157805820: TigonCellTowerInfoLogger::logRequestIfNeeded
09-02 16:53:29.845  7881 22960 E fb4a.T157805820: TigonCertificateVerificationLogger::logRequestIfNeeded
09-02 16:53:29.845  7881 23620 E fb4a.T157805820: TigonCellTowerInfoLogger::logRequestIfNeeded
09-02 16:53:29.845  7881 22960 E fb4a.T157805820: TigonTransientAnalysisLogger::logRequestIfNeeded
09-02 16:53:29.845  7881 22960 E fb4a.T157805820: TigonProviderConnectionDeviceInfoLogger::logRequestIfNeeded
09-02 16:53:29.845  7881 23620 E fb4a.T157805820: TigonCertificateVerificationLogger::logRequestIfNeeded
09-02 16:53:29.845  7881 23620 E fb4a.T157805820: TigonTransientAnalysisLogger::logRequestIfNeeded
09-02 16:53:29.845  7881 23620 E fb4a.T157805820: TigonProviderConnectionDeviceInfoLogger::logRequestIfNeeded
09-02 16:53:29.845  7881 22960 E fb4a.T157805820: TigonCellTowerInfoPapayaLogger::logRequestIfNeeded
09-02 16:53:29.845  7881 22960 E fb4a.T157805820: NetworkUtilisationLogger::logRequestIfNeeded
09-02 16:53:29.845  7881 23620 E fb4a.T157805820: TigonCellTowerInfoPapayaLogger::logRequestIfNeeded
09-02 16:53:29.845  7881 23620 E fb4a.T157805820: NetworkUtilisationLogger::logRequestIfNeeded
09-02 16:53:29.852  7881  4229 E fb4a.msys: E[S sync]_createResponseError(195)=>Network Response 08627307-fc4f-413b-b1a5-56d5f5ea6bcd contains sync error Error Domain=com.facebook.http.error Code=401 UserInfo=0xc7b5af00 {MCFErrorDirectLocalizedDescriptionKey=Client error} - Underlying error (null): Error Domain=com.facebook.http.error Code=401 UserInfo=0xc7b5af00 {MCFErrorDirectLocalizedDescriptionKey=Client error}
09-02 16:53:29.861  7881  8242 E fb4a.T157805820: TigonMhrLogger::logRequestIfNeeded
09-02 16:53:29.862  7881  8242 E fb4a.T157805820: TigonWifiInfoLogger::init
09-02 16:53:29.862  7881  8242 E fb4a.T157805820: TigonMhrFbcLogger::logRequestIfNeeded
09-02 16:53:29.862  7881  8242 E fb4a.T157805820: TigonCellTowerInfoLogger::logRequestIfNeeded
09-02 16:53:29.862  7881  8242 E fb4a.T157805820: TigonCertificateVerificationLogger::logRequestIfNeeded
09-02 16:53:29.862  7881  8242 E fb4a.T157805820: TigonTransientAnalysisLogger::logRequestIfNeeded
09-02 16:53:29.862  7881  8242 E fb4a.T157805820: TigonProviderConnectionDeviceInfoLogger::logRequestIfNeeded
09-02 16:53:29.865 23743 23743 I zygote64: Deoptimizing kotlin.coroutines.CoroutineContext kotlinx.coroutines.CoroutineContextKt.newCoroutineContext(kotlinx.coroutines.CoroutineScope, kotlin.coroutines.CoroutineContext) due to JIT inline cache
09-02 16:53:29.868  7881  8242 E fb4a.T157805820: TigonCellTowerInfoPapayaLogger::logRequestIfNeeded
09-02 16:53:29.868  7881  8242 E fb4a.T157805820: NetworkUtilisationLogger::logRequestIfNeeded
09-02 16:53:29.881 23743 23748 I zygote64: Do partial code cache collection, code=505KB, data=267KB
09-02 16:53:29.882 23743 23748 I zygote64: After code cache collection, code=501KB, data=266KB
09-02 16:53:29.882 23743 23748 I zygote64: Increasing code cache capacity to 2MB
09-02 16:53:29.883  3979  3979 D PreBindingService: handleMessage : 1
09-02 16:53:29.894  7881  4225 E fb4a.msys: E[N data-request]_HandleDataResponse(1782)=>Data request error for task 56746768-15aa-45e1-ac69-280fd2c5726d (response type 1): (null)
09-02 16:53:29.895  7881 23670 E fb4a.T157805820: TigonMhrLogger::logRequestIfNeeded
09-02 16:53:29.895  7881 23670 E fb4a.T157805820: TigonWifiInfoLogger::init
09-02 16:53:29.895  7881 23670 E fb4a.T157805820: TigonMhrFbcLogger::logRequestIfNeeded
09-02 16:53:29.896  7881 23670 E fb4a.T157805820: TigonCellTowerInfoLogger::logRequestIfNeeded
09-02 16:53:29.896  7881  4229 E fb4a.msys: E[S sync]_createResponseError(195)=>Network Response 56746768-15aa-45e1-ac69-280fd2c5726d contains sync error Error Domain=com.facebook.http.error Code=401 UserInfo=0xc7b5a400 {MCFErrorDirectLocalizedDescriptionKey=Client error} - Underlying error (null): Error Domain=com.facebook.http.error Code=401 UserInfo=0xc7b5a400 {MCFErrorDirectLocalizedDescriptionKey=Client error}
09-02 16:53:29.896  7881 23670 E fb4a.T157805820: TigonCertificateVerificationLogger::logRequestIfNeeded
09-02 16:53:29.896  7881 23670 E fb4a.T157805820: TigonTransientAnalysisLogger::logRequestIfNeeded
09-02 16:53:29.896  7881 23670 E fb4a.T157805820: TigonProviderConnectionDeviceInfoLogger::logRequestIfNeeded
09-02 16:53:29.896  7881 23670 E fb4a.T157805820: TigonCellTowerInfoPapayaLogger::logRequestIfNeeded
09-02 16:53:29.896  7881 23670 E fb4a.T157805820: NetworkUtilisationLogger::logRequestIfNeeded
09-02 16:53:29.907  7881  4225 E fb4a.msys: E[N data-request]_HandleDataResponse(1782)=>Data request error for task 45449129-cc2b-4113-b0b0-6895b268e582 (response type 1): (null)
09-02 16:53:29.908  7881 23669 E fb4a.T157805820: TigonMhrLogger::logRequestIfNeeded
09-02 16:53:29.908  7881 23669 E fb4a.T157805820: TigonWifiInfoLogger::init
09-02 16:53:29.908  7881 23669 E fb4a.T157805820: TigonMhrFbcLogger::logRequestIfNeeded
09-02 16:53:29.910  7881 23669 E fb4a.T157805820: TigonCellTowerInfoLogger::logRequestIfNeeded
09-02 16:53:29.910  7881 23669 E fb4a.T157805820: TigonCertificateVerificationLogger::logRequestIfNeeded
09-02 16:53:29.910  7881 23669 E fb4a.T157805820: TigonTransientAnalysisLogger::logRequestIfNeeded
09-02 16:53:29.910  7881 23669 E fb4a.T157805820: TigonProviderConnectionDeviceInfoLogger::logRequestIfNeeded
09-02 16:53:29.910  7881 23669 E fb4a.T157805820: TigonCellTowerInfoPapayaLogger::logRequestIfNeeded
09-02 16:53:29.910  7881 23669 E fb4a.T157805820: NetworkUtilisationLogger::logRequestIfNeeded
09-02 16:53:29.914  7881  4229 E fb4a.msys: E[S task_queue_handling]MCDLightSpeedTaskExecutorNetworkCompletionCallback(1017)=>Handling send error for taskId=6 batchSize=1 queue=secure_message_over_wa_generate_cat
09-02 16:53:29.915  7881 23670 E fb4a.T157805820: TigonMhrLogger::logRequestIfNeeded
09-02 16:53:29.915  7881 23670 E fb4a.T157805820: TigonWifiInfoLogger::init
09-02 16:53:29.915  7881  4225 E fb4a.msys: E[N data-request]_HandleDataResponse(1782)=>Data request error for task 1def7b4d-dc7c-4c14-9c95-ab3be091b788 (response type 1): (null)
09-02 16:53:29.915  7881  4229 E fb4a.msys: E[S task_queue_handling]MCDLightSpeedTaskExecutorNetworkCompletionCallback(1071)=>Error content with 18 bytes: Error Domain=com.facebook.http.error Code=401 UserInfo=0xc91e2f00 {MCFErrorDirectLocalizedDescriptionKey=Client error}
09-02 16:53:29.915  7881 23670 E fb4a.T157805820: TigonMhrFbcLogger::logRequestIfNeeded
09-02 16:53:29.915  7881 23670 E fb4a.T157805820: TigonCellTowerInfoLogger::logRequestIfNeeded
09-02 16:53:29.915  7881 23670 E fb4a.T157805820: TigonCertificateVerificationLogger::logRequestIfNeeded
09-02 16:53:29.915  7881 23670 E fb4a.T157805820: TigonTransientAnalysisLogger::logRequestIfNeeded
09-02 16:53:29.915  7881 23670 E fb4a.T157805820: TigonProviderConnectionDeviceInfoLogger::logRequestIfNeeded
09-02 16:53:29.916  7881 23670 E fb4a.T157805820: TigonCellTowerInfoPapayaLogger::logRequestIfNeeded
09-02 16:53:29.916  7881 23670 E fb4a.T157805820: NetworkUtilisationLogger::logRequestIfNeeded
09-02 16:53:29.921  7881  4229 E fb4a.msys: E[S sync]_createResponseError(195)=>Network Response 1def7b4d-dc7c-4c14-9c95-ab3be091b788 contains sync error Error Domain=com.facebook.http.error Code=401 UserInfo=0xbbbe6400 {MCFErrorDirectLocalizedDescriptionKey=Client error} - Underlying error (null): Error Domain=com.facebook.http.error Code=401 UserInfo=0xbbbe6400 {MCFErrorDirectLocalizedDescriptionKey=Client error}
09-02 16:53:29.921 23743 24031 I zygote64: Deoptimizing void kotlin.coroutines.jvm.internal.BaseContinuationImpl.resumeWith(java.lang.Object) due to JIT inline cache
09-02 16:53:29.999  3979  3979 D PreBindingService: handleMessage : 1
09-02 16:53:30.012 23743 23919 I libglean_ffi: glean_core::upload: Ping 4f8fc27f-bcfa-4450-bb46-847269a4b975 successfully sent 200.
09-02 16:53:30.014 23743 23919 I libglean_ffi: glean_core::upload::directory: File was deleted /data/user/0/org.mozilla.firefox/glean_data/pending_pings/4f8fc27f-bcfa-4450-bb46-847269a4b975
09-02 16:53:30.015 23743 23919 I libglean_ffi: glean_core::upload: No more pings to upload! You are done.
09-02 16:53:30.021 23743 23831 I WM-WorkerWrapper: Worker result SUCCESS for Work [ id=9de80589-ca4f-4490-9536-7912772bd493, tags={ mozilla.telemetry.glean.scheduler.PingUploadWorker, mozac_service_glean_ping_upload_worker } ]
09-02 16:53:30.027 23743 23743 D ConnectivityManager: unregisterNetworkCallback; CallingUid : 10154, CallingPid : 23743
09-02 16:53:30.028  3979  4180 D ConnectivityService: releasing NetworkRequest [ TRACK_DEFAULT id=1070, [ Capabilities: INTERNET&NOT_RESTRICTED&TRUSTED&NOT_VPN] ] (CALLBACK_RELEASED)
09-02 16:53:30.028  3979  4180 D ConnectivityService:  Removing from current network NetworkAgentInfo [WIFI () - 502], leaving 18 requests.
09-02 16:53:30.029  3979  4180 D ConnectivityService: sending notification RELEASED for NetworkRequest [ TRACK_DEFAULT id=1070, [ Capabilities: INTERNET&NOT_RESTRICTED&TRUSTED&NOT_VPN] ]
09-02 16:53:30.093  3449  3449 I android.hardware.wifi@1.0-service: getLinkLayerStats
09-02 16:53:30.093  3614  3927 D DnsProxyListener: DNSDBG::dns addrinfo af 2
09-02 16:53:30.093  3614  3927 D DnsProxyListener: DNSDBG::dns addrinfo af 2
09-02 16:53:30.148  3979  4051 D SensorService: [SO] 0.062 -0.402 9.826
09-02 16:53:30.230  3614  3927 D DnsProxyListener: DNSDBG::dns addrinfo af 2
09-02 16:53:30.356  3614  3927 I chatty  : uid=0(root) /system/bin/netd identical 3 lines
09-02 16:53:30.361  3614  3927 D DnsProxyListener: DNSDBG::dns addrinfo af 2
09-02 16:53:30.614  5551  5624 D ContactsProvider_EventLog: contents_sample_state: [CONTACT contacts(191) data(1819) accounts({com.google (13)=199}) accounts deleted({}) calls([]) countryIso(NL) userId(0)  ]
09-02 16:53:30.614  5551  5624 D ContactsProvider_EventLog: contents_sample_state: [ agr({[13 ,13]=8, [13]=183})  ]
09-02 16:53:30.614  5551  5624 D ContactsProvider_EventLog: contents_sample_state: [ actCnt({android.process.acore(5551)=1})  ]
09-02 16:53:30.614  5551  5624 D ContactsProvider_EventLog: contents_sample_state: [PROFILE contacts(0) data(0) accounts({})  ]
09-02 16:53:30.614  5551  5624 D ContactsProvider_EventLog: contents_sample_state: [SAPROFILE contacts(1) data(1) accounts({vnd.sec.contact.phone (1)=1})  ]
09-02 16:53:30.616  5551  5624 E ContactsProvider_EventLog: Flush buffer to file cnt : 1 size : 0Kb duration : 1ms lastUpdatedAfter : 60102 ms mFlush_time_threasold : 2000 mCurrentSize : 481
09-02 16:53:30.619  3614  3927 D DnsProxyListener: DNSDBG::dns addrinfo af 2
09-02 16:53:30.655  3614  3927 I chatty  : uid=0(root) /system/bin/netd identical 3 lines
09-02 16:53:30.971  3614  3927 D DnsProxyListener: DNSDBG::dns addrinfo af 2
09-02 16:53:31.020  5551  5627 D SharedPreferencesImpl: Time required to fsync /data/user/0/com.samsung.android.providers.contacts/shared_prefs/eventlog.xml: [<1: 0, <2: 0, <4: 40, <8: 725, <16: 198, <32: 40, <64: 3, <128: 0, <256: 1, <512: 2, <1024: 0, <2048: 0, <4096: 0, <8192: 0, <16384: 0, >=16384: 0]
09-02 16:53:31.242 23743 24057 I zygote64: Deoptimizing void kotlinx.coroutines.DispatchedTask.run() due to JIT inline cache
09-02 16:53:31.245 23743 24058 I zygote64: Deoptimizing boolean kotlin.sequences.FlatteningSequence$iterator$1.ensureItemIterator() due to JIT inline cache
09-02 16:53:31.265 23743 24058 I zygote64: Deoptimizing void kotlinx.coroutines.CancellableContinuationImpl.dispatchResume(int) due to JIT inline cache
09-02 16:53:31.422  3614  3927 D DnsProxyListener: DNSDBG::dns addrinfo af 2
09-02 16:53:31.502  3614  3927 I chatty  : uid=0(root) /system/bin/netd identical 3 lines
09-02 16:53:31.513  3614  3927 D DnsProxyListener: DNSDBG::dns addrinfo af 2
09-02 16:53:31.530 23743 23743 I GeckoSession: handleMessage GeckoView:PageStop uri=null
09-02 16:53:31.538  3614  3927 D DnsProxyListener: DNSDBG::dns addrinfo af 2
09-02 16:53:31.541  3614  3927 I chatty  : uid=0(root) /system/bin/netd identical 1 line
09-02 16:53:31.544  3614  3927 D DnsProxyListener: DNSDBG::dns addrinfo af 2
09-02 16:53:31.547 23743 23794 I SessionStorage/AutoSave: Save: Load finished
09-02 16:53:31.548 23743 23794 I zygote64: Deoptimizing void kotlinx.coroutines.AbstractCoroutine.<init>(kotlin.coroutines.CoroutineContext, boolean) due to JIT inline cache
09-02 16:53:31.548 23743 23794 I zygote64: Deoptimizing kotlin.coroutines.CoroutineContext kotlin.coroutines.CoroutineContext$Element$DefaultImpls.plus(kotlin.coroutines.CoroutineContext$Element, kotlin.coroutines.CoroutineContext) due to JIT inline cache
09-02 16:53:31.560  3614  3927 D DnsProxyListener: DNSDBG::dns addrinfo af 2
09-02 16:53:31.567  3979  5968 D ConnectivityService: filterNetworkStateForUid() uid: 10154 networkInfo: [type: WIFI[] - WIFI, state: CONNECTED/CONNECTED, reason: (unspecified), extra: "WiFi 69", failover: false, available: true, roaming: false, metered: false]
09-02 16:53:31.570  3979  5968 D ConnectivityService: filterNetworkStateForUid() uid: 10154 networkInfo: [type: WIFI[] - WIFI, state: CONNECTED/CONNECTED, reason: (unspecified), extra: "WiFi 69", failover: false, available: true, roaming: false, metered: false]
09-02 16:53:31.599  3614  3927 D DnsProxyListener: DNSDBG::dns addrinfo af 2
09-02 16:53:32.033  4349  4349 D KeyguardUpdateMonitor: handleStatusBarState( false )
09-02 16:53:32.044  4349  4349 D KeyguardUpdateMonitor: handleStatusBarState( false )
09-02 16:53:32.242 14031 14031 E adbd    : recv: OPEN 00023aff 00000000 0076:73 68 65 6C 6C 2C 76 32 2C 54 45 52 4D 3D 78 74 65 72 6D 2D 32 35 36 63 6F 6C 6F 72 2C 72 61 77 3A 64 75 6D 70 73 79 73 20 61 63 74 69 76 69 74 79 20 72 65 63 65 6E 74 73 20 7C 20 67 72 65 70 20 22 52 65 63 65 6E 74 20 23 30 22 20 7C 20 63 75 74 20 2D 64 20 22 3D 22 20 2D 66 32 20 7C 20 67 72 65 70 20 2D 6F 20 2D 70 20 22 5B 61 2D 7A 7C 2E 5D 2A 22 00 
09-02 16:53:32.242 14031 14031 E adbd    : service_to_fd: shell,v2,TERM=xterm-256color,raw:dumpsys activity recents | grep "Recent #0" | cut -d "=" -f2 | grep -o -p "[a-z|.]*"
09-02 16:53:32.248 23743 23756 I zygote64: Waiting for a blocking GC ProfileSaver
09-02 16:53:32.264 23743 23756 I zygote64: WaitForGcToComplete blocked for 15.928ms for cause ProfileSaver
09-02 16:53:32.329 14031 14031 E adbd    : recv: OPEN 00023b02 00000000 0042:73 68 65 6C 6C 2C 76 32 2C 54 45 52 4D 3D 78 74 65 72 6D 2D 32 35 36 63 6F 6C 6F 72 2C 72 61 77 3A 67 65 74 70 72 6F 70 20 72 6F 2E 62 75 69 6C 64 2E 76 65 72 73 69 6F 6E 2E 72 65 6C 65 61 73 65 00 
09-02 16:53:32.329 14031 14031 E adbd    : service_to_fd: shell,v2,TERM=xterm-256color,raw:getprop ro.build.version.release
09-02 16:53:32.389 14031 14031 E adbd    : recv: OPEN 00023b05 00000000 003e:73 68 65 6C 6C 2C 76 32 2C 54 45 52 4D 3D 78 74 65 72 6D 2D 32 35 36 63 6F 6C 6F 72 2C 72 61 77 3A 67 65 74 70 72 6F 70 20 72 6F 2E 62 75 69 6C 64 2E 76 65 72 73 69 6F 6E 2E 73 64 6B 00 
09-02 16:53:32.389 14031 14031 E adbd    : service_to_fd: shell,v2,TERM=xterm-256color,raw:getprop ro.build.version.sdk
09-02 16:53:32.434  3614  3927 D DnsProxyListener: DNSDBG::dns addrinfo af 2
09-02 16:53:32.467  3614  3927 D DnsProxyListener: DNSDBG::dns addrinfo af 2
09-02 16:53:32.478 14031 14031 E adbd    : recv: OPEN 00023b08 00000000 0034:73 68 65 6C 6C 2C 76 32 2C 54 45 52 4D 3D 78 74 65 72 6D 2D 32 35 36 63 6F 6C 6F 72 2C 72 61 77 3A 69 6E 70 75 74 20 74 61 70 20 35 35 30 20 31 35 30 30 00 
09-02 16:53:32.478 14031 14031 E adbd    : service_to_fd: shell,v2,TERM=xterm-256color,raw:input tap 550 1500
09-02 16:53:32.573  3614  3927 D DnsProxyListener: DNSDBG::dns addrinfo af 2
09-02 16:53:32.597  3614  3927 D DnsProxyListener: DNSDBG::dns addrinfo af 2
09-02 16:53:32.815 23743 23743 W GeckoSession: No history entries found.
09-02 16:53:32.958 23743 23753 I zygote64: Background concurrent copying GC freed 199736(6MB) AllocSpace objects, 5(332KB) LOS objects, 49% free, 6MB/13MB, paused 5.479ms total 128.145ms
09-02 16:53:33.001  3979  4484 E Watchdog: !@Sync 1897 [2023-09-02 16:53:33.001]
09-02 16:53:33.103  3449  3449 I android.hardware.wifi@1.0-service: getLinkLayerStats
09-02 16:53:33.120  3614  3927 D DnsProxyListener: DNSDBG::dns addrinfo af 2
09-02 16:53:33.175 24088 24088 W ADebug  : Failed to get property persist.sys.media.traces
09-02 16:53:33.178 24088 24088 E appproc : Enhanced Zygote ASLR: ro.knox.enhance.zygote.aslr != 1. Enhanced Zygote ASLR is DISABLED!
09-02 16:53:33.178 24088 24088 D AndroidRuntime: >>>>>> START com.android.internal.os.RuntimeInit uid 2000 <<<<<<
09-02 16:53:33.189 24088 24088 D SecNativeFeatureCppIf: encoded
09-02 16:53:33.189 24088 24088 D SecNativeFeatureCppIf: decoding and unzip finish
09-02 16:53:33.189 24088 24088 D SecNativeFeatureCppIf: use unCompDataBuff. encoded
09-02 16:53:33.190 24088 24088 D SecNativeFeatureCppIf: Free unCompDataBuff
09-02 16:53:33.190 24088 24088 D SecNativeFeatureCppIf: encoded
09-02 16:53:33.190 24088 24088 D SecNativeFeatureCppIf: decoding and unzip finish
09-02 16:53:33.190 24088 24088 D SecNativeFeatureCppIf: use unCompDataBuff. encoded
