09-02 16:55:00.358  3979  5172 D SecContentProvider: query(), uri = 17 selection = isSettingsChangesAllowed
09-02 16:55:00.361  3979  5172 D SecContentProvider: called from android.uid.systemui:10009
09-02 16:55:00.361  7881  4229 E fb4a.msys: E[S sync]_createResponseError(195)=>Network Response 2ef839a6-4af0-4364-bf0f-d0b36f27244b contains sync error Error Domain=mqtt Code=2003 UserInfo=0xba304600 {MCFErrorDirectLocalizedFailureReasonKey=2003, MCFErrorDirectDescriptionKey=2003} - Underlying error (null): Error Domain=mqtt Code=2003 UserInfo=0xba304600 {MCFErrorDirectLocalizedFailureReasonKey=2003, MCFErrorDirectDescriptionKey=2003}
09-02 16:55:00.361  4349  4561 D SystemServicesProxy: updateOverviewLastStackActiveTimeAsync: done.
09-02 16:55:00.369  7881  4229 E fb4a.msys: E[S sync]_createResponseError(195)=>Network Response b6d0f21e-643c-4867-88f0-ce4dfa42b592 contains sync error Error Domain=com.facebook.http.error Code=401 UserInfo=0xba304100 {MCFErrorDirectLocalizedDescriptionKey=Client error} - Underlying error (null): Error Domain=com.facebook.http.error Code=401 UserInfo=0xba304100 {MCFErrorDirectLocalizedDescriptionKey=Client error}
09-02 16:55:00.387  7881 24501 E fb4a.T157805820: TigonMhrLogger::logRequestIfNeeded
09-02 16:55:00.387  7881 24501 E fb4a.T157805820: TigonWifiInfoLogger::init
09-02 16:55:00.387  7881  4225 E fb4a.msys: E[N data-request]_HandleDataResponse(1782)=>Data request error for task e1ed3b54-40aa-4b96-8d6f-3717cf1fbf28 (response type 1): (null)
09-02 16:55:00.387  7881 24501 E fb4a.T157805820: TigonMhrFbcLogger::logRequestIfNeeded
09-02 16:55:00.387  7881 24501 E fb4a.T157805820: TigonCellTowerInfoLogger::logRequestIfNeeded
09-02 16:55:00.387  7881 24501 E fb4a.T157805820: TigonCertificateVerificationLogger::logRequestIfNeeded
09-02 16:55:00.387  7881 24501 E fb4a.T157805820: TigonTransientAnalysisLogger::logRequestIfNeeded
09-02 16:55:00.387  7881 24501 E fb4a.T157805820: TigonProviderConnectionDeviceInfoLogger::logRequestIfNeeded
09-02 16:55:00.387  7881 24501 E fb4a.T157805820: TigonCellTowerInfoPapayaLogger::logRequestIfNeeded
09-02 16:55:00.388  7881 24501 E fb4a.T157805820: NetworkUtilisationLogger::logRequestIfNeeded
09-02 16:55:00.389  7881  4229 E fb4a.msys: E[S sync]_createResponseError(195)=>Network Response e1ed3b54-40aa-4b96-8d6f-3717cf1fbf28 contains sync error Error Domain=com.facebook.http.error Code=401 UserInfo=0xb58fab00 {MCFErrorDirectLocalizedDescriptionKey=Client error} - Underlying error (null): Error Domain=com.facebook.http.error Code=401 UserInfo=0xb58fab00 {MCFErrorDirectLocalizedDescriptionKey=Client error}
09-02 16:55:00.405 24380 24408 W ResourceType: Too many attribute references, stopped at: 0x01010099
09-02 16:55:00.405  7881 24292 E fb4a.T157805820: TigonMhrLogger::logRequestIfNeeded
09-02 16:55:00.405  7881 24292 E fb4a.T157805820: TigonWifiInfoLogger::init
09-02 16:55:00.405  7881  4225 E fb4a.msys: E[N data-request]_HandleDataResponse(1782)=>Data request error for task 3d04453d-9aa8-43af-a267-853625188918 (response type 1): (null)
09-02 16:55:00.405  7881 24292 E fb4a.T157805820: TigonMhrFbcLogger::logRequestIfNeeded
09-02 16:55:00.406  7881 24292 E fb4a.T157805820: TigonCellTowerInfoLogger::logRequestIfNeeded
09-02 16:55:00.406  7881 24292 E fb4a.T157805820: TigonCertificateVerificationLogger::logRequestIfNeeded
09-02 16:55:00.406  7881 24292 E fb4a.T157805820: TigonTransientAnalysisLogger::logRequestIfNeeded
09-02 16:55:00.406  7881 24292 E fb4a.T157805820: TigonProviderConnectionDeviceInfoLogger::logRequestIfNeeded
09-02 16:55:00.406  7881 24292 E fb4a.T157805820: TigonCellTowerInfoPapayaLogger::logRequestIfNeeded
09-02 16:55:00.406  7881 24292 E fb4a.T157805820: NetworkUtilisationLogger::logRequestIfNeeded
09-02 16:55:00.407  7881  4229 E fb4a.msys: E[S sync]_createResponseError(195)=>Network Response 3d04453d-9aa8-43af-a267-853625188918 contains sync error Error Domain=com.facebook.http.error Code=401 UserInfo=0xc91e2000 {MCFErrorDirectLocalizedDescriptionKey=Client error} - Underlying error (null): Error Domain=com.facebook.http.error Code=401 UserInfo=0xc91e2000 {MCFErrorDirectLocalizedDescriptionKey=Client error}
09-02 16:55:00.456  3979  4668 D StorageManagerService: getExternalStorageMountMode : 1
09-02 16:55:00.457  3979  4668 D StorageManagerService: getExternalStorageMountMode : 3
09-02 16:55:00.457  3979  4668 D StorageManagerService: getExternalStorageMountMode : final mountMode=1, uid : 10154, packageName : org.mozilla.firefox
09-02 16:55:00.457  3979  4668 I ApplicationPolicy: isApplicationExternalStorageWhitelisted:org.mozilla.firefox user:0
09-02 16:55:00.458  3979  4668 D ApplicationPolicy: isApplicationExternalStorageWhitelisted: DO is not enabled on user 0. Allowed.
09-02 16:55:00.458  3979  4668 D ActivityManager: package  org.mozilla.firefox, user - 0 is SDcard whitelisted
09-02 16:55:00.458  3979  4668 I ApplicationPolicy: isApplicationExternalStorageBlacklisted:org.mozilla.firefox user:0
09-02 16:55:00.458  3979  4668 D ApplicationPolicy: isApplicationExternalStorageBlacklisted: DO is not enabled on user 0. Allowed.
09-02 16:55:00.475 24526 24526 E Zygote  : isWhitelistProcess - Process is Whitelisted
09-02 16:55:00.475 24526 24526 E libpersona: scanKnoxPersonas
09-02 16:55:00.475 24526 24526 E libpersona: Couldn't open the File - /data/system/users/0/personalist.xml - No such file or directory
09-02 16:55:00.476  3979  4668 I ActivityManager: Start proc 24526:org.mozilla.firefox:gpu/u0a154 for service org.mozilla.firefox/org.mozilla.gecko.process.GeckoChildProcessServices$gpu
09-02 16:55:00.477 24526 24526 W SELinux : SELinux selinux_android_compute_policy_index : Policy Index[2],  Con:u:r:zygote:s0 RAM:SEPF_SM-J720F_8.0.0_0017, [-1 -1 -1 -1 0 1]
09-02 16:55:00.477 24526 24526 I SELinux : SELinux: seapp_context_lookup: seinfo=untrusted, level=s0:c512,c768, pkgname=org.mozilla.firefox:gpu 
09-02 16:55:00.484  3462  3462 I SurfaceFlinger: Display 0 HWC layers:
09-02 16:55:00.484  3462  3462 I SurfaceFlinger:     type    |    handle    | flag |  format   |   source crop (l,t,r,b)    |         frame       | name 
09-02 16:55:00.484  3462  3462 I SurfaceFlinger: ------------+--------------+------+-----------+----------------------------+---------------------+------
09-02 16:55:00.484  3462  3462 I SurfaceFlinger:      Client |              | 0000 |  Unknown  |  -0.2   -0.2   -0.8   -0.8 |    0    0  720 1280 | animation background stackId=1#0
09-02 16:55:00.484  3462  3462 I SurfaceFlinger:      Client | 0x7abe64c940 | 0002 | RGBA_8888 |   0.0    0.0  720.0 1280.0 |   16   29  703 1251 | com.example.batterymanager_utility/c[...]atterymanager_utility.MainActivity#0
09-02 16:55:00.484  3462  3462 I SurfaceFlinger:      Device | 0x7abe68b7c0 | 0000 | RGBA_8888 |   0.0    0.0  720.0 1022.0 |   17  305  704 1280 | Splash Screen org.mozilla.firefox#0
09-02 16:55:00.484  3462  3462 I SurfaceFlinger:      Device | 0x7ac4c24d80 | 0000 | RGBA_8888 |   0.0    0.0  720.0   42.0 |    0    0  720   42 | StatusBar#0
09-02 16:55:00.484  3462  3462 I SurfaceFlinger: 
09-02 16:55:00.494 24380 24428 W logins::schema: user_version: 2
09-02 16:55:00.508 24526 24526 D TimaKeyStoreProvider: TimaKeyStore is not enabled: cannot add TimaSignature Service and generateKeyPair Service
09-02 16:55:00.508 24526 24526 D ActivityThread: Added TimaKeyStore provider
09-02 16:55:00.511  3979  4668 I ActivityManager: DSS on for org.mozilla.firefox and scale is 1.0
09-02 16:55:00.522 15892 15931 I A       : (REDACTED) Attempting to cache the data for enabled corpora %s.
09-02 16:55:00.529 24526 24526 I zygote64: no shared libraies, dex_files: 1
09-02 16:55:00.534 15892 15930 I A       : (REDACTED) Starting batch sync for corpora: %s
09-02 16:55:00.599 24526 24526 I ServiceChildProcess: onCreate
09-02 16:55:00.601 24526 24557 I GeckoThread: preparing to run Gecko
09-02 16:55:00.602  3614  3927 D DnsProxyListener: DNSDBG::dns addrinfo af 2
09-02 16:55:00.605  3614  3927 D DnsProxyListener: DNSDBG::dns addrinfo af 2
09-02 16:55:00.608 24380 24459 W ActivityThread: ClassLoader.getResources: The class loader returned by Thread.getContextClassLoader() may fail for processes that host multiple applications. You should explicitly specify a context class loader. For example: Thread.setContextClassLoader(getClass().getClassLoader());
09-02 16:55:00.630  3449  3449 I android.hardware.wifi@1.0-service: getLinkLayerStats
09-02 16:55:00.643 24380 24380 I NavController: Ignoring popBackStack to destination org.mozilla.firefox:id/browserFragment as it was not found on the current back stack
09-02 16:55:00.644 24380 24380 I NavController: Ignoring popBackStack to destination org.mozilla.firefox:id/homeFragment as it was not found on the current back stack
09-02 16:55:00.647 15892 15923 D NetworkSecurityConfig: Using Network Security Config from resource network_security_config debugBuild: false
09-02 16:55:00.663 15892 15924 I A       : (REDACTED) Setting isLegacySQLite mode to %s.
09-02 16:55:00.733 24380 24380 I ContileTopSitesUpdater: Started periodic work to update Contile top sites
09-02 16:55:00.749 15892 24564 I A       : (REDACTED) The syncToken for corpus %s is %s.
09-02 16:55:00.750 15892 24564 I A       : (REDACTED) The syncToken for corpus %s is %s.
09-02 16:55:00.761  3979  4046 I WindowManager: Destroying surface Surface(name=com.example.batterymanager_utility/com.example.batterymanager_utility.MainActivity) called by com.android.server.wm.WindowStateAnimator.destroySurface:2501 com.android.server.wm.WindowStateAnimator.destroySurfaceLocked:985 com.android.server.wm.WindowState.destroyOrSaveSurfaceUnchecked:3671 com.android.server.wm.WindowState.destroySurface:3619 com.android.server.wm.AppWindowToken.destroySurfaces:722 com.android.server.wm.AppWindowToken.destroySurfaces:706 com.android.server.wm.WindowState.onExitAnimationDone:5333 com.android.server.wm.WindowStateAnimator.stepAnimationLocked:550 
09-02 16:55:00.761  3462  3502 I SurfaceFlinger: id=3265 Removed com.example.batterymanager_utility/com.example.batterymanager_utility.MainActivity#0 (2/5)
09-02 16:55:00.766  3462  4748 I SurfaceFlinger: id=3265 Removed com.example.batterymanager_utility/com.example.batterymanager_utility.MainActivity#0 (-2/5)
09-02 16:55:00.769  3614  3927 D DnsProxyListener: DNSDBG::dns addrinfo af 2
09-02 16:55:00.770  3979  4323 I OpenGLRenderer: Initialized EGL, version 1.4
09-02 16:55:00.770  3979  4323 D OpenGLRenderer: Swap behavior 2
09-02 16:55:00.776  3462  3462 I Layer   : id=3265 onRemoved com.example.batterymanager_utility/com.example.batterymanager_utility.MainActivity#0 
09-02 16:55:00.782  3462  3462 I SurfaceFlinger: Display 0 HWC layers:
09-02 16:55:00.782  3462  3462 I SurfaceFlinger:     type    |    handle    | flag |  format   |   source crop (l,t,r,b)    |         frame       | name 
09-02 16:55:00.782  3462  3462 I SurfaceFlinger: ------------+--------------+------+-----------+----------------------------+---------------------+------
09-02 16:55:00.782  3462  3462 I SurfaceFlinger:      Client | 0x7abe68b7c0 | 0000 | RGBA_8888 |   0.0    0.0  720.0 1280.0 |    0    0  720 1280 | Splash Screen org.mozilla.firefox#0
09-02 16:55:00.782  3462  3462 I SurfaceFlinger:      Client | 0x7ac4c24d80 | 0000 | RGBA_8888 |   0.0    0.0  720.0   42.0 |    0    0  720   42 | StatusBar#0
09-02 16:55:00.782  3462  3462 I SurfaceFlinger: 
09-02 16:55:00.905 24380 24385 I zygote64: Do full code cache collection, code=253KB, data=159KB
09-02 16:55:00.906 24380 24385 I zygote64: After code cache collection, code=225KB, data=130KB
09-02 16:55:00.937 24380 24380 W GeckoViewActivityContextDelegate: A non-activity context was set.
09-02 16:55:00.950 24380 24407 I libglean_ffi: glean_core::ping: Collecting baseline
09-02 16:55:00.960 24380 24407 I libglean_ffi: glean_core::upload::directory: Processing ping at: /data/user/0/org.mozilla.firefox/glean_data/pending_pings/303a4a35-8f52-423e-8d68-acd6581b3272
09-02 16:55:00.961 24380 24407 I libglean_ffi: glean_core::metrics::ping: The ping 'baseline' was submitted and will be sent as soon as possible
09-02 16:55:00.962  3979  4668 D ConnectivityService: filterNetworkStateForUid() uid: 10154 networkInfo: [type: WIFI[] - WIFI, state: CONNECTED/CONNECTED, reason: (unspecified), extra: "WiFi 69", failover: false, available: true, roaming: false, metered: false]
09-02 16:55:00.962  3614  3927 D DnsProxyListener: DNSDBG::dns addrinfo af 2
09-02 16:55:00.968 24380 24425 I zygote64: Deoptimizing void kotlin.sequences.SequencesKt___SequencesKt.toCollection(kotlin.sequences.Sequence, java.util.AbstractCollection) due to JIT inline cache
09-02 16:55:00.990 24380 24380 I BgSyncManager: Periodic syncing enabled: PeriodicSyncConfig(periodMinutes=240, initialDelayMinutes=5)
09-02 16:55:00.992 24380 24380 I FirefoxAccountStateMachine: Sync is enabled
09-02 16:55:00.994 24380 24461 I StartupTypeTelemetry: Recorded start up: cold_view
09-02 16:55:01.011 24380 24586 D OpenGLRenderer: HWUI GL Pipeline
09-02 16:55:01.017 24380 24380 D ViewRootImpl@88b7945[HomeActivity]: setView = DecorView@2b3d89a[HomeActivity] TM=true MM=false
09-02 16:55:01.018  3979  4668 D ActivityManager: post active user change for 0 fullscreen true isHomeActivity() false
09-02 16:55:01.027 24380 24587 I libglean_ffi: glean_core::upload: New upload task with id ba4ab425-2dea-49ec-bb8a-9b09989f7825 (path: /submit/org-mozilla-firefox/events/1/ba4ab425-2dea-49ec-bb8a-9b09989f7825)
09-02 16:55:01.036  3979  4668 I chatty  : uid=1000(system) Binder:3979_9 identical 6 lines
09-02 16:55:01.037  3979  4668 D ConnectivityService: filterNetworkStateForUid() uid: 10154 networkInfo: [type: WIFI[] - WIFI, state: CONNECTED/CONNECTED, reason: (unspecified), extra: "WiFi 69", failover: false, available: true, roaming: false, metered: false]
09-02 16:55:01.038  3979  5172 D ConnectivityService: filterNetworkStateForUid() uid: 10154 networkInfo: [type: WIFI[] - WIFI, state: CONNECTED/CONNECTED, reason: (unspecified), extra: "WiFi 69", failover: false, available: true, roaming: false, metered: false]
09-02 16:55:01.039  3614  3927 D DnsProxyListener: DNSDBG::dns addrinfo af 2
09-02 16:55:01.042 24380 24385 I zygote64: Do partial code cache collection, code=246KB, data=150KB
09-02 16:55:01.042  3614  3927 D DnsProxyListener: DNSDBG::dns addrinfo af 2
09-02 16:55:01.043 24380 24385 I zygote64: After code cache collection, code=243KB, data=149KB
09-02 16:55:01.043 24380 24385 I zygote64: Increasing code cache capacity to 1024KB
09-02 16:55:01.044 24526 24557 I GeckoLoader: Library base=/data/app/org.mozilla.firefox-qXEeZwQeSKU-v4RxzjCTZA==/lib/arm64
09-02 16:55:01.044 24526 24557 I GeckoLoader: Library base=/data/app/org.mozilla.firefox-qXEeZwQeSKU-v4RxzjCTZA==/lib/arm64
09-02 16:55:01.044  3614  3927 D DnsProxyListener: DNSDBG::dns addrinfo af 2
09-02 16:55:01.045 24526 24557 E GeckoLibLoad: Load sqlite start
09-02 16:55:01.046  3614  3927 D DnsProxyListener: DNSDBG::dns addrinfo af 2
09-02 16:55:01.047  3614  3927 D DnsProxyListener: DNSDBG::dns addrinfo af 2
09-02 16:55:01.048 24526 24557 E GeckoLibLoad: Load sqlite done
09-02 16:55:01.048 24526 24557 I GeckoLoader: Library base=/data/app/org.mozilla.firefox-qXEeZwQeSKU-v4RxzjCTZA==/lib/arm64
09-02 16:55:01.048 24526 24557 E GeckoLibLoad: Load nss start
09-02 16:55:01.048 24526 24557 E GeckoLibLoad: Load nss done
09-02 16:55:01.049 24380 24595 I FirefoxAccountStateMachine: Processing event 'mozilla.components.service.fxa.manager.Event$Account$Start@d92409f' for state Idle(accountState=NotAuthenticated). Next state is Active(progressState=Initializing)
09-02 16:55:01.049 24526 24557 I GeckoLoader: Library base=/data/app/org.mozilla.firefox-qXEeZwQeSKU-v4RxzjCTZA==/lib/arm64
09-02 16:55:01.051  3614  3927 D DnsProxyListener: DNSDBG::dns addrinfo af 2
09-02 16:55:01.056  3614  3927 D DnsProxyListener: DNSDBG::dns addrinfo af 2
09-02 16:55:01.059 24380 24380 D ViewRootImpl@88b7945[HomeActivity]: dispatchAttachedToWindow
09-02 16:55:01.072 24526 24557 E GeckoLibLoad: Loaded libs in 23.220654ms total, 12ms(12ms) user, 8ms(12ms) system, 0(0) faults
09-02 16:55:01.072 24526 24557 W GeckoThread: zerdatime 111682505 - runGecko
09-02 16:55:01.075  3347  3347 W keymaster2_mdfpp: entered get_key_characteristics function.
09-02 16:55:01.075 15892 24564 I A       : (REDACTED) Writing data for these Geller corpora: %s
09-02 16:55:01.077  3347  3347 W keymaster_tee: [WRN]KEY_PARAMS: AES ENC DEC GCM PADNO AUTH SIZE:256 
09-02 16:55:01.077  3347  3347 W keymaster_tee: [WRN]KEY_PARAMS: 20230902081917 
09-02 16:55:01.077  3347  3347 W keymaster2_mdfpp: exit get_key_characteristics function, returned 0
09-02 16:55:01.083  3347  3347 W keymaster2_mdfpp: entered get_key_characteristics function.
09-02 16:55:01.085  3347  3347 W keymaster_tee: [WRN]KEY_PARAMS: AES ENC DEC GCM PADNO AUTH SIZE:256 
09-02 16:55:01.085  3347  3347 W keymaster_tee: [WRN]KEY_PARAMS: 20230902081917 
09-02 16:55:01.085  3347  3347 W keymaster2_mdfpp: exit get_key_characteristics function, returned 0
09-02 16:55:01.089 15892 24564 I A       : (REDACTED) Writing metadata key: %s, corpus: %s
09-02 16:55:01.090  3979  5982 V WindowManager: Relayout Window{c43d11e u0 org.mozilla.firefox/org.mozilla.fenix.HomeActivity}: viewVisibility=0 req=719x1237 WM.LayoutParams{(0,0)(fillxfill) sim=#110 ty=1 fl=#81010100 pfl=0x20000 wanim=0x7f1404fa vsysui=0x2610 needsMenuKey=2 colorMode=0 naviIconColor=0}
09-02 16:55:01.092 15892 24564 I chatty  : uid=10076(u0_a76) Blocking Thread identical 1 line
09-02 16:55:01.096 15892 24564 I A       : (REDACTED) Writing metadata key: %s, corpus: %s
09-02 16:55:01.098  3462  3462 I SurfaceFlinger: id=3267 createSurf (720x1280),1 flag=404, org.mozilla.firefox/org.mozilla.fenix.HomeActivity#0
09-02 16:55:01.100  3979  5982 V Surface : sf_framedrop debug : 0x4f4c, game : false, logging : 0
09-02 16:55:01.101  3979  3996 D WindowManager: set systemUiVisibility : systemUiFlags= 0x2608 fullscreenStackSysUiFlags= 0x0
09-02 16:55:01.106  3979  5982 D InputDispatcher: Focus entered window: 24380
09-02 16:55:01.108 24380 24380 V Surface : sf_framedrop debug : 0x4f4c, game : false, logging : 0
09-02 16:55:01.108 15892 24564 I A       : (REDACTED) Writing data for these Geller corpora: %s
09-02 16:55:01.108  3979  5172 D WindowManager: adjustSystemUiVisibilityLw : vis= 0x2608
09-02 16:55:01.108 24380 24380 D ViewRootImpl@88b7945[HomeActivity]: Relayout returned: old=[0,0][0,0] new=[0,0][720,1280] result=0x7 surface={valid=true 533357981696} changed=true
09-02 16:55:01.109 24380 24586 I OpenGLRenderer: Initialized EGL, version 1.4
09-02 16:55:01.109 24380 24586 D OpenGLRenderer: Swap behavior 2
09-02 16:55:01.113 24380 24595 I FirefoxAccount: Registering persistence callback
09-02 16:55:01.113 24380 24595 I FirefoxAccountStateMachine: Ran 'mozilla.components.service.fxa.manager.Event$Account$Start@d92409f' side-effects for state Active(progressState=Initializing), got successive event mozilla.components.service.fxa.manager.Event$Progress$AccountNotFound@d23ccdd
09-02 16:55:01.113 24380 24595 I FirefoxAccountStateMachine: Processing event 'mozilla.components.service.fxa.manager.Event$Progress$AccountNotFound@d23ccdd' for state Active(progressState=Initializing). Next state is Idle(accountState=NotAuthenticated)
09-02 16:55:01.115 24380 24586 D libGLESv1: STS_GLApi : DTS, ODTC are not allowed for Package : org.mozilla.firefox
09-02 16:55:01.117 24380 24586 D mali_winsys: EGLint new_window_surface(egl_winsys_display *, void *, EGLSurface, EGLConfig, egl_winsys_surface **, egl_color_buffer_format *, EGLBoolean) returns 0x3000,  [720x1280]-format:1
09-02 16:55:01.117 24380 24586 D OpenGLRenderer: eglCreateWindowSurface = 0x7c29162bc0
09-02 16:55:01.126  3979  5172 I ActivityManager: Displayed org.mozilla.firefox/org.mozilla.fenix.HomeActivity: +886ms (total +1s737ms)
09-02 16:55:01.126  3979  5172 I ActivityManager: Fully drawn org.mozilla.firefox/org.mozilla.fenix.HomeActivity: +886ms (total +1s737ms)
09-02 16:55:01.129  3462  3462 I SurfaceFlinger: id=3268 createSurf (720x1238),1 flag=4, SurfaceView - org.mozilla.firefox/org.mozilla.fenix.HomeActivity@97c052@0#0
09-02 16:55:01.130  3462  3462 I SurfaceFlinger: id=3269 createSurf (720x1238),-1 flag=20004, Background for - SurfaceView - org.mozilla.firefox/org.mozilla.fenix.HomeActivity@97c052@0#0
09-02 16:55:01.131 24380 24380 D SurfaceView: BG hide() Surface(name=Background for - SurfaceView - org.mozilla.firefox/org.mozilla.fenix.HomeActivity@97c052@0) false true org.mozilla.gecko.MagnifiableSurfaceView{97c052 V.E...... ......ID 0,0-720,1238}
09-02 16:55:01.143 24380 24380 V Surface : sf_framedrop debug : 0x4f4c, game : false, logging : 0
09-02 16:55:01.144 24380 24380 D SurfaceView: surfaceCreated 1 org.mozilla.gecko.MagnifiableSurfaceView{97c052 V.E...... ......ID 0,0-720,1238}
09-02 16:55:01.144 24380 24380 D SurfaceView: surfaceChanged (720,1238) 1 org.mozilla.gecko.MagnifiableSurfaceView{97c052 V.E...... ......ID 0,0-720,1238}
09-02 16:55:01.151  3979  5172 D ConnectivityService: filterNetworkStateForUid() uid: 10154 networkInfo: [type: WIFI[] - WIFI, state: CONNECTED/CONNECTED, reason: (unspecified), extra: "WiFi 69", failover: false, available: true, roaming: false, metered: false]
09-02 16:55:01.151  3979  5172 I chatty  : uid=1000(system) Binder:3979_D identical 1 line
09-02 16:55:01.152  3979  5172 D ConnectivityService: filterNetworkStateForUid() uid: 10154 networkInfo: [type: WIFI[] - WIFI, state: CONNECTED/CONNECTED, reason: (unspecified), extra: "WiFi 69", failover: false, available: true, roaming: false, metered: false]
09-02 16:55:01.155 15892 24564 I A       : (REDACTED) Writing metadata key: %s, corpus: %s
09-02 16:55:01.157 15892 24564 I A       : (REDACTED) Writing metadata key: %s, corpus: %s
09-02 16:55:01.181  3979  5172 V WindowManager: Relayout Window{c43d11e u0 org.mozilla.firefox/org.mozilla.fenix.HomeActivity}: viewVisibility=0 req=720x1280 WM.LayoutParams{(0,0)(fillxfill) sim=#110 ty=1 fl=#81010100 pfl=0x20000 fmt=-3 wanim=0x7f1404fa vsysui=0x2610 needsMenuKey=2 colorMode=0 naviIconColor=0}
09-02 16:55:01.188 24380 24380 D ViewRootImpl@88b7945[HomeActivity]: Relayout returned: old=[0,0][720,1280] new=[0,0][720,1280] result=0x3 surface={valid=true 533357981696} changed=false
09-02 16:55:01.191 15892 15932 I SettingsDataLayer.PR: PR status onSyncCompleted called in TNG
09-02 16:55:01.198 15892 15932 I A       : getLocaleToModelSpecsMap
09-02 16:55:01.199 15892 15932 I A       : Using proto config with mendel
09-02 16:55:01.200 15892 15932 I A       : getLocaleToModelSpecsMap
09-02 16:55:01.200 15892 15933 I A       : Geller-AiAi egress is not enabled
09-02 16:55:01.200 15892 15932 I A       : Using proto config with mendel
09-02 16:55:01.200 15892 15932 I A       : getLocaleToModelSpecsMap
09-02 16:55:01.201 15892 15932 I A       : Using proto config with mendel
09-02 16:55:01.202 15892 15932 I A       : getLocaleToModelSpecsMap
09-02 16:55:01.202 15892 15932 I A       : Using proto config with mendel
09-02 16:55:01.202 15892 15932 I A       : (REDACTED) Adding from config to map. Locale: %s modelPrefix: %s Location:%s isSpeakerIdSupported: %b
09-02 16:55:01.202 15892 15926 I SettingsDataLayer.PR: (REDACTED) PR status onSyncCompleted updated in TNG to %s
09-02 16:55:01.203 15892 15932 I A       : (REDACTED) Adding from config to map. Locale: %s modelPrefix: %s Location:%s isSpeakerIdSupported: %b
09-02 16:55:01.203 15892 15932 I A       : (REDACTED) Adding from config to map. Locale: %s modelPrefix: %s Location:%s isSpeakerIdSupported: %b
09-02 16:55:01.203 15892 15932 I A       : (REDACTED) Skipping. Expected model: %s Found: %s
09-02 16:55:01.203 15892 15932 I A       : (REDACTED) Adding from config to map. Locale: %s modelPrefix: %s Location:%s isSpeakerIdSupported: %b
09-02 16:55:01.206 15892 15933 E A       : (REDACTED) Failed to share %s data to AiAi.
09-02 16:55:01.206 15892 15933 E A       : com.google.android.libraries.geller.d.f: Geller AiAi data share is not enabled
09-02 16:55:01.206 15892 15933 E A       : 	at com.google.android.apps.search.assistant.libraries.c.b.f.c(PG:2)
09-02 16:55:01.206 15892 15933 E A       : 	at com.google.android.apps.search.assistant.libraries.c.b.f.b(PG:1)
09-02 16:55:01.206 15892 15933 E A       : 	at com.google.android.apps.search.assistant.libraries.c.b.a.d.a(PG:4)
09-02 16:55:01.206 15892 15933 E A       : 	at com.google.apps.tiktok.tracing.eh.a(PG:3)
09-02 16:55:01.206 15892 15933 E A       : 	at com.google.common.util.concurrent.bc.a(PG:1)
09-02 16:55:01.206 15892 15933 E A       : 	at com.google.common.util.concurrent.cw.run(PG:4)
09-02 16:55:01.206 15892 15933 E A       : 	at com.google.android.libraries.i.ad.run(PG:1)
09-02 16:55:01.206 15892 15933 E A       : 	at java.util.concurrent.ThreadPoolExecutor.runWorker(ThreadPoolExecutor.java:1162)
09-02 16:55:01.206 15892 15933 E A       : 	at java.util.concurrent.ThreadPoolExecutor$Worker.run(ThreadPoolExecutor.java:636)
09-02 16:55:01.206 15892 15933 E A       : 	at com.google.android.libraries.i.k.run(PG:2)
09-02 16:55:01.206 15892 15933 E A       : 	at com.google.android.libraries.i.p.run(PG:3)
09-02 16:55:01.206 15892 15933 E A       : 	at java.lang.Thread.run(Thread.java:764)
09-02 16:55:01.207 15892 15932 I A       : getLocaleToModelSpecsMap
09-02 16:55:01.208 15892 15932 I A       : Using proto config with mendel
09-02 16:55:01.208 15892 15932 I A       : getLocaleToModelSpecsMap
09-02 16:55:01.208 15892 15932 I A       : Using proto config with mendel
09-02 16:55:01.208 15892 15932 I A       : getLocaleToModelSpecsMap
09-02 16:55:01.208 15892 15932 I A       : Using proto config with mendel
09-02 16:55:01.209 15892 15932 I A       : getLocaleToModelSpecsMap
09-02 16:55:01.209 15892 15932 I A       : Using proto config with mendel
09-02 16:55:01.209 15892 15932 I A       : (REDACTED) Adding from config to map. Locale: %s modelPrefix: %s Location:%s isSpeakerIdSupported: %b
09-02 16:55:01.209 15892 15932 I chatty  : uid=10076(u0_a76) Lite Thread #4 identical 1 line
09-02 16:55:01.210 15892 15932 I A       : (REDACTED) Adding from config to map. Locale: %s modelPrefix: %s Location:%s isSpeakerIdSupported: %b
09-02 16:55:01.210 15892 15932 I A       : (REDACTED) Skipping. Expected model: %s Found: %s
09-02 16:55:01.211  3979  5172 V WindowManager: finishDrawingLocked: mDrawState=COMMIT_DRAW_PENDING Window{c43d11e u0 org.mozilla.firefox/org.mozilla.fenix.HomeActivity} in Surface(name=org.mozilla.firefox/org.mozilla.fenix.HomeActivity)
09-02 16:55:01.211 24380 24380 D ViewRootImpl@88b7945[HomeActivity]: MSG_RESIZED_REPORT: frame=Rect(0, 0 - 720, 1280) ci=Rect(0, 42 - 0, 0) vi=Rect(0, 42 - 0, 0) or=1
09-02 16:55:01.212 24380 24380 D ViewRootImpl@88b7945[HomeActivity]: MSG_WINDOW_FOCUS_CHANGED 1
09-02 16:55:01.215 15892 15932 I A       : (REDACTED) Adding from config to map. Locale: %s modelPrefix: %s Location:%s isSpeakerIdSupported: %b
09-02 16:55:01.219  3979  4046 D ViewRootImpl@f018279[firefox]: dispatchDetachedFromWindow
09-02 16:55:01.219  3979  4046 D InputEventReceiver: channel 'bfb9bbe Splash Screen org.mozilla.firefox (client)' ~ Disposing input event receiver.
09-02 16:55:01.219  3979  4046 D InputEventReceiver: channel 'bfb9bbe Splash Screen org.mozilla.firefox (client)' ~NativeInputEventReceiver.
09-02 16:55:01.223 15892 15932 I A       : PR status onSyncCompleted called
09-02 16:55:01.225  3979  3996 D WindowManager: set systemUiVisibility : systemUiFlags= 0x2618 fullscreenStackSysUiFlags= 0x0
09-02 16:55:01.227  3979  4004 D CustomFrequencyManagerService: acquireDVFSLockLocked : type : DVFS_MIN_LIMIT  frequency : 1560000  uid : 1000  pid : 3979  pkgName : AMS_RESUME_TAIL@CPU_MIN@14
09-02 16:55:01.228  3979  4004 D ActivityManagerPerformance: AMP_acquire() TAIL
09-02 16:55:01.228  3979  4004 D CustomFrequencyManagerService: releaseDVFSLockLocked : Getting Lock type frm List : DVFS_MIN_LIMIT  frequency : 1560000  uid : 1000  pid : 3979  tag : AMS_APP_SWITCH@CPU_MIN@23
09-02 16:55:01.228  3979  5982 D WindowManager: adjustSystemUiVisibilityLw : vis= 0x2618
09-02 16:55:01.229  3979  4004 D ActivityManagerPerformance: AMP_release() APP_SWITCH
09-02 16:55:01.229  3979  3996 D WindowManager: set systemUiVisibility : systemUiFlags= 0x2618 fullscreenStackSysUiFlags= 0x2000
09-02 16:55:01.233 24380 24380 V InputMethodManager: Starting input: tba=android.view.inputmethod.EditorInfo@20d16e3 nm : org.mozilla.firefox ic=null
09-02 16:55:01.233 24380 24380 I InputMethodManager: startInputInner - mService.startInputOrWindowGainedFocus
09-02 16:55:01.233  3979  5172 D InputMethodManagerService: startInputOrWindowGainedFocus : windowGainedFocus 
09-02 16:55:01.233  3979  5172 D InputMethodManagerService: windowGainedFocus: destinationUserId (getCallingUid) = 0
09-02 16:55:01.233  3979  5172 D InputMethodManagerService: windowGainedFocus: currentUserId=0
09-02 16:55:01.233  3979  5172 D InputMethodManagerService: windowGainedFocus: mCurrentFocusedUserId=0
09-02 16:55:01.233  3979  5172 D InputMethodManagerService: windowGainedFocus : lock - currentUserId = 0 destinationUserId = 0
09-02 16:55:01.233  3979  5172 D InputMethodManagerService: windowGainedFocus : mCurrentFocusedUserId - 0 and mSecureKeypadEnabled - false, userSwitched - false
09-02 16:55:01.233  3979  5172 V InputMethodManagerService: windowGainedFocus : reason=WINDOW_FOCUS_GAIN client=android.os.BinderProxy@b0c51a0 inputContext=null missingMethods= attribute=android.view.inputmethod.EditorInfo@beeb4b8 nm = org.mozilla.firefox controlFlags=#104 softInputMode=#110 windowFlags=#81010100
09-02 16:55:01.233  3979  5172 V InputMethodManagerService: hideCurrentInputLocked : shouldHideSoftInput is false
09-02 16:55:01.234  3979  5172 D InputMethodManagerService: isImeSwitcherDisabledPackage : false
09-02 16:55:01.234  3979  5982 D ConnectivityService: filterNetworkStateForUid() uid: 10025 networkInfo: [type: WIFI[] - WIFI, state: CONNECTED/CONNECTED, reason: (unspecified), extra: "WiFi 69", failover: false, available: true, roaming: false, metered: false]
09-02 16:55:01.234  3979  5172 V InputMethodManagerService: Creating new session for client ClientState{e033291 uid 10154 pid 24380}
09-02 16:55:01.236  3979  5172 D InputMethodManagerService: setCurrentInputInfo - inputContext : null eidtorInfo : android.view.inputmethod.EditorInfo@beeb4b8 missingMethods : 0
09-02 16:55:01.237  4336  4336 I InputMethodWrapper:  call dispatchStartInputWithToken
09-02 16:55:01.237  4336  4336 I InputMethodService: dispatchStartInputWithToken
09-02 16:55:01.237  4336  4336 I SKBD    : SamsungKeypad [IMI] onStartInput - caller pid : 24380, caller uid : 10154
09-02 16:55:01.243 24380 24380 I DefaultSupportedAddonsChecker: Unregister check for new supported add-ons
09-02 16:55:01.243 24380 24380 I zygote64: Deoptimizing int androidx.collection.SimpleArrayMap.indexOfKey(java.lang.Object) due to JIT inline cache
09-02 16:55:01.244 24380 24380 I zygote64: Deoptimizing java.lang.Object androidx.collection.SimpleArrayMap.getOrDefault(java.lang.Object, java.lang.Object) due to JIT inline cache
09-02 16:55:01.249 15892 24487 I A       : (REDACTED) PR status onSyncCompleted updated to %s
09-02 16:55:01.258 15892 15918 I WM-WorkerWrapper: Worker result SUCCESS for Work [ id=320240ad-39d2-4c29-8ffd-38df73043c50, tags={ com.google.apps.tiktok.contrib.work.TikTokListenableWorker, TikTokWorker#com.google.apps.tiktok.sync.impl.workmanager.SyncWorker } ]
09-02 16:55:01.265  3462  3462 I SurfaceFlinger: Display 0 HWC layers:
09-02 16:55:01.265  3462  3462 I SurfaceFlinger:     type    |    handle    | flag |  format   |   source crop (l,t,r,b)    |         frame       | name 
09-02 16:55:01.265  3462  3462 I SurfaceFlinger: ------------+--------------+------+-----------+----------------------------+---------------------+------
09-02 16:55:01.265  3462  3462 I SurfaceFlinger:      Device | 0x7abe64c040 | 0000 | RGBA_8888 |   0.0    0.0  720.0 1280.0 |    0    0  720 1280 | org.mozilla.firefox/org.mozilla.fenix.HomeActivity#0
09-02 16:55:01.265  3462  3462 I SurfaceFlinger:      Device | 0x7abe68b7c0 | 0000 | RGBA_8888 |   0.0    0.0  720.0 1280.0 |    0    0  720 1280 | Splash Screen org.mozilla.firefox#0
09-02 16:55:01.265  3462  3462 I SurfaceFlinger:      Device | 0x7ac4c24d80 | 0000 | RGBA_8888 |   0.0    0.0  720.0   42.0 |    0    0  720   42 | StatusBar#0
09-02 16:55:01.265  3462  3462 I SurfaceFlinger: 
09-02 16:55:01.268 15892 15892 D ConnectivityManager: unregisterNetworkCallback; CallingUid : 10076, CallingPid : 15892
09-02 16:55:01.268  3979  4180 D ConnectivityService: releasing NetworkRequest [ TRACK_DEFAULT id=1071, [ Capabilities: INTERNET&NOT_RESTRICTED&TRUSTED&NOT_VPN] ] (CALLBACK_RELEASED)
09-02 16:55:01.269  3979  4180 D ConnectivityService:  Removing from current network NetworkAgentInfo [WIFI () - 502], leaving 19 requests.
09-02 16:55:01.270  3979  4180 D ConnectivityService: sending notification RELEASED for NetworkRequest [ TRACK_DEFAULT id=1071, [ Capabilities: INTERNET&NOT_RESTRICTED&TRUSTED&NOT_VPN] ]
09-02 16:55:01.315 24380 24380 D skia    : approximate: numPoints=40, lengths[39]=620.200073, totalLength=620.200073, segmentPoints[39]=[422.600037,0.000000]
09-02 16:55:01.316 24380 24380 D skia    : approximate: approximation[117]=1.000000, approximation[118]=422.600037, approximation[119]=0.000000
09-02 16:55:01.316 24380 24380 D skia    : approximate: numPoints=4, lengths[3]=3.448155, totalLength=3.448155, segmentPoints[3]=[3.000000,0.100000]
09-02 16:55:01.316 24380 24380 D skia    : approximate: approximation[9]=1.000000, approximation[10]=3.000000, approximation[11]=0.100000
09-02 16:55:01.317 15892 15919 I A       : NGA disabled due to not being eligible.
09-02 16:55:01.317 24380 24380 D skia    : approximate: numPoints=37, lengths[36]=722.199951, totalLength=722.199951, segmentPoints[36]=[199.600006,0.000000]
09-02 16:55:01.317 24380 24380 D skia    : approximate: approximation[108]=1.000000, approximation[109]=199.600006, approximation[110]=0.000000
09-02 16:55:01.318 24380 24380 D skia    : approximate: numPoints=3, lengths[2]=2.472497, totalLength=2.472497, segmentPoints[2]=[2.000000,0.100000]
09-02 16:55:01.318 24380 24380 D skia    : approximate: approximation[6]=1.000000, approximation[7]=2.000000, approximation[8]=0.100000
09-02 16:55:01.325 24380 24380 V InputMethodManager: Starting input: tba=android.view.inputmethod.EditorInfo@43ce46e nm : org.mozilla.firefox ic=null
09-02 16:55:01.325 24380 24380 I InputMethodManager: startInputInner - mService.startInputOrWindowGainedFocus
09-02 16:55:01.325  3979  5172 D InputMethodManagerService: startInputOrWindowGainedFocus : startInput 
09-02 16:55:01.326  3979  5172 D InputMethodManagerService: setCurrentInputInfo - inputContext : null eidtorInfo : android.view.inputmethod.EditorInfo@1069293 missingMethods : 0
09-02 16:55:01.326  4336  4336 I InputMethodWrapper:  call dispatchStartInputWithToken
09-02 16:55:01.326  4336  4336 I InputMethodService: dispatchStartInputWithToken
09-02 16:55:01.326  4336  4336 I SKBD    : SamsungKeypad [IMI] onStartInput - caller pid : 24380, caller uid : 10154
09-02 16:55:01.350  3979  5172 I SamsungAlarmManager: setLocked to kernel - T:2 / 20230902T165600, SetElapsed=111741432, nowELAPSED=111682782
09-02 16:55:01.350  3979  5172 D SamsungAlarmManager: setExact Listener (T:2/F:0/AC:false) 20230902T165510 - CU:1000/CP:3979
09-02 16:55:01.350  3979  5172 I SamsungAlarmManager: setLocked to kernel - T:2 / 20230902T165510, SetElapsed=111691779, nowELAPSED=111682783
09-02 16:55:01.353  3979  5172 D SamsungAlarmManager: setExact Listener (T:2/F:0/AC:false) 20230902T165510 - CU:1000/CP:3979
09-02 16:55:01.366  3979  5172 D PackageManager: setEnabledSetting : userId = 0 packageName = com.google.android.googlequicksearchbox cmp = androidx.work.impl.background.systemalarm.RescheduleReceiver newState = 1 callingPackage = 10076/com.google.android.googlequicksearchbox
09-02 16:55:01.377 24380 24587 I libglean_ffi: glean_core::upload: Ping ba4ab425-2dea-49ec-bb8a-9b09989f7825 successfully sent 200.
09-02 16:55:01.378 24380 24587 I libglean_ffi: glean_core::upload::directory: File was deleted /data/user/0/org.mozilla.firefox/glean_data/pending_pings/ba4ab425-2dea-49ec-bb8a-9b09989f7825
09-02 16:55:01.379 24380 24587 I libglean_ffi: glean_core::upload: New upload task with id 320d1369-3926-4904-b0ae-f7fa0bae8002 (path: /submit/org-mozilla-firefox/baseline/1/320d1369-3926-4904-b0ae-f7fa0bae8002)
09-02 16:55:01.394  3979  4046 I WindowManager: Destroying surface Surface(name=Splash Screen org.mozilla.firefox) called by com.android.server.wm.WindowStateAnimator.destroySurface:2501 com.android.server.wm.WindowStateAnimator.destroySurfaceLocked:985 com.android.server.wm.WindowState.destroyOrSaveSurfaceUnchecked:3671 com.android.server.wm.WindowState.destroySurface:3619 com.android.server.wm.AppWindowToken.destroySurfaces:722 com.android.server.wm.AppWindowToken.destroySurfaces:706 com.android.server.wm.WindowState.onExitAnimationDone:5333 com.android.server.wm.WindowStateAnimator.stepAnimationLocked:550 
09-02 16:55:01.395  3462  3502 I SurfaceFlinger: id=3266 Removed Splash Screen org.mozilla.firefox#0 (3/5)
09-02 16:55:01.397  3462  3462 I SurfaceFlinger: Display 0 HWC layers:
09-02 16:55:01.397  3462  3462 I SurfaceFlinger:     type    |    handle    | flag |  format   |   source crop (l,t,r,b)    |         frame       | name 
09-02 16:55:01.397  3462  3462 I SurfaceFlinger: ------------+--------------+------+-----------+----------------------------+---------------------+------
09-02 16:55:01.397  3462  3462 I SurfaceFlinger:      Device | 0x7abe64c040 | 0000 | RGBA_8888 |   0.0    0.0  720.0 1280.0 |    0    0  720 1280 | org.mozilla.firefox/org.mozilla.fenix.HomeActivity#0
09-02 16:55:01.397  3462  3462 I SurfaceFlinger:      Device | 0x7abe64bd40 | 0000 | RGBA_8888 |   0.0    0.0  720.0   42.0 |    0    0  720   42 | StatusBar#0
09-02 16:55:01.397  3462  3462 I SurfaceFlinger: 
09-02 16:55:01.402  3979  3979 D PreBindingService: handleMessage : 1
09-02 16:55:01.403  3979  5172 D PackageManager: setEnabledSetting : userId = 0 packageName = com.google.android.googlequicksearchbox cmp = androidx.work.impl.background.systemalarm.RescheduleReceiver newState = 1 callingPackage = 10076/com.google.android.googlequicksearchbox
09-02 16:55:01.404  3462  4748 I SurfaceFlinger: id=3266 Removed Splash Screen org.mozilla.firefox#0 (-2/5)
09-02 16:55:01.410  3462  3462 I Layer   : id=3266 onRemoved Splash Screen org.mozilla.firefox#0 
09-02 16:55:01.421  3979  5172 D ConnectivityService: filterNetworkStateForUid() uid: 10076 networkInfo: [type: WIFI[] - WIFI, state: CONNECTED/CONNECTED, reason: (unspecified), extra: "WiFi 69", failover: false, available: true, roaming: false, metered: false]
09-02 16:55:01.436  3979  5982 I SamsungAlarmManager: setLocked to kernel - T:2 / 20230902T165510, SetElapsed=111691995, nowELAPSED=111682868
09-02 16:55:01.436  3979  5982 D SamsungAlarmManager: setExact Listener (T:2/F:0/AC:false) 20230902T165510 - CU:1000/CP:3979
09-02 16:55:01.437  3979  5982 I SamsungAlarmManager: setLocked to kernel - T:2 / 20230902T165510, SetElapsed=111691779, nowELAPSED=111682869
09-02 16:55:01.439  3979  5982 D SamsungAlarmManager: setExact Listener (T:2/F:0/AC:false) 20230902T165510 - CU:1000/CP:3979
09-02 16:55:01.446  3979  5172 D PackageManager: setEnabledSetting : userId = 0 packageName = com.google.android.googlequicksearchbox cmp = androidx.work.impl.background.systemalarm.RescheduleReceiver newState = 1 callingPackage = 10076/com.google.android.googlequicksearchbox
09-02 16:55:01.469  3979  5172 V WindowManager: Relayout Window{c43d11e u0 org.mozilla.firefox/org.mozilla.fenix.HomeActivity}: viewVisibility=0 req=720x1280 WM.LayoutParams{(0,0)(fillxfill) sim=#10 ty=1 fl=#81010100 pfl=0x20000 fmt=-3 wanim=0x7f1404fa vsysui=0x2610 needsMenuKey=2 colorMode=0 naviIconColor=0}
09-02 16:55:01.474 24380 24380 D ViewRootImpl@88b7945[HomeActivity]: Relayout returned: old=[0,0][720,1280] new=[0,0][720,1280] result=0x1 surface={valid=true 533357981696} changed=false
09-02 16:55:01.482  3979  5982 I SamsungAlarmManager: setLocked to kernel - T:2 / 20230902T165510, SetElapsed=111691995, nowELAPSED=111682914
09-02 16:55:01.483  3979  5982 D SamsungAlarmManager: setExact Listener (T:2/F:0/AC:false) 20230902T165510 - CU:1000/CP:3979
09-02 16:55:01.483  3979  5982 I SamsungAlarmManager: setLocked to kernel - T:2 / 20230902T165510, SetElapsed=111691779, nowELAPSED=111682915
09-02 16:55:01.485  3979  5982 D SamsungAlarmManager: setExact Listener (T:2/F:0/AC:false) 20230902T165510 - CU:1000/CP:3979
09-02 16:55:01.493  3979  5982 D PackageManager: setEnabledSetting : userId = 0 packageName = com.google.android.googlequicksearchbox cmp = androidx.work.impl.background.systemalarm.RescheduleReceiver newState = 1 callingPackage = 10076/com.google.android.googlequicksearchbox
09-02 16:55:01.504 24380 24380 W InputMethodManager: Ignoring onBind: cur seq=2097, given seq=2096
09-02 16:55:01.511  3979  5982 D ConnectivityService: filterNetworkStateForUid() uid: 10076 networkInfo: [type: WIFI[] - WIFI, state: CONNECTED/CONNECTED, reason: (unspecified), extra: "WiFi 69", failover: false, available: true, roaming: false, metered: false]
09-02 16:55:01.526  3979  5982 I SamsungAlarmManager: setLocked to kernel - T:2 / 20230902T165510, SetElapsed=111691995, nowELAPSED=111682958
09-02 16:55:01.526  3979  5982 D SamsungAlarmManager: setExact Listener (T:2/F:0/AC:false) 20230902T165510 - CU:1000/CP:3979
09-02 16:55:01.526  3979  5982 I SamsungAlarmManager: setLocked to kernel - T:2 / 20230902T165510, SetElapsed=111691779, nowELAPSED=111682958
09-02 16:55:01.529  3979  5982 D SamsungAlarmManager: setExact Listener (T:2/F:0/AC:false) 20230902T165510 - CU:1000/CP:3979
09-02 16:55:01.536  3979  5982 D PackageManager: setEnabledSetting : userId = 0 packageName = com.google.android.googlequicksearchbox cmp = androidx.work.impl.background.systemalarm.RescheduleReceiver newState = 1 callingPackage = 10076/com.google.android.googlequicksearchbox
09-02 16:55:01.545 10264 16954 I FontLog : Received query Noto Color Emoji Compat, URI content://com.google.android.gms.fonts [CONTEXT service_id=132 ]
09-02 16:55:01.545 10264 16954 I FontLog : Query [emojicompat-emoji-font] resolved to {Noto Color Emoji Compat, wdth 100.0, wght 400, ital 0.0, bestEffort false} [CONTEXT service_id=132 ]
09-02 16:55:01.547 10264 16954 I FontLog : Fetch {Noto Color Emoji Compat, wdth 100.0, wght 400, ital 0.0, bestEffort false} end status Status{statusCode=SUCCESS, resolution=null} [CONTEXT service_id=132 ]
09-02 16:55:01.554 10264 16954 I FontLog : Pulling font file for id = 1572, cache size = 4 [CONTEXT service_id=132 ]
09-02 16:55:01.555  3979  5172 D ConnectivityService: filterNetworkStateForUid() uid: 10025 networkInfo: [type: WIFI[] - WIFI, state: CONNECTED/CONNECTED, reason: (unspecified), extra: "WiFi 69", failover: false, available: true, roaming: false, metered: false]
09-02 16:55:01.555  3979  4668 D ConnectivityService: filterNetworkStateForUid() uid: 10076 networkInfo: [type: WIFI[] - WIFI, state: CONNECTED/CONNECTED, reason: (unspecified), extra: "WiFi 69", failover: false, available: true, roaming: false, metered: false]
09-02 16:55:01.562 10264 16954 I FontLog : Pulling font file for id = 1572, cache size = 4 [CONTEXT service_id=132 ]
09-02 16:55:01.563 24380 24380 I zygote64: Deoptimizing kotlinx.coroutines.DisposableHandle kotlinx.coroutines.JobSupport.invokeOnCompletion(boolean, boolean, kotlin.jvm.functions.Function1) due to JIT inline cache
09-02 16:55:01.574  3979  5172 D ConnectivityService: filterNetworkStateForUid() uid: 10025 networkInfo: [type: WIFI[] - WIFI, state: CONNECTED/CONNECTED, reason: (unspecified), extra: "WiFi 69", failover: false, available: true, roaming: false, metered: false]
09-02 16:55:01.579 24380 24587 I libglean_ffi: glean_core::upload: Ping 320d1369-3926-4904-b0ae-f7fa0bae8002 successfully sent 200.
09-02 16:55:01.581 24380 24587 I libglean_ffi: glean_core::upload::directory: File was deleted /data/user/0/org.mozilla.firefox/glean_data/pending_pings/320d1369-3926-4904-b0ae-f7fa0bae8002
09-02 16:55:01.583 24380 24587 I libglean_ffi: glean_core::upload: New upload task with id 303a4a35-8f52-423e-8d68-acd6581b3272 (path: /submit/org-mozilla-firefox/baseline/1/303a4a35-8f52-423e-8d68-acd6581b3272)
09-02 16:55:01.588  3979  4668 D ConnectivityService: filterNetworkStateForUid() uid: 10025 networkInfo: [type: WIFI[] - WIFI, state: CONNECTED/CONNECTED, reason: (unspecified), extra: "WiFi 69", failover: false, available: true, roaming: false, metered: false]
09-02 16:55:01.599  3979  5172 V WindowManager: rotationForOrientationLw(orient=2, last=0); user=0  sensorRotation=-1 mLidState=-1 mDockMode=0 mHdmiPlugged=false
09-02 16:55:01.608 24380 24380 I zygote64: Deoptimizing java.lang.Object mozilla.components.support.ktx.kotlinx.coroutines.flow.FlowKt$filterChanged$1.invokeSuspend(java.lang.Object) due to JIT inline cache
09-02 16:55:01.652  3979  5172 V WindowManager: Relayout Window{c43d11e u0 org.mozilla.firefox/org.mozilla.fenix.HomeActivity}: viewVisibility=0 req=720x1280 WM.LayoutParams{(0,0)(fillxfill) sim=#10 ty=1 fl=#81010100 pfl=0x20000 fmt=-3 wanim=0x7f1404fa vsysui=0x2610 needsMenuKey=2 colorMode=0 naviIconColor=0}
09-02 16:55:01.657 24380 24380 D ViewRootImpl@88b7945[HomeActivity]: Relayout returned: old=[0,0][720,1280] new=[0,0][720,1280] result=0x1 surface={valid=true 533357981696} changed=false
09-02 16:55:01.672 24380 24380 I WebExtension: releasePendingMessages: extension=fxa@mozac.org nativeApp=mozacWebchannelBackground session=null
09-02 16:55:01.729 24380 24380 I WebExtension: releasePendingMessages: extension=ads@mozac.org nativeApp=MozacBrowserAdsMessage session=org.mozilla.geckoview.GeckoSession@d2cb929
09-02 16:55:01.731 24380 24380 I WebExtension: releasePendingMessages: extension=icons@mozac.org nativeApp=MozacBrowserIcons session=org.mozilla.geckoview.GeckoSession@d2cb929
09-02 16:55:01.732 24380 24380 I WebExtension: releasePendingMessages: extension=cookies@mozac.org nativeApp=MozacBrowserSearchMessage session=org.mozilla.geckoview.GeckoSession@d2cb929
09-02 16:55:01.733 24380 24380 I WebExtension: releasePendingMessages: extension=fxa@mozac.org nativeApp=mozacWebchannel session=org.mozilla.geckoview.GeckoSession@d2cb929
09-02 16:55:01.746 24380 24408 W ResourceType: Too many attribute references, stopped at: 0x01010099
09-02 16:55:01.777 24380 24385 I zygote64: Do full code cache collection, code=507KB, data=308KB
09-02 16:55:01.778 24380 24385 I zygote64: After code cache collection, code=399KB, data=198KB
09-02 16:55:01.795 24380 24380 I SessionPrioritizationMiddleware: Update the currentSelectedTab adcc74d3-2843-4927-9bab-05523cf2bfd0 priority to HIGH
09-02 16:55:01.797 24380 24380 I WebExtension: releasePendingMessages: extension=readerview@mozac.org nativeApp=mozacReaderviewActive session=org.mozilla.geckoview.GeckoSession@d2cb929
09-02 16:55:01.797 24380 24380 I WebExtension: releasePendingMessages: extension=readerview@mozac.org nativeApp=mozacReaderview session=org.mozilla.geckoview.GeckoSession@d2cb929
09-02 16:55:01.798 24380 24380 I WebExtension: releasePendingMessages: extension=readerview@mozac.org nativeApp=mozacReaderviewActive session=org.mozilla.geckoview.GeckoSession@d2cb929
09-02 16:55:01.798 24380 24380 I WebExtension: releasePendingMessages: extension=readerview@mozac.org nativeApp=mozacReaderview session=org.mozilla.geckoview.GeckoSession@d2cb929
09-02 16:55:01.808 24380 24380 I zygote64: Deoptimizing java.lang.Object mozilla.components.support.ktx.kotlinx.coroutines.flow.FlowKt$filterChanged$1.invokeSuspend(java.lang.Object) due to JIT inline cache
09-02 16:55:01.823 24380 24380 I WebExtension: releasePendingMessages: extension=readerview@mozac.org nativeApp=mozacReaderviewActive session=org.mozilla.geckoview.GeckoSession@d2cb929
09-02 16:55:01.823 24380 24380 I WebExtension: releasePendingMessages: extension=readerview@mozac.org nativeApp=mozacReaderview session=org.mozilla.geckoview.GeckoSession@d2cb929
09-02 16:55:01.828  3979  3979 D CustomFrequencyManagerService: releaseDVFSLockLocked : Getting Lock type frm List : DVFS_MIN_LIMIT  frequency : 1560000  uid : 1000  pid : 3979  tag : AMS_RESUME_TAIL@CPU_MIN@14
09-02 16:55:01.851  7881  4225 E fb4a.msys: E[N data-request]_HandleDataResponse(1782)=>Data request error for task e8554560-0675-4579-8cc7-30969589a717 (response type 1): (null)
09-02 16:55:01.852  7881  4229 E fb4a.msys: E[S task_queue_handling]MCDLightSpeedTaskExecutorNetworkCompletionCallback(1017)=>Handling send error for taskId=6 batchSize=1 queue=secure_message_over_wa_generate_cat
09-02 16:55:01.853  7881  4229 E fb4a.msys: E[S task_queue_handling]MCDLightSpeedTaskExecutorNetworkCompletionCallback(1071)=>Error content with 18 bytes: Error Domain=com.facebook.http.error Code=401 UserInfo=0xc91e2900 {MCFErrorDirectLocalizedDescriptionKey=Client error}
09-02 16:55:01.857 24445 24472 I GeckoLoader: Library base=/data/app/org.mozilla.firefox-qXEeZwQeSKU-v4RxzjCTZA==/lib/arm64
09-02 16:55:01.857 24445 24472 I GeckoLoader: Library base=/data/app/org.mozilla.firefox-qXEeZwQeSKU-v4RxzjCTZA==/lib/arm64
09-02 16:55:01.858 24380 24408 W AudioCapabilities: Unsupported mime audio/mpeg-L1
09-02 16:55:01.858 24380 24408 W AudioCapabilities: Unsupported mime audio/mpeg-L2
09-02 16:55:01.859 24445 24472 E GeckoLibLoad: Load sqlite start
09-02 16:55:01.861 24380 24408 W AudioCapabilities: Unsupported mime audio/x-ms-wma
09-02 16:55:01.861  7881 24350 E fb4a.T157805820: TigonMhrLogger::logRequestIfNeeded
09-02 16:55:01.861  7881 24350 E fb4a.T157805820: TigonWifiInfoLogger::init
09-02 16:55:01.861 24445 24472 E GeckoLibLoad: Load sqlite done
09-02 16:55:01.861  7881 24350 E fb4a.T157805820: TigonMhrFbcLogger::logRequestIfNeeded
