09-02 17:24:15.203  3979  3994 D ConnectivityService: filterNetworkStateForUid() uid: 1000 networkInfo: [type: WIFI[] - WIFI, state: CONNECTED/CONNECTED, reason: (unspecified), extra: "WiFi 69", failover: false, available: true, roaming: false, metered: false]
09-02 17:24:15.203  4898  4898 W ResourceType: For resource 0x7f1504f8, entry index(1272) is beyond type entryCount(281)
09-02 17:24:15.204  4898  4898 W ResourceType: For resource 0x7f150264, entry index(612) is beyond type entryCount(281)
09-02 17:24:15.204  4898  4898 W ResourceType: For resource 0x7f150264, entry index(612) is beyond type entryCount(281)
09-02 17:24:15.204  4898  4898 W ResourceType: For resource 0x7f15050e, entry index(1294) is beyond type entryCount(281)
09-02 17:24:15.204  4898  4898 W ResourceType: For resource 0x7f15061f, entry index(1567) is beyond type entryCount(281)
09-02 17:24:15.204  4898  4898 W ResourceType: For resource 0x7f15061f, entry index(1567) is beyond type entryCount(281)
09-02 17:24:15.204  4898  4898 W ResourceType: For resource 0x7f15058c, entry index(1420) is beyond type entryCount(281)
09-02 17:24:15.204  4898  4898 W ResourceType: For resource 0x7f150590, entry index(1424) is beyond type entryCount(281)
09-02 17:24:15.204  4898  4898 W ResourceType: For resource 0x7f15058e, entry index(1422) is beyond type entryCount(281)
09-02 17:24:15.204  4898  4898 W ResourceType: For resource 0x7f1504c3, entry index(1219) is beyond type entryCount(281)
09-02 17:24:15.204  4898  4898 W ResourceType: For resource 0x7f15059e, entry index(1438) is beyond type entryCount(281)
09-02 17:24:15.204  4898  4898 W ResourceType: For resource 0x7f150282, entry index(642) is beyond type entryCount(281)
09-02 17:24:15.204  4898  4898 W ResourceType: For resource 0x7f1504c3, entry index(1219) is beyond type entryCount(281)
09-02 17:24:15.204  4898  4898 W ResourceType: For resource 0x7f150719, entry index(1817) is beyond type entryCount(281)
09-02 17:24:15.204  4898  4898 W ResourceType: For resource 0x7f150578, entry index(1400) is beyond type entryCount(281)
09-02 17:24:15.204  4898  4898 W ResourceType: For resource 0x7f150284, entry index(644) is beyond type entryCount(281)
09-02 17:24:15.204  4898  4898 W ResourceType: For resource 0x7f150579, entry index(1401) is beyond type entryCount(281)
09-02 17:24:15.204  4898  4898 W ResourceType: For resource 0x7f1505e7, entry index(1511) is beyond type entryCount(281)
09-02 17:24:15.204  4898  4898 W ResourceType: For resource 0x7f15071e, entry index(1822) is beyond type entryCount(281)
09-02 17:24:15.204  4898  4898 I chatty  : uid=10158(u0_a158) identical 2 lines
09-02 17:24:15.204  4898  4898 W ResourceType: For resource 0x7f15071e, entry index(1822) is beyond type entryCount(281)
09-02 17:24:15.204  4898  4898 W ResourceType: For resource 0x7f150580, entry index(1408) is beyond type entryCount(281)
09-02 17:24:15.204  4898  4898 W ResourceType: For resource 0x7f15071e, entry index(1822) is beyond type entryCount(281)
09-02 17:24:15.204  4898  4898 W ResourceType: For resource 0x7f15017b, entry index(379) is beyond type entryCount(281)
09-02 17:24:15.204  4898  4898 W ResourceType: For resource 0x7f150283, entry index(643) is beyond type entryCount(281)
09-02 17:24:15.204  4898  4898 W ResourceType: For resource 0x7f1505a2, entry index(1442) is beyond type entryCount(281)
09-02 17:24:15.204  4898  4898 W ResourceType: For resource 0x7f1506f4, entry index(1780) is beyond type entryCount(281)
09-02 17:24:15.204  4898  4898 W ResourceType: For resource 0x7f150588, entry index(1416) is beyond type entryCount(281)
09-02 17:24:15.204  4898  4898 W ResourceType: For resource 0x7f15059f, entry index(1439) is beyond type entryCount(281)
09-02 17:24:15.204  4898  4898 W ResourceType: For resource 0x7f150649, entry index(1609) is beyond type entryCount(281)
09-02 17:24:15.205  4898  4898 W ResourceType: For resource 0x7f150442, entry index(1090) is beyond type entryCount(281)
09-02 17:24:15.205  4898  4898 W ResourceType: For resource 0x7f150718, entry index(1816) is beyond type entryCount(281)
09-02 17:24:15.205  4898  4898 W ResourceType: For resource 0x7f15017c, entry index(380) is beyond type entryCount(281)
09-02 17:24:15.205  4898  4898 W ResourceType: For resource 0x7f15059d, entry index(1437) is beyond type entryCount(281)
09-02 17:24:15.205  4898  4898 W ResourceType: For resource 0x7f15020a, entry index(522) is beyond type entryCount(281)
09-02 17:24:15.205  4898  4898 W ResourceType: For resource 0x7f150586, entry index(1414) is beyond type entryCount(281)
09-02 17:24:15.205  4898  4898 W ResourceType: For resource 0x7f15071c, entry index(1820) is beyond type entryCount(281)
09-02 17:24:15.205  4898  4898 W ResourceType: For resource 0x7f1502af, entry index(687) is beyond type entryCount(281)
09-02 17:24:15.205  4898  4898 W ResourceType: For resource 0x7f150274, entry index(628) is beyond type entryCount(281)
09-02 17:24:15.205  4898  4898 W ResourceType: For resource 0x7f150244, entry index(580) is beyond type entryCount(281)
09-02 17:24:15.205  4898  4898 W ResourceType: For resource 0x7f150274, entry index(628) is beyond type entryCount(281)
09-02 17:24:15.205  4898  4898 W ResourceType: For resource 0x7f150372, entry index(882) is beyond type entryCount(281)
09-02 17:24:15.205  4898  4898 W ResourceType: For resource 0x7f15035b, entry index(859) is beyond type entryCount(281)
09-02 17:24:15.205  4898  4898 W ResourceType: For resource 0x7f15035c, entry index(860) is beyond type entryCount(281)
09-02 17:24:15.205  4898  4898 W ResourceType: For resource 0x7f1502ad, entry index(685) is beyond type entryCount(281)
09-02 17:24:15.205  4898  4898 W ResourceType: For resource 0x7f150565, entry index(1381) is beyond type entryCount(281)
09-02 17:24:15.205  4898  4898 W ResourceType: For resource 0x7f150567, entry index(1383) is beyond type entryCount(281)
09-02 17:24:15.205  4898  4898 W ResourceType: For resource 0x7f150264, entry index(612) is beyond type entryCount(281)
09-02 17:24:15.205  4898  4898 I chatty  : uid=10158(u0_a158) identical 1 line
09-02 17:24:15.205  4898  4898 W ResourceType: For resource 0x7f150264, entry index(612) is beyond type entryCount(281)
09-02 17:24:15.205  4898  4898 W ResourceType: For resource 0x7f150314, entry index(788) is beyond type entryCount(281)
09-02 17:24:15.211  4898  4898 W ResourceType: For resource 0x7f150264, entry index(612) is beyond type entryCount(281)
09-02 17:24:15.211  4898  4898 I chatty  : uid=10158(u0_a158) identical 1 line
09-02 17:24:15.211  4898  4898 W ResourceType: For resource 0x7f150264, entry index(612) is beyond type entryCount(281)
09-02 17:24:15.211  4898  4898 W ResourceType: For resource 0x7f150314, entry index(788) is beyond type entryCount(281)
09-02 17:24:15.213  5178  5350 I VideoCapabilities: Unsupported profile 4 for video/mp4v-es
09-02 17:24:15.213  3979  4111 D MdnieScenarioControlService:  packageName : com.opera.browser    className : com.opera.Opera
09-02 17:24:15.214  3979  4111 V MdnieScenarioControlService: setUIMode from UI function(3)
09-02 17:24:15.223  4898  4898 W ResourceType: For resource 0x7f150264, entry index(612) is beyond type entryCount(281)
09-02 17:24:15.223  4898  4898 I chatty  : uid=10158(u0_a158) identical 1 line
09-02 17:24:15.224  4898  4898 W ResourceType: For resource 0x7f150264, entry index(612) is beyond type entryCount(281)
09-02 17:24:15.224  4898  4898 W ResourceType: For resource 0x7f150314, entry index(788) is beyond type entryCount(281)
09-02 17:24:15.224  4898  4898 W ResourceType: For resource 0x7f150264, entry index(612) is beyond type entryCount(281)
09-02 17:24:15.224  4898  4898 I chatty  : uid=10158(u0_a158) identical 1 line
09-02 17:24:15.224  4898  4898 W ResourceType: For resource 0x7f150264, entry index(612) is beyond type entryCount(281)
09-02 17:24:15.224  4898  4898 W ResourceType: For resource 0x7f150314, entry index(788) is beyond type entryCount(281)
09-02 17:24:15.225  4898  4898 W ResourceType: For resource 0x7f1506f1, entry index(1777) is beyond type entryCount(281)
09-02 17:24:15.225  4898  4898 I chatty  : uid=10158(u0_a158) identical 2 lines
09-02 17:24:15.225  4898  4898 W ResourceType: For resource 0x7f1506f1, entry index(1777) is beyond type entryCount(281)
09-02 17:24:15.225  4898  4898 W ResourceType: For resource 0x7f150264, entry index(612) is beyond type entryCount(281)
09-02 17:24:15.225  4898  4898 W ResourceType: For resource 0x7f1506f1, entry index(1777) is beyond type entryCount(281)
09-02 17:24:15.226  4898  4898 I chatty  : uid=10158(u0_a158) identical 11 lines
09-02 17:24:15.227  4898  4898 W ResourceType: For resource 0x7f1506f1, entry index(1777) is beyond type entryCount(281)
09-02 17:24:15.231  4898  4898 W ResourceType: For resource 0x7f1504f8, entry index(1272) is beyond type entryCount(281)
09-02 17:24:15.232  4898  4898 W ResourceType: For resource 0x7f150264, entry index(612) is beyond type entryCount(281)
09-02 17:24:15.232  4898  4898 W ResourceType: For resource 0x7f150264, entry index(612) is beyond type entryCount(281)
09-02 17:24:15.232  4898  4898 W ResourceType: For resource 0x7f15050e, entry index(1294) is beyond type entryCount(281)
09-02 17:24:15.232  4898  4898 W ResourceType: For resource 0x7f15061f, entry index(1567) is beyond type entryCount(281)
09-02 17:24:15.232  4898  4898 W ResourceType: For resource 0x7f15061f, entry index(1567) is beyond type entryCount(281)
09-02 17:24:15.232  4898  4898 W ResourceType: For resource 0x7f15058c, entry index(1420) is beyond type entryCount(281)
09-02 17:24:15.232  4898  4898 W ResourceType: For resource 0x7f150590, entry index(1424) is beyond type entryCount(281)
09-02 17:24:15.232  4898  4898 W ResourceType: For resource 0x7f15058e, entry index(1422) is beyond type entryCount(281)
09-02 17:24:15.232  4898  4898 W ResourceType: For resource 0x7f1504c3, entry index(1219) is beyond type entryCount(281)
09-02 17:24:15.232  4898  4898 W ResourceType: For resource 0x7f15059e, entry index(1438) is beyond type entryCount(281)
09-02 17:24:15.232  4898  4898 W ResourceType: For resource 0x7f150282, entry index(642) is beyond type entryCount(281)
09-02 17:24:15.232  4898  4898 W ResourceType: For resource 0x7f1504c3, entry index(1219) is beyond type entryCount(281)
09-02 17:24:15.232  4898  4898 W ResourceType: For resource 0x7f150719, entry index(1817) is beyond type entryCount(281)
09-02 17:24:15.232  3614  3927 D DnsProxyListener: DNSDBG::dns addrinfo af 2
09-02 17:24:15.232  4898  4898 W ResourceType: For resource 0x7f150578, entry index(1400) is beyond type entryCount(281)
09-02 17:24:15.232  4898  4898 W ResourceType: For resource 0x7f150284, entry index(644) is beyond type entryCount(281)
09-02 17:24:15.232  4898  4898 W ResourceType: For resource 0x7f150579, entry index(1401) is beyond type entryCount(281)
09-02 17:24:15.232  4898  4898 W ResourceType: For resource 0x7f1505e7, entry index(1511) is beyond type entryCount(281)
09-02 17:24:15.232  4898  4898 W ResourceType: For resource 0x7f15071e, entry index(1822) is beyond type entryCount(281)
09-02 17:24:15.232  4898  4898 I chatty  : uid=10158(u0_a158) identical 2 lines
09-02 17:24:15.232  4898  4898 W ResourceType: For resource 0x7f15071e, entry index(1822) is beyond type entryCount(281)
09-02 17:24:15.232  4898  4898 W ResourceType: For resource 0x7f150580, entry index(1408) is beyond type entryCount(281)
09-02 17:24:15.232  4898  4898 W ResourceType: For resource 0x7f15071e, entry index(1822) is beyond type entryCount(281)
09-02 17:24:15.233  4898  4898 W ResourceType: For resource 0x7f15017b, entry index(379) is beyond type entryCount(281)
09-02 17:24:15.233  4898  4898 W ResourceType: For resource 0x7f150283, entry index(643) is beyond type entryCount(281)
09-02 17:24:15.233  4898  4898 W ResourceType: For resource 0x7f1505a2, entry index(1442) is beyond type entryCount(281)
09-02 17:24:15.233  4898  4898 W ResourceType: For resource 0x7f1506f4, entry index(1780) is beyond type entryCount(281)
09-02 17:24:15.233  4898  4898 W ResourceType: For resource 0x7f150588, entry index(1416) is beyond type entryCount(281)
09-02 17:24:15.233  4898  4898 W ResourceType: For resource 0x7f15059f, entry index(1439) is beyond type entryCount(281)
09-02 17:24:15.233  4898  4898 W ResourceType: For resource 0x7f150649, entry index(1609) is beyond type entryCount(281)
09-02 17:24:15.233  4898  4898 W ResourceType: For resource 0x7f150442, entry index(1090) is beyond type entryCount(281)
09-02 17:24:15.233  4898  4898 W ResourceType: For resource 0x7f150718, entry index(1816) is beyond type entryCount(281)
09-02 17:24:15.233  4898  4898 W ResourceType: For resource 0x7f15017c, entry index(380) is beyond type entryCount(281)
09-02 17:24:15.233  4898  4898 W ResourceType: For resource 0x7f15059d, entry index(1437) is beyond type entryCount(281)
09-02 17:24:15.233  4898  4898 W ResourceType: For resource 0x7f15020a, entry index(522) is beyond type entryCount(281)
09-02 17:24:15.233  4898  4898 W ResourceType: For resource 0x7f150586, entry index(1414) is beyond type entryCount(281)
09-02 17:24:15.233  4898  4898 W ResourceType: For resource 0x7f15071c, entry index(1820) is beyond type entryCount(281)
09-02 17:24:15.233  4898  4898 W ResourceType: For resource 0x7f1502af, entry index(687) is beyond type entryCount(281)
09-02 17:24:15.233  4898  4898 W ResourceType: For resource 0x7f150274, entry index(628) is beyond type entryCount(281)
09-02 17:24:15.233  4898  4898 W ResourceType: For resource 0x7f150244, entry index(580) is beyond type entryCount(281)
09-02 17:24:15.233  4898  4898 W ResourceType: For resource 0x7f150274, entry index(628) is beyond type entryCount(281)
09-02 17:24:15.233  4898  4898 W ResourceType: For resource 0x7f150372, entry index(882) is beyond type entryCount(281)
09-02 17:24:15.233  4898  4898 W ResourceType: For resource 0x7f15035b, entry index(859) is beyond type entryCount(281)
09-02 17:24:15.233  4898  4898 W ResourceType: For resource 0x7f15035c, entry index(860) is beyond type entryCount(281)
09-02 17:24:15.233  4898  4898 W ResourceType: For resource 0x7f1502ad, entry index(685) is beyond type entryCount(281)
09-02 17:24:15.233  4898  4898 W ResourceType: For resource 0x7f150565, entry index(1381) is beyond type entryCount(281)
09-02 17:24:15.233  4898  4898 W ResourceType: For resource 0x7f150567, entry index(1383) is beyond type entryCount(281)
09-02 17:24:15.233  4898  4898 W ResourceType: For resource 0x7f150264, entry index(612) is beyond type entryCount(281)
09-02 17:24:15.233  4898  4898 I chatty  : uid=10158(u0_a158) identical 1 line
09-02 17:24:15.233  4898  4898 W ResourceType: For resource 0x7f150264, entry index(612) is beyond type entryCount(281)
09-02 17:24:15.233  4898  4898 W ResourceType: For resource 0x7f150314, entry index(788) is beyond type entryCount(281)
09-02 17:24:15.234  4898  4898 W ResourceType: For resource 0x7f150264, entry index(612) is beyond type entryCount(281)
09-02 17:24:15.235  4898  4898 I chatty  : uid=10158(u0_a158) identical 1 line
09-02 17:24:15.235  4898  4898 W ResourceType: For resource 0x7f150264, entry index(612) is beyond type entryCount(281)
09-02 17:24:15.235  4898  4898 W ResourceType: For resource 0x7f150314, entry index(788) is beyond type entryCount(281)
09-02 17:24:15.240  4898  4898 W ResourceType: For resource 0x7f150264, entry index(612) is beyond type entryCount(281)
09-02 17:24:15.240  4898  4898 I chatty  : uid=10158(u0_a158) identical 1 line
09-02 17:24:15.240  4898  4898 W ResourceType: For resource 0x7f150264, entry index(612) is beyond type entryCount(281)
09-02 17:24:15.240  4898  4898 W ResourceType: For resource 0x7f150314, entry index(788) is beyond type entryCount(281)
09-02 17:24:15.241  4898  4898 W ResourceType: For resource 0x7f150264, entry index(612) is beyond type entryCount(281)
09-02 17:24:15.241  4898  4898 I chatty  : uid=10158(u0_a158) identical 1 line
09-02 17:24:15.241  4898  4898 W ResourceType: For resource 0x7f150264, entry index(612) is beyond type entryCount(281)
09-02 17:24:15.241  4898  4898 W ResourceType: For resource 0x7f150314, entry index(788) is beyond type entryCount(281)
09-02 17:24:15.242  4898  4898 W ResourceType: For resource 0x7f1506f1, entry index(1777) is beyond type entryCount(281)
09-02 17:24:15.242  4898  4898 I chatty  : uid=10158(u0_a158) identical 2 lines
09-02 17:24:15.242  4898  4898 W ResourceType: For resource 0x7f1506f1, entry index(1777) is beyond type entryCount(281)
09-02 17:24:15.242  4898  4898 W ResourceType: For resource 0x7f150264, entry index(612) is beyond type entryCount(281)
09-02 17:24:15.242  4898  4898 W ResourceType: For resource 0x7f1506f1, entry index(1777) is beyond type entryCount(281)
09-02 17:24:15.243  4898  4898 I chatty  : uid=10158(u0_a158) identical 11 lines
09-02 17:24:15.243  4898  4898 W ResourceType: For resource 0x7f1506f1, entry index(1777) is beyond type entryCount(281)
09-02 17:24:15.245  3979  3994 D ConnectivityService: filterNetworkStateForUid() uid: 1000 networkInfo: [type: WIFI[] - WIFI, state: CONNECTED/CONNECTED, reason: (unspecified), extra: "WiFi 69", failover: false, available: true, roaming: false, metered: false]
09-02 17:24:15.248  3979  3994 D SyncManager: failed sync operation JobId: 109703, com.opera.browser u0 (com.opera.browser.ping), com.opera.browser.ping.provider, SERVER, reason: 10158, SyncResult: delayUntil: 1693675455 stats [ numIoExceptions: 1]
09-02 17:24:15.253  3979  3994 D ConnectivityService: filterNetworkStateForUid() uid: 10158 networkInfo: [type: WIFI[] - WIFI, state: CONNECTED/CONNECTED, reason: (unspecified), extra: "WiFi 69", failover: false, available: true, roaming: false, metered: false]
09-02 17:24:15.259  3979  3994 D SamsungAlarmManager: setInexact Listener (T:2/F:0/AC:false) 20230902T172447 - CU:1000/CP:3979
09-02 17:24:15.260  3979  3994 I SamsungAlarmManager: setLocked to kernel - T:2 / 20230902T172447, SetElapsed=113468508, nowELAPSED=113436692
09-02 17:24:15.263  3979  3994 I SamsungAlarmManager: setLocked to kernel - T:2 / 20230902T172504, SetElapsed=113485866, nowELAPSED=113436695
09-02 17:24:15.264  3979  3994 D SamsungAlarmManager: setInexact Listener (T:2/F:0/AC:false) 20230902T172708 - CU:1000/CP:3979
09-02 17:24:15.269  3979  3994 D SamsungAlarmManager: setInexact Listener (T:2/F:0/AC:false) 20230902T181207 - CU:1000/CP:3979
09-02 17:24:15.275  4898  4904 I zygote  : Do partial code cache collection, code=248KB, data=206KB
09-02 17:24:15.277  4898  4898 W ResourceType: For resource 0x7f1504f8, entry index(1272) is beyond type entryCount(281)
09-02 17:24:15.277  4898  4904 I zygote  : After code cache collection, code=242KB, data=203KB
09-02 17:24:15.278  4898  4904 I zygote  : Increasing code cache capacity to 1024KB
09-02 17:24:15.278  4898  4898 W ResourceType: For resource 0x7f150264, entry index(612) is beyond type entryCount(281)
09-02 17:24:15.278  4898  4898 W ResourceType: For resource 0x7f150264, entry index(612) is beyond type entryCount(281)
09-02 17:24:15.279  4898  4898 W ResourceType: For resource 0x7f15050e, entry index(1294) is beyond type entryCount(281)
09-02 17:24:15.279  4898  4898 W ResourceType: For resource 0x7f15061f, entry index(1567) is beyond type entryCount(281)
09-02 17:24:15.279  4898  4898 W ResourceType: For resource 0x7f15061f, entry index(1567) is beyond type entryCount(281)
09-02 17:24:15.279  4898  4898 W ResourceType: For resource 0x7f15058c, entry index(1420) is beyond type entryCount(281)
09-02 17:24:15.279  4898  4898 W ResourceType: For resource 0x7f150590, entry index(1424) is beyond type entryCount(281)
09-02 17:24:15.279  4898  4898 W ResourceType: For resource 0x7f15058e, entry index(1422) is beyond type entryCount(281)
09-02 17:24:15.279  4898  4898 W ResourceType: For resource 0x7f1504c3, entry index(1219) is beyond type entryCount(281)
09-02 17:24:15.279  4898  4898 W ResourceType: For resource 0x7f15059e, entry index(1438) is beyond type entryCount(281)
09-02 17:24:15.279  4898  4898 W ResourceType: For resource 0x7f150282, entry index(642) is beyond type entryCount(281)
09-02 17:24:15.279  4898  4898 W ResourceType: For resource 0x7f1504c3, entry index(1219) is beyond type entryCount(281)
09-02 17:24:15.279  4898  4898 W ResourceType: For resource 0x7f150719, entry index(1817) is beyond type entryCount(281)
09-02 17:24:15.279  4898  4898 W ResourceType: For resource 0x7f150578, entry index(1400) is beyond type entryCount(281)
09-02 17:24:15.279  4898  4898 W ResourceType: For resource 0x7f150284, entry index(644) is beyond type entryCount(281)
09-02 17:24:15.279  4898  4898 W ResourceType: For resource 0x7f150579, entry index(1401) is beyond type entryCount(281)
09-02 17:24:15.279  4898  4898 W ResourceType: For resource 0x7f1505e7, entry index(1511) is beyond type entryCount(281)
09-02 17:24:15.279  4898  4898 W ResourceType: For resource 0x7f15071e, entry index(1822) is beyond type entryCount(281)
09-02 17:24:15.279  4898  4898 I chatty  : uid=10158(u0_a158) identical 2 lines
09-02 17:24:15.279  4898  4898 W ResourceType: For resource 0x7f15071e, entry index(1822) is beyond type entryCount(281)
09-02 17:24:15.279  4898  4898 W ResourceType: For resource 0x7f150580, entry index(1408) is beyond type entryCount(281)
09-02 17:24:15.279  4898  4898 W ResourceType: For resource 0x7f15071e, entry index(1822) is beyond type entryCount(281)
09-02 17:24:15.279  4898  4898 W ResourceType: For resource 0x7f15017b, entry index(379) is beyond type entryCount(281)
09-02 17:24:15.279  4898  4898 W ResourceType: For resource 0x7f150283, entry index(643) is beyond type entryCount(281)
09-02 17:24:15.279  4898  4898 W ResourceType: For resource 0x7f1505a2, entry index(1442) is beyond type entryCount(281)
09-02 17:24:15.279  4898  4898 W ResourceType: For resource 0x7f1506f4, entry index(1780) is beyond type entryCount(281)
09-02 17:24:15.279  4898  4898 W ResourceType: For resource 0x7f150588, entry index(1416) is beyond type entryCount(281)
09-02 17:24:15.279  4898  4898 W ResourceType: For resource 0x7f15059f, entry index(1439) is beyond type entryCount(281)
09-02 17:24:15.279  4898  4898 W ResourceType: For resource 0x7f150649, entry index(1609) is beyond type entryCount(281)
09-02 17:24:15.279  4898  4898 W ResourceType: For resource 0x7f150442, entry index(1090) is beyond type entryCount(281)
09-02 17:24:15.279  4898  4898 W ResourceType: For resource 0x7f150718, entry index(1816) is beyond type entryCount(281)
09-02 17:24:15.279  4898  4898 W ResourceType: For resource 0x7f15017c, entry index(380) is beyond type entryCount(281)
09-02 17:24:15.279  4898  4898 W ResourceType: For resource 0x7f15059d, entry index(1437) is beyond type entryCount(281)
09-02 17:24:15.279  4898  4898 W ResourceType: For resource 0x7f15020a, entry index(522) is beyond type entryCount(281)
09-02 17:24:15.279  4898  4898 W ResourceType: For resource 0x7f150586, entry index(1414) is beyond type entryCount(281)
09-02 17:24:15.279  4898  4898 W ResourceType: For resource 0x7f15071c, entry index(1820) is beyond type entryCount(281)
09-02 17:24:15.279  4898  4898 W ResourceType: For resource 0x7f1502af, entry index(687) is beyond type entryCount(281)
09-02 17:24:15.279  4898  4898 W ResourceType: For resource 0x7f150274, entry index(628) is beyond type entryCount(281)
09-02 17:24:15.279  4898  4898 W ResourceType: For resource 0x7f150244, entry index(580) is beyond type entryCount(281)
09-02 17:24:15.279  4898  4898 W ResourceType: For resource 0x7f150274, entry index(628) is beyond type entryCount(281)
09-02 17:24:15.279  4898  4898 W ResourceType: For resource 0x7f150372, entry index(882) is beyond type entryCount(281)
09-02 17:24:15.279  4898  4898 W ResourceType: For resource 0x7f15035b, entry index(859) is beyond type entryCount(281)
09-02 17:24:15.279  4898  4898 W ResourceType: For resource 0x7f15035c, entry index(860) is beyond type entryCount(281)
09-02 17:24:15.279  4898  4898 W ResourceType: For resource 0x7f1502ad, entry index(685) is beyond type entryCount(281)
09-02 17:24:15.279  4898  4898 W ResourceType: For resource 0x7f150565, entry index(1381) is beyond type entryCount(281)
09-02 17:24:15.279  4898  4898 W ResourceType: For resource 0x7f150567, entry index(1383) is beyond type entryCount(281)
09-02 17:24:15.279  4898  4898 W ResourceType: For resource 0x7f150264, entry index(612) is beyond type entryCount(281)
09-02 17:24:15.280  4898  4898 I chatty  : uid=10158(u0_a158) identical 1 line
09-02 17:24:15.280  4898  4898 W ResourceType: For resource 0x7f150264, entry index(612) is beyond type entryCount(281)
09-02 17:24:15.280  4898  4898 W ResourceType: For resource 0x7f150314, entry index(788) is beyond type entryCount(281)
09-02 17:24:15.282  3979  3994 D ConnectivityService: filterNetworkStateForUid() uid: 1000 networkInfo: [type: WIFI[] - WIFI, state: CONNECTED/CONNECTED, reason: (unspecified), extra: "WiFi 69", failover: false, available: true, roaming: false, metered: false]
09-02 17:24:15.285  3979  3994 D ConnectivityService: filterNetworkStateForUid() uid: 10158 networkInfo: [type: WIFI[] - WIFI, state: CONNECTED/CONNECTED, reason: (unspecified), extra: "WiFi 69", failover: false, available: true, roaming: false, metered: false]
09-02 17:24:15.287  4898  4898 W ResourceType: For resource 0x7f150264, entry index(612) is beyond type entryCount(281)
09-02 17:24:15.287  4898  4898 I chatty  : uid=10158(u0_a158) identical 1 line
09-02 17:24:15.287  4898  4898 W ResourceType: For resource 0x7f150264, entry index(612) is beyond type entryCount(281)
09-02 17:24:15.287  4898  4898 W ResourceType: For resource 0x7f150314, entry index(788) is beyond type entryCount(281)
09-02 17:24:15.288  4898  4904 I zygote  : Compiler allocated 4MB to compile void pr.I0(java.io.DataInputStream, e02, int)
09-02 17:24:15.290  5178  5350 W VideoCapabilities: Unrecognized profile/level 1/32 for video/mp4v-es
09-02 17:24:15.290  5178  5350 W VideoCapabilities: Unrecognized profile/level 32768/2 for video/mp4v-es
09-02 17:24:15.290  5178  5350 W VideoCapabilities: Unrecognized profile/level 32768/64 for video/mp4v-es
09-02 17:24:15.293  5178  5350 W VideoCapabilities: Unsupported mime video/wvc1
09-02 17:24:15.298  4898  4898 W ResourceType: For resource 0x7f150264, entry index(612) is beyond type entryCount(281)
09-02 17:24:15.298  4898  4898 I chatty  : uid=10158(u0_a158) identical 1 line
09-02 17:24:15.298  4898  4898 W ResourceType: For resource 0x7f150264, entry index(612) is beyond type entryCount(281)
09-02 17:24:15.298  5178  5350 W VideoCapabilities: Unsupported mime video/x-ms-wmv
09-02 17:24:15.299  4898  4898 W ResourceType: For resource 0x7f150314, entry index(788) is beyond type entryCount(281)
09-02 17:24:15.299  4898  4898 W ResourceType: For resource 0x7f150264, entry index(612) is beyond type entryCount(281)
09-02 17:24:15.299  4898  4898 I chatty  : uid=10158(u0_a158) identical 1 line
09-02 17:24:15.299  4898  4898 W ResourceType: For resource 0x7f150264, entry index(612) is beyond type entryCount(281)
09-02 17:24:15.299  4898  4898 W ResourceType: For resource 0x7f150314, entry index(788) is beyond type entryCount(281)
09-02 17:24:15.300  4898  4898 W ResourceType: For resource 0x7f1506f1, entry index(1777) is beyond type entryCount(281)
09-02 17:24:15.300  4898  4898 I chatty  : uid=10158(u0_a158) identical 2 lines
09-02 17:24:15.300  4898  4898 W ResourceType: For resource 0x7f1506f1, entry index(1777) is beyond type entryCount(281)
09-02 17:24:15.300  4898  4898 W ResourceType: For resource 0x7f150264, entry index(612) is beyond type entryCount(281)
09-02 17:24:15.300  4898  4898 W ResourceType: For resource 0x7f1506f1, entry index(1777) is beyond type entryCount(281)
09-02 17:24:15.301  4898  4898 I chatty  : uid=10158(u0_a158) identical 11 lines
09-02 17:24:15.301  4898  4898 W ResourceType: For resource 0x7f1506f1, entry index(1777) is beyond type entryCount(281)
09-02 17:24:15.304  5178  5350 W VideoCapabilities: Unsupported mime video/x-ms-wmv7
09-02 17:24:15.308  5178  5350 W VideoCapabilities: Unsupported mime video/x-ms-wmv8
09-02 17:24:15.313  5178  5350 W VideoCapabilities: Unsupported mime video/mp43
09-02 17:24:15.319  4898  4898 W ResourceType: For resource 0x7f1504f8, entry index(1272) is beyond type entryCount(281)
09-02 17:24:15.320  4898  4898 W ResourceType: For resource 0x7f150264, entry index(612) is beyond type entryCount(281)
09-02 17:24:15.321  4898  4898 W ResourceType: For resource 0x7f150264, entry index(612) is beyond type entryCount(281)
09-02 17:24:15.321  4898  4898 W ResourceType: For resource 0x7f15050e, entry index(1294) is beyond type entryCount(281)
09-02 17:24:15.321  4898  4898 W ResourceType: For resource 0x7f15061f, entry index(1567) is beyond type entryCount(281)
09-02 17:24:15.321  4898  4898 W ResourceType: For resource 0x7f15061f, entry index(1567) is beyond type entryCount(281)
09-02 17:24:15.321  4898  4898 W ResourceType: For resource 0x7f15058c, entry index(1420) is beyond type entryCount(281)
09-02 17:24:15.321  4898  4898 W ResourceType: For resource 0x7f150590, entry index(1424) is beyond type entryCount(281)
09-02 17:24:15.321  4898  4898 W ResourceType: For resource 0x7f15058e, entry index(1422) is beyond type entryCount(281)
09-02 17:24:15.321  4898  4898 W ResourceType: For resource 0x7f1504c3, entry index(1219) is beyond type entryCount(281)
09-02 17:24:15.321  4898  4898 W ResourceType: For resource 0x7f15059e, entry index(1438) is beyond type entryCount(281)
09-02 17:24:15.321  4898  4898 W ResourceType: For resource 0x7f150282, entry index(642) is beyond type entryCount(281)
09-02 17:24:15.321  4898  4898 W ResourceType: For resource 0x7f1504c3, entry index(1219) is beyond type entryCount(281)
09-02 17:24:15.321  4898  4898 W ResourceType: For resource 0x7f150719, entry index(1817) is beyond type entryCount(281)
09-02 17:24:15.321  4898  4898 W ResourceType: For resource 0x7f150578, entry index(1400) is beyond type entryCount(281)
09-02 17:24:15.321  4898  4898 W ResourceType: For resource 0x7f150284, entry index(644) is beyond type entryCount(281)
09-02 17:24:15.321  4898  4898 W ResourceType: For resource 0x7f150579, entry index(1401) is beyond type entryCount(281)
09-02 17:24:15.321  4898  4898 W ResourceType: For resource 0x7f1505e7, entry index(1511) is beyond type entryCount(281)
09-02 17:24:15.321  4898  4898 W ResourceType: For resource 0x7f15071e, entry index(1822) is beyond type entryCount(281)
09-02 17:24:15.321  4898  4898 I chatty  : uid=10158(u0_a158) identical 2 lines
09-02 17:24:15.321  4898  4898 W ResourceType: For resource 0x7f15071e, entry index(1822) is beyond type entryCount(281)
09-02 17:24:15.321  4898  4898 W ResourceType: For resource 0x7f150580, entry index(1408) is beyond type entryCount(281)
09-02 17:24:15.321  4898  4898 W ResourceType: For resource 0x7f15071e, entry index(1822) is beyond type entryCount(281)
09-02 17:24:15.321  4898  4898 W ResourceType: For resource 0x7f15017b, entry index(379) is beyond type entryCount(281)
09-02 17:24:15.321  4898  4898 W ResourceType: For resource 0x7f150283, entry index(643) is beyond type entryCount(281)
09-02 17:24:15.321  4898  4898 W ResourceType: For resource 0x7f1505a2, entry index(1442) is beyond type entryCount(281)
09-02 17:24:15.321  4898  4898 W ResourceType: For resource 0x7f1506f4, entry index(1780) is beyond type entryCount(281)
09-02 17:24:15.321  4898  4898 W ResourceType: For resource 0x7f150588, entry index(1416) is beyond type entryCount(281)
09-02 17:24:15.321  4898  4898 W ResourceType: For resource 0x7f15059f, entry index(1439) is beyond type entryCount(281)
09-02 17:24:15.322  4898  4898 W ResourceType: For resource 0x7f150649, entry index(1609) is beyond type entryCount(281)
09-02 17:24:15.322  4898  4898 W ResourceType: For resource 0x7f150442, entry index(1090) is beyond type entryCount(281)
09-02 17:24:15.322  4898  4898 W ResourceType: For resource 0x7f150718, entry index(1816) is beyond type entryCount(281)
09-02 17:24:15.322  4898  4898 W ResourceType: For resource 0x7f15017c, entry index(380) is beyond type entryCount(281)
09-02 17:24:15.322  4898  4898 W ResourceType: For resource 0x7f15059d, entry index(1437) is beyond type entryCount(281)
09-02 17:24:15.322  4898  4898 W ResourceType: For resource 0x7f15020a, entry index(522) is beyond type entryCount(281)
09-02 17:24:15.322  4898  4898 W ResourceType: For resource 0x7f150586, entry index(1414) is beyond type entryCount(281)
09-02 17:24:15.322  4898  4898 W ResourceType: For resource 0x7f15071c, entry index(1820) is beyond type entryCount(281)
09-02 17:24:15.322  4898  4898 W ResourceType: For resource 0x7f1502af, entry index(687) is beyond type entryCount(281)
09-02 17:24:15.322  4898  4898 W ResourceType: For resource 0x7f150274, entry index(628) is beyond type entryCount(281)
09-02 17:24:15.322  4898  4898 W ResourceType: For resource 0x7f150244, entry index(580) is beyond type entryCount(281)
09-02 17:24:15.322  4898  4898 W ResourceType: For resource 0x7f150274, entry index(628) is beyond type entryCount(281)
09-02 17:24:15.322  4898  4898 W ResourceType: For resource 0x7f150372, entry index(882) is beyond type entryCount(281)
09-02 17:24:15.322  4898  4898 W ResourceType: For resource 0x7f15035b, entry index(859) is beyond type entryCount(281)
09-02 17:24:15.322  4898  4898 W ResourceType: For resource 0x7f15035c, entry index(860) is beyond type entryCount(281)
09-02 17:24:15.322  4898  4898 W ResourceType: For resource 0x7f1502ad, entry index(685) is beyond type entryCount(281)
09-02 17:24:15.322  4898  4898 W ResourceType: For resource 0x7f150565, entry index(1381) is beyond type entryCount(281)
09-02 17:24:15.322  4898  4898 W ResourceType: For resource 0x7f150567, entry index(1383) is beyond type entryCount(281)
09-02 17:24:15.324  4898  4898 W ResourceType: For resource 0x7f150264, entry index(612) is beyond type entryCount(281)
09-02 17:24:15.324  4898  4898 I chatty  : uid=10158(u0_a158) identical 1 line
09-02 17:24:15.324  4898  4898 W ResourceType: For resource 0x7f150264, entry index(612) is beyond type entryCount(281)
09-02 17:24:15.324  4898  4898 W ResourceType: For resource 0x7f150314, entry index(788) is beyond type entryCount(281)
09-02 17:24:15.326  4898  4898 W ResourceType: For resource 0x7f150264, entry index(612) is beyond type entryCount(281)
09-02 17:24:15.326  4898  4898 I chatty  : uid=10158(u0_a158) identical 1 line
09-02 17:24:15.326  4898  4898 W ResourceType: For resource 0x7f150264, entry index(612) is beyond type entryCount(281)
09-02 17:24:15.327  4898  4898 W ResourceType: For resource 0x7f150314, entry index(788) is beyond type entryCount(281)
09-02 17:24:15.333  4898  4898 W ResourceType: For resource 0x7f150264, entry index(612) is beyond type entryCount(281)
09-02 17:24:15.333  4898  4898 I chatty  : uid=10158(u0_a158) identical 1 line
09-02 17:24:15.333  4898  4898 W ResourceType: For resource 0x7f150264, entry index(612) is beyond type entryCount(281)
09-02 17:24:15.333  4898  4898 W ResourceType: For resource 0x7f150314, entry index(788) is beyond type entryCount(281)
09-02 17:24:15.334  4898  4898 W ResourceType: For resource 0x7f150264, entry index(612) is beyond type entryCount(281)
09-02 17:24:15.334  4898  4898 I chatty  : uid=10158(u0_a158) identical 1 line
09-02 17:24:15.334  4898  4898 W ResourceType: For resource 0x7f150264, entry index(612) is beyond type entryCount(281)
09-02 17:24:15.334  4898  4898 W ResourceType: For resource 0x7f150314, entry index(788) is beyond type entryCount(281)
09-02 17:24:15.335  4898  4898 W ResourceType: For resource 0x7f1506f1, entry index(1777) is beyond type entryCount(281)
09-02 17:24:15.335  4898  4898 I chatty  : uid=10158(u0_a158) identical 2 lines
09-02 17:24:15.335  4898  4898 W ResourceType: For resource 0x7f1506f1, entry index(1777) is beyond type entryCount(281)
09-02 17:24:15.335  4898  4898 W ResourceType: For resource 0x7f150264, entry index(612) is beyond type entryCount(281)
09-02 17:24:15.335  4898  4898 W ResourceType: For resource 0x7f1506f1, entry index(1777) is beyond type entryCount(281)
09-02 17:24:15.336  4898  4898 I chatty  : uid=10158(u0_a158) identical 11 lines
09-02 17:24:15.336  4898  4898 W ResourceType: For resource 0x7f1506f1, entry index(1777) is beyond type entryCount(281)
09-02 17:24:15.351  4898  4898 W ResourceType: For resource 0x7f1504f8, entry index(1272) is beyond type entryCount(281)
09-02 17:24:15.351  4898  4898 W ResourceType: For resource 0x7f150264, entry index(612) is beyond type entryCount(281)
09-02 17:24:15.352  4898  4898 W ResourceType: For resource 0x7f150264, entry index(612) is beyond type entryCount(281)
09-02 17:24:15.352  4898  4898 W ResourceType: For resource 0x7f15050e, entry index(1294) is beyond type entryCount(281)
09-02 17:24:15.352  4898  4898 W ResourceType: For resource 0x7f15061f, entry index(1567) is beyond type entryCount(281)
09-02 17:24:15.352  4898  4898 W ResourceType: For resource 0x7f15061f, entry index(1567) is beyond type entryCount(281)
09-02 17:24:15.352  4898  4898 W ResourceType: For resource 0x7f15058c, entry index(1420) is beyond type entryCount(281)
09-02 17:24:15.352  4898  4898 W ResourceType: For resource 0x7f150590, entry index(1424) is beyond type entryCount(281)
09-02 17:24:15.352  4898  4898 W ResourceType: For resource 0x7f15058e, entry index(1422) is beyond type entryCount(281)
09-02 17:24:15.352  4898  4898 W ResourceType: For resource 0x7f1504c3, entry index(1219) is beyond type entryCount(281)
09-02 17:24:15.352  4898  4898 W ResourceType: For resource 0x7f15059e, entry index(1438) is beyond type entryCount(281)
09-02 17:24:15.352  4898  4898 W ResourceType: For resource 0x7f150282, entry index(642) is beyond type entryCount(281)
09-02 17:24:15.352  4898  4898 W ResourceType: For resource 0x7f1504c3, entry index(1219) is beyond type entryCount(281)
09-02 17:24:15.352  4898  4898 W ResourceType: For resource 0x7f150719, entry index(1817) is beyond type entryCount(281)
09-02 17:24:15.352  4898  4898 W ResourceType: For resource 0x7f150578, entry index(1400) is beyond type entryCount(281)
09-02 17:24:15.352  4898  4898 W ResourceType: For resource 0x7f150284, entry index(644) is beyond type entryCount(281)
09-02 17:24:15.352  4898  4898 W ResourceType: For resource 0x7f150579, entry index(1401) is beyond type entryCount(281)
09-02 17:24:15.352  4898  4898 W ResourceType: For resource 0x7f1505e7, entry index(1511) is beyond type entryCount(281)
09-02 17:24:15.352  4898  4898 W ResourceType: For resource 0x7f15071e, entry index(1822) is beyond type entryCount(281)
09-02 17:24:15.352  4898  4898 I chatty  : uid=10158(u0_a158) identical 2 lines
09-02 17:24:15.352  4898  4898 W ResourceType: For resource 0x7f15071e, entry index(1822) is beyond type entryCount(281)
09-02 17:24:15.352  4898  4898 W ResourceType: For resource 0x7f150580, entry index(1408) is beyond type entryCount(281)
09-02 17:24:15.352  4898  4898 W ResourceType: For resource 0x7f15071e, entry index(1822) is beyond type entryCount(281)
09-02 17:24:15.352  4898  4898 W ResourceType: For resource 0x7f15017b, entry index(379) is beyond type entryCount(281)
09-02 17:24:15.352  4898  4898 W ResourceType: For resource 0x7f150283, entry index(643) is beyond type entryCount(281)
09-02 17:24:15.352  4898  4898 W ResourceType: For resource 0x7f1505a2, entry index(1442) is beyond type entryCount(281)
09-02 17:24:15.352  4898  4898 W ResourceType: For resource 0x7f1506f4, entry index(1780) is beyond type entryCount(281)
09-02 17:24:15.352  4898  4898 W ResourceType: For resource 0x7f150588, entry index(1416) is beyond type entryCount(281)
09-02 17:24:15.352  4898  4898 W ResourceType: For resource 0x7f15059f, entry index(1439) is beyond type entryCount(281)
09-02 17:24:15.352  4898  4898 W ResourceType: For resource 0x7f150649, entry index(1609) is beyond type entryCount(281)
09-02 17:24:15.352  4898  4898 W ResourceType: For resource 0x7f150442, entry index(1090) is beyond type entryCount(281)
09-02 17:24:15.352  4898  4898 W ResourceType: For resource 0x7f150718, entry index(1816) is beyond type entryCount(281)
09-02 17:24:15.352  4898  4898 W ResourceType: For resource 0x7f15017c, entry index(380) is beyond type entryCount(281)
09-02 17:24:15.352  4898  4898 W ResourceType: For resource 0x7f15059d, entry index(1437) is beyond type entryCount(281)
09-02 17:24:15.352  4898  4898 W ResourceType: For resource 0x7f15020a, entry index(522) is beyond type entryCount(281)
09-02 17:24:15.352  4898  4898 W ResourceType: For resource 0x7f150586, entry index(1414) is beyond type entryCount(281)
09-02 17:24:15.353  4898  4898 W ResourceType: For resource 0x7f15071c, entry index(1820) is beyond type entryCount(281)
09-02 17:24:15.353  4898  4898 W ResourceType: For resource 0x7f1502af, entry index(687) is beyond type entryCount(281)
09-02 17:24:15.353  4898  4898 W ResourceType: For resource 0x7f150274, entry index(628) is beyond type entryCount(281)
09-02 17:24:15.353  4898  4898 W ResourceType: For resource 0x7f150244, entry index(580) is beyond type entryCount(281)
09-02 17:24:15.353  4898  4898 W ResourceType: For resource 0x7f150274, entry index(628) is beyond type entryCount(281)
09-02 17:24:15.353  4898  4898 W ResourceType: For resource 0x7f150372, entry index(882) is beyond type entryCount(281)
09-02 17:24:15.353  4898  4898 W ResourceType: For resource 0x7f15035b, entry index(859) is beyond type entryCount(281)
09-02 17:24:15.353  4898  4898 W ResourceType: For resource 0x7f15035c, entry index(860) is beyond type entryCount(281)
09-02 17:24:15.353  4898  4898 W ResourceType: For resource 0x7f1502ad, entry index(685) is beyond type entryCount(281)
09-02 17:24:15.353  4898  4898 W ResourceType: For resource 0x7f150565, entry index(1381) is beyond type entryCount(281)
09-02 17:24:15.353  4898  4898 W ResourceType: For resource 0x7f150567, entry index(1383) is beyond type entryCount(281)
09-02 17:24:15.353  4898  4898 W ResourceType: For resource 0x7f150264, entry index(612) is beyond type entryCount(281)
09-02 17:24:15.353  4898  4898 I chatty  : uid=10158(u0_a158) identical 1 line
09-02 17:24:15.353  4898  4898 W ResourceType: For resource 0x7f150264, entry index(612) is beyond type entryCount(281)
09-02 17:24:15.353  4898  4898 W ResourceType: For resource 0x7f150314, entry index(788) is beyond type entryCount(281)
09-02 17:24:15.355  4898  4898 W ResourceType: For resource 0x7f150264, entry index(612) is beyond type entryCount(281)
09-02 17:24:15.356  4898  4898 I chatty  : uid=10158(u0_a158) identical 1 line
09-02 17:24:15.356  4898  4898 W ResourceType: For resource 0x7f150264, entry index(612) is beyond type entryCount(281)
09-02 17:24:15.356  4898  4898 W ResourceType: For resource 0x7f150314, entry index(788) is beyond type entryCount(281)
09-02 17:24:15.361  5178  5350 W VideoCapabilities: Unrecognized profile 2130706433 for video/avc
09-02 17:24:15.362  5178  5350 W VideoCapabilities: Unrecognized profile 2130706434 for video/avc
09-02 17:24:15.365  5178  5350 W VideoCapabilities: Unrecognized profile 2130706433 for video/avc
09-02 17:24:15.365  5178  5350 W VideoCapabilities: Unrecognized profile 2130706434 for video/avc
09-02 17:24:15.368  4898  4898 W ResourceType: For resource 0x7f150264, entry index(612) is beyond type entryCount(281)
09-02 17:24:15.368  4898  4898 I chatty  : uid=10158(u0_a158) identical 1 line
09-02 17:24:15.369  4898  4898 W ResourceType: For resource 0x7f150264, entry index(612) is beyond type entryCount(281)
09-02 17:24:15.369  4898  4898 W ResourceType: For resource 0x7f150314, entry index(788) is beyond type entryCount(281)
09-02 17:24:15.370  4898  4898 W ResourceType: For resource 0x7f150264, entry index(612) is beyond type entryCount(281)
09-02 17:24:15.370  4898  4898 I chatty  : uid=10158(u0_a158) identical 1 line
09-02 17:24:15.370  4898  4898 W ResourceType: For resource 0x7f150264, entry index(612) is beyond type entryCount(281)
09-02 17:24:15.370  4898  4898 W ResourceType: For resource 0x7f150314, entry index(788) is beyond type entryCount(281)
09-02 17:24:15.372  4898  4898 W ResourceType: For resource 0x7f1506f1, entry index(1777) is beyond type entryCount(281)
09-02 17:24:15.372  4898  4898 I chatty  : uid=10158(u0_a158) identical 2 lines
09-02 17:24:15.373  4898  4898 W ResourceType: For resource 0x7f1506f1, entry index(1777) is beyond type entryCount(281)
09-02 17:24:15.373  4898  4898 W ResourceType: For resource 0x7f150264, entry index(612) is beyond type entryCount(281)
09-02 17:24:15.373  4898  4898 W ResourceType: For resource 0x7f1506f1, entry index(1777) is beyond type entryCount(281)
09-02 17:24:15.377  4898  4898 I chatty  : uid=10158(u0_a158) identical 11 lines
09-02 17:24:15.378  4898  4898 W ResourceType: For resource 0x7f1506f1, entry index(1777) is beyond type entryCount(281)
09-02 17:24:15.386  4898  4898 W ResourceType: For resource 0x7f1504f8, entry index(1272) is beyond type entryCount(281)
09-02 17:24:15.395  4898  4898 W ResourceType: For resource 0x7f150264, entry index(612) is beyond type entryCount(281)
09-02 17:24:15.395  4898  4898 W ResourceType: For resource 0x7f150264, entry index(612) is beyond type entryCount(281)
09-02 17:24:15.396  4898  4898 W ResourceType: For resource 0x7f15050e, entry index(1294) is beyond type entryCount(281)
09-02 17:24:15.396  4898  4898 W ResourceType: For resource 0x7f15061f, entry index(1567) is beyond type entryCount(281)
09-02 17:24:15.396  4898  4898 W ResourceType: For resource 0x7f15061f, entry index(1567) is beyond type entryCount(281)
09-02 17:24:15.396  4898  4898 W ResourceType: For resource 0x7f15058c, entry index(1420) is beyond type entryCount(281)
09-02 17:24:15.396  4898  4898 W ResourceType: For resource 0x7f150590, entry index(1424) is beyond type entryCount(281)
09-02 17:24:15.396  4898  4898 W ResourceType: For resource 0x7f15058e, entry index(1422) is beyond type entryCount(281)
09-02 17:24:15.396  4898  4898 W ResourceType: For resource 0x7f1504c3, entry index(1219) is beyond type entryCount(281)
09-02 17:24:15.396  4898  4898 W ResourceType: For resource 0x7f15059e, entry index(1438) is beyond type entryCount(281)
09-02 17:24:15.396  4898  4898 W ResourceType: For resource 0x7f150282, entry index(642) is beyond type entryCount(281)
09-02 17:24:15.397  4898  4898 W ResourceType: For resource 0x7f1504c3, entry index(1219) is beyond type entryCount(281)
09-02 17:24:15.397  4898  4898 W ResourceType: For resource 0x7f150719, entry index(1817) is beyond type entryCount(281)
09-02 17:24:15.397  4898  4898 W ResourceType: For resource 0x7f150578, entry index(1400) is beyond type entryCount(281)
09-02 17:24:15.397  4898  4898 W ResourceType: For resource 0x7f150284, entry index(644) is beyond type entryCount(281)
09-02 17:24:15.397  4898  4898 W ResourceType: For resource 0x7f150579, entry index(1401) is beyond type entryCount(281)
09-02 17:24:15.397  4898  4898 W ResourceType: For resource 0x7f1505e7, entry index(1511) is beyond type entryCount(281)
09-02 17:24:15.397  4898  4898 W ResourceType: For resource 0x7f15071e, entry index(1822) is beyond type entryCount(281)
09-02 17:24:15.397  4898  4898 I chatty  : uid=10158(u0_a158) identical 2 lines
09-02 17:24:15.397  4898  4898 W ResourceType: For resource 0x7f15071e, entry index(1822) is beyond type entryCount(281)
09-02 17:24:15.397  4898  4898 W ResourceType: For resource 0x7f150580, entry index(1408) is beyond type entryCount(281)
09-02 17:24:15.397  4898  4898 W ResourceType: For resource 0x7f15071e, entry index(1822) is beyond type entryCount(281)
09-02 17:24:15.397  4898  4898 W ResourceType: For resource 0x7f15017b, entry index(379) is beyond type entryCount(281)
09-02 17:24:15.397  4898  4898 W ResourceType: For resource 0x7f150283, entry index(643) is beyond type entryCount(281)
09-02 17:24:15.397  4898  4898 W ResourceType: For resource 0x7f1505a2, entry index(1442) is beyond type entryCount(281)
09-02 17:24:15.397  4898  4898 W ResourceType: For resource 0x7f1506f4, entry index(1780) is beyond type entryCount(281)
09-02 17:24:15.397  4898  4898 W ResourceType: For resource 0x7f150588, entry index(1416) is beyond type entryCount(281)
09-02 17:24:15.397  4898  4898 W ResourceType: For resource 0x7f15059f, entry index(1439) is beyond type entryCount(281)
09-02 17:24:15.397  4898  4898 W ResourceType: For resource 0x7f150649, entry index(1609) is beyond type entryCount(281)
09-02 17:24:15.397  4898  4898 W ResourceType: For resource 0x7f150442, entry index(1090) is beyond type entryCount(281)
09-02 17:24:15.397  4898  4898 W ResourceType: For resource 0x7f150718, entry index(1816) is beyond type entryCount(281)
09-02 17:24:15.397  4898  4898 W ResourceType: For resource 0x7f15017c, entry index(380) is beyond type entryCount(281)
09-02 17:24:15.397  4898  4898 W ResourceType: For resource 0x7f15059d, entry index(1437) is beyond type entryCount(281)
09-02 17:24:15.398  4898  4898 W ResourceType: For resource 0x7f15020a, entry index(522) is beyond type entryCount(281)
09-02 17:24:15.398  4898  4898 W ResourceType: For resource 0x7f150586, entry index(1414) is beyond type entryCount(281)
09-02 17:24:15.398  4898  4898 W ResourceType: For resource 0x7f15071c, entry index(1820) is beyond type entryCount(281)
09-02 17:24:15.398  4898  4898 W ResourceType: For resource 0x7f1502af, entry index(687) is beyond type entryCount(281)
09-02 17:24:15.398  4898  4898 W ResourceType: For resource 0x7f150274, entry index(628) is beyond type entryCount(281)
09-02 17:24:15.398  4898  4898 W ResourceType: For resource 0x7f150244, entry index(580) is beyond type entryCount(281)
09-02 17:24:15.398  4898  4898 W ResourceType: For resource 0x7f150274, entry index(628) is beyond type entryCount(281)
09-02 17:24:15.398  4898  4898 W ResourceType: For resource 0x7f150372, entry index(882) is beyond type entryCount(281)
