09-02 13:47:11.298 14016 14316 I BatteryMgr:DataCollectionService: collectData: begin
09-02 13:47:11.303 14016 14316 I BatteryMgr:DataCollectionService: stats => 1693655231303,102,4251
09-02 13:47:11.311 14031 14031 E adbd    : recv: OPEN 0001f599 00000000 0042:73 68 65 6C 6C 2C 76 32 2C 54 45 52 4D 3D 78 74 65 72 6D 2D 32 35 36 63 6F 6C 6F 72 2C 72 61 77 3A 67 65 74 70 72 6F 70 20 72 6F 2E 62 75 69 6C 64 2E 76 65 72 73 69 6F 6E 2E 72 65 6C 65 61 73 65 00 
09-02 13:47:11.311 14031 14031 E adbd    : service_to_fd: shell,v2,TERM=xterm-256color,raw:getprop ro.build.version.release
09-02 13:47:11.385 14031 14031 E adbd    : recv: OPEN 0001f59c 00000000 003e:73 68 65 6C 6C 2C 76 32 2C 54 45 52 4D 3D 78 74 65 72 6D 2D 32 35 36 63 6F 6C 6F 72 2C 72 61 77 3A 67 65 74 70 72 6F 70 20 72 6F 2E 62 75 69 6C 64 2E 76 65 72 73 69 6F 6E 2E 73 64 6B 00 
09-02 13:47:11.385 14031 14031 E adbd    : service_to_fd: shell,v2,TERM=xterm-256color,raw:getprop ro.build.version.sdk
09-02 13:47:11.410 14016 14316 I BatteryMgr:DataCollectionService: stats => 1693655231409,102,4251
09-02 13:47:11.435  4349  4349 D KeyguardUpdateMonitor: handleStatusBarState( false )
09-02 13:47:11.451 14031 14031 E adbd    : recv: OPEN 0001f59f 00000000 0029:73 68 65 6C 6C 2C 76 32 2C 54 45 52 4D 3D 78 74 65 72 6D 2D 32 35 36 63 6F 6C 6F 72 2C 72 61 77 3A 64 61 74 65 20 2D 75 00 
09-02 13:47:11.451 14031 14031 E adbd    : service_to_fd: shell,v2,TERM=xterm-256color,raw:date -u
09-02 13:47:11.515 14016 14316 I BatteryMgr:DataCollectionService: stats => 1693655231515,102,4251
09-02 13:47:11.519 14031 14031 E adbd    : recv: OPEN 0001f5a2 00000000 003e:73 68 65 6C 6C 2C 76 32 2C 54 45 52 4D 3D 78 74 65 72 6D 2D 32 35 36 63 6F 6C 6F 72 2C 72 61 77 3A 64 75 6D 70 73 79 73 20 63 70 75 69 6E 66 6F 20 7C 20 67 72 65 70 20 54 4F 54 41 4C 00 
09-02 13:47:11.519 14031 14031 E adbd    : service_to_fd: shell,v2,TERM=xterm-256color,raw:dumpsys cpuinfo | grep TOTAL
09-02 13:47:11.602 14031 14031 E adbd    : recv: OPEN 0001f5a5 00000000 003d:73 68 65 6C 6C 2C 76 32 2C 54 45 52 4D 3D 78 74 65 72 6D 2D 32 35 36 63 6F 6C 6F 72 2C 72 61 77 3A 64 75 6D 70 73 79 73 20 6D 65 6D 69 6E 66 6F 20 7C 20 67 72 65 70 20 55 73 65 64 00 
09-02 13:47:11.602 14031 14031 E adbd    : service_to_fd: shell,v2,TERM=xterm-256color,raw:dumpsys meminfo | grep Used
09-02 13:47:11.621 14016 14316 I BatteryMgr:DataCollectionService: stats => 1693655231621,102,4251
09-02 13:47:11.726 14016 14316 I BatteryMgr:DataCollectionService: stats => 1693655231726,102,4251
09-02 13:47:11.838 14016 14316 I BatteryMgr:DataCollectionService: stats => 1693655231837,102,4251
09-02 13:47:11.949 14016 14316 I BatteryMgr:DataCollectionService: stats => 1693655231948,102,4251
09-02 13:47:12.060 14016 14316 I BatteryMgr:DataCollectionService: stats => 1693655232059,102,4251
09-02 13:47:12.171 14016 14316 I BatteryMgr:DataCollectionService: stats => 1693655232170,102,4251
09-02 13:47:12.281 14016 14316 I BatteryMgr:DataCollectionService: stats => 1693655232281,102,4251
09-02 13:47:12.392 14016 14316 I BatteryMgr:DataCollectionService: stats => 1693655232392,102,4251
09-02 13:47:12.503 14016 14316 I BatteryMgr:DataCollectionService: stats => 1693655232503,102,4251
09-02 13:47:12.570  4962  4962 D io_stats: !@ 179,0 r 610490 18482044 w 415026 8892324 d 44548 19517748 f 111548 114125 iot 511652 430429 th 51200 0 0 pt 0 inp 0 0 45765.814
09-02 13:47:12.615 14016 14316 I BatteryMgr:DataCollectionService: stats => 1693655232615,102,4251
09-02 13:47:12.726 14016 14316 I BatteryMgr:DataCollectionService: stats => 1693655232726,102,4251
09-02 13:47:12.794  3449  3449 I android.hardware.wifi@1.0-service: getLinkLayerStats
09-02 13:47:12.838 14016 14316 I BatteryMgr:DataCollectionService: stats => 1693655232837,102,4251
09-02 13:47:12.948 14016 14316 I BatteryMgr:DataCollectionService: stats => 1693655232948,102,4251
09-02 13:47:13.059 14016 14316 I BatteryMgr:DataCollectionService: stats => 1693655233058,102,4251
09-02 13:47:13.169 14016 14316 I BatteryMgr:DataCollectionService: stats => 1693655233169,102,4251
09-02 13:47:13.280 14016 14316 I BatteryMgr:DataCollectionService: stats => 1693655233279,102,4251
09-02 13:47:13.390 14016 14316 I BatteryMgr:DataCollectionService: stats => 1693655233390,102,4251
09-02 13:47:13.486  4349  4715 D NetworkController.MobileSignalController(0/-2): onSignalStrengthsChanged signalStrength=SignalStrength: 26 99 -26 -200 -26 -200 -1 99 2147483647 2147483647 2147483647 2147483647 0 2147483647 0x4 P gsm|lte level=4
09-02 13:47:13.486  4349  4715 D NetworkController.MobileSignalController(0/-2): getMobileIconGroup(): 0
09-02 13:47:13.500 14016 14316 I BatteryMgr:DataCollectionService: stats => 1693655233500,102,4251
09-02 13:47:13.573  3979  6899 D SSRM:G  : SIOP:: AP = 310, PST = 299 (W:22), BAT = 275, USB = 0, CHG = 0
09-02 13:47:13.611 14016 14316 I BatteryMgr:DataCollectionService: stats => 1693655233611,102,4251
09-02 13:47:13.722 14016 14316 I BatteryMgr:DataCollectionService: stats => 1693655233722,102,4251
09-02 13:47:13.834 14016 14316 I BatteryMgr:DataCollectionService: stats => 1693655233834,102,4251
09-02 13:47:13.945 14016 14316 I BatteryMgr:DataCollectionService: stats => 1693655233944,102,4251
09-02 13:47:14.055 14016 14316 I BatteryMgr:DataCollectionService: stats => 1693655234055,102,4251
09-02 13:47:14.166 14016 14316 I BatteryMgr:DataCollectionService: stats => 1693655234165,102,4251
09-02 13:47:14.276 14016 14316 I BatteryMgr:DataCollectionService: stats => 1693655234276,102,4251
09-02 13:47:14.387 14016 14316 I BatteryMgr:DataCollectionService: stats => 1693655234386,102,4251
09-02 13:47:14.497 14016 14316 I BatteryMgr:DataCollectionService: stats => 1693655234496,102,4251
09-02 13:47:14.607 14016 14316 I BatteryMgr:DataCollectionService: stats => 1693655234606,102,4251
09-02 13:47:14.717 14016 14316 I BatteryMgr:DataCollectionService: stats => 1693655234717,102,4251
09-02 13:47:14.827 14016 14316 I BatteryMgr:DataCollectionService: stats => 1693655234827,102,4251
09-02 13:47:14.928  3979  4522 D SamsungAlarmManager: Cancel Alarm calling from uid:10025 pid :22051 / op:PendingIntent{97c625e: PendingIntentRecord{fe2fb42 com.google.android.gms startService}}
09-02 13:47:14.936 14016 14316 I BatteryMgr:DataCollectionService: stats => 1693655234936,102,4251
09-02 13:47:14.994 14031 14031 E adbd    : recv: OPEN 0001f5a8 00000000 0029:73 68 65 6C 6C 2C 76 32 2C 54 45 52 4D 3D 78 74 65 72 6D 2D 32 35 36 63 6F 6C 6F 72 2C 72 61 77 3A 64 61 74 65 20 2D 75 00 
09-02 13:47:14.994 14031 14031 E adbd    : service_to_fd: shell,v2,TERM=xterm-256color,raw:date -u
09-02 13:47:15.003 14031 14031 E adbd    : recv: OPEN 0001f5ab 00000000 00c0:73 68 65 6C 6C 2C 76 32 2C 54 45 52 4D 3D 78 74 65 72 6D 2D 32 35 36 63 6F 6C 6F 72 2C 72 61 77 3A 61 6D 20 73 74 61 72 74 20 2D 61 20 61 6E 64 72 6F 69 64 2E 69 6E 74 65 6E 74 2E 61 63 74 69 6F 6E 2E 56 49 45 57 20 2D 6E 20 63 6F 6D 2E 61 6E 64 72 6F 69 64 2E 63 68 72 6F 6D 65 2F 63 6F 6D 2E 67 6F 6F 67 6C 65 2E 61 6E 64 72 6F 69 64 2E 61 70 70 73 2E 63 68 72 6F 6D 65 2E 4D 61 69 6E 20 2D 64 20 68 74 74 70 3A 2F 2F 31 39 32 2E 31 36 38 2E 38 38 2E 31 37 37 3A 38 30 30 30 2F 53 6F 63 69 61 6C 2F 79 6F 75 74 75 62 65 2F 77 77 77 2E 79 6F 75 74 75 62 65 2E 63 6F 6D 2F 00 
09-02 13:47:15.003 14031 14031 E adbd    : service_to_fd: shell,v2,TERM=xterm-256color,raw:am start -a android.intent.action.VIEW -n com.android.chrome/com.google.android.apps.chrome.Main -d http://192.168.88.177:8000/Social/youtube/www.youtube.com/
09-02 13:47:15.044 14016 14316 I BatteryMgr:DataCollectionService: stats => 1693655235044,102,4251
09-02 13:47:15.093 14031 14031 E adbd    : recv: OPEN 0001f5ae 00000000 003e:73 68 65 6C 6C 2C 76 32 2C 54 45 52 4D 3D 78 74 65 72 6D 2D 32 35 36 63 6F 6C 6F 72 2C 72 61 77 3A 64 75 6D 70 73 79 73 20 63 70 75 69 6E 66 6F 20 7C 20 67 72 65 70 20 54 4F 54 41 4C 00 
09-02 13:47:15.093 14031 14031 E adbd    : service_to_fd: shell,v2,TERM=xterm-256color,raw:dumpsys cpuinfo | grep TOTAL
09-02 13:47:15.103  3979  4522 I ActivityManager: START u0 {act=android.intent.action.VIEW typ=null flg=0x10000000 cmp=ComponentInfo{com.android.chrome/com.google.android.apps.chrome.Main}} from uid 2000
09-02 13:47:15.105  3979  4522 D CustomFrequencyManagerService: acquireDVFSLockLocked : type : DVFS_MIN_LIMIT  frequency : 1560000  uid : 1000  pid : 3979  pkgName : AMS_ACT_START@CPU_MIN@8
09-02 13:47:15.107  3979  4522 D ActivityManagerPerformance: AMP_acquire() ACT_START
09-02 13:47:15.126 14081 14081 D InputMethodManager: HSIFW - flag : 0 Pid : 14081
09-02 13:47:15.127  3979  4522 V InputMethodManagerService: Client requesting input be hidden, flags : 0
09-02 13:47:15.127  3979  4522 V InputMethodManagerService: hideCurrentInputLocked : shouldHideSoftInput is false
09-02 13:47:15.132  3979  4522 D ConnectivityService: filterNetworkStateForUid() uid: 10096 networkInfo: [type: WIFI[] - WIFI, state: CONNECTED/CONNECTED, reason: (unspecified), extra: "WiFi 69", failover: false, available: true, roaming: false, metered: false]
09-02 13:47:15.134 14081 14081 E cr_IntentUtils: getInt failed on bundle null
09-02 13:47:15.137 14081 14081 E ResourceType: Style contains key with bad entry: 0x0101062c
09-02 13:47:15.140  3979  4522 D ConnectivityService: filterNetworkStateForUid() uid: 10096 networkInfo: [type: WIFI[] - WIFI, state: CONNECTED/CONNECTED, reason: (unspecified), extra: "WiFi 69", failover: false, available: true, roaming: false, metered: false]
09-02 13:47:15.149 14016 14316 I BatteryMgr:DataCollectionService: stats => 1693655235149,102,4251
09-02 13:47:15.150  3979  3989 I ApplicationPolicy: isApplicationExternalStorageWhitelisted:com.android.chrome user:0
09-02 13:47:15.150  3979  3989 D ApplicationPolicy: isApplicationExternalStorageWhitelisted: DO is not enabled on user 0. Allowed.
09-02 13:47:15.150  3979  3989 D ActivityManager: package  com.android.chrome, user - 0 is SDcard whitelisted
09-02 13:47:15.150  3979  3989 I ApplicationPolicy: isApplicationExternalStorageBlacklisted:com.android.chrome user:0
09-02 13:47:15.150  3979  3989 D ApplicationPolicy: isApplicationExternalStorageBlacklisted: DO is not enabled on user 0. Allowed.
09-02 13:47:15.150  3979  3989 I ActivityManager: SA, print process name forked by webview_zygote : com.android.chrome:sandboxed_process1
09-02 13:47:15.154  4443  4443 E SchedPolicy: add_tid_to_cgroup failed; fd=-1
09-02 13:47:15.160 14081 14081 D InputMethodManager: HSIFW - flag : 0 Pid : 14081
09-02 13:47:15.160  3979  5965 V InputMethodManagerService: Client requesting input be hidden, flags : 0
09-02 13:47:15.160  3979  5965 V InputMethodManagerService: hideCurrentInputLocked : shouldHideSoftInput is false
09-02 13:47:15.162 14359 14359 E /system/bin/webview_zygote32: failed to make and chown /acct/uid_99228: Permission denied
09-02 13:47:15.162 14359 14359 E Zygote  : createProcessGroup(99228, 0) failed: Permission denied
09-02 13:47:15.163 14359 14359 E libpersona: Couldn't open the File - /data/system/users/0.xml - Permission denied
09-02 13:47:15.163 14359 14359 W SELinux : SELinux selinux_android_compute_policy_index : Policy Index[2],  Con:u:r:webview_zygote:s0 RAM:SEPF_SM-J720F_8.0.0_0017, [-1 -1 -1 -1 0 1]
09-02 13:47:15.163  3979  3989 I ActivityManager: Start proc 14359:com.android.chrome:sandboxed_process1/u0i228 for webview_service com.android.chrome/org.chromium.content.app.SandboxedProcessService1
09-02 13:47:15.164 14359 14359 I SELinux : SELinux: seapp_context_lookup: seinfo=chrome, level=s0:c512,c768, pkgname=com.android.chrome:sandboxed_process1 
09-02 13:47:15.184 14031 14031 E adbd    : recv: OPEN 0001f5b1 00000000 003d:73 68 65 6C 6C 2C 76 32 2C 54 45 52 4D 3D 78 74 65 72 6D 2D 32 35 36 63 6F 6C 6F 72 2C 72 61 77 3A 64 75 6D 70 73 79 73 20 6D 65 6D 69 6E 66 6F 20 7C 20 67 72 65 70 20 55 73 65 64 00 
09-02 13:47:15.184 14031 14031 E adbd    : service_to_fd: shell,v2,TERM=xterm-256color,raw:dumpsys meminfo | grep Used
09-02 13:47:15.186 14359 14359 I SamplingProfilerIntegration: Profiling disabled.
09-02 13:47:15.188 14081 14081 V InputMethodManager: Starting input: tba=android.view.inputmethod.EditorInfo@a9ff226 nm : com.android.chrome ic=null
09-02 13:47:15.188 14081 14081 I InputMethodManager: startInputInner - mService.startInputOrWindowGainedFocus
09-02 13:47:15.189  3979  5965 D InputMethodManagerService: startInputOrWindowGainedFocus : startInput 
09-02 13:47:15.190  3979  5965 D InputMethodManagerService: setCurrentInputInfo - inputContext : null eidtorInfo : android.view.inputmethod.EditorInfo@63b2e37 missingMethods : 0
09-02 13:47:15.190  4336  4336 I InputMethodWrapper:  call dispatchStartInputWithToken
09-02 13:47:15.190  4336  4336 I InputMethodService: dispatchStartInputWithToken
09-02 13:47:15.191  4336  4336 I SKBD    : SamsungKeypad [IMI] onStartInput - caller pid : 14081, caller uid : 10096
09-02 13:47:15.191  4336  4336 I SKBD    : SamsungKeypad  CACHEDIC onStartInput  isCachedICEnabled:  false
09-02 13:47:15.191  4336  4336 I SKBD    : atl getDefaultInputRange : UNKNOWN
09-02 13:47:15.191  4336  4336 I SKBD    : awo resetBinderManager()
09-02 13:47:15.191  4336  4336 I SKBD_SYNC: SamsungKeypad onStartInput: import DLM
09-02 13:47:15.191 14359 14359 D TimaKeyStoreProvider: TimaKeyStore is not enabled: cannot add TimaSignature Service and generateKeyPair Service
09-02 13:47:15.192  4336  4336 I SKBD    : atl setPrivateImeOptionsToTable privateImeOptions ( null )
09-02 13:47:15.192  4336  4336 I SKBD    : atl imeOptions is null
09-02 13:47:15.192 14359 14359 D ActivityThread: Added TimaKeyStore provider
09-02 13:47:15.192  4336  4336 I SKBD    : SamsungKeypad [PF_OP][onStartInput] 740500
09-02 13:47:15.196  3979  4522 I ActivityManager: DSS on for com.android.chrome and scale is 1.0
09-02 13:47:15.209  3979  4522 D ConnectivityService: filterNetworkStateForUid() uid: 10096 networkInfo: [type: WIFI[] - WIFI, state: CONNECTED/CONNECTED, reason: (unspecified), extra: "WiFi 69", failover: false, available: true, roaming: false, metered: false]
09-02 13:47:15.212 14081 14081 I cr_OfflineDetector: Running updateState mConnectivityDetectorInitialized: true, mTimeWhenLastForegrounded: 100416643, getElapsedTime: 100416643, mTimeWhenLastOfflineNotificationReceived: 0, mTimeWhenLastOnline: 100407577, mApplicationState: 1, mIsOfflineLastReportedByConnectivityDetector: false, mIsEffectivelyOffline: false
09-02 13:47:15.212 14081 14081 I cr_OfflineDetector: updateState(): timeSinceLastForeground: 0, timeSinceOfflineNotificationReceived: 100416643, timeSinceLastOnline: 9066, timeNeededForForeground: 2000, timeNeededForOffline: -100414643
09-02 13:47:15.215  3979  5965 D ConnectivityService: filterNetworkStateForUid() uid: 10096 networkInfo: [type: WIFI[] - WIFI, state: CONNECTED/CONNECTED, reason: (unspecified), extra: "WiFi 69", failover: false, available: true, roaming: false, metered: false]
09-02 13:47:15.218  3979  5965 D ConnectivityService: filterNetworkStateForUid() uid: 10096 networkInfo: [type: WIFI[] - WIFI, state: CONNECTED/CONNECTED, reason: (unspecified), extra: "WiFi 69", failover: false, available: true, roaming: false, metered: false]
09-02 13:47:15.229 14377 14377 E asset   : setgid: Operation not permitted
09-02 13:47:15.230  3979  4522 D ConnectivityService: filterNetworkStateForUid() uid: 10096 networkInfo: [type: WIFI[] - WIFI, state: CONNECTED/CONNECTED, reason: (unspecified), extra: "WiFi 69", failover: false, available: true, roaming: false, metered: false]
09-02 13:47:15.254 14016 14316 I BatteryMgr:DataCollectionService: stats => 1693655235254,102,4251
09-02 13:47:15.256  3979  4522 V WindowManager: Relayout Window{c46faf7 u0 com.android.chrome/com.google.android.apps.chrome.Main}: viewVisibility=0 req=720x1280 WM.LayoutParams{(0,0)(fillxfill) sim=#13 ty=1 fl=#81810100 pfl=0x20000 fmt=-3 wanim=0x10302fd vsysui=0x2600 sysuil=true needsMenuKey=2 colorMode=0 naviIconColor=0}
09-02 13:47:15.263 14081 14081 D ViewRootImpl@aaa9410[Main]: Relayout returned: old=[0,0][720,1280] new=[0,0][720,1280] result=0x1 surface={valid=true 3318347776} changed=false
09-02 13:47:15.274 14081 14081 I cr_tabmodel: Appending tabs being restored to metadata lists, 0, startingNormalCount: 73, startingIncognitoCount: 0
09-02 13:47:15.274 14081 14081 I cr_tabmodel: Serializing tab lists; counts: 73, 0
09-02 13:47:15.289 14359 14359 I cr_SplitCompatApp: Launched version=107.0.5304.91 minSdkVersion=24 isBundle=true processName=com.android.chrome:sandboxed_process1 isIsolated=true
09-02 13:47:15.305 14359 14359 W SystemServiceRegistry: No service published for: uimode
09-02 13:47:15.311 14359 14359 V Monotype: fonts.xml take from : /system/etc/
09-02 13:47:15.359 14016 14316 I BatteryMgr:DataCollectionService: stats => 1693655235359,102,4251
09-02 13:47:15.466 14016 14316 I BatteryMgr:DataCollectionService: stats => 1693655235465,102,4251
09-02 13:47:15.525 14359 14359 E Typeface: Error mapping font file /system/fonts/SamsungSans-Num3L.ttf
09-02 13:47:15.525 14359 14359 E Minikin : Could not get cmap table size!
09-02 13:47:15.525 14359 14359 E Typeface: Unable to load Family: samsung-sans-num3L:null
09-02 13:47:15.525 14359 14359 E Typeface: Error mapping font file /system/fonts/SamsungSans-Num3T.ttf
09-02 13:47:15.525 14359 14359 E Minikin : Could not get cmap table size!
09-02 13:47:15.526 14359 14359 E Typeface: Unable to load Family: samsung-sans-num3T:null
09-02 13:47:15.526 14359 14359 E Typeface: Error mapping font file /system/fonts/SamsungSans-Num4L.ttf
09-02 13:47:15.526 14359 14359 E Minikin : Could not get cmap table size!
09-02 13:47:15.526 14359 14359 E Typeface: Unable to load Family: samsung-sans-num4L:null
09-02 13:47:15.526 14359 14359 E Typeface: Error mapping font file /system/fonts/SamsungSans-Num4T.ttf
09-02 13:47:15.526 14359 14359 E Minikin : Could not get cmap table size!
09-02 13:47:15.526 14359 14359 E Typeface: Unable to load Family: samsung-sans-num4T:null
09-02 13:47:15.527 14359 14359 E Typeface: Error mapping font file /system/fonts/SamsungSans-Num35.ttf
09-02 13:47:15.527 14359 14359 E Minikin : Could not get cmap table size!
09-02 13:47:15.527 14359 14359 E Typeface: Unable to load Family: samsung-sans-num35:null
09-02 13:47:15.527 14359 14359 E Typeface: Error mapping font file /system/fonts/SamsungSans-Num45.ttf
09-02 13:47:15.527 14359 14359 E Minikin : Could not get cmap table size!
09-02 13:47:15.527 14359 14359 E Typeface: Unable to load Family: samsung-sans-num45:null
09-02 13:47:15.528 14359 14359 E Typeface: Error mapping font file /system/fonts/SamsungSans-Num3Lv.ttf
09-02 13:47:15.528 14359 14359 E Minikin : Could not get cmap table size!
09-02 13:47:15.528 14359 14359 E Typeface: Unable to load Family: samsung-sans-num3LV:null
09-02 13:47:15.528 14359 14359 E Typeface: Error mapping font file /system/fonts/SamsungSans-Num3R.ttf
09-02 13:47:15.528 14359 14359 E Minikin : Could not get cmap table size!
09-02 13:47:15.528 14359 14359 E Typeface: Unable to load Family: samsung-sans-num3R:null
09-02 13:47:15.528 14359 14359 E Typeface: Error mapping font file /system/fonts/SamsungSans-Num4Tv.ttf
09-02 13:47:15.528 14359 14359 E Minikin : Could not get cmap table size!
09-02 13:47:15.529 14359 14359 E Typeface: Unable to load Family: samsung-sans-num4Tv:null
09-02 13:47:15.529 14359 14359 E Typeface: Error mapping font file /system/fonts/SamsungSans-Num4Lv.ttf
09-02 13:47:15.529 14359 14359 E Minikin : Could not get cmap table size!
09-02 13:47:15.529 14359 14359 E Typeface: Unable to load Family: samsung-sans-num4Lv:null
09-02 13:47:15.535 14359 14359 I cr_ChildProcessService: Creating new ChildProcessService pid=14359
09-02 13:47:15.542 14359 14359 E WebViewFactory: can't load with relro file; address space not reserved
09-02 13:47:15.554 14359 14379 I cr_LibraryLoader: Successfully loaded native library
09-02 13:47:15.555 14359 14379 I cr_CachingUmaRecorder: Flushed 3 samples from 3 histograms.
09-02 13:47:15.570 14016 14316 I BatteryMgr:DataCollectionService: stats => 1693655235570,102,4251
09-02 13:47:15.635 14359 14379 I tflite  : Initialized TensorFlow Lite runtime.
09-02 13:47:15.676 14016 14316 I BatteryMgr:DataCollectionService: stats => 1693655235676,102,4251
09-02 13:47:15.781 14016 14316 I BatteryMgr:DataCollectionService: stats => 1693655235781,102,4251
09-02 13:47:15.816  3449  3449 I android.hardware.wifi@1.0-service: getLinkLayerStats
09-02 13:47:15.890 14016 14316 I BatteryMgr:DataCollectionService: stats => 1693655235890,102,4251
09-02 13:47:15.995 14016 14316 I BatteryMgr:DataCollectionService: stats => 1693655235995,102,4251
09-02 13:47:16.100 14016 14316 I BatteryMgr:DataCollectionService: stats => 1693655236100,102,4251
09-02 13:47:16.204 14016 14316 I BatteryMgr:DataCollectionService: stats => 1693655236204,102,4251
09-02 13:47:16.309 14016 14316 I BatteryMgr:DataCollectionService: stats => 1693655236309,102,4251
09-02 13:47:16.415 14016 14316 I BatteryMgr:DataCollectionService: stats => 1693655236414,102,4251
09-02 13:47:16.521 14016 14316 I BatteryMgr:DataCollectionService: stats => 1693655236520,102,4251
09-02 13:47:16.625 14016 14316 I BatteryMgr:DataCollectionService: stats => 1693655236625,102,4251
09-02 13:47:16.730 14016 14316 I BatteryMgr:DataCollectionService: stats => 1693655236729,102,4251
09-02 13:47:16.841 14016 14316 I BatteryMgr:DataCollectionService: stats => 1693655236841,102,4251
09-02 13:47:16.947 14016 14316 I BatteryMgr:DataCollectionService: stats => 1693655236947,102,4251
09-02 13:47:17.053 14016 14316 I BatteryMgr:DataCollectionService: stats => 1693655237053,102,4251
09-02 13:47:17.109  3979  5035 D ActivityManagerPerformance: Received MSG_DISABLE_ACT_START, r: ActivityRecord{2a2b63f u0 com.android.chrome/com.google.android.apps.chrome.Main t616}
09-02 13:47:17.110  3979  5035 D CustomFrequencyManagerService: acquireDVFSLockLocked : type : DVFS_MIN_LIMIT  frequency : 1560000  uid : 1000  pid : 3979  pkgName : AMS_RESUME_TAIL@CPU_MIN@14
09-02 13:47:17.110  3979  5035 D ActivityManagerPerformance: AMP_acquire() TAIL
09-02 13:47:17.111  3979  5035 D CustomFrequencyManagerService: releaseDVFSLockLocked : Getting Lock type frm List : DVFS_MIN_LIMIT  frequency : 1560000  uid : 1000  pid : 3979  tag : AMS_ACT_START@CPU_MIN@8
09-02 13:47:17.111  3979  5035 D ActivityManagerPerformance: AMP_release() ACT_START
09-02 13:47:17.160 14016 14316 I BatteryMgr:DataCollectionService: stats => 1693655237159,102,4251
09-02 13:47:17.227 14081 14081 E cr_BTSPrefs: No data found for task id: 56
09-02 13:47:17.228 14081 14081 E cr_BkgrdTaskScheduler: Task cannot be canceled because no data was found instorage or data was invalid
09-02 13:47:17.265 14016 14316 I BatteryMgr:DataCollectionService: stats => 1693655237265,102,4251
09-02 13:47:17.371 14016 14316 I BatteryMgr:DataCollectionService: stats => 1693655237371,102,4251
09-02 13:47:17.478 14016 14316 I BatteryMgr:DataCollectionService: stats => 1693655237477,102,4251
09-02 13:47:17.574  4962  4962 D io_stats: !@ 179,0 r 610501 18482648 w 415149 8894056 d 44565 19518036 f 111566 114143 iot 511724 430486 th 51200 0 0 pt 0 inp 0 0 45770.819
09-02 13:47:17.584 14016 14316 I BatteryMgr:DataCollectionService: stats => 1693655237584,102,4251
09-02 13:47:17.691 14016 14316 I BatteryMgr:DataCollectionService: stats => 1693655237691,102,4251
09-02 13:47:17.711  3979  3979 D CustomFrequencyManagerService: releaseDVFSLockLocked : Getting Lock type frm List : DVFS_MIN_LIMIT  frequency : 1560000  uid : 1000  pid : 3979  tag : AMS_RESUME_TAIL@CPU_MIN@14
09-02 13:47:17.798 14016 14316 I BatteryMgr:DataCollectionService: stats => 1693655237797,102,4251
09-02 13:47:17.905 14016 14316 I BatteryMgr:DataCollectionService: stats => 1693655237905,102,4251
09-02 13:47:18.015 14016 14316 I BatteryMgr:DataCollectionService: stats => 1693655238015,102,4251
09-02 13:47:18.125 14016 14316 I BatteryMgr:DataCollectionService: stats => 1693655238124,102,4251
09-02 13:47:18.236 14016 14316 I BatteryMgr:DataCollectionService: stats => 1693655238235,102,4251
09-02 13:47:18.345 14016 14316 I BatteryMgr:DataCollectionService: stats => 1693655238345,102,4251
09-02 13:47:18.456 14016 14316 I BatteryMgr:DataCollectionService: stats => 1693655238456,102,4251
09-02 13:47:18.562 14016 14316 I BatteryMgr:DataCollectionService: stats => 1693655238562,102,4251
09-02 13:47:18.586 14031 14031 E adbd    : recv: OPEN 0001f5b4 00000000 0029:73 68 65 6C 6C 2C 76 32 2C 54 45 52 4D 3D 78 74 65 72 6D 2D 32 35 36 63 6F 6C 6F 72 2C 72 61 77 3A 64 61 74 65 20 2D 75 00 
09-02 13:47:18.586 14031 14031 E adbd    : service_to_fd: shell,v2,TERM=xterm-256color,raw:date -u
09-02 13:47:18.657 14031 14031 E adbd    : recv: OPEN 0001f5b7 00000000 003e:73 68 65 6C 6C 2C 76 32 2C 54 45 52 4D 3D 78 74 65 72 6D 2D 32 35 36 63 6F 6C 6F 72 2C 72 61 77 3A 64 75 6D 70 73 79 73 20 63 70 75 69 6E 66 6F 20 7C 20 67 72 65 70 20 54 4F 54 41 4C 00 
09-02 13:47:18.658 14031 14031 E adbd    : service_to_fd: shell,v2,TERM=xterm-256color,raw:dumpsys cpuinfo | grep TOTAL
09-02 13:47:18.667 14016 14316 I BatteryMgr:DataCollectionService: stats => 1693655238667,102,4251
09-02 13:47:18.739 14031 14031 E adbd    : recv: OPEN 0001f5ba 00000000 003d:73 68 65 6C 6C 2C 76 32 2C 54 45 52 4D 3D 78 74 65 72 6D 2D 32 35 36 63 6F 6C 6F 72 2C 72 61 77 3A 64 75 6D 70 73 79 73 20 6D 65 6D 69 6E 66 6F 20 7C 20 67 72 65 70 20 55 73 65 64 00 
09-02 13:47:18.740 14031 14031 E adbd    : service_to_fd: shell,v2,TERM=xterm-256color,raw:dumpsys meminfo | grep Used
09-02 13:47:18.775 14016 14316 I BatteryMgr:DataCollectionService: stats => 1693655238775,102,4251
09-02 13:47:18.822  3449  3449 I android.hardware.wifi@1.0-service: getLinkLayerStats
09-02 13:47:18.879 14016 14316 I BatteryMgr:DataCollectionService: stats => 1693655238879,102,4251
09-02 13:47:18.987 14016 14316 I BatteryMgr:DataCollectionService: stats => 1693655238986,102,4251
09-02 13:47:19.095 14016 14316 I BatteryMgr:DataCollectionService: stats => 1693655239094,34,4251
09-02 13:47:19.200 14016 14316 I BatteryMgr:DataCollectionService: stats => 1693655239200,34,4251
09-02 13:47:19.309 14016 14316 I BatteryMgr:DataCollectionService: stats => 1693655239309,34,4251
09-02 13:47:19.414 14016 14316 I BatteryMgr:DataCollectionService: stats => 1693655239414,34,4251
09-02 13:47:19.524 14016 14316 I BatteryMgr:DataCollectionService: stats => 1693655239524,34,4251
09-02 13:47:19.583  3979  4522 D BatteryService: !@BatteryListener : batteryPropertiesChanged!
09-02 13:47:19.630 14016 14316 I BatteryMgr:DataCollectionService: stats => 1693655239630,34,4251
09-02 13:47:19.734 14016 14316 I BatteryMgr:DataCollectionService: stats => 1693655239734,34,4251
09-02 13:47:19.845 14016 14316 I BatteryMgr:DataCollectionService: stats => 1693655239844,34,4251
09-02 13:47:19.918  3979  3989 D ConnectivityService: filterNetworkStateForUid() uid: 10025 networkInfo: [type: WIFI[] - WIFI, state: CONNECTED/CONNECTED, reason: (unspecified), extra: "WiFi 69", failover: false, available: true, roaming: false, metered: false]
09-02 13:47:19.922 14081 14081 I cr_InstantAppsHandler: Not handling with Instant Apps because Chrome is not default or there's a specialized handler
09-02 13:47:19.955 14016 14316 I BatteryMgr:DataCollectionService: stats => 1693655239955,34,4251
09-02 13:47:20.026  3979  4051 D SensorService: [SO] 0.129 -0.373 9.850
09-02 13:47:20.060 14016 14316 I BatteryMgr:DataCollectionService: stats => 1693655240060,34,4251
09-02 13:47:20.165 14016 14316 I BatteryMgr:DataCollectionService: stats => 1693655240165,34,4251
09-02 13:47:20.173 14031 14031 E adbd    : recv: OPEN 0001f5bd 00000000 0042:73 68 65 6C 6C 2C 76 32 2C 54 45 52 4D 3D 78 74 65 72 6D 2D 32 35 36 63 6F 6C 6F 72 2C 72 61 77 3A 67 65 74 70 72 6F 70 20 72 6F 2E 62 75 69 6C 64 2E 76 65 72 73 69 6F 6E 2E 72 65 6C 65 61 73 65 00 
09-02 13:47:20.173 14031 14031 E adbd    : service_to_fd: shell,v2,TERM=xterm-256color,raw:getprop ro.build.version.release
09-02 13:47:20.203 22051 22051 D BoundBrokerSvc: onBind: Intent { act=com.google.android.gms.common.BIND_SHARED_PREFS pkg=com.google.android.gms }
09-02 13:47:20.203 22051 22051 D BoundBrokerSvc: Loading bound service for intent: Intent { act=com.google.android.gms.common.BIND_SHARED_PREFS pkg=com.google.android.gms }
09-02 13:47:20.216 22051 22051 D BoundBrokerSvc: onUnbind: Intent { act=com.google.android.gms.common.BIND_SHARED_PREFS pkg=com.google.android.gms }
09-02 13:47:20.253 14031 14031 E adbd    : recv: OPEN 0001f5c0 00000000 003e:73 68 65 6C 6C 2C 76 32 2C 54 45 52 4D 3D 78 74 65 72 6D 2D 32 35 36 63 6F 6C 6F 72 2C 72 61 77 3A 67 65 74 70 72 6F 70 20 72 6F 2E 62 75 69 6C 64 2E 76 65 72 73 69 6F 6E 2E 73 64 6B 00 
09-02 13:47:20.253 14031 14031 E adbd    : service_to_fd: shell,v2,TERM=xterm-256color,raw:getprop ro.build.version.sdk
09-02 13:47:20.270 14016 14316 I BatteryMgr:DataCollectionService: stats => 1693655240270,34,4251
09-02 13:47:20.322 14031 14031 E adbd    : recv: OPEN 0001f5c3 00000000 0042:73 68 65 6C 6C 2C 76 32 2C 54 45 52 4D 3D 78 74 65 72 6D 2D 32 35 36 63 6F 6C 6F 72 2C 72 61 77 3A 67 65 74 70 72 6F 70 20 72 6F 2E 62 75 69 6C 64 2E 76 65 72 73 69 6F 6E 2E 72 65 6C 65 61 73 65 00 
09-02 13:47:20.322 14031 14031 E adbd    : service_to_fd: shell,v2,TERM=xterm-256color,raw:getprop ro.build.version.release
09-02 13:47:20.376 14016 14316 I BatteryMgr:DataCollectionService: stats => 1693655240375,34,4251
09-02 13:47:20.376 14016 14021 I zygote64: Do partial code cache collection, code=60KB, data=44KB
09-02 13:47:20.376 14016 14021 I zygote64: After code cache collection, code=60KB, data=44KB
09-02 13:47:20.376 14016 14021 I zygote64: Increasing code cache capacity to 256KB
09-02 13:47:20.386 14031 14031 E adbd    : recv: OPEN 0001f5c6 00000000 003e:73 68 65 6C 6C 2C 76 32 2C 54 45 52 4D 3D 78 74 65 72 6D 2D 32 35 36 63 6F 6C 6F 72 2C 72 61 77 3A 67 65 74 70 72 6F 70 20 72 6F 2E 62 75 69 6C 64 2E 76 65 72 73 69 6F 6E 2E 73 64 6B 00 
09-02 13:47:20.386 14031 14031 E adbd    : service_to_fd: shell,v2,TERM=xterm-256color,raw:getprop ro.build.version.sdk
09-02 13:47:20.401  3979  4522 V WindowManager: Relayout Window{c46faf7 u0 com.android.chrome/com.google.android.apps.chrome.Main}: viewVisibility=0 req=720x1280 WM.LayoutParams{(0,0)(fillxfill) sim=#13 ty=1 fl=#81810100 pfl=0x20000 fmt=-3 wanim=0x10302fd vsysui=0x600 sysuil=true needsMenuKey=2 colorMode=0 naviIconColor=0}
09-02 13:47:20.403  3979  3996 D WindowManager: set systemUiVisibility : systemUiFlags= 0x608 fullscreenStackSysUiFlags= 0x0
09-02 13:47:20.407 14081 14081 D ViewRootImpl@aaa9410[Main]: Relayout returned: old=[0,0][720,1280] new=[0,0][720,1280] result=0x1 surface={valid=true 3318347776} changed=false
09-02 13:47:20.407  3979  3989 D WindowManager: adjustSystemUiVisibilityLw : vis= 0x608
09-02 13:47:20.455 14031 14031 E adbd    : recv: OPEN 0001f5c9 00000000 008c:73 68 65 6C 6C 2C 76 32 2C 54 45 52 4D 3D 78 74 65 72 6D 2D 32 35 36 63 6F 6C 6F 72 2C 72 61 77 3A 61 6D 20 73 74 6F 70 73 65 72 76 69 63 65 20 63 6F 6D 2E 65 78 61 6D 70 6C 65 2E 62 61 74 74 65 72 79 6D 61 6E 61 67 65 72 5F 75 74 69 6C 69 74 79 2F 63 6F 6D 2E 65 78 61 6D 70 6C 65 2E 62 61 74 74 65 72 79 6D 61 6E 61 67 65 72 5F 75 74 69 6C 69 74 79 2E 44 61 74 61 43 6F 6C 6C 65 63 74 69 6F 6E 53 65 72 76 69 63 65 00 
09-02 13:47:20.455 14031 14031 E adbd    : service_to_fd: shell,v2,TERM=xterm-256color,raw:am stopservice com.example.batterymanager_utility/com.example.batterymanager_utility.DataCollectionService
09-02 13:47:20.481 14016 14316 I BatteryMgr:DataCollectionService: stats => 1693655240481,34,4251
09-02 13:47:20.525  3979  3979 I EasyMuteController: UnRegister failed. no registered
09-02 13:47:20.526  3979  3979 D LightsService: [api] [SvcLED] turnOff:: id = 4 (uid: 1000 pid: 3979) 
09-02 13:47:20.526  3979  3979 D LightsService: [api] [SvcLED] LED indicator : Not supported.
09-02 13:47:20.527  3979  5983 D Notification: allPendingIntents
09-02 13:47:20.528  3979  5983 I chatty  : uid=1000(system) Binder:3979_17 identical 1 line
09-02 13:47:20.528  3979  3979 D LightsService: [api] [SvcLED] turnOff:: id = 4 (uid: 1000 pid: 3979) 
09-02 13:47:20.528  3979  3979 D LightsService: [api] [SvcLED] LED indicator : Not supported.
09-02 13:47:20.530  3979  5983 D Notification: allPendingIntents
09-02 13:47:20.532  3979  3989 D Notification: allPendingIntents
09-02 13:47:20.566 14031 14031 E adbd    : recv: OPEN 0001f5cc 00000000 0042:73 68 65 6C 6C 2C 76 32 2C 54 45 52 4D 3D 78 74 65 72 6D 2D 32 35 36 63 6F 6C 6F 72 2C 72 61 77 3A 67 65 74 70 72 6F 70 20 72 6F 2E 62 75 69 6C 64 2E 76 65 72 73 69 6F 6E 2E 72 65 6C 65 61 73 65 00 
09-02 13:47:20.566 14031 14031 E adbd    : service_to_fd: shell,v2,TERM=xterm-256color,raw:getprop ro.build.version.release
09-02 13:47:20.568  4349  4349 D KeyguardUpdateMonitor: handleStatusBarState( false )
09-02 13:47:20.573  4349  4349 D KeyguardUpdateMonitor: handleStatusBarState( false )
09-02 13:47:20.631 14031 14031 E adbd    : recv: OPEN 0001f5cf 00000000 003e:73 68 65 6C 6C 2C 76 32 2C 54 45 52 4D 3D 78 74 65 72 6D 2D 32 35 36 63 6F 6C 6F 72 2C 72 61 77 3A 67 65 74 70 72 6F 70 20 72 6F 2E 62 75 69 6C 64 2E 76 65 72 73 69 6F 6E 2E 73 64 6B 00 
09-02 13:47:20.631 14031 14031 E adbd    : service_to_fd: shell,v2,TERM=xterm-256color,raw:getprop ro.build.version.sdk
09-02 13:47:20.704 14031 14031 E adbd    : recv: OPEN 0001f5d2 00000000 0076:73 68 65 6C 6C 2C 76 32 2C 54 45 52 4D 3D 78 74 65 72 6D 2D 32 35 36 63 6F 6C 6F 72 2C 72 61 77 3A 64 75 6D 70 73 79 73 20 61 63 74 69 76 69 74 79 20 72 65 63 65 6E 74 73 20 7C 20 67 72 65 70 20 22 52 65 63 65 6E 74 20 23 30 22 20 7C 20 63 75 74 20 2D 64 20 22 3D 22 20 2D 66 32 20 7C 20 67 72 65 70 20 2D 6F 20 2D 70 20 22 5B 61 2D 7A 7C 2E 5D 2A 22 00 
09-02 13:47:20.704 14031 14031 E adbd    : service_to_fd: shell,v2,TERM=xterm-256color,raw:dumpsys activity recents | grep "Recent #0" | cut -d "=" -f2 | grep -o -p "[a-z|.]*"
09-02 13:47:20.782 14031 14031 E adbd    : recv: OPEN 0001f5d5 00000000 0042:73 68 65 6C 6C 2C 76 32 2C 54 45 52 4D 3D 78 74 65 72 6D 2D 32 35 36 63 6F 6C 6F 72 2C 72 61 77 3A 67 65 74 70 72 6F 70 20 72 6F 2E 62 75 69 6C 64 2E 76 65 72 73 69 6F 6E 2E 72 65 6C 65 61 73 65 00 
09-02 13:47:20.782 14031 14031 E adbd    : service_to_fd: shell,v2,TERM=xterm-256color,raw:getprop ro.build.version.release
09-02 13:47:20.843 14031 14031 E adbd    : recv: OPEN 0001f5d8 00000000 003e:73 68 65 6C 6C 2C 76 32 2C 54 45 52 4D 3D 78 74 65 72 6D 2D 32 35 36 63 6F 6C 6F 72 2C 72 61 77 3A 67 65 74 70 72 6F 70 20 72 6F 2E 62 75 69 6C 64 2E 76 65 72 73 69 6F 6E 2E 73 64 6B 00 
09-02 13:47:20.843 14031 14031 E adbd    : service_to_fd: shell,v2,TERM=xterm-256color,raw:getprop ro.build.version.sdk
09-02 13:47:20.928 14031 14031 E adbd    : recv: OPEN 0001f5db 00000000 0042:73 68 65 6C 6C 2C 76 32 2C 54 45 52 4D 3D 78 74 65 72 6D 2D 32 35 36 63 6F 6C 6F 72 2C 72 61 77 3A 61 6D 20 66 6F 72 63 65 2D 73 74 6F 70 20 63 6F 6D 2E 61 6E 64 72 6F 69 64 2E 63 68 72 6F 6D 65 00 
09-02 13:47:20.928 14031 14031 E adbd    : service_to_fd: shell,v2,TERM=xterm-256color,raw:am force-stop com.android.chrome
09-02 13:47:20.997  3979  3989 I ActivityManager: Force stopping com.android.chrome appid=10096 user=0: from pid 14443
09-02 13:47:20.997  3979  3989 I ActivityManager: Killing 14195:com.android.chrome:privileged_process0/u0a96 (adj 0): stop com.android.chrome,from pid 14443
09-02 13:47:20.998  3979  3989 W ActivityManager: Scheduling restart of crashed service com.android.chrome/org.chromium.content.app.PrivilegedProcessService0 in 1000ms
09-02 13:47:21.002  3979  3989 I ActivityManager: Killing 14081:com.android.chrome/u0a96 (adj 0): stop com.android.chrome,from pid 14443
09-02 13:47:21.005 22051 22051 D BoundBrokerSvc: onUnbind: Intent { act=com.google.android.gms.languageprofile.service.START pkg=com.google.android.gms }
09-02 13:47:21.006 22051 22051 D BoundBrokerSvc: onUnbind: Intent { act=com.google.android.gms.auth.key.retrieval.service.START dat=chimera-action: cmp=com.google.android.gms/.chimera.GmsApiService }
09-02 13:47:21.007 22051 22051 D BoundBrokerSvc: onUnbind: Intent { act=com.google.android.gms.safetynet.service.START pkg=com.google.android.gms }
09-02 13:47:21.007  3979  3989 I ActivityManager: Killing 14359:com.android.chrome:sandboxed_process1/u0a96i228 (adj 0): isolated not needed
09-02 13:47:21.010 14127 14127 I cr_ChildProcessService: Destroying ChildProcessService pid=14127
09-02 13:47:21.011  3979  3989 W ActivityManager: Force removing ActivityRecord{bd3ae4b u0 com.android.chrome/com.google.android.apps.chrome.Main t616}: app died, no saved state
09-02 13:47:21.012 14127 14127 I /system/bin/webview_zygote32: System.exit called, status: 0
09-02 13:47:21.012 14127 14127 I AndroidRuntime: VM exiting with result code 0, cleanup skipped.
09-02 13:47:21.016  3979  3989 D InputDispatcher: Focus left window: 14081
09-02 13:47:21.017  3979  3989 I WindowManager: Failed to capture screenshot of Token{13e4028 ActivityRecord{bd3ae4b u0 com.android.chrome/com.google.android.apps.chrome.Main t616 f}} appWin=Window{c46faf7 u0 com.android.chrome/com.google.android.apps.chrome.Main} drawState=4
09-02 13:47:21.018  3979  3989 I WindowManager: Destroying surface Surface(name=com.android.chrome/com.google.android.apps.chrome.Main) called by com.android.server.wm.WindowStateAnimator.destroySurface:2501 com.android.server.wm.WindowStateAnimator.destroySurfaceLocked:985 com.android.server.wm.WindowState.removeImmediately:2404 com.android.server.wm.WindowState.removeIfPossible:2603 com.android.server.wm.WindowState.removeIfPossible:2433 com.android.server.wm.WindowToken.removeAllWindowsIfPossible:143 com.android.server.wm.AppWindowToken.removeIfPossible:606 com.android.server.wm.AppWindowToken.onRemovedFromDisplay:674 
09-02 13:47:21.019  3462  4087 I SurfaceFlinger: id=2169 Removed com.android.chrome/com.google.android.apps.chrome.Main#0 (2/4)
09-02 13:47:21.019  3462  4087 I SurfaceFlinger: id=2169 Removed com.android.chrome/com.google.android.apps.chrome.Main#0 (-2/4)
09-02 13:47:21.023  3979  3989 D InputDispatcher: Focused application released
09-02 13:47:21.028  3979  3989 D CustomFrequencyManagerService: acquireDVFSLockLocked : type : DVFS_MIN_LIMIT  frequency : 1560000  uid : 1000  pid : 3979  pkgName : AMS_ACT_RESUME@CPU_MIN@70
09-02 13:47:21.028  3979  3989 D ActivityManagerPerformance: AMP_acquire() ACT_RESUME
09-02 13:47:21.030  3979  3989 D PersonaManagerService: Current focused persona service handled id set to : 0
09-02 13:47:21.030  3979  3989 D InputDispatcher: Focused application set to: xxxx
09-02 13:47:21.032  3979  3989 I ActivityManager: Killing 14127:com.android.chrome:sandboxed_process0/u0a96i227 (adj 0): isolated not needed
09-02 13:47:21.032  3462  3462 I Layer   : id=2169 onRemoved com.android.chrome/com.google.android.apps.chrome.Main#0 
09-02 13:47:21.034  3462  3462 I Layer   : id=2171 onRemoved Background for - SurfaceView - com.android.chrome/com.google.android.apps.chrome.Main@af20ddf@0#0 
09-02 13:47:21.034  3462  3462 I Layer   : id=2170 onRemoved SurfaceView - com.android.chrome/com.google.android.apps.chrome.Main@af20ddf@0#0 
09-02 13:47:21.034  3979  4238 D GameManagerService: handleForegroundChange(). pkgName: com.example.batterymanager_utility, clsName: com.example.batterymanager_utility.MainActivity,FgActivityName:com.example.batterymanager_utility/.MainActivity
09-02 13:47:21.035  3979  3989 D MARsPolicyManager: onPackageResumedFG pkgName = com.example.batterymanager_utility, userId = 0
09-02 13:47:21.035  3979  4238 D GameManagerService: sem_perfomance_mode: 3
09-02 13:47:21.035  3979  4238 D GameManagerService: notifyResumePause(). pkg: com.example.batterymanager_utility, type: 4, isMinimized: false, isTunableApp: false
09-02 13:47:21.035  3979  4238 D GameManagerService:   notifyResumePause(). unexpected mPrevNotiType: -1
09-02 13:47:21.036  3979  5979 V WindowManager: Relayout Window{fa3bf37 u0 com.example.batterymanager_utility/com.example.batterymanager_utility.MainActivity}: viewVisibility=4 req=720x1280 WM.LayoutParams{(0,0)(fillxfill) sim=#120 ty=1 fl=#81810100 pfl=0x20000 wanim=0x10302fd vsysui=0x600 needsMenuKey=2 colorMode=0 naviIconColor=0}
09-02 13:47:21.038  3462  3462 I SurfaceFlinger: Display 0 HWC layers:
09-02 13:47:21.038  3462  3462 I SurfaceFlinger:     type    |    handle    | flag |  format   |   source crop (l,t,r,b)    |         frame       | name 
09-02 13:47:21.038  3462  3462 I SurfaceFlinger: ------------+--------------+------+-----------+----------------------------+---------------------+------
09-02 13:47:21.038  3462  3462 I SurfaceFlinger:      Device | 0x7ac4c25140 | 0000 | RGBA_8888 |   0.0    0.0  720.0   42.0 |    0    0  720   42 | StatusBar#0
09-02 13:47:21.038  3462  3462 I SurfaceFlinger: 
09-02 13:47:21.043 14016 14016 D ViewRootImpl@110cd72[MainActivity]: Relayout returned: old=[0,0][720,1280] new=[0,0][720,1280] result=0x1 surface={valid=false 0} changed=false
09-02 13:47:21.049  3979  3979 D SamsungAlarmManager: Remove alarm for next reason : android.intent.action.PACKAGE_RESTARTED : package: com.android.chrome
09-02 13:47:21.055  3979  3995 W BroadcastQueue: Background execution not allowed: receiving Intent { act=android.intent.action.PACKAGE_RESTARTED dat=package:com.android.chrome flg=0x10 (has extras) } to android/com.kddi.android.CpaNotiReceiver
09-02 13:47:21.055  4633  4633 D CarrierSvcBindHelper: No carrier app for: 0
09-02 13:47:21.056  3979  3995 W BroadcastQueue: Background execution not allowed: receiving Intent { act=android.intent.action.PACKAGE_RESTARTED dat=package:com.android.chrome flg=0x10 (has extras) } to com.sec.android.daemonapp/com.samsung.android.weather.daemon.receiver.ClearDataReceiver
09-02 13:47:21.057  4633  4633 D CarrierSvcBindHelper: No carrier app for: 1
09-02 13:47:21.064  3979  3989 D ActivityManager: post active user change for 0 fullscreen true isHomeActivity() false
09-02 13:47:21.064  3979  6899 D GamePkgDataHelper: getGamePkgDataIncServer(). com.example.batterymanager_utility
09-02 13:47:21.065  3979  6899 D GameManagerService: identifyGamePackage. com.example.batterymanager_utility
09-02 13:47:21.065  3979  6899 D GamePkgDataHelper: getGamePkgData(). com.example.batterymanager_utility
09-02 13:47:21.065  3979  6899 D GameManagerService: identifyGamePackage. com.example.batterymanager_utility
09-02 13:47:21.066  3979  6899 D GamePkgDataHelper: getGamePkgData(). com.example.batterymanager_utility
09-02 13:47:21.066  3979  6899 D GamePkgDataHelper: getSosPolicy(). com.example.batterymanager_utility
09-02 13:47:21.068  3979  3989 V WindowManager: Relayout Window{fa3bf37 u0 com.example.batterymanager_utility/com.example.batterymanager_utility.MainActivity}: viewVisibility=0 req=720x1280 WM.LayoutParams{(0,0)(fillxfill) sim=#120 ty=1 fl=#81810100 pfl=0x20000 wanim=0x10302fd vsysui=0x600 needsMenuKey=2 colorMode=0 naviIconColor=0}
09-02 13:47:21.069  3462  3462 I SurfaceFlinger: id=2172 createSurf (720x1280),1 flag=404, com.example.batterymanager_utility/com.example.batterymanager_utility.MainActivity#0
09-02 13:47:21.070  3979  3989 V Surface : sf_framedrop debug : 0x4f4c, game : false, logging : 0
09-02 13:47:21.070  3979  3996 D WindowManager: set systemUiVisibility : systemUiFlags= 0x608 fullscreenStackSysUiFlags= 0x0
09-02 13:47:21.072  3979  6899 D GameManagerService: identifyGamePackage. com.example.batterymanager_utility
09-02 13:47:21.072  3979  6899 D GamePkgDataHelper: getGamePkgData(). com.example.batterymanager_utility
09-02 13:47:21.074  3979  3989 D InputDispatcher: Focus entered window: 14016
09-02 13:47:21.074  3979  3979 D SamsungAlarmManager: setInexact Listener (T:2/F:0/AC:false) 20230902T135220 - CU:1000/CP:3979
09-02 13:47:21.075  3979  6899 D GameManagerService: identifyGamePackage. com.example.batterymanager_utility
09-02 13:47:21.075  3979  6899 D GamePkgDataHelper: getGamePkgData(). com.example.batterymanager_utility
09-02 13:47:21.076 14016 14016 V Surface : sf_framedrop debug : 0x4f4c, game : false, logging : 0
09-02 13:47:21.076  3979  3979 D SamsungAlarmManager: setInexact Listener (T:2/F:0/AC:false) 20230902T141206 - CU:1000/CP:3979
09-02 13:47:21.077 14016 14016 D ViewRootImpl@110cd72[MainActivity]: Relayout returned: old=[0,0][720,1280] new=[0,0][720,1280] result=0x7 surface={valid=true 536210669568} changed=true
09-02 13:47:21.081 14016 14036 D mali_winsys: EGLint new_window_surface(egl_winsys_display *, void *, EGLSurface, EGLConfig, egl_winsys_surface **, egl_color_buffer_format *, EGLBoolean) returns 0x3000,  [720x1280]-format:1
09-02 13:47:21.081 14016 14036 D OpenGLRenderer: eglCreateWindowSurface = 0x7cc1bf05c0
09-02 13:47:21.083 14016 14016 D ViewRootImpl@110cd72[MainActivity]: MSG_WINDOW_FOCUS_CHANGED 1
09-02 13:47:21.085 14016 14016 V InputMethodManager: Starting input: tba=android.view.inputmethod.EditorInfo@753c22d nm : com.example.batterymanager_utility ic=null
09-02 13:47:21.085 14016 14016 I InputMethodManager: startInputInner - mService.startInputOrWindowGainedFocus
09-02 13:47:21.086  3979  3989 D InputMethodManagerService: startInputOrWindowGainedFocus : windowGainedFocus 
09-02 13:47:21.086  3979  3989 D InputMethodManagerService: windowGainedFocus: destinationUserId (getCallingUid) = 0
09-02 13:47:21.086  3979  3989 D InputMethodManagerService: windowGainedFocus: currentUserId=0
09-02 13:47:21.086  3979  3989 D InputMethodManagerService: windowGainedFocus: mCurrentFocusedUserId=0
09-02 13:47:21.086  3979  3989 D InputMethodManagerService: windowGainedFocus : lock - currentUserId = 0 destinationUserId = 0
09-02 13:47:21.086  3979  3989 D InputMethodManagerService: windowGainedFocus : mCurrentFocusedUserId - 0 and mSecureKeypadEnabled - false, userSwitched - false
09-02 13:47:21.086  3979  3989 V InputMethodManagerService: windowGainedFocus : reason=WINDOW_FOCUS_GAIN client=android.os.BinderProxy@b7db1d1 inputContext=null missingMethods= attribute=android.view.inputmethod.EditorInfo@3ae39d4 nm = com.example.batterymanager_utility controlFlags=#105 softInputMode=#120 windowFlags=#81810100
09-02 13:47:21.086  3979  3989 V InputMethodManagerService: hideCurrentInputLocked : shouldHideSoftInput is false
09-02 13:47:21.087  3979  3989 W InputMethodManagerService: Got RemoteException sending setActive(false) notification to pid 14081 uid 10096
09-02 13:47:21.087  3979  3989 D InputMethodManagerService: isImeSwitcherDisabledPackage : false
09-02 13:47:21.087  3979  3989 D InputMethodManagerService: setCurrentInputInfo - inputContext : null eidtorInfo : android.view.inputmethod.EditorInfo@3ae39d4 missingMethods : 0
09-02 13:47:21.088  4336  4336 I InputMethodWrapper:  call dispatchStartInputWithToken
09-02 13:47:21.088  4336  4336 I InputMethodService: dispatchStartInputWithToken
09-02 13:47:21.088  4336  4336 I SKBD    : SamsungKeypad [IMI] onStartInput - caller pid : 14016, caller uid : 10157
09-02 13:47:21.116  3979  3989 D ConnectivityService: ConnectivityService NetworkRequestInfo binderDied(NetworkRequest [ LISTEN id=771, [ Capabilities: INTERNET&NOT_RESTRICTED&TRUSTED&FOREGROUND] ], android.os.BinderProxy@5435672)
09-02 13:47:21.116  3979  4673 D ConnectivityService: ConnectivityService NetworkRequestInfo binderDied(NetworkRequest [ LISTEN id=772, [ Capabilities: INTERNET&NOT_RESTRICTED&TRUSTED&FOREGROUND] ], android.os.BinderProxy@2ebac3)
09-02 13:47:21.116  3979  4004 W ActivityManager: setHasOverlayUi called on unknown pid: 14081
09-02 13:47:21.116  3979  4180 D ConnectivityService: releasing NetworkRequest [ LISTEN id=771, [ Capabilities: INTERNET&NOT_RESTRICTED&TRUSTED&FOREGROUND] ] (CALLBACK_RELEASED)
09-02 13:47:21.117  4336  4336 D InputEventReceiver: channel 'ClientState{5dfe4fc uid 10096 pid 14081} (client)' ~ Disposing input event receiver.
09-02 13:47:21.117  4336  4336 D InputEventReceiver: channel 'ClientState{5dfe4fc uid 10096 pid 14081} (client)' ~NativeInputEventReceiver.
09-02 13:47:21.117  3979 10236 D ConnectivityService: ConnectivityService NetworkRequestInfo binderDied(NetworkRequest [ LISTEN id=773, [ Capabilities: INTERNET&NOT_RESTRICTED&TRUSTED&FOREGROUND] ], android.os.BinderProxy@69f1f40)
09-02 13:47:21.119  3979  4180 D ConnectivityService: sending notification RELEASED for NetworkRequest [ LISTEN id=771, [ Capabilities: INTERNET&NOT_RESTRICTED&TRUSTED&FOREGROUND] ]
09-02 13:47:21.120  3979  4180 E ConnectivityService: RemoteException caught trying to send a callback msg for NetworkRequest [ LISTEN id=771, [ Capabilities: INTERNET&NOT_RESTRICTED&TRUSTED&FOREGROUND] ]
09-02 13:47:21.120  3979  4180 D ConnectivityService: releasing NetworkRequest [ LISTEN id=772, [ Capabilities: INTERNET&NOT_RESTRICTED&TRUSTED&FOREGROUND] ] (CALLBACK_RELEASED)
09-02 13:47:21.120  3979  4522 V WindowManager: finishDrawingLocked: mDrawState=COMMIT_DRAW_PENDING Window{fa3bf37 u0 com.example.batterymanager_utility/com.example.batterymanager_utility.MainActivity} in Surface(name=com.example.batterymanager_utility/com.example.batterymanager_utility.MainActivity)
09-02 13:47:21.120  3979  4180 D ConnectivityService: sending notification RELEASED for NetworkRequest [ LISTEN id=772, [ Capabilities: INTERNET&NOT_RESTRICTED&TRUSTED&FOREGROUND] ]
09-02 13:47:21.121  3979  4180 E ConnectivityService: RemoteException caught trying to send a callback msg for NetworkRequest [ LISTEN id=772, [ Capabilities: INTERNET&NOT_RESTRICTED&TRUSTED&FOREGROUND] ]
09-02 13:47:21.121  3979  4180 D ConnectivityService: releasing NetworkRequest [ LISTEN id=773, [ Capabilities: INTERNET&NOT_RESTRICTED&TRUSTED&FOREGROUND] ] (CALLBACK_RELEASED)
09-02 13:47:21.121  4349  4858 D SystemServicesProxy: updateOverviewLastStackActiveTimeAsync: newTime=1693559943942
09-02 13:47:21.122  3979  4180 D ConnectivityService: sending notification RELEASED for NetworkRequest [ LISTEN id=773, [ Capabilities: INTERNET&NOT_RESTRICTED&TRUSTED&FOREGROUND] ]
09-02 13:47:21.122  3979  5979 D SecContentProvider: query(), uri = 17 selection = isSettingsChangesAllowed
