--------- beginning of system
09-02 13:50:07.748  4962  4962 D io_stats: !@ 179,0 r 610596 18486268 w 416250 8934568 d 44668 19528756 f 111706 114289 iot 512620 431256 th 51200 0 0 pt 0 inp 0 0 45940.993
--------- beginning of main
09-02 13:50:07.816 14031 14031 E adbd    : recv: OPEN 0001f6a7 00000000 009b:73 68 65 6C 6C 2C 76 32 2C 54 45 52 4D 3D 78 74 65 72 6D 2D 32 35 36 63 6F 6C 6F 72 2C 72 61 77 3A 61 6D 20 73 74 61 72 74 20 2D 53 20 2D 61 20 61 6E 64 72 6F 69 64 2E 69 6E 74 65 6E 74 2E 61 63 74 69 6F 6E 2E 56 49 45 57 20 2D 6E 20 63 6F 6D 2E 61 6E 64 72 6F 69 64 2E 63 68 72 6F 6D 65 2F 63 6F 6D 2E 67 6F 6F 67 6C 65 2E 61 6E 64 72 6F 69 64 2E 61 70 70 73 2E 63 68 72 6F 6D 65 2E 4D 61 69 6E 20 2D 2D 61 63 74 69 76 69 74 79 2D 63 6C 65 61 72 2D 74 61 73 6B 00 
09-02 13:50:07.816 14031 14031 E adbd    : service_to_fd: shell,v2,TERM=xterm-256color,raw:am start -S -a android.intent.action.VIEW -n com.android.chrome/com.google.android.apps.chrome.Main --activity-clear-task
09-02 13:50:07.893  3979  5979 I ActivityManager: Force stopping com.android.chrome appid=10096 user=0: from pid 14951
09-02 13:50:07.900  3979  3979 D SamsungAlarmManager: Remove alarm for next reason : android.intent.action.PACKAGE_RESTARTED : package: com.android.chrome
09-02 13:50:07.907  3979  3995 W BroadcastQueue: Background execution not allowed: receiving Intent { act=android.intent.action.PACKAGE_RESTARTED dat=package:com.android.chrome flg=0x10 (has extras) } to android/com.kddi.android.CpaNotiReceiver
09-02 13:50:07.908  3979  3995 W BroadcastQueue: Background execution not allowed: receiving Intent { act=android.intent.action.PACKAGE_RESTARTED dat=package:com.android.chrome flg=0x10 (has extras) } to com.sec.android.daemonapp/com.samsung.android.weather.daemon.receiver.ClearDataReceiver
09-02 13:50:07.909  4633  4633 D CarrierSvcBindHelper: No carrier app for: 0
09-02 13:50:07.911  4633  4633 D CarrierSvcBindHelper: No carrier app for: 1
09-02 13:50:07.952  3449  3449 I android.hardware.wifi@1.0-service: getLinkLayerStats
09-02 13:50:08.159  3979  5979 I ActivityManager: START u0 {act=android.intent.action.VIEW typ=null flg=0x10008000 cmp=ComponentInfo{com.android.chrome/com.google.android.apps.chrome.Main}} from uid 2000
09-02 13:50:08.163  3979  5979 D CustomFrequencyManagerService: acquireDVFSLockLocked : type : DVFS_MIN_LIMIT  frequency : 1560000  uid : 1000  pid : 3979  pkgName : AMS_APP_SWITCH@CPU_MIN@23
09-02 13:50:08.168  3979  5979 D ActivityManagerPerformance: AMP_acquire() APP_SWITCH
09-02 13:50:08.168  3979  5035 D ActivityManagerPerformance: Received MSG_CFMS_HINT_AMS_SWITCH pkgName: com.android.chrome
09-02 13:50:08.174  3979  4046 E ResourceType: Style contains key with bad entry: 0x0101062c
09-02 13:50:08.176  3979  4046 E ResourceType: Style contains key with bad entry: 0x0101062c
09-02 13:50:08.179  3979  5979 D ActivityManager: isScaleDownAnimationEnabled() : false
09-02 13:50:08.180  3979  5979 D StorageManagerService: getExternalStorageMountMode : 1
09-02 13:50:08.181  3979  5979 D StorageManagerService: getExternalStorageMountMode : 3
09-02 13:50:08.181  3979  5979 D StorageManagerService: getExternalStorageMountMode : final mountMode=1, uid : 10096, packageName : com.android.chrome
09-02 13:50:08.182  3979  5979 I ApplicationPolicy: isApplicationExternalStorageWhitelisted:com.android.chrome user:0
09-02 13:50:08.182  3979  5979 D ApplicationPolicy: isApplicationExternalStorageWhitelisted: DO is not enabled on user 0. Allowed.
09-02 13:50:08.182  3979  5979 D ActivityManager: package  com.android.chrome, user - 0 is SDcard whitelisted
09-02 13:50:08.182  3979  5979 I ApplicationPolicy: isApplicationExternalStorageBlacklisted:com.android.chrome user:0
09-02 13:50:08.182  3979  5979 D ApplicationPolicy: isApplicationExternalStorageBlacklisted: DO is not enabled on user 0. Allowed.
09-02 13:50:08.186  3979  4046 D ViewRootImpl@38c59a7[chrome]: setView = DecorView@951fd[chrome] TM=true MM=false
09-02 13:50:08.193  3979  5979 I ActivityManager: Start proc 14953:com.android.chrome/u0a96 for activity com.android.chrome/com.google.android.apps.chrome.Main
09-02 13:50:08.193 14953 14953 E Zygote  : isWhitelistProcess - Process is Whitelisted
09-02 13:50:08.194 14953 14953 E libpersona: scanKnoxPersonas
09-02 13:50:08.194 14953 14953 E libpersona: Couldn't open the File - /data/system/users/0/personalist.xml - No such file or directory
09-02 13:50:08.196 14953 14953 W SELinux : SELinux selinux_android_compute_policy_index : Policy Index[2],  Con:u:r:zygote:s0 RAM:SEPF_SM-J720F_8.0.0_0017, [-1 -1 -1 -1 0 1]
09-02 13:50:08.196 14953 14953 I SELinux : SELinux: seapp_context_lookup: seinfo=chrome, level=s0:c512,c768, pkgname=com.android.chrome 
09-02 13:50:08.198  3979  4046 D ViewRootImpl@38c59a7[chrome]: dispatchAttachedToWindow
09-02 13:50:08.198  3979  4046 V WindowManager: Relayout Window{43d3e54 u0 Splash Screen com.android.chrome}: viewVisibility=0 req=719x1237 WM.LayoutParams{(0,0)(fillxfill) sim=#20 ty=3 fl=#81830118 pfl=0x20011 wanim=0x10302fd vsysui=0x2600 needsMenuKey=2 colorMode=0 naviIconColor=0}
09-02 13:50:08.201  3462  3462 I SurfaceFlinger: id=2186 createSurf (720x1280),1 flag=404, Splash Screen com.android.chrome#0
09-02 13:50:08.203  3979  4046 V Surface : sf_framedrop debug : 0x4f4c, game : false, logging : 0
09-02 13:50:08.205  3979  4046 D InputDispatcher: Focus left window: 14911
09-02 13:50:08.206  3979  4046 D ViewRootImpl@38c59a7[chrome]: Relayout returned: old=[0,0][0,0] new=[0,0][720,1280] result=0x7 surface={valid=true 535186141184} changed=true
09-02 13:50:08.207  3979  4046 D ViewRootImpl@38c59a7[chrome]: MSG_RESIZED_REPORT: frame=Rect(0, 0 - 720, 1280) ci=Rect(0, 42 - 0, 0) vi=Rect(0, 42 - 0, 0) or=1
09-02 13:50:08.207 14911 14911 D ViewRootImpl@110cd72[MainActivity]: MSG_WINDOW_FOCUS_CHANGED 0
09-02 13:50:08.213 14953 14953 D TimaKeyStoreProvider: TimaKeyStore is not enabled: cannot add TimaSignature Service and generateKeyPair Service
09-02 13:50:08.213 14953 14953 D ActivityThread: Added TimaKeyStore provider
09-02 13:50:08.215  3979  5979 I ActivityManager: DSS on for com.android.chrome and scale is 1.0
09-02 13:50:08.221  3979  4046 V WindowManager: finishDrawingLocked: mDrawState=COMMIT_DRAW_PENDING Window{43d3e54 u0 Splash Screen com.android.chrome} in Surface(name=Splash Screen com.android.chrome)
09-02 13:50:08.223  3979  5979 D PersonaManagerService: Current focused persona service handled id set to : 0
09-02 13:50:08.224  3979  5979 D InputDispatcher: Focused application set to: xxxx
09-02 13:50:08.225  3979  4238 D GameManagerService: handleForegroundChange(). pkgName: com.android.chrome, clsName: org.chromium.chrome.browser.ChromeTabbedActivity,FgActivityName:com.android.chrome/org.chromium.chrome.browser.ChromeTabbedActivity
09-02 13:50:08.225  3979  5979 D MARsPolicyManager: onPackageResumedFG pkgName = com.android.chrome, userId = 0
09-02 13:50:08.225  3979  4238 D GameManagerService: sem_perfomance_mode: 3
09-02 13:50:08.225  3979  4238 D GameManagerService: notifyResumePause(). pkg: com.android.chrome, type: 4, isMinimized: false, isTunableApp: false
09-02 13:50:08.225  3979  4238 D GameManagerService:   notifyResumePause(). unexpected mPrevNotiType: -1
09-02 13:50:08.231  3462  3462 V Surface : sf_framedrop debug : 0x4f4c, game : false, logging : 0
09-02 13:50:08.234 14911 14928 D OpenGLRenderer: eglDestroySurface = 0x7cc1bace80
09-02 13:50:08.239  3979  5979 D TaskSnapshotCache: putSnapshot mTaskId=619 RunningCache size=4
09-02 13:50:08.245  3979  5982 V WindowManager: Relayout Window{4288fb6 u0 com.example.batterymanager_utility/com.example.batterymanager_utility.MainActivity}: viewVisibility=8 req=720x1280 WM.LayoutParams{(0,0)(fillxfill) sim=#120 ty=1 fl=#81810100 pfl=0x20000 wanim=0x10302fd vsysui=0x600 needsMenuKey=2 colorMode=0 naviIconColor=0}
09-02 13:50:08.251  3462  3462 I SurfaceFlinger: Display 0 HWC layers:
09-02 13:50:08.251  3462  3462 I SurfaceFlinger:     type    |    handle    | flag |  format   |   source crop (l,t,r,b)    |         frame       | name 
09-02 13:50:08.251  3462  3462 I SurfaceFlinger: ------------+--------------+------+-----------+----------------------------+---------------------+------
09-02 13:50:08.251  3462  3462 I SurfaceFlinger:      Client |              | 0000 |  Unknown  |  -0.2   -0.2   -0.8   -0.8 |    0    0  720 1280 | animation background stackId=1#0
09-02 13:50:08.251  3462  3462 I SurfaceFlinger:      Client | 0x7ac4c25680 | 0002 | RGBA_8888 |   0.0    0.0  720.0 1280.0 |    0    0  720 1279 | com.example.batterymanager_utility/c[...]atterymanager_utility.MainActivity#0
09-02 13:50:08.251  3462  3462 I SurfaceFlinger:      Device | 0x7ac4c25140 | 0000 | RGBA_8888 |   0.0    0.0  720.0   42.0 |    0    0  720   42 | StatusBar#0
09-02 13:50:08.251  3462  3462 I SurfaceFlinger: 
09-02 13:50:08.252 14911 14911 D ViewRootImpl@110cd72[MainActivity]: Relayout returned: old=[0,0][720,1280] new=[0,0][720,1280] result=0x5 surface={valid=false 0} changed=true
09-02 13:50:08.252  3979  6899 D GamePkgDataHelper: getGamePkgDataIncServer(). com.android.chrome
09-02 13:50:08.253  3979  3996 D WindowManager: set systemUiVisibility : systemUiFlags= 0x2608 fullscreenStackSysUiFlags= 0x2000
09-02 13:50:08.253  3979  6899 D GameManagerService: identifyGamePackage. com.android.chrome
09-02 13:50:08.253  3979  6899 D GamePkgDataHelper: getGamePkgData(). com.android.chrome
09-02 13:50:08.254  3979  6899 D GameManagerService: identifyGamePackage. com.android.chrome
09-02 13:50:08.254  3979  6899 D GamePkgDataHelper: getGamePkgData(). com.android.chrome
09-02 13:50:08.255  3979  6899 D GamePkgDataHelper: getSosPolicy(). com.android.chrome
09-02 13:50:08.256  3979  5982 D WindowManager: adjustSystemUiVisibilityLw : vis= 0x2608
09-02 13:50:08.256  3979  6899 D GameManagerService: identifyGamePackage. com.android.chrome
09-02 13:50:08.256  3979  6899 D GamePkgDataHelper: getGamePkgData(). com.android.chrome
09-02 13:50:08.257  3979  6899 D GameManagerService: identifyGamePackage. com.android.chrome
09-02 13:50:08.257  3979  6899 D GamePkgDataHelper: getGamePkgData(). com.android.chrome
09-02 13:50:08.259 14953 14953 I zygote  : no shared libraies, dex_files: 1
09-02 13:50:08.259 14953 14953 I zygote  : Failed to open app image /data/app/com.android.chrome-soetEorOVr6imPkWiOhOmA==/oat/arm/base.art Oat checksum 0x51daa4d does not match the image one 0xb7efa09c in image /data/app/com.android.chrome-soetEorOVr6imPkWiOhOmA==/oat/arm/base.art
09-02 13:50:08.271 14953 14953 I cr_SplitCompatApp: Launched version=107.0.5304.91 minSdkVersion=24 isBundle=true processName=com.android.chrome isIsolated=false
09-02 13:50:08.280 14953 14969 I zygote  : Failed to open app image /data/app/com.android.chrome-soetEorOVr6imPkWiOhOmA==/oat/arm/split_chrome.art Oat checksum 0x64963730 does not match the image one 0x2cd7b9ba in image /data/app/com.android.chrome-soetEorOVr6imPkWiOhOmA==/oat/arm/split_chrome.art
09-02 13:50:08.301  3979  6264 W StorageManager: getStorageLowBytes lowPercent : 5, lowBytes : 1260145254, maxLowBytes : 524288000
09-02 13:50:08.303  4349  4858 D SystemServicesProxy: updateOverviewLastStackActiveTimeAsync: newTime=1693559943942
09-02 13:50:08.304  3979  6264 D SecContentProvider: query(), uri = 17 selection = isSettingsChangesAllowed
09-02 13:50:08.304  3979  6264 D SecContentProvider: called from android.uid.systemui:10009
09-02 13:50:08.305  4349  4561 D SystemServicesProxy: updateOverviewLastStackActiveTimeAsync: done.
09-02 13:50:08.306  3979  6264 D PackageManager: getComponentMetadataForIconTray : com.example.batterymanager_utility.MainActivity does not exist in mServices
09-02 13:50:08.306  3979  6264 D PackageManager: getComponentMetadataForIconTray : com.example.batterymanager_utility.MainActivity does not exist in mProviders
09-02 13:50:08.306  3979  6264 D PackageManager: getComponentMetadataForIconTray : com.example.batterymanager_utility.MainActivity does not exist in mReceivers
09-02 13:50:08.306  3979  5982 W StorageManager: getStorageLowBytes lowPercent : 5, lowBytes : 1260145254, maxLowBytes : 524288000
09-02 13:50:08.307  4349  4858 D ApplicationPackageManager: updateItemMetaDataForFixedIconScale: package: com.example.batterymanager_utility
09-02 13:50:08.307  3979  5982 D PackageManager: getSelectedMetaData : packageName(com.example.batterymanager_utility) or Metadata strings {[Ljava.lang.String;@cd203ec}
09-02 13:50:08.307  4349  4858 I ApplicationPackageManager: load=com.example.batterymanager_utility, bg=144-144, dr=189-189, forDefault=true, density=0
09-02 13:50:08.310  4349  4858 I ApplicationPackageManager: scaled rate=0.72, size=189, alpha=54, hold=102
09-02 13:50:08.310  4349  4858 D ApplicationPackageManager: iconScale: getScale(): 0.72 getAlpha(): 54
09-02 13:50:08.312  4349  4858 I ApplicationPackageManager: load=com.example.batterymanager_utility-contain, bg=112-112, dr=189-189
09-02 13:50:08.323 10264 15993 I FontLog : Received query Google Sans, URI content://com.google.android.gms.fonts [CONTEXT service_id=132 ]
09-02 13:50:08.323 10264 15993 I FontLog : Query [Google Sans] resolved to {Google Sans, wdth 100.0, wght 400, ital 0.0, bestEffort false} [CONTEXT service_id=132 ]
09-02 13:50:08.324 10264 15993 I FontLog : Font PFD returned from cache for {Google Sans, wdth 100.0, wght 400, ital 0.0, bestEffort false} [CONTEXT service_id=132 ]
09-02 13:50:08.326 10264 15993 I FontLog : Fetch {Google Sans, wdth 100.0, wght 400, ital 0.0, bestEffort false} end status Status{statusCode=SUCCESS, resolution=null} [CONTEXT service_id=132 ]
09-02 13:50:08.333 10264 15993 I FontLog : Pulling font file for id = 1048, cache size = 7 [CONTEXT service_id=132 ]
09-02 13:50:08.339  3979  6264 D ConnectivityService: filterNetworkStateForUid() uid: 10025 networkInfo: [type: WIFI[] - WIFI, state: CONNECTED/CONNECTED, reason: (unspecified), extra: "WiFi 69", failover: false, available: true, roaming: false, metered: false]
09-02 13:50:08.347 10264 15993 I FontLog : Received query Google Sans:500, URI content://com.google.android.gms.fonts [CONTEXT service_id=132 ]
09-02 13:50:08.347 10264 15993 I FontLog : Query [Google Sans:500] resolved to {Google Sans, wdth 100.0, wght 500, ital 0.0, bestEffort false} [CONTEXT service_id=132 ]
09-02 13:50:08.349 10264 15993 I FontLog : Font PFD returned from cache for {Google Sans, wdth 100.0, wght 500, ital 0.0, bestEffort false} [CONTEXT service_id=132 ]
09-02 13:50:08.350 10264 15993 I FontLog : Fetch {Google Sans, wdth 100.0, wght 500, ital 0.0, bestEffort false} end status Status{statusCode=SUCCESS, resolution=null} [CONTEXT service_id=132 ]
09-02 13:50:08.355 10264 15993 I FontLog : Pulling font file for id = 1049, cache size = 7 [CONTEXT service_id=132 ]
09-02 13:50:08.364 10264 15993 I FontLog : Received query Google Sans:700, URI content://com.google.android.gms.fonts [CONTEXT service_id=132 ]
09-02 13:50:08.365 10264 15993 I FontLog : Query [Google Sans:700] resolved to {Google Sans, wdth 100.0, wght 700, ital 0.0, bestEffort false} [CONTEXT service_id=132 ]
09-02 13:50:08.366 10264 15993 I FontLog : Fetch {Google Sans, wdth 100.0, wght 700, ital 0.0, bestEffort false} end status Status{statusCode=SUCCESS, resolution=null} [CONTEXT service_id=132 ]
09-02 13:50:08.370 10264 15993 I FontLog : Pulling font file for id = 1050, cache size = 5 [CONTEXT service_id=132 ]
09-02 13:50:08.370 14953 14953 E ResourceType: Style contains key with bad entry: 0x0101062c
09-02 13:50:08.372 14953 14974 I cr_LibraryLoader: Successfully loaded native library
09-02 13:50:08.373 14953 14974 I cr_CachingUmaRecorder: Flushed 20 samples from 18 histograms.
09-02 13:50:08.383  3979  4111 D MdnieScenarioControlService:  packageName : com.android.chrome    className : com.google.android.apps.chrome.Main
09-02 13:50:08.384 14953 14953 E ResourceType: Style contains key with bad entry: 0x0101062c
09-02 13:50:08.386 14953 14977 W DynamiteModule: Local module descriptor class for com.google.android.gms.googlecertificates not found.
09-02 13:50:08.396 14953 14977 W zygote  : Skipping duplicate class check due to unrecognized classloader
09-02 13:50:08.397 14953 14977 I DynamiteModule: Considering local module com.google.android.gms.googlecertificates:0 and remote module com.google.android.gms.googlecertificates:7
09-02 13:50:08.397 14953 14977 I DynamiteModule: Selected remote version of com.google.android.gms.googlecertificates, version >= 7
09-02 13:50:08.409 14953 14977 W ResourceType: ResTable_typeSpec entry count inconsistent: given 77, previously 79
09-02 13:50:08.409 14953 14977 W ResourceType: ResTable_typeSpec entry count inconsistent: given 3309, previously 3332
09-02 13:50:08.409 14953 14977 W ResourceType: ResTable_typeSpec entry count inconsistent: given 518, previously 4352
09-02 13:50:08.421 14953 14977 W zygote  : Skipping duplicate class check due to unrecognized classloader
09-02 13:50:08.429  3979  4111 V MdnieScenarioControlService: Calling MdnieManager API(setContentMode(8))
09-02 13:50:08.429  3979  4111 D SemDisplaySolutionManagerService: uid : 1000 , pid : 3979 , name : hdr_effect_off
09-02 13:50:08.429  3979  4111 D SemDisplaySolutionManagerService: where : application what : DEFAULT setScreenBrightnessScaleFactor(-1.0)
09-02 13:50:08.429  3979  4111 D PowerManagerService: [api] setScreenBrightnessScaleFactor: scaleFactor: -1.0 (uid: 1000 pid: 3979)
09-02 13:50:08.429  3979  4111 D SemDisplaySolutionManagerService: setMultipleScreenBrightness , application, DEFAULT, -1.0
09-02 13:50:08.429  3979  4111 V MdnieScenarioControlService: Calling SemDisplaySolutionManager API(setMultipleScreenBrightness(0)
09-02 13:50:08.430  3603 12535 V APM_AudioPolicyManager: setAudioPolicyConfig: audioEffectParam;audioHDR=0;packageName=com.android.chrome
09-02 13:50:08.432  3979  4111 I AudioService: audioEffectParam;audioHDR=0;packageName=com.android.chrome
09-02 13:50:08.432  3979  4111 V MdnieScenarioControlService: setBrowserMode from Browser function
09-02 13:50:08.442 14953 14953 W ResourceType: Failure getting entry for 0x7f010055 (t=0 e=85) (error -75)
09-02 13:50:08.444  3979  6264 W AppOps  : Bad call: specified package com.google.android.gms under uid 10096 but it is really 10025
09-02 13:50:08.444  3979  6264 W AppOps  : java.lang.RuntimeException: here
09-02 13:50:08.444  3979  6264 W AppOps  : 	at com.android.server.AppOpsService.getOpsRawLocked(AppOpsService.java:1402)
09-02 13:50:08.444  3979  6264 W AppOps  : 	at com.android.server.AppOpsService.checkPackage(AppOpsService.java:1106)
09-02 13:50:08.444  3979  6264 W AppOps  : 	at com.android.internal.app.IAppOpsService$Stub.onTransact(IAppOpsService.java:169)
09-02 13:50:08.444  3979  6264 W AppOps  : 	at android.os.Binder.execTransact(Binder.java:682)
09-02 13:50:08.450  3979  6264 I chatty  : uid=1000(system) Binder:3979_18 identical 3 lines
09-02 13:50:08.452  3979  6264 W AppOps  : Bad call: specified package com.google.android.gms under uid 10096 but it is really 10025
09-02 13:50:08.452  3979  6264 W AppOps  : java.lang.RuntimeException: here
09-02 13:50:08.452  3979  6264 W AppOps  : 	at com.android.server.AppOpsService.getOpsRawLocked(AppOpsService.java:1402)
09-02 13:50:08.452  3979  6264 W AppOps  : 	at com.android.server.AppOpsService.checkPackage(AppOpsService.java:1106)
09-02 13:50:08.452  3979  6264 W AppOps  : 	at com.android.internal.app.IAppOpsService$Stub.onTransact(IAppOpsService.java:169)
09-02 13:50:08.452  3979  6264 W AppOps  : 	at android.os.Binder.execTransact(Binder.java:682)
09-02 13:50:08.453  3462  3462 I SurfaceFlinger: Display 0 HWC layers:
09-02 13:50:08.453  3462  3462 I SurfaceFlinger:     type    |    handle    | flag |  format   |   source crop (l,t,r,b)    |         frame       | name 
09-02 13:50:08.453  3462  3462 I SurfaceFlinger: ------------+--------------+------+-----------+----------------------------+---------------------+------
09-02 13:50:08.453  3462  3462 I SurfaceFlinger:      Client |              | 0000 |  Unknown  |  -0.2   -0.2   -0.8   -0.8 |    0    0  720 1280 | animation background stackId=1#0
09-02 13:50:08.453  3462  3462 I SurfaceFlinger:      Client | 0x7ac4c25680 | 0002 | RGBA_8888 |   0.0    0.0  720.0 1279.0 |   16   29  703 1250 | com.example.batterymanager_utility/c[...]atterymanager_utility.MainActivity#0
09-02 13:50:08.453  3462  3462 I SurfaceFlinger:      Device | 0x7ac4c24d80 | 0002 | RGBA_8888 |   0.0    0.0  720.0 1024.0 |   16  303  703 1280 | Splash Screen com.android.chrome#0
09-02 13:50:08.453  3462  3462 I SurfaceFlinger:      Device | 0x7ac4c24480 | 0000 | RGBA_8888 |   0.0    0.0  720.0   42.0 |    0    0  720   42 | StatusBar#0
09-02 13:50:08.453  3462  3462 I SurfaceFlinger: 
09-02 13:50:08.455 14953 14953 I cr_CompositorSurfaceMgr: Transitioning to surface with format: -1
09-02 13:50:08.465 14953 14953 W ResourceType: Failure getting entry for 0x7f010556 (t=0 e=1366) (error -75)
09-02 13:50:08.519 14953 14972 I cr_tabmodel: Starting to fetch tab list for tab_state0
09-02 13:50:08.519 14953 14979 I cr_tabmodel: Starting to fetch tab list for tab_state1
09-02 13:50:08.519 14953 14979 I cr_tabmodel: State file does not exist.
09-02 13:50:08.520 14953 14972 I cr_tabmodel: Finished fetching tab list.
09-02 13:50:08.578 14953 14986 D OpenGLRenderer: HWUI GL Pipeline
09-02 13:50:08.588 14953 14953 D ViewRootImpl@73ec0d3[Main]: setView = DecorView@81e1b09[Main] TM=true MM=false
09-02 13:50:08.590  3979  5979 D ActivityManager: post active user change for 0 fullscreen true isHomeActivity() false
09-02 13:50:08.603  3979  5982 I ApplicationPolicy: isApplicationExternalStorageWhitelisted:com.android.chrome user:0
09-02 13:50:08.603  3979  5982 D ApplicationPolicy: isApplicationExternalStorageWhitelisted: DO is not enabled on user 0. Allowed.
09-02 13:50:08.603  3979  5982 D ActivityManager: package  com.android.chrome, user - 0 is SDcard whitelisted
09-02 13:50:08.603  3979  5982 I ApplicationPolicy: isApplicationExternalStorageBlacklisted:com.android.chrome user:0
09-02 13:50:08.603  3979  5982 D ApplicationPolicy: isApplicationExternalStorageBlacklisted: DO is not enabled on user 0. Allowed.
09-02 13:50:08.603  3979  5982 I ActivityManager: SA, print process name forked by webview_zygote : com.android.chrome:sandboxed_process0
09-02 13:50:08.608  4443  4443 E SchedPolicy: add_tid_to_cgroup failed; fd=-1
09-02 13:50:08.608 10264 14970 E bgla    : Phenotype API error. Event # dexn@72bed8d6, EventCode: 7 [CONTEXT service_id=51 ]
09-02 13:50:08.608 10264 14970 E bgla    : bgkc: 29505: No config packages for log source, or config package not registered
09-02 13:50:08.608 10264 14970 E bgla    : 	at bglv.b(:com.google.android.gms@224312019@22.43.12 (040400-483592595):4)
09-02 13:50:08.608 10264 14970 E bgla    : 	at bgls.g(:com.google.android.gms@224312019@22.43.12 (040400-483592595):0)
09-02 13:50:08.608 10264 14970 E bgla    : 	at bgla.e(:com.google.android.gms@224312019@22.43.12 (040400-483592595):4)
09-02 13:50:08.608 10264 14970 E bgla    : 	at bgla.f(:com.google.android.gms@224312019@22.43.12 (040400-483592595):2)
09-02 13:50:08.608 10264 14970 E bgla    : 	at asbe.er(:com.google.android.gms@224312019@22.43.12 (040400-483592595):1)
09-02 13:50:08.608 10264 14970 E bgla    : 	at asbk.run(:com.google.android.gms@224312019@22.43.12 (040400-483592595):12)
09-02 13:50:08.608 10264 14970 E bgla    : 	at ckoo.run(:com.google.android.gms@224312019@22.43.12 (040400-483592595):2)
09-02 13:50:08.608 10264 14970 E bgla    : 	at abce.c(:com.google.android.gms@224312019@22.43.12 (040400-483592595):6)
09-02 13:50:08.608 10264 14970 E bgla    : 	at abce.run(:com.google.android.gms@224312019@22.43.12 (040400-483592595):7)
09-02 13:50:08.608 10264 14970 E bgla    : 	at java.util.concurrent.ThreadPoolExecutor.runWorker(ThreadPoolExecutor.java:1162)
09-02 13:50:08.608 10264 14970 E bgla    : 	at java.util.concurrent.ThreadPoolExecutor$Worker.run(ThreadPoolExecutor.java:636)
09-02 13:50:08.608 10264 14970 E bgla    : 	at abhk.run(:com.google.android.gms@224312019@22.43.12 (040400-483592595):0)
09-02 13:50:08.608 10264 14970 E bgla    : 	at java.lang.Thread.run(Thread.java:764)
09-02 13:50:08.608 10264 14970 W AsyncOperation: operation=GetExperimentTokensOperationCall, opStatusCode=29505 [CONTEXT service_id=51 ]
09-02 13:50:08.608 10264 14970 W AsyncOperation: OperationException[Status{statusCode=No config packages for log source, or config package not registered, resolution=null}]
09-02 13:50:08.608 10264 14970 W AsyncOperation: 	at bgla.e(:com.google.android.gms@224312019@22.43.12 (040400-483592595):6)
09-02 13:50:08.608 10264 14970 W AsyncOperation: 	at bgla.f(:com.google.android.gms@224312019@22.43.12 (040400-483592595):2)
09-02 13:50:08.608 10264 14970 W AsyncOperation: 	at asbe.er(:com.google.android.gms@224312019@22.43.12 (040400-483592595):1)
09-02 13:50:08.608 10264 14970 W AsyncOperation: 	at asbk.run(:com.google.android.gms@224312019@22.43.12 (040400-483592595):12)
09-02 13:50:08.608 10264 14970 W AsyncOperation: 	at ckoo.run(:com.google.android.gms@224312019@22.43.12 (040400-483592595):2)
09-02 13:50:08.608 10264 14970 W AsyncOperation: 	at abce.c(:com.google.android.gms@224312019@22.43.12 (040400-483592595):6)
09-02 13:50:08.608 10264 14970 W AsyncOperation: 	at abce.run(:com.google.android.gms@224312019@22.43.12 (040400-483592595):7)
09-02 13:50:08.608 10264 14970 W AsyncOperation: 	at java.util.concurrent.ThreadPoolExecutor.runWorker(ThreadPoolExecutor.java:1162)
09-02 13:50:08.608 10264 14970 W AsyncOperation: 	at java.util.concurrent.ThreadPoolExecutor$Worker.run(ThreadPoolExecutor.java:636)
09-02 13:50:08.608 10264 14970 W AsyncOperation: 	at abhk.run(:com.google.android.gms@224312019@22.43.12 (040400-483592595):0)
09-02 13:50:08.608 10264 14970 W AsyncOperation: 	at java.lang.Thread.run(Thread.java:764)
09-02 13:50:08.615 14988 14988 E /system/bin/webview_zygote32: failed to make and chown /acct/uid_99231: Permission denied
09-02 13:50:08.615 14988 14988 E Zygote  : createProcessGroup(99231, 0) failed: Permission denied
09-02 13:50:08.615 14988 14988 E libpersona: Couldn't open the File - /data/system/users/0.xml - Permission denied
09-02 13:50:08.616 14988 14988 W SELinux : SELinux selinux_android_compute_policy_index : Policy Index[2],  Con:u:r:webview_zygote:s0 RAM:SEPF_SM-J720F_8.0.0_0017, [-1 -1 -1 -1 0 1]
09-02 13:50:08.617 14988 14988 I SELinux : SELinux: seapp_context_lookup: seinfo=chrome, level=s0:c512,c768, pkgname=com.android.chrome:sandboxed_process0 
09-02 13:50:08.617  3979  5982 I ActivityManager: Start proc 14988:com.android.chrome:sandboxed_process0/u0i231 for webview_service com.android.chrome/org.chromium.content.app.SandboxedProcessService0
09-02 13:50:08.619 14953 14953 V InputMethodManager: Not IME target window, ignoring
09-02 13:50:08.619 14953 14953 D ViewRootImpl@73ec0d3[Main]: dispatchAttachedToWindow
09-02 13:50:08.629  3979  5982 V WindowManager: Relayout Window{e4e15aa u0 com.android.chrome/com.google.android.apps.chrome.Main}: viewVisibility=0 req=719x1237 WM.LayoutParams{(0,0)(fillxfill) sim=#113 ty=1 fl=#81810100 pfl=0x20000 wanim=0x10302fd vsysui=0x2600 sysuil=true needsMenuKey=2 colorMode=0 naviIconColor=0}
09-02 13:50:08.638  3462  3462 I SurfaceFlinger: id=2187 createSurf (720x1280),1 flag=404, com.android.chrome/com.google.android.apps.chrome.Main#0
09-02 13:50:08.640  3979  5982 V Surface : sf_framedrop debug : 0x4f4c, game : false, logging : 0
09-02 13:50:08.642 14988 14988 I SamplingProfilerIntegration: Profiling disabled.
09-02 13:50:08.644  3979  5982 D InputDispatcher: Focus entered window: 14953
09-02 13:50:08.646 14953 14953 V Surface : sf_framedrop debug : 0x4f4c, game : false, logging : 0
09-02 13:50:08.647 14953 14953 D ViewRootImpl@73ec0d3[Main]: Relayout returned: old=[0,0][0,0] new=[0,0][720,1280] result=0x7 surface={valid=true 3323250688} changed=true
09-02 13:50:08.651 14988 14988 D TimaKeyStoreProvider: TimaKeyStore is not enabled: cannot add TimaSignature Service and generateKeyPair Service
09-02 13:50:08.651 14988 14988 D ActivityThread: Added TimaKeyStore provider
09-02 13:50:08.653 14953 14986 I OpenGLRenderer: Initialized EGL, version 1.4
09-02 13:50:08.653 14953 14986 D OpenGLRenderer: Swap behavior 2
09-02 13:50:08.657  3979  6264 I ActivityManager: DSS on for com.android.chrome and scale is 1.0
09-02 13:50:08.657 14953 14986 D libGLESv1: STS_GLApi : DTS, ODTC are not allowed for Package : com.android.chrome
09-02 13:50:08.659 14953 14986 D mali_winsys: EGLint new_window_surface(egl_winsys_display *, void *, EGLSurface, EGLConfig, egl_winsys_surface **, egl_color_buffer_format *, EGLBoolean) returns 0x3000,  [720x1280]-format:1
09-02 13:50:08.659 14953 14986 D OpenGLRenderer: eglCreateWindowSurface = 0xc4d453c0
09-02 13:50:08.735  3979  6264 W ActivityManager: Slow operation: 79ms so far, now at attachApplicationLocked: after mServices.attachApplicationLocked
09-02 13:50:08.736  3979  4046 I WindowManager: Destroying surface Surface(name=com.example.batterymanager_utility/com.example.batterymanager_utility.MainActivity) called by com.android.server.wm.WindowStateAnimator.destroySurface:2501 com.android.server.wm.WindowStateAnimator.destroySurfaceLocked:985 com.android.server.wm.WindowState.destroyOrSaveSurfaceUnchecked:3671 com.android.server.wm.WindowState.destroySurface:3619 com.android.server.wm.AppWindowToken.destroySurfaces:722 com.android.server.wm.AppWindowToken.destroySurfaces:706 com.android.server.wm.WindowState.onExitAnimationDone:5333 com.android.server.wm.WindowStateAnimator.stepAnimationLocked:550 
09-02 13:50:08.737  3462  4087 I SurfaceFlinger: id=2185 Removed com.example.batterymanager_utility/com.example.batterymanager_utility.MainActivity#0 (2/6)
09-02 13:50:08.738  3979  3988 I zygote64: Background concurrent copying GC freed 235853(11MB) AllocSpace objects, 121(2MB) LOS objects, 38% free, 38MB/62MB, paused 608us total 170.917ms
09-02 13:50:08.744 14953 14953 D ViewRootImpl@73ec0d3[Main]: MSG_RESIZED_REPORT: frame=Rect(0, 0 - 720, 1280) ci=Rect(0, 42 - 0, 0) vi=Rect(0, 42 - 0, 0) or=1
09-02 13:50:08.744 14953 14953 D ViewRootImpl@73ec0d3[Main]: MSG_WINDOW_FOCUS_CHANGED 1
09-02 13:50:08.748  3462  3462 I Layer   : id=2185 onRemoved com.example.batterymanager_utility/com.example.batterymanager_utility.MainActivity#0 
09-02 13:50:08.752  3462  3462 I SurfaceFlinger: Display 0 HWC layers:
09-02 13:50:08.752  3462  3462 I SurfaceFlinger:     type    |    handle    | flag |  format   |   source crop (l,t,r,b)    |         frame       | name 
09-02 13:50:08.752  3462  3462 I SurfaceFlinger: ------------+--------------+------+-----------+----------------------------+---------------------+------
09-02 13:50:08.752  3462  3462 I SurfaceFlinger:      Device | 0x7ac4c24d80 | 0002 | RGBA_8888 |   0.0    0.0  720.0 1280.0 |    0    0  720 1280 | Splash Screen com.android.chrome#0
09-02 13:50:08.752  3462  3462 I SurfaceFlinger:      Device | 0x7ac4c25140 | 0000 | RGBA_8888 |   0.0    0.0  720.0   42.0 |    0    0  720   42 | StatusBar#0
09-02 13:50:08.752  3462  3462 I SurfaceFlinger: 
09-02 13:50:08.761 14953 14953 V InputMethodManager: Starting input: tba=android.view.inputmethod.EditorInfo@668d521 nm : com.android.chrome ic=null
09-02 13:50:08.761 14953 14953 I InputMethodManager: startInputInner - mService.startInputOrWindowGainedFocus
09-02 13:50:08.761  3979  6264 D InputMethodManagerService: startInputOrWindowGainedFocus : windowGainedFocus 
09-02 13:50:08.761  3979  6264 D InputMethodManagerService: windowGainedFocus: destinationUserId (getCallingUid) = 0
09-02 13:50:08.761  3979  6264 D InputMethodManagerService: windowGainedFocus: currentUserId=0
09-02 13:50:08.761  3979  6264 D InputMethodManagerService: windowGainedFocus: mCurrentFocusedUserId=0
09-02 13:50:08.762  3979  6264 D InputMethodManagerService: windowGainedFocus : lock - currentUserId = 0 destinationUserId = 0
09-02 13:50:08.762  3979  6264 D InputMethodManagerService: windowGainedFocus : mCurrentFocusedUserId - 0 and mSecureKeypadEnabled - false, userSwitched - false
09-02 13:50:08.765  3979  6264 V InputMethodManagerService: windowGainedFocus : reason=WINDOW_FOCUS_GAIN client=android.os.BinderProxy@ab5e84c inputContext=null missingMethods= attribute=android.view.inputmethod.EditorInfo@3cfb002 nm = com.android.chrome controlFlags=#105 softInputMode=#113 windowFlags=#81810100
09-02 13:50:08.765  3979  6264 V InputMethodManagerService: Window asks to hide input
09-02 13:50:08.765  3979  6264 V InputMethodManagerService: hideCurrentInputLocked : shouldHideSoftInput is false
09-02 13:50:08.765  3979  6264 D InputMethodManagerService: isImeSwitcherDisabledPackage : false
09-02 13:50:08.766  3979  6264 V InputMethodManagerService: Creating new session for client ClientState{a9abd13 uid 10096 pid 14953}
09-02 13:50:08.767 14953 14953 I cr_StartSurfaceConfig: Recorded Startup.Android.FirstDrawCompletedTime.NoInstant = 356 ms
09-02 13:50:08.768  3979  6264 D InputMethodManagerService: setCurrentInputInfo - inputContext : null eidtorInfo : android.view.inputmethod.EditorInfo@3cfb002 missingMethods : 0
09-02 13:50:08.768  4336  4336 I InputMethodWrapper:  call dispatchStartInputWithToken
09-02 13:50:08.769  4336  4336 I InputMethodService: dispatchStartInputWithToken
09-02 13:50:08.769  4336  4336 I SKBD    : SamsungKeypad [IMI] onStartInput - caller pid : 14953, caller uid : 10096
09-02 13:50:08.776 15014 15014 E asset   : setgid: Operation not permitted
09-02 13:50:08.801 14988 14988 I cr_SplitCompatApp: Launched version=107.0.5304.91 minSdkVersion=24 isBundle=true processName=com.android.chrome:sandboxed_process0 isIsolated=true
09-02 13:50:08.801  3979  5982 V WindowManager: finishDrawingLocked: mDrawState=COMMIT_DRAW_PENDING Window{e4e15aa u0 com.android.chrome/com.google.android.apps.chrome.Main} in Surface(name=com.android.chrome/com.google.android.apps.chrome.Main)
09-02 13:50:08.802 14953 14953 V InputMethodManager: Starting input: tba=android.view.inputmethod.EditorInfo@418fd46 nm : com.android.chrome ic=null
09-02 13:50:08.807  3979  4046 D ViewRootImpl@38c59a7[chrome]: dispatchDetachedFromWindow
09-02 13:50:08.807  3979  4046 D InputEventReceiver: channel '43d3e54 Splash Screen com.android.chrome (client)' ~ Disposing input event receiver.
09-02 13:50:08.807  3979  4046 D InputEventReceiver: channel '43d3e54 Splash Screen com.android.chrome (client)' ~NativeInputEventReceiver.
09-02 13:50:08.809  3979  3996 D WindowManager: set systemUiVisibility : systemUiFlags= 0x2608 fullscreenStackSysUiFlags= 0x0
09-02 13:50:08.812  3979  4004 I ActivityManager: Displayed com.android.chrome/com.google.android.apps.chrome.Main: +626ms
09-02 13:50:08.813  3979  4004 D CustomFrequencyManagerService: acquireDVFSLockLocked : type : DVFS_MIN_LIMIT  frequency : 1560000  uid : 1000  pid : 3979  pkgName : AMS_RESUME_TAIL@CPU_MIN@14
09-02 13:50:08.813  3979  4004 D ActivityManagerPerformance: AMP_acquire() TAIL
09-02 13:50:08.814  3979  4004 D CustomFrequencyManagerService: releaseDVFSLockLocked : Getting Lock type frm List : DVFS_MIN_LIMIT  frequency : 1560000  uid : 1000  pid : 3979  tag : AMS_APP_SWITCH@CPU_MIN@23
09-02 13:50:08.814  3979  4004 D ActivityManagerPerformance: AMP_release() APP_SWITCH
09-02 13:50:08.814 14988 14988 W SystemServiceRegistry: No service published for: uimode
09-02 13:50:08.819  3979  3996 D WindowManager: set systemUiVisibility : systemUiFlags= 0x2608 fullscreenStackSysUiFlags= 0x2000
09-02 13:50:08.820 14988 14988 V Monotype: fonts.xml take from : /system/etc/
09-02 13:50:08.828  3979  5982 W StorageManager: getStorageLowBytes lowPercent : 5, lowBytes : 1260145254, maxLowBytes : 524288000
09-02 13:50:08.835 14911 15018 D ProfileInstaller: Installing profile for com.example.batterymanager_utility
09-02 13:50:08.852  3462  3462 I SurfaceFlinger: Display 0 HWC layers:
09-02 13:50:08.852  3462  3462 I SurfaceFlinger:     type    |    handle    | flag |  format   |   source crop (l,t,r,b)    |         frame       | name 
09-02 13:50:08.852  3462  3462 I SurfaceFlinger: ------------+--------------+------+-----------+----------------------------+---------------------+------
09-02 13:50:08.852  3462  3462 I SurfaceFlinger:      Device | 0x7ac0b8fac0 | 0002 | RGBA_8888 |   0.0    0.0  720.0 1280.0 |    0    0  720 1280 | com.android.chrome/com.google.android.apps.chrome.Main#0
09-02 13:50:08.852  3462  3462 I SurfaceFlinger:      Device | 0x7ac4c24d80 | 0002 | RGBA_8888 |   0.0    0.0  720.0 1280.0 |    0    0  720 1280 | Splash Screen com.android.chrome#0
09-02 13:50:08.852  3462  3462 I SurfaceFlinger:      Device | 0x7abe64b980 | 0000 | RGBA_8888 |   0.0    0.0  720.0   42.0 |    0    0  720   42 | StatusBar#0
09-02 13:50:08.852  3462  3462 I SurfaceFlinger: 
09-02 13:50:08.852  3979  5982 D ActivityManager: The following uid has registered to recieve broadcast for proxy related updates 10096
09-02 13:50:08.852  3979  5982 W ContextImpl: Calling a method in the system process without a qualified user: android.app.ContextImpl.sendBroadcast:971 com.android.server.am.ActivityManagerService.requestKnoxVpnToSendProxyBroadcast:29502 com.android.server.am.ActivityManagerService.registerReceiver:23187 android.app.IActivityManager$Stub.onTransact:176 com.android.server.am.ActivityManagerService.onTransact:3862 
09-02 13:50:08.854  3979  3979 D KnoxVpnEngineService: Vpn Receiver : com.samsung.android.knox.intent.action.VPN_PROXY_BROADCAST_INTERNAL
09-02 13:50:08.854  3979  4130 I KnoxVpnEngineService: vpn handle : Message received
09-02 13:50:08.906  3979  6264 D StorageManagerService: getExternalStorageMountMode : 1
09-02 13:50:08.906  3979  6264 D StorageManagerService: getExternalStorageMountMode : 3
09-02 13:50:08.906  3979  6264 D StorageManagerService: getExternalStorageMountMode : final mountMode=1, uid : 10096, packageName : com.android.chrome
09-02 13:50:08.906  3979  6264 I ApplicationPolicy: isApplicationExternalStorageWhitelisted:com.android.chrome user:0
09-02 13:50:08.906  3979  6264 D ApplicationPolicy: isApplicationExternalStorageWhitelisted: DO is not enabled on user 0. Allowed.
09-02 13:50:08.906  3979  6264 D ActivityManager: package  com.android.chrome, user - 0 is SDcard whitelisted
09-02 13:50:08.906  3979  6264 I ApplicationPolicy: isApplicationExternalStorageBlacklisted:com.android.chrome user:0
09-02 13:50:08.906  3979  6264 D ApplicationPolicy: isApplicationExternalStorageBlacklisted: DO is not enabled on user 0. Allowed.
09-02 13:50:08.920 15033 15033 E Zygote  : isWhitelistProcess - Process is Whitelisted
09-02 13:50:08.920 15033 15033 E libpersona: scanKnoxPersonas
09-02 13:50:08.920  3979  6264 I ActivityManager: Start proc 15033:com.android.chrome:privileged_process0/u0a96 for service com.android.chrome/org.chromium.content.app.PrivilegedProcessService0
09-02 13:50:08.920 15033 15033 E libpersona: Couldn't open the File - /data/system/users/0/personalist.xml - No such file or directory
09-02 13:50:08.922  3979  5982 D ActivityManager: The following uid has registered to recieve broadcast for proxy related updates 10096
09-02 13:50:08.922  3979  5982 W ContextImpl: Calling a method in the system process without a qualified user: android.app.ContextImpl.sendBroadcast:971 com.android.server.am.ActivityManagerService.requestKnoxVpnToSendProxyBroadcast:29502 com.android.server.am.ActivityManagerService.registerReceiver:23187 android.app.IActivityManager$Stub.onTransact:176 com.android.server.am.ActivityManagerService.onTransact:3862 
09-02 13:50:08.924 15033 15033 W SELinux : SELinux selinux_android_compute_policy_index : Policy Index[2],  Con:u:r:zygote:s0 RAM:SEPF_SM-J720F_8.0.0_0017, [-1 -1 -1 -1 0 1]
09-02 13:50:08.924  3979  3979 D KnoxVpnEngineService: Vpn Receiver : com.samsung.android.knox.intent.action.VPN_PROXY_BROADCAST_INTERNAL
09-02 13:50:08.925  3979  4130 I KnoxVpnEngineService: vpn handle : Message received
09-02 13:50:08.926 15033 15033 I SELinux : SELinux: seapp_context_lookup: seinfo=chrome, level=s0:c512,c768, pkgname=com.android.chrome:privileged_process0 
09-02 13:50:08.927 14988 14988 E Typeface: Error mapping font file /system/fonts/SamsungSans-Num3L.ttf
09-02 13:50:08.927 14988 14988 E Minikin : Could not get cmap table size!
09-02 13:50:08.927 14988 14988 E Typeface: Unable to load Family: samsung-sans-num3L:null
09-02 13:50:08.927 14988 14988 E Typeface: Error mapping font file /system/fonts/SamsungSans-Num3T.ttf
09-02 13:50:08.927 14988 14988 E Minikin : Could not get cmap table size!
09-02 13:50:08.927 14988 14988 E Typeface: Unable to load Family: samsung-sans-num3T:null
09-02 13:50:08.927 14988 14988 E Typeface: Error mapping font file /system/fonts/SamsungSans-Num4L.ttf
09-02 13:50:08.927 14988 14988 E Minikin : Could not get cmap table size!
09-02 13:50:08.927 14988 14988 E Typeface: Unable to load Family: samsung-sans-num4L:null
09-02 13:50:08.927 14988 14988 E Typeface: Error mapping font file /system/fonts/SamsungSans-Num4T.ttf
09-02 13:50:08.927 14988 14988 E Minikin : Could not get cmap table size!
09-02 13:50:08.927 14988 14988 E Typeface: Unable to load Family: samsung-sans-num4T:null
09-02 13:50:08.927 14988 14988 E Typeface: Error mapping font file /system/fonts/SamsungSans-Num35.ttf
09-02 13:50:08.927 14988 14988 E Minikin : Could not get cmap table size!
09-02 13:50:08.927 14988 14988 E Typeface: Unable to load Family: samsung-sans-num35:null
09-02 13:50:08.927 14988 14988 E Typeface: Error mapping font file /system/fonts/SamsungSans-Num45.ttf
09-02 13:50:08.928 14988 14988 E Minikin : Could not get cmap table size!
09-02 13:50:08.928 14988 14988 E Typeface: Unable to load Family: samsung-sans-num45:null
09-02 13:50:08.928 14988 14988 E Typeface: Error mapping font file /system/fonts/SamsungSans-Num3Lv.ttf
09-02 13:50:08.928 14988 14988 E Minikin : Could not get cmap table size!
09-02 13:50:08.928 14988 14988 E Typeface: Unable to load Family: samsung-sans-num3LV:null
09-02 13:50:08.928 14988 14988 E Typeface: Error mapping font file /system/fonts/SamsungSans-Num3R.ttf
09-02 13:50:08.928 14988 14988 E Minikin : Could not get cmap table size!
09-02 13:50:08.928 14988 14988 E Typeface: Unable to load Family: samsung-sans-num3R:null
09-02 13:50:08.928 14988 14988 E Typeface: Error mapping font file /system/fonts/SamsungSans-Num4Tv.ttf
09-02 13:50:08.928 14988 14988 E Minikin : Could not get cmap table size!
09-02 13:50:08.928 14988 14988 E Typeface: Unable to load Family: samsung-sans-num4Tv:null
09-02 13:50:08.928 14988 14988 E Typeface: Error mapping font file /system/fonts/SamsungSans-Num4Lv.ttf
09-02 13:50:08.928 14988 14988 E Minikin : Could not get cmap table size!
09-02 13:50:08.928 14988 14988 E Typeface: Unable to load Family: samsung-sans-num4Lv:null
09-02 13:50:08.934 14988 14988 I cr_ChildProcessService: Creating new ChildProcessService pid=14988
09-02 13:50:08.947 14988 14988 E WebViewFactory: can't load with relro file; address space not reserved
09-02 13:50:08.950  3979  5979 W StorageManager: getStorageLowBytes lowPercent : 5, lowBytes : 1260145254, maxLowBytes : 524288000
09-02 13:50:08.954 15033 15033 D TimaKeyStoreProvider: TimaKeyStore is not enabled: cannot add TimaSignature Service and generateKeyPair Service
09-02 13:50:08.954 15033 15033 D ActivityThread: Added TimaKeyStore provider
09-02 13:50:08.957  3979  5982 I ActivityManager: DSS on for com.android.chrome and scale is 1.0
09-02 13:50:08.965 14953 14953 I cr_SmsProviderGms: construction successfull ec3@6a78c9, bc3@d628aef
09-02 13:50:08.973  3979  5172 D ActivityManager: The following uid has registered to recieve broadcast for proxy related updates 10096
09-02 13:50:08.973 22051 22051 D BoundBrokerSvc: onBind: Intent { act=com.google.android.gms.auth.key.retrieval.service.START dat=chimera-action: cmp=com.google.android.gms/.chimera.GmsApiService }
09-02 13:50:08.973  3979  5172 W ContextImpl: Calling a method in the system process without a qualified user: android.app.ContextImpl.sendBroadcast:971 com.android.server.am.ActivityManagerService.requestKnoxVpnToSendProxyBroadcast:29502 com.android.server.am.ActivityManagerService.registerReceiver:23187 android.app.IActivityManager$Stub.onTransact:176 com.android.server.am.ActivityManagerService.onTransact:3862 
09-02 13:50:08.973 22051 22051 D BoundBrokerSvc: Loading bound service for intent: Intent { act=com.google.android.gms.auth.key.retrieval.service.START dat=chimera-action: cmp=com.google.android.gms/.chimera.GmsApiService }
09-02 13:50:08.974  3979  3979 D KnoxVpnEngineService: Vpn Receiver : com.samsung.android.knox.intent.action.VPN_PROXY_BROADCAST_INTERNAL
09-02 13:50:08.975  3979  4130 I KnoxVpnEngineService: vpn handle : Message received
09-02 13:50:08.979  3979  6264 D ConnectivityService: filterNetworkStateForUid() uid: 10096 networkInfo: [type: WIFI[] - WIFI, state: CONNECTED/CONNECTED, reason: (unspecified), extra: "WiFi 69", failover: false, available: true, roaming: false, metered: false]
09-02 13:50:08.979 15033 15033 I zygote  : no shared libraies, dex_files: 1
09-02 13:50:08.980 15033 15033 I zygote  : Failed to open app image /data/app/com.android.chrome-soetEorOVr6imPkWiOhOmA==/oat/arm/base.art Oat checksum 0x51daa4d does not match the image one 0xb7efa09c in image /data/app/com.android.chrome-soetEorOVr6imPkWiOhOmA==/oat/arm/base.art
09-02 13:50:08.981  3979  4046 I WindowManager: Destroying surface Surface(name=Splash Screen com.android.chrome) called by com.android.server.wm.WindowStateAnimator.destroySurface:2501 com.android.server.wm.WindowStateAnimator.destroySurfaceLocked:985 com.android.server.wm.WindowState.destroyOrSaveSurfaceUnchecked:3671 com.android.server.wm.WindowState.destroySurface:3619 com.android.server.wm.AppWindowToken.destroySurfaces:722 com.android.server.wm.AppWindowToken.destroySurfaces:706 com.android.server.wm.WindowState.onExitAnimationDone:5333 com.android.server.wm.WindowStateAnimator.stepAnimationLocked:550 
09-02 13:50:08.982  3462  4748 I SurfaceFlinger: id=2186 Removed Splash Screen com.android.chrome#0 (3/5)
09-02 13:50:08.987  3462  3462 I SurfaceFlinger: Display 0 HWC layers:
09-02 13:50:08.987  3462  3462 I SurfaceFlinger:     type    |    handle    | flag |  format   |   source crop (l,t,r,b)    |         frame       | name 
09-02 13:50:08.987  3462  3462 I SurfaceFlinger: ------------+--------------+------+-----------+----------------------------+---------------------+------
09-02 13:50:08.987  3462  3462 I SurfaceFlinger:      Device | 0x7ac0b8fac0 | 0002 | RGBA_8888 |   0.0    0.0  720.0 1280.0 |    0    0  720 1280 | com.android.chrome/com.google.android.apps.chrome.Main#0
09-02 13:50:08.987  3462  3462 I SurfaceFlinger:      Device | 0x7abe64b980 | 0000 | RGBA_8888 |   0.0    0.0  720.0   42.0 |    0    0  720   42 | StatusBar#0
09-02 13:50:08.987  3462  3462 I SurfaceFlinger: 
09-02 13:50:08.989  3462  4087 I SurfaceFlinger: id=2186 Removed Splash Screen com.android.chrome#0 (-2/5)
09-02 13:50:08.992  3979  4522 D ConnectivityService: filterNetworkStateForUid() uid: 10096 networkInfo: [type: WIFI[] - WIFI, state: CONNECTED/CONNECTED, reason: (unspecified), extra: "WiFi 69", failover: false, available: true, roaming: false, metered: false]
09-02 13:50:08.996 14953 14953 D ConnectivityManager: requestNetwork; CallingUid : 10096, CallingPid : 14953
09-02 13:50:08.997  3462  3462 I Layer   : id=2186 onRemoved Splash Screen com.android.chrome#0 
09-02 13:50:08.998 15033 15033 I cr_SplitCompatApp: Launched version=107.0.5304.91 minSdkVersion=24 isBundle=true processName=com.android.chrome:privileged_process0 isIsolated=false
09-02 13:50:09.002  3979  4323 I OpenGLRenderer: Initialized EGL, version 1.4
09-02 13:50:09.002  3979  4323 D OpenGLRenderer: Swap behavior 2
09-02 13:50:09.002  3979  6264 D ConnectivityService: listenForNetwork for uid/pid:10096/14953 NetworkRequest [ LISTEN id=777, [ Capabilities: INTERNET&NOT_RESTRICTED&TRUSTED&FOREGROUND] ]
09-02 13:50:09.003  3979  4180 D ConnectivityService: rematching NetworkAgentInfo [WIFI () - 502]
09-02 13:50:09.003  3979  4180 D ConnectivityService:  network has: [ Transports: WIFI Capabilities: NOT_METERED&INTERNET&NOT_RESTRICTED&TRUSTED&NOT_VPN&VALIDATED&FOREGROUND LinkUpBandwidth>=1048576Kbps LinkDnBandwidth>=1048576Kbps SignalStrength: -52]
09-02 13:50:09.003  3979  4180 D ConnectivityService: Network NetworkAgentInfo [WIFI () - 502] was already satisfying request 3. No change.
09-02 13:50:09.003  3979  4180 D ConnectivityService: Network NetworkAgentInfo [WIFI () - 502] was already satisfying request 1. No change.
09-02 13:50:09.003  3979  4180 D ConnectivityService: Network NetworkAgentInfo [WIFI () - 502] was already satisfying request 443. No change.
09-02 13:50:09.003  3979  4180 D ConnectivityService: Network NetworkAgentInfo [WIFI () - 502] was already satisfying request 140. No change.
09-02 13:50:09.004  3979  4180 D ConnectivityService: sending notification AVAILABLE for NetworkRequest [ LISTEN id=777, [ Capabilities: INTERNET&NOT_RESTRICTED&TRUSTED&FOREGROUND] ]
09-02 13:50:09.004  3979  4180 D ConnectivityService: sending notification CAP_CHANGED for NetworkRequest [ LISTEN id=777, [ Capabilities: INTERNET&NOT_RESTRICTED&TRUSTED&FOREGROUND] ]
09-02 13:50:09.004  3979  4522 D ConnectivityService: filterNetworkStateForUid() uid: 10096 networkInfo: [type: WIFI[] - WIFI, state: CONNECTED/CONNECTED, reason: (unspecified), extra: "WiFi 69", failover: false, available: true, roaming: false, metered: false]
09-02 13:50:09.004  3979  4180 D ConnectivityService: sending notification IP_CHANGED for NetworkRequest [ LISTEN id=777, [ Capabilities: INTERNET&NOT_RESTRICTED&TRUSTED&FOREGROUND] ]
09-02 13:50:09.026 15033 15033 I cr_ChildProcessService: Creating new ChildProcessService pid=15033
