09-02 13:48:37.673 14547 14547 D ConnectivityManager: requestNetwork; CallingUid : 10096, CallingPid : 14547
09-02 13:48:37.674  3979 14776 D ConnectivityService: listenForNetwork for uid/pid:10096/14547 NetworkRequest [ LISTEN id=775, [ Capabilities: INTERNET&NOT_RESTRICTED&TRUSTED&FOREGROUND] ]
09-02 13:48:37.675  3979  4180 D ConnectivityService: rematching NetworkAgentInfo [WIFI () - 502]
09-02 13:48:37.675  3979  4180 D ConnectivityService:  network has: [ Transports: WIFI Capabilities: NOT_METERED&INTERNET&NOT_RESTRICTED&TRUSTED&NOT_VPN&VALIDATED&FOREGROUND LinkUpBandwidth>=1048576Kbps LinkDnBandwidth>=1048576Kbps SignalStrength: -52]
09-02 13:48:37.675  3979  4180 D ConnectivityService: Network NetworkAgentInfo [WIFI () - 502] was already satisfying request 3. No change.
09-02 13:48:37.675  3979  4180 D ConnectivityService: Network NetworkAgentInfo [WIFI () - 502] was already satisfying request 1. No change.
09-02 13:48:37.675  3979  4180 D ConnectivityService: Network NetworkAgentInfo [WIFI () - 502] was already satisfying request 443. No change.
09-02 13:48:37.675  3979  4180 D ConnectivityService: Network NetworkAgentInfo [WIFI () - 502] was already satisfying request 140. No change.
09-02 13:48:37.675  3979  4180 D ConnectivityService: sending notification AVAILABLE for NetworkRequest [ LISTEN id=775, [ Capabilities: INTERNET&NOT_RESTRICTED&TRUSTED&FOREGROUND] ]
09-02 13:48:37.675  3979  4180 D ConnectivityService: sending notification CAP_CHANGED for NetworkRequest [ LISTEN id=775, [ Capabilities: INTERNET&NOT_RESTRICTED&TRUSTED&FOREGROUND] ]
09-02 13:48:37.676  3979  4180 D ConnectivityService: sending notification IP_CHANGED for NetworkRequest [ LISTEN id=775, [ Capabilities: INTERNET&NOT_RESTRICTED&TRUSTED&FOREGROUND] ]
09-02 13:48:37.676  3979 14776 D ConnectivityService: filterNetworkStateForUid() uid: 10096 networkInfo: [type: WIFI[] - WIFI, state: CONNECTED/CONNECTED, reason: (unspecified), extra: "WiFi 69", failover: false, available: true, roaming: false, metered: false]
09-02 13:48:37.694  3979  5965 D SecContentProvider: query(), uri = 2 selection = isAuditLogEnabled
09-02 13:48:37.694  3979  5965 D SecContentProvider: called from com.android.chrome
09-02 13:48:37.695  3979  4522 D SecContentProvider: query(), uri = 5 selection = getAutoFillSetting
09-02 13:48:37.696  3979  4522 D SecContentProvider: called from com.android.chrome
09-02 13:48:37.697  3979 14776 D SecContentProvider: query(), uri = 5 selection = getCookiesSetting
09-02 13:48:37.697  3979 14776 D SecContentProvider: called from com.android.chrome
09-02 13:48:37.703 14547 14547 I cr_CompositorSurfaceMgr: Transitioning to surface with format: -1
09-02 13:48:37.703  3979  4522 D SecContentProvider: query(), uri = 5 selection = getHttpProxy
09-02 13:48:37.703  3979  4522 D SecContentProvider: called from com.android.chrome
09-02 13:48:37.704  3462  3462 I SurfaceFlinger: id=2179 createSurf (720x1238),4 flag=404, SurfaceView - com.android.chrome/com.google.android.apps.chrome.Main@c2f7732@0#0
09-02 13:48:37.704  3979  4522 D SecContentProvider: query(), uri = 5 selection = getJavaScriptSetting
09-02 13:48:37.705  3979  4522 D SecContentProvider: called from com.android.chrome
09-02 13:48:37.705  3462  3462 I SurfaceFlinger: id=2180 createSurf (720x1238),-1 flag=20404, Background for - SurfaceView - com.android.chrome/com.google.android.apps.chrome.Main@c2f7732@0#0
09-02 13:48:37.705 14627 14648 I cr_LibraryLoader: Successfully loaded native library
09-02 13:48:37.706  3979 14776 D SecContentProvider: query(), uri = 5 selection = getPopupsSetting
09-02 13:48:37.706 14547 14547 D SurfaceView: BG show() Surface(name=Background for - SurfaceView - com.android.chrome/com.google.android.apps.chrome.Main@c2f7732@0) android.view.SurfaceView{c2f7732 V.E...... ......ID 0,0-720,1238}
09-02 13:48:37.706  3979 14776 D SecContentProvider: called from com.android.chrome
09-02 13:48:37.706 14547 14547 V Surface : sf_framedrop debug : 0x4f4c, game : false, logging : 0
09-02 13:48:37.707 14547 14547 D SurfaceView: surfaceCreated 1 android.view.SurfaceView{c2f7732 V.E...... ......ID 0,0-720,1238}
09-02 13:48:37.707 14547 14547 I cr_CompositorSurfaceMgr: surfaceCreated format: 0
09-02 13:48:37.707 14627 14648 I cr_CachingUmaRecorder: Flushed 3 samples from 3 histograms.
09-02 13:48:37.707 14547 14547 D SurfaceView: surfaceChanged (720,1238) 1 android.view.SurfaceView{c2f7732 V.E...... ......ID 0,0-720,1238}
09-02 13:48:37.708  3979  4522 D SecContentProvider: query(), uri = 22 selection = isAuthenticationEnabled
09-02 13:48:37.709  3979  4522 D SecContentProvider: called from com.android.chrome
09-02 13:48:37.715  3979  5965 D SecContentProvider: query(), uri = 10 selection = getURLFilterList
09-02 13:48:37.716  3979  5965 D SecContentProvider: called from com.android.chrome
09-02 13:48:37.717  3979  4522 D SecContentProvider: query(), uri = 10 selection = getURLFilterEnabled
09-02 13:48:37.717  3979  4522 D SecContentProvider: called from com.android.chrome
09-02 13:48:37.718  3979  4522 D SecContentProvider: query(), uri = 10 selection = getURLFilterReportEnabled
09-02 13:48:37.720  3979  4522 D SecContentProvider: query(), uri = 2 selection = isAuditLogEnabled
09-02 13:48:37.721  3979  4522 D SecContentProvider: query(), uri = 5 selection = getAutoFillSetting
09-02 13:48:37.723  3979  4522 D SecContentProvider: query(), uri = 5 selection = getCookiesSetting
09-02 13:48:37.724  3979  4522 D SecContentProvider: query(), uri = 5 selection = getHttpProxy
09-02 13:48:37.726  3979  4522 D SecContentProvider: query(), uri = 5 selection = getJavaScriptSetting
09-02 13:48:37.727  3979  4522 I chatty  : uid=1000(system) Binder:3979_5 identical 6 lines
09-02 13:48:37.727 14547 14547 I cr_ChromeTabbedActivity: #initializeState
09-02 13:48:37.727 14547 14547 I cr_CipherFactory: #restoreFromBundle, no savedInstanceState.
09-02 13:48:37.727 14547 14547 I cr_tabmodel: #loadState, ignoreIncognitoFiles? true
09-02 13:48:37.728 14547 14547 I cr_tabmodel: Tab metadata, skipIncognitoCount? false incognitoCount: 0 totalCount: 73
09-02 13:48:37.728  3979  4522 D SecContentProvider: query(), uri = 5 selection = getPopupsSetting
09-02 13:48:37.728 14547 14547 I cr_tabmodel: #isIncognitoTabBeingRestored from tabDetails:  false
09-02 13:48:37.729 14547 14547 W cr_tabmodel: Failed to restore TabState; creating Tab with last known URL.
09-02 13:48:37.731  3979  4522 D SecContentProvider: called from com.android.chrome
09-02 13:48:37.732  3979  5965 D SecContentProvider: query(), uri = 22 selection = isAuthenticationEnabled
09-02 13:48:37.732  3979  5965 D SecContentProvider: called from com.android.chrome
09-02 13:48:37.737  3979  5965 D SecContentProvider: query(), uri = 10 selection = getURLFilterList
09-02 13:48:37.738  3979  5965 D SecContentProvider: called from com.android.chrome
09-02 13:48:37.739  3979  4522 D SecContentProvider: query(), uri = 10 selection = getURLFilterEnabled
09-02 13:48:37.740  3979  4522 D SecContentProvider: called from com.android.chrome
09-02 13:48:37.741  3979  4522 D SecContentProvider: query(), uri = 10 selection = getURLFilterReportEnabled
09-02 13:48:37.742  3979  4522 D SecContentProvider: called from com.android.chrome
09-02 13:48:37.749 14547 14547 E ResourceType: Style contains key with bad entry: 0x0101062c
09-02 13:48:37.764  3979  5965 D ConnectivityService: filterNetworkStateForUid() uid: 10096 networkInfo: [type: WIFI[] - WIFI, state: CONNECTED/CONNECTED, reason: (unspecified), extra: "WiFi 69", failover: false, available: true, roaming: false, metered: false]
09-02 13:48:37.767 22051 22051 D BoundBrokerSvc: onBind: Intent { act=com.google.android.gms.languageprofile.service.START pkg=com.google.android.gms }
09-02 13:48:37.767 22051 22051 D BoundBrokerSvc: Loading bound service for intent: Intent { act=com.google.android.gms.languageprofile.service.START pkg=com.google.android.gms }
09-02 13:48:37.785  3979  5965 D SamsungAlarmManager: setInexact Intent (T:3/F:0/AC:false) 20330830T134837 - CU:10025/CP:22051
09-02 13:48:37.793 14627 14648 D libGLESv2: STS_GLApi : DTS, ODTC are not allowed for Package : com.android.chrome:privileged_process0
09-02 13:48:37.822 14547 14547 E cr_IntentUtils: getBooleanExtra failed on intent null
09-02 13:48:37.822 14547 14547 E cr_IntentUtils: getBooleanExtra failed on intent null
09-02 13:48:37.823 14582 14642 I cr_LibraryLoader: Successfully loaded native library
09-02 13:48:37.824 14582 14642 I cr_CachingUmaRecorder: Flushed 3 samples from 3 histograms.
09-02 13:48:37.830 22051 22051 D BoundBrokerSvc: onBind: Intent { act=com.google.android.gms.safetynet.service.START pkg=com.google.android.gms }
09-02 13:48:37.830 22051 22051 D BoundBrokerSvc: Loading bound service for intent: Intent { act=com.google.android.gms.safetynet.service.START pkg=com.google.android.gms }
09-02 13:48:37.871 14627 14648 V Surface : sf_framedrop debug : 0x4f4c, game : false, logging : 0
09-02 13:48:37.872  3979  5965 D SamsungAlarmManager: setExact Intent (T:3/F:0/AC:false) 20230902T134838 - CU:10025/CP:10264
09-02 13:48:37.873  3979  5965 I SamsungAlarmManager: setLocked to kernel - T:3 / 20230902T134838, SetElapsed=100500297, nowELAPSED=100499305
09-02 13:48:37.873 14627 14648 D mali_winsys: EGLint new_window_surface(egl_winsys_display *, void *, EGLSurface, EGLConfig, egl_winsys_surface **, egl_color_buffer_format *, EGLBoolean) returns 0x3000,  [720x1238]-format:1
09-02 13:48:37.876 10264 10280 I FontLog : Received query name=Google Sans&weight=700&besteffort=false, URI content://com.google.android.gms.fonts [CONTEXT service_id=132 ]
09-02 13:48:37.877 10264 10280 I FontLog : Query [name=Google Sans&weight=700&besteffort=false] resolved to {Google Sans, wdth 100.0, wght 700, ital 0.0, bestEffort false} [CONTEXT service_id=132 ]
09-02 13:48:37.879 10264 10280 I FontLog : Fetch {Google Sans, wdth 100.0, wght 700, ital 0.0, bestEffort false} end status Status{statusCode=SUCCESS, resolution=null} [CONTEXT service_id=132 ]
09-02 13:48:37.883  3979 14776 D ConnectivityService: filterNetworkStateForUid() uid: 10025 networkInfo: [type: WIFI[] - WIFI, state: CONNECTED/CONNECTED, reason: (unspecified), extra: "WiFi 69", failover: false, available: true, roaming: false, metered: false]
09-02 13:48:37.884  3979  4522 D ConnectivityService: filterNetworkStateForUid() uid: 10025 networkInfo: [type: WIFI[] - WIFI, state: CONNECTED/CONNECTED, reason: (unspecified), extra: "WiFi 69", failover: false, available: true, roaming: false, metered: false]
09-02 13:48:37.885 10264 10280 I FontLog : Pulling font file for id = 1044, cache size = 4 [CONTEXT service_id=132 ]
09-02 13:48:37.900 10264 10280 I FontLog : Received query name=Noto Color Emoji Compat&weight=400&besteffort=false, URI content://com.google.android.gms.fonts [CONTEXT service_id=132 ]
09-02 13:48:37.901 10264 10280 I FontLog : Query [name=Noto Color Emoji Compat&weight=400&besteffort=false] resolved to {Noto Color Emoji Compat, wdth 100.0, wght 400, ital 0.0, bestEffort false} [CONTEXT service_id=132 ]
09-02 13:48:37.903 10264 10280 I FontLog : Fetch {Noto Color Emoji Compat, wdth 100.0, wght 400, ital 0.0, bestEffort false} end status Status{statusCode=SUCCESS, resolution=null} [CONTEXT service_id=132 ]
09-02 13:48:37.905  3979  4672 D SamsungAlarmManager: Cancel Alarm calling from uid:10025 pid :10264 / op:PendingIntent{8c6f203: PendingIntentRecord{9212591 com.google.android.gms broadcastIntent}}
09-02 13:48:37.906  3979  4672 I SamsungAlarmManager: setLocked to kernel - T:3 / 20230902T134900, SetElapsed=100521432, nowELAPSED=100499339
09-02 13:48:37.911 10264 10280 I FontLog : Pulling font file for id = 1045, cache size = 5 [CONTEXT service_id=132 ]
09-02 13:48:37.917  3979  3988 I zygote64: Background concurrent copying GC freed 208103(10MB) AllocSpace objects, 120(2MB) LOS objects, 38% free, 38MB/62MB, paused 480us total 188.849ms
09-02 13:48:37.919 10264 10280 I FontLog : Received query name=Google Sans&weight=400&besteffort=false, URI content://com.google.android.gms.fonts [CONTEXT service_id=132 ]
09-02 13:48:37.919 10264 10280 I FontLog : Query [name=Google Sans&weight=400&besteffort=false] resolved to {Google Sans, wdth 100.0, wght 400, ital 0.0, bestEffort false} [CONTEXT service_id=132 ]
09-02 13:48:37.920 10264 10280 I FontLog : Font PFD returned from cache for {Google Sans, wdth 100.0, wght 400, ital 0.0, bestEffort false} [CONTEXT service_id=132 ]
09-02 13:48:37.921 10264 10280 I FontLog : Fetch {Google Sans, wdth 100.0, wght 400, ital 0.0, bestEffort false} end status Status{statusCode=SUCCESS, resolution=null} [CONTEXT service_id=132 ]
09-02 13:48:37.928 10264 10280 I FontLog : Pulling font file for id = 1046, cache size = 6 [CONTEXT service_id=132 ]
09-02 13:48:37.933 10264 10280 I FontLog : Received query name=Google Sans&weight=500&besteffort=false, URI content://com.google.android.gms.fonts [CONTEXT service_id=132 ]
09-02 13:48:37.933 10264 10280 I FontLog : Query [name=Google Sans&weight=500&besteffort=false] resolved to {Google Sans, wdth 100.0, wght 500, ital 0.0, bestEffort false} [CONTEXT service_id=132 ]
09-02 13:48:37.934 10264 10280 I FontLog : Font PFD returned from cache for {Google Sans, wdth 100.0, wght 500, ital 0.0, bestEffort false} [CONTEXT service_id=132 ]
09-02 13:48:37.934 10264 10280 I FontLog : Fetch {Google Sans, wdth 100.0, wght 500, ital 0.0, bestEffort false} end status Status{statusCode=SUCCESS, resolution=null} [CONTEXT service_id=132 ]
09-02 13:48:37.935 14547 14547 W ResourceType: Failure getting entry for 0x7f01032b (t=0 e=811) (error -75)
09-02 13:48:37.937 10264 10280 I FontLog : Pulling font file for id = 1047, cache size = 7 [CONTEXT service_id=132 ]
09-02 13:48:37.951 14547 14547 W ResourceType: Failure getting entry for 0x7f0107ae (t=0 e=1966) (error -75)
09-02 13:48:37.952 14547 14547 W ResourceType: Failure getting entry for 0x7f010206 (t=0 e=518) (error -75)
09-02 13:48:37.961  3979  4672 D SamsungAlarmManager: setInexact Intent (T:3/F:0/AC:false) 20230902T141155 - CU:10025/CP:10264
09-02 13:48:37.962 10264 14684 I NetworkScheduler.Stats: Task com.google.android.gms/com.google.android.gms.languageprofile.GcmTaskService started execution. cause:7 exec_start_elapsed_seconds: 100499 [CONTEXT service_id=218 ]
09-02 13:48:37.970 14547 14547 I cr_OfflineIndicator: onConnectionTypeChanged 2
09-02 13:48:37.971 14547 14547 I cr_OfflineIndicator: Reported by system: [ Transports: WIFI Capabilities: WIFI_P2P&NOT_RESTRICTED&TRUSTED&NOT_VPN LinkUpBandwidth>=1048576Kbps LinkDnBandwidth>=1048576Kbps]
09-02 13:48:37.971 14547 14547 I cr_OfflineIndicator: Reported by system: [ Transports: WIFI Capabilities: NOT_METERED&INTERNET&NOT_RESTRICTED&TRUSTED&NOT_VPN&VALIDATED&FOREGROUND LinkUpBandwidth>=1048576Kbps LinkDnBandwidth>=1048576Kbps SignalStrength: -52]
09-02 13:48:37.971 14547 14547 I cr_OfflineIndicator: setConnectionState connectionState=4
09-02 13:48:37.972 14547 14547 I cr_OfflineDetector: Running updateState mConnectivityDetectorInitialized: true, mTimeWhenLastForegrounded: 100499402, getElapsedTime: 100499404, mTimeWhenLastOfflineNotificationReceived: 0, mTimeWhenLastOnline: 100499404, mApplicationState: 1, mIsOfflineLastReportedByConnectivityDetector: false, mIsEffectivelyOffline: false
09-02 13:48:37.972 14547 14547 I cr_OfflineDetector: updateState(): timeSinceLastForeground: 2, timeSinceOfflineNotificationReceived: 100499404, timeSinceLastOnline: 0, timeNeededForForeground: 1998, timeNeededForOffline: -100497404
09-02 13:48:37.972 14547 14547 I cr_OfflineIndicator: processConnectivityCheckResult mConnectionState=4 mConnectivityCheckingStage=1
09-02 13:48:37.980  3979  4672 W AppOps  : Bad call: specified package com.google.android.gms under uid 10096 but it is really 10025
09-02 13:48:37.980  3979  4672 W AppOps  : java.lang.RuntimeException: here
09-02 13:48:37.980  3979  4672 W AppOps  : 	at com.android.server.AppOpsService.getOpsRawLocked(AppOpsService.java:1402)
09-02 13:48:37.980  3979  4672 W AppOps  : 	at com.android.server.AppOpsService.checkPackage(AppOpsService.java:1106)
09-02 13:48:37.980  3979  4672 W AppOps  : 	at com.android.internal.app.IAppOpsService$Stub.onTransact(IAppOpsService.java:169)
09-02 13:48:37.980  3979  4672 W AppOps  : 	at android.os.Binder.execTransact(Binder.java:682)
09-02 13:48:37.980  3979  4672 I chatty  : uid=1000(system) Binder:3979_B identical 1 line
09-02 13:48:37.981  3979  4672 W AppOps  : Bad call: specified package com.google.android.gms under uid 10096 but it is really 10025
09-02 13:48:37.981  3979  4672 W AppOps  : java.lang.RuntimeException: here
09-02 13:48:37.981  3979  4672 W AppOps  : 	at com.android.server.AppOpsService.getOpsRawLocked(AppOpsService.java:1402)
09-02 13:48:37.981  3979  4672 W AppOps  : 	at com.android.server.AppOpsService.checkPackage(AppOpsService.java:1106)
09-02 13:48:37.981  3979  4672 W AppOps  : 	at com.android.internal.app.IAppOpsService$Stub.onTransact(IAppOpsService.java:169)
09-02 13:48:37.981  3979  4672 W AppOps  : 	at android.os.Binder.execTransact(Binder.java:682)
09-02 13:48:37.983  3979  5172 W AppOps  : Bad call: specified package com.google.android.gms under uid 10096 but it is really 10025
09-02 13:48:37.983  3979  5172 W AppOps  : java.lang.RuntimeException: here
09-02 13:48:37.983  3979  5172 W AppOps  : 	at com.android.server.AppOpsService.getOpsRawLocked(AppOpsService.java:1402)
09-02 13:48:37.983  3979  5172 W AppOps  : 	at com.android.server.AppOpsService.checkPackage(AppOpsService.java:1106)
09-02 13:48:37.983  3979  5172 W AppOps  : 	at com.android.internal.app.IAppOpsService$Stub.onTransact(IAppOpsService.java:169)
09-02 13:48:37.983  3979  5172 W AppOps  : 	at android.os.Binder.execTransact(Binder.java:682)
09-02 13:48:37.984  3979  4672 W AppOps  : Bad call: specified package com.google.android.gms under uid 10096 but it is really 10025
09-02 13:48:37.984  3979  4672 W AppOps  : java.lang.RuntimeException: here
09-02 13:48:37.984  3979  4672 W AppOps  : 	at com.android.server.AppOpsService.getOpsRawLocked(AppOpsService.java:1402)
09-02 13:48:37.984  3979  4672 W AppOps  : 	at com.android.server.AppOpsService.checkPackage(AppOpsService.java:1106)
09-02 13:48:37.984  3979  4672 W AppOps  : 	at com.android.internal.app.IAppOpsService$Stub.onTransact(IAppOpsService.java:169)
09-02 13:48:37.984  3979  4672 W AppOps  : 	at android.os.Binder.execTransact(Binder.java:682)
09-02 13:48:38.005  3979  4672 W StorageManager: getStorageLowBytes lowPercent : 5, lowBytes : 1260145254, maxLowBytes : 524288000
09-02 13:48:38.008  3979  4672 W StorageManager: getStorageLowBytes lowPercent : 5, lowBytes : 1260145254, maxLowBytes : 524288000
09-02 13:48:38.011 14547 14547 V InputMethodManager: Starting input: tba=android.view.inputmethod.EditorInfo@7cd09c nm : com.android.chrome ic=null
09-02 13:48:38.012 14547 14547 I InputMethodManager: startInputInner - mService.startInputOrWindowGainedFocus
09-02 13:48:38.012  3979  5172 D InputMethodManagerService: startInputOrWindowGainedFocus : startInput 
09-02 13:48:38.012  3979  5172 D InputMethodManagerService: setCurrentInputInfo - inputContext : null eidtorInfo : android.view.inputmethod.EditorInfo@9bff244 missingMethods : 0
09-02 13:48:38.013  4336  4336 I InputMethodWrapper:  call dispatchStartInputWithToken
09-02 13:48:38.013  4336  4336 I InputMethodService: dispatchStartInputWithToken
09-02 13:48:38.013  4336  4336 I SKBD    : SamsungKeypad [IMI] onStartInput - caller pid : 14547, caller uid : 10096
09-02 13:48:38.013  4336  4336 I SKBD    : SamsungKeypad  CACHEDIC onStartInput  isCachedICEnabled:  false
09-02 13:48:38.013  4336  4336 I SKBD    : atl getDefaultInputRange : UNKNOWN
09-02 13:48:38.013  4336  4336 I SKBD    : awo resetBinderManager()
09-02 13:48:38.013  4336  4336 I SKBD_SYNC: SamsungKeypad onStartInput: import DLM
09-02 13:48:38.013  4336  4336 I SKBD    : atl setPrivateImeOptionsToTable privateImeOptions ( null )
09-02 13:48:38.013  4336  4336 I SKBD    : atl imeOptions is null
09-02 13:48:38.013  4336  4336 I SKBD    : SamsungKeypad [PF_OP][onStartInput] 642077
09-02 13:48:38.019  3979  3979 D CustomFrequencyManagerService: releaseDVFSLockLocked : Getting Lock type frm List : DVFS_MIN_LIMIT  frequency : 1560000  uid : 1000  pid : 3979  tag : AMS_RESUME_TAIL@CPU_MIN@14
09-02 13:48:38.022 10264  9631 I NetworkScheduler.Stats: Task com.google.android.gms/com.google.android.gms.languageprofile.GcmTaskService finished executing. cause:7 result: 1 elapsed_millis: 78 uptime_millis: 77 exec_start_elapsed_seconds: 100499 [CONTEXT service_id=218 ]
09-02 13:48:38.023 14582 14642 I tflite  : Initialized TensorFlow Lite runtime.
09-02 13:48:38.035  3979  5965 D ConnectivityService: filterNetworkStateForUid() uid: 10025 networkInfo: [type: WIFI[] - WIFI, state: CONNECTED/CONNECTED, reason: (unspecified), extra: "WiFi 69", failover: false, available: true, roaming: false, metered: false]
09-02 13:48:38.035  3979  5965 D ConnectivityService: filterNetworkStateForUid() uid: 10025 networkInfo: [type: WIFI[] - WIFI, state: CONNECTED/CONNECTED, reason: (unspecified), extra: "WiFi 69", failover: false, available: true, roaming: false, metered: false]
09-02 13:48:38.038  3979  5965 D ConnectivityService: filterNetworkStateForUid() uid: 10096 networkInfo: [type: WIFI[] - WIFI, state: CONNECTED/CONNECTED, reason: (unspecified), extra: "WiFi 69", failover: false, available: true, roaming: false, metered: false]
09-02 13:48:38.038  3979  3990 D SamsungAlarmManager: Cancel Alarm calling from uid:10025 pid :10264 / op:PendingIntent{7230f2d: PendingIntentRecord{9212591 com.google.android.gms broadcastIntent}}
09-02 13:48:38.043 14547 14687 D ConnectivityManager: requestNetwork; CallingUid : 10096, CallingPid : 14547
09-02 13:48:38.043  3979  5965 D ConnectivityService: listenForNetwork for uid/pid:10096/14547 NetworkRequest [ LISTEN id=776, [ Capabilities: INTERNET&NOT_RESTRICTED&TRUSTED&FOREGROUND] ]
09-02 13:48:38.044  3979  3990 D SamsungAlarmManager: setInexact Intent (T:3/F:0/AC:false) 20230902T141236 - CU:10025/CP:10264
09-02 13:48:38.044  3979  4180 D ConnectivityService: rematching NetworkAgentInfo [WIFI () - 502]
09-02 13:48:38.044  3979  4180 D ConnectivityService:  network has: [ Transports: WIFI Capabilities: NOT_METERED&INTERNET&NOT_RESTRICTED&TRUSTED&NOT_VPN&VALIDATED&FOREGROUND LinkUpBandwidth>=1048576Kbps LinkDnBandwidth>=1048576Kbps SignalStrength: -52]
09-02 13:48:38.044  3979  4180 D ConnectivityService: Network NetworkAgentInfo [WIFI () - 502] was already satisfying request 3. No change.
09-02 13:48:38.044  3979  4180 D ConnectivityService: Network NetworkAgentInfo [WIFI () - 502] was already satisfying request 1. No change.
09-02 13:48:38.044  3979  4180 D ConnectivityService: Network NetworkAgentInfo [WIFI () - 502] was already satisfying request 443. No change.
09-02 13:48:38.044  3979  4180 D ConnectivityService: Network NetworkAgentInfo [WIFI () - 502] was already satisfying request 140. No change.
09-02 13:48:38.045  3979  4180 D ConnectivityService: sending notification AVAILABLE for NetworkRequest [ LISTEN id=776, [ Capabilities: INTERNET&NOT_RESTRICTED&TRUSTED&FOREGROUND] ]
09-02 13:48:38.045  3979  5965 D ConnectivityService: filterNetworkStateForUid() uid: 10096 networkInfo: [type: WIFI[] - WIFI, state: CONNECTED/CONNECTED, reason: (unspecified), extra: "WiFi 69", failover: false, available: true, roaming: false, metered: false]
09-02 13:48:38.045  3979  4180 D ConnectivityService: sending notification CAP_CHANGED for NetworkRequest [ LISTEN id=776, [ Capabilities: INTERNET&NOT_RESTRICTED&TRUSTED&FOREGROUND] ]
09-02 13:48:38.045  3979  4180 D ConnectivityService: sending notification IP_CHANGED for NetworkRequest [ LISTEN id=776, [ Capabilities: INTERNET&NOT_RESTRICTED&TRUSTED&FOREGROUND] ]
09-02 13:48:38.048  3979  5965 D ConnectivityService: filterNetworkStateForUid() uid: 10096 networkInfo: [type: WIFI[] - WIFI, state: CONNECTED/CONNECTED, reason: (unspecified), extra: "WiFi 69", failover: false, available: true, roaming: false, metered: false]
09-02 13:48:38.056  3979  5965 I chatty  : uid=1000(system) Binder:3979_10 identical 2 lines
09-02 13:48:38.063  3979  5965 D ConnectivityService: filterNetworkStateForUid() uid: 10096 networkInfo: [type: WIFI[] - WIFI, state: CONNECTED/CONNECTED, reason: (unspecified), extra: "WiFi 69", failover: false, available: true, roaming: false, metered: false]
09-02 13:48:38.072  3979  3990 D ConnectivityService: filterNetworkStateForUid() uid: 10096 networkInfo: [type: WIFI[] - WIFI, state: CONNECTED/CONNECTED, reason: (unspecified), extra: "WiFi 69", failover: false, available: true, roaming: false, metered: false]
09-02 13:48:38.080 14547 14547 W ResourceType: Failure getting entry for 0x7f0100fa (t=0 e=250) (error -75)
09-02 13:48:38.083 14547 14547 W ResourceType: Failure getting entry for 0x7f010854 (t=0 e=2132) (error -75)
09-02 13:48:38.114 14547 14547 W ResourceType: Failure getting entry for 0x7f010220 (t=0 e=544) (error -75)
09-02 13:48:38.116 14547 14547 W ResourceType: Failure getting entry for 0x7f0107f5 (t=0 e=2037) (error -75)
09-02 13:48:38.136 14547 14547 W ResourceType: Failure getting entry for 0x7f010853 (t=0 e=2131) (error -75)
09-02 13:48:38.158 14547 14547 W InputMethodManager: Ignoring onBind: cur seq=1380, given seq=1379
09-02 13:48:38.158 14547 14547 I Choreographer: Skipped 47 frames!  The application may be doing too much work on its main thread.
09-02 13:48:38.163  3979  3990 V WindowManager: Relayout Window{1bb53ea u0 com.android.chrome/com.google.android.apps.chrome.Main}: viewVisibility=0 req=720x1280 WM.LayoutParams{(0,0)(fillxfill) sim=#13 ty=1 fl=#81810100 pfl=0x20000 fmt=-3 wanim=0x10302fd vsysui=0x2600 sysuil=true needsMenuKey=2 colorMode=0 naviIconColor=0}
09-02 13:48:38.168 14547 14547 D ViewRootImpl@73ec0d3[Main]: Relayout returned: old=[0,0][720,1280] new=[0,0][720,1280] result=0x1 surface={valid=true 3331004416} changed=false
09-02 13:48:38.174 14547 14619 D NetworkSecurityConfig: Using Network Security Config from resource 0_resource_name_obfuscated debugBuild: false
09-02 13:48:38.179  3979  5965 D ConnectivityService: filterNetworkStateForUid() uid: 10096 networkInfo: [type: WIFI[] - WIFI, state: CONNECTED/CONNECTED, reason: (unspecified), extra: "WiFi 69", failover: false, available: true, roaming: false, metered: false]
09-02 13:48:38.181  3979  5172 D ConnectivityService: filterNetworkStateForUid() uid: 10096 networkInfo: [type: WIFI[] - WIFI, state: CONNECTED/CONNECTED, reason: (unspecified), extra: "WiFi 69", failover: false, available: true, roaming: false, metered: false]
09-02 13:48:38.182  3462  3462 I SurfaceFlinger: Display 0 HWC layers:
09-02 13:48:38.182  3462  3462 I SurfaceFlinger:     type    |    handle    | flag |  format   |   source crop (l,t,r,b)    |         frame       | name 
09-02 13:48:38.182  3462  3462 I SurfaceFlinger: ------------+--------------+------+-----------+----------------------------+---------------------+------
09-02 13:48:38.182  3462  3462 I SurfaceFlinger:      Device | 0x7ac4c24d80 | 0002 | RGBA_8888 |   0.0    0.0  720.0 1238.0 |    0   42  720 1280 | SurfaceView - com.android.chrome/com[...]android.apps.chrome.Main@c2f7732@0#0
09-02 13:48:38.182  3462  3462 I SurfaceFlinger:      Device | 0x7abe689840 | 0000 | RGBA_8888 |   0.0    0.0  720.0 1280.0 |    0    0  720 1280 | com.android.chrome/com.google.android.apps.chrome.Main#0
09-02 13:48:38.182  3462  3462 I SurfaceFlinger:      Device | 0x7ac4c25140 | 0000 | RGBA_8888 |   0.0    0.0  720.0   42.0 |    0    0  720   42 | StatusBar#0
09-02 13:48:38.182  3462  3462 I SurfaceFlinger: 
09-02 13:48:38.183  3979  3990 D ConnectivityService: filterNetworkStateForUid() uid: 10096 networkInfo: [type: WIFI[] - WIFI, state: CONNECTED/CONNECTED, reason: (unspecified), extra: "WiFi 69", failover: false, available: true, roaming: false, metered: false]
09-02 13:48:38.186  3979  4672 D ConnectivityService: filterNetworkStateForUid() uid: 10096 networkInfo: [type: WIFI[] - WIFI, state: CONNECTED/CONNECTED, reason: (unspecified), extra: "WiFi 69", failover: false, available: true, roaming: false, metered: false]
09-02 13:48:38.189  3979  3990 D ConnectivityService: filterNetworkStateForUid() uid: 10096 networkInfo: [type: WIFI[] - WIFI, state: CONNECTED/CONNECTED, reason: (unspecified), extra: "WiFi 69", failover: false, available: true, roaming: false, metered: false]
09-02 13:48:38.191  3979  3990 D ConnectivityService: filterNetworkStateForUid() uid: 10096 networkInfo: [type: WIFI[] - WIFI, state: CONNECTED/CONNECTED, reason: (unspecified), extra: "WiFi 69", failover: false, available: true, roaming: false, metered: false]
09-02 13:48:38.194 14547 14547 I cr_tabmodel: #isIncognitoTabBeingRestored from tabState:  false
09-02 13:48:38.417  3979  4111 D MdnieScenarioControlService:  packageName : com.android.chrome    className : com.google.android.apps.chrome.Main
09-02 13:48:38.469 14547 14547 I chatty  : uid=10096(u0_a96) identical 142 lines
09-02 13:48:38.469 14547 14547 I cr_tabmodel: #isIncognitoTabBeingRestored from tabState:  false
09-02 13:48:38.490 14547 14547 I cr_tabmodel: Loaded tab lists; counts: 73,0
09-02 13:48:38.652  3979  3979 D PreBindingService: handleMessage : 1
09-02 13:48:39.655 14547 14547 E cr_BTSPrefs: No data found for task id: 53
09-02 13:48:39.657 14547 14547 E cr_BkgrdTaskScheduler: Task cannot be canceled because no data was found instorage or data was invalid
09-02 13:48:40.027  3979  4051 D SensorService: [SO] 0.115 -0.378 9.859
09-02 13:48:40.399  3449  3449 I android.hardware.wifi@1.0-service: getLinkLayerStats
09-02 13:48:41.153  3979  4327 D skia    : Encode PNG Singlethread processname=system_server :       8969 us, width=84, height=84
09-02 13:48:41.259  4349  4349 D KeyguardUpdateMonitor: handleStatusBarState( false )
09-02 13:48:41.683 14031 14031 E adbd    : recv: OPEN 0001f617 00000000 0076:73 68 65 6C 6C 2C 76 32 2C 54 45 52 4D 3D 78 74 65 72 6D 2D 32 35 36 63 6F 6C 6F 72 2C 72 61 77 3A 64 75 6D 70 73 79 73 20 61 63 74 69 76 69 74 79 20 72 65 63 65 6E 74 73 20 7C 20 67 72 65 70 20 22 52 65 63 65 6E 74 20 23 30 22 20 7C 20 63 75 74 20 2D 64 20 22 3D 22 20 2D 66 32 20 7C 20 67 72 65 70 20 2D 6F 20 2D 70 20 22 5B 61 2D 7A 7C 2E 5D 2A 22 00 
09-02 13:48:41.683 14031 14031 E adbd    : service_to_fd: shell,v2,TERM=xterm-256color,raw:dumpsys activity recents | grep "Recent #0" | cut -d "=" -f2 | grep -o -p "[a-z|.]*"
09-02 13:48:41.775 14031 14031 E adbd    : recv: OPEN 0001f61a 00000000 0042:73 68 65 6C 6C 2C 76 32 2C 54 45 52 4D 3D 78 74 65 72 6D 2D 32 35 36 63 6F 6C 6F 72 2C 72 61 77 3A 67 65 74 70 72 6F 70 20 72 6F 2E 62 75 69 6C 64 2E 76 65 72 73 69 6F 6E 2E 72 65 6C 65 61 73 65 00 
09-02 13:48:41.775 14031 14031 E adbd    : service_to_fd: shell,v2,TERM=xterm-256color,raw:getprop ro.build.version.release
09-02 13:48:41.839 14031 14031 E adbd    : recv: OPEN 0001f61d 00000000 003e:73 68 65 6C 6C 2C 76 32 2C 54 45 52 4D 3D 78 74 65 72 6D 2D 32 35 36 63 6F 6C 6F 72 2C 72 61 77 3A 67 65 74 70 72 6F 70 20 72 6F 2E 62 75 69 6C 64 2E 76 65 72 73 69 6F 6E 2E 73 64 6B 00 
09-02 13:48:41.839 14031 14031 E adbd    : service_to_fd: shell,v2,TERM=xterm-256color,raw:getprop ro.build.version.sdk
09-02 13:48:41.940 14031 14031 E adbd    : recv: OPEN 0001f620 00000000 0034:73 68 65 6C 6C 2C 76 32 2C 54 45 52 4D 3D 78 74 65 72 6D 2D 32 35 36 63 6F 6C 6F 72 2C 72 61 77 3A 69 6E 70 75 74 20 74 61 70 20 35 35 30 20 31 35 30 30 00 
09-02 13:48:41.940 14031 14031 E adbd    : service_to_fd: shell,v2,TERM=xterm-256color,raw:input tap 550 1500
09-02 13:48:42.419 14705 14705 W ADebug  : Failed to get property persist.sys.media.traces
09-02 13:48:42.422 14705 14705 E appproc : Enhanced Zygote ASLR: ro.knox.enhance.zygote.aslr != 1. Enhanced Zygote ASLR is DISABLED!
09-02 13:48:42.422 14705 14705 D AndroidRuntime: >>>>>> START com.android.internal.os.RuntimeInit uid 2000 <<<<<<
09-02 13:48:42.426 14705 14705 D SecNativeFeatureCppIf: encoded
09-02 13:48:42.426 14705 14705 D SecNativeFeatureCppIf: decoding and unzip finish
09-02 13:48:42.426 14705 14705 D SecNativeFeatureCppIf: use unCompDataBuff. encoded
09-02 13:48:42.426 14705 14705 D SecNativeFeatureCppIf: Free unCompDataBuff
09-02 13:48:42.426 14705 14705 D SecNativeFeatureCppIf: encoded
09-02 13:48:42.426 14705 14705 D SecNativeFeatureCppIf: decoding and unzip finish
09-02 13:48:42.426 14705 14705 D SecNativeFeatureCppIf: use unCompDataBuff. encoded
09-02 13:48:42.427 14705 14705 D SecNativeFeatureCppIf: Free unCompDataBuff
09-02 13:48:42.427 14705 14705 D SecNativeFeatureCppIf: encoded
09-02 13:48:42.427 14705 14705 D SecNativeFeatureCppIf: decoding and unzip finish
09-02 13:48:42.427 14705 14705 D SecNativeFeatureCppIf: use unCompDataBuff. encoded
09-02 13:48:42.427 14705 14705 D SecNativeFeatureCppIf: Free unCompDataBuff
09-02 13:48:42.427 14705 14705 D SecNativeFeatureCppIf: encoded
09-02 13:48:42.427 14705 14705 D SecNativeFeatureCppIf: decoding and unzip finish
09-02 13:48:42.427 14705 14705 D SecNativeFeatureCppIf: use unCompDataBuff. encoded
09-02 13:48:42.427 14705 14705 D SecNativeFeatureCppIf: Free unCompDataBuff
09-02 13:48:42.558 14705 14705 D ICU     : Timezone override file found: /data/misc/zoneinfo/current/icu/icu_tzdata.dat
09-02 13:48:42.574 14705 14705 I app_process: find the special shared library, skip check
09-02 13:48:42.619 14705 14705 D SemCscFeature: Encoded
09-02 13:48:42.622 14705 14705 I chatty  : uid=2000(shell) identical 2 lines
09-02 13:48:42.624 14705 14705 D SemCscFeature: Encoded
09-02 13:48:42.626 14705 14705 E SemAffinityControl: SemAffinityControl: registerfunction enter
09-02 13:48:42.632 14705 14705 D AndroidRuntime: Calling main entry com.android.commands.input.Input
09-02 13:48:42.637 14705 14705 I Input   : injectMotionEvent: MotionEvent { action=ACTION_DOWN, actionButton=0, id[0]=0, x[0]=550.0, y[0]=1500.0, toolType[0]=TOOL_TYPE_UNKNOWN, buttonState=0, metaState=0, flags=0x0, edgeFlags=0x0, pointerCount=1, historySize=0, eventTime=45855878, downTime=45855878, deviceId=3, source=0x1002 }
09-02 13:48:42.637  3979  4522 D InputDispatcher: Inject motion (14705): action=0x0, eventTime=45855878000000, displayId=0
09-02 13:48:42.637  3979  4081 I InputDispatcher: Dropping event because there is no touchable window at (550, 1500).
09-02 13:48:42.638  3979  4522 W InputManager: Input event injection from pid 14705 failed.
09-02 13:48:42.638 14705 14705 I Input   : injectMotionEvent: MotionEvent { action=ACTION_UP, actionButton=0, id[0]=0, x[0]=550.0, y[0]=1500.0, toolType[0]=TOOL_TYPE_UNKNOWN, buttonState=0, metaState=0, flags=0x0, edgeFlags=0x0, pointerCount=1, historySize=0, eventTime=45855878, downTime=45855878, deviceId=3, source=0x1002 }
09-02 13:48:42.639  3979  4522 D InputDispatcher: Inject motion (14705): action=0x1, eventTime=45855878000000, displayId=0
09-02 13:48:42.639  3979  4522 W InputManager: Input event injection from pid 14705 failed.
09-02 13:48:42.639 14705 14705 D AndroidRuntime: Shutting down VM
09-02 13:48:42.665  4962  4962 D io_stats: !@ 179,0 r 610588 18485760 w 415684 8909164 d 44615 19523360 f 111630 114211 iot 512148 430833 th 51200 0 0 pt 0 inp 0 0 45855.910
09-02 13:48:42.698 14547 14557 I zygote  : Background concurrent copying GC freed 62181(2MB) AllocSpace objects, 6(120KB) LOS objects, 49% free, 4MB/8MB, paused 464us total 106.160ms
09-02 13:48:42.732 14031 14031 E adbd    : recv: OPEN 0001f623 00000000 0042:73 68 65 6C 6C 2C 76 32 2C 54 45 52 4D 3D 78 74 65 72 6D 2D 32 35 36 63 6F 6C 6F 72 2C 72 61 77 3A 67 65 74 70 72 6F 70 20 72 6F 2E 62 75 69 6C 64 2E 76 65 72 73 69 6F 6E 2E 72 65 6C 65 61 73 65 00 
09-02 13:48:42.732 14031 14031 E adbd    : service_to_fd: shell,v2,TERM=xterm-256color,raw:getprop ro.build.version.release
09-02 13:48:42.803 14031 14031 E adbd    : recv: OPEN 0001f626 00000000 003e:73 68 65 6C 6C 2C 76 32 2C 54 45 52 4D 3D 78 74 65 72 6D 2D 32 35 36 63 6F 6C 6F 72 2C 72 61 77 3A 67 65 74 70 72 6F 70 20 72 6F 2E 62 75 69 6C 64 2E 76 65 72 73 69 6F 6E 2E 73 64 6B 00 
09-02 13:48:42.803 14031 14031 E adbd    : service_to_fd: shell,v2,TERM=xterm-256color,raw:getprop ro.build.version.sdk
09-02 13:48:42.868 14031 14031 E adbd    : recv: OPEN 0001f629 00000000 0102:73 68 65 6C 6C 2C 76 32 2C 54 45 52 4D 3D 78 74 65 72 6D 2D 32 35 36 63 6F 6C 6F 72 2C 72 61 77 3A 61 6D 20 73 74 61 72 74 2D 66 6F 72 65 67 72 6F 75 6E 64 2D 73 65 72 76 69 63 65 20 2D 6E 20 22 63 6F 6D 2E 65 78 61 6D 70 6C 65 2E 62 61 74 74 65 72 79 6D 61 6E 61 67 65 72 5F 75 74 69 6C 69 74 79 2F 63 6F 6D 2E 65 78 61 6D 70 6C 65 2E 62 61 74 74 65 72 79 6D 61 6E 61 67 65 72 5F 75 74 69 6C 69 74 79 2E 44 61 74 61 43 6F 6C 6C 65 63 74 69 6F 6E 53 65 72 76 69 63 65 22 20 2D 2D 65 69 20 73 61 6D 70 6C 65 52 61 74 65 20 31 30 30 20 2D 2D 65 73 20 22 64 61 74 61 46 69 65 6C 64 73 22 20 22 42 41 54 54 45 52 59 5F 50 52 4F 50 45 52 54 59 5F 43 55 52 52 45 4E 54 5F 4E 4F 57 2C 45 58 54 52 41 5F 56 4F 4C 54 41 47 45 22 20 2D 2D 65 7A 20 74 6F 43 53 56 20 66 61 6C 73 65 00 
09-02 13:48:42.868 14031 14031 E adbd    : service_to_fd: shell,v2,TERM=xterm-256color,raw:am start-foreground-service -n "com.example.batterymanager_utility/com.example.batterymanager_utility.DataCollectionService" --ei sampleRate 100 --es "dataFields" "BATTERY_PROPERTY_CURRENT_NOW,EXTRA_VOLTAGE" --ez toCSV false
09-02 13:48:42.939 14507 14507 I BatteryMgr:DataCollectionService: onStartCommand: begin
09-02 13:48:42.939 14507 14507 I BatteryMgr:DataCollectionService: onStartCommand: sampleRate => 100
09-02 13:48:42.940 14507 14507 I BatteryMgr:DataCollectionService: onStartCommand: rawFields => Timestamp,BATTERY_PROPERTY_CURRENT_NOW,EXTRA_VOLTAGE
09-02 13:48:42.942 14507 14507 I BatteryMgr:DataCollectionService: onStartCommand: notification done
09-02 13:48:42.943 14507 14507 D Notification: allPendingIntents
09-02 13:48:42.944 14507 14507 I BatteryMgr:DataCollectionService: started foreground
09-02 13:48:42.946  3979  3995 D ApplicationPolicy: isStatusBarNotificationAllowedAsUser: packageName = android,userId = 0
09-02 13:48:42.946  3979  3995 D API test: getContainerInfo: value is 
09-02 13:48:42.947  3979  3995 D ApplicationPolicy: isStatusBarNotificationAllowedAsUser: packageName = android,userId = 0
09-02 13:48:42.947  3979  3995 D API test: getContainerInfo: value is 
09-02 13:48:42.947  3979  3995 D ApplicationPolicy: isStatusBarNotificationAllowedAsUser: packageName = com.example.batterymanager_utility,userId = 0
09-02 13:48:42.948  3979  3995 D API test: getContainerInfo: value is 
09-02 13:48:42.948  3979  3995 D ApplicationPolicy: isStatusBarNotificationAllowedAsUser: packageName = com.example.batterymanager_utility,userId = 0
09-02 13:48:42.948  3979  3995 D API test: getContainerInfo: value is 
09-02 13:48:42.950  3979  3979 D AudioService: getStreamVolume 5 index 110
09-02 13:48:42.952  3979  3990 D Notification: allPendingIntents
09-02 13:48:42.952  3979  3990 D Notification: allPendingIntents
09-02 13:48:42.953  4349  4349 D StatusBar: addNotification key=0|android|40|null|1000 fullscreen:false
09-02 13:48:42.954  3979  3979 I AccessibilityManagerService: semOnLightNotification(null), bIsFlashOn : false
09-02 13:48:42.954  3979  3979 D AccessibilityManagerService: Can't use light notification
09-02 13:48:42.955  3979  3979 D AudioService: getStreamVolume 5 index 110
09-02 13:48:42.957  3979  5172 D Notification: allPendingIntents
09-02 13:48:42.957 14507 14725 I BatteryMgr:DataCollectionService: collectData: begin
09-02 13:48:42.957  3979  5172 D Notification: allPendingIntents
09-02 13:48:42.961  4349  4349 D StatusBar: addNotification key=0|com.example.batterymanager_utility|1|null|10157 fullscreen:false
09-02 13:48:42.961 14507 14725 I BatteryMgr:DataCollectionService: stats => 1693655322961,139,4311
09-02 13:48:42.973 14031 14031 E adbd    : recv: OPEN 0001f62c 00000000 0042:73 68 65 6C 6C 2C 76 32 2C 54 45 52 4D 3D 78 74 65 72 6D 2D 32 35 36 63 6F 6C 6F 72 2C 72 61 77 3A 67 65 74 70 72 6F 70 20 72 6F 2E 62 75 69 6C 64 2E 76 65 72 73 69 6F 6E 2E 72 65 6C 65 61 73 65 00 
09-02 13:48:42.973 14031 14031 E adbd    : service_to_fd: shell,v2,TERM=xterm-256color,raw:getprop ro.build.version.release
09-02 13:48:43.041 14031 14031 E adbd    : recv: OPEN 0001f62f 00000000 003e:73 68 65 6C 6C 2C 76 32 2C 54 45 52 4D 3D 78 74 65 72 6D 2D 32 35 36 63 6F 6C 6F 72 2C 72 61 77 3A 67 65 74 70 72 6F 70 20 72 6F 2E 62 75 69 6C 64 2E 76 65 72 73 69 6F 6E 2E 73 64 6B 00 
09-02 13:48:43.042 14031 14031 E adbd    : service_to_fd: shell,v2,TERM=xterm-256color,raw:getprop ro.build.version.sdk
09-02 13:48:43.049  4349  4349 D KeyguardUpdateMonitor: handleStatusBarState( false )
09-02 13:48:43.061 14547 14622 I cr_omaha: Attempting to schedule next job for: Sat Sep 02 18:19:34 GMT+02:00 2023
09-02 13:48:43.064 14547 14547 I cr_omaha: Scheduled using JobService
09-02 13:48:43.067 14507 14725 I BatteryMgr:DataCollectionService: stats => 1693655323067,139,4311
09-02 13:48:43.071 14547 14547 E cr_BkgrdTaskJS: Tried finishing non-current BackgroundTask.
09-02 13:48:43.109 14031 14031 E adbd    : recv: OPEN 0001f632 00000000 0029:73 68 65 6C 6C 2C 76 32 2C 54 45 52 4D 3D 78 74 65 72 6D 2D 32 35 36 63 6F 6C 6F 72 2C 72 61 77 3A 64 61 74 65 20 2D 75 00 
09-02 13:48:43.109 14031 14031 E adbd    : service_to_fd: shell,v2,TERM=xterm-256color,raw:date -u
09-02 13:48:43.171 14031 14031 E adbd    : recv: OPEN 0001f635 00000000 003e:73 68 65 6C 6C 2C 76 32 2C 54 45 52 4D 3D 78 74 65 72 6D 2D 32 35 36 63 6F 6C 6F 72 2C 72 61 77 3A 64 75 6D 70 73 79 73 20 63 70 75 69 6E 66 6F 20 7C 20 67 72 65 70 20 54 4F 54 41 4C 00 
09-02 13:48:43.171 14031 14031 E adbd    : service_to_fd: shell,v2,TERM=xterm-256color,raw:dumpsys cpuinfo | grep TOTAL
09-02 13:48:43.172 14507 14725 I BatteryMgr:DataCollectionService: stats => 1693655323172,139,4311
09-02 13:48:43.248 14031 14031 E adbd    : recv: OPEN 0001f638 00000000 003d:73 68 65 6C 6C 2C 76 32 2C 54 45 52 4D 3D 78 74 65 72 6D 2D 32 35 36 63 6F 6C 6F 72 2C 72 61 77 3A 64 75 6D 70 73 79 73 20 6D 65 6D 69 6E 66 6F 20 7C 20 67 72 65 70 20 55 73 65 64 00 
09-02 13:48:43.248 14031 14031 E adbd    : service_to_fd: shell,v2,TERM=xterm-256color,raw:dumpsys meminfo | grep Used
09-02 13:48:43.277 14507 14725 I BatteryMgr:DataCollectionService: stats => 1693655323277,139,4311
09-02 13:48:43.382 14507 14725 I BatteryMgr:DataCollectionService: stats => 1693655323382,139,4311
09-02 13:48:43.422  3449  3449 I android.hardware.wifi@1.0-service: getLinkLayerStats
09-02 13:48:43.492 14507 14725 I BatteryMgr:DataCollectionService: stats => 1693655323491,139,4311
09-02 13:48:43.603 14507 14725 I BatteryMgr:DataCollectionService: stats => 1693655323602,139,4311
09-02 13:48:43.709 14507 14725 I BatteryMgr:DataCollectionService: stats => 1693655323709,139,4311
09-02 13:48:43.816 14507 14725 I BatteryMgr:DataCollectionService: stats => 1693655323816,139,4311
09-02 13:48:43.849  3979  6899 D SSRM:G  : SIOP:: AP = 310, PST = 299 (W:16), BAT = 274, USB = 0, CHG = 0
09-02 13:48:43.924 14507 14725 I BatteryMgr:DataCollectionService: stats => 1693655323924,139,4311
09-02 13:48:44.033 14507 14725 I BatteryMgr:DataCollectionService: stats => 1693655324033,139,4311
09-02 13:48:44.143 14507 14725 I BatteryMgr:DataCollectionService: stats => 1693655324143,139,4311
09-02 13:48:44.249 14507 14725 I BatteryMgr:DataCollectionService: stats => 1693655324249,139,4311
09-02 13:48:44.357 14507 14725 I BatteryMgr:DataCollectionService: stats => 1693655324357,139,4311
09-02 13:48:44.468 14507 14725 I BatteryMgr:DataCollectionService: stats => 1693655324467,139,4311
09-02 13:48:44.578 14507 14725 I BatteryMgr:DataCollectionService: stats => 1693655324574,139,4311
09-02 13:48:44.691 14507 14725 I BatteryMgr:DataCollectionService: stats => 1693655324691,139,4311
09-02 13:48:44.797 14507 14725 I BatteryMgr:DataCollectionService: stats => 1693655324796,139,4311
09-02 13:48:44.837  3979  3990 D SamsungAlarmManager: Cancel Alarm calling from uid:10025 pid :22051 / op:PendingIntent{b61616a: PendingIntentRecord{5233a11 com.google.android.gms startService}}
09-02 13:48:44.908 14507 14725 I BatteryMgr:DataCollectionService: stats => 1693655324908,139,4311
09-02 13:48:45.015 14507 14725 I BatteryMgr:DataCollectionService: stats => 1693655325015,139,4311
09-02 13:48:45.017  3979  3990 V WindowManager: Relayout Window{1bb53ea u0 com.android.chrome/com.google.android.apps.chrome.Main}: viewVisibility=0 req=720x1280 WM.LayoutParams{(0,0)(fillxfill) sim=#13 ty=1 fl=#81810100 pfl=0x20000 fmt=-3 wanim=0x10302fd vsysui=0x600 sysuil=true needsMenuKey=2 colorMode=0 naviIconColor=0}
09-02 13:48:45.020  3979  3996 D WindowManager: set systemUiVisibility : systemUiFlags= 0x608 fullscreenStackSysUiFlags= 0x0
09-02 13:48:45.024 14547 14547 D ViewRootImpl@73ec0d3[Main]: Relayout returned: old=[0,0][720,1280] new=[0,0][720,1280] result=0x1 surface={valid=true 3331004416} changed=false
09-02 13:48:45.029  3979  4672 D WindowManager: adjustSystemUiVisibilityLw : vis= 0x608
09-02 13:48:45.059 22051 22051 D BoundBrokerSvc: onBind: Intent { act=com.google.android.gms.feedback.internal.IFeedbackService dat=chimera-action: cmp=com.google.android.gms/.chimera.GmsBoundBrokerService }
09-02 13:48:45.059 22051 22051 D BoundBrokerSvc: Loading bound service for intent: Intent { act=com.google.android.gms.feedback.internal.IFeedbackService dat=chimera-action: cmp=com.google.android.gms/.chimera.GmsBoundBrokerService }
09-02 13:48:45.119 22051 22197 I Icing   : IndexChimeraService.getServiceInterface callingPackage=com.google.android.gms componentName=null serviceId=30
09-02 13:48:45.123 14507 14725 I BatteryMgr:DataCollectionService: stats => 1693655325123,139,4311
09-02 13:48:45.128 22051 22051 D BoundBrokerSvc: onBind: Intent { act=com.google.android.gms.common.BIND_SHARED_PREFS pkg=com.google.android.gms }
09-02 13:48:45.128 22051 22051 D BoundBrokerSvc: Loading bound service for intent: Intent { act=com.google.android.gms.common.BIND_SHARED_PREFS pkg=com.google.android.gms }
09-02 13:48:45.134 22051 22051 D BoundBrokerSvc: onUnbind: Intent { act=com.google.android.gms.common.BIND_SHARED_PREFS pkg=com.google.android.gms }
09-02 13:48:45.152 22051 22051 D BoundBrokerSvc: onBind: Intent { act=com.google.android.gms.common.BIND_SHARED_PREFS pkg=com.google.android.gms }
09-02 13:48:45.152 22051 22051 D BoundBrokerSvc: Loading bound service for intent: Intent { act=com.google.android.gms.common.BIND_SHARED_PREFS pkg=com.google.android.gms }
09-02 13:48:45.153 22051 23405 I GmsCoreXrpcWrapper: (REDACTED) Returning a channel provider with trafficStatsTag=%d trafficStatsUid=%d
09-02 13:48:45.159 22051 22051 D BoundBrokerSvc: onUnbind: Intent { act=com.google.android.gms.common.BIND_SHARED_PREFS pkg=com.google.android.gms }
09-02 13:48:45.170 14547 14547 I cr_tabmodel: Appending tabs being restored to metadata lists, 0, startingNormalCount: 73, startingIncognitoCount: 0
09-02 13:48:45.170 14547 14547 I cr_tabmodel: Serializing tab lists; counts: 73, 0
09-02 13:48:45.229 14507 14725 I BatteryMgr:DataCollectionService: stats => 1693655325229,139,4311
09-02 13:48:45.231 14547 14547 I cr_tabmodel: Appending tabs being restored to metadata lists, 0, startingNormalCount: 73, startingIncognitoCount: 0
09-02 13:48:45.231 14547 14547 I cr_tabmodel: Serializing tab lists; counts: 73, 0
09-02 13:48:45.247  3979  3994 D SemExecuteManagerService: onShortcutChanged: com.android.chrome0
09-02 13:48:45.248 14547 14547 I cr_StartSurface: Recorded Startup.Android.StartSurfaceShownAtStartup = false
09-02 13:48:45.249  5213  6155 D LauncherApps: onShortcutChanged 0,com.android.chrome
09-02 13:48:45.250  5213  5213 D DeepShortcutManager: bindDeepShortcutMap: {com.android.launcher3.util.ComponentKey@1e9a2cfa=[DynamicFullRecent], com.android.launcher3.util.ComponentKey@92548096=[Search, Messages, Share, Notifications], com.android.launcher3.util.ComponentKey@9df2b1d6=[scanQrCode, newTab, newPrivateTab, search], com.android.launcher3.util.ComponentKey@489bf67c=[text_shortcut, voice_shortcut], com.android.launcher3.util.ComponentKey@86e56e2c=[open_new_tab, password_manager, open_new_private_tab], com.android.launcher3.util.ComponentKey@d85d54d0=[search_event_task, create_task, create_event], com.android.launcher3.util.ComponentKey@f5d080bf=[phoneadd, search, missedcall], com.android.launcher3.util.ComponentKey@515cb72c=[VIEW_MY_DOWNLOADS], com.android.launcher3.util.ComponentKey@683678e7=[create_message], com.android.launcher3.util.ComponentKey@64033792=[explore-shortcut, search-shortcut, shorts-shortcut, subscriptions-shortcut], com.android.launcher3.util.ComponentKey@3a8c61b=[compose], com.android.launcher3.util.ComponentKey@429b698e=[selfie, auto], com.android.launcher3.util.ComponentKey@91a61c5e=[contactadd, myprofile, contactgroup], com.android.launcher3.util.ComponentKey@3e17fc4f=[updates], com.android.launcher3.util.ComponentKey@967f6ac6=[search_shortcut], com.android.launcher3.util.ComponentKey@afe2ea5f=[manifest_home, manifest_work], com.android.launcher3.util.ComponentKey@7bfa09e7=[manifest_compose_shortcut, andrei.bogdan.marcel97@gmail.com], com.android.launcher3.util.ComponentKey@947c4a03=[new-tab-shortcut, dynamic-new-incognito-tab-shortcut]}
09-02 13:48:45.256 14547 14581 I cr_BindingManager: Visible binding enabled: maxSize=40
09-02 13:48:45.263  3979  3990 W StorageManager: getStorageLowBytes lowPercent : 5, lowBytes : 1260145254, maxLowBytes : 524288000
09-02 13:48:45.288 22051 23405 I Icing   : Usage reports ok 6, Failed Usage reports 0, indexed 4, rejected 0
09-02 13:48:45.334 14507 14725 I BatteryMgr:DataCollectionService: stats => 1693655325333,139,4311
09-02 13:48:45.438 14507 14725 I BatteryMgr:DataCollectionService: stats => 1693655325438,139,4311
09-02 13:48:45.542 14507 14725 I BatteryMgr:DataCollectionService: stats => 1693655325542,139,4311
09-02 13:48:45.647 14507 14725 I BatteryMgr:DataCollectionService: stats => 1693655325647,139,4311
09-02 13:48:45.676 22051 14752 E memtrack: Couldn't load memtrack module
