09-01 19:04:33.074  1513  1513 W NotificationHistory: Attempted to add notif for locked/gone/disabled user 0
09-01 19:04:33.080  2062  2062 D InterruptionStateProvider: No bubble up: not allowed to bubble: 0|com.example.batterymanager_utility|1|null|10260
09-01 19:04:33.081  2062  2062 D InterruptionStateProvider: No heads up: unimportant notification: 0|com.example.batterymanager_utility|1|null|10260
09-01 19:04:33.110 25360 25768 I BatteryMgr:DataCollectionService: stats => 1693587873110,7629,4411
09-01 19:04:33.214 25360 25768 I BatteryMgr:DataCollectionService: stats => 1693587873214,7629,4411
09-01 19:04:33.319 25360 25768 I BatteryMgr:DataCollectionService: stats => 1693587873319,7629,4411
09-01 19:04:33.423 25360 25768 I BatteryMgr:DataCollectionService: stats => 1693587873423,7629,4411
09-01 19:04:33.528 25360 25768 I BatteryMgr:DataCollectionService: stats => 1693587873528,7629,4411
09-01 19:04:33.634 25360 25768 I BatteryMgr:DataCollectionService: stats => 1693587873633,7629,4411
09-01 19:04:33.740 25360 25768 I BatteryMgr:DataCollectionService: stats => 1693587873740,7629,4411
09-01 19:04:33.847 25360 25768 I BatteryMgr:DataCollectionService: stats => 1693587873847,7629,4411
09-01 19:04:33.850   901  1000 D ASH     : @ 33060.303: AP has been up: last 32760117857, now 33060302664 usec
09-01 19:04:33.954 25360 25768 I BatteryMgr:DataCollectionService: stats => 1693587873953,7629,4411
09-01 19:04:34.060 25360 25768 I BatteryMgr:DataCollectionService: stats => 1693587874060,7629,4411
09-01 19:04:34.127   901  1000 D VSC     : @ 33060.580: [WO] tilt angle 89
09-01 19:04:34.167 25360 25768 I BatteryMgr:DataCollectionService: stats => 1693587874167,7629,4411
09-01 19:04:34.273 25360 25768 I BatteryMgr:DataCollectionService: stats => 1693587874273,7629,4411
09-01 19:04:34.380 25360 25768 I BatteryMgr:DataCollectionService: stats => 1693587874379,7629,4411
09-01 19:04:34.486 25360 25768 I BatteryMgr:DataCollectionService: stats => 1693587874486,7629,4411
09-01 19:04:34.593 25360 25768 I BatteryMgr:DataCollectionService: stats => 1693587874592,7629,4411
09-01 19:04:34.699 25360 25768 I BatteryMgr:DataCollectionService: stats => 1693587874699,7629,4411
09-01 19:04:34.805 25360 25768 I BatteryMgr:DataCollectionService: stats => 1693587874805,7629,4411
09-01 19:04:34.915 25360 25768 I BatteryMgr:DataCollectionService: stats => 1693587874914,7629,4411
09-01 19:04:35.021 25360 25768 I BatteryMgr:DataCollectionService: stats => 1693587875021,7629,4411
09-01 19:04:35.128 25360 25768 I BatteryMgr:DataCollectionService: stats => 1693587875128,7629,4411
09-01 19:04:35.171  1513  3168 I ActivityTaskManager: START u0 {act=android.intent.action.VIEW dat=http://192.168.88.177:8000/... flg=0x10000000 cmp=org.mozilla.firefox/org.mozilla.gecko.BrowserApp} from uid 2000
09-01 19:04:35.172  1513  1572 D EventSequenceValidator: Transition from ACTIVITY_FINISHED to INTENT_STARTED
09-01 19:04:35.176  1513  1572 D EventSequenceValidator: Transition from INTENT_STARTED to INTENT_FAILED
09-01 19:04:35.178  1513  2169 W ActivityTaskManager: Tried to set launchTime (0) < mLastActivityLaunchTime (33050310)
09-01 19:04:35.184 25790 25792 I cmd     : oneway function results will be dropped but finished with status OK and parcel size 4
09-01 19:04:35.188   594 28441 I SDM     : HWDeviceDRM::UpdateMixerAttributes: Mixer WxH 1080x2340-1 for Peripheral
09-01 19:04:35.188   594 28441 I SDM     : DisplayBase::SetActiveConfig: Active configuration changed to: 1
09-01 19:04:35.189   594 28441 I SDM     : StrategyImpl::SetIdleTimeoutMs: Idle timeout set to zero for command mode panels
09-01 19:04:35.192  1513  1572 I DisplayManagerService: Display device changed: DisplayDeviceInfo{"Built-in Screen": uniqueId="local:19260504575090817", 1080 x 2340, modeId 1, defaultModeId 2, supportedModes [{id=1, width=1080, height=2340, fps=90.0}, {id=2, width=1080, height=2340, fps=60.000004}], colorMode 0, supportedColorModes [0, 7, 9], HdrCapabilities HdrCapabilities{mSupportedHdrTypes=[2, 3, 4], mMaxLuminance=500.0, mMaxAverageLuminance=500.0, mMinLuminance=0.0}, allmSupported false, gameContentTypeSupported false, density 440, 435.428 x 433.839 dpi, appVsyncOff 2333333, presDeadline 11500000, cutout DisplayCutout{insets=Rect(0, 136 - 0, 0) waterfall=Insets{left=0, top=0, right=0, bottom=0} boundingRect={Bounds=[Rect(0, 0 - 0, 0), Rect(0, 0 - 136, 136), Rect(0, 0 - 0, 0), Rect(0, 0 - 0, 0)]}}, touch INTERNAL, rotation 0, type INTERNAL, address {port=129, model=0x446d53ad64a0}, deviceProductInfo DeviceProductInfo{name=, manufacturerPnpId=QCM, productId=1, modelYear=null, manufactureDate=ManufactureDate{week=27, year=2006}, relativeAddress=null}, state ON, FLAG_DEFAULT_DISPLAY, FLAG_ROTATES_WITH_CONTENT, FLAG_SECURE, FLAG_SUPPORTS_PROTECTED_BUFFERS}
09-01 19:04:35.196 25418 25471 I SessionStorage/AutoSave: Save: New tab selected
09-01 19:04:35.198   901  2806 I sensors-hal: [ssc_utils]get_qmi_debug_flag:244, support_qmi_debug : false
09-01 19:04:35.201  1513  3168 I ActivityTaskManager: START u0 {act=android.intent.action.VIEW dat=http://192.168.88.177:8000/... cmp=org.mozilla.firefox/org.mozilla.fenix.HomeActivity (has extras)} from uid 10258
09-01 19:04:35.208  1513  1572 D EventSequenceValidator: inc AccIntentStartedEvents to 1
09-01 19:04:35.209  1084  1928 W iorapd  : Rejecting transition from kIntentFailed to kActivityLaunchCancelled
09-01 19:04:35.220   901  1000 W ASH     : @ 33061.673: Unhandled msg ID 999: line 1277
09-01 19:04:35.220   901  1000 E ASH     : @ 33061.673: No pb callback assigned
09-01 19:04:35.220   901  1000 E ASH     : @ 33061.673: Nanopb error: callback failed:1588
09-01 19:04:35.239 25360 25768 I BatteryMgr:DataCollectionService: stats => 1693587875239,7629,4411
09-01 19:04:35.242  2858  2858 I GoogleInputMethodService: GoogleInputMethodService.onFinishInput():3280 
09-01 19:04:35.244  2858  2858 I GoogleInputMethodService: GoogleInputMethodService.updateDeviceLockedStatus():2169 repeatCheckTimes = 0, unlocked = true
09-01 19:04:35.244  2858  2858 I GoogleInputMethodService: GoogleInputMethodService.onStartInput():1960 onStartInput(EditorInfo{inputType=0x0(NULL) imeOptions=0x1 privateImeOptions=null actionName=NONE actionLabel=null actionId=0 initialSelStart=-1 initialSelEnd=-1 initialCapsMode=0x0 hintText=null label=null packageName=org.mozilla.firefox fieldId=-1 fieldName=null extras=null}, false)
09-01 19:04:35.244  2858  2858 I GoogleInputMethodService: GoogleInputMethodService.shouldHideHeaderOnInitialState():4081 ShouldHideHeaderOnInitialState = false
09-01 19:04:35.244  2858  2858 I GoogleInputMethodService: GoogleInputMethodService.updateDeviceLockedStatus():2169 repeatCheckTimes = 2, unlocked = true
09-01 19:04:35.266   594 28441 I SDM     : HWDeviceDRM::UpdateMixerAttributes: Mixer WxH 1080x2340-1 for Peripheral
09-01 19:04:35.266   594 28441 I SDM     : DisplayBase::SetActiveConfig: Active configuration changed to: 0
09-01 19:04:35.266   594 28441 I SDM     : StrategyImpl::SetIdleTimeoutMs: Idle timeout set to zero for command mode panels
09-01 19:04:35.269   901  2806 I sensors-hal: [ssc_utils]get_qmi_debug_flag:244, support_qmi_debug : false
09-01 19:04:35.274 25418 25418 I WebExtension: releasePendingMessages: extension=fxa@mozac.org nativeApp=mozacWebchannel session=org.mozilla.geckoview.GeckoSession@7b5e148
09-01 19:04:35.281  1513  1572 I DisplayManagerService: Display device changed: DisplayDeviceInfo{"Built-in Screen": uniqueId="local:19260504575090817", 1080 x 2340, modeId 2, defaultModeId 2, supportedModes [{id=1, width=1080, height=2340, fps=90.0}, {id=2, width=1080, height=2340, fps=60.000004}], colorMode 0, supportedColorModes [0, 7, 9], HdrCapabilities HdrCapabilities{mSupportedHdrTypes=[2, 3, 4], mMaxLuminance=500.0, mMaxAverageLuminance=500.0, mMinLuminance=0.0}, allmSupported false, gameContentTypeSupported false, density 440, 435.428 x 433.839 dpi, appVsyncOff 2333332, presDeadline 11500000, cutout DisplayCutout{insets=Rect(0, 136 - 0, 0) waterfall=Insets{left=0, top=0, right=0, bottom=0} boundingRect={Bounds=[Rect(0, 0 - 0, 0), Rect(0, 0 - 136, 136), Rect(0, 0 - 0, 0), Rect(0, 0 - 0, 0)]}}, touch INTERNAL, rotation 0, type INTERNAL, address {port=129, model=0x446d53ad64a0}, deviceProductInfo DeviceProductInfo{name=, manufacturerPnpId=QCM, productId=1, modelYear=null, manufactureDate=ManufactureDate{week=27, year=2006}, relativeAddress=null}, state ON, FLAG_DEFAULT_DISPLAY, FLAG_ROTATES_WITH_CONTENT, FLAG_SECURE, FLAG_SUPPORTS_PROTECTED_BUFFERS}
09-01 19:04:35.283   594 28441 I SDM     : StrategyImpl::SetIdleTimeoutMs: Idle timeout set to zero for command mode panels
09-01 19:04:35.283 25418 25418 I WebExtension: releasePendingMessages: extension=ads@mozac.org nativeApp=MozacBrowserAdsMessage session=org.mozilla.geckoview.GeckoSession@7b5e148
09-01 19:04:35.284   901  1000 W ASH     : @ 33061.738: Unhandled msg ID 999: line 1277
09-01 19:04:35.284   901  1000 E ASH     : @ 33061.738: No pb callback assigned
09-01 19:04:35.284   901  1000 E ASH     : @ 33061.738: Nanopb error: callback failed:1588
09-01 19:04:35.285 25418 25418 I WebExtension: releasePendingMessages: extension=icons@mozac.org nativeApp=MozacBrowserIcons session=org.mozilla.geckoview.GeckoSession@7b5e148
09-01 19:04:35.288 25418 25418 I WebExtension: releasePendingMessages: extension=readerview@mozac.org nativeApp=mozacReaderviewActive session=org.mozilla.geckoview.GeckoSession@7b5e148
09-01 19:04:35.289 25418 25418 I WebExtension: releasePendingMessages: extension=readerview@mozac.org nativeApp=mozacReaderview session=org.mozilla.geckoview.GeckoSession@7b5e148
09-01 19:04:35.291 25418 25418 I WebExtension: releasePendingMessages: extension=cookies@mozac.org nativeApp=MozacBrowserSearchMessage session=org.mozilla.geckoview.GeckoSession@7b5e148
09-01 19:04:35.293 25418 25418 I SessionPrioritizationMiddleware: Update the currentSelectedTab 94a2c447-514e-4858-a5d1-00dba957e6c4 priority to HIGH
09-01 19:04:35.296  1513  2180 D CompatibilityChangeReporter: Compat change id reported: 135634846; UID 10258; state: DISABLED
09-01 19:04:35.297  1513  2180 D CompatibilityChangeReporter: Compat change id reported: 135754954; UID 10258; state: ENABLED
09-01 19:04:35.297  1513  1625 D CompatibilityChangeReporter: Compat change id reported: 143937733; UID 10258; state: ENABLED
09-01 19:04:35.303   778   778 D Zygote  : Forked child process 25810
09-01 19:04:35.307  1513  1625 I ActivityManager: Start proc 25810:org.mozilla.firefox:tab27/u0a258 for service {org.mozilla.firefox/org.mozilla.gecko.process.GeckoChildProcessServices$tab27}
09-01 19:04:35.321 25810 25810 E a.firefox:tab2: Not starting debugger since process cannot load the jdwp agent.
09-01 19:04:35.322   594 28441 I SDM     : HWDeviceDRM::UpdateMixerAttributes: Mixer WxH 1080x2340-1 for Peripheral
09-01 19:04:35.322   594 28441 I SDM     : DisplayBase::SetActiveConfig: Active configuration changed to: 1
09-01 19:04:35.322   594 28441 I SDM     : StrategyImpl::SetIdleTimeoutMs: Idle timeout set to zero for command mode panels
09-01 19:04:35.326  1513  1572 I DisplayManagerService: Display device changed: DisplayDeviceInfo{"Built-in Screen": uniqueId="local:19260504575090817", 1080 x 2340, modeId 1, defaultModeId 2, supportedModes [{id=1, width=1080, height=2340, fps=90.0}, {id=2, width=1080, height=2340, fps=60.000004}], colorMode 0, supportedColorModes [0, 7, 9], HdrCapabilities HdrCapabilities{mSupportedHdrTypes=[2, 3, 4], mMaxLuminance=500.0, mMaxAverageLuminance=500.0, mMinLuminance=0.0}, allmSupported false, gameContentTypeSupported false, density 440, 435.428 x 433.839 dpi, appVsyncOff 2333333, presDeadline 11500000, cutout DisplayCutout{insets=Rect(0, 136 - 0, 0) waterfall=Insets{left=0, top=0, right=0, bottom=0} boundingRect={Bounds=[Rect(0, 0 - 0, 0), Rect(0, 0 - 136, 136), Rect(0, 0 - 0, 0), Rect(0, 0 - 0, 0)]}}, touch INTERNAL, rotation 0, type INTERNAL, address {port=129, model=0x446d53ad64a0}, deviceProductInfo DeviceProductInfo{name=, manufacturerPnpId=QCM, productId=1, modelYear=null, manufactureDate=ManufactureDate{week=27, year=2006}, relativeAddress=null}, state ON, FLAG_DEFAULT_DISPLAY, FLAG_ROTATES_WITH_CONTENT, FLAG_SECURE, FLAG_SUPPORTS_PROTECTED_BUFFERS}
09-01 19:04:35.329   901  2806 I sensors-hal: [ssc_utils]get_qmi_debug_flag:244, support_qmi_debug : false
09-01 19:04:35.342  1513  2169 D CompatibilityChangeReporter: Compat change id reported: 136274596; UID 10258; state: ENABLED
09-01 19:04:35.346 25360 25768 I BatteryMgr:DataCollectionService: stats => 1693587875346,7629,4411
09-01 19:04:35.364   901  1000 W ASH     : @ 33061.818: Unhandled msg ID 999: line 1277
09-01 19:04:35.364   901  1000 E ASH     : @ 33061.818: No pb callback assigned
09-01 19:04:35.364   901  1000 E ASH     : @ 33061.818: Nanopb error: callback failed:1588
09-01 19:04:35.377 25810 25810 D NetworkSecurityConfig: No Network Security Config specified, using platform default
09-01 19:04:35.377 25810 25810 D NetworkSecurityConfig: No Network Security Config specified, using platform default
09-01 19:04:35.383 25810 25810 I ServiceChildProcess: onCreate
09-01 19:04:35.383 25810 25835 I GeckoThread: preparing to run Gecko
09-01 19:04:35.387 25810 25835 I GeckoLoader: Library base=/data/app/~~BtOtpENtY_8SJVQLgbYgRg==/org.mozilla.firefox-ZoJ8FBGk3KN0nHoYkPw1IA==/lib/arm64
09-01 19:04:35.387 25810 25835 I GeckoLoader: Library base=/data/app/~~BtOtpENtY_8SJVQLgbYgRg==/org.mozilla.firefox-ZoJ8FBGk3KN0nHoYkPw1IA==/lib/arm64
09-01 19:04:35.388 25810 25835 E GeckoLibLoad: Load sqlite start
09-01 19:04:35.388 25810 25835 E GeckoLibLoad: Load sqlite done
09-01 19:04:35.389 25810 25835 I GeckoLoader: Library base=/data/app/~~BtOtpENtY_8SJVQLgbYgRg==/org.mozilla.firefox-ZoJ8FBGk3KN0nHoYkPw1IA==/lib/arm64
09-01 19:04:35.389 25810 25835 E GeckoLibLoad: Load nss start
09-01 19:04:35.389 25810 25835 E GeckoLibLoad: Load nss done
09-01 19:04:35.389 25810 25835 I GeckoLoader: Library base=/data/app/~~BtOtpENtY_8SJVQLgbYgRg==/org.mozilla.firefox-ZoJ8FBGk3KN0nHoYkPw1IA==/lib/arm64
09-01 19:04:35.398 25810 25835 E GeckoLibLoad: Loaded libs in 8.927917ms total, 1ms(2ms) user, 8ms(6ms) system, 0(0) faults
09-01 19:04:35.398 25810 25835 W GeckoThread: zerdatime 33058623 - runGecko
09-01 19:04:35.405 25418 25452 I GeckoSession: zerdatime 33058630 - chrome startup finished
09-01 19:04:35.417 25418 25418 I GeckoSession: handleMessage GeckoView:PageStart uri=
09-01 19:04:35.417 25418 25418 I GeckoSession: handleMessage GeckoView:PageStop uri=null
09-01 19:04:35.423 25418 25418 W GeckoSession: No history entries found.
09-01 19:04:35.423 25418 25418 W GeckoSession: No history entries found.
09-01 19:04:35.425 25418 25465 I SessionPrioritizationMiddleware: Update the tab 11bfcf27-8b2d-4273-ba0e-07a4e27cbccd priority to DEFAULT
09-01 19:04:35.438   901  2806 I sensors-hal: [ssc_utils]get_qmi_debug_flag:244, support_qmi_debug : false
09-01 19:04:35.445   901  1000 W ASH     : @ 33061.898: Unhandled msg ID 999: line 1277
09-01 19:04:35.445   901  1000 E ASH     : @ 33061.898: No pb callback assigned
09-01 19:04:35.445   901  1000 E ASH     : @ 33061.898: Nanopb error: callback failed:1588
09-01 19:04:35.452 25360 25768 I BatteryMgr:DataCollectionService: stats => 1693587875452,7629,4411
09-01 19:04:35.452   901  2806 I sensors-hal: [ssc_utils]get_qmi_debug_flag:244, support_qmi_debug : false
09-01 19:04:35.484   901  1000 W ASH     : @ 33061.938: Unhandled msg ID 999: line 1277
09-01 19:04:35.484   901  1000 E ASH     : @ 33061.938: No pb callback assigned
09-01 19:04:35.484   901  1000 E ASH     : @ 33061.938: Nanopb error: callback failed:1588
09-01 19:04:35.490 25418 25418 I GeckoSession: handleMessage GeckoView:PageStart uri=
09-01 19:04:35.555 25360 25768 I BatteryMgr:DataCollectionService: stats => 1693587875555,7629,4411
09-01 19:04:35.616   901  2806 I sensors-hal: [ssc_utils]get_qmi_debug_flag:244, support_qmi_debug : false
09-01 19:04:35.644   901  1000 W ASH     : @ 33062.098: Unhandled msg ID 999: line 1277
09-01 19:04:35.644   901  1000 E ASH     : @ 33062.098: No pb callback assigned
09-01 19:04:35.644   901  1000 E ASH     : @ 33062.098: Nanopb error: callback failed:1588
09-01 19:04:35.658 25360 25768 I BatteryMgr:DataCollectionService: stats => 1693587875658,7629,4411
09-01 19:04:35.672   901  1000 I ASH     : @ 33062.126: tcs3701: ADC is saturated, removed sample from FIFO.
09-01 19:04:35.764 25360 25768 I BatteryMgr:DataCollectionService: stats => 1693587875764,7629,4411
09-01 19:04:35.868 25360 25768 I BatteryMgr:DataCollectionService: stats => 1693587875868,7629,4411
09-01 19:04:35.948  1513  2000 D ConnectivityService: NetReassign [no changes]
09-01 19:04:35.972 25360 25768 I BatteryMgr:DataCollectionService: stats => 1693587875972,7629,4411
09-01 19:04:36.078 25360 25768 I BatteryMgr:DataCollectionService: stats => 1693587876078,7629,4411
09-01 19:04:36.125   901  1000 D VSC     : @ 33062.578: [WO] tilt angle 89
09-01 19:04:36.185 25360 25768 I BatteryMgr:DataCollectionService: stats => 1693587876184,7629,4411
09-01 19:04:36.291 25360 25768 I BatteryMgr:DataCollectionService: stats => 1693587876291,7629,4411
09-01 19:04:36.397 25360 25768 I BatteryMgr:DataCollectionService: stats => 1693587876397,7629,4411
09-01 19:04:36.504 25360 25768 I BatteryMgr:DataCollectionService: stats => 1693587876504,7629,4411
09-01 19:04:36.611 25360 25768 I BatteryMgr:DataCollectionService: stats => 1693587876611,7629,4411
09-01 19:04:36.718 25360 25768 I BatteryMgr:DataCollectionService: stats => 1693587876718,7629,4411
09-01 19:04:36.824 25360 25768 I BatteryMgr:DataCollectionService: stats => 1693587876824,7629,4411
09-01 19:04:36.930 25360 25768 I BatteryMgr:DataCollectionService: stats => 1693587876930,7629,4411
09-01 19:04:37.036 25360 25768 I BatteryMgr:DataCollectionService: stats => 1693587877036,7629,4411
09-01 19:04:37.142 25360 25768 I BatteryMgr:DataCollectionService: stats => 1693587877142,7629,4411
09-01 19:04:37.249 25360 25768 I BatteryMgr:DataCollectionService: stats => 1693587877249,7629,4411
09-01 19:04:37.266 25418 25452 D GeckoIdleService: Get idle time: time since reset 5010 msec
09-01 19:04:37.266 25418 25452 D GeckoIdleService: Idle timer callback: current idle time 5010 msec
09-01 19:04:37.266 25418 25452 D GeckoIdleService: next timeout 174989 msec from now
09-01 19:04:37.266 25418 25452 D GeckoIdleService: SetTimerExpiryIfBefore: next timeout 174989 msec from now
09-01 19:04:37.266 25418 25452 D GeckoIdleService: reset timer expiry to 174999 msec from now
09-01 19:04:37.266 25418 25452 D GeckoIdleService: Idle timer callback: tell observer 0x794760cc88 user is idle
09-01 19:04:37.353 25360 25768 I BatteryMgr:DataCollectionService: stats => 1693587877353,7629,4411
09-01 19:04:37.457 25360 25768 I BatteryMgr:DataCollectionService: stats => 1693587877457,7629,4411
09-01 19:04:37.563 25360 25768 I BatteryMgr:DataCollectionService: stats => 1693587877563,7629,4411
09-01 19:04:37.670 25360 25768 I BatteryMgr:DataCollectionService: stats => 1693587877670,7629,4411
09-01 19:04:37.776 25360 25768 I BatteryMgr:DataCollectionService: stats => 1693587877776,7629,4411
09-01 19:04:37.882 25360 25768 I BatteryMgr:DataCollectionService: stats => 1693587877882,7629,4411
09-01 19:04:37.989 25360 25768 I BatteryMgr:DataCollectionService: stats => 1693587877988,7629,4411
09-01 19:04:38.095 25360 25768 I BatteryMgr:DataCollectionService: stats => 1693587878095,7629,4411
09-01 19:04:38.125   901  1000 D VSC     : @ 33064.578: [WO] tilt angle 89
09-01 19:04:38.201 25360 25768 I BatteryMgr:DataCollectionService: stats => 1693587878201,7629,4411
09-01 19:04:38.308 25360 25768 I BatteryMgr:DataCollectionService: stats => 1693587878308,7629,4411
09-01 19:04:38.414 25360 25768 I BatteryMgr:DataCollectionService: stats => 1693587878414,7629,4411
09-01 19:04:38.520 25360 25768 I BatteryMgr:DataCollectionService: stats => 1693587878520,7629,4411
09-01 19:04:38.626 25360 25768 I BatteryMgr:DataCollectionService: stats => 1693587878626,7629,4411
09-01 19:04:38.733 25360 25768 I BatteryMgr:DataCollectionService: stats => 1693587878733,7629,4411
09-01 19:04:38.839 25360 25768 I BatteryMgr:DataCollectionService: stats => 1693587878839,7629,4411
09-01 19:04:38.946 25360 25768 I BatteryMgr:DataCollectionService: stats => 1693587878946,7629,4411
09-01 19:04:38.966  1513  2000 D ConnectivityService: NetReassign [no changes]
09-01 19:04:39.052 25360 25768 I BatteryMgr:DataCollectionService: stats => 1693587879052,7629,4411
09-01 19:04:39.158 25360 25768 I BatteryMgr:DataCollectionService: stats => 1693587879158,7629,4411
09-01 19:04:39.264 25360 25768 I BatteryMgr:DataCollectionService: stats => 1693587879264,7629,4411
09-01 19:04:39.368 25360 25768 I BatteryMgr:DataCollectionService: stats => 1693587879368,7629,4411
09-01 19:04:39.474 25360 25768 I BatteryMgr:DataCollectionService: stats => 1693587879474,7629,4411
09-01 19:04:39.579 25360 25768 I BatteryMgr:DataCollectionService: stats => 1693587879579,7629,4411
09-01 19:04:39.685 25360 25768 I BatteryMgr:DataCollectionService: stats => 1693587879685,7629,4411
09-01 19:04:39.791 25360 25768 I BatteryMgr:DataCollectionService: stats => 1693587879791,7629,4411
09-01 19:04:39.895 25360 25768 I BatteryMgr:DataCollectionService: stats => 1693587879895,7629,4411
09-01 19:04:40.001 25360 25768 I BatteryMgr:DataCollectionService: stats => 1693587880000,7629,4411
09-01 19:04:40.107 25360 25768 I BatteryMgr:DataCollectionService: stats => 1693587880107,7629,4411
09-01 19:04:40.165   901  1000 D VSC     : @ 33066.618: [WO] tilt angle 89
09-01 19:04:40.213 25360 25768 I BatteryMgr:DataCollectionService: stats => 1693587880213,7629,4411
09-01 19:04:40.320 25360 25768 I BatteryMgr:DataCollectionService: stats => 1693587880320,7629,4411
09-01 19:04:40.379 25907 25909 I cmd     : oneway function results will be dropped but finished with status OK and parcel size 4
09-01 19:04:40.390   901  2806 I sensors-hal: [ssc_utils]get_qmi_debug_flag:244, support_qmi_debug : false
09-01 19:04:40.407   901  1000 W ASH     : @ 33066.861: Unhandled msg ID 999: line 1277
09-01 19:04:40.407   901  1000 E ASH     : @ 33066.861: No pb callback assigned
09-01 19:04:40.407   901  1000 E ASH     : @ 33066.861: Nanopb error: callback failed:1588
09-01 19:04:40.575   901  2806 I sensors-hal: [ssc_utils]get_qmi_debug_flag:244, support_qmi_debug : false
09-01 19:04:40.599  1513  3168 I ActivityManager: Force stopping org.mozilla.firefox appid=10258 user=0: from pid 25934
09-01 19:04:40.599  1513  3168 I ActivityManager: Killing 25596:org.mozilla.firefox:gpu/u0a258 (adj 0): stop org.mozilla.firefox due to from pid 25934
09-01 19:04:40.600  1513  3168 I ActivityManager: Killing 25810:org.mozilla.firefox:tab27/u0a258 (adj 0): stop org.mozilla.firefox due to from pid 25934
09-01 19:04:40.602  1513  3168 I ActivityManager: Killing 25522:org.mozilla.firefox:tab33/u0a258 (adj 900): stop org.mozilla.firefox due to from pid 25934
09-01 19:04:40.604   901  1000 W ASH     : @ 33067.058: Unhandled msg ID 999: line 1277
09-01 19:04:40.604   901  1000 E ASH     : @ 33067.058: No pb callback assigned
09-01 19:04:40.604   901  1000 E ASH     : @ 33067.058: Nanopb error: callback failed:1588
09-01 19:04:40.605  1513  3168 I ActivityManager: Killing 25418:org.mozilla.firefox/u0a258 (adj 0): stop org.mozilla.firefox due to from pid 25934
09-01 19:04:40.607  1513  3168 W ActivityTaskManager: Force removing ActivityRecord{31dedd2 u0 org.mozilla.firefox/org.mozilla.fenix.HomeActivity t1417 f}}: app died, no saved state
09-01 19:04:40.611   901  2806 I sensors-hal: [ssc_utils]get_qmi_debug_flag:244, support_qmi_debug : false
09-01 19:04:40.630  1513  3168 I WindowManager:   Force finishing activity ActivityRecord{31dedd2 u0 org.mozilla.firefox/org.mozilla.fenix.HomeActivity t1417 f} isExiting}
09-01 19:04:40.630  1513  3168 W ActivityTaskManager: Duplicate finish request for r=ActivityRecord{31dedd2 u0 org.mozilla.firefox/org.mozilla.fenix.HomeActivity t1417 f} isExiting}
09-01 19:04:40.633   778   778 I Zygote  : Process 25522 exited due to signal 9 (Killed)
09-01 19:04:40.633   778   778 I Zygote  : Process 25810 exited due to signal 9 (Killed)
09-01 19:04:40.633   778   778 I Zygote  : Process 25596 exited due to signal 9 (Killed)
09-01 19:04:40.640 25934 25952 I cmd     : oneway function results will be dropped but finished with status OK and parcel size 4
09-01 19:04:40.641  2474  2474 E PhoneInterfaceManager: [PhoneIntfMgr] getCarrierPackageNamesForIntentAndPhone: No UICC
09-01 19:04:40.641  2474  2474 D CarrierSvcBindHelper: No carrier app for: 0
09-01 19:04:40.642  1513  3223 W ActivityManager: Unbind failed: could not find connection for android.os.BinderProxy@e75142f
09-01 19:04:40.644  1513  1640 I libprocessgroup: Successfully killed process cgroup uid 10258 pid 25596 in 44ms
09-01 19:04:40.645   901  1000 W ASH     : @ 33067.098: Unhandled msg ID 999: line 1277
09-01 19:04:40.645   901  1000 E ASH     : @ 33067.098: No pb callback assigned
09-01 19:04:40.645   901  1000 E ASH     : @ 33067.098: Nanopb error: callback failed:1588
09-01 19:04:40.645  1513  1640 I libprocessgroup: Successfully killed process cgroup uid 10258 pid 25810 in 0ms
09-01 19:04:40.646  1513  1640 I libprocessgroup: Successfully killed process cgroup uid 10258 pid 25522 in 0ms
09-01 19:04:40.648   778   778 I Zygote  : Process 25418 exited due to signal 9 (Killed)
09-01 19:04:40.650  1513  1574 W WindowManager: Failed to deliver inset state change to w=Window{5b79bc8 u0 org.mozilla.firefox/org.mozilla.fenix.HomeActivity}
09-01 19:04:40.650  1513  1574 W WindowManager: android.os.DeadObjectException
09-01 19:04:40.650  1513  1574 W WindowManager: 	at android.os.BinderProxy.transactNative(Native Method)
09-01 19:04:40.650  1513  1574 W WindowManager: 	at android.os.BinderProxy.transact(BinderProxy.java:550)
09-01 19:04:40.650  1513  1574 W WindowManager: 	at android.view.IWindow$Stub$Proxy.insetsControlChanged(IWindow.java:765)
09-01 19:04:40.650  1513  1574 W WindowManager: 	at com.android.server.wm.WindowState.notifyInsetsControlChanged(WindowState.java:3677)
09-01 19:04:40.650  1513  1574 W WindowManager: 	at com.android.server.wm.InsetsStateController.lambda$notifyPendingInsetsControlChanged$4$InsetsStateController(InsetsStateController.java:469)
09-01 19:04:40.650  1513  1574 W WindowManager: 	at com.android.server.wm.-$$Lambda$InsetsStateController$-1iOXDf-1s3wDHcMIHBKNk6MS3I.run(Unknown Source:2)
09-01 19:04:40.650  1513  1574 W WindowManager: 	at com.android.server.wm.WindowAnimator.executeAfterPrepareSurfacesRunnables(WindowAnimator.java:341)
09-01 19:04:40.650  1513  1574 W WindowManager: 	at com.android.server.wm.WindowAnimator.animate(WindowAnimator.java:222)
09-01 19:04:40.650  1513  1574 W WindowManager: 	at com.android.server.wm.WindowAnimator.lambda$new$1$WindowAnimator(WindowAnimator.java:107)
09-01 19:04:40.650  1513  1574 W WindowManager: 	at com.android.server.wm.-$$Lambda$WindowAnimator$ddXU8gK8rmDqri0OZVMNa3Y4GHk.doFrame(Unknown Source:2)
09-01 19:04:40.650  1513  1574 W WindowManager: 	at android.view.Choreographer$CallbackRecord.run(Choreographer.java:970)
09-01 19:04:40.650  1513  1574 W WindowManager: 	at android.view.Choreographer.doCallbacks(Choreographer.java:796)
09-01 19:04:40.650  1513  1574 W WindowManager: 	at android.view.Choreographer.doFrame(Choreographer.java:727)
09-01 19:04:40.650  1513  1574 W WindowManager: 	at android.view.Choreographer$FrameDisplayEventReceiver.run(Choreographer.java:957)
09-01 19:04:40.650  1513  1574 W WindowManager: 	at android.os.Handler.handleCallback(Handler.java:938)
09-01 19:04:40.650  1513  1574 W WindowManager: 	at android.os.Handler.dispatchMessage(Handler.java:99)
09-01 19:04:40.650  1513  1574 W WindowManager: 	at android.os.Looper.loop(Looper.java:223)
09-01 19:04:40.650  1513  1574 W WindowManager: 	at android.os.HandlerThread.run(HandlerThread.java:67)
09-01 19:04:40.650  1513  1574 W WindowManager: 	at com.android.server.ServiceThread.run(ServiceThread.java:44)
09-01 19:04:40.650  8777 25957 I EuiccGoogle: [5970] EuiccServiceImpl.onGetEuiccProfileInfoList: onGetEuiccProfileInfoList: slotId = -1
09-01 19:04:40.651  1513  3232 I WindowManager: WIN DEATH: Window{5b79bc8 u0 org.mozilla.firefox/org.mozilla.fenix.HomeActivity}
09-01 19:04:40.651  1513  3232 W InputDispatcher: Attempted to unregister already unregistered input channel '5b79bc8 org.mozilla.firefox/org.mozilla.fenix.HomeActivity (server)'
09-01 19:04:40.656  3135  3135 D RegisteredNfcFServicesCache: Service unchanged, not updating
09-01 19:04:40.657  8777 25957 W EuiccGoogle: [5970] EuiccServiceImpl.onGetEuiccProfileInfoList: slotId=-1. No eUICC is active. Return null.
09-01 19:04:40.658  1513  1572 W ActivityManager: setHasOverlayUi called on unknown pid: 25418
09-01 19:04:40.667  3088  3642 I AssistantForeground: (REDACTED) Get launcher package: %s
09-01 19:04:40.672  2858  2858 I GoogleInputMethodService: GoogleInputMethodService.onFinishInput():3280 
09-01 19:04:40.672  2858  2858 I GoogleInputMethodService: GoogleInputMethodService.updateDeviceLockedStatus():2169 repeatCheckTimes = 0, unlocked = true
09-01 19:04:40.672  2858  2858 I GoogleInputMethodService: GoogleInputMethodService.onStartInput():1960 onStartInput(EditorInfo{inputType=0x0(NULL) imeOptions=0x0 privateImeOptions=null actionName=UNSPECIFIED actionLabel=null actionId=0 initialSelStart=-1 initialSelEnd=-1 initialCapsMode=0x0 hintText=null label=null packageName=com.example.batterymanager_utility fieldId=-1 fieldName=null extras=null}, false)
09-01 19:04:40.672  2858  2858 I GoogleInputMethodService: GoogleInputMethodService.shouldHideHeaderOnInitialState():4081 ShouldHideHeaderOnInitialState = false
09-01 19:04:40.673  2858  2858 I GoogleInputMethodService: GoogleInputMethodService.updateDeviceLockedStatus():2169 repeatCheckTimes = 2, unlocked = true
09-01 19:04:40.676  1513  1640 I libprocessgroup: Successfully killed process cgroup uid 10258 pid 25418 in 30ms
09-01 19:04:40.742  1513  1513 W Looper  : Slow dispatch took 101ms main h=android.app.ActivityThread$H c=android.app.-$$Lambda$LoadedApk$ReceiverDispatcher$Args$_BumDX2UKsnxLVrE6UJsJZkotuA@b411297 m=0
09-01 19:04:40.868   594 28441 I SDM     : HWDeviceDRM::UpdateMixerAttributes: Mixer WxH 1080x2340-1 for Peripheral
09-01 19:04:40.868   594 28441 I SDM     : DisplayBase::SetActiveConfig: Active configuration changed to: 0
09-01 19:04:40.868   594 28441 I SDM     : StrategyImpl::SetIdleTimeoutMs: Idle timeout set to zero for command mode panels
09-01 19:04:40.882   901  2806 I sensors-hal: [ssc_utils]get_qmi_debug_flag:244, support_qmi_debug : false
09-01 19:04:40.894  1513  1572 I DisplayManagerService: Display device changed: DisplayDeviceInfo{"Built-in Screen": uniqueId="local:19260504575090817", 1080 x 2340, modeId 2, defaultModeId 2, supportedModes [{id=1, width=1080, height=2340, fps=90.0}, {id=2, width=1080, height=2340, fps=60.000004}], colorMode 0, supportedColorModes [0, 7, 9], HdrCapabilities HdrCapabilities{mSupportedHdrTypes=[2, 3, 4], mMaxLuminance=500.0, mMaxAverageLuminance=500.0, mMinLuminance=0.0}, allmSupported false, gameContentTypeSupported false, density 440, 435.428 x 433.839 dpi, appVsyncOff 2333332, presDeadline 11500000, cutout DisplayCutout{insets=Rect(0, 136 - 0, 0) waterfall=Insets{left=0, top=0, right=0, bottom=0} boundingRect={Bounds=[Rect(0, 0 - 0, 0), Rect(0, 0 - 136, 136), Rect(0, 0 - 0, 0), Rect(0, 0 - 0, 0)]}}, touch INTERNAL, rotation 0, type INTERNAL, address {port=129, model=0x446d53ad64a0}, deviceProductInfo DeviceProductInfo{name=, manufacturerPnpId=QCM, productId=1, modelYear=null, manufactureDate=ManufactureDate{week=27, year=2006}, relativeAddress=null}, state ON, FLAG_DEFAULT_DISPLAY, FLAG_ROTATES_WITH_CONTENT, FLAG_SECURE, FLAG_SUPPORTS_PROTECTED_BUFFERS}
09-01 19:04:40.896   594 28441 I SDM     : HWDeviceDRM::UpdateMixerAttributes: Mixer WxH 1080x2340-1 for Peripheral
09-01 19:04:40.896   594 28441 I SDM     : DisplayBase::SetActiveConfig: Active configuration changed to: 1
09-01 19:04:40.896   594 28441 I SDM     : StrategyImpl::SetIdleTimeoutMs: Idle timeout set to zero for command mode panels
09-01 19:04:40.904   901  2806 I sensors-hal: [ssc_utils]get_qmi_debug_flag:244, support_qmi_debug : false
09-01 19:04:40.916  1513  1572 I DisplayManagerService: Display device changed: DisplayDeviceInfo{"Built-in Screen": uniqueId="local:19260504575090817", 1080 x 2340, modeId 1, defaultModeId 2, supportedModes [{id=1, width=1080, height=2340, fps=90.0}, {id=2, width=1080, height=2340, fps=60.000004}], colorMode 0, supportedColorModes [0, 7, 9], HdrCapabilities HdrCapabilities{mSupportedHdrTypes=[2, 3, 4], mMaxLuminance=500.0, mMaxAverageLuminance=500.0, mMinLuminance=0.0}, allmSupported false, gameContentTypeSupported false, density 440, 435.428 x 433.839 dpi, appVsyncOff 2333333, presDeadline 11500000, cutout DisplayCutout{insets=Rect(0, 136 - 0, 0) waterfall=Insets{left=0, top=0, right=0, bottom=0} boundingRect={Bounds=[Rect(0, 0 - 0, 0), Rect(0, 0 - 136, 136), Rect(0, 0 - 0, 0), Rect(0, 0 - 0, 0)]}}, touch INTERNAL, rotation 0, type INTERNAL, address {port=129, model=0x446d53ad64a0}, deviceProductInfo DeviceProductInfo{name=, manufacturerPnpId=QCM, productId=1, modelYear=null, manufactureDate=ManufactureDate{week=27, year=2006}, relativeAddress=null}, state ON, FLAG_DEFAULT_DISPLAY, FLAG_ROTATES_WITH_CONTENT, FLAG_SECURE, FLAG_SUPPORTS_PROTECTED_BUFFERS}
09-01 19:04:40.924   901  1000 W ASH     : @ 33067.378: Unhandled msg ID 999: line 1277
09-01 19:04:40.924   901  1000 E ASH     : @ 33067.378: No pb callback assigned
09-01 19:04:40.924   901  1000 E ASH     : @ 33067.378: Nanopb error: callback failed:1588
09-01 19:04:40.928   594 28441 I SDM     : HWDeviceDRM::UpdateMixerAttributes: Mixer WxH 1080x2340-1 for Peripheral
09-01 19:04:40.928   594 28441 I SDM     : DisplayBase::SetActiveConfig: Active configuration changed to: 0
09-01 19:04:40.928   594 28441 I SDM     : StrategyImpl::SetIdleTimeoutMs: Idle timeout set to zero for command mode panels
09-01 19:04:40.937   901  2806 I sensors-hal: [ssc_utils]get_qmi_debug_flag:244, support_qmi_debug : false
09-01 19:04:40.949  1513  1572 I DisplayManagerService: Display device changed: DisplayDeviceInfo{"Built-in Screen": uniqueId="local:19260504575090817", 1080 x 2340, modeId 2, defaultModeId 2, supportedModes [{id=1, width=1080, height=2340, fps=90.0}, {id=2, width=1080, height=2340, fps=60.000004}], colorMode 0, supportedColorModes [0, 7, 9], HdrCapabilities HdrCapabilities{mSupportedHdrTypes=[2, 3, 4], mMaxLuminance=500.0, mMaxAverageLuminance=500.0, mMinLuminance=0.0}, allmSupported false, gameContentTypeSupported false, density 440, 435.428 x 433.839 dpi, appVsyncOff 2333332, presDeadline 11500000, cutout DisplayCutout{insets=Rect(0, 136 - 0, 0) waterfall=Insets{left=0, top=0, right=0, bottom=0} boundingRect={Bounds=[Rect(0, 0 - 0, 0), Rect(0, 0 - 136, 136), Rect(0, 0 - 0, 0), Rect(0, 0 - 0, 0)]}}, touch INTERNAL, rotation 0, type INTERNAL, address {port=129, model=0x446d53ad64a0}, deviceProductInfo DeviceProductInfo{name=, manufacturerPnpId=QCM, productId=1, modelYear=null, manufactureDate=ManufactureDate{week=27, year=2006}, relativeAddress=null}, state ON, FLAG_DEFAULT_DISPLAY, FLAG_ROTATES_WITH_CONTENT, FLAG_SECURE, FLAG_SUPPORTS_PROTECTED_BUFFERS}
09-01 19:04:40.951   594 28441 I SDM     : HWDeviceDRM::UpdateMixerAttributes: Mixer WxH 1080x2340-1 for Peripheral
09-01 19:04:40.951   594 28441 I SDM     : DisplayBase::SetActiveConfig: Active configuration changed to: 1
09-01 19:04:40.951   594 28441 I SDM     : StrategyImpl::SetIdleTimeoutMs: Idle timeout set to zero for command mode panels
09-01 19:04:40.959   901  2806 I sensors-hal: [ssc_utils]get_qmi_debug_flag:244, support_qmi_debug : false
09-01 19:04:40.964   901  1000 W ASH     : @ 33067.418: Unhandled msg ID 999: line 1277
09-01 19:04:40.964   901  1000 E ASH     : @ 33067.418: No pb callback assigned
09-01 19:04:40.964   901  1000 E ASH     : @ 33067.418: Nanopb error: callback failed:1588
09-01 19:04:40.966  1513  1572 I DisplayManagerService: Display device changed: DisplayDeviceInfo{"Built-in Screen": uniqueId="local:19260504575090817", 1080 x 2340, modeId 1, defaultModeId 2, supportedModes [{id=1, width=1080, height=2340, fps=90.0}, {id=2, width=1080, height=2340, fps=60.000004}], colorMode 0, supportedColorModes [0, 7, 9], HdrCapabilities HdrCapabilities{mSupportedHdrTypes=[2, 3, 4], mMaxLuminance=500.0, mMaxAverageLuminance=500.0, mMinLuminance=0.0}, allmSupported false, gameContentTypeSupported false, density 440, 435.428 x 433.839 dpi, appVsyncOff 2333333, presDeadline 11500000, cutout DisplayCutout{insets=Rect(0, 136 - 0, 0) waterfall=Insets{left=0, top=0, right=0, bottom=0} boundingRect={Bounds=[Rect(0, 0 - 0, 0), Rect(0, 0 - 136, 136), Rect(0, 0 - 0, 0), Rect(0, 0 - 0, 0)]}}, touch INTERNAL, rotation 0, type INTERNAL, address {port=129, model=0x446d53ad64a0}, deviceProductInfo DeviceProductInfo{name=, manufacturerPnpId=QCM, productId=1, modelYear=null, manufactureDate=ManufactureDate{week=27, year=2006}, relativeAddress=null}, state ON, FLAG_DEFAULT_DISPLAY, FLAG_ROTATES_WITH_CONTENT, FLAG_SECURE, FLAG_SUPPORTS_PROTECTED_BUFFERS}
09-01 19:04:41.004   901  1000 W ASH     : @ 33067.458: Unhandled msg ID 999: line 1277
09-01 19:04:41.004   901  1000 E ASH     : @ 33067.458: No pb callback assigned
09-01 19:04:41.004   901  1000 E ASH     : @ 33067.458: Nanopb error: callback failed:1588
09-01 19:04:41.895   908   950 D rlsservice: MonitorDisplayStatus client num 1, display status 1, sensor status 0
09-01 19:04:41.983  1513  2000 D ConnectivityService: NetReassign [no changes]
09-01 19:04:42.165   901  1000 D VSC     : @ 33068.618: [WO] tilt angle 89
09-01 19:04:42.376   901  2806 I sensors-hal: [ssc_utils]get_qmi_debug_flag:244, support_qmi_debug : false
09-01 19:04:42.387   901  2806 I sensors-hal: [ssc_utils]get_qmi_debug_flag:244, support_qmi_debug : false
09-01 19:04:42.404   901  1000 W ASH     : @ 33068.858: Unhandled msg ID 999: line 1277
09-01 19:04:42.404   901  1000 E ASH     : @ 33068.858: No pb callback assigned
09-01 19:04:42.404   901  1000 E ASH     : @ 33068.858: Nanopb error: callback failed:1588
09-01 19:04:42.486   901  2806 I sensors-hal: [ssc_utils]get_qmi_debug_flag:244, support_qmi_debug : false
09-01 19:04:42.525   901  1000 W ASH     : @ 33068.978: Unhandled msg ID 999: line 1277
09-01 19:04:42.525   901  1000 E ASH     : @ 33068.978: No pb callback assigned
09-01 19:04:42.525   901  1000 E ASH     : @ 33068.978: Nanopb error: callback failed:1588
09-01 19:04:43.777  1513  2013 I ActivityManager: Force stopping com.example.batterymanager_utility appid=10260 user=0: from pid 25988
09-01 19:04:43.778  1513  2013 I ActivityManager: Killing 25360:com.example.batterymanager_utility/u0a260 (adj 0): stop com.example.batterymanager_utility due to from pid 25988
09-01 19:04:43.779  1513  2013 W ActivityTaskManager: Force removing ActivityRecord{3944db5 u0 com.example.batterymanager_utility/.MainActivity t1415 f}}: app died, no saved state
09-01 19:04:43.785   901  2806 I sensors-hal: [ssc_utils]get_qmi_debug_flag:244, support_qmi_debug : false
09-01 19:04:43.794   778   778 I Zygote  : Process 25360 exited due to signal 9 (Killed)
09-01 19:04:43.805   901  1000 W ASH     : @ 33070.258: Unhandled msg ID 999: line 1277
09-01 19:04:43.805   901  1000 E ASH     : @ 33070.258: No pb callback assigned
09-01 19:04:43.805   901  1000 E ASH     : @ 33070.258: Nanopb error: callback failed:1588
09-01 19:04:43.805  1513  1640 I libprocessgroup: Successfully killed process cgroup uid 10260 pid 25360 in 26ms
09-01 19:04:43.809 25988 25990 I cmd     : oneway function results will be dropped but finished with status OK and parcel size 4
09-01 19:04:43.812  2474  2474 E PhoneInterfaceManager: [PhoneIntfMgr] getCarrierPackageNamesForIntentAndPhone: No UICC
09-01 19:04:43.812  2474  2474 D CarrierSvcBindHelper: No carrier app for: 0
09-01 19:04:43.815  1513  1572 W ActivityManager: setHasOverlayUi called on unknown pid: 25360
09-01 19:04:43.825  8777 25994 I EuiccGoogle: [5971] EuiccServiceImpl.onGetEuiccProfileInfoList: onGetEuiccProfileInfoList: slotId = -1
09-01 19:04:43.825  3135  3135 D RegisteredNfcFServicesCache: Service unchanged, not updating
09-01 19:04:43.828  3088  3088 I GsaVoiceInteractionSrv: Handling ACTION_START_HOTWORD
09-01 19:04:43.828  3088  3620 I GsaVoiceInteractionSrv: (REDACTED) disregardVoiceMatch: %b
09-01 19:04:43.828  3088  3620 I GsaVoiceInteractionSrv: Cannot start hotword, hotword has been explicitly disabled.
09-01 19:04:43.829  8777 25994 W EuiccGoogle: [5971] EuiccServiceImpl.onGetEuiccProfileInfoList: slotId=-1. No eUICC is active. Return null.
09-01 19:04:43.832  3088  3656 I AssistantForeground: (REDACTED) Get launcher package: %s
09-01 19:04:43.837  2158  2158 I WallpaperService: engine resumed
09-01 19:04:43.840   901   901 W sensors@2.0-ser: type=1400 audit(0.0:4114): avc: denied { read write } for name="diag" dev="tmpfs" ino=12474 scontext=u:r:hal_sensors_default:s0 tcontext=u:object_r:diag_device:s0 tclass=chr_file permissive=0
09-01 19:04:43.840  2858  2858 I GoogleInputMethodService: GoogleInputMethodService.onFinishInput():3280 
09-01 19:04:43.841   901   901 I sensors-hal: [hal]batch_physical_sensor:301, android.sensor.gyroscope/41, period=20000000, max_latency=0
09-01 19:04:43.841   901   901 I sensors-hal: [hal]batch_physical_sensor:310, android.sensor.gyroscope/41, period=20000000, max_latency=0 request completed
09-01 19:04:43.841   901   901 I sensors-hal: [hal]activate_physical_sensor:238, android.sensor.gyroscope/41 en=1
09-01 19:04:43.841  2858  2858 I GoogleInputMethodService: GoogleInputMethodService.updateDeviceLockedStatus():2169 repeatCheckTimes = 0, unlocked = true
09-01 19:04:43.841  2858  2858 I GoogleInputMethodService: GoogleInputMethodService.onStartInput():1960 onStartInput(EditorInfo{inputType=0x0(NULL) imeOptions=0x0 privateImeOptions=null actionName=UNSPECIFIED actionLabel=null actionId=0 initialSelStart=-1 initialSelEnd=-1 initialCapsMode=0x0 hintText=null label=null packageName=com.google.android.apps.nexuslauncher fieldId=-1 fieldName=null extras=null}, false)
09-01 19:04:43.841  2858  2858 I GoogleInputMethodService: GoogleInputMethodService.shouldHideHeaderOnInitialState():4081 ShouldHideHeaderOnInitialState = false
09-01 19:04:43.841   901   901 I sensors-hal: [ssc_utils]get_qmi_debug_flag:244, support_qmi_debug : false
09-01 19:04:43.842  2858  2858 I GoogleInputMethodService: GoogleInputMethodService.updateDeviceLockedStatus():2169 repeatCheckTimes = 2, unlocked = true
09-01 19:04:43.844   901   901 W sensors@2.0-ser: type=1400 audit(0.0:4115): avc: denied { read write } for name="diag" dev="tmpfs" ino=12474 scontext=u:r:hal_sensors_default:s0 tcontext=u:object_r:diag_device:s0 tclass=chr_file permissive=0
09-01 19:04:43.844   901   901 D Diag_Lib:  Diag_LSM_Init: Failed to open handle to diag driver, error = 13
09-01 19:04:43.845   901   901 D Diag_Lib:  Diag_LSM_Init: Failed to open handle to diag driver, error = 13
09-01 19:04:43.845   901   901 I sensors-hal: [ssc_sensor]update_handle:537, handle=331, type=33, wakeup=0, hwid=0, base=331
09-01 19:04:43.845   901   901 I sensors-hal: [ssc_utils]get_qmi_debug_flag:244, support_qmi_debug : false
09-01 19:04:43.848   901   901 I sensors-hal: [ssc_utils]get_qmi_debug_flag:244, support_qmi_debug : false
09-01 19:04:43.849   901 26001 I sensors-hal: [ssc_sensor]ssc_conn_resp_cb:663, resp_value = 0
09-01 19:04:43.851   901  1000 W SEE     : @ 33070.304: adding req to Q sensor=8 req=0xb202f428 msg=513
09-01 19:04:43.852   901 26001 I sensors-hal: [sensor]submit_sensors_hal_event:146, android.sensor.additional_info: trying to push empty Events, count = 0
09-01 19:04:43.852   901 26001 I sensors-hal: [sensor]submit_sensors_hal_event:146, android.sensor.additional_info: trying to push empty Events, count = 0
09-01 19:04:43.854   901   901 I sensors-hal: [hal]activate_physical_sensor:249, android.sensor.gyroscope/41 en=1 completed
09-01 19:04:43.855   901 26005 I sensors-hal: [ssc_sensor]ssc_conn_resp_cb:663, resp_value = 0
09-01 19:04:43.856   901  1000 W SEE     : @ 33070.308: adding req to Q sensor=2 req=0xb20314f8 msg=513
09-01 19:04:43.857   901 26005 I sensors-hal: [sensor]submit_sensors_hal_event:146, android.sensor.gyroscope: trying to push empty Events, count = 1
09-01 19:04:43.857   901 26005 I chatty  : uid=1000(system) 41_see identical 2 lines
09-01 19:04:43.870   901 26005 I sensors-hal: [sensor]submit_sensors_hal_event:146, android.sensor.gyroscope: trying to push empty Events, count = 1
09-01 19:04:44.163   901  2806 I sensors-hal: [ssc_utils]get_qmi_debug_flag:244, support_qmi_debug : false
09-01 19:04:44.165   901  1000 D VSC     : @ 33070.618: [WO] tilt angle 89
09-01 19:04:44.205   901  1000 W ASH     : @ 33070.658: Unhandled msg ID 999: line 1277
09-01 19:04:44.205   901  1000 E ASH     : @ 33070.658: No pb callback assigned
09-01 19:04:44.205   901  1000 E ASH     : @ 33070.658: Nanopb error: callback failed:1588
09-01 19:04:44.888   901  2806 I sensors-hal: [ssc_utils]get_qmi_debug_flag:244, support_qmi_debug : false
09-01 19:04:44.925   901  1000 W ASH     : @ 33071.378: Unhandled msg ID 999: line 1277
09-01 19:04:44.925   901  1000 E ASH     : @ 33071.378: No pb callback assigned
09-01 19:04:44.925   901  1000 E ASH     : @ 33071.378: Nanopb error: callback failed:1588
09-01 19:04:44.986   901  2806 I sensors-hal: [ssc_utils]get_qmi_debug_flag:244, support_qmi_debug : false
09-01 19:04:44.998  1513  2000 D ConnectivityService: NetReassign [no changes]
09-01 19:04:45.004   901  1000 W ASH     : @ 33071.458: Unhandled msg ID 999: line 1277
09-01 19:04:45.004   901  1000 E ASH     : @ 33071.458: No pb callback assigned
09-01 19:04:45.004   901  1000 E ASH     : @ 33071.458: Nanopb error: callback failed:1588
09-01 19:04:45.899   901  2806 I sensors-hal: [ssc_utils]get_qmi_debug_flag:244, support_qmi_debug : false
09-01 19:04:45.907   594 28441 I SDM     : HWDeviceDRM::UpdateMixerAttributes: Mixer WxH 1080x2340-1 for Peripheral
09-01 19:04:45.907   594 28441 I SDM     : DisplayBase::SetActiveConfig: Active configuration changed to: 0
09-01 19:04:45.908   594 28441 I SDM     : StrategyImpl::SetIdleTimeoutMs: Idle timeout set to zero for command mode panels
09-01 19:04:45.912   901  2806 I sensors-hal: [ssc_utils]get_qmi_debug_flag:244, support_qmi_debug : false
09-01 19:04:45.924   901  1000 W ASH     : @ 33072.378: Unhandled msg ID 999: line 1277
09-01 19:04:45.924   901  1000 E ASH     : @ 33072.378: No pb callback assigned
09-01 19:04:45.924   901  1000 E ASH     : @ 33072.378: Nanopb error: callback failed:1588
09-01 19:04:45.929  1513  1572 I DisplayManagerService: Display device changed: DisplayDeviceInfo{"Built-in Screen": uniqueId="local:19260504575090817", 1080 x 2340, modeId 2, defaultModeId 2, supportedModes [{id=1, width=1080, height=2340, fps=90.0}, {id=2, width=1080, height=2340, fps=60.000004}], colorMode 0, supportedColorModes [0, 7, 9], HdrCapabilities HdrCapabilities{mSupportedHdrTypes=[2, 3, 4], mMaxLuminance=500.0, mMaxAverageLuminance=500.0, mMinLuminance=0.0}, allmSupported false, gameContentTypeSupported false, density 440, 435.428 x 433.839 dpi, appVsyncOff 2333332, presDeadline 11500000, cutout DisplayCutout{insets=Rect(0, 136 - 0, 0) waterfall=Insets{left=0, top=0, right=0, bottom=0} boundingRect={Bounds=[Rect(0, 0 - 0, 0), Rect(0, 0 - 136, 136), Rect(0, 0 - 0, 0), Rect(0, 0 - 0, 0)]}}, touch INTERNAL, rotation 0, type INTERNAL, address {port=129, model=0x446d53ad64a0}, deviceProductInfo DeviceProductInfo{name=, manufacturerPnpId=QCM, productId=1, modelYear=null, manufactureDate=ManufactureDate{week=27, year=2006}, relativeAddress=null}, state ON, FLAG_DEFAULT_DISPLAY, FLAG_ROTATES_WITH_CONTENT, FLAG_SECURE, FLAG_SUPPORTS_PROTECTED_BUFFERS}
09-01 19:04:45.930   594 28441 I SDM     : StrategyImpl::SetIdleTimeoutMs: Idle timeout set to zero for command mode panels
09-01 19:04:46.166   901  1000 D VSC     : @ 33072.618: [WO] tilt angle 89
09-01 19:04:47.194   894   894 I android.hardware.health@2.1-service: Recording a sample at time 33070
09-01 19:04:48.019  1513  2000 D ConnectivityService: NetReassign [no changes]
09-01 19:04:48.167   901  1000 D VSC     : @ 33074.618: [WO] tilt angle 89
