--------- beginning of system
09-01 16:41:39.542  1513  3227 I ActivityManager: Force stopping org.mozilla.firefox appid=10258 user=0: from pid 11679
--------- beginning of main
09-01 16:41:39.547  2474  2474 E PhoneInterfaceManager: [PhoneIntfMgr] getCarrierPackageNamesForIntentAndPhone: No UICC
09-01 16:41:39.547  2474  2474 D CarrierSvcBindHelper: No carrier app for: 0
09-01 16:41:39.557  3135  3135 D RegisteredNfcFServicesCache: Service unchanged, not updating
09-01 16:41:39.557  8777  8777 I EuiccGoogle: [2] EuiccServiceImpl.onCreate: onCreate Single-SIM mode: simCardState is 1
09-01 16:41:39.563  8777 11685 I EuiccGoogle: [5389] EuiccServiceImpl.onGetEuiccProfileInfoList: onGetEuiccProfileInfoList: slotId = -1
09-01 16:41:39.566  8777 11685 W EuiccGoogle: [5389] EuiccServiceImpl.onGetEuiccProfileInfoList: slotId=-1. No eUICC is active. Return null.
09-01 16:41:39.798  1513  3227 I ActivityTaskManager: START u0 {act=android.intent.action.VIEW flg=0x10008000 cmp=org.mozilla.firefox/org.mozilla.gecko.BrowserApp} from uid 2000
09-01 16:41:39.798  1513  1572 D EventSequenceValidator: inc AccIntentStartedEvents to 2
09-01 16:41:39.807   901  2806 I sensors-hal: [ssc_utils]get_qmi_debug_flag:244, support_qmi_debug : false
09-01 16:41:39.821  1513  1572 D CompatibilityChangeReporter: Compat change id reported: 135634846; UID 10258; state: DISABLED
09-01 16:41:39.821  1513  1572 D CompatibilityChangeReporter: Compat change id reported: 135754954; UID 10258; state: ENABLED
09-01 16:41:39.822  1513  1625 D CompatibilityChangeReporter: Compat change id reported: 143937733; UID 10258; state: ENABLED
09-01 16:41:39.832   778   778 D Zygote  : Forked child process 11689
09-01 16:41:39.835  1513  1625 I ActivityManager: Start proc 11689:org.mozilla.firefox/u0a258 for pre-top-activity {org.mozilla.firefox/org.mozilla.gecko.BrowserApp}
09-01 16:41:39.837 11689 11689 E mozilla.firefo: Not starting debugger since process cannot load the jdwp agent.
09-01 16:41:39.843   901  1000 W ASH     : @ 24486.298: Unhandled msg ID 999: line 1277
09-01 16:41:39.843   901  1000 E ASH     : @ 24486.298: No pb callback assigned
09-01 16:41:39.843   901  1000 E ASH     : @ 24486.298: Nanopb error: callback failed:1588
09-01 16:41:39.859  3088  3660 I AssistantForeground: (REDACTED) Get launcher package: %s
09-01 16:41:39.864 11689 11689 D NetworkSecurityConfig: No Network Security Config specified, using platform default
09-01 16:41:39.864 11689 11689 D NetworkSecurityConfig: No Network Security Config specified, using platform default
09-01 16:41:39.870 11689 11689 I FirebaseApp: Device unlocked: initializing all Firebase APIs for app [DEFAULT]
09-01 16:41:39.872 11689 11689 I FirebaseInitProvider: FirebaseApp initialization successful
09-01 16:41:39.889 11689 11689 I rc_log_ffi::ios: rc_log adapter initialized!
09-01 16:41:39.915 11689 11719 I nimbus::nimbus_client: updating experiment list
09-01 16:41:39.916 11689 11719 I nimbus::persistence: Already at version 2, no upgrade needed
09-01 16:41:39.916 11689 11719 I nimbus::nimbus_client: [Nimbus] Retrieved date from Context: 2023-09-01 07:56:38 UTC
09-01 16:41:39.916 11689 11719 I nimbus::nimbus_client: [Nimbus] Installation Date: 2023-09-01 07:56:38 UTC
09-01 16:41:39.916 11689 11719 I nimbus::nimbus_client: [Nimbus] Update Date: 2023-09-01 14:22:00.591064144 UTC
09-01 16:41:39.916 11689 11719 I nimbus::nimbus_client: [Nimbus] Days since install: 0
09-01 16:41:39.916 11689 11719 I nimbus::nimbus_client: [Nimbus] Days since update: 0
09-01 16:41:39.928 11689 11722 I GeckoThread: preparing to run Gecko
09-01 16:41:39.933 11689 11722 I GeckoLoader: Library base=/data/app/~~BtOtpENtY_8SJVQLgbYgRg==/org.mozilla.firefox-ZoJ8FBGk3KN0nHoYkPw1IA==/lib/arm64
09-01 16:41:39.934 11689 11722 W Settings: Setting animator_duration_scale has moved from android.provider.Settings.System to android.provider.Settings.Global, returning read-only global URI.
09-01 16:41:39.934 11689 11722 I GeckoLoader: Library base=/data/app/~~BtOtpENtY_8SJVQLgbYgRg==/org.mozilla.firefox-ZoJ8FBGk3KN0nHoYkPw1IA==/lib/arm64
09-01 16:41:39.935 11689 11722 E GeckoLibLoad: Load sqlite start
09-01 16:41:39.936   901  2806 I sensors-hal: [ssc_utils]get_qmi_debug_flag:244, support_qmi_debug : false
09-01 16:41:39.936 11689 11722 E GeckoLibLoad: Load sqlite done
09-01 16:41:39.936 11689 11722 I GeckoLoader: Library base=/data/app/~~BtOtpENtY_8SJVQLgbYgRg==/org.mozilla.firefox-ZoJ8FBGk3KN0nHoYkPw1IA==/lib/arm64
09-01 16:41:39.936 11689 11722 E GeckoLibLoad: Load nss start
09-01 16:41:39.936 11689 11722 E GeckoLibLoad: Load nss done
09-01 16:41:39.936 11689 11722 I GeckoLoader: Library base=/data/app/~~BtOtpENtY_8SJVQLgbYgRg==/org.mozilla.firefox-ZoJ8FBGk3KN0nHoYkPw1IA==/lib/arm64
09-01 16:41:39.939 11689 11722 E GeckoLibLoad: Loaded libs in 2.837239ms total, 0ms(3ms) user, 0ms(0ms) system, 0(0) faults
09-01 16:41:39.940 11689 11722 W GeckoThread: zerdatime 24483165 - runGecko
09-01 16:41:39.940 11689 11728 I libglean_ffi: glean_core::core: Creating new Glean v53.1.0
09-01 16:41:39.942 11689 11728 I libglean_ffi: glean_core::database: Database initialized
09-01 16:41:39.944 11689 11728 I libglean_ffi: glean_core: Glean initialized
09-01 16:41:39.945 11689 11728 I libglean_ffi: glean_core::event_database: Loading events for events
09-01 16:41:39.945 11689 11728 I libglean_ffi: glean_core::event_database: Loading events for background-update
09-01 16:41:39.945 11689 11728 I libglean_ffi: glean_core::event_database: Loading events for pageload
09-01 16:41:39.947 11689 11728 I libglean_ffi: glean_core::ping: Collecting events
09-01 16:41:39.952 11689 11728 I libglean_ffi: glean_core::upload::directory: Processing ping at: /data/user/0/org.mozilla.firefox/glean_data/pending_pings/f6502cc0-1354-473c-a618-224a5b68db76
09-01 16:41:39.958 11689 11728 I libglean_ffi: glean_core::metrics::ping: The ping 'events' was submitted and will be sent as soon as possible
09-01 16:41:39.964   901  1000 W ASH     : @ 24486.418: Unhandled msg ID 999: line 1277
09-01 16:41:39.964   901  1000 E ASH     : @ 24486.418: No pb callback assigned
09-01 16:41:39.964   901  1000 E ASH     : @ 24486.418: Nanopb error: callback failed:1588
09-01 16:41:39.971  1513  2180 D CompatibilityChangeReporter: Compat change id reported: 136274596; UID 10258; state: ENABLED
09-01 16:41:39.973 11689 11728 I TetheringManager: registerTetheringEventCallback:org.mozilla.firefox
09-01 16:41:39.973 11689 11689 I FenixApplication: AutoPushFeature is configured, initializing it...
09-01 16:41:39.975 11689 11689 I AbstractFirebasePushService: start
09-01 16:41:39.983   592  2726 W DisplayIdentification: Invalid EDID: falling back to serial number due to missing display name.
09-01 16:41:39.983   592  2726 W DisplayIdentification: Invalid EDID: falling back to ASCII text due to missing serial number.
09-01 16:41:39.995  1513  2180 I ActivityTaskManager: START u0 {act=android.intent.action.VIEW cmp=org.mozilla.firefox/org.mozilla.fenix.HomeActivity (has extras)} from uid 10258
09-01 16:41:39.998   901  2806 I sensors-hal: [ssc_utils]get_qmi_debug_flag:244, support_qmi_debug : false
09-01 16:41:40.005   901  1000 W ASH     : @ 24486.459: Unhandled msg ID 999: line 1277
09-01 16:41:40.005   901  1000 E ASH     : @ 24486.459: No pb callback assigned
09-01 16:41:40.005   901  1000 E ASH     : @ 24486.459: Nanopb error: callback failed:1588
09-01 16:41:40.005 11689 11722 I Gecko:DumpUtils: Fifo watcher disabled via pref.
09-01 16:41:40.008  1513  2180 W ActivityTaskManager: Tried to set launchTime (0) < mLastActivityLaunchTime (24483071)
09-01 16:41:40.011 11689 11728 I glean/MetricsPingSched: The 'metrics' ping was already sent today, 1693579299988.
09-01 16:41:40.033 11689 11689 W org.mozilla.firefox: type=1400 audit(0.0:2843): avc: denied { bind } for comm=4E65746C696E6B204D6F6E69746F72 scontext=u:r:untrusted_app:s0:c2,c257,c512,c768 tcontext=u:r:untrusted_app:s0:c2,c257,c512,c768 tclass=netlink_route_socket permissive=0 b/155595000 app=org.mozilla.firefox
09-01 16:41:40.035 11689 11728 I libglean_ffi: glean_core::ping: Collecting baseline
09-01 16:41:40.039 11689 11756 I push::internal::communications::rate_limiter: No need to reset inner timestamp and count for verify_connection.
09-01 16:41:40.043 11689 11756 I push::internal::communications::rate_limiter: Not allowed: count(7) > 1 for verify_connection.
09-01 16:41:40.045 11689 11756 I AutoPushFeature: No change to subscriptions. Doing nothing.
09-01 16:41:40.045  2158  2158 I WallpaperService: engine resumed
09-01 16:41:40.046   901   901 W sensors@2.0-ser: type=1400 audit(0.0:2844): avc: denied { read write } for name="diag" dev="tmpfs" ino=12474 scontext=u:r:hal_sensors_default:s0 tcontext=u:object_r:diag_device:s0 tclass=chr_file permissive=0
09-01 16:41:40.046   901   901 W sensors@2.0-ser: type=1400 audit(0.0:2845): avc: denied { read write } for name="diag" dev="tmpfs" ino=12474 scontext=u:r:hal_sensors_default:s0 tcontext=u:object_r:diag_device:s0 tclass=chr_file permissive=0
09-01 16:41:40.047   901   901 I sensors-hal: [hal]batch_physical_sensor:301, android.sensor.gyroscope/41, period=20000000, max_latency=0
09-01 16:41:40.047   901   901 I sensors-hal: [hal]batch_physical_sensor:310, android.sensor.gyroscope/41, period=20000000, max_latency=0 request completed
09-01 16:41:40.047   901   901 I sensors-hal: [hal]activate_physical_sensor:238, android.sensor.gyroscope/41 en=1
09-01 16:41:40.047   901   901 I sensors-hal: [ssc_utils]get_qmi_debug_flag:244, support_qmi_debug : false
09-01 16:41:40.050   901   901 D Diag_Lib:  Diag_LSM_Init: Failed to open handle to diag driver, error = 13
09-01 16:41:40.051   901   901 D Diag_Lib:  Diag_LSM_Init: Failed to open handle to diag driver, error = 13
09-01 16:41:40.052   901   901 I sensors-hal: [ssc_sensor]update_handle:537, handle=331, type=33, wakeup=0, hwid=0, base=331
09-01 16:41:40.052   901   901 I sensors-hal: [ssc_utils]get_qmi_debug_flag:244, support_qmi_debug : false
09-01 16:41:40.055 11689 11728 I libglean_ffi: glean_core::upload::directory: Processing ping at: /data/user/0/org.mozilla.firefox/glean_data/pending_pings/ad946b27-495b-4d5d-b22d-560a56ff4237
09-01 16:41:40.055 11689 11728 I libglean_ffi: glean_core::metrics::ping: The ping 'baseline' was submitted and will be sent as soon as possible
09-01 16:41:40.058   901   901 I sensors-hal: [ssc_utils]get_qmi_debug_flag:244, support_qmi_debug : false
09-01 16:41:40.059   901 11787 I sensors-hal: [ssc_sensor]ssc_conn_resp_cb:663, resp_value = 0
09-01 16:41:40.059   901  1000 W SEE     : @ 24486.513: adding req to Q sensor=8 req=0xb2029af8 msg=513
09-01 16:41:40.065   901   901 I sensors-hal: [hal]activate_physical_sensor:249, android.sensor.gyroscope/41 en=1 completed
09-01 16:41:40.065 11689 11721 I libglean_ffi: glean_core::ping: Collecting pageload
09-01 16:41:40.066   901 11787 I sensors-hal: [sensor]submit_sensors_hal_event:146, android.sensor.additional_info: trying to push empty Events, count = 0
09-01 16:41:40.066   901 11787 I sensors-hal: [sensor]submit_sensors_hal_event:146, android.sensor.additional_info: trying to push empty Events, count = 0
09-01 16:41:40.066   901 11791 I sensors-hal: [ssc_sensor]ssc_conn_resp_cb:663, resp_value = 0
09-01 16:41:40.067   901  1000 W SEE     : @ 24486.521: adding req to Q sensor=2 req=0xb2033098 msg=513
09-01 16:41:40.069   901 11791 I sensors-hal: [sensor]submit_sensors_hal_event:146, android.sensor.gyroscope: trying to push empty Events, count = 1
09-01 16:41:40.069   901 11791 I chatty  : uid=1000(system) sensors@2.0-ser identical 1 line
09-01 16:41:40.069   901 11791 I sensors-hal: [sensor]submit_sensors_hal_event:146, android.sensor.gyroscope: trying to push empty Events, count = 1
09-01 16:41:40.070 11689 11722 W mozilla.firefo: Accessing hidden field Ljava/lang/Boolean;->value:Z (greylist-max-p, JNI, denied)
09-01 16:41:40.070 11689 11722 W mozilla.firefo: Accessing hidden field Ljava/lang/Integer;->value:I (greylist-max-p, JNI, denied)
09-01 16:41:40.070 11689 11722 W mozilla.firefo: Accessing hidden field Ljava/lang/Double;->value:D (greylist-max-p, JNI, denied)
09-01 16:41:40.074 11689 11721 I libglean_ffi: glean_core::upload::directory: Processing ping at: /data/user/0/org.mozilla.firefox/glean_data/pending_pings/454a2feb-1271-48b1-a7ea-2d725fae3c82
09-01 16:41:40.080 11689 11721 I libglean_ffi: glean_core::metrics::ping: The ping 'pageload' was submitted and will be sent as soon as possible
09-01 16:41:40.083   901 11791 I sensors-hal: [sensor]submit_sensors_hal_event:146, android.sensor.gyroscope: trying to push empty Events, count = 1
09-01 16:41:40.084 11689 11689 I NavController: Ignoring popBackStack to destination org.mozilla.firefox:id/browserFragment as it was not found on the current back stack
09-01 16:41:40.085 11689 11721 I libglean_ffi: glean_core::core: Upload enabled: true
09-01 16:41:40.091  1513  2262 D CompatibilityChangeReporter: Compat change id reported: 135634846; UID 10258; state: DISABLED
09-01 16:41:40.091  1513  2262 D CompatibilityChangeReporter: Compat change id reported: 135754954; UID 10258; state: ENABLED
09-01 16:41:40.092  1513  1625 D CompatibilityChangeReporter: Compat change id reported: 143937733; UID 10258; state: ENABLED
09-01 16:41:40.095 11689 11689 I ContileTopSitesUpdater: Started periodic work to update Contile top sites
09-01 16:41:40.095 11689 11764 I service-pocket: Scheduling pocket recommendations background refresh
09-01 16:41:40.098 11689 11764 I service-pocket: Scheduling sponsored stories background refresh
09-01 16:41:40.106   778   778 D Zygote  : Forked child process 11797
09-01 16:41:40.110  1513  1625 I ActivityManager: Start proc 11797:org.mozilla.firefox:tab23/u0a258 for service {org.mozilla.firefox/org.mozilla.gecko.process.GeckoChildProcessServices$tab23}
09-01 16:41:40.123   901  1000 D VSC     : @ 24486.578: [WO] tilt angle 89
09-01 16:41:40.132 11797 11797 E a.firefox:tab2: Not starting debugger since process cannot load the jdwp agent.
09-01 16:41:40.147  1513  3230 D CompatibilityChangeReporter: Compat change id reported: 136274596; UID 10258; state: ENABLED
09-01 16:41:40.169 11689 11689 W GeckoViewActivityContextDelegate: A non-activity context was set.
09-01 16:41:40.177 11689 11689 I BgSyncManager: Periodic syncing enabled: PeriodicSyncConfig(periodMinutes=240, initialDelayMinutes=5)
09-01 16:41:40.178 11689 11689 I FirefoxAccountStateMachine: Sync is enabled
09-01 16:41:40.179  1513  3230 D ConnectivityService: requestNetwork for uid/pid:10258/11689 NetworkRequest [ TRACK_DEFAULT id=1071, [ Capabilities: INTERNET&NOT_RESTRICTED&TRUSTED Uid: 10258 AdministratorUids: [] RequestorUid: 10258 RequestorPackageName: org.mozilla.firefox] ]
09-01 16:41:40.180  1513  2000 D ConnectivityService: NetReassign [1071 : null → 100]
09-01 16:41:40.181  1513  1996 D WifiNetworkFactory: got request NetworkRequest [ TRACK_DEFAULT id=1071, [ Capabilities: INTERNET&NOT_RESTRICTED&TRUSTED Uid: 10258 AdministratorUids: [] RequestorUid: 10258 RequestorPackageName: org.mozilla.firefox] ] with score 60 and providerId 5
09-01 16:41:40.181  1513  1996 D UntrustedWifiNetworkFactory: got request NetworkRequest [ TRACK_DEFAULT id=1071, [ Capabilities: INTERNET&NOT_RESTRICTED&TRUSTED Uid: 10258 AdministratorUids: [] RequestorUid: 10258 RequestorPackageName: org.mozilla.firefox] ] with score 60 and providerId 5
09-01 16:41:40.181  1513  2038 D Ethernet: got request NetworkRequest [ TRACK_DEFAULT id=1071, [ Capabilities: INTERNET&NOT_RESTRICTED&TRUSTED Uid: 10258 AdministratorUids: [] RequestorUid: 10258 RequestorPackageName: org.mozilla.firefox] ] with score 60 and providerId 5
09-01 16:41:40.181  2474  2474 D PhoneSwitcherNetworkRequstListener: got request NetworkRequest [ TRACK_DEFAULT id=1071, [ Capabilities: INTERNET&NOT_RESTRICTED&TRUSTED Uid: 10258 AdministratorUids: [] RequestorUid: 10258 RequestorPackageName: org.mozilla.firefox] ] with score 60 and providerId 5
09-01 16:41:40.181  1513  2037 D WIFI_AWARE_FACTORY: got request NetworkRequest [ TRACK_DEFAULT id=1071, [ Capabilities: INTERNET&NOT_RESTRICTED&TRUSTED Uid: 10258 AdministratorUids: [] RequestorUid: 10258 RequestorPackageName: org.mozilla.firefox] ] with score 60 and providerId 5
09-01 16:41:40.199 11797 11797 D NetworkSecurityConfig: No Network Security Config specified, using platform default
09-01 16:41:40.200 11797 11797 D NetworkSecurityConfig: No Network Security Config specified, using platform default
09-01 16:41:40.204 11689 11721 I libglean_ffi: glean_core::ping: Collecting baseline
09-01 16:41:40.206 11689 11721 I libglean_ffi: glean_core::upload::directory: Processing ping at: /data/user/0/org.mozilla.firefox/glean_data/pending_pings/50ffe157-56bc-4c8c-8056-cd2daaf436d8
09-01 16:41:40.217 11689 11825 I FirefoxAccountStateMachine: Processing event 'mozilla.components.service.fxa.manager.Event$Account$Start@5fd0b67' for state Idle(accountState=NotAuthenticated). Next state is Active(progressState=Initializing)
09-01 16:41:40.218 11797 11797 I ServiceChildProcess: onCreate
09-01 16:41:40.219 11797 11833 I GeckoThread: preparing to run Gecko
09-01 16:41:40.230 11689 11721 I libglean_ffi: glean_core::metrics::ping: The ping 'baseline' was submitted and will be sent as soon as possible
09-01 16:41:40.230 11689 11757 I AdrenoGLES-0: QUALCOMM build                   : 35605c3, Ia11ce2d146
09-01 16:41:40.230 11689 11757 I AdrenoGLES-0: Build Date                       : 09/02/20
09-01 16:41:40.230 11689 11757 I AdrenoGLES-0: OpenGL ES Shader Compiler Version: EV031.31.04.00
09-01 16:41:40.230 11689 11757 I AdrenoGLES-0: Local Branch                     : gfx-adreno.lnx.2.0
09-01 16:41:40.230 11689 11757 I AdrenoGLES-0: Remote Branch                    : 
09-01 16:41:40.230 11689 11757 I AdrenoGLES-0: Remote Branch                    : 
09-01 16:41:40.230 11689 11757 I AdrenoGLES-0: Reconstruct Branch               : 
09-01 16:41:40.230 11689 11757 I AdrenoGLES-0: Build Config                     : S P 10.0.4 AArch64
09-01 16:41:40.230 11689 11757 I AdrenoGLES-0: Driver Path                      : /vendor/lib64/egl/libGLESv2_adreno.so
09-01 16:41:40.233 11689 11754 I StartupTypeTelemetry: Recorded start up: cold_view
09-01 16:41:40.238 11689 11757 I AdrenoGLES-0: PFP: 0x016dd090, ME: 0x00000000
09-01 16:41:40.239 11689 11708 I mozilla.firefo: Waiting for a blocking GC ProfileSaver
09-01 16:41:40.249 11631 11838 D ProfileInstaller: Installing profile for com.example.batterymanager_utility
09-01 16:41:40.255 11689 11757 W AdrenoUtils: <ReadGpuID_from_sysfs:197>: Failed to open /sys/class/kgsl/kgsl-3d0/gpu_model
09-01 16:41:40.255 11689 11757 W AdrenoUtils: <ReadGpuID:221>: Failed to read chip ID from gpu_model. Fallback to use the GSL path
09-01 16:41:40.259   594   594 I SDM     : HWDeviceDRM::UpdateMixerAttributes: Mixer WxH 1080x2340-1 for Peripheral
09-01 16:41:40.259   594   594 I SDM     : DisplayBase::SetActiveConfig: Active configuration changed to: 0
09-01 16:41:40.259   594   594 I SDM     : StrategyImpl::SetIdleTimeoutMs: Idle timeout set to zero for command mode panels
09-01 16:41:40.267   901  2806 I sensors-hal: [ssc_utils]get_qmi_debug_flag:244, support_qmi_debug : false
09-01 16:41:40.283  1513  1622 D ArtManagerInternalImpl: /data/misc/iorapd/org.mozilla.firefox/2015969571/org.mozilla.fenix.HomeActivity/compiled_traces/compiled_trace.pb doesn't exist
09-01 16:41:40.283   901  1000 W ASH     : @ 24486.738: Unhandled msg ID 999: line 1277
09-01 16:41:40.283   901  1000 E ASH     : @ 24486.738: No pb callback assigned
09-01 16:41:40.283   901  1000 E ASH     : @ 24486.738: Nanopb error: callback failed:1588
09-01 16:41:40.284   594   594 I SDM     : StrategyImpl::SetIdleTimeoutMs: Idle timeout set to zero for command mode panels
09-01 16:41:40.285  1513  1622 I ActivityTaskManager: Displayed org.mozilla.firefox/org.mozilla.fenix.HomeActivity: +482ms
09-01 16:41:40.286  1513  1572 D EventSequenceValidator: dec AccIntentStartedEvents to 1
09-01 16:41:40.286  1513  1572 I DisplayManagerService: Display device changed: DisplayDeviceInfo{"Built-in Screen": uniqueId="local:19260504575090817", 1080 x 2340, modeId 2, defaultModeId 2, supportedModes [{id=1, width=1080, height=2340, fps=90.0}, {id=2, width=1080, height=2340, fps=60.000004}], colorMode 0, supportedColorModes [0, 7, 9], HdrCapabilities HdrCapabilities{mSupportedHdrTypes=[2, 3, 4], mMaxLuminance=500.0, mMaxAverageLuminance=500.0, mMinLuminance=0.0}, allmSupported false, gameContentTypeSupported false, density 440, 435.428 x 433.839 dpi, appVsyncOff 2333332, presDeadline 11500000, cutout DisplayCutout{insets=Rect(0, 136 - 0, 0) waterfall=Insets{left=0, top=0, right=0, bottom=0} boundingRect={Bounds=[Rect(0, 0 - 0, 0), Rect(0, 0 - 136, 136), Rect(0, 0 - 0, 0), Rect(0, 0 - 0, 0)]}}, touch INTERNAL, rotation 0, type INTERNAL, address {port=129, model=0x446d53ad64a0}, deviceProductInfo DeviceProductInfo{name=, manufacturerPnpId=QCM, productId=1, modelYear=null, manufactureDate=ManufactureDate{week=27, year=2006}, relativeAddress=null}, state ON, FLAG_DEFAULT_DISPLAY, FLAG_ROTATES_WITH_CONTENT, FLAG_SECURE, FLAG_SUPPORTS_PROTECTED_BUFFERS}
09-01 16:41:40.286  1513  2000 D ConnectivityService: NetReassign [no changes]
09-01 16:41:40.308   594   594 I SDM     : HWDeviceDRM::UpdateMixerAttributes: Mixer WxH 1080x2340-1 for Peripheral
09-01 16:41:40.308   594   594 I SDM     : DisplayBase::SetActiveConfig: Active configuration changed to: 1
09-01 16:41:40.309   594   594 I SDM     : StrategyImpl::SetIdleTimeoutMs: Idle timeout set to zero for command mode panels
09-01 16:41:40.317 11689 11825 I FirefoxAccount: Registering persistence callback
09-01 16:41:40.319 11689 11825 I FirefoxAccountStateMachine: Ran 'mozilla.components.service.fxa.manager.Event$Account$Start@5fd0b67' side-effects for state Active(progressState=Initializing), got successive event mozilla.components.service.fxa.manager.Event$Progress$AccountNotFound@3e81bfc
09-01 16:41:40.319 11689 11825 I FirefoxAccountStateMachine: Processing event 'mozilla.components.service.fxa.manager.Event$Progress$AccountNotFound@3e81bfc' for state Active(progressState=Initializing). Next state is Idle(accountState=NotAuthenticated)
09-01 16:41:40.323  1513  1572 I DisplayManagerService: Display device changed: DisplayDeviceInfo{"Built-in Screen": uniqueId="local:19260504575090817", 1080 x 2340, modeId 1, defaultModeId 2, supportedModes [{id=1, width=1080, height=2340, fps=90.0}, {id=2, width=1080, height=2340, fps=60.000004}], colorMode 0, supportedColorModes [0, 7, 9], HdrCapabilities HdrCapabilities{mSupportedHdrTypes=[2, 3, 4], mMaxLuminance=500.0, mMaxAverageLuminance=500.0, mMinLuminance=0.0}, allmSupported false, gameContentTypeSupported false, density 440, 435.428 x 433.839 dpi, appVsyncOff 2333333, presDeadline 11500000, cutout DisplayCutout{insets=Rect(0, 136 - 0, 0) waterfall=Insets{left=0, top=0, right=0, bottom=0} boundingRect={Bounds=[Rect(0, 0 - 0, 0), Rect(0, 0 - 136, 136), Rect(0, 0 - 0, 0), Rect(0, 0 - 0, 0)]}}, touch INTERNAL, rotation 0, type INTERNAL, address {port=129, model=0x446d53ad64a0}, deviceProductInfo DeviceProductInfo{name=, manufacturerPnpId=QCM, productId=1, modelYear=null, manufactureDate=ManufactureDate{week=27, year=2006}, relativeAddress=null}, state ON, FLAG_DEFAULT_DISPLAY, FLAG_ROTATES_WITH_CONTENT, FLAG_SECURE, FLAG_SUPPORTS_PROTECTED_BUFFERS}
09-01 16:41:40.326   901  2806 I sensors-hal: [ssc_utils]get_qmi_debug_flag:244, support_qmi_debug : false
09-01 16:41:40.334 11689 11734 W logins::schema: user_version: 2
09-01 16:41:40.363   901  1000 W ASH     : @ 24486.818: Unhandled msg ID 999: line 1277
09-01 16:41:40.363   901  1000 E ASH     : @ 24486.818: No pb callback assigned
09-01 16:41:40.363   901  1000 E ASH     : @ 24486.818: Nanopb error: callback failed:1588
09-01 16:41:40.407  2858  2858 I GoogleInputMethodService: GoogleInputMethodService.onFinishInput():3280 
09-01 16:41:40.408 11689 11873 I libglean_ffi: glean_core::upload: New upload task with id f6502cc0-1354-473c-a618-224a5b68db76 (path: /submit/org-mozilla-firefox/events/1/f6502cc0-1354-473c-a618-224a5b68db76)
09-01 16:41:40.410  2858  2858 I GoogleInputMethodService: GoogleInputMethodService.updateDeviceLockedStatus():2169 repeatCheckTimes = 0, unlocked = true
09-01 16:41:40.410  2858  2858 I GoogleInputMethodService: GoogleInputMethodService.onStartInput():1960 onStartInput(EditorInfo{inputType=0x0(NULL) imeOptions=0x0 privateImeOptions=null actionName=UNSPECIFIED actionLabel=null actionId=0 initialSelStart=-1 initialSelEnd=-1 initialCapsMode=0x0 hintText=null label=null packageName=org.mozilla.firefox fieldId=-1 fieldName=null extras=null}, false)
09-01 16:41:40.410  2858  2858 I GoogleInputMethodService: GoogleInputMethodService.shouldHideHeaderOnInitialState():4081 ShouldHideHeaderOnInitialState = false
09-01 16:41:40.411  2858  2858 I GoogleInputMethodService: GoogleInputMethodService.updateDeviceLockedStatus():2169 repeatCheckTimes = 2, unlocked = true
09-01 16:41:40.434  1513  3230 D CompatibilityChangeReporter: Compat change id reported: 135634846; UID 10258; state: DISABLED
09-01 16:41:40.434  1513  3230 D CompatibilityChangeReporter: Compat change id reported: 135754954; UID 10258; state: ENABLED
09-01 16:41:40.434  1513  1625 D CompatibilityChangeReporter: Compat change id reported: 143937733; UID 10258; state: ENABLED
09-01 16:41:40.450   778   778 D Zygote  : Forked child process 11879
09-01 16:41:40.454  1513  1625 I ActivityManager: Start proc 11879:org.mozilla.firefox:gpu/u0a258 for service {org.mozilla.firefox/org.mozilla.gecko.process.GeckoChildProcessServices$gpu}
09-01 16:41:40.463 11879 11879 E lla.firefox:gp: Not starting debugger since process cannot load the jdwp agent.
09-01 16:41:40.478  1513  2180 D CompatibilityChangeReporter: Compat change id reported: 136274596; UID 10258; state: ENABLED
09-01 16:41:40.488 11689 11755 W ActivityThread: ClassLoader.getResources: The class loader returned by Thread.getContextClassLoader() may fail for processes that host multiple applications. You should explicitly specify a context class loader. For example: Thread.setContextClassLoader(getClass().getClassLoader());
09-01 16:41:40.494  1513  2172 W ActivityManager: Receiver with filter android.content.IntentFilter@b3f92df already registered for pid 11689, callerPackage is org.mozilla.firefox
09-01 16:41:40.504 11879 11879 D NetworkSecurityConfig: No Network Security Config specified, using platform default
09-01 16:41:40.504 11879 11879 D NetworkSecurityConfig: No Network Security Config specified, using platform default
09-01 16:41:40.514 11879 11879 I ServiceChildProcess: onCreate
09-01 16:41:40.515 11879 11918 I GeckoThread: preparing to run Gecko
09-01 16:41:40.524 11879 11918 I GeckoLoader: Library base=/data/app/~~BtOtpENtY_8SJVQLgbYgRg==/org.mozilla.firefox-ZoJ8FBGk3KN0nHoYkPw1IA==/lib/arm64
09-01 16:41:40.524 11879 11918 I GeckoLoader: Library base=/data/app/~~BtOtpENtY_8SJVQLgbYgRg==/org.mozilla.firefox-ZoJ8FBGk3KN0nHoYkPw1IA==/lib/arm64
09-01 16:41:40.525 11879 11918 E GeckoLibLoad: Load sqlite start
09-01 16:41:40.526 11879 11918 E GeckoLibLoad: Load sqlite done
09-01 16:41:40.526 11879 11918 I GeckoLoader: Library base=/data/app/~~BtOtpENtY_8SJVQLgbYgRg==/org.mozilla.firefox-ZoJ8FBGk3KN0nHoYkPw1IA==/lib/arm64
09-01 16:41:40.526 11879 11918 E GeckoLibLoad: Load nss start
09-01 16:41:40.526 11879 11918 E GeckoLibLoad: Load nss done
09-01 16:41:40.526 11879 11918 I GeckoLoader: Library base=/data/app/~~BtOtpENtY_8SJVQLgbYgRg==/org.mozilla.firefox-ZoJ8FBGk3KN0nHoYkPw1IA==/lib/arm64
09-01 16:41:40.541 11879 11918 E GeckoLibLoad: Loaded libs in 14.663387ms total, 2ms(3ms) user, 8ms(7ms) system, 0(0) faults
09-01 16:41:40.541 11879 11918 W GeckoThread: zerdatime 24483767 - runGecko
09-01 16:41:40.551 11689 11689 I SessionPrioritizationMiddleware: Update the currentSelectedTab 15562f7b-b7a8-4876-82a3-10c794f64ff5 priority to HIGH
09-01 16:41:40.588 11879 11926 I AdrenoGLES-0: QUALCOMM build                   : 35605c3, Ia11ce2d146
09-01 16:41:40.588 11879 11926 I AdrenoGLES-0: Build Date                       : 09/02/20
09-01 16:41:40.588 11879 11926 I AdrenoGLES-0: OpenGL ES Shader Compiler Version: EV031.31.04.00
09-01 16:41:40.588 11879 11926 I AdrenoGLES-0: Local Branch                     : gfx-adreno.lnx.2.0
09-01 16:41:40.588 11879 11926 I AdrenoGLES-0: Remote Branch                    : 
09-01 16:41:40.588 11879 11926 I AdrenoGLES-0: Remote Branch                    : 
09-01 16:41:40.588 11879 11926 I AdrenoGLES-0: Reconstruct Branch               : 
09-01 16:41:40.588 11879 11926 I AdrenoGLES-0: Build Config                     : S P 10.0.4 AArch64
09-01 16:41:40.588 11879 11926 I AdrenoGLES-0: Driver Path                      : /vendor/lib64/egl/libGLESv2_adreno.so
09-01 16:41:40.597 11879 11926 I AdrenoGLES-0: PFP: 0x016dd090, ME: 0x00000000
09-01 16:41:40.608 11797 11833 I GeckoLoader: Library base=/data/app/~~BtOtpENtY_8SJVQLgbYgRg==/org.mozilla.firefox-ZoJ8FBGk3KN0nHoYkPw1IA==/lib/arm64
09-01 16:41:40.608 11797 11833 I GeckoLoader: Library base=/data/app/~~BtOtpENtY_8SJVQLgbYgRg==/org.mozilla.firefox-ZoJ8FBGk3KN0nHoYkPw1IA==/lib/arm64
09-01 16:41:40.609 11879 11926 W AdrenoUtils: <ReadGpuID_from_sysfs:197>: Failed to open /sys/class/kgsl/kgsl-3d0/gpu_model
09-01 16:41:40.609 11879 11926 W AdrenoUtils: <ReadGpuID:221>: Failed to read chip ID from gpu_model. Fallback to use the GSL path
09-01 16:41:40.610 11797 11833 E GeckoLibLoad: Load sqlite start
09-01 16:41:40.611 11689 11722 W VideoCapabilities: Unrecognized level 1879048707 for video/x-vnd.on2.vp8
09-01 16:41:40.611 11689 11722 W VideoCapabilities: Unrecognized profile 1879048704 for video/x-vnd.on2.vp8
09-01 16:41:40.611 11689 11722 W VideoCapabilities: Unrecognized level 1879048707 for video/x-vnd.on2.vp8
09-01 16:41:40.611 11689 11722 W VideoCapabilities: Unrecognized profile 1879048704 for video/x-vnd.on2.vp8
09-01 16:41:40.612 11797 11833 E GeckoLibLoad: Load sqlite done
09-01 16:41:40.612 11797 11833 I GeckoLoader: Library base=/data/app/~~BtOtpENtY_8SJVQLgbYgRg==/org.mozilla.firefox-ZoJ8FBGk3KN0nHoYkPw1IA==/lib/arm64
09-01 16:41:40.612 11689 11722 W VideoCapabilities: Unsupported mime image/vnd.android.heic
09-01 16:41:40.613 11797 11833 E GeckoLibLoad: Load nss start
09-01 16:41:40.613 11797 11833 E GeckoLibLoad: Load nss done
09-01 16:41:40.613 11689 11722 W VideoCapabilities: Unrecognized level 1879048707 for video/x-vnd.on2.vp8
09-01 16:41:40.613 11689 11722 W VideoCapabilities: Unrecognized profile 1879048704 for video/x-vnd.on2.vp8
09-01 16:41:40.613 11797 11833 I GeckoLoader: Library base=/data/app/~~BtOtpENtY_8SJVQLgbYgRg==/org.mozilla.firefox-ZoJ8FBGk3KN0nHoYkPw1IA==/lib/arm64
09-01 16:41:40.613 11689 11722 W VideoCapabilities: Unrecognized level 1879048707 for video/x-vnd.on2.vp8
09-01 16:41:40.613 11689 11722 W VideoCapabilities: Unrecognized profile 1879048704 for video/x-vnd.on2.vp8
09-01 16:41:40.634 11689 11722 I GeckoSession: zerdatime 24483860 - chrome startup finished
09-01 16:41:40.637  2158  2158 I WallpaperService: engine paused
09-01 16:41:40.639   901   901 I sensors-hal: [hal]activate_physical_sensor:238, android.sensor.gyroscope/41 en=0
09-01 16:41:40.639 11689 11689 I GeckoSession: handleMessage GeckoView:PageStart uri=
09-01 16:41:40.642 11797 11833 E GeckoLibLoad: Loaded libs in 29.119013ms total, 5ms(5ms) user, 14ms(14ms) system, 0(0) faults
09-01 16:41:40.642 11797 11833 W GeckoThread: zerdatime 24483868 - runGecko
09-01 16:41:40.643 11689 11689 I GeckoSession: handleMessage GeckoView:PageStop uri=null
09-01 16:41:40.652  3088  3656 I AssistantForeground: (REDACTED) Get launcher package: %s
09-01 16:41:40.656   901   901 D Diag_Lib: diag: Diag_LSM_DeInit done for pid: 901
09-01 16:41:40.661   901   901 D Diag_Lib: diag: Diag_LSM_DeInit done for pid: 901
09-01 16:41:40.661   901   901 I sensors-hal: [hal]activate_physical_sensor:249, android.sensor.gyroscope/41 en=0 completed
09-01 16:41:40.688  2816  2835 I FontLog : Received query Noto Color Emoji Compat, URI content://com.google.android.gms.fonts [CONTEXT service_id=132 ]
09-01 16:41:40.688  2816  2835 I FontLog : Query [emojicompat-emoji-font] resolved to {Noto Color Emoji Compat, wdth 100.0, wght 400, ital 0.0, bestEffort false} [CONTEXT service_id=132 ]
09-01 16:41:40.689  2816  2835 I FontLog : Fetch {Noto Color Emoji Compat, wdth 100.0, wght 400, ital 0.0, bestEffort false} end status Status{statusCode=SUCCESS, resolution=null} [CONTEXT service_id=132 ]
09-01 16:41:40.691  2816  2835 I FontLog : Pulling font file for id = 675, cache size = 7 [CONTEXT service_id=132 ]
09-01 16:41:40.697  2816  2835 I FontLog : Pulling font file for id = 675, cache size = 7 [CONTEXT service_id=132 ]
09-01 16:41:40.716 11689 11722 D GeckoIdleService: Registering Idle observer callback
09-01 16:41:40.716 11689 11722 D GeckoIdleService: Register idle observer 0x7949877c40 for 180 seconds
09-01 16:41:40.716 11689 11722 D GeckoIdleService: Register: adjusting next switch from -1 to 180 seconds
09-01 16:41:40.716 11689 11722 D GeckoIdleService: next timeout 180000 msec from now
09-01 16:41:40.716 11689 11722 D GeckoIdleService: SetTimerExpiryIfBefore: next timeout 180000 msec from now
09-01 16:41:40.716 11689 11722 D GeckoIdleService: reset timer expiry to 180010 msec from now
09-01 16:41:40.722 11689 11722 D GeckoIdleService: Register idle observer 0x794fec9de8 for 5 seconds
09-01 16:41:40.722 11689 11722 D GeckoIdleService: Register: adjusting next switch from 180 to 5 seconds
09-01 16:41:40.722 11689 11722 D GeckoIdleService: next timeout 4994 msec from now
09-01 16:41:40.722 11689 11722 D GeckoIdleService: SetTimerExpiryIfBefore: next timeout 4994 msec from now
09-01 16:41:40.722 11689 11722 D GeckoIdleService: reset timer expiry to 5004 msec from now
09-01 16:41:40.735 11689 11689 I GeckoSession: handleMessage GeckoView:PageStart uri=
09-01 16:41:40.786  1513  8184 I AdrenoGLES-0: QUALCOMM build                   : 35605c3, Ia11ce2d146
09-01 16:41:40.786  1513  8184 I AdrenoGLES-0: Build Date                       : 09/02/20
09-01 16:41:40.786  1513  8184 I AdrenoGLES-0: OpenGL ES Shader Compiler Version: EV031.31.04.00
09-01 16:41:40.786  1513  8184 I AdrenoGLES-0: Local Branch                     : gfx-adreno.lnx.2.0
09-01 16:41:40.786  1513  8184 I AdrenoGLES-0: Remote Branch                    : 
09-01 16:41:40.786  1513  8184 I AdrenoGLES-0: Remote Branch                    : 
09-01 16:41:40.786  1513  8184 I AdrenoGLES-0: Reconstruct Branch               : 
09-01 16:41:40.786  1513  8184 I AdrenoGLES-0: Build Config                     : S P 10.0.4 AArch64
09-01 16:41:40.786  1513  8184 I AdrenoGLES-0: Driver Path                      : /vendor/lib64/egl/libGLESv2_adreno.so
09-01 16:41:40.794  1513  8184 I AdrenoGLES-0: PFP: 0x016dd090, ME: 0x00000000
09-01 16:41:40.887 11689 11873 I libglean_ffi: glean_core::upload: Ping f6502cc0-1354-473c-a618-224a5b68db76 successfully sent 200.
09-01 16:41:40.888 11689 11873 I libglean_ffi: glean_core::upload::directory: File was deleted /data/user/0/org.mozilla.firefox/glean_data/pending_pings/f6502cc0-1354-473c-a618-224a5b68db76
09-01 16:41:40.889 11689 11873 I libglean_ffi: glean_core::upload: New upload task with id ad946b27-495b-4d5d-b22d-560a56ff4237 (path: /submit/org-mozilla-firefox/baseline/1/ad946b27-495b-4d5d-b22d-560a56ff4237)
09-01 16:41:41.177 11689 11689 I WebExtension: releasePendingMessages: extension=fxa@mozac.org nativeApp=mozacWebchannel session=org.mozilla.geckoview.GeckoSession@12fc934
09-01 16:41:41.178 11689 11689 I WebExtension: releasePendingMessages: extension=fxa@mozac.org nativeApp=mozacWebchannelBackground session=null
09-01 16:41:41.185 11689 11689 I DefaultSupportedAddonsChecker: Unregister check for new supported add-ons
09-01 16:41:41.194 11689 11689 I WebExtension: releasePendingMessages: extension=icons@mozac.org nativeApp=MozacBrowserIcons session=org.mozilla.geckoview.GeckoSession@12fc934
09-01 16:41:41.195 11689 11689 I WebExtension: releasePendingMessages: extension=readerview@mozac.org nativeApp=mozacReaderview session=org.mozilla.geckoview.GeckoSession@12fc934
09-01 16:41:41.196 11689 11689 I WebExtension: releasePendingMessages: extension=readerview@mozac.org nativeApp=mozacReaderviewActive session=org.mozilla.geckoview.GeckoSession@12fc934
09-01 16:41:41.196 11689 11689 I WebExtension: releasePendingMessages: extension=readerview@mozac.org nativeApp=mozacReaderview session=org.mozilla.geckoview.GeckoSession@12fc934
09-01 16:41:41.212 11689 11689 I WebExtension: releasePendingMessages: extension=ads@mozac.org nativeApp=MozacBrowserAdsMessage session=org.mozilla.geckoview.GeckoSession@12fc934
09-01 16:41:41.212 11689 11689 I WebExtension: releasePendingMessages: extension=cookies@mozac.org nativeApp=MozacBrowserSearchMessage session=org.mozilla.geckoview.GeckoSession@12fc934
09-01 16:41:41.276 11689 11873 I libglean_ffi: glean_core::upload: Ping ad946b27-495b-4d5d-b22d-560a56ff4237 successfully sent 200.
09-01 16:41:41.278 11689 11873 I libglean_ffi: glean_core::upload::directory: File was deleted /data/user/0/org.mozilla.firefox/glean_data/pending_pings/ad946b27-495b-4d5d-b22d-560a56ff4237
09-01 16:41:41.282 11689 11873 I libglean_ffi: glean_core::upload: New upload task with id 454a2feb-1271-48b1-a7ea-2d725fae3c82 (path: /submit/org-mozilla-firefox/pageload/1/454a2feb-1271-48b1-a7ea-2d725fae3c82)
09-01 16:41:41.312  1513  2262 D CompatibilityChangeReporter: Compat change id reported: 135634846; UID 10258; state: DISABLED
09-01 16:41:41.312  1513  2262 D CompatibilityChangeReporter: Compat change id reported: 135754954; UID 10258; state: ENABLED
09-01 16:41:41.312  1513  1625 D CompatibilityChangeReporter: Compat change id reported: 143937733; UID 10258; state: ENABLED
09-01 16:41:41.325   778   778 D Zygote  : Forked child process 12015
09-01 16:41:41.337  1513  1625 I ActivityManager: Start proc 12015:org.mozilla.firefox:utility/u0a258 for service {org.mozilla.firefox/org.mozilla.gecko.process.GeckoChildProcessServices$utility}
09-01 16:41:41.341 12015 12015 E firefox:utilit: Not starting debugger since process cannot load the jdwp agent.
09-01 16:41:41.352  1513  2262 D CompatibilityChangeReporter: Compat change id reported: 136274596; UID 10258; state: ENABLED
09-01 16:41:41.381 12015 12015 D NetworkSecurityConfig: No Network Security Config specified, using platform default
09-01 16:41:41.381 12015 12015 D NetworkSecurityConfig: No Network Security Config specified, using platform default
09-01 16:41:41.388 12015 12015 I ServiceChildProcess: onCreate
09-01 16:41:41.389 12015 12038 I GeckoThread: preparing to run Gecko
09-01 16:41:41.395 12015 12038 I GeckoLoader: Library base=/data/app/~~BtOtpENtY_8SJVQLgbYgRg==/org.mozilla.firefox-ZoJ8FBGk3KN0nHoYkPw1IA==/lib/arm64
09-01 16:41:41.395 12015 12038 I GeckoLoader: Library base=/data/app/~~BtOtpENtY_8SJVQLgbYgRg==/org.mozilla.firefox-ZoJ8FBGk3KN0nHoYkPw1IA==/lib/arm64
09-01 16:41:41.396 12015 12038 E GeckoLibLoad: Load sqlite start
09-01 16:41:41.397 12015 12038 E GeckoLibLoad: Load sqlite done
09-01 16:41:41.397 12015 12038 I GeckoLoader: Library base=/data/app/~~BtOtpENtY_8SJVQLgbYgRg==/org.mozilla.firefox-ZoJ8FBGk3KN0nHoYkPw1IA==/lib/arm64
09-01 16:41:41.398 12015 12038 E GeckoLibLoad: Load nss start
09-01 16:41:41.398 12015 12038 E GeckoLibLoad: Load nss done
09-01 16:41:41.398 12015 12038 I GeckoLoader: Library base=/data/app/~~BtOtpENtY_8SJVQLgbYgRg==/org.mozilla.firefox-ZoJ8FBGk3KN0nHoYkPw1IA==/lib/arm64
09-01 16:41:41.417 12015 12038 E GeckoLibLoad: Loaded libs in 18.777658ms total, 8ms(9ms) user, 8ms(9ms) system, 0(0) faults
09-01 16:41:41.417 12015 12038 W GeckoThread: zerdatime 24484643 - runGecko
09-01 16:41:41.506 11689 11873 I libglean_ffi: glean_core::upload: Ping 454a2feb-1271-48b1-a7ea-2d725fae3c82 successfully sent 200.
09-01 16:41:41.507 11689 11873 I libglean_ffi: glean_core::upload::directory: File was deleted /data/user/0/org.mozilla.firefox/glean_data/pending_pings/454a2feb-1271-48b1-a7ea-2d725fae3c82
09-01 16:41:41.508   908   950 D rlsservice: MonitorDisplayStatus client num 1, display status 1, sensor status 1
09-01 16:41:41.508 11689 11873 I libglean_ffi: glean_core::upload: New upload task with id 50ffe157-56bc-4c8c-8056-cd2daaf436d8 (path: /submit/org-mozilla-firefox/baseline/1/50ffe157-56bc-4c8c-8056-cd2daaf436d8)
09-01 16:41:41.734 11689 11873 I libglean_ffi: glean_core::upload: Ping 50ffe157-56bc-4c8c-8056-cd2daaf436d8 successfully sent 200.
09-01 16:41:41.735 11689 11873 I libglean_ffi: glean_core::upload::directory: File was deleted /data/user/0/org.mozilla.firefox/glean_data/pending_pings/50ffe157-56bc-4c8c-8056-cd2daaf436d8
09-01 16:41:41.737 11689 11873 I libglean_ffi: glean_core::upload: No more pings to upload! You are done.
09-01 16:41:41.742 11689 11758 I WM-WorkerWrapper: Worker result SUCCESS for Work [ id=212194ee-d61d-4e0b-b827-38dc585dfb47, tags={ mozilla.telemetry.glean.scheduler.PingUploadWorker, mozac_service_glean_ping_upload_worker } ]
09-01 16:41:41.762  1513  2000 D ConnectivityService: releasing NetworkRequest [ TRACK_DEFAULT id=1071, [ Capabilities: INTERNET&NOT_RESTRICTED&TRUSTED Uid: 10258 AdministratorUids: [] RequestorUid: 10258 RequestorPackageName: org.mozilla.firefox] ] (release request)
09-01 16:41:41.805  1513  2262 W UriGrantsManagerService: No permission grants found for com.google.android.apps.photos
09-01 16:41:41.806  1513  2262 W UriGrantsManagerService: No permission grants found for com.google.android.apps.photos
09-01 16:41:41.838  1513  2180 W UriGrantsManagerService: No permission grants found for com.google.android.apps.photos
09-01 16:41:41.866  1513  2180 I chatty  : uid=1000(system) Binder:1513_7 identical 2 lines
09-01 16:41:41.866  1513  2180 W UriGrantsManagerService: No permission grants found for com.google.android.apps.photos
09-01 16:41:42.137   901  1000 D VSC     : @ 24488.591: [WO] tilt angle 89
09-01 16:41:42.340   901  2806 I sensors-hal: [ssc_utils]get_qmi_debug_flag:244, support_qmi_debug : false
09-01 16:41:42.364   901  1000 W ASH     : @ 24488.818: Unhandled msg ID 999: line 1277
09-01 16:41:42.364   901  1000 E ASH     : @ 24488.818: No pb callback assigned
09-01 16:41:42.364   901  1000 E ASH     : @ 24488.818: Nanopb error: callback failed:1588
09-01 16:41:42.410   901  1000 I ASH     : @ 24488.864: tcs3701: ADC is saturated, removed sample from FIFO.
09-01 16:41:42.469   901  2806 I sensors-hal: [ssc_utils]get_qmi_debug_flag:244, support_qmi_debug : false
09-01 16:41:42.483   901  1000 W ASH     : @ 24488.938: Unhandled msg ID 999: line 1277
09-01 16:41:42.484   901  1000 E ASH     : @ 24488.938: No pb callback assigned
09-01 16:41:42.484   901  1000 E ASH     : @ 24488.938: Nanopb error: callback failed:1588
09-01 16:41:42.736   901  2806 I sensors-hal: [ssc_utils]get_qmi_debug_flag:244, support_qmi_debug : false
09-01 16:41:42.766   901  1000 W ASH     : @ 24489.220: Unhandled msg ID 999: line 1277
09-01 16:41:42.766   901  1000 E ASH     : @ 24489.220: No pb callback assigned
09-01 16:41:42.766   901  1000 E ASH     : @ 24489.220: Nanopb error: callback failed:1588
09-01 16:41:42.790   901  2806 I sensors-hal: [ssc_utils]get_qmi_debug_flag:244, support_qmi_debug : false
09-01 16:41:42.793   901  1000 I ASH     : @ 24489.247: tcs3701: ADC is saturated, removed sample from FIFO.
09-01 16:41:42.804   901  1000 W ASH     : @ 24489.258: Unhandled msg ID 999: line 1277
09-01 16:41:42.804   901  1000 E ASH     : @ 24489.258: No pb callback assigned
09-01 16:41:42.804   901  1000 E ASH     : @ 24489.258: Nanopb error: callback failed:1588
09-01 16:41:42.876   901  2806 I sensors-hal: [ssc_utils]get_qmi_debug_flag:244, support_qmi_debug : false
09-01 16:41:42.883   901  1000 W ASH     : @ 24489.338: Unhandled msg ID 999: line 1277
09-01 16:41:42.884   901  1000 E ASH     : @ 24489.338: No pb callback assigned
09-01 16:41:42.884   901  1000 E ASH     : @ 24489.338: Nanopb error: callback failed:1588
09-01 16:41:42.918 11689 11689 W GeckoSession: No history entries found.
09-01 16:41:42.931   901  2806 I sensors-hal: [ssc_utils]get_qmi_debug_flag:244, support_qmi_debug : false
09-01 16:41:42.944   901  1000 I ASH     : @ 24489.398: tcs3701: ADC is saturated, removed sample from FIFO.
09-01 16:41:42.964   901  1000 W ASH     : @ 24489.418: Unhandled msg ID 999: line 1277
09-01 16:41:42.964   901  1000 E ASH     : @ 24489.418: No pb callback assigned
09-01 16:41:42.964   901  1000 E ASH     : @ 24489.418: Nanopb error: callback failed:1588
09-01 16:41:43.169   901  2806 I sensors-hal: [ssc_utils]get_qmi_debug_flag:244, support_qmi_debug : false
09-01 16:41:43.204   901  1000 W ASH     : @ 24489.658: Unhandled msg ID 999: line 1277
09-01 16:41:43.204   901  1000 E ASH     : @ 24489.658: No pb callback assigned
09-01 16:41:43.204   901  1000 E ASH     : @ 24489.658: Nanopb error: callback failed:1588
09-01 16:41:43.227   901  1000 I ASH     : @ 24489.681: tcs3701: ADC is saturated, removed sample from FIFO.
09-01 16:41:43.294  1513  2000 D ConnectivityService: NetReassign [no changes]
09-01 16:41:43.417   901  2806 I sensors-hal: [ssc_utils]get_qmi_debug_flag:244, support_qmi_debug : false
09-01 16:41:43.424 11689 11689 I GeckoSession: handleMessage GeckoView:PageStop uri=null
09-01 16:41:43.429 11689 11764 I SessionStorage/AutoSave: Save: Load finished
09-01 16:41:43.446   901  1000 W ASH     : @ 24489.900: Unhandled msg ID 999: line 1277
09-01 16:41:43.446   901  1000 E ASH     : @ 24489.900: No pb callback assigned
09-01 16:41:43.446   901  1000 E ASH     : @ 24489.900: Nanopb error: callback failed:1588
09-01 16:41:43.459   594   594 I SDM     : HWDeviceDRM::UpdateMixerAttributes: Mixer WxH 1080x2340-1 for Peripheral
09-01 16:41:43.459   594   594 I SDM     : DisplayBase::SetActiveConfig: Active configuration changed to: 0
09-01 16:41:43.459   594   594 I SDM     : StrategyImpl::SetIdleTimeoutMs: Idle timeout set to zero for command mode panels
09-01 16:41:43.470  1513  1572 I DisplayManagerService: Display device changed: DisplayDeviceInfo{"Built-in Screen": uniqueId="local:19260504575090817", 1080 x 2340, modeId 2, defaultModeId 2, supportedModes [{id=1, width=1080, height=2340, fps=90.0}, {id=2, width=1080, height=2340, fps=60.000004}], colorMode 0, supportedColorModes [0, 7, 9], HdrCapabilities HdrCapabilities{mSupportedHdrTypes=[2, 3, 4], mMaxLuminance=500.0, mMaxAverageLuminance=500.0, mMinLuminance=0.0}, allmSupported false, gameContentTypeSupported false, density 440, 435.428 x 433.839 dpi, appVsyncOff 2333332, presDeadline 11500000, cutout DisplayCutout{insets=Rect(0, 136 - 0, 0) waterfall=Insets{left=0, top=0, right=0, bottom=0} boundingRect={Bounds=[Rect(0, 0 - 0, 0), Rect(0, 0 - 136, 136), Rect(0, 0 - 0, 0), Rect(0, 0 - 0, 0)]}}, touch INTERNAL, rotation 0, type INTERNAL, address {port=129, model=0x446d53ad64a0}, deviceProductInfo DeviceProductInfo{name=, manufacturerPnpId=QCM, productId=1, modelYear=null, manufactureDate=ManufactureDate{week=27, year=2006}, relativeAddress=null}, state ON, FLAG_DEFAULT_DISPLAY, FLAG_ROTATES_WITH_CONTENT, FLAG_SECURE, FLAG_SUPPORTS_PROTECTED_BUFFERS}
09-01 16:41:43.471   594   594 I SDM     : StrategyImpl::SetIdleTimeoutMs: Idle timeout set to zero for command mode panels
09-01 16:41:43.472   901  2806 I sensors-hal: [ssc_utils]get_qmi_debug_flag:244, support_qmi_debug : false
09-01 16:41:43.486   901  1000 W ASH     : @ 24489.940: Unhandled msg ID 999: line 1277
09-01 16:41:43.486   901  1000 E ASH     : @ 24489.940: No pb callback assigned
09-01 16:41:43.486   901  1000 E ASH     : @ 24489.940: Nanopb error: callback failed:1588
09-01 16:41:43.504   594   594 I SDM     : HWDeviceDRM::UpdateMixerAttributes: Mixer WxH 1080x2340-1 for Peripheral
09-01 16:41:43.504   594   594 I SDM     : DisplayBase::SetActiveConfig: Active configuration changed to: 1
09-01 16:41:43.504   594   594 I SDM     : StrategyImpl::SetIdleTimeoutMs: Idle timeout set to zero for command mode panels
09-01 16:41:43.507   901  2806 I sensors-hal: [ssc_utils]get_qmi_debug_flag:244, support_qmi_debug : false
09-01 16:41:43.509  1513  1572 I DisplayManagerService: Display device changed: DisplayDeviceInfo{"Built-in Screen": uniqueId="local:19260504575090817", 1080 x 2340, modeId 1, defaultModeId 2, supportedModes [{id=1, width=1080, height=2340, fps=90.0}, {id=2, width=1080, height=2340, fps=60.000004}], colorMode 0, supportedColorModes [0, 7, 9], HdrCapabilities HdrCapabilities{mSupportedHdrTypes=[2, 3, 4], mMaxLuminance=500.0, mMaxAverageLuminance=500.0, mMinLuminance=0.0}, allmSupported false, gameContentTypeSupported false, density 440, 435.428 x 433.839 dpi, appVsyncOff 2333333, presDeadline 11500000, cutout DisplayCutout{insets=Rect(0, 136 - 0, 0) waterfall=Insets{left=0, top=0, right=0, bottom=0} boundingRect={Bounds=[Rect(0, 0 - 0, 0), Rect(0, 0 - 136, 136), Rect(0, 0 - 0, 0), Rect(0, 0 - 0, 0)]}}, touch INTERNAL, rotation 0, type INTERNAL, address {port=129, model=0x446d53ad64a0}, deviceProductInfo DeviceProductInfo{name=, manufacturerPnpId=QCM, productId=1, modelYear=null, manufactureDate=ManufactureDate{week=27, year=2006}, relativeAddress=null}, state ON, FLAG_DEFAULT_DISPLAY, FLAG_ROTATES_WITH_CONTENT, FLAG_SECURE, FLAG_SUPPORTS_PROTECTED_BUFFERS}
09-01 16:41:43.523   901  1000 W ASH     : @ 24489.978: Unhandled msg ID 999: line 1277
09-01 16:41:43.524   901  1000 E ASH     : @ 24489.978: No pb callback assigned
09-01 16:41:43.524   901  1000 E ASH     : @ 24489.978: Nanopb error: callback failed:1588
09-01 16:41:43.993   901  2806 I sensors-hal: [ssc_utils]get_qmi_debug_flag:244, support_qmi_debug : false
09-01 16:41:44.004   901  1000 W ASH     : @ 24490.458: Unhandled msg ID 999: line 1277
09-01 16:41:44.004   901  1000 E ASH     : @ 24490.458: No pb callback assigned
09-01 16:41:44.004   901  1000 E ASH     : @ 24490.458: Nanopb error: callback failed:1588
