--------- beginning of main
09-02 16:11:41.332 14031 14031 E adbd    : recv: OPEN 00022b7b 00000000 0095:73 68 65 6C 6C 2C 76 32 2C 54 45 52 4D 3D 78 74 65 72 6D 2D 32 35 36 63 6F 6C 6F 72 2C 72 61 77 3A 61 6D 20 73 74 61 72 74 20 2D 53 20 2D 61 20 61 6E 64 72 6F 69 64 2E 69 6E 74 65 6E 74 2E 61 63 74 69 6F 6E 2E 56 49 45 57 20 2D 6E 20 6F 72 67 2E 6D 6F 7A 69 6C 6C 61 2E 66 69 72 65 66 6F 78 2F 6F 72 67 2E 6D 6F 7A 69 6C 6C 61 2E 67 65 63 6B 6F 2E 42 72 6F 77 73 65 72 41 70 70 20 2D 2D 61 63 74 69 76 69 74 79 2D 63 6C 65 61 72 2D 74 61 73 6B 00 
09-02 16:11:41.332 14031 14031 E adbd    : service_to_fd: shell,v2,TERM=xterm-256color,raw:am start -S -a android.intent.action.VIEW -n org.mozilla.firefox/org.mozilla.gecko.BrowserApp --activity-clear-task
--------- beginning of system
09-02 16:11:41.431  3979  4545 I ActivityManager: Force stopping org.mozilla.firefox appid=10154 user=0: from pid 5585
09-02 16:11:41.438  3979  3979 D SamsungAlarmManager: Remove alarm for next reason : android.intent.action.PACKAGE_RESTARTED : package: org.mozilla.firefox
09-02 16:11:41.448  3979  3995 W BroadcastQueue: Background execution not allowed: receiving Intent { act=android.intent.action.PACKAGE_RESTARTED dat=package:org.mozilla.firefox flg=0x10 (has extras) } to android/com.kddi.android.CpaNotiReceiver
09-02 16:11:41.449  4633  4633 D CarrierSvcBindHelper: No carrier app for: 0
09-02 16:11:41.449  3979  3995 W BroadcastQueue: Background execution not allowed: receiving Intent { act=android.intent.action.PACKAGE_RESTARTED dat=package:org.mozilla.firefox flg=0x10 (has extras) } to com.sec.android.daemonapp/com.samsung.android.weather.daemon.receiver.ClearDataReceiver
09-02 16:11:41.450  4633  4633 D CarrierSvcBindHelper: No carrier app for: 1
09-02 16:11:41.651  4962  4962 D io_stats: !@ 179,0 r 682656 20545700 w 499209 10586400 d 54038 20100000 f 126744 129853 iot 601152 506348 th 51200 0 0 pt 0 inp 0 0 54434.895
09-02 16:11:41.697  3979  4545 I ActivityManager: START u0 {act=android.intent.action.VIEW typ=null flg=0x10008000 cmp=ComponentInfo{org.mozilla.firefox/org.mozilla.gecko.BrowserApp}} from uid 2000
09-02 16:11:41.702  3979  4545 D CustomFrequencyManagerService: acquireDVFSLockLocked : type : DVFS_MIN_LIMIT  frequency : 1560000  uid : 1000  pid : 3979  pkgName : AMS_APP_SWITCH@CPU_MIN@23
09-02 16:11:41.707  3979  4545 D ActivityManagerPerformance: AMP_acquire() APP_SWITCH
09-02 16:11:41.707  3979  5035 D ActivityManagerPerformance: Received MSG_CFMS_HINT_AMS_SWITCH pkgName: org.mozilla.firefox
09-02 16:11:41.717  3979  4637 D ActivityManager: isScaleDownAnimationEnabled() : false
09-02 16:11:41.718  3979  4637 D StorageManagerService: getExternalStorageMountMode : 1
09-02 16:11:41.718  3979  4637 D StorageManagerService: getExternalStorageMountMode : 3
09-02 16:11:41.718  3979  4637 D StorageManagerService: getExternalStorageMountMode : final mountMode=1, uid : 10154, packageName : org.mozilla.firefox
09-02 16:11:41.718  3979  4637 I ApplicationPolicy: isApplicationExternalStorageWhitelisted:org.mozilla.firefox user:0
09-02 16:11:41.718  3979  4637 D ApplicationPolicy: isApplicationExternalStorageWhitelisted: DO is not enabled on user 0. Allowed.
09-02 16:11:41.719  3979  4637 D ActivityManager: package  org.mozilla.firefox, user - 0 is SDcard whitelisted
09-02 16:11:41.719  3979  4637 I ApplicationPolicy: isApplicationExternalStorageBlacklisted:org.mozilla.firefox user:0
09-02 16:11:41.719  3979  4637 D ApplicationPolicy: isApplicationExternalStorageBlacklisted: DO is not enabled on user 0. Allowed.
09-02 16:11:41.728  3979  4637 I ActivityManager: Start proc 5587:org.mozilla.firefox/u0a154 for activity org.mozilla.firefox/org.mozilla.gecko.BrowserApp
09-02 16:11:41.729  5587  5587 E Zygote  : isWhitelistProcess - Process is Whitelisted
09-02 16:11:41.729  5587  5587 E libpersona: scanKnoxPersonas
09-02 16:11:41.730  5587  5587 E libpersona: Couldn't open the File - /data/system/users/0/personalist.xml - No such file or directory
09-02 16:11:41.731  5587  5587 W SELinux : SELinux selinux_android_compute_policy_index : Policy Index[2],  Con:u:r:zygote:s0 RAM:SEPF_SM-J720F_8.0.0_0017, [-1 -1 -1 -1 0 1]
09-02 16:11:41.732  5587  5587 I SELinux : SELinux: seapp_context_lookup: seinfo=untrusted, level=s0:c512,c768, pkgname=org.mozilla.firefox 
09-02 16:11:41.748  5587  5587 D TimaKeyStoreProvider: TimaKeyStore is not enabled: cannot add TimaSignature Service and generateKeyPair Service
09-02 16:11:41.748  5587  5587 D ActivityThread: Added TimaKeyStore provider
09-02 16:11:41.750  3979  4637 I ActivityManager: DSS on for org.mozilla.firefox and scale is 1.0
09-02 16:11:41.758  7881  4245 D omnistore_android_logger: AlarmManager::mainLoop calling alarm callbacks. There are total 1 scheduled tasks, and about to trigger 1 tasks (first task is SyncProtocol::onConnectionEstablished), then sleep for 57145 ms
09-02 16:11:41.759  7881  4245 D omnistore_android_logger: Handling alarm for rate limited event SyncProtocol::onConnectionEstablished
09-02 16:11:41.759  7881  4245 D omnistore_android_logger: SyncProtocol calling onConnectionEstablished callbacks
09-02 16:11:41.759  7881  4245 D omnistore_android_logger: Removing all queue based subscriptions from rewire state
09-02 16:11:41.759  3979  4637 D PersonaManagerService: Current focused persona service handled id set to : 0
09-02 16:11:41.760  3979  4637 D InputDispatcher: Focused application set to: xxxx
09-02 16:11:41.760  3979  4637 D InputDispatcher: Focus left window: 5536
09-02 16:11:41.761  7881  4245 D omnistore_android_logger: SendQueue::onConnectionEstablished: sending 0 transaction(s)
09-02 16:11:41.761  7881  4260 D omnistore_android_logger: SubscriptionManager::onConnectionEstablished is called back
09-02 16:11:41.761  5536  5536 D ViewRootImpl@110cd72[MainActivity]: MSG_WINDOW_FOCUS_CHANGED 0
09-02 16:11:41.762  3979  4238 D GameManagerService: handleForegroundChange(). pkgName: org.mozilla.firefox, clsName: org.mozilla.fenix.IntentReceiverActivity,FgActivityName:org.mozilla.firefox/org.mozilla.fenix.IntentReceiverActivity
09-02 16:11:41.762  3979  4637 D MARsPolicyManager: onPackageResumedFG pkgName = org.mozilla.firefox, userId = 0
09-02 16:11:41.762  3979  4238 D GameManagerService: sem_perfomance_mode: 3
09-02 16:11:41.762  3979  4238 D GameManagerService: notifyResumePause(). pkg: org.mozilla.firefox, type: 4, isMinimized: false, isTunableApp: false
09-02 16:11:41.762  3979  4238 D GameManagerService:   notifyResumePause(). unexpected mPrevNotiType: -1
09-02 16:11:41.766  3979  6899 D GamePkgDataHelper: getGamePkgDataIncServer(). org.mozilla.firefox
09-02 16:11:41.767  3979  6899 D GameManagerService: identifyGamePackage. org.mozilla.firefox
09-02 16:11:41.767  3979  6899 D GamePkgDataHelper: getGamePkgData(). org.mozilla.firefox
09-02 16:11:41.767  3979  6899 D GameManagerService: identifyGamePackage. org.mozilla.firefox
09-02 16:11:41.768  3979  6899 D GamePkgDataHelper: getGamePkgData(). org.mozilla.firefox
09-02 16:11:41.768  3979  6899 D GamePkgDataHelper: getSosPolicy(). org.mozilla.firefox
09-02 16:11:41.769  7881  4245 D omnistore_android_logger: AlarmManager::clearAlarmTimer for key=SyncProtocol::onConnectionEstablished 
09-02 16:11:41.770  3979  6899 D GameManagerService: identifyGamePackage. org.mozilla.firefox
09-02 16:11:41.770  3979  6899 D GamePkgDataHelper: getGamePkgData(). org.mozilla.firefox
09-02 16:11:41.770  3979  6899 D GameManagerService: identifyGamePackage. org.mozilla.firefox
09-02 16:11:41.771  3979  6899 D GamePkgDataHelper: getGamePkgData(). org.mozilla.firefox
09-02 16:11:41.775  5587  5587 I zygote64: no shared libraies, dex_files: 1
09-02 16:11:41.777  7881  4260 I omnistore_android_logger: Client sent CreateSubscriptionRequest for queue: facebook_universal_prefs_v2:100087196392327
09-02 16:11:41.781  7881  4260 I omnistore_android_logger: Client sent connect message
09-02 16:11:41.817  5587  5587 I FirebaseApp: Device unlocked: initializing all Firebase APIs for app [DEFAULT]
09-02 16:11:41.836  4349  4850 D SystemServicesProxy: updateOverviewLastStackActiveTimeAsync: newTime=1693559943942
09-02 16:11:41.837  3979  4545 D SecContentProvider: query(), uri = 17 selection = isSettingsChangesAllowed
09-02 16:11:41.838  3979  4545 D SecContentProvider: called from android.uid.systemui:10009
09-02 16:11:41.839  4349  4561 D SystemServicesProxy: updateOverviewLastStackActiveTimeAsync: done.
09-02 16:11:41.841  3979  4545 D PackageManager: getComponentMetadataForIconTray : com.example.batterymanager_utility.MainActivity does not exist in mServices
09-02 16:11:41.841  3979  4545 D PackageManager: getComponentMetadataForIconTray : com.example.batterymanager_utility.MainActivity does not exist in mProviders
09-02 16:11:41.841  3979  4545 D PackageManager: getComponentMetadataForIconTray : com.example.batterymanager_utility.MainActivity does not exist in mReceivers
09-02 16:11:41.842  4349  4850 D ApplicationPackageManager: updateItemMetaDataForFixedIconScale: package: com.example.batterymanager_utility
09-02 16:11:41.843  3979  4545 D PackageManager: getSelectedMetaData : packageName(com.example.batterymanager_utility) or Metadata strings {[Ljava.lang.String;@e0ed79d}
09-02 16:11:41.843  4349  4850 I ApplicationPackageManager: load=com.example.batterymanager_utility, bg=144-144, dr=189-189, forDefault=true, density=0
09-02 16:11:41.845  5587  5587 I FirebaseInitProvider: FirebaseApp initialization successful
09-02 16:11:41.847  4349  4850 I ApplicationPackageManager: scaled rate=0.72, size=189, alpha=54, hold=102
09-02 16:11:41.847  4349  4850 D ApplicationPackageManager: iconScale: getScale(): 0.72 getAlpha(): 54
09-02 16:11:41.848  4349  4850 I ApplicationPackageManager: load=com.example.batterymanager_utility-contain, bg=112-112, dr=189-189
09-02 16:11:41.863  3979  4545 W StorageManager: getStorageLowBytes lowPercent : 5, lowBytes : 1260145254, maxLowBytes : 524288000
09-02 16:11:41.897  3979  4111 D MdnieScenarioControlService:  packageName : org.mozilla.firefox    className : org.mozilla.gecko.BrowserApp
09-02 16:11:41.898  3979  4111 V MdnieScenarioControlService: setUIMode from UI function(3)
09-02 16:11:41.917  5587  5593 I zygote64: Do partial code cache collection, code=29KB, data=25KB
09-02 16:11:41.917  5587  5593 I zygote64: After code cache collection, code=29KB, data=25KB
09-02 16:11:41.917  5587  5593 I zygote64: Increasing code cache capacity to 128KB
09-02 16:11:41.940  5587  5587 I rc_log_ffi::ios: rc_log adapter initialized!
09-02 16:11:41.994  5587  5593 I zygote64: Do partial code cache collection, code=60KB, data=47KB
09-02 16:11:41.995  5587  5593 I zygote64: After code cache collection, code=58KB, data=46KB
09-02 16:11:41.995  5587  5593 I zygote64: Increasing code cache capacity to 256KB
09-02 16:11:42.066  5587  5626 I nimbus::nimbus_client: updating experiment list
09-02 16:11:42.068  5587  5626 I nimbus::persistence: Already at version 2, no upgrade needed
09-02 16:11:42.068  5587  5626 I nimbus::nimbus_client: [Nimbus] Retrieved date from Context: 2023-09-01 07:59:54 UTC
09-02 16:11:42.068  5587  5626 I nimbus::nimbus_client: [Nimbus] Installation Date: 2023-09-01 07:59:54 UTC
09-02 16:11:42.068  5587  5626 I nimbus::nimbus_client: [Nimbus] Update Date: 2023-09-02 06:19:16.138897683 UTC
09-02 16:11:42.068  5587  5626 I nimbus::nimbus_client: [Nimbus] Days since install: 1
09-02 16:11:42.068  5587  5626 I nimbus::nimbus_client: [Nimbus] Days since update: 0
09-02 16:11:42.081  5587  5626 I zygote64: Deoptimizing java.lang.Object com.sun.jna.Function.invoke(java.lang.reflect.Method, java.lang.Class[], java.lang.Class, java.lang.Object[], java.util.Map) due to class hierarchy analysis
09-02 16:11:42.112  5536  5630 D ProfileInstaller: Installing profile for com.example.batterymanager_utility
09-02 16:11:42.124  5587  5631 I GeckoThread: preparing to run Gecko
09-02 16:11:42.131  3979  4545 W StorageManager: getStorageLowBytes lowPercent : 5, lowBytes : 1260145254, maxLowBytes : 524288000
09-02 16:11:42.132  3979  4670 W StorageManager: getStorageLowBytes lowPercent : 5, lowBytes : 1260145254, maxLowBytes : 524288000
09-02 16:11:42.134  3979  4670 W StorageManager: getStorageLowBytes lowPercent : 5, lowBytes : 1260145254, maxLowBytes : 524288000
09-02 16:11:42.145  5587  5631 I GeckoLoader: Library base=/data/app/org.mozilla.firefox-qXEeZwQeSKU-v4RxzjCTZA==/lib/arm64
09-02 16:11:42.146  5587  5587 I zygote64: Deoptimizing java.lang.Object androidx.collection.SimpleArrayMap.put(java.lang.Object, java.lang.Object) due to JIT inline cache
09-02 16:11:42.148  5587  5631 W Settings: Setting animator_duration_scale has moved from android.provider.Settings.System to android.provider.Settings.Global, returning read-only global URI.
09-02 16:11:42.149  5587  5631 I GeckoLoader: Library base=/data/app/org.mozilla.firefox-qXEeZwQeSKU-v4RxzjCTZA==/lib/arm64
09-02 16:11:42.158  5587  5631 E GeckoLibLoad: Load sqlite start
09-02 16:11:42.159  5587  5631 E GeckoLibLoad: Load sqlite done
09-02 16:11:42.160  5587  5631 I GeckoLoader: Library base=/data/app/org.mozilla.firefox-qXEeZwQeSKU-v4RxzjCTZA==/lib/arm64
09-02 16:11:42.160  5587  5631 E GeckoLibLoad: Load nss start
09-02 16:11:42.160  5587  5631 E GeckoLibLoad: Load nss done
09-02 16:11:42.160  5587  5631 I GeckoLoader: Library base=/data/app/org.mozilla.firefox-qXEeZwQeSKU-v4RxzjCTZA==/lib/arm64
09-02 16:11:42.162  5587  5635 I libglean_ffi: glean_core::core: Creating new Glean v53.1.0
09-02 16:11:42.165  5587  5631 E GeckoLibLoad: Loaded libs in 4.522962ms total, 4ms(0ms) user, 0ms(8ms) system, 0(0) faults
09-02 16:11:42.165  5587  5635 I libglean_ffi: glean_core::database: Database initialized
09-02 16:11:42.167  5587  5635 I libglean_ffi: glean_core: Glean initialized
09-02 16:11:42.167  5587  5631 W GeckoThread: zerdatime 109083599 - runGecko
09-02 16:11:42.169  5587  5635 I libglean_ffi: glean_core::event_database: Loading events for events
09-02 16:11:42.169  5587  5635 I libglean_ffi: glean_core::event_database: Loading events for background-update
09-02 16:11:42.173  3614  3927 D DnsProxyListener: DNSDBG::dns by name af 2
09-02 16:11:42.174  5587  5635 I libglean_ffi: glean_core::event_database: Loading events for pageload
09-02 16:11:42.174  5587  5593 I zygote64: Do full code cache collection, code=122KB, data=79KB
09-02 16:11:42.175  5587  5593 I zygote64: After code cache collection, code=86KB, data=51KB
09-02 16:11:42.177  5587  5635 I libglean_ffi: glean_core::ping: Collecting events
09-02 16:11:42.183  5587  5635 I libglean_ffi: glean_core::upload::directory: Processing ping at: /data/user/0/org.mozilla.firefox/glean_data/pending_pings/29e9c6a5-f5a6-48f7-ba4a-436ff8c169db
09-02 16:11:42.184  5587  5635 I libglean_ffi: glean_core::metrics::ping: The ping 'events' was submitted and will be sent as soon as possible
09-02 16:11:42.194  3979  4545 D PackageManager: setEnabledSetting : userId = 0 packageName = org.mozilla.firefox cmp = androidx.work.impl.background.systemjob.SystemJobService newState = 1 callingPackage = 10154/org.mozilla.firefox
09-02 16:11:42.202  5587  5631 I Gecko:DumpUtils: Fifo watcher disabled via pref.
09-02 16:11:42.220  5587  5635 I glean/MetricsPingSched: The 'metrics' ping was already sent today, 1693663902214.
09-02 16:11:42.227  5587  5635 I libglean_ffi: glean_core::ping: Collecting baseline
09-02 16:11:42.237  5587  5635 I libglean_ffi: glean_core::upload::directory: Processing ping at: /data/user/0/org.mozilla.firefox/glean_data/pending_pings/7ed6efe7-14ce-43b4-a6f9-9b35c770f02d
09-02 16:11:42.239  5587  5635 I libglean_ffi: glean_core::metrics::ping: The ping 'baseline' was submitted and will be sent as soon as possible
09-02 16:11:42.241  3979  4670 D ConnectivityService: filterNetworkStateForUid() uid: 10025 networkInfo: [type: WIFI[] - WIFI, state: CONNECTED/CONNECTED, reason: (unspecified), extra: "WiFi 69", failover: false, available: true, roaming: false, metered: false]
09-02 16:11:42.273  5587  5629 I libglean_ffi: glean_core::ping: Collecting pageload
09-02 16:11:42.282  5587  5629 I libglean_ffi: glean_core::upload::directory: Processing ping at: /data/user/0/org.mozilla.firefox/glean_data/pending_pings/40c5d611-cc24-4bac-84ce-0f9cc379022d
09-02 16:11:42.290  3979  4545 D ConnectivityService: filterNetworkStateForUid() uid: 10025 networkInfo: [type: WIFI[] - WIFI, state: CONNECTED/CONNECTED, reason: (unspecified), extra: "WiFi 69", failover: false, available: true, roaming: false, metered: false]
09-02 16:11:42.294  5587  5629 I libglean_ffi: glean_core::metrics::ping: The ping 'pageload' was submitted and will be sent as soon as possible
09-02 16:11:42.312  3979  4670 D StorageManagerService: getExternalStorageMountMode : 1
09-02 16:11:42.312  3979  4670 D StorageManagerService: getExternalStorageMountMode : 3
09-02 16:11:42.313  3979  4670 D StorageManagerService: getExternalStorageMountMode : final mountMode=1, uid : 10154, packageName : org.mozilla.firefox
09-02 16:11:42.313  3979  4670 I ApplicationPolicy: isApplicationExternalStorageWhitelisted:org.mozilla.firefox user:0
09-02 16:11:42.313  5587  5629 I libglean_ffi: glean_core::core: Upload enabled: true
09-02 16:11:42.313  3979  4670 D ApplicationPolicy: isApplicationExternalStorageWhitelisted: DO is not enabled on user 0. Allowed.
09-02 16:11:42.314  3979  4670 D ActivityManager: package  org.mozilla.firefox, user - 0 is SDcard whitelisted
09-02 16:11:42.314  3979  4670 I ApplicationPolicy: isApplicationExternalStorageBlacklisted:org.mozilla.firefox user:0
09-02 16:11:42.314  3979  4670 D ApplicationPolicy: isApplicationExternalStorageBlacklisted: DO is not enabled on user 0. Allowed.
09-02 16:11:42.325  3979  4670 I ActivityManager: Start proc 5685:org.mozilla.firefox:tab9/u0a154 for service org.mozilla.firefox/org.mozilla.gecko.process.GeckoChildProcessServices$tab9
09-02 16:11:42.329  5685  5685 E Zygote  : isWhitelistProcess - Process is Whitelisted
09-02 16:11:42.330  5685  5685 E libpersona: scanKnoxPersonas
09-02 16:11:42.330  5685  5685 E libpersona: Couldn't open the File - /data/system/users/0/personalist.xml - No such file or directory
09-02 16:11:42.333  5685  5685 W SELinux : SELinux selinux_android_compute_policy_index : Policy Index[2],  Con:u:r:zygote:s0 RAM:SEPF_SM-J720F_8.0.0_0017, [-1 -1 -1 -1 0 1]
09-02 16:11:42.335  5685  5685 I SELinux : SELinux: seapp_context_lookup: seinfo=untrusted, level=s0:c512,c768, pkgname=org.mozilla.firefox:tab9 
09-02 16:11:42.342  5587  5587 I FenixApplication: AutoPushFeature is configured, initializing it...
09-02 16:11:42.344  3979  4637 D ConnectivityService: filterNetworkStateForUid() uid: 10154 networkInfo: [type: WIFI[] - WIFI, state: CONNECTED/CONNECTED, reason: (unspecified), extra: "WiFi 69", failover: false, available: true, roaming: false, metered: false]
09-02 16:11:42.345  5587  5587 I AbstractFirebasePushService: start
09-02 16:11:42.373  5685  5685 D TimaKeyStoreProvider: TimaKeyStore is not enabled: cannot add TimaSignature Service and generateKeyPair Service
09-02 16:11:42.373  5685  5685 D ActivityThread: Added TimaKeyStore provider
09-02 16:11:42.375  3979  4637 I ActivityManager: DSS on for org.mozilla.firefox and scale is 1.0
09-02 16:11:42.378  7881  7903 W ResourceType: ResTable_typeSpec entry count inconsistent: given 77, previously 79
09-02 16:11:42.379  3979  4545 D PackageManager: setEnabledSetting : userId = 0 packageName = org.mozilla.firefox cmp = androidx.work.impl.background.systemalarm.RescheduleReceiver newState = 1 callingPackage = 10154/org.mozilla.firefox
09-02 16:11:42.379  7881  7903 W ResourceType: ResTable_typeSpec entry count inconsistent: given 3309, previously 3332
09-02 16:11:42.380  7881  7903 W ResourceType: ResTable_typeSpec entry count inconsistent: given 518, previously 4352
09-02 16:11:42.392  5587  5695 I push::internal::communications::rate_limiter: No need to reset inner timestamp and count for verify_connection.
09-02 16:11:42.395  5685  5685 I zygote64: no shared libraies, dex_files: 1
09-02 16:11:42.404  3979  4637 I ActivityManager: START u0 {act=android.intent.action.VIEW typ=null flg=0x0 cmp=ComponentInfo{org.mozilla.firefox/org.mozilla.fenix.HomeActivity}} from uid 10154
09-02 16:11:42.416  3979  4672 D ConnectivityService: filterNetworkStateForUid() uid: 10154 networkInfo: [type: WIFI[] - WIFI, state: CONNECTED/CONNECTED, reason: (unspecified), extra: "WiFi 69", failover: false, available: true, roaming: false, metered: false]
09-02 16:11:42.418  5587  5695 I push::internal::communications::rate_limiter: Not allowed: count(104) > 1 for verify_connection.
09-02 16:11:42.422  5587  5695 I AutoPushFeature: No change to subscriptions. Doing nothing.
09-02 16:11:42.429  3979  4545 D ConnectivityService: filterNetworkStateForUid() uid: 10154 networkInfo: [type: WIFI[] - WIFI, state: CONNECTED/CONNECTED, reason: (unspecified), extra: "WiFi 69", failover: false, available: true, roaming: false, metered: false]
09-02 16:11:42.439  3979  4545 D ConnectivityService: filterNetworkStateForUid() uid: 10154 networkInfo: [type: WIFI[] - WIFI, state: CONNECTED/CONNECTED, reason: (unspecified), extra: "WiFi 69", failover: false, available: true, roaming: false, metered: false]
09-02 16:11:42.442  3979  4046 D ViewRootImpl@efe0bfd[firefox]: setView = DecorView@d5f3343[firefox] TM=true MM=false
09-02 16:11:42.453  5685  5685 I ServiceChildProcess: onCreate
09-02 16:11:42.453  5587  5697 D ConnectivityManager: requestNetwork; CallingUid : 10154, CallingPid : 5587
09-02 16:11:42.454  5685  5711 I GeckoThread: preparing to run Gecko
09-02 16:11:42.459  3979  4046 D ViewRootImpl@efe0bfd[firefox]: dispatchAttachedToWindow
09-02 16:11:42.459  3979  4046 V WindowManager: Relayout Window{c8060f2 u0 Splash Screen org.mozilla.firefox}: viewVisibility=0 req=719x1237 WM.LayoutParams{(0,0)(fillxfill) sim=#20 ty=3 fl=#81830118 pfl=0x20011 fmt=-3 wanim=0x10302ea vsysui=0x600 needsMenuKey=2 colorMode=0 naviIconColor=0}
09-02 16:11:42.462  5587  5587 I Choreographer: Skipped 36 frames!  The application may be doing too much work on its main thread.
09-02 16:11:42.463  3462  3462 I SurfaceFlinger: id=3014 createSurf (720x1280),1 flag=4, Splash Screen org.mozilla.firefox#0
09-02 16:11:42.465  3979  4046 V Surface : sf_framedrop debug : 0x4f4c, game : false, logging : 0
09-02 16:11:42.468  3979  4046 D ViewRootImpl@efe0bfd[firefox]: Relayout returned: old=[0,0][0,0] new=[0,0][720,1280] result=0x7 surface={valid=true 535410438144} changed=true
09-02 16:11:42.471  3979  4672 D ConnectivityService: requestNetwork for uid/pid:10154/5587 NetworkRequest [ TRACK_DEFAULT id=1002, [ Capabilities: INTERNET&NOT_RESTRICTED&TRUSTED&NOT_VPN] ]
09-02 16:11:42.471  3979  4180 D ConnectivityService: rematching NetworkAgentInfo [WIFI () - 502]
09-02 16:11:42.472  3979  4180 D ConnectivityService:  network has: [ Transports: WIFI Capabilities: NOT_METERED&INTERNET&NOT_RESTRICTED&TRUSTED&NOT_VPN&VALIDATED&FOREGROUND LinkUpBandwidth>=1048576Kbps LinkDnBandwidth>=1048576Kbps SignalStrength: -54]
09-02 16:11:42.472  3979  4180 D ConnectivityService:   checking if request is satisfied: NetworkRequest [ TRACK_DEFAULT id=1002, [ Capabilities: INTERNET&NOT_RESTRICTED&TRUSTED&NOT_VPN] ]
09-02 16:11:42.472  3979  4180 D ConnectivityService: currentScore = 0, newScore = 60
09-02 16:11:42.472  3979  4180 D ConnectivityService: rematch for NetworkAgentInfo [WIFI () - 502]
09-02 16:11:42.472  3979  4180 D ConnectivityService:    accepting network in place of null
09-02 16:11:42.472  3979  4180 D ConnectivityService: sending new Min Network Score(60): NetworkRequest [ TRACK_DEFAULT id=1002, [ Capabilities: INTERNET&NOT_RESTRICTED&TRUSTED&NOT_VPN] ]
09-02 16:11:42.472  3979  4177 D WIFI_P2P: got request NetworkRequest [ TRACK_DEFAULT id=1002, [ Capabilities: INTERNET&NOT_RESTRICTED&TRUSTED&NOT_VPN] ] with score 60
09-02 16:11:42.473  3979  4177 D WIFI_P2P:   my score=60, my filter=[ Transports: WIFI Capabilities: WIFI_P2P&NOT_RESTRICTED&TRUSTED&NOT_VPN LinkUpBandwidth>=1048576Kbps LinkDnBandwidth>=1048576Kbps]
09-02 16:11:42.473  3979  4177 D WIFI_P2P: evalRequest
09-02 16:11:42.473  3979  4177 D WIFI_P2P:   done
09-02 16:11:42.473  3979  4306 D Ethernet: got request NetworkRequest [ TRACK_DEFAULT id=1002, [ Capabilities: INTERNET&NOT_RESTRICTED&TRUSTED&NOT_VPN] ] with score 60
09-02 16:11:42.473  3979  4180 D ConnectivityService: MultiNetwork Request(TransportType - Wi-Fi request). Internet Capability doesn't required (false)
09-02 16:11:42.473  3979  4306 D Ethernet:   my score=-1, my filter=[ Transports: ETHERNET Capabilities: INTERNET&NOT_RESTRICTED&TRUSTED&NOT_VPN LinkUpBandwidth>=100000Kbps LinkDnBandwidth>=100000Kbps]
09-02 16:11:42.473  3979  4180 D ConnectivityService: Network NetworkAgentInfo [WIFI () - 502] was already satisfying request 3. No change.
09-02 16:11:42.473  3979  4306 D Ethernet: evalRequest
09-02 16:11:42.473  3979  4306 D Ethernet:   done
09-02 16:11:42.473  3979  4180 D ConnectivityService: Network NetworkAgentInfo [WIFI () - 502] was already satisfying request 1. No change.
09-02 16:11:42.473  3979  4180 D ConnectivityService: Network NetworkAgentInfo [WIFI () - 502] was already satisfying request 970. No change.
09-02 16:11:42.473  4633  4633 D PhoneSwitcherNetworkRequstListener: got request NetworkRequest [ TRACK_DEFAULT id=1002, [ Capabilities: INTERNET&NOT_RESTRICTED&TRUSTED&NOT_VPN] ] with score 60
09-02 16:11:42.473  3979  4180 D ConnectivityService: Network NetworkAgentInfo [WIFI () - 502] was already satisfying request 140. No change.
09-02 16:11:42.473  3979  4180 D ConnectivityService: sending notification AVAILABLE for NetworkRequest [ TRACK_DEFAULT id=1002, [ Capabilities: INTERNET&NOT_RESTRICTED&TRUSTED&NOT_VPN] ]
09-02 16:11:42.473  4633  4633 D PhoneSwitcherNetworkRequstListener:   my score=101, my filter=[ Transports: CELLULAR Capabilities: MMS&SUPL&DUN&FOTA&IMS&CBS&IA&RCS&XCAP&EIMS&INTERNET&NOT_RESTRICTED&TRUSTED&NOT_VPN&ENT1 Specifier: <android.net.MatchAllNetworkSpecifier@0>]
09-02 16:11:42.473  4633  4633 D PhoneSwitcherNetworkRequstListener: evalRequest
09-02 16:11:42.473  4633  4633 D PhoneSwitcherNetworkRequstListener:   needNetworkFor
09-02 16:11:42.473  3979  4180 D ConnectivityService: sending notification CAP_CHANGED for NetworkRequest [ TRACK_DEFAULT id=1002, [ Capabilities: INTERNET&NOT_RESTRICTED&TRUSTED&NOT_VPN] ]
09-02 16:11:42.474  3979  4153 D WIFI    : got request NetworkRequest [ TRACK_DEFAULT id=1002, [ Capabilities: INTERNET&NOT_RESTRICTED&TRUSTED&NOT_VPN] ] with score 60
09-02 16:11:42.474  3979  4153 D WIFI    :   my score=60, my filter=[ Transports: WIFI Capabilities: NOT_METERED&INTERNET&NOT_RESTRICTED&TRUSTED&NOT_VPN LinkUpBandwidth>=1048576Kbps LinkDnBandwidth>=1048576Kbps]
09-02 16:11:42.474  3979  4153 D WIFI    : evalRequest
09-02 16:11:42.474  3979  4153 D WIFI    :   needNetworkFor
09-02 16:11:42.475  3979  4153 D WIFI_UT : got request NetworkRequest [ TRACK_DEFAULT id=1002, [ Capabilities: INTERNET&NOT_RESTRICTED&TRUSTED&NOT_VPN] ] with score 60
09-02 16:11:42.475  3979  4153 D WIFI_UT :   my score=2147483647, my filter=[ Transports: WIFI Capabilities: NOT_METERED&INTERNET&NOT_RESTRICTED&TRUSTED&NOT_VPN LinkUpBandwidth>=1048576Kbps LinkDnBandwidth>=1048576Kbps]
09-02 16:11:42.475  3979  4153 D WIFI_UT : evalRequest
09-02 16:11:42.475  3979  4153 D WIFI_UT :   needNetworkFor
09-02 16:11:42.477  3979  4180 D ConnectivityService: sending notification IP_CHANGED for NetworkRequest [ TRACK_DEFAULT id=1002, [ Capabilities: INTERNET&NOT_RESTRICTED&TRUSTED&NOT_VPN] ]
09-02 16:11:42.478  3979  4672 D ConnectivityService: filterNetworkStateForUid() uid: 10154 networkInfo: [type: WIFI[] - WIFI, state: CONNECTED/CONNECTED, reason: (unspecified), extra: "WiFi 69", failover: false, available: true, roaming: false, metered: false]
09-02 16:11:42.481  3979  4672 D ConnectivityService: filterNetworkStateForUid() uid: 10154 networkInfo: [type: WIFI[] - WIFI, state: CONNECTED/CONNECTED, reason: (unspecified), extra: "WiFi 69", failover: false, available: true, roaming: false, metered: false]
09-02 16:11:42.495  3979  4046 V WindowManager: finishDrawingLocked: mDrawState=COMMIT_DRAW_PENDING Window{c8060f2 u0 Splash Screen org.mozilla.firefox} in Surface(name=Splash Screen org.mozilla.firefox)
09-02 16:11:42.523  4349  4850 D SystemServicesProxy: updateOverviewLastStackActiveTimeAsync: newTime=1693559943942
09-02 16:11:42.524  3979  4672 D SecContentProvider: query(), uri = 17 selection = isSettingsChangesAllowed
09-02 16:11:42.525  3979  4672 D SecContentProvider: called from android.uid.systemui:10009
09-02 16:11:42.525  4349  4561 D SystemServicesProxy: updateOverviewLastStackActiveTimeAsync: done.
09-02 16:11:42.540  3979  4672 D ActivityManager: isScaleDownAnimationEnabled() : false
09-02 16:11:42.543  3979  4672 D PersonaManagerService: Current focused persona service handled id set to : 0
09-02 16:11:42.544  3979  4672 D InputDispatcher: Focused application set to: xxxx
09-02 16:11:42.545  3979  4238 D GameManagerService: handleForegroundChange(). pkgName: org.mozilla.firefox, clsName: org.mozilla.fenix.HomeActivity,FgActivityName:org.mozilla.firefox/org.mozilla.fenix.HomeActivity
09-02 16:11:42.546  3979  4238 D GameManagerService:   handleForegroundChange(). same package. game has never resumed yet. ignore
09-02 16:11:42.546  3979  4672 D MARsPolicyManager: onPackageResumedFG pkgName = org.mozilla.firefox, userId = 0
09-02 16:11:42.559  3462  3462 V Surface : sf_framedrop debug : 0x4f4c, game : false, logging : 0
09-02 16:11:42.561  5536  5556 D OpenGLRenderer: eglDestroySurface = 0x7cc1bf14c0
09-02 16:11:42.566  5587  5593 I zygote64: Do partial code cache collection, code=117KB, data=77KB
09-02 16:11:42.567  5587  5593 I zygote64: After code cache collection, code=117KB, data=77KB
09-02 16:11:42.567  5587  5593 I zygote64: Increasing code cache capacity to 512KB
09-02 16:11:42.570  3979  4672 D TaskSnapshotCache: putSnapshot mTaskId=865 RunningCache size=4
09-02 16:11:42.576  3979  5979 V WindowManager: Relayout Window{7352bf3 u0 com.example.batterymanager_utility/com.example.batterymanager_utility.MainActivity}: viewVisibility=8 req=720x1280 WM.LayoutParams{(0,0)(fillxfill) sim=#120 ty=1 fl=#81810100 pfl=0x20000 wanim=0x10302fd vsysui=0x600 needsMenuKey=2 colorMode=0 naviIconColor=0}
09-02 16:11:42.584  5536  5536 D ViewRootImpl@110cd72[MainActivity]: Relayout returned: old=[0,0][720,1280] new=[0,0][720,1280] result=0x5 surface={valid=false 0} changed=true
09-02 16:11:42.585  3979  3996 D WindowManager: set systemUiVisibility : systemUiFlags= 0x608 fullscreenStackSysUiFlags= 0x0
09-02 16:11:42.597  3462  3462 I SurfaceFlinger: Display 0 HWC layers:
09-02 16:11:42.597  3462  3462 I SurfaceFlinger:     type    |    handle    | flag |  format   |   source crop (l,t,r,b)    |         frame       | name 
09-02 16:11:42.597  3462  3462 I SurfaceFlinger: ------------+--------------+------+-----------+----------------------------+---------------------+------
09-02 16:11:42.597  3462  3462 I SurfaceFlinger:      Client |              | 0000 |  Unknown  |  -0.2   -0.2   -0.8   -0.8 |    0    0  720 1280 | animation background stackId=1#0
09-02 16:11:42.597  3462  3462 I SurfaceFlinger:      Client | 0x7ac4c25080 | 0002 | RGBA_8888 |   0.0    0.0  720.0 1280.0 |    0    0  720 1279 | com.example.batterymanager_utility/c[...]atterymanager_utility.MainActivity#0
09-02 16:11:42.597  3462  3462 I SurfaceFlinger:      Device | 0x7ac4c24d80 | 0000 | RGBA_8888 |   0.0    0.0  720.0   42.0 |    0    0  720   42 | StatusBar#0
09-02 16:11:42.597  3462  3462 I SurfaceFlinger: 
09-02 16:11:42.654  4349  4858 D SystemServicesProxy: updateOverviewLastStackActiveTimeAsync: newTime=1693559943942
09-02 16:11:42.655  3979  4545 D SecContentProvider: query(), uri = 17 selection = isSettingsChangesAllowed
09-02 16:11:42.655  3979  4545 D SecContentProvider: called from android.uid.systemui:10009
09-02 16:11:42.656  4349  4561 D SystemServicesProxy: updateOverviewLastStackActiveTimeAsync: done.
09-02 16:11:42.669  5587  5631 W ResourceType: Too many attribute references, stopped at: 0x01010099
09-02 16:11:42.673  5587  5660 W logins::schema: user_version: 2
09-02 16:11:42.710  3979  5979 D StorageManagerService: getExternalStorageMountMode : 1
09-02 16:11:42.710  3979  5979 D StorageManagerService: getExternalStorageMountMode : 3
09-02 16:11:42.711  3979  5979 D StorageManagerService: getExternalStorageMountMode : final mountMode=1, uid : 10154, packageName : org.mozilla.firefox
09-02 16:11:42.711  3979  5979 I ApplicationPolicy: isApplicationExternalStorageWhitelisted:org.mozilla.firefox user:0
09-02 16:11:42.711  3979  5979 D ApplicationPolicy: isApplicationExternalStorageWhitelisted: DO is not enabled on user 0. Allowed.
09-02 16:11:42.711  3979  5979 D ActivityManager: package  org.mozilla.firefox, user - 0 is SDcard whitelisted
09-02 16:11:42.712  3979  5979 I ApplicationPolicy: isApplicationExternalStorageBlacklisted:org.mozilla.firefox user:0
09-02 16:11:42.712  3979  5979 D ApplicationPolicy: isApplicationExternalStorageBlacklisted: DO is not enabled on user 0. Allowed.
09-02 16:11:42.713  5587  5587 I zygote64: Deoptimizing androidx.navigation.NavDestination androidx.navigation.NavInflater.inflate(android.content.res.Resources, android.content.res.XmlResourceParser, android.util.AttributeSet, int) due to JIT inline cache
09-02 16:11:42.724  3979  5979 I ActivityManager: Start proc 5752:org.mozilla.firefox:gpu/u0a154 for service org.mozilla.firefox/org.mozilla.gecko.process.GeckoChildProcessServices$gpu
09-02 16:11:42.724  5752  5752 E Zygote  : isWhitelistProcess - Process is Whitelisted
09-02 16:11:42.725  5752  5752 E libpersona: scanKnoxPersonas
09-02 16:11:42.725  5752  5752 E libpersona: Couldn't open the File - /data/system/users/0/personalist.xml - No such file or directory
09-02 16:11:42.728  5752  5752 W SELinux : SELinux selinux_android_compute_policy_index : Policy Index[2],  Con:u:r:zygote:s0 RAM:SEPF_SM-J720F_8.0.0_0017, [-1 -1 -1 -1 0 1]
09-02 16:11:42.729  5752  5752 I SELinux : SELinux: seapp_context_lookup: seinfo=untrusted, level=s0:c512,c768, pkgname=org.mozilla.firefox:gpu 
09-02 16:11:42.747  5752  5752 D TimaKeyStoreProvider: TimaKeyStore is not enabled: cannot add TimaSignature Service and generateKeyPair Service
09-02 16:11:42.747  5752  5752 D ActivityThread: Added TimaKeyStore provider
09-02 16:11:42.749  3979  5979 I ActivityManager: DSS on for org.mozilla.firefox and scale is 1.0
09-02 16:11:42.768  5752  5752 I zygote64: no shared libraies, dex_files: 1
09-02 16:11:42.782  3462  3462 I SurfaceFlinger: Display 0 HWC layers:
09-02 16:11:42.782  3462  3462 I SurfaceFlinger:     type    |    handle    | flag |  format   |   source crop (l,t,r,b)    |         frame       | name 
09-02 16:11:42.782  3462  3462 I SurfaceFlinger: ------------+--------------+------+-----------+----------------------------+---------------------+------
09-02 16:11:42.782  3462  3462 I SurfaceFlinger:      Client |              | 0000 |  Unknown  |  -0.2   -0.2   -0.8   -0.8 |    0    0  720 1280 | animation background stackId=1#0
09-02 16:11:42.782  3462  3462 I SurfaceFlinger:      Client | 0x7ac4c25080 | 0002 | RGBA_8888 |   0.0    0.0  720.0 1280.0 |   16   29  703 1251 | com.example.batterymanager_utility/c[...]atterymanager_utility.MainActivity#0
09-02 16:11:42.782  3462  3462 I SurfaceFlinger:      Device | 0x7ac4c24b40 | 0000 | RGBA_8888 |   0.0    0.0  720.0 1022.0 |   17  305  704 1280 | Splash Screen org.mozilla.firefox#0
09-02 16:11:42.782  3462  3462 I SurfaceFlinger:      Device | 0x7ac4c24240 | 0000 | RGBA_8888 |   0.0    0.0  720.0   42.0 |    0    0  720   42 | StatusBar#0
09-02 16:11:42.782  3462  3462 I SurfaceFlinger: 
09-02 16:11:42.827  3614  3927 D DnsProxyListener: DNSDBG::dns addrinfo af 2
09-02 16:11:42.836  3614  3927 D DnsProxyListener: DNSDBG::dns addrinfo af 2
09-02 16:11:42.837  5587  5678 W ActivityThread: ClassLoader.getResources: The class loader returned by Thread.getContextClassLoader() may fail for processes that host multiple applications. You should explicitly specify a context class loader. For example: Thread.setContextClassLoader(getClass().getClassLoader());
09-02 16:11:42.839  5752  5752 I ServiceChildProcess: onCreate
09-02 16:11:42.841  5752  5779 I GeckoThread: preparing to run Gecko
09-02 16:11:42.875  5587  5587 I NavController: Ignoring popBackStack to destination org.mozilla.firefox:id/browserFragment as it was not found on the current back stack
09-02 16:11:42.876  5587  5587 I NavController: Ignoring popBackStack to destination org.mozilla.firefox:id/homeFragment as it was not found on the current back stack
09-02 16:11:42.890  3449  3449 I android.hardware.wifi@1.0-service: getLinkLayerStats
09-02 16:11:42.928  5587  5587 I ContileTopSitesUpdater: Started periodic work to update Contile top sites
09-02 16:11:43.060  3979  4046 I WindowManager: Destroying surface Surface(name=com.example.batterymanager_utility/com.example.batterymanager_utility.MainActivity) called by com.android.server.wm.WindowStateAnimator.destroySurface:2501 com.android.server.wm.WindowStateAnimator.destroySurfaceLocked:985 com.android.server.wm.WindowState.destroyOrSaveSurfaceUnchecked:3671 com.android.server.wm.WindowState.destroySurface:3619 com.android.server.wm.AppWindowToken.destroySurfaces:722 com.android.server.wm.AppWindowToken.destroySurfaces:706 com.android.server.wm.WindowState.onExitAnimationDone:5333 com.android.server.wm.WindowStateAnimator.stepAnimationLocked:550 
09-02 16:11:43.060  3462  5840 I SurfaceFlinger: id=3013 Removed com.example.batterymanager_utility/com.example.batterymanager_utility.MainActivity#0 (2/5)
09-02 16:11:43.064  5587  5593 I zygote64: Do full code cache collection, code=247KB, data=154KB
09-02 16:11:43.065  3462  4087 I SurfaceFlinger: id=3013 Removed com.example.batterymanager_utility/com.example.batterymanager_utility.MainActivity#0 (-2/5)
09-02 16:11:43.065  5587  5593 I zygote64: After code cache collection, code=214KB, data=116KB
09-02 16:11:43.072  3979  4323 I OpenGLRenderer: Initialized EGL, version 1.4
09-02 16:11:43.072  3979  4323 D OpenGLRenderer: Swap behavior 2
09-02 16:11:43.075  3462  3462 I Layer   : id=3013 onRemoved com.example.batterymanager_utility/com.example.batterymanager_utility.MainActivity#0 
09-02 16:11:43.078  3462  3462 I SurfaceFlinger: Display 0 HWC layers:
09-02 16:11:43.078  3462  3462 I SurfaceFlinger:     type    |    handle    | flag |  format   |   source crop (l,t,r,b)    |         frame       | name 
09-02 16:11:43.078  3462  3462 I SurfaceFlinger: ------------+--------------+------+-----------+----------------------------+---------------------+------
09-02 16:11:43.078  3462  3462 I SurfaceFlinger:      Device | 0x7ac4c24b40 | 0000 | RGBA_8888 |   0.0    0.0  720.0 1280.0 |    0    0  720 1280 | Splash Screen org.mozilla.firefox#0
09-02 16:11:43.078  3462  3462 I SurfaceFlinger:      Device | 0x7abe64bd40 | 0000 | RGBA_8888 |   0.0    0.0  720.0   42.0 |    0    0  720   42 | StatusBar#0
09-02 16:11:43.078  3462  3462 I SurfaceFlinger: 
09-02 16:11:43.107  5587  5587 W GeckoViewActivityContextDelegate: A non-activity context was set.
09-02 16:11:43.122  5587  5629 I libglean_ffi: glean_core::ping: Collecting baseline
09-02 16:11:43.133  5587  5629 I libglean_ffi: glean_core::upload::directory: Processing ping at: /data/user/0/org.mozilla.firefox/glean_data/pending_pings/6f4c7085-8d16-4b45-b865-63e6ae373974
09-02 16:11:43.133  3614  3927 D DnsProxyListener: DNSDBG::dns addrinfo af 2
09-02 16:11:43.136  5587  5629 I libglean_ffi: glean_core::metrics::ping: The ping 'baseline' was submitted and will be sent as soon as possible
09-02 16:11:43.138  3979  5979 D ConnectivityService: filterNetworkStateForUid() uid: 10154 networkInfo: [type: WIFI[] - WIFI, state: CONNECTED/CONNECTED, reason: (unspecified), extra: "WiFi 69", failover: false, available: true, roaming: false, metered: false]
09-02 16:11:43.139  3979  5979 I chatty  : uid=1000(system) Binder:3979_15 identical 1 line
09-02 16:11:43.139  3979  5979 D ConnectivityService: filterNetworkStateForUid() uid: 10154 networkInfo: [type: WIFI[] - WIFI, state: CONNECTED/CONNECTED, reason: (unspecified), extra: "WiFi 69", failover: false, available: true, roaming: false, metered: false]
09-02 16:11:43.144  5587  5660 I zygote64: Deoptimizing void kotlin.sequences.SequencesKt___SequencesKt.toCollection(kotlin.sequences.Sequence, java.util.AbstractCollection) due to JIT inline cache
09-02 16:11:43.161  5587  5587 I BgSyncManager: Periodic syncing enabled: PeriodicSyncConfig(periodMinutes=240, initialDelayMinutes=5)
09-02 16:11:43.162  5587  5587 I FirefoxAccountStateMachine: Sync is enabled
09-02 16:11:43.162  5587  5672 I StartupTypeTelemetry: Recorded start up: cold_view
09-02 16:11:43.195  5587  5787 D OpenGLRenderer: HWUI GL Pipeline
09-02 16:11:43.202  5587  5587 D ViewRootImpl@56091a8[HomeActivity]: setView = DecorView@66f64c1[HomeActivity] TM=true MM=false
09-02 16:11:43.203  3979  4545 D ActivityManager: post active user change for 0 fullscreen true isHomeActivity() false
09-02 16:11:43.209  3979  4545 D ConnectivityService: filterNetworkStateForUid() uid: 10154 networkInfo: [type: WIFI[] - WIFI, state: CONNECTED/CONNECTED, reason: (unspecified), extra: "WiFi 69", failover: false, available: true, roaming: false, metered: false]
09-02 16:11:43.209  5587  5788 I libglean_ffi: glean_core::upload: New upload task with id 29e9c6a5-f5a6-48f7-ba4a-436ff8c169db (path: /submit/org-mozilla-firefox/events/1/29e9c6a5-f5a6-48f7-ba4a-436ff8c169db)
09-02 16:11:43.220  3614  3927 D DnsProxyListener: DNSDBG::dns addrinfo af 2
09-02 16:11:43.221  3979  4545 I chatty  : uid=1000(system) Binder:3979_6 identical 4 lines
09-02 16:11:43.226  5752  5779 I GeckoLoader: Library base=/data/app/org.mozilla.firefox-qXEeZwQeSKU-v4RxzjCTZA==/lib/arm64
09-02 16:11:43.226  5752  5779 I GeckoLoader: Library base=/data/app/org.mozilla.firefox-qXEeZwQeSKU-v4RxzjCTZA==/lib/arm64
09-02 16:11:43.226  3979  4545 D ConnectivityService: filterNetworkStateForUid() uid: 10154 networkInfo: [type: WIFI[] - WIFI, state: CONNECTED/CONNECTED, reason: (unspecified), extra: "WiFi 69", failover: false, available: true, roaming: false, metered: false]
09-02 16:11:43.227  5752  5779 E GeckoLibLoad: Load sqlite start
09-02 16:11:43.230  5752  5779 E GeckoLibLoad: Load sqlite done
09-02 16:11:43.231  3614  3927 D DnsProxyListener: DNSDBG::dns addrinfo af 2
09-02 16:11:43.232  3614  3927 I chatty  : uid=0(root) /system/bin/netd identical 1 line
09-02 16:11:43.232  3614  3927 D DnsProxyListener: DNSDBG::dns addrinfo af 2
09-02 16:11:43.234  5752  5779 I GeckoLoader: Library base=/data/app/org.mozilla.firefox-qXEeZwQeSKU-v4RxzjCTZA==/lib/arm64
09-02 16:11:43.234  5752  5779 E GeckoLibLoad: Load nss start
09-02 16:11:43.234  5752  5779 E GeckoLibLoad: Load nss done
09-02 16:11:43.235  5752  5779 I GeckoLoader: Library base=/data/app/org.mozilla.firefox-qXEeZwQeSKU-v4RxzjCTZA==/lib/arm64
09-02 16:11:43.235  3614  3927 D DnsProxyListener: DNSDBG::dns addrinfo af 2
09-02 16:11:43.236  5587  5798 I FirefoxAccountStateMachine: Processing event 'mozilla.components.service.fxa.manager.Event$Account$Start@2563db5' for state Idle(accountState=NotAuthenticated). Next state is Active(progressState=Initializing)
09-02 16:11:43.243  5587  5587 D ViewRootImpl@56091a8[HomeActivity]: dispatchAttachedToWindow
09-02 16:11:43.244  5587  5593 I zygote64: Do partial code cache collection, code=246KB, data=150KB
09-02 16:11:43.244  5587  5593 I zygote64: After code cache collection, code=239KB, data=148KB
09-02 16:11:43.244  5587  5593 I zygote64: Increasing code cache capacity to 1024KB
09-02 16:11:43.252  3614  3927 D DnsProxyListener: DNSDBG::dns addrinfo af 2
09-02 16:11:43.253  3614  3927 D DnsProxyListener: DNSDBG::dns addrinfo af 2
09-02 16:11:43.262  5752  5779 E GeckoLibLoad: Loaded libs in 27.218346ms total, 16ms(12ms) user, 8ms(12ms) system, 0(0) faults
09-02 16:11:43.262  5752  5779 W GeckoThread: zerdatime 109084695 - runGecko
09-02 16:11:43.266  3979  4545 V WindowManager: Relayout Window{d4c0dc6 u0 org.mozilla.firefox/org.mozilla.fenix.HomeActivity}: viewVisibility=0 req=719x1237 WM.LayoutParams{(0,0)(fillxfill) sim=#110 ty=1 fl=#81010100 pfl=0x20000 wanim=0x7f1404fa vsysui=0x2610 needsMenuKey=2 colorMode=0 naviIconColor=0}
09-02 16:11:43.271  3462  3462 I SurfaceFlinger: id=3015 createSurf (720x1280),1 flag=404, org.mozilla.firefox/org.mozilla.fenix.HomeActivity#0
09-02 16:11:43.272  3979  4545 V Surface : sf_framedrop debug : 0x4f4c, game : false, logging : 0
09-02 16:11:43.273  3979  3996 D WindowManager: set systemUiVisibility : systemUiFlags= 0x2608 fullscreenStackSysUiFlags= 0x0
09-02 16:11:43.275  3347  3347 W keymaster2_mdfpp: entered get_key_characteristics function.
09-02 16:11:43.276  3979  4545 D InputDispatcher: Focus entered window: 5587
09-02 16:11:43.277  3347  3347 W keymaster_tee: [WRN]KEY_PARAMS: AES ENC DEC GCM PADNO AUTH SIZE:256 
09-02 16:11:43.277  3347  3347 W keymaster_tee: [WRN]KEY_PARAMS: 20230902081917 
09-02 16:11:43.277  3347  3347 W keymaster2_mdfpp: exit get_key_characteristics function, returned 0
09-02 16:11:43.277  5587  5587 V Surface : sf_framedrop debug : 0x4f4c, game : false, logging : 0
09-02 16:11:43.277  3979  5979 D WindowManager: adjustSystemUiVisibilityLw : vis= 0x2608
09-02 16:11:43.277  5587  5587 D ViewRootImpl@56091a8[HomeActivity]: Relayout returned: old=[0,0][0,0] new=[0,0][720,1280] result=0x7 surface={valid=true 533310414848} changed=true
09-02 16:11:43.278  5587  5787 I OpenGLRenderer: Initialized EGL, version 1.4
09-02 16:11:43.278  5587  5787 D OpenGLRenderer: Swap behavior 2
09-02 16:11:43.283  5587  5787 D libGLESv1: STS_GLApi : DTS, ODTC are not allowed for Package : org.mozilla.firefox
09-02 16:11:43.285  3347  3347 W keymaster2_mdfpp: entered get_key_characteristics function.
09-02 16:11:43.285  5587  5787 D mali_winsys: EGLint new_window_surface(egl_winsys_display *, void *, EGLSurface, EGLConfig, egl_winsys_surface **, egl_color_buffer_format *, EGLBoolean) returns 0x3000,  [720x1280]-format:1
09-02 16:11:43.285  5587  5787 D OpenGLRenderer: eglCreateWindowSurface = 0x7c28ec2740
09-02 16:11:43.286  3347  3347 W keymaster_tee: [WRN]KEY_PARAMS: AES ENC DEC GCM PADNO AUTH SIZE:256 
09-02 16:11:43.286  3347  3347 W keymaster_tee: [WRN]KEY_PARAMS: 20230902081917 
09-02 16:11:43.286  3347  3347 W keymaster2_mdfpp: exit get_key_characteristics function, returned 0
09-02 16:11:43.301  3979  5979 I ActivityManager: Displayed org.mozilla.firefox/org.mozilla.fenix.HomeActivity: +760ms (total +1s583ms)
09-02 16:11:43.301  3979  5979 I ActivityManager: Fully drawn org.mozilla.firefox/org.mozilla.fenix.HomeActivity: +760ms (total +1s583ms)
09-02 16:11:43.303  3462  3462 I SurfaceFlinger: id=3016 createSurf (720x1238),1 flag=4, SurfaceView - org.mozilla.firefox/org.mozilla.fenix.HomeActivity@ea20f23@0#0
09-02 16:11:43.304  3462  3462 I SurfaceFlinger: id=3017 createSurf (720x1238),-1 flag=20004, Background for - SurfaceView - org.mozilla.firefox/org.mozilla.fenix.HomeActivity@ea20f23@0#0
09-02 16:11:43.305  5587  5587 D SurfaceView: BG hide() Surface(name=Background for - SurfaceView - org.mozilla.firefox/org.mozilla.fenix.HomeActivity@ea20f23@0) false true org.mozilla.gecko.MagnifiableSurfaceView{ea20f23 V.E...... ......ID 0,0-720,1238}
09-02 16:11:43.309  5587  5798 I FirefoxAccount: Registering persistence callback
09-02 16:11:43.310  5587  5587 V Surface : sf_framedrop debug : 0x4f4c, game : false, logging : 0
09-02 16:11:43.310  5587  5587 D SurfaceView: surfaceCreated 1 org.mozilla.gecko.MagnifiableSurfaceView{ea20f23 V.E...... ......ID 0,0-720,1238}
09-02 16:11:43.310  5587  5798 I FirefoxAccountStateMachine: Ran 'mozilla.components.service.fxa.manager.Event$Account$Start@2563db5' side-effects for state Active(progressState=Initializing), got successive event mozilla.components.service.fxa.manager.Event$Progress$AccountNotFound@b9559d9
09-02 16:11:43.310  5587  5587 D SurfaceView: surfaceChanged (720,1238) 1 org.mozilla.gecko.MagnifiableSurfaceView{ea20f23 V.E...... ......ID 0,0-720,1238}
09-02 16:11:43.310  5587  5798 I FirefoxAccountStateMachine: Processing event 'mozilla.components.service.fxa.manager.Event$Progress$AccountNotFound@b9559d9' for state Active(progressState=Initializing). Next state is Idle(accountState=NotAuthenticated)
09-02 16:11:43.329  3979  5979 D ConnectivityService: filterNetworkStateForUid() uid: 10154 networkInfo: [type: WIFI[] - WIFI, state: CONNECTED/CONNECTED, reason: (unspecified), extra: "WiFi 69", failover: false, available: true, roaming: false, metered: false]
09-02 16:11:43.330  3979  5979 I chatty  : uid=1000(system) Binder:3979_15 identical 1 line
09-02 16:11:43.331  3979  5979 D ConnectivityService: filterNetworkStateForUid() uid: 10154 networkInfo: [type: WIFI[] - WIFI, state: CONNECTED/CONNECTED, reason: (unspecified), extra: "WiFi 69", failover: false, available: true, roaming: false, metered: false]
09-02 16:11:43.345  3979  5979 V WindowManager: Relayout Window{d4c0dc6 u0 org.mozilla.firefox/org.mozilla.fenix.HomeActivity}: viewVisibility=0 req=720x1280 WM.LayoutParams{(0,0)(fillxfill) sim=#110 ty=1 fl=#81010100 pfl=0x20000 fmt=-3 wanim=0x7f1404fa vsysui=0x2610 needsMenuKey=2 colorMode=0 naviIconColor=0}
09-02 16:11:43.351  5587  5587 D ViewRootImpl@56091a8[HomeActivity]: Relayout returned: old=[0,0][720,1280] new=[0,0][720,1280] result=0x3 surface={valid=true 533310414848} changed=false
09-02 16:11:43.383  3979  5979 V WindowManager: finishDrawingLocked: mDrawState=COMMIT_DRAW_PENDING Window{d4c0dc6 u0 org.mozilla.firefox/org.mozilla.fenix.HomeActivity} in Surface(name=org.mozilla.firefox/org.mozilla.fenix.HomeActivity)
09-02 16:11:43.383  5587  5587 D ViewRootImpl@56091a8[HomeActivity]: MSG_RESIZED_REPORT: frame=Rect(0, 0 - 720, 1280) ci=Rect(0, 42 - 0, 0) vi=Rect(0, 42 - 0, 0) or=1
