09-02 16:11:59.838  5536  5536 V Surface : sf_framedrop debug : 0x4f4c, game : false, logging : 0
09-02 16:11:59.840  5536  5536 D ViewRootImpl@110cd72[MainActivity]: Relayout returned: old=[0,0][720,1280] new=[0,0][720,1280] result=0x7 surface={valid=true 536159952896} changed=true
09-02 16:11:59.842  3979  3979 D SamsungAlarmManager: setExact Listener (T:2/F:0/AC:false) 20230902T161207 - CU:1000/CP:3979
09-02 16:11:59.846  3979  3979 I SamsungAlarmManager: setLocked to kernel - T:2 / 20230902T161207, SetElapsed=109108701, nowELAPSED=109101278
09-02 16:11:59.846  3979  6899 D GameManagerService: identifyGamePackage. com.example.batterymanager_utility
09-02 16:11:59.846  3979  6899 D GamePkgDataHelper: getGamePkgData(). com.example.batterymanager_utility
09-02 16:11:59.847  3979  3979 D SamsungAlarmManager: setExact Listener (T:2/F:0/AC:false) 20230902T161203 - CU:1000/CP:3979
09-02 16:11:59.847  3979  3979 I SamsungAlarmManager: setLocked to kernel - T:2 / 20230902T161203, SetElapsed=109104846, nowELAPSED=109101279
09-02 16:11:59.849  4349  4858 D SystemServicesProxy: updateOverviewLastStackActiveTimeAsync: newTime=1693559943942
09-02 16:11:59.850  3979  4670 D SecContentProvider: query(), uri = 17 selection = isSettingsChangesAllowed
09-02 16:11:59.850  3979  3979 D SamsungAlarmManager: setExact Listener (T:2/F:0/AC:false) 20230902T161207 - CU:1000/CP:3979
09-02 16:11:59.851  5536  5556 D mali_winsys: EGLint new_window_surface(egl_winsys_display *, void *, EGLSurface, EGLConfig, egl_winsys_surface **, egl_color_buffer_format *, EGLBoolean) returns 0x3000,  [720x1280]-format:1
09-02 16:11:59.851  5536  5556 D OpenGLRenderer: eglCreateWindowSurface = 0x7cc1bf1640
09-02 16:11:59.851  3979  4670 D SecContentProvider: called from android.uid.systemui:10009
09-02 16:11:59.852  4349  4561 D SystemServicesProxy: updateOverviewLastStackActiveTimeAsync: done.
09-02 16:11:59.852  3979  4081 W InputDispatcher: channel ~ Consumer closed input channel or an error occurred.  events=0x9
09-02 16:11:59.852  3979  4081 E InputDispatcher: channel ~ Channel is unrecoverably broken and will be disposed!
09-02 16:11:59.854  3979  4672 D PackageManager: getComponentMetadataForIconTray : org.mozilla.fenix.HomeActivity does not exist in mServices
09-02 16:11:59.854  5536  5536 D ViewRootImpl@110cd72[MainActivity]: MSG_WINDOW_FOCUS_CHANGED 1
09-02 16:11:59.854  3979  4672 D PackageManager: getComponentMetadataForIconTray : org.mozilla.fenix.HomeActivity does not exist in mProviders
09-02 16:11:59.854  3979  4672 D PackageManager: getComponentMetadataForIconTray : org.mozilla.fenix.HomeActivity does not exist in mReceivers
09-02 16:11:59.854  3979  3979 I SamsungAlarmManager: setLocked to kernel - T:2 / 20230902T161207, SetElapsed=109108701, nowELAPSED=109101287
09-02 16:11:59.855  3979  3979 D SamsungAlarmManager: setExact Listener (T:2/F:0/AC:false) 20230902T161203 - CU:1000/CP:3979
09-02 16:11:59.855  3979  3979 I SamsungAlarmManager: setLocked to kernel - T:2 / 20230902T161203, SetElapsed=109104846, nowELAPSED=109101287
09-02 16:11:59.855  4349  4858 D ApplicationPackageManager: updateItemMetaDataForFixedIconScale: package: org.mozilla.firefox
09-02 16:11:59.855  3979  4672 D PackageManager: getSelectedMetaData : packageName(org.mozilla.firefox) or Metadata strings {[Ljava.lang.String;@91e7dbd}
09-02 16:11:59.856  4349  4858 I ApplicationPackageManager: return adaptive icon for org.mozilla.firefox
09-02 16:11:59.859  3979  3979 D SamsungAlarmManager: setExact Listener (T:2/F:0/AC:false) 20230902T161207 - CU:1000/CP:3979
09-02 16:11:59.860  5536  5536 V InputMethodManager: Starting input: tba=android.view.inputmethod.EditorInfo@753c22d nm : com.example.batterymanager_utility ic=null
09-02 16:11:59.860  5536  5536 I InputMethodManager: startInputInner - mService.startInputOrWindowGainedFocus
09-02 16:11:59.861  3979  4670 D InputMethodManagerService: startInputOrWindowGainedFocus : windowGainedFocus 
09-02 16:11:59.861  3979  4670 D InputMethodManagerService: windowGainedFocus: destinationUserId (getCallingUid) = 0
09-02 16:11:59.861  3979  4670 D InputMethodManagerService: windowGainedFocus: currentUserId=0
09-02 16:11:59.861  3979  4670 D InputMethodManagerService: windowGainedFocus: mCurrentFocusedUserId=0
09-02 16:11:59.861  3979  4670 D InputMethodManagerService: windowGainedFocus : lock - currentUserId = 0 destinationUserId = 0
09-02 16:11:59.862  3979  4670 D InputMethodManagerService: windowGainedFocus : mCurrentFocusedUserId - 0 and mSecureKeypadEnabled - false, userSwitched - false
09-02 16:11:59.862  3979  4670 V InputMethodManagerService: windowGainedFocus : reason=WINDOW_FOCUS_GAIN client=android.os.BinderProxy@95c492d inputContext=null missingMethods= attribute=android.view.inputmethod.EditorInfo@9794fb2 nm = com.example.batterymanager_utility controlFlags=#105 softInputMode=#120 windowFlags=#81810100
09-02 16:11:59.862  3979  4670 V InputMethodManagerService: hideCurrentInputLocked : shouldHideSoftInput is false
09-02 16:11:59.862  3979  3979 I SamsungAlarmManager: setLocked to kernel - T:2 / 20230902T161207, SetElapsed=109108701, nowELAPSED=109101294
09-02 16:11:59.863  3979  3979 D SamsungAlarmManager: setExact Listener (T:2/F:0/AC:false) 20230902T161203 - CU:1000/CP:3979
09-02 16:11:59.863  3979  3979 I SamsungAlarmManager: setLocked to kernel - T:2 / 20230902T161203, SetElapsed=109104846, nowELAPSED=109101295
09-02 16:11:59.866  3979  4670 W InputMethodManagerService: Got RemoteException sending setActive(false) notification to pid 5587 uid 10154
09-02 16:11:59.866  3979  3979 D SamsungAlarmManager: setExact Listener (T:2/F:0/AC:false) 20230902T161207 - CU:1000/CP:3979
09-02 16:11:59.866  3979  4670 D InputMethodManagerService: isImeSwitcherDisabledPackage : false
09-02 16:11:59.868  3979  4670 D InputMethodManagerService: setCurrentInputInfo - inputContext : null eidtorInfo : android.view.inputmethod.EditorInfo@9794fb2 missingMethods : 0
09-02 16:11:59.868  3979  4637 I WindowManager: WIN DEATH: Window{d4c0dc6 u0 org.mozilla.firefox/org.mozilla.fenix.HomeActivity}
09-02 16:11:59.868  3979  4637 W InputDispatcher: Attempted to unregister already unregistered input channel
09-02 16:11:59.868  3979  4637 I WindowManager: Destroying surface Surface(name=org.mozilla.firefox/org.mozilla.fenix.HomeActivity) called by com.android.server.wm.WindowStateAnimator.destroySurface:2501 com.android.server.wm.WindowStateAnimator.destroySurfaceLocked:985 com.android.server.wm.WindowState.removeImmediately:2404 com.android.server.wm.WindowState.removeIfPossible:2603 com.android.server.wm.WindowState.-wrap1:0 com.android.server.wm.WindowState$DeathRecipient.binderDied:3142 android.os.BinderProxy.sendDeathNotice:841 <bottom of call stack> 
09-02 16:11:59.869  3462  5840 I SurfaceFlinger: id=3015 Removed org.mozilla.firefox/org.mozilla.fenix.HomeActivity#0 (3/5)
09-02 16:11:59.869  3462  5840 I SurfaceFlinger: id=3015 Removed org.mozilla.firefox/org.mozilla.fenix.HomeActivity#0 (-2/5)
09-02 16:11:59.873  4336  4336 I InputMethodWrapper:  call dispatchStartInputWithToken
09-02 16:11:59.873  4336  4336 I InputMethodService: dispatchStartInputWithToken
09-02 16:11:59.874  4336  4336 I SKBD    : SamsungKeypad [IMI] onStartInput - caller pid : 5536, caller uid : 10157
09-02 16:11:59.874  4336  4336 D InputEventReceiver: channel 'ClientState{59ed9d9 uid 10154 pid 5587} (client)' ~ Disposing input event receiver.
09-02 16:11:59.874  4336  4336 D InputEventReceiver: channel 'ClientState{59ed9d9 uid 10154 pid 5587} (client)' ~NativeInputEventReceiver.
09-02 16:11:59.874  3462  3462 I Layer   : id=3015 onRemoved org.mozilla.firefox/org.mozilla.fenix.HomeActivity#0 
09-02 16:11:59.875  3462  3462 I Layer   : id=3017 onRemoved Background for - SurfaceView - org.mozilla.firefox/org.mozilla.fenix.HomeActivity@ea20f23@0#0 
09-02 16:11:59.876  3462  3462 I Layer   : id=3016 onRemoved SurfaceView - org.mozilla.firefox/org.mozilla.fenix.HomeActivity@ea20f23@0#0 
09-02 16:11:59.880  3979  4004 W ActivityManager: setHasOverlayUi called on unknown pid: 5587
09-02 16:11:59.881  3979  3996 D WindowManager: set systemUiVisibility : systemUiFlags= 0x608 fullscreenStackSysUiFlags= 0x0
09-02 16:11:59.881  3462  3462 I SurfaceFlinger: Display 0 HWC layers:
09-02 16:11:59.881  3462  3462 I SurfaceFlinger:     type    |    handle    | flag |  format   |   source crop (l,t,r,b)    |         frame       | name 
09-02 16:11:59.881  3462  3462 I SurfaceFlinger: ------------+--------------+------+-----------+----------------------------+---------------------+------
09-02 16:11:59.881  3462  3462 I SurfaceFlinger:      Device | 0x7ac4c24240 | 0000 | RGBA_8888 |   0.0    0.0  720.0   42.0 |    0    0  720   42 | StatusBar#0
09-02 16:11:59.881  3462  3462 I SurfaceFlinger: 
09-02 16:11:59.883  3979  4673 D WindowManager: adjustSystemUiVisibilityLw : vis= 0x608
09-02 16:11:59.896 29460 29460 I BgTaskExecutorImpl: (REDACTED) Starting %s background task %s.
09-02 16:11:59.901  3979  4673 V WindowManager: finishDrawingLocked: mDrawState=COMMIT_DRAW_PENDING Window{7352bf3 u0 com.example.batterymanager_utility/com.example.batterymanager_utility.MainActivity} in Surface(name=com.example.batterymanager_utility/com.example.batterymanager_utility.MainActivity)
09-02 16:11:59.921  3462  3462 I SurfaceFlinger: id=3019 createSurf (720x1280),-1 flag=20004, com.example.batterymanager_utility/com.example.batterymanager_utility.MainActivity_dim#0
09-02 16:11:59.930  3462  3462 I SurfaceFlinger: Display 0 HWC layers:
09-02 16:11:59.930  3462  3462 I SurfaceFlinger:     type    |    handle    | flag |  format   |   source crop (l,t,r,b)    |         frame       | name 
09-02 16:11:59.930  3462  3462 I SurfaceFlinger: ------------+--------------+------+-----------+----------------------------+---------------------+------
09-02 16:11:59.930  3462  3462 I SurfaceFlinger:      Client |              | 0000 |  Unknown  |  -0.2   -0.2   -0.8   -0.8 |    0    0  720 1280 | animation background stackId=1#0
09-02 16:11:59.930  3462  3462 I SurfaceFlinger:      Client | 0x7ac4c25740 | 0002 | RGBA_8888 |   0.0    0.0   31.0 1280.0 |  689    0  720 1280 | com.example.batterymanager_utility/c[...]atterymanager_utility.MainActivity#0
09-02 16:11:59.930  3462  3462 I SurfaceFlinger:      Device | 0x7ac4c24d80 | 0000 | RGBA_8888 |   0.0    0.0  720.0   42.0 |    0    0  720   42 | StatusBar#0
09-02 16:11:59.930  3462  3462 I SurfaceFlinger: 
09-02 16:11:59.946  3462  3462 I SurfaceFlinger: Display 0 HWC layers:
09-02 16:11:59.946  3462  3462 I SurfaceFlinger:     type    |    handle    | flag |  format   |   source crop (l,t,r,b)    |         frame       | name 
09-02 16:11:59.946  3462  3462 I SurfaceFlinger: ------------+--------------+------+-----------+----------------------------+---------------------+------
09-02 16:11:59.946  3462  3462 I SurfaceFlinger:      Client |              | 0000 |  Unknown  |   0.0    0.0   -1.0   -1.0 |    0    0  720 1280 | com.example.batterymanager_utility/c[...]rymanager_utility.MainActivity_dim#0
09-02 16:11:59.946  3462  3462 I SurfaceFlinger:      Client |              | 0000 |  Unknown  |  -0.2   -0.2   -0.8   -0.8 |    0    0  720 1280 | animation background stackId=1#0
09-02 16:11:59.946  3462  3462 I SurfaceFlinger:      Client | 0x7ac4c25740 | 0002 | RGBA_8888 |   0.0    0.0   67.0 1280.0 |  653    0  720 1280 | com.example.batterymanager_utility/c[...]atterymanager_utility.MainActivity#0
09-02 16:11:59.946  3462  3462 I SurfaceFlinger:      Device | 0x7ac4c24240 | 0000 | RGBA_8888 |   0.0    0.0  720.0   42.0 |    0    0  720   42 | StatusBar#0
09-02 16:11:59.946  3462  3462 I SurfaceFlinger: 
09-02 16:11:59.954  3979  4111 D MdnieScenarioControlService:  packageName : com.example.batterymanager_utility    className : com.example.batterymanager_utility.MainActivity
09-02 16:11:59.954  3979  4111 V MdnieScenarioControlService: setUIMode from UI function(3)
09-02 16:12:00.000  3979  4067 D SamsungAlarmManager: Expired : 8
09-02 16:12:00.000  3979  4067 V SamsungAlarmManager: Sending to uid : 1000 action=android.intent.action.TIME_TICK alarm=Alarm{803277b type 3 when 109101432 android}
09-02 16:12:00.002 29460  6125 I A       : No corpus to sync.
09-02 16:12:00.005  3979  3979 D SamsungAlarmManager: setExact Intent (T:3/F:1/AC:false) 20230902T161300 - CU:1000/CP:3979
09-02 16:12:00.005  3979  3979 V AlarmManager: ___SyncScheduler (v3) ACTIVATED___
09-02 16:12:00.005  3979  3979 V AlarmManagerEXT: <AppSync3 Whitelist>
09-02 16:12:00.005  3979  3979 V AlarmManagerEXT: (AppSync) com.facebook.services : 900(1020)
09-02 16:12:00.005  3979  3979 V AlarmManagerEXT: (AppSync) ### 1 added ###
09-02 16:12:00.010  3979  3988 I zygote64: NativeAllocBackground concurrent copying GC freed 345297(14MB) AllocSpace objects, 122(2MB) LOS objects, 38% free, 38MB/62MB, paused 501us total 222.767ms
09-02 16:12:00.011  4349  4349 D KeyguardUpdateMonitor: received broadcast android.intent.action.TIME_TICK
09-02 16:12:00.012  4349  4349 D KeyguardServiceBoxContainer: refreshTime() 1
09-02 16:12:00.018  3979  4673 I SamsungAlarmManager: setLocked to kernel - T:2 / 20230902T161207, SetElapsed=109108701, nowELAPSED=109101450
09-02 16:12:00.018  3979  4673 D SamsungAlarmManager: setExact Listener (T:2/F:0/AC:false) 20230902T161203 - CU:1000/CP:3979
09-02 16:12:00.018  3979  4673 I SamsungAlarmManager: setLocked to kernel - T:2 / 20230902T161203, SetElapsed=109104846, nowELAPSED=109101450
09-02 16:12:00.023  3979  4673 D SamsungAlarmManager: setExact Listener (T:2/F:0/AC:false) 20230902T161207 - CU:1000/CP:3979
09-02 16:12:00.023  3979  4673 D ConnectivityService: filterNetworkStateForUid() uid: 10076 networkInfo: [type: WIFI[] - WIFI, state: CONNECTED/CONNECTED, reason: (unspecified), extra: "WiFi 69", failover: false, available: true, roaming: false, metered: false]
09-02 16:12:00.030  4349  4349 D KeyguardUpdateMonitor: handleStatusBarState( false )
09-02 16:12:00.066  4349  4349 D KeyguardUpdateMonitor: handleStatusBarState( false )
09-02 16:12:00.136  3979  4051 D SensorService: [SO] 0.062 -0.407 9.831
09-02 16:12:00.151  7881  4225 E fb4a.msys: E[N data-request]_HandleDataResponse(1782)=>Data request error for task 22e8374d-d838-4568-9022-00ffc322281a (response type 1): (null)
09-02 16:12:00.151  7881  4229 E fb4a.msys: E[S task_queue_handling]MCDLightSpeedTaskExecutorNetworkCompletionCallback(1017)=>Handling send error for taskId=6 batchSize=1 queue=secure_message_over_wa_generate_cat
09-02 16:12:00.152  7881  4229 E fb4a.msys: E[S task_queue_handling]MCDLightSpeedTaskExecutorNetworkCompletionCallback(1071)=>Error content with 18 bytes: Error Domain=com.facebook.http.error Code=401 UserInfo=0xc91e2200 {MCFErrorDirectLocalizedDescriptionKey=Client error}
09-02 16:12:00.154  7881  5164 E fb4a.T157805820: TigonMhrLogger::logRequestIfNeeded
09-02 16:12:00.154  7881  5164 E fb4a.T157805820: TigonWifiInfoLogger::init
09-02 16:12:00.154  7881  5164 E fb4a.T157805820: TigonMhrFbcLogger::logRequestIfNeeded
09-02 16:12:00.154  7881  5164 E fb4a.T157805820: TigonCellTowerInfoLogger::logRequestIfNeeded
09-02 16:12:00.154  7881  5164 E fb4a.T157805820: TigonCertificateVerificationLogger::logRequestIfNeeded
09-02 16:12:00.154  7881  5164 E fb4a.T157805820: TigonTransientAnalysisLogger::logRequestIfNeeded
09-02 16:12:00.154  7881  5164 E fb4a.T157805820: TigonProviderConnectionDeviceInfoLogger::logRequestIfNeeded
09-02 16:12:00.155  7881  5164 E fb4a.T157805820: TigonCellTowerInfoPapayaLogger::logRequestIfNeeded
09-02 16:12:00.155  7881  5164 E fb4a.T157805820: NetworkUtilisationLogger::logRequestIfNeeded
09-02 16:12:00.296  3462  3462 I SurfaceFlinger: Display 0 HWC layers:
09-02 16:12:00.296  3462  3462 I SurfaceFlinger:     type    |    handle    | flag |  format   |   source crop (l,t,r,b)    |         frame       | name 
09-02 16:12:00.296  3462  3462 I SurfaceFlinger: ------------+--------------+------+-----------+----------------------------+---------------------+------
09-02 16:12:00.296  3462  3462 I SurfaceFlinger:      Device | 0x7ac4c25740 | 0002 | RGBA_8888 |   0.0    0.0  720.0 1280.0 |    0    0  720 1280 | com.example.batterymanager_utility/c[...]atterymanager_utility.MainActivity#0
09-02 16:12:00.296  3462  3462 I SurfaceFlinger:      Device | 0x7ac4c24240 | 0000 | RGBA_8888 |   0.0    0.0  720.0   42.0 |    0    0  720   42 | StatusBar#0
09-02 16:12:00.296  3462  3462 I SurfaceFlinger: 
09-02 16:12:00.310  3979  4046 I WindowManager: Destroying surface Surface(name=com.example.batterymanager_utility/com.example.batterymanager_utility.MainActivity_dim) called by com.android.server.wm.WindowStateAnimator.destroyTransitionDimSurface:2733 com.android.server.wm.WindowState.onExitAnimationDone:5260 com.android.server.wm.AppWindowAnimator.stepAnimationLocked:508 com.android.server.wm.AppWindowToken.stepAppWindowsAnimation:1659 com.android.server.wm.WindowContainer.stepAppWindowsAnimation:521 com.android.server.wm.WindowContainer.stepAppWindowsAnimation:521 com.android.server.wm.TaskStack.stepAppWindowsAnimation:1948 com.android.server.wm.WindowContainer.stepAppWindowsAnimation:521 
09-02 16:12:00.310  3462  4087 I SurfaceFlinger: id=3019 Removed com.example.batterymanager_utility/com.example.batterymanager_utility.MainActivity_dim#0 (1/5)
09-02 16:12:00.311  3462  4087 I SurfaceFlinger: id=3019 Removed com.example.batterymanager_utility/com.example.batterymanager_utility.MainActivity_dim#0 (-2/5)
09-02 16:12:00.312  3979  4004 D CustomFrequencyManagerService: releaseDVFSLockLocked : Getting Lock type frm List : DVFS_MIN_LIMIT  frequency : 1560000  uid : 1000  pid : 3979  tag : AMS_ACT_RESUME@CPU_MIN@70
09-02 16:12:00.312  3979  4004 D ActivityManagerPerformance: AMP_release() ACT_RESUME
09-02 16:12:00.325  3462  3462 I Layer   : id=3019 onRemoved com.example.batterymanager_utility/com.example.batterymanager_utility.MainActivity_dim#0 
09-02 16:12:00.959  3449  3449 I android.hardware.wifi@1.0-service: getLinkLayerStats
09-02 16:12:01.670  4962  4962 D io_stats: !@ 179,0 r 683812 20575116 w 499788 10597768 d 54090 20101972 f 126820 129931 iot 602076 507170 th 51200 0 0 pt 0 inp 0 0 54454.914
09-02 16:12:01.724  3979  3979 D PreBindingService: handleMessage : 1
09-02 16:12:01.778  3979  4637 D ConnectivityService: filterNetworkStateForUid() uid: 10102 networkInfo: [type: WIFI[] - WIFI, state: CONNECTED/CONNECTED, reason: (unspecified), extra: "WiFi 69", failover: false, available: true, roaming: false, metered: false]
09-02 16:12:01.784  7881  7881 E fb4a.Execution: Redirecting MSYS Execution scheduling from the UI thread to a custom executor
09-02 16:12:01.788  3614  3927 D DnsProxyListener: DNSDBG::dns addrinfo af 2
09-02 16:12:01.841  7881  5164 D omnistore_android_logger: DebouncingRateLimiter attempting event SyncProtocol::onConnectionEstablished
09-02 16:12:01.841  7881  5164 D omnistore_android_logger: AlarmManager::startAlarmTimer for key=SyncProtocol::onConnectionEstablished, it will NOT wake up main thread to reschedule
09-02 16:12:01.841  7881  5164 W omnistore_android_logger: Event SyncProtocol::onConnectionEstablished rate limited for 9917 ms
09-02 16:12:01.844  7881  7881 E fb4a.Execution: Redirecting MSYS Execution scheduling from the UI thread to a custom executor
09-02 16:12:01.877  7881  4231 E fb4a.msys: E[N MQTT]readEOF(124)=>TCPStreamTransport readEOF
09-02 16:12:01.877  7881  4231 E fb4a.msys: E[N MQTT]onEOF(699)=>LigerBasedStreamTransport onEOF
09-02 16:12:01.887  7881  4258 E fb4a.FBMsysMqttClientCallbacks: onPublish, onFailure, msgId = 215, error = 2003
09-02 16:12:01.888  7881  4258 E fb4a.FBMsysMqttClientCallbacks: onPublish, onFailure, msgId = 214, error = 2003
09-02 16:12:01.889  7881  4258 E fb4a.FBMsysMqttClientCallbacks: onPublish, onFailure, msgId = 213, error = 2003
09-02 16:12:01.890  7881  4258 E fb4a.FBMsysMqttClientCallbacks: onPublish, onFailure, msgId = 212, error = 2003
09-02 16:12:01.891  7881  4258 E fb4a.FBMsysMqttClientCallbacks: onPublish, onFailure, msgId = 211, error = 2003
09-02 16:12:01.892  3979  4673 D ConnectivityService: filterNetworkStateForUid() uid: 10102 networkInfo: [type: WIFI[] - WIFI, state: CONNECTED/CONNECTED, reason: (unspecified), extra: "WiFi 69", failover: false, available: true, roaming: false, metered: false]
09-02 16:12:01.895  7881  4225 E fb4a.msys: E[N rtchannel]_rt_mqtt_bridge_bootstrap_callback(967)=>Failed to boot stap bridged mqtt channel.  RT error code:2003 token:215
09-02 16:12:01.896  7881  4225 E fb4a.msys: E[N rtchannel]_rt_mqtt_bridge_bootstrap_callback(967)=>Failed to boot stap bridged mqtt channel.  RT error code:2003 token:214
09-02 16:12:01.897  7881  7881 W fb4a.MobileConfigFactoryImpl: SESSIONLESS factory used for 2 param
09-02 16:12:01.897  7881  4225 E fb4a.msys: E[N rtchannel]_rt_mqtt_bridge_bootstrap_callback(967)=>Failed to boot stap bridged mqtt channel.  RT error code:2003 token:213
09-02 16:12:01.897  7881  4225 E fb4a.msys: E[N rtchannel]_rt_mqtt_bridge_bootstrap_callback(967)=>Failed to boot stap bridged mqtt channel.  RT error code:2003 token:212
09-02 16:12:01.897  7881  4225 E fb4a.msys: E[N rtchannel]_rt_mqtt_bridge_bootstrap_callback(967)=>Failed to boot stap bridged mqtt channel.  RT error code:2003 token:211
09-02 16:12:01.898  7881  7881 E fb4a.Execution: Redirecting MSYS Execution scheduling from the UI thread to a custom executor
09-02 16:12:01.908  7881  4229 E fb4a.msys: E[S sync]_createResponseError(195)=>Network Response 52e7f772-1cb3-40da-9ce1-76ed160d1eb0 contains sync error Error Domain=mqtt Code=2002 - Underlying error (null): Error Domain=mqtt Code=2002
09-02 16:12:01.922  7881  4229 E fb4a.msys: E[S sync]_createResponseError(195)=>Network Response e2bf5734-acee-4235-b32d-958ca268f969 contains sync error Error Domain=mqtt Code=2002 - Underlying error (null): Error Domain=mqtt Code=2002
09-02 16:12:01.928  7881  5289 E fb4a.T157805820: TigonMhrLogger::logRequestIfNeeded
09-02 16:12:01.928  7881  5289 E fb4a.T157805820: TigonWifiInfoLogger::init
09-02 16:12:01.928  7881  5289 E fb4a.T157805820: TigonMhrFbcLogger::logRequestIfNeeded
09-02 16:12:01.928  7881  4225 E fb4a.msys: E[N data-request]_HandleDataResponse(1782)=>Data request error for task 04357d37-cd7f-4e01-ad13-8397e3887d62 (response type 1): (null)
09-02 16:12:01.928  7881  5289 E fb4a.T157805820: TigonCellTowerInfoLogger::logRequestIfNeeded
09-02 16:12:01.928  7881  5289 E fb4a.T157805820: TigonCertificateVerificationLogger::logRequestIfNeeded
09-02 16:12:01.928  7881  5289 E fb4a.T157805820: TigonTransientAnalysisLogger::logRequestIfNeeded
09-02 16:12:01.929  7881  5289 E fb4a.T157805820: TigonProviderConnectionDeviceInfoLogger::logRequestIfNeeded
09-02 16:12:01.929  7881  5289 E fb4a.T157805820: TigonCellTowerInfoPapayaLogger::logRequestIfNeeded
09-02 16:12:01.929  7881  5289 E fb4a.T157805820: NetworkUtilisationLogger::logRequestIfNeeded
09-02 16:12:01.931  7881  4229 E fb4a.msys: E[S sync]_createResponseError(195)=>Network Response 04357d37-cd7f-4e01-ad13-8397e3887d62 contains sync error Error Domain=com.facebook.http.error Code=401 UserInfo=0xbad48a00 {MCFErrorDirectLocalizedDescriptionKey=Client error} - Underlying error (null): Error Domain=com.facebook.http.error Code=401 UserInfo=0xbad48a00 {MCFErrorDirectLocalizedDescriptionKey=Client error}
09-02 16:12:01.935  7881  4258 E fb4a.T157805820: TigonMhrLogger::logRequestIfNeeded
09-02 16:12:01.935  7881  4225 E fb4a.msys: E[N data-request]_HandleDataResponse(1782)=>Data request error for task adc3cbfc-3a30-4258-a226-12ab8e6db6f7 (response type 1): (null)
09-02 16:12:01.935  7881  4258 E fb4a.T157805820: TigonWifiInfoLogger::init
09-02 16:12:01.936  7881  4258 E fb4a.T157805820: TigonMhrFbcLogger::logRequestIfNeeded
09-02 16:12:01.936  7881  4258 E fb4a.T157805820: TigonCellTowerInfoLogger::logRequestIfNeeded
09-02 16:12:01.936  7881  4258 E fb4a.T157805820: TigonCertificateVerificationLogger::logRequestIfNeeded
09-02 16:12:01.936  7881  4258 E fb4a.T157805820: TigonTransientAnalysisLogger::logRequestIfNeeded
09-02 16:12:01.936  7881  4258 E fb4a.T157805820: TigonProviderConnectionDeviceInfoLogger::logRequestIfNeeded
09-02 16:12:01.937  7881  4258 E fb4a.T157805820: TigonCellTowerInfoPapayaLogger::logRequestIfNeeded
09-02 16:12:01.937  7881  4258 E fb4a.T157805820: NetworkUtilisationLogger::logRequestIfNeeded
09-02 16:12:01.939  7881  4229 E fb4a.msys: E[S sync]_createResponseError(195)=>Network Response adc3cbfc-3a30-4258-a226-12ab8e6db6f7 contains sync error Error Domain=com.facebook.http.error Code=401 UserInfo=0xbc8b3700 {MCFErrorDirectLocalizedDescriptionKey=Client error} - Underlying error (null): Error Domain=com.facebook.http.error Code=401 UserInfo=0xbc8b3700 {MCFErrorDirectLocalizedDescriptionKey=Client error}
09-02 16:12:01.961  7881  8242 E fb4a.T157805820: TigonMhrLogger::logRequestIfNeeded
09-02 16:12:01.961  7881  8242 E fb4a.T157805820: TigonWifiInfoLogger::init
09-02 16:12:01.961  7881  8242 E fb4a.T157805820: TigonMhrFbcLogger::logRequestIfNeeded
09-02 16:12:01.962  7881  8242 E fb4a.T157805820: TigonCellTowerInfoLogger::logRequestIfNeeded
09-02 16:12:01.962  7881  8242 E fb4a.T157805820: TigonCertificateVerificationLogger::logRequestIfNeeded
09-02 16:12:01.962  7881  8242 E fb4a.T157805820: TigonTransientAnalysisLogger::logRequestIfNeeded
09-02 16:12:01.962  7881  8242 E fb4a.T157805820: TigonProviderConnectionDeviceInfoLogger::logRequestIfNeeded
09-02 16:12:01.967  7881  8242 E fb4a.T157805820: TigonCellTowerInfoPapayaLogger::logRequestIfNeeded
09-02 16:12:01.967  7881  8242 E fb4a.T157805820: NetworkUtilisationLogger::logRequestIfNeeded
09-02 16:12:01.993  7881  5289 E fb4a.T157805820: TigonMhrLogger::logRequestIfNeeded
09-02 16:12:01.993  7881  5289 E fb4a.T157805820: TigonWifiInfoLogger::init
09-02 16:12:01.993  7881  4225 E fb4a.msys: E[N data-request]_HandleDataResponse(1782)=>Data request error for task 55180678-0bb2-4b84-9f4c-f4c969a92d93 (response type 1): (null)
09-02 16:12:01.993  7881  5289 E fb4a.T157805820: TigonMhrFbcLogger::logRequestIfNeeded
09-02 16:12:01.993  7881  5289 E fb4a.T157805820: TigonCellTowerInfoLogger::logRequestIfNeeded
09-02 16:12:01.993  7881  5289 E fb4a.T157805820: TigonCertificateVerificationLogger::logRequestIfNeeded
09-02 16:12:01.993  7881  5289 E fb4a.T157805820: TigonTransientAnalysisLogger::logRequestIfNeeded
09-02 16:12:01.993  7881  5289 E fb4a.T157805820: TigonProviderConnectionDeviceInfoLogger::logRequestIfNeeded
09-02 16:12:01.993  7881  5289 E fb4a.T157805820: TigonCellTowerInfoPapayaLogger::logRequestIfNeeded
09-02 16:12:01.993  7881  5289 E fb4a.T157805820: NetworkUtilisationLogger::logRequestIfNeeded
09-02 16:12:01.994  7881  4229 E fb4a.msys: E[S sync]_createResponseError(195)=>Network Response 55180678-0bb2-4b84-9f4c-f4c969a92d93 contains sync error Error Domain=com.facebook.http.error Code=401 UserInfo=0xc91e2000 {MCFErrorDirectLocalizedDescriptionKey=Client error} - Underlying error (null): Error Domain=com.facebook.http.error Code=401 UserInfo=0xc91e2000 {MCFErrorDirectLocalizedDescriptionKey=Client error}
09-02 16:12:02.070  7881  5493 E fb4a.T157805820: TigonMhrLogger::logRequestIfNeeded
09-02 16:12:02.070  7881  5493 E fb4a.T157805820: TigonWifiInfoLogger::init
09-02 16:12:02.070  7881  4225 E fb4a.msys: E[N data-request]_HandleDataResponse(1782)=>Data request error for task 69ccf74a-4e41-4382-af3c-09199fe84d6e (response type 1): (null)
09-02 16:12:02.070  7881  5493 E fb4a.T157805820: TigonMhrFbcLogger::logRequestIfNeeded
09-02 16:12:02.071  7881  5493 E fb4a.T157805820: TigonCellTowerInfoLogger::logRequestIfNeeded
09-02 16:12:02.071  7881  5493 E fb4a.T157805820: TigonCertificateVerificationLogger::logRequestIfNeeded
09-02 16:12:02.071  7881  5493 E fb4a.T157805820: TigonTransientAnalysisLogger::logRequestIfNeeded
09-02 16:12:02.071  7881  5493 E fb4a.T157805820: TigonProviderConnectionDeviceInfoLogger::logRequestIfNeeded
09-02 16:12:02.071  7881  5493 E fb4a.T157805820: TigonCellTowerInfoPapayaLogger::logRequestIfNeeded
09-02 16:12:02.071  7881  5493 E fb4a.T157805820: NetworkUtilisationLogger::logRequestIfNeeded
09-02 16:12:02.074  7881  4229 E fb4a.msys: E[S sync]_createResponseError(195)=>Network Response 69ccf74a-4e41-4382-af3c-09199fe84d6e contains sync error Error Domain=com.facebook.http.error Code=401 UserInfo=0xc7ac7f00 {MCFErrorDirectLocalizedDescriptionKey=Client error} - Underlying error (null): Error Domain=com.facebook.http.error Code=401 UserInfo=0xc7ac7f00 {MCFErrorDirectLocalizedDescriptionKey=Client error}
09-02 16:12:02.288  3979  4484 E Watchdog: !@Sync 1814 [2023-09-02 16:12:02.288]
09-02 16:12:02.822 14031 14031 E adbd    : recv: OPEN 00022bd8 00000000 0042:73 68 65 6C 6C 2C 76 32 2C 54 45 52 4D 3D 78 74 65 72 6D 2D 32 35 36 63 6F 6C 6F 72 2C 72 61 77 3A 67 65 74 70 72 6F 70 20 72 6F 2E 62 75 69 6C 64 2E 76 65 72 73 69 6F 6E 2E 72 65 6C 65 61 73 65 00 
09-02 16:12:02.822 14031 14031 E adbd    : service_to_fd: shell,v2,TERM=xterm-256color,raw:getprop ro.build.version.release
09-02 16:12:02.903 14031 14031 E adbd    : recv: OPEN 00022bdb 00000000 003e:73 68 65 6C 6C 2C 76 32 2C 54 45 52 4D 3D 78 74 65 72 6D 2D 32 35 36 63 6F 6C 6F 72 2C 72 61 77 3A 67 65 74 70 72 6F 70 20 72 6F 2E 62 75 69 6C 64 2E 76 65 72 73 69 6F 6E 2E 73 64 6B 00 
09-02 16:12:02.903 14031 14031 E adbd    : service_to_fd: shell,v2,TERM=xterm-256color,raw:getprop ro.build.version.sdk
09-02 16:12:02.977 14031 14031 E adbd    : recv: OPEN 00022bde 00000000 0052:73 68 65 6C 6C 2C 76 32 2C 54 45 52 4D 3D 78 74 65 72 6D 2D 32 35 36 63 6F 6C 6F 72 2C 72 61 77 3A 61 6D 20 66 6F 72 63 65 2D 73 74 6F 70 20 63 6F 6D 2E 65 78 61 6D 70 6C 65 2E 62 61 74 74 65 72 79 6D 61 6E 61 67 65 72 5F 75 74 69 6C 69 74 79 00 
09-02 16:12:02.977 14031 14031 E adbd    : service_to_fd: shell,v2,TERM=xterm-256color,raw:am force-stop com.example.batterymanager_utility
09-02 16:12:03.046  3979  4673 I ActivityManager: Force stopping com.example.batterymanager_utility appid=10157 user=0: from pid 6140
09-02 16:12:03.046  3979  4673 I ActivityManager: Killing 5536:com.example.batterymanager_utility/u0a157 (adj 0): stop com.example.batterymanager_utility,from pid 6140
09-02 16:12:03.047  3979  4673 W ActivityManager: Force removing ActivityRecord{2a5d368 u0 com.example.batterymanager_utility/.MainActivity t865}: app died, no saved state
09-02 16:12:03.054  3979  4673 D InputDispatcher: Focus left window: 5536
09-02 16:12:03.056  3979  4673 I WindowManager: Failed to capture screenshot of Token{174e381 ActivityRecord{2a5d368 u0 com.example.batterymanager_utility/.MainActivity t865 f}} appWin=Window{7352bf3 u0 com.example.batterymanager_utility/com.example.batterymanager_utility.MainActivity} drawState=4
09-02 16:12:03.056  3979  4673 D TaskSnapshotCache: removeRunningEntry taskId=865 RunningCache size=3
09-02 16:12:03.056  3979  4673 I WindowManager: Destroying surface Surface(name=com.example.batterymanager_utility/com.example.batterymanager_utility.MainActivity) called by com.android.server.wm.WindowStateAnimator.destroySurface:2501 com.android.server.wm.WindowStateAnimator.destroySurfaceLocked:985 com.android.server.wm.WindowState.removeImmediately:2404 com.android.server.wm.WindowState.removeIfPossible:2603 com.android.server.wm.WindowState.removeIfPossible:2433 com.android.server.wm.WindowToken.removeAllWindowsIfPossible:143 com.android.server.wm.AppWindowToken.removeIfPossible:606 com.android.server.wm.AppWindowToken.onRemovedFromDisplay:674 
09-02 16:12:03.057  3462  4087 I SurfaceFlinger: id=3018 Removed com.example.batterymanager_utility/com.example.batterymanager_utility.MainActivity#0 (1/4)
09-02 16:12:03.057  3462  4087 I SurfaceFlinger: id=3018 Removed com.example.batterymanager_utility/com.example.batterymanager_utility.MainActivity#0 (-2/4)
09-02 16:12:03.061  3979  4673 D InputDispatcher: Focused application released
09-02 16:12:03.062  3462  3462 I Layer   : id=3018 onRemoved com.example.batterymanager_utility/com.example.batterymanager_utility.MainActivity#0 
09-02 16:12:03.062  3979  4673 W MultiScreenManagerService: moveTaskBackToDisplayIfNeeded(): root activity or app is null, task=TaskRecord{907d6e4d0 #865 A=com.example.batterymanager_utility U=0 StackId=1 sz=0}, rootActivity=null
09-02 16:12:03.062  3979  3979 D MdnieScenarioControlService: Listener Real Multi Window State : true
09-02 16:12:03.066  3462  3462 I SurfaceFlinger: Display 0 HWC layers:
09-02 16:12:03.066  3462  3462 I SurfaceFlinger:     type    |    handle    | flag |  format   |   source crop (l,t,r,b)    |         frame       | name 
09-02 16:12:03.066  3462  3462 I SurfaceFlinger: ------------+--------------+------+-----------+----------------------------+---------------------+------
09-02 16:12:03.066  3462  3462 I SurfaceFlinger:      Device | 0x7ac4c24240 | 0000 | RGBA_8888 |   0.0    0.0  720.0   42.0 |    0    0  720   42 | StatusBar#0
09-02 16:12:03.066  3462  3462 I SurfaceFlinger: 
09-02 16:12:03.071  3979  4673 D CustomFrequencyManagerService: acquireDVFSLockLocked : type : DVFS_MIN_LIMIT  frequency : 1560000  uid : 1000  pid : 3979  pkgName : AMS_APP_HOME@CPU_MIN@59
09-02 16:12:03.072  3979  4673 D ActivityManagerPerformance: AMP_acquire() HOME
09-02 16:12:03.073  3979  4673 D PersonaManagerService: Current focused persona service handled id set to : 0
09-02 16:12:03.073  3979  4673 D InputDispatcher: Focused application set to: xxxx
09-02 16:12:03.076  3979  4673 V WindowManager: rotationForOrientationLw(orient=5, last=0); user=0  sensorRotation=-1 mLidState=-1 mDockMode=0 mHdmiPlugged=false
09-02 16:12:03.078  3979  4238 D GameManagerService: handleForegroundChange(). pkgName: com.sec.android.app.launcher, clsName: com.android.launcher3.Launcher,FgActivityName:com.sec.android.app.launcher/com.android.launcher3.Launcher
09-02 16:12:03.079  3979  4238 D GameManagerService: sem_perfomance_mode: 3
09-02 16:12:03.079  5213  5213 I Launcher: onWindowVisibilityChanged : false
09-02 16:12:03.079  3979  4238 D GameManagerService: notifyResumePause(). pkg: com.sec.android.app.launcher, type: 4, isMinimized: false, isTunableApp: false
09-02 16:12:03.079  3979  4238 D GameManagerService:   notifyResumePause(). unexpected mPrevNotiType: -1
09-02 16:12:03.079  3979  4673 D MARsPolicyManager: onPackageResumedFG pkgName = com.sec.android.app.launcher, userId = 0
09-02 16:12:03.080  3979  4637 V WindowManager: Relayout Window{7215288 u0 com.sec.android.app.launcher/com.sec.android.app.launcher.activities.LauncherActivity}: viewVisibility=4 req=720x1280 WM.LayoutParams{(0,0)(fillxfill) sim=#130 ty=1 fl=#81910d00 pfl=0x20000 fmt=-2 wanim=0x10302ea vsysui=0x700 needsMenuKey=2 colorMode=0 dimDuration=100 naviIconColor=0}
09-02 16:12:03.084  5213  5213 D ViewRootImpl@8c524b3[LauncherActivity]: Relayout returned: old=[0,0][720,1280] new=[0,0][720,1280] result=0x1 surface={valid=false 0} changed=false
09-02 16:12:03.085  5213  5213 D HomeContainer: setAlpha : 1.0
09-02 16:12:03.090  5213  5213 V Launcher: Launcher.onResume()
09-02 16:12:03.090  3979  3979 D SamsungAlarmManager: Remove alarm for next reason : android.intent.action.PACKAGE_RESTARTED : package: com.example.batterymanager_utility
09-02 16:12:03.094  4633  4633 D CarrierSvcBindHelper: No carrier app for: 0
09-02 16:12:03.094  3979  3995 W BroadcastQueue: Background execution not allowed: receiving Intent { act=android.intent.action.PACKAGE_RESTARTED dat=package:com.example.batterymanager_utility flg=0x10 (has extras) } to android/com.kddi.android.CpaNotiReceiver
09-02 16:12:03.095  3979  3995 W BroadcastQueue: Background execution not allowed: receiving Intent { act=android.intent.action.PACKAGE_RESTARTED dat=package:com.example.batterymanager_utility flg=0x10 (has extras) } to com.sec.android.daemonapp/com.samsung.android.weather.daemon.receiver.ClearDataReceiver
09-02 16:12:03.095  4633  4633 D CarrierSvcBindHelper: No carrier app for: 1
09-02 16:12:03.098  3979  6899 D GamePkgDataHelper: getGamePkgDataIncServer(). com.sec.android.app.launcher
09-02 16:12:03.099  3979  6899 D GameManagerService: identifyGamePackage. com.sec.android.app.launcher
09-02 16:12:03.099  3979  6899 D GamePkgDataHelper: getGamePkgData(). com.sec.android.app.launcher
09-02 16:12:03.100  3979  6899 D GameManagerService: identifyGamePackage. com.sec.android.app.launcher
09-02 16:12:03.100  3979  6899 D GamePkgDataHelper: getGamePkgData(). com.sec.android.app.launcher
09-02 16:12:03.100  3979  6899 D GamePkgDataHelper: getSosPolicy(). com.sec.android.app.launcher
09-02 16:12:03.100  3979  6899 D GameManagerService: identifyGamePackage. com.sec.android.app.launcher
09-02 16:12:03.101  3979  6899 D GamePkgDataHelper: getGamePkgData(). com.sec.android.app.launcher
09-02 16:12:03.101  3979  6899 D GameManagerService: identifyGamePackage. com.sec.android.app.launcher
09-02 16:12:03.101  3979  6899 D GamePkgDataHelper: getGamePkgData(). com.sec.android.app.launcher
09-02 16:12:03.102  5213  5213 D ExternalMethodQueue: Getting and clearing EXTERNAL_METHOD_LIST: null
09-02 16:12:03.102  5213  5213 D Launcher.HomeController: onResume HomeContainer current alpha = 1.0
09-02 16:12:03.102  5213  5213 D AppsCustomAdapter: notifyUpdate : com.android.launcher3.Launcher@110cd72
09-02 16:12:03.102  5213  5302 I LauncherAppWidgetInfo: reinflateWidgetsIfNecessary, Not required: AppWidget(id=2)
09-02 16:12:03.102  5213  5213 D AppsDragController: needDeferToBind : true , false
09-02 16:12:03.102  5213  5302 I LauncherAppWidgetInfo: reinflateWidgetsIfNecessary, Not required: AppWidget(id=3)
09-02 16:12:03.105  5117  5117 I GsaVoiceInteractionSrv: Handling ACTION_START_HOTWORD
09-02 16:12:03.105  5117  5377 I GsaVoiceInteractionSrv: (REDACTED) disregardVoiceMatch: %b
09-02 16:12:03.106  5117  5377 I GsaVoiceInteractionSrv: Cannot start hotword, hotword has been explicitly disabled.
09-02 16:12:03.107  3979  4637 D Notification: allPendingIntents
09-02 16:12:03.108  3979  4637 I chatty  : uid=1000(system) Binder:3979_8 identical 5 lines
09-02 16:12:03.108  3979  4637 D Notification: allPendingIntents
09-02 16:12:03.108  3979  9339 D ActivityManager: post active user change for 0 fullscreen true isHomeActivity() true
09-02 16:12:03.108  3979  4637 D Notification: allPendingIntents
09-02 16:12:03.108  3979  9339 I WallpaperManagerService: switchPersonaWallpaper is called for personaId-0
09-02 16:12:03.108  3979  3979 D WallpaperManagerService:  force update = false; persona id = 0; current user =0; current persona = 0
09-02 16:12:03.109  3979  4637 I chatty  : uid=1000(system) Binder:3979_8 identical 2 lines
09-02 16:12:03.109  3979  4637 D Notification: allPendingIntents
09-02 16:12:03.109  5213  5213 I Launcher: onWindowVisibilityChanged : true
09-02 16:12:03.110  3979  4637 V WindowManager: Relayout Window{7215288 u0 com.sec.android.app.launcher/com.sec.android.app.launcher.activities.LauncherActivity}: viewVisibility=0 req=720x1280 WM.LayoutParams{(0,0)(fillxfill) sim=#130 ty=1 fl=#81910d00 pfl=0x20000 fmt=-2 wanim=0x10302ea vsysui=0x700 needsMenuKey=2 colorMode=0 dimDuration=100 naviIconColor=0}
09-02 16:12:03.111  3462  3462 I SurfaceFlinger: id=3020 createSurf (720x1280),1 flag=4, com.sec.android.app.launcher/com.sec.android.app.launcher.activities.LauncherActivity#0
09-02 16:12:03.112  3979  4637 V Surface : sf_framedrop debug : 0x4f4c, game : false, logging : 0
09-02 16:12:03.112  3979  9339 D Notification: allPendingIntents
09-02 16:12:03.113  3979  3996 D WindowManager: set systemUiVisibility : systemUiFlags= 0x708 fullscreenStackSysUiFlags= 0x0
09-02 16:12:03.115  3979  4637 D InputDispatcher: Focus entered window: 5213
09-02 16:12:03.115 14031 14031 E adbd    : recv: OPEN 00022be1 00000000 0042:73 68 65 6C 6C 2C 76 32 2C 54 45 52 4D 3D 78 74 65 72 6D 2D 32 35 36 63 6F 6C 6F 72 2C 72 61 77 3A 67 65 74 70 72 6F 70 20 72 6F 2E 62 75 69 6C 64 2E 76 65 72 73 69 6F 6E 2E 72 65 6C 65 61 73 65 00 
09-02 16:12:03.115 14031 14031 E adbd    : service_to_fd: shell,v2,TERM=xterm-256color,raw:getprop ro.build.version.release
09-02 16:12:03.116  3979  9339 D WindowManager: adjustSystemUiVisibilityLw : vis= 0x708
09-02 16:12:03.117  5213  5213 V Surface : sf_framedrop debug : 0x4f4c, game : false, logging : 0
09-02 16:12:03.117  5213  5213 D ViewRootImpl@8c524b3[LauncherActivity]: Relayout returned: old=[0,0][720,1280] new=[0,0][720,1280] result=0x7 surface={valid=true 535746457600} changed=true
09-02 16:12:03.120  3979  4004 W ActivityManager: setHasOverlayUi called on unknown pid: 5536
09-02 16:12:03.122  4336  4336 D InputEventReceiver: channel 'ClientState{e8567dc uid 10157 pid 5536} (client)' ~ Disposing input event receiver.
09-02 16:12:03.122  4336  4336 D InputEventReceiver: channel 'ClientState{e8567dc uid 10157 pid 5536} (client)' ~NativeInputEventReceiver.
09-02 16:12:03.123  5213  5479 D mali_winsys: EGLint new_window_surface(egl_winsys_display *, void *, EGLSurface, EGLConfig, egl_winsys_surface **, egl_color_buffer_format *, EGLBoolean) returns 0x3000,  [720x1280]-format:1
09-02 16:12:03.123  5213  5479 D OpenGLRenderer: eglCreateWindowSurface = 0x7c95043f40
09-02 16:12:03.123  5213  5302 D Notification.Badge: [filtered] shouldBeFilteredOut().mTempRanking.canShowBadge[false], [sbn : StatusBarNotification(pkg=com.samsung.android.timezone.autoupdate_O user=UserHandle{0} id=1 tag=null key=0|com.samsung.android.timezone.autoupdate_O|1|null|10072: Notification(channel=TimeZoneUpdaterO pri=0 contentView=null vibrate=default sound=default defaults=0xffffffff flags=0x11 color=0x00000000 actions=2 number=0 vis=PRIVATE semFlags=0x0 semPriority=0 semMissedCount=0))]
09-02 16:12:03.124  5213  5302 D Notification.Badge: [filtered] shouldBeFilteredOut().isGroupHeader[true], missingTitleAndText[true], [sbn : StatusBarNotification(pkg=com.android.vending user=UserHandle{0} id=2147483647 tag=ranker_group key=0|com.android.vending|2147483647|ranker_group|10044|ranker_group: Notification(channel=maintenance-v2 pri=0 contentView=null vibrate=null sound=null defaults=0x0 flags=0x700 color=0xff01875f groupKey=ranker_group number=0 vis=PRIVATE semFlags=0x0 semPriority=0 semMissedCount=0))]
09-02 16:12:03.125  5213  5302 D Notification.Badge: [filtered] shouldBeFilteredOut().mTempRanking.canShowBadge[false], [sbn : StatusBarNotification(pkg=com.android.settings user=UserHandle{0} id=2354 tag=null key=0|com.android.settings|2354|null|1000: Notification(channel=DeviceMaintenanceNoBadge pri=0 contentView=null vibrate=null sound=null defaults=0x0 flags=0x110 color=0xff7ccbe2 actions=1 number=0 vis=PRIVATE semFlags=0x0 semPriority=0 semMissedCount=0))]
09-02 16:12:03.125  5213  5302 D Notification.Badge: [filtered] shouldBeFilteredOut().mTempRanking.canShowBadge[false], [sbn : StatusBarNotification(pkg=com.android.systemui user=UserHandle{-1} id=2131362729 tag=full_battery key=-1|com.android.systemui|2131362729|full_battery|10009: Notification(channel=FBT pri=-2 contentView=null vibrate=null sound=null tick defaults=0x0 flags=0xa color=0xff17c433 category=sys number=0 vis=PUBLIC semFlags=0x0 semPriority=0 semMissedCount=0))]
09-02 16:12:03.126  5213  5302 D Notification.Badge: [filtered] shouldBeFilteredOut().mTempRanking.canShowBadge[false], [sbn : StatusBarNotification(pkg=android user=UserHandle{-1} id=32 tag=null key=-1|android|32|null|1000: Notification(channel=USB pri=0 contentView=null vibrate=null sound=null tick defaults=0x0 flags=0x2 color=0xff607d8b number=0 vis=PUBLIC semFlags=0x0 semPriority=0 semMissedCount=0))]
09-02 16:12:03.126  5213  5302 D Notification.Badge: [filtered] shouldBeFilteredOut().mTempRanking.canShowBadge[false], [sbn : StatusBarNotification(pkg=com.google.android.googlequicksearchbox user=UserHandle{0} id=0 tag=1049226659::SUMMARY::wx key=0|com.google.android.googlequicksearchbox|0|1049226659::SUMMARY::wx|10076: Notification(channel=21 pri=-2 contentView=null vibrate=null sound=null defaults=0x0 flags=0x200 color=0xff4285f4 groupKey=1049226659::SUMMARY::wx number=0 vis=PRIVATE publicVersion=Notification(channel=null pri=0 contentView=null vibrate=null sound=null defaults=0x0 flags=0x0 color=0xff4285f4 number=0 vis=PRIVATE semFlags=0x0 semPriority=0 semMissedCount=0) semFlags=0x0 semPriority=0 semMissedCount=0))]
09-02 16:12:03.127  5213  5213 D AppsAdapter: notifyUpdate start : com.android.launcher3.Launcher@110cd72
09-02 16:12:03.127  5213  5302 D Notification.Badge: [filtered] shouldBeFilteredOut().mTempRanking.canShowBadge[false], [sbn : StatusBarNotification(pkg=com.google.android.googlequicksearchbox user=UserHandle{0} id=0 tag=1049226659::a:snotification:[0x394,wx.f,NOTIFICATION] key=0|com.google.android.googlequicksearchbox|0|1049226659::a:snotification:[0x394,wx.f,NOTIFICATION]|10076: Notification(channel=21 pri=-2 contentView=null vibrate=null sound=null tick defaults=0x0 flags=0x8 color=0xff4285f4 groupKey=1049226659::SUMMARY::wx number=0 vis=PRIVATE semFlags=0x0 semPriority=0 semMissedCount=0))]
09-02 16:12:03.127  5213  5213 D AppsCustomAdapter: no change items
09-02 16:12:03.127  5213  5302 D Notification.Badge: LauncherModel:onNotificationFullRefresh() : [4], IconType : [0]
09-02 16:12:03.127  5213  5213 D AppsAdapter: notifyUpdate end : com.android.launcher3.Launcher@110cd72
09-02 16:12:03.127  5213  5213 D ViewRootImpl@8c524b3[LauncherActivity]: MSG_WINDOW_FOCUS_CHANGED 1
09-02 16:12:03.127  5213  5302 D Notification.Badge: notificationKey : 0|com.facebook.katana|0|stale_notifications|10102, count : 0, this.count : 1
09-02 16:12:03.127  5213  5302 D Notification.Badge: notificationKey : 0|com.facebook.katana|0|stale_notifications|10102, count : 1, mTotalCount : 1
09-02 16:12:03.128  5213  5302 D Notification.Badge: notificationKey : 0|com.android.vending|-2073578647|null|10044, count : 0, this.count : 1
09-02 16:12:03.128  5213  5302 D Notification.Badge: notificationKey : 0|com.android.vending|-2073578647|null|10044, count : 1, mTotalCount : 1
09-02 16:12:03.129  5213  5302 D Notification.Badge: notificationKey : 0|com.android.vending|-555892737|null|10044, count : 0, this.count : 1
09-02 16:12:03.129  5213  5302 D Notification.Badge: notificationKey : 0|com.android.vending|-555892737|null|10044, count : 1, mTotalCount : 2
09-02 16:12:03.130  5213  5302 D Notification.Badge: notificationKey : 0|com.android.vending|-234430262|null|10044, count : 13, this.count : 13
09-02 16:12:03.130  5213  5302 D Notification.Badge: notificationKey : 0|com.android.vending|-234430262|null|10044, count : 13, mTotalCount : 15
09-02 16:12:03.130  5213  5302 D Notification.Badge: LauncherModel:onNotificationFullRefresh() not need to update, updatedBadges.remove[com.facebook.katana], count : [1]
09-02 16:12:03.130  5213  5302 D Notification.Badge: LauncherModel:onNotificationFullRefresh() not need to update, updatedBadges.remove[com.android.vending], count : [15]
09-02 16:12:03.133  5213  5213 V InputMethodManager: Starting input: tba=android.view.inputmethod.EditorInfo@b20b682 nm : com.sec.android.app.launcher ic=null
09-02 16:12:03.133  5213  5213 I InputMethodManager: startInputInner - mService.startInputOrWindowGainedFocus
09-02 16:12:03.134  3979  9339 D InputMethodManagerService: startInputOrWindowGainedFocus : windowGainedFocus 
09-02 16:12:03.134  3979  9339 D InputMethodManagerService: windowGainedFocus: destinationUserId (getCallingUid) = 0
09-02 16:12:03.134  3979  9339 D InputMethodManagerService: windowGainedFocus: currentUserId=0
09-02 16:12:03.134  3979  9339 D InputMethodManagerService: windowGainedFocus: mCurrentFocusedUserId=0
09-02 16:12:03.134  3979  9339 D InputMethodManagerService: windowGainedFocus : lock - currentUserId = 0 destinationUserId = 0
09-02 16:12:03.134  3979  9339 D InputMethodManagerService: windowGainedFocus : mCurrentFocusedUserId - 0 and mSecureKeypadEnabled - false, userSwitched - false
09-02 16:12:03.135  3979  9339 V InputMethodManagerService: windowGainedFocus : reason=WINDOW_FOCUS_GAIN client=android.os.BinderProxy@85bf16e inputContext=null missingMethods= attribute=android.view.inputmethod.EditorInfo@6a59ae nm = com.sec.android.app.launcher controlFlags=#104 softInputMode=#130 windowFlags=#81910d00
09-02 16:12:03.135  3979  9339 V InputMethodManagerService: hideCurrentInputLocked : shouldHideSoftInput is false
09-02 16:12:03.135  3979  9339 D InputMethodManagerService: setCurrentInputInfo - inputContext : null eidtorInfo : android.view.inputmethod.EditorInfo@6a59ae missingMethods : 0
09-02 16:12:03.135  4336  4336 I InputMethodWrapper:  call dispatchStartInputWithToken
09-02 16:12:03.135  4336  4336 I InputMethodService: dispatchStartInputWithToken
09-02 16:12:03.136  4336  4336 I SKBD    : SamsungKeypad [IMI] onStartInput - caller pid : 5536, caller uid : 10157
09-02 16:12:03.136  7881  4225 E fb4a.msys: E[N data-request]_HandleDataResponse(1782)=>Data request error for task 93f74d26-2839-43b7-af24-1db097cce494 (response type 1): (null)
09-02 16:12:03.137  5213  5213 D DragLayer: DragLayer dispatchDraw, mIsNaviBarPositionChanged = false, mWillOrientationChange = false
09-02 16:12:03.137  7881  4229 E fb4a.msys: E[S task_queue_handling]MCDLightSpeedTaskExecutorNetworkCompletionCallback(1017)=>Handling send error for taskId=6 batchSize=1 queue=secure_message_over_wa_generate_cat
09-02 16:12:03.138  7881  4229 E fb4a.msys: E[S task_queue_handling]MCDLightSpeedTaskExecutorNetworkCompletionCallback(1071)=>Error content with 18 bytes: Error Domain=com.facebook.http.error Code=401 UserInfo=0xc7534000 {MCFErrorDirectLocalizedDescriptionKey=Client error}
09-02 16:12:03.139  7881  5493 E fb4a.T157805820: TigonMhrLogger::logRequestIfNeeded
09-02 16:12:03.139  7881  5493 E fb4a.T157805820: TigonWifiInfoLogger::init
09-02 16:12:03.139  7881  5493 E fb4a.T157805820: TigonMhrFbcLogger::logRequestIfNeeded
09-02 16:12:03.139  7881  5493 E fb4a.T157805820: TigonCellTowerInfoLogger::logRequestIfNeeded
09-02 16:12:03.140  7881  5493 E fb4a.T157805820: TigonCertificateVerificationLogger::logRequestIfNeeded
09-02 16:12:03.140  7881  5493 E fb4a.T157805820: TigonTransientAnalysisLogger::logRequestIfNeeded
