09-02 02:35:46.555 17314 17314 I cr_SplitCompatApp: Launched version=107.0.5304.91 minSdkVersion=29 isBundle=true processName=com.android.chrome:sandboxed_process0:org.chromium.content.app.SandboxedProcessService0:1 isIsolated=true
09-02 02:35:46.555  1513  7910 D CompatibilityChangeReporter: Compat change id reported: 135634846; UID 10220; state: DISABLED
09-02 02:35:46.556  1513  7910 D CompatibilityChangeReporter: Compat change id reported: 135754954; UID 10220; state: ENABLED
09-02 02:35:46.556 17199 17199 D Zygote  : Forked child process 17350
09-02 02:35:46.557 17147 17147 E cr_IntentUtils: getBooleanExtra failed on intent null
09-02 02:35:46.558 17147 17147 E cr_IntentUtils: getBooleanExtra failed on intent null
09-02 02:35:46.558  1513  1625 I ActivityManager: Start proc 17350:com.android.chrome:sandboxed_process0:org.chromium.content.app.SandboxedProcessService0:3/u0ai3 for  {com.android.chrome/org.chromium.content.app.SandboxedProcessService0:3}
09-02 02:35:46.558 17350 17350 E libc    : SetHeapTaggingLevel: re-enabling tagging after it was disabled is not supported
09-02 02:35:46.559  1513  1625 D CompatibilityChangeReporter: Compat change id reported: 143937733; UID 10220; state: ENABLED
09-02 02:35:46.568 17147 17147 I cr_tabmodel: #isIncognitoTabBeingRestored from tabDetails:  false
09-02 02:35:46.568 17147 17147 I cr_tabmodel: #isIncognitoTabBeingRestored from tabDetails:  false
09-02 02:35:46.568 17147 17147 W cr_tabmodel: Failed to restore TabState; creating Tab with last known URL.
09-02 02:35:46.575 17314 17314 W SystemServiceRegistry: No service published for: uimode
09-02 02:35:46.576 17330 17330 I LoadedApk: No resource references to update in package com.google.android.trichromelibrary
09-02 02:35:46.576 17199 17199 D Zygote  : Forked child process 17360
09-02 02:35:46.577 17330 17330 D NetworkSecurityConfig: Using Network Security Config from resource 0_resource_name_obfuscated debugBuild: false
09-02 02:35:46.578 17350 17350 E ocessService0:: Not starting debugger since process cannot load the jdwp agent.
09-02 02:35:46.578  1513  1625 I ActivityManager: Start proc 17360:com.android.chrome:sandboxed_process0:org.chromium.content.app.SandboxedProcessService0:4/u0ai4 for  {com.android.chrome/org.chromium.content.app.SandboxedProcessService0:4}
09-02 02:35:46.578 17330 17330 D NetworkSecurityConfig: Using Network Security Config from resource 0_resource_name_obfuscated debugBuild: false
09-02 02:35:46.578 17360 17360 E libc    : SetHeapTaggingLevel: re-enabling tagging after it was disabled is not supported
09-02 02:35:46.579 17330 17330 I cr_SplitCompatApp: Launched version=107.0.5304.91 minSdkVersion=29 isBundle=true processName=com.android.chrome:sandboxed_process0:org.chromium.content.app.SandboxedProcessService0:2 isIsolated=true
09-02 02:35:46.580 17314 17314 I cr_ChildProcessService: Creating new ChildProcessService pid=17314
09-02 02:35:46.581 17147 17147 E cr_IntentUtils: getBooleanExtra failed on intent null
09-02 02:35:46.581 17147 17147 E cr_IntentUtils: getBooleanExtra failed on intent null
09-02 02:35:46.586 17360 17360 E ocessService0:: Not starting debugger since process cannot load the jdwp agent.
09-02 02:35:46.592 17147 17147 I cr_tabmodel: #isIncognitoTabBeingRestored from tabDetails:  false
09-02 02:35:46.592 17147 17147 I cr_tabmodel: #isIncognitoTabBeingRestored from tabDetails:  false
09-02 02:35:46.592 17147 17147 W cr_tabmodel: Failed to restore TabState; creating Tab with last known URL.
09-02 02:35:46.595 17330 17330 W SystemServiceRegistry: No service published for: uimode
09-02 02:35:46.595 17314 17340 I cr_LibraryLoader: Using ModernLinker
09-02 02:35:46.601 17330 17330 I cr_ChildProcessService: Creating new ChildProcessService pid=17330
09-02 02:35:46.602 17314 17340 W linker  : Warning: "/data/app/~~_KLlx60MH8CoecPTjMKp8g==/com.android.chrome-kw9RHYrlHKb9bPXi8OTClw==/base.apk!/lib/arm64-v8a/libchromium_android_linker.so" unused DT entry: unknown processor-specific (type 0x70000001 arg 0x0) (ignoring)
09-02 02:35:46.603 17314 17340 E cr_ChromiumAndroidLinker: ReserveAddressWithHint: Address range starting at 0x7a3875b000 was not free to use
09-02 02:35:46.607 17147 17147 E cr_IntentUtils: getBooleanExtra failed on intent null
09-02 02:35:46.607 17147 17147 E cr_IntentUtils: getBooleanExtra failed on intent null
09-02 02:35:46.607  1513  3232 D CompatibilityChangeReporter: Compat change id reported: 136274596; UID 10220; state: ENABLED
09-02 02:35:46.610 17314 17371 I cr_LibraryLoader: Successfully loaded native library
09-02 02:35:46.611 17314 17371 I cr_CachingUmaRecorder: Flushed 3 samples from 3 histograms.
09-02 02:35:46.612  1513  2000 D ConnectivityService: NetReassign [no changes]
09-02 02:35:46.615  1513  7910 D CompatibilityChangeReporter: Compat change id reported: 136274596; UID 10220; state: ENABLED
09-02 02:35:46.618 17199 17199 D Zygote  : Forked child process 17398
09-02 02:35:46.618 17147 17147 I cr_tabmodel: #isIncognitoTabBeingRestored from tabDetails:  false
09-02 02:35:46.618 17147 17147 I cr_tabmodel: #isIncognitoTabBeingRestored from tabDetails:  false
09-02 02:35:46.618 17147 17147 W cr_tabmodel: Failed to restore TabState; creating Tab with last known URL.
09-02 02:35:46.621  1513  3161 D CompatibilityChangeReporter: Compat change id reported: 135634846; UID 10220; state: DISABLED
09-02 02:35:46.621  1513  3161 D CompatibilityChangeReporter: Compat change id reported: 135754954; UID 10220; state: ENABLED
09-02 02:35:46.623 17398 17398 E libc    : SetHeapTaggingLevel: re-enabling tagging after it was disabled is not supported
09-02 02:35:46.630  1513  1625 I ActivityManager: Start proc 17398:com.android.chrome:sandboxed_process0:org.chromium.content.app.SandboxedProcessService0:5/u0ai5 for  {com.android.chrome/org.chromium.content.app.SandboxedProcessService0:5}
09-02 02:35:46.630  1513  1625 D CompatibilityChangeReporter: Compat change id reported: 143937733; UID 10220; state: ENABLED
09-02 02:35:46.633 17330 17349 I cr_LibraryLoader: Using ModernLinker
09-02 02:35:46.633 17398 17398 E ocessService0:: Not starting debugger since process cannot load the jdwp agent.
09-02 02:35:46.634 17147 17147 E cr_IntentUtils: getBooleanExtra failed on intent null
09-02 02:35:46.634 17147 17147 E cr_IntentUtils: getBooleanExtra failed on intent null
09-02 02:35:46.635 17330 17349 W linker  : Warning: "/data/app/~~_KLlx60MH8CoecPTjMKp8g==/com.android.chrome-kw9RHYrlHKb9bPXi8OTClw==/base.apk!/lib/arm64-v8a/libchromium_android_linker.so" unused DT entry: unknown processor-specific (type 0x70000001 arg 0x0) (ignoring)
09-02 02:35:46.637 17330 17349 E cr_ChromiumAndroidLinker: ReserveAddressWithHint: Address range starting at 0x7a3875b000 was not free to use
09-02 02:35:46.646 17147 17147 I cr_tabmodel: #isIncognitoTabBeingRestored from tabDetails:  false
09-02 02:35:46.646 17147 17147 I cr_tabmodel: #isIncognitoTabBeingRestored from tabDetails:  false
09-02 02:35:46.646 17147 17147 W cr_tabmodel: Failed to restore TabState; creating Tab with last known URL.
09-02 02:35:46.648 17350 17350 I LoadedApk: No resource references to update in package com.google.android.trichromelibrary
09-02 02:35:46.649 17350 17350 D NetworkSecurityConfig: Using Network Security Config from resource 0_resource_name_obfuscated debugBuild: false
09-02 02:35:46.650 17350 17350 D NetworkSecurityConfig: Using Network Security Config from resource 0_resource_name_obfuscated debugBuild: false
09-02 02:35:46.652 17330 17394 I cr_LibraryLoader: Successfully loaded native library
09-02 02:35:46.653 17350 17350 I cr_SplitCompatApp: Launched version=107.0.5304.91 minSdkVersion=29 isBundle=true processName=com.android.chrome:sandboxed_process0:org.chromium.content.app.SandboxedProcessService0:3 isIsolated=true
09-02 02:35:46.653 17199 17199 D Zygote  : Forked child process 17424
09-02 02:35:46.653 17330 17394 I cr_CachingUmaRecorder: Flushed 3 samples from 3 histograms.
09-02 02:35:46.654  1513  1625 I ActivityManager: Start proc 17424:com.android.chrome:sandboxed_process0:org.chromium.content.app.SandboxedProcessService0:6/u0ai6 for  {com.android.chrome/org.chromium.content.app.SandboxedProcessService0:6}
09-02 02:35:46.654 17424 17424 E libc    : SetHeapTaggingLevel: re-enabling tagging after it was disabled is not supported
09-02 02:35:46.662 17147 17147 E cr_IntentUtils: getBooleanExtra failed on intent null
09-02 02:35:46.662 17147 17147 E cr_IntentUtils: getBooleanExtra failed on intent null
09-02 02:35:46.664 17350 17350 W SystemServiceRegistry: No service published for: uimode
09-02 02:35:46.671 17350 17350 I cr_ChildProcessService: Creating new ChildProcessService pid=17350
09-02 02:35:46.674 17147 17147 I cr_tabmodel: #isIncognitoTabBeingRestored from tabDetails:  false
09-02 02:35:46.674 17147 17147 I cr_tabmodel: #isIncognitoTabBeingRestored from tabDetails:  false
09-02 02:35:46.675 17147 17147 W cr_tabmodel: Failed to restore TabState; creating Tab with last known URL.
09-02 02:35:46.675 17424 17424 E ocessService0:: Not starting debugger since process cannot load the jdwp agent.
09-02 02:35:46.676 17360 17360 I LoadedApk: No resource references to update in package com.google.android.trichromelibrary
09-02 02:35:46.677 17360 17360 D NetworkSecurityConfig: Using Network Security Config from resource 0_resource_name_obfuscated debugBuild: false
09-02 02:35:46.677 17199 17199 D Zygote  : Forked child process 17443
09-02 02:35:46.678 17360 17360 D NetworkSecurityConfig: Using Network Security Config from resource 0_resource_name_obfuscated debugBuild: false
09-02 02:35:46.678 17350 17402 I cr_LibraryLoader: Using ModernLinker
09-02 02:35:46.679  1513  1625 I ActivityManager: Start proc 17443:com.android.chrome:sandboxed_process0:org.chromium.content.app.SandboxedProcessService0:7/u0ai7 for  {com.android.chrome/org.chromium.content.app.SandboxedProcessService0:7}
09-02 02:35:46.679 17360 17360 I cr_SplitCompatApp: Launched version=107.0.5304.91 minSdkVersion=29 isBundle=true processName=com.android.chrome:sandboxed_process0:org.chromium.content.app.SandboxedProcessService0:4 isIsolated=true
09-02 02:35:46.680 17443 17443 E libc    : SetHeapTaggingLevel: re-enabling tagging after it was disabled is not supported
09-02 02:35:46.681 17350 17402 W linker  : Warning: "/data/app/~~_KLlx60MH8CoecPTjMKp8g==/com.android.chrome-kw9RHYrlHKb9bPXi8OTClw==/base.apk!/lib/arm64-v8a/libchromium_android_linker.so" unused DT entry: unknown processor-specific (type 0x70000001 arg 0x0) (ignoring)
09-02 02:35:46.683 17350 17402 E cr_ChromiumAndroidLinker: ReserveAddressWithHint: Address range starting at 0x7a3875b000 was not free to use
09-02 02:35:46.685  1513  3233 D CompatibilityChangeReporter: Compat change id reported: 136274596; UID 10220; state: ENABLED
09-02 02:35:46.686 17443 17443 E ocessService0:: Not starting debugger since process cannot load the jdwp agent.
09-02 02:35:46.688  1513  3161 D CompatibilityChangeReporter: Compat change id reported: 135634846; UID 10220; state: DISABLED
09-02 02:35:46.688  1513  3161 D CompatibilityChangeReporter: Compat change id reported: 135754954; UID 10220; state: ENABLED
09-02 02:35:46.690 17350 17438 I cr_LibraryLoader: Successfully loaded native library
09-02 02:35:46.691 17350 17438 I cr_CachingUmaRecorder: Flushed 3 samples from 3 histograms.
09-02 02:35:46.691 17147 17147 E cr_IntentUtils: getBooleanExtra failed on intent null
09-02 02:35:46.691 17147 17147 E cr_IntentUtils: getBooleanExtra failed on intent null
09-02 02:35:46.698 17199 17199 D Zygote  : Forked child process 17466
09-02 02:35:46.699 17466 17466 E libc    : SetHeapTaggingLevel: re-enabling tagging after it was disabled is not supported
09-02 02:35:46.700  1513  1625 I ActivityManager: Start proc 17466:com.android.chrome:sandboxed_process0:org.chromium.content.app.SandboxedProcessService0:8/u0ai8 for  {com.android.chrome/org.chromium.content.app.SandboxedProcessService0:8}
09-02 02:35:46.700  1513  1625 D CompatibilityChangeReporter: Compat change id reported: 143937733; UID 10220; state: ENABLED
09-02 02:35:46.704 17147 17147 I cr_tabmodel: #isIncognitoTabBeingRestored from tabDetails:  false
09-02 02:35:46.704 17147 17147 I cr_tabmodel: #isIncognitoTabBeingRestored from tabDetails:  false
09-02 02:35:46.705 17147 17147 W cr_tabmodel: Failed to restore TabState; creating Tab with last known URL.
09-02 02:35:46.706 17360 17360 W SystemServiceRegistry: No service published for: uimode
09-02 02:35:46.712 17360 17360 I cr_ChildProcessService: Creating new ChildProcessService pid=17360
09-02 02:35:46.713  1513  7910 D CompatibilityChangeReporter: Compat change id reported: 136274596; UID 10220; state: ENABLED
09-02 02:35:46.719 17147 17147 E cr_IntentUtils: getBooleanExtra failed on intent null
09-02 02:35:46.719 17147 17147 E cr_IntentUtils: getBooleanExtra failed on intent null
09-02 02:35:46.720  1513  3233 D CompatibilityChangeReporter: Compat change id reported: 135634846; UID 10220; state: DISABLED
09-02 02:35:46.720  1513  3233 D CompatibilityChangeReporter: Compat change id reported: 135754954; UID 10220; state: ENABLED
09-02 02:35:46.723 17466 17466 E ocessService0:: Not starting debugger since process cannot load the jdwp agent.
09-02 02:35:46.724 17360 17403 I cr_LibraryLoader: Using ModernLinker
09-02 02:35:46.731 17360 17403 W linker  : Warning: "/data/app/~~_KLlx60MH8CoecPTjMKp8g==/com.android.chrome-kw9RHYrlHKb9bPXi8OTClw==/base.apk!/lib/arm64-v8a/libchromium_android_linker.so" unused DT entry: unknown processor-specific (type 0x70000001 arg 0x0) (ignoring)
09-02 02:35:46.732 17360 17403 E cr_ChromiumAndroidLinker: ReserveAddressWithHint: Address range starting at 0x7a3875b000 was not free to use
09-02 02:35:46.733 17398 17398 I LoadedApk: No resource references to update in package com.google.android.trichromelibrary
09-02 02:35:46.733 17398 17398 D NetworkSecurityConfig: Using Network Security Config from resource 0_resource_name_obfuscated debugBuild: false
09-02 02:35:46.734 17147 17147 I cr_tabmodel: #isIncognitoTabBeingRestored from tabDetails:  false
09-02 02:35:46.734 17147 17147 I cr_tabmodel: #isIncognitoTabBeingRestored from tabDetails:  false
09-02 02:35:46.734 17147 17147 W cr_tabmodel: Failed to restore TabState; creating Tab with last known URL.
09-02 02:35:46.734 17398 17398 D NetworkSecurityConfig: Using Network Security Config from resource 0_resource_name_obfuscated debugBuild: false
09-02 02:35:46.736 17398 17398 I cr_SplitCompatApp: Launched version=107.0.5304.91 minSdkVersion=29 isBundle=true processName=com.android.chrome:sandboxed_process0:org.chromium.content.app.SandboxedProcessService0:5 isIsolated=true
09-02 02:35:46.741 17360 17481 I cr_LibraryLoader: Successfully loaded native library
09-02 02:35:46.742 17360 17481 I cr_CachingUmaRecorder: Flushed 3 samples from 3 histograms.
09-02 02:35:46.746  1513  3241 D CompatibilityChangeReporter: Compat change id reported: 136274596; UID 10220; state: ENABLED
09-02 02:35:46.748  1513  7910 D CompatibilityChangeReporter: Compat change id reported: 135634846; UID 10220; state: DISABLED
09-02 02:35:46.748  1513  7910 D CompatibilityChangeReporter: Compat change id reported: 135754954; UID 10220; state: ENABLED
09-02 02:35:46.749 17147 17147 E cr_IntentUtils: getBooleanExtra failed on intent null
09-02 02:35:46.749 17147 17147 E cr_IntentUtils: getBooleanExtra failed on intent null
09-02 02:35:46.754 17199 17199 D Zygote  : Forked child process 17500
09-02 02:35:46.755 17398 17398 W SystemServiceRegistry: No service published for: uimode
09-02 02:35:46.759 17500 17500 E libc    : SetHeapTaggingLevel: re-enabling tagging after it was disabled is not supported
09-02 02:35:46.763 17147 17147 I cr_tabmodel: #isIncognitoTabBeingRestored from tabDetails:  false
09-02 02:35:46.763 17147 17147 I cr_tabmodel: #isIncognitoTabBeingRestored from tabDetails:  false
09-02 02:35:46.764 17147 17147 W cr_tabmodel: Failed to restore TabState; creating Tab with last known URL.
09-02 02:35:46.765  1513  1625 W ActivityManager: Slow operation: 76ms so far, now at startProcess: returned from zygote!
09-02 02:35:46.770 17500 17500 E ocessService0:: Not starting debugger since process cannot load the jdwp agent.
09-02 02:35:46.773  1513  3233 D CompatibilityChangeReporter: Compat change id reported: 136274596; UID 10220; state: ENABLED
09-02 02:35:46.776 17398 17398 I cr_ChildProcessService: Creating new ChildProcessService pid=17398
09-02 02:35:46.777  1513  1625 W ActivityManager: Slow operation: 89ms so far, now at startProcess: done updating battery stats
09-02 02:35:46.777  1513  1625 W ActivityManager: Slow operation: 89ms so far, now at startProcess: building log message
09-02 02:35:46.777  1513  1625 I ActivityManager: Start proc 17500:com.android.chrome:sandboxed_process0:org.chromium.content.app.SandboxedProcessService0:9/u0ai9 for  {com.android.chrome/org.chromium.content.app.SandboxedProcessService0:9}
09-02 02:35:46.777  1513  1625 W ActivityManager: Slow operation: 89ms so far, now at startProcess: starting to update pids map
09-02 02:35:46.777  1513  1625 W ActivityManager: Slow operation: 89ms so far, now at startProcess: done updating pids map
09-02 02:35:46.777  1513  1625 W ActivityManager: Slow operation: 58ms so far, now at startProcess: asking zygote to start proc
09-02 02:35:46.777  1513  1625 D CompatibilityChangeReporter: Compat change id reported: 143937733; UID 10220; state: ENABLED
09-02 02:35:46.779  1513  3161 D CompatibilityChangeReporter: Compat change id reported: 135634846; UID 10220; state: DISABLED
09-02 02:35:46.780  1513  3161 D CompatibilityChangeReporter: Compat change id reported: 135754954; UID 10220; state: ENABLED
09-02 02:35:46.785 17147 17147 E cr_IntentUtils: getBooleanExtra failed on intent null
09-02 02:35:46.786 17147 17147 E cr_IntentUtils: getBooleanExtra failed on intent null
09-02 02:35:46.789 17398 17458 I cr_LibraryLoader: Using ModernLinker
09-02 02:35:46.790 17443 17443 I LoadedApk: No resource references to update in package com.google.android.trichromelibrary
09-02 02:35:46.791 17443 17443 D NetworkSecurityConfig: Using Network Security Config from resource 0_resource_name_obfuscated debugBuild: false
09-02 02:35:46.792 17443 17443 D NetworkSecurityConfig: Using Network Security Config from resource 0_resource_name_obfuscated debugBuild: false
09-02 02:35:46.793 17398 17458 W linker  : Warning: "/data/app/~~_KLlx60MH8CoecPTjMKp8g==/com.android.chrome-kw9RHYrlHKb9bPXi8OTClw==/base.apk!/lib/arm64-v8a/libchromium_android_linker.so" unused DT entry: unknown processor-specific (type 0x70000001 arg 0x0) (ignoring)
09-02 02:35:46.795 17443 17443 I cr_SplitCompatApp: Launched version=107.0.5304.91 minSdkVersion=29 isBundle=true processName=com.android.chrome:sandboxed_process0:org.chromium.content.app.SandboxedProcessService0:7 isIsolated=true
09-02 02:35:46.797 17199 17199 D Zygote  : Forked child process 17530
09-02 02:35:46.799  1513  1625 W ActivityManager: Slow operation: 80ms so far, now at startProcess: returned from zygote!
09-02 02:35:46.799  1513  1625 W ActivityManager: Slow operation: 80ms so far, now at startProcess: done updating battery stats
09-02 02:35:46.799  1513  1625 W ActivityManager: Slow operation: 80ms so far, now at startProcess: building log message
09-02 02:35:46.799  1513  1625 I ActivityManager: Start proc 17530:com.android.chrome:sandboxed_process0:org.chromium.content.app.SandboxedProcessService0:10/u0ai10 for  {com.android.chrome/org.chromium.content.app.SandboxedProcessService0:10}
09-02 02:35:46.799  1513  1625 W ActivityManager: Slow operation: 80ms so far, now at startProcess: starting to update pids map
09-02 02:35:46.800  1513  1625 W ActivityManager: Slow operation: 80ms so far, now at startProcess: done updating pids map
09-02 02:35:46.800  1513  1625 W ActivityManager: Slow operation: 51ms so far, now at startProcess: asking zygote to start proc
09-02 02:35:46.801 17398 17458 E cr_ChromiumAndroidLinker: ReserveAddressWithHint: Address range starting at 0x7a3875b000 was not free to use
09-02 02:35:46.802 17147 17147 I cr_tabmodel: #isIncognitoTabBeingRestored from tabDetails:  false
09-02 02:35:46.802 17147 17147 I cr_tabmodel: #isIncognitoTabBeingRestored from tabDetails:  false
09-02 02:35:46.802 17147 17147 W cr_tabmodel: Failed to restore TabState; creating Tab with last known URL.
09-02 02:35:46.803 17530 17530 E libc    : SetHeapTaggingLevel: re-enabling tagging after it was disabled is not supported
09-02 02:35:46.810  1513  3161 D CompatibilityChangeReporter: Compat change id reported: 136274596; UID 10220; state: ENABLED
09-02 02:35:46.813 17443 17443 W SystemServiceRegistry: No service published for: uimode
09-02 02:35:46.816 17398 17524 I cr_LibraryLoader: Successfully loaded native library
09-02 02:35:46.818 17398 17524 I cr_CachingUmaRecorder: Flushed 3 samples from 3 histograms.
09-02 02:35:46.820 17530 17530 E cessService0:1: Not starting debugger since process cannot load the jdwp agent.
09-02 02:35:46.821  1513  7910 D CompatibilityChangeReporter: Compat change id reported: 135634846; UID 10220; state: DISABLED
09-02 02:35:46.821  1513  7910 D CompatibilityChangeReporter: Compat change id reported: 135754954; UID 10220; state: ENABLED
09-02 02:35:46.822 17147 17147 E cr_IntentUtils: getBooleanExtra failed on intent null
09-02 02:35:46.822 17147 17147 E cr_IntentUtils: getBooleanExtra failed on intent null
09-02 02:35:46.831 17147 17147 I cr_tabmodel: #isIncognitoTabBeingRestored from tabDetails:  false
09-02 02:35:46.832 17147 17147 I cr_tabmodel: #isIncognitoTabBeingRestored from tabDetails:  false
09-02 02:35:46.832 17147 17147 W cr_tabmodel: Failed to restore TabState; creating Tab with last known URL.
09-02 02:35:46.832 17443 17443 I cr_ChildProcessService: Creating new ChildProcessService pid=17443
09-02 02:35:46.838 17424 17424 I LoadedApk: No resource references to update in package com.google.android.trichromelibrary
09-02 02:35:46.839 17424 17424 D NetworkSecurityConfig: Using Network Security Config from resource 0_resource_name_obfuscated debugBuild: false
09-02 02:35:46.841 17424 17424 D NetworkSecurityConfig: Using Network Security Config from resource 0_resource_name_obfuscated debugBuild: false
09-02 02:35:46.842 17424 17424 I cr_SplitCompatApp: Launched version=107.0.5304.91 minSdkVersion=29 isBundle=true processName=com.android.chrome:sandboxed_process0:org.chromium.content.app.SandboxedProcessService0:6 isIsolated=true
09-02 02:35:46.845 17466 17466 I LoadedApk: No resource references to update in package com.google.android.trichromelibrary
09-02 02:35:46.846 17466 17466 D NetworkSecurityConfig: Using Network Security Config from resource 0_resource_name_obfuscated debugBuild: false
09-02 02:35:46.847 17466 17466 D NetworkSecurityConfig: Using Network Security Config from resource 0_resource_name_obfuscated debugBuild: false
09-02 02:35:46.850 17466 17466 I cr_SplitCompatApp: Launched version=107.0.5304.91 minSdkVersion=29 isBundle=true processName=com.android.chrome:sandboxed_process0:org.chromium.content.app.SandboxedProcessService0:8 isIsolated=true
09-02 02:35:46.851  1513  3161 D CompatibilityChangeReporter: Compat change id reported: 136274596; UID 10220; state: ENABLED
09-02 02:35:46.852 17147 17147 E cr_IntentUtils: getBooleanExtra failed on intent null
09-02 02:35:46.852 17147 17147 E cr_IntentUtils: getBooleanExtra failed on intent null
09-02 02:35:46.854  1513  3233 D CompatibilityChangeReporter: Compat change id reported: 135634846; UID 10220; state: DISABLED
09-02 02:35:46.854  1513  3233 D CompatibilityChangeReporter: Compat change id reported: 135754954; UID 10220; state: ENABLED
09-02 02:35:46.857 17424 17424 W SystemServiceRegistry: No service published for: uimode
09-02 02:35:46.860 17443 17487 I cr_LibraryLoader: Using ModernLinker
09-02 02:35:46.861 17443 17487 W linker  : Warning: "/data/app/~~_KLlx60MH8CoecPTjMKp8g==/com.android.chrome-kw9RHYrlHKb9bPXi8OTClw==/base.apk!/lib/arm64-v8a/libchromium_android_linker.so" unused DT entry: unknown processor-specific (type 0x70000001 arg 0x0) (ignoring)
09-02 02:35:46.861 17443 17487 E cr_ChromiumAndroidLinker: ReserveAddressWithHint: Address range starting at 0x7a3875b000 was not free to use
09-02 02:35:46.864 17424 17424 I cr_ChildProcessService: Creating new ChildProcessService pid=17424
09-02 02:35:46.865 17147 17147 I cr_tabmodel: #isIncognitoTabBeingRestored from tabDetails:  false
09-02 02:35:46.865 17147 17147 I cr_tabmodel: #isIncognitoTabBeingRestored from tabDetails:  false
09-02 02:35:46.865 17147 17147 W cr_tabmodel: Failed to restore TabState; creating Tab with last known URL.
09-02 02:35:46.867 17466 17466 W SystemServiceRegistry: No service published for: uimode
09-02 02:35:46.867 17443 17549 I cr_LibraryLoader: Successfully loaded native library
09-02 02:35:46.869 17500 17500 I LoadedApk: No resource references to update in package com.google.android.trichromelibrary
09-02 02:35:46.871 17500 17500 D NetworkSecurityConfig: Using Network Security Config from resource 0_resource_name_obfuscated debugBuild: false
09-02 02:35:46.871 17424 17508 I cr_LibraryLoader: Using ModernLinker
09-02 02:35:46.872 17500 17500 D NetworkSecurityConfig: Using Network Security Config from resource 0_resource_name_obfuscated debugBuild: false
09-02 02:35:46.874 17500 17500 I cr_SplitCompatApp: Launched version=107.0.5304.91 minSdkVersion=29 isBundle=true processName=com.android.chrome:sandboxed_process0:org.chromium.content.app.SandboxedProcessService0:9 isIsolated=true
09-02 02:35:46.876 17466 17466 I cr_ChildProcessService: Creating new ChildProcessService pid=17466
09-02 02:35:46.878 17424 17508 W linker  : Warning: "/data/app/~~_KLlx60MH8CoecPTjMKp8g==/com.android.chrome-kw9RHYrlHKb9bPXi8OTClw==/base.apk!/lib/arm64-v8a/libchromium_android_linker.so" unused DT entry: unknown processor-specific (type 0x70000001 arg 0x0) (ignoring)
09-02 02:35:46.880 17147 17147 E cr_IntentUtils: getBooleanExtra failed on intent null
09-02 02:35:46.880 17147 17147 E cr_IntentUtils: getBooleanExtra failed on intent null
09-02 02:35:46.883 17424 17508 E cr_ChromiumAndroidLinker: ReserveAddressWithHint: Address range starting at 0x7a3875b000 was not free to use
09-02 02:35:46.884 17199 17199 D Zygote  : Forked child process 17568
09-02 02:35:46.885 17147 17147 I cr_tabmodel: #isIncognitoTabBeingRestored from tabDetails:  false
09-02 02:35:46.885 17147 17147 I cr_tabmodel: #isIncognitoTabBeingRestored from tabDetails:  false
09-02 02:35:46.885 17147 17147 W cr_tabmodel: Failed to restore TabState; creating Tab with last known URL.
09-02 02:35:46.886 17466 17502 I cr_LibraryLoader: Using ModernLinker
09-02 02:35:46.888 17443 17549 I cr_CachingUmaRecorder: Flushed 3 samples from 3 histograms.
09-02 02:35:46.891 17568 17568 E libc    : SetHeapTaggingLevel: re-enabling tagging after it was disabled is not supported
09-02 02:35:46.895 17424 17564 I cr_LibraryLoader: Successfully loaded native library
09-02 02:35:46.895 17500 17500 W SystemServiceRegistry: No service published for: uimode
09-02 02:35:46.897 17424 17564 I cr_CachingUmaRecorder: Flushed 3 samples from 3 histograms.
09-02 02:35:46.899  1513  1625 W ActivityManager: Slow operation: 150ms so far, now at startProcess: returned from zygote!
09-02 02:35:46.899  1513  1625 W ActivityManager: Slow operation: 151ms so far, now at startProcess: done updating battery stats
09-02 02:35:46.899  1513  1625 W ActivityManager: Slow operation: 151ms so far, now at startProcess: building log message
09-02 02:35:46.899  1513  1625 I ActivityManager: Start proc 17568:com.android.chrome:sandboxed_process0:org.chromium.content.app.SandboxedProcessService0:11/u0ai11 for  {com.android.chrome/org.chromium.content.app.SandboxedProcessService0:11}
09-02 02:35:46.899  1513  1625 W ActivityManager: Slow operation: 151ms so far, now at startProcess: starting to update pids map
09-02 02:35:46.899  1513  1625 W ActivityManager: Slow operation: 151ms so far, now at startProcess: done updating pids map
09-02 02:35:46.899  1513  1625 W ActivityManager: Slow operation: 120ms so far, now at startProcess: asking zygote to start proc
09-02 02:35:46.900  1513  1625 D CompatibilityChangeReporter: Compat change id reported: 143937733; UID 10220; state: ENABLED
09-02 02:35:46.902 17466 17502 W linker  : Warning: "/data/app/~~_KLlx60MH8CoecPTjMKp8g==/com.android.chrome-kw9RHYrlHKb9bPXi8OTClw==/base.apk!/lib/arm64-v8a/libchromium_android_linker.so" unused DT entry: unknown processor-specific (type 0x70000001 arg 0x0) (ignoring)
09-02 02:35:46.903 17147 17147 E cr_IntentUtils: getBooleanExtra failed on intent null
09-02 02:35:46.903 17147 17147 E cr_IntentUtils: getBooleanExtra failed on intent null
09-02 02:35:46.903 17466 17502 E cr_ChromiumAndroidLinker: ReserveAddressWithHint: Address range starting at 0x7a3875b000 was not free to use
09-02 02:35:46.903 17568 17568 E cessService0:1: Not starting debugger since process cannot load the jdwp agent.
09-02 02:35:46.913 17147 17147 I cr_tabmodel: #isIncognitoTabBeingRestored from tabDetails:  false
09-02 02:35:46.913 17147 17147 I cr_tabmodel: #isIncognitoTabBeingRestored from tabDetails:  false
09-02 02:35:46.913 17147 17147 W cr_tabmodel: Failed to restore TabState; creating Tab with last known URL.
09-02 02:35:46.914 17466 17567 I cr_LibraryLoader: Successfully loaded native library
09-02 02:35:46.914 17466 17567 I cr_CachingUmaRecorder: Flushed 3 samples from 3 histograms.
09-02 02:35:46.921  1513  3161 D CompatibilityChangeReporter: Compat change id reported: 136274596; UID 10220; state: ENABLED
09-02 02:35:46.931  1513  3161 D CompatibilityChangeReporter: Compat change id reported: 135634846; UID 10220; state: DISABLED
09-02 02:35:46.931 17147 17147 E cr_IntentUtils: getBooleanExtra failed on intent null
09-02 02:35:46.931 17147 17147 E cr_IntentUtils: getBooleanExtra failed on intent null
09-02 02:35:46.931  1513  3161 D CompatibilityChangeReporter: Compat change id reported: 135754954; UID 10220; state: ENABLED
09-02 02:35:46.934 17530 17530 I LoadedApk: No resource references to update in package com.google.android.trichromelibrary
09-02 02:35:46.935 17530 17530 D NetworkSecurityConfig: Using Network Security Config from resource 0_resource_name_obfuscated debugBuild: false
09-02 02:35:46.938 17147 17147 I cr_tabmodel: #isIncognitoTabBeingRestored from tabDetails:  false
09-02 02:35:46.938 17147 17147 I cr_tabmodel: #isIncognitoTabBeingRestored from tabDetails:  false
09-02 02:35:46.939 17147 17147 W cr_tabmodel: Failed to restore TabState; creating Tab with last known URL.
09-02 02:35:46.941 17500 17500 I cr_ChildProcessService: Creating new ChildProcessService pid=17500
09-02 02:35:46.943 17530 17530 D NetworkSecurityConfig: Using Network Security Config from resource 0_resource_name_obfuscated debugBuild: false
09-02 02:35:46.945 17530 17530 I cr_SplitCompatApp: Launched version=107.0.5304.91 minSdkVersion=29 isBundle=true processName=com.android.chrome:sandboxed_process0:org.chromium.content.app.SandboxedProcessService0:10 isIsolated=true
09-02 02:35:46.950 17147 17147 E cr_IntentUtils: getBooleanExtra failed on intent null
09-02 02:35:46.950 17147 17147 E cr_IntentUtils: getBooleanExtra failed on intent null
09-02 02:35:46.954 17199 17199 D Zygote  : Forked child process 17604
09-02 02:35:46.954 17500 17550 I cr_LibraryLoader: Using ModernLinker
09-02 02:35:46.956  1513  1625 W ActivityManager: Slow operation: 176ms so far, now at startProcess: returned from zygote!
09-02 02:35:46.956 17500 17550 W linker  : Warning: "/data/app/~~_KLlx60MH8CoecPTjMKp8g==/com.android.chrome-kw9RHYrlHKb9bPXi8OTClw==/base.apk!/lib/arm64-v8a/libchromium_android_linker.so" unused DT entry: unknown processor-specific (type 0x70000001 arg 0x0) (ignoring)
09-02 02:35:46.956  1513  1625 W ActivityManager: Slow operation: 177ms so far, now at startProcess: done updating battery stats
09-02 02:35:46.957  1513  1625 W ActivityManager: Slow operation: 177ms so far, now at startProcess: building log message
09-02 02:35:46.957  1513  1625 I ActivityManager: Start proc 17604:com.android.chrome:sandboxed_process0:org.chromium.content.app.SandboxedProcessService0:12/u0ai12 for  {com.android.chrome/org.chromium.content.app.SandboxedProcessService0:12}
09-02 02:35:46.957  1513  1625 W ActivityManager: Slow operation: 177ms so far, now at startProcess: starting to update pids map
09-02 02:35:46.957  1513  1625 W ActivityManager: Slow operation: 178ms so far, now at startProcess: done updating pids map
09-02 02:35:46.957  1513  1625 W ActivityManager: Slow operation: 137ms so far, now at startProcess: asking zygote to start proc
09-02 02:35:46.957  1513  1625 D CompatibilityChangeReporter: Compat change id reported: 143937733; UID 10220; state: ENABLED
09-02 02:35:46.957 17500 17550 E cr_ChromiumAndroidLinker: ReserveAddressWithHint: Address range starting at 0x7a3875b000 was not free to use
09-02 02:35:46.960 17147 17147 I cr_tabmodel: #isIncognitoTabBeingRestored from tabDetails:  false
09-02 02:35:46.960 17147 17147 I cr_tabmodel: #isIncognitoTabBeingRestored from tabDetails:  false
09-02 02:35:46.960 17147 17147 W cr_tabmodel: Failed to restore TabState; creating Tab with last known URL.
09-02 02:35:46.963 17604 17604 E libc    : SetHeapTaggingLevel: re-enabling tagging after it was disabled is not supported
09-02 02:35:46.969 17530 17530 W SystemServiceRegistry: No service published for: uimode
09-02 02:35:46.970 17500 17603 I cr_LibraryLoader: Successfully loaded native library
09-02 02:35:46.971 17500 17603 I cr_CachingUmaRecorder: Flushed 3 samples from 3 histograms.
09-02 02:35:46.977 17530 17530 I cr_ChildProcessService: Creating new ChildProcessService pid=17530
09-02 02:35:46.982 17147 17147 E cr_IntentUtils: getBooleanExtra failed on intent null
09-02 02:35:46.982 17147 17147 E cr_IntentUtils: getBooleanExtra failed on intent null
09-02 02:35:46.989 17604 17604 E cessService0:1: Not starting debugger since process cannot load the jdwp agent.
09-02 02:35:46.990 17568 17568 I LoadedApk: No resource references to update in package com.google.android.trichromelibrary
09-02 02:35:46.991 17147 17147 I cr_tabmodel: #isIncognitoTabBeingRestored from tabDetails:  false
09-02 02:35:46.991 17147 17147 I cr_tabmodel: #isIncognitoTabBeingRestored from tabDetails:  false
09-02 02:35:46.991 17568 17568 D NetworkSecurityConfig: Using Network Security Config from resource 0_resource_name_obfuscated debugBuild: false
09-02 02:35:46.991 17147 17147 W cr_tabmodel: Failed to restore TabState; creating Tab with last known URL.
09-02 02:35:46.991 17530 17562 I cr_LibraryLoader: Using ModernLinker
09-02 02:35:46.993 17530 17562 W linker  : Warning: "/data/app/~~_KLlx60MH8CoecPTjMKp8g==/com.android.chrome-kw9RHYrlHKb9bPXi8OTClw==/base.apk!/lib/arm64-v8a/libchromium_android_linker.so" unused DT entry: unknown processor-specific (type 0x70000001 arg 0x0) (ignoring)
09-02 02:35:46.993 17568 17568 D NetworkSecurityConfig: Using Network Security Config from resource 0_resource_name_obfuscated debugBuild: false
09-02 02:35:46.997 17530 17562 E cr_ChromiumAndroidLinker: ReserveAddressWithHint: Address range starting at 0x7a3875b000 was not free to use
09-02 02:35:46.999 17568 17568 I cr_SplitCompatApp: Launched version=107.0.5304.91 minSdkVersion=29 isBundle=true processName=com.android.chrome:sandboxed_process0:org.chromium.content.app.SandboxedProcessService0:11 isIsolated=true
09-02 02:35:47.000 17199 17199 D Zygote  : Forked child process 17639
09-02 02:35:47.004 17530 17619 I cr_LibraryLoader: Successfully loaded native library
09-02 02:35:47.005 17530 17619 I cr_CachingUmaRecorder: Flushed 3 samples from 3 histograms.
09-02 02:35:47.008  1513  1625 W ActivityManager: Slow operation: 187ms so far, now at startProcess: returned from zygote!
09-02 02:35:47.008  1513  1625 W ActivityManager: Slow operation: 188ms so far, now at startProcess: done updating battery stats
09-02 02:35:47.008  1513  1625 W ActivityManager: Slow operation: 188ms so far, now at startProcess: building log message
09-02 02:35:47.008  1513  1625 I ActivityManager: Start proc 17639:com.android.chrome:sandboxed_process0:org.chromium.content.app.SandboxedProcessService0:13/u0ai13 for  {com.android.chrome/org.chromium.content.app.SandboxedProcessService0:13}
09-02 02:35:47.008  1513  1625 W ActivityManager: Slow operation: 188ms so far, now at startProcess: starting to update pids map
09-02 02:35:47.008  1513  1625 W ActivityManager: Slow operation: 188ms so far, now at startProcess: done updating pids map
09-02 02:35:47.008  1513  1625 W ActivityManager: Slow operation: 155ms so far, now at startProcess: asking zygote to start proc
09-02 02:35:47.011 17639 17639 E libc    : SetHeapTaggingLevel: re-enabling tagging after it was disabled is not supported
09-02 02:35:47.013 17147 17147 E cr_IntentUtils: getBooleanExtra failed on intent null
09-02 02:35:47.013 17147 17147 E cr_IntentUtils: getBooleanExtra failed on intent null
09-02 02:35:47.017  1513  3161 D CompatibilityChangeReporter: Compat change id reported: 136274596; UID 10220; state: ENABLED
09-02 02:35:47.022 17568 17568 W SystemServiceRegistry: No service published for: uimode
09-02 02:35:47.026 17639 17639 E cessService0:1: Not starting debugger since process cannot load the jdwp agent.
09-02 02:35:47.030 17147 17147 I cr_tabmodel: #isIncognitoTabBeingRestored from tabDetails:  false
09-02 02:35:47.030 17147 17147 I cr_tabmodel: #isIncognitoTabBeingRestored from tabDetails:  false
09-02 02:35:47.030 17147 17147 W cr_tabmodel: Failed to restore TabState; creating Tab with last known URL.
09-02 02:35:47.033 17568 17568 I cr_ChildProcessService: Creating new ChildProcessService pid=17568
09-02 02:35:47.040 17568 17599 I cr_LibraryLoader: Using ModernLinker
09-02 02:35:47.042 17568 17599 W linker  : Warning: "/data/app/~~_KLlx60MH8CoecPTjMKp8g==/com.android.chrome-kw9RHYrlHKb9bPXi8OTClw==/base.apk!/lib/arm64-v8a/libchromium_android_linker.so" unused DT entry: unknown processor-specific (type 0x70000001 arg 0x0) (ignoring)
09-02 02:35:47.043 17568 17599 E cr_ChromiumAndroidLinker: ReserveAddressWithHint: Address range starting at 0x7a3875b000 was not free to use
09-02 02:35:47.047 17199 17199 D Zygote  : Forked child process 17668
09-02 02:35:47.048  1513  1625 W ActivityManager: Slow operation: 195ms so far, now at startProcess: returned from zygote!
09-02 02:35:47.048  1513  1625 W ActivityManager: Slow operation: 195ms so far, now at startProcess: done updating battery stats
09-02 02:35:47.048  1513  1625 W ActivityManager: Slow operation: 195ms so far, now at startProcess: building log message
09-02 02:35:47.049  1513  1625 I ActivityManager: Start proc 17668:com.android.chrome:sandboxed_process0:org.chromium.content.app.SandboxedProcessService0:14/u0ai14 for  {com.android.chrome/org.chromium.content.app.SandboxedProcessService0:14}
09-02 02:35:47.049  1513  1625 W ActivityManager: Slow operation: 195ms so far, now at startProcess: starting to update pids map
09-02 02:35:47.049  1513  1625 W ActivityManager: Slow operation: 195ms so far, now at startProcess: done updating pids map
09-02 02:35:47.049  1513  1625 W ActivityManager: Slow operation: 173ms so far, now at startProcess: asking zygote to start proc
09-02 02:35:47.049  1513  1625 D CompatibilityChangeReporter: Compat change id reported: 143937733; UID 10220; state: ENABLED
09-02 02:35:47.052 17668 17668 E libc    : SetHeapTaggingLevel: re-enabling tagging after it was disabled is not supported
09-02 02:35:47.061 17568 17665 I cr_LibraryLoader: Successfully loaded native library
09-02 02:35:47.062  1513  3161 D CompatibilityChangeReporter: Compat change id reported: 136274596; UID 10220; state: ENABLED
09-02 02:35:47.062 17568 17665 I cr_CachingUmaRecorder: Flushed 3 samples from 3 histograms.
09-02 02:35:47.065  1513  2905 D CompatibilityChangeReporter: Compat change id reported: 135634846; UID 10220; state: DISABLED
09-02 02:35:47.066  1513  2905 D CompatibilityChangeReporter: Compat change id reported: 135754954; UID 10220; state: ENABLED
09-02 02:35:47.067 17604 17604 I LoadedApk: No resource references to update in package com.google.android.trichromelibrary
09-02 02:35:47.067 17604 17604 D NetworkSecurityConfig: Using Network Security Config from resource 0_resource_name_obfuscated debugBuild: false
09-02 02:35:47.068 17147 17147 E cr_IntentUtils: getBooleanExtra failed on intent null
09-02 02:35:47.068 17147 17147 E cr_IntentUtils: getBooleanExtra failed on intent null
09-02 02:35:47.068 17604 17604 D NetworkSecurityConfig: Using Network Security Config from resource 0_resource_name_obfuscated debugBuild: false
09-02 02:35:47.070 17604 17604 I cr_SplitCompatApp: Launched version=107.0.5304.91 minSdkVersion=29 isBundle=true processName=com.android.chrome:sandboxed_process0:org.chromium.content.app.SandboxedProcessService0:12 isIsolated=true
09-02 02:35:47.074 17668 17668 E cessService0:1: Not starting debugger since process cannot load the jdwp agent.
09-02 02:35:47.081 17147 17147 I cr_tabmodel: #isIncognitoTabBeingRestored from tabDetails:  false
09-02 02:35:47.081 17147 17147 I cr_tabmodel: #isIncognitoTabBeingRestored from tabDetails:  false
09-02 02:35:47.081 17147 17147 W cr_tabmodel: Failed to restore TabState; creating Tab with last known URL.
09-02 02:35:47.092  1513  2905 D CompatibilityChangeReporter: Compat change id reported: 136274596; UID 10220; state: ENABLED
09-02 02:35:47.100  1513  3161 D CompatibilityChangeReporter: Compat change id reported: 135634846; UID 10220; state: DISABLED
09-02 02:35:47.100  1513  3161 D CompatibilityChangeReporter: Compat change id reported: 135754954; UID 10220; state: ENABLED
09-02 02:35:47.106 17604 17604 W SystemServiceRegistry: No service published for: uimode
09-02 02:35:47.106 17639 17639 I LoadedApk: No resource references to update in package com.google.android.trichromelibrary
09-02 02:35:47.107 17639 17639 D NetworkSecurityConfig: Using Network Security Config from resource 0_resource_name_obfuscated debugBuild: false
09-02 02:35:47.108 17639 17639 D NetworkSecurityConfig: Using Network Security Config from resource 0_resource_name_obfuscated debugBuild: false
09-02 02:35:47.109 17639 17639 I cr_SplitCompatApp: Launched version=107.0.5304.91 minSdkVersion=29 isBundle=true processName=com.android.chrome:sandboxed_process0:org.chromium.content.app.SandboxedProcessService0:13 isIsolated=true
09-02 02:35:47.110 17147 17147 E cr_IntentUtils: getBooleanExtra failed on intent null
09-02 02:35:47.110 17147 17147 E cr_IntentUtils: getBooleanExtra failed on intent null
09-02 02:35:47.113 17604 17604 I cr_ChildProcessService: Creating new ChildProcessService pid=17604
09-02 02:35:47.122 17639 17639 W SystemServiceRegistry: No service published for: uimode
09-02 02:35:47.125 17147 17147 I cr_tabmodel: #isIncognitoTabBeingRestored from tabDetails:  false
09-02 02:35:47.125 17147 17147 I cr_tabmodel: #isIncognitoTabBeingRestored from tabDetails:  false
09-02 02:35:47.125 17147 17147 W cr_tabmodel: Failed to restore TabState; creating Tab with last known URL.
09-02 02:35:47.126 17199 17199 D Zygote  : Forked child process 17706
09-02 02:35:47.128  1513  1625 W ActivityManager: Slow operation: 252ms so far, now at startProcess: returned from zygote!
09-02 02:35:47.128  1513  1625 W ActivityManager: Slow operation: 253ms so far, now at startProcess: done updating battery stats
09-02 02:35:47.128  1513  1625 W ActivityManager: Slow operation: 253ms so far, now at startProcess: building log message
09-02 02:35:47.128  1513  1625 I ActivityManager: Start proc 17706:com.android.chrome:sandboxed_process0:org.chromium.content.app.SandboxedProcessService0:15/u0ai15 for  {com.android.chrome/org.chromium.content.app.SandboxedProcessService0:15}
09-02 02:35:47.128  1513  1625 W ActivityManager: Slow operation: 253ms so far, now at startProcess: starting to update pids map
09-02 02:35:47.129  1513  1625 W ActivityManager: Slow operation: 254ms so far, now at startProcess: done updating pids map
09-02 02:35:47.129  1513  1625 W ActivityManager: Slow operation: 232ms so far, now at startProcess: asking zygote to start proc
09-02 02:35:47.129  1513  1625 D CompatibilityChangeReporter: Compat change id reported: 143937733; UID 10220; state: ENABLED
09-02 02:35:47.131 17706 17706 E libc    : SetHeapTaggingLevel: re-enabling tagging after it was disabled is not supported
09-02 02:35:47.137 17639 17639 I cr_ChildProcessService: Creating new ChildProcessService pid=17639
09-02 02:35:47.143 17639 17683 I cr_LibraryLoader: Using ModernLinker
09-02 02:35:47.146 17639 17683 W linker  : Warning: "/data/app/~~_KLlx60MH8CoecPTjMKp8g==/com.android.chrome-kw9RHYrlHKb9bPXi8OTClw==/base.apk!/lib/arm64-v8a/libchromium_android_linker.so" unused DT entry: unknown processor-specific (type 0x70000001 arg 0x0) (ignoring)
09-02 02:35:47.152 17147 17147 E cr_IntentUtils: getBooleanExtra failed on intent null
09-02 02:35:47.152 17147 17147 E cr_IntentUtils: getBooleanExtra failed on intent null
09-02 02:35:47.154 17668 17668 I LoadedApk: No resource references to update in package com.google.android.trichromelibrary
09-02 02:35:47.155 17668 17668 D NetworkSecurityConfig: Using Network Security Config from resource 0_resource_name_obfuscated debugBuild: false
09-02 02:35:47.156 17668 17668 D NetworkSecurityConfig: Using Network Security Config from resource 0_resource_name_obfuscated debugBuild: false
09-02 02:35:47.157 17147 17147 I cr_tabmodel: #isIncognitoTabBeingRestored from tabDetails:  false
09-02 02:35:47.157 17147 17147 I cr_tabmodel: #isIncognitoTabBeingRestored from tabDetails:  false
09-02 02:35:47.157 17147 17147 W cr_tabmodel: Failed to restore TabState; creating Tab with last known URL.
09-02 02:35:47.158 17639 17683 E cr_ChromiumAndroidLinker: ReserveAddressWithHint: Address range starting at 0x7a3875b000 was not free to use
09-02 02:35:47.160 17706 17706 E cessService0:1: Not starting debugger since process cannot load the jdwp agent.
09-02 02:35:47.166 17604 17659 I cr_LibraryLoader: Using ModernLinker
09-02 02:35:47.168 17604 17659 W linker  : Warning: "/data/app/~~_KLlx60MH8CoecPTjMKp8g==/com.android.chrome-kw9RHYrlHKb9bPXi8OTClw==/base.apk!/lib/arm64-v8a/libchromium_android_linker.so" unused DT entry: unknown processor-specific (type 0x70000001 arg 0x0) (ignoring)
09-02 02:35:47.170 17199 17199 D Zygote  : Forked child process 17723
09-02 02:35:47.171  1513  1625 W ActivityManager: Slow operation: 274ms so far, now at startProcess: returned from zygote!
09-02 02:35:47.171  1513  1625 W ActivityManager: Slow operation: 274ms so far, now at startProcess: done updating battery stats
09-02 02:35:47.171  1513  1625 W ActivityManager: Slow operation: 274ms so far, now at startProcess: building log message
09-02 02:35:47.171  1513  1625 I ActivityManager: Start proc 17723:com.android.chrome:sandboxed_process0:org.chromium.content.app.SandboxedProcessService0:16/u0ai16 for  {com.android.chrome/org.chromium.content.app.SandboxedProcessService0:16}
09-02 02:35:47.171 17604 17659 E cr_ChromiumAndroidLinker: ReserveAddressWithHint: Address range starting at 0x7a3875b000 was not free to use
09-02 02:35:47.171  1513  1625 W ActivityManager: Slow operation: 274ms so far, now at startProcess: starting to update pids map
09-02 02:35:47.174 17668 17668 I cr_SplitCompatApp: Launched version=107.0.5304.91 minSdkVersion=29 isBundle=true processName=com.android.chrome:sandboxed_process0:org.chromium.content.app.SandboxedProcessService0:14 isIsolated=true
09-02 02:35:47.178 17639 17712 I cr_LibraryLoader: Successfully loaded native library
09-02 02:35:47.178  1513  1625 W ActivityManager: Slow operation: 281ms so far, now at startProcess: done updating pids map
09-02 02:35:47.178  1513  1625 W ActivityManager: Slow operation: 248ms so far, now at startProcess: asking zygote to start proc
09-02 02:35:47.179 17604 17704 I cr_LibraryLoader: Successfully loaded native library
09-02 02:35:47.181 17639 17712 I cr_CachingUmaRecorder: Flushed 3 samples from 3 histograms.
09-02 02:35:47.183 17604 17704 I cr_CachingUmaRecorder: Flushed 3 samples from 3 histograms.
09-02 02:35:47.189  1513  3161 D CompatibilityChangeReporter: Compat change id reported: 136274596; UID 10220; state: ENABLED
09-02 02:35:47.192 17723 17723 E libc    : SetHeapTaggingLevel: re-enabling tagging after it was disabled is not supported
09-02 02:35:47.195 17147 17147 E cr_IntentUtils: getBooleanExtra failed on intent null
09-02 02:35:47.195 17147 17147 E cr_IntentUtils: getBooleanExtra failed on intent null
09-02 02:35:47.197  2410  2410 D DeviceStatisticsService: chargerType=2 batteryLevel=100 totalBatteryCapacity=4127300
09-02 02:35:47.197  2410  2410 D DeviceInfoHidlClient: getPowerInfoSupportStatus()=-1
09-02 02:35:47.203 17668 17668 W SystemServiceRegistry: No service published for: uimode
09-02 02:35:47.204 17147 17147 I cr_tabmodel: #isIncognitoTabBeingRestored from tabDetails:  false
09-02 02:35:47.204 17147 17147 I cr_tabmodel: #isIncognitoTabBeingRestored from tabDetails:  false
09-02 02:35:47.204 17147 17147 W cr_tabmodel: Failed to restore TabState; creating Tab with last known URL.
09-02 02:35:47.205  2062 12223 D PowerUI : can't show warning due to - plugged: true status unknown: false
09-02 02:35:47.210 17723 17723 E cessService0:1: Not starting debugger since process cannot load the jdwp agent.
09-02 02:35:47.212 17668 17668 I cr_ChildProcessService: Creating new ChildProcessService pid=17668
09-02 02:35:47.219 17668 17703 I cr_LibraryLoader: Using ModernLinker
09-02 02:35:47.221 17668 17703 W linker  : Warning: "/data/app/~~_KLlx60MH8CoecPTjMKp8g==/com.android.chrome-kw9RHYrlHKb9bPXi8OTClw==/base.apk!/lib/arm64-v8a/libchromium_android_linker.so" unused DT entry: unknown processor-specific (type 0x70000001 arg 0x0) (ignoring)
09-02 02:35:47.222 17668 17703 E cr_ChromiumAndroidLinker: ReserveAddressWithHint: Address range starting at 0x7a3875b000 was not free to use
