09-02 02:33:13.810  1513  4618 E ProcessStats: Executing service ServiceState{cf3a3d8 org.chromium.content.app.SandboxedProcessService0 pkg=com.android.chrome proc=b8c331} without owner
09-02 02:33:13.811  1513  4618 E ProcessStats: Binding service ServiceState{cf3a3d8 org.chromium.content.app.SandboxedProcessService0 pkg=com.android.chrome proc=b8c331} without owner
09-02 02:33:13.812  1513  4618 E ProcessStats: Starting service ServiceState{cf3a3d8 org.chromium.content.app.SandboxedProcessService0 pkg=com.android.chrome proc=b8c331} without owner
09-02 02:33:13.812  1513  4618 E ProcessStats: Binding service ServiceState{cf3a3d8 org.chromium.content.app.SandboxedProcessService0 pkg=com.android.chrome proc=b8c331} without owner
09-02 02:33:13.812 12946 12946 I cr_tabmodel: #isIncognitoTabBeingRestored from tabDetails:  false
09-02 02:33:13.812 12946 12946 I cr_tabmodel: #isIncognitoTabBeingRestored from tabDetails:  false
09-02 02:33:13.812 12946 12946 W cr_tabmodel: Failed to restore TabState; creating Tab with last known URL.
09-02 02:33:13.814  1513  4618 I ActivityManager: Killing 13327:com.android.chrome:sandboxed_process0:org.chromium.content.app.SandboxedProcessService0:11/u0a220i-8988 (adj 0): isolated not needed
09-02 02:33:13.816 12946 12996 W cr_ChildConnAllocator: Ran out of UIDs to allocate.
09-02 02:33:13.817  1513  4618 W ActivityManager: Failed making new process record for com.android.chrome:sandboxed_process0:org.chromium.content.app.SandboxedProcessService0:108/10220 isolated=true
09-02 02:33:13.818  1513  4618 W ActivityManager: Unable to launch app com.android.chrome/10220 for service Intent { cmp=com.android.chrome/org.chromium.content.app.SandboxedProcessService0 }: process is bad
09-02 02:33:13.818  1513  4618 E ProcessStats: Service owner ServiceRecord{ccfefd9 u0 com.android.chrome/org.chromium.content.app.SandboxedProcessService0:108} cleared while exec: pkg=com.android.chrome service=org.chromium.content.app.SandboxedProcessService0 proc=ProcessState{b8c331 com.android.chrome:sandboxed_process0/10220 pkg=com.android.chrome}
09-02 02:33:13.818  1513  4618 E ProcessStats: android.util.Log$TerribleFailure: Service owner ServiceRecord{ccfefd9 u0 com.android.chrome/org.chromium.content.app.SandboxedProcessService0:108} cleared while exec: pkg=com.android.chrome service=org.chromium.content.app.SandboxedProcessService0 proc=ProcessState{b8c331 com.android.chrome:sandboxed_process0/10220 pkg=com.android.chrome}
09-02 02:33:13.818  1513  4618 E ProcessStats: 	at android.util.Log.wtf(Log.java:313)
09-02 02:33:13.818  1513  4618 E ProcessStats: 	at android.util.Slog.wtfStack(Slog.java:111)
09-02 02:33:13.818  1513  4618 E ProcessStats: 	at com.android.internal.app.procstats.ServiceState.clearCurrentOwner(ServiceState.java:187)
09-02 02:33:13.818  1513  4618 E ProcessStats: 	at com.android.server.am.ActiveServices.bringDownServiceLocked(ActiveServices.java:3424)
09-02 02:33:13.818  1513  4618 E ProcessStats: 	at com.android.server.am.ActiveServices.bringUpServiceLocked(ActiveServices.java:2955)
09-02 02:33:13.818  1513  4618 E ProcessStats: 	at com.android.server.am.ActiveServices.bindServiceLocked(ActiveServices.java:2064)
09-02 02:33:13.818  1513  4618 E ProcessStats: 	at com.android.server.am.ActivityManagerService.bindIsolatedService(ActivityManagerService.java:15169)
09-02 02:33:13.818  1513  4618 E ProcessStats: 	at android.app.IActivityManager$Stub.onTransact(IActivityManager.java:2563)
09-02 02:33:13.818  1513  4618 E ProcessStats: 	at com.android.server.am.ActivityManagerService.onTransact(ActivityManagerService.java:2867)
09-02 02:33:13.818  1513  4618 E ProcessStats: 	at android.os.Binder.execTransactInternal(Binder.java:1154)
09-02 02:33:13.818  1513  4618 E ProcessStats: 	at android.os.Binder.execTransact(Binder.java:1123)
09-02 02:33:13.818  1513  1640 I libprocessgroup: Successfully killed process cgroup uid 90012 pid 13327 in 0ms
09-02 02:33:13.819 12946 12996 W cr_ChildProcessConn: Fallback to ComponentInfo{com.android.chrome/org.chromium.content.app.SandboxedProcessService1}
09-02 02:33:13.823 12946 12946 E cr_IntentUtils: getBooleanExtra failed on intent null
09-02 02:33:13.823 12946 12946 E cr_IntentUtils: getBooleanExtra failed on intent null
09-02 02:33:13.830  1513  3375 E ProcessStats: Executing service ServiceState{cf3a3d8 org.chromium.content.app.SandboxedProcessService0 pkg=com.android.chrome proc=b8c331} without owner
09-02 02:33:13.831  1513  3375 E ProcessStats: Binding service ServiceState{cf3a3d8 org.chromium.content.app.SandboxedProcessService0 pkg=com.android.chrome proc=b8c331} without owner
09-02 02:33:13.832  1513  3375 E ProcessStats: Starting service ServiceState{cf3a3d8 org.chromium.content.app.SandboxedProcessService0 pkg=com.android.chrome proc=b8c331} without owner
09-02 02:33:13.833  1513  3375 E ProcessStats: Binding service ServiceState{cf3a3d8 org.chromium.content.app.SandboxedProcessService0 pkg=com.android.chrome proc=b8c331} without owner
09-02 02:33:13.835  1513  3375 I ActivityManager: Killing 13354:com.android.chrome:sandboxed_process0:org.chromium.content.app.SandboxedProcessService0:12/u0a220i-8987 (adj 0): isolated not needed
09-02 02:33:13.836 12946 12946 I cr_tabmodel: Loaded tab lists; counts: 132,0
09-02 02:33:13.836  1513  1640 I libprocessgroup: Successfully killed process cgroup uid 90013 pid 13354 in 0ms
09-02 02:33:13.840 12946 12996 W cr_ChildConnAllocator: Ran out of UIDs to allocate.
09-02 02:33:13.849  1513  3375 W ActivityManager: Failed making new process record for com.android.chrome:sandboxed_process0:org.chromium.content.app.SandboxedProcessService0:109/10220 isolated=true
09-02 02:33:13.849  1513  3375 W ActivityManager: Unable to launch app com.android.chrome/10220 for service Intent { cmp=com.android.chrome/org.chromium.content.app.SandboxedProcessService0 }: process is bad
09-02 02:33:13.850  1513  3375 E ProcessStats: Service owner ServiceRecord{aad5d4d u0 com.android.chrome/org.chromium.content.app.SandboxedProcessService0:109} cleared while exec: pkg=com.android.chrome service=org.chromium.content.app.SandboxedProcessService0 proc=ProcessState{b8c331 com.android.chrome:sandboxed_process0/10220 pkg=com.android.chrome}
09-02 02:33:13.850  1513  3375 E ProcessStats: android.util.Log$TerribleFailure: Service owner ServiceRecord{aad5d4d u0 com.android.chrome/org.chromium.content.app.SandboxedProcessService0:109} cleared while exec: pkg=com.android.chrome service=org.chromium.content.app.SandboxedProcessService0 proc=ProcessState{b8c331 com.android.chrome:sandboxed_process0/10220 pkg=com.android.chrome}
09-02 02:33:13.850  1513  3375 E ProcessStats: 	at android.util.Log.wtf(Log.java:313)
09-02 02:33:13.850  1513  3375 E ProcessStats: 	at android.util.Slog.wtfStack(Slog.java:111)
09-02 02:33:13.850  1513  3375 E ProcessStats: 	at com.android.internal.app.procstats.ServiceState.clearCurrentOwner(ServiceState.java:187)
09-02 02:33:13.850  1513  3375 E ProcessStats: 	at com.android.server.am.ActiveServices.bringDownServiceLocked(ActiveServices.java:3424)
09-02 02:33:13.850  1513  3375 E ProcessStats: 	at com.android.server.am.ActiveServices.bringUpServiceLocked(ActiveServices.java:2955)
09-02 02:33:13.850  1513  3375 E ProcessStats: 	at com.android.server.am.ActiveServices.bindServiceLocked(ActiveServices.java:2064)
09-02 02:33:13.850  1513  3375 E ProcessStats: 	at com.android.server.am.ActivityManagerService.bindIsolatedService(ActivityManagerService.java:15169)
09-02 02:33:13.850  1513  3375 E ProcessStats: 	at android.app.IActivityManager$Stub.onTransact(IActivityManager.java:2563)
09-02 02:33:13.850  1513  3375 E ProcessStats: 	at com.android.server.am.ActivityManagerService.onTransact(ActivityManagerService.java:2867)
09-02 02:33:13.850  1513  3375 E ProcessStats: 	at android.os.Binder.execTransactInternal(Binder.java:1154)
09-02 02:33:13.850  1513  3375 E ProcessStats: 	at android.os.Binder.execTransact(Binder.java:1123)
09-02 02:33:13.850 12946 12996 W cr_ChildProcessConn: Fallback to ComponentInfo{com.android.chrome/org.chromium.content.app.SandboxedProcessService1}
09-02 02:33:13.896  1513  3375 E ProcessStats: Executing service ServiceState{cf3a3d8 org.chromium.content.app.SandboxedProcessService0 pkg=com.android.chrome proc=b8c331} without owner
09-02 02:33:13.897  1513  3375 E ProcessStats: Binding service ServiceState{cf3a3d8 org.chromium.content.app.SandboxedProcessService0 pkg=com.android.chrome proc=b8c331} without owner
09-02 02:33:13.897  1513  3375 E ProcessStats: Starting service ServiceState{cf3a3d8 org.chromium.content.app.SandboxedProcessService0 pkg=com.android.chrome proc=b8c331} without owner
09-02 02:33:13.898  1513  3375 E ProcessStats: Binding service ServiceState{cf3a3d8 org.chromium.content.app.SandboxedProcessService0 pkg=com.android.chrome proc=b8c331} without owner
09-02 02:33:13.899  1513  3375 I ActivityManager: Killing 13389:com.android.chrome:sandboxed_process0:org.chromium.content.app.SandboxedProcessService0:13/u0a220i-8986 (adj 0): isolated not needed
09-02 02:33:13.900  1513  1640 I libprocessgroup: Successfully killed process cgroup uid 90014 pid 13389 in 0ms
09-02 02:33:13.903  1513  3375 W ActivityManager: Failed making new process record for com.android.chrome:sandboxed_process0:org.chromium.content.app.SandboxedProcessService0:110/10220 isolated=true
09-02 02:33:13.904  1513  3375 W ActivityManager: Unable to launch app com.android.chrome/10220 for service Intent { cmp=com.android.chrome/org.chromium.content.app.SandboxedProcessService0 }: process is bad
09-02 02:33:13.904  1513  3375 E ProcessStats: Service owner ServiceRecord{80b7567 u0 com.android.chrome/org.chromium.content.app.SandboxedProcessService0:110} cleared while exec: pkg=com.android.chrome service=org.chromium.content.app.SandboxedProcessService0 proc=ProcessState{b8c331 com.android.chrome:sandboxed_process0/10220 pkg=com.android.chrome}
09-02 02:33:13.904  1513  3375 E ProcessStats: android.util.Log$TerribleFailure: Service owner ServiceRecord{80b7567 u0 com.android.chrome/org.chromium.content.app.SandboxedProcessService0:110} cleared while exec: pkg=com.android.chrome service=org.chromium.content.app.SandboxedProcessService0 proc=ProcessState{b8c331 com.android.chrome:sandboxed_process0/10220 pkg=com.android.chrome}
09-02 02:33:13.904  1513  3375 E ProcessStats: 	at android.util.Log.wtf(Log.java:313)
09-02 02:33:13.904  1513  3375 E ProcessStats: 	at android.util.Slog.wtfStack(Slog.java:111)
09-02 02:33:13.904  1513  3375 E ProcessStats: 	at com.android.internal.app.procstats.ServiceState.clearCurrentOwner(ServiceState.java:187)
09-02 02:33:13.904  1513  3375 E ProcessStats: 	at com.android.server.am.ActiveServices.bringDownServiceLocked(ActiveServices.java:3424)
09-02 02:33:13.904  1513  3375 E ProcessStats: 	at com.android.server.am.ActiveServices.bringUpServiceLocked(ActiveServices.java:2955)
09-02 02:33:13.904  1513  3375 E ProcessStats: 	at com.android.server.am.ActiveServices.bindServiceLocked(ActiveServices.java:2064)
09-02 02:33:13.904  1513  3375 E ProcessStats: 	at com.android.server.am.ActivityManagerService.bindIsolatedService(ActivityManagerService.java:15169)
09-02 02:33:13.904  1513  3375 E ProcessStats: 	at android.app.IActivityManager$Stub.onTransact(IActivityManager.java:2563)
09-02 02:33:13.904  1513  3375 E ProcessStats: 	at com.android.server.am.ActivityManagerService.onTransact(ActivityManagerService.java:2867)
09-02 02:33:13.904  1513  3375 E ProcessStats: 	at android.os.Binder.execTransactInternal(Binder.java:1154)
09-02 02:33:13.904  1513  3375 E ProcessStats: 	at android.os.Binder.execTransact(Binder.java:1123)
09-02 02:33:13.905 12946 12996 W cr_ChildProcessConn: Fallback to ComponentInfo{com.android.chrome/org.chromium.content.app.SandboxedProcessService1}
09-02 02:33:13.935   901  2806 I sensors-hal: [ssc_utils]get_qmi_debug_flag:244, support_qmi_debug : false
09-02 02:33:13.940 14620 14620 I LoadedApk: No resource references to update in package com.google.android.trichromelibrary
09-02 02:33:13.940 14620 14620 D NetworkSecurityConfig: Using Network Security Config from resource 0_resource_name_obfuscated debugBuild: false
09-02 02:33:13.942 14620 14620 D NetworkSecurityConfig: Using Network Security Config from resource 0_resource_name_obfuscated debugBuild: false
09-02 02:33:13.943 14620 14620 I cr_SplitCompatApp: Launched version=107.0.5304.91 minSdkVersion=29 isBundle=true processName=com.android.chrome:sandboxed_process0:org.chromium.content.app.SandboxedProcessService0:52 isIsolated=true
09-02 02:33:13.946   901  1000 W ASH     : @ 59980.397: Unhandled msg ID 999: line 1277
09-02 02:33:13.946   901  1000 E ASH     : @ 59980.397: No pb callback assigned
09-02 02:33:13.946   901  1000 E ASH     : @ 59980.397: Nanopb error: callback failed:1588
09-02 02:33:13.954 14620 14620 W SystemServiceRegistry: No service published for: uimode
09-02 02:33:13.959 14620 14620 I cr_ChildProcessService: Creating new ChildProcessService pid=14620
09-02 02:33:13.962  1513  4618 E ProcessStats: Executing service ServiceState{cf3a3d8 org.chromium.content.app.SandboxedProcessService0 pkg=com.android.chrome proc=b8c331} without owner
09-02 02:33:13.963  1513  4618 E ProcessStats: Foregrounding service ServiceState{cf3a3d8 org.chromium.content.app.SandboxedProcessService0 pkg=com.android.chrome proc=b8c331} without owner
09-02 02:33:13.964 14620 14639 I cr_LibraryLoader: Using ModernLinker
09-02 02:33:13.966 14620 14639 W linker  : Warning: "/data/app/~~_KLlx60MH8CoecPTjMKp8g==/com.android.chrome-kw9RHYrlHKb9bPXi8OTClw==/base.apk!/lib/arm64-v8a/libchromium_android_linker.so" unused DT entry: unknown processor-specific (type 0x70000001 arg 0x0) (ignoring)
09-02 02:33:13.967 14620 14639 E cr_ChromiumAndroidLinker: ReserveAddressWithHint: Address range starting at 0x7a3871a000 was not free to use
09-02 02:33:13.997 14620 14693 I cr_LibraryLoader: Successfully loaded native library
09-02 02:33:14.007   901  1000 I ASH     : @ 59980.457: tcs3701: ADC is saturated, removed sample from FIFO.
09-02 02:33:14.007 12946 12946 I cr_TabWebContentsObs: renderProcessGone() for tab id: 6244, already needs reload: false
09-02 02:33:14.014 11631 11631 D Zygote  : Forked child process 14715
09-02 02:33:14.014 11631 11631 I Zygote  : Process 13159 exited due to signal 9 (Killed)
09-02 02:33:14.015 14715 14715 E libc    : SetHeapTaggingLevel: re-enabling tagging after it was disabled is not supported
09-02 02:33:14.016  1513  1625 W ActivityManager: Slow operation: 1652ms so far, now at startProcess: returned from zygote!
09-02 02:33:14.016  1513  1625 W ActivityManager: Slow operation: 1652ms so far, now at startProcess: done updating battery stats
09-02 02:33:14.017  1513  1625 W ActivityManager: Slow operation: 1652ms so far, now at startProcess: building log message
09-02 02:33:14.017  1513  1625 I ActivityManager: Start proc 14715:com.android.chrome:sandboxed_process0:org.chromium.content.app.SandboxedProcessService0:53/u0ai54 for  {com.android.chrome/org.chromium.content.app.SandboxedProcessService0:53}
09-02 02:33:14.017  1513  1625 W ActivityManager: Slow operation: 1652ms so far, now at startProcess: starting to update pids map
09-02 02:33:14.017  1513  1625 W ActivityManager: Slow operation: 1652ms so far, now at startProcess: done updating pids map
09-02 02:33:14.017  1513  1625 W ActivityManager: Slow operation: 1613ms so far, now at startProcess: asking zygote to start proc
09-02 02:33:14.017  1513  1625 D CompatibilityChangeReporter: Compat change id reported: 143937733; UID 10220; state: ENABLED
09-02 02:33:14.019 14715 14715 E cessService0:5: Not starting debugger since process cannot load the jdwp agent.
09-02 02:33:14.024 11631 11631 D Zygote  : Forked child process 14731
09-02 02:33:14.025  1513  1625 W ActivityManager: Slow operation: 1622ms so far, now at startProcess: returned from zygote!
09-02 02:33:14.025  1513  1625 W ActivityManager: Slow operation: 1622ms so far, now at startProcess: done updating battery stats
09-02 02:33:14.025  1513  1625 W ActivityManager: Slow operation: 1622ms so far, now at startProcess: building log message
09-02 02:33:14.025  1513  1625 I ActivityManager: Start proc 14731:com.android.chrome:sandboxed_process0:org.chromium.content.app.SandboxedProcessService0:54/u0ai55 for  {com.android.chrome/org.chromium.content.app.SandboxedProcessService0:54}
09-02 02:33:14.025  1513  1625 W ActivityManager: Slow operation: 1622ms so far, now at startProcess: starting to update pids map
09-02 02:33:14.025  1513  1625 W ActivityManager: Slow operation: 1622ms so far, now at startProcess: done updating pids map
09-02 02:33:14.025  1513  1625 W ActivityManager: Slow operation: 1603ms so far, now at startProcess: asking zygote to start proc
09-02 02:33:14.027 14731 14731 E libc    : SetHeapTaggingLevel: re-enabling tagging after it was disabled is not supported
09-02 02:33:14.029  1513  2264 E ProcessStats: Executing service ServiceState{cf3a3d8 org.chromium.content.app.SandboxedProcessService0 pkg=com.android.chrome proc=b8c331} without owner
09-02 02:33:14.029  1513  2264 D CompatibilityChangeReporter: Compat change id reported: 136274596; UID 10220; state: ENABLED
09-02 02:33:14.034 14620 14693 I cr_CachingUmaRecorder: Flushed 3 samples from 3 histograms.
09-02 02:33:14.038 11631 11631 D Zygote  : Forked child process 14742
09-02 02:33:14.039 11631 11631 I Zygote  : Process 13124 exited due to signal 9 (Killed)
09-02 02:33:14.040  1513  1625 W ActivityManager: Slow operation: 1618ms so far, now at startProcess: returned from zygote!
09-02 02:33:14.043 12946 12946 I cr_TabWebContentsObs: renderProcessGone() for tab id: 6242, already needs reload: false
09-02 02:33:14.043  1513  1625 W ActivityManager: Slow operation: 1621ms so far, now at startProcess: done updating battery stats
09-02 02:33:14.043  1513  1625 W ActivityManager: Slow operation: 1621ms so far, now at startProcess: building log message
09-02 02:33:14.043  1513  1625 I ActivityManager: Start proc 14742:com.android.chrome:sandboxed_process0:org.chromium.content.app.SandboxedProcessService0:55/u0ai56 for  {com.android.chrome/org.chromium.content.app.SandboxedProcessService0:55}
09-02 02:33:14.043  1513  1625 W ActivityManager: Slow operation: 1621ms so far, now at startProcess: starting to update pids map
09-02 02:33:14.044  1513  1625 W ActivityManager: Slow operation: 1621ms so far, now at startProcess: done updating pids map
09-02 02:33:14.044  1513  1625 W ActivityManager: Slow operation: 1582ms so far, now at startProcess: asking zygote to start proc
09-02 02:33:14.044  1513  1625 D CompatibilityChangeReporter: Compat change id reported: 143937733; UID 10220; state: ENABLED
09-02 02:33:14.044 14731 14731 E cessService0:5: Not starting debugger since process cannot load the jdwp agent.
09-02 02:33:14.050 14742 14742 E libc    : SetHeapTaggingLevel: re-enabling tagging after it was disabled is not supported
09-02 02:33:14.053  1513  3232 E ProcessStats: Executing service ServiceState{cf3a3d8 org.chromium.content.app.SandboxedProcessService0 pkg=com.android.chrome proc=b8c331} without owner
09-02 02:33:14.054  1513  3232 D CompatibilityChangeReporter: Compat change id reported: 136274596; UID 10220; state: ENABLED
09-02 02:33:14.057 14715 14715 I LoadedApk: No resource references to update in package com.google.android.trichromelibrary
09-02 02:33:14.057 14715 14715 D NetworkSecurityConfig: Using Network Security Config from resource 0_resource_name_obfuscated debugBuild: false
09-02 02:33:14.057 14742 14742 E cessService0:5: Not starting debugger since process cannot load the jdwp agent.
09-02 02:33:14.057 14715 14715 D NetworkSecurityConfig: Using Network Security Config from resource 0_resource_name_obfuscated debugBuild: false
09-02 02:33:14.058 14715 14715 I cr_SplitCompatApp: Launched version=107.0.5304.91 minSdkVersion=29 isBundle=true processName=com.android.chrome:sandboxed_process0:org.chromium.content.app.SandboxedProcessService0:53 isIsolated=true
09-02 02:33:14.062  9624  9624 I VISHotwordAdapter: Not connected and not waiting for connection.
09-02 02:33:14.065  9624  9624 I VISHotwordAdapter: Still waiting for connection; add the callback to callback list
09-02 02:33:14.066 11631 11631 D Zygote  : Forked child process 14767
09-02 02:33:14.067 14767 14767 E libc    : SetHeapTaggingLevel: re-enabling tagging after it was disabled is not supported
09-02 02:33:14.067 14715 14715 W SystemServiceRegistry: No service published for: uimode
09-02 02:33:14.068  1513  1625 W ActivityManager: Slow operation: 1606ms so far, now at startProcess: returned from zygote!
09-02 02:33:14.068  1513  1625 W ActivityManager: Slow operation: 1607ms so far, now at startProcess: done updating battery stats
09-02 02:33:14.068  1513  1625 W ActivityManager: Slow operation: 1607ms so far, now at startProcess: building log message
09-02 02:33:14.068  1513  1625 I ActivityManager: Start proc 14767:com.android.chrome:sandboxed_process0:org.chromium.content.app.SandboxedProcessService0:56/u0ai57 for  {com.android.chrome/org.chromium.content.app.SandboxedProcessService0:56}
09-02 02:33:14.068  1513  1625 W ActivityManager: Slow operation: 1607ms so far, now at startProcess: starting to update pids map
09-02 02:33:14.068  1513  1625 W ActivityManager: Slow operation: 1607ms so far, now at startProcess: done updating pids map
09-02 02:33:14.068  1513  1625 W ActivityManager: Slow operation: 1574ms so far, now at startProcess: asking zygote to start proc
09-02 02:33:14.069  1513  1625 D CompatibilityChangeReporter: Compat change id reported: 143937733; UID 10220; state: ENABLED
09-02 02:33:14.070  9624  9624 I A       : getLocaleToModelSpecsMap
09-02 02:33:14.070  9624  9624 I A       : Using proto config with mendel
09-02 02:33:14.070  9624  9624 I A       : getLocaleToModelSpecsMap
09-02 02:33:14.070  9624  9624 I A       : Using proto config with mendel
09-02 02:33:14.070  9624  9624 I A       : getLocaleToModelSpecsMap
09-02 02:33:14.070  9624  9624 I A       : Using proto config with mendel
09-02 02:33:14.071 14767 14767 E cessService0:5: Not starting debugger since process cannot load the jdwp agent.
09-02 02:33:14.072 12946 12946 I cr_StartSurface: Recorded Startup.Android.StartSurfaceShownAtStartup = false
09-02 02:33:14.073 14715 14715 I cr_ChildProcessService: Creating new ChildProcessService pid=14715
09-02 02:33:14.076  1513  3232 E ProcessStats: Executing service ServiceState{cf3a3d8 org.chromium.content.app.SandboxedProcessService0 pkg=com.android.chrome proc=b8c331} without owner
09-02 02:33:14.076  1513  3232 D CompatibilityChangeReporter: Compat change id reported: 136274596; UID 10220; state: ENABLED
09-02 02:33:14.080  1513  3240 E ProcessStats: Executing service ServiceState{cf3a3d8 org.chromium.content.app.SandboxedProcessService0 pkg=com.android.chrome proc=b8c331} without owner
09-02 02:33:14.081  1513  3240 E ProcessStats: Foregrounding service ServiceState{cf3a3d8 org.chromium.content.app.SandboxedProcessService0 pkg=com.android.chrome proc=b8c331} without owner
09-02 02:33:14.081 14731 14731 I LoadedApk: No resource references to update in package com.google.android.trichromelibrary
09-02 02:33:14.082 14731 14731 D NetworkSecurityConfig: Using Network Security Config from resource 0_resource_name_obfuscated debugBuild: false
09-02 02:33:14.082 11631 11631 D Zygote  : Forked child process 14787
09-02 02:33:14.082 14731 14731 D NetworkSecurityConfig: Using Network Security Config from resource 0_resource_name_obfuscated debugBuild: false
09-02 02:33:14.083 14731 14731 I cr_SplitCompatApp: Launched version=107.0.5304.91 minSdkVersion=29 isBundle=true processName=com.android.chrome:sandboxed_process0:org.chromium.content.app.SandboxedProcessService0:54 isIsolated=true
09-02 02:33:14.083 14715 14741 I cr_LibraryLoader: Using ModernLinker
09-02 02:33:14.083  1513  1625 W ActivityManager: Slow operation: 1589ms so far, now at startProcess: returned from zygote!
09-02 02:33:14.084  1513  4618 E ProcessStats: Executing service ServiceState{cf3a3d8 org.chromium.content.app.SandboxedProcessService0 pkg=com.android.chrome proc=b8c331} without owner
09-02 02:33:14.084  1513  4618 D CompatibilityChangeReporter: Compat change id reported: 136274596; UID 10220; state: ENABLED
09-02 02:33:14.087  1513  1625 W ActivityManager: Slow operation: 1593ms so far, now at startProcess: done updating battery stats
09-02 02:33:14.087  1513  1625 W ActivityManager: Slow operation: 1593ms so far, now at startProcess: building log message
09-02 02:33:14.087  1513  1625 I ActivityManager: Start proc 14787:com.android.chrome:sandboxed_process0:org.chromium.content.app.SandboxedProcessService0:57/u0ai58 for  {com.android.chrome/org.chromium.content.app.SandboxedProcessService0:57}
09-02 02:33:14.087  1513  1625 W ActivityManager: Slow operation: 1593ms so far, now at startProcess: starting to update pids map
09-02 02:33:14.087  1513  1625 W ActivityManager: Slow operation: 1593ms so far, now at startProcess: done updating pids map
09-02 02:33:14.087  1513  1625 W ActivityManager: Slow operation: 1585ms so far, now at startProcess: asking zygote to start proc
09-02 02:33:14.087  1513  1625 D CompatibilityChangeReporter: Compat change id reported: 143937733; UID 10220; state: ENABLED
09-02 02:33:14.088 14715 14741 W linker  : Warning: "/data/app/~~_KLlx60MH8CoecPTjMKp8g==/com.android.chrome-kw9RHYrlHKb9bPXi8OTClw==/base.apk!/lib/arm64-v8a/libchromium_android_linker.so" unused DT entry: unknown processor-specific (type 0x70000001 arg 0x0) (ignoring)
09-02 02:33:14.088 14787 14787 E libc    : SetHeapTaggingLevel: re-enabling tagging after it was disabled is not supported
09-02 02:33:14.089 14715 14741 E cr_ChromiumAndroidLinker: ReserveAddressWithHint: Address range starting at 0x7a3871a000 was not free to use
09-02 02:33:14.090 14731 14731 W SystemServiceRegistry: No service published for: uimode
09-02 02:33:14.091 11631 11631 I Zygote  : Process 13091 exited due to signal 9 (Killed)
09-02 02:33:14.098 14731 14731 I cr_ChildProcessService: Creating new ChildProcessService pid=14731
09-02 02:33:14.102 12946 12946 I cr_TabWebContentsObs: renderProcessGone() for tab id: 6240, already needs reload: false
09-02 02:33:14.105  1513  3240 E ProcessStats: Executing service ServiceState{cf3a3d8 org.chromium.content.app.SandboxedProcessService0 pkg=com.android.chrome proc=b8c331} without owner
09-02 02:33:14.105  1513  3240 E ProcessStats: Foregrounding service ServiceState{cf3a3d8 org.chromium.content.app.SandboxedProcessService0 pkg=com.android.chrome proc=b8c331} without owner
09-02 02:33:14.107 14787 14787 E cessService0:5: Not starting debugger since process cannot load the jdwp agent.
09-02 02:33:14.107 11631 11631 D Zygote  : Forked child process 14799
09-02 02:33:14.107 14731 14760 I cr_LibraryLoader: Using ModernLinker
09-02 02:33:14.108 14799 14799 E libc    : SetHeapTaggingLevel: re-enabling tagging after it was disabled is not supported
09-02 02:33:14.109  1513  1625 W ActivityManager: Slow operation: 1606ms so far, now at startProcess: returned from zygote!
09-02 02:33:14.109  1513  1625 W ActivityManager: Slow operation: 1606ms so far, now at startProcess: done updating battery stats
09-02 02:33:14.109  1513  1625 W ActivityManager: Slow operation: 1606ms so far, now at startProcess: building log message
09-02 02:33:14.109  1513  1625 I ActivityManager: Start proc 14799:com.android.chrome:sandboxed_process0:org.chromium.content.app.SandboxedProcessService0:58/u0ai59 for  {com.android.chrome/org.chromium.content.app.SandboxedProcessService0:58}
09-02 02:33:14.109  1513  1625 W ActivityManager: Slow operation: 1607ms so far, now at startProcess: starting to update pids map
09-02 02:33:14.109  1513  1625 W ActivityManager: Slow operation: 1607ms so far, now at startProcess: done updating pids map
09-02 02:33:14.109  1513  1625 W ActivityManager: Slow operation: 1590ms so far, now at startProcess: asking zygote to start proc
09-02 02:33:14.110 14731 14760 W linker  : Warning: "/data/app/~~_KLlx60MH8CoecPTjMKp8g==/com.android.chrome-kw9RHYrlHKb9bPXi8OTClw==/base.apk!/lib/arm64-v8a/libchromium_android_linker.so" unused DT entry: unknown processor-specific (type 0x70000001 arg 0x0) (ignoring)
09-02 02:33:14.110 14799 14799 E cessService0:5: Not starting debugger since process cannot load the jdwp agent.
09-02 02:33:14.111 14731 14760 E cr_ChromiumAndroidLinker: ReserveAddressWithHint: Address range starting at 0x7a3871a000 was not free to use
09-02 02:33:14.116 12946 12996 I cr_BindingManager: Visible binding enabled: maxSize=-1
09-02 02:33:14.123 11631 11631 D Zygote  : Forked child process 14824
09-02 02:33:14.124 14715 14785 I cr_LibraryLoader: Successfully loaded native library
09-02 02:33:14.124  1513  1625 W ActivityManager: Slow operation: 1604ms so far, now at startProcess: returned from zygote!
09-02 02:33:14.124  1513  1625 W ActivityManager: Slow operation: 1605ms so far, now at startProcess: done updating battery stats
09-02 02:33:14.124  1513  1625 W ActivityManager: Slow operation: 1605ms so far, now at startProcess: building log message
09-02 02:33:14.124  1513  1625 I ActivityManager: Start proc 14824:com.android.chrome:sandboxed_process0:org.chromium.content.app.SandboxedProcessService0:59/u0ai60 for  {com.android.chrome/org.chromium.content.app.SandboxedProcessService0:59}
09-02 02:33:14.124  1513  1625 W ActivityManager: Slow operation: 1605ms so far, now at startProcess: starting to update pids map
09-02 02:33:14.124  1513  1625 W ActivityManager: Slow operation: 1605ms so far, now at startProcess: done updating pids map
09-02 02:33:14.124  1513  1625 W ActivityManager: Slow operation: 1577ms so far, now at startProcess: asking zygote to start proc
09-02 02:33:14.126 14824 14824 E libc    : SetHeapTaggingLevel: re-enabling tagging after it was disabled is not supported
09-02 02:33:14.126 14715 14785 I cr_CachingUmaRecorder: Flushed 3 samples from 3 histograms.
09-02 02:33:14.128 14731 14798 I cr_LibraryLoader: Successfully loaded native library
09-02 02:33:14.129 14731 14798 I cr_CachingUmaRecorder: Flushed 3 samples from 3 histograms.
09-02 02:33:14.130  1513  3232 E ProcessStats: Executing service ServiceState{cf3a3d8 org.chromium.content.app.SandboxedProcessService0 pkg=com.android.chrome proc=b8c331} without owner
09-02 02:33:14.130  1513  3232 D CompatibilityChangeReporter: Compat change id reported: 136274596; UID 10220; state: ENABLED
09-02 02:33:14.132 14742 14742 I LoadedApk: No resource references to update in package com.google.android.trichromelibrary
09-02 02:33:14.132 14742 14742 D NetworkSecurityConfig: Using Network Security Config from resource 0_resource_name_obfuscated debugBuild: false
09-02 02:33:14.133 14742 14742 D NetworkSecurityConfig: Using Network Security Config from resource 0_resource_name_obfuscated debugBuild: false
09-02 02:33:14.134 14742 14742 I cr_SplitCompatApp: Launched version=107.0.5304.91 minSdkVersion=29 isBundle=true processName=com.android.chrome:sandboxed_process0:org.chromium.content.app.SandboxedProcessService0:55 isIsolated=true
09-02 02:33:14.141 11631 11631 D Zygote  : Forked child process 14838
09-02 02:33:14.143  1513  1625 W ActivityManager: Slow operation: 1595ms so far, now at startProcess: returned from zygote!
09-02 02:33:14.143 14838 14838 E libc    : SetHeapTaggingLevel: re-enabling tagging after it was disabled is not supported
09-02 02:33:14.144  1513  1625 W ActivityManager: Slow operation: 1596ms so far, now at startProcess: done updating battery stats
09-02 02:33:14.144  1513  1625 W ActivityManager: Slow operation: 1596ms so far, now at startProcess: building log message
09-02 02:33:14.144  1513  1625 I ActivityManager: Start proc 14838:com.android.chrome:sandboxed_process0:org.chromium.content.app.SandboxedProcessService0:60/u0ai61 for  {com.android.chrome/org.chromium.content.app.SandboxedProcessService0:60}
09-02 02:33:14.144  1513  1625 W ActivityManager: Slow operation: 1596ms so far, now at startProcess: starting to update pids map
09-02 02:33:14.144  1513  1625 W ActivityManager: Slow operation: 1597ms so far, now at startProcess: done updating pids map
09-02 02:33:14.145  1513  1625 W ActivityManager: Slow operation: 1559ms so far, now at startProcess: asking zygote to start proc
09-02 02:33:14.145  1513  1625 D CompatibilityChangeReporter: Compat change id reported: 143937733; UID 10220; state: ENABLED
09-02 02:33:14.148 14838 14838 E cessService0:6: Not starting debugger since process cannot load the jdwp agent.
09-02 02:33:14.149  1513  2264 E ProcessStats: Executing service ServiceState{cf3a3d8 org.chromium.content.app.SandboxedProcessService0 pkg=com.android.chrome proc=b8c331} without owner
09-02 02:33:14.149  1513  2264 D CompatibilityChangeReporter: Compat change id reported: 136274596; UID 10220; state: ENABLED
09-02 02:33:14.152  3088  3121 I GsaVoiceInteractionSrv: (REDACTED) isHotwordRecognitionEnabled %b %b
09-02 02:33:14.153 14767 14767 I LoadedApk: No resource references to update in package com.google.android.trichromelibrary
09-02 02:33:14.154 14767 14767 D NetworkSecurityConfig: Using Network Security Config from resource 0_resource_name_obfuscated debugBuild: false
09-02 02:33:14.154 14767 14767 D NetworkSecurityConfig: Using Network Security Config from resource 0_resource_name_obfuscated debugBuild: false
09-02 02:33:14.156 14767 14767 I cr_SplitCompatApp: Launched version=107.0.5304.91 minSdkVersion=29 isBundle=true processName=com.android.chrome:sandboxed_process0:org.chromium.content.app.SandboxedProcessService0:56 isIsolated=true
09-02 02:33:14.157 14742 14742 W SystemServiceRegistry: No service published for: uimode
09-02 02:33:14.159 11631 11631 D Zygote  : Forked child process 14856
09-02 02:33:14.160 14856 14856 E libc    : SetHeapTaggingLevel: re-enabling tagging after it was disabled is not supported
09-02 02:33:14.161  1513  1625 W ActivityManager: Slow operation: 1576ms so far, now at startProcess: returned from zygote!
09-02 02:33:14.162  1513  1625 W ActivityManager: Slow operation: 1576ms so far, now at startProcess: done updating battery stats
09-02 02:33:14.162  1513  1625 W ActivityManager: Slow operation: 1576ms so far, now at startProcess: building log message
09-02 02:33:14.162  1513  1625 I ActivityManager: Start proc 14856:com.android.chrome:sandboxed_process0:org.chromium.content.app.SandboxedProcessService0:61/u0ai62 for  {com.android.chrome/org.chromium.content.app.SandboxedProcessService0:61}
09-02 02:33:14.162  1513  1625 W ActivityManager: Slow operation: 1576ms so far, now at startProcess: starting to update pids map
09-02 02:33:14.162  1513  1625 W ActivityManager: Slow operation: 1577ms so far, now at startProcess: done updating pids map
09-02 02:33:14.162  1513  1625 W ActivityManager: Slow operation: 1551ms so far, now at startProcess: asking zygote to start proc
09-02 02:33:14.162  1513  1625 D CompatibilityChangeReporter: Compat change id reported: 143937733; UID 10220; state: ENABLED
09-02 02:33:14.163 14742 14742 I cr_ChildProcessService: Creating new ChildProcessService pid=14742
09-02 02:33:14.164 14856 14856 E cessService0:6: Not starting debugger since process cannot load the jdwp agent.
09-02 02:33:14.168  1513  3232 E ProcessStats: Executing service ServiceState{cf3a3d8 org.chromium.content.app.SandboxedProcessService0 pkg=com.android.chrome proc=b8c331} without owner
09-02 02:33:14.168  1513  3232 D CompatibilityChangeReporter: Compat change id reported: 136274596; UID 10220; state: ENABLED
09-02 02:33:14.171  1513  2264 E ProcessStats: Executing service ServiceState{cf3a3d8 org.chromium.content.app.SandboxedProcessService0 pkg=com.android.chrome proc=b8c331} without owner
09-02 02:33:14.171  1513  2264 E ProcessStats: Foregrounding service ServiceState{cf3a3d8 org.chromium.content.app.SandboxedProcessService0 pkg=com.android.chrome proc=b8c331} without owner
09-02 02:33:14.172 14767 14767 W SystemServiceRegistry: No service published for: uimode
09-02 02:33:14.173 14742 14786 I cr_LibraryLoader: Using ModernLinker
09-02 02:33:14.175 14742 14786 W linker  : Warning: "/data/app/~~_KLlx60MH8CoecPTjMKp8g==/com.android.chrome-kw9RHYrlHKb9bPXi8OTClw==/base.apk!/lib/arm64-v8a/libchromium_android_linker.so" unused DT entry: unknown processor-specific (type 0x70000001 arg 0x0) (ignoring)
09-02 02:33:14.176 14742 14786 E cr_ChromiumAndroidLinker: ReserveAddressWithHint: Address range starting at 0x7a3871a000 was not free to use
09-02 02:33:14.179 11631 11631 D Zygote  : Forked child process 14873
09-02 02:33:14.180 14767 14767 I cr_ChildProcessService: Creating new ChildProcessService pid=14767
09-02 02:33:14.180 14742 14866 I cr_LibraryLoader: Successfully loaded native library
09-02 02:33:14.180 14742 14866 I cr_CachingUmaRecorder: Flushed 3 samples from 3 histograms.
09-02 02:33:14.180  1513  1625 W ActivityManager: Slow operation: 1569ms so far, now at startProcess: returned from zygote!
09-02 02:33:14.181  1513  1625 W ActivityManager: Slow operation: 1569ms so far, now at startProcess: done updating battery stats
09-02 02:33:14.181  1513  1625 W ActivityManager: Slow operation: 1569ms so far, now at startProcess: building log message
09-02 02:33:14.181  1513  1625 I ActivityManager: Start proc 14873:com.android.chrome:sandboxed_process0:org.chromium.content.app.SandboxedProcessService0:62/u0ai63 for  {com.android.chrome/org.chromium.content.app.SandboxedProcessService0:62}
09-02 02:33:14.181  1513  1625 W ActivityManager: Slow operation: 1569ms so far, now at startProcess: starting to update pids map
09-02 02:33:14.181  1513  1625 W ActivityManager: Slow operation: 1569ms so far, now at startProcess: done updating pids map
09-02 02:33:14.181  1513  1625 W ActivityManager: Slow operation: 1540ms so far, now at startProcess: asking zygote to start proc
09-02 02:33:14.181  1513  1625 D CompatibilityChangeReporter: Compat change id reported: 143937733; UID 10220; state: ENABLED
09-02 02:33:14.183 14873 14873 E libc    : SetHeapTaggingLevel: re-enabling tagging after it was disabled is not supported
09-02 02:33:14.185  1513  3232 E ProcessStats: Executing service ServiceState{cf3a3d8 org.chromium.content.app.SandboxedProcessService0 pkg=com.android.chrome proc=b8c331} without owner
09-02 02:33:14.185  1513  3232 E ProcessStats: Foregrounding service ServiceState{cf3a3d8 org.chromium.content.app.SandboxedProcessService0 pkg=com.android.chrome proc=b8c331} without owner
09-02 02:33:14.186 14767 14792 I cr_LibraryLoader: Using ModernLinker
09-02 02:33:14.186 14767 14792 W linker  : Warning: "/data/app/~~_KLlx60MH8CoecPTjMKp8g==/com.android.chrome-kw9RHYrlHKb9bPXi8OTClw==/base.apk!/lib/arm64-v8a/libchromium_android_linker.so" unused DT entry: unknown processor-specific (type 0x70000001 arg 0x0) (ignoring)
09-02 02:33:14.187 14767 14792 E cr_ChromiumAndroidLinker: ReserveAddressWithHint: Address range starting at 0x7a3871a000 was not free to use
09-02 02:33:14.189 14824 14824 E cessService0:5: Not starting debugger since process cannot load the jdwp agent.
09-02 02:33:14.191 14767 14879 I cr_LibraryLoader: Successfully loaded native library
09-02 02:33:14.191 14873 14873 E cessService0:6: Not starting debugger since process cannot load the jdwp agent.
09-02 02:33:14.192 14767 14879 I cr_CachingUmaRecorder: Flushed 3 samples from 3 histograms.
09-02 02:33:14.193 14799 14799 I LoadedApk: No resource references to update in package com.google.android.trichromelibrary
09-02 02:33:14.193 14799 14799 D NetworkSecurityConfig: Using Network Security Config from resource 0_resource_name_obfuscated debugBuild: false
09-02 02:33:14.194 14799 14799 D NetworkSecurityConfig: Using Network Security Config from resource 0_resource_name_obfuscated debugBuild: false
09-02 02:33:14.195 14799 14799 I cr_SplitCompatApp: Launched version=107.0.5304.91 minSdkVersion=29 isBundle=true processName=com.android.chrome:sandboxed_process0:org.chromium.content.app.SandboxedProcessService0:58 isIsolated=true
09-02 02:33:14.199 14787 14787 I LoadedApk: No resource references to update in package com.google.android.trichromelibrary
09-02 02:33:14.199 14787 14787 D NetworkSecurityConfig: Using Network Security Config from resource 0_resource_name_obfuscated debugBuild: false
09-02 02:33:14.200 14787 14787 D NetworkSecurityConfig: Using Network Security Config from resource 0_resource_name_obfuscated debugBuild: false
09-02 02:33:14.201 14787 14787 I cr_SplitCompatApp: Launched version=107.0.5304.91 minSdkVersion=29 isBundle=true processName=com.android.chrome:sandboxed_process0:org.chromium.content.app.SandboxedProcessService0:57 isIsolated=true
09-02 02:33:14.206  1513  3232 E ProcessStats: Executing service ServiceState{cf3a3d8 org.chromium.content.app.SandboxedProcessService0 pkg=com.android.chrome proc=b8c331} without owner
09-02 02:33:14.206  1513  3232 D CompatibilityChangeReporter: Compat change id reported: 136274596; UID 10220; state: ENABLED
09-02 02:33:14.208 11631 11631 D Zygote  : Forked child process 14903
09-02 02:33:14.209 14903 14903 E libc    : SetHeapTaggingLevel: re-enabling tagging after it was disabled is not supported
09-02 02:33:14.209 14799 14799 W SystemServiceRegistry: No service published for: uimode
09-02 02:33:14.209  1513  3375 E ProcessStats: Executing service ServiceState{cf3a3d8 org.chromium.content.app.SandboxedProcessService0 pkg=com.android.chrome proc=b8c331} without owner
09-02 02:33:14.210  1513  3375 D CompatibilityChangeReporter: Compat change id reported: 136274596; UID 10220; state: ENABLED
09-02 02:33:14.213  1513  3232 E ProcessStats: Executing service ServiceState{cf3a3d8 org.chromium.content.app.SandboxedProcessService0 pkg=com.android.chrome proc=b8c331} without owner
09-02 02:33:14.214 14799 14799 I cr_ChildProcessService: Creating new ChildProcessService pid=14799
09-02 02:33:14.214  1513  3232 D CompatibilityChangeReporter: Compat change id reported: 136274596; UID 10220; state: ENABLED
09-02 02:33:14.214  1513  1625 W ActivityManager: Slow operation: 1573ms so far, now at startProcess: returned from zygote!
09-02 02:33:14.216 14903 14903 E cessService0:6: Not starting debugger since process cannot load the jdwp agent.
09-02 02:33:14.217  1513  1625 W ActivityManager: Slow operation: 1575ms so far, now at startProcess: done updating battery stats
09-02 02:33:14.217  1513  1625 W ActivityManager: Slow operation: 1575ms so far, now at startProcess: building log message
09-02 02:33:14.217  1513  1625 I ActivityManager: Start proc 14903:com.android.chrome:sandboxed_process0:org.chromium.content.app.SandboxedProcessService0:63/u0ai64 for  {com.android.chrome/org.chromium.content.app.SandboxedProcessService0:63}
09-02 02:33:14.217  1513  1625 W ActivityManager: Slow operation: 1576ms so far, now at startProcess: starting to update pids map
09-02 02:33:14.217  1513  1625 W ActivityManager: Slow operation: 1576ms so far, now at startProcess: done updating pids map
09-02 02:33:14.217  1513  1625 W ActivityManager: Slow operation: 1539ms so far, now at startProcess: asking zygote to start proc
09-02 02:33:14.217  1513  1625 D CompatibilityChangeReporter: Compat change id reported: 143937733; UID 10220; state: ENABLED
09-02 02:33:14.218  1513  3375 E ProcessStats: Executing service ServiceState{cf3a3d8 org.chromium.content.app.SandboxedProcessService0 pkg=com.android.chrome proc=b8c331} without owner
09-02 02:33:14.219  1513  3375 E ProcessStats: Foregrounding service ServiceState{cf3a3d8 org.chromium.content.app.SandboxedProcessService0 pkg=com.android.chrome proc=b8c331} without owner
09-02 02:33:14.221 14799 14818 I cr_LibraryLoader: Using ModernLinker
09-02 02:33:14.223 14799 14818 W linker  : Warning: "/data/app/~~_KLlx60MH8CoecPTjMKp8g==/com.android.chrome-kw9RHYrlHKb9bPXi8OTClw==/base.apk!/lib/arm64-v8a/libchromium_android_linker.so" unused DT entry: unknown processor-specific (type 0x70000001 arg 0x0) (ignoring)
09-02 02:33:14.224 14799 14818 E cr_ChromiumAndroidLinker: ReserveAddressWithHint: Address range starting at 0x7a3871a000 was not free to use
09-02 02:33:14.224 14838 14838 I LoadedApk: No resource references to update in package com.google.android.trichromelibrary
09-02 02:33:14.225 14838 14838 D NetworkSecurityConfig: Using Network Security Config from resource 0_resource_name_obfuscated debugBuild: false
09-02 02:33:14.225 14838 14838 D NetworkSecurityConfig: Using Network Security Config from resource 0_resource_name_obfuscated debugBuild: false
09-02 02:33:14.226 14787 14787 W SystemServiceRegistry: No service published for: uimode
09-02 02:33:14.227 14838 14838 I cr_SplitCompatApp: Launched version=107.0.5304.91 minSdkVersion=29 isBundle=true processName=com.android.chrome:sandboxed_process0:org.chromium.content.app.SandboxedProcessService0:60 isIsolated=true
09-02 02:33:14.230 14787 14787 I cr_ChildProcessService: Creating new ChildProcessService pid=14787
09-02 02:33:14.231 14799 14913 I cr_LibraryLoader: Successfully loaded native library
09-02 02:33:14.232 14799 14913 I cr_CachingUmaRecorder: Flushed 3 samples from 3 histograms.
09-02 02:33:14.233  1513  3375 E ProcessStats: Executing service ServiceState{cf3a3d8 org.chromium.content.app.SandboxedProcessService0 pkg=com.android.chrome proc=b8c331} without owner
09-02 02:33:14.233  1513  3375 E ProcessStats: Foregrounding service ServiceState{cf3a3d8 org.chromium.content.app.SandboxedProcessService0 pkg=com.android.chrome proc=b8c331} without owner
09-02 02:33:14.235 14787 14854 I cr_LibraryLoader: Using ModernLinker
09-02 02:33:14.237 14787 14854 W linker  : Warning: "/data/app/~~_KLlx60MH8CoecPTjMKp8g==/com.android.chrome-kw9RHYrlHKb9bPXi8OTClw==/base.apk!/lib/arm64-v8a/libchromium_android_linker.so" unused DT entry: unknown processor-specific (type 0x70000001 arg 0x0) (ignoring)
09-02 02:33:14.238 14787 14854 E cr_ChromiumAndroidLinker: ReserveAddressWithHint: Address range starting at 0x7a3871a000 was not free to use
09-02 02:33:14.242 14787 14922 I cr_LibraryLoader: Successfully loaded native library
09-02 02:33:14.243 14787 14922 I cr_CachingUmaRecorder: Flushed 3 samples from 3 histograms.
09-02 02:33:14.244 14838 14838 W SystemServiceRegistry: No service published for: uimode
09-02 02:33:14.246 14838 14838 I cr_ChildProcessService: Creating new ChildProcessService pid=14838
09-02 02:33:14.248  1513  3375 E ProcessStats: Executing service ServiceState{cf3a3d8 org.chromium.content.app.SandboxedProcessService0 pkg=com.android.chrome proc=b8c331} without owner
09-02 02:33:14.248  1513  3375 E ProcessStats: Foregrounding service ServiceState{cf3a3d8 org.chromium.content.app.SandboxedProcessService0 pkg=com.android.chrome proc=b8c331} without owner
09-02 02:33:14.250 14838 14870 I cr_LibraryLoader: Using ModernLinker
09-02 02:33:14.250  1513  3232 E ProcessStats: Executing service ServiceState{cf3a3d8 org.chromium.content.app.SandboxedProcessService0 pkg=com.android.chrome proc=b8c331} without owner
09-02 02:33:14.251  1513  3232 D CompatibilityChangeReporter: Compat change id reported: 136274596; UID 10220; state: ENABLED
09-02 02:33:14.251 14856 14856 I LoadedApk: No resource references to update in package com.google.android.trichromelibrary
09-02 02:33:14.251 14856 14856 D NetworkSecurityConfig: Using Network Security Config from resource 0_resource_name_obfuscated debugBuild: false
09-02 02:33:14.252 14856 14856 D NetworkSecurityConfig: Using Network Security Config from resource 0_resource_name_obfuscated debugBuild: false
09-02 02:33:14.252 14856 14856 I cr_SplitCompatApp: Launched version=107.0.5304.91 minSdkVersion=29 isBundle=true processName=com.android.chrome:sandboxed_process0:org.chromium.content.app.SandboxedProcessService0:61 isIsolated=true
09-02 02:33:14.256 14838 14870 W linker  : Warning: "/data/app/~~_KLlx60MH8CoecPTjMKp8g==/com.android.chrome-kw9RHYrlHKb9bPXi8OTClw==/base.apk!/lib/arm64-v8a/libchromium_android_linker.so" unused DT entry: unknown processor-specific (type 0x70000001 arg 0x0) (ignoring)
09-02 02:33:14.257 14838 14870 E cr_ChromiumAndroidLinker: ReserveAddressWithHint: Address range starting at 0x7a3871a000 was not free to use
09-02 02:33:14.259 14824 14824 I LoadedApk: No resource references to update in package com.google.android.trichromelibrary
09-02 02:33:14.259 14824 14824 D NetworkSecurityConfig: Using Network Security Config from resource 0_resource_name_obfuscated debugBuild: false
09-02 02:33:14.260 14824 14824 D NetworkSecurityConfig: Using Network Security Config from resource 0_resource_name_obfuscated debugBuild: false
09-02 02:33:14.260 14824 14824 I cr_SplitCompatApp: Launched version=107.0.5304.91 minSdkVersion=29 isBundle=true processName=com.android.chrome:sandboxed_process0:org.chromium.content.app.SandboxedProcessService0:59 isIsolated=true
09-02 02:33:14.263 14856 14856 W SystemServiceRegistry: No service published for: uimode
09-02 02:33:14.266 14873 14873 I LoadedApk: No resource references to update in package com.google.android.trichromelibrary
09-02 02:33:14.267 14873 14873 D NetworkSecurityConfig: Using Network Security Config from resource 0_resource_name_obfuscated debugBuild: false
09-02 02:33:14.267 14856 14856 I cr_ChildProcessService: Creating new ChildProcessService pid=14856
09-02 02:33:14.267 14873 14873 D NetworkSecurityConfig: Using Network Security Config from resource 0_resource_name_obfuscated debugBuild: false
09-02 02:33:14.269 14838 14928 I cr_LibraryLoader: Successfully loaded native library
09-02 02:33:14.269 14873 14873 I cr_SplitCompatApp: Launched version=107.0.5304.91 minSdkVersion=29 isBundle=true processName=com.android.chrome:sandboxed_process0:org.chromium.content.app.SandboxedProcessService0:62 isIsolated=true
09-02 02:33:14.270 14838 14928 I cr_CachingUmaRecorder: Flushed 3 samples from 3 histograms.
