--------- beginning of system
09-01 17:16:58.416  1513  2000 D ConnectivityService: NetReassign [no changes]
09-01 17:16:58.708  1513  2571 I ActivityManager: Force stopping com.android.chrome appid=10220 user=0: from pid 30053
--------- beginning of main
09-01 17:16:58.714  2474  2474 E PhoneInterfaceManager: [PhoneIntfMgr] getCarrierPackageNamesForIntentAndPhone: No UICC
09-01 17:16:58.714  2474  2474 D CarrierSvcBindHelper: No carrier app for: 0
09-01 17:16:58.722  3135  3135 D RegisteredNfcFServicesCache: Service unchanged, not updating
09-01 17:16:58.725  8777  8777 I EuiccGoogle: [2] EuiccServiceImpl.onCreate: onCreate Single-SIM mode: simCardState is 1
09-01 17:16:58.731  8777 30059 I EuiccGoogle: [5533] EuiccServiceImpl.onGetEuiccProfileInfoList: onGetEuiccProfileInfoList: slotId = -1
09-01 17:16:58.733  8777 30059 W EuiccGoogle: [5533] EuiccServiceImpl.onGetEuiccProfileInfoList: slotId=-1. No eUICC is active. Return null.
09-01 17:16:58.966  1513  2571 I ActivityTaskManager: START u0 {act=android.intent.action.VIEW flg=0x10008000 cmp=com.android.chrome/com.google.android.apps.chrome.Main} from uid 2000
09-01 17:16:58.967  1513  1572 D EventSequenceValidator: Transition from ACTIVITY_FINISHED to INTENT_STARTED
09-01 17:16:58.975   901  2806 I sensors-hal: [ssc_utils]get_qmi_debug_flag:244, support_qmi_debug : false
09-01 17:16:58.983  1513  1572 D CompatibilityChangeReporter: Compat change id reported: 135634846; UID 10220; state: DISABLED
09-01 17:16:58.983  1513  1572 D CompatibilityChangeReporter: Compat change id reported: 135754954; UID 10220; state: ENABLED
09-01 17:16:58.983  1513  1625 D CompatibilityChangeReporter: Compat change id reported: 143937733; UID 10220; state: ENABLED
09-01 17:16:58.984  1513  1572 D EventSequenceValidator: Transition from INTENT_STARTED to ACTIVITY_LAUNCHED
09-01 17:16:58.996   778   778 D Zygote  : Forked child process 30063
09-01 17:16:59.000  1513  1625 I ActivityManager: Start proc 30063:com.android.chrome/u0a220 for pre-top-activity {com.android.chrome/com.google.android.apps.chrome.Main}
09-01 17:16:59.000  3088  3667 I AssistantForeground: (REDACTED) Get launcher package: %s
09-01 17:16:59.003 30063 30063 E .android.chrom: Not starting debugger since process cannot load the jdwp agent.
09-01 17:16:59.004   901  1000 W ASH     : @ 26605.458: Unhandled msg ID 999: line 1277
09-01 17:16:59.004   901  1000 E ASH     : @ 26605.458: No pb callback assigned
09-01 17:16:59.004   901  1000 E ASH     : @ 26605.458: Nanopb error: callback failed:1588
09-01 17:16:59.022 30063 30063 W .android.chrom: JIT profile information will not be recorded: profile file does not exist.
09-01 17:16:59.026 30063 30063 I LoadedApk: No resource references to update in package com.google.android.trichromelibrary
09-01 17:16:59.026 30063 30063 D NetworkSecurityConfig: Using Network Security Config from resource 0_resource_name_obfuscated debugBuild: false
09-01 17:16:59.026 30063 30063 D NetworkSecurityConfig: Using Network Security Config from resource 0_resource_name_obfuscated debugBuild: false
09-01 17:16:59.027 30063 30063 I cr_SplitCompatApp: Launched version=107.0.5304.91 minSdkVersion=29 isBundle=true processName=com.android.chrome isIsolated=false
09-01 17:16:59.028  2158  2158 I WallpaperService: engine resumed
09-01 17:16:59.030   901   901 I sensors-hal: [hal]batch_physical_sensor:301, android.sensor.gyroscope/41, period=20000000, max_latency=0
09-01 17:16:59.030   901   901 I sensors-hal: [hal]batch_physical_sensor:310, android.sensor.gyroscope/41, period=20000000, max_latency=0 request completed
09-01 17:16:59.033   901   901 W sensors@2.0-ser: type=1400 audit(0.0:3352): avc: denied { read write } for name="diag" dev="tmpfs" ino=12474 scontext=u:r:hal_sensors_default:s0 tcontext=u:object_r:diag_device:s0 tclass=chr_file permissive=0
09-01 17:16:59.033   901   901 W sensors@2.0-ser: type=1400 audit(0.0:3353): avc: denied { read write } for name="diag" dev="tmpfs" ino=12474 scontext=u:r:hal_sensors_default:s0 tcontext=u:object_r:diag_device:s0 tclass=chr_file permissive=0
09-01 17:16:59.034   901   901 I sensors-hal: [hal]activate_physical_sensor:238, android.sensor.gyroscope/41 en=1
09-01 17:16:59.034   901   901 I sensors-hal: [ssc_utils]get_qmi_debug_flag:244, support_qmi_debug : false
09-01 17:16:59.037   901   901 D Diag_Lib:  Diag_LSM_Init: Failed to open handle to diag driver, error = 13
09-01 17:16:59.037   901   901 D Diag_Lib:  Diag_LSM_Init: Failed to open handle to diag driver, error = 13
09-01 17:16:59.037   901   901 I sensors-hal: [ssc_sensor]update_handle:537, handle=331, type=33, wakeup=0, hwid=0, base=331
09-01 17:16:59.038   901   901 I sensors-hal: [ssc_utils]get_qmi_debug_flag:244, support_qmi_debug : false
09-01 17:16:59.041   901   901 I sensors-hal: [ssc_utils]get_qmi_debug_flag:244, support_qmi_debug : false
09-01 17:16:59.041   901 30091 I sensors-hal: [ssc_sensor]ssc_conn_resp_cb:663, resp_value = 0
09-01 17:16:59.042   901  1000 W SEE     : @ 26605.496: adding req to Q sensor=8 req=0xb202a278 msg=513
09-01 17:16:59.043   901 30091 I sensors-hal: [sensor]submit_sensors_hal_event:146, android.sensor.additional_info: trying to push empty Events, count = 0
09-01 17:16:59.043   901 30091 I sensors-hal: [sensor]submit_sensors_hal_event:146, android.sensor.additional_info: trying to push empty Events, count = 0
09-01 17:16:59.047   901   901 I sensors-hal: [hal]activate_physical_sensor:249, android.sensor.gyroscope/41 en=1 completed
09-01 17:16:59.049   901  1000 W SEE     : @ 26605.502: adding req to Q sensor=2 req=0xb202e018 msg=513
09-01 17:16:59.049   901 30095 I sensors-hal: [ssc_sensor]ssc_conn_resp_cb:663, resp_value = 0
09-01 17:16:59.050   901 30095 I sensors-hal: [sensor]submit_sensors_hal_event:146, android.sensor.gyroscope: trying to push empty Events, count = 1
09-01 17:16:59.050   901 30095 I chatty  : uid=1000(system) sensors@2.0-ser identical 1 line
09-01 17:16:59.050   901 30095 I sensors-hal: [sensor]submit_sensors_hal_event:146, android.sensor.gyroscope: trying to push empty Events, count = 1
09-01 17:16:59.054 30063 30098 I cr_LibraryLoader: Using ModernLinker
09-01 17:16:59.054   901 30095 I sensors-hal: [sensor]submit_sensors_hal_event:146, android.sensor.gyroscope: trying to push empty Events, count = 1
09-01 17:16:59.054 30063 30098 I cr_LibraryLoader: Loading monochrome_64 from within /data/app/~~_KLlx60MH8CoecPTjMKp8g==/com.android.chrome-kw9RHYrlHKb9bPXi8OTClw==/base.apk
09-01 17:16:59.055  2816  3133 I FontLog : Received query Google Sans:700, URI content://com.google.android.gms.fonts [CONTEXT service_id=132 ]
09-01 17:16:59.055  2816  3133 I FontLog : Query [Google Sans:700] resolved to {Google Sans, wdth 100.0, wght 700, ital 0.0, bestEffort false} [CONTEXT service_id=132 ]
09-01 17:16:59.055  2816  3133 I FontLog : Fetch {Google Sans, wdth 100.0, wght 700, ital 0.0, bestEffort false} end status Status{statusCode=SUCCESS, resolution=null} [CONTEXT service_id=132 ]
09-01 17:16:59.057 30063 30098 W linker  : Warning: "/data/app/~~_KLlx60MH8CoecPTjMKp8g==/com.android.chrome-kw9RHYrlHKb9bPXi8OTClw==/base.apk!/lib/arm64-v8a/libchromium_android_linker.so" unused DT entry: unknown processor-specific (type 0x70000001 arg 0x0) (ignoring)
09-01 17:16:59.058 30063 30098 I cr_ModernLinker: loadLibraryImplLocked: monochrome_64, relroMode=1
09-01 17:16:59.061 30063 30098 W linker  : Warning: "/data/app/~~pvdNlmkqoAdokjnHYmWQbA==/com.google.android.trichromelibrary_530409134-AZWnkLs2PHY5miTP6ZiTzA==/base.apk!/lib/arm64-v8a/libmonochrome_64.so" unused DT entry: unknown processor-specific (type 0x70000001 arg 0x0) (ignoring)
09-01 17:16:59.062  2816  2835 I FontLog : Pulling font file for id = 773, cache size = 6 [CONTEXT service_id=132 ]
09-01 17:16:59.077 30063 30098 I cr_LibraryLoader: Successfully loaded native library
09-01 17:16:59.078 30063 30098 I cr_CachingUmaRecorder: Flushed 30 samples from 28 histograms.
09-01 17:16:59.086 30063 30102 W DynamiteModule: Local module descriptor class for com.google.android.gms.googlecertificates not found.
09-01 17:16:59.092 30063 30102 I DynamiteModule: Considering local module com.google.android.gms.googlecertificates:0 and remote module com.google.android.gms.googlecertificates:7
09-01 17:16:59.092 30063 30102 I DynamiteModule: Selected remote version of com.google.android.gms.googlecertificates, version >= 7
09-01 17:16:59.095 30063 30102 W System  : ClassLoader referenced unknown path: 
09-01 17:16:59.124 30063 30063 I cr_CompositorSurfaceMgr: Transitioning to surface with format: -1
09-01 17:16:59.127  1513  3221 D CompatibilityChangeReporter: Compat change id reported: 136274596; UID 10220; state: ENABLED
09-01 17:16:59.154 30063 30092 I cr_tabmodel: Starting to fetch tab list for tab_state0
09-01 17:16:59.154 30063 30084 I cr_tabmodel: Starting to fetch tab list for tab_state1
09-01 17:16:59.154 30063 30084 I cr_tabmodel: State file does not exist.
09-01 17:16:59.154 30063 30092 I cr_tabmodel: Finished fetching tab list.
09-01 17:16:59.179   592  2726 W DisplayIdentification: Invalid EDID: falling back to serial number due to missing display name.
09-01 17:16:59.180   592  2726 W DisplayIdentification: Invalid EDID: falling back to ASCII text due to missing serial number.
09-01 17:16:59.189  1513  3221 D CompatibilityChangeReporter: Compat change id reported: 135634846; UID 10220; state: DISABLED
09-01 17:16:59.190  1513  3221 D CompatibilityChangeReporter: Compat change id reported: 135754954; UID 10220; state: ENABLED
09-01 17:16:59.190  1513  1625 D CompatibilityChangeReporter: Compat change id reported: 143937733; UID 10220; state: ENABLED
09-01 17:16:59.197   778   778 D Zygote  : Forked child process 30113
09-01 17:16:59.197  2816 29438 E bfyz    : Phenotype API error. Event # deor@1f3f3ed0, EventCode: 7 [CONTEXT service_id=51 ]
09-01 17:16:59.197  2816 29438 E bfyz    : bfyb: 29505: No config packages for log source, or config package not registered
09-01 17:16:59.197  2816 29438 E bfyz    : 	at bfzu.b(:com.google.android.gms@224312037@22.43.12 (150400-483592595):4)
09-01 17:16:59.197  2816 29438 E bfyz    : 	at bfzr.g(:com.google.android.gms@224312037@22.43.12 (150400-483592595):0)
09-01 17:16:59.197  2816 29438 E bfyz    : 	at bfyz.e(:com.google.android.gms@224312037@22.43.12 (150400-483592595):4)
09-01 17:16:59.197  2816 29438 E bfyz    : 	at bfyz.f(:com.google.android.gms@224312037@22.43.12 (150400-483592595):2)
09-01 17:16:59.197  2816 29438 E bfyz    : 	at aqyg.eq(:com.google.android.gms@224312037@22.43.12 (150400-483592595):1)
09-01 17:16:59.197  2816 29438 E bfyz    : 	at aqym.run(:com.google.android.gms@224312037@22.43.12 (150400-483592595):12)
09-01 17:16:59.197  2816 29438 E bfyz    : 	at ckdj.run(:com.google.android.gms@224312037@22.43.12 (150400-483592595):2)
09-01 17:16:59.197  2816 29438 E bfyz    : 	at zqv.c(:com.google.android.gms@224312037@22.43.12 (150400-483592595):6)
09-01 17:16:59.197  2816 29438 E bfyz    : 	at zqv.run(:com.google.android.gms@224312037@22.43.12 (150400-483592595):7)
09-01 17:16:59.197  2816 29438 E bfyz    : 	at java.util.concurrent.ThreadPoolExecutor.runWorker(ThreadPoolExecutor.java:1167)
09-01 17:16:59.197  2816 29438 E bfyz    : 	at java.util.concurrent.ThreadPoolExecutor$Worker.run(ThreadPoolExecutor.java:641)
09-01 17:16:59.197  2816 29438 E bfyz    : 	at zwa.run(:com.google.android.gms@224312037@22.43.12 (150400-483592595):0)
09-01 17:16:59.197  2816 29438 E bfyz    : 	at java.lang.Thread.run(Thread.java:923)
09-01 17:16:59.198  2816 29438 W AsyncOperation: operation=GetExperimentTokensOperationCall, opStatusCode=29505 [CONTEXT service_id=51 ]
09-01 17:16:59.198  2816 29438 W AsyncOperation: OperationException[Status{statusCode=No config packages for log source, or config package not registered, resolution=null}]
09-01 17:16:59.198  2816 29438 W AsyncOperation: 	at bfyz.e(:com.google.android.gms@224312037@22.43.12 (150400-483592595):6)
09-01 17:16:59.198  2816 29438 W AsyncOperation: 	at bfyz.f(:com.google.android.gms@224312037@22.43.12 (150400-483592595):2)
09-01 17:16:59.198  2816 29438 W AsyncOperation: 	at aqyg.eq(:com.google.android.gms@224312037@22.43.12 (150400-483592595):1)
09-01 17:16:59.198  2816 29438 W AsyncOperation: 	at aqym.run(:com.google.android.gms@224312037@22.43.12 (150400-483592595):12)
09-01 17:16:59.198  2816 29438 W AsyncOperation: 	at ckdj.run(:com.google.android.gms@224312037@22.43.12 (150400-483592595):2)
09-01 17:16:59.198  2816 29438 W AsyncOperation: 	at zqv.c(:com.google.android.gms@224312037@22.43.12 (150400-483592595):6)
09-01 17:16:59.198  2816 29438 W AsyncOperation: 	at zqv.run(:com.google.android.gms@224312037@22.43.12 (150400-483592595):7)
09-01 17:16:59.198  2816 29438 W AsyncOperation: 	at java.util.concurrent.ThreadPoolExecutor.runWorker(ThreadPoolExecutor.java:1167)
09-01 17:16:59.198  2816 29438 W AsyncOperation: 	at java.util.concurrent.ThreadPoolExecutor$Worker.run(ThreadPoolExecutor.java:641)
09-01 17:16:59.198  2816 29438 W AsyncOperation: 	at zwa.run(:com.google.android.gms@224312037@22.43.12 (150400-483592595):0)
09-01 17:16:59.198  2816 29438 W AsyncOperation: 	at java.lang.Thread.run(Thread.java:923)
09-01 17:16:59.198  1513  1625 W ZygoteProcess: Got error connecting to zygote, retrying. msg= Connection refused
09-01 17:16:59.200 30113 30113 I libc    : SetHeapTaggingLevel: tag level set to 0
09-01 17:16:59.208 30063 30111 I AdrenoGLES-0: QUALCOMM build                   : 35605c3, Ia11ce2d146
09-01 17:16:59.208 30063 30111 I AdrenoGLES-0: Build Date                       : 09/02/20
09-01 17:16:59.208 30063 30111 I AdrenoGLES-0: OpenGL ES Shader Compiler Version: EV031.31.04.00
09-01 17:16:59.208 30063 30111 I AdrenoGLES-0: Local Branch                     : gfx-adreno.lnx.2.0
09-01 17:16:59.208 30063 30111 I AdrenoGLES-0: Remote Branch                    : 
09-01 17:16:59.208 30063 30111 I AdrenoGLES-0: Remote Branch                    : 
09-01 17:16:59.208 30063 30111 I AdrenoGLES-0: Reconstruct Branch               : 
09-01 17:16:59.208 30063 30111 I AdrenoGLES-0: Build Config                     : S P 10.0.4 AArch64
09-01 17:16:59.209 30063 30111 I AdrenoGLES-0: Driver Path                      : /vendor/lib64/egl/libGLESv2_adreno.so
09-01 17:16:59.210 30063 30063 I cr_StartSurfaceConfig: Recorded Startup.Android.FirstDrawCompletedTime.NoInstant = 110 ms
09-01 17:16:59.213 30063 30111 I AdrenoGLES-0: PFP: 0x016dd090, ME: 0x00000000
09-01 17:16:59.218 30063 30111 W AdrenoUtils: <ReadGpuID_from_sysfs:197>: Failed to open /sys/class/kgsl/kgsl-3d0/gpu_model
09-01 17:16:59.218 30063 30111 W AdrenoUtils: <ReadGpuID:221>: Failed to read chip ID from gpu_model. Fallback to use the GSL path
09-01 17:16:59.220   594 28441 I SDM     : HWDeviceDRM::UpdateMixerAttributes: Mixer WxH 1080x2340-1 for Peripheral
09-01 17:16:59.220   594 28441 I SDM     : DisplayBase::SetActiveConfig: Active configuration changed to: 0
09-01 17:16:59.220   594 28441 I SDM     : StrategyImpl::SetIdleTimeoutMs: Idle timeout set to zero for command mode panels
09-01 17:16:59.234   901  2806 I sensors-hal: [ssc_utils]get_qmi_debug_flag:244, support_qmi_debug : false
09-01 17:16:59.235  1513  1572 D EventSequenceValidator: Transition from ACTIVITY_LAUNCHED to ACTIVITY_FINISHED
09-01 17:16:59.235  1513  1572 I DisplayManagerService: Display device changed: DisplayDeviceInfo{"Built-in Screen": uniqueId="local:19260504575090817", 1080 x 2340, modeId 2, defaultModeId 2, supportedModes [{id=1, width=1080, height=2340, fps=90.0}, {id=2, width=1080, height=2340, fps=60.000004}], colorMode 0, supportedColorModes [0, 7, 9], HdrCapabilities HdrCapabilities{mSupportedHdrTypes=[2, 3, 4], mMaxLuminance=500.0, mMaxAverageLuminance=500.0, mMinLuminance=0.0}, allmSupported false, gameContentTypeSupported false, density 440, 435.428 x 433.839 dpi, appVsyncOff 2333332, presDeadline 11500000, cutout DisplayCutout{insets=Rect(0, 136 - 0, 0) waterfall=Insets{left=0, top=0, right=0, bottom=0} boundingRect={Bounds=[Rect(0, 0 - 0, 0), Rect(0, 0 - 136, 136), Rect(0, 0 - 0, 0), Rect(0, 0 - 0, 0)]}}, touch INTERNAL, rotation 0, type INTERNAL, address {port=129, model=0x446d53ad64a0}, deviceProductInfo DeviceProductInfo{name=, manufacturerPnpId=QCM, productId=1, modelYear=null, manufactureDate=ManufactureDate{week=27, year=2006}, relativeAddress=null}, state ON, FLAG_DEFAULT_DISPLAY, FLAG_ROTATES_WITH_CONTENT, FLAG_SECURE, FLAG_SUPPORTS_PROTECTED_BUFFERS}
09-01 17:16:59.237   594 28441 I SDM     : HWDeviceDRM::UpdateMixerAttributes: Mixer WxH 1080x2340-1 for Peripheral
09-01 17:16:59.237   594 28441 I SDM     : DisplayBase::SetActiveConfig: Active configuration changed to: 1
09-01 17:16:59.237   594 28441 I SDM     : StrategyImpl::SetIdleTimeoutMs: Idle timeout set to zero for command mode panels
09-01 17:16:59.249  1513  1625 I AppZygote: Starting application preload.
09-01 17:16:59.249  1513  1622 D ArtManagerInternalImpl: /data/misc/iorapd/com.android.chrome/530409134/com.google.android.apps.chrome.Main/compiled_traces/compiled_trace.pb doesn't exist
09-01 17:16:59.251  1513  1572 I DisplayManagerService: Display device changed: DisplayDeviceInfo{"Built-in Screen": uniqueId="local:19260504575090817", 1080 x 2340, modeId 1, defaultModeId 2, supportedModes [{id=1, width=1080, height=2340, fps=90.0}, {id=2, width=1080, height=2340, fps=60.000004}], colorMode 0, supportedColorModes [0, 7, 9], HdrCapabilities HdrCapabilities{mSupportedHdrTypes=[2, 3, 4], mMaxLuminance=500.0, mMaxAverageLuminance=500.0, mMinLuminance=0.0}, allmSupported false, gameContentTypeSupported false, density 440, 435.428 x 433.839 dpi, appVsyncOff 2333333, presDeadline 11500000, cutout DisplayCutout{insets=Rect(0, 136 - 0, 0) waterfall=Insets{left=0, top=0, right=0, bottom=0} boundingRect={Bounds=[Rect(0, 0 - 0, 0), Rect(0, 0 - 136, 136), Rect(0, 0 - 0, 0), Rect(0, 0 - 0, 0)]}}, touch INTERNAL, rotation 0, type INTERNAL, address {port=129, model=0x446d53ad64a0}, deviceProductInfo DeviceProductInfo{name=, manufacturerPnpId=QCM, productId=1, modelYear=null, manufactureDate=ManufactureDate{week=27, year=2006}, relativeAddress=null}, state ON, FLAG_DEFAULT_DISPLAY, FLAG_ROTATES_WITH_CONTENT, FLAG_SECURE, FLAG_SUPPORTS_PROTECTED_BUFFERS}
09-01 17:16:59.252 30113 30113 I AppZygoteInit: Beginning application preload for com.android.chrome
09-01 17:16:59.253   901  2806 I sensors-hal: [ssc_utils]get_qmi_debug_flag:244, support_qmi_debug : false
09-01 17:16:59.254 30063 30063 I TetheringManager: registerTetheringEventCallback:com.android.chrome
09-01 17:16:59.258  1513  1622 I ActivityTaskManager: Displayed com.android.chrome/com.google.android.apps.chrome.Main: +268ms
09-01 17:16:59.270 30113 30113 I cr_ZygotePreload: Loaded Zygote. version=107.0.5304.91 minSdkVersion=29 isBundle=true
09-01 17:16:59.274 30113 30113 W linker  : Warning: "/data/app/~~pvdNlmkqoAdokjnHYmWQbA==/com.google.android.trichromelibrary_530409134-AZWnkLs2PHY5miTP6ZiTzA==/base.apk!/lib/arm64-v8a/libmonochrome_64.so" unused DT entry: unknown processor-specific (type 0x70000001 arg 0x0) (ignoring)
09-01 17:16:59.277 30063 30084 W cr_PartnerCustomize: Partner homepage must be HTTP(S) or NewTabPage. Got invalid URL ""
09-01 17:16:59.284   901  1000 W ASH     : @ 26605.738: Unhandled msg ID 999: line 1277
09-01 17:16:59.284   901  1000 E ASH     : @ 26605.738: No pb callback assigned
09-01 17:16:59.284   901  1000 E ASH     : @ 26605.738: Nanopb error: callback failed:1588
09-01 17:16:59.300  1513  1625 I AppZygote: Application preload done.
09-01 17:16:59.301 30113 30113 I AppZygoteInit: Application preload done
09-01 17:16:59.314 30113 30119 W d.chrome_zygot: Reducing the number of considered missed Gc histogram windows from 2660 to 100
09-01 17:16:59.327 30113 30113 D Zygote  : Forked child process 30145
09-01 17:16:59.329  1513  1625 W ActivityManager: Slow operation: 140ms so far, now at startProcess: returned from zygote!
09-01 17:16:59.330 30145 30145 E libc    : SetHeapTaggingLevel: re-enabling tagging after it was disabled is not supported
09-01 17:16:59.331  1513  1625 W ActivityManager: Slow operation: 143ms so far, now at startProcess: done updating battery stats
09-01 17:16:59.331  1513  1625 W ActivityManager: Slow operation: 143ms so far, now at startProcess: building log message
09-01 17:16:59.331  1513  1625 I ActivityManager: Start proc 30145:com.android.chrome:sandboxed_process0:org.chromium.content.app.SandboxedProcessService0:0/u0ai0 for  {com.android.chrome/org.chromium.content.app.SandboxedProcessService0:0}
09-01 17:16:59.331  1513  1625 W ActivityManager: Slow operation: 143ms so far, now at startProcess: starting to update pids map
09-01 17:16:59.332  1513  1625 W ActivityManager: Slow operation: 143ms so far, now at startProcess: done updating pids map
09-01 17:16:59.332 30063 30063 I cr_SmsProviderGms: construction successfull IU2@7469c8f, FU2@25e6b1c
09-01 17:16:59.343 30063 30140 W InstanceID: Instance ID SDK is deprecated, com.android.chrome should update to use Firebase Instance ID
09-01 17:16:59.345   778   778 D Zygote  : Forked child process 30156
09-01 17:16:59.348 30145 30145 E ocessService0:: Not starting debugger since process cannot load the jdwp agent.
09-01 17:16:59.349  1513  1625 I ActivityManager: Start proc 30156:com.android.chrome:privileged_process0/u0a220 for service {com.android.chrome/org.chromium.content.app.PrivilegedProcessService0}
09-01 17:16:59.355  1513  3221 D ConnectivityService: requestNetwork for uid/pid:10220/30063 NetworkRequest [ TRACK_DEFAULT id=1174, [ Capabilities: INTERNET&NOT_RESTRICTED&TRUSTED Uid: 10220 AdministratorUids: [] RequestorUid: 10220 RequestorPackageName: com.android.chrome] ]
09-01 17:16:59.356  1513  2000 D ConnectivityService: NetReassign [1174 : null → 100]
09-01 17:16:59.358  1513  1996 D WifiNetworkFactory: got request NetworkRequest [ TRACK_DEFAULT id=1174, [ Capabilities: INTERNET&NOT_RESTRICTED&TRUSTED Uid: 10220 AdministratorUids: [] RequestorUid: 10220 RequestorPackageName: com.android.chrome] ] with score 60 and providerId 5
09-01 17:16:59.358  1513  4618 D CompatibilityChangeReporter: Compat change id reported: 136274596; UID 10220; state: ENABLED
09-01 17:16:59.358  1513  2038 D Ethernet: got request NetworkRequest [ TRACK_DEFAULT id=1174, [ Capabilities: INTERNET&NOT_RESTRICTED&TRUSTED Uid: 10220 AdministratorUids: [] RequestorUid: 10220 RequestorPackageName: com.android.chrome] ] with score 60 and providerId 5
09-01 17:16:59.359  1513  1996 D UntrustedWifiNetworkFactory: got request NetworkRequest [ TRACK_DEFAULT id=1174, [ Capabilities: INTERNET&NOT_RESTRICTED&TRUSTED Uid: 10220 AdministratorUids: [] RequestorUid: 10220 RequestorPackageName: com.android.chrome] ] with score 60 and providerId 5
09-01 17:16:59.359  1513  2037 D WIFI_AWARE_FACTORY: got request NetworkRequest [ TRACK_DEFAULT id=1174, [ Capabilities: INTERNET&NOT_RESTRICTED&TRUSTED Uid: 10220 AdministratorUids: [] RequestorUid: 10220 RequestorPackageName: com.android.chrome] ] with score 60 and providerId 5
09-01 17:16:59.359  2474  2474 D PhoneSwitcherNetworkRequstListener: got request NetworkRequest [ TRACK_DEFAULT id=1174, [ Capabilities: INTERNET&NOT_RESTRICTED&TRUSTED Uid: 10220 AdministratorUids: [] RequestorUid: 10220 RequestorPackageName: com.android.chrome] ] with score 60 and providerId 5
09-01 17:16:59.364  1513  2000 D ConnectivityService: NetReassign [no changes]
09-01 17:16:59.383  1513  3161 D CompatibilityChangeReporter: Compat change id reported: 149924527; UID 10220; state: ENABLED
09-01 17:16:59.385  1513  3221 D CompatibilityChangeReporter: Compat change id reported: 132649864; UID 10220; state: DISABLED
09-01 17:16:59.386 30156 30156 E ileged_process: Not starting debugger since process cannot load the jdwp agent.
09-01 17:16:59.398  1513  1536 D ConnectivityService: requestNetwork for uid/pid:10220/30063 NetworkRequest [ TRACK_DEFAULT id=1176, [ Capabilities: INTERNET&NOT_RESTRICTED&TRUSTED Uid: 10220 AdministratorUids: [] RequestorUid: 10220 RequestorPackageName: com.android.chrome] ]
09-01 17:16:59.399  1513  2000 D ConnectivityService: NetReassign [1176 : null → 100]
09-01 17:16:59.399 30145 30145 I LoadedApk: No resource references to update in package com.google.android.trichromelibrary
09-01 17:16:59.399 30145 30145 D NetworkSecurityConfig: Using Network Security Config from resource 0_resource_name_obfuscated debugBuild: false
09-01 17:16:59.400  1513  2000 D ConnectivityService: NetReassign [no changes]
09-01 17:16:59.400 30145 30145 D NetworkSecurityConfig: Using Network Security Config from resource 0_resource_name_obfuscated debugBuild: false
09-01 17:16:59.400  1513  2038 D Ethernet: got request NetworkRequest [ TRACK_DEFAULT id=1176, [ Capabilities: INTERNET&NOT_RESTRICTED&TRUSTED Uid: 10220 AdministratorUids: [] RequestorUid: 10220 RequestorPackageName: com.android.chrome] ] with score 60 and providerId 5
09-01 17:16:59.401  1513  2037 D WIFI_AWARE_FACTORY: got request NetworkRequest [ TRACK_DEFAULT id=1176, [ Capabilities: INTERNET&NOT_RESTRICTED&TRUSTED Uid: 10220 AdministratorUids: [] RequestorUid: 10220 RequestorPackageName: com.android.chrome] ] with score 60 and providerId 5
09-01 17:16:59.401  2474  2474 D PhoneSwitcherNetworkRequstListener: got request NetworkRequest [ TRACK_DEFAULT id=1176, [ Capabilities: INTERNET&NOT_RESTRICTED&TRUSTED Uid: 10220 AdministratorUids: [] RequestorUid: 10220 RequestorPackageName: com.android.chrome] ] with score 60 and providerId 5
09-01 17:16:59.401  1513  1996 D WifiNetworkFactory: got request NetworkRequest [ TRACK_DEFAULT id=1176, [ Capabilities: INTERNET&NOT_RESTRICTED&TRUSTED Uid: 10220 AdministratorUids: [] RequestorUid: 10220 RequestorPackageName: com.android.chrome] ] with score 60 and providerId 5
09-01 17:16:59.401  1513  1996 D UntrustedWifiNetworkFactory: got request NetworkRequest [ TRACK_DEFAULT id=1176, [ Capabilities: INTERNET&NOT_RESTRICTED&TRUSTED Uid: 10220 AdministratorUids: [] RequestorUid: 10220 RequestorPackageName: com.android.chrome] ] with score 60 and providerId 5
09-01 17:16:59.402  1513  3221 D CompatibilityChangeReporter: Compat change id reported: 136274596; UID 10220; state: ENABLED
09-01 17:16:59.402 30063 30063 W cr_KnoxSettingsProvider: Permission to read device policy denied.
09-01 17:16:59.404 30145 30145 I cr_SplitCompatApp: Launched version=107.0.5304.91 minSdkVersion=29 isBundle=true processName=com.android.chrome:sandboxed_process0:org.chromium.content.app.SandboxedProcessService0:0 isIsolated=true
09-01 17:16:59.411 30063 30063 I cr_CompositorSurfaceMgr: Transitioning to surface with format: -1
09-01 17:16:59.413 30063 30063 I cr_CompositorSurfaceMgr: surfaceCreated format: 0
09-01 17:16:59.415 30145 30145 W SystemServiceRegistry: No service published for: uimode
09-01 17:16:59.418 30063 30063 I cr_ChromeTabbedActivity: #initializeState
09-01 17:16:59.419 30063 30063 I cr_CipherFactory: #restoreFromBundle, no savedInstanceState.
09-01 17:16:59.419 30063 30063 I cr_tabmodel: #loadState, ignoreIncognitoFiles? true
09-01 17:16:59.419 30063 30063 I cr_tabmodel: Tab metadata, skipIncognitoCount? false incognitoCount: 0 totalCount: 14
09-01 17:16:59.419 30063 30063 I cr_tabmodel: #isIncognitoTabBeingRestored from tabState:  false
09-01 17:16:59.422 30145 30145 I cr_ChildProcessService: Creating new ChildProcessService pid=30145
09-01 17:16:59.425 30156 30156 W ileged_process: JIT profile information will not be recorded: profile file does not exist.
09-01 17:16:59.433 30156 30156 I LoadedApk: No resource references to update in package com.google.android.trichromelibrary
09-01 17:16:59.433 30156 30156 D NetworkSecurityConfig: Using Network Security Config from resource 0_resource_name_obfuscated debugBuild: false
09-01 17:16:59.434 30156 30156 D NetworkSecurityConfig: Using Network Security Config from resource 0_resource_name_obfuscated debugBuild: false
09-01 17:16:59.434 30156 30156 I cr_SplitCompatApp: Launched version=107.0.5304.91 minSdkVersion=29 isBundle=true processName=com.android.chrome:privileged_process0 isIsolated=false
09-01 17:16:59.445 30156 30156 I cr_ChildProcessService: Creating new ChildProcessService pid=30156
09-01 17:16:59.450 30156 30187 I cr_LibraryLoader: Using ModernLinker
09-01 17:16:59.450  7733  7753 I gle.android.gm: CollectorTransition concurrent copying GC freed 23974(1129KB) AllocSpace objects, 6(312KB) LOS objects, 75% free, 9823KB/38MB, paused 251us total 269.878ms
09-01 17:16:59.452 30156 30191 W linker  : Warning: "/data/app/~~_KLlx60MH8CoecPTjMKp8g==/com.android.chrome-kw9RHYrlHKb9bPXi8OTClw==/base.apk!/lib/arm64-v8a/libchromium_android_linker.so" unused DT entry: unknown processor-specific (type 0x70000001 arg 0x0) (ignoring)
09-01 17:16:59.453 30156 30191 I cr_LibraryLoader: Loading monochrome_64 from within /data/app/~~_KLlx60MH8CoecPTjMKp8g==/com.android.chrome-kw9RHYrlHKb9bPXi8OTClw==/base.apk
09-01 17:16:59.453 30156 30191 I cr_ModernLinker: loadLibraryImplLocked: monochrome_64, relroMode=2
09-01 17:16:59.454 30156 30191 W linker  : Warning: "/data/app/~~pvdNlmkqoAdokjnHYmWQbA==/com.google.android.trichromelibrary_530409134-AZWnkLs2PHY5miTP6ZiTzA==/base.apk!/lib/arm64-v8a/libmonochrome_64.so" unused DT entry: unknown processor-specific (type 0x70000001 arg 0x0) (ignoring)
09-01 17:16:59.457 30145 30173 I cr_LibraryLoader: Using ModernLinker
09-01 17:16:59.460 30145 30173 W linker  : Warning: "/data/app/~~_KLlx60MH8CoecPTjMKp8g==/com.android.chrome-kw9RHYrlHKb9bPXi8OTClw==/base.apk!/lib/arm64-v8a/libchromium_android_linker.so" unused DT entry: unknown processor-specific (type 0x70000001 arg 0x0) (ignoring)
09-01 17:16:59.461 30145 30173 E cr_ChromiumAndroidLinker: ReserveAddressWithHint: Address range starting at 0x7a38727000 was not free to use
09-01 17:16:59.465 30005 30192 D ProfileInstaller: Installing profile for com.example.batterymanager_utility
09-01 17:16:59.468 30156 30191 I cr_LibraryLoader: Successfully loaded native library
09-01 17:16:59.469 30156 30191 I cr_CachingUmaRecorder: Flushed 11 samples from 11 histograms.
09-01 17:16:59.470 30145 30189 I cr_LibraryLoader: Successfully loaded native library
09-01 17:16:59.471 30145 30189 I cr_CachingUmaRecorder: Flushed 3 samples from 3 histograms.
09-01 17:16:59.478 30156 30191 I AdrenoGLES-0: QUALCOMM build                   : 35605c3, Ia11ce2d146
09-01 17:16:59.478 30156 30191 I AdrenoGLES-0: Build Date                       : 09/02/20
09-01 17:16:59.478 30156 30191 I AdrenoGLES-0: OpenGL ES Shader Compiler Version: EV031.31.04.00
09-01 17:16:59.478 30156 30191 I AdrenoGLES-0: Local Branch                     : gfx-adreno.lnx.2.0
09-01 17:16:59.478 30156 30191 I AdrenoGLES-0: Remote Branch                    : 
09-01 17:16:59.478 30156 30191 I AdrenoGLES-0: Remote Branch                    : 
09-01 17:16:59.478 30156 30191 I AdrenoGLES-0: Reconstruct Branch               : 
09-01 17:16:59.478 30156 30191 I AdrenoGLES-0: Build Config                     : S P 10.0.4 AArch64
09-01 17:16:59.478 30156 30191 I AdrenoGLES-0: Driver Path                      : /vendor/lib64/egl/libGLESv2_adreno.so
09-01 17:16:59.481 30156 30191 I AdrenoGLES-0: PFP: 0x016dd090, ME: 0x00000000
09-01 17:16:59.487 30156 30191 W AdrenoUtils: <ReadGpuID_from_sysfs:197>: Failed to open /sys/class/kgsl/kgsl-3d0/gpu_model
09-01 17:16:59.487 30156 30191 W AdrenoUtils: <ReadGpuID:221>: Failed to read chip ID from gpu_model. Fallback to use the GSL path
09-01 17:16:59.495  2816  2835 I FontLog : Received query name=Google Sans&weight=700&besteffort=false, URI content://com.google.android.gms.fonts [CONTEXT service_id=132 ]
09-01 17:16:59.495  2816  2835 I FontLog : Query [name=Google Sans&weight=700&besteffort=false] resolved to {Google Sans, wdth 100.0, wght 700, ital 0.0, bestEffort false} [CONTEXT service_id=132 ]
09-01 17:16:59.498  2816  2835 I FontLog : Fetch {Google Sans, wdth 100.0, wght 700, ital 0.0, bestEffort false} end status Status{statusCode=SUCCESS, resolution=null} [CONTEXT service_id=132 ]
09-01 17:16:59.500 30156 30191 D vulkan  : searching for layers in '/data/app/~~_KLlx60MH8CoecPTjMKp8g==/com.android.chrome-kw9RHYrlHKb9bPXi8OTClw==/lib/arm64'
09-01 17:16:59.500 30156 30191 D vulkan  : searching for layers in '/data/app/~~_KLlx60MH8CoecPTjMKp8g==/com.android.chrome-kw9RHYrlHKb9bPXi8OTClw==/base.apk!/lib/arm64-v8a'
09-01 17:16:59.501 30156 30191 D vulkan  : searching for layers in '/data/app/~~pvdNlmkqoAdokjnHYmWQbA==/com.google.android.trichromelibrary_530409134-AZWnkLs2PHY5miTP6ZiTzA==/base.apk!/lib/arm64-v8a'
09-01 17:16:59.504  2816  2835 I FontLog : Pulling font file for id = 774, cache size = 7 [CONTEXT service_id=132 ]
09-01 17:16:59.507 30156 30191 I AdrenoVK-0: ===== BEGIN DUMP OF OVERRIDDEN SETTINGS =====
09-01 17:16:59.507 30156 30191 I AdrenoVK-0: ===== END DUMP OF OVERRIDDEN SETTINGS =====
09-01 17:16:59.507 30156 30191 I AdrenoVK-0: QUALCOMM build          : 35605c3, Ia11ce2d146
09-01 17:16:59.507 30156 30191 I AdrenoVK-0: Build Date              : 09/02/20
09-01 17:16:59.507 30156 30191 I AdrenoVK-0: Shader Compiler Version : EV031.31.04.00
09-01 17:16:59.507 30156 30191 I AdrenoVK-0: Local Branch            : gfx-adreno.lnx.2.0
09-01 17:16:59.507 30156 30191 I AdrenoVK-0: Remote Branch           : 
09-01 17:16:59.507 30156 30191 I AdrenoVK-0: Remote Branch           : 
09-01 17:16:59.507 30156 30191 I AdrenoVK-0: Reconstruct Branch      : 
09-01 17:16:59.507 30156 30191 I AdrenoVK-0: Build Config            : S P 10.0.4 AArch64
09-01 17:16:59.507 30156 30191 I AdrenoVK-0: Driver Path             : /vendor/lib64/hw/vulkan.adreno.so
09-01 17:16:59.513  2816  2835 I FontLog : Received query name=Noto Color Emoji Compat&weight=400&besteffort=false, URI content://com.google.android.gms.fonts [CONTEXT service_id=132 ]
09-01 17:16:59.513  2816  2835 I FontLog : Query [name=Noto Color Emoji Compat&weight=400&besteffort=false] resolved to {Noto Color Emoji Compat, wdth 100.0, wght 400, ital 0.0, bestEffort false} [CONTEXT service_id=132 ]
09-01 17:16:59.515  2816  2835 I FontLog : Fetch {Noto Color Emoji Compat, wdth 100.0, wght 400, ital 0.0, bestEffort false} end status Status{statusCode=SUCCESS, resolution=null} [CONTEXT service_id=132 ]
09-01 17:16:59.517  2816  2835 I FontLog : Pulling font file for id = 775, cache size = 7 [CONTEXT service_id=132 ]
09-01 17:16:59.525  2816  2835 I FontLog : Received query name=Google Sans&weight=400&besteffort=false, URI content://com.google.android.gms.fonts [CONTEXT service_id=132 ]
09-01 17:16:59.525  2816  2835 I FontLog : Query [name=Google Sans&weight=400&besteffort=false] resolved to {Google Sans, wdth 100.0, wght 400, ital 0.0, bestEffort false} [CONTEXT service_id=132 ]
09-01 17:16:59.527  2816  2835 I FontLog : Font PFD returned from cache for {Google Sans, wdth 100.0, wght 400, ital 0.0, bestEffort false} [CONTEXT service_id=132 ]
09-01 17:16:59.527  2816  2835 I FontLog : Fetch {Google Sans, wdth 100.0, wght 400, ital 0.0, bestEffort false} end status Status{statusCode=SUCCESS, resolution=null} [CONTEXT service_id=132 ]
09-01 17:16:59.530  2816  2835 I FontLog : Pulling font file for id = 776, cache size = 8 [CONTEXT service_id=132 ]
09-01 17:16:59.531 30063 30063 I cr_OfflineIndicator: onConnectionTypeChanged 2
09-01 17:16:59.531 30063 30063 I cr_OfflineIndicator: Reported by system: [ Transports: WIFI Capabilities: NOT_METERED&INTERNET&NOT_RESTRICTED&TRUSTED&NOT_VPN&VALIDATED&NOT_ROAMING&FOREGROUND&NOT_CONGESTED&NOT_SUSPENDED LinkUpBandwidth>=93060Kbps LinkDnBandwidth>=53625Kbps SignalStrength: -56 AdministratorUids: [] RequestorUid: -1 RequestorPackageName: null]
09-01 17:16:59.531 30063 30063 I cr_OfflineIndicator: setConnectionState connectionState=4
09-01 17:16:59.531 30063 30063 I cr_OfflineDetector: Running updateState mConnectivityDetectorInitialized: true, mTimeWhenLastForegrounded: 26602756, getElapsedTime: 26602757, mTimeWhenLastOfflineNotificationReceived: 0, mTimeWhenLastOnline: 26602757, mApplicationState: 1, mIsOfflineLastReportedByConnectivityDetector: false, mIsEffectivelyOffline: false
09-01 17:16:59.531 30063 30063 I cr_OfflineDetector: updateState(): timeSinceLastForeground: 1, timeSinceOfflineNotificationReceived: 26602757, timeSinceLastOnline: 0, timeNeededForForeground: 1999, timeNeededForOffline: -26600757
09-01 17:16:59.531 30063 30063 I cr_OfflineIndicator: processConnectivityCheckResult mConnectionState=4 mConnectivityCheckingStage=1
09-01 17:16:59.536  2816  2835 I FontLog : Received query name=Google Sans&weight=500&besteffort=false, URI content://com.google.android.gms.fonts [CONTEXT service_id=132 ]
09-01 17:16:59.536  2816  2835 I FontLog : Query [name=Google Sans&weight=500&besteffort=false] resolved to {Google Sans, wdth 100.0, wght 500, ital 0.0, bestEffort false} [CONTEXT service_id=132 ]
09-01 17:16:59.537  2816  2835 I FontLog : Font PFD returned from cache for {Google Sans, wdth 100.0, wght 500, ital 0.0, bestEffort false} [CONTEXT service_id=132 ]
09-01 17:16:59.538  2816  2835 I FontLog : Fetch {Google Sans, wdth 100.0, wght 500, ital 0.0, bestEffort false} end status Status{statusCode=SUCCESS, resolution=null} [CONTEXT service_id=132 ]
09-01 17:16:59.539  2816  2835 I FontLog : Pulling font file for id = 777, cache size = 7 [CONTEXT service_id=132 ]
09-01 17:16:59.564 30145 30189 I tflite  : Initialized TensorFlow Lite runtime.
09-01 17:16:59.581 30063 30063 W linker  : Warning: "/data/app/~~_KLlx60MH8CoecPTjMKp8g==/com.android.chrome-kw9RHYrlHKb9bPXi8OTClw==/split_vr.apk!/lib/arm64-v8a/libmonochrome_64_vr_partition.so" unused DT entry: unknown processor-specific (type 0x70000001 arg 0x0) (ignoring)
09-01 17:16:59.582  1513  1536 D ConnectivityService: requestNetwork for uid/pid:10220/30063 NetworkRequest [ TRACK_DEFAULT id=1178, [ Capabilities: INTERNET&NOT_RESTRICTED&TRUSTED Uid: 10220 AdministratorUids: [] RequestorUid: 10220 RequestorPackageName: com.android.chrome] ]
09-01 17:16:59.582  1513  2000 D ConnectivityService: NetReassign [1178 : null → 100]
09-01 17:16:59.582  1513  1996 D WifiNetworkFactory: got request NetworkRequest [ TRACK_DEFAULT id=1178, [ Capabilities: INTERNET&NOT_RESTRICTED&TRUSTED Uid: 10220 AdministratorUids: [] RequestorUid: 10220 RequestorPackageName: com.android.chrome] ] with score 60 and providerId 5
09-01 17:16:59.582  1513  2038 D Ethernet: got request NetworkRequest [ TRACK_DEFAULT id=1178, [ Capabilities: INTERNET&NOT_RESTRICTED&TRUSTED Uid: 10220 AdministratorUids: [] RequestorUid: 10220 RequestorPackageName: com.android.chrome] ] with score 60 and providerId 5
09-01 17:16:59.583  1513  1996 D UntrustedWifiNetworkFactory: got request NetworkRequest [ TRACK_DEFAULT id=1178, [ Capabilities: INTERNET&NOT_RESTRICTED&TRUSTED Uid: 10220 AdministratorUids: [] RequestorUid: 10220 RequestorPackageName: com.android.chrome] ] with score 60 and providerId 5
09-01 17:16:59.583  2474  2474 D PhoneSwitcherNetworkRequstListener: got request NetworkRequest [ TRACK_DEFAULT id=1178, [ Capabilities: INTERNET&NOT_RESTRICTED&TRUSTED Uid: 10220 AdministratorUids: [] RequestorUid: 10220 RequestorPackageName: com.android.chrome] ] with score 60 and providerId 5
09-01 17:16:59.583  1513  2037 D WIFI_AWARE_FACTORY: got request NetworkRequest [ TRACK_DEFAULT id=1178, [ Capabilities: INTERNET&NOT_RESTRICTED&TRUSTED Uid: 10220 AdministratorUids: [] RequestorUid: 10220 RequestorPackageName: com.android.chrome] ] with score 60 and providerId 5
09-01 17:16:59.593  1513  2000 D ConnectivityService: NetReassign [no changes]
09-01 17:16:59.602 30063 30132 I cr_VrCoreVersionChecker: Unable to find VrCore.
09-01 17:16:59.613  2158  2158 I WallpaperService: engine paused
09-01 17:16:59.614   901   901 I sensors-hal: [hal]activate_physical_sensor:238, android.sensor.gyroscope/41 en=0
09-01 17:16:59.617   901   901 D Diag_Lib: diag: Diag_LSM_DeInit done for pid: 901
09-01 17:16:59.620   901   901 D Diag_Lib: diag: Diag_LSM_DeInit done for pid: 901
09-01 17:16:59.620   901   901 I sensors-hal: [hal]activate_physical_sensor:249, android.sensor.gyroscope/41 en=0 completed
09-01 17:16:59.625  1513  8184 I AdrenoGLES-0: QUALCOMM build                   : 35605c3, Ia11ce2d146
09-01 17:16:59.625  1513  8184 I AdrenoGLES-0: Build Date                       : 09/02/20
09-01 17:16:59.625  1513  8184 I AdrenoGLES-0: OpenGL ES Shader Compiler Version: EV031.31.04.00
09-01 17:16:59.625  1513  8184 I AdrenoGLES-0: Local Branch                     : gfx-adreno.lnx.2.0
09-01 17:16:59.625  1513  8184 I AdrenoGLES-0: Remote Branch                    : 
09-01 17:16:59.625  1513  8184 I AdrenoGLES-0: Remote Branch                    : 
09-01 17:16:59.625  1513  8184 I AdrenoGLES-0: Reconstruct Branch               : 
09-01 17:16:59.625  1513  8184 I AdrenoGLES-0: Build Config                     : S P 10.0.4 AArch64
09-01 17:16:59.625  1513  8184 I AdrenoGLES-0: Driver Path                      : /vendor/lib64/egl/libGLESv2_adreno.so
09-01 17:16:59.635  1513  8184 I AdrenoGLES-0: PFP: 0x016dd090, ME: 0x00000000
09-01 17:16:59.657 30063 30063 I Choreographer: Skipped 38 frames!  The application may be doing too much work on its main thread.
09-01 17:16:59.677 30063 30063 I cr_tabmodel: #isIncognitoTabBeingRestored from tabState:  false
09-01 17:16:59.677 30063 30063 I cr_tabmodel: #isIncognitoTabBeingRestored from tabState:  false
09-01 17:16:59.701  2858  2858 I GoogleInputMethodService: GoogleInputMethodService.onFinishInput():3280 
09-01 17:16:59.701  2858  2858 I GoogleInputMethodService: GoogleInputMethodService.updateDeviceLockedStatus():2169 repeatCheckTimes = 0, unlocked = true
09-01 17:16:59.702  2858  2858 I GoogleInputMethodService: GoogleInputMethodService.onStartInput():1960 onStartInput(EditorInfo{inputType=0x0(NULL) imeOptions=0x12000000 privateImeOptions=null actionName=UNSPECIFIED actionLabel=null actionId=0 initialSelStart=-1 initialSelEnd=-1 initialCapsMode=0x0 hintText=null label=null packageName=com.android.chrome fieldId=-1 fieldName=null extras=null}, false)
09-01 17:16:59.702  2858  2858 I GoogleInputMethodService: GoogleInputMethodService.shouldHideHeaderOnInitialState():4081 ShouldHideHeaderOnInitialState = false
09-01 17:16:59.703 30063 30063 I cr_tabmodel: #isIncognitoTabBeingRestored from tabState:  false
09-01 17:16:59.703 30063 30063 I cr_tabmodel: #isIncognitoTabBeingRestored from tabState:  false
09-01 17:16:59.704  2858  2858 I GoogleInputMethodService: GoogleInputMethodService.updateDeviceLockedStatus():2169 repeatCheckTimes = 2, unlocked = true
09-01 17:16:59.713 30063 30063 I cr_tabmodel: #isIncognitoTabBeingRestored from tabState:  false
09-01 17:16:59.800 30063 30063 I chatty  : uid=10220(com.android.chrome) app_process identical 20 lines
09-01 17:16:59.800 30063 30063 I cr_tabmodel: #isIncognitoTabBeingRestored from tabState:  false
09-01 17:16:59.811 30063 30063 I cr_tabmodel: Loaded tab lists; counts: 14,0
09-01 17:16:59.842  2858  2858 I GoogleInputMethodService: GoogleInputMethodService.onStartInput():1960 onStartInput(EditorInfo{inputType=0x840a1(WebEditText) imeOptions=0x12000003 privateImeOptions=null actionName=SEARCH actionLabel=null actionId=0 initialSelStart=0 initialSelEnd=0 initialCapsMode=0x0 hintText=null label=null packageName=com.android.chrome fieldId=-1 fieldName=null extras=null}, true)
09-01 17:16:59.842  2858  2858 I GoogleInputMethodService: GoogleInputMethodService.shouldHideHeaderOnInitialState():4081 ShouldHideHeaderOnInitialState = false
09-01 17:16:59.842  2858  2858 I GoogleInputMethodService: GoogleInputMethodService.updateDeviceLockedStatus():2169 repeatCheckTimes = 2, unlocked = true
09-01 17:16:59.842  2858  2858 W SessionManager: SessionManager.beginSession():53 Try to begin an already begun session [INPUT_SESSION], end it first
09-01 17:16:59.866  7733  5130 I Icing   : IndexChimeraService.getServiceInterface callingPackage=com.google.android.gms componentName=null serviceId=30
09-01 17:16:59.872  7733  7733 D BoundBrokerSvc: onBind: Intent { act=com.google.android.gms.common.BIND_SHARED_PREFS pkg=com.google.android.gms }
09-01 17:16:59.872  7733  7733 D BoundBrokerSvc: Loading bound service for intent: Intent { act=com.google.android.gms.common.BIND_SHARED_PREFS pkg=com.google.android.gms }
09-01 17:16:59.875  7733  7733 D BoundBrokerSvc: onUnbind: Intent { act=com.google.android.gms.common.BIND_SHARED_PREFS pkg=com.google.android.gms }
09-01 17:16:59.881  7733 16085 I GmsCoreXrpcWrapper: (REDACTED) Returning a channel provider with trafficStatsTag=%d trafficStatsUid=%d
09-01 17:16:59.952  7733 16085 I Icing   : Usage reports ok 4, Failed Usage reports 0, indexed 2, rejected 0
09-01 17:17:00.081 30063 30063 I cr_tabmodel: Appending tabs being restored to metadata lists, 0, startingNormalCount: 14, startingIncognitoCount: 0
09-01 17:17:00.081 30063 30063 I cr_tabmodel: Serializing tab lists; counts: 14, 0
09-01 17:17:00.100 30063 30063 I cr_StartSurface: Recorded Startup.Android.StartSurfaceShownAtStartup = false
09-01 17:17:00.107  3417  3417 I VISHotwordAdapter: Not connected and not waiting for connection.
09-01 17:17:00.109 30063 30112 I cr_BindingManager: Visible binding enabled: maxSize=-1
09-01 17:17:00.109  3417  3417 I VISHotwordAdapter: Still waiting for connection; add the callback to callback list
09-01 17:17:00.118  3417  3417 I A       : getLocaleToModelSpecsMap
09-01 17:17:00.118  3417  3417 I A       : Using proto config with mendel
09-01 17:17:00.118  3417  3417 I A       : getLocaleToModelSpecsMap
09-01 17:17:00.118  3417  3417 I A       : Using proto config with mendel
09-01 17:17:00.118  3417  3417 I A       : getLocaleToModelSpecsMap
09-01 17:17:00.118  3417  3417 I A       : Using proto config with mendel
09-01 17:17:00.121  3088  3914 I GsaVoiceInteractionSrv: (REDACTED) isHotwordRecognitionEnabled %b %b
09-01 17:17:00.127   901  1000 D VSC     : @ 26606.581: [WO] tilt angle 89
09-01 17:17:01.317   901  2806 I sensors-hal: [ssc_utils]get_qmi_debug_flag:244, support_qmi_debug : false
09-01 17:17:01.327   901  1000 W ASH     : @ 26607.780: Unhandled msg ID 999: line 1277
09-01 17:17:01.327   901  1000 E ASH     : @ 26607.780: No pb callback assigned
09-01 17:17:01.327   901  1000 E ASH     : @ 26607.780: Nanopb error: callback failed:1588
09-01 17:17:01.353   901  2806 I sensors-hal: [ssc_utils]get_qmi_debug_flag:244, support_qmi_debug : false
09-01 17:17:01.364   901  1000 W ASH     : @ 26607.818: Unhandled msg ID 999: line 1277
09-01 17:17:01.364   901  1000 E ASH     : @ 26607.818: No pb callback assigned
09-01 17:17:01.364   901  1000 E ASH     : @ 26607.818: Nanopb error: callback failed:1588
09-01 17:17:01.402 30063 30063 E cr_BTSPrefs: No data found for task id: 53
09-01 17:17:01.402 30063 30063 E cr_BkgrdTaskScheduler: Task cannot be canceled because no data was found instorage or data was invalid
09-01 17:17:01.431  1513  2000 D ConnectivityService: NetReassign [no changes]
09-01 17:17:01.436   901  2806 I sensors-hal: [ssc_utils]get_qmi_debug_flag:244, support_qmi_debug : false
09-01 17:17:01.445   901  1000 W ASH     : @ 26607.899: Unhandled msg ID 999: line 1277
09-01 17:17:01.445   901  1000 E ASH     : @ 26607.899: No pb callback assigned
09-01 17:17:01.445   901  1000 E ASH     : @ 26607.899: Nanopb error: callback failed:1588
09-01 17:17:01.511   901  1000 I ASH     : @ 26607.964: tcs3701: ADC is saturated, removed sample from FIFO.
09-01 17:17:01.859   901  2806 I sensors-hal: [ssc_utils]get_qmi_debug_flag:244, support_qmi_debug : false
09-01 17:17:01.884   901  1000 W ASH     : @ 26608.338: Unhandled msg ID 999: line 1277
09-01 17:17:01.884   901  1000 E ASH     : @ 26608.338: No pb callback assigned
09-01 17:17:01.884   901  1000 E ASH     : @ 26608.338: Nanopb error: callback failed:1588
09-01 17:17:01.960   901  2806 I sensors-hal: [ssc_utils]get_qmi_debug_flag:244, support_qmi_debug : false
09-01 17:17:02.005   901  1000 W ASH     : @ 26608.459: Unhandled msg ID 999: line 1277
09-01 17:17:02.006   901  1000 E ASH     : @ 26608.459: No pb callback assigned
09-01 17:17:02.006   901  1000 E ASH     : @ 26608.459: Nanopb error: callback failed:1588
09-01 17:17:02.035   901  1000 I ASH     : @ 26608.487: tcs3701: ADC is saturated, removed sample from FIFO.
09-01 17:17:02.126   901  1000 D VSC     : @ 26608.579: [WO] tilt angle 89
09-01 17:17:02.359   901  2806 I sensors-hal: [ssc_utils]get_qmi_debug_flag:244, support_qmi_debug : false
09-01 17:17:02.404   901  1000 W ASH     : @ 26608.858: Unhandled msg ID 999: line 1277
09-01 17:17:02.404   901  1000 E ASH     : @ 26608.858: No pb callback assigned
09-01 17:17:02.405   901  1000 E ASH     : @ 26608.858: Nanopb error: callback failed:1588
09-01 17:17:02.434   901  2806 I sensors-hal: [ssc_utils]get_qmi_debug_flag:244, support_qmi_debug : false
09-01 17:17:02.447   901  1000 W ASH     : @ 26608.900: Unhandled msg ID 999: line 1277
09-01 17:17:02.447   901  1000 E ASH     : @ 26608.900: No pb callback assigned
09-01 17:17:02.447   901  1000 E ASH     : @ 26608.900: Nanopb error: callback failed:1588
09-01 17:17:02.518   901  1000 I ASH     : @ 26608.970: tcs3701: ADC is saturated, removed sample from FIFO.
09-01 17:17:02.861   901  2806 I sensors-hal: [ssc_utils]get_qmi_debug_flag:244, support_qmi_debug : false
09-01 17:17:02.861   594 28441 I SDM     : HWDeviceDRM::UpdateMixerAttributes: Mixer WxH 1080x2340-1 for Peripheral
09-01 17:17:02.861   594 28441 I SDM     : DisplayBase::SetActiveConfig: Active configuration changed to: 0
09-01 17:17:02.861   594 28441 I SDM     : StrategyImpl::SetIdleTimeoutMs: Idle timeout set to zero for command mode panels
09-01 17:17:02.877   901  2806 I sensors-hal: [ssc_utils]get_qmi_debug_flag:244, support_qmi_debug : false
