09-01 20:00:32.226 29633 29734 I FenixApplication: Running post-visual completeness tasks...
09-01 20:00:32.226 29633 29734 I FenixApplication: Storage initialization...
09-01 20:00:32.226 29633 29734 I PlacesHistoryStorage: Warming up places storage...
09-01 20:00:32.229 29633 29734 I PlacesHistoryStorage: 'Warming up places storage' took 2 ms
09-01 20:00:32.229 29633 29734 I PlacesBookmarksStorage: Warming up places storage...
09-01 20:00:32.229 29633 29734 I PlacesBookmarksStorage: 'Warming up places storage' took 0 ms
09-01 20:00:32.229 29633 29734 I SyncableLoginsStorage: Warming up storage...
09-01 20:00:32.229 29633 29734 I SyncableLoginsStorage: 'Warming up storage' took 0 ms
09-01 20:00:32.229 29633 29734 I AutofillCCAddressesStorage: Warming up storage...
09-01 20:00:32.229 29633 29734 I AutofillCCAddressesStorage: 'Warming up storage' took 0 ms
09-01 20:00:32.229 29633 29633 I ColdStartupDuration: COLD VIEW Application.<init> to first frame: 432 ms
09-01 20:00:32.230 29633 29633 I FenixApplication: Kicking-off account manager...
09-01 20:00:32.230 29633 29633 I FenixApplication: 'Kicking-off account manager' took 0 ms
09-01 20:00:32.290   901  2806 I sensors-hal: [ssc_utils]get_qmi_debug_flag:244, support_qmi_debug : false
09-01 20:00:32.295   594   655 I SDM     : HWDeviceDRM::UpdateMixerAttributes: Mixer WxH 1080x2340-1 for Peripheral
09-01 20:00:32.295   594   655 I SDM     : DisplayBase::SetActiveConfig: Active configuration changed to: 0
09-01 20:00:32.295   594   655 I SDM     : StrategyImpl::SetIdleTimeoutMs: Idle timeout set to zero for command mode panels
09-01 20:00:32.299   901  2806 I sensors-hal: [ssc_utils]get_qmi_debug_flag:244, support_qmi_debug : false
09-01 20:00:32.317  1513  1572 I DisplayManagerService: Display device changed: DisplayDeviceInfo{"Built-in Screen": uniqueId="local:19260504575090817", 1080 x 2340, modeId 2, defaultModeId 2, supportedModes [{id=1, width=1080, height=2340, fps=90.0}, {id=2, width=1080, height=2340, fps=60.000004}], colorMode 0, supportedColorModes [0, 7, 9], HdrCapabilities HdrCapabilities{mSupportedHdrTypes=[2, 3, 4], mMaxLuminance=500.0, mMaxAverageLuminance=500.0, mMinLuminance=0.0}, allmSupported false, gameContentTypeSupported false, density 440, 435.428 x 433.839 dpi, appVsyncOff 2333332, presDeadline 11500000, cutout DisplayCutout{insets=Rect(0, 136 - 0, 0) waterfall=Insets{left=0, top=0, right=0, bottom=0} boundingRect={Bounds=[Rect(0, 0 - 0, 0), Rect(0, 0 - 136, 136), Rect(0, 0 - 0, 0), Rect(0, 0 - 0, 0)]}}, touch INTERNAL, rotation 0, type INTERNAL, address {port=129, model=0x446d53ad64a0}, deviceProductInfo DeviceProductInfo{name=, manufacturerPnpId=QCM, productId=1, modelYear=null, manufactureDate=ManufactureDate{week=27, year=2006}, relativeAddress=null}, state ON, FLAG_DEFAULT_DISPLAY, FLAG_ROTATES_WITH_CONTENT, FLAG_SECURE, FLAG_SUPPORTS_PROTECTED_BUFFERS}
09-01 20:00:32.325   901  1000 W ASH     : @ 36418.778: Unhandled msg ID 999: line 1277
09-01 20:00:32.325   901  1000 E ASH     : @ 36418.778: No pb callback assigned
09-01 20:00:32.325   901  1000 E ASH     : @ 36418.778: Nanopb error: callback failed:1588
09-01 20:00:32.341   594   655 I SDM     : StrategyImpl::SetIdleTimeoutMs: Idle timeout set to zero for command mode panels
09-01 20:00:32.469 29633 29734 I FenixApplication: 'Storage initialization' took 243 ms
09-01 20:00:32.652 29547 29547 I BatteryMgr:DataCollectionService: onStartCommand: begin
09-01 20:00:32.653 29547 29547 I BatteryMgr:DataCollectionService: onStartCommand: sampleRate => 100
09-01 20:00:32.653 29547 29547 I BatteryMgr:DataCollectionService: onStartCommand: rawFields => Timestamp,BATTERY_PROPERTY_CURRENT_NOW,EXTRA_VOLTAGE
09-01 20:00:32.654 29547 29547 I BatteryMgr:DataCollectionService: onStartCommand: notification done
09-01 20:00:32.656  1513  3241 D CompatibilityChangeReporter: Compat change id reported: 136219221; UID 10260; state: ENABLED
09-01 20:00:32.657 29547 29547 I BatteryMgr:DataCollectionService: started foreground
09-01 20:00:32.672 29547 30083 I BatteryMgr:DataCollectionService: collectData: begin
09-01 20:00:32.675 29547 30083 I BatteryMgr:DataCollectionService: stats => 1693591232675,6713,4409
09-01 20:00:32.724  1513  2000 D ConnectivityService: NetReassign [no changes]
09-01 20:00:32.780 29547 30083 I BatteryMgr:DataCollectionService: stats => 1693591232780,6713,4409
09-01 20:00:32.803 29633 29686 D GeckoIdleService: Get idle time: time since reset 709 msec
09-01 20:00:32.803 29633 29686 D GeckoIdleService: Idle timer callback: current idle time 709 msec
09-01 20:00:32.803 29633 29686 D GeckoIdleService: next timeout 4290 msec from now
09-01 20:00:32.803 29633 29686 D GeckoIdleService: SetTimerExpiryIfBefore: next timeout 4290 msec from now
09-01 20:00:32.803 29633 29686 D GeckoIdleService: reset timer expiry to 4300 msec from now
09-01 20:00:32.861  1513  1513 D NotificationService: 0|com.example.batterymanager_utility|1|null|10260: granting content://settings/system/notification_sound
09-01 20:00:32.861  1513  1513 I chatty  : uid=1000(system) Binder:1513_3 identical 3 lines
09-01 20:00:32.862  1513  1513 D NotificationService: 0|com.example.batterymanager_utility|1|null|10260: granting content://settings/system/notification_sound
09-01 20:00:32.863  1513  1513 W NotificationHistory: Attempted to add notif for locked/gone/disabled user 0
09-01 20:00:32.869  2062  2062 D InterruptionStateProvider: No bubble up: not allowed to bubble: 0|com.example.batterymanager_utility|1|null|10260
09-01 20:00:32.870  2062  2062 D InterruptionStateProvider: No heads up: unimportant notification: 0|com.example.batterymanager_utility|1|null|10260
09-01 20:00:32.884 29547 30083 I BatteryMgr:DataCollectionService: stats => 1693591232884,6713,4409
09-01 20:00:32.992 29547 30083 I BatteryMgr:DataCollectionService: stats => 1693591232991,6713,4409
09-01 20:00:33.095 29547 30083 I BatteryMgr:DataCollectionService: stats => 1693591233095,6713,4409
09-01 20:00:33.199 29547 30083 I BatteryMgr:DataCollectionService: stats => 1693591233199,6713,4409
09-01 20:00:33.305 29547 30083 I BatteryMgr:DataCollectionService: stats => 1693591233305,6713,4409
09-01 20:00:33.410 29547 30083 I BatteryMgr:DataCollectionService: stats => 1693591233410,6713,4409
09-01 20:00:33.516 29547 30083 I BatteryMgr:DataCollectionService: stats => 1693591233516,6713,4409
09-01 20:00:33.624 29547 30083 I BatteryMgr:DataCollectionService: stats => 1693591233623,6713,4409
09-01 20:00:33.730 29547 30083 I BatteryMgr:DataCollectionService: stats => 1693591233729,6713,4409
09-01 20:00:33.764 29949 29968 I .android.video: Waiting for a blocking GC ProfileSaver
09-01 20:00:33.795 29949 29968 I .android.video: WaitForGcToComplete blocked ProfileSaver on RunEmptyCheckpoint for 30.865ms
09-01 20:00:33.836 29547 30083 I BatteryMgr:DataCollectionService: stats => 1693591233836,8850,4409
09-01 20:00:33.943 29547 30083 I BatteryMgr:DataCollectionService: stats => 1693591233943,8850,4409
09-01 20:00:34.049 29547 30083 I BatteryMgr:DataCollectionService: stats => 1693591234049,8850,4409
09-01 20:00:34.134   901  1000 D VSC     : @ 36420.587: [WO] tilt angle 89
09-01 20:00:34.155 29547 30083 I BatteryMgr:DataCollectionService: stats => 1693591234155,8850,4409
09-01 20:00:34.262 29547 30083 I BatteryMgr:DataCollectionService: stats => 1693591234262,8850,4409
09-01 20:00:34.369 29547 30083 I BatteryMgr:DataCollectionService: stats => 1693591234368,8850,4409
09-01 20:00:34.475 29547 30083 I BatteryMgr:DataCollectionService: stats => 1693591234475,8850,4409
09-01 20:00:34.582 29547 30083 I BatteryMgr:DataCollectionService: stats => 1693591234581,8850,4409
09-01 20:00:34.688 29547 30083 I BatteryMgr:DataCollectionService: stats => 1693591234688,8850,4409
09-01 20:00:34.795 29547 30083 I BatteryMgr:DataCollectionService: stats => 1693591234795,8850,4409
09-01 20:00:34.898 29547 30083 I BatteryMgr:DataCollectionService: stats => 1693591234898,8850,4409
09-01 20:00:34.939  1513  3161 I ActivityTaskManager: START u0 {act=android.intent.action.VIEW dat=http://192.168.88.177:8000/... flg=0x10000000 cmp=org.mozilla.firefox/org.mozilla.gecko.BrowserApp} from uid 2000
09-01 20:00:34.940  1513  1572 D EventSequenceValidator: Transition from ACTIVITY_FINISHED to INTENT_STARTED
09-01 20:00:34.947 30107 30109 I cmd     : oneway function results will be dropped but finished with status OK and parcel size 4
09-01 20:00:34.950  1513  1572 D EventSequenceValidator: Transition from INTENT_STARTED to INTENT_FAILED
09-01 20:00:34.956  1513  3161 W ActivityTaskManager: Tried to set launchTime (0) < mLastActivityLaunchTime (36410196)
09-01 20:00:34.957   594   655 I SDM     : HWDeviceDRM::UpdateMixerAttributes: Mixer WxH 1080x2340-1 for Peripheral
09-01 20:00:34.957   594   655 I SDM     : DisplayBase::SetActiveConfig: Active configuration changed to: 1
09-01 20:00:34.957   594   655 I SDM     : StrategyImpl::SetIdleTimeoutMs: Idle timeout set to zero for command mode panels
09-01 20:00:34.963   901  2806 I sensors-hal: [ssc_utils]get_qmi_debug_flag:244, support_qmi_debug : false
09-01 20:00:34.976  1513  1572 I DisplayManagerService: Display device changed: DisplayDeviceInfo{"Built-in Screen": uniqueId="local:19260504575090817", 1080 x 2340, modeId 1, defaultModeId 2, supportedModes [{id=1, width=1080, height=2340, fps=90.0}, {id=2, width=1080, height=2340, fps=60.000004}], colorMode 0, supportedColorModes [0, 7, 9], HdrCapabilities HdrCapabilities{mSupportedHdrTypes=[2, 3, 4], mMaxLuminance=500.0, mMaxAverageLuminance=500.0, mMinLuminance=0.0}, allmSupported false, gameContentTypeSupported false, density 440, 435.428 x 433.839 dpi, appVsyncOff 2333333, presDeadline 11500000, cutout DisplayCutout{insets=Rect(0, 136 - 0, 0) waterfall=Insets{left=0, top=0, right=0, bottom=0} boundingRect={Bounds=[Rect(0, 0 - 0, 0), Rect(0, 0 - 136, 136), Rect(0, 0 - 0, 0), Rect(0, 0 - 0, 0)]}}, touch INTERNAL, rotation 0, type INTERNAL, address {port=129, model=0x446d53ad64a0}, deviceProductInfo DeviceProductInfo{name=, manufacturerPnpId=QCM, productId=1, modelYear=null, manufactureDate=ManufactureDate{week=27, year=2006}, relativeAddress=null}, state ON, FLAG_DEFAULT_DISPLAY, FLAG_ROTATES_WITH_CONTENT, FLAG_SECURE, FLAG_SUPPORTS_PROTECTED_BUFFERS}
09-01 20:00:34.981  1513  8504 I ActivityTaskManager: START u0 {act=android.intent.action.VIEW dat=http://192.168.88.177:8000/... cmp=org.mozilla.firefox/org.mozilla.fenix.HomeActivity (has extras)} from uid 10258
09-01 20:00:34.991 29633 29633 I WebExtension: releasePendingMessages: extension=readerview@mozac.org nativeApp=mozacReaderviewActive session=org.mozilla.geckoview.GeckoSession@baa7c1e
09-01 20:00:34.991 29633 29633 I WebExtension: releasePendingMessages: extension=readerview@mozac.org nativeApp=mozacReaderview session=org.mozilla.geckoview.GeckoSession@baa7c1e
09-01 20:00:34.991 29633 29633 I WebExtension: releasePendingMessages: extension=readerview@mozac.org nativeApp=mozacReaderviewActive session=org.mozilla.geckoview.GeckoSession@baa7c1e
09-01 20:00:34.991 29633 29633 I WebExtension: releasePendingMessages: extension=readerview@mozac.org nativeApp=mozacReaderview session=org.mozilla.geckoview.GeckoSession@baa7c1e
09-01 20:00:34.993  1513  1572 D EventSequenceValidator: inc AccIntentStartedEvents to 1
09-01 20:00:34.993  1084  1928 W iorapd  : Rejecting transition from kIntentFailed to kActivityLaunchCancelled
09-01 20:00:35.006   901  1000 W ASH     : @ 36421.458: Unhandled msg ID 999: line 1277
09-01 20:00:35.006   901  1000 E ASH     : @ 36421.458: No pb callback assigned
09-01 20:00:35.006   901  1000 E ASH     : @ 36421.458: Nanopb error: callback failed:1588
09-01 20:00:35.014 29547 30083 I BatteryMgr:DataCollectionService: stats => 1693591235013,8850,4409
09-01 20:00:35.020  2858  2858 I GoogleInputMethodService: GoogleInputMethodService.onFinishInput():3280 
09-01 20:00:35.022  2858  2858 I GoogleInputMethodService: GoogleInputMethodService.updateDeviceLockedStatus():2169 repeatCheckTimes = 0, unlocked = true
09-01 20:00:35.022  2858  2858 I GoogleInputMethodService: GoogleInputMethodService.onStartInput():1960 onStartInput(EditorInfo{inputType=0x0(NULL) imeOptions=0x1 privateImeOptions=null actionName=NONE actionLabel=null actionId=0 initialSelStart=-1 initialSelEnd=-1 initialCapsMode=0x0 hintText=null label=null packageName=org.mozilla.firefox fieldId=-1 fieldName=null extras=null}, false)
09-01 20:00:35.022  2858  2858 I GoogleInputMethodService: GoogleInputMethodService.shouldHideHeaderOnInitialState():4081 ShouldHideHeaderOnInitialState = false
09-01 20:00:35.022  2858  2858 I GoogleInputMethodService: GoogleInputMethodService.updateDeviceLockedStatus():2169 repeatCheckTimes = 2, unlocked = true
09-01 20:00:35.024   594   655 I SDM     : HWDeviceDRM::UpdateMixerAttributes: Mixer WxH 1080x2340-1 for Peripheral
09-01 20:00:35.024   594   655 I SDM     : DisplayBase::SetActiveConfig: Active configuration changed to: 0
09-01 20:00:35.024   594   655 I SDM     : StrategyImpl::SetIdleTimeoutMs: Idle timeout set to zero for command mode panels
09-01 20:00:35.027   901  2806 I sensors-hal: [ssc_utils]get_qmi_debug_flag:244, support_qmi_debug : false
09-01 20:00:35.039  1513  1572 I DisplayManagerService: Display device changed: DisplayDeviceInfo{"Built-in Screen": uniqueId="local:19260504575090817", 1080 x 2340, modeId 2, defaultModeId 2, supportedModes [{id=1, width=1080, height=2340, fps=90.0}, {id=2, width=1080, height=2340, fps=60.000004}], colorMode 0, supportedColorModes [0, 7, 9], HdrCapabilities HdrCapabilities{mSupportedHdrTypes=[2, 3, 4], mMaxLuminance=500.0, mMaxAverageLuminance=500.0, mMinLuminance=0.0}, allmSupported false, gameContentTypeSupported false, density 440, 435.428 x 433.839 dpi, appVsyncOff 2333332, presDeadline 11500000, cutout DisplayCutout{insets=Rect(0, 136 - 0, 0) waterfall=Insets{left=0, top=0, right=0, bottom=0} boundingRect={Bounds=[Rect(0, 0 - 0, 0), Rect(0, 0 - 136, 136), Rect(0, 0 - 0, 0), Rect(0, 0 - 0, 0)]}}, touch INTERNAL, rotation 0, type INTERNAL, address {port=129, model=0x446d53ad64a0}, deviceProductInfo DeviceProductInfo{name=, manufacturerPnpId=QCM, productId=1, modelYear=null, manufactureDate=ManufactureDate{week=27, year=2006}, relativeAddress=null}, state ON, FLAG_DEFAULT_DISPLAY, FLAG_ROTATES_WITH_CONTENT, FLAG_SECURE, FLAG_SUPPORTS_PROTECTED_BUFFERS}
09-01 20:00:35.040   594   655 I SDM     : StrategyImpl::SetIdleTimeoutMs: Idle timeout set to zero for command mode panels
09-01 20:00:35.045   901  1000 W ASH     : @ 36421.498: Unhandled msg ID 999: line 1277
09-01 20:00:35.045   901  1000 E ASH     : @ 36421.498: No pb callback assigned
09-01 20:00:35.045   901  1000 E ASH     : @ 36421.498: Nanopb error: callback failed:1588
09-01 20:00:35.096   901  1000 I ASH     : @ 36421.549: tcs3701: ADC is saturated, removed sample from FIFO.
09-01 20:00:35.119 29547 30083 I BatteryMgr:DataCollectionService: stats => 1693591235119,8850,4409
09-01 20:00:35.225 29547 30083 I BatteryMgr:DataCollectionService: stats => 1693591235225,8850,4409
09-01 20:00:35.331 29547 30083 I BatteryMgr:DataCollectionService: stats => 1693591235331,8850,4409
09-01 20:00:35.438 29547 30083 I BatteryMgr:DataCollectionService: stats => 1693591235438,8850,4409
09-01 20:00:35.545 29547 30083 I BatteryMgr:DataCollectionService: stats => 1693591235545,8850,4409
09-01 20:00:35.652 29547 30083 I BatteryMgr:DataCollectionService: stats => 1693591235652,8850,4409
09-01 20:00:35.747  1513  2000 D ConnectivityService: NetReassign [no changes]
09-01 20:00:35.757 29547 30083 I BatteryMgr:DataCollectionService: stats => 1693591235757,8850,4409
09-01 20:00:35.861 29547 30083 I BatteryMgr:DataCollectionService: stats => 1693591235861,8850,4409
09-01 20:00:35.968 29547 30083 I BatteryMgr:DataCollectionService: stats => 1693591235968,8850,4409
09-01 20:00:36.072 29547 30083 I BatteryMgr:DataCollectionService: stats => 1693591236071,8850,4409
09-01 20:00:36.131   901  1000 D VSC     : @ 36422.584: [WO] tilt angle 89
09-01 20:00:36.178 29547 30083 I BatteryMgr:DataCollectionService: stats => 1693591236178,8850,4409
09-01 20:00:36.284 29547 30083 I BatteryMgr:DataCollectionService: stats => 1693591236284,8850,4409
09-01 20:00:36.390 29547 30083 I BatteryMgr:DataCollectionService: stats => 1693591236390,8850,4409
09-01 20:00:36.497 29547 30083 I BatteryMgr:DataCollectionService: stats => 1693591236497,8850,4409
09-01 20:00:36.603 29547 30083 I BatteryMgr:DataCollectionService: stats => 1693591236603,8850,4409
09-01 20:00:36.711 29547 30083 I BatteryMgr:DataCollectionService: stats => 1693591236711,8850,4409
09-01 20:00:36.817 29547 30083 I BatteryMgr:DataCollectionService: stats => 1693591236817,8850,4409
09-01 20:00:36.923 29547 30083 I BatteryMgr:DataCollectionService: stats => 1693591236923,8850,4409
09-01 20:00:37.030 29547 30083 I BatteryMgr:DataCollectionService: stats => 1693591237029,8850,4409
09-01 20:00:37.105 29633 29686 D GeckoIdleService: Get idle time: time since reset 5011 msec
09-01 20:00:37.105 29633 29686 D GeckoIdleService: Idle timer callback: current idle time 5011 msec
09-01 20:00:37.105 29633 29686 D GeckoIdleService: next timeout 174988 msec from now
09-01 20:00:37.105 29633 29686 D GeckoIdleService: SetTimerExpiryIfBefore: next timeout 174988 msec from now
09-01 20:00:37.105 29633 29686 D GeckoIdleService: reset timer expiry to 174998 msec from now
09-01 20:00:37.105 29633 29686 D GeckoIdleService: Idle timer callback: tell observer 0x794d1201e8 user is idle
09-01 20:00:37.133 29547 30083 I BatteryMgr:DataCollectionService: stats => 1693591237133,8850,4409
09-01 20:00:37.238 29547 30083 I BatteryMgr:DataCollectionService: stats => 1693591237238,8850,4409
09-01 20:00:37.345 29547 30083 I BatteryMgr:DataCollectionService: stats => 1693591237344,8850,4409
09-01 20:00:37.451 29547 30083 I BatteryMgr:DataCollectionService: stats => 1693591237451,8850,4409
09-01 20:00:37.558 29547 30083 I BatteryMgr:DataCollectionService: stats => 1693591237558,8850,4409
09-01 20:00:37.664 29547 30083 I BatteryMgr:DataCollectionService: stats => 1693591237664,8850,4409
09-01 20:00:37.770 29547 30083 I BatteryMgr:DataCollectionService: stats => 1693591237770,8850,4409
09-01 20:00:37.876 29547 30083 I BatteryMgr:DataCollectionService: stats => 1693591237876,8850,4409
09-01 20:00:37.983 29547 30083 I BatteryMgr:DataCollectionService: stats => 1693591237983,8850,4409
09-01 20:00:38.089 29547 30083 I BatteryMgr:DataCollectionService: stats => 1693591238089,8850,4409
09-01 20:00:38.128   901  1000 D VSC     : @ 36424.581: [WO] tilt angle 89
09-01 20:00:38.197 29547 30083 I BatteryMgr:DataCollectionService: stats => 1693591238197,8850,4409
09-01 20:00:38.304 29547 30083 I BatteryMgr:DataCollectionService: stats => 1693591238304,8850,4409
09-01 20:00:38.411 29547 30083 I BatteryMgr:DataCollectionService: stats => 1693591238411,8850,4409
09-01 20:00:38.518 29547 30083 I BatteryMgr:DataCollectionService: stats => 1693591238517,8850,4409
09-01 20:00:38.624 29547 30083 I BatteryMgr:DataCollectionService: stats => 1693591238624,8850,4409
09-01 20:00:38.731 29547 30083 I BatteryMgr:DataCollectionService: stats => 1693591238731,8850,4409
09-01 20:00:38.765  1513  2000 D ConnectivityService: NetReassign [no changes]
09-01 20:00:38.838 29547 30083 I BatteryMgr:DataCollectionService: stats => 1693591238838,8850,4409
09-01 20:00:38.944 29547 30083 I BatteryMgr:DataCollectionService: stats => 1693591238944,8850,4409
09-01 20:00:39.051 29547 30083 I BatteryMgr:DataCollectionService: stats => 1693591239051,8850,4409
09-01 20:00:39.054 29949 30020 D CompatibilityChangeReporter: Compat change id reported: 150939131; UID 10221; state: ENABLED
09-01 20:00:39.158 29547 30083 I BatteryMgr:DataCollectionService: stats => 1693591239158,8850,4409
09-01 20:00:39.263 29547 30083 I BatteryMgr:DataCollectionService: stats => 1693591239263,8850,4409
09-01 20:00:39.369 29547 30083 I BatteryMgr:DataCollectionService: stats => 1693591239369,8850,4409
09-01 20:00:39.476 29547 30083 I BatteryMgr:DataCollectionService: stats => 1693591239475,8850,4409
09-01 20:00:39.582 29547 30083 I BatteryMgr:DataCollectionService: stats => 1693591239582,8850,4409
09-01 20:00:39.689 29547 30083 I BatteryMgr:DataCollectionService: stats => 1693591239689,8850,4409
09-01 20:00:39.795 29547 30083 I BatteryMgr:DataCollectionService: stats => 1693591239795,8850,4409
09-01 20:00:39.901 29547 30083 I BatteryMgr:DataCollectionService: stats => 1693591239901,8850,4409
09-01 20:00:40.005 29547 30083 I BatteryMgr:DataCollectionService: stats => 1693591240005,8850,4409
09-01 20:00:40.109 29547 30083 I BatteryMgr:DataCollectionService: stats => 1693591240108,8850,4409
09-01 20:00:40.126   901  1000 D VSC     : @ 36426.579: [WO] tilt angle 89
09-01 20:00:40.162   594   655 I SDM     : HWDeviceDRM::UpdateMixerAttributes: Mixer WxH 1080x2340-1 for Peripheral
09-01 20:00:40.162   594   655 I SDM     : DisplayBase::SetActiveConfig: Active configuration changed to: 1
09-01 20:00:40.162   594   655 I SDM     : StrategyImpl::SetIdleTimeoutMs: Idle timeout set to zero for command mode panels
09-01 20:00:40.167   901  2806 I sensors-hal: [ssc_utils]get_qmi_debug_flag:244, support_qmi_debug : false
09-01 20:00:40.167  1513  1572 I DisplayManagerService: Display device changed: DisplayDeviceInfo{"Built-in Screen": uniqueId="local:19260504575090817", 1080 x 2340, modeId 1, defaultModeId 2, supportedModes [{id=1, width=1080, height=2340, fps=90.0}, {id=2, width=1080, height=2340, fps=60.000004}], colorMode 0, supportedColorModes [0, 7, 9], HdrCapabilities HdrCapabilities{mSupportedHdrTypes=[2, 3, 4], mMaxLuminance=500.0, mMaxAverageLuminance=500.0, mMinLuminance=0.0}, allmSupported false, gameContentTypeSupported false, density 440, 435.428 x 433.839 dpi, appVsyncOff 2333333, presDeadline 11500000, cutout DisplayCutout{insets=Rect(0, 136 - 0, 0) waterfall=Insets{left=0, top=0, right=0, bottom=0} boundingRect={Bounds=[Rect(0, 0 - 0, 0), Rect(0, 0 - 136, 136), Rect(0, 0 - 0, 0), Rect(0, 0 - 0, 0)]}}, touch INTERNAL, rotation 0, type INTERNAL, address {port=129, model=0x446d53ad64a0}, deviceProductInfo DeviceProductInfo{name=, manufacturerPnpId=QCM, productId=1, modelYear=null, manufactureDate=ManufactureDate{week=27, year=2006}, relativeAddress=null}, state ON, FLAG_DEFAULT_DISPLAY, FLAG_ROTATES_WITH_CONTENT, FLAG_SECURE, FLAG_SUPPORTS_PROTECTED_BUFFERS}
09-01 20:00:40.205   901  1000 W ASH     : @ 36426.658: Unhandled msg ID 999: line 1277
09-01 20:00:40.205   901  1000 E ASH     : @ 36426.658: No pb callback assigned
09-01 20:00:40.205   901  1000 E ASH     : @ 36426.658: Nanopb error: callback failed:1588
09-01 20:00:40.331   901  2806 I sensors-hal: [ssc_utils]get_qmi_debug_flag:244, support_qmi_debug : false
09-01 20:00:40.342  1513  3161 I ActivityManager: Force stopping org.mozilla.firefox appid=10258 user=0: from pid 30188
09-01 20:00:40.342  1513  3161 I ActivityManager: Killing 29838:org.mozilla.firefox:gpu/u0a258 (adj 0): stop org.mozilla.firefox due to from pid 30188
09-01 20:00:40.344  1513  3161 I ActivityManager: Killing 29756:org.mozilla.firefox:tab32/u0a258 (adj 0): stop org.mozilla.firefox due to from pid 30188
09-01 20:00:40.346  1513  3161 I ActivityManager: Killing 29633:org.mozilla.firefox/u0a258 (adj 0): stop org.mozilla.firefox due to from pid 30188
09-01 20:00:40.348  1513  3161 W ActivityTaskManager: Force removing ActivityRecord{60658ce u0 org.mozilla.firefox/org.mozilla.fenix.HomeActivity t1521 f}}: app died, no saved state
09-01 20:00:40.352   901  2806 I sensors-hal: [ssc_utils]get_qmi_debug_flag:244, support_qmi_debug : false
09-01 20:00:40.355   778   778 I Zygote  : Process 29756 exited due to signal 9 (Killed)
09-01 20:00:40.365   901  1000 W ASH     : @ 36426.818: Unhandled msg ID 999: line 1277
09-01 20:00:40.365   901  1000 E ASH     : @ 36426.818: No pb callback assigned
09-01 20:00:40.365   901  1000 E ASH     : @ 36426.818: Nanopb error: callback failed:1588
09-01 20:00:40.376   778   778 I Zygote  : Process 29838 exited due to signal 9 (Killed)
09-01 20:00:40.378  1513  3161 I WindowManager:   Force finishing activity ActivityRecord{60658ce u0 org.mozilla.firefox/org.mozilla.fenix.HomeActivity t1521 f} isExiting}
09-01 20:00:40.378  1513  3161 W ActivityTaskManager: Duplicate finish request for r=ActivityRecord{60658ce u0 org.mozilla.firefox/org.mozilla.fenix.HomeActivity t1521 f} isExiting}
09-01 20:00:40.382 30188 30193 I cmd     : oneway function results will be dropped but finished with status OK and parcel size 4
09-01 20:00:40.384  1513  3230 W ActivityManager: Unbind failed: could not find connection for android.os.BinderProxy@67f825
09-01 20:00:40.387  2474  2474 E PhoneInterfaceManager: [PhoneIntfMgr] getCarrierPackageNamesForIntentAndPhone: No UICC
09-01 20:00:40.387  2474  2474 D CarrierSvcBindHelper: No carrier app for: 0
09-01 20:00:40.393  3088  3657 I AssistantForeground: (REDACTED) Get launcher package: %s
09-01 20:00:40.394  8777 30197 I EuiccGoogle: [6198] EuiccServiceImpl.onGetEuiccProfileInfoList: onGetEuiccProfileInfoList: slotId = -1
09-01 20:00:40.399  3135  3135 D RegisteredNfcFServicesCache: Service unchanged, not updating
09-01 20:00:40.399  1513  2262 I WindowManager: WIN DEATH: Window{c82c290 u0 org.mozilla.firefox/org.mozilla.fenix.HomeActivity}
09-01 20:00:40.399  1513  2262 W InputDispatcher: Attempted to unregister already unregistered input channel 'c82c290 org.mozilla.firefox/org.mozilla.fenix.HomeActivity (server)'
09-01 20:00:40.400   778   778 I Zygote  : Process 29633 exited due to signal 9 (Killed)
09-01 20:00:40.401  1513  1572 W ActivityManager: setHasOverlayUi called on unknown pid: 29633
09-01 20:00:40.403  8777 30197 W EuiccGoogle: [6198] EuiccServiceImpl.onGetEuiccProfileInfoList: slotId=-1. No eUICC is active. Return null.
09-01 20:00:40.412  1513  1640 I libprocessgroup: Successfully killed process cgroup uid 10258 pid 29838 in 69ms
09-01 20:00:40.413  1513  1640 I libprocessgroup: Successfully killed process cgroup uid 10258 pid 29756 in 0ms
09-01 20:00:40.413  1513  1640 I libprocessgroup: Successfully killed process cgroup uid 10258 pid 29633 in 0ms
09-01 20:00:40.422  2858  2858 I GoogleInputMethodService: GoogleInputMethodService.onFinishInput():3280 
09-01 20:00:40.423  2858  2858 I GoogleInputMethodService: GoogleInputMethodService.updateDeviceLockedStatus():2169 repeatCheckTimes = 0, unlocked = true
09-01 20:00:40.423  2858  2858 I GoogleInputMethodService: GoogleInputMethodService.onStartInput():1960 onStartInput(EditorInfo{inputType=0x0(NULL) imeOptions=0x0 privateImeOptions=null actionName=UNSPECIFIED actionLabel=null actionId=0 initialSelStart=-1 initialSelEnd=-1 initialCapsMode=0x0 hintText=null label=null packageName=com.example.batterymanager_utility fieldId=-1 fieldName=null extras=null}, false)
09-01 20:00:40.423  2858  2858 I GoogleInputMethodService: GoogleInputMethodService.shouldHideHeaderOnInitialState():4081 ShouldHideHeaderOnInitialState = false
09-01 20:00:40.424  2858  2858 I GoogleInputMethodService: GoogleInputMethodService.updateDeviceLockedStatus():2169 repeatCheckTimes = 2, unlocked = true
09-01 20:00:40.489  1513  1513 W Looper  : Slow dispatch took 106ms main h=android.app.ActivityThread$H c=android.app.-$$Lambda$LoadedApk$ReceiverDispatcher$Args$_BumDX2UKsnxLVrE6UJsJZkotuA@fd0bdb4 m=0
09-01 20:00:40.489  1513  1565 W Looper  : Slow dispatch took 104ms android.fg h=com.android.server.AppStateTracker$MyHandler c=null m=0
09-01 20:00:41.782  1513  2000 D ConnectivityService: NetReassign [no changes]
09-01 20:00:42.040   908   950 D rlsservice: MonitorDisplayStatus client num 1, display status 1, sensor status 0
09-01 20:00:42.129   901  2806 I sensors-hal: [ssc_utils]get_qmi_debug_flag:244, support_qmi_debug : false
09-01 20:00:42.143   901  2806 I sensors-hal: [ssc_utils]get_qmi_debug_flag:244, support_qmi_debug : false
09-01 20:00:42.165   901  1000 W ASH     : @ 36428.618: Unhandled msg ID 999: line 1277
09-01 20:00:42.165   901  1000 E ASH     : @ 36428.618: No pb callback assigned
09-01 20:00:42.165   901  1000 E ASH     : @ 36428.618: Nanopb error: callback failed:1588
09-01 20:00:42.165   901  1000 D VSC     : @ 36428.618: [WO] tilt angle 89
09-01 20:00:42.242   901  2806 I sensors-hal: [ssc_utils]get_qmi_debug_flag:244, support_qmi_debug : false
09-01 20:00:42.285   901  1000 W ASH     : @ 36428.738: Unhandled msg ID 999: line 1277
09-01 20:00:42.285   901  1000 E ASH     : @ 36428.738: No pb callback assigned
09-01 20:00:42.286   901  1000 E ASH     : @ 36428.738: Nanopb error: callback failed:1588
09-01 20:00:43.516  1513  3241 I ActivityManager: Force stopping com.example.batterymanager_utility appid=10260 user=0: from pid 30213
09-01 20:00:43.517  1513  3241 I ActivityManager: Killing 29547:com.example.batterymanager_utility/u0a260 (adj 0): stop com.example.batterymanager_utility due to from pid 30213
09-01 20:00:43.518  1513  3241 W ActivityTaskManager: Force removing ActivityRecord{9d0f0bd u0 com.example.batterymanager_utility/.MainActivity t1519 f}}: app died, no saved state
09-01 20:00:43.524   901  2806 I sensors-hal: [ssc_utils]get_qmi_debug_flag:244, support_qmi_debug : false
09-01 20:00:43.529   778   778 I Zygote  : Process 29547 exited due to signal 9 (Killed)
09-01 20:00:43.535  1513  1640 I libprocessgroup: Successfully killed process cgroup uid 10260 pid 29547 in 16ms
09-01 20:00:43.544 30213 30215 I cmd     : oneway function results will be dropped but finished with status OK and parcel size 4
09-01 20:00:43.548  2474  2474 E PhoneInterfaceManager: [PhoneIntfMgr] getCarrierPackageNamesForIntentAndPhone: No UICC
09-01 20:00:43.548  2474  2474 D CarrierSvcBindHelper: No carrier app for: 0
09-01 20:00:43.549  1513  1572 W ActivityManager: setHasOverlayUi called on unknown pid: 29547
09-01 20:00:43.553  3088  3653 I AssistantForeground: (REDACTED) Get launcher package: %s
09-01 20:00:43.564  8777 30219 I EuiccGoogle: [6199] EuiccServiceImpl.onGetEuiccProfileInfoList: onGetEuiccProfileInfoList: slotId = -1
09-01 20:00:43.565  3088  3088 I GsaVoiceInteractionSrv: Handling ACTION_START_HOTWORD
09-01 20:00:43.565  3088  3580 I GsaVoiceInteractionSrv: (REDACTED) disregardVoiceMatch: %b
09-01 20:00:43.565  3088  3580 I GsaVoiceInteractionSrv: Cannot start hotword, hotword has been explicitly disabled.
09-01 20:00:43.565   901  1000 W ASH     : @ 36430.018: Unhandled msg ID 999: line 1277
09-01 20:00:43.565   901  1000 E ASH     : @ 36430.018: No pb callback assigned
09-01 20:00:43.565   901  1000 E ASH     : @ 36430.018: Nanopb error: callback failed:1588
09-01 20:00:43.565  3135  3135 D RegisteredNfcFServicesCache: Service unchanged, not updating
09-01 20:00:43.568  8777 30219 W EuiccGoogle: [6199] EuiccServiceImpl.onGetEuiccProfileInfoList: slotId=-1. No eUICC is active. Return null.
09-01 20:00:43.577   901   901 W sensors@2.0-ser: type=1400 audit(0.0:4489): avc: denied { read write } for name="diag" dev="tmpfs" ino=12474 scontext=u:r:hal_sensors_default:s0 tcontext=u:object_r:diag_device:s0 tclass=chr_file permissive=0
09-01 20:00:43.577   901   901 W sensors@2.0-ser: type=1400 audit(0.0:4490): avc: denied { read write } for name="diag" dev="tmpfs" ino=12474 scontext=u:r:hal_sensors_default:s0 tcontext=u:object_r:diag_device:s0 tclass=chr_file permissive=0
09-01 20:00:43.578  2158  2158 I WallpaperService: engine resumed
09-01 20:00:43.579   901   901 I sensors-hal: [hal]batch_physical_sensor:301, android.sensor.gyroscope/41, period=20000000, max_latency=0
09-01 20:00:43.579   901   901 I sensors-hal: [hal]batch_physical_sensor:310, android.sensor.gyroscope/41, period=20000000, max_latency=0 request completed
09-01 20:00:43.579   901   901 I sensors-hal: [hal]activate_physical_sensor:238, android.sensor.gyroscope/41 en=1
09-01 20:00:43.579   901   901 I sensors-hal: [ssc_utils]get_qmi_debug_flag:244, support_qmi_debug : false
09-01 20:00:43.583   901   901 D Diag_Lib:  Diag_LSM_Init: Failed to open handle to diag driver, error = 13
09-01 20:00:43.583   901   901 D Diag_Lib:  Diag_LSM_Init: Failed to open handle to diag driver, error = 13
09-01 20:00:43.583   901   901 I sensors-hal: [ssc_sensor]update_handle:537, handle=331, type=33, wakeup=0, hwid=0, base=331
09-01 20:00:43.583   901   901 I sensors-hal: [ssc_utils]get_qmi_debug_flag:244, support_qmi_debug : false
09-01 20:00:43.587   901   901 I sensors-hal: [ssc_utils]get_qmi_debug_flag:244, support_qmi_debug : false
09-01 20:00:43.588   901 30227 I sensors-hal: [ssc_sensor]ssc_conn_resp_cb:663, resp_value = 0
09-01 20:00:43.588   901  1000 W SEE     : @ 36430.041: adding req to Q sensor=8 req=0xb202b7e8 msg=513
09-01 20:00:43.590   901 30227 I sensors-hal: [sensor]submit_sensors_hal_event:146, android.sensor.additional_info: trying to push empty Events, count = 0
09-01 20:00:43.590   901 30227 I sensors-hal: [sensor]submit_sensors_hal_event:146, android.sensor.additional_info: trying to push empty Events, count = 0
09-01 20:00:43.591  2858  2858 I GoogleInputMethodService: GoogleInputMethodService.onFinishInput():3280 
09-01 20:00:43.592   901   901 I sensors-hal: [hal]activate_physical_sensor:249, android.sensor.gyroscope/41 en=1 completed
09-01 20:00:43.593   901 30230 I sensors-hal: [ssc_sensor]ssc_conn_resp_cb:663, resp_value = 0
09-01 20:00:43.593   901  1000 W SEE     : @ 36430.046: adding req to Q sensor=2 req=0xb2035298 msg=513
09-01 20:00:43.593  2858  2858 I GoogleInputMethodService: GoogleInputMethodService.updateDeviceLockedStatus():2169 repeatCheckTimes = 0, unlocked = true
09-01 20:00:43.593  2858  2858 I GoogleInputMethodService: GoogleInputMethodService.onStartInput():1960 onStartInput(EditorInfo{inputType=0x0(NULL) imeOptions=0x0 privateImeOptions=null actionName=UNSPECIFIED actionLabel=null actionId=0 initialSelStart=-1 initialSelEnd=-1 initialCapsMode=0x0 hintText=null label=null packageName=com.google.android.apps.nexuslauncher fieldId=-1 fieldName=null extras=null}, false)
09-01 20:00:43.593  2858  2858 I GoogleInputMethodService: GoogleInputMethodService.shouldHideHeaderOnInitialState():4081 ShouldHideHeaderOnInitialState = false
09-01 20:00:43.594  2858  2858 I GoogleInputMethodService: GoogleInputMethodService.updateDeviceLockedStatus():2169 repeatCheckTimes = 2, unlocked = true
09-01 20:00:43.595   901 30230 I sensors-hal: [sensor]submit_sensors_hal_event:146, android.sensor.gyroscope: trying to push empty Events, count = 1
09-01 20:00:43.595   901 30230 I chatty  : uid=1000(system) 41_see identical 2 lines
09-01 20:00:43.612   901 30230 I sensors-hal: [sensor]submit_sensors_hal_event:146, android.sensor.gyroscope: trying to push empty Events, count = 1
09-01 20:00:43.781   594   655 I SDM     : HWDeviceDRM::UpdateMixerAttributes: Mixer WxH 1080x2340-1 for Peripheral
09-01 20:00:43.781   594   655 I SDM     : DisplayBase::SetActiveConfig: Active configuration changed to: 0
09-01 20:00:43.781   594   655 I SDM     : StrategyImpl::SetIdleTimeoutMs: Idle timeout set to zero for command mode panels
09-01 20:00:43.795   901  2806 I sensors-hal: [ssc_utils]get_qmi_debug_flag:244, support_qmi_debug : false
09-01 20:00:43.807  1513  1572 I DisplayManagerService: Display device changed: DisplayDeviceInfo{"Built-in Screen": uniqueId="local:19260504575090817", 1080 x 2340, modeId 2, defaultModeId 2, supportedModes [{id=1, width=1080, height=2340, fps=90.0}, {id=2, width=1080, height=2340, fps=60.000004}], colorMode 0, supportedColorModes [0, 7, 9], HdrCapabilities HdrCapabilities{mSupportedHdrTypes=[2, 3, 4], mMaxLuminance=500.0, mMaxAverageLuminance=500.0, mMinLuminance=0.0}, allmSupported false, gameContentTypeSupported false, density 440, 435.428 x 433.839 dpi, appVsyncOff 2333332, presDeadline 11500000, cutout DisplayCutout{insets=Rect(0, 136 - 0, 0) waterfall=Insets{left=0, top=0, right=0, bottom=0} boundingRect={Bounds=[Rect(0, 0 - 0, 0), Rect(0, 0 - 136, 136), Rect(0, 0 - 0, 0), Rect(0, 0 - 0, 0)]}}, touch INTERNAL, rotation 0, type INTERNAL, address {port=129, model=0x446d53ad64a0}, deviceProductInfo DeviceProductInfo{name=, manufacturerPnpId=QCM, productId=1, modelYear=null, manufactureDate=ManufactureDate{week=27, year=2006}, relativeAddress=null}, state ON, FLAG_DEFAULT_DISPLAY, FLAG_ROTATES_WITH_CONTENT, FLAG_SECURE, FLAG_SUPPORTS_PROTECTED_BUFFERS}
09-01 20:00:43.808   594   655 I SDM     : StrategyImpl::SetIdleTimeoutMs: Idle timeout set to zero for command mode panels
09-01 20:00:43.845   901  1000 W ASH     : @ 36430.298: Unhandled msg ID 999: line 1277
09-01 20:00:43.845   901  1000 E ASH     : @ 36430.298: No pb callback assigned
09-01 20:00:43.845   901  1000 E ASH     : @ 36430.298: Nanopb error: callback failed:1588
09-01 20:00:44.165   901  1000 D VSC     : @ 36430.618: [WO] tilt angle 89
09-01 20:00:44.526  2230  2580 D DhcpClient: Unicasting DHCPREQUEST ciaddr=192.168.88.174 request=0.0.0.0 serverid=null to /192.168.88.1:67
09-01 20:00:44.606  2230  2580 D DhcpClient: Received packet: aa:00:c5:b6:4e:fd ACK: your new IP /192.168.88.174, netmask /255.255.255.0, gateways [/192.168.88.1] DNS servers: /192.168.88.1 /8.8.8.8 /8.8.4.4 , lease time 600
09-01 20:00:44.608  2230  2580 D DhcpClient: Renewed lease: android.net.networkstack.DhcpResults@3c88c44 DHCP server /192.168.88.1 Vendor info null lease 600 seconds Servername 
09-01 20:00:44.623  2230  2580 D DhcpClient: Scheduling renewal in 299s
09-01 20:00:44.624  2230  2580 D DhcpClient: Scheduling rebind in 524s
09-01 20:00:44.624  2230  2580 D DhcpClient: Scheduling expiry in 599s
09-01 20:00:44.635  2446  4456 D QCNEJ/WlanStaInfoRelay: Received action: android.net.wifi.LINK_CONFIGURATION_CHANGED
09-01 20:00:44.635  2446  4456 E QCNEJ/WlanStaInfoRelay: update link properties given null lp
09-01 20:00:44.636  2446  4456 I QCNEJ/NativeHalConnector: -> SND notifyWlanStaStatusChanged([WlanStaInfo]: wifiSwitchState = 1 rssi = -55 ssid = WiFi 69 bssid = 76:4d:28:12:bf:83 dnsInfo = 192.168.88.1;8.8.8.8;0.0.0.0;0.0.0.0; freqBand = _2GHz countryCode = nl[RatInfo]: networkType = 1 subType = 101 networkState = CONNECTED netHdl = 432902426637 ipAddrV4 = 192.168.88.174 ipAddrV6 =  ifNameV4 = wlan0 ifNameV6 =  slotIdx = 0 isAndroidValidated = true) timeStamp = 2023-09-01 20:00:14.585
09-01 20:00:44.645  4371  4416 D PowerManagerPoller: Downlink cellular capacity updated to 79062 Kbps
09-01 20:00:44.653  5447  5595 I CarrierServices: [451] enh.d: (PEv2-SM-52012781): DisabledState: event Connectivity event [null]
09-01 20:00:44.654  5447  5526 I CarrierServices: [446] eed.c: Connected state: [1], networkType: [WIFI]
09-01 20:00:44.656  2474 10290 E PhoneInterfaceManager: [PhoneIntfMgr] getCarrierPrivilegeStatus: Invalid subId
09-01 20:00:44.664  5447  5596 I CarrierServices: [452] eua.f: RCS Configuration storage in Bugle is disabled by p/h flag, using ProvisioningEngineStateCacheUtil.getProvisioningConfigurationForGivenSimIfExist()
09-01 20:00:44.802  1513  2000 D ConnectivityService: NetReassign [no changes]
09-01 20:00:46.165   901  1000 D VSC     : @ 36432.618: [WO] tilt angle 89
09-01 20:00:47.209  2410  2410 D DeviceStatisticsService: chargerType=2 batteryLevel=100 totalBatteryCapacity=4169000
09-01 20:00:47.209  2410  2410 D DeviceInfoHidlClient: isPowerInfoNeverSent()=true
09-01 20:00:47.209  2410  2410 D DeviceInfoHidlClient: getPowerInfoSupportStatus()=-1
09-01 20:00:47.210  2062 10289 D PowerUI : can't show warning due to - plugged: true status unknown: false
09-01 20:00:47.822  1513  2000 D ConnectivityService: NetReassign [no changes]
09-01 20:00:48.166   901  1000 D VSC     : @ 36434.618: [WO] tilt angle 89
