09-01 21:08:32.163 16929 17436 I BatteryMgr:DataCollectionService: stats => 1693595312163,-1220,4408
09-01 21:08:32.175   901  2806 I sensors-hal: [ssc_utils]get_qmi_debug_flag:244, support_qmi_debug : false
09-01 21:08:32.185   594 28441 I SDM     : HWDeviceDRM::UpdateMixerAttributes: Mixer WxH 1080x2340-1 for Peripheral
09-01 21:08:32.185   594 28441 I SDM     : DisplayBase::SetActiveConfig: Active configuration changed to: 0
09-01 21:08:32.185   594 28441 I SDM     : StrategyImpl::SetIdleTimeoutMs: Idle timeout set to zero for command mode panels
09-01 21:08:32.189   901  2806 I sensors-hal: [ssc_utils]get_qmi_debug_flag:244, support_qmi_debug : false
09-01 21:08:32.196  1513  1572 I DisplayManagerService: Display device changed: DisplayDeviceInfo{"Built-in Screen": uniqueId="local:19260504575090817", 1080 x 2340, modeId 2, defaultModeId 2, supportedModes [{id=1, width=1080, height=2340, fps=90.0}, {id=2, width=1080, height=2340, fps=60.000004}], colorMode 0, supportedColorModes [0, 7, 9], HdrCapabilities HdrCapabilities{mSupportedHdrTypes=[2, 3, 4], mMaxLuminance=500.0, mMaxAverageLuminance=500.0, mMinLuminance=0.0}, allmSupported false, gameContentTypeSupported false, density 440, 435.428 x 433.839 dpi, appVsyncOff 2333332, presDeadline 11500000, cutout DisplayCutout{insets=Rect(0, 136 - 0, 0) waterfall=Insets{left=0, top=0, right=0, bottom=0} boundingRect={Bounds=[Rect(0, 0 - 0, 0), Rect(0, 0 - 136, 136), Rect(0, 0 - 0, 0), Rect(0, 0 - 0, 0)]}}, touch INTERNAL, rotation 0, type INTERNAL, address {port=129, model=0x446d53ad64a0}, deviceProductInfo DeviceProductInfo{name=, manufacturerPnpId=QCM, productId=1, modelYear=null, manufactureDate=ManufactureDate{week=27, year=2006}, relativeAddress=null}, state ON, FLAG_DEFAULT_DISPLAY, FLAG_ROTATES_WITH_CONTENT, FLAG_SECURE, FLAG_SUPPORTS_PROTECTED_BUFFERS}
09-01 21:08:32.205   901  1000 W ASH     : @ 40498.658: Unhandled msg ID 999: line 1277
09-01 21:08:32.206   901  1000 E ASH     : @ 40498.658: No pb callback assigned
09-01 21:08:32.206   901  1000 E ASH     : @ 40498.658: Nanopb error: callback failed:1588
09-01 21:08:32.208   594 28441 I SDM     : StrategyImpl::SetIdleTimeoutMs: Idle timeout set to zero for command mode panels
09-01 21:08:32.267 16929 17436 I BatteryMgr:DataCollectionService: stats => 1693595312267,-1220,4408
09-01 21:08:32.371 16929 17436 I BatteryMgr:DataCollectionService: stats => 1693595312371,-1220,4408
09-01 21:08:32.476 16929 17436 I BatteryMgr:DataCollectionService: stats => 1693595312476,-1220,4408
09-01 21:08:32.581 16929 17436 I BatteryMgr:DataCollectionService: stats => 1693595312581,-1220,4408
09-01 21:08:32.687 16929 17436 I BatteryMgr:DataCollectionService: stats => 1693595312687,-1220,4408
09-01 21:08:32.793 16929 17436 I BatteryMgr:DataCollectionService: stats => 1693595312793,-1220,4408
09-01 21:08:32.898 16929 17436 I BatteryMgr:DataCollectionService: stats => 1693595312898,-1220,4408
09-01 21:08:33.003 16929 17436 I BatteryMgr:DataCollectionService: stats => 1693595313003,-1220,4408
09-01 21:08:33.110 16929 17436 I BatteryMgr:DataCollectionService: stats => 1693595313110,-1220,4408
09-01 21:08:33.215 16929 17436 I BatteryMgr:DataCollectionService: stats => 1693595313215,-1220,4408
09-01 21:08:33.321 16929 17436 I BatteryMgr:DataCollectionService: stats => 1693595313321,-1220,4408
09-01 21:08:33.428 16929 17436 I BatteryMgr:DataCollectionService: stats => 1693595313428,-1220,4408
09-01 21:08:33.535 16929 17436 I BatteryMgr:DataCollectionService: stats => 1693595313535,-1220,4408
09-01 21:08:33.641 16929 17436 I BatteryMgr:DataCollectionService: stats => 1693595313641,-1220,4408
09-01 21:08:33.748 16929 17436 I BatteryMgr:DataCollectionService: stats => 1693595313748,-1220,4408
09-01 21:08:33.854 16929 17436 I BatteryMgr:DataCollectionService: stats => 1693595313854,-1220,4408
09-01 21:08:33.961 16929 17436 I BatteryMgr:DataCollectionService: stats => 1693595313961,-1220,4408
09-01 21:08:34.067 16929 17436 I BatteryMgr:DataCollectionService: stats => 1693595314067,-1220,4408
09-01 21:08:34.165   901  1000 D VSC     : @ 40500.618: [WO] tilt angle 89
09-01 21:08:34.172 16929 17436 I BatteryMgr:DataCollectionService: stats => 1693595314172,-1220,4408
09-01 21:08:34.179  1513  8504 I ActivityTaskManager: START u0 {act=android.intent.action.VIEW dat=http://192.168.88.177:8000/... flg=0x10000000 cmp=com.opera.browser/com.opera.Opera} from uid 2000
09-01 21:08:34.179  1513  1572 D EventSequenceValidator: Transition from ACTIVITY_FINISHED to INTENT_STARTED
09-01 21:08:34.183  1513  1572 D EventSequenceValidator: Transition from INTENT_STARTED to INTENT_FAILED
09-01 21:08:34.202   594 28441 I SDM     : HWDeviceDRM::UpdateMixerAttributes: Mixer WxH 1080x2340-1 for Peripheral
09-01 21:08:34.203   594 28441 I SDM     : DisplayBase::SetActiveConfig: Active configuration changed to: 1
09-01 21:08:34.203   594 28441 I SDM     : StrategyImpl::SetIdleTimeoutMs: Idle timeout set to zero for command mode panels
09-01 21:08:34.207  1513  1572 I DisplayManagerService: Display device changed: DisplayDeviceInfo{"Built-in Screen": uniqueId="local:19260504575090817", 1080 x 2340, modeId 1, defaultModeId 2, supportedModes [{id=1, width=1080, height=2340, fps=90.0}, {id=2, width=1080, height=2340, fps=60.000004}], colorMode 0, supportedColorModes [0, 7, 9], HdrCapabilities HdrCapabilities{mSupportedHdrTypes=[2, 3, 4], mMaxLuminance=500.0, mMaxAverageLuminance=500.0, mMinLuminance=0.0}, allmSupported false, gameContentTypeSupported false, density 440, 435.428 x 433.839 dpi, appVsyncOff 2333333, presDeadline 11500000, cutout DisplayCutout{insets=Rect(0, 136 - 0, 0) waterfall=Insets{left=0, top=0, right=0, bottom=0} boundingRect={Bounds=[Rect(0, 0 - 0, 0), Rect(0, 0 - 136, 136), Rect(0, 0 - 0, 0), Rect(0, 0 - 0, 0)]}}, touch INTERNAL, rotation 0, type INTERNAL, address {port=129, model=0x446d53ad64a0}, deviceProductInfo DeviceProductInfo{name=, manufacturerPnpId=QCM, productId=1, modelYear=null, manufactureDate=ManufactureDate{week=27, year=2006}, relativeAddress=null}, state ON, FLAG_DEFAULT_DISPLAY, FLAG_ROTATES_WITH_CONTENT, FLAG_SECURE, FLAG_SUPPORTS_PROTECTED_BUFFERS}
09-01 21:08:34.208   901  2806 I sensors-hal: [ssc_utils]get_qmi_debug_flag:244, support_qmi_debug : false
09-01 21:08:34.245   901  1000 W ASH     : @ 40500.698: Unhandled msg ID 999: line 1277
09-01 21:08:34.245   901  1000 E ASH     : @ 40500.698: No pb callback assigned
09-01 21:08:34.245   901  1000 E ASH     : @ 40500.698: Nanopb error: callback failed:1588
09-01 21:08:34.264  1513  3233 D CompatibilityChangeReporter: Compat change id reported: 135634846; UID 10261; state: DISABLED
09-01 21:08:34.264  1513  1625 D CompatibilityChangeReporter: Compat change id reported: 143937733; UID 10261; state: ENABLED
09-01 21:08:34.268   779   779 D Zygote  : Forked child process 17483
09-01 21:08:34.270  1513  1625 I ActivityManager: Start proc 17483:com.opera.browser:sandboxed_process1/u0a261 for service {com.opera.browser/com.opera.android.browser.chromium.services.SandboxedProcessService1}
09-01 21:08:34.276 16929 17436 I BatteryMgr:DataCollectionService: stats => 1693595314276,-1220,4408
09-01 21:08:34.278  1513  2093 W AutofillInlineSuggestionsRequestSession: Never received an InlineSuggestionsRequest from the IME for 1073741824@824477627
09-01 21:08:34.278  1075   812 W ServiceManager: Permission failure: android.permission.SYSTEM_CAMERA from uid=10261 pid=16987
09-01 21:08:34.279  1075   812 I chatty  : uid=1047(cameraserver) Binder:1075_8 identical 1 line
09-01 21:08:34.279  1075   812 W ServiceManager: Permission failure: android.permission.SYSTEM_CAMERA from uid=10261 pid=16987
09-01 21:08:34.279  2512  2512 V InlineSuggestionRenderService: handleDestroySuggestionViews called for 0:824477627
09-01 21:08:34.279  1075   812 W ServiceManager: Permission failure: android.permission.SYSTEM_CAMERA from uid=10261 pid=16987
09-01 21:08:34.279  1075   812 I chatty  : uid=1047(cameraserver) Binder:1075_8 identical 1 line
09-01 21:08:34.280  1075   812 W ServiceManager: Permission failure: android.permission.SYSTEM_CAMERA from uid=10261 pid=16987
09-01 21:08:34.288 10955 10977 I Finsky  : [5221] ncc.l(14): com.opera.browser: Account determined from installer data - [y0_1NG5HTmzf0bF7VytAKz9iHAD6w7yU52Le3i0fi68]
09-01 21:08:34.288 10955 10977 I Finsky  : [5221] ncc.l(61): Billing preferred account via installer for com.opera.browser: [y0_1NG5HTmzf0bF7VytAKz9iHAD6w7yU52Le3i0fi68]
09-01 21:08:34.288 17483 17483 E dboxed_process: Not starting debugger since process cannot load the jdwp agent.
09-01 21:08:34.302  1513  8504 D CompatibilityChangeReporter: Compat change id reported: 136274596; UID 10261; state: ENABLED
09-01 21:08:34.312 16987 16987 I AssistStructure: Flattened final assist data: 6396 bytes, containing 1 windows, 52 views
09-01 21:08:34.312  1513  8504 D ContentCapturePerUserService: Notified activity assist data for activity: Token{6fcdd9a ActivityRecord{44b76cb u0 com.opera.browser/com.opera.Opera t1644}} without a session Id
09-01 21:08:34.315  2858  2858 I GoogleInputMethodService: GoogleInputMethodService.onFinishInput():3280 
09-01 21:08:34.316  2858  2858 I GoogleInputMethodService: GoogleInputMethodService.updateDeviceLockedStatus():2169 repeatCheckTimes = 0, unlocked = true
09-01 21:08:34.317  2858  2858 I GoogleInputMethodService: GoogleInputMethodService.onStartInput():1960 onStartInput(EditorInfo{inputType=0x0(NULL) imeOptions=0x0 privateImeOptions=null actionName=UNSPECIFIED actionLabel=null actionId=0 initialSelStart=-1 initialSelEnd=-1 initialCapsMode=0x0 hintText=null label=null packageName=com.opera.browser fieldId=2131361887 fieldName=null extras=null}, false)
09-01 21:08:34.317  2858  2858 I GoogleInputMethodService: GoogleInputMethodService.shouldHideHeaderOnInitialState():4081 ShouldHideHeaderOnInitialState = false
09-01 21:08:34.317  2858  2858 I GoogleInputMethodService: GoogleInputMethodService.updateDeviceLockedStatus():2169 repeatCheckTimes = 2, unlocked = true
09-01 21:08:34.344  2816 10910 W NetworkScheduler: Error inserting flex_time=1321000 job_id=-1 period=2643000 source=16 requires_charging=0 preferred_network_type=1 target_class=com.google.android.gms.measurement.PackageMeasurementTaskService user_id=0 target_package=com.google.android.gms tag=Measurement.PackageMeasurementTaskService.UPLOAD_TASK_TAG task_type=0 required_idleness_state=0 service_kind=0 source_version=224312000 persistence_level=1 preferred_charging_state=1 required_network_type=0 runtime=1693595314337 retry_strategy={"maximum_backoff_seconds":{"3600":0},"initial_backoff_seconds":{"30":0},"retry_policy":{"0":0}} last_runtime=0 [CONTEXT service_id=218 ]
09-01 21:08:34.344  2816 10910 W NetworkScheduler: android.database.sqlite.SQLiteConstraintException: UNIQUE constraint failed: pending_ops.tag, pending_ops.target_class, pending_ops.target_package, pending_ops.user_id (code 2067 SQLITE_CONSTRAINT_UNIQUE)
09-01 21:08:34.344  2816 10910 W NetworkScheduler: 	at android.database.sqlite.SQLiteConnection.nativeExecuteForLastInsertedRowId(Native Method)
09-01 21:08:34.344  2816 10910 W NetworkScheduler: 	at android.database.sqlite.SQLiteConnection.executeForLastInsertedRowId(SQLiteConnection.java:938)
09-01 21:08:34.344  2816 10910 W NetworkScheduler: 	at android.database.sqlite.SQLiteSession.executeForLastInsertedRowId(SQLiteSession.java:790)
09-01 21:08:34.344  2816 10910 W NetworkScheduler: 	at android.database.sqlite.SQLiteStatement.executeInsert(SQLiteStatement.java:88)
09-01 21:08:34.344  2816 10910 W NetworkScheduler: 	at android.database.sqlite.SQLiteDatabase.insertWithOnConflict(SQLiteDatabase.java:1701)
09-01 21:08:34.344  2816 10910 W NetworkScheduler: 	at android.database.sqlite.SQLiteDatabase.insertOrThrow(SQLiteDatabase.java:1596)
09-01 21:08:34.344  2816 10910 W NetworkScheduler: 	at biky.g(:com.google.android.gms@224312037@22.43.12 (150400-483592595):53)
09-01 21:08:34.344  2816 10910 W NetworkScheduler: 	at bijr.n(:com.google.android.gms@224312037@22.43.12 (150400-483592595):3)
09-01 21:08:34.344  2816 10910 W NetworkScheduler: 	at bijr.u(:com.google.android.gms@224312037@22.43.12 (150400-483592595):20)
09-01 21:08:34.344  2816 10910 W NetworkScheduler: 	at bijr.h(:com.google.android.gms@224312037@22.43.12 (150400-483592595):3)
09-01 21:08:34.344  2816 10910 W NetworkScheduler: 	at bifi.run(:com.google.android.gms@224312037@22.43.12 (150400-483592595):9)
09-01 21:08:34.344  2816 10910 W NetworkScheduler: 	at zqv.c(:com.google.android.gms@224312037@22.43.12 (150400-483592595):6)
09-01 21:08:34.344  2816 10910 W NetworkScheduler: 	at zqv.run(:com.google.android.gms@224312037@22.43.12 (150400-483592595):7)
09-01 21:08:34.344  2816 10910 W NetworkScheduler: 	at java.util.concurrent.ThreadPoolExecutor.runWorker(ThreadPoolExecutor.java:1167)
09-01 21:08:34.344  2816 10910 W NetworkScheduler: 	at java.util.concurrent.ThreadPoolExecutor$Worker.run(ThreadPoolExecutor.java:641)
09-01 21:08:34.344  2816 10910 W NetworkScheduler: 	at zwa.run(:com.google.android.gms@224312037@22.43.12 (150400-483592595):0)
09-01 21:08:34.344  2816 10910 W NetworkScheduler: 	at java.lang.Thread.run(Thread.java:923)
09-01 21:08:34.347 17483 17483 W dboxed_process: JIT profile information will not be recorded: profile file does not exist.
09-01 21:08:34.347 17483 17483 W dboxed_process: JIT profile information will not be recorded: profile file does not exist.
09-01 21:08:34.358 17483 17483 D NetworkSecurityConfig: Using Network Security Config from resource network_security_config_official_build debugBuild: false
09-01 21:08:34.359 17483 17483 D NetworkSecurityConfig: Using Network Security Config from resource network_security_config_official_build debugBuild: false
09-01 21:08:34.379 16929 17436 I BatteryMgr:DataCollectionService: stats => 1693595314379,-1220,4408
09-01 21:08:34.482 16929 17436 I BatteryMgr:DataCollectionService: stats => 1693595314482,-1220,4408
09-01 21:08:34.589 16929 17436 I BatteryMgr:DataCollectionService: stats => 1693595314588,-1220,4408
09-01 21:08:34.695 16929 17436 I BatteryMgr:DataCollectionService: stats => 1693595314695,-1220,4408
09-01 21:08:34.802 16929 17436 I BatteryMgr:DataCollectionService: stats => 1693595314802,-1220,4408
09-01 21:08:34.908 16929 17436 I BatteryMgr:DataCollectionService: stats => 1693595314908,-1220,4408
09-01 21:08:35.006  1513  2000 D ConnectivityService: NetReassign [no changes]
09-01 21:08:35.019 16929 17436 I BatteryMgr:DataCollectionService: stats => 1693595315019,-1220,4408
09-01 21:08:35.125 16929 17436 I BatteryMgr:DataCollectionService: stats => 1693595315125,-1220,4408
09-01 21:08:35.232 16929 17436 I BatteryMgr:DataCollectionService: stats => 1693595315231,-1220,4408
09-01 21:08:35.338 16929 17436 I BatteryMgr:DataCollectionService: stats => 1693595315338,-1220,4408
09-01 21:08:35.444 16929 17436 I BatteryMgr:DataCollectionService: stats => 1693595315443,-1220,4408
09-01 21:08:35.550 16929 17436 I BatteryMgr:DataCollectionService: stats => 1693595315550,-1220,4408
09-01 21:08:35.656 16929 17436 I BatteryMgr:DataCollectionService: stats => 1693595315656,-1220,4408
09-01 21:08:35.763 16929 17436 I BatteryMgr:DataCollectionService: stats => 1693595315763,-1220,4408
09-01 21:08:35.869 16929 17436 I BatteryMgr:DataCollectionService: stats => 1693595315869,-1220,4408
09-01 21:08:35.975 16929 17436 I BatteryMgr:DataCollectionService: stats => 1693595315974,-1220,4408
09-01 21:08:36.081 16929 17436 I BatteryMgr:DataCollectionService: stats => 1693595316081,-1220,4408
09-01 21:08:36.165   901  1000 D VSC     : @ 40502.618: [WO] tilt angle 89
09-01 21:08:36.186 16929 17436 I BatteryMgr:DataCollectionService: stats => 1693595316186,-1220,4408
09-01 21:08:36.290 16929 17436 I BatteryMgr:DataCollectionService: stats => 1693595316290,-1220,4408
09-01 21:08:36.294   901  2806 I sensors-hal: [ssc_utils]get_qmi_debug_flag:244, support_qmi_debug : false
09-01 21:08:36.304   901  2806 I sensors-hal: [ssc_utils]get_qmi_debug_flag:244, support_qmi_debug : false
09-01 21:08:36.325   901  1000 W ASH     : @ 40502.778: Unhandled msg ID 999: line 1277
09-01 21:08:36.325   901  1000 E ASH     : @ 40502.778: No pb callback assigned
09-01 21:08:36.325   901  1000 E ASH     : @ 40502.778: Nanopb error: callback failed:1588
09-01 21:08:36.394 16929 17436 I BatteryMgr:DataCollectionService: stats => 1693595316394,-1220,4408
09-01 21:08:36.500 16929 17436 I BatteryMgr:DataCollectionService: stats => 1693595316500,-1220,4408
09-01 21:08:36.606 16929 17436 I BatteryMgr:DataCollectionService: stats => 1693595316606,-1220,4408
09-01 21:08:36.694   901  2806 I sensors-hal: [ssc_utils]get_qmi_debug_flag:244, support_qmi_debug : false
09-01 21:08:36.703   901  2806 I sensors-hal: [ssc_utils]get_qmi_debug_flag:244, support_qmi_debug : false
09-01 21:08:36.710 16929 17436 I BatteryMgr:DataCollectionService: stats => 1693595316709,-1220,4408
09-01 21:08:36.725   901  1000 W ASH     : @ 40503.178: Unhandled msg ID 999: line 1277
09-01 21:08:36.725   901  1000 E ASH     : @ 40503.178: No pb callback assigned
09-01 21:08:36.726   901  1000 E ASH     : @ 40503.178: Nanopb error: callback failed:1588
09-01 21:08:36.771   901  2806 I sensors-hal: [ssc_utils]get_qmi_debug_flag:244, support_qmi_debug : false
09-01 21:08:36.805   901  1000 W ASH     : @ 40503.258: Unhandled msg ID 999: line 1277
09-01 21:08:36.805   901  1000 E ASH     : @ 40503.258: No pb callback assigned
09-01 21:08:36.805   901  1000 E ASH     : @ 40503.258: Nanopb error: callback failed:1588
09-01 21:08:36.814 16929 17436 I BatteryMgr:DataCollectionService: stats => 1693595316814,-1220,4408
09-01 21:08:36.883   901  2806 I sensors-hal: [ssc_utils]get_qmi_debug_flag:244, support_qmi_debug : false
09-01 21:08:36.889   592   686 W HWComposer: Ignoring duplicate VSYNC event from HWC for display 19260504575090817 (t=40500115084000)
09-01 21:08:36.906   592   686 W HWComposer: Ignoring duplicate VSYNC event from HWC for display 19260504575090817 (t=40500131814000)
09-01 21:08:36.921 16929 17436 I BatteryMgr:DataCollectionService: stats => 1693595316921,-1220,4408
09-01 21:08:36.923   592   686 W HWComposer: Ignoring duplicate VSYNC event from HWC for display 19260504575090817 (t=40500148432000)
09-01 21:08:36.925   901  1000 W ASH     : @ 40503.378: Unhandled msg ID 999: line 1277
09-01 21:08:36.926   901  1000 E ASH     : @ 40503.378: No pb callback assigned
09-01 21:08:36.926   901  1000 E ASH     : @ 40503.378: Nanopb error: callback failed:1588
09-01 21:08:36.934   592   686 W HWComposer: Ignoring duplicate VSYNC event from HWC for display 19260504575090817 (t=40500159608000)
09-01 21:08:36.945   592   686 W HWComposer: Ignoring duplicate VSYNC event from HWC for display 19260504575090817 (t=40500170707000)
09-01 21:08:36.956   592   686 W HWComposer: Ignoring duplicate VSYNC event from HWC for display 19260504575090817 (t=40500181787000)
09-01 21:08:36.967   592   686 W HWComposer: Ignoring duplicate VSYNC event from HWC for display 19260504575090817 (t=40500192895000)
09-01 21:08:36.979   592   686 W HWComposer: Ignoring duplicate VSYNC event from HWC for display 19260504575090817 (t=40500204053000)
09-01 21:08:37.027 16929 17436 I BatteryMgr:DataCollectionService: stats => 1693595317027,-1220,4408
09-01 21:08:37.133 16929 17436 I BatteryMgr:DataCollectionService: stats => 1693595317133,-1220,4408
09-01 21:08:37.161   901  2806 I sensors-hal: [ssc_utils]get_qmi_debug_flag:244, support_qmi_debug : false
09-01 21:08:37.179   901  1000 W ASH     : @ 40503.631: Unhandled msg ID 999: line 1277
09-01 21:08:37.179   901  1000 E ASH     : @ 40503.631: No pb callback assigned
09-01 21:08:37.179   901  1000 E ASH     : @ 40503.631: Nanopb error: callback failed:1588
09-01 21:08:37.239 16929 17436 I BatteryMgr:DataCollectionService: stats => 1693595317239,-1220,4408
09-01 21:08:37.280   901  2806 I sensors-hal: [ssc_utils]get_qmi_debug_flag:244, support_qmi_debug : false
09-01 21:08:37.327   901  1000 W ASH     : @ 40503.780: Unhandled msg ID 999: line 1277
09-01 21:08:37.328   901  1000 E ASH     : @ 40503.780: No pb callback assigned
09-01 21:08:37.328   901  1000 E ASH     : @ 40503.780: Nanopb error: callback failed:1588
09-01 21:08:37.346 16929 17436 I BatteryMgr:DataCollectionService: stats => 1693595317345,-1220,4408
09-01 21:08:37.452 16929 17436 I BatteryMgr:DataCollectionService: stats => 1693595317451,-1220,4408
09-01 21:08:37.558 16929 17436 I BatteryMgr:DataCollectionService: stats => 1693595317558,-1220,4408
09-01 21:08:37.561   901  2806 I sensors-hal: [ssc_utils]get_qmi_debug_flag:244, support_qmi_debug : false
09-01 21:08:37.568   901  1000 W ASH     : @ 40504.021: Unhandled msg ID 999: line 1277
09-01 21:08:37.568   901  1000 E ASH     : @ 40504.021: No pb callback assigned
09-01 21:08:37.568   901  1000 E ASH     : @ 40504.021: Nanopb error: callback failed:1588
09-01 21:08:37.664 16929 17436 I BatteryMgr:DataCollectionService: stats => 1693595317664,-1220,4408
09-01 21:08:37.680   901  2806 I sensors-hal: [ssc_utils]get_qmi_debug_flag:244, support_qmi_debug : false
09-01 21:08:37.687   901  1000 W ASH     : @ 40504.139: Unhandled msg ID 999: line 1277
09-01 21:08:37.687   901  1000 E ASH     : @ 40504.139: No pb callback assigned
09-01 21:08:37.687   901  1000 E ASH     : @ 40504.139: Nanopb error: callback failed:1588
09-01 21:08:37.754   901  2806 I sensors-hal: [ssc_utils]get_qmi_debug_flag:244, support_qmi_debug : false
09-01 21:08:37.765   901  1000 W ASH     : @ 40504.218: Unhandled msg ID 999: line 1277
09-01 21:08:37.765   901  1000 E ASH     : @ 40504.218: No pb callback assigned
09-01 21:08:37.765   901  1000 E ASH     : @ 40504.218: Nanopb error: callback failed:1588
09-01 21:08:37.767 16929 17436 I BatteryMgr:DataCollectionService: stats => 1693595317767,-1220,4408
09-01 21:08:37.820   901  1000 I ASH     : @ 40504.272: tcs3701: ADC is saturated, removed sample from FIFO.
09-01 21:08:37.872 16929 17436 I BatteryMgr:DataCollectionService: stats => 1693595317871,-1220,4408
09-01 21:08:37.875   901  2806 I sensors-hal: [ssc_utils]get_qmi_debug_flag:244, support_qmi_debug : false
09-01 21:08:37.888   901  1000 W ASH     : @ 40504.340: Unhandled msg ID 999: line 1277
09-01 21:08:37.888   901  1000 E ASH     : @ 40504.340: No pb callback assigned
09-01 21:08:37.888   901  1000 E ASH     : @ 40504.340: Nanopb error: callback failed:1588
09-01 21:08:37.978 16929 17436 I BatteryMgr:DataCollectionService: stats => 1693595317977,-1220,4408
09-01 21:08:38.022  1513  2000 D ConnectivityService: NetReassign [no changes]
09-01 21:08:38.084 16929 17436 I BatteryMgr:DataCollectionService: stats => 1693595318084,-1220,4408
09-01 21:08:38.095   901  2806 I sensors-hal: [ssc_utils]get_qmi_debug_flag:244, support_qmi_debug : false
09-01 21:08:38.106   901  2806 I sensors-hal: [ssc_utils]get_qmi_debug_flag:244, support_qmi_debug : false
09-01 21:08:38.125   901  1000 W ASH     : @ 40504.578: Unhandled msg ID 999: line 1277
09-01 21:08:38.125   901  1000 E ASH     : @ 40504.578: No pb callback assigned
09-01 21:08:38.125   901  1000 E ASH     : @ 40504.578: Nanopb error: callback failed:1588
09-01 21:08:38.165   901  1000 D VSC     : @ 40504.618: [WO] tilt angle 89
09-01 21:08:38.171   901  2806 I sensors-hal: [ssc_utils]get_qmi_debug_flag:244, support_qmi_debug : false
09-01 21:08:38.190 16929 17436 I BatteryMgr:DataCollectionService: stats => 1693595318190,-1220,4408
09-01 21:08:38.205   901  1000 W ASH     : @ 40504.658: Unhandled msg ID 999: line 1277
09-01 21:08:38.205   901  1000 E ASH     : @ 40504.658: No pb callback assigned
09-01 21:08:38.205   901  1000 E ASH     : @ 40504.658: Nanopb error: callback failed:1588
09-01 21:08:38.289   901  2806 I sensors-hal: [ssc_utils]get_qmi_debug_flag:244, support_qmi_debug : false
09-01 21:08:38.293 16929 17436 I BatteryMgr:DataCollectionService: stats => 1693595318293,-1220,4408
09-01 21:08:38.325   901  1000 W ASH     : @ 40504.778: Unhandled msg ID 999: line 1277
09-01 21:08:38.325   901  1000 E ASH     : @ 40504.778: No pb callback assigned
09-01 21:08:38.325   901  1000 E ASH     : @ 40504.778: Nanopb error: callback failed:1588
09-01 21:08:38.384   901  2806 I sensors-hal: [ssc_utils]get_qmi_debug_flag:244, support_qmi_debug : false
09-01 21:08:38.398 16929 17436 I BatteryMgr:DataCollectionService: stats => 1693595318398,-1220,4408
09-01 21:08:38.407   901  1000 W ASH     : @ 40504.859: Unhandled msg ID 999: line 1277
09-01 21:08:38.407   901  1000 E ASH     : @ 40504.859: No pb callback assigned
09-01 21:08:38.407   901  1000 E ASH     : @ 40504.859: Nanopb error: callback failed:1588
09-01 21:08:38.491   901  2806 I sensors-hal: [ssc_utils]get_qmi_debug_flag:244, support_qmi_debug : false
09-01 21:08:38.504 16929 17436 I BatteryMgr:DataCollectionService: stats => 1693595318502,-1220,4408
09-01 21:08:38.525   901  1000 W ASH     : @ 40504.978: Unhandled msg ID 999: line 1277
09-01 21:08:38.525   901  1000 E ASH     : @ 40504.978: No pb callback assigned
09-01 21:08:38.526   901  1000 E ASH     : @ 40504.978: Nanopb error: callback failed:1588
09-01 21:08:38.578   901  2806 I sensors-hal: [ssc_utils]get_qmi_debug_flag:244, support_qmi_debug : false
09-01 21:08:38.605   901  1000 W ASH     : @ 40505.058: Unhandled msg ID 999: line 1277
09-01 21:08:38.605   901  1000 E ASH     : @ 40505.058: No pb callback assigned
09-01 21:08:38.605   901  1000 E ASH     : @ 40505.058: Nanopb error: callback failed:1588
09-01 21:08:38.609 16929 17436 I BatteryMgr:DataCollectionService: stats => 1693595318609,-1220,4408
09-01 21:08:38.692   901  2806 I sensors-hal: [ssc_utils]get_qmi_debug_flag:244, support_qmi_debug : false
09-01 21:08:38.692   594 28441 I SDM     : HWDeviceDRM::UpdateMixerAttributes: Mixer WxH 1080x2340-1 for Peripheral
09-01 21:08:38.692   594 28441 I SDM     : DisplayBase::SetActiveConfig: Active configuration changed to: 0
09-01 21:08:38.693   594 28441 I SDM     : StrategyImpl::SetIdleTimeoutMs: Idle timeout set to zero for command mode panels
09-01 21:08:38.705   901  2806 I sensors-hal: [ssc_utils]get_qmi_debug_flag:244, support_qmi_debug : false
09-01 21:08:38.712 16929 17436 I BatteryMgr:DataCollectionService: stats => 1693595318712,-1220,4408
09-01 21:08:38.714  1513  1572 I DisplayManagerService: Display device changed: DisplayDeviceInfo{"Built-in Screen": uniqueId="local:19260504575090817", 1080 x 2340, modeId 2, defaultModeId 2, supportedModes [{id=1, width=1080, height=2340, fps=90.0}, {id=2, width=1080, height=2340, fps=60.000004}], colorMode 0, supportedColorModes [0, 7, 9], HdrCapabilities HdrCapabilities{mSupportedHdrTypes=[2, 3, 4], mMaxLuminance=500.0, mMaxAverageLuminance=500.0, mMinLuminance=0.0}, allmSupported false, gameContentTypeSupported false, density 440, 435.428 x 433.839 dpi, appVsyncOff 2333332, presDeadline 11500000, cutout DisplayCutout{insets=Rect(0, 136 - 0, 0) waterfall=Insets{left=0, top=0, right=0, bottom=0} boundingRect={Bounds=[Rect(0, 0 - 0, 0), Rect(0, 0 - 136, 136), Rect(0, 0 - 0, 0), Rect(0, 0 - 0, 0)]}}, touch INTERNAL, rotation 0, type INTERNAL, address {port=129, model=0x446d53ad64a0}, deviceProductInfo DeviceProductInfo{name=, manufacturerPnpId=QCM, productId=1, modelYear=null, manufactureDate=ManufactureDate{week=27, year=2006}, relativeAddress=null}, state ON, FLAG_DEFAULT_DISPLAY, FLAG_ROTATES_WITH_CONTENT, FLAG_SECURE, FLAG_SUPPORTS_PROTECTED_BUFFERS}
09-01 21:08:38.714   594 28441 I SDM     : HWDeviceDRM::UpdateMixerAttributes: Mixer WxH 1080x2340-1 for Peripheral
09-01 21:08:38.714   594 28441 I SDM     : DisplayBase::SetActiveConfig: Active configuration changed to: 1
09-01 21:08:38.714   594 28441 I SDM     : StrategyImpl::SetIdleTimeoutMs: Idle timeout set to zero for command mode panels
09-01 21:08:38.717   901  2806 I sensors-hal: [ssc_utils]get_qmi_debug_flag:244, support_qmi_debug : false
09-01 21:08:38.725   901  1000 W ASH     : @ 40505.178: Unhandled msg ID 999: line 1277
09-01 21:08:38.725   901  1000 E ASH     : @ 40505.178: No pb callback assigned
09-01 21:08:38.725   901  1000 E ASH     : @ 40505.178: Nanopb error: callback failed:1588
09-01 21:08:38.726   901  1000 W ASH     : @ 40505.178: Unhandled msg ID 999: line 1277
09-01 21:08:38.726   901  1000 E ASH     : @ 40505.178: No pb callback assigned
09-01 21:08:38.726   901  1000 E ASH     : @ 40505.178: Nanopb error: callback failed:1588
09-01 21:08:38.729  1513  1572 I DisplayManagerService: Display device changed: DisplayDeviceInfo{"Built-in Screen": uniqueId="local:19260504575090817", 1080 x 2340, modeId 1, defaultModeId 2, supportedModes [{id=1, width=1080, height=2340, fps=90.0}, {id=2, width=1080, height=2340, fps=60.000004}], colorMode 0, supportedColorModes [0, 7, 9], HdrCapabilities HdrCapabilities{mSupportedHdrTypes=[2, 3, 4], mMaxLuminance=500.0, mMaxAverageLuminance=500.0, mMinLuminance=0.0}, allmSupported false, gameContentTypeSupported false, density 440, 435.428 x 433.839 dpi, appVsyncOff 2333333, presDeadline 11500000, cutout DisplayCutout{insets=Rect(0, 136 - 0, 0) waterfall=Insets{left=0, top=0, right=0, bottom=0} boundingRect={Bounds=[Rect(0, 0 - 0, 0), Rect(0, 0 - 136, 136), Rect(0, 0 - 0, 0), Rect(0, 0 - 0, 0)]}}, touch INTERNAL, rotation 0, type INTERNAL, address {port=129, model=0x446d53ad64a0}, deviceProductInfo DeviceProductInfo{name=, manufacturerPnpId=QCM, productId=1, modelYear=null, manufactureDate=ManufactureDate{week=27, year=2006}, relativeAddress=null}, state ON, FLAG_DEFAULT_DISPLAY, FLAG_ROTATES_WITH_CONTENT, FLAG_SECURE, FLAG_SUPPORTS_PROTECTED_BUFFERS}
09-01 21:08:38.819 16929 17436 I BatteryMgr:DataCollectionService: stats => 1693595318818,-1220,4408
09-01 21:08:38.838   901  2806 I sensors-hal: [ssc_utils]get_qmi_debug_flag:244, support_qmi_debug : false
09-01 21:08:38.845   901  1000 W ASH     : @ 40505.298: Unhandled msg ID 999: line 1277
09-01 21:08:38.845   901  1000 E ASH     : @ 40505.298: No pb callback assigned
09-01 21:08:38.845   901  1000 E ASH     : @ 40505.298: Nanopb error: callback failed:1588
09-01 21:08:38.884   901  2806 I sensors-hal: [ssc_utils]get_qmi_debug_flag:244, support_qmi_debug : false
09-01 21:08:38.903   901  1000 I ASH     : @ 40505.356: tcs3701: ADC is saturated, removed sample from FIFO.
09-01 21:08:38.925 16929 17436 I BatteryMgr:DataCollectionService: stats => 1693595318925,-1220,4408
09-01 21:08:38.925   901  1000 W ASH     : @ 40505.378: Unhandled msg ID 999: line 1277
09-01 21:08:38.925   901  1000 E ASH     : @ 40505.378: No pb callback assigned
09-01 21:08:38.925   901  1000 E ASH     : @ 40505.378: Nanopb error: callback failed:1588
09-01 21:08:38.968   901  2806 I sensors-hal: [ssc_utils]get_qmi_debug_flag:244, support_qmi_debug : false
09-01 21:08:39.005   901  1000 W ASH     : @ 40505.458: Unhandled msg ID 999: line 1277
09-01 21:08:39.005   901  1000 E ASH     : @ 40505.458: No pb callback assigned
09-01 21:08:39.005   901  1000 E ASH     : @ 40505.458: Nanopb error: callback failed:1588
09-01 21:08:39.032 16929 17436 I BatteryMgr:DataCollectionService: stats => 1693595319031,-1220,4408
09-01 21:08:39.091   901  2806 I sensors-hal: [ssc_utils]get_qmi_debug_flag:244, support_qmi_debug : false
09-01 21:08:39.125   901  1000 W ASH     : @ 40505.578: Unhandled msg ID 999: line 1277
09-01 21:08:39.125   901  1000 E ASH     : @ 40505.578: No pb callback assigned
09-01 21:08:39.125   901  1000 E ASH     : @ 40505.578: Nanopb error: callback failed:1588
09-01 21:08:39.138 16929 17436 I BatteryMgr:DataCollectionService: stats => 1693595319138,-1220,4408
09-01 21:08:39.171   901  2806 I sensors-hal: [ssc_utils]get_qmi_debug_flag:244, support_qmi_debug : false
09-01 21:08:39.205   901  1000 W ASH     : @ 40505.658: Unhandled msg ID 999: line 1277
09-01 21:08:39.205   901  1000 E ASH     : @ 40505.658: No pb callback assigned
09-01 21:08:39.205   901  1000 E ASH     : @ 40505.658: Nanopb error: callback failed:1588
09-01 21:08:39.242 16929 17436 I BatteryMgr:DataCollectionService: stats => 1693595319242,-1220,4408
09-01 21:08:39.289   901  2806 I sensors-hal: [ssc_utils]get_qmi_debug_flag:244, support_qmi_debug : false
09-01 21:08:39.292   594 28441 I SDM     : HWDeviceDRM::UpdateMixerAttributes: Mixer WxH 1080x2340-1 for Peripheral
09-01 21:08:39.292   594 28441 I SDM     : DisplayBase::SetActiveConfig: Active configuration changed to: 0
09-01 21:08:39.292   594 28441 I SDM     : StrategyImpl::SetIdleTimeoutMs: Idle timeout set to zero for command mode panels
09-01 21:08:39.305   901  2806 I sensors-hal: [ssc_utils]get_qmi_debug_flag:244, support_qmi_debug : false
09-01 21:08:39.314  1513  1572 I DisplayManagerService: Display device changed: DisplayDeviceInfo{"Built-in Screen": uniqueId="local:19260504575090817", 1080 x 2340, modeId 2, defaultModeId 2, supportedModes [{id=1, width=1080, height=2340, fps=90.0}, {id=2, width=1080, height=2340, fps=60.000004}], colorMode 0, supportedColorModes [0, 7, 9], HdrCapabilities HdrCapabilities{mSupportedHdrTypes=[2, 3, 4], mMaxLuminance=500.0, mMaxAverageLuminance=500.0, mMinLuminance=0.0}, allmSupported false, gameContentTypeSupported false, density 440, 435.428 x 433.839 dpi, appVsyncOff 2333332, presDeadline 11500000, cutout DisplayCutout{insets=Rect(0, 136 - 0, 0) waterfall=Insets{left=0, top=0, right=0, bottom=0} boundingRect={Bounds=[Rect(0, 0 - 0, 0), Rect(0, 0 - 136, 136), Rect(0, 0 - 0, 0), Rect(0, 0 - 0, 0)]}}, touch INTERNAL, rotation 0, type INTERNAL, address {port=129, model=0x446d53ad64a0}, deviceProductInfo DeviceProductInfo{name=, manufacturerPnpId=QCM, productId=1, modelYear=null, manufactureDate=ManufactureDate{week=27, year=2006}, relativeAddress=null}, state ON, FLAG_DEFAULT_DISPLAY, FLAG_ROTATES_WITH_CONTENT, FLAG_SECURE, FLAG_SUPPORTS_PROTECTED_BUFFERS}
09-01 21:08:39.316   594 28441 I SDM     : StrategyImpl::SetIdleTimeoutMs: Idle timeout set to zero for command mode panels
09-01 21:08:39.325   901  1000 W ASH     : @ 40505.778: Unhandled msg ID 999: line 1277
09-01 21:08:39.325   901  1000 E ASH     : @ 40505.778: No pb callback assigned
09-01 21:08:39.325   901  1000 E ASH     : @ 40505.778: Nanopb error: callback failed:1588
09-01 21:08:39.345 16929 17436 I BatteryMgr:DataCollectionService: stats => 1693595319345,-1220,4408
09-01 21:08:39.443 17637 17639 I cmd     : oneway function results will be dropped but finished with status OK and parcel size 4
09-01 21:08:39.742  1513  3246 I ActivityManager: Force stopping com.opera.browser appid=10261 user=0: from pid 17657
09-01 21:08:39.742  1513  3246 I ActivityManager: Killing 17190:com.opera.browser:privileged_process0/u0a261 (adj 0): stop com.opera.browser due to from pid 17657
09-01 21:08:39.744  1513  3246 I ActivityManager: Killing 16987:com.opera.browser/u0a261 (adj 0): stop com.opera.browser due to from pid 17657
09-01 21:08:39.746  7733  7733 D BoundBrokerSvc: onUnbind: Intent { act=com.google.android.gms.measurement.START pkg=com.google.android.gms }
09-01 21:08:39.749  1513  3246 W ActivityTaskManager: Force removing ActivityRecord{44b76cb u0 com.opera.browser/com.opera.Opera t1644 f}}: app died, no saved state
09-01 21:08:39.749 17483 17483 I dboxed_process: System.exit called, status: 0
09-01 21:08:39.749 17483 17483 I AndroidRuntime: VM exiting with result code 0, cleanup skipped.
09-01 21:08:39.752 17289 17289 I dboxed_process: System.exit called, status: 0
09-01 21:08:39.752 17289 17289 I AndroidRuntime: VM exiting with result code 0, cleanup skipped.
09-01 21:08:39.765   594 28441 I SDM     : HWDeviceDRM::UpdateMixerAttributes: Mixer WxH 1080x2340-1 for Peripheral
09-01 21:08:39.765   594 28441 I SDM     : DisplayBase::SetActiveConfig: Active configuration changed to: 1
09-01 21:08:39.765   594 28441 I SDM     : StrategyImpl::SetIdleTimeoutMs: Idle timeout set to zero for command mode panels
09-01 21:08:39.766  1513  3246 I ActivityManager: Killing 17289:com.opera.browser:sandboxed_process0/u0a261 (adj 0): stop com.opera.browser due to from pid 17657
09-01 21:08:39.767  1513  3246 I ActivityManager: Killing 17483:com.opera.browser:sandboxed_process1/u0a261 (adj 0): stop com.opera.browser due to from pid 17657
09-01 21:08:39.769   901  2806 I sensors-hal: [ssc_utils]get_qmi_debug_flag:244, support_qmi_debug : false
09-01 21:08:39.774 17657 17659 I cmd     : oneway function results will be dropped but finished with status OK and parcel size 4
09-01 21:08:39.776  2474  2474 E PhoneInterfaceManager: [PhoneIntfMgr] getCarrierPackageNamesForIntentAndPhone: No UICC
09-01 21:08:39.776  2474  2474 D CarrierSvcBindHelper: No carrier app for: 0
09-01 21:08:39.779   779   779 I Zygote  : Process 17190 exited due to signal 9 (Killed)
09-01 21:08:39.779   779   779 I Zygote  : Process 17483 exited cleanly (0)
09-01 21:08:39.779   901  1000 W ASH     : @ 40506.232: Unhandled msg ID 999: line 1277
09-01 21:08:39.779   901  1000 E ASH     : @ 40506.232: No pb callback assigned
09-01 21:08:39.779   901  1000 E ASH     : @ 40506.232: Nanopb error: callback failed:1588
09-01 21:08:39.789  1513  1640 I libprocessgroup: Successfully killed process cgroup uid 10261 pid 17190 in 45ms
09-01 21:08:39.789  1513  3233 W ActivityManager: Unbind failed: could not find connection for android.os.BinderProxy@e6842d2
09-01 21:08:39.790  3088  3660 I AssistantForeground: (REDACTED) Get launcher package: %s
09-01 21:08:39.794  8777 17668 I EuiccGoogle: [6475] EuiccServiceImpl.onGetEuiccProfileInfoList: onGetEuiccProfileInfoList: slotId = -1
09-01 21:08:39.798  1513  1572 W DisplayManagerService: Failed to notify process 17289 that displays changed, assuming it died.
09-01 21:08:39.798  1513  1572 W DisplayManagerService: android.os.DeadObjectException
09-01 21:08:39.798  1513  1572 W DisplayManagerService: 	at android.os.BinderProxy.transactNative(Native Method)
09-01 21:08:39.798  1513  1572 W DisplayManagerService: 	at android.os.BinderProxy.transact(BinderProxy.java:550)
09-01 21:08:39.798  1513  1572 W DisplayManagerService: 	at android.hardware.display.IDisplayManagerCallback$Stub$Proxy.onDisplayEvent(IDisplayManagerCallback.java:115)
09-01 21:08:39.798  1513  1572 W DisplayManagerService: 	at com.android.server.display.DisplayManagerService$CallbackRecord.notifyDisplayEventAsync(DisplayManagerService.java:1909)
09-01 21:08:39.798  1513  1572 W DisplayManagerService: 	at com.android.server.display.DisplayManagerService.deliverDisplayEvent(DisplayManagerService.java:1668)
09-01 21:08:39.798  1513  1572 W DisplayManagerService: 	at com.android.server.display.DisplayManagerService.access$700(DisplayManagerService.java:163)
09-01 21:08:39.798  1513  1572 W DisplayManagerService: 	at com.android.server.display.DisplayManagerService$DisplayManagerHandler.handleMessage(DisplayManagerService.java:1831)
09-01 21:08:39.798  1513  1572 W DisplayManagerService: 	at android.os.Handler.dispatchMessage(Handler.java:106)
09-01 21:08:39.798  1513  1572 W DisplayManagerService: 	at android.os.Looper.loop(Looper.java:223)
09-01 21:08:39.798  1513  1572 W DisplayManagerService: 	at android.os.HandlerThread.run(HandlerThread.java:67)
09-01 21:08:39.798  1513  1572 W DisplayManagerService: 	at com.android.server.ServiceThread.run(ServiceThread.java:44)
09-01 21:08:39.803   779   779 I Zygote  : Process 17289 exited cleanly (0)
09-01 21:08:39.806  8777 17668 W EuiccGoogle: [6475] EuiccServiceImpl.onGetEuiccProfileInfoList: slotId=-1. No eUICC is active. Return null.
09-01 21:08:39.810  3135  3135 D RegisteredNfcFServicesCache: Service unchanged, not updating
09-01 21:08:39.813  1513  1572 I DisplayManagerService: Display device changed: DisplayDeviceInfo{"Built-in Screen": uniqueId="local:19260504575090817", 1080 x 2340, modeId 1, defaultModeId 2, supportedModes [{id=1, width=1080, height=2340, fps=90.0}, {id=2, width=1080, height=2340, fps=60.000004}], colorMode 0, supportedColorModes [0, 7, 9], HdrCapabilities HdrCapabilities{mSupportedHdrTypes=[2, 3, 4], mMaxLuminance=500.0, mMaxAverageLuminance=500.0, mMinLuminance=0.0}, allmSupported false, gameContentTypeSupported false, density 440, 435.428 x 433.839 dpi, appVsyncOff 2333333, presDeadline 11500000, cutout DisplayCutout{insets=Rect(0, 136 - 0, 0) waterfall=Insets{left=0, top=0, right=0, bottom=0} boundingRect={Bounds=[Rect(0, 0 - 0, 0), Rect(0, 0 - 136, 136), Rect(0, 0 - 0, 0), Rect(0, 0 - 0, 0)]}}, touch INTERNAL, rotation 0, type INTERNAL, address {port=129, model=0x446d53ad64a0}, deviceProductInfo DeviceProductInfo{name=, manufacturerPnpId=QCM, productId=1, modelYear=null, manufactureDate=ManufactureDate{week=27, year=2006}, relativeAddress=null}, state ON, FLAG_DEFAULT_DISPLAY, FLAG_ROTATES_WITH_CONTENT, FLAG_SECURE, FLAG_SUPPORTS_PROTECTED_BUFFERS}
09-01 21:08:39.818  1513  1572 W DisplayManagerService: Failed to notify process 16987 that displays changed, assuming it died.
09-01 21:08:39.818  1513  1572 W DisplayManagerService: android.os.DeadObjectException
09-01 21:08:39.818  1513  1572 W DisplayManagerService: 	at android.os.BinderProxy.transactNative(Native Method)
09-01 21:08:39.818  1513  1572 W DisplayManagerService: 	at android.os.BinderProxy.transact(BinderProxy.java:550)
09-01 21:08:39.818  1513  1572 W DisplayManagerService: 	at android.hardware.display.IDisplayManagerCallback$Stub$Proxy.onDisplayEvent(IDisplayManagerCallback.java:115)
09-01 21:08:39.818  1513  1572 W DisplayManagerService: 	at com.android.server.display.DisplayManagerService$CallbackRecord.notifyDisplayEventAsync(DisplayManagerService.java:1909)
09-01 21:08:39.818  1513  1572 W DisplayManagerService: 	at com.android.server.display.DisplayManagerService.deliverDisplayEvent(DisplayManagerService.java:1668)
09-01 21:08:39.818  1513  1572 W DisplayManagerService: 	at com.android.server.display.DisplayManagerService.access$700(DisplayManagerService.java:163)
09-01 21:08:39.818  1513  1572 W DisplayManagerService: 	at com.android.server.display.DisplayManagerService$DisplayManagerHandler.handleMessage(DisplayManagerService.java:1831)
09-01 21:08:39.818  1513  1572 W DisplayManagerService: 	at android.os.Handler.dispatchMessage(Handler.java:106)
09-01 21:08:39.818  1513  1572 W DisplayManagerService: 	at android.os.Looper.loop(Looper.java:223)
09-01 21:08:39.818  1513  1572 W DisplayManagerService: 	at android.os.HandlerThread.run(HandlerThread.java:67)
09-01 21:08:39.818  1513  1572 W DisplayManagerService: 	at com.android.server.ServiceThread.run(ServiceThread.java:44)
09-01 21:08:39.826  1513  3233 D ConnectivityService: ConnectivityService NetworkRequestInfo binderDied(NetworkRequest [ LISTEN id=1843, [ Capabilities: INTERNET&NOT_RESTRICTED&TRUSTED&FOREGROUND Uid: 10261 AdministratorUids: [] RequestorUid: 10261 RequestorPackageName: com.opera.browser] ], android.os.BinderProxy@bb9e6fa)
09-01 21:08:39.827  1513  3232 D AutofillSession: handling death of Token{6fcdd9a ActivityRecord{44b76cb u0 com.opera.browser/com.opera.Opera t-1 f}}} when saving=false
09-01 21:08:39.827  1513  2262 D ConnectivityService: ConnectivityService NetworkRequestInfo binderDied(NetworkRequest [ LISTEN id=1845, [ Capabilities: INTERNET&NOT_RESTRICTED&TRUSTED&FOREGROUND Uid: 10261 AdministratorUids: [] RequestorUid: 10261 RequestorPackageName: com.opera.browser] ], android.os.BinderProxy@6423708)
09-01 21:08:39.827  1513  1572 W ActivityManager: setHasOverlayUi called on unknown pid: 16987
09-01 21:08:39.827  1513  3246 D ConnectivityService: ConnectivityService NetworkRequestInfo binderDied(NetworkRequest [ TRACK_DEFAULT id=1842, [ Capabilities: INTERNET&NOT_RESTRICTED&TRUSTED Uid: 10261 AdministratorUids: [] RequestorUid: 10261 RequestorPackageName: com.opera.browser] ], android.os.BinderProxy@1e3b4ab)
09-01 21:08:39.827  1513  2000 D ConnectivityService: releasing NetworkRequest [ TRACK_DEFAULT id=1842, [ Capabilities: INTERNET&NOT_RESTRICTED&TRUSTED Uid: 10261 AdministratorUids: [] RequestorUid: 10261 RequestorPackageName: com.opera.browser] ] (release request)
09-01 21:08:39.829   779   779 I Zygote  : Process 16987 exited due to signal 9 (Killed)
09-01 21:08:39.829  1513  3227 D ConnectivityService: ConnectivityService NetworkRequestInfo binderDied(NetworkRequest [ TRACK_DEFAULT id=1844, [ Capabilities: INTERNET&NOT_RESTRICTED&TRUSTED Uid: 10261 AdministratorUids: [] RequestorUid: 10261 RequestorPackageName: com.opera.browser] ], android.os.BinderProxy@f260ea1)
09-01 21:08:39.829  1513  2000 D ConnectivityService: releasing NetworkRequest [ TRACK_DEFAULT id=1844, [ Capabilities: INTERNET&NOT_RESTRICTED&TRUSTED Uid: 10261 AdministratorUids: [] RequestorUid: 10261 RequestorPackageName: com.opera.browser] ] (release request)
09-01 21:08:39.839  2858  2858 I GoogleInputMethodService: GoogleInputMethodService.onFinishInput():3280 
09-01 21:08:39.840  2858  2858 I GoogleInputMethodService: GoogleInputMethodService.updateDeviceLockedStatus():2169 repeatCheckTimes = 0, unlocked = true
09-01 21:08:39.840  2858  2858 I GoogleInputMethodService: GoogleInputMethodService.onStartInput():1960 onStartInput(EditorInfo{inputType=0x0(NULL) imeOptions=0x0 privateImeOptions=null actionName=UNSPECIFIED actionLabel=null actionId=0 initialSelStart=-1 initialSelEnd=-1 initialCapsMode=0x0 hintText=null label=null packageName=com.example.batterymanager_utility fieldId=-1 fieldName=null extras=null}, false)
09-01 21:08:39.840  2858  2858 I GoogleInputMethodService: GoogleInputMethodService.shouldHideHeaderOnInitialState():4081 ShouldHideHeaderOnInitialState = false
09-01 21:08:39.840  2858  2858 I GoogleInputMethodService: GoogleInputMethodService.updateDeviceLockedStatus():2169 repeatCheckTimes = 2, unlocked = true
09-01 21:08:39.857  1513  1640 I libprocessgroup: Successfully killed process cgroup uid 10261 pid 16987 in 67ms
09-01 21:08:39.857  1513  1640 I libprocessgroup: Successfully killed process cgroup uid 10261 pid 17289 in 0ms
09-01 21:08:39.857  1513  1640 I libprocessgroup: Successfully killed process cgroup uid 10261 pid 17483 in 0ms
09-01 21:08:40.165   901  1000 D VSC     : @ 40506.618: [WO] tilt angle 89
09-01 21:08:40.325   901  2806 I sensors-hal: [ssc_utils]get_qmi_debug_flag:244, support_qmi_debug : false
09-01 21:08:40.345   901  1000 W ASH     : @ 40506.797: Unhandled msg ID 999: line 1277
09-01 21:08:40.345   901  1000 E ASH     : @ 40506.797: No pb callback assigned
09-01 21:08:40.345   901  1000 E ASH     : @ 40506.797: Nanopb error: callback failed:1588
09-01 21:08:41.048  1513  2000 D ConnectivityService: NetReassign [no changes]
09-01 21:08:41.785 10955 11074 I PlayCommon: [5252] agnn.j(22): Preparing logs for uploading
09-01 21:08:41.844 10955 11074 I PlayCommon: [5252] agnn.j(177): Connecting to server: https://play.googleapis.com/play/log?format=raw&proto_v2=true
09-01 21:08:42.104 10955 11074 I PlayCommon: [5252] agnn.j(211): Successfully uploaded logs.
09-01 21:08:42.166   901  1000 D VSC     : @ 40508.618: [WO] tilt angle 89
09-01 21:08:42.215   908   950 D rlsservice: MonitorDisplayStatus client num 1, display status 1, sensor status 0
09-01 21:08:42.975  1513  8504 I ActivityManager: Force stopping com.example.batterymanager_utility appid=10260 user=0: from pid 17682
09-01 21:08:42.976  1513  8504 I ActivityManager: Killing 16929:com.example.batterymanager_utility/u0a260 (adj 0): stop com.example.batterymanager_utility due to from pid 17682
09-01 21:08:42.977  1513  8504 W ActivityTaskManager: Force removing ActivityRecord{c4003ff u0 com.example.batterymanager_utility/.MainActivity t1643 f}}: app died, no saved state
09-01 21:08:42.984   901  2806 I sensors-hal: [ssc_utils]get_qmi_debug_flag:244, support_qmi_debug : false
09-01 21:08:42.987  1513  1975 W InputDispatcher: channel '2279c73 com.example.batterymanager_utility/com.example.batterymanager_utility.MainActivity (server)' ~ Consumer closed input channel or an error occurred.  events=0x9
09-01 21:08:42.987  1513  1975 E InputDispatcher: channel '2279c73 com.example.batterymanager_utility/com.example.batterymanager_utility.MainActivity (server)' ~ Channel is unrecoverably broken and will be disposed!
09-01 21:08:42.988   778   778 I Zygote  : Process 16929 exited due to signal 9 (Killed)
09-01 21:08:42.991  1513  8504 W InputDispatcher: Attempted to unregister already unregistered input channel '2279c73 com.example.batterymanager_utility/com.example.batterymanager_utility.MainActivity (server)'
09-01 21:08:43.004  1513  3161 W WindowManager: Failed looking up window session=Session{3d952c4 16929:u0a10260} callers=com.android.server.wm.WindowManagerService.windowForClientLocked:5435 com.android.server.wm.WindowState$DeathRecipient.binderDied:2817 android.os.IBinder$DeathRecipient.binderDied:305 
09-01 21:08:43.004  1513  3161 I WindowManager: WIN DEATH: null
09-01 21:08:43.005   901  1000 W ASH     : @ 40509.458: Unhandled msg ID 999: line 1277
09-01 21:08:43.005   901  1000 E ASH     : @ 40509.458: No pb callback assigned
09-01 21:08:43.005   901  1000 E ASH     : @ 40509.458: Nanopb error: callback failed:1588
09-01 21:08:43.015 17682 17684 I cmd     : oneway function results will be dropped but finished with status OK and parcel size 4
09-01 21:08:43.018  2474  2474 E PhoneInterfaceManager: [PhoneIntfMgr] getCarrierPackageNamesForIntentAndPhone: No UICC
09-01 21:08:43.018  2474  2474 D CarrierSvcBindHelper: No carrier app for: 0
09-01 21:08:43.021  1513  1640 I libprocessgroup: Successfully killed process cgroup uid 10260 pid 16929 in 44ms
09-01 21:08:43.032  8777 17702 I EuiccGoogle: [6476] EuiccServiceImpl.onGetEuiccProfileInfoList: onGetEuiccProfileInfoList: slotId = -1
09-01 21:08:43.033  1513  1572 W ActivityManager: setHasOverlayUi called on unknown pid: 16929
09-01 21:08:43.034  8777 17702 W EuiccGoogle: [6476] EuiccServiceImpl.onGetEuiccProfileInfoList: slotId=-1. No eUICC is active. Return null.
09-01 21:08:43.043  3088  3653 I AssistantForeground: (REDACTED) Get launcher package: %s
09-01 21:08:43.046  3135  3135 D RegisteredNfcFServicesCache: Service unchanged, not updating
09-01 21:08:43.049  2158  2158 I WallpaperService: engine resumed
