09-02 03:36:33.003 31087 31087 I LoadedApk: No resource references to update in package com.google.android.trichromelibrary
09-02 03:36:33.003 31087 31087 D NetworkSecurityConfig: Using Network Security Config from resource 0_resource_name_obfuscated debugBuild: false
09-02 03:36:33.004 31087 31087 D NetworkSecurityConfig: Using Network Security Config from resource 0_resource_name_obfuscated debugBuild: false
09-02 03:36:33.006 31087 31087 I cr_SplitCompatApp: Launched version=107.0.5304.91 minSdkVersion=29 isBundle=true processName=com.android.chrome:sandboxed_process0:org.chromium.content.app.SandboxedProcessService0:75 isIsolated=true
09-02 03:36:33.008 31116 31116 E cessService0:7: Not starting debugger since process cannot load the jdwp agent.
09-02 03:36:33.016 28896 28896 D Zygote  : Forked child process 31137
09-02 03:36:33.018 31137 31137 E libc    : SetHeapTaggingLevel: re-enabling tagging after it was disabled is not supported
09-02 03:36:33.018  1513  2905 D CompatibilityChangeReporter: Compat change id reported: 136274596; UID 10220; state: ENABLED
09-02 03:36:33.020  1513  1625 W ActivityManager: Slow operation: 1855ms so far, now at startProcess: returned from zygote!
09-02 03:36:33.021 31087 31087 W SystemServiceRegistry: No service published for: uimode
09-02 03:36:33.021  1513  1625 W ActivityManager: Slow operation: 1857ms so far, now at startProcess: done updating battery stats
09-02 03:36:33.021  1513  1625 W ActivityManager: Slow operation: 1857ms so far, now at startProcess: building log message
09-02 03:36:33.021  1513  1625 I ActivityManager: Start proc 31137:com.android.chrome:sandboxed_process0:org.chromium.content.app.SandboxedProcessService0:77/u0ai77 for  {com.android.chrome/org.chromium.content.app.SandboxedProcessService0:77}
09-02 03:36:33.021  1513  1625 W ActivityManager: Slow operation: 1857ms so far, now at startProcess: starting to update pids map
09-02 03:36:33.022  1513  1625 W ActivityManager: Slow operation: 1857ms so far, now at startProcess: done updating pids map
09-02 03:36:33.022  1513  1625 W ActivityManager: Slow operation: 1836ms so far, now at startProcess: asking zygote to start proc
09-02 03:36:33.022  1513  1625 D CompatibilityChangeReporter: Compat change id reported: 143937733; UID 10220; state: ENABLED
09-02 03:36:33.024 31137 31137 E cessService0:7: Not starting debugger since process cannot load the jdwp agent.
09-02 03:36:33.026 31087 31087 I cr_ChildProcessService: Creating new ChildProcessService pid=31087
09-02 03:36:33.032 31087 31115 I cr_LibraryLoader: Using ModernLinker
09-02 03:36:33.034 31087 31115 W linker  : Warning: "/data/app/~~_KLlx60MH8CoecPTjMKp8g==/com.android.chrome-kw9RHYrlHKb9bPXi8OTClw==/base.apk!/lib/arm64-v8a/libchromium_android_linker.so" unused DT entry: unknown processor-specific (type 0x70000001 arg 0x0) (ignoring)
09-02 03:36:33.035 28896 28896 D Zygote  : Forked child process 31156
09-02 03:36:33.035  1513  1625 W ActivityManager: Slow operation: 1850ms so far, now at startProcess: returned from zygote!
09-02 03:36:33.035  1513  3221 D CompatibilityChangeReporter: Compat change id reported: 136274596; UID 10220; state: ENABLED
09-02 03:36:33.037 31156 31156 E libc    : SetHeapTaggingLevel: re-enabling tagging after it was disabled is not supported
09-02 03:36:33.037  1513  1625 W ActivityManager: Slow operation: 1852ms so far, now at startProcess: done updating battery stats
09-02 03:36:33.037  1513  1625 W ActivityManager: Slow operation: 1852ms so far, now at startProcess: building log message
09-02 03:36:33.037  1513  1625 I ActivityManager: Start proc 31156:com.android.chrome:sandboxed_process0:org.chromium.content.app.SandboxedProcessService0:78/u0ai78 for  {com.android.chrome/org.chromium.content.app.SandboxedProcessService0:78}
09-02 03:36:33.037  1513  1625 W ActivityManager: Slow operation: 1852ms so far, now at startProcess: starting to update pids map
09-02 03:36:33.037  1513  1625 W ActivityManager: Slow operation: 1852ms so far, now at startProcess: done updating pids map
09-02 03:36:33.037  1513  1625 W ActivityManager: Slow operation: 1831ms so far, now at startProcess: asking zygote to start proc
09-02 03:36:33.038  1513  1625 D CompatibilityChangeReporter: Compat change id reported: 143937733; UID 10220; state: ENABLED
09-02 03:36:33.039 31116 31116 I LoadedApk: No resource references to update in package com.google.android.trichromelibrary
09-02 03:36:33.039 31116 31116 D NetworkSecurityConfig: Using Network Security Config from resource 0_resource_name_obfuscated debugBuild: false
09-02 03:36:33.041 31116 31116 D NetworkSecurityConfig: Using Network Security Config from resource 0_resource_name_obfuscated debugBuild: false
09-02 03:36:33.041 31087 31115 E cr_ChromiumAndroidLinker: ReserveAddressWithHint: Address range starting at 0x7a3764d000 was not free to use
09-02 03:36:33.042 31116 31116 I cr_SplitCompatApp: Launched version=107.0.5304.91 minSdkVersion=29 isBundle=true processName=com.android.chrome:sandboxed_process0:org.chromium.content.app.SandboxedProcessService0:76 isIsolated=true
09-02 03:36:33.044 31156 31156 E cessService0:7: Not starting debugger since process cannot load the jdwp agent.
09-02 03:36:33.045 28896 28896 I Zygote  : Process 29246 exited due to signal 9 (Killed)
09-02 03:36:33.048 31087 31154 I cr_LibraryLoader: Successfully loaded native library
09-02 03:36:33.054 28845 28845 I cr_TabWebContentsObs: renderProcessGone() for tab id: 7909, already needs reload: false
09-02 03:36:33.056 28896 28896 D Zygote  : Forked child process 31175
09-02 03:36:33.056  1513  1625 W ActivityManager: Slow operation: 1850ms so far, now at startProcess: returned from zygote!
09-02 03:36:33.062 31175 31175 E libc    : SetHeapTaggingLevel: re-enabling tagging after it was disabled is not supported
09-02 03:36:33.067 31116 31116 W SystemServiceRegistry: No service published for: uimode
09-02 03:36:33.068 31175 31175 E cessService0:7: Not starting debugger since process cannot load the jdwp agent.
09-02 03:36:33.070  1513  1625 W ActivityManager: Slow operation: 1864ms so far, now at startProcess: done updating battery stats
09-02 03:36:33.070  1513  1625 W ActivityManager: Slow operation: 1864ms so far, now at startProcess: building log message
09-02 03:36:33.070  1513  1625 I ActivityManager: Start proc 31175:com.android.chrome:sandboxed_process0:org.chromium.content.app.SandboxedProcessService0:79/u0ai79 for  {com.android.chrome/org.chromium.content.app.SandboxedProcessService0:79}
09-02 03:36:33.070  1513  1625 W ActivityManager: Slow operation: 1864ms so far, now at startProcess: starting to update pids map
09-02 03:36:33.071  1513  1625 W ActivityManager: Slow operation: 1865ms so far, now at startProcess: done updating pids map
09-02 03:36:33.071  1513  1625 W ActivityManager: Slow operation: 1835ms so far, now at startProcess: asking zygote to start proc
09-02 03:36:33.072  1513  3223 D CompatibilityChangeReporter: Compat change id reported: 136274596; UID 10220; state: ENABLED
09-02 03:36:33.074 31137 31137 I LoadedApk: No resource references to update in package com.google.android.trichromelibrary
09-02 03:36:33.075 31137 31137 D NetworkSecurityConfig: Using Network Security Config from resource 0_resource_name_obfuscated debugBuild: false
09-02 03:36:33.075 31116 31116 I cr_ChildProcessService: Creating new ChildProcessService pid=31116
09-02 03:36:33.076 31137 31137 D NetworkSecurityConfig: Using Network Security Config from resource 0_resource_name_obfuscated debugBuild: false
09-02 03:36:33.077 31137 31137 I cr_SplitCompatApp: Launched version=107.0.5304.91 minSdkVersion=29 isBundle=true processName=com.android.chrome:sandboxed_process0:org.chromium.content.app.SandboxedProcessService0:77 isIsolated=true
09-02 03:36:33.080 28896 28896 D Zygote  : Forked child process 31193
09-02 03:36:33.080  1513  1625 W ActivityManager: Slow operation: 1844ms so far, now at startProcess: returned from zygote!
09-02 03:36:33.082 31193 31193 E libc    : SetHeapTaggingLevel: re-enabling tagging after it was disabled is not supported
09-02 03:36:33.085  1513  1625 W ActivityManager: Slow operation: 1849ms so far, now at startProcess: done updating battery stats
09-02 03:36:33.085  1513  1625 W ActivityManager: Slow operation: 1849ms so far, now at startProcess: building log message
09-02 03:36:33.085  1513  1625 I ActivityManager: Start proc 31193:com.android.chrome:sandboxed_process0:org.chromium.content.app.SandboxedProcessService0:80/u0ai80 for  {com.android.chrome/org.chromium.content.app.SandboxedProcessService0:80}
09-02 03:36:33.085  1513  1625 W ActivityManager: Slow operation: 1849ms so far, now at startProcess: starting to update pids map
09-02 03:36:33.086  1513  1625 W ActivityManager: Slow operation: 1850ms so far, now at startProcess: done updating pids map
09-02 03:36:33.087  1513  1625 W ActivityManager: Slow operation: 1819ms so far, now at startProcess: asking zygote to start proc
09-02 03:36:33.087  1513  1625 D CompatibilityChangeReporter: Compat change id reported: 143937733; UID 10220; state: ENABLED
09-02 03:36:33.089 31116 31135 I cr_LibraryLoader: Using ModernLinker
09-02 03:36:33.090 31116 31135 W linker  : Warning: "/data/app/~~_KLlx60MH8CoecPTjMKp8g==/com.android.chrome-kw9RHYrlHKb9bPXi8OTClw==/base.apk!/lib/arm64-v8a/libchromium_android_linker.so" unused DT entry: unknown processor-specific (type 0x70000001 arg 0x0) (ignoring)
09-02 03:36:33.091 31137 31137 W SystemServiceRegistry: No service published for: uimode
09-02 03:36:33.093  1513  3233 D CompatibilityChangeReporter: Compat change id reported: 136274596; UID 10220; state: ENABLED
09-02 03:36:33.094 31087 31154 I cr_CachingUmaRecorder: Flushed 3 samples from 3 histograms.
09-02 03:36:33.101 28896 28896 D Zygote  : Forked child process 31205
09-02 03:36:33.102  1513  1625 W ActivityManager: Slow operation: 1834ms so far, now at startProcess: returned from zygote!
09-02 03:36:33.102  1513  1625 W ActivityManager: Slow operation: 1835ms so far, now at startProcess: done updating battery stats
09-02 03:36:33.102  1513  1625 W ActivityManager: Slow operation: 1835ms so far, now at startProcess: building log message
09-02 03:36:33.102  1513  1625 I ActivityManager: Start proc 31205:com.android.chrome:sandboxed_process0:org.chromium.content.app.SandboxedProcessService0:81/u0ai81 for  {com.android.chrome/org.chromium.content.app.SandboxedProcessService0:81}
09-02 03:36:33.102  1513  1625 W ActivityManager: Slow operation: 1835ms so far, now at startProcess: starting to update pids map
09-02 03:36:33.102  1513  1625 W ActivityManager: Slow operation: 1835ms so far, now at startProcess: done updating pids map
09-02 03:36:33.102  1513  1625 W ActivityManager: Slow operation: 1820ms so far, now at startProcess: asking zygote to start proc
09-02 03:36:33.102  1513  1625 D CompatibilityChangeReporter: Compat change id reported: 143937733; UID 10220; state: ENABLED
09-02 03:36:33.103 31205 31205 E libc    : SetHeapTaggingLevel: re-enabling tagging after it was disabled is not supported
09-02 03:36:33.105 31193 31193 E cessService0:8: Not starting debugger since process cannot load the jdwp agent.
09-02 03:36:33.107 31205 31205 E cessService0:8: Not starting debugger since process cannot load the jdwp agent.
09-02 03:36:33.111 31137 31137 I cr_ChildProcessService: Creating new ChildProcessService pid=31137
09-02 03:36:33.111   901  2806 I sensors-hal: [ssc_utils]get_qmi_debug_flag:244, support_qmi_debug : false
09-02 03:36:33.115 31137 31174 I cr_LibraryLoader: Using ModernLinker
09-02 03:36:33.116 31137 31174 W linker  : Warning: "/data/app/~~_KLlx60MH8CoecPTjMKp8g==/com.android.chrome-kw9RHYrlHKb9bPXi8OTClw==/base.apk!/lib/arm64-v8a/libchromium_android_linker.so" unused DT entry: unknown processor-specific (type 0x70000001 arg 0x0) (ignoring)
09-02 03:36:33.116 31156 31156 I LoadedApk: No resource references to update in package com.google.android.trichromelibrary
09-02 03:36:33.116 31137 31174 E cr_ChromiumAndroidLinker: ReserveAddressWithHint: Address range starting at 0x7a3764d000 was not free to use
09-02 03:36:33.117 31156 31156 D NetworkSecurityConfig: Using Network Security Config from resource 0_resource_name_obfuscated debugBuild: false
09-02 03:36:33.118 31156 31156 D NetworkSecurityConfig: Using Network Security Config from resource 0_resource_name_obfuscated debugBuild: false
09-02 03:36:33.119 31156 31156 I cr_SplitCompatApp: Launched version=107.0.5304.91 minSdkVersion=29 isBundle=true processName=com.android.chrome:sandboxed_process0:org.chromium.content.app.SandboxedProcessService0:78 isIsolated=true
09-02 03:36:33.120 28896 28896 D Zygote  : Forked child process 31232
09-02 03:36:33.122  1513  1625 W ActivityManager: Slow operation: 1839ms so far, now at startProcess: returned from zygote!
09-02 03:36:33.123  1513  3221 D CompatibilityChangeReporter: Compat change id reported: 136274596; UID 10220; state: ENABLED
09-02 03:36:33.123 31137 31227 I cr_LibraryLoader: Successfully loaded native library
09-02 03:36:33.123 31137 31227 I cr_CachingUmaRecorder: Flushed 3 samples from 3 histograms.
09-02 03:36:33.127 31232 31232 E libc    : SetHeapTaggingLevel: re-enabling tagging after it was disabled is not supported
09-02 03:36:33.128   901  1000 W ASH     : @ 63779.579: Unhandled msg ID 999: line 1277
09-02 03:36:33.128   901  1000 E ASH     : @ 63779.579: No pb callback assigned
09-02 03:36:33.128   901  1000 E ASH     : @ 63779.579: Nanopb error: callback failed:1588
09-02 03:36:33.129  1513  1625 W ActivityManager: Slow operation: 1847ms so far, now at startProcess: done updating battery stats
09-02 03:36:33.130  1513  1625 W ActivityManager: Slow operation: 1847ms so far, now at startProcess: building log message
09-02 03:36:33.130  1513  1625 I ActivityManager: Start proc 31232:com.android.chrome:sandboxed_process0:org.chromium.content.app.SandboxedProcessService0:82/u0ai82 for  {com.android.chrome/org.chromium.content.app.SandboxedProcessService0:82}
09-02 03:36:33.130  1513  1625 W ActivityManager: Slow operation: 1847ms so far, now at startProcess: starting to update pids map
09-02 03:36:33.130  1513  1625 W ActivityManager: Slow operation: 1847ms so far, now at startProcess: done updating pids map
09-02 03:36:33.130  1513  1625 W ActivityManager: Slow operation: 1811ms so far, now at startProcess: asking zygote to start proc
09-02 03:36:33.130  1513  1625 D CompatibilityChangeReporter: Compat change id reported: 143937733; UID 10220; state: ENABLED
09-02 03:36:33.135 31232 31232 E cessService0:8: Not starting debugger since process cannot load the jdwp agent.
09-02 03:36:33.141 28896 28896 D Zygote  : Forked child process 31251
09-02 03:36:33.141  1513  1625 W ActivityManager: Slow operation: 1823ms so far, now at startProcess: returned from zygote!
09-02 03:36:33.141  1513  1625 W ActivityManager: Slow operation: 1823ms so far, now at startProcess: done updating battery stats
09-02 03:36:33.141  1513  1625 W ActivityManager: Slow operation: 1823ms so far, now at startProcess: building log message
09-02 03:36:33.141  1513  1625 I ActivityManager: Start proc 31251:com.android.chrome:sandboxed_process0:org.chromium.content.app.SandboxedProcessService0:83/u0ai83 for  {com.android.chrome/org.chromium.content.app.SandboxedProcessService0:83}
09-02 03:36:33.141  1513  1625 W ActivityManager: Slow operation: 1823ms so far, now at startProcess: starting to update pids map
09-02 03:36:33.142  1513  1625 W ActivityManager: Slow operation: 1823ms so far, now at startProcess: done updating pids map
09-02 03:36:33.142  1513  1625 W ActivityManager: Slow operation: 1814ms so far, now at startProcess: asking zygote to start proc
09-02 03:36:33.143 31251 31251 E libc    : SetHeapTaggingLevel: re-enabling tagging after it was disabled is not supported
09-02 03:36:33.146 31156 31156 W SystemServiceRegistry: No service published for: uimode
09-02 03:36:33.146  1513  4617 D CompatibilityChangeReporter: Compat change id reported: 136274596; UID 10220; state: ENABLED
09-02 03:36:33.152  1513  3221 D CompatibilityChangeReporter: Compat change id reported: 136274596; UID 10220; state: ENABLED
09-02 03:36:33.154 31156 31156 I cr_ChildProcessService: Creating new ChildProcessService pid=31156
09-02 03:36:33.157 31205 31205 I LoadedApk: No resource references to update in package com.google.android.trichromelibrary
09-02 03:36:33.158 31205 31205 D NetworkSecurityConfig: Using Network Security Config from resource 0_resource_name_obfuscated debugBuild: false
09-02 03:36:33.158 28896 28896 D Zygote  : Forked child process 31267
09-02 03:36:33.159 31175 31175 I LoadedApk: No resource references to update in package com.google.android.trichromelibrary
09-02 03:36:33.159 31205 31205 D NetworkSecurityConfig: Using Network Security Config from resource 0_resource_name_obfuscated debugBuild: false
09-02 03:36:33.159  1513  1625 W ActivityManager: Slow operation: 1832ms so far, now at startProcess: returned from zygote!
09-02 03:36:33.160  1513  1625 W ActivityManager: Slow operation: 1832ms so far, now at startProcess: done updating battery stats
09-02 03:36:33.160 31175 31175 D NetworkSecurityConfig: Using Network Security Config from resource 0_resource_name_obfuscated debugBuild: false
09-02 03:36:33.160  1513  1625 W ActivityManager: Slow operation: 1832ms so far, now at startProcess: building log message
09-02 03:36:33.160  1513  1625 I ActivityManager: Start proc 31267:com.android.chrome:sandboxed_process0:org.chromium.content.app.SandboxedProcessService0:84/u0ai84 for  {com.android.chrome/org.chromium.content.app.SandboxedProcessService0:84}
09-02 03:36:33.160  1513  1625 W ActivityManager: Slow operation: 1832ms so far, now at startProcess: starting to update pids map
09-02 03:36:33.160  1513  1625 W ActivityManager: Slow operation: 1832ms so far, now at startProcess: done updating pids map
09-02 03:36:33.160  1513  1625 W ActivityManager: Slow operation: 1811ms so far, now at startProcess: asking zygote to start proc
09-02 03:36:33.160  1513  1625 D CompatibilityChangeReporter: Compat change id reported: 143937733; UID 10220; state: ENABLED
09-02 03:36:33.160 31251 31251 E cessService0:8: Not starting debugger since process cannot load the jdwp agent.
09-02 03:36:33.161 31175 31175 D NetworkSecurityConfig: Using Network Security Config from resource 0_resource_name_obfuscated debugBuild: false
09-02 03:36:33.162 31175 31175 I cr_SplitCompatApp: Launched version=107.0.5304.91 minSdkVersion=29 isBundle=true processName=com.android.chrome:sandboxed_process0:org.chromium.content.app.SandboxedProcessService0:79 isIsolated=true
09-02 03:36:33.162 31267 31267 E libc    : SetHeapTaggingLevel: re-enabling tagging after it was disabled is not supported
09-02 03:36:33.166 31156 31190 I cr_LibraryLoader: Using ModernLinker
09-02 03:36:33.167 31156 31190 W linker  : Warning: "/data/app/~~_KLlx60MH8CoecPTjMKp8g==/com.android.chrome-kw9RHYrlHKb9bPXi8OTClw==/base.apk!/lib/arm64-v8a/libchromium_android_linker.so" unused DT entry: unknown processor-specific (type 0x70000001 arg 0x0) (ignoring)
09-02 03:36:33.168 31156 31190 E cr_ChromiumAndroidLinker: ReserveAddressWithHint: Address range starting at 0x7a3764d000 was not free to use
09-02 03:36:33.171 31267 31267 E cessService0:8: Not starting debugger since process cannot load the jdwp agent.
09-02 03:36:33.176 31156 31264 I cr_LibraryLoader: Successfully loaded native library
09-02 03:36:33.177 31175 31175 W SystemServiceRegistry: No service published for: uimode
09-02 03:36:33.177 31156 31264 I cr_CachingUmaRecorder: Flushed 3 samples from 3 histograms.
09-02 03:36:33.178 31205 31205 I cr_SplitCompatApp: Launched version=107.0.5304.91 minSdkVersion=29 isBundle=true processName=com.android.chrome:sandboxed_process0:org.chromium.content.app.SandboxedProcessService0:81 isIsolated=true
09-02 03:36:33.185   901  2806 I sensors-hal: [ssc_utils]get_qmi_debug_flag:244, support_qmi_debug : false
09-02 03:36:33.187 31193 31193 I LoadedApk: No resource references to update in package com.google.android.trichromelibrary
09-02 03:36:33.187 31175 31175 I cr_ChildProcessService: Creating new ChildProcessService pid=31175
09-02 03:36:33.187 31193 31193 D NetworkSecurityConfig: Using Network Security Config from resource 0_resource_name_obfuscated debugBuild: false
09-02 03:36:33.188 31193 31193 D NetworkSecurityConfig: Using Network Security Config from resource 0_resource_name_obfuscated debugBuild: false
09-02 03:36:33.191 28896 28896 D Zygote  : Forked child process 31296
09-02 03:36:33.191  1513  1625 W ActivityManager: Slow operation: 1843ms so far, now at startProcess: returned from zygote!
09-02 03:36:33.192 31205 31205 W SystemServiceRegistry: No service published for: uimode
09-02 03:36:33.193  1513  3221 D CompatibilityChangeReporter: Compat change id reported: 136274596; UID 10220; state: ENABLED
09-02 03:36:33.194 31296 31296 E libc    : SetHeapTaggingLevel: re-enabling tagging after it was disabled is not supported
09-02 03:36:33.195 31232 31232 I LoadedApk: No resource references to update in package com.google.android.trichromelibrary
09-02 03:36:33.196 31232 31232 D NetworkSecurityConfig: Using Network Security Config from resource 0_resource_name_obfuscated debugBuild: false
09-02 03:36:33.197 31232 31232 D NetworkSecurityConfig: Using Network Security Config from resource 0_resource_name_obfuscated debugBuild: false
09-02 03:36:33.197 31205 31205 I cr_ChildProcessService: Creating new ChildProcessService pid=31205
09-02 03:36:33.199 31193 31193 I cr_SplitCompatApp: Launched version=107.0.5304.91 minSdkVersion=29 isBundle=true processName=com.android.chrome:sandboxed_process0:org.chromium.content.app.SandboxedProcessService0:80 isIsolated=true
09-02 03:36:33.199 31232 31232 I cr_SplitCompatApp: Launched version=107.0.5304.91 minSdkVersion=29 isBundle=true processName=com.android.chrome:sandboxed_process0:org.chromium.content.app.SandboxedProcessService0:82 isIsolated=true
09-02 03:36:33.202  1513  3246 D CompatibilityChangeReporter: Compat change id reported: 136274596; UID 10220; state: ENABLED
09-02 03:36:33.205  1513  1625 W ActivityManager: Slow operation: 1857ms so far, now at startProcess: done updating battery stats
09-02 03:36:33.206  1513  1625 W ActivityManager: Slow operation: 1857ms so far, now at startProcess: building log message
09-02 03:36:33.206  1513  1625 I ActivityManager: Start proc 31296:com.android.chrome:sandboxed_process0:org.chromium.content.app.SandboxedProcessService0:85/u0ai85 for  {com.android.chrome/org.chromium.content.app.SandboxedProcessService0:85}
09-02 03:36:33.206  1513  1625 W ActivityManager: Slow operation: 1857ms so far, now at startProcess: starting to update pids map
09-02 03:36:33.206  1513  1625 W ActivityManager: Slow operation: 1857ms so far, now at startProcess: done updating pids map
09-02 03:36:33.206  1513  1625 W ActivityManager: Slow operation: 1832ms so far, now at startProcess: asking zygote to start proc
09-02 03:36:33.206  1513  1625 D CompatibilityChangeReporter: Compat change id reported: 143937733; UID 10220; state: ENABLED
09-02 03:36:33.210 31175 31216 I cr_LibraryLoader: Using ModernLinker
09-02 03:36:33.210   901  1000 W ASH     : @ 63779.658: Unhandled msg ID 999: line 1277
09-02 03:36:33.210   901  1000 E ASH     : @ 63779.658: No pb callback assigned
09-02 03:36:33.210   901  1000 E ASH     : @ 63779.658: Nanopb error: callback failed:1588
09-02 03:36:33.211 31175 31216 W linker  : Warning: "/data/app/~~_KLlx60MH8CoecPTjMKp8g==/com.android.chrome-kw9RHYrlHKb9bPXi8OTClw==/base.apk!/lib/arm64-v8a/libchromium_android_linker.so" unused DT entry: unknown processor-specific (type 0x70000001 arg 0x0) (ignoring)
09-02 03:36:33.215 31205 31231 I cr_LibraryLoader: Using ModernLinker
09-02 03:36:33.216 31205 31231 W linker  : Warning: "/data/app/~~_KLlx60MH8CoecPTjMKp8g==/com.android.chrome-kw9RHYrlHKb9bPXi8OTClw==/base.apk!/lib/arm64-v8a/libchromium_android_linker.so" unused DT entry: unknown processor-specific (type 0x70000001 arg 0x0) (ignoring)
09-02 03:36:33.216 31193 31193 W SystemServiceRegistry: No service published for: uimode
09-02 03:36:33.216 31251 31251 I LoadedApk: No resource references to update in package com.google.android.trichromelibrary
09-02 03:36:33.216 31205 31231 E cr_ChromiumAndroidLinker: ReserveAddressWithHint: Address range starting at 0x7a3764d000 was not free to use
09-02 03:36:33.216 31251 31251 D NetworkSecurityConfig: Using Network Security Config from resource 0_resource_name_obfuscated debugBuild: false
09-02 03:36:33.217 31251 31251 D NetworkSecurityConfig: Using Network Security Config from resource 0_resource_name_obfuscated debugBuild: false
09-02 03:36:33.219 31251 31251 I cr_SplitCompatApp: Launched version=107.0.5304.91 minSdkVersion=29 isBundle=true processName=com.android.chrome:sandboxed_process0:org.chromium.content.app.SandboxedProcessService0:83 isIsolated=true
09-02 03:36:33.222 31296 31296 E cessService0:8: Not starting debugger since process cannot load the jdwp agent.
09-02 03:36:33.223 31175 31294 I cr_LibraryLoader: Successfully loaded native library
09-02 03:36:33.225 31175 31294 I cr_CachingUmaRecorder: Flushed 3 samples from 3 histograms.
09-02 03:36:33.227 31205 31305 I cr_LibraryLoader: Successfully loaded native library
09-02 03:36:33.231 28896 28896 D Zygote  : Forked child process 31329
09-02 03:36:33.232  1513  1625 W ActivityManager: Slow operation: 1857ms so far, now at startProcess: returned from zygote!
09-02 03:36:33.232  1513  1625 W ActivityManager: Slow operation: 1857ms so far, now at startProcess: done updating battery stats
09-02 03:36:33.232  1513  1625 W ActivityManager: Slow operation: 1857ms so far, now at startProcess: building log message
09-02 03:36:33.232  1513  1625 I ActivityManager: Start proc 31329:com.android.chrome:sandboxed_process0:org.chromium.content.app.SandboxedProcessService0:86/u0ai86 for  {com.android.chrome/org.chromium.content.app.SandboxedProcessService0:86}
09-02 03:36:33.232  1513  1625 W ActivityManager: Slow operation: 1857ms so far, now at startProcess: starting to update pids map
09-02 03:36:33.232  1513  1625 W ActivityManager: Slow operation: 1858ms so far, now at startProcess: done updating pids map
09-02 03:36:33.232  1513  1625 W ActivityManager: Slow operation: 1833ms so far, now at startProcess: asking zygote to start proc
09-02 03:36:33.236 31193 31193 I cr_ChildProcessService: Creating new ChildProcessService pid=31193
09-02 03:36:33.240 31267 31267 I LoadedApk: No resource references to update in package com.google.android.trichromelibrary
09-02 03:36:33.240 31267 31267 D NetworkSecurityConfig: Using Network Security Config from resource 0_resource_name_obfuscated debugBuild: false
09-02 03:36:33.241 31267 31267 D NetworkSecurityConfig: Using Network Security Config from resource 0_resource_name_obfuscated debugBuild: false
09-02 03:36:33.242 28896 28896 I Zygote  : Process 29384 exited due to signal 9 (Killed)
09-02 03:36:33.242 31193 31230 I cr_LibraryLoader: Using ModernLinker
09-02 03:36:33.243 31267 31267 I cr_SplitCompatApp: Launched version=107.0.5304.91 minSdkVersion=29 isBundle=true processName=com.android.chrome:sandboxed_process0:org.chromium.content.app.SandboxedProcessService0:84 isIsolated=true
09-02 03:36:33.243 28845 28845 I cr_TabWebContentsObs: renderProcessGone() for tab id: 7914, already needs reload: false
09-02 03:36:33.245 28896 28896 I Zygote  : Process 29085 exited due to signal 9 (Killed)
09-02 03:36:33.245 31193 31230 W linker  : Warning: "/data/app/~~_KLlx60MH8CoecPTjMKp8g==/com.android.chrome-kw9RHYrlHKb9bPXi8OTClw==/base.apk!/lib/arm64-v8a/libchromium_android_linker.so" unused DT entry: unknown processor-specific (type 0x70000001 arg 0x0) (ignoring)
09-02 03:36:33.247 31329 31329 E libc    : SetHeapTaggingLevel: re-enabling tagging after it was disabled is not supported
09-02 03:36:33.248 31232 31232 W SystemServiceRegistry: No service published for: uimode
09-02 03:36:33.249 31251 31251 W SystemServiceRegistry: No service published for: uimode
09-02 03:36:33.250   901  1000 I ASH     : @ 63779.699: tcs3701: ADC is saturated, removed sample from FIFO.
09-02 03:36:33.250 28845 28845 I cr_TabWebContentsObs: renderProcessGone() for tab id: 7903, already needs reload: false
09-02 03:36:33.253 31329 31329 E cessService0:8: Not starting debugger since process cannot load the jdwp agent.
09-02 03:36:33.258 31251 31251 I cr_ChildProcessService: Creating new ChildProcessService pid=31251
09-02 03:36:33.261 31232 31232 I cr_ChildProcessService: Creating new ChildProcessService pid=31232
09-02 03:36:33.261 31267 31267 W SystemServiceRegistry: No service published for: uimode
09-02 03:36:33.262 28896 28896 D Zygote  : Forked child process 31357
09-02 03:36:33.266 31193 31334 I cr_LibraryLoader: Successfully loaded native library
09-02 03:36:33.266 31193 31334 I cr_CachingUmaRecorder: Flushed 3 samples from 3 histograms.
09-02 03:36:33.268 31267 31267 I cr_ChildProcessService: Creating new ChildProcessService pid=31267
09-02 03:36:33.268 31357 31357 E libc    : SetHeapTaggingLevel: re-enabling tagging after it was disabled is not supported
09-02 03:36:33.268  1513  1625 W ActivityManager: Slow operation: 1869ms so far, now at startProcess: returned from zygote!
09-02 03:36:33.272 31357 31357 E cessService0:8: Not starting debugger since process cannot load the jdwp agent.
09-02 03:36:33.281  1513  4617 D CompatibilityChangeReporter: Compat change id reported: 136274596; UID 10220; state: ENABLED
09-02 03:36:33.290  1513  7910 D CompatibilityChangeReporter: Compat change id reported: 136274596; UID 10220; state: ENABLED
09-02 03:36:33.291  1513  1625 W ActivityManager: Slow operation: 1892ms so far, now at startProcess: done updating battery stats
09-02 03:36:33.291  1513  1625 W ActivityManager: Slow operation: 1892ms so far, now at startProcess: building log message
09-02 03:36:33.291  1513  1625 I ActivityManager: Start proc 31357:com.android.chrome:sandboxed_process0:org.chromium.content.app.SandboxedProcessService0:87/u0ai87 for  {com.android.chrome/org.chromium.content.app.SandboxedProcessService0:87}
09-02 03:36:33.291  1513  1625 W ActivityManager: Slow operation: 1892ms so far, now at startProcess: starting to update pids map
09-02 03:36:33.291  1513  1625 W ActivityManager: Slow operation: 1892ms so far, now at startProcess: done updating pids map
09-02 03:36:33.292  1513  1625 W ActivityManager: Slow operation: 1872ms so far, now at startProcess: asking zygote to start proc
09-02 03:36:33.292  1513  1625 D CompatibilityChangeReporter: Compat change id reported: 143937733; UID 10220; state: ENABLED
09-02 03:36:33.293 31116 31191 I cr_LibraryLoader: Successfully loaded native library
09-02 03:36:33.294  1513  3221 D CompatibilityChangeReporter: Compat change id reported: 136274596; UID 10220; state: ENABLED
09-02 03:36:33.294 31116 31191 I cr_CachingUmaRecorder: Flushed 3 samples from 3 histograms.
09-02 03:36:33.303 31232 31265 I cr_LibraryLoader: Using ModernLinker
09-02 03:36:33.307 31267 31309 I cr_LibraryLoader: Using ModernLinker
09-02 03:36:33.307 31232 31265 W linker  : Warning: "/data/app/~~_KLlx60MH8CoecPTjMKp8g==/com.android.chrome-kw9RHYrlHKb9bPXi8OTClw==/base.apk!/lib/arm64-v8a/libchromium_android_linker.so" unused DT entry: unknown processor-specific (type 0x70000001 arg 0x0) (ignoring)
09-02 03:36:33.309 31251 31278 I cr_LibraryLoader: Using ModernLinker
09-02 03:36:33.309 31267 31309 W linker  : Warning: "/data/app/~~_KLlx60MH8CoecPTjMKp8g==/com.android.chrome-kw9RHYrlHKb9bPXi8OTClw==/base.apk!/lib/arm64-v8a/libchromium_android_linker.so" unused DT entry: unknown processor-specific (type 0x70000001 arg 0x0) (ignoring)
09-02 03:36:33.310 28896 28896 D Zygote  : Forked child process 31398
09-02 03:36:33.311 31267 31309 E cr_ChromiumAndroidLinker: ReserveAddressWithHint: Address range starting at 0x7a3764d000 was not free to use
09-02 03:36:33.311 31205 31305 I cr_CachingUmaRecorder: Flushed 3 samples from 3 histograms.
09-02 03:36:33.311  1513  1625 W ActivityManager: Slow operation: 1891ms so far, now at startProcess: returned from zygote!
09-02 03:36:33.311  1513  1625 W ActivityManager: Slow operation: 1892ms so far, now at startProcess: done updating battery stats
09-02 03:36:33.311  1513  1625 W ActivityManager: Slow operation: 1892ms so far, now at startProcess: building log message
09-02 03:36:33.311  1513  1625 I ActivityManager: Start proc 31398:com.android.chrome:sandboxed_process0:org.chromium.content.app.SandboxedProcessService0:88/u0ai88 for  {com.android.chrome/org.chromium.content.app.SandboxedProcessService0:88}
09-02 03:36:33.311  1513  1625 W ActivityManager: Slow operation: 1892ms so far, now at startProcess: starting to update pids map
09-02 03:36:33.311  1513  1625 W ActivityManager: Slow operation: 1892ms so far, now at startProcess: done updating pids map
09-02 03:36:33.311  1513  1625 W ActivityManager: Slow operation: 1849ms so far, now at startProcess: asking zygote to start proc
09-02 03:36:33.311 31251 31278 W linker  : Warning: "/data/app/~~_KLlx60MH8CoecPTjMKp8g==/com.android.chrome-kw9RHYrlHKb9bPXi8OTClw==/base.apk!/lib/arm64-v8a/libchromium_android_linker.so" unused DT entry: unknown processor-specific (type 0x70000001 arg 0x0) (ignoring)
09-02 03:36:33.311  1513  1625 D CompatibilityChangeReporter: Compat change id reported: 143937733; UID 10220; state: ENABLED
09-02 03:36:33.312 31251 31278 E cr_ChromiumAndroidLinker: ReserveAddressWithHint: Address range starting at 0x7a3764d000 was not free to use
09-02 03:36:33.313 31398 31398 E libc    : SetHeapTaggingLevel: re-enabling tagging after it was disabled is not supported
09-02 03:36:33.314 31232 31265 E cr_ChromiumAndroidLinker: ReserveAddressWithHint: Address range starting at 0x7a3764d000 was not free to use
09-02 03:36:33.315 31267 31366 I cr_LibraryLoader: Successfully loaded native library
09-02 03:36:33.315 31267 31366 I cr_CachingUmaRecorder: Flushed 3 samples from 3 histograms.
09-02 03:36:33.320 31251 31355 I cr_LibraryLoader: Successfully loaded native library
09-02 03:36:33.322 31251 31355 I cr_CachingUmaRecorder: Flushed 3 samples from 3 histograms.
09-02 03:36:33.323 31232 31356 I cr_LibraryLoader: Successfully loaded native library
09-02 03:36:33.325 31232 31356 I cr_CachingUmaRecorder: Flushed 3 samples from 3 histograms.
09-02 03:36:33.329 31398 31398 E cessService0:8: Not starting debugger since process cannot load the jdwp agent.
09-02 03:36:33.329 31329 31329 I LoadedApk: No resource references to update in package com.google.android.trichromelibrary
09-02 03:36:33.329 31329 31329 D NetworkSecurityConfig: Using Network Security Config from resource 0_resource_name_obfuscated debugBuild: false
09-02 03:36:33.330 31329 31329 D NetworkSecurityConfig: Using Network Security Config from resource 0_resource_name_obfuscated debugBuild: false
09-02 03:36:33.332 31329 31329 I cr_SplitCompatApp: Launched version=107.0.5304.91 minSdkVersion=29 isBundle=true processName=com.android.chrome:sandboxed_process0:org.chromium.content.app.SandboxedProcessService0:86 isIsolated=true
09-02 03:36:33.336 31296 31296 I LoadedApk: No resource references to update in package com.google.android.trichromelibrary
09-02 03:36:33.337  1513  3233 D CompatibilityChangeReporter: Compat change id reported: 136274596; UID 10220; state: ENABLED
09-02 03:36:33.337 31296 31296 D NetworkSecurityConfig: Using Network Security Config from resource 0_resource_name_obfuscated debugBuild: false
09-02 03:36:33.337 31296 31296 D NetworkSecurityConfig: Using Network Security Config from resource 0_resource_name_obfuscated debugBuild: false
09-02 03:36:33.338 31296 31296 I cr_SplitCompatApp: Launched version=107.0.5304.91 minSdkVersion=29 isBundle=true processName=com.android.chrome:sandboxed_process0:org.chromium.content.app.SandboxedProcessService0:85 isIsolated=true
09-02 03:36:33.340 28896 28896 D Zygote  : Forked child process 31417
09-02 03:36:33.343  1513  1625 W ActivityManager: Slow operation: 1881ms so far, now at startProcess: returned from zygote!
09-02 03:36:33.343  1513  1625 W ActivityManager: Slow operation: 1881ms so far, now at startProcess: done updating battery stats
09-02 03:36:33.343  1513  1625 W ActivityManager: Slow operation: 1881ms so far, now at startProcess: building log message
09-02 03:36:33.343  1513  1625 I ActivityManager: Start proc 31417:com.android.chrome:sandboxed_process0:org.chromium.content.app.SandboxedProcessService0:89/u0ai89 for  {com.android.chrome/org.chromium.content.app.SandboxedProcessService0:89}
09-02 03:36:33.344  1513  1625 W ActivityManager: Slow operation: 1881ms so far, now at startProcess: starting to update pids map
09-02 03:36:33.344 31296 31296 W SystemServiceRegistry: No service published for: uimode
09-02 03:36:33.344  1513  1625 W ActivityManager: Slow operation: 1881ms so far, now at startProcess: done updating pids map
09-02 03:36:33.344  1513  1625 W ActivityManager: Slow operation: 1873ms so far, now at startProcess: asking zygote to start proc
09-02 03:36:33.344  1513  1625 D CompatibilityChangeReporter: Compat change id reported: 143937733; UID 10220; state: ENABLED
09-02 03:36:33.344 31417 31417 E libc    : SetHeapTaggingLevel: re-enabling tagging after it was disabled is not supported
09-02 03:36:33.345 31357 31357 I LoadedApk: No resource references to update in package com.google.android.trichromelibrary
09-02 03:36:33.345 31357 31357 D NetworkSecurityConfig: Using Network Security Config from resource 0_resource_name_obfuscated debugBuild: false
09-02 03:36:33.346 31357 31357 D NetworkSecurityConfig: Using Network Security Config from resource 0_resource_name_obfuscated debugBuild: false
09-02 03:36:33.347 31329 31329 W SystemServiceRegistry: No service published for: uimode
09-02 03:36:33.347 31357 31357 I cr_SplitCompatApp: Launched version=107.0.5304.91 minSdkVersion=29 isBundle=true processName=com.android.chrome:sandboxed_process0:org.chromium.content.app.SandboxedProcessService0:87 isIsolated=true
09-02 03:36:33.348 31417 31417 E cessService0:8: Not starting debugger since process cannot load the jdwp agent.
09-02 03:36:33.349 31296 31296 I cr_ChildProcessService: Creating new ChildProcessService pid=31296
09-02 03:36:33.353 31296 31387 I cr_LibraryLoader: Using ModernLinker
09-02 03:36:33.354 31296 31387 W linker  : Warning: "/data/app/~~_KLlx60MH8CoecPTjMKp8g==/com.android.chrome-kw9RHYrlHKb9bPXi8OTClw==/base.apk!/lib/arm64-v8a/libchromium_android_linker.so" unused DT entry: unknown processor-specific (type 0x70000001 arg 0x0) (ignoring)
09-02 03:36:33.354 31329 31329 I cr_ChildProcessService: Creating new ChildProcessService pid=31329
09-02 03:36:33.354 31296 31387 E cr_ChromiumAndroidLinker: ReserveAddressWithHint: Address range starting at 0x7a3764d000 was not free to use
09-02 03:36:33.357  1513  3221 D CompatibilityChangeReporter: Compat change id reported: 136274596; UID 10220; state: ENABLED
09-02 03:36:33.357 31296 31432 I cr_LibraryLoader: Successfully loaded native library
09-02 03:36:33.359 31296 31432 I cr_CachingUmaRecorder: Flushed 3 samples from 3 histograms.
09-02 03:36:33.361 28896 28896 D Zygote  : Forked child process 31439
09-02 03:36:33.362  1513  1625 W ActivityManager: Slow operation: 1892ms so far, now at startProcess: returned from zygote!
09-02 03:36:33.365 31357 31357 W SystemServiceRegistry: No service published for: uimode
09-02 03:36:33.366  1513  1625 W ActivityManager: Slow operation: 1896ms so far, now at startProcess: done updating battery stats
09-02 03:36:33.366  1513  1625 W ActivityManager: Slow operation: 1896ms so far, now at startProcess: building log message
09-02 03:36:33.366  1513  1625 I ActivityManager: Start proc 31439:com.android.chrome:sandboxed_process0:org.chromium.content.app.SandboxedProcessService0:90/u0ai90 for  {com.android.chrome/org.chromium.content.app.SandboxedProcessService0:90}
09-02 03:36:33.366  1513  1625 W ActivityManager: Slow operation: 1896ms so far, now at startProcess: starting to update pids map
09-02 03:36:33.366  1513  1625 W ActivityManager: Slow operation: 1896ms so far, now at startProcess: done updating pids map
09-02 03:36:33.366  1513  1625 W ActivityManager: Slow operation: 1884ms so far, now at startProcess: asking zygote to start proc
09-02 03:36:33.366  1513  1625 D CompatibilityChangeReporter: Compat change id reported: 143937733; UID 10220; state: ENABLED
09-02 03:36:33.368 31439 31439 E libc    : SetHeapTaggingLevel: re-enabling tagging after it was disabled is not supported
09-02 03:36:33.368 31329 31390 I cr_LibraryLoader: Using ModernLinker
09-02 03:36:33.371 31329 31390 W linker  : Warning: "/data/app/~~_KLlx60MH8CoecPTjMKp8g==/com.android.chrome-kw9RHYrlHKb9bPXi8OTClw==/base.apk!/lib/arm64-v8a/libchromium_android_linker.so" unused DT entry: unknown processor-specific (type 0x70000001 arg 0x0) (ignoring)
09-02 03:36:33.371 31357 31357 I cr_ChildProcessService: Creating new ChildProcessService pid=31357
09-02 03:36:33.372 31439 31439 E cessService0:9: Not starting debugger since process cannot load the jdwp agent.
09-02 03:36:33.372 31329 31390 E cr_ChromiumAndroidLinker: ReserveAddressWithHint: Address range starting at 0x7a3764d000 was not free to use
09-02 03:36:33.376 31329 31437 I cr_LibraryLoader: Successfully loaded native library
09-02 03:36:33.376 31329 31437 I cr_CachingUmaRecorder: Flushed 3 samples from 3 histograms.
09-02 03:36:33.381 31357 31394 I cr_LibraryLoader: Using ModernLinker
09-02 03:36:33.382 31398 31398 I LoadedApk: No resource references to update in package com.google.android.trichromelibrary
09-02 03:36:33.382 31357 31394 W linker  : Warning: "/data/app/~~_KLlx60MH8CoecPTjMKp8g==/com.android.chrome-kw9RHYrlHKb9bPXi8OTClw==/base.apk!/lib/arm64-v8a/libchromium_android_linker.so" unused DT entry: unknown processor-specific (type 0x70000001 arg 0x0) (ignoring)
09-02 03:36:33.382 31357 31394 E cr_ChromiumAndroidLinker: ReserveAddressWithHint: Address range starting at 0x7a3764d000 was not free to use
09-02 03:36:33.382 31398 31398 D NetworkSecurityConfig: Using Network Security Config from resource 0_resource_name_obfuscated debugBuild: false
09-02 03:36:33.382  1513  3233 D CompatibilityChangeReporter: Compat change id reported: 136274596; UID 10220; state: ENABLED
09-02 03:36:33.383 31398 31398 D NetworkSecurityConfig: Using Network Security Config from resource 0_resource_name_obfuscated debugBuild: false
09-02 03:36:33.385 31398 31398 I cr_SplitCompatApp: Launched version=107.0.5304.91 minSdkVersion=29 isBundle=true processName=com.android.chrome:sandboxed_process0:org.chromium.content.app.SandboxedProcessService0:88 isIsolated=true
09-02 03:36:33.389 31357 31451 I cr_LibraryLoader: Successfully loaded native library
09-02 03:36:33.390 28896 28896 D Zygote  : Forked child process 31466
09-02 03:36:33.391 31357 31451 I cr_CachingUmaRecorder: Flushed 3 samples from 3 histograms.
09-02 03:36:33.393 31417 31417 I LoadedApk: No resource references to update in package com.google.android.trichromelibrary
09-02 03:36:33.393 31466 31466 E libc    : SetHeapTaggingLevel: re-enabling tagging after it was disabled is not supported
09-02 03:36:33.393 31417 31417 D NetworkSecurityConfig: Using Network Security Config from resource 0_resource_name_obfuscated debugBuild: false
09-02 03:36:33.396 31417 31417 D NetworkSecurityConfig: Using Network Security Config from resource 0_resource_name_obfuscated debugBuild: false
09-02 03:36:33.396  1513  1625 W ActivityManager: Slow operation: 1914ms so far, now at startProcess: returned from zygote!
09-02 03:36:33.396  1513  1625 W ActivityManager: Slow operation: 1914ms so far, now at startProcess: done updating battery stats
09-02 03:36:33.397  1513  1625 W ActivityManager: Slow operation: 1914ms so far, now at startProcess: building log message
09-02 03:36:33.397  1513  1625 I ActivityManager: Start proc 31466:com.android.chrome:sandboxed_process0:org.chromium.content.app.SandboxedProcessService0:91/u0ai91 for  {com.android.chrome/org.chromium.content.app.SandboxedProcessService0:91}
09-02 03:36:33.397  1513  1625 W ActivityManager: Slow operation: 1914ms so far, now at startProcess: starting to update pids map
09-02 03:36:33.397  1513  1625 W ActivityManager: Slow operation: 1914ms so far, now at startProcess: done updating pids map
09-02 03:36:33.397  1513  1625 W ActivityManager: Slow operation: 1909ms so far, now at startProcess: asking zygote to start proc
09-02 03:36:33.397  1513  1625 D CompatibilityChangeReporter: Compat change id reported: 143937733; UID 10220; state: ENABLED
09-02 03:36:33.397 31417 31417 I cr_SplitCompatApp: Launched version=107.0.5304.91 minSdkVersion=29 isBundle=true processName=com.android.chrome:sandboxed_process0:org.chromium.content.app.SandboxedProcessService0:89 isIsolated=true
09-02 03:36:33.399 31398 31398 W SystemServiceRegistry: No service published for: uimode
09-02 03:36:33.402 31466 31466 E cessService0:9: Not starting debugger since process cannot load the jdwp agent.
09-02 03:36:33.406 28896 28896 D Zygote  : Forked child process 31486
09-02 03:36:33.406  1513  1625 W ActivityManager: Slow operation: 1919ms so far, now at startProcess: returned from zygote!
09-02 03:36:33.408  1513  3233 D CompatibilityChangeReporter: Compat change id reported: 136274596; UID 10220; state: ENABLED
09-02 03:36:33.408 31486 31486 E libc    : SetHeapTaggingLevel: re-enabling tagging after it was disabled is not supported
09-02 03:36:33.411  1513  1625 W ActivityManager: Slow operation: 1923ms so far, now at startProcess: done updating battery stats
09-02 03:36:33.411  1513  1625 W ActivityManager: Slow operation: 1923ms so far, now at startProcess: building log message
09-02 03:36:33.411  1513  1625 I ActivityManager: Start proc 31486:com.android.chrome:sandboxed_process0:org.chromium.content.app.SandboxedProcessService0:92/u0ai92 for  {com.android.chrome/org.chromium.content.app.SandboxedProcessService0:92}
09-02 03:36:33.411  1513  1625 W ActivityManager: Slow operation: 1924ms so far, now at startProcess: starting to update pids map
09-02 03:36:33.411  1513  1625 W ActivityManager: Slow operation: 1924ms so far, now at startProcess: done updating pids map
09-02 03:36:33.411  1513  1625 W ActivityManager: Slow operation: 1894ms so far, now at startProcess: asking zygote to start proc
09-02 03:36:33.411  1513  1625 D CompatibilityChangeReporter: Compat change id reported: 143937733; UID 10220; state: ENABLED
09-02 03:36:33.411 31398 31398 I cr_ChildProcessService: Creating new ChildProcessService pid=31398
09-02 03:36:33.412 31417 31417 W SystemServiceRegistry: No service published for: uimode
09-02 03:36:33.413 31486 31486 E cessService0:9: Not starting debugger since process cannot load the jdwp agent.
09-02 03:36:33.415 31398 31416 I cr_LibraryLoader: Using ModernLinker
09-02 03:36:33.416 31398 31416 W linker  : Warning: "/data/app/~~_KLlx60MH8CoecPTjMKp8g==/com.android.chrome-kw9RHYrlHKb9bPXi8OTClw==/base.apk!/lib/arm64-v8a/libchromium_android_linker.so" unused DT entry: unknown processor-specific (type 0x70000001 arg 0x0) (ignoring)
09-02 03:36:33.417 31398 31416 E cr_ChromiumAndroidLinker: ReserveAddressWithHint: Address range starting at 0x7a3764d000 was not free to use
09-02 03:36:33.420 31417 31417 I cr_ChildProcessService: Creating new ChildProcessService pid=31417
09-02 03:36:33.420 31398 31498 I cr_LibraryLoader: Successfully loaded native library
09-02 03:36:33.422 31398 31498 I cr_CachingUmaRecorder: Flushed 3 samples from 3 histograms.
09-02 03:36:33.425 31417 31436 I cr_LibraryLoader: Using ModernLinker
09-02 03:36:33.426 31439 31439 I LoadedApk: No resource references to update in package com.google.android.trichromelibrary
09-02 03:36:33.426 31417 31436 W linker  : Warning: "/data/app/~~_KLlx60MH8CoecPTjMKp8g==/com.android.chrome-kw9RHYrlHKb9bPXi8OTClw==/base.apk!/lib/arm64-v8a/libchromium_android_linker.so" unused DT entry: unknown processor-specific (type 0x70000001 arg 0x0) (ignoring)
09-02 03:36:33.427 31439 31439 D NetworkSecurityConfig: Using Network Security Config from resource 0_resource_name_obfuscated debugBuild: false
09-02 03:36:33.428 28896 28896 D Zygote  : Forked child process 31511
09-02 03:36:33.428 31439 31439 D NetworkSecurityConfig: Using Network Security Config from resource 0_resource_name_obfuscated debugBuild: false
09-02 03:36:33.429  1513  1625 W ActivityManager: Slow operation: 1912ms so far, now at startProcess: returned from zygote!
09-02 03:36:33.430  1513  1625 W ActivityManager: Slow operation: 1913ms so far, now at startProcess: done updating battery stats
09-02 03:36:33.430 31439 31439 I cr_SplitCompatApp: Launched version=107.0.5304.91 minSdkVersion=29 isBundle=true processName=com.android.chrome:sandboxed_process0:org.chromium.content.app.SandboxedProcessService0:90 isIsolated=true
09-02 03:36:33.430  1513  1625 W ActivityManager: Slow operation: 1913ms so far, now at startProcess: building log message
09-02 03:36:33.430  1513  1625 I ActivityManager: Start proc 31511:com.android.chrome:sandboxed_process0:org.chromium.content.app.SandboxedProcessService0:93/u0ai93 for  {com.android.chrome/org.chromium.content.app.SandboxedProcessService0:93}
09-02 03:36:33.430  1513  1625 W ActivityManager: Slow operation: 1913ms so far, now at startProcess: starting to update pids map
09-02 03:36:33.431  1513  1625 W ActivityManager: Slow operation: 1913ms so far, now at startProcess: done updating pids map
09-02 03:36:33.431  1513  1625 W ActivityManager: Slow operation: 1863ms so far, now at startProcess: asking zygote to start proc
09-02 03:36:33.433 31511 31511 E libc    : SetHeapTaggingLevel: re-enabling tagging after it was disabled is not supported
09-02 03:36:33.439 31511 31511 E cessService0:9: Not starting debugger since process cannot load the jdwp agent.
09-02 03:36:33.446 31439 31439 W SystemServiceRegistry: No service published for: uimode
