09-02 03:33:22.240  1513  1625 W ActivityManager: Slow operation: 551ms so far, now at startProcess: returned from zygote!
09-02 03:33:22.240 21109 21109 I LoadedApk: No resource references to update in package com.google.android.trichromelibrary
09-02 03:33:22.241 21109 21109 D NetworkSecurityConfig: Using Network Security Config from resource 0_resource_name_obfuscated debugBuild: false
09-02 03:33:22.242 21109 21109 D NetworkSecurityConfig: Using Network Security Config from resource 0_resource_name_obfuscated debugBuild: false
09-02 03:33:22.242 21152 21152 E libc    : SetHeapTaggingLevel: re-enabling tagging after it was disabled is not supported
09-02 03:33:22.243 21109 21109 I cr_SplitCompatApp: Launched version=107.0.5304.91 minSdkVersion=29 isBundle=true processName=com.android.chrome:sandboxed_process0:org.chromium.content.app.SandboxedProcessService0:28 isIsolated=true
09-02 03:33:22.244  1513  1625 W ActivityManager: Slow operation: 555ms so far, now at startProcess: done updating battery stats
09-02 03:33:22.244  1513  1625 W ActivityManager: Slow operation: 555ms so far, now at startProcess: building log message
09-02 03:33:22.244  1513  1625 I ActivityManager: Start proc 21152:com.android.chrome:sandboxed_process0:org.chromium.content.app.SandboxedProcessService0:30/u0ai31 for  {com.android.chrome/org.chromium.content.app.SandboxedProcessService0:30}
09-02 03:33:22.244  1513  1625 W ActivityManager: Slow operation: 555ms so far, now at startProcess: starting to update pids map
09-02 03:33:22.244  1513  1625 W ActivityManager: Slow operation: 555ms so far, now at startProcess: done updating pids map
09-02 03:33:22.244  1513  1625 W ActivityManager: Slow operation: 532ms so far, now at startProcess: asking zygote to start proc
09-02 03:33:22.245  1513  1625 D CompatibilityChangeReporter: Compat change id reported: 143937733; UID 10220; state: ENABLED
09-02 03:33:22.246 21082 21082 W SystemServiceRegistry: No service published for: uimode
09-02 03:33:22.249 20198 20198 E cr_IntentUtils: getBooleanExtra failed on intent null
09-02 03:33:22.249 20198 20198 E cr_IntentUtils: getBooleanExtra failed on intent null
09-02 03:33:22.254 20198 20198 I cr_tabmodel: #isIncognitoTabBeingRestored from tabDetails:  false
09-02 03:33:22.254 20198 20198 I cr_tabmodel: #isIncognitoTabBeingRestored from tabDetails:  false
09-02 03:33:22.254 20198 20198 W cr_tabmodel: Failed to restore TabState; creating Tab with last known URL.
09-02 03:33:22.258 21109 21109 W SystemServiceRegistry: No service published for: uimode
09-02 03:33:22.260 21060 21081 I cr_LibraryLoader: Using ModernLinker
09-02 03:33:22.260 21082 21082 I cr_ChildProcessService: Creating new ChildProcessService pid=21082
09-02 03:33:22.260 21152 21152 E cessService0:3: Not starting debugger since process cannot load the jdwp agent.
09-02 03:33:22.262 21060 21081 W linker  : Warning: "/data/app/~~_KLlx60MH8CoecPTjMKp8g==/com.android.chrome-kw9RHYrlHKb9bPXi8OTClw==/base.apk!/lib/arm64-v8a/libchromium_android_linker.so" unused DT entry: unknown processor-specific (type 0x70000001 arg 0x0) (ignoring)
09-02 03:33:22.264 21060 21081 E cr_ChromiumAndroidLinker: ReserveAddressWithHint: Address range starting at 0x7a380d8000 was not free to use
09-02 03:33:22.265 20198 20198 E cr_IntentUtils: getBooleanExtra failed on intent null
09-02 03:33:22.265 20198 20198 E cr_IntentUtils: getBooleanExtra failed on intent null
09-02 03:33:22.266 21109 21109 I cr_ChildProcessService: Creating new ChildProcessService pid=21109
09-02 03:33:22.268 21060 21148 I cr_LibraryLoader: Successfully loaded native library
09-02 03:33:22.269 21060 21148 I cr_CachingUmaRecorder: Flushed 3 samples from 3 histograms.
09-02 03:33:22.271 21129 21129 I LoadedApk: No resource references to update in package com.google.android.trichromelibrary
09-02 03:33:22.272 21129 21129 D NetworkSecurityConfig: Using Network Security Config from resource 0_resource_name_obfuscated debugBuild: false
09-02 03:33:22.272 20042 20042 D Zygote  : Forked child process 21170
09-02 03:33:22.273 21129 21129 D NetworkSecurityConfig: Using Network Security Config from resource 0_resource_name_obfuscated debugBuild: false
09-02 03:33:22.274 21082 21126 I cr_LibraryLoader: Using ModernLinker
09-02 03:33:22.275 21129 21129 I cr_SplitCompatApp: Launched version=107.0.5304.91 minSdkVersion=29 isBundle=true processName=com.android.chrome:sandboxed_process0:org.chromium.content.app.SandboxedProcessService0:29 isIsolated=true
09-02 03:33:22.276 20198 20198 I cr_tabmodel: #isIncognitoTabBeingRestored from tabDetails:  false
09-02 03:33:22.276 20198 20198 I cr_tabmodel: #isIncognitoTabBeingRestored from tabDetails:  false
09-02 03:33:22.276 20198 20198 W cr_tabmodel: Failed to restore TabState; creating Tab with last known URL.
09-02 03:33:22.276 21082 21126 W linker  : Warning: "/data/app/~~_KLlx60MH8CoecPTjMKp8g==/com.android.chrome-kw9RHYrlHKb9bPXi8OTClw==/base.apk!/lib/arm64-v8a/libchromium_android_linker.so" unused DT entry: unknown processor-specific (type 0x70000001 arg 0x0) (ignoring)
09-02 03:33:22.277 21082 21126 E cr_ChromiumAndroidLinker: ReserveAddressWithHint: Address range starting at 0x7a380d8000 was not free to use
09-02 03:33:22.281 21170 21170 E libc    : SetHeapTaggingLevel: re-enabling tagging after it was disabled is not supported
09-02 03:33:22.284 21109 21144 I cr_LibraryLoader: Using ModernLinker
09-02 03:33:22.286 21109 21144 W linker  : Warning: "/data/app/~~_KLlx60MH8CoecPTjMKp8g==/com.android.chrome-kw9RHYrlHKb9bPXi8OTClw==/base.apk!/lib/arm64-v8a/libchromium_android_linker.so" unused DT entry: unknown processor-specific (type 0x70000001 arg 0x0) (ignoring)
09-02 03:33:22.287  1513  1625 W ActivityManager: Slow operation: 574ms so far, now at startProcess: returned from zygote!
09-02 03:33:22.287 21082 21164 I cr_LibraryLoader: Successfully loaded native library
09-02 03:33:22.287 21109 21144 E cr_ChromiumAndroidLinker: ReserveAddressWithHint: Address range starting at 0x7a380d8000 was not free to use
09-02 03:33:22.288 21129 21129 W SystemServiceRegistry: No service published for: uimode
09-02 03:33:22.288  1513  1625 W ActivityManager: Slow operation: 576ms so far, now at startProcess: done updating battery stats
09-02 03:33:22.288  1513  1625 W ActivityManager: Slow operation: 576ms so far, now at startProcess: building log message
09-02 03:33:22.288  1513  1625 I ActivityManager: Start proc 21170:com.android.chrome:sandboxed_process0:org.chromium.content.app.SandboxedProcessService0:31/u0ai32 for  {com.android.chrome/org.chromium.content.app.SandboxedProcessService0:31}
09-02 03:33:22.288  1513  1625 W ActivityManager: Slow operation: 576ms so far, now at startProcess: starting to update pids map
09-02 03:33:22.288  1513  1625 W ActivityManager: Slow operation: 576ms so far, now at startProcess: done updating pids map
09-02 03:33:22.289  1513  1625 W ActivityManager: Slow operation: 549ms so far, now at startProcess: asking zygote to start proc
09-02 03:33:22.289 21082 21164 I cr_CachingUmaRecorder: Flushed 3 samples from 3 histograms.
09-02 03:33:22.289 20198 20198 E cr_IntentUtils: getBooleanExtra failed on intent null
09-02 03:33:22.289 20198 20198 E cr_IntentUtils: getBooleanExtra failed on intent null
09-02 03:33:22.290 21170 21170 E cessService0:3: Not starting debugger since process cannot load the jdwp agent.
09-02 03:33:22.292   901  1000 D VSC     : @ 63588.743: [WO] tilt angle 87
09-02 03:33:22.293  1513  1537 D CompatibilityChangeReporter: Compat change id reported: 136274596; UID 10220; state: ENABLED
09-02 03:33:22.296 21129 21129 I cr_ChildProcessService: Creating new ChildProcessService pid=21129
09-02 03:33:22.298 20198 20198 I cr_tabmodel: #isIncognitoTabBeingRestored from tabDetails:  false
09-02 03:33:22.298 20198 20198 I cr_tabmodel: #isIncognitoTabBeingRestored from tabDetails:  false
09-02 03:33:22.298 20198 20198 W cr_tabmodel: Failed to restore TabState; creating Tab with last known URL.
09-02 03:33:22.302 21109 21169 I cr_LibraryLoader: Successfully loaded native library
09-02 03:33:22.303 21109 21169 I cr_CachingUmaRecorder: Flushed 3 samples from 3 histograms.
09-02 03:33:22.305 21129 21149 I cr_LibraryLoader: Using ModernLinker
09-02 03:33:22.306 21129 21149 W linker  : Warning: "/data/app/~~_KLlx60MH8CoecPTjMKp8g==/com.android.chrome-kw9RHYrlHKb9bPXi8OTClw==/base.apk!/lib/arm64-v8a/libchromium_android_linker.so" unused DT entry: unknown processor-specific (type 0x70000001 arg 0x0) (ignoring)
09-02 03:33:22.306 21129 21149 E cr_ChromiumAndroidLinker: ReserveAddressWithHint: Address range starting at 0x7a380d8000 was not free to use
09-02 03:33:22.309 21129 21188 I cr_LibraryLoader: Successfully loaded native library
09-02 03:33:22.310 21129 21188 I cr_CachingUmaRecorder: Flushed 3 samples from 3 histograms.
09-02 03:33:22.313 20198 20198 E cr_IntentUtils: getBooleanExtra failed on intent null
09-02 03:33:22.313 20198 20198 E cr_IntentUtils: getBooleanExtra failed on intent null
09-02 03:33:22.315  1513  2571 D CompatibilityChangeReporter: Compat change id reported: 135634846; UID 10220; state: DISABLED
09-02 03:33:22.315  1513  2571 D CompatibilityChangeReporter: Compat change id reported: 135754954; UID 10220; state: ENABLED
09-02 03:33:22.318 20198 20198 I cr_tabmodel: #isIncognitoTabBeingRestored from tabDetails:  false
09-02 03:33:22.318 20198 20198 I cr_tabmodel: #isIncognitoTabBeingRestored from tabDetails:  false
09-02 03:33:22.318 20198 20198 W cr_tabmodel: Failed to restore TabState; creating Tab with last known URL.
09-02 03:33:22.319 21152 21152 I LoadedApk: No resource references to update in package com.google.android.trichromelibrary
09-02 03:33:22.320 21152 21152 D NetworkSecurityConfig: Using Network Security Config from resource 0_resource_name_obfuscated debugBuild: false
09-02 03:33:22.321 21152 21152 D NetworkSecurityConfig: Using Network Security Config from resource 0_resource_name_obfuscated debugBuild: false
09-02 03:33:22.322 21152 21152 I cr_SplitCompatApp: Launched version=107.0.5304.91 minSdkVersion=29 isBundle=true processName=com.android.chrome:sandboxed_process0:org.chromium.content.app.SandboxedProcessService0:30 isIsolated=true
09-02 03:33:22.336 20198 20198 E cr_IntentUtils: getBooleanExtra failed on intent null
09-02 03:33:22.336 20198 20198 E cr_IntentUtils: getBooleanExtra failed on intent null
09-02 03:33:22.345 21152 21152 W SystemServiceRegistry: No service published for: uimode
09-02 03:33:22.346 20042 20042 D Zygote  : Forked child process 21216
09-02 03:33:22.347  1513  1625 W ActivityManager: Slow operation: 608ms so far, now at startProcess: returned from zygote!
09-02 03:33:22.347  1513  1625 W ActivityManager: Slow operation: 608ms so far, now at startProcess: done updating battery stats
09-02 03:33:22.347  1513  1625 W ActivityManager: Slow operation: 608ms so far, now at startProcess: building log message
09-02 03:33:22.347  1513  1625 I ActivityManager: Start proc 21216:com.android.chrome:sandboxed_process0:org.chromium.content.app.SandboxedProcessService0:32/u0ai33 for  {com.android.chrome/org.chromium.content.app.SandboxedProcessService0:32}
09-02 03:33:22.347  1513  1625 W ActivityManager: Slow operation: 608ms so far, now at startProcess: starting to update pids map
09-02 03:33:22.347  1513  1625 W ActivityManager: Slow operation: 608ms so far, now at startProcess: done updating pids map
09-02 03:33:22.347 20198 20198 I cr_tabmodel: #isIncognitoTabBeingRestored from tabDetails:  false
09-02 03:33:22.347  1513  1625 W ActivityManager: Slow operation: 592ms so far, now at startProcess: asking zygote to start proc
09-02 03:33:22.347 20198 20198 I cr_tabmodel: #isIncognitoTabBeingRestored from tabDetails:  false
09-02 03:33:22.347  1513  1625 D CompatibilityChangeReporter: Compat change id reported: 143937733; UID 10220; state: ENABLED
09-02 03:33:22.347 20198 20198 W cr_tabmodel: Failed to restore TabState; creating Tab with last known URL.
09-02 03:33:22.349 21216 21216 E libc    : SetHeapTaggingLevel: re-enabling tagging after it was disabled is not supported
09-02 03:33:22.351 21152 21152 I cr_ChildProcessService: Creating new ChildProcessService pid=21152
09-02 03:33:22.363 20198 20198 E cr_IntentUtils: getBooleanExtra failed on intent null
09-02 03:33:22.363 20198 20198 E cr_IntentUtils: getBooleanExtra failed on intent null
09-02 03:33:22.364 21216 21216 E cessService0:3: Not starting debugger since process cannot load the jdwp agent.
09-02 03:33:22.365 20042 20042 D Zygote  : Forked child process 21234
09-02 03:33:22.368  1513  1625 W ActivityManager: Slow operation: 612ms so far, now at startProcess: returned from zygote!
09-02 03:33:22.369 20198 20198 I cr_tabmodel: #isIncognitoTabBeingRestored from tabDetails:  false
09-02 03:33:22.369 20198 20198 I cr_tabmodel: #isIncognitoTabBeingRestored from tabDetails:  false
09-02 03:33:22.369 20198 20198 W cr_tabmodel: Failed to restore TabState; creating Tab with last known URL.
09-02 03:33:22.371  1513  1625 W ActivityManager: Slow operation: 616ms so far, now at startProcess: done updating battery stats
09-02 03:33:22.371  1513  1625 W ActivityManager: Slow operation: 616ms so far, now at startProcess: building log message
09-02 03:33:22.371  1513  1625 I ActivityManager: Start proc 21234:com.android.chrome:sandboxed_process0:org.chromium.content.app.SandboxedProcessService0:33/u0ai34 for  {com.android.chrome/org.chromium.content.app.SandboxedProcessService0:33}
09-02 03:33:22.371  1513  1625 W ActivityManager: Slow operation: 616ms so far, now at startProcess: starting to update pids map
09-02 03:33:22.372  1513  1625 W ActivityManager: Slow operation: 616ms so far, now at startProcess: done updating pids map
09-02 03:33:22.372  1513  1625 W ActivityManager: Slow operation: 597ms so far, now at startProcess: asking zygote to start proc
09-02 03:33:22.377 21152 21173 I cr_LibraryLoader: Using ModernLinker
09-02 03:33:22.377 21152 21173 W linker  : Warning: "/data/app/~~_KLlx60MH8CoecPTjMKp8g==/com.android.chrome-kw9RHYrlHKb9bPXi8OTClw==/base.apk!/lib/arm64-v8a/libchromium_android_linker.so" unused DT entry: unknown processor-specific (type 0x70000001 arg 0x0) (ignoring)
09-02 03:33:22.380 21152 21173 E cr_ChromiumAndroidLinker: ReserveAddressWithHint: Address range starting at 0x7a380d8000 was not free to use
09-02 03:33:22.386 21234 21234 E libc    : SetHeapTaggingLevel: re-enabling tagging after it was disabled is not supported
09-02 03:33:22.389 20198 20198 E cr_IntentUtils: getBooleanExtra failed on intent null
09-02 03:33:22.389 20198 20198 E cr_IntentUtils: getBooleanExtra failed on intent null
09-02 03:33:22.393 21152 21222 I cr_LibraryLoader: Successfully loaded native library
09-02 03:33:22.394  1513  4618 D CompatibilityChangeReporter: Compat change id reported: 136274596; UID 10220; state: ENABLED
09-02 03:33:22.400 21152 21222 I cr_CachingUmaRecorder: Flushed 3 samples from 3 histograms.
09-02 03:33:22.400 20198 20198 I cr_tabmodel: #isIncognitoTabBeingRestored from tabDetails:  false
09-02 03:33:22.400 20198 20198 I cr_tabmodel: #isIncognitoTabBeingRestored from tabDetails:  false
09-02 03:33:22.400 20198 20198 W cr_tabmodel: Failed to restore TabState; creating Tab with last known URL.
09-02 03:33:22.411 21234 21234 E cessService0:3: Not starting debugger since process cannot load the jdwp agent.
09-02 03:33:22.414  1513  4618 D CompatibilityChangeReporter: Compat change id reported: 135634846; UID 10220; state: DISABLED
09-02 03:33:22.415  1513  4618 D CompatibilityChangeReporter: Compat change id reported: 135754954; UID 10220; state: ENABLED
09-02 03:33:22.415 20042 20042 D Zygote  : Forked child process 21263
09-02 03:33:22.420 20198 20198 E cr_IntentUtils: getBooleanExtra failed on intent null
09-02 03:33:22.420 20198 20198 E cr_IntentUtils: getBooleanExtra failed on intent null
09-02 03:33:22.427 20198 20198 I cr_tabmodel: #isIncognitoTabBeingRestored from tabDetails:  false
09-02 03:33:22.427 20198 20198 I cr_tabmodel: #isIncognitoTabBeingRestored from tabDetails:  false
09-02 03:33:22.427 20198 20198 W cr_tabmodel: Failed to restore TabState; creating Tab with last known URL.
09-02 03:33:22.428 20284 20298 I ileged_process: Background young concurrent copying GC freed 387075(17MB) AllocSpace objects, 3(60KB) LOS objects, 98% free, 1767KB/97MB, paused 6.204ms total 57.316ms
09-02 03:33:22.430  1513  4618 D CompatibilityChangeReporter: Compat change id reported: 136274596; UID 10220; state: ENABLED
09-02 03:33:22.432 21263 21263 E libc    : SetHeapTaggingLevel: re-enabling tagging after it was disabled is not supported
09-02 03:33:22.439  1513  4618 D CompatibilityChangeReporter: Compat change id reported: 135634846; UID 10220; state: DISABLED
09-02 03:33:22.440  1513  4618 D CompatibilityChangeReporter: Compat change id reported: 135754954; UID 10220; state: ENABLED
09-02 03:33:22.444  1513  1625 W ActivityManager: Slow operation: 669ms so far, now at startProcess: returned from zygote!
09-02 03:33:22.444  1513  1625 W ActivityManager: Slow operation: 670ms so far, now at startProcess: done updating battery stats
09-02 03:33:22.444  1513  1625 W ActivityManager: Slow operation: 670ms so far, now at startProcess: building log message
09-02 03:33:22.444  1513  1625 I ActivityManager: Start proc 21263:com.android.chrome:sandboxed_process0:org.chromium.content.app.SandboxedProcessService0:34/u0ai35 for  {com.android.chrome/org.chromium.content.app.SandboxedProcessService0:34}
09-02 03:33:22.444  1513  1625 W ActivityManager: Slow operation: 670ms so far, now at startProcess: starting to update pids map
09-02 03:33:22.444  1513  1625 W ActivityManager: Slow operation: 670ms so far, now at startProcess: done updating pids map
09-02 03:33:22.444  1513  1625 W ActivityManager: Slow operation: 615ms so far, now at startProcess: asking zygote to start proc
09-02 03:33:22.444  1513  1625 D CompatibilityChangeReporter: Compat change id reported: 143937733; UID 10220; state: ENABLED
09-02 03:33:22.445 20198 20198 E cr_IntentUtils: getBooleanExtra failed on intent null
09-02 03:33:22.445 20198 20198 E cr_IntentUtils: getBooleanExtra failed on intent null
09-02 03:33:22.445 21170 21170 I LoadedApk: No resource references to update in package com.google.android.trichromelibrary
09-02 03:33:22.446 21170 21170 D NetworkSecurityConfig: Using Network Security Config from resource 0_resource_name_obfuscated debugBuild: false
09-02 03:33:22.447 21170 21170 D NetworkSecurityConfig: Using Network Security Config from resource 0_resource_name_obfuscated debugBuild: false
09-02 03:33:22.449 21170 21170 I cr_SplitCompatApp: Launched version=107.0.5304.91 minSdkVersion=29 isBundle=true processName=com.android.chrome:sandboxed_process0:org.chromium.content.app.SandboxedProcessService0:31 isIsolated=true
09-02 03:33:22.459 21263 21263 E cessService0:3: Not starting debugger since process cannot load the jdwp agent.
09-02 03:33:22.460  1513  1537 D CompatibilityChangeReporter: Compat change id reported: 136274596; UID 10220; state: ENABLED
09-02 03:33:22.464 20198 20198 E cr_BTSPrefs: No data found for task id: 53
09-02 03:33:22.464 20198 20198 E cr_BkgrdTaskScheduler: Task cannot be canceled because no data was found instorage or data was invalid
09-02 03:33:22.465 21170 21170 W SystemServiceRegistry: No service published for: uimode
09-02 03:33:22.471 21170 21170 I cr_ChildProcessService: Creating new ChildProcessService pid=21170
09-02 03:33:22.471 20198 20198 I cr_tabmodel: #isIncognitoTabBeingRestored from tabDetails:  false
09-02 03:33:22.471 20198 20198 I cr_tabmodel: #isIncognitoTabBeingRestored from tabDetails:  false
09-02 03:33:22.471 20198 20198 W cr_tabmodel: Failed to restore TabState; creating Tab with last known URL.
09-02 03:33:22.478 21170 21253 I cr_LibraryLoader: Using ModernLinker
09-02 03:33:22.480 20042 20042 D Zygote  : Forked child process 21297
09-02 03:33:22.480 21170 21253 W linker  : Warning: "/data/app/~~_KLlx60MH8CoecPTjMKp8g==/com.android.chrome-kw9RHYrlHKb9bPXi8OTClw==/base.apk!/lib/arm64-v8a/libchromium_android_linker.so" unused DT entry: unknown processor-specific (type 0x70000001 arg 0x0) (ignoring)
09-02 03:33:22.481  1513  1625 W ActivityManager: Slow operation: 652ms so far, now at startProcess: returned from zygote!
09-02 03:33:22.481  1513  1625 W ActivityManager: Slow operation: 652ms so far, now at startProcess: done updating battery stats
09-02 03:33:22.481  1513  1625 W ActivityManager: Slow operation: 652ms so far, now at startProcess: building log message
09-02 03:33:22.481  1513  1625 I ActivityManager: Start proc 21297:com.android.chrome:sandboxed_process0:org.chromium.content.app.SandboxedProcessService0:35/u0ai36 for  {com.android.chrome/org.chromium.content.app.SandboxedProcessService0:35}
09-02 03:33:22.481  1513  1625 W ActivityManager: Slow operation: 652ms so far, now at startProcess: starting to update pids map
09-02 03:33:22.481  1513  1625 W ActivityManager: Slow operation: 652ms so far, now at startProcess: done updating pids map
09-02 03:33:22.481  1513  1625 W ActivityManager: Slow operation: 649ms so far, now at startProcess: asking zygote to start proc
09-02 03:33:22.481  1513  1625 D CompatibilityChangeReporter: Compat change id reported: 143937733; UID 10220; state: ENABLED
09-02 03:33:22.482 21170 21253 E cr_ChromiumAndroidLinker: ReserveAddressWithHint: Address range starting at 0x7a380d8000 was not free to use
09-02 03:33:22.485 21234 21234 I LoadedApk: No resource references to update in package com.google.android.trichromelibrary
09-02 03:33:22.485 21234 21234 D NetworkSecurityConfig: Using Network Security Config from resource 0_resource_name_obfuscated debugBuild: false
09-02 03:33:22.486 21170 21290 I cr_LibraryLoader: Successfully loaded native library
09-02 03:33:22.486 21216 21216 I LoadedApk: No resource references to update in package com.google.android.trichromelibrary
09-02 03:33:22.486 21234 21234 D NetworkSecurityConfig: Using Network Security Config from resource 0_resource_name_obfuscated debugBuild: false
09-02 03:33:22.487 21170 21290 I cr_CachingUmaRecorder: Flushed 3 samples from 3 histograms.
09-02 03:33:22.487 21216 21216 D NetworkSecurityConfig: Using Network Security Config from resource 0_resource_name_obfuscated debugBuild: false
09-02 03:33:22.488 21216 21216 D NetworkSecurityConfig: Using Network Security Config from resource 0_resource_name_obfuscated debugBuild: false
09-02 03:33:22.489 21234 21234 I cr_SplitCompatApp: Launched version=107.0.5304.91 minSdkVersion=29 isBundle=true processName=com.android.chrome:sandboxed_process0:org.chromium.content.app.SandboxedProcessService0:33 isIsolated=true
09-02 03:33:22.490 21216 21216 I cr_SplitCompatApp: Launched version=107.0.5304.91 minSdkVersion=29 isBundle=true processName=com.android.chrome:sandboxed_process0:org.chromium.content.app.SandboxedProcessService0:32 isIsolated=true
09-02 03:33:22.490 21297 21297 E libc    : SetHeapTaggingLevel: re-enabling tagging after it was disabled is not supported
09-02 03:33:22.493  1513  2262 D CompatibilityChangeReporter: Compat change id reported: 135634846; UID 10220; state: DISABLED
09-02 03:33:22.493  1513  2262 D CompatibilityChangeReporter: Compat change id reported: 135754954; UID 10220; state: ENABLED
09-02 03:33:22.498 20198 20198 E cr_IntentUtils: getBooleanExtra failed on intent null
09-02 03:33:22.498 20198 20198 E cr_IntentUtils: getBooleanExtra failed on intent null
09-02 03:33:22.499 21297 21297 E cessService0:3: Not starting debugger since process cannot load the jdwp agent.
09-02 03:33:22.501  1513  2013 D CompatibilityChangeReporter: Compat change id reported: 136274596; UID 10220; state: ENABLED
09-02 03:33:22.510 20198 20198 I cr_tabmodel: #isIncognitoTabBeingRestored from tabDetails:  false
09-02 03:33:22.510 20198 20198 I cr_tabmodel: #isIncognitoTabBeingRestored from tabDetails:  false
09-02 03:33:22.510 20198 20198 W cr_tabmodel: Failed to restore TabState; creating Tab with last known URL.
09-02 03:33:22.510  1513  2571 D CompatibilityChangeReporter: Compat change id reported: 136274596; UID 10220; state: ENABLED
09-02 03:33:22.513 20042 20042 D Zygote  : Forked child process 21323
09-02 03:33:22.514  1513  1625 W ActivityManager: Slow operation: 681ms so far, now at startProcess: returned from zygote!
09-02 03:33:22.514  1513  1625 W ActivityManager: Slow operation: 681ms so far, now at startProcess: done updating battery stats
09-02 03:33:22.514  1513  1625 W ActivityManager: Slow operation: 681ms so far, now at startProcess: building log message
09-02 03:33:22.514  1513  1625 I ActivityManager: Start proc 21323:com.android.chrome:sandboxed_process0:org.chromium.content.app.SandboxedProcessService0:36/u0ai37 for  {com.android.chrome/org.chromium.content.app.SandboxedProcessService0:36}
09-02 03:33:22.514  1513  1625 W ActivityManager: Slow operation: 681ms so far, now at startProcess: starting to update pids map
09-02 03:33:22.514  1513  1625 W ActivityManager: Slow operation: 681ms so far, now at startProcess: done updating pids map
09-02 03:33:22.514  1513  1625 W ActivityManager: Slow operation: 636ms so far, now at startProcess: asking zygote to start proc
09-02 03:33:22.514 21216 21216 W SystemServiceRegistry: No service published for: uimode
09-02 03:33:22.514  1513  1625 D CompatibilityChangeReporter: Compat change id reported: 143937733; UID 10220; state: ENABLED
09-02 03:33:22.518 21323 21323 E libc    : SetHeapTaggingLevel: re-enabling tagging after it was disabled is not supported
09-02 03:33:22.522 21234 21234 W SystemServiceRegistry: No service published for: uimode
09-02 03:33:22.526  1513  2571 D CompatibilityChangeReporter: Compat change id reported: 135634846; UID 10220; state: DISABLED
09-02 03:33:22.526  1513  2571 D CompatibilityChangeReporter: Compat change id reported: 135754954; UID 10220; state: ENABLED
09-02 03:33:22.530 21323 21323 E cessService0:3: Not starting debugger since process cannot load the jdwp agent.
09-02 03:33:22.534 20198 20198 E cr_IntentUtils: getBooleanExtra failed on intent null
09-02 03:33:22.534 20198 20198 E cr_IntentUtils: getBooleanExtra failed on intent null
09-02 03:33:22.539 21234 21234 I cr_ChildProcessService: Creating new ChildProcessService pid=21234
09-02 03:33:22.540 21216 21216 I cr_ChildProcessService: Creating new ChildProcessService pid=21216
09-02 03:33:22.546 21216 21271 I cr_LibraryLoader: Using ModernLinker
09-02 03:33:22.549 21216 21271 W linker  : Warning: "/data/app/~~_KLlx60MH8CoecPTjMKp8g==/com.android.chrome-kw9RHYrlHKb9bPXi8OTClw==/base.apk!/lib/arm64-v8a/libchromium_android_linker.so" unused DT entry: unknown processor-specific (type 0x70000001 arg 0x0) (ignoring)
09-02 03:33:22.550 21216 21271 E cr_ChromiumAndroidLinker: ReserveAddressWithHint: Address range starting at 0x7a380d8000 was not free to use
09-02 03:33:22.550 20198 20198 I cr_tabmodel: #isIncognitoTabBeingRestored from tabDetails:  false
09-02 03:33:22.550 20198 20198 I cr_tabmodel: #isIncognitoTabBeingRestored from tabDetails:  false
09-02 03:33:22.550 20198 20198 W cr_tabmodel: Failed to restore TabState; creating Tab with last known URL.
09-02 03:33:22.550 21297 21297 I LoadedApk: No resource references to update in package com.google.android.trichromelibrary
09-02 03:33:22.551 21263 21263 I LoadedApk: No resource references to update in package com.google.android.trichromelibrary
09-02 03:33:22.551 21297 21297 D NetworkSecurityConfig: Using Network Security Config from resource 0_resource_name_obfuscated debugBuild: false
09-02 03:33:22.551 21263 21263 D NetworkSecurityConfig: Using Network Security Config from resource 0_resource_name_obfuscated debugBuild: false
09-02 03:33:22.552 21297 21297 D NetworkSecurityConfig: Using Network Security Config from resource 0_resource_name_obfuscated debugBuild: false
09-02 03:33:22.552 21263 21263 D NetworkSecurityConfig: Using Network Security Config from resource 0_resource_name_obfuscated debugBuild: false
09-02 03:33:22.552 21234 21289 I cr_LibraryLoader: Using ModernLinker
09-02 03:33:22.553 21297 21297 I cr_SplitCompatApp: Launched version=107.0.5304.91 minSdkVersion=29 isBundle=true processName=com.android.chrome:sandboxed_process0:org.chromium.content.app.SandboxedProcessService0:35 isIsolated=true
09-02 03:33:22.553 21263 21263 I cr_SplitCompatApp: Launched version=107.0.5304.91 minSdkVersion=29 isBundle=true processName=com.android.chrome:sandboxed_process0:org.chromium.content.app.SandboxedProcessService0:34 isIsolated=true
09-02 03:33:22.555 21234 21289 W linker  : Warning: "/data/app/~~_KLlx60MH8CoecPTjMKp8g==/com.android.chrome-kw9RHYrlHKb9bPXi8OTClw==/base.apk!/lib/arm64-v8a/libchromium_android_linker.so" unused DT entry: unknown processor-specific (type 0x70000001 arg 0x0) (ignoring)
09-02 03:33:22.556 21234 21289 E cr_ChromiumAndroidLinker: ReserveAddressWithHint: Address range starting at 0x7a380d8000 was not free to use
09-02 03:33:22.557 21216 21343 I cr_LibraryLoader: Successfully loaded native library
09-02 03:33:22.558 20042 20042 D Zygote  : Forked child process 21347
09-02 03:33:22.559  1513  1625 W ActivityManager: Slow operation: 681ms so far, now at startProcess: returned from zygote!
09-02 03:33:22.559  1513  1625 W ActivityManager: Slow operation: 682ms so far, now at startProcess: done updating battery stats
09-02 03:33:22.559  1513  1625 W ActivityManager: Slow operation: 682ms so far, now at startProcess: building log message
09-02 03:33:22.559  1513  1625 I ActivityManager: Start proc 21347:com.android.chrome:sandboxed_process0:org.chromium.content.app.SandboxedProcessService0:37/u0ai38 for  {com.android.chrome/org.chromium.content.app.SandboxedProcessService0:37}
09-02 03:33:22.559  1513  1625 W ActivityManager: Slow operation: 682ms so far, now at startProcess: starting to update pids map
09-02 03:33:22.559  1513  1625 W ActivityManager: Slow operation: 682ms so far, now at startProcess: done updating pids map
09-02 03:33:22.559  1513  1625 W ActivityManager: Slow operation: 632ms so far, now at startProcess: asking zygote to start proc
09-02 03:33:22.560 21216 21343 I cr_CachingUmaRecorder: Flushed 3 samples from 3 histograms.
09-02 03:33:22.563 21347 21347 E libc    : SetHeapTaggingLevel: re-enabling tagging after it was disabled is not supported
09-02 03:33:22.565  1513  2262 D CompatibilityChangeReporter: Compat change id reported: 136274596; UID 10220; state: ENABLED
09-02 03:33:22.566 21234 21342 I cr_LibraryLoader: Successfully loaded native library
09-02 03:33:22.567 21234 21342 I cr_CachingUmaRecorder: Flushed 3 samples from 3 histograms.
09-02 03:33:22.568  1513  1537 D CompatibilityChangeReporter: Compat change id reported: 135634846; UID 10220; state: DISABLED
09-02 03:33:22.568  1513  1537 D CompatibilityChangeReporter: Compat change id reported: 135754954; UID 10220; state: ENABLED
09-02 03:33:22.570 21297 21297 W SystemServiceRegistry: No service published for: uimode
09-02 03:33:22.571 21347 21347 E cessService0:3: Not starting debugger since process cannot load the jdwp agent.
09-02 03:33:22.575 21263 21263 W SystemServiceRegistry: No service published for: uimode
09-02 03:33:22.575 20198 20198 E cr_IntentUtils: getBooleanExtra failed on intent null
09-02 03:33:22.575 20198 20198 E cr_IntentUtils: getBooleanExtra failed on intent null
09-02 03:33:22.576 21297 21297 I cr_ChildProcessService: Creating new ChildProcessService pid=21297
09-02 03:33:22.581 21263 21263 I cr_ChildProcessService: Creating new ChildProcessService pid=21263
09-02 03:33:22.585 20198 20198 I cr_tabmodel: #isIncognitoTabBeingRestored from tabDetails:  false
09-02 03:33:22.586 20198 20198 I cr_tabmodel: #isIncognitoTabBeingRestored from tabDetails:  false
09-02 03:33:22.586 20198 20198 W cr_tabmodel: Failed to restore TabState; creating Tab with last known URL.
09-02 03:33:22.596 21297 21329 I cr_LibraryLoader: Using ModernLinker
09-02 03:33:22.596 21263 21322 I cr_LibraryLoader: Using ModernLinker
09-02 03:33:22.598 21323 21323 I LoadedApk: No resource references to update in package com.google.android.trichromelibrary
09-02 03:33:22.598 21323 21323 D NetworkSecurityConfig: Using Network Security Config from resource 0_resource_name_obfuscated debugBuild: false
09-02 03:33:22.599 21263 21322 W linker  : Warning: "/data/app/~~_KLlx60MH8CoecPTjMKp8g==/com.android.chrome-kw9RHYrlHKb9bPXi8OTClw==/base.apk!/lib/arm64-v8a/libchromium_android_linker.so" unused DT entry: unknown processor-specific (type 0x70000001 arg 0x0) (ignoring)
09-02 03:33:22.599 21297 21329 W linker  : Warning: "/data/app/~~_KLlx60MH8CoecPTjMKp8g==/com.android.chrome-kw9RHYrlHKb9bPXi8OTClw==/base.apk!/lib/arm64-v8a/libchromium_android_linker.so" unused DT entry: unknown processor-specific (type 0x70000001 arg 0x0) (ignoring)
09-02 03:33:22.599 20042 20042 D Zygote  : Forked child process 21381
09-02 03:33:22.600 21323 21323 D NetworkSecurityConfig: Using Network Security Config from resource 0_resource_name_obfuscated debugBuild: false
09-02 03:33:22.600 21263 21322 E cr_ChromiumAndroidLinker: ReserveAddressWithHint: Address range starting at 0x7a380d8000 was not free to use
09-02 03:33:22.600 21297 21329 E cr_ChromiumAndroidLinker: ReserveAddressWithHint: Address range starting at 0x7a380d8000 was not free to use
09-02 03:33:22.601 21323 21323 I cr_SplitCompatApp: Launched version=107.0.5304.91 minSdkVersion=29 isBundle=true processName=com.android.chrome:sandboxed_process0:org.chromium.content.app.SandboxedProcessService0:36 isIsolated=true
09-02 03:33:22.601 21381 21381 E libc    : SetHeapTaggingLevel: re-enabling tagging after it was disabled is not supported
09-02 03:33:22.604 20198 20198 E cr_IntentUtils: getBooleanExtra failed on intent null
09-02 03:33:22.604 20198 20198 E cr_IntentUtils: getBooleanExtra failed on intent null
09-02 03:33:22.606 21263 21370 I cr_LibraryLoader: Successfully loaded native library
09-02 03:33:22.607 21263 21370 I cr_CachingUmaRecorder: Flushed 3 samples from 3 histograms.
09-02 03:33:22.609 21297 21369 I cr_LibraryLoader: Successfully loaded native library
09-02 03:33:22.610 21297 21369 I cr_CachingUmaRecorder: Flushed 3 samples from 3 histograms.
09-02 03:33:22.610  1513  1537 D CompatibilityChangeReporter: Compat change id reported: 136274596; UID 10220; state: ENABLED
09-02 03:33:22.612 21323 21323 W SystemServiceRegistry: No service published for: uimode
09-02 03:33:22.615 20198 20198 I cr_tabmodel: #isIncognitoTabBeingRestored from tabDetails:  false
09-02 03:33:22.615 20198 20198 I cr_tabmodel: #isIncognitoTabBeingRestored from tabDetails:  false
09-02 03:33:22.615 20198 20198 W cr_tabmodel: Failed to restore TabState; creating Tab with last known URL.
09-02 03:33:22.616  1513  1625 W ActivityManager: Slow operation: 688ms so far, now at startProcess: returned from zygote!
09-02 03:33:22.616  1513  1625 W ActivityManager: Slow operation: 688ms so far, now at startProcess: done updating battery stats
09-02 03:33:22.616  1513  1625 W ActivityManager: Slow operation: 689ms so far, now at startProcess: building log message
09-02 03:33:22.616  1513  1625 I ActivityManager: Start proc 21381:com.android.chrome:sandboxed_process0:org.chromium.content.app.SandboxedProcessService0:38/u0ai39 for  {com.android.chrome/org.chromium.content.app.SandboxedProcessService0:38}
09-02 03:33:22.616  1513  1625 W ActivityManager: Slow operation: 689ms so far, now at startProcess: starting to update pids map
09-02 03:33:22.616  1513  1625 W ActivityManager: Slow operation: 689ms so far, now at startProcess: done updating pids map
09-02 03:33:22.616  1513  1625 W ActivityManager: Slow operation: 654ms so far, now at startProcess: asking zygote to start proc
09-02 03:33:22.616  1513  1625 D CompatibilityChangeReporter: Compat change id reported: 143937733; UID 10220; state: ENABLED
09-02 03:33:22.616 21381 21381 E cessService0:3: Not starting debugger since process cannot load the jdwp agent.
09-02 03:33:22.619 21323 21323 I cr_ChildProcessService: Creating new ChildProcessService pid=21323
09-02 03:33:22.624 21323 21360 I cr_LibraryLoader: Using ModernLinker
09-02 03:33:22.625  1513  2571 D CompatibilityChangeReporter: Compat change id reported: 136274596; UID 10220; state: ENABLED
09-02 03:33:22.626 21323 21360 W linker  : Warning: "/data/app/~~_KLlx60MH8CoecPTjMKp8g==/com.android.chrome-kw9RHYrlHKb9bPXi8OTClw==/base.apk!/lib/arm64-v8a/libchromium_android_linker.so" unused DT entry: unknown processor-specific (type 0x70000001 arg 0x0) (ignoring)
09-02 03:33:22.627 21323 21360 E cr_ChromiumAndroidLinker: ReserveAddressWithHint: Address range starting at 0x7a380d8000 was not free to use
09-02 03:33:22.629  1513  2262 D CompatibilityChangeReporter: Compat change id reported: 135634846; UID 10220; state: DISABLED
09-02 03:33:22.629  1513  2262 D CompatibilityChangeReporter: Compat change id reported: 135754954; UID 10220; state: ENABLED
09-02 03:33:22.634 20198 20198 E cr_IntentUtils: getBooleanExtra failed on intent null
09-02 03:33:22.634 20198 20198 E cr_IntentUtils: getBooleanExtra failed on intent null
09-02 03:33:22.635 21323 21402 I cr_LibraryLoader: Successfully loaded native library
09-02 03:33:22.636 21323 21402 I cr_CachingUmaRecorder: Flushed 3 samples from 3 histograms.
09-02 03:33:22.648 20198 20198 I cr_tabmodel: #isIncognitoTabBeingRestored from tabDetails:  false
09-02 03:33:22.648 20198 20198 I cr_tabmodel: #isIncognitoTabBeingRestored from tabDetails:  false
09-02 03:33:22.648 20198 20198 W cr_tabmodel: Failed to restore TabState; creating Tab with last known URL.
09-02 03:33:22.656 21347 21347 I LoadedApk: No resource references to update in package com.google.android.trichromelibrary
09-02 03:33:22.657 21347 21347 D NetworkSecurityConfig: Using Network Security Config from resource 0_resource_name_obfuscated debugBuild: false
09-02 03:33:22.658 20042 20042 D Zygote  : Forked child process 21423
09-02 03:33:22.659 20198 20198 E cr_IntentUtils: getBooleanExtra failed on intent null
09-02 03:33:22.659 20198 20198 E cr_IntentUtils: getBooleanExtra failed on intent null
09-02 03:33:22.660 21381 21381 I LoadedApk: No resource references to update in package com.google.android.trichromelibrary
09-02 03:33:22.660  1513  1625 W ActivityManager: Slow operation: 697ms so far, now at startProcess: returned from zygote!
09-02 03:33:22.660 21381 21381 D NetworkSecurityConfig: Using Network Security Config from resource 0_resource_name_obfuscated debugBuild: false
09-02 03:33:22.661 21381 21381 D NetworkSecurityConfig: Using Network Security Config from resource 0_resource_name_obfuscated debugBuild: false
09-02 03:33:22.662 21423 21423 E libc    : SetHeapTaggingLevel: re-enabling tagging after it was disabled is not supported
09-02 03:33:22.663 21381 21381 I cr_SplitCompatApp: Launched version=107.0.5304.91 minSdkVersion=29 isBundle=true processName=com.android.chrome:sandboxed_process0:org.chromium.content.app.SandboxedProcessService0:38 isIsolated=true
09-02 03:33:22.664  1513  1625 W ActivityManager: Slow operation: 702ms so far, now at startProcess: done updating battery stats
09-02 03:33:22.664  1513  1625 W ActivityManager: Slow operation: 702ms so far, now at startProcess: building log message
09-02 03:33:22.664  1513  1625 I ActivityManager: Start proc 21423:com.android.chrome:sandboxed_process0:org.chromium.content.app.SandboxedProcessService0:39/u0ai40 for  {com.android.chrome/org.chromium.content.app.SandboxedProcessService0:39}
09-02 03:33:22.664  1513  1625 W ActivityManager: Slow operation: 702ms so far, now at startProcess: starting to update pids map
09-02 03:33:22.664  1513  1625 W ActivityManager: Slow operation: 702ms so far, now at startProcess: done updating pids map
09-02 03:33:22.664  1513  1625 W ActivityManager: Slow operation: 664ms so far, now at startProcess: asking zygote to start proc
09-02 03:33:22.664  1513  1625 D CompatibilityChangeReporter: Compat change id reported: 143937733; UID 10220; state: ENABLED
09-02 03:33:22.665 20198 20198 I cr_tabmodel: #isIncognitoTabBeingRestored from tabDetails:  false
09-02 03:33:22.665 20198 20198 I cr_tabmodel: #isIncognitoTabBeingRestored from tabDetails:  false
09-02 03:33:22.665 20198 20198 W cr_tabmodel: Failed to restore TabState; creating Tab with last known URL.
09-02 03:33:22.670 21347 21347 D NetworkSecurityConfig: Using Network Security Config from resource 0_resource_name_obfuscated debugBuild: false
09-02 03:33:22.671 21347 21347 I cr_SplitCompatApp: Launched version=107.0.5304.91 minSdkVersion=29 isBundle=true processName=com.android.chrome:sandboxed_process0:org.chromium.content.app.SandboxedProcessService0:37 isIsolated=true
09-02 03:33:22.674 21423 21423 E cessService0:3: Not starting debugger since process cannot load the jdwp agent.
09-02 03:33:22.683 20198 20198 E cr_IntentUtils: getBooleanExtra failed on intent null
09-02 03:33:22.683 20198 20198 E cr_IntentUtils: getBooleanExtra failed on intent null
09-02 03:33:22.689 21347 21347 W SystemServiceRegistry: No service published for: uimode
09-02 03:33:22.692 21381 21381 W SystemServiceRegistry: No service published for: uimode
09-02 03:33:22.693 20198 20198 I cr_tabmodel: #isIncognitoTabBeingRestored from tabDetails:  false
09-02 03:33:22.693 20198 20198 I cr_tabmodel: #isIncognitoTabBeingRestored from tabDetails:  false
09-02 03:33:22.693 20198 20198 W cr_tabmodel: Failed to restore TabState; creating Tab with last known URL.
09-02 03:33:22.698 21381 21381 I cr_ChildProcessService: Creating new ChildProcessService pid=21381
09-02 03:33:22.703 21381 21403 I cr_LibraryLoader: Using ModernLinker
09-02 03:33:22.707 21381 21403 W linker  : Warning: "/data/app/~~_KLlx60MH8CoecPTjMKp8g==/com.android.chrome-kw9RHYrlHKb9bPXi8OTClw==/base.apk!/lib/arm64-v8a/libchromium_android_linker.so" unused DT entry: unknown processor-specific (type 0x70000001 arg 0x0) (ignoring)
09-02 03:33:22.707 21381 21403 E cr_ChromiumAndroidLinker: ReserveAddressWithHint: Address range starting at 0x7a380d8000 was not free to use
09-02 03:33:22.708 20198 20198 E cr_IntentUtils: getBooleanExtra failed on intent null
09-02 03:33:22.708 20198 20198 E cr_IntentUtils: getBooleanExtra failed on intent null
09-02 03:33:22.708 21347 21347 I cr_ChildProcessService: Creating new ChildProcessService pid=21347
09-02 03:33:22.717 20198 20198 I cr_tabmodel: #isIncognitoTabBeingRestored from tabDetails:  false
09-02 03:33:22.718 20198 20198 I cr_tabmodel: #isIncognitoTabBeingRestored from tabDetails:  false
09-02 03:33:22.718 20198 20198 W cr_tabmodel: Failed to restore TabState; creating Tab with last known URL.
09-02 03:33:22.718 21381 21450 I cr_LibraryLoader: Successfully loaded native library
09-02 03:33:22.719 21381 21450 I cr_CachingUmaRecorder: Flushed 3 samples from 3 histograms.
09-02 03:33:22.722  1513  2013 D CompatibilityChangeReporter: Compat change id reported: 136274596; UID 10220; state: ENABLED
09-02 03:33:22.723 20042 20042 D Zygote  : Forked child process 21458
09-02 03:33:22.729 21458 21458 E libc    : SetHeapTaggingLevel: re-enabling tagging after it was disabled is not supported
09-02 03:33:22.732 21347 21390 I cr_LibraryLoader: Using ModernLinker
09-02 03:33:22.735 21347 21390 W linker  : Warning: "/data/app/~~_KLlx60MH8CoecPTjMKp8g==/com.android.chrome-kw9RHYrlHKb9bPXi8OTClw==/base.apk!/lib/arm64-v8a/libchromium_android_linker.so" unused DT entry: unknown processor-specific (type 0x70000001 arg 0x0) (ignoring)
09-02 03:33:22.736 21347 21390 E cr_ChromiumAndroidLinker: ReserveAddressWithHint: Address range starting at 0x7a380d8000 was not free to use
09-02 03:33:22.736 20198 20198 E cr_IntentUtils: getBooleanExtra failed on intent null
09-02 03:33:22.736 20198 20198 E cr_IntentUtils: getBooleanExtra failed on intent null
09-02 03:33:22.737  1513  1625 W ActivityManager: Slow operation: 737ms so far, now at startProcess: returned from zygote!
09-02 03:33:22.737  1513  2571 D CompatibilityChangeReporter: Compat change id reported: 135634846; UID 10220; state: DISABLED
09-02 03:33:22.737  1513  2571 D CompatibilityChangeReporter: Compat change id reported: 135754954; UID 10220; state: ENABLED
09-02 03:33:22.738  1513  1625 W ActivityManager: Slow operation: 737ms so far, now at startProcess: done updating battery stats
09-02 03:33:22.738  1513  1625 W ActivityManager: Slow operation: 737ms so far, now at startProcess: building log message
09-02 03:33:22.738  1513  1625 I ActivityManager: Start proc 21458:com.android.chrome:sandboxed_process0:org.chromium.content.app.SandboxedProcessService0:40/u0ai41 for  {com.android.chrome/org.chromium.content.app.SandboxedProcessService0:40}
09-02 03:33:22.738  1513  1625 W ActivityManager: Slow operation: 738ms so far, now at startProcess: starting to update pids map
09-02 03:33:22.738  1513  1625 W ActivityManager: Slow operation: 738ms so far, now at startProcess: done updating pids map
09-02 03:33:22.738  1513  1625 W ActivityManager: Slow operation: 701ms so far, now at startProcess: asking zygote to start proc
09-02 03:33:22.738  1513  1625 D CompatibilityChangeReporter: Compat change id reported: 143937733; UID 10220; state: ENABLED
09-02 03:33:22.745 20198 20198 I cr_tabmodel: #isIncognitoTabBeingRestored from tabDetails:  false
09-02 03:33:22.745 20198 20198 I cr_tabmodel: #isIncognitoTabBeingRestored from tabDetails:  false
09-02 03:33:22.745 20198 20198 W cr_tabmodel: Failed to restore TabState; creating Tab with last known URL.
09-02 03:33:22.747 21347 21454 I cr_LibraryLoader: Successfully loaded native library
09-02 03:33:22.749 21347 21454 I cr_CachingUmaRecorder: Flushed 3 samples from 3 histograms.
09-02 03:33:22.756 21458 21458 E cessService0:4: Not starting debugger since process cannot load the jdwp agent.
09-02 03:33:22.764 20198 20198 E cr_IntentUtils: getBooleanExtra failed on intent null
09-02 03:33:22.764 20198 20198 E cr_IntentUtils: getBooleanExtra failed on intent null
09-02 03:33:22.767 20042 20042 D Zygote  : Forked child process 21485
09-02 03:33:22.769  1513  1625 W ActivityManager: Slow operation: 732ms so far, now at startProcess: returned from zygote!
09-02 03:33:22.770  1513  1625 W ActivityManager: Slow operation: 732ms so far, now at startProcess: done updating battery stats
09-02 03:33:22.770  1513  1625 W ActivityManager: Slow operation: 732ms so far, now at startProcess: building log message
09-02 03:33:22.770  1513  1625 I ActivityManager: Start proc 21485:com.android.chrome:sandboxed_process0:org.chromium.content.app.SandboxedProcessService0:41/u0ai42 for  {com.android.chrome/org.chromium.content.app.SandboxedProcessService0:41}
09-02 03:33:22.770  1513  1625 W ActivityManager: Slow operation: 732ms so far, now at startProcess: starting to update pids map
09-02 03:33:22.770  1513  1625 W ActivityManager: Slow operation: 732ms so far, now at startProcess: done updating pids map
09-02 03:33:22.770  1513  1625 W ActivityManager: Slow operation: 697ms so far, now at startProcess: asking zygote to start proc
09-02 03:33:22.770 21485 21485 E libc    : SetHeapTaggingLevel: re-enabling tagging after it was disabled is not supported
09-02 03:33:22.772 20198 20198 I cr_tabmodel: #isIncognitoTabBeingRestored from tabDetails:  false
09-02 03:33:22.772 20198 20198 I cr_tabmodel: #isIncognitoTabBeingRestored from tabDetails:  false
09-02 03:33:22.772 20198 20198 W cr_tabmodel: Failed to restore TabState; creating Tab with last known URL.
09-02 03:33:22.780 21485 21485 E cessService0:4: Not starting debugger since process cannot load the jdwp agent.
09-02 03:33:22.781 21423 21423 I LoadedApk: No resource references to update in package com.google.android.trichromelibrary
09-02 03:33:22.782 21423 21423 D NetworkSecurityConfig: Using Network Security Config from resource 0_resource_name_obfuscated debugBuild: false
09-02 03:33:22.783 21423 21423 D NetworkSecurityConfig: Using Network Security Config from resource 0_resource_name_obfuscated debugBuild: false
09-02 03:33:22.784 21423 21423 I cr_SplitCompatApp: Launched version=107.0.5304.91 minSdkVersion=29 isBundle=true processName=com.android.chrome:sandboxed_process0:org.chromium.content.app.SandboxedProcessService0:39 isIsolated=true
09-02 03:33:22.785 20198 20198 E cr_IntentUtils: getBooleanExtra failed on intent null
09-02 03:33:22.785 20198 20198 E cr_IntentUtils: getBooleanExtra failed on intent null
09-02 03:33:22.794  1513  2571 D CompatibilityChangeReporter: Compat change id reported: 136274596; UID 10220; state: ENABLED
09-02 03:33:22.795 20198 20198 I cr_tabmodel: #isIncognitoTabBeingRestored from tabDetails:  false
09-02 03:33:22.795 20198 20198 I cr_tabmodel: #isIncognitoTabBeingRestored from tabDetails:  false
09-02 03:33:22.795 20198 20198 W cr_tabmodel: Failed to restore TabState; creating Tab with last known URL.
09-02 03:33:22.799 20042 20042 D Zygote  : Forked child process 21510
09-02 03:33:22.807  1513  1625 W ActivityManager: Slow operation: 733ms so far, now at startProcess: returned from zygote!
09-02 03:33:22.808  1513  1625 W ActivityManager: Slow operation: 734ms so far, now at startProcess: done updating battery stats
09-02 03:33:22.808  1513  1625 W ActivityManager: Slow operation: 734ms so far, now at startProcess: building log message
09-02 03:33:22.808  1513  1625 I ActivityManager: Start proc 21510:com.android.chrome:sandboxed_process0:org.chromium.content.app.SandboxedProcessService0:42/u0ai43 for  {com.android.chrome/org.chromium.content.app.SandboxedProcessService0:42}
09-02 03:33:22.808  1513  1625 W ActivityManager: Slow operation: 734ms so far, now at startProcess: starting to update pids map
09-02 03:33:22.808  1513  1625 W ActivityManager: Slow operation: 735ms so far, now at startProcess: done updating pids map
09-02 03:33:22.808  1513  1625 W ActivityManager: Slow operation: 698ms so far, now at startProcess: asking zygote to start proc
09-02 03:33:22.808  1513  1625 D CompatibilityChangeReporter: Compat change id reported: 143937733; UID 10220; state: ENABLED
