09-02 02:50:56.866  6804  6804 I cr_tabmodel: #isIncognitoTabBeingRestored from tabDetails:  false
09-02 02:50:56.866  6804  6804 I cr_tabmodel: #isIncognitoTabBeingRestored from tabDetails:  false
09-02 02:50:56.866  6804  6804 W cr_tabmodel: Failed to restore TabState; creating Tab with last known URL.
09-02 02:50:56.871  1513  3221 D CompatibilityChangeReporter: Compat change id reported: 135634846; UID 10220; state: DISABLED
09-02 02:50:56.871  1513  3221 D CompatibilityChangeReporter: Compat change id reported: 135754954; UID 10220; state: ENABLED
09-02 02:50:56.877  6804  6804 E cr_IntentUtils: getBooleanExtra failed on intent null
09-02 02:50:56.877  6804  6804 E cr_IntentUtils: getBooleanExtra failed on intent null
09-02 02:50:56.879  6854  6854 D Zygote  : Forked child process 8108
09-02 02:50:56.881  1513  1625 W ActivityManager: Slow operation: 966ms so far, now at startProcess: returned from zygote!
09-02 02:50:56.881  6804  6804 I cr_tabmodel: #isIncognitoTabBeingRestored from tabDetails:  false
09-02 02:50:56.881  6804  6804 I cr_tabmodel: #isIncognitoTabBeingRestored from tabDetails:  false
09-02 02:50:56.881  6804  6804 W cr_tabmodel: Failed to restore TabState; creating Tab with last known URL.
09-02 02:50:56.881  1513  3221 D CompatibilityChangeReporter: Compat change id reported: 136274596; UID 10220; state: ENABLED
09-02 02:50:56.883  1513  1625 W ActivityManager: Slow operation: 969ms so far, now at startProcess: done updating battery stats
09-02 02:50:56.883  1513  1625 W ActivityManager: Slow operation: 969ms so far, now at startProcess: building log message
09-02 02:50:56.883  1513  1625 I ActivityManager: Start proc 8108:com.android.chrome:sandboxed_process0:org.chromium.content.app.SandboxedProcessService0:41/u0ai41 for  {com.android.chrome/org.chromium.content.app.SandboxedProcessService0:41}
09-02 02:50:56.883  1513  1625 W ActivityManager: Slow operation: 969ms so far, now at startProcess: starting to update pids map
09-02 02:50:56.883  1513  1625 W ActivityManager: Slow operation: 969ms so far, now at startProcess: done updating pids map
09-02 02:50:56.884  1513  1625 W ActivityManager: Slow operation: 937ms so far, now at startProcess: asking zygote to start proc
09-02 02:50:56.884  1513  1625 D CompatibilityChangeReporter: Compat change id reported: 143937733; UID 10220; state: ENABLED
09-02 02:50:56.889  1513  3230 D CompatibilityChangeReporter: Compat change id reported: 135634846; UID 10220; state: DISABLED
09-02 02:50:56.889  1513  3230 D CompatibilityChangeReporter: Compat change id reported: 135754954; UID 10220; state: ENABLED
09-02 02:50:56.893  8108  8108 E libc    : SetHeapTaggingLevel: re-enabling tagging after it was disabled is not supported
09-02 02:50:56.894  6804  6804 E cr_IntentUtils: getBooleanExtra failed on intent null
09-02 02:50:56.894  6804  6804 E cr_IntentUtils: getBooleanExtra failed on intent null
09-02 02:50:56.898  6804  6804 I cr_tabmodel: #isIncognitoTabBeingRestored from tabDetails:  false
09-02 02:50:56.898  6804  6804 I cr_tabmodel: #isIncognitoTabBeingRestored from tabDetails:  false
09-02 02:50:56.898  6804  6804 W cr_tabmodel: Failed to restore TabState; creating Tab with last known URL.
09-02 02:50:56.909  6804  6804 E cr_IntentUtils: getBooleanExtra failed on intent null
09-02 02:50:56.909  6804  6804 E cr_IntentUtils: getBooleanExtra failed on intent null
09-02 02:50:56.910  6854  6854 D Zygote  : Forked child process 8127
09-02 02:50:56.912  1513  1625 W ActivityManager: Slow operation: 965ms so far, now at startProcess: returned from zygote!
09-02 02:50:56.912  1513  1625 W ActivityManager: Slow operation: 966ms so far, now at startProcess: done updating battery stats
09-02 02:50:56.912  8108  8108 E cessService0:4: Not starting debugger since process cannot load the jdwp agent.
09-02 02:50:56.912  1513  1625 W ActivityManager: Slow operation: 966ms so far, now at startProcess: building log message
09-02 02:50:56.912  1513  1625 I ActivityManager: Start proc 8127:com.android.chrome:sandboxed_process0:org.chromium.content.app.SandboxedProcessService0:42/u0ai42 for  {com.android.chrome/org.chromium.content.app.SandboxedProcessService0:42}
09-02 02:50:56.912  1513  1625 W ActivityManager: Slow operation: 966ms so far, now at startProcess: starting to update pids map
09-02 02:50:56.912  1513  1625 W ActivityManager: Slow operation: 966ms so far, now at startProcess: done updating pids map
09-02 02:50:56.912  1513  1625 W ActivityManager: Slow operation: 953ms so far, now at startProcess: asking zygote to start proc
09-02 02:50:56.914  6804  6804 I cr_tabmodel: #isIncognitoTabBeingRestored from tabDetails:  false
09-02 02:50:56.914  6804  6804 I cr_tabmodel: #isIncognitoTabBeingRestored from tabDetails:  false
09-02 02:50:56.914  6804  6804 W cr_tabmodel: Failed to restore TabState; creating Tab with last known URL.
09-02 02:50:56.915  8050  8050 I LoadedApk: No resource references to update in package com.google.android.trichromelibrary
09-02 02:50:56.915  8050  8050 D NetworkSecurityConfig: Using Network Security Config from resource 0_resource_name_obfuscated debugBuild: false
09-02 02:50:56.915  8127  8127 E libc    : SetHeapTaggingLevel: re-enabling tagging after it was disabled is not supported
09-02 02:50:56.916  8050  8050 D NetworkSecurityConfig: Using Network Security Config from resource 0_resource_name_obfuscated debugBuild: false
09-02 02:50:56.918  8050  8050 I cr_SplitCompatApp: Launched version=107.0.5304.91 minSdkVersion=29 isBundle=true processName=com.android.chrome:sandboxed_process0:org.chromium.content.app.SandboxedProcessService0:39 isIsolated=true
09-02 02:50:56.925  6804  6804 E cr_IntentUtils: getBooleanExtra failed on intent null
09-02 02:50:56.925  6804  6804 E cr_IntentUtils: getBooleanExtra failed on intent null
09-02 02:50:56.925  8079  8079 I LoadedApk: No resource references to update in package com.google.android.trichromelibrary
09-02 02:50:56.926  8079  8079 D NetworkSecurityConfig: Using Network Security Config from resource 0_resource_name_obfuscated debugBuild: false
09-02 02:50:56.927  8079  8079 D NetworkSecurityConfig: Using Network Security Config from resource 0_resource_name_obfuscated debugBuild: false
09-02 02:50:56.929  8127  8127 E cessService0:4: Not starting debugger since process cannot load the jdwp agent.
09-02 02:50:56.930  6804  6804 I cr_tabmodel: #isIncognitoTabBeingRestored from tabDetails:  false
09-02 02:50:56.930  6804  6804 I cr_tabmodel: #isIncognitoTabBeingRestored from tabDetails:  false
09-02 02:50:56.930  6804  6804 W cr_tabmodel: Failed to restore TabState; creating Tab with last known URL.
09-02 02:50:56.930  8079  8079 I cr_SplitCompatApp: Launched version=107.0.5304.91 minSdkVersion=29 isBundle=true processName=com.android.chrome:sandboxed_process0:org.chromium.content.app.SandboxedProcessService0:40 isIsolated=true
09-02 02:50:56.942  6854  6854 D Zygote  : Forked child process 8153
09-02 02:50:56.944  1513  1625 W ActivityManager: Slow operation: 984ms so far, now at startProcess: returned from zygote!
09-02 02:50:56.946  1513  2013 D CompatibilityChangeReporter: Compat change id reported: 136274596; UID 10220; state: ENABLED
09-02 02:50:56.947  1513  1625 W ActivityManager: Slow operation: 988ms so far, now at startProcess: done updating battery stats
09-02 02:50:56.947  1513  1625 W ActivityManager: Slow operation: 988ms so far, now at startProcess: building log message
09-02 02:50:56.947  1513  1625 I ActivityManager: Start proc 8153:com.android.chrome:sandboxed_process0:org.chromium.content.app.SandboxedProcessService0:43/u0ai43 for  {com.android.chrome/org.chromium.content.app.SandboxedProcessService0:43}
09-02 02:50:56.947  1513  1625 W ActivityManager: Slow operation: 988ms so far, now at startProcess: starting to update pids map
09-02 02:50:56.948  6804  6804 E cr_IntentUtils: getBooleanExtra failed on intent null
09-02 02:50:56.948  6804  6804 E cr_IntentUtils: getBooleanExtra failed on intent null
09-02 02:50:56.948  1513  1625 W ActivityManager: Slow operation: 989ms so far, now at startProcess: done updating pids map
09-02 02:50:56.948  1513  1625 W ActivityManager: Slow operation: 946ms so far, now at startProcess: asking zygote to start proc
09-02 02:50:56.949  1513  1625 D CompatibilityChangeReporter: Compat change id reported: 143937733; UID 10220; state: ENABLED
09-02 02:50:56.952  8022  8063 I cr_LibraryLoader: Using ModernLinker
09-02 02:50:56.953  8022  8063 W linker  : Warning: "/data/app/~~_KLlx60MH8CoecPTjMKp8g==/com.android.chrome-kw9RHYrlHKb9bPXi8OTClw==/base.apk!/lib/arm64-v8a/libchromium_android_linker.so" unused DT entry: unknown processor-specific (type 0x70000001 arg 0x0) (ignoring)
09-02 02:50:56.953  8022  8063 E cr_ChromiumAndroidLinker: ReserveAddressWithHint: Address range starting at 0x7a38704000 was not free to use
09-02 02:50:56.953  1513  3227 D CompatibilityChangeReporter: Compat change id reported: 136274596; UID 10220; state: ENABLED
09-02 02:50:56.956  8153  8153 E libc    : SetHeapTaggingLevel: re-enabling tagging after it was disabled is not supported
09-02 02:50:56.957  8022  8094 I cr_LibraryLoader: Successfully loaded native library
09-02 02:50:56.959  6804  6804 I cr_tabmodel: #isIncognitoTabBeingRestored from tabDetails:  false
09-02 02:50:56.959  6804  6804 I cr_tabmodel: #isIncognitoTabBeingRestored from tabDetails:  false
09-02 02:50:56.959  6804  6804 W cr_tabmodel: Failed to restore TabState; creating Tab with last known URL.
09-02 02:50:56.960  8022  8094 I cr_CachingUmaRecorder: Flushed 3 samples from 3 histograms.
09-02 02:50:56.968  8079  8079 W SystemServiceRegistry: No service published for: uimode
09-02 02:50:56.972  6804  6804 E cr_IntentUtils: getBooleanExtra failed on intent null
09-02 02:50:56.972  6804  6804 E cr_IntentUtils: getBooleanExtra failed on intent null
09-02 02:50:56.972  8079  8079 I cr_ChildProcessService: Creating new ChildProcessService pid=8079
09-02 02:50:56.976  1513  3221 D CompatibilityChangeReporter: Compat change id reported: 135634846; UID 10220; state: DISABLED
09-02 02:50:56.977  1513  3221 D CompatibilityChangeReporter: Compat change id reported: 135754954; UID 10220; state: ENABLED
09-02 02:50:56.978  6804  6804 I cr_tabmodel: #isIncognitoTabBeingRestored from tabDetails:  false
09-02 02:50:56.978  6804  6804 I cr_tabmodel: #isIncognitoTabBeingRestored from tabDetails:  false
09-02 02:50:56.978  6804  6804 W cr_tabmodel: Failed to restore TabState; creating Tab with last known URL.
09-02 02:50:56.990  8050  8050 W SystemServiceRegistry: No service published for: uimode
09-02 02:50:56.992  8108  8108 I LoadedApk: No resource references to update in package com.google.android.trichromelibrary
09-02 02:50:56.992  8108  8108 D NetworkSecurityConfig: Using Network Security Config from resource 0_resource_name_obfuscated debugBuild: false
09-02 02:50:56.993  8108  8108 D NetworkSecurityConfig: Using Network Security Config from resource 0_resource_name_obfuscated debugBuild: false
09-02 02:50:56.995  6804  6804 E cr_IntentUtils: getBooleanExtra failed on intent null
09-02 02:50:56.995  6804  6804 E cr_IntentUtils: getBooleanExtra failed on intent null
09-02 02:50:57.000  8050  8050 I cr_ChildProcessService: Creating new ChildProcessService pid=8050
09-02 02:50:57.005  8108  8108 I cr_SplitCompatApp: Launched version=107.0.5304.91 minSdkVersion=29 isBundle=true processName=com.android.chrome:sandboxed_process0:org.chromium.content.app.SandboxedProcessService0:41 isIsolated=true
09-02 02:50:57.011  6804  6804 I cr_tabmodel: #isIncognitoTabBeingRestored from tabDetails:  false
09-02 02:50:57.011  6804  6804 I cr_tabmodel: #isIncognitoTabBeingRestored from tabDetails:  false
09-02 02:50:57.011  6804  6804 W cr_tabmodel: Failed to restore TabState; creating Tab with last known URL.
09-02 02:50:57.012  8127  8127 I LoadedApk: No resource references to update in package com.google.android.trichromelibrary
09-02 02:50:57.013  8127  8127 D NetworkSecurityConfig: Using Network Security Config from resource 0_resource_name_obfuscated debugBuild: false
09-02 02:50:57.014  8079  8113 I cr_LibraryLoader: Using ModernLinker
09-02 02:50:57.015  6854  6854 D Zygote  : Forked child process 8181
09-02 02:50:57.015  8079  8113 W linker  : Warning: "/data/app/~~_KLlx60MH8CoecPTjMKp8g==/com.android.chrome-kw9RHYrlHKb9bPXi8OTClw==/base.apk!/lib/arm64-v8a/libchromium_android_linker.so" unused DT entry: unknown processor-specific (type 0x70000001 arg 0x0) (ignoring)
09-02 02:50:57.017  8079  8113 E cr_ChromiumAndroidLinker: ReserveAddressWithHint: Address range starting at 0x7a38704000 was not free to use
09-02 02:50:57.017  8181  8181 E libc    : SetHeapTaggingLevel: re-enabling tagging after it was disabled is not supported
09-02 02:50:57.018  8050  8101 I cr_LibraryLoader: Using ModernLinker
09-02 02:50:57.019  8127  8127 D NetworkSecurityConfig: Using Network Security Config from resource 0_resource_name_obfuscated debugBuild: false
09-02 02:50:57.021  8050  8101 W linker  : Warning: "/data/app/~~_KLlx60MH8CoecPTjMKp8g==/com.android.chrome-kw9RHYrlHKb9bPXi8OTClw==/base.apk!/lib/arm64-v8a/libchromium_android_linker.so" unused DT entry: unknown processor-specific (type 0x70000001 arg 0x0) (ignoring)
09-02 02:50:57.021  8127  8127 I cr_SplitCompatApp: Launched version=107.0.5304.91 minSdkVersion=29 isBundle=true processName=com.android.chrome:sandboxed_process0:org.chromium.content.app.SandboxedProcessService0:42 isIsolated=true
09-02 02:50:57.023  1513  1625 W ActivityManager: Slow operation: 1021ms so far, now at startProcess: returned from zygote!
09-02 02:50:57.024  1513  1625 W ActivityManager: Slow operation: 1021ms so far, now at startProcess: done updating battery stats
09-02 02:50:57.024  1513  1625 W ActivityManager: Slow operation: 1021ms so far, now at startProcess: building log message
09-02 02:50:57.024  1513  1625 I ActivityManager: Start proc 8181:com.android.chrome:sandboxed_process0:org.chromium.content.app.SandboxedProcessService0:44/u0ai44 for  {com.android.chrome/org.chromium.content.app.SandboxedProcessService0:44}
09-02 02:50:57.024  1513  1625 W ActivityManager: Slow operation: 1022ms so far, now at startProcess: starting to update pids map
09-02 02:50:57.024  1513  1625 W ActivityManager: Slow operation: 1022ms so far, now at startProcess: done updating pids map
09-02 02:50:57.024  1513  1625 W ActivityManager: Slow operation: 1004ms so far, now at startProcess: asking zygote to start proc
09-02 02:50:57.024  1513  1625 D CompatibilityChangeReporter: Compat change id reported: 143937733; UID 10220; state: ENABLED
09-02 02:50:57.026  8050  8101 E cr_ChromiumAndroidLinker: ReserveAddressWithHint: Address range starting at 0x7a38704000 was not free to use
09-02 02:50:57.028  6804  6804 E cr_IntentUtils: getBooleanExtra failed on intent null
09-02 02:50:57.028  6804  6804 E cr_IntentUtils: getBooleanExtra failed on intent null
09-02 02:50:57.030  8079  8164 I cr_LibraryLoader: Successfully loaded native library
09-02 02:50:57.031  8079  8164 I cr_CachingUmaRecorder: Flushed 3 samples from 3 histograms.
09-02 02:50:57.035  8153  8153 E cessService0:4: Not starting debugger since process cannot load the jdwp agent.
09-02 02:50:57.036  8108  8108 W SystemServiceRegistry: No service published for: uimode
09-02 02:50:57.037  6804  6804 I cr_tabmodel: #isIncognitoTabBeingRestored from tabDetails:  false
09-02 02:50:57.037  6804  6804 I cr_tabmodel: #isIncognitoTabBeingRestored from tabDetails:  false
09-02 02:50:57.037  6804  6804 W cr_tabmodel: Failed to restore TabState; creating Tab with last known URL.
09-02 02:50:57.043  8108  8108 I cr_ChildProcessService: Creating new ChildProcessService pid=8108
09-02 02:50:57.047  8127  8127 W SystemServiceRegistry: No service published for: uimode
09-02 02:50:57.048  8108  8159 I cr_LibraryLoader: Using ModernLinker
09-02 02:50:57.049  8108  8159 W linker  : Warning: "/data/app/~~_KLlx60MH8CoecPTjMKp8g==/com.android.chrome-kw9RHYrlHKb9bPXi8OTClw==/base.apk!/lib/arm64-v8a/libchromium_android_linker.so" unused DT entry: unknown processor-specific (type 0x70000001 arg 0x0) (ignoring)
09-02 02:50:57.049  8108  8159 E cr_ChromiumAndroidLinker: ReserveAddressWithHint: Address range starting at 0x7a38704000 was not free to use
09-02 02:50:57.052  8127  8127 I cr_ChildProcessService: Creating new ChildProcessService pid=8127
09-02 02:50:57.054  6854  6854 D Zygote  : Forked child process 8201
09-02 02:50:57.058  6804  6804 E cr_IntentUtils: getBooleanExtra failed on intent null
09-02 02:50:57.058  6804  6804 E cr_IntentUtils: getBooleanExtra failed on intent null
09-02 02:50:57.058  8181  8181 E cessService0:4: Not starting debugger since process cannot load the jdwp agent.
09-02 02:50:57.058  1513  3230 D CompatibilityChangeReporter: Compat change id reported: 136274596; UID 10220; state: ENABLED
09-02 02:50:57.063  6804  6804 I cr_tabmodel: #isIncognitoTabBeingRestored from tabDetails:  false
09-02 02:50:57.063  6804  6804 I cr_tabmodel: #isIncognitoTabBeingRestored from tabDetails:  false
09-02 02:50:57.063  6804  6804 W cr_tabmodel: Failed to restore TabState; creating Tab with last known URL.
09-02 02:50:57.064  8201  8201 E libc    : SetHeapTaggingLevel: re-enabling tagging after it was disabled is not supported
09-02 02:50:57.074  1513  3241 D CompatibilityChangeReporter: Compat change id reported: 135634846; UID 10220; state: DISABLED
09-02 02:50:57.074  1513  3241 D CompatibilityChangeReporter: Compat change id reported: 135754954; UID 10220; state: ENABLED
09-02 02:50:57.076  8108  8198 I cr_LibraryLoader: Successfully loaded native library
09-02 02:50:57.077  6804  6804 E cr_IntentUtils: getBooleanExtra failed on intent null
09-02 02:50:57.077  6804  6804 E cr_IntentUtils: getBooleanExtra failed on intent null
09-02 02:50:57.077  8108  8198 I cr_CachingUmaRecorder: Flushed 3 samples from 3 histograms.
09-02 02:50:57.078  1513  1625 W ActivityManager: Slow operation: 1057ms so far, now at startProcess: returned from zygote!
09-02 02:50:57.078  1513  1625 W ActivityManager: Slow operation: 1058ms so far, now at startProcess: done updating battery stats
09-02 02:50:57.078  1513  1625 W ActivityManager: Slow operation: 1058ms so far, now at startProcess: building log message
09-02 02:50:57.078  1513  1625 I ActivityManager: Start proc 8201:com.android.chrome:sandboxed_process0:org.chromium.content.app.SandboxedProcessService0:45/u0ai45 for  {com.android.chrome/org.chromium.content.app.SandboxedProcessService0:45}
09-02 02:50:57.078  1513  1625 W ActivityManager: Slow operation: 1058ms so far, now at startProcess: starting to update pids map
09-02 02:50:57.078  1513  1625 W ActivityManager: Slow operation: 1058ms so far, now at startProcess: done updating pids map
09-02 02:50:57.078  1513  1625 W ActivityManager: Slow operation: 1034ms so far, now at startProcess: asking zygote to start proc
09-02 02:50:57.079  1513  1625 D CompatibilityChangeReporter: Compat change id reported: 143937733; UID 10220; state: ENABLED
09-02 02:50:57.080  6804  6804 I cr_tabmodel: #isIncognitoTabBeingRestored from tabDetails:  false
09-02 02:50:57.080  6804  6804 I cr_tabmodel: #isIncognitoTabBeingRestored from tabDetails:  false
09-02 02:50:57.080  6804  6804 W cr_tabmodel: Failed to restore TabState; creating Tab with last known URL.
09-02 02:50:57.084  8127  8166 I cr_LibraryLoader: Using ModernLinker
09-02 02:50:57.088  8127  8166 W linker  : Warning: "/data/app/~~_KLlx60MH8CoecPTjMKp8g==/com.android.chrome-kw9RHYrlHKb9bPXi8OTClw==/base.apk!/lib/arm64-v8a/libchromium_android_linker.so" unused DT entry: unknown processor-specific (type 0x70000001 arg 0x0) (ignoring)
09-02 02:50:57.089  8127  8166 E cr_ChromiumAndroidLinker: ReserveAddressWithHint: Address range starting at 0x7a38704000 was not free to use
09-02 02:50:57.090  8050  8177 I cr_LibraryLoader: Successfully loaded native library
09-02 02:50:57.091  8153  8153 I LoadedApk: No resource references to update in package com.google.android.trichromelibrary
09-02 02:50:57.091  8153  8153 D NetworkSecurityConfig: Using Network Security Config from resource 0_resource_name_obfuscated debugBuild: false
09-02 02:50:57.092  6804  6804 E cr_IntentUtils: getBooleanExtra failed on intent null
09-02 02:50:57.092  6804  6804 E cr_IntentUtils: getBooleanExtra failed on intent null
09-02 02:50:57.092  8153  8153 D NetworkSecurityConfig: Using Network Security Config from resource 0_resource_name_obfuscated debugBuild: false
09-02 02:50:57.094  8153  8153 I cr_SplitCompatApp: Launched version=107.0.5304.91 minSdkVersion=29 isBundle=true processName=com.android.chrome:sandboxed_process0:org.chromium.content.app.SandboxedProcessService0:43 isIsolated=true
09-02 02:50:57.097  6804  6804 I cr_tabmodel: #isIncognitoTabBeingRestored from tabDetails:  false
09-02 02:50:57.097  6804  6804 I cr_tabmodel: #isIncognitoTabBeingRestored from tabDetails:  false
09-02 02:50:57.097  6804  6804 W cr_tabmodel: Failed to restore TabState; creating Tab with last known URL.
09-02 02:50:57.097  8201  8201 E cessService0:4: Not starting debugger since process cannot load the jdwp agent.
09-02 02:50:57.098  8127  8199 I cr_LibraryLoader: Successfully loaded native library
09-02 02:50:57.102  8127  8199 I cr_CachingUmaRecorder: Flushed 3 samples from 3 histograms.
09-02 02:50:57.107  6804  6804 E cr_IntentUtils: getBooleanExtra failed on intent null
09-02 02:50:57.107  6804  6804 E cr_IntentUtils: getBooleanExtra failed on intent null
09-02 02:50:57.114  1513  3230 D CompatibilityChangeReporter: Compat change id reported: 136274596; UID 10220; state: ENABLED
09-02 02:50:57.114  6804  6804 I cr_tabmodel: #isIncognitoTabBeingRestored from tabDetails:  false
09-02 02:50:57.114  6804  6804 I cr_tabmodel: #isIncognitoTabBeingRestored from tabDetails:  false
09-02 02:50:57.115  6804  6804 W cr_tabmodel: Failed to restore TabState; creating Tab with last known URL.
09-02 02:50:57.116  8153  8153 W SystemServiceRegistry: No service published for: uimode
09-02 02:50:57.118  6854  6854 D Zygote  : Forked child process 8239
09-02 02:50:57.121  1513  3241 D CompatibilityChangeReporter: Compat change id reported: 136274596; UID 10220; state: ENABLED
09-02 02:50:57.123  8153  8153 I cr_ChildProcessService: Creating new ChildProcessService pid=8153
09-02 02:50:57.128  1513  2169 D CompatibilityChangeReporter: Compat change id reported: 135634846; UID 10220; state: DISABLED
09-02 02:50:57.128  1513  2169 D CompatibilityChangeReporter: Compat change id reported: 135754954; UID 10220; state: ENABLED
09-02 02:50:57.129  6804  6804 E cr_IntentUtils: getBooleanExtra failed on intent null
09-02 02:50:57.129  6804  6804 E cr_IntentUtils: getBooleanExtra failed on intent null
09-02 02:50:57.133  6804  6804 I cr_tabmodel: #isIncognitoTabBeingRestored from tabDetails:  false
09-02 02:50:57.133  6804  6804 I cr_tabmodel: #isIncognitoTabBeingRestored from tabDetails:  false
09-02 02:50:57.133  6804  6804 W cr_tabmodel: Failed to restore TabState; creating Tab with last known URL.
09-02 02:50:57.134  1513  1625 W ActivityManager: Slow operation: 1089ms so far, now at startProcess: returned from zygote!
09-02 02:50:57.134  1513  1625 W ActivityManager: Slow operation: 1090ms so far, now at startProcess: done updating battery stats
09-02 02:50:57.134  1513  1625 W ActivityManager: Slow operation: 1090ms so far, now at startProcess: building log message
09-02 02:50:57.134  1513  1625 I ActivityManager: Start proc 8239:com.android.chrome:sandboxed_process0:org.chromium.content.app.SandboxedProcessService0:46/u0ai46 for  {com.android.chrome/org.chromium.content.app.SandboxedProcessService0:46}
09-02 02:50:57.134  1513  1625 W ActivityManager: Slow operation: 1090ms so far, now at startProcess: starting to update pids map
09-02 02:50:57.134  1513  1625 W ActivityManager: Slow operation: 1090ms so far, now at startProcess: done updating pids map
09-02 02:50:57.134  1513  1625 W ActivityManager: Slow operation: 1054ms so far, now at startProcess: asking zygote to start proc
09-02 02:50:57.134  1513  1625 D CompatibilityChangeReporter: Compat change id reported: 143937733; UID 10220; state: ENABLED
09-02 02:50:57.136  8153  8208 I cr_LibraryLoader: Using ModernLinker
09-02 02:50:57.137  8153  8208 W linker  : Warning: "/data/app/~~_KLlx60MH8CoecPTjMKp8g==/com.android.chrome-kw9RHYrlHKb9bPXi8OTClw==/base.apk!/lib/arm64-v8a/libchromium_android_linker.so" unused DT entry: unknown processor-specific (type 0x70000001 arg 0x0) (ignoring)
09-02 02:50:57.137  8153  8208 E cr_ChromiumAndroidLinker: ReserveAddressWithHint: Address range starting at 0x7a38704000 was not free to use
09-02 02:50:57.141  8239  8239 E libc    : SetHeapTaggingLevel: re-enabling tagging after it was disabled is not supported
09-02 02:50:57.150  6804  6804 E cr_IntentUtils: getBooleanExtra failed on intent null
09-02 02:50:57.150  6804  6804 E cr_IntentUtils: getBooleanExtra failed on intent null
09-02 02:50:57.155  8153  8245 I cr_LibraryLoader: Successfully loaded native library
09-02 02:50:57.155  8153  8245 I cr_CachingUmaRecorder: Flushed 3 samples from 3 histograms.
09-02 02:50:57.156  8239  8239 E cessService0:4: Not starting debugger since process cannot load the jdwp agent.
09-02 02:50:57.160  6804  6804 I cr_tabmodel: #isIncognitoTabBeingRestored from tabDetails:  false
09-02 02:50:57.160  6804  6804 I cr_tabmodel: #isIncognitoTabBeingRestored from tabDetails:  false
09-02 02:50:57.160  6804  6804 W cr_tabmodel: Failed to restore TabState; creating Tab with last known URL.
09-02 02:50:57.175  6854  6854 D Zygote  : Forked child process 8269
09-02 02:50:57.175  6804  6804 E cr_IntentUtils: getBooleanExtra failed on intent null
09-02 02:50:57.175  6804  6804 E cr_IntentUtils: getBooleanExtra failed on intent null
09-02 02:50:57.176  8050  8177 I cr_CachingUmaRecorder: Flushed 3 samples from 3 histograms.
09-02 02:50:57.176  1513  1625 W ActivityManager: Slow operation: 1096ms so far, now at startProcess: returned from zygote!
09-02 02:50:57.177  1513  1625 W ActivityManager: Slow operation: 1096ms so far, now at startProcess: done updating battery stats
09-02 02:50:57.177  1513  1625 W ActivityManager: Slow operation: 1096ms so far, now at startProcess: building log message
09-02 02:50:57.177  1513  1625 I ActivityManager: Start proc 8269:com.android.chrome:sandboxed_process0:org.chromium.content.app.SandboxedProcessService0:47/u0ai47 for  {com.android.chrome/org.chromium.content.app.SandboxedProcessService0:47}
09-02 02:50:57.177  1513  1625 W ActivityManager: Slow operation: 1096ms so far, now at startProcess: starting to update pids map
09-02 02:50:57.177  1513  1625 W ActivityManager: Slow operation: 1097ms so far, now at startProcess: done updating pids map
09-02 02:50:57.177  1513  1625 W ActivityManager: Slow operation: 1065ms so far, now at startProcess: asking zygote to start proc
09-02 02:50:57.179  8269  8269 E libc    : SetHeapTaggingLevel: re-enabling tagging after it was disabled is not supported
09-02 02:50:57.181  6804  6804 I cr_tabmodel: #isIncognitoTabBeingRestored from tabDetails:  false
09-02 02:50:57.181  6804  6804 I cr_tabmodel: #isIncognitoTabBeingRestored from tabDetails:  false
09-02 02:50:57.182  6804  6804 W cr_tabmodel: Failed to restore TabState; creating Tab with last known URL.
09-02 02:50:57.185  1513  3221 D CompatibilityChangeReporter: Compat change id reported: 136274596; UID 10220; state: ENABLED
09-02 02:50:57.190  1513  3227 D CompatibilityChangeReporter: Compat change id reported: 135634846; UID 10220; state: DISABLED
09-02 02:50:57.190  8269  8269 E cessService0:4: Not starting debugger since process cannot load the jdwp agent.
09-02 02:50:57.191  1513  3227 D CompatibilityChangeReporter: Compat change id reported: 135754954; UID 10220; state: ENABLED
09-02 02:50:57.192  6804  6804 E cr_IntentUtils: getBooleanExtra failed on intent null
09-02 02:50:57.192  6804  6804 E cr_IntentUtils: getBooleanExtra failed on intent null
09-02 02:50:57.198  6804  6804 I cr_tabmodel: #isIncognitoTabBeingRestored from tabDetails:  false
09-02 02:50:57.198  6804  6804 I cr_tabmodel: #isIncognitoTabBeingRestored from tabDetails:  false
09-02 02:50:57.198  6804  6804 W cr_tabmodel: Failed to restore TabState; creating Tab with last known URL.
09-02 02:50:57.207  8181  8181 I LoadedApk: No resource references to update in package com.google.android.trichromelibrary
09-02 02:50:57.207  8181  8181 D NetworkSecurityConfig: Using Network Security Config from resource 0_resource_name_obfuscated debugBuild: false
09-02 02:50:57.209  8181  8181 D NetworkSecurityConfig: Using Network Security Config from resource 0_resource_name_obfuscated debugBuild: false
09-02 02:50:57.210  6804  6804 E cr_IntentUtils: getBooleanExtra failed on intent null
09-02 02:50:57.211  6804  6804 E cr_IntentUtils: getBooleanExtra failed on intent null
09-02 02:50:57.214  8201  8201 I LoadedApk: No resource references to update in package com.google.android.trichromelibrary
09-02 02:50:57.214  8201  8201 D NetworkSecurityConfig: Using Network Security Config from resource 0_resource_name_obfuscated debugBuild: false
09-02 02:50:57.216  8201  8201 D NetworkSecurityConfig: Using Network Security Config from resource 0_resource_name_obfuscated debugBuild: false
09-02 02:50:57.216  6804  6804 I cr_tabmodel: #isIncognitoTabBeingRestored from tabDetails:  false
09-02 02:50:57.216  6804  6804 I cr_tabmodel: #isIncognitoTabBeingRestored from tabDetails:  false
09-02 02:50:57.216  6804  6804 W cr_tabmodel: Failed to restore TabState; creating Tab with last known URL.
09-02 02:50:57.218  6854  6854 D Zygote  : Forked child process 8289
09-02 02:50:57.220  1513  1625 W ActivityManager: Slow operation: 1107ms so far, now at startProcess: returned from zygote!
09-02 02:50:57.220  8201  8201 I cr_SplitCompatApp: Launched version=107.0.5304.91 minSdkVersion=29 isBundle=true processName=com.android.chrome:sandboxed_process0:org.chromium.content.app.SandboxedProcessService0:45 isIsolated=true
09-02 02:50:57.222  1513  2169 D CompatibilityChangeReporter: Compat change id reported: 136274596; UID 10220; state: ENABLED
09-02 02:50:57.223  6804  6853 W cr_ChildConnAllocator: Ran out of UIDs to allocate.
09-02 02:50:57.224  1513  1625 W ActivityManager: Slow operation: 1111ms so far, now at startProcess: done updating battery stats
09-02 02:50:57.224  1513  1625 W ActivityManager: Slow operation: 1112ms so far, now at startProcess: building log message
09-02 02:50:57.224  1513  1625 I ActivityManager: Start proc 8289:com.android.chrome:sandboxed_process0:org.chromium.content.app.SandboxedProcessService0:48/u0ai48 for  {com.android.chrome/org.chromium.content.app.SandboxedProcessService0:48}
09-02 02:50:57.224  1513  1625 W ActivityManager: Slow operation: 1112ms so far, now at startProcess: starting to update pids map
09-02 02:50:57.224  1513  1625 W ActivityManager: Slow operation: 1112ms so far, now at startProcess: done updating pids map
09-02 02:50:57.224  1513  1625 W ActivityManager: Slow operation: 1086ms so far, now at startProcess: asking zygote to start proc
09-02 02:50:57.224  1513  1625 D CompatibilityChangeReporter: Compat change id reported: 143937733; UID 10220; state: ENABLED
09-02 02:50:57.226  8181  8181 I cr_SplitCompatApp: Launched version=107.0.5304.91 minSdkVersion=29 isBundle=true processName=com.android.chrome:sandboxed_process0:org.chromium.content.app.SandboxedProcessService0:44 isIsolated=true
09-02 02:50:57.227  8239  8239 I LoadedApk: No resource references to update in package com.google.android.trichromelibrary
09-02 02:50:57.227  8239  8239 D NetworkSecurityConfig: Using Network Security Config from resource 0_resource_name_obfuscated debugBuild: false
09-02 02:50:57.227  1513  3221 I ActivityManager: Killing 6956:com.android.chrome:sandboxed_process0:org.chromium.content.app.SandboxedProcessService0:1/u0a220i-8999 (adj 0): isolated not needed
09-02 02:50:57.228  1513  1640 I libprocessgroup: Successfully killed process cgroup uid 90001 pid 6956 in 0ms
09-02 02:50:57.229  6804  6804 E cr_IntentUtils: getBooleanExtra failed on intent null
09-02 02:50:57.229  6804  6804 E cr_IntentUtils: getBooleanExtra failed on intent null
09-02 02:50:57.230  8239  8239 D NetworkSecurityConfig: Using Network Security Config from resource 0_resource_name_obfuscated debugBuild: false
09-02 02:50:57.232  8239  8239 I cr_SplitCompatApp: Launched version=107.0.5304.91 minSdkVersion=29 isBundle=true processName=com.android.chrome:sandboxed_process0:org.chromium.content.app.SandboxedProcessService0:46 isIsolated=true
09-02 02:50:57.232  6804  6804 I cr_tabmodel: #isIncognitoTabBeingRestored from tabDetails:  false
09-02 02:50:57.232  6804  6804 I cr_tabmodel: #isIncognitoTabBeingRestored from tabDetails:  false
09-02 02:50:57.232  6804  6804 W cr_tabmodel: Failed to restore TabState; creating Tab with last known URL.
09-02 02:50:57.234  1513  3221 D CompatibilityChangeReporter: Compat change id reported: 135634846; UID 10220; state: DISABLED
09-02 02:50:57.234  1513  3221 D CompatibilityChangeReporter: Compat change id reported: 135754954; UID 10220; state: ENABLED
09-02 02:50:57.238  8289  8289 E libc    : SetHeapTaggingLevel: re-enabling tagging after it was disabled is not supported
09-02 02:50:57.243  8289  8289 E cessService0:4: Not starting debugger since process cannot load the jdwp agent.
09-02 02:50:57.247  6804  6853 W cr_ChildConnAllocator: Ran out of UIDs to allocate.
09-02 02:50:57.251  1513  3227 I ActivityManager: Killing 6973:com.android.chrome:sandboxed_process0:org.chromium.content.app.SandboxedProcessService0:2/u0a220i-8998 (adj 0): isolated not needed
09-02 02:50:57.252  1513  1640 I libprocessgroup: Successfully killed process cgroup uid 90002 pid 6973 in 0ms
09-02 02:50:57.254  8181  8181 W SystemServiceRegistry: No service published for: uimode
09-02 02:50:57.254  6804  6804 E cr_IntentUtils: getBooleanExtra failed on intent null
09-02 02:50:57.255  6804  6804 E cr_IntentUtils: getBooleanExtra failed on intent null
09-02 02:50:57.256  8201  8201 W SystemServiceRegistry: No service published for: uimode
09-02 02:50:57.259  8239  8239 W SystemServiceRegistry: No service published for: uimode
09-02 02:50:57.260  6804  6804 I cr_tabmodel: #isIncognitoTabBeingRestored from tabDetails:  false
09-02 02:50:57.260  6804  6804 I cr_tabmodel: #isIncognitoTabBeingRestored from tabDetails:  false
09-02 02:50:57.261  6804  6804 W cr_tabmodel: Failed to restore TabState; creating Tab with last known URL.
09-02 02:50:57.264  6854  6854 D Zygote  : Forked child process 8312
09-02 02:50:57.265  1513  1625 W ActivityManager: Slow operation: 1127ms so far, now at startProcess: returned from zygote!
09-02 02:50:57.266  1513  1625 W ActivityManager: Slow operation: 1127ms so far, now at startProcess: done updating battery stats
09-02 02:50:57.266  1513  1625 W ActivityManager: Slow operation: 1127ms so far, now at startProcess: building log message
09-02 02:50:57.266  1513  1625 I ActivityManager: Start proc 8312:com.android.chrome:sandboxed_process0:org.chromium.content.app.SandboxedProcessService0:49/u0ai49 for  {com.android.chrome/org.chromium.content.app.SandboxedProcessService0:49}
09-02 02:50:57.266  1513  1625 W ActivityManager: Slow operation: 1128ms so far, now at startProcess: starting to update pids map
09-02 02:50:57.266  8239  8239 I cr_ChildProcessService: Creating new ChildProcessService pid=8239
09-02 02:50:57.266  1513  1625 W ActivityManager: Slow operation: 1128ms so far, now at startProcess: done updating pids map
09-02 02:50:57.266  1513  1625 W ActivityManager: Slow operation: 1092ms so far, now at startProcess: asking zygote to start proc
09-02 02:50:57.267  8312  8312 E libc    : SetHeapTaggingLevel: re-enabling tagging after it was disabled is not supported
09-02 02:50:57.270  8201  8201 I cr_ChildProcessService: Creating new ChildProcessService pid=8201
09-02 02:50:57.271  6804  6853 W cr_ChildConnAllocator: Ran out of UIDs to allocate.
09-02 02:50:57.274  6984  6984 I cr_ChildProcessService: Destroying ChildProcessService pid=6984
09-02 02:50:57.275  1513  3227 I ActivityManager: Killing 6984:com.android.chrome:sandboxed_process0:org.chromium.content.app.SandboxedProcessService0:3/u0a220i-8997 (adj 0): isolated not needed
09-02 02:50:57.275  6804  6804 E cr_IntentUtils: getBooleanExtra failed on intent null
09-02 02:50:57.275  1513  1640 I libprocessgroup: Successfully killed process cgroup uid 90003 pid 6984 in 0ms
09-02 02:50:57.275  6804  6804 E cr_IntentUtils: getBooleanExtra failed on intent null
09-02 02:50:57.280  8312  8312 E cessService0:4: Not starting debugger since process cannot load the jdwp agent.
09-02 02:50:57.283  6804  6804 I cr_tabmodel: #isIncognitoTabBeingRestored from tabDetails:  false
09-02 02:50:57.283  6804  6804 I cr_tabmodel: #isIncognitoTabBeingRestored from tabDetails:  false
09-02 02:50:57.283  6804  6804 W cr_tabmodel: Failed to restore TabState; creating Tab with last known URL.
09-02 02:50:57.283  1513  2013 W ActivityManager: Failed making new process record for com.android.chrome:sandboxed_process0:org.chromium.content.app.SandboxedProcessService0:100/10220 isolated=true
09-02 02:50:57.283  1513  2013 W ActivityManager: Unable to launch app com.android.chrome/10220 for service Intent { cmp=com.android.chrome/org.chromium.content.app.SandboxedProcessService0 }: process is bad
09-02 02:50:57.284  6804  6853 W cr_ChildProcessConn: Fallback to ComponentInfo{com.android.chrome/org.chromium.content.app.SandboxedProcessService1}
09-02 02:50:57.289  6804  6853 W cr_ChildConnAllocator: Ran out of UIDs to allocate.
09-02 02:50:57.292  1513  2013 E ProcessStats: Executing service ServiceState{cf3a3d8 org.chromium.content.app.SandboxedProcessService0 pkg=com.android.chrome proc=b8c331} without owner
09-02 02:50:57.293  6804  6804 E cr_IntentUtils: getBooleanExtra failed on intent null
09-02 02:50:57.293  6804  6804 E cr_IntentUtils: getBooleanExtra failed on intent null
09-02 02:50:57.293  1513  1624 I DropBoxManagerService: add tag=system_server_wtf isTagEnabled=true flags=0x2
09-02 02:50:57.295  1513  2013 D CompatibilityChangeReporter: Compat change id reported: 136274596; UID 10220; state: ENABLED
09-02 02:50:57.296  1513  3223 E ProcessStats: Executing service ServiceState{cf3a3d8 org.chromium.content.app.SandboxedProcessService0 pkg=com.android.chrome proc=b8c331} without owner
09-02 02:50:57.297  6804  6804 I cr_tabmodel: #isIncognitoTabBeingRestored from tabDetails:  false
09-02 02:50:57.297  6804  6804 I cr_tabmodel: #isIncognitoTabBeingRestored from tabDetails:  false
09-02 02:50:57.297  6804  6804 W cr_tabmodel: Failed to restore TabState; creating Tab with last known URL.
09-02 02:50:57.298  1513  3223 E ProcessStats: Binding service ServiceState{cf3a3d8 org.chromium.content.app.SandboxedProcessService0 pkg=com.android.chrome proc=b8c331} without owner
09-02 02:50:57.299  1513  3223 E ProcessStats: Starting service ServiceState{cf3a3d8 org.chromium.content.app.SandboxedProcessService0 pkg=com.android.chrome proc=b8c331} without owner
09-02 02:50:57.299  1513  3223 E ProcessStats: Binding service ServiceState{cf3a3d8 org.chromium.content.app.SandboxedProcessService0 pkg=com.android.chrome proc=b8c331} without owner
09-02 02:50:57.299  1513  1624 I DropBoxManagerService: add tag=system_server_wtf isTagEnabled=true flags=0x2
09-02 02:50:57.300  7008  7008 I cr_ChildProcessService: Destroying ChildProcessService pid=7008
09-02 02:50:57.301  1513  3223 I ActivityManager: Killing 7008:com.android.chrome:sandboxed_process0:org.chromium.content.app.SandboxedProcessService0:4/u0a220i-8996 (adj 0): isolated not needed
09-02 02:50:57.302  1513  1640 I libprocessgroup: Successfully killed process cgroup uid 90004 pid 7008 in 0ms
09-02 02:50:57.302  1513  1624 I DropBoxManagerService: add tag=system_server_wtf isTagEnabled=true flags=0x2
09-02 02:50:57.303  6804  6853 W cr_ChildConnAllocator: Ran out of UIDs to allocate.
09-02 02:50:57.304  8269  8269 I LoadedApk: No resource references to update in package com.google.android.trichromelibrary
09-02 02:50:57.304  8269  8269 D NetworkSecurityConfig: Using Network Security Config from resource 0_resource_name_obfuscated debugBuild: false
09-02 02:50:57.305  8269  8269 D NetworkSecurityConfig: Using Network Security Config from resource 0_resource_name_obfuscated debugBuild: false
09-02 02:50:57.308  1513  1624 I DropBoxManagerService: add tag=system_server_wtf isTagEnabled=true flags=0x2
09-02 02:50:57.309  6804  6804 E cr_IntentUtils: getBooleanExtra failed on intent null
09-02 02:50:57.309  6804  6804 E cr_IntentUtils: getBooleanExtra failed on intent null
09-02 02:50:57.309  1513  2013 W ActivityManager: Failed making new process record for com.android.chrome:sandboxed_process0:org.chromium.content.app.SandboxedProcessService0:101/10220 isolated=true
09-02 02:50:57.310  1513  2013 W ActivityManager: Unable to launch app com.android.chrome/10220 for service Intent { cmp=com.android.chrome/org.chromium.content.app.SandboxedProcessService0 }: process is bad
09-02 02:50:57.310  1513  2013 E ProcessStats: Service owner ServiceRecord{99ededa u0 com.android.chrome/org.chromium.content.app.SandboxedProcessService0:101} cleared while exec: pkg=com.android.chrome service=org.chromium.content.app.SandboxedProcessService0 proc=ProcessState{b8c331 com.android.chrome:sandboxed_process0/10220 pkg=com.android.chrome}
09-02 02:50:57.310  1513  2013 E ProcessStats: android.util.Log$TerribleFailure: Service owner ServiceRecord{99ededa u0 com.android.chrome/org.chromium.content.app.SandboxedProcessService0:101} cleared while exec: pkg=com.android.chrome service=org.chromium.content.app.SandboxedProcessService0 proc=ProcessState{b8c331 com.android.chrome:sandboxed_process0/10220 pkg=com.android.chrome}
09-02 02:50:57.310  1513  2013 E ProcessStats: 	at android.util.Log.wtf(Log.java:313)
09-02 02:50:57.310  1513  2013 E ProcessStats: 	at android.util.Slog.wtfStack(Slog.java:111)
09-02 02:50:57.310  1513  2013 E ProcessStats: 	at com.android.internal.app.procstats.ServiceState.clearCurrentOwner(ServiceState.java:187)
09-02 02:50:57.310  1513  2013 E ProcessStats: 	at com.android.server.am.ActiveServices.bringDownServiceLocked(ActiveServices.java:3424)
09-02 02:50:57.310  1513  2013 E ProcessStats: 	at com.android.server.am.ActiveServices.bringUpServiceLocked(ActiveServices.java:2955)
09-02 02:50:57.310  1513  2013 E ProcessStats: 	at com.android.server.am.ActiveServices.bindServiceLocked(ActiveServices.java:2064)
09-02 02:50:57.310  1513  2013 E ProcessStats: 	at com.android.server.am.ActivityManagerService.bindIsolatedService(ActivityManagerService.java:15169)
09-02 02:50:57.310  1513  2013 E ProcessStats: 	at android.app.IActivityManager$Stub.onTransact(IActivityManager.java:2563)
09-02 02:50:57.310  1513  2013 E ProcessStats: 	at com.android.server.am.ActivityManagerService.onTransact(ActivityManagerService.java:2867)
09-02 02:50:57.310  1513  2013 E ProcessStats: 	at android.os.Binder.execTransactInternal(Binder.java:1154)
09-02 02:50:57.310  1513  2013 E ProcessStats: 	at android.os.Binder.execTransact(Binder.java:1123)
09-02 02:50:57.311  6804  6853 W cr_ChildProcessConn: Fallback to ComponentInfo{com.android.chrome/org.chromium.content.app.SandboxedProcessService1}
09-02 02:50:57.311  1513  3221 E ProcessStats: Executing service ServiceState{cf3a3d8 org.chromium.content.app.SandboxedProcessService0 pkg=com.android.chrome proc=b8c331} without owner
09-02 02:50:57.311  6854  6854 D Zygote  : Forked child process 8348
09-02 02:50:57.312  1513  3221 E ProcessStats: Foregrounding service ServiceState{cf3a3d8 org.chromium.content.app.SandboxedProcessService0 pkg=com.android.chrome proc=b8c331} without owner
09-02 02:50:57.312  1513  1624 I DropBoxManagerService: add tag=system_server_wtf isTagEnabled=true flags=0x2
09-02 02:50:57.312  8269  8269 I cr_SplitCompatApp: Launched version=107.0.5304.91 minSdkVersion=29 isBundle=true processName=com.android.chrome:sandboxed_process0:org.chromium.content.app.SandboxedProcessService0:47 isIsolated=true
09-02 02:50:57.313  6804  6804 I cr_tabmodel: #isIncognitoTabBeingRestored from tabDetails:  false
09-02 02:50:57.313  6804  6804 I cr_tabmodel: #isIncognitoTabBeingRestored from tabDetails:  false
09-02 02:50:57.313  6804  6804 W cr_tabmodel: Failed to restore TabState; creating Tab with last known URL.
09-02 02:50:57.313  1513  1625 W ActivityManager: Slow operation: 1139ms so far, now at startProcess: returned from zygote!
09-02 02:50:57.314  1513  2013 D CompatibilityChangeReporter: Compat change id reported: 135634846; UID 10220; state: DISABLED
09-02 02:50:57.314  1513  2013 D CompatibilityChangeReporter: Compat change id reported: 135754954; UID 10220; state: ENABLED
09-02 02:50:57.318  1513  3221 E ProcessStats: Executing service ServiceState{cf3a3d8 org.chromium.content.app.SandboxedProcessService0 pkg=com.android.chrome proc=b8c331} without owner
09-02 02:50:57.318  1513  3221 D CompatibilityChangeReporter: Compat change id reported: 136274596; UID 10220; state: ENABLED
09-02 02:50:57.320  1513  1625 W ActivityManager: Slow operation: 1145ms so far, now at startProcess: done updating battery stats
09-02 02:50:57.320  1513  1625 W ActivityManager: Slow operation: 1146ms so far, now at startProcess: building log message
09-02 02:50:57.320  1513  1625 I ActivityManager: Start proc 8348:com.android.chrome:sandboxed_process0:org.chromium.content.app.SandboxedProcessService0:50/u0ai50 for  {com.android.chrome/org.chromium.content.app.SandboxedProcessService0:50}
09-02 02:50:57.320  1513  1625 W ActivityManager: Slow operation: 1146ms so far, now at startProcess: starting to update pids map
09-02 02:50:57.320  1513  1625 W ActivityManager: Slow operation: 1146ms so far, now at startProcess: done updating pids map
09-02 02:50:57.320  1513  1625 W ActivityManager: Slow operation: 1126ms so far, now at startProcess: asking zygote to start proc
09-02 02:50:57.320  1513  1625 D CompatibilityChangeReporter: Compat change id reported: 143937733; UID 10220; state: ENABLED
09-02 02:50:57.320  1513  3223 E ProcessStats: Executing service ServiceState{cf3a3d8 org.chromium.content.app.SandboxedProcessService0 pkg=com.android.chrome proc=b8c331} without owner
09-02 02:50:57.322  1513  3223 E ProcessStats: Binding service ServiceState{cf3a3d8 org.chromium.content.app.SandboxedProcessService0 pkg=com.android.chrome proc=b8c331} without owner
09-02 02:50:57.322  1513  3223 E ProcessStats: Starting service ServiceState{cf3a3d8 org.chromium.content.app.SandboxedProcessService0 pkg=com.android.chrome proc=b8c331} without owner
09-02 02:50:57.323  1513  3223 E ProcessStats: Binding service ServiceState{cf3a3d8 org.chromium.content.app.SandboxedProcessService0 pkg=com.android.chrome proc=b8c331} without owner
09-02 02:50:57.323  7026  7026 I cr_ChildProcessService: Destroying ChildProcessService pid=7026
09-02 02:50:57.323  6804  6804 E cr_IntentUtils: getBooleanExtra failed on intent null
09-02 02:50:57.324  6804  6804 E cr_IntentUtils: getBooleanExtra failed on intent null
09-02 02:50:57.324  1513  3223 I ActivityManager: Killing 7026:com.android.chrome:sandboxed_process0:org.chromium.content.app.SandboxedProcessService0:5/u0a220i-8995 (adj 0): isolated not needed
09-02 02:50:57.326  8181  8181 I cr_ChildProcessService: Creating new ChildProcessService pid=8181
09-02 02:50:57.326  1513  2169 E ProcessStats: Executing service ServiceState{cf3a3d8 org.chromium.content.app.SandboxedProcessService0 pkg=com.android.chrome proc=b8c331} without owner
09-02 02:50:57.327  1513  2169 E ProcessStats: Foregrounding service ServiceState{cf3a3d8 org.chromium.content.app.SandboxedProcessService0 pkg=com.android.chrome proc=b8c331} without owner
09-02 02:50:57.327  6804  6804 I cr_tabmodel: #isIncognitoTabBeingRestored from tabDetails:  false
09-02 02:50:57.327  6804  6804 I cr_tabmodel: #isIncognitoTabBeingRestored from tabDetails:  false
09-02 02:50:57.327  1513  1640 I libprocessgroup: Successfully killed process cgroup uid 90005 pid 7026 in 0ms
09-02 02:50:57.327  6804  6804 W cr_tabmodel: Failed to restore TabState; creating Tab with last known URL.
09-02 02:50:57.328  6804  6853 W cr_ChildConnAllocator: Ran out of UIDs to allocate.
09-02 02:50:57.330  8348  8348 E libc    : SetHeapTaggingLevel: re-enabling tagging after it was disabled is not supported
09-02 02:50:57.332  8269  8269 W SystemServiceRegistry: No service published for: uimode
09-02 02:50:57.333  8239  8274 I cr_LibraryLoader: Using ModernLinker
09-02 02:50:57.334  8239  8274 W linker  : Warning: "/data/app/~~_KLlx60MH8CoecPTjMKp8g==/com.android.chrome-kw9RHYrlHKb9bPXi8OTClw==/base.apk!/lib/arm64-v8a/libchromium_android_linker.so" unused DT entry: unknown processor-specific (type 0x70000001 arg 0x0) (ignoring)
09-02 02:50:57.334  8239  8274 E cr_ChromiumAndroidLinker: ReserveAddressWithHint: Address range starting at 0x7a38704000 was not free to use
09-02 02:50:57.337  1513  2013 E ProcessStats: Executing service ServiceState{cf3a3d8 org.chromium.content.app.SandboxedProcessService0 pkg=com.android.chrome proc=b8c331} without owner
09-02 02:50:57.338  1513  2013 E ProcessStats: Foregrounding service ServiceState{cf3a3d8 org.chromium.content.app.SandboxedProcessService0 pkg=com.android.chrome proc=b8c331} without owner
09-02 02:50:57.339  8201  8253 I cr_LibraryLoader: Using ModernLinker
09-02 02:50:57.339  1513  3241 W ActivityManager: Failed making new process record for com.android.chrome:sandboxed_process0:org.chromium.content.app.SandboxedProcessService0:102/10220 isolated=true
09-02 02:50:57.339  1513  3241 W ActivityManager: Unable to launch app com.android.chrome/10220 for service Intent { cmp=com.android.chrome/org.chromium.content.app.SandboxedProcessService0 }: process is bad
