09-02 02:49:23.603  5360  5360 I cr_ChildProcessService: Creating new ChildProcessService pid=5360
09-02 02:49:23.607  1513  3161 E ProcessStats: Executing service ServiceState{cf3a3d8 org.chromium.content.app.SandboxedProcessService0 pkg=com.android.chrome proc=b8c331} without owner
09-02 02:49:23.607  1513  3161 E ProcessStats: Foregrounding service ServiceState{cf3a3d8 org.chromium.content.app.SandboxedProcessService0 pkg=com.android.chrome proc=b8c331} without owner
09-02 02:49:23.608  5360  5391 I cr_LibraryLoader: Using ModernLinker
09-02 02:49:23.609  5360  5391 W linker  : Warning: "/data/app/~~_KLlx60MH8CoecPTjMKp8g==/com.android.chrome-kw9RHYrlHKb9bPXi8OTClw==/base.apk!/lib/arm64-v8a/libchromium_android_linker.so" unused DT entry: unknown processor-specific (type 0x70000001 arg 0x0) (ignoring)
09-02 02:49:23.610  5360  5391 E cr_ChromiumAndroidLinker: ReserveAddressWithHint: Address range starting at 0x7a3975b000 was not free to use
09-02 02:49:23.612  1513  3241 E ProcessStats: Executing service ServiceState{cf3a3d8 org.chromium.content.app.SandboxedProcessService0 pkg=com.android.chrome proc=b8c331} without owner
09-02 02:49:23.612  5338  5338 I cr_ChildProcessService: Creating new ChildProcessService pid=5338
09-02 02:49:23.612  1513  3241 E ProcessStats: Foregrounding service ServiceState{cf3a3d8 org.chromium.content.app.SandboxedProcessService0 pkg=com.android.chrome proc=b8c331} without owner
09-02 02:49:23.617  5318  5346 I cr_LibraryLoader: Using ModernLinker
09-02 02:49:23.621  5380  5380 I LoadedApk: No resource references to update in package com.google.android.trichromelibrary
09-02 02:49:23.621  5380  5380 D NetworkSecurityConfig: Using Network Security Config from resource 0_resource_name_obfuscated debugBuild: false
09-02 02:49:23.622  5380  5380 D NetworkSecurityConfig: Using Network Security Config from resource 0_resource_name_obfuscated debugBuild: false
09-02 02:49:23.622  5318  5346 W linker  : Warning: "/data/app/~~_KLlx60MH8CoecPTjMKp8g==/com.android.chrome-kw9RHYrlHKb9bPXi8OTClw==/base.apk!/lib/arm64-v8a/libchromium_android_linker.so" unused DT entry: unknown processor-specific (type 0x70000001 arg 0x0) (ignoring)
09-02 02:49:23.622  1513  3223 E ProcessStats: Executing service ServiceState{cf3a3d8 org.chromium.content.app.SandboxedProcessService0 pkg=com.android.chrome proc=b8c331} without owner
09-02 02:49:23.623  5414  5414 I LoadedApk: No resource references to update in package com.google.android.trichromelibrary
09-02 02:49:23.623  5318  5346 E cr_ChromiumAndroidLinker: ReserveAddressWithHint: Address range starting at 0x7a3975b000 was not free to use
09-02 02:49:23.623  5414  5414 D NetworkSecurityConfig: Using Network Security Config from resource 0_resource_name_obfuscated debugBuild: false
09-02 02:49:23.624  5380  5380 I cr_SplitCompatApp: Launched version=107.0.5304.91 minSdkVersion=29 isBundle=true processName=com.android.chrome:sandboxed_process0:org.chromium.content.app.SandboxedProcessService0:95 isIsolated=true
09-02 02:49:23.624  5414  5414 D NetworkSecurityConfig: Using Network Security Config from resource 0_resource_name_obfuscated debugBuild: false
09-02 02:49:23.625  5242  5337 I cr_CachingUmaRecorder: Flushed 3 samples from 3 histograms.
09-02 02:49:23.626  5414  5414 I cr_SplitCompatApp: Launched version=107.0.5304.91 minSdkVersion=29 isBundle=true processName=com.android.chrome:sandboxed_process0:org.chromium.content.app.SandboxedProcessService0:96 isIsolated=true
09-02 02:49:23.626  1513  3223 D CompatibilityChangeReporter: Compat change id reported: 136274596; UID 10220; state: ENABLED
09-02 02:49:23.627  1807  1807 D Zygote  : Forked child process 5460
09-02 02:49:23.628  1513  1625 W ActivityManager: Slow operation: 2047ms so far, now at startProcess: returned from zygote!
09-02 02:49:23.629  5360  5455 I cr_LibraryLoader: Successfully loaded native library
09-02 02:49:23.630  1513  1625 W ActivityManager: Slow operation: 2048ms so far, now at startProcess: done updating battery stats
09-02 02:49:23.630  1513  1625 W ActivityManager: Slow operation: 2048ms so far, now at startProcess: building log message
09-02 02:49:23.630  1513  1625 I ActivityManager: Start proc 5460:com.android.chrome:sandboxed_process0:org.chromium.content.app.SandboxedProcessService0:98/u0ai98 for  {com.android.chrome/org.chromium.content.app.SandboxedProcessService0:98}
09-02 02:49:23.630  1513  1625 W ActivityManager: Slow operation: 2048ms so far, now at startProcess: starting to update pids map
09-02 02:49:23.630  1513  1625 W ActivityManager: Slow operation: 2049ms so far, now at startProcess: done updating pids map
09-02 02:49:23.630  1513  1625 W ActivityManager: Slow operation: 2033ms so far, now at startProcess: asking zygote to start proc
09-02 02:49:23.630  1513  1625 D CompatibilityChangeReporter: Compat change id reported: 143937733; UID 10220; state: ENABLED
09-02 02:49:23.637  5343  5343 D app_process: Time zone APEX ICU file found: /apex/com.android.tzdata/etc/icu/icu_tzdata.dat
09-02 02:49:23.637  5343  5343 D app_process: I18n APEX ICU file found: /apex/com.android.i18n/etc/icu/icudt66l.dat
09-02 02:49:23.639  5380  5380 W SystemServiceRegistry: No service published for: uimode
09-02 02:49:23.643  5343  5343 I app_process: The ClassLoaderContext is a special shared library.
09-02 02:49:23.644  5360  5455 I cr_CachingUmaRecorder: Flushed 3 samples from 3 histograms.
09-02 02:49:23.647  5318  5457 I cr_LibraryLoader: Successfully loaded native library
09-02 02:49:23.647  5318  5457 I cr_CachingUmaRecorder: Flushed 3 samples from 3 histograms.
09-02 02:49:23.648  5380  5380 I cr_ChildProcessService: Creating new ChildProcessService pid=5380
09-02 02:49:23.650  5414  5414 W SystemServiceRegistry: No service published for: uimode
09-02 02:49:23.650  1513  4617 E ProcessStats: Executing service ServiceState{cf3a3d8 org.chromium.content.app.SandboxedProcessService0 pkg=com.android.chrome proc=b8c331} without owner
09-02 02:49:23.651  1513  4617 E ProcessStats: Foregrounding service ServiceState{cf3a3d8 org.chromium.content.app.SandboxedProcessService0 pkg=com.android.chrome proc=b8c331} without owner
09-02 02:49:23.652  5460  5460 E libc    : SetHeapTaggingLevel: re-enabling tagging after it was disabled is not supported
09-02 02:49:23.653  1513  3223 E ProcessStats: Executing service ServiceState{cf3a3d8 org.chromium.content.app.SandboxedProcessService0 pkg=com.android.chrome proc=b8c331} without owner
09-02 02:49:23.654  1513  3223 E ProcessStats: Foregrounding service ServiceState{cf3a3d8 org.chromium.content.app.SandboxedProcessService0 pkg=com.android.chrome proc=b8c331} without owner
09-02 02:49:23.654  5343  5343 W app_process: JNI RegisterNativeMethods: attempt to register 0 native methods for android.media.AudioAttributes
09-02 02:49:23.656  5414  5414 I cr_ChildProcessService: Creating new ChildProcessService pid=5414
09-02 02:49:23.658  5380  5437 I cr_LibraryLoader: Using ModernLinker
09-02 02:49:23.658  5338  5385 I cr_LibraryLoader: Using ModernLinker
09-02 02:49:23.659  1513  3241 E ProcessStats: Executing service ServiceState{cf3a3d8 org.chromium.content.app.SandboxedProcessService0 pkg=com.android.chrome proc=b8c331} without owner
09-02 02:49:23.660  1513  3241 E ProcessStats: Foregrounding service ServiceState{cf3a3d8 org.chromium.content.app.SandboxedProcessService0 pkg=com.android.chrome proc=b8c331} without owner
09-02 02:49:23.660  5414  5450 I cr_LibraryLoader: Using ModernLinker
09-02 02:49:23.661  5414  5450 W linker  : Warning: "/data/app/~~_KLlx60MH8CoecPTjMKp8g==/com.android.chrome-kw9RHYrlHKb9bPXi8OTClw==/base.apk!/lib/arm64-v8a/libchromium_android_linker.so" unused DT entry: unknown processor-specific (type 0x70000001 arg 0x0) (ignoring)
09-02 02:49:23.662  5414  5450 E cr_ChromiumAndroidLinker: ReserveAddressWithHint: Address range starting at 0x7a3975b000 was not free to use
09-02 02:49:23.662  5380  5437 W linker  : Warning: "/data/app/~~_KLlx60MH8CoecPTjMKp8g==/com.android.chrome-kw9RHYrlHKb9bPXi8OTClw==/base.apk!/lib/arm64-v8a/libchromium_android_linker.so" unused DT entry: unknown processor-specific (type 0x70000001 arg 0x0) (ignoring)
09-02 02:49:23.663  5380  5437 E cr_ChromiumAndroidLinker: ReserveAddressWithHint: Address range starting at 0x7a3975b000 was not free to use
09-02 02:49:23.664  5460  5460 E cessService0:9: Not starting debugger since process cannot load the jdwp agent.
09-02 02:49:23.665  5343  5343 D AndroidRuntime: Calling main entry com.android.commands.input.Input
09-02 02:49:23.669  5338  5385 W linker  : Warning: "/data/app/~~_KLlx60MH8CoecPTjMKp8g==/com.android.chrome-kw9RHYrlHKb9bPXi8OTClw==/base.apk!/lib/arm64-v8a/libchromium_android_linker.so" unused DT entry: unknown processor-specific (type 0x70000001 arg 0x0) (ignoring)
09-02 02:49:23.670  5440  5440 I LoadedApk: No resource references to update in package com.google.android.trichromelibrary
09-02 02:49:23.670  5338  5385 E cr_ChromiumAndroidLinker: ReserveAddressWithHint: Address range starting at 0x7a3975b000 was not free to use
09-02 02:49:23.670  5440  5440 D NetworkSecurityConfig: Using Network Security Config from resource 0_resource_name_obfuscated debugBuild: false
09-02 02:49:23.671  5440  5440 D NetworkSecurityConfig: Using Network Security Config from resource 0_resource_name_obfuscated debugBuild: false
09-02 02:49:23.672  5440  5440 I cr_SplitCompatApp: Launched version=107.0.5304.91 minSdkVersion=29 isBundle=true processName=com.android.chrome:sandboxed_process0:org.chromium.content.app.SandboxedProcessService0:97 isIsolated=true
09-02 02:49:23.678  5380  5480 I cr_LibraryLoader: Successfully loaded native library
09-02 02:49:23.680  5380  5480 I cr_CachingUmaRecorder: Flushed 3 samples from 3 histograms.
09-02 02:49:23.683  5338  5459 I cr_LibraryLoader: Successfully loaded native library
09-02 02:49:23.687  1513  1624 W BroadcastQueue: Background execution not allowed: receiving Intent { act=android.intent.action.DROPBOX_ENTRY_ADDED flg=0x10 (has extras) } to com.google.android.gms/.stats.service.DropBoxEntryAddedReceiver
09-02 02:49:23.687  1513  1624 W BroadcastQueue: Background execution not allowed: receiving Intent { act=android.intent.action.DROPBOX_ENTRY_ADDED flg=0x10 (has extras) } to com.google.android.gms/.chimera.GmsIntentOperationService$PersistentTrustedReceiver
09-02 02:49:23.689  1807  1807 D Zygote  : Forked child process 5494
09-02 02:49:23.690  1513  1625 W ActivityManager: Slow operation: 2093ms so far, now at startProcess: returned from zygote!
09-02 02:49:23.690  5338  5459 I cr_CachingUmaRecorder: Flushed 3 samples from 3 histograms.
09-02 02:49:23.693  5494  5494 E libc    : SetHeapTaggingLevel: re-enabling tagging after it was disabled is not supported
09-02 02:49:23.693  5440  5440 W SystemServiceRegistry: No service published for: uimode
09-02 02:49:23.697  5343  5343 D AndroidRuntime: Shutting down VM
09-02 02:49:23.697  1513  1572 I DisplayManagerService: Display device changed: DisplayDeviceInfo{"Built-in Screen": uniqueId="local:19260504575090817", 1080 x 2340, modeId 1, defaultModeId 2, supportedModes [{id=1, width=1080, height=2340, fps=90.0}, {id=2, width=1080, height=2340, fps=60.000004}], colorMode 0, supportedColorModes [0, 7, 9], HdrCapabilities HdrCapabilities{mSupportedHdrTypes=[2, 3, 4], mMaxLuminance=500.0, mMaxAverageLuminance=500.0, mMinLuminance=0.0}, allmSupported false, gameContentTypeSupported false, density 440, 435.428 x 433.839 dpi, appVsyncOff 2333333, presDeadline 11500000, cutout DisplayCutout{insets=Rect(0, 136 - 0, 0) waterfall=Insets{left=0, top=0, right=0, bottom=0} boundingRect={Bounds=[Rect(0, 0 - 0, 0), Rect(0, 0 - 136, 136), Rect(0, 0 - 0, 0), Rect(0, 0 - 0, 0)]}}, touch INTERNAL, rotation 0, type INTERNAL, address {port=129, model=0x446d53ad64a0}, deviceProductInfo DeviceProductInfo{name=, manufacturerPnpId=QCM, productId=1, modelYear=null, manufactureDate=ManufactureDate{week=27, year=2006}, relativeAddress=null}, state ON, FLAG_DEFAULT_DISPLAY, FLAG_ROTATES_WITH_CONTENT, FLAG_SECURE, FLAG_SUPPORTS_PROTECTED_BUFFERS}
09-02 02:49:23.698   594   655 I SDM     : HWDeviceDRM::UpdateMixerAttributes: Mixer WxH 1080x2340-1 for Peripheral
09-02 02:49:23.698   594   655 I SDM     : DisplayBase::SetActiveConfig: Active configuration changed to: 1
09-02 02:49:23.698   594   655 I SDM     : StrategyImpl::SetIdleTimeoutMs: Idle timeout set to zero for command mode panels
09-02 02:49:23.702   901  2806 I sensors-hal: [ssc_utils]get_qmi_debug_flag:244, support_qmi_debug : false
09-02 02:49:23.710  1513  1625 W ActivityManager: Slow operation: 2112ms so far, now at startProcess: done updating battery stats
09-02 02:49:23.710  1513  1625 W ActivityManager: Slow operation: 2112ms so far, now at startProcess: building log message
09-02 02:49:23.710  1513  1625 I ActivityManager: Start proc 5494:com.android.chrome:sandboxed_process0:org.chromium.content.app.SandboxedProcessService0:99/u0ai99 for  {com.android.chrome/org.chromium.content.app.SandboxedProcessService0:99}
09-02 02:49:23.710  1513  1625 W ActivityManager: Slow operation: 2113ms so far, now at startProcess: starting to update pids map
09-02 02:49:23.710  1513  1625 W ActivityManager: Slow operation: 2113ms so far, now at startProcess: done updating pids map
09-02 02:49:23.711  1513  1625 W ActivityManager: Slow operation: 2049ms so far, now at startProcess: asking zygote to start proc
09-02 02:49:23.711  5494  5494 E cessService0:9: Not starting debugger since process cannot load the jdwp agent.
09-02 02:49:23.713  5440  5440 I cr_ChildProcessService: Creating new ChildProcessService pid=5440
09-02 02:49:23.714  1513  4617 E ProcessStats: Executing service ServiceState{cf3a3d8 org.chromium.content.app.SandboxedProcessService0 pkg=com.android.chrome proc=b8c331} without owner
09-02 02:49:23.715  1513  4617 D CompatibilityChangeReporter: Compat change id reported: 136274596; UID 10220; state: ENABLED
09-02 02:49:23.728   901  1000 W ASH     : @ 60950.178: Unhandled msg ID 999: line 1277
09-02 02:49:23.728   901  1000 E ASH     : @ 60950.178: No pb callback assigned
09-02 02:49:23.728   901  1000 E ASH     : @ 60950.178: Nanopb error: callback failed:1588
09-02 02:49:23.729  1513  3240 E ProcessStats: Executing service ServiceState{cf3a3d8 org.chromium.content.app.SandboxedProcessService0 pkg=com.android.chrome proc=b8c331} without owner
09-02 02:49:23.729  1513  3240 D CompatibilityChangeReporter: Compat change id reported: 136274596; UID 10220; state: ENABLED
09-02 02:49:23.729   778   778 D Zygote  : Forked child process 5523
09-02 02:49:23.730  1513  3223 E ProcessStats: Executing service ServiceState{cf3a3d8 org.chromium.content.app.SandboxedProcessService0 pkg=com.android.chrome proc=b8c331} without owner
09-02 02:49:23.731  1513  3223 E ProcessStats: Foregrounding service ServiceState{cf3a3d8 org.chromium.content.app.SandboxedProcessService0 pkg=com.android.chrome proc=b8c331} without owner
09-02 02:49:23.733  5440  5458 I cr_LibraryLoader: Using ModernLinker
09-02 02:49:23.735  1513  1625 W ActivityManager: Slow operation: 2074ms so far, now at startProcess: returned from zygote!
09-02 02:49:23.735  5440  5458 W linker  : Warning: "/data/app/~~_KLlx60MH8CoecPTjMKp8g==/com.android.chrome-kw9RHYrlHKb9bPXi8OTClw==/base.apk!/lib/arm64-v8a/libchromium_android_linker.so" unused DT entry: unknown processor-specific (type 0x70000001 arg 0x0) (ignoring)
09-02 02:49:23.736  5440  5458 E cr_ChromiumAndroidLinker: ReserveAddressWithHint: Address range starting at 0x7a3975b000 was not free to use
09-02 02:49:23.740  5440  5515 I cr_LibraryLoader: Successfully loaded native library
09-02 02:49:23.740  5440  5515 I cr_CachingUmaRecorder: Flushed 3 samples from 3 histograms.
09-02 02:49:23.741  1513  1625 W ActivityManager: Slow operation: 2079ms so far, now at startProcess: done updating battery stats
09-02 02:49:23.741  1513  1625 W ActivityManager: Slow operation: 2080ms so far, now at startProcess: building log message
09-02 02:49:23.741  1513  1625 I ActivityManager: Start proc 5523:com.android.chrome:sandboxed_process1:org.chromium.content.app.SandboxedProcessService1:100/u0i85 for service {com.android.chrome/org.chromium.content.app.SandboxedProcessService1:100}
09-02 02:49:23.741  1513  1625 W ActivityManager: Slow operation: 2080ms so far, now at startProcess: starting to update pids map
09-02 02:49:23.741  1513  1625 W ActivityManager: Slow operation: 2080ms so far, now at startProcess: done updating pids map
09-02 02:49:23.741  1513  1625 W ActivityManager: Slow operation: 2059ms so far, now at startProcess: asking zygote to start proc
09-02 02:49:23.742  1513  1625 D CompatibilityChangeReporter: Compat change id reported: 143937733; UID 10220; state: ENABLED
09-02 02:49:23.745  5523  5523 E essService1:10: Not starting debugger since process cannot load the jdwp agent.
09-02 02:49:23.755   778   778 D Zygote  : Forked child process 5545
09-02 02:49:23.756  1513  1625 W ActivityManager: Slow operation: 2073ms so far, now at startProcess: returned from zygote!
09-02 02:49:23.756  1513  1625 W ActivityManager: Slow operation: 2073ms so far, now at startProcess: done updating battery stats
09-02 02:49:23.756  1513  1625 W ActivityManager: Slow operation: 2073ms so far, now at startProcess: building log message
09-02 02:49:23.756  1513  1625 I ActivityManager: Start proc 5545:com.android.chrome:sandboxed_process1:org.chromium.content.app.SandboxedProcessService1:101/u0i86 for service {com.android.chrome/org.chromium.content.app.SandboxedProcessService1:101}
09-02 02:49:23.756  1513  1625 W ActivityManager: Slow operation: 2073ms so far, now at startProcess: starting to update pids map
09-02 02:49:23.756  1513  1625 W ActivityManager: Slow operation: 2074ms so far, now at startProcess: done updating pids map
09-02 02:49:23.756  1513  1625 W ActivityManager: Slow operation: 2050ms so far, now at startProcess: asking zygote to start proc
09-02 02:49:23.763  1513  3240 D CompatibilityChangeReporter: Compat change id reported: 136274596; UID 10220; state: ENABLED
09-02 02:49:23.763  5494  5494 I LoadedApk: No resource references to update in package com.google.android.trichromelibrary
09-02 02:49:23.764  5494  5494 D NetworkSecurityConfig: Using Network Security Config from resource 0_resource_name_obfuscated debugBuild: false
09-02 02:49:23.765  5494  5494 D NetworkSecurityConfig: Using Network Security Config from resource 0_resource_name_obfuscated debugBuild: false
09-02 02:49:23.766  5494  5494 I cr_SplitCompatApp: Launched version=107.0.5304.91 minSdkVersion=29 isBundle=true processName=com.android.chrome:sandboxed_process0:org.chromium.content.app.SandboxedProcessService0:99 isIsolated=true
09-02 02:49:23.767  5460  5460 I LoadedApk: No resource references to update in package com.google.android.trichromelibrary
09-02 02:49:23.767  5460  5460 D NetworkSecurityConfig: Using Network Security Config from resource 0_resource_name_obfuscated debugBuild: false
09-02 02:49:23.768  5460  5460 D NetworkSecurityConfig: Using Network Security Config from resource 0_resource_name_obfuscated debugBuild: false
09-02 02:49:23.772  5545  5545 E essService1:10: Not starting debugger since process cannot load the jdwp agent.
09-02 02:49:23.774  5460  5460 I cr_SplitCompatApp: Launched version=107.0.5304.91 minSdkVersion=29 isBundle=true processName=com.android.chrome:sandboxed_process0:org.chromium.content.app.SandboxedProcessService0:98 isIsolated=true
09-02 02:49:23.779  5494  5494 W SystemServiceRegistry: No service published for: uimode
09-02 02:49:23.780  1513  3240 D CompatibilityChangeReporter: Compat change id reported: 136274596; UID 10220; state: ENABLED
09-02 02:49:23.780   778   778 D Zygote  : Forked child process 5565
09-02 02:49:23.781  1513  1625 W ActivityManager: Slow operation: 2074ms so far, now at startProcess: returned from zygote!
09-02 02:49:23.782  1513  1625 W ActivityManager: Slow operation: 2076ms so far, now at startProcess: done updating battery stats
09-02 02:49:23.782  1513  1625 W ActivityManager: Slow operation: 2076ms so far, now at startProcess: building log message
09-02 02:49:23.782  1513  1625 I ActivityManager: Start proc 5565:com.android.chrome:sandboxed_process1:org.chromium.content.app.SandboxedProcessService1:102/u0i87 for service {com.android.chrome/org.chromium.content.app.SandboxedProcessService1:102}
09-02 02:49:23.782  1513  1625 W ActivityManager: Slow operation: 2076ms so far, now at startProcess: starting to update pids map
09-02 02:49:23.783  1513  1625 W ActivityManager: Slow operation: 2077ms so far, now at startProcess: done updating pids map
09-02 02:49:23.783  1513  1625 W ActivityManager: Slow operation: 2004ms so far, now at startProcess: asking zygote to start proc
09-02 02:49:23.783  1513  1625 D CompatibilityChangeReporter: Compat change id reported: 143937733; UID 10220; state: ENABLED
09-02 02:49:23.786  5494  5494 I cr_ChildProcessService: Creating new ChildProcessService pid=5494
09-02 02:49:23.789  5460  5460 W SystemServiceRegistry: No service published for: uimode
09-02 02:49:23.792  1513  3223 E ProcessStats: Executing service ServiceState{cf3a3d8 org.chromium.content.app.SandboxedProcessService0 pkg=com.android.chrome proc=b8c331} without owner
09-02 02:49:23.792  1513  3223 E ProcessStats: Foregrounding service ServiceState{cf3a3d8 org.chromium.content.app.SandboxedProcessService0 pkg=com.android.chrome proc=b8c331} without owner
09-02 02:49:23.793  5565  5565 E essService1:10: Not starting debugger since process cannot load the jdwp agent.
09-02 02:49:23.793  5494  5526 I cr_LibraryLoader: Using ModernLinker
09-02 02:49:23.794  5494  5526 W linker  : Warning: "/data/app/~~_KLlx60MH8CoecPTjMKp8g==/com.android.chrome-kw9RHYrlHKb9bPXi8OTClw==/base.apk!/lib/arm64-v8a/libchromium_android_linker.so" unused DT entry: unknown processor-specific (type 0x70000001 arg 0x0) (ignoring)
09-02 02:49:23.794  5494  5526 E cr_ChromiumAndroidLinker: ReserveAddressWithHint: Address range starting at 0x7a3975b000 was not free to use
09-02 02:49:23.797  5494  5577 I cr_LibraryLoader: Successfully loaded native library
09-02 02:49:23.798  5494  5577 I cr_CachingUmaRecorder: Flushed 3 samples from 3 histograms.
09-02 02:49:23.802  5460  5460 I cr_ChildProcessService: Creating new ChildProcessService pid=5460
09-02 02:49:23.815  1513  3227 D CompatibilityChangeReporter: Compat change id reported: 136274596; UID 10220; state: ENABLED
09-02 02:49:23.815  1513  3227 E ProcessStats: Executing service ServiceState{cf3a3d8 org.chromium.content.app.SandboxedProcessService0 pkg=com.android.chrome proc=b8c331} without owner
09-02 02:49:23.815  1513  3227 E ProcessStats: Foregrounding service ServiceState{cf3a3d8 org.chromium.content.app.SandboxedProcessService0 pkg=com.android.chrome proc=b8c331} without owner
09-02 02:49:23.818  5460  5516 I cr_LibraryLoader: Using ModernLinker
09-02 02:49:23.818  5523  5523 I LoadedApk: No resource references to update in package com.google.android.trichromelibrary
09-02 02:49:23.819  5523  5523 D NetworkSecurityConfig: Using Network Security Config from resource 0_resource_name_obfuscated debugBuild: false
09-02 02:49:23.819  5460  5516 W linker  : Warning: "/data/app/~~_KLlx60MH8CoecPTjMKp8g==/com.android.chrome-kw9RHYrlHKb9bPXi8OTClw==/base.apk!/lib/arm64-v8a/libchromium_android_linker.so" unused DT entry: unknown processor-specific (type 0x70000001 arg 0x0) (ignoring)
09-02 02:49:23.820  5460  5516 E cr_ChromiumAndroidLinker: ReserveAddressWithHint: Address range starting at 0x7a3975b000 was not free to use
09-02 02:49:23.820  5523  5523 D NetworkSecurityConfig: Using Network Security Config from resource 0_resource_name_obfuscated debugBuild: false
09-02 02:49:23.821  5523  5523 I cr_SplitCompatApp: Launched version=107.0.5304.91 minSdkVersion=29 isBundle=true processName=com.android.chrome:sandboxed_process1:org.chromium.content.app.SandboxedProcessService1:100 isIsolated=true
09-02 02:49:23.822  5545  5545 I LoadedApk: No resource references to update in package com.google.android.trichromelibrary
09-02 02:49:23.822  5545  5545 D NetworkSecurityConfig: Using Network Security Config from resource 0_resource_name_obfuscated debugBuild: false
09-02 02:49:23.822  5545  5545 D NetworkSecurityConfig: Using Network Security Config from resource 0_resource_name_obfuscated debugBuild: false
09-02 02:49:23.823  5545  5545 I cr_SplitCompatApp: Launched version=107.0.5304.91 minSdkVersion=29 isBundle=true processName=com.android.chrome:sandboxed_process1:org.chromium.content.app.SandboxedProcessService1:101 isIsolated=true
09-02 02:49:23.825  5460  5586 I cr_LibraryLoader: Successfully loaded native library
09-02 02:49:23.826  5460  5586 I cr_CachingUmaRecorder: Flushed 3 samples from 3 histograms.
09-02 02:49:23.841  5565  5565 I LoadedApk: No resource references to update in package com.google.android.trichromelibrary
09-02 02:49:23.841  5565  5565 D NetworkSecurityConfig: Using Network Security Config from resource 0_resource_name_obfuscated debugBuild: false
09-02 02:49:23.841  5565  5565 D NetworkSecurityConfig: Using Network Security Config from resource 0_resource_name_obfuscated debugBuild: false
09-02 02:49:23.842  5565  5565 I cr_SplitCompatApp: Launched version=107.0.5304.91 minSdkVersion=29 isBundle=true processName=com.android.chrome:sandboxed_process1:org.chromium.content.app.SandboxedProcessService1:102 isIsolated=true
09-02 02:49:23.849  5523  5523 W SystemServiceRegistry: No service published for: uimode
09-02 02:49:23.849  5565  5565 W SystemServiceRegistry: No service published for: uimode
09-02 02:49:23.849  5545  5545 W SystemServiceRegistry: No service published for: uimode
09-02 02:49:23.853  5523  5523 I cr_ChildProcessService: Creating new ChildProcessService pid=5523
09-02 02:49:23.854  5545  5545 I cr_ChildProcessService: Creating new ChildProcessService pid=5545
09-02 02:49:23.854  5565  5565 I cr_ChildProcessService: Creating new ChildProcessService pid=5565
09-02 02:49:23.863  5545  5576 I cr_LibraryLoader: Using ModernLinker
09-02 02:49:23.866  5545  5596 W linker  : Warning: "/data/app/~~_KLlx60MH8CoecPTjMKp8g==/com.android.chrome-kw9RHYrlHKb9bPXi8OTClw==/base.apk!/lib/arm64-v8a/libchromium_android_linker.so" unused DT entry: unknown processor-specific (type 0x70000001 arg 0x0) (ignoring)
09-02 02:49:23.867  5545  5596 I cr_LibraryLoader: Loading monochrome_64 from within /data/app/~~_KLlx60MH8CoecPTjMKp8g==/com.android.chrome-kw9RHYrlHKb9bPXi8OTClw==/base.apk
09-02 02:49:23.867  5545  5596 I cr_ModernLinker: loadLibraryImplLocked: monochrome_64, relroMode=2
09-02 02:49:23.871  5565  5588 I cr_LibraryLoader: Using ModernLinker
09-02 02:49:23.872  5523  5555 I cr_LibraryLoader: Using ModernLinker
09-02 02:49:23.875  5523  5595 W linker  : Warning: "/data/app/~~_KLlx60MH8CoecPTjMKp8g==/com.android.chrome-kw9RHYrlHKb9bPXi8OTClw==/base.apk!/lib/arm64-v8a/libchromium_android_linker.so" unused DT entry: unknown processor-specific (type 0x70000001 arg 0x0) (ignoring)
09-02 02:49:23.877  5523  5595 I cr_LibraryLoader: Loading monochrome_64 from within /data/app/~~_KLlx60MH8CoecPTjMKp8g==/com.android.chrome-kw9RHYrlHKb9bPXi8OTClw==/base.apk
09-02 02:49:23.877  5523  5595 I cr_ModernLinker: loadLibraryImplLocked: monochrome_64, relroMode=2
09-02 02:49:23.884  5545  5596 W linker  : Warning: "/data/app/~~pvdNlmkqoAdokjnHYmWQbA==/com.google.android.trichromelibrary_530409134-AZWnkLs2PHY5miTP6ZiTzA==/base.apk!/lib/arm64-v8a/libmonochrome_64.so" unused DT entry: unknown processor-specific (type 0x70000001 arg 0x0) (ignoring)
09-02 02:49:23.893  1699  1831 I cr_omaha: Attempting to schedule next job for: Sat Sep 02 07:33:16 GMT+02:00 2023
09-02 02:49:23.895  5523  5595 W linker  : Warning: "/data/app/~~pvdNlmkqoAdokjnHYmWQbA==/com.google.android.trichromelibrary_530409134-AZWnkLs2PHY5miTP6ZiTzA==/base.apk!/lib/arm64-v8a/libmonochrome_64.so" unused DT entry: unknown processor-specific (type 0x70000001 arg 0x0) (ignoring)
09-02 02:49:23.902  1513  1513 D CompatibilityChangeReporter: Compat change id reported: 135634846; UID 10224; state: DISABLED
09-02 02:49:23.902  1513  1513 D CompatibilityChangeReporter: Compat change id reported: 135754954; UID 10224; state: ENABLED
09-02 02:49:23.909  1699  1699 I cr_omaha: Scheduled using JobService
09-02 02:49:23.912  1699  1699 E cr_BkgrdTaskJS: Tried finishing non-current BackgroundTask.
09-02 02:49:23.915  1807  1807 D Zygote  : Forked child process 5604
09-02 02:49:23.917  5604  5604 E libc    : SetHeapTaggingLevel: re-enabling tagging after it was disabled is not supported
09-02 02:49:23.918  1513  1625 W ActivityManager: Slow operation: 2139ms so far, now at startProcess: returned from zygote!
09-02 02:49:23.918  1513  1625 W ActivityManager: Slow operation: 2139ms so far, now at startProcess: done updating battery stats
09-02 02:49:23.918  1513  1625 W ActivityManager: Slow operation: 2139ms so far, now at startProcess: building log message
09-02 02:49:23.918  1513  1625 I ActivityManager: Start proc 5604:com.android.chrome:sandboxed_process0:org.chromium.content.app.SandboxedProcessService0:103/u0ai4 for  {com.android.chrome/org.chromium.content.app.SandboxedProcessService0:103}
09-02 02:49:23.918  1513  1625 W ActivityManager: Slow operation: 2139ms so far, now at startProcess: starting to update pids map
09-02 02:49:23.919  1513  1625 W ActivityManager: Slow operation: 2139ms so far, now at startProcess: done updating pids map
09-02 02:49:23.919  1513  1625 W ActivityManager: Slow operation: 2093ms so far, now at startProcess: asking zygote to start proc
09-02 02:49:23.919  1513  1625 D CompatibilityChangeReporter: Compat change id reported: 143937733; UID 10220; state: ENABLED
09-02 02:49:23.923  5604  5604 E essService0:10: Not starting debugger since process cannot load the jdwp agent.
09-02 02:49:23.930  1513  3223 E ProcessStats: Executing service ServiceState{cf3a3d8 org.chromium.content.app.SandboxedProcessService0 pkg=com.android.chrome proc=b8c331} without owner
09-02 02:49:23.930  1513  3223 D CompatibilityChangeReporter: Compat change id reported: 136274596; UID 10220; state: ENABLED
09-02 02:49:23.943  5604  5604 I LoadedApk: No resource references to update in package com.google.android.trichromelibrary
09-02 02:49:23.943  5604  5604 D NetworkSecurityConfig: Using Network Security Config from resource 0_resource_name_obfuscated debugBuild: false
09-02 02:49:23.943  5604  5604 D NetworkSecurityConfig: Using Network Security Config from resource 0_resource_name_obfuscated debugBuild: false
09-02 02:49:23.944  5604  5604 I cr_SplitCompatApp: Launched version=107.0.5304.91 minSdkVersion=29 isBundle=true processName=com.android.chrome:sandboxed_process0:org.chromium.content.app.SandboxedProcessService0:103 isIsolated=true
09-02 02:49:23.948  5604  5604 W SystemServiceRegistry: No service published for: uimode
09-02 02:49:23.952  5604  5604 I cr_ChildProcessService: Creating new ChildProcessService pid=5604
09-02 02:49:23.954  1513  3223 E ProcessStats: Executing service ServiceState{cf3a3d8 org.chromium.content.app.SandboxedProcessService0 pkg=com.android.chrome proc=b8c331} without owner
09-02 02:49:23.954  1513  3223 E ProcessStats: Foregrounding service ServiceState{cf3a3d8 org.chromium.content.app.SandboxedProcessService0 pkg=com.android.chrome proc=b8c331} without owner
09-02 02:49:23.958  5604  5619 I cr_LibraryLoader: Using ModernLinker
09-02 02:49:23.960  5604  5619 W linker  : Warning: "/data/app/~~_KLlx60MH8CoecPTjMKp8g==/com.android.chrome-kw9RHYrlHKb9bPXi8OTClw==/base.apk!/lib/arm64-v8a/libchromium_android_linker.so" unused DT entry: unknown processor-specific (type 0x70000001 arg 0x0) (ignoring)
09-02 02:49:23.961  5604  5619 E cr_ChromiumAndroidLinker: ReserveAddressWithHint: Address range starting at 0x7a3975b000 was not free to use
09-02 02:49:23.961   778   778 D Zygote  : Forked child process 5624
09-02 02:49:23.962  1513  1625 W ActivityManager: Slow operation: 2137ms so far, now at startProcess: returned from zygote!
09-02 02:49:23.962  1513  1625 W ActivityManager: Slow operation: 2137ms so far, now at startProcess: done updating battery stats
09-02 02:49:23.962  1513  1625 W ActivityManager: Slow operation: 2137ms so far, now at startProcess: building log message
09-02 02:49:23.962  1513  1625 I ActivityManager: Start proc 5624:com.android.chrome:sandboxed_process1:org.chromium.content.app.SandboxedProcessService1:104/u0i88 for service {com.android.chrome/org.chromium.content.app.SandboxedProcessService1:104}
09-02 02:49:23.962  1513  1625 W ActivityManager: Slow operation: 2137ms so far, now at startProcess: starting to update pids map
09-02 02:49:23.962  1513  1625 W ActivityManager: Slow operation: 2137ms so far, now at startProcess: done updating pids map
09-02 02:49:23.962  1513  1625 W ActivityManager: Slow operation: 2106ms so far, now at startProcess: asking zygote to start proc
09-02 02:49:23.962  1513  1625 D CompatibilityChangeReporter: Compat change id reported: 143937733; UID 10220; state: ENABLED
09-02 02:49:23.970  5624  5624 E essService1:10: Not starting debugger since process cannot load the jdwp agent.
09-02 02:49:23.976   778   778 D Zygote  : Forked child process 5643
09-02 02:49:23.977  5604  5623 I cr_LibraryLoader: Successfully loaded native library
09-02 02:49:23.977  1513  1625 W ActivityManager: Slow operation: 2121ms so far, now at startProcess: returned from zygote!
09-02 02:49:23.977  1513  1625 W ActivityManager: Slow operation: 2121ms so far, now at startProcess: done updating battery stats
09-02 02:49:23.977  1513  1625 W ActivityManager: Slow operation: 2121ms so far, now at startProcess: building log message
09-02 02:49:23.977  1513  1625 I ActivityManager: Start proc 5643:com.android.chrome:sandboxed_process1:org.chromium.content.app.SandboxedProcessService1:105/u0i89 for service {com.android.chrome/org.chromium.content.app.SandboxedProcessService1:105}
09-02 02:49:23.977  1513  1625 W ActivityManager: Slow operation: 2121ms so far, now at startProcess: starting to update pids map
09-02 02:49:23.977  1513  1625 W ActivityManager: Slow operation: 2121ms so far, now at startProcess: done updating pids map
09-02 02:49:23.977  1513  1625 W ActivityManager: Slow operation: 2034ms so far, now at startProcess: asking zygote to start proc
09-02 02:49:23.978  5604  5623 I cr_CachingUmaRecorder: Flushed 3 samples from 3 histograms.
09-02 02:49:23.983  1513  3227 D CompatibilityChangeReporter: Compat change id reported: 136274596; UID 10220; state: ENABLED
09-02 02:49:23.985  5643  5643 E essService1:10: Not starting debugger since process cannot load the jdwp agent.
09-02 02:49:23.991  5565  5597 W linker  : Warning: "/data/app/~~_KLlx60MH8CoecPTjMKp8g==/com.android.chrome-kw9RHYrlHKb9bPXi8OTClw==/base.apk!/lib/arm64-v8a/libchromium_android_linker.so" unused DT entry: unknown processor-specific (type 0x70000001 arg 0x0) (ignoring)
09-02 02:49:23.999  1807  1807 D Zygote  : Forked child process 5665
09-02 02:49:24.001  5665  5665 E libc    : SetHeapTaggingLevel: re-enabling tagging after it was disabled is not supported
09-02 02:49:24.003  1513  1625 W ActivityManager: Slow operation: 2060ms so far, now at startProcess: returned from zygote!
09-02 02:49:24.004  1513  1625 W ActivityManager: Slow operation: 2060ms so far, now at startProcess: done updating battery stats
09-02 02:49:24.004  1513  1625 W ActivityManager: Slow operation: 2061ms so far, now at startProcess: building log message
09-02 02:49:24.004  1513  1625 I ActivityManager: Start proc 5665:com.android.chrome:sandboxed_process0:org.chromium.content.app.SandboxedProcessService0:106/u0ai5 for  {com.android.chrome/org.chromium.content.app.SandboxedProcessService0:106}
09-02 02:49:24.004  1513  1625 W ActivityManager: Slow operation: 2061ms so far, now at startProcess: starting to update pids map
09-02 02:49:24.004  1513  1625 W ActivityManager: Slow operation: 2061ms so far, now at startProcess: done updating pids map
09-02 02:49:24.004  1513  1625 W ActivityManager: Slow operation: 2027ms so far, now at startProcess: asking zygote to start proc
09-02 02:49:24.004  1513  1625 D CompatibilityChangeReporter: Compat change id reported: 143937733; UID 10220; state: ENABLED
09-02 02:49:24.007  5665  5665 E essService0:10: Not starting debugger since process cannot load the jdwp agent.
09-02 02:49:24.018  1513  3223 E ProcessStats: Executing service ServiceState{cf3a3d8 org.chromium.content.app.SandboxedProcessService0 pkg=com.android.chrome proc=b8c331} without owner
09-02 02:49:24.019  1513  3223 D CompatibilityChangeReporter: Compat change id reported: 136274596; UID 10220; state: ENABLED
09-02 02:49:24.020  5624  5624 I LoadedApk: No resource references to update in package com.google.android.trichromelibrary
09-02 02:49:24.021  5624  5624 D NetworkSecurityConfig: Using Network Security Config from resource 0_resource_name_obfuscated debugBuild: false
09-02 02:49:24.022  5624  5624 D NetworkSecurityConfig: Using Network Security Config from resource 0_resource_name_obfuscated debugBuild: false
09-02 02:49:24.022  5643  5643 I LoadedApk: No resource references to update in package com.google.android.trichromelibrary
09-02 02:49:24.022  5643  5643 D NetworkSecurityConfig: Using Network Security Config from resource 0_resource_name_obfuscated debugBuild: false
09-02 02:49:24.023  5643  5643 D NetworkSecurityConfig: Using Network Security Config from resource 0_resource_name_obfuscated debugBuild: false
09-02 02:49:24.023  5624  5624 I cr_SplitCompatApp: Launched version=107.0.5304.91 minSdkVersion=29 isBundle=true processName=com.android.chrome:sandboxed_process1:org.chromium.content.app.SandboxedProcessService1:104 isIsolated=true
09-02 02:49:24.023  5643  5643 I cr_SplitCompatApp: Launched version=107.0.5304.91 minSdkVersion=29 isBundle=true processName=com.android.chrome:sandboxed_process1:org.chromium.content.app.SandboxedProcessService1:105 isIsolated=true
09-02 02:49:24.025  1807  1807 D Zygote  : Forked child process 5688
09-02 02:49:24.027  1513  1625 W ActivityManager: Slow operation: 2049ms so far, now at startProcess: returned from zygote!
09-02 02:49:24.027  1513  1625 W ActivityManager: Slow operation: 2050ms so far, now at startProcess: done updating battery stats
09-02 02:49:24.027  1513  1625 W ActivityManager: Slow operation: 2050ms so far, now at startProcess: building log message
09-02 02:49:24.027  1513  1625 I ActivityManager: Start proc 5688:com.android.chrome:sandboxed_process0:org.chromium.content.app.SandboxedProcessService0:107/u0ai6 for  {com.android.chrome/org.chromium.content.app.SandboxedProcessService0:107}
09-02 02:49:24.027  1513  1625 W ActivityManager: Slow operation: 2050ms so far, now at startProcess: starting to update pids map
09-02 02:49:24.027  1513  1625 W ActivityManager: Slow operation: 2050ms so far, now at startProcess: done updating pids map
09-02 02:49:24.027  1513  1625 W ActivityManager: Slow operation: 2029ms so far, now at startProcess: asking zygote to start proc
09-02 02:49:24.028  1513  1625 D CompatibilityChangeReporter: Compat change id reported: 143937733; UID 10220; state: ENABLED
09-02 02:49:24.029  5688  5688 E libc    : SetHeapTaggingLevel: re-enabling tagging after it was disabled is not supported
09-02 02:49:24.030  5643  5643 W SystemServiceRegistry: No service published for: uimode
09-02 02:49:24.035  5624  5624 W SystemServiceRegistry: No service published for: uimode
09-02 02:49:24.035  5688  5688 E essService0:10: Not starting debugger since process cannot load the jdwp agent.
09-02 02:49:24.036  5643  5643 I cr_ChildProcessService: Creating new ChildProcessService pid=5643
09-02 02:49:24.043  1513  3227 E ProcessStats: Executing service ServiceState{cf3a3d8 org.chromium.content.app.SandboxedProcessService0 pkg=com.android.chrome proc=b8c331} without owner
09-02 02:49:24.044  1513  3227 D CompatibilityChangeReporter: Compat change id reported: 136274596; UID 10220; state: ENABLED
09-02 02:49:24.044  5643  5664 I cr_LibraryLoader: Using ModernLinker
09-02 02:49:24.045  5665  5665 I LoadedApk: No resource references to update in package com.google.android.trichromelibrary
09-02 02:49:24.045  5665  5665 D NetworkSecurityConfig: Using Network Security Config from resource 0_resource_name_obfuscated debugBuild: false
09-02 02:49:24.046  5624  5624 I cr_ChildProcessService: Creating new ChildProcessService pid=5624
09-02 02:49:24.047  5665  5665 D NetworkSecurityConfig: Using Network Security Config from resource 0_resource_name_obfuscated debugBuild: false
09-02 02:49:24.048  5665  5665 I cr_SplitCompatApp: Launched version=107.0.5304.91 minSdkVersion=29 isBundle=true processName=com.android.chrome:sandboxed_process0:org.chromium.content.app.SandboxedProcessService0:106 isIsolated=true
09-02 02:49:24.054  1807  1807 D Zygote  : Forked child process 5711
09-02 02:49:24.055  1513  1625 W ActivityManager: Slow operation: 2056ms so far, now at startProcess: returned from zygote!
09-02 02:49:24.055  1513  1625 W ActivityManager: Slow operation: 2057ms so far, now at startProcess: done updating battery stats
09-02 02:49:24.055  1513  1625 W ActivityManager: Slow operation: 2057ms so far, now at startProcess: building log message
09-02 02:49:24.055  1513  1625 I ActivityManager: Start proc 5711:com.android.chrome:sandboxed_process0:org.chromium.content.app.SandboxedProcessService0:108/u0ai7 for  {com.android.chrome/org.chromium.content.app.SandboxedProcessService0:108}
09-02 02:49:24.055  1513  1625 W ActivityManager: Slow operation: 2057ms so far, now at startProcess: starting to update pids map
09-02 02:49:24.055  1513  1625 W ActivityManager: Slow operation: 2057ms so far, now at startProcess: done updating pids map
09-02 02:49:24.055  1513  1625 W ActivityManager: Slow operation: 2043ms so far, now at startProcess: asking zygote to start proc
09-02 02:49:24.055  1513  1625 D CompatibilityChangeReporter: Compat change id reported: 143937733; UID 10220; state: ENABLED
09-02 02:49:24.057  5711  5711 E libc    : SetHeapTaggingLevel: re-enabling tagging after it was disabled is not supported
09-02 02:49:24.061  5665  5665 W SystemServiceRegistry: No service published for: uimode
09-02 02:49:24.062  5624  5654 I cr_LibraryLoader: Using ModernLinker
09-02 02:49:24.063  5711  5711 E essService0:10: Not starting debugger since process cannot load the jdwp agent.
09-02 02:49:24.067  5665  5665 I cr_ChildProcessService: Creating new ChildProcessService pid=5665
09-02 02:49:24.070  1513  3232 E ProcessStats: Executing service ServiceState{cf3a3d8 org.chromium.content.app.SandboxedProcessService0 pkg=com.android.chrome proc=b8c331} without owner
09-02 02:49:24.071  5688  5688 I LoadedApk: No resource references to update in package com.google.android.trichromelibrary
09-02 02:49:24.071  1513  3232 E ProcessStats: Foregrounding service ServiceState{cf3a3d8 org.chromium.content.app.SandboxedProcessService0 pkg=com.android.chrome proc=b8c331} without owner
09-02 02:49:24.071  5688  5688 D NetworkSecurityConfig: Using Network Security Config from resource 0_resource_name_obfuscated debugBuild: false
09-02 02:49:24.072  5688  5688 D NetworkSecurityConfig: Using Network Security Config from resource 0_resource_name_obfuscated debugBuild: false
09-02 02:49:24.073  5665  5687 I cr_LibraryLoader: Using ModernLinker
09-02 02:49:24.074  5688  5688 I cr_SplitCompatApp: Launched version=107.0.5304.91 minSdkVersion=29 isBundle=true processName=com.android.chrome:sandboxed_process0:org.chromium.content.app.SandboxedProcessService0:107 isIsolated=true
09-02 02:49:24.075  1513  3227 E ProcessStats: Executing service ServiceState{cf3a3d8 org.chromium.content.app.SandboxedProcessService0 pkg=com.android.chrome proc=b8c331} without owner
09-02 02:49:24.076  1513  3227 D CompatibilityChangeReporter: Compat change id reported: 136274596; UID 10220; state: ENABLED
09-02 02:49:24.077  5665  5687 W linker  : Warning: "/data/app/~~_KLlx60MH8CoecPTjMKp8g==/com.android.chrome-kw9RHYrlHKb9bPXi8OTClw==/base.apk!/lib/arm64-v8a/libchromium_android_linker.so" unused DT entry: unknown processor-specific (type 0x70000001 arg 0x0) (ignoring)
09-02 02:49:24.078  5665  5687 E cr_ChromiumAndroidLinker: ReserveAddressWithHint: Address range starting at 0x7a3975b000 was not free to use
09-02 02:49:24.085  5665  5727 I cr_LibraryLoader: Successfully loaded native library
09-02 02:49:24.085  5665  5727 I cr_CachingUmaRecorder: Flushed 3 samples from 3 histograms.
09-02 02:49:24.086  5688  5688 W SystemServiceRegistry: No service published for: uimode
09-02 02:49:24.092  5688  5688 I cr_ChildProcessService: Creating new ChildProcessService pid=5688
09-02 02:49:24.095  1513  3232 E ProcessStats: Executing service ServiceState{cf3a3d8 org.chromium.content.app.SandboxedProcessService0 pkg=com.android.chrome proc=b8c331} without owner
09-02 02:49:24.096  1513  3232 E ProcessStats: Foregrounding service ServiceState{cf3a3d8 org.chromium.content.app.SandboxedProcessService0 pkg=com.android.chrome proc=b8c331} without owner
09-02 02:49:24.097  5711  5711 I LoadedApk: No resource references to update in package com.google.android.trichromelibrary
09-02 02:49:24.098  5688  5710 I cr_LibraryLoader: Using ModernLinker
09-02 02:49:24.098  5711  5711 D NetworkSecurityConfig: Using Network Security Config from resource 0_resource_name_obfuscated debugBuild: false
09-02 02:49:24.099  5711  5711 D NetworkSecurityConfig: Using Network Security Config from resource 0_resource_name_obfuscated debugBuild: false
09-02 02:49:24.100  5688  5710 W linker  : Warning: "/data/app/~~_KLlx60MH8CoecPTjMKp8g==/com.android.chrome-kw9RHYrlHKb9bPXi8OTClw==/base.apk!/lib/arm64-v8a/libchromium_android_linker.so" unused DT entry: unknown processor-specific (type 0x70000001 arg 0x0) (ignoring)
09-02 02:49:24.100  5711  5711 I cr_SplitCompatApp: Launched version=107.0.5304.91 minSdkVersion=29 isBundle=true processName=com.android.chrome:sandboxed_process0:org.chromium.content.app.SandboxedProcessService0:108 isIsolated=true
09-02 02:49:24.101  5688  5710 E cr_ChromiumAndroidLinker: ReserveAddressWithHint: Address range starting at 0x7a3975b000 was not free to use
09-02 02:49:24.107  5688  5733 I cr_LibraryLoader: Successfully loaded native library
09-02 02:49:24.107  5688  5733 I cr_CachingUmaRecorder: Flushed 3 samples from 3 histograms.
09-02 02:49:24.112  5711  5711 W SystemServiceRegistry: No service published for: uimode
09-02 02:49:24.124  5711  5711 I cr_ChildProcessService: Creating new ChildProcessService pid=5711
09-02 02:49:24.206  5414  5485 I cr_LibraryLoader: Successfully loaded native library
09-02 02:49:24.207  5414  5485 I cr_CachingUmaRecorder: Flushed 3 samples from 3 histograms.
09-02 02:49:24.242   901  2806 I sensors-hal: [ssc_utils]get_qmi_debug_flag:244, support_qmi_debug : false
09-02 02:49:24.247  1513  3227 E ProcessStats: Executing service ServiceState{cf3a3d8 org.chromium.content.app.SandboxedProcessService0 pkg=com.android.chrome proc=b8c331} without owner
09-02 02:49:24.247  1513  3227 E ProcessStats: Foregrounding service ServiceState{cf3a3d8 org.chromium.content.app.SandboxedProcessService0 pkg=com.android.chrome proc=b8c331} without owner
09-02 02:49:24.249  5711  5730 I cr_LibraryLoader: Using ModernLinker
09-02 02:49:24.252  5565  5597 I cr_LibraryLoader: Loading monochrome_64 from within /data/app/~~_KLlx60MH8CoecPTjMKp8g==/com.android.chrome-kw9RHYrlHKb9bPXi8OTClw==/base.apk
09-02 02:49:24.252  5711  5730 W linker  : Warning: "/data/app/~~_KLlx60MH8CoecPTjMKp8g==/com.android.chrome-kw9RHYrlHKb9bPXi8OTClw==/base.apk!/lib/arm64-v8a/libchromium_android_linker.so" unused DT entry: unknown processor-specific (type 0x70000001 arg 0x0) (ignoring)
09-02 02:49:24.252  5565  5597 I cr_ModernLinker: loadLibraryImplLocked: monochrome_64, relroMode=2
09-02 02:49:24.253  5711  5730 E cr_ChromiumAndroidLinker: ReserveAddressWithHint: Address range starting at 0x7a3975b000 was not free to use
09-02 02:49:24.257  5711  5736 I cr_LibraryLoader: Successfully loaded native library
09-02 02:49:24.258  5711  5736 I cr_CachingUmaRecorder: Flushed 3 samples from 3 histograms.
09-02 02:49:24.288   901  1000 W ASH     : @ 60950.738: Unhandled msg ID 999: line 1277
09-02 02:49:24.288   901  1000 E ASH     : @ 60950.738: No pb callback assigned
09-02 02:49:24.288   901  1000 E ASH     : @ 60950.738: Nanopb error: callback failed:1588
09-02 02:49:24.321   901  1000 I ASH     : @ 60950.772: tcs3701: ADC is saturated, removed sample from FIFO.
09-02 02:49:24.328   901  1000 D VSC     : @ 60950.778: [WO] tilt angle 87
09-02 02:49:24.330  5624  5708 W linker  : Warning: "/data/app/~~_KLlx60MH8CoecPTjMKp8g==/com.android.chrome-kw9RHYrlHKb9bPXi8OTClw==/base.apk!/lib/arm64-v8a/libchromium_android_linker.so" unused DT entry: unknown processor-specific (type 0x70000001 arg 0x0) (ignoring)
09-02 02:49:24.404  5817  5819 I cmd     : oneway function results will be dropped but finished with status OK and parcel size 4
09-02 02:49:24.430  1552  1552 I BatteryMgr:DataCollectionService: onStartCommand: begin
09-02 02:49:24.430  1552  1552 I BatteryMgr:DataCollectionService: onStartCommand: sampleRate => 100
09-02 02:49:24.431  5643  5706 W linker  : Warning: "/data/app/~~_KLlx60MH8CoecPTjMKp8g==/com.android.chrome-kw9RHYrlHKb9bPXi8OTClw==/base.apk!/lib/arm64-v8a/libchromium_android_linker.so" unused DT entry: unknown processor-specific (type 0x70000001 arg 0x0) (ignoring)
09-02 02:49:24.432  5643  5706 I cr_LibraryLoader: Loading monochrome_64 from within /data/app/~~_KLlx60MH8CoecPTjMKp8g==/com.android.chrome-kw9RHYrlHKb9bPXi8OTClw==/base.apk
09-02 02:49:24.432  1552  1552 I BatteryMgr:DataCollectionService: onStartCommand: rawFields => Timestamp,BATTERY_PROPERTY_CURRENT_NOW,EXTRA_VOLTAGE
09-02 02:49:24.432  5643  5706 I cr_ModernLinker: loadLibraryImplLocked: monochrome_64, relroMode=2
