09-02 02:47:47.174 31232 31232 I LoadedApk: No resource references to update in package com.google.android.trichromelibrary
09-02 02:47:47.175 31232 31232 D NetworkSecurityConfig: Using Network Security Config from resource 0_resource_name_obfuscated debugBuild: false
09-02 02:47:47.175 31118 31200 I cr_LibraryLoader: Using ModernLinker
09-02 02:47:47.176 31118 31200 W linker  : Warning: "/data/app/~~_KLlx60MH8CoecPTjMKp8g==/com.android.chrome-kw9RHYrlHKb9bPXi8OTClw==/base.apk!/lib/arm64-v8a/libchromium_android_linker.so" unused DT entry: unknown processor-specific (type 0x70000001 arg 0x0) (ignoring)
09-02 02:47:47.176 31232 31232 D NetworkSecurityConfig: Using Network Security Config from resource 0_resource_name_obfuscated debugBuild: false
09-02 02:47:47.176 31193 31224 W linker  : Warning: "/data/app/~~_KLlx60MH8CoecPTjMKp8g==/com.android.chrome-kw9RHYrlHKb9bPXi8OTClw==/base.apk!/lib/arm64-v8a/libchromium_android_linker.so" unused DT entry: unknown processor-specific (type 0x70000001 arg 0x0) (ignoring)
09-02 02:47:47.176 31118 31200 E cr_ChromiumAndroidLinker: ReserveAddressWithHint: Address range starting at 0x7a38720000 was not free to use
09-02 02:47:47.176 31193 31224 E cr_ChromiumAndroidLinker: ReserveAddressWithHint: Address range starting at 0x7a38720000 was not free to use
09-02 02:47:47.177 31232 31232 I cr_SplitCompatApp: Launched version=107.0.5304.91 minSdkVersion=29 isBundle=true processName=com.android.chrome:sandboxed_process0:org.chromium.content.app.SandboxedProcessService0:60 isIsolated=true
09-02 02:47:47.180 31210 31230 I cr_LibraryLoader: Using ModernLinker
09-02 02:47:47.182 29415 29415 I cr_StartSurface: Recorded Startup.Android.StartSurfaceShownAtStartup = false
09-02 02:47:47.183 31210 31230 W linker  : Warning: "/data/app/~~_KLlx60MH8CoecPTjMKp8g==/com.android.chrome-kw9RHYrlHKb9bPXi8OTClw==/base.apk!/lib/arm64-v8a/libchromium_android_linker.so" unused DT entry: unknown processor-specific (type 0x70000001 arg 0x0) (ignoring)
09-02 02:47:47.183 31153 31214 I cr_LibraryLoader: Using ModernLinker
09-02 02:47:47.183 31210 31230 E cr_ChromiumAndroidLinker: ReserveAddressWithHint: Address range starting at 0x7a38720000 was not free to use
09-02 02:47:47.186 31210 31272 I cr_LibraryLoader: Successfully loaded native library
09-02 02:47:47.186 31210 31272 I cr_CachingUmaRecorder: Flushed 3 samples from 3 histograms.
09-02 02:47:47.188  1513  2172 D CompatibilityChangeReporter: Compat change id reported: 135634846; UID 10220; state: DISABLED
09-02 02:47:47.188  1513  2172 D CompatibilityChangeReporter: Compat change id reported: 135754954; UID 10220; state: ENABLED
09-02 02:47:47.189 31245 31245 I LoadedApk: No resource references to update in package com.google.android.trichromelibrary
09-02 02:47:47.189 31094 31148 I cr_LibraryLoader: Using ModernLinker
09-02 02:47:47.189 31245 31245 D NetworkSecurityConfig: Using Network Security Config from resource 0_resource_name_obfuscated debugBuild: false
09-02 02:47:47.190 31153 31214 W linker  : Warning: "/data/app/~~_KLlx60MH8CoecPTjMKp8g==/com.android.chrome-kw9RHYrlHKb9bPXi8OTClw==/base.apk!/lib/arm64-v8a/libchromium_android_linker.so" unused DT entry: unknown processor-specific (type 0x70000001 arg 0x0) (ignoring)
09-02 02:47:47.190 31094 31148 W linker  : Warning: "/data/app/~~_KLlx60MH8CoecPTjMKp8g==/com.android.chrome-kw9RHYrlHKb9bPXi8OTClw==/base.apk!/lib/arm64-v8a/libchromium_android_linker.so" unused DT entry: unknown processor-specific (type 0x70000001 arg 0x0) (ignoring)
09-02 02:47:47.190 31094 31148 E cr_ChromiumAndroidLinker: ReserveAddressWithHint: Address range starting at 0x7a38720000 was not free to use
09-02 02:47:47.190 31245 31245 D NetworkSecurityConfig: Using Network Security Config from resource 0_resource_name_obfuscated debugBuild: false
09-02 02:47:47.191 31153 31214 E cr_ChromiumAndroidLinker: ReserveAddressWithHint: Address range starting at 0x7a38720000 was not free to use
09-02 02:47:47.192 31245 31245 I cr_SplitCompatApp: Launched version=107.0.5304.91 minSdkVersion=29 isBundle=true processName=com.android.chrome:sandboxed_process0:org.chromium.content.app.SandboxedProcessService0:61 isIsolated=true
09-02 02:47:47.194 31118 31253 I cr_LibraryLoader: Successfully loaded native library
09-02 02:47:47.196 31118 31253 I cr_CachingUmaRecorder: Flushed 3 samples from 3 histograms.
09-02 02:47:47.199 29799 29799 I cr_ChildProcessService: Destroying ChildProcessService pid=29799
09-02 02:47:47.199  1513  2172 I ActivityManager: Killing 29799:com.android.chrome:sandboxed_process0:org.chromium.content.app.SandboxedProcessService0:11/u0a220i-8989 (adj 0): isolated not needed
09-02 02:47:47.202  1513  1640 I libprocessgroup: Successfully killed process cgroup uid 90011 pid 29799 in 0ms
09-02 02:47:47.205 31153 31267 I cr_LibraryLoader: Successfully loaded native library
09-02 02:47:47.207  2410  2410 D DeviceStatisticsService: chargerType=2 batteryLevel=100 totalBatteryCapacity=4085600
09-02 02:47:47.207  2062  5075 D PowerUI : can't show warning due to - plugged: true status unknown: false
09-02 02:47:47.207  2410  2410 D DeviceInfoHidlClient: getPowerInfoSupportStatus()=-1
09-02 02:47:47.207 31153 31267 I cr_CachingUmaRecorder: Flushed 3 samples from 3 histograms.
09-02 02:47:47.208 31232 31232 W SystemServiceRegistry: No service published for: uimode
09-02 02:47:47.211  9624  9624 I VISHotwordAdapter: Not connected and not waiting for connection.
09-02 02:47:47.213 31193 31271 I cr_LibraryLoader: Successfully loaded native library
09-02 02:47:47.214 31232 31232 I cr_ChildProcessService: Creating new ChildProcessService pid=31232
09-02 02:47:47.214 31193 31271 I cr_CachingUmaRecorder: Flushed 3 samples from 3 histograms.
09-02 02:47:47.215   901  2806 I sensors-hal: [ssc_utils]get_qmi_debug_flag:244, support_qmi_debug : false
09-02 02:47:47.216 31245 31245 W SystemServiceRegistry: No service published for: uimode
09-02 02:47:47.223 31094 31244 I cr_LibraryLoader: Successfully loaded native library
09-02 02:47:47.225 29415 29468 I cr_BindingManager: Visible binding enabled: maxSize=-1
09-02 02:47:47.226  1513  3221 W ActivityManager: Failed making new process record for com.android.chrome:sandboxed_process0:org.chromium.content.app.SandboxedProcessService0:107/10220 isolated=true
09-02 02:47:47.226  1513  3221 W ActivityManager: Unable to launch app com.android.chrome/10220 for service Intent { cmp=com.android.chrome/org.chromium.content.app.SandboxedProcessService0 }: process is bad
09-02 02:47:47.227 31245 31245 I cr_ChildProcessService: Creating new ChildProcessService pid=31245
09-02 02:47:47.229 31094 31244 I cr_CachingUmaRecorder: Flushed 3 samples from 3 histograms.
09-02 02:47:47.232 29415 29415 I cr_TabWebContentsObs: renderProcessGone() for tab id: 6584, already needs reload: false
09-02 02:47:47.236 29415 29468 W cr_ChildProcessConn: Fallback to ComponentInfo{com.android.chrome/org.chromium.content.app.SandboxedProcessService1}
09-02 02:47:47.236   901  2806 I sensors-hal: [ssc_utils]get_qmi_debug_flag:244, support_qmi_debug : false
09-02 02:47:47.236 29415 29415 I cr_TabWebContentsObs: renderProcessGone() for tab id: 6583, already needs reload: false
09-02 02:47:47.241 29469 29469 D Zygote  : Forked child process 31300
09-02 02:47:47.242 29469 29469 I Zygote  : Process 29627 exited due to signal 9 (Killed)
09-02 02:47:47.242 29469 29469 I Zygote  : Process 29660 exited due to signal 9 (Killed)
09-02 02:47:47.242 29469 29469 I Zygote  : Process 29682 exited due to signal 9 (Killed)
09-02 02:47:47.242  1513  1625 W ActivityManager: Slow operation: 1411ms so far, now at startProcess: returned from zygote!
09-02 02:47:47.244 31300 31300 E libc    : SetHeapTaggingLevel: re-enabling tagging after it was disabled is not supported
09-02 02:47:47.245 29415 29415 I cr_TabWebContentsObs: renderProcessGone() for tab id: 6582, already needs reload: false
09-02 02:47:47.247 29469 29469 I Zygote  : Process 29718 exited due to signal 9 (Killed)
09-02 02:47:47.248   901  1000 W ASH     : @ 60853.698: Unhandled msg ID 999: line 1277
09-02 02:47:47.248   901  1000 E ASH     : @ 60853.698: No pb callback assigned
09-02 02:47:47.248   901  1000 E ASH     : @ 60853.698: Nanopb error: callback failed:1588
09-02 02:47:47.250 29415 29415 I cr_TabWebContentsObs: renderProcessGone() for tab id: 6586, already needs reload: false
09-02 02:47:47.250 31300 31300 E cessService0:6: Not starting debugger since process cannot load the jdwp agent.
09-02 02:47:47.259 29469 29469 I Zygote  : Process 29574 exited due to signal 9 (Killed)
09-02 02:47:47.264 29415 29415 I cr_TabWebContentsObs: renderProcessGone() for tab id: 6579, already needs reload: false
09-02 02:47:47.275 29469 29469 I Zygote  : Process 29799 exited due to signal 9 (Killed)
09-02 02:47:47.278 29415 29415 I cr_TabWebContentsObs: renderProcessGone() for tab id: 6589, already needs reload: false
09-02 02:47:47.299 29469 29469 I Zygote  : Process 29610 exited due to signal 9 (Killed)
09-02 02:47:47.304 29415 29415 I cr_TabWebContentsObs: renderProcessGone() for tab id: 6581, already needs reload: false
09-02 02:47:47.307  9624  9624 I VISHotwordAdapter: Still waiting for connection; add the callback to callback list
09-02 02:47:47.308  1513  2264 E ProcessStats: Executing service ServiceState{cf3a3d8 org.chromium.content.app.SandboxedProcessService0 pkg=com.android.chrome proc=b8c331} without owner
09-02 02:47:47.309  1513  2264 E ProcessStats: Foregrounding service ServiceState{cf3a3d8 org.chromium.content.app.SandboxedProcessService0 pkg=com.android.chrome proc=b8c331} without owner
09-02 02:47:47.309   901  2806 I sensors-hal: [ssc_utils]get_qmi_debug_flag:244, support_qmi_debug : false
09-02 02:47:47.328   901  1000 W ASH     : @ 60853.778: Unhandled msg ID 999: line 1277
09-02 02:47:47.328   901  1000 E ASH     : @ 60853.778: No pb callback assigned
09-02 02:47:47.328   901  1000 E ASH     : @ 60853.778: Nanopb error: callback failed:1588
09-02 02:47:47.329  1513  2172 E ProcessStats: Executing service ServiceState{cf3a3d8 org.chromium.content.app.SandboxedProcessService0 pkg=com.android.chrome proc=b8c331} without owner
09-02 02:47:47.330  1513  2172 E ProcessStats: Binding service ServiceState{cf3a3d8 org.chromium.content.app.SandboxedProcessService0 pkg=com.android.chrome proc=b8c331} without owner
09-02 02:47:47.331  1513  2172 E ProcessStats: Starting service ServiceState{cf3a3d8 org.chromium.content.app.SandboxedProcessService0 pkg=com.android.chrome proc=b8c331} without owner
09-02 02:47:47.332  1513  2172 E ProcessStats: Binding service ServiceState{cf3a3d8 org.chromium.content.app.SandboxedProcessService0 pkg=com.android.chrome proc=b8c331} without owner
09-02 02:47:47.332 29750 29750 I cr_ChildProcessService: Destroying ChildProcessService pid=29750
09-02 02:47:47.335  1513  2172 I ActivityManager: Killing 29750:com.android.chrome:sandboxed_process0:org.chromium.content.app.SandboxedProcessService0:9/u0a220i-8991 (adj 0): isolated not needed
09-02 02:47:47.335  1513  1640 I libprocessgroup: Successfully killed process cgroup uid 90009 pid 29750 in 0ms
09-02 02:47:47.336  1513  1625 W ActivityManager: Slow operation: 1505ms so far, now at startProcess: done updating battery stats
09-02 02:47:47.336  1513  1625 W ActivityManager: Slow operation: 1505ms so far, now at startProcess: building log message
09-02 02:47:47.336  1513  1625 I ActivityManager: Start proc 31300:com.android.chrome:sandboxed_process0:org.chromium.content.app.SandboxedProcessService0:62/u0ai62 for  {com.android.chrome/org.chromium.content.app.SandboxedProcessService0:62}
09-02 02:47:47.336  1513  1625 W ActivityManager: Slow operation: 1505ms so far, now at startProcess: starting to update pids map
09-02 02:47:47.336  1513  1625 W ActivityManager: Slow operation: 1505ms so far, now at startProcess: done updating pids map
09-02 02:47:47.336  1513  1625 W ActivityManager: Slow operation: 1481ms so far, now at startProcess: asking zygote to start proc
09-02 02:47:47.337  1513  1625 D CompatibilityChangeReporter: Compat change id reported: 143937733; UID 10220; state: ENABLED
09-02 02:47:47.376   901  1000 I ASH     : @ 60853.825: tcs3701: ADC is saturated, removed sample from FIFO.
09-02 02:47:47.382  1513  2169 E ProcessStats: Executing service ServiceState{cf3a3d8 org.chromium.content.app.SandboxedProcessService0 pkg=com.android.chrome proc=b8c331} without owner
09-02 02:47:47.382  1513  2169 D CompatibilityChangeReporter: Compat change id reported: 136274596; UID 10220; state: ENABLED
09-02 02:47:47.389  1513  2172 E ProcessStats: Executing service ServiceState{cf3a3d8 org.chromium.content.app.SandboxedProcessService0 pkg=com.android.chrome proc=b8c331} without owner
09-02 02:47:47.390  1513  2172 E ProcessStats: Foregrounding service ServiceState{cf3a3d8 org.chromium.content.app.SandboxedProcessService0 pkg=com.android.chrome proc=b8c331} without owner
09-02 02:47:47.408 31300 31300 I LoadedApk: No resource references to update in package com.google.android.trichromelibrary
09-02 02:47:47.408 31300 31300 D NetworkSecurityConfig: Using Network Security Config from resource 0_resource_name_obfuscated debugBuild: false
09-02 02:47:47.408 31300 31300 D NetworkSecurityConfig: Using Network Security Config from resource 0_resource_name_obfuscated debugBuild: false
09-02 02:47:47.409 31300 31300 I cr_SplitCompatApp: Launched version=107.0.5304.91 minSdkVersion=29 isBundle=true processName=com.android.chrome:sandboxed_process0:org.chromium.content.app.SandboxedProcessService0:62 isIsolated=true
09-02 02:47:47.414  9624  9624 I A       : getLocaleToModelSpecsMap
09-02 02:47:47.414  9624  9624 I A       : Using proto config with mendel
09-02 02:47:47.414  9624  9624 I A       : getLocaleToModelSpecsMap
09-02 02:47:47.414  9624  9624 I A       : Using proto config with mendel
09-02 02:47:47.415  9624  9624 I A       : getLocaleToModelSpecsMap
09-02 02:47:47.415  9624  9624 I A       : Using proto config with mendel
09-02 02:47:47.418 31300 31300 W SystemServiceRegistry: No service published for: uimode
09-02 02:47:47.420 31300 31300 I cr_ChildProcessService: Creating new ChildProcessService pid=31300
09-02 02:47:47.425  1513  2262 E ProcessStats: Executing service ServiceState{cf3a3d8 org.chromium.content.app.SandboxedProcessService0 pkg=com.android.chrome proc=b8c331} without owner
09-02 02:47:47.426  1513  2262 E ProcessStats: Foregrounding service ServiceState{cf3a3d8 org.chromium.content.app.SandboxedProcessService0 pkg=com.android.chrome proc=b8c331} without owner
09-02 02:47:47.426  3088  3116 I GsaVoiceInteractionSrv: (REDACTED) isHotwordRecognitionEnabled %b %b
09-02 02:47:47.433 31232 31277 I cr_LibraryLoader: Using ModernLinker
09-02 02:47:47.435 31232 31277 W linker  : Warning: "/data/app/~~_KLlx60MH8CoecPTjMKp8g==/com.android.chrome-kw9RHYrlHKb9bPXi8OTClw==/base.apk!/lib/arm64-v8a/libchromium_android_linker.so" unused DT entry: unknown processor-specific (type 0x70000001 arg 0x0) (ignoring)
09-02 02:47:47.436 31232 31277 E cr_ChromiumAndroidLinker: ReserveAddressWithHint: Address range starting at 0x7a38720000 was not free to use
09-02 02:47:47.436  1513  3221 D CompatibilityChangeReporter: Compat change id reported: 135634846; UID 10220; state: DISABLED
09-02 02:47:47.436  1513  3221 D CompatibilityChangeReporter: Compat change id reported: 135754954; UID 10220; state: ENABLED
09-02 02:47:47.441 29821 29821 I cr_ChildProcessService: Destroying ChildProcessService pid=29821
09-02 02:47:47.441  1513  2262 I ActivityManager: Killing 29821:com.android.chrome:sandboxed_process0:org.chromium.content.app.SandboxedProcessService0:12/u0a220i-8988 (adj 0): isolated not needed
09-02 02:47:47.441  1513  1640 I libprocessgroup: Successfully killed process cgroup uid 90012 pid 29821 in 0ms
09-02 02:47:47.443 31232 31294 I cr_LibraryLoader: Successfully loaded native library
09-02 02:47:47.443 31232 31294 I cr_CachingUmaRecorder: Flushed 3 samples from 3 histograms.
09-02 02:47:47.444 31245 31266 I cr_LibraryLoader: Using ModernLinker
09-02 02:47:47.446 31245 31266 W linker  : Warning: "/data/app/~~_KLlx60MH8CoecPTjMKp8g==/com.android.chrome-kw9RHYrlHKb9bPXi8OTClw==/base.apk!/lib/arm64-v8a/libchromium_android_linker.so" unused DT entry: unknown processor-specific (type 0x70000001 arg 0x0) (ignoring)
09-02 02:47:47.447 31245 31266 E cr_ChromiumAndroidLinker: ReserveAddressWithHint: Address range starting at 0x7a38720000 was not free to use
09-02 02:47:47.448 31300 31322 I cr_LibraryLoader: Using ModernLinker
09-02 02:47:47.449 31300 31322 W linker  : Warning: "/data/app/~~_KLlx60MH8CoecPTjMKp8g==/com.android.chrome-kw9RHYrlHKb9bPXi8OTClw==/base.apk!/lib/arm64-v8a/libchromium_android_linker.so" unused DT entry: unknown processor-specific (type 0x70000001 arg 0x0) (ignoring)
09-02 02:47:47.450 31300 31322 E cr_ChromiumAndroidLinker: ReserveAddressWithHint: Address range starting at 0x7a38720000 was not free to use
09-02 02:47:47.452 31300 31383 I cr_LibraryLoader: Successfully loaded native library
09-02 02:47:47.452 31245 31323 I cr_LibraryLoader: Successfully loaded native library
09-02 02:47:47.452 31300 31383 I cr_CachingUmaRecorder: Flushed 3 samples from 3 histograms.
09-02 02:47:47.453 31245 31323 I cr_CachingUmaRecorder: Flushed 3 samples from 3 histograms.
09-02 02:47:47.460  1513  2169 I ActivityManager: Killing 29842:com.android.chrome:sandboxed_process0:org.chromium.content.app.SandboxedProcessService0:13/u0a220i-8987 (adj 0): isolated not needed
09-02 02:47:47.462  1513  1640 I libprocessgroup: Successfully killed process cgroup uid 90013 pid 29842 in 0ms
09-02 02:47:47.485  1513  2262 I ActivityManager: Killing 29909:com.android.chrome:sandboxed_process0:org.chromium.content.app.SandboxedProcessService0:15/u0a220i-8985 (adj 0): isolated not needed
09-02 02:47:47.486  1513  1640 I libprocessgroup: Successfully killed process cgroup uid 90015 pid 29909 in 0ms
09-02 02:47:47.491  1513  2169 I ActivityManager: Killing 29871:com.android.chrome:sandboxed_process0:org.chromium.content.app.SandboxedProcessService0:14/u0a220i-8986 (adj 0): isolated not needed
09-02 02:47:47.492  1513  1640 I libprocessgroup: Successfully killed process cgroup uid 90014 pid 29871 in 0ms
09-02 02:47:47.495 29469 29469 D Zygote  : Forked child process 31414
09-02 02:47:47.495  1513  1625 W ActivityManager: Slow operation: 1640ms so far, now at startProcess: returned from zygote!
09-02 02:47:47.496  1513  1625 W ActivityManager: Slow operation: 1640ms so far, now at startProcess: done updating battery stats
09-02 02:47:47.496  1513  1625 W ActivityManager: Slow operation: 1640ms so far, now at startProcess: building log message
09-02 02:47:47.496  1513  1625 I ActivityManager: Start proc 31414:com.android.chrome:sandboxed_process0:org.chromium.content.app.SandboxedProcessService0:63/u0ai63 for  {com.android.chrome/org.chromium.content.app.SandboxedProcessService0:63}
09-02 02:47:47.496  1513  1625 W ActivityManager: Slow operation: 1640ms so far, now at startProcess: starting to update pids map
09-02 02:47:47.496  1513  1625 W ActivityManager: Slow operation: 1641ms so far, now at startProcess: done updating pids map
09-02 02:47:47.496  1513  1625 W ActivityManager: Slow operation: 1606ms so far, now at startProcess: asking zygote to start proc
09-02 02:47:47.496  1513  1625 D CompatibilityChangeReporter: Compat change id reported: 143937733; UID 10220; state: ENABLED
09-02 02:47:47.497 31414 31414 E libc    : SetHeapTaggingLevel: re-enabling tagging after it was disabled is not supported
09-02 02:47:47.499 29930 29930 I cr_ChildProcessService: Destroying ChildProcessService pid=29930
09-02 02:47:47.500  1513  3221 I ActivityManager: Killing 29930:com.android.chrome:sandboxed_process0:org.chromium.content.app.SandboxedProcessService0:16/u0a220i-8984 (adj 0): isolated not needed
09-02 02:47:47.500  1513  1640 I libprocessgroup: Successfully killed process cgroup uid 90016 pid 29930 in 0ms
09-02 02:47:47.503 31414 31414 E cessService0:6: Not starting debugger since process cannot load the jdwp agent.
09-02 02:47:47.510  1513  2169 D CompatibilityChangeReporter: Compat change id reported: 136274596; UID 10220; state: ENABLED
09-02 02:47:47.512 29469 29469 D Zygote  : Forked child process 31436
09-02 02:47:47.514 31436 31436 E libc    : SetHeapTaggingLevel: re-enabling tagging after it was disabled is not supported
09-02 02:47:47.517 31436 31436 E cessService0:6: Not starting debugger since process cannot load the jdwp agent.
09-02 02:47:47.518  1513  1625 W ActivityManager: Slow operation: 1627ms so far, now at startProcess: returned from zygote!
09-02 02:47:47.518  1513  1625 W ActivityManager: Slow operation: 1627ms so far, now at startProcess: done updating battery stats
09-02 02:47:47.518  1513  1625 W ActivityManager: Slow operation: 1627ms so far, now at startProcess: building log message
09-02 02:47:47.518  1513  1625 I ActivityManager: Start proc 31436:com.android.chrome:sandboxed_process0:org.chromium.content.app.SandboxedProcessService0:64/u0ai64 for  {com.android.chrome/org.chromium.content.app.SandboxedProcessService0:64}
09-02 02:47:47.518  1513  1625 W ActivityManager: Slow operation: 1627ms so far, now at startProcess: starting to update pids map
09-02 02:47:47.518  1513  1625 W ActivityManager: Slow operation: 1628ms so far, now at startProcess: done updating pids map
09-02 02:47:47.518  1513  1625 W ActivityManager: Slow operation: 1597ms so far, now at startProcess: asking zygote to start proc
09-02 02:47:47.518  1513  1625 D CompatibilityChangeReporter: Compat change id reported: 143937733; UID 10220; state: ENABLED
09-02 02:47:47.525  1513  2169 D CompatibilityChangeReporter: Compat change id reported: 136274596; UID 10220; state: ENABLED
09-02 02:47:47.531 31414 31414 I LoadedApk: No resource references to update in package com.google.android.trichromelibrary
09-02 02:47:47.531 31414 31414 D NetworkSecurityConfig: Using Network Security Config from resource 0_resource_name_obfuscated debugBuild: false
09-02 02:47:47.532 31414 31414 D NetworkSecurityConfig: Using Network Security Config from resource 0_resource_name_obfuscated debugBuild: false
09-02 02:47:47.533 31414 31414 I cr_SplitCompatApp: Launched version=107.0.5304.91 minSdkVersion=29 isBundle=true processName=com.android.chrome:sandboxed_process0:org.chromium.content.app.SandboxedProcessService0:63 isIsolated=true
09-02 02:47:47.534 29469 29469 D Zygote  : Forked child process 31454
09-02 02:47:47.536 31454 31454 E libc    : SetHeapTaggingLevel: re-enabling tagging after it was disabled is not supported
09-02 02:47:47.537  1513  1625 W ActivityManager: Slow operation: 1615ms so far, now at startProcess: returned from zygote!
09-02 02:47:47.537  1513  1625 W ActivityManager: Slow operation: 1616ms so far, now at startProcess: done updating battery stats
09-02 02:47:47.537  1513  1625 W ActivityManager: Slow operation: 1616ms so far, now at startProcess: building log message
09-02 02:47:47.537  1513  1625 I ActivityManager: Start proc 31454:com.android.chrome:sandboxed_process0:org.chromium.content.app.SandboxedProcessService0:65/u0ai65 for  {com.android.chrome/org.chromium.content.app.SandboxedProcessService0:65}
09-02 02:47:47.537  1513  1625 W ActivityManager: Slow operation: 1616ms so far, now at startProcess: starting to update pids map
09-02 02:47:47.537  1513  1625 W ActivityManager: Slow operation: 1616ms so far, now at startProcess: done updating pids map
09-02 02:47:47.537  1513  1625 W ActivityManager: Slow operation: 1568ms so far, now at startProcess: asking zygote to start proc
09-02 02:47:47.538  1513  1625 D CompatibilityChangeReporter: Compat change id reported: 143937733; UID 10220; state: ENABLED
09-02 02:47:47.539 31454 31454 E cessService0:6: Not starting debugger since process cannot load the jdwp agent.
09-02 02:47:47.546 31436 31436 I LoadedApk: No resource references to update in package com.google.android.trichromelibrary
09-02 02:47:47.546 31436 31436 D NetworkSecurityConfig: Using Network Security Config from resource 0_resource_name_obfuscated debugBuild: false
09-02 02:47:47.547 31436 31436 D NetworkSecurityConfig: Using Network Security Config from resource 0_resource_name_obfuscated debugBuild: false
09-02 02:47:47.548  1513  2169 D CompatibilityChangeReporter: Compat change id reported: 136274596; UID 10220; state: ENABLED
09-02 02:47:47.548 31436 31436 I cr_SplitCompatApp: Launched version=107.0.5304.91 minSdkVersion=29 isBundle=true processName=com.android.chrome:sandboxed_process0:org.chromium.content.app.SandboxedProcessService0:64 isIsolated=true
09-02 02:47:47.549 31414 31414 W SystemServiceRegistry: No service published for: uimode
09-02 02:47:47.552 31414 31414 I cr_ChildProcessService: Creating new ChildProcessService pid=31414
09-02 02:47:47.557 31414 31437 I cr_LibraryLoader: Using ModernLinker
09-02 02:47:47.558 29469 29469 D Zygote  : Forked child process 31472
09-02 02:47:47.558 31436 31436 W SystemServiceRegistry: No service published for: uimode
09-02 02:47:47.560 31472 31472 E libc    : SetHeapTaggingLevel: re-enabling tagging after it was disabled is not supported
09-02 02:47:47.562 31414 31437 W linker  : Warning: "/data/app/~~_KLlx60MH8CoecPTjMKp8g==/com.android.chrome-kw9RHYrlHKb9bPXi8OTClw==/base.apk!/lib/arm64-v8a/libchromium_android_linker.so" unused DT entry: unknown processor-specific (type 0x70000001 arg 0x0) (ignoring)
09-02 02:47:47.562  1513  1625 W ActivityManager: Slow operation: 1593ms so far, now at startProcess: returned from zygote!
09-02 02:47:47.563 31414 31437 E cr_ChromiumAndroidLinker: ReserveAddressWithHint: Address range starting at 0x7a38720000 was not free to use
09-02 02:47:47.563  1513  1625 W ActivityManager: Slow operation: 1593ms so far, now at startProcess: done updating battery stats
09-02 02:47:47.563  1513  1625 W ActivityManager: Slow operation: 1593ms so far, now at startProcess: building log message
09-02 02:47:47.563  1513  1625 I ActivityManager: Start proc 31472:com.android.chrome:sandboxed_process0:org.chromium.content.app.SandboxedProcessService0:66/u0ai66 for  {com.android.chrome/org.chromium.content.app.SandboxedProcessService0:66}
09-02 02:47:47.563  1513  1625 W ActivityManager: Slow operation: 1594ms so far, now at startProcess: starting to update pids map
09-02 02:47:47.563  1513  1625 W ActivityManager: Slow operation: 1594ms so far, now at startProcess: done updating pids map
09-02 02:47:47.563  1513  1625 W ActivityManager: Slow operation: 1552ms so far, now at startProcess: asking zygote to start proc
09-02 02:47:47.563  1513  1625 D CompatibilityChangeReporter: Compat change id reported: 143937733; UID 10220; state: ENABLED
09-02 02:47:47.564 31436 31436 I cr_ChildProcessService: Creating new ChildProcessService pid=31436
09-02 02:47:47.565 31414 31471 I cr_LibraryLoader: Successfully loaded native library
09-02 02:47:47.566 31414 31471 I cr_CachingUmaRecorder: Flushed 3 samples from 3 histograms.
09-02 02:47:47.566 31472 31472 E cessService0:6: Not starting debugger since process cannot load the jdwp agent.
09-02 02:47:47.573 31454 31454 I LoadedApk: No resource references to update in package com.google.android.trichromelibrary
09-02 02:47:47.573 31454 31454 D NetworkSecurityConfig: Using Network Security Config from resource 0_resource_name_obfuscated debugBuild: false
09-02 02:47:47.573 31454 31454 D NetworkSecurityConfig: Using Network Security Config from resource 0_resource_name_obfuscated debugBuild: false
09-02 02:47:47.574 31454 31454 I cr_SplitCompatApp: Launched version=107.0.5304.91 minSdkVersion=29 isBundle=true processName=com.android.chrome:sandboxed_process0:org.chromium.content.app.SandboxedProcessService0:65 isIsolated=true
09-02 02:47:47.578 31454 31454 W SystemServiceRegistry: No service published for: uimode
09-02 02:47:47.581 29469 29469 D Zygote  : Forked child process 31490
09-02 02:47:47.581  1513  1625 W ActivityManager: Slow operation: 1570ms so far, now at startProcess: returned from zygote!
09-02 02:47:47.581  1513  1625 W ActivityManager: Slow operation: 1570ms so far, now at startProcess: done updating battery stats
09-02 02:47:47.582  1513  1625 W ActivityManager: Slow operation: 1570ms so far, now at startProcess: building log message
09-02 02:47:47.582  1513  1625 I ActivityManager: Start proc 31490:com.android.chrome:sandboxed_process0:org.chromium.content.app.SandboxedProcessService0:67/u0ai67 for  {com.android.chrome/org.chromium.content.app.SandboxedProcessService0:67}
09-02 02:47:47.582  1513  1625 W ActivityManager: Slow operation: 1570ms so far, now at startProcess: starting to update pids map
09-02 02:47:47.582  1513  1625 W ActivityManager: Slow operation: 1570ms so far, now at startProcess: done updating pids map
09-02 02:47:47.582  1513  1625 W ActivityManager: Slow operation: 1526ms so far, now at startProcess: asking zygote to start proc
09-02 02:47:47.583 31490 31490 E libc    : SetHeapTaggingLevel: re-enabling tagging after it was disabled is not supported
09-02 02:47:47.583 31454 31454 I cr_ChildProcessService: Creating new ChildProcessService pid=31454
09-02 02:47:47.586 31436 31453 I cr_LibraryLoader: Using ModernLinker
09-02 02:47:47.586  1513  3161 D CompatibilityChangeReporter: Compat change id reported: 136274596; UID 10220; state: ENABLED
09-02 02:47:47.587 29469 29469 I Zygote  : Process 29771 exited due to signal 9 (Killed)
09-02 02:47:47.588 31436 31453 W linker  : Warning: "/data/app/~~_KLlx60MH8CoecPTjMKp8g==/com.android.chrome-kw9RHYrlHKb9bPXi8OTClw==/base.apk!/lib/arm64-v8a/libchromium_android_linker.so" unused DT entry: unknown processor-specific (type 0x70000001 arg 0x0) (ignoring)
09-02 02:47:47.590 31436 31453 E cr_ChromiumAndroidLinker: ReserveAddressWithHint: Address range starting at 0x7a38720000 was not free to use
09-02 02:47:47.595 29469 29469 D Zygote  : Forked child process 31503
09-02 02:47:47.596  1513  1625 W ActivityManager: Slow operation: 1541ms so far, now at startProcess: returned from zygote!
09-02 02:47:47.598 31503 31503 E libc    : SetHeapTaggingLevel: re-enabling tagging after it was disabled is not supported
09-02 02:47:47.598 31436 31481 I cr_LibraryLoader: Successfully loaded native library
09-02 02:47:47.600 31436 31481 I cr_CachingUmaRecorder: Flushed 3 samples from 3 histograms.
09-02 02:47:47.600 31490 31490 E cessService0:6: Not starting debugger since process cannot load the jdwp agent.
09-02 02:47:47.601 31503 31503 E cessService0:6: Not starting debugger since process cannot load the jdwp agent.
09-02 02:47:47.604 29415 29415 I cr_TabWebContentsObs: renderProcessGone() for tab id: 6588, already needs reload: false
09-02 02:47:47.608  1513  1625 W ActivityManager: Slow operation: 1553ms so far, now at startProcess: done updating battery stats
09-02 02:47:47.608  1513  1625 W ActivityManager: Slow operation: 1553ms so far, now at startProcess: building log message
09-02 02:47:47.608  1513  1625 I ActivityManager: Start proc 31503:com.android.chrome:sandboxed_process0:org.chromium.content.app.SandboxedProcessService0:68/u0ai68 for  {com.android.chrome/org.chromium.content.app.SandboxedProcessService0:68}
09-02 02:47:47.608  1513  1625 W ActivityManager: Slow operation: 1553ms so far, now at startProcess: starting to update pids map
09-02 02:47:47.609  1513  1625 W ActivityManager: Slow operation: 1553ms so far, now at startProcess: done updating pids map
09-02 02:47:47.609  1513  1625 W ActivityManager: Slow operation: 1513ms so far, now at startProcess: asking zygote to start proc
09-02 02:47:47.609  1513  1625 D CompatibilityChangeReporter: Compat change id reported: 143937733; UID 10220; state: ENABLED
09-02 02:47:47.612  1513  2169 D CompatibilityChangeReporter: Compat change id reported: 136274596; UID 10220; state: ENABLED
09-02 02:47:47.620 31454 31470 I cr_LibraryLoader: Using ModernLinker
09-02 02:47:47.620  1513  2262 D CompatibilityChangeReporter: Compat change id reported: 136274596; UID 10220; state: ENABLED
09-02 02:47:47.620 31472 31472 I LoadedApk: No resource references to update in package com.google.android.trichromelibrary
09-02 02:47:47.621 31472 31472 D NetworkSecurityConfig: Using Network Security Config from resource 0_resource_name_obfuscated debugBuild: false
09-02 02:47:47.621 31454 31470 W linker  : Warning: "/data/app/~~_KLlx60MH8CoecPTjMKp8g==/com.android.chrome-kw9RHYrlHKb9bPXi8OTClw==/base.apk!/lib/arm64-v8a/libchromium_android_linker.so" unused DT entry: unknown processor-specific (type 0x70000001 arg 0x0) (ignoring)
09-02 02:47:47.621 31454 31470 E cr_ChromiumAndroidLinker: ReserveAddressWithHint: Address range starting at 0x7a38720000 was not free to use
09-02 02:47:47.622 31472 31472 D NetworkSecurityConfig: Using Network Security Config from resource 0_resource_name_obfuscated debugBuild: false
09-02 02:47:47.623 31472 31472 I cr_SplitCompatApp: Launched version=107.0.5304.91 minSdkVersion=29 isBundle=true processName=com.android.chrome:sandboxed_process0:org.chromium.content.app.SandboxedProcessService0:66 isIsolated=true
09-02 02:47:47.627 29469 29469 D Zygote  : Forked child process 31540
09-02 02:47:47.628  1513  1625 W ActivityManager: Slow operation: 1533ms so far, now at startProcess: returned from zygote!
09-02 02:47:47.628  1513  1625 W ActivityManager: Slow operation: 1533ms so far, now at startProcess: done updating battery stats
09-02 02:47:47.628  1513  1625 W ActivityManager: Slow operation: 1533ms so far, now at startProcess: building log message
09-02 02:47:47.628  1513  1625 I ActivityManager: Start proc 31540:com.android.chrome:sandboxed_process0:org.chromium.content.app.SandboxedProcessService0:69/u0ai69 for  {com.android.chrome/org.chromium.content.app.SandboxedProcessService0:69}
09-02 02:47:47.628  1513  1625 W ActivityManager: Slow operation: 1533ms so far, now at startProcess: starting to update pids map
09-02 02:47:47.628  1513  1625 W ActivityManager: Slow operation: 1533ms so far, now at startProcess: done updating pids map
09-02 02:47:47.628  1513  1625 W ActivityManager: Slow operation: 1498ms so far, now at startProcess: asking zygote to start proc
09-02 02:47:47.629  1513  1625 D CompatibilityChangeReporter: Compat change id reported: 143937733; UID 10220; state: ENABLED
09-02 02:47:47.629 31454 31495 I cr_LibraryLoader: Successfully loaded native library
09-02 02:47:47.630 31540 31540 E libc    : SetHeapTaggingLevel: re-enabling tagging after it was disabled is not supported
09-02 02:47:47.630 31454 31495 I cr_CachingUmaRecorder: Flushed 3 samples from 3 histograms.
09-02 02:47:47.635 31472 31472 W SystemServiceRegistry: No service published for: uimode
09-02 02:47:47.638 31490 31490 I LoadedApk: No resource references to update in package com.google.android.trichromelibrary
09-02 02:47:47.638 31490 31490 D NetworkSecurityConfig: Using Network Security Config from resource 0_resource_name_obfuscated debugBuild: false
09-02 02:47:47.639 31540 31540 E cessService0:6: Not starting debugger since process cannot load the jdwp agent.
09-02 02:47:47.639 31490 31490 D NetworkSecurityConfig: Using Network Security Config from resource 0_resource_name_obfuscated debugBuild: false
09-02 02:47:47.640 31472 31472 I cr_ChildProcessService: Creating new ChildProcessService pid=31472
09-02 02:47:47.641 31490 31490 I cr_SplitCompatApp: Launched version=107.0.5304.91 minSdkVersion=29 isBundle=true processName=com.android.chrome:sandboxed_process0:org.chromium.content.app.SandboxedProcessService0:67 isIsolated=true
09-02 02:47:47.642 31503 31503 I LoadedApk: No resource references to update in package com.google.android.trichromelibrary
09-02 02:47:47.642 31503 31503 D NetworkSecurityConfig: Using Network Security Config from resource 0_resource_name_obfuscated debugBuild: false
09-02 02:47:47.643 31503 31503 D NetworkSecurityConfig: Using Network Security Config from resource 0_resource_name_obfuscated debugBuild: false
09-02 02:47:47.644 31472 31500 I cr_LibraryLoader: Using ModernLinker
09-02 02:47:47.644 31503 31503 I cr_SplitCompatApp: Launched version=107.0.5304.91 minSdkVersion=29 isBundle=true processName=com.android.chrome:sandboxed_process0:org.chromium.content.app.SandboxedProcessService0:68 isIsolated=true
09-02 02:47:47.645 31472 31500 W linker  : Warning: "/data/app/~~_KLlx60MH8CoecPTjMKp8g==/com.android.chrome-kw9RHYrlHKb9bPXi8OTClw==/base.apk!/lib/arm64-v8a/libchromium_android_linker.so" unused DT entry: unknown processor-specific (type 0x70000001 arg 0x0) (ignoring)
09-02 02:47:47.646 31472 31500 E cr_ChromiumAndroidLinker: ReserveAddressWithHint: Address range starting at 0x7a38720000 was not free to use
09-02 02:47:47.649  1513  2262 D CompatibilityChangeReporter: Compat change id reported: 136274596; UID 10220; state: ENABLED
09-02 02:47:47.653 31472 31556 I cr_LibraryLoader: Successfully loaded native library
09-02 02:47:47.653 31472 31556 I cr_CachingUmaRecorder: Flushed 3 samples from 3 histograms.
09-02 02:47:47.655 31503 31503 W SystemServiceRegistry: No service published for: uimode
09-02 02:47:47.655 31490 31490 W SystemServiceRegistry: No service published for: uimode
09-02 02:47:47.660 31490 31490 I cr_ChildProcessService: Creating new ChildProcessService pid=31490
09-02 02:47:47.662 31503 31503 I cr_ChildProcessService: Creating new ChildProcessService pid=31503
09-02 02:47:47.664 31490 31533 I cr_LibraryLoader: Using ModernLinker
09-02 02:47:47.666 31490 31533 W linker  : Warning: "/data/app/~~_KLlx60MH8CoecPTjMKp8g==/com.android.chrome-kw9RHYrlHKb9bPXi8OTClw==/base.apk!/lib/arm64-v8a/libchromium_android_linker.so" unused DT entry: unknown processor-specific (type 0x70000001 arg 0x0) (ignoring)
09-02 02:47:47.667 31540 31540 I LoadedApk: No resource references to update in package com.google.android.trichromelibrary
09-02 02:47:47.667 31490 31533 E cr_ChromiumAndroidLinker: ReserveAddressWithHint: Address range starting at 0x7a38720000 was not free to use
09-02 02:47:47.667 31503 31534 I cr_LibraryLoader: Using ModernLinker
09-02 02:47:47.667 31540 31540 D NetworkSecurityConfig: Using Network Security Config from resource 0_resource_name_obfuscated debugBuild: false
09-02 02:47:47.668 31540 31540 D NetworkSecurityConfig: Using Network Security Config from resource 0_resource_name_obfuscated debugBuild: false
09-02 02:47:47.669 31503 31534 W linker  : Warning: "/data/app/~~_KLlx60MH8CoecPTjMKp8g==/com.android.chrome-kw9RHYrlHKb9bPXi8OTClw==/base.apk!/lib/arm64-v8a/libchromium_android_linker.so" unused DT entry: unknown processor-specific (type 0x70000001 arg 0x0) (ignoring)
09-02 02:47:47.670 31540 31540 I cr_SplitCompatApp: Launched version=107.0.5304.91 minSdkVersion=29 isBundle=true processName=com.android.chrome:sandboxed_process0:org.chromium.content.app.SandboxedProcessService0:69 isIsolated=true
09-02 02:47:47.670 31503 31534 E cr_ChromiumAndroidLinker: ReserveAddressWithHint: Address range starting at 0x7a38720000 was not free to use
09-02 02:47:47.676 29415 29415 I cr_TabWebContentsObs: renderProcessGone() for tab id: 6590, already needs reload: false
09-02 02:47:47.682 31540 31540 W SystemServiceRegistry: No service published for: uimode
09-02 02:47:47.686 31503 31560 I cr_LibraryLoader: Successfully loaded native library
09-02 02:47:47.686 31540 31540 I cr_ChildProcessService: Creating new ChildProcessService pid=31540
09-02 02:47:47.687 31503 31560 I cr_CachingUmaRecorder: Flushed 3 samples from 3 histograms.
09-02 02:47:47.690 29469 29469 D Zygote  : Forked child process 31564
09-02 02:47:47.691 29469 29469 I Zygote  : Process 29821 exited due to signal 9 (Killed)
09-02 02:47:47.691 31564 31564 E libc    : SetHeapTaggingLevel: re-enabling tagging after it was disabled is not supported
09-02 02:47:47.693 29469 29469 I Zygote  : Process 29842 exited due to signal 9 (Killed)
09-02 02:47:47.693  1513  1625 W ActivityManager: Slow operation: 1563ms so far, now at startProcess: returned from zygote!
09-02 02:47:47.694 31540 31558 I cr_LibraryLoader: Using ModernLinker
09-02 02:47:47.694 29415 29415 I cr_TabWebContentsObs: renderProcessGone() for tab id: 6591, already needs reload: false
09-02 02:47:47.696 31540 31558 W linker  : Warning: "/data/app/~~_KLlx60MH8CoecPTjMKp8g==/com.android.chrome-kw9RHYrlHKb9bPXi8OTClw==/base.apk!/lib/arm64-v8a/libchromium_android_linker.so" unused DT entry: unknown processor-specific (type 0x70000001 arg 0x0) (ignoring)
09-02 02:47:47.697 31540 31558 E cr_ChromiumAndroidLinker: ReserveAddressWithHint: Address range starting at 0x7a38720000 was not free to use
09-02 02:47:47.700 31564 31564 E cessService0:7: Not starting debugger since process cannot load the jdwp agent.
09-02 02:47:47.704 31540 31562 I cr_LibraryLoader: Successfully loaded native library
09-02 02:47:47.704 31540 31562 I cr_CachingUmaRecorder: Flushed 3 samples from 3 histograms.
09-02 02:47:47.709 29469 29469 I Zygote  : Process 29871 exited due to signal 9 (Killed)
09-02 02:47:47.711 29415 29415 I cr_TabWebContentsObs: renderProcessGone() for tab id: 6592, already needs reload: false
09-02 02:47:47.715 31490 31559 I cr_LibraryLoader: Successfully loaded native library
09-02 02:47:47.716 31490 31559 I cr_CachingUmaRecorder: Flushed 3 samples from 3 histograms.
09-02 02:47:47.717  1513  1625 W ActivityManager: Slow operation: 1586ms so far, now at startProcess: done updating battery stats
09-02 02:47:47.717  1513  1625 W ActivityManager: Slow operation: 1586ms so far, now at startProcess: building log message
09-02 02:47:47.717  1513  1625 I ActivityManager: Start proc 31564:com.android.chrome:sandboxed_process0:org.chromium.content.app.SandboxedProcessService0:70/u0ai70 for  {com.android.chrome/org.chromium.content.app.SandboxedProcessService0:70}
09-02 02:47:47.717  1513  1625 W ActivityManager: Slow operation: 1587ms so far, now at startProcess: starting to update pids map
09-02 02:47:47.717  1513  1625 W ActivityManager: Slow operation: 1587ms so far, now at startProcess: done updating pids map
09-02 02:47:47.717  1513  1625 W ActivityManager: Slow operation: 1552ms so far, now at startProcess: asking zygote to start proc
09-02 02:47:47.717  1513  1625 D CompatibilityChangeReporter: Compat change id reported: 143937733; UID 10220; state: ENABLED
09-02 02:47:47.720 29469 29469 I Zygote  : Process 29930 exited due to signal 9 (Killed)
09-02 02:47:47.721 29415 29415 I cr_TabWebContentsObs: renderProcessGone() for tab id: 6594, already needs reload: false
09-02 02:47:47.722  1513  4618 D CompatibilityChangeReporter: Compat change id reported: 136274596; UID 10220; state: ENABLED
09-02 02:47:47.735 29469 29469 D Zygote  : Forked child process 31590
09-02 02:47:47.736  1513  1625 W ActivityManager: Slow operation: 1571ms so far, now at startProcess: returned from zygote!
09-02 02:47:47.737 31590 31590 E libc    : SetHeapTaggingLevel: re-enabling tagging after it was disabled is not supported
09-02 02:47:47.745 31564 31564 I LoadedApk: No resource references to update in package com.google.android.trichromelibrary
09-02 02:47:47.745 31564 31564 D NetworkSecurityConfig: Using Network Security Config from resource 0_resource_name_obfuscated debugBuild: false
09-02 02:47:47.745 31590 31590 E cessService0:7: Not starting debugger since process cannot load the jdwp agent.
09-02 02:47:47.746 31564 31564 D NetworkSecurityConfig: Using Network Security Config from resource 0_resource_name_obfuscated debugBuild: false
09-02 02:47:47.748 31564 31564 I cr_SplitCompatApp: Launched version=107.0.5304.91 minSdkVersion=29 isBundle=true processName=com.android.chrome:sandboxed_process0:org.chromium.content.app.SandboxedProcessService0:70 isIsolated=true
09-02 02:47:47.759 31564 31564 W SystemServiceRegistry: No service published for: uimode
09-02 02:47:47.764 31564 31564 I cr_ChildProcessService: Creating new ChildProcessService pid=31564
09-02 02:47:47.797  1513  1625 W ActivityManager: Slow operation: 1632ms so far, now at startProcess: done updating battery stats
09-02 02:47:47.797  1513  1625 W ActivityManager: Slow operation: 1632ms so far, now at startProcess: building log message
09-02 02:47:47.797  1513  1625 I ActivityManager: Start proc 31590:com.android.chrome:sandboxed_process0:org.chromium.content.app.SandboxedProcessService0:71/u0ai71 for  {com.android.chrome/org.chromium.content.app.SandboxedProcessService0:71}
09-02 02:47:47.797  1513  1625 W ActivityManager: Slow operation: 1632ms so far, now at startProcess: starting to update pids map
09-02 02:47:47.797  1513  1625 W ActivityManager: Slow operation: 1632ms so far, now at startProcess: done updating pids map
09-02 02:47:47.798  1513  1625 W ActivityManager: Slow operation: 1592ms so far, now at startProcess: asking zygote to start proc
09-02 02:47:47.798  1513  1625 D CompatibilityChangeReporter: Compat change id reported: 143937733; UID 10220; state: ENABLED
09-02 02:47:47.802  1513  2263 D CompatibilityChangeReporter: Compat change id reported: 136274596; UID 10220; state: ENABLED
09-02 02:47:47.807 31564 31578 I cr_LibraryLoader: Using ModernLinker
09-02 02:47:47.810 31564 31578 W linker  : Warning: "/data/app/~~_KLlx60MH8CoecPTjMKp8g==/com.android.chrome-kw9RHYrlHKb9bPXi8OTClw==/base.apk!/lib/arm64-v8a/libchromium_android_linker.so" unused DT entry: unknown processor-specific (type 0x70000001 arg 0x0) (ignoring)
09-02 02:47:47.811 31564 31578 E cr_ChromiumAndroidLinker: ReserveAddressWithHint: Address range starting at 0x7a38720000 was not free to use
09-02 02:47:47.814 31564 31608 I cr_LibraryLoader: Successfully loaded native library
09-02 02:47:47.815 31564 31608 I cr_CachingUmaRecorder: Flushed 3 samples from 3 histograms.
09-02 02:47:47.827 31590 31590 I LoadedApk: No resource references to update in package com.google.android.trichromelibrary
09-02 02:47:47.827 31590 31590 D NetworkSecurityConfig: Using Network Security Config from resource 0_resource_name_obfuscated debugBuild: false
09-02 02:47:47.828 31590 31590 D NetworkSecurityConfig: Using Network Security Config from resource 0_resource_name_obfuscated debugBuild: false
09-02 02:47:47.829 31590 31590 I cr_SplitCompatApp: Launched version=107.0.5304.91 minSdkVersion=29 isBundle=true processName=com.android.chrome:sandboxed_process0:org.chromium.content.app.SandboxedProcessService0:71 isIsolated=true
09-02 02:47:47.839 31590 31590 W SystemServiceRegistry: No service published for: uimode
09-02 02:47:47.844 31590 31590 I cr_ChildProcessService: Creating new ChildProcessService pid=31590
09-02 02:47:47.850 31590 31610 I cr_LibraryLoader: Using ModernLinker
09-02 02:47:47.852 31590 31610 W linker  : Warning: "/data/app/~~_KLlx60MH8CoecPTjMKp8g==/com.android.chrome-kw9RHYrlHKb9bPXi8OTClw==/base.apk!/lib/arm64-v8a/libchromium_android_linker.so" unused DT entry: unknown processor-specific (type 0x70000001 arg 0x0) (ignoring)
09-02 02:47:47.853 31590 31610 E cr_ChromiumAndroidLinker: ReserveAddressWithHint: Address range starting at 0x7a38720000 was not free to use
09-02 02:47:47.864 31590 31620 I cr_LibraryLoader: Successfully loaded native library
09-02 02:47:47.865 31590 31620 I cr_CachingUmaRecorder: Flushed 3 samples from 3 histograms.
09-02 02:47:48.031 29469 29469 D Zygote  : Forked child process 31660
09-02 02:47:48.033  1513  1625 W ActivityManager: Slow operation: 1828ms so far, now at startProcess: returned from zygote!
09-02 02:47:48.033  1513  1625 W ActivityManager: Slow operation: 1828ms so far, now at startProcess: done updating battery stats
09-02 02:47:48.034  1513  1625 W ActivityManager: Slow operation: 1828ms so far, now at startProcess: building log message
09-02 02:47:48.034  1513  1625 I ActivityManager: Start proc 31660:com.android.chrome:sandboxed_process0:org.chromium.content.app.SandboxedProcessService0:72/u0ai72 for  {com.android.chrome/org.chromium.content.app.SandboxedProcessService0:72}
09-02 02:47:48.034  1513  1625 W ActivityManager: Slow operation: 1828ms so far, now at startProcess: starting to update pids map
09-02 02:47:48.034 29469 31665 I Zygote  : Process 29750 exited due to signal 9 (Killed)
09-02 02:47:48.034  1513  1625 W ActivityManager: Slow operation: 1829ms so far, now at startProcess: done updating pids map
09-02 02:47:48.034  1513  1625 W ActivityManager: Slow operation: 1795ms so far, now at startProcess: asking zygote to start proc
09-02 02:47:48.035  1513  1625 D CompatibilityChangeReporter: Compat change id reported: 143937733; UID 10220; state: ENABLED
09-02 02:47:48.036 29415 29415 I cr_TabWebContentsObs: renderProcessGone() for tab id: 6587, already needs reload: false
09-02 02:47:48.036 31660 31660 E libc    : SetHeapTaggingLevel: re-enabling tagging after it was disabled is not supported
09-02 02:47:48.040 31660 31660 E cessService0:7: Not starting debugger since process cannot load the jdwp agent.
09-02 02:47:48.044  1513  2169 D CompatibilityChangeReporter: Compat change id reported: 136274596; UID 10220; state: ENABLED
09-02 02:47:48.059 29469 29469 D Zygote  : Forked child process 31688
09-02 02:47:48.062 31688 31688 E libc    : SetHeapTaggingLevel: re-enabling tagging after it was disabled is not supported
09-02 02:47:48.062  1513  1625 W ActivityManager: Slow operation: 1823ms so far, now at startProcess: returned from zygote!
09-02 02:47:48.067 31688 31688 E cessService0:7: Not starting debugger since process cannot load the jdwp agent.
09-02 02:47:48.070  1513  1625 W ActivityManager: Slow operation: 1830ms so far, now at startProcess: done updating battery stats
09-02 02:47:48.070  1513  1625 W ActivityManager: Slow operation: 1830ms so far, now at startProcess: building log message
09-02 02:47:48.070  1513  1625 I ActivityManager: Start proc 31688:com.android.chrome:sandboxed_process0:org.chromium.content.app.SandboxedProcessService0:73/u0ai73 for  {com.android.chrome/org.chromium.content.app.SandboxedProcessService0:73}
09-02 02:47:48.070  1513  1625 W ActivityManager: Slow operation: 1830ms so far, now at startProcess: starting to update pids map
