09-02 02:49:20.489  3296  3296 D NetworkSecurityConfig: Using Network Security Config from resource 0_resource_name_obfuscated debugBuild: false
09-02 02:49:20.490  1699  1699 E cr_IntentUtils: getBooleanExtra failed on intent null
09-02 02:49:20.490  1699  1699 E cr_IntentUtils: getBooleanExtra failed on intent null
09-02 02:49:20.490  3175  3341 I cr_CachingUmaRecorder: Flushed 3 samples from 3 histograms.
09-02 02:49:20.491  3296  3296 D NetworkSecurityConfig: Using Network Security Config from resource 0_resource_name_obfuscated debugBuild: false
09-02 02:49:20.492  1513  9003 D CompatibilityChangeReporter: Compat change id reported: 136274596; UID 10220; state: ENABLED
09-02 02:49:20.492  3296  3296 I cr_SplitCompatApp: Launched version=107.0.5304.91 minSdkVersion=29 isBundle=true processName=com.android.chrome:sandboxed_process0:org.chromium.content.app.SandboxedProcessService0:27 isIsolated=true
09-02 02:49:20.493  3213  3266 I cr_LibraryLoader: Using ModernLinker
09-02 02:49:20.496  3213  3266 W linker  : Warning: "/data/app/~~_KLlx60MH8CoecPTjMKp8g==/com.android.chrome-kw9RHYrlHKb9bPXi8OTClw==/base.apk!/lib/arm64-v8a/libchromium_android_linker.so" unused DT entry: unknown processor-specific (type 0x70000001 arg 0x0) (ignoring)
09-02 02:49:20.496  3213  3266 E cr_ChromiumAndroidLinker: ReserveAddressWithHint: Address range starting at 0x7a3975b000 was not free to use
09-02 02:49:20.497  1699  1699 I cr_tabmodel: #isIncognitoTabBeingRestored from tabDetails:  false
09-02 02:49:20.497  1699  1699 I cr_tabmodel: #isIncognitoTabBeingRestored from tabDetails:  false
09-02 02:49:20.497  1699  1699 W cr_tabmodel: Failed to restore TabState; creating Tab with last known URL.
09-02 02:49:20.498  1513  1536 D CompatibilityChangeReporter: Compat change id reported: 135634846; UID 10220; state: DISABLED
09-02 02:49:20.498  1513  1536 D CompatibilityChangeReporter: Compat change id reported: 135754954; UID 10220; state: ENABLED
09-02 02:49:20.498  3353  3353 E libc    : SetHeapTaggingLevel: re-enabling tagging after it was disabled is not supported
09-02 02:49:20.505  3268  3316 I cr_LibraryLoader: Using ModernLinker
09-02 02:49:20.506  3268  3316 W linker  : Warning: "/data/app/~~_KLlx60MH8CoecPTjMKp8g==/com.android.chrome-kw9RHYrlHKb9bPXi8OTClw==/base.apk!/lib/arm64-v8a/libchromium_android_linker.so" unused DT entry: unknown processor-specific (type 0x70000001 arg 0x0) (ignoring)
09-02 02:49:20.507  3268  3316 E cr_ChromiumAndroidLinker: ReserveAddressWithHint: Address range starting at 0x7a3975b000 was not free to use
09-02 02:49:20.510  3296  3296 W SystemServiceRegistry: No service published for: uimode
09-02 02:49:20.511  3213  3360 I cr_LibraryLoader: Successfully loaded native library
09-02 02:49:20.512  3213  3360 I cr_CachingUmaRecorder: Flushed 3 samples from 3 histograms.
09-02 02:49:20.512  1699  1699 E cr_IntentUtils: getBooleanExtra failed on intent null
09-02 02:49:20.512  1699  1699 E cr_IntentUtils: getBooleanExtra failed on intent null
09-02 02:49:20.513  3268  3374 I cr_LibraryLoader: Successfully loaded native library
09-02 02:49:20.514  3268  3374 I cr_CachingUmaRecorder: Flushed 3 samples from 3 histograms.
09-02 02:49:20.521  3353  3353 E cessService0:2: Not starting debugger since process cannot load the jdwp agent.
09-02 02:49:20.522  1699  1699 I cr_tabmodel: #isIncognitoTabBeingRestored from tabDetails:  false
09-02 02:49:20.522  1699  1699 I cr_tabmodel: #isIncognitoTabBeingRestored from tabDetails:  false
09-02 02:49:20.522  1699  1699 W cr_tabmodel: Failed to restore TabState; creating Tab with last known URL.
09-02 02:49:20.524  3296  3296 I cr_ChildProcessService: Creating new ChildProcessService pid=3296
09-02 02:49:20.544  1699  1699 E cr_IntentUtils: getBooleanExtra failed on intent null
09-02 02:49:20.544  1699  1699 E cr_IntentUtils: getBooleanExtra failed on intent null
09-02 02:49:20.552  3296  3339 I cr_LibraryLoader: Using ModernLinker
09-02 02:49:20.552  3327  3327 I LoadedApk: No resource references to update in package com.google.android.trichromelibrary
09-02 02:49:20.552  3327  3327 D NetworkSecurityConfig: Using Network Security Config from resource 0_resource_name_obfuscated debugBuild: false
09-02 02:49:20.553  1699  1699 I cr_tabmodel: #isIncognitoTabBeingRestored from tabDetails:  false
09-02 02:49:20.553  1699  1699 I cr_tabmodel: #isIncognitoTabBeingRestored from tabDetails:  false
09-02 02:49:20.553  1699  1699 W cr_tabmodel: Failed to restore TabState; creating Tab with last known URL.
09-02 02:49:20.554  3296  3339 W linker  : Warning: "/data/app/~~_KLlx60MH8CoecPTjMKp8g==/com.android.chrome-kw9RHYrlHKb9bPXi8OTClw==/base.apk!/lib/arm64-v8a/libchromium_android_linker.so" unused DT entry: unknown processor-specific (type 0x70000001 arg 0x0) (ignoring)
09-02 02:49:20.555  3327  3327 D NetworkSecurityConfig: Using Network Security Config from resource 0_resource_name_obfuscated debugBuild: false
09-02 02:49:20.555  3296  3339 E cr_ChromiumAndroidLinker: ReserveAddressWithHint: Address range starting at 0x7a3975b000 was not free to use
09-02 02:49:20.557  3327  3327 I cr_SplitCompatApp: Launched version=107.0.5304.91 minSdkVersion=29 isBundle=true processName=com.android.chrome:sandboxed_process0:org.chromium.content.app.SandboxedProcessService0:28 isIsolated=true
09-02 02:49:20.558  1513  9003 D CompatibilityChangeReporter: Compat change id reported: 136274596; UID 10220; state: ENABLED
09-02 02:49:20.564  3296  3392 I cr_LibraryLoader: Successfully loaded native library
09-02 02:49:20.565  3296  3392 I cr_CachingUmaRecorder: Flushed 3 samples from 3 histograms.
09-02 02:49:20.566  1807  1807 D Zygote  : Forked child process 3411
09-02 02:49:20.568  1513  1625 W ActivityManager: Slow operation: 723ms so far, now at startProcess: returned from zygote!
09-02 02:49:20.573  3411  3411 E libc    : SetHeapTaggingLevel: re-enabling tagging after it was disabled is not supported
09-02 02:49:20.573  1513  9003 D CompatibilityChangeReporter: Compat change id reported: 135634846; UID 10220; state: DISABLED
09-02 02:49:20.573  1513  9003 D CompatibilityChangeReporter: Compat change id reported: 135754954; UID 10220; state: ENABLED
09-02 02:49:20.574  3327  3327 W SystemServiceRegistry: No service published for: uimode
09-02 02:49:20.575  1699  1699 E cr_IntentUtils: getBooleanExtra failed on intent null
09-02 02:49:20.575  1699  1699 E cr_IntentUtils: getBooleanExtra failed on intent null
09-02 02:49:20.577  1513  1625 W ActivityManager: Slow operation: 731ms so far, now at startProcess: done updating battery stats
09-02 02:49:20.577  1513  1625 W ActivityManager: Slow operation: 732ms so far, now at startProcess: building log message
09-02 02:49:20.577  1513  1625 I ActivityManager: Start proc 3411:com.android.chrome:sandboxed_process0:org.chromium.content.app.SandboxedProcessService0:30/u0ai30 for  {com.android.chrome/org.chromium.content.app.SandboxedProcessService0:30}
09-02 02:49:20.577  1513  1625 W ActivityManager: Slow operation: 732ms so far, now at startProcess: starting to update pids map
09-02 02:49:20.577  1513  1625 W ActivityManager: Slow operation: 732ms so far, now at startProcess: done updating pids map
09-02 02:49:20.577  1513  1625 W ActivityManager: Slow operation: 701ms so far, now at startProcess: asking zygote to start proc
09-02 02:49:20.578  1513  1625 D CompatibilityChangeReporter: Compat change id reported: 143937733; UID 10220; state: ENABLED
09-02 02:49:20.586  1699  1699 I cr_tabmodel: #isIncognitoTabBeingRestored from tabDetails:  false
09-02 02:49:20.586  1699  1699 I cr_tabmodel: #isIncognitoTabBeingRestored from tabDetails:  false
09-02 02:49:20.586  1699  1699 W cr_tabmodel: Failed to restore TabState; creating Tab with last known URL.
09-02 02:49:20.590  3411  3411 E cessService0:3: Not starting debugger since process cannot load the jdwp agent.
09-02 02:49:20.594  3327  3327 I cr_ChildProcessService: Creating new ChildProcessService pid=3327
09-02 02:49:20.600  1699  1699 E cr_IntentUtils: getBooleanExtra failed on intent null
09-02 02:49:20.600  1699  1699 E cr_IntentUtils: getBooleanExtra failed on intent null
09-02 02:49:20.606  1699  1699 I cr_tabmodel: #isIncognitoTabBeingRestored from tabDetails:  false
09-02 02:49:20.606  1699  1699 I cr_tabmodel: #isIncognitoTabBeingRestored from tabDetails:  false
09-02 02:49:20.606  1699  1699 W cr_tabmodel: Failed to restore TabState; creating Tab with last known URL.
09-02 02:49:20.617  1699  1699 E cr_IntentUtils: getBooleanExtra failed on intent null
09-02 02:49:20.617  1699  1699 E cr_IntentUtils: getBooleanExtra failed on intent null
09-02 02:49:20.619  1513  1537 D CompatibilityChangeReporter: Compat change id reported: 136274596; UID 10220; state: ENABLED
09-02 02:49:20.621  1513  3227 D CompatibilityChangeReporter: Compat change id reported: 135634846; UID 10220; state: DISABLED
09-02 02:49:20.622  1513  3227 D CompatibilityChangeReporter: Compat change id reported: 135754954; UID 10220; state: ENABLED
09-02 02:49:20.625  1699  1699 I cr_tabmodel: #isIncognitoTabBeingRestored from tabDetails:  false
09-02 02:49:20.625  1699  1699 I cr_tabmodel: #isIncognitoTabBeingRestored from tabDetails:  false
09-02 02:49:20.625  1699  1699 W cr_tabmodel: Failed to restore TabState; creating Tab with last known URL.
09-02 02:49:20.636  1807  1807 D Zygote  : Forked child process 3464
09-02 02:49:20.636  1699  1699 E cr_IntentUtils: getBooleanExtra failed on intent null
09-02 02:49:20.636  1699  1699 E cr_IntentUtils: getBooleanExtra failed on intent null
09-02 02:49:20.641  1699  1699 I cr_tabmodel: #isIncognitoTabBeingRestored from tabDetails:  false
09-02 02:49:20.641  1699  1699 I cr_tabmodel: #isIncognitoTabBeingRestored from tabDetails:  false
09-02 02:49:20.641  1699  1699 W cr_tabmodel: Failed to restore TabState; creating Tab with last known URL.
09-02 02:49:20.642  3464  3464 E libc    : SetHeapTaggingLevel: re-enabling tagging after it was disabled is not supported
09-02 02:49:20.649  1513  1625 W ActivityManager: Slow operation: 773ms so far, now at startProcess: returned from zygote!
09-02 02:49:20.649  1513  1625 W ActivityManager: Slow operation: 773ms so far, now at startProcess: done updating battery stats
09-02 02:49:20.649  1513  1625 W ActivityManager: Slow operation: 773ms so far, now at startProcess: building log message
09-02 02:49:20.649  1513  1625 I ActivityManager: Start proc 3464:com.android.chrome:sandboxed_process0:org.chromium.content.app.SandboxedProcessService0:31/u0ai31 for  {com.android.chrome/org.chromium.content.app.SandboxedProcessService0:31}
09-02 02:49:20.649  1513  1625 W ActivityManager: Slow operation: 773ms so far, now at startProcess: starting to update pids map
09-02 02:49:20.650  1513  1625 W ActivityManager: Slow operation: 773ms so far, now at startProcess: done updating pids map
09-02 02:49:20.650  1513  1625 W ActivityManager: Slow operation: 739ms so far, now at startProcess: asking zygote to start proc
09-02 02:49:20.650  1513  1625 D CompatibilityChangeReporter: Compat change id reported: 143937733; UID 10220; state: ENABLED
09-02 02:49:20.652  3327  3385 I cr_LibraryLoader: Using ModernLinker
09-02 02:49:20.657  3327  3385 W linker  : Warning: "/data/app/~~_KLlx60MH8CoecPTjMKp8g==/com.android.chrome-kw9RHYrlHKb9bPXi8OTClw==/base.apk!/lib/arm64-v8a/libchromium_android_linker.so" unused DT entry: unknown processor-specific (type 0x70000001 arg 0x0) (ignoring)
09-02 02:49:20.658  1699  1699 E cr_IntentUtils: getBooleanExtra failed on intent null
09-02 02:49:20.659  1699  1699 E cr_IntentUtils: getBooleanExtra failed on intent null
09-02 02:49:20.659  3327  3385 E cr_ChromiumAndroidLinker: ReserveAddressWithHint: Address range starting at 0x7a3975b000 was not free to use
09-02 02:49:20.661  3464  3464 E cessService0:3: Not starting debugger since process cannot load the jdwp agent.
09-02 02:49:20.663  1699  1699 I cr_tabmodel: #isIncognitoTabBeingRestored from tabDetails:  false
09-02 02:49:20.663  1699  1699 I cr_tabmodel: #isIncognitoTabBeingRestored from tabDetails:  false
09-02 02:49:20.663  1699  1699 W cr_tabmodel: Failed to restore TabState; creating Tab with last known URL.
09-02 02:49:20.671  3353  3353 I LoadedApk: No resource references to update in package com.google.android.trichromelibrary
09-02 02:49:20.671  3353  3353 D NetworkSecurityConfig: Using Network Security Config from resource 0_resource_name_obfuscated debugBuild: false
09-02 02:49:20.672  3353  3353 D NetworkSecurityConfig: Using Network Security Config from resource 0_resource_name_obfuscated debugBuild: false
09-02 02:49:20.674  3353  3353 I cr_SplitCompatApp: Launched version=107.0.5304.91 minSdkVersion=29 isBundle=true processName=com.android.chrome:sandboxed_process0:org.chromium.content.app.SandboxedProcessService0:29 isIsolated=true
09-02 02:49:20.675  1699  1699 E cr_IntentUtils: getBooleanExtra failed on intent null
09-02 02:49:20.675  1699  1699 E cr_IntentUtils: getBooleanExtra failed on intent null
09-02 02:49:20.677  3327  3443 I cr_LibraryLoader: Successfully loaded native library
09-02 02:49:20.680  1699  1699 I cr_tabmodel: #isIncognitoTabBeingRestored from tabDetails:  false
09-02 02:49:20.680  1699  1699 I cr_tabmodel: #isIncognitoTabBeingRestored from tabDetails:  false
09-02 02:49:20.680  1699  1699 W cr_tabmodel: Failed to restore TabState; creating Tab with last known URL.
09-02 02:49:20.688  3327  3443 I cr_CachingUmaRecorder: Flushed 3 samples from 3 histograms.
09-02 02:49:20.690  1807  1807 D Zygote  : Forked child process 3490
09-02 02:49:20.692  1699  1699 E cr_IntentUtils: getBooleanExtra failed on intent null
09-02 02:49:20.692  1699  1699 E cr_IntentUtils: getBooleanExtra failed on intent null
09-02 02:49:20.693  1513  1625 W ActivityManager: Slow operation: 782ms so far, now at startProcess: returned from zygote!
09-02 02:49:20.694  1513  9003 D CompatibilityChangeReporter: Compat change id reported: 136274596; UID 10220; state: ENABLED
09-02 02:49:20.697  1699  1699 I cr_tabmodel: #isIncognitoTabBeingRestored from tabDetails:  false
09-02 02:49:20.697  1699  1699 I cr_tabmodel: #isIncognitoTabBeingRestored from tabDetails:  false
09-02 02:49:20.697  1699  1699 W cr_tabmodel: Failed to restore TabState; creating Tab with last known URL.
09-02 02:49:20.697  1513  1625 W ActivityManager: Slow operation: 787ms so far, now at startProcess: done updating battery stats
09-02 02:49:20.697  1513  1625 W ActivityManager: Slow operation: 787ms so far, now at startProcess: building log message
09-02 02:49:20.697  1513  1625 I ActivityManager: Start proc 3490:com.android.chrome:sandboxed_process0:org.chromium.content.app.SandboxedProcessService0:32/u0ai32 for  {com.android.chrome/org.chromium.content.app.SandboxedProcessService0:32}
09-02 02:49:20.697  1513  1625 W ActivityManager: Slow operation: 787ms so far, now at startProcess: starting to update pids map
09-02 02:49:20.700  1513  1625 W ActivityManager: Slow operation: 790ms so far, now at startProcess: done updating pids map
09-02 02:49:20.700  1513  1625 W ActivityManager: Slow operation: 772ms so far, now at startProcess: asking zygote to start proc
09-02 02:49:20.700  1513  1625 D CompatibilityChangeReporter: Compat change id reported: 143937733; UID 10220; state: ENABLED
09-02 02:49:20.705  3411  3411 I LoadedApk: No resource references to update in package com.google.android.trichromelibrary
09-02 02:49:20.705  3411  3411 D NetworkSecurityConfig: Using Network Security Config from resource 0_resource_name_obfuscated debugBuild: false
09-02 02:49:20.706  3411  3411 D NetworkSecurityConfig: Using Network Security Config from resource 0_resource_name_obfuscated debugBuild: false
09-02 02:49:20.707  3411  3411 I cr_SplitCompatApp: Launched version=107.0.5304.91 minSdkVersion=29 isBundle=true processName=com.android.chrome:sandboxed_process0:org.chromium.content.app.SandboxedProcessService0:30 isIsolated=true
09-02 02:49:20.709  3490  3490 E libc    : SetHeapTaggingLevel: re-enabling tagging after it was disabled is not supported
09-02 02:49:20.711  1513  3227 D CompatibilityChangeReporter: Compat change id reported: 135634846; UID 10220; state: DISABLED
09-02 02:49:20.711  1513  3227 D CompatibilityChangeReporter: Compat change id reported: 135754954; UID 10220; state: ENABLED
09-02 02:49:20.715  1699  1699 E cr_IntentUtils: getBooleanExtra failed on intent null
09-02 02:49:20.715  1699  1699 E cr_IntentUtils: getBooleanExtra failed on intent null
09-02 02:49:20.719  3353  3353 W SystemServiceRegistry: No service published for: uimode
09-02 02:49:20.720  1699  1699 E cr_BTSPrefs: No data found for task id: 53
09-02 02:49:20.720  1699  1699 E cr_BkgrdTaskScheduler: Task cannot be canceled because no data was found instorage or data was invalid
09-02 02:49:20.721  1699  1699 I cr_tabmodel: #isIncognitoTabBeingRestored from tabDetails:  false
09-02 02:49:20.721  1699  1699 I cr_tabmodel: #isIncognitoTabBeingRestored from tabDetails:  false
09-02 02:49:20.721  1699  1699 W cr_tabmodel: Failed to restore TabState; creating Tab with last known URL.
09-02 02:49:20.723  3490  3490 E cessService0:3: Not starting debugger since process cannot load the jdwp agent.
09-02 02:49:20.727  3464  3464 I LoadedApk: No resource references to update in package com.google.android.trichromelibrary
09-02 02:49:20.727  3464  3464 D NetworkSecurityConfig: Using Network Security Config from resource 0_resource_name_obfuscated debugBuild: false
09-02 02:49:20.728  3464  3464 D NetworkSecurityConfig: Using Network Security Config from resource 0_resource_name_obfuscated debugBuild: false
09-02 02:49:20.730  3464  3464 I cr_SplitCompatApp: Launched version=107.0.5304.91 minSdkVersion=29 isBundle=true processName=com.android.chrome:sandboxed_process0:org.chromium.content.app.SandboxedProcessService0:31 isIsolated=true
09-02 02:49:20.733  3353  3353 I cr_ChildProcessService: Creating new ChildProcessService pid=3353
09-02 02:49:20.738  1513  3227 D CompatibilityChangeReporter: Compat change id reported: 136274596; UID 10220; state: ENABLED
09-02 02:49:20.740  1807  1807 D Zygote  : Forked child process 3517
09-02 02:49:20.741  1513  1625 W ActivityManager: Slow operation: 813ms so far, now at startProcess: returned from zygote!
09-02 02:49:20.743  1513  1625 W ActivityManager: Slow operation: 814ms so far, now at startProcess: done updating battery stats
09-02 02:49:20.743  1513  1625 W ActivityManager: Slow operation: 815ms so far, now at startProcess: building log message
09-02 02:49:20.743  1513  1625 I ActivityManager: Start proc 3517:com.android.chrome:sandboxed_process0:org.chromium.content.app.SandboxedProcessService0:33/u0ai33 for  {com.android.chrome/org.chromium.content.app.SandboxedProcessService0:33}
09-02 02:49:20.743  1513  1625 W ActivityManager: Slow operation: 815ms so far, now at startProcess: starting to update pids map
09-02 02:49:20.743  1513  1625 W ActivityManager: Slow operation: 815ms so far, now at startProcess: done updating pids map
09-02 02:49:20.743  1513  1625 W ActivityManager: Slow operation: 776ms so far, now at startProcess: asking zygote to start proc
09-02 02:49:20.743  1513  1625 D CompatibilityChangeReporter: Compat change id reported: 143937733; UID 10220; state: ENABLED
09-02 02:49:20.746  1513  9003 D CompatibilityChangeReporter: Compat change id reported: 135634846; UID 10220; state: DISABLED
09-02 02:49:20.746  1513  9003 D CompatibilityChangeReporter: Compat change id reported: 135754954; UID 10220; state: ENABLED
09-02 02:49:20.747  3517  3517 E libc    : SetHeapTaggingLevel: re-enabling tagging after it was disabled is not supported
09-02 02:49:20.750  1699  1699 E cr_IntentUtils: getBooleanExtra failed on intent null
09-02 02:49:20.750  1699  1699 E cr_IntentUtils: getBooleanExtra failed on intent null
09-02 02:49:20.757  1699  1699 I cr_tabmodel: #isIncognitoTabBeingRestored from tabDetails:  false
09-02 02:49:20.757  1699  1699 I cr_tabmodel: #isIncognitoTabBeingRestored from tabDetails:  false
09-02 02:49:20.757  1699  1699 W cr_tabmodel: Failed to restore TabState; creating Tab with last known URL.
09-02 02:49:20.763  3353  3410 I cr_LibraryLoader: Using ModernLinker
09-02 02:49:20.765  3517  3517 E cessService0:3: Not starting debugger since process cannot load the jdwp agent.
09-02 02:49:20.767  3353  3410 W linker  : Warning: "/data/app/~~_KLlx60MH8CoecPTjMKp8g==/com.android.chrome-kw9RHYrlHKb9bPXi8OTClw==/base.apk!/lib/arm64-v8a/libchromium_android_linker.so" unused DT entry: unknown processor-specific (type 0x70000001 arg 0x0) (ignoring)
09-02 02:49:20.768  3353  3410 E cr_ChromiumAndroidLinker: ReserveAddressWithHint: Address range starting at 0x7a3975b000 was not free to use
09-02 02:49:20.769  3411  3411 W SystemServiceRegistry: No service published for: uimode
09-02 02:49:20.774  1699  1699 E cr_IntentUtils: getBooleanExtra failed on intent null
09-02 02:49:20.774  3411  3411 I cr_ChildProcessService: Creating new ChildProcessService pid=3411
09-02 02:49:20.774  1699  1699 E cr_IntentUtils: getBooleanExtra failed on intent null
09-02 02:49:20.774  3464  3464 W SystemServiceRegistry: No service published for: uimode
09-02 02:49:20.777  1807  1807 D Zygote  : Forked child process 3538
09-02 02:49:20.778  1513  1625 W ActivityManager: Slow operation: 811ms so far, now at startProcess: returned from zygote!
09-02 02:49:20.779  1513  1625 W ActivityManager: Slow operation: 811ms so far, now at startProcess: done updating battery stats
09-02 02:49:20.779  1513  1625 W ActivityManager: Slow operation: 811ms so far, now at startProcess: building log message
09-02 02:49:20.779  1513  1625 I ActivityManager: Start proc 3538:com.android.chrome:sandboxed_process0:org.chromium.content.app.SandboxedProcessService0:34/u0ai34 for  {com.android.chrome/org.chromium.content.app.SandboxedProcessService0:34}
09-02 02:49:20.779  1513  1625 W ActivityManager: Slow operation: 811ms so far, now at startProcess: starting to update pids map
09-02 02:49:20.779  3538  3538 E libc    : SetHeapTaggingLevel: re-enabling tagging after it was disabled is not supported
09-02 02:49:20.780  1513  1625 W ActivityManager: Slow operation: 813ms so far, now at startProcess: done updating pids map
09-02 02:49:20.780  1513  1625 W ActivityManager: Slow operation: 788ms so far, now at startProcess: asking zygote to start proc
09-02 02:49:20.783  3490  3490 I LoadedApk: No resource references to update in package com.google.android.trichromelibrary
09-02 02:49:20.783  1699  1699 I cr_tabmodel: #isIncognitoTabBeingRestored from tabDetails:  false
09-02 02:49:20.783  1699  1699 I cr_tabmodel: #isIncognitoTabBeingRestored from tabDetails:  false
09-02 02:49:20.783  3490  3490 D NetworkSecurityConfig: Using Network Security Config from resource 0_resource_name_obfuscated debugBuild: false
09-02 02:49:20.783  1699  1699 W cr_tabmodel: Failed to restore TabState; creating Tab with last known URL.
09-02 02:49:20.784  3490  3490 D NetworkSecurityConfig: Using Network Security Config from resource 0_resource_name_obfuscated debugBuild: false
09-02 02:49:20.784  3353  3516 I cr_LibraryLoader: Successfully loaded native library
09-02 02:49:20.786  3490  3490 I cr_SplitCompatApp: Launched version=107.0.5304.91 minSdkVersion=29 isBundle=true processName=com.android.chrome:sandboxed_process0:org.chromium.content.app.SandboxedProcessService0:32 isIsolated=true
09-02 02:49:20.786  3353  3516 I cr_CachingUmaRecorder: Flushed 3 samples from 3 histograms.
09-02 02:49:20.786  3538  3538 E cessService0:3: Not starting debugger since process cannot load the jdwp agent.
09-02 02:49:20.788  3464  3464 I cr_ChildProcessService: Creating new ChildProcessService pid=3464
09-02 02:49:20.797  3411  3471 I cr_LibraryLoader: Using ModernLinker
09-02 02:49:20.797  1699  1699 E cr_IntentUtils: getBooleanExtra failed on intent null
09-02 02:49:20.797  1699  1699 E cr_IntentUtils: getBooleanExtra failed on intent null
09-02 02:49:20.798  3411  3471 W linker  : Warning: "/data/app/~~_KLlx60MH8CoecPTjMKp8g==/com.android.chrome-kw9RHYrlHKb9bPXi8OTClw==/base.apk!/lib/arm64-v8a/libchromium_android_linker.so" unused DT entry: unknown processor-specific (type 0x70000001 arg 0x0) (ignoring)
09-02 02:49:20.798  3411  3471 E cr_ChromiumAndroidLinker: ReserveAddressWithHint: Address range starting at 0x7a3975b000 was not free to use
09-02 02:49:20.800  3490  3490 W SystemServiceRegistry: No service published for: uimode
09-02 02:49:20.803  3411  3535 I cr_LibraryLoader: Successfully loaded native library
09-02 02:49:20.803  3411  3535 I cr_CachingUmaRecorder: Flushed 3 samples from 3 histograms.
09-02 02:49:20.805  1699  1699 I cr_tabmodel: #isIncognitoTabBeingRestored from tabDetails:  false
09-02 02:49:20.805  1699  1699 I cr_tabmodel: #isIncognitoTabBeingRestored from tabDetails:  false
09-02 02:49:20.805  1699  1699 W cr_tabmodel: Failed to restore TabState; creating Tab with last known URL.
09-02 02:49:20.806  3490  3490 I cr_ChildProcessService: Creating new ChildProcessService pid=3490
09-02 02:49:20.818  1699  1699 E cr_IntentUtils: getBooleanExtra failed on intent null
09-02 02:49:20.818  1699  1699 E cr_IntentUtils: getBooleanExtra failed on intent null
09-02 02:49:20.818  3464  3491 I cr_LibraryLoader: Using ModernLinker
09-02 02:49:20.820  1513  3227 D CompatibilityChangeReporter: Compat change id reported: 136274596; UID 10220; state: ENABLED
09-02 02:49:20.822  1699  1699 I cr_tabmodel: #isIncognitoTabBeingRestored from tabDetails:  false
09-02 02:49:20.822  1699  1699 I cr_tabmodel: #isIncognitoTabBeingRestored from tabDetails:  false
09-02 02:49:20.822  1699  1699 W cr_tabmodel: Failed to restore TabState; creating Tab with last known URL.
09-02 02:49:20.829  3464  3491 W linker  : Warning: "/data/app/~~_KLlx60MH8CoecPTjMKp8g==/com.android.chrome-kw9RHYrlHKb9bPXi8OTClw==/base.apk!/lib/arm64-v8a/libchromium_android_linker.so" unused DT entry: unknown processor-specific (type 0x70000001 arg 0x0) (ignoring)
09-02 02:49:20.830  3464  3491 E cr_ChromiumAndroidLinker: ReserveAddressWithHint: Address range starting at 0x7a3975b000 was not free to use
09-02 02:49:20.830  1513  3241 D CompatibilityChangeReporter: Compat change id reported: 135634846; UID 10220; state: DISABLED
09-02 02:49:20.830  1513  3241 D CompatibilityChangeReporter: Compat change id reported: 135754954; UID 10220; state: ENABLED
09-02 02:49:20.833  1699  1699 E cr_IntentUtils: getBooleanExtra failed on intent null
09-02 02:49:20.833  1699  1699 E cr_IntentUtils: getBooleanExtra failed on intent null
09-02 02:49:20.837  1807  1807 D Zygote  : Forked child process 3582
09-02 02:49:20.838  3464  3555 I cr_LibraryLoader: Successfully loaded native library
09-02 02:49:20.839  3464  3555 I cr_CachingUmaRecorder: Flushed 3 samples from 3 histograms.
09-02 02:49:20.841  1699  1699 I cr_tabmodel: #isIncognitoTabBeingRestored from tabDetails:  false
09-02 02:49:20.841  1699  1699 I cr_tabmodel: #isIncognitoTabBeingRestored from tabDetails:  false
09-02 02:49:20.841  1699  1699 W cr_tabmodel: Failed to restore TabState; creating Tab with last known URL.
09-02 02:49:20.841  1513  1537 D CompatibilityChangeReporter: Compat change id reported: 136274596; UID 10220; state: ENABLED
09-02 02:49:20.847  1513  3241 D CompatibilityChangeReporter: Compat change id reported: 135634846; UID 10220; state: DISABLED
09-02 02:49:20.847  1513  3241 D CompatibilityChangeReporter: Compat change id reported: 135754954; UID 10220; state: ENABLED
09-02 02:49:20.851  1699  1699 E cr_IntentUtils: getBooleanExtra failed on intent null
09-02 02:49:20.851  1699  1699 E cr_IntentUtils: getBooleanExtra failed on intent null
09-02 02:49:20.852  3582  3582 E libc    : SetHeapTaggingLevel: re-enabling tagging after it was disabled is not supported
09-02 02:49:20.855  1513  1625 W ActivityManager: Slow operation: 863ms so far, now at startProcess: returned from zygote!
09-02 02:49:20.856  1513  1625 W ActivityManager: Slow operation: 864ms so far, now at startProcess: done updating battery stats
09-02 02:49:20.856  1513  1625 W ActivityManager: Slow operation: 864ms so far, now at startProcess: building log message
09-02 02:49:20.856  1513  1625 I ActivityManager: Start proc 3582:com.android.chrome:sandboxed_process0:org.chromium.content.app.SandboxedProcessService0:35/u0ai35 for  {com.android.chrome/org.chromium.content.app.SandboxedProcessService0:35}
09-02 02:49:20.856  1513  1625 W ActivityManager: Slow operation: 864ms so far, now at startProcess: starting to update pids map
09-02 02:49:20.856  1513  1625 W ActivityManager: Slow operation: 864ms so far, now at startProcess: done updating pids map
09-02 02:49:20.857  1513  1625 W ActivityManager: Slow operation: 839ms so far, now at startProcess: asking zygote to start proc
09-02 02:49:20.857  1513  1625 D CompatibilityChangeReporter: Compat change id reported: 143937733; UID 10220; state: ENABLED
09-02 02:49:20.860  1699  1699 I cr_tabmodel: #isIncognitoTabBeingRestored from tabDetails:  false
09-02 02:49:20.860  1699  1699 I cr_tabmodel: #isIncognitoTabBeingRestored from tabDetails:  false
09-02 02:49:20.860  1699  1699 W cr_tabmodel: Failed to restore TabState; creating Tab with last known URL.
09-02 02:49:20.864  3582  3582 E cessService0:3: Not starting debugger since process cannot load the jdwp agent.
09-02 02:49:20.871  3538  3538 I LoadedApk: No resource references to update in package com.google.android.trichromelibrary
09-02 02:49:20.871  3538  3538 D NetworkSecurityConfig: Using Network Security Config from resource 0_resource_name_obfuscated debugBuild: false
09-02 02:49:20.872  3490  3523 I cr_LibraryLoader: Using ModernLinker
09-02 02:49:20.872  1699  1699 E cr_IntentUtils: getBooleanExtra failed on intent null
09-02 02:49:20.872  1699  1699 E cr_IntentUtils: getBooleanExtra failed on intent null
09-02 02:49:20.873  3538  3538 D NetworkSecurityConfig: Using Network Security Config from resource 0_resource_name_obfuscated debugBuild: false
09-02 02:49:20.874  3490  3523 W linker  : Warning: "/data/app/~~_KLlx60MH8CoecPTjMKp8g==/com.android.chrome-kw9RHYrlHKb9bPXi8OTClw==/base.apk!/lib/arm64-v8a/libchromium_android_linker.so" unused DT entry: unknown processor-specific (type 0x70000001 arg 0x0) (ignoring)
09-02 02:49:20.875  3490  3523 E cr_ChromiumAndroidLinker: ReserveAddressWithHint: Address range starting at 0x7a3975b000 was not free to use
09-02 02:49:20.876  3538  3538 I cr_SplitCompatApp: Launched version=107.0.5304.91 minSdkVersion=29 isBundle=true processName=com.android.chrome:sandboxed_process0:org.chromium.content.app.SandboxedProcessService0:34 isIsolated=true
09-02 02:49:20.878  1699  1699 I cr_tabmodel: #isIncognitoTabBeingRestored from tabDetails:  false
09-02 02:49:20.878  1699  1699 I cr_tabmodel: #isIncognitoTabBeingRestored from tabDetails:  false
09-02 02:49:20.878  1699  1699 W cr_tabmodel: Failed to restore TabState; creating Tab with last known URL.
09-02 02:49:20.881  1807  1807 D Zygote  : Forked child process 3613
09-02 02:49:20.883  1513  1625 W ActivityManager: Slow operation: 866ms so far, now at startProcess: returned from zygote!
09-02 02:49:20.883  1513  1625 W ActivityManager: Slow operation: 866ms so far, now at startProcess: done updating battery stats
09-02 02:49:20.883  1513  1625 W ActivityManager: Slow operation: 866ms so far, now at startProcess: building log message
09-02 02:49:20.883  1513  1625 I ActivityManager: Start proc 3613:com.android.chrome:sandboxed_process0:org.chromium.content.app.SandboxedProcessService0:36/u0ai36 for  {com.android.chrome/org.chromium.content.app.SandboxedProcessService0:36}
09-02 02:49:20.883  1513  1625 W ActivityManager: Slow operation: 866ms so far, now at startProcess: starting to update pids map
09-02 02:49:20.884  1513  1625 W ActivityManager: Slow operation: 866ms so far, now at startProcess: done updating pids map
09-02 02:49:20.884  1513  1625 W ActivityManager: Slow operation: 847ms so far, now at startProcess: asking zygote to start proc
09-02 02:49:20.885  3613  3613 E libc    : SetHeapTaggingLevel: re-enabling tagging after it was disabled is not supported
09-02 02:49:20.886  3490  3559 I cr_LibraryLoader: Successfully loaded native library
09-02 02:49:20.888  3490  3559 I cr_CachingUmaRecorder: Flushed 3 samples from 3 histograms.
09-02 02:49:20.889  3538  3538 W SystemServiceRegistry: No service published for: uimode
09-02 02:49:20.893  1699  1699 E cr_IntentUtils: getBooleanExtra failed on intent null
09-02 02:49:20.894  1699  1699 E cr_IntentUtils: getBooleanExtra failed on intent null
09-02 02:49:20.895  3613  3613 E cessService0:3: Not starting debugger since process cannot load the jdwp agent.
09-02 02:49:20.895  3538  3538 I cr_ChildProcessService: Creating new ChildProcessService pid=3538
09-02 02:49:20.900  1699  1699 I cr_tabmodel: #isIncognitoTabBeingRestored from tabDetails:  false
09-02 02:49:20.900  1699  1699 I cr_tabmodel: #isIncognitoTabBeingRestored from tabDetails:  false
09-02 02:49:20.900  1699  1699 W cr_tabmodel: Failed to restore TabState; creating Tab with last known URL.
09-02 02:49:20.911  1699  1699 E cr_IntentUtils: getBooleanExtra failed on intent null
09-02 02:49:20.911  1699  1699 E cr_IntentUtils: getBooleanExtra failed on intent null
09-02 02:49:20.914  1513  3227 D CompatibilityChangeReporter: Compat change id reported: 136274596; UID 10220; state: ENABLED
09-02 02:49:20.916  1699  1699 I cr_tabmodel: #isIncognitoTabBeingRestored from tabDetails:  false
09-02 02:49:20.916  1699  1699 I cr_tabmodel: #isIncognitoTabBeingRestored from tabDetails:  false
09-02 02:49:20.916  1699  1699 W cr_tabmodel: Failed to restore TabState; creating Tab with last known URL.
09-02 02:49:20.916  3517  3517 I LoadedApk: No resource references to update in package com.google.android.trichromelibrary
09-02 02:49:20.916  3517  3517 D NetworkSecurityConfig: Using Network Security Config from resource 0_resource_name_obfuscated debugBuild: false
09-02 02:49:20.917  1807  1807 D Zygote  : Forked child process 3644
09-02 02:49:20.917  3517  3517 D NetworkSecurityConfig: Using Network Security Config from resource 0_resource_name_obfuscated debugBuild: false
09-02 02:49:20.919  3517  3517 I cr_SplitCompatApp: Launched version=107.0.5304.91 minSdkVersion=29 isBundle=true processName=com.android.chrome:sandboxed_process0:org.chromium.content.app.SandboxedProcessService0:33 isIsolated=true
09-02 02:49:20.920  1513  1537 D CompatibilityChangeReporter: Compat change id reported: 135634846; UID 10220; state: DISABLED
09-02 02:49:20.921  1513  1537 D CompatibilityChangeReporter: Compat change id reported: 135754954; UID 10220; state: ENABLED
09-02 02:49:20.923  3644  3644 E libc    : SetHeapTaggingLevel: re-enabling tagging after it was disabled is not supported
09-02 02:49:20.925  1513  1625 W ActivityManager: Slow operation: 889ms so far, now at startProcess: returned from zygote!
09-02 02:49:20.925  1513  1625 W ActivityManager: Slow operation: 889ms so far, now at startProcess: done updating battery stats
09-02 02:49:20.925  1513  1625 W ActivityManager: Slow operation: 889ms so far, now at startProcess: building log message
09-02 02:49:20.926  1513  1625 I ActivityManager: Start proc 3644:com.android.chrome:sandboxed_process0:org.chromium.content.app.SandboxedProcessService0:37/u0ai37 for  {com.android.chrome/org.chromium.content.app.SandboxedProcessService0:37}
09-02 02:49:20.926  1513  1625 W ActivityManager: Slow operation: 889ms so far, now at startProcess: starting to update pids map
09-02 02:49:20.926  1513  1625 W ActivityManager: Slow operation: 889ms so far, now at startProcess: done updating pids map
09-02 02:49:20.926  1513  1625 W ActivityManager: Slow operation: 868ms so far, now at startProcess: asking zygote to start proc
09-02 02:49:20.926  1513  1625 D CompatibilityChangeReporter: Compat change id reported: 143937733; UID 10220; state: ENABLED
09-02 02:49:20.928  1699  1699 E cr_IntentUtils: getBooleanExtra failed on intent null
09-02 02:49:20.928  1699  1699 E cr_IntentUtils: getBooleanExtra failed on intent null
09-02 02:49:20.933  1513  2180 D CompatibilityChangeReporter: Compat change id reported: 136274596; UID 10220; state: ENABLED
09-02 02:49:20.934  3644  3644 E cessService0:3: Not starting debugger since process cannot load the jdwp agent.
09-02 02:49:20.935  1699  1699 I cr_tabmodel: #isIncognitoTabBeingRestored from tabDetails:  false
09-02 02:49:20.935  1699  1699 I cr_tabmodel: #isIncognitoTabBeingRestored from tabDetails:  false
09-02 02:49:20.935  1699  1699 W cr_tabmodel: Failed to restore TabState; creating Tab with last known URL.
09-02 02:49:20.937  1513  3241 D CompatibilityChangeReporter: Compat change id reported: 135634846; UID 10220; state: DISABLED
09-02 02:49:20.937  1513  3241 D CompatibilityChangeReporter: Compat change id reported: 135754954; UID 10220; state: ENABLED
09-02 02:49:20.943  3517  3517 W SystemServiceRegistry: No service published for: uimode
09-02 02:49:20.947  1699  1699 E cr_IntentUtils: getBooleanExtra failed on intent null
09-02 02:49:20.947  1699  1699 E cr_IntentUtils: getBooleanExtra failed on intent null
09-02 02:49:20.951  1513  1537 D CompatibilityChangeReporter: Compat change id reported: 136274596; UID 10220; state: ENABLED
09-02 02:49:20.952  1699  1699 I cr_tabmodel: #isIncognitoTabBeingRestored from tabDetails:  false
09-02 02:49:20.952  1699  1699 I cr_tabmodel: #isIncognitoTabBeingRestored from tabDetails:  false
09-02 02:49:20.952  1699  1699 W cr_tabmodel: Failed to restore TabState; creating Tab with last known URL.
09-02 02:49:20.958  1513  3227 D CompatibilityChangeReporter: Compat change id reported: 135634846; UID 10220; state: DISABLED
09-02 02:49:20.958  1513  3227 D CompatibilityChangeReporter: Compat change id reported: 135754954; UID 10220; state: ENABLED
09-02 02:49:20.959  1807  1807 D Zygote  : Forked child process 3677
09-02 02:49:20.961  1513  1625 W ActivityManager: Slow operation: 903ms so far, now at startProcess: returned from zygote!
09-02 02:49:20.962  1513  1625 W ActivityManager: Slow operation: 904ms so far, now at startProcess: done updating battery stats
09-02 02:49:20.962  1513  1625 W ActivityManager: Slow operation: 905ms so far, now at startProcess: building log message
09-02 02:49:20.962  1513  1625 I ActivityManager: Start proc 3677:com.android.chrome:sandboxed_process0:org.chromium.content.app.SandboxedProcessService0:38/u0ai38 for  {com.android.chrome/org.chromium.content.app.SandboxedProcessService0:38}
09-02 02:49:20.962  1513  1625 W ActivityManager: Slow operation: 905ms so far, now at startProcess: starting to update pids map
09-02 02:49:20.962  1513  1625 W ActivityManager: Slow operation: 905ms so far, now at startProcess: done updating pids map
09-02 02:49:20.962  1513  1625 W ActivityManager: Slow operation: 887ms so far, now at startProcess: asking zygote to start proc
09-02 02:49:20.962  1513  1625 D CompatibilityChangeReporter: Compat change id reported: 143937733; UID 10220; state: ENABLED
09-02 02:49:20.976  3677  3677 E libc    : SetHeapTaggingLevel: re-enabling tagging after it was disabled is not supported
09-02 02:49:20.978  1699  1699 E cr_IntentUtils: getBooleanExtra failed on intent null
09-02 02:49:20.978  1699  1699 E cr_IntentUtils: getBooleanExtra failed on intent null
09-02 02:49:20.982  3538  3561 I cr_LibraryLoader: Using ModernLinker
09-02 02:49:20.983  3517  3517 I cr_ChildProcessService: Creating new ChildProcessService pid=3517
09-02 02:49:20.983  3538  3561 W linker  : Warning: "/data/app/~~_KLlx60MH8CoecPTjMKp8g==/com.android.chrome-kw9RHYrlHKb9bPXi8OTClw==/base.apk!/lib/arm64-v8a/libchromium_android_linker.so" unused DT entry: unknown processor-specific (type 0x70000001 arg 0x0) (ignoring)
09-02 02:49:20.983  3538  3561 E cr_ChromiumAndroidLinker: ReserveAddressWithHint: Address range starting at 0x7a3975b000 was not free to use
09-02 02:49:20.988  3677  3677 E cessService0:3: Not starting debugger since process cannot load the jdwp agent.
09-02 02:49:20.989  3538  3635 I cr_LibraryLoader: Successfully loaded native library
09-02 02:49:20.992  3517  3595 I cr_LibraryLoader: Using ModernLinker
09-02 02:49:20.993  3517  3595 W linker  : Warning: "/data/app/~~_KLlx60MH8CoecPTjMKp8g==/com.android.chrome-kw9RHYrlHKb9bPXi8OTClw==/base.apk!/lib/arm64-v8a/libchromium_android_linker.so" unused DT entry: unknown processor-specific (type 0x70000001 arg 0x0) (ignoring)
09-02 02:49:20.994  3517  3595 E cr_ChromiumAndroidLinker: ReserveAddressWithHint: Address range starting at 0x7a3975b000 was not free to use
09-02 02:49:20.995  3538  3635 I cr_CachingUmaRecorder: Flushed 3 samples from 3 histograms.
09-02 02:49:21.001  1699  1699 I cr_tabmodel: #isIncognitoTabBeingRestored from tabDetails:  false
09-02 02:49:21.001  1699  1699 I cr_tabmodel: #isIncognitoTabBeingRestored from tabDetails:  false
09-02 02:49:21.001  1699  1699 W cr_tabmodel: Failed to restore TabState; creating Tab with last known URL.
09-02 02:49:21.005  3613  3613 I LoadedApk: No resource references to update in package com.google.android.trichromelibrary
09-02 02:49:21.006  3613  3613 D NetworkSecurityConfig: Using Network Security Config from resource 0_resource_name_obfuscated debugBuild: false
09-02 02:49:21.007  3613  3613 D NetworkSecurityConfig: Using Network Security Config from resource 0_resource_name_obfuscated debugBuild: false
09-02 02:49:21.008  1513  1537 D CompatibilityChangeReporter: Compat change id reported: 136274596; UID 10220; state: ENABLED
09-02 02:49:21.009  3517  3690 I cr_LibraryLoader: Successfully loaded native library
09-02 02:49:21.011  3613  3613 I cr_SplitCompatApp: Launched version=107.0.5304.91 minSdkVersion=29 isBundle=true processName=com.android.chrome:sandboxed_process0:org.chromium.content.app.SandboxedProcessService0:36 isIsolated=true
09-02 02:49:21.014  3517  3690 I cr_CachingUmaRecorder: Flushed 3 samples from 3 histograms.
09-02 02:49:21.015  1807  1807 D Zygote  : Forked child process 3702
09-02 02:49:21.017  1699  1699 E cr_IntentUtils: getBooleanExtra failed on intent null
09-02 02:49:21.017  1699  1699 E cr_IntentUtils: getBooleanExtra failed on intent null
09-02 02:49:21.017  1513  1625 W ActivityManager: Slow operation: 942ms so far, now at startProcess: returned from zygote!
09-02 02:49:21.017  1513  1625 W ActivityManager: Slow operation: 942ms so far, now at startProcess: done updating battery stats
09-02 02:49:21.017  1513  1625 W ActivityManager: Slow operation: 942ms so far, now at startProcess: building log message
09-02 02:49:21.018  1513  1625 I ActivityManager: Start proc 3702:com.android.chrome:sandboxed_process0:org.chromium.content.app.SandboxedProcessService0:39/u0ai39 for  {com.android.chrome/org.chromium.content.app.SandboxedProcessService0:39}
09-02 02:49:21.018  1513  1625 W ActivityManager: Slow operation: 942ms so far, now at startProcess: starting to update pids map
09-02 02:49:21.018  1513  1625 W ActivityManager: Slow operation: 942ms so far, now at startProcess: done updating pids map
09-02 02:49:21.018  1513  1625 W ActivityManager: Slow operation: 922ms so far, now at startProcess: asking zygote to start proc
09-02 02:49:21.018  1513  1625 D CompatibilityChangeReporter: Compat change id reported: 143937733; UID 10220; state: ENABLED
09-02 02:49:21.021  1699  1699 I cr_tabmodel: #isIncognitoTabBeingRestored from tabDetails:  false
09-02 02:49:21.021  1699  1699 I cr_tabmodel: #isIncognitoTabBeingRestored from tabDetails:  false
09-02 02:49:21.021  1699  1699 W cr_tabmodel: Failed to restore TabState; creating Tab with last known URL.
09-02 02:49:21.021  3702  3702 E libc    : SetHeapTaggingLevel: re-enabling tagging after it was disabled is not supported
09-02 02:49:21.027  3582  3582 I LoadedApk: No resource references to update in package com.google.android.trichromelibrary
09-02 02:49:21.027  3582  3582 D NetworkSecurityConfig: Using Network Security Config from resource 0_resource_name_obfuscated debugBuild: false
09-02 02:49:21.031  3582  3582 D NetworkSecurityConfig: Using Network Security Config from resource 0_resource_name_obfuscated debugBuild: false
09-02 02:49:21.033  3582  3582 I cr_SplitCompatApp: Launched version=107.0.5304.91 minSdkVersion=29 isBundle=true processName=com.android.chrome:sandboxed_process0:org.chromium.content.app.SandboxedProcessService0:35 isIsolated=true
09-02 02:49:21.034  1699  1699 E cr_IntentUtils: getBooleanExtra failed on intent null
09-02 02:49:21.034  1699  1699 E cr_IntentUtils: getBooleanExtra failed on intent null
09-02 02:49:21.036  3644  3644 I LoadedApk: No resource references to update in package com.google.android.trichromelibrary
09-02 02:49:21.040  1513  2180 D CompatibilityChangeReporter: Compat change id reported: 135634846; UID 10220; state: DISABLED
09-02 02:49:21.040  1513  2180 D CompatibilityChangeReporter: Compat change id reported: 135754954; UID 10220; state: ENABLED
09-02 02:49:21.042  1699  1699 I cr_tabmodel: #isIncognitoTabBeingRestored from tabDetails:  false
09-02 02:49:21.042  1699  1699 I cr_tabmodel: #isIncognitoTabBeingRestored from tabDetails:  false
09-02 02:49:21.042  1699  1699 W cr_tabmodel: Failed to restore TabState; creating Tab with last known URL.
09-02 02:49:21.042  3644  3644 D NetworkSecurityConfig: Using Network Security Config from resource 0_resource_name_obfuscated debugBuild: false
09-02 02:49:21.044  3644  3644 D NetworkSecurityConfig: Using Network Security Config from resource 0_resource_name_obfuscated debugBuild: false
09-02 02:49:21.045  3644  3644 I cr_SplitCompatApp: Launched version=107.0.5304.91 minSdkVersion=29 isBundle=true processName=com.android.chrome:sandboxed_process0:org.chromium.content.app.SandboxedProcessService0:37 isIsolated=true
09-02 02:49:21.046  3702  3702 E cessService0:3: Not starting debugger since process cannot load the jdwp agent.
09-02 02:49:21.055  1807  1807 D Zygote  : Forked child process 3729
09-02 02:49:21.057  3729  3729 E libc    : SetHeapTaggingLevel: re-enabling tagging after it was disabled is not supported
09-02 02:49:21.059  1513  1625 W ActivityManager: Slow operation: 963ms so far, now at startProcess: returned from zygote!
09-02 02:49:21.059  1699  1699 E cr_IntentUtils: getBooleanExtra failed on intent null
09-02 02:49:21.059  1513  1625 W ActivityManager: Slow operation: 963ms so far, now at startProcess: done updating battery stats
09-02 02:49:21.059  1699  1699 E cr_IntentUtils: getBooleanExtra failed on intent null
09-02 02:49:21.059  1513  1625 W ActivityManager: Slow operation: 964ms so far, now at startProcess: building log message
09-02 02:49:21.059  1513  1625 I ActivityManager: Start proc 3729:com.android.chrome:sandboxed_process0:org.chromium.content.app.SandboxedProcessService0:40/u0ai40 for  {com.android.chrome/org.chromium.content.app.SandboxedProcessService0:40}
09-02 02:49:21.059  1513  1625 W ActivityManager: Slow operation: 964ms so far, now at startProcess: starting to update pids map
09-02 02:49:21.059  1513  1625 W ActivityManager: Slow operation: 964ms so far, now at startProcess: done updating pids map
09-02 02:49:21.060  1513  1625 W ActivityManager: Slow operation: 945ms so far, now at startProcess: asking zygote to start proc
09-02 02:49:21.061  3729  3729 E cessService0:4: Not starting debugger since process cannot load the jdwp agent.
09-02 02:49:21.064  1699  1699 I cr_tabmodel: #isIncognitoTabBeingRestored from tabDetails:  false
09-02 02:49:21.064  1699  1699 I cr_tabmodel: #isIncognitoTabBeingRestored from tabDetails:  false
09-02 02:49:21.064  1699  1699 W cr_tabmodel: Failed to restore TabState; creating Tab with last known URL.
09-02 02:49:21.066  1513  1537 D CompatibilityChangeReporter: Compat change id reported: 136274596; UID 10220; state: ENABLED
09-02 02:49:21.068  1513  2180 D CompatibilityChangeReporter: Compat change id reported: 135634846; UID 10220; state: DISABLED
09-02 02:49:21.068  1513  2180 D CompatibilityChangeReporter: Compat change id reported: 135754954; UID 10220; state: ENABLED
09-02 02:49:21.076  1699  1699 E cr_IntentUtils: getBooleanExtra failed on intent null
09-02 02:49:21.076  1699  1699 E cr_IntentUtils: getBooleanExtra failed on intent null
09-02 02:49:21.076  3582  3582 W SystemServiceRegistry: No service published for: uimode
09-02 02:49:21.080  3582  3582 I cr_ChildProcessService: Creating new ChildProcessService pid=3582
09-02 02:49:21.081  1699  1699 I cr_tabmodel: #isIncognitoTabBeingRestored from tabDetails:  false
09-02 02:49:21.081  1699  1699 I cr_tabmodel: #isIncognitoTabBeingRestored from tabDetails:  false
09-02 02:49:21.081  1699  1699 W cr_tabmodel: Failed to restore TabState; creating Tab with last known URL.
09-02 02:49:21.084  1513  1537 D CompatibilityChangeReporter: Compat change id reported: 136274596; UID 10220; state: ENABLED
09-02 02:49:21.084  1807  1807 D Zygote  : Forked child process 3758
09-02 02:49:21.086  1513  1625 W ActivityManager: Slow operation: 972ms so far, now at startProcess: returned from zygote!
09-02 02:49:21.086  3644  3644 W SystemServiceRegistry: No service published for: uimode
09-02 02:49:21.086  1513  1625 W ActivityManager: Slow operation: 972ms so far, now at startProcess: done updating battery stats
09-02 02:49:21.086  1513  1625 W ActivityManager: Slow operation: 972ms so far, now at startProcess: building log message
09-02 02:49:21.086  1513  1625 I ActivityManager: Start proc 3758:com.android.chrome:sandboxed_process0:org.chromium.content.app.SandboxedProcessService0:41/u0ai41 for  {com.android.chrome/org.chromium.content.app.SandboxedProcessService0:41}
09-02 02:49:21.086  1513  1625 W ActivityManager: Slow operation: 972ms so far, now at startProcess: starting to update pids map
09-02 02:49:21.086  1513  1625 W ActivityManager: Slow operation: 972ms so far, now at startProcess: done updating pids map
09-02 02:49:21.086  1513  1625 W ActivityManager: Slow operation: 954ms so far, now at startProcess: asking zygote to start proc
