09-02 13:07:12.703  3979  4180 D ConnectivityService: Network NetworkAgentInfo [WIFI () - 502] was already satisfying request 3. No change.
09-02 13:07:12.703  3979  4180 D ConnectivityService: Network NetworkAgentInfo [WIFI () - 502] was already satisfying request 1. No change.
09-02 13:07:12.703  3979  4180 D ConnectivityService: Network NetworkAgentInfo [WIFI () - 502] was already satisfying request 443. No change.
09-02 13:07:12.703  3979  4180 D ConnectivityService: Network NetworkAgentInfo [WIFI () - 502] was already satisfying request 140. No change.
09-02 13:07:12.703  3979  4180 D ConnectivityService: sending notification AVAILABLE for NetworkRequest [ LISTEN id=715, [ Capabilities: INTERNET&NOT_RESTRICTED&TRUSTED&FOREGROUND] ]
09-02 13:07:12.703  3979  6264 D ConnectivityService: filterNetworkStateForUid() uid: 10096 networkInfo: [type: WIFI[] - WIFI, state: CONNECTED/CONNECTED, reason: (unspecified), extra: "WiFi 69", failover: false, available: true, roaming: false, metered: false]
09-02 13:07:12.703  3979  4180 D ConnectivityService: sending notification CAP_CHANGED for NetworkRequest [ LISTEN id=715, [ Capabilities: INTERNET&NOT_RESTRICTED&TRUSTED&FOREGROUND] ]
09-02 13:07:12.704  3979  4180 D ConnectivityService: sending notification IP_CHANGED for NetworkRequest [ LISTEN id=715, [ Capabilities: INTERNET&NOT_RESTRICTED&TRUSTED&FOREGROUND] ]
09-02 13:07:12.705 31706 31728 I cr_LibraryLoader: Successfully loaded native library
09-02 13:07:12.707 31706 31728 I cr_CachingUmaRecorder: Flushed 3 samples from 3 histograms.
09-02 13:07:12.709  3979  9236 D SecContentProvider: query(), uri = 2 selection = isAuditLogEnabled
09-02 13:07:12.710  3979  9236 D SecContentProvider: called from com.android.chrome
09-02 13:07:12.711  3979  5976 D SecContentProvider: query(), uri = 5 selection = getAutoFillSetting
09-02 13:07:12.711  3979  5976 D SecContentProvider: called from com.android.chrome
09-02 13:07:12.712  3979  6264 D SecContentProvider: query(), uri = 5 selection = getCookiesSetting
09-02 13:07:12.713  3979  6264 D SecContentProvider: called from com.android.chrome
09-02 13:07:12.716  3979  6264 D SecContentProvider: query(), uri = 5 selection = getHttpProxy
09-02 13:07:12.716 31627 31627 I cr_CompositorSurfaceMgr: Transitioning to surface with format: -1
09-02 13:07:12.717  3979  6264 D SecContentProvider: called from com.android.chrome
09-02 13:07:12.718  3462  3462 I SurfaceFlinger: id=1936 createSurf (720x1238),4 flag=404, SurfaceView - com.android.chrome/com.google.android.apps.chrome.Main@8d9d47e@0#0
09-02 13:07:12.718  3979  5976 D SecContentProvider: query(), uri = 5 selection = getJavaScriptSetting
09-02 13:07:12.718  3979  5976 D SecContentProvider: called from com.android.chrome
09-02 13:07:12.719  3462  3462 I SurfaceFlinger: id=1937 createSurf (720x1238),-1 flag=20404, Background for - SurfaceView - com.android.chrome/com.google.android.apps.chrome.Main@8d9d47e@0#0
09-02 13:07:12.719 31627 31627 D SurfaceView: BG show() Surface(name=Background for - SurfaceView - com.android.chrome/com.google.android.apps.chrome.Main@8d9d47e@0) android.view.SurfaceView{8d9d47e V.E...... ......ID 0,0-720,1238}
09-02 13:07:12.719  3979  5976 D SecContentProvider: query(), uri = 5 selection = getPopupsSetting
09-02 13:07:12.720 31627 31627 V Surface : sf_framedrop debug : 0x4f4c, game : false, logging : 0
09-02 13:07:12.720 31627 31627 D SurfaceView: surfaceCreated 1 android.view.SurfaceView{8d9d47e V.E...... ......ID 0,0-720,1238}
09-02 13:07:12.720  3979  5976 I chatty  : uid=1000(system) Binder:3979_13 identical 1 line
09-02 13:07:12.720 31627 31627 I cr_CompositorSurfaceMgr: surfaceCreated format: 0
09-02 13:07:12.720 31627 31627 D SurfaceView: surfaceChanged (720,1238) 1 android.view.SurfaceView{8d9d47e V.E...... ......ID 0,0-720,1238}
09-02 13:07:12.721  3979  5976 D SecContentProvider: query(), uri = 22 selection = isAuthenticationEnabled
09-02 13:07:12.721  3979  5976 D SecContentProvider: called from com.android.chrome
09-02 13:07:12.725  3979  6264 D SecContentProvider: query(), uri = 10 selection = getURLFilterList
09-02 13:07:12.725  3979  6264 D SecContentProvider: called from com.android.chrome
09-02 13:07:12.727  3979  6264 D SecContentProvider: query(), uri = 10 selection = getURLFilterEnabled
09-02 13:07:12.728  3979  6264 D SecContentProvider: query(), uri = 10 selection = getURLFilterReportEnabled
09-02 13:07:12.731  3979  6264 D SecContentProvider: query(), uri = 2 selection = isAuditLogEnabled
09-02 13:07:12.731  3979  6264 I chatty  : uid=1000(system) Binder:3979_18 identical 3 lines
09-02 13:07:12.732  3979  6264 D SecContentProvider: query(), uri = 5 selection = getAutoFillSetting
09-02 13:07:12.733  3979  6264 D SecContentProvider: called from com.android.chrome
09-02 13:07:12.734  3979  5976 D SecContentProvider: query(), uri = 5 selection = getCookiesSetting
09-02 13:07:12.734  3979  5976 D SecContentProvider: called from com.android.chrome
09-02 13:07:12.735  3979  5976 D SecContentProvider: query(), uri = 5 selection = getHttpProxy
09-02 13:07:12.736  3979  5976 I chatty  : uid=1000(system) Binder:3979_13 identical 1 line
09-02 13:07:12.737  3979  5976 D SecContentProvider: query(), uri = 5 selection = getJavaScriptSetting
09-02 13:07:12.737  3979  5976 D SecContentProvider: called from com.android.chrome
09-02 13:07:12.739  3979  9236 D SecContentProvider: query(), uri = 5 selection = getPopupsSetting
09-02 13:07:12.739  3979  9236 D SecContentProvider: called from com.android.chrome
09-02 13:07:12.740  3979  9236 D SecContentProvider: query(), uri = 22 selection = isAuthenticationEnabled
09-02 13:07:12.741 31627 31627 I cr_ChromeTabbedActivity: #initializeState
09-02 13:07:12.742 31627 31627 I cr_CipherFactory: #restoreFromBundle, no savedInstanceState.
09-02 13:07:12.742 31627 31627 I cr_tabmodel: #loadState, ignoreIncognitoFiles? true
09-02 13:07:12.743 31627 31627 I cr_tabmodel: Tab metadata, skipIncognitoCount? false incognitoCount: 0 totalCount: 64
09-02 13:07:12.744  3979  9236 D SecContentProvider: query(), uri = 10 selection = getURLFilterList
09-02 13:07:12.744 31627 31627 I cr_tabmodel: #isIncognitoTabBeingRestored from tabState:  false
09-02 13:07:12.745  3979  9236 D SecContentProvider: query(), uri = 10 selection = getURLFilterEnabled
09-02 13:07:12.746  3979  9236 I chatty  : uid=1000(system) Binder:3979_1B identical 3 lines
09-02 13:07:12.747  3979  9236 D SecContentProvider: query(), uri = 10 selection = getURLFilterReportEnabled
09-02 13:07:12.747  3979  9236 D SecContentProvider: called from com.android.chrome
09-02 13:07:12.767 31627 31627 E ResourceType: Style contains key with bad entry: 0x0101062c
09-02 13:07:12.775 31706 31728 D libGLESv2: STS_GLApi : DTS, ODTC are not allowed for Package : com.android.chrome:privileged_process0
09-02 13:07:12.778 22051 22051 D BoundBrokerSvc: onBind: Intent { act=com.google.android.gms.languageprofile.service.START pkg=com.google.android.gms }
09-02 13:07:12.778 22051 22051 D BoundBrokerSvc: Loading bound service for intent: Intent { act=com.google.android.gms.languageprofile.service.START pkg=com.google.android.gms }
09-02 13:07:12.780  3979  6264 D ConnectivityService: filterNetworkStateForUid() uid: 10096 networkInfo: [type: WIFI[] - WIFI, state: CONNECTED/CONNECTED, reason: (unspecified), extra: "WiFi 69", failover: false, available: true, roaming: false, metered: false]
09-02 13:07:12.789  3979 10224 D SamsungAlarmManager: setInexact Intent (T:3/F:0/AC:false) 20330830T130712 - CU:10025/CP:22051
09-02 13:07:12.822 22051 22051 D BoundBrokerSvc: onBind: Intent { act=com.google.android.gms.safetynet.service.START pkg=com.google.android.gms }
09-02 13:07:12.822 22051 22051 D BoundBrokerSvc: Loading bound service for intent: Intent { act=com.google.android.gms.safetynet.service.START pkg=com.google.android.gms }
09-02 13:07:12.826 31661 31718 I cr_LibraryLoader: Successfully loaded native library
09-02 13:07:12.827 31661 31718 I cr_CachingUmaRecorder: Flushed 3 samples from 3 histograms.
09-02 13:07:12.853 31706 31728 V Surface : sf_framedrop debug : 0x4f4c, game : false, logging : 0
09-02 13:07:12.855 31706 31728 D mali_winsys: EGLint new_window_surface(egl_winsys_display *, void *, EGLSurface, EGLConfig, egl_winsys_surface **, egl_color_buffer_format *, EGLBoolean) returns 0x3000,  [720x1238]-format:1
09-02 13:07:12.871  3979  6264 D SamsungAlarmManager: setExact Intent (T:3/F:0/AC:false) 20230902T130713 - CU:10025/CP:10264
09-02 13:07:12.871  3979  6264 I SamsungAlarmManager: setLocked to kernel - T:3 / 20230902T130713, SetElapsed=98015300, nowELAPSED=98014303
09-02 13:07:12.872 10264 10608 I FontLog : Received query name=Google Sans&weight=700&besteffort=false, URI content://com.google.android.gms.fonts [CONTEXT service_id=132 ]
09-02 13:07:12.872 10264 10608 I FontLog : Query [name=Google Sans&weight=700&besteffort=false] resolved to {Google Sans, wdth 100.0, wght 700, ital 0.0, bestEffort false} [CONTEXT service_id=132 ]
09-02 13:07:12.873  3979  9236 D ConnectivityService: filterNetworkStateForUid() uid: 10025 networkInfo: [type: WIFI[] - WIFI, state: CONNECTED/CONNECTED, reason: (unspecified), extra: "WiFi 69", failover: false, available: true, roaming: false, metered: false]
09-02 13:07:12.874  3979  9236 D ConnectivityService: filterNetworkStateForUid() uid: 10025 networkInfo: [type: WIFI[] - WIFI, state: CONNECTED/CONNECTED, reason: (unspecified), extra: "WiFi 69", failover: false, available: true, roaming: false, metered: false]
09-02 13:07:12.874 10264 10608 I FontLog : Fetch {Google Sans, wdth 100.0, wght 700, ital 0.0, bestEffort false} end status Status{statusCode=SUCCESS, resolution=null} [CONTEXT service_id=132 ]
09-02 13:07:12.877  3979  6264 D SamsungAlarmManager: Cancel Alarm calling from uid:10025 pid :10264 / op:PendingIntent{e522843: PendingIntentRecord{9212591 com.google.android.gms broadcastIntent}}
09-02 13:07:12.880 10264 10608 I FontLog : Pulling font file for id = 927, cache size = 6 [CONTEXT service_id=132 ]
09-02 13:07:12.881  3979  6264 I SamsungAlarmManager: setLocked to kernel - T:3 / 20230902T130800, SetElapsed=98061432, nowELAPSED=98014313
09-02 13:07:12.886 10264 10608 I FontLog : Received query name=Noto Color Emoji Compat&weight=400&besteffort=false, URI content://com.google.android.gms.fonts [CONTEXT service_id=132 ]
09-02 13:07:12.887 10264 10608 I FontLog : Query [name=Noto Color Emoji Compat&weight=400&besteffort=false] resolved to {Noto Color Emoji Compat, wdth 100.0, wght 400, ital 0.0, bestEffort false} [CONTEXT service_id=132 ]
09-02 13:07:12.888 10264 10608 I FontLog : Fetch {Noto Color Emoji Compat, wdth 100.0, wght 400, ital 0.0, bestEffort false} end status Status{statusCode=SUCCESS, resolution=null} [CONTEXT service_id=132 ]
09-02 13:07:12.892 10264 10608 I FontLog : Pulling font file for id = 928, cache size = 5 [CONTEXT service_id=132 ]
09-02 13:07:12.896 31627 31627 W ResourceType: Failure getting entry for 0x7f01032b (t=0 e=811) (error -75)
09-02 13:07:12.897 10264 10608 I FontLog : Received query name=Google Sans&weight=400&besteffort=false, URI content://com.google.android.gms.fonts [CONTEXT service_id=132 ]
09-02 13:07:12.897 10264 10608 I FontLog : Query [name=Google Sans&weight=400&besteffort=false] resolved to {Google Sans, wdth 100.0, wght 400, ital 0.0, bestEffort false} [CONTEXT service_id=132 ]
09-02 13:07:12.898 10264 10608 I FontLog : Font PFD returned from cache for {Google Sans, wdth 100.0, wght 400, ital 0.0, bestEffort false} [CONTEXT service_id=132 ]
09-02 13:07:12.898 10264 10608 I FontLog : Fetch {Google Sans, wdth 100.0, wght 400, ital 0.0, bestEffort false} end status Status{statusCode=SUCCESS, resolution=null} [CONTEXT service_id=132 ]
09-02 13:07:12.903 10264 10608 I FontLog : Pulling font file for id = 929, cache size = 6 [CONTEXT service_id=132 ]
09-02 13:07:12.908 10264 10608 I FontLog : Received query name=Google Sans&weight=500&besteffort=false, URI content://com.google.android.gms.fonts [CONTEXT service_id=132 ]
09-02 13:07:12.908 10264 10608 I FontLog : Query [name=Google Sans&weight=500&besteffort=false] resolved to {Google Sans, wdth 100.0, wght 500, ital 0.0, bestEffort false} [CONTEXT service_id=132 ]
09-02 13:07:12.909 10264 10608 I FontLog : Font PFD returned from cache for {Google Sans, wdth 100.0, wght 500, ital 0.0, bestEffort false} [CONTEXT service_id=132 ]
09-02 13:07:12.909 10264 10608 I FontLog : Fetch {Google Sans, wdth 100.0, wght 500, ital 0.0, bestEffort false} end status Status{statusCode=SUCCESS, resolution=null} [CONTEXT service_id=132 ]
09-02 13:07:12.912 31627 31627 W ResourceType: Failure getting entry for 0x7f0107ae (t=0 e=1966) (error -75)
09-02 13:07:12.913 10264 10608 I FontLog : Pulling font file for id = 930, cache size = 7 [CONTEXT service_id=132 ]
09-02 13:07:12.913 31627 31627 W ResourceType: Failure getting entry for 0x7f010206 (t=0 e=518) (error -75)
09-02 13:07:12.930  3979  6264 D SamsungAlarmManager: setInexact Intent (T:3/F:0/AC:false) 20230902T131236 - CU:10025/CP:10264
09-02 13:07:12.933 10264 22968 I NetworkScheduler.Stats: Task com.google.android.gms/com.google.android.gms.languageprofile.GcmTaskService started execution. cause:7 exec_start_elapsed_seconds: 98014 [CONTEXT service_id=218 ]
09-02 13:07:12.935 31627 31627 I cr_OfflineIndicator: onConnectionTypeChanged 2
09-02 13:07:12.935 31627 31627 I cr_OfflineIndicator: Reported by system: [ Transports: WIFI Capabilities: WIFI_P2P&NOT_RESTRICTED&TRUSTED&NOT_VPN LinkUpBandwidth>=1048576Kbps LinkDnBandwidth>=1048576Kbps]
09-02 13:07:12.935 31627 31627 I cr_OfflineIndicator: Reported by system: [ Transports: WIFI Capabilities: NOT_METERED&INTERNET&NOT_RESTRICTED&TRUSTED&NOT_VPN&VALIDATED&FOREGROUND LinkUpBandwidth>=1048576Kbps LinkDnBandwidth>=1048576Kbps SignalStrength: -53]
09-02 13:07:12.935 31627 31627 I cr_OfflineIndicator: setConnectionState connectionState=4
09-02 13:07:12.936 31627 31627 I cr_OfflineDetector: Running updateState mConnectivityDetectorInitialized: true, mTimeWhenLastForegrounded: 98014366, getElapsedTime: 98014368, mTimeWhenLastOfflineNotificationReceived: 0, mTimeWhenLastOnline: 98014368, mApplicationState: 1, mIsOfflineLastReportedByConnectivityDetector: false, mIsEffectivelyOffline: false
09-02 13:07:12.936 31627 31627 I cr_OfflineDetector: updateState(): timeSinceLastForeground: 2, timeSinceOfflineNotificationReceived: 98014368, timeSinceLastOnline: 0, timeNeededForForeground: 1998, timeNeededForOffline: -98012368
09-02 13:07:12.936 31627 31627 I cr_OfflineIndicator: processConnectivityCheckResult mConnectionState=4 mConnectivityCheckingStage=1
09-02 13:07:12.945  3979  6264 W AppOps  : Bad call: specified package com.google.android.gms under uid 10096 but it is really 10025
09-02 13:07:12.945  3979  6264 W AppOps  : java.lang.RuntimeException: here
09-02 13:07:12.945  3979  6264 W AppOps  : 	at com.android.server.AppOpsService.getOpsRawLocked(AppOpsService.java:1402)
09-02 13:07:12.945  3979  6264 W AppOps  : 	at com.android.server.AppOpsService.checkPackage(AppOpsService.java:1106)
09-02 13:07:12.945  3979  6264 W AppOps  : 	at com.android.internal.app.IAppOpsService$Stub.onTransact(IAppOpsService.java:169)
09-02 13:07:12.945  3979  6264 W AppOps  : 	at android.os.Binder.execTransact(Binder.java:682)
09-02 13:07:12.949  3979  6264 I chatty  : uid=1000(system) Binder:3979_18 identical 3 lines
09-02 13:07:12.949  3979  6264 W AppOps  : Bad call: specified package com.google.android.gms under uid 10096 but it is really 10025
09-02 13:07:12.949  3979  6264 W AppOps  : java.lang.RuntimeException: here
09-02 13:07:12.949  3979  6264 W AppOps  : 	at com.android.server.AppOpsService.getOpsRawLocked(AppOpsService.java:1402)
09-02 13:07:12.949  3979  6264 W AppOps  : 	at com.android.server.AppOpsService.checkPackage(AppOpsService.java:1106)
09-02 13:07:12.949  3979  6264 W AppOps  : 	at com.android.internal.app.IAppOpsService$Stub.onTransact(IAppOpsService.java:169)
09-02 13:07:12.949  3979  6264 W AppOps  : 	at android.os.Binder.execTransact(Binder.java:682)
09-02 13:07:12.975  3979  6264 W StorageManager: getStorageLowBytes lowPercent : 5, lowBytes : 1260145254, maxLowBytes : 524288000
09-02 13:07:12.978  3979  6264 W StorageManager: getStorageLowBytes lowPercent : 5, lowBytes : 1260145254, maxLowBytes : 524288000
09-02 13:07:12.981 31627 31627 V InputMethodManager: Starting input: tba=android.view.inputmethod.EditorInfo@7437e7a nm : com.android.chrome ic=null
09-02 13:07:12.981 31627 31627 I InputMethodManager: startInputInner - mService.startInputOrWindowGainedFocus
09-02 13:07:12.982  3979  9236 D InputMethodManagerService: startInputOrWindowGainedFocus : startInput 
09-02 13:07:12.982  3979  9236 D InputMethodManagerService: setCurrentInputInfo - inputContext : null eidtorInfo : android.view.inputmethod.EditorInfo@9164784 missingMethods : 0
09-02 13:07:12.982  4336  4336 I InputMethodWrapper:  call dispatchStartInputWithToken
09-02 13:07:12.983  4336  4336 I InputMethodService: dispatchStartInputWithToken
09-02 13:07:12.983  4336  4336 I SKBD    : SamsungKeypad [IMI] onStartInput - caller pid : 31627, caller uid : 10096
09-02 13:07:12.983  4336  4336 I SKBD    : SamsungKeypad  CACHEDIC onStartInput  isCachedICEnabled:  false
09-02 13:07:12.983  4336  4336 I SKBD    : atl getDefaultInputRange : UNKNOWN
09-02 13:07:12.983  4336  4336 I SKBD    : awo resetBinderManager()
09-02 13:07:12.983  4336  4336 I SKBD_SYNC: SamsungKeypad onStartInput: import DLM
09-02 13:07:12.983  4336  4336 I SKBD    : atl setPrivateImeOptionsToTable privateImeOptions ( null )
09-02 13:07:12.983  4336  4336 I SKBD    : atl imeOptions is null
09-02 13:07:12.983  4336  4336 I SKBD    : SamsungKeypad [PF_OP][onStartInput] 642077
09-02 13:07:12.991 10264 22969 I NetworkScheduler.Stats: Task com.google.android.gms/com.google.android.gms.languageprofile.GcmTaskService finished executing. cause:7 result: 1 elapsed_millis: 77 uptime_millis: 78 exec_start_elapsed_seconds: 98014 [CONTEXT service_id=218 ]
09-02 13:07:12.996 31661 31718 I tflite  : Initialized TensorFlow Lite runtime.
09-02 13:07:13.002  3979  6264 D ConnectivityService: filterNetworkStateForUid() uid: 10025 networkInfo: [type: WIFI[] - WIFI, state: CONNECTED/CONNECTED, reason: (unspecified), extra: "WiFi 69", failover: false, available: true, roaming: false, metered: false]
09-02 13:07:13.004  3979  6264 D ConnectivityService: filterNetworkStateForUid() uid: 10025 networkInfo: [type: WIFI[] - WIFI, state: CONNECTED/CONNECTED, reason: (unspecified), extra: "WiFi 69", failover: false, available: true, roaming: false, metered: false]
09-02 13:07:13.007  3979  6264 D SamsungAlarmManager: Cancel Alarm calling from uid:10025 pid :10264 / op:PendingIntent{c5edb6d: PendingIntentRecord{9212591 com.google.android.gms broadcastIntent}}
09-02 13:07:13.012  3979  6264 D SamsungAlarmManager: setInexact Intent (T:3/F:0/AC:false) 20230902T131236 - CU:10025/CP:10264
09-02 13:07:13.013  3979  6264 D ConnectivityService: filterNetworkStateForUid() uid: 10096 networkInfo: [type: WIFI[] - WIFI, state: CONNECTED/CONNECTED, reason: (unspecified), extra: "WiFi 69", failover: false, available: true, roaming: false, metered: false]
09-02 13:07:13.020 31627 31766 D ConnectivityManager: requestNetwork; CallingUid : 10096, CallingPid : 31627
09-02 13:07:13.021  3979  6264 D ConnectivityService: listenForNetwork for uid/pid:10096/31627 NetworkRequest [ LISTEN id=716, [ Capabilities: INTERNET&NOT_RESTRICTED&TRUSTED&FOREGROUND] ]
09-02 13:07:13.021  3979  4180 D ConnectivityService: rematching NetworkAgentInfo [WIFI () - 502]
09-02 13:07:13.022  3979  4180 D ConnectivityService:  network has: [ Transports: WIFI Capabilities: NOT_METERED&INTERNET&NOT_RESTRICTED&TRUSTED&NOT_VPN&VALIDATED&FOREGROUND LinkUpBandwidth>=1048576Kbps LinkDnBandwidth>=1048576Kbps SignalStrength: -53]
09-02 13:07:13.022  3979  4180 D ConnectivityService: Network NetworkAgentInfo [WIFI () - 502] was already satisfying request 3. No change.
09-02 13:07:13.022  3979  6264 D ConnectivityService: filterNetworkStateForUid() uid: 10096 networkInfo: [type: WIFI[] - WIFI, state: CONNECTED/CONNECTED, reason: (unspecified), extra: "WiFi 69", failover: false, available: true, roaming: false, metered: false]
09-02 13:07:13.022  3979  4180 D ConnectivityService: Network NetworkAgentInfo [WIFI () - 502] was already satisfying request 1. No change.
09-02 13:07:13.022  3979  4180 D ConnectivityService: Network NetworkAgentInfo [WIFI () - 502] was already satisfying request 443. No change.
09-02 13:07:13.022  3979  4180 D ConnectivityService: Network NetworkAgentInfo [WIFI () - 502] was already satisfying request 140. No change.
09-02 13:07:13.022  3979  4180 D ConnectivityService: sending notification AVAILABLE for NetworkRequest [ LISTEN id=716, [ Capabilities: INTERNET&NOT_RESTRICTED&TRUSTED&FOREGROUND] ]
09-02 13:07:13.022  3979  4180 D ConnectivityService: sending notification CAP_CHANGED for NetworkRequest [ LISTEN id=716, [ Capabilities: INTERNET&NOT_RESTRICTED&TRUSTED&FOREGROUND] ]
09-02 13:07:13.022  3979  4180 D ConnectivityService: sending notification IP_CHANGED for NetworkRequest [ LISTEN id=716, [ Capabilities: INTERNET&NOT_RESTRICTED&TRUSTED&FOREGROUND] ]
09-02 13:07:13.025  3979  6264 D ConnectivityService: filterNetworkStateForUid() uid: 10096 networkInfo: [type: WIFI[] - WIFI, state: CONNECTED/CONNECTED, reason: (unspecified), extra: "WiFi 69", failover: false, available: true, roaming: false, metered: false]
09-02 13:07:13.026  3979  6264 D ConnectivityService: filterNetworkStateForUid() uid: 10096 networkInfo: [type: WIFI[] - WIFI, state: CONNECTED/CONNECTED, reason: (unspecified), extra: "WiFi 69", failover: false, available: true, roaming: false, metered: false]
09-02 13:07:13.034  3979  3979 D CustomFrequencyManagerService: releaseDVFSLockLocked : Getting Lock type frm List : DVFS_MIN_LIMIT  frequency : 1560000  uid : 1000  pid : 3979  tag : AMS_RESUME_TAIL@CPU_MIN@14
09-02 13:07:13.037  3979  6264 D ConnectivityService: filterNetworkStateForUid() uid: 10096 networkInfo: [type: WIFI[] - WIFI, state: CONNECTED/CONNECTED, reason: (unspecified), extra: "WiFi 69", failover: false, available: true, roaming: false, metered: false]
09-02 13:07:13.040  3979  6264 I chatty  : uid=1000(system) Binder:3979_18 identical 1 line
09-02 13:07:13.049  3979  6264 D ConnectivityService: filterNetworkStateForUid() uid: 10096 networkInfo: [type: WIFI[] - WIFI, state: CONNECTED/CONNECTED, reason: (unspecified), extra: "WiFi 69", failover: false, available: true, roaming: false, metered: false]
09-02 13:07:13.057 31627 31627 W ResourceType: Failure getting entry for 0x7f0100fa (t=0 e=250) (error -75)
09-02 13:07:13.059 31627 31627 W ResourceType: Failure getting entry for 0x7f010854 (t=0 e=2132) (error -75)
09-02 13:07:13.089 31627 31627 W ResourceType: Failure getting entry for 0x7f010220 (t=0 e=544) (error -75)
09-02 13:07:13.091 31627 31627 W ResourceType: Failure getting entry for 0x7f0107f5 (t=0 e=2037) (error -75)
09-02 13:07:13.111 31627 31627 W ResourceType: Failure getting entry for 0x7f010853 (t=0 e=2131) (error -75)
09-02 13:07:13.133 31627 31703 D NetworkSecurityConfig: Using Network Security Config from resource 0_resource_name_obfuscated debugBuild: false
09-02 13:07:13.135 31627 31627 I Choreographer: Skipped 45 frames!  The application may be doing too much work on its main thread.
09-02 13:07:13.144  3979  6264 V WindowManager: Relayout Window{8e0432a u0 com.android.chrome/com.google.android.apps.chrome.Main}: viewVisibility=0 req=720x1280 WM.LayoutParams{(0,0)(fillxfill) sim=#13 ty=1 fl=#81810100 pfl=0x20000 fmt=-3 wanim=0x10302fd vsysui=0x2600 sysuil=true needsMenuKey=2 colorMode=0 naviIconColor=0}
09-02 13:07:13.151 31627 31627 D ViewRootImpl@73ec0d3[Main]: Relayout returned: old=[0,0][720,1280] new=[0,0][720,1280] result=0x1 surface={valid=true 3328296960} changed=false
09-02 13:07:13.157  3462  3462 I SurfaceFlinger: Display 0 HWC layers:
09-02 13:07:13.157  3462  3462 I SurfaceFlinger:     type    |    handle    | flag |  format   |   source crop (l,t,r,b)    |         frame       | name 
09-02 13:07:13.157  3462  3462 I SurfaceFlinger: ------------+--------------+------+-----------+----------------------------+---------------------+------
09-02 13:07:13.157  3462  3462 I SurfaceFlinger:      Device | 0x7abe6ad4c0 | 0002 | RGBA_8888 |   0.0    0.0  720.0 1238.0 |    0   42  720 1280 | SurfaceView - com.android.chrome/com[...]android.apps.chrome.Main@8d9d47e@0#0
09-02 13:07:13.157  3462  3462 I SurfaceFlinger:      Device | 0x7abe68b880 | 0000 | RGBA_8888 |   0.0    0.0  720.0 1280.0 |    0    0  720 1280 | com.android.chrome/com.google.android.apps.chrome.Main#0
09-02 13:07:13.157  3462  3462 I SurfaceFlinger:      Device | 0x7ac4c24480 | 0000 | RGBA_8888 |   0.0    0.0  720.0   42.0 |    0    0  720   42 | StatusBar#0
09-02 13:07:13.157  3462  3462 I SurfaceFlinger: 
09-02 13:07:13.165  3979  5976 D ConnectivityService: filterNetworkStateForUid() uid: 10096 networkInfo: [type: WIFI[] - WIFI, state: CONNECTED/CONNECTED, reason: (unspecified), extra: "WiFi 69", failover: false, available: true, roaming: false, metered: false]
09-02 13:07:13.167  3979  6264 D ConnectivityService: filterNetworkStateForUid() uid: 10096 networkInfo: [type: WIFI[] - WIFI, state: CONNECTED/CONNECTED, reason: (unspecified), extra: "WiFi 69", failover: false, available: true, roaming: false, metered: false]
09-02 13:07:13.170  3979  3990 D ConnectivityService: filterNetworkStateForUid() uid: 10096 networkInfo: [type: WIFI[] - WIFI, state: CONNECTED/CONNECTED, reason: (unspecified), extra: "WiFi 69", failover: false, available: true, roaming: false, metered: false]
09-02 13:07:13.171  3979  3990 D ConnectivityService: filterNetworkStateForUid() uid: 10096 networkInfo: [type: WIFI[] - WIFI, state: CONNECTED/CONNECTED, reason: (unspecified), extra: "WiFi 69", failover: false, available: true, roaming: false, metered: false]
09-02 13:07:13.175  3979  5976 D ConnectivityService: filterNetworkStateForUid() uid: 10096 networkInfo: [type: WIFI[] - WIFI, state: CONNECTED/CONNECTED, reason: (unspecified), extra: "WiFi 69", failover: false, available: true, roaming: false, metered: false]
09-02 13:07:13.176  3979  3990 D ConnectivityService: filterNetworkStateForUid() uid: 10096 networkInfo: [type: WIFI[] - WIFI, state: CONNECTED/CONNECTED, reason: (unspecified), extra: "WiFi 69", failover: false, available: true, roaming: false, metered: false]
09-02 13:07:13.180 31627 31627 I cr_tabmodel: #isIncognitoTabBeingRestored from tabState:  false
09-02 13:07:13.432 31627 31627 I chatty  : uid=10096(u0_a96) identical 124 lines
09-02 13:07:13.432 31627 31627 I cr_tabmodel: #isIncognitoTabBeingRestored from tabState:  false
09-02 13:07:13.448 31627 31627 I cr_tabmodel: Loaded tab lists; counts: 64,0
09-02 13:07:13.488  3979  4111 D MdnieScenarioControlService:  packageName : com.android.chrome    className : com.google.android.apps.chrome.Main
09-02 13:07:13.877  3979  3979 D PreBindingService: handleMessage : 1
09-02 13:07:14.082 22051 22051 D BoundBrokerSvc: onBind: Intent { act=com.google.android.gms.feedback.internal.IFeedbackService dat=chimera-action: cmp=com.google.android.gms/.chimera.GmsBoundBrokerService }
09-02 13:07:14.082 22051 22051 D BoundBrokerSvc: Loading bound service for intent: Intent { act=com.google.android.gms.feedback.internal.IFeedbackService dat=chimera-action: cmp=com.google.android.gms/.chimera.GmsBoundBrokerService }
09-02 13:07:14.123 22051 22197 I Icing   : IndexChimeraService.getServiceInterface callingPackage=com.google.android.gms componentName=null serviceId=30
09-02 13:07:14.127 22051 22051 D BoundBrokerSvc: onBind: Intent { act=com.google.android.gms.common.BIND_SHARED_PREFS pkg=com.google.android.gms }
09-02 13:07:14.127 22051 22051 D BoundBrokerSvc: Loading bound service for intent: Intent { act=com.google.android.gms.common.BIND_SHARED_PREFS pkg=com.google.android.gms }
09-02 13:07:14.132 22051 22051 D BoundBrokerSvc: onUnbind: Intent { act=com.google.android.gms.common.BIND_SHARED_PREFS pkg=com.google.android.gms }
09-02 13:07:14.137 22051  6080 I GmsCoreXrpcWrapper: (REDACTED) Returning a channel provider with trafficStatsTag=%d trafficStatsUid=%d
09-02 13:07:14.237 22051  6080 I Icing   : Usage reports ok 4, Failed Usage reports 0, indexed 2, rejected 0
09-02 13:07:14.661 31627 31627 E cr_BTSPrefs: No data found for task id: 53
09-02 13:07:14.663 31627 31627 E cr_BkgrdTaskScheduler: Task cannot be canceled because no data was found instorage or data was invalid
09-02 13:07:14.805 31627 31627 I cr_tabmodel: Appending tabs being restored to metadata lists, 0, startingNormalCount: 64, startingIncognitoCount: 0
09-02 13:07:14.805 31627 31627 I cr_tabmodel: Serializing tab lists; counts: 64, 0
09-02 13:07:14.835  3979  3994 D SemExecuteManagerService: onShortcutChanged: com.android.chrome0
09-02 13:07:14.835 31627 31627 I cr_StartSurface: Recorded Startup.Android.StartSurfaceShownAtStartup = false
09-02 13:07:14.835  5213  6155 D LauncherApps: onShortcutChanged 0,com.android.chrome
09-02 13:07:14.836  5213  5213 D DeepShortcutManager: bindDeepShortcutMap: {com.android.launcher3.util.ComponentKey@1e9a2cfa=[DynamicFullRecent], com.android.launcher3.util.ComponentKey@92548096=[Search, Messages, Share, Notifications], com.android.launcher3.util.ComponentKey@9df2b1d6=[scanQrCode, newTab, newPrivateTab, search], com.android.launcher3.util.ComponentKey@489bf67c=[text_shortcut, voice_shortcut], com.android.launcher3.util.ComponentKey@86e56e2c=[open_new_tab, password_manager, open_new_private_tab], com.android.launcher3.util.ComponentKey@d85d54d0=[search_event_task, create_task, create_event], com.android.launcher3.util.ComponentKey@f5d080bf=[phoneadd, search, missedcall], com.android.launcher3.util.ComponentKey@515cb72c=[VIEW_MY_DOWNLOADS], com.android.launcher3.util.ComponentKey@683678e7=[create_message], com.android.launcher3.util.ComponentKey@64033792=[explore-shortcut, search-shortcut, shorts-shortcut, subscriptions-shortcut], com.android.launcher3.util.ComponentKey@3a8c61b=[compose], com.android.launcher3.util.ComponentKey@429b698e=[selfie, auto], com.android.launcher3.util.ComponentKey@91a61c5e=[contactadd, myprofile, contactgroup], com.android.launcher3.util.ComponentKey@3e17fc4f=[updates], com.android.launcher3.util.ComponentKey@967f6ac6=[search_shortcut], com.android.launcher3.util.ComponentKey@afe2ea5f=[manifest_home, manifest_work], com.android.launcher3.util.ComponentKey@7bfa09e7=[manifest_compose_shortcut, andrei.bogdan.marcel97@gmail.com], com.android.launcher3.util.ComponentKey@947c4a03=[new-tab-shortcut, dynamic-new-incognito-tab-shortcut]}
09-02 13:07:14.853  3979 10224 W StorageManager: getStorageLowBytes lowPercent : 5, lowBytes : 1260145254, maxLowBytes : 524288000
09-02 13:07:14.853 31627 31660 I cr_BindingManager: Visible binding enabled: maxSize=40
09-02 13:07:15.039  4962  4962 D io_stats: !@ 179,0 r 607228 18388512 w 396766 8493284 d 41977 19381592 f 108464 110883 iot 496012 417063 th 51200 0 0 pt 0 inp 0 0 43368.280
09-02 13:07:15.695  3449  3449 I android.hardware.wifi@1.0-service: getLinkLayerStats
09-02 13:07:16.391  3979  4327 D skia    : Encode PNG Singlethread processname=system_server :      20363 us, width=84, height=84
09-02 13:07:16.492  3979  6899 D SSRM:G  : SIOP:: AP = 310, PST = 298 (W:16), BAT = 273, USB = 0, CHG = 0
09-02 13:07:16.545  4349  4349 D KeyguardUpdateMonitor: handleStatusBarState( false )
09-02 13:07:16.909 14031 14031 E adbd    : recv: OPEN 0001e696 00000000 0076:73 68 65 6C 6C 2C 76 32 2C 54 45 52 4D 3D 78 74 65 72 6D 2D 32 35 36 63 6F 6C 6F 72 2C 72 61 77 3A 64 75 6D 70 73 79 73 20 61 63 74 69 76 69 74 79 20 72 65 63 65 6E 74 73 20 7C 20 67 72 65 70 20 22 52 65 63 65 6E 74 20 23 30 22 20 7C 20 63 75 74 20 2D 64 20 22 3D 22 20 2D 66 32 20 7C 20 67 72 65 70 20 2D 6F 20 2D 70 20 22 5B 61 2D 7A 7C 2E 5D 2A 22 00 
09-02 13:07:16.910 14031 14031 E adbd    : service_to_fd: shell,v2,TERM=xterm-256color,raw:dumpsys activity recents | grep "Recent #0" | cut -d "=" -f2 | grep -o -p "[a-z|.]*"
09-02 13:07:17.049 14031 14031 E adbd    : recv: OPEN 0001e699 00000000 0042:73 68 65 6C 6C 2C 76 32 2C 54 45 52 4D 3D 78 74 65 72 6D 2D 32 35 36 63 6F 6C 6F 72 2C 72 61 77 3A 67 65 74 70 72 6F 70 20 72 6F 2E 62 75 69 6C 64 2E 76 65 72 73 69 6F 6E 2E 72 65 6C 65 61 73 65 00 
09-02 13:07:17.049 14031 14031 E adbd    : service_to_fd: shell,v2,TERM=xterm-256color,raw:getprop ro.build.version.release
09-02 13:07:17.141 14031 14031 E adbd    : recv: OPEN 0001e69c 00000000 003e:73 68 65 6C 6C 2C 76 32 2C 54 45 52 4D 3D 78 74 65 72 6D 2D 32 35 36 63 6F 6C 6F 72 2C 72 61 77 3A 67 65 74 70 72 6F 70 20 72 6F 2E 62 75 69 6C 64 2E 76 65 72 73 69 6F 6E 2E 73 64 6B 00 
09-02 13:07:17.141 14031 14031 E adbd    : service_to_fd: shell,v2,TERM=xterm-256color,raw:getprop ro.build.version.sdk
09-02 13:07:17.238 14031 14031 E adbd    : recv: OPEN 0001e69f 00000000 0034:73 68 65 6C 6C 2C 76 32 2C 54 45 52 4D 3D 78 74 65 72 6D 2D 32 35 36 63 6F 6C 6F 72 2C 72 61 77 3A 69 6E 70 75 74 20 74 61 70 20 35 35 30 20 31 35 30 30 00 
09-02 13:07:17.238 14031 14031 E adbd    : service_to_fd: shell,v2,TERM=xterm-256color,raw:input tap 550 1500
09-02 13:07:17.695 31782 31782 W ADebug  : Failed to get property persist.sys.media.traces
09-02 13:07:17.698 31782 31782 E appproc : Enhanced Zygote ASLR: ro.knox.enhance.zygote.aslr != 1. Enhanced Zygote ASLR is DISABLED!
09-02 13:07:17.698 31782 31782 D AndroidRuntime: >>>>>> START com.android.internal.os.RuntimeInit uid 2000 <<<<<<
09-02 13:07:17.701 31782 31782 D SecNativeFeatureCppIf: encoded
09-02 13:07:17.701 31782 31782 D SecNativeFeatureCppIf: decoding and unzip finish
09-02 13:07:17.701 31782 31782 D SecNativeFeatureCppIf: use unCompDataBuff. encoded
09-02 13:07:17.702 31782 31782 D SecNativeFeatureCppIf: Free unCompDataBuff
09-02 13:07:17.702 31782 31782 D SecNativeFeatureCppIf: encoded
09-02 13:07:17.702 31782 31782 D SecNativeFeatureCppIf: decoding and unzip finish
09-02 13:07:17.702 31782 31782 D SecNativeFeatureCppIf: use unCompDataBuff. encoded
09-02 13:07:17.702 31782 31782 D SecNativeFeatureCppIf: Free unCompDataBuff
09-02 13:07:17.702 31782 31782 D SecNativeFeatureCppIf: encoded
09-02 13:07:17.702 31782 31782 D SecNativeFeatureCppIf: decoding and unzip finish
09-02 13:07:17.702 31782 31782 D SecNativeFeatureCppIf: use unCompDataBuff. encoded
09-02 13:07:17.702 31782 31782 D SecNativeFeatureCppIf: Free unCompDataBuff
09-02 13:07:17.702 31782 31782 D SecNativeFeatureCppIf: encoded
09-02 13:07:17.702 31782 31782 D SecNativeFeatureCppIf: decoding and unzip finish
09-02 13:07:17.702 31782 31782 D SecNativeFeatureCppIf: use unCompDataBuff. encoded
09-02 13:07:17.702 31782 31782 D SecNativeFeatureCppIf: Free unCompDataBuff
09-02 13:07:17.803 31782 31782 D ICU     : Timezone override file found: /data/misc/zoneinfo/current/icu/icu_tzdata.dat
09-02 13:07:17.818 31782 31782 I app_process: find the special shared library, skip check
09-02 13:07:17.846 31782 31782 D SemCscFeature: Encoded
09-02 13:07:17.849 31782 31782 I chatty  : uid=2000(shell) identical 2 lines
09-02 13:07:17.850 31782 31782 D SemCscFeature: Encoded
09-02 13:07:17.852 31782 31782 E SemAffinityControl: SemAffinityControl: registerfunction enter
09-02 13:07:17.858 31782 31782 D AndroidRuntime: Calling main entry com.android.commands.input.Input
09-02 13:07:17.862 31782 31782 I Input   : injectMotionEvent: MotionEvent { action=ACTION_DOWN, actionButton=0, id[0]=0, x[0]=550.0, y[0]=1500.0, toolType[0]=TOOL_TYPE_UNKNOWN, buttonState=0, metaState=0, flags=0x0, edgeFlags=0x0, pointerCount=1, historySize=0, eventTime=43371104, downTime=43371104, deviceId=3, source=0x1002 }
09-02 13:07:17.862  3979 10224 D InputDispatcher: Inject motion (31782): action=0x0, eventTime=43371104000000, displayId=0
09-02 13:07:17.862  3979  4081 I InputDispatcher: Dropping event because there is no touchable window at (550, 1500).
09-02 13:07:17.863  3979 10224 W InputManager: Input event injection from pid 31782 failed.
09-02 13:07:17.863 31782 31782 I Input   : injectMotionEvent: MotionEvent { action=ACTION_UP, actionButton=0, id[0]=0, x[0]=550.0, y[0]=1500.0, toolType[0]=TOOL_TYPE_UNKNOWN, buttonState=0, metaState=0, flags=0x0, edgeFlags=0x0, pointerCount=1, historySize=0, eventTime=43371104, downTime=43371104, deviceId=3, source=0x1002 }
09-02 13:07:17.863  3979 10224 D InputDispatcher: Inject motion (31782): action=0x1, eventTime=43371104000000, displayId=0
09-02 13:07:17.864  3979 10224 W InputManager: Input event injection from pid 31782 failed.
09-02 13:07:17.864 31782 31782 D AndroidRuntime: Shutting down VM
09-02 13:07:17.952 14031 14031 E adbd    : recv: OPEN 0001e6a2 00000000 0042:73 68 65 6C 6C 2C 76 32 2C 54 45 52 4D 3D 78 74 65 72 6D 2D 32 35 36 63 6F 6C 6F 72 2C 72 61 77 3A 67 65 74 70 72 6F 70 20 72 6F 2E 62 75 69 6C 64 2E 76 65 72 73 69 6F 6E 2E 72 65 6C 65 61 73 65 00 
09-02 13:07:17.952 14031 14031 E adbd    : service_to_fd: shell,v2,TERM=xterm-256color,raw:getprop ro.build.version.release
09-02 13:07:18.027 14031 14031 E adbd    : recv: OPEN 0001e6a5 00000000 003e:73 68 65 6C 6C 2C 76 32 2C 54 45 52 4D 3D 78 74 65 72 6D 2D 32 35 36 63 6F 6C 6F 72 2C 72 61 77 3A 67 65 74 70 72 6F 70 20 72 6F 2E 62 75 69 6C 64 2E 76 65 72 73 69 6F 6E 2E 73 64 6B 00 
09-02 13:07:18.027 14031 14031 E adbd    : service_to_fd: shell,v2,TERM=xterm-256color,raw:getprop ro.build.version.sdk
09-02 13:07:18.042 31627 31702 I cr_omaha: Attempting to schedule next job for: Sat Sep 02 13:14:49 GMT+02:00 2023
09-02 13:07:18.049 31627 31627 I cr_omaha: Scheduled using JobService
09-02 13:07:18.060 31627 31627 E cr_BkgrdTaskJS: Tried finishing non-current BackgroundTask.
09-02 13:07:18.100 14031 14031 E adbd    : recv: OPEN 0001e6a8 00000000 0102:73 68 65 6C 6C 2C 76 32 2C 54 45 52 4D 3D 78 74 65 72 6D 2D 32 35 36 63 6F 6C 6F 72 2C 72 61 77 3A 61 6D 20 73 74 61 72 74 2D 66 6F 72 65 67 72 6F 75 6E 64 2D 73 65 72 76 69 63 65 20 2D 6E 20 22 63 6F 6D 2E 65 78 61 6D 70 6C 65 2E 62 61 74 74 65 72 79 6D 61 6E 61 67 65 72 5F 75 74 69 6C 69 74 79 2F 63 6F 6D 2E 65 78 61 6D 70 6C 65 2E 62 61 74 74 65 72 79 6D 61 6E 61 67 65 72 5F 75 74 69 6C 69 74 79 2E 44 61 74 61 43 6F 6C 6C 65 63 74 69 6F 6E 53 65 72 76 69 63 65 22 20 2D 2D 65 69 20 73 61 6D 70 6C 65 52 61 74 65 20 31 30 30 20 2D 2D 65 73 20 22 64 61 74 61 46 69 65 6C 64 73 22 20 22 42 41 54 54 45 52 59 5F 50 52 4F 50 45 52 54 59 5F 43 55 52 52 45 4E 54 5F 4E 4F 57 2C 45 58 54 52 41 5F 56 4F 4C 54 41 47 45 22 20 2D 2D 65 7A 20 74 6F 43 53 56 20 66 61 6C 73 65 00 
09-02 13:07:18.101 14031 14031 E adbd    : service_to_fd: shell,v2,TERM=xterm-256color,raw:am start-foreground-service -n "com.example.batterymanager_utility/com.example.batterymanager_utility.DataCollectionService" --ei sampleRate 100 --es "dataFields" "BATTERY_PROPERTY_CURRENT_NOW,EXTRA_VOLTAGE" --ez toCSV false
09-02 13:07:18.197 31586 31586 I BatteryMgr:DataCollectionService: onStartCommand: begin
09-02 13:07:18.198 31586 31586 I BatteryMgr:DataCollectionService: onStartCommand: sampleRate => 100
09-02 13:07:18.199 31586 31586 I BatteryMgr:DataCollectionService: onStartCommand: rawFields => Timestamp,BATTERY_PROPERTY_CURRENT_NOW,EXTRA_VOLTAGE
09-02 13:07:18.201 31586 31586 I BatteryMgr:DataCollectionService: onStartCommand: notification done
09-02 13:07:18.206 31586 31586 D Notification: allPendingIntents
09-02 13:07:18.207 31586 31586 I BatteryMgr:DataCollectionService: started foreground
09-02 13:07:18.209  3979  3995 D ApplicationPolicy: isStatusBarNotificationAllowedAsUser: packageName = android,userId = 0
09-02 13:07:18.210  3979  3995 D API test: getContainerInfo: value is 
09-02 13:07:18.210  3979  3995 D ApplicationPolicy: isStatusBarNotificationAllowedAsUser: packageName = android,userId = 0
09-02 13:07:18.210  3979  3995 D API test: getContainerInfo: value is 
09-02 13:07:18.211  3979  3995 D ApplicationPolicy: isStatusBarNotificationAllowedAsUser: packageName = com.example.batterymanager_utility,userId = 0
09-02 13:07:18.211  3979  3995 D API test: getContainerInfo: value is 
09-02 13:07:18.211  3979  3995 D ApplicationPolicy: isStatusBarNotificationAllowedAsUser: packageName = com.example.batterymanager_utility,userId = 0
09-02 13:07:18.211  3979  3995 D API test: getContainerInfo: value is 
09-02 13:07:18.213  3979  3979 D AudioService: getStreamVolume 5 index 110
09-02 13:07:18.216  3979  9236 D Notification: allPendingIntents
09-02 13:07:18.217  3979 10224 D Notification: allPendingIntents
09-02 13:07:18.217  4349  4349 D StatusBar: addNotification key=0|android|40|null|1000 fullscreen:false
09-02 13:07:18.219  3979  3979 I AccessibilityManagerService: semOnLightNotification(null), bIsFlashOn : false
09-02 13:07:18.219  3979  3979 D AccessibilityManagerService: Can't use light notification
09-02 13:07:18.220  3979  3979 D AudioService: getStreamVolume 5 index 110
09-02 13:07:18.222  3979 10224 D Notification: allPendingIntents
09-02 13:07:18.223  3979 10224 D Notification: allPendingIntents
09-02 13:07:18.227  4349  4349 D StatusBar: addNotification key=0|com.example.batterymanager_utility|1|null|10157 fullscreen:false
09-02 13:07:18.229 31586 31803 I BatteryMgr:DataCollectionService: collectData: begin
09-02 13:07:18.235 31586 31803 I BatteryMgr:DataCollectionService: stats => 1693652838235,-151,4260
09-02 13:07:18.243 14031 14031 E adbd    : recv: OPEN 0001e6ab 00000000 0042:73 68 65 6C 6C 2C 76 32 2C 54 45 52 4D 3D 78 74 65 72 6D 2D 32 35 36 63 6F 6C 6F 72 2C 72 61 77 3A 67 65 74 70 72 6F 70 20 72 6F 2E 62 75 69 6C 64 2E 76 65 72 73 69 6F 6E 2E 72 65 6C 65 61 73 65 00 
09-02 13:07:18.243 14031 14031 E adbd    : service_to_fd: shell,v2,TERM=xterm-256color,raw:getprop ro.build.version.release
09-02 13:07:18.322 14031 14031 E adbd    : recv: OPEN 0001e6ae 00000000 003e:73 68 65 6C 6C 2C 76 32 2C 54 45 52 4D 3D 78 74 65 72 6D 2D 32 35 36 63 6F 6C 6F 72 2C 72 61 77 3A 67 65 74 70 72 6F 70 20 72 6F 2E 62 75 69 6C 64 2E 76 65 72 73 69 6F 6E 2E 73 64 6B 00 
09-02 13:07:18.323 14031 14031 E adbd    : service_to_fd: shell,v2,TERM=xterm-256color,raw:getprop ro.build.version.sdk
09-02 13:07:18.342 31586 31803 I BatteryMgr:DataCollectionService: stats => 1693652838342,-151,4260
09-02 13:07:18.347  4349  4349 D KeyguardUpdateMonitor: handleStatusBarState( false )
09-02 13:07:18.393 14031 14031 E adbd    : recv: OPEN 0001e6b1 00000000 0029:73 68 65 6C 6C 2C 76 32 2C 54 45 52 4D 3D 78 74 65 72 6D 2D 32 35 36 63 6F 6C 6F 72 2C 72 61 77 3A 64 61 74 65 20 2D 75 00 
09-02 13:07:18.393 14031 14031 E adbd    : service_to_fd: shell,v2,TERM=xterm-256color,raw:date -u
09-02 13:07:18.448 31586 31803 I BatteryMgr:DataCollectionService: stats => 1693652838448,-151,4260
09-02 13:07:18.464 14031 14031 E adbd    : recv: OPEN 0001e6b4 00000000 003e:73 68 65 6C 6C 2C 76 32 2C 54 45 52 4D 3D 78 74 65 72 6D 2D 32 35 36 63 6F 6C 6F 72 2C 72 61 77 3A 64 75 6D 70 73 79 73 20 63 70 75 69 6E 66 6F 20 7C 20 67 72 65 70 20 54 4F 54 41 4C 00 
09-02 13:07:18.464 14031 14031 E adbd    : service_to_fd: shell,v2,TERM=xterm-256color,raw:dumpsys cpuinfo | grep TOTAL
09-02 13:07:18.553 14031 14031 E adbd    : recv: OPEN 0001e6b7 00000000 003d:73 68 65 6C 6C 2C 76 32 2C 54 45 52 4D 3D 78 74 65 72 6D 2D 32 35 36 63 6F 6C 6F 72 2C 72 61 77 3A 64 75 6D 70 73 79 73 20 6D 65 6D 69 6E 66 6F 20 7C 20 67 72 65 70 20 55 73 65 64 00 
09-02 13:07:18.553 14031 14031 E adbd    : service_to_fd: shell,v2,TERM=xterm-256color,raw:dumpsys meminfo | grep Used
09-02 13:07:18.553 31586 31803 I BatteryMgr:DataCollectionService: stats => 1693652838553,-151,4260
09-02 13:07:18.659 31586 31803 I BatteryMgr:DataCollectionService: stats => 1693652838659,-151,4260
09-02 13:07:18.717  3449  3449 I android.hardware.wifi@1.0-service: getLinkLayerStats
09-02 13:07:18.765 31586 31803 I BatteryMgr:DataCollectionService: stats => 1693652838765,-151,4260
09-02 13:07:18.878 31586 31803 I BatteryMgr:DataCollectionService: stats => 1693652838877,-151,4260
09-02 13:07:18.989 31586 31803 I BatteryMgr:DataCollectionService: stats => 1693652838989,-151,4260
09-02 13:07:19.104 31586 31803 I BatteryMgr:DataCollectionService: stats => 1693652839104,-151,4260
09-02 13:07:19.218 31586 31803 I BatteryMgr:DataCollectionService: stats => 1693652839218,-151,4260
09-02 13:07:19.329 31586 31803 I BatteryMgr:DataCollectionService: stats => 1693652839329,-151,4260
09-02 13:07:19.436 31586 31803 I BatteryMgr:DataCollectionService: stats => 1693652839436,-151,4260
09-02 13:07:19.546 31586 31803 I BatteryMgr:DataCollectionService: stats => 1693652839546,-151,4260
09-02 13:07:19.657 31586 31803 I BatteryMgr:DataCollectionService: stats => 1693652839657,-151,4260
09-02 13:07:19.769 31586 31803 I BatteryMgr:DataCollectionService: stats => 1693652839769,-151,4260
09-02 13:07:19.845  3979  3990 D SamsungAlarmManager: Cancel Alarm calling from uid:10025 pid :22051 / op:PendingIntent{97ed2ae: PendingIntentRecord{4b5a251 com.google.android.gms startService}}
09-02 13:07:19.881 31586 31803 I BatteryMgr:DataCollectionService: stats => 1693652839880,-151,4260
09-02 13:07:19.990 31586 31803 I BatteryMgr:DataCollectionService: stats => 1693652839990,-151,4260
09-02 13:07:20.015  3979  4051 D SensorService: [SO] 0.120 -0.383 9.864
09-02 13:07:20.046  4962  4962 D io_stats: !@ 179,0 r 607228 18388512 w 396973 8496128 d 41986 19381896 f 108477 110896 iot 496084 417123 th 51200 0 0 pt 0 inp 0 0 43373.289
09-02 13:07:20.101 31586 31803 I BatteryMgr:DataCollectionService: stats => 1693652840101,-151,4260
09-02 13:07:20.213 31586 31803 I BatteryMgr:DataCollectionService: stats => 1693652840213,-151,4260
09-02 13:07:20.326 31586 31803 I BatteryMgr:DataCollectionService: stats => 1693652840326,-151,4260
09-02 13:07:20.437 31586 31803 I BatteryMgr:DataCollectionService: stats => 1693652840436,-151,4260
09-02 13:07:20.551 31586 31803 I BatteryMgr:DataCollectionService: stats => 1693652840551,-151,4260
09-02 13:07:20.663 31586 31803 I BatteryMgr:DataCollectionService: stats => 1693652840663,-151,4260
09-02 13:07:20.774 31586 31803 I BatteryMgr:DataCollectionService: stats => 1693652840774,-151,4260
09-02 13:07:20.885 31586 31803 I BatteryMgr:DataCollectionService: stats => 1693652840885,-151,4260
09-02 13:07:20.996 31586 31803 I BatteryMgr:DataCollectionService: stats => 1693652840996,-151,4260
09-02 13:07:21.106 31586 31803 I BatteryMgr:DataCollectionService: stats => 1693652841106,-151,4260
09-02 13:07:21.215 31586 31803 I BatteryMgr:DataCollectionService: stats => 1693652841215,-151,4260
09-02 13:07:21.331 31586 31803 I BatteryMgr:DataCollectionService: stats => 1693652841331,-151,4260
09-02 13:07:21.442 31586 31803 I BatteryMgr:DataCollectionService: stats => 1693652841442,-151,4260
09-02 13:07:21.553 31586 31803 I BatteryMgr:DataCollectionService: stats => 1693652841553,-151,4260
09-02 13:07:21.665 31586 31803 I BatteryMgr:DataCollectionService: stats => 1693652841664,-151,4260
09-02 13:07:21.739  3449  3449 I android.hardware.wifi@1.0-service: getLinkLayerStats
09-02 13:07:21.775 31586 31803 I BatteryMgr:DataCollectionService: stats => 1693652841775,-151,4260
09-02 13:07:21.884 31586 31803 I BatteryMgr:DataCollectionService: stats => 1693652841884,-151,4260
09-02 13:07:21.994 31586 31803 I BatteryMgr:DataCollectionService: stats => 1693652841994,-151,4260
09-02 13:07:22.046 14031 14031 E adbd    : recv: OPEN 0001e6ba 00000000 0029:73 68 65 6C 6C 2C 76 32 2C 54 45 52 4D 3D 78 74 65 72 6D 2D 32 35 36 63 6F 6C 6F 72 2C 72 61 77 3A 64 61 74 65 20 2D 75 00 
09-02 13:07:22.047 14031 14031 E adbd    : service_to_fd: shell,v2,TERM=xterm-256color,raw:date -u
09-02 13:07:22.062 14031 14031 E adbd    : recv: OPEN 0001e6bd 00000000 00bf:73 68 65 6C 6C 2C 76 32 2C 54 45 52 4D 3D 78 74 65 72 6D 2D 32 35 36 63 6F 6C 6F 72 2C 72 61 77 3A 61 6D 20 73 74 61 72 74 20 2D 61 20 61 6E 64 72 6F 69 64 2E 69 6E 74 65 6E 74 2E 61 63 74 69 6F 6E 2E 56 49 45 57 20 2D 6E 20 63 6F 6D 2E 61 6E 64 72 6F 69 64 2E 63 68 72 6F 6D 65 2F 63 6F 6D 2E 67 6F 6F 67 6C 65 2E 61 6E 64 72 6F 69 64 2E 61 70 70 73 2E 63 68 72 6F 6D 65 2E 4D 61 69 6E 20 2D 64 20 68 74 74 70 3A 2F 2F 31 39 32 2E 31 36 38 2E 38 38 2E 31 37 37 3A 38 30 30 30 2F 53 6F 63 69 61 6C 2F 6D 79 61 73 69 61 6E 74 76 2F 6D 79 61 73 69 61 6E 74 76 2E 63 78 2F 00 
09-02 13:07:22.063 14031 14031 E adbd    : service_to_fd: shell,v2,TERM=xterm-256color,raw:am start -a android.intent.action.VIEW -n com.android.chrome/com.google.android.apps.chrome.Main -d http://192.168.88.177:8000/Social/myasiantv/myasiantv.cx/
09-02 13:07:22.102 31586 31803 I BatteryMgr:DataCollectionService: stats => 1693652842101,-151,4260
09-02 13:07:22.151 14031 14031 E adbd    : recv: OPEN 0001e6c0 00000000 003e:73 68 65 6C 6C 2C 76 32 2C 54 45 52 4D 3D 78 74 65 72 6D 2D 32 35 36 63 6F 6C 6F 72 2C 72 61 77 3A 64 75 6D 70 73 79 73 20 63 70 75 69 6E 66 6F 20 7C 20 67 72 65 70 20 54 4F 54 41 4C 00 
09-02 13:07:22.151 14031 14031 E adbd    : service_to_fd: shell,v2,TERM=xterm-256color,raw:dumpsys cpuinfo | grep TOTAL
09-02 13:07:22.164  3979  9236 I ActivityManager: START u0 {act=android.intent.action.VIEW typ=null flg=0x10000000 cmp=ComponentInfo{com.android.chrome/com.google.android.apps.chrome.Main}} from uid 2000
09-02 13:07:22.165  3979  9236 D CustomFrequencyManagerService: acquireDVFSLockLocked : type : DVFS_MIN_LIMIT  frequency : 1560000  uid : 1000  pid : 3979  pkgName : AMS_ACT_START@CPU_MIN@8
09-02 13:07:22.167  3979  9236 D ActivityManagerPerformance: AMP_acquire() ACT_START
09-02 13:07:22.187 31627 31627 D InputMethodManager: HSIFW - flag : 0 Pid : 31627
09-02 13:07:22.188  3979  9236 V InputMethodManagerService: Client requesting input be hidden, flags : 0
09-02 13:07:22.188  3979  9236 V InputMethodManagerService: hideCurrentInputLocked : shouldHideSoftInput is false
