09-02 00:46:17.811 24304 24304 I BatteryMgr:DataCollectionService: onStartCommand: sampleRate => 100
09-02 00:46:17.811 24304 24304 I BatteryMgr:DataCollectionService: onStartCommand: rawFields => Timestamp,BATTERY_PROPERTY_CURRENT_NOW,EXTRA_VOLTAGE
09-02 00:46:17.812 24304 24304 I BatteryMgr:DataCollectionService: onStartCommand: notification done
09-02 00:46:17.813  1513  1536 D CompatibilityChangeReporter: Compat change id reported: 136219221; UID 10260; state: ENABLED
09-02 00:46:17.813 24304 24304 I BatteryMgr:DataCollectionService: started foreground
09-02 00:46:17.824 24304 24767 I BatteryMgr:DataCollectionService: collectData: begin
09-02 00:46:17.826 24304 24767 I BatteryMgr:DataCollectionService: stats => 1693608377826,7019,4398
09-02 00:46:17.932 24304 24767 I BatteryMgr:DataCollectionService: stats => 1693608377932,7019,4398
09-02 00:46:18.017  1513  1513 D NotificationService: 0|com.example.batterymanager_utility|1|null|10260: granting content://settings/system/notification_sound
09-02 00:46:18.019  1513  1513 I chatty  : uid=1000(system) Binder:1513_3 identical 3 lines
09-02 00:46:18.019  1513  1513 D NotificationService: 0|com.example.batterymanager_utility|1|null|10260: granting content://settings/system/notification_sound
09-02 00:46:18.020  1513  1513 W NotificationHistory: Attempted to add notif for locked/gone/disabled user 0
09-02 00:46:18.037  2062  2062 D InterruptionStateProvider: No bubble up: not allowed to bubble: 0|com.example.batterymanager_utility|1|null|10260
09-02 00:46:18.037 24304 24767 I BatteryMgr:DataCollectionService: stats => 1693608378037,7019,4398
09-02 00:46:18.038  2062  2062 D InterruptionStateProvider: No heads up: unimportant notification: 0|com.example.batterymanager_utility|1|null|10260
09-02 00:46:18.060  2446  4456 D QCNEJ/WlanStaInfoRelay: Received action: android.net.wifi.RSSI_CHANGED
09-02 00:46:18.060  2446  4456 I QCNEJ/NativeHalConnector: -> SND notifyWlanStaStatusChanged([WlanStaInfo]: wifiSwitchState = 1 rssi = -55 ssid = WiFi 69 bssid = 76:4d:28:12:bf:83 dnsInfo = 192.168.88.1;8.8.8.8;0.0.0.0;0.0.0.0; freqBand = _2GHz countryCode = nl[RatInfo]: networkType = 1 subType = 101 networkState = CONNECTED netHdl = 432902426637 ipAddrV4 = 192.168.88.174 ipAddrV6 =  ifNameV4 = wlan0 ifNameV6 =  slotIdx = 0 isAndroidValidated = true) timeStamp = 2023-09-02 00:46:18.06
09-02 00:46:18.069  1513  2000 D ConnectivityService: NetReassign [no changes]
09-02 00:46:18.069  8855  8928 I CarrierServices: [11702] hbe.handleMessage: RcsEngineImpl[DUAL_REG]:[31697964-3ba3]>Handler: handleMessage processing message:[NOTIFY_UPTIME_IGNORE_STATE_CHANGED] with [non-null]:RcsEngineImpl reference
09-02 00:46:18.070  8855  8930 I CarrierServices: [11703] gko.c: Connected state: [1], networkType: [WIFI]
09-02 00:46:18.072  2474  2545 E PhoneInterfaceManager: [PhoneIntfMgr] getCarrierPrivilegeStatus: Invalid subId
09-02 00:46:18.073  8855  8928 I CarrierServices: [11702] gyk.h: RCS Configuration storage in Bugle is disabled by p/h flag, using ProvisioningEngineStateCacheUtil.getProvisioningConfigurationForGivenSimIfExist()
09-02 00:46:18.085   594   655 I SDM     : HWDeviceDRM::UpdateMixerAttributes: Mixer WxH 1080x2340-1 for Peripheral
09-02 00:46:18.085   594   655 I SDM     : DisplayBase::SetActiveConfig: Active configuration changed to: 0
09-02 00:46:18.085   594   655 I SDM     : StrategyImpl::SetIdleTimeoutMs: Idle timeout set to zero for command mode panels
09-02 00:46:18.086   901  2806 I sensors-hal: [ssc_utils]get_qmi_debug_flag:244, support_qmi_debug : false
09-02 00:46:18.096   901  2806 I sensors-hal: [ssc_utils]get_qmi_debug_flag:244, support_qmi_debug : false
09-02 00:46:18.102   901  1000 W ASH     : @ 53564.554: Unhandled msg ID 999: line 1277
09-02 00:46:18.102   901  1000 E ASH     : @ 53564.554: No pb callback assigned
09-02 00:46:18.102   901  1000 E ASH     : @ 53564.554: Nanopb error: callback failed:1588
09-02 00:46:18.107  1513  1572 I DisplayManagerService: Display device changed: DisplayDeviceInfo{"Built-in Screen": uniqueId="local:19260504575090817", 1080 x 2340, modeId 2, defaultModeId 2, supportedModes [{id=1, width=1080, height=2340, fps=90.0}, {id=2, width=1080, height=2340, fps=60.000004}], colorMode 0, supportedColorModes [0, 7, 9], HdrCapabilities HdrCapabilities{mSupportedHdrTypes=[2, 3, 4], mMaxLuminance=500.0, mMaxAverageLuminance=500.0, mMinLuminance=0.0}, allmSupported false, gameContentTypeSupported false, density 440, 435.428 x 433.839 dpi, appVsyncOff 2333332, presDeadline 11500000, cutout DisplayCutout{insets=Rect(0, 136 - 0, 0) waterfall=Insets{left=0, top=0, right=0, bottom=0} boundingRect={Bounds=[Rect(0, 0 - 0, 0), Rect(0, 0 - 136, 136), Rect(0, 0 - 0, 0), Rect(0, 0 - 0, 0)]}}, touch INTERNAL, rotation 0, type INTERNAL, address {port=129, model=0x446d53ad64a0}, deviceProductInfo DeviceProductInfo{name=, manufacturerPnpId=QCM, productId=1, modelYear=null, manufactureDate=ManufactureDate{week=27, year=2006}, relativeAddress=null}, state ON, FLAG_DEFAULT_DISPLAY, FLAG_ROTATES_WITH_CONTENT, FLAG_SECURE, FLAG_SUPPORTS_PROTECTED_BUFFERS}
09-02 00:46:18.109   594   655 I SDM     : StrategyImpl::SetIdleTimeoutMs: Idle timeout set to zero for command mode panels
09-02 00:46:18.142 24304 24767 I BatteryMgr:DataCollectionService: stats => 1693608378142,7019,4398
09-02 00:46:18.247 24304 24767 I BatteryMgr:DataCollectionService: stats => 1693608378247,7019,4398
09-02 00:46:18.291   901  1000 D VSC     : @ 53564.742: [WO] tilt angle 87
09-02 00:46:18.352 24304 24767 I BatteryMgr:DataCollectionService: stats => 1693608378351,7019,4398
09-02 00:46:18.458 24304 24767 I BatteryMgr:DataCollectionService: stats => 1693608378458,7019,4398
09-02 00:46:18.565 24304 24767 I BatteryMgr:DataCollectionService: stats => 1693608378564,7019,4398
09-02 00:46:18.671 24304 24767 I BatteryMgr:DataCollectionService: stats => 1693608378671,7019,4398
09-02 00:46:18.777 24304 24767 I BatteryMgr:DataCollectionService: stats => 1693608378777,7019,4398
09-02 00:46:18.884 24304 24767 I BatteryMgr:DataCollectionService: stats => 1693608378884,7019,4398
09-02 00:46:18.988 24304 24767 I BatteryMgr:DataCollectionService: stats => 1693608378988,7019,4398
09-02 00:46:19.094 24304 24767 I BatteryMgr:DataCollectionService: stats => 1693608379094,7019,4398
09-02 00:46:19.201 24304 24767 I BatteryMgr:DataCollectionService: stats => 1693608379201,7019,4398
09-02 00:46:19.307 24304 24767 I BatteryMgr:DataCollectionService: stats => 1693608379307,7019,4398
09-02 00:46:19.414 24304 24767 I BatteryMgr:DataCollectionService: stats => 1693608379414,7019,4398
09-02 00:46:19.521 24304 24767 I BatteryMgr:DataCollectionService: stats => 1693608379521,7019,4398
09-02 00:46:19.625 24304 24767 I BatteryMgr:DataCollectionService: stats => 1693608379625,7019,4398
09-02 00:46:19.732 24304 24767 I BatteryMgr:DataCollectionService: stats => 1693608379732,7019,4398
09-02 00:46:19.838 24304 24767 I BatteryMgr:DataCollectionService: stats => 1693608379838,7019,4398
09-02 00:46:19.945 24304 24767 I BatteryMgr:DataCollectionService: stats => 1693608379945,7019,4398
09-02 00:46:20.052 24304 24767 I BatteryMgr:DataCollectionService: stats => 1693608380052,7019,4398
09-02 00:46:20.159 24304 24767 I BatteryMgr:DataCollectionService: stats => 1693608380159,7019,4398
09-02 00:46:20.268 24304 24767 I BatteryMgr:DataCollectionService: stats => 1693608380268,7019,4398
09-02 00:46:20.288   901  1000 D VSC     : @ 53566.739: [WO] tilt angle 87
09-02 00:46:20.310  1513  7910 I ActivityTaskManager: START u0 {act=android.intent.action.VIEW dat=http://192.168.88.177:8000/... flg=0x10000000 cmp=com.opera.browser/com.opera.Opera} from uid 2000
09-02 00:46:20.310  1513  1572 D EventSequenceValidator: inc AccIntentStartedEvents to 2
09-02 00:46:20.315  1513  1572 D EventSequenceValidator: dec AccIntentStartedEvents to 1
09-02 00:46:20.331   594   655 I SDM     : HWDeviceDRM::UpdateMixerAttributes: Mixer WxH 1080x2340-1 for Peripheral
09-02 00:46:20.331   594   655 I SDM     : DisplayBase::SetActiveConfig: Active configuration changed to: 1
09-02 00:46:20.331   594   655 I SDM     : StrategyImpl::SetIdleTimeoutMs: Idle timeout set to zero for command mode panels
09-02 00:46:20.337   901  2806 I sensors-hal: [ssc_utils]get_qmi_debug_flag:244, support_qmi_debug : false
09-02 00:46:20.337  1513  1572 I DisplayManagerService: Display device changed: DisplayDeviceInfo{"Built-in Screen": uniqueId="local:19260504575090817", 1080 x 2340, modeId 1, defaultModeId 2, supportedModes [{id=1, width=1080, height=2340, fps=90.0}, {id=2, width=1080, height=2340, fps=60.000004}], colorMode 0, supportedColorModes [0, 7, 9], HdrCapabilities HdrCapabilities{mSupportedHdrTypes=[2, 3, 4], mMaxLuminance=500.0, mMaxAverageLuminance=500.0, mMinLuminance=0.0}, allmSupported false, gameContentTypeSupported false, density 440, 435.428 x 433.839 dpi, appVsyncOff 2333333, presDeadline 11500000, cutout DisplayCutout{insets=Rect(0, 136 - 0, 0) waterfall=Insets{left=0, top=0, right=0, bottom=0} boundingRect={Bounds=[Rect(0, 0 - 0, 0), Rect(0, 0 - 136, 136), Rect(0, 0 - 0, 0), Rect(0, 0 - 0, 0)]}}, touch INTERNAL, rotation 0, type INTERNAL, address {port=129, model=0x446d53ad64a0}, deviceProductInfo DeviceProductInfo{name=, manufacturerPnpId=QCM, productId=1, modelYear=null, manufactureDate=ManufactureDate{week=27, year=2006}, relativeAddress=null}, state ON, FLAG_DEFAULT_DISPLAY, FLAG_ROTATES_WITH_CONTENT, FLAG_SECURE, FLAG_SUPPORTS_PROTECTED_BUFFERS}
09-02 00:46:20.367   901  1000 W ASH     : @ 53566.818: Unhandled msg ID 999: line 1277
09-02 00:46:20.367   901  1000 E ASH     : @ 53566.818: No pb callback assigned
09-02 00:46:20.367   901  1000 E ASH     : @ 53566.818: Nanopb error: callback failed:1588
09-02 00:46:20.371 24304 24767 I BatteryMgr:DataCollectionService: stats => 1693608380371,7019,4398
09-02 00:46:20.392  1513  3227 D CompatibilityChangeReporter: Compat change id reported: 135634846; UID 10261; state: DISABLED
09-02 00:46:20.392  1513  1625 D CompatibilityChangeReporter: Compat change id reported: 143937733; UID 10261; state: ENABLED
09-02 00:46:20.398   779   779 D Zygote  : Forked child process 24808
09-02 00:46:20.400  1513  1625 I ActivityManager: Start proc 24808:com.opera.browser:sandboxed_process1/u0a261 for service {com.opera.browser/com.opera.android.browser.chromium.services.SandboxedProcessService1}
09-02 00:46:20.408  1075   812 W ServiceManager: Permission failure: android.permission.SYSTEM_CAMERA from uid=10261 pid=24361
09-02 00:46:20.409  1075   812 I chatty  : uid=1047(cameraserver) Binder:1075_8 identical 4 lines
09-02 00:46:20.410  1075   812 W ServiceManager: Permission failure: android.permission.SYSTEM_CAMERA from uid=10261 pid=24361
09-02 00:46:20.416  1513  2093 W AutofillInlineSuggestionsRequestSession: Never received an InlineSuggestionsRequest from the IME for 1073741824@208304133
09-02 00:46:20.416  2512  2512 V InlineSuggestionRenderService: handleDestroySuggestionViews called for 0:208304133
09-02 00:46:20.419 24808 24808 E dboxed_process: Not starting debugger since process cannot load the jdwp agent.
09-02 00:46:20.424 10955  8077 I Finsky  : [5645] ncc.l(14): com.opera.browser: Account determined from installer data - [y0_1NG5HTmzf0bF7VytAKz9iHAD6w7yU52Le3i0fi68]
09-02 00:46:20.424 10955  8077 I Finsky  : [5645] ncc.l(61): Billing preferred account via installer for com.opera.browser: [y0_1NG5HTmzf0bF7VytAKz9iHAD6w7yU52Le3i0fi68]
09-02 00:46:20.432  1513  3227 D CompatibilityChangeReporter: Compat change id reported: 136274596; UID 10261; state: ENABLED
09-02 00:46:20.441 24361 24361 I AssistStructure: Flattened final assist data: 6428 bytes, containing 1 windows, 52 views
09-02 00:46:20.441  1513  2264 D ContentCapturePerUserService: Notified activity assist data for activity: Token{6407990 ActivityRecord{3ddd289 u0 com.opera.browser/com.opera.Opera t2009}} without a session Id
09-02 00:46:20.450  2858  2858 I GoogleInputMethodService: GoogleInputMethodService.onFinishInput():3280 
09-02 00:46:20.451  2858  2858 I GoogleInputMethodService: GoogleInputMethodService.updateDeviceLockedStatus():2169 repeatCheckTimes = 0, unlocked = true
09-02 00:46:20.451  2858  2858 I GoogleInputMethodService: GoogleInputMethodService.onStartInput():1960 onStartInput(EditorInfo{inputType=0x0(NULL) imeOptions=0x0 privateImeOptions=null actionName=UNSPECIFIED actionLabel=null actionId=0 initialSelStart=-1 initialSelEnd=-1 initialCapsMode=0x0 hintText=null label=null packageName=com.opera.browser fieldId=2131361887 fieldName=null extras=null}, false)
09-02 00:46:20.451  2858  2858 I GoogleInputMethodService: GoogleInputMethodService.shouldHideHeaderOnInitialState():4081 ShouldHideHeaderOnInitialState = false
09-02 00:46:20.452  2858  2858 I GoogleInputMethodService: GoogleInputMethodService.updateDeviceLockedStatus():2169 repeatCheckTimes = 2, unlocked = true
09-02 00:46:20.466 24808 24808 W dboxed_process: JIT profile information will not be recorded: profile file does not exist.
09-02 00:46:20.466 24808 24808 W dboxed_process: JIT profile information will not be recorded: profile file does not exist.
09-02 00:46:20.475 24304 24767 I BatteryMgr:DataCollectionService: stats => 1693608380475,7019,4398
09-02 00:46:20.475 24808 24808 D NetworkSecurityConfig: Using Network Security Config from resource network_security_config_official_build debugBuild: false
09-02 00:46:20.476 24808 24808 D NetworkSecurityConfig: Using Network Security Config from resource network_security_config_official_build debugBuild: false
09-02 00:46:20.479  2816 20561 W NetworkScheduler: Error inserting flex_time=2140000 job_id=-1 period=4282000 source=16 requires_charging=0 preferred_network_type=1 target_class=com.google.android.gms.measurement.PackageMeasurementTaskService user_id=0 target_package=com.google.android.gms tag=Measurement.PackageMeasurementTaskService.UPLOAD_TASK_TAG task_type=0 required_idleness_state=0 service_kind=0 source_version=224312000 persistence_level=1 preferred_charging_state=1 required_network_type=0 runtime=1693608380477 retry_strategy={"maximum_backoff_seconds":{"3600":0},"initial_backoff_seconds":{"30":0},"retry_policy":{"0":0}} last_runtime=0 [CONTEXT service_id=218 ]
09-02 00:46:20.479  2816 20561 W NetworkScheduler: android.database.sqlite.SQLiteConstraintException: UNIQUE constraint failed: pending_ops.tag, pending_ops.target_class, pending_ops.target_package, pending_ops.user_id (code 2067 SQLITE_CONSTRAINT_UNIQUE)
09-02 00:46:20.479  2816 20561 W NetworkScheduler: 	at android.database.sqlite.SQLiteConnection.nativeExecuteForLastInsertedRowId(Native Method)
09-02 00:46:20.479  2816 20561 W NetworkScheduler: 	at android.database.sqlite.SQLiteConnection.executeForLastInsertedRowId(SQLiteConnection.java:938)
09-02 00:46:20.479  2816 20561 W NetworkScheduler: 	at android.database.sqlite.SQLiteSession.executeForLastInsertedRowId(SQLiteSession.java:790)
09-02 00:46:20.479  2816 20561 W NetworkScheduler: 	at android.database.sqlite.SQLiteStatement.executeInsert(SQLiteStatement.java:88)
09-02 00:46:20.479  2816 20561 W NetworkScheduler: 	at android.database.sqlite.SQLiteDatabase.insertWithOnConflict(SQLiteDatabase.java:1701)
09-02 00:46:20.479  2816 20561 W NetworkScheduler: 	at android.database.sqlite.SQLiteDatabase.insertOrThrow(SQLiteDatabase.java:1596)
09-02 00:46:20.479  2816 20561 W NetworkScheduler: 	at biky.g(:com.google.android.gms@224312037@22.43.12 (150400-483592595):53)
09-02 00:46:20.479  2816 20561 W NetworkScheduler: 	at bijr.n(:com.google.android.gms@224312037@22.43.12 (150400-483592595):3)
09-02 00:46:20.479  2816 20561 W NetworkScheduler: 	at bijr.u(:com.google.android.gms@224312037@22.43.12 (150400-483592595):20)
09-02 00:46:20.479  2816 20561 W NetworkScheduler: 	at bijr.h(:com.google.android.gms@224312037@22.43.12 (150400-483592595):3)
09-02 00:46:20.479  2816 20561 W NetworkScheduler: 	at bifi.run(:com.google.android.gms@224312037@22.43.12 (150400-483592595):9)
09-02 00:46:20.479  2816 20561 W NetworkScheduler: 	at zqv.c(:com.google.android.gms@224312037@22.43.12 (150400-483592595):6)
09-02 00:46:20.479  2816 20561 W NetworkScheduler: 	at zqv.run(:com.google.android.gms@224312037@22.43.12 (150400-483592595):7)
09-02 00:46:20.479  2816 20561 W NetworkScheduler: 	at java.util.concurrent.ThreadPoolExecutor.runWorker(ThreadPoolExecutor.java:1167)
09-02 00:46:20.479  2816 20561 W NetworkScheduler: 	at java.util.concurrent.ThreadPoolExecutor$Worker.run(ThreadPoolExecutor.java:641)
09-02 00:46:20.479  2816 20561 W NetworkScheduler: 	at zwa.run(:com.google.android.gms@224312037@22.43.12 (150400-483592595):0)
09-02 00:46:20.479  2816 20561 W NetworkScheduler: 	at java.lang.Thread.run(Thread.java:923)
09-02 00:46:20.578 24304 24767 I BatteryMgr:DataCollectionService: stats => 1693608380578,7019,4398
09-02 00:46:20.685 24304 24767 I BatteryMgr:DataCollectionService: stats => 1693608380685,7019,4398
09-02 00:46:20.791 24304 24767 I BatteryMgr:DataCollectionService: stats => 1693608380791,7019,4398
09-02 00:46:20.897 24304 24767 I BatteryMgr:DataCollectionService: stats => 1693608380897,7019,4398
09-02 00:46:21.003 24304 24767 I BatteryMgr:DataCollectionService: stats => 1693608381003,7019,4398
09-02 00:46:21.083  2446  4456 D QCNEJ/WlanStaInfoRelay: Received action: android.net.wifi.RSSI_CHANGED
09-02 00:46:21.083  2446  4456 I QCNEJ/NativeHalConnector: -> SND notifyWlanStaStatusChanged([WlanStaInfo]: wifiSwitchState = 1 rssi = -56 ssid = WiFi 69 bssid = 76:4d:28:12:bf:83 dnsInfo = 192.168.88.1;8.8.8.8;0.0.0.0;0.0.0.0; freqBand = _2GHz countryCode = nl[RatInfo]: networkType = 1 subType = 101 networkState = CONNECTED netHdl = 432902426637 ipAddrV4 = 192.168.88.174 ipAddrV6 =  ifNameV4 = wlan0 ifNameV6 =  slotIdx = 0 isAndroidValidated = true) timeStamp = 2023-09-02 00:46:21.083
09-02 00:46:21.086  4371  4416 D PowerManagerPoller: Downlink cellular capacity updated to 44687 Kbps
09-02 00:46:21.095  1513  2000 D ConnectivityService: NetReassign [no changes]
09-02 00:46:21.096  8855  8928 I CarrierServices: [11702] hbe.handleMessage: RcsEngineImpl[DUAL_REG]:[31697964-3ba3]>Handler: handleMessage processing message:[NOTIFY_UPTIME_IGNORE_STATE_CHANGED] with [non-null]:RcsEngineImpl reference
09-02 00:46:21.096  8855  8930 I CarrierServices: [11703] gko.c: Connected state: [1], networkType: [WIFI]
09-02 00:46:21.099  2474  2542 E PhoneInterfaceManager: [PhoneIntfMgr] getCarrierPrivilegeStatus: Invalid subId
09-02 00:46:21.100  8855  8928 I CarrierServices: [11702] gyk.h: RCS Configuration storage in Bugle is disabled by p/h flag, using ProvisioningEngineStateCacheUtil.getProvisioningConfigurationForGivenSimIfExist()
09-02 00:46:21.107 24304 24767 I BatteryMgr:DataCollectionService: stats => 1693608381107,7019,4398
09-02 00:46:21.213 24304 24767 I BatteryMgr:DataCollectionService: stats => 1693608381213,7019,4398
09-02 00:46:21.319 24304 24767 I BatteryMgr:DataCollectionService: stats => 1693608381319,7019,4398
09-02 00:46:21.425 24304 24767 I BatteryMgr:DataCollectionService: stats => 1693608381425,7019,4398
09-02 00:46:21.531 24304 24767 I BatteryMgr:DataCollectionService: stats => 1693608381531,7019,4398
09-02 00:46:21.638 24304 24767 I BatteryMgr:DataCollectionService: stats => 1693608381638,-4882,4398
09-02 00:46:21.744 24304 24767 I BatteryMgr:DataCollectionService: stats => 1693608381744,-4882,4398
09-02 00:46:21.851 24304 24767 I BatteryMgr:DataCollectionService: stats => 1693608381850,-4882,4398
09-02 00:46:21.956 24304 24767 I BatteryMgr:DataCollectionService: stats => 1693608381956,-4882,4398
09-02 00:46:22.062 24304 24767 I BatteryMgr:DataCollectionService: stats => 1693608382062,-4882,4398
09-02 00:46:22.096  9499  9499 D BoundBrokerSvc: onUnbind: Intent { act=com.google.android.gms.inappreach.service.START dat=chimera-action: cmp=com.google.android.gms/.chimera.GmsApiService }
09-02 00:46:22.168 24304 24767 I BatteryMgr:DataCollectionService: stats => 1693608382168,-4882,4398
09-02 00:46:22.274 24304 24767 I BatteryMgr:DataCollectionService: stats => 1693608382274,-4882,4398
09-02 00:46:22.287   901  1000 D VSC     : @ 53568.738: [WO] tilt angle 87
09-02 00:46:22.380 24304 24767 I BatteryMgr:DataCollectionService: stats => 1693608382380,-4882,4398
09-02 00:46:22.483 24304 24767 I BatteryMgr:DataCollectionService: stats => 1693608382483,-4882,4398
09-02 00:46:22.588 24304 24767 I BatteryMgr:DataCollectionService: stats => 1693608382588,-4882,4398
09-02 00:46:22.693 24304 24767 I BatteryMgr:DataCollectionService: stats => 1693608382693,-4882,4398
09-02 00:46:22.797 24304 24767 I BatteryMgr:DataCollectionService: stats => 1693608382797,-4882,4398
09-02 00:46:22.823   901  2806 I sensors-hal: [ssc_utils]get_qmi_debug_flag:244, support_qmi_debug : false
09-02 00:46:22.832   901  2806 I sensors-hal: [ssc_utils]get_qmi_debug_flag:244, support_qmi_debug : false
09-02 00:46:22.847   901  1000 W ASH     : @ 53569.298: Unhandled msg ID 999: line 1277
09-02 00:46:22.847   901  1000 E ASH     : @ 53569.298: No pb callback assigned
09-02 00:46:22.847   901  1000 E ASH     : @ 53569.298: Nanopb error: callback failed:1588
09-02 00:46:22.900   901  2806 I sensors-hal: [ssc_utils]get_qmi_debug_flag:244, support_qmi_debug : false
09-02 00:46:22.901 24304 24767 I BatteryMgr:DataCollectionService: stats => 1693608382901,-4882,4398
09-02 00:46:22.927   901  1000 W ASH     : @ 53569.378: Unhandled msg ID 999: line 1277
09-02 00:46:22.927   901  1000 E ASH     : @ 53569.378: No pb callback assigned
09-02 00:46:22.927   901  1000 E ASH     : @ 53569.378: Nanopb error: callback failed:1588
09-02 00:46:23.005 24304 24767 I BatteryMgr:DataCollectionService: stats => 1693608383005,-4882,4398
09-02 00:46:23.009   901  2806 I sensors-hal: [ssc_utils]get_qmi_debug_flag:244, support_qmi_debug : false
09-02 00:46:23.048   901  1000 W ASH     : @ 53569.498: Unhandled msg ID 999: line 1277
09-02 00:46:23.049   901  1000 E ASH     : @ 53569.498: No pb callback assigned
09-02 00:46:23.049   901  1000 E ASH     : @ 53569.498: Nanopb error: callback failed:1588
09-02 00:46:23.111 24304 24767 I BatteryMgr:DataCollectionService: stats => 1693608383111,-4882,4398
09-02 00:46:23.216 24304 24767 I BatteryMgr:DataCollectionService: stats => 1693608383215,-4882,4398
09-02 00:46:23.290   901  2806 I sensors-hal: [ssc_utils]get_qmi_debug_flag:244, support_qmi_debug : false
09-02 00:46:23.319 24304 24767 I BatteryMgr:DataCollectionService: stats => 1693608383319,-4882,4398
09-02 00:46:23.327   901  1000 W ASH     : @ 53569.778: Unhandled msg ID 999: line 1277
09-02 00:46:23.327   901  1000 E ASH     : @ 53569.778: No pb callback assigned
09-02 00:46:23.327   901  1000 E ASH     : @ 53569.778: Nanopb error: callback failed:1588
09-02 00:46:23.411   901  2806 I sensors-hal: [ssc_utils]get_qmi_debug_flag:244, support_qmi_debug : false
09-02 00:46:23.422 24304 24767 I BatteryMgr:DataCollectionService: stats => 1693608383422,-4882,4398
09-02 00:46:23.447   901  1000 W ASH     : @ 53569.898: Unhandled msg ID 999: line 1277
09-02 00:46:23.447   901  1000 E ASH     : @ 53569.898: No pb callback assigned
09-02 00:46:23.447   901  1000 E ASH     : @ 53569.898: Nanopb error: callback failed:1588
09-02 00:46:23.528 24304 24767 I BatteryMgr:DataCollectionService: stats => 1693608383528,-4882,4398
09-02 00:46:23.641 24304 24767 I BatteryMgr:DataCollectionService: stats => 1693608383640,-4882,4398
09-02 00:46:23.690   901  2806 I sensors-hal: [ssc_utils]get_qmi_debug_flag:244, support_qmi_debug : false
09-02 00:46:23.727   901  1000 W ASH     : @ 53570.178: Unhandled msg ID 999: line 1277
09-02 00:46:23.728   901  1000 E ASH     : @ 53570.178: No pb callback assigned
09-02 00:46:23.728   901  1000 E ASH     : @ 53570.178: Nanopb error: callback failed:1588
09-02 00:46:23.747 24304 24767 I BatteryMgr:DataCollectionService: stats => 1693608383747,-4882,4398
09-02 00:46:23.807   901  2806 I sensors-hal: [ssc_utils]get_qmi_debug_flag:244, support_qmi_debug : false
09-02 00:46:23.847   901  1000 W ASH     : @ 53570.298: Unhandled msg ID 999: line 1277
09-02 00:46:23.847   901  1000 E ASH     : @ 53570.298: No pb callback assigned
09-02 00:46:23.847   901  1000 E ASH     : @ 53570.298: Nanopb error: callback failed:1588
09-02 00:46:23.854 24304 24767 I BatteryMgr:DataCollectionService: stats => 1693608383853,-4882,4398
09-02 00:46:23.900   901  2806 I sensors-hal: [ssc_utils]get_qmi_debug_flag:244, support_qmi_debug : false
09-02 00:46:23.928   901  1000 W ASH     : @ 53570.378: Unhandled msg ID 999: line 1277
09-02 00:46:23.928   901  1000 E ASH     : @ 53570.378: No pb callback assigned
09-02 00:46:23.928   901  1000 E ASH     : @ 53570.378: Nanopb error: callback failed:1588
09-02 00:46:23.960 24304 24767 I BatteryMgr:DataCollectionService: stats => 1693608383959,-4882,4398
09-02 00:46:24.009   901  2806 I sensors-hal: [ssc_utils]get_qmi_debug_flag:244, support_qmi_debug : false
09-02 00:46:24.020   901  1000 W ASH     : @ 53570.471: Unhandled msg ID 999: line 1277
09-02 00:46:24.020   901  1000 E ASH     : @ 53570.471: No pb callback assigned
09-02 00:46:24.020   901  1000 E ASH     : @ 53570.471: Nanopb error: callback failed:1588
09-02 00:46:24.066 24304 24767 I BatteryMgr:DataCollectionService: stats => 1693608384066,-4882,4398
09-02 00:46:24.106  1513  2000 D ConnectivityService: NetReassign [no changes]
09-02 00:46:24.172 24304 24767 I BatteryMgr:DataCollectionService: stats => 1693608384172,-4882,4398
09-02 00:46:24.278 24304 24767 I BatteryMgr:DataCollectionService: stats => 1693608384278,-4882,4398
09-02 00:46:24.287   901  1000 D VSC     : @ 53570.738: [WO] tilt angle 87
09-02 00:46:24.290   901  2806 I sensors-hal: [ssc_utils]get_qmi_debug_flag:244, support_qmi_debug : false
09-02 00:46:24.327   901  1000 W ASH     : @ 53570.778: Unhandled msg ID 999: line 1277
09-02 00:46:24.328   901  1000 E ASH     : @ 53570.778: No pb callback assigned
09-02 00:46:24.328   901  1000 E ASH     : @ 53570.778: Nanopb error: callback failed:1588
09-02 00:46:24.384 24304 24767 I BatteryMgr:DataCollectionService: stats => 1693608384384,-4882,4398
09-02 00:46:24.422   901  2806 I sensors-hal: [ssc_utils]get_qmi_debug_flag:244, support_qmi_debug : false
09-02 00:46:24.447   901  1000 W ASH     : @ 53570.898: Unhandled msg ID 999: line 1277
09-02 00:46:24.447   901  1000 E ASH     : @ 53570.898: No pb callback assigned
09-02 00:46:24.447   901  1000 E ASH     : @ 53570.898: Nanopb error: callback failed:1588
09-02 00:46:24.490 24304 24767 I BatteryMgr:DataCollectionService: stats => 1693608384490,-4882,4398
09-02 00:46:24.500   901  2806 I sensors-hal: [ssc_utils]get_qmi_debug_flag:244, support_qmi_debug : false
09-02 00:46:24.527   901  1000 W ASH     : @ 53570.979: Unhandled msg ID 999: line 1277
09-02 00:46:24.527   901  1000 E ASH     : @ 53570.979: No pb callback assigned
09-02 00:46:24.528   901  1000 E ASH     : @ 53570.979: Nanopb error: callback failed:1588
09-02 00:46:24.597 24304 24767 I BatteryMgr:DataCollectionService: stats => 1693608384596,-4882,4398
09-02 00:46:24.609   901  2806 I sensors-hal: [ssc_utils]get_qmi_debug_flag:244, support_qmi_debug : false
09-02 00:46:24.623   901  1000 W ASH     : @ 53571.074: Unhandled msg ID 999: line 1277
09-02 00:46:24.623   901  1000 E ASH     : @ 53571.074: No pb callback assigned
09-02 00:46:24.623   901  1000 E ASH     : @ 53571.074: Nanopb error: callback failed:1588
09-02 00:46:24.697   901  2806 I sensors-hal: [ssc_utils]get_qmi_debug_flag:244, support_qmi_debug : false
09-02 00:46:24.700 24304 24767 I BatteryMgr:DataCollectionService: stats => 1693608384700,-4882,4398
09-02 00:46:24.727   901  1000 W ASH     : @ 53571.178: Unhandled msg ID 999: line 1277
09-02 00:46:24.728   901  1000 E ASH     : @ 53571.178: No pb callback assigned
09-02 00:46:24.728   901  1000 E ASH     : @ 53571.178: Nanopb error: callback failed:1588
09-02 00:46:24.806 24304 24767 I BatteryMgr:DataCollectionService: stats => 1693608384806,-4882,4398
09-02 00:46:24.824   594   655 I SDM     : HWDeviceDRM::UpdateMixerAttributes: Mixer WxH 1080x2340-1 for Peripheral
09-02 00:46:24.824   594   655 I SDM     : DisplayBase::SetActiveConfig: Active configuration changed to: 0
09-02 00:46:24.824   594   655 I SDM     : StrategyImpl::SetIdleTimeoutMs: Idle timeout set to zero for command mode panels
09-02 00:46:24.825   901  2806 I sensors-hal: [ssc_utils]get_qmi_debug_flag:244, support_qmi_debug : false
09-02 00:46:24.835   901  2806 I sensors-hal: [ssc_utils]get_qmi_debug_flag:244, support_qmi_debug : false
09-02 00:46:24.843   594   655 I SDM     : HWDeviceDRM::UpdateMixerAttributes: Mixer WxH 1080x2340-1 for Peripheral
09-02 00:46:24.843   594   655 I SDM     : DisplayBase::SetActiveConfig: Active configuration changed to: 1
09-02 00:46:24.843   594   655 I SDM     : StrategyImpl::SetIdleTimeoutMs: Idle timeout set to zero for command mode panels
09-02 00:46:24.846  1513  1572 I DisplayManagerService: Display device changed: DisplayDeviceInfo{"Built-in Screen": uniqueId="local:19260504575090817", 1080 x 2340, modeId 2, defaultModeId 2, supportedModes [{id=1, width=1080, height=2340, fps=90.0}, {id=2, width=1080, height=2340, fps=60.000004}], colorMode 0, supportedColorModes [0, 7, 9], HdrCapabilities HdrCapabilities{mSupportedHdrTypes=[2, 3, 4], mMaxLuminance=500.0, mMaxAverageLuminance=500.0, mMinLuminance=0.0}, allmSupported false, gameContentTypeSupported false, density 440, 435.428 x 433.839 dpi, appVsyncOff 2333332, presDeadline 11500000, cutout DisplayCutout{insets=Rect(0, 136 - 0, 0) waterfall=Insets{left=0, top=0, right=0, bottom=0} boundingRect={Bounds=[Rect(0, 0 - 0, 0), Rect(0, 0 - 136, 136), Rect(0, 0 - 0, 0), Rect(0, 0 - 0, 0)]}}, touch INTERNAL, rotation 0, type INTERNAL, address {port=129, model=0x446d53ad64a0}, deviceProductInfo DeviceProductInfo{name=, manufacturerPnpId=QCM, productId=1, modelYear=null, manufactureDate=ManufactureDate{week=27, year=2006}, relativeAddress=null}, state ON, FLAG_DEFAULT_DISPLAY, FLAG_ROTATES_WITH_CONTENT, FLAG_SECURE, FLAG_SUPPORTS_PROTECTED_BUFFERS}
09-02 00:46:24.847   901  1000 W ASH     : @ 53571.298: Unhandled msg ID 999: line 1277
09-02 00:46:24.847   901  1000 E ASH     : @ 53571.298: No pb callback assigned
09-02 00:46:24.847   901  1000 E ASH     : @ 53571.298: Nanopb error: callback failed:1588
09-02 00:46:24.856   901  2806 I sensors-hal: [ssc_utils]get_qmi_debug_flag:244, support_qmi_debug : false
09-02 00:46:24.881  1513  1572 I DisplayManagerService: Display device changed: DisplayDeviceInfo{"Built-in Screen": uniqueId="local:19260504575090817", 1080 x 2340, modeId 1, defaultModeId 2, supportedModes [{id=1, width=1080, height=2340, fps=90.0}, {id=2, width=1080, height=2340, fps=60.000004}], colorMode 0, supportedColorModes [0, 7, 9], HdrCapabilities HdrCapabilities{mSupportedHdrTypes=[2, 3, 4], mMaxLuminance=500.0, mMaxAverageLuminance=500.0, mMinLuminance=0.0}, allmSupported false, gameContentTypeSupported false, density 440, 435.428 x 433.839 dpi, appVsyncOff 2333333, presDeadline 11500000, cutout DisplayCutout{insets=Rect(0, 136 - 0, 0) waterfall=Insets{left=0, top=0, right=0, bottom=0} boundingRect={Bounds=[Rect(0, 0 - 0, 0), Rect(0, 0 - 136, 136), Rect(0, 0 - 0, 0), Rect(0, 0 - 0, 0)]}}, touch INTERNAL, rotation 0, type INTERNAL, address {port=129, model=0x446d53ad64a0}, deviceProductInfo DeviceProductInfo{name=, manufacturerPnpId=QCM, productId=1, modelYear=null, manufactureDate=ManufactureDate{week=27, year=2006}, relativeAddress=null}, state ON, FLAG_DEFAULT_DISPLAY, FLAG_ROTATES_WITH_CONTENT, FLAG_SECURE, FLAG_SUPPORTS_PROTECTED_BUFFERS}
09-02 00:46:24.887   901  1000 W ASH     : @ 53571.338: Unhandled msg ID 999: line 1277
09-02 00:46:24.887   901  1000 E ASH     : @ 53571.338: No pb callback assigned
09-02 00:46:24.887   901  1000 E ASH     : @ 53571.338: Nanopb error: callback failed:1588
09-02 00:46:24.910 24304 24767 I BatteryMgr:DataCollectionService: stats => 1693608384910,-4882,4398
09-02 00:46:24.987   901  2806 I sensors-hal: [ssc_utils]get_qmi_debug_flag:244, support_qmi_debug : false
09-02 00:46:25.007   901  1000 W ASH     : @ 53571.458: Unhandled msg ID 999: line 1277
09-02 00:46:25.007   901  1000 E ASH     : @ 53571.458: No pb callback assigned
09-02 00:46:25.007   901  1000 E ASH     : @ 53571.458: Nanopb error: callback failed:1588
09-02 00:46:25.013 24304 24767 I BatteryMgr:DataCollectionService: stats => 1693608385013,-4882,4398
09-02 00:46:25.016   901  2806 I sensors-hal: [ssc_utils]get_qmi_debug_flag:244, support_qmi_debug : false
09-02 00:46:25.047   901  1000 W ASH     : @ 53571.498: Unhandled msg ID 999: line 1277
09-02 00:46:25.047   901  1000 E ASH     : @ 53571.498: No pb callback assigned
09-02 00:46:25.047   901  1000 E ASH     : @ 53571.498: Nanopb error: callback failed:1588
09-02 00:46:25.104   901  2806 I sensors-hal: [ssc_utils]get_qmi_debug_flag:244, support_qmi_debug : false
09-02 00:46:25.117 24304 24767 I BatteryMgr:DataCollectionService: stats => 1693608385116,-4882,4398
09-02 00:46:25.127   901  1000 W ASH     : @ 53571.578: Unhandled msg ID 999: line 1277
09-02 00:46:25.127   901  1000 E ASH     : @ 53571.578: No pb callback assigned
09-02 00:46:25.127   901  1000 E ASH     : @ 53571.578: Nanopb error: callback failed:1588
09-02 00:46:25.221   901  2806 I sensors-hal: [ssc_utils]get_qmi_debug_flag:244, support_qmi_debug : false
09-02 00:46:25.222 24304 24767 I BatteryMgr:DataCollectionService: stats => 1693608385221,-4882,4398
09-02 00:46:25.250   901  1000 W ASH     : @ 53571.701: Unhandled msg ID 999: line 1277
09-02 00:46:25.250   901  1000 E ASH     : @ 53571.701: No pb callback assigned
09-02 00:46:25.250   901  1000 E ASH     : @ 53571.701: Nanopb error: callback failed:1588
09-02 00:46:25.297   901  2806 I sensors-hal: [ssc_utils]get_qmi_debug_flag:244, support_qmi_debug : false
09-02 00:46:25.324 24304 24767 I BatteryMgr:DataCollectionService: stats => 1693608385324,-4882,4398
09-02 00:46:25.327   901  1000 W ASH     : @ 53571.778: Unhandled msg ID 999: line 1277
09-02 00:46:25.327   901  1000 E ASH     : @ 53571.778: No pb callback assigned
09-02 00:46:25.327   901  1000 E ASH     : @ 53571.778: Nanopb error: callback failed:1588
09-02 00:46:25.409   901  2806 I sensors-hal: [ssc_utils]get_qmi_debug_flag:244, support_qmi_debug : false
09-02 00:46:25.409   594   655 I SDM     : HWDeviceDRM::UpdateMixerAttributes: Mixer WxH 1080x2340-1 for Peripheral
09-02 00:46:25.410   594   655 I SDM     : DisplayBase::SetActiveConfig: Active configuration changed to: 0
09-02 00:46:25.410   594   655 I SDM     : StrategyImpl::SetIdleTimeoutMs: Idle timeout set to zero for command mode panels
09-02 00:46:25.418   901  2806 I sensors-hal: [ssc_utils]get_qmi_debug_flag:244, support_qmi_debug : false
09-02 00:46:25.428 24304 24767 I BatteryMgr:DataCollectionService: stats => 1693608385428,-4882,4398
09-02 00:46:25.432  1513  1572 I DisplayManagerService: Display device changed: DisplayDeviceInfo{"Built-in Screen": uniqueId="local:19260504575090817", 1080 x 2340, modeId 2, defaultModeId 2, supportedModes [{id=1, width=1080, height=2340, fps=90.0}, {id=2, width=1080, height=2340, fps=60.000004}], colorMode 0, supportedColorModes [0, 7, 9], HdrCapabilities HdrCapabilities{mSupportedHdrTypes=[2, 3, 4], mMaxLuminance=500.0, mMaxAverageLuminance=500.0, mMinLuminance=0.0}, allmSupported false, gameContentTypeSupported false, density 440, 435.428 x 433.839 dpi, appVsyncOff 2333332, presDeadline 11500000, cutout DisplayCutout{insets=Rect(0, 136 - 0, 0) waterfall=Insets{left=0, top=0, right=0, bottom=0} boundingRect={Bounds=[Rect(0, 0 - 0, 0), Rect(0, 0 - 136, 136), Rect(0, 0 - 0, 0), Rect(0, 0 - 0, 0)]}}, touch INTERNAL, rotation 0, type INTERNAL, address {port=129, model=0x446d53ad64a0}, deviceProductInfo DeviceProductInfo{name=, manufacturerPnpId=QCM, productId=1, modelYear=null, manufactureDate=ManufactureDate{week=27, year=2006}, relativeAddress=null}, state ON, FLAG_DEFAULT_DISPLAY, FLAG_ROTATES_WITH_CONTENT, FLAG_SECURE, FLAG_SUPPORTS_PROTECTED_BUFFERS}
09-02 00:46:25.434   594   655 I SDM     : StrategyImpl::SetIdleTimeoutMs: Idle timeout set to zero for command mode panels
09-02 00:46:25.447   901  1000 W ASH     : @ 53571.898: Unhandled msg ID 999: line 1277
09-02 00:46:25.447   901  1000 E ASH     : @ 53571.898: No pb callback assigned
09-02 00:46:25.447   901  1000 E ASH     : @ 53571.898: Nanopb error: callback failed:1588
09-02 00:46:25.733  1513  2180 I ActivityManager: Force stopping com.opera.browser appid=10261 user=0: from pid 24973
09-02 00:46:25.734  1513  2180 I ActivityManager: Killing 24548:com.opera.browser:privileged_process0/u0a261 (adj 0): stop com.opera.browser due to from pid 24973
09-02 00:46:25.736  1513  2180 I ActivityManager: Killing 24361:com.opera.browser/u0a261 (adj 0): stop com.opera.browser due to from pid 24973
09-02 00:46:25.738  9499  9499 D BoundBrokerSvc: onUnbind: Intent { act=com.google.android.gms.auth.blockstore.service.START dat=chimera-action: cmp=com.google.android.gms/.chimera.GmsApiService }
09-02 00:46:25.739  9499  9499 D BoundBrokerSvc: onUnbind: Intent { act=com.google.android.gms.measurement.START pkg=com.google.android.gms }
09-02 00:46:25.740 24808 24808 I dboxed_process: System.exit called, status: 0
09-02 00:46:25.740 24808 24808 I AndroidRuntime: VM exiting with result code 0, cleanup skipped.
09-02 00:46:25.742  9499  9499 D BoundBrokerSvc: onUnbind: Intent { act=com.google.android.gms.safetynet.service.START pkg=com.google.android.gms }
09-02 00:46:25.742  1513  2180 W ActivityTaskManager: Force removing ActivityRecord{3ddd289 u0 com.opera.browser/com.opera.Opera t2009 f}}: app died, no saved state
09-02 00:46:25.746 24645 24645 I dboxed_process: System.exit called, status: 0
09-02 00:46:25.746 24645 24645 I AndroidRuntime: VM exiting with result code 0, cleanup skipped.
09-02 00:46:25.750   594   655 I SDM     : HWDeviceDRM::UpdateMixerAttributes: Mixer WxH 1080x2340-1 for Peripheral
09-02 00:46:25.750   594   655 I SDM     : DisplayBase::SetActiveConfig: Active configuration changed to: 1
09-02 00:46:25.750   594   655 I SDM     : StrategyImpl::SetIdleTimeoutMs: Idle timeout set to zero for command mode panels
09-02 00:46:25.754   901  2806 I sensors-hal: [ssc_utils]get_qmi_debug_flag:244, support_qmi_debug : false
09-02 00:46:25.767  1513  2180 I ActivityManager: Killing 24645:com.opera.browser:sandboxed_process0/u0a261 (adj 0): stop com.opera.browser due to from pid 24973
09-02 00:46:25.767  1513  3240 D ConnectivityService: ConnectivityService NetworkRequestInfo binderDied(NetworkRequest [ TRACK_DEFAULT id=2474, [ Capabilities: INTERNET&NOT_RESTRICTED&TRUSTED Uid: 10261 AdministratorUids: [] RequestorUid: 10261 RequestorPackageName: com.opera.browser] ], android.os.BinderProxy@840834a)
09-02 00:46:25.767   901  1000 W ASH     : @ 53572.218: Unhandled msg ID 999: line 1277
09-02 00:46:25.767   901  1000 E ASH     : @ 53572.218: No pb callback assigned
09-02 00:46:25.767   901  1000 E ASH     : @ 53572.218: Nanopb error: callback failed:1588
09-02 00:46:25.767  1513  1536 D ConnectivityService: ConnectivityService NetworkRequestInfo binderDied(NetworkRequest [ LISTEN id=2475, [ Capabilities: INTERNET&NOT_RESTRICTED&TRUSTED&FOREGROUND Uid: 10261 AdministratorUids: [] RequestorUid: 10261 RequestorPackageName: com.opera.browser] ], android.os.BinderProxy@b4a2bb)
09-02 00:46:25.767  1513  1536 D ConnectivityService: ConnectivityService NetworkRequestInfo binderDied(NetworkRequest [ LISTEN id=2477, [ Capabilities: INTERNET&NOT_RESTRICTED&TRUSTED&FOREGROUND Uid: 10261 AdministratorUids: [] RequestorUid: 10261 RequestorPackageName: com.opera.browser] ], android.os.BinderProxy@e2073d8)
09-02 00:46:25.767  1513  4617 D AutofillSession: handling death of Token{6407990 ActivityRecord{3ddd289 u0 com.opera.browser/com.opera.Opera t-1 f}}} when saving=false
09-02 00:46:25.767  1513  2000 D ConnectivityService: releasing NetworkRequest [ TRACK_DEFAULT id=2474, [ Capabilities: INTERNET&NOT_RESTRICTED&TRUSTED Uid: 10261 AdministratorUids: [] RequestorUid: 10261 RequestorPackageName: com.opera.browser] ] (release request)
09-02 00:46:25.768  1513  3240 D ConnectivityService: ConnectivityService NetworkRequestInfo binderDied(NetworkRequest [ TRACK_DEFAULT id=2476, [ Capabilities: INTERNET&NOT_RESTRICTED&TRUSTED Uid: 10261 AdministratorUids: [] RequestorUid: 10261 RequestorPackageName: com.opera.browser] ], android.os.BinderProxy@82d5331)
09-02 00:46:25.768  1513  2000 D ConnectivityService: releasing NetworkRequest [ TRACK_DEFAULT id=2476, [ Capabilities: INTERNET&NOT_RESTRICTED&TRUSTED Uid: 10261 AdministratorUids: [] RequestorUid: 10261 RequestorPackageName: com.opera.browser] ] (release request)
09-02 00:46:25.768   779   779 I Zygote  : Process 24361 exited due to signal 9 (Killed)
09-02 00:46:25.773   779   779 I Zygote  : Process 24548 exited due to signal 9 (Killed)
09-02 00:46:25.776  1513  2180 I ActivityManager: Killing 24808:com.opera.browser:sandboxed_process1/u0a261 (adj 0): stop com.opera.browser due to from pid 24973
09-02 00:46:25.777   779   779 I Zygote  : Process 24808 exited cleanly (0)
09-02 00:46:25.780  1513  2262 W ActivityManager: Unbind failed: could not find connection for android.os.BinderProxy@af71b91
09-02 00:46:25.786  2474  2474 E PhoneInterfaceManager: [PhoneIntfMgr] getCarrierPackageNamesForIntentAndPhone: No UICC
09-02 00:46:25.786  2474  2474 D CarrierSvcBindHelper: No carrier app for: 0
09-02 00:46:25.789  1513  1572 W DisplayManagerService: Failed to notify process 24645 that displays changed, assuming it died.
09-02 00:46:25.789  1513  1572 W DisplayManagerService: android.os.DeadObjectException
09-02 00:46:25.789  1513  1572 W DisplayManagerService: 	at android.os.BinderProxy.transactNative(Native Method)
09-02 00:46:25.789  1513  1572 W DisplayManagerService: 	at android.os.BinderProxy.transact(BinderProxy.java:550)
09-02 00:46:25.789  1513  1572 W DisplayManagerService: 	at android.hardware.display.IDisplayManagerCallback$Stub$Proxy.onDisplayEvent(IDisplayManagerCallback.java:115)
09-02 00:46:25.789  1513  1572 W DisplayManagerService: 	at com.android.server.display.DisplayManagerService$CallbackRecord.notifyDisplayEventAsync(DisplayManagerService.java:1909)
09-02 00:46:25.789  1513  1572 W DisplayManagerService: 	at com.android.server.display.DisplayManagerService.deliverDisplayEvent(DisplayManagerService.java:1668)
09-02 00:46:25.789  1513  1572 W DisplayManagerService: 	at com.android.server.display.DisplayManagerService.access$700(DisplayManagerService.java:163)
09-02 00:46:25.789  1513  1572 W DisplayManagerService: 	at com.android.server.display.DisplayManagerService$DisplayManagerHandler.handleMessage(DisplayManagerService.java:1831)
09-02 00:46:25.789  1513  1572 W DisplayManagerService: 	at android.os.Handler.dispatchMessage(Handler.java:106)
09-02 00:46:25.789  1513  1572 W DisplayManagerService: 	at android.os.Looper.loop(Looper.java:223)
09-02 00:46:25.789  1513  1572 W DisplayManagerService: 	at android.os.HandlerThread.run(HandlerThread.java:67)
09-02 00:46:25.789  1513  1572 W DisplayManagerService: 	at com.android.server.ServiceThread.run(ServiceThread.java:44)
09-02 00:46:25.790  3088  3653 I AssistantForeground: (REDACTED) Get launcher package: %s
09-02 00:46:25.797   779   779 I Zygote  : Process 24645 exited cleanly (0)
09-02 00:46:25.797  8777 24984 I EuiccGoogle: [7295] EuiccServiceImpl.onGetEuiccProfileInfoList: onGetEuiccProfileInfoList: slotId = -1
09-02 00:46:25.798  1513  1572 W ActivityManager: setHasOverlayUi called on unknown pid: 24361
09-02 00:46:25.798  1513  1572 I DisplayManagerService: Display device changed: DisplayDeviceInfo{"Built-in Screen": uniqueId="local:19260504575090817", 1080 x 2340, modeId 1, defaultModeId 2, supportedModes [{id=1, width=1080, height=2340, fps=90.0}, {id=2, width=1080, height=2340, fps=60.000004}], colorMode 0, supportedColorModes [0, 7, 9], HdrCapabilities HdrCapabilities{mSupportedHdrTypes=[2, 3, 4], mMaxLuminance=500.0, mMaxAverageLuminance=500.0, mMinLuminance=0.0}, allmSupported false, gameContentTypeSupported false, density 440, 435.428 x 433.839 dpi, appVsyncOff 2333333, presDeadline 11500000, cutout DisplayCutout{insets=Rect(0, 136 - 0, 0) waterfall=Insets{left=0, top=0, right=0, bottom=0} boundingRect={Bounds=[Rect(0, 0 - 0, 0), Rect(0, 0 - 136, 136), Rect(0, 0 - 0, 0), Rect(0, 0 - 0, 0)]}}, touch INTERNAL, rotation 0, type INTERNAL, address {port=129, model=0x446d53ad64a0}, deviceProductInfo DeviceProductInfo{name=, manufacturerPnpId=QCM, productId=1, modelYear=null, manufactureDate=ManufactureDate{week=27, year=2006}, relativeAddress=null}, state ON, FLAG_DEFAULT_DISPLAY, FLAG_ROTATES_WITH_CONTENT, FLAG_SECURE, FLAG_SUPPORTS_PROTECTED_BUFFERS}
09-02 00:46:25.799  1513  1640 I libprocessgroup: Successfully killed process cgroup uid 10261 pid 24548 in 64ms
09-02 00:46:25.799  1513  1640 I libprocessgroup: Successfully killed process cgroup uid 10261 pid 24361 in 0ms
09-02 00:46:25.799  1513  1640 I libprocessgroup: Successfully killed process cgroup uid 10261 pid 24645 in 0ms
09-02 00:46:25.800  1513  1640 I libprocessgroup: Successfully killed process cgroup uid 10261 pid 24808 in 0ms
09-02 00:46:25.801  3135  3135 D RegisteredNfcFServicesCache: Service unchanged, not updating
09-02 00:46:25.802  8777 24984 W EuiccGoogle: [7295] EuiccServiceImpl.onGetEuiccProfileInfoList: slotId=-1. No eUICC is active. Return null.
09-02 00:46:25.822  2858  2858 I GoogleInputMethodService: GoogleInputMethodService.onFinishInput():3280 
09-02 00:46:25.823  2858  2858 I GoogleInputMethodService: GoogleInputMethodService.updateDeviceLockedStatus():2169 repeatCheckTimes = 0, unlocked = true
09-02 00:46:25.828  2858  2858 I GoogleInputMethodService: GoogleInputMethodService.onStartInput():1960 onStartInput(EditorInfo{inputType=0x0(NULL) imeOptions=0x0 privateImeOptions=null actionName=UNSPECIFIED actionLabel=null actionId=0 initialSelStart=-1 initialSelEnd=-1 initialCapsMode=0x0 hintText=null label=null packageName=com.example.batterymanager_utility fieldId=-1 fieldName=null extras=null}, false)
09-02 00:46:25.828  2858  2858 I GoogleInputMethodService: GoogleInputMethodService.shouldHideHeaderOnInitialState():4081 ShouldHideHeaderOnInitialState = false
09-02 00:46:25.829  2858  2858 I GoogleInputMethodService: GoogleInputMethodService.updateDeviceLockedStatus():2169 repeatCheckTimes = 2, unlocked = true
09-02 00:46:26.287   901  1000 D VSC     : @ 53572.738: [WO] tilt angle 87
09-02 00:46:26.310   901  2806 I sensors-hal: [ssc_utils]get_qmi_debug_flag:244, support_qmi_debug : false
09-02 00:46:26.327   901  1000 W ASH     : @ 53572.778: Unhandled msg ID 999: line 1277
09-02 00:46:26.327   901  1000 E ASH     : @ 53572.778: No pb callback assigned
09-02 00:46:26.327   901  1000 E ASH     : @ 53572.778: Nanopb error: callback failed:1588
09-02 00:46:27.132  1513  2000 D ConnectivityService: NetReassign [no changes]
09-02 00:46:28.289   901  1000 D VSC     : @ 53574.738: [WO] tilt angle 87
09-02 00:46:28.964  1513  2264 I ActivityManager: Force stopping com.example.batterymanager_utility appid=10260 user=0: from pid 24994
09-02 00:46:28.965  1513  2264 I ActivityManager: Killing 24304:com.example.batterymanager_utility/u0a260 (adj 0): stop com.example.batterymanager_utility due to from pid 24994
09-02 00:46:28.966  1513  2264 W ActivityTaskManager: Force removing ActivityRecord{8a3eba0 u0 com.example.batterymanager_utility/.MainActivity t2008 f}}: app died, no saved state
09-02 00:46:28.972   901  2806 I sensors-hal: [ssc_utils]get_qmi_debug_flag:244, support_qmi_debug : false
09-02 00:46:28.977   778   778 I Zygote  : Process 24304 exited due to signal 9 (Killed)
09-02 00:46:28.985  1513  1640 I libprocessgroup: Successfully killed process cgroup uid 10260 pid 24304 in 18ms
09-02 00:46:29.005  2474  2474 E PhoneInterfaceManager: [PhoneIntfMgr] getCarrierPackageNamesForIntentAndPhone: No UICC
09-02 00:46:29.005  2474  2474 D CarrierSvcBindHelper: No carrier app for: 0
09-02 00:46:29.007   901  1000 W ASH     : @ 53575.458: Unhandled msg ID 999: line 1277
09-02 00:46:29.007   901  1000 E ASH     : @ 53575.458: No pb callback assigned
09-02 00:46:29.007   901  1000 E ASH     : @ 53575.458: Nanopb error: callback failed:1588
09-02 00:46:29.014  1513  1572 W ActivityManager: setHasOverlayUi called on unknown pid: 24304
09-02 00:46:29.016  3135  3135 D RegisteredNfcFServicesCache: Service unchanged, not updating
09-02 00:46:29.018  9499  9499 D BoundBrokerSvc: onBind: Intent { act=com.google.android.gms.inappreach.service.START dat=chimera-action: cmp=com.google.android.gms/.chimera.GmsApiService }
09-02 00:46:29.018  9499  9499 D BoundBrokerSvc: Loading bound service for intent: Intent { act=com.google.android.gms.inappreach.service.START dat=chimera-action: cmp=com.google.android.gms/.chimera.GmsApiService }
09-02 00:46:29.021  8777 25000 I EuiccGoogle: [7296] EuiccServiceImpl.onGetEuiccProfileInfoList: onGetEuiccProfileInfoList: slotId = -1
09-02 00:46:29.024  8777 25000 W EuiccGoogle: [7296] EuiccServiceImpl.onGetEuiccProfileInfoList: slotId=-1. No eUICC is active. Return null.
09-02 00:46:29.024  3088  3088 I GsaVoiceInteractionSrv: Handling ACTION_START_HOTWORD
09-02 00:46:29.026  3088  3620 I GsaVoiceInteractionSrv: (REDACTED) disregardVoiceMatch: %b
09-02 00:46:29.026  3088  3620 I GsaVoiceInteractionSrv: Cannot start hotword, hotword has been explicitly disabled.
09-02 00:46:29.030  3088  3656 I AssistantForeground: (REDACTED) Get launcher package: %s
09-02 00:46:29.038  2158  2158 I WallpaperService: engine resumed
09-02 00:46:29.039   901   901 W sensors@2.0-ser: type=1400 audit(0.0:6403): avc: denied { read write } for name="diag" dev="tmpfs" ino=12474 scontext=u:r:hal_sensors_default:s0 tcontext=u:object_r:diag_device:s0 tclass=chr_file permissive=0
