--------- beginning of system
09-01 23:36:38.250  1513  2570 I ActivityManager: Force stopping org.mozilla.firefox appid=10258 user=0: from pid 24384
--------- beginning of main
09-01 23:36:38.255  2474  2474 E PhoneInterfaceManager: [PhoneIntfMgr] getCarrierPackageNamesForIntentAndPhone: No UICC
09-01 23:36:38.255  2474  2474 D CarrierSvcBindHelper: No carrier app for: 0
09-01 23:36:38.262  3135  3135 D RegisteredNfcFServicesCache: Service unchanged, not updating
09-01 23:36:38.268  8777  8777 I EuiccGoogle: [2] EuiccServiceImpl.onCreate: onCreate Single-SIM mode: simCardState is 1
09-01 23:36:38.274  8777 24390 I EuiccGoogle: [7054] EuiccServiceImpl.onGetEuiccProfileInfoList: onGetEuiccProfileInfoList: slotId = -1
09-01 23:36:38.277  8777 24390 W EuiccGoogle: [7054] EuiccServiceImpl.onGetEuiccProfileInfoList: slotId=-1. No eUICC is active. Return null.
09-01 23:36:38.507  1513  2570 I ActivityTaskManager: START u0 {act=android.intent.action.VIEW flg=0x10008000 cmp=org.mozilla.firefox/org.mozilla.gecko.BrowserApp} from uid 2000
09-01 23:36:38.507  1513  1572 D EventSequenceValidator: inc AccIntentStartedEvents to 2
09-01 23:36:38.515   901  2806 I sensors-hal: [ssc_utils]get_qmi_debug_flag:244, support_qmi_debug : false
09-01 23:36:38.521 24384 24386 I cmd     : oneway function results will be dropped but finished with status OK and parcel size 4
09-01 23:36:38.522  1513  1572 D CompatibilityChangeReporter: Compat change id reported: 135634846; UID 10258; state: DISABLED
09-01 23:36:38.522  1513  1572 D CompatibilityChangeReporter: Compat change id reported: 135754954; UID 10258; state: ENABLED
09-01 23:36:38.522  1513  1625 D CompatibilityChangeReporter: Compat change id reported: 143937733; UID 10258; state: ENABLED
09-01 23:36:38.526   901  1000 W ASH     : @ 49384.978: Unhandled msg ID 999: line 1277
09-01 23:36:38.526   901  1000 E ASH     : @ 49384.978: No pb callback assigned
09-01 23:36:38.526   901  1000 E ASH     : @ 49384.978: Nanopb error: callback failed:1588
09-01 23:36:38.534   778   778 D Zygote  : Forked child process 24394
09-01 23:36:38.536  1513  1625 I ActivityManager: Start proc 24394:org.mozilla.firefox/u0a258 for pre-top-activity {org.mozilla.firefox/org.mozilla.gecko.BrowserApp}
09-01 23:36:38.547 24394 24394 E mozilla.firefo: Not starting debugger since process cannot load the jdwp agent.
09-01 23:36:38.570  3088  3642 I AssistantForeground: (REDACTED) Get launcher package: %s
09-01 23:36:38.575 24394 24394 D NetworkSecurityConfig: No Network Security Config specified, using platform default
09-01 23:36:38.575 24394 24394 D NetworkSecurityConfig: No Network Security Config specified, using platform default
09-01 23:36:38.581 24394 24394 I FirebaseApp: Device unlocked: initializing all Firebase APIs for app [DEFAULT]
09-01 23:36:38.583 24394 24394 I FirebaseInitProvider: FirebaseApp initialization successful
09-01 23:36:38.600 24394 24394 I rc_log_ffi::ios: rc_log adapter initialized!
09-01 23:36:38.627 24394 24425 I nimbus::nimbus_client: updating experiment list
09-01 23:36:38.628 24394 24425 I nimbus::persistence: Already at version 2, no upgrade needed
09-01 23:36:38.628 24394 24425 I nimbus::nimbus_client: [Nimbus] Retrieved date from Context: 2023-09-01 07:56:38 UTC
09-01 23:36:38.628 24394 24425 I nimbus::nimbus_client: [Nimbus] Installation Date: 2023-09-01 07:56:38 UTC
09-01 23:36:38.628 24394 24425 I nimbus::nimbus_client: [Nimbus] Update Date: 2023-09-01 14:22:00.591064144 UTC
09-01 23:36:38.628 24394 24425 I nimbus::nimbus_client: [Nimbus] Days since install: 0
09-01 23:36:38.628 24394 24425 I nimbus::nimbus_client: [Nimbus] Days since update: 0
09-01 23:36:38.640 24394 24428 I GeckoThread: preparing to run Gecko
09-01 23:36:38.646 24394 24428 I GeckoLoader: Library base=/data/app/~~BtOtpENtY_8SJVQLgbYgRg==/org.mozilla.firefox-ZoJ8FBGk3KN0nHoYkPw1IA==/lib/arm64
09-01 23:36:38.647 24394 24428 W Settings: Setting animator_duration_scale has moved from android.provider.Settings.System to android.provider.Settings.Global, returning read-only global URI.
09-01 23:36:38.648 24394 24428 I GeckoLoader: Library base=/data/app/~~BtOtpENtY_8SJVQLgbYgRg==/org.mozilla.firefox-ZoJ8FBGk3KN0nHoYkPw1IA==/lib/arm64
09-01 23:36:38.648 24394 24428 E GeckoLibLoad: Load sqlite start
09-01 23:36:38.649 24394 24431 I libglean_ffi: glean_core::core: Creating new Glean v53.1.0
09-01 23:36:38.649 24394 24428 E GeckoLibLoad: Load sqlite done
09-01 23:36:38.649 24394 24428 I GeckoLoader: Library base=/data/app/~~BtOtpENtY_8SJVQLgbYgRg==/org.mozilla.firefox-ZoJ8FBGk3KN0nHoYkPw1IA==/lib/arm64
09-01 23:36:38.649 24394 24428 E GeckoLibLoad: Load nss start
09-01 23:36:38.649 24394 24428 E GeckoLibLoad: Load nss done
09-01 23:36:38.649 24394 24428 I GeckoLoader: Library base=/data/app/~~BtOtpENtY_8SJVQLgbYgRg==/org.mozilla.firefox-ZoJ8FBGk3KN0nHoYkPw1IA==/lib/arm64
09-01 23:36:38.650 24394 24428 E GeckoLibLoad: Loaded libs in 0.335469ms total, 0ms(0ms) user, 0ms(0ms) system, 0(0) faults
09-01 23:36:38.650 24394 24428 W GeckoThread: zerdatime 49381876 - runGecko
09-01 23:36:38.650 24394 24431 I libglean_ffi: glean_core::database: Database initialized
09-01 23:36:38.652 24394 24431 I libglean_ffi: glean_core: Glean initialized
09-01 23:36:38.653 24394 24431 I libglean_ffi: glean_core::event_database: Loading events for events
09-01 23:36:38.653 24394 24431 I libglean_ffi: glean_core::event_database: Loading events for background-update
09-01 23:36:38.655 24394 24431 I libglean_ffi: glean_core::ping: Collecting events
09-01 23:36:38.656   901  2806 I sensors-hal: [ssc_utils]get_qmi_debug_flag:244, support_qmi_debug : false
09-01 23:36:38.663 24394 24431 I libglean_ffi: glean_core::upload::directory: Processing ping at: /data/user/0/org.mozilla.firefox/glean_data/pending_pings/9bdc2fdc-e721-4e0c-bc94-20073c333458
09-01 23:36:38.666 24394 24431 I libglean_ffi: glean_core::metrics::ping: The ping 'events' was submitted and will be sent as soon as possible
09-01 23:36:38.675 24394 24431 I TetheringManager: registerTetheringEventCallback:org.mozilla.firefox
09-01 23:36:38.681 24394 24394 I FenixApplication: AutoPushFeature is configured, initializing it...
09-01 23:36:38.684 24394 24394 I AbstractFirebasePushService: start
09-01 23:36:38.685  1513  2262 D CompatibilityChangeReporter: Compat change id reported: 136274596; UID 10258; state: ENABLED
09-01 23:36:38.686   901  1000 W ASH     : @ 49385.138: Unhandled msg ID 999: line 1277
09-01 23:36:38.686   901  1000 E ASH     : @ 49385.138: No pb callback assigned
09-01 23:36:38.686   901  1000 E ASH     : @ 49385.138: Nanopb error: callback failed:1588
09-01 23:36:38.692 24394 24428 I Gecko:DumpUtils: Fifo watcher disabled via pref.
09-01 23:36:38.698   592  2400 W DisplayIdentification: Invalid EDID: falling back to serial number due to missing display name.
09-01 23:36:38.698   592  2400 W DisplayIdentification: Invalid EDID: falling back to ASCII text due to missing serial number.
09-01 23:36:38.699 24394 24394 W org.mozilla.firefox: type=1400 audit(0.0:5974): avc: denied { bind } for comm=4E65746C696E6B204D6F6E69746F72 scontext=u:r:untrusted_app:s0:c2,c257,c512,c768 tcontext=u:r:untrusted_app:s0:c2,c257,c512,c768 tclass=netlink_route_socket permissive=0 b/155595000 app=org.mozilla.firefox
09-01 23:36:38.702  1513  2262 I ActivityTaskManager: START u0 {act=android.intent.action.VIEW cmp=org.mozilla.firefox/org.mozilla.fenix.HomeActivity (has extras)} from uid 10258
09-01 23:36:38.705   901  2806 I sensors-hal: [ssc_utils]get_qmi_debug_flag:244, support_qmi_debug : false
09-01 23:36:38.726   901  1000 W ASH     : @ 49385.178: Unhandled msg ID 999: line 1277
09-01 23:36:38.726   901  1000 E ASH     : @ 49385.178: No pb callback assigned
09-01 23:36:38.726   901  1000 E ASH     : @ 49385.178: Nanopb error: callback failed:1588
09-01 23:36:38.729  1513  2570 W ActivityTaskManager: Tried to set launchTime (0) < mLastActivityLaunchTime (49381781)
09-01 23:36:38.730 24394 24431 I glean/MetricsPingSched: The 'metrics' ping was already sent today, 1693604198693.
09-01 23:36:38.743 24394 24431 I libglean_ffi: glean_core::ping: Collecting baseline
09-01 23:36:38.749  2158  2158 I WallpaperService: engine resumed
09-01 23:36:38.751   901   901 I sensors-hal: [hal]batch_physical_sensor:301, android.sensor.gyroscope/41, period=20000000, max_latency=0
09-01 23:36:38.751   901   901 I sensors-hal: [hal]batch_physical_sensor:310, android.sensor.gyroscope/41, period=20000000, max_latency=0 request completed
09-01 23:36:38.752   901   901 I sensors-hal: [hal]activate_physical_sensor:238, android.sensor.gyroscope/41 en=1
09-01 23:36:38.752   901   901 I sensors-hal: [ssc_utils]get_qmi_debug_flag:244, support_qmi_debug : false
09-01 23:36:38.759   901   901 W sensors@2.0-ser: type=1400 audit(0.0:5975): avc: denied { read write } for name="diag" dev="tmpfs" ino=12474 scontext=u:r:hal_sensors_default:s0 tcontext=u:object_r:diag_device:s0 tclass=chr_file permissive=0
09-01 23:36:38.759   901   901 W sensors@2.0-ser: type=1400 audit(0.0:5976): avc: denied { read write } for name="diag" dev="tmpfs" ino=12474 scontext=u:r:hal_sensors_default:s0 tcontext=u:object_r:diag_device:s0 tclass=chr_file permissive=0
09-01 23:36:38.759   901   901 D Diag_Lib:  Diag_LSM_Init: Failed to open handle to diag driver, error = 13
09-01 23:36:38.760   901   901 D Diag_Lib:  Diag_LSM_Init: Failed to open handle to diag driver, error = 13
09-01 23:36:38.760   901   901 I sensors-hal: [ssc_sensor]update_handle:537, handle=331, type=33, wakeup=0, hwid=0, base=331
09-01 23:36:38.760   901   901 I sensors-hal: [ssc_utils]get_qmi_debug_flag:244, support_qmi_debug : false
09-01 23:36:38.773   901   901 I sensors-hal: [ssc_utils]get_qmi_debug_flag:244, support_qmi_debug : false
09-01 23:36:38.774   901 24486 I sensors-hal: [ssc_sensor]ssc_conn_resp_cb:663, resp_value = 0
09-01 23:36:38.775   901  1000 W SEE     : @ 49385.226: adding req to Q sensor=8 req=0xb202a278 msg=513
09-01 23:36:38.776   901 24486 I sensors-hal: [sensor]submit_sensors_hal_event:146, android.sensor.additional_info: trying to push empty Events, count = 0
09-01 23:36:38.776   901 24486 I sensors-hal: [sensor]submit_sensors_hal_event:146, android.sensor.additional_info: trying to push empty Events, count = 0
09-01 23:36:38.780 24394 24431 I libglean_ffi: glean_core::upload::directory: Processing ping at: /data/user/0/org.mozilla.firefox/glean_data/pending_pings/eb58a4fe-b1bf-4074-9c33-a3cb06070224
09-01 23:36:38.781   901   901 I sensors-hal: [hal]activate_physical_sensor:249, android.sensor.gyroscope/41 en=1 completed
09-01 23:36:38.782   901  1000 W SEE     : @ 49385.234: adding req to Q sensor=2 req=0xb20352a8 msg=513
09-01 23:36:38.782   901 24492 I sensors-hal: [ssc_sensor]ssc_conn_resp_cb:663, resp_value = 0
09-01 23:36:38.783 24394 24431 I libglean_ffi: glean_core::metrics::ping: The ping 'baseline' was submitted and will be sent as soon as possible
09-01 23:36:38.784   901 24492 I sensors-hal: [sensor]submit_sensors_hal_event:146, android.sensor.gyroscope: trying to push empty Events, count = 1
09-01 23:36:38.784   901 24492 I chatty  : uid=1000(system) sensors@2.0-ser identical 2 lines
09-01 23:36:38.790   901 24492 I sensors-hal: [sensor]submit_sensors_hal_event:146, android.sensor.gyroscope: trying to push empty Events, count = 1
09-01 23:36:38.794 24394 24427 I libglean_ffi: glean_core::ping: Collecting pageload
09-01 23:36:38.795 24394 24427 I libglean_ffi: glean_core::ping: Storage for pageload empty. Bailing out.
09-01 23:36:38.795 24394 24427 I libglean_ffi: glean_core::metrics::ping: No content for ping 'pageload', therefore no ping queued.
09-01 23:36:38.795 24394 24428 W mozilla.firefo: Accessing hidden field Ljava/lang/Boolean;->value:Z (greylist-max-p, JNI, denied)
09-01 23:36:38.795 24394 24428 W mozilla.firefo: Accessing hidden field Ljava/lang/Integer;->value:I (greylist-max-p, JNI, denied)
09-01 23:36:38.796 24394 24428 W mozilla.firefo: Accessing hidden field Ljava/lang/Double;->value:D (greylist-max-p, JNI, denied)
09-01 23:36:38.798 24394 24427 I libglean_ffi: glean_core::core: Upload enabled: true
09-01 23:36:38.815 24337 24498 D ProfileInstaller: Installing profile for com.example.batterymanager_utility
09-01 23:36:38.824 24394 24394 I NavController: Ignoring popBackStack to destination org.mozilla.firefox:id/browserFragment as it was not found on the current back stack
09-01 23:36:38.824 24394 24463 I push::internal::communications::rate_limiter: No need to reset inner timestamp and count for verify_connection.
09-01 23:36:38.831  1513  8503 D CompatibilityChangeReporter: Compat change id reported: 135634846; UID 10258; state: DISABLED
09-01 23:36:38.831  1513  8503 D CompatibilityChangeReporter: Compat change id reported: 135754954; UID 10258; state: ENABLED
09-01 23:36:38.832  1513  1625 D CompatibilityChangeReporter: Compat change id reported: 143937733; UID 10258; state: ENABLED
09-01 23:36:38.834 24394 24394 I ContileTopSitesUpdater: Started periodic work to update Contile top sites
09-01 23:36:38.834  2062  2084 W System  : A resource failed to call release. 
09-01 23:36:38.835  2062  2084 I chatty  : uid=10233(com.android.systemui) FinalizerDaemon identical 4 lines
09-01 23:36:38.837  2062  2084 W System  : A resource failed to call release. 
09-01 23:36:38.838 24394 24463 I push::internal::communications::rate_limiter: Not allowed: count(99) > 1 for verify_connection.
09-01 23:36:38.840 24394 24463 I AutoPushFeature: No change to subscriptions. Doing nothing.
09-01 23:36:38.841   778   778 D Zygote  : Forked child process 24499
09-01 23:36:38.842  1513  1625 I ActivityManager: Start proc 24499:org.mozilla.firefox:tab17/u0a258 for service {org.mozilla.firefox/org.mozilla.gecko.process.GeckoChildProcessServices$tab17}
09-01 23:36:38.844 24394 24443 I service-pocket: Scheduling pocket recommendations background refresh
09-01 23:36:38.847 24394 24443 I service-pocket: Scheduling sponsored stories background refresh
09-01 23:36:38.859  1513  2000 D ConnectivityService: NetReassign [no changes]
09-01 23:36:38.860 24499 24499 E a.firefox:tab1: Not starting debugger since process cannot load the jdwp agent.
09-01 23:36:38.878  1513  2262 D CompatibilityChangeReporter: Compat change id reported: 136274596; UID 10258; state: ENABLED
09-01 23:36:38.910 24394 24394 W GeckoViewActivityContextDelegate: A non-activity context was set.
09-01 23:36:38.919 24394 24394 I BgSyncManager: Periodic syncing enabled: PeriodicSyncConfig(periodMinutes=240, initialDelayMinutes=5)
09-01 23:36:38.919 24394 24394 I FirefoxAccountStateMachine: Sync is enabled
09-01 23:36:38.927 24499 24499 D NetworkSecurityConfig: No Network Security Config specified, using platform default
09-01 23:36:38.927 24499 24499 D NetworkSecurityConfig: No Network Security Config specified, using platform default
09-01 23:36:38.946 24394 24441 I StartupTypeTelemetry: Recorded start up: cold_view
09-01 23:36:38.947 24499 24499 I ServiceChildProcess: onCreate
09-01 23:36:38.947 24499 24535 I GeckoThread: preparing to run Gecko
09-01 23:36:38.948 24394 24427 I libglean_ffi: glean_core::ping: Collecting baseline
09-01 23:36:38.954 24394 24427 I libglean_ffi: glean_core::upload::directory: Processing ping at: /data/user/0/org.mozilla.firefox/glean_data/pending_pings/64b99ce5-ad4f-4dc4-927a-c10e11ce743b
09-01 23:36:38.957   594   655 I SDM     : HWDeviceDRM::UpdateMixerAttributes: Mixer WxH 1080x2340-1 for Peripheral
09-01 23:36:38.957   594   655 I SDM     : DisplayBase::SetActiveConfig: Active configuration changed to: 0
09-01 23:36:38.957   594   655 I SDM     : StrategyImpl::SetIdleTimeoutMs: Idle timeout set to zero for command mode panels
09-01 23:36:38.958 24394 24536 I FirefoxAccountStateMachine: Processing event 'mozilla.components.service.fxa.manager.Event$Account$Start@cc3ee02' for state Idle(accountState=NotAuthenticated). Next state is Active(progressState=Initializing)
09-01 23:36:38.960 24394 24427 I libglean_ffi: glean_core::metrics::ping: The ping 'baseline' was submitted and will be sent as soon as possible
09-01 23:36:38.965   901  2806 I sensors-hal: [ssc_utils]get_qmi_debug_flag:244, support_qmi_debug : false
09-01 23:36:38.967 24394 24464 I AdrenoGLES-0: QUALCOMM build                   : 35605c3, Ia11ce2d146
09-01 23:36:38.967 24394 24464 I AdrenoGLES-0: Build Date                       : 09/02/20
09-01 23:36:38.967 24394 24464 I AdrenoGLES-0: OpenGL ES Shader Compiler Version: EV031.31.04.00
09-01 23:36:38.967 24394 24464 I AdrenoGLES-0: Local Branch                     : gfx-adreno.lnx.2.0
09-01 23:36:38.967 24394 24464 I AdrenoGLES-0: Remote Branch                    : 
09-01 23:36:38.967 24394 24464 I AdrenoGLES-0: Remote Branch                    : 
09-01 23:36:38.967 24394 24464 I AdrenoGLES-0: Reconstruct Branch               : 
09-01 23:36:38.967 24394 24464 I AdrenoGLES-0: Build Config                     : S P 10.0.4 AArch64
09-01 23:36:38.968 24394 24464 I AdrenoGLES-0: Driver Path                      : /vendor/lib64/egl/libGLESv2_adreno.so
09-01 23:36:38.969  1513  1572 I DisplayManagerService: Display device changed: DisplayDeviceInfo{"Built-in Screen": uniqueId="local:19260504575090817", 1080 x 2340, modeId 2, defaultModeId 2, supportedModes [{id=1, width=1080, height=2340, fps=90.0}, {id=2, width=1080, height=2340, fps=60.000004}], colorMode 0, supportedColorModes [0, 7, 9], HdrCapabilities HdrCapabilities{mSupportedHdrTypes=[2, 3, 4], mMaxLuminance=500.0, mMaxAverageLuminance=500.0, mMinLuminance=0.0}, allmSupported false, gameContentTypeSupported false, density 440, 435.428 x 433.839 dpi, appVsyncOff 2333332, presDeadline 11500000, cutout DisplayCutout{insets=Rect(0, 136 - 0, 0) waterfall=Insets{left=0, top=0, right=0, bottom=0} boundingRect={Bounds=[Rect(0, 0 - 0, 0), Rect(0, 0 - 136, 136), Rect(0, 0 - 0, 0), Rect(0, 0 - 0, 0)]}}, touch INTERNAL, rotation 0, type INTERNAL, address {port=129, model=0x446d53ad64a0}, deviceProductInfo DeviceProductInfo{name=, manufacturerPnpId=QCM, productId=1, modelYear=null, manufactureDate=ManufactureDate{week=27, year=2006}, relativeAddress=null}, state ON, FLAG_DEFAULT_DISPLAY, FLAG_ROTATES_WITH_CONTENT, FLAG_SECURE, FLAG_SUPPORTS_PROTECTED_BUFFERS}
09-01 23:36:38.972   594   655 I SDM     : StrategyImpl::SetIdleTimeoutMs: Idle timeout set to zero for command mode panels
09-01 23:36:38.975 24394 24414 I mozilla.firefo: Waiting for a blocking GC ProfileSaver
09-01 23:36:38.979 24394 24464 I AdrenoGLES-0: PFP: 0x016dd090, ME: 0x00000000
09-01 23:36:38.980 24394 24414 I mozilla.firefo: WaitForGcToComplete blocked ProfileSaver on RunEmptyCheckpoint for 5.354ms
09-01 23:36:38.988  1513  8504 D ConnectivityService: requestNetwork for uid/pid:10258/24394 NetworkRequest [ TRACK_DEFAULT id=2279, [ Capabilities: INTERNET&NOT_RESTRICTED&TRUSTED Uid: 10258 AdministratorUids: [] RequestorUid: 10258 RequestorPackageName: org.mozilla.firefox] ]
09-01 23:36:38.989  1513  2000 D ConnectivityService: NetReassign [2279 : null → 100]
09-01 23:36:38.989  1513  1996 D WifiNetworkFactory: got request NetworkRequest [ TRACK_DEFAULT id=2279, [ Capabilities: INTERNET&NOT_RESTRICTED&TRUSTED Uid: 10258 AdministratorUids: [] RequestorUid: 10258 RequestorPackageName: org.mozilla.firefox] ] with score 60 and providerId 5
09-01 23:36:38.989  1513  2038 D Ethernet: got request NetworkRequest [ TRACK_DEFAULT id=2279, [ Capabilities: INTERNET&NOT_RESTRICTED&TRUSTED Uid: 10258 AdministratorUids: [] RequestorUid: 10258 RequestorPackageName: org.mozilla.firefox] ] with score 60 and providerId 5
09-01 23:36:38.989  1513  1996 D UntrustedWifiNetworkFactory: got request NetworkRequest [ TRACK_DEFAULT id=2279, [ Capabilities: INTERNET&NOT_RESTRICTED&TRUSTED Uid: 10258 AdministratorUids: [] RequestorUid: 10258 RequestorPackageName: org.mozilla.firefox] ] with score 60 and providerId 5
09-01 23:36:38.989  1513  2037 D WIFI_AWARE_FACTORY: got request NetworkRequest [ TRACK_DEFAULT id=2279, [ Capabilities: INTERNET&NOT_RESTRICTED&TRUSTED Uid: 10258 AdministratorUids: [] RequestorUid: 10258 RequestorPackageName: org.mozilla.firefox] ] with score 60 and providerId 5
09-01 23:36:38.989  2474  2474 D PhoneSwitcherNetworkRequstListener: got request NetworkRequest [ TRACK_DEFAULT id=2279, [ Capabilities: INTERNET&NOT_RESTRICTED&TRUSTED Uid: 10258 AdministratorUids: [] RequestorUid: 10258 RequestorPackageName: org.mozilla.firefox] ] with score 60 and providerId 5
09-01 23:36:38.995 24394 24464 W AdrenoUtils: <ReadGpuID_from_sysfs:197>: Failed to open /sys/class/kgsl/kgsl-3d0/gpu_model
09-01 23:36:38.995 24394 24464 W AdrenoUtils: <ReadGpuID:221>: Failed to read chip ID from gpu_model. Fallback to use the GSL path
09-01 23:36:39.006   901  1000 W ASH     : @ 49385.458: Unhandled msg ID 999: line 1277
09-01 23:36:39.006   901  1000 E ASH     : @ 49385.458: No pb callback assigned
09-01 23:36:39.006   901  1000 E ASH     : @ 49385.458: Nanopb error: callback failed:1588
09-01 23:36:39.020  1513  1572 D EventSequenceValidator: dec AccIntentStartedEvents to 1
09-01 23:36:39.021  1513  1622 D ArtManagerInternalImpl: /data/misc/iorapd/org.mozilla.firefox/2015969571/org.mozilla.fenix.HomeActivity/compiled_traces/compiled_trace.pb doesn't exist
09-01 23:36:39.023  1513  1622 I ActivityTaskManager: Displayed org.mozilla.firefox/org.mozilla.fenix.HomeActivity: +511ms
09-01 23:36:39.030   594   655 I SDM     : HWDeviceDRM::UpdateMixerAttributes: Mixer WxH 1080x2340-1 for Peripheral
09-01 23:36:39.030   594   655 I SDM     : DisplayBase::SetActiveConfig: Active configuration changed to: 1
09-01 23:36:39.030   594   655 I SDM     : StrategyImpl::SetIdleTimeoutMs: Idle timeout set to zero for command mode panels
09-01 23:36:39.033  1513  1572 I DisplayManagerService: Display device changed: DisplayDeviceInfo{"Built-in Screen": uniqueId="local:19260504575090817", 1080 x 2340, modeId 1, defaultModeId 2, supportedModes [{id=1, width=1080, height=2340, fps=90.0}, {id=2, width=1080, height=2340, fps=60.000004}], colorMode 0, supportedColorModes [0, 7, 9], HdrCapabilities HdrCapabilities{mSupportedHdrTypes=[2, 3, 4], mMaxLuminance=500.0, mMaxAverageLuminance=500.0, mMinLuminance=0.0}, allmSupported false, gameContentTypeSupported false, density 440, 435.428 x 433.839 dpi, appVsyncOff 2333333, presDeadline 11500000, cutout DisplayCutout{insets=Rect(0, 136 - 0, 0) waterfall=Insets{left=0, top=0, right=0, bottom=0} boundingRect={Bounds=[Rect(0, 0 - 0, 0), Rect(0, 0 - 136, 136), Rect(0, 0 - 0, 0), Rect(0, 0 - 0, 0)]}}, touch INTERNAL, rotation 0, type INTERNAL, address {port=129, model=0x446d53ad64a0}, deviceProductInfo DeviceProductInfo{name=, manufacturerPnpId=QCM, productId=1, modelYear=null, manufactureDate=ManufactureDate{week=27, year=2006}, relativeAddress=null}, state ON, FLAG_DEFAULT_DISPLAY, FLAG_ROTATES_WITH_CONTENT, FLAG_SECURE, FLAG_SUPPORTS_PROTECTED_BUFFERS}
09-01 23:36:39.041   901  2806 I sensors-hal: [ssc_utils]get_qmi_debug_flag:244, support_qmi_debug : false
09-01 23:36:39.046  2858  2858 I GoogleInputMethodService: GoogleInputMethodService.onFinishInput():3280 
09-01 23:36:39.048  2858  2858 I GoogleInputMethodService: GoogleInputMethodService.updateDeviceLockedStatus():2169 repeatCheckTimes = 0, unlocked = true
09-01 23:36:39.049  2858  2858 I GoogleInputMethodService: GoogleInputMethodService.onStartInput():1960 onStartInput(EditorInfo{inputType=0x0(NULL) imeOptions=0x0 privateImeOptions=null actionName=UNSPECIFIED actionLabel=null actionId=0 initialSelStart=-1 initialSelEnd=-1 initialCapsMode=0x0 hintText=null label=null packageName=org.mozilla.firefox fieldId=-1 fieldName=null extras=null}, false)
09-01 23:36:39.049  2858  2858 I GoogleInputMethodService: GoogleInputMethodService.shouldHideHeaderOnInitialState():4081 ShouldHideHeaderOnInitialState = false
09-01 23:36:39.049  2858  2858 I GoogleInputMethodService: GoogleInputMethodService.updateDeviceLockedStatus():2169 repeatCheckTimes = 2, unlocked = true
09-01 23:36:39.053   901  1000 W ASH     : @ 49385.504: Unhandled msg ID 999: line 1277
09-01 23:36:39.053   901  1000 E ASH     : @ 49385.504: No pb callback assigned
09-01 23:36:39.053   901  1000 E ASH     : @ 49385.504: Nanopb error: callback failed:1588
09-01 23:36:39.061 24394 24536 I FirefoxAccount: Registering persistence callback
09-01 23:36:39.061 24394 24536 I FirefoxAccountStateMachine: Ran 'mozilla.components.service.fxa.manager.Event$Account$Start@cc3ee02' side-effects for state Active(progressState=Initializing), got successive event mozilla.components.service.fxa.manager.Event$Progress$AccountNotFound@295112f
09-01 23:36:39.061 24394 24536 I FirefoxAccountStateMachine: Processing event 'mozilla.components.service.fxa.manager.Event$Progress$AccountNotFound@295112f' for state Active(progressState=Initializing). Next state is Idle(accountState=NotAuthenticated)
09-01 23:36:39.067 24394 24446 E GeckoSession: String does not represent valid session state.
09-01 23:36:39.068 24394 24446 I chatty  : uid=10258(org.mozilla.firefox) identical 1 line
09-01 23:36:39.069 24394 24446 E GeckoSession: String does not represent valid session state.
09-01 23:36:39.069 24394 24557 I libglean_ffi: glean_core::upload: New upload task with id 9bdc2fdc-e721-4e0c-bc94-20073c333458 (path: /submit/org-mozilla-firefox/events/1/9bdc2fdc-e721-4e0c-bc94-20073c333458)
09-01 23:36:39.070 24394 24446 E GeckoSession: String does not represent valid session state.
09-01 23:36:39.090 24394 24446 I chatty  : uid=10258(org.mozilla.firefox) identical 21 lines
09-01 23:36:39.090 24394 24446 E GeckoSession: String does not represent valid session state.
09-01 23:36:39.092 24394 24439 W logins::schema: user_version: 2
09-01 23:36:39.150  1513  2570 D CompatibilityChangeReporter: Compat change id reported: 135634846; UID 10258; state: DISABLED
09-01 23:36:39.151  1513  2570 D CompatibilityChangeReporter: Compat change id reported: 135754954; UID 10258; state: ENABLED
09-01 23:36:39.151  1513  1625 D CompatibilityChangeReporter: Compat change id reported: 143937733; UID 10258; state: ENABLED
09-01 23:36:39.166   778   778 D Zygote  : Forked child process 24577
09-01 23:36:39.168  1513  1625 I ActivityManager: Start proc 24577:org.mozilla.firefox:gpu/u0a258 for service {org.mozilla.firefox/org.mozilla.gecko.process.GeckoChildProcessServices$gpu}
09-01 23:36:39.183 24577 24577 E lla.firefox:gp: Not starting debugger since process cannot load the jdwp agent.
09-01 23:36:39.191  1513  2570 W ActivityManager: Receiver with filter android.content.IntentFilter@cc9dc0c already registered for pid 24394, callerPackage is org.mozilla.firefox
09-01 23:36:39.200  1513  2570 D CompatibilityChangeReporter: Compat change id reported: 136274596; UID 10258; state: ENABLED
09-01 23:36:39.237 24577 24577 D NetworkSecurityConfig: No Network Security Config specified, using platform default
09-01 23:36:39.237 24577 24577 D NetworkSecurityConfig: No Network Security Config specified, using platform default
09-01 23:36:39.250 24577 24577 I ServiceChildProcess: onCreate
09-01 23:36:39.253 24577 24605 I GeckoThread: preparing to run Gecko
09-01 23:36:39.258 24577 24605 I GeckoLoader: Library base=/data/app/~~BtOtpENtY_8SJVQLgbYgRg==/org.mozilla.firefox-ZoJ8FBGk3KN0nHoYkPw1IA==/lib/arm64
09-01 23:36:39.258 24577 24605 I GeckoLoader: Library base=/data/app/~~BtOtpENtY_8SJVQLgbYgRg==/org.mozilla.firefox-ZoJ8FBGk3KN0nHoYkPw1IA==/lib/arm64
09-01 23:36:39.265 24577 24605 E GeckoLibLoad: Load sqlite start
09-01 23:36:39.265 24577 24605 E GeckoLibLoad: Load sqlite done
09-01 23:36:39.265 24577 24605 I GeckoLoader: Library base=/data/app/~~BtOtpENtY_8SJVQLgbYgRg==/org.mozilla.firefox-ZoJ8FBGk3KN0nHoYkPw1IA==/lib/arm64
09-01 23:36:39.266 24577 24605 E GeckoLibLoad: Load nss start
09-01 23:36:39.266 24577 24605 E GeckoLibLoad: Load nss done
09-01 23:36:39.266 24577 24605 I GeckoLoader: Library base=/data/app/~~BtOtpENtY_8SJVQLgbYgRg==/org.mozilla.firefox-ZoJ8FBGk3KN0nHoYkPw1IA==/lib/arm64
09-01 23:36:39.276 24577 24605 E GeckoLibLoad: Loaded libs in 10.400731ms total, 0ms(0ms) user, 9ms(8ms) system, 0(0) faults
09-01 23:36:39.276 24577 24605 W GeckoThread: zerdatime 49382502 - runGecko
09-01 23:36:39.303 24394 24394 I SessionPrioritizationMiddleware: Update the currentSelectedTab 83ed7381-28dd-4edf-a6e5-a98f168c5d49 priority to HIGH
09-01 23:36:39.323 24394 24438 W ActivityThread: ClassLoader.getResources: The class loader returned by Thread.getContextClassLoader() may fail for processes that host multiple applications. You should explicitly specify a context class loader. For example: Thread.setContextClassLoader(getClass().getClassLoader());
09-01 23:36:39.336  2158  2158 I WallpaperService: engine paused
09-01 23:36:39.337   901   901 I sensors-hal: [hal]activate_physical_sensor:238, android.sensor.gyroscope/41 en=0
09-01 23:36:39.344   901   901 D Diag_Lib: diag: Diag_LSM_DeInit done for pid: 901
09-01 23:36:39.344  3088  3656 I AssistantForeground: (REDACTED) Get launcher package: %s
09-01 23:36:39.345   901   901 D Diag_Lib: diag: Diag_LSM_DeInit done for pid: 901
09-01 23:36:39.345   901   901 I sensors-hal: [hal]activate_physical_sensor:249, android.sensor.gyroscope/41 en=0 completed
09-01 23:36:39.351 24577 24621 I AdrenoGLES-0: QUALCOMM build                   : 35605c3, Ia11ce2d146
09-01 23:36:39.351 24577 24621 I AdrenoGLES-0: Build Date                       : 09/02/20
09-01 23:36:39.351 24577 24621 I AdrenoGLES-0: OpenGL ES Shader Compiler Version: EV031.31.04.00
09-01 23:36:39.351 24577 24621 I AdrenoGLES-0: Local Branch                     : gfx-adreno.lnx.2.0
09-01 23:36:39.351 24577 24621 I AdrenoGLES-0: Remote Branch                    : 
09-01 23:36:39.351 24577 24621 I AdrenoGLES-0: Remote Branch                    : 
09-01 23:36:39.351 24577 24621 I AdrenoGLES-0: Reconstruct Branch               : 
09-01 23:36:39.351 24577 24621 I AdrenoGLES-0: Build Config                     : S P 10.0.4 AArch64
09-01 23:36:39.352 24577 24621 I AdrenoGLES-0: Driver Path                      : /vendor/lib64/egl/libGLESv2_adreno.so
09-01 23:36:39.364 24577 24621 I AdrenoGLES-0: PFP: 0x016dd090, ME: 0x00000000
09-01 23:36:39.372 24577 24621 W AdrenoUtils: <ReadGpuID_from_sysfs:197>: Failed to open /sys/class/kgsl/kgsl-3d0/gpu_model
09-01 23:36:39.372 24577 24621 W AdrenoUtils: <ReadGpuID:221>: Failed to read chip ID from gpu_model. Fallback to use the GSL path
09-01 23:36:39.435  2816  3036 I FontLog : Received query Noto Color Emoji Compat, URI content://com.google.android.gms.fonts [CONTEXT service_id=132 ]
09-01 23:36:39.435  2816  3036 I FontLog : Query [emojicompat-emoji-font] resolved to {Noto Color Emoji Compat, wdth 100.0, wght 400, ital 0.0, bestEffort false} [CONTEXT service_id=132 ]
09-01 23:36:39.437  2816  3036 I FontLog : Fetch {Noto Color Emoji Compat, wdth 100.0, wght 400, ital 0.0, bestEffort false} end status Status{statusCode=SUCCESS, resolution=null} [CONTEXT service_id=132 ]
09-01 23:36:39.444  2816  3036 I FontLog : Pulling font file for id = 1759, cache size = 5 [CONTEXT service_id=132 ]
09-01 23:36:39.448 24499 24535 I GeckoLoader: Library base=/data/app/~~BtOtpENtY_8SJVQLgbYgRg==/org.mozilla.firefox-ZoJ8FBGk3KN0nHoYkPw1IA==/lib/arm64
09-01 23:36:39.448 24499 24535 I GeckoLoader: Library base=/data/app/~~BtOtpENtY_8SJVQLgbYgRg==/org.mozilla.firefox-ZoJ8FBGk3KN0nHoYkPw1IA==/lib/arm64
09-01 23:36:39.450 24499 24535 E GeckoLibLoad: Load sqlite start
09-01 23:36:39.451 24499 24535 E GeckoLibLoad: Load sqlite done
09-01 23:36:39.452  2816  3036 I FontLog : Pulling font file for id = 1759, cache size = 5 [CONTEXT service_id=132 ]
09-01 23:36:39.452 24499 24535 I GeckoLoader: Library base=/data/app/~~BtOtpENtY_8SJVQLgbYgRg==/org.mozilla.firefox-ZoJ8FBGk3KN0nHoYkPw1IA==/lib/arm64
09-01 23:36:39.452 24499 24535 E GeckoLibLoad: Load nss start
09-01 23:36:39.452 24499 24535 E GeckoLibLoad: Load nss done
09-01 23:36:39.452 24499 24535 I GeckoLoader: Library base=/data/app/~~BtOtpENtY_8SJVQLgbYgRg==/org.mozilla.firefox-ZoJ8FBGk3KN0nHoYkPw1IA==/lib/arm64
09-01 23:36:39.452 24394 24428 W VideoCapabilities: Unrecognized level 1879048707 for video/x-vnd.on2.vp8
09-01 23:36:39.452 24394 24428 W VideoCapabilities: Unrecognized profile 1879048704 for video/x-vnd.on2.vp8
09-01 23:36:39.452 24394 24428 W VideoCapabilities: Unrecognized level 1879048707 for video/x-vnd.on2.vp8
09-01 23:36:39.452 24394 24428 W VideoCapabilities: Unrecognized profile 1879048704 for video/x-vnd.on2.vp8
09-01 23:36:39.454 24394 24428 W VideoCapabilities: Unsupported mime image/vnd.android.heic
09-01 23:36:39.454 24394 24428 W VideoCapabilities: Unrecognized level 1879048707 for video/x-vnd.on2.vp8
09-01 23:36:39.454 24394 24428 W VideoCapabilities: Unrecognized profile 1879048704 for video/x-vnd.on2.vp8
09-01 23:36:39.454 24394 24428 W VideoCapabilities: Unrecognized level 1879048707 for video/x-vnd.on2.vp8
09-01 23:36:39.454 24394 24428 W VideoCapabilities: Unrecognized profile 1879048704 for video/x-vnd.on2.vp8
09-01 23:36:39.470  1513  8184 I AdrenoGLES-0: QUALCOMM build                   : 35605c3, Ia11ce2d146
09-01 23:36:39.470  1513  8184 I AdrenoGLES-0: Build Date                       : 09/02/20
09-01 23:36:39.470  1513  8184 I AdrenoGLES-0: OpenGL ES Shader Compiler Version: EV031.31.04.00
09-01 23:36:39.470  1513  8184 I AdrenoGLES-0: Local Branch                     : gfx-adreno.lnx.2.0
09-01 23:36:39.470  1513  8184 I AdrenoGLES-0: Remote Branch                    : 
09-01 23:36:39.470  1513  8184 I AdrenoGLES-0: Remote Branch                    : 
09-01 23:36:39.470  1513  8184 I AdrenoGLES-0: Reconstruct Branch               : 
09-01 23:36:39.470  1513  8184 I AdrenoGLES-0: Build Config                     : S P 10.0.4 AArch64
09-01 23:36:39.470  1513  8184 I AdrenoGLES-0: Driver Path                      : /vendor/lib64/egl/libGLESv2_adreno.so
09-01 23:36:39.476 24499 24535 E GeckoLibLoad: Loaded libs in 23.899377ms total, 1ms(3ms) user, 18ms(16ms) system, 0(0) faults
09-01 23:36:39.476 24499 24535 W GeckoThread: zerdatime 49382702 - runGecko
09-01 23:36:39.480  1513  8184 I AdrenoGLES-0: PFP: 0x016dd090, ME: 0x00000000
09-01 23:36:39.484 24394 24428 I GeckoSession: zerdatime 49382710 - chrome startup finished
09-01 23:36:39.489 24394 24394 I GeckoSession: handleMessage GeckoView:PageStart uri=
09-01 23:36:39.490 24394 24394 I GeckoSession: handleMessage GeckoView:PageStop uri=null
09-01 23:36:39.558 24394 24394 I DefaultSupportedAddonsChecker: Unregister check for new supported add-ons
09-01 23:36:39.559 24394 24394 I WebExtension: releasePendingMessages: extension=fxa@mozac.org nativeApp=mozacWebchannel session=org.mozilla.geckoview.GeckoSession@dfc28ce
09-01 23:36:39.560 24394 24394 I WebExtension: releasePendingMessages: extension=fxa@mozac.org nativeApp=mozacWebchannelBackground session=null
09-01 23:36:39.565 24394 24428 D GeckoIdleService: Registering Idle observer callback
09-01 23:36:39.565 24394 24428 D GeckoIdleService: Register idle observer 0x79a9d08580 for 180 seconds
09-01 23:36:39.565 24394 24428 D GeckoIdleService: Register: adjusting next switch from -1 to 180 seconds
09-01 23:36:39.565 24394 24428 D GeckoIdleService: next timeout 180000 msec from now
09-01 23:36:39.565 24394 24428 D GeckoIdleService: SetTimerExpiryIfBefore: next timeout 180000 msec from now
09-01 23:36:39.565 24394 24428 D GeckoIdleService: reset timer expiry to 180010 msec from now
09-01 23:36:39.568 24394 24394 I WebExtension: releasePendingMessages: extension=icons@mozac.org nativeApp=MozacBrowserIcons session=org.mozilla.geckoview.GeckoSession@dfc28ce
09-01 23:36:39.568 24394 24394 I WebExtension: releasePendingMessages: extension=readerview@mozac.org nativeApp=mozacReaderview session=org.mozilla.geckoview.GeckoSession@dfc28ce
09-01 23:36:39.568 24394 24394 I WebExtension: releasePendingMessages: extension=readerview@mozac.org nativeApp=mozacReaderviewActive session=org.mozilla.geckoview.GeckoSession@dfc28ce
09-01 23:36:39.568 24394 24394 I WebExtension: releasePendingMessages: extension=readerview@mozac.org nativeApp=mozacReaderview session=org.mozilla.geckoview.GeckoSession@dfc28ce
09-01 23:36:39.570 24394 24428 D GeckoIdleService: Register idle observer 0x7950e10a28 for 5 seconds
09-01 23:36:39.571 24394 24428 D GeckoIdleService: Register: adjusting next switch from 180 to 5 seconds
09-01 23:36:39.571 24394 24428 D GeckoIdleService: next timeout 4994 msec from now
09-01 23:36:39.571 24394 24428 D GeckoIdleService: SetTimerExpiryIfBefore: next timeout 4994 msec from now
09-01 23:36:39.571 24394 24428 D GeckoIdleService: reset timer expiry to 5004 msec from now
09-01 23:36:39.586 24394 24394 I WebExtension: releasePendingMessages: extension=ads@mozac.org nativeApp=MozacBrowserAdsMessage session=org.mozilla.geckoview.GeckoSession@dfc28ce
09-01 23:36:39.587 24394 24394 I WebExtension: releasePendingMessages: extension=cookies@mozac.org nativeApp=MozacBrowserSearchMessage session=org.mozilla.geckoview.GeckoSession@dfc28ce
09-01 23:36:39.588 24394 24394 I GeckoSession: handleMessage GeckoView:PageStart uri=
09-01 23:36:39.687 24394 24557 I libglean_ffi: glean_core::upload: Ping 9bdc2fdc-e721-4e0c-bc94-20073c333458 successfully sent 200.
09-01 23:36:39.688 24394 24557 I libglean_ffi: glean_core::upload::directory: File was deleted /data/user/0/org.mozilla.firefox/glean_data/pending_pings/9bdc2fdc-e721-4e0c-bc94-20073c333458
09-01 23:36:39.691 24394 24557 I libglean_ffi: glean_core::upload: New upload task with id eb58a4fe-b1bf-4074-9c33-a3cb06070224 (path: /submit/org-mozilla-firefox/baseline/1/eb58a4fe-b1bf-4074-9c33-a3cb06070224)
09-01 23:36:40.166   901  1000 D VSC     : @ 49386.618: [WO] tilt angle 89
09-01 23:36:40.171 24394 24557 I libglean_ffi: glean_core::upload: Ping eb58a4fe-b1bf-4074-9c33-a3cb06070224 successfully sent 200.
09-01 23:36:40.172 24394 24557 I libglean_ffi: glean_core::upload::directory: File was deleted /data/user/0/org.mozilla.firefox/glean_data/pending_pings/eb58a4fe-b1bf-4074-9c33-a3cb06070224
09-01 23:36:40.173 24394 24557 I libglean_ffi: glean_core::upload: New upload task with id 64b99ce5-ad4f-4dc4-927a-c10e11ce743b (path: /submit/org-mozilla-firefox/baseline/1/64b99ce5-ad4f-4dc4-927a-c10e11ce743b)
09-01 23:36:40.403 24394 24557 I libglean_ffi: glean_core::upload: Ping 64b99ce5-ad4f-4dc4-927a-c10e11ce743b successfully sent 200.
09-01 23:36:40.404 24394 24557 I libglean_ffi: glean_core::upload::directory: File was deleted /data/user/0/org.mozilla.firefox/glean_data/pending_pings/64b99ce5-ad4f-4dc4-927a-c10e11ce743b
09-01 23:36:40.406 24394 24557 I libglean_ffi: glean_core::upload: No more pings to upload! You are done.
09-01 23:36:40.410 24394 24546 I WM-WorkerWrapper: Worker result SUCCESS for Work [ id=a4eeac62-0cdc-461a-bde9-c6052dd9ea17, tags={ mozilla.telemetry.glean.scheduler.PingUploadWorker, mozac_service_glean_ping_upload_worker } ]
09-01 23:36:40.425  1513  2000 D ConnectivityService: releasing NetworkRequest [ TRACK_DEFAULT id=2279, [ Capabilities: INTERNET&NOT_RESTRICTED&TRUSTED Uid: 10258 AdministratorUids: [] RequestorUid: 10258 RequestorPackageName: org.mozilla.firefox] ] (release request)
09-01 23:36:40.467  1513  8503 W UriGrantsManagerService: No permission grants found for com.google.android.apps.photos
09-01 23:36:40.526  1513  8503 I chatty  : uid=1000(system) Binder:1513_1F identical 4 lines
09-01 23:36:40.527  1513  8503 W UriGrantsManagerService: No permission grants found for com.google.android.apps.photos
09-01 23:36:40.647 24394 24407 I mozilla.firefo: Background young concurrent copying GC freed 504148(23MB) AllocSpace objects, 95(3404KB) LOS objects, 94% free, 5969KB/101MB, paused 161us total 102.677ms
09-01 23:36:41.028   901  2806 I sensors-hal: [ssc_utils]get_qmi_debug_flag:244, support_qmi_debug : false
09-01 23:36:41.046   901  1000 W ASH     : @ 49387.498: Unhandled msg ID 999: line 1277
09-01 23:36:41.046   901  1000 E ASH     : @ 49387.498: No pb callback assigned
09-01 23:36:41.046   901  1000 E ASH     : @ 49387.498: Nanopb error: callback failed:1588
09-01 23:36:41.884  1513  2000 D ConnectivityService: NetReassign [no changes]
09-01 23:36:42.168   901  1000 D VSC     : @ 49388.618: [WO] tilt angle 89
09-01 23:36:42.609   908   950 D rlsservice: MonitorDisplayStatus client num 1, display status 1, sensor status 0
09-01 23:36:43.444   901  2806 I sensors-hal: [ssc_utils]get_qmi_debug_flag:244, support_qmi_debug : false
09-01 23:36:43.486   901  1000 W ASH     : @ 49389.938: Unhandled msg ID 999: line 1277
09-01 23:36:43.487   901  1000 E ASH     : @ 49389.938: No pb callback assigned
09-01 23:36:43.487   901  1000 E ASH     : @ 49389.938: Nanopb error: callback failed:1588
09-01 23:36:43.538   901  2806 I sensors-hal: [ssc_utils]get_qmi_debug_flag:244, support_qmi_debug : false
09-01 23:36:43.566   901  1000 W ASH     : @ 49390.018: Unhandled msg ID 999: line 1277
09-01 23:36:43.566   901  1000 E ASH     : @ 49390.018: No pb callback assigned
09-01 23:36:43.566   901  1000 E ASH     : @ 49390.018: Nanopb error: callback failed:1588
09-01 23:36:43.808 24705 24705 D AndroidRuntime: >>>>>> START com.android.internal.os.RuntimeInit uid 2000 <<<<<<
09-01 23:36:43.809 24705 24705 W app_process: type=1400 audit(0.0:5977): avc: denied { read } for name="u:object_r:device_config_runtime_native_boot_prop:s0" dev="tmpfs" ino=10163 scontext=u:r:shell:s0 tcontext=u:object_r:device_config_runtime_native_boot_prop:s0 tclass=file permissive=0
09-01 23:36:43.809 24705 24705 I chatty  : uid=2000(shell) app_process identical 2 lines
09-01 23:36:43.809 24705 24705 W app_process: type=1400 audit(0.0:5980): avc: denied { read } for name="u:object_r:device_config_runtime_native_boot_prop:s0" dev="tmpfs" ino=10163 scontext=u:r:shell:s0 tcontext=u:object_r:device_config_runtime_native_boot_prop:s0 tclass=file permissive=0
09-01 23:36:43.810 24705 24705 E libc    : Access denied finding property "persist.device_config.runtime_native_boot.profilebootclasspath"
09-01 23:36:43.810 24705 24705 E libc    : Access denied finding property "persist.device_config.runtime_native_boot.enable_apex_image"
09-01 23:36:43.810 24705 24705 I AndroidRuntime: Using default boot image
09-01 23:36:43.810 24705 24705 E libc    : Access denied finding property "persist.device_config.runtime_native_boot.disable_lock_profiling"
09-01 23:36:43.810 24705 24705 I AndroidRuntime: Leaving lock profiling enabled
09-01 23:36:43.810 24705 24705 E libc    : Access denied finding property "persist.device_config.runtime_native_boot.enable_generational_cc"
09-01 23:36:43.868 24705 24705 D app_process: Time zone APEX ICU file found: /apex/com.android.tzdata/etc/icu/icu_tzdata.dat
09-01 23:36:43.868 24705 24705 D app_process: I18n APEX ICU file found: /apex/com.android.i18n/etc/icu/icudt66l.dat
09-01 23:36:43.875 24705 24705 I app_process: The ClassLoaderContext is a special shared library.
09-01 23:36:43.886 24705 24705 W app_process: JNI RegisterNativeMethods: attempt to register 0 native methods for android.media.AudioAttributes
09-01 23:36:43.889 24705 24705 D AndroidRuntime: Calling main entry com.android.commands.input.Input
09-01 23:36:43.900 24705 24705 D AndroidRuntime: Shutting down VM
09-01 23:36:43.905  2858  2858 I GoogleInputMethodService: GoogleInputMethodService.onFinishInput():3280 
09-01 23:36:43.906  2858  2858 I GoogleInputMethodService: GoogleInputMethodService.updateDeviceLockedStatus():2169 repeatCheckTimes = 0, unlocked = true
09-01 23:36:43.906  2858  2858 I GoogleInputMethodService: GoogleInputMethodService.onStartInput():1960 onStartInput(EditorInfo{inputType=0x0(NULL) imeOptions=0x1 privateImeOptions=null actionName=NONE actionLabel=null actionId=0 initialSelStart=-1 initialSelEnd=-1 initialCapsMode=0x0 hintText=null label=null packageName=org.mozilla.firefox fieldId=-1 fieldName=null extras=null}, false)
09-01 23:36:43.906  2858  2858 I GoogleInputMethodService: GoogleInputMethodService.shouldHideHeaderOnInitialState():4081 ShouldHideHeaderOnInitialState = false
09-01 23:36:43.906  2858  2858 I GoogleInputMethodService: GoogleInputMethodService.updateDeviceLockedStatus():2169 repeatCheckTimes = 2, unlocked = true
09-01 23:36:43.907   901  2806 I sensors-hal: [ssc_utils]get_qmi_debug_flag:244, support_qmi_debug : false
09-01 23:36:43.926   901  1000 W ASH     : @ 49390.378: Unhandled msg ID 999: line 1277
09-01 23:36:43.926   901  1000 E ASH     : @ 49390.378: No pb callback assigned
09-01 23:36:43.926   901  1000 E ASH     : @ 49390.378: Nanopb error: callback failed:1588
09-01 23:36:43.933 24499 24513 I a.firefox:tab1: WaitForGcToComplete blocked RunEmptyCheckpoint on ProfileSaver for 14.344ms
09-01 23:36:43.978 24394 24394 I glean/Glean: Registering pings for org.mozilla.fenix.GleanMetrics.Pings
09-01 23:36:43.983 24394 24443 I FenixApplication: Running post-visual completeness tasks...
09-01 23:36:43.984 24394 24443 I FenixApplication: Storage initialization...
09-01 23:36:43.984 24394 24443 I PlacesHistoryStorage: Warming up places storage...
09-01 23:36:43.986 24394 24394 I ColdStartupDuration: COLD VIEW Application.<init> to first frame: 393 ms
09-01 23:36:43.986 24394 24394 I FenixApplication: Kicking-off account manager...
09-01 23:36:43.986 24394 24394 I FenixApplication: 'Kicking-off account manager' took 0 ms
09-01 23:36:43.992 24394 24443 I PlacesHistoryStorage: 'Warming up places storage' took 8 ms
09-01 23:36:43.992 24394 24443 I PlacesBookmarksStorage: Warming up places storage...
09-01 23:36:43.992 24394 24443 I PlacesBookmarksStorage: 'Warming up places storage' took 0 ms
09-01 23:36:43.993 24394 24443 I SyncableLoginsStorage: Warming up storage...
09-01 23:36:43.993 24394 24443 I SyncableLoginsStorage: 'Warming up storage' took 0 ms
09-01 23:36:43.993 24394 24443 I AutofillCCAddressesStorage: Warming up storage...
09-01 23:36:43.993 24394 24443 I AutofillCCAddressesStorage: 'Warming up storage' took 0 ms
09-01 23:36:44.000   901  2806 I sensors-hal: [ssc_utils]get_qmi_debug_flag:244, support_qmi_debug : false
09-01 23:36:44.009   901  1000 W ASH     : @ 49390.460: Unhandled msg ID 999: line 1277
09-01 23:36:44.009   901  1000 E ASH     : @ 49390.460: No pb callback assigned
09-01 23:36:44.009   901  1000 E ASH     : @ 49390.460: Nanopb error: callback failed:1588
09-01 23:36:44.099   901  2806 I sensors-hal: [ssc_utils]get_qmi_debug_flag:244, support_qmi_debug : false
09-01 23:36:44.102   594   655 I SDM     : HWDeviceDRM::UpdateMixerAttributes: Mixer WxH 1080x2340-1 for Peripheral
09-01 23:36:44.102   594   655 I SDM     : DisplayBase::SetActiveConfig: Active configuration changed to: 0
09-01 23:36:44.102   594   655 I SDM     : StrategyImpl::SetIdleTimeoutMs: Idle timeout set to zero for command mode panels
09-01 23:36:44.108   901  2806 I sensors-hal: [ssc_utils]get_qmi_debug_flag:244, support_qmi_debug : false
09-01 23:36:44.113  1513  1572 I DisplayManagerService: Display device changed: DisplayDeviceInfo{"Built-in Screen": uniqueId="local:19260504575090817", 1080 x 2340, modeId 2, defaultModeId 2, supportedModes [{id=1, width=1080, height=2340, fps=90.0}, {id=2, width=1080, height=2340, fps=60.000004}], colorMode 0, supportedColorModes [0, 7, 9], HdrCapabilities HdrCapabilities{mSupportedHdrTypes=[2, 3, 4], mMaxLuminance=500.0, mMaxAverageLuminance=500.0, mMinLuminance=0.0}, allmSupported false, gameContentTypeSupported false, density 440, 435.428 x 433.839 dpi, appVsyncOff 2333332, presDeadline 11500000, cutout DisplayCutout{insets=Rect(0, 136 - 0, 0) waterfall=Insets{left=0, top=0, right=0, bottom=0} boundingRect={Bounds=[Rect(0, 0 - 0, 0), Rect(0, 0 - 136, 136), Rect(0, 0 - 0, 0), Rect(0, 0 - 0, 0)]}}, touch INTERNAL, rotation 0, type INTERNAL, address {port=129, model=0x446d53ad64a0}, deviceProductInfo DeviceProductInfo{name=, manufacturerPnpId=QCM, productId=1, modelYear=null, manufactureDate=ManufactureDate{week=27, year=2006}, relativeAddress=null}, state ON, FLAG_DEFAULT_DISPLAY, FLAG_ROTATES_WITH_CONTENT, FLAG_SECURE, FLAG_SUPPORTS_PROTECTED_BUFFERS}
09-01 23:36:44.125   594   655 I SDM     : StrategyImpl::SetIdleTimeoutMs: Idle timeout set to zero for command mode panels
09-01 23:36:44.126   901  1000 W ASH     : @ 49390.578: Unhandled msg ID 999: line 1277
09-01 23:36:44.126   901  1000 E ASH     : @ 49390.578: No pb callback assigned
09-01 23:36:44.126   901  1000 E ASH     : @ 49390.578: Nanopb error: callback failed:1588
09-01 23:36:44.166   901  1000 D VSC     : @ 49390.618: [WO] tilt angle 89
09-01 23:36:44.286 24394 24443 I FenixApplication: 'Storage initialization' took 301 ms
09-01 23:36:44.516 24743 24745 I cmd     : oneway function results will be dropped but finished with status OK and parcel size 4
09-01 23:36:44.523 24337 24337 I BatteryMgr:DataCollectionService: onStartCommand: begin
09-01 23:36:44.523 24337 24337 I BatteryMgr:DataCollectionService: onStartCommand: sampleRate => 100
09-01 23:36:44.523 24337 24337 I BatteryMgr:DataCollectionService: onStartCommand: rawFields => Timestamp,BATTERY_PROPERTY_CURRENT_NOW,EXTRA_VOLTAGE
09-01 23:36:44.524 24337 24337 I BatteryMgr:DataCollectionService: onStartCommand: notification done
09-01 23:36:44.527  1513  8503 D CompatibilityChangeReporter: Compat change id reported: 136219221; UID 10260; state: ENABLED
09-01 23:36:44.528 24337 24337 I BatteryMgr:DataCollectionService: started foreground
09-01 23:36:44.551 24337 24747 I BatteryMgr:DataCollectionService: collectData: begin
09-01 23:36:44.556 24337 24747 I BatteryMgr:DataCollectionService: stats => 1693604204556,5493,4401
09-01 23:36:44.575 24394 24428 D GeckoIdleService: Get idle time: time since reset 676 msec
09-01 23:36:44.575 24394 24428 D GeckoIdleService: Idle timer callback: current idle time 676 msec
09-01 23:36:44.575 24394 24428 D GeckoIdleService: next timeout 4323 msec from now
09-01 23:36:44.575 24394 24428 D GeckoIdleService: SetTimerExpiryIfBefore: next timeout 4323 msec from now
09-01 23:36:44.575 24394 24428 D GeckoIdleService: reset timer expiry to 4333 msec from now
