09-02 01:30:38.973  6853  6853 D Zygote  : Forked child process 10917
09-02 01:30:38.974  1513  1625 W ActivityManager: Slow operation: 1019ms so far, now at startProcess: returned from zygote!
09-02 01:30:38.975 10805 10862 W linker  : Warning: "/data/app/~~_KLlx60MH8CoecPTjMKp8g==/com.android.chrome-kw9RHYrlHKb9bPXi8OTClw==/base.apk!/lib/arm64-v8a/libchromium_android_linker.so" unused DT entry: unknown processor-specific (type 0x70000001 arg 0x0) (ignoring)
09-02 01:30:38.975  1513  1625 W ActivityManager: Slow operation: 1019ms so far, now at startProcess: done updating battery stats
09-02 01:30:38.975  1513  1625 W ActivityManager: Slow operation: 1019ms so far, now at startProcess: building log message
09-02 01:30:38.975  1513  1625 I ActivityManager: Start proc 10917:com.android.chrome:sandboxed_process0:org.chromium.content.app.SandboxedProcessService0:54/u0ai55 for  {com.android.chrome/org.chromium.content.app.SandboxedProcessService0:54}
09-02 01:30:38.975  1513  1625 W ActivityManager: Slow operation: 1019ms so far, now at startProcess: starting to update pids map
09-02 01:30:38.975  9121  9121 E cr_IntentUtils: getBooleanExtra failed on intent null
09-02 01:30:38.975  1513  1625 W ActivityManager: Slow operation: 1020ms so far, now at startProcess: done updating pids map
09-02 01:30:38.975  9121  9121 E cr_IntentUtils: getBooleanExtra failed on intent null
09-02 01:30:38.975  1513  1625 W ActivityManager: Slow operation: 1005ms so far, now at startProcess: asking zygote to start proc
09-02 01:30:38.975  1513  1625 D CompatibilityChangeReporter: Compat change id reported: 143937733; UID 10220; state: ENABLED
09-02 01:30:38.979  9121  9121 I cr_tabmodel: #isIncognitoTabBeingRestored from tabDetails:  false
09-02 01:30:38.979  9121  9121 I cr_tabmodel: #isIncognitoTabBeingRestored from tabDetails:  false
09-02 01:30:38.979  9121  9121 W cr_tabmodel: Failed to restore TabState; creating Tab with last known URL.
09-02 01:30:38.980  1513  2570 D CompatibilityChangeReporter: Compat change id reported: 135634846; UID 10220; state: DISABLED
09-02 01:30:38.980  1513  2570 D CompatibilityChangeReporter: Compat change id reported: 135754954; UID 10220; state: ENABLED
09-02 01:30:38.985 10917 10917 E libc    : SetHeapTaggingLevel: re-enabling tagging after it was disabled is not supported
09-02 01:30:38.989 10805 10908 I cr_LibraryLoader: Successfully loaded native library
09-02 01:30:38.991 10805 10908 I cr_CachingUmaRecorder: Flushed 3 samples from 3 histograms.
09-02 01:30:38.991 10889 10889 I LoadedApk: No resource references to update in package com.google.android.trichromelibrary
09-02 01:30:38.992 10889 10889 D NetworkSecurityConfig: Using Network Security Config from resource 0_resource_name_obfuscated debugBuild: false
09-02 01:30:38.993 10889 10889 D NetworkSecurityConfig: Using Network Security Config from resource 0_resource_name_obfuscated debugBuild: false
09-02 01:30:38.993 10859 10887 I cr_LibraryLoader: Using ModernLinker
09-02 01:30:38.994  9121  9121 E cr_IntentUtils: getBooleanExtra failed on intent null
09-02 01:30:38.994  9121  9121 E cr_IntentUtils: getBooleanExtra failed on intent null
09-02 01:30:38.994 10889 10889 I cr_SplitCompatApp: Launched version=107.0.5304.91 minSdkVersion=29 isBundle=true processName=com.android.chrome:sandboxed_process0:org.chromium.content.app.SandboxedProcessService0:53 isIsolated=true
09-02 01:30:38.996 10859 10887 W linker  : Warning: "/data/app/~~_KLlx60MH8CoecPTjMKp8g==/com.android.chrome-kw9RHYrlHKb9bPXi8OTClw==/base.apk!/lib/arm64-v8a/libchromium_android_linker.so" unused DT entry: unknown processor-specific (type 0x70000001 arg 0x0) (ignoring)
09-02 01:30:39.001  9121  9121 I cr_tabmodel: #isIncognitoTabBeingRestored from tabDetails:  false
09-02 01:30:39.001  9121  9121 I cr_tabmodel: #isIncognitoTabBeingRestored from tabDetails:  false
09-02 01:30:39.001  9121  9121 W cr_tabmodel: Failed to restore TabState; creating Tab with last known URL.
09-02 01:30:39.006 10917 10917 E cessService0:5: Not starting debugger since process cannot load the jdwp agent.
09-02 01:30:39.012  9121  9121 E cr_IntentUtils: getBooleanExtra failed on intent null
09-02 01:30:39.012  9121  9121 E cr_IntentUtils: getBooleanExtra failed on intent null
09-02 01:30:39.012  6853  6853 D Zygote  : Forked child process 10937
09-02 01:30:39.013 10859 10913 I cr_LibraryLoader: Successfully loaded native library
09-02 01:30:39.014 10859 10913 I cr_CachingUmaRecorder: Flushed 3 samples from 3 histograms.
09-02 01:30:39.014  1513  1625 W ActivityManager: Slow operation: 1044ms so far, now at startProcess: returned from zygote!
09-02 01:30:39.014  1513  1625 W ActivityManager: Slow operation: 1044ms so far, now at startProcess: done updating battery stats
09-02 01:30:39.015  1513  1625 W ActivityManager: Slow operation: 1044ms so far, now at startProcess: building log message
09-02 01:30:39.015  1513  1625 I ActivityManager: Start proc 10937:com.android.chrome:sandboxed_process0:org.chromium.content.app.SandboxedProcessService0:55/u0ai56 for  {com.android.chrome/org.chromium.content.app.SandboxedProcessService0:55}
09-02 01:30:39.015  1513  1625 W ActivityManager: Slow operation: 1044ms so far, now at startProcess: starting to update pids map
09-02 01:30:39.015  1513  1625 W ActivityManager: Slow operation: 1044ms so far, now at startProcess: done updating pids map
09-02 01:30:39.015  1513  1625 W ActivityManager: Slow operation: 1020ms so far, now at startProcess: asking zygote to start proc
09-02 01:30:39.016 10889 10889 W SystemServiceRegistry: No service published for: uimode
09-02 01:30:39.017  9121  9121 I cr_tabmodel: #isIncognitoTabBeingRestored from tabDetails:  false
09-02 01:30:39.017  9121  9121 I cr_tabmodel: #isIncognitoTabBeingRestored from tabDetails:  false
09-02 01:30:39.017  9121  9121 W cr_tabmodel: Failed to restore TabState; creating Tab with last known URL.
09-02 01:30:39.027 10937 10937 E libc    : SetHeapTaggingLevel: re-enabling tagging after it was disabled is not supported
09-02 01:30:39.029  1513  2570 D CompatibilityChangeReporter: Compat change id reported: 136274596; UID 10220; state: ENABLED
09-02 01:30:39.030  9121  9121 E cr_IntentUtils: getBooleanExtra failed on intent null
09-02 01:30:39.030  9121  9121 E cr_IntentUtils: getBooleanExtra failed on intent null
09-02 01:30:39.030 10889 10889 I cr_ChildProcessService: Creating new ChildProcessService pid=10889
09-02 01:30:39.036  9121  9121 I cr_tabmodel: #isIncognitoTabBeingRestored from tabDetails:  false
09-02 01:30:39.036  9121  9121 I cr_tabmodel: #isIncognitoTabBeingRestored from tabDetails:  false
09-02 01:30:39.036  9121  9121 W cr_tabmodel: Failed to restore TabState; creating Tab with last known URL.
09-02 01:30:39.045  1513  3232 D CompatibilityChangeReporter: Compat change id reported: 135634846; UID 10220; state: DISABLED
09-02 01:30:39.045  1513  3232 D CompatibilityChangeReporter: Compat change id reported: 135754954; UID 10220; state: ENABLED
09-02 01:30:39.047 10937 10937 E cessService0:5: Not starting debugger since process cannot load the jdwp agent.
09-02 01:30:39.050 10889 10916 I cr_LibraryLoader: Using ModernLinker
09-02 01:30:39.052 10889 10916 W linker  : Warning: "/data/app/~~_KLlx60MH8CoecPTjMKp8g==/com.android.chrome-kw9RHYrlHKb9bPXi8OTClw==/base.apk!/lib/arm64-v8a/libchromium_android_linker.so" unused DT entry: unknown processor-specific (type 0x70000001 arg 0x0) (ignoring)
09-02 01:30:39.055  1513  4617 D CompatibilityChangeReporter: Compat change id reported: 136274596; UID 10220; state: ENABLED
09-02 01:30:39.060  1513  3232 D CompatibilityChangeReporter: Compat change id reported: 135634846; UID 10220; state: DISABLED
09-02 01:30:39.060 10889 10953 I cr_LibraryLoader: Successfully loaded native library
09-02 01:30:39.060  1513  3232 D CompatibilityChangeReporter: Compat change id reported: 135754954; UID 10220; state: ENABLED
09-02 01:30:39.061 10889 10953 I cr_CachingUmaRecorder: Flushed 3 samples from 3 histograms.
09-02 01:30:39.061 10917 10917 I LoadedApk: No resource references to update in package com.google.android.trichromelibrary
09-02 01:30:39.062 10917 10917 D NetworkSecurityConfig: Using Network Security Config from resource 0_resource_name_obfuscated debugBuild: false
09-02 01:30:39.063  9121  9121 E cr_IntentUtils: getBooleanExtra failed on intent null
09-02 01:30:39.063  9121  9121 E cr_IntentUtils: getBooleanExtra failed on intent null
09-02 01:30:39.063 10917 10917 D NetworkSecurityConfig: Using Network Security Config from resource 0_resource_name_obfuscated debugBuild: false
09-02 01:30:39.064 10917 10917 I cr_SplitCompatApp: Launched version=107.0.5304.91 minSdkVersion=29 isBundle=true processName=com.android.chrome:sandboxed_process0:org.chromium.content.app.SandboxedProcessService0:54 isIsolated=true
09-02 01:30:39.067  6853  6853 D Zygote  : Forked child process 10971
09-02 01:30:39.069  1513  1625 W ActivityManager: Slow operation: 1074ms so far, now at startProcess: returned from zygote!
09-02 01:30:39.069  1513  1625 W ActivityManager: Slow operation: 1075ms so far, now at startProcess: done updating battery stats
09-02 01:30:39.069  1513  1625 W ActivityManager: Slow operation: 1075ms so far, now at startProcess: building log message
09-02 01:30:39.069  1513  1625 I ActivityManager: Start proc 10971:com.android.chrome:sandboxed_process0:org.chromium.content.app.SandboxedProcessService0:56/u0ai57 for  {com.android.chrome/org.chromium.content.app.SandboxedProcessService0:56}
09-02 01:30:39.069  1513  1625 W ActivityManager: Slow operation: 1075ms so far, now at startProcess: starting to update pids map
09-02 01:30:39.069  1513  1625 W ActivityManager: Slow operation: 1075ms so far, now at startProcess: done updating pids map
09-02 01:30:39.069  1513  1625 W ActivityManager: Slow operation: 1051ms so far, now at startProcess: asking zygote to start proc
09-02 01:30:39.069  1513  1625 D CompatibilityChangeReporter: Compat change id reported: 143937733; UID 10220; state: ENABLED
09-02 01:30:39.073  9121  9121 I cr_tabmodel: #isIncognitoTabBeingRestored from tabDetails:  false
09-02 01:30:39.073  9121  9121 I cr_tabmodel: #isIncognitoTabBeingRestored from tabDetails:  false
09-02 01:30:39.074  9121  9121 W cr_tabmodel: Failed to restore TabState; creating Tab with last known URL.
09-02 01:30:39.079 10917 10917 W SystemServiceRegistry: No service published for: uimode
09-02 01:30:39.079 10937 10937 I LoadedApk: No resource references to update in package com.google.android.trichromelibrary
09-02 01:30:39.080 10937 10937 D NetworkSecurityConfig: Using Network Security Config from resource 0_resource_name_obfuscated debugBuild: false
09-02 01:30:39.081 10937 10937 D NetworkSecurityConfig: Using Network Security Config from resource 0_resource_name_obfuscated debugBuild: false
09-02 01:30:39.081 10971 10971 E libc    : SetHeapTaggingLevel: re-enabling tagging after it was disabled is not supported
09-02 01:30:39.082 10937 10937 I cr_SplitCompatApp: Launched version=107.0.5304.91 minSdkVersion=29 isBundle=true processName=com.android.chrome:sandboxed_process0:org.chromium.content.app.SandboxedProcessService0:55 isIsolated=true
09-02 01:30:39.087 10917 10917 I cr_ChildProcessService: Creating new ChildProcessService pid=10917
09-02 01:30:39.091 10917 10952 I cr_LibraryLoader: Using ModernLinker
09-02 01:30:39.092 10917 10952 W linker  : Warning: "/data/app/~~_KLlx60MH8CoecPTjMKp8g==/com.android.chrome-kw9RHYrlHKb9bPXi8OTClw==/base.apk!/lib/arm64-v8a/libchromium_android_linker.so" unused DT entry: unknown processor-specific (type 0x70000001 arg 0x0) (ignoring)
09-02 01:30:39.096  9121  9121 E cr_IntentUtils: getBooleanExtra failed on intent null
09-02 01:30:39.096  9121  9121 E cr_IntentUtils: getBooleanExtra failed on intent null
09-02 01:30:39.099  6853  6853 D Zygote  : Forked child process 11002
09-02 01:30:39.100  1513  1625 W ActivityManager: Slow operation: 1082ms so far, now at startProcess: returned from zygote!
09-02 01:30:39.100 10917 10997 I cr_LibraryLoader: Successfully loaded native library
09-02 01:30:39.100  1513  1625 W ActivityManager: Slow operation: 1082ms so far, now at startProcess: done updating battery stats
09-02 01:30:39.100  1513  1625 W ActivityManager: Slow operation: 1082ms so far, now at startProcess: building log message
09-02 01:30:39.100  1513  1625 I ActivityManager: Start proc 11002:com.android.chrome:sandboxed_process0:org.chromium.content.app.SandboxedProcessService0:57/u0ai58 for  {com.android.chrome/org.chromium.content.app.SandboxedProcessService0:57}
09-02 01:30:39.100  1513  1625 W ActivityManager: Slow operation: 1082ms so far, now at startProcess: starting to update pids map
09-02 01:30:39.101  1513  1625 W ActivityManager: Slow operation: 1082ms so far, now at startProcess: done updating pids map
09-02 01:30:39.101  1513  1625 W ActivityManager: Slow operation: 1049ms so far, now at startProcess: asking zygote to start proc
09-02 01:30:39.102 10937 10937 W SystemServiceRegistry: No service published for: uimode
09-02 01:30:39.103 10917 10997 I cr_CachingUmaRecorder: Flushed 3 samples from 3 histograms.
09-02 01:30:39.105 10971 10971 E cessService0:5: Not starting debugger since process cannot load the jdwp agent.
09-02 01:30:39.109 10937 10937 I cr_ChildProcessService: Creating new ChildProcessService pid=10937
09-02 01:30:39.109  9121  9121 I cr_tabmodel: #isIncognitoTabBeingRestored from tabDetails:  false
09-02 01:30:39.109  9121  9121 I cr_tabmodel: #isIncognitoTabBeingRestored from tabDetails:  false
09-02 01:30:39.109  9121  9121 W cr_tabmodel: Failed to restore TabState; creating Tab with last known URL.
09-02 01:30:39.113 11002 11002 E libc    : SetHeapTaggingLevel: re-enabling tagging after it was disabled is not supported
09-02 01:30:39.117 10937 10967 I cr_LibraryLoader: Using ModernLinker
09-02 01:30:39.120 10937 10967 W linker  : Warning: "/data/app/~~_KLlx60MH8CoecPTjMKp8g==/com.android.chrome-kw9RHYrlHKb9bPXi8OTClw==/base.apk!/lib/arm64-v8a/libchromium_android_linker.so" unused DT entry: unknown processor-specific (type 0x70000001 arg 0x0) (ignoring)
09-02 01:30:39.124  9121  9121 E cr_IntentUtils: getBooleanExtra failed on intent null
09-02 01:30:39.124  9121  9121 E cr_IntentUtils: getBooleanExtra failed on intent null
09-02 01:30:39.128  6853  6853 D Zygote  : Forked child process 11027
09-02 01:30:39.128 10937 11016 I cr_LibraryLoader: Successfully loaded native library
09-02 01:30:39.129 10937 11016 I cr_CachingUmaRecorder: Flushed 3 samples from 3 histograms.
09-02 01:30:39.129  1513  1625 W ActivityManager: Slow operation: 1078ms so far, now at startProcess: returned from zygote!
09-02 01:30:39.130  1513  1625 W ActivityManager: Slow operation: 1078ms so far, now at startProcess: done updating battery stats
09-02 01:30:39.130  1513  1625 W ActivityManager: Slow operation: 1078ms so far, now at startProcess: building log message
09-02 01:30:39.130  1513  1625 I ActivityManager: Start proc 11027:com.android.chrome:sandboxed_process0:org.chromium.content.app.SandboxedProcessService0:58/u0ai59 for  {com.android.chrome/org.chromium.content.app.SandboxedProcessService0:58}
09-02 01:30:39.130  1513  1625 W ActivityManager: Slow operation: 1078ms so far, now at startProcess: starting to update pids map
09-02 01:30:39.130  1513  1625 W ActivityManager: Slow operation: 1079ms so far, now at startProcess: done updating pids map
09-02 01:30:39.130  1513  1625 W ActivityManager: Slow operation: 1062ms so far, now at startProcess: asking zygote to start proc
09-02 01:30:39.131 11027 11027 E libc    : SetHeapTaggingLevel: re-enabling tagging after it was disabled is not supported
09-02 01:30:39.134 11002 11002 E cessService0:5: Not starting debugger since process cannot load the jdwp agent.
09-02 01:30:39.135  9121  9121 I cr_tabmodel: #isIncognitoTabBeingRestored from tabDetails:  false
09-02 01:30:39.135  9121  9121 I cr_tabmodel: #isIncognitoTabBeingRestored from tabDetails:  false
09-02 01:30:39.135  9121  9121 W cr_tabmodel: Failed to restore TabState; creating Tab with last known URL.
09-02 01:30:39.141 11027 11027 E cessService0:5: Not starting debugger since process cannot load the jdwp agent.
09-02 01:30:39.142  1513  4617 D CompatibilityChangeReporter: Compat change id reported: 136274596; UID 10220; state: ENABLED
09-02 01:30:39.144  9121  9170 W cr_ChildConnAllocator: Ran out of UIDs to allocate.
09-02 01:30:39.148  9121  9121 E cr_IntentUtils: getBooleanExtra failed on intent null
09-02 01:30:39.148  9121  9121 E cr_IntentUtils: getBooleanExtra failed on intent null
09-02 01:30:39.151  9278  9278 I cr_ChildProcessService: Destroying ChildProcessService pid=9278
09-02 01:30:39.151  1513  3240 I ActivityManager: Killing 9278:com.android.chrome:sandboxed_process0:org.chromium.content.app.SandboxedProcessService0:1/u0a220i-8998 (adj 0): isolated not needed
09-02 01:30:39.153  1513  1640 I libprocessgroup: Successfully killed process cgroup uid 90002 pid 9278 in 0ms
09-02 01:30:39.156  1513  2570 D CompatibilityChangeReporter: Compat change id reported: 135634846; UID 10220; state: DISABLED
09-02 01:30:39.156  1513  2570 D CompatibilityChangeReporter: Compat change id reported: 135754954; UID 10220; state: ENABLED
09-02 01:30:39.160  9121  9121 I cr_tabmodel: Loaded tab lists; counts: 120,0
09-02 01:30:39.161  1513  3232 D CompatibilityChangeReporter: Compat change id reported: 136274596; UID 10220; state: ENABLED
09-02 01:30:39.164  6853  6853 D Zygote  : Forked child process 11071
09-02 01:30:39.166  1513  1625 W ActivityManager: Slow operation: 1098ms so far, now at startProcess: returned from zygote!
09-02 01:30:39.166  1513  1625 W ActivityManager: Slow operation: 1098ms so far, now at startProcess: done updating battery stats
09-02 01:30:39.166  1513  1625 W ActivityManager: Slow operation: 1098ms so far, now at startProcess: building log message
09-02 01:30:39.166  1513  1625 I ActivityManager: Start proc 11071:com.android.chrome:sandboxed_process0:org.chromium.content.app.SandboxedProcessService0:59/u0ai60 for  {com.android.chrome/org.chromium.content.app.SandboxedProcessService0:59}
09-02 01:30:39.166  1513  1625 W ActivityManager: Slow operation: 1098ms so far, now at startProcess: starting to update pids map
09-02 01:30:39.167  1513  1625 W ActivityManager: Slow operation: 1098ms so far, now at startProcess: done updating pids map
09-02 01:30:39.167  1513  1625 W ActivityManager: Slow operation: 1069ms so far, now at startProcess: asking zygote to start proc
09-02 01:30:39.167  1513  1625 D CompatibilityChangeReporter: Compat change id reported: 143937733; UID 10220; state: ENABLED
09-02 01:30:39.169 11071 11071 E libc    : SetHeapTaggingLevel: re-enabling tagging after it was disabled is not supported
09-02 01:30:39.174  1513  4617 D CompatibilityChangeReporter: Compat change id reported: 136274596; UID 10220; state: ENABLED
09-02 01:30:39.177 10971 10971 I LoadedApk: No resource references to update in package com.google.android.trichromelibrary
09-02 01:30:39.177 10971 10971 D NetworkSecurityConfig: Using Network Security Config from resource 0_resource_name_obfuscated debugBuild: false
09-02 01:30:39.178 10971 10971 D NetworkSecurityConfig: Using Network Security Config from resource 0_resource_name_obfuscated debugBuild: false
09-02 01:30:39.179 10971 10971 I cr_SplitCompatApp: Launched version=107.0.5304.91 minSdkVersion=29 isBundle=true processName=com.android.chrome:sandboxed_process0:org.chromium.content.app.SandboxedProcessService0:56 isIsolated=true
09-02 01:30:39.185  6853  6853 D Zygote  : Forked child process 11090
09-02 01:30:39.185 11071 11071 E cessService0:5: Not starting debugger since process cannot load the jdwp agent.
09-02 01:30:39.186  1513  1625 W ActivityManager: Slow operation: 1089ms so far, now at startProcess: returned from zygote!
09-02 01:30:39.187  1513  1625 W ActivityManager: Slow operation: 1089ms so far, now at startProcess: done updating battery stats
09-02 01:30:39.187  1513  1625 W ActivityManager: Slow operation: 1089ms so far, now at startProcess: building log message
09-02 01:30:39.187  1513  1625 I ActivityManager: Start proc 11090:com.android.chrome:sandboxed_process0:org.chromium.content.app.SandboxedProcessService0:60/u0ai61 for  {com.android.chrome/org.chromium.content.app.SandboxedProcessService0:60}
09-02 01:30:39.187  1513  1625 W ActivityManager: Slow operation: 1089ms so far, now at startProcess: starting to update pids map
09-02 01:30:39.187 11090 11090 E libc    : SetHeapTaggingLevel: re-enabling tagging after it was disabled is not supported
09-02 01:30:39.187  1513  1625 W ActivityManager: Slow operation: 1089ms so far, now at startProcess: done updating pids map
09-02 01:30:39.187  1513  1625 W ActivityManager: Slow operation: 1064ms so far, now at startProcess: asking zygote to start proc
09-02 01:30:39.187 10971 10971 W SystemServiceRegistry: No service published for: uimode
09-02 01:30:39.187  1513  1625 D CompatibilityChangeReporter: Compat change id reported: 143937733; UID 10220; state: ENABLED
09-02 01:30:39.194 11090 11090 E cessService0:6: Not starting debugger since process cannot load the jdwp agent.
09-02 01:30:39.194  1513  3240 D CompatibilityChangeReporter: Compat change id reported: 136274596; UID 10220; state: ENABLED
09-02 01:30:39.205  6853  6853 D Zygote  : Forked child process 11118
09-02 01:30:39.206 11002 11002 I LoadedApk: No resource references to update in package com.google.android.trichromelibrary
09-02 01:30:39.206 11002 11002 D NetworkSecurityConfig: Using Network Security Config from resource 0_resource_name_obfuscated debugBuild: false
09-02 01:30:39.207  1513  1625 W ActivityManager: Slow operation: 1084ms so far, now at startProcess: returned from zygote!
09-02 01:30:39.207 11002 11002 D NetworkSecurityConfig: Using Network Security Config from resource 0_resource_name_obfuscated debugBuild: false
09-02 01:30:39.207  1513  1625 W ActivityManager: Slow operation: 1085ms so far, now at startProcess: done updating battery stats
09-02 01:30:39.207  1513  1625 W ActivityManager: Slow operation: 1085ms so far, now at startProcess: building log message
09-02 01:30:39.207  1513  1625 I ActivityManager: Start proc 11118:com.android.chrome:sandboxed_process0:org.chromium.content.app.SandboxedProcessService0:61/u0ai62 for  {com.android.chrome/org.chromium.content.app.SandboxedProcessService0:61}
09-02 01:30:39.207  1513  1625 W ActivityManager: Slow operation: 1085ms so far, now at startProcess: starting to update pids map
09-02 01:30:39.207  1513  1625 W ActivityManager: Slow operation: 1085ms so far, now at startProcess: done updating pids map
09-02 01:30:39.207  1513  1625 W ActivityManager: Slow operation: 1051ms so far, now at startProcess: asking zygote to start proc
09-02 01:30:39.208 11002 11002 I cr_SplitCompatApp: Launched version=107.0.5304.91 minSdkVersion=29 isBundle=true processName=com.android.chrome:sandboxed_process0:org.chromium.content.app.SandboxedProcessService0:57 isIsolated=true
09-02 01:30:39.208  1513  1625 D CompatibilityChangeReporter: Compat change id reported: 143937733; UID 10220; state: ENABLED
09-02 01:30:39.211 10971 10971 I cr_ChildProcessService: Creating new ChildProcessService pid=10971
09-02 01:30:39.212 11118 11118 E libc    : SetHeapTaggingLevel: re-enabling tagging after it was disabled is not supported
09-02 01:30:39.213 11027 11027 I LoadedApk: No resource references to update in package com.google.android.trichromelibrary
09-02 01:30:39.213 11027 11027 D NetworkSecurityConfig: Using Network Security Config from resource 0_resource_name_obfuscated debugBuild: false
09-02 01:30:39.214 11027 11027 D NetworkSecurityConfig: Using Network Security Config from resource 0_resource_name_obfuscated debugBuild: false
09-02 01:30:39.216 10971 11058 I cr_LibraryLoader: Using ModernLinker
09-02 01:30:39.216 11027 11027 I cr_SplitCompatApp: Launched version=107.0.5304.91 minSdkVersion=29 isBundle=true processName=com.android.chrome:sandboxed_process0:org.chromium.content.app.SandboxedProcessService0:58 isIsolated=true
09-02 01:30:39.217 10971 11058 W linker  : Warning: "/data/app/~~_KLlx60MH8CoecPTjMKp8g==/com.android.chrome-kw9RHYrlHKb9bPXi8OTClw==/base.apk!/lib/arm64-v8a/libchromium_android_linker.so" unused DT entry: unknown processor-specific (type 0x70000001 arg 0x0) (ignoring)
09-02 01:30:39.217 10971 11058 E cr_ChromiumAndroidLinker: ReserveAddressWithHint: Address range starting at 0x7a379a9000 was not free to use
09-02 01:30:39.218 11002 11002 W SystemServiceRegistry: No service published for: uimode
09-02 01:30:39.219  1513  3232 D CompatibilityChangeReporter: Compat change id reported: 136274596; UID 10220; state: ENABLED
09-02 01:30:39.221 10971 11123 I cr_LibraryLoader: Successfully loaded native library
09-02 01:30:39.223 11002 11002 I cr_ChildProcessService: Creating new ChildProcessService pid=11002
09-02 01:30:39.227 10971 11123 I cr_CachingUmaRecorder: Flushed 3 samples from 3 histograms.
09-02 01:30:39.230 11027 11027 W SystemServiceRegistry: No service published for: uimode
09-02 01:30:39.233 11071 11071 I LoadedApk: No resource references to update in package com.google.android.trichromelibrary
09-02 01:30:39.233 11071 11071 D NetworkSecurityConfig: Using Network Security Config from resource 0_resource_name_obfuscated debugBuild: false
09-02 01:30:39.235 11002 11065 I cr_LibraryLoader: Using ModernLinker
09-02 01:30:39.237 11071 11071 D NetworkSecurityConfig: Using Network Security Config from resource 0_resource_name_obfuscated debugBuild: false
09-02 01:30:39.237 11002 11065 W linker  : Warning: "/data/app/~~_KLlx60MH8CoecPTjMKp8g==/com.android.chrome-kw9RHYrlHKb9bPXi8OTClw==/base.apk!/lib/arm64-v8a/libchromium_android_linker.so" unused DT entry: unknown processor-specific (type 0x70000001 arg 0x0) (ignoring)
09-02 01:30:39.238 11071 11071 I cr_SplitCompatApp: Launched version=107.0.5304.91 minSdkVersion=29 isBundle=true processName=com.android.chrome:sandboxed_process0:org.chromium.content.app.SandboxedProcessService0:59 isIsolated=true
09-02 01:30:39.241 11002 11129 I cr_LibraryLoader: Successfully loaded native library
09-02 01:30:39.242 11002 11129 I cr_CachingUmaRecorder: Flushed 3 samples from 3 histograms.
09-02 01:30:39.244 11027 11027 I cr_ChildProcessService: Creating new ChildProcessService pid=11027
09-02 01:30:39.245 11118 11118 E cessService0:6: Not starting debugger since process cannot load the jdwp agent.
09-02 01:30:39.245 11090 11090 I LoadedApk: No resource references to update in package com.google.android.trichromelibrary
09-02 01:30:39.245 11090 11090 D NetworkSecurityConfig: Using Network Security Config from resource 0_resource_name_obfuscated debugBuild: false
09-02 01:30:39.246 11090 11090 D NetworkSecurityConfig: Using Network Security Config from resource 0_resource_name_obfuscated debugBuild: false
09-02 01:30:39.248 11090 11090 I cr_SplitCompatApp: Launched version=107.0.5304.91 minSdkVersion=29 isBundle=true processName=com.android.chrome:sandboxed_process0:org.chromium.content.app.SandboxedProcessService0:60 isIsolated=true
09-02 01:30:39.250 11027 11081 I cr_LibraryLoader: Using ModernLinker
09-02 01:30:39.253  1513  3240 D CompatibilityChangeReporter: Compat change id reported: 136274596; UID 10220; state: ENABLED
09-02 01:30:39.254 11027 11081 W linker  : Warning: "/data/app/~~_KLlx60MH8CoecPTjMKp8g==/com.android.chrome-kw9RHYrlHKb9bPXi8OTClw==/base.apk!/lib/arm64-v8a/libchromium_android_linker.so" unused DT entry: unknown processor-specific (type 0x70000001 arg 0x0) (ignoring)
09-02 01:30:39.256 11071 11071 W SystemServiceRegistry: No service published for: uimode
09-02 01:30:39.259 11027 11138 I cr_LibraryLoader: Successfully loaded native library
09-02 01:30:39.259 11027 11138 I cr_CachingUmaRecorder: Flushed 3 samples from 3 histograms.
09-02 01:30:39.259   901  2806 I sensors-hal: [ssc_utils]get_qmi_debug_flag:244, support_qmi_debug : false
09-02 01:30:39.263  6853  6853 D Zygote  : Forked child process 11162
09-02 01:30:39.264  1513  1625 W ActivityManager: Slow operation: 1108ms so far, now at startProcess: returned from zygote!
09-02 01:30:39.265  1513  1625 W ActivityManager: Slow operation: 1108ms so far, now at startProcess: done updating battery stats
09-02 01:30:39.265  1513  1625 W ActivityManager: Slow operation: 1108ms so far, now at startProcess: building log message
09-02 01:30:39.265  1513  1625 I ActivityManager: Start proc 11162:com.android.chrome:sandboxed_process0:org.chromium.content.app.SandboxedProcessService0:62/u0ai63 for  {com.android.chrome/org.chromium.content.app.SandboxedProcessService0:62}
09-02 01:30:39.265  1513  1625 W ActivityManager: Slow operation: 1108ms so far, now at startProcess: starting to update pids map
09-02 01:30:39.265  1513  1625 W ActivityManager: Slow operation: 1108ms so far, now at startProcess: done updating pids map
09-02 01:30:39.265  1513  1625 W ActivityManager: Slow operation: 1084ms so far, now at startProcess: asking zygote to start proc
09-02 01:30:39.265  1513  1625 D CompatibilityChangeReporter: Compat change id reported: 143937733; UID 10220; state: ENABLED
09-02 01:30:39.266 11162 11162 E libc    : SetHeapTaggingLevel: re-enabling tagging after it was disabled is not supported
09-02 01:30:39.269 11090 11090 W SystemServiceRegistry: No service published for: uimode
09-02 01:30:39.272 11071 11071 I cr_ChildProcessService: Creating new ChildProcessService pid=11071
09-02 01:30:39.273 11162 11162 E cessService0:6: Not starting debugger since process cannot load the jdwp agent.
09-02 01:30:39.277 11071 11098 I cr_LibraryLoader: Using ModernLinker
09-02 01:30:39.278 11071 11098 W linker  : Warning: "/data/app/~~_KLlx60MH8CoecPTjMKp8g==/com.android.chrome-kw9RHYrlHKb9bPXi8OTClw==/base.apk!/lib/arm64-v8a/libchromium_android_linker.so" unused DT entry: unknown processor-specific (type 0x70000001 arg 0x0) (ignoring)
09-02 01:30:39.280 11090 11090 I cr_ChildProcessService: Creating new ChildProcessService pid=11090
09-02 01:30:39.281 11118 11118 I LoadedApk: No resource references to update in package com.google.android.trichromelibrary
09-02 01:30:39.282 11118 11118 D NetworkSecurityConfig: Using Network Security Config from resource 0_resource_name_obfuscated debugBuild: false
09-02 01:30:39.283 11118 11118 D NetworkSecurityConfig: Using Network Security Config from resource 0_resource_name_obfuscated debugBuild: false
09-02 01:30:39.284  6853  6853 D Zygote  : Forked child process 11182
09-02 01:30:39.284  1513  3232 D CompatibilityChangeReporter: Compat change id reported: 136274596; UID 10220; state: ENABLED
09-02 01:30:39.284 11118 11118 I cr_SplitCompatApp: Launched version=107.0.5304.91 minSdkVersion=29 isBundle=true processName=com.android.chrome:sandboxed_process0:org.chromium.content.app.SandboxedProcessService0:61 isIsolated=true
09-02 01:30:39.285 11182 11182 E libc    : SetHeapTaggingLevel: re-enabling tagging after it was disabled is not supported
09-02 01:30:39.285  1513  1625 W ActivityManager: Slow operation: 1105ms so far, now at startProcess: returned from zygote!
09-02 01:30:39.286  1513  1625 W ActivityManager: Slow operation: 1106ms so far, now at startProcess: done updating battery stats
09-02 01:30:39.286  1513  1625 W ActivityManager: Slow operation: 1106ms so far, now at startProcess: building log message
09-02 01:30:39.286  1513  1625 I ActivityManager: Start proc 11182:com.android.chrome:sandboxed_process0:org.chromium.content.app.SandboxedProcessService0:63/u0ai64 for  {com.android.chrome/org.chromium.content.app.SandboxedProcessService0:63}
09-02 01:30:39.286  1513  1625 W ActivityManager: Slow operation: 1106ms so far, now at startProcess: starting to update pids map
09-02 01:30:39.287   901  1000 W ASH     : @ 56225.738: Unhandled msg ID 999: line 1277
09-02 01:30:39.287   901  1000 E ASH     : @ 56225.738: No pb callback assigned
09-02 01:30:39.287   901  1000 E ASH     : @ 56225.738: Nanopb error: callback failed:1588
09-02 01:30:39.287  1513  1625 W ActivityManager: Slow operation: 1107ms so far, now at startProcess: done updating pids map
09-02 01:30:39.287  1513  1625 W ActivityManager: Slow operation: 1080ms so far, now at startProcess: asking zygote to start proc
09-02 01:30:39.288  1513  1625 D CompatibilityChangeReporter: Compat change id reported: 143937733; UID 10220; state: ENABLED
09-02 01:30:39.291 11090 11128 I cr_LibraryLoader: Using ModernLinker
09-02 01:30:39.293 11090 11128 W linker  : Warning: "/data/app/~~_KLlx60MH8CoecPTjMKp8g==/com.android.chrome-kw9RHYrlHKb9bPXi8OTClw==/base.apk!/lib/arm64-v8a/libchromium_android_linker.so" unused DT entry: unknown processor-specific (type 0x70000001 arg 0x0) (ignoring)
09-02 01:30:39.294 11090 11128 E cr_ChromiumAndroidLinker: ReserveAddressWithHint: Address range starting at 0x7a379a9000 was not free to use
09-02 01:30:39.295 11118 11118 W SystemServiceRegistry: No service published for: uimode
09-02 01:30:39.298 11090 11181 I cr_LibraryLoader: Successfully loaded native library
09-02 01:30:39.299 11090 11181 I cr_CachingUmaRecorder: Flushed 3 samples from 3 histograms.
09-02 01:30:39.300 11118 11118 I cr_ChildProcessService: Creating new ChildProcessService pid=11118
09-02 01:30:39.303 11182 11182 E cessService0:6: Not starting debugger since process cannot load the jdwp agent.
09-02 01:30:39.307 11118 11160 I cr_LibraryLoader: Using ModernLinker
09-02 01:30:39.307 11118 11160 W linker  : Warning: "/data/app/~~_KLlx60MH8CoecPTjMKp8g==/com.android.chrome-kw9RHYrlHKb9bPXi8OTClw==/base.apk!/lib/arm64-v8a/libchromium_android_linker.so" unused DT entry: unknown processor-specific (type 0x70000001 arg 0x0) (ignoring)
09-02 01:30:39.309 11162 11162 I LoadedApk: No resource references to update in package com.google.android.trichromelibrary
09-02 01:30:39.309 11162 11162 D NetworkSecurityConfig: Using Network Security Config from resource 0_resource_name_obfuscated debugBuild: false
09-02 01:30:39.310  1513  3232 D CompatibilityChangeReporter: Compat change id reported: 136274596; UID 10220; state: ENABLED
09-02 01:30:39.311 11162 11162 D NetworkSecurityConfig: Using Network Security Config from resource 0_resource_name_obfuscated debugBuild: false
09-02 01:30:39.312  6853  6853 D Zygote  : Forked child process 11202
09-02 01:30:39.313 11162 11162 I cr_SplitCompatApp: Launched version=107.0.5304.91 minSdkVersion=29 isBundle=true processName=com.android.chrome:sandboxed_process0:org.chromium.content.app.SandboxedProcessService0:62 isIsolated=true
09-02 01:30:39.313  1513  1625 W ActivityManager: Slow operation: 1106ms so far, now at startProcess: returned from zygote!
09-02 01:30:39.314  1513  1625 W ActivityManager: Slow operation: 1106ms so far, now at startProcess: done updating battery stats
09-02 01:30:39.314  1513  1625 W ActivityManager: Slow operation: 1106ms so far, now at startProcess: building log message
09-02 01:30:39.314  1513  1625 I ActivityManager: Start proc 11202:com.android.chrome:sandboxed_process0:org.chromium.content.app.SandboxedProcessService0:64/u0ai65 for  {com.android.chrome/org.chromium.content.app.SandboxedProcessService0:64}
09-02 01:30:39.314  1513  1625 W ActivityManager: Slow operation: 1106ms so far, now at startProcess: starting to update pids map
09-02 01:30:39.314  1513  1625 W ActivityManager: Slow operation: 1107ms so far, now at startProcess: done updating pids map
09-02 01:30:39.314  1513  1625 W ActivityManager: Slow operation: 1069ms so far, now at startProcess: asking zygote to start proc
09-02 01:30:39.314  1513  1625 D CompatibilityChangeReporter: Compat change id reported: 143937733; UID 10220; state: ENABLED
09-02 01:30:39.316 11202 11202 E libc    : SetHeapTaggingLevel: re-enabling tagging after it was disabled is not supported
09-02 01:30:39.317 11118 11194 I cr_LibraryLoader: Successfully loaded native library
09-02 01:30:39.318 11118 11194 I cr_CachingUmaRecorder: Flushed 3 samples from 3 histograms.
09-02 01:30:39.321 11202 11202 E cessService0:6: Not starting debugger since process cannot load the jdwp agent.
09-02 01:30:39.329 11162 11162 W SystemServiceRegistry: No service published for: uimode
09-02 01:30:39.330 11162 11162 I cr_ChildProcessService: Creating new ChildProcessService pid=11162
09-02 01:30:39.332  1513  3227 D CompatibilityChangeReporter: Compat change id reported: 136274596; UID 10220; state: ENABLED
09-02 01:30:39.333 11182 11182 I LoadedApk: No resource references to update in package com.google.android.trichromelibrary
09-02 01:30:39.333 11182 11182 D NetworkSecurityConfig: Using Network Security Config from resource 0_resource_name_obfuscated debugBuild: false
09-02 01:30:39.334 11182 11182 D NetworkSecurityConfig: Using Network Security Config from resource 0_resource_name_obfuscated debugBuild: false
09-02 01:30:39.335 11182 11182 I cr_SplitCompatApp: Launched version=107.0.5304.91 minSdkVersion=29 isBundle=true processName=com.android.chrome:sandboxed_process0:org.chromium.content.app.SandboxedProcessService0:63 isIsolated=true
09-02 01:30:39.338 11162 11188 I cr_LibraryLoader: Using ModernLinker
09-02 01:30:39.340 11162 11188 W linker  : Warning: "/data/app/~~_KLlx60MH8CoecPTjMKp8g==/com.android.chrome-kw9RHYrlHKb9bPXi8OTClw==/base.apk!/lib/arm64-v8a/libchromium_android_linker.so" unused DT entry: unknown processor-specific (type 0x70000001 arg 0x0) (ignoring)
09-02 01:30:39.341 11162 11188 E cr_ChromiumAndroidLinker: ReserveAddressWithHint: Address range starting at 0x7a379a9000 was not free to use
09-02 01:30:39.342 11182 11182 W SystemServiceRegistry: No service published for: uimode
09-02 01:30:39.348 11182 11182 I cr_ChildProcessService: Creating new ChildProcessService pid=11182
09-02 01:30:39.350 11202 11202 I LoadedApk: No resource references to update in package com.google.android.trichromelibrary
09-02 01:30:39.350 11202 11202 D NetworkSecurityConfig: Using Network Security Config from resource 0_resource_name_obfuscated debugBuild: false
09-02 01:30:39.351 11202 11202 D NetworkSecurityConfig: Using Network Security Config from resource 0_resource_name_obfuscated debugBuild: false
09-02 01:30:39.352 11182 11210 I cr_LibraryLoader: Using ModernLinker
09-02 01:30:39.353 11202 11202 I cr_SplitCompatApp: Launched version=107.0.5304.91 minSdkVersion=29 isBundle=true processName=com.android.chrome:sandboxed_process0:org.chromium.content.app.SandboxedProcessService0:64 isIsolated=true
09-02 01:30:39.353 11182 11210 W linker  : Warning: "/data/app/~~_KLlx60MH8CoecPTjMKp8g==/com.android.chrome-kw9RHYrlHKb9bPXi8OTClw==/base.apk!/lib/arm64-v8a/libchromium_android_linker.so" unused DT entry: unknown processor-specific (type 0x70000001 arg 0x0) (ignoring)
09-02 01:30:39.353 11182 11210 E cr_ChromiumAndroidLinker: ReserveAddressWithHint: Address range starting at 0x7a379a9000 was not free to use
09-02 01:30:39.360 11182 11233 I cr_LibraryLoader: Successfully loaded native library
09-02 01:30:39.361 11182 11233 I cr_CachingUmaRecorder: Flushed 3 samples from 3 histograms.
09-02 01:30:39.370  6853  6853 D Zygote  : Forked child process 11242
09-02 01:30:39.371  1513  1625 W ActivityManager: Slow operation: 1126ms so far, now at startProcess: returned from zygote!
09-02 01:30:39.371  1513  1625 W ActivityManager: Slow operation: 1126ms so far, now at startProcess: done updating battery stats
09-02 01:30:39.371  1513  1625 W ActivityManager: Slow operation: 1126ms so far, now at startProcess: building log message
09-02 01:30:39.371  1513  1625 I ActivityManager: Start proc 11242:com.android.chrome:sandboxed_process0:org.chromium.content.app.SandboxedProcessService0:65/u0ai66 for  {com.android.chrome/org.chromium.content.app.SandboxedProcessService0:65}
09-02 01:30:39.371  1513  1625 W ActivityManager: Slow operation: 1126ms so far, now at startProcess: starting to update pids map
09-02 01:30:39.371 11202 11202 W SystemServiceRegistry: No service published for: uimode
09-02 01:30:39.371  1513  1625 W ActivityManager: Slow operation: 1126ms so far, now at startProcess: done updating pids map
09-02 01:30:39.371  1513  1625 W ActivityManager: Slow operation: 1098ms so far, now at startProcess: asking zygote to start proc
09-02 01:30:39.371  1513  1625 D CompatibilityChangeReporter: Compat change id reported: 143937733; UID 10220; state: ENABLED
09-02 01:30:39.372 11242 11242 E libc    : SetHeapTaggingLevel: re-enabling tagging after it was disabled is not supported
09-02 01:30:39.376  6853  6853 I Zygote  : Process 9278 exited due to signal 9 (Killed)
09-02 01:30:39.376 11202 11202 I cr_ChildProcessService: Creating new ChildProcessService pid=11202
09-02 01:30:39.383  9121  9121 I cr_TabWebContentsObs: renderProcessGone() for tab id: 4974, already needs reload: false
09-02 01:30:39.383 11202 11229 I cr_LibraryLoader: Using ModernLinker
09-02 01:30:39.385 11242 11242 E cessService0:6: Not starting debugger since process cannot load the jdwp agent.
09-02 01:30:39.385 11202 11229 W linker  : Warning: "/data/app/~~_KLlx60MH8CoecPTjMKp8g==/com.android.chrome-kw9RHYrlHKb9bPXi8OTClw==/base.apk!/lib/arm64-v8a/libchromium_android_linker.so" unused DT entry: unknown processor-specific (type 0x70000001 arg 0x0) (ignoring)
09-02 01:30:39.386 11202 11229 E cr_ChromiumAndroidLinker: ReserveAddressWithHint: Address range starting at 0x7a379a9000 was not free to use
09-02 01:30:39.392 11202 11250 I cr_LibraryLoader: Successfully loaded native library
09-02 01:30:39.394 11202 11250 I cr_CachingUmaRecorder: Flushed 3 samples from 3 histograms.
09-02 01:30:39.403  1513  3227 D CompatibilityChangeReporter: Compat change id reported: 136274596; UID 10220; state: ENABLED
09-02 01:30:39.404  6853  6853 D Zygote  : Forked child process 11262
09-02 01:30:39.405  1513  1625 W ActivityManager: Slow operation: 1132ms so far, now at startProcess: returned from zygote!
09-02 01:30:39.405  1513  1625 W ActivityManager: Slow operation: 1132ms so far, now at startProcess: done updating battery stats
09-02 01:30:39.405  1513  1625 W ActivityManager: Slow operation: 1132ms so far, now at startProcess: building log message
09-02 01:30:39.405  1513  1625 I ActivityManager: Start proc 11262:com.android.chrome:sandboxed_process0:org.chromium.content.app.SandboxedProcessService0:66/u0ai67 for  {com.android.chrome/org.chromium.content.app.SandboxedProcessService0:66}
09-02 01:30:39.405  1513  1625 W ActivityManager: Slow operation: 1132ms so far, now at startProcess: starting to update pids map
09-02 01:30:39.405  1513  1625 W ActivityManager: Slow operation: 1132ms so far, now at startProcess: done updating pids map
09-02 01:30:39.406  1513  1625 W ActivityManager: Slow operation: 1099ms so far, now at startProcess: asking zygote to start proc
09-02 01:30:39.406  1513  1625 D CompatibilityChangeReporter: Compat change id reported: 143937733; UID 10220; state: ENABLED
09-02 01:30:39.407 11262 11262 E libc    : SetHeapTaggingLevel: re-enabling tagging after it was disabled is not supported
09-02 01:30:39.412 11262 11262 E cessService0:6: Not starting debugger since process cannot load the jdwp agent.
09-02 01:30:39.418  6853  6853 D Zygote  : Forked child process 11278
09-02 01:30:39.418  1513  1625 W ActivityManager: Slow operation: 1112ms so far, now at startProcess: returned from zygote!
09-02 01:30:39.419  1513  1625 W ActivityManager: Slow operation: 1112ms so far, now at startProcess: done updating battery stats
09-02 01:30:39.419  1513  1625 W ActivityManager: Slow operation: 1112ms so far, now at startProcess: building log message
09-02 01:30:39.419  1513  1625 I ActivityManager: Start proc 11278:com.android.chrome:sandboxed_process0:org.chromium.content.app.SandboxedProcessService0:67/u0ai68 for  {com.android.chrome/org.chromium.content.app.SandboxedProcessService0:67}
09-02 01:30:39.419  1513  1625 W ActivityManager: Slow operation: 1112ms so far, now at startProcess: starting to update pids map
09-02 01:30:39.419  1513  1625 W ActivityManager: Slow operation: 1112ms so far, now at startProcess: done updating pids map
09-02 01:30:39.419  1513  1625 W ActivityManager: Slow operation: 1084ms so far, now at startProcess: asking zygote to start proc
09-02 01:30:39.424  1513  2570 D CompatibilityChangeReporter: Compat change id reported: 136274596; UID 10220; state: ENABLED
09-02 01:30:39.424 11242 11242 I LoadedApk: No resource references to update in package com.google.android.trichromelibrary
09-02 01:30:39.424 11242 11242 D NetworkSecurityConfig: Using Network Security Config from resource 0_resource_name_obfuscated debugBuild: false
09-02 01:30:39.426 11242 11242 D NetworkSecurityConfig: Using Network Security Config from resource 0_resource_name_obfuscated debugBuild: false
09-02 01:30:39.426 11278 11278 E libc    : SetHeapTaggingLevel: re-enabling tagging after it was disabled is not supported
09-02 01:30:39.427 11242 11242 I cr_SplitCompatApp: Launched version=107.0.5304.91 minSdkVersion=29 isBundle=true processName=com.android.chrome:sandboxed_process0:org.chromium.content.app.SandboxedProcessService0:65 isIsolated=true
09-02 01:30:39.430  6853  6853 D Zygote  : Forked child process 11290
09-02 01:30:39.431  9121  9121 I cr_StartSurface: Recorded Startup.Android.StartSurfaceShownAtStartup = false
09-02 01:30:39.433 11278 11278 E cessService0:6: Not starting debugger since process cannot load the jdwp agent.
09-02 01:30:39.435  1513  1625 W ActivityManager: Slow operation: 1100ms so far, now at startProcess: returned from zygote!
09-02 01:30:39.435  1513  1625 W ActivityManager: Slow operation: 1100ms so far, now at startProcess: done updating battery stats
09-02 01:30:39.435  1513  1625 W ActivityManager: Slow operation: 1100ms so far, now at startProcess: building log message
09-02 01:30:39.435  1513  1625 I ActivityManager: Start proc 11290:com.android.chrome:sandboxed_process0:org.chromium.content.app.SandboxedProcessService0:68/u0ai69 for  {com.android.chrome/org.chromium.content.app.SandboxedProcessService0:68}
09-02 01:30:39.435  1513  1625 W ActivityManager: Slow operation: 1100ms so far, now at startProcess: starting to update pids map
09-02 01:30:39.435  1513  1625 W ActivityManager: Slow operation: 1100ms so far, now at startProcess: done updating pids map
09-02 01:30:39.435  1513  1625 W ActivityManager: Slow operation: 1071ms so far, now at startProcess: asking zygote to start proc
09-02 01:30:39.435  1513  1625 D CompatibilityChangeReporter: Compat change id reported: 143937733; UID 10220; state: ENABLED
09-02 01:30:39.436  9121  9170 I cr_BindingManager: Visible binding enabled: maxSize=-1
09-02 01:30:39.437  1513  3232 D CompatibilityChangeReporter: Compat change id reported: 136274596; UID 10220; state: ENABLED
09-02 01:30:39.439 11290 11290 E libc    : SetHeapTaggingLevel: re-enabling tagging after it was disabled is not supported
09-02 01:30:39.446  6853  6853 D Zygote  : Forked child process 11304
09-02 01:30:39.449 11162 11228 I cr_LibraryLoader: Successfully loaded native library
09-02 01:30:39.449 11242 11242 W SystemServiceRegistry: No service published for: uimode
09-02 01:30:39.449  1513  1625 W ActivityManager: Slow operation: 1086ms so far, now at startProcess: returned from zygote!
09-02 01:30:39.450 11304 11304 E libc    : SetHeapTaggingLevel: re-enabling tagging after it was disabled is not supported
09-02 01:30:39.450 11162 11228 I cr_CachingUmaRecorder: Flushed 3 samples from 3 histograms.
09-02 01:30:39.460 11242 11242 I cr_ChildProcessService: Creating new ChildProcessService pid=11242
09-02 01:30:39.461 11071 11174 I cr_LibraryLoader: Successfully loaded native library
09-02 01:30:39.462 11071 11174 I cr_CachingUmaRecorder: Flushed 3 samples from 3 histograms.
09-02 01:30:39.462  9624  9624 I VISHotwordAdapter: Not connected and not waiting for connection.
09-02 01:30:39.464  1513  1625 W ActivityManager: Slow operation: 1100ms so far, now at startProcess: done updating battery stats
09-02 01:30:39.464  1513  1625 W ActivityManager: Slow operation: 1101ms so far, now at startProcess: building log message
09-02 01:30:39.464  1513  1625 I ActivityManager: Start proc 11304:com.android.chrome:sandboxed_process0:org.chromium.content.app.SandboxedProcessService0:69/u0ai70 for  {com.android.chrome/org.chromium.content.app.SandboxedProcessService0:69}
09-02 01:30:39.464  1513  1625 W ActivityManager: Slow operation: 1101ms so far, now at startProcess: starting to update pids map
09-02 01:30:39.464  1513  1625 W ActivityManager: Slow operation: 1101ms so far, now at startProcess: done updating pids map
09-02 01:30:39.464  1513  1625 W ActivityManager: Slow operation: 1073ms so far, now at startProcess: asking zygote to start proc
09-02 01:30:39.464  1513  1625 D CompatibilityChangeReporter: Compat change id reported: 143937733; UID 10220; state: ENABLED
09-02 01:30:39.466  9624  9624 I VISHotwordAdapter: Still waiting for connection; add the callback to callback list
09-02 01:30:39.467 11290 11290 E cessService0:6: Not starting debugger since process cannot load the jdwp agent.
09-02 01:30:39.467 11304 11304 E cessService0:6: Not starting debugger since process cannot load the jdwp agent.
09-02 01:30:39.469 11242 11264 I cr_LibraryLoader: Using ModernLinker
09-02 01:30:39.470 11242 11264 W linker  : Warning: "/data/app/~~_KLlx60MH8CoecPTjMKp8g==/com.android.chrome-kw9RHYrlHKb9bPXi8OTClw==/base.apk!/lib/arm64-v8a/libchromium_android_linker.so" unused DT entry: unknown processor-specific (type 0x70000001 arg 0x0) (ignoring)
09-02 01:30:39.470 11242 11264 E cr_ChromiumAndroidLinker: ReserveAddressWithHint: Address range starting at 0x7a379a9000 was not free to use
09-02 01:30:39.471 11278 11278 I LoadedApk: No resource references to update in package com.google.android.trichromelibrary
09-02 01:30:39.471 11278 11278 D NetworkSecurityConfig: Using Network Security Config from resource 0_resource_name_obfuscated debugBuild: false
