09-02 01:35:42.054 16679 16679 W cr_tabmodel: Failed to restore TabState; creating Tab with last known URL.
09-02 01:35:42.056 16841 16841 D NetworkSecurityConfig: Using Network Security Config from resource 0_resource_name_obfuscated debugBuild: false
09-02 01:35:42.058 16841 16841 I cr_SplitCompatApp: Launched version=107.0.5304.91 minSdkVersion=29 isBundle=true processName=com.android.chrome:sandboxed_process0:org.chromium.content.app.SandboxedProcessService0:1 isIsolated=true
09-02 01:35:42.061  1513  2570 D CompatibilityChangeReporter: Compat change id reported: 136274596; UID 10220; state: ENABLED
09-02 01:35:42.066  1513  4617 D CompatibilityChangeReporter: Compat change id reported: 135634846; UID 10220; state: DISABLED
09-02 01:35:42.067  1513  4617 D CompatibilityChangeReporter: Compat change id reported: 135754954; UID 10220; state: ENABLED
09-02 01:35:42.067 16679 16679 E cr_IntentUtils: getBooleanExtra failed on intent null
09-02 01:35:42.067 16679 16679 E cr_IntentUtils: getBooleanExtra failed on intent null
09-02 01:35:42.073 16729 16729 D Zygote  : Forked child process 16876
09-02 01:35:42.075 16876 16876 E libc    : SetHeapTaggingLevel: re-enabling tagging after it was disabled is not supported
09-02 01:35:42.075 16841 16841 W SystemServiceRegistry: No service published for: uimode
09-02 01:35:42.075  1513  1625 I ActivityManager: Start proc 16876:com.android.chrome:sandboxed_process0:org.chromium.content.app.SandboxedProcessService0:3/u0ai3 for  {com.android.chrome/org.chromium.content.app.SandboxedProcessService0:3}
09-02 01:35:42.075  1513  1625 D CompatibilityChangeReporter: Compat change id reported: 143937733; UID 10220; state: ENABLED
09-02 01:35:42.079 16679 16679 I cr_tabmodel: #isIncognitoTabBeingRestored from tabDetails:  false
09-02 01:35:42.079 16679 16679 I cr_tabmodel: #isIncognitoTabBeingRestored from tabDetails:  false
09-02 01:35:42.079 16679 16679 W cr_tabmodel: Failed to restore TabState; creating Tab with last known URL.
09-02 01:35:42.081 16841 16841 I cr_ChildProcessService: Creating new ChildProcessService pid=16841
09-02 01:35:42.085 16876 16876 E ocessService0:: Not starting debugger since process cannot load the jdwp agent.
09-02 01:35:42.087 16841 16858 I cr_LibraryLoader: Using ModernLinker
09-02 01:35:42.088 16859 16859 I LoadedApk: No resource references to update in package com.google.android.trichromelibrary
09-02 01:35:42.089 16859 16859 D NetworkSecurityConfig: Using Network Security Config from resource 0_resource_name_obfuscated debugBuild: false
09-02 01:35:42.091 16859 16859 D NetworkSecurityConfig: Using Network Security Config from resource 0_resource_name_obfuscated debugBuild: false
09-02 01:35:42.091 16679 16679 E cr_IntentUtils: getBooleanExtra failed on intent null
09-02 01:35:42.091 16679 16679 E cr_IntentUtils: getBooleanExtra failed on intent null
09-02 01:35:42.092 16859 16859 I cr_SplitCompatApp: Launched version=107.0.5304.91 minSdkVersion=29 isBundle=true processName=com.android.chrome:sandboxed_process0:org.chromium.content.app.SandboxedProcessService0:2 isIsolated=true
09-02 01:35:42.092 16841 16858 W linker  : Warning: "/data/app/~~_KLlx60MH8CoecPTjMKp8g==/com.android.chrome-kw9RHYrlHKb9bPXi8OTClw==/base.apk!/lib/arm64-v8a/libchromium_android_linker.so" unused DT entry: unknown processor-specific (type 0x70000001 arg 0x0) (ignoring)
09-02 01:35:42.093 16841 16858 E cr_ChromiumAndroidLinker: ReserveAddressWithHint: Address range starting at 0x7a3874c000 was not free to use
09-02 01:35:42.101 16841 16883 I cr_LibraryLoader: Successfully loaded native library
09-02 01:35:42.102 16679 16679 I cr_tabmodel: #isIncognitoTabBeingRestored from tabDetails:  false
09-02 01:35:42.102 16679 16679 I cr_tabmodel: #isIncognitoTabBeingRestored from tabDetails:  false
09-02 01:35:42.102 16679 16679 W cr_tabmodel: Failed to restore TabState; creating Tab with last known URL.
09-02 01:35:42.102 16841 16883 I cr_CachingUmaRecorder: Flushed 3 samples from 3 histograms.
09-02 01:35:42.105 16859 16859 W SystemServiceRegistry: No service published for: uimode
09-02 01:35:42.109  1513  3168 D CompatibilityChangeReporter: Compat change id reported: 136274596; UID 10220; state: ENABLED
09-02 01:35:42.113 16859 16859 I cr_ChildProcessService: Creating new ChildProcessService pid=16859
09-02 01:35:42.113 16729 16729 D Zygote  : Forked child process 16894
09-02 01:35:42.115  1513  4617 D CompatibilityChangeReporter: Compat change id reported: 135634846; UID 10220; state: DISABLED
09-02 01:35:42.115  1513  4617 D CompatibilityChangeReporter: Compat change id reported: 135754954; UID 10220; state: ENABLED
09-02 01:35:42.115 16894 16894 E libc    : SetHeapTaggingLevel: re-enabling tagging after it was disabled is not supported
09-02 01:35:42.116 16679 16679 E cr_IntentUtils: getBooleanExtra failed on intent null
09-02 01:35:42.116 16679 16679 E cr_IntentUtils: getBooleanExtra failed on intent null
09-02 01:35:42.117  1513  1625 W ActivityManager: Slow operation: 51ms so far, now at startProcess: done updating battery stats
09-02 01:35:42.117  1513  1625 W ActivityManager: Slow operation: 51ms so far, now at startProcess: building log message
09-02 01:35:42.117  1513  1625 I ActivityManager: Start proc 16894:com.android.chrome:sandboxed_process0:org.chromium.content.app.SandboxedProcessService0:4/u0ai4 for  {com.android.chrome/org.chromium.content.app.SandboxedProcessService0:4}
09-02 01:35:42.117  1513  1625 W ActivityManager: Slow operation: 51ms so far, now at startProcess: starting to update pids map
09-02 01:35:42.117  1513  1625 W ActivityManager: Slow operation: 51ms so far, now at startProcess: done updating pids map
09-02 01:35:42.118  1513  1625 D CompatibilityChangeReporter: Compat change id reported: 143937733; UID 10220; state: ENABLED
09-02 01:35:42.125 16894 16894 E ocessService0:: Not starting debugger since process cannot load the jdwp agent.
09-02 01:35:42.127 16859 16875 I cr_LibraryLoader: Using ModernLinker
09-02 01:35:42.128 16679 16679 I cr_tabmodel: #isIncognitoTabBeingRestored from tabDetails:  false
09-02 01:35:42.128 16679 16679 I cr_tabmodel: #isIncognitoTabBeingRestored from tabDetails:  false
09-02 01:35:42.128 16679 16679 W cr_tabmodel: Failed to restore TabState; creating Tab with last known URL.
09-02 01:35:42.130 16859 16875 W linker  : Warning: "/data/app/~~_KLlx60MH8CoecPTjMKp8g==/com.android.chrome-kw9RHYrlHKb9bPXi8OTClw==/base.apk!/lib/arm64-v8a/libchromium_android_linker.so" unused DT entry: unknown processor-specific (type 0x70000001 arg 0x0) (ignoring)
09-02 01:35:42.131 16859 16875 E cr_ChromiumAndroidLinker: ReserveAddressWithHint: Address range starting at 0x7a3874c000 was not free to use
09-02 01:35:42.136 16859 16895 I cr_LibraryLoader: Successfully loaded native library
09-02 01:35:42.137 16859 16895 I cr_CachingUmaRecorder: Flushed 3 samples from 3 histograms.
09-02 01:35:42.139  1513  2570 D CompatibilityChangeReporter: Compat change id reported: 136274596; UID 10220; state: ENABLED
09-02 01:35:42.140 16729 16729 D Zygote  : Forked child process 16920
09-02 01:35:42.141  1513  1625 W ActivityManager: Slow operation: 53ms so far, now at startProcess: returned from zygote!
09-02 01:35:42.142  1513  1625 W ActivityManager: Slow operation: 53ms so far, now at startProcess: done updating battery stats
09-02 01:35:42.143  1513  1625 W ActivityManager: Slow operation: 55ms so far, now at startProcess: building log message
09-02 01:35:42.143  1513  1625 I ActivityManager: Start proc 16920:com.android.chrome:sandboxed_process0:org.chromium.content.app.SandboxedProcessService0:5/u0ai5 for  {com.android.chrome/org.chromium.content.app.SandboxedProcessService0:5}
09-02 01:35:42.143  1513  1625 W ActivityManager: Slow operation: 55ms so far, now at startProcess: starting to update pids map
09-02 01:35:42.145  1513  1625 W ActivityManager: Slow operation: 57ms so far, now at startProcess: done updating pids map
09-02 01:35:42.145  1513  1625 D CompatibilityChangeReporter: Compat change id reported: 143937733; UID 10220; state: ENABLED
09-02 01:35:42.146 16679 16679 E cr_IntentUtils: getBooleanExtra failed on intent null
09-02 01:35:42.146 16679 16679 E cr_IntentUtils: getBooleanExtra failed on intent null
09-02 01:35:42.147  1513  2570 D CompatibilityChangeReporter: Compat change id reported: 135634846; UID 10220; state: DISABLED
09-02 01:35:42.147  1513  2570 D CompatibilityChangeReporter: Compat change id reported: 135754954; UID 10220; state: ENABLED
09-02 01:35:42.148 16876 16876 I LoadedApk: No resource references to update in package com.google.android.trichromelibrary
09-02 01:35:42.149 16876 16876 D NetworkSecurityConfig: Using Network Security Config from resource 0_resource_name_obfuscated debugBuild: false
09-02 01:35:42.149 16920 16920 E libc    : SetHeapTaggingLevel: re-enabling tagging after it was disabled is not supported
09-02 01:35:42.150 16876 16876 D NetworkSecurityConfig: Using Network Security Config from resource 0_resource_name_obfuscated debugBuild: false
09-02 01:35:42.152 16876 16876 I cr_SplitCompatApp: Launched version=107.0.5304.91 minSdkVersion=29 isBundle=true processName=com.android.chrome:sandboxed_process0:org.chromium.content.app.SandboxedProcessService0:3 isIsolated=true
09-02 01:35:42.158 16679 16679 I cr_tabmodel: #isIncognitoTabBeingRestored from tabDetails:  false
09-02 01:35:42.158 16679 16679 I cr_tabmodel: #isIncognitoTabBeingRestored from tabDetails:  false
09-02 01:35:42.158 16679 16679 W cr_tabmodel: Failed to restore TabState; creating Tab with last known URL.
09-02 01:35:42.164 16876 16876 W SystemServiceRegistry: No service published for: uimode
09-02 01:35:42.170 16920 16920 E ocessService0:: Not starting debugger since process cannot load the jdwp agent.
09-02 01:35:42.171 16679 16679 E cr_IntentUtils: getBooleanExtra failed on intent null
09-02 01:35:42.171 16679 16679 E cr_IntentUtils: getBooleanExtra failed on intent null
09-02 01:35:42.171 16876 16876 I cr_ChildProcessService: Creating new ChildProcessService pid=16876
09-02 01:35:42.177 16729 16729 D Zygote  : Forked child process 16945
09-02 01:35:42.180  1513  1625 W ActivityManager: Slow operation: 65ms so far, now at startProcess: returned from zygote!
09-02 01:35:42.180  1513  1625 W ActivityManager: Slow operation: 65ms so far, now at startProcess: done updating battery stats
09-02 01:35:42.180  1513  1625 W ActivityManager: Slow operation: 66ms so far, now at startProcess: building log message
09-02 01:35:42.180  1513  1625 I ActivityManager: Start proc 16945:com.android.chrome:sandboxed_process0:org.chromium.content.app.SandboxedProcessService0:6/u0ai6 for  {com.android.chrome/org.chromium.content.app.SandboxedProcessService0:6}
09-02 01:35:42.180  1513  1625 W ActivityManager: Slow operation: 66ms so far, now at startProcess: starting to update pids map
09-02 01:35:42.180  1513  1625 W ActivityManager: Slow operation: 66ms so far, now at startProcess: done updating pids map
09-02 01:35:42.180 16945 16945 E libc    : SetHeapTaggingLevel: re-enabling tagging after it was disabled is not supported
09-02 01:35:42.180 16679 16679 I cr_tabmodel: #isIncognitoTabBeingRestored from tabDetails:  false
09-02 01:35:42.180 16679 16679 I cr_tabmodel: #isIncognitoTabBeingRestored from tabDetails:  false
09-02 01:35:42.180 16679 16679 W cr_tabmodel: Failed to restore TabState; creating Tab with last known URL.
09-02 01:35:42.184 16876 16900 I cr_LibraryLoader: Using ModernLinker
09-02 01:35:42.187 16876 16900 W linker  : Warning: "/data/app/~~_KLlx60MH8CoecPTjMKp8g==/com.android.chrome-kw9RHYrlHKb9bPXi8OTClw==/base.apk!/lib/arm64-v8a/libchromium_android_linker.so" unused DT entry: unknown processor-specific (type 0x70000001 arg 0x0) (ignoring)
09-02 01:35:42.188 16876 16900 E cr_ChromiumAndroidLinker: ReserveAddressWithHint: Address range starting at 0x7a3874c000 was not free to use
09-02 01:35:42.193 16679 16679 E cr_IntentUtils: getBooleanExtra failed on intent null
09-02 01:35:42.193 16679 16679 E cr_IntentUtils: getBooleanExtra failed on intent null
09-02 01:35:42.199 16876 16943 I cr_LibraryLoader: Successfully loaded native library
09-02 01:35:42.199 16894 16894 I LoadedApk: No resource references to update in package com.google.android.trichromelibrary
09-02 01:35:42.200 16894 16894 D NetworkSecurityConfig: Using Network Security Config from resource 0_resource_name_obfuscated debugBuild: false
09-02 01:35:42.200  1513  2570 D CompatibilityChangeReporter: Compat change id reported: 136274596; UID 10220; state: ENABLED
09-02 01:35:42.200 16876 16943 I cr_CachingUmaRecorder: Flushed 3 samples from 3 histograms.
09-02 01:35:42.202 16894 16894 D NetworkSecurityConfig: Using Network Security Config from resource 0_resource_name_obfuscated debugBuild: false
09-02 01:35:42.203 16894 16894 I cr_SplitCompatApp: Launched version=107.0.5304.91 minSdkVersion=29 isBundle=true processName=com.android.chrome:sandboxed_process0:org.chromium.content.app.SandboxedProcessService0:4 isIsolated=true
09-02 01:35:42.204 16945 16945 E ocessService0:: Not starting debugger since process cannot load the jdwp agent.
09-02 01:35:42.205 16679 16679 I cr_tabmodel: #isIncognitoTabBeingRestored from tabDetails:  false
09-02 01:35:42.205 16679 16679 I cr_tabmodel: #isIncognitoTabBeingRestored from tabDetails:  false
09-02 01:35:42.205 16679 16679 W cr_tabmodel: Failed to restore TabState; creating Tab with last known URL.
09-02 01:35:42.217 16729 16729 D Zygote  : Forked child process 16976
09-02 01:35:42.217 16894 16894 W SystemServiceRegistry: No service published for: uimode
09-02 01:35:42.217 16679 16679 E cr_IntentUtils: getBooleanExtra failed on intent null
09-02 01:35:42.217 16679 16679 E cr_IntentUtils: getBooleanExtra failed on intent null
09-02 01:35:42.221  1513  1625 W ActivityManager: Slow operation: 75ms so far, now at startProcess: returned from zygote!
09-02 01:35:42.224  1513  2570 D CompatibilityChangeReporter: Compat change id reported: 136274596; UID 10220; state: ENABLED
09-02 01:35:42.227 16976 16976 E libc    : SetHeapTaggingLevel: re-enabling tagging after it was disabled is not supported
09-02 01:35:42.227  1513  2905 D CompatibilityChangeReporter: Compat change id reported: 135634846; UID 10220; state: DISABLED
09-02 01:35:42.227  1513  2905 D CompatibilityChangeReporter: Compat change id reported: 135754954; UID 10220; state: ENABLED
09-02 01:35:42.228  1513  1625 W ActivityManager: Slow operation: 81ms so far, now at startProcess: done updating battery stats
09-02 01:35:42.228  1513  1625 W ActivityManager: Slow operation: 82ms so far, now at startProcess: building log message
09-02 01:35:42.228  1513  1625 I ActivityManager: Start proc 16976:com.android.chrome:sandboxed_process0:org.chromium.content.app.SandboxedProcessService0:7/u0ai7 for  {com.android.chrome/org.chromium.content.app.SandboxedProcessService0:7}
09-02 01:35:42.228  1513  1625 W ActivityManager: Slow operation: 82ms so far, now at startProcess: starting to update pids map
09-02 01:35:42.228  1513  1625 W ActivityManager: Slow operation: 82ms so far, now at startProcess: done updating pids map
09-02 01:35:42.228  1513  1625 W ActivityManager: Slow operation: 54ms so far, now at startProcess: asking zygote to start proc
09-02 01:35:42.228 16679 16679 I cr_tabmodel: #isIncognitoTabBeingRestored from tabDetails:  false
09-02 01:35:42.228 16679 16679 I cr_tabmodel: #isIncognitoTabBeingRestored from tabDetails:  false
09-02 01:35:42.228  1513  1625 D CompatibilityChangeReporter: Compat change id reported: 143937733; UID 10220; state: ENABLED
09-02 01:35:42.228 16679 16679 W cr_tabmodel: Failed to restore TabState; creating Tab with last known URL.
09-02 01:35:42.239 16976 16976 E ocessService0:: Not starting debugger since process cannot load the jdwp agent.
09-02 01:35:42.242 16894 16894 I cr_ChildProcessService: Creating new ChildProcessService pid=16894
09-02 01:35:42.246 16729 16729 D Zygote  : Forked child process 17010
09-02 01:35:42.249 16679 16679 E cr_IntentUtils: getBooleanExtra failed on intent null
09-02 01:35:42.249 16679 16679 E cr_IntentUtils: getBooleanExtra failed on intent null
09-02 01:35:42.254 16894 16926 I cr_LibraryLoader: Using ModernLinker
09-02 01:35:42.254 16920 16920 I LoadedApk: No resource references to update in package com.google.android.trichromelibrary
09-02 01:35:42.254 17010 17010 E libc    : SetHeapTaggingLevel: re-enabling tagging after it was disabled is not supported
09-02 01:35:42.255 16920 16920 D NetworkSecurityConfig: Using Network Security Config from resource 0_resource_name_obfuscated debugBuild: false
09-02 01:35:42.256 16920 16920 D NetworkSecurityConfig: Using Network Security Config from resource 0_resource_name_obfuscated debugBuild: false
09-02 01:35:42.257 16894 16926 W linker  : Warning: "/data/app/~~_KLlx60MH8CoecPTjMKp8g==/com.android.chrome-kw9RHYrlHKb9bPXi8OTClw==/base.apk!/lib/arm64-v8a/libchromium_android_linker.so" unused DT entry: unknown processor-specific (type 0x70000001 arg 0x0) (ignoring)
09-02 01:35:42.257 16920 16920 I cr_SplitCompatApp: Launched version=107.0.5304.91 minSdkVersion=29 isBundle=true processName=com.android.chrome:sandboxed_process0:org.chromium.content.app.SandboxedProcessService0:5 isIsolated=true
09-02 01:35:42.258 16894 16926 E cr_ChromiumAndroidLinker: ReserveAddressWithHint: Address range starting at 0x7a3874c000 was not free to use
09-02 01:35:42.259  1513  2905 D CompatibilityChangeReporter: Compat change id reported: 136274596; UID 10220; state: ENABLED
09-02 01:35:42.261  1513  1625 W ActivityManager: Slow operation: 87ms so far, now at startProcess: returned from zygote!
09-02 01:35:42.261  1513  1625 W ActivityManager: Slow operation: 87ms so far, now at startProcess: done updating battery stats
09-02 01:35:42.261  1513  1625 W ActivityManager: Slow operation: 87ms so far, now at startProcess: building log message
09-02 01:35:42.261  1513  1625 I ActivityManager: Start proc 17010:com.android.chrome:sandboxed_process0:org.chromium.content.app.SandboxedProcessService0:8/u0ai8 for  {com.android.chrome/org.chromium.content.app.SandboxedProcessService0:8}
09-02 01:35:42.261  1513  1625 W ActivityManager: Slow operation: 87ms so far, now at startProcess: starting to update pids map
09-02 01:35:42.262  1513  1625 W ActivityManager: Slow operation: 87ms so far, now at startProcess: done updating pids map
09-02 01:35:42.262  1513  1625 W ActivityManager: Slow operation: 68ms so far, now at startProcess: asking zygote to start proc
09-02 01:35:42.262  1513  1625 D CompatibilityChangeReporter: Compat change id reported: 143937733; UID 10220; state: ENABLED
09-02 01:35:42.263 16679 16679 I cr_tabmodel: #isIncognitoTabBeingRestored from tabDetails:  false
09-02 01:35:42.263 16679 16679 I cr_tabmodel: #isIncognitoTabBeingRestored from tabDetails:  false
09-02 01:35:42.263 16679 16679 W cr_tabmodel: Failed to restore TabState; creating Tab with last known URL.
09-02 01:35:42.266 17010 17010 E ocessService0:: Not starting debugger since process cannot load the jdwp agent.
09-02 01:35:42.276 16679 16679 E cr_IntentUtils: getBooleanExtra failed on intent null
09-02 01:35:42.276 16679 16679 E cr_IntentUtils: getBooleanExtra failed on intent null
09-02 01:35:42.276  1513  2570 D CompatibilityChangeReporter: Compat change id reported: 135634846; UID 10220; state: DISABLED
09-02 01:35:42.277  1513  2570 D CompatibilityChangeReporter: Compat change id reported: 135754954; UID 10220; state: ENABLED
09-02 01:35:42.284 16945 16945 I LoadedApk: No resource references to update in package com.google.android.trichromelibrary
09-02 01:35:42.285 16945 16945 D NetworkSecurityConfig: Using Network Security Config from resource 0_resource_name_obfuscated debugBuild: false
09-02 01:35:42.286 16945 16945 D NetworkSecurityConfig: Using Network Security Config from resource 0_resource_name_obfuscated debugBuild: false
09-02 01:35:42.287 16945 16945 I cr_SplitCompatApp: Launched version=107.0.5304.91 minSdkVersion=29 isBundle=true processName=com.android.chrome:sandboxed_process0:org.chromium.content.app.SandboxedProcessService0:6 isIsolated=true
09-02 01:35:42.288 16679 16679 I cr_tabmodel: #isIncognitoTabBeingRestored from tabDetails:  false
09-02 01:35:42.288 16679 16679 I cr_tabmodel: #isIncognitoTabBeingRestored from tabDetails:  false
09-02 01:35:42.288 16679 16679 W cr_tabmodel: Failed to restore TabState; creating Tab with last known URL.
09-02 01:35:42.290 16920 16920 W SystemServiceRegistry: No service published for: uimode
09-02 01:35:42.292   901  1000 D VSC     : @ 56528.743: [WO] tilt angle 87
09-02 01:35:42.295 16729 16729 D Zygote  : Forked child process 17030
09-02 01:35:42.296 16920 16920 I cr_ChildProcessService: Creating new ChildProcessService pid=16920
09-02 01:35:42.296  1513  2905 D CompatibilityChangeReporter: Compat change id reported: 136274596; UID 10220; state: ENABLED
09-02 01:35:42.297  1513  1625 W ActivityManager: Slow operation: 103ms so far, now at startProcess: returned from zygote!
09-02 01:35:42.297 16976 16976 I LoadedApk: No resource references to update in package com.google.android.trichromelibrary
09-02 01:35:42.298 16976 16976 D NetworkSecurityConfig: Using Network Security Config from resource 0_resource_name_obfuscated debugBuild: false
09-02 01:35:42.299 16976 16976 D NetworkSecurityConfig: Using Network Security Config from resource 0_resource_name_obfuscated debugBuild: false
09-02 01:35:42.300 17030 17030 E libc    : SetHeapTaggingLevel: re-enabling tagging after it was disabled is not supported
09-02 01:35:42.300 16679 16679 E cr_IntentUtils: getBooleanExtra failed on intent null
09-02 01:35:42.300 16679 16679 E cr_IntentUtils: getBooleanExtra failed on intent null
09-02 01:35:42.301 16976 16976 I cr_SplitCompatApp: Launched version=107.0.5304.91 minSdkVersion=29 isBundle=true processName=com.android.chrome:sandboxed_process0:org.chromium.content.app.SandboxedProcessService0:7 isIsolated=true
09-02 01:35:42.302 16894 16995 I cr_LibraryLoader: Successfully loaded native library
09-02 01:35:42.302  1513  1625 W ActivityManager: Slow operation: 109ms so far, now at startProcess: done updating battery stats
09-02 01:35:42.302  1513  1625 W ActivityManager: Slow operation: 109ms so far, now at startProcess: building log message
09-02 01:35:42.302  1513  1625 I ActivityManager: Start proc 17030:com.android.chrome:sandboxed_process0:org.chromium.content.app.SandboxedProcessService0:9/u0ai9 for  {com.android.chrome/org.chromium.content.app.SandboxedProcessService0:9}
09-02 01:35:42.302  1513  1625 W ActivityManager: Slow operation: 109ms so far, now at startProcess: starting to update pids map
09-02 01:35:42.302  1513  1625 W ActivityManager: Slow operation: 109ms so far, now at startProcess: done updating pids map
09-02 01:35:42.302  1513  1625 W ActivityManager: Slow operation: 75ms so far, now at startProcess: asking zygote to start proc
09-02 01:35:42.302  1513  1625 D CompatibilityChangeReporter: Compat change id reported: 143937733; UID 10220; state: ENABLED
09-02 01:35:42.306  1513  3168 D CompatibilityChangeReporter: Compat change id reported: 135634846; UID 10220; state: DISABLED
09-02 01:35:42.306  1513  3168 D CompatibilityChangeReporter: Compat change id reported: 135754954; UID 10220; state: ENABLED
09-02 01:35:42.306 16945 16945 W SystemServiceRegistry: No service published for: uimode
09-02 01:35:42.310 16679 16679 I cr_tabmodel: #isIncognitoTabBeingRestored from tabDetails:  false
09-02 01:35:42.310 16679 16679 I cr_tabmodel: #isIncognitoTabBeingRestored from tabDetails:  false
09-02 01:35:42.310 16679 16679 W cr_tabmodel: Failed to restore TabState; creating Tab with last known URL.
09-02 01:35:42.313 16945 16945 I cr_ChildProcessService: Creating new ChildProcessService pid=16945
09-02 01:35:42.314 16976 16976 W SystemServiceRegistry: No service published for: uimode
09-02 01:35:42.320 16894 16995 I cr_CachingUmaRecorder: Flushed 3 samples from 3 histograms.
09-02 01:35:42.320 16920 16963 I cr_LibraryLoader: Using ModernLinker
09-02 01:35:42.321 16920 16963 W linker  : Warning: "/data/app/~~_KLlx60MH8CoecPTjMKp8g==/com.android.chrome-kw9RHYrlHKb9bPXi8OTClw==/base.apk!/lib/arm64-v8a/libchromium_android_linker.so" unused DT entry: unknown processor-specific (type 0x70000001 arg 0x0) (ignoring)
09-02 01:35:42.322 16976 16976 I cr_ChildProcessService: Creating new ChildProcessService pid=16976
09-02 01:35:42.322 16920 16963 E cr_ChromiumAndroidLinker: ReserveAddressWithHint: Address range starting at 0x7a3874c000 was not free to use
09-02 01:35:42.325 16945 16975 I cr_LibraryLoader: Using ModernLinker
09-02 01:35:42.327 16945 16975 W linker  : Warning: "/data/app/~~_KLlx60MH8CoecPTjMKp8g==/com.android.chrome-kw9RHYrlHKb9bPXi8OTClw==/base.apk!/lib/arm64-v8a/libchromium_android_linker.so" unused DT entry: unknown processor-specific (type 0x70000001 arg 0x0) (ignoring)
09-02 01:35:42.328 16679 16679 E cr_IntentUtils: getBooleanExtra failed on intent null
09-02 01:35:42.328 16679 16679 E cr_IntentUtils: getBooleanExtra failed on intent null
09-02 01:35:42.332 16945 16975 E cr_ChromiumAndroidLinker: ReserveAddressWithHint: Address range starting at 0x7a3874c000 was not free to use
09-02 01:35:42.333 16679 16679 I cr_tabmodel: #isIncognitoTabBeingRestored from tabDetails:  false
09-02 01:35:42.334 16679 16679 I cr_tabmodel: #isIncognitoTabBeingRestored from tabDetails:  false
09-02 01:35:42.334 16679 16679 W cr_tabmodel: Failed to restore TabState; creating Tab with last known URL.
09-02 01:35:42.336 16729 16729 D Zygote  : Forked child process 17046
09-02 01:35:42.336 17030 17030 E ocessService0:: Not starting debugger since process cannot load the jdwp agent.
09-02 01:35:42.337 16976 16996 I cr_LibraryLoader: Using ModernLinker
09-02 01:35:42.337  1513  1625 W ActivityManager: Slow operation: 110ms so far, now at startProcess: returned from zygote!
09-02 01:35:42.337  1513  1625 W ActivityManager: Slow operation: 110ms so far, now at startProcess: done updating battery stats
09-02 01:35:42.337  1513  1625 W ActivityManager: Slow operation: 110ms so far, now at startProcess: building log message
09-02 01:35:42.337  1513  1625 I ActivityManager: Start proc 17046:com.android.chrome:sandboxed_process0:org.chromium.content.app.SandboxedProcessService0:10/u0ai10 for  {com.android.chrome/org.chromium.content.app.SandboxedProcessService0:10}
09-02 01:35:42.337  1513  1625 W ActivityManager: Slow operation: 110ms so far, now at startProcess: starting to update pids map
09-02 01:35:42.338 16976 16996 W linker  : Warning: "/data/app/~~_KLlx60MH8CoecPTjMKp8g==/com.android.chrome-kw9RHYrlHKb9bPXi8OTClw==/base.apk!/lib/arm64-v8a/libchromium_android_linker.so" unused DT entry: unknown processor-specific (type 0x70000001 arg 0x0) (ignoring)
09-02 01:35:42.338  1513  1625 W ActivityManager: Slow operation: 110ms so far, now at startProcess: done updating pids map
09-02 01:35:42.338  1513  1625 W ActivityManager: Slow operation: 94ms so far, now at startProcess: asking zygote to start proc
09-02 01:35:42.338 16976 16996 E cr_ChromiumAndroidLinker: ReserveAddressWithHint: Address range starting at 0x7a3874c000 was not free to use
09-02 01:35:42.342 17046 17046 E libc    : SetHeapTaggingLevel: re-enabling tagging after it was disabled is not supported
09-02 01:35:42.344 16920 17035 I cr_LibraryLoader: Successfully loaded native library
09-02 01:35:42.345 16976 17044 I cr_LibraryLoader: Successfully loaded native library
09-02 01:35:42.346 16920 17035 I cr_CachingUmaRecorder: Flushed 3 samples from 3 histograms.
09-02 01:35:42.346 16976 17044 I cr_CachingUmaRecorder: Flushed 3 samples from 3 histograms.
09-02 01:35:42.351 17010 17010 I LoadedApk: No resource references to update in package com.google.android.trichromelibrary
09-02 01:35:42.351 16679 16679 E cr_IntentUtils: getBooleanExtra failed on intent null
09-02 01:35:42.351 16679 16679 E cr_IntentUtils: getBooleanExtra failed on intent null
09-02 01:35:42.351 17010 17010 D NetworkSecurityConfig: Using Network Security Config from resource 0_resource_name_obfuscated debugBuild: false
09-02 01:35:42.357  1513  3168 D CompatibilityChangeReporter: Compat change id reported: 136274596; UID 10220; state: ENABLED
09-02 01:35:42.359 17046 17046 E cessService0:1: Not starting debugger since process cannot load the jdwp agent.
09-02 01:35:42.360 16945 17043 I cr_LibraryLoader: Successfully loaded native library
09-02 01:35:42.360 17010 17010 D NetworkSecurityConfig: Using Network Security Config from resource 0_resource_name_obfuscated debugBuild: false
09-02 01:35:42.360 16945 17043 I cr_CachingUmaRecorder: Flushed 3 samples from 3 histograms.
09-02 01:35:42.360 16679 16679 I cr_tabmodel: #isIncognitoTabBeingRestored from tabDetails:  false
09-02 01:35:42.360 16679 16679 I cr_tabmodel: #isIncognitoTabBeingRestored from tabDetails:  false
09-02 01:35:42.360 16679 16679 W cr_tabmodel: Failed to restore TabState; creating Tab with last known URL.
09-02 01:35:42.362 17010 17010 I cr_SplitCompatApp: Launched version=107.0.5304.91 minSdkVersion=29 isBundle=true processName=com.android.chrome:sandboxed_process0:org.chromium.content.app.SandboxedProcessService0:8 isIsolated=true
09-02 01:35:42.368  1513  4617 D CompatibilityChangeReporter: Compat change id reported: 136274596; UID 10220; state: ENABLED
09-02 01:35:42.375 16679 16679 E cr_IntentUtils: getBooleanExtra failed on intent null
09-02 01:35:42.375 16679 16679 E cr_IntentUtils: getBooleanExtra failed on intent null
09-02 01:35:42.377  1513  4617 D CompatibilityChangeReporter: Compat change id reported: 135634846; UID 10220; state: DISABLED
09-02 01:35:42.378  1513  4617 D CompatibilityChangeReporter: Compat change id reported: 135754954; UID 10220; state: ENABLED
09-02 01:35:42.382 16679 16679 I cr_tabmodel: #isIncognitoTabBeingRestored from tabDetails:  false
09-02 01:35:42.382 16679 16679 I cr_tabmodel: #isIncognitoTabBeingRestored from tabDetails:  false
09-02 01:35:42.383 16679 16679 W cr_tabmodel: Failed to restore TabState; creating Tab with last known URL.
09-02 01:35:42.383 17010 17010 W SystemServiceRegistry: No service published for: uimode
09-02 01:35:42.390 17010 17010 I cr_ChildProcessService: Creating new ChildProcessService pid=17010
09-02 01:35:42.391 17030 17030 I LoadedApk: No resource references to update in package com.google.android.trichromelibrary
09-02 01:35:42.391 17030 17030 D NetworkSecurityConfig: Using Network Security Config from resource 0_resource_name_obfuscated debugBuild: false
09-02 01:35:42.395 16729 16729 D Zygote  : Forked child process 17086
09-02 01:35:42.396 16679 16679 E cr_IntentUtils: getBooleanExtra failed on intent null
09-02 01:35:42.397 16679 16679 E cr_IntentUtils: getBooleanExtra failed on intent null
09-02 01:35:42.401 17030 17030 D NetworkSecurityConfig: Using Network Security Config from resource 0_resource_name_obfuscated debugBuild: false
09-02 01:35:42.403 17030 17030 I cr_SplitCompatApp: Launched version=107.0.5304.91 minSdkVersion=29 isBundle=true processName=com.android.chrome:sandboxed_process0:org.chromium.content.app.SandboxedProcessService0:9 isIsolated=true
09-02 01:35:42.404  1513  1625 W ActivityManager: Slow operation: 161ms so far, now at startProcess: returned from zygote!
09-02 01:35:42.404  1513  1625 W ActivityManager: Slow operation: 161ms so far, now at startProcess: done updating battery stats
09-02 01:35:42.404  1513  1625 W ActivityManager: Slow operation: 161ms so far, now at startProcess: building log message
09-02 01:35:42.404  1513  1625 I ActivityManager: Start proc 17086:com.android.chrome:sandboxed_process0:org.chromium.content.app.SandboxedProcessService0:11/u0ai11 for  {com.android.chrome/org.chromium.content.app.SandboxedProcessService0:11}
09-02 01:35:42.404  1513  1625 W ActivityManager: Slow operation: 161ms so far, now at startProcess: starting to update pids map
09-02 01:35:42.405  1513  1625 W ActivityManager: Slow operation: 161ms so far, now at startProcess: done updating pids map
09-02 01:35:42.405  1513  1625 W ActivityManager: Slow operation: 129ms so far, now at startProcess: asking zygote to start proc
09-02 01:35:42.405  1513  1625 D CompatibilityChangeReporter: Compat change id reported: 143937733; UID 10220; state: ENABLED
09-02 01:35:42.406 16679 16679 I cr_tabmodel: #isIncognitoTabBeingRestored from tabDetails:  false
09-02 01:35:42.406 16679 16679 I cr_tabmodel: #isIncognitoTabBeingRestored from tabDetails:  false
09-02 01:35:42.406 16679 16679 W cr_tabmodel: Failed to restore TabState; creating Tab with last known URL.
09-02 01:35:42.407 17086 17086 E libc    : SetHeapTaggingLevel: re-enabling tagging after it was disabled is not supported
09-02 01:35:42.408 17010 17042 I cr_LibraryLoader: Using ModernLinker
09-02 01:35:42.410 17010 17042 W linker  : Warning: "/data/app/~~_KLlx60MH8CoecPTjMKp8g==/com.android.chrome-kw9RHYrlHKb9bPXi8OTClw==/base.apk!/lib/arm64-v8a/libchromium_android_linker.so" unused DT entry: unknown processor-specific (type 0x70000001 arg 0x0) (ignoring)
09-02 01:35:42.411 17010 17042 E cr_ChromiumAndroidLinker: ReserveAddressWithHint: Address range starting at 0x7a3874c000 was not free to use
09-02 01:35:42.416 17046 17046 I LoadedApk: No resource references to update in package com.google.android.trichromelibrary
09-02 01:35:42.417 17046 17046 D NetworkSecurityConfig: Using Network Security Config from resource 0_resource_name_obfuscated debugBuild: false
09-02 01:35:42.418 17046 17046 D NetworkSecurityConfig: Using Network Security Config from resource 0_resource_name_obfuscated debugBuild: false
09-02 01:35:42.420 17046 17046 I cr_SplitCompatApp: Launched version=107.0.5304.91 minSdkVersion=29 isBundle=true processName=com.android.chrome:sandboxed_process0:org.chromium.content.app.SandboxedProcessService0:10 isIsolated=true
09-02 01:35:42.420 17030 17030 W SystemServiceRegistry: No service published for: uimode
09-02 01:35:42.420 17086 17086 E cessService0:1: Not starting debugger since process cannot load the jdwp agent.
09-02 01:35:42.421 17010 17085 I cr_LibraryLoader: Successfully loaded native library
09-02 01:35:42.423 17010 17085 I cr_CachingUmaRecorder: Flushed 3 samples from 3 histograms.
09-02 01:35:42.425 16679 16679 E cr_IntentUtils: getBooleanExtra failed on intent null
09-02 01:35:42.425 16679 16679 E cr_IntentUtils: getBooleanExtra failed on intent null
09-02 01:35:42.428 17030 17030 I cr_ChildProcessService: Creating new ChildProcessService pid=17030
09-02 01:35:42.436 17046 17046 W SystemServiceRegistry: No service published for: uimode
09-02 01:35:42.437 16679 16679 I cr_tabmodel: #isIncognitoTabBeingRestored from tabDetails:  false
09-02 01:35:42.437 16679 16679 I cr_tabmodel: #isIncognitoTabBeingRestored from tabDetails:  false
09-02 01:35:42.437 16679 16679 W cr_tabmodel: Failed to restore TabState; creating Tab with last known URL.
09-02 01:35:42.440 17030 17061 I cr_LibraryLoader: Using ModernLinker
09-02 01:35:42.444 17030 17061 W linker  : Warning: "/data/app/~~_KLlx60MH8CoecPTjMKp8g==/com.android.chrome-kw9RHYrlHKb9bPXi8OTClw==/base.apk!/lib/arm64-v8a/libchromium_android_linker.so" unused DT entry: unknown processor-specific (type 0x70000001 arg 0x0) (ignoring)
09-02 01:35:42.447 17046 17046 I cr_ChildProcessService: Creating new ChildProcessService pid=17046
09-02 01:35:42.449  1513  4617 D CompatibilityChangeReporter: Compat change id reported: 136274596; UID 10220; state: ENABLED
09-02 01:35:42.453 16679 16679 E cr_IntentUtils: getBooleanExtra failed on intent null
09-02 01:35:42.453 16679 16679 E cr_IntentUtils: getBooleanExtra failed on intent null
09-02 01:35:42.453  1513  2570 D CompatibilityChangeReporter: Compat change id reported: 135634846; UID 10220; state: DISABLED
09-02 01:35:42.453  1513  2570 D CompatibilityChangeReporter: Compat change id reported: 135754954; UID 10220; state: ENABLED
09-02 01:35:42.455 16729 16729 D Zygote  : Forked child process 17124
09-02 01:35:42.459 16679 16679 I cr_tabmodel: #isIncognitoTabBeingRestored from tabDetails:  false
09-02 01:35:42.459 16679 16679 I cr_tabmodel: #isIncognitoTabBeingRestored from tabDetails:  false
09-02 01:35:42.459 16679 16679 W cr_tabmodel: Failed to restore TabState; creating Tab with last known URL.
09-02 01:35:42.464  1513  1625 W ActivityManager: Slow operation: 188ms so far, now at startProcess: returned from zygote!
09-02 01:35:42.464  1513  1625 W ActivityManager: Slow operation: 189ms so far, now at startProcess: done updating battery stats
09-02 01:35:42.464  1513  1625 W ActivityManager: Slow operation: 189ms so far, now at startProcess: building log message
09-02 01:35:42.464  1513  1625 I ActivityManager: Start proc 17124:com.android.chrome:sandboxed_process0:org.chromium.content.app.SandboxedProcessService0:12/u0ai12 for  {com.android.chrome/org.chromium.content.app.SandboxedProcessService0:12}
09-02 01:35:42.464  1513  1625 W ActivityManager: Slow operation: 189ms so far, now at startProcess: starting to update pids map
09-02 01:35:42.464 17046 17083 I cr_LibraryLoader: Using ModernLinker
09-02 01:35:42.465  1513  1625 W ActivityManager: Slow operation: 189ms so far, now at startProcess: done updating pids map
09-02 01:35:42.465  1513  1625 W ActivityManager: Slow operation: 160ms so far, now at startProcess: asking zygote to start proc
09-02 01:35:42.465  1513  1625 D CompatibilityChangeReporter: Compat change id reported: 143937733; UID 10220; state: ENABLED
09-02 01:35:42.470 17124 17124 E libc    : SetHeapTaggingLevel: re-enabling tagging after it was disabled is not supported
09-02 01:35:42.470 17030 17061 E cr_ChromiumAndroidLinker: ReserveAddressWithHint: Address range starting at 0x7a3874c000 was not free to use
09-02 01:35:42.473 17046 17083 W linker  : Warning: "/data/app/~~_KLlx60MH8CoecPTjMKp8g==/com.android.chrome-kw9RHYrlHKb9bPXi8OTClw==/base.apk!/lib/arm64-v8a/libchromium_android_linker.so" unused DT entry: unknown processor-specific (type 0x70000001 arg 0x0) (ignoring)
09-02 01:35:42.474 17046 17083 E cr_ChromiumAndroidLinker: ReserveAddressWithHint: Address range starting at 0x7a3874c000 was not free to use
09-02 01:35:42.479 16679 16679 E cr_IntentUtils: getBooleanExtra failed on intent null
09-02 01:35:42.479 16679 16679 E cr_IntentUtils: getBooleanExtra failed on intent null
09-02 01:35:42.483 17030 17112 I cr_LibraryLoader: Successfully loaded native library
09-02 01:35:42.485 17030 17112 I cr_CachingUmaRecorder: Flushed 3 samples from 3 histograms.
09-02 01:35:42.486 17086 17086 I LoadedApk: No resource references to update in package com.google.android.trichromelibrary
09-02 01:35:42.488 16679 16679 I cr_tabmodel: #isIncognitoTabBeingRestored from tabDetails:  false
09-02 01:35:42.488 16679 16679 I cr_tabmodel: #isIncognitoTabBeingRestored from tabDetails:  false
09-02 01:35:42.488 16679 16679 W cr_tabmodel: Failed to restore TabState; creating Tab with last known URL.
09-02 01:35:42.494 17124 17124 E cessService0:1: Not starting debugger since process cannot load the jdwp agent.
09-02 01:35:42.495 17046 17120 I cr_LibraryLoader: Successfully loaded native library
09-02 01:35:42.496 17086 17086 D NetworkSecurityConfig: Using Network Security Config from resource 0_resource_name_obfuscated debugBuild: false
09-02 01:35:42.496 17046 17120 I cr_CachingUmaRecorder: Flushed 3 samples from 3 histograms.
09-02 01:35:42.497 17086 17086 D NetworkSecurityConfig: Using Network Security Config from resource 0_resource_name_obfuscated debugBuild: false
09-02 01:35:42.499 17086 17086 I cr_SplitCompatApp: Launched version=107.0.5304.91 minSdkVersion=29 isBundle=true processName=com.android.chrome:sandboxed_process0:org.chromium.content.app.SandboxedProcessService0:11 isIsolated=true
09-02 01:35:42.504 16679 16679 E cr_IntentUtils: getBooleanExtra failed on intent null
09-02 01:35:42.504 16679 16679 E cr_IntentUtils: getBooleanExtra failed on intent null
09-02 01:35:42.512 16679 16679 I cr_tabmodel: #isIncognitoTabBeingRestored from tabDetails:  false
09-02 01:35:42.512 16679 16679 I cr_tabmodel: #isIncognitoTabBeingRestored from tabDetails:  false
09-02 01:35:42.512 16679 16679 W cr_tabmodel: Failed to restore TabState; creating Tab with last known URL.
09-02 01:35:42.521 16729 16729 D Zygote  : Forked child process 17155
09-02 01:35:42.523  1513  1625 W ActivityManager: Slow operation: 218ms so far, now at startProcess: returned from zygote!
09-02 01:35:42.524  1513  4617 D CompatibilityChangeReporter: Compat change id reported: 136274596; UID 10220; state: ENABLED
09-02 01:35:42.525 16679 16679 E cr_IntentUtils: getBooleanExtra failed on intent null
09-02 01:35:42.525 16679 16679 E cr_IntentUtils: getBooleanExtra failed on intent null
09-02 01:35:42.525 17086 17086 W SystemServiceRegistry: No service published for: uimode
09-02 01:35:42.529  1513  1625 W ActivityManager: Slow operation: 224ms so far, now at startProcess: done updating battery stats
09-02 01:35:42.529  1513  1625 W ActivityManager: Slow operation: 224ms so far, now at startProcess: building log message
09-02 01:35:42.529  1513  1625 I ActivityManager: Start proc 17155:com.android.chrome:sandboxed_process0:org.chromium.content.app.SandboxedProcessService0:13/u0ai13 for  {com.android.chrome/org.chromium.content.app.SandboxedProcessService0:13}
09-02 01:35:42.530  1513  1625 W ActivityManager: Slow operation: 224ms so far, now at startProcess: starting to update pids map
09-02 01:35:42.531 16679 16679 I cr_tabmodel: #isIncognitoTabBeingRestored from tabDetails:  false
09-02 01:35:42.531 16679 16679 I cr_tabmodel: #isIncognitoTabBeingRestored from tabDetails:  false
09-02 01:35:42.531 16679 16679 W cr_tabmodel: Failed to restore TabState; creating Tab with last known URL.
09-02 01:35:42.533 17086 17086 I cr_ChildProcessService: Creating new ChildProcessService pid=17086
09-02 01:35:42.535  1513  1625 W ActivityManager: Slow operation: 230ms so far, now at startProcess: done updating pids map
09-02 01:35:42.535  1513  1625 W ActivityManager: Slow operation: 206ms so far, now at startProcess: asking zygote to start proc
09-02 01:35:42.535  1513  1625 D CompatibilityChangeReporter: Compat change id reported: 143937733; UID 10220; state: ENABLED
09-02 01:35:42.539  1513  2905 D CompatibilityChangeReporter: Compat change id reported: 135634846; UID 10220; state: DISABLED
09-02 01:35:42.539  1513  2905 D CompatibilityChangeReporter: Compat change id reported: 135754954; UID 10220; state: ENABLED
09-02 01:35:42.542 17155 17155 E libc    : SetHeapTaggingLevel: re-enabling tagging after it was disabled is not supported
09-02 01:35:42.550 17155 17155 E cessService0:1: Not starting debugger since process cannot load the jdwp agent.
09-02 01:35:42.553 17086 17123 I cr_LibraryLoader: Using ModernLinker
09-02 01:35:42.556 16679 16679 E cr_IntentUtils: getBooleanExtra failed on intent null
09-02 01:35:42.556 16679 16679 E cr_IntentUtils: getBooleanExtra failed on intent null
09-02 01:35:42.562 17124 17124 I LoadedApk: No resource references to update in package com.google.android.trichromelibrary
09-02 01:35:42.562 17086 17123 W linker  : Warning: "/data/app/~~_KLlx60MH8CoecPTjMKp8g==/com.android.chrome-kw9RHYrlHKb9bPXi8OTClw==/base.apk!/lib/arm64-v8a/libchromium_android_linker.so" unused DT entry: unknown processor-specific (type 0x70000001 arg 0x0) (ignoring)
09-02 01:35:42.562 17124 17124 D NetworkSecurityConfig: Using Network Security Config from resource 0_resource_name_obfuscated debugBuild: false
09-02 01:35:42.564 17124 17124 D NetworkSecurityConfig: Using Network Security Config from resource 0_resource_name_obfuscated debugBuild: false
09-02 01:35:42.564 17086 17123 E cr_ChromiumAndroidLinker: ReserveAddressWithHint: Address range starting at 0x7a3874c000 was not free to use
09-02 01:35:42.565 16679 16679 I cr_tabmodel: #isIncognitoTabBeingRestored from tabDetails:  false
09-02 01:35:42.565 16679 16679 I cr_tabmodel: #isIncognitoTabBeingRestored from tabDetails:  false
09-02 01:35:42.565 16679 16679 W cr_tabmodel: Failed to restore TabState; creating Tab with last known URL.
09-02 01:35:42.569 17124 17124 I cr_SplitCompatApp: Launched version=107.0.5304.91 minSdkVersion=29 isBundle=true processName=com.android.chrome:sandboxed_process0:org.chromium.content.app.SandboxedProcessService0:12 isIsolated=true
09-02 01:35:42.571 17086 17175 I cr_LibraryLoader: Successfully loaded native library
09-02 01:35:42.572 17086 17175 I cr_CachingUmaRecorder: Flushed 3 samples from 3 histograms.
09-02 01:35:42.575  1513  2570 D CompatibilityChangeReporter: Compat change id reported: 136274596; UID 10220; state: ENABLED
09-02 01:35:42.582  1513  2905 D CompatibilityChangeReporter: Compat change id reported: 135634846; UID 10220; state: DISABLED
09-02 01:35:42.582  1513  2905 D CompatibilityChangeReporter: Compat change id reported: 135754954; UID 10220; state: ENABLED
09-02 01:35:42.589 16679 16679 E cr_IntentUtils: getBooleanExtra failed on intent null
09-02 01:35:42.589 16679 16679 E cr_IntentUtils: getBooleanExtra failed on intent null
09-02 01:35:42.590 16729 16729 D Zygote  : Forked child process 17198
09-02 01:35:42.597 17198 17198 E libc    : SetHeapTaggingLevel: re-enabling tagging after it was disabled is not supported
09-02 01:35:42.598 16679 16679 I cr_tabmodel: #isIncognitoTabBeingRestored from tabDetails:  false
09-02 01:35:42.598 16679 16679 I cr_tabmodel: #isIncognitoTabBeingRestored from tabDetails:  false
09-02 01:35:42.598 16679 16679 W cr_tabmodel: Failed to restore TabState; creating Tab with last known URL.
09-02 01:35:42.599 17124 17124 W SystemServiceRegistry: No service published for: uimode
09-02 01:35:42.606 17124 17124 I cr_ChildProcessService: Creating new ChildProcessService pid=17124
09-02 01:35:42.608  1513  1625 W ActivityManager: Slow operation: 279ms so far, now at startProcess: returned from zygote!
09-02 01:35:42.609  1513  1625 W ActivityManager: Slow operation: 280ms so far, now at startProcess: done updating battery stats
09-02 01:35:42.609  1513  1625 W ActivityManager: Slow operation: 280ms so far, now at startProcess: building log message
09-02 01:35:42.609  1513  1625 I ActivityManager: Start proc 17198:com.android.chrome:sandboxed_process0:org.chromium.content.app.SandboxedProcessService0:14/u0ai14 for  {com.android.chrome/org.chromium.content.app.SandboxedProcessService0:14}
09-02 01:35:42.609  1513  1625 W ActivityManager: Slow operation: 280ms so far, now at startProcess: starting to update pids map
09-02 01:35:42.610  1513  1625 W ActivityManager: Slow operation: 281ms so far, now at startProcess: done updating pids map
09-02 01:35:42.610  1513  1625 W ActivityManager: Slow operation: 260ms so far, now at startProcess: asking zygote to start proc
09-02 01:35:42.610  1513  1625 D CompatibilityChangeReporter: Compat change id reported: 143937733; UID 10220; state: ENABLED
09-02 01:35:42.623 16679 16679 E cr_IntentUtils: getBooleanExtra failed on intent null
09-02 01:35:42.623 16679 16679 E cr_IntentUtils: getBooleanExtra failed on intent null
09-02 01:35:42.627 17124 17164 I cr_LibraryLoader: Using ModernLinker
09-02 01:35:42.628 17124 17164 W linker  : Warning: "/data/app/~~_KLlx60MH8CoecPTjMKp8g==/com.android.chrome-kw9RHYrlHKb9bPXi8OTClw==/base.apk!/lib/arm64-v8a/libchromium_android_linker.so" unused DT entry: unknown processor-specific (type 0x70000001 arg 0x0) (ignoring)
09-02 01:35:42.632 17124 17164 E cr_ChromiumAndroidLinker: ReserveAddressWithHint: Address range starting at 0x7a3874c000 was not free to use
09-02 01:35:42.634 17198 17198 E cessService0:1: Not starting debugger since process cannot load the jdwp agent.
09-02 01:35:42.642 17155 17155 I LoadedApk: No resource references to update in package com.google.android.trichromelibrary
09-02 01:35:42.642 17155 17155 D NetworkSecurityConfig: Using Network Security Config from resource 0_resource_name_obfuscated debugBuild: false
09-02 01:35:42.644 17155 17155 D NetworkSecurityConfig: Using Network Security Config from resource 0_resource_name_obfuscated debugBuild: false
09-02 01:35:42.645 16679 16679 I cr_tabmodel: #isIncognitoTabBeingRestored from tabDetails:  false
09-02 01:35:42.645 16679 16679 I cr_tabmodel: #isIncognitoTabBeingRestored from tabDetails:  false
09-02 01:35:42.645 16679 16679 W cr_tabmodel: Failed to restore TabState; creating Tab with last known URL.
09-02 01:35:42.648 17155 17155 I cr_SplitCompatApp: Launched version=107.0.5304.91 minSdkVersion=29 isBundle=true processName=com.android.chrome:sandboxed_process0:org.chromium.content.app.SandboxedProcessService0:13 isIsolated=true
09-02 01:35:42.666 17124 17203 I cr_LibraryLoader: Successfully loaded native library
09-02 01:35:42.668  1513  4617 D CompatibilityChangeReporter: Compat change id reported: 136274596; UID 10220; state: ENABLED
09-02 01:35:42.671 16729 16729 D Zygote  : Forked child process 17224
09-02 01:35:42.672 16679 16679 E cr_IntentUtils: getBooleanExtra failed on intent null
09-02 01:35:42.672 16679 16679 E cr_IntentUtils: getBooleanExtra failed on intent null
09-02 01:35:42.672 17124 17203 I cr_CachingUmaRecorder: Flushed 3 samples from 3 histograms.
09-02 01:35:42.672  1513  1625 W ActivityManager: Slow operation: 322ms so far, now at startProcess: returned from zygote!
09-02 01:35:42.673  1513  1625 W ActivityManager: Slow operation: 322ms so far, now at startProcess: done updating battery stats
09-02 01:35:42.673  1513  1625 W ActivityManager: Slow operation: 322ms so far, now at startProcess: building log message
09-02 01:35:42.673  1513  1625 I ActivityManager: Start proc 17224:com.android.chrome:sandboxed_process0:org.chromium.content.app.SandboxedProcessService0:15/u0ai15 for  {com.android.chrome/org.chromium.content.app.SandboxedProcessService0:15}
09-02 01:35:42.673  1513  1625 W ActivityManager: Slow operation: 322ms so far, now at startProcess: starting to update pids map
09-02 01:35:42.673  1513  1625 W ActivityManager: Slow operation: 322ms so far, now at startProcess: done updating pids map
