--------- beginning of system
09-01 17:11:04.914  1513  2000 D ConnectivityService: NetReassign [no changes]
09-01 17:11:05.503  1513  2180 I ActivityManager: Force stopping com.opera.browser appid=10261 user=0: from pid 26732
--------- beginning of main
09-01 17:11:05.508  2474  2474 E PhoneInterfaceManager: [PhoneIntfMgr] getCarrierPackageNamesForIntentAndPhone: No UICC
09-01 17:11:05.508  2474  2474 D CarrierSvcBindHelper: No carrier app for: 0
09-01 17:11:05.517  3135  3135 D RegisteredNfcFServicesCache: Service unchanged, not updating
09-01 17:11:05.518  8777  8777 I EuiccGoogle: [2] EuiccServiceImpl.onCreate: onCreate Single-SIM mode: simCardState is 1
09-01 17:11:05.523  8777 26738 I EuiccGoogle: [5509] EuiccServiceImpl.onGetEuiccProfileInfoList: onGetEuiccProfileInfoList: slotId = -1
09-01 17:11:05.525  8777 26738 W EuiccGoogle: [5509] EuiccServiceImpl.onGetEuiccProfileInfoList: slotId=-1. No eUICC is active. Return null.
09-01 17:11:05.760  1513  2180 I ActivityTaskManager: START u0 {act=android.intent.action.VIEW flg=0x10008000 cmp=com.opera.browser/com.opera.Opera} from uid 2000
09-01 17:11:05.760  1513  1572 D EventSequenceValidator: Transition from ACTIVITY_FINISHED to INTENT_STARTED
09-01 17:11:05.770   901  2806 I sensors-hal: [ssc_utils]get_qmi_debug_flag:244, support_qmi_debug : false
09-01 17:11:05.781 26732 26734 I cmd     : oneway function results will be dropped but finished with status OK and parcel size 4
09-01 17:11:05.786  1513  1572 D CompatibilityChangeReporter: Compat change id reported: 135634846; UID 10261; state: DISABLED
09-01 17:11:05.786  1513  1625 D CompatibilityChangeReporter: Compat change id reported: 143937733; UID 10261; state: ENABLED
09-01 17:11:05.786  1513  1572 D EventSequenceValidator: Transition from INTENT_STARTED to ACTIVITY_LAUNCHED
09-01 17:11:05.791   779   779 D Zygote  : Forked child process 26742
09-01 17:11:05.793  1513  1625 I ActivityManager: Start proc 26742:com.opera.browser/u0a261 for pre-top-activity {com.opera.browser/com.opera.Opera}
09-01 17:11:05.797  3088  3656 I AssistantForeground: (REDACTED) Get launcher package: %s
09-01 17:11:05.800 26742 26742 E m.opera.browse: Not starting debugger since process cannot load the jdwp agent.
09-01 17:11:05.804   901  1000 W ASH     : @ 26252.258: Unhandled msg ID 999: line 1277
09-01 17:11:05.804   901  1000 E ASH     : @ 26252.258: No pb callback assigned
09-01 17:11:05.804   901  1000 E ASH     : @ 26252.258: Nanopb error: callback failed:1588
09-01 17:11:05.834 26742 26742 W m.opera.browse: JIT profile information will not be recorded: profile file does not exist.
09-01 17:11:05.834 26742 26742 W m.opera.browse: JIT profile information will not be recorded: profile file does not exist.
09-01 17:11:05.835  2158  2158 I WallpaperService: engine resumed
09-01 17:11:05.836   901   901 I sensors-hal: [hal]batch_physical_sensor:301, android.sensor.gyroscope/41, period=20000000, max_latency=0
09-01 17:11:05.836   901   901 I sensors-hal: [hal]batch_physical_sensor:310, android.sensor.gyroscope/41, period=20000000, max_latency=0 request completed
09-01 17:11:05.836   901   901 I sensors-hal: [hal]activate_physical_sensor:238, android.sensor.gyroscope/41 en=1
09-01 17:11:05.837   901   901 I sensors-hal: [ssc_utils]get_qmi_debug_flag:244, support_qmi_debug : false
09-01 17:11:05.840   901   901 W sensors@2.0-ser: type=1400 audit(0.0:3044): avc: denied { read write } for name="diag" dev="tmpfs" ino=12474 scontext=u:r:hal_sensors_default:s0 tcontext=u:object_r:diag_device:s0 tclass=chr_file permissive=0
09-01 17:11:05.843   901   901 W sensors@2.0-ser: type=1400 audit(0.0:3045): avc: denied { read write } for name="diag" dev="tmpfs" ino=12474 scontext=u:r:hal_sensors_default:s0 tcontext=u:object_r:diag_device:s0 tclass=chr_file permissive=0
09-01 17:11:05.843 26742 26742 D NetworkSecurityConfig: Using Network Security Config from resource network_security_config_official_build debugBuild: false
09-01 17:11:05.843 26742 26742 D NetworkSecurityConfig: Using Network Security Config from resource network_security_config_official_build debugBuild: false
09-01 17:11:05.844   901   901 D Diag_Lib:  Diag_LSM_Init: Failed to open handle to diag driver, error = 13
09-01 17:11:05.845   901   901 D Diag_Lib:  Diag_LSM_Init: Failed to open handle to diag driver, error = 13
09-01 17:11:05.845   901   901 I sensors-hal: [ssc_sensor]update_handle:537, handle=331, type=33, wakeup=0, hwid=0, base=331
09-01 17:11:05.845   901   901 I sensors-hal: [ssc_utils]get_qmi_debug_flag:244, support_qmi_debug : false
09-01 17:11:05.848   901   901 I sensors-hal: [ssc_utils]get_qmi_debug_flag:244, support_qmi_debug : false
09-01 17:11:05.848   901 26768 I sensors-hal: [ssc_sensor]ssc_conn_resp_cb:663, resp_value = 0
09-01 17:11:05.849   901  1000 W SEE     : @ 26252.303: adding req to Q sensor=8 req=0xb202edc8 msg=513
09-01 17:11:05.850   901 26768 I sensors-hal: [sensor]submit_sensors_hal_event:146, android.sensor.additional_info: trying to push empty Events, count = 0
09-01 17:11:05.850   901 26768 I sensors-hal: [sensor]submit_sensors_hal_event:146, android.sensor.additional_info: trying to push empty Events, count = 0
09-01 17:11:05.855   901   901 I sensors-hal: [hal]activate_physical_sensor:249, android.sensor.gyroscope/41 en=1 completed
09-01 17:11:05.856   901 26778 I sensors-hal: [ssc_sensor]ssc_conn_resp_cb:663, resp_value = 0
09-01 17:11:05.857   901  1000 W SEE     : @ 26252.311: adding req to Q sensor=2 req=0xb2027998 msg=513
09-01 17:11:05.858   901 26778 I sensors-hal: [sensor]submit_sensors_hal_event:146, android.sensor.gyroscope: trying to push empty Events, count = 1
09-01 17:11:05.858   901 26778 I chatty  : uid=1000(system) sensors@2.0-ser identical 2 lines
09-01 17:11:05.864   901 26778 I sensors-hal: [sensor]submit_sensors_hal_event:146, android.sensor.gyroscope: trying to push empty Events, count = 1
09-01 17:11:05.868 26742 26742 I TetheringManager: registerTetheringEventCallback:com.opera.browser
09-01 17:11:05.897 26742 26782 W System  : ClassLoader referenced unknown path: 
09-01 17:11:05.927  2062  2084 W System  : A resource failed to call release. 
09-01 17:11:05.929  2062  2084 I chatty  : uid=10233(com.android.systemui) FinalizerDaemon identical 3 lines
09-01 17:11:05.930  2062  2084 W System  : A resource failed to call release. 
09-01 17:11:05.959   592   629 W DisplayIdentification: Invalid EDID: falling back to serial number due to missing display name.
09-01 17:11:05.959   592   629 W DisplayIdentification: Invalid EDID: falling back to ASCII text due to missing serial number.
09-01 17:11:05.994  1513  2264 D ConnectivityService: requestNetwork for uid/pid:10261/26742 NetworkRequest [ TRACK_DEFAULT id=1144, [ Capabilities: INTERNET&NOT_RESTRICTED&TRUSTED Uid: 10261 AdministratorUids: [] RequestorUid: 10261 RequestorPackageName: com.opera.browser] ]
09-01 17:11:05.994  1513  2000 D ConnectivityService: NetReassign [1144 : null → 100]
09-01 17:11:05.994  1513  1996 D WifiNetworkFactory: got request NetworkRequest [ TRACK_DEFAULT id=1144, [ Capabilities: INTERNET&NOT_RESTRICTED&TRUSTED Uid: 10261 AdministratorUids: [] RequestorUid: 10261 RequestorPackageName: com.opera.browser] ] with score 60 and providerId 5
09-01 17:11:05.994  1513  2038 D Ethernet: got request NetworkRequest [ TRACK_DEFAULT id=1144, [ Capabilities: INTERNET&NOT_RESTRICTED&TRUSTED Uid: 10261 AdministratorUids: [] RequestorUid: 10261 RequestorPackageName: com.opera.browser] ] with score 60 and providerId 5
09-01 17:11:05.994  1513  2037 D WIFI_AWARE_FACTORY: got request NetworkRequest [ TRACK_DEFAULT id=1144, [ Capabilities: INTERNET&NOT_RESTRICTED&TRUSTED Uid: 10261 AdministratorUids: [] RequestorUid: 10261 RequestorPackageName: com.opera.browser] ] with score 60 and providerId 5
09-01 17:11:05.994  1513  1996 D UntrustedWifiNetworkFactory: got request NetworkRequest [ TRACK_DEFAULT id=1144, [ Capabilities: INTERNET&NOT_RESTRICTED&TRUSTED Uid: 10261 AdministratorUids: [] RequestorUid: 10261 RequestorPackageName: com.opera.browser] ] with score 60 and providerId 5
09-01 17:11:05.994  2474  2474 D PhoneSwitcherNetworkRequstListener: got request NetworkRequest [ TRACK_DEFAULT id=1144, [ Capabilities: INTERNET&NOT_RESTRICTED&TRUSTED Uid: 10261 AdministratorUids: [] RequestorUid: 10261 RequestorPackageName: com.opera.browser] ] with score 60 and providerId 5
09-01 17:11:05.995  1513  2000 D ConnectivityService: NetReassign [no changes]
09-01 17:11:06.011  1513  2172 D CompatibilityChangeReporter: Compat change id reported: 136274596; UID 10261; state: ENABLED
09-01 17:11:06.013 26685 26894 D ProfileInstaller: Installing profile for com.example.batterymanager_utility
09-01 17:11:06.026 26742 26869 I FA      : App measurement initialized, version: 75017
09-01 17:11:06.026 26742 26869 I FA      : To enable debug logging run: adb shell setprop log.tag.FA VERBOSE
09-01 17:11:06.026 26742 26869 I FA      : To enable faster debug mode event logging run:
09-01 17:11:06.026 26742 26869 I FA      :   adb shell setprop debug.firebase.analytics.app com.opera.browser
09-01 17:11:06.029   594   594 I SDM     : HWDeviceDRM::UpdateMixerAttributes: Mixer WxH 1080x2340-1 for Peripheral
09-01 17:11:06.030   594   594 I SDM     : DisplayBase::SetActiveConfig: Active configuration changed to: 0
09-01 17:11:06.030   594   594 I SDM     : StrategyImpl::SetIdleTimeoutMs: Idle timeout set to zero for command mode panels
09-01 17:11:06.043   901  2806 I sensors-hal: [ssc_utils]get_qmi_debug_flag:244, support_qmi_debug : false
09-01 17:11:06.044  1513  1572 I DisplayManagerService: Display device changed: DisplayDeviceInfo{"Built-in Screen": uniqueId="local:19260504575090817", 1080 x 2340, modeId 2, defaultModeId 2, supportedModes [{id=1, width=1080, height=2340, fps=90.0}, {id=2, width=1080, height=2340, fps=60.000004}], colorMode 0, supportedColorModes [0, 7, 9], HdrCapabilities HdrCapabilities{mSupportedHdrTypes=[2, 3, 4], mMaxLuminance=500.0, mMaxAverageLuminance=500.0, mMinLuminance=0.0}, allmSupported false, gameContentTypeSupported false, density 440, 435.428 x 433.839 dpi, appVsyncOff 2333332, presDeadline 11500000, cutout DisplayCutout{insets=Rect(0, 136 - 0, 0) waterfall=Insets{left=0, top=0, right=0, bottom=0} boundingRect={Bounds=[Rect(0, 0 - 0, 0), Rect(0, 0 - 136, 136), Rect(0, 0 - 0, 0), Rect(0, 0 - 0, 0)]}}, touch INTERNAL, rotation 0, type INTERNAL, address {port=129, model=0x446d53ad64a0}, deviceProductInfo DeviceProductInfo{name=, manufacturerPnpId=QCM, productId=1, modelYear=null, manufactureDate=ManufactureDate{week=27, year=2006}, relativeAddress=null}, state ON, FLAG_DEFAULT_DISPLAY, FLAG_ROTATES_WITH_CONTENT, FLAG_SECURE, FLAG_SUPPORTS_PROTECTED_BUFFERS}
09-01 17:11:06.049   594   594 I SDM     : StrategyImpl::SetIdleTimeoutMs: Idle timeout set to zero for command mode panels
09-01 17:11:06.061 26742 26868 I AdrenoGLES-0: QUALCOMM build                   : 35605c3, Ia11ce2d146
09-01 17:11:06.061 26742 26868 I AdrenoGLES-0: Build Date                       : 09/02/20
09-01 17:11:06.061 26742 26868 I AdrenoGLES-0: OpenGL ES Shader Compiler Version: EV031.31.04.00
09-01 17:11:06.061 26742 26868 I AdrenoGLES-0: Local Branch                     : gfx-adreno.lnx.2.0
09-01 17:11:06.061 26742 26868 I AdrenoGLES-0: Remote Branch                    : 
09-01 17:11:06.061 26742 26868 I AdrenoGLES-0: Remote Branch                    : 
09-01 17:11:06.061 26742 26868 I AdrenoGLES-0: Reconstruct Branch               : 
09-01 17:11:06.061 26742 26868 I AdrenoGLES-0: Build Config                     : S P 10.0.4 AArch32
09-01 17:11:06.061 26742 26868 I AdrenoGLES-0: Driver Path                      : /vendor/lib/egl/libGLESv2_adreno.so
09-01 17:11:06.065 26742 26868 I AdrenoGLES-0: PFP: 0x016dd090, ME: 0x00000000
09-01 17:11:06.071  7733  7733 D BoundBrokerSvc: onBind: Intent { act=com.google.android.gms.measurement.START pkg=com.google.android.gms }
09-01 17:11:06.071 26742 26868 W AdrenoUtils: <ReadGpuID_from_sysfs:197>: Failed to open /sys/class/kgsl/kgsl-3d0/gpu_model
09-01 17:11:06.071 26742 26868 W AdrenoUtils: <ReadGpuID:221>: Failed to read chip ID from gpu_model. Fallback to use the GSL path
09-01 17:11:06.071  7733  7733 D BoundBrokerSvc: Loading bound service for intent: Intent { act=com.google.android.gms.measurement.START pkg=com.google.android.gms }
09-01 17:11:06.084   901  1000 W ASH     : @ 26252.538: Unhandled msg ID 999: line 1277
09-01 17:11:06.084   901  1000 E ASH     : @ 26252.538: No pb callback assigned
09-01 17:11:06.084   901  1000 E ASH     : @ 26252.538: Nanopb error: callback failed:1588
09-01 17:11:06.087  1513  1572 D EventSequenceValidator: Transition from ACTIVITY_LAUNCHED to ACTIVITY_FINISHED
09-01 17:11:06.090  1513  1572 I DisplayManagerService: Display device changed: DisplayDeviceInfo{"Built-in Screen": uniqueId="local:19260504575090817", 1080 x 2340, modeId 1, defaultModeId 2, supportedModes [{id=1, width=1080, height=2340, fps=90.0}, {id=2, width=1080, height=2340, fps=60.000004}], colorMode 0, supportedColorModes [0, 7, 9], HdrCapabilities HdrCapabilities{mSupportedHdrTypes=[2, 3, 4], mMaxLuminance=500.0, mMaxAverageLuminance=500.0, mMinLuminance=0.0}, allmSupported false, gameContentTypeSupported false, density 440, 435.428 x 433.839 dpi, appVsyncOff 2333333, presDeadline 11500000, cutout DisplayCutout{insets=Rect(0, 136 - 0, 0) waterfall=Insets{left=0, top=0, right=0, bottom=0} boundingRect={Bounds=[Rect(0, 0 - 0, 0), Rect(0, 0 - 136, 136), Rect(0, 0 - 0, 0), Rect(0, 0 - 0, 0)]}}, touch INTERNAL, rotation 0, type INTERNAL, address {port=129, model=0x446d53ad64a0}, deviceProductInfo DeviceProductInfo{name=, manufacturerPnpId=QCM, productId=1, modelYear=null, manufactureDate=ManufactureDate{week=27, year=2006}, relativeAddress=null}, state ON, FLAG_DEFAULT_DISPLAY, FLAG_ROTATES_WITH_CONTENT, FLAG_SECURE, FLAG_SUPPORTS_PROTECTED_BUFFERS}
09-01 17:11:06.092   594   594 I SDM     : HWDeviceDRM::UpdateMixerAttributes: Mixer WxH 1080x2340-1 for Peripheral
09-01 17:11:06.092   594   594 I SDM     : DisplayBase::SetActiveConfig: Active configuration changed to: 1
09-01 17:11:06.092   594   594 I SDM     : StrategyImpl::SetIdleTimeoutMs: Idle timeout set to zero for command mode panels
09-01 17:11:06.099  1513  1622 D ArtManagerInternalImpl: /data/misc/iorapd/com.opera.browser/1907712205/com.opera.Opera/compiled_traces/compiled_trace.pb doesn't exist
09-01 17:11:06.102   901  2806 I sensors-hal: [ssc_utils]get_qmi_debug_flag:244, support_qmi_debug : false
09-01 17:11:06.108  1513  1622 I ActivityTaskManager: Displayed com.opera.browser/com.opera.Opera: +326ms
09-01 17:11:06.121   901  1000 I ASH     : @ 26252.575: tcs3701: ADC is saturated, removed sample from FIFO.
09-01 17:11:06.124   901  1000 W ASH     : @ 26252.578: Unhandled msg ID 999: line 1277
09-01 17:11:06.124   901  1000 E ASH     : @ 26252.578: No pb callback assigned
09-01 17:11:06.124   901  1000 E ASH     : @ 26252.578: Nanopb error: callback failed:1588
09-01 17:11:06.152  7733 14755 I Backup  : [GmsBackupAccountManager] Backup account not found in gmscore.
09-01 17:11:06.160  7733 14755 I BlockstoreE2ESync: no backup account found. [CONTEXT service_id=258 ]
09-01 17:11:06.165   901  1000 D VSC     : @ 26252.618: [WO] tilt angle 89
09-01 17:11:06.166 26742 26869 I FA      : Tag Manager is not found and thus will not be used
09-01 17:11:06.167  2816 26933 W ChimeraUtils: Module com.google.android.gms.backup_base has empty metadata display_name_string_id
09-01 17:11:06.190  1513  2172 D CompatibilityChangeReporter: Compat change id reported: 135634846; UID 10261; state: DISABLED
09-01 17:11:06.190  1513  1625 D CompatibilityChangeReporter: Compat change id reported: 143937733; UID 10261; state: ENABLED
09-01 17:11:06.200   779   779 D Zygote  : Forked child process 26938
09-01 17:11:06.205  1513  1625 I ActivityManager: Start proc 26938:com.opera.browser:privileged_process0/u0a261 for service {com.opera.browser/com.opera.android.browser.chromium.services.PrivilegedProcessService0}
09-01 17:11:06.226 26938 26938 E ileged_process: Not starting debugger since process cannot load the jdwp agent.
09-01 17:11:06.243  1513  3223 D CompatibilityChangeReporter: Compat change id reported: 136274596; UID 10261; state: ENABLED
09-01 17:11:06.248  1513  2180 W UriGrantsManagerService: No permission grants found for com.google.android.apps.photos
09-01 17:11:06.248  1513  2180 W UriGrantsManagerService: No permission grants found for com.google.android.apps.photos
09-01 17:11:06.253  1513  2264 D ConnectivityService: requestNetwork for uid/pid:10261/26742 NetworkRequest [ TRACK_DEFAULT id=1146, [ Capabilities: INTERNET&NOT_RESTRICTED&TRUSTED Uid: 10261 AdministratorUids: [] RequestorUid: 10261 RequestorPackageName: com.opera.browser] ]
09-01 17:11:06.253  1513  2000 D ConnectivityService: NetReassign [1146 : null → 100]
09-01 17:11:06.254  1513  2000 D ConnectivityService: NetReassign [no changes]
09-01 17:11:06.255  1513  2038 D Ethernet: got request NetworkRequest [ TRACK_DEFAULT id=1146, [ Capabilities: INTERNET&NOT_RESTRICTED&TRUSTED Uid: 10261 AdministratorUids: [] RequestorUid: 10261 RequestorPackageName: com.opera.browser] ] with score 60 and providerId 5
09-01 17:11:06.256  2474  2474 D PhoneSwitcherNetworkRequstListener: got request NetworkRequest [ TRACK_DEFAULT id=1146, [ Capabilities: INTERNET&NOT_RESTRICTED&TRUSTED Uid: 10261 AdministratorUids: [] RequestorUid: 10261 RequestorPackageName: com.opera.browser] ] with score 60 and providerId 5
09-01 17:11:06.256  1513  2037 D WIFI_AWARE_FACTORY: got request NetworkRequest [ TRACK_DEFAULT id=1146, [ Capabilities: INTERNET&NOT_RESTRICTED&TRUSTED Uid: 10261 AdministratorUids: [] RequestorUid: 10261 RequestorPackageName: com.opera.browser] ] with score 60 and providerId 5
09-01 17:11:06.256  1513  1996 D WifiNetworkFactory: got request NetworkRequest [ TRACK_DEFAULT id=1146, [ Capabilities: INTERNET&NOT_RESTRICTED&TRUSTED Uid: 10261 AdministratorUids: [] RequestorUid: 10261 RequestorPackageName: com.opera.browser] ] with score 60 and providerId 5
09-01 17:11:06.256  1513  1996 D UntrustedWifiNetworkFactory: got request NetworkRequest [ TRACK_DEFAULT id=1146, [ Capabilities: INTERNET&NOT_RESTRICTED&TRUSTED Uid: 10261 AdministratorUids: [] RequestorUid: 10261 RequestorPackageName: com.opera.browser] ] with score 60 and providerId 5
09-01 17:11:06.266  2858  2858 I GoogleInputMethodService: GoogleInputMethodService.onFinishInput():3280 
09-01 17:11:06.268  2858  2858 I GoogleInputMethodService: GoogleInputMethodService.updateDeviceLockedStatus():2169 repeatCheckTimes = 0, unlocked = true
09-01 17:11:06.268  2858  2858 I GoogleInputMethodService: GoogleInputMethodService.onStartInput():1960 onStartInput(EditorInfo{inputType=0x0(NULL) imeOptions=0x0 privateImeOptions=null actionName=UNSPECIFIED actionLabel=null actionId=0 initialSelStart=-1 initialSelEnd=-1 initialCapsMode=0x0 hintText=null label=null packageName=com.opera.browser fieldId=-1 fieldName=null extras=null}, false)
09-01 17:11:06.268  2858  2858 I GoogleInputMethodService: GoogleInputMethodService.shouldHideHeaderOnInitialState():4081 ShouldHideHeaderOnInitialState = false
09-01 17:11:06.268  2858  2858 I GoogleInputMethodService: GoogleInputMethodService.updateDeviceLockedStatus():2169 repeatCheckTimes = 2, unlocked = true
09-01 17:11:06.279 26742 26832 E [Leanplum][ERROR]: No variable values were received from the server. Please contact us to investigate.
09-01 17:11:06.295 26938 26938 W ileged_process: JIT profile information will not be recorded: profile file does not exist.
09-01 17:11:06.295 26938 26938 W ileged_process: JIT profile information will not be recorded: profile file does not exist.
09-01 17:11:06.306  1513  1537 W UriGrantsManagerService: No permission grants found for com.google.android.apps.photos
09-01 17:11:06.306  1513  3223 W UriGrantsManagerService: No permission grants found for com.google.android.apps.photos
09-01 17:11:06.307 26938 26938 D NetworkSecurityConfig: Using Network Security Config from resource network_security_config_official_build debugBuild: false
09-01 17:11:06.308 26938 26938 D NetworkSecurityConfig: Using Network Security Config from resource network_security_config_official_build debugBuild: false
09-01 17:11:06.342 26938 26977 I AdrenoGLES-0: QUALCOMM build                   : 35605c3, Ia11ce2d146
09-01 17:11:06.342 26938 26977 I AdrenoGLES-0: Build Date                       : 09/02/20
09-01 17:11:06.342 26938 26977 I AdrenoGLES-0: OpenGL ES Shader Compiler Version: EV031.31.04.00
09-01 17:11:06.342 26938 26977 I AdrenoGLES-0: Local Branch                     : gfx-adreno.lnx.2.0
09-01 17:11:06.342 26938 26977 I AdrenoGLES-0: Remote Branch                    : 
09-01 17:11:06.342 26938 26977 I AdrenoGLES-0: Remote Branch                    : 
09-01 17:11:06.342 26938 26977 I AdrenoGLES-0: Reconstruct Branch               : 
09-01 17:11:06.342 26938 26977 I AdrenoGLES-0: Build Config                     : S P 10.0.4 AArch32
09-01 17:11:06.342 26938 26977 I AdrenoGLES-0: Driver Path                      : /vendor/lib/egl/libGLESv2_adreno.so
09-01 17:11:06.345 26938 26977 I AdrenoGLES-0: PFP: 0x016dd090, ME: 0x00000000
09-01 17:11:06.352 26938 26977 W AdrenoUtils: <ReadGpuID_from_sysfs:197>: Failed to open /sys/class/kgsl/kgsl-3d0/gpu_model
09-01 17:11:06.352 26938 26977 W AdrenoUtils: <ReadGpuID:221>: Failed to read chip ID from gpu_model. Fallback to use the GSL path
09-01 17:11:06.357  1513  1536 W UriGrantsManagerService: No permission grants found for com.google.android.apps.photos
09-01 17:11:06.357  1513  1536 W UriGrantsManagerService: No permission grants found for com.google.android.apps.photos
09-01 17:11:06.425  2158  2158 I WallpaperService: engine paused
09-01 17:11:06.426   901   901 I sensors-hal: [hal]activate_physical_sensor:238, android.sensor.gyroscope/41 en=0
09-01 17:11:06.436   901   901 D Diag_Lib: diag: Diag_LSM_DeInit done for pid: 901
09-01 17:11:06.438   901   901 D Diag_Lib: diag: Diag_LSM_DeInit done for pid: 901
09-01 17:11:06.438   901   901 I sensors-hal: [hal]activate_physical_sensor:249, android.sensor.gyroscope/41 en=0 completed
09-01 17:11:06.441  1513  8184 I AdrenoGLES-0: QUALCOMM build                   : 35605c3, Ia11ce2d146
09-01 17:11:06.441  1513  8184 I AdrenoGLES-0: Build Date                       : 09/02/20
09-01 17:11:06.441  1513  8184 I AdrenoGLES-0: OpenGL ES Shader Compiler Version: EV031.31.04.00
09-01 17:11:06.441  1513  8184 I AdrenoGLES-0: Local Branch                     : gfx-adreno.lnx.2.0
09-01 17:11:06.441  1513  8184 I AdrenoGLES-0: Remote Branch                    : 
09-01 17:11:06.441  1513  8184 I AdrenoGLES-0: Remote Branch                    : 
09-01 17:11:06.441  1513  8184 I AdrenoGLES-0: Reconstruct Branch               : 
09-01 17:11:06.441  1513  8184 I AdrenoGLES-0: Build Config                     : S P 10.0.4 AArch64
09-01 17:11:06.441  1513  8184 I AdrenoGLES-0: Driver Path                      : /vendor/lib64/egl/libGLESv2_adreno.so
09-01 17:11:06.449  1513  8184 I AdrenoGLES-0: PFP: 0x016dd090, ME: 0x00000000
09-01 17:11:06.501  1513  3223 D CompatibilityChangeReporter: Compat change id reported: 149924527; UID 10261; state: ENABLED
09-01 17:11:06.502  1513  3223 D CompatibilityChangeReporter: Compat change id reported: 132649864; UID 10261; state: DISABLED
09-01 17:11:06.545   901  2806 I sensors-hal: [ssc_utils]get_qmi_debug_flag:244, support_qmi_debug : false
09-01 17:11:06.552  1513  3223 D CompatibilityChangeReporter: Compat change id reported: 135634846; UID 10261; state: DISABLED
09-01 17:11:06.553  1513  1625 D CompatibilityChangeReporter: Compat change id reported: 143937733; UID 10261; state: ENABLED
09-01 17:11:06.559   779   779 D Zygote  : Forked child process 27031
09-01 17:11:06.562  2858  2858 I GoogleInputMethodService: GoogleInputMethodService.onFinishInput():3280 
09-01 17:11:06.563  2858  2858 I GoogleInputMethodService: GoogleInputMethodService.updateDeviceLockedStatus():2169 repeatCheckTimes = 0, unlocked = true
09-01 17:11:06.563  2858  2858 I GoogleInputMethodService: GoogleInputMethodService.onStartInput():1960 onStartInput(EditorInfo{inputType=0x0(NULL) imeOptions=0x12000000 privateImeOptions=null actionName=UNSPECIFIED actionLabel=null actionId=0 initialSelStart=-1 initialSelEnd=-1 initialCapsMode=0x0 hintText=null label=null packageName=com.opera.browser fieldId=-1 fieldName=null extras=null}, false)
09-01 17:11:06.563  2858  2858 I GoogleInputMethodService: GoogleInputMethodService.shouldHideHeaderOnInitialState():4081 ShouldHideHeaderOnInitialState = false
09-01 17:11:06.563  2858  2858 I GoogleInputMethodService: GoogleInputMethodService.updateDeviceLockedStatus():2169 repeatCheckTimes = 2, unlocked = true
09-01 17:11:06.564   901  1000 W ASH     : @ 26253.018: Unhandled msg ID 999: line 1277
09-01 17:11:06.564   901  1000 E ASH     : @ 26253.018: No pb callback assigned
09-01 17:11:06.564   901  1000 E ASH     : @ 26253.018: Nanopb error: callback failed:1588
09-01 17:11:06.564  1075  2202 W ServiceManager: Permission failure: android.permission.SYSTEM_CAMERA from uid=10261 pid=26742
09-01 17:11:06.566  1513  1625 I ActivityManager: Start proc 27031:com.opera.browser:sandboxed_process0/u0a261 for service {com.opera.browser/com.opera.android.browser.chromium.services.SandboxedProcessService0}
09-01 17:11:06.566  1075  2202 I chatty  : uid=1047(cameraserver) Binder:1075_3 identical 4 lines
09-01 17:11:06.566  1075  2202 W ServiceManager: Permission failure: android.permission.SYSTEM_CAMERA from uid=10261 pid=26742
09-01 17:11:06.568 27031 27031 E dboxed_process: Not starting debugger since process cannot load the jdwp agent.
09-01 17:11:06.579  1513  2013 D CompatibilityChangeReporter: Compat change id reported: 136274596; UID 10261; state: ENABLED
09-01 17:11:06.602 26742 26772 W SQLiteLog: (28) double-quoted string literal: "not_interested"
09-01 17:11:06.607 26742 26772 W SQLiteLog: (28) double-quoted string literal: "report"
09-01 17:11:06.613 27031 27031 W dboxed_process: JIT profile information will not be recorded: profile file does not exist.
09-01 17:11:06.613 27031 27031 W dboxed_process: JIT profile information will not be recorded: profile file does not exist.
09-01 17:11:06.619   901  1000 I ASH     : @ 26253.073: tcs3701: ADC is saturated, removed sample from FIFO.
09-01 17:11:06.619 27031 27031 D NetworkSecurityConfig: Using Network Security Config from resource network_security_config_official_build debugBuild: false
09-01 17:11:06.620 27031 27031 D NetworkSecurityConfig: Using Network Security Config from resource network_security_config_official_build debugBuild: false
09-01 17:11:06.683  2816  2836 I FontLog : Received query name=Google Sans&weight=700&besteffort=false, URI content://com.google.android.gms.fonts [CONTEXT service_id=132 ]
09-01 17:11:06.684  2816  2836 I FontLog : Query [name=Google Sans&weight=700&besteffort=false] resolved to {Google Sans, wdth 100.0, wght 700, ital 0.0, bestEffort false} [CONTEXT service_id=132 ]
09-01 17:11:06.685  2816  2836 I FontLog : Fetch {Google Sans, wdth 100.0, wght 700, ital 0.0, bestEffort false} end status Status{statusCode=SUCCESS, resolution=null} [CONTEXT service_id=132 ]
09-01 17:11:06.690  2816  2836 I FontLog : Pulling font file for id = 747, cache size = 5 [CONTEXT service_id=132 ]
09-01 17:11:06.693  2816  2836 I FontLog : Received query name=Noto Color Emoji Compat&weight=400&besteffort=false, URI content://com.google.android.gms.fonts [CONTEXT service_id=132 ]
09-01 17:11:06.693  2816  2836 I FontLog : Query [name=Noto Color Emoji Compat&weight=400&besteffort=false] resolved to {Noto Color Emoji Compat, wdth 100.0, wght 400, ital 0.0, bestEffort false} [CONTEXT service_id=132 ]
09-01 17:11:06.695  2816  2836 I FontLog : Fetch {Noto Color Emoji Compat, wdth 100.0, wght 400, ital 0.0, bestEffort false} end status Status{statusCode=SUCCESS, resolution=null} [CONTEXT service_id=132 ]
09-01 17:11:06.698  2816  2836 I FontLog : Pulling font file for id = 748, cache size = 6 [CONTEXT service_id=132 ]
09-01 17:11:06.701  2816  2836 I FontLog : Received query name=Google Sans&weight=400&besteffort=false, URI content://com.google.android.gms.fonts [CONTEXT service_id=132 ]
09-01 17:11:06.701  2816  2836 I FontLog : Query [name=Google Sans&weight=400&besteffort=false] resolved to {Google Sans, wdth 100.0, wght 400, ital 0.0, bestEffort false} [CONTEXT service_id=132 ]
09-01 17:11:06.702  2816  2836 I FontLog : Font PFD returned from cache for {Google Sans, wdth 100.0, wght 400, ital 0.0, bestEffort false} [CONTEXT service_id=132 ]
09-01 17:11:06.702  2816  2836 I FontLog : Fetch {Google Sans, wdth 100.0, wght 400, ital 0.0, bestEffort false} end status Status{statusCode=SUCCESS, resolution=null} [CONTEXT service_id=132 ]
09-01 17:11:06.714  2816  2836 I FontLog : Pulling font file for id = 749, cache size = 6 [CONTEXT service_id=132 ]
09-01 17:11:06.721  2816  2836 I FontLog : Received query name=Google Sans&weight=500&besteffort=false, URI content://com.google.android.gms.fonts [CONTEXT service_id=132 ]
09-01 17:11:06.722  2816  2836 I FontLog : Query [name=Google Sans&weight=500&besteffort=false] resolved to {Google Sans, wdth 100.0, wght 500, ital 0.0, bestEffort false} [CONTEXT service_id=132 ]
09-01 17:11:06.722 26938 27074 W VideoCapabilities: Unrecognized level 1879048707 for video/x-vnd.on2.vp8
09-01 17:11:06.722 26938 27074 W VideoCapabilities: Unrecognized profile 1879048704 for video/x-vnd.on2.vp8
09-01 17:11:06.723 26938 27074 W VideoCapabilities: Unrecognized level 1879048707 for video/x-vnd.on2.vp8
09-01 17:11:06.723 26938 27074 W VideoCapabilities: Unrecognized profile 1879048704 for video/x-vnd.on2.vp8
09-01 17:11:06.723  2816  2836 I FontLog : Font PFD returned from cache for {Google Sans, wdth 100.0, wght 500, ital 0.0, bestEffort false} [CONTEXT service_id=132 ]
09-01 17:11:06.723  2816  2836 I FontLog : Fetch {Google Sans, wdth 100.0, wght 500, ital 0.0, bestEffort false} end status Status{statusCode=SUCCESS, resolution=null} [CONTEXT service_id=132 ]
09-01 17:11:06.724 26938 27074 W VideoCapabilities: Unsupported mime image/vnd.android.heic
09-01 17:11:06.724 26938 27074 W VideoCapabilities: Unrecognized level 1879048707 for video/x-vnd.on2.vp8
09-01 17:11:06.724 26938 27074 W VideoCapabilities: Unrecognized profile 1879048704 for video/x-vnd.on2.vp8
09-01 17:11:06.724 26938 27074 W VideoCapabilities: Unrecognized level 1879048707 for video/x-vnd.on2.vp8
09-01 17:11:06.724 26938 27074 W VideoCapabilities: Unrecognized profile 1879048704 for video/x-vnd.on2.vp8
09-01 17:11:06.726  2816  2836 I FontLog : Pulling font file for id = 750, cache size = 7 [CONTEXT service_id=132 ]
09-01 17:11:06.726 26742 26742 I Choreographer: Skipped 36 frames!  The application may be doing too much work on its main thread.
09-01 17:11:06.743   901  2806 I sensors-hal: [ssc_utils]get_qmi_debug_flag:244, support_qmi_debug : false
09-01 17:11:06.764   901  1000 W ASH     : @ 26253.218: Unhandled msg ID 999: line 1277
09-01 17:11:06.764   901  1000 E ASH     : @ 26253.218: No pb callback assigned
09-01 17:11:06.764   901  1000 E ASH     : @ 26253.218: Nanopb error: callback failed:1588
09-01 17:11:06.771  2816  2836 I FontLog : Received query Noto Color Emoji Compat, URI content://com.google.android.gms.fonts [CONTEXT service_id=132 ]
09-01 17:11:06.771  2816  2836 I FontLog : Query [emojicompat-emoji-font] resolved to {Noto Color Emoji Compat, wdth 100.0, wght 400, ital 0.0, bestEffort false} [CONTEXT service_id=132 ]
09-01 17:11:06.772  2816  2836 I FontLog : Fetch {Noto Color Emoji Compat, wdth 100.0, wght 400, ital 0.0, bestEffort false} end status Status{statusCode=SUCCESS, resolution=null} [CONTEXT service_id=132 ]
09-01 17:11:06.775  2816  2836 I FontLog : Pulling font file for id = 751, cache size = 6 [CONTEXT service_id=132 ]
09-01 17:11:06.779  2816  2836 I FontLog : Pulling font file for id = 751, cache size = 6 [CONTEXT service_id=132 ]
09-01 17:11:06.797  1075  3185 W ServiceManager: Permission failure: android.permission.SYSTEM_CAMERA from uid=10261 pid=26742
09-01 17:11:06.797  1075  3185 I chatty  : uid=1047(cameraserver) Binder:1075_5 identical 4 lines
09-01 17:11:06.798  1075  3185 W ServiceManager: Permission failure: android.permission.SYSTEM_CAMERA from uid=10261 pid=26742
09-01 17:11:06.799 10955 14820 I Finsky  : [5315] ncc.l(14): com.opera.browser: Account determined from installer data - [y0_1NG5HTmzf0bF7VytAKz9iHAD6w7yU52Le3i0fi68]
09-01 17:11:06.800 10955 14820 I Finsky  : [5315] ncc.l(61): Billing preferred account via installer for com.opera.browser: [y0_1NG5HTmzf0bF7VytAKz9iHAD6w7yU52Le3i0fi68]
09-01 17:11:06.801 10955 14820 W Finsky  : [5315] hgm.i(10): Unsupported billing API version: 19
09-01 17:11:06.802 26742 26742 W View    : requestLayout() improperly called by android.widget.FrameLayout{19e52e4 VFE...C.. ......ID 320,1874-1069,2131 #7f0a01ca app:id/content} during layout: running second layout pass
09-01 17:11:06.803 10955 14820 I Finsky  : [5315] ncc.l(14): com.opera.browser: Account determined from installer data - [y0_1NG5HTmzf0bF7VytAKz9iHAD6w7yU52Le3i0fi68]
09-01 17:11:06.804 10955 14820 I Finsky  : [5315] ncc.l(61): Billing preferred account via installer for com.opera.browser: [y0_1NG5HTmzf0bF7VytAKz9iHAD6w7yU52Le3i0fi68]
09-01 17:11:06.805 10955 14820 W Finsky  : [5315] hgm.i(10): Unsupported billing API version: 18
09-01 17:11:06.806  1513  2060 W SyncManager: failed sync operation JobId=102750 ***/com.opera.browser.ping u0 [com.opera.browser.ping.provider] OTHER ExpectedIn=0s Reason=10261 Retries=14, SyncResult: delayUntil: 1693588266 stats [ numIoExceptions: 1]
09-01 17:11:06.807 10955 14820 I Finsky  : [5315] ncc.l(14): com.opera.browser: Account determined from installer data - [y0_1NG5HTmzf0bF7VytAKz9iHAD6w7yU52Le3i0fi68]
09-01 17:11:06.807 10955 14820 I Finsky  : [5315] ncc.l(61): Billing preferred account via installer for com.opera.browser: [y0_1NG5HTmzf0bF7VytAKz9iHAD6w7yU52Le3i0fi68]
09-01 17:11:06.809 10955 14820 I Finsky  : [5315] ncc.l(14): com.opera.browser: Account determined from installer data - [y0_1NG5HTmzf0bF7VytAKz9iHAD6w7yU52Le3i0fi68]
09-01 17:11:06.810 10955 14820 I Finsky  : [5315] ncc.l(61): Billing preferred account via installer for com.opera.browser: [y0_1NG5HTmzf0bF7VytAKz9iHAD6w7yU52Le3i0fi68]
09-01 17:11:06.811 10955 14820 W Finsky  : [5315] hgm.i(10): Unsupported billing API version: 19
09-01 17:11:06.812 10955 14820 I Finsky  : [5315] ncc.l(14): com.opera.browser: Account determined from installer data - [y0_1NG5HTmzf0bF7VytAKz9iHAD6w7yU52Le3i0fi68]
09-01 17:11:06.812 10955 14820 I Finsky  : [5315] ncc.l(61): Billing preferred account via installer for com.opera.browser: [y0_1NG5HTmzf0bF7VytAKz9iHAD6w7yU52Le3i0fi68]
09-01 17:11:06.813 10955 14820 W Finsky  : [5315] hgm.i(10): Unsupported billing API version: 18
09-01 17:11:06.813 10955 11608 I Finsky  : [5301] ncc.l(14): com.opera.browser: Account determined from installer data - [y0_1NG5HTmzf0bF7VytAKz9iHAD6w7yU52Le3i0fi68]
09-01 17:11:06.813 10955 11608 I Finsky  : [5301] ncc.l(61): Billing preferred account via installer for com.opera.browser: [y0_1NG5HTmzf0bF7VytAKz9iHAD6w7yU52Le3i0fi68]
09-01 17:11:06.818 10955 14820 I Finsky  : [5315] ncc.l(14): com.opera.browser: Account determined from installer data - [y0_1NG5HTmzf0bF7VytAKz9iHAD6w7yU52Le3i0fi68]
09-01 17:11:06.818 10955 14820 I Finsky  : [5315] ncc.l(61): Billing preferred account via installer for com.opera.browser: [y0_1NG5HTmzf0bF7VytAKz9iHAD6w7yU52Le3i0fi68]
09-01 17:11:07.272  1075  3185 W ServiceManager: Permission failure: android.permission.SYSTEM_CAMERA from uid=10261 pid=26742
09-01 17:11:07.305  1075  3185 I chatty  : uid=1047(cameraserver) Binder:1075_5 identical 7 lines
09-01 17:11:07.308  1075  3185 W ServiceManager: Permission failure: android.permission.SYSTEM_CAMERA from uid=10261 pid=26742
09-01 17:11:07.309  1075  2202 W ServiceManager: Permission failure: android.permission.SYSTEM_CAMERA from uid=10261 pid=26742
09-01 17:11:07.309  1075  2202 I chatty  : uid=1047(cameraserver) Binder:1075_3 identical 1 line
09-01 17:11:07.309  1075  2202 W ServiceManager: Permission failure: android.permission.SYSTEM_CAMERA from uid=10261 pid=26742
09-01 17:11:07.912 26742 26754 I m.opera.browse: Background young concurrent copying GC freed 271579(15MB) AllocSpace objects, 225(6760KB) LOS objects, 92% free, 8061KB/103MB, paused 370us total 113.900ms
09-01 17:11:07.937  1513  2000 D ConnectivityService: NetReassign [no changes]
09-01 17:11:07.946   901  2806 I sensors-hal: [ssc_utils]get_qmi_debug_flag:244, support_qmi_debug : false
09-01 17:11:07.964   901  1000 W ASH     : @ 26254.418: Unhandled msg ID 999: line 1277
09-01 17:11:07.964   901  1000 E ASH     : @ 26254.418: No pb callback assigned
09-01 17:11:07.964   901  1000 E ASH     : @ 26254.418: Nanopb error: callback failed:1588
09-01 17:11:08.127   901  1000 D VSC     : @ 26254.579: [WO] tilt angle 89
09-01 17:11:10.125   901  1000 D VSC     : @ 26256.578: [WO] tilt angle 89
09-01 17:11:10.794   901  2806 I sensors-hal: [ssc_utils]get_qmi_debug_flag:244, support_qmi_debug : false
09-01 17:11:10.803   594   594 I SDM     : HWDeviceDRM::UpdateMixerAttributes: Mixer WxH 1080x2340-1 for Peripheral
09-01 17:11:10.803   594   594 I SDM     : DisplayBase::SetActiveConfig: Active configuration changed to: 0
09-01 17:11:10.803   594   594 I SDM     : StrategyImpl::SetIdleTimeoutMs: Idle timeout set to zero for command mode panels
09-01 17:11:10.804   901  1000 W ASH     : @ 26257.258: Unhandled msg ID 999: line 1277
09-01 17:11:10.804   901  1000 E ASH     : @ 26257.258: No pb callback assigned
09-01 17:11:10.804   901  1000 E ASH     : @ 26257.258: Nanopb error: callback failed:1588
09-01 17:11:10.808   901  2806 I sensors-hal: [ssc_utils]get_qmi_debug_flag:244, support_qmi_debug : false
09-01 17:11:10.824  1513  1572 I DisplayManagerService: Display device changed: DisplayDeviceInfo{"Built-in Screen": uniqueId="local:19260504575090817", 1080 x 2340, modeId 2, defaultModeId 2, supportedModes [{id=1, width=1080, height=2340, fps=90.0}, {id=2, width=1080, height=2340, fps=60.000004}], colorMode 0, supportedColorModes [0, 7, 9], HdrCapabilities HdrCapabilities{mSupportedHdrTypes=[2, 3, 4], mMaxLuminance=500.0, mMaxAverageLuminance=500.0, mMinLuminance=0.0}, allmSupported false, gameContentTypeSupported false, density 440, 435.428 x 433.839 dpi, appVsyncOff 2333332, presDeadline 11500000, cutout DisplayCutout{insets=Rect(0, 136 - 0, 0) waterfall=Insets{left=0, top=0, right=0, bottom=0} boundingRect={Bounds=[Rect(0, 0 - 0, 0), Rect(0, 0 - 136, 136), Rect(0, 0 - 0, 0), Rect(0, 0 - 0, 0)]}}, touch INTERNAL, rotation 0, type INTERNAL, address {port=129, model=0x446d53ad64a0}, deviceProductInfo DeviceProductInfo{name=, manufacturerPnpId=QCM, productId=1, modelYear=null, manufactureDate=ManufactureDate{week=27, year=2006}, relativeAddress=null}, state ON, FLAG_DEFAULT_DISPLAY, FLAG_ROTATES_WITH_CONTENT, FLAG_SECURE, FLAG_SUPPORTS_PROTECTED_BUFFERS}
09-01 17:11:10.844   594   594 I SDM     : StrategyImpl::SetIdleTimeoutMs: Idle timeout set to zero for command mode panels
09-01 17:11:10.844   901  1000 W ASH     : @ 26257.298: Unhandled msg ID 999: line 1277
09-01 17:11:10.844   901  1000 E ASH     : @ 26257.298: No pb callback assigned
09-01 17:11:10.844   901  1000 E ASH     : @ 26257.298: Nanopb error: callback failed:1588
09-01 17:11:10.957  1513  2000 D ConnectivityService: NetReassign [no changes]
09-01 17:11:11.046 27127 27127 W app_process: type=1400 audit(0.0:3046): avc: denied { read } for name="u:object_r:device_config_runtime_native_boot_prop:s0" dev="tmpfs" ino=10163 scontext=u:r:shell:s0 tcontext=u:object_r:device_config_runtime_native_boot_prop:s0 tclass=file permissive=0
09-01 17:11:11.046 27127 27127 W app_process: type=1400 audit(0.0:3047): avc: denied { read } for name="u:object_r:device_config_runtime_native_boot_prop:s0" dev="tmpfs" ino=10163 scontext=u:r:shell:s0 tcontext=u:object_r:device_config_runtime_native_boot_prop:s0 tclass=file permissive=0
09-01 17:11:11.046 27127 27127 I chatty  : uid=2000(shell) app_process identical 1 line
09-01 17:11:11.046 27127 27127 W app_process: type=1400 audit(0.0:3049): avc: denied { read } for name="u:object_r:device_config_runtime_native_boot_prop:s0" dev="tmpfs" ino=10163 scontext=u:r:shell:s0 tcontext=u:object_r:device_config_runtime_native_boot_prop:s0 tclass=file permissive=0
09-01 17:11:11.047 27127 27127 D AndroidRuntime: >>>>>> START com.android.internal.os.RuntimeInit uid 2000 <<<<<<
09-01 17:11:11.049 27127 27127 E libc    : Access denied finding property "persist.device_config.runtime_native_boot.profilebootclasspath"
09-01 17:11:11.049 27127 27127 E libc    : Access denied finding property "persist.device_config.runtime_native_boot.enable_apex_image"
09-01 17:11:11.049 27127 27127 I AndroidRuntime: Using default boot image
09-01 17:11:11.049 27127 27127 E libc    : Access denied finding property "persist.device_config.runtime_native_boot.disable_lock_profiling"
09-01 17:11:11.049 27127 27127 I AndroidRuntime: Leaving lock profiling enabled
09-01 17:11:11.049 27127 27127 E libc    : Access denied finding property "persist.device_config.runtime_native_boot.enable_generational_cc"
09-01 17:11:11.113 27127 27127 D app_process: Time zone APEX ICU file found: /apex/com.android.tzdata/etc/icu/icu_tzdata.dat
09-01 17:11:11.113 27127 27127 D app_process: I18n APEX ICU file found: /apex/com.android.i18n/etc/icu/icudt66l.dat
09-01 17:11:11.118 27127 27127 I app_process: The ClassLoaderContext is a special shared library.
09-01 17:11:11.130 27127 27127 W app_process: JNI RegisterNativeMethods: attempt to register 0 native methods for android.media.AudioAttributes
09-01 17:11:11.134 27127 27127 D AndroidRuntime: Calling main entry com.android.commands.input.Input
09-01 17:11:11.141  1513  1572 I DisplayManagerService: Display device changed: DisplayDeviceInfo{"Built-in Screen": uniqueId="local:19260504575090817", 1080 x 2340, modeId 1, defaultModeId 2, supportedModes [{id=1, width=1080, height=2340, fps=90.0}, {id=2, width=1080, height=2340, fps=60.000004}], colorMode 0, supportedColorModes [0, 7, 9], HdrCapabilities HdrCapabilities{mSupportedHdrTypes=[2, 3, 4], mMaxLuminance=500.0, mMaxAverageLuminance=500.0, mMinLuminance=0.0}, allmSupported false, gameContentTypeSupported false, density 440, 435.428 x 433.839 dpi, appVsyncOff 2333333, presDeadline 11500000, cutout DisplayCutout{insets=Rect(0, 136 - 0, 0) waterfall=Insets{left=0, top=0, right=0, bottom=0} boundingRect={Bounds=[Rect(0, 0 - 0, 0), Rect(0, 0 - 136, 136), Rect(0, 0 - 0, 0), Rect(0, 0 - 0, 0)]}}, touch INTERNAL, rotation 0, type INTERNAL, address {port=129, model=0x446d53ad64a0}, deviceProductInfo DeviceProductInfo{name=, manufacturerPnpId=QCM, productId=1, modelYear=null, manufactureDate=ManufactureDate{week=27, year=2006}, relativeAddress=null}, state ON, FLAG_DEFAULT_DISPLAY, FLAG_ROTATES_WITH_CONTENT, FLAG_SECURE, FLAG_SUPPORTS_PROTECTED_BUFFERS}
09-01 17:11:11.142   594   594 I SDM     : HWDeviceDRM::UpdateMixerAttributes: Mixer WxH 1080x2340-1 for Peripheral
09-01 17:11:11.142   594   594 I SDM     : DisplayBase::SetActiveConfig: Active configuration changed to: 1
09-01 17:11:11.142   594   594 I SDM     : StrategyImpl::SetIdleTimeoutMs: Idle timeout set to zero for command mode panels
09-01 17:11:11.146   901  2806 I sensors-hal: [ssc_utils]get_qmi_debug_flag:244, support_qmi_debug : false
09-01 17:11:11.152 27127 27127 D AndroidRuntime: Shutting down VM
09-01 17:11:11.164   901  1000 W ASH     : @ 26257.618: Unhandled msg ID 999: line 1277
09-01 17:11:11.164   901  1000 E ASH     : @ 26257.618: No pb callback assigned
09-01 17:11:11.164   901  1000 E ASH     : @ 26257.618: Nanopb error: callback failed:1588
09-01 17:11:11.262   901  2806 I sensors-hal: [ssc_utils]get_qmi_debug_flag:244, support_qmi_debug : false
09-01 17:11:11.285   901  1000 W ASH     : @ 26257.739: Unhandled msg ID 999: line 1277
09-01 17:11:11.285   901  1000 E ASH     : @ 26257.739: No pb callback assigned
09-01 17:11:11.285   901  1000 E ASH     : @ 26257.739: Nanopb error: callback failed:1588
09-01 17:11:11.321 26938 26951 I ileged_process: WaitForGcToComplete blocked RunEmptyCheckpoint on ProfileSaver for 20.235ms
09-01 17:11:11.333   901  1000 I ASH     : @ 26257.786: tcs3701: ADC is saturated, removed sample from FIFO.
09-01 17:11:11.589   908   950 D rlsservice: MonitorDisplayStatus client num 1, display status 1, sensor status 1
09-01 17:11:11.715 27155 27157 I cmd     : oneway function results will be dropped but finished with status OK and parcel size 4
09-01 17:11:11.721 26685 26685 I BatteryMgr:DataCollectionService: onStartCommand: begin
09-01 17:11:11.722 26685 26685 I BatteryMgr:DataCollectionService: onStartCommand: sampleRate => 100
09-01 17:11:11.722 26685 26685 I BatteryMgr:DataCollectionService: onStartCommand: rawFields => Timestamp,BATTERY_PROPERTY_CURRENT_NOW,EXTRA_VOLTAGE
09-01 17:11:11.724 26685 26685 I BatteryMgr:DataCollectionService: onStartCommand: notification done
09-01 17:11:11.727  1513  3223 D CompatibilityChangeReporter: Compat change id reported: 136219221; UID 10260; state: ENABLED
09-01 17:11:11.727 26685 26685 I BatteryMgr:DataCollectionService: started foreground
09-01 17:11:11.750 26685 27160 I BatteryMgr:DataCollectionService: collectData: begin
09-01 17:11:11.753 26685 27160 I BatteryMgr:DataCollectionService: stats => 1693581071753,8239,4416
09-01 17:11:11.860 26685 27160 I BatteryMgr:DataCollectionService: stats => 1693581071860,8239,4416
09-01 17:11:11.932  1513  1513 D NotificationService: 0|com.example.batterymanager_utility|1|null|10260: granting content://settings/system/notification_sound
09-01 17:11:11.933  1513  1513 I chatty  : uid=1000(system) Binder:1513_3 identical 3 lines
09-01 17:11:11.933  1513  1513 D NotificationService: 0|com.example.batterymanager_utility|1|null|10260: granting content://settings/system/notification_sound
09-01 17:11:11.934  1513  1513 W NotificationHistory: Attempted to add notif for locked/gone/disabled user 0
09-01 17:11:11.942  2062  2062 D InterruptionStateProvider: No bubble up: not allowed to bubble: 0|com.example.batterymanager_utility|1|null|10260
09-01 17:11:11.942  2062  2062 D InterruptionStateProvider: No heads up: unimportant notification: 0|com.example.batterymanager_utility|1|null|10260
09-01 17:11:11.964 26685 27160 I BatteryMgr:DataCollectionService: stats => 1693581071963,8239,4416
09-01 17:11:11.980   901  2806 I sensors-hal: [ssc_utils]get_qmi_debug_flag:244, support_qmi_debug : false
09-01 17:11:12.004   901  1000 W ASH     : @ 26258.458: Unhandled msg ID 999: line 1277
09-01 17:11:12.004   901  1000 E ASH     : @ 26258.458: No pb callback assigned
09-01 17:11:12.004   901  1000 E ASH     : @ 26258.458: Nanopb error: callback failed:1588
09-01 17:11:12.049   594   594 I SDM     : HWDeviceDRM::UpdateMixerAttributes: Mixer WxH 1080x2340-1 for Peripheral
09-01 17:11:12.049   594   594 I SDM     : DisplayBase::SetActiveConfig: Active configuration changed to: 0
09-01 17:11:12.049   594   594 I SDM     : StrategyImpl::SetIdleTimeoutMs: Idle timeout set to zero for command mode panels
09-01 17:11:12.053   901  2806 I sensors-hal: [ssc_utils]get_qmi_debug_flag:244, support_qmi_debug : false
09-01 17:11:12.059  1513  1572 I DisplayManagerService: Display device changed: DisplayDeviceInfo{"Built-in Screen": uniqueId="local:19260504575090817", 1080 x 2340, modeId 2, defaultModeId 2, supportedModes [{id=1, width=1080, height=2340, fps=90.0}, {id=2, width=1080, height=2340, fps=60.000004}], colorMode 0, supportedColorModes [0, 7, 9], HdrCapabilities HdrCapabilities{mSupportedHdrTypes=[2, 3, 4], mMaxLuminance=500.0, mMaxAverageLuminance=500.0, mMinLuminance=0.0}, allmSupported false, gameContentTypeSupported false, density 440, 435.428 x 433.839 dpi, appVsyncOff 2333332, presDeadline 11500000, cutout DisplayCutout{insets=Rect(0, 136 - 0, 0) waterfall=Insets{left=0, top=0, right=0, bottom=0} boundingRect={Bounds=[Rect(0, 0 - 0, 0), Rect(0, 0 - 136, 136), Rect(0, 0 - 0, 0), Rect(0, 0 - 0, 0)]}}, touch INTERNAL, rotation 0, type INTERNAL, address {port=129, model=0x446d53ad64a0}, deviceProductInfo DeviceProductInfo{name=, manufacturerPnpId=QCM, productId=1, modelYear=null, manufactureDate=ManufactureDate{week=27, year=2006}, relativeAddress=null}, state ON, FLAG_DEFAULT_DISPLAY, FLAG_ROTATES_WITH_CONTENT, FLAG_SECURE, FLAG_SUPPORTS_PROTECTED_BUFFERS}
09-01 17:11:12.061   594   594 I SDM     : StrategyImpl::SetIdleTimeoutMs: Idle timeout set to zero for command mode panels
09-01 17:11:12.074 26685 27160 I BatteryMgr:DataCollectionService: stats => 1693581072074,8239,4416
09-01 17:11:12.084   901  1000 W ASH     : @ 26258.538: Unhandled msg ID 999: line 1277
09-01 17:11:12.084   901  1000 E ASH     : @ 26258.538: No pb callback assigned
09-01 17:11:12.084   901  1000 E ASH     : @ 26258.538: Nanopb error: callback failed:1588
09-01 17:11:12.124   901  1000 D VSC     : @ 26258.578: [WO] tilt angle 89
09-01 17:11:12.127   901  1000 I ASH     : @ 26258.581: tcs3701: ADC is saturated, removed sample from FIFO.
09-01 17:11:12.177 26685 27160 I BatteryMgr:DataCollectionService: stats => 1693581072177,8239,4416
09-01 17:11:12.281 26685 27160 I BatteryMgr:DataCollectionService: stats => 1693581072281,8239,4416
09-01 17:11:12.385 26685 27160 I BatteryMgr:DataCollectionService: stats => 1693581072385,8239,4416
09-01 17:11:12.489 26685 27160 I BatteryMgr:DataCollectionService: stats => 1693581072489,8239,4416
09-01 17:11:12.593 26685 27160 I BatteryMgr:DataCollectionService: stats => 1693581072593,8239,4416
09-01 17:11:12.697 26685 27160 I BatteryMgr:DataCollectionService: stats => 1693581072697,8239,4416
09-01 17:11:12.801 26685 27160 I BatteryMgr:DataCollectionService: stats => 1693581072801,8239,4416
