09-02 18:07:20.597 23328 23328 W ResourceType: For resource 0x7f150580, entry index(1408) is beyond type entryCount(281)
09-02 18:07:20.597 23328 23328 W ResourceType: For resource 0x7f15071e, entry index(1822) is beyond type entryCount(281)
09-02 18:07:20.597 23328 23328 W ResourceType: For resource 0x7f15017b, entry index(379) is beyond type entryCount(281)
09-02 18:07:20.597 23328 23328 W ResourceType: For resource 0x7f150283, entry index(643) is beyond type entryCount(281)
09-02 18:07:20.597 23328 23328 W ResourceType: For resource 0x7f1505a2, entry index(1442) is beyond type entryCount(281)
09-02 18:07:20.597 23328 23328 W ResourceType: For resource 0x7f1506f4, entry index(1780) is beyond type entryCount(281)
09-02 18:07:20.597 23328 23328 W ResourceType: For resource 0x7f150588, entry index(1416) is beyond type entryCount(281)
09-02 18:07:20.598 23328 23328 W ResourceType: For resource 0x7f15059f, entry index(1439) is beyond type entryCount(281)
09-02 18:07:20.598 23328 23328 W ResourceType: For resource 0x7f150649, entry index(1609) is beyond type entryCount(281)
09-02 18:07:20.598 23328 23328 W ResourceType: For resource 0x7f150442, entry index(1090) is beyond type entryCount(281)
09-02 18:07:20.598 23328 23328 W ResourceType: For resource 0x7f150718, entry index(1816) is beyond type entryCount(281)
09-02 18:07:20.598 23328 23328 W ResourceType: For resource 0x7f15017c, entry index(380) is beyond type entryCount(281)
09-02 18:07:20.598 23328 23328 W ResourceType: For resource 0x7f15059d, entry index(1437) is beyond type entryCount(281)
09-02 18:07:20.598 23328 23328 W ResourceType: For resource 0x7f15020a, entry index(522) is beyond type entryCount(281)
09-02 18:07:20.598 23328 23328 W ResourceType: For resource 0x7f150586, entry index(1414) is beyond type entryCount(281)
09-02 18:07:20.598 23328 23328 W ResourceType: For resource 0x7f15071c, entry index(1820) is beyond type entryCount(281)
09-02 18:07:20.598 23328 23328 W ResourceType: For resource 0x7f1502af, entry index(687) is beyond type entryCount(281)
09-02 18:07:20.598 23328 23328 W ResourceType: For resource 0x7f150274, entry index(628) is beyond type entryCount(281)
09-02 18:07:20.598 23328 23328 W ResourceType: For resource 0x7f150244, entry index(580) is beyond type entryCount(281)
09-02 18:07:20.598 23328 23328 W ResourceType: For resource 0x7f150274, entry index(628) is beyond type entryCount(281)
09-02 18:07:20.598 23328 23328 W ResourceType: For resource 0x7f150372, entry index(882) is beyond type entryCount(281)
09-02 18:07:20.598 23328 23328 W ResourceType: For resource 0x7f15035b, entry index(859) is beyond type entryCount(281)
09-02 18:07:20.598 23328 23328 W ResourceType: For resource 0x7f15035c, entry index(860) is beyond type entryCount(281)
09-02 18:07:20.598 23328 23328 W ResourceType: For resource 0x7f1502ad, entry index(685) is beyond type entryCount(281)
09-02 18:07:20.598 23328 23328 W ResourceType: For resource 0x7f150565, entry index(1381) is beyond type entryCount(281)
09-02 18:07:20.598 23328 23328 W ResourceType: For resource 0x7f150567, entry index(1383) is beyond type entryCount(281)
09-02 18:07:20.598 23328 23328 W ResourceType: For resource 0x7f150278, entry index(632) is beyond type entryCount(281)
09-02 18:07:20.598 23328 23328 I chatty  : uid=10158(u0_a158) identical 3 lines
09-02 18:07:20.599 23328 23328 W ResourceType: For resource 0x7f150278, entry index(632) is beyond type entryCount(281)
09-02 18:07:20.599 23328 23328 W ResourceType: For resource 0x7f150728, entry index(1832) is beyond type entryCount(281)
09-02 18:07:20.599 23328 23328 I chatty  : uid=10158(u0_a158) identical 6 lines
09-02 18:07:20.599 23328 23328 W ResourceType: For resource 0x7f150728, entry index(1832) is beyond type entryCount(281)
09-02 18:07:20.603 23328 23328 W ResourceType: For resource 0x7f1506f1, entry index(1777) is beyond type entryCount(281)
09-02 18:07:20.603 23328 23328 W ResourceType: For resource 0x7f1505fc, entry index(1532) is beyond type entryCount(281)
09-02 18:07:20.603 23328 23328 W ResourceType: For resource 0x7f150141, entry index(321) is beyond type entryCount(281)
09-02 18:07:20.603 23328 23328 W ResourceType: For resource 0x7f150153, entry index(339) is beyond type entryCount(281)
09-02 18:07:20.603 23328 23328 W ResourceType: For resource 0x7f1504f8, entry index(1272) is beyond type entryCount(281)
09-02 18:07:20.603 23328 23328 W ResourceType: For resource 0x7f1504f8, entry index(1272) is beyond type entryCount(281)
09-02 18:07:20.604 23328 23328 W ResourceType: For resource 0x7f150264, entry index(612) is beyond type entryCount(281)
09-02 18:07:20.604 23328 23328 W ResourceType: For resource 0x7f150264, entry index(612) is beyond type entryCount(281)
09-02 18:07:20.604 23328 23328 W ResourceType: For resource 0x7f1503cd, entry index(973) is beyond type entryCount(281)
09-02 18:07:20.604 23328 23328 W ResourceType: For resource 0x7f1503bc, entry index(956) is beyond type entryCount(281)
09-02 18:07:20.605 23328 23328 W ResourceType: For resource 0x7f150348, entry index(840) is beyond type entryCount(281)
09-02 18:07:20.605 23328 23328 W ResourceType: For resource 0x7f150264, entry index(612) is beyond type entryCount(281)
09-02 18:07:20.606 23328 23328 W ResourceType: For resource 0x7f15050e, entry index(1294) is beyond type entryCount(281)
09-02 18:07:20.606 23328 23328 W ResourceType: For resource 0x7f15061f, entry index(1567) is beyond type entryCount(281)
09-02 18:07:20.606 23328 23328 W ResourceType: For resource 0x7f15061f, entry index(1567) is beyond type entryCount(281)
09-02 18:07:20.606 23328 23328 W ResourceType: For resource 0x7f15058c, entry index(1420) is beyond type entryCount(281)
09-02 18:07:20.606 23328 23328 W ResourceType: For resource 0x7f150590, entry index(1424) is beyond type entryCount(281)
09-02 18:07:20.606 23328 23328 W ResourceType: For resource 0x7f15058e, entry index(1422) is beyond type entryCount(281)
09-02 18:07:20.606 23328 23328 W ResourceType: For resource 0x7f1504c3, entry index(1219) is beyond type entryCount(281)
09-02 18:07:20.606 23328 23328 W ResourceType: For resource 0x7f15059e, entry index(1438) is beyond type entryCount(281)
09-02 18:07:20.606 23328 23328 W ResourceType: For resource 0x7f150282, entry index(642) is beyond type entryCount(281)
09-02 18:07:20.606 23328 23328 W ResourceType: For resource 0x7f1504c3, entry index(1219) is beyond type entryCount(281)
09-02 18:07:20.606 23328 23328 W ResourceType: For resource 0x7f150719, entry index(1817) is beyond type entryCount(281)
09-02 18:07:20.606 23328 23328 W ResourceType: For resource 0x7f150578, entry index(1400) is beyond type entryCount(281)
09-02 18:07:20.606 23328 23328 W ResourceType: For resource 0x7f150284, entry index(644) is beyond type entryCount(281)
09-02 18:07:20.606 23328 23328 W ResourceType: For resource 0x7f150579, entry index(1401) is beyond type entryCount(281)
09-02 18:07:20.606 23328 23328 W ResourceType: For resource 0x7f1505e7, entry index(1511) is beyond type entryCount(281)
09-02 18:07:20.606 23328 23328 W ResourceType: For resource 0x7f15071e, entry index(1822) is beyond type entryCount(281)
09-02 18:07:20.606 23328 23328 I chatty  : uid=10158(u0_a158) identical 2 lines
09-02 18:07:20.606 23328 23328 W ResourceType: For resource 0x7f15071e, entry index(1822) is beyond type entryCount(281)
09-02 18:07:20.606 23328 23328 W ResourceType: For resource 0x7f150580, entry index(1408) is beyond type entryCount(281)
09-02 18:07:20.606 23328 23328 W ResourceType: For resource 0x7f15071e, entry index(1822) is beyond type entryCount(281)
09-02 18:07:20.606 23328 23328 W ResourceType: For resource 0x7f15017b, entry index(379) is beyond type entryCount(281)
09-02 18:07:20.606 23328 23328 W ResourceType: For resource 0x7f150283, entry index(643) is beyond type entryCount(281)
09-02 18:07:20.606 23328 23328 W ResourceType: For resource 0x7f1505a2, entry index(1442) is beyond type entryCount(281)
09-02 18:07:20.606 23328 23328 W ResourceType: For resource 0x7f1506f4, entry index(1780) is beyond type entryCount(281)
09-02 18:07:20.606 23328 23328 W ResourceType: For resource 0x7f150588, entry index(1416) is beyond type entryCount(281)
09-02 18:07:20.606 23328 23328 W ResourceType: For resource 0x7f15059f, entry index(1439) is beyond type entryCount(281)
09-02 18:07:20.606 23328 23328 W ResourceType: For resource 0x7f150649, entry index(1609) is beyond type entryCount(281)
09-02 18:07:20.606 23328 23328 W ResourceType: For resource 0x7f150442, entry index(1090) is beyond type entryCount(281)
09-02 18:07:20.606 23328 23328 W ResourceType: For resource 0x7f150718, entry index(1816) is beyond type entryCount(281)
09-02 18:07:20.607 23328 23328 W ResourceType: For resource 0x7f15017c, entry index(380) is beyond type entryCount(281)
09-02 18:07:20.607 23328 23328 W ResourceType: For resource 0x7f15059d, entry index(1437) is beyond type entryCount(281)
09-02 18:07:20.607 23328 23328 W ResourceType: For resource 0x7f15020a, entry index(522) is beyond type entryCount(281)
09-02 18:07:20.607 23328 23328 W ResourceType: For resource 0x7f150586, entry index(1414) is beyond type entryCount(281)
09-02 18:07:20.607 23328 23328 W ResourceType: For resource 0x7f15071c, entry index(1820) is beyond type entryCount(281)
09-02 18:07:20.607 23328 23328 W ResourceType: For resource 0x7f1502af, entry index(687) is beyond type entryCount(281)
09-02 18:07:20.607 23328 23328 W ResourceType: For resource 0x7f150274, entry index(628) is beyond type entryCount(281)
09-02 18:07:20.607 23328 23328 W ResourceType: For resource 0x7f150244, entry index(580) is beyond type entryCount(281)
09-02 18:07:20.607 23328 23328 W ResourceType: For resource 0x7f150274, entry index(628) is beyond type entryCount(281)
09-02 18:07:20.607 23328 23328 W ResourceType: For resource 0x7f150372, entry index(882) is beyond type entryCount(281)
09-02 18:07:20.607 23328 23328 W ResourceType: For resource 0x7f15035b, entry index(859) is beyond type entryCount(281)
09-02 18:07:20.607 23328 23328 W ResourceType: For resource 0x7f15035c, entry index(860) is beyond type entryCount(281)
09-02 18:07:20.607 23328 23328 W ResourceType: For resource 0x7f1502ad, entry index(685) is beyond type entryCount(281)
09-02 18:07:20.607 23328 23328 W ResourceType: For resource 0x7f150565, entry index(1381) is beyond type entryCount(281)
09-02 18:07:20.607 23328 23328 W ResourceType: For resource 0x7f150567, entry index(1383) is beyond type entryCount(281)
09-02 18:07:20.607 23328 23328 W ResourceType: For resource 0x7f150264, entry index(612) is beyond type entryCount(281)
09-02 18:07:20.607 23328 23328 I chatty  : uid=10158(u0_a158) identical 1 line
09-02 18:07:20.607 23328 23328 W ResourceType: For resource 0x7f150264, entry index(612) is beyond type entryCount(281)
09-02 18:07:20.609 23328 23328 W ResourceType: For resource 0x7f150314, entry index(788) is beyond type entryCount(281)
09-02 18:07:20.609 23328 23328 W ResourceType: For resource 0x7f150314, entry index(788) is beyond type entryCount(281)
09-02 18:07:20.609 23328 23328 W ResourceType: For resource 0x7f15030d, entry index(781) is beyond type entryCount(281)
09-02 18:07:20.611 23328 23328 W ResourceType: For resource 0x7f150264, entry index(612) is beyond type entryCount(281)
09-02 18:07:20.611 23328 23328 I chatty  : uid=10158(u0_a158) identical 1 line
09-02 18:07:20.611 23328 23328 W ResourceType: For resource 0x7f150264, entry index(612) is beyond type entryCount(281)
09-02 18:07:20.611 23328 23328 W ResourceType: For resource 0x7f150314, entry index(788) is beyond type entryCount(281)
09-02 18:07:20.618 23328 23328 W ResourceType: For resource 0x7f150264, entry index(612) is beyond type entryCount(281)
09-02 18:07:20.618 23328 23328 I chatty  : uid=10158(u0_a158) identical 1 line
09-02 18:07:20.618 23328 23328 W ResourceType: For resource 0x7f150264, entry index(612) is beyond type entryCount(281)
09-02 18:07:20.618 23328 23328 W ResourceType: For resource 0x7f150314, entry index(788) is beyond type entryCount(281)
09-02 18:07:20.619 23328 23328 W ResourceType: For resource 0x7f150264, entry index(612) is beyond type entryCount(281)
09-02 18:07:20.619 23328 23328 I chatty  : uid=10158(u0_a158) identical 1 line
09-02 18:07:20.619 23328 23328 W ResourceType: For resource 0x7f150264, entry index(612) is beyond type entryCount(281)
09-02 18:07:20.619 23328 23328 W ResourceType: For resource 0x7f150314, entry index(788) is beyond type entryCount(281)
09-02 18:07:20.620 23328 23328 I zygote  : Deoptimizing jc0 jc0.a(op9, int[]) due to JIT inline cache
09-02 18:07:20.621 23328 23328 I zygote  : Deoptimizing int jc0.e(op9, int, int[]) due to JIT same target
09-02 18:07:20.621 23328 23328 W ResourceType: For resource 0x7f1506f1, entry index(1777) is beyond type entryCount(281)
09-02 18:07:20.621 23328 23328 I chatty  : uid=10158(u0_a158) identical 2 lines
09-02 18:07:20.621 23328 23328 W ResourceType: For resource 0x7f1506f1, entry index(1777) is beyond type entryCount(281)
09-02 18:07:20.621 23328 23328 W ResourceType: For resource 0x7f150264, entry index(612) is beyond type entryCount(281)
09-02 18:07:20.621 23328 23328 W ResourceType: For resource 0x7f1506f1, entry index(1777) is beyond type entryCount(281)
09-02 18:07:20.622 23328 23328 I chatty  : uid=10158(u0_a158) identical 11 lines
09-02 18:07:20.622 23328 23328 W ResourceType: For resource 0x7f1506f1, entry index(1777) is beyond type entryCount(281)
09-02 18:07:20.628 23510 23658 I VideoCapabilities: Unsupported profile 4 for video/mp4v-es
09-02 18:07:20.634 23328 23328 W ResourceType: For resource 0x7f1504f8, entry index(1272) is beyond type entryCount(281)
09-02 18:07:20.634 23328 23328 W ResourceType: For resource 0x7f150264, entry index(612) is beyond type entryCount(281)
09-02 18:07:20.635 23328 23328 W ResourceType: For resource 0x7f150264, entry index(612) is beyond type entryCount(281)
09-02 18:07:20.635 23328 23328 W ResourceType: For resource 0x7f15050e, entry index(1294) is beyond type entryCount(281)
09-02 18:07:20.635 23328 23328 W ResourceType: For resource 0x7f15061f, entry index(1567) is beyond type entryCount(281)
09-02 18:07:20.635 23328 23328 W ResourceType: For resource 0x7f15061f, entry index(1567) is beyond type entryCount(281)
09-02 18:07:20.635 23328 23328 W ResourceType: For resource 0x7f15058c, entry index(1420) is beyond type entryCount(281)
09-02 18:07:20.635 23328 23328 W ResourceType: For resource 0x7f150590, entry index(1424) is beyond type entryCount(281)
09-02 18:07:20.635 23328 23328 W ResourceType: For resource 0x7f15058e, entry index(1422) is beyond type entryCount(281)
09-02 18:07:20.635 23328 23328 W ResourceType: For resource 0x7f1504c3, entry index(1219) is beyond type entryCount(281)
09-02 18:07:20.635 23328 23328 W ResourceType: For resource 0x7f15059e, entry index(1438) is beyond type entryCount(281)
09-02 18:07:20.635 23328 23328 W ResourceType: For resource 0x7f150282, entry index(642) is beyond type entryCount(281)
09-02 18:07:20.635 23328 23328 W ResourceType: For resource 0x7f1504c3, entry index(1219) is beyond type entryCount(281)
09-02 18:07:20.635 23328 23328 W ResourceType: For resource 0x7f150719, entry index(1817) is beyond type entryCount(281)
09-02 18:07:20.635 23328 23328 W ResourceType: For resource 0x7f150578, entry index(1400) is beyond type entryCount(281)
09-02 18:07:20.635 23328 23328 W ResourceType: For resource 0x7f150284, entry index(644) is beyond type entryCount(281)
09-02 18:07:20.635 23328 23328 W ResourceType: For resource 0x7f150579, entry index(1401) is beyond type entryCount(281)
09-02 18:07:20.635 23328 23328 W ResourceType: For resource 0x7f1505e7, entry index(1511) is beyond type entryCount(281)
09-02 18:07:20.635 23328 23328 W ResourceType: For resource 0x7f15071e, entry index(1822) is beyond type entryCount(281)
09-02 18:07:20.635 23328 23328 I chatty  : uid=10158(u0_a158) identical 2 lines
09-02 18:07:20.635 23328 23328 W ResourceType: For resource 0x7f15071e, entry index(1822) is beyond type entryCount(281)
09-02 18:07:20.635 23328 23328 W ResourceType: For resource 0x7f150580, entry index(1408) is beyond type entryCount(281)
09-02 18:07:20.635 23328 23328 W ResourceType: For resource 0x7f15071e, entry index(1822) is beyond type entryCount(281)
09-02 18:07:20.635 23328 23328 W ResourceType: For resource 0x7f15017b, entry index(379) is beyond type entryCount(281)
09-02 18:07:20.635 23328 23328 W ResourceType: For resource 0x7f150283, entry index(643) is beyond type entryCount(281)
09-02 18:07:20.635 23328 23328 W ResourceType: For resource 0x7f1505a2, entry index(1442) is beyond type entryCount(281)
09-02 18:07:20.635 23328 23328 W ResourceType: For resource 0x7f1506f4, entry index(1780) is beyond type entryCount(281)
09-02 18:07:20.635 23328 23328 W ResourceType: For resource 0x7f150588, entry index(1416) is beyond type entryCount(281)
09-02 18:07:20.635 23328 23328 W ResourceType: For resource 0x7f15059f, entry index(1439) is beyond type entryCount(281)
09-02 18:07:20.635 23328 23328 W ResourceType: For resource 0x7f150649, entry index(1609) is beyond type entryCount(281)
09-02 18:07:20.635 23328 23328 W ResourceType: For resource 0x7f150442, entry index(1090) is beyond type entryCount(281)
09-02 18:07:20.635 23328 23328 W ResourceType: For resource 0x7f150718, entry index(1816) is beyond type entryCount(281)
09-02 18:07:20.635 23328 23328 W ResourceType: For resource 0x7f15017c, entry index(380) is beyond type entryCount(281)
09-02 18:07:20.635 23328 23328 W ResourceType: For resource 0x7f15059d, entry index(1437) is beyond type entryCount(281)
09-02 18:07:20.635 23328 23328 W ResourceType: For resource 0x7f15020a, entry index(522) is beyond type entryCount(281)
09-02 18:07:20.635 23328 23328 W ResourceType: For resource 0x7f150586, entry index(1414) is beyond type entryCount(281)
09-02 18:07:20.635 23328 23328 W ResourceType: For resource 0x7f15071c, entry index(1820) is beyond type entryCount(281)
09-02 18:07:20.635 23328 23328 W ResourceType: For resource 0x7f1502af, entry index(687) is beyond type entryCount(281)
09-02 18:07:20.635 23328 23328 W ResourceType: For resource 0x7f150274, entry index(628) is beyond type entryCount(281)
09-02 18:07:20.635 23328 23328 W ResourceType: For resource 0x7f150244, entry index(580) is beyond type entryCount(281)
09-02 18:07:20.635 23328 23328 W ResourceType: For resource 0x7f150274, entry index(628) is beyond type entryCount(281)
09-02 18:07:20.635 23328 23328 W ResourceType: For resource 0x7f150372, entry index(882) is beyond type entryCount(281)
09-02 18:07:20.635 23328 23328 W ResourceType: For resource 0x7f15035b, entry index(859) is beyond type entryCount(281)
09-02 18:07:20.635 23328 23328 W ResourceType: For resource 0x7f15035c, entry index(860) is beyond type entryCount(281)
09-02 18:07:20.635 23328 23328 W ResourceType: For resource 0x7f1502ad, entry index(685) is beyond type entryCount(281)
09-02 18:07:20.635 23328 23328 W ResourceType: For resource 0x7f150565, entry index(1381) is beyond type entryCount(281)
09-02 18:07:20.635 23328 23328 W ResourceType: For resource 0x7f150567, entry index(1383) is beyond type entryCount(281)
09-02 18:07:20.636 23328 23328 W ResourceType: For resource 0x7f150264, entry index(612) is beyond type entryCount(281)
09-02 18:07:20.636 23328 23328 I chatty  : uid=10158(u0_a158) identical 1 line
09-02 18:07:20.636 23328 23328 W ResourceType: For resource 0x7f150264, entry index(612) is beyond type entryCount(281)
09-02 18:07:20.636 23328 23328 W ResourceType: For resource 0x7f150314, entry index(788) is beyond type entryCount(281)
09-02 18:07:20.637 23328 23328 W ResourceType: For resource 0x7f150264, entry index(612) is beyond type entryCount(281)
09-02 18:07:20.637 23328 23328 I chatty  : uid=10158(u0_a158) identical 1 line
09-02 18:07:20.637 23328 23328 W ResourceType: For resource 0x7f150264, entry index(612) is beyond type entryCount(281)
09-02 18:07:20.637 23328 23328 W ResourceType: For resource 0x7f150314, entry index(788) is beyond type entryCount(281)
09-02 18:07:20.641 23328 23328 W ResourceType: For resource 0x7f150264, entry index(612) is beyond type entryCount(281)
09-02 18:07:20.641 23328 23328 I chatty  : uid=10158(u0_a158) identical 1 line
09-02 18:07:20.641 23328 23328 W ResourceType: For resource 0x7f150264, entry index(612) is beyond type entryCount(281)
09-02 18:07:20.641 23328 23328 W ResourceType: For resource 0x7f150314, entry index(788) is beyond type entryCount(281)
09-02 18:07:20.641 23328 23328 W ResourceType: For resource 0x7f150264, entry index(612) is beyond type entryCount(281)
09-02 18:07:20.641 23328 23328 I chatty  : uid=10158(u0_a158) identical 1 line
09-02 18:07:20.641 23328 23328 W ResourceType: For resource 0x7f150264, entry index(612) is beyond type entryCount(281)
09-02 18:07:20.641 23328 23328 W ResourceType: For resource 0x7f150314, entry index(788) is beyond type entryCount(281)
09-02 18:07:20.642 23328 23328 W ResourceType: For resource 0x7f1506f1, entry index(1777) is beyond type entryCount(281)
09-02 18:07:20.642 23328 23328 I chatty  : uid=10158(u0_a158) identical 2 lines
09-02 18:07:20.642 23328 23328 W ResourceType: For resource 0x7f1506f1, entry index(1777) is beyond type entryCount(281)
09-02 18:07:20.642 23328 23328 W ResourceType: For resource 0x7f150264, entry index(612) is beyond type entryCount(281)
09-02 18:07:20.642 23328 23328 W ResourceType: For resource 0x7f1506f1, entry index(1777) is beyond type entryCount(281)
09-02 18:07:20.643 23328 23328 I chatty  : uid=10158(u0_a158) identical 11 lines
09-02 18:07:20.643 23328 23328 W ResourceType: For resource 0x7f1506f1, entry index(1777) is beyond type entryCount(281)
09-02 18:07:20.655 23328 23328 W ResourceType: For resource 0x7f1504f8, entry index(1272) is beyond type entryCount(281)
09-02 18:07:20.656 23328 23328 W ResourceType: For resource 0x7f150264, entry index(612) is beyond type entryCount(281)
09-02 18:07:20.657 23328 23328 W ResourceType: For resource 0x7f150264, entry index(612) is beyond type entryCount(281)
09-02 18:07:20.657 23328 23328 W ResourceType: For resource 0x7f15050e, entry index(1294) is beyond type entryCount(281)
09-02 18:07:20.657 23328 23328 W ResourceType: For resource 0x7f15061f, entry index(1567) is beyond type entryCount(281)
09-02 18:07:20.657 23328 23328 W ResourceType: For resource 0x7f15061f, entry index(1567) is beyond type entryCount(281)
09-02 18:07:20.658 23328 23328 W ResourceType: For resource 0x7f15058c, entry index(1420) is beyond type entryCount(281)
09-02 18:07:20.658 23328 23328 W ResourceType: For resource 0x7f150590, entry index(1424) is beyond type entryCount(281)
09-02 18:07:20.658 23328 23328 W ResourceType: For resource 0x7f15058e, entry index(1422) is beyond type entryCount(281)
09-02 18:07:20.658 23328 23328 W ResourceType: For resource 0x7f1504c3, entry index(1219) is beyond type entryCount(281)
09-02 18:07:20.658 23328 23328 W ResourceType: For resource 0x7f15059e, entry index(1438) is beyond type entryCount(281)
09-02 18:07:20.658 23328 23328 W ResourceType: For resource 0x7f150282, entry index(642) is beyond type entryCount(281)
09-02 18:07:20.658 23328 23328 W ResourceType: For resource 0x7f1504c3, entry index(1219) is beyond type entryCount(281)
09-02 18:07:20.658 23328 23328 W ResourceType: For resource 0x7f150719, entry index(1817) is beyond type entryCount(281)
09-02 18:07:20.658 23328 23328 W ResourceType: For resource 0x7f150578, entry index(1400) is beyond type entryCount(281)
09-02 18:07:20.658 23328 23328 W ResourceType: For resource 0x7f150284, entry index(644) is beyond type entryCount(281)
09-02 18:07:20.658 23328 23328 W ResourceType: For resource 0x7f150579, entry index(1401) is beyond type entryCount(281)
09-02 18:07:20.658 23328 23328 W ResourceType: For resource 0x7f1505e7, entry index(1511) is beyond type entryCount(281)
09-02 18:07:20.658 23328 23328 W ResourceType: For resource 0x7f15071e, entry index(1822) is beyond type entryCount(281)
09-02 18:07:20.658 23328 23328 I chatty  : uid=10158(u0_a158) identical 2 lines
09-02 18:07:20.658 23328 23328 W ResourceType: For resource 0x7f15071e, entry index(1822) is beyond type entryCount(281)
09-02 18:07:20.658 23328 23328 W ResourceType: For resource 0x7f150580, entry index(1408) is beyond type entryCount(281)
09-02 18:07:20.658 23328 23328 W ResourceType: For resource 0x7f15071e, entry index(1822) is beyond type entryCount(281)
09-02 18:07:20.658 23328 23328 W ResourceType: For resource 0x7f15017b, entry index(379) is beyond type entryCount(281)
09-02 18:07:20.658 23328 23328 W ResourceType: For resource 0x7f150283, entry index(643) is beyond type entryCount(281)
09-02 18:07:20.658 23328 23328 W ResourceType: For resource 0x7f1505a2, entry index(1442) is beyond type entryCount(281)
09-02 18:07:20.658 23328 23328 W ResourceType: For resource 0x7f1506f4, entry index(1780) is beyond type entryCount(281)
09-02 18:07:20.658 23328 23328 W ResourceType: For resource 0x7f150588, entry index(1416) is beyond type entryCount(281)
09-02 18:07:20.658 23328 23328 W ResourceType: For resource 0x7f15059f, entry index(1439) is beyond type entryCount(281)
09-02 18:07:20.658 23328 23328 W ResourceType: For resource 0x7f150649, entry index(1609) is beyond type entryCount(281)
09-02 18:07:20.658 23328 23328 W ResourceType: For resource 0x7f150442, entry index(1090) is beyond type entryCount(281)
09-02 18:07:20.658 23328 23328 W ResourceType: For resource 0x7f150718, entry index(1816) is beyond type entryCount(281)
09-02 18:07:20.658 23328 23328 W ResourceType: For resource 0x7f15017c, entry index(380) is beyond type entryCount(281)
09-02 18:07:20.659 23328 23328 W ResourceType: For resource 0x7f15059d, entry index(1437) is beyond type entryCount(281)
09-02 18:07:20.659 23328 23328 W ResourceType: For resource 0x7f15020a, entry index(522) is beyond type entryCount(281)
09-02 18:07:20.659 23328 23328 W ResourceType: For resource 0x7f150586, entry index(1414) is beyond type entryCount(281)
09-02 18:07:20.659 23328 23328 W ResourceType: For resource 0x7f15071c, entry index(1820) is beyond type entryCount(281)
09-02 18:07:20.659 23328 23328 W ResourceType: For resource 0x7f1502af, entry index(687) is beyond type entryCount(281)
09-02 18:07:20.659 23328 23328 W ResourceType: For resource 0x7f150274, entry index(628) is beyond type entryCount(281)
09-02 18:07:20.659 23328 23328 W ResourceType: For resource 0x7f150244, entry index(580) is beyond type entryCount(281)
09-02 18:07:20.659 23328 23328 W ResourceType: For resource 0x7f150274, entry index(628) is beyond type entryCount(281)
09-02 18:07:20.659 23328 23328 W ResourceType: For resource 0x7f150372, entry index(882) is beyond type entryCount(281)
09-02 18:07:20.659 23328 23328 W ResourceType: For resource 0x7f15035b, entry index(859) is beyond type entryCount(281)
09-02 18:07:20.659 23328 23328 W ResourceType: For resource 0x7f15035c, entry index(860) is beyond type entryCount(281)
09-02 18:07:20.659 23328 23328 W ResourceType: For resource 0x7f1502ad, entry index(685) is beyond type entryCount(281)
09-02 18:07:20.659 23328 23328 W ResourceType: For resource 0x7f150565, entry index(1381) is beyond type entryCount(281)
09-02 18:07:20.659 23328 23328 W ResourceType: For resource 0x7f150567, entry index(1383) is beyond type entryCount(281)
09-02 18:07:20.659 23328 23328 W ResourceType: For resource 0x7f150264, entry index(612) is beyond type entryCount(281)
09-02 18:07:20.660 23328 23328 I chatty  : uid=10158(u0_a158) identical 1 line
09-02 18:07:20.660 23328 23328 W ResourceType: For resource 0x7f150264, entry index(612) is beyond type entryCount(281)
09-02 18:07:20.660 23328 23328 W ResourceType: For resource 0x7f150314, entry index(788) is beyond type entryCount(281)
09-02 18:07:20.662 23328 23334 I zygote  : Do partial code cache collection, code=246KB, data=203KB
09-02 18:07:20.663 23328 23328 W ResourceType: For resource 0x7f150264, entry index(612) is beyond type entryCount(281)
09-02 18:07:20.664 23328 23328 I chatty  : uid=10158(u0_a158) identical 1 line
09-02 18:07:20.664 23328 23328 W ResourceType: For resource 0x7f150264, entry index(612) is beyond type entryCount(281)
09-02 18:07:20.664 23328 23328 W ResourceType: For resource 0x7f150314, entry index(788) is beyond type entryCount(281)
09-02 18:07:20.665 23510 23658 W VideoCapabilities: Unrecognized profile/level 1/32 for video/mp4v-es
09-02 18:07:20.665 23510 23658 W VideoCapabilities: Unrecognized profile/level 32768/2 for video/mp4v-es
09-02 18:07:20.665 23510 23658 W VideoCapabilities: Unrecognized profile/level 32768/64 for video/mp4v-es
09-02 18:07:20.669 23510 23658 W VideoCapabilities: Unsupported mime video/wvc1
09-02 18:07:20.670 23510 23658 W VideoCapabilities: Unsupported mime video/x-ms-wmv
09-02 18:07:20.672 23328 23334 I zygote  : After code cache collection, code=236KB, data=199KB
09-02 18:07:20.672 23328 23334 I zygote  : Increasing code cache capacity to 1024KB
09-02 18:07:20.672  3614  3927 D DnsProxyListener: DNSDBG::dns addrinfo af 2
09-02 18:07:20.675 23510 23658 W VideoCapabilities: Unsupported mime video/x-ms-wmv7
09-02 18:07:20.678 23510 23658 W VideoCapabilities: Unsupported mime video/x-ms-wmv8
09-02 18:07:20.679 23328 23328 W ResourceType: For resource 0x7f150264, entry index(612) is beyond type entryCount(281)
09-02 18:07:20.679 23328 23328 I chatty  : uid=10158(u0_a158) identical 1 line
09-02 18:07:20.679 23328 23328 W ResourceType: For resource 0x7f150264, entry index(612) is beyond type entryCount(281)
09-02 18:07:20.679 23328 23328 W ResourceType: For resource 0x7f150314, entry index(788) is beyond type entryCount(281)
09-02 18:07:20.680 23328 23328 W ResourceType: For resource 0x7f150264, entry index(612) is beyond type entryCount(281)
09-02 18:07:20.680 23328 23328 I chatty  : uid=10158(u0_a158) identical 1 line
09-02 18:07:20.680 23328 23328 W ResourceType: For resource 0x7f150264, entry index(612) is beyond type entryCount(281)
09-02 18:07:20.680 23328 23328 W ResourceType: For resource 0x7f150314, entry index(788) is beyond type entryCount(281)
09-02 18:07:20.681 23328 23328 W ResourceType: For resource 0x7f1506f1, entry index(1777) is beyond type entryCount(281)
09-02 18:07:20.681 23328 23328 I chatty  : uid=10158(u0_a158) identical 2 lines
09-02 18:07:20.681 23328 23328 W ResourceType: For resource 0x7f1506f1, entry index(1777) is beyond type entryCount(281)
09-02 18:07:20.681 23328 23328 W ResourceType: For resource 0x7f150264, entry index(612) is beyond type entryCount(281)
09-02 18:07:20.682 23328 23328 W ResourceType: For resource 0x7f1506f1, entry index(1777) is beyond type entryCount(281)
09-02 18:07:20.682 23328 23328 I chatty  : uid=10158(u0_a158) identical 6 lines
09-02 18:07:20.683 23328 23328 W ResourceType: For resource 0x7f1506f1, entry index(1777) is beyond type entryCount(281)
09-02 18:07:20.683 23510 23658 W VideoCapabilities: Unsupported mime video/mp43
09-02 18:07:20.683 23328 23328 W ResourceType: For resource 0x7f1506f1, entry index(1777) is beyond type entryCount(281)
09-02 18:07:20.683 23328 23328 I chatty  : uid=10158(u0_a158) identical 3 lines
09-02 18:07:20.683 23328 23328 W ResourceType: For resource 0x7f1506f1, entry index(1777) is beyond type entryCount(281)
09-02 18:07:20.697 23328 23328 W ResourceType: For resource 0x7f1504f8, entry index(1272) is beyond type entryCount(281)
09-02 18:07:20.698 23328 23328 W ResourceType: For resource 0x7f150264, entry index(612) is beyond type entryCount(281)
09-02 18:07:20.699 23328 23328 W ResourceType: For resource 0x7f150264, entry index(612) is beyond type entryCount(281)
09-02 18:07:20.699 23328 23328 W ResourceType: For resource 0x7f15050e, entry index(1294) is beyond type entryCount(281)
09-02 18:07:20.699 23328 23328 W ResourceType: For resource 0x7f15061f, entry index(1567) is beyond type entryCount(281)
09-02 18:07:20.700 23328 23328 W ResourceType: For resource 0x7f15061f, entry index(1567) is beyond type entryCount(281)
09-02 18:07:20.700 23328 23328 W ResourceType: For resource 0x7f15058c, entry index(1420) is beyond type entryCount(281)
09-02 18:07:20.700 23328 23328 W ResourceType: For resource 0x7f150590, entry index(1424) is beyond type entryCount(281)
09-02 18:07:20.700 23328 23328 W ResourceType: For resource 0x7f15058e, entry index(1422) is beyond type entryCount(281)
09-02 18:07:20.700 23328 23328 W ResourceType: For resource 0x7f1504c3, entry index(1219) is beyond type entryCount(281)
09-02 18:07:20.700 23328 23328 W ResourceType: For resource 0x7f15059e, entry index(1438) is beyond type entryCount(281)
09-02 18:07:20.700 23328 23328 W ResourceType: For resource 0x7f150282, entry index(642) is beyond type entryCount(281)
09-02 18:07:20.700 23328 23328 W ResourceType: For resource 0x7f1504c3, entry index(1219) is beyond type entryCount(281)
09-02 18:07:20.700 23328 23328 W ResourceType: For resource 0x7f150719, entry index(1817) is beyond type entryCount(281)
09-02 18:07:20.700 23328 23328 W ResourceType: For resource 0x7f150578, entry index(1400) is beyond type entryCount(281)
09-02 18:07:20.700 23328 23328 W ResourceType: For resource 0x7f150284, entry index(644) is beyond type entryCount(281)
09-02 18:07:20.700 23328 23328 W ResourceType: For resource 0x7f150579, entry index(1401) is beyond type entryCount(281)
09-02 18:07:20.700 23328 23328 W ResourceType: For resource 0x7f1505e7, entry index(1511) is beyond type entryCount(281)
09-02 18:07:20.700 23328 23328 W ResourceType: For resource 0x7f15071e, entry index(1822) is beyond type entryCount(281)
09-02 18:07:20.700 23328 23328 I chatty  : uid=10158(u0_a158) identical 2 lines
09-02 18:07:20.700 23328 23328 W ResourceType: For resource 0x7f15071e, entry index(1822) is beyond type entryCount(281)
09-02 18:07:20.700 23328 23328 W ResourceType: For resource 0x7f150580, entry index(1408) is beyond type entryCount(281)
09-02 18:07:20.700 23328 23328 W ResourceType: For resource 0x7f15071e, entry index(1822) is beyond type entryCount(281)
09-02 18:07:20.700 23328 23328 W ResourceType: For resource 0x7f15017b, entry index(379) is beyond type entryCount(281)
09-02 18:07:20.700 23328 23328 W ResourceType: For resource 0x7f150283, entry index(643) is beyond type entryCount(281)
09-02 18:07:20.700 23328 23328 W ResourceType: For resource 0x7f1505a2, entry index(1442) is beyond type entryCount(281)
09-02 18:07:20.700 23328 23328 W ResourceType: For resource 0x7f1506f4, entry index(1780) is beyond type entryCount(281)
09-02 18:07:20.700 23328 23328 W ResourceType: For resource 0x7f150588, entry index(1416) is beyond type entryCount(281)
09-02 18:07:20.700 23328 23328 W ResourceType: For resource 0x7f15059f, entry index(1439) is beyond type entryCount(281)
09-02 18:07:20.700 23328 23328 W ResourceType: For resource 0x7f150649, entry index(1609) is beyond type entryCount(281)
09-02 18:07:20.701 23328 23328 W ResourceType: For resource 0x7f150442, entry index(1090) is beyond type entryCount(281)
09-02 18:07:20.701 23328 23328 W ResourceType: For resource 0x7f150718, entry index(1816) is beyond type entryCount(281)
09-02 18:07:20.701 23328 23328 W ResourceType: For resource 0x7f15017c, entry index(380) is beyond type entryCount(281)
09-02 18:07:20.701 23328 23328 W ResourceType: For resource 0x7f15059d, entry index(1437) is beyond type entryCount(281)
09-02 18:07:20.701 23328 23328 W ResourceType: For resource 0x7f15020a, entry index(522) is beyond type entryCount(281)
09-02 18:07:20.701 23328 23328 W ResourceType: For resource 0x7f150586, entry index(1414) is beyond type entryCount(281)
09-02 18:07:20.701 23328 23328 W ResourceType: For resource 0x7f15071c, entry index(1820) is beyond type entryCount(281)
09-02 18:07:20.701 23328 23328 W ResourceType: For resource 0x7f1502af, entry index(687) is beyond type entryCount(281)
09-02 18:07:20.701 23328 23328 W ResourceType: For resource 0x7f150274, entry index(628) is beyond type entryCount(281)
09-02 18:07:20.701 23328 23328 W ResourceType: For resource 0x7f150244, entry index(580) is beyond type entryCount(281)
09-02 18:07:20.701 23328 23328 W ResourceType: For resource 0x7f150274, entry index(628) is beyond type entryCount(281)
09-02 18:07:20.701 23328 23328 W ResourceType: For resource 0x7f150372, entry index(882) is beyond type entryCount(281)
09-02 18:07:20.701 23328 23328 W ResourceType: For resource 0x7f15035b, entry index(859) is beyond type entryCount(281)
09-02 18:07:20.701 23328 23328 W ResourceType: For resource 0x7f15035c, entry index(860) is beyond type entryCount(281)
09-02 18:07:20.701 23328 23328 W ResourceType: For resource 0x7f1502ad, entry index(685) is beyond type entryCount(281)
09-02 18:07:20.701 23328 23328 W ResourceType: For resource 0x7f150565, entry index(1381) is beyond type entryCount(281)
09-02 18:07:20.701 23328 23328 W ResourceType: For resource 0x7f150567, entry index(1383) is beyond type entryCount(281)
09-02 18:07:20.701 23328 23328 W ResourceType: For resource 0x7f150264, entry index(612) is beyond type entryCount(281)
09-02 18:07:20.702 23328 23328 I chatty  : uid=10158(u0_a158) identical 1 line
09-02 18:07:20.702 23328 23328 W ResourceType: For resource 0x7f150264, entry index(612) is beyond type entryCount(281)
09-02 18:07:20.703 23328 23328 W ResourceType: For resource 0x7f150314, entry index(788) is beyond type entryCount(281)
09-02 18:07:20.707 23510 23658 W VideoCapabilities: Unrecognized profile 2130706433 for video/avc
09-02 18:07:20.707 23510 23658 W VideoCapabilities: Unrecognized profile 2130706434 for video/avc
09-02 18:07:20.708 23510 23658 W VideoCapabilities: Unrecognized profile 2130706433 for video/avc
09-02 18:07:20.709 23510 23658 W VideoCapabilities: Unrecognized profile 2130706434 for video/avc
09-02 18:07:20.710 23328 23328 W ResourceType: For resource 0x7f150264, entry index(612) is beyond type entryCount(281)
09-02 18:07:20.710 23328 23328 I chatty  : uid=10158(u0_a158) identical 1 line
09-02 18:07:20.710 23328 23328 W ResourceType: For resource 0x7f150264, entry index(612) is beyond type entryCount(281)
09-02 18:07:20.710 23328 23328 W ResourceType: For resource 0x7f150314, entry index(788) is beyond type entryCount(281)
09-02 18:07:20.716 23328 23328 W ResourceType: For resource 0x7f150264, entry index(612) is beyond type entryCount(281)
09-02 18:07:20.716 23328 23328 I chatty  : uid=10158(u0_a158) identical 1 line
09-02 18:07:20.716 23328 23328 W ResourceType: For resource 0x7f150264, entry index(612) is beyond type entryCount(281)
09-02 18:07:20.716 23328 23328 W ResourceType: For resource 0x7f150314, entry index(788) is beyond type entryCount(281)
09-02 18:07:20.716 23328 23328 W ResourceType: For resource 0x7f150264, entry index(612) is beyond type entryCount(281)
09-02 18:07:20.717 23328 23328 I chatty  : uid=10158(u0_a158) identical 1 line
09-02 18:07:20.717 23328 23328 W ResourceType: For resource 0x7f150264, entry index(612) is beyond type entryCount(281)
09-02 18:07:20.717 23328 23328 W ResourceType: For resource 0x7f150314, entry index(788) is beyond type entryCount(281)
09-02 18:07:20.717 23328 23328 W ResourceType: For resource 0x7f1506f1, entry index(1777) is beyond type entryCount(281)
09-02 18:07:20.718 23328 23328 I chatty  : uid=10158(u0_a158) identical 2 lines
09-02 18:07:20.718 23328 23328 W ResourceType: For resource 0x7f1506f1, entry index(1777) is beyond type entryCount(281)
09-02 18:07:20.718 23328 23328 W ResourceType: For resource 0x7f150264, entry index(612) is beyond type entryCount(281)
09-02 18:07:20.718 23328 23328 W ResourceType: For resource 0x7f1506f1, entry index(1777) is beyond type entryCount(281)
09-02 18:07:20.719 23328 23328 I chatty  : uid=10158(u0_a158) identical 11 lines
09-02 18:07:20.719 23328 23328 W ResourceType: For resource 0x7f1506f1, entry index(1777) is beyond type entryCount(281)
09-02 18:07:20.735 23328 23328 W ResourceType: For resource 0x7f1504f8, entry index(1272) is beyond type entryCount(281)
09-02 18:07:20.736 23328 23328 W ResourceType: For resource 0x7f150264, entry index(612) is beyond type entryCount(281)
09-02 18:07:20.736 23328 23328 W ResourceType: For resource 0x7f150264, entry index(612) is beyond type entryCount(281)
09-02 18:07:20.737 23328 23328 W ResourceType: For resource 0x7f15050e, entry index(1294) is beyond type entryCount(281)
09-02 18:07:20.737 23328 23328 W ResourceType: For resource 0x7f15061f, entry index(1567) is beyond type entryCount(281)
09-02 18:07:20.737 23328 23328 W ResourceType: For resource 0x7f15061f, entry index(1567) is beyond type entryCount(281)
09-02 18:07:20.737 23328 23328 W ResourceType: For resource 0x7f15058c, entry index(1420) is beyond type entryCount(281)
09-02 18:07:20.737 23328 23328 W ResourceType: For resource 0x7f150590, entry index(1424) is beyond type entryCount(281)
09-02 18:07:20.737 23328 23328 W ResourceType: For resource 0x7f15058e, entry index(1422) is beyond type entryCount(281)
09-02 18:07:20.737 23328 23328 W ResourceType: For resource 0x7f1504c3, entry index(1219) is beyond type entryCount(281)
09-02 18:07:20.737 23328 23328 W ResourceType: For resource 0x7f15059e, entry index(1438) is beyond type entryCount(281)
09-02 18:07:20.737 23328 23328 W ResourceType: For resource 0x7f150282, entry index(642) is beyond type entryCount(281)
09-02 18:07:20.737 23328 23328 W ResourceType: For resource 0x7f1504c3, entry index(1219) is beyond type entryCount(281)
09-02 18:07:20.737 23328 23328 W ResourceType: For resource 0x7f150719, entry index(1817) is beyond type entryCount(281)
09-02 18:07:20.737 23328 23328 W ResourceType: For resource 0x7f150578, entry index(1400) is beyond type entryCount(281)
09-02 18:07:20.737 23328 23328 W ResourceType: For resource 0x7f150284, entry index(644) is beyond type entryCount(281)
09-02 18:07:20.737 23328 23328 W ResourceType: For resource 0x7f150579, entry index(1401) is beyond type entryCount(281)
09-02 18:07:20.737 23328 23328 W ResourceType: For resource 0x7f1505e7, entry index(1511) is beyond type entryCount(281)
09-02 18:07:20.737 23328 23328 W ResourceType: For resource 0x7f15071e, entry index(1822) is beyond type entryCount(281)
09-02 18:07:20.737 23328 23328 I chatty  : uid=10158(u0_a158) identical 2 lines
09-02 18:07:20.737 23328 23328 W ResourceType: For resource 0x7f15071e, entry index(1822) is beyond type entryCount(281)
09-02 18:07:20.737 23328 23328 W ResourceType: For resource 0x7f150580, entry index(1408) is beyond type entryCount(281)
09-02 18:07:20.737 23328 23328 W ResourceType: For resource 0x7f15071e, entry index(1822) is beyond type entryCount(281)
09-02 18:07:20.737 23328 23328 W ResourceType: For resource 0x7f15017b, entry index(379) is beyond type entryCount(281)
09-02 18:07:20.737 23328 23328 W ResourceType: For resource 0x7f150283, entry index(643) is beyond type entryCount(281)
09-02 18:07:20.737 23328 23328 W ResourceType: For resource 0x7f1505a2, entry index(1442) is beyond type entryCount(281)
09-02 18:07:20.737 23328 23328 W ResourceType: For resource 0x7f1506f4, entry index(1780) is beyond type entryCount(281)
09-02 18:07:20.737 23328 23328 W ResourceType: For resource 0x7f150588, entry index(1416) is beyond type entryCount(281)
09-02 18:07:20.737 23328 23328 W ResourceType: For resource 0x7f15059f, entry index(1439) is beyond type entryCount(281)
09-02 18:07:20.737 23328 23328 W ResourceType: For resource 0x7f150649, entry index(1609) is beyond type entryCount(281)
09-02 18:07:20.737 23328 23328 W ResourceType: For resource 0x7f150442, entry index(1090) is beyond type entryCount(281)
09-02 18:07:20.737 23328 23328 W ResourceType: For resource 0x7f150718, entry index(1816) is beyond type entryCount(281)
09-02 18:07:20.737 23328 23328 W ResourceType: For resource 0x7f15017c, entry index(380) is beyond type entryCount(281)
09-02 18:07:20.737 23328 23328 W ResourceType: For resource 0x7f15059d, entry index(1437) is beyond type entryCount(281)
09-02 18:07:20.737 23328 23328 W ResourceType: For resource 0x7f15020a, entry index(522) is beyond type entryCount(281)
09-02 18:07:20.737 23328 23328 W ResourceType: For resource 0x7f150586, entry index(1414) is beyond type entryCount(281)
09-02 18:07:20.737 23328 23328 W ResourceType: For resource 0x7f15071c, entry index(1820) is beyond type entryCount(281)
09-02 18:07:20.737 23328 23328 W ResourceType: For resource 0x7f1502af, entry index(687) is beyond type entryCount(281)
09-02 18:07:20.737 23328 23328 W ResourceType: For resource 0x7f150274, entry index(628) is beyond type entryCount(281)
09-02 18:07:20.737 23328 23328 W ResourceType: For resource 0x7f150244, entry index(580) is beyond type entryCount(281)
09-02 18:07:20.737 23328 23328 W ResourceType: For resource 0x7f150274, entry index(628) is beyond type entryCount(281)
09-02 18:07:20.737 23328 23328 W ResourceType: For resource 0x7f150372, entry index(882) is beyond type entryCount(281)
09-02 18:07:20.737 23328 23328 W ResourceType: For resource 0x7f15035b, entry index(859) is beyond type entryCount(281)
09-02 18:07:20.737 23328 23328 W ResourceType: For resource 0x7f15035c, entry index(860) is beyond type entryCount(281)
09-02 18:07:20.737 23328 23328 W ResourceType: For resource 0x7f1502ad, entry index(685) is beyond type entryCount(281)
09-02 18:07:20.737 23328 23328 W ResourceType: For resource 0x7f150565, entry index(1381) is beyond type entryCount(281)
09-02 18:07:20.737 23328 23328 W ResourceType: For resource 0x7f150567, entry index(1383) is beyond type entryCount(281)
09-02 18:07:20.737 23328 23328 W ResourceType: For resource 0x7f150264, entry index(612) is beyond type entryCount(281)
09-02 18:07:20.738 23328 23328 I chatty  : uid=10158(u0_a158) identical 1 line
09-02 18:07:20.738 23328 23328 W ResourceType: For resource 0x7f150264, entry index(612) is beyond type entryCount(281)
09-02 18:07:20.738 23328 23328 W ResourceType: For resource 0x7f150314, entry index(788) is beyond type entryCount(281)
09-02 18:07:20.742 23328 23328 W ResourceType: For resource 0x7f150264, entry index(612) is beyond type entryCount(281)
09-02 18:07:20.742 23328 23328 I chatty  : uid=10158(u0_a158) identical 1 line
09-02 18:07:20.742 23328 23328 W ResourceType: For resource 0x7f150264, entry index(612) is beyond type entryCount(281)
09-02 18:07:20.742 23328 23328 W ResourceType: For resource 0x7f150314, entry index(788) is beyond type entryCount(281)
09-02 18:07:20.744  3979  4111 D MdnieScenarioControlService:  packageName : com.opera.browser    className : com.opera.Opera
09-02 18:07:20.744  3979  4111 V MdnieScenarioControlService: setUIMode from UI function(3)
09-02 18:07:20.749 23328 23328 W ResourceType: For resource 0x7f150264, entry index(612) is beyond type entryCount(281)
09-02 18:07:20.749 23328 23328 I chatty  : uid=10158(u0_a158) identical 1 line
09-02 18:07:20.749 23328 23328 W ResourceType: For resource 0x7f150264, entry index(612) is beyond type entryCount(281)
09-02 18:07:20.749 23328 23328 W ResourceType: For resource 0x7f150314, entry index(788) is beyond type entryCount(281)
09-02 18:07:20.749 23328 23328 W ResourceType: For resource 0x7f150264, entry index(612) is beyond type entryCount(281)
09-02 18:07:20.749 23328 23328 I chatty  : uid=10158(u0_a158) identical 1 line
09-02 18:07:20.749 23328 23328 W ResourceType: For resource 0x7f150264, entry index(612) is beyond type entryCount(281)
09-02 18:07:20.750 23328 23328 W ResourceType: For resource 0x7f150314, entry index(788) is beyond type entryCount(281)
09-02 18:07:20.750 23328 23328 W ResourceType: For resource 0x7f1506f1, entry index(1777) is beyond type entryCount(281)
09-02 18:07:20.750 23328 23328 I chatty  : uid=10158(u0_a158) identical 2 lines
09-02 18:07:20.750 23328 23328 W ResourceType: For resource 0x7f1506f1, entry index(1777) is beyond type entryCount(281)
09-02 18:07:20.750 23328 23328 W ResourceType: For resource 0x7f150264, entry index(612) is beyond type entryCount(281)
09-02 18:07:20.751 23328 23328 W ResourceType: For resource 0x7f1506f1, entry index(1777) is beyond type entryCount(281)
09-02 18:07:20.751 23328 23328 I chatty  : uid=10158(u0_a158) identical 11 lines
09-02 18:07:20.751 23328 23328 W ResourceType: For resource 0x7f1506f1, entry index(1777) is beyond type entryCount(281)
09-02 18:07:20.759 23328 23328 W ResourceType: For resource 0x7f1504f8, entry index(1272) is beyond type entryCount(281)
09-02 18:07:20.760 23328 23328 W ResourceType: For resource 0x7f150264, entry index(612) is beyond type entryCount(281)
09-02 18:07:20.760 23328 23328 W ResourceType: For resource 0x7f150264, entry index(612) is beyond type entryCount(281)
09-02 18:07:20.760 23328 23328 W ResourceType: For resource 0x7f15050e, entry index(1294) is beyond type entryCount(281)
09-02 18:07:20.760 23328 23328 W ResourceType: For resource 0x7f15061f, entry index(1567) is beyond type entryCount(281)
09-02 18:07:20.760 23328 23328 W ResourceType: For resource 0x7f15061f, entry index(1567) is beyond type entryCount(281)
09-02 18:07:20.760 23328 23328 W ResourceType: For resource 0x7f15058c, entry index(1420) is beyond type entryCount(281)
09-02 18:07:20.760 23328 23328 W ResourceType: For resource 0x7f150590, entry index(1424) is beyond type entryCount(281)
09-02 18:07:20.760 23328 23328 W ResourceType: For resource 0x7f15058e, entry index(1422) is beyond type entryCount(281)
09-02 18:07:20.760 23328 23328 W ResourceType: For resource 0x7f1504c3, entry index(1219) is beyond type entryCount(281)
09-02 18:07:20.760 23328 23328 W ResourceType: For resource 0x7f15059e, entry index(1438) is beyond type entryCount(281)
09-02 18:07:20.760 23328 23328 W ResourceType: For resource 0x7f150282, entry index(642) is beyond type entryCount(281)
09-02 18:07:20.760 23328 23328 W ResourceType: For resource 0x7f1504c3, entry index(1219) is beyond type entryCount(281)
09-02 18:07:20.760 23328 23328 W ResourceType: For resource 0x7f150719, entry index(1817) is beyond type entryCount(281)
09-02 18:07:20.761 23328 23328 W ResourceType: For resource 0x7f150578, entry index(1400) is beyond type entryCount(281)
