09-01 18:05:39.839 24307 24785 I BatteryMgr:DataCollectionService: stats => 1693584339839,7324,4413
09-01 18:05:39.917  1513  1513 D NotificationService: 0|com.example.batterymanager_utility|1|null|10260: granting content://settings/system/notification_sound
09-01 18:05:39.917  1513  1513 I chatty  : uid=1000(system) Binder:1513_3 identical 3 lines
09-01 18:05:39.918  1513  1513 D NotificationService: 0|com.example.batterymanager_utility|1|null|10260: granting content://settings/system/notification_sound
09-01 18:05:39.919  1513  1513 W NotificationHistory: Attempted to add notif for locked/gone/disabled user 0
09-01 18:05:39.926  2062  2062 D InterruptionStateProvider: No bubble up: not allowed to bubble: 0|com.example.batterymanager_utility|1|null|10260
09-01 18:05:39.926  2062  2062 D InterruptionStateProvider: No heads up: unimportant notification: 0|com.example.batterymanager_utility|1|null|10260
09-01 18:05:39.943 24307 24785 I BatteryMgr:DataCollectionService: stats => 1693584339943,7324,4413
09-01 18:05:39.963   594 28441 I SDM     : HWDeviceDRM::UpdateMixerAttributes: Mixer WxH 1080x2340-1 for Peripheral
09-01 18:05:39.963   594 28441 I SDM     : DisplayBase::SetActiveConfig: Active configuration changed to: 0
09-01 18:05:39.963   594 28441 I SDM     : StrategyImpl::SetIdleTimeoutMs: Idle timeout set to zero for command mode panels
09-01 18:05:39.965   901  2806 I sensors-hal: [ssc_utils]get_qmi_debug_flag:244, support_qmi_debug : false
09-01 18:05:39.973   901  2806 I sensors-hal: [ssc_utils]get_qmi_debug_flag:244, support_qmi_debug : false
09-01 18:05:39.985  1513  1572 I DisplayManagerService: Display device changed: DisplayDeviceInfo{"Built-in Screen": uniqueId="local:19260504575090817", 1080 x 2340, modeId 2, defaultModeId 2, supportedModes [{id=1, width=1080, height=2340, fps=90.0}, {id=2, width=1080, height=2340, fps=60.000004}], colorMode 0, supportedColorModes [0, 7, 9], HdrCapabilities HdrCapabilities{mSupportedHdrTypes=[2, 3, 4], mMaxLuminance=500.0, mMaxAverageLuminance=500.0, mMinLuminance=0.0}, allmSupported false, gameContentTypeSupported false, density 440, 435.428 x 433.839 dpi, appVsyncOff 2333332, presDeadline 11500000, cutout DisplayCutout{insets=Rect(0, 136 - 0, 0) waterfall=Insets{left=0, top=0, right=0, bottom=0} boundingRect={Bounds=[Rect(0, 0 - 0, 0), Rect(0, 0 - 136, 136), Rect(0, 0 - 0, 0), Rect(0, 0 - 0, 0)]}}, touch INTERNAL, rotation 0, type INTERNAL, address {port=129, model=0x446d53ad64a0}, deviceProductInfo DeviceProductInfo{name=, manufacturerPnpId=QCM, productId=1, modelYear=null, manufactureDate=ManufactureDate{week=27, year=2006}, relativeAddress=null}, state ON, FLAG_DEFAULT_DISPLAY, FLAG_ROTATES_WITH_CONTENT, FLAG_SECURE, FLAG_SUPPORTS_PROTECTED_BUFFERS}
09-01 18:05:39.987   594 28441 I SDM     : StrategyImpl::SetIdleTimeoutMs: Idle timeout set to zero for command mode panels
09-01 18:05:40.004   901  1000 W ASH     : @ 29526.458: Unhandled msg ID 999: line 1277
09-01 18:05:40.004   901  1000 E ASH     : @ 29526.458: No pb callback assigned
09-01 18:05:40.004   901  1000 E ASH     : @ 29526.458: Nanopb error: callback failed:1588
09-01 18:05:40.047 24307 24785 I BatteryMgr:DataCollectionService: stats => 1693584340047,7324,4413
09-01 18:05:40.144   901  1000 D VSC     : @ 29526.597: [WO] tilt angle 89
09-01 18:05:40.151 24307 24785 I BatteryMgr:DataCollectionService: stats => 1693584340151,7324,4413
09-01 18:05:40.176  1513  2000 D ConnectivityService: NetReassign [no changes]
09-01 18:05:40.255 24307 24785 I BatteryMgr:DataCollectionService: stats => 1693584340255,7324,4413
09-01 18:05:40.360 24307 24785 I BatteryMgr:DataCollectionService: stats => 1693584340360,7324,4413
09-01 18:05:40.466 24307 24785 I BatteryMgr:DataCollectionService: stats => 1693584340466,7324,4413
09-01 18:05:40.571 24307 24785 I BatteryMgr:DataCollectionService: stats => 1693584340571,7324,4413
09-01 18:05:40.676 24307 24785 I BatteryMgr:DataCollectionService: stats => 1693584340676,7324,4413
09-01 18:05:40.781 24307 24785 I BatteryMgr:DataCollectionService: stats => 1693584340781,7324,4413
09-01 18:05:40.887 24307 24785 I BatteryMgr:DataCollectionService: stats => 1693584340887,7324,4413
09-01 18:05:40.992 24307 24785 I BatteryMgr:DataCollectionService: stats => 1693584340992,7324,4413
09-01 18:05:41.098 24307 24785 I BatteryMgr:DataCollectionService: stats => 1693584341098,7324,4413
09-01 18:05:41.203 24307 24785 I BatteryMgr:DataCollectionService: stats => 1693584341203,7324,4413
09-01 18:05:41.309 24307 24785 I BatteryMgr:DataCollectionService: stats => 1693584341309,7324,4413
09-01 18:05:41.416 24307 24785 I BatteryMgr:DataCollectionService: stats => 1693584341416,7324,4413
09-01 18:05:41.523 24307 24785 I BatteryMgr:DataCollectionService: stats => 1693584341523,7324,4413
09-01 18:05:41.629 24307 24785 I BatteryMgr:DataCollectionService: stats => 1693584341629,7324,4413
09-01 18:05:41.736 24307 24785 I BatteryMgr:DataCollectionService: stats => 1693584341736,7324,4413
09-01 18:05:41.737   908   950 D rlsservice: MonitorDisplayStatus client num 1, display status 1, sensor status 1
09-01 18:05:41.843 24307 24785 I BatteryMgr:DataCollectionService: stats => 1693584341842,7324,4413
09-01 18:05:41.949 24307 24785 I BatteryMgr:DataCollectionService: stats => 1693584341949,7324,4413
09-01 18:05:42.057 24307 24785 I BatteryMgr:DataCollectionService: stats => 1693584342057,7324,4413
09-01 18:05:42.074  1513  3241 I ActivityTaskManager: START u0 {act=android.intent.action.VIEW dat=http://192.168.88.177:8000/... flg=0x10000000 cmp=com.opera.browser/com.opera.Opera} from uid 2000
09-01 18:05:42.074  1513  1572 D EventSequenceValidator: Transition from ACTIVITY_FINISHED to INTENT_STARTED
09-01 18:05:42.077  1513  1572 D EventSequenceValidator: Transition from INTENT_STARTED to INTENT_FAILED
09-01 18:05:42.109   594 28441 I SDM     : HWDeviceDRM::UpdateMixerAttributes: Mixer WxH 1080x2340-1 for Peripheral
09-01 18:05:42.109   594 28441 I SDM     : DisplayBase::SetActiveConfig: Active configuration changed to: 1
09-01 18:05:42.109   594 28441 I SDM     : StrategyImpl::SetIdleTimeoutMs: Idle timeout set to zero for command mode panels
09-01 18:05:42.114  1513  1572 I DisplayManagerService: Display device changed: DisplayDeviceInfo{"Built-in Screen": uniqueId="local:19260504575090817", 1080 x 2340, modeId 1, defaultModeId 2, supportedModes [{id=1, width=1080, height=2340, fps=90.0}, {id=2, width=1080, height=2340, fps=60.000004}], colorMode 0, supportedColorModes [0, 7, 9], HdrCapabilities HdrCapabilities{mSupportedHdrTypes=[2, 3, 4], mMaxLuminance=500.0, mMaxAverageLuminance=500.0, mMinLuminance=0.0}, allmSupported false, gameContentTypeSupported false, density 440, 435.428 x 433.839 dpi, appVsyncOff 2333333, presDeadline 11500000, cutout DisplayCutout{insets=Rect(0, 136 - 0, 0) waterfall=Insets{left=0, top=0, right=0, bottom=0} boundingRect={Bounds=[Rect(0, 0 - 0, 0), Rect(0, 0 - 136, 136), Rect(0, 0 - 0, 0), Rect(0, 0 - 0, 0)]}}, touch INTERNAL, rotation 0, type INTERNAL, address {port=129, model=0x446d53ad64a0}, deviceProductInfo DeviceProductInfo{name=, manufacturerPnpId=QCM, productId=1, modelYear=null, manufactureDate=ManufactureDate{week=27, year=2006}, relativeAddress=null}, state ON, FLAG_DEFAULT_DISPLAY, FLAG_ROTATES_WITH_CONTENT, FLAG_SECURE, FLAG_SUPPORTS_PROTECTED_BUFFERS}
09-01 18:05:42.114   901  2806 I sensors-hal: [ssc_utils]get_qmi_debug_flag:244, support_qmi_debug : false
09-01 18:05:42.124   901  1000 W ASH     : @ 29528.578: Unhandled msg ID 999: line 1277
09-01 18:05:42.124   901  1000 E ASH     : @ 29528.578: No pb callback assigned
09-01 18:05:42.124   901  1000 E ASH     : @ 29528.578: Nanopb error: callback failed:1588
09-01 18:05:42.141   901  1000 D VSC     : @ 29528.595: [WO] tilt angle 89
09-01 18:05:42.158  1513  9003 D CompatibilityChangeReporter: Compat change id reported: 135634846; UID 10261; state: DISABLED
09-01 18:05:42.159  1513  1625 D CompatibilityChangeReporter: Compat change id reported: 143937733; UID 10261; state: ENABLED
09-01 18:05:42.161 24307 24785 I BatteryMgr:DataCollectionService: stats => 1693584342161,7324,4413
09-01 18:05:42.169   779   779 D Zygote  : Forked child process 24831
09-01 18:05:42.170  1513  1625 I ActivityManager: Start proc 24831:com.opera.browser:sandboxed_process1/u0a261 for service {com.opera.browser/com.opera.android.browser.chromium.services.SandboxedProcessService1}
09-01 18:05:42.175  1513  2093 W AutofillInlineSuggestionsRequestSession: Never received an InlineSuggestionsRequest from the IME for 1073741824@723305799
09-01 18:05:42.176  2512  2512 V InlineSuggestionRenderService: handleDestroySuggestionViews called for 0:723305799
09-01 18:05:42.176  1075  2202 W ServiceManager: Permission failure: android.permission.SYSTEM_CAMERA from uid=10261 pid=24364
09-01 18:05:42.177  1075  2202 I chatty  : uid=1047(cameraserver) Binder:1075_3 identical 4 lines
09-01 18:05:42.177  1075  2202 W ServiceManager: Permission failure: android.permission.SYSTEM_CAMERA from uid=10261 pid=24364
09-01 18:05:42.183 24831 24831 E dboxed_process: Not starting debugger since process cannot load the jdwp agent.
09-01 18:05:42.187 10955 14820 I Finsky  : [5315] ncc.l(14): com.opera.browser: Account determined from installer data - [y0_1NG5HTmzf0bF7VytAKz9iHAD6w7yU52Le3i0fi68]
09-01 18:05:42.187 10955 14820 I Finsky  : [5315] ncc.l(61): Billing preferred account via installer for com.opera.browser: [y0_1NG5HTmzf0bF7VytAKz9iHAD6w7yU52Le3i0fi68]
09-01 18:05:42.199  1513  3241 D CompatibilityChangeReporter: Compat change id reported: 136274596; UID 10261; state: ENABLED
09-01 18:05:42.212 24364 24364 I AssistStructure: Flattened final assist data: 6396 bytes, containing 1 windows, 52 views
09-01 18:05:42.212  1513  2570 D ContentCapturePerUserService: Notified activity assist data for activity: Token{cef110 ActivityRecord{7efb409 u0 com.opera.browser/com.opera.Opera t1312}} without a session Id
09-01 18:05:42.219  2858  2858 I GoogleInputMethodService: GoogleInputMethodService.onFinishInput():3280 
09-01 18:05:42.220  2858  2858 I GoogleInputMethodService: GoogleInputMethodService.updateDeviceLockedStatus():2169 repeatCheckTimes = 0, unlocked = true
09-01 18:05:42.220  2858  2858 I GoogleInputMethodService: GoogleInputMethodService.onStartInput():1960 onStartInput(EditorInfo{inputType=0x0(NULL) imeOptions=0x0 privateImeOptions=null actionName=UNSPECIFIED actionLabel=null actionId=0 initialSelStart=-1 initialSelEnd=-1 initialCapsMode=0x0 hintText=null label=null packageName=com.opera.browser fieldId=2131361887 fieldName=null extras=null}, false)
09-01 18:05:42.221  2858  2858 I GoogleInputMethodService: GoogleInputMethodService.shouldHideHeaderOnInitialState():4081 ShouldHideHeaderOnInitialState = false
09-01 18:05:42.222  2858  2858 I GoogleInputMethodService: GoogleInputMethodService.updateDeviceLockedStatus():2169 repeatCheckTimes = 2, unlocked = true
09-01 18:05:42.246 24831 24831 W dboxed_process: JIT profile information will not be recorded: profile file does not exist.
09-01 18:05:42.246 24831 24831 W dboxed_process: JIT profile information will not be recorded: profile file does not exist.
09-01 18:05:42.256 24831 24831 D NetworkSecurityConfig: Using Network Security Config from resource network_security_config_official_build debugBuild: false
09-01 18:05:42.257 24831 24831 D NetworkSecurityConfig: Using Network Security Config from resource network_security_config_official_build debugBuild: false
09-01 18:05:42.264 24307 24785 I BatteryMgr:DataCollectionService: stats => 1693584342264,7324,4413
09-01 18:05:42.367 24307 24785 I BatteryMgr:DataCollectionService: stats => 1693584342367,7324,4413
09-01 18:05:42.473 24307 24785 I BatteryMgr:DataCollectionService: stats => 1693584342473,7324,4413
09-01 18:05:42.579 24307 24785 I BatteryMgr:DataCollectionService: stats => 1693584342579,7324,4413
09-01 18:05:42.685 24307 24785 I BatteryMgr:DataCollectionService: stats => 1693584342685,7324,4413
09-01 18:05:42.791 24307 24785 I BatteryMgr:DataCollectionService: stats => 1693584342791,7324,4413
09-01 18:05:42.898 24307 24785 I BatteryMgr:DataCollectionService: stats => 1693584342898,7324,4413
09-01 18:05:43.004 24307 24785 I BatteryMgr:DataCollectionService: stats => 1693584343004,7324,4413
09-01 18:05:43.110 24307 24785 I BatteryMgr:DataCollectionService: stats => 1693584343110,7324,4413
09-01 18:05:43.194  1513  2000 D ConnectivityService: NetReassign [no changes]
09-01 18:05:43.216 24307 24785 I BatteryMgr:DataCollectionService: stats => 1693584343215,7324,4413
09-01 18:05:43.322 24307 24785 I BatteryMgr:DataCollectionService: stats => 1693584343322,7324,4413
09-01 18:05:43.398  2230  2580 D DhcpClient: Unicasting DHCPREQUEST ciaddr=192.168.88.174 request=0.0.0.0 serverid=null to /192.168.88.1:67
09-01 18:05:43.404  2230  2580 D DhcpClient: Received packet: aa:00:c5:b6:4e:fd ACK: your new IP /192.168.88.174, netmask /255.255.255.0, gateways [/192.168.88.1] DNS servers: /192.168.88.1 /8.8.8.8 /8.8.4.4 , lease time 600
09-01 18:05:43.405  2230  2580 D DhcpClient: Renewed lease: android.net.networkstack.DhcpResults@f37b175 DHCP server /192.168.88.1 Vendor info null lease 600 seconds Servername 
09-01 18:05:43.416  2230  2580 D DhcpClient: Scheduling renewal in 299s
09-01 18:05:43.416  2230  2580 D DhcpClient: Scheduling rebind in 524s
09-01 18:05:43.416  2230  2580 D DhcpClient: Scheduling expiry in 599s
09-01 18:05:43.423  2446  4456 D QCNEJ/WlanStaInfoRelay: Received action: android.net.wifi.LINK_CONFIGURATION_CHANGED
09-01 18:05:43.424  2446  4456 E QCNEJ/WlanStaInfoRelay: update link properties given null lp
09-01 18:05:43.424  2446  4456 I QCNEJ/NativeHalConnector: -> SND notifyWlanStaStatusChanged([WlanStaInfo]: wifiSwitchState = 1 rssi = -55 ssid = WiFi 69 bssid = 76:4d:28:12:bf:83 dnsInfo = 192.168.88.1;8.8.8.8;0.0.0.0;0.0.0.0; freqBand = _2GHz countryCode = nl[RatInfo]: networkType = 1 subType = 101 networkState = CONNECTED netHdl = 432902426637 ipAddrV4 = 192.168.88.174 ipAddrV6 =  ifNameV4 = wlan0 ifNameV6 =  slotIdx = 0 isAndroidValidated = true) timeStamp = 2023-09-01 18:05:03.88
09-01 18:05:43.427 24307 24785 I BatteryMgr:DataCollectionService: stats => 1693584343427,7324,4413
09-01 18:05:43.433  4371  4416 D PowerManagerPoller: Downlink cellular capacity updated to 44687 Kbps
09-01 18:05:43.440  5447  5595 I CarrierServices: [451] enh.d: (PEv2-SM-52012781): DisabledState: event Connectivity event [null]
09-01 18:05:43.447  2474  2670 E PhoneInterfaceManager: [PhoneIntfMgr] getCarrierPrivilegeStatus: Invalid subId
09-01 18:05:43.448  5447  5526 I CarrierServices: [446] eed.c: Connected state: [1], networkType: [WIFI]
09-01 18:05:43.448  5447  5596 I CarrierServices: [452] eua.f: RCS Configuration storage in Bugle is disabled by p/h flag, using ProvisioningEngineStateCacheUtil.getProvisioningConfigurationForGivenSimIfExist()
09-01 18:05:43.533 24307 24785 I BatteryMgr:DataCollectionService: stats => 1693584343532,7324,4413
09-01 18:05:43.639 24307 24785 I BatteryMgr:DataCollectionService: stats => 1693584343639,7324,4413
09-01 18:05:43.745 24307 24785 I BatteryMgr:DataCollectionService: stats => 1693584343745,7324,4413
09-01 18:05:43.851 24307 24785 I BatteryMgr:DataCollectionService: stats => 1693584343850,7324,4413
09-01 18:05:43.957 24307 24785 I BatteryMgr:DataCollectionService: stats => 1693584343957,7324,4413
09-01 18:05:44.063 24307 24785 I BatteryMgr:DataCollectionService: stats => 1693584344063,7324,4413
09-01 18:05:44.139   901  1000 D VSC     : @ 29530.592: [WO] tilt angle 89
09-01 18:05:44.169 24307 24785 I BatteryMgr:DataCollectionService: stats => 1693584344169,7324,4413
09-01 18:05:44.274 24307 24785 I BatteryMgr:DataCollectionService: stats => 1693584344274,7324,4413
09-01 18:05:44.379 24307 24785 I BatteryMgr:DataCollectionService: stats => 1693584344379,7324,4413
09-01 18:05:44.485 24307 24785 I BatteryMgr:DataCollectionService: stats => 1693584344485,7324,4413
09-01 18:05:44.591 24307 24785 I BatteryMgr:DataCollectionService: stats => 1693584344591,7324,4413
09-01 18:05:44.662   901  2806 I sensors-hal: [ssc_utils]get_qmi_debug_flag:244, support_qmi_debug : false
09-01 18:05:44.684   901  1000 W ASH     : @ 29531.138: Unhandled msg ID 999: line 1277
09-01 18:05:44.684   901  1000 E ASH     : @ 29531.138: No pb callback assigned
09-01 18:05:44.684   901  1000 E ASH     : @ 29531.138: Nanopb error: callback failed:1588
09-01 18:05:44.696 24307 24785 I BatteryMgr:DataCollectionService: stats => 1693584344696,7324,4413
09-01 18:05:44.733   901  1000 I ASH     : @ 29531.186: tcs3701: ADC is saturated, removed sample from FIFO.
09-01 18:05:44.782   901  2806 I sensors-hal: [ssc_utils]get_qmi_debug_flag:244, support_qmi_debug : false
09-01 18:05:44.800 24307 24785 I BatteryMgr:DataCollectionService: stats => 1693584344800,7324,4413
09-01 18:05:44.804   901  1000 W ASH     : @ 29531.258: Unhandled msg ID 999: line 1277
09-01 18:05:44.804   901  1000 E ASH     : @ 29531.258: No pb callback assigned
09-01 18:05:44.804   901  1000 E ASH     : @ 29531.258: Nanopb error: callback failed:1588
09-01 18:05:44.906 24307 24785 I BatteryMgr:DataCollectionService: stats => 1693584344905,7324,4413
09-01 18:05:45.011 24307 24785 I BatteryMgr:DataCollectionService: stats => 1693584345011,7324,4413
09-01 18:05:45.063   901  2806 I sensors-hal: [ssc_utils]get_qmi_debug_flag:244, support_qmi_debug : false
09-01 18:05:45.084   901  1000 W ASH     : @ 29531.538: Unhandled msg ID 999: line 1277
09-01 18:05:45.084   901  1000 E ASH     : @ 29531.538: No pb callback assigned
09-01 18:05:45.084   901  1000 E ASH     : @ 29531.538: Nanopb error: callback failed:1588
09-01 18:05:45.118 24307 24785 I BatteryMgr:DataCollectionService: stats => 1693584345118,7324,4413
09-01 18:05:45.133   901  1000 I ASH     : @ 29531.586: tcs3701: ADC is saturated, removed sample from FIFO.
09-01 18:05:45.183   901  2806 I sensors-hal: [ssc_utils]get_qmi_debug_flag:244, support_qmi_debug : false
09-01 18:05:45.204   901  1000 W ASH     : @ 29531.658: Unhandled msg ID 999: line 1277
09-01 18:05:45.204   901  1000 E ASH     : @ 29531.658: No pb callback assigned
09-01 18:05:45.204   901  1000 E ASH     : @ 29531.658: Nanopb error: callback failed:1588
09-01 18:05:45.224 24307 24785 I BatteryMgr:DataCollectionService: stats => 1693584345224,7324,4413
09-01 18:05:45.330 24307 24785 I BatteryMgr:DataCollectionService: stats => 1693584345330,7324,4413
09-01 18:05:45.436 24307 24785 I BatteryMgr:DataCollectionService: stats => 1693584345436,7324,4413
09-01 18:05:45.462   901  2806 I sensors-hal: [ssc_utils]get_qmi_debug_flag:244, support_qmi_debug : false
09-01 18:05:45.486   901  1000 W ASH     : @ 29531.939: Unhandled msg ID 999: line 1277
09-01 18:05:45.486   901  1000 E ASH     : @ 29531.939: No pb callback assigned
09-01 18:05:45.486   901  1000 E ASH     : @ 29531.939: Nanopb error: callback failed:1588
09-01 18:05:45.534   901  1000 I ASH     : @ 29531.987: tcs3701: ADC is saturated, removed sample from FIFO.
09-01 18:05:45.542 24307 24785 I BatteryMgr:DataCollectionService: stats => 1693584345542,7324,4413
09-01 18:05:45.582   901  2806 I sensors-hal: [ssc_utils]get_qmi_debug_flag:244, support_qmi_debug : false
09-01 18:05:45.604   901  1000 W ASH     : @ 29532.058: Unhandled msg ID 999: line 1277
09-01 18:05:45.604   901  1000 E ASH     : @ 29532.058: No pb callback assigned
09-01 18:05:45.604   901  1000 E ASH     : @ 29532.058: Nanopb error: callback failed:1588
09-01 18:05:45.648 24307 24785 I BatteryMgr:DataCollectionService: stats => 1693584345648,1831,4413
09-01 18:05:45.656   901  2806 I sensors-hal: [ssc_utils]get_qmi_debug_flag:244, support_qmi_debug : false
09-01 18:05:45.684   901  1000 W ASH     : @ 29532.138: Unhandled msg ID 999: line 1277
09-01 18:05:45.684   901  1000 E ASH     : @ 29532.138: No pb callback assigned
09-01 18:05:45.684   901  1000 E ASH     : @ 29532.138: Nanopb error: callback failed:1588
09-01 18:05:45.722   901  1000 I ASH     : @ 29532.176: tcs3701: ADC is saturated, removed sample from FIFO.
09-01 18:05:45.756 24307 24785 I BatteryMgr:DataCollectionService: stats => 1693584345755,1831,4413
09-01 18:05:45.780   901  2806 I sensors-hal: [ssc_utils]get_qmi_debug_flag:244, support_qmi_debug : false
09-01 18:05:45.804   901  1000 W ASH     : @ 29532.258: Unhandled msg ID 999: line 1277
09-01 18:05:45.804   901  1000 E ASH     : @ 29532.258: No pb callback assigned
09-01 18:05:45.804   901  1000 E ASH     : @ 29532.258: Nanopb error: callback failed:1588
09-01 18:05:45.860 24307 24785 I BatteryMgr:DataCollectionService: stats => 1693584345860,1831,4413
09-01 18:05:45.966 24307 24785 I BatteryMgr:DataCollectionService: stats => 1693584345966,1831,4413
09-01 18:05:45.996   901  2806 I sensors-hal: [ssc_utils]get_qmi_debug_flag:244, support_qmi_debug : false
09-01 18:05:46.004   901  1000 W ASH     : @ 29532.458: Unhandled msg ID 999: line 1277
09-01 18:05:46.004   901  1000 E ASH     : @ 29532.458: No pb callback assigned
09-01 18:05:46.004   901  1000 E ASH     : @ 29532.458: Nanopb error: callback failed:1588
09-01 18:05:46.006   901  2806 I sensors-hal: [ssc_utils]get_qmi_debug_flag:244, support_qmi_debug : false
09-01 18:05:46.023   901  1000 W ASH     : @ 29532.477: Unhandled msg ID 999: line 1277
09-01 18:05:46.023   901  1000 E ASH     : @ 29532.477: No pb callback assigned
09-01 18:05:46.023   901  1000 E ASH     : @ 29532.477: Nanopb error: callback failed:1588
09-01 18:05:46.072 24307 24785 I BatteryMgr:DataCollectionService: stats => 1693584346072,1831,4413
09-01 18:05:46.076   901  2806 I sensors-hal: [ssc_utils]get_qmi_debug_flag:244, support_qmi_debug : false
09-01 18:05:46.088   901  1000 W ASH     : @ 29532.542: Unhandled msg ID 999: line 1277
09-01 18:05:46.088   901  1000 E ASH     : @ 29532.542: No pb callback assigned
09-01 18:05:46.088   901  1000 E ASH     : @ 29532.542: Nanopb error: callback failed:1588
09-01 18:05:46.136   901  1000 D VSC     : @ 29532.590: [WO] tilt angle 89
09-01 18:05:46.145   901  1000 I ASH     : @ 29532.598: tcs3701: ADC is saturated, removed sample from FIFO.
09-01 18:05:46.178 24307 24785 I BatteryMgr:DataCollectionService: stats => 1693584346178,1831,4413
09-01 18:05:46.180   901  2806 I sensors-hal: [ssc_utils]get_qmi_debug_flag:244, support_qmi_debug : false
09-01 18:05:46.204   901  1000 W ASH     : @ 29532.658: Unhandled msg ID 999: line 1277
09-01 18:05:46.204   901  1000 E ASH     : @ 29532.658: No pb callback assigned
09-01 18:05:46.204   901  1000 E ASH     : @ 29532.658: Nanopb error: callback failed:1588
09-01 18:05:46.210  1513  2000 D ConnectivityService: NetReassign [no changes]
09-01 18:05:46.262   901  2806 I sensors-hal: [ssc_utils]get_qmi_debug_flag:244, support_qmi_debug : false
09-01 18:05:46.282 24307 24785 I BatteryMgr:DataCollectionService: stats => 1693584346282,1831,4413
09-01 18:05:46.286   901  1000 W ASH     : @ 29532.739: Unhandled msg ID 999: line 1277
09-01 18:05:46.286   901  1000 E ASH     : @ 29532.739: No pb callback assigned
09-01 18:05:46.286   901  1000 E ASH     : @ 29532.739: Nanopb error: callback failed:1588
09-01 18:05:46.334   901  1000 I ASH     : @ 29532.787: tcs3701: ADC is saturated, removed sample from FIFO.
09-01 18:05:46.382   901  2806 I sensors-hal: [ssc_utils]get_qmi_debug_flag:244, support_qmi_debug : false
09-01 18:05:46.386 24307 24785 I BatteryMgr:DataCollectionService: stats => 1693584346386,1831,4413
09-01 18:05:46.404   901  1000 W ASH     : @ 29532.858: Unhandled msg ID 999: line 1277
09-01 18:05:46.404   901  1000 E ASH     : @ 29532.858: No pb callback assigned
09-01 18:05:46.405   901  1000 E ASH     : @ 29532.858: Nanopb error: callback failed:1588
09-01 18:05:46.460   901  2806 I sensors-hal: [ssc_utils]get_qmi_debug_flag:244, support_qmi_debug : false
09-01 18:05:46.484   901  1000 W ASH     : @ 29532.938: Unhandled msg ID 999: line 1277
09-01 18:05:46.484   901  1000 E ASH     : @ 29532.938: No pb callback assigned
09-01 18:05:46.484   901  1000 E ASH     : @ 29532.938: Nanopb error: callback failed:1588
09-01 18:05:46.490 24307 24785 I BatteryMgr:DataCollectionService: stats => 1693584346490,1831,4413
09-01 18:05:46.585   901  2806 I sensors-hal: [ssc_utils]get_qmi_debug_flag:244, support_qmi_debug : false
09-01 18:05:46.593   594 28441 I SDM     : HWDeviceDRM::UpdateMixerAttributes: Mixer WxH 1080x2340-1 for Peripheral
09-01 18:05:46.594   594 28441 I SDM     : DisplayBase::SetActiveConfig: Active configuration changed to: 0
09-01 18:05:46.594 24307 24785 I BatteryMgr:DataCollectionService: stats => 1693584346593,1831,4413
09-01 18:05:46.594   594 28441 I SDM     : StrategyImpl::SetIdleTimeoutMs: Idle timeout set to zero for command mode panels
09-01 18:05:46.599   901  2806 I sensors-hal: [ssc_utils]get_qmi_debug_flag:244, support_qmi_debug : false
09-01 18:05:46.604   901  1000 W ASH     : @ 29533.058: Unhandled msg ID 999: line 1277
09-01 18:05:46.604   901  1000 E ASH     : @ 29533.058: No pb callback assigned
09-01 18:05:46.604   901  1000 E ASH     : @ 29533.058: Nanopb error: callback failed:1588
09-01 18:05:46.606   901  1000 W ASH     : @ 29533.060: Unhandled msg ID 999: line 1277
09-01 18:05:46.606   901  1000 E ASH     : @ 29533.060: No pb callback assigned
09-01 18:05:46.606   901  1000 E ASH     : @ 29533.060: Nanopb error: callback failed:1588
09-01 18:05:46.616   594 28441 I SDM     : HWDeviceDRM::UpdateMixerAttributes: Mixer WxH 1080x2340-1 for Peripheral
09-01 18:05:46.616   594 28441 I SDM     : DisplayBase::SetActiveConfig: Active configuration changed to: 1
09-01 18:05:46.616   594 28441 I SDM     : StrategyImpl::SetIdleTimeoutMs: Idle timeout set to zero for command mode panels
09-01 18:05:46.616  1513  1572 I DisplayManagerService: Display device changed: DisplayDeviceInfo{"Built-in Screen": uniqueId="local:19260504575090817", 1080 x 2340, modeId 2, defaultModeId 2, supportedModes [{id=1, width=1080, height=2340, fps=90.0}, {id=2, width=1080, height=2340, fps=60.000004}], colorMode 0, supportedColorModes [0, 7, 9], HdrCapabilities HdrCapabilities{mSupportedHdrTypes=[2, 3, 4], mMaxLuminance=500.0, mMaxAverageLuminance=500.0, mMinLuminance=0.0}, allmSupported false, gameContentTypeSupported false, density 440, 435.428 x 433.839 dpi, appVsyncOff 2333332, presDeadline 11500000, cutout DisplayCutout{insets=Rect(0, 136 - 0, 0) waterfall=Insets{left=0, top=0, right=0, bottom=0} boundingRect={Bounds=[Rect(0, 0 - 0, 0), Rect(0, 0 - 136, 136), Rect(0, 0 - 0, 0), Rect(0, 0 - 0, 0)]}}, touch INTERNAL, rotation 0, type INTERNAL, address {port=129, model=0x446d53ad64a0}, deviceProductInfo DeviceProductInfo{name=, manufacturerPnpId=QCM, productId=1, modelYear=null, manufactureDate=ManufactureDate{week=27, year=2006}, relativeAddress=null}, state ON, FLAG_DEFAULT_DISPLAY, FLAG_ROTATES_WITH_CONTENT, FLAG_SECURE, FLAG_SUPPORTS_PROTECTED_BUFFERS}
09-01 18:05:46.625   901  2806 I sensors-hal: [ssc_utils]get_qmi_debug_flag:244, support_qmi_debug : false
09-01 18:05:46.637  1513  1572 I DisplayManagerService: Display device changed: DisplayDeviceInfo{"Built-in Screen": uniqueId="local:19260504575090817", 1080 x 2340, modeId 1, defaultModeId 2, supportedModes [{id=1, width=1080, height=2340, fps=90.0}, {id=2, width=1080, height=2340, fps=60.000004}], colorMode 0, supportedColorModes [0, 7, 9], HdrCapabilities HdrCapabilities{mSupportedHdrTypes=[2, 3, 4], mMaxLuminance=500.0, mMaxAverageLuminance=500.0, mMinLuminance=0.0}, allmSupported false, gameContentTypeSupported false, density 440, 435.428 x 433.839 dpi, appVsyncOff 2333333, presDeadline 11500000, cutout DisplayCutout{insets=Rect(0, 136 - 0, 0) waterfall=Insets{left=0, top=0, right=0, bottom=0} boundingRect={Bounds=[Rect(0, 0 - 0, 0), Rect(0, 0 - 136, 136), Rect(0, 0 - 0, 0), Rect(0, 0 - 0, 0)]}}, touch INTERNAL, rotation 0, type INTERNAL, address {port=129, model=0x446d53ad64a0}, deviceProductInfo DeviceProductInfo{name=, manufacturerPnpId=QCM, productId=1, modelYear=null, manufactureDate=ManufactureDate{week=27, year=2006}, relativeAddress=null}, state ON, FLAG_DEFAULT_DISPLAY, FLAG_ROTATES_WITH_CONTENT, FLAG_SECURE, FLAG_SUPPORTS_PROTECTED_BUFFERS}
09-01 18:05:46.644   901  1000 W ASH     : @ 29533.098: Unhandled msg ID 999: line 1277
09-01 18:05:46.644   901  1000 E ASH     : @ 29533.098: No pb callback assigned
09-01 18:05:46.644   901  1000 E ASH     : @ 29533.098: Nanopb error: callback failed:1588
09-01 18:05:46.698 24307 24785 I BatteryMgr:DataCollectionService: stats => 1693584346698,1831,4413
09-01 18:05:46.739   901  2806 I sensors-hal: [ssc_utils]get_qmi_debug_flag:244, support_qmi_debug : false
09-01 18:05:46.764   901  1000 W ASH     : @ 29533.218: Unhandled msg ID 999: line 1277
09-01 18:05:46.764   901  1000 E ASH     : @ 29533.218: No pb callback assigned
09-01 18:05:46.764   901  1000 E ASH     : @ 29533.218: Nanopb error: callback failed:1588
09-01 18:05:46.778   901  2806 I sensors-hal: [ssc_utils]get_qmi_debug_flag:244, support_qmi_debug : false
09-01 18:05:46.801 24307 24785 I BatteryMgr:DataCollectionService: stats => 1693584346801,1831,4413
09-01 18:05:46.804   901  1000 W ASH     : @ 29533.258: Unhandled msg ID 999: line 1277
09-01 18:05:46.804   901  1000 E ASH     : @ 29533.258: No pb callback assigned
09-01 18:05:46.804   901  1000 E ASH     : @ 29533.258: Nanopb error: callback failed:1588
09-01 18:05:46.862   901  2806 I sensors-hal: [ssc_utils]get_qmi_debug_flag:244, support_qmi_debug : false
09-01 18:05:46.887   901  1000 W ASH     : @ 29533.340: Unhandled msg ID 999: line 1277
09-01 18:05:46.887   901  1000 E ASH     : @ 29533.340: No pb callback assigned
09-01 18:05:46.887   901  1000 E ASH     : @ 29533.340: Nanopb error: callback failed:1588
09-01 18:05:46.908 24307 24785 I BatteryMgr:DataCollectionService: stats => 1693584346907,1831,4413
09-01 18:05:46.934   901  1000 I ASH     : @ 29533.387: tcs3701: ADC is saturated, removed sample from FIFO.
09-01 18:05:46.979   901  2806 I sensors-hal: [ssc_utils]get_qmi_debug_flag:244, support_qmi_debug : false
09-01 18:05:47.004   901  1000 W ASH     : @ 29533.458: Unhandled msg ID 999: line 1277
09-01 18:05:47.004   901  1000 E ASH     : @ 29533.458: No pb callback assigned
09-01 18:05:47.004   901  1000 E ASH     : @ 29533.458: Nanopb error: callback failed:1588
09-01 18:05:47.012 24307 24785 I BatteryMgr:DataCollectionService: stats => 1693584347012,1831,4413
09-01 18:05:47.076   901  2806 I sensors-hal: [ssc_utils]get_qmi_debug_flag:244, support_qmi_debug : false
09-01 18:05:47.088   901  1000 W ASH     : @ 29533.542: Unhandled msg ID 999: line 1277
09-01 18:05:47.088   901  1000 E ASH     : @ 29533.542: No pb callback assigned
09-01 18:05:47.089   901  1000 E ASH     : @ 29533.542: Nanopb error: callback failed:1588
09-01 18:05:47.119 24307 24785 I BatteryMgr:DataCollectionService: stats => 1693584347119,1831,4413
09-01 18:05:47.145   901  1000 I ASH     : @ 29533.598: tcs3701: ADC is saturated, removed sample from FIFO.
09-01 18:05:47.191   901  2806 I sensors-hal: [ssc_utils]get_qmi_debug_flag:244, support_qmi_debug : false
09-01 18:05:47.193   594 28441 I SDM     : HWDeviceDRM::UpdateMixerAttributes: Mixer WxH 1080x2340-1 for Peripheral
09-01 18:05:47.193   594 28441 I SDM     : DisplayBase::SetActiveConfig: Active configuration changed to: 0
09-01 18:05:47.193   594 28441 I SDM     : StrategyImpl::SetIdleTimeoutMs: Idle timeout set to zero for command mode panels
09-01 18:05:47.199  2410  2410 D DeviceStatisticsService: chargerType=2 batteryLevel=100 totalBatteryCapacity=4169000
09-01 18:05:47.199  2062 14994 D PowerUI : can't show warning due to - plugged: true status unknown: false
09-01 18:05:47.199  2410  2410 D DeviceInfoHidlClient: isPowerInfoNeverSent()=true
09-01 18:05:47.199  2410  2410 D DeviceInfoHidlClient: getPowerInfoSupportStatus()=-1
09-01 18:05:47.206   901  1000 W ASH     : @ 29533.660: Unhandled msg ID 999: line 1277
09-01 18:05:47.206   901  1000 E ASH     : @ 29533.660: No pb callback assigned
09-01 18:05:47.206   901  1000 E ASH     : @ 29533.660: Nanopb error: callback failed:1588
09-01 18:05:47.207   901  2806 I sensors-hal: [ssc_utils]get_qmi_debug_flag:244, support_qmi_debug : false
09-01 18:05:47.216  1513  1572 I DisplayManagerService: Display device changed: DisplayDeviceInfo{"Built-in Screen": uniqueId="local:19260504575090817", 1080 x 2340, modeId 2, defaultModeId 2, supportedModes [{id=1, width=1080, height=2340, fps=90.0}, {id=2, width=1080, height=2340, fps=60.000004}], colorMode 0, supportedColorModes [0, 7, 9], HdrCapabilities HdrCapabilities{mSupportedHdrTypes=[2, 3, 4], mMaxLuminance=500.0, mMaxAverageLuminance=500.0, mMinLuminance=0.0}, allmSupported false, gameContentTypeSupported false, density 440, 435.428 x 433.839 dpi, appVsyncOff 2333332, presDeadline 11500000, cutout DisplayCutout{insets=Rect(0, 136 - 0, 0) waterfall=Insets{left=0, top=0, right=0, bottom=0} boundingRect={Bounds=[Rect(0, 0 - 0, 0), Rect(0, 0 - 136, 136), Rect(0, 0 - 0, 0), Rect(0, 0 - 0, 0)]}}, touch INTERNAL, rotation 0, type INTERNAL, address {port=129, model=0x446d53ad64a0}, deviceProductInfo DeviceProductInfo{name=, manufacturerPnpId=QCM, productId=1, modelYear=null, manufactureDate=ManufactureDate{week=27, year=2006}, relativeAddress=null}, state ON, FLAG_DEFAULT_DISPLAY, FLAG_ROTATES_WITH_CONTENT, FLAG_SECURE, FLAG_SUPPORTS_PROTECTED_BUFFERS}
09-01 18:05:47.217   594 28441 I SDM     : StrategyImpl::SetIdleTimeoutMs: Idle timeout set to zero for command mode panels
09-01 18:05:47.226 24307 24785 I BatteryMgr:DataCollectionService: stats => 1693584347226,1831,4415
09-01 18:05:47.244   901  1000 W ASH     : @ 29533.698: Unhandled msg ID 999: line 1277
09-01 18:05:47.244   901  1000 E ASH     : @ 29533.698: No pb callback assigned
09-01 18:05:47.244   901  1000 E ASH     : @ 29533.698: Nanopb error: callback failed:1588
09-01 18:05:47.331 24971 24973 I cmd     : oneway function results will be dropped but finished with status OK and parcel size 4
09-01 18:05:47.331 24307 24785 I BatteryMgr:DataCollectionService: stats => 1693584347331,1831,4415
09-01 18:05:47.567  1513  2570 I ActivityManager: Force stopping com.opera.browser appid=10261 user=0: from pid 24991
09-01 18:05:47.568  1513  2570 I ActivityManager: Killing 24553:com.opera.browser:privileged_process0/u0a261 (adj 0): stop com.opera.browser due to from pid 24991
09-01 18:05:47.569  1513  2570 I ActivityManager: Killing 24364:com.opera.browser/u0a261 (adj 0): stop com.opera.browser due to from pid 24991
09-01 18:05:47.573 24831 24831 I dboxed_process: System.exit called, status: 0
09-01 18:05:47.573 24831 24831 I AndroidRuntime: VM exiting with result code 0, cleanup skipped.
09-01 18:05:47.574  7733  7733 D BoundBrokerSvc: onUnbind: Intent { act=com.google.android.gms.measurement.START pkg=com.google.android.gms }
09-01 18:05:47.574  1513  2570 W ActivityTaskManager: Force removing ActivityRecord{7efb409 u0 com.opera.browser/com.opera.Opera t1312 f}}: app died, no saved state
09-01 18:05:47.575 24651 24651 I dboxed_process: System.exit called, status: 0
09-01 18:05:47.576 24651 24651 I AndroidRuntime: VM exiting with result code 0, cleanup skipped.
09-01 18:05:47.584   594 28441 I SDM     : HWDeviceDRM::UpdateMixerAttributes: Mixer WxH 1080x2340-1 for Peripheral
09-01 18:05:47.584   594 28441 I SDM     : DisplayBase::SetActiveConfig: Active configuration changed to: 1
09-01 18:05:47.584   594 28441 I SDM     : StrategyImpl::SetIdleTimeoutMs: Idle timeout set to zero for command mode panels
09-01 18:05:47.587   901  2806 I sensors-hal: [ssc_utils]get_qmi_debug_flag:244, support_qmi_debug : false
09-01 18:05:47.592  1513  2570 I ActivityManager: Killing 24651:com.opera.browser:sandboxed_process0/u0a261 (adj 0): stop com.opera.browser due to from pid 24991
09-01 18:05:47.593  1513  2570 I ActivityManager: Killing 24831:com.opera.browser:sandboxed_process1/u0a261 (adj 0): stop com.opera.browser due to from pid 24991
09-01 18:05:47.598  1513  6264 W ActivityManager: Unbind failed: could not find connection for android.os.BinderProxy@8c87bd9
09-01 18:05:47.603  2474  2474 E PhoneInterfaceManager: [PhoneIntfMgr] getCarrierPackageNamesForIntentAndPhone: No UICC
09-01 18:05:47.603  2474  2474 D CarrierSvcBindHelper: No carrier app for: 0
09-01 18:05:47.606   901  1000 W ASH     : @ 29534.060: Unhandled msg ID 999: line 1277
09-01 18:05:47.606   901  1000 E ASH     : @ 29534.060: No pb callback assigned
09-01 18:05:47.606   901  1000 E ASH     : @ 29534.060: Nanopb error: callback failed:1588
09-01 18:05:47.608   779   779 I Zygote  : Process 24553 exited due to signal 9 (Killed)
09-01 18:05:47.611   779   779 I Zygote  : Process 24831 exited cleanly (0)
09-01 18:05:47.612  3088  3653 I AssistantForeground: (REDACTED) Get launcher package: %s
09-01 18:05:47.614  1513  1640 I libprocessgroup: Successfully killed process cgroup uid 10261 pid 24553 in 45ms
09-01 18:05:47.619   779   779 I Zygote  : Process 24651 exited cleanly (0)
09-01 18:05:47.620  3135  3135 D RegisteredNfcFServicesCache: Service unchanged, not updating
09-01 18:05:47.622  8777 25002 I EuiccGoogle: [5730] EuiccServiceImpl.onGetEuiccProfileInfoList: onGetEuiccProfileInfoList: slotId = -1
09-01 18:05:47.633  8777 25002 W EuiccGoogle: [5730] EuiccServiceImpl.onGetEuiccProfileInfoList: slotId=-1. No eUICC is active. Return null.
09-01 18:05:47.640  1513  1572 I DisplayManagerService: Display device changed: DisplayDeviceInfo{"Built-in Screen": uniqueId="local:19260504575090817", 1080 x 2340, modeId 1, defaultModeId 2, supportedModes [{id=1, width=1080, height=2340, fps=90.0}, {id=2, width=1080, height=2340, fps=60.000004}], colorMode 0, supportedColorModes [0, 7, 9], HdrCapabilities HdrCapabilities{mSupportedHdrTypes=[2, 3, 4], mMaxLuminance=500.0, mMaxAverageLuminance=500.0, mMinLuminance=0.0}, allmSupported false, gameContentTypeSupported false, density 440, 435.428 x 433.839 dpi, appVsyncOff 2333333, presDeadline 11500000, cutout DisplayCutout{insets=Rect(0, 136 - 0, 0) waterfall=Insets{left=0, top=0, right=0, bottom=0} boundingRect={Bounds=[Rect(0, 0 - 0, 0), Rect(0, 0 - 136, 136), Rect(0, 0 - 0, 0), Rect(0, 0 - 0, 0)]}}, touch INTERNAL, rotation 0, type INTERNAL, address {port=129, model=0x446d53ad64a0}, deviceProductInfo DeviceProductInfo{name=, manufacturerPnpId=QCM, productId=1, modelYear=null, manufactureDate=ManufactureDate{week=27, year=2006}, relativeAddress=null}, state ON, FLAG_DEFAULT_DISPLAY, FLAG_ROTATES_WITH_CONTENT, FLAG_SECURE, FLAG_SUPPORTS_PROTECTED_BUFFERS}
09-01 18:05:47.643  2858  2858 I GoogleInputMethodService: GoogleInputMethodService.onFinishInput():3280 
09-01 18:05:47.645  2858  2858 I GoogleInputMethodService: GoogleInputMethodService.updateDeviceLockedStatus():2169 repeatCheckTimes = 0, unlocked = true
09-01 18:05:47.645  2858  2858 I GoogleInputMethodService: GoogleInputMethodService.onStartInput():1960 onStartInput(EditorInfo{inputType=0x0(NULL) imeOptions=0x0 privateImeOptions=null actionName=UNSPECIFIED actionLabel=null actionId=0 initialSelStart=-1 initialSelEnd=-1 initialCapsMode=0x0 hintText=null label=null packageName=com.example.batterymanager_utility fieldId=-1 fieldName=null extras=null}, false)
09-01 18:05:47.645  2858  2858 I GoogleInputMethodService: GoogleInputMethodService.shouldHideHeaderOnInitialState():4081 ShouldHideHeaderOnInitialState = false
09-01 18:05:47.645  2858  2858 I GoogleInputMethodService: GoogleInputMethodService.updateDeviceLockedStatus():2169 repeatCheckTimes = 2, unlocked = true
09-01 18:05:47.661  1513  3240 D ConnectivityService: ConnectivityService NetworkRequestInfo binderDied(NetworkRequest [ TRACK_DEFAULT id=1310, [ Capabilities: INTERNET&NOT_RESTRICTED&TRUSTED Uid: 10261 AdministratorUids: [] RequestorUid: 10261 RequestorPackageName: com.opera.browser] ], android.os.BinderProxy@f57bc21)
09-01 18:05:47.661  1513  3233 D ConnectivityService: ConnectivityService NetworkRequestInfo binderDied(NetworkRequest [ LISTEN id=1311, [ Capabilities: INTERNET&NOT_RESTRICTED&TRUSTED&FOREGROUND Uid: 10261 AdministratorUids: [] RequestorUid: 10261 RequestorPackageName: com.opera.browser] ], android.os.BinderProxy@6335846)
09-01 18:05:47.661   779   779 I Zygote  : Process 24364 exited due to signal 9 (Killed)
09-01 18:05:47.661  1513  2000 D ConnectivityService: releasing NetworkRequest [ TRACK_DEFAULT id=1310, [ Capabilities: INTERNET&NOT_RESTRICTED&TRUSTED Uid: 10261 AdministratorUids: [] RequestorUid: 10261 RequestorPackageName: com.opera.browser] ] (release request)
09-01 18:05:47.661  1513  1572 W ActivityManager: setHasOverlayUi called on unknown pid: 24364
09-01 18:05:47.662  1513  1536 D ConnectivityService: ConnectivityService NetworkRequestInfo binderDied(NetworkRequest [ TRACK_DEFAULT id=1312, [ Capabilities: INTERNET&NOT_RESTRICTED&TRUSTED Uid: 10261 AdministratorUids: [] RequestorUid: 10261 RequestorPackageName: com.opera.browser] ], android.os.BinderProxy@4e61a07)
09-01 18:05:47.662  1513  2570 D ConnectivityService: ConnectivityService NetworkRequestInfo binderDied(NetworkRequest [ LISTEN id=1313, [ Capabilities: INTERNET&NOT_RESTRICTED&TRUSTED&FOREGROUND Uid: 10261 AdministratorUids: [] RequestorUid: 10261 RequestorPackageName: com.opera.browser] ], android.os.BinderProxy@a516734)
09-01 18:05:47.662  1513  2000 D ConnectivityService: releasing NetworkRequest [ TRACK_DEFAULT id=1312, [ Capabilities: INTERNET&NOT_RESTRICTED&TRUSTED Uid: 10261 AdministratorUids: [] RequestorUid: 10261 RequestorPackageName: com.opera.browser] ] (release request)
09-01 18:05:47.662  1513  3230 D AutofillSession: handling death of Token{cef110 ActivityRecord{7efb409 u0 com.opera.browser/com.opera.Opera t-1 f}}} when saving=false
09-01 18:05:47.664  1513  1640 I libprocessgroup: Successfully killed process cgroup uid 10261 pid 24364 in 49ms
09-01 18:05:47.665  1513  1640 I libprocessgroup: Successfully killed process cgroup uid 10261 pid 24651 in 0ms
09-01 18:05:47.665  1513  1640 I libprocessgroup: Successfully killed process cgroup uid 10261 pid 24831 in 0ms
09-01 18:05:48.134   901  1000 D VSC     : @ 29534.588: [WO] tilt angle 89
09-01 18:05:48.139   901  2806 I sensors-hal: [ssc_utils]get_qmi_debug_flag:244, support_qmi_debug : false
09-01 18:05:48.165   901  1000 W ASH     : @ 29534.618: Unhandled msg ID 999: line 1277
09-01 18:05:48.165   901  1000 E ASH     : @ 29534.618: No pb callback assigned
09-01 18:05:48.165   901  1000 E ASH     : @ 29534.618: Nanopb error: callback failed:1588
09-01 18:05:48.597  2816 29438 I PhenotypeProcessReaper: Memory state is: 125
09-01 18:05:49.236  1513  2000 D ConnectivityService: NetReassign [no changes]
09-01 18:05:50.133   901  1000 D VSC     : @ 29536.585: [WO] tilt angle 89
09-01 18:05:50.234  2858  3901 I PhenotypeProcessReaper: Memory state is: 200
09-01 18:05:50.723  1513  3227 I ActivityManager: Force stopping com.example.batterymanager_utility appid=10260 user=0: from pid 25014
09-01 18:05:50.724  1513  3227 I ActivityManager: Killing 24307:com.example.batterymanager_utility/u0a260 (adj 0): stop com.example.batterymanager_utility due to from pid 25014
09-01 18:05:50.724  1513  3227 W ActivityTaskManager: Force removing ActivityRecord{c1d07dd u0 com.example.batterymanager_utility/.MainActivity t1311 f}}: app died, no saved state
09-01 18:05:50.731   901  2806 I sensors-hal: [ssc_utils]get_qmi_debug_flag:244, support_qmi_debug : false
09-01 18:05:50.735   778   778 I Zygote  : Process 24307 exited due to signal 9 (Killed)
09-01 18:05:50.739  1513  1640 I libprocessgroup: Successfully killed process cgroup uid 10260 pid 24307 in 14ms
09-01 18:05:50.762 25014 25016 I cmd     : oneway function results will be dropped but finished with status OK and parcel size 4
09-01 18:05:50.763  2474  2474 E PhoneInterfaceManager: [PhoneIntfMgr] getCarrierPackageNamesForIntentAndPhone: No UICC
09-01 18:05:50.763  2474  2474 D CarrierSvcBindHelper: No carrier app for: 0
09-01 18:05:50.765   901  1000 W ASH     : @ 29537.218: Unhandled msg ID 999: line 1277
09-01 18:05:50.765   901  1000 E ASH     : @ 29537.218: No pb callback assigned
09-01 18:05:50.765   901  1000 E ASH     : @ 29537.218: Nanopb error: callback failed:1588
09-01 18:05:50.769  1513  1572 W ActivityManager: setHasOverlayUi called on unknown pid: 24307
09-01 18:05:50.770  3088  3657 I AssistantForeground: (REDACTED) Get launcher package: %s
09-01 18:05:50.776  3135  3135 D RegisteredNfcFServicesCache: Service unchanged, not updating
09-01 18:05:50.779  8777 25020 I EuiccGoogle: [5731] EuiccServiceImpl.onGetEuiccProfileInfoList: onGetEuiccProfileInfoList: slotId = -1
09-01 18:05:50.784  8777 25020 W EuiccGoogle: [5731] EuiccServiceImpl.onGetEuiccProfileInfoList: slotId=-1. No eUICC is active. Return null.
09-01 18:05:50.796  2158  2158 I WallpaperService: engine resumed
09-01 18:05:50.797   901   901 W sensors@2.0-ser: type=1400 audit(0.0:3699): avc: denied { read write } for name="diag" dev="tmpfs" ino=12474 scontext=u:r:hal_sensors_default:s0 tcontext=u:object_r:diag_device:s0 tclass=chr_file permissive=0
09-01 18:05:50.797   901   901 I sensors-hal: [hal]batch_physical_sensor:301, android.sensor.gyroscope/41, period=20000000, max_latency=0
09-01 18:05:50.797   901   901 I sensors-hal: [hal]batch_physical_sensor:310, android.sensor.gyroscope/41, period=20000000, max_latency=0 request completed
09-01 18:05:50.797   901   901 I sensors-hal: [hal]activate_physical_sensor:238, android.sensor.gyroscope/41 en=1
09-01 18:05:50.798   901   901 I sensors-hal: [ssc_utils]get_qmi_debug_flag:244, support_qmi_debug : false
09-01 18:05:50.800   901   901 W sensors@2.0-ser: type=1400 audit(0.0:3700): avc: denied { read write } for name="diag" dev="tmpfs" ino=12474 scontext=u:r:hal_sensors_default:s0 tcontext=u:object_r:diag_device:s0 tclass=chr_file permissive=0
09-01 18:05:50.801   901   901 D Diag_Lib:  Diag_LSM_Init: Failed to open handle to diag driver, error = 13
09-01 18:05:50.801  3088  3088 I GsaVoiceInteractionSrv: Handling ACTION_START_HOTWORD
09-01 18:05:50.801  3088  3589 I GsaVoiceInteractionSrv: (REDACTED) disregardVoiceMatch: %b
09-01 18:05:50.801  3088  3589 I GsaVoiceInteractionSrv: Cannot start hotword, hotword has been explicitly disabled.
09-01 18:05:50.802   901   901 D Diag_Lib:  Diag_LSM_Init: Failed to open handle to diag driver, error = 13
09-01 18:05:50.802   901   901 I sensors-hal: [ssc_sensor]update_handle:537, handle=331, type=33, wakeup=0, hwid=0, base=331
09-01 18:05:50.802   901   901 I sensors-hal: [ssc_utils]get_qmi_debug_flag:244, support_qmi_debug : false
09-01 18:05:50.805  2858  2858 I GoogleInputMethodService: GoogleInputMethodService.onFinishInput():3280 
09-01 18:05:50.806   901   901 I sensors-hal: [ssc_utils]get_qmi_debug_flag:244, support_qmi_debug : false
09-01 18:05:50.807   901 25028 I sensors-hal: [ssc_sensor]ssc_conn_resp_cb:663, resp_value = 0
09-01 18:05:50.807   901  1000 W SEE     : @ 29537.260: adding req to Q sensor=8 req=0xb202bb58 msg=513
09-01 18:05:50.807  2858  2858 I GoogleInputMethodService: GoogleInputMethodService.updateDeviceLockedStatus():2169 repeatCheckTimes = 0, unlocked = true
09-01 18:05:50.807  2858  2858 I GoogleInputMethodService: GoogleInputMethodService.onStartInput():1960 onStartInput(EditorInfo{inputType=0x0(NULL) imeOptions=0x0 privateImeOptions=null actionName=UNSPECIFIED actionLabel=null actionId=0 initialSelStart=-1 initialSelEnd=-1 initialCapsMode=0x0 hintText=null label=null packageName=com.google.android.apps.nexuslauncher fieldId=-1 fieldName=null extras=null}, false)
09-01 18:05:50.807  2858  2858 I GoogleInputMethodService: GoogleInputMethodService.shouldHideHeaderOnInitialState():4081 ShouldHideHeaderOnInitialState = false
09-01 18:05:50.807  2858  2858 I GoogleInputMethodService: GoogleInputMethodService.updateDeviceLockedStatus():2169 repeatCheckTimes = 2, unlocked = true
09-01 18:05:50.809   901 25028 I sensors-hal: [sensor]submit_sensors_hal_event:146, android.sensor.additional_info: trying to push empty Events, count = 0
09-01 18:05:50.809   901 25028 I sensors-hal: [sensor]submit_sensors_hal_event:146, android.sensor.additional_info: trying to push empty Events, count = 0
09-01 18:05:50.810   901   901 I sensors-hal: [hal]activate_physical_sensor:249, android.sensor.gyroscope/41 en=1 completed
09-01 18:05:50.811   901 25031 I sensors-hal: [ssc_sensor]ssc_conn_resp_cb:663, resp_value = 0
09-01 18:05:50.811   901  1000 W SEE     : @ 29537.265: adding req to Q sensor=2 req=0xb20352a8 msg=513
09-01 18:05:50.814   901 25031 I sensors-hal: [sensor]submit_sensors_hal_event:146, android.sensor.gyroscope: trying to push empty Events, count = 1
09-01 18:05:50.814   901 25031 I chatty  : uid=1000(system) 41_see identical 2 lines
09-01 18:05:50.829   901 25031 I sensors-hal: [sensor]submit_sensors_hal_event:146, android.sensor.gyroscope: trying to push empty Events, count = 1
09-01 18:05:51.016  2062  2062 W Choreographer: Frame time is 7.6E-4 ms in the future!  Check that graphics HAL is generating vsync timestamps using the correct timebase.
09-01 18:05:51.018   594 28441 I SDM     : HWDeviceDRM::UpdateMixerAttributes: Mixer WxH 1080x2340-1 for Peripheral
09-01 18:05:51.018   594 28441 I SDM     : DisplayBase::SetActiveConfig: Active configuration changed to: 0
09-01 18:05:51.018   594 28441 I SDM     : StrategyImpl::SetIdleTimeoutMs: Idle timeout set to zero for command mode panels
09-01 18:05:51.027   901  2806 I sensors-hal: [ssc_utils]get_qmi_debug_flag:244, support_qmi_debug : false
