09-02 12:05:44.044  3347  3347 W keymaster2_mdfpp: exit update function, returned 0
09-02 12:05:44.045  3347  3347 W keymaster2_mdfpp: entered finish function.
09-02 12:05:44.046  3979  5966 D ConnectivityService: filterNetworkStateForUid() uid: 10158 networkInfo: [type: WIFI[] - WIFI, state: CONNECTED/CONNECTED, reason: (unspecified), extra: "WiFi 69", failover: false, available: true, roaming: false, metered: false]
09-02 12:05:44.046  3347  3347 W keymaster2_mdfpp: exit finish function, returned 0
09-02 12:05:44.047  3609  3609 W keystore: ENTER remove operation from uid 10158
09-02 12:05:44.051  9070  9070 D ConnectivityManager: requestNetwork; CallingUid : 10158, CallingPid : 9070
09-02 12:05:44.052  3979  5925 D ConnectivityService: listenForNetwork for uid/pid:10158/9070 NetworkRequest [ LISTEN id=620, [ Capabilities: INTERNET&NOT_RESTRICTED&TRUSTED&FOREGROUND] ]
09-02 12:05:44.053  3979  4180 D ConnectivityService: rematching NetworkAgentInfo [WIFI () - 502]
09-02 12:05:44.053  3979  4180 D ConnectivityService:  network has: [ Transports: WIFI Capabilities: NOT_METERED&INTERNET&NOT_RESTRICTED&TRUSTED&NOT_VPN&VALIDATED&FOREGROUND LinkUpBandwidth>=1048576Kbps LinkDnBandwidth>=1048576Kbps SignalStrength: -53]
09-02 12:05:44.053  3979  4180 D ConnectivityService: Network NetworkAgentInfo [WIFI () - 502] was already satisfying request 3. No change.
09-02 12:05:44.053  3979  4180 D ConnectivityService: Network NetworkAgentInfo [WIFI () - 502] was already satisfying request 597. No change.
09-02 12:05:44.053  3979  4180 D ConnectivityService: Network NetworkAgentInfo [WIFI () - 502] was already satisfying request 1. No change.
09-02 12:05:44.053  3979  4180 D ConnectivityService: Network NetworkAgentInfo [WIFI () - 502] was already satisfying request 443. No change.
09-02 12:05:44.053  3979  4180 D ConnectivityService: Network NetworkAgentInfo [WIFI () - 502] was already satisfying request 140. No change.
09-02 12:05:44.053  3979  4180 D ConnectivityService: sending notification AVAILABLE for NetworkRequest [ LISTEN id=620, [ Capabilities: INTERNET&NOT_RESTRICTED&TRUSTED&FOREGROUND] ]
09-02 12:05:44.053  3979  4180 D ConnectivityService: sending notification CAP_CHANGED for NetworkRequest [ LISTEN id=620, [ Capabilities: INTERNET&NOT_RESTRICTED&TRUSTED&FOREGROUND] ]
09-02 12:05:44.054  3979  5925 D ConnectivityService: filterNetworkStateForUid() uid: 10158 networkInfo: [type: WIFI[] - WIFI, state: CONNECTED/CONNECTED, reason: (unspecified), extra: "WiFi 69", failover: false, available: true, roaming: false, metered: false]
09-02 12:05:44.054  3979  4180 D ConnectivityService: sending notification IP_CHANGED for NetworkRequest [ LISTEN id=620, [ Capabilities: INTERNET&NOT_RESTRICTED&TRUSTED&FOREGROUND] ]
09-02 12:05:44.062  3979  3994 D ConnectivityService: filterNetworkStateForUid() uid: 1000 networkInfo: [type: WIFI[] - WIFI, state: CONNECTED/CONNECTED, reason: (unspecified), extra: "WiFi 69", failover: false, available: true, roaming: false, metered: false]
09-02 12:05:44.069  3979  5925 D ConnectivityService: filterNetworkStateForUid() uid: 10158 networkInfo: [type: WIFI[] - WIFI, state: CONNECTED/CONNECTED, reason: (unspecified), extra: "WiFi 69", failover: false, available: true, roaming: false, metered: false]
09-02 12:05:44.070  3979  5925 D ConnectivityService: filterNetworkStateForUid() uid: 10158 networkInfo: [type: WIFI[] - WIFI, state: CONNECTED/CONNECTED, reason: (unspecified), extra: "WiFi 69", failover: false, available: true, roaming: false, metered: false]
09-02 12:05:44.072  3979  5966 D ConnectivityService: filterNetworkStateForUid() uid: 10158 networkInfo: [type: WIFI[] - WIFI, state: CONNECTED/CONNECTED, reason: (unspecified), extra: "WiFi 69", failover: false, available: true, roaming: false, metered: false]
09-02 12:05:44.075  3979  5966 D ConnectivityService: filterNetworkStateForUid() uid: 10158 networkInfo: [type: WIFI[] - WIFI, state: CONNECTED/CONNECTED, reason: (unspecified), extra: "WiFi 69", failover: false, available: true, roaming: false, metered: false]
09-02 12:05:44.079  9288  9288 W ResourceType: For resource 0x7f0c0068, entry index(104) is beyond type entryCount(100)
09-02 12:05:44.097  3979  9339 V WindowManager: finishDrawingLocked: mDrawState=COMMIT_DRAW_PENDING Window{78b953c u0 com.opera.browser/com.opera.Opera} in Surface(name=com.opera.browser/com.opera.Opera)
09-02 12:05:44.098  9070  9070 D ViewRootImpl@359a6fb[Opera]: MSG_RESIZED_REPORT: frame=Rect(0, 0 - 720, 1280) ci=Rect(0, 42 - 0, 0) vi=Rect(0, 42 - 0, 0) or=1
09-02 12:05:44.099  9070  9070 D ViewRootImpl@359a6fb[Opera]: MSG_WINDOW_FOCUS_CHANGED 1
09-02 12:05:44.104  3979  4046 D ViewRootImpl@c247d75[browser]: dispatchDetachedFromWindow
09-02 12:05:44.104  3979  4046 D InputEventReceiver: channel '741410a Splash Screen com.opera.browser (client)' ~ Disposing input event receiver.
09-02 12:05:44.104  3979  4046 D InputEventReceiver: channel '741410a Splash Screen com.opera.browser (client)' ~NativeInputEventReceiver.
09-02 12:05:44.107  3979  3996 D WindowManager: set systemUiVisibility : systemUiFlags= 0x2708 fullscreenStackSysUiFlags= 0x0
09-02 12:05:44.109  9070  9070 V InputMethodManager: Starting input: tba=android.view.inputmethod.EditorInfo@3df30d6 nm : com.opera.browser ic=null
09-02 12:05:44.109  9070  9070 I InputMethodManager: startInputInner - mService.startInputOrWindowGainedFocus
09-02 12:05:44.109  3979  5925 D InputMethodManagerService: startInputOrWindowGainedFocus : windowGainedFocus 
09-02 12:05:44.110  3979  5925 D InputMethodManagerService: windowGainedFocus: destinationUserId (getCallingUid) = 0
09-02 12:05:44.110  3979  5925 D InputMethodManagerService: windowGainedFocus: currentUserId=0
09-02 12:05:44.110  3979  5925 D InputMethodManagerService: windowGainedFocus: mCurrentFocusedUserId=0
09-02 12:05:44.110  3979  5925 D InputMethodManagerService: windowGainedFocus : lock - currentUserId = 0 destinationUserId = 0
09-02 12:05:44.110  3979  5925 D InputMethodManagerService: windowGainedFocus : mCurrentFocusedUserId - 0 and mSecureKeypadEnabled - false, userSwitched - false
09-02 12:05:44.111  3979  5925 V InputMethodManagerService: windowGainedFocus : reason=WINDOW_FOCUS_GAIN client=android.os.BinderProxy@4af050e inputContext=null missingMethods= attribute=android.view.inputmethod.EditorInfo@e1e00cd nm = com.opera.browser controlFlags=#105 softInputMode=#110 windowFlags=#89810100
09-02 12:05:44.111  3979  5925 V InputMethodManagerService: hideCurrentInputLocked : shouldHideSoftInput is false
09-02 12:05:44.111  3979  4004 I ActivityManager: Displayed com.opera.browser/com.opera.Opera: +1s169ms
09-02 12:05:44.112  3979  5925 D InputMethodManagerService: isImeSwitcherDisabledPackage : false
09-02 12:05:44.112  3979  5925 V InputMethodManagerService: Creating new session for client ClientState{292fd82 uid 10158 pid 9070}
09-02 12:05:44.113  3979  4004 D CustomFrequencyManagerService: acquireDVFSLockLocked : type : DVFS_MIN_LIMIT  frequency : 1560000  uid : 1000  pid : 3979  pkgName : AMS_RESUME_TAIL@CPU_MIN@14
09-02 12:05:44.113  3979  4004 D ActivityManagerPerformance: AMP_acquire() TAIL
09-02 12:05:44.113  3979  4004 D CustomFrequencyManagerService: releaseDVFSLockLocked : Getting Lock type frm List : DVFS_MIN_LIMIT  frequency : 1560000  uid : 1000  pid : 3979  tag : AMS_APP_SWITCH@CPU_MIN@23
09-02 12:05:44.114  3979  5925 D InputMethodManagerService: setCurrentInputInfo - inputContext : null eidtorInfo : android.view.inputmethod.EditorInfo@e1e00cd missingMethods : 0
09-02 12:05:44.115  3979  3996 D WindowManager: set systemUiVisibility : systemUiFlags= 0x2708 fullscreenStackSysUiFlags= 0x2000
09-02 12:05:44.115  3979  4004 D ActivityManagerPerformance: AMP_release() APP_SWITCH
09-02 12:05:44.116  4336  4336 I InputMethodWrapper:  call dispatchStartInputWithToken
09-02 12:05:44.117  4336  4336 I InputMethodService: dispatchStartInputWithToken
09-02 12:05:44.117  4336  4336 I SKBD    : SamsungKeypad [IMI] onStartInput - caller pid : 9070, caller uid : 10158
09-02 12:05:44.125  3979  5925 D ConnectivityService: filterNetworkStateForUid() uid: 10158 networkInfo: [type: WIFI[] - WIFI, state: CONNECTED/CONNECTED, reason: (unspecified), extra: "WiFi 69", failover: false, available: true, roaming: false, metered: false]
09-02 12:05:44.126  3979  5925 D ConnectivityService: filterNetworkStateForUid() uid: 10158 networkInfo: [type: WIFI[] - WIFI, state: CONNECTED/CONNECTED, reason: (unspecified), extra: "WiFi 69", failover: false, available: true, roaming: false, metered: false]
09-02 12:05:44.149  3462  3462 I SurfaceFlinger: Display 0 HWC layers:
09-02 12:05:44.149  3462  3462 I SurfaceFlinger:     type    |    handle    | flag |  format   |   source crop (l,t,r,b)    |         frame       | name 
09-02 12:05:44.149  3462  3462 I SurfaceFlinger: ------------+--------------+------+-----------+----------------------------+---------------------+------
09-02 12:05:44.149  3462  3462 I SurfaceFlinger:      Device | 0x7ac4c24780 | 0002 | RGBA_8888 |   0.0    0.0  720.0 1280.0 |    0    0  720 1280 | com.opera.browser/com.opera.Opera#0
09-02 12:05:44.149  3462  3462 I SurfaceFlinger:      Device | 0x7ac4c24180 | 0002 | RGBA_8888 |   0.0    0.0  720.0 1280.0 |    0    0  720 1280 | Splash Screen com.opera.browser#0
09-02 12:05:44.149  3462  3462 I SurfaceFlinger:      Device | 0x7ac4c25140 | 0000 | RGBA_8888 |   0.0    0.0  720.0   42.0 |    0    0  720   42 | StatusBar#0
09-02 12:05:44.149  3462  3462 I SurfaceFlinger: 
09-02 12:05:44.176  3979  5925 D ConnectivityService: filterNetworkStateForUid() uid: 10025 networkInfo: [type: WIFI[] - WIFI, state: CONNECTED/CONNECTED, reason: (unspecified), extra: "WiFi 69", failover: false, available: true, roaming: false, metered: false]
09-02 12:05:44.178  3979  5925 D SamsungAlarmManager: Cancel Alarm calling from uid:10025 pid :22051 / op:PendingIntent{af76fce: PendingIntentRecord{6bf8eef com.google.android.gms broadcastIntent}}
09-02 12:05:44.196  9070  9070 V InputMethodManager: Starting input: tba=android.view.inputmethod.EditorInfo@9124bc8 nm : com.opera.browser ic=null
09-02 12:05:44.199  9070  9223 I System.out: (HTTPLog)-Static: isSBSettingEnabled false
09-02 12:05:44.199  9070  9223 I System.out: (HTTPLog)-Static: isSBSettingEnabled false
09-02 12:05:44.200  3614  3927 D DnsProxyListener: DNSDBG::dns addrinfo af 2
09-02 12:05:44.219 10264  5593 W NetworkScheduler: Error inserting period=1305000 preferred_charging_state=1 preferred_network_type=1 target_class=com.google.android.gms.measurement.PackageMeasurementTaskService required_network_type=0 runtime=1693649144206 required_idleness_state=0 source=16 service_kind=0 target_package=com.google.android.gms persistence_level=1 source_version=224312000 last_runtime=0 user_id=0 job_id=-1 requires_charging=0 tag=Measurement.PackageMeasurementTaskService.UPLOAD_TASK_TAG flex_time=652000 task_type=0 retry_strategy={"maximum_backoff_seconds":{"3600":0},"initial_backoff_seconds":{"30":0},"retry_policy":{"0":0}} [CONTEXT service_id=218 ]
09-02 12:05:44.219 10264  5593 W NetworkScheduler: android.database.sqlite.SQLiteConstraintException: UNIQUE constraint failed: pending_ops.tag, pending_ops.target_class, pending_ops.target_package, pending_ops.user_id (code 2067)
09-02 12:05:44.219 10264  5593 W NetworkScheduler: #################################################################
09-02 12:05:44.219 10264  5593 W NetworkScheduler: Error Code : 2067 (SQLITE_CONSTRAINT_UNIQUE)
09-02 12:05:44.219 10264  5593 W NetworkScheduler: Caused By : Abort due to constraint violation.
09-02 12:05:44.219 10264  5593 W NetworkScheduler: 	(UNIQUE constraint failed: pending_ops.tag, pending_ops.target_class, pending_ops.target_package, pending_ops.user_id (code 2067))
09-02 12:05:44.219 10264  5593 W NetworkScheduler: #################################################################
09-02 12:05:44.219 10264  5593 W NetworkScheduler: 	at android.database.sqlite.SQLiteConnection.nativeExecuteForLastInsertedRowId(Native Method)
09-02 12:05:44.219 10264  5593 W NetworkScheduler: 	at android.database.sqlite.SQLiteConnection.executeForLastInsertedRowId(SQLiteConnection.java:953)
09-02 12:05:44.219 10264  5593 W NetworkScheduler: 	at android.database.sqlite.SQLiteSession.executeForLastInsertedRowId(SQLiteSession.java:788)
09-02 12:05:44.219 10264  5593 W NetworkScheduler: 	at android.database.sqlite.SQLiteStatement.executeInsert(SQLiteStatement.java:86)
09-02 12:05:44.219 10264  5593 W NetworkScheduler: 	at android.database.sqlite.SQLiteDatabase.insertWithOnConflict(SQLiteDatabase.java:1904)
09-02 12:05:44.219 10264  5593 W NetworkScheduler: 	at android.database.sqlite.SQLiteDatabase.insertOrThrow(SQLiteDatabase.java:1797)
09-02 12:05:44.219 10264  5593 W NetworkScheduler: 	at biwz.g(:com.google.android.gms@224312019@22.43.12 (040400-483592595):53)
09-02 12:05:44.219 10264  5593 W NetworkScheduler: 	at bivs.n(:com.google.android.gms@224312019@22.43.12 (040400-483592595):3)
09-02 12:05:44.219 10264  5593 W NetworkScheduler: 	at bivs.u(:com.google.android.gms@224312019@22.43.12 (040400-483592595):20)
09-02 12:05:44.219 10264  5593 W NetworkScheduler: 	at bivs.h(:com.google.android.gms@224312019@22.43.12 (040400-483592595):3)
09-02 12:05:44.219 10264  5593 W NetworkScheduler: 	at birj.run(:com.google.android.gms@224312019@22.43.12 (040400-483592595):9)
09-02 12:05:44.219 10264  5593 W NetworkScheduler: 	at abce.c(:com.google.android.gms@224312019@22.43.12 (040400-483592595):6)
09-02 12:05:44.219 10264  5593 W NetworkScheduler: 	at abce.run(:com.google.android.gms@224312019@22.43.12 (040400-483592595):7)
09-02 12:05:44.219 10264  5593 W NetworkScheduler: 	at java.util.concurrent.ThreadPoolExecutor.runWorker(ThreadPoolExecutor.java:1162)
09-02 12:05:44.219 10264  5593 W NetworkScheduler: 	at java.util.concurrent.ThreadPoolExecutor$Worker.run(ThreadPoolExecutor.java:636)
09-02 12:05:44.219 10264  5593 W NetworkScheduler: 	at abhk.run(:com.google.android.gms@224312019@22.43.12 (040400-483592595):0)
09-02 12:05:44.219 10264  5593 W NetworkScheduler: 	at java.lang.Thread.run(Thread.java:764)
09-02 12:05:44.249  9070  9075 I zygote  : Do partial code cache collection, code=113KB, data=84KB
09-02 12:05:44.250  9070  9075 I zygote  : After code cache collection, code=99KB, data=78KB
09-02 12:05:44.250  9070  9075 I zygote  : Increasing code cache capacity to 512KB
09-02 12:05:44.278  3979  4046 I WindowManager: Destroying surface Surface(name=Splash Screen com.opera.browser) called by com.android.server.wm.WindowStateAnimator.destroySurface:2501 com.android.server.wm.WindowStateAnimator.destroySurfaceLocked:985 com.android.server.wm.WindowState.destroyOrSaveSurfaceUnchecked:3671 com.android.server.wm.WindowState.destroySurface:3619 com.android.server.wm.AppWindowToken.destroySurfaces:722 com.android.server.wm.AppWindowToken.destroySurfaces:706 com.android.server.wm.WindowState.onExitAnimationDone:5333 com.android.server.wm.WindowStateAnimator.stepAnimationLocked:550 
09-02 12:05:44.278  3462  4087 I SurfaceFlinger: id=1574 Removed Splash Screen com.opera.browser#0 (3/5)
09-02 12:05:44.285  3462  3462 I SurfaceFlinger: Display 0 HWC layers:
09-02 12:05:44.285  3462  3462 I SurfaceFlinger:     type    |    handle    | flag |  format   |   source crop (l,t,r,b)    |         frame       | name 
09-02 12:05:44.285  3462  3462 I SurfaceFlinger: ------------+--------------+------+-----------+----------------------------+---------------------+------
09-02 12:05:44.285  3462  3462 I SurfaceFlinger:      Device | 0x7ac4c246c0 | 0002 | RGBA_8888 |   0.0    0.0  720.0 1280.0 |    0    0  720 1280 | com.opera.browser/com.opera.Opera#0
09-02 12:05:44.285  3462  3462 I SurfaceFlinger:      Device | 0x7ac4c24480 | 0000 | RGBA_8888 |   0.0    0.0  720.0   42.0 |    0    0  720   42 | StatusBar#0
09-02 12:05:44.285  3462  3462 I SurfaceFlinger: 
09-02 12:05:44.286  9070  9308 I System.out: (HTTPLog)-Static: isSBSettingEnabled false
09-02 12:05:44.287  9070  9308 I System.out: (HTTPLog)-Static: isSBSettingEnabled false
09-02 12:05:44.287  3462  5840 I SurfaceFlinger: id=1574 Removed Splash Screen com.opera.browser#0 (-2/5)
09-02 12:05:44.288  3614  3927 D DnsProxyListener: DNSDBG::dns addrinfo af 2
09-02 12:05:44.293  3462  3462 I Layer   : id=1574 onRemoved Splash Screen com.opera.browser#0 
09-02 12:05:44.303  9070  9070 W ResourceType: For resource 0x7f1504e5, entry index(1253) is beyond type entryCount(281)
09-02 12:05:44.316  9070  9070 I chatty  : uid=10158(u0_a158) identical 10 lines
09-02 12:05:44.317  9070  9070 W ResourceType: For resource 0x7f1504e5, entry index(1253) is beyond type entryCount(281)
09-02 12:05:44.317  9070  9070 W ResourceType: For resource 0x7f150574, entry index(1396) is beyond type entryCount(281)
09-02 12:05:44.319  9070  9070 W ResourceType: For resource 0x7f15050e, entry index(1294) is beyond type entryCount(281)
09-02 12:05:44.320  9070  9070 W ResourceType: For resource 0x7f15061f, entry index(1567) is beyond type entryCount(281)
09-02 12:05:44.320  9070  9070 W ResourceType: For resource 0x7f15061f, entry index(1567) is beyond type entryCount(281)
09-02 12:05:44.320  9070  9070 W ResourceType: For resource 0x7f15058c, entry index(1420) is beyond type entryCount(281)
09-02 12:05:44.320  9070  9070 W ResourceType: For resource 0x7f150590, entry index(1424) is beyond type entryCount(281)
09-02 12:05:44.320  9070  9070 W ResourceType: For resource 0x7f15058e, entry index(1422) is beyond type entryCount(281)
09-02 12:05:44.320  9070  9070 W ResourceType: For resource 0x7f1504c3, entry index(1219) is beyond type entryCount(281)
09-02 12:05:44.320  9070  9070 W ResourceType: For resource 0x7f15059e, entry index(1438) is beyond type entryCount(281)
09-02 12:05:44.320  9070  9070 W ResourceType: For resource 0x7f150282, entry index(642) is beyond type entryCount(281)
09-02 12:05:44.320  9070  9070 W ResourceType: For resource 0x7f1504c3, entry index(1219) is beyond type entryCount(281)
09-02 12:05:44.320  9070  9070 W ResourceType: For resource 0x7f150719, entry index(1817) is beyond type entryCount(281)
09-02 12:05:44.320  9070  9070 W ResourceType: For resource 0x7f150578, entry index(1400) is beyond type entryCount(281)
09-02 12:05:44.320  9070  9070 W ResourceType: For resource 0x7f150284, entry index(644) is beyond type entryCount(281)
09-02 12:05:44.320  9070  9070 W ResourceType: For resource 0x7f150579, entry index(1401) is beyond type entryCount(281)
09-02 12:05:44.320  9070  9070 W ResourceType: For resource 0x7f1505e7, entry index(1511) is beyond type entryCount(281)
09-02 12:05:44.320  9070  9070 W ResourceType: For resource 0x7f15071e, entry index(1822) is beyond type entryCount(281)
09-02 12:05:44.320  9070  9070 I chatty  : uid=10158(u0_a158) identical 2 lines
09-02 12:05:44.320  9070  9070 W ResourceType: For resource 0x7f15071e, entry index(1822) is beyond type entryCount(281)
09-02 12:05:44.320  9070  9070 W ResourceType: For resource 0x7f150580, entry index(1408) is beyond type entryCount(281)
09-02 12:05:44.320  9070  9070 W ResourceType: For resource 0x7f15071e, entry index(1822) is beyond type entryCount(281)
09-02 12:05:44.320  9070  9070 W ResourceType: For resource 0x7f15017b, entry index(379) is beyond type entryCount(281)
09-02 12:05:44.320  9070  9070 W ResourceType: For resource 0x7f150283, entry index(643) is beyond type entryCount(281)
09-02 12:05:44.320  9070  9070 W ResourceType: For resource 0x7f1505a2, entry index(1442) is beyond type entryCount(281)
09-02 12:05:44.320  9070  9070 W ResourceType: For resource 0x7f1506f4, entry index(1780) is beyond type entryCount(281)
09-02 12:05:44.320  9070  9070 W ResourceType: For resource 0x7f150588, entry index(1416) is beyond type entryCount(281)
09-02 12:05:44.320  9070  9070 W ResourceType: For resource 0x7f15059f, entry index(1439) is beyond type entryCount(281)
09-02 12:05:44.320  9070  9070 W ResourceType: For resource 0x7f150649, entry index(1609) is beyond type entryCount(281)
09-02 12:05:44.320  9070  9070 W ResourceType: For resource 0x7f150442, entry index(1090) is beyond type entryCount(281)
09-02 12:05:44.320  9070  9070 W ResourceType: For resource 0x7f150718, entry index(1816) is beyond type entryCount(281)
09-02 12:05:44.320  9070  9070 W ResourceType: For resource 0x7f15017c, entry index(380) is beyond type entryCount(281)
09-02 12:05:44.321  9070  9070 W ResourceType: For resource 0x7f15059d, entry index(1437) is beyond type entryCount(281)
09-02 12:05:44.321  9070  9070 W ResourceType: For resource 0x7f15020a, entry index(522) is beyond type entryCount(281)
09-02 12:05:44.321  9070  9070 W ResourceType: For resource 0x7f150586, entry index(1414) is beyond type entryCount(281)
09-02 12:05:44.321  9070  9070 W ResourceType: For resource 0x7f15071c, entry index(1820) is beyond type entryCount(281)
09-02 12:05:44.321  9070  9070 W ResourceType: For resource 0x7f1502af, entry index(687) is beyond type entryCount(281)
09-02 12:05:44.321  9070  9070 W ResourceType: For resource 0x7f150274, entry index(628) is beyond type entryCount(281)
09-02 12:05:44.321  9070  9070 W ResourceType: For resource 0x7f150244, entry index(580) is beyond type entryCount(281)
09-02 12:05:44.321  9070  9070 W ResourceType: For resource 0x7f150274, entry index(628) is beyond type entryCount(281)
09-02 12:05:44.321  9070  9070 W ResourceType: For resource 0x7f150372, entry index(882) is beyond type entryCount(281)
09-02 12:05:44.321  9070  9070 W ResourceType: For resource 0x7f15035b, entry index(859) is beyond type entryCount(281)
09-02 12:05:44.321  9070  9070 W ResourceType: For resource 0x7f15035c, entry index(860) is beyond type entryCount(281)
09-02 12:05:44.321  9070  9070 W ResourceType: For resource 0x7f1502ad, entry index(685) is beyond type entryCount(281)
09-02 12:05:44.321  9070  9070 W ResourceType: For resource 0x7f150565, entry index(1381) is beyond type entryCount(281)
09-02 12:05:44.321  9070  9070 W ResourceType: For resource 0x7f150567, entry index(1383) is beyond type entryCount(281)
09-02 12:05:44.333  9070  9070 W ResourceType: For resource 0x7f1504e5, entry index(1253) is beyond type entryCount(281)
09-02 12:05:44.337  9070  9070 I chatty  : uid=10158(u0_a158) identical 2 lines
09-02 12:05:44.337  9070  9070 W ResourceType: For resource 0x7f1504e5, entry index(1253) is beyond type entryCount(281)
09-02 12:05:44.339  9070  9070 W ResourceType: For resource 0x7f15050e, entry index(1294) is beyond type entryCount(281)
09-02 12:05:44.340  9070  9070 W ResourceType: For resource 0x7f15061f, entry index(1567) is beyond type entryCount(281)
09-02 12:05:44.340  9070  9070 W ResourceType: For resource 0x7f15061f, entry index(1567) is beyond type entryCount(281)
09-02 12:05:44.340  9070  9070 W ResourceType: For resource 0x7f15058c, entry index(1420) is beyond type entryCount(281)
09-02 12:05:44.340  9070  9070 W ResourceType: For resource 0x7f150590, entry index(1424) is beyond type entryCount(281)
09-02 12:05:44.340  9070  9070 W ResourceType: For resource 0x7f15058e, entry index(1422) is beyond type entryCount(281)
09-02 12:05:44.340  9070  9070 W ResourceType: For resource 0x7f1504c3, entry index(1219) is beyond type entryCount(281)
09-02 12:05:44.340  9070  9070 W ResourceType: For resource 0x7f15059e, entry index(1438) is beyond type entryCount(281)
09-02 12:05:44.340  9070  9070 W ResourceType: For resource 0x7f150282, entry index(642) is beyond type entryCount(281)
09-02 12:05:44.340  9070  9070 W ResourceType: For resource 0x7f1504c3, entry index(1219) is beyond type entryCount(281)
09-02 12:05:44.340  9070  9070 W ResourceType: For resource 0x7f150719, entry index(1817) is beyond type entryCount(281)
09-02 12:05:44.340  9070  9070 W ResourceType: For resource 0x7f150578, entry index(1400) is beyond type entryCount(281)
09-02 12:05:44.340  9070  9070 W ResourceType: For resource 0x7f150284, entry index(644) is beyond type entryCount(281)
09-02 12:05:44.340  9070  9070 W ResourceType: For resource 0x7f150579, entry index(1401) is beyond type entryCount(281)
09-02 12:05:44.340  9070  9070 W ResourceType: For resource 0x7f1505e7, entry index(1511) is beyond type entryCount(281)
09-02 12:05:44.340  9070  9070 W ResourceType: For resource 0x7f15071e, entry index(1822) is beyond type entryCount(281)
09-02 12:05:44.340  9070  9070 I chatty  : uid=10158(u0_a158) identical 2 lines
09-02 12:05:44.340  9070  9070 W ResourceType: For resource 0x7f15071e, entry index(1822) is beyond type entryCount(281)
09-02 12:05:44.340  9070  9070 W ResourceType: For resource 0x7f150580, entry index(1408) is beyond type entryCount(281)
09-02 12:05:44.340  9070  9070 W ResourceType: For resource 0x7f15071e, entry index(1822) is beyond type entryCount(281)
09-02 12:05:44.340  9070  9070 W ResourceType: For resource 0x7f15017b, entry index(379) is beyond type entryCount(281)
09-02 12:05:44.340  9070  9070 W ResourceType: For resource 0x7f150283, entry index(643) is beyond type entryCount(281)
09-02 12:05:44.340  9070  9070 W ResourceType: For resource 0x7f1505a2, entry index(1442) is beyond type entryCount(281)
09-02 12:05:44.340  9070  9070 W ResourceType: For resource 0x7f1506f4, entry index(1780) is beyond type entryCount(281)
09-02 12:05:44.340  9070  9070 W ResourceType: For resource 0x7f150588, entry index(1416) is beyond type entryCount(281)
09-02 12:05:44.340  9070  9070 W ResourceType: For resource 0x7f15059f, entry index(1439) is beyond type entryCount(281)
09-02 12:05:44.340  9070  9070 W ResourceType: For resource 0x7f150649, entry index(1609) is beyond type entryCount(281)
09-02 12:05:44.340  9070  9070 W ResourceType: For resource 0x7f150442, entry index(1090) is beyond type entryCount(281)
09-02 12:05:44.340  9070  9070 W ResourceType: For resource 0x7f150718, entry index(1816) is beyond type entryCount(281)
09-02 12:05:44.340  9070  9070 W ResourceType: For resource 0x7f15017c, entry index(380) is beyond type entryCount(281)
09-02 12:05:44.340  9070  9070 W ResourceType: For resource 0x7f15059d, entry index(1437) is beyond type entryCount(281)
09-02 12:05:44.340  9070  9070 W ResourceType: For resource 0x7f15020a, entry index(522) is beyond type entryCount(281)
09-02 12:05:44.340  9070  9070 W ResourceType: For resource 0x7f150586, entry index(1414) is beyond type entryCount(281)
09-02 12:05:44.340  9070  9070 W ResourceType: For resource 0x7f15071c, entry index(1820) is beyond type entryCount(281)
09-02 12:05:44.340  9070  9070 W ResourceType: For resource 0x7f1502af, entry index(687) is beyond type entryCount(281)
09-02 12:05:44.340  9070  9070 W ResourceType: For resource 0x7f150274, entry index(628) is beyond type entryCount(281)
09-02 12:05:44.340  9070  9070 W ResourceType: For resource 0x7f150244, entry index(580) is beyond type entryCount(281)
09-02 12:05:44.340  9070  9070 W ResourceType: For resource 0x7f150274, entry index(628) is beyond type entryCount(281)
09-02 12:05:44.340  9070  9070 W ResourceType: For resource 0x7f150372, entry index(882) is beyond type entryCount(281)
09-02 12:05:44.340  9070  9070 W ResourceType: For resource 0x7f15035b, entry index(859) is beyond type entryCount(281)
09-02 12:05:44.340  9070  9070 W ResourceType: For resource 0x7f15035c, entry index(860) is beyond type entryCount(281)
09-02 12:05:44.340  9070  9070 W ResourceType: For resource 0x7f1502ad, entry index(685) is beyond type entryCount(281)
09-02 12:05:44.340  9070  9070 W ResourceType: For resource 0x7f150565, entry index(1381) is beyond type entryCount(281)
09-02 12:05:44.340  9070  9070 W ResourceType: For resource 0x7f150567, entry index(1383) is beyond type entryCount(281)
09-02 12:05:44.344  9070  9070 W ResourceType: For resource 0x7f150552, entry index(1362) is beyond type entryCount(281)
09-02 12:05:44.344  9070  9070 I chatty  : uid=10158(u0_a158) identical 3 lines
09-02 12:05:44.344  9070  9070 W ResourceType: For resource 0x7f150552, entry index(1362) is beyond type entryCount(281)
09-02 12:05:44.345  9070  9070 W ResourceType: For resource 0x7f1504e5, entry index(1253) is beyond type entryCount(281)
09-02 12:05:44.346  9070  9070 I chatty  : uid=10158(u0_a158) identical 2 lines
09-02 12:05:44.347  9070  9070 W ResourceType: For resource 0x7f1504e5, entry index(1253) is beyond type entryCount(281)
09-02 12:05:44.353  9070  9070 W ResourceType: For resource 0x7f1506f4, entry index(1780) is beyond type entryCount(281)
09-02 12:05:44.353  9070  9070 W ResourceType: For resource 0x7f150587, entry index(1415) is beyond type entryCount(281)
09-02 12:05:44.353  9070  9070 W ResourceType: For resource 0x7f15011b, entry index(283) is beyond type entryCount(281)
09-02 12:05:44.353  9070  9070 W ResourceType: For resource 0x7f150241, entry index(577) is beyond type entryCount(281)
09-02 12:05:44.353  9070  9070 W ResourceType: For resource 0x7f150241, entry index(577) is beyond type entryCount(281)
09-02 12:05:44.356  9070  9070 W ResourceType: For resource 0x7f15050e, entry index(1294) is beyond type entryCount(281)
09-02 12:05:44.356  9070  9070 W ResourceType: For resource 0x7f15061f, entry index(1567) is beyond type entryCount(281)
09-02 12:05:44.356  9070  9070 W ResourceType: For resource 0x7f15061f, entry index(1567) is beyond type entryCount(281)
09-02 12:05:44.356  9070  9070 W ResourceType: For resource 0x7f15058c, entry index(1420) is beyond type entryCount(281)
09-02 12:05:44.356  9070  9070 W ResourceType: For resource 0x7f150590, entry index(1424) is beyond type entryCount(281)
09-02 12:05:44.356  9070  9070 W ResourceType: For resource 0x7f15058e, entry index(1422) is beyond type entryCount(281)
09-02 12:05:44.356  9070  9070 W ResourceType: For resource 0x7f1504c3, entry index(1219) is beyond type entryCount(281)
09-02 12:05:44.356  9070  9070 W ResourceType: For resource 0x7f15059e, entry index(1438) is beyond type entryCount(281)
09-02 12:05:44.356  9070  9070 W ResourceType: For resource 0x7f150282, entry index(642) is beyond type entryCount(281)
09-02 12:05:44.356  9070  9070 W ResourceType: For resource 0x7f1504c3, entry index(1219) is beyond type entryCount(281)
09-02 12:05:44.356  9070  9070 W ResourceType: For resource 0x7f150719, entry index(1817) is beyond type entryCount(281)
09-02 12:05:44.356  9070  9070 W ResourceType: For resource 0x7f150578, entry index(1400) is beyond type entryCount(281)
09-02 12:05:44.356  9070  9070 W ResourceType: For resource 0x7f150284, entry index(644) is beyond type entryCount(281)
09-02 12:05:44.356  9070  9070 W ResourceType: For resource 0x7f150579, entry index(1401) is beyond type entryCount(281)
09-02 12:05:44.356  9070  9070 W ResourceType: For resource 0x7f1505e7, entry index(1511) is beyond type entryCount(281)
09-02 12:05:44.356  9070  9070 W ResourceType: For resource 0x7f15071e, entry index(1822) is beyond type entryCount(281)
09-02 12:05:44.356  9070  9070 I chatty  : uid=10158(u0_a158) identical 2 lines
09-02 12:05:44.356  9070  9070 W ResourceType: For resource 0x7f15071e, entry index(1822) is beyond type entryCount(281)
09-02 12:05:44.356  9070  9070 W ResourceType: For resource 0x7f150580, entry index(1408) is beyond type entryCount(281)
09-02 12:05:44.356  9070  9070 W ResourceType: For resource 0x7f15071e, entry index(1822) is beyond type entryCount(281)
09-02 12:05:44.356  9070  9070 W ResourceType: For resource 0x7f15017b, entry index(379) is beyond type entryCount(281)
09-02 12:05:44.356  9070  9070 W ResourceType: For resource 0x7f150283, entry index(643) is beyond type entryCount(281)
09-02 12:05:44.356  9070  9070 W ResourceType: For resource 0x7f1505a2, entry index(1442) is beyond type entryCount(281)
09-02 12:05:44.356  9070  9070 W ResourceType: For resource 0x7f1506f4, entry index(1780) is beyond type entryCount(281)
09-02 12:05:44.356  9070  9070 W ResourceType: For resource 0x7f150588, entry index(1416) is beyond type entryCount(281)
09-02 12:05:44.356  9070  9070 W ResourceType: For resource 0x7f15059f, entry index(1439) is beyond type entryCount(281)
09-02 12:05:44.356  9070  9070 W ResourceType: For resource 0x7f150649, entry index(1609) is beyond type entryCount(281)
09-02 12:05:44.356  9070  9070 W ResourceType: For resource 0x7f150442, entry index(1090) is beyond type entryCount(281)
09-02 12:05:44.356  9070  9070 W ResourceType: For resource 0x7f150718, entry index(1816) is beyond type entryCount(281)
09-02 12:05:44.356  9070  9070 W ResourceType: For resource 0x7f15017c, entry index(380) is beyond type entryCount(281)
09-02 12:05:44.356  9070  9070 W ResourceType: For resource 0x7f15059d, entry index(1437) is beyond type entryCount(281)
09-02 12:05:44.356  9070  9070 W ResourceType: For resource 0x7f15020a, entry index(522) is beyond type entryCount(281)
09-02 12:05:44.356  9070  9070 W ResourceType: For resource 0x7f150586, entry index(1414) is beyond type entryCount(281)
09-02 12:05:44.356  9070  9070 W ResourceType: For resource 0x7f15071c, entry index(1820) is beyond type entryCount(281)
09-02 12:05:44.356  9070  9070 W ResourceType: For resource 0x7f1502af, entry index(687) is beyond type entryCount(281)
09-02 12:05:44.356  9070  9070 W ResourceType: For resource 0x7f150274, entry index(628) is beyond type entryCount(281)
09-02 12:05:44.356  9070  9070 W ResourceType: For resource 0x7f150244, entry index(580) is beyond type entryCount(281)
09-02 12:05:44.356  9070  9070 W ResourceType: For resource 0x7f150274, entry index(628) is beyond type entryCount(281)
09-02 12:05:44.356  9070  9070 W ResourceType: For resource 0x7f150372, entry index(882) is beyond type entryCount(281)
09-02 12:05:44.356  9070  9070 W ResourceType: For resource 0x7f15035b, entry index(859) is beyond type entryCount(281)
09-02 12:05:44.356  9070  9070 W ResourceType: For resource 0x7f15035c, entry index(860) is beyond type entryCount(281)
09-02 12:05:44.356  9070  9070 W ResourceType: For resource 0x7f1502ad, entry index(685) is beyond type entryCount(281)
09-02 12:05:44.356  9070  9070 W ResourceType: For resource 0x7f150565, entry index(1381) is beyond type entryCount(281)
09-02 12:05:44.356  9070  9070 W ResourceType: For resource 0x7f150567, entry index(1383) is beyond type entryCount(281)
09-02 12:05:44.356  9070  9070 W ResourceType: For resource 0x7f150241, entry index(577) is beyond type entryCount(281)
09-02 12:05:44.356  9070  9070 I chatty  : uid=10158(u0_a158) identical 2 lines
09-02 12:05:44.357  9070  9070 W ResourceType: For resource 0x7f150241, entry index(577) is beyond type entryCount(281)
09-02 12:05:44.359  9070  9070 W ResourceType: For resource 0x7f1506f4, entry index(1780) is beyond type entryCount(281)
09-02 12:05:44.359  9070  9070 W ResourceType: For resource 0x7f1506f4, entry index(1780) is beyond type entryCount(281)
09-02 12:05:44.359  9070  9070 W ResourceType: For resource 0x7f150241, entry index(577) is beyond type entryCount(281)
09-02 12:05:44.359  9070  9070 W ResourceType: For resource 0x7f1506f4, entry index(1780) is beyond type entryCount(281)
09-02 12:05:44.359  9070  9070 I chatty  : uid=10158(u0_a158) identical 2 lines
09-02 12:05:44.359  9070  9070 W ResourceType: For resource 0x7f1506f4, entry index(1780) is beyond type entryCount(281)
09-02 12:05:44.361  9070  9070 W ResourceType: For resource 0x7f1502d5, entry index(725) is beyond type entryCount(281)
09-02 12:05:44.366  9070  9070 I chatty  : uid=10158(u0_a158) identical 3 lines
09-02 12:05:44.366  9070  9070 W ResourceType: For resource 0x7f1502d5, entry index(725) is beyond type entryCount(281)
09-02 12:05:44.372  9070  9070 W ResourceType: For resource 0x7f1504e5, entry index(1253) is beyond type entryCount(281)
09-02 12:05:44.372  9070  9070 I chatty  : uid=10158(u0_a158) identical 2 lines
09-02 12:05:44.374  9070  9070 W ResourceType: For resource 0x7f1504e5, entry index(1253) is beyond type entryCount(281)
09-02 12:05:44.379  9070  9070 W ResourceType: For resource 0x7f15027b, entry index(635) is beyond type entryCount(281)
09-02 12:05:44.380  9070  9070 W ResourceType: For resource 0x7f15027b, entry index(635) is beyond type entryCount(281)
09-02 12:05:44.380  9070  9070 W ResourceType: For resource 0x7f150278, entry index(632) is beyond type entryCount(281)
09-02 12:05:44.380  9070  9070 W ResourceType: For resource 0x7f1503d6, entry index(982) is beyond type entryCount(281)
09-02 12:05:44.380  9070  9070 W ResourceType: For resource 0x7f1503c1, entry index(961) is beyond type entryCount(281)
09-02 12:05:44.380  9070  9070 W ResourceType: For resource 0x7f15035f, entry index(863) is beyond type entryCount(281)
09-02 12:05:44.380  9070  9070 W ResourceType: For resource 0x7f15027b, entry index(635) is beyond type entryCount(281)
09-02 12:05:44.380  9070  9070 W ResourceType: For resource 0x7f15050e, entry index(1294) is beyond type entryCount(281)
09-02 12:05:44.381  9070  9070 W ResourceType: For resource 0x7f15061f, entry index(1567) is beyond type entryCount(281)
09-02 12:05:44.381  9070  9070 W ResourceType: For resource 0x7f15061f, entry index(1567) is beyond type entryCount(281)
09-02 12:05:44.381  9070  9070 W ResourceType: For resource 0x7f15058c, entry index(1420) is beyond type entryCount(281)
09-02 12:05:44.381  9070  9070 W ResourceType: For resource 0x7f150590, entry index(1424) is beyond type entryCount(281)
09-02 12:05:44.381  9070  9070 W ResourceType: For resource 0x7f15058e, entry index(1422) is beyond type entryCount(281)
09-02 12:05:44.381  9070  9070 W ResourceType: For resource 0x7f1504c3, entry index(1219) is beyond type entryCount(281)
09-02 12:05:44.381  9070  9070 W ResourceType: For resource 0x7f15059e, entry index(1438) is beyond type entryCount(281)
09-02 12:05:44.381  9070  9070 W ResourceType: For resource 0x7f150282, entry index(642) is beyond type entryCount(281)
09-02 12:05:44.381  9070  9070 W ResourceType: For resource 0x7f1504c3, entry index(1219) is beyond type entryCount(281)
09-02 12:05:44.381  9070  9070 W ResourceType: For resource 0x7f150719, entry index(1817) is beyond type entryCount(281)
09-02 12:05:44.381  9070  9070 W ResourceType: For resource 0x7f150578, entry index(1400) is beyond type entryCount(281)
09-02 12:05:44.381  9070  9070 W ResourceType: For resource 0x7f150284, entry index(644) is beyond type entryCount(281)
09-02 12:05:44.381  9070  9070 W ResourceType: For resource 0x7f150579, entry index(1401) is beyond type entryCount(281)
09-02 12:05:44.381  9070  9070 W ResourceType: For resource 0x7f1505e7, entry index(1511) is beyond type entryCount(281)
09-02 12:05:44.381  9070  9070 W ResourceType: For resource 0x7f15071e, entry index(1822) is beyond type entryCount(281)
09-02 12:05:44.381  9070  9070 I chatty  : uid=10158(u0_a158) identical 2 lines
09-02 12:05:44.381  9070  9070 W ResourceType: For resource 0x7f15071e, entry index(1822) is beyond type entryCount(281)
09-02 12:05:44.381  9070  9070 W ResourceType: For resource 0x7f150580, entry index(1408) is beyond type entryCount(281)
09-02 12:05:44.381  9070  9070 W ResourceType: For resource 0x7f15071e, entry index(1822) is beyond type entryCount(281)
09-02 12:05:44.381  9070  9070 W ResourceType: For resource 0x7f15017b, entry index(379) is beyond type entryCount(281)
09-02 12:05:44.381  9070  9070 W ResourceType: For resource 0x7f150283, entry index(643) is beyond type entryCount(281)
09-02 12:05:44.381  9070  9070 W ResourceType: For resource 0x7f1505a2, entry index(1442) is beyond type entryCount(281)
09-02 12:05:44.381  9070  9070 W ResourceType: For resource 0x7f1506f4, entry index(1780) is beyond type entryCount(281)
09-02 12:05:44.381  9070  9070 W ResourceType: For resource 0x7f150588, entry index(1416) is beyond type entryCount(281)
09-02 12:05:44.381  9070  9070 W ResourceType: For resource 0x7f15059f, entry index(1439) is beyond type entryCount(281)
09-02 12:05:44.381  9070  9070 W ResourceType: For resource 0x7f150649, entry index(1609) is beyond type entryCount(281)
09-02 12:05:44.381  9070  9070 W ResourceType: For resource 0x7f150442, entry index(1090) is beyond type entryCount(281)
09-02 12:05:44.381  9070  9070 W ResourceType: For resource 0x7f150718, entry index(1816) is beyond type entryCount(281)
09-02 12:05:44.381  9070  9070 W ResourceType: For resource 0x7f15017c, entry index(380) is beyond type entryCount(281)
09-02 12:05:44.381  9070  9070 W ResourceType: For resource 0x7f15059d, entry index(1437) is beyond type entryCount(281)
09-02 12:05:44.381  9070  9070 W ResourceType: For resource 0x7f15020a, entry index(522) is beyond type entryCount(281)
09-02 12:05:44.381  9070  9070 W ResourceType: For resource 0x7f150586, entry index(1414) is beyond type entryCount(281)
09-02 12:05:44.381  9070  9070 W ResourceType: For resource 0x7f15071c, entry index(1820) is beyond type entryCount(281)
09-02 12:05:44.381  9070  9070 W ResourceType: For resource 0x7f1502af, entry index(687) is beyond type entryCount(281)
09-02 12:05:44.381  9070  9070 W ResourceType: For resource 0x7f150274, entry index(628) is beyond type entryCount(281)
09-02 12:05:44.381  9070  9070 W ResourceType: For resource 0x7f150244, entry index(580) is beyond type entryCount(281)
09-02 12:05:44.381  9070  9070 W ResourceType: For resource 0x7f150274, entry index(628) is beyond type entryCount(281)
09-02 12:05:44.381  9070  9070 W ResourceType: For resource 0x7f150372, entry index(882) is beyond type entryCount(281)
09-02 12:05:44.381  9070  9070 W ResourceType: For resource 0x7f15035b, entry index(859) is beyond type entryCount(281)
09-02 12:05:44.381  9070  9070 W ResourceType: For resource 0x7f15035c, entry index(860) is beyond type entryCount(281)
09-02 12:05:44.381  9070  9070 W ResourceType: For resource 0x7f1502ad, entry index(685) is beyond type entryCount(281)
09-02 12:05:44.381  9070  9070 W ResourceType: For resource 0x7f150565, entry index(1381) is beyond type entryCount(281)
09-02 12:05:44.381  9070  9070 W ResourceType: For resource 0x7f150567, entry index(1383) is beyond type entryCount(281)
09-02 12:05:44.381  9070  9070 W ResourceType: For resource 0x7f15027b, entry index(635) is beyond type entryCount(281)
09-02 12:05:44.382  9070  9070 I chatty  : uid=10158(u0_a158) identical 4 lines
09-02 12:05:44.382  9070  9070 W ResourceType: For resource 0x7f15027b, entry index(635) is beyond type entryCount(281)
09-02 12:05:44.382  9070  9070 W ResourceType: For resource 0x7f150728, entry index(1832) is beyond type entryCount(281)
09-02 12:05:44.383  9070  9070 W ResourceType: For resource 0x7f150728, entry index(1832) is beyond type entryCount(281)
09-02 12:05:44.383  9070  9070 W ResourceType: For resource 0x7f15027b, entry index(635) is beyond type entryCount(281)
09-02 12:05:44.383  9070  9070 W ResourceType: For resource 0x7f150728, entry index(1832) is beyond type entryCount(281)
09-02 12:05:44.383  9070  9070 I chatty  : uid=10158(u0_a158) identical 3 lines
09-02 12:05:44.383  9070  9070 W ResourceType: For resource 0x7f150728, entry index(1832) is beyond type entryCount(281)
09-02 12:05:44.383  9070  9070 W ResourceType: For resource 0x7f1506f3, entry index(1779) is beyond type entryCount(281)
09-02 12:05:44.383  9070  9070 W ResourceType: For resource 0x7f150600, entry index(1536) is beyond type entryCount(281)
09-02 12:05:44.383  9070  9070 W ResourceType: For resource 0x7f150695, entry index(1685) is beyond type entryCount(281)
09-02 12:05:44.383  9070  9070 W ResourceType: For resource 0x7f150694, entry index(1684) is beyond type entryCount(281)
09-02 12:05:44.383  9070  9070 W ResourceType: For resource 0x7f1506c5, entry index(1733) is beyond type entryCount(281)
09-02 12:05:44.383  9070  9070 W ResourceType: For resource 0x7f1506f2, entry index(1778) is beyond type entryCount(281)
09-02 12:05:44.383  9070  9070 W ResourceType: For resource 0x7f150601, entry index(1537) is beyond type entryCount(281)
09-02 12:05:44.383  9070  9070 W ResourceType: For resource 0x7f150696, entry index(1686) is beyond type entryCount(281)
09-02 12:05:44.387  9070  9070 W ResourceType: For resource 0x7f1506f3, entry index(1779) is beyond type entryCount(281)
09-02 12:05:44.388  9070  9070 W ResourceType: For resource 0x7f1506f2, entry index(1778) is beyond type entryCount(281)
09-02 12:05:44.388  9070  9070 W ResourceType: For resource 0x7f1506f3, entry index(1779) is beyond type entryCount(281)
09-02 12:05:44.388  9070  9070 W ResourceType: For resource 0x7f1506f2, entry index(1778) is beyond type entryCount(281)
09-02 12:05:44.388  9070  9070 W ResourceType: For resource 0x7f1506f3, entry index(1779) is beyond type entryCount(281)
09-02 12:05:44.388  9070  9070 W ResourceType: For resource 0x7f1506f2, entry index(1778) is beyond type entryCount(281)
09-02 12:05:44.388  9070  9070 W ResourceType: For resource 0x7f1506f3, entry index(1779) is beyond type entryCount(281)
09-02 12:05:44.388  9070  9070 W ResourceType: For resource 0x7f1506f2, entry index(1778) is beyond type entryCount(281)
09-02 12:05:44.389  9070  9070 W ResourceType: For resource 0x7f15027b, entry index(635) is beyond type entryCount(281)
09-02 12:05:44.390  9070  9070 W ResourceType: For resource 0x7f15027b, entry index(635) is beyond type entryCount(281)
09-02 12:05:44.390  9070  9070 W ResourceType: For resource 0x7f15050e, entry index(1294) is beyond type entryCount(281)
09-02 12:05:44.390  9070  9070 W ResourceType: For resource 0x7f15061f, entry index(1567) is beyond type entryCount(281)
09-02 12:05:44.390  9070  9070 W ResourceType: For resource 0x7f15061f, entry index(1567) is beyond type entryCount(281)
09-02 12:05:44.390  9070  9070 W ResourceType: For resource 0x7f15058c, entry index(1420) is beyond type entryCount(281)
09-02 12:05:44.390  9070  9070 W ResourceType: For resource 0x7f150590, entry index(1424) is beyond type entryCount(281)
09-02 12:05:44.390  9070  9070 W ResourceType: For resource 0x7f15058e, entry index(1422) is beyond type entryCount(281)
09-02 12:05:44.390  9070  9070 W ResourceType: For resource 0x7f1504c3, entry index(1219) is beyond type entryCount(281)
09-02 12:05:44.390  9070  9070 W ResourceType: For resource 0x7f15059e, entry index(1438) is beyond type entryCount(281)
09-02 12:05:44.390  9070  9070 W ResourceType: For resource 0x7f150282, entry index(642) is beyond type entryCount(281)
09-02 12:05:44.390  9070  9070 W ResourceType: For resource 0x7f1504c3, entry index(1219) is beyond type entryCount(281)
09-02 12:05:44.390  9070  9070 W ResourceType: For resource 0x7f150719, entry index(1817) is beyond type entryCount(281)
09-02 12:05:44.390  9070  9070 W ResourceType: For resource 0x7f150578, entry index(1400) is beyond type entryCount(281)
09-02 12:05:44.390  9070  9070 W ResourceType: For resource 0x7f150284, entry index(644) is beyond type entryCount(281)
09-02 12:05:44.390  9070  9070 W ResourceType: For resource 0x7f150579, entry index(1401) is beyond type entryCount(281)
09-02 12:05:44.390  9070  9070 W ResourceType: For resource 0x7f1505e7, entry index(1511) is beyond type entryCount(281)
09-02 12:05:44.390  9070  9070 W ResourceType: For resource 0x7f15071e, entry index(1822) is beyond type entryCount(281)
09-02 12:05:44.390  9070  9070 I chatty  : uid=10158(u0_a158) identical 2 lines
09-02 12:05:44.390  9070  9070 W ResourceType: For resource 0x7f15071e, entry index(1822) is beyond type entryCount(281)
09-02 12:05:44.390  9070  9070 W ResourceType: For resource 0x7f150580, entry index(1408) is beyond type entryCount(281)
09-02 12:05:44.390  9070  9070 W ResourceType: For resource 0x7f15071e, entry index(1822) is beyond type entryCount(281)
09-02 12:05:44.390  9070  9070 W ResourceType: For resource 0x7f15017b, entry index(379) is beyond type entryCount(281)
09-02 12:05:44.390  9070  9070 W ResourceType: For resource 0x7f150283, entry index(643) is beyond type entryCount(281)
09-02 12:05:44.390  9070  9070 W ResourceType: For resource 0x7f1505a2, entry index(1442) is beyond type entryCount(281)
09-02 12:05:44.390  9070  9070 W ResourceType: For resource 0x7f1506f4, entry index(1780) is beyond type entryCount(281)
09-02 12:05:44.390  9070  9070 W ResourceType: For resource 0x7f150588, entry index(1416) is beyond type entryCount(281)
09-02 12:05:44.390  9070  9070 W ResourceType: For resource 0x7f15059f, entry index(1439) is beyond type entryCount(281)
09-02 12:05:44.391  9070  9070 W ResourceType: For resource 0x7f150649, entry index(1609) is beyond type entryCount(281)
09-02 12:05:44.391  9070  9070 W ResourceType: For resource 0x7f150442, entry index(1090) is beyond type entryCount(281)
09-02 12:05:44.391  9070  9070 W ResourceType: For resource 0x7f150718, entry index(1816) is beyond type entryCount(281)
09-02 12:05:44.391  9070  9070 W ResourceType: For resource 0x7f15017c, entry index(380) is beyond type entryCount(281)
09-02 12:05:44.391  9070  9070 W ResourceType: For resource 0x7f15059d, entry index(1437) is beyond type entryCount(281)
09-02 12:05:44.391  9070  9070 W ResourceType: For resource 0x7f15020a, entry index(522) is beyond type entryCount(281)
09-02 12:05:44.391  9070  9070 W ResourceType: For resource 0x7f150586, entry index(1414) is beyond type entryCount(281)
09-02 12:05:44.391  9070  9070 W ResourceType: For resource 0x7f15071c, entry index(1820) is beyond type entryCount(281)
09-02 12:05:44.391  9070  9070 W ResourceType: For resource 0x7f1502af, entry index(687) is beyond type entryCount(281)
09-02 12:05:44.391  9070  9070 W ResourceType: For resource 0x7f150274, entry index(628) is beyond type entryCount(281)
09-02 12:05:44.391  9070  9070 W ResourceType: For resource 0x7f150244, entry index(580) is beyond type entryCount(281)
09-02 12:05:44.391  9070  9070 W ResourceType: For resource 0x7f150274, entry index(628) is beyond type entryCount(281)
09-02 12:05:44.391  9070  9070 W ResourceType: For resource 0x7f150372, entry index(882) is beyond type entryCount(281)
09-02 12:05:44.391  9070  9070 W ResourceType: For resource 0x7f15035b, entry index(859) is beyond type entryCount(281)
