09-02 12:05:44.945  9070  9070 W ResourceType: For resource 0x7f1505be, entry index(1470) is beyond type entryCount(281)
09-02 12:05:44.946  9070  9070 W ResourceType: For resource 0x7f150241, entry index(577) is beyond type entryCount(281)
09-02 12:05:44.946  9409  9409 W ResourceType: For resource 0x7f0c0068, entry index(104) is beyond type entryCount(100)
09-02 12:05:44.953  3979  3979 D PreBindingService: handleMessage : 1
09-02 12:05:44.954  9070  9070 W ResourceType: For resource 0x7f150241, entry index(577) is beyond type entryCount(281)
09-02 12:05:44.955  9070  9070 W ResourceType: For resource 0x7f15050e, entry index(1294) is beyond type entryCount(281)
09-02 12:05:44.955  9070  9070 W ResourceType: For resource 0x7f15061f, entry index(1567) is beyond type entryCount(281)
09-02 12:05:44.955  9070  9070 W ResourceType: For resource 0x7f15061f, entry index(1567) is beyond type entryCount(281)
09-02 12:05:44.955  9070  9070 W ResourceType: For resource 0x7f15058c, entry index(1420) is beyond type entryCount(281)
09-02 12:05:44.955  9070  9070 W ResourceType: For resource 0x7f150590, entry index(1424) is beyond type entryCount(281)
09-02 12:05:44.955  9070  9070 W ResourceType: For resource 0x7f15058e, entry index(1422) is beyond type entryCount(281)
09-02 12:05:44.955  9070  9070 W ResourceType: For resource 0x7f1504c3, entry index(1219) is beyond type entryCount(281)
09-02 12:05:44.955  9070  9070 W ResourceType: For resource 0x7f15059e, entry index(1438) is beyond type entryCount(281)
09-02 12:05:44.955  9070  9070 W ResourceType: For resource 0x7f150282, entry index(642) is beyond type entryCount(281)
09-02 12:05:44.955  9070  9070 W ResourceType: For resource 0x7f1504c3, entry index(1219) is beyond type entryCount(281)
09-02 12:05:44.955  9070  9070 W ResourceType: For resource 0x7f150719, entry index(1817) is beyond type entryCount(281)
09-02 12:05:44.955  9070  9070 W ResourceType: For resource 0x7f150578, entry index(1400) is beyond type entryCount(281)
09-02 12:05:44.955  9070  9070 W ResourceType: For resource 0x7f150284, entry index(644) is beyond type entryCount(281)
09-02 12:05:44.955  9070  9070 W ResourceType: For resource 0x7f150579, entry index(1401) is beyond type entryCount(281)
09-02 12:05:44.955  9070  9070 W ResourceType: For resource 0x7f1505e7, entry index(1511) is beyond type entryCount(281)
09-02 12:05:44.955  9070  9070 W ResourceType: For resource 0x7f15071e, entry index(1822) is beyond type entryCount(281)
09-02 12:05:44.955  9070  9070 I chatty  : uid=10158(u0_a158) identical 2 lines
09-02 12:05:44.955  9070  9070 W ResourceType: For resource 0x7f15071e, entry index(1822) is beyond type entryCount(281)
09-02 12:05:44.955  9070  9070 W ResourceType: For resource 0x7f150580, entry index(1408) is beyond type entryCount(281)
09-02 12:05:44.955  9070  9070 W ResourceType: For resource 0x7f15071e, entry index(1822) is beyond type entryCount(281)
09-02 12:05:44.955  9070  9070 W ResourceType: For resource 0x7f15017b, entry index(379) is beyond type entryCount(281)
09-02 12:05:44.955  9070  9070 W ResourceType: For resource 0x7f150283, entry index(643) is beyond type entryCount(281)
09-02 12:05:44.955  9070  9070 W ResourceType: For resource 0x7f1505a2, entry index(1442) is beyond type entryCount(281)
09-02 12:05:44.955  9070  9070 W ResourceType: For resource 0x7f1506f4, entry index(1780) is beyond type entryCount(281)
09-02 12:05:44.955  9070  9070 W ResourceType: For resource 0x7f150588, entry index(1416) is beyond type entryCount(281)
09-02 12:05:44.955  9070  9070 W ResourceType: For resource 0x7f15059f, entry index(1439) is beyond type entryCount(281)
09-02 12:05:44.955  9070  9070 W ResourceType: For resource 0x7f150649, entry index(1609) is beyond type entryCount(281)
09-02 12:05:44.955  9070  9070 W ResourceType: For resource 0x7f150442, entry index(1090) is beyond type entryCount(281)
09-02 12:05:44.955  9070  9070 W ResourceType: For resource 0x7f150718, entry index(1816) is beyond type entryCount(281)
09-02 12:05:44.955  9070  9070 W ResourceType: For resource 0x7f15017c, entry index(380) is beyond type entryCount(281)
09-02 12:05:44.955  9070  9070 W ResourceType: For resource 0x7f15059d, entry index(1437) is beyond type entryCount(281)
09-02 12:05:44.955  9070  9070 W ResourceType: For resource 0x7f15020a, entry index(522) is beyond type entryCount(281)
09-02 12:05:44.955  9070  9070 W ResourceType: For resource 0x7f150586, entry index(1414) is beyond type entryCount(281)
09-02 12:05:44.956  9070  9070 W ResourceType: For resource 0x7f15071c, entry index(1820) is beyond type entryCount(281)
09-02 12:05:44.956  9070  9070 W ResourceType: For resource 0x7f1502af, entry index(687) is beyond type entryCount(281)
09-02 12:05:44.956  9070  9070 W ResourceType: For resource 0x7f150274, entry index(628) is beyond type entryCount(281)
09-02 12:05:44.956  9070  9070 W ResourceType: For resource 0x7f150244, entry index(580) is beyond type entryCount(281)
09-02 12:05:44.956  9070  9070 W ResourceType: For resource 0x7f150274, entry index(628) is beyond type entryCount(281)
09-02 12:05:44.956  9070  9070 W ResourceType: For resource 0x7f150372, entry index(882) is beyond type entryCount(281)
09-02 12:05:44.956  9070  9070 W ResourceType: For resource 0x7f15035b, entry index(859) is beyond type entryCount(281)
09-02 12:05:44.956  9070  9070 W ResourceType: For resource 0x7f15035c, entry index(860) is beyond type entryCount(281)
09-02 12:05:44.956  9070  9070 W ResourceType: For resource 0x7f1502ad, entry index(685) is beyond type entryCount(281)
09-02 12:05:44.956  9070  9070 W ResourceType: For resource 0x7f150565, entry index(1381) is beyond type entryCount(281)
09-02 12:05:44.956  9070  9070 W ResourceType: For resource 0x7f150567, entry index(1383) is beyond type entryCount(281)
09-02 12:05:44.956  9070  9070 W ResourceType: For resource 0x7f150241, entry index(577) is beyond type entryCount(281)
09-02 12:05:44.956  9070  9070 I chatty  : uid=10158(u0_a158) identical 4 lines
09-02 12:05:44.956  9070  9070 W ResourceType: For resource 0x7f150241, entry index(577) is beyond type entryCount(281)
09-02 12:05:44.956  9070  9070 W ResourceType: For resource 0x7f1505bf, entry index(1471) is beyond type entryCount(281)
09-02 12:05:44.957  9070  9070 W ResourceType: For resource 0x7f150728, entry index(1832) is beyond type entryCount(281)
09-02 12:05:44.957  9070  9070 W ResourceType: For resource 0x7f1505bf, entry index(1471) is beyond type entryCount(281)
09-02 12:05:44.957  9070  9070 W ResourceType: For resource 0x7f150728, entry index(1832) is beyond type entryCount(281)
09-02 12:05:44.957  9070  9070 W ResourceType: For resource 0x7f150241, entry index(577) is beyond type entryCount(281)
09-02 12:05:44.957  9070  9070 W ResourceType: For resource 0x7f1505bf, entry index(1471) is beyond type entryCount(281)
09-02 12:05:44.957  9070  9070 W ResourceType: For resource 0x7f150728, entry index(1832) is beyond type entryCount(281)
09-02 12:05:44.957  9070  9070 W ResourceType: For resource 0x7f1505bf, entry index(1471) is beyond type entryCount(281)
09-02 12:05:44.957  9070  9070 W ResourceType: For resource 0x7f150728, entry index(1832) is beyond type entryCount(281)
09-02 12:05:44.957  9070  9070 W ResourceType: For resource 0x7f1505bf, entry index(1471) is beyond type entryCount(281)
09-02 12:05:44.957  9070  9070 W ResourceType: For resource 0x7f150728, entry index(1832) is beyond type entryCount(281)
09-02 12:05:44.957  9070  9070 W ResourceType: For resource 0x7f1505bf, entry index(1471) is beyond type entryCount(281)
09-02 12:05:44.957  9070  9070 W ResourceType: For resource 0x7f150728, entry index(1832) is beyond type entryCount(281)
09-02 12:05:44.957  9070  9070 W ResourceType: For resource 0x7f1505bf, entry index(1471) is beyond type entryCount(281)
09-02 12:05:44.957  9070  9070 W ResourceType: For resource 0x7f150728, entry index(1832) is beyond type entryCount(281)
09-02 12:05:44.957  9070  9070 W ResourceType: For resource 0x7f1505bf, entry index(1471) is beyond type entryCount(281)
09-02 12:05:44.957  9070  9070 W ResourceType: For resource 0x7f150728, entry index(1832) is beyond type entryCount(281)
09-02 12:05:44.958  9070  9070 W ResourceType: For resource 0x7f15050e, entry index(1294) is beyond type entryCount(281)
09-02 12:05:44.958  9070  9070 W ResourceType: For resource 0x7f15061f, entry index(1567) is beyond type entryCount(281)
09-02 12:05:44.958  9070  9070 W ResourceType: For resource 0x7f15061f, entry index(1567) is beyond type entryCount(281)
09-02 12:05:44.958  9070  9070 W ResourceType: For resource 0x7f15058c, entry index(1420) is beyond type entryCount(281)
09-02 12:05:44.958  9070  9070 W ResourceType: For resource 0x7f150590, entry index(1424) is beyond type entryCount(281)
09-02 12:05:44.958  9070  9070 W ResourceType: For resource 0x7f15058e, entry index(1422) is beyond type entryCount(281)
09-02 12:05:44.958  9070  9070 W ResourceType: For resource 0x7f1504c3, entry index(1219) is beyond type entryCount(281)
09-02 12:05:44.958  9070  9070 W ResourceType: For resource 0x7f15059e, entry index(1438) is beyond type entryCount(281)
09-02 12:05:44.958  9070  9070 W ResourceType: For resource 0x7f150282, entry index(642) is beyond type entryCount(281)
09-02 12:05:44.958  9070  9070 W ResourceType: For resource 0x7f1504c3, entry index(1219) is beyond type entryCount(281)
09-02 12:05:44.958  9070  9070 W ResourceType: For resource 0x7f150719, entry index(1817) is beyond type entryCount(281)
09-02 12:05:44.958  9070  9070 W ResourceType: For resource 0x7f150578, entry index(1400) is beyond type entryCount(281)
09-02 12:05:44.958  9070  9070 W ResourceType: For resource 0x7f150284, entry index(644) is beyond type entryCount(281)
09-02 12:05:44.958  9070  9070 W ResourceType: For resource 0x7f150579, entry index(1401) is beyond type entryCount(281)
09-02 12:05:44.958  9070  9070 W ResourceType: For resource 0x7f1505e7, entry index(1511) is beyond type entryCount(281)
09-02 12:05:44.958  9070  9070 W ResourceType: For resource 0x7f15071e, entry index(1822) is beyond type entryCount(281)
09-02 12:05:44.958  9070  9070 I chatty  : uid=10158(u0_a158) identical 2 lines
09-02 12:05:44.958  9070  9070 W ResourceType: For resource 0x7f15071e, entry index(1822) is beyond type entryCount(281)
09-02 12:05:44.958  9070  9070 W ResourceType: For resource 0x7f150580, entry index(1408) is beyond type entryCount(281)
09-02 12:05:44.958  9070  9070 W ResourceType: For resource 0x7f15071e, entry index(1822) is beyond type entryCount(281)
09-02 12:05:44.958  9070  9070 W ResourceType: For resource 0x7f15017b, entry index(379) is beyond type entryCount(281)
09-02 12:05:44.958  9070  9070 W ResourceType: For resource 0x7f150283, entry index(643) is beyond type entryCount(281)
09-02 12:05:44.958  9070  9070 W ResourceType: For resource 0x7f1505a2, entry index(1442) is beyond type entryCount(281)
09-02 12:05:44.958  9070  9070 W ResourceType: For resource 0x7f1506f4, entry index(1780) is beyond type entryCount(281)
09-02 12:05:44.958  9070  9070 W ResourceType: For resource 0x7f150588, entry index(1416) is beyond type entryCount(281)
09-02 12:05:44.958  9070  9070 W ResourceType: For resource 0x7f15059f, entry index(1439) is beyond type entryCount(281)
09-02 12:05:44.958  9070  9070 W ResourceType: For resource 0x7f150649, entry index(1609) is beyond type entryCount(281)
09-02 12:05:44.958  9070  9070 W ResourceType: For resource 0x7f150442, entry index(1090) is beyond type entryCount(281)
09-02 12:05:44.958  9070  9070 W ResourceType: For resource 0x7f150718, entry index(1816) is beyond type entryCount(281)
09-02 12:05:44.958  9070  9070 W ResourceType: For resource 0x7f15017c, entry index(380) is beyond type entryCount(281)
09-02 12:05:44.958  9070  9070 W ResourceType: For resource 0x7f15059d, entry index(1437) is beyond type entryCount(281)
09-02 12:05:44.958  9070  9070 W ResourceType: For resource 0x7f15020a, entry index(522) is beyond type entryCount(281)
09-02 12:05:44.958  9070  9070 W ResourceType: For resource 0x7f150586, entry index(1414) is beyond type entryCount(281)
09-02 12:05:44.958  9070  9070 W ResourceType: For resource 0x7f15071c, entry index(1820) is beyond type entryCount(281)
09-02 12:05:44.958  9070  9070 W ResourceType: For resource 0x7f1502af, entry index(687) is beyond type entryCount(281)
09-02 12:05:44.958  9070  9070 W ResourceType: For resource 0x7f150274, entry index(628) is beyond type entryCount(281)
09-02 12:05:44.958  9070  9070 W ResourceType: For resource 0x7f150244, entry index(580) is beyond type entryCount(281)
09-02 12:05:44.958  9070  9070 W ResourceType: For resource 0x7f150274, entry index(628) is beyond type entryCount(281)
09-02 12:05:44.958  9070  9070 W ResourceType: For resource 0x7f150372, entry index(882) is beyond type entryCount(281)
09-02 12:05:44.958  9070  9070 W ResourceType: For resource 0x7f15035b, entry index(859) is beyond type entryCount(281)
09-02 12:05:44.958  9070  9070 W ResourceType: For resource 0x7f15035c, entry index(860) is beyond type entryCount(281)
09-02 12:05:44.958  9070  9070 W ResourceType: For resource 0x7f1502ad, entry index(685) is beyond type entryCount(281)
09-02 12:05:44.958  9070  9070 W ResourceType: For resource 0x7f150565, entry index(1381) is beyond type entryCount(281)
09-02 12:05:44.958  9070  9070 W ResourceType: For resource 0x7f150567, entry index(1383) is beyond type entryCount(281)
09-02 12:05:44.959  9070  9070 W ResourceType: For resource 0x7f1505bd, entry index(1469) is beyond type entryCount(281)
09-02 12:05:44.959  9070  9070 I chatty  : uid=10158(u0_a158) identical 6 lines
09-02 12:05:44.959  9070  9070 W ResourceType: For resource 0x7f1505bd, entry index(1469) is beyond type entryCount(281)
09-02 12:05:44.963  3462  3462 I SurfaceFlinger: id=1576 createSurf (720x1280),4 flag=404, SurfaceView - com.opera.browser/com.opera.Opera@5090ab2@0#0
09-02 12:05:44.964  3462  3462 I SurfaceFlinger: id=1577 createSurf (720x1280),-1 flag=20404, Background for - SurfaceView - com.opera.browser/com.opera.Opera@5090ab2@0#0
09-02 12:05:44.965  9070  9070 D SurfaceView: BG show() Surface(name=Background for - SurfaceView - com.opera.browser/com.opera.Opera@5090ab2@0) android.view.SurfaceView{5090ab2 V.E...... ......ID 0,0-720,1280}
09-02 12:05:44.978  9070  9070 V Surface : sf_framedrop debug : 0x4f4c, game : false, logging : 0
09-02 12:05:44.978  9070  9070 D SurfaceView: surfaceCreated 1 android.view.SurfaceView{5090ab2 V.E...... ......ID 0,0-720,1280}
09-02 12:05:44.978  9070  9070 D SurfaceView: surfaceChanged (720,1280) 1 android.view.SurfaceView{5090ab2 V.E...... ......ID 0,0-720,1280}
09-02 12:05:44.980  9070  9429 I zygote  : Deoptimizing boolean g87.m(long) due to JIT inline cache
09-02 12:05:45.007  9288  9309 V Surface : sf_framedrop debug : 0x4f4c, game : false, logging : 0
09-02 12:05:45.008  9288  9309 D mali_winsys: EGLint new_window_surface(egl_winsys_display *, void *, EGLSurface, EGLConfig, egl_winsys_surface **, egl_color_buffer_format *, EGLBoolean) returns 0x3000,  [720x1280]-format:1
09-02 12:05:45.015  3979  4672 D ConnectivityService: filterNetworkStateForUid() uid: 10158 networkInfo: [type: WIFI[] - WIFI, state: CONNECTED/CONNECTED, reason: (unspecified), extra: "WiFi 69", failover: false, available: true, roaming: false, metered: false]
09-02 12:05:45.028  3979  3994 D ConnectivityService: filterNetworkStateForUid() uid: 1000 networkInfo: [type: WIFI[] - WIFI, state: CONNECTED/CONNECTED, reason: (unspecified), extra: "WiFi 69", failover: false, available: true, roaming: false, metered: false]
09-02 12:05:45.029 10264 10733 I FontLog : Received query Noto Color Emoji Compat, URI content://com.google.android.gms.fonts [CONTEXT service_id=132 ]
09-02 12:05:45.029 10264 10733 I FontLog : Query [emojicompat-emoji-font] resolved to {Noto Color Emoji Compat, wdth 100.0, wght 400, ital 0.0, bestEffort false} [CONTEXT service_id=132 ]
09-02 12:05:45.031  3979  5925 D PackageManager: setEnabledSetting : userId = 0 packageName = com.opera.browser cmp = com.opera.android.readlater.MigrationBroadcastReceiver newState = 2 callingPackage = 10158/com.opera.browser
09-02 12:05:45.033 10264 10733 I FontLog : Fetch {Noto Color Emoji Compat, wdth 100.0, wght 400, ital 0.0, bestEffort false} end status Status{statusCode=SUCCESS, resolution=null} [CONTEXT service_id=132 ]
09-02 12:05:45.041  9070  9070 I zygote  : Deoptimizing java.lang.Object gs4.a() due to JIT inline cache
09-02 12:05:45.041  3979  3994 D ConnectivityService: filterNetworkStateForUid() uid: 1000 networkInfo: [type: WIFI[] - WIFI, state: CONNECTED/CONNECTED, reason: (unspecified), extra: "WiFi 69", failover: false, available: true, roaming: false, metered: false]
09-02 12:05:45.045 10264 10733 I FontLog : Pulling font file for id = 746, cache size = 4 [CONTEXT service_id=132 ]
09-02 12:05:45.053  3979  3994 D SyncManager: failed sync operation JobId: 109703, com.opera.browser u0 (com.opera.browser.ping), com.opera.browser.ping.provider, SERVER, reason: 10158, SyncResult: delayUntil: 1693656345 stats [ numIoExceptions: 1]
09-02 12:05:45.056  3979  3994 D ConnectivityService: filterNetworkStateForUid() uid: 10158 networkInfo: [type: WIFI[] - WIFI, state: CONNECTED/CONNECTED, reason: (unspecified), extra: "WiFi 69", failover: false, available: true, roaming: false, metered: false]
09-02 12:05:45.057 10264 10733 I FontLog : Pulling font file for id = 746, cache size = 4 [CONTEXT service_id=132 ]
09-02 12:05:45.065  3979  3994 D SamsungAlarmManager: setInexact Listener (T:2/F:0/AC:false) 20230902T120615 - CU:1000/CP:3979
09-02 12:05:45.065  3979  3994 I SamsungAlarmManager: setLocked to kernel - T:2 / 20230902T120615, SetElapsed=94357113, nowELAPSED=94326498
09-02 12:05:45.068  3979  4672 D ConnectivityService: filterNetworkStateForUid() uid: 10025 networkInfo: [type: WIFI[] - WIFI, state: CONNECTED/CONNECTED, reason: (unspecified), extra: "WiFi 69", failover: false, available: true, roaming: false, metered: false]
09-02 12:05:45.071  3979  3994 I SamsungAlarmManager: setLocked to kernel - T:2 / 20230902T120811, SetElapsed=94472553, nowELAPSED=94326503
09-02 12:05:45.071  3979  3994 D SamsungAlarmManager: setInexact Listener (T:2/F:0/AC:false) 20230902T121038 - CU:1000/CP:3979
09-02 12:05:45.074  3979  3994 D SamsungAlarmManager: setInexact Listener (T:2/F:0/AC:false) 20230902T121206 - CU:1000/CP:3979
09-02 12:05:45.090  9070  9070 W ResourceType: For resource 0x7f15050e, entry index(1294) is beyond type entryCount(281)
09-02 12:05:45.090  9070  9070 W ResourceType: For resource 0x7f15061f, entry index(1567) is beyond type entryCount(281)
09-02 12:05:45.090  9070  9070 W ResourceType: For resource 0x7f15061f, entry index(1567) is beyond type entryCount(281)
09-02 12:05:45.090  9070  9070 W ResourceType: For resource 0x7f15058c, entry index(1420) is beyond type entryCount(281)
09-02 12:05:45.090  9070  9070 W ResourceType: For resource 0x7f150590, entry index(1424) is beyond type entryCount(281)
09-02 12:05:45.090  9070  9070 W ResourceType: For resource 0x7f15058e, entry index(1422) is beyond type entryCount(281)
09-02 12:05:45.090  9070  9070 W ResourceType: For resource 0x7f1504c3, entry index(1219) is beyond type entryCount(281)
09-02 12:05:45.090  9070  9070 W ResourceType: For resource 0x7f15059e, entry index(1438) is beyond type entryCount(281)
09-02 12:05:45.090  9070  9070 W ResourceType: For resource 0x7f150282, entry index(642) is beyond type entryCount(281)
09-02 12:05:45.091  9070  9070 W ResourceType: For resource 0x7f1504c3, entry index(1219) is beyond type entryCount(281)
09-02 12:05:45.091  9070  9070 W ResourceType: For resource 0x7f150719, entry index(1817) is beyond type entryCount(281)
09-02 12:05:45.091  9070  9070 W ResourceType: For resource 0x7f150578, entry index(1400) is beyond type entryCount(281)
09-02 12:05:45.091  9070  9070 W ResourceType: For resource 0x7f150284, entry index(644) is beyond type entryCount(281)
09-02 12:05:45.091  9070  9070 W ResourceType: For resource 0x7f150579, entry index(1401) is beyond type entryCount(281)
09-02 12:05:45.091  9070  9070 W ResourceType: For resource 0x7f1505e7, entry index(1511) is beyond type entryCount(281)
09-02 12:05:45.091  9070  9070 W ResourceType: For resource 0x7f15071e, entry index(1822) is beyond type entryCount(281)
09-02 12:05:45.091  9070  9070 I chatty  : uid=10158(u0_a158) identical 2 lines
09-02 12:05:45.091  9070  9070 W ResourceType: For resource 0x7f15071e, entry index(1822) is beyond type entryCount(281)
09-02 12:05:45.091  9070  9070 W ResourceType: For resource 0x7f150580, entry index(1408) is beyond type entryCount(281)
09-02 12:05:45.091  9070  9070 W ResourceType: For resource 0x7f15071e, entry index(1822) is beyond type entryCount(281)
09-02 12:05:45.091  9070  9070 W ResourceType: For resource 0x7f15017b, entry index(379) is beyond type entryCount(281)
09-02 12:05:45.091  9070  9070 W ResourceType: For resource 0x7f150283, entry index(643) is beyond type entryCount(281)
09-02 12:05:45.091  9070  9070 W ResourceType: For resource 0x7f1505a2, entry index(1442) is beyond type entryCount(281)
09-02 12:05:45.091  9070  9070 W ResourceType: For resource 0x7f1506f4, entry index(1780) is beyond type entryCount(281)
09-02 12:05:45.091  9070  9070 W ResourceType: For resource 0x7f150588, entry index(1416) is beyond type entryCount(281)
09-02 12:05:45.091  9070  9070 W ResourceType: For resource 0x7f15059f, entry index(1439) is beyond type entryCount(281)
09-02 12:05:45.091  9070  9070 W ResourceType: For resource 0x7f150649, entry index(1609) is beyond type entryCount(281)
09-02 12:05:45.091  9070  9070 W ResourceType: For resource 0x7f150442, entry index(1090) is beyond type entryCount(281)
09-02 12:05:45.091  9070  9070 W ResourceType: For resource 0x7f150718, entry index(1816) is beyond type entryCount(281)
09-02 12:05:45.091  9070  9070 W ResourceType: For resource 0x7f15017c, entry index(380) is beyond type entryCount(281)
09-02 12:05:45.091  9070  9070 W ResourceType: For resource 0x7f15059d, entry index(1437) is beyond type entryCount(281)
09-02 12:05:45.091  9070  9070 W ResourceType: For resource 0x7f15020a, entry index(522) is beyond type entryCount(281)
09-02 12:05:45.091  9070  9070 W ResourceType: For resource 0x7f150586, entry index(1414) is beyond type entryCount(281)
09-02 12:05:45.091  9070  9070 W ResourceType: For resource 0x7f15071c, entry index(1820) is beyond type entryCount(281)
09-02 12:05:45.091  9070  9070 W ResourceType: For resource 0x7f1502af, entry index(687) is beyond type entryCount(281)
09-02 12:05:45.091  9070  9070 W ResourceType: For resource 0x7f150274, entry index(628) is beyond type entryCount(281)
09-02 12:05:45.091  9070  9070 W ResourceType: For resource 0x7f150244, entry index(580) is beyond type entryCount(281)
09-02 12:05:45.091  9070  9070 W ResourceType: For resource 0x7f150274, entry index(628) is beyond type entryCount(281)
09-02 12:05:45.091  9070  9070 W ResourceType: For resource 0x7f150372, entry index(882) is beyond type entryCount(281)
09-02 12:05:45.091  9070  9070 W ResourceType: For resource 0x7f15035b, entry index(859) is beyond type entryCount(281)
09-02 12:05:45.091  9070  9070 W ResourceType: For resource 0x7f15035c, entry index(860) is beyond type entryCount(281)
09-02 12:05:45.091  9070  9070 W ResourceType: For resource 0x7f1502ad, entry index(685) is beyond type entryCount(281)
09-02 12:05:45.091  9070  9070 W ResourceType: For resource 0x7f150565, entry index(1381) is beyond type entryCount(281)
09-02 12:05:45.091  9070  9070 W ResourceType: For resource 0x7f150567, entry index(1383) is beyond type entryCount(281)
09-02 12:05:45.093  3979  3994 D ConnectivityService: filterNetworkStateForUid() uid: 1000 networkInfo: [type: WIFI[] - WIFI, state: CONNECTED/CONNECTED, reason: (unspecified), extra: "WiFi 69", failover: false, available: true, roaming: false, metered: false]
09-02 12:05:45.096  3979  3988 I zygote64: Background concurrent copying GC freed 177860(9MB) AllocSpace objects, 106(2MB) LOS objects, 37% free, 39MB/63MB, paused 534us total 225.493ms
09-02 12:05:45.097  3979  3994 D ConnectivityService: filterNetworkStateForUid() uid: 10158 networkInfo: [type: WIFI[] - WIFI, state: CONNECTED/CONNECTED, reason: (unspecified), extra: "WiFi 69", failover: false, available: true, roaming: false, metered: false]
09-02 12:05:45.109  9070  9075 I zygote  : Do full code cache collection, code=254KB, data=208KB
09-02 12:05:45.116  7505  7523 I Finsky  : [2050] ncc.l(14): com.opera.browser: Account determined from installer data - [U-iik75Til66Sqc4rcg2VQIPTcVEABCt30QhmAx4030]
09-02 12:05:45.117 10264 10609 I FontLog : Received query name=Google Sans&weight=700&besteffort=false, URI content://com.google.android.gms.fonts [CONTEXT service_id=132 ]
09-02 12:05:45.117  7505  7523 I Finsky  : [2050] ncc.l(61): Billing preferred account via installer for com.opera.browser: [U-iik75Til66Sqc4rcg2VQIPTcVEABCt30QhmAx4030]
09-02 12:05:45.117 10264 10609 I FontLog : Query [name=Google Sans&weight=700&besteffort=false] resolved to {Google Sans, wdth 100.0, wght 700, ital 0.0, bestEffort false} [CONTEXT service_id=132 ]
09-02 12:05:45.118  7505  7523 W Finsky  : [2050] hgm.i(10): Unsupported billing API version: 19
09-02 12:05:45.119 10264 10609 I FontLog : Fetch {Google Sans, wdth 100.0, wght 700, ital 0.0, bestEffort false} end status Status{statusCode=SUCCESS, resolution=null} [CONTEXT service_id=132 ]
09-02 12:05:45.121  3979  5925 V WindowManager: Relayout Window{78b953c u0 com.opera.browser/com.opera.Opera}: viewVisibility=0 req=720x1280 WM.LayoutParams{(0,0)(fillxfill) sim=#10 ty=1 fl=#89810100 pfl=0x20000 fmt=-3 wanim=0x10302fd vsysui=0x2700 sysuil=true needsMenuKey=2 colorMode=0 naviIconColor=0}
09-02 12:05:45.122  7505  7523 I Finsky  : [2050] ncc.l(14): com.opera.browser: Account determined from installer data - [U-iik75Til66Sqc4rcg2VQIPTcVEABCt30QhmAx4030]
09-02 12:05:45.123  7505  7523 I Finsky  : [2050] ncc.l(61): Billing preferred account via installer for com.opera.browser: [U-iik75Til66Sqc4rcg2VQIPTcVEABCt30QhmAx4030]
09-02 12:05:45.127  9070  9075 I zygote  : After code cache collection, code=223KB, data=148KB
09-02 12:05:45.127  7505  7523 W Finsky  : [2050] hgm.i(10): Unsupported billing API version: 18
09-02 12:05:45.127  9070  9070 D ViewRootImpl@359a6fb[Opera]: Relayout returned: old=[0,0][720,1280] new=[0,0][720,1280] result=0x1 surface={valid=true 3289683968} changed=false
09-02 12:05:45.129  9070  9070 W View    : requestLayout() improperly called by android.widget.FrameLayout{a100da5 VFE...C.. ......ID 236,999-713,1175 #7f0a01ca app:id/content} during layout: running second layout pass
09-02 12:05:45.129  9070  9070 I ViewRootImpl@359a6fb[Opera]: requestLayout is already in process
09-02 12:05:45.130 10264 10609 I FontLog : Pulling font file for id = 747, cache size = 5 [CONTEXT service_id=132 ]
09-02 12:05:45.132  7505  7523 I Finsky  : [2050] ncc.l(14): com.opera.browser: Account determined from installer data - [U-iik75Til66Sqc4rcg2VQIPTcVEABCt30QhmAx4030]
09-02 12:05:45.132  3462  3462 I SurfaceFlinger: Display 0 HWC layers:
09-02 12:05:45.132  3462  3462 I SurfaceFlinger:     type    |    handle    | flag |  format   |   source crop (l,t,r,b)    |         frame       | name 
09-02 12:05:45.132  3462  3462 I SurfaceFlinger: ------------+--------------+------+-----------+----------------------------+---------------------+------
09-02 12:05:45.132  3462  3462 I SurfaceFlinger:      Device | 0x7ac4c24900 | 0002 | RGBA_8888 |   0.0    0.0  720.0 1280.0 |    0    0  720 1280 | SurfaceView - com.opera.browser/com.opera.Opera@5090ab2@0#0
09-02 12:05:45.132  3462  3462 I SurfaceFlinger:      Device | 0x7ac4c246c0 | 0000 | RGBA_8888 |   0.0    0.0  720.0 1280.0 |    0    0  720 1280 | com.opera.browser/com.opera.Opera#0
09-02 12:05:45.132  3462  3462 I SurfaceFlinger:      Device | 0x7ac4c25140 | 0000 | RGBA_8888 |   0.0    0.0  720.0   42.0 |    0    0  720   42 | StatusBar#0
09-02 12:05:45.132  3462  3462 I SurfaceFlinger: 
09-02 12:05:45.133  7505  7523 I Finsky  : [2050] ncc.l(61): Billing preferred account via installer for com.opera.browser: [U-iik75Til66Sqc4rcg2VQIPTcVEABCt30QhmAx4030]
09-02 12:05:45.140 10264 10609 I FontLog : Received query name=Noto Color Emoji Compat&weight=400&besteffort=false, URI content://com.google.android.gms.fonts [CONTEXT service_id=132 ]
09-02 12:05:45.141 10264 10609 I FontLog : Query [name=Noto Color Emoji Compat&weight=400&besteffort=false] resolved to {Noto Color Emoji Compat, wdth 100.0, wght 400, ital 0.0, bestEffort false} [CONTEXT service_id=132 ]
09-02 12:05:45.144 10264 10609 I FontLog : Fetch {Noto Color Emoji Compat, wdth 100.0, wght 400, ital 0.0, bestEffort false} end status Status{statusCode=SUCCESS, resolution=null} [CONTEXT service_id=132 ]
09-02 12:05:45.145  7505  7523 I Finsky  : [2050] ncc.l(14): com.opera.browser: Account determined from installer data - [U-iik75Til66Sqc4rcg2VQIPTcVEABCt30QhmAx4030]
09-02 12:05:45.146  7505  7523 I Finsky  : [2050] ncc.l(61): Billing preferred account via installer for com.opera.browser: [U-iik75Til66Sqc4rcg2VQIPTcVEABCt30QhmAx4030]
09-02 12:05:45.147  7505  7523 W Finsky  : [2050] hgm.i(10): Unsupported billing API version: 19
09-02 12:05:45.156 10264 10609 I FontLog : Pulling font file for id = 748, cache size = 6 [CONTEXT service_id=132 ]
09-02 12:05:45.158  7505  7523 I Finsky  : [2050] ncc.l(14): com.opera.browser: Account determined from installer data - [U-iik75Til66Sqc4rcg2VQIPTcVEABCt30QhmAx4030]
09-02 12:05:45.159  7505  7523 I Finsky  : [2050] ncc.l(61): Billing preferred account via installer for com.opera.browser: [U-iik75Til66Sqc4rcg2VQIPTcVEABCt30QhmAx4030]
09-02 12:05:45.161  7505  7523 W Finsky  : [2050] hgm.i(10): Unsupported billing API version: 18
09-02 12:05:45.165  9070  9070 I zygote  : Deoptimizing boolean ks4.a(java.util.AbstractCollection, java.util.Iterator) due to JIT inline cache
09-02 12:05:45.165 10264 10609 I FontLog : Received query name=Google Sans&weight=400&besteffort=false, URI content://com.google.android.gms.fonts [CONTEXT service_id=132 ]
09-02 12:05:45.166 10264 10609 I FontLog : Query [name=Google Sans&weight=400&besteffort=false] resolved to {Google Sans, wdth 100.0, wght 400, ital 0.0, bestEffort false} [CONTEXT service_id=132 ]
09-02 12:05:45.166  7505  7523 I Finsky  : [2050] ncc.l(14): com.opera.browser: Account determined from installer data - [U-iik75Til66Sqc4rcg2VQIPTcVEABCt30QhmAx4030]
09-02 12:05:45.167  7505  7523 I Finsky  : [2050] ncc.l(61): Billing preferred account via installer for com.opera.browser: [U-iik75Til66Sqc4rcg2VQIPTcVEABCt30QhmAx4030]
09-02 12:05:45.168 10264 10609 I FontLog : Font PFD returned from cache for {Google Sans, wdth 100.0, wght 400, ital 0.0, bestEffort false} [CONTEXT service_id=132 ]
09-02 12:05:45.168 10264 10609 I FontLog : Fetch {Google Sans, wdth 100.0, wght 400, ital 0.0, bestEffort false} end status Status{statusCode=SUCCESS, resolution=null} [CONTEXT service_id=132 ]
09-02 12:05:45.180 10264 10733 I FontLog : Pulling font file for id = 749, cache size = 6 [CONTEXT service_id=132 ]
09-02 12:05:45.188  7505  7523 I Finsky  : [2050] ncc.l(14): com.opera.browser: Account determined from installer data - [U-iik75Til66Sqc4rcg2VQIPTcVEABCt30QhmAx4030]
09-02 12:05:45.189  7505  7523 I Finsky  : [2050] ncc.l(61): Billing preferred account via installer for com.opera.browser: [U-iik75Til66Sqc4rcg2VQIPTcVEABCt30QhmAx4030]
09-02 12:05:45.189 10264 10609 I FontLog : Received query name=Google Sans&weight=500&besteffort=false, URI content://com.google.android.gms.fonts [CONTEXT service_id=132 ]
09-02 12:05:45.189 10264 10609 I FontLog : Query [name=Google Sans&weight=500&besteffort=false] resolved to {Google Sans, wdth 100.0, wght 500, ital 0.0, bestEffort false} [CONTEXT service_id=132 ]
09-02 12:05:45.191 10264 10609 I FontLog : Font PFD returned from cache for {Google Sans, wdth 100.0, wght 500, ital 0.0, bestEffort false} [CONTEXT service_id=132 ]
09-02 12:05:45.191 10264 10609 I FontLog : Fetch {Google Sans, wdth 100.0, wght 500, ital 0.0, bestEffort false} end status Status{statusCode=SUCCESS, resolution=null} [CONTEXT service_id=132 ]
09-02 12:05:45.204 10264 10609 I FontLog : Pulling font file for id = 750, cache size = 7 [CONTEXT service_id=132 ]
09-02 12:05:45.215  3979  4672 D ConnectivityService: filterNetworkStateForUid() uid: 10158 networkInfo: [type: WIFI[] - WIFI, state: CONNECTED/CONNECTED, reason: (unspecified), extra: "WiFi 69", failover: false, available: true, roaming: false, metered: false]
09-02 12:05:45.223  3979  9339 D ConnectivityService: filterNetworkStateForUid() uid: 10158 networkInfo: [type: WIFI[] - WIFI, state: CONNECTED/CONNECTED, reason: (unspecified), extra: "WiFi 69", failover: false, available: true, roaming: false, metered: false]
09-02 12:05:45.231  3614  3927 D DnsProxyListener: DNSDBG::dns addrinfo af 2
09-02 12:05:45.235  9288  9447 W AudioCapabilities: Unsupported mime audio/mpeg-L1
09-02 12:05:45.238  9288  9447 W AudioCapabilities: Unsupported mime audio/mpeg-L2
09-02 12:05:45.240  9070  9070 W ResourceType: For resource 0x7f150274, entry index(628) is beyond type entryCount(281)
09-02 12:05:45.240  9070  9070 W ResourceType: For resource 0x7f150274, entry index(628) is beyond type entryCount(281)
09-02 12:05:45.240  9070  9070 W ResourceType: For resource 0x7f1503d5, entry index(981) is beyond type entryCount(281)
09-02 12:05:45.240  9070  9070 W ResourceType: For resource 0x7f1503c0, entry index(960) is beyond type entryCount(281)
09-02 12:05:45.243  9288  9447 W AudioCapabilities: Unsupported mime audio/x-ms-wma
09-02 12:05:45.249  9288  9447 W AudioCapabilities: Unsupported mime audio/x-ima
09-02 12:05:45.255  9288  9447 W VideoCapabilities: Unrecognized profile 2130706433 for video/avc
09-02 12:05:45.255  9288  9447 W VideoCapabilities: Unrecognized profile 2130706434 for video/avc
09-02 12:05:45.258  9288  9447 W VideoCapabilities: Unrecognized profile 2130706433 for video/avc
09-02 12:05:45.258  9288  9447 W VideoCapabilities: Unrecognized profile 2130706434 for video/avc
09-02 12:05:45.272  9070  9070 W ResourceType: For resource 0x7f150278, entry index(632) is beyond type entryCount(281)
09-02 12:05:45.273  9070  9070 W ResourceType: For resource 0x7f150278, entry index(632) is beyond type entryCount(281)
09-02 12:05:45.273  9070  9070 W ResourceType: For resource 0x7f15050e, entry index(1294) is beyond type entryCount(281)
09-02 12:05:45.274  9070  9070 W ResourceType: For resource 0x7f15061f, entry index(1567) is beyond type entryCount(281)
09-02 12:05:45.274  9070  9070 W ResourceType: For resource 0x7f15061f, entry index(1567) is beyond type entryCount(281)
09-02 12:05:45.274  9070  9070 W ResourceType: For resource 0x7f15058c, entry index(1420) is beyond type entryCount(281)
09-02 12:05:45.274  9070  9070 W ResourceType: For resource 0x7f150590, entry index(1424) is beyond type entryCount(281)
09-02 12:05:45.274  9070  9070 W ResourceType: For resource 0x7f15058e, entry index(1422) is beyond type entryCount(281)
09-02 12:05:45.274  9070  9070 W ResourceType: For resource 0x7f1504c3, entry index(1219) is beyond type entryCount(281)
09-02 12:05:45.274  9070  9070 W ResourceType: For resource 0x7f15059e, entry index(1438) is beyond type entryCount(281)
09-02 12:05:45.274  9070  9070 W ResourceType: For resource 0x7f150282, entry index(642) is beyond type entryCount(281)
09-02 12:05:45.274  9070  9070 W ResourceType: For resource 0x7f1504c3, entry index(1219) is beyond type entryCount(281)
09-02 12:05:45.274  9070  9070 W ResourceType: For resource 0x7f150719, entry index(1817) is beyond type entryCount(281)
09-02 12:05:45.274  9070  9070 W ResourceType: For resource 0x7f150578, entry index(1400) is beyond type entryCount(281)
09-02 12:05:45.274  9070  9070 W ResourceType: For resource 0x7f150284, entry index(644) is beyond type entryCount(281)
09-02 12:05:45.274  9070  9070 W ResourceType: For resource 0x7f150579, entry index(1401) is beyond type entryCount(281)
09-02 12:05:45.274  9070  9070 W ResourceType: For resource 0x7f1505e7, entry index(1511) is beyond type entryCount(281)
09-02 12:05:45.274  9070  9070 W ResourceType: For resource 0x7f15071e, entry index(1822) is beyond type entryCount(281)
09-02 12:05:45.274  9070  9070 I chatty  : uid=10158(u0_a158) identical 2 lines
09-02 12:05:45.274  9070  9070 W ResourceType: For resource 0x7f15071e, entry index(1822) is beyond type entryCount(281)
09-02 12:05:45.274  9070  9070 W ResourceType: For resource 0x7f150580, entry index(1408) is beyond type entryCount(281)
09-02 12:05:45.274  9070  9070 W ResourceType: For resource 0x7f15071e, entry index(1822) is beyond type entryCount(281)
09-02 12:05:45.274  9070  9070 W ResourceType: For resource 0x7f15017b, entry index(379) is beyond type entryCount(281)
09-02 12:05:45.274  9070  9070 W ResourceType: For resource 0x7f150283, entry index(643) is beyond type entryCount(281)
09-02 12:05:45.274  9070  9070 W ResourceType: For resource 0x7f1505a2, entry index(1442) is beyond type entryCount(281)
09-02 12:05:45.274  9070  9070 W ResourceType: For resource 0x7f1506f4, entry index(1780) is beyond type entryCount(281)
09-02 12:05:45.274  9070  9070 W ResourceType: For resource 0x7f150588, entry index(1416) is beyond type entryCount(281)
09-02 12:05:45.274  9070  9070 W ResourceType: For resource 0x7f15059f, entry index(1439) is beyond type entryCount(281)
09-02 12:05:45.274  9070  9070 W ResourceType: For resource 0x7f150649, entry index(1609) is beyond type entryCount(281)
09-02 12:05:45.274  9070  9070 W ResourceType: For resource 0x7f150442, entry index(1090) is beyond type entryCount(281)
09-02 12:05:45.274  9070  9070 W ResourceType: For resource 0x7f150718, entry index(1816) is beyond type entryCount(281)
09-02 12:05:45.274  9070  9070 W ResourceType: For resource 0x7f15017c, entry index(380) is beyond type entryCount(281)
09-02 12:05:45.274  9070  9070 W ResourceType: For resource 0x7f15059d, entry index(1437) is beyond type entryCount(281)
09-02 12:05:45.274  9070  9070 W ResourceType: For resource 0x7f15020a, entry index(522) is beyond type entryCount(281)
09-02 12:05:45.274  9070  9070 W ResourceType: For resource 0x7f150586, entry index(1414) is beyond type entryCount(281)
09-02 12:05:45.274  9070  9070 W ResourceType: For resource 0x7f15071c, entry index(1820) is beyond type entryCount(281)
09-02 12:05:45.274  9070  9070 W ResourceType: For resource 0x7f1502af, entry index(687) is beyond type entryCount(281)
09-02 12:05:45.274  9070  9070 W ResourceType: For resource 0x7f150274, entry index(628) is beyond type entryCount(281)
09-02 12:05:45.274  9070  9070 W ResourceType: For resource 0x7f150244, entry index(580) is beyond type entryCount(281)
09-02 12:05:45.274  9070  9070 W ResourceType: For resource 0x7f150274, entry index(628) is beyond type entryCount(281)
09-02 12:05:45.274  9070  9070 W ResourceType: For resource 0x7f150372, entry index(882) is beyond type entryCount(281)
09-02 12:05:45.274  9070  9070 W ResourceType: For resource 0x7f15035b, entry index(859) is beyond type entryCount(281)
09-02 12:05:45.274  9070  9070 W ResourceType: For resource 0x7f15035c, entry index(860) is beyond type entryCount(281)
09-02 12:05:45.274  9070  9070 W ResourceType: For resource 0x7f1502ad, entry index(685) is beyond type entryCount(281)
09-02 12:05:45.274  9070  9070 W ResourceType: For resource 0x7f150565, entry index(1381) is beyond type entryCount(281)
09-02 12:05:45.274  9070  9070 W ResourceType: For resource 0x7f150567, entry index(1383) is beyond type entryCount(281)
09-02 12:05:45.274  9070  9070 W ResourceType: For resource 0x7f150278, entry index(632) is beyond type entryCount(281)
09-02 12:05:45.275  9070  9070 I chatty  : uid=10158(u0_a158) identical 3 lines
09-02 12:05:45.275  9070  9070 W ResourceType: For resource 0x7f150278, entry index(632) is beyond type entryCount(281)
09-02 12:05:45.276  9070  9070 W ResourceType: For resource 0x7f150728, entry index(1832) is beyond type entryCount(281)
09-02 12:05:45.276  9070  9070 I chatty  : uid=10158(u0_a158) identical 6 lines
09-02 12:05:45.276  9070  9070 W ResourceType: For resource 0x7f150728, entry index(1832) is beyond type entryCount(281)
09-02 12:05:45.282  9288  9447 W VideoCapabilities: Unsupported mime video/wvc1
09-02 12:05:45.285  9288  9447 W VideoCapabilities: Unsupported mime video/x-ms-wmv
09-02 12:05:45.289  9288  9447 W VideoCapabilities: Unrecognized profile 2130706433 for video/avc
09-02 12:05:45.289  9288  9447 W VideoCapabilities: Unrecognized profile 2130706434 for video/avc
09-02 12:05:45.294  9070  9070 W ResourceType: For resource 0x7f1506f1, entry index(1777) is beyond type entryCount(281)
09-02 12:05:45.294  9070  9070 W ResourceType: For resource 0x7f1505fc, entry index(1532) is beyond type entryCount(281)
09-02 12:05:45.294  9070  9070 W ResourceType: For resource 0x7f150141, entry index(321) is beyond type entryCount(281)
09-02 12:05:45.294  9070  9070 W ResourceType: For resource 0x7f150153, entry index(339) is beyond type entryCount(281)
09-02 12:05:45.294  9070  9070 W ResourceType: For resource 0x7f1504f8, entry index(1272) is beyond type entryCount(281)
09-02 12:05:45.295  9070  9070 W ResourceType: For resource 0x7f1504f8, entry index(1272) is beyond type entryCount(281)
09-02 12:05:45.296  9070  9070 W ResourceType: For resource 0x7f150264, entry index(612) is beyond type entryCount(281)
09-02 12:05:45.296  9070  9070 W ResourceType: For resource 0x7f150264, entry index(612) is beyond type entryCount(281)
09-02 12:05:45.296  9070  9070 W ResourceType: For resource 0x7f1503cd, entry index(973) is beyond type entryCount(281)
09-02 12:05:45.296  9070  9070 W ResourceType: For resource 0x7f1503bc, entry index(956) is beyond type entryCount(281)
09-02 12:05:45.296  9070  9070 W ResourceType: For resource 0x7f150348, entry index(840) is beyond type entryCount(281)
09-02 12:05:45.297  9070  9070 W ResourceType: For resource 0x7f150264, entry index(612) is beyond type entryCount(281)
09-02 12:05:45.299  9288  9447 W VideoCapabilities: Unsupported mime video/avc-wfd
09-02 12:05:45.299  9070  9070 W ResourceType: For resource 0x7f15050e, entry index(1294) is beyond type entryCount(281)
09-02 12:05:45.299  9070  9070 W ResourceType: For resource 0x7f15061f, entry index(1567) is beyond type entryCount(281)
09-02 12:05:45.299  9070  9070 W ResourceType: For resource 0x7f15061f, entry index(1567) is beyond type entryCount(281)
09-02 12:05:45.299  9070  9070 W ResourceType: For resource 0x7f15058c, entry index(1420) is beyond type entryCount(281)
09-02 12:05:45.299  9070  9070 W ResourceType: For resource 0x7f150590, entry index(1424) is beyond type entryCount(281)
09-02 12:05:45.299  9070  9070 W ResourceType: For resource 0x7f15058e, entry index(1422) is beyond type entryCount(281)
09-02 12:05:45.299  9070  9070 W ResourceType: For resource 0x7f1504c3, entry index(1219) is beyond type entryCount(281)
09-02 12:05:45.299  9070  9070 W ResourceType: For resource 0x7f15059e, entry index(1438) is beyond type entryCount(281)
09-02 12:05:45.299  9070  9070 W ResourceType: For resource 0x7f150282, entry index(642) is beyond type entryCount(281)
09-02 12:05:45.299  9070  9070 W ResourceType: For resource 0x7f1504c3, entry index(1219) is beyond type entryCount(281)
09-02 12:05:45.299  9070  9070 W ResourceType: For resource 0x7f150719, entry index(1817) is beyond type entryCount(281)
09-02 12:05:45.299  9070  9070 W ResourceType: For resource 0x7f150578, entry index(1400) is beyond type entryCount(281)
09-02 12:05:45.299  9070  9070 W ResourceType: For resource 0x7f150284, entry index(644) is beyond type entryCount(281)
09-02 12:05:45.299  9070  9070 W ResourceType: For resource 0x7f150579, entry index(1401) is beyond type entryCount(281)
09-02 12:05:45.299  9070  9070 W ResourceType: For resource 0x7f1505e7, entry index(1511) is beyond type entryCount(281)
09-02 12:05:45.299  9070  9070 W ResourceType: For resource 0x7f15071e, entry index(1822) is beyond type entryCount(281)
09-02 12:05:45.299  9070  9070 I chatty  : uid=10158(u0_a158) identical 2 lines
09-02 12:05:45.299  9070  9070 W ResourceType: For resource 0x7f15071e, entry index(1822) is beyond type entryCount(281)
09-02 12:05:45.299  9070  9070 W ResourceType: For resource 0x7f150580, entry index(1408) is beyond type entryCount(281)
09-02 12:05:45.299  9070  9070 W ResourceType: For resource 0x7f15071e, entry index(1822) is beyond type entryCount(281)
09-02 12:05:45.299  9070  9070 W ResourceType: For resource 0x7f15017b, entry index(379) is beyond type entryCount(281)
09-02 12:05:45.299  9070  9070 W ResourceType: For resource 0x7f150283, entry index(643) is beyond type entryCount(281)
09-02 12:05:45.299  9070  9070 W ResourceType: For resource 0x7f1505a2, entry index(1442) is beyond type entryCount(281)
09-02 12:05:45.299  9070  9070 W ResourceType: For resource 0x7f1506f4, entry index(1780) is beyond type entryCount(281)
09-02 12:05:45.299  9070  9070 W ResourceType: For resource 0x7f150588, entry index(1416) is beyond type entryCount(281)
09-02 12:05:45.299  9070  9070 W ResourceType: For resource 0x7f15059f, entry index(1439) is beyond type entryCount(281)
09-02 12:05:45.299  9070  9070 W ResourceType: For resource 0x7f150649, entry index(1609) is beyond type entryCount(281)
09-02 12:05:45.299  9070  9070 W ResourceType: For resource 0x7f150442, entry index(1090) is beyond type entryCount(281)
09-02 12:05:45.299  9070  9070 W ResourceType: For resource 0x7f150718, entry index(1816) is beyond type entryCount(281)
09-02 12:05:45.299  9070  9070 W ResourceType: For resource 0x7f15017c, entry index(380) is beyond type entryCount(281)
09-02 12:05:45.299  9070  9070 W ResourceType: For resource 0x7f15059d, entry index(1437) is beyond type entryCount(281)
09-02 12:05:45.299  9070  9070 W ResourceType: For resource 0x7f15020a, entry index(522) is beyond type entryCount(281)
09-02 12:05:45.299  9070  9070 W ResourceType: For resource 0x7f150586, entry index(1414) is beyond type entryCount(281)
09-02 12:05:45.299  9070  9070 W ResourceType: For resource 0x7f15071c, entry index(1820) is beyond type entryCount(281)
09-02 12:05:45.299  9070  9070 W ResourceType: For resource 0x7f1502af, entry index(687) is beyond type entryCount(281)
09-02 12:05:45.299  9070  9070 W ResourceType: For resource 0x7f150274, entry index(628) is beyond type entryCount(281)
09-02 12:05:45.299  9070  9070 W ResourceType: For resource 0x7f150244, entry index(580) is beyond type entryCount(281)
09-02 12:05:45.299  9070  9070 W ResourceType: For resource 0x7f150274, entry index(628) is beyond type entryCount(281)
09-02 12:05:45.300  9070  9070 W ResourceType: For resource 0x7f150372, entry index(882) is beyond type entryCount(281)
09-02 12:05:45.300  9070  9070 W ResourceType: For resource 0x7f15035b, entry index(859) is beyond type entryCount(281)
09-02 12:05:45.300  9070  9070 W ResourceType: For resource 0x7f15035c, entry index(860) is beyond type entryCount(281)
09-02 12:05:45.300  9070  9070 W ResourceType: For resource 0x7f1502ad, entry index(685) is beyond type entryCount(281)
09-02 12:05:45.300  9070  9070 W ResourceType: For resource 0x7f150565, entry index(1381) is beyond type entryCount(281)
09-02 12:05:45.300  9070  9070 W ResourceType: For resource 0x7f150567, entry index(1383) is beyond type entryCount(281)
09-02 12:05:45.300  9070  9070 W ResourceType: For resource 0x7f150264, entry index(612) is beyond type entryCount(281)
09-02 12:05:45.300  9070  9070 I chatty  : uid=10158(u0_a158) identical 1 line
09-02 12:05:45.300  9070  9070 W ResourceType: For resource 0x7f150264, entry index(612) is beyond type entryCount(281)
09-02 12:05:45.302  9070  9070 W ResourceType: For resource 0x7f150314, entry index(788) is beyond type entryCount(281)
09-02 12:05:45.302  9070  9070 W ResourceType: For resource 0x7f150314, entry index(788) is beyond type entryCount(281)
09-02 12:05:45.302  9070  9070 W ResourceType: For resource 0x7f15030d, entry index(781) is beyond type entryCount(281)
09-02 12:05:45.303  9070  9070 W ResourceType: For resource 0x7f150264, entry index(612) is beyond type entryCount(281)
09-02 12:05:45.304  9070  9070 I chatty  : uid=10158(u0_a158) identical 1 line
09-02 12:05:45.304  9070  9070 W ResourceType: For resource 0x7f150264, entry index(612) is beyond type entryCount(281)
09-02 12:05:45.304  9070  9070 W ResourceType: For resource 0x7f150314, entry index(788) is beyond type entryCount(281)
09-02 12:05:45.312  9070  9070 W ResourceType: For resource 0x7f150264, entry index(612) is beyond type entryCount(281)
09-02 12:05:45.312  9070  9070 I chatty  : uid=10158(u0_a158) identical 1 line
09-02 12:05:45.312  9070  9070 W ResourceType: For resource 0x7f150264, entry index(612) is beyond type entryCount(281)
09-02 12:05:45.312  9070  9070 W ResourceType: For resource 0x7f150314, entry index(788) is beyond type entryCount(281)
09-02 12:05:45.313  9070  9070 W ResourceType: For resource 0x7f150264, entry index(612) is beyond type entryCount(281)
09-02 12:05:45.313  9070  9070 I chatty  : uid=10158(u0_a158) identical 1 line
09-02 12:05:45.313  9070  9070 W ResourceType: For resource 0x7f150264, entry index(612) is beyond type entryCount(281)
09-02 12:05:45.313  9070  9070 W ResourceType: For resource 0x7f150314, entry index(788) is beyond type entryCount(281)
09-02 12:05:45.313  3614  3927 D DnsProxyListener: DNSDBG::dns addrinfo af 2
09-02 12:05:45.315  9070  9070 I zygote  : Deoptimizing int jc0.e(op9, int, int[]) due to JIT same target
09-02 12:05:45.315  9070  9070 W ResourceType: For resource 0x7f1506f1, entry index(1777) is beyond type entryCount(281)
09-02 12:05:45.315  9070  9070 I chatty  : uid=10158(u0_a158) identical 2 lines
09-02 12:05:45.315  9070  9070 W ResourceType: For resource 0x7f1506f1, entry index(1777) is beyond type entryCount(281)
