09-01 23:44:02.661  1513  1625 W ActivityManager: Slow operation: 933ms so far, now at startProcess: asking zygote to start proc
09-01 23:44:02.661 29149 29173 E cr_ChromiumAndroidLinker: ReserveAddressWithHint: Address range starting at 0x7a38992000 was not free to use
09-01 23:44:02.662 29254 29254 E cessService0:4: Not starting debugger since process cannot load the jdwp agent.
09-01 23:44:02.671 29168 29168 W SystemServiceRegistry: No service published for: uimode
09-01 23:44:02.673 29168 29168 I cr_ChildProcessService: Creating new ChildProcessService pid=29168
09-01 23:44:02.674 29195 29195 I LoadedApk: No resource references to update in package com.google.android.trichromelibrary
09-01 23:44:02.674 29195 29195 D NetworkSecurityConfig: Using Network Security Config from resource 0_resource_name_obfuscated debugBuild: false
09-01 23:44:02.675 29195 29195 D NetworkSecurityConfig: Using Network Security Config from resource 0_resource_name_obfuscated debugBuild: false
09-01 23:44:02.675 29149 29194 I cr_LibraryLoader: Successfully loaded native library
09-01 23:44:02.675 29195 29195 I cr_SplitCompatApp: Launched version=107.0.5304.91 minSdkVersion=29 isBundle=true processName=com.android.chrome:sandboxed_process0:org.chromium.content.app.SandboxedProcessService0:39 isIsolated=true
09-01 23:44:02.676  1513  4617 D CompatibilityChangeReporter: Compat change id reported: 136274596; UID 10220; state: ENABLED
09-01 23:44:02.680 28053 28053 D Zygote  : Forked child process 29278
09-01 23:44:02.681 29195 29195 W SystemServiceRegistry: No service published for: uimode
09-01 23:44:02.681 29278 29278 E libc    : SetHeapTaggingLevel: re-enabling tagging after it was disabled is not supported
09-01 23:44:02.683 29168 29222 I cr_LibraryLoader: Using ModernLinker
09-01 23:44:02.683  1513  1625 W ActivityManager: Slow operation: 956ms so far, now at startProcess: returned from zygote!
09-01 23:44:02.685 29168 29222 W linker  : Warning: "/data/app/~~_KLlx60MH8CoecPTjMKp8g==/com.android.chrome-kw9RHYrlHKb9bPXi8OTClw==/base.apk!/lib/arm64-v8a/libchromium_android_linker.so" unused DT entry: unknown processor-specific (type 0x70000001 arg 0x0) (ignoring)
09-01 23:44:02.685 29278 29278 E cessService0:4: Not starting debugger since process cannot load the jdwp agent.
09-01 23:44:02.686 29168 29222 E cr_ChromiumAndroidLinker: ReserveAddressWithHint: Address range starting at 0x7a38992000 was not free to use
09-01 23:44:02.686 29195 29195 I cr_ChildProcessService: Creating new ChildProcessService pid=29195
09-01 23:44:02.686   901  2806 I sensors-hal: [ssc_utils]get_qmi_debug_flag:244, support_qmi_debug : false
09-01 23:44:02.687  1513  3246 D CompatibilityChangeReporter: Compat change id reported: 136274596; UID 10220; state: ENABLED
09-01 23:44:02.689 29168 29276 I cr_LibraryLoader: Successfully loaded native library
09-01 23:44:02.690 29168 29276 I cr_CachingUmaRecorder: Flushed 3 samples from 3 histograms.
09-01 23:44:02.691  1513  1625 W ActivityManager: Slow operation: 964ms so far, now at startProcess: done updating battery stats
09-01 23:44:02.691  1513  1625 W ActivityManager: Slow operation: 964ms so far, now at startProcess: building log message
09-01 23:44:02.692  1513  1625 I ActivityManager: Start proc 29278:com.android.chrome:sandboxed_process0:org.chromium.content.app.SandboxedProcessService0:42/u0ai42 for  {com.android.chrome/org.chromium.content.app.SandboxedProcessService0:42}
09-01 23:44:02.692  1513  1625 W ActivityManager: Slow operation: 964ms so far, now at startProcess: starting to update pids map
09-01 23:44:02.692  1513  1625 W ActivityManager: Slow operation: 965ms so far, now at startProcess: done updating pids map
09-01 23:44:02.692  1513  1625 W ActivityManager: Slow operation: 952ms so far, now at startProcess: asking zygote to start proc
09-01 23:44:02.692  1513  1625 D CompatibilityChangeReporter: Compat change id reported: 143937733; UID 10220; state: ENABLED
09-01 23:44:02.693 29149 29194 I cr_CachingUmaRecorder: Flushed 3 samples from 3 histograms.
09-01 23:44:02.700 29233 29233 I LoadedApk: No resource references to update in package com.google.android.trichromelibrary
09-01 23:44:02.700 29233 29233 D NetworkSecurityConfig: Using Network Security Config from resource 0_resource_name_obfuscated debugBuild: false
09-01 23:44:02.701 29233 29233 D NetworkSecurityConfig: Using Network Security Config from resource 0_resource_name_obfuscated debugBuild: false
09-01 23:44:02.701 29195 29234 I cr_LibraryLoader: Using ModernLinker
09-01 23:44:02.701 29233 29233 I cr_SplitCompatApp: Launched version=107.0.5304.91 minSdkVersion=29 isBundle=true processName=com.android.chrome:sandboxed_process0:org.chromium.content.app.SandboxedProcessService0:40 isIsolated=true
09-01 23:44:02.703 29195 29234 W linker  : Warning: "/data/app/~~_KLlx60MH8CoecPTjMKp8g==/com.android.chrome-kw9RHYrlHKb9bPXi8OTClw==/base.apk!/lib/arm64-v8a/libchromium_android_linker.so" unused DT entry: unknown processor-specific (type 0x70000001 arg 0x0) (ignoring)
09-01 23:44:02.704 29195 29234 E cr_ChromiumAndroidLinker: ReserveAddressWithHint: Address range starting at 0x7a38992000 was not free to use
09-01 23:44:02.708  1513  3246 D CompatibilityChangeReporter: Compat change id reported: 136274596; UID 10220; state: ENABLED
09-01 23:44:02.711 29195 29291 I cr_LibraryLoader: Successfully loaded native library
09-01 23:44:02.714 29195 29291 I cr_CachingUmaRecorder: Flushed 3 samples from 3 histograms.
09-01 23:44:02.716 29233 29233 W SystemServiceRegistry: No service published for: uimode
09-01 23:44:02.716 29254 29254 I LoadedApk: No resource references to update in package com.google.android.trichromelibrary
09-01 23:44:02.716 29254 29254 D NetworkSecurityConfig: Using Network Security Config from resource 0_resource_name_obfuscated debugBuild: false
09-01 23:44:02.717 29254 29254 D NetworkSecurityConfig: Using Network Security Config from resource 0_resource_name_obfuscated debugBuild: false
09-01 23:44:02.718 29254 29254 I cr_SplitCompatApp: Launched version=107.0.5304.91 minSdkVersion=29 isBundle=true processName=com.android.chrome:sandboxed_process0:org.chromium.content.app.SandboxedProcessService0:41 isIsolated=true
09-01 23:44:02.720 29233 29233 I cr_ChildProcessService: Creating new ChildProcessService pid=29233
09-01 23:44:02.722 29254 29254 W SystemServiceRegistry: No service published for: uimode
09-01 23:44:02.724 29233 29277 I cr_LibraryLoader: Using ModernLinker
09-01 23:44:02.725 29278 29278 I LoadedApk: No resource references to update in package com.google.android.trichromelibrary
09-01 23:44:02.725 29278 29278 D NetworkSecurityConfig: Using Network Security Config from resource 0_resource_name_obfuscated debugBuild: false
09-01 23:44:02.726 29278 29278 D NetworkSecurityConfig: Using Network Security Config from resource 0_resource_name_obfuscated debugBuild: false
09-01 23:44:02.726 29278 29278 I cr_SplitCompatApp: Launched version=107.0.5304.91 minSdkVersion=29 isBundle=true processName=com.android.chrome:sandboxed_process0:org.chromium.content.app.SandboxedProcessService0:42 isIsolated=true
09-01 23:44:02.727 29254 29254 I cr_ChildProcessService: Creating new ChildProcessService pid=29254
09-01 23:44:02.727 29233 29277 W linker  : Warning: "/data/app/~~_KLlx60MH8CoecPTjMKp8g==/com.android.chrome-kw9RHYrlHKb9bPXi8OTClw==/base.apk!/lib/arm64-v8a/libchromium_android_linker.so" unused DT entry: unknown processor-specific (type 0x70000001 arg 0x0) (ignoring)
09-01 23:44:02.727 28053 28053 D Zygote  : Forked child process 29310
09-01 23:44:02.728 29233 29277 E cr_ChromiumAndroidLinker: ReserveAddressWithHint: Address range starting at 0x7a38992000 was not free to use
09-01 23:44:02.729  1513  1625 W ActivityManager: Slow operation: 988ms so far, now at startProcess: returned from zygote!
09-01 23:44:02.729  1513  1625 W ActivityManager: Slow operation: 989ms so far, now at startProcess: done updating battery stats
09-01 23:44:02.729  1513  1625 W ActivityManager: Slow operation: 989ms so far, now at startProcess: building log message
09-01 23:44:02.729  1513  1625 I ActivityManager: Start proc 29310:com.android.chrome:sandboxed_process0:org.chromium.content.app.SandboxedProcessService0:43/u0ai43 for  {com.android.chrome/org.chromium.content.app.SandboxedProcessService0:43}
09-01 23:44:02.729  1513  1625 W ActivityManager: Slow operation: 989ms so far, now at startProcess: starting to update pids map
09-01 23:44:02.730  1513  1625 W ActivityManager: Slow operation: 989ms so far, now at startProcess: done updating pids map
09-01 23:44:02.730  1513  1625 W ActivityManager: Slow operation: 974ms so far, now at startProcess: asking zygote to start proc
09-01 23:44:02.730  1513  1625 D CompatibilityChangeReporter: Compat change id reported: 143937733; UID 10220; state: ENABLED
09-01 23:44:02.730   901  1000 W ASH     : @ 49829.182: Unhandled msg ID 999: line 1277
09-01 23:44:02.730   901  1000 E ASH     : @ 49829.182: No pb callback assigned
09-01 23:44:02.730   901  1000 E ASH     : @ 49829.182: Nanopb error: callback failed:1588
09-01 23:44:02.731 29278 29278 W SystemServiceRegistry: No service published for: uimode
09-01 23:44:02.732 29310 29310 E libc    : SetHeapTaggingLevel: re-enabling tagging after it was disabled is not supported
09-01 23:44:02.735 29233 29309 I cr_LibraryLoader: Successfully loaded native library
09-01 23:44:02.735 29310 29310 E cessService0:4: Not starting debugger since process cannot load the jdwp agent.
09-01 23:44:02.736 29278 29278 I cr_ChildProcessService: Creating new ChildProcessService pid=29278
09-01 23:44:02.738 29254 29293 I cr_LibraryLoader: Using ModernLinker
09-01 23:44:02.738 29254 29293 W linker  : Warning: "/data/app/~~_KLlx60MH8CoecPTjMKp8g==/com.android.chrome-kw9RHYrlHKb9bPXi8OTClw==/base.apk!/lib/arm64-v8a/libchromium_android_linker.so" unused DT entry: unknown processor-specific (type 0x70000001 arg 0x0) (ignoring)
09-01 23:44:02.739 29254 29293 E cr_ChromiumAndroidLinker: ReserveAddressWithHint: Address range starting at 0x7a38992000 was not free to use
09-01 23:44:02.742 29233 29309 I cr_CachingUmaRecorder: Flushed 3 samples from 3 histograms.
09-01 23:44:02.742 29278 29306 I cr_LibraryLoader: Using ModernLinker
09-01 23:44:02.742 29254 29311 I cr_LibraryLoader: Successfully loaded native library
09-01 23:44:02.743 29254 29311 I cr_CachingUmaRecorder: Flushed 3 samples from 3 histograms.
09-01 23:44:02.744 29278 29306 W linker  : Warning: "/data/app/~~_KLlx60MH8CoecPTjMKp8g==/com.android.chrome-kw9RHYrlHKb9bPXi8OTClw==/base.apk!/lib/arm64-v8a/libchromium_android_linker.so" unused DT entry: unknown processor-specific (type 0x70000001 arg 0x0) (ignoring)
09-01 23:44:02.745 29278 29306 E cr_ChromiumAndroidLinker: ReserveAddressWithHint: Address range starting at 0x7a38992000 was not free to use
09-01 23:44:02.752 28053 28053 D Zygote  : Forked child process 29336
09-01 23:44:02.754 29336 29336 E libc    : SetHeapTaggingLevel: re-enabling tagging after it was disabled is not supported
09-01 23:44:02.754 29278 29321 I cr_LibraryLoader: Successfully loaded native library
09-01 23:44:02.755 29278 29321 I cr_CachingUmaRecorder: Flushed 3 samples from 3 histograms.
09-01 23:44:02.756  1513  1625 W ActivityManager: Slow operation: 1001ms so far, now at startProcess: returned from zygote!
09-01 23:44:02.757 29336 29336 E cessService0:4: Not starting debugger since process cannot load the jdwp agent.
09-01 23:44:02.758   901  1000 I ASH     : @ 49829.209: tcs3701: ADC is saturated, removed sample from FIFO.
09-01 23:44:02.758  1513  3227 D CompatibilityChangeReporter: Compat change id reported: 136274596; UID 10220; state: ENABLED
09-01 23:44:02.760  1513  1625 W ActivityManager: Slow operation: 1005ms so far, now at startProcess: done updating battery stats
09-01 23:44:02.760  1513  1625 W ActivityManager: Slow operation: 1005ms so far, now at startProcess: building log message
09-01 23:44:02.760  1513  1625 I ActivityManager: Start proc 29336:com.android.chrome:sandboxed_process0:org.chromium.content.app.SandboxedProcessService0:44/u0ai44 for  {com.android.chrome/org.chromium.content.app.SandboxedProcessService0:44}
09-01 23:44:02.760  1513  1625 W ActivityManager: Slow operation: 1005ms so far, now at startProcess: starting to update pids map
09-01 23:44:02.761  1513  1625 W ActivityManager: Slow operation: 1005ms so far, now at startProcess: done updating pids map
09-01 23:44:02.761  1513  1625 W ActivityManager: Slow operation: 963ms so far, now at startProcess: asking zygote to start proc
09-01 23:44:02.761  1513  1625 D CompatibilityChangeReporter: Compat change id reported: 143937733; UID 10220; state: ENABLED
09-01 23:44:02.764  1513  3246 D CompatibilityChangeReporter: Compat change id reported: 136274596; UID 10220; state: ENABLED
09-01 23:44:02.777 29310 29310 I LoadedApk: No resource references to update in package com.google.android.trichromelibrary
09-01 23:44:02.777 29310 29310 D NetworkSecurityConfig: Using Network Security Config from resource 0_resource_name_obfuscated debugBuild: false
09-01 23:44:02.778 29310 29310 D NetworkSecurityConfig: Using Network Security Config from resource 0_resource_name_obfuscated debugBuild: false
09-01 23:44:02.778 29310 29310 I cr_SplitCompatApp: Launched version=107.0.5304.91 minSdkVersion=29 isBundle=true processName=com.android.chrome:sandboxed_process0:org.chromium.content.app.SandboxedProcessService0:43 isIsolated=true
09-01 23:44:02.779 28053 28053 D Zygote  : Forked child process 29361
09-01 23:44:02.780  1513  1625 W ActivityManager: Slow operation: 983ms so far, now at startProcess: returned from zygote!
09-01 23:44:02.781  1513  1625 W ActivityManager: Slow operation: 983ms so far, now at startProcess: done updating battery stats
09-01 23:44:02.781  1513  1625 W ActivityManager: Slow operation: 983ms so far, now at startProcess: building log message
09-01 23:44:02.781  1513  1625 I ActivityManager: Start proc 29361:com.android.chrome:sandboxed_process0:org.chromium.content.app.SandboxedProcessService0:45/u0ai45 for  {com.android.chrome/org.chromium.content.app.SandboxedProcessService0:45}
09-01 23:44:02.781  1513  1625 W ActivityManager: Slow operation: 983ms so far, now at startProcess: starting to update pids map
09-01 23:44:02.781  1513  1625 W ActivityManager: Slow operation: 984ms so far, now at startProcess: done updating pids map
09-01 23:44:02.781  1513  1625 W ActivityManager: Slow operation: 961ms so far, now at startProcess: asking zygote to start proc
09-01 23:44:02.781  1513  1625 D CompatibilityChangeReporter: Compat change id reported: 143937733; UID 10220; state: ENABLED
09-01 23:44:02.783 29310 29310 W SystemServiceRegistry: No service published for: uimode
09-01 23:44:02.783 29361 29361 E libc    : SetHeapTaggingLevel: re-enabling tagging after it was disabled is not supported
09-01 23:44:02.784 29336 29336 I LoadedApk: No resource references to update in package com.google.android.trichromelibrary
09-01 23:44:02.784 29336 29336 D NetworkSecurityConfig: Using Network Security Config from resource 0_resource_name_obfuscated debugBuild: false
09-01 23:44:02.785 29336 29336 D NetworkSecurityConfig: Using Network Security Config from resource 0_resource_name_obfuscated debugBuild: false
09-01 23:44:02.787 29336 29336 I cr_SplitCompatApp: Launched version=107.0.5304.91 minSdkVersion=29 isBundle=true processName=com.android.chrome:sandboxed_process0:org.chromium.content.app.SandboxedProcessService0:44 isIsolated=true
09-01 23:44:02.788 29310 29310 I cr_ChildProcessService: Creating new ChildProcessService pid=29310
09-01 23:44:02.792 29361 29361 E cessService0:4: Not starting debugger since process cannot load the jdwp agent.
09-01 23:44:02.792 29310 29353 I cr_LibraryLoader: Using ModernLinker
09-01 23:44:02.794 29310 29353 W linker  : Warning: "/data/app/~~_KLlx60MH8CoecPTjMKp8g==/com.android.chrome-kw9RHYrlHKb9bPXi8OTClw==/base.apk!/lib/arm64-v8a/libchromium_android_linker.so" unused DT entry: unknown processor-specific (type 0x70000001 arg 0x0) (ignoring)
09-01 23:44:02.795 29310 29353 E cr_ChromiumAndroidLinker: ReserveAddressWithHint: Address range starting at 0x7a38992000 was not free to use
09-01 23:44:02.796 28053 28053 D Zygote  : Forked child process 29378
09-01 23:44:02.796  1513  1625 W ActivityManager: Slow operation: 976ms so far, now at startProcess: returned from zygote!
09-01 23:44:02.796  1513  1625 W ActivityManager: Slow operation: 976ms so far, now at startProcess: done updating battery stats
09-01 23:44:02.796  1513  1625 W ActivityManager: Slow operation: 976ms so far, now at startProcess: building log message
09-01 23:44:02.796  1513  1625 I ActivityManager: Start proc 29378:com.android.chrome:sandboxed_process0:org.chromium.content.app.SandboxedProcessService0:46/u0ai46 for  {com.android.chrome/org.chromium.content.app.SandboxedProcessService0:46}
09-01 23:44:02.796  1513  1625 W ActivityManager: Slow operation: 976ms so far, now at startProcess: starting to update pids map
09-01 23:44:02.797  1513  1625 W ActivityManager: Slow operation: 976ms so far, now at startProcess: done updating pids map
09-01 23:44:02.797  1513  1625 W ActivityManager: Slow operation: 954ms so far, now at startProcess: asking zygote to start proc
09-01 23:44:02.798 29378 29378 E libc    : SetHeapTaggingLevel: re-enabling tagging after it was disabled is not supported
09-01 23:44:02.804 29310 29371 I cr_LibraryLoader: Successfully loaded native library
09-01 23:44:02.805  1513  3246 D CompatibilityChangeReporter: Compat change id reported: 136274596; UID 10220; state: ENABLED
09-01 23:44:02.806 29310 29371 I cr_CachingUmaRecorder: Flushed 3 samples from 3 histograms.
09-01 23:44:02.811 28053 28053 D Zygote  : Forked child process 29390
09-01 23:44:02.811  1513  1625 W ActivityManager: Slow operation: 969ms so far, now at startProcess: returned from zygote!
09-01 23:44:02.811  1513  1625 W ActivityManager: Slow operation: 969ms so far, now at startProcess: done updating battery stats
09-01 23:44:02.811  1513  1625 W ActivityManager: Slow operation: 969ms so far, now at startProcess: building log message
09-01 23:44:02.811  1513  1625 I ActivityManager: Start proc 29390:com.android.chrome:sandboxed_process0:org.chromium.content.app.SandboxedProcessService0:47/u0ai47 for  {com.android.chrome/org.chromium.content.app.SandboxedProcessService0:47}
09-01 23:44:02.811  1513  1625 W ActivityManager: Slow operation: 969ms so far, now at startProcess: starting to update pids map
09-01 23:44:02.811  1513  1625 W ActivityManager: Slow operation: 969ms so far, now at startProcess: done updating pids map
09-01 23:44:02.811  1513  1625 W ActivityManager: Slow operation: 957ms so far, now at startProcess: asking zygote to start proc
09-01 23:44:02.812  1513  1625 D CompatibilityChangeReporter: Compat change id reported: 143937733; UID 10220; state: ENABLED
09-01 23:44:02.813 29390 29390 E libc    : SetHeapTaggingLevel: re-enabling tagging after it was disabled is not supported
09-01 23:44:02.816 29378 29378 E cessService0:4: Not starting debugger since process cannot load the jdwp agent.
09-01 23:44:02.818 29390 29390 E cessService0:4: Not starting debugger since process cannot load the jdwp agent.
09-01 23:44:02.819 29336 29336 W SystemServiceRegistry: No service published for: uimode
09-01 23:44:02.823 28053 28053 D Zygote  : Forked child process 29411
09-01 23:44:02.824  1513  1625 W ActivityManager: Slow operation: 969ms so far, now at startProcess: returned from zygote!
09-01 23:44:02.824  1513  1625 W ActivityManager: Slow operation: 970ms so far, now at startProcess: done updating battery stats
09-01 23:44:02.824  1513  1625 W ActivityManager: Slow operation: 970ms so far, now at startProcess: building log message
09-01 23:44:02.824  1513  1625 I ActivityManager: Start proc 29411:com.android.chrome:sandboxed_process0:org.chromium.content.app.SandboxedProcessService0:48/u0ai48 for  {com.android.chrome/org.chromium.content.app.SandboxedProcessService0:48}
09-01 23:44:02.824  1513  1625 W ActivityManager: Slow operation: 970ms so far, now at startProcess: starting to update pids map
09-01 23:44:02.825  1513  1625 W ActivityManager: Slow operation: 970ms so far, now at startProcess: done updating pids map
09-01 23:44:02.825  1513  1625 W ActivityManager: Slow operation: 940ms so far, now at startProcess: asking zygote to start proc
09-01 23:44:02.826 29411 29411 E libc    : SetHeapTaggingLevel: re-enabling tagging after it was disabled is not supported
09-01 23:44:02.829 29336 29336 I cr_ChildProcessService: Creating new ChildProcessService pid=29336
09-01 23:44:02.831 29411 29411 E cessService0:4: Not starting debugger since process cannot load the jdwp agent.
09-01 23:44:02.832  1513  3246 D CompatibilityChangeReporter: Compat change id reported: 136274596; UID 10220; state: ENABLED
09-01 23:44:02.838 28053 28053 D Zygote  : Forked child process 29432
09-01 23:44:02.838  1513  1625 W ActivityManager: Slow operation: 954ms so far, now at startProcess: returned from zygote!
09-01 23:44:02.839 29432 29432 E libc    : SetHeapTaggingLevel: re-enabling tagging after it was disabled is not supported
09-01 23:44:02.841  1513  1625 W ActivityManager: Slow operation: 956ms so far, now at startProcess: done updating battery stats
09-01 23:44:02.841  1513  1625 W ActivityManager: Slow operation: 956ms so far, now at startProcess: building log message
09-01 23:44:02.841  1513  1625 I ActivityManager: Start proc 29432:com.android.chrome:sandboxed_process0:org.chromium.content.app.SandboxedProcessService0:49/u0ai49 for  {com.android.chrome/org.chromium.content.app.SandboxedProcessService0:49}
09-01 23:44:02.841  1513  1625 W ActivityManager: Slow operation: 956ms so far, now at startProcess: starting to update pids map
09-01 23:44:02.841  1513  1625 W ActivityManager: Slow operation: 957ms so far, now at startProcess: done updating pids map
09-01 23:44:02.841  1513  1625 W ActivityManager: Slow operation: 935ms so far, now at startProcess: asking zygote to start proc
09-01 23:44:02.841  1513  1625 D CompatibilityChangeReporter: Compat change id reported: 143937733; UID 10220; state: ENABLED
09-01 23:44:02.842 29336 29358 I cr_LibraryLoader: Using ModernLinker
09-01 23:44:02.843 29336 29358 W linker  : Warning: "/data/app/~~_KLlx60MH8CoecPTjMKp8g==/com.android.chrome-kw9RHYrlHKb9bPXi8OTClw==/base.apk!/lib/arm64-v8a/libchromium_android_linker.so" unused DT entry: unknown processor-specific (type 0x70000001 arg 0x0) (ignoring)
09-01 23:44:02.843 29336 29358 E cr_ChromiumAndroidLinker: ReserveAddressWithHint: Address range starting at 0x7a38992000 was not free to use
09-01 23:44:02.844  1513  4618 D CompatibilityChangeReporter: Compat change id reported: 136274596; UID 10220; state: ENABLED
09-01 23:44:02.846  1513  8504 D CompatibilityChangeReporter: Compat change id reported: 136274596; UID 10220; state: ENABLED
09-01 23:44:02.848 29336 29423 I cr_LibraryLoader: Successfully loaded native library
09-01 23:44:02.849 29336 29423 I cr_CachingUmaRecorder: Flushed 3 samples from 3 histograms.
09-01 23:44:02.855 29361 29361 I LoadedApk: No resource references to update in package com.google.android.trichromelibrary
09-01 23:44:02.855 29361 29361 D NetworkSecurityConfig: Using Network Security Config from resource 0_resource_name_obfuscated debugBuild: false
09-01 23:44:02.855 29432 29432 E cessService0:4: Not starting debugger since process cannot load the jdwp agent.
09-01 23:44:02.856 29361 29361 D NetworkSecurityConfig: Using Network Security Config from resource 0_resource_name_obfuscated debugBuild: false
09-01 23:44:02.858 29361 29361 I cr_SplitCompatApp: Launched version=107.0.5304.91 minSdkVersion=29 isBundle=true processName=com.android.chrome:sandboxed_process0:org.chromium.content.app.SandboxedProcessService0:45 isIsolated=true
09-01 23:44:02.869 29361 29361 W SystemServiceRegistry: No service published for: uimode
09-01 23:44:02.871 28053 28053 D Zygote  : Forked child process 29455
09-01 23:44:02.873  1513  1625 W ActivityManager: Slow operation: 966ms so far, now at startProcess: returned from zygote!
09-01 23:44:02.873  1513  1625 W ActivityManager: Slow operation: 967ms so far, now at startProcess: done updating battery stats
09-01 23:44:02.873  1513  1625 W ActivityManager: Slow operation: 967ms so far, now at startProcess: building log message
09-01 23:44:02.873  1513  1625 I ActivityManager: Start proc 29455:com.android.chrome:sandboxed_process0:org.chromium.content.app.SandboxedProcessService0:50/u0ai50 for  {com.android.chrome/org.chromium.content.app.SandboxedProcessService0:50}
09-01 23:44:02.873  1513  1625 W ActivityManager: Slow operation: 967ms so far, now at startProcess: starting to update pids map
09-01 23:44:02.873  1513  1625 W ActivityManager: Slow operation: 967ms so far, now at startProcess: done updating pids map
09-01 23:44:02.873  1513  1625 W ActivityManager: Slow operation: 947ms so far, now at startProcess: asking zygote to start proc
09-01 23:44:02.873  1513  1625 D CompatibilityChangeReporter: Compat change id reported: 143937733; UID 10220; state: ENABLED
09-01 23:44:02.874 29378 29378 I LoadedApk: No resource references to update in package com.google.android.trichromelibrary
09-01 23:44:02.874 29390 29390 I LoadedApk: No resource references to update in package com.google.android.trichromelibrary
09-01 23:44:02.874 29361 29361 I cr_ChildProcessService: Creating new ChildProcessService pid=29361
09-01 23:44:02.874 29390 29390 D NetworkSecurityConfig: Using Network Security Config from resource 0_resource_name_obfuscated debugBuild: false
09-01 23:44:02.874 29378 29378 D NetworkSecurityConfig: Using Network Security Config from resource 0_resource_name_obfuscated debugBuild: false
09-01 23:44:02.874 29455 29455 E libc    : SetHeapTaggingLevel: re-enabling tagging after it was disabled is not supported
09-01 23:44:02.875 29378 29378 D NetworkSecurityConfig: Using Network Security Config from resource 0_resource_name_obfuscated debugBuild: false
09-01 23:44:02.875 29390 29390 D NetworkSecurityConfig: Using Network Security Config from resource 0_resource_name_obfuscated debugBuild: false
09-01 23:44:02.877 29378 29378 I cr_SplitCompatApp: Launched version=107.0.5304.91 minSdkVersion=29 isBundle=true processName=com.android.chrome:sandboxed_process0:org.chromium.content.app.SandboxedProcessService0:46 isIsolated=true
09-01 23:44:02.877 29455 29455 E cessService0:5: Not starting debugger since process cannot load the jdwp agent.
09-01 23:44:02.878 29390 29390 I cr_SplitCompatApp: Launched version=107.0.5304.91 minSdkVersion=29 isBundle=true processName=com.android.chrome:sandboxed_process0:org.chromium.content.app.SandboxedProcessService0:47 isIsolated=true
09-01 23:44:02.879 29361 29389 I cr_LibraryLoader: Using ModernLinker
09-01 23:44:02.880 29361 29389 W linker  : Warning: "/data/app/~~_KLlx60MH8CoecPTjMKp8g==/com.android.chrome-kw9RHYrlHKb9bPXi8OTClw==/base.apk!/lib/arm64-v8a/libchromium_android_linker.so" unused DT entry: unknown processor-specific (type 0x70000001 arg 0x0) (ignoring)
09-01 23:44:02.880 29361 29389 E cr_ChromiumAndroidLinker: ReserveAddressWithHint: Address range starting at 0x7a38992000 was not free to use
09-01 23:44:02.882  1513  4618 D CompatibilityChangeReporter: Compat change id reported: 136274596; UID 10220; state: ENABLED
09-01 23:44:02.888 29411 29411 I LoadedApk: No resource references to update in package com.google.android.trichromelibrary
09-01 23:44:02.888 29411 29411 D NetworkSecurityConfig: Using Network Security Config from resource 0_resource_name_obfuscated debugBuild: false
09-01 23:44:02.889 29411 29411 D NetworkSecurityConfig: Using Network Security Config from resource 0_resource_name_obfuscated debugBuild: false
09-01 23:44:02.890 29411 29411 I cr_SplitCompatApp: Launched version=107.0.5304.91 minSdkVersion=29 isBundle=true processName=com.android.chrome:sandboxed_process0:org.chromium.content.app.SandboxedProcessService0:48 isIsolated=true
09-01 23:44:02.893 28053 28053 D Zygote  : Forked child process 29473
09-01 23:44:02.893  1513  1625 W ActivityManager: Slow operation: 967ms so far, now at startProcess: returned from zygote!
09-01 23:44:02.893  1513  1625 W ActivityManager: Slow operation: 967ms so far, now at startProcess: done updating battery stats
09-01 23:44:02.893  1513  1625 W ActivityManager: Slow operation: 967ms so far, now at startProcess: building log message
09-01 23:44:02.893  1513  1625 I ActivityManager: Start proc 29473:com.android.chrome:sandboxed_process0:org.chromium.content.app.SandboxedProcessService0:51/u0ai51 for  {com.android.chrome/org.chromium.content.app.SandboxedProcessService0:51}
09-01 23:44:02.893  1513  1625 W ActivityManager: Slow operation: 967ms so far, now at startProcess: starting to update pids map
09-01 23:44:02.894  1513  1625 W ActivityManager: Slow operation: 967ms so far, now at startProcess: done updating pids map
09-01 23:44:02.894  1513  1625 W ActivityManager: Slow operation: 947ms so far, now at startProcess: asking zygote to start proc
09-01 23:44:02.894  1513  1625 D CompatibilityChangeReporter: Compat change id reported: 143937733; UID 10220; state: ENABLED
09-01 23:44:02.896 29473 29473 E libc    : SetHeapTaggingLevel: re-enabling tagging after it was disabled is not supported
09-01 23:44:02.901 29473 29473 E cessService0:5: Not starting debugger since process cannot load the jdwp agent.
09-01 23:44:02.903 29390 29390 W SystemServiceRegistry: No service published for: uimode
09-01 23:44:02.903 29361 29460 I cr_LibraryLoader: Successfully loaded native library
09-01 23:44:02.904 28053 28053 D Zygote  : Forked child process 29491
09-01 23:44:02.905 29361 29460 I cr_CachingUmaRecorder: Flushed 3 samples from 3 histograms.
09-01 23:44:02.905 29491 29491 E libc    : SetHeapTaggingLevel: re-enabling tagging after it was disabled is not supported
09-01 23:44:02.906 29411 29411 W SystemServiceRegistry: No service published for: uimode
09-01 23:44:02.907 29390 29390 I cr_ChildProcessService: Creating new ChildProcessService pid=29390
09-01 23:44:02.908  1513  1625 W ActivityManager: Slow operation: 961ms so far, now at startProcess: returned from zygote!
09-01 23:44:02.908  1513  1625 W ActivityManager: Slow operation: 961ms so far, now at startProcess: done updating battery stats
09-01 23:44:02.908  1513  1625 W ActivityManager: Slow operation: 961ms so far, now at startProcess: building log message
09-01 23:44:02.908  1513  1625 I ActivityManager: Start proc 29491:com.android.chrome:sandboxed_process0:org.chromium.content.app.SandboxedProcessService0:52/u0ai52 for  {com.android.chrome/org.chromium.content.app.SandboxedProcessService0:52}
09-01 23:44:02.908  1513  1625 W ActivityManager: Slow operation: 962ms so far, now at startProcess: starting to update pids map
09-01 23:44:02.909  1513  1625 W ActivityManager: Slow operation: 962ms so far, now at startProcess: done updating pids map
09-01 23:44:02.909  1513  1625 W ActivityManager: Slow operation: 933ms so far, now at startProcess: asking zygote to start proc
09-01 23:44:02.909 29378 29378 W SystemServiceRegistry: No service published for: uimode
09-01 23:44:02.910 29491 29491 E cessService0:5: Not starting debugger since process cannot load the jdwp agent.
09-01 23:44:02.914 29378 29378 I cr_ChildProcessService: Creating new ChildProcessService pid=29378
09-01 23:44:02.917  1513  8504 D CompatibilityChangeReporter: Compat change id reported: 136274596; UID 10220; state: ENABLED
09-01 23:44:02.917 29432 29432 I LoadedApk: No resource references to update in package com.google.android.trichromelibrary
09-01 23:44:02.917 29411 29411 I cr_ChildProcessService: Creating new ChildProcessService pid=29411
09-01 23:44:02.917 29432 29432 D NetworkSecurityConfig: Using Network Security Config from resource 0_resource_name_obfuscated debugBuild: false
09-01 23:44:02.918 28053 28053 D Zygote  : Forked child process 29512
09-01 23:44:02.918 29432 29432 D NetworkSecurityConfig: Using Network Security Config from resource 0_resource_name_obfuscated debugBuild: false
09-01 23:44:02.919  1513  1625 W ActivityManager: Slow operation: 943ms so far, now at startProcess: returned from zygote!
09-01 23:44:02.920  1513  1625 W ActivityManager: Slow operation: 943ms so far, now at startProcess: done updating battery stats
09-01 23:44:02.920  1513  1625 W ActivityManager: Slow operation: 943ms so far, now at startProcess: building log message
09-01 23:44:02.920  1513  1625 I ActivityManager: Start proc 29512:com.android.chrome:sandboxed_process0:org.chromium.content.app.SandboxedProcessService0:53/u0ai53 for  {com.android.chrome/org.chromium.content.app.SandboxedProcessService0:53}
09-01 23:44:02.920  1513  1625 W ActivityManager: Slow operation: 943ms so far, now at startProcess: starting to update pids map
09-01 23:44:02.920  1513  1625 W ActivityManager: Slow operation: 943ms so far, now at startProcess: done updating pids map
09-01 23:44:02.920  1513  1625 W ActivityManager: Slow operation: 889ms so far, now at startProcess: asking zygote to start proc
09-01 23:44:02.920  1513  1625 D CompatibilityChangeReporter: Compat change id reported: 143937733; UID 10220; state: ENABLED
09-01 23:44:02.921 29512 29512 E libc    : SetHeapTaggingLevel: re-enabling tagging after it was disabled is not supported
09-01 23:44:02.921 29432 29432 I cr_SplitCompatApp: Launched version=107.0.5304.91 minSdkVersion=29 isBundle=true processName=com.android.chrome:sandboxed_process0:org.chromium.content.app.SandboxedProcessService0:49 isIsolated=true
09-01 23:44:02.923  1513  3227 D CompatibilityChangeReporter: Compat change id reported: 136274596; UID 10220; state: ENABLED
09-01 23:44:02.925 29512 29512 E cessService0:5: Not starting debugger since process cannot load the jdwp agent.
09-01 23:44:02.930 29390 29437 I cr_LibraryLoader: Using ModernLinker
09-01 23:44:02.931 29390 29437 W linker  : Warning: "/data/app/~~_KLlx60MH8CoecPTjMKp8g==/com.android.chrome-kw9RHYrlHKb9bPXi8OTClw==/base.apk!/lib/arm64-v8a/libchromium_android_linker.so" unused DT entry: unknown processor-specific (type 0x70000001 arg 0x0) (ignoring)
09-01 23:44:02.931 29390 29437 E cr_ChromiumAndroidLinker: ReserveAddressWithHint: Address range starting at 0x7a38992000 was not free to use
09-01 23:44:02.932  1513  4617 D CompatibilityChangeReporter: Compat change id reported: 136274596; UID 10220; state: ENABLED
09-01 23:44:02.932 29411 29440 I cr_LibraryLoader: Using ModernLinker
09-01 23:44:02.934 29411 29440 W linker  : Warning: "/data/app/~~_KLlx60MH8CoecPTjMKp8g==/com.android.chrome-kw9RHYrlHKb9bPXi8OTClw==/base.apk!/lib/arm64-v8a/libchromium_android_linker.so" unused DT entry: unknown processor-specific (type 0x70000001 arg 0x0) (ignoring)
09-01 23:44:02.935 29411 29440 E cr_ChromiumAndroidLinker: ReserveAddressWithHint: Address range starting at 0x7a38992000 was not free to use
09-01 23:44:02.938 29378 29441 I cr_LibraryLoader: Using ModernLinker
09-01 23:44:02.941 28053 28053 D Zygote  : Forked child process 29540
09-01 23:44:02.941 29378 29441 W linker  : Warning: "/data/app/~~_KLlx60MH8CoecPTjMKp8g==/com.android.chrome-kw9RHYrlHKb9bPXi8OTClw==/base.apk!/lib/arm64-v8a/libchromium_android_linker.so" unused DT entry: unknown processor-specific (type 0x70000001 arg 0x0) (ignoring)
09-01 23:44:02.942 29390 29502 I cr_LibraryLoader: Successfully loaded native library
09-01 23:44:02.942 29378 29441 E cr_ChromiumAndroidLinker: ReserveAddressWithHint: Address range starting at 0x7a38992000 was not free to use
09-01 23:44:02.942  1513  1625 W ActivityManager: Slow operation: 912ms so far, now at startProcess: returned from zygote!
09-01 23:44:02.943 29540 29540 E libc    : SetHeapTaggingLevel: re-enabling tagging after it was disabled is not supported
09-01 23:44:02.946  1513  4618 D CompatibilityChangeReporter: Compat change id reported: 136274596; UID 10220; state: ENABLED
09-01 23:44:02.947 29390 29502 I cr_CachingUmaRecorder: Flushed 3 samples from 3 histograms.
09-01 23:44:02.949 29378 29511 I cr_LibraryLoader: Successfully loaded native library
09-01 23:44:02.950 29378 29511 I cr_CachingUmaRecorder: Flushed 3 samples from 3 histograms.
09-01 23:44:02.951 29473 29473 I LoadedApk: No resource references to update in package com.google.android.trichromelibrary
09-01 23:44:02.951 29473 29473 D NetworkSecurityConfig: Using Network Security Config from resource 0_resource_name_obfuscated debugBuild: false
09-01 23:44:02.952 29473 29473 D NetworkSecurityConfig: Using Network Security Config from resource 0_resource_name_obfuscated debugBuild: false
09-01 23:44:02.952 29432 29432 W SystemServiceRegistry: No service published for: uimode
09-01 23:44:02.953  1513  1625 W ActivityManager: Slow operation: 923ms so far, now at startProcess: done updating battery stats
09-01 23:44:02.953  1513  1625 W ActivityManager: Slow operation: 923ms so far, now at startProcess: building log message
09-01 23:44:02.953  1513  1625 I ActivityManager: Start proc 29540:com.android.chrome:sandboxed_process0:org.chromium.content.app.SandboxedProcessService0:54/u0ai54 for  {com.android.chrome/org.chromium.content.app.SandboxedProcessService0:54}
09-01 23:44:02.953  1513  1625 W ActivityManager: Slow operation: 923ms so far, now at startProcess: starting to update pids map
09-01 23:44:02.954  1513  1625 W ActivityManager: Slow operation: 924ms so far, now at startProcess: done updating pids map
09-01 23:44:02.954  1513  1625 W ActivityManager: Slow operation: 907ms so far, now at startProcess: asking zygote to start proc
09-01 23:44:02.954  1513  1625 D CompatibilityChangeReporter: Compat change id reported: 143937733; UID 10220; state: ENABLED
09-01 23:44:02.964 29455 29455 I LoadedApk: No resource references to update in package com.google.android.trichromelibrary
09-01 23:44:02.964 29411 29515 I cr_LibraryLoader: Successfully loaded native library
09-01 23:44:02.964 29455 29455 D NetworkSecurityConfig: Using Network Security Config from resource 0_resource_name_obfuscated debugBuild: false
09-01 23:44:02.964 29411 29515 I cr_CachingUmaRecorder: Flushed 3 samples from 3 histograms.
09-01 23:44:02.965 29455 29455 D NetworkSecurityConfig: Using Network Security Config from resource 0_resource_name_obfuscated debugBuild: false
09-01 23:44:02.966 29455 29455 I cr_SplitCompatApp: Launched version=107.0.5304.91 minSdkVersion=29 isBundle=true processName=com.android.chrome:sandboxed_process0:org.chromium.content.app.SandboxedProcessService0:50 isIsolated=true
09-01 23:44:02.969 29540 29540 E cessService0:5: Not starting debugger since process cannot load the jdwp agent.
09-01 23:44:02.972 29473 29473 I cr_SplitCompatApp: Launched version=107.0.5304.91 minSdkVersion=29 isBundle=true processName=com.android.chrome:sandboxed_process0:org.chromium.content.app.SandboxedProcessService0:51 isIsolated=true
09-01 23:44:02.975 28053 28053 D Zygote  : Forked child process 29566
09-01 23:44:02.975  1513  4617 D CompatibilityChangeReporter: Compat change id reported: 136274596; UID 10220; state: ENABLED
09-01 23:44:02.976 29473 29473 W SystemServiceRegistry: No service published for: uimode
09-01 23:44:02.976  1513  1625 W ActivityManager: Slow operation: 929ms so far, now at startProcess: returned from zygote!
09-01 23:44:02.977 29566 29566 E libc    : SetHeapTaggingLevel: re-enabling tagging after it was disabled is not supported
09-01 23:44:02.980 29432 29432 I cr_ChildProcessService: Creating new ChildProcessService pid=29432
09-01 23:44:02.980 29473 29473 I cr_ChildProcessService: Creating new ChildProcessService pid=29473
09-01 23:44:02.982 29455 29455 W SystemServiceRegistry: No service published for: uimode
09-01 23:44:02.982 29566 29566 E cessService0:5: Not starting debugger since process cannot load the jdwp agent.
09-01 23:44:02.983 29491 29491 I LoadedApk: No resource references to update in package com.google.android.trichromelibrary
09-01 23:44:02.983 29491 29491 D NetworkSecurityConfig: Using Network Security Config from resource 0_resource_name_obfuscated debugBuild: false
09-01 23:44:02.984 29491 29491 D NetworkSecurityConfig: Using Network Security Config from resource 0_resource_name_obfuscated debugBuild: false
09-01 23:44:02.984 29491 29491 I cr_SplitCompatApp: Launched version=107.0.5304.91 minSdkVersion=29 isBundle=true processName=com.android.chrome:sandboxed_process0:org.chromium.content.app.SandboxedProcessService0:52 isIsolated=true
09-01 23:44:02.988  1513  1625 W ActivityManager: Slow operation: 940ms so far, now at startProcess: done updating battery stats
09-01 23:44:02.988  1513  1625 W ActivityManager: Slow operation: 940ms so far, now at startProcess: building log message
09-01 23:44:02.988  1513  1625 I ActivityManager: Start proc 29566:com.android.chrome:sandboxed_process0:org.chromium.content.app.SandboxedProcessService0:55/u0ai55 for  {com.android.chrome/org.chromium.content.app.SandboxedProcessService0:55}
09-01 23:44:02.988  1513  1625 W ActivityManager: Slow operation: 940ms so far, now at startProcess: starting to update pids map
09-01 23:44:02.988  1513  1625 W ActivityManager: Slow operation: 940ms so far, now at startProcess: done updating pids map
09-01 23:44:02.988  1513  1625 W ActivityManager: Slow operation: 916ms so far, now at startProcess: asking zygote to start proc
09-01 23:44:02.988  1513  1625 D CompatibilityChangeReporter: Compat change id reported: 143937733; UID 10220; state: ENABLED
09-01 23:44:02.990 29512 29512 I LoadedApk: No resource references to update in package com.google.android.trichromelibrary
09-01 23:44:02.991 29512 29512 D NetworkSecurityConfig: Using Network Security Config from resource 0_resource_name_obfuscated debugBuild: false
09-01 23:44:02.991 29432 29471 I cr_LibraryLoader: Using ModernLinker
09-01 23:44:02.992 29455 29455 I cr_ChildProcessService: Creating new ChildProcessService pid=29455
09-01 23:44:02.992 29512 29512 D NetworkSecurityConfig: Using Network Security Config from resource 0_resource_name_obfuscated debugBuild: false
09-01 23:44:02.992 29432 29471 W linker  : Warning: "/data/app/~~_KLlx60MH8CoecPTjMKp8g==/com.android.chrome-kw9RHYrlHKb9bPXi8OTClw==/base.apk!/lib/arm64-v8a/libchromium_android_linker.so" unused DT entry: unknown processor-specific (type 0x70000001 arg 0x0) (ignoring)
09-01 23:44:02.992 29432 29471 E cr_ChromiumAndroidLinker: ReserveAddressWithHint: Address range starting at 0x7a38992000 was not free to use
09-01 23:44:02.993 29512 29512 I cr_SplitCompatApp: Launched version=107.0.5304.91 minSdkVersion=29 isBundle=true processName=com.android.chrome:sandboxed_process0:org.chromium.content.app.SandboxedProcessService0:53 isIsolated=true
09-01 23:44:02.996  1513  4617 D CompatibilityChangeReporter: Compat change id reported: 136274596; UID 10220; state: ENABLED
09-01 23:44:03.004 29491 29491 W SystemServiceRegistry: No service published for: uimode
09-01 23:44:03.005 29512 29512 W SystemServiceRegistry: No service published for: uimode
09-01 23:44:03.005 29455 29517 I cr_LibraryLoader: Using ModernLinker
09-01 23:44:03.006 29473 29534 I cr_LibraryLoader: Using ModernLinker
09-01 23:44:03.007 29473 29534 W linker  : Warning: "/data/app/~~_KLlx60MH8CoecPTjMKp8g==/com.android.chrome-kw9RHYrlHKb9bPXi8OTClw==/base.apk!/lib/arm64-v8a/libchromium_android_linker.so" unused DT entry: unknown processor-specific (type 0x70000001 arg 0x0) (ignoring)
09-01 23:44:03.007 29473 29534 E cr_ChromiumAndroidLinker: ReserveAddressWithHint: Address range starting at 0x7a38992000 was not free to use
09-01 23:44:03.008 29455 29517 W linker  : Warning: "/data/app/~~_KLlx60MH8CoecPTjMKp8g==/com.android.chrome-kw9RHYrlHKb9bPXi8OTClw==/base.apk!/lib/arm64-v8a/libchromium_android_linker.so" unused DT entry: unknown processor-specific (type 0x70000001 arg 0x0) (ignoring)
09-01 23:44:03.009 29455 29517 E cr_ChromiumAndroidLinker: ReserveAddressWithHint: Address range starting at 0x7a38992000 was not free to use
09-01 23:44:03.010 29473 29580 I cr_LibraryLoader: Successfully loaded native library
09-01 23:44:03.010 29512 29512 I cr_ChildProcessService: Creating new ChildProcessService pid=29512
09-01 23:44:03.010 29473 29580 I cr_CachingUmaRecorder: Flushed 3 samples from 3 histograms.
09-01 23:44:03.012 29455 29603 I cr_LibraryLoader: Successfully loaded native library
09-01 23:44:03.012 28053 28053 D Zygote  : Forked child process 29629
09-01 23:44:03.012 29455 29603 I cr_CachingUmaRecorder: Flushed 3 samples from 3 histograms.
09-01 23:44:03.018 29566 29566 I LoadedApk: No resource references to update in package com.google.android.trichromelibrary
09-01 23:44:03.019 29566 29566 D NetworkSecurityConfig: Using Network Security Config from resource 0_resource_name_obfuscated debugBuild: false
09-01 23:44:03.019 29566 29566 D NetworkSecurityConfig: Using Network Security Config from resource 0_resource_name_obfuscated debugBuild: false
09-01 23:44:03.021 29491 29491 I cr_ChildProcessService: Creating new ChildProcessService pid=29491
09-01 23:44:03.021 29566 29566 I cr_SplitCompatApp: Launched version=107.0.5304.91 minSdkVersion=29 isBundle=true processName=com.android.chrome:sandboxed_process0:org.chromium.content.app.SandboxedProcessService0:55 isIsolated=true
09-01 23:44:03.022 29629 29629 E libc    : SetHeapTaggingLevel: re-enabling tagging after it was disabled is not supported
09-01 23:44:03.023 29540 29540 I LoadedApk: No resource references to update in package com.google.android.trichromelibrary
09-01 23:44:03.023 29540 29540 D NetworkSecurityConfig: Using Network Security Config from resource 0_resource_name_obfuscated debugBuild: false
09-01 23:44:03.024 29540 29540 D NetworkSecurityConfig: Using Network Security Config from resource 0_resource_name_obfuscated debugBuild: false
09-01 23:44:03.025 29540 29540 I cr_SplitCompatApp: Launched version=107.0.5304.91 minSdkVersion=29 isBundle=true processName=com.android.chrome:sandboxed_process0:org.chromium.content.app.SandboxedProcessService0:54 isIsolated=true
09-01 23:44:03.031 29566 29566 W SystemServiceRegistry: No service published for: uimode
09-01 23:44:03.035 29566 29566 I cr_ChildProcessService: Creating new ChildProcessService pid=29566
09-01 23:44:03.036 29540 29540 W SystemServiceRegistry: No service published for: uimode
09-01 23:44:03.041 29540 29540 I cr_ChildProcessService: Creating new ChildProcessService pid=29540
09-01 23:44:03.065  1513  2000 D ConnectivityService: NetReassign [no changes]
09-01 23:44:03.083 29432 29579 I cr_LibraryLoader: Successfully loaded native library
09-01 23:44:03.085 29432 29579 I cr_CachingUmaRecorder: Flushed 3 samples from 3 histograms.
09-01 23:44:03.087  1513  1625 W ActivityManager: Slow operation: 1014ms so far, now at startProcess: returned from zygote!
09-01 23:44:03.087  1513  1625 W ActivityManager: Slow operation: 1014ms so far, now at startProcess: done updating battery stats
09-01 23:44:03.087  1513  1625 W ActivityManager: Slow operation: 1015ms so far, now at startProcess: building log message
09-01 23:44:03.087  1513  1625 I ActivityManager: Start proc 29629:com.android.chrome:sandboxed_process0:org.chromium.content.app.SandboxedProcessService0:56/u0ai56 for  {com.android.chrome/org.chromium.content.app.SandboxedProcessService0:56}
09-01 23:44:03.087  1513  1625 W ActivityManager: Slow operation: 1015ms so far, now at startProcess: starting to update pids map
09-01 23:44:03.087  1513  1625 W ActivityManager: Slow operation: 1015ms so far, now at startProcess: done updating pids map
09-01 23:44:03.087  1513  1625 W ActivityManager: Slow operation: 987ms so far, now at startProcess: asking zygote to start proc
09-01 23:44:03.087  1513  1625 D CompatibilityChangeReporter: Compat change id reported: 143937733; UID 10220; state: ENABLED
09-01 23:44:03.092 29491 29539 I cr_LibraryLoader: Using ModernLinker
09-01 23:44:03.094 29512 29538 I cr_LibraryLoader: Using ModernLinker
09-01 23:44:03.095 29491 29539 W linker  : Warning: "/data/app/~~_KLlx60MH8CoecPTjMKp8g==/com.android.chrome-kw9RHYrlHKb9bPXi8OTClw==/base.apk!/lib/arm64-v8a/libchromium_android_linker.so" unused DT entry: unknown processor-specific (type 0x70000001 arg 0x0) (ignoring)
09-01 23:44:03.096 29491 29539 E cr_ChromiumAndroidLinker: ReserveAddressWithHint: Address range starting at 0x7a38992000 was not free to use
09-01 23:44:03.099 29540 29574 I cr_LibraryLoader: Using ModernLinker
09-01 23:44:03.100 29566 29612 I cr_LibraryLoader: Using ModernLinker
09-01 23:44:03.101 29566 29612 W linker  : Warning: "/data/app/~~_KLlx60MH8CoecPTjMKp8g==/com.android.chrome-kw9RHYrlHKb9bPXi8OTClw==/base.apk!/lib/arm64-v8a/libchromium_android_linker.so" unused DT entry: unknown processor-specific (type 0x70000001 arg 0x0) (ignoring)
09-01 23:44:03.101 29540 29574 W linker  : Warning: "/data/app/~~_KLlx60MH8CoecPTjMKp8g==/com.android.chrome-kw9RHYrlHKb9bPXi8OTClw==/base.apk!/lib/arm64-v8a/libchromium_android_linker.so" unused DT entry: unknown processor-specific (type 0x70000001 arg 0x0) (ignoring)
09-01 23:44:03.102 29566 29612 E cr_ChromiumAndroidLinker: ReserveAddressWithHint: Address range starting at 0x7a38992000 was not free to use
09-01 23:44:03.102 29540 29574 E cr_ChromiumAndroidLinker: ReserveAddressWithHint: Address range starting at 0x7a38992000 was not free to use
09-01 23:44:03.103 29491 29637 I cr_LibraryLoader: Successfully loaded native library
09-01 23:44:03.103 29512 29538 W linker  : Warning: "/data/app/~~_KLlx60MH8CoecPTjMKp8g==/com.android.chrome-kw9RHYrlHKb9bPXi8OTClw==/base.apk!/lib/arm64-v8a/libchromium_android_linker.so" unused DT entry: unknown processor-specific (type 0x70000001 arg 0x0) (ignoring)
09-01 23:44:03.104 29491 29637 I cr_CachingUmaRecorder: Flushed 3 samples from 3 histograms.
09-01 23:44:03.104 29566 29640 I cr_LibraryLoader: Successfully loaded native library
09-01 23:44:03.104 29512 29538 E cr_ChromiumAndroidLinker: ReserveAddressWithHint: Address range starting at 0x7a38992000 was not free to use
