--------- beginning of system
09-01 23:45:30.582  1513  4618 I ActivityManager: Force stopping com.android.chrome appid=10220 user=0: from pid 30942
--------- beginning of main
09-01 23:45:30.588  2474  2474 E PhoneInterfaceManager: [PhoneIntfMgr] getCarrierPackageNamesForIntentAndPhone: No UICC
09-01 23:45:30.588  2474  2474 D CarrierSvcBindHelper: No carrier app for: 0
09-01 23:45:30.595  3135  3135 D RegisteredNfcFServicesCache: Service unchanged, not updating
09-01 23:45:30.600  8777  8777 I EuiccGoogle: [2] EuiccServiceImpl.onCreate: onCreate Single-SIM mode: simCardState is 1
09-01 23:45:30.605  8777 30948 I EuiccGoogle: [7090] EuiccServiceImpl.onGetEuiccProfileInfoList: onGetEuiccProfileInfoList: slotId = -1
09-01 23:45:30.608  8777 30948 W EuiccGoogle: [7090] EuiccServiceImpl.onGetEuiccProfileInfoList: slotId=-1. No eUICC is active. Return null.
09-01 23:45:30.682  1513  2000 D ConnectivityService: NetReassign [no changes]
09-01 23:45:30.840  1513  4618 I ActivityTaskManager: START u0 {act=android.intent.action.VIEW flg=0x10008000 cmp=com.android.chrome/com.google.android.apps.chrome.Main} from uid 2000
09-01 23:45:30.840  1513  1572 D EventSequenceValidator: inc AccIntentStartedEvents to 2
09-01 23:45:30.849   901  2806 I sensors-hal: [ssc_utils]get_qmi_debug_flag:244, support_qmi_debug : false
09-01 23:45:30.859  1513  1572 D CompatibilityChangeReporter: Compat change id reported: 135634846; UID 10220; state: DISABLED
09-01 23:45:30.859  1513  1572 D CompatibilityChangeReporter: Compat change id reported: 135754954; UID 10220; state: ENABLED
09-01 23:45:30.860  1513  1625 D CompatibilityChangeReporter: Compat change id reported: 143937733; UID 10220; state: ENABLED
09-01 23:45:30.867   778   778 D Zygote  : Forked child process 30952
09-01 23:45:30.870  1513  1625 I ActivityManager: Start proc 30952:com.android.chrome/u0a220 for pre-top-activity {com.android.chrome/com.google.android.apps.chrome.Main}
09-01 23:45:30.875 30952 30952 E .android.chrom: Not starting debugger since process cannot load the jdwp agent.
09-01 23:45:30.884  3088  3660 I AssistantForeground: (REDACTED) Get launcher package: %s
09-01 23:45:30.886   901  1000 W ASH     : @ 49917.338: Unhandled msg ID 999: line 1277
09-01 23:45:30.886   901  1000 E ASH     : @ 49917.338: No pb callback assigned
09-01 23:45:30.886   901  1000 E ASH     : @ 49917.338: Nanopb error: callback failed:1588
09-01 23:45:30.898 30952 30952 W .android.chrom: JIT profile information will not be recorded: profile file does not exist.
09-01 23:45:30.901  2158  2158 I WallpaperService: engine resumed
09-01 23:45:30.902 30952 30952 I LoadedApk: No resource references to update in package com.google.android.trichromelibrary
09-01 23:45:30.902 30952 30952 D NetworkSecurityConfig: Using Network Security Config from resource 0_resource_name_obfuscated debugBuild: false
09-01 23:45:30.903 30952 30952 D NetworkSecurityConfig: Using Network Security Config from resource 0_resource_name_obfuscated debugBuild: false
09-01 23:45:30.903   901   901 I sensors-hal: [hal]batch_physical_sensor:301, android.sensor.gyroscope/41, period=20000000, max_latency=0
09-01 23:45:30.903   901   901 I sensors-hal: [hal]batch_physical_sensor:310, android.sensor.gyroscope/41, period=20000000, max_latency=0 request completed
09-01 23:45:30.903   901   901 I sensors-hal: [hal]activate_physical_sensor:238, android.sensor.gyroscope/41 en=1
09-01 23:45:30.903 30952 30952 I cr_SplitCompatApp: Launched version=107.0.5304.91 minSdkVersion=29 isBundle=true processName=com.android.chrome isIsolated=false
09-01 23:45:30.903   901   901 I sensors-hal: [ssc_utils]get_qmi_debug_flag:244, support_qmi_debug : false
09-01 23:45:30.905   901   901 W sensors@2.0-ser: type=1400 audit(0.0:6030): avc: denied { read write } for name="diag" dev="tmpfs" ino=12474 scontext=u:r:hal_sensors_default:s0 tcontext=u:object_r:diag_device:s0 tclass=chr_file permissive=0
09-01 23:45:30.905   901   901 W sensors@2.0-ser: type=1400 audit(0.0:6031): avc: denied { read write } for name="diag" dev="tmpfs" ino=12474 scontext=u:r:hal_sensors_default:s0 tcontext=u:object_r:diag_device:s0 tclass=chr_file permissive=0
09-01 23:45:30.906   901   901 D Diag_Lib:  Diag_LSM_Init: Failed to open handle to diag driver, error = 13
09-01 23:45:30.907   901   901 D Diag_Lib:  Diag_LSM_Init: Failed to open handle to diag driver, error = 13
09-01 23:45:30.907   901   901 I sensors-hal: [ssc_sensor]update_handle:537, handle=331, type=33, wakeup=0, hwid=0, base=331
09-01 23:45:30.907   901   901 I sensors-hal: [ssc_utils]get_qmi_debug_flag:244, support_qmi_debug : false
09-01 23:45:30.911   901   901 I sensors-hal: [ssc_utils]get_qmi_debug_flag:244, support_qmi_debug : false
09-01 23:45:30.912   901 30978 I sensors-hal: [ssc_sensor]ssc_conn_resp_cb:663, resp_value = 0
09-01 23:45:30.912   901  1000 W SEE     : @ 49917.364: adding req to Q sensor=8 req=0xb20276d8 msg=513
09-01 23:45:30.914   901 30978 I sensors-hal: [sensor]submit_sensors_hal_event:146, android.sensor.additional_info: trying to push empty Events, count = 0
09-01 23:45:30.914   901 30978 I sensors-hal: [sensor]submit_sensors_hal_event:146, android.sensor.additional_info: trying to push empty Events, count = 0
09-01 23:45:30.917   901   901 I sensors-hal: [hal]activate_physical_sensor:249, android.sensor.gyroscope/41 en=1 completed
09-01 23:45:30.918   901 30982 I sensors-hal: [ssc_sensor]ssc_conn_resp_cb:663, resp_value = 0
09-01 23:45:30.918   901  1000 W SEE     : @ 49917.370: adding req to Q sensor=2 req=0xb2035588 msg=513
09-01 23:45:30.920   901 30982 I sensors-hal: [sensor]submit_sensors_hal_event:146, android.sensor.gyroscope: trying to push empty Events, count = 1
09-01 23:45:30.920   901 30982 I chatty  : uid=1000(system) sensors@2.0-ser identical 2 lines
09-01 23:45:30.933   901 30982 I sensors-hal: [sensor]submit_sensors_hal_event:146, android.sensor.gyroscope: trying to push empty Events, count = 1
09-01 23:45:30.935 30952 30987 I cr_LibraryLoader: Using ModernLinker
09-01 23:45:30.936 30952 30987 I cr_LibraryLoader: Loading monochrome_64 from within /data/app/~~_KLlx60MH8CoecPTjMKp8g==/com.android.chrome-kw9RHYrlHKb9bPXi8OTClw==/base.apk
09-01 23:45:30.937 30952 30987 W linker  : Warning: "/data/app/~~_KLlx60MH8CoecPTjMKp8g==/com.android.chrome-kw9RHYrlHKb9bPXi8OTClw==/base.apk!/lib/arm64-v8a/libchromium_android_linker.so" unused DT entry: unknown processor-specific (type 0x70000001 arg 0x0) (ignoring)
09-01 23:45:30.937 30952 30987 I cr_ModernLinker: loadLibraryImplLocked: monochrome_64, relroMode=1
09-01 23:45:30.938 30952 30987 W linker  : Warning: "/data/app/~~pvdNlmkqoAdokjnHYmWQbA==/com.google.android.trichromelibrary_530409134-AZWnkLs2PHY5miTP6ZiTzA==/base.apk!/lib/arm64-v8a/libmonochrome_64.so" unused DT entry: unknown processor-specific (type 0x70000001 arg 0x0) (ignoring)
09-01 23:45:30.944  2816  3139 I FontLog : Received query Google Sans:700, URI content://com.google.android.gms.fonts [CONTEXT service_id=132 ]
09-01 23:45:30.944  2816  3139 I FontLog : Query [Google Sans:700] resolved to {Google Sans, wdth 100.0, wght 700, ital 0.0, bestEffort false} [CONTEXT service_id=132 ]
09-01 23:45:30.946  2816  3139 I FontLog : Fetch {Google Sans, wdth 100.0, wght 700, ital 0.0, bestEffort false} end status Status{statusCode=SUCCESS, resolution=null} [CONTEXT service_id=132 ]
09-01 23:45:30.954  2816  3139 I FontLog : Pulling font file for id = 1781, cache size = 5 [CONTEXT service_id=132 ]
09-01 23:45:30.962 30952 30987 I cr_LibraryLoader: Successfully loaded native library
09-01 23:45:30.963 30952 30987 I cr_CachingUmaRecorder: Flushed 34 samples from 32 histograms.
09-01 23:45:30.968 30952 30991 W DynamiteModule: Local module descriptor class for com.google.android.gms.googlecertificates not found.
09-01 23:45:30.980 30952 30991 I DynamiteModule: Considering local module com.google.android.gms.googlecertificates:0 and remote module com.google.android.gms.googlecertificates:7
09-01 23:45:30.981 30952 30991 I DynamiteModule: Selected remote version of com.google.android.gms.googlecertificates, version >= 7
09-01 23:45:30.985  2062  2084 W System  : A resource failed to call release. 
09-01 23:45:30.986  2062  2084 I chatty  : uid=10233(com.android.systemui) FinalizerDaemon identical 2 lines
09-01 23:45:30.987  2062  2084 W System  : A resource failed to call release. 
09-01 23:45:30.987 30952 30991 W System  : ClassLoader referenced unknown path: 
09-01 23:45:30.987  2062  2084 W System  : A resource failed to call release. 
09-01 23:45:30.989  2062  2084 W System  : A resource failed to call release. 
09-01 23:45:31.006 30952 30952 I cr_CompositorSurfaceMgr: Transitioning to surface with format: -1
09-01 23:45:31.020  1513  3246 D CompatibilityChangeReporter: Compat change id reported: 136274596; UID 10220; state: ENABLED
09-01 23:45:31.036 30952 30981 I cr_tabmodel: Starting to fetch tab list for tab_state1
09-01 23:45:31.037 30952 30985 I cr_tabmodel: Starting to fetch tab list for tab_state0
09-01 23:45:31.037 30952 30981 I cr_tabmodel: State file does not exist.
09-01 23:45:31.037 30952 30985 I cr_tabmodel: Finished fetching tab list.
09-01 23:45:31.061   592  1642 W DisplayIdentification: Invalid EDID: falling back to serial number due to missing display name.
09-01 23:45:31.061   592  1642 W DisplayIdentification: Invalid EDID: falling back to ASCII text due to missing serial number.
09-01 23:45:31.072  1513  2570 D CompatibilityChangeReporter: Compat change id reported: 135634846; UID 10220; state: DISABLED
09-01 23:45:31.072  1513  2570 D CompatibilityChangeReporter: Compat change id reported: 135754954; UID 10220; state: ENABLED
09-01 23:45:31.073  1513  1625 D CompatibilityChangeReporter: Compat change id reported: 143937733; UID 10220; state: ENABLED
09-01 23:45:31.079  2816 29438 E bfyz    : Phenotype API error. Event # deor@e66d7dd5, EventCode: 7 [CONTEXT service_id=51 ]
09-01 23:45:31.079  2816 29438 E bfyz    : bfyb: 29505: No config packages for log source, or config package not registered
09-01 23:45:31.079  2816 29438 E bfyz    : 	at bfzu.b(:com.google.android.gms@224312037@22.43.12 (150400-483592595):4)
09-01 23:45:31.079  2816 29438 E bfyz    : 	at bfzr.g(:com.google.android.gms@224312037@22.43.12 (150400-483592595):0)
09-01 23:45:31.079  2816 29438 E bfyz    : 	at bfyz.e(:com.google.android.gms@224312037@22.43.12 (150400-483592595):4)
09-01 23:45:31.079  2816 29438 E bfyz    : 	at bfyz.f(:com.google.android.gms@224312037@22.43.12 (150400-483592595):2)
09-01 23:45:31.079  2816 29438 E bfyz    : 	at aqyg.eq(:com.google.android.gms@224312037@22.43.12 (150400-483592595):1)
09-01 23:45:31.079  2816 29438 E bfyz    : 	at aqym.run(:com.google.android.gms@224312037@22.43.12 (150400-483592595):12)
09-01 23:45:31.079  2816 29438 E bfyz    : 	at ckdj.run(:com.google.android.gms@224312037@22.43.12 (150400-483592595):2)
09-01 23:45:31.079  2816 29438 E bfyz    : 	at zqv.c(:com.google.android.gms@224312037@22.43.12 (150400-483592595):6)
09-01 23:45:31.079  2816 29438 E bfyz    : 	at zqv.run(:com.google.android.gms@224312037@22.43.12 (150400-483592595):7)
09-01 23:45:31.079  2816 29438 E bfyz    : 	at java.util.concurrent.ThreadPoolExecutor.runWorker(ThreadPoolExecutor.java:1167)
09-01 23:45:31.079  2816 29438 E bfyz    : 	at java.util.concurrent.ThreadPoolExecutor$Worker.run(ThreadPoolExecutor.java:641)
09-01 23:45:31.079  2816 29438 E bfyz    : 	at zwa.run(:com.google.android.gms@224312037@22.43.12 (150400-483592595):0)
09-01 23:45:31.079  2816 29438 E bfyz    : 	at java.lang.Thread.run(Thread.java:923)
09-01 23:45:31.080  2816 29438 W AsyncOperation: operation=GetExperimentTokensOperationCall, opStatusCode=29505 [CONTEXT service_id=51 ]
09-01 23:45:31.080  2816 29438 W AsyncOperation: OperationException[Status{statusCode=No config packages for log source, or config package not registered, resolution=null}]
09-01 23:45:31.080  2816 29438 W AsyncOperation: 	at bfyz.e(:com.google.android.gms@224312037@22.43.12 (150400-483592595):6)
09-01 23:45:31.080  2816 29438 W AsyncOperation: 	at bfyz.f(:com.google.android.gms@224312037@22.43.12 (150400-483592595):2)
09-01 23:45:31.080  2816 29438 W AsyncOperation: 	at aqyg.eq(:com.google.android.gms@224312037@22.43.12 (150400-483592595):1)
09-01 23:45:31.080  2816 29438 W AsyncOperation: 	at aqym.run(:com.google.android.gms@224312037@22.43.12 (150400-483592595):12)
09-01 23:45:31.080  2816 29438 W AsyncOperation: 	at ckdj.run(:com.google.android.gms@224312037@22.43.12 (150400-483592595):2)
09-01 23:45:31.080  2816 29438 W AsyncOperation: 	at zqv.c(:com.google.android.gms@224312037@22.43.12 (150400-483592595):6)
09-01 23:45:31.080  2816 29438 W AsyncOperation: 	at zqv.run(:com.google.android.gms@224312037@22.43.12 (150400-483592595):7)
09-01 23:45:31.080  2816 29438 W AsyncOperation: 	at java.util.concurrent.ThreadPoolExecutor.runWorker(ThreadPoolExecutor.java:1167)
09-01 23:45:31.080  2816 29438 W AsyncOperation: 	at java.util.concurrent.ThreadPoolExecutor$Worker.run(ThreadPoolExecutor.java:641)
09-01 23:45:31.080  2816 29438 W AsyncOperation: 	at zwa.run(:com.google.android.gms@224312037@22.43.12 (150400-483592595):0)
09-01 23:45:31.080  2816 29438 W AsyncOperation: 	at java.lang.Thread.run(Thread.java:923)
09-01 23:45:31.083 30952 31000 I AdrenoGLES-0: QUALCOMM build                   : 35605c3, Ia11ce2d146
09-01 23:45:31.083 30952 31000 I AdrenoGLES-0: Build Date                       : 09/02/20
09-01 23:45:31.083 30952 31000 I AdrenoGLES-0: OpenGL ES Shader Compiler Version: EV031.31.04.00
09-01 23:45:31.083 30952 31000 I AdrenoGLES-0: Local Branch                     : gfx-adreno.lnx.2.0
09-01 23:45:31.083 30952 31000 I AdrenoGLES-0: Remote Branch                    : 
09-01 23:45:31.083 30952 31000 I AdrenoGLES-0: Remote Branch                    : 
09-01 23:45:31.083 30952 31000 I AdrenoGLES-0: Reconstruct Branch               : 
09-01 23:45:31.083 30952 31000 I AdrenoGLES-0: Build Config                     : S P 10.0.4 AArch64
09-01 23:45:31.083 30952 31000 I AdrenoGLES-0: Driver Path                      : /vendor/lib64/egl/libGLESv2_adreno.so
09-01 23:45:31.087 30952 30952 I cr_StartSurfaceConfig: Recorded Startup.Android.FirstDrawCompletedTime.NoInstant = 107 ms
09-01 23:45:31.087   778   778 D Zygote  : Forked child process 31002
09-01 23:45:31.088 30952 31000 I AdrenoGLES-0: PFP: 0x016dd090, ME: 0x00000000
09-01 23:45:31.089  1513  1625 W ZygoteProcess: Got error connecting to zygote, retrying. msg= Connection refused
09-01 23:45:31.093 30952 31000 W AdrenoUtils: <ReadGpuID_from_sysfs:197>: Failed to open /sys/class/kgsl/kgsl-3d0/gpu_model
09-01 23:45:31.093 30952 31000 W AdrenoUtils: <ReadGpuID:221>: Failed to read chip ID from gpu_model. Fallback to use the GSL path
09-01 23:45:31.094   594 28441 I SDM     : HWDeviceDRM::UpdateMixerAttributes: Mixer WxH 1080x2340-1 for Peripheral
09-01 23:45:31.094   594 28441 I SDM     : DisplayBase::SetActiveConfig: Active configuration changed to: 0
09-01 23:45:31.094   594 28441 I SDM     : StrategyImpl::SetIdleTimeoutMs: Idle timeout set to zero for command mode panels
09-01 23:45:31.098 31002 31002 I libc    : SetHeapTaggingLevel: tag level set to 0
09-01 23:45:31.107   901  2806 I sensors-hal: [ssc_utils]get_qmi_debug_flag:244, support_qmi_debug : false
09-01 23:45:31.111   594 28441 I SDM     : HWDeviceDRM::UpdateMixerAttributes: Mixer WxH 1080x2340-1 for Peripheral
09-01 23:45:31.111   594 28441 I SDM     : DisplayBase::SetActiveConfig: Active configuration changed to: 1
09-01 23:45:31.111   594 28441 I SDM     : StrategyImpl::SetIdleTimeoutMs: Idle timeout set to zero for command mode panels
09-01 23:45:31.111  1513  1572 D EventSequenceValidator: dec AccIntentStartedEvents to 1
09-01 23:45:31.118  1513  1572 I DisplayManagerService: Display device changed: DisplayDeviceInfo{"Built-in Screen": uniqueId="local:19260504575090817", 1080 x 2340, modeId 2, defaultModeId 2, supportedModes [{id=1, width=1080, height=2340, fps=90.0}, {id=2, width=1080, height=2340, fps=60.000004}], colorMode 0, supportedColorModes [0, 7, 9], HdrCapabilities HdrCapabilities{mSupportedHdrTypes=[2, 3, 4], mMaxLuminance=500.0, mMaxAverageLuminance=500.0, mMinLuminance=0.0}, allmSupported false, gameContentTypeSupported false, density 440, 435.428 x 433.839 dpi, appVsyncOff 2333332, presDeadline 11500000, cutout DisplayCutout{insets=Rect(0, 136 - 0, 0) waterfall=Insets{left=0, top=0, right=0, bottom=0} boundingRect={Bounds=[Rect(0, 0 - 0, 0), Rect(0, 0 - 136, 136), Rect(0, 0 - 0, 0), Rect(0, 0 - 0, 0)]}}, touch INTERNAL, rotation 0, type INTERNAL, address {port=129, model=0x446d53ad64a0}, deviceProductInfo DeviceProductInfo{name=, manufacturerPnpId=QCM, productId=1, modelYear=null, manufactureDate=ManufactureDate{week=27, year=2006}, relativeAddress=null}, state ON, FLAG_DEFAULT_DISPLAY, FLAG_ROTATES_WITH_CONTENT, FLAG_SECURE, FLAG_SUPPORTS_PROTECTED_BUFFERS}
09-01 23:45:31.122   901  2806 I sensors-hal: [ssc_utils]get_qmi_debug_flag:244, support_qmi_debug : false
09-01 23:45:31.126   901  1000 W ASH     : @ 49917.578: Unhandled msg ID 999: line 1277
09-01 23:45:31.126   901  1000 E ASH     : @ 49917.578: No pb callback assigned
09-01 23:45:31.126   901  1000 E ASH     : @ 49917.578: Nanopb error: callback failed:1588
09-01 23:45:31.127 30952 30952 I TetheringManager: registerTetheringEventCallback:com.android.chrome
09-01 23:45:31.127  1513  1572 I DisplayManagerService: Display device changed: DisplayDeviceInfo{"Built-in Screen": uniqueId="local:19260504575090817", 1080 x 2340, modeId 1, defaultModeId 2, supportedModes [{id=1, width=1080, height=2340, fps=90.0}, {id=2, width=1080, height=2340, fps=60.000004}], colorMode 0, supportedColorModes [0, 7, 9], HdrCapabilities HdrCapabilities{mSupportedHdrTypes=[2, 3, 4], mMaxLuminance=500.0, mMaxAverageLuminance=500.0, mMinLuminance=0.0}, allmSupported false, gameContentTypeSupported false, density 440, 435.428 x 433.839 dpi, appVsyncOff 2333333, presDeadline 11500000, cutout DisplayCutout{insets=Rect(0, 136 - 0, 0) waterfall=Insets{left=0, top=0, right=0, bottom=0} boundingRect={Bounds=[Rect(0, 0 - 0, 0), Rect(0, 0 - 136, 136), Rect(0, 0 - 0, 0), Rect(0, 0 - 0, 0)]}}, touch INTERNAL, rotation 0, type INTERNAL, address {port=129, model=0x446d53ad64a0}, deviceProductInfo DeviceProductInfo{name=, manufacturerPnpId=QCM, productId=1, modelYear=null, manufactureDate=ManufactureDate{week=27, year=2006}, relativeAddress=null}, state ON, FLAG_DEFAULT_DISPLAY, FLAG_ROTATES_WITH_CONTENT, FLAG_SECURE, FLAG_SUPPORTS_PROTECTED_BUFFERS}
09-01 23:45:31.127  1513  1622 D ArtManagerInternalImpl: /data/misc/iorapd/com.android.chrome/530409134/com.google.android.apps.chrome.Main/compiled_traces/compiled_trace.pb doesn't exist
09-01 23:45:31.128  1513  1622 I ActivityTaskManager: Displayed com.android.chrome/com.google.android.apps.chrome.Main: +269ms
09-01 23:45:31.141  1513  1625 I AppZygote: Starting application preload.
09-01 23:45:31.143 31002 31002 I AppZygoteInit: Beginning application preload for com.android.chrome
09-01 23:45:31.156 31002 31002 I cr_ZygotePreload: Loaded Zygote. version=107.0.5304.91 minSdkVersion=29 isBundle=true
09-01 23:45:31.162 31002 31002 W linker  : Warning: "/data/app/~~pvdNlmkqoAdokjnHYmWQbA==/com.google.android.trichromelibrary_530409134-AZWnkLs2PHY5miTP6ZiTzA==/base.apk!/lib/arm64-v8a/libmonochrome_64.so" unused DT entry: unknown processor-specific (type 0x70000001 arg 0x0) (ignoring)
09-01 23:45:31.166   901  1000 W ASH     : @ 49917.618: Unhandled msg ID 999: line 1277
09-01 23:45:31.166   901  1000 E ASH     : @ 49917.618: No pb callback assigned
09-01 23:45:31.166   901  1000 E ASH     : @ 49917.618: Nanopb error: callback failed:1588
09-01 23:45:31.178 30952 30993 W cr_PartnerCustomize: Partner homepage must be HTTP(S) or NewTabPage. Got invalid URL ""
09-01 23:45:31.190  1513  1625 I AppZygote: Application preload done.
09-01 23:45:31.191 31002 31002 I AppZygoteInit: Application preload done
09-01 23:45:31.202 30952 30952 I cr_SmsProviderGms: construction successfull IU2@261afee, FU2@7469c8f
09-01 23:45:31.209 31002 31008 W d.chrome_zygot: Reducing the number of considered missed Gc histogram windows from 4991 to 100
09-01 23:45:31.216 31002 31002 D Zygote  : Forked child process 31036
09-01 23:45:31.218  1513  1625 W ActivityManager: Slow operation: 145ms so far, now at startProcess: returned from zygote!
09-01 23:45:31.218  1513  1625 W ActivityManager: Slow operation: 145ms so far, now at startProcess: done updating battery stats
09-01 23:45:31.218  1513  1625 W ActivityManager: Slow operation: 145ms so far, now at startProcess: building log message
09-01 23:45:31.218  1513  1625 I ActivityManager: Start proc 31036:com.android.chrome:sandboxed_process0:org.chromium.content.app.SandboxedProcessService0:0/u0ai0 for  {com.android.chrome/org.chromium.content.app.SandboxedProcessService0:0}
09-01 23:45:31.218  1513  1625 W ActivityManager: Slow operation: 145ms so far, now at startProcess: starting to update pids map
09-01 23:45:31.218  1513  1625 W ActivityManager: Slow operation: 145ms so far, now at startProcess: done updating pids map
09-01 23:45:31.218 30952 31029 W InstanceID: Instance ID SDK is deprecated, com.android.chrome should update to use Firebase Instance ID
09-01 23:45:31.220 31036 31036 E libc    : SetHeapTaggingLevel: re-enabling tagging after it was disabled is not supported
09-01 23:45:31.238   778   778 D Zygote  : Forked child process 31047
09-01 23:45:31.239  1513  1625 W ActivityManager: Slow operation: 61ms so far, now at startProcess: returned from zygote!
09-01 23:45:31.239  1513  1625 W ActivityManager: Slow operation: 61ms so far, now at startProcess: done updating battery stats
09-01 23:45:31.239  1513  1625 W ActivityManager: Slow operation: 61ms so far, now at startProcess: building log message
09-01 23:45:31.239  1513  1625 I ActivityManager: Start proc 31047:com.android.chrome:privileged_process0/u0a220 for service {com.android.chrome/org.chromium.content.app.PrivilegedProcessService0}
09-01 23:45:31.239  1513  1625 W ActivityManager: Slow operation: 61ms so far, now at startProcess: starting to update pids map
09-01 23:45:31.239  1513  1625 W ActivityManager: Slow operation: 61ms so far, now at startProcess: done updating pids map
09-01 23:45:31.244  1513  2180 D ConnectivityService: requestNetwork for uid/pid:10220/30952 NetworkRequest [ TRACK_DEFAULT id=2299, [ Capabilities: INTERNET&NOT_RESTRICTED&TRUSTED Uid: 10220 AdministratorUids: [] RequestorUid: 10220 RequestorPackageName: com.android.chrome] ]
09-01 23:45:31.245  1513  2000 D ConnectivityService: NetReassign [2299 : null → 100]
09-01 23:45:31.245  1513  1996 D WifiNetworkFactory: got request NetworkRequest [ TRACK_DEFAULT id=2299, [ Capabilities: INTERNET&NOT_RESTRICTED&TRUSTED Uid: 10220 AdministratorUids: [] RequestorUid: 10220 RequestorPackageName: com.android.chrome] ] with score 60 and providerId 5
09-01 23:45:31.245  1513  2038 D Ethernet: got request NetworkRequest [ TRACK_DEFAULT id=2299, [ Capabilities: INTERNET&NOT_RESTRICTED&TRUSTED Uid: 10220 AdministratorUids: [] RequestorUid: 10220 RequestorPackageName: com.android.chrome] ] with score 60 and providerId 5
09-01 23:45:31.245  1513  1996 D UntrustedWifiNetworkFactory: got request NetworkRequest [ TRACK_DEFAULT id=2299, [ Capabilities: INTERNET&NOT_RESTRICTED&TRUSTED Uid: 10220 AdministratorUids: [] RequestorUid: 10220 RequestorPackageName: com.android.chrome] ] with score 60 and providerId 5
09-01 23:45:31.245  2474  2474 D PhoneSwitcherNetworkRequstListener: got request NetworkRequest [ TRACK_DEFAULT id=2299, [ Capabilities: INTERNET&NOT_RESTRICTED&TRUSTED Uid: 10220 AdministratorUids: [] RequestorUid: 10220 RequestorPackageName: com.android.chrome] ] with score 60 and providerId 5
09-01 23:45:31.246  1513  2037 D WIFI_AWARE_FACTORY: got request NetworkRequest [ TRACK_DEFAULT id=2299, [ Capabilities: INTERNET&NOT_RESTRICTED&TRUSTED Uid: 10220 AdministratorUids: [] RequestorUid: 10220 RequestorPackageName: com.android.chrome] ] with score 60 and providerId 5
09-01 23:45:31.249  1513  2000 D ConnectivityService: NetReassign [no changes]
09-01 23:45:31.252 31036 31036 E ocessService0:: Not starting debugger since process cannot load the jdwp agent.
09-01 23:45:31.255 31047 31047 E ileged_process: Not starting debugger since process cannot load the jdwp agent.
09-01 23:45:31.275  1513  7910 D CompatibilityChangeReporter: Compat change id reported: 136274596; UID 10220; state: ENABLED
09-01 23:45:31.289  1513  2263 D CompatibilityChangeReporter: Compat change id reported: 149924527; UID 10220; state: ENABLED
09-01 23:45:31.290  1513  3245 D CompatibilityChangeReporter: Compat change id reported: 132649864; UID 10220; state: DISABLED
09-01 23:45:31.291  1513  3168 D CompatibilityChangeReporter: Compat change id reported: 136274596; UID 10220; state: ENABLED
09-01 23:45:31.300  1513  7910 D ConnectivityService: requestNetwork for uid/pid:10220/30952 NetworkRequest [ TRACK_DEFAULT id=2301, [ Capabilities: INTERNET&NOT_RESTRICTED&TRUSTED Uid: 10220 AdministratorUids: [] RequestorUid: 10220 RequestorPackageName: com.android.chrome] ]
09-01 23:45:31.300  1513  2000 D ConnectivityService: NetReassign [2301 : null → 100]
09-01 23:45:31.301  1513  1996 D WifiNetworkFactory: got request NetworkRequest [ TRACK_DEFAULT id=2301, [ Capabilities: INTERNET&NOT_RESTRICTED&TRUSTED Uid: 10220 AdministratorUids: [] RequestorUid: 10220 RequestorPackageName: com.android.chrome] ] with score 60 and providerId 5
09-01 23:45:31.301  1513  2038 D Ethernet: got request NetworkRequest [ TRACK_DEFAULT id=2301, [ Capabilities: INTERNET&NOT_RESTRICTED&TRUSTED Uid: 10220 AdministratorUids: [] RequestorUid: 10220 RequestorPackageName: com.android.chrome] ] with score 60 and providerId 5
09-01 23:45:31.302  1513  1996 D UntrustedWifiNetworkFactory: got request NetworkRequest [ TRACK_DEFAULT id=2301, [ Capabilities: INTERNET&NOT_RESTRICTED&TRUSTED Uid: 10220 AdministratorUids: [] RequestorUid: 10220 RequestorPackageName: com.android.chrome] ] with score 60 and providerId 5
09-01 23:45:31.302  2474  2474 D PhoneSwitcherNetworkRequstListener: got request NetworkRequest [ TRACK_DEFAULT id=2301, [ Capabilities: INTERNET&NOT_RESTRICTED&TRUSTED Uid: 10220 AdministratorUids: [] RequestorUid: 10220 RequestorPackageName: com.android.chrome] ] with score 60 and providerId 5
09-01 23:45:31.302  1513  2037 D WIFI_AWARE_FACTORY: got request NetworkRequest [ TRACK_DEFAULT id=2301, [ Capabilities: INTERNET&NOT_RESTRICTED&TRUSTED Uid: 10220 AdministratorUids: [] RequestorUid: 10220 RequestorPackageName: com.android.chrome] ] with score 60 and providerId 5
09-01 23:45:31.302 31036 31036 I LoadedApk: No resource references to update in package com.google.android.trichromelibrary
09-01 23:45:31.302  1513  2000 D ConnectivityService: NetReassign [no changes]
09-01 23:45:31.303 31036 31036 D NetworkSecurityConfig: Using Network Security Config from resource 0_resource_name_obfuscated debugBuild: false
09-01 23:45:31.304 31036 31036 D NetworkSecurityConfig: Using Network Security Config from resource 0_resource_name_obfuscated debugBuild: false
09-01 23:45:31.304 30952 30952 W cr_KnoxSettingsProvider: Permission to read device policy denied.
09-01 23:45:31.306 31036 31036 I cr_SplitCompatApp: Launched version=107.0.5304.91 minSdkVersion=29 isBundle=true processName=com.android.chrome:sandboxed_process0:org.chromium.content.app.SandboxedProcessService0:0 isIsolated=true
09-01 23:45:31.306 31047 31047 W ileged_process: JIT profile information will not be recorded: profile file does not exist.
09-01 23:45:31.310 30952 30952 I cr_CompositorSurfaceMgr: Transitioning to surface with format: -1
09-01 23:45:31.311 30952 30952 I cr_CompositorSurfaceMgr: surfaceCreated format: 0
09-01 23:45:31.312 31047 31047 I LoadedApk: No resource references to update in package com.google.android.trichromelibrary
09-01 23:45:31.312 31047 31047 D NetworkSecurityConfig: Using Network Security Config from resource 0_resource_name_obfuscated debugBuild: false
09-01 23:45:31.312 31047 31047 D NetworkSecurityConfig: Using Network Security Config from resource 0_resource_name_obfuscated debugBuild: false
09-01 23:45:31.313 31047 31047 I cr_SplitCompatApp: Launched version=107.0.5304.91 minSdkVersion=29 isBundle=true processName=com.android.chrome:privileged_process0 isIsolated=false
09-01 23:45:31.317 31036 31036 W SystemServiceRegistry: No service published for: uimode
09-01 23:45:31.318 30952 30952 I cr_ChromeTabbedActivity: #initializeState
09-01 23:45:31.319 30952 30952 I cr_CipherFactory: #restoreFromBundle, no savedInstanceState.
09-01 23:45:31.319 30952 30952 I cr_tabmodel: #loadState, ignoreIncognitoFiles? true
09-01 23:45:31.319 30952 30952 I cr_tabmodel: Tab metadata, skipIncognitoCount? false incognitoCount: 0 totalCount: 100
09-01 23:45:31.320 30952 30952 I cr_tabmodel: #isIncognitoTabBeingRestored from tabDetails:  false
09-01 23:45:31.320 30952 30952 W cr_tabmodel: Failed to restore TabState; creating Tab with last known URL.
09-01 23:45:31.321 31047 31047 I cr_ChildProcessService: Creating new ChildProcessService pid=31047
09-01 23:45:31.322 31036 31036 I cr_ChildProcessService: Creating new ChildProcessService pid=31036
09-01 23:45:31.325 31047 31074 I cr_LibraryLoader: Using ModernLinker
09-01 23:45:31.326 31047 31077 W linker  : Warning: "/data/app/~~_KLlx60MH8CoecPTjMKp8g==/com.android.chrome-kw9RHYrlHKb9bPXi8OTClw==/base.apk!/lib/arm64-v8a/libchromium_android_linker.so" unused DT entry: unknown processor-specific (type 0x70000001 arg 0x0) (ignoring)
09-01 23:45:31.327 31047 31077 I cr_LibraryLoader: Loading monochrome_64 from within /data/app/~~_KLlx60MH8CoecPTjMKp8g==/com.android.chrome-kw9RHYrlHKb9bPXi8OTClw==/base.apk
09-01 23:45:31.327 31047 31077 I cr_ModernLinker: loadLibraryImplLocked: monochrome_64, relroMode=2
09-01 23:45:31.328 31047 31077 W linker  : Warning: "/data/app/~~pvdNlmkqoAdokjnHYmWQbA==/com.google.android.trichromelibrary_530409134-AZWnkLs2PHY5miTP6ZiTzA==/base.apk!/lib/arm64-v8a/libmonochrome_64.so" unused DT entry: unknown processor-specific (type 0x70000001 arg 0x0) (ignoring)
09-01 23:45:31.342 31047 31077 I cr_LibraryLoader: Successfully loaded native library
09-01 23:45:31.343 31047 31077 I cr_CachingUmaRecorder: Flushed 11 samples from 11 histograms.
09-01 23:45:31.350 31047 31077 I AdrenoGLES-0: QUALCOMM build                   : 35605c3, Ia11ce2d146
09-01 23:45:31.350 31047 31077 I AdrenoGLES-0: Build Date                       : 09/02/20
09-01 23:45:31.350 31047 31077 I AdrenoGLES-0: OpenGL ES Shader Compiler Version: EV031.31.04.00
09-01 23:45:31.350 31047 31077 I AdrenoGLES-0: Local Branch                     : gfx-adreno.lnx.2.0
09-01 23:45:31.350 31047 31077 I AdrenoGLES-0: Remote Branch                    : 
09-01 23:45:31.350 31047 31077 I AdrenoGLES-0: Remote Branch                    : 
09-01 23:45:31.350 31047 31077 I AdrenoGLES-0: Reconstruct Branch               : 
09-01 23:45:31.350 31047 31077 I AdrenoGLES-0: Build Config                     : S P 10.0.4 AArch64
09-01 23:45:31.350 31047 31077 I AdrenoGLES-0: Driver Path                      : /vendor/lib64/egl/libGLESv2_adreno.so
09-01 23:45:31.353 31047 31077 I AdrenoGLES-0: PFP: 0x016dd090, ME: 0x00000000
09-01 23:45:31.358 31047 31077 W AdrenoUtils: <ReadGpuID_from_sysfs:197>: Failed to open /sys/class/kgsl/kgsl-3d0/gpu_model
09-01 23:45:31.358 31047 31077 W AdrenoUtils: <ReadGpuID:221>: Failed to read chip ID from gpu_model. Fallback to use the GSL path
09-01 23:45:31.365 31036 31071 I cr_LibraryLoader: Using ModernLinker
09-01 23:45:31.368 31036 31071 W linker  : Warning: "/data/app/~~_KLlx60MH8CoecPTjMKp8g==/com.android.chrome-kw9RHYrlHKb9bPXi8OTClw==/base.apk!/lib/arm64-v8a/libchromium_android_linker.so" unused DT entry: unknown processor-specific (type 0x70000001 arg 0x0) (ignoring)
09-01 23:45:31.368 30952 30952 E cr_IntentUtils: getBooleanExtra failed on intent null
09-01 23:45:31.368 30952 30952 E cr_IntentUtils: getBooleanExtra failed on intent null
09-01 23:45:31.368 31036 31071 E cr_ChromiumAndroidLinker: ReserveAddressWithHint: Address range starting at 0x7a3868c000 was not free to use
09-01 23:45:31.373 31036 31078 I cr_LibraryLoader: Successfully loaded native library
09-01 23:45:31.374 31036 31078 I cr_CachingUmaRecorder: Flushed 3 samples from 3 histograms.
09-01 23:45:31.396 31047 31077 D vulkan  : searching for layers in '/data/app/~~_KLlx60MH8CoecPTjMKp8g==/com.android.chrome-kw9RHYrlHKb9bPXi8OTClw==/lib/arm64'
09-01 23:45:31.396 31047 31077 D vulkan  : searching for layers in '/data/app/~~_KLlx60MH8CoecPTjMKp8g==/com.android.chrome-kw9RHYrlHKb9bPXi8OTClw==/base.apk!/lib/arm64-v8a'
09-01 23:45:31.397 31047 31077 D vulkan  : searching for layers in '/data/app/~~pvdNlmkqoAdokjnHYmWQbA==/com.google.android.trichromelibrary_530409134-AZWnkLs2PHY5miTP6ZiTzA==/base.apk!/lib/arm64-v8a'
09-01 23:45:31.402  7733  7753 I gle.android.gm: CollectorTransition concurrent copying GC freed 67843(2322KB) AllocSpace objects, 0(0B) LOS objects, 75% free, 10MB/41MB, paused 240us total 320.254ms
09-01 23:45:31.404  2816  3139 I FontLog : Received query name=Google Sans&weight=700&besteffort=false, URI content://com.google.android.gms.fonts [CONTEXT service_id=132 ]
09-01 23:45:31.404  2816  3139 I FontLog : Query [name=Google Sans&weight=700&besteffort=false] resolved to {Google Sans, wdth 100.0, wght 700, ital 0.0, bestEffort false} [CONTEXT service_id=132 ]
09-01 23:45:31.405  2816  3139 I FontLog : Fetch {Google Sans, wdth 100.0, wght 700, ital 0.0, bestEffort false} end status Status{statusCode=SUCCESS, resolution=null} [CONTEXT service_id=132 ]
09-01 23:45:31.407  2816  3139 I FontLog : Pulling font file for id = 1782, cache size = 5 [CONTEXT service_id=132 ]
09-01 23:45:31.409  2816  3139 I FontLog : Received query name=Noto Color Emoji Compat&weight=400&besteffort=false, URI content://com.google.android.gms.fonts [CONTEXT service_id=132 ]
09-01 23:45:31.409  2816  3139 I FontLog : Query [name=Noto Color Emoji Compat&weight=400&besteffort=false] resolved to {Noto Color Emoji Compat, wdth 100.0, wght 400, ital 0.0, bestEffort false} [CONTEXT service_id=132 ]
09-01 23:45:31.410  2816  3139 I FontLog : Fetch {Noto Color Emoji Compat, wdth 100.0, wght 400, ital 0.0, bestEffort false} end status Status{statusCode=SUCCESS, resolution=null} [CONTEXT service_id=132 ]
09-01 23:45:31.412 31047 31077 I AdrenoVK-0: ===== BEGIN DUMP OF OVERRIDDEN SETTINGS =====
09-01 23:45:31.412 31047 31077 I AdrenoVK-0: ===== END DUMP OF OVERRIDDEN SETTINGS =====
09-01 23:45:31.412 31047 31077 I AdrenoVK-0: QUALCOMM build          : 35605c3, Ia11ce2d146
09-01 23:45:31.412 31047 31077 I AdrenoVK-0: Build Date              : 09/02/20
09-01 23:45:31.412 31047 31077 I AdrenoVK-0: Shader Compiler Version : EV031.31.04.00
09-01 23:45:31.412 31047 31077 I AdrenoVK-0: Local Branch            : gfx-adreno.lnx.2.0
09-01 23:45:31.412 31047 31077 I AdrenoVK-0: Remote Branch           : 
09-01 23:45:31.412 31047 31077 I AdrenoVK-0: Remote Branch           : 
09-01 23:45:31.412 31047 31077 I AdrenoVK-0: Reconstruct Branch      : 
09-01 23:45:31.412 31047 31077 I AdrenoVK-0: Build Config            : S P 10.0.4 AArch64
09-01 23:45:31.412 31047 31077 I AdrenoVK-0: Driver Path             : /vendor/lib64/hw/vulkan.adreno.so
09-01 23:45:31.413  2816  3139 I FontLog : Pulling font file for id = 1783, cache size = 6 [CONTEXT service_id=132 ]
09-01 23:45:31.415  2816  3139 I FontLog : Received query name=Google Sans&weight=400&besteffort=false, URI content://com.google.android.gms.fonts [CONTEXT service_id=132 ]
09-01 23:45:31.415  2816  3139 I FontLog : Query [name=Google Sans&weight=400&besteffort=false] resolved to {Google Sans, wdth 100.0, wght 400, ital 0.0, bestEffort false} [CONTEXT service_id=132 ]
09-01 23:45:31.416  2816  3139 I FontLog : Font PFD returned from cache for {Google Sans, wdth 100.0, wght 400, ital 0.0, bestEffort false} [CONTEXT service_id=132 ]
09-01 23:45:31.416  2816  3139 I FontLog : Fetch {Google Sans, wdth 100.0, wght 400, ital 0.0, bestEffort false} end status Status{statusCode=SUCCESS, resolution=null} [CONTEXT service_id=132 ]
09-01 23:45:31.417 30952 30952 I cr_OfflineIndicator: onConnectionTypeChanged 2
09-01 23:45:31.417 30952 30952 I cr_OfflineIndicator: Reported by system: [ Transports: WIFI Capabilities: NOT_METERED&INTERNET&NOT_RESTRICTED&TRUSTED&NOT_VPN&VALIDATED&NOT_ROAMING&FOREGROUND&NOT_CONGESTED&NOT_SUSPENDED LinkUpBandwidth>=80437Kbps LinkDnBandwidth>=39187Kbps SignalStrength: -53 AdministratorUids: [] RequestorUid: -1 RequestorPackageName: null]
09-01 23:45:31.417 30952 30952 I cr_OfflineIndicator: setConnectionState connectionState=4
09-01 23:45:31.418 30952 30952 I cr_OfflineDetector: Running updateState mConnectivityDetectorInitialized: true, mTimeWhenLastForegrounded: 49914642, getElapsedTime: 49914643, mTimeWhenLastOfflineNotificationReceived: 0, mTimeWhenLastOnline: 49914643, mApplicationState: 1, mIsOfflineLastReportedByConnectivityDetector: false, mIsEffectivelyOffline: false
09-01 23:45:31.418 30952 30952 I cr_OfflineDetector: updateState(): timeSinceLastForeground: 1, timeSinceOfflineNotificationReceived: 49914643, timeSinceLastOnline: 0, timeNeededForForeground: 1999, timeNeededForOffline: -49912643
09-01 23:45:31.418 30952 30952 I cr_OfflineIndicator: processConnectivityCheckResult mConnectionState=4 mConnectivityCheckingStage=1
09-01 23:45:31.419  2816  3139 I FontLog : Pulling font file for id = 1784, cache size = 7 [CONTEXT service_id=132 ]
09-01 23:45:31.425  2816  3139 I FontLog : Received query name=Google Sans&weight=500&besteffort=false, URI content://com.google.android.gms.fonts [CONTEXT service_id=132 ]
09-01 23:45:31.425  2816  3139 I FontLog : Query [name=Google Sans&weight=500&besteffort=false] resolved to {Google Sans, wdth 100.0, wght 500, ital 0.0, bestEffort false} [CONTEXT service_id=132 ]
09-01 23:45:31.426  2816  3139 I FontLog : Font PFD returned from cache for {Google Sans, wdth 100.0, wght 500, ital 0.0, bestEffort false} [CONTEXT service_id=132 ]
09-01 23:45:31.426  2816  3139 I FontLog : Fetch {Google Sans, wdth 100.0, wght 500, ital 0.0, bestEffort false} end status Status{statusCode=SUCCESS, resolution=null} [CONTEXT service_id=132 ]
09-01 23:45:31.429  2816  3139 I FontLog : Pulling font file for id = 1785, cache size = 6 [CONTEXT service_id=132 ]
09-01 23:45:31.474 30952 30952 W linker  : Warning: "/data/app/~~_KLlx60MH8CoecPTjMKp8g==/com.android.chrome-kw9RHYrlHKb9bPXi8OTClw==/split_vr.apk!/lib/arm64-v8a/libmonochrome_64_vr_partition.so" unused DT entry: unknown processor-specific (type 0x70000001 arg 0x0) (ignoring)
09-01 23:45:31.477  1513  3168 D ConnectivityService: requestNetwork for uid/pid:10220/30952 NetworkRequest [ TRACK_DEFAULT id=2303, [ Capabilities: INTERNET&NOT_RESTRICTED&TRUSTED Uid: 10220 AdministratorUids: [] RequestorUid: 10220 RequestorPackageName: com.android.chrome] ]
09-01 23:45:31.477  1513  2000 D ConnectivityService: NetReassign [2303 : null → 100]
09-01 23:45:31.478  1513  1996 D WifiNetworkFactory: got request NetworkRequest [ TRACK_DEFAULT id=2303, [ Capabilities: INTERNET&NOT_RESTRICTED&TRUSTED Uid: 10220 AdministratorUids: [] RequestorUid: 10220 RequestorPackageName: com.android.chrome] ] with score 60 and providerId 5
09-01 23:45:31.478  1513  2038 D Ethernet: got request NetworkRequest [ TRACK_DEFAULT id=2303, [ Capabilities: INTERNET&NOT_RESTRICTED&TRUSTED Uid: 10220 AdministratorUids: [] RequestorUid: 10220 RequestorPackageName: com.android.chrome] ] with score 60 and providerId 5
09-01 23:45:31.478  1513  1996 D UntrustedWifiNetworkFactory: got request NetworkRequest [ TRACK_DEFAULT id=2303, [ Capabilities: INTERNET&NOT_RESTRICTED&TRUSTED Uid: 10220 AdministratorUids: [] RequestorUid: 10220 RequestorPackageName: com.android.chrome] ] with score 60 and providerId 5
09-01 23:45:31.478  1513  2037 D WIFI_AWARE_FACTORY: got request NetworkRequest [ TRACK_DEFAULT id=2303, [ Capabilities: INTERNET&NOT_RESTRICTED&TRUSTED Uid: 10220 AdministratorUids: [] RequestorUid: 10220 RequestorPackageName: com.android.chrome] ] with score 60 and providerId 5
09-01 23:45:31.478  2474  2474 D PhoneSwitcherNetworkRequstListener: got request NetworkRequest [ TRACK_DEFAULT id=2303, [ Capabilities: INTERNET&NOT_RESTRICTED&TRUSTED Uid: 10220 AdministratorUids: [] RequestorUid: 10220 RequestorPackageName: com.android.chrome] ] with score 60 and providerId 5
09-01 23:45:31.479 31036 31078 I tflite  : Initialized TensorFlow Lite runtime.
09-01 23:45:31.480  1513  2000 D ConnectivityService: NetReassign [no changes]
09-01 23:45:31.483  2158  2158 I WallpaperService: engine paused
09-01 23:45:31.485   901   901 I sensors-hal: [hal]activate_physical_sensor:238, android.sensor.gyroscope/41 en=0
09-01 23:45:31.486   901   901 D Diag_Lib: diag: Diag_LSM_DeInit done for pid: 901
09-01 23:45:31.487   901   901 D Diag_Lib: diag: Diag_LSM_DeInit done for pid: 901
09-01 23:45:31.487   901   901 I sensors-hal: [hal]activate_physical_sensor:249, android.sensor.gyroscope/41 en=0 completed
09-01 23:45:31.494 30952 31028 I cr_VrCoreVersionChecker: Unable to find VrCore.
09-01 23:45:31.511  1513  8184 I AdrenoGLES-0: QUALCOMM build                   : 35605c3, Ia11ce2d146
09-01 23:45:31.511  1513  8184 I AdrenoGLES-0: Build Date                       : 09/02/20
09-01 23:45:31.511  1513  8184 I AdrenoGLES-0: OpenGL ES Shader Compiler Version: EV031.31.04.00
09-01 23:45:31.511  1513  8184 I AdrenoGLES-0: Local Branch                     : gfx-adreno.lnx.2.0
09-01 23:45:31.511  1513  8184 I AdrenoGLES-0: Remote Branch                    : 
09-01 23:45:31.511  1513  8184 I AdrenoGLES-0: Remote Branch                    : 
09-01 23:45:31.511  1513  8184 I AdrenoGLES-0: Reconstruct Branch               : 
09-01 23:45:31.511  1513  8184 I AdrenoGLES-0: Build Config                     : S P 10.0.4 AArch64
09-01 23:45:31.511  1513  8184 I AdrenoGLES-0: Driver Path                      : /vendor/lib64/egl/libGLESv2_adreno.so
09-01 23:45:31.520  1513  8184 I AdrenoGLES-0: PFP: 0x016dd090, ME: 0x00000000
09-01 23:45:31.554 30952 30952 I Choreographer: Skipped 39 frames!  The application may be doing too much work on its main thread.
09-01 23:45:31.575  2858  2858 I GoogleInputMethodService: GoogleInputMethodService.onFinishInput():3280 
09-01 23:45:31.577 30952 30952 I cr_tabmodel: #isIncognitoTabBeingRestored from tabState:  false
09-01 23:45:31.577 30952 30952 I cr_tabmodel: #isIncognitoTabBeingRestored from tabState:  false
09-01 23:45:31.579  2858  2858 I GoogleInputMethodService: GoogleInputMethodService.updateDeviceLockedStatus():2169 repeatCheckTimes = 0, unlocked = true
09-01 23:45:31.579  2858  2858 I GoogleInputMethodService: GoogleInputMethodService.onStartInput():1960 onStartInput(EditorInfo{inputType=0x0(NULL) imeOptions=0x12000000 privateImeOptions=null actionName=UNSPECIFIED actionLabel=null actionId=0 initialSelStart=-1 initialSelEnd=-1 initialCapsMode=0x0 hintText=null label=null packageName=com.android.chrome fieldId=-1 fieldName=null extras=null}, false)
09-01 23:45:31.579  2858  2858 I GoogleInputMethodService: GoogleInputMethodService.shouldHideHeaderOnInitialState():4081 ShouldHideHeaderOnInitialState = false
09-01 23:45:31.580  2858  2858 I GoogleInputMethodService: GoogleInputMethodService.updateDeviceLockedStatus():2169 repeatCheckTimes = 2, unlocked = true
09-01 23:45:31.597 30952 30952 I cr_tabmodel: #isIncognitoTabBeingRestored from tabState:  false
09-01 23:45:31.630 30952 30952 I chatty  : uid=10220(com.android.chrome) identical 22 lines
09-01 23:45:31.630 30952 30952 I cr_tabmodel: #isIncognitoTabBeingRestored from tabState:  false
09-01 23:45:31.634 30895 31111 D ProfileInstaller: Installing profile for com.example.batterymanager_utility
09-01 23:45:31.636 30952 30952 I cr_tabmodel: #isIncognitoTabBeingRestored from tabState:  false
09-01 23:45:31.653 30952 30952 I chatty  : uid=10220(com.android.chrome) identical 14 lines
09-01 23:45:31.653 30952 30952 I cr_tabmodel: #isIncognitoTabBeingRestored from tabState:  false
09-01 23:45:31.659 30952 30952 I cr_tabmodel: #isIncognitoTabBeingRestored from tabDetails:  false
09-01 23:45:31.659 30952 30952 I cr_tabmodel: #isIncognitoTabBeingRestored from tabDetails:  false
09-01 23:45:31.659 30952 30952 W cr_tabmodel: Failed to restore TabState; creating Tab with last known URL.
09-01 23:45:31.675  1513  7910 D CompatibilityChangeReporter: Compat change id reported: 135634846; UID 10220; state: DISABLED
09-01 23:45:31.675  1513  7910 D CompatibilityChangeReporter: Compat change id reported: 135754954; UID 10220; state: ENABLED
09-01 23:45:31.675  1513  1625 D CompatibilityChangeReporter: Compat change id reported: 143937733; UID 10220; state: ENABLED
09-01 23:45:31.676 30952 30952 E cr_IntentUtils: getBooleanExtra failed on intent null
09-01 23:45:31.676 30952 30952 E cr_IntentUtils: getBooleanExtra failed on intent null
09-01 23:45:31.689 30952 30952 I cr_tabmodel: #isIncognitoTabBeingRestored from tabDetails:  false
09-01 23:45:31.689 30952 30952 I cr_tabmodel: #isIncognitoTabBeingRestored from tabDetails:  false
09-01 23:45:31.689 30952 30952 W cr_tabmodel: Failed to restore TabState; creating Tab with last known URL.
09-01 23:45:31.691 31002 31002 D Zygote  : Forked child process 31112
09-01 23:45:31.692 31112 31112 E libc    : SetHeapTaggingLevel: re-enabling tagging after it was disabled is not supported
09-01 23:45:31.694  1513  1625 I ActivityManager: Start proc 31112:com.android.chrome:sandboxed_process0:org.chromium.content.app.SandboxedProcessService0:1/u0ai1 for  {com.android.chrome/org.chromium.content.app.SandboxedProcessService0:1}
09-01 23:45:31.697 31112 31112 E ocessService0:: Not starting debugger since process cannot load the jdwp agent.
09-01 23:45:31.711  1513  7910 D CompatibilityChangeReporter: Compat change id reported: 136274596; UID 10220; state: ENABLED
09-01 23:45:31.712 30952 30952 E cr_IntentUtils: getBooleanExtra failed on intent null
09-01 23:45:31.712 30952 30952 E cr_IntentUtils: getBooleanExtra failed on intent null
09-01 23:45:31.719 31002 31002 D Zygote  : Forked child process 31128
09-01 23:45:31.721 31128 31128 E libc    : SetHeapTaggingLevel: re-enabling tagging after it was disabled is not supported
09-01 23:45:31.727 30952 30952 I cr_tabmodel: #isIncognitoTabBeingRestored from tabDetails:  false
09-01 23:45:31.727 30952 30952 I cr_tabmodel: #isIncognitoTabBeingRestored from tabDetails:  false
09-01 23:45:31.727 30952 30952 W cr_tabmodel: Failed to restore TabState; creating Tab with last known URL.
09-01 23:45:31.728  1513  1625 I ActivityManager: Start proc 31128:com.android.chrome:sandboxed_process0:org.chromium.content.app.SandboxedProcessService0:2/u0ai2 for  {com.android.chrome/org.chromium.content.app.SandboxedProcessService0:2}
09-01 23:45:31.731 31128 31128 E ocessService0:: Not starting debugger since process cannot load the jdwp agent.
09-01 23:45:31.741 31112 31112 I LoadedApk: No resource references to update in package com.google.android.trichromelibrary
09-01 23:45:31.741  1513  3245 D CompatibilityChangeReporter: Compat change id reported: 135634846; UID 10220; state: DISABLED
09-01 23:45:31.741  1513  3245 D CompatibilityChangeReporter: Compat change id reported: 135754954; UID 10220; state: ENABLED
09-01 23:45:31.742  1513  1625 D CompatibilityChangeReporter: Compat change id reported: 143937733; UID 10220; state: ENABLED
09-01 23:45:31.742 31112 31112 D NetworkSecurityConfig: Using Network Security Config from resource 0_resource_name_obfuscated debugBuild: false
09-01 23:45:31.744 31112 31112 D NetworkSecurityConfig: Using Network Security Config from resource 0_resource_name_obfuscated debugBuild: false
09-01 23:45:31.744  1513  3168 D CompatibilityChangeReporter: Compat change id reported: 136274596; UID 10220; state: ENABLED
09-01 23:45:31.745 30952 30952 E cr_IntentUtils: getBooleanExtra failed on intent null
09-01 23:45:31.745 30952 30952 E cr_IntentUtils: getBooleanExtra failed on intent null
09-01 23:45:31.746 31112 31112 I cr_SplitCompatApp: Launched version=107.0.5304.91 minSdkVersion=29 isBundle=true processName=com.android.chrome:sandboxed_process0:org.chromium.content.app.SandboxedProcessService0:1 isIsolated=true
09-01 23:45:31.756 30952 30952 I cr_tabmodel: #isIncognitoTabBeingRestored from tabDetails:  false
09-01 23:45:31.756 30952 30952 I cr_tabmodel: #isIncognitoTabBeingRestored from tabDetails:  false
09-01 23:45:31.756 30952 30952 W cr_tabmodel: Failed to restore TabState; creating Tab with last known URL.
09-01 23:45:31.759 31112 31112 W SystemServiceRegistry: No service published for: uimode
09-01 23:45:31.761 31002 31002 D Zygote  : Forked child process 31146
09-01 23:45:31.763  1513  1625 I ActivityManager: Start proc 31146:com.android.chrome:sandboxed_process0:org.chromium.content.app.SandboxedProcessService0:3/u0ai3 for  {com.android.chrome/org.chromium.content.app.SandboxedProcessService0:3}
09-01 23:45:31.764 31146 31146 E libc    : SetHeapTaggingLevel: re-enabling tagging after it was disabled is not supported
09-01 23:45:31.767 31112 31112 I cr_ChildProcessService: Creating new ChildProcessService pid=31112
09-01 23:45:31.768 31128 31128 I LoadedApk: No resource references to update in package com.google.android.trichromelibrary
09-01 23:45:31.768 31128 31128 D NetworkSecurityConfig: Using Network Security Config from resource 0_resource_name_obfuscated debugBuild: false
09-01 23:45:31.769 30952 30952 E cr_IntentUtils: getBooleanExtra failed on intent null
09-01 23:45:31.769  1513  3168 D CompatibilityChangeReporter: Compat change id reported: 135634846; UID 10220; state: DISABLED
09-01 23:45:31.769 30952 30952 E cr_IntentUtils: getBooleanExtra failed on intent null
09-01 23:45:31.769  1513  3168 D CompatibilityChangeReporter: Compat change id reported: 135754954; UID 10220; state: ENABLED
