09-01 23:47:04.236  1513  1625 W ActivityManager: Slow operation: 922ms so far, now at startProcess: starting to update pids map
09-01 23:47:04.236  1513  1625 W ActivityManager: Slow operation: 922ms so far, now at startProcess: done updating pids map
09-01 23:47:04.236  1513  1625 W ActivityManager: Slow operation: 897ms so far, now at startProcess: asking zygote to start proc
09-01 23:47:04.237  1513  1625 D CompatibilityChangeReporter: Compat change id reported: 143937733; UID 10220; state: ENABLED
09-01 23:47:04.238  4286  4286 I cr_SplitCompatApp: Launched version=107.0.5304.91 minSdkVersion=29 isBundle=true processName=com.android.chrome:sandboxed_process0:org.chromium.content.app.SandboxedProcessService0:36 isIsolated=true
09-01 23:47:04.241  2688  2688 I cr_tabmodel: #isIncognitoTabBeingRestored from tabDetails:  false
09-01 23:47:04.241  2688  2688 I cr_tabmodel: #isIncognitoTabBeingRestored from tabDetails:  false
09-01 23:47:04.241  2688  2688 W cr_tabmodel: Failed to restore TabState; creating Tab with last known URL.
09-01 23:47:04.252  1513  2262 D CompatibilityChangeReporter: Compat change id reported: 135634846; UID 10220; state: DISABLED
09-01 23:47:04.252  1513  2262 D CompatibilityChangeReporter: Compat change id reported: 135754954; UID 10220; state: ENABLED
09-01 23:47:04.256  4286  4286 W SystemServiceRegistry: No service published for: uimode
09-01 23:47:04.258  2688  2688 E cr_IntentUtils: getBooleanExtra failed on intent null
09-01 23:47:04.258  2688  2688 E cr_IntentUtils: getBooleanExtra failed on intent null
09-01 23:47:04.260  2778  2778 D Zygote  : Forked child process 4482
09-01 23:47:04.260  4286  4286 I cr_ChildProcessService: Creating new ChildProcessService pid=4286
09-01 23:47:04.262  1513  1625 W ActivityManager: Slow operation: 922ms so far, now at startProcess: returned from zygote!
09-01 23:47:04.262  1513  1625 W ActivityManager: Slow operation: 923ms so far, now at startProcess: done updating battery stats
09-01 23:47:04.262  1513  1625 W ActivityManager: Slow operation: 923ms so far, now at startProcess: building log message
09-01 23:47:04.262  1513  1625 I ActivityManager: Start proc 4482:com.android.chrome:sandboxed_process0:org.chromium.content.app.SandboxedProcessService0:42/u0ai42 for  {com.android.chrome/org.chromium.content.app.SandboxedProcessService0:42}
09-01 23:47:04.262  1513  1625 W ActivityManager: Slow operation: 923ms so far, now at startProcess: starting to update pids map
09-01 23:47:04.262  1513  1625 W ActivityManager: Slow operation: 923ms so far, now at startProcess: done updating pids map
09-01 23:47:04.262  1513  1625 W ActivityManager: Slow operation: 913ms so far, now at startProcess: asking zygote to start proc
09-01 23:47:04.264  4445  4445 E cessService0:4: Not starting debugger since process cannot load the jdwp agent.
09-01 23:47:04.265  4286  4342 I cr_LibraryLoader: Using ModernLinker
09-01 23:47:04.266  2688  2688 I cr_tabmodel: #isIncognitoTabBeingRestored from tabDetails:  false
09-01 23:47:04.266  2688  2688 I cr_tabmodel: #isIncognitoTabBeingRestored from tabDetails:  false
09-01 23:47:04.266  2688  2688 W cr_tabmodel: Failed to restore TabState; creating Tab with last known URL.
09-01 23:47:04.267  4482  4482 E libc    : SetHeapTaggingLevel: re-enabling tagging after it was disabled is not supported
09-01 23:47:04.268  4286  4342 W linker  : Warning: "/data/app/~~_KLlx60MH8CoecPTjMKp8g==/com.android.chrome-kw9RHYrlHKb9bPXi8OTClw==/base.apk!/lib/arm64-v8a/libchromium_android_linker.so" unused DT entry: unknown processor-specific (type 0x70000001 arg 0x0) (ignoring)
09-01 23:47:04.268  4286  4342 E cr_ChromiumAndroidLinker: ReserveAddressWithHint: Address range starting at 0x7a3872e000 was not free to use
09-01 23:47:04.274  1513  2262 D CompatibilityChangeReporter: Compat change id reported: 136274596; UID 10220; state: ENABLED
09-01 23:47:04.274  4314  4314 I LoadedApk: No resource references to update in package com.google.android.trichromelibrary
09-01 23:47:04.274  4314  4314 D NetworkSecurityConfig: Using Network Security Config from resource 0_resource_name_obfuscated debugBuild: false
09-01 23:47:04.275  4314  4314 D NetworkSecurityConfig: Using Network Security Config from resource 0_resource_name_obfuscated debugBuild: false
09-01 23:47:04.277  4314  4314 I cr_SplitCompatApp: Launched version=107.0.5304.91 minSdkVersion=29 isBundle=true processName=com.android.chrome:sandboxed_process0:org.chromium.content.app.SandboxedProcessService0:37 isIsolated=true
09-01 23:47:04.280  4286  4485 I cr_LibraryLoader: Successfully loaded native library
09-01 23:47:04.280  4368  4368 I LoadedApk: No resource references to update in package com.google.android.trichromelibrary
09-01 23:47:04.280  4368  4368 D NetworkSecurityConfig: Using Network Security Config from resource 0_resource_name_obfuscated debugBuild: false
09-01 23:47:04.281  4286  4485 I cr_CachingUmaRecorder: Flushed 3 samples from 3 histograms.
09-01 23:47:04.282  4368  4368 D NetworkSecurityConfig: Using Network Security Config from resource 0_resource_name_obfuscated debugBuild: false
09-01 23:47:04.283  4368  4368 I cr_SplitCompatApp: Launched version=107.0.5304.91 minSdkVersion=29 isBundle=true processName=com.android.chrome:sandboxed_process0:org.chromium.content.app.SandboxedProcessService0:39 isIsolated=true
09-01 23:47:04.284  1513  2262 D CompatibilityChangeReporter: Compat change id reported: 135634846; UID 10220; state: DISABLED
09-01 23:47:04.284  1513  2262 D CompatibilityChangeReporter: Compat change id reported: 135754954; UID 10220; state: ENABLED
09-01 23:47:04.286  2778  2778 D Zygote  : Forked child process 4497
09-01 23:47:04.287  1513  1625 W ActivityManager: Slow operation: 938ms so far, now at startProcess: returned from zygote!
09-01 23:47:04.287  1513  1625 W ActivityManager: Slow operation: 938ms so far, now at startProcess: done updating battery stats
09-01 23:47:04.287  1513  1625 W ActivityManager: Slow operation: 938ms so far, now at startProcess: building log message
09-01 23:47:04.287  1513  1625 I ActivityManager: Start proc 4497:com.android.chrome:sandboxed_process0:org.chromium.content.app.SandboxedProcessService0:43/u0ai43 for  {com.android.chrome/org.chromium.content.app.SandboxedProcessService0:43}
09-01 23:47:04.287  1513  1625 W ActivityManager: Slow operation: 938ms so far, now at startProcess: starting to update pids map
09-01 23:47:04.287  1513  1625 W ActivityManager: Slow operation: 938ms so far, now at startProcess: done updating pids map
09-01 23:47:04.287  1513  1625 W ActivityManager: Slow operation: 913ms so far, now at startProcess: asking zygote to start proc
09-01 23:47:04.288  1513  1625 D CompatibilityChangeReporter: Compat change id reported: 143937733; UID 10220; state: ENABLED
09-01 23:47:04.289  4497  4497 E libc    : SetHeapTaggingLevel: re-enabling tagging after it was disabled is not supported
09-01 23:47:04.290  4345  4345 I LoadedApk: No resource references to update in package com.google.android.trichromelibrary
09-01 23:47:04.290  2688  2688 E cr_IntentUtils: getBooleanExtra failed on intent null
09-01 23:47:04.290  2688  2688 E cr_IntentUtils: getBooleanExtra failed on intent null
09-01 23:47:04.290  4345  4345 D NetworkSecurityConfig: Using Network Security Config from resource 0_resource_name_obfuscated debugBuild: false
09-01 23:47:04.291  4345  4345 D NetworkSecurityConfig: Using Network Security Config from resource 0_resource_name_obfuscated debugBuild: false
09-01 23:47:04.295  4345  4345 I cr_SplitCompatApp: Launched version=107.0.5304.91 minSdkVersion=29 isBundle=true processName=com.android.chrome:sandboxed_process0:org.chromium.content.app.SandboxedProcessService0:38 isIsolated=true
09-01 23:47:04.296  4314  4314 W SystemServiceRegistry: No service published for: uimode
09-01 23:47:04.298  4482  4482 E cessService0:4: Not starting debugger since process cannot load the jdwp agent.
09-01 23:47:04.299  2688  2688 I cr_tabmodel: #isIncognitoTabBeingRestored from tabDetails:  false
09-01 23:47:04.299  2688  2688 I cr_tabmodel: #isIncognitoTabBeingRestored from tabDetails:  false
09-01 23:47:04.299  2688  2688 W cr_tabmodel: Failed to restore TabState; creating Tab with last known URL.
09-01 23:47:04.302  4497  4497 E cessService0:4: Not starting debugger since process cannot load the jdwp agent.
09-01 23:47:04.305  1513  2000 D ConnectivityService: NetReassign [no changes]
09-01 23:47:04.314  2688  2688 E cr_IntentUtils: getBooleanExtra failed on intent null
09-01 23:47:04.314  2688  2688 E cr_IntentUtils: getBooleanExtra failed on intent null
09-01 23:47:04.315  4314  4314 I cr_ChildProcessService: Creating new ChildProcessService pid=4314
09-01 23:47:04.317  2778  2778 D Zygote  : Forked child process 4523
09-01 23:47:04.318  1513  1625 W ActivityManager: Slow operation: 943ms so far, now at startProcess: returned from zygote!
09-01 23:47:04.320  1513  1625 W ActivityManager: Slow operation: 946ms so far, now at startProcess: done updating battery stats
09-01 23:47:04.320  1513  1625 W ActivityManager: Slow operation: 946ms so far, now at startProcess: building log message
09-01 23:47:04.320  1513  1625 I ActivityManager: Start proc 4523:com.android.chrome:sandboxed_process0:org.chromium.content.app.SandboxedProcessService0:44/u0ai44 for  {com.android.chrome/org.chromium.content.app.SandboxedProcessService0:44}
09-01 23:47:04.320  1513  1625 W ActivityManager: Slow operation: 946ms so far, now at startProcess: starting to update pids map
09-01 23:47:04.320  1513  1625 W ActivityManager: Slow operation: 946ms so far, now at startProcess: done updating pids map
09-01 23:47:04.320  1513  1625 W ActivityManager: Slow operation: 938ms so far, now at startProcess: asking zygote to start proc
09-01 23:47:04.323  4523  4523 E libc    : SetHeapTaggingLevel: re-enabling tagging after it was disabled is not supported
09-01 23:47:04.324  2688  2688 I cr_tabmodel: #isIncognitoTabBeingRestored from tabDetails:  false
09-01 23:47:04.324  2688  2688 I cr_tabmodel: #isIncognitoTabBeingRestored from tabDetails:  false
09-01 23:47:04.324  2688  2688 W cr_tabmodel: Failed to restore TabState; creating Tab with last known URL.
09-01 23:47:04.326  1513  2262 D CompatibilityChangeReporter: Compat change id reported: 136274596; UID 10220; state: ENABLED
09-01 23:47:04.331  1513  2571 D CompatibilityChangeReporter: Compat change id reported: 136274596; UID 10220; state: ENABLED
09-01 23:47:04.332  4345  4345 W SystemServiceRegistry: No service published for: uimode
09-01 23:47:04.336  1513  2172 D CompatibilityChangeReporter: Compat change id reported: 135634846; UID 10220; state: DISABLED
09-01 23:47:04.336  1513  2172 D CompatibilityChangeReporter: Compat change id reported: 135754954; UID 10220; state: ENABLED
09-01 23:47:04.340  4523  4523 E cessService0:4: Not starting debugger since process cannot load the jdwp agent.
09-01 23:47:04.342  4314  4365 I cr_LibraryLoader: Using ModernLinker
09-01 23:47:04.342  2688  2688 E cr_IntentUtils: getBooleanExtra failed on intent null
09-01 23:47:04.342  2688  2688 E cr_IntentUtils: getBooleanExtra failed on intent null
09-01 23:47:04.343  4402  4402 I LoadedApk: No resource references to update in package com.google.android.trichromelibrary
09-01 23:47:04.343  4402  4402 D NetworkSecurityConfig: Using Network Security Config from resource 0_resource_name_obfuscated debugBuild: false
09-01 23:47:04.343  4314  4365 W linker  : Warning: "/data/app/~~_KLlx60MH8CoecPTjMKp8g==/com.android.chrome-kw9RHYrlHKb9bPXi8OTClw==/base.apk!/lib/arm64-v8a/libchromium_android_linker.so" unused DT entry: unknown processor-specific (type 0x70000001 arg 0x0) (ignoring)
09-01 23:47:04.344  4314  4365 E cr_ChromiumAndroidLinker: ReserveAddressWithHint: Address range starting at 0x7a3872e000 was not free to use
09-01 23:47:04.344  4402  4402 D NetworkSecurityConfig: Using Network Security Config from resource 0_resource_name_obfuscated debugBuild: false
09-01 23:47:04.344  4368  4368 W SystemServiceRegistry: No service published for: uimode
09-01 23:47:04.348  4345  4345 I cr_ChildProcessService: Creating new ChildProcessService pid=4345
09-01 23:47:04.348  4445  4445 I LoadedApk: No resource references to update in package com.google.android.trichromelibrary
09-01 23:47:04.349  4445  4445 D NetworkSecurityConfig: Using Network Security Config from resource 0_resource_name_obfuscated debugBuild: false
09-01 23:47:04.349  4368  4368 I cr_ChildProcessService: Creating new ChildProcessService pid=4368
09-01 23:47:04.350  2688  2688 I cr_tabmodel: #isIncognitoTabBeingRestored from tabDetails:  false
09-01 23:47:04.350  2688  2688 I cr_tabmodel: #isIncognitoTabBeingRestored from tabDetails:  false
09-01 23:47:04.350  2688  2688 W cr_tabmodel: Failed to restore TabState; creating Tab with last known URL.
09-01 23:47:04.350  4402  4402 I cr_SplitCompatApp: Launched version=107.0.5304.91 minSdkVersion=29 isBundle=true processName=com.android.chrome:sandboxed_process0:org.chromium.content.app.SandboxedProcessService0:40 isIsolated=true
09-01 23:47:04.352  2778  2778 D Zygote  : Forked child process 4555
09-01 23:47:04.354  1513  1625 W ActivityManager: Slow operation: 971ms so far, now at startProcess: returned from zygote!
09-01 23:47:04.357  1513  1625 W ActivityManager: Slow operation: 974ms so far, now at startProcess: done updating battery stats
09-01 23:47:04.357  4555  4555 E libc    : SetHeapTaggingLevel: re-enabling tagging after it was disabled is not supported
09-01 23:47:04.357  1513  1625 W ActivityManager: Slow operation: 974ms so far, now at startProcess: building log message
09-01 23:47:04.357  1513  1625 I ActivityManager: Start proc 4555:com.android.chrome:sandboxed_process0:org.chromium.content.app.SandboxedProcessService0:45/u0ai45 for  {com.android.chrome/org.chromium.content.app.SandboxedProcessService0:45}
09-01 23:47:04.357  1513  1625 W ActivityManager: Slow operation: 974ms so far, now at startProcess: starting to update pids map
09-01 23:47:04.357  1513  1625 W ActivityManager: Slow operation: 975ms so far, now at startProcess: done updating pids map
09-01 23:47:04.357  1513  1625 W ActivityManager: Slow operation: 948ms so far, now at startProcess: asking zygote to start proc
09-01 23:47:04.357  1513  1625 D CompatibilityChangeReporter: Compat change id reported: 143937733; UID 10220; state: ENABLED
09-01 23:47:04.359  4445  4445 D NetworkSecurityConfig: Using Network Security Config from resource 0_resource_name_obfuscated debugBuild: false
09-01 23:47:04.361  4445  4445 I cr_SplitCompatApp: Launched version=107.0.5304.91 minSdkVersion=29 isBundle=true processName=com.android.chrome:sandboxed_process0:org.chromium.content.app.SandboxedProcessService0:41 isIsolated=true
09-01 23:47:04.363  4497  4497 I LoadedApk: No resource references to update in package com.google.android.trichromelibrary
09-01 23:47:04.363  4497  4497 D NetworkSecurityConfig: Using Network Security Config from resource 0_resource_name_obfuscated debugBuild: false
09-01 23:47:04.364  4497  4497 D NetworkSecurityConfig: Using Network Security Config from resource 0_resource_name_obfuscated debugBuild: false
09-01 23:47:04.366  4497  4497 I cr_SplitCompatApp: Launched version=107.0.5304.91 minSdkVersion=29 isBundle=true processName=com.android.chrome:sandboxed_process0:org.chromium.content.app.SandboxedProcessService0:43 isIsolated=true
09-01 23:47:04.367  2688  2688 E cr_IntentUtils: getBooleanExtra failed on intent null
09-01 23:47:04.367  1513  2262 D CompatibilityChangeReporter: Compat change id reported: 136274596; UID 10220; state: ENABLED
09-01 23:47:04.367  2688  2688 E cr_IntentUtils: getBooleanExtra failed on intent null
09-01 23:47:04.371  1513  8503 D CompatibilityChangeReporter: Compat change id reported: 135634846; UID 10220; state: DISABLED
09-01 23:47:04.371  1513  8503 D CompatibilityChangeReporter: Compat change id reported: 135754954; UID 10220; state: ENABLED
09-01 23:47:04.375  4402  4402 W SystemServiceRegistry: No service published for: uimode
09-01 23:47:04.376  2688  2688 I cr_tabmodel: #isIncognitoTabBeingRestored from tabDetails:  false
09-01 23:47:04.376  2688  2688 I cr_tabmodel: #isIncognitoTabBeingRestored from tabDetails:  false
09-01 23:47:04.376  2688  2688 W cr_tabmodel: Failed to restore TabState; creating Tab with last known URL.
09-01 23:47:04.376  4368  4407 I cr_LibraryLoader: Using ModernLinker
09-01 23:47:04.377  4345  4399 I cr_LibraryLoader: Using ModernLinker
09-01 23:47:04.378  4445  4445 W SystemServiceRegistry: No service published for: uimode
09-01 23:47:04.379  4345  4399 W linker  : Warning: "/data/app/~~_KLlx60MH8CoecPTjMKp8g==/com.android.chrome-kw9RHYrlHKb9bPXi8OTClw==/base.apk!/lib/arm64-v8a/libchromium_android_linker.so" unused DT entry: unknown processor-specific (type 0x70000001 arg 0x0) (ignoring)
09-01 23:47:04.379  4368  4407 W linker  : Warning: "/data/app/~~_KLlx60MH8CoecPTjMKp8g==/com.android.chrome-kw9RHYrlHKb9bPXi8OTClw==/base.apk!/lib/arm64-v8a/libchromium_android_linker.so" unused DT entry: unknown processor-specific (type 0x70000001 arg 0x0) (ignoring)
09-01 23:47:04.380  4345  4399 E cr_ChromiumAndroidLinker: ReserveAddressWithHint: Address range starting at 0x7a3872e000 was not free to use
09-01 23:47:04.380  4368  4407 E cr_ChromiumAndroidLinker: ReserveAddressWithHint: Address range starting at 0x7a3872e000 was not free to use
09-01 23:47:04.381  4555  4555 E cessService0:4: Not starting debugger since process cannot load the jdwp agent.
09-01 23:47:04.384  2778  2778 D Zygote  : Forked child process 4572
09-01 23:47:04.385  1513  1625 W ActivityManager: Slow operation: 975ms so far, now at startProcess: returned from zygote!
09-01 23:47:04.386  4572  4572 E libc    : SetHeapTaggingLevel: re-enabling tagging after it was disabled is not supported
09-01 23:47:04.386  4314  4539 I cr_LibraryLoader: Successfully loaded native library
09-01 23:47:04.387  4314  4539 I cr_CachingUmaRecorder: Flushed 3 samples from 3 histograms.
09-01 23:47:04.388  4368  4554 I cr_LibraryLoader: Successfully loaded native library
09-01 23:47:04.390  4368  4554 I cr_CachingUmaRecorder: Flushed 3 samples from 3 histograms.
09-01 23:47:04.393  1513  1625 W ActivityManager: Slow operation: 983ms so far, now at startProcess: done updating battery stats
09-01 23:47:04.393  1513  1625 W ActivityManager: Slow operation: 983ms so far, now at startProcess: building log message
09-01 23:47:04.393  1513  1625 I ActivityManager: Start proc 4572:com.android.chrome:sandboxed_process0:org.chromium.content.app.SandboxedProcessService0:46/u0ai46 for  {com.android.chrome/org.chromium.content.app.SandboxedProcessService0:46}
09-01 23:47:04.393  1513  1625 W ActivityManager: Slow operation: 983ms so far, now at startProcess: starting to update pids map
09-01 23:47:04.393  1513  1625 W ActivityManager: Slow operation: 984ms so far, now at startProcess: done updating pids map
09-01 23:47:04.393  4345  4552 I cr_LibraryLoader: Successfully loaded native library
09-01 23:47:04.393  4572  4572 E cessService0:4: Not starting debugger since process cannot load the jdwp agent.
09-01 23:47:04.394  4402  4402 I cr_ChildProcessService: Creating new ChildProcessService pid=4402
09-01 23:47:04.394  2688  2688 E cr_IntentUtils: getBooleanExtra failed on intent null
09-01 23:47:04.394  2688  2688 E cr_IntentUtils: getBooleanExtra failed on intent null
09-01 23:47:04.395  4345  4552 I cr_CachingUmaRecorder: Flushed 3 samples from 3 histograms.
09-01 23:47:04.395  1513  1625 W ActivityManager: Slow operation: 954ms so far, now at startProcess: asking zygote to start proc
09-01 23:47:04.395  1513  1625 D CompatibilityChangeReporter: Compat change id reported: 143937733; UID 10220; state: ENABLED
09-01 23:47:04.397  4482  4482 I LoadedApk: No resource references to update in package com.google.android.trichromelibrary
09-01 23:47:04.397  4482  4482 D NetworkSecurityConfig: Using Network Security Config from resource 0_resource_name_obfuscated debugBuild: false
09-01 23:47:04.398  4482  4482 D NetworkSecurityConfig: Using Network Security Config from resource 0_resource_name_obfuscated debugBuild: false
09-01 23:47:04.400  1513  2172 D CompatibilityChangeReporter: Compat change id reported: 136274596; UID 10220; state: ENABLED
09-01 23:47:04.400  4445  4445 I cr_ChildProcessService: Creating new ChildProcessService pid=4445
09-01 23:47:04.402  2688  2688 I cr_tabmodel: #isIncognitoTabBeingRestored from tabDetails:  false
09-01 23:47:04.402  2688  2688 I cr_tabmodel: #isIncognitoTabBeingRestored from tabDetails:  false
09-01 23:47:04.402  2688  2688 W cr_tabmodel: Failed to restore TabState; creating Tab with last known URL.
09-01 23:47:04.407  2778  2778 D Zygote  : Forked child process 4592
09-01 23:47:04.407  1513  1625 W ActivityManager: Slow operation: 966ms so far, now at startProcess: returned from zygote!
09-01 23:47:04.408  1513  1625 W ActivityManager: Slow operation: 966ms so far, now at startProcess: done updating battery stats
09-01 23:47:04.408  1513  1625 W ActivityManager: Slow operation: 966ms so far, now at startProcess: building log message
09-01 23:47:04.408  1513  1625 I ActivityManager: Start proc 4592:com.android.chrome:sandboxed_process0:org.chromium.content.app.SandboxedProcessService0:47/u0ai47 for  {com.android.chrome/org.chromium.content.app.SandboxedProcessService0:47}
09-01 23:47:04.408  1513  1625 W ActivityManager: Slow operation: 966ms so far, now at startProcess: starting to update pids map
09-01 23:47:04.408  1513  1625 W ActivityManager: Slow operation: 967ms so far, now at startProcess: done updating pids map
09-01 23:47:04.408  1513  1625 W ActivityManager: Slow operation: 946ms so far, now at startProcess: asking zygote to start proc
09-01 23:47:04.409  1513  1625 D CompatibilityChangeReporter: Compat change id reported: 143937733; UID 10220; state: ENABLED
09-01 23:47:04.409  4592  4592 E libc    : SetHeapTaggingLevel: re-enabling tagging after it was disabled is not supported
09-01 23:47:04.410  4482  4482 I cr_SplitCompatApp: Launched version=107.0.5304.91 minSdkVersion=29 isBundle=true processName=com.android.chrome:sandboxed_process0:org.chromium.content.app.SandboxedProcessService0:42 isIsolated=true
09-01 23:47:04.414  1513  3232 D CompatibilityChangeReporter: Compat change id reported: 136274596; UID 10220; state: ENABLED
09-01 23:47:04.418  2688  2688 E cr_IntentUtils: getBooleanExtra failed on intent null
09-01 23:47:04.418  2688  2688 E cr_IntentUtils: getBooleanExtra failed on intent null
09-01 23:47:04.420  4523  4523 I LoadedApk: No resource references to update in package com.google.android.trichromelibrary
09-01 23:47:04.420  4523  4523 D NetworkSecurityConfig: Using Network Security Config from resource 0_resource_name_obfuscated debugBuild: false
09-01 23:47:04.421  4523  4523 D NetworkSecurityConfig: Using Network Security Config from resource 0_resource_name_obfuscated debugBuild: false
09-01 23:47:04.423  4497  4497 W SystemServiceRegistry: No service published for: uimode
09-01 23:47:04.427  2688  2688 I cr_tabmodel: #isIncognitoTabBeingRestored from tabDetails:  false
09-01 23:47:04.427  2688  2688 I cr_tabmodel: #isIncognitoTabBeingRestored from tabDetails:  false
09-01 23:47:04.427  2688  2688 W cr_tabmodel: Failed to restore TabState; creating Tab with last known URL.
09-01 23:47:04.429  4482  4482 W SystemServiceRegistry: No service published for: uimode
09-01 23:47:04.431  4523  4523 I cr_SplitCompatApp: Launched version=107.0.5304.91 minSdkVersion=29 isBundle=true processName=com.android.chrome:sandboxed_process0:org.chromium.content.app.SandboxedProcessService0:44 isIsolated=true
09-01 23:47:04.433  4497  4497 I cr_ChildProcessService: Creating new ChildProcessService pid=4497
09-01 23:47:04.439  2688  2688 E cr_IntentUtils: getBooleanExtra failed on intent null
09-01 23:47:04.439  2688  2688 E cr_IntentUtils: getBooleanExtra failed on intent null
09-01 23:47:04.443  4592  4592 E cessService0:4: Not starting debugger since process cannot load the jdwp agent.
09-01 23:47:04.444  2688  2688 I cr_tabmodel: #isIncognitoTabBeingRestored from tabDetails:  false
09-01 23:47:04.444  2688  2688 I cr_tabmodel: #isIncognitoTabBeingRestored from tabDetails:  false
09-01 23:47:04.444  2688  2688 W cr_tabmodel: Failed to restore TabState; creating Tab with last known URL.
09-01 23:47:04.446  2778  2778 D Zygote  : Forked child process 4633
09-01 23:47:04.447  1513  1625 W ActivityManager: Slow operation: 985ms so far, now at startProcess: returned from zygote!
09-01 23:47:04.447  1513  1625 W ActivityManager: Slow operation: 985ms so far, now at startProcess: done updating battery stats
09-01 23:47:04.447  1513  1625 W ActivityManager: Slow operation: 985ms so far, now at startProcess: building log message
09-01 23:47:04.447  1513  1625 I ActivityManager: Start proc 4633:com.android.chrome:sandboxed_process0:org.chromium.content.app.SandboxedProcessService0:48/u0ai48 for  {com.android.chrome/org.chromium.content.app.SandboxedProcessService0:48}
09-01 23:47:04.447  1513  1625 W ActivityManager: Slow operation: 985ms so far, now at startProcess: starting to update pids map
09-01 23:47:04.447  1513  1625 W ActivityManager: Slow operation: 985ms so far, now at startProcess: done updating pids map
09-01 23:47:04.448  1513  1625 W ActivityManager: Slow operation: 961ms so far, now at startProcess: asking zygote to start proc
09-01 23:47:04.448  1513  1625 D CompatibilityChangeReporter: Compat change id reported: 143937733; UID 10220; state: ENABLED
09-01 23:47:04.449  4523  4523 W SystemServiceRegistry: No service published for: uimode
09-01 23:47:04.451  4633  4633 E libc    : SetHeapTaggingLevel: re-enabling tagging after it was disabled is not supported
09-01 23:47:04.452  4482  4482 I cr_ChildProcessService: Creating new ChildProcessService pid=4482
09-01 23:47:04.455  1513  3232 D CompatibilityChangeReporter: Compat change id reported: 136274596; UID 10220; state: ENABLED
09-01 23:47:04.457  2688  2688 E cr_IntentUtils: getBooleanExtra failed on intent null
09-01 23:47:04.457  2688  2688 E cr_IntentUtils: getBooleanExtra failed on intent null
09-01 23:47:04.458  1513  8503 D CompatibilityChangeReporter: Compat change id reported: 135634846; UID 10220; state: DISABLED
09-01 23:47:04.458  1513  8503 D CompatibilityChangeReporter: Compat change id reported: 135754954; UID 10220; state: ENABLED
09-01 23:47:04.461  4572  4572 I LoadedApk: No resource references to update in package com.google.android.trichromelibrary
09-01 23:47:04.461  4555  4555 I LoadedApk: No resource references to update in package com.google.android.trichromelibrary
09-01 23:47:04.461  4555  4555 D NetworkSecurityConfig: Using Network Security Config from resource 0_resource_name_obfuscated debugBuild: false
09-01 23:47:04.461  4572  4572 D NetworkSecurityConfig: Using Network Security Config from resource 0_resource_name_obfuscated debugBuild: false
09-01 23:47:04.462  4523  4523 I cr_ChildProcessService: Creating new ChildProcessService pid=4523
09-01 23:47:04.462  4555  4555 D NetworkSecurityConfig: Using Network Security Config from resource 0_resource_name_obfuscated debugBuild: false
09-01 23:47:04.462  4572  4572 D NetworkSecurityConfig: Using Network Security Config from resource 0_resource_name_obfuscated debugBuild: false
09-01 23:47:04.464  4572  4572 I cr_SplitCompatApp: Launched version=107.0.5304.91 minSdkVersion=29 isBundle=true processName=com.android.chrome:sandboxed_process0:org.chromium.content.app.SandboxedProcessService0:46 isIsolated=true
09-01 23:47:04.464  4555  4555 I cr_SplitCompatApp: Launched version=107.0.5304.91 minSdkVersion=29 isBundle=true processName=com.android.chrome:sandboxed_process0:org.chromium.content.app.SandboxedProcessService0:45 isIsolated=true
09-01 23:47:04.466  4633  4633 E cessService0:4: Not starting debugger since process cannot load the jdwp agent.
09-01 23:47:04.475  2688  2688 I cr_tabmodel: Loaded tab lists; counts: 101,0
09-01 23:47:04.476  4572  4572 W SystemServiceRegistry: No service published for: uimode
09-01 23:47:04.481  1513  3232 D CompatibilityChangeReporter: Compat change id reported: 136274596; UID 10220; state: ENABLED
09-01 23:47:04.481  4572  4572 I cr_ChildProcessService: Creating new ChildProcessService pid=4572
09-01 23:47:04.482  4555  4555 W SystemServiceRegistry: No service published for: uimode
09-01 23:47:04.488  4402  4461 I cr_LibraryLoader: Using ModernLinker
09-01 23:47:04.489  4555  4555 I cr_ChildProcessService: Creating new ChildProcessService pid=4555
09-01 23:47:04.491  4402  4461 W linker  : Warning: "/data/app/~~_KLlx60MH8CoecPTjMKp8g==/com.android.chrome-kw9RHYrlHKb9bPXi8OTClw==/base.apk!/lib/arm64-v8a/libchromium_android_linker.so" unused DT entry: unknown processor-specific (type 0x70000001 arg 0x0) (ignoring)
09-01 23:47:04.493  4592  4592 I LoadedApk: No resource references to update in package com.google.android.trichromelibrary
09-01 23:47:04.493  4592  4592 D NetworkSecurityConfig: Using Network Security Config from resource 0_resource_name_obfuscated debugBuild: false
09-01 23:47:04.493  4445  4494 I cr_LibraryLoader: Using ModernLinker
09-01 23:47:04.493  4402  4461 E cr_ChromiumAndroidLinker: ReserveAddressWithHint: Address range starting at 0x7a3872e000 was not free to use
09-01 23:47:04.494  4497  4536 I cr_LibraryLoader: Using ModernLinker
09-01 23:47:04.495  4497  4536 W linker  : Warning: "/data/app/~~_KLlx60MH8CoecPTjMKp8g==/com.android.chrome-kw9RHYrlHKb9bPXi8OTClw==/base.apk!/lib/arm64-v8a/libchromium_android_linker.so" unused DT entry: unknown processor-specific (type 0x70000001 arg 0x0) (ignoring)
09-01 23:47:04.496  4592  4592 D NetworkSecurityConfig: Using Network Security Config from resource 0_resource_name_obfuscated debugBuild: false
09-01 23:47:04.496  4497  4536 E cr_ChromiumAndroidLinker: ReserveAddressWithHint: Address range starting at 0x7a3872e000 was not free to use
09-01 23:47:04.496  4482  4522 I cr_LibraryLoader: Using ModernLinker
09-01 23:47:04.497  4445  4494 W linker  : Warning: "/data/app/~~_KLlx60MH8CoecPTjMKp8g==/com.android.chrome-kw9RHYrlHKb9bPXi8OTClw==/base.apk!/lib/arm64-v8a/libchromium_android_linker.so" unused DT entry: unknown processor-specific (type 0x70000001 arg 0x0) (ignoring)
09-01 23:47:04.498  4445  4494 E cr_ChromiumAndroidLinker: ReserveAddressWithHint: Address range starting at 0x7a3872e000 was not free to use
09-01 23:47:04.500  4482  4522 W linker  : Warning: "/data/app/~~_KLlx60MH8CoecPTjMKp8g==/com.android.chrome-kw9RHYrlHKb9bPXi8OTClw==/base.apk!/lib/arm64-v8a/libchromium_android_linker.so" unused DT entry: unknown processor-specific (type 0x70000001 arg 0x0) (ignoring)
09-01 23:47:04.501  4592  4592 I cr_SplitCompatApp: Launched version=107.0.5304.91 minSdkVersion=29 isBundle=true processName=com.android.chrome:sandboxed_process0:org.chromium.content.app.SandboxedProcessService0:47 isIsolated=true
09-01 23:47:04.501  4482  4522 E cr_ChromiumAndroidLinker: ReserveAddressWithHint: Address range starting at 0x7a3872e000 was not free to use
09-01 23:47:04.501  4523  4560 I cr_LibraryLoader: Using ModernLinker
09-01 23:47:04.502  4497  4625 I cr_LibraryLoader: Successfully loaded native library
09-01 23:47:04.504  4497  4625 I cr_CachingUmaRecorder: Flushed 3 samples from 3 histograms.
09-01 23:47:04.507  4523  4560 W linker  : Warning: "/data/app/~~_KLlx60MH8CoecPTjMKp8g==/com.android.chrome-kw9RHYrlHKb9bPXi8OTClw==/base.apk!/lib/arm64-v8a/libchromium_android_linker.so" unused DT entry: unknown processor-specific (type 0x70000001 arg 0x0) (ignoring)
09-01 23:47:04.508  4523  4560 E cr_ChromiumAndroidLinker: ReserveAddressWithHint: Address range starting at 0x7a3872e000 was not free to use
09-01 23:47:04.508  4482  4642 I cr_LibraryLoader: Successfully loaded native library
09-01 23:47:04.512  4572  4600 I cr_LibraryLoader: Using ModernLinker
09-01 23:47:04.513  4572  4600 W linker  : Warning: "/data/app/~~_KLlx60MH8CoecPTjMKp8g==/com.android.chrome-kw9RHYrlHKb9bPXi8OTClw==/base.apk!/lib/arm64-v8a/libchromium_android_linker.so" unused DT entry: unknown processor-specific (type 0x70000001 arg 0x0) (ignoring)
09-01 23:47:04.513  4482  4642 I cr_CachingUmaRecorder: Flushed 3 samples from 3 histograms.
09-01 23:47:04.513  4572  4600 E cr_ChromiumAndroidLinker: ReserveAddressWithHint: Address range starting at 0x7a3872e000 was not free to use
09-01 23:47:04.515  4523  4646 I cr_LibraryLoader: Successfully loaded native library
09-01 23:47:04.516  4572  4657 I cr_LibraryLoader: Successfully loaded native library
09-01 23:47:04.516  4572  4657 I cr_CachingUmaRecorder: Flushed 3 samples from 3 histograms.
09-01 23:47:04.516  4523  4646 I cr_CachingUmaRecorder: Flushed 3 samples from 3 histograms.
09-01 23:47:04.519  4402  4589 I cr_LibraryLoader: Successfully loaded native library
09-01 23:47:04.519  4402  4589 I cr_CachingUmaRecorder: Flushed 3 samples from 3 histograms.
09-01 23:47:04.520  2778  2778 D Zygote  : Forked child process 4662
09-01 23:47:04.521  1513  1625 W ActivityManager: Slow operation: 1035ms so far, now at startProcess: returned from zygote!
09-01 23:47:04.523  4555  4603 I cr_LibraryLoader: Using ModernLinker
09-01 23:47:04.523  4662  4662 E libc    : SetHeapTaggingLevel: re-enabling tagging after it was disabled is not supported
09-01 23:47:04.523  4445  4591 I cr_LibraryLoader: Successfully loaded native library
09-01 23:47:04.524  4555  4603 W linker  : Warning: "/data/app/~~_KLlx60MH8CoecPTjMKp8g==/com.android.chrome-kw9RHYrlHKb9bPXi8OTClw==/base.apk!/lib/arm64-v8a/libchromium_android_linker.so" unused DT entry: unknown processor-specific (type 0x70000001 arg 0x0) (ignoring)
09-01 23:47:04.524  4555  4603 E cr_ChromiumAndroidLinker: ReserveAddressWithHint: Address range starting at 0x7a3872e000 was not free to use
09-01 23:47:04.525  4445  4591 I cr_CachingUmaRecorder: Flushed 3 samples from 3 histograms.
09-01 23:47:04.527  1513  1625 W ActivityManager: Slow operation: 1040ms so far, now at startProcess: done updating battery stats
09-01 23:47:04.527  1513  1625 W ActivityManager: Slow operation: 1040ms so far, now at startProcess: building log message
09-01 23:47:04.527  1513  1625 I ActivityManager: Start proc 4662:com.android.chrome:sandboxed_process0:org.chromium.content.app.SandboxedProcessService0:49/u0ai49 for  {com.android.chrome/org.chromium.content.app.SandboxedProcessService0:49}
09-01 23:47:04.527  1513  1625 W ActivityManager: Slow operation: 1040ms so far, now at startProcess: starting to update pids map
09-01 23:47:04.527  1513  1625 W ActivityManager: Slow operation: 1041ms so far, now at startProcess: done updating pids map
09-01 23:47:04.527  1513  1625 W ActivityManager: Slow operation: 1003ms so far, now at startProcess: asking zygote to start proc
09-01 23:47:04.527  1513  1625 D CompatibilityChangeReporter: Compat change id reported: 143937733; UID 10220; state: ENABLED
09-01 23:47:04.530  4633  4633 I LoadedApk: No resource references to update in package com.google.android.trichromelibrary
09-01 23:47:04.530  4633  4633 D NetworkSecurityConfig: Using Network Security Config from resource 0_resource_name_obfuscated debugBuild: false
09-01 23:47:04.531  4633  4633 D NetworkSecurityConfig: Using Network Security Config from resource 0_resource_name_obfuscated debugBuild: false
09-01 23:47:04.532  4592  4592 W SystemServiceRegistry: No service published for: uimode
09-01 23:47:04.532  4633  4633 I cr_SplitCompatApp: Launched version=107.0.5304.91 minSdkVersion=29 isBundle=true processName=com.android.chrome:sandboxed_process0:org.chromium.content.app.SandboxedProcessService0:48 isIsolated=true
09-01 23:47:04.537  4592  4592 I cr_ChildProcessService: Creating new ChildProcessService pid=4592
09-01 23:47:04.538  4555  4659 I cr_LibraryLoader: Successfully loaded native library
09-01 23:47:04.543  4555  4659 I cr_CachingUmaRecorder: Flushed 3 samples from 3 histograms.
09-01 23:47:04.551  4662  4662 E cessService0:4: Not starting debugger since process cannot load the jdwp agent.
09-01 23:47:04.551  4592  4647 I cr_LibraryLoader: Using ModernLinker
09-01 23:47:04.552  4633  4633 W SystemServiceRegistry: No service published for: uimode
09-01 23:47:04.555  4592  4647 W linker  : Warning: "/data/app/~~_KLlx60MH8CoecPTjMKp8g==/com.android.chrome-kw9RHYrlHKb9bPXi8OTClw==/base.apk!/lib/arm64-v8a/libchromium_android_linker.so" unused DT entry: unknown processor-specific (type 0x70000001 arg 0x0) (ignoring)
09-01 23:47:04.557  2778  2778 D Zygote  : Forked child process 4683
09-01 23:47:04.557  4633  4633 I cr_ChildProcessService: Creating new ChildProcessService pid=4633
09-01 23:47:04.559  4683  4683 E libc    : SetHeapTaggingLevel: re-enabling tagging after it was disabled is not supported
09-01 23:47:04.559  1513  1625 W ActivityManager: Slow operation: 1035ms so far, now at startProcess: returned from zygote!
09-01 23:47:04.560  1513  1625 W ActivityManager: Slow operation: 1035ms so far, now at startProcess: done updating battery stats
09-01 23:47:04.560  1513  1625 W ActivityManager: Slow operation: 1035ms so far, now at startProcess: building log message
09-01 23:47:04.560  1513  1625 I ActivityManager: Start proc 4683:com.android.chrome:sandboxed_process0:org.chromium.content.app.SandboxedProcessService0:50/u0ai50 for  {com.android.chrome/org.chromium.content.app.SandboxedProcessService0:50}
09-01 23:47:04.560  1513  1625 W ActivityManager: Slow operation: 1035ms so far, now at startProcess: starting to update pids map
09-01 23:47:04.560  1513  1625 W ActivityManager: Slow operation: 1036ms so far, now at startProcess: done updating pids map
09-01 23:47:04.560  1513  1625 W ActivityManager: Slow operation: 969ms so far, now at startProcess: asking zygote to start proc
09-01 23:47:04.561  4592  4647 E cr_ChromiumAndroidLinker: ReserveAddressWithHint: Address range starting at 0x7a3872e000 was not free to use
09-01 23:47:04.562  4683  4683 E cessService0:5: Not starting debugger since process cannot load the jdwp agent.
09-01 23:47:04.564  4633  4658 I cr_LibraryLoader: Using ModernLinker
09-01 23:47:04.567  4592  4675 I cr_LibraryLoader: Successfully loaded native library
09-01 23:47:04.567  4633  4658 W linker  : Warning: "/data/app/~~_KLlx60MH8CoecPTjMKp8g==/com.android.chrome-kw9RHYrlHKb9bPXi8OTClw==/base.apk!/lib/arm64-v8a/libchromium_android_linker.so" unused DT entry: unknown processor-specific (type 0x70000001 arg 0x0) (ignoring)
09-01 23:47:04.567  4592  4675 I cr_CachingUmaRecorder: Flushed 3 samples from 3 histograms.
09-01 23:47:04.568  4633  4658 E cr_ChromiumAndroidLinker: ReserveAddressWithHint: Address range starting at 0x7a3872e000 was not free to use
09-01 23:47:04.569  1513  8503 D CompatibilityChangeReporter: Compat change id reported: 136274596; UID 10220; state: ENABLED
09-01 23:47:04.570   901  2806 I sensors-hal: [ssc_utils]get_qmi_debug_flag:244, support_qmi_debug : false
09-01 23:47:04.570  4633  4685 I cr_LibraryLoader: Successfully loaded native library
09-01 23:47:04.571  4633  4685 I cr_CachingUmaRecorder: Flushed 3 samples from 3 histograms.
09-01 23:47:04.573  1513  2262 D CompatibilityChangeReporter: Compat change id reported: 136274596; UID 10220; state: ENABLED
09-01 23:47:04.589  2778  2778 D Zygote  : Forked child process 4710
09-01 23:47:04.591  4710  4710 E libc    : SetHeapTaggingLevel: re-enabling tagging after it was disabled is not supported
09-01 23:47:04.592  1513  1625 W ActivityManager: Slow operation: 1001ms so far, now at startProcess: returned from zygote!
09-01 23:47:04.592  1513  1625 W ActivityManager: Slow operation: 1001ms so far, now at startProcess: done updating battery stats
09-01 23:47:04.592  1513  1625 W ActivityManager: Slow operation: 1001ms so far, now at startProcess: building log message
09-01 23:47:04.592  1513  1625 I ActivityManager: Start proc 4710:com.android.chrome:sandboxed_process0:org.chromium.content.app.SandboxedProcessService0:51/u0ai51 for  {com.android.chrome/org.chromium.content.app.SandboxedProcessService0:51}
09-01 23:47:04.592  1513  1625 W ActivityManager: Slow operation: 1001ms so far, now at startProcess: starting to update pids map
09-01 23:47:04.593  1513  1625 W ActivityManager: Slow operation: 1001ms so far, now at startProcess: done updating pids map
09-01 23:47:04.593  1513  1625 W ActivityManager: Slow operation: 955ms so far, now at startProcess: asking zygote to start proc
09-01 23:47:04.593  4710  4710 E cessService0:5: Not starting debugger since process cannot load the jdwp agent.
09-01 23:47:04.593  1513  1625 D CompatibilityChangeReporter: Compat change id reported: 143937733; UID 10220; state: ENABLED
09-01 23:47:04.595  4662  4662 I LoadedApk: No resource references to update in package com.google.android.trichromelibrary
09-01 23:47:04.595  4662  4662 D NetworkSecurityConfig: Using Network Security Config from resource 0_resource_name_obfuscated debugBuild: false
09-01 23:47:04.596  4662  4662 D NetworkSecurityConfig: Using Network Security Config from resource 0_resource_name_obfuscated debugBuild: false
09-01 23:47:04.596  4683  4683 I LoadedApk: No resource references to update in package com.google.android.trichromelibrary
09-01 23:47:04.597  4683  4683 D NetworkSecurityConfig: Using Network Security Config from resource 0_resource_name_obfuscated debugBuild: false
09-01 23:47:04.597  4683  4683 D NetworkSecurityConfig: Using Network Security Config from resource 0_resource_name_obfuscated debugBuild: false
09-01 23:47:04.597  4683  4683 I cr_SplitCompatApp: Launched version=107.0.5304.91 minSdkVersion=29 isBundle=true processName=com.android.chrome:sandboxed_process0:org.chromium.content.app.SandboxedProcessService0:50 isIsolated=true
09-01 23:47:04.598  4662  4662 I cr_SplitCompatApp: Launched version=107.0.5304.91 minSdkVersion=29 isBundle=true processName=com.android.chrome:sandboxed_process0:org.chromium.content.app.SandboxedProcessService0:49 isIsolated=true
09-01 23:47:04.603  1513  2262 D CompatibilityChangeReporter: Compat change id reported: 136274596; UID 10220; state: ENABLED
09-01 23:47:04.604  4683  4683 W SystemServiceRegistry: No service published for: uimode
09-01 23:47:04.606   901  1000 W ASH     : @ 50011.058: Unhandled msg ID 999: line 1277
09-01 23:47:04.606   901  1000 E ASH     : @ 50011.058: No pb callback assigned
09-01 23:47:04.606   901  1000 E ASH     : @ 50011.058: Nanopb error: callback failed:1588
09-01 23:47:04.607  4683  4683 I cr_ChildProcessService: Creating new ChildProcessService pid=4683
09-01 23:47:04.609  2778  2778 D Zygote  : Forked child process 4750
09-01 23:47:04.609  4662  4662 W SystemServiceRegistry: No service published for: uimode
09-01 23:47:04.610  4750  4750 E libc    : SetHeapTaggingLevel: re-enabling tagging after it was disabled is not supported
09-01 23:47:04.612  1513  1625 W ActivityManager: Slow operation: 973ms so far, now at startProcess: returned from zygote!
09-01 23:47:04.612  1513  1625 W ActivityManager: Slow operation: 974ms so far, now at startProcess: done updating battery stats
09-01 23:47:04.612  1513  1625 W ActivityManager: Slow operation: 974ms so far, now at startProcess: building log message
09-01 23:47:04.612  1513  1625 I ActivityManager: Start proc 4750:com.android.chrome:sandboxed_process0:org.chromium.content.app.SandboxedProcessService0:52/u0ai52 for  {com.android.chrome/org.chromium.content.app.SandboxedProcessService0:52}
09-01 23:47:04.612  1513  1625 W ActivityManager: Slow operation: 974ms so far, now at startProcess: starting to update pids map
09-01 23:47:04.612  1513  1625 W ActivityManager: Slow operation: 974ms so far, now at startProcess: done updating pids map
09-01 23:47:04.612  1513  1625 W ActivityManager: Slow operation: 954ms so far, now at startProcess: asking zygote to start proc
09-01 23:47:04.613  1513  1625 D CompatibilityChangeReporter: Compat change id reported: 143937733; UID 10220; state: ENABLED
09-01 23:47:04.613  4662  4662 I cr_ChildProcessService: Creating new ChildProcessService pid=4662
09-01 23:47:04.614  4683  4704 I cr_LibraryLoader: Using ModernLinker
09-01 23:47:04.616  4683  4704 W linker  : Warning: "/data/app/~~_KLlx60MH8CoecPTjMKp8g==/com.android.chrome-kw9RHYrlHKb9bPXi8OTClw==/base.apk!/lib/arm64-v8a/libchromium_android_linker.so" unused DT entry: unknown processor-specific (type 0x70000001 arg 0x0) (ignoring)
09-01 23:47:04.617  4683  4704 E cr_ChromiumAndroidLinker: ReserveAddressWithHint: Address range starting at 0x7a3872e000 was not free to use
09-01 23:47:04.619  4662  4708 I cr_LibraryLoader: Using ModernLinker
09-01 23:47:04.620  4662  4708 W linker  : Warning: "/data/app/~~_KLlx60MH8CoecPTjMKp8g==/com.android.chrome-kw9RHYrlHKb9bPXi8OTClw==/base.apk!/lib/arm64-v8a/libchromium_android_linker.so" unused DT entry: unknown processor-specific (type 0x70000001 arg 0x0) (ignoring)
09-01 23:47:04.620  4662  4708 E cr_ChromiumAndroidLinker: ReserveAddressWithHint: Address range starting at 0x7a3872e000 was not free to use
09-01 23:47:04.623  4750  4750 E cessService0:5: Not starting debugger since process cannot load the jdwp agent.
09-01 23:47:04.626  4662  4766 I cr_LibraryLoader: Successfully loaded native library
09-01 23:47:04.626  4662  4766 I cr_CachingUmaRecorder: Flushed 3 samples from 3 histograms.
09-01 23:47:04.629  2778  2778 D Zygote  : Forked child process 4780
09-01 23:47:04.630  4710  4710 I LoadedApk: No resource references to update in package com.google.android.trichromelibrary
09-01 23:47:04.630  4710  4710 D NetworkSecurityConfig: Using Network Security Config from resource 0_resource_name_obfuscated debugBuild: false
09-01 23:47:04.631  1513  1625 W ActivityManager: Slow operation: 973ms so far, now at startProcess: returned from zygote!
09-01 23:47:04.631  1513  1625 W ActivityManager: Slow operation: 973ms so far, now at startProcess: done updating battery stats
09-01 23:47:04.631  1513  1625 W ActivityManager: Slow operation: 973ms so far, now at startProcess: building log message
09-01 23:47:04.631  1513  1625 I ActivityManager: Start proc 4780:com.android.chrome:sandboxed_process0:org.chromium.content.app.SandboxedProcessService0:53/u0ai53 for  {com.android.chrome/org.chromium.content.app.SandboxedProcessService0:53}
09-01 23:47:04.631  1513  1625 W ActivityManager: Slow operation: 973ms so far, now at startProcess: starting to update pids map
09-01 23:47:04.631  1513  1625 W ActivityManager: Slow operation: 973ms so far, now at startProcess: done updating pids map
09-01 23:47:04.631  1513  1625 W ActivityManager: Slow operation: 940ms so far, now at startProcess: asking zygote to start proc
09-01 23:47:04.632  4710  4710 D NetworkSecurityConfig: Using Network Security Config from resource 0_resource_name_obfuscated debugBuild: false
09-01 23:47:04.635  4780  4780 E libc    : SetHeapTaggingLevel: re-enabling tagging after it was disabled is not supported
09-01 23:47:04.635  4710  4710 I cr_SplitCompatApp: Launched version=107.0.5304.91 minSdkVersion=29 isBundle=true processName=com.android.chrome:sandboxed_process0:org.chromium.content.app.SandboxedProcessService0:51 isIsolated=true
09-01 23:47:04.638  4780  4780 E cessService0:5: Not starting debugger since process cannot load the jdwp agent.
09-01 23:47:04.639  1513  3223 D CompatibilityChangeReporter: Compat change id reported: 136274596; UID 10220; state: ENABLED
09-01 23:47:04.640  4683  4748 I cr_LibraryLoader: Successfully loaded native library
09-01 23:47:04.642   901  1000 I ASH     : @ 50011.093: tcs3701: ADC is saturated, removed sample from FIFO.
09-01 23:47:04.648  4683  4748 I cr_CachingUmaRecorder: Flushed 3 samples from 3 histograms.
09-01 23:47:04.648  1513  2262 D CompatibilityChangeReporter: Compat change id reported: 136274596; UID 10220; state: ENABLED
09-01 23:47:04.650  4710  4710 W SystemServiceRegistry: No service published for: uimode
09-01 23:47:04.656  4710  4710 I cr_ChildProcessService: Creating new ChildProcessService pid=4710
09-01 23:47:04.657  2778  2778 D Zygote  : Forked child process 4816
09-01 23:47:04.659  4816  4816 E libc    : SetHeapTaggingLevel: re-enabling tagging after it was disabled is not supported
09-01 23:47:04.659  1513  1625 W ActivityManager: Slow operation: 967ms so far, now at startProcess: returned from zygote!
09-01 23:47:04.659  1513  1625 W ActivityManager: Slow operation: 968ms so far, now at startProcess: done updating battery stats
09-01 23:47:04.660  1513  1625 W ActivityManager: Slow operation: 968ms so far, now at startProcess: building log message
09-01 23:47:04.660  1513  1625 I ActivityManager: Start proc 4816:com.android.chrome:sandboxed_process0:org.chromium.content.app.SandboxedProcessService0:54/u0ai54 for  {com.android.chrome/org.chromium.content.app.SandboxedProcessService0:54}
09-01 23:47:04.660  1513  1625 W ActivityManager: Slow operation: 968ms so far, now at startProcess: starting to update pids map
09-01 23:47:04.660  1513  1625 W ActivityManager: Slow operation: 968ms so far, now at startProcess: done updating pids map
09-01 23:47:04.660  1513  1625 W ActivityManager: Slow operation: 940ms so far, now at startProcess: asking zygote to start proc
09-01 23:47:04.660  1513  1625 D CompatibilityChangeReporter: Compat change id reported: 143937733; UID 10220; state: ENABLED
09-01 23:47:04.661  4710  4743 I cr_LibraryLoader: Using ModernLinker
09-01 23:47:04.662  4710  4743 W linker  : Warning: "/data/app/~~_KLlx60MH8CoecPTjMKp8g==/com.android.chrome-kw9RHYrlHKb9bPXi8OTClw==/base.apk!/lib/arm64-v8a/libchromium_android_linker.so" unused DT entry: unknown processor-specific (type 0x70000001 arg 0x0) (ignoring)
09-01 23:47:04.663  4710  4743 E cr_ChromiumAndroidLinker: ReserveAddressWithHint: Address range starting at 0x7a3872e000 was not free to use
09-01 23:47:04.665  4710  4817 I cr_LibraryLoader: Successfully loaded native library
