09-02 01:03:14.891 14113 14136 E cr_ChromiumAndroidLinker: ReserveAddressWithHint: Address range starting at 0x7a39869000 was not free to use
09-02 01:03:14.892 14027 14156 I cr_LibraryLoader: Successfully loaded native library
09-02 01:03:14.894 14027 14156 I cr_CachingUmaRecorder: Flushed 3 samples from 3 histograms.
09-02 01:03:14.899 14113 14170 I cr_LibraryLoader: Successfully loaded native library
09-02 01:03:14.899 14113 14170 I cr_CachingUmaRecorder: Flushed 3 samples from 3 histograms.
09-02 01:03:14.912 12863 12863 I cr_tabmodel: #isIncognitoTabBeingRestored from tabDetails:  false
09-02 01:03:14.912 12863 12863 I cr_tabmodel: #isIncognitoTabBeingRestored from tabDetails:  false
09-02 01:03:14.912 12863 12863 W cr_tabmodel: Failed to restore TabState; creating Tab with last known URL.
09-02 01:03:14.914 14164 14164 E cessService0:4: Not starting debugger since process cannot load the jdwp agent.
09-02 01:03:14.929 14137 14137 I LoadedApk: No resource references to update in package com.google.android.trichromelibrary
09-02 01:03:14.929 14137 14137 D NetworkSecurityConfig: Using Network Security Config from resource 0_resource_name_obfuscated debugBuild: false
09-02 01:03:14.930 14137 14137 D NetworkSecurityConfig: Using Network Security Config from resource 0_resource_name_obfuscated debugBuild: false
09-02 01:03:14.933 14137 14137 I cr_SplitCompatApp: Launched version=107.0.5304.91 minSdkVersion=29 isBundle=true processName=com.android.chrome:sandboxed_process0:org.chromium.content.app.SandboxedProcessService0:40 isIsolated=true
09-02 01:03:14.937 12863 12863 E cr_IntentUtils: getBooleanExtra failed on intent null
09-02 01:03:14.937 12863 12863 E cr_IntentUtils: getBooleanExtra failed on intent null
09-02 01:03:14.944 12913 12913 D Zygote  : Forked child process 14214
09-02 01:03:14.948  1513  3233 D CompatibilityChangeReporter: Compat change id reported: 136274596; UID 10220; state: ENABLED
09-02 01:03:14.957 12863 12863 I cr_tabmodel: #isIncognitoTabBeingRestored from tabDetails:  false
09-02 01:03:14.957 12863 12863 I cr_tabmodel: #isIncognitoTabBeingRestored from tabDetails:  false
09-02 01:03:14.957 12863 12863 W cr_tabmodel: Failed to restore TabState; creating Tab with last known URL.
09-02 01:03:14.957 14137 14137 W SystemServiceRegistry: No service published for: uimode
09-02 01:03:14.957 14214 14214 E libc    : SetHeapTaggingLevel: re-enabling tagging after it was disabled is not supported
09-02 01:03:14.964  1513  1625 W ActivityManager: Slow operation: 524ms so far, now at startProcess: returned from zygote!
09-02 01:03:14.964  1513  1625 W ActivityManager: Slow operation: 524ms so far, now at startProcess: done updating battery stats
09-02 01:03:14.964  1513  1625 W ActivityManager: Slow operation: 524ms so far, now at startProcess: building log message
09-02 01:03:14.964  1513  1625 I ActivityManager: Start proc 14214:com.android.chrome:sandboxed_process0:org.chromium.content.app.SandboxedProcessService0:42/u0ai42 for  {com.android.chrome/org.chromium.content.app.SandboxedProcessService0:42}
09-02 01:03:14.964  1513  1625 W ActivityManager: Slow operation: 524ms so far, now at startProcess: starting to update pids map
09-02 01:03:14.965  1513  1625 W ActivityManager: Slow operation: 524ms so far, now at startProcess: done updating pids map
09-02 01:03:14.965  1513  1625 W ActivityManager: Slow operation: 486ms so far, now at startProcess: asking zygote to start proc
09-02 01:03:14.965  1513  1625 D CompatibilityChangeReporter: Compat change id reported: 143937733; UID 10220; state: ENABLED
09-02 01:03:14.966 14214 14214 E cessService0:4: Not starting debugger since process cannot load the jdwp agent.
09-02 01:03:14.971  1513  2571 D CompatibilityChangeReporter: Compat change id reported: 135634846; UID 10220; state: DISABLED
09-02 01:03:14.972  1513  2571 D CompatibilityChangeReporter: Compat change id reported: 135754954; UID 10220; state: ENABLED
09-02 01:03:14.978 12863 12863 E cr_IntentUtils: getBooleanExtra failed on intent null
09-02 01:03:14.978 12863 12863 E cr_IntentUtils: getBooleanExtra failed on intent null
09-02 01:03:14.982  1513  2571 D CompatibilityChangeReporter: Compat change id reported: 136274596; UID 10220; state: ENABLED
09-02 01:03:14.984 14137 14137 I cr_ChildProcessService: Creating new ChildProcessService pid=14137
09-02 01:03:14.987 12913 12913 D Zygote  : Forked child process 14244
09-02 01:03:14.988  1513  1625 W ActivityManager: Slow operation: 510ms so far, now at startProcess: returned from zygote!
09-02 01:03:14.990 12863 12863 I cr_tabmodel: #isIncognitoTabBeingRestored from tabDetails:  false
09-02 01:03:14.990 12863 12863 I cr_tabmodel: #isIncognitoTabBeingRestored from tabDetails:  false
09-02 01:03:14.990 12863 12863 W cr_tabmodel: Failed to restore TabState; creating Tab with last known URL.
09-02 01:03:14.994 14244 14244 E libc    : SetHeapTaggingLevel: re-enabling tagging after it was disabled is not supported
09-02 01:03:15.001  1513  1625 W ActivityManager: Slow operation: 522ms so far, now at startProcess: done updating battery stats
09-02 01:03:15.001  1513  1625 W ActivityManager: Slow operation: 522ms so far, now at startProcess: building log message
09-02 01:03:15.001  1513  1625 I ActivityManager: Start proc 14244:com.android.chrome:sandboxed_process0:org.chromium.content.app.SandboxedProcessService0:43/u0ai43 for  {com.android.chrome/org.chromium.content.app.SandboxedProcessService0:43}
09-02 01:03:15.001  1513  1625 W ActivityManager: Slow operation: 522ms so far, now at startProcess: starting to update pids map
09-02 01:03:15.002  1513  1625 W ActivityManager: Slow operation: 524ms so far, now at startProcess: done updating pids map
09-02 01:03:15.002  1513  1625 W ActivityManager: Slow operation: 502ms so far, now at startProcess: asking zygote to start proc
09-02 01:03:15.003  1513  1625 D CompatibilityChangeReporter: Compat change id reported: 143937733; UID 10220; state: ENABLED
09-02 01:03:15.005  1513  3233 D CompatibilityChangeReporter: Compat change id reported: 135634846; UID 10220; state: DISABLED
09-02 01:03:15.006  1513  3233 D CompatibilityChangeReporter: Compat change id reported: 135754954; UID 10220; state: ENABLED
09-02 01:03:15.012 12863 12863 E cr_IntentUtils: getBooleanExtra failed on intent null
09-02 01:03:15.012 12863 12863 E cr_IntentUtils: getBooleanExtra failed on intent null
09-02 01:03:15.013 14137 14176 I cr_LibraryLoader: Using ModernLinker
09-02 01:03:15.013 14137 14176 W linker  : Warning: "/data/app/~~_KLlx60MH8CoecPTjMKp8g==/com.android.chrome-kw9RHYrlHKb9bPXi8OTClw==/base.apk!/lib/arm64-v8a/libchromium_android_linker.so" unused DT entry: unknown processor-specific (type 0x70000001 arg 0x0) (ignoring)
09-02 01:03:15.014 14137 14176 E cr_ChromiumAndroidLinker: ReserveAddressWithHint: Address range starting at 0x7a39869000 was not free to use
09-02 01:03:15.018 14164 14164 I LoadedApk: No resource references to update in package com.google.android.trichromelibrary
09-02 01:03:15.018 14164 14164 D NetworkSecurityConfig: Using Network Security Config from resource 0_resource_name_obfuscated debugBuild: false
09-02 01:03:15.020 14244 14244 E cessService0:4: Not starting debugger since process cannot load the jdwp agent.
09-02 01:03:15.024 12863 12863 I cr_tabmodel: #isIncognitoTabBeingRestored from tabDetails:  false
09-02 01:03:15.024 12863 12863 I cr_tabmodel: #isIncognitoTabBeingRestored from tabDetails:  false
09-02 01:03:15.024 12863 12863 W cr_tabmodel: Failed to restore TabState; creating Tab with last known URL.
09-02 01:03:15.029 14137 14243 I cr_LibraryLoader: Successfully loaded native library
09-02 01:03:15.029 14137 14243 I cr_CachingUmaRecorder: Flushed 3 samples from 3 histograms.
09-02 01:03:15.036 14164 14164 D NetworkSecurityConfig: Using Network Security Config from resource 0_resource_name_obfuscated debugBuild: false
09-02 01:03:15.036 14214 14214 I LoadedApk: No resource references to update in package com.google.android.trichromelibrary
09-02 01:03:15.037 14214 14214 D NetworkSecurityConfig: Using Network Security Config from resource 0_resource_name_obfuscated debugBuild: false
09-02 01:03:15.038 14214 14214 D NetworkSecurityConfig: Using Network Security Config from resource 0_resource_name_obfuscated debugBuild: false
09-02 01:03:15.038 14164 14164 I cr_SplitCompatApp: Launched version=107.0.5304.91 minSdkVersion=29 isBundle=true processName=com.android.chrome:sandboxed_process0:org.chromium.content.app.SandboxedProcessService0:41 isIsolated=true
09-02 01:03:15.039 14214 14214 I cr_SplitCompatApp: Launched version=107.0.5304.91 minSdkVersion=29 isBundle=true processName=com.android.chrome:sandboxed_process0:org.chromium.content.app.SandboxedProcessService0:42 isIsolated=true
09-02 01:03:15.049  1513  2571 D CompatibilityChangeReporter: Compat change id reported: 136274596; UID 10220; state: ENABLED
09-02 01:03:15.052 12863 12863 E cr_IntentUtils: getBooleanExtra failed on intent null
09-02 01:03:15.052 12863 12863 E cr_IntentUtils: getBooleanExtra failed on intent null
09-02 01:03:15.056 12913 12913 D Zygote  : Forked child process 14284
09-02 01:03:15.060  1513  1625 W ActivityManager: Slow operation: 560ms so far, now at startProcess: returned from zygote!
09-02 01:03:15.060  1513  1625 W ActivityManager: Slow operation: 560ms so far, now at startProcess: done updating battery stats
09-02 01:03:15.060  1513  1625 W ActivityManager: Slow operation: 560ms so far, now at startProcess: building log message
09-02 01:03:15.060  1513  1625 I ActivityManager: Start proc 14284:com.android.chrome:sandboxed_process0:org.chromium.content.app.SandboxedProcessService0:44/u0ai44 for  {com.android.chrome/org.chromium.content.app.SandboxedProcessService0:44}
09-02 01:03:15.060  1513  1625 W ActivityManager: Slow operation: 560ms so far, now at startProcess: starting to update pids map
09-02 01:03:15.061  1513  1625 W ActivityManager: Slow operation: 560ms so far, now at startProcess: done updating pids map
09-02 01:03:15.061  1513  1625 W ActivityManager: Slow operation: 518ms so far, now at startProcess: asking zygote to start proc
09-02 01:03:15.061  1513  1625 D CompatibilityChangeReporter: Compat change id reported: 143937733; UID 10220; state: ENABLED
09-02 01:03:15.062 14214 14214 W SystemServiceRegistry: No service published for: uimode
09-02 01:03:15.063 12863 12863 I cr_tabmodel: #isIncognitoTabBeingRestored from tabDetails:  false
09-02 01:03:15.063 12863 12863 I cr_tabmodel: #isIncognitoTabBeingRestored from tabDetails:  false
09-02 01:03:15.063 12863 12863 W cr_tabmodel: Failed to restore TabState; creating Tab with last known URL.
09-02 01:03:15.066 14164 14164 W SystemServiceRegistry: No service published for: uimode
09-02 01:03:15.068 14214 14214 I cr_ChildProcessService: Creating new ChildProcessService pid=14214
09-02 01:03:15.072 14164 14164 I cr_ChildProcessService: Creating new ChildProcessService pid=14164
09-02 01:03:15.079 14164 14225 I cr_LibraryLoader: Using ModernLinker
09-02 01:03:15.080 14164 14225 W linker  : Warning: "/data/app/~~_KLlx60MH8CoecPTjMKp8g==/com.android.chrome-kw9RHYrlHKb9bPXi8OTClw==/base.apk!/lib/arm64-v8a/libchromium_android_linker.so" unused DT entry: unknown processor-specific (type 0x70000001 arg 0x0) (ignoring)
09-02 01:03:15.080 14244 14244 I LoadedApk: No resource references to update in package com.google.android.trichromelibrary
09-02 01:03:15.081 14164 14225 E cr_ChromiumAndroidLinker: ReserveAddressWithHint: Address range starting at 0x7a39869000 was not free to use
09-02 01:03:15.081 14244 14244 D NetworkSecurityConfig: Using Network Security Config from resource 0_resource_name_obfuscated debugBuild: false
09-02 01:03:15.082  1513  2264 D CompatibilityChangeReporter: Compat change id reported: 135634846; UID 10220; state: DISABLED
09-02 01:03:15.082  1513  2264 D CompatibilityChangeReporter: Compat change id reported: 135754954; UID 10220; state: ENABLED
09-02 01:03:15.082 14244 14244 D NetworkSecurityConfig: Using Network Security Config from resource 0_resource_name_obfuscated debugBuild: false
09-02 01:03:15.084 14244 14244 I cr_SplitCompatApp: Launched version=107.0.5304.91 minSdkVersion=29 isBundle=true processName=com.android.chrome:sandboxed_process0:org.chromium.content.app.SandboxedProcessService0:43 isIsolated=true
09-02 01:03:15.086 12863 12863 E cr_IntentUtils: getBooleanExtra failed on intent null
09-02 01:03:15.086 12863 12863 E cr_IntentUtils: getBooleanExtra failed on intent null
09-02 01:03:15.087 14214 14250 I cr_LibraryLoader: Using ModernLinker
09-02 01:03:15.088 14214 14250 W linker  : Warning: "/data/app/~~_KLlx60MH8CoecPTjMKp8g==/com.android.chrome-kw9RHYrlHKb9bPXi8OTClw==/base.apk!/lib/arm64-v8a/libchromium_android_linker.so" unused DT entry: unknown processor-specific (type 0x70000001 arg 0x0) (ignoring)
09-02 01:03:15.089 14214 14250 E cr_ChromiumAndroidLinker: ReserveAddressWithHint: Address range starting at 0x7a39869000 was not free to use
09-02 01:03:15.089 14164 14290 I cr_LibraryLoader: Successfully loaded native library
09-02 01:03:15.091 14164 14290 I cr_CachingUmaRecorder: Flushed 3 samples from 3 histograms.
09-02 01:03:15.094 14214 14289 I cr_LibraryLoader: Successfully loaded native library
09-02 01:03:15.098 14214 14289 I cr_CachingUmaRecorder: Flushed 3 samples from 3 histograms.
09-02 01:03:15.099 14244 14244 W SystemServiceRegistry: No service published for: uimode
09-02 01:03:15.105 12863 12863 I cr_tabmodel: #isIncognitoTabBeingRestored from tabDetails:  false
09-02 01:03:15.105 12863 12863 I cr_tabmodel: #isIncognitoTabBeingRestored from tabDetails:  false
09-02 01:03:15.106 12863 12863 W cr_tabmodel: Failed to restore TabState; creating Tab with last known URL.
09-02 01:03:15.109 14284 14284 E libc    : SetHeapTaggingLevel: re-enabling tagging after it was disabled is not supported
09-02 01:03:15.112 14284 14284 E cessService0:4: Not starting debugger since process cannot load the jdwp agent.
09-02 01:03:15.122 12913 12913 D Zygote  : Forked child process 14312
09-02 01:03:15.122  1513  1625 W ActivityManager: Slow operation: 579ms so far, now at startProcess: returned from zygote!
09-02 01:03:15.122  1513  1625 W ActivityManager: Slow operation: 579ms so far, now at startProcess: done updating battery stats
09-02 01:03:15.122  1513  1625 W ActivityManager: Slow operation: 579ms so far, now at startProcess: building log message
09-02 01:03:15.122  1513  1625 I ActivityManager: Start proc 14312:com.android.chrome:sandboxed_process0:org.chromium.content.app.SandboxedProcessService0:45/u0ai45 for  {com.android.chrome/org.chromium.content.app.SandboxedProcessService0:45}
09-02 01:03:15.122  1513  1625 W ActivityManager: Slow operation: 579ms so far, now at startProcess: starting to update pids map
09-02 01:03:15.123  1513  1625 W ActivityManager: Slow operation: 579ms so far, now at startProcess: done updating pids map
09-02 01:03:15.123  1513  1625 W ActivityManager: Slow operation: 544ms so far, now at startProcess: asking zygote to start proc
09-02 01:03:15.126 12863 12863 E cr_IntentUtils: getBooleanExtra failed on intent null
09-02 01:03:15.126 12863 12863 E cr_IntentUtils: getBooleanExtra failed on intent null
09-02 01:03:15.127 14312 14312 E libc    : SetHeapTaggingLevel: re-enabling tagging after it was disabled is not supported
09-02 01:03:15.127  1513  2264 D CompatibilityChangeReporter: Compat change id reported: 136274596; UID 10220; state: ENABLED
09-02 01:03:15.139 12863 12863 I cr_tabmodel: #isIncognitoTabBeingRestored from tabDetails:  false
09-02 01:03:15.139 12863 12863 I cr_tabmodel: #isIncognitoTabBeingRestored from tabDetails:  false
09-02 01:03:15.140 12863 12863 W cr_tabmodel: Failed to restore TabState; creating Tab with last known URL.
09-02 01:03:15.140 14244 14244 I cr_ChildProcessService: Creating new ChildProcessService pid=14244
09-02 01:03:15.141 14312 14312 E cessService0:4: Not starting debugger since process cannot load the jdwp agent.
09-02 01:03:15.148 14244 14283 I cr_LibraryLoader: Using ModernLinker
09-02 01:03:15.151 14244 14283 W linker  : Warning: "/data/app/~~_KLlx60MH8CoecPTjMKp8g==/com.android.chrome-kw9RHYrlHKb9bPXi8OTClw==/base.apk!/lib/arm64-v8a/libchromium_android_linker.so" unused DT entry: unknown processor-specific (type 0x70000001 arg 0x0) (ignoring)
09-02 01:03:15.156 14244 14283 E cr_ChromiumAndroidLinker: ReserveAddressWithHint: Address range starting at 0x7a39869000 was not free to use
09-02 01:03:15.157  1513  3168 D CompatibilityChangeReporter: Compat change id reported: 135634846; UID 10220; state: DISABLED
09-02 01:03:15.157  1513  3168 D CompatibilityChangeReporter: Compat change id reported: 135754954; UID 10220; state: ENABLED
09-02 01:03:15.161 14284 14284 I LoadedApk: No resource references to update in package com.google.android.trichromelibrary
09-02 01:03:15.161 14284 14284 D NetworkSecurityConfig: Using Network Security Config from resource 0_resource_name_obfuscated debugBuild: false
09-02 01:03:15.161 14284 14284 D NetworkSecurityConfig: Using Network Security Config from resource 0_resource_name_obfuscated debugBuild: false
09-02 01:03:15.161 14244 14356 I cr_LibraryLoader: Successfully loaded native library
09-02 01:03:15.162 14284 14284 I cr_SplitCompatApp: Launched version=107.0.5304.91 minSdkVersion=29 isBundle=true processName=com.android.chrome:sandboxed_process0:org.chromium.content.app.SandboxedProcessService0:44 isIsolated=true
09-02 01:03:15.163 12863 12863 E cr_IntentUtils: getBooleanExtra failed on intent null
09-02 01:03:15.163 12863 12863 E cr_IntentUtils: getBooleanExtra failed on intent null
09-02 01:03:15.165  1513  2264 D CompatibilityChangeReporter: Compat change id reported: 136274596; UID 10220; state: ENABLED
09-02 01:03:15.167 14244 14356 I cr_CachingUmaRecorder: Flushed 3 samples from 3 histograms.
09-02 01:03:15.172 12863 12863 I cr_tabmodel: #isIncognitoTabBeingRestored from tabDetails:  false
09-02 01:03:15.173 12863 12863 I cr_tabmodel: #isIncognitoTabBeingRestored from tabDetails:  false
09-02 01:03:15.173 12863 12863 W cr_tabmodel: Failed to restore TabState; creating Tab with last known URL.
09-02 01:03:15.184 14284 14284 W SystemServiceRegistry: No service published for: uimode
09-02 01:03:15.191 12863 12863 E cr_IntentUtils: getBooleanExtra failed on intent null
09-02 01:03:15.191 12863 12863 E cr_IntentUtils: getBooleanExtra failed on intent null
09-02 01:03:15.191 14284 14284 I cr_ChildProcessService: Creating new ChildProcessService pid=14284
09-02 01:03:15.198  1513  2264 D CompatibilityChangeReporter: Compat change id reported: 135634846; UID 10220; state: DISABLED
09-02 01:03:15.198  1513  2264 D CompatibilityChangeReporter: Compat change id reported: 135754954; UID 10220; state: ENABLED
09-02 01:03:15.205 12863 12863 I cr_tabmodel: #isIncognitoTabBeingRestored from tabDetails:  false
09-02 01:03:15.205 12863 12863 I cr_tabmodel: #isIncognitoTabBeingRestored from tabDetails:  false
09-02 01:03:15.205 12863 12863 W cr_tabmodel: Failed to restore TabState; creating Tab with last known URL.
09-02 01:03:15.220 14312 14312 I LoadedApk: No resource references to update in package com.google.android.trichromelibrary
09-02 01:03:15.220 14312 14312 D NetworkSecurityConfig: Using Network Security Config from resource 0_resource_name_obfuscated debugBuild: false
09-02 01:03:15.221 14312 14312 D NetworkSecurityConfig: Using Network Security Config from resource 0_resource_name_obfuscated debugBuild: false
09-02 01:03:15.222 12913 12913 D Zygote  : Forked child process 14408
09-02 01:03:15.222 12863 12863 E cr_IntentUtils: getBooleanExtra failed on intent null
09-02 01:03:15.222 14312 14312 I cr_SplitCompatApp: Launched version=107.0.5304.91 minSdkVersion=29 isBundle=true processName=com.android.chrome:sandboxed_process0:org.chromium.content.app.SandboxedProcessService0:45 isIsolated=true
09-02 01:03:15.223 12863 12863 E cr_IntentUtils: getBooleanExtra failed on intent null
09-02 01:03:15.224 14408 14408 E libc    : SetHeapTaggingLevel: re-enabling tagging after it was disabled is not supported
09-02 01:03:15.226 14284 14319 I cr_LibraryLoader: Using ModernLinker
09-02 01:03:15.228  1513  1625 W ActivityManager: Slow operation: 648ms so far, now at startProcess: returned from zygote!
09-02 01:03:15.228 14284 14319 W linker  : Warning: "/data/app/~~_KLlx60MH8CoecPTjMKp8g==/com.android.chrome-kw9RHYrlHKb9bPXi8OTClw==/base.apk!/lib/arm64-v8a/libchromium_android_linker.so" unused DT entry: unknown processor-specific (type 0x70000001 arg 0x0) (ignoring)
09-02 01:03:15.229 14284 14319 E cr_ChromiumAndroidLinker: ReserveAddressWithHint: Address range starting at 0x7a39869000 was not free to use
09-02 01:03:15.230 14408 14408 E cessService0:4: Not starting debugger since process cannot load the jdwp agent.
09-02 01:03:15.239 14284 14394 I cr_LibraryLoader: Successfully loaded native library
09-02 01:03:15.240 14284 14394 I cr_CachingUmaRecorder: Flushed 3 samples from 3 histograms.
09-02 01:03:15.242  1513  1625 W ActivityManager: Slow operation: 663ms so far, now at startProcess: done updating battery stats
09-02 01:03:15.242  1513  1625 W ActivityManager: Slow operation: 663ms so far, now at startProcess: building log message
09-02 01:03:15.242  1513  1625 I ActivityManager: Start proc 14408:com.android.chrome:sandboxed_process0:org.chromium.content.app.SandboxedProcessService0:46/u0ai46 for  {com.android.chrome/org.chromium.content.app.SandboxedProcessService0:46}
09-02 01:03:15.242  1513  1625 W ActivityManager: Slow operation: 663ms so far, now at startProcess: starting to update pids map
09-02 01:03:15.243 14312 14312 W SystemServiceRegistry: No service published for: uimode
09-02 01:03:15.244  1513  1625 W ActivityManager: Slow operation: 665ms so far, now at startProcess: done updating pids map
09-02 01:03:15.245  1513  1625 W ActivityManager: Slow operation: 637ms so far, now at startProcess: asking zygote to start proc
09-02 01:03:15.245  1513  1625 D CompatibilityChangeReporter: Compat change id reported: 143937733; UID 10220; state: ENABLED
09-02 01:03:15.249 12863 12863 I cr_tabmodel: #isIncognitoTabBeingRestored from tabDetails:  false
09-02 01:03:15.249 12863 12863 I cr_tabmodel: #isIncognitoTabBeingRestored from tabDetails:  false
09-02 01:03:15.249 12863 12863 W cr_tabmodel: Failed to restore TabState; creating Tab with last known URL.
09-02 01:03:15.256 14312 14312 I cr_ChildProcessService: Creating new ChildProcessService pid=14312
09-02 01:03:15.256  1513  2571 D CompatibilityChangeReporter: Compat change id reported: 136274596; UID 10220; state: ENABLED
09-02 01:03:15.261  1513  3233 D CompatibilityChangeReporter: Compat change id reported: 135634846; UID 10220; state: DISABLED
09-02 01:03:15.261  1513  3233 D CompatibilityChangeReporter: Compat change id reported: 135754954; UID 10220; state: ENABLED
09-02 01:03:15.266 12863 12863 E cr_IntentUtils: getBooleanExtra failed on intent null
09-02 01:03:15.266 12863 12863 E cr_IntentUtils: getBooleanExtra failed on intent null
09-02 01:03:15.267 12913 12913 D Zygote  : Forked child process 14437
09-02 01:03:15.269 14312 14389 I cr_LibraryLoader: Using ModernLinker
09-02 01:03:15.272 14437 14437 E libc    : SetHeapTaggingLevel: re-enabling tagging after it was disabled is not supported
09-02 01:03:15.274 14312 14389 W linker  : Warning: "/data/app/~~_KLlx60MH8CoecPTjMKp8g==/com.android.chrome-kw9RHYrlHKb9bPXi8OTClw==/base.apk!/lib/arm64-v8a/libchromium_android_linker.so" unused DT entry: unknown processor-specific (type 0x70000001 arg 0x0) (ignoring)
09-02 01:03:15.275 14312 14389 E cr_ChromiumAndroidLinker: ReserveAddressWithHint: Address range starting at 0x7a39869000 was not free to use
09-02 01:03:15.277  1513  1625 W ActivityManager: Slow operation: 670ms so far, now at startProcess: returned from zygote!
09-02 01:03:15.277  1513  1625 W ActivityManager: Slow operation: 670ms so far, now at startProcess: done updating battery stats
09-02 01:03:15.277  1513  1625 W ActivityManager: Slow operation: 670ms so far, now at startProcess: building log message
09-02 01:03:15.277  1513  1625 I ActivityManager: Start proc 14437:com.android.chrome:sandboxed_process0:org.chromium.content.app.SandboxedProcessService0:47/u0ai47 for  {com.android.chrome/org.chromium.content.app.SandboxedProcessService0:47}
09-02 01:03:15.277  1513  1625 W ActivityManager: Slow operation: 670ms so far, now at startProcess: starting to update pids map
09-02 01:03:15.277  1513  1625 W ActivityManager: Slow operation: 670ms so far, now at startProcess: done updating pids map
09-02 01:03:15.278  1513  1625 W ActivityManager: Slow operation: 636ms so far, now at startProcess: asking zygote to start proc
09-02 01:03:15.278  1513  1625 D CompatibilityChangeReporter: Compat change id reported: 143937733; UID 10220; state: ENABLED
09-02 01:03:15.279 14437 14437 E cessService0:4: Not starting debugger since process cannot load the jdwp agent.
09-02 01:03:15.280 12863 12863 I cr_tabmodel: #isIncognitoTabBeingRestored from tabDetails:  false
09-02 01:03:15.280 12863 12863 I cr_tabmodel: #isIncognitoTabBeingRestored from tabDetails:  false
09-02 01:03:15.280 12863 12863 W cr_tabmodel: Failed to restore TabState; creating Tab with last known URL.
09-02 01:03:15.284 14312 14431 I cr_LibraryLoader: Successfully loaded native library
09-02 01:03:15.285 14312 14431 I cr_CachingUmaRecorder: Flushed 3 samples from 3 histograms.
09-02 01:03:15.296  1513  3233 D CompatibilityChangeReporter: Compat change id reported: 136274596; UID 10220; state: ENABLED
09-02 01:03:15.299  1513  3168 D CompatibilityChangeReporter: Compat change id reported: 135634846; UID 10220; state: DISABLED
09-02 01:03:15.299  1513  3168 D CompatibilityChangeReporter: Compat change id reported: 135754954; UID 10220; state: ENABLED
09-02 01:03:15.300 12863 12863 E cr_IntentUtils: getBooleanExtra failed on intent null
09-02 01:03:15.300 12863 12863 E cr_IntentUtils: getBooleanExtra failed on intent null
09-02 01:03:15.301 14408 14408 I LoadedApk: No resource references to update in package com.google.android.trichromelibrary
09-02 01:03:15.301 14408 14408 D NetworkSecurityConfig: Using Network Security Config from resource 0_resource_name_obfuscated debugBuild: false
09-02 01:03:15.302 14408 14408 D NetworkSecurityConfig: Using Network Security Config from resource 0_resource_name_obfuscated debugBuild: false
09-02 01:03:15.304 14408 14408 I cr_SplitCompatApp: Launched version=107.0.5304.91 minSdkVersion=29 isBundle=true processName=com.android.chrome:sandboxed_process0:org.chromium.content.app.SandboxedProcessService0:46 isIsolated=true
09-02 01:03:15.311 12863 12863 I cr_tabmodel: #isIncognitoTabBeingRestored from tabDetails:  false
09-02 01:03:15.311 12863 12863 I cr_tabmodel: #isIncognitoTabBeingRestored from tabDetails:  false
09-02 01:03:15.311 12863 12863 W cr_tabmodel: Failed to restore TabState; creating Tab with last known URL.
09-02 01:03:15.318 12913 12913 D Zygote  : Forked child process 14476
09-02 01:03:15.324 14476 14476 E libc    : SetHeapTaggingLevel: re-enabling tagging after it was disabled is not supported
09-02 01:03:15.325 14408 14408 W SystemServiceRegistry: No service published for: uimode
09-02 01:03:15.327  1513  1625 W ActivityManager: Slow operation: 685ms so far, now at startProcess: returned from zygote!
09-02 01:03:15.328  1513  1625 W ActivityManager: Slow operation: 687ms so far, now at startProcess: done updating battery stats
09-02 01:03:15.328  1513  1625 W ActivityManager: Slow operation: 687ms so far, now at startProcess: building log message
09-02 01:03:15.328  1513  1625 I ActivityManager: Start proc 14476:com.android.chrome:sandboxed_process0:org.chromium.content.app.SandboxedProcessService0:48/u0ai48 for  {com.android.chrome/org.chromium.content.app.SandboxedProcessService0:48}
09-02 01:03:15.328  1513  1625 W ActivityManager: Slow operation: 687ms so far, now at startProcess: starting to update pids map
09-02 01:03:15.330  1513  1625 W ActivityManager: Slow operation: 688ms so far, now at startProcess: done updating pids map
09-02 01:03:15.330  1513  1625 W ActivityManager: Slow operation: 657ms so far, now at startProcess: asking zygote to start proc
09-02 01:03:15.330  1513  1625 D CompatibilityChangeReporter: Compat change id reported: 143937733; UID 10220; state: ENABLED
09-02 01:03:15.330 14476 14476 E cessService0:4: Not starting debugger since process cannot load the jdwp agent.
09-02 01:03:15.331 12863 12863 E cr_IntentUtils: getBooleanExtra failed on intent null
09-02 01:03:15.331 12863 12863 E cr_IntentUtils: getBooleanExtra failed on intent null
09-02 01:03:15.338 14408 14408 I cr_ChildProcessService: Creating new ChildProcessService pid=14408
09-02 01:03:15.342 12863 12863 I cr_tabmodel: #isIncognitoTabBeingRestored from tabDetails:  false
09-02 01:03:15.342 12863 12863 I cr_tabmodel: #isIncognitoTabBeingRestored from tabDetails:  false
09-02 01:03:15.343 12863 12863 W cr_tabmodel: Failed to restore TabState; creating Tab with last known URL.
09-02 01:03:15.350  1513  3233 D CompatibilityChangeReporter: Compat change id reported: 136274596; UID 10220; state: ENABLED
09-02 01:03:15.353  1513  2264 D CompatibilityChangeReporter: Compat change id reported: 135634846; UID 10220; state: DISABLED
09-02 01:03:15.353  1513  2264 D CompatibilityChangeReporter: Compat change id reported: 135754954; UID 10220; state: ENABLED
09-02 01:03:15.358 14408 14436 I cr_LibraryLoader: Using ModernLinker
09-02 01:03:15.359 14437 14437 I LoadedApk: No resource references to update in package com.google.android.trichromelibrary
09-02 01:03:15.359 14408 14436 W linker  : Warning: "/data/app/~~_KLlx60MH8CoecPTjMKp8g==/com.android.chrome-kw9RHYrlHKb9bPXi8OTClw==/base.apk!/lib/arm64-v8a/libchromium_android_linker.so" unused DT entry: unknown processor-specific (type 0x70000001 arg 0x0) (ignoring)
09-02 01:03:15.359 14437 14437 D NetworkSecurityConfig: Using Network Security Config from resource 0_resource_name_obfuscated debugBuild: false
09-02 01:03:15.359 14408 14436 E cr_ChromiumAndroidLinker: ReserveAddressWithHint: Address range starting at 0x7a39869000 was not free to use
09-02 01:03:15.360 14437 14437 D NetworkSecurityConfig: Using Network Security Config from resource 0_resource_name_obfuscated debugBuild: false
09-02 01:03:15.360 12913 12913 D Zygote  : Forked child process 14518
09-02 01:03:15.361 12863 12863 E cr_IntentUtils: getBooleanExtra failed on intent null
09-02 01:03:15.361 12863 12863 E cr_IntentUtils: getBooleanExtra failed on intent null
09-02 01:03:15.362 14437 14437 I cr_SplitCompatApp: Launched version=107.0.5304.91 minSdkVersion=29 isBundle=true processName=com.android.chrome:sandboxed_process0:org.chromium.content.app.SandboxedProcessService0:47 isIsolated=true
09-02 01:03:15.362 14408 14514 I cr_LibraryLoader: Successfully loaded native library
09-02 01:03:15.362 14408 14514 I cr_CachingUmaRecorder: Flushed 3 samples from 3 histograms.
09-02 01:03:15.365 14518 14518 E libc    : SetHeapTaggingLevel: re-enabling tagging after it was disabled is not supported
09-02 01:03:15.373 12863 12863 I cr_tabmodel: #isIncognitoTabBeingRestored from tabDetails:  false
09-02 01:03:15.374 12863 12863 I cr_tabmodel: #isIncognitoTabBeingRestored from tabDetails:  false
09-02 01:03:15.374 12863 12863 W cr_tabmodel: Failed to restore TabState; creating Tab with last known URL.
09-02 01:03:15.376  1513  1625 W ActivityManager: Slow operation: 704ms so far, now at startProcess: returned from zygote!
09-02 01:03:15.377  1513  1625 W ActivityManager: Slow operation: 704ms so far, now at startProcess: done updating battery stats
09-02 01:03:15.377  1513  1625 W ActivityManager: Slow operation: 704ms so far, now at startProcess: building log message
09-02 01:03:15.377  1513  1625 I ActivityManager: Start proc 14518:com.android.chrome:sandboxed_process0:org.chromium.content.app.SandboxedProcessService0:49/u0ai49 for  {com.android.chrome/org.chromium.content.app.SandboxedProcessService0:49}
09-02 01:03:15.377  1513  1625 W ActivityManager: Slow operation: 704ms so far, now at startProcess: starting to update pids map
09-02 01:03:15.377  1513  1625 W ActivityManager: Slow operation: 705ms so far, now at startProcess: done updating pids map
09-02 01:03:15.377  1513  1625 W ActivityManager: Slow operation: 662ms so far, now at startProcess: asking zygote to start proc
09-02 01:03:15.377  1513  1625 D CompatibilityChangeReporter: Compat change id reported: 143937733; UID 10220; state: ENABLED
09-02 01:03:15.381 14437 14437 W SystemServiceRegistry: No service published for: uimode
09-02 01:03:15.389 14437 14437 I cr_ChildProcessService: Creating new ChildProcessService pid=14437
09-02 01:03:15.395 14437 14460 I cr_LibraryLoader: Using ModernLinker
09-02 01:03:15.400 12863 12863 E cr_IntentUtils: getBooleanExtra failed on intent null
09-02 01:03:15.400 12863 12863 E cr_IntentUtils: getBooleanExtra failed on intent null
09-02 01:03:15.403 14437 14460 W linker  : Warning: "/data/app/~~_KLlx60MH8CoecPTjMKp8g==/com.android.chrome-kw9RHYrlHKb9bPXi8OTClw==/base.apk!/lib/arm64-v8a/libchromium_android_linker.so" unused DT entry: unknown processor-specific (type 0x70000001 arg 0x0) (ignoring)
09-02 01:03:15.404 14437 14460 E cr_ChromiumAndroidLinker: ReserveAddressWithHint: Address range starting at 0x7a39869000 was not free to use
09-02 01:03:15.413 12863 12863 I cr_tabmodel: #isIncognitoTabBeingRestored from tabDetails:  false
09-02 01:03:15.414 12863 12863 I cr_tabmodel: #isIncognitoTabBeingRestored from tabDetails:  false
09-02 01:03:15.414 12863 12863 W cr_tabmodel: Failed to restore TabState; creating Tab with last known URL.
09-02 01:03:15.416 14518 14518 E cessService0:4: Not starting debugger since process cannot load the jdwp agent.
09-02 01:03:15.421 14437 14531 I cr_LibraryLoader: Successfully loaded native library
09-02 01:03:15.428 12913 12913 D Zygote  : Forked child process 14554
09-02 01:03:15.429  1513  1625 W ActivityManager: Slow operation: 714ms so far, now at startProcess: returned from zygote!
09-02 01:03:15.429 14437 14531 I cr_CachingUmaRecorder: Flushed 3 samples from 3 histograms.
09-02 01:03:15.429 14554 14554 E libc    : SetHeapTaggingLevel: re-enabling tagging after it was disabled is not supported
09-02 01:03:15.430 12863 12863 E cr_IntentUtils: getBooleanExtra failed on intent null
09-02 01:03:15.430  1513  1625 W ActivityManager: Slow operation: 715ms so far, now at startProcess: done updating battery stats
09-02 01:03:15.431 12863 12863 E cr_IntentUtils: getBooleanExtra failed on intent null
09-02 01:03:15.431  1513  1625 W ActivityManager: Slow operation: 715ms so far, now at startProcess: building log message
09-02 01:03:15.431  1513  1625 I ActivityManager: Start proc 14554:com.android.chrome:sandboxed_process0:org.chromium.content.app.SandboxedProcessService0:50/u0ai50 for  {com.android.chrome/org.chromium.content.app.SandboxedProcessService0:50}
09-02 01:03:15.431  1513  1625 W ActivityManager: Slow operation: 715ms so far, now at startProcess: starting to update pids map
09-02 01:03:15.431  1513  1625 W ActivityManager: Slow operation: 716ms so far, now at startProcess: done updating pids map
09-02 01:03:15.431  1513  1625 W ActivityManager: Slow operation: 681ms so far, now at startProcess: asking zygote to start proc
09-02 01:03:15.434 14476 14476 I LoadedApk: No resource references to update in package com.google.android.trichromelibrary
09-02 01:03:15.434 14476 14476 D NetworkSecurityConfig: Using Network Security Config from resource 0_resource_name_obfuscated debugBuild: false
09-02 01:03:15.436 14554 14554 E cessService0:5: Not starting debugger since process cannot load the jdwp agent.
09-02 01:03:15.436 14476 14476 D NetworkSecurityConfig: Using Network Security Config from resource 0_resource_name_obfuscated debugBuild: false
09-02 01:03:15.437 14476 14476 I cr_SplitCompatApp: Launched version=107.0.5304.91 minSdkVersion=29 isBundle=true processName=com.android.chrome:sandboxed_process0:org.chromium.content.app.SandboxedProcessService0:48 isIsolated=true
09-02 01:03:15.439 12863 12863 I cr_tabmodel: #isIncognitoTabBeingRestored from tabDetails:  false
09-02 01:03:15.439 12863 12863 I cr_tabmodel: #isIncognitoTabBeingRestored from tabDetails:  false
09-02 01:03:15.439 12863 12863 W cr_tabmodel: Failed to restore TabState; creating Tab with last known URL.
09-02 01:03:15.444  1513  3233 D CompatibilityChangeReporter: Compat change id reported: 136274596; UID 10220; state: ENABLED
09-02 01:03:15.450  1513  3168 D CompatibilityChangeReporter: Compat change id reported: 135634846; UID 10220; state: DISABLED
09-02 01:03:15.450  1513  3168 D CompatibilityChangeReporter: Compat change id reported: 135754954; UID 10220; state: ENABLED
09-02 01:03:15.451 12863 12863 E cr_IntentUtils: getBooleanExtra failed on intent null
09-02 01:03:15.451 12863 12863 E cr_IntentUtils: getBooleanExtra failed on intent null
09-02 01:03:15.456 12863 12863 I cr_tabmodel: #isIncognitoTabBeingRestored from tabDetails:  false
09-02 01:03:15.456 12863 12863 I cr_tabmodel: #isIncognitoTabBeingRestored from tabDetails:  false
09-02 01:03:15.456 12863 12863 W cr_tabmodel: Failed to restore TabState; creating Tab with last known URL.
09-02 01:03:15.464  1513  3233 D CompatibilityChangeReporter: Compat change id reported: 136274596; UID 10220; state: ENABLED
09-02 01:03:15.469 12863 12863 E cr_IntentUtils: getBooleanExtra failed on intent null
09-02 01:03:15.469 12863 12863 E cr_IntentUtils: getBooleanExtra failed on intent null
09-02 01:03:15.473 14476 14476 W SystemServiceRegistry: No service published for: uimode
09-02 01:03:15.474 12863 12863 I cr_tabmodel: #isIncognitoTabBeingRestored from tabDetails:  false
09-02 01:03:15.474 12863 12863 I cr_tabmodel: #isIncognitoTabBeingRestored from tabDetails:  false
09-02 01:03:15.474 12863 12863 W cr_tabmodel: Failed to restore TabState; creating Tab with last known URL.
09-02 01:03:15.477  1513  3168 D CompatibilityChangeReporter: Compat change id reported: 135634846; UID 10220; state: DISABLED
09-02 01:03:15.477  1513  3168 D CompatibilityChangeReporter: Compat change id reported: 135754954; UID 10220; state: ENABLED
09-02 01:03:15.484 14476 14476 I cr_ChildProcessService: Creating new ChildProcessService pid=14476
09-02 01:03:15.488 12863 12863 E cr_IntentUtils: getBooleanExtra failed on intent null
09-02 01:03:15.488 12863 12863 E cr_IntentUtils: getBooleanExtra failed on intent null
09-02 01:03:15.488 12913 12913 D Zygote  : Forked child process 14590
09-02 01:03:15.490  1513  1625 W ActivityManager: Slow operation: 739ms so far, now at startProcess: returned from zygote!
09-02 01:03:15.490  1513  1625 W ActivityManager: Slow operation: 740ms so far, now at startProcess: done updating battery stats
09-02 01:03:15.490  1513  1625 W ActivityManager: Slow operation: 740ms so far, now at startProcess: building log message
09-02 01:03:15.490  1513  1625 I ActivityManager: Start proc 14590:com.android.chrome:sandboxed_process0:org.chromium.content.app.SandboxedProcessService0:51/u0ai51 for  {com.android.chrome/org.chromium.content.app.SandboxedProcessService0:51}
09-02 01:03:15.490  1513  1625 W ActivityManager: Slow operation: 740ms so far, now at startProcess: starting to update pids map
09-02 01:03:15.490  1513  1625 W ActivityManager: Slow operation: 740ms so far, now at startProcess: done updating pids map
09-02 01:03:15.490  1513  1625 W ActivityManager: Slow operation: 701ms so far, now at startProcess: asking zygote to start proc
09-02 01:03:15.490  1513  1625 D CompatibilityChangeReporter: Compat change id reported: 143937733; UID 10220; state: ENABLED
09-02 01:03:15.493 12863 12863 I cr_tabmodel: #isIncognitoTabBeingRestored from tabDetails:  false
09-02 01:03:15.493 12863 12863 I cr_tabmodel: #isIncognitoTabBeingRestored from tabDetails:  false
09-02 01:03:15.493 12863 12863 W cr_tabmodel: Failed to restore TabState; creating Tab with last known URL.
09-02 01:03:15.494 14518 14518 I LoadedApk: No resource references to update in package com.google.android.trichromelibrary
09-02 01:03:15.494 14518 14518 D NetworkSecurityConfig: Using Network Security Config from resource 0_resource_name_obfuscated debugBuild: false
09-02 01:03:15.495 14518 14518 D NetworkSecurityConfig: Using Network Security Config from resource 0_resource_name_obfuscated debugBuild: false
09-02 01:03:15.497 14476 14523 I cr_LibraryLoader: Using ModernLinker
09-02 01:03:15.497 14518 14518 I cr_SplitCompatApp: Launched version=107.0.5304.91 minSdkVersion=29 isBundle=true processName=com.android.chrome:sandboxed_process0:org.chromium.content.app.SandboxedProcessService0:49 isIsolated=true
09-02 01:03:15.499 14476 14523 W linker  : Warning: "/data/app/~~_KLlx60MH8CoecPTjMKp8g==/com.android.chrome-kw9RHYrlHKb9bPXi8OTClw==/base.apk!/lib/arm64-v8a/libchromium_android_linker.so" unused DT entry: unknown processor-specific (type 0x70000001 arg 0x0) (ignoring)
09-02 01:03:15.500 14476 14523 E cr_ChromiumAndroidLinker: ReserveAddressWithHint: Address range starting at 0x7a39869000 was not free to use
09-02 01:03:15.504 12863 12863 E cr_IntentUtils: getBooleanExtra failed on intent null
09-02 01:03:15.504 12863 12863 E cr_IntentUtils: getBooleanExtra failed on intent null
09-02 01:03:15.507 12863 12863 I cr_tabmodel: #isIncognitoTabBeingRestored from tabDetails:  false
09-02 01:03:15.507 12863 12863 I cr_tabmodel: #isIncognitoTabBeingRestored from tabDetails:  false
09-02 01:03:15.508 12863 12863 W cr_tabmodel: Failed to restore TabState; creating Tab with last known URL.
09-02 01:03:15.508 14476 14589 I cr_LibraryLoader: Successfully loaded native library
09-02 01:03:15.509 14476 14589 I cr_CachingUmaRecorder: Flushed 3 samples from 3 histograms.
09-02 01:03:15.511 14590 14590 E libc    : SetHeapTaggingLevel: re-enabling tagging after it was disabled is not supported
09-02 01:03:15.514 14518 14518 W SystemServiceRegistry: No service published for: uimode
09-02 01:03:15.519 12913 12913 D Zygote  : Forked child process 14600
09-02 01:03:15.519 12863 12863 E cr_IntentUtils: getBooleanExtra failed on intent null
09-02 01:03:15.519 12863 12863 E cr_IntentUtils: getBooleanExtra failed on intent null
09-02 01:03:15.520  1513  1625 W ActivityManager: Slow operation: 731ms so far, now at startProcess: returned from zygote!
09-02 01:03:15.521  1513  1625 W ActivityManager: Slow operation: 732ms so far, now at startProcess: done updating battery stats
09-02 01:03:15.522  1513  1625 W ActivityManager: Slow operation: 732ms so far, now at startProcess: building log message
09-02 01:03:15.522  1513  1625 I ActivityManager: Start proc 14600:com.android.chrome:sandboxed_process0:org.chromium.content.app.SandboxedProcessService0:52/u0ai52 for  {com.android.chrome/org.chromium.content.app.SandboxedProcessService0:52}
09-02 01:03:15.522  1513  1625 W ActivityManager: Slow operation: 732ms so far, now at startProcess: starting to update pids map
09-02 01:03:15.523  1513  1625 W ActivityManager: Slow operation: 733ms so far, now at startProcess: done updating pids map
09-02 01:03:15.523  1513  1625 W ActivityManager: Slow operation: 700ms so far, now at startProcess: asking zygote to start proc
09-02 01:03:15.523 12863 12863 I cr_tabmodel: #isIncognitoTabBeingRestored from tabDetails:  false
09-02 01:03:15.523 12863 12863 I cr_tabmodel: #isIncognitoTabBeingRestored from tabDetails:  false
09-02 01:03:15.524 12863 12863 W cr_tabmodel: Failed to restore TabState; creating Tab with last known URL.
09-02 01:03:15.526 14518 14518 I cr_ChildProcessService: Creating new ChildProcessService pid=14518
09-02 01:03:15.526 14590 14590 E cessService0:5: Not starting debugger since process cannot load the jdwp agent.
09-02 01:03:15.528 14554 14554 I LoadedApk: No resource references to update in package com.google.android.trichromelibrary
09-02 01:03:15.529 14554 14554 D NetworkSecurityConfig: Using Network Security Config from resource 0_resource_name_obfuscated debugBuild: false
09-02 01:03:15.530 14554 14554 D NetworkSecurityConfig: Using Network Security Config from resource 0_resource_name_obfuscated debugBuild: false
09-02 01:03:15.532 14554 14554 I cr_SplitCompatApp: Launched version=107.0.5304.91 minSdkVersion=29 isBundle=true processName=com.android.chrome:sandboxed_process0:org.chromium.content.app.SandboxedProcessService0:50 isIsolated=true
09-02 01:03:15.533 14600 14600 E libc    : SetHeapTaggingLevel: re-enabling tagging after it was disabled is not supported
09-02 01:03:15.535 12863 12863 E cr_IntentUtils: getBooleanExtra failed on intent null
09-02 01:03:15.535 12863 12863 E cr_IntentUtils: getBooleanExtra failed on intent null
09-02 01:03:15.539 12863 12863 I cr_tabmodel: #isIncognitoTabBeingRestored from tabDetails:  false
09-02 01:03:15.539 12863 12863 I cr_tabmodel: #isIncognitoTabBeingRestored from tabDetails:  false
09-02 01:03:15.539 12863 12863 W cr_tabmodel: Failed to restore TabState; creating Tab with last known URL.
09-02 01:03:15.549 14600 14600 E cessService0:5: Not starting debugger since process cannot load the jdwp agent.
09-02 01:03:15.550 12863 12863 E cr_IntentUtils: getBooleanExtra failed on intent null
09-02 01:03:15.550 12863 12863 E cr_IntentUtils: getBooleanExtra failed on intent null
09-02 01:03:15.554  1513  2571 D CompatibilityChangeReporter: Compat change id reported: 136274596; UID 10220; state: ENABLED
09-02 01:03:15.555 12863 12863 I cr_tabmodel: #isIncognitoTabBeingRestored from tabDetails:  false
09-02 01:03:15.555 12863 12863 I cr_tabmodel: #isIncognitoTabBeingRestored from tabDetails:  false
09-02 01:03:15.555 12863 12863 W cr_tabmodel: Failed to restore TabState; creating Tab with last known URL.
09-02 01:03:15.556 14554 14554 W SystemServiceRegistry: No service published for: uimode
09-02 01:03:15.559  1513  2264 D CompatibilityChangeReporter: Compat change id reported: 135634846; UID 10220; state: DISABLED
09-02 01:03:15.559  1513  2264 D CompatibilityChangeReporter: Compat change id reported: 135754954; UID 10220; state: ENABLED
09-02 01:03:15.563 12913 12913 D Zygote  : Forked child process 14633
09-02 01:03:15.564  1513  1625 W ActivityManager: Slow operation: 741ms so far, now at startProcess: returned from zygote!
09-02 01:03:15.565  1513  1625 W ActivityManager: Slow operation: 741ms so far, now at startProcess: done updating battery stats
09-02 01:03:15.565  1513  1625 W ActivityManager: Slow operation: 741ms so far, now at startProcess: building log message
09-02 01:03:15.565  1513  1625 I ActivityManager: Start proc 14633:com.android.chrome:sandboxed_process0:org.chromium.content.app.SandboxedProcessService0:53/u0ai53 for  {com.android.chrome/org.chromium.content.app.SandboxedProcessService0:53}
09-02 01:03:15.565  1513  1625 W ActivityManager: Slow operation: 741ms so far, now at startProcess: starting to update pids map
09-02 01:03:15.565  1513  1625 W ActivityManager: Slow operation: 742ms so far, now at startProcess: done updating pids map
09-02 01:03:15.565  1513  1625 W ActivityManager: Slow operation: 686ms so far, now at startProcess: asking zygote to start proc
09-02 01:03:15.565  1513  1625 D CompatibilityChangeReporter: Compat change id reported: 143937733; UID 10220; state: ENABLED
09-02 01:03:15.567 12863 12863 E cr_IntentUtils: getBooleanExtra failed on intent null
09-02 01:03:15.567 12863 12863 E cr_IntentUtils: getBooleanExtra failed on intent null
09-02 01:03:15.570 14633 14633 E libc    : SetHeapTaggingLevel: re-enabling tagging after it was disabled is not supported
09-02 01:03:15.573 12863 12863 I cr_tabmodel: #isIncognitoTabBeingRestored from tabDetails:  false
09-02 01:03:15.573 12863 12863 I cr_tabmodel: #isIncognitoTabBeingRestored from tabDetails:  false
09-02 01:03:15.573 12863 12863 W cr_tabmodel: Failed to restore TabState; creating Tab with last known URL.
09-02 01:03:15.578 14633 14633 E cessService0:5: Not starting debugger since process cannot load the jdwp agent.
09-02 01:03:15.578 14554 14554 I cr_ChildProcessService: Creating new ChildProcessService pid=14554
09-02 01:03:15.579 14518 14578 I cr_LibraryLoader: Using ModernLinker
09-02 01:03:15.585 14590 14590 I LoadedApk: No resource references to update in package com.google.android.trichromelibrary
09-02 01:03:15.585 14590 14590 D NetworkSecurityConfig: Using Network Security Config from resource 0_resource_name_obfuscated debugBuild: false
09-02 01:03:15.586 14518 14578 W linker  : Warning: "/data/app/~~_KLlx60MH8CoecPTjMKp8g==/com.android.chrome-kw9RHYrlHKb9bPXi8OTClw==/base.apk!/lib/arm64-v8a/libchromium_android_linker.so" unused DT entry: unknown processor-specific (type 0x70000001 arg 0x0) (ignoring)
09-02 01:03:15.586  1513  2264 D CompatibilityChangeReporter: Compat change id reported: 136274596; UID 10220; state: ENABLED
09-02 01:03:15.587 12863 12863 E cr_IntentUtils: getBooleanExtra failed on intent null
09-02 01:03:15.587 12863 12863 E cr_IntentUtils: getBooleanExtra failed on intent null
09-02 01:03:15.588 14518 14578 E cr_ChromiumAndroidLinker: ReserveAddressWithHint: Address range starting at 0x7a39869000 was not free to use
09-02 01:03:15.593 14590 14590 D NetworkSecurityConfig: Using Network Security Config from resource 0_resource_name_obfuscated debugBuild: false
09-02 01:03:15.593 14590 14590 I cr_SplitCompatApp: Launched version=107.0.5304.91 minSdkVersion=29 isBundle=true processName=com.android.chrome:sandboxed_process0:org.chromium.content.app.SandboxedProcessService0:51 isIsolated=true
09-02 01:03:15.595 12863 12863 I cr_tabmodel: #isIncognitoTabBeingRestored from tabDetails:  false
09-02 01:03:15.595 12863 12863 I cr_tabmodel: #isIncognitoTabBeingRestored from tabDetails:  false
09-02 01:03:15.595 12863 12863 W cr_tabmodel: Failed to restore TabState; creating Tab with last known URL.
09-02 01:03:15.595 14518 14607 I cr_LibraryLoader: Successfully loaded native library
09-02 01:03:15.599 14518 14607 I cr_CachingUmaRecorder: Flushed 3 samples from 3 histograms.
