09-02 01:01:45.972  9146 12296 I BatteryMgr:DataCollectionService: stats => 1693609305972,-75683,4398
09-02 01:01:45.978  2446  4456 D QCNEJ/WlanStaInfoRelay: Received action: android.net.wifi.RSSI_CHANGED
09-02 01:01:45.978  2446  4456 I QCNEJ/NativeHalConnector: -> SND notifyWlanStaStatusChanged([WlanStaInfo]: wifiSwitchState = 1 rssi = -56 ssid = WiFi 69 bssid = 76:4d:28:12:bf:83 dnsInfo = 192.168.88.1;8.8.8.8;0.0.0.0;0.0.0.0; freqBand = _2GHz countryCode = nl[RatInfo]: networkType = 1 subType = 101 networkState = CONNECTED netHdl = 432902426637 ipAddrV4 = 192.168.88.174 ipAddrV6 =  ifNameV4 = wlan0 ifNameV6 =  slotIdx = 0 isAndroidValidated = true) timeStamp = 2023-09-02 01:01:45.978
09-02 01:01:45.979  4371  4416 D PowerManagerPoller: Downlink cellular capacity updated to 59125 Kbps
09-02 01:01:45.985  8855  8930 I CarrierServices: [11703] gko.c: Connected state: [1], networkType: [WIFI]
09-02 01:01:45.985  1513  2000 D ConnectivityService: NetReassign [no changes]
09-02 01:01:45.985  8855  8928 I CarrierServices: [11702] hbe.handleMessage: RcsEngineImpl[DUAL_REG]:[31697964-3ba3]>Handler: handleMessage processing message:[NOTIFY_UPTIME_IGNORE_STATE_CHANGED] with [non-null]:RcsEngineImpl reference
09-02 01:01:45.993  2474  2670 E PhoneInterfaceManager: [PhoneIntfMgr] getCarrierPrivilegeStatus: Invalid subId
09-02 01:01:45.993  8855  8928 I CarrierServices: [11702] gyk.h: RCS Configuration storage in Bugle is disabled by p/h flag, using ProvisioningEngineStateCacheUtil.getProvisioningConfigurationForGivenSimIfExist()
09-02 01:01:45.995   901  2806 I sensors-hal: [ssc_utils]get_qmi_debug_flag:244, support_qmi_debug : false
09-02 01:01:46.007   901  1000 W ASH     : @ 54492.458: Unhandled msg ID 999: line 1277
09-02 01:01:46.007   901  1000 E ASH     : @ 54492.458: No pb callback assigned
09-02 01:01:46.007   901  1000 E ASH     : @ 54492.458: Nanopb error: callback failed:1588
09-02 01:01:46.059  1513  1513 D NotificationService: 0|com.example.batterymanager_utility|1|null|10260: granting content://settings/system/notification_sound
09-02 01:01:46.060  1513  1513 I chatty  : uid=1000(system) Binder:1513_3 identical 3 lines
09-02 01:01:46.060  1513  1513 D NotificationService: 0|com.example.batterymanager_utility|1|null|10260: granting content://settings/system/notification_sound
09-02 01:01:46.061  1513  1513 W NotificationHistory: Attempted to add notif for locked/gone/disabled user 0
09-02 01:01:46.066  2062  2062 D InterruptionStateProvider: No bubble up: not allowed to bubble: 0|com.example.batterymanager_utility|1|null|10260
09-02 01:01:46.067  2062  2062 D InterruptionStateProvider: No heads up: unimportant notification: 0|com.example.batterymanager_utility|1|null|10260
09-02 01:01:46.075  9146 12296 I BatteryMgr:DataCollectionService: stats => 1693609306075,-232238,4398
09-02 01:01:46.083   901  2806 I sensors-hal: [ssc_utils]get_qmi_debug_flag:244, support_qmi_debug : false
09-02 01:01:46.090   901  1000 W ASH     : @ 54492.541: Unhandled msg ID 999: line 1277
09-02 01:01:46.090   901  1000 E ASH     : @ 54492.541: No pb callback assigned
09-02 01:01:46.090   901  1000 E ASH     : @ 54492.541: Nanopb error: callback failed:1588
09-02 01:01:46.113   901  2806 I sensors-hal: [ssc_utils]get_qmi_debug_flag:244, support_qmi_debug : false
09-02 01:01:46.127   901  1000 W ASH     : @ 54492.578: Unhandled msg ID 999: line 1277
09-02 01:01:46.127   901  1000 E ASH     : @ 54492.578: No pb callback assigned
09-02 01:01:46.127   901  1000 E ASH     : @ 54492.578: Nanopb error: callback failed:1588
09-02 01:01:46.178  9146 12296 I BatteryMgr:DataCollectionService: stats => 1693609306178,7324,4398
09-02 01:01:46.282  9146 12296 I BatteryMgr:DataCollectionService: stats => 1693609306282,3051,4398
09-02 01:01:46.327   901  1000 D VSC     : @ 54492.778: [WO] tilt angle 87
09-02 01:01:46.385  9146 12296 I BatteryMgr:DataCollectionService: stats => 1693609306385,10681,4398
09-02 01:01:46.463   901  2806 I sensors-hal: [ssc_utils]get_qmi_debug_flag:244, support_qmi_debug : false
09-02 01:01:46.487   901  1000 W ASH     : @ 54492.938: Unhandled msg ID 999: line 1277
09-02 01:01:46.487   901  1000 E ASH     : @ 54492.938: No pb callback assigned
09-02 01:01:46.487   901  1000 E ASH     : @ 54492.938: Nanopb error: callback failed:1588
09-02 01:01:46.489  9146 12296 I BatteryMgr:DataCollectionService: stats => 1693609306489,11596,4398
09-02 01:01:46.522   901  2806 I sensors-hal: [ssc_utils]get_qmi_debug_flag:244, support_qmi_debug : false
09-02 01:01:46.527   594   655 I SDM     : HWDeviceDRM::UpdateMixerAttributes: Mixer WxH 1080x2340-1 for Peripheral
09-02 01:01:46.527   594   655 I SDM     : DisplayBase::SetActiveConfig: Active configuration changed to: 0
09-02 01:01:46.527   594   655 I SDM     : StrategyImpl::SetIdleTimeoutMs: Idle timeout set to zero for command mode panels
09-02 01:01:46.532   901  2806 I sensors-hal: [ssc_utils]get_qmi_debug_flag:244, support_qmi_debug : false
09-02 01:01:46.536   901  1000 W ASH     : @ 54492.987: Unhandled msg ID 999: line 1277
09-02 01:01:46.536   901  1000 E ASH     : @ 54492.987: No pb callback assigned
09-02 01:01:46.536   901  1000 E ASH     : @ 54492.987: Nanopb error: callback failed:1588
09-02 01:01:46.548  1513  1572 I DisplayManagerService: Display device changed: DisplayDeviceInfo{"Built-in Screen": uniqueId="local:19260504575090817", 1080 x 2340, modeId 2, defaultModeId 2, supportedModes [{id=1, width=1080, height=2340, fps=90.0}, {id=2, width=1080, height=2340, fps=60.000004}], colorMode 0, supportedColorModes [0, 7, 9], HdrCapabilities HdrCapabilities{mSupportedHdrTypes=[2, 3, 4], mMaxLuminance=500.0, mMaxAverageLuminance=500.0, mMinLuminance=0.0}, allmSupported false, gameContentTypeSupported false, density 440, 435.428 x 433.839 dpi, appVsyncOff 2333332, presDeadline 11500000, cutout DisplayCutout{insets=Rect(0, 136 - 0, 0) waterfall=Insets{left=0, top=0, right=0, bottom=0} boundingRect={Bounds=[Rect(0, 0 - 0, 0), Rect(0, 0 - 136, 136), Rect(0, 0 - 0, 0), Rect(0, 0 - 0, 0)]}}, touch INTERNAL, rotation 0, type INTERNAL, address {port=129, model=0x446d53ad64a0}, deviceProductInfo DeviceProductInfo{name=, manufacturerPnpId=QCM, productId=1, modelYear=null, manufactureDate=ManufactureDate{week=27, year=2006}, relativeAddress=null}, state ON, FLAG_DEFAULT_DISPLAY, FLAG_ROTATES_WITH_CONTENT, FLAG_SECURE, FLAG_SUPPORTS_PROTECTED_BUFFERS}
09-02 01:01:46.549   594   655 I SDM     : StrategyImpl::SetIdleTimeoutMs: Idle timeout set to zero for command mode panels
09-02 01:01:46.572   901  1000 W ASH     : @ 54493.018: Unhandled msg ID 999: line 1277
09-02 01:01:46.572   901  1000 E ASH     : @ 54493.018: No pb callback assigned
09-02 01:01:46.572   901  1000 E ASH     : @ 54493.018: Nanopb error: callback failed:1588
09-02 01:01:46.592  9146 12296 I BatteryMgr:DataCollectionService: stats => 1693609306592,9765,4398
09-02 01:01:46.695  9146 12296 I BatteryMgr:DataCollectionService: stats => 1693609306695,9155,4398
09-02 01:01:46.799  9146 12296 I BatteryMgr:DataCollectionService: stats => 1693609306799,7629,4398
09-02 01:01:46.903  9146 12296 I BatteryMgr:DataCollectionService: stats => 1693609306903,6408,4398
09-02 01:01:47.007  9146 12296 I BatteryMgr:DataCollectionService: stats => 1693609307007,8239,4398
09-02 01:01:47.111  9146 12296 I BatteryMgr:DataCollectionService: stats => 1693609307111,9155,4398
09-02 01:01:47.196  2062 14994 D PowerUI : can't show warning due to - plugged: true status unknown: false
09-02 01:01:47.196  2410  2410 D DeviceStatisticsService: chargerType=2 batteryLevel=100 totalBatteryCapacity=4127300
09-02 01:01:47.196  2410  2410 D DeviceInfoHidlClient: isPowerInfoNeverSent()=true
09-02 01:01:47.196  2410  2410 D DeviceInfoHidlClient: getPowerInfoSupportStatus()=-1
09-02 01:01:47.216  9146 12296 I BatteryMgr:DataCollectionService: stats => 1693609307215,9155,4396
09-02 01:01:47.319  9146 12296 I BatteryMgr:DataCollectionService: stats => 1693609307319,13732,4396
09-02 01:01:47.423  9146 12296 I BatteryMgr:DataCollectionService: stats => 1693609307422,-136108,4396
09-02 01:01:47.526  9146 12296 I BatteryMgr:DataCollectionService: stats => 1693609307526,6408,4396
09-02 01:01:47.630  9146 12296 I BatteryMgr:DataCollectionService: stats => 1693609307630,6713,4396
09-02 01:01:47.638  1513  1536 W UriGrantsManagerService: No permission grants found for com.google.android.apps.photos
09-02 01:01:47.734  9146 12296 I BatteryMgr:DataCollectionService: stats => 1693609307733,8544,4396
09-02 01:01:47.735  1513  1536 I chatty  : uid=1000(system) Binder:1513_1 identical 4 lines
09-02 01:01:47.735  1513  1536 W UriGrantsManagerService: No permission grants found for com.google.android.apps.photos
09-02 01:01:47.838  9146 12296 I BatteryMgr:DataCollectionService: stats => 1693609307838,4882,4396
09-02 01:01:47.943  9146 12296 I BatteryMgr:DataCollectionService: stats => 1693609307943,10070,4396
09-02 01:01:48.047  9146 12296 I BatteryMgr:DataCollectionService: stats => 1693609308047,-16784,4396
09-02 01:01:48.152  9146 12296 I BatteryMgr:DataCollectionService: stats => 1693609308152,5187,4396
09-02 01:01:48.258  9146 12296 I BatteryMgr:DataCollectionService: stats => 1693609308258,25939,4396
09-02 01:01:48.327   901  1000 D VSC     : @ 54494.778: [WO] tilt angle 87
09-02 01:01:48.362  9146 12296 I BatteryMgr:DataCollectionService: stats => 1693609308362,16784,4396
09-02 01:01:48.467  9146 12296 I BatteryMgr:DataCollectionService: stats => 1693609308467,4577,4396
09-02 01:01:48.571  9146 12296 I BatteryMgr:DataCollectionService: stats => 1693609308571,-5187,4396
09-02 01:01:48.675  9146 12296 I BatteryMgr:DataCollectionService: stats => 1693609308675,33874,4396
09-02 01:01:48.780  9146 12296 I BatteryMgr:DataCollectionService: stats => 1693609308780,10375,4396
09-02 01:01:48.887  9146 12296 I BatteryMgr:DataCollectionService: stats => 1693609308887,10986,4396
09-02 01:01:48.991  9146 12296 I BatteryMgr:DataCollectionService: stats => 1693609308991,16784,4396
09-02 01:01:48.992  1513  2000 D ConnectivityService: NetReassign [no changes]
09-02 01:01:49.095  9146 12296 I BatteryMgr:DataCollectionService: stats => 1693609309095,-8544,4396
09-02 01:01:49.200  9146 12296 I BatteryMgr:DataCollectionService: stats => 1693609309199,23498,4396
09-02 01:01:49.306  9146 12296 I BatteryMgr:DataCollectionService: stats => 1693609309306,7019,4396
09-02 01:01:49.413  9146 12296 I BatteryMgr:DataCollectionService: stats => 1693609309412,10375,4396
09-02 01:01:49.520  9146 12296 I BatteryMgr:DataCollectionService: stats => 1693609309520,7629,4396
09-02 01:01:49.627  9146 12296 I BatteryMgr:DataCollectionService: stats => 1693609309626,8239,4396
09-02 01:01:49.733  9146 12296 I BatteryMgr:DataCollectionService: stats => 1693609309733,10681,4396
09-02 01:01:49.839  9146 12296 I BatteryMgr:DataCollectionService: stats => 1693609309838,13732,4396
09-02 01:01:49.945  9146 12296 I BatteryMgr:DataCollectionService: stats => 1693609309945,12207,4396
09-02 01:01:49.969  9499  9499 D BoundBrokerSvc: onUnbind: Intent { act=com.google.android.gms.inappreach.service.START dat=chimera-action: cmp=com.google.android.gms/.chimera.GmsApiService }
09-02 01:01:50.051  9146 12296 I BatteryMgr:DataCollectionService: stats => 1693609310051,-1525,4396
09-02 01:01:50.157  9146 12296 I BatteryMgr:DataCollectionService: stats => 1693609310157,-610,4396
09-02 01:01:50.264  9146 12296 I BatteryMgr:DataCollectionService: stats => 1693609310264,11291,4396
09-02 01:01:50.305   901  1000 D VSC     : @ 54496.756: [WO] tilt angle 87
09-02 01:01:50.326  9624  9761 E A       : (REDACTED) Trace %s timed out after %d ms. Complete trace: %s
09-02 01:01:50.326  9624  9761 E A       : com.google.apps.tiktok.tracing.fi: 
09-02 01:01:50.326  9624  9761 E A       : 	at tk_trace.Write com.google.android.libraries.search.googleapp.incognito#com.google.android.googlequicksearchbox(Started After:0)
09-02 01:01:50.326  9624  9761 E A       : 	at tk_trace.Update com.google.android.libraries.search.googleapp.incognito#com.google.android.googlequicksearchbox(Started After:0)
09-02 01:01:50.326  9624  9761 E A       : 	at tk_trace.ConsistencyTierState.setNewValues(Started After:0)
09-02 01:01:50.326  9624  9761 E A       : 	at tk_trace.Fetching experiments for device(Started After:0)
09-02 01:01:50.326  9624  9761 E A       : 	at tk_trace.AgsaLegacySpecialAssistantExperienceProvider(Started After:0)
09-02 01:01:50.326  9624  9761 E A       : 	at tk_trace.Startup Listeners(Started After:0)
09-02 01:01:50.326  9624  9761 E A       : 	at tk_trace.Application.onCreate(Started After:0)
09-02 01:01:50.326  9624  9761 E A       : 	at tk_trace.Application creation(Started After:0)
09-02 01:01:50.328  9624  9760 E A       : (REDACTED) Trace %s timed out after %d ms. Complete trace: %s
09-02 01:01:50.328  9624  9760 E A       : com.google.apps.tiktok.tracing.fi: 
09-02 01:01:50.328  9624  9760 E A       : 	at tk_trace.Query: SELECT response_data, write_ms FROM cache_table WHERE request_data=?(Started After:0)
09-02 01:01:50.328  9624  9760 E A       : 	at tk_trace.Transaction(Started After:0)
09-02 01:01:50.328  9624  9760 E A       : 	at tk_trace.PersistentByteStoreInstaller.storeDidFault(Started After:0)
09-02 01:01:50.329  9624  9762 E A       : (REDACTED) Trace %s timed out after %d ms. Complete trace: %s
09-02 01:01:50.329  9624  9762 E A       : com.google.apps.tiktok.tracing.fi: 
09-02 01:01:50.329  9624  9762 E A       : 	at tk_trace.SubscriptionCallbacks.onNewData(Started After:0)
09-02 01:01:50.329  9624  9762 E A       : 	at tk_trace.OverlayBinder.setActivityState(Started After:0)
09-02 01:01:50.329  9624  9762 E A       : 	at tk_trace.Invoking OverlayBinder(Started After:0)
09-02 01:01:50.370  9146 12296 I BatteryMgr:DataCollectionService: stats => 1693609310370,-6103,4396
09-02 01:01:50.476  9146 12296 I BatteryMgr:DataCollectionService: stats => 1693609310476,0,4396
09-02 01:01:50.583  9146 12296 I BatteryMgr:DataCollectionService: stats => 1693609310583,9765,4396
09-02 01:01:50.689  9146 12296 I BatteryMgr:DataCollectionService: stats => 1693609310689,-305,4396
09-02 01:01:50.795  9146 12296 I BatteryMgr:DataCollectionService: stats => 1693609310795,10070,4396
09-02 01:01:50.902  9146 12296 I BatteryMgr:DataCollectionService: stats => 1693609310902,7324,4396
09-02 01:01:51.008  9146 12296 I BatteryMgr:DataCollectionService: stats => 1693609311008,7934,4396
09-02 01:01:51.120  9146 12296 I BatteryMgr:DataCollectionService: stats => 1693609311120,13122,4396
09-02 01:01:51.227  9146 12296 I BatteryMgr:DataCollectionService: stats => 1693609311226,6103,4396
09-02 01:01:51.320  9207  9207 E cr_BTSPrefs: No data found for task id: 56
09-02 01:01:51.320  9207  9207 E cr_BkgrdTaskScheduler: Task cannot be canceled because no data was found instorage or data was invalid
09-02 01:01:51.333  9146 12296 I BatteryMgr:DataCollectionService: stats => 1693609311333,15563,4396
09-02 01:01:51.439  9146 12296 I BatteryMgr:DataCollectionService: stats => 1693609311439,21667,4396
09-02 01:01:51.546  9146 12296 I BatteryMgr:DataCollectionService: stats => 1693609311545,19226,4396
09-02 01:01:51.652  9146 12296 I BatteryMgr:DataCollectionService: stats => 1693609311652,27465,4396
09-02 01:01:51.758  9146 12296 I BatteryMgr:DataCollectionService: stats => 1693609311758,7629,4396
09-02 01:01:51.799  1513  4618 I ActivityTaskManager: START u0 {act=android.intent.action.VIEW dat=http://192.168.88.177:8000/... flg=0x10000000 cmp=com.android.chrome/com.google.android.apps.chrome.Main} from uid 2000
09-02 01:01:51.799  1513  1572 D EventSequenceValidator: Transition from ACTIVITY_FINISHED to INTENT_STARTED
09-02 01:01:51.803  1513  1572 D EventSequenceValidator: Transition from INTENT_STARTED to INTENT_FAILED
09-02 01:01:51.821  9207  9207 E cr_IntentUtils: getInt failed on bundle null
09-02 01:01:51.825   594   655 I SDM     : HWDeviceDRM::UpdateMixerAttributes: Mixer WxH 1080x2340-1 for Peripheral
09-02 01:01:51.825   594   655 I SDM     : DisplayBase::SetActiveConfig: Active configuration changed to: 1
09-02 01:01:51.825   594   655 I SDM     : StrategyImpl::SetIdleTimeoutMs: Idle timeout set to zero for command mode panels
09-02 01:01:51.829  1513  1572 I DisplayManagerService: Display device changed: DisplayDeviceInfo{"Built-in Screen": uniqueId="local:19260504575090817", 1080 x 2340, modeId 1, defaultModeId 2, supportedModes [{id=1, width=1080, height=2340, fps=90.0}, {id=2, width=1080, height=2340, fps=60.000004}], colorMode 0, supportedColorModes [0, 7, 9], HdrCapabilities HdrCapabilities{mSupportedHdrTypes=[2, 3, 4], mMaxLuminance=500.0, mMaxAverageLuminance=500.0, mMinLuminance=0.0}, allmSupported false, gameContentTypeSupported false, density 440, 435.428 x 433.839 dpi, appVsyncOff 2333333, presDeadline 11500000, cutout DisplayCutout{insets=Rect(0, 136 - 0, 0) waterfall=Insets{left=0, top=0, right=0, bottom=0} boundingRect={Bounds=[Rect(0, 0 - 0, 0), Rect(0, 0 - 136, 136), Rect(0, 0 - 0, 0), Rect(0, 0 - 0, 0)]}}, touch INTERNAL, rotation 0, type INTERNAL, address {port=129, model=0x446d53ad64a0}, deviceProductInfo DeviceProductInfo{name=, manufacturerPnpId=QCM, productId=1, modelYear=null, manufactureDate=ManufactureDate{week=27, year=2006}, relativeAddress=null}, state ON, FLAG_DEFAULT_DISPLAY, FLAG_ROTATES_WITH_CONTENT, FLAG_SECURE, FLAG_SUPPORTS_PROTECTED_BUFFERS}
09-02 01:01:51.829   901  2806 I sensors-hal: [ssc_utils]get_qmi_debug_flag:244, support_qmi_debug : false
09-02 01:01:51.841  1513  2262 D CompatibilityChangeReporter: Compat change id reported: 135634846; UID 10220; state: DISABLED
09-02 01:01:51.841  1513  2262 D CompatibilityChangeReporter: Compat change id reported: 135754954; UID 10220; state: ENABLED
09-02 01:01:51.842  1513  1625 D CompatibilityChangeReporter: Compat change id reported: 143937733; UID 10220; state: ENABLED
09-02 01:01:51.847   901  1000 W ASH     : @ 54498.298: Unhandled msg ID 999: line 1277
09-02 01:01:51.847   901  1000 E ASH     : @ 54498.298: No pb callback assigned
09-02 01:01:51.847   901  1000 E ASH     : @ 54498.298: Nanopb error: callback failed:1588
09-02 01:01:51.860  5582  5582 D Zygote  : Forked child process 12441
09-02 01:01:51.863 12441 12441 E libc    : SetHeapTaggingLevel: re-enabling tagging after it was disabled is not supported
09-02 01:01:51.863  9146 12296 I BatteryMgr:DataCollectionService: stats => 1693609311863,7629,4396
09-02 01:01:51.867  1513  1625 I ActivityManager: Start proc 12441:com.android.chrome:sandboxed_process0:org.chromium.content.app.SandboxedProcessService0:93/u0ai94 for  {com.android.chrome/org.chromium.content.app.SandboxedProcessService0:93}
09-02 01:01:51.867 12441 12441 E cessService0:9: Not starting debugger since process cannot load the jdwp agent.
09-02 01:01:51.877  2858  2858 I GoogleInputMethodService: GoogleInputMethodService.onFinishInput():3280 
09-02 01:01:51.878  1513  8503 D CompatibilityChangeReporter: Compat change id reported: 136274596; UID 10220; state: ENABLED
09-02 01:01:51.879  2858  2858 I GoogleInputMethodService: GoogleInputMethodService.updateDeviceLockedStatus():2169 repeatCheckTimes = 0, unlocked = true
09-02 01:01:51.880  2858  2858 I GoogleInputMethodService: GoogleInputMethodService.onStartInput():1960 onStartInput(EditorInfo{inputType=0x0(NULL) imeOptions=0x12000000 privateImeOptions=null actionName=UNSPECIFIED actionLabel=null actionId=0 initialSelStart=-1 initialSelEnd=-1 initialCapsMode=0x0 hintText=null label=null packageName=com.android.chrome fieldId=-1 fieldName=null extras=null}, false)
09-02 01:01:51.880  2858  2858 I GoogleInputMethodService: GoogleInputMethodService.shouldHideHeaderOnInitialState():4081 ShouldHideHeaderOnInitialState = false
09-02 01:01:51.881  2858  2858 I GoogleInputMethodService: GoogleInputMethodService.updateDeviceLockedStatus():2169 repeatCheckTimes = 2, unlocked = true
09-02 01:01:51.888  9207  9207 I cr_OfflineDetector: Running updateState mConnectivityDetectorInitialized: true, mTimeWhenLastForegrounded: 54495113, getElapsedTime: 54495113, mTimeWhenLastOfflineNotificationReceived: 0, mTimeWhenLastOnline: 54483461, mApplicationState: 1, mIsOfflineLastReportedByConnectivityDetector: false, mIsEffectivelyOffline: false
09-02 01:01:51.888  9207  9207 I cr_OfflineDetector: updateState(): timeSinceLastForeground: 0, timeSinceOfflineNotificationReceived: 54495113, timeSinceLastOnline: 11652, timeNeededForForeground: 2000, timeNeededForOffline: -54493113
09-02 01:01:51.897 12441 12441 I LoadedApk: No resource references to update in package com.google.android.trichromelibrary
09-02 01:01:51.897 12441 12441 D NetworkSecurityConfig: Using Network Security Config from resource 0_resource_name_obfuscated debugBuild: false
09-02 01:01:51.898 12441 12441 D NetworkSecurityConfig: Using Network Security Config from resource 0_resource_name_obfuscated debugBuild: false
09-02 01:01:51.899 12441 12441 I cr_SplitCompatApp: Launched version=107.0.5304.91 minSdkVersion=29 isBundle=true processName=com.android.chrome:sandboxed_process0:org.chromium.content.app.SandboxedProcessService0:93 isIsolated=true
09-02 01:01:51.916   594   655 I SDM     : HWDeviceDRM::UpdateMixerAttributes: Mixer WxH 1080x2340-1 for Peripheral
09-02 01:01:51.916   594   655 I SDM     : DisplayBase::SetActiveConfig: Active configuration changed to: 0
09-02 01:01:51.916   594   655 I SDM     : StrategyImpl::SetIdleTimeoutMs: Idle timeout set to zero for command mode panels
09-02 01:01:51.916 12441 12441 W SystemServiceRegistry: No service published for: uimode
09-02 01:01:51.919  9207  9207 I cr_tabmodel: Appending tabs being restored to metadata lists, 0, startingNormalCount: 115, startingIncognitoCount: 0
09-02 01:01:51.919  9207  9207 I cr_tabmodel: Serializing tab lists; counts: 115, 0
09-02 01:01:51.919   901  2806 I sensors-hal: [ssc_utils]get_qmi_debug_flag:244, support_qmi_debug : false
09-02 01:01:51.923 12441 12441 I cr_ChildProcessService: Creating new ChildProcessService pid=12441
09-02 01:01:51.926  1513  1572 I DisplayManagerService: Display device changed: DisplayDeviceInfo{"Built-in Screen": uniqueId="local:19260504575090817", 1080 x 2340, modeId 2, defaultModeId 2, supportedModes [{id=1, width=1080, height=2340, fps=90.0}, {id=2, width=1080, height=2340, fps=60.000004}], colorMode 0, supportedColorModes [0, 7, 9], HdrCapabilities HdrCapabilities{mSupportedHdrTypes=[2, 3, 4], mMaxLuminance=500.0, mMaxAverageLuminance=500.0, mMinLuminance=0.0}, allmSupported false, gameContentTypeSupported false, density 440, 435.428 x 433.839 dpi, appVsyncOff 2333332, presDeadline 11500000, cutout DisplayCutout{insets=Rect(0, 136 - 0, 0) waterfall=Insets{left=0, top=0, right=0, bottom=0} boundingRect={Bounds=[Rect(0, 0 - 0, 0), Rect(0, 0 - 136, 136), Rect(0, 0 - 0, 0), Rect(0, 0 - 0, 0)]}}, touch INTERNAL, rotation 0, type INTERNAL, address {port=129, model=0x446d53ad64a0}, deviceProductInfo DeviceProductInfo{name=, manufacturerPnpId=QCM, productId=1, modelYear=null, manufactureDate=ManufactureDate{week=27, year=2006}, relativeAddress=null}, state ON, FLAG_DEFAULT_DISPLAY, FLAG_ROTATES_WITH_CONTENT, FLAG_SECURE, FLAG_SUPPORTS_PROTECTED_BUFFERS}
09-02 01:01:51.927   901  1000 W ASH     : @ 54498.378: Unhandled msg ID 999: line 1277
09-02 01:01:51.927   901  1000 E ASH     : @ 54498.378: No pb callback assigned
09-02 01:01:51.927   901  1000 E ASH     : @ 54498.378: Nanopb error: callback failed:1588
09-02 01:01:51.929   594   655 I SDM     : StrategyImpl::SetIdleTimeoutMs: Idle timeout set to zero for command mode panels
09-02 01:01:51.935 12441 12459 I cr_LibraryLoader: Using ModernLinker
09-02 01:01:51.936 12441 12459 W linker  : Warning: "/data/app/~~_KLlx60MH8CoecPTjMKp8g==/com.android.chrome-kw9RHYrlHKb9bPXi8OTClw==/base.apk!/lib/arm64-v8a/libchromium_android_linker.so" unused DT entry: unknown processor-specific (type 0x70000001 arg 0x0) (ignoring)
09-02 01:01:51.936 12441 12459 E cr_ChromiumAndroidLinker: ReserveAddressWithHint: Address range starting at 0x7a380c5000 was not free to use
09-02 01:01:51.943 12441 12467 I cr_LibraryLoader: Successfully loaded native library
09-02 01:01:51.945 12441 12467 I cr_CachingUmaRecorder: Flushed 3 samples from 3 histograms.
09-02 01:01:51.966  9146 12296 I BatteryMgr:DataCollectionService: stats => 1693609311966,-176391,4396
09-02 01:01:51.982 12441 12467 I tflite  : Initialized TensorFlow Lite runtime.
09-02 01:01:51.994   901  1000 I ASH     : @ 54498.446: tcs3701: ADC is saturated, removed sample from FIFO.
09-02 01:01:51.996  2446  4456 D QCNEJ/WlanStaInfoRelay: Received action: android.net.wifi.RSSI_CHANGED
09-02 01:01:51.997  2446  4456 I QCNEJ/NativeHalConnector: -> SND notifyWlanStaStatusChanged([WlanStaInfo]: wifiSwitchState = 1 rssi = -55 ssid = WiFi 69 bssid = 76:4d:28:12:bf:83 dnsInfo = 192.168.88.1;8.8.8.8;0.0.0.0;0.0.0.0; freqBand = _2GHz countryCode = nl[RatInfo]: networkType = 1 subType = 101 networkState = CONNECTED netHdl = 432902426637 ipAddrV4 = 192.168.88.174 ipAddrV6 =  ifNameV4 = wlan0 ifNameV6 =  slotIdx = 0 isAndroidValidated = true) timeStamp = 2023-09-02 01:01:51.996
09-02 01:01:52.010  8855  8928 I CarrierServices: [11702] hbe.handleMessage: RcsEngineImpl[DUAL_REG]:[31697964-3ba3]>Handler: handleMessage processing message:[NOTIFY_UPTIME_IGNORE_STATE_CHANGED] with [non-null]:RcsEngineImpl reference
09-02 01:01:52.010  8855  8930 I CarrierServices: [11703] gko.c: Connected state: [1], networkType: [WIFI]
09-02 01:01:52.011  1513  2000 D ConnectivityService: NetReassign [no changes]
09-02 01:01:52.013  2474  2918 E PhoneInterfaceManager: [PhoneIntfMgr] getCarrierPrivilegeStatus: Invalid subId
09-02 01:01:52.014  8855  8928 I CarrierServices: [11702] gyk.h: RCS Configuration storage in Bugle is disabled by p/h flag, using ProvisioningEngineStateCacheUtil.getProvisioningConfigurationForGivenSimIfExist()
09-02 01:01:52.072  9146 12296 I BatteryMgr:DataCollectionService: stats => 1693609312071,-358581,4396
09-02 01:01:52.176  9146 12296 I BatteryMgr:DataCollectionService: stats => 1693609312176,10986,4396
09-02 01:01:52.284  9146 12296 I BatteryMgr:DataCollectionService: stats => 1693609312284,9765,4396
09-02 01:01:52.303   901  1000 D VSC     : @ 54498.754: [WO] tilt angle 87
09-02 01:01:52.390  9146 12296 I BatteryMgr:DataCollectionService: stats => 1693609312390,9765,4396
09-02 01:01:52.495  9146 12296 I BatteryMgr:DataCollectionService: stats => 1693609312495,9460,4396
09-02 01:01:52.600  9146 12296 I BatteryMgr:DataCollectionService: stats => 1693609312600,7019,4396
09-02 01:01:52.704  9146 12296 I BatteryMgr:DataCollectionService: stats => 1693609312703,-4882,4396
09-02 01:01:52.807  9146 12296 I BatteryMgr:DataCollectionService: stats => 1693609312807,-10681,4396
09-02 01:01:52.910  9146 12296 I BatteryMgr:DataCollectionService: stats => 1693609312910,-16479,4396
09-02 01:01:53.013  9146 12296 I BatteryMgr:DataCollectionService: stats => 1693609313013,-10986,4396
09-02 01:01:53.116  9146 12296 I BatteryMgr:DataCollectionService: stats => 1693609313116,-4577,4396
09-02 01:01:53.220  9146 12296 I BatteryMgr:DataCollectionService: stats => 1693609313220,1220,4396
09-02 01:01:53.323  9146 12296 I BatteryMgr:DataCollectionService: stats => 1693609313323,-91247,4396
09-02 01:01:53.426  9146 12296 I BatteryMgr:DataCollectionService: stats => 1693609313425,1525,4396
09-02 01:01:53.529  9146 12296 I BatteryMgr:DataCollectionService: stats => 1693609313529,-13732,4396
09-02 01:01:53.632  9146 12296 I BatteryMgr:DataCollectionService: stats => 1693609313632,0,4396
09-02 01:01:53.735  9146 12296 I BatteryMgr:DataCollectionService: stats => 1693609313735,-33264,4396
09-02 01:01:53.838  9146 12296 I BatteryMgr:DataCollectionService: stats => 1693609313838,-10681,4396
09-02 01:01:53.869  1513  1622 I ProcessStatsService: Pruning old procstats: /data/system/procstats/state-2022-11-01-12-54-34.bin
09-02 01:01:53.942  9146 12296 I BatteryMgr:DataCollectionService: stats => 1693609313941,-81481,4396
09-02 01:01:54.048  9146 12296 I BatteryMgr:DataCollectionService: stats => 1693609314048,14953,4396
09-02 01:01:54.154  9146 12296 I BatteryMgr:DataCollectionService: stats => 1693609314154,12512,4396
09-02 01:01:54.260  9146 12296 I BatteryMgr:DataCollectionService: stats => 1693609314260,13122,4396
09-02 01:01:54.300   901  1000 D VSC     : @ 54500.751: [WO] tilt angle 87
09-02 01:01:54.367  9146 12296 I BatteryMgr:DataCollectionService: stats => 1693609314366,11596,4396
09-02 01:01:54.473  9146 12296 I BatteryMgr:DataCollectionService: stats => 1693609314473,13427,4396
09-02 01:01:54.579  9146 12296 I BatteryMgr:DataCollectionService: stats => 1693609314578,9460,4396
09-02 01:01:54.685  9146 12296 I BatteryMgr:DataCollectionService: stats => 1693609314685,10681,4396
09-02 01:01:54.791  9146 12296 I BatteryMgr:DataCollectionService: stats => 1693609314791,10986,4396
09-02 01:01:54.897  9146 12296 I BatteryMgr:DataCollectionService: stats => 1693609314897,15258,4396
09-02 01:01:55.004  9146 12296 I BatteryMgr:DataCollectionService: stats => 1693609315004,11901,4396
09-02 01:01:55.023  2446  4456 D QCNEJ/WlanStaInfoRelay: Received action: android.net.wifi.RSSI_CHANGED
09-02 01:01:55.023  2446  4456 I QCNEJ/NativeHalConnector: -> SND notifyWlanStaStatusChanged([WlanStaInfo]: wifiSwitchState = 1 rssi = -56 ssid = WiFi 69 bssid = 76:4d:28:12:bf:83 dnsInfo = 192.168.88.1;8.8.8.8;0.0.0.0;0.0.0.0; freqBand = _2GHz countryCode = nl[RatInfo]: networkType = 1 subType = 101 networkState = CONNECTED netHdl = 432902426637 ipAddrV4 = 192.168.88.174 ipAddrV6 =  ifNameV4 = wlan0 ifNameV6 =  slotIdx = 0 isAndroidValidated = true) timeStamp = 2023-09-02 01:01:55.023
09-02 01:01:55.026  4371  4416 D PowerManagerPoller: Downlink cellular capacity updated to 35750 Kbps
09-02 01:01:55.033  8855  8928 I CarrierServices: [11702] hbe.handleMessage: RcsEngineImpl[DUAL_REG]:[31697964-3ba3]>Handler: handleMessage processing message:[NOTIFY_UPTIME_IGNORE_STATE_CHANGED] with [non-null]:RcsEngineImpl reference
09-02 01:01:55.034  8855  8930 I CarrierServices: [11703] gko.c: Connected state: [1], networkType: [WIFI]
09-02 01:01:55.036  1513  2000 D ConnectivityService: NetReassign [no changes]
09-02 01:01:55.036  2474  2918 E PhoneInterfaceManager: [PhoneIntfMgr] getCarrierPrivilegeStatus: Invalid subId
09-02 01:01:55.037  8855  8928 I CarrierServices: [11702] gyk.h: RCS Configuration storage in Bugle is disabled by p/h flag, using ProvisioningEngineStateCacheUtil.getProvisioningConfigurationForGivenSimIfExist()
09-02 01:01:55.061   594   655 I SDM     : HWDeviceDRM::UpdateMixerAttributes: Mixer WxH 1080x2340-1 for Peripheral
09-02 01:01:55.061   594   655 I SDM     : DisplayBase::SetActiveConfig: Active configuration changed to: 1
09-02 01:01:55.061   594   655 I SDM     : StrategyImpl::SetIdleTimeoutMs: Idle timeout set to zero for command mode panels
09-02 01:01:55.064   901  2806 I sensors-hal: [ssc_utils]get_qmi_debug_flag:244, support_qmi_debug : false
09-02 01:01:55.065  1513  1572 I DisplayManagerService: Display device changed: DisplayDeviceInfo{"Built-in Screen": uniqueId="local:19260504575090817", 1080 x 2340, modeId 1, defaultModeId 2, supportedModes [{id=1, width=1080, height=2340, fps=90.0}, {id=2, width=1080, height=2340, fps=60.000004}], colorMode 0, supportedColorModes [0, 7, 9], HdrCapabilities HdrCapabilities{mSupportedHdrTypes=[2, 3, 4], mMaxLuminance=500.0, mMaxAverageLuminance=500.0, mMinLuminance=0.0}, allmSupported false, gameContentTypeSupported false, density 440, 435.428 x 433.839 dpi, appVsyncOff 2333333, presDeadline 11500000, cutout DisplayCutout{insets=Rect(0, 136 - 0, 0) waterfall=Insets{left=0, top=0, right=0, bottom=0} boundingRect={Bounds=[Rect(0, 0 - 0, 0), Rect(0, 0 - 136, 136), Rect(0, 0 - 0, 0), Rect(0, 0 - 0, 0)]}}, touch INTERNAL, rotation 0, type INTERNAL, address {port=129, model=0x446d53ad64a0}, deviceProductInfo DeviceProductInfo{name=, manufacturerPnpId=QCM, productId=1, modelYear=null, manufactureDate=ManufactureDate{week=27, year=2006}, relativeAddress=null}, state ON, FLAG_DEFAULT_DISPLAY, FLAG_ROTATES_WITH_CONTENT, FLAG_SECURE, FLAG_SUPPORTS_PROTECTED_BUFFERS}
09-02 01:01:55.087   901  1000 W ASH     : @ 54501.538: Unhandled msg ID 999: line 1277
09-02 01:01:55.087   901  1000 E ASH     : @ 54501.538: No pb callback assigned
09-02 01:01:55.087   901  1000 E ASH     : @ 54501.538: Nanopb error: callback failed:1588
09-02 01:01:55.109  9146 12296 I BatteryMgr:DataCollectionService: stats => 1693609315108,-214538,4396
09-02 01:01:55.183   901  2806 I sensors-hal: [ssc_utils]get_qmi_debug_flag:244, support_qmi_debug : false
09-02 01:01:55.207   901  1000 W ASH     : @ 54501.658: Unhandled msg ID 999: line 1277
09-02 01:01:55.207   901  1000 E ASH     : @ 54501.658: No pb callback assigned
09-02 01:01:55.207   901  1000 E ASH     : @ 54501.658: Nanopb error: callback failed:1588
09-02 01:01:55.212  9146 12296 I BatteryMgr:DataCollectionService: stats => 1693609315212,7629,4396
09-02 01:01:55.256   901  1000 I ASH     : @ 54501.707: tcs3701: ADC is saturated, removed sample from FIFO.
09-02 01:01:55.318  9146 12296 I BatteryMgr:DataCollectionService: stats => 1693609315318,1220,4396
09-02 01:01:55.424  9146 12296 I BatteryMgr:DataCollectionService: stats => 1693609315424,12512,4396
09-02 01:01:55.531  9146 12296 I BatteryMgr:DataCollectionService: stats => 1693609315531,14648,4396
09-02 01:01:55.637  9146 12296 I BatteryMgr:DataCollectionService: stats => 1693609315637,10681,4396
09-02 01:01:55.744  9146 12296 I BatteryMgr:DataCollectionService: stats => 1693609315744,9765,4396
09-02 01:01:55.851  9146 12296 I BatteryMgr:DataCollectionService: stats => 1693609315851,17700,4396
09-02 01:01:55.955  9146 12296 I BatteryMgr:DataCollectionService: stats => 1693609315955,8850,4396
09-02 01:01:56.063  9146 12296 I BatteryMgr:DataCollectionService: stats => 1693609316062,11596,4396
09-02 01:01:56.090   901  2806 I sensors-hal: [ssc_utils]get_qmi_debug_flag:244, support_qmi_debug : false
09-02 01:01:56.127   901  1000 W ASH     : @ 54502.578: Unhandled msg ID 999: line 1277
09-02 01:01:56.127   901  1000 E ASH     : @ 54502.578: No pb callback assigned
09-02 01:01:56.127   901  1000 E ASH     : @ 54502.578: Nanopb error: callback failed:1588
09-02 01:01:56.163   901  2806 I sensors-hal: [ssc_utils]get_qmi_debug_flag:244, support_qmi_debug : false
09-02 01:01:56.166  9146 12296 I BatteryMgr:DataCollectionService: stats => 1693609316166,-24414,4396
09-02 01:01:56.185   901  1000 W ASH     : @ 54502.635: Unhandled msg ID 999: line 1277
09-02 01:01:56.185   901  1000 E ASH     : @ 54502.635: No pb callback assigned
09-02 01:01:56.185   901  1000 E ASH     : @ 54502.635: Nanopb error: callback failed:1588
09-02 01:01:56.234   901  1000 I ASH     : @ 54502.686: tcs3701: ADC is saturated, removed sample from FIFO.
09-02 01:01:56.272  9146 12296 I BatteryMgr:DataCollectionService: stats => 1693609316272,-7019,4396
09-02 01:01:56.298   901  1000 D VSC     : @ 54502.749: [WO] tilt angle 87
09-02 01:01:56.378  9146 12296 I BatteryMgr:DataCollectionService: stats => 1693609316378,14648,4396
09-02 01:01:56.485  9146 12296 I BatteryMgr:DataCollectionService: stats => 1693609316484,12512,4396
09-02 01:01:56.591  9146 12296 I BatteryMgr:DataCollectionService: stats => 1693609316590,10681,4396
09-02 01:01:56.697  9146 12296 I BatteryMgr:DataCollectionService: stats => 1693609316697,15869,4396
09-02 01:01:56.803  9146 12296 I BatteryMgr:DataCollectionService: stats => 1693609316803,12207,4396
09-02 01:01:56.909  9146 12296 I BatteryMgr:DataCollectionService: stats => 1693609316909,21667,4396
09-02 01:01:57.013  9146 12296 I BatteryMgr:DataCollectionService: stats => 1693609317013,13732,4396
09-02 01:01:57.060 12514 12516 I cmd     : oneway function results will be dropped but finished with status OK and parcel size 4
09-02 01:01:57.071   901  2806 I sensors-hal: [ssc_utils]get_qmi_debug_flag:244, support_qmi_debug : false
09-02 01:01:57.089   901  1000 W ASH     : @ 54503.540: Unhandled msg ID 999: line 1277
09-02 01:01:57.089   901  1000 E ASH     : @ 54503.540: No pb callback assigned
09-02 01:01:57.089   901  1000 E ASH     : @ 54503.540: Nanopb error: callback failed:1588
09-02 01:01:57.253   901  2806 I sensors-hal: [ssc_utils]get_qmi_debug_flag:244, support_qmi_debug : false
09-02 01:01:57.287   901  1000 W ASH     : @ 54503.738: Unhandled msg ID 999: line 1277
09-02 01:01:57.287   901  1000 E ASH     : @ 54503.738: No pb callback assigned
09-02 01:01:57.287   901  1000 E ASH     : @ 54503.738: Nanopb error: callback failed:1588
09-02 01:01:57.292  1513  3221 I ActivityManager: Force stopping com.android.chrome appid=10220 user=0: from pid 12540
09-02 01:01:57.292  1513  3221 I ActivityManager: Killing 9294:com.android.chrome:privileged_process0/u0a220 (adj 0): stop com.android.chrome due to from pid 12540
09-02 01:01:57.293  9207  9260 W cr_ChildProcessConn: onServiceDisconnected (crash or killed by oom): pid=9294 bindings:W  S
09-02 01:01:57.299  1513  3221 I ActivityManager: Killing 9207:com.android.chrome/u0a220 (adj 0): stop com.android.chrome due to from pid 12540
09-02 01:01:57.302 10872 10872 I cr_ChildProcessService: Destroying ChildProcessService pid=10872
09-02 01:01:57.303 10425 10425 I cr_ChildProcessService: Destroying ChildProcessService pid=10425
09-02 01:01:57.305  9974  9974 I cr_ChildProcessService: Destroying ChildProcessService pid=9974
09-02 01:01:57.305 10208 10208 I cr_ChildProcessService: Destroying ChildProcessService pid=10208
09-02 01:01:57.306 11212 11212 I cr_ChildProcessService: Destroying ChildProcessService pid=11212
09-02 01:01:57.307 11660 11660 I cr_ChildProcessService: Destroying ChildProcessService pid=11660
09-02 01:01:57.308  9722  9722 I cr_ChildProcessService: Destroying ChildProcessService pid=9722
09-02 01:01:57.310 11783 11783 I cr_ChildProcessService: Destroying ChildProcessService pid=11783
09-02 01:01:57.311 10135 10135 I cr_ChildProcessService: Destroying ChildProcessService pid=10135
09-02 01:01:57.312 10388 10388 I cr_ChildProcessService: Destroying ChildProcessService pid=10388
09-02 01:01:57.313   778   778 I Zygote  : Process 9294 exited due to signal 9 (Killed)
09-02 01:01:57.313 10885 10885 I cr_ChildProcessService: Destroying ChildProcessService pid=10885
09-02 01:01:57.315 11803 11803 I cr_ChildProcessService: Destroying ChildProcessService pid=11803
09-02 01:01:57.315   901  2806 I sensors-hal: [ssc_utils]get_qmi_debug_flag:244, support_qmi_debug : false
09-02 01:01:57.318 11893 11893 I cr_ChildProcessService: Destroying ChildProcessService pid=11893
09-02 01:01:57.323 10764 10764 I cr_ChildProcessService: Destroying ChildProcessService pid=10764
09-02 01:01:57.324   901  1000 I ASH     : @ 54503.775: tcs3701: ADC is saturated, removed sample from FIFO.
09-02 01:01:57.324 10361 10361 I cr_ChildProcessService: Destroying ChildProcessService pid=10361
09-02 01:01:57.327 11912 11912 I cr_ChildProcessService: Destroying ChildProcessService pid=11912
09-02 01:01:57.328 11832 11832 I cr_ChildProcessService: Destroying ChildProcessService pid=11832
09-02 01:01:57.329   901  1000 W ASH     : @ 54503.780: Unhandled msg ID 999: line 1277
09-02 01:01:57.329   901  1000 E ASH     : @ 54503.780: No pb callback assigned
09-02 01:01:57.329   901  1000 E ASH     : @ 54503.780: Nanopb error: callback failed:1588
09-02 01:01:57.330  1513  1975 W InputDispatcher: channel '7ff8f40 com.android.chrome/com.google.android.apps.chrome.Main (server)' ~ Consumer closed input channel or an error occurred.  events=0x9
09-02 01:01:57.330  1513  1975 E InputDispatcher: channel '7ff8f40 com.android.chrome/com.google.android.apps.chrome.Main (server)' ~ Channel is unrecoverably broken and will be disposed!
09-02 01:01:57.331  1513  3227 D ConnectivityService: ConnectivityService NetworkRequestInfo binderDied(NetworkRequest [ TRACK_DEFAULT id=2524, [ Capabilities: INTERNET&NOT_RESTRICTED&TRUSTED Uid: 10220 AdministratorUids: [] RequestorUid: 10220 RequestorPackageName: com.android.chrome] ], android.os.BinderProxy@ee42eee)
09-02 01:01:57.331  1513  2905 D ConnectivityService: ConnectivityService NetworkRequestInfo binderDied(NetworkRequest [ LISTEN id=2527, [ Capabilities: INTERNET&NOT_RESTRICTED&TRUSTED&FOREGROUND Uid: 10220 AdministratorUids: [] RequestorUid: 10220 RequestorPackageName: com.android.chrome] ], android.os.BinderProxy@788af8f)
09-02 01:01:57.331  1513  2172 D ConnectivityService: ConnectivityService NetworkRequestInfo binderDied(NetworkRequest [ TRACK_DEFAULT id=2526, [ Capabilities: INTERNET&NOT_RESTRICTED&TRUSTED Uid: 10220 AdministratorUids: [] RequestorUid: 10220 RequestorPackageName: com.android.chrome] ], android.os.BinderProxy@b061e25)
09-02 01:01:57.331  1513  3227 D ConnectivityService: ConnectivityService NetworkRequestInfo binderDied(NetworkRequest [ TRACK_DEFAULT id=2528, [ Capabilities: INTERNET&NOT_RESTRICTED&TRUSTED Uid: 10220 AdministratorUids: [] RequestorUid: 10220 RequestorPackageName: com.android.chrome] ], android.os.BinderProxy@4684bfa)
09-02 01:01:57.331  1513  2905 D ConnectivityService: ConnectivityService NetworkRequestInfo binderDied(NetworkRequest [ LISTEN id=2529, [ Capabilities: INTERNET&NOT_RESTRICTED&TRUSTED&FOREGROUND Uid: 10220 AdministratorUids: [] RequestorUid: 10220 RequestorPackageName: com.android.chrome] ], android.os.BinderProxy@4eab5ab)
09-02 01:01:57.332  1513  4618 I WindowManager: WIN DEATH: Window{7ff8f40 u0 com.android.chrome/com.google.android.apps.chrome.Main}
09-02 01:01:57.332  1513  4618 W InputDispatcher: Attempted to unregister already unregistered input channel '7ff8f40 com.android.chrome/com.google.android.apps.chrome.Main (server)'
09-02 01:01:57.332  1513  2180 D ConnectivityService: ConnectivityService NetworkRequestInfo binderDied(NetworkRequest [ LISTEN id=2525, [ Capabilities: INTERNET&NOT_RESTRICTED&TRUSTED&FOREGROUND Uid: 10220 AdministratorUids: [] RequestorUid: 10220 RequestorPackageName: com.android.chrome] ], android.os.BinderProxy@24a821c)
09-02 01:01:57.332  1513  2000 D ConnectivityService: releasing NetworkRequest [ TRACK_DEFAULT id=2524, [ Capabilities: INTERNET&NOT_RESTRICTED&TRUSTED Uid: 10220 AdministratorUids: [] RequestorUid: 10220 RequestorPackageName: com.android.chrome] ] (release request)
09-02 01:01:57.333  1513  2000 D ConnectivityService: releasing NetworkRequest [ TRACK_DEFAULT id=2526, [ Capabilities: INTERNET&NOT_RESTRICTED&TRUSTED Uid: 10220 AdministratorUids: [] RequestorUid: 10220 RequestorPackageName: com.android.chrome] ] (release request)
09-02 01:01:57.333   778   778 I Zygote  : Process 9207 exited due to signal 9 (Killed)
09-02 01:01:57.333  1513  2000 D ConnectivityService: releasing NetworkRequest [ TRACK_DEFAULT id=2528, [ Capabilities: INTERNET&NOT_RESTRICTED&TRUSTED Uid: 10220 AdministratorUids: [] RequestorUid: 10220 RequestorPackageName: com.android.chrome] ] (release request)
09-02 01:01:57.333 10550 10550 I cr_ChildProcessService: Destroying ChildProcessService pid=10550
09-02 01:01:57.335 11238 11238 I cr_ChildProcessService: Destroying ChildProcessService pid=11238
09-02 01:01:57.336  1513  1640 I libprocessgroup: Successfully killed process cgroup uid 10220 pid 9294 in 43ms
09-02 01:01:57.337 11738 11738 I cr_ChildProcessService: Destroying ChildProcessService pid=11738
09-02 01:01:57.345  1513  3221 I ActivityManager: Killing 12441:com.android.chrome:sandboxed_process0:org.chromium.content.app.SandboxedProcessService0:93/u0a220i-8906 (adj 0): isolated not needed
09-02 01:01:57.345  1513  3221 I ActivityManager: Killing 9261:com.android.chrome:sandboxed_process0:org.chromium.content.app.SandboxedProcessService0:0/u0a220i-8999 (adj 0): isolated not needed
09-02 01:01:57.345  1513  3221 I ActivityManager: Killing 11952:com.android.chrome:sandboxed_process0:org.chromium.content.app.SandboxedProcessService0:92/u0a220i-8907 (adj 0): isolated not needed
09-02 01:01:57.345  1513  3221 I ActivityManager: Killing 11929:com.android.chrome:sandboxed_process0:org.chromium.content.app.SandboxedProcessService0:91/u0a220i-8908 (adj 0): isolated not needed
09-02 01:01:57.346  1513  3221 I ActivityManager: Killing 11832:com.android.chrome:sandboxed_process0:org.chromium.content.app.SandboxedProcessService0:87/u0a220i-8912 (adj 0): isolated not needed
09-02 01:01:57.346  1513  3221 I ActivityManager: Killing 11893:com.android.chrome:sandboxed_process0:org.chromium.content.app.SandboxedProcessService0:89/u0a220i-8910 (adj 0): isolated not needed
09-02 01:01:57.346  1513  3221 I ActivityManager: Killing 11912:com.android.chrome:sandboxed_process0:org.chromium.content.app.SandboxedProcessService0:90/u0a220i-8909 (adj 0): isolated not needed
09-02 01:01:57.346  1513  3221 I ActivityManager: Killing 11872:com.android.chrome:sandboxed_process0:org.chromium.content.app.SandboxedProcessService0:88/u0a220i-8911 (adj 0): isolated not needed
09-02 01:01:57.346  1513  3221 I ActivityManager: Killing 11803:com.android.chrome:sandboxed_process0:org.chromium.content.app.SandboxedProcessService0:86/u0a220i-8913 (adj 0): isolated not needed
09-02 01:01:57.346  1513  3221 I ActivityManager: Killing 11783:com.android.chrome:sandboxed_process0:org.chromium.content.app.SandboxedProcessService0:85/u0a220i-8914 (adj 0): isolated not needed
09-02 01:01:57.346  1513  3221 I ActivityManager: Killing 11738:com.android.chrome:sandboxed_process0:org.chromium.content.app.SandboxedProcessService0:83/u0a220i-8916 (adj 0): isolated not needed
09-02 01:01:57.347  1513  3221 I ActivityManager: Killing 11751:com.android.chrome:sandboxed_process0:org.chromium.content.app.SandboxedProcessService0:84/u0a220i-8915 (adj 0): isolated not needed
09-02 01:01:57.347  1513  3221 I ActivityManager: Killing 11660:com.android.chrome:sandboxed_process0:org.chromium.content.app.SandboxedProcessService0:80/u0a220i-8919 (adj 0): isolated not needed
09-02 01:01:57.347  1513  3221 I ActivityManager: Killing 11639:com.android.chrome:sandboxed_process0:org.chromium.content.app.SandboxedProcessService0:79/u0a220i-8920 (adj 0): isolated not needed
09-02 01:01:57.348  1513  3221 I ActivityManager: Killing 11581:com.android.chrome:sandboxed_process0:org.chromium.content.app.SandboxedProcessService0:77/u0a220i-8922 (adj 0): isolated not needed
09-02 01:01:57.348  1513  3221 I ActivityManager: Killing 11563:com.android.chrome:sandboxed_process0:org.chromium.content.app.SandboxedProcessService0:76/u0a220i-8923 (adj 0): isolated not needed
09-02 01:01:57.348  1513  3221 I ActivityManager: Killing 11521:com.android.chrome:sandboxed_process0:org.chromium.content.app.SandboxedProcessService0:75/u0a220i-8924 (adj 0): isolated not needed
09-02 01:01:57.348  1513  3221 I ActivityManager: Killing 11501:com.android.chrome:sandboxed_process0:org.chromium.content.app.SandboxedProcessService0:74/u0a220i-8925 (adj 0): isolated not needed
09-02 01:01:57.348  1513  3221 I ActivityManager: Killing 11431:com.android.chrome:sandboxed_process0:org.chromium.content.app.SandboxedProcessService0:71/u0a220i-8928 (adj 0): isolated not needed
09-02 01:01:57.348  1513  3221 I ActivityManager: Killing 11384:com.android.chrome:sandboxed_process0:org.chromium.content.app.SandboxedProcessService0:69/u0a220i-8930 (adj 0): isolated not needed
09-02 01:01:57.349  1513  3221 I ActivityManager: Killing 11408:com.android.chrome:sandboxed_process0:org.chromium.content.app.SandboxedProcessService0:70/u0a220i-8929 (adj 0): isolated not needed
09-02 01:01:57.349  1513  3221 I ActivityManager: Killing 11351:com.android.chrome:sandboxed_process0:org.chromium.content.app.SandboxedProcessService0:68/u0a220i-8931 (adj 0): isolated not needed
09-02 01:01:57.349  1513  3221 I ActivityManager: Killing 11317:com.android.chrome:sandboxed_process0:org.chromium.content.app.SandboxedProcessService0:67/u0a220i-8932 (adj 0): isolated not needed
09-02 01:01:57.350  1513  3221 I ActivityManager: Killing 11302:com.android.chrome:sandboxed_process0:org.chromium.content.app.SandboxedProcessService0:66/u0a220i-8933 (adj 0): isolated not needed
09-02 01:01:57.350  1513  3221 I ActivityManager: Killing 11268:com.android.chrome:sandboxed_process0:org.chromium.content.app.SandboxedProcessService0:64/u0a220i-8935 (adj 0): isolated not needed
09-02 01:01:57.350  1513  3221 I ActivityManager: Killing 11238:com.android.chrome:sandboxed_process0:org.chromium.content.app.SandboxedProcessService0:63/u0a220i-8936 (adj 0): isolated not needed
09-02 01:01:57.350  1513  3221 I ActivityManager: Killing 11279:com.android.chrome:sandboxed_process0:org.chromium.content.app.SandboxedProcessService0:65/u0a220i-8934 (adj 0): isolated not needed
09-02 01:01:57.350  1513  3221 I ActivityManager: Killing 11212:com.android.chrome:sandboxed_process0:org.chromium.content.app.SandboxedProcessService0:62/u0a220i-8937 (adj 0): isolated not needed
09-02 01:01:57.350  1513  3221 I ActivityManager: Killing 11158:com.android.chrome:sandboxed_process0:org.chromium.content.app.SandboxedProcessService0:60/u0a220i-8939 (adj 0): isolated not needed
09-02 01:01:57.350  1513  3221 I ActivityManager: Killing 11194:com.android.chrome:sandboxed_process0:org.chromium.content.app.SandboxedProcessService0:61/u0a220i-8938 (adj 0): isolated not needed
09-02 01:01:57.350  1513  3221 I ActivityManager: Killing 11122:com.android.chrome:sandboxed_process0:org.chromium.content.app.SandboxedProcessService0:59/u0a220i-8940 (adj 0): isolated not needed
09-02 01:01:57.350  1513  3221 I ActivityManager: Killing 11105:com.android.chrome:sandboxed_process0:org.chromium.content.app.SandboxedProcessService0:58/u0a220i-8941 (adj 0): isolated not needed
09-02 01:01:57.351  1513  3221 I ActivityManager: Killing 10985:com.android.chrome:sandboxed_process0:org.chromium.content.app.SandboxedProcessService0:54/u0a220i-8945 (adj 0): isolated not needed
09-02 01:01:57.351  1513  3221 I ActivityManager: Killing 10931:com.android.chrome:sandboxed_process0:org.chromium.content.app.SandboxedProcessService0:52/u0a220i-8947 (adj 0): isolated not needed
