09-02 01:05:00.548  1513  3223 I ActivityManager: Killing 16680:com.android.chrome:sandboxed_process0:org.chromium.content.app.SandboxedProcessService0:5/u0a220i-8995 (adj 0): isolated not needed
09-02 01:05:00.548  1513  3223 I ActivityManager: Killing 16661:com.android.chrome:sandboxed_process0:org.chromium.content.app.SandboxedProcessService0:4/u0a220i-8996 (adj 0): isolated not needed
09-02 01:05:00.548  1513  3223 I ActivityManager: Killing 16627:com.android.chrome:sandboxed_process0:org.chromium.content.app.SandboxedProcessService0:2/u0a220i-8998 (adj 0): isolated not needed
09-02 01:05:00.549  1513  3223 I ActivityManager: Killing 16610:com.android.chrome:sandboxed_process0:org.chromium.content.app.SandboxedProcessService0:1/u0a220i-8999 (adj 0): isolated not needed
09-02 01:05:00.551 19541 19541 I cr_ChildProcessService: Destroying ChildProcessService pid=19541
09-02 01:05:00.551 19541 19541 I cessService0:9: System.exit called, status: 0
09-02 01:05:00.551 19541 19541 I AndroidRuntime: VM exiting with result code 0, cleanup skipped.
09-02 01:05:00.560  1513  3223 W ActivityTaskManager: Force removing ActivityRecord{145339e u0 com.android.chrome/com.google.android.apps.chrome.Main t2039 f}}: app died, no saved state
09-02 01:05:00.564   901  2806 I sensors-hal: [ssc_utils]get_qmi_debug_flag:244, support_qmi_debug : false
09-02 01:05:00.567 18991 18991 I cr_ChildProcessService: Destroying ChildProcessService pid=18991
09-02 01:05:00.572 16797 16797 I cr_ChildProcessService: Destroying ChildProcessService pid=16797
09-02 01:05:00.574  1513  3223 I ActivityManager: Killing 19541:com.android.chrome:sandboxed_process0:org.chromium.content.app.SandboxedProcessService0:95/u0a220i-8905 (adj 0): isolated not needed
09-02 01:05:00.575  1513  3223 I ActivityManager: Killing 16537:com.android.chrome:sandboxed_process0:org.chromium.content.app.SandboxedProcessService0:0/u0a220i-9000 (adj 0): isolated not needed
09-02 01:05:00.575  1513  3223 I ActivityManager: Killing 19073:com.android.chrome:sandboxed_process0:org.chromium.content.app.SandboxedProcessService0:94/u0a220i-8906 (adj 0): isolated not needed
09-02 01:05:00.575  1513  3223 I ActivityManager: Killing 19061:com.android.chrome:sandboxed_process0:org.chromium.content.app.SandboxedProcessService0:92/u0a220i-8908 (adj 0): isolated not needed
09-02 01:05:00.576  1513  3223 I ActivityManager: Killing 18991:com.android.chrome:sandboxed_process0:org.chromium.content.app.SandboxedProcessService0:89/u0a220i-8911 (adj 0): isolated not needed
09-02 01:05:00.576  1513  3223 I ActivityManager: Killing 18812:com.android.chrome:sandboxed_process0:org.chromium.content.app.SandboxedProcessService0:81/u0a220i-8919 (adj 0): isolated not needed
09-02 01:05:00.576  1513  3223 I ActivityManager: Killing 18745:com.android.chrome:sandboxed_process0:org.chromium.content.app.SandboxedProcessService0:78/u0a220i-8922 (adj 0): isolated not needed
09-02 01:05:00.576  1513  3223 I ActivityManager: Killing 18659:com.android.chrome:sandboxed_process0:org.chromium.content.app.SandboxedProcessService0:74/u0a220i-8926 (adj 0): isolated not needed
09-02 01:05:00.576  1513  3223 I ActivityManager: Killing 18157:com.android.chrome:sandboxed_process0:org.chromium.content.app.SandboxedProcessService0:54/u0a220i-8946 (adj 0): isolated not needed
09-02 01:05:00.577  1513  3223 I ActivityManager: Killing 18097:com.android.chrome:sandboxed_process0:org.chromium.content.app.SandboxedProcessService0:52/u0a220i-8948 (adj 0): isolated not needed
09-02 01:05:00.577  1513  3223 I ActivityManager: Killing 18114:com.android.chrome:sandboxed_process0:org.chromium.content.app.SandboxedProcessService0:53/u0a220i-8947 (adj 0): isolated not needed
09-02 01:05:00.577  1513  3223 I ActivityManager: Killing 18069:com.android.chrome:sandboxed_process0:org.chromium.content.app.SandboxedProcessService0:51/u0a220i-8949 (adj 0): isolated not needed
09-02 01:05:00.577  1513  3223 I ActivityManager: Killing 17996:com.android.chrome:sandboxed_process0:org.chromium.content.app.SandboxedProcessService0:48/u0a220i-8952 (adj 0): isolated not needed
09-02 01:05:00.578 17234 17234 I cr_ChildProcessService: Destroying ChildProcessService pid=17234
09-02 01:05:00.579 16643 16643 I cr_ChildProcessService: Destroying ChildProcessService pid=16643
09-02 01:05:00.580  1513  3223 I ActivityManager: Killing 17856:com.android.chrome:sandboxed_process0:org.chromium.content.app.SandboxedProcessService0:44/u0a220i-8956 (adj 0): isolated not needed
09-02 01:05:00.580  1513  3223 I ActivityManager: Killing 17880:com.android.chrome:sandboxed_process0:org.chromium.content.app.SandboxedProcessService0:45/u0a220i-8955 (adj 0): isolated not needed
09-02 01:05:00.580  1513  3223 I ActivityManager: Killing 17808:com.android.chrome:sandboxed_process0:org.chromium.content.app.SandboxedProcessService0:42/u0a220i-8958 (adj 0): isolated not needed
09-02 01:05:00.580  1513  3223 I ActivityManager: Killing 17613:com.android.chrome:sandboxed_process0:org.chromium.content.app.SandboxedProcessService0:35/u0a220i-8965 (adj 0): isolated not needed
09-02 01:05:00.580  1513  3223 I ActivityManager: Killing 17533:com.android.chrome:sandboxed_process0:org.chromium.content.app.SandboxedProcessService0:33/u0a220i-8967 (adj 0): isolated not needed
09-02 01:05:00.580  1513  3223 I ActivityManager: Killing 17234:com.android.chrome:sandboxed_process0:org.chromium.content.app.SandboxedProcessService0:23/u0a220i-8977 (adj 0): isolated not needed
09-02 01:05:00.581  1513  3223 I ActivityManager: Killing 17064:com.android.chrome:sandboxed_process0:org.chromium.content.app.SandboxedProcessService0:18/u0a220i-8982 (adj 0): isolated not needed
09-02 01:05:00.581  1513  3223 I ActivityManager: Killing 16992:com.android.chrome:sandboxed_process0:org.chromium.content.app.SandboxedProcessService0:16/u0a220i-8984 (adj 0): isolated not needed
09-02 01:05:00.581 16747 16747 I cr_ChildProcessService: Destroying ChildProcessService pid=16747
09-02 01:05:00.581  1513  3223 I ActivityManager: Killing 16797:com.android.chrome:sandboxed_process0:org.chromium.content.app.SandboxedProcessService0:10/u0a220i-8990 (adj 0): isolated not needed
09-02 01:05:00.581  1513  3223 I ActivityManager: Killing 16747:com.android.chrome:sandboxed_process0:org.chromium.content.app.SandboxedProcessService0:8/u0a220i-8992 (adj 0): isolated not needed
09-02 01:05:00.581  1513  3223 I ActivityManager: Killing 16694:com.android.chrome:sandboxed_process0:org.chromium.content.app.SandboxedProcessService0:6/u0a220i-8994 (adj 0): isolated not needed
09-02 01:05:00.581  1513  3223 I ActivityManager: Killing 16643:com.android.chrome:sandboxed_process0:org.chromium.content.app.SandboxedProcessService0:3/u0a220i-8997 (adj 0): isolated not needed
09-02 01:05:00.582  1513  3168 W ActivityManager: Unbind failed: could not find connection for android.os.BinderProxy@7117d68
09-02 01:05:00.583 19656 19658 I cmd     : oneway function results will be dropped but finished with status OK and parcel size 4
09-02 01:05:00.585  9499  9499 D BoundBrokerSvc: onUnbind: Intent { act=com.google.android.gms.languageprofile.service.START pkg=com.google.android.gms }
09-02 01:05:00.585  9499  9499 D BoundBrokerSvc: onUnbind: Intent { act=com.google.android.gms.safetynet.service.START pkg=com.google.android.gms }
09-02 01:05:00.586  9499  9499 D BoundBrokerSvc: onUnbind: Intent { act=com.google.android.gms.credential.manager.service.firstparty.START dat=chimera-action: cmp=com.google.android.gms/.chimera.GmsApiService }
09-02 01:05:00.586  9499  9499 D BoundBrokerSvc: onUnbind: Intent { act=com.google.android.gms.auth.key.retrieval.service.START dat=chimera-action: cmp=com.google.android.gms/.chimera.GmsApiService }
09-02 01:05:00.586  2474  2474 E PhoneInterfaceManager: [PhoneIntfMgr] getCarrierPackageNamesForIntentAndPhone: No UICC
09-02 01:05:00.586  2474  2474 D CarrierSvcBindHelper: No carrier app for: 0
09-02 01:05:00.594  3135  3135 D RegisteredNfcFServicesCache: Service unchanged, not updating
09-02 01:05:00.600   778   778 I Zygote  : Process 16553 exited due to signal 9 (Killed)
09-02 01:05:00.602  3088  3667 I AssistantForeground: (REDACTED) Get launcher package: %s
09-02 01:05:00.605  8777 19767 I EuiccGoogle: [7367] EuiccServiceImpl.onGetEuiccProfileInfoList: onGetEuiccProfileInfoList: slotId = -1
09-02 01:05:00.605  1513  1567 W Looper  : Slow dispatch took 111ms android.ui h=com.android.server.am.ActivityManagerService$UiHandler c=null m=53
09-02 01:05:00.607   901  1000 W ASH     : @ 54687.058: Unhandled msg ID 999: line 1277
09-02 01:05:00.607   901  1000 E ASH     : @ 54687.058: No pb callback assigned
09-02 01:05:00.607   901  1000 E ASH     : @ 54687.058: Nanopb error: callback failed:1588
09-02 01:05:00.611  8777 19767 W EuiccGoogle: [7367] EuiccServiceImpl.onGetEuiccProfileInfoList: slotId=-1. No eUICC is active. Return null.
09-02 01:05:00.612  1513  2172 D ConnectivityService: ConnectivityService NetworkRequestInfo binderDied(NetworkRequest [ TRACK_DEFAULT id=2536, [ Capabilities: INTERNET&NOT_RESTRICTED&TRUSTED Uid: 10220 AdministratorUids: [] RequestorUid: 10220 RequestorPackageName: com.android.chrome] ], android.os.BinderProxy@ee11d14)
09-02 01:05:00.612  1513  3227 D ConnectivityService: ConnectivityService NetworkRequestInfo binderDied(NetworkRequest [ LISTEN id=2537, [ Capabilities: INTERNET&NOT_RESTRICTED&TRUSTED&FOREGROUND Uid: 10220 AdministratorUids: [] RequestorUid: 10220 RequestorPackageName: com.android.chrome] ], android.os.BinderProxy@e2da9bd)
09-02 01:05:00.612  1513  3241 D ConnectivityService: ConnectivityService NetworkRequestInfo binderDied(NetworkRequest [ TRACK_DEFAULT id=2540, [ Capabilities: INTERNET&NOT_RESTRICTED&TRUSTED Uid: 10220 AdministratorUids: [] RequestorUid: 10220 RequestorPackageName: com.android.chrome] ], android.os.BinderProxy@4c6703)
09-02 01:05:00.612  1513  3241 D ConnectivityService: ConnectivityService NetworkRequestInfo binderDied(NetworkRequest [ LISTEN id=2541, [ Capabilities: INTERNET&NOT_RESTRICTED&TRUSTED&FOREGROUND Uid: 10220 AdministratorUids: [] RequestorUid: 10220 RequestorPackageName: com.android.chrome] ], android.os.BinderProxy@73cf680)
09-02 01:05:00.612  1513  2172 D ConnectivityService: ConnectivityService NetworkRequestInfo binderDied(NetworkRequest [ TRACK_DEFAULT id=2538, [ Capabilities: INTERNET&NOT_RESTRICTED&TRUSTED Uid: 10220 AdministratorUids: [] RequestorUid: 10220 RequestorPackageName: com.android.chrome] ], android.os.BinderProxy@8570bb2)
09-02 01:05:00.612  1513  1572 W ActivityManager: setHasOverlayUi called on unknown pid: 16448
09-02 01:05:00.613   778   778 I Zygote  : Process 16448 exited due to signal 9 (Killed)
09-02 01:05:00.613  1513  2000 D ConnectivityService: releasing NetworkRequest [ TRACK_DEFAULT id=2536, [ Capabilities: INTERNET&NOT_RESTRICTED&TRUSTED Uid: 10220 AdministratorUids: [] RequestorUid: 10220 RequestorPackageName: com.android.chrome] ] (release request)
09-02 01:05:00.614  1513  2000 D ConnectivityService: releasing NetworkRequest [ TRACK_DEFAULT id=2540, [ Capabilities: INTERNET&NOT_RESTRICTED&TRUSTED Uid: 10220 AdministratorUids: [] RequestorUid: 10220 RequestorPackageName: com.android.chrome] ] (release request)
09-02 01:05:00.615  1513  3227 D ConnectivityService: ConnectivityService NetworkRequestInfo binderDied(NetworkRequest [ LISTEN id=2539, [ Capabilities: INTERNET&NOT_RESTRICTED&TRUSTED&FOREGROUND Uid: 10220 AdministratorUids: [] RequestorUid: 10220 RequestorPackageName: com.android.chrome] ], android.os.BinderProxy@f1024b9)
09-02 01:05:00.616  1513  2000 D ConnectivityService: releasing NetworkRequest [ TRACK_DEFAULT id=2538, [ Capabilities: INTERNET&NOT_RESTRICTED&TRUSTED Uid: 10220 AdministratorUids: [] RequestorUid: 10220 RequestorPackageName: com.android.chrome] ] (release request)
09-02 01:05:00.622  1513  1640 I libprocessgroup: Successfully killed process cgroup uid 10220 pid 16553 in 128ms
09-02 01:05:00.626  1513  1640 I libprocessgroup: Successfully killed process cgroup uid 10220 pid 16448 in 0ms
09-02 01:05:00.626  1513  1640 I libprocessgroup: Successfully killed process cgroup uid 90093 pid 19066 in 0ms
09-02 01:05:00.627  1513  1640 I libprocessgroup: Successfully killed process cgroup uid 90091 pid 19056 in 0ms
09-02 01:05:00.627  1513  1640 I libprocessgroup: Successfully killed process cgroup uid 90090 pid 19049 in 0ms
09-02 01:05:00.627  1513  1640 I libprocessgroup: Successfully killed process cgroup uid 90088 pid 18960 in 0ms
09-02 01:05:00.627  1513  1640 I libprocessgroup: Successfully killed process cgroup uid 90087 pid 18942 in 0ms
09-02 01:05:00.627  1513  1640 I libprocessgroup: Successfully killed process cgroup uid 90085 pid 18910 in 0ms
09-02 01:05:00.627  1513  1640 I libprocessgroup: Successfully killed process cgroup uid 90086 pid 18923 in 0ms
09-02 01:05:00.627  1513  1640 I libprocessgroup: Successfully killed process cgroup uid 90082 pid 18831 in 0ms
09-02 01:05:00.627  1513  1640 I libprocessgroup: Successfully killed process cgroup uid 90083 pid 18861 in 0ms
09-02 01:05:00.627  1513  1640 I libprocessgroup: Successfully killed process cgroup uid 90084 pid 18888 in 0ms
09-02 01:05:00.627  1513  1640 I libprocessgroup: Successfully killed process cgroup uid 90080 pid 18779 in 0ms
09-02 01:05:00.628  1513  1640 I libprocessgroup: Successfully killed process cgroup uid 90079 pid 18763 in 0ms
09-02 01:05:00.628  1513  1640 I libprocessgroup: Successfully killed process cgroup uid 90077 pid 18723 in 0ms
09-02 01:05:00.628  1513  1640 I libprocessgroup: Successfully killed process cgroup uid 90076 pid 18700 in 0ms
09-02 01:05:00.628  1513  1640 I libprocessgroup: Successfully killed process cgroup uid 90075 pid 18674 in 0ms
09-02 01:05:00.628  1513  1640 I libprocessgroup: Successfully killed process cgroup uid 90073 pid 18635 in 0ms
09-02 01:05:00.628  1513  1640 I libprocessgroup: Successfully killed process cgroup uid 90072 pid 18622 in 0ms
09-02 01:05:00.628  1513  1640 I libprocessgroup: Successfully killed process cgroup uid 90071 pid 18595 in 0ms
09-02 01:05:00.628  1513  1640 I libprocessgroup: Successfully killed process cgroup uid 90069 pid 18553 in 0ms
09-02 01:05:00.628  1513  1640 I libprocessgroup: Successfully killed process cgroup uid 90070 pid 18573 in 0ms
09-02 01:05:00.628  1513  1640 I libprocessgroup: Successfully killed process cgroup uid 90068 pid 18517 in 0ms
09-02 01:05:00.629  1513  1640 I libprocessgroup: Successfully killed process cgroup uid 90067 pid 18497 in 0ms
09-02 01:05:00.629  1513  1640 I libprocessgroup: Successfully killed process cgroup uid 90066 pid 18458 in 0ms
09-02 01:05:00.629  1513  1640 I libprocessgroup: Successfully killed process cgroup uid 90065 pid 18434 in 0ms
09-02 01:05:00.629  1513  1640 I libprocessgroup: Successfully killed process cgroup uid 90063 pid 18381 in 0ms
09-02 01:05:00.629  1513  1640 I libprocessgroup: Successfully killed process cgroup uid 90064 pid 18402 in 0ms
09-02 01:05:00.629  1513  1640 I libprocessgroup: Successfully killed process cgroup uid 90061 pid 18306 in 0ms
09-02 01:05:00.630  1513  1640 I libprocessgroup: Successfully killed process cgroup uid 90062 pid 18315 in 0ms
09-02 01:05:00.630  1513  1640 I libprocessgroup: Successfully killed process cgroup uid 90058 pid 18239 in 0ms
09-02 01:05:00.630  1513  1640 I libprocessgroup: Successfully killed process cgroup uid 90057 pid 18227 in 0ms
09-02 01:05:00.630  1513  1640 I libprocessgroup: Successfully killed process cgroup uid 90060 pid 18281 in 0ms
09-02 01:05:00.630  1513  1640 I libprocessgroup: Successfully killed process cgroup uid 90059 pid 18261 in 0ms
09-02 01:05:00.630  1513  1640 I libprocessgroup: Successfully killed process cgroup uid 90056 pid 18206 in 0ms
09-02 01:05:00.630  1513  1640 I libprocessgroup: Successfully killed process cgroup uid 90055 pid 18185 in 0ms
09-02 01:05:00.630  1513  1640 I libprocessgroup: Successfully killed process cgroup uid 90050 pid 18043 in 0ms
09-02 01:05:00.630  1513  1640 I libprocessgroup: Successfully killed process cgroup uid 90049 pid 18016 in 0ms
09-02 01:05:00.631  1513  1640 I libprocessgroup: Successfully killed process cgroup uid 90047 pid 17970 in 0ms
09-02 01:05:00.631  1513  1640 I libprocessgroup: Successfully killed process cgroup uid 90046 pid 17929 in 0ms
09-02 01:05:00.631  1513  1640 I libprocessgroup: Successfully killed process cgroup uid 90043 pid 17832 in 0ms
09-02 01:05:00.631  1513  1640 I libprocessgroup: Successfully killed process cgroup uid 90041 pid 17788 in 0ms
09-02 01:05:00.631  1513  1640 I libprocessgroup: Successfully killed process cgroup uid 90040 pid 17731 in 0ms
09-02 01:05:00.631  1513  1640 I libprocessgroup: Successfully killed process cgroup uid 90039 pid 17713 in 0ms
09-02 01:05:00.631  1513  1640 I libprocessgroup: Successfully killed process cgroup uid 90038 pid 17677 in 0ms
09-02 01:05:00.631  1513  1640 I libprocessgroup: Successfully killed process cgroup uid 90037 pid 17652 in 0ms
09-02 01:05:00.631  1513  1640 I libprocessgroup: Successfully killed process cgroup uid 90036 pid 17636 in 0ms
09-02 01:05:00.631  1513  1640 I libprocessgroup: Successfully killed process cgroup uid 90034 pid 17579 in 0ms
09-02 01:05:00.632  1513  1640 I libprocessgroup: Successfully killed process cgroup uid 90032 pid 17499 in 0ms
09-02 01:05:00.632  1513  1640 I libprocessgroup: Successfully killed process cgroup uid 90031 pid 17468 in 0ms
09-02 01:05:00.632  1513  1640 I libprocessgroup: Successfully killed process cgroup uid 90030 pid 17446 in 0ms
09-02 01:05:00.632  1513  1640 I libprocessgroup: Successfully killed process cgroup uid 90028 pid 17369 in 0ms
09-02 01:05:00.632  1513  1640 I libprocessgroup: Successfully killed process cgroup uid 90029 pid 17403 in 0ms
09-02 01:05:00.632  1513  1640 I libprocessgroup: Successfully killed process cgroup uid 90027 pid 17327 in 0ms
09-02 01:05:00.632  1513  1640 I libprocessgroup: Successfully killed process cgroup uid 90026 pid 17311 in 0ms
09-02 01:05:00.632  1513  1640 I libprocessgroup: Successfully killed process cgroup uid 90025 pid 17289 in 0ms
09-02 01:05:00.632  1513  1640 I libprocessgroup: Successfully killed process cgroup uid 90024 pid 17257 in 0ms
09-02 01:05:00.632  1513  1640 I libprocessgroup: Successfully killed process cgroup uid 90022 pid 17208 in 0ms
09-02 01:05:00.632  1513  1640 I libprocessgroup: Successfully killed process cgroup uid 90020 pid 17143 in 0ms
09-02 01:05:00.633  1513  1640 I libprocessgroup: Successfully killed process cgroup uid 90021 pid 17169 in 0ms
09-02 01:05:00.633  1513  1640 I libprocessgroup: Successfully killed process cgroup uid 90019 pid 17113 in 0ms
09-02 01:05:00.633  1513  1640 I libprocessgroup: Successfully killed process cgroup uid 90017 pid 17041 in 0ms
09-02 01:05:00.633  1513  1640 I libprocessgroup: Successfully killed process cgroup uid 90015 pid 16958 in 0ms
09-02 01:05:00.633  1513  1640 I libprocessgroup: Successfully killed process cgroup uid 90014 pid 16921 in 0ms
09-02 01:05:00.633  1513  1640 I libprocessgroup: Successfully killed process cgroup uid 90013 pid 16900 in 0ms
09-02 01:05:00.634  1513  1640 I libprocessgroup: Successfully killed process cgroup uid 90012 pid 16864 in 0ms
09-02 01:05:00.634  1513  1640 I libprocessgroup: Successfully killed process cgroup uid 90011 pid 16833 in 0ms
09-02 01:05:00.634  1513  1640 I libprocessgroup: Successfully killed process cgroup uid 90009 pid 16775 in 0ms
09-02 01:05:00.634  1513  1640 I libprocessgroup: Successfully killed process cgroup uid 90007 pid 16717 in 0ms
09-02 01:05:00.634  1513  1640 I libprocessgroup: Successfully killed process cgroup uid 90005 pid 16680 in 0ms
09-02 01:05:00.634  1513  1640 I libprocessgroup: Successfully killed process cgroup uid 90004 pid 16661 in 0ms
09-02 01:05:00.634  1513  1640 I libprocessgroup: Successfully killed process cgroup uid 90002 pid 16627 in 0ms
09-02 01:05:00.634  1513  1640 I libprocessgroup: Successfully killed process cgroup uid 90001 pid 16610 in 0ms
09-02 01:05:00.634  1513  1640 I libprocessgroup: Successfully killed process cgroup uid 90095 pid 19541 in 0ms
09-02 01:05:00.634  1513  1640 I libprocessgroup: Successfully killed process cgroup uid 90000 pid 16537 in 0ms
09-02 01:05:00.635  1513  1640 I libprocessgroup: Successfully killed process cgroup uid 90094 pid 19073 in 0ms
09-02 01:05:00.635  1513  1640 I libprocessgroup: Successfully killed process cgroup uid 90092 pid 19061 in 0ms
09-02 01:05:00.635  1513  1640 I libprocessgroup: Successfully killed process cgroup uid 90089 pid 18991 in 0ms
09-02 01:05:00.635  1513  1640 I libprocessgroup: Successfully killed process cgroup uid 90081 pid 18812 in 0ms
09-02 01:05:00.635  1513  1640 I libprocessgroup: Successfully killed process cgroup uid 90078 pid 18745 in 0ms
09-02 01:05:00.635  1513  1640 I libprocessgroup: Successfully killed process cgroup uid 90074 pid 18659 in 0ms
09-02 01:05:00.635  1513  1640 I libprocessgroup: Successfully killed process cgroup uid 90054 pid 18157 in 0ms
09-02 01:05:00.635  1513  1640 I libprocessgroup: Successfully killed process cgroup uid 90052 pid 18097 in 0ms
09-02 01:05:00.635  1513  1640 I libprocessgroup: Successfully killed process cgroup uid 90053 pid 18114 in 0ms
09-02 01:05:00.635  1513  1640 I libprocessgroup: Successfully killed process cgroup uid 90051 pid 18069 in 0ms
09-02 01:05:00.636  1513  1640 I libprocessgroup: Successfully killed process cgroup uid 90048 pid 17996 in 0ms
09-02 01:05:00.636  1513  1640 I libprocessgroup: Successfully killed process cgroup uid 90044 pid 17856 in 0ms
09-02 01:05:00.636  1513  1640 I libprocessgroup: Successfully killed process cgroup uid 90045 pid 17880 in 0ms
09-02 01:05:00.636  1513  1640 I libprocessgroup: Successfully killed process cgroup uid 90042 pid 17808 in 0ms
09-02 01:05:00.636  1513  1640 I libprocessgroup: Successfully killed process cgroup uid 90035 pid 17613 in 0ms
09-02 01:05:00.636  1513  1640 I libprocessgroup: Successfully killed process cgroup uid 90033 pid 17533 in 0ms
09-02 01:05:00.637  1513  1640 I libprocessgroup: Successfully killed process cgroup uid 90023 pid 17234 in 0ms
09-02 01:05:00.637  1513  1640 I libprocessgroup: Successfully killed process cgroup uid 90018 pid 17064 in 0ms
09-02 01:05:00.638  1513  1640 I libprocessgroup: Successfully killed process cgroup uid 90016 pid 16992 in 0ms
09-02 01:05:00.638  1513  1640 I libprocessgroup: Successfully killed process cgroup uid 90010 pid 16797 in 0ms
09-02 01:05:00.638  1513  1640 I libprocessgroup: Successfully killed process cgroup uid 90008 pid 16747 in 0ms
09-02 01:05:00.638  1513  1640 I libprocessgroup: Successfully killed process cgroup uid 90006 pid 16694 in 0ms
09-02 01:05:00.638  1513  1640 I libprocessgroup: Successfully killed process cgroup uid 90003 pid 16643 in 0ms
09-02 01:05:00.664  2858  2858 I GoogleInputMethodService: GoogleInputMethodService.onFinishInput():3280 
09-02 01:05:00.665  2858  2858 I GoogleInputMethodService: GoogleInputMethodService.updateDeviceLockedStatus():2169 repeatCheckTimes = 0, unlocked = true
09-02 01:05:00.665  2858  2858 I GoogleInputMethodService: GoogleInputMethodService.onStartInput():1960 onStartInput(EditorInfo{inputType=0x0(NULL) imeOptions=0x0 privateImeOptions=null actionName=UNSPECIFIED actionLabel=null actionId=0 initialSelStart=-1 initialSelEnd=-1 initialCapsMode=0x0 hintText=null label=null packageName=com.example.batterymanager_utility fieldId=-1 fieldName=null extras=null}, false)
09-02 01:05:00.665  2858  2858 I GoogleInputMethodService: GoogleInputMethodService.shouldHideHeaderOnInitialState():4081 ShouldHideHeaderOnInitialState = false
09-02 01:05:00.666  2858  2858 I GoogleInputMethodService: GoogleInputMethodService.updateDeviceLockedStatus():2169 repeatCheckTimes = 2, unlocked = true
09-02 01:05:00.789 16500 16500 I Zygote  : Process 19056 exited due to signal 9 (Killed)
09-02 01:05:00.793 16500 16500 I Zygote  : Process 18960 exited due to signal 9 (Killed)
09-02 01:05:00.816 16500 16500 I Zygote  : Process 19049 exited due to signal 9 (Killed)
09-02 01:05:01.188 16500 16500 I Zygote  : Process 18923 exited due to signal 9 (Killed)
09-02 01:05:01.233 16500 16500 I Zygote  : Process 18831 exited due to signal 9 (Killed)
09-02 01:05:01.236 16500 16500 I Zygote  : Process 18910 exited due to signal 9 (Killed)
09-02 01:05:01.239 16500 16500 I Zygote  : Process 18888 exited due to signal 9 (Killed)
09-02 01:05:01.269 16500 16500 I Zygote  : Process 18674 exited due to signal 9 (Killed)
09-02 01:05:01.270 16500 16500 I Zygote  : Process 18700 exited due to signal 9 (Killed)
09-02 01:05:01.270 16500 16500 I Zygote  : Process 18942 exited due to signal 9 (Killed)
09-02 01:05:01.291 16500 16500 I Zygote  : Process 18723 exited due to signal 9 (Killed)
09-02 01:05:01.460 16500 16500 I Zygote  : Process 18861 exited due to signal 9 (Killed)
09-02 01:05:01.483 16500 16500 I Zygote  : Process 18114 exited due to signal 9 (Killed)
09-02 01:05:01.485 16500 16500 I Zygote  : Process 18157 exited due to signal 9 (Killed)
09-02 01:05:01.488 16500 16500 I Zygote  : Process 16864 exited due to signal 9 (Killed)
09-02 01:05:01.515 16500 16500 I Zygote  : Process 18763 exited due to signal 9 (Killed)
09-02 01:05:01.528 16500 16500 I Zygote  : Process 18185 exited due to signal 9 (Killed)
09-02 01:05:01.528 16500 16500 I Zygote  : Process 18281 exited due to signal 9 (Killed)
09-02 01:05:01.528 16500 16500 I Zygote  : Process 18206 exited due to signal 9 (Killed)
09-02 01:05:01.529 16500 16500 I Zygote  : Process 18315 exited due to signal 9 (Killed)
09-02 01:05:01.529 16500 16500 I Zygote  : Process 18381 exited due to signal 9 (Killed)
09-02 01:05:01.529 16500 16500 I Zygote  : Process 18779 exited due to signal 9 (Killed)
09-02 01:05:01.530 16500 16500 I Zygote  : Process 18097 exited due to signal 9 (Killed)
09-02 01:05:01.530 16500 16500 I Zygote  : Process 16610 exited due to signal 9 (Killed)
09-02 01:05:01.530 16500 16500 I Zygote  : Process 16717 exited due to signal 9 (Killed)
09-02 01:05:01.535 16500 16500 I Zygote  : Process 18043 exited due to signal 9 (Killed)
09-02 01:05:01.537 16500 16500 I Zygote  : Process 16797 exited due to signal 9 (Killed)
09-02 01:05:01.567 16500 16500 I Zygote  : Process 18458 exited due to signal 9 (Killed)
09-02 01:05:01.581 16500 16500 I Zygote  : Process 18553 exited due to signal 9 (Killed)
09-02 01:05:01.581 16500 19542 I Zygote  : Process 18517 exited due to signal 9 (Killed)
09-02 01:05:01.581 16500 19543 I Zygote  : Process 18497 exited due to signal 9 (Killed)
09-02 01:05:01.620 16500 16500 I Zygote  : Process 17499 exited due to signal 9 (Killed)
09-02 01:05:01.625 16500 16500 I Zygote  : Process 18745 exited due to signal 9 (Killed)
09-02 01:05:01.626 16500 16500 I Zygote  : Process 17234 exited due to signal 9 (Killed)
09-02 01:05:01.626 16500 16500 I Zygote  : Process 18227 exited due to signal 9 (Killed)
09-02 01:05:01.627 16500 16500 I Zygote  : Process 18306 exited due to signal 9 (Killed)
09-02 01:05:01.628 16500 16500 I Zygote  : Process 18239 exited due to signal 9 (Killed)
09-02 01:05:01.628 16500 16500 I Zygote  : Process 18659 exited due to signal 9 (Killed)
09-02 01:05:01.628 16500 19543 I Zygote  : Process 18991 exited due to signal 9 (Killed)
09-02 01:05:01.629 16500 16500 I Zygote  : Process 18261 exited due to signal 9 (Killed)
09-02 01:05:01.630 16500 16500 I Zygote  : Process 17533 exited due to signal 9 (Killed)
09-02 01:05:01.639 16500 16500 I Zygote  : Process 17064 exited due to signal 9 (Killed)
09-02 01:05:01.640 16500 16500 I Zygote  : Process 16833 exited due to signal 9 (Killed)
09-02 01:05:01.657 16500 16500 I Zygote  : Process 17289 exited due to signal 9 (Killed)
09-02 01:05:01.665 16500 16500 I Zygote  : Process 18812 exited due to signal 9 (Killed)
09-02 01:05:01.668 16500 16500 I Zygote  : Process 16661 exited due to signal 9 (Killed)
09-02 01:05:01.707 16500 16500 I Zygote  : Process 17636 exited due to signal 9 (Killed)
09-02 01:05:01.710 16500 16500 I Zygote  : Process 16643 exited due to signal 9 (Killed)
09-02 01:05:01.711 16500 16500 I Zygote  : Process 18402 exited due to signal 9 (Killed)
09-02 01:05:01.711 16500 16500 I Zygote  : Process 17731 exited due to signal 9 (Killed)
09-02 01:05:01.712 16500 16500 I Zygote  : Process 17856 exited due to signal 9 (Killed)
09-02 01:05:01.721  1513  1567 W Looper  : Slow dispatch took 203ms android.ui h=com.android.server.am.ActivityManagerService$UiHandler c=null m=53
09-02 01:05:01.734 16500 16500 I Zygote  : Process 18635 exited due to signal 9 (Killed)
09-02 01:05:01.737 16500 16500 I Zygote  : Process 17996 exited due to signal 9 (Killed)
09-02 01:05:01.750 16500 16500 I Zygote  : Process 16537 exited due to signal 9 (Killed)
09-02 01:05:01.765 16500 16500 I Zygote  : Process 17929 exited due to signal 9 (Killed)
09-02 01:05:01.766 16500 16500 I Zygote  : Process 17113 exited due to signal 9 (Killed)
09-02 01:05:01.769 16500 16500 I Zygote  : Process 17369 exited due to signal 9 (Killed)
09-02 01:05:01.771 16500 16500 I Zygote  : Process 17041 exited due to signal 9 (Killed)
09-02 01:05:01.774 16500 16500 I Zygote  : Process 16747 exited due to signal 9 (Killed)
09-02 01:05:01.775 16500 16500 I Zygote  : Process 19061 exited due to signal 9 (Killed)
09-02 01:05:01.779 16500 16500 I Zygote  : Process 18595 exited due to signal 9 (Killed)
09-02 01:05:01.780 16500 16500 I Zygote  : Process 19066 exited due to signal 9 (Killed)
09-02 01:05:01.781 16500 16500 I Zygote  : Process 16958 exited due to signal 9 (Killed)
09-02 01:05:01.784 16500 16500 I Zygote  : Process 16921 exited due to signal 9 (Killed)
09-02 01:05:01.785 16500 16500 I Zygote  : Process 18573 exited due to signal 9 (Killed)
09-02 01:05:01.789 16500 16500 I Zygote  : Process 17169 exited due to signal 9 (Killed)
09-02 01:05:01.790 16500 16500 I Zygote  : Process 17327 exited due to signal 9 (Killed)
09-02 01:05:01.792 16500 16500 I Zygote  : Process 17468 exited due to signal 9 (Killed)
09-02 01:05:01.792 16500 16500 I Zygote  : Process 17788 exited due to signal 9 (Killed)
09-02 01:05:01.793 16500 16500 I Zygote  : Process 19073 exited due to signal 9 (Killed)
09-02 01:05:01.794 16500 16500 I Zygote  : Process 17257 exited due to signal 9 (Killed)
09-02 01:05:01.794 16500 16500 I Zygote  : Process 18434 exited due to signal 9 (Killed)
09-02 01:05:01.795 16500 16500 I Zygote  : Process 17311 exited due to signal 9 (Killed)
09-02 01:05:01.795 16500 16500 I Zygote  : Process 16900 exited due to signal 9 (Killed)
09-02 01:05:01.795 16500 16500 I Zygote  : Process 17808 exited due to signal 9 (Killed)
09-02 01:05:01.797 16500 16500 I Zygote  : Process 19541 exited cleanly (0)
09-02 01:05:01.800 16500 19543 I Zygote  : Process 17970 exited due to signal 9 (Killed)
09-02 01:05:01.800 16500 16500 I Zygote  : Process 17713 exited due to signal 9 (Killed)
09-02 01:05:01.800 16500 19544 I Zygote  : Process 16775 exited due to signal 9 (Killed)
09-02 01:05:01.805 16500 16500 I Zygote  : Process 16680 exited due to signal 9 (Killed)
09-02 01:05:01.807 16500 16500 I Zygote  : Process 18016 exited due to signal 9 (Killed)
09-02 01:05:01.807 16500 19544 I Zygote  : Process 16694 exited due to signal 9 (Killed)
09-02 01:05:01.807 16500 16500 I Zygote  : Process 17677 exited due to signal 9 (Killed)
09-02 01:05:01.808 16500 16500 I Zygote  : Process 17208 exited due to signal 9 (Killed)
09-02 01:05:01.808 16500 16500 I Zygote  : Process 18069 exited due to signal 9 (Killed)
09-02 01:05:01.808 16500 19545 I Zygote  : Process 16992 exited due to signal 9 (Killed)
09-02 01:05:01.809 16500 16500 I Zygote  : Process 17446 exited due to signal 9 (Killed)
09-02 01:05:01.811 16500 16500 I Zygote  : Process 17143 exited due to signal 9 (Killed)
09-02 01:05:01.812 16500 19545 I Zygote  : Process 16627 exited due to signal 9 (Killed)
09-02 01:05:01.813 16500 16500 I Zygote  : Process 17880 exited due to signal 9 (Killed)
09-02 01:05:01.814 16500 16500 I Zygote  : Process 17579 exited due to signal 9 (Killed)
09-02 01:05:01.814 16500 19545 I Zygote  : Process 17403 exited due to signal 9 (Killed)
09-02 01:05:01.816 16500 16500 I Zygote  : Process 17652 exited due to signal 9 (Killed)
09-02 01:05:01.817 16500 16500 I Zygote  : Process 17613 exited due to signal 9 (Killed)
09-02 01:05:01.818 16500 16500 I Zygote  : Process 17832 exited due to signal 9 (Killed)
09-02 01:05:01.821 16500 16500 I Zygote  : Process 18622 exited due to signal 9 (Killed)
09-02 01:05:02.186  1513  3241 E IPCThreadState: binder thread pool (31 threads) starved for 406 ms
09-02 01:05:02.292   901  1000 D VSC     : @ 54688.743: [WO] tilt angle 87
09-02 01:05:02.320   901  2806 I sensors-hal: [ssc_utils]get_qmi_debug_flag:244, support_qmi_debug : false
09-02 01:05:02.327   901  1000 W ASH     : @ 54688.779: Unhandled msg ID 999: line 1277
09-02 01:05:02.327   901  1000 E ASH     : @ 54688.779: No pb callback assigned
09-02 01:05:02.327   901  1000 E ASH     : @ 54688.779: Nanopb error: callback failed:1588
09-02 01:05:02.335   901  2806 I sensors-hal: [ssc_utils]get_qmi_debug_flag:244, support_qmi_debug : false
09-02 01:05:02.367   901  1000 W ASH     : @ 54688.818: Unhandled msg ID 999: line 1277
09-02 01:05:02.367   901  1000 E ASH     : @ 54688.818: No pb callback assigned
09-02 01:05:02.367   901  1000 E ASH     : @ 54688.818: Nanopb error: callback failed:1588
09-02 01:05:02.379  1513  2000 D ConnectivityService: NetReassign [no changes]
09-02 01:05:02.420  1513  1567 W Looper  : Slow delivery took 204ms android.ui h=com.android.server.am.ActivityManagerService$UiHandler c=null m=31
09-02 01:05:02.420  1513  1567 W Looper  : Slow dispatch took 699ms android.ui h=com.android.server.am.ActivityManagerService$UiHandler c=null m=31
09-02 01:05:02.434   901  2806 I sensors-hal: [ssc_utils]get_qmi_debug_flag:244, support_qmi_debug : false
09-02 01:05:02.447   901  1000 W ASH     : @ 54688.898: Unhandled msg ID 999: line 1277
09-02 01:05:02.447   901  1000 E ASH     : @ 54688.898: No pb callback assigned
09-02 01:05:02.447   901  1000 E ASH     : @ 54688.898: Nanopb error: callback failed:1588
09-02 01:05:02.663  1513  1567 W Looper  : Slow dispatch took 242ms android.ui h=com.android.server.am.ActivityManagerService$UiHandler c=null m=53
09-02 01:05:03.838  1513  3233 I ActivityManager: Force stopping com.example.batterymanager_utility appid=10260 user=0: from pid 19783
09-02 01:05:03.838  1513  3233 I ActivityManager: Killing 16384:com.example.batterymanager_utility/u0a260 (adj 0): stop com.example.batterymanager_utility due to from pid 19783
09-02 01:05:03.838  1513  3233 W ActivityTaskManager: Force removing ActivityRecord{cc0af73 u0 com.example.batterymanager_utility/.MainActivity t2038 f}}: app died, no saved state
09-02 01:05:03.844   901  2806 I sensors-hal: [ssc_utils]get_qmi_debug_flag:244, support_qmi_debug : false
09-02 01:05:03.851   778   778 I Zygote  : Process 16384 exited due to signal 9 (Killed)
09-02 01:05:03.857  2474  2474 E PhoneInterfaceManager: [PhoneIntfMgr] getCarrierPackageNamesForIntentAndPhone: No UICC
09-02 01:05:03.857  2474  2474 D CarrierSvcBindHelper: No carrier app for: 0
09-02 01:05:03.857  1513  1567 W Looper  : Drained
09-02 01:05:03.865  8777 19789 I EuiccGoogle: [7368] EuiccServiceImpl.onGetEuiccProfileInfoList: onGetEuiccProfileInfoList: slotId = -1
09-02 01:05:03.867  1513  1572 W ActivityManager: setHasOverlayUi called on unknown pid: 16384
09-02 01:05:03.868  3088  3657 I AssistantForeground: (REDACTED) Get launcher package: %s
09-02 01:05:03.868  3135  3135 D RegisteredNfcFServicesCache: Service unchanged, not updating
09-02 01:05:03.869  1513  1640 I libprocessgroup: Successfully killed process cgroup uid 10260 pid 16384 in 30ms
09-02 01:05:03.871  8777 19789 W EuiccGoogle: [7368] EuiccServiceImpl.onGetEuiccProfileInfoList: slotId=-1. No eUICC is active. Return null.
09-02 01:05:03.887   901  1000 W ASH     : @ 54690.338: Unhandled msg ID 999: line 1277
09-02 01:05:03.887   901  1000 E ASH     : @ 54690.338: No pb callback assigned
09-02 01:05:03.887   901  1000 E ASH     : @ 54690.338: Nanopb error: callback failed:1588
09-02 01:05:03.890  3088  3088 I GsaVoiceInteractionSrv: Handling ACTION_START_HOTWORD
09-02 01:05:03.890  3088  3620 I GsaVoiceInteractionSrv: (REDACTED) disregardVoiceMatch: %b
09-02 01:05:03.891  3088  3620 I GsaVoiceInteractionSrv: Cannot start hotword, hotword has been explicitly disabled.
09-02 01:05:03.902  2158  2158 I WallpaperService: engine resumed
09-02 01:05:03.903   901   901 I sensors-hal: [hal]batch_physical_sensor:301, android.sensor.gyroscope/41, period=20000000, max_latency=0
09-02 01:05:03.904   901   901 I sensors-hal: [hal]batch_physical_sensor:310, android.sensor.gyroscope/41, period=20000000, max_latency=0 request completed
09-02 01:05:03.904   901   901 I sensors-hal: [hal]activate_physical_sensor:238, android.sensor.gyroscope/41 en=1
09-02 01:05:03.904   901   901 I sensors-hal: [ssc_utils]get_qmi_debug_flag:244, support_qmi_debug : false
09-02 01:05:03.906   901   901 W sensors@2.0-ser: type=1400 audit(0.0:6538): avc: denied { read write } for name="diag" dev="tmpfs" ino=12474 scontext=u:r:hal_sensors_default:s0 tcontext=u:object_r:diag_device:s0 tclass=chr_file permissive=0
09-02 01:05:03.906   901   901 W sensors@2.0-ser: type=1400 audit(0.0:6539): avc: denied { read write } for name="diag" dev="tmpfs" ino=12474 scontext=u:r:hal_sensors_default:s0 tcontext=u:object_r:diag_device:s0 tclass=chr_file permissive=0
09-02 01:05:03.911   901   901 D Diag_Lib:  Diag_LSM_Init: Failed to open handle to diag driver, error = 13
09-02 01:05:03.911   901   901 D Diag_Lib:  Diag_LSM_Init: Failed to open handle to diag driver, error = 13
09-02 01:05:03.911   901   901 I sensors-hal: [ssc_sensor]update_handle:537, handle=331, type=33, wakeup=0, hwid=0, base=331
09-02 01:05:03.911   901   901 I sensors-hal: [ssc_utils]get_qmi_debug_flag:244, support_qmi_debug : false
09-02 01:05:03.913  2858  2858 I GoogleInputMethodService: GoogleInputMethodService.onFinishInput():3280 
09-02 01:05:03.914  2858  2858 I GoogleInputMethodService: GoogleInputMethodService.updateDeviceLockedStatus():2169 repeatCheckTimes = 0, unlocked = true
09-02 01:05:03.914  2858  2858 I GoogleInputMethodService: GoogleInputMethodService.onStartInput():1960 onStartInput(EditorInfo{inputType=0x0(NULL) imeOptions=0x0 privateImeOptions=null actionName=UNSPECIFIED actionLabel=null actionId=0 initialSelStart=-1 initialSelEnd=-1 initialCapsMode=0x0 hintText=null label=null packageName=com.google.android.apps.nexuslauncher fieldId=-1 fieldName=null extras=null}, false)
09-02 01:05:03.914  2858  2858 I GoogleInputMethodService: GoogleInputMethodService.shouldHideHeaderOnInitialState():4081 ShouldHideHeaderOnInitialState = false
09-02 01:05:03.915  2858  2858 I GoogleInputMethodService: GoogleInputMethodService.updateDeviceLockedStatus():2169 repeatCheckTimes = 2, unlocked = true
09-02 01:05:03.919   901   901 I sensors-hal: [ssc_utils]get_qmi_debug_flag:244, support_qmi_debug : false
09-02 01:05:03.920   901  1000 W SEE     : @ 54690.371: adding req to Q sensor=8 req=0xb202a278 msg=513
09-02 01:05:03.922  9499  9499 D BoundBrokerSvc: onBind: Intent { act=com.google.android.gms.inappreach.service.START dat=chimera-action: cmp=com.google.android.gms/.chimera.GmsApiService }
09-02 01:05:03.922  9499  9499 D BoundBrokerSvc: Loading bound service for intent: Intent { act=com.google.android.gms.inappreach.service.START dat=chimera-action: cmp=com.google.android.gms/.chimera.GmsApiService }
09-02 01:05:03.923   901   901 I sensors-hal: [hal]activate_physical_sensor:249, android.sensor.gyroscope/41 en=1 completed
09-02 01:05:03.924   901  1000 W SEE     : @ 54690.375: adding req to Q sensor=2 req=0xb20314d8 msg=513
09-02 01:05:03.925   901 19800 I sensors-hal: [ssc_sensor]ssc_conn_resp_cb:663, resp_value = 0
09-02 01:05:03.925   901 19800 I sensors-hal: [sensor]submit_sensors_hal_event:146, android.sensor.additional_info: trying to push empty Events, count = 0
09-02 01:05:03.925   901 19800 I sensors-hal: [sensor]submit_sensors_hal_event:146, android.sensor.additional_info: trying to push empty Events, count = 0
09-02 01:05:03.927   901 19803 I sensors-hal: [ssc_sensor]ssc_conn_resp_cb:663, resp_value = 0
09-02 01:05:03.927   901 19803 I sensors-hal: [sensor]submit_sensors_hal_event:146, android.sensor.gyroscope: trying to push empty Events, count = 1
09-02 01:05:03.928   901 19803 I chatty  : uid=1000(system) 41_see identical 2 lines
09-02 01:05:03.933   901 19803 I sensors-hal: [sensor]submit_sensors_hal_event:146, android.sensor.gyroscope: trying to push empty Events, count = 1
09-02 01:05:04.239   901  2806 I sensors-hal: [ssc_utils]get_qmi_debug_flag:244, support_qmi_debug : false
09-02 01:05:04.251   901  1000 W ASH     : @ 54690.702: Unhandled msg ID 999: line 1277
09-02 01:05:04.251   901  1000 E ASH     : @ 54690.702: No pb callback assigned
09-02 01:05:04.251   901  1000 E ASH     : @ 54690.702: Nanopb error: callback failed:1588
09-02 01:05:04.327   901  1000 D VSC     : @ 54690.778: [WO] tilt angle 87
09-02 01:05:04.947   901  2806 I sensors-hal: [ssc_utils]get_qmi_debug_flag:244, support_qmi_debug : false
09-02 01:05:04.967   901  1000 W ASH     : @ 54691.419: Unhandled msg ID 999: line 1277
09-02 01:05:04.968   901  1000 E ASH     : @ 54691.419: No pb callback assigned
09-02 01:05:04.968   901  1000 E ASH     : @ 54691.419: Nanopb error: callback failed:1588
09-02 01:05:05.057   901  2806 I sensors-hal: [ssc_utils]get_qmi_debug_flag:244, support_qmi_debug : false
09-02 01:05:05.087   901  1000 W ASH     : @ 54691.538: Unhandled msg ID 999: line 1277
09-02 01:05:05.088   901  1000 E ASH     : @ 54691.538: No pb callback assigned
09-02 01:05:05.088   901  1000 E ASH     : @ 54691.538: Nanopb error: callback failed:1588
09-02 01:05:05.402  1513  2000 D ConnectivityService: NetReassign [no changes]
09-02 01:05:05.959   901  2806 I sensors-hal: [ssc_utils]get_qmi_debug_flag:244, support_qmi_debug : false
09-02 01:05:05.967   594 28441 I SDM     : HWDeviceDRM::UpdateMixerAttributes: Mixer WxH 1080x2340-1 for Peripheral
09-02 01:05:05.967   594 28441 I SDM     : DisplayBase::SetActiveConfig: Active configuration changed to: 0
09-02 01:05:05.968   594 28441 I SDM     : StrategyImpl::SetIdleTimeoutMs: Idle timeout set to zero for command mode panels
09-02 01:05:05.972   901  1000 W ASH     : @ 54692.423: Unhandled msg ID 999: line 1277
09-02 01:05:05.972   901  1000 E ASH     : @ 54692.423: No pb callback assigned
09-02 01:05:05.972   901  1000 E ASH     : @ 54692.423: Nanopb error: callback failed:1588
09-02 01:05:05.973   901  2806 I sensors-hal: [ssc_utils]get_qmi_debug_flag:244, support_qmi_debug : false
09-02 01:05:06.007   901  1000 W ASH     : @ 54692.458: Unhandled msg ID 999: line 1277
09-02 01:05:06.007   901  1000 E ASH     : @ 54692.458: No pb callback assigned
09-02 01:05:06.007   901  1000 E ASH     : @ 54692.458: Nanopb error: callback failed:1588
09-02 01:05:06.018  1513  1572 I DisplayManagerService: Display device changed: DisplayDeviceInfo{"Built-in Screen": uniqueId="local:19260504575090817", 1080 x 2340, modeId 2, defaultModeId 2, supportedModes [{id=1, width=1080, height=2340, fps=90.0}, {id=2, width=1080, height=2340, fps=60.000004}], colorMode 0, supportedColorModes [0, 7, 9], HdrCapabilities HdrCapabilities{mSupportedHdrTypes=[2, 3, 4], mMaxLuminance=500.0, mMaxAverageLuminance=500.0, mMinLuminance=0.0}, allmSupported false, gameContentTypeSupported false, density 440, 435.428 x 433.839 dpi, appVsyncOff 2333332, presDeadline 11500000, cutout DisplayCutout{insets=Rect(0, 136 - 0, 0) waterfall=Insets{left=0, top=0, right=0, bottom=0} boundingRect={Bounds=[Rect(0, 0 - 0, 0), Rect(0, 0 - 136, 136), Rect(0, 0 - 0, 0), Rect(0, 0 - 0, 0)]}}, touch INTERNAL, rotation 0, type INTERNAL, address {port=129, model=0x446d53ad64a0}, deviceProductInfo DeviceProductInfo{name=, manufacturerPnpId=QCM, productId=1, modelYear=null, manufactureDate=ManufactureDate{week=27, year=2006}, relativeAddress=null}, state ON, FLAG_DEFAULT_DISPLAY, FLAG_ROTATES_WITH_CONTENT, FLAG_SECURE, FLAG_SUPPORTS_PROTECTED_BUFFERS}
09-02 01:05:06.019   594 28441 I SDM     : StrategyImpl::SetIdleTimeoutMs: Idle timeout set to zero for command mode panels
09-02 01:05:06.289   901  1000 D VSC     : @ 54692.738: [WO] tilt angle 87
09-02 01:05:06.370  2816 13017 I AlarmManager: setExactAndAllowWhileIdle [name: GCM_HB_ALARM type: 2 triggerAtMillis: 54749596]
09-02 01:05:06.374  2816 13017 E WakeLock: GCM_HB_ALARM release without a matched acquire!
09-02 01:05:06.462  2816  6621 I AlarmManager: setExactAndAllowWhileIdle [name: GCM_HB_ALARM type: 2 triggerAtMillis: 56419688]
09-02 01:05:07.639  1513  1513 W ActivityManager: type=1400 audit(0.0:6540): avc: denied { getpgid } for scontext=u:r:system_server:s0 tcontext=u:r:app_zygote:s0:c512,c768 tclass=process permissive=0
09-02 01:05:07.639  1513  1513 I chatty  : uid=1000(system) Binder:1513_3 identical 1 line
09-02 01:05:07.643  1513  1624 E libprocessgroup: getpgid(16500) failed: Permission denied
09-02 01:05:07.646  1513  1513 W ActivityManager: type=1400 audit(0.0:6542): avc: denied { getpgid } for scontext=u:r:system_server:s0 tcontext=u:r:app_zygote:s0:c512,c768 tclass=process permissive=0
09-02 01:05:07.646  1513  1513 W ActivityManager: type=1400 audit(0.0:6543): avc: denied { getpgid } for scontext=u:r:system_server:s0 tcontext=u:r:app_zygote:s0:c512,c768 tclass=process permissive=0
09-02 01:05:07.650  1513  1624 E libprocessgroup: getpgid(16500) failed: Permission denied
09-02 01:05:07.653  1513  1513 W ActivityManager: type=1400 audit(0.0:6544): avc: denied { getpgid } for scontext=u:r:system_server:s0 tcontext=u:r:app_zygote:s0:c512,c768 tclass=process permissive=0
09-02 01:05:07.656  1513  1624 E libprocessgroup: getpgid(16500) failed: Permission denied
09-02 01:05:07.674  1513  1624 I chatty  : uid=1000(system) ActivityManager identical 3 lines
09-02 01:05:07.680  1513  1624 E libprocessgroup: getpgid(16500) failed: Permission denied
09-02 01:05:07.684   778   778 I Zygote  : Process 16500 exited due to signal 9 (Killed)
09-02 01:05:07.686  1513  1624 I libprocessgroup: Successfully killed process cgroup uid 10220 pid 16500 in 42ms
09-02 01:05:08.288   901  1000 D VSC     : @ 54694.738: [WO] tilt angle 87
09-02 01:05:08.425  1513  2000 D ConnectivityService: NetReassign [no changes]
