09-02 00:12:23.981   901  1000 W ASH     : @ 51530.432: Unhandled msg ID 999: line 1277
09-02 00:12:23.981   901  1000 E ASH     : @ 51530.432: No pb callback assigned
09-02 00:12:23.981   901  1000 E ASH     : @ 51530.432: Nanopb error: callback failed:1588
09-02 00:12:24.063 28382 31174 I BatteryMgr:DataCollectionService: stats => 1693606344063,6713,4399
09-02 00:12:24.166 28382 31174 I BatteryMgr:DataCollectionService: stats => 1693606344166,6713,4399
09-02 00:12:24.169   901  1000 D VSC     : @ 51530.620: [WO] tilt angle 89
09-02 00:12:24.205  1513  2000 D ConnectivityService: NetReassign [no changes]
09-02 00:12:24.226   901  2806 I sensors-hal: [ssc_utils]get_qmi_debug_flag:244, support_qmi_debug : false
09-02 00:12:24.247   901  1000 W ASH     : @ 51530.698: Unhandled msg ID 999: line 1277
09-02 00:12:24.247   901  1000 E ASH     : @ 51530.698: No pb callback assigned
09-02 00:12:24.247   901  1000 E ASH     : @ 51530.698: Nanopb error: callback failed:1588
09-02 00:12:24.261  1513  3230 W UriGrantsManagerService: No permission grants found for com.google.android.apps.photos
09-02 00:12:24.269 28382 31174 I BatteryMgr:DataCollectionService: stats => 1693606344269,6713,4399
09-02 00:12:24.297   901  1000 I ASH     : @ 51530.749: tcs3701: ADC is saturated, removed sample from FIFO.
09-02 00:12:24.373 28382 31174 I BatteryMgr:DataCollectionService: stats => 1693606344373,6713,4399
09-02 00:12:24.411  1513  3230 I chatty  : uid=1000(system) Binder:1513_13 identical 4 lines
09-02 00:12:24.412  1513  3230 W UriGrantsManagerService: No permission grants found for com.google.android.apps.photos
09-02 00:12:24.476 28382 31174 I BatteryMgr:DataCollectionService: stats => 1693606344476,6713,4399
09-02 00:12:24.577   901  2806 I sensors-hal: [ssc_utils]get_qmi_debug_flag:244, support_qmi_debug : false
09-02 00:12:24.579   594 28441 I SDM     : HWDeviceDRM::UpdateMixerAttributes: Mixer WxH 1080x2340-1 for Peripheral
09-02 00:12:24.579   594 28441 I SDM     : DisplayBase::SetActiveConfig: Active configuration changed to: 0
09-02 00:12:24.580   594 28441 I SDM     : StrategyImpl::SetIdleTimeoutMs: Idle timeout set to zero for command mode panels
09-02 00:12:24.580 28382 31174 I BatteryMgr:DataCollectionService: stats => 1693606344580,6713,4399
09-02 00:12:24.590   901  2806 I sensors-hal: [ssc_utils]get_qmi_debug_flag:244, support_qmi_debug : false
09-02 00:12:24.602  1513  1572 I DisplayManagerService: Display device changed: DisplayDeviceInfo{"Built-in Screen": uniqueId="local:19260504575090817", 1080 x 2340, modeId 2, defaultModeId 2, supportedModes [{id=1, width=1080, height=2340, fps=90.0}, {id=2, width=1080, height=2340, fps=60.000004}], colorMode 0, supportedColorModes [0, 7, 9], HdrCapabilities HdrCapabilities{mSupportedHdrTypes=[2, 3, 4], mMaxLuminance=500.0, mMaxAverageLuminance=500.0, mMinLuminance=0.0}, allmSupported false, gameContentTypeSupported false, density 440, 435.428 x 433.839 dpi, appVsyncOff 2333332, presDeadline 11500000, cutout DisplayCutout{insets=Rect(0, 136 - 0, 0) waterfall=Insets{left=0, top=0, right=0, bottom=0} boundingRect={Bounds=[Rect(0, 0 - 0, 0), Rect(0, 0 - 136, 136), Rect(0, 0 - 0, 0), Rect(0, 0 - 0, 0)]}}, touch INTERNAL, rotation 0, type INTERNAL, address {port=129, model=0x446d53ad64a0}, deviceProductInfo DeviceProductInfo{name=, manufacturerPnpId=QCM, productId=1, modelYear=null, manufactureDate=ManufactureDate{week=27, year=2006}, relativeAddress=null}, state ON, FLAG_DEFAULT_DISPLAY, FLAG_ROTATES_WITH_CONTENT, FLAG_SECURE, FLAG_SUPPORTS_PROTECTED_BUFFERS}
09-02 00:12:24.603   594 28441 I SDM     : StrategyImpl::SetIdleTimeoutMs: Idle timeout set to zero for command mode panels
09-02 00:12:24.606   901  1000 W ASH     : @ 51531.058: Unhandled msg ID 999: line 1277
09-02 00:12:24.606   901  1000 E ASH     : @ 51531.058: No pb callback assigned
09-02 00:12:24.606   901  1000 E ASH     : @ 51531.058: Nanopb error: callback failed:1588
09-02 00:12:24.684 28382 31174 I BatteryMgr:DataCollectionService: stats => 1693606344684,6713,4399
09-02 00:12:24.790 28382 31174 I BatteryMgr:DataCollectionService: stats => 1693606344789,6713,4399
09-02 00:12:24.896 28382 31174 I BatteryMgr:DataCollectionService: stats => 1693606344896,6713,4399
09-02 00:12:25.002 28382 31174 I BatteryMgr:DataCollectionService: stats => 1693606345002,6713,4399
09-02 00:12:25.109 28382 31174 I BatteryMgr:DataCollectionService: stats => 1693606345109,6713,4399
09-02 00:12:25.214 28382 31174 I BatteryMgr:DataCollectionService: stats => 1693606345214,6713,4399
09-02 00:12:25.318 28382 31174 I BatteryMgr:DataCollectionService: stats => 1693606345318,6713,4399
09-02 00:12:25.424 28382 31174 I BatteryMgr:DataCollectionService: stats => 1693606345424,6713,4399
09-02 00:12:25.529 28382 31174 I BatteryMgr:DataCollectionService: stats => 1693606345529,6713,4399
09-02 00:12:25.636 28382 31174 I BatteryMgr:DataCollectionService: stats => 1693606345636,6713,4399
09-02 00:12:25.743 28382 31174 I BatteryMgr:DataCollectionService: stats => 1693606345743,6713,4399
09-02 00:12:25.849 28382 31174 I BatteryMgr:DataCollectionService: stats => 1693606345848,6713,4399
09-02 00:12:25.954 28382 31174 I BatteryMgr:DataCollectionService: stats => 1693606345954,6713,4399
09-02 00:12:26.060 28382 31174 I BatteryMgr:DataCollectionService: stats => 1693606346060,6713,4399
09-02 00:12:26.164 28382 31174 I BatteryMgr:DataCollectionService: stats => 1693606346164,6713,4399
09-02 00:12:26.167   901  1000 D VSC     : @ 51532.618: [WO] tilt angle 89
09-02 00:12:26.271 28382 31174 I BatteryMgr:DataCollectionService: stats => 1693606346271,6713,4399
09-02 00:12:26.377 28382 31174 I BatteryMgr:DataCollectionService: stats => 1693606346377,6713,4399
09-02 00:12:26.482 28382 31174 I BatteryMgr:DataCollectionService: stats => 1693606346482,6713,4399
09-02 00:12:26.586 28382 31174 I BatteryMgr:DataCollectionService: stats => 1693606346586,6713,4399
09-02 00:12:26.694 28382 31174 I BatteryMgr:DataCollectionService: stats => 1693606346694,6713,4399
09-02 00:12:26.798 28382 31174 I BatteryMgr:DataCollectionService: stats => 1693606346798,6713,4399
09-02 00:12:26.903 28382 31174 I BatteryMgr:DataCollectionService: stats => 1693606346903,6713,4399
09-02 00:12:27.007 28382 31174 I BatteryMgr:DataCollectionService: stats => 1693606347007,6713,4399
09-02 00:12:27.111 28382 31174 I BatteryMgr:DataCollectionService: stats => 1693606347111,6713,4399
09-02 00:12:27.217 28382 31174 I BatteryMgr:DataCollectionService: stats => 1693606347217,6713,4399
09-02 00:12:27.223  1513  2000 D ConnectivityService: NetReassign [no changes]
09-02 00:12:27.324 28382 31174 I BatteryMgr:DataCollectionService: stats => 1693606347323,6713,4399
09-02 00:12:27.430 28382 31174 I BatteryMgr:DataCollectionService: stats => 1693606347430,6713,4399
09-02 00:12:27.535 28382 31174 I BatteryMgr:DataCollectionService: stats => 1693606347535,6713,4399
09-02 00:12:27.642 28382 31174 I BatteryMgr:DataCollectionService: stats => 1693606347641,6713,4399
09-02 00:12:27.748 28382 31174 I BatteryMgr:DataCollectionService: stats => 1693606347748,6713,4399
09-02 00:12:27.854 28382 31174 I BatteryMgr:DataCollectionService: stats => 1693606347854,6713,4399
09-02 00:12:27.960 28382 31174 I BatteryMgr:DataCollectionService: stats => 1693606347960,6713,4399
09-02 00:12:28.067 28382 31174 I BatteryMgr:DataCollectionService: stats => 1693606348067,6713,4399
09-02 00:12:28.122  1513  1536 I ActivityTaskManager: START u0 {act=android.intent.action.VIEW dat=http://192.168.88.177:8000/... flg=0x10000000 cmp=com.android.chrome/com.google.android.apps.chrome.Main} from uid 2000
09-02 00:12:28.122  1513  1572 D EventSequenceValidator: inc AccIntentStartedEvents to 2
09-02 00:12:28.124 31240 31242 I cmd     : oneway function results will be dropped but finished with status OK and parcel size 4
09-02 00:12:28.126  1513  1572 D EventSequenceValidator: dec AccIntentStartedEvents to 1
09-02 00:12:28.140 28440 28440 E cr_IntentUtils: getInt failed on bundle null
09-02 00:12:28.152  1513  3241 D CompatibilityChangeReporter: Compat change id reported: 135634846; UID 10220; state: DISABLED
09-02 00:12:28.152  1513  3241 D CompatibilityChangeReporter: Compat change id reported: 135754954; UID 10220; state: ENABLED
09-02 00:12:28.152  1513  1625 D CompatibilityChangeReporter: Compat change id reported: 143937733; UID 10220; state: ENABLED
09-02 00:12:28.153   594 28441 I SDM     : HWDeviceDRM::UpdateMixerAttributes: Mixer WxH 1080x2340-1 for Peripheral
09-02 00:12:28.154   594 28441 I SDM     : DisplayBase::SetActiveConfig: Active configuration changed to: 1
09-02 00:12:28.154   594 28441 I SDM     : StrategyImpl::SetIdleTimeoutMs: Idle timeout set to zero for command mode panels
09-02 00:12:28.157  1513  1572 I DisplayManagerService: Display device changed: DisplayDeviceInfo{"Built-in Screen": uniqueId="local:19260504575090817", 1080 x 2340, modeId 1, defaultModeId 2, supportedModes [{id=1, width=1080, height=2340, fps=90.0}, {id=2, width=1080, height=2340, fps=60.000004}], colorMode 0, supportedColorModes [0, 7, 9], HdrCapabilities HdrCapabilities{mSupportedHdrTypes=[2, 3, 4], mMaxLuminance=500.0, mMaxAverageLuminance=500.0, mMinLuminance=0.0}, allmSupported false, gameContentTypeSupported false, density 440, 435.428 x 433.839 dpi, appVsyncOff 2333333, presDeadline 11500000, cutout DisplayCutout{insets=Rect(0, 136 - 0, 0) waterfall=Insets{left=0, top=0, right=0, bottom=0} boundingRect={Bounds=[Rect(0, 0 - 0, 0), Rect(0, 0 - 136, 136), Rect(0, 0 - 0, 0), Rect(0, 0 - 0, 0)]}}, touch INTERNAL, rotation 0, type INTERNAL, address {port=129, model=0x446d53ad64a0}, deviceProductInfo DeviceProductInfo{name=, manufacturerPnpId=QCM, productId=1, modelYear=null, manufactureDate=ManufactureDate{week=27, year=2006}, relativeAddress=null}, state ON, FLAG_DEFAULT_DISPLAY, FLAG_ROTATES_WITH_CONTENT, FLAG_SECURE, FLAG_SUPPORTS_PROTECTED_BUFFERS}
09-02 00:12:28.158   901  2806 I sensors-hal: [ssc_utils]get_qmi_debug_flag:244, support_qmi_debug : false
09-02 00:12:28.166   901  1000 D VSC     : @ 51534.618: [WO] tilt angle 89
09-02 00:12:28.172 28382 31174 I BatteryMgr:DataCollectionService: stats => 1693606348172,6713,4399
09-02 00:12:28.178 28491 28491 D Zygote  : Forked child process 31251
09-02 00:12:28.180 31251 31251 E libc    : SetHeapTaggingLevel: re-enabling tagging after it was disabled is not supported
09-02 00:12:28.185 31251 31251 E cessService0:8: Not starting debugger since process cannot load the jdwp agent.
09-02 00:12:28.188  1513  1625 I ActivityManager: Start proc 31251:com.android.chrome:sandboxed_process0:org.chromium.content.app.SandboxedProcessService0:85/u0ai85 for  {com.android.chrome/org.chromium.content.app.SandboxedProcessService0:85}
09-02 00:12:28.199  1513  3223 D CompatibilityChangeReporter: Compat change id reported: 136274596; UID 10220; state: ENABLED
09-02 00:12:28.201 28440 28440 I cr_OfflineDetector: Running updateState mConnectivityDetectorInitialized: true, mTimeWhenLastForegrounded: 51531426, getElapsedTime: 51531426, mTimeWhenLastOfflineNotificationReceived: 0, mTimeWhenLastOnline: 51521502, mApplicationState: 1, mIsOfflineLastReportedByConnectivityDetector: false, mIsEffectivelyOffline: false
09-02 00:12:28.201 28440 28440 I cr_OfflineDetector: updateState(): timeSinceLastForeground: 0, timeSinceOfflineNotificationReceived: 51531426, timeSinceLastOnline: 9924, timeNeededForForeground: 2000, timeNeededForOffline: -51529426
09-02 00:12:28.206   901  1000 W ASH     : @ 51534.658: Unhandled msg ID 999: line 1277
09-02 00:12:28.206   901  1000 E ASH     : @ 51534.658: No pb callback assigned
09-02 00:12:28.206   901  1000 E ASH     : @ 51534.658: Nanopb error: callback failed:1588
09-02 00:12:28.219 31251 31251 I LoadedApk: No resource references to update in package com.google.android.trichromelibrary
09-02 00:12:28.219 31251 31251 D NetworkSecurityConfig: Using Network Security Config from resource 0_resource_name_obfuscated debugBuild: false
09-02 00:12:28.221 31251 31251 D NetworkSecurityConfig: Using Network Security Config from resource 0_resource_name_obfuscated debugBuild: false
09-02 00:12:28.222 31251 31251 I cr_SplitCompatApp: Launched version=107.0.5304.91 minSdkVersion=29 isBundle=true processName=com.android.chrome:sandboxed_process0:org.chromium.content.app.SandboxedProcessService0:85 isIsolated=true
09-02 00:12:28.225   594 28441 I SDM     : HWDeviceDRM::UpdateMixerAttributes: Mixer WxH 1080x2340-1 for Peripheral
09-02 00:12:28.225   594 28441 I SDM     : DisplayBase::SetActiveConfig: Active configuration changed to: 0
09-02 00:12:28.225   594 28441 I SDM     : StrategyImpl::SetIdleTimeoutMs: Idle timeout set to zero for command mode panels
09-02 00:12:28.228   901  2806 I sensors-hal: [ssc_utils]get_qmi_debug_flag:244, support_qmi_debug : false
09-02 00:12:28.235  1513  1572 I DisplayManagerService: Display device changed: DisplayDeviceInfo{"Built-in Screen": uniqueId="local:19260504575090817", 1080 x 2340, modeId 2, defaultModeId 2, supportedModes [{id=1, width=1080, height=2340, fps=90.0}, {id=2, width=1080, height=2340, fps=60.000004}], colorMode 0, supportedColorModes [0, 7, 9], HdrCapabilities HdrCapabilities{mSupportedHdrTypes=[2, 3, 4], mMaxLuminance=500.0, mMaxAverageLuminance=500.0, mMinLuminance=0.0}, allmSupported false, gameContentTypeSupported false, density 440, 435.428 x 433.839 dpi, appVsyncOff 2333332, presDeadline 11500000, cutout DisplayCutout{insets=Rect(0, 136 - 0, 0) waterfall=Insets{left=0, top=0, right=0, bottom=0} boundingRect={Bounds=[Rect(0, 0 - 0, 0), Rect(0, 0 - 136, 136), Rect(0, 0 - 0, 0), Rect(0, 0 - 0, 0)]}}, touch INTERNAL, rotation 0, type INTERNAL, address {port=129, model=0x446d53ad64a0}, deviceProductInfo DeviceProductInfo{name=, manufacturerPnpId=QCM, productId=1, modelYear=null, manufactureDate=ManufactureDate{week=27, year=2006}, relativeAddress=null}, state ON, FLAG_DEFAULT_DISPLAY, FLAG_ROTATES_WITH_CONTENT, FLAG_SECURE, FLAG_SUPPORTS_PROTECTED_BUFFERS}
09-02 00:12:28.236   594 28441 I SDM     : StrategyImpl::SetIdleTimeoutMs: Idle timeout set to zero for command mode panels
09-02 00:12:28.236 31251 31251 W SystemServiceRegistry: No service published for: uimode
09-02 00:12:28.242 31251 31251 I cr_ChildProcessService: Creating new ChildProcessService pid=31251
09-02 00:12:28.246   901  1000 W ASH     : @ 51534.698: Unhandled msg ID 999: line 1277
09-02 00:12:28.246   901  1000 E ASH     : @ 51534.698: No pb callback assigned
09-02 00:12:28.246   901  1000 E ASH     : @ 51534.698: Nanopb error: callback failed:1588
09-02 00:12:28.248 28440 28440 I cr_tabmodel: Appending tabs being restored to metadata lists, 0, startingNormalCount: 107, startingIncognitoCount: 0
09-02 00:12:28.248 28440 28440 I cr_tabmodel: Serializing tab lists; counts: 107, 0
09-02 00:12:28.257  2858  2858 I GoogleInputMethodService: GoogleInputMethodService.onFinishInput():3280 
09-02 00:12:28.257 31251 31267 I cr_LibraryLoader: Using ModernLinker
09-02 00:12:28.259  2858  2858 I GoogleInputMethodService: GoogleInputMethodService.updateDeviceLockedStatus():2169 repeatCheckTimes = 0, unlocked = true
09-02 00:12:28.259  2858  2858 I GoogleInputMethodService: GoogleInputMethodService.onStartInput():1960 onStartInput(EditorInfo{inputType=0x0(NULL) imeOptions=0x12000000 privateImeOptions=null actionName=UNSPECIFIED actionLabel=null actionId=0 initialSelStart=-1 initialSelEnd=-1 initialCapsMode=0x0 hintText=null label=null packageName=com.android.chrome fieldId=-1 fieldName=null extras=null}, false)
09-02 00:12:28.259  2858  2858 I GoogleInputMethodService: GoogleInputMethodService.shouldHideHeaderOnInitialState():4081 ShouldHideHeaderOnInitialState = false
09-02 00:12:28.259 31251 31267 W linker  : Warning: "/data/app/~~_KLlx60MH8CoecPTjMKp8g==/com.android.chrome-kw9RHYrlHKb9bPXi8OTClw==/base.apk!/lib/arm64-v8a/libchromium_android_linker.so" unused DT entry: unknown processor-specific (type 0x70000001 arg 0x0) (ignoring)
09-02 00:12:28.260  2858  2858 I GoogleInputMethodService: GoogleInputMethodService.updateDeviceLockedStatus():2169 repeatCheckTimes = 2, unlocked = true
09-02 00:12:28.261 31251 31267 E cr_ChromiumAndroidLinker: ReserveAddressWithHint: Address range starting at 0x7a38724000 was not free to use
09-02 00:12:28.270 31251 31276 I cr_LibraryLoader: Successfully loaded native library
09-02 00:12:28.271 31251 31276 I cr_CachingUmaRecorder: Flushed 3 samples from 3 histograms.
09-02 00:12:28.275 28382 31174 I BatteryMgr:DataCollectionService: stats => 1693606348275,6713,4399
09-02 00:12:28.317 31251 31276 I tflite  : Initialized TensorFlow Lite runtime.
09-02 00:12:28.381 28382 31174 I BatteryMgr:DataCollectionService: stats => 1693606348380,6713,4399
09-02 00:12:28.484 28382 31174 I BatteryMgr:DataCollectionService: stats => 1693606348484,6713,4399
09-02 00:12:28.590 28382 31174 I BatteryMgr:DataCollectionService: stats => 1693606348590,6713,4399
09-02 00:12:28.694 28382 31174 I BatteryMgr:DataCollectionService: stats => 1693606348694,6713,4399
09-02 00:12:28.800 28382 31174 I BatteryMgr:DataCollectionService: stats => 1693606348800,6713,4399
09-02 00:12:28.906 28382 31174 I BatteryMgr:DataCollectionService: stats => 1693606348906,6713,4399
09-02 00:12:29.013 28382 31174 I BatteryMgr:DataCollectionService: stats => 1693606349013,6713,4399
09-02 00:12:29.121 28382 31174 I BatteryMgr:DataCollectionService: stats => 1693606349120,6713,4399
09-02 00:12:29.227 28382 31174 I BatteryMgr:DataCollectionService: stats => 1693606349227,6713,4399
09-02 00:12:29.329 28440 28440 E cr_BTSPrefs: No data found for task id: 56
09-02 00:12:29.329 28440 28440 E cr_BkgrdTaskScheduler: Task cannot be canceled because no data was found instorage or data was invalid
09-02 00:12:29.332 28382 31174 I BatteryMgr:DataCollectionService: stats => 1693606349332,6713,4399
09-02 00:12:29.440 28382 31174 I BatteryMgr:DataCollectionService: stats => 1693606349440,6713,4399
09-02 00:12:29.547 28382 31174 I BatteryMgr:DataCollectionService: stats => 1693606349547,6713,4399
09-02 00:12:29.654 28382 31174 I BatteryMgr:DataCollectionService: stats => 1693606349653,6713,4399
09-02 00:12:29.760 28382 31174 I BatteryMgr:DataCollectionService: stats => 1693606349759,6713,4399
09-02 00:12:29.866 28382 31174 I BatteryMgr:DataCollectionService: stats => 1693606349866,6713,4399
09-02 00:12:29.972 28382 31174 I BatteryMgr:DataCollectionService: stats => 1693606349972,6713,4399
09-02 00:12:30.079 28382 31174 I BatteryMgr:DataCollectionService: stats => 1693606350079,6713,4399
09-02 00:12:30.166   901  1000 D VSC     : @ 51536.618: [WO] tilt angle 89
09-02 00:12:30.185 28382 31174 I BatteryMgr:DataCollectionService: stats => 1693606350185,6713,4399
09-02 00:12:30.238  1513  2000 D ConnectivityService: NetReassign [no changes]
09-02 00:12:30.292 28382 31174 I BatteryMgr:DataCollectionService: stats => 1693606350292,6713,4399
09-02 00:12:30.398 28382 31174 I BatteryMgr:DataCollectionService: stats => 1693606350398,6713,4399
09-02 00:12:30.504 28382 31174 I BatteryMgr:DataCollectionService: stats => 1693606350504,6713,4399
09-02 00:12:30.611 28382 31174 I BatteryMgr:DataCollectionService: stats => 1693606350611,6713,4399
09-02 00:12:30.717 28382 31174 I BatteryMgr:DataCollectionService: stats => 1693606350717,6713,4399
09-02 00:12:30.824 28382 31174 I BatteryMgr:DataCollectionService: stats => 1693606350823,6713,4399
09-02 00:12:30.930 28382 31174 I BatteryMgr:DataCollectionService: stats => 1693606350930,6713,4399
09-02 00:12:31.036 28382 31174 I BatteryMgr:DataCollectionService: stats => 1693606351035,6713,4399
09-02 00:12:31.143 28382 31174 I BatteryMgr:DataCollectionService: stats => 1693606351143,6713,4399
09-02 00:12:31.249 28382 31174 I BatteryMgr:DataCollectionService: stats => 1693606351249,6713,4399
09-02 00:12:31.355 28382 31174 I BatteryMgr:DataCollectionService: stats => 1693606351355,6713,4399
09-02 00:12:31.462 28382 31174 I BatteryMgr:DataCollectionService: stats => 1693606351462,6713,4399
09-02 00:12:31.568 28382 31174 I BatteryMgr:DataCollectionService: stats => 1693606351568,6713,4399
09-02 00:12:31.674 28382 31174 I BatteryMgr:DataCollectionService: stats => 1693606351673,6713,4399
09-02 00:12:31.779 28382 31174 I BatteryMgr:DataCollectionService: stats => 1693606351779,6713,4399
09-02 00:12:31.886 28382 31174 I BatteryMgr:DataCollectionService: stats => 1693606351886,6713,4399
09-02 00:12:31.992 28382 31174 I BatteryMgr:DataCollectionService: stats => 1693606351992,11291,4399
09-02 00:12:32.099 28382 31174 I BatteryMgr:DataCollectionService: stats => 1693606352099,11291,4399
09-02 00:12:32.166   901  1000 D VSC     : @ 51538.618: [WO] tilt angle 89
09-02 00:12:32.207 28382 31174 I BatteryMgr:DataCollectionService: stats => 1693606352206,11291,4399
09-02 00:12:32.310 28382 31174 I BatteryMgr:DataCollectionService: stats => 1693606352310,11291,4399
09-02 00:12:32.416 28382 31174 I BatteryMgr:DataCollectionService: stats => 1693606352416,11291,4399
09-02 00:12:32.523 28382 31174 I BatteryMgr:DataCollectionService: stats => 1693606352523,11291,4399
09-02 00:12:32.630 28382 31174 I BatteryMgr:DataCollectionService: stats => 1693606352630,11291,4399
09-02 00:12:32.736 28382 31174 I BatteryMgr:DataCollectionService: stats => 1693606352736,11291,4399
09-02 00:12:32.843 28382 31174 I BatteryMgr:DataCollectionService: stats => 1693606352843,11291,4399
09-02 00:12:32.949 28382 31174 I BatteryMgr:DataCollectionService: stats => 1693606352949,11291,4399
09-02 00:12:33.053 28382 31174 I BatteryMgr:DataCollectionService: stats => 1693606353053,11291,4399
09-02 00:12:33.158 28382 31174 I BatteryMgr:DataCollectionService: stats => 1693606353158,11291,4399
09-02 00:12:33.252  1513  2000 D ConnectivityService: NetReassign [no changes]
09-02 00:12:33.264 28382 31174 I BatteryMgr:DataCollectionService: stats => 1693606353264,11291,4399
09-02 00:12:33.361 31310 31312 I cmd     : oneway function results will be dropped but finished with status OK and parcel size 4
09-02 00:12:33.403   594 28441 I SDM     : HWDeviceDRM::UpdateMixerAttributes: Mixer WxH 1080x2340-1 for Peripheral
09-02 00:12:33.403   594 28441 I SDM     : DisplayBase::SetActiveConfig: Active configuration changed to: 1
09-02 00:12:33.403   594 28441 I SDM     : StrategyImpl::SetIdleTimeoutMs: Idle timeout set to zero for command mode panels
09-02 00:12:33.407   901  2806 I sensors-hal: [ssc_utils]get_qmi_debug_flag:244, support_qmi_debug : false
09-02 00:12:33.407  1513  1572 I DisplayManagerService: Display device changed: DisplayDeviceInfo{"Built-in Screen": uniqueId="local:19260504575090817", 1080 x 2340, modeId 1, defaultModeId 2, supportedModes [{id=1, width=1080, height=2340, fps=90.0}, {id=2, width=1080, height=2340, fps=60.000004}], colorMode 0, supportedColorModes [0, 7, 9], HdrCapabilities HdrCapabilities{mSupportedHdrTypes=[2, 3, 4], mMaxLuminance=500.0, mMaxAverageLuminance=500.0, mMinLuminance=0.0}, allmSupported false, gameContentTypeSupported false, density 440, 435.428 x 433.839 dpi, appVsyncOff 2333333, presDeadline 11500000, cutout DisplayCutout{insets=Rect(0, 136 - 0, 0) waterfall=Insets{left=0, top=0, right=0, bottom=0} boundingRect={Bounds=[Rect(0, 0 - 0, 0), Rect(0, 0 - 136, 136), Rect(0, 0 - 0, 0), Rect(0, 0 - 0, 0)]}}, touch INTERNAL, rotation 0, type INTERNAL, address {port=129, model=0x446d53ad64a0}, deviceProductInfo DeviceProductInfo{name=, manufacturerPnpId=QCM, productId=1, modelYear=null, manufactureDate=ManufactureDate{week=27, year=2006}, relativeAddress=null}, state ON, FLAG_DEFAULT_DISPLAY, FLAG_ROTATES_WITH_CONTENT, FLAG_SECURE, FLAG_SUPPORTS_PROTECTED_BUFFERS}
09-02 00:12:33.446   901  1000 W ASH     : @ 51539.898: Unhandled msg ID 999: line 1277
09-02 00:12:33.447   901  1000 E ASH     : @ 51539.898: No pb callback assigned
09-02 00:12:33.447   901  1000 E ASH     : @ 51539.898: Nanopb error: callback failed:1588
09-02 00:12:33.573   901  2806 I sensors-hal: [ssc_utils]get_qmi_debug_flag:244, support_qmi_debug : false
09-02 00:12:33.599  1513  2570 I ActivityManager: Force stopping com.android.chrome appid=10220 user=0: from pid 31336
09-02 00:12:33.600  1513  2570 I ActivityManager: Killing 28535:com.android.chrome:privileged_process0/u0a220 (adj 0): stop com.android.chrome due to from pid 31336
09-02 00:12:33.601 28440 28490 W cr_ChildProcessConn: onServiceDisconnected (crash or killed by oom): pid=28535 bindings:W  S
09-02 00:12:33.602  1513  2570 I ActivityManager: Killing 28440:com.android.chrome/u0a220 (adj 0): stop com.android.chrome due to from pid 31336
09-02 00:12:33.607 30717 30717 I cr_ChildProcessService: Destroying ChildProcessService pid=30717
09-02 00:12:33.607   901  1000 W ASH     : @ 51540.058: Unhandled msg ID 999: line 1277
09-02 00:12:33.607   901  1000 E ASH     : @ 51540.058: No pb callback assigned
09-02 00:12:33.607   901  1000 E ASH     : @ 51540.058: Nanopb error: callback failed:1588
09-02 00:12:33.609 29568 29568 I cr_ChildProcessService: Destroying ChildProcessService pid=29568
09-02 00:12:33.610 30743 30743 I cr_ChildProcessService: Destroying ChildProcessService pid=30743
09-02 00:12:33.611 30533 30533 I cr_ChildProcessService: Destroying ChildProcessService pid=30533
09-02 00:12:33.612 30817 30817 I cr_ChildProcessService: Destroying ChildProcessService pid=30817
09-02 00:12:33.613   901  2806 I sensors-hal: [ssc_utils]get_qmi_debug_flag:244, support_qmi_debug : false
09-02 00:12:33.613   778   778 I Zygote  : Process 28535 exited due to signal 9 (Killed)
09-02 00:12:33.614 29106 29106 I cr_ChildProcessService: Destroying ChildProcessService pid=29106
09-02 00:12:33.614 29380 29380 I cr_ChildProcessService: Destroying ChildProcessService pid=29380
09-02 00:12:33.616 30898 30898 I cr_ChildProcessService: Destroying ChildProcessService pid=30898
09-02 00:12:33.618 29034 29034 I cr_ChildProcessService: Destroying ChildProcessService pid=29034
09-02 00:12:33.618 29663 29663 I cr_ChildProcessService: Destroying ChildProcessService pid=29663
09-02 00:12:33.621 30388 30388 I cr_ChildProcessService: Destroying ChildProcessService pid=30388
09-02 00:12:33.625 29541 29541 I cr_ChildProcessService: Destroying ChildProcessService pid=29541
09-02 00:12:33.626 29231 29231 I cr_ChildProcessService: Destroying ChildProcessService pid=29231
09-02 00:12:33.627 29078 29078 I cr_ChildProcessService: Destroying ChildProcessService pid=29078
09-02 00:12:33.627  1513  1640 I libprocessgroup: Successfully killed process cgroup uid 10220 pid 28535 in 26ms
09-02 00:12:33.628 28673 28673 I cr_ChildProcessService: Destroying ChildProcessService pid=28673
09-02 00:12:33.629 30589 30589 I cr_ChildProcessService: Destroying ChildProcessService pid=30589
09-02 00:12:33.630 30195 30195 I cr_ChildProcessService: Destroying ChildProcessService pid=30195
09-02 00:12:33.631 30472 30472 I cr_ChildProcessService: Destroying ChildProcessService pid=30472
09-02 00:12:33.633 29994 29994 I cr_ChildProcessService: Destroying ChildProcessService pid=29994
09-02 00:12:33.633 29754 29754 I cr_ChildProcessService: Destroying ChildProcessService pid=29754
09-02 00:12:33.636 28957 28957 I cr_ChildProcessService: Destroying ChildProcessService pid=28957
09-02 00:12:33.639 30164 30164 I cr_ChildProcessService: Destroying ChildProcessService pid=30164
09-02 00:12:33.640 28992 28992 I cr_ChildProcessService: Destroying ChildProcessService pid=28992
09-02 00:12:33.642 29628 29628 I cr_ChildProcessService: Destroying ChildProcessService pid=29628
09-02 00:12:33.643   901  1000 I ASH     : @ 51540.095: tcs3701: ADC is saturated, removed sample from FIFO.
09-02 00:12:33.644  1513  2570 W ActivityTaskManager: Force removing ActivityRecord{56cf71f u0 com.android.chrome/com.google.android.apps.chrome.Main t1964 f}}: app died, no saved state
09-02 00:12:33.644 30875 30875 I cr_ChildProcessService: Destroying ChildProcessService pid=30875
09-02 00:12:33.646 30777 30777 I cr_ChildProcessService: Destroying ChildProcessService pid=30777
09-02 00:12:33.649 29361 29361 I cr_ChildProcessService: Destroying ChildProcessService pid=29361
09-02 00:12:33.652 28933 28933 I cr_ChildProcessService: Destroying ChildProcessService pid=28933
09-02 00:12:33.652  1513  3241 D ConnectivityService: ConnectivityService NetworkRequestInfo binderDied(NetworkRequest [ TRACK_DEFAULT id=2383, [ Capabilities: INTERNET&NOT_RESTRICTED&TRUSTED Uid: 10220 AdministratorUids: [] RequestorUid: 10220 RequestorPackageName: com.android.chrome] ], android.os.BinderProxy@6e48356)
09-02 00:12:33.652  1513  2571 D ConnectivityService: ConnectivityService NetworkRequestInfo binderDied(NetworkRequest [ TRACK_DEFAULT id=2385, [ Capabilities: INTERNET&NOT_RESTRICTED&TRUSTED Uid: 10220 AdministratorUids: [] RequestorUid: 10220 RequestorPackageName: com.android.chrome] ], android.os.BinderProxy@703b0c4)
09-02 00:12:33.652  1513  2169 D ConnectivityService: ConnectivityService NetworkRequestInfo binderDied(NetworkRequest [ LISTEN id=2386, [ Capabilities: INTERNET&NOT_RESTRICTED&TRUSTED&FOREGROUND Uid: 10220 AdministratorUids: [] RequestorUid: 10220 RequestorPackageName: com.android.chrome] ], android.os.BinderProxy@8062bad)
09-02 00:12:33.652  1513  2571 D ConnectivityService: ConnectivityService NetworkRequestInfo binderDied(NetworkRequest [ LISTEN id=2388, [ Capabilities: INTERNET&NOT_RESTRICTED&TRUSTED&FOREGROUND Uid: 10220 AdministratorUids: [] RequestorUid: 10220 RequestorPackageName: com.android.chrome] ], android.os.BinderProxy@bd7ee2)
09-02 00:12:33.652  1513  3241 D ConnectivityService: ConnectivityService NetworkRequestInfo binderDied(NetworkRequest [ TRACK_DEFAULT id=2387, [ Capabilities: INTERNET&NOT_RESTRICTED&TRUSTED Uid: 10220 AdministratorUids: [] RequestorUid: 10220 RequestorPackageName: com.android.chrome] ], android.os.BinderProxy@2241273)
09-02 00:12:33.652  1513  2000 D ConnectivityService: releasing NetworkRequest [ TRACK_DEFAULT id=2383, [ Capabilities: INTERNET&NOT_RESTRICTED&TRUSTED Uid: 10220 AdministratorUids: [] RequestorUid: 10220 RequestorPackageName: com.android.chrome] ] (release request)
09-02 00:12:33.652  1513  7910 D ConnectivityService: ConnectivityService NetworkRequestInfo binderDied(NetworkRequest [ LISTEN id=2384, [ Capabilities: INTERNET&NOT_RESTRICTED&TRUSTED&FOREGROUND Uid: 10220 AdministratorUids: [] RequestorUid: 10220 RequestorPackageName: com.android.chrome] ], android.os.BinderProxy@9d44fd7)
09-02 00:12:33.652   778   778 I Zygote  : Process 28440 exited due to signal 9 (Killed)
09-02 00:12:33.654  1513  2000 D ConnectivityService: releasing NetworkRequest [ TRACK_DEFAULT id=2385, [ Capabilities: INTERNET&NOT_RESTRICTED&TRUSTED Uid: 10220 AdministratorUids: [] RequestorUid: 10220 RequestorPackageName: com.android.chrome] ] (release request)
09-02 00:12:33.654  1513  2000 D ConnectivityService: releasing NetworkRequest [ TRACK_DEFAULT id=2387, [ Capabilities: INTERNET&NOT_RESTRICTED&TRUSTED Uid: 10220 AdministratorUids: [] RequestorUid: 10220 RequestorPackageName: com.android.chrome] ] (release request)
09-02 00:12:33.661  1513  2570 I ActivityManager: Killing 31251:com.android.chrome:sandboxed_process0:org.chromium.content.app.SandboxedProcessService0:85/u0a220i-8915 (adj 0): isolated not needed
09-02 00:12:33.662 29258 29258 I cr_ChildProcessService: Destroying ChildProcessService pid=29258
09-02 00:12:33.662  1513  2570 I ActivityManager: Killing 28530:com.android.chrome:sandboxed_process0:org.chromium.content.app.SandboxedProcessService0:0/u0a220i-9000 (adj 0): isolated not needed
09-02 00:12:33.662  1513  2570 I ActivityManager: Killing 30875:com.android.chrome:sandboxed_process0:org.chromium.content.app.SandboxedProcessService0:83/u0a220i-8917 (adj 0): isolated not needed
09-02 00:12:33.662  1513  2570 I ActivityManager: Killing 30857:com.android.chrome:sandboxed_process0:org.chromium.content.app.SandboxedProcessService0:82/u0a220i-8918 (adj 0): isolated not needed
09-02 00:12:33.663  1513  2570 I ActivityManager: Killing 30817:com.android.chrome:sandboxed_process0:org.chromium.content.app.SandboxedProcessService0:81/u0a220i-8919 (adj 0): isolated not needed
09-02 00:12:33.663  1513  2570 I ActivityManager: Killing 30898:com.android.chrome:sandboxed_process0:org.chromium.content.app.SandboxedProcessService0:84/u0a220i-8916 (adj 0): isolated not needed
09-02 00:12:33.663  1513  2570 I ActivityManager: Killing 30796:com.android.chrome:sandboxed_process0:org.chromium.content.app.SandboxedProcessService0:80/u0a220i-8920 (adj 0): isolated not needed
09-02 00:12:33.664  1513  2570 I ActivityManager: Killing 30743:com.android.chrome:sandboxed_process0:org.chromium.content.app.SandboxedProcessService0:78/u0a220i-8922 (adj 0): isolated not needed
09-02 00:12:33.664  1513  2570 I ActivityManager: Killing 30777:com.android.chrome:sandboxed_process0:org.chromium.content.app.SandboxedProcessService0:79/u0a220i-8921 (adj 0): isolated not needed
09-02 00:12:33.664  1513  2570 I ActivityManager: Killing 30589:com.android.chrome:sandboxed_process0:org.chromium.content.app.SandboxedProcessService0:72/u0a220i-8928 (adj 0): isolated not needed
09-02 00:12:33.665  1513  2570 I ActivityManager: Killing 30717:com.android.chrome:sandboxed_process0:org.chromium.content.app.SandboxedProcessService0:77/u0a220i-8923 (adj 0): isolated not needed
09-02 00:12:33.665  1513  2570 I ActivityManager: Killing 30693:com.android.chrome:sandboxed_process0:org.chromium.content.app.SandboxedProcessService0:76/u0a220i-8924 (adj 0): isolated not needed
09-02 00:12:33.665  1513  2570 I ActivityManager: Killing 30670:com.android.chrome:sandboxed_process0:org.chromium.content.app.SandboxedProcessService0:75/u0a220i-8925 (adj 0): isolated not needed
09-02 00:12:33.665  1513  2570 I ActivityManager: Killing 30635:com.android.chrome:sandboxed_process0:org.chromium.content.app.SandboxedProcessService0:74/u0a220i-8926 (adj 0): isolated not needed
09-02 00:12:33.665  1513  2570 I ActivityManager: Killing 30607:com.android.chrome:sandboxed_process0:org.chromium.content.app.SandboxedProcessService0:73/u0a220i-8927 (adj 0): isolated not needed
09-02 00:12:33.665  1513  2570 I ActivityManager: Killing 30499:com.android.chrome:sandboxed_process0:org.chromium.content.app.SandboxedProcessService0:69/u0a220i-8931 (adj 0): isolated not needed
09-02 00:12:33.666  1513  2570 I ActivityManager: Killing 30533:com.android.chrome:sandboxed_process0:org.chromium.content.app.SandboxedProcessService0:71/u0a220i-8929 (adj 0): isolated not needed
09-02 00:12:33.666  1513  2570 I ActivityManager: Killing 30522:com.android.chrome:sandboxed_process0:org.chromium.content.app.SandboxedProcessService0:70/u0a220i-8930 (adj 0): isolated not needed
09-02 00:12:33.666  1513  2570 I ActivityManager: Killing 30435:com.android.chrome:sandboxed_process0:org.chromium.content.app.SandboxedProcessService0:67/u0a220i-8933 (adj 0): isolated not needed
09-02 00:12:33.666  1513  2570 I ActivityManager: Killing 30472:com.android.chrome:sandboxed_process0:org.chromium.content.app.SandboxedProcessService0:68/u0a220i-8932 (adj 0): isolated not needed
09-02 00:12:33.666  1513  2570 I ActivityManager: Killing 30404:com.android.chrome:sandboxed_process0:org.chromium.content.app.SandboxedProcessService0:66/u0a220i-8934 (adj 0): isolated not needed
09-02 00:12:33.666  1513  2570 I ActivityManager: Killing 30388:com.android.chrome:sandboxed_process0:org.chromium.content.app.SandboxedProcessService0:65/u0a220i-8935 (adj 0): isolated not needed
09-02 00:12:33.667  1513  2570 I ActivityManager: Killing 30352:com.android.chrome:sandboxed_process0:org.chromium.content.app.SandboxedProcessService0:64/u0a220i-8936 (adj 0): isolated not needed
09-02 00:12:33.667  1513  2570 I ActivityManager: Killing 30310:com.android.chrome:sandboxed_process0:org.chromium.content.app.SandboxedProcessService0:62/u0a220i-8938 (adj 0): isolated not needed
09-02 00:12:33.667  1513  2570 I ActivityManager: Killing 30331:com.android.chrome:sandboxed_process0:org.chromium.content.app.SandboxedProcessService0:63/u0a220i-8937 (adj 0): isolated not needed
09-02 00:12:33.667  1513  2570 I ActivityManager: Killing 30254:com.android.chrome:sandboxed_process0:org.chromium.content.app.SandboxedProcessService0:59/u0a220i-8941 (adj 0): isolated not needed
09-02 00:12:33.667  1513  2570 I ActivityManager: Killing 30277:com.android.chrome:sandboxed_process0:org.chromium.content.app.SandboxedProcessService0:60/u0a220i-8940 (adj 0): isolated not needed
09-02 00:12:33.667  1513  2570 I ActivityManager: Killing 30289:com.android.chrome:sandboxed_process0:org.chromium.content.app.SandboxedProcessService0:61/u0a220i-8939 (adj 0): isolated not needed
09-02 00:12:33.667  1513  2570 I ActivityManager: Killing 30240:com.android.chrome:sandboxed_process0:org.chromium.content.app.SandboxedProcessService0:58/u0a220i-8942 (adj 0): isolated not needed
09-02 00:12:33.668  1513  2570 I ActivityManager: Killing 30219:com.android.chrome:sandboxed_process0:org.chromium.content.app.SandboxedProcessService0:57/u0a220i-8943 (adj 0): isolated not needed
09-02 00:12:33.668  1513  2570 I ActivityManager: Killing 30195:com.android.chrome:sandboxed_process0:org.chromium.content.app.SandboxedProcessService0:56/u0a220i-8944 (adj 0): isolated not needed
09-02 00:12:33.668  1513  2570 I ActivityManager: Killing 30164:com.android.chrome:sandboxed_process0:org.chromium.content.app.SandboxedProcessService0:55/u0a220i-8945 (adj 0): isolated not needed
09-02 00:12:33.668  1513  2570 I ActivityManager: Killing 30120:com.android.chrome:sandboxed_process0:org.chromium.content.app.SandboxedProcessService0:53/u0a220i-8947 (adj 0): isolated not needed
09-02 00:12:33.668  1513  2570 I ActivityManager: Killing 30144:com.android.chrome:sandboxed_process0:org.chromium.content.app.SandboxedProcessService0:54/u0a220i-8946 (adj 0): isolated not needed
09-02 00:12:33.669  1513  2570 I ActivityManager: Killing 30098:com.android.chrome:sandboxed_process0:org.chromium.content.app.SandboxedProcessService0:52/u0a220i-8948 (adj 0): isolated not needed
09-02 00:12:33.669  1513  2570 I ActivityManager: Killing 30032:com.android.chrome:sandboxed_process0:org.chromium.content.app.SandboxedProcessService0:50/u0a220i-8950 (adj 0): isolated not needed
09-02 00:12:33.669  1513  2570 I ActivityManager: Killing 30068:com.android.chrome:sandboxed_process0:org.chromium.content.app.SandboxedProcessService0:51/u0a220i-8949 (adj 0): isolated not needed
09-02 00:12:33.669  1513  2570 I ActivityManager: Killing 29994:com.android.chrome:sandboxed_process0:org.chromium.content.app.SandboxedProcessService0:49/u0a220i-8951 (adj 0): isolated not needed
09-02 00:12:33.670  1513  2570 I ActivityManager: Killing 29941:com.android.chrome:sandboxed_process0:org.chromium.content.app.SandboxedProcessService0:47/u0a220i-8953 (adj 0): isolated not needed
09-02 00:12:33.670  1513  2570 I ActivityManager: Killing 29946:com.android.chrome:sandboxed_process0:org.chromium.content.app.SandboxedProcessService0:48/u0a220i-8952 (adj 0): isolated not needed
09-02 00:12:33.670  1513  2570 I ActivityManager: Killing 29921:com.android.chrome:sandboxed_process0:org.chromium.content.app.SandboxedProcessService0:46/u0a220i-8954 (adj 0): isolated not needed
09-02 00:12:33.670  1513  2570 I ActivityManager: Killing 29863:com.android.chrome:sandboxed_process0:org.chromium.content.app.SandboxedProcessService0:44/u0a220i-8956 (adj 0): isolated not needed
09-02 00:12:33.671  1513  2570 I ActivityManager: Killing 29889:com.android.chrome:sandboxed_process0:org.chromium.content.app.SandboxedProcessService0:45/u0a220i-8955 (adj 0): isolated not needed
09-02 00:12:33.671  1513  2570 I ActivityManager: Killing 29836:com.android.chrome:sandboxed_process0:org.chromium.content.app.SandboxedProcessService0:43/u0a220i-8957 (adj 0): isolated not needed
09-02 00:12:33.671  1513  2570 I ActivityManager: Killing 29806:com.android.chrome:sandboxed_process0:org.chromium.content.app.SandboxedProcessService0:42/u0a220i-8958 (adj 0): isolated not needed
09-02 00:12:33.672  1513  2570 I ActivityManager: Killing 29754:com.android.chrome:sandboxed_process0:org.chromium.content.app.SandboxedProcessService0:40/u0a220i-8960 (adj 0): isolated not needed
09-02 00:12:33.672  1513  2570 I ActivityManager: Killing 29783:com.android.chrome:sandboxed_process0:org.chromium.content.app.SandboxedProcessService0:41/u0a220i-8959 (adj 0): isolated not needed
09-02 00:12:33.672  1513  2570 I ActivityManager: Killing 29663:com.android.chrome:sandboxed_process0:org.chromium.content.app.SandboxedProcessService0:38/u0a220i-8962 (adj 0): isolated not needed
09-02 00:12:33.672 28860 28860 I cr_ChildProcessService: Destroying ChildProcessService pid=28860
09-02 00:12:33.672  1513  2570 I ActivityManager: Killing 29710:com.android.chrome:sandboxed_process0:org.chromium.content.app.SandboxedProcessService0:39/u0a220i-8961 (adj 0): isolated not needed
09-02 00:12:33.673  1513  2570 I ActivityManager: Killing 29628:com.android.chrome:sandboxed_process0:org.chromium.content.app.SandboxedProcessService0:37/u0a220i-8963 (adj 0): isolated not needed
09-02 00:12:33.673  1513  2570 I ActivityManager: Killing 29568:com.android.chrome:sandboxed_process0:org.chromium.content.app.SandboxedProcessService0:36/u0a220i-8964 (adj 0): isolated not needed
09-02 00:12:33.673  1513  2570 I ActivityManager: Killing 29468:com.android.chrome:sandboxed_process0:org.chromium.content.app.SandboxedProcessService0:33/u0a220i-8967 (adj 0): isolated not needed
09-02 00:12:33.673  1513  2570 I ActivityManager: Killing 29541:com.android.chrome:sandboxed_process0:org.chromium.content.app.SandboxedProcessService0:35/u0a220i-8965 (adj 0): isolated not needed
09-02 00:12:33.673  1513  2570 I ActivityManager: Killing 29494:com.android.chrome:sandboxed_process0:org.chromium.content.app.SandboxedProcessService0:34/u0a220i-8966 (adj 0): isolated not needed
09-02 00:12:33.673  1513  2570 I ActivityManager: Killing 29449:com.android.chrome:sandboxed_process0:org.chromium.content.app.SandboxedProcessService0:32/u0a220i-8968 (adj 0): isolated not needed
09-02 00:12:33.674  1513  2570 I ActivityManager: Killing 29413:com.android.chrome:sandboxed_process0:org.chromium.content.app.SandboxedProcessService0:31/u0a220i-8969 (adj 0): isolated not needed
09-02 00:12:33.674  1513  2570 I ActivityManager: Killing 29361:com.android.chrome:sandboxed_process0:org.chromium.content.app.SandboxedProcessService0:29/u0a220i-8971 (adj 0): isolated not needed
09-02 00:12:33.674  1513  2570 I ActivityManager: Killing 29380:com.android.chrome:sandboxed_process0:org.chromium.content.app.SandboxedProcessService0:30/u0a220i-8970 (adj 0): isolated not needed
09-02 00:12:33.674  1513  2570 I ActivityManager: Killing 29321:com.android.chrome:sandboxed_process0:org.chromium.content.app.SandboxedProcessService0:27/u0a220i-8973 (adj 0): isolated not needed
09-02 00:12:33.675  1513  2570 I ActivityManager: Killing 29339:com.android.chrome:sandboxed_process0:org.chromium.content.app.SandboxedProcessService0:28/u0a220i-8972 (adj 0): isolated not needed
09-02 00:12:33.675  1513  2570 I ActivityManager: Killing 29289:com.android.chrome:sandboxed_process0:org.chromium.content.app.SandboxedProcessService0:26/u0a220i-8974 (adj 0): isolated not needed
09-02 00:12:33.675  1513  2570 I ActivityManager: Killing 29258:com.android.chrome:sandboxed_process0:org.chromium.content.app.SandboxedProcessService0:25/u0a220i-8975 (adj 0): isolated not needed
09-02 00:12:33.675  1513  2570 I ActivityManager: Killing 29231:com.android.chrome:sandboxed_process0:org.chromium.content.app.SandboxedProcessService0:24/u0a220i-8976 (adj 0): isolated not needed
09-02 00:12:33.676  1513  2570 I ActivityManager: Killing 29174:com.android.chrome:sandboxed_process0:org.chromium.content.app.SandboxedProcessService0:23/u0a220i-8977 (adj 0): isolated not needed
09-02 00:12:33.676  1513  2570 I ActivityManager: Killing 29106:com.android.chrome:sandboxed_process0:org.chromium.content.app.SandboxedProcessService0:21/u0a220i-8979 (adj 0): isolated not needed
09-02 00:12:33.676  1513  2570 I ActivityManager: Killing 29146:com.android.chrome:sandboxed_process0:org.chromium.content.app.SandboxedProcessService0:22/u0a220i-8978 (adj 0): isolated not needed
09-02 00:12:33.676  1513  2570 I ActivityManager: Killing 29078:com.android.chrome:sandboxed_process0:org.chromium.content.app.SandboxedProcessService0:20/u0a220i-8980 (adj 0): isolated not needed
09-02 00:12:33.677  1513  2570 I ActivityManager: Killing 29046:com.android.chrome:sandboxed_process0:org.chromium.content.app.SandboxedProcessService0:18/u0a220i-8982 (adj 0): isolated not needed
09-02 00:12:33.677  1513  2570 I ActivityManager: Killing 29034:com.android.chrome:sandboxed_process0:org.chromium.content.app.SandboxedProcessService0:17/u0a220i-8983 (adj 0): isolated not needed
09-02 00:12:33.677  1513  2570 I ActivityManager: Killing 29065:com.android.chrome:sandboxed_process0:org.chromium.content.app.SandboxedProcessService0:19/u0a220i-8981 (adj 0): isolated not needed
09-02 00:12:33.677  1513  2570 I ActivityManager: Killing 28992:com.android.chrome:sandboxed_process0:org.chromium.content.app.SandboxedProcessService0:16/u0a220i-8984 (adj 0): isolated not needed
09-02 00:12:33.678  1513  2570 I ActivityManager: Killing 28957:com.android.chrome:sandboxed_process0:org.chromium.content.app.SandboxedProcessService0:15/u0a220i-8985 (adj 0): isolated not needed
09-02 00:12:33.678  1513  2570 I ActivityManager: Killing 28933:com.android.chrome:sandboxed_process0:org.chromium.content.app.SandboxedProcessService0:14/u0a220i-8986 (adj 0): isolated not needed
09-02 00:12:33.678  1513  2570 I ActivityManager: Killing 28901:com.android.chrome:sandboxed_process0:org.chromium.content.app.SandboxedProcessService0:13/u0a220i-8987 (adj 0): isolated not needed
09-02 00:12:33.678  1513  2570 I ActivityManager: Killing 28783:com.android.chrome:sandboxed_process0:org.chromium.content.app.SandboxedProcessService0:9/u0a220i-8991 (adj 0): isolated not needed
09-02 00:12:33.679  1513  2570 I ActivityManager: Killing 28860:com.android.chrome:sandboxed_process0:org.chromium.content.app.SandboxedProcessService0:12/u0a220i-8988 (adj 0): isolated not needed
09-02 00:12:33.679  1513  2570 I ActivityManager: Killing 28833:com.android.chrome:sandboxed_process0:org.chromium.content.app.SandboxedProcessService0:11/u0a220i-8989 (adj 0): isolated not needed
09-02 00:12:33.679  1513  2570 I ActivityManager: Killing 28805:com.android.chrome:sandboxed_process0:org.chromium.content.app.SandboxedProcessService0:10/u0a220i-8990 (adj 0): isolated not needed
09-02 00:12:33.680  1513  2570 I ActivityManager: Killing 28756:com.android.chrome:sandboxed_process0:org.chromium.content.app.SandboxedProcessService0:8/u0a220i-8992 (adj 0): isolated not needed
09-02 00:12:33.680  1513  2570 I ActivityManager: Killing 28724:com.android.chrome:sandboxed_process0:org.chromium.content.app.SandboxedProcessService0:7/u0a220i-8993 (adj 0): isolated not needed
09-02 00:12:33.680  1513  2570 I ActivityManager: Killing 28692:com.android.chrome:sandboxed_process0:org.chromium.content.app.SandboxedProcessService0:6/u0a220i-8994 (adj 0): isolated not needed
09-02 00:12:33.680  1513  2570 I ActivityManager: Killing 28673:com.android.chrome:sandboxed_process0:org.chromium.content.app.SandboxedProcessService0:5/u0a220i-8995 (adj 0): isolated not needed
09-02 00:12:33.681  1513  2570 I ActivityManager: Killing 28652:com.android.chrome:sandboxed_process0:org.chromium.content.app.SandboxedProcessService0:4/u0a220i-8996 (adj 0): isolated not needed
09-02 00:12:33.681  1513  2570 I ActivityManager: Killing 28634:com.android.chrome:sandboxed_process0:org.chromium.content.app.SandboxedProcessService0:3/u0a220i-8997 (adj 0): isolated not needed
09-02 00:12:33.682  1513  2570 I ActivityManager: Killing 28617:com.android.chrome:sandboxed_process0:org.chromium.content.app.SandboxedProcessService0:2/u0a220i-8998 (adj 0): isolated not needed
09-02 00:12:33.682  1513  2570 I ActivityManager: Killing 28600:com.android.chrome:sandboxed_process0:org.chromium.content.app.SandboxedProcessService0:1/u0a220i-8999 (adj 0): isolated not needed
09-02 00:12:33.686   901  1000 W ASH     : @ 51540.138: Unhandled msg ID 999: line 1277
09-02 00:12:33.686   901  1000 E ASH     : @ 51540.138: No pb callback assigned
09-02 00:12:33.686   901  1000 E ASH     : @ 51540.138: Nanopb error: callback failed:1588
09-02 00:12:33.686 31336 31338 I cmd     : oneway function results will be dropped but finished with status OK and parcel size 4
09-02 00:12:33.688  2474  2474 E PhoneInterfaceManager: [PhoneIntfMgr] getCarrierPackageNamesForIntentAndPhone: No UICC
09-02 00:12:33.688  2474  2474 D CarrierSvcBindHelper: No carrier app for: 0
09-02 00:12:33.690  1513  3230 W ActivityManager: Unbind failed: could not find connection for android.os.BinderProxy@3e6059e
09-02 00:12:33.691  1513  1572 W ActivityManager: setHasOverlayUi called on unknown pid: 28440
09-02 00:12:33.694  8777 31461 I EuiccGoogle: [7199] EuiccServiceImpl.onGetEuiccProfileInfoList: onGetEuiccProfileInfoList: slotId = -1
09-02 00:12:33.700  3088  3656 I AssistantForeground: (REDACTED) Get launcher package: %s
09-02 00:12:33.701  8777 31461 W EuiccGoogle: [7199] EuiccServiceImpl.onGetEuiccProfileInfoList: slotId=-1. No eUICC is active. Return null.
09-02 00:12:33.703  3135  3135 D RegisteredNfcFServicesCache: Service unchanged, not updating
09-02 00:12:33.724  1513  1640 I libprocessgroup: Successfully killed process cgroup uid 10220 pid 28440 in 0ms
09-02 00:12:33.729  1513  1640 I libprocessgroup: Successfully killed process cgroup uid 90085 pid 31251 in 0ms
09-02 00:12:33.729  1513  1640 I libprocessgroup: Successfully killed process cgroup uid 90000 pid 28530 in 0ms
09-02 00:12:33.729  1513  1640 I libprocessgroup: Successfully killed process cgroup uid 90083 pid 30875 in 0ms
09-02 00:12:33.729  1513  1640 I libprocessgroup: Successfully killed process cgroup uid 90082 pid 30857 in 0ms
