09-02 00:10:48.148  1513  1625 I ActivityManager: Start proc 26072:com.android.chrome:sandboxed_process0:org.chromium.content.app.SandboxedProcessService0:22/u0ai23 for  {com.android.chrome/org.chromium.content.app.SandboxedProcessService0:22}
09-02 00:10:48.148  1513  1625 W ActivityManager: Slow operation: 424ms so far, now at startProcess: starting to update pids map
09-02 00:10:48.149  1513  1625 W ActivityManager: Slow operation: 424ms so far, now at startProcess: done updating pids map
09-02 00:10:48.149 25321 25321 I cr_tabmodel: #isIncognitoTabBeingRestored from tabDetails:  false
09-02 00:10:48.149  1513  1625 W ActivityManager: Slow operation: 388ms so far, now at startProcess: asking zygote to start proc
09-02 00:10:48.149 25321 25321 I cr_tabmodel: #isIncognitoTabBeingRestored from tabDetails:  false
09-02 00:10:48.149 25321 25321 W cr_tabmodel: Failed to restore TabState; creating Tab with last known URL.
09-02 00:10:48.149  1513  1625 D CompatibilityChangeReporter: Compat change id reported: 143937733; UID 10220; state: ENABLED
09-02 00:10:48.161 25321 25321 E cr_IntentUtils: getBooleanExtra failed on intent null
09-02 00:10:48.162 25321 25321 E cr_IntentUtils: getBooleanExtra failed on intent null
09-02 00:10:48.167 25321 25321 I cr_tabmodel: #isIncognitoTabBeingRestored from tabDetails:  false
09-02 00:10:48.167 25321 25321 I cr_tabmodel: #isIncognitoTabBeingRestored from tabDetails:  false
09-02 00:10:48.167 25321 25321 W cr_tabmodel: Failed to restore TabState; creating Tab with last known URL.
09-02 00:10:48.170 26072 26072 E cessService0:2: Not starting debugger since process cannot load the jdwp agent.
09-02 00:10:48.179 25321 25321 E cr_IntentUtils: getBooleanExtra failed on intent null
09-02 00:10:48.179 25321 25321 E cr_IntentUtils: getBooleanExtra failed on intent null
09-02 00:10:48.181 21898 21898 D Zygote  : Forked child process 26089
09-02 00:10:48.183 26019 26019 I LoadedApk: No resource references to update in package com.google.android.trichromelibrary
09-02 00:10:48.183  1513  1625 W ActivityManager: Slow operation: 423ms so far, now at startProcess: returned from zygote!
09-02 00:10:48.183 26019 26019 D NetworkSecurityConfig: Using Network Security Config from resource 0_resource_name_obfuscated debugBuild: false
09-02 00:10:48.184 25321 25321 I cr_tabmodel: #isIncognitoTabBeingRestored from tabDetails:  false
09-02 00:10:48.184 25321 25321 I cr_tabmodel: #isIncognitoTabBeingRestored from tabDetails:  false
09-02 00:10:48.184 25321 25321 W cr_tabmodel: Failed to restore TabState; creating Tab with last known URL.
09-02 00:10:48.184 26019 26019 D NetworkSecurityConfig: Using Network Security Config from resource 0_resource_name_obfuscated debugBuild: false
09-02 00:10:48.186 26019 26019 I cr_SplitCompatApp: Launched version=107.0.5304.91 minSdkVersion=29 isBundle=true processName=com.android.chrome:sandboxed_process0:org.chromium.content.app.SandboxedProcessService0:20 isIsolated=true
09-02 00:10:48.195  1513  3227 D CompatibilityChangeReporter: Compat change id reported: 136274596; UID 10220; state: ENABLED
09-02 00:10:48.195 25321 25321 E cr_IntentUtils: getBooleanExtra failed on intent null
09-02 00:10:48.195 25321 25321 E cr_IntentUtils: getBooleanExtra failed on intent null
09-02 00:10:48.197  1513  1625 W ActivityManager: Slow operation: 436ms so far, now at startProcess: done updating battery stats
09-02 00:10:48.197  1513  1625 W ActivityManager: Slow operation: 436ms so far, now at startProcess: building log message
09-02 00:10:48.197  1513  1625 I ActivityManager: Start proc 26089:com.android.chrome:sandboxed_process0:org.chromium.content.app.SandboxedProcessService0:23/u0ai24 for  {com.android.chrome/org.chromium.content.app.SandboxedProcessService0:23}
09-02 00:10:48.197  1513  1625 W ActivityManager: Slow operation: 436ms so far, now at startProcess: starting to update pids map
09-02 00:10:48.197  1513  1625 W ActivityManager: Slow operation: 437ms so far, now at startProcess: done updating pids map
09-02 00:10:48.197  1513  1625 W ActivityManager: Slow operation: 409ms so far, now at startProcess: asking zygote to start proc
09-02 00:10:48.197 26089 26089 E libc    : SetHeapTaggingLevel: re-enabling tagging after it was disabled is not supported
09-02 00:10:48.197  1513  1625 D CompatibilityChangeReporter: Compat change id reported: 143937733; UID 10220; state: ENABLED
09-02 00:10:48.199  1513  4617 D CompatibilityChangeReporter: Compat change id reported: 135634846; UID 10220; state: DISABLED
09-02 00:10:48.200  1513  4617 D CompatibilityChangeReporter: Compat change id reported: 135754954; UID 10220; state: ENABLED
09-02 00:10:48.204 26089 26089 E cessService0:2: Not starting debugger since process cannot load the jdwp agent.
09-02 00:10:48.208 25321 25321 I cr_tabmodel: #isIncognitoTabBeingRestored from tabDetails:  false
09-02 00:10:48.208 25321 25321 I cr_tabmodel: #isIncognitoTabBeingRestored from tabDetails:  false
09-02 00:10:48.208 25321 25321 W cr_tabmodel: Failed to restore TabState; creating Tab with last known URL.
09-02 00:10:48.212  1513  3227 D CompatibilityChangeReporter: Compat change id reported: 136274596; UID 10220; state: ENABLED
09-02 00:10:48.216 21898 21898 D Zygote  : Forked child process 26112
09-02 00:10:48.219 26112 26112 E libc    : SetHeapTaggingLevel: re-enabling tagging after it was disabled is not supported
09-02 00:10:48.220  1513  1625 W ActivityManager: Slow operation: 432ms so far, now at startProcess: returned from zygote!
09-02 00:10:48.225  1513  1625 W ActivityManager: Slow operation: 436ms so far, now at startProcess: done updating battery stats
09-02 00:10:48.225  1513  1625 W ActivityManager: Slow operation: 436ms so far, now at startProcess: building log message
09-02 00:10:48.225  1513  1625 I ActivityManager: Start proc 26112:com.android.chrome:sandboxed_process0:org.chromium.content.app.SandboxedProcessService0:24/u0ai25 for  {com.android.chrome/org.chromium.content.app.SandboxedProcessService0:24}
09-02 00:10:48.225  1513  1625 W ActivityManager: Slow operation: 436ms so far, now at startProcess: starting to update pids map
09-02 00:10:48.225 26047 26047 I LoadedApk: No resource references to update in package com.google.android.trichromelibrary
09-02 00:10:48.225  1513  1625 W ActivityManager: Slow operation: 437ms so far, now at startProcess: done updating pids map
09-02 00:10:48.225  1513  1625 W ActivityManager: Slow operation: 416ms so far, now at startProcess: asking zygote to start proc
09-02 00:10:48.225  1513  1625 D CompatibilityChangeReporter: Compat change id reported: 143937733; UID 10220; state: ENABLED
09-02 00:10:48.226 26047 26047 D NetworkSecurityConfig: Using Network Security Config from resource 0_resource_name_obfuscated debugBuild: false
09-02 00:10:48.227 26047 26047 D NetworkSecurityConfig: Using Network Security Config from resource 0_resource_name_obfuscated debugBuild: false
09-02 00:10:48.228 25321 25321 E cr_IntentUtils: getBooleanExtra failed on intent null
09-02 00:10:48.228 25321 25321 E cr_IntentUtils: getBooleanExtra failed on intent null
09-02 00:10:48.231  1513  3227 D CompatibilityChangeReporter: Compat change id reported: 135634846; UID 10220; state: DISABLED
09-02 00:10:48.232  1513  3227 D CompatibilityChangeReporter: Compat change id reported: 135754954; UID 10220; state: ENABLED
09-02 00:10:48.233 25321 25321 I cr_tabmodel: #isIncognitoTabBeingRestored from tabDetails:  false
09-02 00:10:48.233 25321 25321 I cr_tabmodel: #isIncognitoTabBeingRestored from tabDetails:  false
09-02 00:10:48.233 25321 25321 W cr_tabmodel: Failed to restore TabState; creating Tab with last known URL.
09-02 00:10:48.236 26047 26047 I cr_SplitCompatApp: Launched version=107.0.5304.91 minSdkVersion=29 isBundle=true processName=com.android.chrome:sandboxed_process0:org.chromium.content.app.SandboxedProcessService0:21 isIsolated=true
09-02 00:10:48.237 26112 26112 E cessService0:2: Not starting debugger since process cannot load the jdwp agent.
09-02 00:10:48.250 25321 25321 E cr_IntentUtils: getBooleanExtra failed on intent null
09-02 00:10:48.250 25321 25321 E cr_IntentUtils: getBooleanExtra failed on intent null
09-02 00:10:48.251 26019 26019 W SystemServiceRegistry: No service published for: uimode
09-02 00:10:48.255 25321 25321 I cr_tabmodel: #isIncognitoTabBeingRestored from tabDetails:  false
09-02 00:10:48.255 25321 25321 I cr_tabmodel: #isIncognitoTabBeingRestored from tabDetails:  false
09-02 00:10:48.255 25321 25321 W cr_tabmodel: Failed to restore TabState; creating Tab with last known URL.
09-02 00:10:48.259 26072 26072 I LoadedApk: No resource references to update in package com.google.android.trichromelibrary
09-02 00:10:48.260 26072 26072 D NetworkSecurityConfig: Using Network Security Config from resource 0_resource_name_obfuscated debugBuild: false
09-02 00:10:48.261 26072 26072 D NetworkSecurityConfig: Using Network Security Config from resource 0_resource_name_obfuscated debugBuild: false
09-02 00:10:48.267 25321 25321 E cr_IntentUtils: getBooleanExtra failed on intent null
09-02 00:10:48.267 25321 25321 E cr_IntentUtils: getBooleanExtra failed on intent null
09-02 00:10:48.270 26072 26072 I cr_SplitCompatApp: Launched version=107.0.5304.91 minSdkVersion=29 isBundle=true processName=com.android.chrome:sandboxed_process0:org.chromium.content.app.SandboxedProcessService0:22 isIsolated=true
09-02 00:10:48.272 26047 26047 W SystemServiceRegistry: No service published for: uimode
09-02 00:10:48.272 25321 25321 I cr_tabmodel: #isIncognitoTabBeingRestored from tabDetails:  false
09-02 00:10:48.272 25321 25321 I cr_tabmodel: #isIncognitoTabBeingRestored from tabDetails:  false
09-02 00:10:48.273 25321 25321 W cr_tabmodel: Failed to restore TabState; creating Tab with last known URL.
09-02 00:10:48.276 21898 21898 D Zygote  : Forked child process 26134
09-02 00:10:48.277  1513  1625 W ActivityManager: Slow operation: 468ms so far, now at startProcess: returned from zygote!
09-02 00:10:48.277  1513  1625 W ActivityManager: Slow operation: 468ms so far, now at startProcess: done updating battery stats
09-02 00:10:48.277  1513  1625 W ActivityManager: Slow operation: 468ms so far, now at startProcess: building log message
09-02 00:10:48.277  1513  1625 I ActivityManager: Start proc 26134:com.android.chrome:sandboxed_process0:org.chromium.content.app.SandboxedProcessService0:25/u0ai26 for  {com.android.chrome/org.chromium.content.app.SandboxedProcessService0:25}
09-02 00:10:48.277  1513  1625 W ActivityManager: Slow operation: 468ms so far, now at startProcess: starting to update pids map
09-02 00:10:48.277  1513  1625 W ActivityManager: Slow operation: 468ms so far, now at startProcess: done updating pids map
09-02 00:10:48.277  1513  1625 W ActivityManager: Slow operation: 436ms so far, now at startProcess: asking zygote to start proc
09-02 00:10:48.280 26019 26019 I cr_ChildProcessService: Creating new ChildProcessService pid=26019
09-02 00:10:48.281 26134 26134 E libc    : SetHeapTaggingLevel: re-enabling tagging after it was disabled is not supported
09-02 00:10:48.290 26072 26072 W SystemServiceRegistry: No service published for: uimode
09-02 00:10:48.298 25321 25321 E cr_IntentUtils: getBooleanExtra failed on intent null
09-02 00:10:48.298 25321 25321 E cr_IntentUtils: getBooleanExtra failed on intent null
09-02 00:10:48.298 26134 26134 E cessService0:2: Not starting debugger since process cannot load the jdwp agent.
09-02 00:10:48.301  1513  3230 D CompatibilityChangeReporter: Compat change id reported: 136274596; UID 10220; state: ENABLED
09-02 00:10:48.305 26047 26047 I cr_ChildProcessService: Creating new ChildProcessService pid=26047
09-02 00:10:48.307 25321 25321 I cr_tabmodel: #isIncognitoTabBeingRestored from tabDetails:  false
09-02 00:10:48.307 25321 25321 I cr_tabmodel: #isIncognitoTabBeingRestored from tabDetails:  false
09-02 00:10:48.307 25321 25321 W cr_tabmodel: Failed to restore TabState; creating Tab with last known URL.
09-02 00:10:48.309  1513  3227 D CompatibilityChangeReporter: Compat change id reported: 136274596; UID 10220; state: ENABLED
09-02 00:10:48.309 26089 26089 I LoadedApk: No resource references to update in package com.google.android.trichromelibrary
09-02 00:10:48.310 26089 26089 D NetworkSecurityConfig: Using Network Security Config from resource 0_resource_name_obfuscated debugBuild: false
09-02 00:10:48.315 26019 26065 I cr_LibraryLoader: Using ModernLinker
09-02 00:10:48.318 26072 26072 I cr_ChildProcessService: Creating new ChildProcessService pid=26072
09-02 00:10:48.319 26089 26089 D NetworkSecurityConfig: Using Network Security Config from resource 0_resource_name_obfuscated debugBuild: false
09-02 00:10:48.320 21898 21898 D Zygote  : Forked child process 26157
09-02 00:10:48.321 26019 26065 W linker  : Warning: "/data/app/~~_KLlx60MH8CoecPTjMKp8g==/com.android.chrome-kw9RHYrlHKb9bPXi8OTClw==/base.apk!/lib/arm64-v8a/libchromium_android_linker.so" unused DT entry: unknown processor-specific (type 0x70000001 arg 0x0) (ignoring)
09-02 00:10:48.321 26047 26077 I cr_LibraryLoader: Using ModernLinker
09-02 00:10:48.322 26019 26065 E cr_ChromiumAndroidLinker: ReserveAddressWithHint: Address range starting at 0x7a386e4000 was not free to use
09-02 00:10:48.322  1513  1625 W ActivityManager: Slow operation: 480ms so far, now at startProcess: returned from zygote!
09-02 00:10:48.323 26047 26077 W linker  : Warning: "/data/app/~~_KLlx60MH8CoecPTjMKp8g==/com.android.chrome-kw9RHYrlHKb9bPXi8OTClw==/base.apk!/lib/arm64-v8a/libchromium_android_linker.so" unused DT entry: unknown processor-specific (type 0x70000001 arg 0x0) (ignoring)
09-02 00:10:48.324  1513  3245 D CompatibilityChangeReporter: Compat change id reported: 135634846; UID 10220; state: DISABLED
09-02 00:10:48.324  1513  3245 D CompatibilityChangeReporter: Compat change id reported: 135754954; UID 10220; state: ENABLED
09-02 00:10:48.324 26047 26077 E cr_ChromiumAndroidLinker: ReserveAddressWithHint: Address range starting at 0x7a386e4000 was not free to use
09-02 00:10:48.326 25321 25321 E cr_IntentUtils: getBooleanExtra failed on intent null
09-02 00:10:48.326 25321 25321 E cr_IntentUtils: getBooleanExtra failed on intent null
09-02 00:10:48.327  1513  1625 W ActivityManager: Slow operation: 485ms so far, now at startProcess: done updating battery stats
09-02 00:10:48.327  1513  1625 W ActivityManager: Slow operation: 485ms so far, now at startProcess: building log message
09-02 00:10:48.327  1513  1625 I ActivityManager: Start proc 26157:com.android.chrome:sandboxed_process0:org.chromium.content.app.SandboxedProcessService0:26/u0ai27 for  {com.android.chrome/org.chromium.content.app.SandboxedProcessService0:26}
09-02 00:10:48.327  1513  1625 W ActivityManager: Slow operation: 485ms so far, now at startProcess: starting to update pids map
09-02 00:10:48.327  1513  1625 W ActivityManager: Slow operation: 486ms so far, now at startProcess: done updating pids map
09-02 00:10:48.327  1513  1625 W ActivityManager: Slow operation: 464ms so far, now at startProcess: asking zygote to start proc
09-02 00:10:48.327  1513  1625 D CompatibilityChangeReporter: Compat change id reported: 143937733; UID 10220; state: ENABLED
09-02 00:10:48.332 26089 26089 I cr_SplitCompatApp: Launched version=107.0.5304.91 minSdkVersion=29 isBundle=true processName=com.android.chrome:sandboxed_process0:org.chromium.content.app.SandboxedProcessService0:23 isIsolated=true
09-02 00:10:48.332 26019 26147 I cr_LibraryLoader: Successfully loaded native library
09-02 00:10:48.333 25321 25321 I cr_tabmodel: #isIncognitoTabBeingRestored from tabDetails:  false
09-02 00:10:48.333 25321 25321 I cr_tabmodel: #isIncognitoTabBeingRestored from tabDetails:  false
09-02 00:10:48.334 25321 25321 W cr_tabmodel: Failed to restore TabState; creating Tab with last known URL.
09-02 00:10:48.335 26157 26157 E libc    : SetHeapTaggingLevel: re-enabling tagging after it was disabled is not supported
09-02 00:10:48.335 26072 26099 I cr_LibraryLoader: Using ModernLinker
09-02 00:10:48.338 26019 26147 I cr_CachingUmaRecorder: Flushed 3 samples from 3 histograms.
09-02 00:10:48.339 26072 26099 W linker  : Warning: "/data/app/~~_KLlx60MH8CoecPTjMKp8g==/com.android.chrome-kw9RHYrlHKb9bPXi8OTClw==/base.apk!/lib/arm64-v8a/libchromium_android_linker.so" unused DT entry: unknown processor-specific (type 0x70000001 arg 0x0) (ignoring)
09-02 00:10:48.340 26072 26099 E cr_ChromiumAndroidLinker: ReserveAddressWithHint: Address range starting at 0x7a386e4000 was not free to use
09-02 00:10:48.343 26072 26156 I cr_LibraryLoader: Successfully loaded native library
09-02 00:10:48.343 26047 26154 I cr_LibraryLoader: Successfully loaded native library
09-02 00:10:48.344 26072 26156 I cr_CachingUmaRecorder: Flushed 3 samples from 3 histograms.
09-02 00:10:48.347 26112 26112 I LoadedApk: No resource references to update in package com.google.android.trichromelibrary
09-02 00:10:48.348 26112 26112 D NetworkSecurityConfig: Using Network Security Config from resource 0_resource_name_obfuscated debugBuild: false
09-02 00:10:48.349 26112 26112 D NetworkSecurityConfig: Using Network Security Config from resource 0_resource_name_obfuscated debugBuild: false
09-02 00:10:48.349 26047 26154 I cr_CachingUmaRecorder: Flushed 3 samples from 3 histograms.
09-02 00:10:48.354 26157 26157 E cessService0:2: Not starting debugger since process cannot load the jdwp agent.
09-02 00:10:48.356 26112 26112 I cr_SplitCompatApp: Launched version=107.0.5304.91 minSdkVersion=29 isBundle=true processName=com.android.chrome:sandboxed_process0:org.chromium.content.app.SandboxedProcessService0:24 isIsolated=true
09-02 00:10:48.358 21898 21898 D Zygote  : Forked child process 26174
09-02 00:10:48.358 26089 26089 W SystemServiceRegistry: No service published for: uimode
09-02 00:10:48.359  1513  1625 W ActivityManager: Slow operation: 496ms so far, now at startProcess: returned from zygote!
09-02 00:10:48.360  1513  1625 W ActivityManager: Slow operation: 496ms so far, now at startProcess: done updating battery stats
09-02 00:10:48.360  1513  1625 W ActivityManager: Slow operation: 496ms so far, now at startProcess: building log message
09-02 00:10:48.360  1513  1625 I ActivityManager: Start proc 26174:com.android.chrome:sandboxed_process0:org.chromium.content.app.SandboxedProcessService0:27/u0ai28 for  {com.android.chrome/org.chromium.content.app.SandboxedProcessService0:27}
09-02 00:10:48.360  1513  1625 W ActivityManager: Slow operation: 496ms so far, now at startProcess: starting to update pids map
09-02 00:10:48.360  1513  1625 W ActivityManager: Slow operation: 497ms so far, now at startProcess: done updating pids map
09-02 00:10:48.360  1513  1625 W ActivityManager: Slow operation: 476ms so far, now at startProcess: asking zygote to start proc
09-02 00:10:48.363 26174 26174 E libc    : SetHeapTaggingLevel: re-enabling tagging after it was disabled is not supported
09-02 00:10:48.365 25321 25321 E cr_IntentUtils: getBooleanExtra failed on intent null
09-02 00:10:48.365 25321 25321 E cr_IntentUtils: getBooleanExtra failed on intent null
09-02 00:10:48.372 25321 25321 I cr_tabmodel: #isIncognitoTabBeingRestored from tabDetails:  false
09-02 00:10:48.372 25321 25321 I cr_tabmodel: #isIncognitoTabBeingRestored from tabDetails:  false
09-02 00:10:48.372 25321 25321 W cr_tabmodel: Failed to restore TabState; creating Tab with last known URL.
09-02 00:10:48.374 26089 26089 I cr_ChildProcessService: Creating new ChildProcessService pid=26089
09-02 00:10:48.379  1513  3230 D CompatibilityChangeReporter: Compat change id reported: 136274596; UID 10220; state: ENABLED
09-02 00:10:48.380 26134 26134 I LoadedApk: No resource references to update in package com.google.android.trichromelibrary
09-02 00:10:48.381 26174 26174 E cessService0:2: Not starting debugger since process cannot load the jdwp agent.
09-02 00:10:48.383 26134 26134 D NetworkSecurityConfig: Using Network Security Config from resource 0_resource_name_obfuscated debugBuild: false
09-02 00:10:48.384 26134 26134 D NetworkSecurityConfig: Using Network Security Config from resource 0_resource_name_obfuscated debugBuild: false
09-02 00:10:48.386 26134 26134 I cr_SplitCompatApp: Launched version=107.0.5304.91 minSdkVersion=29 isBundle=true processName=com.android.chrome:sandboxed_process0:org.chromium.content.app.SandboxedProcessService0:25 isIsolated=true
09-02 00:10:48.387  1513  3245 D CompatibilityChangeReporter: Compat change id reported: 135634846; UID 10220; state: DISABLED
09-02 00:10:48.387  1513  3245 D CompatibilityChangeReporter: Compat change id reported: 135754954; UID 10220; state: ENABLED
09-02 00:10:48.388 26112 26112 W SystemServiceRegistry: No service published for: uimode
09-02 00:10:48.389 25321 25321 E cr_IntentUtils: getBooleanExtra failed on intent null
09-02 00:10:48.389 25321 25321 E cr_IntentUtils: getBooleanExtra failed on intent null
09-02 00:10:48.394 26089 26111 I cr_LibraryLoader: Using ModernLinker
09-02 00:10:48.394 25321 25321 I cr_tabmodel: #isIncognitoTabBeingRestored from tabDetails:  false
09-02 00:10:48.394 25321 25321 I cr_tabmodel: #isIncognitoTabBeingRestored from tabDetails:  false
09-02 00:10:48.394 25321 25321 W cr_tabmodel: Failed to restore TabState; creating Tab with last known URL.
09-02 00:10:48.395 26089 26111 W linker  : Warning: "/data/app/~~_KLlx60MH8CoecPTjMKp8g==/com.android.chrome-kw9RHYrlHKb9bPXi8OTClw==/base.apk!/lib/arm64-v8a/libchromium_android_linker.so" unused DT entry: unknown processor-specific (type 0x70000001 arg 0x0) (ignoring)
09-02 00:10:48.396 26089 26111 E cr_ChromiumAndroidLinker: ReserveAddressWithHint: Address range starting at 0x7a386e4000 was not free to use
09-02 00:10:48.403 26089 26189 I cr_LibraryLoader: Successfully loaded native library
09-02 00:10:48.404 26134 26134 W SystemServiceRegistry: No service published for: uimode
09-02 00:10:48.404 26089 26189 I cr_CachingUmaRecorder: Flushed 3 samples from 3 histograms.
09-02 00:10:48.405 25321 25333 I .android.chrom: Background young concurrent copying GC freed 422804(21MB) AllocSpace objects, 55(1996KB) LOS objects, 93% free, 6500KB/102MB, paused 161us total 132.483ms
09-02 00:10:48.407 21898 21898 D Zygote  : Forked child process 26207
09-02 00:10:48.408  1513  1625 W ActivityManager: Slow operation: 524ms so far, now at startProcess: returned from zygote!
09-02 00:10:48.408  1513  1625 W ActivityManager: Slow operation: 524ms so far, now at startProcess: done updating battery stats
09-02 00:10:48.408  1513  1625 W ActivityManager: Slow operation: 524ms so far, now at startProcess: building log message
09-02 00:10:48.408  1513  1625 I ActivityManager: Start proc 26207:com.android.chrome:sandboxed_process0:org.chromium.content.app.SandboxedProcessService0:28/u0ai29 for  {com.android.chrome/org.chromium.content.app.SandboxedProcessService0:28}
09-02 00:10:48.408  1513  1625 W ActivityManager: Slow operation: 524ms so far, now at startProcess: starting to update pids map
09-02 00:10:48.408  1513  1625 W ActivityManager: Slow operation: 524ms so far, now at startProcess: done updating pids map
09-02 00:10:48.408  1513  1625 W ActivityManager: Slow operation: 493ms so far, now at startProcess: asking zygote to start proc
09-02 00:10:48.409  1513  1625 D CompatibilityChangeReporter: Compat change id reported: 143937733; UID 10220; state: ENABLED
09-02 00:10:48.410 26207 26207 E libc    : SetHeapTaggingLevel: re-enabling tagging after it was disabled is not supported
09-02 00:10:48.411 25321 25321 E cr_IntentUtils: getBooleanExtra failed on intent null
09-02 00:10:48.411 25321 25321 E cr_IntentUtils: getBooleanExtra failed on intent null
09-02 00:10:48.416 26134 26134 I cr_ChildProcessService: Creating new ChildProcessService pid=26134
09-02 00:10:48.418 25321 25321 I cr_tabmodel: #isIncognitoTabBeingRestored from tabDetails:  false
09-02 00:10:48.418 25321 25321 I cr_tabmodel: #isIncognitoTabBeingRestored from tabDetails:  false
09-02 00:10:48.418 25321 25321 W cr_tabmodel: Failed to restore TabState; creating Tab with last known URL.
09-02 00:10:48.420 26134 26155 I cr_LibraryLoader: Using ModernLinker
09-02 00:10:48.421 26134 26155 W linker  : Warning: "/data/app/~~_KLlx60MH8CoecPTjMKp8g==/com.android.chrome-kw9RHYrlHKb9bPXi8OTClw==/base.apk!/lib/arm64-v8a/libchromium_android_linker.so" unused DT entry: unknown processor-specific (type 0x70000001 arg 0x0) (ignoring)
09-02 00:10:48.421 26134 26155 E cr_ChromiumAndroidLinker: ReserveAddressWithHint: Address range starting at 0x7a386e4000 was not free to use
09-02 00:10:48.422 26112 26112 I cr_ChildProcessService: Creating new ChildProcessService pid=26112
09-02 00:10:48.424 26134 26220 I cr_LibraryLoader: Successfully loaded native library
09-02 00:10:48.425 26134 26220 I cr_CachingUmaRecorder: Flushed 3 samples from 3 histograms.
09-02 00:10:48.428 26207 26207 E cessService0:2: Not starting debugger since process cannot load the jdwp agent.
09-02 00:10:48.436  1513  3245 D CompatibilityChangeReporter: Compat change id reported: 136274596; UID 10220; state: ENABLED
09-02 00:10:48.439 21898 21898 D Zygote  : Forked child process 26242
09-02 00:10:48.443 26242 26242 E libc    : SetHeapTaggingLevel: re-enabling tagging after it was disabled is not supported
09-02 00:10:48.443 25321 25321 E cr_IntentUtils: getBooleanExtra failed on intent null
09-02 00:10:48.444 25321 25321 E cr_IntentUtils: getBooleanExtra failed on intent null
09-02 00:10:48.444 26157 26157 I LoadedApk: No resource references to update in package com.google.android.trichromelibrary
09-02 00:10:48.446 26157 26157 D NetworkSecurityConfig: Using Network Security Config from resource 0_resource_name_obfuscated debugBuild: false
09-02 00:10:48.447  1513  3227 D CompatibilityChangeReporter: Compat change id reported: 136274596; UID 10220; state: ENABLED
09-02 00:10:48.448 26157 26157 D NetworkSecurityConfig: Using Network Security Config from resource 0_resource_name_obfuscated debugBuild: false
09-02 00:10:48.451  1513  1625 W ActivityManager: Slow operation: 536ms so far, now at startProcess: returned from zygote!
09-02 00:10:48.451  1513  1625 W ActivityManager: Slow operation: 536ms so far, now at startProcess: done updating battery stats
09-02 00:10:48.452  1513  1625 W ActivityManager: Slow operation: 536ms so far, now at startProcess: building log message
09-02 00:10:48.452  1513  1625 I ActivityManager: Start proc 26242:com.android.chrome:sandboxed_process0:org.chromium.content.app.SandboxedProcessService0:29/u0ai30 for  {com.android.chrome/org.chromium.content.app.SandboxedProcessService0:29}
09-02 00:10:48.452  1513  1625 W ActivityManager: Slow operation: 536ms so far, now at startProcess: starting to update pids map
09-02 00:10:48.452  1513  1625 W ActivityManager: Slow operation: 536ms so far, now at startProcess: done updating pids map
09-02 00:10:48.452  1513  1625 W ActivityManager: Slow operation: 495ms so far, now at startProcess: asking zygote to start proc
09-02 00:10:48.452  1513  1625 D CompatibilityChangeReporter: Compat change id reported: 143937733; UID 10220; state: ENABLED
09-02 00:10:48.452  1513  4617 D CompatibilityChangeReporter: Compat change id reported: 135634846; UID 10220; state: DISABLED
09-02 00:10:48.452  1513  4617 D CompatibilityChangeReporter: Compat change id reported: 135754954; UID 10220; state: ENABLED
09-02 00:10:48.454 26157 26157 I cr_SplitCompatApp: Launched version=107.0.5304.91 minSdkVersion=29 isBundle=true processName=com.android.chrome:sandboxed_process0:org.chromium.content.app.SandboxedProcessService0:26 isIsolated=true
09-02 00:10:48.456 25321 25321 I cr_tabmodel: #isIncognitoTabBeingRestored from tabDetails:  false
09-02 00:10:48.456 25321 25321 I cr_tabmodel: #isIncognitoTabBeingRestored from tabDetails:  false
09-02 00:10:48.456 25321 25321 W cr_tabmodel: Failed to restore TabState; creating Tab with last known URL.
09-02 00:10:48.462 26112 26148 I cr_LibraryLoader: Using ModernLinker
09-02 00:10:48.463 26112 26148 W linker  : Warning: "/data/app/~~_KLlx60MH8CoecPTjMKp8g==/com.android.chrome-kw9RHYrlHKb9bPXi8OTClw==/base.apk!/lib/arm64-v8a/libchromium_android_linker.so" unused DT entry: unknown processor-specific (type 0x70000001 arg 0x0) (ignoring)
09-02 00:10:48.464 26112 26148 E cr_ChromiumAndroidLinker: ReserveAddressWithHint: Address range starting at 0x7a386e4000 was not free to use
09-02 00:10:48.467 26112 26224 I cr_LibraryLoader: Successfully loaded native library
09-02 00:10:48.468 26112 26224 I cr_CachingUmaRecorder: Flushed 3 samples from 3 histograms.
09-02 00:10:48.473 25321 25321 E cr_IntentUtils: getBooleanExtra failed on intent null
09-02 00:10:48.473 25321 25321 E cr_IntentUtils: getBooleanExtra failed on intent null
09-02 00:10:48.484 25321 25321 I cr_tabmodel: #isIncognitoTabBeingRestored from tabDetails:  false
09-02 00:10:48.484 25321 25321 I cr_tabmodel: #isIncognitoTabBeingRestored from tabDetails:  false
09-02 00:10:48.484 25321 25321 W cr_tabmodel: Failed to restore TabState; creating Tab with last known URL.
09-02 00:10:48.488 26157 26157 W SystemServiceRegistry: No service published for: uimode
09-02 00:10:48.500 26157 26157 I cr_ChildProcessService: Creating new ChildProcessService pid=26157
09-02 00:10:48.505 25321 25321 E cr_IntentUtils: getBooleanExtra failed on intent null
09-02 00:10:48.505 25321 25321 E cr_IntentUtils: getBooleanExtra failed on intent null
09-02 00:10:48.513 25321 25321 I cr_tabmodel: #isIncognitoTabBeingRestored from tabDetails:  false
09-02 00:10:48.513 25321 25321 I cr_tabmodel: #isIncognitoTabBeingRestored from tabDetails:  false
09-02 00:10:48.513 25321 25321 W cr_tabmodel: Failed to restore TabState; creating Tab with last known URL.
09-02 00:10:48.517 26174 26174 I LoadedApk: No resource references to update in package com.google.android.trichromelibrary
09-02 00:10:48.518 26174 26174 D NetworkSecurityConfig: Using Network Security Config from resource 0_resource_name_obfuscated debugBuild: false
09-02 00:10:48.518 26157 26199 I cr_LibraryLoader: Using ModernLinker
09-02 00:10:48.519 26157 26199 W linker  : Warning: "/data/app/~~_KLlx60MH8CoecPTjMKp8g==/com.android.chrome-kw9RHYrlHKb9bPXi8OTClw==/base.apk!/lib/arm64-v8a/libchromium_android_linker.so" unused DT entry: unknown processor-specific (type 0x70000001 arg 0x0) (ignoring)
09-02 00:10:48.520 26174 26174 D NetworkSecurityConfig: Using Network Security Config from resource 0_resource_name_obfuscated debugBuild: false
09-02 00:10:48.521 26174 26174 I cr_SplitCompatApp: Launched version=107.0.5304.91 minSdkVersion=29 isBundle=true processName=com.android.chrome:sandboxed_process0:org.chromium.content.app.SandboxedProcessService0:27 isIsolated=true
09-02 00:10:48.522 21898 21898 D Zygote  : Forked child process 26274
09-02 00:10:48.523  1513  1625 W ActivityManager: Slow operation: 567ms so far, now at startProcess: returned from zygote!
09-02 00:10:48.523  1513  1625 W ActivityManager: Slow operation: 567ms so far, now at startProcess: done updating battery stats
09-02 00:10:48.523  1513  1625 W ActivityManager: Slow operation: 567ms so far, now at startProcess: building log message
09-02 00:10:48.523  1513  1625 I ActivityManager: Start proc 26274:com.android.chrome:sandboxed_process0:org.chromium.content.app.SandboxedProcessService0:30/u0ai31 for  {com.android.chrome/org.chromium.content.app.SandboxedProcessService0:30}
09-02 00:10:48.523  1513  1625 W ActivityManager: Slow operation: 567ms so far, now at startProcess: starting to update pids map
09-02 00:10:48.523  1513  1625 W ActivityManager: Slow operation: 567ms so far, now at startProcess: done updating pids map
09-02 00:10:48.523  1513  1625 W ActivityManager: Slow operation: 544ms so far, now at startProcess: asking zygote to start proc
09-02 00:10:48.525 26274 26274 E libc    : SetHeapTaggingLevel: re-enabling tagging after it was disabled is not supported
09-02 00:10:48.528 26242 26242 E cessService0:2: Not starting debugger since process cannot load the jdwp agent.
09-02 00:10:48.532 25321 25321 E cr_IntentUtils: getBooleanExtra failed on intent null
09-02 00:10:48.532 25321 25321 E cr_IntentUtils: getBooleanExtra failed on intent null
09-02 00:10:48.540 26274 26274 E cessService0:3: Not starting debugger since process cannot load the jdwp agent.
09-02 00:10:48.540 26207 26207 I LoadedApk: No resource references to update in package com.google.android.trichromelibrary
09-02 00:10:48.541 26207 26207 D NetworkSecurityConfig: Using Network Security Config from resource 0_resource_name_obfuscated debugBuild: false
09-02 00:10:48.542 26207 26207 D NetworkSecurityConfig: Using Network Security Config from resource 0_resource_name_obfuscated debugBuild: false
09-02 00:10:48.544 25321 25321 I cr_tabmodel: #isIncognitoTabBeingRestored from tabDetails:  false
09-02 00:10:48.544 25321 25321 I cr_tabmodel: #isIncognitoTabBeingRestored from tabDetails:  false
09-02 00:10:48.544 25321 25321 W cr_tabmodel: Failed to restore TabState; creating Tab with last known URL.
09-02 00:10:48.544 26207 26207 I cr_SplitCompatApp: Launched version=107.0.5304.91 minSdkVersion=29 isBundle=true processName=com.android.chrome:sandboxed_process0:org.chromium.content.app.SandboxedProcessService0:28 isIsolated=true
09-02 00:10:48.546 26157 26268 I cr_LibraryLoader: Successfully loaded native library
09-02 00:10:48.547 26157 26268 I cr_CachingUmaRecorder: Flushed 3 samples from 3 histograms.
09-02 00:10:48.548  1513  4617 D CompatibilityChangeReporter: Compat change id reported: 136274596; UID 10220; state: ENABLED
09-02 00:10:48.553  1513  4617 D CompatibilityChangeReporter: Compat change id reported: 136274596; UID 10220; state: ENABLED
09-02 00:10:48.559 26174 26174 W SystemServiceRegistry: No service published for: uimode
09-02 00:10:48.559  1513  3227 D CompatibilityChangeReporter: Compat change id reported: 135634846; UID 10220; state: DISABLED
09-02 00:10:48.559  1513  3227 D CompatibilityChangeReporter: Compat change id reported: 135754954; UID 10220; state: ENABLED
09-02 00:10:48.560 26207 26207 W SystemServiceRegistry: No service published for: uimode
09-02 00:10:48.564 25321 25321 E cr_IntentUtils: getBooleanExtra failed on intent null
09-02 00:10:48.564 25321 25321 E cr_IntentUtils: getBooleanExtra failed on intent null
09-02 00:10:48.565 26174 26174 I cr_ChildProcessService: Creating new ChildProcessService pid=26174
09-02 00:10:48.566 26207 26207 I cr_ChildProcessService: Creating new ChildProcessService pid=26207
09-02 00:10:48.571 25321 25321 I cr_tabmodel: #isIncognitoTabBeingRestored from tabDetails:  false
09-02 00:10:48.571 25321 25321 I cr_tabmodel: #isIncognitoTabBeingRestored from tabDetails:  false
09-02 00:10:48.571 25321 25321 W cr_tabmodel: Failed to restore TabState; creating Tab with last known URL.
09-02 00:10:48.584 26174 26240 I cr_LibraryLoader: Using ModernLinker
09-02 00:10:48.591 25321 25321 E cr_IntentUtils: getBooleanExtra failed on intent null
09-02 00:10:48.591 25321 25321 E cr_IntentUtils: getBooleanExtra failed on intent null
09-02 00:10:48.593 26174 26240 W linker  : Warning: "/data/app/~~_KLlx60MH8CoecPTjMKp8g==/com.android.chrome-kw9RHYrlHKb9bPXi8OTClw==/base.apk!/lib/arm64-v8a/libchromium_android_linker.so" unused DT entry: unknown processor-specific (type 0x70000001 arg 0x0) (ignoring)
09-02 00:10:48.594 26174 26240 E cr_ChromiumAndroidLinker: ReserveAddressWithHint: Address range starting at 0x7a386e4000 was not free to use
09-02 00:10:48.599 26174 26309 I cr_LibraryLoader: Successfully loaded native library
09-02 00:10:48.599 26174 26309 I cr_CachingUmaRecorder: Flushed 3 samples from 3 histograms.
09-02 00:10:48.601 25321 25321 I cr_tabmodel: #isIncognitoTabBeingRestored from tabDetails:  false
09-02 00:10:48.601 25321 25321 I cr_tabmodel: #isIncognitoTabBeingRestored from tabDetails:  false
09-02 00:10:48.601 25321 25321 W cr_tabmodel: Failed to restore TabState; creating Tab with last known URL.
09-02 00:10:48.604 26274 26274 I LoadedApk: No resource references to update in package com.google.android.trichromelibrary
09-02 00:10:48.604 26274 26274 D NetworkSecurityConfig: Using Network Security Config from resource 0_resource_name_obfuscated debugBuild: false
09-02 00:10:48.605 26274 26274 D NetworkSecurityConfig: Using Network Security Config from resource 0_resource_name_obfuscated debugBuild: false
09-02 00:10:48.607 26274 26274 I cr_SplitCompatApp: Launched version=107.0.5304.91 minSdkVersion=29 isBundle=true processName=com.android.chrome:sandboxed_process0:org.chromium.content.app.SandboxedProcessService0:30 isIsolated=true
09-02 00:10:48.613 21898 21898 D Zygote  : Forked child process 26316
09-02 00:10:48.614 26207 26257 I cr_LibraryLoader: Using ModernLinker
09-02 00:10:48.615  1513  1625 W ActivityManager: Slow operation: 636ms so far, now at startProcess: returned from zygote!
09-02 00:10:48.615 26207 26257 W linker  : Warning: "/data/app/~~_KLlx60MH8CoecPTjMKp8g==/com.android.chrome-kw9RHYrlHKb9bPXi8OTClw==/base.apk!/lib/arm64-v8a/libchromium_android_linker.so" unused DT entry: unknown processor-specific (type 0x70000001 arg 0x0) (ignoring)
09-02 00:10:48.615  1513  1625 W ActivityManager: Slow operation: 636ms so far, now at startProcess: done updating battery stats
09-02 00:10:48.615  1513  1625 W ActivityManager: Slow operation: 636ms so far, now at startProcess: building log message
09-02 00:10:48.615  1513  1625 I ActivityManager: Start proc 26316:com.android.chrome:sandboxed_process0:org.chromium.content.app.SandboxedProcessService0:31/u0ai32 for  {com.android.chrome/org.chromium.content.app.SandboxedProcessService0:31}
09-02 00:10:48.616  1513  1625 W ActivityManager: Slow operation: 636ms so far, now at startProcess: starting to update pids map
09-02 00:10:48.616  1513  1625 W ActivityManager: Slow operation: 636ms so far, now at startProcess: done updating pids map
09-02 00:10:48.616  1513  1625 W ActivityManager: Slow operation: 618ms so far, now at startProcess: asking zygote to start proc
09-02 00:10:48.616  1513  1625 D CompatibilityChangeReporter: Compat change id reported: 143937733; UID 10220; state: ENABLED
09-02 00:10:48.616 26207 26257 E cr_ChromiumAndroidLinker: ReserveAddressWithHint: Address range starting at 0x7a386e4000 was not free to use
09-02 00:10:48.618 26242 26242 I LoadedApk: No resource references to update in package com.google.android.trichromelibrary
09-02 00:10:48.618 26242 26242 D NetworkSecurityConfig: Using Network Security Config from resource 0_resource_name_obfuscated debugBuild: false
09-02 00:10:48.620 26242 26242 D NetworkSecurityConfig: Using Network Security Config from resource 0_resource_name_obfuscated debugBuild: false
09-02 00:10:48.621 26242 26242 I cr_SplitCompatApp: Launched version=107.0.5304.91 minSdkVersion=29 isBundle=true processName=com.android.chrome:sandboxed_process0:org.chromium.content.app.SandboxedProcessService0:29 isIsolated=true
09-02 00:10:48.622 26316 26316 E libc    : SetHeapTaggingLevel: re-enabling tagging after it was disabled is not supported
09-02 00:10:48.623 26207 26310 I cr_LibraryLoader: Successfully loaded native library
09-02 00:10:48.625 25321 25321 E cr_IntentUtils: getBooleanExtra failed on intent null
09-02 00:10:48.625 25321 25321 E cr_IntentUtils: getBooleanExtra failed on intent null
09-02 00:10:48.625 26207 26310 I cr_CachingUmaRecorder: Flushed 3 samples from 3 histograms.
09-02 00:10:48.626 26274 26274 W SystemServiceRegistry: No service published for: uimode
09-02 00:10:48.629 26316 26316 E cessService0:3: Not starting debugger since process cannot load the jdwp agent.
09-02 00:10:48.633 25321 25321 I cr_tabmodel: #isIncognitoTabBeingRestored from tabDetails:  false
09-02 00:10:48.633 25321 25321 I cr_tabmodel: #isIncognitoTabBeingRestored from tabDetails:  false
09-02 00:10:48.633 25321 25321 W cr_tabmodel: Failed to restore TabState; creating Tab with last known URL.
09-02 00:10:48.639 26274 26274 I cr_ChildProcessService: Creating new ChildProcessService pid=26274
09-02 00:10:48.647 21898 21898 D Zygote  : Forked child process 26349
09-02 00:10:48.648  1513  4617 D CompatibilityChangeReporter: Compat change id reported: 136274596; UID 10220; state: ENABLED
09-02 00:10:48.648  1513  1625 W ActivityManager: Slow operation: 651ms so far, now at startProcess: returned from zygote!
09-02 00:10:48.650  1513  1625 W ActivityManager: Slow operation: 653ms so far, now at startProcess: done updating battery stats
09-02 00:10:48.650  1513  1625 W ActivityManager: Slow operation: 653ms so far, now at startProcess: building log message
09-02 00:10:48.650  1513  1625 I ActivityManager: Start proc 26349:com.android.chrome:sandboxed_process0:org.chromium.content.app.SandboxedProcessService0:32/u0ai33 for  {com.android.chrome/org.chromium.content.app.SandboxedProcessService0:32}
09-02 00:10:48.650  1513  1625 W ActivityManager: Slow operation: 653ms so far, now at startProcess: starting to update pids map
09-02 00:10:48.654 26349 26349 E libc    : SetHeapTaggingLevel: re-enabling tagging after it was disabled is not supported
09-02 00:10:48.656 26242 26242 W SystemServiceRegistry: No service published for: uimode
09-02 00:10:48.656  1513  1625 W ActivityManager: Slow operation: 659ms so far, now at startProcess: done updating pids map
09-02 00:10:48.656  1513  1625 W ActivityManager: Slow operation: 608ms so far, now at startProcess: asking zygote to start proc
09-02 00:10:48.657  1513  1625 D CompatibilityChangeReporter: Compat change id reported: 143937733; UID 10220; state: ENABLED
09-02 00:10:48.660 25321 25321 E cr_IntentUtils: getBooleanExtra failed on intent null
09-02 00:10:48.660 25321 25321 E cr_IntentUtils: getBooleanExtra failed on intent null
09-02 00:10:48.662 26274 26308 I cr_LibraryLoader: Using ModernLinker
09-02 00:10:48.663 26242 26242 I cr_ChildProcessService: Creating new ChildProcessService pid=26242
09-02 00:10:48.666 26274 26308 W linker  : Warning: "/data/app/~~_KLlx60MH8CoecPTjMKp8g==/com.android.chrome-kw9RHYrlHKb9bPXi8OTClw==/base.apk!/lib/arm64-v8a/libchromium_android_linker.so" unused DT entry: unknown processor-specific (type 0x70000001 arg 0x0) (ignoring)
09-02 00:10:48.667 26274 26308 E cr_ChromiumAndroidLinker: ReserveAddressWithHint: Address range starting at 0x7a386e4000 was not free to use
09-02 00:10:48.670 26242 26313 I cr_LibraryLoader: Using ModernLinker
09-02 00:10:48.671 26242 26313 W linker  : Warning: "/data/app/~~_KLlx60MH8CoecPTjMKp8g==/com.android.chrome-kw9RHYrlHKb9bPXi8OTClw==/base.apk!/lib/arm64-v8a/libchromium_android_linker.so" unused DT entry: unknown processor-specific (type 0x70000001 arg 0x0) (ignoring)
09-02 00:10:48.672 26242 26313 E cr_ChromiumAndroidLinker: ReserveAddressWithHint: Address range starting at 0x7a386e4000 was not free to use
09-02 00:10:48.672 25321 25321 I cr_tabmodel: #isIncognitoTabBeingRestored from tabDetails:  false
09-02 00:10:48.672 25321 25321 I cr_tabmodel: #isIncognitoTabBeingRestored from tabDetails:  false
09-02 00:10:48.672 25321 25321 W cr_tabmodel: Failed to restore TabState; creating Tab with last known URL.
09-02 00:10:48.676 26274 26338 I cr_LibraryLoader: Successfully loaded native library
09-02 00:10:48.677 26274 26338 I cr_CachingUmaRecorder: Flushed 3 samples from 3 histograms.
09-02 00:10:48.678 26242 26363 I cr_LibraryLoader: Successfully loaded native library
09-02 00:10:48.681 26242 26363 I cr_CachingUmaRecorder: Flushed 3 samples from 3 histograms.
09-02 00:10:48.684 21898 21898 D Zygote  : Forked child process 26366
09-02 00:10:48.685  1513  1625 W ActivityManager: Slow operation: 637ms so far, now at startProcess: returned from zygote!
09-02 00:10:48.686  1513  3230 D CompatibilityChangeReporter: Compat change id reported: 135634846; UID 10220; state: DISABLED
09-02 00:10:48.686  1513  3230 D CompatibilityChangeReporter: Compat change id reported: 135754954; UID 10220; state: ENABLED
09-02 00:10:48.687  1513  1625 W ActivityManager: Slow operation: 639ms so far, now at startProcess: done updating battery stats
09-02 00:10:48.687  1513  1625 W ActivityManager: Slow operation: 639ms so far, now at startProcess: building log message
09-02 00:10:48.687  1513  1625 I ActivityManager: Start proc 26366:com.android.chrome:sandboxed_process0:org.chromium.content.app.SandboxedProcessService0:33/u0ai34 for  {com.android.chrome/org.chromium.content.app.SandboxedProcessService0:33}
09-02 00:10:48.687  1513  1625 W ActivityManager: Slow operation: 639ms so far, now at startProcess: starting to update pids map
09-02 00:10:48.688  1513  1625 W ActivityManager: Slow operation: 639ms so far, now at startProcess: done updating pids map
09-02 00:10:48.688  1513  1625 W ActivityManager: Slow operation: 626ms so far, now at startProcess: asking zygote to start proc
09-02 00:10:48.690 26316 26316 I LoadedApk: No resource references to update in package com.google.android.trichromelibrary
09-02 00:10:48.690 26316 26316 D NetworkSecurityConfig: Using Network Security Config from resource 0_resource_name_obfuscated debugBuild: false
09-02 00:10:48.693 25321 25321 E cr_IntentUtils: getBooleanExtra failed on intent null
09-02 00:10:48.693 26316 26316 D NetworkSecurityConfig: Using Network Security Config from resource 0_resource_name_obfuscated debugBuild: false
09-02 00:10:48.693 25321 25321 E cr_IntentUtils: getBooleanExtra failed on intent null
09-02 00:10:48.695 26316 26316 I cr_SplitCompatApp: Launched version=107.0.5304.91 minSdkVersion=29 isBundle=true processName=com.android.chrome:sandboxed_process0:org.chromium.content.app.SandboxedProcessService0:31 isIsolated=true
09-02 00:10:48.698 26349 26349 E cessService0:3: Not starting debugger since process cannot load the jdwp agent.
09-02 00:10:48.705 25321 25321 I cr_tabmodel: #isIncognitoTabBeingRestored from tabDetails:  false
09-02 00:10:48.706 25321 25321 I cr_tabmodel: #isIncognitoTabBeingRestored from tabDetails:  false
09-02 00:10:48.706 25321 25321 W cr_tabmodel: Failed to restore TabState; creating Tab with last known URL.
09-02 00:10:48.708 26366 26366 E libc    : SetHeapTaggingLevel: re-enabling tagging after it was disabled is not supported
09-02 00:10:48.711 26316 26316 W SystemServiceRegistry: No service published for: uimode
09-02 00:10:48.715  1513  3230 D CompatibilityChangeReporter: Compat change id reported: 136274596; UID 10220; state: ENABLED
09-02 00:10:48.723  1513  3241 D CompatibilityChangeReporter: Compat change id reported: 135634846; UID 10220; state: DISABLED
09-02 00:10:48.723  1513  3241 D CompatibilityChangeReporter: Compat change id reported: 135754954; UID 10220; state: ENABLED
09-02 00:10:48.724 26366 26366 E cessService0:3: Not starting debugger since process cannot load the jdwp agent.
09-02 00:10:48.725 26316 26316 I cr_ChildProcessService: Creating new ChildProcessService pid=26316
09-02 00:10:48.731 26316 26364 I cr_LibraryLoader: Using ModernLinker
09-02 00:10:48.731 25321 25321 E cr_IntentUtils: getBooleanExtra failed on intent null
09-02 00:10:48.731 25321 25321 E cr_IntentUtils: getBooleanExtra failed on intent null
09-02 00:10:48.733 26316 26364 W linker  : Warning: "/data/app/~~_KLlx60MH8CoecPTjMKp8g==/com.android.chrome-kw9RHYrlHKb9bPXi8OTClw==/base.apk!/lib/arm64-v8a/libchromium_android_linker.so" unused DT entry: unknown processor-specific (type 0x70000001 arg 0x0) (ignoring)
09-02 00:10:48.734 26316 26364 E cr_ChromiumAndroidLinker: ReserveAddressWithHint: Address range starting at 0x7a386e4000 was not free to use
09-02 00:10:48.738 26316 26407 I cr_LibraryLoader: Successfully loaded native library
09-02 00:10:48.739 26316 26407 I cr_CachingUmaRecorder: Flushed 3 samples from 3 histograms.
09-02 00:10:48.742 26349 26349 I LoadedApk: No resource references to update in package com.google.android.trichromelibrary
09-02 00:10:48.743 26349 26349 D NetworkSecurityConfig: Using Network Security Config from resource 0_resource_name_obfuscated debugBuild: false
09-02 00:10:48.743 25321 25321 E cr_BTSPrefs: No data found for task id: 53
09-02 00:10:48.743 25321 25321 E cr_BkgrdTaskScheduler: Task cannot be canceled because no data was found instorage or data was invalid
09-02 00:10:48.744 26349 26349 D NetworkSecurityConfig: Using Network Security Config from resource 0_resource_name_obfuscated debugBuild: false
09-02 00:10:48.745 26349 26349 I cr_SplitCompatApp: Launched version=107.0.5304.91 minSdkVersion=29 isBundle=true processName=com.android.chrome:sandboxed_process0:org.chromium.content.app.SandboxedProcessService0:32 isIsolated=true
09-02 00:10:48.748 25321 25321 I cr_tabmodel: #isIncognitoTabBeingRestored from tabDetails:  false
09-02 00:10:48.748 25321 25321 I cr_tabmodel: #isIncognitoTabBeingRestored from tabDetails:  false
09-02 00:10:48.748 25321 25321 W cr_tabmodel: Failed to restore TabState; creating Tab with last known URL.
09-02 00:10:48.761 21898 21898 D Zygote  : Forked child process 26422
09-02 00:10:48.761 26349 26349 W SystemServiceRegistry: No service published for: uimode
09-02 00:10:48.762 26422 26422 E libc    : SetHeapTaggingLevel: re-enabling tagging after it was disabled is not supported
09-02 00:10:48.763  1513  1625 W ActivityManager: Slow operation: 701ms so far, now at startProcess: returned from zygote!
09-02 00:10:48.763  1513  1625 W ActivityManager: Slow operation: 702ms so far, now at startProcess: done updating battery stats
09-02 00:10:48.763  1513  1625 W ActivityManager: Slow operation: 702ms so far, now at startProcess: building log message
09-02 00:10:48.763  1513  1625 I ActivityManager: Start proc 26422:com.android.chrome:sandboxed_process0:org.chromium.content.app.SandboxedProcessService0:34/u0ai35 for  {com.android.chrome/org.chromium.content.app.SandboxedProcessService0:34}
09-02 00:10:48.763  1513  1625 W ActivityManager: Slow operation: 702ms so far, now at startProcess: starting to update pids map
09-02 00:10:48.763  1513  1625 W ActivityManager: Slow operation: 702ms so far, now at startProcess: done updating pids map
