09-01 19:26:33.405  7731  7731 I LoadedApk: No resource references to update in package com.google.android.trichromelibrary
09-01 19:26:33.405  7702  7702 D NetworkSecurityConfig: Using Network Security Config from resource 0_resource_name_obfuscated debugBuild: false
09-01 19:26:33.405  7731  7731 D NetworkSecurityConfig: Using Network Security Config from resource 0_resource_name_obfuscated debugBuild: false
09-01 19:26:33.406  7702  7702 D NetworkSecurityConfig: Using Network Security Config from resource 0_resource_name_obfuscated debugBuild: false
09-01 19:26:33.406  7731  7731 D NetworkSecurityConfig: Using Network Security Config from resource 0_resource_name_obfuscated debugBuild: false
09-01 19:26:33.408  7702  7702 I cr_SplitCompatApp: Launched version=107.0.5304.91 minSdkVersion=29 isBundle=true processName=com.android.chrome:sandboxed_process0:org.chromium.content.app.SandboxedProcessService0:15 isIsolated=true
09-01 19:26:33.408  7731  7731 I cr_SplitCompatApp: Launched version=107.0.5304.91 minSdkVersion=29 isBundle=true processName=com.android.chrome:sandboxed_process0:org.chromium.content.app.SandboxedProcessService0:16 isIsolated=true
09-01 19:26:33.408  7693  7693 I LoadedApk: No resource references to update in package com.google.android.trichromelibrary
09-01 19:26:33.409  7693  7693 D NetworkSecurityConfig: Using Network Security Config from resource 0_resource_name_obfuscated debugBuild: false
09-01 19:26:33.409  4144  4144 D Zygote  : Forked child process 7824
09-01 19:26:33.409  1513  3230 D CompatibilityChangeReporter: Compat change id reported: 136274596; UID 10220; state: ENABLED
09-01 19:26:33.409  7693  7693 D NetworkSecurityConfig: Using Network Security Config from resource 0_resource_name_obfuscated debugBuild: false
09-01 19:26:33.411  7693  7693 I cr_SplitCompatApp: Launched version=107.0.5304.91 minSdkVersion=29 isBundle=true processName=com.android.chrome:sandboxed_process0:org.chromium.content.app.SandboxedProcessService0:14 isIsolated=true
09-01 19:26:33.414  1513  1625 W ActivityManager: Slow operation: 268ms so far, now at startProcess: returned from zygote!
09-01 19:26:33.414  1513  1625 W ActivityManager: Slow operation: 268ms so far, now at startProcess: done updating battery stats
09-01 19:26:33.414  1513  1625 W ActivityManager: Slow operation: 268ms so far, now at startProcess: building log message
09-01 19:26:33.414  1513  1625 I ActivityManager: Start proc 7824:com.android.chrome:sandboxed_process0:org.chromium.content.app.SandboxedProcessService0:19/u0ai20 for  {com.android.chrome/org.chromium.content.app.SandboxedProcessService0:19}
09-01 19:26:33.414  1513  1625 W ActivityManager: Slow operation: 268ms so far, now at startProcess: starting to update pids map
09-01 19:26:33.414  1513  1625 W ActivityManager: Slow operation: 268ms so far, now at startProcess: done updating pids map
09-01 19:26:33.414  1513  1625 W ActivityManager: Slow operation: 238ms so far, now at startProcess: asking zygote to start proc
09-01 19:26:33.414  1513  1625 D CompatibilityChangeReporter: Compat change id reported: 143937733; UID 10220; state: ENABLED
09-01 19:26:33.420  7824  7824 E libc    : SetHeapTaggingLevel: re-enabling tagging after it was disabled is not supported
09-01 19:26:33.422  7731  7731 W SystemServiceRegistry: No service published for: uimode
09-01 19:26:33.425  4144  4144 D Zygote  : Forked child process 7835
09-01 19:26:33.426  7702  7702 W SystemServiceRegistry: No service published for: uimode
09-01 19:26:33.427  7693  7693 W SystemServiceRegistry: No service published for: uimode
09-01 19:26:33.431  7824  7824 E cessService0:1: Not starting debugger since process cannot load the jdwp agent.
09-01 19:26:33.433  7835  7835 E libc    : SetHeapTaggingLevel: re-enabling tagging after it was disabled is not supported
09-01 19:26:33.438  1513  1625 W ActivityManager: Slow operation: 263ms so far, now at startProcess: returned from zygote!
09-01 19:26:33.438  1513  1625 W ActivityManager: Slow operation: 263ms so far, now at startProcess: done updating battery stats
09-01 19:26:33.439  1513  1625 W ActivityManager: Slow operation: 263ms so far, now at startProcess: building log message
09-01 19:26:33.439  1513  1625 I ActivityManager: Start proc 7835:com.android.chrome:sandboxed_process0:org.chromium.content.app.SandboxedProcessService0:20/u0ai21 for  {com.android.chrome/org.chromium.content.app.SandboxedProcessService0:20}
09-01 19:26:33.439  1513  1625 W ActivityManager: Slow operation: 263ms so far, now at startProcess: starting to update pids map
09-01 19:26:33.439  1513  1625 W ActivityManager: Slow operation: 263ms so far, now at startProcess: done updating pids map
09-01 19:26:33.441  7693  7693 I cr_ChildProcessService: Creating new ChildProcessService pid=7693
09-01 19:26:33.441  1513  3230 D CompatibilityChangeReporter: Compat change id reported: 136274596; UID 10220; state: ENABLED
09-01 19:26:33.443  7835  7835 E cessService0:2: Not starting debugger since process cannot load the jdwp agent.
09-01 19:26:33.447  7702  7702 I cr_ChildProcessService: Creating new ChildProcessService pid=7702
09-01 19:26:33.449  7731  7731 I cr_ChildProcessService: Creating new ChildProcessService pid=7731
09-01 19:26:33.449  7693  7765 I cr_LibraryLoader: Using ModernLinker
09-01 19:26:33.452  7693  7765 W linker  : Warning: "/data/app/~~_KLlx60MH8CoecPTjMKp8g==/com.android.chrome-kw9RHYrlHKb9bPXi8OTClw==/base.apk!/lib/arm64-v8a/libchromium_android_linker.so" unused DT entry: unknown processor-specific (type 0x70000001 arg 0x0) (ignoring)
09-01 19:26:33.453  7693  7765 E cr_ChromiumAndroidLinker: ReserveAddressWithHint: Address range starting at 0x7a38758000 was not free to use
09-01 19:26:33.454  7731  7778 I cr_LibraryLoader: Using ModernLinker
09-01 19:26:33.455  7731  7778 W linker  : Warning: "/data/app/~~_KLlx60MH8CoecPTjMKp8g==/com.android.chrome-kw9RHYrlHKb9bPXi8OTClw==/base.apk!/lib/arm64-v8a/libchromium_android_linker.so" unused DT entry: unknown processor-specific (type 0x70000001 arg 0x0) (ignoring)
09-01 19:26:33.456  7731  7778 E cr_ChromiumAndroidLinker: ReserveAddressWithHint: Address range starting at 0x7a38758000 was not free to use
09-01 19:26:33.459  7693  7861 I cr_LibraryLoader: Successfully loaded native library
09-01 19:26:33.459  7693  7861 I cr_CachingUmaRecorder: Flushed 3 samples from 3 histograms.
09-01 19:26:33.460  7731  7870 I cr_LibraryLoader: Successfully loaded native library
09-01 19:26:33.461  7702  7745 I cr_LibraryLoader: Using ModernLinker
09-01 19:26:33.464  7731  7870 I cr_CachingUmaRecorder: Flushed 3 samples from 3 histograms.
09-01 19:26:33.465  7702  7745 W linker  : Warning: "/data/app/~~_KLlx60MH8CoecPTjMKp8g==/com.android.chrome-kw9RHYrlHKb9bPXi8OTClw==/base.apk!/lib/arm64-v8a/libchromium_android_linker.so" unused DT entry: unknown processor-specific (type 0x70000001 arg 0x0) (ignoring)
09-01 19:26:33.466  7702  7745 E cr_ChromiumAndroidLinker: ReserveAddressWithHint: Address range starting at 0x7a38758000 was not free to use
09-01 19:26:33.470  7824  7824 I LoadedApk: No resource references to update in package com.google.android.trichromelibrary
09-01 19:26:33.471  7824  7824 D NetworkSecurityConfig: Using Network Security Config from resource 0_resource_name_obfuscated debugBuild: false
09-01 19:26:33.472  7824  7824 D NetworkSecurityConfig: Using Network Security Config from resource 0_resource_name_obfuscated debugBuild: false
09-01 19:26:33.477  1513  3168 D CompatibilityChangeReporter: Compat change id reported: 136274596; UID 10220; state: ENABLED
09-01 19:26:33.478  7702  7868 I cr_LibraryLoader: Successfully loaded native library
09-01 19:26:33.479  7702  7868 I cr_CachingUmaRecorder: Flushed 3 samples from 3 histograms.
09-01 19:26:33.489  7779  7779 I LoadedApk: No resource references to update in package com.google.android.trichromelibrary
09-01 19:26:33.489  7779  7779 D NetworkSecurityConfig: Using Network Security Config from resource 0_resource_name_obfuscated debugBuild: false
09-01 19:26:33.490  7779  7779 D NetworkSecurityConfig: Using Network Security Config from resource 0_resource_name_obfuscated debugBuild: false
09-01 19:26:33.491  7796  7796 I LoadedApk: No resource references to update in package com.google.android.trichromelibrary
09-01 19:26:33.491  7796  7796 D NetworkSecurityConfig: Using Network Security Config from resource 0_resource_name_obfuscated debugBuild: false
09-01 19:26:33.491  7779  7779 I cr_SplitCompatApp: Launched version=107.0.5304.91 minSdkVersion=29 isBundle=true processName=com.android.chrome:sandboxed_process0:org.chromium.content.app.SandboxedProcessService0:17 isIsolated=true
09-01 19:26:33.492  7796  7796 D NetworkSecurityConfig: Using Network Security Config from resource 0_resource_name_obfuscated debugBuild: false
09-01 19:26:33.494  7796  7796 I cr_SplitCompatApp: Launched version=107.0.5304.91 minSdkVersion=29 isBundle=true processName=com.android.chrome:sandboxed_process0:org.chromium.content.app.SandboxedProcessService0:18 isIsolated=true
09-01 19:26:33.501  7824  7824 I cr_SplitCompatApp: Launched version=107.0.5304.91 minSdkVersion=29 isBundle=true processName=com.android.chrome:sandboxed_process0:org.chromium.content.app.SandboxedProcessService0:19 isIsolated=true
09-01 19:26:33.506  7835  7835 I LoadedApk: No resource references to update in package com.google.android.trichromelibrary
09-01 19:26:33.506  7835  7835 D NetworkSecurityConfig: Using Network Security Config from resource 0_resource_name_obfuscated debugBuild: false
09-01 19:26:33.508  7835  7835 D NetworkSecurityConfig: Using Network Security Config from resource 0_resource_name_obfuscated debugBuild: false
09-01 19:26:33.508  7835  7835 I cr_SplitCompatApp: Launched version=107.0.5304.91 minSdkVersion=29 isBundle=true processName=com.android.chrome:sandboxed_process0:org.chromium.content.app.SandboxedProcessService0:20 isIsolated=true
09-01 19:26:33.512  7779  7779 W SystemServiceRegistry: No service published for: uimode
09-01 19:26:33.516  7824  7824 W SystemServiceRegistry: No service published for: uimode
09-01 19:26:33.518  7835  7835 W SystemServiceRegistry: No service published for: uimode
09-01 19:26:33.518  7779  7779 I cr_ChildProcessService: Creating new ChildProcessService pid=7779
09-01 19:26:33.524  7835  7835 I cr_ChildProcessService: Creating new ChildProcessService pid=7835
09-01 19:26:33.526  7779  7825 I cr_LibraryLoader: Using ModernLinker
09-01 19:26:33.528  7779  7825 W linker  : Warning: "/data/app/~~_KLlx60MH8CoecPTjMKp8g==/com.android.chrome-kw9RHYrlHKb9bPXi8OTClw==/base.apk!/lib/arm64-v8a/libchromium_android_linker.so" unused DT entry: unknown processor-specific (type 0x70000001 arg 0x0) (ignoring)
09-01 19:26:33.528  7779  7825 E cr_ChromiumAndroidLinker: ReserveAddressWithHint: Address range starting at 0x7a38758000 was not free to use
09-01 19:26:33.533  7796  7796 W SystemServiceRegistry: No service published for: uimode
09-01 19:26:33.534  7779  7895 I cr_LibraryLoader: Successfully loaded native library
09-01 19:26:33.535  7824  7824 I cr_ChildProcessService: Creating new ChildProcessService pid=7824
09-01 19:26:33.536  7779  7895 I cr_CachingUmaRecorder: Flushed 3 samples from 3 histograms.
09-01 19:26:33.537  7835  7875 I cr_LibraryLoader: Using ModernLinker
09-01 19:26:33.540  7824  7862 I cr_LibraryLoader: Using ModernLinker
09-01 19:26:33.540  7796  7796 I cr_ChildProcessService: Creating new ChildProcessService pid=7796
09-01 19:26:33.541  7835  7875 W linker  : Warning: "/data/app/~~_KLlx60MH8CoecPTjMKp8g==/com.android.chrome-kw9RHYrlHKb9bPXi8OTClw==/base.apk!/lib/arm64-v8a/libchromium_android_linker.so" unused DT entry: unknown processor-specific (type 0x70000001 arg 0x0) (ignoring)
09-01 19:26:33.542  7835  7875 E cr_ChromiumAndroidLinker: ReserveAddressWithHint: Address range starting at 0x7a38758000 was not free to use
09-01 19:26:33.545  7796  7823 I cr_LibraryLoader: Using ModernLinker
09-01 19:26:33.548  7824  7862 W linker  : Warning: "/data/app/~~_KLlx60MH8CoecPTjMKp8g==/com.android.chrome-kw9RHYrlHKb9bPXi8OTClw==/base.apk!/lib/arm64-v8a/libchromium_android_linker.so" unused DT entry: unknown processor-specific (type 0x70000001 arg 0x0) (ignoring)
09-01 19:26:33.549  7835  7899 I cr_LibraryLoader: Successfully loaded native library
09-01 19:26:33.549  7824  7862 E cr_ChromiumAndroidLinker: ReserveAddressWithHint: Address range starting at 0x7a38758000 was not free to use
09-01 19:26:33.549  7835  7899 I cr_CachingUmaRecorder: Flushed 3 samples from 3 histograms.
09-01 19:26:33.554  7796  7823 W linker  : Warning: "/data/app/~~_KLlx60MH8CoecPTjMKp8g==/com.android.chrome-kw9RHYrlHKb9bPXi8OTClw==/base.apk!/lib/arm64-v8a/libchromium_android_linker.so" unused DT entry: unknown processor-specific (type 0x70000001 arg 0x0) (ignoring)
09-01 19:26:33.555  7796  7823 E cr_ChromiumAndroidLinker: ReserveAddressWithHint: Address range starting at 0x7a38758000 was not free to use
09-01 19:26:33.563  7824  7901 I cr_LibraryLoader: Successfully loaded native library
09-01 19:26:33.564  7824  7901 I cr_CachingUmaRecorder: Flushed 3 samples from 3 histograms.
09-01 19:26:33.564  7796  7904 I cr_LibraryLoader: Successfully loaded native library
09-01 19:26:33.565  7796  7904 I cr_CachingUmaRecorder: Flushed 3 samples from 3 histograms.
09-01 19:26:34.129   901  1000 D VSC     : @ 34380.582: [WO] tilt angle 89
09-01 19:26:34.218   901  2806 I sensors-hal: [ssc_utils]get_qmi_debug_flag:244, support_qmi_debug : false
09-01 19:26:34.244   901  1000 W ASH     : @ 34380.698: Unhandled msg ID 999: line 1277
09-01 19:26:34.244   901  1000 E ASH     : @ 34380.698: No pb callback assigned
09-01 19:26:34.244   901  1000 E ASH     : @ 34380.698: Nanopb error: callback failed:1588
09-01 19:26:34.291   901  1000 I ASH     : @ 34380.744: tcs3701: ADC is saturated, removed sample from FIFO.
09-01 19:26:34.320  7187  7187 E cr_BTSPrefs: No data found for task id: 53
09-01 19:26:34.321  7187  7187 E cr_BkgrdTaskScheduler: Task cannot be canceled because no data was found instorage or data was invalid
09-01 19:26:36.127   901  1000 D VSC     : @ 34382.579: [WO] tilt angle 89
09-01 19:26:36.220  3417  3559 I A       : Cobalt: try to find ProjectConfig for given tags
09-01 19:26:36.221  3417  3559 W A       : Cobalt: couldn't find ProjectConfig for given tags
09-01 19:26:36.237  3417  3684 I LPAutoUpdateSynclet: #sync
09-01 19:26:36.238  3417  3637 I LPDownloadSettingsState: Defaulting LP download condition to WIFI_ONLY as user has not edited settings.
09-01 19:26:36.238  3417  3684 I DefaultLPManager: #getAvailablePackages
09-01 19:26:36.238  3417  3684 I A       : #getDownloadableLanguagePacks
09-01 19:26:36.239  3417  3684 W SystemLPSourceImpl: #getAvailablePackages: Note there is not reason to call this method, as getInstalledPackages() returns the same LanguagePacks for this impl.
09-01 19:26:36.240  3417  3684 I DefaultLPManager: #getInstalledPackages
09-01 19:26:36.240  3417  3684 I A       : #getInstalledPackages
09-01 19:26:36.242  3417  3684 I DefaultLPManager: #getInstalledPackages
09-01 19:26:36.242  3417  3684 I A       : #getInstalledPackages
09-01 19:26:36.243  3417  3684 I DefaultLPManager: #getRequestedPackages
09-01 19:26:36.243  3417  3684 I ZipLPPopulator: #addNewFileGroups
09-01 19:26:36.243  3417  3684 I A       : #getDownloadableLanguagePacks
09-01 19:26:36.243  3417  3684 W SystemLPSourceImpl: #getRequestedPackages: There is not reason to call this method, as the result is always empty.
09-01 19:26:36.243  3417  3684 I DefaultLPManager: #getAvailablePackages
09-01 19:26:36.243  3417  3683 I LPRequestState: (REDACTED) [%s] #resolveDesiredLanguagePacks
09-01 19:26:36.243  3417  3684 I A       : #getDownloadableLanguagePacks
09-01 19:26:36.243  3417  3684 W SystemLPSourceImpl: #getAvailablePackages: Note there is not reason to call this method, as getInstalledPackages() returns the same LanguagePacks for this impl.
09-01 19:26:36.244  3417  3684 I A       : #getPendingPackages
09-01 19:26:36.246  3417  3559 I SystemLPSourceImpl: (REDACTED) Parsed system partition LanguagePack metadata file: %s
09-01 19:26:36.247  3417  3559 I SystemLPSourceImpl: (REDACTED) Parsed system partition LanguagePack metadata file: %s
09-01 19:26:36.248  3417  3540 I SystemLPSourceImpl: (REDACTED) Parsed system partition LanguagePack metadata file: %s
09-01 19:26:36.248  3417  3539 I SystemLPSourceImpl: (REDACTED) Parsed system partition LanguagePack metadata file: %s
09-01 19:26:36.249  1513  3168 W UriGrantsManagerService: No permission grants found for com.google.android.apps.photos
09-01 19:26:36.249  1513  3375 W UriGrantsManagerService: No permission grants found for com.google.android.apps.photos
09-01 19:26:36.252  3417  3548 I WM-WorkerWrapper: Worker result SUCCESS for Work [ id=a0956868-55cf-494c-a5b1-331d4941a022, tags={ com.google.apps.tiktok.contrib.work.TikTokListenableWorker, TikTokWorker#com.google.apps.tiktok.sync.impl.workmanager.SyncWorker } ]
09-01 19:26:36.255  3417  3621 I LPRequestState: (REDACTED) [%s] #resolveDesiredLanguagePacks
09-01 19:26:36.284  1513  3375 I chatty  : uid=1000(system) Binder:1513_1A identical 1 line
09-01 19:26:36.285  1513  3375 W UriGrantsManagerService: No permission grants found for com.google.android.apps.photos
09-01 19:26:36.306  1513  2000 D ConnectivityService: NetReassign [no changes]
09-01 19:26:36.320  1513  3375 W UriGrantsManagerService: No permission grants found for com.google.android.apps.photos
09-01 19:26:36.321  1513  3375 W UriGrantsManagerService: No permission grants found for com.google.android.apps.photos
09-01 19:26:36.428  3417  3637 I LanguagePackMaintenance: (REDACTED) Background downloading %d packs, for an ideal set of %d total packs
09-01 19:26:36.429  3417  3637 I LanguagePackMaintenance: (REDACTED) Background downloading packs [%s]
09-01 19:26:36.429  3417  3637 I LanguagePackMaintenance: (REDACTED) Ideal set: [%s]
09-01 19:26:36.554  3417  3621 I LPRequestState: (REDACTED) [%s] #resolveUnusedLanguagePacks
09-01 19:26:36.554  3417  3621 I LPRequestState: (REDACTED) [%s] #resolveDesiredLanguagePacks
09-01 19:26:36.676  3417  3636 I LPRequestState: (REDACTED) [%s] #resolveUnusedLanguagePacks
09-01 19:26:36.676  3417  3636 I LPRequestState: (REDACTED) [%s] #resolveDesiredLanguagePacks
09-01 19:26:36.676  3417  3636 I DefaultLPManager: #calculateRolledBackPacks
09-01 19:26:36.676  3417  3636 I LanguagePackMaintenance: (REDACTED) Background deleting %d stale packs: %s
09-01 19:26:36.677  3417  3636 I LanguagePackMaintenance: Background LanguagePack updates finished successfully
09-01 19:26:36.762   901  2806 I sensors-hal: [ssc_utils]get_qmi_debug_flag:244, support_qmi_debug : false
09-01 19:26:36.805   901  1000 W ASH     : @ 34383.258: Unhandled msg ID 999: line 1277
09-01 19:26:36.805   901  1000 E ASH     : @ 34383.258: No pb callback assigned
09-01 19:26:36.805   901  1000 E ASH     : @ 34383.258: Nanopb error: callback failed:1588
09-01 19:26:36.866   901  2806 I sensors-hal: [ssc_utils]get_qmi_debug_flag:244, support_qmi_debug : false
09-01 19:26:36.885   901  1000 W ASH     : @ 34383.338: Unhandled msg ID 999: line 1277
09-01 19:26:36.885   901  1000 E ASH     : @ 34383.338: No pb callback assigned
09-01 19:26:36.885   901  1000 E ASH     : @ 34383.338: Nanopb error: callback failed:1588
09-01 19:26:36.935   901  1000 I ASH     : @ 34383.388: tcs3701: ADC is saturated, removed sample from FIFO.
09-01 19:26:37.157  7994  7994 W app_process: type=1400 audit(0.0:4250): avc: denied { read } for name="u:object_r:device_config_runtime_native_boot_prop:s0" dev="tmpfs" ino=10163 scontext=u:r:shell:s0 tcontext=u:object_r:device_config_runtime_native_boot_prop:s0 tclass=file permissive=0
09-01 19:26:37.157  7994  7994 I chatty  : uid=2000(shell) app_process identical 2 lines
09-01 19:26:37.157  7994  7994 W app_process: type=1400 audit(0.0:4253): avc: denied { read } for name="u:object_r:device_config_runtime_native_boot_prop:s0" dev="tmpfs" ino=10163 scontext=u:r:shell:s0 tcontext=u:object_r:device_config_runtime_native_boot_prop:s0 tclass=file permissive=0
09-01 19:26:37.160  7994  7994 D AndroidRuntime: >>>>>> START com.android.internal.os.RuntimeInit uid 2000 <<<<<<
09-01 19:26:37.162  7994  7994 E libc    : Access denied finding property "persist.device_config.runtime_native_boot.profilebootclasspath"
09-01 19:26:37.162  7994  7994 E libc    : Access denied finding property "persist.device_config.runtime_native_boot.enable_apex_image"
09-01 19:26:37.162  7994  7994 I AndroidRuntime: Using default boot image
09-01 19:26:37.162  7994  7994 E libc    : Access denied finding property "persist.device_config.runtime_native_boot.disable_lock_profiling"
09-01 19:26:37.162  7994  7994 I AndroidRuntime: Leaving lock profiling enabled
09-01 19:26:37.162  7994  7994 E libc    : Access denied finding property "persist.device_config.runtime_native_boot.enable_generational_cc"
09-01 19:26:37.219  7994  7994 D app_process: Time zone APEX ICU file found: /apex/com.android.tzdata/etc/icu/icu_tzdata.dat
09-01 19:26:37.220  7994  7994 D app_process: I18n APEX ICU file found: /apex/com.android.i18n/etc/icu/icudt66l.dat
09-01 19:26:37.226  7994  7994 I app_process: The ClassLoaderContext is a special shared library.
09-01 19:26:37.236  7994  7994 W app_process: JNI RegisterNativeMethods: attempt to register 0 native methods for android.media.AudioAttributes
09-01 19:26:37.240  7994  7994 D AndroidRuntime: Calling main entry com.android.commands.input.Input
09-01 19:26:37.253  7994  7994 D AndroidRuntime: Shutting down VM
09-01 19:26:37.381   901  2806 I sensors-hal: [ssc_utils]get_qmi_debug_flag:244, support_qmi_debug : false
09-01 19:26:37.405   901  1000 W ASH     : @ 34383.858: Unhandled msg ID 999: line 1277
09-01 19:26:37.405   901  1000 E ASH     : @ 34383.858: No pb callback assigned
09-01 19:26:37.405   901  1000 E ASH     : @ 34383.858: Nanopb error: callback failed:1588
09-01 19:26:37.469  7187  7275 I cr_omaha: Attempting to schedule next job for: Fri Sep 01 21:21:07 GMT+02:00 2023
09-01 19:26:37.475  2230  2246 W rkstack.proces: Reducing the number of considered missed Gc histogram windows from 282 to 100
09-01 19:26:37.477  7187  7187 I cr_omaha: Scheduled using JobService
09-01 19:26:37.481  7187  7187 E cr_BkgrdTaskJS: Tried finishing non-current BackgroundTask.
09-01 19:26:37.786   901  2806 I sensors-hal: [ssc_utils]get_qmi_debug_flag:244, support_qmi_debug : false
09-01 19:26:37.805   901  1000 W ASH     : @ 34384.258: Unhandled msg ID 999: line 1277
09-01 19:26:37.805   901  1000 E ASH     : @ 34384.258: No pb callback assigned
09-01 19:26:37.805   901  1000 E ASH     : @ 34384.258: Nanopb error: callback failed:1588
09-01 19:26:37.857   901  1000 I ASH     : @ 34384.310: tcs3701: ADC is saturated, removed sample from FIFO.
09-01 19:26:37.875  8026  8028 I cmd     : oneway function results will be dropped but finished with status OK and parcel size 4
09-01 19:26:37.878  7124  7124 I BatteryMgr:DataCollectionService: onStartCommand: begin
09-01 19:26:37.878  7124  7124 I BatteryMgr:DataCollectionService: onStartCommand: sampleRate => 100
09-01 19:26:37.878  7124  7124 I BatteryMgr:DataCollectionService: onStartCommand: rawFields => Timestamp,BATTERY_PROPERTY_CURRENT_NOW,EXTRA_VOLTAGE
09-01 19:26:37.879  7124  7124 I BatteryMgr:DataCollectionService: onStartCommand: notification done
09-01 19:26:37.881  1513  3230 D CompatibilityChangeReporter: Compat change id reported: 136219221; UID 10260; state: ENABLED
09-01 19:26:37.881  7124  7124 I BatteryMgr:DataCollectionService: started foreground
09-01 19:26:37.899  7124  8030 I BatteryMgr:DataCollectionService: collectData: begin
09-01 19:26:37.903  7124  8030 I BatteryMgr:DataCollectionService: stats => 1693589197903,6103,4411
09-01 19:26:38.010  7124  8030 I BatteryMgr:DataCollectionService: stats => 1693589198009,6103,4411
09-01 19:26:38.091  1513  1513 D NotificationService: 0|com.example.batterymanager_utility|1|null|10260: granting content://settings/system/notification_sound
09-01 19:26:38.096  1513  1513 I chatty  : uid=1000(system) Binder:1513_3 identical 3 lines
09-01 19:26:38.096  1513  1513 D NotificationService: 0|com.example.batterymanager_utility|1|null|10260: granting content://settings/system/notification_sound
09-01 19:26:38.102  1513  1513 W NotificationHistory: Attempted to add notif for locked/gone/disabled user 0
09-01 19:26:38.113  7124  8030 I BatteryMgr:DataCollectionService: stats => 1693589198113,10681,4411
09-01 19:26:38.115  2062  2062 D InterruptionStateProvider: No bubble up: not allowed to bubble: 0|com.example.batterymanager_utility|1|null|10260
09-01 19:26:38.116  2062  2062 D InterruptionStateProvider: No heads up: unimportant notification: 0|com.example.batterymanager_utility|1|null|10260
09-01 19:26:38.125   901  1000 D VSC     : @ 34384.578: [WO] tilt angle 89
09-01 19:26:38.152   901  2806 I sensors-hal: [ssc_utils]get_qmi_debug_flag:244, support_qmi_debug : false
09-01 19:26:38.164   901  1000 W ASH     : @ 34384.618: Unhandled msg ID 999: line 1277
09-01 19:26:38.164   901  1000 E ASH     : @ 34384.618: No pb callback assigned
09-01 19:26:38.164   901  1000 E ASH     : @ 34384.618: Nanopb error: callback failed:1588
09-01 19:26:38.217  7124  8030 I BatteryMgr:DataCollectionService: stats => 1693589198217,8544,4411
09-01 19:26:38.320  7124  8030 I BatteryMgr:DataCollectionService: stats => 1693589198320,-41198,4411
09-01 19:26:38.425  7124  8030 I BatteryMgr:DataCollectionService: stats => 1693589198425,-86364,4411
09-01 19:26:38.498   901  2806 I sensors-hal: [ssc_utils]get_qmi_debug_flag:244, support_qmi_debug : false
09-01 19:26:38.524   901  1000 W ASH     : @ 34384.978: Unhandled msg ID 999: line 1277
09-01 19:26:38.524   901  1000 E ASH     : @ 34384.978: No pb callback assigned
09-01 19:26:38.525   901  1000 E ASH     : @ 34384.978: Nanopb error: callback failed:1588
09-01 19:26:38.529  7124  8030 I BatteryMgr:DataCollectionService: stats => 1693589198529,-20751,4411
09-01 19:26:38.569   901  1000 I ASH     : @ 34385.022: tcs3701: ADC is saturated, removed sample from FIFO.
09-01 19:26:38.634  7124  8030 I BatteryMgr:DataCollectionService: stats => 1693589198634,-81787,4411
09-01 19:26:38.705   901  2806 I sensors-hal: [ssc_utils]get_qmi_debug_flag:244, support_qmi_debug : false
09-01 19:26:38.707   594   655 I SDM     : HWDeviceDRM::UpdateMixerAttributes: Mixer WxH 1080x2340-1 for Peripheral
09-01 19:26:38.707   594   655 I SDM     : DisplayBase::SetActiveConfig: Active configuration changed to: 0
09-01 19:26:38.707   594   655 I SDM     : StrategyImpl::SetIdleTimeoutMs: Idle timeout set to zero for command mode panels
09-01 19:26:38.714   901  2806 I sensors-hal: [ssc_utils]get_qmi_debug_flag:244, support_qmi_debug : false
09-01 19:26:38.718  1513  1572 I DisplayManagerService: Display device changed: DisplayDeviceInfo{"Built-in Screen": uniqueId="local:19260504575090817", 1080 x 2340, modeId 2, defaultModeId 2, supportedModes [{id=1, width=1080, height=2340, fps=90.0}, {id=2, width=1080, height=2340, fps=60.000004}], colorMode 0, supportedColorModes [0, 7, 9], HdrCapabilities HdrCapabilities{mSupportedHdrTypes=[2, 3, 4], mMaxLuminance=500.0, mMaxAverageLuminance=500.0, mMinLuminance=0.0}, allmSupported false, gameContentTypeSupported false, density 440, 435.428 x 433.839 dpi, appVsyncOff 2333332, presDeadline 11500000, cutout DisplayCutout{insets=Rect(0, 136 - 0, 0) waterfall=Insets{left=0, top=0, right=0, bottom=0} boundingRect={Bounds=[Rect(0, 0 - 0, 0), Rect(0, 0 - 136, 136), Rect(0, 0 - 0, 0), Rect(0, 0 - 0, 0)]}}, touch INTERNAL, rotation 0, type INTERNAL, address {port=129, model=0x446d53ad64a0}, deviceProductInfo DeviceProductInfo{name=, manufacturerPnpId=QCM, productId=1, modelYear=null, manufactureDate=ManufactureDate{week=27, year=2006}, relativeAddress=null}, state ON, FLAG_DEFAULT_DISPLAY, FLAG_ROTATES_WITH_CONTENT, FLAG_SECURE, FLAG_SUPPORTS_PROTECTED_BUFFERS}
09-01 19:26:38.719   594   655 I SDM     : StrategyImpl::SetIdleTimeoutMs: Idle timeout set to zero for command mode panels
09-01 19:26:38.724   901  1000 W ASH     : @ 34385.178: Unhandled msg ID 999: line 1277
09-01 19:26:38.724   901  1000 E ASH     : @ 34385.178: No pb callback assigned
09-01 19:26:38.724   901  1000 E ASH     : @ 34385.178: Nanopb error: callback failed:1588
09-01 19:26:38.738  7124  8030 I BatteryMgr:DataCollectionService: stats => 1693589198738,-162353,4411
09-01 19:26:38.764   901  1000 W ASH     : @ 34385.218: Unhandled msg ID 999: line 1277
09-01 19:26:38.765   901  1000 E ASH     : @ 34385.218: No pb callback assigned
09-01 19:26:38.765   901  1000 E ASH     : @ 34385.218: Nanopb error: callback failed:1588
09-01 19:26:38.844  7124  8030 I BatteryMgr:DataCollectionService: stats => 1693589198843,-65307,4411
09-01 19:26:38.951  7124  8030 I BatteryMgr:DataCollectionService: stats => 1693589198951,11596,4411
09-01 19:26:39.058  7124  8030 I BatteryMgr:DataCollectionService: stats => 1693589199058,4577,4411
09-01 19:26:39.163  7124  8030 I BatteryMgr:DataCollectionService: stats => 1693589199162,-6713,4411
09-01 19:26:39.269  7124  8030 I BatteryMgr:DataCollectionService: stats => 1693589199269,-19836,4411
09-01 19:26:39.319  1513  2000 D ConnectivityService: NetReassign [no changes]
09-01 19:26:39.376  7124  8030 I BatteryMgr:DataCollectionService: stats => 1693589199375,-115966,4411
09-01 19:26:39.483  7124  8030 I BatteryMgr:DataCollectionService: stats => 1693589199482,24108,4411
09-01 19:26:39.589  7124  8030 I BatteryMgr:DataCollectionService: stats => 1693589199588,16784,4411
09-01 19:26:39.695  7124  8030 I BatteryMgr:DataCollectionService: stats => 1693589199695,-5187,4411
09-01 19:26:39.803  7124  8030 I BatteryMgr:DataCollectionService: stats => 1693589199803,16174,4411
09-01 19:26:39.909  7124  8030 I BatteryMgr:DataCollectionService: stats => 1693589199908,13732,4411
09-01 19:26:40.014  7124  8030 I BatteryMgr:DataCollectionService: stats => 1693589200014,19531,4411
09-01 19:26:40.120  7124  8030 I BatteryMgr:DataCollectionService: stats => 1693589200120,7629,4411
09-01 19:26:40.165   901  1000 D VSC     : @ 34386.618: [WO] tilt angle 89
09-01 19:26:40.225  7124  8030 I BatteryMgr:DataCollectionService: stats => 1693589200225,4577,4411
09-01 19:26:40.330  7124  8030 I BatteryMgr:DataCollectionService: stats => 1693589200330,9765,4411
09-01 19:26:40.436  7124  8030 I BatteryMgr:DataCollectionService: stats => 1693589200436,-25939,4411
09-01 19:26:40.541  7124  8030 I BatteryMgr:DataCollectionService: stats => 1693589200541,-5187,4411
09-01 19:26:40.631  1513  3375 I ActivityTaskManager: START u0 {act=android.intent.action.VIEW dat=http://192.168.88.177:8000/... flg=0x10000000 cmp=com.android.chrome/com.google.android.apps.chrome.Main} from uid 2000
09-01 19:26:40.631  1513  1572 D EventSequenceValidator: Transition from ACTIVITY_FINISHED to INTENT_STARTED
09-01 19:26:40.633  8067  8070 I cmd     : oneway function results will be dropped but finished with status OK and parcel size 4
09-01 19:26:40.635  1513  1572 D EventSequenceValidator: Transition from INTENT_STARTED to INTENT_FAILED
09-01 19:26:40.645  7124  8030 I BatteryMgr:DataCollectionService: stats => 1693589200645,4882,4411
09-01 19:26:40.653   594   655 I SDM     : HWDeviceDRM::UpdateMixerAttributes: Mixer WxH 1080x2340-1 for Peripheral
09-01 19:26:40.653   594   655 I SDM     : DisplayBase::SetActiveConfig: Active configuration changed to: 1
09-01 19:26:40.653   594   655 I SDM     : StrategyImpl::SetIdleTimeoutMs: Idle timeout set to zero for command mode panels
09-01 19:26:40.657   901  2806 I sensors-hal: [ssc_utils]get_qmi_debug_flag:244, support_qmi_debug : false
09-01 19:26:40.657  1513  1572 I DisplayManagerService: Display device changed: DisplayDeviceInfo{"Built-in Screen": uniqueId="local:19260504575090817", 1080 x 2340, modeId 1, defaultModeId 2, supportedModes [{id=1, width=1080, height=2340, fps=90.0}, {id=2, width=1080, height=2340, fps=60.000004}], colorMode 0, supportedColorModes [0, 7, 9], HdrCapabilities HdrCapabilities{mSupportedHdrTypes=[2, 3, 4], mMaxLuminance=500.0, mMaxAverageLuminance=500.0, mMinLuminance=0.0}, allmSupported false, gameContentTypeSupported false, density 440, 435.428 x 433.839 dpi, appVsyncOff 2333333, presDeadline 11500000, cutout DisplayCutout{insets=Rect(0, 136 - 0, 0) waterfall=Insets{left=0, top=0, right=0, bottom=0} boundingRect={Bounds=[Rect(0, 0 - 0, 0), Rect(0, 0 - 136, 136), Rect(0, 0 - 0, 0), Rect(0, 0 - 0, 0)]}}, touch INTERNAL, rotation 0, type INTERNAL, address {port=129, model=0x446d53ad64a0}, deviceProductInfo DeviceProductInfo{name=, manufacturerPnpId=QCM, productId=1, modelYear=null, manufactureDate=ManufactureDate{week=27, year=2006}, relativeAddress=null}, state ON, FLAG_DEFAULT_DISPLAY, FLAG_ROTATES_WITH_CONTENT, FLAG_SECURE, FLAG_SUPPORTS_PROTECTED_BUFFERS}
09-01 19:26:40.666  7187  7187 E cr_IntentUtils: getInt failed on bundle null
09-01 19:26:40.679  1513  3245 D CompatibilityChangeReporter: Compat change id reported: 135634846; UID 10220; state: DISABLED
09-01 19:26:40.679  1513  3245 D CompatibilityChangeReporter: Compat change id reported: 135754954; UID 10220; state: ENABLED
09-01 19:26:40.680  1513  1625 D CompatibilityChangeReporter: Compat change id reported: 143937733; UID 10220; state: ENABLED
09-01 19:26:40.685   901  1000 W ASH     : @ 34387.138: Unhandled msg ID 999: line 1277
09-01 19:26:40.685   901  1000 E ASH     : @ 34387.138: No pb callback assigned
09-01 19:26:40.685   901  1000 E ASH     : @ 34387.138: Nanopb error: callback failed:1588
09-01 19:26:40.687  4144  4144 D Zygote  : Forked child process 8079
09-01 19:26:40.688  1513  1625 I ActivityManager: Start proc 8079:com.android.chrome:sandboxed_process0:org.chromium.content.app.SandboxedProcessService0:21/u0ai22 for  {com.android.chrome/org.chromium.content.app.SandboxedProcessService0:21}
09-01 19:26:40.689  8079  8079 E libc    : SetHeapTaggingLevel: re-enabling tagging after it was disabled is not supported
09-01 19:26:40.700  8079  8079 E cessService0:2: Not starting debugger since process cannot load the jdwp agent.
09-01 19:26:40.708  2858  2858 I GoogleInputMethodService: GoogleInputMethodService.onFinishInput():3280 
09-01 19:26:40.709  2858  2858 I GoogleInputMethodService: GoogleInputMethodService.updateDeviceLockedStatus():2169 repeatCheckTimes = 0, unlocked = true
09-01 19:26:40.709  2858  2858 I GoogleInputMethodService: GoogleInputMethodService.onStartInput():1960 onStartInput(EditorInfo{inputType=0x0(NULL) imeOptions=0x12000000 privateImeOptions=null actionName=UNSPECIFIED actionLabel=null actionId=0 initialSelStart=-1 initialSelEnd=-1 initialCapsMode=0x0 hintText=null label=null packageName=com.android.chrome fieldId=-1 fieldName=null extras=null}, false)
09-01 19:26:40.710  2858  2858 I GoogleInputMethodService: GoogleInputMethodService.shouldHideHeaderOnInitialState():4081 ShouldHideHeaderOnInitialState = false
09-01 19:26:40.710  2858  2858 I GoogleInputMethodService: GoogleInputMethodService.updateDeviceLockedStatus():2169 repeatCheckTimes = 2, unlocked = true
09-01 19:26:40.710  1513  2169 D CompatibilityChangeReporter: Compat change id reported: 136274596; UID 10220; state: ENABLED
09-01 19:26:40.717  7187  7187 I cr_OfflineDetector: Running updateState mConnectivityDetectorInitialized: true, mTimeWhenLastForegrounded: 34383943, getElapsedTime: 34383943, mTimeWhenLastOfflineNotificationReceived: 0, mTimeWhenLastOnline: 34375629, mApplicationState: 1, mIsOfflineLastReportedByConnectivityDetector: false, mIsEffectivelyOffline: false
09-01 19:26:40.717  7187  7187 I cr_OfflineDetector: updateState(): timeSinceLastForeground: 0, timeSinceOfflineNotificationReceived: 34383943, timeSinceLastOnline: 8314, timeNeededForForeground: 2000, timeNeededForOffline: -34381943
09-01 19:26:40.729  8079  8079 I LoadedApk: No resource references to update in package com.google.android.trichromelibrary
09-01 19:26:40.729  8079  8079 D NetworkSecurityConfig: Using Network Security Config from resource 0_resource_name_obfuscated debugBuild: false
09-01 19:26:40.730  8079  8079 D NetworkSecurityConfig: Using Network Security Config from resource 0_resource_name_obfuscated debugBuild: false
09-01 19:26:40.742  7187  7187 I cr_tabmodel: Appending tabs being restored to metadata lists, 0, startingNormalCount: 43, startingIncognitoCount: 0
09-01 19:26:40.742  7187  7187 I cr_tabmodel: Serializing tab lists; counts: 43, 0
09-01 19:26:40.743  8079  8079 I cr_SplitCompatApp: Launched version=107.0.5304.91 minSdkVersion=29 isBundle=true processName=com.android.chrome:sandboxed_process0:org.chromium.content.app.SandboxedProcessService0:21 isIsolated=true
09-01 19:26:40.746   594   655 I SDM     : HWDeviceDRM::UpdateMixerAttributes: Mixer WxH 1080x2340-1 for Peripheral
09-01 19:26:40.746   594   655 I SDM     : DisplayBase::SetActiveConfig: Active configuration changed to: 0
09-01 19:26:40.746   594   655 I SDM     : StrategyImpl::SetIdleTimeoutMs: Idle timeout set to zero for command mode panels
09-01 19:26:40.749  7124  8030 I BatteryMgr:DataCollectionService: stats => 1693589200748,-435180,4411
09-01 19:26:40.750   901  2806 I sensors-hal: [ssc_utils]get_qmi_debug_flag:244, support_qmi_debug : false
09-01 19:26:40.754  8079  8079 W SystemServiceRegistry: No service published for: uimode
09-01 19:26:40.759  8079  8079 I cr_ChildProcessService: Creating new ChildProcessService pid=8079
09-01 19:26:40.764  8079  8099 I cr_LibraryLoader: Using ModernLinker
09-01 19:26:40.766  8079  8099 W linker  : Warning: "/data/app/~~_KLlx60MH8CoecPTjMKp8g==/com.android.chrome-kw9RHYrlHKb9bPXi8OTClw==/base.apk!/lib/arm64-v8a/libchromium_android_linker.so" unused DT entry: unknown processor-specific (type 0x70000001 arg 0x0) (ignoring)
09-01 19:26:40.767   901  1000 W ASH     : @ 34387.218: Unhandled msg ID 999: line 1277
09-01 19:26:40.767   901  1000 E ASH     : @ 34387.218: No pb callback assigned
09-01 19:26:40.767   901  1000 E ASH     : @ 34387.218: Nanopb error: callback failed:1588
09-01 19:26:40.768  1513  1572 I DisplayManagerService: Display device changed: DisplayDeviceInfo{"Built-in Screen": uniqueId="local:19260504575090817", 1080 x 2340, modeId 2, defaultModeId 2, supportedModes [{id=1, width=1080, height=2340, fps=90.0}, {id=2, width=1080, height=2340, fps=60.000004}], colorMode 0, supportedColorModes [0, 7, 9], HdrCapabilities HdrCapabilities{mSupportedHdrTypes=[2, 3, 4], mMaxLuminance=500.0, mMaxAverageLuminance=500.0, mMinLuminance=0.0}, allmSupported false, gameContentTypeSupported false, density 440, 435.428 x 433.839 dpi, appVsyncOff 2333332, presDeadline 11500000, cutout DisplayCutout{insets=Rect(0, 136 - 0, 0) waterfall=Insets{left=0, top=0, right=0, bottom=0} boundingRect={Bounds=[Rect(0, 0 - 0, 0), Rect(0, 0 - 136, 136), Rect(0, 0 - 0, 0), Rect(0, 0 - 0, 0)]}}, touch INTERNAL, rotation 0, type INTERNAL, address {port=129, model=0x446d53ad64a0}, deviceProductInfo DeviceProductInfo{name=, manufacturerPnpId=QCM, productId=1, modelYear=null, manufactureDate=ManufactureDate{week=27, year=2006}, relativeAddress=null}, state ON, FLAG_DEFAULT_DISPLAY, FLAG_ROTATES_WITH_CONTENT, FLAG_SECURE, FLAG_SUPPORTS_PROTECTED_BUFFERS}
09-01 19:26:40.768  8079  8099 E cr_ChromiumAndroidLinker: ReserveAddressWithHint: Address range starting at 0x7a38758000 was not free to use
09-01 19:26:40.770   594   655 I SDM     : StrategyImpl::SetIdleTimeoutMs: Idle timeout set to zero for command mode panels
09-01 19:26:40.778  8079  8104 I cr_LibraryLoader: Successfully loaded native library
09-01 19:26:40.779  8079  8104 I cr_CachingUmaRecorder: Flushed 3 samples from 3 histograms.
09-01 19:26:40.813  8079  8104 I tflite  : Initialized TensorFlow Lite runtime.
09-01 19:26:40.819   901  1000 I ASH     : @ 34387.272: tcs3701: ADC is saturated, removed sample from FIFO.
09-01 19:26:40.853  7124  8030 I BatteryMgr:DataCollectionService: stats => 1693589200852,-34790,4411
09-01 19:26:40.959  7124  8030 I BatteryMgr:DataCollectionService: stats => 1693589200959,-14038,4411
09-01 19:26:41.066  7124  8030 I BatteryMgr:DataCollectionService: stats => 1693589201066,-7324,4411
09-01 19:26:41.172  7124  8030 I BatteryMgr:DataCollectionService: stats => 1693589201172,-3356,4411
09-01 19:26:41.278  7124  8030 I BatteryMgr:DataCollectionService: stats => 1693589201278,9155,4411
09-01 19:26:41.385  7124  8030 I BatteryMgr:DataCollectionService: stats => 1693589201384,-36926,4411
09-01 19:26:41.491  7124  8030 I BatteryMgr:DataCollectionService: stats => 1693589201491,-22583,4411
09-01 19:26:41.598  7124  8030 I BatteryMgr:DataCollectionService: stats => 1693589201597,24414,4411
09-01 19:26:41.687  1162  9670 I LOWI-9.0.0.58: [LOWI-Scan] lowi_close_record:Scan done in 34372726ms, 5 APs in scan results
09-01 19:26:41.687  1513  3245 D WifiNl80211Manager: Scan result ready event
09-01 19:26:41.688  1513  3245 D WifiNative: Scan result ready event
09-01 19:26:41.704  7124  8030 I BatteryMgr:DataCollectionService: stats => 1693589201704,1525,4411
09-01 19:26:41.811  7124  8030 I BatteryMgr:DataCollectionService: stats => 1693589201810,11596,4411
09-01 19:26:41.914  7124  8030 I BatteryMgr:DataCollectionService: stats => 1693589201914,13427,4411
09-01 19:26:41.952   908   950 D rlsservice: MonitorDisplayStatus client num 1, display status 1, sensor status 1
09-01 19:26:42.019  7124  8030 I BatteryMgr:DataCollectionService: stats => 1693589202019,10375,4411
09-01 19:26:42.126  7124  8030 I BatteryMgr:DataCollectionService: stats => 1693589202126,12512,4411
09-01 19:26:42.165   901  1000 D VSC     : @ 34388.618: [WO] tilt angle 89
09-01 19:26:42.232  7124  8030 I BatteryMgr:DataCollectionService: stats => 1693589202232,8544,4411
09-01 19:26:42.335  1513  2000 D ConnectivityService: NetReassign [no changes]
09-01 19:26:42.337  7124  8030 I BatteryMgr:DataCollectionService: stats => 1693589202337,-6713,4411
09-01 19:26:42.444  7124  8030 I BatteryMgr:DataCollectionService: stats => 1693589202444,-12512,4411
09-01 19:26:42.550  7124  8030 I BatteryMgr:DataCollectionService: stats => 1693589202550,14648,4411
09-01 19:26:42.657  7124  8030 I BatteryMgr:DataCollectionService: stats => 1693589202657,19836,4411
09-01 19:26:42.763  7124  8030 I BatteryMgr:DataCollectionService: stats => 1693589202763,6713,4411
09-01 19:26:42.869  7124  8030 I BatteryMgr:DataCollectionService: stats => 1693589202869,8544,4411
09-01 19:26:42.975  7124  8030 I BatteryMgr:DataCollectionService: stats => 1693589202975,15258,4411
09-01 19:26:43.082  7124  8030 I BatteryMgr:DataCollectionService: stats => 1693589203082,25634,4411
09-01 19:26:43.188  7124  8030 I BatteryMgr:DataCollectionService: stats => 1693589203188,8544,4411
09-01 19:26:43.292  7124  8030 I BatteryMgr:DataCollectionService: stats => 1693589203292,10986,4411
09-01 19:26:43.399  7124  8030 I BatteryMgr:DataCollectionService: stats => 1693589203399,7934,4411
09-01 19:26:43.463  7187  7187 E cr_BTSPrefs: No data found for task id: 56
09-01 19:26:43.463  7187  7187 E cr_BkgrdTaskScheduler: Task cannot be canceled because no data was found instorage or data was invalid
09-01 19:26:43.506  7124  8030 I BatteryMgr:DataCollectionService: stats => 1693589203505,10070,4411
09-01 19:26:43.612  7124  8030 I BatteryMgr:DataCollectionService: stats => 1693589203612,9460,4411
09-01 19:26:43.719  7124  8030 I BatteryMgr:DataCollectionService: stats => 1693589203719,7934,4411
09-01 19:26:43.826  7124  8030 I BatteryMgr:DataCollectionService: stats => 1693589203826,8544,4411
09-01 19:26:43.932  7124  8030 I BatteryMgr:DataCollectionService: stats => 1693589203932,8544,4411
09-01 19:26:44.038  7124  8030 I BatteryMgr:DataCollectionService: stats => 1693589204038,8239,4411
09-01 19:26:44.143  7124  8030 I BatteryMgr:DataCollectionService: stats => 1693589204143,9765,4411
09-01 19:26:44.165   901  1000 D VSC     : @ 34390.618: [WO] tilt angle 89
09-01 19:26:44.249  7124  8030 I BatteryMgr:DataCollectionService: stats => 1693589204249,10070,4411
09-01 19:26:44.355  7124  8030 I BatteryMgr:DataCollectionService: stats => 1693589204355,6408,4411
09-01 19:26:44.462  7124  8030 I BatteryMgr:DataCollectionService: stats => 1693589204461,6408,4411
09-01 19:26:44.569  7124  8030 I BatteryMgr:DataCollectionService: stats => 1693589204568,7934,4411
09-01 19:26:44.675  7124  8030 I BatteryMgr:DataCollectionService: stats => 1693589204675,9765,4411
09-01 19:26:44.782  7124  8030 I BatteryMgr:DataCollectionService: stats => 1693589204782,9765,4411
09-01 19:26:44.888  7124  8030 I BatteryMgr:DataCollectionService: stats => 1693589204888,9460,4411
09-01 19:26:44.994  7124  8030 I BatteryMgr:DataCollectionService: stats => 1693589204994,8850,4411
09-01 19:26:45.100  7124  8030 I BatteryMgr:DataCollectionService: stats => 1693589205100,8544,4411
09-01 19:26:45.206  7124  8030 I BatteryMgr:DataCollectionService: stats => 1693589205206,9460,4411
09-01 19:26:45.313  7124  8030 I BatteryMgr:DataCollectionService: stats => 1693589205313,8239,4411
09-01 19:26:45.355  1513  2000 D ConnectivityService: NetReassign [no changes]
09-01 19:26:45.419  7124  8030 I BatteryMgr:DataCollectionService: stats => 1693589205419,9765,4411
09-01 19:26:45.526  7124  8030 I BatteryMgr:DataCollectionService: stats => 1693589205526,9460,4411
09-01 19:26:45.632  7124  8030 I BatteryMgr:DataCollectionService: stats => 1693589205632,10986,4411
09-01 19:26:45.737  7124  8030 I BatteryMgr:DataCollectionService: stats => 1693589205737,8850,4411
09-01 19:26:45.841  7124  8030 I BatteryMgr:DataCollectionService: stats => 1693589205841,9460,4411
09-01 19:26:45.902   594   655 I SDM     : HWDeviceDRM::UpdateMixerAttributes: Mixer WxH 1080x2340-1 for Peripheral
09-01 19:26:45.902   594   655 I SDM     : DisplayBase::SetActiveConfig: Active configuration changed to: 1
09-01 19:26:45.902   594   655 I SDM     : StrategyImpl::SetIdleTimeoutMs: Idle timeout set to zero for command mode panels
09-01 19:26:45.906   901  2806 I sensors-hal: [ssc_utils]get_qmi_debug_flag:244, support_qmi_debug : false
09-01 19:26:45.906  1513  1572 I DisplayManagerService: Display device changed: DisplayDeviceInfo{"Built-in Screen": uniqueId="local:19260504575090817", 1080 x 2340, modeId 1, defaultModeId 2, supportedModes [{id=1, width=1080, height=2340, fps=90.0}, {id=2, width=1080, height=2340, fps=60.000004}], colorMode 0, supportedColorModes [0, 7, 9], HdrCapabilities HdrCapabilities{mSupportedHdrTypes=[2, 3, 4], mMaxLuminance=500.0, mMaxAverageLuminance=500.0, mMinLuminance=0.0}, allmSupported false, gameContentTypeSupported false, density 440, 435.428 x 433.839 dpi, appVsyncOff 2333333, presDeadline 11500000, cutout DisplayCutout{insets=Rect(0, 136 - 0, 0) waterfall=Insets{left=0, top=0, right=0, bottom=0} boundingRect={Bounds=[Rect(0, 0 - 0, 0), Rect(0, 0 - 136, 136), Rect(0, 0 - 0, 0), Rect(0, 0 - 0, 0)]}}, touch INTERNAL, rotation 0, type INTERNAL, address {port=129, model=0x446d53ad64a0}, deviceProductInfo DeviceProductInfo{name=, manufacturerPnpId=QCM, productId=1, modelYear=null, manufactureDate=ManufactureDate{week=27, year=2006}, relativeAddress=null}, state ON, FLAG_DEFAULT_DISPLAY, FLAG_ROTATES_WITH_CONTENT, FLAG_SECURE, FLAG_SUPPORTS_PROTECTED_BUFFERS}
09-01 19:26:45.925   901  1000 W ASH     : @ 34392.378: Unhandled msg ID 999: line 1277
09-01 19:26:45.925   901  1000 E ASH     : @ 34392.378: No pb callback assigned
09-01 19:26:45.925   901  1000 E ASH     : @ 34392.378: Nanopb error: callback failed:1588
09-01 19:26:46.078   901  2806 I sensors-hal: [ssc_utils]get_qmi_debug_flag:244, support_qmi_debug : false
09-01 19:26:46.085   901  1000 W ASH     : @ 34392.539: Unhandled msg ID 999: line 1277
09-01 19:26:46.085   901  1000 E ASH     : @ 34392.539: No pb callback assigned
09-01 19:26:46.085   901  1000 E ASH     : @ 34392.539: Nanopb error: callback failed:1588
09-01 19:26:46.103  1513  3227 I ActivityManager: Force stopping com.android.chrome appid=10220 user=0: from pid 8178
09-01 19:26:46.103  1513  3227 I ActivityManager: Killing 7282:com.android.chrome:privileged_process0/u0a220 (adj 0): stop com.android.chrome due to from pid 8178
09-01 19:26:46.105  7187  7237 W cr_ChildProcessConn: onServiceDisconnected (crash or killed by oom): pid=7282 bindings:W  S
09-01 19:26:46.105  1513  3227 I ActivityManager: Killing 7187:com.android.chrome/u0a220 (adj 0): stop com.android.chrome due to from pid 8178
09-01 19:26:46.108  7796  7796 I cr_ChildProcessService: Destroying ChildProcessService pid=7796
09-01 19:26:46.111  7337  7337 I cr_ChildProcessService: Destroying ChildProcessService pid=7337
09-01 19:26:46.112  7592  7592 I cr_ChildProcessService: Destroying ChildProcessService pid=7592
09-01 19:26:46.114  7459  7459 I cr_ChildProcessService: Destroying ChildProcessService pid=7459
09-01 19:26:46.116  7702  7702 I cr_ChildProcessService: Destroying ChildProcessService pid=7702
09-01 19:26:46.117  7824  7824 I cr_ChildProcessService: Destroying ChildProcessService pid=7824
09-01 19:26:46.118  7514  7514 I cr_ChildProcessService: Destroying ChildProcessService pid=7514
09-01 19:26:46.120  7440  7440 I cr_ChildProcessService: Destroying ChildProcessService pid=7440
09-01 19:26:46.122  7731  7731 I cr_ChildProcessService: Destroying ChildProcessService pid=7731
09-01 19:26:46.122  1513  3227 W ActivityTaskManager: Force removing ActivityRecord{8278f2e u0 com.android.chrome/com.google.android.apps.chrome.Main t1458 f}}: app died, no saved state
09-01 19:26:46.124  7552  7552 I cr_ChildProcessService: Destroying ChildProcessService pid=7552
09-01 19:26:46.125  7693  7693 I cr_ChildProcessService: Destroying ChildProcessService pid=7693
09-01 19:26:46.127  7487  7487 I cr_ChildProcessService: Destroying ChildProcessService pid=7487
09-01 19:26:46.129  7404  7404 I cr_ChildProcessService: Destroying ChildProcessService pid=7404
09-01 19:26:46.131  8079  8079 I cr_ChildProcessService: Destroying ChildProcessService pid=8079
