09-02 15:45:32.841 26673 26673 I WebExtension: releasePendingMessages: extension=readerview@mozac.org nativeApp=mozacReaderview session=org.mozilla.geckoview.GeckoSession@133da44
09-02 15:45:32.843 26673 26673 I zygote64: Deoptimizing java.util.ArrayList kotlin.collections.CollectionsKt___CollectionsKt.plus(java.lang.Iterable, java.util.Collection) due to JIT inline cache
09-02 15:45:32.851 26673 26720 I zygote64: Deoptimizing void kotlinx.coroutines.JobSupport.initParentJob(kotlinx.coroutines.Job) due to JIT inline cache
09-02 15:45:32.854 26673 26733 I zygote64: Deoptimizing boolean kotlinx.coroutines.AbstractCoroutine.isActive() due to JIT inline cache
09-02 15:45:32.860 26673 26749 I zygote64: Deoptimizing void kotlin.coroutines.jvm.internal.BaseContinuationImpl.resumeWith(java.lang.Object) due to JIT inline cache
09-02 15:45:32.860 26673 26749 I zygote64: Deoptimizing kotlinx.coroutines.internal.LockFreeLinkedListNode kotlinx.coroutines.internal.LockFreeLinkedListNode.correctPrev() due to JIT inline cache
09-02 15:45:32.871  3979  5965 D ConnectivityService: filterNetworkStateForUid() uid: 10154 networkInfo: [type: WIFI[] - WIFI, state: CONNECTED/CONNECTED, reason: (unspecified), extra: "WiFi 69", failover: false, available: true, roaming: false, metered: false]
09-02 15:45:32.879 26673 26746 I zygote64: Deoptimizing boolean kotlinx.coroutines.JobSupport.isActive() due to JIT inline cache
09-02 15:45:32.891 26673 26673 D InputMethodManager: HSIFW - flag : 0 Pid : 26673
09-02 15:45:32.892  3979  5965 V InputMethodManagerService: Client requesting input be hidden, flags : 0
09-02 15:45:32.892  3979  5965 V InputMethodManagerService: hideCurrentInputLocked : shouldHideSoftInput is false
09-02 15:45:32.893 26673 26673 D ViewRootImpl@88b7945[HomeActivity]: MSG_WINDOW_FOCUS_CHANGED 1
09-02 15:45:32.897  3979  5965 D InputMethodManagerService: startInputOrWindowGainedFocus : windowGainedFocus 
09-02 15:45:32.898  3979  5965 D InputMethodManagerService: windowGainedFocus: destinationUserId (getCallingUid) = 0
09-02 15:45:32.898  3979  5965 D InputMethodManagerService: windowGainedFocus: currentUserId=0
09-02 15:45:32.898  3979  5965 D InputMethodManagerService: windowGainedFocus: mCurrentFocusedUserId=0
09-02 15:45:32.898  3979  5965 D InputMethodManagerService: windowGainedFocus : lock - currentUserId = 0 destinationUserId = 0
09-02 15:45:32.898  3979  5965 D InputMethodManagerService: windowGainedFocus : mCurrentFocusedUserId - 0 and mSecureKeypadEnabled - false, userSwitched - false
09-02 15:45:32.898  3979  5965 W InputMethodManagerService: Window already focused, ignoring focus gain of: com.android.internal.view.IInputMethodClient$Stub$Proxy@60a12f5 attribute=null, token = android.os.BinderProxy@af2bd1e
09-02 15:45:32.900  3979  5965 D ActivityManager: isScaleDownAnimationEnabled() : false
09-02 15:45:32.900  3979  5965 D PersonaManagerService: Current focused persona service handled id set to : 0
09-02 15:45:32.900  3979  5965 D InputDispatcher: Focused application set to: xxxx
09-02 15:45:32.904  3979  4238 D GameManagerService: handleForegroundChange(). pkgName: org.mozilla.firefox, clsName: org.mozilla.fenix.HomeActivity,FgActivityName:org.mozilla.firefox/org.mozilla.fenix.HomeActivity
09-02 15:45:32.904  3979  4238 D GameManagerService:   handleForegroundChange(). same package. game has never resumed yet. ignore
09-02 15:45:32.904  3979  5965 D MARsPolicyManager: onPackageResumedFG pkgName = org.mozilla.firefox, userId = 0
09-02 15:45:32.921  3979  5964 V WindowManager: Relayout Window{22dd9ff u0 org.mozilla.firefox/org.mozilla.fenix.HomeActivity}: viewVisibility=0 req=720x1280 WM.LayoutParams{(0,0)(fillxfill) sim=#10 ty=1 fl=#81010100 pfl=0x20000 fmt=-3 wanim=0x7f1404fa vsysui=0x2610 needsMenuKey=2 colorMode=0 naviIconColor=0}
09-02 15:45:32.925 26673 26673 D ViewRootImpl@88b7945[HomeActivity]: Relayout returned: old=[0,0][720,1280] new=[0,0][720,1280] result=0x1 surface={valid=true 533372645376} changed=false
09-02 15:45:32.935 26635 27083 I BatteryMgr:DataCollectionService: stats => 1693662332935,-157,4260
09-02 15:45:32.937  4349  4858 D SystemServicesProxy: updateOverviewLastStackActiveTimeAsync: newTime=1693559943942
09-02 15:45:32.939  3979  5965 D SecContentProvider: query(), uri = 17 selection = isSettingsChangesAllowed
09-02 15:45:32.939  3979  5965 D SecContentProvider: called from android.uid.systemui:10009
09-02 15:45:32.940  4349  4561 D SystemServicesProxy: updateOverviewLastStackActiveTimeAsync: done.
09-02 15:45:32.940 26673 26749 I zygote64: Deoptimizing void kotlinx.coroutines.internal.LockFreeLinkedListNode.finishAdd(kotlinx.coroutines.internal.LockFreeLinkedListNode) due to JIT inline cache
09-02 15:45:32.948  3979 10224 D ConnectivityService: filterNetworkStateForUid() uid: 10154 networkInfo: [type: WIFI[] - WIFI, state: CONNECTED/CONNECTED, reason: (unspecified), extra: "WiFi 69", failover: false, available: true, roaming: false, metered: false]
09-02 15:45:32.972  3979 10224 D ActivityManager: post active user change for 0 fullscreen true isHomeActivity() false
09-02 15:45:32.977  3979 10224 V WindowManager: Relayout Window{22dd9ff u0 org.mozilla.firefox/org.mozilla.fenix.HomeActivity}: viewVisibility=0 req=720x1280 WM.LayoutParams{(0,0)(fillxfill) sim=#110 ty=1 fl=#81010100 pfl=0x20000 fmt=-3 wanim=0x7f1404fa vsysui=0x2610 needsMenuKey=2 colorMode=0 naviIconColor=0}
09-02 15:45:32.981 26673 26673 D ViewRootImpl@88b7945[HomeActivity]: Relayout returned: old=[0,0][720,1280] new=[0,0][720,1280] result=0x1 surface={valid=true 533372645376} changed=false
09-02 15:45:33.040 26635 27083 I BatteryMgr:DataCollectionService: stats => 1693662333040,-157,4260
09-02 15:45:33.040  3979  5965 D ConnectivityService: filterNetworkStateForUid() uid: 10025 networkInfo: [type: WIFI[] - WIFI, state: CONNECTED/CONNECTED, reason: (unspecified), extra: "WiFi 69", failover: false, available: true, roaming: false, metered: false]
09-02 15:45:33.068  3979 10224 D ConnectivityService: filterNetworkStateForUid() uid: 10025 networkInfo: [type: WIFI[] - WIFI, state: CONNECTED/CONNECTED, reason: (unspecified), extra: "WiFi 69", failover: false, available: true, roaming: false, metered: false]
09-02 15:45:33.101  3449  3449 I android.hardware.wifi@1.0-service: getLinkLayerStats
09-02 15:45:33.145 26635 27083 I BatteryMgr:DataCollectionService: stats => 1693662333145,-157,4260
09-02 15:45:33.250 26635 27083 I BatteryMgr:DataCollectionService: stats => 1693662333250,-157,4260
09-02 15:45:33.355 26635 27083 I BatteryMgr:DataCollectionService: stats => 1693662333355,-157,4260
09-02 15:45:33.459 26635 27083 I BatteryMgr:DataCollectionService: stats => 1693662333459,-157,4260
09-02 15:45:33.565 26635 27083 I BatteryMgr:DataCollectionService: stats => 1693662333565,-157,4260
09-02 15:45:33.670 26635 27083 I BatteryMgr:DataCollectionService: stats => 1693662333670,-157,4260
09-02 15:45:33.775 26635 27083 I BatteryMgr:DataCollectionService: stats => 1693662333775,-157,4260
09-02 15:45:33.880 26635 27083 I BatteryMgr:DataCollectionService: stats => 1693662333879,-157,4260
09-02 15:45:33.983 26635 27083 I BatteryMgr:DataCollectionService: stats => 1693662333983,-157,4260
09-02 15:45:34.088 26635 27083 I BatteryMgr:DataCollectionService: stats => 1693662334088,-157,4260
09-02 15:45:34.193 26635 27083 I BatteryMgr:DataCollectionService: stats => 1693662334193,-157,4260
09-02 15:45:34.298 26635 27083 I BatteryMgr:DataCollectionService: stats => 1693662334298,-157,4260
09-02 15:45:34.338  3979  6899 D SSRM:G  : SIOP:: AP = 320, PST = 307 (W:14), BAT = 276, USB = 0, CHG = 0
09-02 15:45:34.404 26635 27083 I BatteryMgr:DataCollectionService: stats => 1693662334404,-157,4260
09-02 15:45:34.510 26635 27083 I BatteryMgr:DataCollectionService: stats => 1693662334509,-157,4260
09-02 15:45:34.615 26635 27083 I BatteryMgr:DataCollectionService: stats => 1693662334615,-157,4260
09-02 15:45:34.722 26635 27083 I BatteryMgr:DataCollectionService: stats => 1693662334722,-157,4260
09-02 15:45:34.767  3979  5035 D ActivityManagerPerformance: Received MSG_DISABLE_ACT_START, r: ActivityRecord{223e532 u0 org.mozilla.firefox/org.mozilla.gecko.BrowserApp t-1 f}
09-02 15:45:34.768  3979  5035 D CustomFrequencyManagerService: acquireDVFSLockLocked : type : DVFS_MIN_LIMIT  frequency : 1560000  uid : 1000  pid : 3979  pkgName : AMS_RESUME_TAIL@CPU_MIN@14
09-02 15:45:34.768  3979  5035 D ActivityManagerPerformance: AMP_acquire() TAIL
09-02 15:45:34.768  3979  5035 D CustomFrequencyManagerService: releaseDVFSLockLocked : Getting Lock type frm List : DVFS_MIN_LIMIT  frequency : 1560000  uid : 1000  pid : 3979  tag : AMS_ACT_START@CPU_MIN@8
09-02 15:45:34.768  3979  5035 D ActivityManagerPerformance: AMP_release() ACT_START
09-02 15:45:34.792  3979  3979 D PreBindingService: handleMessage : 1
09-02 15:45:34.825  3979  3979 D PreBindingService: handleMessage : 1
09-02 15:45:34.826 26635 27083 I BatteryMgr:DataCollectionService: stats => 1693662334826,-157,4260
09-02 15:45:34.931 26635 27083 I BatteryMgr:DataCollectionService: stats => 1693662334931,-157,4260
09-02 15:45:34.997  4962  4962 D io_stats: !@ 179,0 r 654276 19674256 w 483396 10309308 d 52282 20021504 f 123811 126830 iot 579428 487676 th 51200 0 0 pt 0 inp 0 0 52868.242
09-02 15:45:35.037 26635 27083 I BatteryMgr:DataCollectionService: stats => 1693662335037,-157,4260
09-02 15:45:35.143 26635 27083 I BatteryMgr:DataCollectionService: stats => 1693662335143,-157,4260
09-02 15:45:35.248 26635 27083 I BatteryMgr:DataCollectionService: stats => 1693662335248,-157,4260
09-02 15:45:35.353 26635 27083 I BatteryMgr:DataCollectionService: stats => 1693662335353,-157,4260
09-02 15:45:35.368  3979  3979 D CustomFrequencyManagerService: releaseDVFSLockLocked : Getting Lock type frm List : DVFS_MIN_LIMIT  frequency : 1560000  uid : 1000  pid : 3979  tag : AMS_RESUME_TAIL@CPU_MIN@14
09-02 15:45:35.463 26635 27083 I BatteryMgr:DataCollectionService: stats => 1693662335463,-157,4260
09-02 15:45:35.574 26635 27083 I BatteryMgr:DataCollectionService: stats => 1693662335574,-157,4260
09-02 15:45:35.684 26635 27083 I BatteryMgr:DataCollectionService: stats => 1693662335683,-157,4260
09-02 15:45:35.794 26635 27083 I BatteryMgr:DataCollectionService: stats => 1693662335793,-157,4260
09-02 15:45:35.904 26635 27083 I BatteryMgr:DataCollectionService: stats => 1693662335903,-157,4260
09-02 15:45:36.017 26635 27083 I BatteryMgr:DataCollectionService: stats => 1693662336016,-157,4260
09-02 15:45:36.107  3449  3449 I android.hardware.wifi@1.0-service: getLinkLayerStats
09-02 15:45:36.127 26635 27083 I BatteryMgr:DataCollectionService: stats => 1693662336127,-157,4260
09-02 15:45:36.237 26635 27083 I BatteryMgr:DataCollectionService: stats => 1693662336237,-157,4260
09-02 15:45:36.253 26635 26640 I zygote64: Do partial code cache collection, code=58KB, data=45KB
09-02 15:45:36.254 26635 26640 I zygote64: After code cache collection, code=58KB, data=45KB
09-02 15:45:36.254 26635 26640 I zygote64: Increasing code cache capacity to 256KB
09-02 15:45:36.287 14031 14031 E adbd    : recv: OPEN 000221eb 00000000 0029:73 68 65 6C 6C 2C 76 32 2C 54 45 52 4D 3D 78 74 65 72 6D 2D 32 35 36 63 6F 6C 6F 72 2C 72 61 77 3A 64 61 74 65 20 2D 75 00 
09-02 15:45:36.287 14031 14031 E adbd    : service_to_fd: shell,v2,TERM=xterm-256color,raw:date -u
09-02 15:45:36.343 26635 27083 I BatteryMgr:DataCollectionService: stats => 1693662336343,-157,4260
09-02 15:45:36.350 14031 14031 E adbd    : recv: OPEN 000221ee 00000000 003e:73 68 65 6C 6C 2C 76 32 2C 54 45 52 4D 3D 78 74 65 72 6D 2D 32 35 36 63 6F 6C 6F 72 2C 72 61 77 3A 64 75 6D 70 73 79 73 20 63 70 75 69 6E 66 6F 20 7C 20 67 72 65 70 20 54 4F 54 41 4C 00 
09-02 15:45:36.350 14031 14031 E adbd    : service_to_fd: shell,v2,TERM=xterm-256color,raw:dumpsys cpuinfo | grep TOTAL
09-02 15:45:36.422 14031 14031 E adbd    : recv: OPEN 000221f1 00000000 003d:73 68 65 6C 6C 2C 76 32 2C 54 45 52 4D 3D 78 74 65 72 6D 2D 32 35 36 63 6F 6C 6F 72 2C 72 61 77 3A 64 75 6D 70 73 79 73 20 6D 65 6D 69 6E 66 6F 20 7C 20 67 72 65 70 20 55 73 65 64 00 
09-02 15:45:36.422 14031 14031 E adbd    : service_to_fd: shell,v2,TERM=xterm-256color,raw:dumpsys meminfo | grep Used
09-02 15:45:36.450 26635 27083 I BatteryMgr:DataCollectionService: stats => 1693662336450,-157,4260
09-02 15:45:36.559 26635 27083 I BatteryMgr:DataCollectionService: stats => 1693662336559,-157,4260
09-02 15:45:36.669 26635 27083 I BatteryMgr:DataCollectionService: stats => 1693662336669,-433,4260
09-02 15:45:36.777 26635 27083 I BatteryMgr:DataCollectionService: stats => 1693662336777,-433,4260
09-02 15:45:36.887 26635 27083 I BatteryMgr:DataCollectionService: stats => 1693662336886,-433,4260
09-02 15:45:36.901  3979 10224 D BatteryService: !@BatteryListener : batteryPropertiesChanged!
09-02 15:45:36.902  3979 10224 D BatteryService: level:100, scale:100, status:5, health:2, present:true, voltage: 4178, temperature: 276, technology: Li-ion, AC powered:false, USB powered:true, POGO powered:false, Wireless powered:false, icon:17303834, invalid charger:0, maxChargingCurrent:0, maxChargingVoltage:0, chargeCounter:0
09-02 15:45:36.902  3979 10224 D BatteryService: online:4, current avg:-551, charge type:1, power sharing:false, high voltage charger:false, capacity:280000, batterySWSelfDischarging:false, misc_event:0, current_event:0, current_now:-433
09-02 15:45:36.902  3979  3979 D BatteryService: Sending ACTION_BATTERY_CHANGED.
09-02 15:45:36.905  3979  3979 D SamsungPhoneWindowManager: ACTION_BATTERY_CHANGED - Level :: 100, battStatus :: 5
09-02 15:45:36.906  3979  3979 I MotionRecognitionService: Plugged
09-02 15:45:36.906  3979  3979 D MotionRecognitionService:   mCableConnection= 1
09-02 15:45:36.906  3979  3979 D MotionRecognitionService: setPowerConnected : mGripEnabled = false
09-02 15:45:36.907  3979  4002 D UsbDeviceManager: handleMessage -> MSG_UPDATE_CHARGING_STATE = 1
09-02 15:45:36.908  4349  4349 D KeyguardUpdateMonitor: received broadcast android.intent.action.BATTERY_CHANGED
09-02 15:45:36.911  4349  4349 D BatteryController: onReceive-ACTION_BATTERY_CHANGED : mLevel=100, mBatteryStatus=5
09-02 15:45:36.918  4349  4349 D PowerUI : priorPlugType = 2 mPlugType =  2
09-02 15:45:36.997 26635 27083 I BatteryMgr:DataCollectionService: stats => 1693662336997,-433,4178
09-02 15:45:37.106 26635 27083 I BatteryMgr:DataCollectionService: stats => 1693662337106,-433,4178
09-02 15:45:37.217 26635 27083 I BatteryMgr:DataCollectionService: stats => 1693662337216,-433,4178
09-02 15:45:37.328 26635 27083 I BatteryMgr:DataCollectionService: stats => 1693662337327,-433,4178
09-02 15:45:37.437 26635 27083 I BatteryMgr:DataCollectionService: stats => 1693662337437,-433,4178
09-02 15:45:37.548 26635 27083 I BatteryMgr:DataCollectionService: stats => 1693662337548,-433,4178
09-02 15:45:37.660 26635 27083 I BatteryMgr:DataCollectionService: stats => 1693662337659,-433,4178
09-02 15:45:37.770 26635 27083 I BatteryMgr:DataCollectionService: stats => 1693662337769,-433,4178
09-02 15:45:37.839 14031 14031 E adbd    : recv: OPEN 000221f4 00000000 0042:73 68 65 6C 6C 2C 76 32 2C 54 45 52 4D 3D 78 74 65 72 6D 2D 32 35 36 63 6F 6C 6F 72 2C 72 61 77 3A 67 65 74 70 72 6F 70 20 72 6F 2E 62 75 69 6C 64 2E 76 65 72 73 69 6F 6E 2E 72 65 6C 65 61 73 65 00 
09-02 15:45:37.839 14031 14031 E adbd    : service_to_fd: shell,v2,TERM=xterm-256color,raw:getprop ro.build.version.release
09-02 15:45:37.876 26635 27083 I BatteryMgr:DataCollectionService: stats => 1693662337876,-433,4178
09-02 15:45:37.928 14031 14031 E adbd    : recv: OPEN 000221f7 00000000 003e:73 68 65 6C 6C 2C 76 32 2C 54 45 52 4D 3D 78 74 65 72 6D 2D 32 35 36 63 6F 6C 6F 72 2C 72 61 77 3A 67 65 74 70 72 6F 70 20 72 6F 2E 62 75 69 6C 64 2E 76 65 72 73 69 6F 6E 2E 73 64 6B 00 
09-02 15:45:37.928 14031 14031 E adbd    : service_to_fd: shell,v2,TERM=xterm-256color,raw:getprop ro.build.version.sdk
09-02 15:45:37.981 26635 27083 I BatteryMgr:DataCollectionService: stats => 1693662337981,-433,4178
09-02 15:45:38.009 14031 14031 E adbd    : recv: OPEN 000221fa 00000000 0042:73 68 65 6C 6C 2C 76 32 2C 54 45 52 4D 3D 78 74 65 72 6D 2D 32 35 36 63 6F 6C 6F 72 2C 72 61 77 3A 67 65 74 70 72 6F 70 20 72 6F 2E 62 75 69 6C 64 2E 76 65 72 73 69 6F 6E 2E 72 65 6C 65 61 73 65 00 
09-02 15:45:38.009 14031 14031 E adbd    : service_to_fd: shell,v2,TERM=xterm-256color,raw:getprop ro.build.version.release
09-02 15:45:38.082 14031 14031 E adbd    : recv: OPEN 000221fd 00000000 003e:73 68 65 6C 6C 2C 76 32 2C 54 45 52 4D 3D 78 74 65 72 6D 2D 32 35 36 63 6F 6C 6F 72 2C 72 61 77 3A 67 65 74 70 72 6F 70 20 72 6F 2E 62 75 69 6C 64 2E 76 65 72 73 69 6F 6E 2E 73 64 6B 00 
09-02 15:45:38.082 14031 14031 E adbd    : service_to_fd: shell,v2,TERM=xterm-256color,raw:getprop ro.build.version.sdk
09-02 15:45:38.086 26635 27083 I BatteryMgr:DataCollectionService: stats => 1693662338086,-433,4178
09-02 15:45:38.149 14031 14031 E adbd    : recv: OPEN 00022200 00000000 008c:73 68 65 6C 6C 2C 76 32 2C 54 45 52 4D 3D 78 74 65 72 6D 2D 32 35 36 63 6F 6C 6F 72 2C 72 61 77 3A 61 6D 20 73 74 6F 70 73 65 72 76 69 63 65 20 63 6F 6D 2E 65 78 61 6D 70 6C 65 2E 62 61 74 74 65 72 79 6D 61 6E 61 67 65 72 5F 75 74 69 6C 69 74 79 2F 63 6F 6D 2E 65 78 61 6D 70 6C 65 2E 62 61 74 74 65 72 79 6D 61 6E 61 67 65 72 5F 75 74 69 6C 69 74 79 2E 44 61 74 61 43 6F 6C 6C 65 63 74 69 6F 6E 53 65 72 76 69 63 65 00 
09-02 15:45:38.149 14031 14031 E adbd    : service_to_fd: shell,v2,TERM=xterm-256color,raw:am stopservice com.example.batterymanager_utility/com.example.batterymanager_utility.DataCollectionService
09-02 15:45:38.191 26635 27083 I BatteryMgr:DataCollectionService: stats => 1693662338191,-433,4178
09-02 15:45:38.228  3979  3979 I EasyMuteController: UnRegister failed. no registered
09-02 15:45:38.228  3979  3979 D LightsService: [api] [SvcLED] turnOff:: id = 4 (uid: 1000 pid: 3979) 
09-02 15:45:38.228  3979  3979 D LightsService: [api] [SvcLED] LED indicator : Not supported.
09-02 15:45:38.231  3979 10224 D Notification: allPendingIntents
09-02 15:45:38.231  3979  5965 D Notification: allPendingIntents
09-02 15:45:38.231  3979  3979 D LightsService: [api] [SvcLED] turnOff:: id = 4 (uid: 1000 pid: 3979) 
09-02 15:45:38.231  3979  3979 D LightsService: [api] [SvcLED] LED indicator : Not supported.
09-02 15:45:38.235  3979 10224 D Notification: allPendingIntents
09-02 15:45:38.235  3979  5965 D Notification: allPendingIntents
09-02 15:45:38.265 14031 14031 E adbd    : recv: OPEN 00022203 00000000 0042:73 68 65 6C 6C 2C 76 32 2C 54 45 52 4D 3D 78 74 65 72 6D 2D 32 35 36 63 6F 6C 6F 72 2C 72 61 77 3A 67 65 74 70 72 6F 70 20 72 6F 2E 62 75 69 6C 64 2E 76 65 72 73 69 6F 6E 2E 72 65 6C 65 61 73 65 00 
09-02 15:45:38.265 14031 14031 E adbd    : service_to_fd: shell,v2,TERM=xterm-256color,raw:getprop ro.build.version.release
09-02 15:45:38.276  4349  4349 D KeyguardUpdateMonitor: handleStatusBarState( false )
09-02 15:45:38.280  4349  4349 D KeyguardUpdateMonitor: handleStatusBarState( false )
09-02 15:45:38.337 14031 14031 E adbd    : recv: OPEN 00022206 00000000 003e:73 68 65 6C 6C 2C 76 32 2C 54 45 52 4D 3D 78 74 65 72 6D 2D 32 35 36 63 6F 6C 6F 72 2C 72 61 77 3A 67 65 74 70 72 6F 70 20 72 6F 2E 62 75 69 6C 64 2E 76 65 72 73 69 6F 6E 2E 73 64 6B 00 
09-02 15:45:38.337 14031 14031 E adbd    : service_to_fd: shell,v2,TERM=xterm-256color,raw:getprop ro.build.version.sdk
09-02 15:45:38.424 14031 14031 E adbd    : recv: OPEN 00022209 00000000 0076:73 68 65 6C 6C 2C 76 32 2C 54 45 52 4D 3D 78 74 65 72 6D 2D 32 35 36 63 6F 6C 6F 72 2C 72 61 77 3A 64 75 6D 70 73 79 73 20 61 63 74 69 76 69 74 79 20 72 65 63 65 6E 74 73 20 7C 20 67 72 65 70 20 22 52 65 63 65 6E 74 20 23 30 22 20 7C 20 63 75 74 20 2D 64 20 22 3D 22 20 2D 66 32 20 7C 20 67 72 65 70 20 2D 6F 20 2D 70 20 22 5B 61 2D 7A 7C 2E 5D 2A 22 00 
09-02 15:45:38.424 14031 14031 E adbd    : service_to_fd: shell,v2,TERM=xterm-256color,raw:dumpsys activity recents | grep "Recent #0" | cut -d "=" -f2 | grep -o -p "[a-z|.]*"
09-02 15:45:38.513 14031 14031 E adbd    : recv: OPEN 0002220c 00000000 0042:73 68 65 6C 6C 2C 76 32 2C 54 45 52 4D 3D 78 74 65 72 6D 2D 32 35 36 63 6F 6C 6F 72 2C 72 61 77 3A 67 65 74 70 72 6F 70 20 72 6F 2E 62 75 69 6C 64 2E 76 65 72 73 69 6F 6E 2E 72 65 6C 65 61 73 65 00 
09-02 15:45:38.513 14031 14031 E adbd    : service_to_fd: shell,v2,TERM=xterm-256color,raw:getprop ro.build.version.release
09-02 15:45:38.583 14031 14031 E adbd    : recv: OPEN 0002220f 00000000 003e:73 68 65 6C 6C 2C 76 32 2C 54 45 52 4D 3D 78 74 65 72 6D 2D 32 35 36 63 6F 6C 6F 72 2C 72 61 77 3A 67 65 74 70 72 6F 70 20 72 6F 2E 62 75 69 6C 64 2E 76 65 72 73 69 6F 6E 2E 73 64 6B 00 
09-02 15:45:38.583 14031 14031 E adbd    : service_to_fd: shell,v2,TERM=xterm-256color,raw:getprop ro.build.version.sdk
09-02 15:45:38.672 14031 14031 E adbd    : recv: OPEN 00022212 00000000 0043:73 68 65 6C 6C 2C 76 32 2C 54 45 52 4D 3D 78 74 65 72 6D 2D 32 35 36 63 6F 6C 6F 72 2C 72 61 77 3A 61 6D 20 66 6F 72 63 65 2D 73 74 6F 70 20 6F 72 67 2E 6D 6F 7A 69 6C 6C 61 2E 66 69 72 65 66 6F 78 00 
09-02 15:45:38.672 14031 14031 E adbd    : service_to_fd: shell,v2,TERM=xterm-256color,raw:am force-stop org.mozilla.firefox
09-02 15:45:38.750  3979  5965 I ActivityManager: Force stopping org.mozilla.firefox appid=10154 user=0: from pid 27176
09-02 15:45:38.751  3979  5965 I ActivityManager: Killing 26812:org.mozilla.firefox:gpu/u0a154 (adj 0): stop org.mozilla.firefox,from pid 27176
09-02 15:45:38.751  3979  5965 W ActivityManager: Scheduling restart of crashed service org.mozilla.firefox/org.mozilla.gecko.process.GeckoChildProcessServices$gpu in 1000ms
09-02 15:45:38.756  3979  5965 I ActivityManager: Killing 26673:org.mozilla.firefox/u0a154 (adj 0): stop org.mozilla.firefox,from pid 27176
09-02 15:45:38.762 26738 26738 I ServiceChildProcess: Destroying GeckoServiceChildProcess
09-02 15:45:38.762  3979  5965 W ActivityManager: Force removing ActivityRecord{55a5ac3 u0 org.mozilla.firefox/org.mozilla.fenix.HomeActivity t823}: app died, no saved state
09-02 15:45:38.767 26738 26738 I zygote64: System.exit called, status: 0
09-02 15:45:38.767 26738 26738 I AndroidRuntime: VM exiting with result code 0, cleanup skipped.
09-02 15:45:38.767  3979  5965 D InputDispatcher: Focus left window: 26673
09-02 15:45:38.773  3462  3462 V Surface : sf_framedrop debug : 0x4f4c, game : false, logging : 0
09-02 15:45:38.787  3979  5965 D TaskSnapshotCache: putSnapshot mTaskId=823 RunningCache size=5
09-02 15:45:38.787  3979  5965 D TaskSnapshotCache: removeRunningEntry taskId=823 RunningCache size=4
09-02 15:45:38.787  3979  5965 D InputDispatcher: Focused application released
09-02 15:45:38.792  3979  5965 D CustomFrequencyManagerService: acquireDVFSLockLocked : type : DVFS_MIN_LIMIT  frequency : 1560000  uid : 1000  pid : 3979  pkgName : AMS_ACT_RESUME@CPU_MIN@70
09-02 15:45:38.792  3979  5965 D ActivityManagerPerformance: AMP_acquire() ACT_RESUME
09-02 15:45:38.793  3979  5965 D PersonaManagerService: Current focused persona service handled id set to : 0
09-02 15:45:38.794  3979  5965 D InputDispatcher: Focused application set to: xxxx
09-02 15:45:38.795  3979  4323 I OpenGLRenderer: Initialized EGL, version 1.4
09-02 15:45:38.795  3979  4323 D OpenGLRenderer: Swap behavior 2
09-02 15:45:38.797  3979  5965 V WindowManager: rotationForOrientationLw(orient=-1, last=0); user=0  sensorRotation=-1 mLidState=-1 mDockMode=0 mHdmiPlugged=false
09-02 15:45:38.804  3979  4238 D GameManagerService: handleForegroundChange(). pkgName: com.example.batterymanager_utility, clsName: com.example.batterymanager_utility.MainActivity,FgActivityName:com.example.batterymanager_utility/.MainActivity
09-02 15:45:38.804  3979  5965 D MARsPolicyManager: onPackageResumedFG pkgName = com.example.batterymanager_utility, userId = 0
09-02 15:45:38.804  3979  4238 D GameManagerService: sem_perfomance_mode: 3
09-02 15:45:38.804  3979  4238 D GameManagerService: notifyResumePause(). pkg: com.example.batterymanager_utility, type: 4, isMinimized: false, isTunableApp: false
09-02 15:45:38.804  3979  4238 D GameManagerService:   notifyResumePause(). unexpected mPrevNotiType: -1
09-02 15:45:38.808  3979  5965 I ActivityManager: Killing 26738:org.mozilla.firefox:tab4/u0a154 (adj 0): stop org.mozilla.firefox,from pid 27176
09-02 15:45:38.811  3979  5964 V WindowManager: Relayout Window{1eddaba u0 com.example.batterymanager_utility/com.example.batterymanager_utility.MainActivity}: viewVisibility=4 req=720x1280 WM.LayoutParams{(0,0)(fillxfill) sim=#120 ty=1 fl=#81810100 pfl=0x20000 wanim=0x10302fd vsysui=0x600 needsMenuKey=2 colorMode=0 naviIconColor=0}
09-02 15:45:38.819 26635 26635 D ViewRootImpl@110cd72[MainActivity]: Relayout returned: old=[0,0][720,1280] new=[0,0][720,1280] result=0x1 surface={valid=false 0} changed=false
09-02 15:45:38.828  3979  3979 D SamsungAlarmManager: Remove alarm for next reason : android.intent.action.PACKAGE_RESTARTED : package: org.mozilla.firefox
09-02 15:45:38.833  3979  3995 W BroadcastQueue: Background execution not allowed: receiving Intent { act=android.intent.action.PACKAGE_RESTARTED dat=package:org.mozilla.firefox flg=0x10 (has extras) } to android/com.kddi.android.CpaNotiReceiver
09-02 15:45:38.834  4633  4633 D CarrierSvcBindHelper: No carrier app for: 0
09-02 15:45:38.835  3979  6899 D GamePkgDataHelper: getGamePkgDataIncServer(). com.example.batterymanager_utility
09-02 15:45:38.836  4633  4633 D CarrierSvcBindHelper: No carrier app for: 1
09-02 15:45:38.836  3979  3995 W BroadcastQueue: Background execution not allowed: receiving Intent { act=android.intent.action.PACKAGE_RESTARTED dat=package:org.mozilla.firefox flg=0x10 (has extras) } to com.sec.android.daemonapp/com.samsung.android.weather.daemon.receiver.ClearDataReceiver
09-02 15:45:38.837  3979  6899 D GameManagerService: identifyGamePackage. com.example.batterymanager_utility
09-02 15:45:38.837  3979  6899 D GamePkgDataHelper: getGamePkgData(). com.example.batterymanager_utility
09-02 15:45:38.838  3979  6899 D GameManagerService: identifyGamePackage. com.example.batterymanager_utility
09-02 15:45:38.838  3979  5964 D ActivityManager: post active user change for 0 fullscreen true isHomeActivity() false
09-02 15:45:38.838  3979  6899 D GamePkgDataHelper: getGamePkgData(). com.example.batterymanager_utility
09-02 15:45:38.838  3979  6899 D GamePkgDataHelper: getSosPolicy(). com.example.batterymanager_utility
09-02 15:45:38.843  3979  5964 V WindowManager: Relayout Window{1eddaba u0 com.example.batterymanager_utility/com.example.batterymanager_utility.MainActivity}: viewVisibility=0 req=720x1280 WM.LayoutParams{(0,0)(fillxfill) sim=#120 ty=1 fl=#81810100 pfl=0x20000 wanim=0x10302fd vsysui=0x600 needsMenuKey=2 colorMode=0 naviIconColor=0}
09-02 15:45:38.844  3979  3979 D SamsungAlarmManager: setInexact Listener (T:2/F:0/AC:false) 20230902T155403 - CU:1000/CP:3979
09-02 15:45:38.844  3979  6899 D GameManagerService: identifyGamePackage. com.example.batterymanager_utility
09-02 15:45:38.845  3979  6899 D GamePkgDataHelper: getGamePkgData(). com.example.batterymanager_utility
09-02 15:45:38.846  3979  3979 D SamsungAlarmManager: setInexact Listener (T:2/F:0/AC:false) 20230902T161207 - CU:1000/CP:3979
09-02 15:45:38.846  3462  3462 I SurfaceFlinger: id=2865 createSurf (720x1280),1 flag=404, com.example.batterymanager_utility/com.example.batterymanager_utility.MainActivity#0
09-02 15:45:38.848  3979  5964 V Surface : sf_framedrop debug : 0x4f4c, game : false, logging : 0
09-02 15:45:38.848  3979  3996 D WindowManager: set systemUiVisibility : systemUiFlags= 0x608 fullscreenStackSysUiFlags= 0x0
09-02 15:45:38.849  3979  3979 D SamsungAlarmManager: setInexact Listener (T:2/F:0/AC:false) 20230902T155403 - CU:1000/CP:3979
09-02 15:45:38.849  3979  6899 D GameManagerService: identifyGamePackage. com.example.batterymanager_utility
09-02 15:45:38.850  3979  6899 D GamePkgDataHelper: getGamePkgData(). com.example.batterymanager_utility
09-02 15:45:38.851  3979  3979 I SamsungAlarmManager: setLocked to kernel - T:2 / 20230902T154600, SetElapsed=107541433, nowELAPSED=107520284
09-02 15:45:38.852  3979  3979 D SamsungAlarmManager: setInexact Listener (T:2/F:0/AC:false) 20230902T161207 - CU:1000/CP:3979
09-02 15:45:38.854  3979  5964 D InputDispatcher: Focus entered window: 26635
09-02 15:45:38.855  3979  3979 D SamsungAlarmManager: setInexact Listener (T:2/F:0/AC:false) 20230902T155403 - CU:1000/CP:3979
09-02 15:45:38.857  3979  3979 I SamsungAlarmManager: setLocked to kernel - T:2 / 20230902T154600, SetElapsed=107541432, nowELAPSED=107520289
09-02 15:45:38.858  3979  3979 D SamsungAlarmManager: setInexact Listener (T:2/F:0/AC:false) 20230902T161207 - CU:1000/CP:3979
09-02 15:45:38.858 26635 26635 V Surface : sf_framedrop debug : 0x4f4c, game : false, logging : 0
09-02 15:45:38.860 26635 26635 D ViewRootImpl@110cd72[MainActivity]: Relayout returned: old=[0,0][720,1280] new=[0,0][720,1280] result=0x7 surface={valid=true 536118722560} changed=true
09-02 15:45:38.861  3979  3979 D SamsungAlarmManager: setInexact Listener (T:2/F:0/AC:false) 20230902T155403 - CU:1000/CP:3979
09-02 15:45:38.863  3979  3979 D SamsungAlarmManager: setInexact Listener (T:2/F:0/AC:false) 20230902T161207 - CU:1000/CP:3979
09-02 15:45:38.864  3979  5964 D WindowManager: adjustSystemUiVisibilityLw : vis= 0x608
09-02 15:45:38.865 26635 26651 D mali_winsys: EGLint new_window_surface(egl_winsys_display *, void *, EGLSurface, EGLConfig, egl_winsys_surface **, egl_color_buffer_format *, EGLBoolean) returns 0x3000,  [720x1280]-format:1
09-02 15:45:38.865 26635 26651 D OpenGLRenderer: eglCreateWindowSurface = 0x7cc1baee00
09-02 15:45:38.868 26635 26635 D ViewRootImpl@110cd72[MainActivity]: MSG_WINDOW_FOCUS_CHANGED 1
09-02 15:45:38.871  4349  4858 D SystemServicesProxy: updateOverviewLastStackActiveTimeAsync: newTime=1693559943942
09-02 15:45:38.871 26635 26635 V InputMethodManager: Starting input: tba=android.view.inputmethod.EditorInfo@fa19362 nm : com.example.batterymanager_utility ic=null
09-02 15:45:38.871 26635 26635 I InputMethodManager: startInputInner - mService.startInputOrWindowGainedFocus
09-02 15:45:38.872  3979 10224 D InputMethodManagerService: startInputOrWindowGainedFocus : windowGainedFocus 
09-02 15:45:38.872  3979  9236 D SecContentProvider: query(), uri = 17 selection = isSettingsChangesAllowed
09-02 15:45:38.872  3979 10224 D InputMethodManagerService: windowGainedFocus: destinationUserId (getCallingUid) = 0
09-02 15:45:38.872  3979 10224 D InputMethodManagerService: windowGainedFocus: currentUserId=0
09-02 15:45:38.872  3979 10224 D InputMethodManagerService: windowGainedFocus: mCurrentFocusedUserId=0
09-02 15:45:38.873  3979 10224 D InputMethodManagerService: windowGainedFocus : lock - currentUserId = 0 destinationUserId = 0
09-02 15:45:38.873  3979  9236 D SecContentProvider: called from android.uid.systemui:10009
09-02 15:45:38.873  3979 10224 D InputMethodManagerService: windowGainedFocus : mCurrentFocusedUserId - 0 and mSecureKeypadEnabled - false, userSwitched - false
09-02 15:45:38.873  4349  4561 D SystemServicesProxy: updateOverviewLastStackActiveTimeAsync: done.
09-02 15:45:38.874  3979 10224 V InputMethodManagerService: windowGainedFocus : reason=WINDOW_FOCUS_GAIN client=android.os.BinderProxy@d9642dc inputContext=null missingMethods= attribute=android.view.inputmethod.EditorInfo@7e8cfd7 nm = com.example.batterymanager_utility controlFlags=#105 softInputMode=#120 windowFlags=#81810100
09-02 15:45:38.874  3979 10224 V InputMethodManagerService: hideCurrentInputLocked : shouldHideSoftInput is false
09-02 15:45:38.875  3979 10224 W InputMethodManagerService: Got RemoteException sending setActive(false) notification to pid 26673 uid 10154
09-02 15:45:38.875  3979 10224 D InputMethodManagerService: isImeSwitcherDisabledPackage : false
09-02 15:45:38.876  3979 10224 D InputMethodManagerService: setCurrentInputInfo - inputContext : null eidtorInfo : android.view.inputmethod.EditorInfo@7e8cfd7 missingMethods : 0
09-02 15:45:38.876  4336  4336 I InputMethodWrapper:  call dispatchStartInputWithToken
09-02 15:45:38.876  4336  4336 I InputMethodService: dispatchStartInputWithToken
09-02 15:45:38.877  4336  4336 I SKBD    : SamsungKeypad [IMI] onStartInput - caller pid : 26635, caller uid : 10157
09-02 15:45:38.877  3979  5964 D PackageManager: getComponentMetadataForIconTray : org.mozilla.fenix.HomeActivity does not exist in mServices
09-02 15:45:38.877  3979  5964 D PackageManager: getComponentMetadataForIconTray : org.mozilla.fenix.HomeActivity does not exist in mProviders
09-02 15:45:38.877  3979  5964 D PackageManager: getComponentMetadataForIconTray : org.mozilla.fenix.HomeActivity does not exist in mReceivers
09-02 15:45:38.877  4349  4858 D ApplicationPackageManager: updateItemMetaDataForFixedIconScale: package: org.mozilla.firefox
09-02 15:45:38.878  3979  5964 D PackageManager: getSelectedMetaData : packageName(org.mozilla.firefox) or Metadata strings {[Ljava.lang.String;@36eabad}
09-02 15:45:38.878  4349  4858 I ApplicationPackageManager: return adaptive icon for org.mozilla.firefox
09-02 15:45:38.880  3979  4081 W InputDispatcher: channel ~ Consumer closed input channel or an error occurred.  events=0x9
09-02 15:45:38.880  3979  4081 E InputDispatcher: channel ~ Channel is unrecoverably broken and will be disposed!
09-02 15:45:38.887  3979  4200 I WindowManager: WIN DEATH: Window{22dd9ff u0 org.mozilla.firefox/org.mozilla.fenix.HomeActivity}
09-02 15:45:38.887  3979  4200 W InputDispatcher: Attempted to unregister already unregistered input channel
09-02 15:45:38.887  4336  4336 D InputEventReceiver: channel 'ClientState{e0b51f6 uid 10154 pid 26673} (client)' ~ Disposing input event receiver.
09-02 15:45:38.887  4336  4336 D InputEventReceiver: channel 'ClientState{e0b51f6 uid 10154 pid 26673} (client)' ~NativeInputEventReceiver.
09-02 15:45:38.887  3979  4200 I WindowManager: Destroying surface Surface(name=org.mozilla.firefox/org.mozilla.fenix.HomeActivity) called by com.android.server.wm.WindowStateAnimator.destroySurface:2501 com.android.server.wm.WindowStateAnimator.destroySurfaceLocked:985 com.android.server.wm.WindowState.removeImmediately:2404 com.android.server.wm.WindowState.removeIfPossible:2603 com.android.server.wm.WindowState.-wrap1:0 com.android.server.wm.WindowState$DeathRecipient.binderDied:3142 android.os.BinderProxy.sendDeathNotice:841 <bottom of call stack> 
09-02 15:45:38.888  3462  3501 I SurfaceFlinger: id=2862 Removed org.mozilla.firefox/org.mozilla.fenix.HomeActivity#0 (3/5)
09-02 15:45:38.888  3462  3462 I Layer   : id=2862 onRemoved org.mozilla.firefox/org.mozilla.fenix.HomeActivity#0 
09-02 15:45:38.888  3979  4004 W ActivityManager: setHasOverlayUi called on unknown pid: 26673
09-02 15:45:38.889  3462  3462 I Layer   : id=2864 onRemoved Background for - SurfaceView - org.mozilla.firefox/org.mozilla.fenix.HomeActivity@9660408@0#0 
09-02 15:45:38.889  3462  3462 I Layer   : id=2863 onRemoved SurfaceView - org.mozilla.firefox/org.mozilla.fenix.HomeActivity@9660408@0#0 
09-02 15:45:38.891  3462  3501 I SurfaceFlinger: id=2862 Removed org.mozilla.firefox/org.mozilla.fenix.HomeActivity#0 (-2/5)
09-02 15:45:38.893  3462  3462 I SurfaceFlinger: Display 0 HWC layers:
09-02 15:45:38.893  3462  3462 I SurfaceFlinger:     type    |    handle    | flag |  format   |   source crop (l,t,r,b)    |         frame       | name 
09-02 15:45:38.893  3462  3462 I SurfaceFlinger: ------------+--------------+------+-----------+----------------------------+---------------------+------
09-02 15:45:38.893  3462  3462 I SurfaceFlinger:      Device | 0x7ac4c24480 | 0000 | RGBA_8888 |   0.0    0.0  720.0   42.0 |    0    0  720   42 | StatusBar#0
09-02 15:45:38.893  3462  3462 I SurfaceFlinger: 
09-02 15:45:38.909  3979  5964 V WindowManager: finishDrawingLocked: mDrawState=COMMIT_DRAW_PENDING Window{1eddaba u0 com.example.batterymanager_utility/com.example.batterymanager_utility.MainActivity} in Surface(name=com.example.batterymanager_utility/com.example.batterymanager_utility.MainActivity)
09-02 15:45:38.922  3462  3462 I SurfaceFlinger: id=2866 createSurf (720x1280),-1 flag=20004, com.example.batterymanager_utility/com.example.batterymanager_utility.MainActivity_dim#0
09-02 15:45:38.944  3462  3462 I SurfaceFlinger: Display 0 HWC layers:
09-02 15:45:38.944  3462  3462 I SurfaceFlinger:     type    |    handle    | flag |  format   |   source crop (l,t,r,b)    |         frame       | name 
09-02 15:45:38.944  3462  3462 I SurfaceFlinger: ------------+--------------+------+-----------+----------------------------+---------------------+------
09-02 15:45:38.944  3462  3462 I SurfaceFlinger:      Client |              | 0000 |  Unknown  |  -0.2   -0.2   -0.8   -0.8 |    0    0  720 1280 | animation background stackId=1#0
09-02 15:45:38.944  3462  3462 I SurfaceFlinger:      Client | 0x7ac4c25680 | 0002 | RGBA_8888 |   0.0    0.0   31.0 1280.0 |  689    0  720 1280 | com.example.batterymanager_utility/c[...]atterymanager_utility.MainActivity#0
09-02 15:45:38.944  3462  3462 I SurfaceFlinger:      Device | 0x7abe64b980 | 0000 | RGBA_8888 |   0.0    0.0  720.0   42.0 |    0    0  720   42 | StatusBar#0
09-02 15:45:38.944  3462  3462 I SurfaceFlinger: 
09-02 15:45:38.959  3462  3462 I SurfaceFlinger: Display 0 HWC layers:
09-02 15:45:38.959  3462  3462 I SurfaceFlinger:     type    |    handle    | flag |  format   |   source crop (l,t,r,b)    |         frame       | name 
09-02 15:45:38.959  3462  3462 I SurfaceFlinger: ------------+--------------+------+-----------+----------------------------+---------------------+------
09-02 15:45:38.959  3462  3462 I SurfaceFlinger:      Client |              | 0000 |  Unknown  |   0.0    0.0   -1.0   -1.0 |    0    0  720 1280 | com.example.batterymanager_utility/c[...]rymanager_utility.MainActivity_dim#0
09-02 15:45:38.959  3462  3462 I SurfaceFlinger:      Client |              | 0000 |  Unknown  |  -0.2   -0.2   -0.8   -0.8 |    0    0  720 1280 | animation background stackId=1#0
09-02 15:45:38.959  3462  3462 I SurfaceFlinger:      Client | 0x7ac4c25680 | 0002 | RGBA_8888 |   0.0    0.0   65.0 1280.0 |  655    0  720 1280 | com.example.batterymanager_utility/c[...]atterymanager_utility.MainActivity#0
09-02 15:45:38.959  3462  3462 I SurfaceFlinger:      Device | 0x7ac4c25140 | 0000 | RGBA_8888 |   0.0    0.0  720.0   42.0 |    0    0  720   42 | StatusBar#0
09-02 15:45:38.959  3462  3462 I SurfaceFlinger: 
09-02 15:45:38.966  3979  4111 D MdnieScenarioControlService:  packageName : com.example.batterymanager_utility    className : com.example.batterymanager_utility.MainActivity
09-02 15:45:38.966  3979  4111 V MdnieScenarioControlService: setUIMode from UI function(3)
09-02 15:45:39.129  3449  3449 I android.hardware.wifi@1.0-service: getLinkLayerStats
09-02 15:45:39.309  3462  3462 I SurfaceFlinger: Display 0 HWC layers:
09-02 15:45:39.309  3462  3462 I SurfaceFlinger:     type    |    handle    | flag |  format   |   source crop (l,t,r,b)    |         frame       | name 
09-02 15:45:39.309  3462  3462 I SurfaceFlinger: ------------+--------------+------+-----------+----------------------------+---------------------+------
09-02 15:45:39.309  3462  3462 I SurfaceFlinger:      Device | 0x7ac4c25680 | 0002 | RGBA_8888 |   0.0    0.0  720.0 1280.0 |    0    0  720 1280 | com.example.batterymanager_utility/c[...]atterymanager_utility.MainActivity#0
09-02 15:45:39.309  3462  3462 I SurfaceFlinger:      Device | 0x7abe64b980 | 0000 | RGBA_8888 |   0.0    0.0  720.0   42.0 |    0    0  720   42 | StatusBar#0
09-02 15:45:39.309  3462  3462 I SurfaceFlinger: 
09-02 15:45:39.339  3979  4046 I WindowManager: Destroying surface Surface(name=com.example.batterymanager_utility/com.example.batterymanager_utility.MainActivity_dim) called by com.android.server.wm.WindowStateAnimator.destroyTransitionDimSurface:2733 com.android.server.wm.WindowState.onExitAnimationDone:5260 com.android.server.wm.AppWindowAnimator.stepAnimationLocked:508 com.android.server.wm.AppWindowToken.stepAppWindowsAnimation:1659 com.android.server.wm.WindowContainer.stepAppWindowsAnimation:521 com.android.server.wm.WindowContainer.stepAppWindowsAnimation:521 com.android.server.wm.TaskStack.stepAppWindowsAnimation:1948 com.android.server.wm.WindowContainer.stepAppWindowsAnimation:521 
09-02 15:45:39.340  3462  3501 I SurfaceFlinger: id=2866 Removed com.example.batterymanager_utility/com.example.batterymanager_utility.MainActivity_dim#0 (1/5)
09-02 15:45:39.341  3462  5840 I SurfaceFlinger: id=2866 Removed com.example.batterymanager_utility/com.example.batterymanager_utility.MainActivity_dim#0 (-2/5)
09-02 15:45:39.341  3979  4004 D CustomFrequencyManagerService: releaseDVFSLockLocked : Getting Lock type frm List : DVFS_MIN_LIMIT  frequency : 1560000  uid : 1000  pid : 3979  tag : AMS_ACT_RESUME@CPU_MIN@70
09-02 15:45:39.342  3979  4004 D ActivityManagerPerformance: AMP_release() ACT_RESUME
09-02 15:45:39.356  3462  3462 I Layer   : id=2866 onRemoved com.example.batterymanager_utility/com.example.batterymanager_utility.MainActivity_dim#0 
09-02 15:45:40.000  4962  4962 D io_stats: !@ 179,0 r 654276 19674256 w 483470 10310088 d 52286 20021556 f 123822 126843 iot 579464 487699 th 51200 0 0 pt 0 inp 0 0 52873.245
09-02 15:45:40.130  3979  4051 D SensorService: [SO] 0.129 -0.364 9.845
09-02 15:45:40.764  3979  3979 D PreBindingService: handleMessage : 1
09-02 15:45:41.879 14031 14031 E adbd    : recv: OPEN 00022215 00000000 0042:73 68 65 6C 6C 2C 76 32 2C 54 45 52 4D 3D 78 74 65 72 6D 2D 32 35 36 63 6F 6C 6F 72 2C 72 61 77 3A 67 65 74 70 72 6F 70 20 72 6F 2E 62 75 69 6C 64 2E 76 65 72 73 69 6F 6E 2E 72 65 6C 65 61 73 65 00 
09-02 15:45:41.879 14031 14031 E adbd    : service_to_fd: shell,v2,TERM=xterm-256color,raw:getprop ro.build.version.release
09-02 15:45:41.968 14031 14031 E adbd    : recv: OPEN 00022218 00000000 003e:73 68 65 6C 6C 2C 76 32 2C 54 45 52 4D 3D 78 74 65 72 6D 2D 32 35 36 63 6F 6C 6F 72 2C 72 61 77 3A 67 65 74 70 72 6F 70 20 72 6F 2E 62 75 69 6C 64 2E 76 65 72 73 69 6F 6E 2E 73 64 6B 00 
09-02 15:45:41.968 14031 14031 E adbd    : service_to_fd: shell,v2,TERM=xterm-256color,raw:getprop ro.build.version.sdk
09-02 15:45:42.068 14031 14031 E adbd    : recv: OPEN 0002221b 00000000 0052:73 68 65 6C 6C 2C 76 32 2C 54 45 52 4D 3D 78 74 65 72 6D 2D 32 35 36 63 6F 6C 6F 72 2C 72 61 77 3A 61 6D 20 66 6F 72 63 65 2D 73 74 6F 70 20 63 6F 6D 2E 65 78 61 6D 70 6C 65 2E 62 61 74 74 65 72 79 6D 61 6E 61 67 65 72 5F 75 74 69 6C 69 74 79 00 
09-02 15:45:42.068 14031 14031 E adbd    : service_to_fd: shell,v2,TERM=xterm-256color,raw:am force-stop com.example.batterymanager_utility
09-02 15:45:42.134  3449  3449 I android.hardware.wifi@1.0-service: getLinkLayerStats
09-02 15:45:42.169  3979  4200 I ActivityManager: Force stopping com.example.batterymanager_utility appid=10157 user=0: from pid 27188
09-02 15:45:42.170  3979  4200 I ActivityManager: Killing 26635:com.example.batterymanager_utility/u0a157 (adj 0): stop com.example.batterymanager_utility,from pid 27188
09-02 15:45:42.171  3979  4200 W ActivityManager: Force removing ActivityRecord{2f87303 u0 com.example.batterymanager_utility/.MainActivity t821}: app died, no saved state
09-02 15:45:42.180  3979  4200 D InputDispatcher: Focus left window: 26635
09-02 15:45:42.181  3979  4200 I WindowManager: Failed to capture screenshot of Token{e261280 ActivityRecord{2f87303 u0 com.example.batterymanager_utility/.MainActivity t821 f}} appWin=Window{1eddaba u0 com.example.batterymanager_utility/com.example.batterymanager_utility.MainActivity} drawState=4
09-02 15:45:42.181  3979  4200 D TaskSnapshotCache: removeRunningEntry taskId=821 RunningCache size=3
09-02 15:45:42.182  3979  4200 I WindowManager: Destroying surface Surface(name=com.example.batterymanager_utility/com.example.batterymanager_utility.MainActivity) called by com.android.server.wm.WindowStateAnimator.destroySurface:2501 com.android.server.wm.WindowStateAnimator.destroySurfaceLocked:985 com.android.server.wm.WindowState.removeImmediately:2404 com.android.server.wm.WindowState.removeIfPossible:2603 com.android.server.wm.WindowState.removeIfPossible:2433 com.android.server.wm.WindowToken.removeAllWindowsIfPossible:143 com.android.server.wm.AppWindowToken.removeIfPossible:606 com.android.server.wm.AppWindowToken.onRemovedFromDisplay:674 
09-02 15:45:42.183  3462  3501 I SurfaceFlinger: id=2865 Removed com.example.batterymanager_utility/com.example.batterymanager_utility.MainActivity#0 (1/4)
09-02 15:45:42.183  3462  3501 I SurfaceFlinger: id=2865 Removed com.example.batterymanager_utility/com.example.batterymanager_utility.MainActivity#0 (-2/4)
09-02 15:45:42.189  3979  4200 D InputDispatcher: Focused application released
09-02 15:45:42.189  3979  4200 W MultiScreenManagerService: moveTaskBackToDisplayIfNeeded(): root activity or app is null, task=TaskRecord{6937e85d0 #821 A=com.example.batterymanager_utility U=0 StackId=1 sz=0}, rootActivity=null
09-02 15:45:42.190  3979  3979 D MdnieScenarioControlService: Listener Real Multi Window State : true
09-02 15:45:42.191  3462  3462 I Layer   : id=2865 onRemoved com.example.batterymanager_utility/com.example.batterymanager_utility.MainActivity#0 
09-02 15:45:42.195  3462  3462 I SurfaceFlinger: Display 0 HWC layers:
09-02 15:45:42.195  3462  3462 I SurfaceFlinger:     type    |    handle    | flag |  format   |   source crop (l,t,r,b)    |         frame       | name 
09-02 15:45:42.195  3462  3462 I SurfaceFlinger: ------------+--------------+------+-----------+----------------------------+---------------------+------
09-02 15:45:42.195  3462  3462 I SurfaceFlinger:      Device | 0x7ac4c25140 | 0000 | RGBA_8888 |   0.0    0.0  720.0   42.0 |    0    0  720   42 | StatusBar#0
09-02 15:45:42.195  3462  3462 I SurfaceFlinger: 
09-02 15:45:42.200  3979  4200 D CustomFrequencyManagerService: acquireDVFSLockLocked : type : DVFS_MIN_LIMIT  frequency : 1560000  uid : 1000  pid : 3979  pkgName : AMS_APP_HOME@CPU_MIN@59
09-02 15:45:42.202  3979  4200 D ActivityManagerPerformance: AMP_acquire() HOME
09-02 15:45:42.203  3979  4200 D PersonaManagerService: Current focused persona service handled id set to : 0
09-02 15:45:42.203  3979  4200 D InputDispatcher: Focused application set to: xxxx
09-02 15:45:42.205  3979  4200 V WindowManager: rotationForOrientationLw(orient=5, last=0); user=0  sensorRotation=-1 mLidState=-1 mDockMode=0 mHdmiPlugged=false
09-02 15:45:42.207  3979  4238 D GameManagerService: handleForegroundChange(). pkgName: com.sec.android.app.launcher, clsName: com.android.launcher3.Launcher,FgActivityName:com.sec.android.app.launcher/com.android.launcher3.Launcher
09-02 15:45:42.208  3979  4200 D MARsPolicyManager: onPackageResumedFG pkgName = com.sec.android.app.launcher, userId = 0
09-02 15:45:42.208  3979  4238 D GameManagerService: sem_perfomance_mode: 3
09-02 15:45:42.208  3979  4238 D GameManagerService: notifyResumePause(). pkg: com.sec.android.app.launcher, type: 4, isMinimized: false, isTunableApp: false
09-02 15:45:42.208  3979  4238 D GameManagerService:   notifyResumePause(). unexpected mPrevNotiType: -1
09-02 15:45:42.209  5213  5213 I Launcher: onWindowVisibilityChanged : false
09-02 15:45:42.210  3979  8178 V WindowManager: Relayout Window{7215288 u0 com.sec.android.app.launcher/com.sec.android.app.launcher.activities.LauncherActivity}: viewVisibility=4 req=720x1280 WM.LayoutParams{(0,0)(fillxfill) sim=#130 ty=1 fl=#81910d00 pfl=0x20000 fmt=-2 wanim=0x10302ea vsysui=0x700 needsMenuKey=2 colorMode=0 dimDuration=100 naviIconColor=0}
09-02 15:45:42.214  5213  5213 D ViewRootImpl@8c524b3[LauncherActivity]: Relayout returned: old=[0,0][720,1280] new=[0,0][720,1280] result=0x1 surface={valid=false 0} changed=false
09-02 15:45:42.215  5213  5213 D HomeContainer: setAlpha : 1.0
09-02 15:45:42.218  5213  5213 V Launcher: Launcher.onResume()
09-02 15:45:42.219  3979  3979 D SamsungAlarmManager: Remove alarm for next reason : android.intent.action.PACKAGE_RESTARTED : package: com.example.batterymanager_utility
09-02 15:45:42.221  3979  3995 W BroadcastQueue: Background execution not allowed: receiving Intent { act=android.intent.action.PACKAGE_RESTARTED dat=package:com.example.batterymanager_utility flg=0x10 (has extras) } to android/com.kddi.android.CpaNotiReceiver
09-02 15:45:42.221  3979  3995 W BroadcastQueue: Background execution not allowed: receiving Intent { act=android.intent.action.PACKAGE_RESTARTED dat=package:com.example.batterymanager_utility flg=0x10 (has extras) } to com.sec.android.daemonapp/com.samsung.android.weather.daemon.receiver.ClearDataReceiver
09-02 15:45:42.221  4633  4633 D CarrierSvcBindHelper: No carrier app for: 0
09-02 15:45:42.222  4633  4633 D CarrierSvcBindHelper: No carrier app for: 1
09-02 15:45:42.224  3979  6899 D GamePkgDataHelper: getGamePkgDataIncServer(). com.sec.android.app.launcher
09-02 15:45:42.225  3979  6899 D GameManagerService: identifyGamePackage. com.sec.android.app.launcher
09-02 15:45:42.225  3979  6899 D GamePkgDataHelper: getGamePkgData(). com.sec.android.app.launcher
09-02 15:45:42.225  3979  6899 D GameManagerService: identifyGamePackage. com.sec.android.app.launcher
09-02 15:45:42.225  3979  6899 D GamePkgDataHelper: getGamePkgData(). com.sec.android.app.launcher
09-02 15:45:42.226  3979  6899 D GamePkgDataHelper: getSosPolicy(). com.sec.android.app.launcher
09-02 15:45:42.227  3979  6899 D GameManagerService: identifyGamePackage. com.sec.android.app.launcher
09-02 15:45:42.227  3979  6899 D GamePkgDataHelper: getGamePkgData(). com.sec.android.app.launcher
09-02 15:45:42.227  3979  6899 D GameManagerService: identifyGamePackage. com.sec.android.app.launcher
09-02 15:45:42.227  3979  6899 D GamePkgDataHelper: getGamePkgData(). com.sec.android.app.launcher
09-02 15:45:42.228  5213  5213 D ExternalMethodQueue: Getting and clearing EXTERNAL_METHOD_LIST: null
09-02 15:45:42.228  5213  5302 I LauncherAppWidgetInfo: reinflateWidgetsIfNecessary, Not required: AppWidget(id=2)
