09-02 15:37:48.547  3979  3979 I AccessibilityManagerService: semOnLightNotification(null), bIsFlashOn : false
09-02 15:37:48.547  3979  3979 D AccessibilityManagerService: Can't use light notification
09-02 15:37:48.548  3979  3979 D AudioService: getStreamVolume 5 index 110
09-02 15:37:48.550 24054 24281 I BatteryMgr:DataCollectionService: collectData: begin
09-02 15:37:48.550  3979  4545 D Notification: allPendingIntents
09-02 15:37:48.551  3979 14776 D Notification: allPendingIntents
09-02 15:37:48.553  4349  4349 D StatusBar: addNotification key=0|com.example.batterymanager_utility|1|null|10157 fullscreen:false
09-02 15:37:48.555 24054 24281 I BatteryMgr:DataCollectionService: stats => 1693661868555,-197,4268
09-02 15:37:48.564 14031 14031 E adbd    : recv: OPEN 00021ef1 00000000 0042:73 68 65 6C 6C 2C 76 32 2C 54 45 52 4D 3D 78 74 65 72 6D 2D 32 35 36 63 6F 6C 6F 72 2C 72 61 77 3A 67 65 74 70 72 6F 70 20 72 6F 2E 62 75 69 6C 64 2E 76 65 72 73 69 6F 6E 2E 72 65 6C 65 61 73 65 00 
09-02 15:37:48.564 14031 14031 E adbd    : service_to_fd: shell,v2,TERM=xterm-256color,raw:getprop ro.build.version.release
09-02 15:37:48.636 14031 14031 E adbd    : recv: OPEN 00021ef4 00000000 003e:73 68 65 6C 6C 2C 76 32 2C 54 45 52 4D 3D 78 74 65 72 6D 2D 32 35 36 63 6F 6C 6F 72 2C 72 61 77 3A 67 65 74 70 72 6F 70 20 72 6F 2E 62 75 69 6C 64 2E 76 65 72 73 69 6F 6E 2E 73 64 6B 00 
09-02 15:37:48.636 14031 14031 E adbd    : service_to_fd: shell,v2,TERM=xterm-256color,raw:getprop ro.build.version.sdk
09-02 15:37:48.662 24054 24281 I BatteryMgr:DataCollectionService: stats => 1693661868662,-197,4268
09-02 15:37:48.677  4349  4349 D KeyguardUpdateMonitor: handleStatusBarState( false )
09-02 15:37:48.717 14031 14031 E adbd    : recv: OPEN 00021ef7 00000000 0029:73 68 65 6C 6C 2C 76 32 2C 54 45 52 4D 3D 78 74 65 72 6D 2D 32 35 36 63 6F 6C 6F 72 2C 72 61 77 3A 64 61 74 65 20 2D 75 00 
09-02 15:37:48.717 14031 14031 E adbd    : service_to_fd: shell,v2,TERM=xterm-256color,raw:date -u
09-02 15:37:48.768 24054 24281 I BatteryMgr:DataCollectionService: stats => 1693661868768,-197,4268
09-02 15:37:48.791 14031 14031 E adbd    : recv: OPEN 00021efa 00000000 003e:73 68 65 6C 6C 2C 76 32 2C 54 45 52 4D 3D 78 74 65 72 6D 2D 32 35 36 63 6F 6C 6F 72 2C 72 61 77 3A 64 75 6D 70 73 79 73 20 63 70 75 69 6E 66 6F 20 7C 20 67 72 65 70 20 54 4F 54 41 4C 00 
09-02 15:37:48.792 14031 14031 E adbd    : service_to_fd: shell,v2,TERM=xterm-256color,raw:dumpsys cpuinfo | grep TOTAL
09-02 15:37:48.872 14031 14031 E adbd    : recv: OPEN 00021efd 00000000 003d:73 68 65 6C 6C 2C 76 32 2C 54 45 52 4D 3D 78 74 65 72 6D 2D 32 35 36 63 6F 6C 6F 72 2C 72 61 77 3A 64 75 6D 70 73 79 73 20 6D 65 6D 69 6E 66 6F 20 7C 20 67 72 65 70 20 55 73 65 64 00 
09-02 15:37:48.872 14031 14031 E adbd    : service_to_fd: shell,v2,TERM=xterm-256color,raw:dumpsys meminfo | grep Used
09-02 15:37:48.873 24054 24281 I BatteryMgr:DataCollectionService: stats => 1693661868872,-197,4268
09-02 15:37:48.978 24054 24281 I BatteryMgr:DataCollectionService: stats => 1693661868978,-197,4268
09-02 15:37:49.083 24054 24281 I BatteryMgr:DataCollectionService: stats => 1693661869083,-197,4268
09-02 15:37:49.187 24054 24281 I BatteryMgr:DataCollectionService: stats => 1693661869187,-197,4268
09-02 15:37:49.297 24054 24281 I BatteryMgr:DataCollectionService: stats => 1693661869297,-197,4268
09-02 15:37:49.408 24054 24281 I BatteryMgr:DataCollectionService: stats => 1693661869408,-197,4268
09-02 15:37:49.517  4962  4962 D io_stats: !@ 179,0 r 653699 19659468 w 478534 10185904 d 51771 19961760 f 122966 125951 iot 575360 484105 th 51200 0 0 pt 0 inp 0 0 52402.761
09-02 15:37:49.522 24054 24281 I BatteryMgr:DataCollectionService: stats => 1693661869522,-197,4268
09-02 15:37:49.629 24054 24281 I BatteryMgr:DataCollectionService: stats => 1693661869629,-197,4268
09-02 15:37:49.734 24054 24281 I BatteryMgr:DataCollectionService: stats => 1693661869734,-197,4268
09-02 15:37:49.839 24054 24281 I BatteryMgr:DataCollectionService: stats => 1693661869839,-197,4268
09-02 15:37:49.950 24054 24281 I BatteryMgr:DataCollectionService: stats => 1693661869950,-197,4268
09-02 15:37:50.062 24054 24281 I BatteryMgr:DataCollectionService: stats => 1693661870061,-197,4268
09-02 15:37:50.127  3979  4051 D SensorService: [SO] 0.139 -0.402 9.869
09-02 15:37:50.169 24054 24281 I BatteryMgr:DataCollectionService: stats => 1693661870169,-197,4268
09-02 15:37:50.179  3979 14776 D SamsungAlarmManager: Cancel Alarm calling from uid:10025 pid :22051 / op:PendingIntent{714d28e: PendingIntentRecord{154034 com.google.android.gms startService}}
09-02 15:37:50.273 24054 24281 I BatteryMgr:DataCollectionService: stats => 1693661870273,-197,4268
09-02 15:37:50.379 24054 24281 I BatteryMgr:DataCollectionService: stats => 1693661870379,-197,4268
09-02 15:37:50.491 24054 24281 I BatteryMgr:DataCollectionService: stats => 1693661870491,-197,4268
09-02 15:37:50.598 24054 24281 I BatteryMgr:DataCollectionService: stats => 1693661870597,-197,4268
09-02 15:37:50.707 24054 24281 I BatteryMgr:DataCollectionService: stats => 1693661870707,-197,4268
09-02 15:37:50.819 24054 24281 I BatteryMgr:DataCollectionService: stats => 1693661870819,-197,4268
09-02 15:37:50.931 24054 24281 I BatteryMgr:DataCollectionService: stats => 1693661870931,-197,4268
09-02 15:37:51.037 24054 24281 I BatteryMgr:DataCollectionService: stats => 1693661871037,-197,4268
09-02 15:37:51.143 24054 24281 I BatteryMgr:DataCollectionService: stats => 1693661871143,-197,4268
09-02 15:37:51.151 24095 24095 I cr_tabmodel: Appending tabs being restored to metadata lists, 0, startingNormalCount: 96, startingIncognitoCount: 0
09-02 15:37:51.152 24095 24095 I cr_tabmodel: Serializing tab lists; counts: 96, 0
09-02 15:37:51.191  3979  3994 D SemExecuteManagerService: onShortcutChanged: com.android.chrome0
09-02 15:37:51.192 24095 24095 I cr_StartSurface: Recorded Startup.Android.StartSurfaceShownAtStartup = false
09-02 15:37:51.192  5213 25725 D LauncherApps: onShortcutChanged 0,com.android.chrome
09-02 15:37:51.193  5213  5213 D DeepShortcutManager: bindDeepShortcutMap: {com.android.launcher3.util.ComponentKey@1e9a2cfa=[DynamicFullRecent], com.android.launcher3.util.ComponentKey@92548096=[Search, Messages, Share, Notifications], com.android.launcher3.util.ComponentKey@9df2b1d6=[scanQrCode, newTab, newPrivateTab, search], com.android.launcher3.util.ComponentKey@489bf67c=[text_shortcut, voice_shortcut], com.android.launcher3.util.ComponentKey@86e56e2c=[open_new_tab, password_manager, open_new_private_tab], com.android.launcher3.util.ComponentKey@d85d54d0=[search_event_task, create_task, create_event], com.android.launcher3.util.ComponentKey@f5d080bf=[phoneadd, search, missedcall], com.android.launcher3.util.ComponentKey@515cb72c=[VIEW_MY_DOWNLOADS], com.android.launcher3.util.ComponentKey@683678e7=[create_message], com.android.launcher3.util.ComponentKey@64033792=[explore-shortcut, search-shortcut, shorts-shortcut, subscriptions-shortcut], com.android.launcher3.util.ComponentKey@3a8c61b=[compose], com.android.launcher3.util.ComponentKey@429b698e=[selfie, auto], com.android.launcher3.util.ComponentKey@91a61c5e=[contactadd, myprofile, contactgroup], com.android.launcher3.util.ComponentKey@3e17fc4f=[updates], com.android.launcher3.util.ComponentKey@967f6ac6=[search_shortcut], com.android.launcher3.util.ComponentKey@afe2ea5f=[manifest_home, manifest_work], com.android.launcher3.util.ComponentKey@7bfa09e7=[manifest_compose_shortcut, andrei.bogdan.marcel97@gmail.com], com.android.launcher3.util.ComponentKey@947c4a03=[new-tab-shortcut, dynamic-new-incognito-tab-shortcut]}
09-02 15:37:51.206 24095 24129 I cr_BindingManager: Visible binding enabled: maxSize=40
09-02 15:37:51.216 22051 22051 D BoundBrokerSvc: onBind: Intent { act=com.google.android.gms.common.BIND_SHARED_PREFS pkg=com.google.android.gms }
09-02 15:37:51.216 22051 22051 D BoundBrokerSvc: Loading bound service for intent: Intent { act=com.google.android.gms.common.BIND_SHARED_PREFS pkg=com.google.android.gms }
09-02 15:37:51.224  3979 10224 W StorageManager: getStorageLowBytes lowPercent : 5, lowBytes : 1260145254, maxLowBytes : 524288000
09-02 15:37:51.231 22051 22051 D BoundBrokerSvc: onUnbind: Intent { act=com.google.android.gms.common.BIND_SHARED_PREFS pkg=com.google.android.gms }
09-02 15:37:51.249 24054 24281 I BatteryMgr:DataCollectionService: stats => 1693661871249,-197,4268
09-02 15:37:51.256  3449  3449 I android.hardware.wifi@1.0-service: getLinkLayerStats
09-02 15:37:51.353 24095 24095 I cr_tabmodel: Appending tabs being restored to metadata lists, 0, startingNormalCount: 96, startingIncognitoCount: 0
09-02 15:37:51.353 24095 24095 I cr_tabmodel: Serializing tab lists; counts: 96, 0
09-02 15:37:51.354 24054 24281 I BatteryMgr:DataCollectionService: stats => 1693661871354,-197,4268
09-02 15:37:51.365 24095 24095 D InputMethodManager: HSIFW - flag : 0 Pid : 24095
09-02 15:37:51.365  3979 10224 V InputMethodManagerService: Client requesting input be hidden, flags : 0
09-02 15:37:51.365  3979 10224 V InputMethodManagerService: hideCurrentInputLocked : shouldHideSoftInput is false
09-02 15:37:51.460 24054 24281 I BatteryMgr:DataCollectionService: stats => 1693661871459,-197,4268
09-02 15:37:51.567 24054 24281 I BatteryMgr:DataCollectionService: stats => 1693661871566,-197,4268
09-02 15:37:51.673 24054 24281 I BatteryMgr:DataCollectionService: stats => 1693661871672,-197,4268
09-02 15:37:51.779 24054 24281 I BatteryMgr:DataCollectionService: stats => 1693661871779,-197,4268
09-02 15:37:51.886 24054 24281 I BatteryMgr:DataCollectionService: stats => 1693661871886,-197,4268
09-02 15:37:51.991 24054 24281 I BatteryMgr:DataCollectionService: stats => 1693661871991,-197,4268
09-02 15:37:52.096 24054 24281 I BatteryMgr:DataCollectionService: stats => 1693661872096,-197,4268
09-02 15:37:52.203 24054 24281 I BatteryMgr:DataCollectionService: stats => 1693661872203,-197,4268
09-02 15:37:52.309 24054 24281 I BatteryMgr:DataCollectionService: stats => 1693661872309,-197,4268
09-02 15:37:52.363  3979 14776 D ConnectivityService: filterNetworkStateForUid() uid: 10025 networkInfo: [type: WIFI[] - WIFI, state: CONNECTED/CONNECTED, reason: (unspecified), extra: "WiFi 69", failover: false, available: true, roaming: false, metered: false]
09-02 15:37:52.416 24054 24281 I BatteryMgr:DataCollectionService: stats => 1693661872416,-197,4268
09-02 15:37:52.522 24054 24281 I BatteryMgr:DataCollectionService: stats => 1693661872522,-197,4268
09-02 15:37:52.619 14031 14031 E adbd    : recv: OPEN 00021f00 00000000 0029:73 68 65 6C 6C 2C 76 32 2C 54 45 52 4D 3D 78 74 65 72 6D 2D 32 35 36 63 6F 6C 6F 72 2C 72 61 77 3A 64 61 74 65 20 2D 75 00 
09-02 15:37:52.620 14031 14031 E adbd    : service_to_fd: shell,v2,TERM=xterm-256color,raw:date -u
09-02 15:37:52.628 24054 24281 I BatteryMgr:DataCollectionService: stats => 1693661872628,-197,4268
09-02 15:37:52.628 14031 14031 E adbd    : recv: OPEN 00021f03 00000000 00c6:73 68 65 6C 6C 2C 76 32 2C 54 45 52 4D 3D 78 74 65 72 6D 2D 32 35 36 63 6F 6C 6F 72 2C 72 61 77 3A 61 6D 20 73 74 61 72 74 20 2D 61 20 61 6E 64 72 6F 69 64 2E 69 6E 74 65 6E 74 2E 61 63 74 69 6F 6E 2E 56 49 45 57 20 2D 6E 20 63 6F 6D 2E 61 6E 64 72 6F 69 64 2E 63 68 72 6F 6D 65 2F 63 6F 6D 2E 67 6F 6F 67 6C 65 2E 61 6E 64 72 6F 69 64 2E 61 70 70 73 2E 63 68 72 6F 6D 65 2E 4D 61 69 6E 20 2D 64 20 68 74 74 70 3A 2F 2F 31 39 32 2E 31 36 38 2E 38 38 2E 31 37 37 3A 38 30 30 30 2F 46 69 6E 61 6E 63 65 2F 66 6F 72 62 65 73 2D 76 65 6E 64 6F 72 2F 77 77 77 2E 66 6F 72 62 65 73 2E 63 6F 6D 2F 00 
09-02 15:37:52.628 14031 14031 E adbd    : service_to_fd: shell,v2,TERM=xterm-256color,raw:am start -a android.intent.action.VIEW -n com.android.chrome/com.google.android.apps.chrome.Main -d http://192.168.88.177:8000/Finance/forbes-vendor/www.forbes.com/
09-02 15:37:52.704 14031 14031 E adbd    : recv: OPEN 00021f06 00000000 003e:73 68 65 6C 6C 2C 76 32 2C 54 45 52 4D 3D 78 74 65 72 6D 2D 32 35 36 63 6F 6C 6F 72 2C 72 61 77 3A 64 75 6D 70 73 79 73 20 63 70 75 69 6E 66 6F 20 7C 20 67 72 65 70 20 54 4F 54 41 4C 00 
09-02 15:37:52.705 14031 14031 E adbd    : service_to_fd: shell,v2,TERM=xterm-256color,raw:dumpsys cpuinfo | grep TOTAL
09-02 15:37:52.713  3979  4670 I ActivityManager: START u0 {act=android.intent.action.VIEW typ=null flg=0x10000000 cmp=ComponentInfo{com.android.chrome/com.google.android.apps.chrome.Main}} from uid 2000
09-02 15:37:52.716  3979  4670 D CustomFrequencyManagerService: acquireDVFSLockLocked : type : DVFS_MIN_LIMIT  frequency : 1560000  uid : 1000  pid : 3979  pkgName : AMS_ACT_START@CPU_MIN@8
09-02 15:37:52.717  3979  4670 D ActivityManagerPerformance: AMP_acquire() ACT_START
09-02 15:37:52.737 24054 24281 I BatteryMgr:DataCollectionService: stats => 1693661872737,-197,4268
09-02 15:37:52.742 24095 24095 D InputMethodManager: HSIFW - flag : 0 Pid : 24095
09-02 15:37:52.743  3979  4670 V InputMethodManagerService: Client requesting input be hidden, flags : 0
09-02 15:37:52.743  3979  4670 V InputMethodManagerService: hideCurrentInputLocked : shouldHideSoftInput is false
09-02 15:37:52.747  3979  4670 D ConnectivityService: filterNetworkStateForUid() uid: 10096 networkInfo: [type: WIFI[] - WIFI, state: CONNECTED/CONNECTED, reason: (unspecified), extra: "WiFi 69", failover: false, available: true, roaming: false, metered: false]
09-02 15:37:52.753 24095 24095 E cr_IntentUtils: getInt failed on bundle null
09-02 15:37:52.758 24095 24095 E ResourceType: Style contains key with bad entry: 0x0101062c
09-02 15:37:52.767  3979  4670 D ConnectivityService: filterNetworkStateForUid() uid: 10096 networkInfo: [type: WIFI[] - WIFI, state: CONNECTED/CONNECTED, reason: (unspecified), extra: "WiFi 69", failover: false, available: true, roaming: false, metered: false]
09-02 15:37:52.780  3979 14776 I ApplicationPolicy: isApplicationExternalStorageWhitelisted:com.android.chrome user:0
09-02 15:37:52.781  3979 14776 D ApplicationPolicy: isApplicationExternalStorageWhitelisted: DO is not enabled on user 0. Allowed.
09-02 15:37:52.781  3979 14776 D ActivityManager: package  com.android.chrome, user - 0 is SDcard whitelisted
09-02 15:37:52.781  3979 14776 I ApplicationPolicy: isApplicationExternalStorageBlacklisted:com.android.chrome user:0
09-02 15:37:52.781  3979 14776 D ApplicationPolicy: isApplicationExternalStorageBlacklisted: DO is not enabled on user 0. Allowed.
09-02 15:37:52.781  3979 14776 I ActivityManager: SA, print process name forked by webview_zygote : com.android.chrome:sandboxed_process1
09-02 15:37:52.785  4443  4443 E SchedPolicy: add_tid_to_cgroup failed; fd=-1
09-02 15:37:52.795 14031 14031 E adbd    : recv: OPEN 00021f09 00000000 003d:73 68 65 6C 6C 2C 76 32 2C 54 45 52 4D 3D 78 74 65 72 6D 2D 32 35 36 63 6F 6C 6F 72 2C 72 61 77 3A 64 75 6D 70 73 79 73 20 6D 65 6D 69 6E 66 6F 20 7C 20 67 72 65 70 20 55 73 65 64 00 
09-02 15:37:52.795 14031 14031 E adbd    : service_to_fd: shell,v2,TERM=xterm-256color,raw:dumpsys meminfo | grep Used
09-02 15:37:52.798 24321 24321 E /system/bin/webview_zygote32: failed to make and chown /acct/uid_99284: Permission denied
09-02 15:37:52.798 24321 24321 E Zygote  : createProcessGroup(99284, 0) failed: Permission denied
09-02 15:37:52.798 24095 24095 D InputMethodManager: HSIFW - flag : 0 Pid : 24095
09-02 15:37:52.799  3979 10224 V InputMethodManagerService: Client requesting input be hidden, flags : 0
09-02 15:37:52.799 24321 24321 E libpersona: Couldn't open the File - /data/system/users/0.xml - Permission denied
09-02 15:37:52.799  3979 10224 V InputMethodManagerService: hideCurrentInputLocked : shouldHideSoftInput is false
09-02 15:37:52.801 24321 24321 W SELinux : SELinux selinux_android_compute_policy_index : Policy Index[2],  Con:u:r:webview_zygote:s0 RAM:SEPF_SM-J720F_8.0.0_0017, [-1 -1 -1 -1 0 1]
09-02 15:37:52.802  3979 14776 I ActivityManager: Start proc 24321:com.android.chrome:sandboxed_process1/u0i284 for webview_service com.android.chrome/org.chromium.content.app.SandboxedProcessService1
09-02 15:37:52.803 24321 24321 I SELinux : SELinux: seapp_context_lookup: seinfo=chrome, level=s0:c512,c768, pkgname=com.android.chrome:sandboxed_process1 
09-02 15:37:52.827 24095 24095 V InputMethodManager: Starting input: tba=android.view.inputmethod.EditorInfo@1178b8a nm : com.android.chrome ic=null
09-02 15:37:52.827 24095 24095 I InputMethodManager: startInputInner - mService.startInputOrWindowGainedFocus
09-02 15:37:52.827  3979 10224 D InputMethodManagerService: startInputOrWindowGainedFocus : startInput 
09-02 15:37:52.828  3979 10224 D InputMethodManagerService: setCurrentInputInfo - inputContext : null eidtorInfo : android.view.inputmethod.EditorInfo@1bc1d08 missingMethods : 0
09-02 15:37:52.829  4336  4336 I InputMethodWrapper:  call dispatchStartInputWithToken
09-02 15:37:52.829  4336  4336 I InputMethodService: dispatchStartInputWithToken
09-02 15:37:52.830  4336  4336 I SKBD    : SamsungKeypad [IMI] onStartInput - caller pid : 24095, caller uid : 10096
09-02 15:37:52.830  4336  4336 I SKBD    : SamsungKeypad  CACHEDIC onStartInput  isCachedICEnabled:  false
09-02 15:37:52.830  4336  4336 I SKBD    : atl getDefaultInputRange : UNKNOWN
09-02 15:37:52.830  4336  4336 I SKBD    : awo resetBinderManager()
09-02 15:37:52.830  4336  4336 I SKBD_SYNC: SamsungKeypad onStartInput: import DLM
09-02 15:37:52.830  4336  4336 I SKBD    : atl setPrivateImeOptionsToTable privateImeOptions ( null )
09-02 15:37:52.830  4336  4336 I SKBD    : atl imeOptions is null
09-02 15:37:52.830  4336  4336 I SKBD    : SamsungKeypad [PF_OP][onStartInput] 795654
09-02 15:37:52.843 24321 24321 I SamplingProfilerIntegration: Profiling disabled.
09-02 15:37:52.845 24054 24281 I BatteryMgr:DataCollectionService: stats => 1693661872845,-197,4268
09-02 15:37:52.845  3979 10224 D ConnectivityService: filterNetworkStateForUid() uid: 10096 networkInfo: [type: WIFI[] - WIFI, state: CONNECTED/CONNECTED, reason: (unspecified), extra: "WiFi 69", failover: false, available: true, roaming: false, metered: false]
09-02 15:37:52.847 24095 24095 I cr_OfflineDetector: Running updateState mConnectivityDetectorInitialized: true, mTimeWhenLastForegrounded: 107054279, getElapsedTime: 107054279, mTimeWhenLastOfflineNotificationReceived: 0, mTimeWhenLastOnline: 107044733, mApplicationState: 1, mIsOfflineLastReportedByConnectivityDetector: false, mIsEffectivelyOffline: false
09-02 15:37:52.847 24095 24095 I cr_OfflineDetector: updateState(): timeSinceLastForeground: 0, timeSinceOfflineNotificationReceived: 107054279, timeSinceLastOnline: 9546, timeNeededForForeground: 2000, timeNeededForOffline: -107052279
09-02 15:37:52.850 24321 24321 D TimaKeyStoreProvider: TimaKeyStore is not enabled: cannot add TimaSignature Service and generateKeyPair Service
09-02 15:37:52.850 24321 24321 D ActivityThread: Added TimaKeyStore provider
09-02 15:37:52.853  3979 14776 D ConnectivityService: filterNetworkStateForUid() uid: 10096 networkInfo: [type: WIFI[] - WIFI, state: CONNECTED/CONNECTED, reason: (unspecified), extra: "WiFi 69", failover: false, available: true, roaming: false, metered: false]
09-02 15:37:52.856  3979 10224 I ActivityManager: DSS on for com.android.chrome and scale is 1.0
09-02 15:37:52.860  3979 14776 D ConnectivityService: filterNetworkStateForUid() uid: 10096 networkInfo: [type: WIFI[] - WIFI, state: CONNECTED/CONNECTED, reason: (unspecified), extra: "WiFi 69", failover: false, available: true, roaming: false, metered: false]
09-02 15:37:52.879  3979  4670 D ConnectivityService: filterNetworkStateForUid() uid: 10096 networkInfo: [type: WIFI[] - WIFI, state: CONNECTED/CONNECTED, reason: (unspecified), extra: "WiFi 69", failover: false, available: true, roaming: false, metered: false]
09-02 15:37:52.911  3979  3990 V WindowManager: Relayout Window{56c5b61 u0 com.android.chrome/com.google.android.apps.chrome.Main}: viewVisibility=0 req=720x1280 WM.LayoutParams{(0,0)(fillxfill) sim=#13 ty=1 fl=#81810100 pfl=0x20000 fmt=-3 wanim=0x10302fd vsysui=0x2600 sysuil=true needsMenuKey=2 colorMode=0 naviIconColor=0}
09-02 15:37:52.911 24340 24340 E asset   : setgid: Operation not permitted
09-02 15:37:52.918 24095 24095 D ViewRootImpl@aaa9410[Main]: Relayout returned: old=[0,0][720,1280] new=[0,0][720,1280] result=0x1 surface={valid=true 3330213888} changed=false
09-02 15:37:52.922  3979  6899 D SSRM:G  : SIOP:: AP = 330, PST = 311 (W:10), BAT = 278, USB = 0, CHG = 0
09-02 15:37:52.951 24095 24095 I cr_tabmodel: Appending tabs being restored to metadata lists, 0, startingNormalCount: 97, startingIncognitoCount: 0
09-02 15:37:52.951 24095 24095 I cr_tabmodel: Serializing tab lists; counts: 97, 0
09-02 15:37:52.953 24054 24281 I BatteryMgr:DataCollectionService: stats => 1693661872953,-197,4268
09-02 15:37:52.974 24321 24321 I cr_SplitCompatApp: Launched version=107.0.5304.91 minSdkVersion=24 isBundle=true processName=com.android.chrome:sandboxed_process1 isIsolated=true
09-02 15:37:52.992 24321 24321 W SystemServiceRegistry: No service published for: uimode
09-02 15:37:52.999 24321 24321 V Monotype: fonts.xml take from : /system/etc/
09-02 15:37:53.042  3979  3988 I zygote64: Background concurrent copying GC freed 103739(5MB) AllocSpace objects, 22(436KB) LOS objects, 38% free, 38MB/62MB, paused 495us total 190.102ms
09-02 15:37:53.058 24054 24281 I BatteryMgr:DataCollectionService: stats => 1693661873058,-197,4268
09-02 15:37:53.162 24054 24281 I BatteryMgr:DataCollectionService: stats => 1693661873162,-197,4268
09-02 15:37:53.188 24321 24321 E Typeface: Error mapping font file /system/fonts/SamsungSans-Num3L.ttf
09-02 15:37:53.189 24321 24321 E Minikin : Could not get cmap table size!
09-02 15:37:53.189 24321 24321 E Typeface: Unable to load Family: samsung-sans-num3L:null
09-02 15:37:53.189 24321 24321 E Typeface: Error mapping font file /system/fonts/SamsungSans-Num3T.ttf
09-02 15:37:53.189 24321 24321 E Minikin : Could not get cmap table size!
09-02 15:37:53.189 24321 24321 E Typeface: Unable to load Family: samsung-sans-num3T:null
09-02 15:37:53.189 24321 24321 E Typeface: Error mapping font file /system/fonts/SamsungSans-Num4L.ttf
09-02 15:37:53.189 24321 24321 E Minikin : Could not get cmap table size!
09-02 15:37:53.189 24321 24321 E Typeface: Unable to load Family: samsung-sans-num4L:null
09-02 15:37:53.189 24321 24321 E Typeface: Error mapping font file /system/fonts/SamsungSans-Num4T.ttf
09-02 15:37:53.189 24321 24321 E Minikin : Could not get cmap table size!
09-02 15:37:53.189 24321 24321 E Typeface: Unable to load Family: samsung-sans-num4T:null
09-02 15:37:53.189 24321 24321 E Typeface: Error mapping font file /system/fonts/SamsungSans-Num35.ttf
09-02 15:37:53.189 24321 24321 E Minikin : Could not get cmap table size!
09-02 15:37:53.189 24321 24321 E Typeface: Unable to load Family: samsung-sans-num35:null
09-02 15:37:53.189 24321 24321 E Typeface: Error mapping font file /system/fonts/SamsungSans-Num45.ttf
09-02 15:37:53.189 24321 24321 E Minikin : Could not get cmap table size!
09-02 15:37:53.189 24321 24321 E Typeface: Unable to load Family: samsung-sans-num45:null
09-02 15:37:53.189 24321 24321 E Typeface: Error mapping font file /system/fonts/SamsungSans-Num3Lv.ttf
09-02 15:37:53.189 24321 24321 E Minikin : Could not get cmap table size!
09-02 15:37:53.189 24321 24321 E Typeface: Unable to load Family: samsung-sans-num3LV:null
09-02 15:37:53.190 24321 24321 E Typeface: Error mapping font file /system/fonts/SamsungSans-Num3R.ttf
09-02 15:37:53.190 24321 24321 E Minikin : Could not get cmap table size!
09-02 15:37:53.190 24321 24321 E Typeface: Unable to load Family: samsung-sans-num3R:null
09-02 15:37:53.190 24321 24321 E Typeface: Error mapping font file /system/fonts/SamsungSans-Num4Tv.ttf
09-02 15:37:53.190 24321 24321 E Minikin : Could not get cmap table size!
09-02 15:37:53.190 24321 24321 E Typeface: Unable to load Family: samsung-sans-num4Tv:null
09-02 15:37:53.190 24321 24321 E Typeface: Error mapping font file /system/fonts/SamsungSans-Num4Lv.ttf
09-02 15:37:53.190 24321 24321 E Minikin : Could not get cmap table size!
09-02 15:37:53.190 24321 24321 E Typeface: Unable to load Family: samsung-sans-num4Lv:null
09-02 15:37:53.196 24321 24321 I cr_ChildProcessService: Creating new ChildProcessService pid=24321
09-02 15:37:53.204 24321 24321 E WebViewFactory: can't load with relro file; address space not reserved
09-02 15:37:53.218 24321 24342 I cr_LibraryLoader: Successfully loaded native library
09-02 15:37:53.219 24321 24342 I cr_CachingUmaRecorder: Flushed 3 samples from 3 histograms.
09-02 15:37:53.268 24054 24281 I BatteryMgr:DataCollectionService: stats => 1693661873268,-197,4268
09-02 15:37:53.374 24054 24281 I BatteryMgr:DataCollectionService: stats => 1693661873374,-197,4268
09-02 15:37:53.403 24321 24342 I tflite  : Initialized TensorFlow Lite runtime.
09-02 15:37:53.480 24054 24281 I BatteryMgr:DataCollectionService: stats => 1693661873480,-197,4268
09-02 15:37:53.585 24054 24281 I BatteryMgr:DataCollectionService: stats => 1693661873585,-197,4268
09-02 15:37:53.690 24054 24281 I BatteryMgr:DataCollectionService: stats => 1693661873690,-197,4268
09-02 15:37:53.800 24054 24281 I BatteryMgr:DataCollectionService: stats => 1693661873800,-197,4268
09-02 15:37:53.906 24054 24281 I BatteryMgr:DataCollectionService: stats => 1693661873906,-197,4268
09-02 15:37:54.011 24054 24281 I BatteryMgr:DataCollectionService: stats => 1693661874011,-197,4268
09-02 15:37:54.118 24054 24281 I BatteryMgr:DataCollectionService: stats => 1693661874118,-197,4268
09-02 15:37:54.223 24054 24281 I BatteryMgr:DataCollectionService: stats => 1693661874223,-197,4268
09-02 15:37:54.261  3449  3449 I android.hardware.wifi@1.0-service: getLinkLayerStats
09-02 15:37:54.327 24054 24281 I BatteryMgr:DataCollectionService: stats => 1693661874327,-197,4268
09-02 15:37:54.379 24095 24095 E cr_BTSPrefs: No data found for task id: 56
09-02 15:37:54.379 24095 24095 E cr_BkgrdTaskScheduler: Task cannot be canceled because no data was found instorage or data was invalid
09-02 15:37:54.413 22051 22051 D BoundBrokerSvc: onBind: Intent { act=com.google.android.gms.common.BIND_SHARED_PREFS pkg=com.google.android.gms }
09-02 15:37:54.414 22051 22051 D BoundBrokerSvc: Loading bound service for intent: Intent { act=com.google.android.gms.common.BIND_SHARED_PREFS pkg=com.google.android.gms }
09-02 15:37:54.420 22051 22051 D BoundBrokerSvc: onUnbind: Intent { act=com.google.android.gms.common.BIND_SHARED_PREFS pkg=com.google.android.gms }
09-02 15:37:54.431 24054 24281 I BatteryMgr:DataCollectionService: stats => 1693661874431,-197,4268
09-02 15:37:54.520  4962  4962 D io_stats: !@ 179,0 r 653775 19661188 w 479257 10192724 d 51795 19962112 f 123177 126162 iot 575832 484449 th 51200 0 0 pt 0 inp 0 0 52407.765
09-02 15:37:54.536 24054 24281 I BatteryMgr:DataCollectionService: stats => 1693661874536,-197,4268
09-02 15:37:54.642 24054 24281 I BatteryMgr:DataCollectionService: stats => 1693661874642,-197,4268
09-02 15:37:54.719  3979  5035 D ActivityManagerPerformance: Received MSG_DISABLE_ACT_START, r: ActivityRecord{8343ff0 u0 com.android.chrome/com.google.android.apps.chrome.Main t808}
09-02 15:37:54.721  3979  5035 D CustomFrequencyManagerService: acquireDVFSLockLocked : type : DVFS_MIN_LIMIT  frequency : 1560000  uid : 1000  pid : 3979  pkgName : AMS_RESUME_TAIL@CPU_MIN@14
09-02 15:37:54.721  3979  5035 D ActivityManagerPerformance: AMP_acquire() TAIL
09-02 15:37:54.721  3979  5035 D CustomFrequencyManagerService: releaseDVFSLockLocked : Getting Lock type frm List : DVFS_MIN_LIMIT  frequency : 1560000  uid : 1000  pid : 3979  tag : AMS_ACT_START@CPU_MIN@8
09-02 15:37:54.722  3979  5035 D ActivityManagerPerformance: AMP_release() ACT_START
09-02 15:37:54.749 24054 24281 I BatteryMgr:DataCollectionService: stats => 1693661874748,-197,4268
09-02 15:37:54.854 24054 24281 I BatteryMgr:DataCollectionService: stats => 1693661874854,-197,4268
09-02 15:37:54.959 24054 24281 I BatteryMgr:DataCollectionService: stats => 1693661874959,-197,4268
09-02 15:37:55.064 24054 24281 I BatteryMgr:DataCollectionService: stats => 1693661875064,-197,4268
09-02 15:37:55.171 24054 24281 I BatteryMgr:DataCollectionService: stats => 1693661875170,-197,4268
09-02 15:37:55.264 24095 24095 I cr_tabmodel: Appending tabs being restored to metadata lists, 0, startingNormalCount: 97, startingIncognitoCount: 0
09-02 15:37:55.264 24095 24095 I cr_tabmodel: Serializing tab lists; counts: 97, 0
09-02 15:37:55.276 22051 22051 D BoundBrokerSvc: onBind: Intent { act=com.google.android.gms.common.BIND_SHARED_PREFS pkg=com.google.android.gms }
09-02 15:37:55.276 22051 22051 D BoundBrokerSvc: Loading bound service for intent: Intent { act=com.google.android.gms.common.BIND_SHARED_PREFS pkg=com.google.android.gms }
09-02 15:37:55.277 24054 24281 I BatteryMgr:DataCollectionService: stats => 1693661875277,-197,4268
09-02 15:37:55.280 22051 22051 D BoundBrokerSvc: onUnbind: Intent { act=com.google.android.gms.common.BIND_SHARED_PREFS pkg=com.google.android.gms }
09-02 15:37:55.321  3979  3979 D CustomFrequencyManagerService: releaseDVFSLockLocked : Getting Lock type frm List : DVFS_MIN_LIMIT  frequency : 1560000  uid : 1000  pid : 3979  tag : AMS_RESUME_TAIL@CPU_MIN@14
09-02 15:37:55.382 24054 24281 I BatteryMgr:DataCollectionService: stats => 1693661875382,-197,4268
09-02 15:37:55.488 24054 24281 I BatteryMgr:DataCollectionService: stats => 1693661875488,-197,4268
09-02 15:37:55.593 24054 24281 I BatteryMgr:DataCollectionService: stats => 1693661875593,-197,4268
09-02 15:37:55.698 24054 24281 I BatteryMgr:DataCollectionService: stats => 1693661875698,-197,4268
09-02 15:37:55.803 24054 24281 I BatteryMgr:DataCollectionService: stats => 1693661875803,-197,4268
09-02 15:37:55.815 24054 24059 I zygote64: Do partial code cache collection, code=58KB, data=44KB
09-02 15:37:55.815 24054 24059 I zygote64: After code cache collection, code=58KB, data=44KB
09-02 15:37:55.815 24054 24059 I zygote64: Increasing code cache capacity to 256KB
09-02 15:37:55.912 24054 24281 I BatteryMgr:DataCollectionService: stats => 1693661875912,-197,4268
09-02 15:37:56.022 24054 24281 I BatteryMgr:DataCollectionService: stats => 1693661876021,-197,4268
09-02 15:37:56.131 24054 24281 I BatteryMgr:DataCollectionService: stats => 1693661876131,-197,4268
09-02 15:37:56.237 24054 24281 I BatteryMgr:DataCollectionService: stats => 1693661876237,-197,4268
09-02 15:37:56.347 24054 24281 I BatteryMgr:DataCollectionService: stats => 1693661876346,-197,4268
09-02 15:37:56.453 24054 24281 I BatteryMgr:DataCollectionService: stats => 1693661876452,-197,4268
09-02 15:37:56.535 14031 14031 E adbd    : recv: OPEN 00021f0c 00000000 0029:73 68 65 6C 6C 2C 76 32 2C 54 45 52 4D 3D 78 74 65 72 6D 2D 32 35 36 63 6F 6C 6F 72 2C 72 61 77 3A 64 61 74 65 20 2D 75 00 
09-02 15:37:56.535 14031 14031 E adbd    : service_to_fd: shell,v2,TERM=xterm-256color,raw:date -u
09-02 15:37:56.558 24054 24281 I BatteryMgr:DataCollectionService: stats => 1693661876558,-197,4268
09-02 15:37:56.604 14031 14031 E adbd    : recv: OPEN 00021f0f 00000000 003e:73 68 65 6C 6C 2C 76 32 2C 54 45 52 4D 3D 78 74 65 72 6D 2D 32 35 36 63 6F 6C 6F 72 2C 72 61 77 3A 64 75 6D 70 73 79 73 20 63 70 75 69 6E 66 6F 20 7C 20 67 72 65 70 20 54 4F 54 41 4C 00 
09-02 15:37:56.604 14031 14031 E adbd    : service_to_fd: shell,v2,TERM=xterm-256color,raw:dumpsys cpuinfo | grep TOTAL
09-02 15:37:56.664 24054 24281 I BatteryMgr:DataCollectionService: stats => 1693661876664,-197,4268
09-02 15:37:56.693 14031 14031 E adbd    : recv: OPEN 00021f12 00000000 003d:73 68 65 6C 6C 2C 76 32 2C 54 45 52 4D 3D 78 74 65 72 6D 2D 32 35 36 63 6F 6C 6F 72 2C 72 61 77 3A 64 75 6D 70 73 79 73 20 6D 65 6D 69 6E 66 6F 20 7C 20 67 72 65 70 20 55 73 65 64 00 
09-02 15:37:56.693 14031 14031 E adbd    : service_to_fd: shell,v2,TERM=xterm-256color,raw:dumpsys meminfo | grep Used
09-02 15:37:56.769 24054 24281 I BatteryMgr:DataCollectionService: stats => 1693661876769,-197,4268
09-02 15:37:56.875 24054 24281 I BatteryMgr:DataCollectionService: stats => 1693661876874,-197,4268
09-02 15:37:56.979 24054 24281 I BatteryMgr:DataCollectionService: stats => 1693661876979,-197,4268
09-02 15:37:57.091 24054 24281 I BatteryMgr:DataCollectionService: stats => 1693661877091,-197,4268
09-02 15:37:57.196 24054 24281 I BatteryMgr:DataCollectionService: stats => 1693661877196,-197,4268
09-02 15:37:57.266  3449  3449 I android.hardware.wifi@1.0-service: getLinkLayerStats
09-02 15:37:57.307 24054 24281 I BatteryMgr:DataCollectionService: stats => 1693661877306,-197,4268
09-02 15:37:57.416 24054 24281 I BatteryMgr:DataCollectionService: stats => 1693661877416,-197,4268
09-02 15:37:57.526 24054 24281 I BatteryMgr:DataCollectionService: stats => 1693661877525,-197,4268
09-02 15:37:57.631 24054 24281 I BatteryMgr:DataCollectionService: stats => 1693661877631,-197,4268
09-02 15:37:57.735 24054 24281 I BatteryMgr:DataCollectionService: stats => 1693661877734,-197,4268
09-02 15:37:57.773 14031 14031 E adbd    : recv: OPEN 00021f15 00000000 0042:73 68 65 6C 6C 2C 76 32 2C 54 45 52 4D 3D 78 74 65 72 6D 2D 32 35 36 63 6F 6C 6F 72 2C 72 61 77 3A 67 65 74 70 72 6F 70 20 72 6F 2E 62 75 69 6C 64 2E 76 65 72 73 69 6F 6E 2E 72 65 6C 65 61 73 65 00 
09-02 15:37:57.773 14031 14031 E adbd    : service_to_fd: shell,v2,TERM=xterm-256color,raw:getprop ro.build.version.release
09-02 15:37:57.840 24054 24281 I BatteryMgr:DataCollectionService: stats => 1693661877840,-197,4268
09-02 15:37:57.854 14031 14031 E adbd    : recv: OPEN 00021f18 00000000 003e:73 68 65 6C 6C 2C 76 32 2C 54 45 52 4D 3D 78 74 65 72 6D 2D 32 35 36 63 6F 6C 6F 72 2C 72 61 77 3A 67 65 74 70 72 6F 70 20 72 6F 2E 62 75 69 6C 64 2E 76 65 72 73 69 6F 6E 2E 73 64 6B 00 
09-02 15:37:57.854 14031 14031 E adbd    : service_to_fd: shell,v2,TERM=xterm-256color,raw:getprop ro.build.version.sdk
09-02 15:37:57.932 14031 14031 E adbd    : recv: OPEN 00021f1b 00000000 0042:73 68 65 6C 6C 2C 76 32 2C 54 45 52 4D 3D 78 74 65 72 6D 2D 32 35 36 63 6F 6C 6F 72 2C 72 61 77 3A 67 65 74 70 72 6F 70 20 72 6F 2E 62 75 69 6C 64 2E 76 65 72 73 69 6F 6E 2E 72 65 6C 65 61 73 65 00 
09-02 15:37:57.932 14031 14031 E adbd    : service_to_fd: shell,v2,TERM=xterm-256color,raw:getprop ro.build.version.release
09-02 15:37:57.946 24054 24281 I BatteryMgr:DataCollectionService: stats => 1693661877945,-197,4268
09-02 15:37:57.997 14031 14031 E adbd    : recv: OPEN 00021f1e 00000000 003e:73 68 65 6C 6C 2C 76 32 2C 54 45 52 4D 3D 78 74 65 72 6D 2D 32 35 36 63 6F 6C 6F 72 2C 72 61 77 3A 67 65 74 70 72 6F 70 20 72 6F 2E 62 75 69 6C 64 2E 76 65 72 73 69 6F 6E 2E 73 64 6B 00 
09-02 15:37:57.998 14031 14031 E adbd    : service_to_fd: shell,v2,TERM=xterm-256color,raw:getprop ro.build.version.sdk
09-02 15:37:58.050 24054 24281 I BatteryMgr:DataCollectionService: stats => 1693661878050,-197,4268
09-02 15:37:58.060 14031 14031 E adbd    : recv: OPEN 00021f21 00000000 008c:73 68 65 6C 6C 2C 76 32 2C 54 45 52 4D 3D 78 74 65 72 6D 2D 32 35 36 63 6F 6C 6F 72 2C 72 61 77 3A 61 6D 20 73 74 6F 70 73 65 72 76 69 63 65 20 63 6F 6D 2E 65 78 61 6D 70 6C 65 2E 62 61 74 74 65 72 79 6D 61 6E 61 67 65 72 5F 75 74 69 6C 69 74 79 2F 63 6F 6D 2E 65 78 61 6D 70 6C 65 2E 62 61 74 74 65 72 79 6D 61 6E 61 67 65 72 5F 75 74 69 6C 69 74 79 2E 44 61 74 61 43 6F 6C 6C 65 63 74 69 6F 6E 53 65 72 76 69 63 65 00 
09-02 15:37:58.060 14031 14031 E adbd    : service_to_fd: shell,v2,TERM=xterm-256color,raw:am stopservice com.example.batterymanager_utility/com.example.batterymanager_utility.DataCollectionService
09-02 15:37:58.129  3979  3979 I EasyMuteController: UnRegister failed. no registered
09-02 15:37:58.130  3979  3979 D LightsService: [api] [SvcLED] turnOff:: id = 4 (uid: 1000 pid: 3979) 
09-02 15:37:58.130  3979  3979 D LightsService: [api] [SvcLED] LED indicator : Not supported.
09-02 15:37:58.133  3979 10224 D Notification: allPendingIntents
09-02 15:37:58.133  3979  3990 D Notification: allPendingIntents
09-02 15:37:58.135  3979  3979 D LightsService: [api] [SvcLED] turnOff:: id = 4 (uid: 1000 pid: 3979) 
09-02 15:37:58.135  3979  3979 D LightsService: [api] [SvcLED] LED indicator : Not supported.
09-02 15:37:58.137  3979  3990 I chatty  : uid=1000(system) Binder:3979_2 identical 1 line
09-02 15:37:58.138  3979  3990 D Notification: allPendingIntents
09-02 15:37:58.168 14031 14031 E adbd    : recv: OPEN 00021f24 00000000 0042:73 68 65 6C 6C 2C 76 32 2C 54 45 52 4D 3D 78 74 65 72 6D 2D 32 35 36 63 6F 6C 6F 72 2C 72 61 77 3A 67 65 74 70 72 6F 70 20 72 6F 2E 62 75 69 6C 64 2E 76 65 72 73 69 6F 6E 2E 72 65 6C 65 61 73 65 00 
09-02 15:37:58.169 14031 14031 E adbd    : service_to_fd: shell,v2,TERM=xterm-256color,raw:getprop ro.build.version.release
09-02 15:37:58.178  4349  4349 D KeyguardUpdateMonitor: handleStatusBarState( false )
09-02 15:37:58.237 14031 14031 E adbd    : recv: OPEN 00021f27 00000000 003e:73 68 65 6C 6C 2C 76 32 2C 54 45 52 4D 3D 78 74 65 72 6D 2D 32 35 36 63 6F 6C 6F 72 2C 72 61 77 3A 67 65 74 70 72 6F 70 20 72 6F 2E 62 75 69 6C 64 2E 76 65 72 73 69 6F 6E 2E 73 64 6B 00 
09-02 15:37:58.237 14031 14031 E adbd    : service_to_fd: shell,v2,TERM=xterm-256color,raw:getprop ro.build.version.sdk
09-02 15:37:58.298 14031 14031 E adbd    : recv: OPEN 00021f2a 00000000 0076:73 68 65 6C 6C 2C 76 32 2C 54 45 52 4D 3D 78 74 65 72 6D 2D 32 35 36 63 6F 6C 6F 72 2C 72 61 77 3A 64 75 6D 70 73 79 73 20 61 63 74 69 76 69 74 79 20 72 65 63 65 6E 74 73 20 7C 20 67 72 65 70 20 22 52 65 63 65 6E 74 20 23 30 22 20 7C 20 63 75 74 20 2D 64 20 22 3D 22 20 2D 66 32 20 7C 20 67 72 65 70 20 2D 6F 20 2D 70 20 22 5B 61 2D 7A 7C 2E 5D 2A 22 00 
09-02 15:37:58.298 14031 14031 E adbd    : service_to_fd: shell,v2,TERM=xterm-256color,raw:dumpsys activity recents | grep "Recent #0" | cut -d "=" -f2 | grep -o -p "[a-z|.]*"
09-02 15:37:58.395 14031 14031 E adbd    : recv: OPEN 00021f2d 00000000 0042:73 68 65 6C 6C 2C 76 32 2C 54 45 52 4D 3D 78 74 65 72 6D 2D 32 35 36 63 6F 6C 6F 72 2C 72 61 77 3A 67 65 74 70 72 6F 70 20 72 6F 2E 62 75 69 6C 64 2E 76 65 72 73 69 6F 6E 2E 72 65 6C 65 61 73 65 00 
09-02 15:37:58.395 14031 14031 E adbd    : service_to_fd: shell,v2,TERM=xterm-256color,raw:getprop ro.build.version.release
09-02 15:37:58.465 14031 14031 E adbd    : recv: OPEN 00021f30 00000000 003e:73 68 65 6C 6C 2C 76 32 2C 54 45 52 4D 3D 78 74 65 72 6D 2D 32 35 36 63 6F 6C 6F 72 2C 72 61 77 3A 67 65 74 70 72 6F 70 20 72 6F 2E 62 75 69 6C 64 2E 76 65 72 73 69 6F 6E 2E 73 64 6B 00 
09-02 15:37:58.465 14031 14031 E adbd    : service_to_fd: shell,v2,TERM=xterm-256color,raw:getprop ro.build.version.sdk
09-02 15:37:58.568 14031 14031 E adbd    : recv: OPEN 00021f33 00000000 0042:73 68 65 6C 6C 2C 76 32 2C 54 45 52 4D 3D 78 74 65 72 6D 2D 32 35 36 63 6F 6C 6F 72 2C 72 61 77 3A 61 6D 20 66 6F 72 63 65 2D 73 74 6F 70 20 63 6F 6D 2E 61 6E 64 72 6F 69 64 2E 63 68 72 6F 6D 65 00 
09-02 15:37:58.569 14031 14031 E adbd    : service_to_fd: shell,v2,TERM=xterm-256color,raw:am force-stop com.android.chrome
09-02 15:37:58.595  3979  3990 D BatteryService: !@BatteryListener : batteryPropertiesChanged!
09-02 15:37:58.595  3979  3990 D BatteryService: level:100, scale:100, status:5, health:2, present:true, voltage: 4258, temperature: 279, technology: Li-ion, AC powered:false, USB powered:true, POGO powered:false, Wireless powered:false, icon:17303834, invalid charger:0, maxChargingCurrent:0, maxChargingVoltage:0, chargeCounter:0
09-02 15:37:58.595  3979  3990 D BatteryService: online:4, current avg:-192, charge type:1, power sharing:false, high voltage charger:false, capacity:280000, batterySWSelfDischarging:false, misc_event:0, current_event:0, current_now:-183
09-02 15:37:58.595  3979  3979 D BatteryService: Sending ACTION_BATTERY_CHANGED.
09-02 15:37:58.597  3979  3979 D SamsungPhoneWindowManager: ACTION_BATTERY_CHANGED - Level :: 100, battStatus :: 5
09-02 15:37:58.597  3979  3979 I MotionRecognitionService: Plugged
09-02 15:37:58.597  3979  3979 D MotionRecognitionService:   mCableConnection= 1
09-02 15:37:58.597  3979  3979 D MotionRecognitionService: setPowerConnected : mGripEnabled = false
09-02 15:37:58.598  3979  4002 D UsbDeviceManager: handleMessage -> MSG_UPDATE_CHARGING_STATE = 1
09-02 15:37:58.598  4349  4349 D KeyguardUpdateMonitor: received broadcast android.intent.action.BATTERY_CHANGED
09-02 15:37:58.599  4349  4349 D BatteryController: onReceive-ACTION_BATTERY_CHANGED : mLevel=100, mBatteryStatus=5
09-02 15:37:58.605  4349  4349 D PowerUI : priorPlugType = 2 mPlugType =  2
09-02 15:37:58.636  3979  3990 I ActivityManager: Force stopping com.android.chrome appid=10096 user=0: from pid 24399
09-02 15:37:58.637  3979  3990 I ActivityManager: Killing 24176:com.android.chrome:privileged_process0/u0a96 (adj 0): stop com.android.chrome,from pid 24399
09-02 15:37:58.638  3979  3990 W ActivityManager: Scheduling restart of crashed service com.android.chrome/org.chromium.content.app.PrivilegedProcessService0 in 1000ms
09-02 15:37:58.645  3979  3990 I ActivityManager: Killing 24095:com.android.chrome/u0a96 (adj 0): stop com.android.chrome,from pid 24399
09-02 15:37:58.647 22051 22051 D BoundBrokerSvc: onUnbind: Intent { act=com.google.android.gms.safetynet.service.START pkg=com.google.android.gms }
09-02 15:37:58.649 24321 24321 I cr_ChildProcessService: Destroying ChildProcessService pid=24321
09-02 15:37:58.649  3979  3990 I ActivityManager: Killing 24321:com.android.chrome:sandboxed_process1/u0a96i284 (adj 0): isolated not needed
09-02 15:37:58.649 22051 22051 D BoundBrokerSvc: onUnbind: Intent { act=com.google.android.gms.languageprofile.service.START pkg=com.google.android.gms }
09-02 15:37:58.654 24130 24130 I cr_ChildProcessService: Destroying ChildProcessService pid=24130
09-02 15:37:58.655 22051 22051 D BoundBrokerSvc: onUnbind: Intent { act=com.google.android.gms.auth.key.retrieval.service.START dat=chimera-action: cmp=com.google.android.gms/.chimera.GmsApiService }
09-02 15:37:58.655 24130 24130 I /system/bin/webview_zygote32: System.exit called, status: 0
09-02 15:37:58.655 24130 24130 I AndroidRuntime: VM exiting with result code 0, cleanup skipped.
09-02 15:37:58.656  3979  3990 W ActivityManager: Force removing ActivityRecord{84a895 u0 com.android.chrome/com.google.android.apps.chrome.Main t808}: app died, no saved state
09-02 15:37:58.665  3979  3990 D InputDispatcher: Focus left window: 24095
09-02 15:37:58.666  3979  3990 I WindowManager: Failed to capture screenshot of Token{c175daa ActivityRecord{84a895 u0 com.android.chrome/com.google.android.apps.chrome.Main t808 f}} appWin=Window{56c5b61 u0 com.android.chrome/com.google.android.apps.chrome.Main} drawState=4
09-02 15:37:58.667  3979  3990 I WindowManager: Destroying surface Surface(name=com.android.chrome/com.google.android.apps.chrome.Main) called by com.android.server.wm.WindowStateAnimator.destroySurface:2501 com.android.server.wm.WindowStateAnimator.destroySurfaceLocked:985 com.android.server.wm.WindowState.removeImmediately:2404 com.android.server.wm.WindowState.removeIfPossible:2603 com.android.server.wm.WindowState.removeIfPossible:2433 com.android.server.wm.WindowToken.removeAllWindowsIfPossible:143 com.android.server.wm.AppWindowToken.removeIfPossible:606 com.android.server.wm.AppWindowToken.onRemovedFromDisplay:674 
09-02 15:37:58.667  3462  4748 I SurfaceFlinger: id=2817 Removed com.android.chrome/com.google.android.apps.chrome.Main#0 (2/4)
09-02 15:37:58.668  3462  4748 I SurfaceFlinger: id=2817 Removed com.android.chrome/com.google.android.apps.chrome.Main#0 (-2/4)
09-02 15:37:58.669  3462  3462 I Layer   : id=2817 onRemoved com.android.chrome/com.google.android.apps.chrome.Main#0 
09-02 15:37:58.671  3462  3462 I Layer   : id=2819 onRemoved Background for - SurfaceView - com.android.chrome/com.google.android.apps.chrome.Main@9332c83@0#0 
09-02 15:37:58.671  3462  3462 I Layer   : id=2818 onRemoved SurfaceView - com.android.chrome/com.google.android.apps.chrome.Main@9332c83@0#0 
09-02 15:37:58.674  3462  3462 I SurfaceFlinger: Display 0 HWC layers:
09-02 15:37:58.674  3462  3462 I SurfaceFlinger:     type    |    handle    | flag |  format   |   source crop (l,t,r,b)    |         frame       | name 
09-02 15:37:58.674  3462  3462 I SurfaceFlinger: ------------+--------------+------+-----------+----------------------------+---------------------+------
09-02 15:37:58.674  3462  3462 I SurfaceFlinger:      Device | 0x7ac4c24480 | 0000 | RGBA_8888 |   0.0    0.0  720.0   42.0 |    0    0  720   42 | StatusBar#0
09-02 15:37:58.674  3462  3462 I SurfaceFlinger: 
09-02 15:37:58.674  3979  3990 D InputDispatcher: Focused application released
09-02 15:37:58.678  3979  3990 D CustomFrequencyManagerService: acquireDVFSLockLocked : type : DVFS_MIN_LIMIT  frequency : 1560000  uid : 1000  pid : 3979  pkgName : AMS_ACT_RESUME@CPU_MIN@70
09-02 15:37:58.679  3979  3990 D ActivityManagerPerformance: AMP_acquire() ACT_RESUME
09-02 15:37:58.680  3979  3990 D PersonaManagerService: Current focused persona service handled id set to : 0
09-02 15:37:58.680  3979  3990 D InputDispatcher: Focused application set to: xxxx
09-02 15:37:58.683  3979  3990 I ActivityManager: Killing 24130:com.android.chrome:sandboxed_process0/u0a96i283 (adj 0): isolated not needed
09-02 15:37:58.686  3979  3990 D MARsPolicyManager: onPackageResumedFG pkgName = com.example.batterymanager_utility, userId = 0
09-02 15:37:58.686  3979  4238 D GameManagerService: handleForegroundChange(). pkgName: com.example.batterymanager_utility, clsName: com.example.batterymanager_utility.MainActivity,FgActivityName:com.example.batterymanager_utility/.MainActivity
09-02 15:37:58.687  3979  4238 D GameManagerService: sem_perfomance_mode: 3
09-02 15:37:58.687  3979  4238 D GameManagerService: notifyResumePause(). pkg: com.example.batterymanager_utility, type: 4, isMinimized: false, isTunableApp: false
09-02 15:37:58.687  3979  4238 D GameManagerService:   notifyResumePause(). unexpected mPrevNotiType: -1
09-02 15:37:58.690  3979 14776 V WindowManager: Relayout Window{917fadd u0 com.example.batterymanager_utility/com.example.batterymanager_utility.MainActivity}: viewVisibility=4 req=720x1280 WM.LayoutParams{(0,0)(fillxfill) sim=#120 ty=1 fl=#81810100 pfl=0x20000 wanim=0x10302fd vsysui=0x600 needsMenuKey=2 colorMode=0 naviIconColor=0}
09-02 15:37:58.696 24054 24054 D ViewRootImpl@110cd72[MainActivity]: Relayout returned: old=[0,0][720,1280] new=[0,0][720,1280] result=0x1 surface={valid=false 0} changed=false
09-02 15:37:58.699  3979  3979 D SamsungAlarmManager: Remove alarm for next reason : android.intent.action.PACKAGE_RESTARTED : package: com.android.chrome
09-02 15:37:58.704  4633  4633 D CarrierSvcBindHelper: No carrier app for: 0
09-02 15:37:58.704  3979  3995 W BroadcastQueue: Background execution not allowed: receiving Intent { act=android.intent.action.PACKAGE_RESTARTED dat=package:com.android.chrome flg=0x10 (has extras) } to android/com.kddi.android.CpaNotiReceiver
09-02 15:37:58.706  4633  4633 D CarrierSvcBindHelper: No carrier app for: 1
09-02 15:37:58.711  3979  3995 W BroadcastQueue: Background execution not allowed: receiving Intent { act=android.intent.action.PACKAGE_RESTARTED dat=package:com.android.chrome flg=0x10 (has extras) } to com.sec.android.daemonapp/com.samsung.android.weather.daemon.receiver.ClearDataReceiver
09-02 15:37:58.738  3979  6899 D GamePkgDataHelper: getGamePkgDataIncServer(). com.example.batterymanager_utility
09-02 15:37:58.739  3979  6899 D GameManagerService: identifyGamePackage. com.example.batterymanager_utility
09-02 15:37:58.739  3979  6899 D GamePkgDataHelper: getGamePkgData(). com.example.batterymanager_utility
09-02 15:37:58.740  3979  6899 D GameManagerService: identifyGamePackage. com.example.batterymanager_utility
09-02 15:37:58.740  3979  6899 D GamePkgDataHelper: getGamePkgData(). com.example.batterymanager_utility
09-02 15:37:58.740  3979  6899 D GamePkgDataHelper: getSosPolicy(). com.example.batterymanager_utility
09-02 15:37:58.740  3979  3979 D SamsungAlarmManager: setInexact Listener (T:2/F:0/AC:false) 20230902T154208 - CU:1000/CP:3979
09-02 15:37:58.741  3979 10224 D ActivityManager: post active user change for 0 fullscreen true isHomeActivity() false
09-02 15:37:58.742  3979  3979 D SamsungAlarmManager: setInexact Listener (T:2/F:0/AC:false) 20230902T161207 - CU:1000/CP:3979
09-02 15:37:58.745  3979  6899 D GameManagerService: identifyGamePackage. com.example.batterymanager_utility
09-02 15:37:58.745  3979 10224 V WindowManager: Relayout Window{917fadd u0 com.example.batterymanager_utility/com.example.batterymanager_utility.MainActivity}: viewVisibility=0 req=720x1280 WM.LayoutParams{(0,0)(fillxfill) sim=#120 ty=1 fl=#81810100 pfl=0x20000 wanim=0x10302fd vsysui=0x600 needsMenuKey=2 colorMode=0 naviIconColor=0}
09-02 15:37:58.745  3979  6899 D GamePkgDataHelper: getGamePkgData(). com.example.batterymanager_utility
09-02 15:37:58.745  3462  3462 I SurfaceFlinger: id=2820 createSurf (720x1280),1 flag=404, com.example.batterymanager_utility/com.example.batterymanager_utility.MainActivity#0
09-02 15:37:58.747  3979 10224 V Surface : sf_framedrop debug : 0x4f4c, game : false, logging : 0
09-02 15:37:58.747  3979  6899 D GameManagerService: identifyGamePackage. com.example.batterymanager_utility
09-02 15:37:58.747  3979  6899 D GamePkgDataHelper: getGamePkgData(). com.example.batterymanager_utility
09-02 15:37:58.747  3979  3996 D WindowManager: set systemUiVisibility : systemUiFlags= 0x608 fullscreenStackSysUiFlags= 0x0
09-02 15:37:58.751  3979 10224 D InputDispatcher: Focus entered window: 24054
09-02 15:37:58.753 24054 24054 V Surface : sf_framedrop debug : 0x4f4c, game : false, logging : 0
09-02 15:37:58.754  3979  4670 D WindowManager: adjustSystemUiVisibilityLw : vis= 0x608
09-02 15:37:58.756 24054 24054 D ViewRootImpl@110cd72[MainActivity]: Relayout returned: old=[0,0][720,1280] new=[0,0][720,1280] result=0x7 surface={valid=true 536159952896} changed=true
