09-01 21:56:36.275 23464 23464 W SystemServiceRegistry: No service published for: uimode
09-01 21:56:36.278 23303 23303 E cr_IntentUtils: getBooleanExtra failed on intent null
09-01 21:56:36.278 23303 23303 E cr_IntentUtils: getBooleanExtra failed on intent null
09-01 21:56:36.278  1513  2905 D CompatibilityChangeReporter: Compat change id reported: 136274596; UID 10220; state: ENABLED
09-01 21:56:36.281 23479 23479 I LoadedApk: No resource references to update in package com.google.android.trichromelibrary
09-01 21:56:36.282 23479 23479 D NetworkSecurityConfig: Using Network Security Config from resource 0_resource_name_obfuscated debugBuild: false
09-01 21:56:36.287 23479 23479 D NetworkSecurityConfig: Using Network Security Config from resource 0_resource_name_obfuscated debugBuild: false
09-01 21:56:36.288 23303 23303 I cr_tabmodel: #isIncognitoTabBeingRestored from tabDetails:  false
09-01 21:56:36.288 23303 23303 I cr_tabmodel: #isIncognitoTabBeingRestored from tabDetails:  false
09-01 21:56:36.288 23356 23356 D Zygote  : Forked child process 23526
09-01 21:56:36.288 23303 23303 W cr_tabmodel: Failed to restore TabState; creating Tab with last known URL.
09-01 21:56:36.288 23479 23479 I cr_SplitCompatApp: Launched version=107.0.5304.91 minSdkVersion=29 isBundle=true processName=com.android.chrome:sandboxed_process0:org.chromium.content.app.SandboxedProcessService0:2 isIsolated=true
09-01 21:56:36.290 23513 23513 E ocessService0:: Not starting debugger since process cannot load the jdwp agent.
09-01 21:56:36.290  1513  1625 I ActivityManager: Start proc 23526:com.android.chrome:sandboxed_process0:org.chromium.content.app.SandboxedProcessService0:5/u0ai5 for  {com.android.chrome/org.chromium.content.app.SandboxedProcessService0:5}
09-01 21:56:36.292 23464 23464 I cr_ChildProcessService: Creating new ChildProcessService pid=23464
09-01 21:56:36.299 23526 23526 E libc    : SetHeapTaggingLevel: re-enabling tagging after it was disabled is not supported
09-01 21:56:36.300 23464 23478 I cr_LibraryLoader: Using ModernLinker
09-01 21:56:36.302  1513  3161 D CompatibilityChangeReporter: Compat change id reported: 136274596; UID 10220; state: ENABLED
09-01 21:56:36.302 23303 23303 E cr_IntentUtils: getBooleanExtra failed on intent null
09-01 21:56:36.302 23303 23303 E cr_IntentUtils: getBooleanExtra failed on intent null
09-01 21:56:36.302 23464 23478 W linker  : Warning: "/data/app/~~_KLlx60MH8CoecPTjMKp8g==/com.android.chrome-kw9RHYrlHKb9bPXi8OTClw==/base.apk!/lib/arm64-v8a/libchromium_android_linker.so" unused DT entry: unknown processor-specific (type 0x70000001 arg 0x0) (ignoring)
09-01 21:56:36.304 23464 23478 E cr_ChromiumAndroidLinker: ReserveAddressWithHint: Address range starting at 0x7a37625000 was not free to use
09-01 21:56:36.307 23526 23526 E ocessService0:: Not starting debugger since process cannot load the jdwp agent.
09-01 21:56:36.310  1513  2905 D CompatibilityChangeReporter: Compat change id reported: 135634846; UID 10220; state: DISABLED
09-01 21:56:36.310  1513  2905 D CompatibilityChangeReporter: Compat change id reported: 135754954; UID 10220; state: ENABLED
09-01 21:56:36.310  1513  1625 D CompatibilityChangeReporter: Compat change id reported: 143937733; UID 10220; state: ENABLED
09-01 21:56:36.310 23479 23479 W SystemServiceRegistry: No service published for: uimode
09-01 21:56:36.314 23303 23303 I cr_tabmodel: #isIncognitoTabBeingRestored from tabDetails:  false
09-01 21:56:36.314 23303 23303 I cr_tabmodel: #isIncognitoTabBeingRestored from tabDetails:  false
09-01 21:56:36.314 23303 23303 W cr_tabmodel: Failed to restore TabState; creating Tab with last known URL.
09-01 21:56:36.318 23464 23535 I cr_LibraryLoader: Successfully loaded native library
09-01 21:56:36.319 23464 23535 I cr_CachingUmaRecorder: Flushed 3 samples from 3 histograms.
09-01 21:56:36.321 23479 23479 I cr_ChildProcessService: Creating new ChildProcessService pid=23479
09-01 21:56:36.325 23356 23356 D Zygote  : Forked child process 23551
09-01 21:56:36.327 23499 23499 I LoadedApk: No resource references to update in package com.google.android.trichromelibrary
09-01 21:56:36.327  1513  3161 D CompatibilityChangeReporter: Compat change id reported: 136274596; UID 10220; state: ENABLED
09-01 21:56:36.327 23499 23499 D NetworkSecurityConfig: Using Network Security Config from resource 0_resource_name_obfuscated debugBuild: false
09-01 21:56:36.329 23499 23499 D NetworkSecurityConfig: Using Network Security Config from resource 0_resource_name_obfuscated debugBuild: false
09-01 21:56:36.330 23303 23303 E cr_IntentUtils: getBooleanExtra failed on intent null
09-01 21:56:36.330 23303 23303 E cr_IntentUtils: getBooleanExtra failed on intent null
09-01 21:56:36.331  1513  1625 I ActivityManager: Start proc 23551:com.android.chrome:sandboxed_process0:org.chromium.content.app.SandboxedProcessService0:6/u0ai6 for  {com.android.chrome/org.chromium.content.app.SandboxedProcessService0:6}
09-01 21:56:36.331 23499 23499 I cr_SplitCompatApp: Launched version=107.0.5304.91 minSdkVersion=29 isBundle=true processName=com.android.chrome:sandboxed_process0:org.chromium.content.app.SandboxedProcessService0:3 isIsolated=true
09-01 21:56:36.334  1513  2905 D CompatibilityChangeReporter: Compat change id reported: 135634846; UID 10220; state: DISABLED
09-01 21:56:36.334  1513  2905 D CompatibilityChangeReporter: Compat change id reported: 135754954; UID 10220; state: ENABLED
09-01 21:56:36.334  1513  1625 D CompatibilityChangeReporter: Compat change id reported: 143937733; UID 10220; state: ENABLED
09-01 21:56:36.336 23513 23513 I LoadedApk: No resource references to update in package com.google.android.trichromelibrary
09-01 21:56:36.337 23513 23513 D NetworkSecurityConfig: Using Network Security Config from resource 0_resource_name_obfuscated debugBuild: false
09-01 21:56:36.338 23513 23513 D NetworkSecurityConfig: Using Network Security Config from resource 0_resource_name_obfuscated debugBuild: false
09-01 21:56:36.340 23513 23513 I cr_SplitCompatApp: Launched version=107.0.5304.91 minSdkVersion=29 isBundle=true processName=com.android.chrome:sandboxed_process0:org.chromium.content.app.SandboxedProcessService0:4 isIsolated=true
09-01 21:56:36.342 23551 23551 E libc    : SetHeapTaggingLevel: re-enabling tagging after it was disabled is not supported
09-01 21:56:36.342 23479 23498 I cr_LibraryLoader: Using ModernLinker
09-01 21:56:36.344 23479 23498 W linker  : Warning: "/data/app/~~_KLlx60MH8CoecPTjMKp8g==/com.android.chrome-kw9RHYrlHKb9bPXi8OTClw==/base.apk!/lib/arm64-v8a/libchromium_android_linker.so" unused DT entry: unknown processor-specific (type 0x70000001 arg 0x0) (ignoring)
09-01 21:56:36.345 23303 23303 I cr_tabmodel: #isIncognitoTabBeingRestored from tabDetails:  false
09-01 21:56:36.345 23303 23303 I cr_tabmodel: #isIncognitoTabBeingRestored from tabDetails:  false
09-01 21:56:36.345 23303 23303 W cr_tabmodel: Failed to restore TabState; creating Tab with last known URL.
09-01 21:56:36.346 23479 23498 E cr_ChromiumAndroidLinker: ReserveAddressWithHint: Address range starting at 0x7a37625000 was not free to use
09-01 21:56:36.349 23551 23551 E ocessService0:: Not starting debugger since process cannot load the jdwp agent.
09-01 21:56:36.350 23499 23499 W SystemServiceRegistry: No service published for: uimode
09-01 21:56:36.351 23513 23513 W SystemServiceRegistry: No service published for: uimode
09-01 21:56:36.356 23513 23513 I cr_ChildProcessService: Creating new ChildProcessService pid=23513
09-01 21:56:36.356 23499 23499 I cr_ChildProcessService: Creating new ChildProcessService pid=23499
09-01 21:56:36.358 23303 23303 E cr_IntentUtils: getBooleanExtra failed on intent null
09-01 21:56:36.358 23303 23303 E cr_IntentUtils: getBooleanExtra failed on intent null
09-01 21:56:36.363 23513 23536 I cr_LibraryLoader: Using ModernLinker
09-01 21:56:36.365 23513 23536 W linker  : Warning: "/data/app/~~_KLlx60MH8CoecPTjMKp8g==/com.android.chrome-kw9RHYrlHKb9bPXi8OTClw==/base.apk!/lib/arm64-v8a/libchromium_android_linker.so" unused DT entry: unknown processor-specific (type 0x70000001 arg 0x0) (ignoring)
09-01 21:56:36.366 23479 23550 I cr_LibraryLoader: Successfully loaded native library
09-01 21:56:36.367 23513 23536 E cr_ChromiumAndroidLinker: ReserveAddressWithHint: Address range starting at 0x7a37625000 was not free to use
09-01 21:56:36.367 23499 23525 I cr_LibraryLoader: Using ModernLinker
09-01 21:56:36.367 23479 23550 I cr_CachingUmaRecorder: Flushed 3 samples from 3 histograms.
09-01 21:56:36.369 23499 23525 W linker  : Warning: "/data/app/~~_KLlx60MH8CoecPTjMKp8g==/com.android.chrome-kw9RHYrlHKb9bPXi8OTClw==/base.apk!/lib/arm64-v8a/libchromium_android_linker.so" unused DT entry: unknown processor-specific (type 0x70000001 arg 0x0) (ignoring)
09-01 21:56:36.370 23499 23525 E cr_ChromiumAndroidLinker: ReserveAddressWithHint: Address range starting at 0x7a37625000 was not free to use
09-01 21:56:36.374 23499 23576 I cr_LibraryLoader: Successfully loaded native library
09-01 21:56:36.374 23499 23576 I cr_CachingUmaRecorder: Flushed 3 samples from 3 histograms.
09-01 21:56:36.375 23513 23577 I cr_LibraryLoader: Successfully loaded native library
09-01 21:56:36.376 23303 23303 I cr_tabmodel: #isIncognitoTabBeingRestored from tabDetails:  false
09-01 21:56:36.376 23303 23303 I cr_tabmodel: #isIncognitoTabBeingRestored from tabDetails:  false
09-01 21:56:36.376 23303 23303 W cr_tabmodel: Failed to restore TabState; creating Tab with last known URL.
09-01 21:56:36.377 23513 23577 I cr_CachingUmaRecorder: Flushed 3 samples from 3 histograms.
09-01 21:56:36.377  1513  3221 D CompatibilityChangeReporter: Compat change id reported: 136274596; UID 10220; state: ENABLED
09-01 21:56:36.381 23526 23526 I LoadedApk: No resource references to update in package com.google.android.trichromelibrary
09-01 21:56:36.382 23526 23526 D NetworkSecurityConfig: Using Network Security Config from resource 0_resource_name_obfuscated debugBuild: false
09-01 21:56:36.384 23526 23526 D NetworkSecurityConfig: Using Network Security Config from resource 0_resource_name_obfuscated debugBuild: false
09-01 21:56:36.385 23356 23356 D Zygote  : Forked child process 23581
09-01 21:56:36.385 23526 23526 I cr_SplitCompatApp: Launched version=107.0.5304.91 minSdkVersion=29 isBundle=true processName=com.android.chrome:sandboxed_process0:org.chromium.content.app.SandboxedProcessService0:5 isIsolated=true
09-01 21:56:36.395 23303 23303 E cr_IntentUtils: getBooleanExtra failed on intent null
09-01 21:56:36.395 23303 23303 E cr_IntentUtils: getBooleanExtra failed on intent null
09-01 21:56:36.397  1513  3221 D CompatibilityChangeReporter: Compat change id reported: 135634846; UID 10220; state: DISABLED
09-01 21:56:36.398  1513  3221 D CompatibilityChangeReporter: Compat change id reported: 135754954; UID 10220; state: ENABLED
09-01 21:56:36.398 23526 23526 W SystemServiceRegistry: No service published for: uimode
09-01 21:56:36.399  1513  1625 W ActivityManager: Slow operation: 65ms so far, now at startProcess: returned from zygote!
09-01 21:56:36.399  1513  1625 W ActivityManager: Slow operation: 66ms so far, now at startProcess: done updating battery stats
09-01 21:56:36.399  1513  1625 W ActivityManager: Slow operation: 66ms so far, now at startProcess: building log message
09-01 21:56:36.399  1513  1625 I ActivityManager: Start proc 23581:com.android.chrome:sandboxed_process0:org.chromium.content.app.SandboxedProcessService0:7/u0ai7 for  {com.android.chrome/org.chromium.content.app.SandboxedProcessService0:7}
09-01 21:56:36.399  1513  1625 W ActivityManager: Slow operation: 66ms so far, now at startProcess: starting to update pids map
09-01 21:56:36.400  1513  1625 W ActivityManager: Slow operation: 66ms so far, now at startProcess: done updating pids map
09-01 21:56:36.400  1513  1625 D CompatibilityChangeReporter: Compat change id reported: 143937733; UID 10220; state: ENABLED
09-01 21:56:36.406 23303 23303 I cr_tabmodel: #isIncognitoTabBeingRestored from tabDetails:  false
09-01 21:56:36.406 23303 23303 I cr_tabmodel: #isIncognitoTabBeingRestored from tabDetails:  false
09-01 21:56:36.406 23303 23303 W cr_tabmodel: Failed to restore TabState; creating Tab with last known URL.
09-01 21:56:36.408 23526 23526 I cr_ChildProcessService: Creating new ChildProcessService pid=23526
09-01 21:56:36.418 23581 23581 E libc    : SetHeapTaggingLevel: re-enabling tagging after it was disabled is not supported
09-01 21:56:36.419 23551 23551 I LoadedApk: No resource references to update in package com.google.android.trichromelibrary
09-01 21:56:36.420 23551 23551 D NetworkSecurityConfig: Using Network Security Config from resource 0_resource_name_obfuscated debugBuild: false
09-01 21:56:36.421 23551 23551 D NetworkSecurityConfig: Using Network Security Config from resource 0_resource_name_obfuscated debugBuild: false
09-01 21:56:36.423 23551 23551 I cr_SplitCompatApp: Launched version=107.0.5304.91 minSdkVersion=29 isBundle=true processName=com.android.chrome:sandboxed_process0:org.chromium.content.app.SandboxedProcessService0:6 isIsolated=true
09-01 21:56:36.428 23303 23303 E cr_IntentUtils: getBooleanExtra failed on intent null
09-01 21:56:36.428 23303 23303 E cr_IntentUtils: getBooleanExtra failed on intent null
09-01 21:56:36.432 23581 23581 E ocessService0:: Not starting debugger since process cannot load the jdwp agent.
09-01 21:56:36.433 23526 23558 I cr_LibraryLoader: Using ModernLinker
09-01 21:56:36.438 23526 23558 W linker  : Warning: "/data/app/~~_KLlx60MH8CoecPTjMKp8g==/com.android.chrome-kw9RHYrlHKb9bPXi8OTClw==/base.apk!/lib/arm64-v8a/libchromium_android_linker.so" unused DT entry: unknown processor-specific (type 0x70000001 arg 0x0) (ignoring)
09-01 21:56:36.439 23551 23551 W SystemServiceRegistry: No service published for: uimode
09-01 21:56:36.440 23526 23558 E cr_ChromiumAndroidLinker: ReserveAddressWithHint: Address range starting at 0x7a37625000 was not free to use
09-01 21:56:36.445 23551 23551 I cr_ChildProcessService: Creating new ChildProcessService pid=23551
09-01 21:56:36.452 23303 23303 I cr_tabmodel: #isIncognitoTabBeingRestored from tabDetails:  false
09-01 21:56:36.452 23303 23303 I cr_tabmodel: #isIncognitoTabBeingRestored from tabDetails:  false
09-01 21:56:36.452 23303 23303 W cr_tabmodel: Failed to restore TabState; creating Tab with last known URL.
09-01 21:56:36.455 23526 23603 I cr_LibraryLoader: Successfully loaded native library
09-01 21:56:36.456 23526 23603 I cr_CachingUmaRecorder: Flushed 3 samples from 3 histograms.
09-01 21:56:36.457 23551 23579 I cr_LibraryLoader: Using ModernLinker
09-01 21:56:36.465 23551 23579 W linker  : Warning: "/data/app/~~_KLlx60MH8CoecPTjMKp8g==/com.android.chrome-kw9RHYrlHKb9bPXi8OTClw==/base.apk!/lib/arm64-v8a/libchromium_android_linker.so" unused DT entry: unknown processor-specific (type 0x70000001 arg 0x0) (ignoring)
09-01 21:56:36.466 23356 23356 D Zygote  : Forked child process 23624
09-01 21:56:36.467 23551 23579 E cr_ChromiumAndroidLinker: ReserveAddressWithHint: Address range starting at 0x7a37625000 was not free to use
09-01 21:56:36.467 23303 23303 E cr_IntentUtils: getBooleanExtra failed on intent null
09-01 21:56:36.467 23303 23303 E cr_IntentUtils: getBooleanExtra failed on intent null
09-01 21:56:36.471 23551 23622 I cr_LibraryLoader: Successfully loaded native library
09-01 21:56:36.472 23551 23622 I cr_CachingUmaRecorder: Flushed 3 samples from 3 histograms.
09-01 21:56:36.474 23303 23303 I cr_tabmodel: #isIncognitoTabBeingRestored from tabDetails:  false
09-01 21:56:36.474 23303 23303 I cr_tabmodel: #isIncognitoTabBeingRestored from tabDetails:  false
09-01 21:56:36.474 23303 23303 W cr_tabmodel: Failed to restore TabState; creating Tab with last known URL.
09-01 21:56:36.482 23624 23624 E libc    : SetHeapTaggingLevel: re-enabling tagging after it was disabled is not supported
09-01 21:56:36.495  1513  1625 W ActivityManager: Slow operation: 138ms so far, now at startProcess: returned from zygote!
09-01 21:56:36.495  1513  1625 W ActivityManager: Slow operation: 139ms so far, now at startProcess: done updating battery stats
09-01 21:56:36.495  1513  1625 W ActivityManager: Slow operation: 139ms so far, now at startProcess: building log message
09-01 21:56:36.495  1513  1625 I ActivityManager: Start proc 23624:com.android.chrome:sandboxed_process0:org.chromium.content.app.SandboxedProcessService0:8/u0ai8 for  {com.android.chrome/org.chromium.content.app.SandboxedProcessService0:8}
09-01 21:56:36.495  1513  1625 W ActivityManager: Slow operation: 139ms so far, now at startProcess: starting to update pids map
09-01 21:56:36.495  1513  1625 W ActivityManager: Slow operation: 139ms so far, now at startProcess: done updating pids map
09-01 21:56:36.495  1513  1625 W ActivityManager: Slow operation: 99ms so far, now at startProcess: asking zygote to start proc
09-01 21:56:36.497 23303 23303 E cr_IntentUtils: getBooleanExtra failed on intent null
09-01 21:56:36.497 23303 23303 E cr_IntentUtils: getBooleanExtra failed on intent null
09-01 21:56:36.501 23624 23624 E ocessService0:: Not starting debugger since process cannot load the jdwp agent.
09-01 21:56:36.510 23303 23303 I cr_tabmodel: #isIncognitoTabBeingRestored from tabDetails:  false
09-01 21:56:36.510 23303 23303 I cr_tabmodel: #isIncognitoTabBeingRestored from tabDetails:  false
09-01 21:56:36.510 23303 23303 W cr_tabmodel: Failed to restore TabState; creating Tab with last known URL.
09-01 21:56:36.510  1513  3227 D CompatibilityChangeReporter: Compat change id reported: 136274596; UID 10220; state: ENABLED
09-01 21:56:36.516 23356 23356 D Zygote  : Forked child process 23665
09-01 21:56:36.521  1513  1625 W ActivityManager: Slow operation: 124ms so far, now at startProcess: returned from zygote!
09-01 21:56:36.521  1513  1625 W ActivityManager: Slow operation: 124ms so far, now at startProcess: done updating battery stats
09-01 21:56:36.521  1513  1625 W ActivityManager: Slow operation: 125ms so far, now at startProcess: building log message
09-01 21:56:36.521  1513  1625 I ActivityManager: Start proc 23665:com.android.chrome:sandboxed_process0:org.chromium.content.app.SandboxedProcessService0:9/u0ai9 for  {com.android.chrome/org.chromium.content.app.SandboxedProcessService0:9}
09-01 21:56:36.521  1513  1625 W ActivityManager: Slow operation: 125ms so far, now at startProcess: starting to update pids map
09-01 21:56:36.521  1513  1625 W ActivityManager: Slow operation: 125ms so far, now at startProcess: done updating pids map
09-01 21:56:36.521  1513  1625 W ActivityManager: Slow operation: 95ms so far, now at startProcess: asking zygote to start proc
09-01 21:56:36.521  1513  1625 D CompatibilityChangeReporter: Compat change id reported: 143937733; UID 10220; state: ENABLED
09-01 21:56:36.525  1513  3227 D CompatibilityChangeReporter: Compat change id reported: 136274596; UID 10220; state: ENABLED
09-01 21:56:36.528 23665 23665 E libc    : SetHeapTaggingLevel: re-enabling tagging after it was disabled is not supported
09-01 21:56:36.530 23303 23303 E cr_IntentUtils: getBooleanExtra failed on intent null
09-01 21:56:36.530 23303 23303 E cr_IntentUtils: getBooleanExtra failed on intent null
09-01 21:56:36.532  1513  3221 D CompatibilityChangeReporter: Compat change id reported: 135634846; UID 10220; state: DISABLED
09-01 21:56:36.533  1513  3221 D CompatibilityChangeReporter: Compat change id reported: 135754954; UID 10220; state: ENABLED
09-01 21:56:36.535 23303 23303 I cr_tabmodel: #isIncognitoTabBeingRestored from tabDetails:  false
09-01 21:56:36.535 23303 23303 I cr_tabmodel: #isIncognitoTabBeingRestored from tabDetails:  false
09-01 21:56:36.535 23303 23303 W cr_tabmodel: Failed to restore TabState; creating Tab with last known URL.
09-01 21:56:36.550 23303 23303 E cr_IntentUtils: getBooleanExtra failed on intent null
09-01 21:56:36.550 23303 23303 E cr_IntentUtils: getBooleanExtra failed on intent null
09-01 21:56:36.554 23665 23665 E ocessService0:: Not starting debugger since process cannot load the jdwp agent.
09-01 21:56:36.559 23303 23303 I cr_tabmodel: #isIncognitoTabBeingRestored from tabDetails:  false
09-01 21:56:36.559 23303 23303 I cr_tabmodel: #isIncognitoTabBeingRestored from tabDetails:  false
09-01 21:56:36.559 23303 23303 W cr_tabmodel: Failed to restore TabState; creating Tab with last known URL.
09-01 21:56:36.562 23581 23581 I LoadedApk: No resource references to update in package com.google.android.trichromelibrary
09-01 21:56:36.563 23581 23581 D NetworkSecurityConfig: Using Network Security Config from resource 0_resource_name_obfuscated debugBuild: false
09-01 21:56:36.564 23581 23581 D NetworkSecurityConfig: Using Network Security Config from resource 0_resource_name_obfuscated debugBuild: false
09-01 21:56:36.565 23581 23581 I cr_SplitCompatApp: Launched version=107.0.5304.91 minSdkVersion=29 isBundle=true processName=com.android.chrome:sandboxed_process0:org.chromium.content.app.SandboxedProcessService0:7 isIsolated=true
09-01 21:56:36.571 23303 23303 E cr_IntentUtils: getBooleanExtra failed on intent null
09-01 21:56:36.572 23303 23303 E cr_IntentUtils: getBooleanExtra failed on intent null
09-01 21:56:36.578 23303 23303 I cr_tabmodel: #isIncognitoTabBeingRestored from tabDetails:  false
09-01 21:56:36.578 23303 23303 I cr_tabmodel: #isIncognitoTabBeingRestored from tabDetails:  false
09-01 21:56:36.578 23303 23303 W cr_tabmodel: Failed to restore TabState; creating Tab with last known URL.
09-01 21:56:36.581 23356 23356 D Zygote  : Forked child process 23689
09-01 21:56:36.583  1513  1625 W ActivityManager: Slow operation: 156ms so far, now at startProcess: returned from zygote!
09-01 21:56:36.584  1513  3161 D CompatibilityChangeReporter: Compat change id reported: 136274596; UID 10220; state: ENABLED
09-01 21:56:36.586  1513  1625 W ActivityManager: Slow operation: 159ms so far, now at startProcess: done updating battery stats
09-01 21:56:36.586  1513  1625 W ActivityManager: Slow operation: 159ms so far, now at startProcess: building log message
09-01 21:56:36.586  1513  1625 I ActivityManager: Start proc 23689:com.android.chrome:sandboxed_process0:org.chromium.content.app.SandboxedProcessService0:10/u0ai10 for  {com.android.chrome/org.chromium.content.app.SandboxedProcessService0:10}
09-01 21:56:36.586  1513  1625 W ActivityManager: Slow operation: 160ms so far, now at startProcess: starting to update pids map
09-01 21:56:36.586  1513  1625 W ActivityManager: Slow operation: 160ms so far, now at startProcess: done updating pids map
09-01 21:56:36.586  1513  1625 W ActivityManager: Slow operation: 123ms so far, now at startProcess: asking zygote to start proc
09-01 21:56:36.586  1513  1625 D CompatibilityChangeReporter: Compat change id reported: 143937733; UID 10220; state: ENABLED
09-01 21:56:36.587 23624 23624 I LoadedApk: No resource references to update in package com.google.android.trichromelibrary
09-01 21:56:36.587 23624 23624 D NetworkSecurityConfig: Using Network Security Config from resource 0_resource_name_obfuscated debugBuild: false
09-01 21:56:36.588 23581 23581 W SystemServiceRegistry: No service published for: uimode
09-01 21:56:36.589 23624 23624 D NetworkSecurityConfig: Using Network Security Config from resource 0_resource_name_obfuscated debugBuild: false
09-01 21:56:36.591 23624 23624 I cr_SplitCompatApp: Launched version=107.0.5304.91 minSdkVersion=29 isBundle=true processName=com.android.chrome:sandboxed_process0:org.chromium.content.app.SandboxedProcessService0:8 isIsolated=true
09-01 21:56:36.592 23303 23303 E cr_IntentUtils: getBooleanExtra failed on intent null
09-01 21:56:36.592 23303 23303 E cr_IntentUtils: getBooleanExtra failed on intent null
09-01 21:56:36.595  1513  3227 D CompatibilityChangeReporter: Compat change id reported: 135634846; UID 10220; state: DISABLED
09-01 21:56:36.595  1513  3227 D CompatibilityChangeReporter: Compat change id reported: 135754954; UID 10220; state: ENABLED
09-01 21:56:36.601 23303 23303 I cr_tabmodel: #isIncognitoTabBeingRestored from tabDetails:  false
09-01 21:56:36.601 23303 23303 I cr_tabmodel: #isIncognitoTabBeingRestored from tabDetails:  false
09-01 21:56:36.601 23303 23303 W cr_tabmodel: Failed to restore TabState; creating Tab with last known URL.
09-01 21:56:36.603 23689 23689 E libc    : SetHeapTaggingLevel: re-enabling tagging after it was disabled is not supported
09-01 21:56:36.607 23581 23581 I cr_ChildProcessService: Creating new ChildProcessService pid=23581
09-01 21:56:36.608 23689 23689 E cessService0:1: Not starting debugger since process cannot load the jdwp agent.
09-01 21:56:36.613 23624 23624 W SystemServiceRegistry: No service published for: uimode
09-01 21:56:36.620 23581 23663 I cr_LibraryLoader: Using ModernLinker
09-01 21:56:36.621 23303 23303 E cr_IntentUtils: getBooleanExtra failed on intent null
09-01 21:56:36.621 23303 23303 E cr_IntentUtils: getBooleanExtra failed on intent null
09-01 21:56:36.623 23624 23624 I cr_ChildProcessService: Creating new ChildProcessService pid=23624
09-01 21:56:36.628 23303 23303 I cr_tabmodel: #isIncognitoTabBeingRestored from tabDetails:  false
09-01 21:56:36.628 23303 23303 I cr_tabmodel: #isIncognitoTabBeingRestored from tabDetails:  false
09-01 21:56:36.628 23303 23303 W cr_tabmodel: Failed to restore TabState; creating Tab with last known URL.
09-01 21:56:36.631 23581 23663 W linker  : Warning: "/data/app/~~_KLlx60MH8CoecPTjMKp8g==/com.android.chrome-kw9RHYrlHKb9bPXi8OTClw==/base.apk!/lib/arm64-v8a/libchromium_android_linker.so" unused DT entry: unknown processor-specific (type 0x70000001 arg 0x0) (ignoring)
09-01 21:56:36.631  1513  3161 D CompatibilityChangeReporter: Compat change id reported: 136274596; UID 10220; state: ENABLED
09-01 21:56:36.632 23581 23663 E cr_ChromiumAndroidLinker: ReserveAddressWithHint: Address range starting at 0x7a37625000 was not free to use
09-01 21:56:36.638 23665 23665 I LoadedApk: No resource references to update in package com.google.android.trichromelibrary
09-01 21:56:36.639 23665 23665 D NetworkSecurityConfig: Using Network Security Config from resource 0_resource_name_obfuscated debugBuild: false
09-01 21:56:36.640 23665 23665 D NetworkSecurityConfig: Using Network Security Config from resource 0_resource_name_obfuscated debugBuild: false
09-01 21:56:36.641 23303 23303 E cr_IntentUtils: getBooleanExtra failed on intent null
09-01 21:56:36.641 23303 23303 E cr_IntentUtils: getBooleanExtra failed on intent null
09-01 21:56:36.642 23665 23665 I cr_SplitCompatApp: Launched version=107.0.5304.91 minSdkVersion=29 isBundle=true processName=com.android.chrome:sandboxed_process0:org.chromium.content.app.SandboxedProcessService0:9 isIsolated=true
09-01 21:56:36.648 23303 23303 I cr_tabmodel: #isIncognitoTabBeingRestored from tabDetails:  false
09-01 21:56:36.648 23303 23303 I cr_tabmodel: #isIncognitoTabBeingRestored from tabDetails:  false
09-01 21:56:36.648 23303 23303 W cr_tabmodel: Failed to restore TabState; creating Tab with last known URL.
09-01 21:56:36.656 23356 23356 D Zygote  : Forked child process 23713
09-01 21:56:36.657 23581 23702 I cr_LibraryLoader: Successfully loaded native library
09-01 21:56:36.658  1513  1625 W ActivityManager: Slow operation: 195ms so far, now at startProcess: returned from zygote!
09-01 21:56:36.660 23581 23702 I cr_CachingUmaRecorder: Flushed 3 samples from 3 histograms.
09-01 21:56:36.662  1513  3161 D CompatibilityChangeReporter: Compat change id reported: 135634846; UID 10220; state: DISABLED
09-01 21:56:36.663  1513  3161 D CompatibilityChangeReporter: Compat change id reported: 135754954; UID 10220; state: ENABLED
09-01 21:56:36.663 23303 23303 E cr_IntentUtils: getBooleanExtra failed on intent null
09-01 21:56:36.663 23303 23303 E cr_IntentUtils: getBooleanExtra failed on intent null
09-01 21:56:36.665  1513  1625 W ActivityManager: Slow operation: 202ms so far, now at startProcess: done updating battery stats
09-01 21:56:36.665  1513  1625 W ActivityManager: Slow operation: 202ms so far, now at startProcess: building log message
09-01 21:56:36.665  1513  1625 I ActivityManager: Start proc 23713:com.android.chrome:sandboxed_process0:org.chromium.content.app.SandboxedProcessService0:11/u0ai11 for  {com.android.chrome/org.chromium.content.app.SandboxedProcessService0:11}
09-01 21:56:36.665  1513  1625 W ActivityManager: Slow operation: 202ms so far, now at startProcess: starting to update pids map
09-01 21:56:36.665  1513  1625 W ActivityManager: Slow operation: 202ms so far, now at startProcess: done updating pids map
09-01 21:56:36.666  1513  1625 W ActivityManager: Slow operation: 176ms so far, now at startProcess: asking zygote to start proc
09-01 21:56:36.666  1513  1625 D CompatibilityChangeReporter: Compat change id reported: 143937733; UID 10220; state: ENABLED
09-01 21:56:36.668 23303 23303 I cr_tabmodel: #isIncognitoTabBeingRestored from tabDetails:  false
09-01 21:56:36.668 23303 23303 I cr_tabmodel: #isIncognitoTabBeingRestored from tabDetails:  false
09-01 21:56:36.669 23713 23713 E libc    : SetHeapTaggingLevel: re-enabling tagging after it was disabled is not supported
09-01 21:56:36.671 23303 23303 W cr_tabmodel: Failed to restore TabState; creating Tab with last known URL.
09-01 21:56:36.675 23624 23682 I cr_LibraryLoader: Using ModernLinker
09-01 21:56:36.678 23624 23682 W linker  : Warning: "/data/app/~~_KLlx60MH8CoecPTjMKp8g==/com.android.chrome-kw9RHYrlHKb9bPXi8OTClw==/base.apk!/lib/arm64-v8a/libchromium_android_linker.so" unused DT entry: unknown processor-specific (type 0x70000001 arg 0x0) (ignoring)
09-01 21:56:36.680 23665 23665 W SystemServiceRegistry: No service published for: uimode
09-01 21:56:36.682 23713 23713 E cessService0:1: Not starting debugger since process cannot load the jdwp agent.
09-01 21:56:36.684 23303 23303 E cr_IntentUtils: getBooleanExtra failed on intent null
09-01 21:56:36.684 23303 23303 E cr_IntentUtils: getBooleanExtra failed on intent null
09-01 21:56:36.689 23665 23665 I cr_ChildProcessService: Creating new ChildProcessService pid=23665
09-01 21:56:36.691 23303 23303 I cr_tabmodel: #isIncognitoTabBeingRestored from tabDetails:  false
09-01 21:56:36.691 23303 23303 I cr_tabmodel: #isIncognitoTabBeingRestored from tabDetails:  false
09-01 21:56:36.691 23303 23303 W cr_tabmodel: Failed to restore TabState; creating Tab with last known URL.
09-01 21:56:36.694 23356 23356 D Zygote  : Forked child process 23730
09-01 21:56:36.695 23624 23711 I cr_LibraryLoader: Successfully loaded native library
09-01 21:56:36.695  1513  1625 W ActivityManager: Slow operation: 206ms so far, now at startProcess: returned from zygote!
09-01 21:56:36.696  1513  1625 W ActivityManager: Slow operation: 206ms so far, now at startProcess: done updating battery stats
09-01 21:56:36.696  1513  1625 W ActivityManager: Slow operation: 206ms so far, now at startProcess: building log message
09-01 21:56:36.696  1513  1625 I ActivityManager: Start proc 23730:com.android.chrome:sandboxed_process0:org.chromium.content.app.SandboxedProcessService0:12/u0ai12 for  {com.android.chrome/org.chromium.content.app.SandboxedProcessService0:12}
09-01 21:56:36.696  1513  1625 W ActivityManager: Slow operation: 207ms so far, now at startProcess: starting to update pids map
09-01 21:56:36.696 23624 23711 I cr_CachingUmaRecorder: Flushed 3 samples from 3 histograms.
09-01 21:56:36.697  1513  1625 W ActivityManager: Slow operation: 207ms so far, now at startProcess: done updating pids map
09-01 21:56:36.697  1513  1625 W ActivityManager: Slow operation: 164ms so far, now at startProcess: asking zygote to start proc
09-01 21:56:36.697 23665 23696 I cr_LibraryLoader: Using ModernLinker
09-01 21:56:36.698 23689 23689 I LoadedApk: No resource references to update in package com.google.android.trichromelibrary
09-01 21:56:36.699 23689 23689 D NetworkSecurityConfig: Using Network Security Config from resource 0_resource_name_obfuscated debugBuild: false
09-01 21:56:36.699 23665 23696 W linker  : Warning: "/data/app/~~_KLlx60MH8CoecPTjMKp8g==/com.android.chrome-kw9RHYrlHKb9bPXi8OTClw==/base.apk!/lib/arm64-v8a/libchromium_android_linker.so" unused DT entry: unknown processor-specific (type 0x70000001 arg 0x0) (ignoring)
09-01 21:56:36.700 23665 23696 E cr_ChromiumAndroidLinker: ReserveAddressWithHint: Address range starting at 0x7a37625000 was not free to use
09-01 21:56:36.700 23689 23689 D NetworkSecurityConfig: Using Network Security Config from resource 0_resource_name_obfuscated debugBuild: false
09-01 21:56:36.703 23730 23730 E libc    : SetHeapTaggingLevel: re-enabling tagging after it was disabled is not supported
09-01 21:56:36.705 23303 23303 E cr_IntentUtils: getBooleanExtra failed on intent null
09-01 21:56:36.705 23303 23303 E cr_IntentUtils: getBooleanExtra failed on intent null
09-01 21:56:36.709  1513  3161 D CompatibilityChangeReporter: Compat change id reported: 136274596; UID 10220; state: ENABLED
09-01 21:56:36.711 23303 23303 I cr_tabmodel: #isIncognitoTabBeingRestored from tabDetails:  false
09-01 21:56:36.711 23303 23303 I cr_tabmodel: #isIncognitoTabBeingRestored from tabDetails:  false
09-01 21:56:36.711 23303 23303 W cr_tabmodel: Failed to restore TabState; creating Tab with last known URL.
09-01 21:56:36.715 23356 23356 D Zygote  : Forked child process 23749
09-01 21:56:36.717  1513  1625 W ActivityManager: Slow operation: 184ms so far, now at startProcess: returned from zygote!
09-01 21:56:36.717  1513  1625 W ActivityManager: Slow operation: 185ms so far, now at startProcess: done updating battery stats
09-01 21:56:36.717  1513  1625 W ActivityManager: Slow operation: 185ms so far, now at startProcess: building log message
09-01 21:56:36.717  1513  1625 I ActivityManager: Start proc 23749:com.android.chrome:sandboxed_process0:org.chromium.content.app.SandboxedProcessService0:13/u0ai13 for  {com.android.chrome/org.chromium.content.app.SandboxedProcessService0:13}
09-01 21:56:36.717  1513  1625 W ActivityManager: Slow operation: 185ms so far, now at startProcess: starting to update pids map
09-01 21:56:36.717  1513  1625 W ActivityManager: Slow operation: 185ms so far, now at startProcess: done updating pids map
09-01 21:56:36.717  1513  1625 W ActivityManager: Slow operation: 165ms so far, now at startProcess: asking zygote to start proc
09-01 21:56:36.718  1513  1625 D CompatibilityChangeReporter: Compat change id reported: 143937733; UID 10220; state: ENABLED
09-01 21:56:36.721 23730 23730 E cessService0:1: Not starting debugger since process cannot load the jdwp agent.
09-01 21:56:36.721 23749 23749 E libc    : SetHeapTaggingLevel: re-enabling tagging after it was disabled is not supported
09-01 21:56:36.723  1513  3161 D CompatibilityChangeReporter: Compat change id reported: 135634846; UID 10220; state: DISABLED
09-01 21:56:36.723  1513  3161 D CompatibilityChangeReporter: Compat change id reported: 135754954; UID 10220; state: ENABLED
09-01 21:56:36.724 23689 23689 I cr_SplitCompatApp: Launched version=107.0.5304.91 minSdkVersion=29 isBundle=true processName=com.android.chrome:sandboxed_process0:org.chromium.content.app.SandboxedProcessService0:10 isIsolated=true
09-01 21:56:36.725 23303 23303 E cr_IntentUtils: getBooleanExtra failed on intent null
09-01 21:56:36.725 23303 23303 E cr_IntentUtils: getBooleanExtra failed on intent null
09-01 21:56:36.731 23749 23749 E cessService0:1: Not starting debugger since process cannot load the jdwp agent.
09-01 21:56:36.732 23303 23303 I cr_tabmodel: #isIncognitoTabBeingRestored from tabDetails:  false
09-01 21:56:36.732 23303 23303 I cr_tabmodel: #isIncognitoTabBeingRestored from tabDetails:  false
09-01 21:56:36.732 23303 23303 W cr_tabmodel: Failed to restore TabState; creating Tab with last known URL.
09-01 21:56:36.733 23665 23728 I cr_LibraryLoader: Successfully loaded native library
09-01 21:56:36.734 23665 23728 I cr_CachingUmaRecorder: Flushed 3 samples from 3 histograms.
09-01 21:56:36.744  1513  3227 D CompatibilityChangeReporter: Compat change id reported: 136274596; UID 10220; state: ENABLED
09-01 21:56:36.746  1513  3161 D CompatibilityChangeReporter: Compat change id reported: 135634846; UID 10220; state: DISABLED
09-01 21:56:36.746  1513  3161 D CompatibilityChangeReporter: Compat change id reported: 135754954; UID 10220; state: ENABLED
09-01 21:56:36.750 23303 23303 E cr_IntentUtils: getBooleanExtra failed on intent null
09-01 21:56:36.750 23303 23303 E cr_IntentUtils: getBooleanExtra failed on intent null
09-01 21:56:36.756 23303 23303 I cr_tabmodel: #isIncognitoTabBeingRestored from tabDetails:  false
09-01 21:56:36.756 23303 23303 I cr_tabmodel: #isIncognitoTabBeingRestored from tabDetails:  false
09-01 21:56:36.756 23303 23303 W cr_tabmodel: Failed to restore TabState; creating Tab with last known URL.
09-01 21:56:36.764 23356 23356 D Zygote  : Forked child process 23783
09-01 21:56:36.766  1513  1625 W ActivityManager: Slow operation: 213ms so far, now at startProcess: returned from zygote!
09-01 21:56:36.766  1513  3227 D CompatibilityChangeReporter: Compat change id reported: 136274596; UID 10220; state: ENABLED
09-01 21:56:36.768 23783 23783 E libc    : SetHeapTaggingLevel: re-enabling tagging after it was disabled is not supported
09-01 21:56:36.768  1513  2905 D CompatibilityChangeReporter: Compat change id reported: 135634846; UID 10220; state: DISABLED
09-01 21:56:36.768  1513  2905 D CompatibilityChangeReporter: Compat change id reported: 135754954; UID 10220; state: ENABLED
09-01 21:56:36.770  1513  1625 W ActivityManager: Slow operation: 217ms so far, now at startProcess: done updating battery stats
09-01 21:56:36.770  1513  1625 W ActivityManager: Slow operation: 217ms so far, now at startProcess: building log message
09-01 21:56:36.770  1513  1625 I ActivityManager: Start proc 23783:com.android.chrome:sandboxed_process0:org.chromium.content.app.SandboxedProcessService0:14/u0ai14 for  {com.android.chrome/org.chromium.content.app.SandboxedProcessService0:14}
09-01 21:56:36.770  1513  1625 W ActivityManager: Slow operation: 218ms so far, now at startProcess: starting to update pids map
09-01 21:56:36.770  1513  1625 W ActivityManager: Slow operation: 218ms so far, now at startProcess: done updating pids map
09-01 21:56:36.770  1513  1625 W ActivityManager: Slow operation: 200ms so far, now at startProcess: asking zygote to start proc
09-01 21:56:36.770  1513  1625 D CompatibilityChangeReporter: Compat change id reported: 143937733; UID 10220; state: ENABLED
09-01 21:56:36.772 23303 23303 E cr_IntentUtils: getBooleanExtra failed on intent null
09-01 21:56:36.772 23303 23303 E cr_IntentUtils: getBooleanExtra failed on intent null
09-01 21:56:36.778 23303 23303 I cr_tabmodel: #isIncognitoTabBeingRestored from tabDetails:  false
09-01 21:56:36.778 23303 23303 I cr_tabmodel: #isIncognitoTabBeingRestored from tabDetails:  false
09-01 21:56:36.778 23303 23303 W cr_tabmodel: Failed to restore TabState; creating Tab with last known URL.
09-01 21:56:36.779 23689 23689 W SystemServiceRegistry: No service published for: uimode
09-01 21:56:36.785 23783 23783 E cessService0:1: Not starting debugger since process cannot load the jdwp agent.
09-01 21:56:36.788 23689 23689 I cr_ChildProcessService: Creating new ChildProcessService pid=23689
09-01 21:56:36.794 23303 23303 E cr_IntentUtils: getBooleanExtra failed on intent null
09-01 21:56:36.794 23303 23303 E cr_IntentUtils: getBooleanExtra failed on intent null
09-01 21:56:36.799 23303 23303 I cr_tabmodel: #isIncognitoTabBeingRestored from tabDetails:  false
09-01 21:56:36.799 23303 23303 I cr_tabmodel: #isIncognitoTabBeingRestored from tabDetails:  false
09-01 21:56:36.799 23303 23303 W cr_tabmodel: Failed to restore TabState; creating Tab with last known URL.
09-01 21:56:36.799 23356 23356 D Zygote  : Forked child process 23808
09-01 21:56:36.799 23713 23713 I LoadedApk: No resource references to update in package com.google.android.trichromelibrary
09-01 21:56:36.800 23713 23713 D NetworkSecurityConfig: Using Network Security Config from resource 0_resource_name_obfuscated debugBuild: false
09-01 21:56:36.801  1513  1625 W ActivityManager: Slow operation: 231ms so far, now at startProcess: returned from zygote!
09-01 21:56:36.801  1513  1625 W ActivityManager: Slow operation: 231ms so far, now at startProcess: done updating battery stats
09-01 21:56:36.801 23713 23713 D NetworkSecurityConfig: Using Network Security Config from resource 0_resource_name_obfuscated debugBuild: false
09-01 21:56:36.801  1513  1625 W ActivityManager: Slow operation: 231ms so far, now at startProcess: building log message
09-01 21:56:36.801  1513  1625 I ActivityManager: Start proc 23808:com.android.chrome:sandboxed_process0:org.chromium.content.app.SandboxedProcessService0:15/u0ai15 for  {com.android.chrome/org.chromium.content.app.SandboxedProcessService0:15}
09-01 21:56:36.801  1513  1625 W ActivityManager: Slow operation: 231ms so far, now at startProcess: starting to update pids map
09-01 21:56:36.802  1513  1625 W ActivityManager: Slow operation: 231ms so far, now at startProcess: done updating pids map
09-01 21:56:36.802  1513  1625 W ActivityManager: Slow operation: 207ms so far, now at startProcess: asking zygote to start proc
09-01 21:56:36.811 23808 23808 E libc    : SetHeapTaggingLevel: re-enabling tagging after it was disabled is not supported
09-01 21:56:36.811 23713 23713 I cr_SplitCompatApp: Launched version=107.0.5304.91 minSdkVersion=29 isBundle=true processName=com.android.chrome:sandboxed_process0:org.chromium.content.app.SandboxedProcessService0:11 isIsolated=true
09-01 21:56:36.811 23689 23712 I cr_LibraryLoader: Using ModernLinker
09-01 21:56:36.815 23689 23712 W linker  : Warning: "/data/app/~~_KLlx60MH8CoecPTjMKp8g==/com.android.chrome-kw9RHYrlHKb9bPXi8OTClw==/base.apk!/lib/arm64-v8a/libchromium_android_linker.so" unused DT entry: unknown processor-specific (type 0x70000001 arg 0x0) (ignoring)
09-01 21:56:36.817 23808 23808 E cessService0:1: Not starting debugger since process cannot load the jdwp agent.
09-01 21:56:36.819 23303 23303 E cr_IntentUtils: getBooleanExtra failed on intent null
09-01 21:56:36.819 23303 23303 E cr_IntentUtils: getBooleanExtra failed on intent null
09-01 21:56:36.822 23689 23807 I cr_LibraryLoader: Successfully loaded native library
09-01 21:56:36.822 23689 23807 I cr_CachingUmaRecorder: Flushed 3 samples from 3 histograms.
09-01 21:56:36.827 23713 23713 W SystemServiceRegistry: No service published for: uimode
09-01 21:56:36.832  1513  3161 D CompatibilityChangeReporter: Compat change id reported: 136274596; UID 10220; state: ENABLED
09-01 21:56:36.836 23356 23356 D Zygote  : Forked child process 23827
09-01 21:56:36.840 23827 23827 E libc    : SetHeapTaggingLevel: re-enabling tagging after it was disabled is not supported
09-01 21:56:36.844 23749 23749 I LoadedApk: No resource references to update in package com.google.android.trichromelibrary
09-01 21:56:36.846 23713 23713 I cr_ChildProcessService: Creating new ChildProcessService pid=23713
09-01 21:56:36.846 23303 23303 I cr_tabmodel: #isIncognitoTabBeingRestored from tabDetails:  false
09-01 21:56:36.846 23303 23303 I cr_tabmodel: #isIncognitoTabBeingRestored from tabDetails:  false
09-01 21:56:36.846 23303 23303 W cr_tabmodel: Failed to restore TabState; creating Tab with last known URL.
09-01 21:56:36.846 23827 23827 E cessService0:1: Not starting debugger since process cannot load the jdwp agent.
09-01 21:56:36.850 23730 23730 I LoadedApk: No resource references to update in package com.google.android.trichromelibrary
09-01 21:56:36.855  1513  3230 D CompatibilityChangeReporter: Compat change id reported: 136274596; UID 10220; state: ENABLED
09-01 21:56:36.857  1513  1625 W ActivityManager: Slow operation: 262ms so far, now at startProcess: returned from zygote!
09-01 21:56:36.857  1513  1625 W ActivityManager: Slow operation: 263ms so far, now at startProcess: done updating battery stats
09-01 21:56:36.857  1513  1625 W ActivityManager: Slow operation: 263ms so far, now at startProcess: building log message
09-01 21:56:36.857  1513  1625 I ActivityManager: Start proc 23827:com.android.chrome:sandboxed_process0:org.chromium.content.app.SandboxedProcessService0:16/u0ai16 for  {com.android.chrome/org.chromium.content.app.SandboxedProcessService0:16}
09-01 21:56:36.857  1513  1625 W ActivityManager: Slow operation: 263ms so far, now at startProcess: starting to update pids map
09-01 21:56:36.857  1513  1625 W ActivityManager: Slow operation: 263ms so far, now at startProcess: done updating pids map
09-01 21:56:36.857  1513  1625 W ActivityManager: Slow operation: 236ms so far, now at startProcess: asking zygote to start proc
09-01 21:56:36.857  1513  1625 D CompatibilityChangeReporter: Compat change id reported: 143937733; UID 10220; state: ENABLED
09-01 21:56:36.862 23749 23749 D NetworkSecurityConfig: Using Network Security Config from resource 0_resource_name_obfuscated debugBuild: false
09-01 21:56:36.863 23749 23749 D NetworkSecurityConfig: Using Network Security Config from resource 0_resource_name_obfuscated debugBuild: false
09-01 21:56:36.864  1513  3230 D CompatibilityChangeReporter: Compat change id reported: 136274596; UID 10220; state: ENABLED
09-01 21:56:36.865 23730 23730 D NetworkSecurityConfig: Using Network Security Config from resource 0_resource_name_obfuscated debugBuild: false
09-01 21:56:36.865 23749 23749 I cr_SplitCompatApp: Launched version=107.0.5304.91 minSdkVersion=29 isBundle=true processName=com.android.chrome:sandboxed_process0:org.chromium.content.app.SandboxedProcessService0:13 isIsolated=true
09-01 21:56:36.866 23730 23730 D NetworkSecurityConfig: Using Network Security Config from resource 0_resource_name_obfuscated debugBuild: false
09-01 21:56:36.866 23303 23303 E cr_IntentUtils: getBooleanExtra failed on intent null
09-01 21:56:36.866 23303 23303 E cr_IntentUtils: getBooleanExtra failed on intent null
09-01 21:56:36.867 23730 23730 I cr_SplitCompatApp: Launched version=107.0.5304.91 minSdkVersion=29 isBundle=true processName=com.android.chrome:sandboxed_process0:org.chromium.content.app.SandboxedProcessService0:12 isIsolated=true
09-01 21:56:36.876  1513  3227 D CompatibilityChangeReporter: Compat change id reported: 135634846; UID 10220; state: DISABLED
09-01 21:56:36.876  1513  3227 D CompatibilityChangeReporter: Compat change id reported: 135754954; UID 10220; state: ENABLED
09-01 21:56:36.881 23303 23303 I cr_tabmodel: #isIncognitoTabBeingRestored from tabDetails:  false
09-01 21:56:36.881 23303 23303 I cr_tabmodel: #isIncognitoTabBeingRestored from tabDetails:  false
09-01 21:56:36.881 23303 23303 W cr_tabmodel: Failed to restore TabState; creating Tab with last known URL.
09-01 21:56:36.888 23749 23749 W SystemServiceRegistry: No service published for: uimode
09-01 21:56:36.888 23713 23754 I cr_LibraryLoader: Using ModernLinker
09-01 21:56:36.889 23713 23754 W linker  : Warning: "/data/app/~~_KLlx60MH8CoecPTjMKp8g==/com.android.chrome-kw9RHYrlHKb9bPXi8OTClw==/base.apk!/lib/arm64-v8a/libchromium_android_linker.so" unused DT entry: unknown processor-specific (type 0x70000001 arg 0x0) (ignoring)
09-01 21:56:36.890 23713 23754 E cr_ChromiumAndroidLinker: ReserveAddressWithHint: Address range starting at 0x7a37625000 was not free to use
09-01 21:56:36.892 23730 23730 W SystemServiceRegistry: No service published for: uimode
09-01 21:56:36.894 23713 23836 I cr_LibraryLoader: Successfully loaded native library
09-01 21:56:36.895 23713 23836 I cr_CachingUmaRecorder: Flushed 3 samples from 3 histograms.
09-01 21:56:36.901 23730 23730 I cr_ChildProcessService: Creating new ChildProcessService pid=23730
09-01 21:56:36.906 23783 23783 I LoadedApk: No resource references to update in package com.google.android.trichromelibrary
09-01 21:56:36.907 23783 23783 D NetworkSecurityConfig: Using Network Security Config from resource 0_resource_name_obfuscated debugBuild: false
09-01 21:56:36.908 23783 23783 D NetworkSecurityConfig: Using Network Security Config from resource 0_resource_name_obfuscated debugBuild: false
09-01 21:56:36.909 23783 23783 I cr_SplitCompatApp: Launched version=107.0.5304.91 minSdkVersion=29 isBundle=true processName=com.android.chrome:sandboxed_process0:org.chromium.content.app.SandboxedProcessService0:14 isIsolated=true
09-01 21:56:36.911 23749 23749 I cr_ChildProcessService: Creating new ChildProcessService pid=23749
09-01 21:56:36.911 23303 23303 E cr_IntentUtils: getBooleanExtra failed on intent null
09-01 21:56:36.911 23303 23303 E cr_IntentUtils: getBooleanExtra failed on intent null
09-01 21:56:36.918 23730 23781 I cr_LibraryLoader: Using ModernLinker
09-01 21:56:36.920 23356 23356 D Zygote  : Forked child process 23862
09-01 21:56:36.921 23730 23781 W linker  : Warning: "/data/app/~~_KLlx60MH8CoecPTjMKp8g==/com.android.chrome-kw9RHYrlHKb9bPXi8OTClw==/base.apk!/lib/arm64-v8a/libchromium_android_linker.so" unused DT entry: unknown processor-specific (type 0x70000001 arg 0x0) (ignoring)
09-01 21:56:36.922 23303 23303 I cr_tabmodel: #isIncognitoTabBeingRestored from tabDetails:  false
09-01 21:56:36.922 23303 23303 I cr_tabmodel: #isIncognitoTabBeingRestored from tabDetails:  false
09-01 21:56:36.922 23303 23303 W cr_tabmodel: Failed to restore TabState; creating Tab with last known URL.
09-01 21:56:36.925  1513  1625 W ActivityManager: Slow operation: 303ms so far, now at startProcess: returned from zygote!
09-01 21:56:36.925  1513  1625 W ActivityManager: Slow operation: 304ms so far, now at startProcess: done updating battery stats
09-01 21:56:36.925  1513  1625 W ActivityManager: Slow operation: 304ms so far, now at startProcess: building log message
09-01 21:56:36.925  1513  1625 I ActivityManager: Start proc 23862:com.android.chrome:sandboxed_process0:org.chromium.content.app.SandboxedProcessService0:17/u0ai17 for  {com.android.chrome/org.chromium.content.app.SandboxedProcessService0:17}
