09-01 21:56:36.925  1513  1625 W ActivityManager: Slow operation: 304ms so far, now at startProcess: starting to update pids map
09-01 21:56:36.925  1513  1625 W ActivityManager: Slow operation: 304ms so far, now at startProcess: done updating pids map
09-01 21:56:36.925  1513  1625 W ActivityManager: Slow operation: 263ms so far, now at startProcess: asking zygote to start proc
09-01 21:56:36.925 23862 23862 E libc    : SetHeapTaggingLevel: re-enabling tagging after it was disabled is not supported
09-01 21:56:36.925  1513  1625 D CompatibilityChangeReporter: Compat change id reported: 143937733; UID 10220; state: ENABLED
09-01 21:56:36.928 23783 23783 W SystemServiceRegistry: No service published for: uimode
09-01 21:56:36.935 23783 23783 I cr_ChildProcessService: Creating new ChildProcessService pid=23783
09-01 21:56:36.938 23862 23862 E cessService0:1: Not starting debugger since process cannot load the jdwp agent.
09-01 21:56:36.941 23730 23858 I cr_LibraryLoader: Successfully loaded native library
09-01 21:56:36.941 23730 23858 I cr_CachingUmaRecorder: Flushed 3 samples from 3 histograms.
09-01 21:56:36.942 23749 23779 I cr_LibraryLoader: Using ModernLinker
09-01 21:56:36.944 23749 23779 W linker  : Warning: "/data/app/~~_KLlx60MH8CoecPTjMKp8g==/com.android.chrome-kw9RHYrlHKb9bPXi8OTClw==/base.apk!/lib/arm64-v8a/libchromium_android_linker.so" unused DT entry: unknown processor-specific (type 0x70000001 arg 0x0) (ignoring)
09-01 21:56:36.950 23303 23303 E cr_IntentUtils: getBooleanExtra failed on intent null
09-01 21:56:36.950 23303 23303 E cr_IntentUtils: getBooleanExtra failed on intent null
09-01 21:56:36.957 23808 23808 I LoadedApk: No resource references to update in package com.google.android.trichromelibrary
09-01 21:56:36.957 23808 23808 D NetworkSecurityConfig: Using Network Security Config from resource 0_resource_name_obfuscated debugBuild: false
09-01 21:56:36.959 23808 23808 D NetworkSecurityConfig: Using Network Security Config from resource 0_resource_name_obfuscated debugBuild: false
09-01 21:56:36.961 23303 23303 I cr_tabmodel: #isIncognitoTabBeingRestored from tabDetails:  false
09-01 21:56:36.961 23303 23303 I cr_tabmodel: #isIncognitoTabBeingRestored from tabDetails:  false
09-01 21:56:36.961 23303 23303 W cr_tabmodel: Failed to restore TabState; creating Tab with last known URL.
09-01 21:56:36.963 23808 23808 I cr_SplitCompatApp: Launched version=107.0.5304.91 minSdkVersion=29 isBundle=true processName=com.android.chrome:sandboxed_process0:org.chromium.content.app.SandboxedProcessService0:15 isIsolated=true
09-01 21:56:36.964  1513  3230 D CompatibilityChangeReporter: Compat change id reported: 136274596; UID 10220; state: ENABLED
09-01 21:56:36.969 23783 23820 I cr_LibraryLoader: Using ModernLinker
09-01 21:56:36.970 23783 23820 W linker  : Warning: "/data/app/~~_KLlx60MH8CoecPTjMKp8g==/com.android.chrome-kw9RHYrlHKb9bPXi8OTClw==/base.apk!/lib/arm64-v8a/libchromium_android_linker.so" unused DT entry: unknown processor-specific (type 0x70000001 arg 0x0) (ignoring)
09-01 21:56:36.977 23783 23874 I cr_LibraryLoader: Successfully loaded native library
09-01 21:56:36.979 23783 23874 I cr_CachingUmaRecorder: Flushed 3 samples from 3 histograms.
09-01 21:56:36.981 23808 23808 W SystemServiceRegistry: No service published for: uimode
09-01 21:56:36.984 23303 23303 E cr_IntentUtils: getBooleanExtra failed on intent null
09-01 21:56:36.984 23303 23303 E cr_IntentUtils: getBooleanExtra failed on intent null
09-01 21:56:36.986 23827 23827 I LoadedApk: No resource references to update in package com.google.android.trichromelibrary
09-01 21:56:36.987 23827 23827 D NetworkSecurityConfig: Using Network Security Config from resource 0_resource_name_obfuscated debugBuild: false
09-01 21:56:36.988 23827 23827 D NetworkSecurityConfig: Using Network Security Config from resource 0_resource_name_obfuscated debugBuild: false
09-01 21:56:36.988 23808 23808 I cr_ChildProcessService: Creating new ChildProcessService pid=23808
09-01 21:56:36.989 23827 23827 I cr_SplitCompatApp: Launched version=107.0.5304.91 minSdkVersion=29 isBundle=true processName=com.android.chrome:sandboxed_process0:org.chromium.content.app.SandboxedProcessService0:16 isIsolated=true
09-01 21:56:36.991 23303 23303 I cr_tabmodel: #isIncognitoTabBeingRestored from tabDetails:  false
09-01 21:56:36.991 23303 23303 I cr_tabmodel: #isIncognitoTabBeingRestored from tabDetails:  false
09-01 21:56:36.991 23303 23303 W cr_tabmodel: Failed to restore TabState; creating Tab with last known URL.
09-01 21:56:36.991 23749 23861 I cr_LibraryLoader: Successfully loaded native library
09-01 21:56:36.993 23749 23861 I cr_CachingUmaRecorder: Flushed 3 samples from 3 histograms.
09-01 21:56:37.000  1513  2905 D CompatibilityChangeReporter: Compat change id reported: 135634846; UID 10220; state: DISABLED
09-01 21:56:37.001  1513  2905 D CompatibilityChangeReporter: Compat change id reported: 135754954; UID 10220; state: ENABLED
09-01 21:56:37.001 23827 23827 W SystemServiceRegistry: No service published for: uimode
09-01 21:56:37.006 23303 23303 E cr_IntentUtils: getBooleanExtra failed on intent null
09-01 21:56:37.006 23303 23303 E cr_IntentUtils: getBooleanExtra failed on intent null
09-01 21:56:37.008 23356 23356 D Zygote  : Forked child process 23899
09-01 21:56:37.010  1513  1625 W ActivityManager: Slow operation: 348ms so far, now at startProcess: returned from zygote!
09-01 21:56:37.011  1513  1625 W ActivityManager: Slow operation: 348ms so far, now at startProcess: done updating battery stats
09-01 21:56:37.011  1513  1625 W ActivityManager: Slow operation: 348ms so far, now at startProcess: building log message
09-01 21:56:37.011  1513  1625 I ActivityManager: Start proc 23899:com.android.chrome:sandboxed_process0:org.chromium.content.app.SandboxedProcessService0:18/u0ai18 for  {com.android.chrome/org.chromium.content.app.SandboxedProcessService0:18}
09-01 21:56:37.011  1513  1625 W ActivityManager: Slow operation: 349ms so far, now at startProcess: starting to update pids map
09-01 21:56:37.011  1513  1625 W ActivityManager: Slow operation: 349ms so far, now at startProcess: done updating pids map
09-01 21:56:37.011  1513  1625 W ActivityManager: Slow operation: 341ms so far, now at startProcess: asking zygote to start proc
09-01 21:56:37.011  1513  1625 D CompatibilityChangeReporter: Compat change id reported: 143937733; UID 10220; state: ENABLED
09-01 21:56:37.012 23827 23827 I cr_ChildProcessService: Creating new ChildProcessService pid=23827
09-01 21:56:37.016 23808 23830 I cr_LibraryLoader: Using ModernLinker
09-01 21:56:37.017 23808 23830 W linker  : Warning: "/data/app/~~_KLlx60MH8CoecPTjMKp8g==/com.android.chrome-kw9RHYrlHKb9bPXi8OTClw==/base.apk!/lib/arm64-v8a/libchromium_android_linker.so" unused DT entry: unknown processor-specific (type 0x70000001 arg 0x0) (ignoring)
09-01 21:56:37.018 23303 23303 I cr_tabmodel: #isIncognitoTabBeingRestored from tabDetails:  false
09-01 21:56:37.018 23303 23303 I cr_tabmodel: #isIncognitoTabBeingRestored from tabDetails:  false
09-01 21:56:37.019 23303 23303 W cr_tabmodel: Failed to restore TabState; creating Tab with last known URL.
09-01 21:56:37.020 23808 23896 I cr_LibraryLoader: Successfully loaded native library
09-01 21:56:37.021 23808 23896 I cr_CachingUmaRecorder: Flushed 3 samples from 3 histograms.
09-01 21:56:37.023 23862 23862 I LoadedApk: No resource references to update in package com.google.android.trichromelibrary
09-01 21:56:37.024 23862 23862 D NetworkSecurityConfig: Using Network Security Config from resource 0_resource_name_obfuscated debugBuild: false
09-01 21:56:37.025 23827 23857 I cr_LibraryLoader: Using ModernLinker
09-01 21:56:37.025 23862 23862 D NetworkSecurityConfig: Using Network Security Config from resource 0_resource_name_obfuscated debugBuild: false
09-01 21:56:37.027 23862 23862 I cr_SplitCompatApp: Launched version=107.0.5304.91 minSdkVersion=29 isBundle=true processName=com.android.chrome:sandboxed_process0:org.chromium.content.app.SandboxedProcessService0:17 isIsolated=true
09-01 21:56:37.030 23827 23857 W linker  : Warning: "/data/app/~~_KLlx60MH8CoecPTjMKp8g==/com.android.chrome-kw9RHYrlHKb9bPXi8OTClw==/base.apk!/lib/arm64-v8a/libchromium_android_linker.so" unused DT entry: unknown processor-specific (type 0x70000001 arg 0x0) (ignoring)
09-01 21:56:37.031 23899 23899 E libc    : SetHeapTaggingLevel: re-enabling tagging after it was disabled is not supported
09-01 21:56:37.040 23862 23862 W SystemServiceRegistry: No service published for: uimode
09-01 21:56:37.041 23827 23910 I cr_LibraryLoader: Successfully loaded native library
09-01 21:56:37.042 23827 23910 I cr_CachingUmaRecorder: Flushed 3 samples from 3 histograms.
09-01 21:56:37.043 23303 23303 E cr_IntentUtils: getBooleanExtra failed on intent null
09-01 21:56:37.043 23303 23303 E cr_IntentUtils: getBooleanExtra failed on intent null
09-01 21:56:37.052 23862 23862 I cr_ChildProcessService: Creating new ChildProcessService pid=23862
09-01 21:56:37.053 23303 23303 I cr_tabmodel: #isIncognitoTabBeingRestored from tabDetails:  false
09-01 21:56:37.053 23303 23303 I cr_tabmodel: #isIncognitoTabBeingRestored from tabDetails:  false
09-01 21:56:37.053 23303 23303 W cr_tabmodel: Failed to restore TabState; creating Tab with last known URL.
09-01 21:56:37.070 23303 23303 E cr_IntentUtils: getBooleanExtra failed on intent null
09-01 21:56:37.071 23303 23303 E cr_IntentUtils: getBooleanExtra failed on intent null
09-01 21:56:37.073 23356 23356 D Zygote  : Forked child process 23938
09-01 21:56:37.074  1513  1625 W ActivityManager: Slow operation: 404ms so far, now at startProcess: returned from zygote!
09-01 21:56:37.074  1513  1625 W ActivityManager: Slow operation: 404ms so far, now at startProcess: done updating battery stats
09-01 21:56:37.075  1513  1625 W ActivityManager: Slow operation: 404ms so far, now at startProcess: building log message
09-01 21:56:37.075  1513  1625 I ActivityManager: Start proc 23938:com.android.chrome:sandboxed_process0:org.chromium.content.app.SandboxedProcessService0:19/u0ai19 for  {com.android.chrome/org.chromium.content.app.SandboxedProcessService0:19}
09-01 21:56:37.075  1513  1625 W ActivityManager: Slow operation: 404ms so far, now at startProcess: starting to update pids map
09-01 21:56:37.075 23938 23938 E libc    : SetHeapTaggingLevel: re-enabling tagging after it was disabled is not supported
09-01 21:56:37.075  1513  1625 W ActivityManager: Slow operation: 405ms so far, now at startProcess: done updating pids map
09-01 21:56:37.075  1513  1625 W ActivityManager: Slow operation: 394ms so far, now at startProcess: asking zygote to start proc
09-01 21:56:37.081 23303 23303 I cr_tabmodel: #isIncognitoTabBeingRestored from tabDetails:  false
09-01 21:56:37.081 23303 23303 I cr_tabmodel: #isIncognitoTabBeingRestored from tabDetails:  false
09-01 21:56:37.082 23303 23303 W cr_tabmodel: Failed to restore TabState; creating Tab with last known URL.
09-01 21:56:37.082 23899 23899 E cessService0:1: Not starting debugger since process cannot load the jdwp agent.
09-01 21:56:37.083 23862 23890 I cr_LibraryLoader: Using ModernLinker
09-01 21:56:37.086 23862 23890 W linker  : Warning: "/data/app/~~_KLlx60MH8CoecPTjMKp8g==/com.android.chrome-kw9RHYrlHKb9bPXi8OTClw==/base.apk!/lib/arm64-v8a/libchromium_android_linker.so" unused DT entry: unknown processor-specific (type 0x70000001 arg 0x0) (ignoring)
09-01 21:56:37.087 23862 23890 E cr_ChromiumAndroidLinker: ReserveAddressWithHint: Address range starting at 0x7a37625000 was not free to use
09-01 21:56:37.091 23862 23930 I cr_LibraryLoader: Successfully loaded native library
09-01 21:56:37.091 23862 23930 I cr_CachingUmaRecorder: Flushed 3 samples from 3 histograms.
09-01 21:56:37.094 23938 23938 E cessService0:1: Not starting debugger since process cannot load the jdwp agent.
09-01 21:56:37.107  1513  2905 D CompatibilityChangeReporter: Compat change id reported: 136274596; UID 10220; state: ENABLED
09-01 21:56:37.108 23303 23303 E cr_IntentUtils: getBooleanExtra failed on intent null
09-01 21:56:37.108 23303 23303 E cr_IntentUtils: getBooleanExtra failed on intent null
09-01 21:56:37.119 23303 23303 I cr_tabmodel: #isIncognitoTabBeingRestored from tabDetails:  false
09-01 21:56:37.119 23303 23303 I cr_tabmodel: #isIncognitoTabBeingRestored from tabDetails:  false
09-01 21:56:37.119 23303 23303 W cr_tabmodel: Failed to restore TabState; creating Tab with last known URL.
09-01 21:56:37.131  1513  3230 D CompatibilityChangeReporter: Compat change id reported: 136274596; UID 10220; state: ENABLED
09-01 21:56:37.133  1513  2905 D CompatibilityChangeReporter: Compat change id reported: 135634846; UID 10220; state: DISABLED
09-01 21:56:37.133  1513  2905 D CompatibilityChangeReporter: Compat change id reported: 135754954; UID 10220; state: ENABLED
09-01 21:56:37.136 23303 23303 E cr_IntentUtils: getBooleanExtra failed on intent null
09-01 21:56:37.136 23303 23303 E cr_IntentUtils: getBooleanExtra failed on intent null
09-01 21:56:37.142 23303 23303 I cr_tabmodel: #isIncognitoTabBeingRestored from tabDetails:  false
09-01 21:56:37.142 23303 23303 I cr_tabmodel: #isIncognitoTabBeingRestored from tabDetails:  false
09-01 21:56:37.142 23303 23303 W cr_tabmodel: Failed to restore TabState; creating Tab with last known URL.
09-01 21:56:37.146 23356 23356 D Zygote  : Forked child process 23986
09-01 21:56:37.153 23986 23986 E libc    : SetHeapTaggingLevel: re-enabling tagging after it was disabled is not supported
09-01 21:56:37.157 23303 23303 E cr_IntentUtils: getBooleanExtra failed on intent null
09-01 21:56:37.157  1513  1625 W ActivityManager: Slow operation: 476ms so far, now at startProcess: returned from zygote!
09-01 21:56:37.157 23303 23303 E cr_IntentUtils: getBooleanExtra failed on intent null
09-01 21:56:37.158 23986 23986 E cessService0:2: Not starting debugger since process cannot load the jdwp agent.
09-01 21:56:37.160  1513  1625 W ActivityManager: Slow operation: 478ms so far, now at startProcess: done updating battery stats
09-01 21:56:37.160  1513  1625 W ActivityManager: Slow operation: 478ms so far, now at startProcess: building log message
09-01 21:56:37.160  1513  1625 I ActivityManager: Start proc 23986:com.android.chrome:sandboxed_process0:org.chromium.content.app.SandboxedProcessService0:20/u0ai20 for  {com.android.chrome/org.chromium.content.app.SandboxedProcessService0:20}
09-01 21:56:37.160  1513  1625 W ActivityManager: Slow operation: 478ms so far, now at startProcess: starting to update pids map
09-01 21:56:37.160  1513  1625 W ActivityManager: Slow operation: 479ms so far, now at startProcess: done updating pids map
09-01 21:56:37.161  1513  1625 W ActivityManager: Slow operation: 459ms so far, now at startProcess: asking zygote to start proc
09-01 21:56:37.161  1513  1625 D CompatibilityChangeReporter: Compat change id reported: 143937733; UID 10220; state: ENABLED
09-01 21:56:37.171 23303 23303 I cr_tabmodel: #isIncognitoTabBeingRestored from tabDetails:  false
09-01 21:56:37.171 23303 23303 I cr_tabmodel: #isIncognitoTabBeingRestored from tabDetails:  false
09-01 21:56:37.171 23303 23303 W cr_tabmodel: Failed to restore TabState; creating Tab with last known URL.
09-01 21:56:37.175  1513  2905 D CompatibilityChangeReporter: Compat change id reported: 136274596; UID 10220; state: ENABLED
09-01 21:56:37.191  1513  3161 D CompatibilityChangeReporter: Compat change id reported: 135634846; UID 10220; state: DISABLED
09-01 21:56:37.191  1513  3161 D CompatibilityChangeReporter: Compat change id reported: 135754954; UID 10220; state: ENABLED
09-01 21:56:37.193 23899 23899 I LoadedApk: No resource references to update in package com.google.android.trichromelibrary
09-01 21:56:37.194 23899 23899 D NetworkSecurityConfig: Using Network Security Config from resource 0_resource_name_obfuscated debugBuild: false
09-01 21:56:37.195 23899 23899 D NetworkSecurityConfig: Using Network Security Config from resource 0_resource_name_obfuscated debugBuild: false
09-01 21:56:37.198 23899 23899 I cr_SplitCompatApp: Launched version=107.0.5304.91 minSdkVersion=29 isBundle=true processName=com.android.chrome:sandboxed_process0:org.chromium.content.app.SandboxedProcessService0:18 isIsolated=true
09-01 21:56:37.200 23303 23303 E cr_IntentUtils: getBooleanExtra failed on intent null
09-01 21:56:37.200 23303 23303 E cr_IntentUtils: getBooleanExtra failed on intent null
09-01 21:56:37.207 23303 23303 I cr_tabmodel: #isIncognitoTabBeingRestored from tabDetails:  false
09-01 21:56:37.207 23303 23303 I cr_tabmodel: #isIncognitoTabBeingRestored from tabDetails:  false
09-01 21:56:37.207 23303 23303 W cr_tabmodel: Failed to restore TabState; creating Tab with last known URL.
09-01 21:56:37.210 23938 23938 I LoadedApk: No resource references to update in package com.google.android.trichromelibrary
09-01 21:56:37.210 23938 23938 D NetworkSecurityConfig: Using Network Security Config from resource 0_resource_name_obfuscated debugBuild: false
09-01 21:56:37.213 23938 23938 D NetworkSecurityConfig: Using Network Security Config from resource 0_resource_name_obfuscated debugBuild: false
09-01 21:56:37.215 23356 23356 D Zygote  : Forked child process 24010
09-01 21:56:37.221  1513  1625 W ActivityManager: Slow operation: 520ms so far, now at startProcess: returned from zygote!
09-01 21:56:37.222  1513  1625 W ActivityManager: Slow operation: 520ms so far, now at startProcess: done updating battery stats
09-01 21:56:37.222  1513  1625 W ActivityManager: Slow operation: 521ms so far, now at startProcess: building log message
09-01 21:56:37.222  1513  1625 I ActivityManager: Start proc 24010:com.android.chrome:sandboxed_process0:org.chromium.content.app.SandboxedProcessService0:21/u0ai21 for  {com.android.chrome/org.chromium.content.app.SandboxedProcessService0:21}
09-01 21:56:37.222  1513  1625 W ActivityManager: Slow operation: 521ms so far, now at startProcess: starting to update pids map
09-01 21:56:37.222  1513  1625 W ActivityManager: Slow operation: 521ms so far, now at startProcess: done updating pids map
09-01 21:56:37.222  1513  1625 W ActivityManager: Slow operation: 500ms so far, now at startProcess: asking zygote to start proc
09-01 21:56:37.223  1513  1625 D CompatibilityChangeReporter: Compat change id reported: 143937733; UID 10220; state: ENABLED
09-01 21:56:37.224 24010 24010 E libc    : SetHeapTaggingLevel: re-enabling tagging after it was disabled is not supported
09-01 21:56:37.227 23938 23938 I cr_SplitCompatApp: Launched version=107.0.5304.91 minSdkVersion=29 isBundle=true processName=com.android.chrome:sandboxed_process0:org.chromium.content.app.SandboxedProcessService0:19 isIsolated=true
09-01 21:56:37.227 23303 23303 E cr_IntentUtils: getBooleanExtra failed on intent null
09-01 21:56:37.227 23303 23303 E cr_IntentUtils: getBooleanExtra failed on intent null
09-01 21:56:37.236 23303 23303 I cr_tabmodel: #isIncognitoTabBeingRestored from tabDetails:  false
09-01 21:56:37.236 23303 23303 I cr_tabmodel: #isIncognitoTabBeingRestored from tabDetails:  false
09-01 21:56:37.236 23303 23303 W cr_tabmodel: Failed to restore TabState; creating Tab with last known URL.
09-01 21:56:37.243 24010 24010 E cessService0:2: Not starting debugger since process cannot load the jdwp agent.
09-01 21:56:37.243 23986 23986 I LoadedApk: No resource references to update in package com.google.android.trichromelibrary
09-01 21:56:37.244 23986 23986 D NetworkSecurityConfig: Using Network Security Config from resource 0_resource_name_obfuscated debugBuild: false
09-01 21:56:37.246 23986 23986 D NetworkSecurityConfig: Using Network Security Config from resource 0_resource_name_obfuscated debugBuild: false
09-01 21:56:37.252 23986 23986 I cr_SplitCompatApp: Launched version=107.0.5304.91 minSdkVersion=29 isBundle=true processName=com.android.chrome:sandboxed_process0:org.chromium.content.app.SandboxedProcessService0:20 isIsolated=true
09-01 21:56:37.258 23303 23303 E cr_IntentUtils: getBooleanExtra failed on intent null
09-01 21:56:37.259 23303 23303 E cr_IntentUtils: getBooleanExtra failed on intent null
09-01 21:56:37.259 23899 23899 W SystemServiceRegistry: No service published for: uimode
09-01 21:56:37.266 23303 23303 I cr_tabmodel: #isIncognitoTabBeingRestored from tabDetails:  false
09-01 21:56:37.266 23303 23303 I cr_tabmodel: #isIncognitoTabBeingRestored from tabDetails:  false
09-01 21:56:37.266 23303 23303 W cr_tabmodel: Failed to restore TabState; creating Tab with last known URL.
09-01 21:56:37.269  1513  3230 D CompatibilityChangeReporter: Compat change id reported: 136274596; UID 10220; state: ENABLED
09-01 21:56:37.274 23938 23938 W SystemServiceRegistry: No service published for: uimode
09-01 21:56:37.276 23986 23986 W SystemServiceRegistry: No service published for: uimode
09-01 21:56:37.283  1513  3227 D CompatibilityChangeReporter: Compat change id reported: 135634846; UID 10220; state: DISABLED
09-01 21:56:37.283  1513  3227 D CompatibilityChangeReporter: Compat change id reported: 135754954; UID 10220; state: ENABLED
09-01 21:56:37.291 23303 23303 E cr_IntentUtils: getBooleanExtra failed on intent null
09-01 21:56:37.291 23303 23303 E cr_IntentUtils: getBooleanExtra failed on intent null
09-01 21:56:37.293 23899 23899 I cr_ChildProcessService: Creating new ChildProcessService pid=23899
09-01 21:56:37.296 23938 23938 I cr_ChildProcessService: Creating new ChildProcessService pid=23938
09-01 21:56:37.297 23986 23986 I cr_ChildProcessService: Creating new ChildProcessService pid=23986
09-01 21:56:37.298 24010 24010 I LoadedApk: No resource references to update in package com.google.android.trichromelibrary
09-01 21:56:37.299 24010 24010 D NetworkSecurityConfig: Using Network Security Config from resource 0_resource_name_obfuscated debugBuild: false
09-01 21:56:37.299 23303 23303 I cr_tabmodel: #isIncognitoTabBeingRestored from tabDetails:  false
09-01 21:56:37.299 23303 23303 I cr_tabmodel: #isIncognitoTabBeingRestored from tabDetails:  false
09-01 21:56:37.299 23303 23303 W cr_tabmodel: Failed to restore TabState; creating Tab with last known URL.
09-01 21:56:37.300 24010 24010 D NetworkSecurityConfig: Using Network Security Config from resource 0_resource_name_obfuscated debugBuild: false
09-01 21:56:37.301 24010 24010 I cr_SplitCompatApp: Launched version=107.0.5304.91 minSdkVersion=29 isBundle=true processName=com.android.chrome:sandboxed_process0:org.chromium.content.app.SandboxedProcessService0:21 isIsolated=true
09-01 21:56:37.303 23986 24007 I cr_LibraryLoader: Using ModernLinker
09-01 21:56:37.304 23986 24007 W linker  : Warning: "/data/app/~~_KLlx60MH8CoecPTjMKp8g==/com.android.chrome-kw9RHYrlHKb9bPXi8OTClw==/base.apk!/lib/arm64-v8a/libchromium_android_linker.so" unused DT entry: unknown processor-specific (type 0x70000001 arg 0x0) (ignoring)
09-01 21:56:37.307 23356 23356 D Zygote  : Forked child process 24036
09-01 21:56:37.308  1513  1625 W ActivityManager: Slow operation: 586ms so far, now at startProcess: returned from zygote!
09-01 21:56:37.308  1513  1625 W ActivityManager: Slow operation: 586ms so far, now at startProcess: done updating battery stats
09-01 21:56:37.309  1513  1625 W ActivityManager: Slow operation: 586ms so far, now at startProcess: building log message
09-01 21:56:37.309  1513  1625 I ActivityManager: Start proc 24036:com.android.chrome:sandboxed_process0:org.chromium.content.app.SandboxedProcessService0:22/u0ai22 for  {com.android.chrome/org.chromium.content.app.SandboxedProcessService0:22}
09-01 21:56:37.309  1513  1625 W ActivityManager: Slow operation: 586ms so far, now at startProcess: starting to update pids map
09-01 21:56:37.309  1513  1625 W ActivityManager: Slow operation: 586ms so far, now at startProcess: done updating pids map
09-01 21:56:37.309  1513  1625 W ActivityManager: Slow operation: 564ms so far, now at startProcess: asking zygote to start proc
09-01 21:56:37.309  1513  1625 D CompatibilityChangeReporter: Compat change id reported: 143937733; UID 10220; state: ENABLED
09-01 21:56:37.311 23986 24034 I cr_LibraryLoader: Successfully loaded native library
09-01 21:56:37.311 23986 24034 I cr_CachingUmaRecorder: Flushed 3 samples from 3 histograms.
09-01 21:56:37.313 23938 23978 I cr_LibraryLoader: Using ModernLinker
09-01 21:56:37.315 24036 24036 E libc    : SetHeapTaggingLevel: re-enabling tagging after it was disabled is not supported
09-01 21:56:37.318 23938 23978 W linker  : Warning: "/data/app/~~_KLlx60MH8CoecPTjMKp8g==/com.android.chrome-kw9RHYrlHKb9bPXi8OTClw==/base.apk!/lib/arm64-v8a/libchromium_android_linker.so" unused DT entry: unknown processor-specific (type 0x70000001 arg 0x0) (ignoring)
09-01 21:56:37.320 23899 23973 I cr_LibraryLoader: Using ModernLinker
09-01 21:56:37.321 24010 24010 W SystemServiceRegistry: No service published for: uimode
09-01 21:56:37.321 23303 23303 E cr_IntentUtils: getBooleanExtra failed on intent null
09-01 21:56:37.321 23303 23303 E cr_IntentUtils: getBooleanExtra failed on intent null
09-01 21:56:37.322 23899 23973 W linker  : Warning: "/data/app/~~_KLlx60MH8CoecPTjMKp8g==/com.android.chrome-kw9RHYrlHKb9bPXi8OTClw==/base.apk!/lib/arm64-v8a/libchromium_android_linker.so" unused DT entry: unknown processor-specific (type 0x70000001 arg 0x0) (ignoring)
09-01 21:56:37.326 23938 24033 I cr_LibraryLoader: Successfully loaded native library
09-01 21:56:37.327 23938 24033 I cr_CachingUmaRecorder: Flushed 3 samples from 3 histograms.
09-01 21:56:37.329 23899 24035 I cr_LibraryLoader: Successfully loaded native library
09-01 21:56:37.330 23899 24035 I cr_CachingUmaRecorder: Flushed 3 samples from 3 histograms.
09-01 21:56:37.331 24010 24010 I cr_ChildProcessService: Creating new ChildProcessService pid=24010
09-01 21:56:37.333 23303 23303 I cr_tabmodel: #isIncognitoTabBeingRestored from tabDetails:  false
09-01 21:56:37.333 23303 23303 I cr_tabmodel: #isIncognitoTabBeingRestored from tabDetails:  false
09-01 21:56:37.333 23303 23303 W cr_tabmodel: Failed to restore TabState; creating Tab with last known URL.
09-01 21:56:37.333 24036 24036 E cessService0:2: Not starting debugger since process cannot load the jdwp agent.
09-01 21:56:37.338 24010 24032 I cr_LibraryLoader: Using ModernLinker
09-01 21:56:37.339 24010 24032 W linker  : Warning: "/data/app/~~_KLlx60MH8CoecPTjMKp8g==/com.android.chrome-kw9RHYrlHKb9bPXi8OTClw==/base.apk!/lib/arm64-v8a/libchromium_android_linker.so" unused DT entry: unknown processor-specific (type 0x70000001 arg 0x0) (ignoring)
09-01 21:56:37.340 24010 24032 E cr_ChromiumAndroidLinker: ReserveAddressWithHint: Address range starting at 0x7a37625000 was not free to use
09-01 21:56:37.347 24010 24047 I cr_LibraryLoader: Successfully loaded native library
09-01 21:56:37.350 23303 23303 E cr_IntentUtils: getBooleanExtra failed on intent null
09-01 21:56:37.351 23303 23303 E cr_IntentUtils: getBooleanExtra failed on intent null
09-01 21:56:37.356 24010 24047 I cr_CachingUmaRecorder: Flushed 3 samples from 3 histograms.
09-01 21:56:37.356  1513  2905 D CompatibilityChangeReporter: Compat change id reported: 136274596; UID 10220; state: ENABLED
09-01 21:56:37.358 23303 23303 I cr_tabmodel: #isIncognitoTabBeingRestored from tabDetails:  false
09-01 21:56:37.358 23303 23303 I cr_tabmodel: #isIncognitoTabBeingRestored from tabDetails:  false
09-01 21:56:37.358 23303 23303 W cr_tabmodel: Failed to restore TabState; creating Tab with last known URL.
09-01 21:56:37.362 23356 23356 D Zygote  : Forked child process 24073
09-01 21:56:37.364  1513  1625 W ActivityManager: Slow operation: 619ms so far, now at startProcess: returned from zygote!
09-01 21:56:37.364  1513  1625 W ActivityManager: Slow operation: 619ms so far, now at startProcess: done updating battery stats
09-01 21:56:37.364  1513  1625 W ActivityManager: Slow operation: 619ms so far, now at startProcess: building log message
09-01 21:56:37.364  1513  1625 I ActivityManager: Start proc 24073:com.android.chrome:sandboxed_process0:org.chromium.content.app.SandboxedProcessService0:23/u0ai23 for  {com.android.chrome/org.chromium.content.app.SandboxedProcessService0:23}
09-01 21:56:37.364  1513  1625 W ActivityManager: Slow operation: 619ms so far, now at startProcess: starting to update pids map
09-01 21:56:37.364  1513  1625 W ActivityManager: Slow operation: 619ms so far, now at startProcess: done updating pids map
09-01 21:56:37.365  1513  1625 W ActivityManager: Slow operation: 596ms so far, now at startProcess: asking zygote to start proc
09-01 21:56:37.365  1513  1625 D CompatibilityChangeReporter: Compat change id reported: 143937733; UID 10220; state: ENABLED
09-01 21:56:37.367 24073 24073 E libc    : SetHeapTaggingLevel: re-enabling tagging after it was disabled is not supported
09-01 21:56:37.378  1513  3161 D CompatibilityChangeReporter: Compat change id reported: 135634846; UID 10220; state: DISABLED
09-01 21:56:37.378  1513  3161 D CompatibilityChangeReporter: Compat change id reported: 135754954; UID 10220; state: ENABLED
09-01 21:56:37.383 23303 23303 E cr_IntentUtils: getBooleanExtra failed on intent null
09-01 21:56:37.383 23303 23303 E cr_IntentUtils: getBooleanExtra failed on intent null
09-01 21:56:37.384 24073 24073 E cessService0:2: Not starting debugger since process cannot load the jdwp agent.
09-01 21:56:37.390 23303 23303 I cr_tabmodel: #isIncognitoTabBeingRestored from tabDetails:  false
09-01 21:56:37.390 23356 23356 D Zygote  : Forked child process 24093
09-01 21:56:37.390 23303 23303 I cr_tabmodel: #isIncognitoTabBeingRestored from tabDetails:  false
09-01 21:56:37.390 23303 23303 W cr_tabmodel: Failed to restore TabState; creating Tab with last known URL.
09-01 21:56:37.392  1513  1625 W ActivityManager: Slow operation: 623ms so far, now at startProcess: returned from zygote!
09-01 21:56:37.393  1513  1625 W ActivityManager: Slow operation: 625ms so far, now at startProcess: done updating battery stats
09-01 21:56:37.393  1513  1625 W ActivityManager: Slow operation: 625ms so far, now at startProcess: building log message
09-01 21:56:37.393  1513  1625 I ActivityManager: Start proc 24093:com.android.chrome:sandboxed_process0:org.chromium.content.app.SandboxedProcessService0:24/u0ai24 for  {com.android.chrome/org.chromium.content.app.SandboxedProcessService0:24}
09-01 21:56:37.393  1513  1625 W ActivityManager: Slow operation: 625ms so far, now at startProcess: starting to update pids map
09-01 21:56:37.393  1513  1625 W ActivityManager: Slow operation: 625ms so far, now at startProcess: done updating pids map
09-01 21:56:37.393  1513  1625 W ActivityManager: Slow operation: 601ms so far, now at startProcess: asking zygote to start proc
09-01 21:56:37.394 24036 24036 I LoadedApk: No resource references to update in package com.google.android.trichromelibrary
09-01 21:56:37.394 24036 24036 D NetworkSecurityConfig: Using Network Security Config from resource 0_resource_name_obfuscated debugBuild: false
09-01 21:56:37.396 24036 24036 D NetworkSecurityConfig: Using Network Security Config from resource 0_resource_name_obfuscated debugBuild: false
09-01 21:56:37.396 24093 24093 E libc    : SetHeapTaggingLevel: re-enabling tagging after it was disabled is not supported
09-01 21:56:37.397 24036 24036 I cr_SplitCompatApp: Launched version=107.0.5304.91 minSdkVersion=29 isBundle=true processName=com.android.chrome:sandboxed_process0:org.chromium.content.app.SandboxedProcessService0:22 isIsolated=true
09-01 21:56:37.401 23303 23303 E cr_IntentUtils: getBooleanExtra failed on intent null
09-01 21:56:37.401 23303 23303 E cr_IntentUtils: getBooleanExtra failed on intent null
09-01 21:56:37.405 23303 23303 I cr_tabmodel: #isIncognitoTabBeingRestored from tabDetails:  false
09-01 21:56:37.405 23303 23303 I cr_tabmodel: #isIncognitoTabBeingRestored from tabDetails:  false
09-01 21:56:37.406 23303 23303 W cr_tabmodel: Failed to restore TabState; creating Tab with last known URL.
09-01 21:56:37.413  1513  3161 D CompatibilityChangeReporter: Compat change id reported: 136274596; UID 10220; state: ENABLED
09-01 21:56:37.418  1513  2905 D CompatibilityChangeReporter: Compat change id reported: 135634846; UID 10220; state: DISABLED
09-01 21:56:37.418  1513  2905 D CompatibilityChangeReporter: Compat change id reported: 135754954; UID 10220; state: ENABLED
09-01 21:56:37.421 23303 23303 E cr_IntentUtils: getBooleanExtra failed on intent null
09-01 21:56:37.421 23303 23303 E cr_IntentUtils: getBooleanExtra failed on intent null
09-01 21:56:37.425 23303 23303 I cr_tabmodel: #isIncognitoTabBeingRestored from tabDetails:  false
09-01 21:56:37.425 23303 23303 I cr_tabmodel: #isIncognitoTabBeingRestored from tabDetails:  false
09-01 21:56:37.426 23303 23303 W cr_tabmodel: Failed to restore TabState; creating Tab with last known URL.
09-01 21:56:37.429 24093 24093 E cessService0:2: Not starting debugger since process cannot load the jdwp agent.
09-01 21:56:37.432 24036 24036 W SystemServiceRegistry: No service published for: uimode
09-01 21:56:37.441 23303 23303 E cr_IntentUtils: getBooleanExtra failed on intent null
09-01 21:56:37.442 23303 23303 E cr_IntentUtils: getBooleanExtra failed on intent null
09-01 21:56:37.449 23303 23303 I cr_tabmodel: #isIncognitoTabBeingRestored from tabDetails:  false
09-01 21:56:37.449 23303 23303 I cr_tabmodel: #isIncognitoTabBeingRestored from tabDetails:  false
09-01 21:56:37.449 23303 23303 W cr_tabmodel: Failed to restore TabState; creating Tab with last known URL.
09-01 21:56:37.455 23356 23356 D Zygote  : Forked child process 24126
09-01 21:56:37.456  1513  1625 W ActivityManager: Slow operation: 664ms so far, now at startProcess: returned from zygote!
09-01 21:56:37.456  1513  1625 W ActivityManager: Slow operation: 664ms so far, now at startProcess: done updating battery stats
09-01 21:56:37.456  1513  1625 W ActivityManager: Slow operation: 664ms so far, now at startProcess: building log message
09-01 21:56:37.456  1513  1625 I ActivityManager: Start proc 24126:com.android.chrome:sandboxed_process0:org.chromium.content.app.SandboxedProcessService0:25/u0ai25 for  {com.android.chrome/org.chromium.content.app.SandboxedProcessService0:25}
09-01 21:56:37.456  1513  1625 W ActivityManager: Slow operation: 664ms so far, now at startProcess: starting to update pids map
09-01 21:56:37.456  1513  1625 W ActivityManager: Slow operation: 664ms so far, now at startProcess: done updating pids map
09-01 21:56:37.456  1513  1625 W ActivityManager: Slow operation: 641ms so far, now at startProcess: asking zygote to start proc
09-01 21:56:37.457  1513  1625 D CompatibilityChangeReporter: Compat change id reported: 143937733; UID 10220; state: ENABLED
09-01 21:56:37.457 24036 24036 I cr_ChildProcessService: Creating new ChildProcessService pid=24036
09-01 21:56:37.457 24126 24126 E libc    : SetHeapTaggingLevel: re-enabling tagging after it was disabled is not supported
09-01 21:56:37.465 23303 23315 I .android.chrom: Background young concurrent copying GC freed 381677(19MB) AllocSpace objects, 55(1996KB) LOS objects, 93% free, 6423KB/102MB, paused 146us total 121.331ms
09-01 21:56:37.467  1513  2905 D CompatibilityChangeReporter: Compat change id reported: 136274596; UID 10220; state: ENABLED
09-01 21:56:37.472 24036 24072 I cr_LibraryLoader: Using ModernLinker
09-01 21:56:37.474  1513  3161 D CompatibilityChangeReporter: Compat change id reported: 135634846; UID 10220; state: DISABLED
09-01 21:56:37.474  1513  3161 D CompatibilityChangeReporter: Compat change id reported: 135754954; UID 10220; state: ENABLED
09-01 21:56:37.475 24036 24072 W linker  : Warning: "/data/app/~~_KLlx60MH8CoecPTjMKp8g==/com.android.chrome-kw9RHYrlHKb9bPXi8OTClw==/base.apk!/lib/arm64-v8a/libchromium_android_linker.so" unused DT entry: unknown processor-specific (type 0x70000001 arg 0x0) (ignoring)
09-01 21:56:37.475 23356 23356 D Zygote  : Forked child process 24140
09-01 21:56:37.475 23303 23303 E cr_IntentUtils: getBooleanExtra failed on intent null
09-01 21:56:37.475 23303 23303 E cr_IntentUtils: getBooleanExtra failed on intent null
09-01 21:56:37.476 24036 24072 E cr_ChromiumAndroidLinker: ReserveAddressWithHint: Address range starting at 0x7a37625000 was not free to use
09-01 21:56:37.486 23303 23303 I cr_tabmodel: #isIncognitoTabBeingRestored from tabDetails:  false
09-01 21:56:37.486 23303 23303 I cr_tabmodel: #isIncognitoTabBeingRestored from tabDetails:  false
09-01 21:56:37.486 23303 23303 W cr_tabmodel: Failed to restore TabState; creating Tab with last known URL.
09-01 21:56:37.492 24036 24132 I cr_LibraryLoader: Successfully loaded native library
09-01 21:56:37.493 24036 24132 I cr_CachingUmaRecorder: Flushed 3 samples from 3 histograms.
09-01 21:56:37.496  1513  1625 W ActivityManager: Slow operation: 680ms so far, now at startProcess: returned from zygote!
09-01 21:56:37.496  1513  1625 W ActivityManager: Slow operation: 681ms so far, now at startProcess: done updating battery stats
09-01 21:56:37.496  1513  1625 W ActivityManager: Slow operation: 681ms so far, now at startProcess: building log message
09-01 21:56:37.496  1513  1625 I ActivityManager: Start proc 24140:com.android.chrome:sandboxed_process0:org.chromium.content.app.SandboxedProcessService0:26/u0ai26 for  {com.android.chrome/org.chromium.content.app.SandboxedProcessService0:26}
09-01 21:56:37.496  1513  1625 W ActivityManager: Slow operation: 681ms so far, now at startProcess: starting to update pids map
09-01 21:56:37.496  1513  1625 W ActivityManager: Slow operation: 681ms so far, now at startProcess: done updating pids map
09-01 21:56:37.496  1513  1625 W ActivityManager: Slow operation: 621ms so far, now at startProcess: asking zygote to start proc
09-01 21:56:37.496  1513  1625 D CompatibilityChangeReporter: Compat change id reported: 143937733; UID 10220; state: ENABLED
09-01 21:56:37.500 24140 24140 E libc    : SetHeapTaggingLevel: re-enabling tagging after it was disabled is not supported
09-01 21:56:37.501 24126 24126 E cessService0:2: Not starting debugger since process cannot load the jdwp agent.
09-01 21:56:37.507 23303 23303 E cr_IntentUtils: getBooleanExtra failed on intent null
09-01 21:56:37.507 23303 23303 E cr_IntentUtils: getBooleanExtra failed on intent null
09-01 21:56:37.512 23303 23303 I cr_tabmodel: #isIncognitoTabBeingRestored from tabDetails:  false
09-01 21:56:37.512 23303 23303 I cr_tabmodel: #isIncognitoTabBeingRestored from tabDetails:  false
09-01 21:56:37.512 23303 23303 W cr_tabmodel: Failed to restore TabState; creating Tab with last known URL.
09-01 21:56:37.519 24073 24073 I LoadedApk: No resource references to update in package com.google.android.trichromelibrary
09-01 21:56:37.519 24093 24093 I LoadedApk: No resource references to update in package com.google.android.trichromelibrary
09-01 21:56:37.519 24073 24073 D NetworkSecurityConfig: Using Network Security Config from resource 0_resource_name_obfuscated debugBuild: false
09-01 21:56:37.519 24093 24093 D NetworkSecurityConfig: Using Network Security Config from resource 0_resource_name_obfuscated debugBuild: false
09-01 21:56:37.520 24073 24073 D NetworkSecurityConfig: Using Network Security Config from resource 0_resource_name_obfuscated debugBuild: false
09-01 21:56:37.520 24093 24093 D NetworkSecurityConfig: Using Network Security Config from resource 0_resource_name_obfuscated debugBuild: false
09-01 21:56:37.522 24073 24073 I cr_SplitCompatApp: Launched version=107.0.5304.91 minSdkVersion=29 isBundle=true processName=com.android.chrome:sandboxed_process0:org.chromium.content.app.SandboxedProcessService0:23 isIsolated=true
09-01 21:56:37.522 24093 24093 I cr_SplitCompatApp: Launched version=107.0.5304.91 minSdkVersion=29 isBundle=true processName=com.android.chrome:sandboxed_process0:org.chromium.content.app.SandboxedProcessService0:24 isIsolated=true
09-01 21:56:37.523 24140 24140 E cessService0:2: Not starting debugger since process cannot load the jdwp agent.
09-01 21:56:37.527  1513  3161 D CompatibilityChangeReporter: Compat change id reported: 136274596; UID 10220; state: ENABLED
09-01 21:56:37.528 23303 23303 E cr_IntentUtils: getBooleanExtra failed on intent null
09-01 21:56:37.528 23303 23303 E cr_IntentUtils: getBooleanExtra failed on intent null
09-01 21:56:37.532  1513  2905 D CompatibilityChangeReporter: Compat change id reported: 135634846; UID 10220; state: DISABLED
09-01 21:56:37.532  1513  2905 D CompatibilityChangeReporter: Compat change id reported: 135754954; UID 10220; state: ENABLED
09-01 21:56:37.536 23303 23303 I cr_tabmodel: #isIncognitoTabBeingRestored from tabDetails:  false
09-01 21:56:37.536 23303 23303 I cr_tabmodel: #isIncognitoTabBeingRestored from tabDetails:  false
09-01 21:56:37.536 23303 23303 W cr_tabmodel: Failed to restore TabState; creating Tab with last known URL.
09-01 21:56:37.539 23356 23356 D Zygote  : Forked child process 24163
09-01 21:56:37.540 24073 24073 W SystemServiceRegistry: No service published for: uimode
09-01 21:56:37.541  1513  1625 W ActivityManager: Slow operation: 665ms so far, now at startProcess: returned from zygote!
09-01 21:56:37.541  1513  1625 W ActivityManager: Slow operation: 666ms so far, now at startProcess: done updating battery stats
09-01 21:56:37.541  1513  1625 W ActivityManager: Slow operation: 666ms so far, now at startProcess: building log message
09-01 21:56:37.541  1513  1625 I ActivityManager: Start proc 24163:com.android.chrome:sandboxed_process0:org.chromium.content.app.SandboxedProcessService0:27/u0ai27 for  {com.android.chrome/org.chromium.content.app.SandboxedProcessService0:27}
09-01 21:56:37.541  1513  1625 W ActivityManager: Slow operation: 666ms so far, now at startProcess: starting to update pids map
09-01 21:56:37.541  1513  1625 W ActivityManager: Slow operation: 666ms so far, now at startProcess: done updating pids map
09-01 21:56:37.541  1513  1625 W ActivityManager: Slow operation: 639ms so far, now at startProcess: asking zygote to start proc
09-01 21:56:37.541  1513  1625 D CompatibilityChangeReporter: Compat change id reported: 143937733; UID 10220; state: ENABLED
09-01 21:56:37.544 24073 24073 I cr_ChildProcessService: Creating new ChildProcessService pid=24073
09-01 21:56:37.545 24163 24163 E libc    : SetHeapTaggingLevel: re-enabling tagging after it was disabled is not supported
09-01 21:56:37.546 23303 23303 E cr_IntentUtils: getBooleanExtra failed on intent null
09-01 21:56:37.546 23303 23303 E cr_IntentUtils: getBooleanExtra failed on intent null
09-01 21:56:37.551 23303 23303 I cr_tabmodel: #isIncognitoTabBeingRestored from tabDetails:  false
09-01 21:56:37.551 23303 23303 I cr_tabmodel: #isIncognitoTabBeingRestored from tabDetails:  false
09-01 21:56:37.551 23303 23303 W cr_tabmodel: Failed to restore TabState; creating Tab with last known URL.
09-01 21:56:37.553 24163 24163 E cessService0:2: Not starting debugger since process cannot load the jdwp agent.
09-01 21:56:37.562 23303 23303 E cr_IntentUtils: getBooleanExtra failed on intent null
09-01 21:56:37.562 23303 23303 E cr_IntentUtils: getBooleanExtra failed on intent null
09-01 21:56:37.566  1513  2000 D ConnectivityService: NetReassign [no changes]
09-01 21:56:37.569 23303 23303 I cr_tabmodel: #isIncognitoTabBeingRestored from tabDetails:  false
09-01 21:56:37.569 23303 23303 I cr_tabmodel: #isIncognitoTabBeingRestored from tabDetails:  false
09-01 21:56:37.569 23303 23303 W cr_tabmodel: Failed to restore TabState; creating Tab with last known URL.
09-01 21:56:37.575 24073 24139 I cr_LibraryLoader: Using ModernLinker
09-01 21:56:37.577 23356 23356 D Zygote  : Forked child process 24188
09-01 21:56:37.577  1513  2905 D CompatibilityChangeReporter: Compat change id reported: 136274596; UID 10220; state: ENABLED
09-01 21:56:37.578 24093 24093 W SystemServiceRegistry: No service published for: uimode
09-01 21:56:37.579 24073 24139 W linker  : Warning: "/data/app/~~_KLlx60MH8CoecPTjMKp8g==/com.android.chrome-kw9RHYrlHKb9bPXi8OTClw==/base.apk!/lib/arm64-v8a/libchromium_android_linker.so" unused DT entry: unknown processor-specific (type 0x70000001 arg 0x0) (ignoring)
09-01 21:56:37.580 24188 24188 E libc    : SetHeapTaggingLevel: re-enabling tagging after it was disabled is not supported
09-01 21:56:37.580 24073 24139 E cr_ChromiumAndroidLinker: ReserveAddressWithHint: Address range starting at 0x7a37625000 was not free to use
09-01 21:56:37.585 24188 24188 E cessService0:2: Not starting debugger since process cannot load the jdwp agent.
09-01 21:56:37.586 23303 23303 E cr_IntentUtils: getBooleanExtra failed on intent null
09-01 21:56:37.586 23303 23303 E cr_IntentUtils: getBooleanExtra failed on intent null
09-01 21:56:37.590 24073 24172 I cr_LibraryLoader: Successfully loaded native library
09-01 21:56:37.592  1513  1625 W ActivityManager: Slow operation: 690ms so far, now at startProcess: returned from zygote!
09-01 21:56:37.592  1513  1625 W ActivityManager: Slow operation: 690ms so far, now at startProcess: done updating battery stats
09-01 21:56:37.592  1513  1625 W ActivityManager: Slow operation: 690ms so far, now at startProcess: building log message
09-01 21:56:37.593  1513  1625 I ActivityManager: Start proc 24188:com.android.chrome:sandboxed_process0:org.chromium.content.app.SandboxedProcessService0:28/u0ai28 for  {com.android.chrome/org.chromium.content.app.SandboxedProcessService0:28}
09-01 21:56:37.593  1513  1625 W ActivityManager: Slow operation: 690ms so far, now at startProcess: starting to update pids map
09-01 21:56:37.593  1513  1625 W ActivityManager: Slow operation: 690ms so far, now at startProcess: done updating pids map
09-01 21:56:37.593  1513  1625 W ActivityManager: Slow operation: 649ms so far, now at startProcess: asking zygote to start proc
09-01 21:56:37.593  1513  1625 D CompatibilityChangeReporter: Compat change id reported: 143937733; UID 10220; state: ENABLED
09-01 21:56:37.594 23303 23303 I cr_tabmodel: #isIncognitoTabBeingRestored from tabDetails:  false
09-01 21:56:37.594 23303 23303 I cr_tabmodel: #isIncognitoTabBeingRestored from tabDetails:  false
09-01 21:56:37.594 23303 23303 W cr_tabmodel: Failed to restore TabState; creating Tab with last known URL.
09-01 21:56:37.596 24073 24172 I cr_CachingUmaRecorder: Flushed 3 samples from 3 histograms.
09-01 21:56:37.599  1513  3227 D CompatibilityChangeReporter: Compat change id reported: 136274596; UID 10220; state: ENABLED
09-01 21:56:37.605  1513  3221 D CompatibilityChangeReporter: Compat change id reported: 135634846; UID 10220; state: DISABLED
09-01 21:56:37.605 23356 23356 D Zygote  : Forked child process 24206
09-01 21:56:37.606  1513  3221 D CompatibilityChangeReporter: Compat change id reported: 135754954; UID 10220; state: ENABLED
09-01 21:56:37.609 24206 24206 E libc    : SetHeapTaggingLevel: re-enabling tagging after it was disabled is not supported
09-01 21:56:37.611 23303 23303 E cr_IntentUtils: getBooleanExtra failed on intent null
09-01 21:56:37.611 23303 23303 E cr_IntentUtils: getBooleanExtra failed on intent null
09-01 21:56:37.615  1513  1625 W ActivityManager: Slow operation: 671ms so far, now at startProcess: returned from zygote!
09-01 21:56:37.616 24206 24206 E cessService0:2: Not starting debugger since process cannot load the jdwp agent.
09-01 21:56:37.617  1513  1625 W ActivityManager: Slow operation: 674ms so far, now at startProcess: done updating battery stats
09-01 21:56:37.617  1513  1625 W ActivityManager: Slow operation: 674ms so far, now at startProcess: building log message
09-01 21:56:37.617  1513  1625 I ActivityManager: Start proc 24206:com.android.chrome:sandboxed_process0:org.chromium.content.app.SandboxedProcessService0:29/u0ai29 for  {com.android.chrome/org.chromium.content.app.SandboxedProcessService0:29}
09-01 21:56:37.617  1513  1625 W ActivityManager: Slow operation: 674ms so far, now at startProcess: starting to update pids map
09-01 21:56:37.617 23303 23303 I cr_tabmodel: #isIncognitoTabBeingRestored from tabDetails:  false
09-01 21:56:37.617 23303 23303 I cr_tabmodel: #isIncognitoTabBeingRestored from tabDetails:  false
09-01 21:56:37.618 23303 23303 W cr_tabmodel: Failed to restore TabState; creating Tab with last known URL.
09-01 21:56:37.618  1513  1625 W ActivityManager: Slow operation: 675ms so far, now at startProcess: done updating pids map
09-01 21:56:37.619  1513  1625 W ActivityManager: Slow operation: 618ms so far, now at startProcess: asking zygote to start proc
09-01 21:56:37.619  1513  1625 D CompatibilityChangeReporter: Compat change id reported: 143937733; UID 10220; state: ENABLED
09-01 21:56:37.628  1513  1537 D CompatibilityChangeReporter: Compat change id reported: 136274596; UID 10220; state: ENABLED
09-01 21:56:37.629 23356 23356 D Zygote  : Forked child process 24232
09-01 21:56:37.630  1513  1625 W ActivityManager: Slow operation: 630ms so far, now at startProcess: returned from zygote!
09-01 21:56:37.631  1513  3221 D CompatibilityChangeReporter: Compat change id reported: 135634846; UID 10220; state: DISABLED
09-01 21:56:37.631 24232 24232 E libc    : SetHeapTaggingLevel: re-enabling tagging after it was disabled is not supported
09-01 21:56:37.631  1513  3221 D CompatibilityChangeReporter: Compat change id reported: 135754954; UID 10220; state: ENABLED
09-01 21:56:37.632 23303 23303 E cr_IntentUtils: getBooleanExtra failed on intent null
09-01 21:56:37.632 23303 23303 E cr_IntentUtils: getBooleanExtra failed on intent null
09-01 21:56:37.633  1513  1625 W ActivityManager: Slow operation: 633ms so far, now at startProcess: done updating battery stats
09-01 21:56:37.633  1513  1625 W ActivityManager: Slow operation: 633ms so far, now at startProcess: building log message
09-01 21:56:37.633  1513  1625 I ActivityManager: Start proc 24232:com.android.chrome:sandboxed_process0:org.chromium.content.app.SandboxedProcessService0:30/u0ai30 for  {com.android.chrome/org.chromium.content.app.SandboxedProcessService0:30}
