09-02 02:05:48.159 18436 18436 I cr_SplitCompatApp: Launched version=107.0.5304.91 minSdkVersion=29 isBundle=true processName=com.android.chrome:sandboxed_process0:org.chromium.content.app.SandboxedProcessService0:1 isIsolated=true
09-02 02:05:48.160 18325 18325 D Zygote  : Forked child process 18469
09-02 02:05:48.162 18469 18469 E libc    : SetHeapTaggingLevel: re-enabling tagging after it was disabled is not supported
09-02 02:05:48.163  1513  2571 D CompatibilityChangeReporter: Compat change id reported: 136274596; UID 10220; state: ENABLED
09-02 02:05:48.165  1513  1625 I ActivityManager: Start proc 18469:com.android.chrome:sandboxed_process0:org.chromium.content.app.SandboxedProcessService0:3/u0ai3 for  {com.android.chrome/org.chromium.content.app.SandboxedProcessService0:3}
09-02 02:05:48.169  1513  2571 D CompatibilityChangeReporter: Compat change id reported: 135634846; UID 10220; state: DISABLED
09-02 02:05:48.169  1513  2571 D CompatibilityChangeReporter: Compat change id reported: 135754954; UID 10220; state: ENABLED
09-02 02:05:48.170  1513  1625 D CompatibilityChangeReporter: Compat change id reported: 143937733; UID 10220; state: ENABLED
09-02 02:05:48.170 18273 18273 E cr_IntentUtils: getBooleanExtra failed on intent null
09-02 02:05:48.170 18273 18273 E cr_IntentUtils: getBooleanExtra failed on intent null
09-02 02:05:48.177 18469 18469 E ocessService0:: Not starting debugger since process cannot load the jdwp agent.
09-02 02:05:48.180 18436 18436 W SystemServiceRegistry: No service published for: uimode
09-02 02:05:48.181 18273 18273 I cr_tabmodel: #isIncognitoTabBeingRestored from tabDetails:  false
09-02 02:05:48.181 18273 18273 I cr_tabmodel: #isIncognitoTabBeingRestored from tabDetails:  false
09-02 02:05:48.181 18273 18273 W cr_tabmodel: Failed to restore TabState; creating Tab with last known URL.
09-02 02:05:48.186 18325 18325 D Zygote  : Forked child process 18482
09-02 02:05:48.186 18436 18436 I cr_ChildProcessService: Creating new ChildProcessService pid=18436
09-02 02:05:48.187  1513  1625 I ActivityManager: Start proc 18482:com.android.chrome:sandboxed_process0:org.chromium.content.app.SandboxedProcessService0:4/u0ai4 for  {com.android.chrome/org.chromium.content.app.SandboxedProcessService0:4}
09-02 02:05:48.187 18482 18482 E libc    : SetHeapTaggingLevel: re-enabling tagging after it was disabled is not supported
09-02 02:05:48.193 18273 18273 E cr_IntentUtils: getBooleanExtra failed on intent null
09-02 02:05:48.193 18273 18273 E cr_IntentUtils: getBooleanExtra failed on intent null
09-02 02:05:48.195 18452 18452 I LoadedApk: No resource references to update in package com.google.android.trichromelibrary
09-02 02:05:48.195 18452 18452 D NetworkSecurityConfig: Using Network Security Config from resource 0_resource_name_obfuscated debugBuild: false
09-02 02:05:48.196 18452 18452 D NetworkSecurityConfig: Using Network Security Config from resource 0_resource_name_obfuscated debugBuild: false
09-02 02:05:48.197  1513  2013 D CompatibilityChangeReporter: Compat change id reported: 136274596; UID 10220; state: ENABLED
09-02 02:05:48.198 18452 18452 I cr_SplitCompatApp: Launched version=107.0.5304.91 minSdkVersion=29 isBundle=true processName=com.android.chrome:sandboxed_process0:org.chromium.content.app.SandboxedProcessService0:2 isIsolated=true
09-02 02:05:48.200 18482 18482 E ocessService0:: Not starting debugger since process cannot load the jdwp agent.
09-02 02:05:48.202 18436 18453 I cr_LibraryLoader: Using ModernLinker
09-02 02:05:48.204 18273 18273 I cr_tabmodel: #isIncognitoTabBeingRestored from tabDetails:  false
09-02 02:05:48.204 18273 18273 I cr_tabmodel: #isIncognitoTabBeingRestored from tabDetails:  false
09-02 02:05:48.204 18436 18453 W linker  : Warning: "/data/app/~~_KLlx60MH8CoecPTjMKp8g==/com.android.chrome-kw9RHYrlHKb9bPXi8OTClw==/base.apk!/lib/arm64-v8a/libchromium_android_linker.so" unused DT entry: unknown processor-specific (type 0x70000001 arg 0x0) (ignoring)
09-02 02:05:48.204 18273 18273 W cr_tabmodel: Failed to restore TabState; creating Tab with last known URL.
09-02 02:05:48.206 18436 18453 E cr_ChromiumAndroidLinker: ReserveAddressWithHint: Address range starting at 0x7a38750000 was not free to use
09-02 02:05:48.209 18452 18452 W SystemServiceRegistry: No service published for: uimode
09-02 02:05:48.213 18436 18490 I cr_LibraryLoader: Successfully loaded native library
09-02 02:05:48.216  1513  2013 D CompatibilityChangeReporter: Compat change id reported: 135634846; UID 10220; state: DISABLED
09-02 02:05:48.216  1513  2013 D CompatibilityChangeReporter: Compat change id reported: 135754954; UID 10220; state: ENABLED
09-02 02:05:48.216 18273 18273 E cr_IntentUtils: getBooleanExtra failed on intent null
09-02 02:05:48.216 18273 18273 E cr_IntentUtils: getBooleanExtra failed on intent null
09-02 02:05:48.218 18436 18490 I cr_CachingUmaRecorder: Flushed 3 samples from 3 histograms.
09-02 02:05:48.221 18452 18452 I cr_ChildProcessService: Creating new ChildProcessService pid=18452
09-02 02:05:48.223  1513  3223 D CompatibilityChangeReporter: Compat change id reported: 136274596; UID 10220; state: ENABLED
09-02 02:05:48.225 18325 18325 D Zygote  : Forked child process 18506
09-02 02:05:48.226  1513  1625 I ActivityManager: Start proc 18506:com.android.chrome:sandboxed_process0:org.chromium.content.app.SandboxedProcessService0:5/u0ai5 for  {com.android.chrome/org.chromium.content.app.SandboxedProcessService0:5}
09-02 02:05:48.227  1513  1625 D CompatibilityChangeReporter: Compat change id reported: 143937733; UID 10220; state: ENABLED
09-02 02:05:48.227 18273 18273 I cr_tabmodel: #isIncognitoTabBeingRestored from tabDetails:  false
09-02 02:05:48.227 18273 18273 I cr_tabmodel: #isIncognitoTabBeingRestored from tabDetails:  false
09-02 02:05:48.227 18273 18273 W cr_tabmodel: Failed to restore TabState; creating Tab with last known URL.
09-02 02:05:48.229 18506 18506 E libc    : SetHeapTaggingLevel: re-enabling tagging after it was disabled is not supported
09-02 02:05:48.233 18452 18474 I cr_LibraryLoader: Using ModernLinker
09-02 02:05:48.233 18469 18469 I LoadedApk: No resource references to update in package com.google.android.trichromelibrary
09-02 02:05:48.233 18469 18469 D NetworkSecurityConfig: Using Network Security Config from resource 0_resource_name_obfuscated debugBuild: false
09-02 02:05:48.234 18469 18469 D NetworkSecurityConfig: Using Network Security Config from resource 0_resource_name_obfuscated debugBuild: false
09-02 02:05:48.236 18452 18474 W linker  : Warning: "/data/app/~~_KLlx60MH8CoecPTjMKp8g==/com.android.chrome-kw9RHYrlHKb9bPXi8OTClw==/base.apk!/lib/arm64-v8a/libchromium_android_linker.so" unused DT entry: unknown processor-specific (type 0x70000001 arg 0x0) (ignoring)
09-02 02:05:48.237 18452 18474 E cr_ChromiumAndroidLinker: ReserveAddressWithHint: Address range starting at 0x7a38750000 was not free to use
09-02 02:05:48.237 18469 18469 I cr_SplitCompatApp: Launched version=107.0.5304.91 minSdkVersion=29 isBundle=true processName=com.android.chrome:sandboxed_process0:org.chromium.content.app.SandboxedProcessService0:3 isIsolated=true
09-02 02:05:48.239  1513  3223 D CompatibilityChangeReporter: Compat change id reported: 135634846; UID 10220; state: DISABLED
09-02 02:05:48.239  1513  3223 D CompatibilityChangeReporter: Compat change id reported: 135754954; UID 10220; state: ENABLED
09-02 02:05:48.239 18506 18506 E ocessService0:: Not starting debugger since process cannot load the jdwp agent.
09-02 02:05:48.241 18273 18273 E cr_IntentUtils: getBooleanExtra failed on intent null
09-02 02:05:48.241 18273 18273 E cr_IntentUtils: getBooleanExtra failed on intent null
09-02 02:05:48.245 18452 18504 I cr_LibraryLoader: Successfully loaded native library
09-02 02:05:48.245 18452 18504 I cr_CachingUmaRecorder: Flushed 3 samples from 3 histograms.
09-02 02:05:48.252 18482 18482 I LoadedApk: No resource references to update in package com.google.android.trichromelibrary
09-02 02:05:48.253 18482 18482 D NetworkSecurityConfig: Using Network Security Config from resource 0_resource_name_obfuscated debugBuild: false
09-02 02:05:48.254 18482 18482 D NetworkSecurityConfig: Using Network Security Config from resource 0_resource_name_obfuscated debugBuild: false
09-02 02:05:48.255 18469 18469 W SystemServiceRegistry: No service published for: uimode
09-02 02:05:48.255 18482 18482 I cr_SplitCompatApp: Launched version=107.0.5304.91 minSdkVersion=29 isBundle=true processName=com.android.chrome:sandboxed_process0:org.chromium.content.app.SandboxedProcessService0:4 isIsolated=true
09-02 02:05:48.255 18325 18325 D Zygote  : Forked child process 18526
09-02 02:05:48.257 18526 18526 E libc    : SetHeapTaggingLevel: re-enabling tagging after it was disabled is not supported
09-02 02:05:48.259 18273 18273 I cr_tabmodel: #isIncognitoTabBeingRestored from tabDetails:  false
09-02 02:05:48.259 18273 18273 I cr_tabmodel: #isIncognitoTabBeingRestored from tabDetails:  false
09-02 02:05:48.259 18273 18273 W cr_tabmodel: Failed to restore TabState; creating Tab with last known URL.
09-02 02:05:48.261 18469 18469 I cr_ChildProcessService: Creating new ChildProcessService pid=18469
09-02 02:05:48.266 18526 18526 E ocessService0:: Not starting debugger since process cannot load the jdwp agent.
09-02 02:05:48.266 18469 18488 I cr_LibraryLoader: Using ModernLinker
09-02 02:05:48.266  1513  1625 I ActivityManager: Start proc 18526:com.android.chrome:sandboxed_process0:org.chromium.content.app.SandboxedProcessService0:6/u0ai6 for  {com.android.chrome/org.chromium.content.app.SandboxedProcessService0:6}
09-02 02:05:48.266  1513  1625 W ActivityManager: Slow operation: 51ms so far, now at startProcess: done updating pids map
09-02 02:05:48.268 18469 18488 W linker  : Warning: "/data/app/~~_KLlx60MH8CoecPTjMKp8g==/com.android.chrome-kw9RHYrlHKb9bPXi8OTClw==/base.apk!/lib/arm64-v8a/libchromium_android_linker.so" unused DT entry: unknown processor-specific (type 0x70000001 arg 0x0) (ignoring)
09-02 02:05:48.272 18469 18488 E cr_ChromiumAndroidLinker: ReserveAddressWithHint: Address range starting at 0x7a38750000 was not free to use
09-02 02:05:48.273  1513  3223 D CompatibilityChangeReporter: Compat change id reported: 136274596; UID 10220; state: ENABLED
09-02 02:05:48.275 18273 18273 E cr_IntentUtils: getBooleanExtra failed on intent null
09-02 02:05:48.275 18273 18273 E cr_IntentUtils: getBooleanExtra failed on intent null
09-02 02:05:48.275 18482 18482 W SystemServiceRegistry: No service published for: uimode
09-02 02:05:48.281 18482 18482 I cr_ChildProcessService: Creating new ChildProcessService pid=18482
09-02 02:05:48.286 18273 18273 I cr_tabmodel: #isIncognitoTabBeingRestored from tabDetails:  false
09-02 02:05:48.286 18273 18273 I cr_tabmodel: #isIncognitoTabBeingRestored from tabDetails:  false
09-02 02:05:48.286 18273 18273 W cr_tabmodel: Failed to restore TabState; creating Tab with last known URL.
09-02 02:05:48.290 18482 18511 I cr_LibraryLoader: Using ModernLinker
09-02 02:05:48.292 18482 18511 W linker  : Warning: "/data/app/~~_KLlx60MH8CoecPTjMKp8g==/com.android.chrome-kw9RHYrlHKb9bPXi8OTClw==/base.apk!/lib/arm64-v8a/libchromium_android_linker.so" unused DT entry: unknown processor-specific (type 0x70000001 arg 0x0) (ignoring)
09-02 02:05:48.294 18482 18511 E cr_ChromiumAndroidLinker: ReserveAddressWithHint: Address range starting at 0x7a38750000 was not free to use
09-02 02:05:48.295  1513  2571 D CompatibilityChangeReporter: Compat change id reported: 136274596; UID 10220; state: ENABLED
09-02 02:05:48.300   901  1000 D VSC     : @ 58334.751: [WO] tilt angle 87
09-02 02:05:48.301 18482 18553 I cr_LibraryLoader: Successfully loaded native library
09-02 02:05:48.302 18469 18541 I cr_LibraryLoader: Successfully loaded native library
09-02 02:05:48.302 18273 18273 E cr_IntentUtils: getBooleanExtra failed on intent null
09-02 02:05:48.302 18273 18273 E cr_IntentUtils: getBooleanExtra failed on intent null
09-02 02:05:48.302 18469 18541 I cr_CachingUmaRecorder: Flushed 3 samples from 3 histograms.
09-02 02:05:48.303 18482 18553 I cr_CachingUmaRecorder: Flushed 3 samples from 3 histograms.
09-02 02:05:48.309 18325 18325 D Zygote  : Forked child process 18563
09-02 02:05:48.311  1513  1625 W ActivityManager: Slow operation: 72ms so far, now at startProcess: returned from zygote!
09-02 02:05:48.311  1513  1625 W ActivityManager: Slow operation: 72ms so far, now at startProcess: done updating battery stats
09-02 02:05:48.311  1513  1625 W ActivityManager: Slow operation: 72ms so far, now at startProcess: building log message
09-02 02:05:48.311  1513  1625 I ActivityManager: Start proc 18563:com.android.chrome:sandboxed_process0:org.chromium.content.app.SandboxedProcessService0:7/u0ai7 for  {com.android.chrome/org.chromium.content.app.SandboxedProcessService0:7}
09-02 02:05:48.311  1513  1625 W ActivityManager: Slow operation: 72ms so far, now at startProcess: starting to update pids map
09-02 02:05:48.311  1513  1625 W ActivityManager: Slow operation: 72ms so far, now at startProcess: done updating pids map
09-02 02:05:48.311  1513  1625 D CompatibilityChangeReporter: Compat change id reported: 143937733; UID 10220; state: ENABLED
09-02 02:05:48.312 18563 18563 E libc    : SetHeapTaggingLevel: re-enabling tagging after it was disabled is not supported
09-02 02:05:48.318  1513  2571 D CompatibilityChangeReporter: Compat change id reported: 135634846; UID 10220; state: DISABLED
09-02 02:05:48.318  1513  2571 D CompatibilityChangeReporter: Compat change id reported: 135754954; UID 10220; state: ENABLED
09-02 02:05:48.324 18273 18273 I cr_tabmodel: #isIncognitoTabBeingRestored from tabDetails:  false
09-02 02:05:48.324 18273 18273 I cr_tabmodel: #isIncognitoTabBeingRestored from tabDetails:  false
09-02 02:05:48.324 18273 18273 W cr_tabmodel: Failed to restore TabState; creating Tab with last known URL.
09-02 02:05:48.324 18563 18563 E ocessService0:: Not starting debugger since process cannot load the jdwp agent.
09-02 02:05:48.331 18526 18526 I LoadedApk: No resource references to update in package com.google.android.trichromelibrary
09-02 02:05:48.332 18526 18526 D NetworkSecurityConfig: Using Network Security Config from resource 0_resource_name_obfuscated debugBuild: false
09-02 02:05:48.333 18526 18526 D NetworkSecurityConfig: Using Network Security Config from resource 0_resource_name_obfuscated debugBuild: false
09-02 02:05:48.335 18526 18526 I cr_SplitCompatApp: Launched version=107.0.5304.91 minSdkVersion=29 isBundle=true processName=com.android.chrome:sandboxed_process0:org.chromium.content.app.SandboxedProcessService0:6 isIsolated=true
09-02 02:05:48.337 18506 18506 I LoadedApk: No resource references to update in package com.google.android.trichromelibrary
09-02 02:05:48.337 18506 18506 D NetworkSecurityConfig: Using Network Security Config from resource 0_resource_name_obfuscated debugBuild: false
09-02 02:05:48.339 18506 18506 D NetworkSecurityConfig: Using Network Security Config from resource 0_resource_name_obfuscated debugBuild: false
09-02 02:05:48.340 18325 18325 D Zygote  : Forked child process 18586
09-02 02:05:48.341 18506 18506 I cr_SplitCompatApp: Launched version=107.0.5304.91 minSdkVersion=29 isBundle=true processName=com.android.chrome:sandboxed_process0:org.chromium.content.app.SandboxedProcessService0:5 isIsolated=true
09-02 02:05:48.341 18273 18273 E cr_IntentUtils: getBooleanExtra failed on intent null
09-02 02:05:48.341 18273 18273 E cr_IntentUtils: getBooleanExtra failed on intent null
09-02 02:05:48.342  1513  1625 W ActivityManager: Slow operation: 72ms so far, now at startProcess: returned from zygote!
09-02 02:05:48.342  1513  1625 W ActivityManager: Slow operation: 73ms so far, now at startProcess: done updating battery stats
09-02 02:05:48.342  1513  1625 W ActivityManager: Slow operation: 73ms so far, now at startProcess: building log message
09-02 02:05:48.342  1513  1625 I ActivityManager: Start proc 18586:com.android.chrome:sandboxed_process0:org.chromium.content.app.SandboxedProcessService0:8/u0ai8 for  {com.android.chrome/org.chromium.content.app.SandboxedProcessService0:8}
09-02 02:05:48.342  1513  1625 W ActivityManager: Slow operation: 73ms so far, now at startProcess: starting to update pids map
09-02 02:05:48.342  1513  1625 W ActivityManager: Slow operation: 73ms so far, now at startProcess: done updating pids map
09-02 02:05:48.345 18586 18586 E libc    : SetHeapTaggingLevel: re-enabling tagging after it was disabled is not supported
09-02 02:05:48.352 18526 18526 W SystemServiceRegistry: No service published for: uimode
09-02 02:05:48.354 18273 18273 I cr_tabmodel: #isIncognitoTabBeingRestored from tabDetails:  false
09-02 02:05:48.354 18273 18273 I cr_tabmodel: #isIncognitoTabBeingRestored from tabDetails:  false
09-02 02:05:48.354 18273 18273 W cr_tabmodel: Failed to restore TabState; creating Tab with last known URL.
09-02 02:05:48.361 18586 18586 E ocessService0:: Not starting debugger since process cannot load the jdwp agent.
09-02 02:05:48.364 18506 18506 W SystemServiceRegistry: No service published for: uimode
09-02 02:05:48.364 18526 18526 I cr_ChildProcessService: Creating new ChildProcessService pid=18526
09-02 02:05:48.367  1513  3223 D CompatibilityChangeReporter: Compat change id reported: 136274596; UID 10220; state: ENABLED
09-02 02:05:48.370 18273 18273 E cr_IntentUtils: getBooleanExtra failed on intent null
09-02 02:05:48.370 18273 18273 E cr_IntentUtils: getBooleanExtra failed on intent null
09-02 02:05:48.370  1513  3232 D CompatibilityChangeReporter: Compat change id reported: 135634846; UID 10220; state: DISABLED
09-02 02:05:48.370  1513  3232 D CompatibilityChangeReporter: Compat change id reported: 135754954; UID 10220; state: ENABLED
09-02 02:05:48.371 18506 18506 I cr_ChildProcessService: Creating new ChildProcessService pid=18506
09-02 02:05:48.379 18526 18570 I cr_LibraryLoader: Using ModernLinker
09-02 02:05:48.382 18526 18570 W linker  : Warning: "/data/app/~~_KLlx60MH8CoecPTjMKp8g==/com.android.chrome-kw9RHYrlHKb9bPXi8OTClw==/base.apk!/lib/arm64-v8a/libchromium_android_linker.so" unused DT entry: unknown processor-specific (type 0x70000001 arg 0x0) (ignoring)
09-02 02:05:48.382 18273 18273 I cr_tabmodel: #isIncognitoTabBeingRestored from tabDetails:  false
09-02 02:05:48.382 18273 18273 I cr_tabmodel: #isIncognitoTabBeingRestored from tabDetails:  false
09-02 02:05:48.382 18273 18273 W cr_tabmodel: Failed to restore TabState; creating Tab with last known URL.
09-02 02:05:48.383 18506 18558 I cr_LibraryLoader: Using ModernLinker
09-02 02:05:48.384 18526 18570 E cr_ChromiumAndroidLinker: ReserveAddressWithHint: Address range starting at 0x7a38750000 was not free to use
09-02 02:05:48.386 18506 18558 W linker  : Warning: "/data/app/~~_KLlx60MH8CoecPTjMKp8g==/com.android.chrome-kw9RHYrlHKb9bPXi8OTClw==/base.apk!/lib/arm64-v8a/libchromium_android_linker.so" unused DT entry: unknown processor-specific (type 0x70000001 arg 0x0) (ignoring)
09-02 02:05:48.387 18506 18558 E cr_ChromiumAndroidLinker: ReserveAddressWithHint: Address range starting at 0x7a38750000 was not free to use
09-02 02:05:48.390 18526 18606 I cr_LibraryLoader: Successfully loaded native library
09-02 02:05:48.391 18526 18606 I cr_CachingUmaRecorder: Flushed 3 samples from 3 histograms.
09-02 02:05:48.396 18273 18273 E cr_IntentUtils: getBooleanExtra failed on intent null
09-02 02:05:48.396 18273 18273 E cr_IntentUtils: getBooleanExtra failed on intent null
09-02 02:05:48.397 18506 18612 I cr_LibraryLoader: Successfully loaded native library
09-02 02:05:48.397  1513  3223 D CompatibilityChangeReporter: Compat change id reported: 136274596; UID 10220; state: ENABLED
09-02 02:05:48.400 18506 18612 I cr_CachingUmaRecorder: Flushed 3 samples from 3 histograms.
09-02 02:05:48.400 18325 18325 D Zygote  : Forked child process 18620
09-02 02:05:48.406 18273 18273 I cr_tabmodel: #isIncognitoTabBeingRestored from tabDetails:  false
09-02 02:05:48.406 18273 18273 I cr_tabmodel: #isIncognitoTabBeingRestored from tabDetails:  false
09-02 02:05:48.406 18273 18273 W cr_tabmodel: Failed to restore TabState; creating Tab with last known URL.
09-02 02:05:48.408 18620 18620 E libc    : SetHeapTaggingLevel: re-enabling tagging after it was disabled is not supported
09-02 02:05:48.412  1513  1625 W ActivityManager: Slow operation: 94ms so far, now at startProcess: returned from zygote!
09-02 02:05:48.412  1513  1625 W ActivityManager: Slow operation: 95ms so far, now at startProcess: done updating battery stats
09-02 02:05:48.412  1513  1625 W ActivityManager: Slow operation: 95ms so far, now at startProcess: building log message
09-02 02:05:48.412  1513  1625 I ActivityManager: Start proc 18620:com.android.chrome:sandboxed_process0:org.chromium.content.app.SandboxedProcessService0:9/u0ai9 for  {com.android.chrome/org.chromium.content.app.SandboxedProcessService0:9}
09-02 02:05:48.412  1513  1625 W ActivityManager: Slow operation: 95ms so far, now at startProcess: starting to update pids map
09-02 02:05:48.413  1513  1625 W ActivityManager: Slow operation: 95ms so far, now at startProcess: done updating pids map
09-02 02:05:48.413  1513  1625 W ActivityManager: Slow operation: 76ms so far, now at startProcess: asking zygote to start proc
09-02 02:05:48.413  1513  1625 D CompatibilityChangeReporter: Compat change id reported: 143937733; UID 10220; state: ENABLED
09-02 02:05:48.419  1513  3223 D CompatibilityChangeReporter: Compat change id reported: 135634846; UID 10220; state: DISABLED
09-02 02:05:48.419  1513  3223 D CompatibilityChangeReporter: Compat change id reported: 135754954; UID 10220; state: ENABLED
09-02 02:05:48.420 18273 18273 E cr_IntentUtils: getBooleanExtra failed on intent null
09-02 02:05:48.420 18273 18273 E cr_IntentUtils: getBooleanExtra failed on intent null
09-02 02:05:48.426 18273 18273 I cr_tabmodel: #isIncognitoTabBeingRestored from tabDetails:  false
09-02 02:05:48.426 18273 18273 I cr_tabmodel: #isIncognitoTabBeingRestored from tabDetails:  false
09-02 02:05:48.426 18273 18273 W cr_tabmodel: Failed to restore TabState; creating Tab with last known URL.
09-02 02:05:48.427 18563 18563 I LoadedApk: No resource references to update in package com.google.android.trichromelibrary
09-02 02:05:48.435 18563 18563 D NetworkSecurityConfig: Using Network Security Config from resource 0_resource_name_obfuscated debugBuild: false
09-02 02:05:48.436 18563 18563 D NetworkSecurityConfig: Using Network Security Config from resource 0_resource_name_obfuscated debugBuild: false
09-02 02:05:48.438 18586 18586 I LoadedApk: No resource references to update in package com.google.android.trichromelibrary
09-02 02:05:48.438 18563 18563 I cr_SplitCompatApp: Launched version=107.0.5304.91 minSdkVersion=29 isBundle=true processName=com.android.chrome:sandboxed_process0:org.chromium.content.app.SandboxedProcessService0:7 isIsolated=true
09-02 02:05:48.438 18586 18586 D NetworkSecurityConfig: Using Network Security Config from resource 0_resource_name_obfuscated debugBuild: false
09-02 02:05:48.439 18273 18273 E cr_IntentUtils: getBooleanExtra failed on intent null
09-02 02:05:48.439 18273 18273 E cr_IntentUtils: getBooleanExtra failed on intent null
09-02 02:05:48.442 18620 18620 E ocessService0:: Not starting debugger since process cannot load the jdwp agent.
09-02 02:05:48.446 18586 18586 D NetworkSecurityConfig: Using Network Security Config from resource 0_resource_name_obfuscated debugBuild: false
09-02 02:05:48.449 18586 18586 I cr_SplitCompatApp: Launched version=107.0.5304.91 minSdkVersion=29 isBundle=true processName=com.android.chrome:sandboxed_process0:org.chromium.content.app.SandboxedProcessService0:8 isIsolated=true
09-02 02:05:48.451 18273 18273 I cr_tabmodel: #isIncognitoTabBeingRestored from tabDetails:  false
09-02 02:05:48.451 18273 18273 I cr_tabmodel: #isIncognitoTabBeingRestored from tabDetails:  false
09-02 02:05:48.451 18273 18273 W cr_tabmodel: Failed to restore TabState; creating Tab with last known URL.
09-02 02:05:48.459 18563 18563 W SystemServiceRegistry: No service published for: uimode
09-02 02:05:48.462 18273 18273 E cr_IntentUtils: getBooleanExtra failed on intent null
09-02 02:05:48.462 18273 18273 E cr_IntentUtils: getBooleanExtra failed on intent null
09-02 02:05:48.466 18563 18563 I cr_ChildProcessService: Creating new ChildProcessService pid=18563
09-02 02:05:48.469 18273 18273 I cr_tabmodel: #isIncognitoTabBeingRestored from tabDetails:  false
09-02 02:05:48.469 18273 18273 I cr_tabmodel: #isIncognitoTabBeingRestored from tabDetails:  false
09-02 02:05:48.469 18273 18273 W cr_tabmodel: Failed to restore TabState; creating Tab with last known URL.
09-02 02:05:48.475  1513  3232 D CompatibilityChangeReporter: Compat change id reported: 136274596; UID 10220; state: ENABLED
09-02 02:05:48.475  2230  2580 D DhcpClient: Unicasting DHCPREQUEST ciaddr=192.168.88.174 request=0.0.0.0 serverid=null to /192.168.88.1:67
09-02 02:05:48.479 18325 18325 D Zygote  : Forked child process 18659
09-02 02:05:48.479  1513  3232 D CompatibilityChangeReporter: Compat change id reported: 135634846; UID 10220; state: DISABLED
09-02 02:05:48.479  1513  3232 D CompatibilityChangeReporter: Compat change id reported: 135754954; UID 10220; state: ENABLED
09-02 02:05:48.483 18563 18614 I cr_LibraryLoader: Using ModernLinker
09-02 02:05:48.484 18563 18614 W linker  : Warning: "/data/app/~~_KLlx60MH8CoecPTjMKp8g==/com.android.chrome-kw9RHYrlHKb9bPXi8OTClw==/base.apk!/lib/arm64-v8a/libchromium_android_linker.so" unused DT entry: unknown processor-specific (type 0x70000001 arg 0x0) (ignoring)
09-02 02:05:48.485 18273 18273 E cr_IntentUtils: getBooleanExtra failed on intent null
09-02 02:05:48.485 18273 18273 E cr_IntentUtils: getBooleanExtra failed on intent null
09-02 02:05:48.485 18563 18614 E cr_ChromiumAndroidLinker: ReserveAddressWithHint: Address range starting at 0x7a38750000 was not free to use
09-02 02:05:48.488 18586 18586 W SystemServiceRegistry: No service published for: uimode
09-02 02:05:48.490  1513  1625 W ActivityManager: Slow operation: 153ms so far, now at startProcess: returned from zygote!
09-02 02:05:48.490  1513  1625 W ActivityManager: Slow operation: 154ms so far, now at startProcess: done updating battery stats
09-02 02:05:48.490  1513  1625 W ActivityManager: Slow operation: 154ms so far, now at startProcess: building log message
09-02 02:05:48.490  1513  1625 I ActivityManager: Start proc 18659:com.android.chrome:sandboxed_process0:org.chromium.content.app.SandboxedProcessService0:10/u0ai10 for  {com.android.chrome/org.chromium.content.app.SandboxedProcessService0:10}
09-02 02:05:48.490  1513  1625 W ActivityManager: Slow operation: 154ms so far, now at startProcess: starting to update pids map
09-02 02:05:48.491  1513  1625 W ActivityManager: Slow operation: 154ms so far, now at startProcess: done updating pids map
09-02 02:05:48.491  1513  1625 W ActivityManager: Slow operation: 121ms so far, now at startProcess: asking zygote to start proc
09-02 02:05:48.491  1513  1625 D CompatibilityChangeReporter: Compat change id reported: 143937733; UID 10220; state: ENABLED
09-02 02:05:48.492 18273 18273 I cr_tabmodel: #isIncognitoTabBeingRestored from tabDetails:  false
09-02 02:05:48.492 18273 18273 I cr_tabmodel: #isIncognitoTabBeingRestored from tabDetails:  false
09-02 02:05:48.492 18273 18273 W cr_tabmodel: Failed to restore TabState; creating Tab with last known URL.
09-02 02:05:48.493 18659 18659 E libc    : SetHeapTaggingLevel: re-enabling tagging after it was disabled is not supported
09-02 02:05:48.496 18586 18586 I cr_ChildProcessService: Creating new ChildProcessService pid=18586
09-02 02:05:48.498 18563 18656 I cr_LibraryLoader: Successfully loaded native library
09-02 02:05:48.499 18563 18656 I cr_CachingUmaRecorder: Flushed 3 samples from 3 histograms.
09-02 02:05:48.501 18586 18618 I cr_LibraryLoader: Using ModernLinker
09-02 02:05:48.507 18325 18325 D Zygote  : Forked child process 18675
09-02 02:05:48.508 18273 18273 E cr_IntentUtils: getBooleanExtra failed on intent null
09-02 02:05:48.508 18273 18273 E cr_IntentUtils: getBooleanExtra failed on intent null
09-02 02:05:48.508  1513  1625 W ActivityManager: Slow operation: 139ms so far, now at startProcess: returned from zygote!
09-02 02:05:48.508  1513  1625 W ActivityManager: Slow operation: 139ms so far, now at startProcess: done updating battery stats
09-02 02:05:48.508  1513  1625 W ActivityManager: Slow operation: 139ms so far, now at startProcess: building log message
09-02 02:05:48.508  1513  1625 I ActivityManager: Start proc 18675:com.android.chrome:sandboxed_process0:org.chromium.content.app.SandboxedProcessService0:11/u0ai11 for  {com.android.chrome/org.chromium.content.app.SandboxedProcessService0:11}
09-02 02:05:48.508  1513  1625 W ActivityManager: Slow operation: 139ms so far, now at startProcess: starting to update pids map
09-02 02:05:48.510  1513  1625 W ActivityManager: Slow operation: 140ms so far, now at startProcess: done updating pids map
09-02 02:05:48.510  1513  1625 W ActivityManager: Slow operation: 116ms so far, now at startProcess: asking zygote to start proc
09-02 02:05:48.512 18659 18659 E cessService0:1: Not starting debugger since process cannot load the jdwp agent.
09-02 02:05:48.515 18273 18273 I cr_tabmodel: #isIncognitoTabBeingRestored from tabDetails:  false
09-02 02:05:48.515 18273 18273 I cr_tabmodel: #isIncognitoTabBeingRestored from tabDetails:  false
09-02 02:05:48.515 18273 18273 W cr_tabmodel: Failed to restore TabState; creating Tab with last known URL.
09-02 02:05:48.515 18586 18618 W linker  : Warning: "/data/app/~~_KLlx60MH8CoecPTjMKp8g==/com.android.chrome-kw9RHYrlHKb9bPXi8OTClw==/base.apk!/lib/arm64-v8a/libchromium_android_linker.so" unused DT entry: unknown processor-specific (type 0x70000001 arg 0x0) (ignoring)
09-02 02:05:48.517 18586 18618 E cr_ChromiumAndroidLinker: ReserveAddressWithHint: Address range starting at 0x7a38750000 was not free to use
09-02 02:05:48.519 18620 18620 I LoadedApk: No resource references to update in package com.google.android.trichromelibrary
09-02 02:05:48.519 18620 18620 D NetworkSecurityConfig: Using Network Security Config from resource 0_resource_name_obfuscated debugBuild: false
09-02 02:05:48.520 18620 18620 D NetworkSecurityConfig: Using Network Security Config from resource 0_resource_name_obfuscated debugBuild: false
09-02 02:05:48.522 18620 18620 I cr_SplitCompatApp: Launched version=107.0.5304.91 minSdkVersion=29 isBundle=true processName=com.android.chrome:sandboxed_process0:org.chromium.content.app.SandboxedProcessService0:9 isIsolated=true
09-02 02:05:48.531 18273 18273 E cr_IntentUtils: getBooleanExtra failed on intent null
09-02 02:05:48.531 18273 18273 E cr_IntentUtils: getBooleanExtra failed on intent null
09-02 02:05:48.533 18675 18675 E libc    : SetHeapTaggingLevel: re-enabling tagging after it was disabled is not supported
09-02 02:05:48.536 18586 18666 I cr_LibraryLoader: Successfully loaded native library
09-02 02:05:48.537 18273 18273 I cr_tabmodel: #isIncognitoTabBeingRestored from tabDetails:  false
09-02 02:05:48.537 18273 18273 I cr_tabmodel: #isIncognitoTabBeingRestored from tabDetails:  false
09-02 02:05:48.537 18273 18273 W cr_tabmodel: Failed to restore TabState; creating Tab with last known URL.
09-02 02:05:48.539 18620 18620 W SystemServiceRegistry: No service published for: uimode
09-02 02:05:48.542 18586 18666 I cr_CachingUmaRecorder: Flushed 3 samples from 3 histograms.
09-02 02:05:48.551 18273 18273 E cr_IntentUtils: getBooleanExtra failed on intent null
09-02 02:05:48.551 18273 18273 E cr_IntentUtils: getBooleanExtra failed on intent null
09-02 02:05:48.551  1513  3232 D CompatibilityChangeReporter: Compat change id reported: 136274596; UID 10220; state: ENABLED
09-02 02:05:48.554  1513  2013 D CompatibilityChangeReporter: Compat change id reported: 135634846; UID 10220; state: DISABLED
09-02 02:05:48.554  1513  2013 D CompatibilityChangeReporter: Compat change id reported: 135754954; UID 10220; state: ENABLED
09-02 02:05:48.557 18675 18675 E cessService0:1: Not starting debugger since process cannot load the jdwp agent.
09-02 02:05:48.559 18273 18273 I cr_tabmodel: #isIncognitoTabBeingRestored from tabDetails:  false
09-02 02:05:48.559 18273 18273 I cr_tabmodel: #isIncognitoTabBeingRestored from tabDetails:  false
09-02 02:05:48.559 18273 18273 W cr_tabmodel: Failed to restore TabState; creating Tab with last known URL.
09-02 02:05:48.559 18620 18620 I cr_ChildProcessService: Creating new ChildProcessService pid=18620
09-02 02:05:48.576 18273 18273 E cr_IntentUtils: getBooleanExtra failed on intent null
09-02 02:05:48.576 18273 18273 E cr_IntentUtils: getBooleanExtra failed on intent null
09-02 02:05:48.581 18273 18273 I cr_tabmodel: #isIncognitoTabBeingRestored from tabDetails:  false
09-02 02:05:48.581 18273 18273 I cr_tabmodel: #isIncognitoTabBeingRestored from tabDetails:  false
09-02 02:05:48.581 18273 18273 W cr_tabmodel: Failed to restore TabState; creating Tab with last known URL.
09-02 02:05:48.585  1513  3223 D CompatibilityChangeReporter: Compat change id reported: 136274596; UID 10220; state: ENABLED
09-02 02:05:48.593 18273 18273 E cr_IntentUtils: getBooleanExtra failed on intent null
09-02 02:05:48.593 18273 18273 E cr_IntentUtils: getBooleanExtra failed on intent null
09-02 02:05:48.593 18325 18325 D Zygote  : Forked child process 18713
09-02 02:05:48.594  1513  2013 D CompatibilityChangeReporter: Compat change id reported: 135634846; UID 10220; state: DISABLED
09-02 02:05:48.596  1513  2013 D CompatibilityChangeReporter: Compat change id reported: 135754954; UID 10220; state: ENABLED
09-02 02:05:48.597 18659 18659 I LoadedApk: No resource references to update in package com.google.android.trichromelibrary
09-02 02:05:48.597 18659 18659 D NetworkSecurityConfig: Using Network Security Config from resource 0_resource_name_obfuscated debugBuild: false
09-02 02:05:48.599 18273 18273 I cr_tabmodel: #isIncognitoTabBeingRestored from tabDetails:  false
09-02 02:05:48.599  1513  1625 W ActivityManager: Slow operation: 205ms so far, now at startProcess: returned from zygote!
09-02 02:05:48.599 18273 18273 I cr_tabmodel: #isIncognitoTabBeingRestored from tabDetails:  false
09-02 02:05:48.599 18659 18659 D NetworkSecurityConfig: Using Network Security Config from resource 0_resource_name_obfuscated debugBuild: false
09-02 02:05:48.599 18273 18273 W cr_tabmodel: Failed to restore TabState; creating Tab with last known URL.
09-02 02:05:48.599  1513  1625 W ActivityManager: Slow operation: 206ms so far, now at startProcess: done updating battery stats
09-02 02:05:48.599  1513  1625 W ActivityManager: Slow operation: 206ms so far, now at startProcess: building log message
09-02 02:05:48.599  1513  1625 I ActivityManager: Start proc 18713:com.android.chrome:sandboxed_process0:org.chromium.content.app.SandboxedProcessService0:12/u0ai12 for  {com.android.chrome/org.chromium.content.app.SandboxedProcessService0:12}
09-02 02:05:48.599  1513  1625 W ActivityManager: Slow operation: 206ms so far, now at startProcess: starting to update pids map
09-02 02:05:48.599  1513  1625 W ActivityManager: Slow operation: 206ms so far, now at startProcess: done updating pids map
09-02 02:05:48.599  1513  1625 W ActivityManager: Slow operation: 181ms so far, now at startProcess: asking zygote to start proc
09-02 02:05:48.599  1513  1625 D CompatibilityChangeReporter: Compat change id reported: 143937733; UID 10220; state: ENABLED
09-02 02:05:48.600 18620 18665 I cr_LibraryLoader: Using ModernLinker
09-02 02:05:48.600 18713 18713 E libc    : SetHeapTaggingLevel: re-enabling tagging after it was disabled is not supported
09-02 02:05:48.600 18659 18659 I cr_SplitCompatApp: Launched version=107.0.5304.91 minSdkVersion=29 isBundle=true processName=com.android.chrome:sandboxed_process0:org.chromium.content.app.SandboxedProcessService0:10 isIsolated=true
09-02 02:05:48.603 18620 18665 W linker  : Warning: "/data/app/~~_KLlx60MH8CoecPTjMKp8g==/com.android.chrome-kw9RHYrlHKb9bPXi8OTClw==/base.apk!/lib/arm64-v8a/libchromium_android_linker.so" unused DT entry: unknown processor-specific (type 0x70000001 arg 0x0) (ignoring)
09-02 02:05:48.604 18620 18665 E cr_ChromiumAndroidLinker: ReserveAddressWithHint: Address range starting at 0x7a38750000 was not free to use
09-02 02:05:48.611 18620 18703 I cr_LibraryLoader: Successfully loaded native library
09-02 02:05:48.613 18620 18703 I cr_CachingUmaRecorder: Flushed 3 samples from 3 histograms.
09-02 02:05:48.613 18273 18273 E cr_IntentUtils: getBooleanExtra failed on intent null
09-02 02:05:48.613 18273 18273 E cr_IntentUtils: getBooleanExtra failed on intent null
09-02 02:05:48.619 18273 18273 I cr_tabmodel: #isIncognitoTabBeingRestored from tabDetails:  false
09-02 02:05:48.619 18273 18273 I cr_tabmodel: #isIncognitoTabBeingRestored from tabDetails:  false
09-02 02:05:48.619 18273 18273 W cr_tabmodel: Failed to restore TabState; creating Tab with last known URL.
09-02 02:05:48.619 18713 18713 E cessService0:1: Not starting debugger since process cannot load the jdwp agent.
09-02 02:05:48.620 18675 18675 I LoadedApk: No resource references to update in package com.google.android.trichromelibrary
09-02 02:05:48.620 18675 18675 D NetworkSecurityConfig: Using Network Security Config from resource 0_resource_name_obfuscated debugBuild: false
09-02 02:05:48.622  2230  2580 D DhcpClient: Received packet: aa:00:c5:b6:4e:fd ACK: your new IP /192.168.88.174, netmask /255.255.255.0, gateways [/192.168.88.1] DNS servers: /192.168.88.1 /8.8.8.8 /8.8.4.4 , lease time 600
09-02 02:05:48.622 18675 18675 D NetworkSecurityConfig: Using Network Security Config from resource 0_resource_name_obfuscated debugBuild: false
09-02 02:05:48.623  2230  2580 D DhcpClient: Renewed lease: android.net.networkstack.DhcpResults@a50dd9e DHCP server /192.168.88.1 Vendor info null lease 600 seconds Servername 
09-02 02:05:48.624 18675 18675 I cr_SplitCompatApp: Launched version=107.0.5304.91 minSdkVersion=29 isBundle=true processName=com.android.chrome:sandboxed_process0:org.chromium.content.app.SandboxedProcessService0:11 isIsolated=true
09-02 02:05:48.626 18325 18325 D Zygote  : Forked child process 18736
09-02 02:05:48.626 18659 18659 W SystemServiceRegistry: No service published for: uimode
09-02 02:05:48.628  1513  1625 W ActivityManager: Slow operation: 209ms so far, now at startProcess: returned from zygote!
09-02 02:05:48.628  1513  1625 W ActivityManager: Slow operation: 210ms so far, now at startProcess: done updating battery stats
09-02 02:05:48.628  1513  1625 W ActivityManager: Slow operation: 210ms so far, now at startProcess: building log message
09-02 02:05:48.628  1513  1625 I ActivityManager: Start proc 18736:com.android.chrome:sandboxed_process0:org.chromium.content.app.SandboxedProcessService0:13/u0ai13 for  {com.android.chrome/org.chromium.content.app.SandboxedProcessService0:13}
09-02 02:05:48.628  1513  1625 W ActivityManager: Slow operation: 210ms so far, now at startProcess: starting to update pids map
09-02 02:05:48.629  1513  1625 W ActivityManager: Slow operation: 210ms so far, now at startProcess: done updating pids map
09-02 02:05:48.629  1513  1625 W ActivityManager: Slow operation: 192ms so far, now at startProcess: asking zygote to start proc
09-02 02:05:48.633 18273 18273 E cr_IntentUtils: getBooleanExtra failed on intent null
09-02 02:05:48.633 18273 18273 E cr_IntentUtils: getBooleanExtra failed on intent null
09-02 02:05:48.637  2230  2580 D DhcpClient: Scheduling renewal in 299s
09-02 02:05:48.637  2230  2580 D DhcpClient: Scheduling rebind in 524s
09-02 02:05:48.638 18659 18659 I cr_ChildProcessService: Creating new ChildProcessService pid=18659
09-02 02:05:48.639 18273 18273 I cr_tabmodel: #isIncognitoTabBeingRestored from tabDetails:  false
09-02 02:05:48.639 18273 18273 I cr_tabmodel: #isIncognitoTabBeingRestored from tabDetails:  false
09-02 02:05:48.639 18273 18273 W cr_tabmodel: Failed to restore TabState; creating Tab with last known URL.
09-02 02:05:48.642 18736 18736 E libc    : SetHeapTaggingLevel: re-enabling tagging after it was disabled is not supported
09-02 02:05:48.642  2230  2580 D DhcpClient: Scheduling expiry in 599s
09-02 02:05:48.644 18736 18736 E cessService0:1: Not starting debugger since process cannot load the jdwp agent.
09-02 02:05:48.645 18675 18675 W SystemServiceRegistry: No service published for: uimode
09-02 02:05:48.647 18325 18325 D Zygote  : Forked child process 18749
09-02 02:05:48.648  1513  1625 W ActivityManager: Slow operation: 212ms so far, now at startProcess: returned from zygote!
09-02 02:05:48.648  1513  1625 W ActivityManager: Slow operation: 212ms so far, now at startProcess: done updating battery stats
09-02 02:05:48.649  1513  1625 W ActivityManager: Slow operation: 212ms so far, now at startProcess: building log message
09-02 02:05:48.649  1513  1625 I ActivityManager: Start proc 18749:com.android.chrome:sandboxed_process0:org.chromium.content.app.SandboxedProcessService0:14/u0ai14 for  {com.android.chrome/org.chromium.content.app.SandboxedProcessService0:14}
09-02 02:05:48.649  1513  1625 W ActivityManager: Slow operation: 212ms so far, now at startProcess: starting to update pids map
09-02 02:05:48.649  1513  1625 W ActivityManager: Slow operation: 213ms so far, now at startProcess: done updating pids map
09-02 02:05:48.649  1513  1625 W ActivityManager: Slow operation: 188ms so far, now at startProcess: asking zygote to start proc
09-02 02:05:48.649 18749 18749 E libc    : SetHeapTaggingLevel: re-enabling tagging after it was disabled is not supported
09-02 02:05:48.655  2446  4456 D QCNEJ/WlanStaInfoRelay: Received action: android.net.wifi.LINK_CONFIGURATION_CHANGED
09-02 02:05:48.655  2446  4456 E QCNEJ/WlanStaInfoRelay: update link properties given null lp
09-02 02:05:48.655  2446  4456 I QCNEJ/NativeHalConnector: -> SND notifyWlanStaStatusChanged([WlanStaInfo]: wifiSwitchState = 1 rssi = -56 ssid = WiFi 69 bssid = 76:4d:28:12:bf:83 dnsInfo = 192.168.88.1;8.8.8.8;0.0.0.0;0.0.0.0; freqBand = _2GHz countryCode = nl[RatInfo]: networkType = 1 subType = 101 networkState = CONNECTED netHdl = 432902426637 ipAddrV4 = 192.168.88.174 ipAddrV6 =  ifNameV4 = wlan0 ifNameV6 =  slotIdx = 0 isAndroidValidated = true) timeStamp = 2023-09-02 02:05:32.735
09-02 02:05:48.657 18675 18675 I cr_ChildProcessService: Creating new ChildProcessService pid=18675
09-02 02:05:48.659 18273 18273 E cr_IntentUtils: getBooleanExtra failed on intent null
09-02 02:05:48.659 18273 18273 E cr_IntentUtils: getBooleanExtra failed on intent null
09-02 02:05:48.662 18659 18697 I cr_LibraryLoader: Using ModernLinker
09-02 02:05:48.664 18675 18711 I cr_LibraryLoader: Using ModernLinker
09-02 02:05:48.666 18273 18273 I cr_tabmodel: #isIncognitoTabBeingRestored from tabDetails:  false
09-02 02:05:48.666 18273 18273 I cr_tabmodel: #isIncognitoTabBeingRestored from tabDetails:  false
09-02 02:05:48.666 18273 18273 W cr_tabmodel: Failed to restore TabState; creating Tab with last known URL.
09-02 02:05:48.667 18675 18711 W linker  : Warning: "/data/app/~~_KLlx60MH8CoecPTjMKp8g==/com.android.chrome-kw9RHYrlHKb9bPXi8OTClw==/base.apk!/lib/arm64-v8a/libchromium_android_linker.so" unused DT entry: unknown processor-specific (type 0x70000001 arg 0x0) (ignoring)
09-02 02:05:48.669 18659 18697 W linker  : Warning: "/data/app/~~_KLlx60MH8CoecPTjMKp8g==/com.android.chrome-kw9RHYrlHKb9bPXi8OTClw==/base.apk!/lib/arm64-v8a/libchromium_android_linker.so" unused DT entry: unknown processor-specific (type 0x70000001 arg 0x0) (ignoring)
09-02 02:05:48.672 18659 18697 E cr_ChromiumAndroidLinker: ReserveAddressWithHint: Address range starting at 0x7a38750000 was not free to use
09-02 02:05:48.674  8855  8928 I CarrierServices: [11702] hbe.handleMessage: RcsEngineImpl[DUAL_REG]:[31697964-3ba3]>Handler: handleMessage processing message:[NOTIFY_UPTIME_IGNORE_STATE_CHANGED] with [non-null]:RcsEngineImpl reference
09-02 02:05:48.674  8855  8930 I CarrierServices: [11703] gko.c: Connected state: [1], networkType: [WIFI]
09-02 02:05:48.675  2474  2766 E PhoneInterfaceManager: [PhoneIntfMgr] getCarrierPrivilegeStatus: Invalid subId
09-02 02:05:48.676  8855  8928 I CarrierServices: [11702] gyk.h: RCS Configuration storage in Bugle is disabled by p/h flag, using ProvisioningEngineStateCacheUtil.getProvisioningConfigurationForGivenSimIfExist()
09-02 02:05:48.679 18749 18749 E cessService0:1: Not starting debugger since process cannot load the jdwp agent.
09-02 02:05:48.682  1513  2571 D CompatibilityChangeReporter: Compat change id reported: 136274596; UID 10220; state: ENABLED
09-02 02:05:48.682 18325 18325 D Zygote  : Forked child process 18774
09-02 02:05:48.685  1513  2013 D CompatibilityChangeReporter: Compat change id reported: 135634846; UID 10220; state: DISABLED
09-02 02:05:48.685  1513  2013 D CompatibilityChangeReporter: Compat change id reported: 135754954; UID 10220; state: ENABLED
09-02 02:05:48.687 18273 18273 E cr_IntentUtils: getBooleanExtra failed on intent null
09-02 02:05:48.687 18774 18774 E libc    : SetHeapTaggingLevel: re-enabling tagging after it was disabled is not supported
09-02 02:05:48.687 18273 18273 E cr_IntentUtils: getBooleanExtra failed on intent null
09-02 02:05:48.694  1513  2571 D CompatibilityChangeReporter: Compat change id reported: 136274596; UID 10220; state: ENABLED
09-02 02:05:48.695  1513  1625 W ActivityManager: Slow operation: 233ms so far, now at startProcess: returned from zygote!
09-02 02:05:48.695 18659 18754 I cr_LibraryLoader: Successfully loaded native library
09-02 02:05:48.696 18774 18774 E cessService0:1: Not starting debugger since process cannot load the jdwp agent.
09-02 02:05:48.698 18675 18766 I cr_LibraryLoader: Successfully loaded native library
09-02 02:05:48.698  1513  2013 D CompatibilityChangeReporter: Compat change id reported: 136274596; UID 10220; state: ENABLED
09-02 02:05:48.700 18675 18766 I cr_CachingUmaRecorder: Flushed 3 samples from 3 histograms.
09-02 02:05:48.700  1513  1625 W ActivityManager: Slow operation: 239ms so far, now at startProcess: done updating battery stats
09-02 02:05:48.701  1513  1625 W ActivityManager: Slow operation: 239ms so far, now at startProcess: building log message
09-02 02:05:48.701  1513  1625 I ActivityManager: Start proc 18774:com.android.chrome:sandboxed_process0:org.chromium.content.app.SandboxedProcessService0:15/u0ai15 for  {com.android.chrome/org.chromium.content.app.SandboxedProcessService0:15}
09-02 02:05:48.701  1513  1625 W ActivityManager: Slow operation: 239ms so far, now at startProcess: starting to update pids map
09-02 02:05:48.702  1513  1625 W ActivityManager: Slow operation: 241ms so far, now at startProcess: done updating pids map
09-02 02:05:48.702  1513  1625 W ActivityManager: Slow operation: 223ms so far, now at startProcess: asking zygote to start proc
09-02 02:05:48.702  1513  1625 D CompatibilityChangeReporter: Compat change id reported: 143937733; UID 10220; state: ENABLED
09-02 02:05:48.709 18659 18754 I cr_CachingUmaRecorder: Flushed 3 samples from 3 histograms.
09-02 02:05:48.709 18273 18273 I cr_tabmodel: #isIncognitoTabBeingRestored from tabDetails:  false
09-02 02:05:48.709 18273 18273 I cr_tabmodel: #isIncognitoTabBeingRestored from tabDetails:  false
09-02 02:05:48.709 18273 18273 W cr_tabmodel: Failed to restore TabState; creating Tab with last known URL.
09-02 02:05:48.723  1513  3223 D CompatibilityChangeReporter: Compat change id reported: 135634846; UID 10220; state: DISABLED
09-02 02:05:48.723  1513  3223 D CompatibilityChangeReporter: Compat change id reported: 135754954; UID 10220; state: ENABLED
09-02 02:05:48.723 18273 18273 E cr_IntentUtils: getBooleanExtra failed on intent null
09-02 02:05:48.723 18273 18273 E cr_IntentUtils: getBooleanExtra failed on intent null
09-02 02:05:48.730 18273 18273 I cr_tabmodel: #isIncognitoTabBeingRestored from tabDetails:  false
09-02 02:05:48.730 18273 18273 I cr_tabmodel: #isIncognitoTabBeingRestored from tabDetails:  false
09-02 02:05:48.730 18273 18273 W cr_tabmodel: Failed to restore TabState; creating Tab with last known URL.
09-02 02:05:48.733  1513  3232 D CompatibilityChangeReporter: Compat change id reported: 136274596; UID 10220; state: ENABLED
09-02 02:05:48.736  2816 26608 I PhenotypeProcessReaper: Memory state is: 100
09-02 02:05:48.739 18325 18325 D Zygote  : Forked child process 18811
09-02 02:05:48.740  1513  1625 W ActivityManager: Slow operation: 261ms so far, now at startProcess: returned from zygote!
09-02 02:05:48.742  1513  1625 W ActivityManager: Slow operation: 262ms so far, now at startProcess: done updating battery stats
09-02 02:05:48.742  1513  1625 W ActivityManager: Slow operation: 262ms so far, now at startProcess: building log message
09-02 02:05:48.742  1513  1625 I ActivityManager: Start proc 18811:com.android.chrome:sandboxed_process0:org.chromium.content.app.SandboxedProcessService0:16/u0ai16 for  {com.android.chrome/org.chromium.content.app.SandboxedProcessService0:16}
09-02 02:05:48.742  1513  1625 W ActivityManager: Slow operation: 262ms so far, now at startProcess: starting to update pids map
09-02 02:05:48.742  1513  1625 W ActivityManager: Slow operation: 263ms so far, now at startProcess: done updating pids map
09-02 02:05:48.742  1513  1625 W ActivityManager: Slow operation: 236ms so far, now at startProcess: asking zygote to start proc
09-02 02:05:48.742  1513  1625 D CompatibilityChangeReporter: Compat change id reported: 143937733; UID 10220; state: ENABLED
09-02 02:05:48.744 18811 18811 E libc    : SetHeapTaggingLevel: re-enabling tagging after it was disabled is not supported
09-02 02:05:48.745 18713 18713 I LoadedApk: No resource references to update in package com.google.android.trichromelibrary
