09-02 02:04:18.187 17324 17434 I cr_ModernLinker: loadLibraryImplLocked: monochrome_64, relroMode=2
09-02 02:04:18.190 17324 17434 W linker  : Warning: "/data/app/~~pvdNlmkqoAdokjnHYmWQbA==/com.google.android.trichromelibrary_530409134-AZWnkLs2PHY5miTP6ZiTzA==/base.apk!/lib/arm64-v8a/libmonochrome_64.so" unused DT entry: unknown processor-specific (type 0x70000001 arg 0x0) (ignoring)
09-02 02:04:18.202   901  2806 I sensors-hal: [ssc_utils]get_qmi_debug_flag:244, support_qmi_debug : false
09-02 02:04:18.218 17445 17487 I cr_CachingUmaRecorder: Flushed 3 samples from 3 histograms.
09-02 02:04:18.247   901  1000 W ASH     : @ 58244.698: Unhandled msg ID 999: line 1277
09-02 02:04:18.247   901  1000 E ASH     : @ 58244.698: No pb callback assigned
09-02 02:04:18.247   901  1000 E ASH     : @ 58244.698: Nanopb error: callback failed:1588
09-02 02:04:18.273   901  1000 I ASH     : @ 58244.724: tcs3701: ADC is saturated, removed sample from FIFO.
09-02 02:04:18.288   901  1000 D VSC     : @ 58244.738: [WO] tilt angle 87
09-02 02:04:18.295 17469 17489 I cr_CachingUmaRecorder: Flushed 3 samples from 3 histograms.
09-02 02:04:18.325 17303 17393 W linker  : Warning: "/data/app/~~pvdNlmkqoAdokjnHYmWQbA==/com.google.android.trichromelibrary_530409134-AZWnkLs2PHY5miTP6ZiTzA==/base.apk!/lib/arm64-v8a/libmonochrome_64.so" unused DT entry: unknown processor-specific (type 0x70000001 arg 0x0) (ignoring)
09-02 02:04:18.342 17615 17619 I cmd     : oneway function results will be dropped but finished with status OK and parcel size 4
09-02 02:04:18.350 14242 14242 I BatteryMgr:DataCollectionService: onStartCommand: begin
09-02 02:04:18.350 14242 14242 I BatteryMgr:DataCollectionService: onStartCommand: sampleRate => 100
09-02 02:04:18.350 14242 14242 I BatteryMgr:DataCollectionService: onStartCommand: rawFields => Timestamp,BATTERY_PROPERTY_CURRENT_NOW,EXTRA_VOLTAGE
09-02 02:04:18.351 14242 14242 I BatteryMgr:DataCollectionService: onStartCommand: notification done
09-02 02:04:18.353  1513  2571 D CompatibilityChangeReporter: Compat change id reported: 136219221; UID 10260; state: ENABLED
09-02 02:04:18.354 14242 14242 I BatteryMgr:DataCollectionService: started foreground
09-02 02:04:18.361 14242 14257 I manager_utilit: CollectorTransition concurrent copying GC freed 957(119KB) AllocSpace objects, 0(0B) LOS objects, 88% free, 3094KB/27MB, paused 64us total 376.419ms
09-02 02:04:18.370 14242 17622 I BatteryMgr:DataCollectionService: collectData: begin
09-02 02:04:18.371 14242 17622 I BatteryMgr:DataCollectionService: stats => 1693613058371,6103,4394
09-02 02:04:18.474 14242 17622 I BatteryMgr:DataCollectionService: stats => 1693613058474,6103,4394
09-02 02:04:18.557  1513  1513 D NotificationService: 0|com.example.batterymanager_utility|1|null|10260: granting content://settings/system/notification_sound
09-02 02:04:18.558  1513  1513 I chatty  : uid=1000(system) Binder:1513_3 identical 3 lines
09-02 02:04:18.558  1513  1513 D NotificationService: 0|com.example.batterymanager_utility|1|null|10260: granting content://settings/system/notification_sound
09-02 02:04:18.559  1513  1513 W NotificationHistory: Attempted to add notif for locked/gone/disabled user 0
09-02 02:04:18.567  2062  2062 D InterruptionStateProvider: No bubble up: not allowed to bubble: 0|com.example.batterymanager_utility|1|null|10260
09-02 02:04:18.567  2062  2062 D InterruptionStateProvider: No heads up: unimportant notification: 0|com.example.batterymanager_utility|1|null|10260
09-02 02:04:18.579 14242 17622 I BatteryMgr:DataCollectionService: stats => 1693613058579,6103,4394
09-02 02:04:18.600   901  2806 I sensors-hal: [ssc_utils]get_qmi_debug_flag:244, support_qmi_debug : false
09-02 02:04:18.612   901  1000 W ASH     : @ 58245.061: Unhandled msg ID 999: line 1277
09-02 02:04:18.612   901  1000 E ASH     : @ 58245.061: No pb callback assigned
09-02 02:04:18.612   901  1000 E ASH     : @ 58245.061: Nanopb error: callback failed:1588
09-02 02:04:18.682 14242 17622 I BatteryMgr:DataCollectionService: stats => 1693613058682,6103,4394
09-02 02:04:18.786 14242 17622 I BatteryMgr:DataCollectionService: stats => 1693613058786,6103,4394
09-02 02:04:18.890 14242 17622 I BatteryMgr:DataCollectionService: stats => 1693613058890,6103,4394
09-02 02:04:18.946   901  2806 I sensors-hal: [ssc_utils]get_qmi_debug_flag:244, support_qmi_debug : false
09-02 02:04:18.968   901  1000 W ASH     : @ 58245.418: Unhandled msg ID 999: line 1277
09-02 02:04:18.968   901  1000 E ASH     : @ 58245.418: No pb callback assigned
09-02 02:04:18.968   901  1000 E ASH     : @ 58245.418: Nanopb error: callback failed:1588
09-02 02:04:18.993 14242 17622 I BatteryMgr:DataCollectionService: stats => 1693613058993,6103,4394
09-02 02:04:19.097 14242 17622 I BatteryMgr:DataCollectionService: stats => 1693613059097,6103,4394
09-02 02:04:19.117   901  2806 I sensors-hal: [ssc_utils]get_qmi_debug_flag:244, support_qmi_debug : false
09-02 02:04:19.122   594   655 I SDM     : HWDeviceDRM::UpdateMixerAttributes: Mixer WxH 1080x2340-1 for Peripheral
09-02 02:04:19.122   594   655 I SDM     : DisplayBase::SetActiveConfig: Active configuration changed to: 0
09-02 02:04:19.122   594   655 I SDM     : StrategyImpl::SetIdleTimeoutMs: Idle timeout set to zero for command mode panels
09-02 02:04:19.127   901  2806 I sensors-hal: [ssc_utils]get_qmi_debug_flag:244, support_qmi_debug : false
09-02 02:04:19.127   901  1000 W ASH     : @ 58245.578: Unhandled msg ID 999: line 1277
09-02 02:04:19.127   901  1000 E ASH     : @ 58245.578: No pb callback assigned
09-02 02:04:19.128   901  1000 E ASH     : @ 58245.578: Nanopb error: callback failed:1588
09-02 02:04:19.133  1513  1572 I DisplayManagerService: Display device changed: DisplayDeviceInfo{"Built-in Screen": uniqueId="local:19260504575090817", 1080 x 2340, modeId 2, defaultModeId 2, supportedModes [{id=1, width=1080, height=2340, fps=90.0}, {id=2, width=1080, height=2340, fps=60.000004}], colorMode 0, supportedColorModes [0, 7, 9], HdrCapabilities HdrCapabilities{mSupportedHdrTypes=[2, 3, 4], mMaxLuminance=500.0, mMaxAverageLuminance=500.0, mMinLuminance=0.0}, allmSupported false, gameContentTypeSupported false, density 440, 435.428 x 433.839 dpi, appVsyncOff 2333332, presDeadline 11500000, cutout DisplayCutout{insets=Rect(0, 136 - 0, 0) waterfall=Insets{left=0, top=0, right=0, bottom=0} boundingRect={Bounds=[Rect(0, 0 - 0, 0), Rect(0, 0 - 136, 136), Rect(0, 0 - 0, 0), Rect(0, 0 - 0, 0)]}}, touch INTERNAL, rotation 0, type INTERNAL, address {port=129, model=0x446d53ad64a0}, deviceProductInfo DeviceProductInfo{name=, manufacturerPnpId=QCM, productId=1, modelYear=null, manufactureDate=ManufactureDate{week=27, year=2006}, relativeAddress=null}, state ON, FLAG_DEFAULT_DISPLAY, FLAG_ROTATES_WITH_CONTENT, FLAG_SECURE, FLAG_SUPPORTS_PROTECTED_BUFFERS}
09-02 02:04:19.134   594   655 I SDM     : StrategyImpl::SetIdleTimeoutMs: Idle timeout set to zero for command mode panels
09-02 02:04:19.148   901  1000 W ASH     : @ 58245.598: Unhandled msg ID 999: line 1277
09-02 02:04:19.148   901  1000 E ASH     : @ 58245.598: No pb callback assigned
09-02 02:04:19.148   901  1000 E ASH     : @ 58245.598: Nanopb error: callback failed:1588
09-02 02:04:19.201 14242 17622 I BatteryMgr:DataCollectionService: stats => 1693613059201,6103,4394
09-02 02:04:19.304 14242 17622 I BatteryMgr:DataCollectionService: stats => 1693613059304,6103,4394
09-02 02:04:19.408 14242 17622 I BatteryMgr:DataCollectionService: stats => 1693613059408,6103,4394
09-02 02:04:19.512 14242 17622 I BatteryMgr:DataCollectionService: stats => 1693613059511,6103,4394
09-02 02:04:19.616 14242 17622 I BatteryMgr:DataCollectionService: stats => 1693613059616,6103,4394
09-02 02:04:19.719 14242 17622 I BatteryMgr:DataCollectionService: stats => 1693613059719,6103,4394
09-02 02:04:19.823 14242 17622 I BatteryMgr:DataCollectionService: stats => 1693613059823,6103,4394
09-02 02:04:19.927 14242 17622 I BatteryMgr:DataCollectionService: stats => 1693613059927,6103,4394
09-02 02:04:20.032 14242 17622 I BatteryMgr:DataCollectionService: stats => 1693613060032,6103,4394
09-02 02:04:20.136 14242 17622 I BatteryMgr:DataCollectionService: stats => 1693613060136,6103,4394
09-02 02:04:20.228  1513  2000 D ConnectivityService: NetReassign [no changes]
09-02 02:04:20.239 14242 17622 I BatteryMgr:DataCollectionService: stats => 1693613060239,6103,4394
09-02 02:04:20.288   901  1000 D VSC     : @ 58246.738: [WO] tilt angle 87
09-02 02:04:20.342 14242 17622 I BatteryMgr:DataCollectionService: stats => 1693613060342,6103,4394
09-02 02:04:20.446 14242 17622 I BatteryMgr:DataCollectionService: stats => 1693613060446,6103,4394
09-02 02:04:20.550 14242 17622 I BatteryMgr:DataCollectionService: stats => 1693613060550,6103,4394
09-02 02:04:20.654 14242 17622 I BatteryMgr:DataCollectionService: stats => 1693613060654,6103,4394
09-02 02:04:20.757 14242 17622 I BatteryMgr:DataCollectionService: stats => 1693613060757,6103,4394
09-02 02:04:20.772 17357 17465 I cr_LibraryLoader: Successfully loaded native library
09-02 02:04:20.774 17357 17465 I cr_CachingUmaRecorder: Flushed 11 samples from 11 histograms.
09-02 02:04:20.782 17412 17471 I cr_LibraryLoader: Successfully loaded native library
09-02 02:04:20.784 17412 17471 I cr_CachingUmaRecorder: Flushed 11 samples from 11 histograms.
09-02 02:04:20.861 14242 17622 I BatteryMgr:DataCollectionService: stats => 1693613060861,6103,4394
09-02 02:04:20.964 14242 17622 I BatteryMgr:DataCollectionService: stats => 1693613060964,6103,4394
09-02 02:04:21.068 14242 17622 I BatteryMgr:DataCollectionService: stats => 1693613061068,6103,4394
09-02 02:04:21.116  2318  2318 I wpa_supplicant: wlan0: WPA: Group rekeying completed with 76:4d:28:12:bf:83 [GTK=CCMP]
09-02 02:04:21.128  8855  8930 I CarrierServices: [11703] gko.c: Connected state: [1], networkType: [WIFI]
09-02 02:04:21.131  8855  8928 I CarrierServices: [11702] hbe.handleMessage: RcsEngineImpl[DUAL_REG]:[31697964-3ba3]>Handler: handleMessage processing message:[NOTIFY_UPTIME_IGNORE_STATE_CHANGED] with [non-null]:RcsEngineImpl reference
09-02 02:04:21.134  2474  2766 E PhoneInterfaceManager: [PhoneIntfMgr] getCarrierPrivilegeStatus: Invalid subId
09-02 02:04:21.134  8855  8928 I CarrierServices: [11702] gyk.h: RCS Configuration storage in Bugle is disabled by p/h flag, using ProvisioningEngineStateCacheUtil.getProvisioningConfigurationForGivenSimIfExist()
09-02 02:04:21.172 14242 17622 I BatteryMgr:DataCollectionService: stats => 1693613061172,6103,4394
09-02 02:04:21.276 14242 17622 I BatteryMgr:DataCollectionService: stats => 1693613061276,6103,4394
09-02 02:04:21.381 14242 17622 I BatteryMgr:DataCollectionService: stats => 1693613061381,6103,4394
09-02 02:04:21.484 14242 17622 I BatteryMgr:DataCollectionService: stats => 1693613061484,6103,4394
09-02 02:04:21.531 17303 17393 I cr_LibraryLoader: Successfully loaded native library
09-02 02:04:21.533 17303 17393 I cr_CachingUmaRecorder: Flushed 11 samples from 11 histograms.
09-02 02:04:21.588 14242 17622 I BatteryMgr:DataCollectionService: stats => 1693613061588,6103,4394
09-02 02:04:21.692 14242 17622 I BatteryMgr:DataCollectionService: stats => 1693613061692,6103,4394
09-02 02:04:21.730 17324 17434 I cr_LibraryLoader: Successfully loaded native library
09-02 02:04:21.732 17324 17434 I cr_CachingUmaRecorder: Flushed 11 samples from 11 histograms.
09-02 02:04:21.797 14242 17622 I BatteryMgr:DataCollectionService: stats => 1693613061796,6103,4394
09-02 02:04:21.901 14242 17622 I BatteryMgr:DataCollectionService: stats => 1693613061900,6103,4394
09-02 02:04:22.005 14242 17622 I BatteryMgr:DataCollectionService: stats => 1693613062005,6103,4394
09-02 02:04:22.110 14242 17622 I BatteryMgr:DataCollectionService: stats => 1693613062110,6103,4394
09-02 02:04:22.211  1513  3227 W UriGrantsManagerService: No permission grants found for com.google.android.apps.photos
09-02 02:04:22.215 14242 17622 I BatteryMgr:DataCollectionService: stats => 1693613062214,6103,4394
09-02 02:04:22.319 14242 17622 I BatteryMgr:DataCollectionService: stats => 1693613062319,6103,4394
09-02 02:04:22.328   901  1000 D VSC     : @ 58248.778: [WO] tilt angle 87
09-02 02:04:22.378  1513  3227 W UriGrantsManagerService: No permission grants found for com.google.android.apps.photos
09-02 02:04:22.415 14406 14406 I Zygote  : Process 14618 exited due to signal 9 (Killed)
09-02 02:04:22.419 14303 14303 I cr_TabWebContentsObs: renderProcessGone() for tab id: 5698, already needs reload: false
09-02 02:04:22.424 14242 17622 I BatteryMgr:DataCollectionService: stats => 1693613062424,6103,4394
09-02 02:04:22.457  1513  2180 W UriGrantsManagerService: No permission grants found for com.google.android.apps.photos
09-02 02:04:22.482  1513  2180 I chatty  : uid=1000(system) Binder:1513_7 identical 2 lines
09-02 02:04:22.483  1513  2180 W UriGrantsManagerService: No permission grants found for com.google.android.apps.photos
09-02 02:04:22.527 14242 17622 I BatteryMgr:DataCollectionService: stats => 1693613062527,6103,4394
09-02 02:04:22.631 14242 17622 I BatteryMgr:DataCollectionService: stats => 1693613062631,6103,4394
09-02 02:04:22.649  9499  9499 D BoundBrokerSvc: onUnbind: Intent { act=com.google.android.gms.inappreach.service.START dat=chimera-action: cmp=com.google.android.gms/.chimera.GmsApiService }
09-02 02:04:22.734 14242 17622 I BatteryMgr:DataCollectionService: stats => 1693613062734,6103,4394
09-02 02:04:22.839 14242 17622 I BatteryMgr:DataCollectionService: stats => 1693613062839,6103,4394
09-02 02:04:22.944 14242 17622 I BatteryMgr:DataCollectionService: stats => 1693613062944,6103,4394
09-02 02:04:23.050 14242 17622 I BatteryMgr:DataCollectionService: stats => 1693613063050,6103,4394
09-02 02:04:23.157 14242 17622 I BatteryMgr:DataCollectionService: stats => 1693613063156,6103,4394
09-02 02:04:23.242  1513  2000 D ConnectivityService: NetReassign [no changes]
09-02 02:04:23.263 14242 17622 I BatteryMgr:DataCollectionService: stats => 1693613063263,6103,4394
09-02 02:04:23.367 14242 17622 I BatteryMgr:DataCollectionService: stats => 1693613063367,6103,4394
09-02 02:04:23.472 14242 17622 I BatteryMgr:DataCollectionService: stats => 1693613063472,6103,4394
09-02 02:04:23.579 14242 17622 I BatteryMgr:DataCollectionService: stats => 1693613063578,6103,4394
09-02 02:04:23.683 14242 17622 I BatteryMgr:DataCollectionService: stats => 1693613063683,6103,4394
09-02 02:04:23.790 14242 17622 I BatteryMgr:DataCollectionService: stats => 1693613063789,6103,4394
09-02 02:04:23.896 14303 14303 E cr_BTSPrefs: No data found for task id: 56
09-02 02:04:23.896 14303 14303 E cr_BkgrdTaskScheduler: Task cannot be canceled because no data was found instorage or data was invalid
09-02 02:04:23.897 14242 17622 I BatteryMgr:DataCollectionService: stats => 1693613063897,6103,4394
09-02 02:04:24.005 14242 17622 I BatteryMgr:DataCollectionService: stats => 1693613064005,6103,4394
09-02 02:04:24.112 14242 17622 I BatteryMgr:DataCollectionService: stats => 1693613064112,6103,4394
09-02 02:04:24.218 14242 17622 I BatteryMgr:DataCollectionService: stats => 1693613064218,6103,4394
09-02 02:04:24.324 14242 17622 I BatteryMgr:DataCollectionService: stats => 1693613064324,6103,4394
09-02 02:04:24.328   901  1000 D VSC     : @ 58250.778: [WO] tilt angle 87
09-02 02:04:24.429 14242 17622 I BatteryMgr:DataCollectionService: stats => 1693613064429,6103,4394
09-02 02:04:24.534 14242 17622 I BatteryMgr:DataCollectionService: stats => 1693613064533,6103,4394
09-02 02:04:24.639 14242 17622 I BatteryMgr:DataCollectionService: stats => 1693613064639,6103,4394
09-02 02:04:24.746 14242 17622 I BatteryMgr:DataCollectionService: stats => 1693613064746,6103,4394
09-02 02:04:24.854 14242 17622 I BatteryMgr:DataCollectionService: stats => 1693613064853,6103,4394
09-02 02:04:24.961 14242 17622 I BatteryMgr:DataCollectionService: stats => 1693613064960,6103,4394
09-02 02:04:25.067 14242 17622 I BatteryMgr:DataCollectionService: stats => 1693613065067,6103,4394
09-02 02:04:25.174 14242 17622 I BatteryMgr:DataCollectionService: stats => 1693613065173,6103,4394
09-02 02:04:25.280 14242 17622 I BatteryMgr:DataCollectionService: stats => 1693613065280,6103,4394
09-02 02:04:25.386 14242 17622 I BatteryMgr:DataCollectionService: stats => 1693613065386,6103,4394
09-02 02:04:25.492 14242 17622 I BatteryMgr:DataCollectionService: stats => 1693613065492,6103,4394
09-02 02:04:25.599 14242 17622 I BatteryMgr:DataCollectionService: stats => 1693613065599,6103,4394
09-02 02:04:25.704 14242 17622 I BatteryMgr:DataCollectionService: stats => 1693613065704,6103,4394
09-02 02:04:25.811 14242 17622 I BatteryMgr:DataCollectionService: stats => 1693613065810,6103,4394
09-02 02:04:25.919 14242 17622 I BatteryMgr:DataCollectionService: stats => 1693613065919,6103,4394
09-02 02:04:26.025 14242 17622 I BatteryMgr:DataCollectionService: stats => 1693613066025,6103,4394
09-02 02:04:26.135 14242 17622 I BatteryMgr:DataCollectionService: stats => 1693613066135,6103,4394
09-02 02:04:26.242 14242 17622 I BatteryMgr:DataCollectionService: stats => 1693613066242,13427,4394
09-02 02:04:26.260  1513  2000 D ConnectivityService: NetReassign [no changes]
09-02 02:04:26.328   901  1000 D VSC     : @ 58252.778: [WO] tilt angle 87
09-02 02:04:26.347 14242 17622 I BatteryMgr:DataCollectionService: stats => 1693613066347,13427,4394
09-02 02:04:26.454 14242 17622 I BatteryMgr:DataCollectionService: stats => 1693613066454,13427,4394
09-02 02:04:26.563 14242 17622 I BatteryMgr:DataCollectionService: stats => 1693613066563,13427,4394
09-02 02:04:26.607  1513  3375 I ActivityTaskManager: START u0 {act=android.intent.action.VIEW dat=http://192.168.88.177:8000/... flg=0x10000000 cmp=com.android.chrome/com.google.android.apps.chrome.Main} from uid 2000
09-02 02:04:26.608  1513  1572 D EventSequenceValidator: Transition from ACTIVITY_FINISHED to INTENT_STARTED
09-02 02:04:26.611  1513  1572 D EventSequenceValidator: Transition from INTENT_STARTED to INTENT_FAILED
09-02 02:04:26.637   594   655 I SDM     : HWDeviceDRM::UpdateMixerAttributes: Mixer WxH 1080x2340-1 for Peripheral
09-02 02:04:26.637   594   655 I SDM     : DisplayBase::SetActiveConfig: Active configuration changed to: 1
09-02 02:04:26.638   594   655 I SDM     : StrategyImpl::SetIdleTimeoutMs: Idle timeout set to zero for command mode panels
09-02 02:04:26.639 14303 14303 E cr_IntentUtils: getInt failed on bundle null
09-02 02:04:26.641  1513  1572 I DisplayManagerService: Display device changed: DisplayDeviceInfo{"Built-in Screen": uniqueId="local:19260504575090817", 1080 x 2340, modeId 1, defaultModeId 2, supportedModes [{id=1, width=1080, height=2340, fps=90.0}, {id=2, width=1080, height=2340, fps=60.000004}], colorMode 0, supportedColorModes [0, 7, 9], HdrCapabilities HdrCapabilities{mSupportedHdrTypes=[2, 3, 4], mMaxLuminance=500.0, mMaxAverageLuminance=500.0, mMinLuminance=0.0}, allmSupported false, gameContentTypeSupported false, density 440, 435.428 x 433.839 dpi, appVsyncOff 2333333, presDeadline 11500000, cutout DisplayCutout{insets=Rect(0, 136 - 0, 0) waterfall=Insets{left=0, top=0, right=0, bottom=0} boundingRect={Bounds=[Rect(0, 0 - 0, 0), Rect(0, 0 - 136, 136), Rect(0, 0 - 0, 0), Rect(0, 0 - 0, 0)]}}, touch INTERNAL, rotation 0, type INTERNAL, address {port=129, model=0x446d53ad64a0}, deviceProductInfo DeviceProductInfo{name=, manufacturerPnpId=QCM, productId=1, modelYear=null, manufactureDate=ManufactureDate{week=27, year=2006}, relativeAddress=null}, state ON, FLAG_DEFAULT_DISPLAY, FLAG_ROTATES_WITH_CONTENT, FLAG_SECURE, FLAG_SUPPORTS_PROTECTED_BUFFERS}
09-02 02:04:26.642   901  2806 I sensors-hal: [ssc_utils]get_qmi_debug_flag:244, support_qmi_debug : false
09-02 02:04:26.647 14303 14405 W cr_ChildConnAllocator: Ran out of UIDs to allocate.
09-02 02:04:26.662 14765 14765 I cr_ChildProcessService: Destroying ChildProcessService pid=14765
09-02 02:04:26.663  1513  3375 I ActivityManager: Killing 14765:com.android.chrome:sandboxed_process0:org.chromium.content.app.SandboxedProcessService0:9/u0a220i-8991 (adj 0): isolated not needed
09-02 02:04:26.666  1513  1640 I libprocessgroup: Successfully killed process cgroup uid 90009 pid 14765 in 0ms
09-02 02:04:26.674 14242 17622 I BatteryMgr:DataCollectionService: stats => 1693613066674,13427,4394
09-02 02:04:26.686  1513  2180 D CompatibilityChangeReporter: Compat change id reported: 135634846; UID 10220; state: DISABLED
09-02 02:04:26.686  1513  2180 D CompatibilityChangeReporter: Compat change id reported: 135754954; UID 10220; state: ENABLED
09-02 02:04:26.686  1513  1625 D CompatibilityChangeReporter: Compat change id reported: 143937733; UID 10220; state: ENABLED
09-02 02:04:26.687   901  1000 W ASH     : @ 58253.138: Unhandled msg ID 999: line 1277
09-02 02:04:26.687   901  1000 E ASH     : @ 58253.138: No pb callback assigned
09-02 02:04:26.688   901  1000 E ASH     : @ 58253.138: Nanopb error: callback failed:1588
09-02 02:04:26.709 14406 14406 D Zygote  : Forked child process 17929
09-02 02:04:26.710 14406 14406 I Zygote  : Process 14765 exited due to signal 9 (Killed)
09-02 02:04:26.710 14303 14303 I cr_OfflineDetector: Running updateState mConnectivityDetectorInitialized: true, mTimeWhenLastForegrounded: 58249935, getElapsedTime: 58249935, mTimeWhenLastOfflineNotificationReceived: 0, mTimeWhenLastOnline: 58236050, mApplicationState: 1, mIsOfflineLastReportedByConnectivityDetector: false, mIsEffectivelyOffline: false
09-02 02:04:26.710 14303 14303 I cr_OfflineDetector: updateState(): timeSinceLastForeground: 0, timeSinceOfflineNotificationReceived: 58249935, timeSinceLastOnline: 13885, timeNeededForForeground: 2000, timeNeededForOffline: -58247935
09-02 02:04:26.720  1513  1625 I ActivityManager: Start proc 17929:com.android.chrome:sandboxed_process0:org.chromium.content.app.SandboxedProcessService0:106/u0ai6 for  {com.android.chrome/org.chromium.content.app.SandboxedProcessService0:106}
09-02 02:04:26.721 17929 17929 E libc    : SetHeapTaggingLevel: re-enabling tagging after it was disabled is not supported
09-02 02:04:26.728 17929 17929 E essService0:10: Not starting debugger since process cannot load the jdwp agent.
09-02 02:04:26.733 14303 14303 I cr_TabWebContentsObs: renderProcessGone() for tab id: 5703, already needs reload: false
09-02 02:04:26.733  2858  2858 I GoogleInputMethodService: GoogleInputMethodService.onFinishInput():3280 
09-02 02:04:26.734  2858  2858 I GoogleInputMethodService: GoogleInputMethodService.updateDeviceLockedStatus():2169 repeatCheckTimes = 0, unlocked = true
09-02 02:04:26.734  2858  2858 I GoogleInputMethodService: GoogleInputMethodService.onStartInput():1960 onStartInput(EditorInfo{inputType=0x0(NULL) imeOptions=0x12000000 privateImeOptions=null actionName=UNSPECIFIED actionLabel=null actionId=0 initialSelStart=-1 initialSelEnd=-1 initialCapsMode=0x0 hintText=null label=null packageName=com.android.chrome fieldId=-1 fieldName=null extras=null}, false)
09-02 02:04:26.734  2858  2858 I GoogleInputMethodService: GoogleInputMethodService.shouldHideHeaderOnInitialState():4081 ShouldHideHeaderOnInitialState = false
09-02 02:04:26.735  2858  2858 I GoogleInputMethodService: GoogleInputMethodService.updateDeviceLockedStatus():2169 repeatCheckTimes = 2, unlocked = true
09-02 02:04:26.740   594   655 I SDM     : HWDeviceDRM::UpdateMixerAttributes: Mixer WxH 1080x2340-1 for Peripheral
09-02 02:04:26.740   594   655 I SDM     : DisplayBase::SetActiveConfig: Active configuration changed to: 0
09-02 02:04:26.740   594   655 I SDM     : StrategyImpl::SetIdleTimeoutMs: Idle timeout set to zero for command mode panels
09-02 02:04:26.743   901  2806 I sensors-hal: [ssc_utils]get_qmi_debug_flag:244, support_qmi_debug : false
09-02 02:04:26.748  1513  3227 D CompatibilityChangeReporter: Compat change id reported: 136274596; UID 10220; state: ENABLED
09-02 02:04:26.751  1513  1572 I DisplayManagerService: Display device changed: DisplayDeviceInfo{"Built-in Screen": uniqueId="local:19260504575090817", 1080 x 2340, modeId 2, defaultModeId 2, supportedModes [{id=1, width=1080, height=2340, fps=90.0}, {id=2, width=1080, height=2340, fps=60.000004}], colorMode 0, supportedColorModes [0, 7, 9], HdrCapabilities HdrCapabilities{mSupportedHdrTypes=[2, 3, 4], mMaxLuminance=500.0, mMaxAverageLuminance=500.0, mMinLuminance=0.0}, allmSupported false, gameContentTypeSupported false, density 440, 435.428 x 433.839 dpi, appVsyncOff 2333332, presDeadline 11500000, cutout DisplayCutout{insets=Rect(0, 136 - 0, 0) waterfall=Insets{left=0, top=0, right=0, bottom=0} boundingRect={Bounds=[Rect(0, 0 - 0, 0), Rect(0, 0 - 136, 136), Rect(0, 0 - 0, 0), Rect(0, 0 - 0, 0)]}}, touch INTERNAL, rotation 0, type INTERNAL, address {port=129, model=0x446d53ad64a0}, deviceProductInfo DeviceProductInfo{name=, manufacturerPnpId=QCM, productId=1, modelYear=null, manufactureDate=ManufactureDate{week=27, year=2006}, relativeAddress=null}, state ON, FLAG_DEFAULT_DISPLAY, FLAG_ROTATES_WITH_CONTENT, FLAG_SECURE, FLAG_SUPPORTS_PROTECTED_BUFFERS}
09-02 02:04:26.752 14303 14303 I cr_tabmodel: Appending tabs being restored to metadata lists, 0, startingNormalCount: 128, startingIncognitoCount: 0
09-02 02:04:26.752   594   655 I SDM     : StrategyImpl::SetIdleTimeoutMs: Idle timeout set to zero for command mode panels
09-02 02:04:26.752 14303 14303 I cr_tabmodel: Serializing tab lists; counts: 128, 0
09-02 02:04:26.764 17929 17929 I LoadedApk: No resource references to update in package com.google.android.trichromelibrary
09-02 02:04:26.764 17929 17929 D NetworkSecurityConfig: Using Network Security Config from resource 0_resource_name_obfuscated debugBuild: false
09-02 02:04:26.764 17929 17929 D NetworkSecurityConfig: Using Network Security Config from resource 0_resource_name_obfuscated debugBuild: false
09-02 02:04:26.765 17929 17929 I cr_SplitCompatApp: Launched version=107.0.5304.91 minSdkVersion=29 isBundle=true processName=com.android.chrome:sandboxed_process0:org.chromium.content.app.SandboxedProcessService0:106 isIsolated=true
09-02 02:04:26.767   901  1000 W ASH     : @ 58253.218: Unhandled msg ID 999: line 1277
09-02 02:04:26.767   901  1000 E ASH     : @ 58253.218: No pb callback assigned
09-02 02:04:26.767   901  1000 E ASH     : @ 58253.218: Nanopb error: callback failed:1588
09-02 02:04:26.770 17929 17929 W SystemServiceRegistry: No service published for: uimode
09-02 02:04:26.774 17929 17929 I cr_ChildProcessService: Creating new ChildProcessService pid=17929
09-02 02:04:26.779 14242 17622 I BatteryMgr:DataCollectionService: stats => 1693613066779,13427,4394
09-02 02:04:26.780 17929 17948 I cr_LibraryLoader: Using ModernLinker
09-02 02:04:26.782 17929 17948 W linker  : Warning: "/data/app/~~_KLlx60MH8CoecPTjMKp8g==/com.android.chrome-kw9RHYrlHKb9bPXi8OTClw==/base.apk!/lib/arm64-v8a/libchromium_android_linker.so" unused DT entry: unknown processor-specific (type 0x70000001 arg 0x0) (ignoring)
09-02 02:04:26.784 17929 17948 E cr_ChromiumAndroidLinker: ReserveAddressWithHint: Address range starting at 0x7a38714000 was not free to use
09-02 02:04:26.790 17929 17949 I cr_LibraryLoader: Successfully loaded native library
09-02 02:04:26.791 17929 17949 I cr_CachingUmaRecorder: Flushed 3 samples from 3 histograms.
09-02 02:04:26.813   901  1000 I ASH     : @ 58253.264: tcs3701: ADC is saturated, removed sample from FIFO.
09-02 02:04:26.848 17929 17949 I tflite  : Initialized TensorFlow Lite runtime.
09-02 02:04:26.882 14242 17622 I BatteryMgr:DataCollectionService: stats => 1693613066882,13427,4394
09-02 02:04:26.988 14242 17622 I BatteryMgr:DataCollectionService: stats => 1693613066988,13427,4394
09-02 02:04:27.095 14242 17622 I BatteryMgr:DataCollectionService: stats => 1693613067095,13427,4394
09-02 02:04:27.201 14242 17622 I BatteryMgr:DataCollectionService: stats => 1693613067201,13427,4394
09-02 02:04:27.308 14242 17622 I BatteryMgr:DataCollectionService: stats => 1693613067307,13427,4394
09-02 02:04:27.413 14242 17622 I BatteryMgr:DataCollectionService: stats => 1693613067413,13427,4394
09-02 02:04:27.520 14242 17622 I BatteryMgr:DataCollectionService: stats => 1693613067520,13427,4394
09-02 02:04:27.627 14242 17622 I BatteryMgr:DataCollectionService: stats => 1693613067626,13427,4394
09-02 02:04:27.733 14242 17622 I BatteryMgr:DataCollectionService: stats => 1693613067733,13427,4394
09-02 02:04:27.840 14242 17622 I BatteryMgr:DataCollectionService: stats => 1693613067840,13427,4394
09-02 02:04:27.946 14242 17622 I BatteryMgr:DataCollectionService: stats => 1693613067946,13427,4394
09-02 02:04:28.052 14242 17622 I BatteryMgr:DataCollectionService: stats => 1693613068052,13427,4394
09-02 02:04:28.159 14242 17622 I BatteryMgr:DataCollectionService: stats => 1693613068159,13427,4394
09-02 02:04:28.265 14242 17622 I BatteryMgr:DataCollectionService: stats => 1693613068264,13427,4394
09-02 02:04:28.306   901  1000 D VSC     : @ 58254.757: [WO] tilt angle 87
09-02 02:04:28.373 14242 17622 I BatteryMgr:DataCollectionService: stats => 1693613068372,13427,4394
09-02 02:04:28.479 14242 17622 I BatteryMgr:DataCollectionService: stats => 1693613068479,13427,4394
09-02 02:04:28.586 14242 17622 I BatteryMgr:DataCollectionService: stats => 1693613068585,13427,4394
09-02 02:04:28.630   594   655 I SDM     : HWDeviceDRM::UpdateMixerAttributes: Mixer WxH 1080x2340-1 for Peripheral
09-02 02:04:28.631   594   655 I SDM     : DisplayBase::SetActiveConfig: Active configuration changed to: 1
09-02 02:04:28.631   594   655 I SDM     : StrategyImpl::SetIdleTimeoutMs: Idle timeout set to zero for command mode panels
09-02 02:04:28.636  1513  1572 I DisplayManagerService: Display device changed: DisplayDeviceInfo{"Built-in Screen": uniqueId="local:19260504575090817", 1080 x 2340, modeId 1, defaultModeId 2, supportedModes [{id=1, width=1080, height=2340, fps=90.0}, {id=2, width=1080, height=2340, fps=60.000004}], colorMode 0, supportedColorModes [0, 7, 9], HdrCapabilities HdrCapabilities{mSupportedHdrTypes=[2, 3, 4], mMaxLuminance=500.0, mMaxAverageLuminance=500.0, mMinLuminance=0.0}, allmSupported false, gameContentTypeSupported false, density 440, 435.428 x 433.839 dpi, appVsyncOff 2333333, presDeadline 11500000, cutout DisplayCutout{insets=Rect(0, 136 - 0, 0) waterfall=Insets{left=0, top=0, right=0, bottom=0} boundingRect={Bounds=[Rect(0, 0 - 0, 0), Rect(0, 0 - 136, 136), Rect(0, 0 - 0, 0), Rect(0, 0 - 0, 0)]}}, touch INTERNAL, rotation 0, type INTERNAL, address {port=129, model=0x446d53ad64a0}, deviceProductInfo DeviceProductInfo{name=, manufacturerPnpId=QCM, productId=1, modelYear=null, manufactureDate=ManufactureDate{week=27, year=2006}, relativeAddress=null}, state ON, FLAG_DEFAULT_DISPLAY, FLAG_ROTATES_WITH_CONTENT, FLAG_SECURE, FLAG_SUPPORTS_PROTECTED_BUFFERS}
09-02 02:04:28.637   901  2806 I sensors-hal: [ssc_utils]get_qmi_debug_flag:244, support_qmi_debug : false
09-02 02:04:28.688   901  1000 W ASH     : @ 58255.138: Unhandled msg ID 999: line 1277
09-02 02:04:28.688   901  1000 E ASH     : @ 58255.138: No pb callback assigned
09-02 02:04:28.688   901  1000 E ASH     : @ 58255.138: Nanopb error: callback failed:1588
09-02 02:04:28.691 14242 17622 I BatteryMgr:DataCollectionService: stats => 1693613068691,13427,4394
09-02 02:04:28.746   901  2806 I sensors-hal: [ssc_utils]get_qmi_debug_flag:244, support_qmi_debug : false
09-02 02:04:28.768   901  1000 W ASH     : @ 58255.218: Unhandled msg ID 999: line 1277
09-02 02:04:28.768   901  1000 E ASH     : @ 58255.218: No pb callback assigned
09-02 02:04:28.768   901  1000 E ASH     : @ 58255.218: Nanopb error: callback failed:1588
09-02 02:04:28.797 14242 17622 I BatteryMgr:DataCollectionService: stats => 1693613068797,13427,4394
09-02 02:04:28.820   901  1000 I ASH     : @ 58255.270: tcs3701: ADC is saturated, removed sample from FIFO.
09-02 02:04:28.903 14242 17622 I BatteryMgr:DataCollectionService: stats => 1693613068903,13427,4394
09-02 02:04:29.010 14242 17622 I BatteryMgr:DataCollectionService: stats => 1693613069009,13427,4394
09-02 02:04:29.117 14242 17622 I BatteryMgr:DataCollectionService: stats => 1693613069116,13427,4394
09-02 02:04:29.223 14242 17622 I BatteryMgr:DataCollectionService: stats => 1693613069223,13427,4394
09-02 02:04:29.279  1513  2000 D ConnectivityService: NetReassign [no changes]
09-02 02:04:29.332 14242 17622 I BatteryMgr:DataCollectionService: stats => 1693613069331,13427,4394
09-02 02:04:29.438 14242 17622 I BatteryMgr:DataCollectionService: stats => 1693613069438,13427,4394
09-02 02:04:29.544 14242 17622 I BatteryMgr:DataCollectionService: stats => 1693613069544,13427,4394
09-02 02:04:29.651 14242 17622 I BatteryMgr:DataCollectionService: stats => 1693613069651,13427,4394
09-02 02:04:29.755 14242 17622 I BatteryMgr:DataCollectionService: stats => 1693613069755,13427,4394
09-02 02:04:29.861 14242 17622 I BatteryMgr:DataCollectionService: stats => 1693613069861,13427,4394
09-02 02:04:29.968 14242 17622 I BatteryMgr:DataCollectionService: stats => 1693613069968,13427,4394
09-02 02:04:30.075 14242 17622 I BatteryMgr:DataCollectionService: stats => 1693613070075,13427,4394
09-02 02:04:30.182 14242 17622 I BatteryMgr:DataCollectionService: stats => 1693613070182,13427,4394
09-02 02:04:30.288 14242 17622 I BatteryMgr:DataCollectionService: stats => 1693613070288,13427,4394
09-02 02:04:30.303   901  1000 D VSC     : @ 58256.754: [WO] tilt angle 87
09-02 02:04:30.397 14242 17622 I BatteryMgr:DataCollectionService: stats => 1693613070397,13427,4394
09-02 02:04:30.503 14242 17622 I BatteryMgr:DataCollectionService: stats => 1693613070503,13427,4394
09-02 02:04:30.610 14242 17622 I BatteryMgr:DataCollectionService: stats => 1693613070610,13427,4394
09-02 02:04:30.716 14242 17622 I BatteryMgr:DataCollectionService: stats => 1693613070716,13427,4394
09-02 02:04:30.823 14242 17622 I BatteryMgr:DataCollectionService: stats => 1693613070823,13427,4394
09-02 02:04:30.927 14242 17622 I BatteryMgr:DataCollectionService: stats => 1693613070927,13427,4394
09-02 02:04:31.032 14242 17622 I BatteryMgr:DataCollectionService: stats => 1693613071032,13427,4394
09-02 02:04:31.135 14242 17622 I BatteryMgr:DataCollectionService: stats => 1693613071135,13427,4394
09-02 02:04:31.241 14242 17622 I BatteryMgr:DataCollectionService: stats => 1693613071241,13427,4394
09-02 02:04:31.347 14242 17622 I BatteryMgr:DataCollectionService: stats => 1693613071347,13427,4394
09-02 02:04:31.454 14242 17622 I BatteryMgr:DataCollectionService: stats => 1693613071454,13427,4394
09-02 02:04:31.561 14242 17622 I BatteryMgr:DataCollectionService: stats => 1693613071561,13427,4394
09-02 02:04:31.666 14242 17622 I BatteryMgr:DataCollectionService: stats => 1693613071666,13427,4394
09-02 02:04:31.769 14242 17622 I BatteryMgr:DataCollectionService: stats => 1693613071769,13427,4394
09-02 02:04:31.869 17989 17991 I cmd     : oneway function results will be dropped but finished with status OK and parcel size 4
09-02 02:04:31.879   901  2806 I sensors-hal: [ssc_utils]get_qmi_debug_flag:244, support_qmi_debug : false
09-02 02:04:31.892   901  1000 W ASH     : @ 58258.343: Unhandled msg ID 999: line 1277
09-02 02:04:31.892   901  1000 E ASH     : @ 58258.343: No pb callback assigned
09-02 02:04:31.892   901  1000 E ASH     : @ 58258.343: Nanopb error: callback failed:1588
09-02 02:04:32.063   901  2806 I sensors-hal: [ssc_utils]get_qmi_debug_flag:244, support_qmi_debug : false
09-02 02:04:32.088   901  1000 W ASH     : @ 58258.538: Unhandled msg ID 999: line 1277
09-02 02:04:32.088   901  1000 E ASH     : @ 58258.538: No pb callback assigned
09-02 02:04:32.088   901  1000 E ASH     : @ 58258.538: Nanopb error: callback failed:1588
09-02 02:04:32.132   901  1000 I ASH     : @ 58258.582: tcs3701: ADC is saturated, removed sample from FIFO.
09-02 02:04:32.155  1513  2263 I ActivityManager: Force stopping com.android.chrome appid=10220 user=0: from pid 18015
09-02 02:04:32.155  1513  2263 I ActivityManager: Killing 14460:com.android.chrome:privileged_process0/u0a220 (adj 0): stop com.android.chrome due to from pid 18015
09-02 02:04:32.156 14303 14405 W cr_ChildProcessConn: onServiceDisconnected (crash or killed by oom): pid=14460 bindings:W  S
09-02 02:04:32.156  1513  2263 I ActivityManager: Killing 14303:com.android.chrome/u0a220 (adj 0): stop com.android.chrome due to from pid 18015
09-02 02:04:32.160 16231 16231 I cr_ChildProcessService: Destroying ChildProcessService pid=16231
09-02 02:04:32.162 16677 16677 I cr_ChildProcessService: Destroying ChildProcessService pid=16677
09-02 02:04:32.163 16363 16363 I cr_ChildProcessService: Destroying ChildProcessService pid=16363
09-02 02:04:32.164 15728 15728 I cr_ChildProcessService: Destroying ChildProcessService pid=15728
09-02 02:04:32.165  9499  9499 D BoundBrokerSvc: onUnbind: Intent { act=com.google.android.gms.safetynet.service.START pkg=com.google.android.gms }
09-02 02:04:32.166 14896 14896 I cr_ChildProcessService: Destroying ChildProcessService pid=14896
09-02 02:04:32.167 17216 17216 I cr_ChildProcessService: Destroying ChildProcessService pid=17216
09-02 02:04:32.169 16809 16809 I cr_ChildProcessService: Destroying ChildProcessService pid=16809
09-02 02:04:32.170 15053 15053 I cr_ChildProcessService: Destroying ChildProcessService pid=15053
09-02 02:04:32.172 15778 15778 I cr_ChildProcessService: Destroying ChildProcessService pid=15778
09-02 02:04:32.174 15639 15639 I cr_ChildProcessService: Destroying ChildProcessService pid=15639
09-02 02:04:32.174 15021 15021 I cr_ChildProcessService: Destroying ChildProcessService pid=15021
09-02 02:04:32.175   778   778 I Zygote  : Process 14460 exited due to signal 9 (Killed)
09-02 02:04:32.176 16167 16167 I cr_ChildProcessService: Destroying ChildProcessService pid=16167
09-02 02:04:32.178 17079 17079 I cr_ChildProcessService: Destroying ChildProcessService pid=17079
09-02 02:04:32.178  1513  2263 I ActivityManager: Killing 17357:com.android.chrome:sandboxed_process1:org.chromium.content.app.SandboxedProcessService1:102/u0a220i20 (adj 0): isolated not needed
09-02 02:04:32.178  1513  2263 I ActivityManager: Killing 17216:com.android.chrome:sandboxed_process0:org.chromium.content.app.SandboxedProcessService0:96/u0a220i-8904 (adj 0): isolated not needed
09-02 02:04:32.179  1513  2263 I ActivityManager: Killing 17169:com.android.chrome:sandboxed_process0:org.chromium.content.app.SandboxedProcessService0:94/u0a220i-8906 (adj 0): isolated not needed
09-02 02:04:32.179  1513  2263 I ActivityManager: Killing 17079:com.android.chrome:sandboxed_process0:org.chromium.content.app.SandboxedProcessService0:90/u0a220i-8910 (adj 0): isolated not needed
09-02 02:04:32.179  1513  2263 I ActivityManager: Killing 16851:com.android.chrome:sandboxed_process0:org.chromium.content.app.SandboxedProcessService0:81/u0a220i-8919 (adj 0): isolated not needed
09-02 02:04:32.179   901  2806 I sensors-hal: [ssc_utils]get_qmi_debug_flag:244, support_qmi_debug : false
09-02 02:04:32.179  1513  2263 I ActivityManager: Killing 16809:com.android.chrome:sandboxed_process0:org.chromium.content.app.SandboxedProcessService0:79/u0a220i-8921 (adj 0): isolated not needed
09-02 02:04:32.180  1513  2263 I ActivityManager: Killing 16699:com.android.chrome:sandboxed_process0:org.chromium.content.app.SandboxedProcessService0:75/u0a220i-8925 (adj 0): isolated not needed
09-02 02:04:32.180  1513  2263 I ActivityManager: Killing 16677:com.android.chrome:sandboxed_process0:org.chromium.content.app.SandboxedProcessService0:74/u0a220i-8926 (adj 0): isolated not needed
09-02 02:04:32.180  1513  2263 I ActivityManager: Killing 16610:com.android.chrome:sandboxed_process0:org.chromium.content.app.SandboxedProcessService0:71/u0a220i-8929 (adj 0): isolated not needed
09-02 02:04:32.180  1513  2263 I ActivityManager: Killing 16541:com.android.chrome:sandboxed_process0:org.chromium.content.app.SandboxedProcessService0:68/u0a220i-8932 (adj 0): isolated not needed
09-02 02:04:32.180  1513  2263 I ActivityManager: Killing 16517:com.android.chrome:sandboxed_process0:org.chromium.content.app.SandboxedProcessService0:67/u0a220i-8933 (adj 0): isolated not needed
09-02 02:04:32.181  1513  2263 I ActivityManager: Killing 16427:com.android.chrome:sandboxed_process0:org.chromium.content.app.SandboxedProcessService0:64/u0a220i-8936 (adj 0): isolated not needed
09-02 02:04:32.181  1513  2263 I ActivityManager: Killing 16363:com.android.chrome:sandboxed_process0:org.chromium.content.app.SandboxedProcessService0:61/u0a220i-8939 (adj 0): isolated not needed
09-02 02:04:32.181  1513  2263 I ActivityManager: Killing 16211:com.android.chrome:sandboxed_process0:org.chromium.content.app.SandboxedProcessService0:57/u0a220i-8943 (adj 0): isolated not needed
09-02 02:04:32.181  1513  2263 I ActivityManager: Killing 16231:com.android.chrome:sandboxed_process0:org.chromium.content.app.SandboxedProcessService0:58/u0a220i-8942 (adj 0): isolated not needed
09-02 02:04:32.181  1513  2263 I ActivityManager: Killing 16167:com.android.chrome:sandboxed_process0:org.chromium.content.app.SandboxedProcessService0:56/u0a220i-8944 (adj 0): isolated not needed
09-02 02:04:32.182  1513  2263 I ActivityManager: Killing 16099:com.android.chrome:sandboxed_process0:org.chromium.content.app.SandboxedProcessService0:53/u0a220i-8947 (adj 0): isolated not needed
09-02 02:04:32.182  1513  2263 I ActivityManager: Killing 16044:com.android.chrome:sandboxed_process0:org.chromium.content.app.SandboxedProcessService0:51/u0a220i-8949 (adj 0): isolated not needed
09-02 02:04:32.182  1513  2263 I ActivityManager: Killing 15956:com.android.chrome:sandboxed_process0:org.chromium.content.app.SandboxedProcessService0:47/u0a220i-8953 (adj 0): isolated not needed
09-02 02:04:32.182  1513  2263 I ActivityManager: Killing 15932:com.android.chrome:sandboxed_process0:org.chromium.content.app.SandboxedProcessService0:46/u0a220i-8954 (adj 0): isolated not needed
09-02 02:04:32.183  1513  2263 I ActivityManager: Killing 15778:com.android.chrome:sandboxed_process0:org.chromium.content.app.SandboxedProcessService0:42/u0a220i-8958 (adj 0): isolated not needed
09-02 02:04:32.183  1513  2263 I ActivityManager: Killing 15750:com.android.chrome:sandboxed_process0:org.chromium.content.app.SandboxedProcessService0:41/u0a220i-8959 (adj 0): isolated not needed
09-02 02:04:32.183  1513  2263 I ActivityManager: Killing 15728:com.android.chrome:sandboxed_process0:org.chromium.content.app.SandboxedProcessService0:40/u0a220i-8960 (adj 0): isolated not needed
09-02 02:04:32.183  1513  2263 I ActivityManager: Killing 15639:com.android.chrome:sandboxed_process0:org.chromium.content.app.SandboxedProcessService0:37/u0a220i-8963 (adj 0): isolated not needed
09-02 02:04:32.184  1513  2263 I ActivityManager: Killing 15538:com.android.chrome:sandboxed_process0:org.chromium.content.app.SandboxedProcessService0:34/u0a220i-8966 (adj 0): isolated not needed
09-02 02:04:32.184  1513  2263 I ActivityManager: Killing 15452:com.android.chrome:sandboxed_process0:org.chromium.content.app.SandboxedProcessService0:31/u0a220i-8969 (adj 0): isolated not needed
09-02 02:04:32.184  1513  2263 I ActivityManager: Killing 15338:com.android.chrome:sandboxed_process0:org.chromium.content.app.SandboxedProcessService0:28/u0a220i-8972 (adj 0): isolated not needed
09-02 02:04:32.184  1513  2263 I ActivityManager: Killing 15201:com.android.chrome:sandboxed_process0:org.chromium.content.app.SandboxedProcessService0:24/u0a220i-8976 (adj 0): isolated not needed
09-02 02:04:32.184  1513  2263 I ActivityManager: Killing 15110:com.android.chrome:sandboxed_process0:org.chromium.content.app.SandboxedProcessService0:21/u0a220i-8979 (adj 0): isolated not needed
09-02 02:04:32.185  1513  2263 I ActivityManager: Killing 15021:com.android.chrome:sandboxed_process0:org.chromium.content.app.SandboxedProcessService0:18/u0a220i-8982 (adj 0): isolated not needed
09-02 02:04:32.185  1513  2263 I ActivityManager: Killing 15053:com.android.chrome:sandboxed_process0:org.chromium.content.app.SandboxedProcessService0:19/u0a220i-8981 (adj 0): isolated not needed
09-02 02:04:32.185  1513  2263 I ActivityManager: Killing 14896:com.android.chrome:sandboxed_process0:org.chromium.content.app.SandboxedProcessService0:13/u0a220i-8987 (adj 0): isolated not needed
09-02 02:04:32.186  1513  2263 I ActivityManager: Killing 14865:com.android.chrome:sandboxed_process0:org.chromium.content.app.SandboxedProcessService0:12/u0a220i-8988 (adj 0): isolated not needed
09-02 02:04:32.186  1513  2263 I ActivityManager: Killing 14792:com.android.chrome:sandboxed_process0:org.chromium.content.app.SandboxedProcessService0:10/u0a220i-8990 (adj 0): isolated not needed
09-02 02:04:32.191 15556 15556 I cr_ChildProcessService: Destroying ChildProcessService pid=15556
09-02 02:04:32.194 17929 17929 I cr_ChildProcessService: Destroying ChildProcessService pid=17929
09-02 02:04:32.195 17929 17929 I essService0:10: System.exit called, status: 0
09-02 02:04:32.195 17929 17929 I AndroidRuntime: VM exiting with result code 0, cleanup skipped.
09-02 02:04:32.197  1513  1640 I libprocessgroup: Successfully killed process cgroup uid 10220 pid 14460 in 41ms
09-02 02:04:32.200  1513  2263 W ActivityTaskManager: Force removing ActivityRecord{fb4b076 u0 com.android.chrome/com.google.android.apps.chrome.Main t2133 f}}: app died, no saved state
09-02 02:04:32.201 16486 16486 I cr_ChildProcessService: Destroying ChildProcessService pid=16486
09-02 02:04:32.201 15594 15594 I cr_ChildProcessService: Destroying ChildProcessService pid=15594
09-02 02:04:32.205 16777 16777 I cr_ChildProcessService: Destroying ChildProcessService pid=16777
09-02 02:04:32.207 15406 15406 I cr_ChildProcessService: Destroying ChildProcessService pid=15406
09-02 02:04:32.208 15689 15689 I cr_ChildProcessService: Destroying ChildProcessService pid=15689
09-02 02:04:32.209 15250 15250 I cr_ChildProcessService: Destroying ChildProcessService pid=15250
09-02 02:04:32.211 17324 17324 I cr_ChildProcessService: Destroying ChildProcessService pid=17324
09-02 02:04:32.214  1513  2905 D ConnectivityService: ConnectivityService NetworkRequestInfo binderDied(NetworkRequest [ LISTEN id=2692, [ Capabilities: INTERNET&NOT_RESTRICTED&TRUSTED&FOREGROUND Uid: 10220 AdministratorUids: [] RequestorUid: 10220 RequestorPackageName: com.android.chrome] ], android.os.BinderProxy@b5afea4)
09-02 02:04:32.214  1513  2571 D ConnectivityService: ConnectivityService NetworkRequestInfo binderDied(NetworkRequest [ TRACK_DEFAULT id=2691, [ Capabilities: INTERNET&NOT_RESTRICTED&TRUSTED Uid: 10220 AdministratorUids: [] RequestorUid: 10220 RequestorPackageName: com.android.chrome] ], android.os.BinderProxy@62c940d)
09-02 02:04:32.214  1513  3227 D ConnectivityService: ConnectivityService NetworkRequestInfo binderDied(NetworkRequest [ TRACK_DEFAULT id=2693, [ Capabilities: INTERNET&NOT_RESTRICTED&TRUSTED Uid: 10220 AdministratorUids: [] RequestorUid: 10220 RequestorPackageName: com.android.chrome] ], android.os.BinderProxy@5252fc2)
09-02 02:04:32.214  1513  2905 D ConnectivityService: ConnectivityService NetworkRequestInfo binderDied(NetworkRequest [ LISTEN id=2694, [ Capabilities: INTERNET&NOT_RESTRICTED&TRUSTED&FOREGROUND Uid: 10220 AdministratorUids: [] RequestorUid: 10220 RequestorPackageName: com.android.chrome] ], android.os.BinderProxy@76ea1d3)
09-02 02:04:32.214  1513  2905 D ConnectivityService: ConnectivityService NetworkRequestInfo binderDied(NetworkRequest [ LISTEN id=2696, [ Capabilities: INTERNET&NOT_RESTRICTED&TRUSTED&FOREGROUND Uid: 10220 AdministratorUids: [] RequestorUid: 10220 RequestorPackageName: com.android.chrome] ], android.os.BinderProxy@b9b6110)
09-02 02:04:32.214  1513  3227 D ConnectivityService: ConnectivityService NetworkRequestInfo binderDied(NetworkRequest [ TRACK_DEFAULT id=2695, [ Capabilities: INTERNET&NOT_RESTRICTED&TRUSTED Uid: 10220 AdministratorUids: [] RequestorUid: 10220 RequestorPackageName: com.android.chrome] ], android.os.BinderProxy@b1b6409)
09-02 02:04:32.215   901  1000 W ASH     : @ 58258.658: Unhandled msg ID 999: line 1277
09-02 02:04:32.215   901  1000 E ASH     : @ 58258.658: No pb callback assigned
09-02 02:04:32.216 17303 17303 I cr_ChildProcessService: Destroying ChildProcessService pid=17303
09-02 02:04:32.216   778   778 I Zygote  : Process 14303 exited due to signal 9 (Killed)
09-02 02:04:32.217  1513  2000 D ConnectivityService: releasing NetworkRequest [ TRACK_DEFAULT id=2691, [ Capabilities: INTERNET&NOT_RESTRICTED&TRUSTED Uid: 10220 AdministratorUids: [] RequestorUid: 10220 RequestorPackageName: com.android.chrome] ] (release request)
09-02 02:04:32.217   901  1000 E ASH     : @ 58258.658: Nanopb error: callback failed:1588
09-02 02:04:32.218  1513  2000 D ConnectivityService: releasing NetworkRequest [ TRACK_DEFAULT id=2693, [ Capabilities: INTERNET&NOT_RESTRICTED&TRUSTED Uid: 10220 AdministratorUids: [] RequestorUid: 10220 RequestorPackageName: com.android.chrome] ] (release request)
09-02 02:04:32.218 17102 17102 I cr_ChildProcessService: Destroying ChildProcessService pid=17102
09-02 02:04:32.218  1513  2000 D ConnectivityService: releasing NetworkRequest [ TRACK_DEFAULT id=2695, [ Capabilities: INTERNET&NOT_RESTRICTED&TRUSTED Uid: 10220 AdministratorUids: [] RequestorUid: 10220 RequestorPackageName: com.android.chrome] ] (release request)
09-02 02:04:32.220  1513  2263 I ActivityManager: Killing 17929:com.android.chrome:sandboxed_process0:org.chromium.content.app.SandboxedProcessService0:106/u0a220i-8994 (adj 0): isolated not needed
09-02 02:04:32.221  1513  2263 I ActivityManager: Killing 14444:com.android.chrome:sandboxed_process0:org.chromium.content.app.SandboxedProcessService0:0/u0a220i-9000 (adj 0): isolated not needed
09-02 02:04:32.221  1513  2263 I ActivityManager: Killing 17469:com.android.chrome:sandboxed_process0:org.chromium.content.app.SandboxedProcessService0:105/u0a220i-8995 (adj 0): isolated not needed
