09-02 02:05:52.894 18325 18325 D Zygote  : Forked child process 20862
09-02 02:05:52.894  1513  1625 W ActivityManager: Slow operation: 2494ms so far, now at startProcess: returned from zygote!
09-02 02:05:52.895 20807 20807 W SystemServiceRegistry: No service published for: uimode
09-02 02:05:52.897 20862 20862 E libc    : SetHeapTaggingLevel: re-enabling tagging after it was disabled is not supported
09-02 02:05:52.901  1513  3227 E ProcessStats: Executing service ServiceState{cf3a3d8 org.chromium.content.app.SandboxedProcessService0 pkg=com.android.chrome proc=b8c331} without owner
09-02 02:05:52.902  1513  3227 D CompatibilityChangeReporter: Compat change id reported: 136274596; UID 10220; state: ENABLED
09-02 02:05:52.904  1513  1625 W ActivityManager: Slow operation: 2504ms so far, now at startProcess: done updating battery stats
09-02 02:05:52.904  1513  1625 W ActivityManager: Slow operation: 2504ms so far, now at startProcess: building log message
09-02 02:05:52.904  1513  1625 I ActivityManager: Start proc 20862:com.android.chrome:sandboxed_process0:org.chromium.content.app.SandboxedProcessService0:82/u0ai82 for  {com.android.chrome/org.chromium.content.app.SandboxedProcessService0:82}
09-02 02:05:52.904  1513  1625 W ActivityManager: Slow operation: 2504ms so far, now at startProcess: starting to update pids map
09-02 02:05:52.904  1513  1625 W ActivityManager: Slow operation: 2504ms so far, now at startProcess: done updating pids map
09-02 02:05:52.905  1513  1625 W ActivityManager: Slow operation: 2482ms so far, now at startProcess: asking zygote to start proc
09-02 02:05:52.905  1513  1625 D CompatibilityChangeReporter: Compat change id reported: 143937733; UID 10220; state: ENABLED
09-02 02:05:52.905 20807 20807 I cr_ChildProcessService: Creating new ChildProcessService pid=20807
09-02 02:05:52.913  1513  2180 E ProcessStats: Executing service ServiceState{cf3a3d8 org.chromium.content.app.SandboxedProcessService0 pkg=com.android.chrome proc=b8c331} without owner
09-02 02:05:52.913  1513  2180 E ProcessStats: Foregrounding service ServiceState{cf3a3d8 org.chromium.content.app.SandboxedProcessService0 pkg=com.android.chrome proc=b8c331} without owner
09-02 02:05:52.916 20807 20825 I cr_LibraryLoader: Using ModernLinker
09-02 02:05:52.918 20807 20825 W linker  : Warning: "/data/app/~~_KLlx60MH8CoecPTjMKp8g==/com.android.chrome-kw9RHYrlHKb9bPXi8OTClw==/base.apk!/lib/arm64-v8a/libchromium_android_linker.so" unused DT entry: unknown processor-specific (type 0x70000001 arg 0x0) (ignoring)
09-02 02:05:52.921 18325 18325 D Zygote  : Forked child process 20876
09-02 02:05:52.921 20807 20825 E cr_ChromiumAndroidLinker: ReserveAddressWithHint: Address range starting at 0x7a38750000 was not free to use
09-02 02:05:52.921 20862 20862 E cessService0:8: Not starting debugger since process cannot load the jdwp agent.
09-02 02:05:52.923  1513  1625 W ActivityManager: Slow operation: 2500ms so far, now at startProcess: returned from zygote!
09-02 02:05:52.923 18273 18344 I cr_omaha: Attempting to schedule next job for: Sat Sep 02 02:26:14 GMT+02:00 2023
09-02 02:05:52.925 20827 20827 I LoadedApk: No resource references to update in package com.google.android.trichromelibrary
09-02 02:05:52.925 20827 20827 D NetworkSecurityConfig: Using Network Security Config from resource 0_resource_name_obfuscated debugBuild: false
09-02 02:05:52.925 20827 20827 D NetworkSecurityConfig: Using Network Security Config from resource 0_resource_name_obfuscated debugBuild: false
09-02 02:05:52.926  1513  1625 W ActivityManager: Slow operation: 2503ms so far, now at startProcess: done updating battery stats
09-02 02:05:52.926  1513  1625 W ActivityManager: Slow operation: 2503ms so far, now at startProcess: building log message
09-02 02:05:52.926  1513  1625 I ActivityManager: Start proc 20876:com.android.chrome:sandboxed_process0:org.chromium.content.app.SandboxedProcessService0:83/u0ai83 for  {com.android.chrome/org.chromium.content.app.SandboxedProcessService0:83}
09-02 02:05:52.926  1513  1625 W ActivityManager: Slow operation: 2503ms so far, now at startProcess: starting to update pids map
09-02 02:05:52.926  1513  1625 W ActivityManager: Slow operation: 2503ms so far, now at startProcess: done updating pids map
09-02 02:05:52.926  1513  1625 W ActivityManager: Slow operation: 2488ms so far, now at startProcess: asking zygote to start proc
09-02 02:05:52.930 18273 18273 I cr_omaha: Scheduled using JobService
09-02 02:05:52.932 20807 20875 I cr_LibraryLoader: Successfully loaded native library
09-02 02:05:52.932 20827 20827 I cr_SplitCompatApp: Launched version=107.0.5304.91 minSdkVersion=29 isBundle=true processName=com.android.chrome:sandboxed_process0:org.chromium.content.app.SandboxedProcessService0:80 isIsolated=true
09-02 02:05:52.932  1513  2180 E ProcessStats: Executing service ServiceState{cf3a3d8 org.chromium.content.app.SandboxedProcessService0 pkg=com.android.chrome proc=b8c331} without owner
09-02 02:05:52.933  1513  2180 D CompatibilityChangeReporter: Compat change id reported: 136274596; UID 10220; state: ENABLED
09-02 02:05:52.934 20807 20875 I cr_CachingUmaRecorder: Flushed 3 samples from 3 histograms.
09-02 02:05:52.935 20843 20843 I LoadedApk: No resource references to update in package com.google.android.trichromelibrary
09-02 02:05:52.936 20843 20843 D NetworkSecurityConfig: Using Network Security Config from resource 0_resource_name_obfuscated debugBuild: false
09-02 02:05:52.937 18273 18273 E cr_BkgrdTaskJS: Tried finishing non-current BackgroundTask.
09-02 02:05:52.937 20843 20843 D NetworkSecurityConfig: Using Network Security Config from resource 0_resource_name_obfuscated debugBuild: false
09-02 02:05:52.939 20843 20843 I cr_SplitCompatApp: Launched version=107.0.5304.91 minSdkVersion=29 isBundle=true processName=com.android.chrome:sandboxed_process0:org.chromium.content.app.SandboxedProcessService0:81 isIsolated=true
09-02 02:05:52.941 20876 20876 E libc    : SetHeapTaggingLevel: re-enabling tagging after it was disabled is not supported
09-02 02:05:52.947 20876 20876 E cessService0:8: Not starting debugger since process cannot load the jdwp agent.
09-02 02:05:52.948 20827 20827 W SystemServiceRegistry: No service published for: uimode
09-02 02:05:52.950 20827 20827 I cr_ChildProcessService: Creating new ChildProcessService pid=20827
09-02 02:05:52.952 20843 20843 W SystemServiceRegistry: No service published for: uimode
09-02 02:05:52.953  1513  3246 E ProcessStats: Executing service ServiceState{cf3a3d8 org.chromium.content.app.SandboxedProcessService0 pkg=com.android.chrome proc=b8c331} without owner
09-02 02:05:52.953  1513  3246 E ProcessStats: Foregrounding service ServiceState{cf3a3d8 org.chromium.content.app.SandboxedProcessService0 pkg=com.android.chrome proc=b8c331} without owner
09-02 02:05:52.954 20827 20861 I cr_LibraryLoader: Using ModernLinker
09-02 02:05:52.955 20862 20862 I LoadedApk: No resource references to update in package com.google.android.trichromelibrary
09-02 02:05:52.955 20862 20862 D NetworkSecurityConfig: Using Network Security Config from resource 0_resource_name_obfuscated debugBuild: false
09-02 02:05:52.956 20862 20862 D NetworkSecurityConfig: Using Network Security Config from resource 0_resource_name_obfuscated debugBuild: false
09-02 02:05:52.956 20827 20861 W linker  : Warning: "/data/app/~~_KLlx60MH8CoecPTjMKp8g==/com.android.chrome-kw9RHYrlHKb9bPXi8OTClw==/base.apk!/lib/arm64-v8a/libchromium_android_linker.so" unused DT entry: unknown processor-specific (type 0x70000001 arg 0x0) (ignoring)
09-02 02:05:52.957 20862 20862 I cr_SplitCompatApp: Launched version=107.0.5304.91 minSdkVersion=29 isBundle=true processName=com.android.chrome:sandboxed_process0:org.chromium.content.app.SandboxedProcessService0:82 isIsolated=true
09-02 02:05:52.957 20827 20861 E cr_ChromiumAndroidLinker: ReserveAddressWithHint: Address range starting at 0x7a38750000 was not free to use
09-02 02:05:52.960 18325 18325 D Zygote  : Forked child process 20899
09-02 02:05:52.961 20843 20843 I cr_ChildProcessService: Creating new ChildProcessService pid=20843
09-02 02:05:52.961 20862 20862 W SystemServiceRegistry: No service published for: uimode
09-02 02:05:52.963  1513  1625 W ActivityManager: Slow operation: 2525ms so far, now at startProcess: returned from zygote!
09-02 02:05:52.963 20899 20899 E libc    : SetHeapTaggingLevel: re-enabling tagging after it was disabled is not supported
09-02 02:05:52.964  1513  1625 W ActivityManager: Slow operation: 2526ms so far, now at startProcess: done updating battery stats
09-02 02:05:52.964  1513  1625 W ActivityManager: Slow operation: 2526ms so far, now at startProcess: building log message
09-02 02:05:52.964  1513  1625 I ActivityManager: Start proc 20899:com.android.chrome:sandboxed_process0:org.chromium.content.app.SandboxedProcessService0:84/u0ai84 for  {com.android.chrome/org.chromium.content.app.SandboxedProcessService0:84}
09-02 02:05:52.964  1513  1625 W ActivityManager: Slow operation: 2526ms so far, now at startProcess: starting to update pids map
09-02 02:05:52.964  1513  1625 W ActivityManager: Slow operation: 2526ms so far, now at startProcess: done updating pids map
09-02 02:05:52.964  1513  1625 W ActivityManager: Slow operation: 2501ms so far, now at startProcess: asking zygote to start proc
09-02 02:05:52.964  1513  1625 D CompatibilityChangeReporter: Compat change id reported: 143937733; UID 10220; state: ENABLED
09-02 02:05:52.968 20862 20862 I cr_ChildProcessService: Creating new ChildProcessService pid=20862
09-02 02:05:52.968 20899 20899 E cessService0:8: Not starting debugger since process cannot load the jdwp agent.
09-02 02:05:52.969  1513  3246 E ProcessStats: Executing service ServiceState{cf3a3d8 org.chromium.content.app.SandboxedProcessService0 pkg=com.android.chrome proc=b8c331} without owner
09-02 02:05:52.969  1513  3246 E ProcessStats: Foregrounding service ServiceState{cf3a3d8 org.chromium.content.app.SandboxedProcessService0 pkg=com.android.chrome proc=b8c331} without owner
09-02 02:05:52.971 20843 20860 I cr_LibraryLoader: Using ModernLinker
09-02 02:05:52.972  1513  2180 E ProcessStats: Executing service ServiceState{cf3a3d8 org.chromium.content.app.SandboxedProcessService0 pkg=com.android.chrome proc=b8c331} without owner
09-02 02:05:52.972  1513  2180 E ProcessStats: Foregrounding service ServiceState{cf3a3d8 org.chromium.content.app.SandboxedProcessService0 pkg=com.android.chrome proc=b8c331} without owner
09-02 02:05:52.973 20843 20860 W linker  : Warning: "/data/app/~~_KLlx60MH8CoecPTjMKp8g==/com.android.chrome-kw9RHYrlHKb9bPXi8OTClw==/base.apk!/lib/arm64-v8a/libchromium_android_linker.so" unused DT entry: unknown processor-specific (type 0x70000001 arg 0x0) (ignoring)
09-02 02:05:52.974 20843 20860 E cr_ChromiumAndroidLinker: ReserveAddressWithHint: Address range starting at 0x7a38750000 was not free to use
09-02 02:05:52.976  1513  3232 E ProcessStats: Executing service ServiceState{cf3a3d8 org.chromium.content.app.SandboxedProcessService0 pkg=com.android.chrome proc=b8c331} without owner
09-02 02:05:52.977  1513  3232 D CompatibilityChangeReporter: Compat change id reported: 136274596; UID 10220; state: ENABLED
09-02 02:05:52.980 18325 18325 D Zygote  : Forked child process 20924
09-02 02:05:52.980  1513  1625 W ActivityManager: Slow operation: 2518ms so far, now at startProcess: returned from zygote!
09-02 02:05:52.982 20924 20924 E libc    : SetHeapTaggingLevel: re-enabling tagging after it was disabled is not supported
09-02 02:05:52.982 20862 20886 I cr_LibraryLoader: Using ModernLinker
09-02 02:05:52.986 20843 20907 I cr_LibraryLoader: Successfully loaded native library
09-02 02:05:52.987 20862 20886 W linker  : Warning: "/data/app/~~_KLlx60MH8CoecPTjMKp8g==/com.android.chrome-kw9RHYrlHKb9bPXi8OTClw==/base.apk!/lib/arm64-v8a/libchromium_android_linker.so" unused DT entry: unknown processor-specific (type 0x70000001 arg 0x0) (ignoring)
09-02 02:05:52.987  1513  3232 E ProcessStats: Executing service ServiceState{cf3a3d8 org.chromium.content.app.SandboxedProcessService0 pkg=com.android.chrome proc=b8c331} without owner
09-02 02:05:52.988 20843 20907 I cr_CachingUmaRecorder: Flushed 3 samples from 3 histograms.
09-02 02:05:52.989 20862 20886 E cr_ChromiumAndroidLinker: ReserveAddressWithHint: Address range starting at 0x7a38750000 was not free to use
09-02 02:05:52.990  1513  3232 D CompatibilityChangeReporter: Compat change id reported: 136274596; UID 10220; state: ENABLED
09-02 02:05:52.992 20924 20924 E cessService0:8: Not starting debugger since process cannot load the jdwp agent.
09-02 02:05:52.994 20862 20915 I cr_LibraryLoader: Successfully loaded native library
09-02 02:05:52.994  1513  1625 W ActivityManager: Slow operation: 2532ms so far, now at startProcess: done updating battery stats
09-02 02:05:52.995 20862 20915 I cr_CachingUmaRecorder: Flushed 3 samples from 3 histograms.
09-02 02:05:52.995  1513  1625 W ActivityManager: Slow operation: 2532ms so far, now at startProcess: building log message
09-02 02:05:52.995  1513  1625 I ActivityManager: Start proc 20924:com.android.chrome:sandboxed_process0:org.chromium.content.app.SandboxedProcessService0:85/u0ai85 for  {com.android.chrome/org.chromium.content.app.SandboxedProcessService0:85}
09-02 02:05:52.995  1513  1625 W ActivityManager: Slow operation: 2532ms so far, now at startProcess: starting to update pids map
09-02 02:05:52.998  1513  1625 W ActivityManager: Slow operation: 2535ms so far, now at startProcess: done updating pids map
09-02 02:05:52.998  1513  1625 W ActivityManager: Slow operation: 2520ms so far, now at startProcess: asking zygote to start proc
09-02 02:05:52.998  1513  1625 D CompatibilityChangeReporter: Compat change id reported: 143937733; UID 10220; state: ENABLED
09-02 02:05:53.014 18325 18325 D Zygote  : Forked child process 20947
09-02 02:05:53.019  1513  1625 W ActivityManager: Slow operation: 2541ms so far, now at startProcess: returned from zygote!
09-02 02:05:53.019  1513  1625 W ActivityManager: Slow operation: 2542ms so far, now at startProcess: done updating battery stats
09-02 02:05:53.019  1513  1625 W ActivityManager: Slow operation: 2542ms so far, now at startProcess: building log message
09-02 02:05:53.019  1513  1625 I ActivityManager: Start proc 20947:com.android.chrome:sandboxed_process0:org.chromium.content.app.SandboxedProcessService0:86/u0ai86 for  {com.android.chrome/org.chromium.content.app.SandboxedProcessService0:86}
09-02 02:05:53.019  1513  1625 W ActivityManager: Slow operation: 2542ms so far, now at startProcess: starting to update pids map
09-02 02:05:53.019  1513  1625 W ActivityManager: Slow operation: 2542ms so far, now at startProcess: done updating pids map
09-02 02:05:53.019  1513  1625 W ActivityManager: Slow operation: 2512ms so far, now at startProcess: asking zygote to start proc
09-02 02:05:53.020 20947 20947 E libc    : SetHeapTaggingLevel: re-enabling tagging after it was disabled is not supported
09-02 02:05:53.024 20947 20947 E cessService0:8: Not starting debugger since process cannot load the jdwp agent.
09-02 02:05:53.030 20899 20899 I LoadedApk: No resource references to update in package com.google.android.trichromelibrary
09-02 02:05:53.031 20899 20899 D NetworkSecurityConfig: Using Network Security Config from resource 0_resource_name_obfuscated debugBuild: false
09-02 02:05:53.032 20899 20899 D NetworkSecurityConfig: Using Network Security Config from resource 0_resource_name_obfuscated debugBuild: false
09-02 02:05:53.033 20899 20899 I cr_SplitCompatApp: Launched version=107.0.5304.91 minSdkVersion=29 isBundle=true processName=com.android.chrome:sandboxed_process0:org.chromium.content.app.SandboxedProcessService0:84 isIsolated=true
09-02 02:05:53.035 20876 20876 I LoadedApk: No resource references to update in package com.google.android.trichromelibrary
09-02 02:05:53.035 20876 20876 D NetworkSecurityConfig: Using Network Security Config from resource 0_resource_name_obfuscated debugBuild: false
09-02 02:05:53.035 20876 20876 D NetworkSecurityConfig: Using Network Security Config from resource 0_resource_name_obfuscated debugBuild: false
09-02 02:05:53.036 20876 20876 I cr_SplitCompatApp: Launched version=107.0.5304.91 minSdkVersion=29 isBundle=true processName=com.android.chrome:sandboxed_process0:org.chromium.content.app.SandboxedProcessService0:83 isIsolated=true
09-02 02:05:53.037  1513  3232 E ProcessStats: Executing service ServiceState{cf3a3d8 org.chromium.content.app.SandboxedProcessService0 pkg=com.android.chrome proc=b8c331} without owner
09-02 02:05:53.038  1513  3232 D CompatibilityChangeReporter: Compat change id reported: 136274596; UID 10220; state: ENABLED
09-02 02:05:53.038 18325 18325 D Zygote  : Forked child process 20968
09-02 02:05:53.040  1513  1625 W ActivityManager: Slow operation: 2532ms so far, now at startProcess: returned from zygote!
09-02 02:05:53.042  1513  3246 E ProcessStats: Executing service ServiceState{cf3a3d8 org.chromium.content.app.SandboxedProcessService0 pkg=com.android.chrome proc=b8c331} without owner
09-02 02:05:53.042  1513  3246 D CompatibilityChangeReporter: Compat change id reported: 136274596; UID 10220; state: ENABLED
09-02 02:05:53.043  1513  1625 W ActivityManager: Slow operation: 2536ms so far, now at startProcess: done updating battery stats
09-02 02:05:53.043  1513  1625 W ActivityManager: Slow operation: 2536ms so far, now at startProcess: building log message
09-02 02:05:53.043  1513  1625 I ActivityManager: Start proc 20968:com.android.chrome:sandboxed_process0:org.chromium.content.app.SandboxedProcessService0:87/u0ai87 for  {com.android.chrome/org.chromium.content.app.SandboxedProcessService0:87}
09-02 02:05:53.043  1513  1625 W ActivityManager: Slow operation: 2536ms so far, now at startProcess: starting to update pids map
09-02 02:05:53.044  1513  1625 W ActivityManager: Slow operation: 2536ms so far, now at startProcess: done updating pids map
09-02 02:05:53.044  1513  1625 W ActivityManager: Slow operation: 2518ms so far, now at startProcess: asking zygote to start proc
09-02 02:05:53.044  1513  1625 D CompatibilityChangeReporter: Compat change id reported: 143937733; UID 10220; state: ENABLED
09-02 02:05:53.047 20968 20968 E libc    : SetHeapTaggingLevel: re-enabling tagging after it was disabled is not supported
09-02 02:05:53.050 20899 20899 W SystemServiceRegistry: No service published for: uimode
09-02 02:05:53.050 20876 20876 W SystemServiceRegistry: No service published for: uimode
09-02 02:05:53.052 20899 20899 I cr_ChildProcessService: Creating new ChildProcessService pid=20899
09-02 02:05:53.054  1513  3246 E ProcessStats: Executing service ServiceState{cf3a3d8 org.chromium.content.app.SandboxedProcessService0 pkg=com.android.chrome proc=b8c331} without owner
09-02 02:05:53.054  1513  3246 E ProcessStats: Foregrounding service ServiceState{cf3a3d8 org.chromium.content.app.SandboxedProcessService0 pkg=com.android.chrome proc=b8c331} without owner
09-02 02:05:53.055 20876 20876 I cr_ChildProcessService: Creating new ChildProcessService pid=20876
09-02 02:05:53.057 20899 20936 I cr_LibraryLoader: Using ModernLinker
09-02 02:05:53.057  1513  3246 E ProcessStats: Executing service ServiceState{cf3a3d8 org.chromium.content.app.SandboxedProcessService0 pkg=com.android.chrome proc=b8c331} without owner
09-02 02:05:53.057  1513  3246 E ProcessStats: Foregrounding service ServiceState{cf3a3d8 org.chromium.content.app.SandboxedProcessService0 pkg=com.android.chrome proc=b8c331} without owner
09-02 02:05:53.059 20899 20936 W linker  : Warning: "/data/app/~~_KLlx60MH8CoecPTjMKp8g==/com.android.chrome-kw9RHYrlHKb9bPXi8OTClw==/base.apk!/lib/arm64-v8a/libchromium_android_linker.so" unused DT entry: unknown processor-specific (type 0x70000001 arg 0x0) (ignoring)
09-02 02:05:53.060 20899 20936 E cr_ChromiumAndroidLinker: ReserveAddressWithHint: Address range starting at 0x7a38750000 was not free to use
09-02 02:05:53.063 20968 20968 E cessService0:8: Not starting debugger since process cannot load the jdwp agent.
09-02 02:05:53.064 20899 20979 I cr_LibraryLoader: Successfully loaded native library
09-02 02:05:53.065 20899 20979 I cr_CachingUmaRecorder: Flushed 3 samples from 3 histograms.
09-02 02:05:53.066 20876 20914 I cr_LibraryLoader: Using ModernLinker
09-02 02:05:53.068 20924 20924 I LoadedApk: No resource references to update in package com.google.android.trichromelibrary
09-02 02:05:53.068 20924 20924 D NetworkSecurityConfig: Using Network Security Config from resource 0_resource_name_obfuscated debugBuild: false
09-02 02:05:53.070 20924 20924 D NetworkSecurityConfig: Using Network Security Config from resource 0_resource_name_obfuscated debugBuild: false
09-02 02:05:53.071 20924 20924 I cr_SplitCompatApp: Launched version=107.0.5304.91 minSdkVersion=29 isBundle=true processName=com.android.chrome:sandboxed_process0:org.chromium.content.app.SandboxedProcessService0:85 isIsolated=true
09-02 02:05:53.073 20876 20914 W linker  : Warning: "/data/app/~~_KLlx60MH8CoecPTjMKp8g==/com.android.chrome-kw9RHYrlHKb9bPXi8OTClw==/base.apk!/lib/arm64-v8a/libchromium_android_linker.so" unused DT entry: unknown processor-specific (type 0x70000001 arg 0x0) (ignoring)
09-02 02:05:53.073 20947 20947 I LoadedApk: No resource references to update in package com.google.android.trichromelibrary
09-02 02:05:53.074 20876 20914 E cr_ChromiumAndroidLinker: ReserveAddressWithHint: Address range starting at 0x7a38750000 was not free to use
09-02 02:05:53.076 20947 20947 D NetworkSecurityConfig: Using Network Security Config from resource 0_resource_name_obfuscated debugBuild: false
09-02 02:05:53.076 20924 20924 W SystemServiceRegistry: No service published for: uimode
09-02 02:05:53.076 20947 20947 D NetworkSecurityConfig: Using Network Security Config from resource 0_resource_name_obfuscated debugBuild: false
09-02 02:05:53.077 20947 20947 I cr_SplitCompatApp: Launched version=107.0.5304.91 minSdkVersion=29 isBundle=true processName=com.android.chrome:sandboxed_process0:org.chromium.content.app.SandboxedProcessService0:86 isIsolated=true
09-02 02:05:53.082 20924 20924 I cr_ChildProcessService: Creating new ChildProcessService pid=20924
09-02 02:05:53.082  1513  2180 E ProcessStats: Executing service ServiceState{cf3a3d8 org.chromium.content.app.SandboxedProcessService0 pkg=com.android.chrome proc=b8c331} without owner
09-02 02:05:53.083 18325 18325 D Zygote  : Forked child process 20992
09-02 02:05:53.084  1513  1625 W ActivityManager: Slow operation: 2558ms so far, now at startProcess: returned from zygote!
09-02 02:05:53.084  1513  2180 D CompatibilityChangeReporter: Compat change id reported: 136274596; UID 10220; state: ENABLED
09-02 02:05:53.085 20992 20992 E libc    : SetHeapTaggingLevel: re-enabling tagging after it was disabled is not supported
09-02 02:05:53.087 20876 20980 I cr_LibraryLoader: Successfully loaded native library
09-02 02:05:53.088  1513  1625 W ActivityManager: Slow operation: 2561ms so far, now at startProcess: done updating battery stats
09-02 02:05:53.088  1513  1625 W ActivityManager: Slow operation: 2562ms so far, now at startProcess: building log message
09-02 02:05:53.088  1513  1625 I ActivityManager: Start proc 20992:com.android.chrome:sandboxed_process0:org.chromium.content.app.SandboxedProcessService0:88/u0ai88 for  {com.android.chrome/org.chromium.content.app.SandboxedProcessService0:88}
09-02 02:05:53.088  1513  1625 W ActivityManager: Slow operation: 2562ms so far, now at startProcess: starting to update pids map
09-02 02:05:53.088  1513  1625 W ActivityManager: Slow operation: 2562ms so far, now at startProcess: done updating pids map
09-02 02:05:53.088  1513  1625 W ActivityManager: Slow operation: 2549ms so far, now at startProcess: asking zygote to start proc
09-02 02:05:53.088 20876 20980 I cr_CachingUmaRecorder: Flushed 3 samples from 3 histograms.
09-02 02:05:53.089 20992 20992 E cessService0:8: Not starting debugger since process cannot load the jdwp agent.
09-02 02:05:53.089  1513  1625 D CompatibilityChangeReporter: Compat change id reported: 143937733; UID 10220; state: ENABLED
09-02 02:05:53.091  1513  2571 E ProcessStats: Executing service ServiceState{cf3a3d8 org.chromium.content.app.SandboxedProcessService0 pkg=com.android.chrome proc=b8c331} without owner
09-02 02:05:53.091  1513  2571 E ProcessStats: Foregrounding service ServiceState{cf3a3d8 org.chromium.content.app.SandboxedProcessService0 pkg=com.android.chrome proc=b8c331} without owner
09-02 02:05:53.092 20947 20947 W SystemServiceRegistry: No service published for: uimode
09-02 02:05:53.098 20947 20947 I cr_ChildProcessService: Creating new ChildProcessService pid=20947
09-02 02:05:53.099 20924 20949 I cr_LibraryLoader: Using ModernLinker
09-02 02:05:53.102  1513  3246 E ProcessStats: Executing service ServiceState{cf3a3d8 org.chromium.content.app.SandboxedProcessService0 pkg=com.android.chrome proc=b8c331} without owner
09-02 02:05:53.102 20924 20949 W linker  : Warning: "/data/app/~~_KLlx60MH8CoecPTjMKp8g==/com.android.chrome-kw9RHYrlHKb9bPXi8OTClw==/base.apk!/lib/arm64-v8a/libchromium_android_linker.so" unused DT entry: unknown processor-specific (type 0x70000001 arg 0x0) (ignoring)
09-02 02:05:53.102  1513  3246 E ProcessStats: Foregrounding service ServiceState{cf3a3d8 org.chromium.content.app.SandboxedProcessService0 pkg=com.android.chrome proc=b8c331} without owner
09-02 02:05:53.103 20924 20949 E cr_ChromiumAndroidLinker: ReserveAddressWithHint: Address range starting at 0x7a38750000 was not free to use
09-02 02:05:53.104 18325 18325 D Zygote  : Forked child process 21015
09-02 02:05:53.104  1513  1625 W ActivityManager: Slow operation: 2565ms so far, now at startProcess: returned from zygote!
09-02 02:05:53.104  1513  1625 W ActivityManager: Slow operation: 2565ms so far, now at startProcess: done updating battery stats
09-02 02:05:53.104  1513  1625 W ActivityManager: Slow operation: 2565ms so far, now at startProcess: building log message
09-02 02:05:53.104  1513  1625 I ActivityManager: Start proc 21015:com.android.chrome:sandboxed_process0:org.chromium.content.app.SandboxedProcessService0:89/u0ai89 for  {com.android.chrome/org.chromium.content.app.SandboxedProcessService0:89}
09-02 02:05:53.104  1513  1625 W ActivityManager: Slow operation: 2565ms so far, now at startProcess: starting to update pids map
09-02 02:05:53.105  1513  1625 W ActivityManager: Slow operation: 2565ms so far, now at startProcess: done updating pids map
09-02 02:05:53.105  1513  1625 W ActivityManager: Slow operation: 2534ms so far, now at startProcess: asking zygote to start proc
09-02 02:05:53.106 21015 21015 E libc    : SetHeapTaggingLevel: re-enabling tagging after it was disabled is not supported
09-02 02:05:53.107 20947 20973 I cr_LibraryLoader: Using ModernLinker
09-02 02:05:53.109 20947 20973 W linker  : Warning: "/data/app/~~_KLlx60MH8CoecPTjMKp8g==/com.android.chrome-kw9RHYrlHKb9bPXi8OTClw==/base.apk!/lib/arm64-v8a/libchromium_android_linker.so" unused DT entry: unknown processor-specific (type 0x70000001 arg 0x0) (ignoring)
09-02 02:05:53.111 20947 20973 E cr_ChromiumAndroidLinker: ReserveAddressWithHint: Address range starting at 0x7a38750000 was not free to use
09-02 02:05:53.111 20968 20968 I LoadedApk: No resource references to update in package com.google.android.trichromelibrary
09-02 02:05:53.111 20968 20968 D NetworkSecurityConfig: Using Network Security Config from resource 0_resource_name_obfuscated debugBuild: false
09-02 02:05:53.112 20968 20968 D NetworkSecurityConfig: Using Network Security Config from resource 0_resource_name_obfuscated debugBuild: false
09-02 02:05:53.113 20968 20968 I cr_SplitCompatApp: Launched version=107.0.5304.91 minSdkVersion=29 isBundle=true processName=com.android.chrome:sandboxed_process0:org.chromium.content.app.SandboxedProcessService0:87 isIsolated=true
09-02 02:05:53.115 20827 20898 I cr_LibraryLoader: Successfully loaded native library
09-02 02:05:53.116 20827 20898 I cr_CachingUmaRecorder: Flushed 3 samples from 3 histograms.
09-02 02:05:53.118 21015 21015 E cessService0:8: Not starting debugger since process cannot load the jdwp agent.
09-02 02:05:53.118 20924 20991 I cr_LibraryLoader: Successfully loaded native library
09-02 02:05:53.119 20947 21009 I cr_LibraryLoader: Successfully loaded native library
09-02 02:05:53.120 20924 20991 I cr_CachingUmaRecorder: Flushed 3 samples from 3 histograms.
09-02 02:05:53.120 20947 21009 I cr_CachingUmaRecorder: Flushed 3 samples from 3 histograms.
09-02 02:05:53.123 18325 18325 D Zygote  : Forked child process 21033
09-02 02:05:53.125  1513  1625 W ActivityManager: Slow operation: 2554ms so far, now at startProcess: returned from zygote!
09-02 02:05:53.125  1513  1625 W ActivityManager: Slow operation: 2555ms so far, now at startProcess: done updating battery stats
09-02 02:05:53.125  1513  1625 W ActivityManager: Slow operation: 2555ms so far, now at startProcess: building log message
09-02 02:05:53.125  1513  1625 I ActivityManager: Start proc 21033:com.android.chrome:sandboxed_process0:org.chromium.content.app.SandboxedProcessService0:90/u0ai90 for  {com.android.chrome/org.chromium.content.app.SandboxedProcessService0:90}
09-02 02:05:53.125  1513  1625 W ActivityManager: Slow operation: 2555ms so far, now at startProcess: starting to update pids map
09-02 02:05:53.125  1513  1625 W ActivityManager: Slow operation: 2555ms so far, now at startProcess: done updating pids map
09-02 02:05:53.125  1513  1625 W ActivityManager: Slow operation: 2542ms so far, now at startProcess: asking zygote to start proc
09-02 02:05:53.128 21033 21033 E libc    : SetHeapTaggingLevel: re-enabling tagging after it was disabled is not supported
09-02 02:05:53.128 20968 20968 W SystemServiceRegistry: No service published for: uimode
09-02 02:05:53.129  1513  2013 E ProcessStats: Executing service ServiceState{cf3a3d8 org.chromium.content.app.SandboxedProcessService0 pkg=com.android.chrome proc=b8c331} without owner
09-02 02:05:53.129  1513  2013 D CompatibilityChangeReporter: Compat change id reported: 136274596; UID 10220; state: ENABLED
09-02 02:05:53.137 21033 21033 E cessService0:9: Not starting debugger since process cannot load the jdwp agent.
09-02 02:05:53.140 20968 20968 I cr_ChildProcessService: Creating new ChildProcessService pid=20968
09-02 02:05:53.140 18325 18325 D Zygote  : Forked child process 21057
09-02 02:05:53.141  1513  1625 W ActivityManager: Slow operation: 2558ms so far, now at startProcess: returned from zygote!
09-02 02:05:53.142  1513  3246 E ProcessStats: Executing service ServiceState{cf3a3d8 org.chromium.content.app.SandboxedProcessService0 pkg=com.android.chrome proc=b8c331} without owner
09-02 02:05:53.142 21057 21057 E libc    : SetHeapTaggingLevel: re-enabling tagging after it was disabled is not supported
09-02 02:05:53.143  1513  3246 D CompatibilityChangeReporter: Compat change id reported: 136274596; UID 10220; state: ENABLED
09-02 02:05:53.147 21057 21057 E cessService0:9: Not starting debugger since process cannot load the jdwp agent.
09-02 02:05:53.150  1513  1625 W ActivityManager: Slow operation: 2566ms so far, now at startProcess: done updating battery stats
09-02 02:05:53.150  1513  1625 W ActivityManager: Slow operation: 2567ms so far, now at startProcess: building log message
09-02 02:05:53.150  1513  1625 I ActivityManager: Start proc 21057:com.android.chrome:sandboxed_process0:org.chromium.content.app.SandboxedProcessService0:91/u0ai91 for  {com.android.chrome/org.chromium.content.app.SandboxedProcessService0:91}
09-02 02:05:53.150  1513  1625 W ActivityManager: Slow operation: 2567ms so far, now at startProcess: starting to update pids map
09-02 02:05:53.150  1513  1625 W ActivityManager: Slow operation: 2567ms so far, now at startProcess: done updating pids map
09-02 02:05:53.150  1513  1625 W ActivityManager: Slow operation: 2543ms so far, now at startProcess: asking zygote to start proc
09-02 02:05:53.150  1513  1625 D CompatibilityChangeReporter: Compat change id reported: 143937733; UID 10220; state: ENABLED
09-02 02:05:53.152  1513  2571 E ProcessStats: Executing service ServiceState{cf3a3d8 org.chromium.content.app.SandboxedProcessService0 pkg=com.android.chrome proc=b8c331} without owner
09-02 02:05:53.152  1513  2571 D CompatibilityChangeReporter: Compat change id reported: 136274596; UID 10220; state: ENABLED
09-02 02:05:53.156  1513  2571 E ProcessStats: Executing service ServiceState{cf3a3d8 org.chromium.content.app.SandboxedProcessService0 pkg=com.android.chrome proc=b8c331} without owner
09-02 02:05:53.156  1513  2571 E ProcessStats: Foregrounding service ServiceState{cf3a3d8 org.chromium.content.app.SandboxedProcessService0 pkg=com.android.chrome proc=b8c331} without owner
09-02 02:05:53.157 20968 20990 I cr_LibraryLoader: Using ModernLinker
09-02 02:05:53.158 20968 20990 W linker  : Warning: "/data/app/~~_KLlx60MH8CoecPTjMKp8g==/com.android.chrome-kw9RHYrlHKb9bPXi8OTClw==/base.apk!/lib/arm64-v8a/libchromium_android_linker.so" unused DT entry: unknown processor-specific (type 0x70000001 arg 0x0) (ignoring)
09-02 02:05:53.159 20968 20990 E cr_ChromiumAndroidLinker: ReserveAddressWithHint: Address range starting at 0x7a38750000 was not free to use
09-02 02:05:53.164  1513  3246 E ProcessStats: Executing service ServiceState{cf3a3d8 org.chromium.content.app.SandboxedProcessService0 pkg=com.android.chrome proc=b8c331} without owner
09-02 02:05:53.165  1513  3246 D CompatibilityChangeReporter: Compat change id reported: 136274596; UID 10220; state: ENABLED
09-02 02:05:53.166 20968 21056 I cr_LibraryLoader: Successfully loaded native library
09-02 02:05:53.167 20968 21056 I cr_CachingUmaRecorder: Flushed 3 samples from 3 histograms.
09-02 02:05:53.169   901  2806 I sensors-hal: [ssc_utils]get_qmi_debug_flag:244, support_qmi_debug : false
09-02 02:05:53.174 18325 18325 D Zygote  : Forked child process 21085
09-02 02:05:53.176 21085 21085 E libc    : SetHeapTaggingLevel: re-enabling tagging after it was disabled is not supported
09-02 02:05:53.180  1513  1625 W ActivityManager: Slow operation: 2573ms so far, now at startProcess: returned from zygote!
09-02 02:05:53.180  1513  1625 W ActivityManager: Slow operation: 2573ms so far, now at startProcess: done updating battery stats
09-02 02:05:53.181  1513  1625 W ActivityManager: Slow operation: 2573ms so far, now at startProcess: building log message
09-02 02:05:53.181  1513  1625 I ActivityManager: Start proc 21085:com.android.chrome:sandboxed_process0:org.chromium.content.app.SandboxedProcessService0:92/u0ai92 for  {com.android.chrome/org.chromium.content.app.SandboxedProcessService0:92}
09-02 02:05:53.181  1513  1625 W ActivityManager: Slow operation: 2573ms so far, now at startProcess: starting to update pids map
09-02 02:05:53.181  1513  1625 W ActivityManager: Slow operation: 2573ms so far, now at startProcess: done updating pids map
09-02 02:05:53.181  1513  1625 W ActivityManager: Slow operation: 2556ms so far, now at startProcess: asking zygote to start proc
09-02 02:05:53.181  1513  1625 D CompatibilityChangeReporter: Compat change id reported: 143937733; UID 10220; state: ENABLED
09-02 02:05:53.186 21085 21085 E cessService0:9: Not starting debugger since process cannot load the jdwp agent.
09-02 02:05:53.188 20992 20992 I LoadedApk: No resource references to update in package com.google.android.trichromelibrary
09-02 02:05:53.188 20992 20992 D NetworkSecurityConfig: Using Network Security Config from resource 0_resource_name_obfuscated debugBuild: false
09-02 02:05:53.189 20992 20992 D NetworkSecurityConfig: Using Network Security Config from resource 0_resource_name_obfuscated debugBuild: false
09-02 02:05:53.190 18325 18325 D Zygote  : Forked child process 21110
09-02 02:05:53.191 20992 20992 I cr_SplitCompatApp: Launched version=107.0.5304.91 minSdkVersion=29 isBundle=true processName=com.android.chrome:sandboxed_process0:org.chromium.content.app.SandboxedProcessService0:88 isIsolated=true
09-02 02:05:53.191  1513  1625 W ActivityManager: Slow operation: 2567ms so far, now at startProcess: returned from zygote!
09-02 02:05:53.191  1513  1625 W ActivityManager: Slow operation: 2567ms so far, now at startProcess: done updating battery stats
09-02 02:05:53.191  1513  1625 W ActivityManager: Slow operation: 2567ms so far, now at startProcess: building log message
09-02 02:05:53.191  1513  1625 I ActivityManager: Start proc 21110:com.android.chrome:sandboxed_process0:org.chromium.content.app.SandboxedProcessService0:93/u0ai93 for  {com.android.chrome/org.chromium.content.app.SandboxedProcessService0:93}
09-02 02:05:53.191  1513  1625 W ActivityManager: Slow operation: 2567ms so far, now at startProcess: starting to update pids map
09-02 02:05:53.191  1513  1625 W ActivityManager: Slow operation: 2567ms so far, now at startProcess: done updating pids map
09-02 02:05:53.191  1513  1625 W ActivityManager: Slow operation: 2546ms so far, now at startProcess: asking zygote to start proc
09-02 02:05:53.193 21110 21110 E libc    : SetHeapTaggingLevel: re-enabling tagging after it was disabled is not supported
09-02 02:05:53.198 21110 21110 E cessService0:9: Not starting debugger since process cannot load the jdwp agent.
09-02 02:05:53.204 18325 18325 D Zygote  : Forked child process 21127
09-02 02:05:53.205  1513  1625 W ActivityManager: Slow operation: 2559ms so far, now at startProcess: returned from zygote!
09-02 02:05:53.206 21127 21127 E libc    : SetHeapTaggingLevel: re-enabling tagging after it was disabled is not supported
09-02 02:05:53.207   901  1000 W ASH     : @ 58339.658: Unhandled msg ID 999: line 1277
09-02 02:05:53.207   901  1000 E ASH     : @ 58339.658: No pb callback assigned
09-02 02:05:53.207   901  1000 E ASH     : @ 58339.658: Nanopb error: callback failed:1588
09-02 02:05:53.209  1513  1625 W ActivityManager: Slow operation: 2564ms so far, now at startProcess: done updating battery stats
09-02 02:05:53.210  1513  1625 W ActivityManager: Slow operation: 2564ms so far, now at startProcess: building log message
09-02 02:05:53.210  1513  1625 I ActivityManager: Start proc 21127:com.android.chrome:sandboxed_process0:org.chromium.content.app.SandboxedProcessService0:94/u0ai94 for  {com.android.chrome/org.chromium.content.app.SandboxedProcessService0:94}
09-02 02:05:53.210  1513  1625 W ActivityManager: Slow operation: 2564ms so far, now at startProcess: starting to update pids map
09-02 02:05:53.210 20992 20992 W SystemServiceRegistry: No service published for: uimode
09-02 02:05:53.210  1513  1625 W ActivityManager: Slow operation: 2564ms so far, now at startProcess: done updating pids map
09-02 02:05:53.210  1513  1625 W ActivityManager: Slow operation: 2527ms so far, now at startProcess: asking zygote to start proc
09-02 02:05:53.212  1513  2013 E ProcessStats: Executing service ServiceState{cf3a3d8 org.chromium.content.app.SandboxedProcessService0 pkg=com.android.chrome proc=b8c331} without owner
09-02 02:05:53.213  1513  2013 D CompatibilityChangeReporter: Compat change id reported: 136274596; UID 10220; state: ENABLED
09-02 02:05:53.213 18325 18325 I Zygote  : Process 18526 exited due to signal 9 (Killed)
09-02 02:05:53.217 18273 18273 I cr_TabWebContentsObs: renderProcessGone() for tab id: 5807, already needs reload: false
09-02 02:05:53.217  1513  2571 E ProcessStats: Executing service ServiceState{cf3a3d8 org.chromium.content.app.SandboxedProcessService0 pkg=com.android.chrome proc=b8c331} without owner
09-02 02:05:53.218  1513  2571 D CompatibilityChangeReporter: Compat change id reported: 136274596; UID 10220; state: ENABLED
09-02 02:05:53.218 21057 21057 I LoadedApk: No resource references to update in package com.google.android.trichromelibrary
09-02 02:05:53.219 21057 21057 D NetworkSecurityConfig: Using Network Security Config from resource 0_resource_name_obfuscated debugBuild: false
09-02 02:05:53.219 18216 18216 I BatteryMgr:DataCollectionService: onStartCommand: begin
09-02 02:05:53.220 21057 21057 D NetworkSecurityConfig: Using Network Security Config from resource 0_resource_name_obfuscated debugBuild: false
09-02 02:05:53.220 18216 18216 I BatteryMgr:DataCollectionService: onStartCommand: sampleRate => 100
09-02 02:05:53.220 18216 18216 I BatteryMgr:DataCollectionService: onStartCommand: rawFields => Timestamp,BATTERY_PROPERTY_CURRENT_NOW,EXTRA_VOLTAGE
09-02 02:05:53.221 18216 18216 I BatteryMgr:DataCollectionService: onStartCommand: notification done
09-02 02:05:53.221 21057 21057 I cr_SplitCompatApp: Launched version=107.0.5304.91 minSdkVersion=29 isBundle=true processName=com.android.chrome:sandboxed_process0:org.chromium.content.app.SandboxedProcessService0:91 isIsolated=true
09-02 02:05:53.225  1513  3221 D CompatibilityChangeReporter: Compat change id reported: 136219221; UID 10260; state: ENABLED
09-02 02:05:53.225 18216 18216 I BatteryMgr:DataCollectionService: started foreground
09-02 02:05:53.226 20992 20992 I cr_ChildProcessService: Creating new ChildProcessService pid=20992
09-02 02:05:53.227 21015 21015 I LoadedApk: No resource references to update in package com.google.android.trichromelibrary
09-02 02:05:53.228 21015 21015 D NetworkSecurityConfig: Using Network Security Config from resource 0_resource_name_obfuscated debugBuild: false
09-02 02:05:53.229 21015 21015 D NetworkSecurityConfig: Using Network Security Config from resource 0_resource_name_obfuscated debugBuild: false
09-02 02:05:53.229  1513  2013 E ProcessStats: Executing service ServiceState{cf3a3d8 org.chromium.content.app.SandboxedProcessService0 pkg=com.android.chrome proc=b8c331} without owner
09-02 02:05:53.230  1513  2013 E ProcessStats: Foregrounding service ServiceState{cf3a3d8 org.chromium.content.app.SandboxedProcessService0 pkg=com.android.chrome proc=b8c331} without owner
09-02 02:05:53.230 20992 21046 I cr_LibraryLoader: Using ModernLinker
09-02 02:05:53.231 21015 21015 I cr_SplitCompatApp: Launched version=107.0.5304.91 minSdkVersion=29 isBundle=true processName=com.android.chrome:sandboxed_process0:org.chromium.content.app.SandboxedProcessService0:89 isIsolated=true
09-02 02:05:53.231 20992 21046 W linker  : Warning: "/data/app/~~_KLlx60MH8CoecPTjMKp8g==/com.android.chrome-kw9RHYrlHKb9bPXi8OTClw==/base.apk!/lib/arm64-v8a/libchromium_android_linker.so" unused DT entry: unknown processor-specific (type 0x70000001 arg 0x0) (ignoring)
09-02 02:05:53.234   901  1000 I ASH     : @ 58339.685: tcs3701: ADC is saturated, removed sample from FIFO.
09-02 02:05:53.234 20992 21046 E cr_ChromiumAndroidLinker: ReserveAddressWithHint: Address range starting at 0x7a38750000 was not free to use
09-02 02:05:53.237 20992 21142 I cr_LibraryLoader: Successfully loaded native library
09-02 02:05:53.237 20992 21142 I cr_CachingUmaRecorder: Flushed 3 samples from 3 histograms.
09-02 02:05:53.241 21127 21127 E cessService0:9: Not starting debugger since process cannot load the jdwp agent.
09-02 02:05:53.244 21033 21033 I LoadedApk: No resource references to update in package com.google.android.trichromelibrary
09-02 02:05:53.245 21033 21033 D NetworkSecurityConfig: Using Network Security Config from resource 0_resource_name_obfuscated debugBuild: false
09-02 02:05:53.245 21057 21057 W SystemServiceRegistry: No service published for: uimode
09-02 02:05:53.246 21033 21033 D NetworkSecurityConfig: Using Network Security Config from resource 0_resource_name_obfuscated debugBuild: false
09-02 02:05:53.247 21033 21033 I cr_SplitCompatApp: Launched version=107.0.5304.91 minSdkVersion=29 isBundle=true processName=com.android.chrome:sandboxed_process0:org.chromium.content.app.SandboxedProcessService0:90 isIsolated=true
09-02 02:05:53.251 21057 21057 I cr_ChildProcessService: Creating new ChildProcessService pid=21057
09-02 02:05:53.254 18325 18325 D Zygote  : Forked child process 21156
09-02 02:05:53.255  1513  1625 W ActivityManager: Slow operation: 2572ms so far, now at startProcess: returned from zygote!
09-02 02:05:53.256 21156 21156 E libc    : SetHeapTaggingLevel: re-enabling tagging after it was disabled is not supported
09-02 02:05:53.256 21015 21015 W SystemServiceRegistry: No service published for: uimode
09-02 02:05:53.260 21156 21156 E cessService0:9: Not starting debugger since process cannot load the jdwp agent.
09-02 02:05:53.260 21033 21033 W SystemServiceRegistry: No service published for: uimode
09-02 02:05:53.268 21085 21085 I LoadedApk: No resource references to update in package com.google.android.trichromelibrary
09-02 02:05:53.269 21110 21110 I LoadedApk: No resource references to update in package com.google.android.trichromelibrary
09-02 02:05:53.269 21033 21033 I cr_ChildProcessService: Creating new ChildProcessService pid=21033
09-02 02:05:53.270 21110 21110 D NetworkSecurityConfig: Using Network Security Config from resource 0_resource_name_obfuscated debugBuild: false
09-02 02:05:53.271 21110 21110 D NetworkSecurityConfig: Using Network Security Config from resource 0_resource_name_obfuscated debugBuild: false
09-02 02:05:53.271 21015 21015 I cr_ChildProcessService: Creating new ChildProcessService pid=21015
09-02 02:05:53.271 21085 21085 D NetworkSecurityConfig: Using Network Security Config from resource 0_resource_name_obfuscated debugBuild: false
09-02 02:05:53.272 21085 21085 D NetworkSecurityConfig: Using Network Security Config from resource 0_resource_name_obfuscated debugBuild: false
09-02 02:05:53.272 21110 21110 I cr_SplitCompatApp: Launched version=107.0.5304.91 minSdkVersion=29 isBundle=true processName=com.android.chrome:sandboxed_process0:org.chromium.content.app.SandboxedProcessService0:93 isIsolated=true
09-02 02:05:53.272 21085 21085 I cr_SplitCompatApp: Launched version=107.0.5304.91 minSdkVersion=29 isBundle=true processName=com.android.chrome:sandboxed_process0:org.chromium.content.app.SandboxedProcessService0:92 isIsolated=true
09-02 02:05:53.277 18216 18230 I manager_utilit: CollectorTransition concurrent copying GC freed 1025(100KB) AllocSpace objects, 0(0B) LOS objects, 88% free, 3110KB/27MB, paused 75us total 315.062ms
09-02 02:05:53.278 21085 21085 W SystemServiceRegistry: No service published for: uimode
09-02 02:05:53.278 18216 21181 I BatteryMgr:DataCollectionService: collectData: begin
09-02 02:05:53.281 21085 21085 I cr_ChildProcessService: Creating new ChildProcessService pid=21085
09-02 02:05:53.283 21110 21110 W SystemServiceRegistry: No service published for: uimode
09-02 02:05:53.287  1513  1625 W ActivityManager: Slow operation: 2604ms so far, now at startProcess: done updating battery stats
09-02 02:05:53.287  1513  1625 W ActivityManager: Slow operation: 2604ms so far, now at startProcess: building log message
09-02 02:05:53.287  1513  1625 I ActivityManager: Start proc 21156:com.android.chrome:sandboxed_process0:org.chromium.content.app.SandboxedProcessService0:95/u0ai95 for  {com.android.chrome/org.chromium.content.app.SandboxedProcessService0:95}
09-02 02:05:53.287  1513  1625 W ActivityManager: Slow operation: 2604ms so far, now at startProcess: starting to update pids map
09-02 02:05:53.288  1513  1625 W ActivityManager: Slow operation: 2604ms so far, now at startProcess: done updating pids map
09-02 02:05:53.288  1513  1625 W ActivityManager: Slow operation: 2583ms so far, now at startProcess: asking zygote to start proc
09-02 02:05:53.288  1513  1625 D CompatibilityChangeReporter: Compat change id reported: 143937733; UID 10220; state: ENABLED
09-02 02:05:53.288 21110 21110 I cr_ChildProcessService: Creating new ChildProcessService pid=21110
09-02 02:05:53.290  1513  2013 E ProcessStats: Executing service ServiceState{cf3a3d8 org.chromium.content.app.SandboxedProcessService0 pkg=com.android.chrome proc=b8c331} without owner
09-02 02:05:53.290  1513  2013 D CompatibilityChangeReporter: Compat change id reported: 136274596; UID 10220; state: ENABLED
09-02 02:05:53.293  1513  3246 E ProcessStats: Executing service ServiceState{cf3a3d8 org.chromium.content.app.SandboxedProcessService0 pkg=com.android.chrome proc=b8c331} without owner
09-02 02:05:53.293  1513  3246 D CompatibilityChangeReporter: Compat change id reported: 136274596; UID 10220; state: ENABLED
09-02 02:05:53.297 18216 21181 I BatteryMgr:DataCollectionService: stats => 1693613153297,6713,4395
09-02 02:05:53.299  1513  3221 E ProcessStats: Executing service ServiceState{cf3a3d8 org.chromium.content.app.SandboxedProcessService0 pkg=com.android.chrome proc=b8c331} without owner
09-02 02:05:53.299  1513  3221 E ProcessStats: Foregrounding service ServiceState{cf3a3d8 org.chromium.content.app.SandboxedProcessService0 pkg=com.android.chrome proc=b8c331} without owner
09-02 02:05:53.301  1513  3221 E ProcessStats: Executing service ServiceState{cf3a3d8 org.chromium.content.app.SandboxedProcessService0 pkg=com.android.chrome proc=b8c331} without owner
09-02 02:05:53.301 21085 21137 I cr_LibraryLoader: Using ModernLinker
09-02 02:05:53.301  1513  3221 E ProcessStats: Foregrounding service ServiceState{cf3a3d8 org.chromium.content.app.SandboxedProcessService0 pkg=com.android.chrome proc=b8c331} without owner
09-02 02:05:53.302 21085 21137 W linker  : Warning: "/data/app/~~_KLlx60MH8CoecPTjMKp8g==/com.android.chrome-kw9RHYrlHKb9bPXi8OTClw==/base.apk!/lib/arm64-v8a/libchromium_android_linker.so" unused DT entry: unknown processor-specific (type 0x70000001 arg 0x0) (ignoring)
09-02 02:05:53.303 21085 21137 E cr_ChromiumAndroidLinker: ReserveAddressWithHint: Address range starting at 0x7a38750000 was not free to use
09-02 02:05:53.303  1513  3221 E ProcessStats: Executing service ServiceState{cf3a3d8 org.chromium.content.app.SandboxedProcessService0 pkg=com.android.chrome proc=b8c331} without owner
09-02 02:05:53.304  1513  3221 E ProcessStats: Foregrounding service ServiceState{cf3a3d8 org.chromium.content.app.SandboxedProcessService0 pkg=com.android.chrome proc=b8c331} without owner
09-02 02:05:53.305 21015 21043 I cr_LibraryLoader: Using ModernLinker
