09-02 11:38:05.714 30559 30559 W ResourceType: For resource 0x7f15050e, entry index(1294) is beyond type entryCount(281)
09-02 11:38:05.714 30559 30559 W ResourceType: For resource 0x7f15061f, entry index(1567) is beyond type entryCount(281)
09-02 11:38:05.714 30559 30559 W ResourceType: For resource 0x7f15061f, entry index(1567) is beyond type entryCount(281)
09-02 11:38:05.714 30559 30559 W ResourceType: For resource 0x7f15058c, entry index(1420) is beyond type entryCount(281)
09-02 11:38:05.714 30559 30559 W ResourceType: For resource 0x7f150590, entry index(1424) is beyond type entryCount(281)
09-02 11:38:05.714 30559 30559 W ResourceType: For resource 0x7f15058e, entry index(1422) is beyond type entryCount(281)
09-02 11:38:05.714 30559 30559 W ResourceType: For resource 0x7f1504c3, entry index(1219) is beyond type entryCount(281)
09-02 11:38:05.714 30559 30559 W ResourceType: For resource 0x7f15059e, entry index(1438) is beyond type entryCount(281)
09-02 11:38:05.714 30559 30559 W ResourceType: For resource 0x7f150282, entry index(642) is beyond type entryCount(281)
09-02 11:38:05.714 30559 30559 W ResourceType: For resource 0x7f1504c3, entry index(1219) is beyond type entryCount(281)
09-02 11:38:05.714 30559 30559 W ResourceType: For resource 0x7f150719, entry index(1817) is beyond type entryCount(281)
09-02 11:38:05.714 30559 30559 W ResourceType: For resource 0x7f150578, entry index(1400) is beyond type entryCount(281)
09-02 11:38:05.714 30559 30559 W ResourceType: For resource 0x7f150284, entry index(644) is beyond type entryCount(281)
09-02 11:38:05.714 30559 30559 W ResourceType: For resource 0x7f150579, entry index(1401) is beyond type entryCount(281)
09-02 11:38:05.714 30559 30559 W ResourceType: For resource 0x7f1505e7, entry index(1511) is beyond type entryCount(281)
09-02 11:38:05.714 30559 30559 W ResourceType: For resource 0x7f15071e, entry index(1822) is beyond type entryCount(281)
09-02 11:38:05.714 30559 30559 I chatty  : uid=10158(u0_a158) identical 2 lines
09-02 11:38:05.715 30559 30559 W ResourceType: For resource 0x7f15071e, entry index(1822) is beyond type entryCount(281)
09-02 11:38:05.715 30559 30559 W ResourceType: For resource 0x7f150580, entry index(1408) is beyond type entryCount(281)
09-02 11:38:05.715 30559 30559 W ResourceType: For resource 0x7f15071e, entry index(1822) is beyond type entryCount(281)
09-02 11:38:05.715 30559 30559 W ResourceType: For resource 0x7f15017b, entry index(379) is beyond type entryCount(281)
09-02 11:38:05.715 30559 30559 W ResourceType: For resource 0x7f150283, entry index(643) is beyond type entryCount(281)
09-02 11:38:05.715 30559 30559 W ResourceType: For resource 0x7f1505a2, entry index(1442) is beyond type entryCount(281)
09-02 11:38:05.715 30559 30559 W ResourceType: For resource 0x7f1506f4, entry index(1780) is beyond type entryCount(281)
09-02 11:38:05.715 30559 30559 W ResourceType: For resource 0x7f150588, entry index(1416) is beyond type entryCount(281)
09-02 11:38:05.715 30559 30559 W ResourceType: For resource 0x7f15059f, entry index(1439) is beyond type entryCount(281)
09-02 11:38:05.715 30559 30559 W ResourceType: For resource 0x7f150649, entry index(1609) is beyond type entryCount(281)
09-02 11:38:05.715 30559 30559 W ResourceType: For resource 0x7f150442, entry index(1090) is beyond type entryCount(281)
09-02 11:38:05.715 30559 30559 W ResourceType: For resource 0x7f150718, entry index(1816) is beyond type entryCount(281)
09-02 11:38:05.715 30559 30559 W ResourceType: For resource 0x7f15017c, entry index(380) is beyond type entryCount(281)
09-02 11:38:05.715 30559 30559 W ResourceType: For resource 0x7f15059d, entry index(1437) is beyond type entryCount(281)
09-02 11:38:05.715 30559 30559 W ResourceType: For resource 0x7f15020a, entry index(522) is beyond type entryCount(281)
09-02 11:38:05.715 30559 30559 W ResourceType: For resource 0x7f150586, entry index(1414) is beyond type entryCount(281)
09-02 11:38:05.715 30559 30559 W ResourceType: For resource 0x7f15071c, entry index(1820) is beyond type entryCount(281)
09-02 11:38:05.715 30559 30559 W ResourceType: For resource 0x7f1502af, entry index(687) is beyond type entryCount(281)
09-02 11:38:05.715 30559 30559 W ResourceType: For resource 0x7f150274, entry index(628) is beyond type entryCount(281)
09-02 11:38:05.715 30559 30559 W ResourceType: For resource 0x7f150244, entry index(580) is beyond type entryCount(281)
09-02 11:38:05.715 30559 30559 W ResourceType: For resource 0x7f150274, entry index(628) is beyond type entryCount(281)
09-02 11:38:05.715 30559 30559 W ResourceType: For resource 0x7f150372, entry index(882) is beyond type entryCount(281)
09-02 11:38:05.715 30559 30559 W ResourceType: For resource 0x7f15035b, entry index(859) is beyond type entryCount(281)
09-02 11:38:05.715 30559 30559 W ResourceType: For resource 0x7f15035c, entry index(860) is beyond type entryCount(281)
09-02 11:38:05.715 30559 30559 W ResourceType: For resource 0x7f1502ad, entry index(685) is beyond type entryCount(281)
09-02 11:38:05.715 30559 30559 W ResourceType: For resource 0x7f150565, entry index(1381) is beyond type entryCount(281)
09-02 11:38:05.715 30559 30559 W ResourceType: For resource 0x7f150567, entry index(1383) is beyond type entryCount(281)
09-02 11:38:05.715 30559 30559 W ResourceType: For resource 0x7f150241, entry index(577) is beyond type entryCount(281)
09-02 11:38:05.715 30559 30559 I chatty  : uid=10158(u0_a158) identical 4 lines
09-02 11:38:05.715 30559 30559 W ResourceType: For resource 0x7f150241, entry index(577) is beyond type entryCount(281)
09-02 11:38:05.716 30559 30559 W ResourceType: For resource 0x7f1505bf, entry index(1471) is beyond type entryCount(281)
09-02 11:38:05.716 30559 30559 W ResourceType: For resource 0x7f150728, entry index(1832) is beyond type entryCount(281)
09-02 11:38:05.716 30559 30559 W ResourceType: For resource 0x7f1505bf, entry index(1471) is beyond type entryCount(281)
09-02 11:38:05.716 30559 30559 W ResourceType: For resource 0x7f150728, entry index(1832) is beyond type entryCount(281)
09-02 11:38:05.716 30559 30559 W ResourceType: For resource 0x7f150241, entry index(577) is beyond type entryCount(281)
09-02 11:38:05.716 30559 30559 W ResourceType: For resource 0x7f1505bf, entry index(1471) is beyond type entryCount(281)
09-02 11:38:05.716 30559 30559 W ResourceType: For resource 0x7f150728, entry index(1832) is beyond type entryCount(281)
09-02 11:38:05.716 30559 30559 W ResourceType: For resource 0x7f1505bf, entry index(1471) is beyond type entryCount(281)
09-02 11:38:05.716 30559 30559 W ResourceType: For resource 0x7f150728, entry index(1832) is beyond type entryCount(281)
09-02 11:38:05.716 30559 30559 W ResourceType: For resource 0x7f1505bf, entry index(1471) is beyond type entryCount(281)
09-02 11:38:05.716 30559 30559 W ResourceType: For resource 0x7f150728, entry index(1832) is beyond type entryCount(281)
09-02 11:38:05.716 30559 30559 W ResourceType: For resource 0x7f1505bf, entry index(1471) is beyond type entryCount(281)
09-02 11:38:05.716 30559 30559 W ResourceType: For resource 0x7f150728, entry index(1832) is beyond type entryCount(281)
09-02 11:38:05.716 30559 30559 W ResourceType: For resource 0x7f1505bf, entry index(1471) is beyond type entryCount(281)
09-02 11:38:05.716 30559 30559 W ResourceType: For resource 0x7f150728, entry index(1832) is beyond type entryCount(281)
09-02 11:38:05.716 30559 30559 W ResourceType: For resource 0x7f1505bf, entry index(1471) is beyond type entryCount(281)
09-02 11:38:05.716 30559 30559 W ResourceType: For resource 0x7f150728, entry index(1832) is beyond type entryCount(281)
09-02 11:38:05.717 30559 30559 W ResourceType: For resource 0x7f15050e, entry index(1294) is beyond type entryCount(281)
09-02 11:38:05.717 30559 30559 W ResourceType: For resource 0x7f15061f, entry index(1567) is beyond type entryCount(281)
09-02 11:38:05.717 30559 30559 W ResourceType: For resource 0x7f15061f, entry index(1567) is beyond type entryCount(281)
09-02 11:38:05.717 30559 30559 W ResourceType: For resource 0x7f15058c, entry index(1420) is beyond type entryCount(281)
09-02 11:38:05.717 30559 30559 W ResourceType: For resource 0x7f150590, entry index(1424) is beyond type entryCount(281)
09-02 11:38:05.717 30559 30559 W ResourceType: For resource 0x7f15058e, entry index(1422) is beyond type entryCount(281)
09-02 11:38:05.717 30559 30559 W ResourceType: For resource 0x7f1504c3, entry index(1219) is beyond type entryCount(281)
09-02 11:38:05.717 30559 30559 W ResourceType: For resource 0x7f15059e, entry index(1438) is beyond type entryCount(281)
09-02 11:38:05.717 30559 30559 W ResourceType: For resource 0x7f150282, entry index(642) is beyond type entryCount(281)
09-02 11:38:05.717 30559 30559 W ResourceType: For resource 0x7f1504c3, entry index(1219) is beyond type entryCount(281)
09-02 11:38:05.717 30559 30559 W ResourceType: For resource 0x7f150719, entry index(1817) is beyond type entryCount(281)
09-02 11:38:05.717 30559 30559 W ResourceType: For resource 0x7f150578, entry index(1400) is beyond type entryCount(281)
09-02 11:38:05.717 30559 30559 W ResourceType: For resource 0x7f150284, entry index(644) is beyond type entryCount(281)
09-02 11:38:05.717 30559 30559 W ResourceType: For resource 0x7f150579, entry index(1401) is beyond type entryCount(281)
09-02 11:38:05.717 30559 30559 W ResourceType: For resource 0x7f1505e7, entry index(1511) is beyond type entryCount(281)
09-02 11:38:05.717 30559 30559 W ResourceType: For resource 0x7f15071e, entry index(1822) is beyond type entryCount(281)
09-02 11:38:05.717 30559 30559 I chatty  : uid=10158(u0_a158) identical 2 lines
09-02 11:38:05.717 30559 30559 W ResourceType: For resource 0x7f15071e, entry index(1822) is beyond type entryCount(281)
09-02 11:38:05.717 30559 30559 W ResourceType: For resource 0x7f150580, entry index(1408) is beyond type entryCount(281)
09-02 11:38:05.717 30559 30559 W ResourceType: For resource 0x7f15071e, entry index(1822) is beyond type entryCount(281)
09-02 11:38:05.717 30559 30559 W ResourceType: For resource 0x7f15017b, entry index(379) is beyond type entryCount(281)
09-02 11:38:05.717 30559 30559 W ResourceType: For resource 0x7f150283, entry index(643) is beyond type entryCount(281)
09-02 11:38:05.717 30559 30559 W ResourceType: For resource 0x7f1505a2, entry index(1442) is beyond type entryCount(281)
09-02 11:38:05.717 30559 30559 W ResourceType: For resource 0x7f1506f4, entry index(1780) is beyond type entryCount(281)
09-02 11:38:05.717 30559 30559 W ResourceType: For resource 0x7f150588, entry index(1416) is beyond type entryCount(281)
09-02 11:38:05.717 30559 30559 W ResourceType: For resource 0x7f15059f, entry index(1439) is beyond type entryCount(281)
09-02 11:38:05.717 30559 30559 W ResourceType: For resource 0x7f150649, entry index(1609) is beyond type entryCount(281)
09-02 11:38:05.717 30559 30559 W ResourceType: For resource 0x7f150442, entry index(1090) is beyond type entryCount(281)
09-02 11:38:05.717 30559 30559 W ResourceType: For resource 0x7f150718, entry index(1816) is beyond type entryCount(281)
09-02 11:38:05.717 30559 30559 W ResourceType: For resource 0x7f15017c, entry index(380) is beyond type entryCount(281)
09-02 11:38:05.717 30559 30559 W ResourceType: For resource 0x7f15059d, entry index(1437) is beyond type entryCount(281)
09-02 11:38:05.717 30559 30559 W ResourceType: For resource 0x7f15020a, entry index(522) is beyond type entryCount(281)
09-02 11:38:05.717 30559 30559 W ResourceType: For resource 0x7f150586, entry index(1414) is beyond type entryCount(281)
09-02 11:38:05.717 30559 30559 W ResourceType: For resource 0x7f15071c, entry index(1820) is beyond type entryCount(281)
09-02 11:38:05.717 30559 30559 W ResourceType: For resource 0x7f1502af, entry index(687) is beyond type entryCount(281)
09-02 11:38:05.717 30559 30559 W ResourceType: For resource 0x7f150274, entry index(628) is beyond type entryCount(281)
09-02 11:38:05.717 30559 30559 W ResourceType: For resource 0x7f150244, entry index(580) is beyond type entryCount(281)
09-02 11:38:05.717 30559 30559 W ResourceType: For resource 0x7f150274, entry index(628) is beyond type entryCount(281)
09-02 11:38:05.717 30559 30559 W ResourceType: For resource 0x7f150372, entry index(882) is beyond type entryCount(281)
09-02 11:38:05.717 30559 30559 W ResourceType: For resource 0x7f15035b, entry index(859) is beyond type entryCount(281)
09-02 11:38:05.717 30559 30559 W ResourceType: For resource 0x7f15035c, entry index(860) is beyond type entryCount(281)
09-02 11:38:05.717 30559 30559 W ResourceType: For resource 0x7f1502ad, entry index(685) is beyond type entryCount(281)
09-02 11:38:05.717 30559 30559 W ResourceType: For resource 0x7f150565, entry index(1381) is beyond type entryCount(281)
09-02 11:38:05.717 30559 30559 W ResourceType: For resource 0x7f150567, entry index(1383) is beyond type entryCount(281)
09-02 11:38:05.718 30559 30559 W ResourceType: For resource 0x7f1505bd, entry index(1469) is beyond type entryCount(281)
09-02 11:38:05.718 30559 30559 I chatty  : uid=10158(u0_a158) identical 6 lines
09-02 11:38:05.718 30559 30559 W ResourceType: For resource 0x7f1505bd, entry index(1469) is beyond type entryCount(281)
09-02 11:38:05.722  3462  3462 I SurfaceFlinger: id=1411 createSurf (720x1280),4 flag=404, SurfaceView - com.opera.browser/com.opera.Opera@ef0417c@0#0
09-02 11:38:05.723  3462  3462 I SurfaceFlinger: id=1412 createSurf (720x1280),-1 flag=20404, Background for - SurfaceView - com.opera.browser/com.opera.Opera@ef0417c@0#0
09-02 11:38:05.724 30559 30559 D SurfaceView: BG show() Surface(name=Background for - SurfaceView - com.opera.browser/com.opera.Opera@ef0417c@0) android.view.SurfaceView{ef0417c V.E...... ......ID 0,0-720,1280}
09-02 11:38:05.731 30559 30559 V Surface : sf_framedrop debug : 0x4f4c, game : false, logging : 0
09-02 11:38:05.731 30559 30559 D SurfaceView: surfaceCreated 1 android.view.SurfaceView{ef0417c V.E...... ......ID 0,0-720,1280}
09-02 11:38:05.732 30559 30559 D SurfaceView: surfaceChanged (720,1280) 1 android.view.SurfaceView{ef0417c V.E...... ......ID 0,0-720,1280}
09-02 11:38:05.732  3449  3449 I android.hardware.wifi@1.0-service: getLinkLayerStats
09-02 11:38:05.757 30741 30763 V Surface : sf_framedrop debug : 0x4f4c, game : false, logging : 0
09-02 11:38:05.758 30741 30763 D mali_winsys: EGLint new_window_surface(egl_winsys_display *, void *, EGLSurface, EGLConfig, egl_winsys_surface **, egl_color_buffer_format *, EGLBoolean) returns 0x3000,  [720x1280]-format:1
09-02 11:38:05.767  3979  9236 D ConnectivityService: filterNetworkStateForUid() uid: 10158 networkInfo: [type: WIFI[] - WIFI, state: CONNECTED/CONNECTED, reason: (unspecified), extra: "WiFi 69", failover: false, available: true, roaming: false, metered: false]
09-02 11:38:05.773  3979  5966 D PackageManager: setEnabledSetting : userId = 0 packageName = com.opera.browser cmp = com.opera.android.readlater.MigrationBroadcastReceiver newState = 2 callingPackage = 10158/com.opera.browser
09-02 11:38:05.779 30559 30559 I zygote  : Deoptimizing java.lang.Object gs4.a() due to JIT inline cache
09-02 11:38:05.779 10264 10280 I FontLog : Received query Noto Color Emoji Compat, URI content://com.google.android.gms.fonts [CONTEXT service_id=132 ]
09-02 11:38:05.780 10264 10280 I FontLog : Query [emojicompat-emoji-font] resolved to {Noto Color Emoji Compat, wdth 100.0, wght 400, ital 0.0, bestEffort false} [CONTEXT service_id=132 ]
09-02 11:38:05.784 10264 10280 I FontLog : Fetch {Noto Color Emoji Compat, wdth 100.0, wght 400, ital 0.0, bestEffort false} end status Status{statusCode=SUCCESS, resolution=null} [CONTEXT service_id=132 ]
09-02 11:38:05.793 10264 10280 I FontLog : Pulling font file for id = 668, cache size = 6 [CONTEXT service_id=132 ]
09-02 11:38:05.808 10264 10280 I FontLog : Pulling font file for id = 668, cache size = 6 [CONTEXT service_id=132 ]
09-02 11:38:05.814 10264 10280 I FontLog : Received query name=Google Sans&weight=700&besteffort=false, URI content://com.google.android.gms.fonts [CONTEXT service_id=132 ]
09-02 11:38:05.814 10264 10280 I FontLog : Query [name=Google Sans&weight=700&besteffort=false] resolved to {Google Sans, wdth 100.0, wght 700, ital 0.0, bestEffort false} [CONTEXT service_id=132 ]
09-02 11:38:05.818 10264 10280 I FontLog : Fetch {Google Sans, wdth 100.0, wght 700, ital 0.0, bestEffort false} end status Status{statusCode=SUCCESS, resolution=null} [CONTEXT service_id=132 ]
09-02 11:38:05.823 10264 10280 I FontLog : Pulling font file for id = 669, cache size = 7 [CONTEXT service_id=132 ]
09-02 11:38:05.832  3979  9236 D ConnectivityService: filterNetworkStateForUid() uid: 10025 networkInfo: [type: WIFI[] - WIFI, state: CONNECTED/CONNECTED, reason: (unspecified), extra: "WiFi 69", failover: false, available: true, roaming: false, metered: false]
09-02 11:38:05.832 10264 10280 I FontLog : Received query name=Noto Color Emoji Compat&weight=400&besteffort=false, URI content://com.google.android.gms.fonts [CONTEXT service_id=132 ]
09-02 11:38:05.832 10264 10280 I FontLog : Query [name=Noto Color Emoji Compat&weight=400&besteffort=false] resolved to {Noto Color Emoji Compat, wdth 100.0, wght 400, ital 0.0, bestEffort false} [CONTEXT service_id=132 ]
09-02 11:38:05.836 10264 10280 I FontLog : Fetch {Noto Color Emoji Compat, wdth 100.0, wght 400, ital 0.0, bestEffort false} end status Status{statusCode=SUCCESS, resolution=null} [CONTEXT service_id=132 ]
09-02 11:38:05.851 10264 10280 I FontLog : Pulling font file for id = 670, cache size = 7 [CONTEXT service_id=132 ]
09-02 11:38:05.856 10264 10280 I FontLog : Received query name=Google Sans&weight=400&besteffort=false, URI content://com.google.android.gms.fonts [CONTEXT service_id=132 ]
09-02 11:38:05.857 10264 10280 I FontLog : Query [name=Google Sans&weight=400&besteffort=false] resolved to {Google Sans, wdth 100.0, wght 400, ital 0.0, bestEffort false} [CONTEXT service_id=132 ]
09-02 11:38:05.859 10264 10280 I FontLog : Font PFD returned from cache for {Google Sans, wdth 100.0, wght 400, ital 0.0, bestEffort false} [CONTEXT service_id=132 ]
09-02 11:38:05.859 10264 10280 I FontLog : Fetch {Google Sans, wdth 100.0, wght 400, ital 0.0, bestEffort false} end status Status{statusCode=SUCCESS, resolution=null} [CONTEXT service_id=132 ]
09-02 11:38:05.865 10264 10280 I FontLog : Pulling font file for id = 671, cache size = 8 [CONTEXT service_id=132 ]
09-02 11:38:05.866  3979  5976 D ConnectivityService: filterNetworkStateForUid() uid: 10158 networkInfo: [type: WIFI[] - WIFI, state: CONNECTED/CONNECTED, reason: (unspecified), extra: "WiFi 69", failover: false, available: true, roaming: false, metered: false]
09-02 11:38:05.877 10264 10280 I FontLog : Received query name=Google Sans&weight=500&besteffort=false, URI content://com.google.android.gms.fonts [CONTEXT service_id=132 ]
09-02 11:38:05.877 10264 10280 I FontLog : Query [name=Google Sans&weight=500&besteffort=false] resolved to {Google Sans, wdth 100.0, wght 500, ital 0.0, bestEffort false} [CONTEXT service_id=132 ]
09-02 11:38:05.880 10264 10280 I FontLog : Font PFD returned from cache for {Google Sans, wdth 100.0, wght 500, ital 0.0, bestEffort false} [CONTEXT service_id=132 ]
09-02 11:38:05.880 10264 10280 I FontLog : Fetch {Google Sans, wdth 100.0, wght 500, ital 0.0, bestEffort false} end status Status{statusCode=SUCCESS, resolution=null} [CONTEXT service_id=132 ]
09-02 11:38:05.883 30559 30559 W ResourceType: For resource 0x7f15050e, entry index(1294) is beyond type entryCount(281)
09-02 11:38:05.883 30559 30892 I zygote  : Deoptimizing boolean g87.m(long) due to JIT inline cache
09-02 11:38:05.883 30559 30559 W ResourceType: For resource 0x7f15061f, entry index(1567) is beyond type entryCount(281)
09-02 11:38:05.883 30559 30559 W ResourceType: For resource 0x7f15061f, entry index(1567) is beyond type entryCount(281)
09-02 11:38:05.883 30559 30559 W ResourceType: For resource 0x7f15058c, entry index(1420) is beyond type entryCount(281)
09-02 11:38:05.883 30559 30559 W ResourceType: For resource 0x7f150590, entry index(1424) is beyond type entryCount(281)
09-02 11:38:05.883 30559 30559 W ResourceType: For resource 0x7f15058e, entry index(1422) is beyond type entryCount(281)
09-02 11:38:05.883 30559 30559 W ResourceType: For resource 0x7f1504c3, entry index(1219) is beyond type entryCount(281)
09-02 11:38:05.883 30559 30559 W ResourceType: For resource 0x7f15059e, entry index(1438) is beyond type entryCount(281)
09-02 11:38:05.883 30559 30559 W ResourceType: For resource 0x7f150282, entry index(642) is beyond type entryCount(281)
09-02 11:38:05.883 30559 30559 W ResourceType: For resource 0x7f1504c3, entry index(1219) is beyond type entryCount(281)
09-02 11:38:05.883 30559 30559 W ResourceType: For resource 0x7f150719, entry index(1817) is beyond type entryCount(281)
09-02 11:38:05.883 30559 30559 W ResourceType: For resource 0x7f150578, entry index(1400) is beyond type entryCount(281)
09-02 11:38:05.883 30559 30559 W ResourceType: For resource 0x7f150284, entry index(644) is beyond type entryCount(281)
09-02 11:38:05.883 30559 30559 W ResourceType: For resource 0x7f150579, entry index(1401) is beyond type entryCount(281)
09-02 11:38:05.883 30559 30559 W ResourceType: For resource 0x7f1505e7, entry index(1511) is beyond type entryCount(281)
09-02 11:38:05.883 30559 30559 W ResourceType: For resource 0x7f15071e, entry index(1822) is beyond type entryCount(281)
09-02 11:38:05.883 30559 30559 I chatty  : uid=10158(u0_a158) identical 2 lines
09-02 11:38:05.883 30559 30559 W ResourceType: For resource 0x7f15071e, entry index(1822) is beyond type entryCount(281)
09-02 11:38:05.883 30559 30559 W ResourceType: For resource 0x7f150580, entry index(1408) is beyond type entryCount(281)
09-02 11:38:05.883 30559 30559 W ResourceType: For resource 0x7f15071e, entry index(1822) is beyond type entryCount(281)
09-02 11:38:05.883 30559 30559 W ResourceType: For resource 0x7f15017b, entry index(379) is beyond type entryCount(281)
09-02 11:38:05.883 30559 30559 W ResourceType: For resource 0x7f150283, entry index(643) is beyond type entryCount(281)
09-02 11:38:05.883 30559 30559 W ResourceType: For resource 0x7f1505a2, entry index(1442) is beyond type entryCount(281)
09-02 11:38:05.883 30559 30559 W ResourceType: For resource 0x7f1506f4, entry index(1780) is beyond type entryCount(281)
09-02 11:38:05.883 30559 30559 W ResourceType: For resource 0x7f150588, entry index(1416) is beyond type entryCount(281)
09-02 11:38:05.883 30559 30559 W ResourceType: For resource 0x7f15059f, entry index(1439) is beyond type entryCount(281)
09-02 11:38:05.883 30559 30559 W ResourceType: For resource 0x7f150649, entry index(1609) is beyond type entryCount(281)
09-02 11:38:05.883 30559 30559 W ResourceType: For resource 0x7f150442, entry index(1090) is beyond type entryCount(281)
09-02 11:38:05.883 30559 30559 W ResourceType: For resource 0x7f150718, entry index(1816) is beyond type entryCount(281)
09-02 11:38:05.883 30559 30559 W ResourceType: For resource 0x7f15017c, entry index(380) is beyond type entryCount(281)
09-02 11:38:05.883 30559 30559 W ResourceType: For resource 0x7f15059d, entry index(1437) is beyond type entryCount(281)
09-02 11:38:05.883 30559 30559 W ResourceType: For resource 0x7f15020a, entry index(522) is beyond type entryCount(281)
09-02 11:38:05.883 30559 30559 W ResourceType: For resource 0x7f150586, entry index(1414) is beyond type entryCount(281)
09-02 11:38:05.883 30559 30559 W ResourceType: For resource 0x7f15071c, entry index(1820) is beyond type entryCount(281)
09-02 11:38:05.883 30559 30559 W ResourceType: For resource 0x7f1502af, entry index(687) is beyond type entryCount(281)
09-02 11:38:05.883 30559 30559 W ResourceType: For resource 0x7f150274, entry index(628) is beyond type entryCount(281)
09-02 11:38:05.883 30559 30559 W ResourceType: For resource 0x7f150244, entry index(580) is beyond type entryCount(281)
09-02 11:38:05.883 30559 30559 W ResourceType: For resource 0x7f150274, entry index(628) is beyond type entryCount(281)
09-02 11:38:05.883 30559 30559 W ResourceType: For resource 0x7f150372, entry index(882) is beyond type entryCount(281)
09-02 11:38:05.883 30559 30559 W ResourceType: For resource 0x7f15035b, entry index(859) is beyond type entryCount(281)
09-02 11:38:05.883 30559 30559 W ResourceType: For resource 0x7f15035c, entry index(860) is beyond type entryCount(281)
09-02 11:38:05.883 30559 30559 W ResourceType: For resource 0x7f1502ad, entry index(685) is beyond type entryCount(281)
09-02 11:38:05.883 30559 30559 W ResourceType: For resource 0x7f150565, entry index(1381) is beyond type entryCount(281)
09-02 11:38:05.883 30559 30559 W ResourceType: For resource 0x7f150567, entry index(1383) is beyond type entryCount(281)
09-02 11:38:05.888 30741 30891 W AudioCapabilities: Unsupported mime audio/mpeg-L1
09-02 11:38:05.888 30741 30891 W AudioCapabilities: Unsupported mime audio/mpeg-L2
09-02 11:38:05.889 10264 10280 I FontLog : Pulling font file for id = 672, cache size = 9 [CONTEXT service_id=132 ]
09-02 11:38:05.892 30741 30891 W AudioCapabilities: Unsupported mime audio/x-ms-wma
09-02 11:38:05.895 30741 30891 W AudioCapabilities: Unsupported mime audio/x-ima
09-02 11:38:05.903 30741 30891 W VideoCapabilities: Unrecognized profile 2130706433 for video/avc
09-02 11:38:05.903 30741 30891 W VideoCapabilities: Unrecognized profile 2130706434 for video/avc
09-02 11:38:05.903  7505  7526 I Finsky  : [2053] ncc.l(14): com.opera.browser: Account determined from installer data - [U-iik75Til66Sqc4rcg2VQIPTcVEABCt30QhmAx4030]
09-02 11:38:05.904  7505  7526 I Finsky  : [2053] ncc.l(61): Billing preferred account via installer for com.opera.browser: [U-iik75Til66Sqc4rcg2VQIPTcVEABCt30QhmAx4030]
09-02 11:38:05.906 30741 30891 W VideoCapabilities: Unrecognized profile 2130706433 for video/avc
09-02 11:38:05.906 30741 30891 W VideoCapabilities: Unrecognized profile 2130706434 for video/avc
09-02 11:38:05.906  7505  7526 W Finsky  : [2053] hgm.i(10): Unsupported billing API version: 19
09-02 11:38:05.908  3979  5976 V WindowManager: Relayout Window{7db2598 u0 com.opera.browser/com.opera.Opera}: viewVisibility=0 req=720x1280 WM.LayoutParams{(0,0)(fillxfill) sim=#10 ty=1 fl=#89810100 pfl=0x20000 fmt=-3 wanim=0x10302fd vsysui=0x2700 sysuil=true needsMenuKey=2 colorMode=0 naviIconColor=0}
09-02 11:38:05.909  7505  7526 I Finsky  : [2053] ncc.l(14): com.opera.browser: Account determined from installer data - [U-iik75Til66Sqc4rcg2VQIPTcVEABCt30QhmAx4030]
09-02 11:38:05.910  7505  7526 I Finsky  : [2053] ncc.l(61): Billing preferred account via installer for com.opera.browser: [U-iik75Til66Sqc4rcg2VQIPTcVEABCt30QhmAx4030]
09-02 11:38:05.911  7505  7526 W Finsky  : [2053] hgm.i(10): Unsupported billing API version: 18
09-02 11:38:05.913  7505  7526 I Finsky  : [2053] ncc.l(14): com.opera.browser: Account determined from installer data - [U-iik75Til66Sqc4rcg2VQIPTcVEABCt30QhmAx4030]
09-02 11:38:05.913 30559 30762 I System.out: (HTTPLog)-Static: isSBSettingEnabled false
09-02 11:38:05.914 30559 30762 I System.out: (HTTPLog)-Static: isSBSettingEnabled false
09-02 11:38:05.914  7505  7526 I Finsky  : [2053] ncc.l(61): Billing preferred account via installer for com.opera.browser: [U-iik75Til66Sqc4rcg2VQIPTcVEABCt30QhmAx4030]
09-02 11:38:05.917 30559 30559 D ViewRootImpl@a6f6a83[Opera]: Relayout returned: old=[0,0][720,1280] new=[0,0][720,1280] result=0x1 surface={valid=true 3283703808} changed=false
09-02 11:38:05.919  3614  3927 D DnsProxyListener: DNSDBG::dns addrinfo af 2
09-02 11:38:05.919 30559 30559 W View    : requestLayout() improperly called by android.widget.FrameLayout{f37636c VFE...C.. ......ID 236,999-713,1175 #7f0a01ca app:id/content} during layout: running second layout pass
09-02 11:38:05.919 30559 30559 I ViewRootImpl@a6f6a83[Opera]: requestLayout is already in process
09-02 11:38:05.919  3462  3462 I SurfaceFlinger: Display 0 HWC layers:
09-02 11:38:05.919  3462  3462 I SurfaceFlinger:     type    |    handle    | flag |  format   |   source crop (l,t,r,b)    |         frame       | name 
09-02 11:38:05.919  3462  3462 I SurfaceFlinger: ------------+--------------+------+-----------+----------------------------+---------------------+------
09-02 11:38:05.919  3462  3462 I SurfaceFlinger:      Device | 0x7abe68b880 | 0002 | RGBA_8888 |   0.0    0.0  720.0 1280.0 |    0    0  720 1280 | SurfaceView - com.opera.browser/com.opera.Opera@ef0417c@0#0
09-02 11:38:05.919  3462  3462 I SurfaceFlinger:      Device | 0x7ac4c24240 | 0000 | RGBA_8888 |   0.0    0.0  720.0 1280.0 |    0    0  720 1280 | com.opera.browser/com.opera.Opera#0
09-02 11:38:05.919  3462  3462 I SurfaceFlinger:      Device | 0x7abe64b980 | 0000 | RGBA_8888 |   0.0    0.0  720.0   42.0 |    0    0  720   42 | StatusBar#0
09-02 11:38:05.919  3462  3462 I SurfaceFlinger: 
09-02 11:38:05.922  7505  7526 I Finsky  : [2053] ncc.l(14): com.opera.browser: Account determined from installer data - [U-iik75Til66Sqc4rcg2VQIPTcVEABCt30QhmAx4030]
09-02 11:38:05.923  7505  7526 I Finsky  : [2053] ncc.l(61): Billing preferred account via installer for com.opera.browser: [U-iik75Til66Sqc4rcg2VQIPTcVEABCt30QhmAx4030]
09-02 11:38:05.923 30741 30891 W VideoCapabilities: Unsupported mime video/wvc1
09-02 11:38:05.924  7505  7526 W Finsky  : [2053] hgm.i(10): Unsupported billing API version: 19
09-02 11:38:05.926 30741 30891 W VideoCapabilities: Unsupported mime video/x-ms-wmv
09-02 11:38:05.927  7505  7526 I Finsky  : [2053] ncc.l(14): com.opera.browser: Account determined from installer data - [U-iik75Til66Sqc4rcg2VQIPTcVEABCt30QhmAx4030]
09-02 11:38:05.929  7505  7526 I Finsky  : [2053] ncc.l(61): Billing preferred account via installer for com.opera.browser: [U-iik75Til66Sqc4rcg2VQIPTcVEABCt30QhmAx4030]
09-02 11:38:05.938 30559 30559 I zygote  : Deoptimizing boolean ks4.a(java.util.AbstractCollection, java.util.Iterator) due to JIT inline cache
09-02 11:38:05.938 30741 30891 W VideoCapabilities: Unrecognized profile 2130706433 for video/avc
09-02 11:38:05.938 30741 30891 W VideoCapabilities: Unrecognized profile 2130706434 for video/avc
09-02 11:38:05.940  7505  7526 W Finsky  : [2053] hgm.i(10): Unsupported billing API version: 18
09-02 11:38:05.943 30741 30891 W VideoCapabilities: Unsupported mime video/avc-wfd
09-02 11:38:05.943  7505  7526 I Finsky  : [2053] ncc.l(14): com.opera.browser: Account determined from installer data - [U-iik75Til66Sqc4rcg2VQIPTcVEABCt30QhmAx4030]
09-02 11:38:05.944  7505  7526 I Finsky  : [2053] ncc.l(61): Billing preferred account via installer for com.opera.browser: [U-iik75Til66Sqc4rcg2VQIPTcVEABCt30QhmAx4030]
09-02 11:38:05.969  7505  7526 I Finsky  : [2053] ncc.l(14): com.opera.browser: Account determined from installer data - [U-iik75Til66Sqc4rcg2VQIPTcVEABCt30QhmAx4030]
09-02 11:38:05.970  7505  7526 I Finsky  : [2053] ncc.l(61): Billing preferred account via installer for com.opera.browser: [U-iik75Til66Sqc4rcg2VQIPTcVEABCt30QhmAx4030]
09-02 11:38:05.992  3614  3927 D DnsProxyListener: DNSDBG::dns addrinfo af 2
09-02 11:38:06.000  3979  5966 D ConnectivityService: filterNetworkStateForUid() uid: 10158 networkInfo: [type: WIFI[] - WIFI, state: CONNECTED/CONNECTED, reason: (unspecified), extra: "WiFi 69", failover: false, available: true, roaming: false, metered: false]
09-02 11:38:06.003 30741 30891 I VideoCapabilities: Unsupported profile 4 for video/mp4v-es
09-02 11:38:06.026 30559 30559 W ResourceType: For resource 0x7f150274, entry index(628) is beyond type entryCount(281)
09-02 11:38:06.027 30559 30559 W ResourceType: For resource 0x7f150274, entry index(628) is beyond type entryCount(281)
09-02 11:38:06.027 30559 30559 W ResourceType: For resource 0x7f1503d5, entry index(981) is beyond type entryCount(281)
09-02 11:38:06.027 30559 30559 W ResourceType: For resource 0x7f1503c0, entry index(960) is beyond type entryCount(281)
09-02 11:38:06.040  3614  3927 D DnsProxyListener: DNSDBG::dns addrinfo af 2
09-02 11:38:06.050 30741 30891 W VideoCapabilities: Unrecognized profile/level 1/32 for video/mp4v-es
09-02 11:38:06.050 30741 30891 W VideoCapabilities: Unrecognized profile/level 32768/2 for video/mp4v-es
09-02 11:38:06.051 30741 30891 W VideoCapabilities: Unrecognized profile/level 32768/64 for video/mp4v-es
09-02 11:38:06.053 30741 30891 W VideoCapabilities: Unsupported mime video/wvc1
09-02 11:38:06.055 30741 30891 W VideoCapabilities: Unsupported mime video/x-ms-wmv
09-02 11:38:06.059 30741 30891 W VideoCapabilities: Unsupported mime video/x-ms-wmv7
09-02 11:38:06.061 30559 30559 W ResourceType: For resource 0x7f150278, entry index(632) is beyond type entryCount(281)
09-02 11:38:06.062 30559 30559 W ResourceType: For resource 0x7f150278, entry index(632) is beyond type entryCount(281)
09-02 11:38:06.062 30741 30891 W VideoCapabilities: Unsupported mime video/x-ms-wmv8
09-02 11:38:06.063 30559 30559 W ResourceType: For resource 0x7f15050e, entry index(1294) is beyond type entryCount(281)
09-02 11:38:06.064 30559 30559 W ResourceType: For resource 0x7f15061f, entry index(1567) is beyond type entryCount(281)
09-02 11:38:06.064 30559 30559 W ResourceType: For resource 0x7f15061f, entry index(1567) is beyond type entryCount(281)
09-02 11:38:06.064 30559 30559 W ResourceType: For resource 0x7f15058c, entry index(1420) is beyond type entryCount(281)
09-02 11:38:06.064 30559 30559 W ResourceType: For resource 0x7f150590, entry index(1424) is beyond type entryCount(281)
09-02 11:38:06.064 30559 30559 W ResourceType: For resource 0x7f15058e, entry index(1422) is beyond type entryCount(281)
09-02 11:38:06.064 30559 30559 W ResourceType: For resource 0x7f1504c3, entry index(1219) is beyond type entryCount(281)
09-02 11:38:06.064 30559 30559 W ResourceType: For resource 0x7f15059e, entry index(1438) is beyond type entryCount(281)
09-02 11:38:06.064 30559 30559 W ResourceType: For resource 0x7f150282, entry index(642) is beyond type entryCount(281)
09-02 11:38:06.064 30559 30559 W ResourceType: For resource 0x7f1504c3, entry index(1219) is beyond type entryCount(281)
09-02 11:38:06.064 30559 30559 W ResourceType: For resource 0x7f150719, entry index(1817) is beyond type entryCount(281)
09-02 11:38:06.064 30559 30559 W ResourceType: For resource 0x7f150578, entry index(1400) is beyond type entryCount(281)
09-02 11:38:06.064 30559 30559 W ResourceType: For resource 0x7f150284, entry index(644) is beyond type entryCount(281)
09-02 11:38:06.064 30559 30559 W ResourceType: For resource 0x7f150579, entry index(1401) is beyond type entryCount(281)
09-02 11:38:06.064 30559 30559 W ResourceType: For resource 0x7f1505e7, entry index(1511) is beyond type entryCount(281)
09-02 11:38:06.064 30559 30559 W ResourceType: For resource 0x7f15071e, entry index(1822) is beyond type entryCount(281)
09-02 11:38:06.064 30559 30559 I chatty  : uid=10158(u0_a158) identical 2 lines
09-02 11:38:06.064 30559 30559 W ResourceType: For resource 0x7f15071e, entry index(1822) is beyond type entryCount(281)
09-02 11:38:06.064 30559 30559 W ResourceType: For resource 0x7f150580, entry index(1408) is beyond type entryCount(281)
09-02 11:38:06.064 30559 30559 W ResourceType: For resource 0x7f15071e, entry index(1822) is beyond type entryCount(281)
09-02 11:38:06.064 30559 30559 W ResourceType: For resource 0x7f15017b, entry index(379) is beyond type entryCount(281)
09-02 11:38:06.064 30559 30559 W ResourceType: For resource 0x7f150283, entry index(643) is beyond type entryCount(281)
09-02 11:38:06.064 30559 30559 W ResourceType: For resource 0x7f1505a2, entry index(1442) is beyond type entryCount(281)
09-02 11:38:06.064 30559 30559 W ResourceType: For resource 0x7f1506f4, entry index(1780) is beyond type entryCount(281)
09-02 11:38:06.064 30559 30559 W ResourceType: For resource 0x7f150588, entry index(1416) is beyond type entryCount(281)
09-02 11:38:06.064 30559 30559 W ResourceType: For resource 0x7f15059f, entry index(1439) is beyond type entryCount(281)
09-02 11:38:06.065 30559 30559 W ResourceType: For resource 0x7f150649, entry index(1609) is beyond type entryCount(281)
09-02 11:38:06.065 30559 30559 W ResourceType: For resource 0x7f150442, entry index(1090) is beyond type entryCount(281)
09-02 11:38:06.065 30559 30559 W ResourceType: For resource 0x7f150718, entry index(1816) is beyond type entryCount(281)
09-02 11:38:06.065 30559 30559 W ResourceType: For resource 0x7f15017c, entry index(380) is beyond type entryCount(281)
09-02 11:38:06.065 30559 30559 W ResourceType: For resource 0x7f15059d, entry index(1437) is beyond type entryCount(281)
09-02 11:38:06.065 30559 30559 W ResourceType: For resource 0x7f15020a, entry index(522) is beyond type entryCount(281)
09-02 11:38:06.065 30559 30559 W ResourceType: For resource 0x7f150586, entry index(1414) is beyond type entryCount(281)
09-02 11:38:06.065 30559 30559 W ResourceType: For resource 0x7f15071c, entry index(1820) is beyond type entryCount(281)
09-02 11:38:06.065 30559 30559 W ResourceType: For resource 0x7f1502af, entry index(687) is beyond type entryCount(281)
09-02 11:38:06.065 30559 30559 W ResourceType: For resource 0x7f150274, entry index(628) is beyond type entryCount(281)
09-02 11:38:06.065 30559 30559 W ResourceType: For resource 0x7f150244, entry index(580) is beyond type entryCount(281)
09-02 11:38:06.065 30559 30559 W ResourceType: For resource 0x7f150274, entry index(628) is beyond type entryCount(281)
09-02 11:38:06.065 30559 30559 W ResourceType: For resource 0x7f150372, entry index(882) is beyond type entryCount(281)
09-02 11:38:06.065 30559 30559 W ResourceType: For resource 0x7f15035b, entry index(859) is beyond type entryCount(281)
09-02 11:38:06.065 30559 30559 W ResourceType: For resource 0x7f15035c, entry index(860) is beyond type entryCount(281)
09-02 11:38:06.065 30559 30559 W ResourceType: For resource 0x7f1502ad, entry index(685) is beyond type entryCount(281)
09-02 11:38:06.065 30559 30559 W ResourceType: For resource 0x7f150565, entry index(1381) is beyond type entryCount(281)
09-02 11:38:06.065 30559 30559 W ResourceType: For resource 0x7f150567, entry index(1383) is beyond type entryCount(281)
09-02 11:38:06.065 30559 30559 W ResourceType: For resource 0x7f150278, entry index(632) is beyond type entryCount(281)
09-02 11:38:06.066 30559 30559 I chatty  : uid=10158(u0_a158) identical 2 lines
09-02 11:38:06.066 30559 30559 W ResourceType: For resource 0x7f150278, entry index(632) is beyond type entryCount(281)
09-02 11:38:06.067 30741 30891 W VideoCapabilities: Unsupported mime video/mp43
09-02 11:38:06.067 30559 30559 W ResourceType: For resource 0x7f150278, entry index(632) is beyond type entryCount(281)
09-02 11:38:06.068 30559 30559 W ResourceType: For resource 0x7f150728, entry index(1832) is beyond type entryCount(281)
09-02 11:38:06.069 30559 30559 I chatty  : uid=10158(u0_a158) identical 6 lines
09-02 11:38:06.069 30559 30559 W ResourceType: For resource 0x7f150728, entry index(1832) is beyond type entryCount(281)
09-02 11:38:06.090 30559 30559 W ResourceType: For resource 0x7f1506f1, entry index(1777) is beyond type entryCount(281)
09-02 11:38:06.090 30559 30559 W ResourceType: For resource 0x7f1505fc, entry index(1532) is beyond type entryCount(281)
09-02 11:38:06.090 30559 30559 W ResourceType: For resource 0x7f150141, entry index(321) is beyond type entryCount(281)
09-02 11:38:06.090 30559 30559 W ResourceType: For resource 0x7f150153, entry index(339) is beyond type entryCount(281)
09-02 11:38:06.090 30559 30559 W ResourceType: For resource 0x7f1504f8, entry index(1272) is beyond type entryCount(281)
09-02 11:38:06.090 30559 30559 W ResourceType: For resource 0x7f1504f8, entry index(1272) is beyond type entryCount(281)
09-02 11:38:06.093 30559 30559 W ResourceType: For resource 0x7f150264, entry index(612) is beyond type entryCount(281)
09-02 11:38:06.093 30559 30559 W ResourceType: For resource 0x7f150264, entry index(612) is beyond type entryCount(281)
09-02 11:38:06.093 30559 30559 W ResourceType: For resource 0x7f1503cd, entry index(973) is beyond type entryCount(281)
09-02 11:38:06.093 30559 30559 W ResourceType: For resource 0x7f1503bc, entry index(956) is beyond type entryCount(281)
09-02 11:38:06.093 30559 30559 W ResourceType: For resource 0x7f150348, entry index(840) is beyond type entryCount(281)
09-02 11:38:06.094 30559 30559 W ResourceType: For resource 0x7f150264, entry index(612) is beyond type entryCount(281)
09-02 11:38:06.094 30741 30891 W VideoCapabilities: Unrecognized profile 2130706433 for video/avc
09-02 11:38:06.094 30741 30891 W VideoCapabilities: Unrecognized profile 2130706434 for video/avc
09-02 11:38:06.095 30559 30559 W ResourceType: For resource 0x7f15050e, entry index(1294) is beyond type entryCount(281)
09-02 11:38:06.095 30559 30559 W ResourceType: For resource 0x7f15061f, entry index(1567) is beyond type entryCount(281)
09-02 11:38:06.095 30559 30559 W ResourceType: For resource 0x7f15061f, entry index(1567) is beyond type entryCount(281)
09-02 11:38:06.095 30559 30559 W ResourceType: For resource 0x7f15058c, entry index(1420) is beyond type entryCount(281)
09-02 11:38:06.095 30559 30559 W ResourceType: For resource 0x7f150590, entry index(1424) is beyond type entryCount(281)
09-02 11:38:06.095 30559 30559 W ResourceType: For resource 0x7f15058e, entry index(1422) is beyond type entryCount(281)
09-02 11:38:06.095 30559 30559 W ResourceType: For resource 0x7f1504c3, entry index(1219) is beyond type entryCount(281)
09-02 11:38:06.095 30559 30559 W ResourceType: For resource 0x7f15059e, entry index(1438) is beyond type entryCount(281)
09-02 11:38:06.095 30559 30559 W ResourceType: For resource 0x7f150282, entry index(642) is beyond type entryCount(281)
09-02 11:38:06.095 30559 30559 W ResourceType: For resource 0x7f1504c3, entry index(1219) is beyond type entryCount(281)
09-02 11:38:06.095 30559 30559 W ResourceType: For resource 0x7f150719, entry index(1817) is beyond type entryCount(281)
09-02 11:38:06.095 30559 30559 W ResourceType: For resource 0x7f150578, entry index(1400) is beyond type entryCount(281)
09-02 11:38:06.095 30559 30559 W ResourceType: For resource 0x7f150284, entry index(644) is beyond type entryCount(281)
09-02 11:38:06.095 30559 30559 W ResourceType: For resource 0x7f150579, entry index(1401) is beyond type entryCount(281)
09-02 11:38:06.095 30559 30559 W ResourceType: For resource 0x7f1505e7, entry index(1511) is beyond type entryCount(281)
09-02 11:38:06.095 30559 30559 W ResourceType: For resource 0x7f15071e, entry index(1822) is beyond type entryCount(281)
09-02 11:38:06.095 30559 30559 I chatty  : uid=10158(u0_a158) identical 1 line
09-02 11:38:06.095 30559 30559 W ResourceType: For resource 0x7f15071e, entry index(1822) is beyond type entryCount(281)
09-02 11:38:06.095 30741 30891 W VideoCapabilities: Unrecognized profile 2130706433 for video/avc
09-02 11:38:06.095 30559 30559 W ResourceType: For resource 0x7f15071e, entry index(1822) is beyond type entryCount(281)
09-02 11:38:06.095 30559 30559 W ResourceType: For resource 0x7f150580, entry index(1408) is beyond type entryCount(281)
09-02 11:38:06.095 30741 30891 W VideoCapabilities: Unrecognized profile 2130706434 for video/avc
09-02 11:38:06.095 30559 30559 W ResourceType: For resource 0x7f15071e, entry index(1822) is beyond type entryCount(281)
09-02 11:38:06.095 30559 30559 W ResourceType: For resource 0x7f15017b, entry index(379) is beyond type entryCount(281)
09-02 11:38:06.095 30559 30559 W ResourceType: For resource 0x7f150283, entry index(643) is beyond type entryCount(281)
09-02 11:38:06.095 30559 30559 W ResourceType: For resource 0x7f1505a2, entry index(1442) is beyond type entryCount(281)
09-02 11:38:06.096 30559 30559 W ResourceType: For resource 0x7f1506f4, entry index(1780) is beyond type entryCount(281)
09-02 11:38:06.096 30559 30559 W ResourceType: For resource 0x7f150588, entry index(1416) is beyond type entryCount(281)
09-02 11:38:06.096 30559 30559 W ResourceType: For resource 0x7f15059f, entry index(1439) is beyond type entryCount(281)
09-02 11:38:06.096 30559 30559 W ResourceType: For resource 0x7f150649, entry index(1609) is beyond type entryCount(281)
09-02 11:38:06.096 30559 30559 W ResourceType: For resource 0x7f150442, entry index(1090) is beyond type entryCount(281)
09-02 11:38:06.096 30559 30559 W ResourceType: For resource 0x7f150718, entry index(1816) is beyond type entryCount(281)
09-02 11:38:06.096 30559 30559 W ResourceType: For resource 0x7f15017c, entry index(380) is beyond type entryCount(281)
09-02 11:38:06.096 30559 30559 W ResourceType: For resource 0x7f15059d, entry index(1437) is beyond type entryCount(281)
09-02 11:38:06.096 30559 30559 W ResourceType: For resource 0x7f15020a, entry index(522) is beyond type entryCount(281)
09-02 11:38:06.096 30559 30559 W ResourceType: For resource 0x7f150586, entry index(1414) is beyond type entryCount(281)
09-02 11:38:06.096 30559 30559 W ResourceType: For resource 0x7f15071c, entry index(1820) is beyond type entryCount(281)
09-02 11:38:06.096 30559 30559 W ResourceType: For resource 0x7f1502af, entry index(687) is beyond type entryCount(281)
09-02 11:38:06.096 30559 30559 W ResourceType: For resource 0x7f150274, entry index(628) is beyond type entryCount(281)
09-02 11:38:06.096 30559 30559 W ResourceType: For resource 0x7f150244, entry index(580) is beyond type entryCount(281)
09-02 11:38:06.096 30559 30559 W ResourceType: For resource 0x7f150274, entry index(628) is beyond type entryCount(281)
09-02 11:38:06.096 30559 30559 W ResourceType: For resource 0x7f150372, entry index(882) is beyond type entryCount(281)
09-02 11:38:06.096 30559 30559 W ResourceType: For resource 0x7f15035b, entry index(859) is beyond type entryCount(281)
09-02 11:38:06.096 30559 30559 W ResourceType: For resource 0x7f15035c, entry index(860) is beyond type entryCount(281)
09-02 11:38:06.096 30559 30559 W ResourceType: For resource 0x7f1502ad, entry index(685) is beyond type entryCount(281)
09-02 11:38:06.096 30559 30559 W ResourceType: For resource 0x7f150565, entry index(1381) is beyond type entryCount(281)
09-02 11:38:06.096 30559 30559 W ResourceType: For resource 0x7f150567, entry index(1383) is beyond type entryCount(281)
09-02 11:38:06.096 30559 30559 W ResourceType: For resource 0x7f150264, entry index(612) is beyond type entryCount(281)
09-02 11:38:06.096 30559 30559 I chatty  : uid=10158(u0_a158) identical 1 line
09-02 11:38:06.096 30559 30559 W ResourceType: For resource 0x7f150264, entry index(612) is beyond type entryCount(281)
09-02 11:38:06.099 30559 30559 W ResourceType: For resource 0x7f150314, entry index(788) is beyond type entryCount(281)
09-02 11:38:06.102 30559 30559 W ResourceType: For resource 0x7f150314, entry index(788) is beyond type entryCount(281)
09-02 11:38:06.102 30559 30559 W ResourceType: For resource 0x7f15030d, entry index(781) is beyond type entryCount(281)
09-02 11:38:06.104 30559 30559 W ResourceType: For resource 0x7f150264, entry index(612) is beyond type entryCount(281)
09-02 11:38:06.104 30559 30559 I chatty  : uid=10158(u0_a158) identical 1 line
09-02 11:38:06.104 30559 30559 W ResourceType: For resource 0x7f150264, entry index(612) is beyond type entryCount(281)
09-02 11:38:06.104 30559 30559 W ResourceType: For resource 0x7f150314, entry index(788) is beyond type entryCount(281)
09-02 11:38:06.113 30559 30559 W ResourceType: For resource 0x7f150264, entry index(612) is beyond type entryCount(281)
09-02 11:38:06.113 30559 30559 I chatty  : uid=10158(u0_a158) identical 1 line
09-02 11:38:06.113 30559 30559 W ResourceType: For resource 0x7f150264, entry index(612) is beyond type entryCount(281)
09-02 11:38:06.113 30559 30559 W ResourceType: For resource 0x7f150314, entry index(788) is beyond type entryCount(281)
09-02 11:38:06.114 30559 30559 W ResourceType: For resource 0x7f150264, entry index(612) is beyond type entryCount(281)
09-02 11:38:06.114 30559 30559 I chatty  : uid=10158(u0_a158) identical 1 line
09-02 11:38:06.114 30559 30559 W ResourceType: For resource 0x7f150264, entry index(612) is beyond type entryCount(281)
09-02 11:38:06.114 30559 30559 W ResourceType: For resource 0x7f150314, entry index(788) is beyond type entryCount(281)
09-02 11:38:06.115 30559 30559 I zygote  : Deoptimizing jc0 jc0.a(op9, int[]) due to JIT inline cache
09-02 11:38:06.115 30559 30559 I zygote  : Deoptimizing int jc0.e(op9, int, int[]) due to JIT same target
09-02 11:38:06.115 30559 30559 W ResourceType: For resource 0x7f1506f1, entry index(1777) is beyond type entryCount(281)
09-02 11:38:06.115 30559 30559 I chatty  : uid=10158(u0_a158) identical 2 lines
09-02 11:38:06.115 30559 30559 W ResourceType: For resource 0x7f1506f1, entry index(1777) is beyond type entryCount(281)
09-02 11:38:06.115 30559 30559 W ResourceType: For resource 0x7f150264, entry index(612) is beyond type entryCount(281)
09-02 11:38:06.116 30559 30559 W ResourceType: For resource 0x7f1506f1, entry index(1777) is beyond type entryCount(281)
09-02 11:38:06.116 30559 30559 I chatty  : uid=10158(u0_a158) identical 11 lines
09-02 11:38:06.116 30559 30559 W ResourceType: For resource 0x7f1506f1, entry index(1777) is beyond type entryCount(281)
09-02 11:38:06.116  3614  3927 D DnsProxyListener: DNSDBG::dns addrinfo af 2
09-02 11:38:06.119 30559 30559 W ResourceType: For resource 0x7f1504f8, entry index(1272) is beyond type entryCount(281)
09-02 11:38:06.120 30559 30559 W ResourceType: For resource 0x7f150264, entry index(612) is beyond type entryCount(281)
09-02 11:38:06.120 30559 30559 W ResourceType: For resource 0x7f150264, entry index(612) is beyond type entryCount(281)
09-02 11:38:06.120 30559 30559 W ResourceType: For resource 0x7f15050e, entry index(1294) is beyond type entryCount(281)
09-02 11:38:06.120 30559 30559 W ResourceType: For resource 0x7f15061f, entry index(1567) is beyond type entryCount(281)
09-02 11:38:06.120 30559 30559 W ResourceType: For resource 0x7f15061f, entry index(1567) is beyond type entryCount(281)
