--------- beginning of main
09-02 10:10:25.183 14031 14031 E adbd    : recv: OPEN 0001a48a 00000000 0095:73 68 65 6C 6C 2C 76 32 2C 54 45 52 4D 3D 78 74 65 72 6D 2D 32 35 36 63 6F 6C 6F 72 2C 72 61 77 3A 61 6D 20 73 74 61 72 74 20 2D 53 20 2D 61 20 61 6E 64 72 6F 69 64 2E 69 6E 74 65 6E 74 2E 61 63 74 69 6F 6E 2E 56 49 45 57 20 2D 6E 20 6F 72 67 2E 6D 6F 7A 69 6C 6C 61 2E 66 69 72 65 66 6F 78 2F 6F 72 67 2E 6D 6F 7A 69 6C 6C 61 2E 67 65 63 6B 6F 2E 42 72 6F 77 73 65 72 41 70 70 20 2D 2D 61 63 74 69 76 69 74 79 2D 63 6C 65 61 72 2D 74 61 73 6B 00 
09-02 10:10:25.184 14031 14031 E adbd    : service_to_fd: shell,v2,TERM=xterm-256color,raw:am start -S -a android.intent.action.VIEW -n org.mozilla.firefox/org.mozilla.gecko.BrowserApp --activity-clear-task
--------- beginning of system
09-02 10:10:25.251  3979  4668 I ActivityManager: Force stopping org.mozilla.firefox appid=10154 user=0: from pid 30021
09-02 10:10:25.256  3979  3979 D SamsungAlarmManager: Remove alarm for next reason : android.intent.action.PACKAGE_RESTARTED : package: org.mozilla.firefox
09-02 10:10:25.262  3979  3995 W BroadcastQueue: Background execution not allowed: receiving Intent { act=android.intent.action.PACKAGE_RESTARTED dat=package:org.mozilla.firefox flg=0x10 (has extras) } to android/com.kddi.android.CpaNotiReceiver
09-02 10:10:25.263  3979  3995 W BroadcastQueue: Background execution not allowed: receiving Intent { act=android.intent.action.PACKAGE_RESTARTED dat=package:org.mozilla.firefox flg=0x10 (has extras) } to com.sec.android.daemonapp/com.samsung.android.weather.daemon.receiver.ClearDataReceiver
09-02 10:10:25.263  4633  4633 D CarrierSvcBindHelper: No carrier app for: 0
09-02 10:10:25.265  4633  4633 D CarrierSvcBindHelper: No carrier app for: 1
09-02 10:10:25.516  3979  4668 I ActivityManager: START u0 {act=android.intent.action.VIEW typ=null flg=0x10008000 cmp=ComponentInfo{org.mozilla.firefox/org.mozilla.gecko.BrowserApp}} from uid 2000
09-02 10:10:25.532  3979  4668 D CustomFrequencyManagerService: acquireDVFSLockLocked : type : DVFS_MIN_LIMIT  frequency : 1560000  uid : 1000  pid : 3979  pkgName : AMS_APP_SWITCH@CPU_MIN@23
09-02 10:10:25.535  3979  4668 D ActivityManagerPerformance: AMP_acquire() APP_SWITCH
09-02 10:10:25.535  3979  5035 D ActivityManagerPerformance: Received MSG_CFMS_HINT_AMS_SWITCH pkgName: org.mozilla.firefox
09-02 10:10:25.545  3979  5982 D ActivityManager: isScaleDownAnimationEnabled() : false
09-02 10:10:25.546  3979  5982 D StorageManagerService: getExternalStorageMountMode : 1
09-02 10:10:25.547  3979  5982 D StorageManagerService: getExternalStorageMountMode : 3
09-02 10:10:25.547  3979  5982 D StorageManagerService: getExternalStorageMountMode : final mountMode=1, uid : 10154, packageName : org.mozilla.firefox
09-02 10:10:25.547  3979  5982 I ApplicationPolicy: isApplicationExternalStorageWhitelisted:org.mozilla.firefox user:0
09-02 10:10:25.547  3979  5982 D ApplicationPolicy: isApplicationExternalStorageWhitelisted: DO is not enabled on user 0. Allowed.
09-02 10:10:25.547  3979  5982 D ActivityManager: package  org.mozilla.firefox, user - 0 is SDcard whitelisted
09-02 10:10:25.547  3979  5982 I ApplicationPolicy: isApplicationExternalStorageBlacklisted:org.mozilla.firefox user:0
09-02 10:10:25.547  3979  5982 D ApplicationPolicy: isApplicationExternalStorageBlacklisted: DO is not enabled on user 0. Allowed.
09-02 10:10:25.558  3979  5982 I ActivityManager: Start proc 30023:org.mozilla.firefox/u0a154 for activity org.mozilla.firefox/org.mozilla.gecko.BrowserApp
09-02 10:10:25.558 30023 30023 E Zygote  : isWhitelistProcess - Process is Whitelisted
09-02 10:10:25.559 30023 30023 E libpersona: scanKnoxPersonas
09-02 10:10:25.559 30023 30023 E libpersona: Couldn't open the File - /data/system/users/0/personalist.xml - No such file or directory
09-02 10:10:25.560 30023 30023 W SELinux : SELinux selinux_android_compute_policy_index : Policy Index[2],  Con:u:r:zygote:s0 RAM:SEPF_SM-J720F_8.0.0_0017, [-1 -1 -1 -1 0 1]
09-02 10:10:25.561 30023 30023 I SELinux : SELinux: seapp_context_lookup: seinfo=untrusted, level=s0:c512,c768, pkgname=org.mozilla.firefox 
09-02 10:10:25.581 30023 30023 D TimaKeyStoreProvider: TimaKeyStore is not enabled: cannot add TimaSignature Service and generateKeyPair Service
09-02 10:10:25.581 30023 30023 D ActivityThread: Added TimaKeyStore provider
09-02 10:10:25.583  3979  5982 I ActivityManager: DSS on for org.mozilla.firefox and scale is 1.0
09-02 10:10:25.591  3979  5982 D PersonaManagerService: Current focused persona service handled id set to : 0
09-02 10:10:25.591  3979  5982 D InputDispatcher: Focused application set to: xxxx
09-02 10:10:25.592  3979  5982 D InputDispatcher: Focus left window: 29984
09-02 10:10:25.593 29984 29984 D ViewRootImpl@110cd72[MainActivity]: MSG_WINDOW_FOCUS_CHANGED 0
09-02 10:10:25.593  3979  5982 D MARsPolicyManager: onPackageResumedFG pkgName = org.mozilla.firefox, userId = 0
09-02 10:10:25.594  3979  4238 D GameManagerService: handleForegroundChange(). pkgName: org.mozilla.firefox, clsName: org.mozilla.fenix.IntentReceiverActivity,FgActivityName:org.mozilla.firefox/org.mozilla.fenix.IntentReceiverActivity
09-02 10:10:25.594  3979  4238 D GameManagerService: sem_perfomance_mode: 3
09-02 10:10:25.594  3979  4238 D GameManagerService: notifyResumePause(). pkg: org.mozilla.firefox, type: 4, isMinimized: false, isTunableApp: false
09-02 10:10:25.594  3979  4238 D GameManagerService:   notifyResumePause(). unexpected mPrevNotiType: -1
09-02 10:10:25.597  3979  6899 D GamePkgDataHelper: getGamePkgDataIncServer(). org.mozilla.firefox
09-02 10:10:25.598  3979  6899 D GameManagerService: identifyGamePackage. org.mozilla.firefox
09-02 10:10:25.598  3979  6899 D GamePkgDataHelper: getGamePkgData(). org.mozilla.firefox
09-02 10:10:25.599  3979  6899 D GameManagerService: identifyGamePackage. org.mozilla.firefox
09-02 10:10:25.599  3979  6899 D GamePkgDataHelper: getGamePkgData(). org.mozilla.firefox
09-02 10:10:25.599  3979  6899 D GamePkgDataHelper: getSosPolicy(). org.mozilla.firefox
09-02 10:10:25.601  3979  6899 D GameManagerService: identifyGamePackage. org.mozilla.firefox
09-02 10:10:25.601  3979  6899 D GamePkgDataHelper: getGamePkgData(). org.mozilla.firefox
09-02 10:10:25.602  3979  6899 D GameManagerService: identifyGamePackage. org.mozilla.firefox
09-02 10:10:25.602  3979  6899 D GamePkgDataHelper: getGamePkgData(). org.mozilla.firefox
09-02 10:10:25.607 30023 30023 I zygote64: no shared libraies, dex_files: 1
09-02 10:10:25.630  3979  4484 E Watchdog: !@Sync 1091 [2023-09-02 10:10:25.629]
09-02 10:10:25.641 30023 30023 I FirebaseApp: Device unlocked: initializing all Firebase APIs for app [DEFAULT]
09-02 10:10:25.661 30023 30023 I FirebaseInitProvider: FirebaseApp initialization successful
09-02 10:10:25.664  4349  4372 D SystemServicesProxy: updateOverviewLastStackActiveTimeAsync: newTime=1693559943942
09-02 10:10:25.665  3979  5976 D SecContentProvider: query(), uri = 17 selection = isSettingsChangesAllowed
09-02 10:10:25.665  3979  5976 D SecContentProvider: called from android.uid.systemui:10009
09-02 10:10:25.666  4349  4561 D SystemServicesProxy: updateOverviewLastStackActiveTimeAsync: done.
09-02 10:10:25.668  3979  5976 D PackageManager: getComponentMetadataForIconTray : com.example.batterymanager_utility.MainActivity does not exist in mServices
09-02 10:10:25.668  3979  5976 D PackageManager: getComponentMetadataForIconTray : com.example.batterymanager_utility.MainActivity does not exist in mProviders
09-02 10:10:25.668  3979  5976 D PackageManager: getComponentMetadataForIconTray : com.example.batterymanager_utility.MainActivity does not exist in mReceivers
09-02 10:10:25.669  4349  4372 D ApplicationPackageManager: updateItemMetaDataForFixedIconScale: package: com.example.batterymanager_utility
09-02 10:10:25.669  3979  5976 D PackageManager: getSelectedMetaData : packageName(com.example.batterymanager_utility) or Metadata strings {[Ljava.lang.String;@d5806da}
09-02 10:10:25.670  4349  4372 I ApplicationPackageManager: load=com.example.batterymanager_utility, bg=144-144, dr=189-189, forDefault=true, density=0
09-02 10:10:25.673  4349  4372 I ApplicationPackageManager: scaled rate=0.72, size=189, alpha=54, hold=102
09-02 10:10:25.673  4349  4372 D ApplicationPackageManager: iconScale: getScale(): 0.72 getAlpha(): 54
09-02 10:10:25.675  4349  4372 I ApplicationPackageManager: load=com.example.batterymanager_utility-contain, bg=112-112, dr=189-189
09-02 10:10:25.679  3979  5982 W StorageManager: getStorageLowBytes lowPercent : 5, lowBytes : 1260145254, maxLowBytes : 524288000
09-02 10:10:25.696  3979  6899 D SSRM:G  : SIOP:: AP = 280, PST = 287 (W:12), BAT = 259, USB = 0, CHG = 0
09-02 10:10:25.729  3979  4111 D MdnieScenarioControlService:  packageName : org.mozilla.firefox    className : org.mozilla.gecko.BrowserApp
09-02 10:10:25.729 30023 30028 I zygote64: Do partial code cache collection, code=29KB, data=25KB
09-02 10:10:25.730  3979  4111 V MdnieScenarioControlService: setUIMode from UI function(3)
09-02 10:10:25.730 30023 30028 I zygote64: After code cache collection, code=29KB, data=25KB
09-02 10:10:25.730 30023 30028 I zygote64: Increasing code cache capacity to 128KB
09-02 10:10:25.745 30023 30023 I rc_log_ffi::ios: rc_log adapter initialized!
09-02 10:10:25.758 29984 30048 D ProfileInstaller: Installing profile for com.example.batterymanager_utility
09-02 10:10:25.804 30023 30028 I zygote64: Do partial code cache collection, code=60KB, data=47KB
09-02 10:10:25.804 30023 30028 I zygote64: After code cache collection, code=58KB, data=46KB
09-02 10:10:25.804 30023 30028 I zygote64: Increasing code cache capacity to 256KB
09-02 10:10:25.868 30023 30049 I nimbus::nimbus_client: updating experiment list
09-02 10:10:25.870 30023 30049 I nimbus::persistence: Already at version 2, no upgrade needed
09-02 10:10:25.870 30023 30049 I nimbus::nimbus_client: [Nimbus] Retrieved date from Context: 2023-09-01 07:59:54 UTC
09-02 10:10:25.870 30023 30049 I nimbus::nimbus_client: [Nimbus] Installation Date: 2023-09-01 07:59:54 UTC
09-02 10:10:25.870 30023 30049 I nimbus::nimbus_client: [Nimbus] Update Date: 2023-09-02 06:19:16.138897683 UTC
09-02 10:10:25.870 30023 30049 I nimbus::nimbus_client: [Nimbus] Days since install: 1
09-02 10:10:25.870 30023 30049 I nimbus::nimbus_client: [Nimbus] Days since update: 0
09-02 10:10:25.883 30023 30049 I zygote64: Deoptimizing java.lang.Object com.sun.jna.Function.invoke(java.lang.reflect.Method, java.lang.Class[], java.lang.Class, java.lang.Object[], java.util.Map) due to class hierarchy analysis
09-02 10:10:25.919 30023 30052 I GeckoThread: preparing to run Gecko
09-02 10:10:25.924  3979  5982 W StorageManager: getStorageLowBytes lowPercent : 5, lowBytes : 1260145254, maxLowBytes : 524288000
09-02 10:10:25.926  3979  5982 I chatty  : uid=1000(system) Binder:3979_16 identical 1 line
09-02 10:10:25.928  3979  5982 W StorageManager: getStorageLowBytes lowPercent : 5, lowBytes : 1260145254, maxLowBytes : 524288000
09-02 10:10:25.944 30023 30052 I GeckoLoader: Library base=/data/app/org.mozilla.firefox-qXEeZwQeSKU-v4RxzjCTZA==/lib/arm64
09-02 10:10:25.945 30023 30052 W Settings: Setting animator_duration_scale has moved from android.provider.Settings.System to android.provider.Settings.Global, returning read-only global URI.
09-02 10:10:25.948 30023 30052 I GeckoLoader: Library base=/data/app/org.mozilla.firefox-qXEeZwQeSKU-v4RxzjCTZA==/lib/arm64
09-02 10:10:25.948 30023 30054 I libglean_ffi: glean_core::core: Creating new Glean v53.1.0
09-02 10:10:25.950 30023 30052 E GeckoLibLoad: Load sqlite start
09-02 10:10:25.955 30023 30054 I libglean_ffi: glean_core::database: Database initialized
09-02 10:10:25.955 30023 30052 E GeckoLibLoad: Load sqlite done
09-02 10:10:25.956 30023 30052 I GeckoLoader: Library base=/data/app/org.mozilla.firefox-qXEeZwQeSKU-v4RxzjCTZA==/lib/arm64
09-02 10:10:25.956 30023 30052 E GeckoLibLoad: Load nss start
09-02 10:10:25.956 30023 30052 E GeckoLibLoad: Load nss done
09-02 10:10:25.956 30023 30052 I GeckoLoader: Library base=/data/app/org.mozilla.firefox-qXEeZwQeSKU-v4RxzjCTZA==/lib/arm64
09-02 10:10:25.958 30023 30054 I libglean_ffi: glean_core: Glean initialized
09-02 10:10:25.959 30023 30054 I libglean_ffi: glean_core::event_database: Loading events for events
09-02 10:10:25.960 30023 30052 E GeckoLibLoad: Loaded libs in 3.066423ms total, 0ms(8ms) user, 4ms(4ms) system, 0(0) faults
09-02 10:10:25.960 30023 30054 I libglean_ffi: glean_core::event_database: Loading events for background-update
09-02 10:10:25.962 30023 30054 I libglean_ffi: glean_core::ping: Collecting events
09-02 10:10:25.968 30023 30052 W GeckoThread: zerdatime 87407400 - runGecko
09-02 10:10:25.968 30023 30054 I libglean_ffi: glean_core::upload::directory: Processing ping at: /data/user/0/org.mozilla.firefox/glean_data/pending_pings/d67be8eb-6182-4935-9a88-f7af72adb92f
09-02 10:10:25.969 30023 30054 I libglean_ffi: glean_core::metrics::ping: The ping 'events' was submitted and will be sent as soon as possible
09-02 10:10:25.969 30023 30028 I zygote64: Do full code cache collection, code=122KB, data=79KB
09-02 10:10:25.971 30023 30028 I zygote64: After code cache collection, code=88KB, data=51KB
09-02 10:10:25.975  3614  3927 D DnsProxyListener: DNSDBG::dns by name af 2
09-02 10:10:25.978  3979  5982 D PackageManager: setEnabledSetting : userId = 0 packageName = org.mozilla.firefox cmp = androidx.work.impl.background.systemjob.SystemJobService newState = 1 callingPackage = 10154/org.mozilla.firefox
09-02 10:10:25.998 30023 30054 I glean/MetricsPingSched: The 'metrics' ping was already sent today, 1693642225993.
09-02 10:10:25.999 30023 30052 I Gecko:DumpUtils: Fifo watcher disabled via pref.
09-02 10:10:26.003 30023 30054 I libglean_ffi: glean_core::ping: Collecting baseline
09-02 10:10:26.019 30023 30054 I libglean_ffi: glean_core::upload::directory: Processing ping at: /data/user/0/org.mozilla.firefox/glean_data/pending_pings/bc02e25a-8e49-45b3-8351-2af40412b7c5
09-02 10:10:26.020 30023 30054 I libglean_ffi: glean_core::metrics::ping: The ping 'baseline' was submitted and will be sent as soon as possible
09-02 10:10:26.031 30023 30051 I libglean_ffi: glean_core::ping: Collecting pageload
09-02 10:10:26.032 30023 30051 I libglean_ffi: glean_core::ping: Storage for pageload empty. Bailing out.
09-02 10:10:26.032 30023 30051 I libglean_ffi: glean_core::metrics::ping: No content for ping 'pageload', therefore no ping queued.
09-02 10:10:26.045  3979  5982 D SamsungAlarmManager: setExact Intent (T:0/F:1/AC:false) 20330830T101026 - CU:10154/CP:30023
09-02 10:10:26.054  3979  5982 D StorageManagerService: getExternalStorageMountMode : 1
09-02 10:10:26.055  3979  5982 D StorageManagerService: getExternalStorageMountMode : 3
09-02 10:10:26.055  3979  5982 D StorageManagerService: getExternalStorageMountMode : final mountMode=1, uid : 10154, packageName : org.mozilla.firefox
09-02 10:10:26.057  3979  5982 I ApplicationPolicy: isApplicationExternalStorageWhitelisted:org.mozilla.firefox user:0
09-02 10:10:26.057  3979  5982 D ApplicationPolicy: isApplicationExternalStorageWhitelisted: DO is not enabled on user 0. Allowed.
09-02 10:10:26.057  3979  5982 D ActivityManager: package  org.mozilla.firefox, user - 0 is SDcard whitelisted
09-02 10:10:26.057  3979  5982 I ApplicationPolicy: isApplicationExternalStorageBlacklisted:org.mozilla.firefox user:0
09-02 10:10:26.057  3979  5982 D ApplicationPolicy: isApplicationExternalStorageBlacklisted: DO is not enabled on user 0. Allowed.
09-02 10:10:26.060  3979  5977 D ConnectivityService: filterNetworkStateForUid() uid: 10025 networkInfo: [type: WIFI[] - WIFI, state: CONNECTED/CONNECTED, reason: (unspecified), extra: "WiFi 69", failover: false, available: true, roaming: false, metered: false]
09-02 10:10:26.073 30081 30081 E Zygote  : isWhitelistProcess - Process is Whitelisted
09-02 10:10:26.073 30081 30081 E libpersona: scanKnoxPersonas
09-02 10:10:26.073 30081 30081 E libpersona: Couldn't open the File - /data/system/users/0/personalist.xml - No such file or directory
09-02 10:10:26.075 30081 30081 W SELinux : SELinux selinux_android_compute_policy_index : Policy Index[2],  Con:u:r:zygote:s0 RAM:SEPF_SM-J720F_8.0.0_0017, [-1 -1 -1 -1 0 1]
09-02 10:10:26.075  3979  5982 I ActivityManager: Start proc 30081:org.mozilla.firefox:tab27/u0a154 for service org.mozilla.firefox/org.mozilla.gecko.process.GeckoChildProcessServices$tab27
09-02 10:10:26.076 30081 30081 I SELinux : SELinux: seapp_context_lookup: seinfo=untrusted, level=s0:c512,c768, pkgname=org.mozilla.firefox:tab27 
09-02 10:10:26.090  3979  5982 D ConnectivityService: filterNetworkStateForUid() uid: 10154 networkInfo: [type: WIFI[] - WIFI, state: CONNECTED/CONNECTED, reason: (unspecified), extra: "WiFi 69", failover: false, available: true, roaming: false, metered: false]
09-02 10:10:26.102 30081 30081 D TimaKeyStoreProvider: TimaKeyStore is not enabled: cannot add TimaSignature Service and generateKeyPair Service
09-02 10:10:26.102 30081 30081 D ActivityThread: Added TimaKeyStore provider
09-02 10:10:26.105  3979  5976 I ActivityManager: DSS on for org.mozilla.firefox and scale is 1.0
09-02 10:10:26.109 30023 30051 I libglean_ffi: glean_core::core: Upload enabled: true
09-02 10:10:26.109  3979  5977 D ConnectivityService: filterNetworkStateForUid() uid: 10025 networkInfo: [type: WIFI[] - WIFI, state: CONNECTED/CONNECTED, reason: (unspecified), extra: "WiFi 69", failover: false, available: true, roaming: false, metered: false]
09-02 10:10:26.129 30081 30081 I zygote64: no shared libraies, dex_files: 1
09-02 10:10:26.184 30023 30023 I FenixApplication: AutoPushFeature is configured, initializing it...
09-02 10:10:26.187 30023 30023 I AbstractFirebasePushService: start
09-02 10:10:26.192 30081 30081 I ServiceChildProcess: onCreate
09-02 10:10:26.194 30081 30115 I GeckoThread: preparing to run Gecko
09-02 10:10:26.202  3979  5982 D PackageManager: setEnabledSetting : userId = 0 packageName = org.mozilla.firefox cmp = androidx.work.impl.background.systemalarm.RescheduleReceiver newState = 1 callingPackage = 10154/org.mozilla.firefox
09-02 10:10:26.226 30023 30033 I zygote64: Background concurrent copying GC freed 10492(896KB) AllocSpace objects, 12(328KB) LOS objects, 50% free, 3MB/7MB, paused 482us total 130.520ms
09-02 10:10:26.227  3979  4200 D ConnectivityService: filterNetworkStateForUid() uid: 10154 networkInfo: [type: WIFI[] - WIFI, state: CONNECTED/CONNECTED, reason: (unspecified), extra: "WiFi 69", failover: false, available: true, roaming: false, metered: false]
09-02 10:10:26.236  3979  5977 D ConnectivityService: filterNetworkStateForUid() uid: 10154 networkInfo: [type: WIFI[] - WIFI, state: CONNECTED/CONNECTED, reason: (unspecified), extra: "WiFi 69", failover: false, available: true, roaming: false, metered: false]
09-02 10:10:26.240  3979  4200 D ConnectivityService: filterNetworkStateForUid() uid: 10154 networkInfo: [type: WIFI[] - WIFI, state: CONNECTED/CONNECTED, reason: (unspecified), extra: "WiFi 69", failover: false, available: true, roaming: false, metered: false]
09-02 10:10:26.244 30023 30109 D ConnectivityManager: requestNetwork; CallingUid : 10154, CallingPid : 30023
09-02 10:10:26.250  3979  5977 D ConnectivityService: requestNetwork for uid/pid:10154/30023 NetworkRequest [ TRACK_DEFAULT id=451, [ Capabilities: INTERNET&NOT_RESTRICTED&TRUSTED&NOT_VPN] ]
09-02 10:10:26.250  3979  4180 D ConnectivityService: rematching NetworkAgentInfo [WIFI () - 502]
09-02 10:10:26.251  3979  4180 D ConnectivityService:  network has: [ Transports: WIFI Capabilities: NOT_METERED&INTERNET&NOT_RESTRICTED&TRUSTED&NOT_VPN&VALIDATED&FOREGROUND LinkUpBandwidth>=1048576Kbps LinkDnBandwidth>=1048576Kbps SignalStrength: -58]
09-02 10:10:26.251  3979  4180 D ConnectivityService:   checking if request is satisfied: NetworkRequest [ TRACK_DEFAULT id=451, [ Capabilities: INTERNET&NOT_RESTRICTED&TRUSTED&NOT_VPN] ]
09-02 10:10:26.251  3979  4180 D ConnectivityService: currentScore = 0, newScore = 60
09-02 10:10:26.251  3979  4180 D ConnectivityService: rematch for NetworkAgentInfo [WIFI () - 502]
09-02 10:10:26.251  3979  4180 D ConnectivityService:    accepting network in place of null
09-02 10:10:26.251  3979  4180 D ConnectivityService: sending new Min Network Score(60): NetworkRequest [ TRACK_DEFAULT id=451, [ Capabilities: INTERNET&NOT_RESTRICTED&TRUSTED&NOT_VPN] ]
09-02 10:10:26.251  3979  4177 D WIFI_P2P: got request NetworkRequest [ TRACK_DEFAULT id=451, [ Capabilities: INTERNET&NOT_RESTRICTED&TRUSTED&NOT_VPN] ] with score 60
09-02 10:10:26.251  3979  4177 D WIFI_P2P:   my score=60, my filter=[ Transports: WIFI Capabilities: WIFI_P2P&NOT_RESTRICTED&TRUSTED&NOT_VPN LinkUpBandwidth>=1048576Kbps LinkDnBandwidth>=1048576Kbps]
09-02 10:10:26.251  3979  4177 D WIFI_P2P: evalRequest
09-02 10:10:26.251  3979  4177 D WIFI_P2P:   done
09-02 10:10:26.251  4633  4633 D PhoneSwitcherNetworkRequstListener: got request NetworkRequest [ TRACK_DEFAULT id=451, [ Capabilities: INTERNET&NOT_RESTRICTED&TRUSTED&NOT_VPN] ] with score 60
09-02 10:10:26.252  3979  4180 D ConnectivityService: MultiNetwork Request(TransportType - Wi-Fi request). Internet Capability doesn't required (false)
09-02 10:10:26.252  4633  4633 D PhoneSwitcherNetworkRequstListener:   my score=101, my filter=[ Transports: CELLULAR Capabilities: MMS&SUPL&DUN&FOTA&IMS&CBS&IA&RCS&XCAP&EIMS&INTERNET&NOT_RESTRICTED&TRUSTED&NOT_VPN&ENT1 Specifier: <android.net.MatchAllNetworkSpecifier@0>]
09-02 10:10:26.252  3979  4153 D WIFI    : got request NetworkRequest [ TRACK_DEFAULT id=451, [ Capabilities: INTERNET&NOT_RESTRICTED&TRUSTED&NOT_VPN] ] with score 60
09-02 10:10:26.252  4633  4633 D PhoneSwitcherNetworkRequstListener: evalRequest
09-02 10:10:26.252  4633  4633 D PhoneSwitcherNetworkRequstListener:   needNetworkFor
09-02 10:10:26.252  3979  4153 D WIFI    :   my score=60, my filter=[ Transports: WIFI Capabilities: NOT_METERED&INTERNET&NOT_RESTRICTED&TRUSTED&NOT_VPN LinkUpBandwidth>=1048576Kbps LinkDnBandwidth>=1048576Kbps]
09-02 10:10:26.252  3979  4153 D WIFI    : evalRequest
09-02 10:10:26.252  3979  4153 D WIFI    :   needNetworkFor
09-02 10:10:26.252  3979  4180 D ConnectivityService: Network NetworkAgentInfo [WIFI () - 502] was already satisfying request 420. No change.
09-02 10:10:26.252  3979  4153 D WIFI_UT : got request NetworkRequest [ TRACK_DEFAULT id=451, [ Capabilities: INTERNET&NOT_RESTRICTED&TRUSTED&NOT_VPN] ] with score 60
09-02 10:10:26.252  3979  4180 D ConnectivityService: Network NetworkAgentInfo [WIFI () - 502] was already satisfying request 3. No change.
09-02 10:10:26.252  3979  4153 D WIFI_UT :   my score=2147483647, my filter=[ Transports: WIFI Capabilities: NOT_METERED&INTERNET&NOT_RESTRICTED&TRUSTED&NOT_VPN LinkUpBandwidth>=1048576Kbps LinkDnBandwidth>=1048576Kbps]
09-02 10:10:26.252  3979  4153 D WIFI_UT : evalRequest
09-02 10:10:26.252  3979  4180 D ConnectivityService: Network NetworkAgentInfo [WIFI () - 502] was already satisfying request 424. No change.
09-02 10:10:26.252  3979  4153 D WIFI_UT :   needNetworkFor
09-02 10:10:26.252  3979  4180 D ConnectivityService: Network NetworkAgentInfo [WIFI () - 502] was already satisfying request 1. No change.
09-02 10:10:26.252  3979  4180 D ConnectivityService: Network NetworkAgentInfo [WIFI () - 502] was already satisfying request 419. No change.
09-02 10:10:26.252  3979  4180 D ConnectivityService: Network NetworkAgentInfo [WIFI () - 502] was already satisfying request 443. No change.
09-02 10:10:26.252  3979  4180 D ConnectivityService: Network NetworkAgentInfo [WIFI () - 502] was already satisfying request 423. No change.
09-02 10:10:26.252  3979  4180 D ConnectivityService: Network NetworkAgentInfo [WIFI () - 502] was already satisfying request 140. No change.
09-02 10:10:26.252  3979  4180 D ConnectivityService: Network NetworkAgentInfo [WIFI () - 502] was already satisfying request 425. No change.
09-02 10:10:26.252  3979  4180 D ConnectivityService: sending notification AVAILABLE for NetworkRequest [ TRACK_DEFAULT id=451, [ Capabilities: INTERNET&NOT_RESTRICTED&TRUSTED&NOT_VPN] ]
09-02 10:10:26.252  3979  4180 D ConnectivityService: sending notification CAP_CHANGED for NetworkRequest [ TRACK_DEFAULT id=451, [ Capabilities: INTERNET&NOT_RESTRICTED&TRUSTED&NOT_VPN] ]
09-02 10:10:26.253  3979  4306 D Ethernet: got request NetworkRequest [ TRACK_DEFAULT id=451, [ Capabilities: INTERNET&NOT_RESTRICTED&TRUSTED&NOT_VPN] ] with score 60
09-02 10:10:26.253  3979  4180 D ConnectivityService: sending notification IP_CHANGED for NetworkRequest [ TRACK_DEFAULT id=451, [ Capabilities: INTERNET&NOT_RESTRICTED&TRUSTED&NOT_VPN] ]
09-02 10:10:26.253  3979  4306 D Ethernet:   my score=-1, my filter=[ Transports: ETHERNET Capabilities: INTERNET&NOT_RESTRICTED&TRUSTED&NOT_VPN LinkUpBandwidth>=100000Kbps LinkDnBandwidth>=100000Kbps]
09-02 10:10:26.253  3979  4306 D Ethernet: evalRequest
09-02 10:10:26.253  3979  4306 D Ethernet:   done
09-02 10:10:26.254  3979  5982 D ConnectivityService: filterNetworkStateForUid() uid: 10154 networkInfo: [type: WIFI[] - WIFI, state: CONNECTED/CONNECTED, reason: (unspecified), extra: "WiFi 69", failover: false, available: true, roaming: false, metered: false]
09-02 10:10:26.258  3979  4668 D ConnectivityService: filterNetworkStateForUid() uid: 10154 networkInfo: [type: WIFI[] - WIFI, state: CONNECTED/CONNECTED, reason: (unspecified), extra: "WiFi 69", failover: false, available: true, roaming: false, metered: false]
09-02 10:10:26.260  3979  4200 I ActivityManager: START u0 {act=android.intent.action.VIEW typ=null flg=0x0 cmp=ComponentInfo{org.mozilla.firefox/org.mozilla.fenix.HomeActivity}} from uid 10154
09-02 10:10:26.272 30023 30114 I push::internal::communications::rate_limiter: No need to reset inner timestamp and count for verify_connection.
09-02 10:10:26.290  3979  4046 D ViewRootImpl@3908586[firefox]: setView = DecorView@5417674[firefox] TM=true MM=false
09-02 10:10:26.291 30023 30114 I push::internal::communications::rate_limiter: Not allowed: count(25) > 1 for verify_connection.
09-02 10:10:26.293 30023 30114 I AutoPushFeature: No change to subscriptions. Doing nothing.
09-02 10:10:26.294 30023 30023 I Choreographer: Skipped 36 frames!  The application may be doing too much work on its main thread.
09-02 10:10:26.300  3979  4046 D ViewRootImpl@3908586[firefox]: dispatchAttachedToWindow
09-02 10:10:26.300  3979  4046 V WindowManager: Relayout Window{8dbde47 u0 Splash Screen org.mozilla.firefox}: viewVisibility=0 req=719x1237 WM.LayoutParams{(0,0)(fillxfill) sim=#20 ty=3 fl=#81830118 pfl=0x20011 fmt=-3 wanim=0x10302ea vsysui=0x600 needsMenuKey=2 colorMode=0 naviIconColor=0}
09-02 10:10:26.305  3462  3462 I SurfaceFlinger: id=877 createSurf (720x1280),1 flag=4, Splash Screen org.mozilla.firefox#0
09-02 10:10:26.306  3979  4046 V Surface : sf_framedrop debug : 0x4f4c, game : false, logging : 0
09-02 10:10:26.310  3979  4046 D ViewRootImpl@3908586[firefox]: Relayout returned: old=[0,0][0,0] new=[0,0][720,1280] result=0x7 surface={valid=true 535380152320} changed=true
09-02 10:10:26.332  3979  4046 V WindowManager: finishDrawingLocked: mDrawState=COMMIT_DRAW_PENDING Window{8dbde47 u0 Splash Screen org.mozilla.firefox} in Surface(name=Splash Screen org.mozilla.firefox)
09-02 10:10:26.339  3979  4200 D ActivityManager: isScaleDownAnimationEnabled() : false
09-02 10:10:26.343  3979  4200 D PersonaManagerService: Current focused persona service handled id set to : 0
09-02 10:10:26.343  3979  4200 D InputDispatcher: Focused application set to: xxxx
09-02 10:10:26.345  3979  4238 D GameManagerService: handleForegroundChange(). pkgName: org.mozilla.firefox, clsName: org.mozilla.fenix.HomeActivity,FgActivityName:org.mozilla.firefox/org.mozilla.fenix.HomeActivity
09-02 10:10:26.345  3979  4238 D GameManagerService:   handleForegroundChange(). same package. game has never resumed yet. ignore
09-02 10:10:26.345  3979  4200 D MARsPolicyManager: onPackageResumedFG pkgName = org.mozilla.firefox, userId = 0
09-02 10:10:26.347 30023 30028 I zygote64: Do partial code cache collection, code=121KB, data=76KB
09-02 10:10:26.348 30023 30028 I zygote64: After code cache collection, code=121KB, data=76KB
09-02 10:10:26.348 30023 30028 I zygote64: Increasing code cache capacity to 512KB
09-02 10:10:26.364 30023 30069 E GeckoSession: String does not represent valid session state.
09-02 10:10:26.367  3462  3462 V Surface : sf_framedrop debug : 0x4f4c, game : false, logging : 0
09-02 10:10:26.369 29984 30000 D OpenGLRenderer: eglDestroySurface = 0x7cc1baee80
09-02 10:10:26.376  3979  4200 D TaskSnapshotCache: putSnapshot mTaskId=239 RunningCache size=4
09-02 10:10:26.384  3979  5977 V WindowManager: Relayout Window{65863f6 u0 com.example.batterymanager_utility/com.example.batterymanager_utility.MainActivity}: viewVisibility=8 req=720x1280 WM.LayoutParams{(0,0)(fillxfill) sim=#120 ty=1 fl=#81810100 pfl=0x20000 wanim=0x10302fd vsysui=0x600 needsMenuKey=2 colorMode=0 naviIconColor=0}
09-02 10:10:26.388  3979  3996 D WindowManager: set systemUiVisibility : systemUiFlags= 0x608 fullscreenStackSysUiFlags= 0x0
09-02 10:10:26.391 29984 29984 D ViewRootImpl@110cd72[MainActivity]: Relayout returned: old=[0,0][720,1280] new=[0,0][720,1280] result=0x5 surface={valid=false 0} changed=true
09-02 10:10:26.402  3462  3462 I SurfaceFlinger: Display 0 HWC layers:
09-02 10:10:26.402  3462  3462 I SurfaceFlinger:     type    |    handle    | flag |  format   |   source crop (l,t,r,b)    |         frame       | name 
09-02 10:10:26.402  3462  3462 I SurfaceFlinger: ------------+--------------+------+-----------+----------------------------+---------------------+------
09-02 10:10:26.402  3462  3462 I SurfaceFlinger:      Client |              | 0000 |  Unknown  |  -0.2   -0.2   -0.8   -0.8 |    0    0  720 1280 | animation background stackId=1#0
09-02 10:10:26.402  3462  3462 I SurfaceFlinger:      Client | 0x7ac4c243c0 | 0002 | RGBA_8888 |   0.0    0.0  720.0 1280.0 |    0    0  720 1279 | com.example.batterymanager_utility/c[...]atterymanager_utility.MainActivity#0
09-02 10:10:26.402  3462  3462 I SurfaceFlinger:      Device | 0x7ac4c25140 | 0000 | RGBA_8888 |   0.0    0.0  720.0   42.0 |    0    0  720   42 | StatusBar#0
09-02 10:10:26.402  3462  3462 I SurfaceFlinger: 
09-02 10:10:26.430 30023 30076 W logins::schema: user_version: 2
09-02 10:10:26.454 30023 30052 W ResourceType: Too many attribute references, stopped at: 0x01010099
09-02 10:10:26.551  3614  3927 D DnsProxyListener: DNSDBG::dns addrinfo af 2
09-02 10:10:26.554  3614  3927 D DnsProxyListener: DNSDBG::dns addrinfo af 2
09-02 10:10:26.558 30023 30095 W ActivityThread: ClassLoader.getResources: The class loader returned by Thread.getContextClassLoader() may fail for processes that host multiple applications. You should explicitly specify a context class loader. For example: Thread.setContextClassLoader(getClass().getClassLoader());
09-02 10:10:26.571  4349  4372 D SystemServicesProxy: updateOverviewLastStackActiveTimeAsync: newTime=1693559943942
09-02 10:10:26.571  3979  4668 D SecContentProvider: query(), uri = 17 selection = isSettingsChangesAllowed
09-02 10:10:26.572  3979  4668 D SecContentProvider: called from android.uid.systemui:10009
09-02 10:10:26.572  4349  4561 D SystemServicesProxy: updateOverviewLastStackActiveTimeAsync: done.
09-02 10:10:26.585  3979  4200 D StorageManagerService: getExternalStorageMountMode : 1
09-02 10:10:26.585  3979  4200 D StorageManagerService: getExternalStorageMountMode : 3
09-02 10:10:26.585  3979  4200 D StorageManagerService: getExternalStorageMountMode : final mountMode=1, uid : 10154, packageName : org.mozilla.firefox
09-02 10:10:26.586  3979  4200 I ApplicationPolicy: isApplicationExternalStorageWhitelisted:org.mozilla.firefox user:0
09-02 10:10:26.587  3979  4200 D ApplicationPolicy: isApplicationExternalStorageWhitelisted: DO is not enabled on user 0. Allowed.
09-02 10:10:26.587  3979  4200 D ActivityManager: package  org.mozilla.firefox, user - 0 is SDcard whitelisted
09-02 10:10:26.587  3979  4200 I ApplicationPolicy: isApplicationExternalStorageBlacklisted:org.mozilla.firefox user:0
09-02 10:10:26.587  3979  4200 D ApplicationPolicy: isApplicationExternalStorageBlacklisted: DO is not enabled on user 0. Allowed.
09-02 10:10:26.589  3449  3449 I android.hardware.wifi@1.0-service: getLinkLayerStats
09-02 10:10:26.590  3462  3462 I SurfaceFlinger: Display 0 HWC layers:
09-02 10:10:26.590  3462  3462 I SurfaceFlinger:     type    |    handle    | flag |  format   |   source crop (l,t,r,b)    |         frame       | name 
09-02 10:10:26.590  3462  3462 I SurfaceFlinger: ------------+--------------+------+-----------+----------------------------+---------------------+------
09-02 10:10:26.590  3462  3462 I SurfaceFlinger:      Client |              | 0000 |  Unknown  |  -0.2   -0.2   -0.8   -0.8 |    0    0  720 1280 | animation background stackId=1#0
09-02 10:10:26.590  3462  3462 I SurfaceFlinger:      Client | 0x7ac4c243c0 | 0002 | RGBA_8888 |   0.0    0.0  720.0 1280.0 |   16   29  703 1251 | com.example.batterymanager_utility/c[...]atterymanager_utility.MainActivity#0
09-02 10:10:26.590  3462  3462 I SurfaceFlinger:      Device | 0x7ac4c25380 | 0000 | RGBA_8888 |   0.0    0.0  720.0 1022.0 |   17  305  704 1280 | Splash Screen org.mozilla.firefox#0
09-02 10:10:26.590  3462  3462 I SurfaceFlinger:      Device | 0x7ac4c24480 | 0000 | RGBA_8888 |   0.0    0.0  720.0   42.0 |    0    0  720   42 | StatusBar#0
09-02 10:10:26.590  3462  3462 I SurfaceFlinger: 
09-02 10:10:26.602  3979  4200 I ActivityManager: Start proc 30169:org.mozilla.firefox:gpu/u0a154 for service org.mozilla.firefox/org.mozilla.gecko.process.GeckoChildProcessServices$gpu
09-02 10:10:26.603 30169 30169 E Zygote  : isWhitelistProcess - Process is Whitelisted
09-02 10:10:26.603 30169 30169 E libpersona: scanKnoxPersonas
09-02 10:10:26.604 30169 30169 E libpersona: Couldn't open the File - /data/system/users/0/personalist.xml - No such file or directory
09-02 10:10:26.606 30169 30169 W SELinux : SELinux selinux_android_compute_policy_index : Policy Index[2],  Con:u:r:zygote:s0 RAM:SEPF_SM-J720F_8.0.0_0017, [-1 -1 -1 -1 0 1]
09-02 10:10:26.606 30169 30169 I SELinux : SELinux: seapp_context_lookup: seinfo=untrusted, level=s0:c512,c768, pkgname=org.mozilla.firefox:gpu 
09-02 10:10:26.637 30169 30169 D TimaKeyStoreProvider: TimaKeyStore is not enabled: cannot add TimaSignature Service and generateKeyPair Service
09-02 10:10:26.639 30169 30169 D ActivityThread: Added TimaKeyStore provider
09-02 10:10:26.642  3979  5982 I ActivityManager: DSS on for org.mozilla.firefox and scale is 1.0
09-02 10:10:26.718  3979  5982 W ActivityManager: Slow operation: 77ms so far, now at attachApplicationLocked: after mServices.attachApplicationLocked
09-02 10:10:26.733 30169 30169 I zygote64: no shared libraies, dex_files: 1
09-02 10:10:26.789 30023 30023 I NavController: Ignoring popBackStack to destination org.mozilla.firefox:id/browserFragment as it was not found on the current back stack
09-02 10:10:26.790 30023 30023 I NavController: Ignoring popBackStack to destination org.mozilla.firefox:id/homeFragment as it was not found on the current back stack
09-02 10:10:26.802 30169 30169 I ServiceChildProcess: onCreate
09-02 10:10:26.805 30169 30188 I GeckoThread: preparing to run Gecko
09-02 10:10:26.825 30023 30023 I ContileTopSitesUpdater: Started periodic work to update Contile top sites
09-02 10:10:26.850  3979  4046 I WindowManager: Destroying surface Surface(name=com.example.batterymanager_utility/com.example.batterymanager_utility.MainActivity) called by com.android.server.wm.WindowStateAnimator.destroySurface:2501 com.android.server.wm.WindowStateAnimator.destroySurfaceLocked:985 com.android.server.wm.WindowState.destroyOrSaveSurfaceUnchecked:3671 com.android.server.wm.WindowState.destroySurface:3619 com.android.server.wm.AppWindowToken.destroySurfaces:722 com.android.server.wm.AppWindowToken.destroySurfaces:706 com.android.server.wm.WindowState.onExitAnimationDone:5333 com.android.server.wm.WindowStateAnimator.stepAnimationLocked:550 
09-02 10:10:26.851  3462  5840 I SurfaceFlinger: id=876 Removed com.example.batterymanager_utility/com.example.batterymanager_utility.MainActivity#0 (2/5)
09-02 10:10:26.865  3462  3462 I Layer   : id=876 onRemoved com.example.batterymanager_utility/com.example.batterymanager_utility.MainActivity#0 
09-02 10:10:26.870  3462  3462 I SurfaceFlinger: Display 0 HWC layers:
09-02 10:10:26.870  3462  3462 I SurfaceFlinger:     type    |    handle    | flag |  format   |   source crop (l,t,r,b)    |         frame       | name 
09-02 10:10:26.870  3462  3462 I SurfaceFlinger: ------------+--------------+------+-----------+----------------------------+---------------------+------
09-02 10:10:26.870  3462  3462 I SurfaceFlinger:      Client |              | 0000 |  Unknown  |  -0.2   -0.2   -0.8   -0.8 |    0    0  720 1280 | animation background stackId=1#0
09-02 10:10:26.870  3462  3462 I SurfaceFlinger:      Device | 0x7ac4c25380 | 0000 | RGBA_8888 |   0.0    0.0  720.0 1280.0 |    0    0  720 1280 | Splash Screen org.mozilla.firefox#0
09-02 10:10:26.870  3462  3462 I SurfaceFlinger:      Device | 0x7ac4c25140 | 0000 | RGBA_8888 |   0.0    0.0  720.0   42.0 |    0    0  720   42 | StatusBar#0
09-02 10:10:26.870  3462  3462 I SurfaceFlinger: 
09-02 10:10:26.874  3979  4323 I OpenGLRenderer: Initialized EGL, version 1.4
09-02 10:10:26.874  3979  4323 D OpenGLRenderer: Swap behavior 2
09-02 10:10:26.888  3462  3462 I SurfaceFlinger: Display 0 HWC layers:
09-02 10:10:26.888  3462  3462 I SurfaceFlinger:     type    |    handle    | flag |  format   |   source crop (l,t,r,b)    |         frame       | name 
09-02 10:10:26.888  3462  3462 I SurfaceFlinger: ------------+--------------+------+-----------+----------------------------+---------------------+------
09-02 10:10:26.888  3462  3462 I SurfaceFlinger:      Client | 0x7ac4c25380 | 0000 | RGBA_8888 |   0.0    0.0  720.0 1280.0 |    0    0  720 1280 | Splash Screen org.mozilla.firefox#0
09-02 10:10:26.888  3462  3462 I SurfaceFlinger:      Client | 0x7ac4c25140 | 0000 | RGBA_8888 |   0.0    0.0  720.0   42.0 |    0    0  720   42 | StatusBar#0
09-02 10:10:26.888  3462  3462 I SurfaceFlinger: 
09-02 10:10:26.980 30023 30028 I zygote64: Do full code cache collection, code=245KB, data=159KB
09-02 10:10:26.981 30023 30028 I zygote64: After code cache collection, code=217KB, data=125KB
09-02 10:10:26.994 30023 30023 W GeckoViewActivityContextDelegate: A non-activity context was set.
09-02 10:10:27.009 30023 30051 I libglean_ffi: glean_core::ping: Collecting baseline
09-02 10:10:27.016 30023 30051 I libglean_ffi: glean_core::upload::directory: Processing ping at: /data/user/0/org.mozilla.firefox/glean_data/pending_pings/23a6a97f-44bb-4b98-a84b-d9aa97d296fd
09-02 10:10:27.017 30023 30051 I libglean_ffi: glean_core::metrics::ping: The ping 'baseline' was submitted and will be sent as soon as possible
09-02 10:10:27.030  3614  3927 D DnsProxyListener: DNSDBG::dns addrinfo af 2
09-02 10:10:27.035  3979  5982 D ConnectivityService: filterNetworkStateForUid() uid: 10154 networkInfo: [type: WIFI[] - WIFI, state: CONNECTED/CONNECTED, reason: (unspecified), extra: "WiFi 69", failover: false, available: true, roaming: false, metered: false]
09-02 10:10:27.038  3979  5982 I chatty  : uid=1000(system) Binder:3979_16 identical 1 line
09-02 10:10:27.039  3979  5982 D ConnectivityService: filterNetworkStateForUid() uid: 10154 networkInfo: [type: WIFI[] - WIFI, state: CONNECTED/CONNECTED, reason: (unspecified), extra: "WiFi 69", failover: false, available: true, roaming: false, metered: false]
09-02 10:10:27.040 30023 30076 I zygote64: Deoptimizing void kotlin.sequences.SequencesKt___SequencesKt.toCollection(kotlin.sequences.Sequence, java.util.AbstractCollection) due to JIT inline cache
09-02 10:10:27.056 30023 30023 I BgSyncManager: Periodic syncing enabled: PeriodicSyncConfig(periodMinutes=240, initialDelayMinutes=5)
09-02 10:10:27.056 30023 30023 I FirefoxAccountStateMachine: Sync is enabled
09-02 10:10:27.062 30023 30093 I StartupTypeTelemetry: Recorded start up: cold_view
09-02 10:10:27.080 30023 30195 D OpenGLRenderer: HWUI GL Pipeline
09-02 10:10:27.086 30023 30023 D ViewRootImpl@88b7945[HomeActivity]: setView = DecorView@2b3d89a[HomeActivity] TM=true MM=false
09-02 10:10:27.087  3979  5977 D ActivityManager: post active user change for 0 fullscreen true isHomeActivity() false
09-02 10:10:27.091 30023 30196 I libglean_ffi: glean_core::upload: New upload task with id d67be8eb-6182-4935-9a88-f7af72adb92f (path: /submit/org-mozilla-firefox/events/1/d67be8eb-6182-4935-9a88-f7af72adb92f)
09-02 10:10:27.096  3979  5977 D ConnectivityService: filterNetworkStateForUid() uid: 10154 networkInfo: [type: WIFI[] - WIFI, state: CONNECTED/CONNECTED, reason: (unspecified), extra: "WiFi 69", failover: false, available: true, roaming: false, metered: false]
09-02 10:10:27.101  3614  3927 D DnsProxyListener: DNSDBG::dns addrinfo af 2
09-02 10:10:27.113  3979  5977 I chatty  : uid=1000(system) Binder:3979_14 identical 4 lines
09-02 10:10:27.114  3979  5977 D ConnectivityService: filterNetworkStateForUid() uid: 10154 networkInfo: [type: WIFI[] - WIFI, state: CONNECTED/CONNECTED, reason: (unspecified), extra: "WiFi 69", failover: false, available: true, roaming: false, metered: false]
09-02 10:10:27.116 30169 30188 I GeckoLoader: Library base=/data/app/org.mozilla.firefox-qXEeZwQeSKU-v4RxzjCTZA==/lib/arm64
09-02 10:10:27.116 30169 30188 I GeckoLoader: Library base=/data/app/org.mozilla.firefox-qXEeZwQeSKU-v4RxzjCTZA==/lib/arm64
09-02 10:10:27.118  3614  3927 D DnsProxyListener: DNSDBG::dns addrinfo af 2
09-02 10:10:27.118 30169 30188 E GeckoLibLoad: Load sqlite start
09-02 10:10:27.119 30169 30188 E GeckoLibLoad: Load sqlite done
09-02 10:10:27.120  3614  3927 D DnsProxyListener: DNSDBG::dns addrinfo af 2
09-02 10:10:27.120 30169 30188 I GeckoLoader: Library base=/data/app/org.mozilla.firefox-qXEeZwQeSKU-v4RxzjCTZA==/lib/arm64
09-02 10:10:27.120 30169 30188 E GeckoLibLoad: Load nss start
09-02 10:10:27.120 30169 30188 E GeckoLibLoad: Load nss done
09-02 10:10:27.120 30169 30188 I GeckoLoader: Library base=/data/app/org.mozilla.firefox-qXEeZwQeSKU-v4RxzjCTZA==/lib/arm64
09-02 10:10:27.121  3614  3927 D DnsProxyListener: DNSDBG::dns addrinfo af 2
09-02 10:10:27.128  3614  3927 I chatty  : uid=0(root) /system/bin/netd identical 2 lines
09-02 10:10:27.129  3614  3927 D DnsProxyListener: DNSDBG::dns addrinfo af 2
09-02 10:10:27.130 30023 30207 I FirefoxAccountStateMachine: Processing event 'mozilla.components.service.fxa.manager.Event$Account$Start@a3d6e6d' for state Idle(accountState=NotAuthenticated). Next state is Active(progressState=Initializing)
09-02 10:10:27.141 30169 30188 E GeckoLibLoad: Loaded libs in 20.823115ms total, 12ms(12ms) user, 8ms(8ms) system, 0(0) faults
09-02 10:10:27.141 30169 30188 W GeckoThread: zerdatime 87408573 - runGecko
09-02 10:10:27.142 30023 30023 D ViewRootImpl@88b7945[HomeActivity]: dispatchAttachedToWindow
09-02 10:10:27.147  3347  3347 W keymaster2_mdfpp: entered get_key_characteristics function.
09-02 10:10:27.149  3347  3347 W keymaster_tee: [WRN]KEY_PARAMS: AES ENC DEC GCM PADNO AUTH SIZE:256 
09-02 10:10:27.149  3347  3347 W keymaster_tee: [WRN]KEY_PARAMS: 20230902081917 
09-02 10:10:27.149  3347  3347 W keymaster2_mdfpp: exit get_key_characteristics function, returned 0
09-02 10:10:27.157  3347  3347 W keymaster2_mdfpp: entered get_key_characteristics function.
09-02 10:10:27.158  3347  3347 W keymaster_tee: [WRN]KEY_PARAMS: AES ENC DEC GCM PADNO AUTH SIZE:256 
09-02 10:10:27.158  3347  3347 W keymaster_tee: [WRN]KEY_PARAMS: 20230902081917 
09-02 10:10:27.158  3347  3347 W keymaster2_mdfpp: exit get_key_characteristics function, returned 0
09-02 10:10:27.165  3979  5977 V WindowManager: Relayout Window{7f2a43c u0 org.mozilla.firefox/org.mozilla.fenix.HomeActivity}: viewVisibility=0 req=719x1237 WM.LayoutParams{(0,0)(fillxfill) sim=#110 ty=1 fl=#81010100 pfl=0x20000 wanim=0x7f1404fa vsysui=0x2610 needsMenuKey=2 colorMode=0 naviIconColor=0}
09-02 10:10:27.168 30023 30028 I zygote64: Do partial code cache collection, code=252KB, data=149KB
09-02 10:10:27.168 30023 30028 I zygote64: After code cache collection, code=249KB, data=148KB
09-02 10:10:27.168 30023 30028 I zygote64: Increasing code cache capacity to 1024KB
09-02 10:10:27.170  3462  3462 I SurfaceFlinger: id=878 createSurf (720x1280),1 flag=404, org.mozilla.firefox/org.mozilla.fenix.HomeActivity#0
09-02 10:10:27.171  3979  5977 V Surface : sf_framedrop debug : 0x4f4c, game : false, logging : 0
09-02 10:10:27.172  3979  3996 D WindowManager: set systemUiVisibility : systemUiFlags= 0x2608 fullscreenStackSysUiFlags= 0x0
09-02 10:10:27.175  3979  5977 D InputDispatcher: Focus entered window: 30023
09-02 10:10:27.176 30023 30207 I FirefoxAccount: Registering persistence callback
09-02 10:10:27.177  3979  5982 D WindowManager: adjustSystemUiVisibilityLw : vis= 0x2608
09-02 10:10:27.177 30023 30023 V Surface : sf_framedrop debug : 0x4f4c, game : false, logging : 0
09-02 10:10:27.177 30023 30207 I FirefoxAccountStateMachine: Ran 'mozilla.components.service.fxa.manager.Event$Account$Start@a3d6e6d' side-effects for state Active(progressState=Initializing), got successive event mozilla.components.service.fxa.manager.Event$Progress$AccountNotFound@5ff07aa
09-02 10:10:27.177 30023 30207 I FirefoxAccountStateMachine: Processing event 'mozilla.components.service.fxa.manager.Event$Progress$AccountNotFound@5ff07aa' for state Active(progressState=Initializing). Next state is Idle(accountState=NotAuthenticated)
09-02 10:10:27.177 30023 30023 D ViewRootImpl@88b7945[HomeActivity]: Relayout returned: old=[0,0][0,0] new=[0,0][720,1280] result=0x7 surface={valid=true 533359026176} changed=true
09-02 10:10:27.177 30023 30195 I OpenGLRenderer: Initialized EGL, version 1.4
09-02 10:10:27.177 30023 30195 D OpenGLRenderer: Swap behavior 2
09-02 10:10:27.180 30023 30195 D libGLESv1: STS_GLApi : DTS, ODTC are not allowed for Package : org.mozilla.firefox
09-02 10:10:27.183 30023 30195 D mali_winsys: EGLint new_window_surface(egl_winsys_display *, void *, EGLSurface, EGLConfig, egl_winsys_surface **, egl_color_buffer_format *, EGLBoolean) returns 0x3000,  [720x1280]-format:1
09-02 10:10:27.183 30023 30195 D OpenGLRenderer: eglCreateWindowSurface = 0x7c2b0de540
09-02 10:10:27.195  3979  5982 I ActivityManager: Displayed org.mozilla.firefox/org.mozilla.fenix.HomeActivity: +855ms (total +1s649ms)
09-02 10:10:27.195  3979  5982 I ActivityManager: Fully drawn org.mozilla.firefox/org.mozilla.fenix.HomeActivity: +855ms (total +1s649ms)
09-02 10:10:27.196  3462  3462 I SurfaceFlinger: id=879 createSurf (720x1238),1 flag=4, SurfaceView - org.mozilla.firefox/org.mozilla.fenix.HomeActivity@9683f9b@0#0
09-02 10:10:27.197  3462  3462 I SurfaceFlinger: id=880 createSurf (720x1238),-1 flag=20004, Background for - SurfaceView - org.mozilla.firefox/org.mozilla.fenix.HomeActivity@9683f9b@0#0
09-02 10:10:27.198 30023 30023 D SurfaceView: BG hide() Surface(name=Background for - SurfaceView - org.mozilla.firefox/org.mozilla.fenix.HomeActivity@9683f9b@0) false true org.mozilla.gecko.MagnifiableSurfaceView{9683f9b V.E...... ......ID 0,0-720,1238}
09-02 10:10:27.199 30023 30023 V Surface : sf_framedrop debug : 0x4f4c, game : false, logging : 0
09-02 10:10:27.199 30023 30023 D SurfaceView: surfaceCreated 1 org.mozilla.gecko.MagnifiableSurfaceView{9683f9b V.E...... ......ID 0,0-720,1238}
09-02 10:10:27.200 30023 30023 D SurfaceView: surfaceChanged (720,1238) 1 org.mozilla.gecko.MagnifiableSurfaceView{9683f9b V.E...... ......ID 0,0-720,1238}
09-02 10:10:27.205  3979  5982 D ConnectivityService: filterNetworkStateForUid() uid: 10154 networkInfo: [type: WIFI[] - WIFI, state: CONNECTED/CONNECTED, reason: (unspecified), extra: "WiFi 69", failover: false, available: true, roaming: false, metered: false]
09-02 10:10:27.206  3979  5982 I chatty  : uid=1000(system) Binder:3979_16 identical 1 line
09-02 10:10:27.207  3979  5982 D ConnectivityService: filterNetworkStateForUid() uid: 10154 networkInfo: [type: WIFI[] - WIFI, state: CONNECTED/CONNECTED, reason: (unspecified), extra: "WiFi 69", failover: false, available: true, roaming: false, metered: false]
09-02 10:10:27.215  3979  5982 V WindowManager: Relayout Window{7f2a43c u0 org.mozilla.firefox/org.mozilla.fenix.HomeActivity}: viewVisibility=0 req=720x1280 WM.LayoutParams{(0,0)(fillxfill) sim=#110 ty=1 fl=#81010100 pfl=0x20000 fmt=-3 wanim=0x7f1404fa vsysui=0x2610 needsMenuKey=2 colorMode=0 naviIconColor=0}
09-02 10:10:27.220 30023 30023 D ViewRootImpl@88b7945[HomeActivity]: Relayout returned: old=[0,0][720,1280] new=[0,0][720,1280] result=0x3 surface={valid=true 533359026176} changed=false
09-02 10:10:27.244  3979  5982 V WindowManager: finishDrawingLocked: mDrawState=COMMIT_DRAW_PENDING Window{7f2a43c u0 org.mozilla.firefox/org.mozilla.fenix.HomeActivity} in Surface(name=org.mozilla.firefox/org.mozilla.fenix.HomeActivity)
09-02 10:10:27.244 30023 30023 D ViewRootImpl@88b7945[HomeActivity]: MSG_RESIZED_REPORT: frame=Rect(0, 0 - 720, 1280) ci=Rect(0, 42 - 0, 0) vi=Rect(0, 42 - 0, 0) or=1
09-02 10:10:27.245 30023 30023 D ViewRootImpl@88b7945[HomeActivity]: MSG_WINDOW_FOCUS_CHANGED 1
09-02 10:10:27.251  3979  4046 D ViewRootImpl@3908586[firefox]: dispatchDetachedFromWindow
09-02 10:10:27.251  3979  4046 D InputEventReceiver: channel '8dbde47 Splash Screen org.mozilla.firefox (client)' ~ Disposing input event receiver.
09-02 10:10:27.251  3979  4046 D InputEventReceiver: channel '8dbde47 Splash Screen org.mozilla.firefox (client)' ~NativeInputEventReceiver.
09-02 10:10:27.253  3979  3996 D WindowManager: set systemUiVisibility : systemUiFlags= 0x2618 fullscreenStackSysUiFlags= 0x2000
09-02 10:10:27.255  3979  5982 D WindowManager: adjustSystemUiVisibilityLw : vis= 0x2618
