--------- beginning of main
09-02 19:32:23.385 14031 14031 E adbd    : recv: OPEN 00027618 00000000 0086:73 68 65 6C 6C 2C 76 32 2C 54 45 52 4D 3D 78 74 65 72 6D 2D 32 35 36 63 6F 6C 6F 72 2C 72 61 77 3A 61 6D 20 73 74 61 72 74 20 2D 53 20 2D 61 20 61 6E 64 72 6F 69 64 2E 69 6E 74 65 6E 74 2E 61 63 74 69 6F 6E 2E 56 49 45 57 20 2D 6E 20 63 6F 6D 2E 6F 70 65 72 61 2E 62 72 6F 77 73 65 72 2F 63 6F 6D 2E 6F 70 65 72 61 2E 4F 70 65 72 61 20 2D 2D 61 63 74 69 76 69 74 79 2D 63 6C 65 61 72 2D 74 61 73 6B 00 
09-02 19:32:23.385 14031 14031 E adbd    : service_to_fd: shell,v2,TERM=xterm-256color,raw:am start -S -a android.intent.action.VIEW -n com.opera.browser/com.opera.Opera --activity-clear-task
--------- beginning of system
09-02 19:32:23.447  3979  4373 I ActivityManager: Force stopping com.opera.browser appid=10158 user=0: from pid 28446
09-02 19:32:23.452  3979  3979 D SamsungAlarmManager: Remove alarm for next reason : android.intent.action.PACKAGE_RESTARTED : package: com.opera.browser
09-02 19:32:23.456  3979  3995 W BroadcastQueue: Background execution not allowed: receiving Intent { act=android.intent.action.PACKAGE_RESTARTED dat=package:com.opera.browser flg=0x10 (has extras) } to android/com.kddi.android.CpaNotiReceiver
09-02 19:32:23.456  4633  4633 D CarrierSvcBindHelper: No carrier app for: 0
09-02 19:32:23.456  3979  3995 W BroadcastQueue: Background execution not allowed: receiving Intent { act=android.intent.action.PACKAGE_RESTARTED dat=package:com.opera.browser flg=0x10 (has extras) } to com.sec.android.daemonapp/com.samsung.android.weather.daemon.receiver.ClearDataReceiver
09-02 19:32:23.458  4633  4633 D CarrierSvcBindHelper: No carrier app for: 1
09-02 19:32:23.712  3979  4373 I ActivityManager: START u0 {act=android.intent.action.VIEW typ=null flg=0x10008000 cmp=ComponentInfo{com.opera.browser/com.opera.Opera}} from uid 2000
09-02 19:32:23.716  3979  4373 D CustomFrequencyManagerService: acquireDVFSLockLocked : type : DVFS_MIN_LIMIT  frequency : 1560000  uid : 1000  pid : 3979  pkgName : AMS_APP_SWITCH@CPU_MIN@23
09-02 19:32:23.720  3979  4373 D ActivityManagerPerformance: AMP_acquire() APP_SWITCH
09-02 19:32:23.721  3979  5035 D ActivityManagerPerformance: Received MSG_CFMS_HINT_AMS_SWITCH pkgName: com.opera.browser
09-02 19:32:23.728  3979  4046 W ResourceType: ResTable_typeSpec entry count inconsistent: given 1869, previously 1868
09-02 19:32:23.729  3979  4046 W ResourceType: ResTable_typeSpec entry count inconsistent: given 100, previously 115
09-02 19:32:23.729  3979  4046 W ResourceType: ResTable_typeSpec entry count inconsistent: given 281, previously 1857
09-02 19:32:23.731  3979  4046 W ResourceType: For resource 0x7f150164, entry index(356) is beyond type entryCount(281)
09-02 19:32:23.731  3979  4046 W ResourceType: For resource 0x7f1504b5, entry index(1205) is beyond type entryCount(281)
09-02 19:32:23.731  3979  4046 W ResourceType: For resource 0x7f1504bd, entry index(1213) is beyond type entryCount(281)
09-02 19:32:23.731  3979  4046 W ResourceType: For resource 0x7f1504c0, entry index(1216) is beyond type entryCount(281)
09-02 19:32:23.731  3979  4046 W ResourceType: For resource 0x7f1504bf, entry index(1215) is beyond type entryCount(281)
09-02 19:32:23.731  3979  4046 W ResourceType: For resource 0x7f150479, entry index(1145) is beyond type entryCount(281)
09-02 19:32:23.731  3979  4046 W ResourceType: For resource 0x7f150473, entry index(1139) is beyond type entryCount(281)
09-02 19:32:23.731  3979  4046 W ResourceType: For resource 0x7f150498, entry index(1176) is beyond type entryCount(281)
09-02 19:32:23.731  3979  4046 W ResourceType: For resource 0x7f15029d, entry index(669) is beyond type entryCount(281)
09-02 19:32:23.731  3979  4046 W ResourceType: For resource 0x7f15044f, entry index(1103) is beyond type entryCount(281)
09-02 19:32:23.731  3979  4046 W ResourceType: For resource 0x7f150298, entry index(664) is beyond type entryCount(281)
09-02 19:32:23.731  3979  4046 W ResourceType: For resource 0x7f1502a7, entry index(679) is beyond type entryCount(281)
09-02 19:32:23.733  3979  5976 D ActivityManager: isScaleDownAnimationEnabled() : false
09-02 19:32:23.737  3979  4046 D ViewRootImpl@3e111b1[browser]: setView = DecorView@3d2d217[browser] TM=true MM=false
09-02 19:32:23.738  3979  5976 D StorageManagerService: getExternalStorageMountMode : 1
09-02 19:32:23.738  3979  5976 D StorageManagerService: getExternalStorageMountMode : 3
09-02 19:32:23.738  3979  5976 D StorageManagerService: getExternalStorageMountMode : final mountMode=1, uid : 10158, packageName : com.opera.browser
09-02 19:32:23.738  3979  5976 I ApplicationPolicy: isApplicationExternalStorageWhitelisted:com.opera.browser user:0
09-02 19:32:23.738  3979  5976 D ApplicationPolicy: isApplicationExternalStorageWhitelisted: DO is not enabled on user 0. Allowed.
09-02 19:32:23.738  3979  5976 D ActivityManager: package  com.opera.browser, user - 0 is SDcard whitelisted
09-02 19:32:23.738  3979  5976 I ApplicationPolicy: isApplicationExternalStorageBlacklisted:com.opera.browser user:0
09-02 19:32:23.738  3979  5976 D ApplicationPolicy: isApplicationExternalStorageBlacklisted: DO is not enabled on user 0. Allowed.
09-02 19:32:23.747 28448 28448 E Zygote  : isWhitelistProcess - Process is Whitelisted
09-02 19:32:23.748 28448 28448 E libpersona: scanKnoxPersonas
09-02 19:32:23.748 28448 28448 E libpersona: Couldn't open the File - /data/system/users/0/personalist.xml - No such file or directory
09-02 19:32:23.749  3979  5976 I ActivityManager: Start proc 28448:com.opera.browser/u0a158 for activity com.opera.browser/com.opera.Opera
09-02 19:32:23.750 28448 28448 W SELinux : SELinux selinux_android_compute_policy_index : Policy Index[2],  Con:u:r:zygote:s0 RAM:SEPF_SM-J720F_8.0.0_0017, [-1 -1 -1 -1 0 1]
09-02 19:32:23.750 28448 28448 I SELinux : SELinux: seapp_context_lookup: seinfo=untrusted, level=s0:c512,c768, pkgname=com.opera.browser 
09-02 19:32:23.753  3979  4046 D ViewRootImpl@3e111b1[browser]: dispatchAttachedToWindow
09-02 19:32:23.754  3979  4046 V WindowManager: Relayout Window{a1ea696 u0 Splash Screen com.opera.browser}: viewVisibility=0 req=719x1237 WM.LayoutParams{(0,0)(fillxfill) sim=#20 ty=3 fl=#89830118 pfl=0x20011 wanim=0x10302fd vsysui=0x2700 needsMenuKey=2 colorMode=0 naviIconColor=0}
09-02 19:32:23.757  3462  3462 I SurfaceFlinger: id=4206 createSurf (720x1280),1 flag=404, Splash Screen com.opera.browser#0
09-02 19:32:23.758 28407 28454 D ProfileInstaller: Installing profile for com.example.batterymanager_utility
09-02 19:32:23.759  3979  4046 V Surface : sf_framedrop debug : 0x4f4c, game : false, logging : 0
09-02 19:32:23.763  3979  4046 D InputDispatcher: Focus left window: 28407
09-02 19:32:23.764  3979  4046 D ViewRootImpl@3e111b1[browser]: Relayout returned: old=[0,0][0,0] new=[0,0][720,1280] result=0x7 surface={valid=true 535181971456} changed=true
09-02 19:32:23.765  3979  4046 D ViewRootImpl@3e111b1[browser]: MSG_RESIZED_REPORT: frame=Rect(0, 0 - 720, 1280) ci=Rect(0, 42 - 0, 0) vi=Rect(0, 42 - 0, 0) or=1
09-02 19:32:23.766 28407 28407 D ViewRootImpl@110cd72[MainActivity]: MSG_WINDOW_FOCUS_CHANGED 0
09-02 19:32:23.772 28448 28448 D TimaKeyStoreProvider: TimaKeyStore is not enabled: cannot add TimaSignature Service and generateKeyPair Service
09-02 19:32:23.772 28448 28448 D ActivityThread: Added TimaKeyStore provider
09-02 19:32:23.775  3979  5976 I ActivityManager: DSS on for com.opera.browser and scale is 1.0
09-02 19:32:23.777  3979  4046 V WindowManager: finishDrawingLocked: mDrawState=COMMIT_DRAW_PENDING Window{a1ea696 u0 Splash Screen com.opera.browser} in Surface(name=Splash Screen com.opera.browser)
09-02 19:32:23.785  3979  5976 D PersonaManagerService: Current focused persona service handled id set to : 0
09-02 19:32:23.785  3979  5976 D InputDispatcher: Focused application set to: xxxx
09-02 19:32:23.786  3979  5976 D MARsPolicyManager: onPackageResumedFG pkgName = com.opera.browser, userId = 0
09-02 19:32:23.786  3979  4238 D GameManagerService: handleForegroundChange(). pkgName: com.opera.browser, clsName: com.opera.android.BrowserActivity,FgActivityName:com.opera.browser/com.opera.android.BrowserActivity
09-02 19:32:23.787  3979  4238 D GameManagerService: sem_perfomance_mode: 3
09-02 19:32:23.787  3979  4238 D GameManagerService: notifyResumePause(). pkg: com.opera.browser, type: 4, isMinimized: false, isTunableApp: false
09-02 19:32:23.787  3979  4238 D GameManagerService:   notifyResumePause(). unexpected mPrevNotiType: -1
09-02 19:32:23.804  3462  3462 V Surface : sf_framedrop debug : 0x4f4c, game : false, logging : 0
09-02 19:32:23.806 28407 28424 D OpenGLRenderer: eglDestroySurface = 0x7cc1bf14c0
09-02 19:32:23.814  3979  5976 D TaskSnapshotCache: putSnapshot mTaskId=1211 RunningCache size=3
09-02 19:32:23.820  3979  3990 V WindowManager: Relayout Window{7ea1928 u0 com.example.batterymanager_utility/com.example.batterymanager_utility.MainActivity}: viewVisibility=8 req=720x1280 WM.LayoutParams{(0,0)(fillxfill) sim=#120 ty=1 fl=#81810100 pfl=0x20000 wanim=0x10302fd vsysui=0x600 needsMenuKey=2 colorMode=0 naviIconColor=0}
09-02 19:32:23.823  3462  3462 I SurfaceFlinger: Display 0 HWC layers:
09-02 19:32:23.823  3462  3462 I SurfaceFlinger:     type    |    handle    | flag |  format   |   source crop (l,t,r,b)    |         frame       | name 
09-02 19:32:23.823  3462  3462 I SurfaceFlinger: ------------+--------------+------+-----------+----------------------------+---------------------+------
09-02 19:32:23.823  3462  3462 I SurfaceFlinger:      Client |              | 0000 |  Unknown  |  -0.2   -0.2   -0.8   -0.8 |    0    0  720 1280 | animation background stackId=1#0
09-02 19:32:23.823  3462  3462 I SurfaceFlinger:      Client | 0x7ac4c255c0 | 0002 | RGBA_8888 |   0.0    0.0  720.0 1280.0 |    0    0  720 1279 | com.example.batterymanager_utility/c[...]atterymanager_utility.MainActivity#0
09-02 19:32:23.823  3462  3462 I SurfaceFlinger:      Device | 0x7ac4c24240 | 0000 | RGBA_8888 |   0.0    0.0  720.0   42.0 |    0    0  720   42 | StatusBar#0
09-02 19:32:23.823  3462  3462 I SurfaceFlinger: 
09-02 19:32:23.827  3979  6899 D GamePkgDataHelper: getGamePkgDataIncServer(). com.opera.browser
09-02 19:32:23.827 28407 28407 D ViewRootImpl@110cd72[MainActivity]: Relayout returned: old=[0,0][720,1280] new=[0,0][720,1280] result=0x5 surface={valid=false 0} changed=true
09-02 19:32:23.828 28448 28448 I zygote  : no shared libraies, dex_files: 1
09-02 19:32:23.829  3979  3996 D WindowManager: set systemUiVisibility : systemUiFlags= 0x2708 fullscreenStackSysUiFlags= 0x2000
09-02 19:32:23.829  3979  6899 D GameManagerService: identifyGamePackage. com.opera.browser
09-02 19:32:23.829  3979  6899 D GamePkgDataHelper: getGamePkgData(). com.opera.browser
09-02 19:32:23.829  3979  4373 D WindowManager: adjustSystemUiVisibilityLw : vis= 0x2708
09-02 19:32:23.829  3979  6899 D GameManagerService: identifyGamePackage. com.opera.browser
09-02 19:32:23.830  3979  6899 D GamePkgDataHelper: getGamePkgData(). com.opera.browser
09-02 19:32:23.830  3979  6899 D GamePkgDataHelper: getSosPolicy(). com.opera.browser
09-02 19:32:23.832  3979  6899 D GameManagerService: identifyGamePackage. com.opera.browser
09-02 19:32:23.832  3979  6899 D GamePkgDataHelper: getGamePkgData(). com.opera.browser
09-02 19:32:23.833  3979  6899 D GameManagerService: identifyGamePackage. com.opera.browser
09-02 19:32:23.833  3979  6899 D GamePkgDataHelper: getGamePkgData(). com.opera.browser
09-02 19:32:23.837 28448 28448 W ResourceType: ResTable_typeSpec entry count inconsistent: given 1869, previously 1868
09-02 19:32:23.837 28448 28448 W ResourceType: ResTable_typeSpec entry count inconsistent: given 100, previously 115
09-02 19:32:23.837 28448 28448 W ResourceType: ResTable_typeSpec entry count inconsistent: given 281, previously 1857
09-02 19:32:23.860  4349  4728 D SystemServicesProxy: updateOverviewLastStackActiveTimeAsync: newTime=1693559943942
09-02 19:32:23.861  3979  3990 D SecContentProvider: query(), uri = 17 selection = isSettingsChangesAllowed
09-02 19:32:23.862  3979  3990 D SecContentProvider: called from android.uid.systemui:10009
09-02 19:32:23.863  4349  4561 D SystemServicesProxy: updateOverviewLastStackActiveTimeAsync: done.
09-02 19:32:23.864  3979  3990 D PackageManager: getComponentMetadataForIconTray : com.example.batterymanager_utility.MainActivity does not exist in mServices
09-02 19:32:23.864  3979  3990 D PackageManager: getComponentMetadataForIconTray : com.example.batterymanager_utility.MainActivity does not exist in mProviders
09-02 19:32:23.864  3979  3990 D PackageManager: getComponentMetadataForIconTray : com.example.batterymanager_utility.MainActivity does not exist in mReceivers
09-02 19:32:23.865  4349  4728 D ApplicationPackageManager: updateItemMetaDataForFixedIconScale: package: com.example.batterymanager_utility
09-02 19:32:23.865  3979  3990 D PackageManager: getSelectedMetaData : packageName(com.example.batterymanager_utility) or Metadata strings {[Ljava.lang.String;@7abf26e}
09-02 19:32:23.865  4349  4728 I ApplicationPackageManager: load=com.example.batterymanager_utility, bg=144-144, dr=189-189, forDefault=true, density=0
09-02 19:32:23.869  4349  4728 I ApplicationPackageManager: scaled rate=0.72, size=189, alpha=54, hold=102
09-02 19:32:23.869  4349  4728 D ApplicationPackageManager: iconScale: getScale(): 0.72 getAlpha(): 54
09-02 19:32:23.872  4349  4728 I ApplicationPackageManager: load=com.example.batterymanager_utility-contain, bg=112-112, dr=189-189
09-02 19:32:23.892 28448 28448 W ResourceType: For resource 0x7f0c0068, entry index(104) is beyond type entryCount(100)
09-02 19:32:23.904  4962  4962 D io_stats: !@ 179,0 r 825902 24475088 w 669994 13514792 d 72616 21110248 f 156878 160693 iot 760560 640555 th 51200 0 0 pt 0 inp 0 0 66477.149
09-02 19:32:23.955  3979  4373 W StorageManager: getStorageLowBytes lowPercent : 5, lowBytes : 1260145254, maxLowBytes : 524288000
09-02 19:32:23.957  3979  4373 W StorageManager: getStorageLowBytes lowPercent : 5, lowBytes : 1260145254, maxLowBytes : 524288000
09-02 19:32:23.958  3979  4111 D MdnieScenarioControlService:  packageName : com.opera.browser    className : com.opera.Opera
09-02 19:32:23.958  3979  4111 V MdnieScenarioControlService: setUIMode from UI function(3)
09-02 19:32:23.959  3979  3990 W StorageManager: getStorageLowBytes lowPercent : 5, lowBytes : 1260145254, maxLowBytes : 524288000
09-02 19:32:23.961  3979  4373 W StorageManager: getStorageLowBytes lowPercent : 5, lowBytes : 1260145254, maxLowBytes : 524288000
09-02 19:32:23.972 28448 28484 W zygote  : Skipping duplicate class check due to unrecognized classloader
09-02 19:32:23.982  3979  5976 D PackageManager: setEnabledSetting : userId = 0 packageName = com.opera.browser cmp = androidx.work.impl.background.systemjob.SystemJobService newState = 1 callingPackage = 10158/com.opera.browser
09-02 19:32:23.984 28448 28484 W ResourceType: ResTable_typeSpec entry count inconsistent: given 77, previously 79
09-02 19:32:23.985 28448 28484 W ResourceType: ResTable_typeSpec entry count inconsistent: given 3309, previously 3332
09-02 19:32:23.985 28448 28484 W ResourceType: ResTable_typeSpec entry count inconsistent: given 518, previously 4352
09-02 19:32:24.018  3979  4373 D SamsungAlarmManager: setExact Intent (T:0/F:1/AC:false) 20330830T193224 - CU:10158/CP:28448
09-02 19:32:24.025  3462  3462 I SurfaceFlinger: Display 0 HWC layers:
09-02 19:32:24.025  3462  3462 I SurfaceFlinger:     type    |    handle    | flag |  format   |   source crop (l,t,r,b)    |         frame       | name 
09-02 19:32:24.025  3462  3462 I SurfaceFlinger: ------------+--------------+------+-----------+----------------------------+---------------------+------
09-02 19:32:24.025  3462  3462 I SurfaceFlinger:      Client |              | 0000 |  Unknown  |  -0.2   -0.2   -0.8   -0.8 |    0    0  720 1280 | animation background stackId=1#0
09-02 19:32:24.025  3462  3462 I SurfaceFlinger:      Client | 0x7ac4c255c0 | 0002 | RGBA_8888 |   0.0    0.0  720.0 1279.0 |   16   29  703 1250 | com.example.batterymanager_utility/c[...]atterymanager_utility.MainActivity#0
09-02 19:32:24.025  3462  3462 I SurfaceFlinger:      Client | 0x7abe6893c0 | 0002 | RGBA_8888 |   0.0    0.0  720.0 1024.0 |   16  303  703 1280 | Splash Screen com.opera.browser#0
09-02 19:32:24.025  3462  3462 I SurfaceFlinger:      Client | 0x7abe64bd40 | 0000 | RGBA_8888 |   0.0    0.0  720.0   42.0 |    0    0  720   42 | StatusBar#0
09-02 19:32:24.025  3462  3462 I SurfaceFlinger: 
09-02 19:32:24.213  3979  4373 D PackageManager: setEnabledSetting : userId = 0 packageName = com.opera.browser cmp = com.opera.android.vpn.app_widget.VpnProAppWidget newState = 1 callingPackage = 10158/com.opera.browser
09-02 19:32:24.214 28448 28453 I zygote  : Do partial code cache collection, code=29KB, data=29KB
09-02 19:32:24.214 28448 28453 I zygote  : After code cache collection, code=29KB, data=29KB
09-02 19:32:24.214 28448 28453 I zygote  : Increasing code cache capacity to 128KB
09-02 19:32:24.221  3979  4373 D PackageManager: setEnabledSetting : userId = 0 packageName = com.opera.browser cmp = com.opera.android.vpn.quick_settings_tile.VpnProQuickSettingsTileService newState = 1 callingPackage = 10158/com.opera.browser
09-02 19:32:24.240 28448 28448 W ResourceType: ResTable_typeSpec entry count inconsistent: given 1869, previously 1868
09-02 19:32:24.240 28448 28448 W ResourceType: ResTable_typeSpec entry count inconsistent: given 100, previously 115
09-02 19:32:24.240 28448 28448 W ResourceType: ResTable_typeSpec entry count inconsistent: given 281, previously 1857
09-02 19:32:24.243 28448 28515 I FA      : App measurement initialized, version: 75017
09-02 19:32:24.243 28448 28515 I FA      : To enable debug logging run: adb shell setprop log.tag.FA VERBOSE
09-02 19:32:24.243 28448 28515 I FA      : To enable faster debug mode event logging run:
09-02 19:32:24.243 28448 28515 I FA      :   adb shell setprop debug.firebase.analytics.app com.opera.browser
09-02 19:32:24.254 28448 28448 W ResourceType: ResTable_typeSpec entry count inconsistent: given 1869, previously 1868
09-02 19:32:24.254 28448 28448 W ResourceType: ResTable_typeSpec entry count inconsistent: given 100, previously 115
09-02 19:32:24.254 28448 28448 W ResourceType: ResTable_typeSpec entry count inconsistent: given 281, previously 1857
09-02 19:32:24.258 28448 28448 W ResourceType: ResTable_typeSpec entry count inconsistent: given 1869, previously 1868
09-02 19:32:24.259 28448 28448 W ResourceType: ResTable_typeSpec entry count inconsistent: given 100, previously 115
09-02 19:32:24.259 28448 28448 W ResourceType: ResTable_typeSpec entry count inconsistent: given 281, previously 1857
09-02 19:32:24.262 28448 28448 W ResourceType: For resource 0x7f15044e, entry index(1102) is beyond type entryCount(281)
09-02 19:32:24.264 28448 28448 W ResourceType: For resource 0x7f150164, entry index(356) is beyond type entryCount(281)
09-02 19:32:24.264 28448 28448 W ResourceType: For resource 0x7f1504b5, entry index(1205) is beyond type entryCount(281)
09-02 19:32:24.264 28448 28448 W ResourceType: For resource 0x7f1504bd, entry index(1213) is beyond type entryCount(281)
09-02 19:32:24.264 28448 28448 W ResourceType: For resource 0x7f1504c0, entry index(1216) is beyond type entryCount(281)
09-02 19:32:24.264 28448 28448 W ResourceType: For resource 0x7f1504bf, entry index(1215) is beyond type entryCount(281)
09-02 19:32:24.264 28448 28448 W ResourceType: For resource 0x7f150479, entry index(1145) is beyond type entryCount(281)
09-02 19:32:24.264 28448 28448 W ResourceType: For resource 0x7f150473, entry index(1139) is beyond type entryCount(281)
09-02 19:32:24.264 28448 28448 W ResourceType: For resource 0x7f150498, entry index(1176) is beyond type entryCount(281)
09-02 19:32:24.264 28448 28448 W ResourceType: For resource 0x7f15029d, entry index(669) is beyond type entryCount(281)
09-02 19:32:24.264 28448 28448 W ResourceType: For resource 0x7f15044f, entry index(1103) is beyond type entryCount(281)
09-02 19:32:24.264 28448 28448 W ResourceType: For resource 0x7f150298, entry index(664) is beyond type entryCount(281)
09-02 19:32:24.264 28448 28448 W ResourceType: For resource 0x7f1502a7, entry index(679) is beyond type entryCount(281)
09-02 19:32:24.265 28448 28448 W ResourceType: For resource 0x7f150165, entry index(357) is beyond type entryCount(281)
09-02 19:32:24.290 22051 22051 D BoundBrokerSvc: onBind: Intent { act=com.google.android.gms.measurement.START pkg=com.google.android.gms }
09-02 19:32:24.290 22051 22051 D BoundBrokerSvc: Loading bound service for intent: Intent { act=com.google.android.gms.measurement.START pkg=com.google.android.gms }
09-02 19:32:24.304  3979  4046 I WindowManager: Destroying surface Surface(name=com.example.batterymanager_utility/com.example.batterymanager_utility.MainActivity) called by com.android.server.wm.WindowStateAnimator.destroySurface:2501 com.android.server.wm.WindowStateAnimator.destroySurfaceLocked:985 com.android.server.wm.WindowState.destroyOrSaveSurfaceUnchecked:3671 com.android.server.wm.WindowState.destroySurface:3619 com.android.server.wm.AppWindowToken.destroySurfaces:722 com.android.server.wm.AppWindowToken.destroySurfaces:706 com.android.server.wm.WindowState.onExitAnimationDone:5333 com.android.server.wm.WindowStateAnimator.stepAnimationLocked:550 
09-02 19:32:24.304  3462  5840 I SurfaceFlinger: id=4205 Removed com.example.batterymanager_utility/com.example.batterymanager_utility.MainActivity#0 (2/5)
09-02 19:32:24.307  3462  3462 I SurfaceFlinger: Display 0 HWC layers:
09-02 19:32:24.307  3462  3462 I SurfaceFlinger:     type    |    handle    | flag |  format   |   source crop (l,t,r,b)    |         frame       | name 
09-02 19:32:24.307  3462  3462 I SurfaceFlinger: ------------+--------------+------+-----------+----------------------------+---------------------+------
09-02 19:32:24.307  3462  3462 I SurfaceFlinger:      Device | 0x7abe6893c0 | 0002 | RGBA_8888 |   0.0    0.0  720.0 1280.0 |    0    0  720 1280 | Splash Screen com.opera.browser#0
09-02 19:32:24.307  3462  3462 I SurfaceFlinger:      Device | 0x7abe64bd40 | 0000 | RGBA_8888 |   0.0    0.0  720.0   42.0 |    0    0  720   42 | StatusBar#0
09-02 19:32:24.307  3462  3462 I SurfaceFlinger: 
09-02 19:32:24.308  3462  5840 I SurfaceFlinger: id=4205 Removed com.example.batterymanager_utility/com.example.batterymanager_utility.MainActivity#0 (-2/5)
09-02 19:32:24.319  3462  3462 I Layer   : id=4205 onRemoved com.example.batterymanager_utility/com.example.batterymanager_utility.MainActivity#0 
09-02 19:32:24.329 28448 28448 W ResourceType: For resource 0x7f15050e, entry index(1294) is beyond type entryCount(281)
09-02 19:32:24.329 28448 28448 W ResourceType: For resource 0x7f15061f, entry index(1567) is beyond type entryCount(281)
09-02 19:32:24.329 28448 28448 W ResourceType: For resource 0x7f15061f, entry index(1567) is beyond type entryCount(281)
09-02 19:32:24.329 28448 28448 W ResourceType: For resource 0x7f15058c, entry index(1420) is beyond type entryCount(281)
09-02 19:32:24.329 28448 28448 W ResourceType: For resource 0x7f150590, entry index(1424) is beyond type entryCount(281)
09-02 19:32:24.329 28448 28448 W ResourceType: For resource 0x7f15058e, entry index(1422) is beyond type entryCount(281)
09-02 19:32:24.329 28448 28448 W ResourceType: For resource 0x7f1504c3, entry index(1219) is beyond type entryCount(281)
09-02 19:32:24.329 28448 28448 W ResourceType: For resource 0x7f15059e, entry index(1438) is beyond type entryCount(281)
09-02 19:32:24.329 28448 28448 W ResourceType: For resource 0x7f150282, entry index(642) is beyond type entryCount(281)
09-02 19:32:24.329 28448 28448 W ResourceType: For resource 0x7f1504c3, entry index(1219) is beyond type entryCount(281)
09-02 19:32:24.329 28448 28448 W ResourceType: For resource 0x7f150719, entry index(1817) is beyond type entryCount(281)
09-02 19:32:24.329 28448 28448 W ResourceType: For resource 0x7f150578, entry index(1400) is beyond type entryCount(281)
09-02 19:32:24.329 28448 28448 W ResourceType: For resource 0x7f150284, entry index(644) is beyond type entryCount(281)
09-02 19:32:24.329 28448 28448 W ResourceType: For resource 0x7f150579, entry index(1401) is beyond type entryCount(281)
09-02 19:32:24.329 28448 28448 W ResourceType: For resource 0x7f1505e7, entry index(1511) is beyond type entryCount(281)
09-02 19:32:24.329 28448 28448 W ResourceType: For resource 0x7f15071e, entry index(1822) is beyond type entryCount(281)
09-02 19:32:24.329 28448 28448 I chatty  : uid=10158(u0_a158) identical 2 lines
09-02 19:32:24.329 28448 28448 W ResourceType: For resource 0x7f15071e, entry index(1822) is beyond type entryCount(281)
09-02 19:32:24.329 28448 28448 W ResourceType: For resource 0x7f150580, entry index(1408) is beyond type entryCount(281)
09-02 19:32:24.329 28448 28448 W ResourceType: For resource 0x7f15071e, entry index(1822) is beyond type entryCount(281)
09-02 19:32:24.329 28448 28448 W ResourceType: For resource 0x7f15017b, entry index(379) is beyond type entryCount(281)
09-02 19:32:24.329 28448 28448 W ResourceType: For resource 0x7f150283, entry index(643) is beyond type entryCount(281)
09-02 19:32:24.329 28448 28448 W ResourceType: For resource 0x7f1505a2, entry index(1442) is beyond type entryCount(281)
09-02 19:32:24.330 28448 28448 W ResourceType: For resource 0x7f1506f4, entry index(1780) is beyond type entryCount(281)
09-02 19:32:24.330 28448 28448 W ResourceType: For resource 0x7f150588, entry index(1416) is beyond type entryCount(281)
09-02 19:32:24.330 28448 28448 W ResourceType: For resource 0x7f15059f, entry index(1439) is beyond type entryCount(281)
09-02 19:32:24.330 28448 28448 W ResourceType: For resource 0x7f150649, entry index(1609) is beyond type entryCount(281)
09-02 19:32:24.330 28448 28448 W ResourceType: For resource 0x7f150442, entry index(1090) is beyond type entryCount(281)
09-02 19:32:24.330 28448 28448 W ResourceType: For resource 0x7f150718, entry index(1816) is beyond type entryCount(281)
09-02 19:32:24.330 28448 28448 W ResourceType: For resource 0x7f15017c, entry index(380) is beyond type entryCount(281)
09-02 19:32:24.330 28448 28448 W ResourceType: For resource 0x7f15059d, entry index(1437) is beyond type entryCount(281)
09-02 19:32:24.330 28448 28448 W ResourceType: For resource 0x7f15020a, entry index(522) is beyond type entryCount(281)
09-02 19:32:24.330 28448 28448 W ResourceType: For resource 0x7f150586, entry index(1414) is beyond type entryCount(281)
09-02 19:32:24.330 28448 28448 W ResourceType: For resource 0x7f15071c, entry index(1820) is beyond type entryCount(281)
09-02 19:32:24.330 28448 28448 W ResourceType: For resource 0x7f1502af, entry index(687) is beyond type entryCount(281)
09-02 19:32:24.330 28448 28448 W ResourceType: For resource 0x7f150274, entry index(628) is beyond type entryCount(281)
09-02 19:32:24.330 28448 28448 W ResourceType: For resource 0x7f150244, entry index(580) is beyond type entryCount(281)
09-02 19:32:24.330 28448 28448 W ResourceType: For resource 0x7f150274, entry index(628) is beyond type entryCount(281)
09-02 19:32:24.330 28448 28448 W ResourceType: For resource 0x7f150372, entry index(882) is beyond type entryCount(281)
09-02 19:32:24.330 28448 28448 W ResourceType: For resource 0x7f15035b, entry index(859) is beyond type entryCount(281)
09-02 19:32:24.330 28448 28448 W ResourceType: For resource 0x7f15035c, entry index(860) is beyond type entryCount(281)
09-02 19:32:24.330 28448 28448 W ResourceType: For resource 0x7f1502ad, entry index(685) is beyond type entryCount(281)
09-02 19:32:24.330 28448 28448 W ResourceType: For resource 0x7f150565, entry index(1381) is beyond type entryCount(281)
09-02 19:32:24.330 28448 28448 W ResourceType: For resource 0x7f150567, entry index(1383) is beyond type entryCount(281)
09-02 19:32:24.338 28448 28448 W ResourceType: For resource 0x7f15050e, entry index(1294) is beyond type entryCount(281)
09-02 19:32:24.338 28448 28448 W ResourceType: For resource 0x7f15061f, entry index(1567) is beyond type entryCount(281)
09-02 19:32:24.338 28448 28448 W ResourceType: For resource 0x7f15061f, entry index(1567) is beyond type entryCount(281)
09-02 19:32:24.338 28448 28448 W ResourceType: For resource 0x7f15058c, entry index(1420) is beyond type entryCount(281)
09-02 19:32:24.338 28448 28448 W ResourceType: For resource 0x7f150590, entry index(1424) is beyond type entryCount(281)
09-02 19:32:24.338 28448 28448 W ResourceType: For resource 0x7f15058e, entry index(1422) is beyond type entryCount(281)
09-02 19:32:24.338 28448 28448 W ResourceType: For resource 0x7f1504c3, entry index(1219) is beyond type entryCount(281)
09-02 19:32:24.338 28448 28448 W ResourceType: For resource 0x7f15059e, entry index(1438) is beyond type entryCount(281)
09-02 19:32:24.338 28448 28448 W ResourceType: For resource 0x7f150282, entry index(642) is beyond type entryCount(281)
09-02 19:32:24.338 28448 28448 W ResourceType: For resource 0x7f1504c3, entry index(1219) is beyond type entryCount(281)
09-02 19:32:24.338 28448 28448 W ResourceType: For resource 0x7f150719, entry index(1817) is beyond type entryCount(281)
09-02 19:32:24.338 28448 28448 W ResourceType: For resource 0x7f150578, entry index(1400) is beyond type entryCount(281)
09-02 19:32:24.338 28448 28448 W ResourceType: For resource 0x7f150284, entry index(644) is beyond type entryCount(281)
09-02 19:32:24.339 28448 28448 W ResourceType: For resource 0x7f150579, entry index(1401) is beyond type entryCount(281)
09-02 19:32:24.339 28448 28448 W ResourceType: For resource 0x7f1505e7, entry index(1511) is beyond type entryCount(281)
09-02 19:32:24.339 28448 28448 W ResourceType: For resource 0x7f15071e, entry index(1822) is beyond type entryCount(281)
09-02 19:32:24.339 28448 28448 I chatty  : uid=10158(u0_a158) identical 2 lines
09-02 19:32:24.339 28448 28448 W ResourceType: For resource 0x7f15071e, entry index(1822) is beyond type entryCount(281)
09-02 19:32:24.339 28448 28448 W ResourceType: For resource 0x7f150580, entry index(1408) is beyond type entryCount(281)
09-02 19:32:24.339 28448 28448 W ResourceType: For resource 0x7f15071e, entry index(1822) is beyond type entryCount(281)
09-02 19:32:24.339 28448 28448 W ResourceType: For resource 0x7f15017b, entry index(379) is beyond type entryCount(281)
09-02 19:32:24.339 28448 28448 W ResourceType: For resource 0x7f150283, entry index(643) is beyond type entryCount(281)
09-02 19:32:24.339 28448 28448 W ResourceType: For resource 0x7f1505a2, entry index(1442) is beyond type entryCount(281)
09-02 19:32:24.339 28448 28448 W ResourceType: For resource 0x7f1506f4, entry index(1780) is beyond type entryCount(281)
09-02 19:32:24.339 28448 28448 W ResourceType: For resource 0x7f150588, entry index(1416) is beyond type entryCount(281)
09-02 19:32:24.339 28448 28448 W ResourceType: For resource 0x7f15059f, entry index(1439) is beyond type entryCount(281)
09-02 19:32:24.339 28448 28448 W ResourceType: For resource 0x7f150649, entry index(1609) is beyond type entryCount(281)
09-02 19:32:24.339 28448 28448 W ResourceType: For resource 0x7f150442, entry index(1090) is beyond type entryCount(281)
09-02 19:32:24.339 28448 28448 W ResourceType: For resource 0x7f150718, entry index(1816) is beyond type entryCount(281)
09-02 19:32:24.339 28448 28448 W ResourceType: For resource 0x7f15017c, entry index(380) is beyond type entryCount(281)
09-02 19:32:24.339 28448 28448 W ResourceType: For resource 0x7f15059d, entry index(1437) is beyond type entryCount(281)
09-02 19:32:24.339 28448 28448 W ResourceType: For resource 0x7f15020a, entry index(522) is beyond type entryCount(281)
09-02 19:32:24.339 28448 28448 W ResourceType: For resource 0x7f150586, entry index(1414) is beyond type entryCount(281)
09-02 19:32:24.339 28448 28448 W ResourceType: For resource 0x7f15071c, entry index(1820) is beyond type entryCount(281)
09-02 19:32:24.339 28448 28448 W ResourceType: For resource 0x7f1502af, entry index(687) is beyond type entryCount(281)
09-02 19:32:24.339 28448 28448 W ResourceType: For resource 0x7f150274, entry index(628) is beyond type entryCount(281)
09-02 19:32:24.339 28448 28448 W ResourceType: For resource 0x7f150244, entry index(580) is beyond type entryCount(281)
09-02 19:32:24.339 28448 28448 W ResourceType: For resource 0x7f150274, entry index(628) is beyond type entryCount(281)
09-02 19:32:24.339 28448 28448 W ResourceType: For resource 0x7f150372, entry index(882) is beyond type entryCount(281)
09-02 19:32:24.339 28448 28448 W ResourceType: For resource 0x7f15035b, entry index(859) is beyond type entryCount(281)
09-02 19:32:24.339 28448 28448 W ResourceType: For resource 0x7f15035c, entry index(860) is beyond type entryCount(281)
09-02 19:32:24.339 28448 28448 W ResourceType: For resource 0x7f1502ad, entry index(685) is beyond type entryCount(281)
09-02 19:32:24.339 28448 28448 W ResourceType: For resource 0x7f150565, entry index(1381) is beyond type entryCount(281)
09-02 19:32:24.339 28448 28448 W ResourceType: For resource 0x7f150567, entry index(1383) is beyond type entryCount(281)
09-02 19:32:24.348 28448 28448 W ResourceType: For resource 0x7f15050e, entry index(1294) is beyond type entryCount(281)
09-02 19:32:24.349 28448 28448 W ResourceType: For resource 0x7f15061f, entry index(1567) is beyond type entryCount(281)
09-02 19:32:24.349 28448 28448 W ResourceType: For resource 0x7f15061f, entry index(1567) is beyond type entryCount(281)
09-02 19:32:24.349 28448 28448 W ResourceType: For resource 0x7f15058c, entry index(1420) is beyond type entryCount(281)
09-02 19:32:24.349 28448 28448 W ResourceType: For resource 0x7f150590, entry index(1424) is beyond type entryCount(281)
09-02 19:32:24.349 28448 28448 W ResourceType: For resource 0x7f15058e, entry index(1422) is beyond type entryCount(281)
09-02 19:32:24.349 28448 28448 W ResourceType: For resource 0x7f1504c3, entry index(1219) is beyond type entryCount(281)
09-02 19:32:24.349 28448 28448 W ResourceType: For resource 0x7f15059e, entry index(1438) is beyond type entryCount(281)
09-02 19:32:24.349 28448 28448 W ResourceType: For resource 0x7f150282, entry index(642) is beyond type entryCount(281)
09-02 19:32:24.349 28448 28448 W ResourceType: For resource 0x7f1504c3, entry index(1219) is beyond type entryCount(281)
09-02 19:32:24.349 28448 28448 W ResourceType: For resource 0x7f150719, entry index(1817) is beyond type entryCount(281)
09-02 19:32:24.349 28448 28448 W ResourceType: For resource 0x7f150578, entry index(1400) is beyond type entryCount(281)
09-02 19:32:24.349 28448 28448 W ResourceType: For resource 0x7f150284, entry index(644) is beyond type entryCount(281)
09-02 19:32:24.349 28448 28448 W ResourceType: For resource 0x7f150579, entry index(1401) is beyond type entryCount(281)
09-02 19:32:24.349 28448 28448 W ResourceType: For resource 0x7f1505e7, entry index(1511) is beyond type entryCount(281)
09-02 19:32:24.349 28448 28448 W ResourceType: For resource 0x7f15071e, entry index(1822) is beyond type entryCount(281)
09-02 19:32:24.349 28448 28448 I chatty  : uid=10158(u0_a158) identical 2 lines
09-02 19:32:24.349 28448 28448 W ResourceType: For resource 0x7f15071e, entry index(1822) is beyond type entryCount(281)
09-02 19:32:24.349 28448 28448 W ResourceType: For resource 0x7f150580, entry index(1408) is beyond type entryCount(281)
09-02 19:32:24.349 28448 28448 W ResourceType: For resource 0x7f15071e, entry index(1822) is beyond type entryCount(281)
09-02 19:32:24.349 28448 28448 W ResourceType: For resource 0x7f15017b, entry index(379) is beyond type entryCount(281)
09-02 19:32:24.349 28448 28448 W ResourceType: For resource 0x7f150283, entry index(643) is beyond type entryCount(281)
09-02 19:32:24.349 28448 28448 W ResourceType: For resource 0x7f1505a2, entry index(1442) is beyond type entryCount(281)
09-02 19:32:24.349 28448 28448 W ResourceType: For resource 0x7f1506f4, entry index(1780) is beyond type entryCount(281)
09-02 19:32:24.349 28448 28448 W ResourceType: For resource 0x7f150588, entry index(1416) is beyond type entryCount(281)
09-02 19:32:24.349 28448 28448 W ResourceType: For resource 0x7f15059f, entry index(1439) is beyond type entryCount(281)
09-02 19:32:24.349 28448 28448 W ResourceType: For resource 0x7f150649, entry index(1609) is beyond type entryCount(281)
09-02 19:32:24.349 28448 28448 W ResourceType: For resource 0x7f150442, entry index(1090) is beyond type entryCount(281)
09-02 19:32:24.349 28448 28448 W ResourceType: For resource 0x7f150718, entry index(1816) is beyond type entryCount(281)
09-02 19:32:24.349 28448 28448 W ResourceType: For resource 0x7f15017c, entry index(380) is beyond type entryCount(281)
09-02 19:32:24.349 28448 28448 W ResourceType: For resource 0x7f15059d, entry index(1437) is beyond type entryCount(281)
09-02 19:32:24.349 28448 28448 W ResourceType: For resource 0x7f15020a, entry index(522) is beyond type entryCount(281)
09-02 19:32:24.349 28448 28448 W ResourceType: For resource 0x7f150586, entry index(1414) is beyond type entryCount(281)
09-02 19:32:24.349 28448 28448 W ResourceType: For resource 0x7f15071c, entry index(1820) is beyond type entryCount(281)
09-02 19:32:24.349 28448 28448 W ResourceType: For resource 0x7f1502af, entry index(687) is beyond type entryCount(281)
09-02 19:32:24.349 28448 28448 W ResourceType: For resource 0x7f150274, entry index(628) is beyond type entryCount(281)
09-02 19:32:24.349 28448 28448 W ResourceType: For resource 0x7f150244, entry index(580) is beyond type entryCount(281)
09-02 19:32:24.349 28448 28448 W ResourceType: For resource 0x7f150274, entry index(628) is beyond type entryCount(281)
09-02 19:32:24.349 28448 28448 W ResourceType: For resource 0x7f150372, entry index(882) is beyond type entryCount(281)
09-02 19:32:24.349 28448 28448 W ResourceType: For resource 0x7f15035b, entry index(859) is beyond type entryCount(281)
09-02 19:32:24.349 28448 28448 W ResourceType: For resource 0x7f15035c, entry index(860) is beyond type entryCount(281)
09-02 19:32:24.349 28448 28448 W ResourceType: For resource 0x7f1502ad, entry index(685) is beyond type entryCount(281)
09-02 19:32:24.349 28448 28448 W ResourceType: For resource 0x7f150565, entry index(1381) is beyond type entryCount(281)
09-02 19:32:24.349 28448 28448 W ResourceType: For resource 0x7f150567, entry index(1383) is beyond type entryCount(281)
09-02 19:32:24.358 28448 28448 W ResourceType: For resource 0x7f1504e5, entry index(1253) is beyond type entryCount(281)
09-02 19:32:24.358 28448 28448 W ResourceType: For resource 0x7f1504e5, entry index(1253) is beyond type entryCount(281)
09-02 19:32:24.358 28448 28448 W ResourceType: For resource 0x7f1504e6, entry index(1254) is beyond type entryCount(281)
09-02 19:32:24.358 28448 28448 W ResourceType: For resource 0x7f150523, entry index(1315) is beyond type entryCount(281)
09-02 19:32:24.358 28448 28448 W ResourceType: For resource 0x7f1504c2, entry index(1218) is beyond type entryCount(281)
09-02 19:32:24.358 28448 28448 W ResourceType: For resource 0x7f15029f, entry index(671) is beyond type entryCount(281)
09-02 19:32:24.358 28448 28448 W ResourceType: For resource 0x7f1504e5, entry index(1253) is beyond type entryCount(281)
09-02 19:32:24.358 28448 28448 I chatty  : uid=10158(u0_a158) identical 1 line
09-02 19:32:24.359 28448 28448 W ResourceType: For resource 0x7f1504e5, entry index(1253) is beyond type entryCount(281)
09-02 19:32:24.365 28448 28448 W ResourceType: For resource 0x7f150241, entry index(577) is beyond type entryCount(281)
09-02 19:32:24.365 28448 28448 W ResourceType: For resource 0x7f150241, entry index(577) is beyond type entryCount(281)
09-02 19:32:24.365 28448 28448 W ResourceType: For resource 0x7f150240, entry index(576) is beyond type entryCount(281)
09-02 19:32:24.365 28448 28448 W ResourceType: For resource 0x7f1503c4, entry index(964) is beyond type entryCount(281)
09-02 19:32:24.365 28448 28448 W ResourceType: For resource 0x7f1503b3, entry index(947) is beyond type entryCount(281)
09-02 19:32:24.365 28448 28448 W ResourceType: For resource 0x7f150349, entry index(841) is beyond type entryCount(281)
09-02 19:32:24.366 28448 28448 W ResourceType: For resource 0x7f150241, entry index(577) is beyond type entryCount(281)
09-02 19:32:24.371 28448 28448 W ResourceType: For resource 0x7f15050e, entry index(1294) is beyond type entryCount(281)
09-02 19:32:24.371 28448 28448 W ResourceType: For resource 0x7f15061f, entry index(1567) is beyond type entryCount(281)
09-02 19:32:24.371 28448 28448 W ResourceType: For resource 0x7f15061f, entry index(1567) is beyond type entryCount(281)
09-02 19:32:24.371 28448 28448 W ResourceType: For resource 0x7f15058c, entry index(1420) is beyond type entryCount(281)
09-02 19:32:24.371 28448 28448 W ResourceType: For resource 0x7f150590, entry index(1424) is beyond type entryCount(281)
09-02 19:32:24.371 28448 28448 W ResourceType: For resource 0x7f15058e, entry index(1422) is beyond type entryCount(281)
09-02 19:32:24.371 28448 28448 W ResourceType: For resource 0x7f1504c3, entry index(1219) is beyond type entryCount(281)
09-02 19:32:24.371 28448 28448 W ResourceType: For resource 0x7f15059e, entry index(1438) is beyond type entryCount(281)
09-02 19:32:24.371 28448 28448 W ResourceType: For resource 0x7f150282, entry index(642) is beyond type entryCount(281)
09-02 19:32:24.371 28448 28448 W ResourceType: For resource 0x7f1504c3, entry index(1219) is beyond type entryCount(281)
09-02 19:32:24.371 28448 28448 W ResourceType: For resource 0x7f150719, entry index(1817) is beyond type entryCount(281)
09-02 19:32:24.371 28448 28448 W ResourceType: For resource 0x7f150578, entry index(1400) is beyond type entryCount(281)
09-02 19:32:24.371 28448 28448 W ResourceType: For resource 0x7f150284, entry index(644) is beyond type entryCount(281)
09-02 19:32:24.371 28448 28448 W ResourceType: For resource 0x7f150579, entry index(1401) is beyond type entryCount(281)
09-02 19:32:24.371 28448 28448 W ResourceType: For resource 0x7f1505e7, entry index(1511) is beyond type entryCount(281)
09-02 19:32:24.371 28448 28448 W ResourceType: For resource 0x7f15071e, entry index(1822) is beyond type entryCount(281)
09-02 19:32:24.371 28448 28448 I chatty  : uid=10158(u0_a158) identical 2 lines
09-02 19:32:24.371 28448 28448 W ResourceType: For resource 0x7f15071e, entry index(1822) is beyond type entryCount(281)
09-02 19:32:24.371 28448 28448 W ResourceType: For resource 0x7f150580, entry index(1408) is beyond type entryCount(281)
09-02 19:32:24.371 28448 28448 W ResourceType: For resource 0x7f15071e, entry index(1822) is beyond type entryCount(281)
09-02 19:32:24.371 28448 28448 W ResourceType: For resource 0x7f15017b, entry index(379) is beyond type entryCount(281)
09-02 19:32:24.371 28448 28448 W ResourceType: For resource 0x7f150283, entry index(643) is beyond type entryCount(281)
09-02 19:32:24.371 28448 28448 W ResourceType: For resource 0x7f1505a2, entry index(1442) is beyond type entryCount(281)
09-02 19:32:24.371 28448 28448 W ResourceType: For resource 0x7f1506f4, entry index(1780) is beyond type entryCount(281)
09-02 19:32:24.371 28448 28448 W ResourceType: For resource 0x7f150588, entry index(1416) is beyond type entryCount(281)
09-02 19:32:24.371 28448 28448 W ResourceType: For resource 0x7f15059f, entry index(1439) is beyond type entryCount(281)
09-02 19:32:24.371 28448 28448 W ResourceType: For resource 0x7f150649, entry index(1609) is beyond type entryCount(281)
09-02 19:32:24.371 28448 28448 W ResourceType: For resource 0x7f150442, entry index(1090) is beyond type entryCount(281)
09-02 19:32:24.371 28448 28448 W ResourceType: For resource 0x7f150718, entry index(1816) is beyond type entryCount(281)
09-02 19:32:24.371 28448 28448 W ResourceType: For resource 0x7f15017c, entry index(380) is beyond type entryCount(281)
09-02 19:32:24.371 28448 28448 W ResourceType: For resource 0x7f15059d, entry index(1437) is beyond type entryCount(281)
09-02 19:32:24.371 28448 28448 W ResourceType: For resource 0x7f15020a, entry index(522) is beyond type entryCount(281)
09-02 19:32:24.371 28448 28448 W ResourceType: For resource 0x7f150586, entry index(1414) is beyond type entryCount(281)
09-02 19:32:24.371 28448 28448 W ResourceType: For resource 0x7f15071c, entry index(1820) is beyond type entryCount(281)
09-02 19:32:24.371 28448 28448 W ResourceType: For resource 0x7f1502af, entry index(687) is beyond type entryCount(281)
09-02 19:32:24.371 28448 28448 W ResourceType: For resource 0x7f150274, entry index(628) is beyond type entryCount(281)
09-02 19:32:24.371 28448 28448 W ResourceType: For resource 0x7f150244, entry index(580) is beyond type entryCount(281)
09-02 19:32:24.371 28448 28448 W ResourceType: For resource 0x7f150274, entry index(628) is beyond type entryCount(281)
09-02 19:32:24.371 28448 28448 W ResourceType: For resource 0x7f150372, entry index(882) is beyond type entryCount(281)
09-02 19:32:24.371 28448 28448 W ResourceType: For resource 0x7f15035b, entry index(859) is beyond type entryCount(281)
09-02 19:32:24.371 28448 28448 W ResourceType: For resource 0x7f15035c, entry index(860) is beyond type entryCount(281)
09-02 19:32:24.371 28448 28448 W ResourceType: For resource 0x7f1502ad, entry index(685) is beyond type entryCount(281)
09-02 19:32:24.371 28448 28448 W ResourceType: For resource 0x7f150565, entry index(1381) is beyond type entryCount(281)
09-02 19:32:24.371 28448 28448 W ResourceType: For resource 0x7f150567, entry index(1383) is beyond type entryCount(281)
09-02 19:32:24.372 28448 28448 W ResourceType: For resource 0x7f150241, entry index(577) is beyond type entryCount(281)
09-02 19:32:24.372 28448 28448 I chatty  : uid=10158(u0_a158) identical 3 lines
09-02 19:32:24.374 28448 28448 W ResourceType: For resource 0x7f150241, entry index(577) is beyond type entryCount(281)
09-02 19:32:24.375 28448 28448 W ResourceType: For resource 0x7f150728, entry index(1832) is beyond type entryCount(281)
09-02 19:32:24.375 28448 28448 W ResourceType: For resource 0x7f150728, entry index(1832) is beyond type entryCount(281)
09-02 19:32:24.375 28448 28448 W ResourceType: For resource 0x7f1505b4, entry index(1460) is beyond type entryCount(281)
09-02 19:32:24.375 28448 28448 W ResourceType: For resource 0x7f150138, entry index(312) is beyond type entryCount(281)
09-02 19:32:24.375 28448 28448 W ResourceType: For resource 0x7f150728, entry index(1832) is beyond type entryCount(281)
09-02 19:32:24.375 28448 28448 I chatty  : uid=10158(u0_a158) identical 4 lines
09-02 19:32:24.375 28448 28448 W ResourceType: For resource 0x7f150728, entry index(1832) is beyond type entryCount(281)
09-02 19:32:24.383 28448 28448 W ResourceType: For resource 0x7f1504e5, entry index(1253) is beyond type entryCount(281)
09-02 19:32:24.384 28448 28448 I chatty  : uid=10158(u0_a158) identical 2 lines
09-02 19:32:24.384 28448 28448 W ResourceType: For resource 0x7f1504e5, entry index(1253) is beyond type entryCount(281)
09-02 19:32:24.402 28448 28453 I zygote  : Do partial code cache collection, code=48KB, data=52KB
09-02 19:32:24.402 28448 28453 I zygote  : After code cache collection, code=48KB, data=52KB
09-02 19:32:24.402 28448 28453 I zygote  : Increasing code cache capacity to 256KB
09-02 19:32:24.409  3979  5976 D ConnectivityService: filterNetworkStateForUid() uid: 10158 networkInfo: [type: WIFI[] - WIFI, state: CONNECTED/CONNECTED, reason: (unspecified), extra: "WiFi 69", failover: false, available: true, roaming: false, metered: false]
09-02 19:32:24.411  3979  4323 I OpenGLRenderer: Initialized EGL, version 1.4
09-02 19:32:24.411  3979  4323 D OpenGLRenderer: Swap behavior 2
09-02 19:32:24.414 28448 28448 D ConnectivityManager: requestNetwork; CallingUid : 10158, CallingPid : 28448
09-02 19:32:24.416  3979  5976 D ConnectivityService: listenForNetwork for uid/pid:10158/28448 NetworkRequest [ LISTEN id=1317, [ Capabilities: INTERNET&NOT_RESTRICTED&TRUSTED&FOREGROUND] ]
09-02 19:32:24.416  3979  4180 D ConnectivityService: rematching NetworkAgentInfo [WIFI () - 502]
09-02 19:32:24.416  3979  4180 D ConnectivityService:  network has: [ Transports: WIFI Capabilities: NOT_METERED&INTERNET&NOT_RESTRICTED&TRUSTED&NOT_VPN&VALIDATED&FOREGROUND LinkUpBandwidth>=1048576Kbps LinkDnBandwidth>=1048576Kbps SignalStrength: -55]
09-02 19:32:24.416  3979  4180 D ConnectivityService: Network NetworkAgentInfo [WIFI () - 502] was already satisfying request 3. No change.
09-02 19:32:24.416  3979  4180 D ConnectivityService: Network NetworkAgentInfo [WIFI () - 502] was already satisfying request 1. No change.
09-02 19:32:24.416  3979  4180 D ConnectivityService: Network NetworkAgentInfo [WIFI () - 502] was already satisfying request 140. No change.
09-02 19:32:24.416  3979  4180 D ConnectivityService: Network NetworkAgentInfo [WIFI () - 502] was already satisfying request 1255. No change.
09-02 19:32:24.417  3979  4180 D ConnectivityService: sending notification AVAILABLE for NetworkRequest [ LISTEN id=1317, [ Capabilities: INTERNET&NOT_RESTRICTED&TRUSTED&FOREGROUND] ]
09-02 19:32:24.417  3979  4180 D ConnectivityService: sending notification CAP_CHANGED for NetworkRequest [ LISTEN id=1317, [ Capabilities: INTERNET&NOT_RESTRICTED&TRUSTED&FOREGROUND] ]
09-02 19:32:24.417  3979  4180 D ConnectivityService: sending notification IP_CHANGED for NetworkRequest [ LISTEN id=1317, [ Capabilities: INTERNET&NOT_RESTRICTED&TRUSTED&FOREGROUND] ]
09-02 19:32:24.417  3979  5976 D ConnectivityService: filterNetworkStateForUid() uid: 10158 networkInfo: [type: WIFI[] - WIFI, state: CONNECTED/CONNECTED, reason: (unspecified), extra: "WiFi 69", failover: false, available: true, roaming: false, metered: false]
