09-02 16:47:39.429  5213  5302 D Notification.Badge: notificationKey : 0|com.facebook.katana|0|stale_notifications|10102, count : 0, this.count : 1
09-02 16:47:39.429  5213  5302 D Notification.Badge: notificationKey : 0|com.facebook.katana|0|stale_notifications|10102, count : 1, mTotalCount : 1
09-02 16:47:39.429  5213  5302 D Notification.Badge: notificationKey : 0|com.android.vending|-2073578647|null|10044, count : 0, this.count : 1
09-02 16:47:39.429  5213  5302 D Notification.Badge: notificationKey : 0|com.android.vending|-2073578647|null|10044, count : 1, mTotalCount : 1
09-02 16:47:39.429  5213  5302 D Notification.Badge: notificationKey : 0|com.android.vending|-555892737|null|10044, count : 0, this.count : 1
09-02 16:47:39.429  5213  5302 D Notification.Badge: notificationKey : 0|com.android.vending|-555892737|null|10044, count : 1, mTotalCount : 2
09-02 16:47:39.429  5213  5302 D Notification.Badge: notificationKey : 0|com.android.vending|-234430262|null|10044, count : 13, this.count : 13
09-02 16:47:39.429  5213  5302 D Notification.Badge: notificationKey : 0|com.android.vending|-234430262|null|10044, count : 13, mTotalCount : 15
09-02 16:47:39.429  5213  5302 D Notification.Badge: LauncherModel:onNotificationFullRefresh() not need to update, updatedBadges.remove[com.facebook.katana], count : [1]
09-02 16:47:39.429  5213  5302 D Notification.Badge: LauncherModel:onNotificationFullRefresh() not need to update, updatedBadges.remove[com.android.vending], count : [15]
09-02 16:47:39.431  3979  5976 D InputDispatcher: Focus entered window: 5213
09-02 16:47:39.432  3979  4545 D WindowManager: adjustSystemUiVisibilityLw : vis= 0x708
09-02 16:47:39.432  5213  5213 V Surface : sf_framedrop debug : 0x4f4c, game : false, logging : 0
09-02 16:47:39.433  5213  5213 D ViewRootImpl@8c524b3[LauncherActivity]: Relayout returned: old=[0,0][720,1280] new=[0,0][720,1280] result=0x7 surface={valid=true 535746457600} changed=true
09-02 16:47:39.433  3979  4004 W ActivityManager: setHasOverlayUi called on unknown pid: 21477
09-02 16:47:39.437  5213  5479 D mali_winsys: EGLint new_window_surface(egl_winsys_display *, void *, EGLSurface, EGLConfig, egl_winsys_surface **, egl_color_buffer_format *, EGLBoolean) returns 0x3000,  [720x1280]-format:1
09-02 16:47:39.437  5213  5479 D OpenGLRenderer: eglCreateWindowSurface = 0x7cc2065540
09-02 16:47:39.437  5213  5213 D AppsAdapter: notifyUpdate start : com.android.launcher3.Launcher@110cd72
09-02 16:47:39.437  5213  5213 D AppsCustomAdapter: no change items
09-02 16:47:39.438  5213  5213 D AppsAdapter: notifyUpdate end : com.android.launcher3.Launcher@110cd72
09-02 16:47:39.438  5213  5213 D ViewRootImpl@8c524b3[LauncherActivity]: MSG_WINDOW_FOCUS_CHANGED 1
09-02 16:47:39.440  5213  5213 V InputMethodManager: Starting input: tba=android.view.inputmethod.EditorInfo@f13ad4f nm : com.sec.android.app.launcher ic=null
09-02 16:47:39.440  5213  5213 I InputMethodManager: startInputInner - mService.startInputOrWindowGainedFocus
09-02 16:47:39.440  3979  4545 D InputMethodManagerService: startInputOrWindowGainedFocus : windowGainedFocus 
09-02 16:47:39.440  3979  4545 D InputMethodManagerService: windowGainedFocus: destinationUserId (getCallingUid) = 0
09-02 16:47:39.440  3979  4545 D InputMethodManagerService: windowGainedFocus: currentUserId=0
09-02 16:47:39.440  3979  4545 D InputMethodManagerService: windowGainedFocus: mCurrentFocusedUserId=0
09-02 16:47:39.440  3979  4545 D InputMethodManagerService: windowGainedFocus : lock - currentUserId = 0 destinationUserId = 0
09-02 16:47:39.440  3979  4545 D InputMethodManagerService: windowGainedFocus : mCurrentFocusedUserId - 0 and mSecureKeypadEnabled - false, userSwitched - false
09-02 16:47:39.441  3979  4545 V InputMethodManagerService: windowGainedFocus : reason=WINDOW_FOCUS_GAIN client=android.os.BinderProxy@85bf16e inputContext=null missingMethods= attribute=android.view.inputmethod.EditorInfo@8adba3a nm = com.sec.android.app.launcher controlFlags=#104 softInputMode=#130 windowFlags=#81910d00
09-02 16:47:39.441  3979  4545 V InputMethodManagerService: hideCurrentInputLocked : shouldHideSoftInput is false
09-02 16:47:39.441  3979  4545 D InputMethodManagerService: setCurrentInputInfo - inputContext : null eidtorInfo : android.view.inputmethod.EditorInfo@8adba3a missingMethods : 0
09-02 16:47:39.441  4336  4336 I InputMethodWrapper:  call dispatchStartInputWithToken
09-02 16:47:39.441  4336  4336 I InputMethodService: dispatchStartInputWithToken
09-02 16:47:39.442  4336  4336 I SKBD    : SamsungKeypad [IMI] onStartInput - caller pid : 21477, caller uid : 10157
09-02 16:47:39.444  5213  5213 D DragLayer: DragLayer dispatchDraw, mIsNaviBarPositionChanged = false, mWillOrientationChange = false
09-02 16:47:39.452  3979  4545 V WindowManager: finishDrawingLocked: mDrawState=COMMIT_DRAW_PENDING Window{7215288 u0 com.sec.android.app.launcher/com.sec.android.app.launcher.activities.LauncherActivity} in Surface(name=com.sec.android.app.launcher/com.sec.android.app.launcher.activities.LauncherActivity)
09-02 16:47:39.453  4349  4368 D WallpaperService: dispatchAppVisibility onVisibilityChanged(): true
09-02 16:47:39.454  4349  4349 D WallpaperService: updateSurface forceRelayout=false redrawNeeded=false myWidth=1280 myHeight=1280 fixedSize=true x = 0 y = 0 mWidth=1280 mHeight=1280 mIsSleepMode=false
09-02 16:47:39.454  4349  4349 D ImageWallpaper: onVisibilityChanged: mVisible, visible=false, true
09-02 16:47:39.454  4349  4349 D ImageWallpaper: Visibility changed to visible=true
09-02 16:47:39.455  4349  4349 D ImageWallpaper: newRotation : 0,mLastRotation : 0
09-02 16:47:39.455  4349  4349 D ImageWallpaper: drawFrame:[frame.width()]1280[frame.height()]1280
09-02 16:47:39.455  4349  4349 D ImageWallpaper: surfaceDimensionsChanged=false mDisplayWidth=720 mDisplayHeight=1280
09-02 16:47:39.455  4349  4349 D ImageWallpaper: redrawNeeded = false, mOffsetsChanged = false
09-02 16:47:39.455  4349  4349 D ImageWallpaper: Suppressed drawFrame since redraw is not needed and offsets have not changed.
09-02 16:47:39.455  4349  4349 D WallpaperService: reportVisibility onVisibilityChanged visible: true
09-02 16:47:39.455  3979  4046 D SamsungAnimationCreator: createAnimation type:CHNLowEnd transit:13 enter:false wallpaperXoffset:-280 split:false fixedOri:false
09-02 16:47:39.455  3979  4046 D SamsungAnimationCreator: createAnimation displayFrame:Rect(0, 0 - 720, 1280) frame:null insets:null
09-02 16:47:39.457  4349  4349 D WallpaperService: updateSurface forceRelayout=true redrawNeeded=false myWidth=1280 myHeight=1280 fixedSize=true x = 0 y = 0 mWidth=1280 mHeight=1280 mIsSleepMode=false
09-02 16:47:39.460  3979  4637 V WindowManager: Relayout Window{80ee464 u0 com.android.systemui.ImageWallpaper}: viewVisibility=0 req=1280x1280 WM.LayoutParams{(0,0)(1280x1280) gr=#800033 ty=2013 fl=#10318 fmt=2 wanim=0x103030e colorMode=0 naviIconColor=0}
09-02 16:47:39.464  4349  4349 D ImageWallpaper: onOffsetsChanged: xOffset=0.0, yOffset=0.0, xOffsetStep=0.0, yOffsetStep=0.0, xPixels=0, yPixels=0
09-02 16:47:39.464  4349  4349 D ImageWallpaper: newRotation : 0,mLastRotation : 0
09-02 16:47:39.464  4349  4349 D ImageWallpaper: drawFrame:[frame.width()]1280[frame.height()]1280
09-02 16:47:39.465  4349  4349 D ImageWallpaper: surfaceDimensionsChanged=false mDisplayWidth=720 mDisplayHeight=1280
09-02 16:47:39.465  4349  4349 D ImageWallpaper: redrawNeeded = false, mOffsetsChanged = false
09-02 16:47:39.465  4349  4349 D ImageWallpaper: Suppressed drawFrame since redraw is not needed and offsets have not changed.
09-02 16:47:39.473 14031 14031 E adbd    : recv: OPEN 00023919 00000000 003e:73 68 65 6C 6C 2C 76 32 2C 54 45 52 4D 3D 78 74 65 72 6D 2D 32 35 36 63 6F 6C 6F 72 2C 72 61 77 3A 67 65 74 70 72 6F 70 20 72 6F 2E 62 75 69 6C 64 2E 76 65 72 73 69 6F 6E 2E 73 64 6B 00 
09-02 16:47:39.473 14031 14031 E adbd    : service_to_fd: shell,v2,TERM=xterm-256color,raw:getprop ro.build.version.sdk
09-02 16:47:39.478  4349  4728 D SystemServicesProxy: updateOverviewLastStackActiveTimeAsync: newTime=1693559943942
09-02 16:47:39.479  3979  4545 D SecContentProvider: query(), uri = 17 selection = isSettingsChangesAllowed
09-02 16:47:39.479  3979  4545 D SecContentProvider: called from android.uid.systemui:10009
09-02 16:47:39.480  4349  4561 D SystemServicesProxy: updateOverviewLastStackActiveTimeAsync: done.
09-02 16:47:39.481  3462  3462 I SurfaceFlinger: Display 0 HWC layers:
09-02 16:47:39.481  3462  3462 I SurfaceFlinger:     type    |    handle    | flag |  format   |   source crop (l,t,r,b)    |         frame       | name 
09-02 16:47:39.481  3462  3462 I SurfaceFlinger: ------------+--------------+------+-----------+----------------------------+---------------------+------
09-02 16:47:39.481  3462  3462 I SurfaceFlinger:      Device | 0x7abe64af00 | 0002 | RGBx_8888 | 280.0    0.0 1000.0 1280.0 |    0    0  720 1280 | com.android.systemui.ImageWallpaper#0
09-02 16:47:39.481  3462  3462 I SurfaceFlinger:      Device | 0x7ac4c24780 | 0000 | RGBA_8888 | 120.0  213.0  601.0 1068.0 |    1    1  720 1280 | com.sec.android.app.launcher/com.sec[...]uncher.activities.LauncherActivity#0
09-02 16:47:39.481  3462  3462 I SurfaceFlinger:      Device | 0x7ac4c24240 | 0000 | RGBA_8888 |   0.0    0.0  720.0   42.0 |    0    0  720   42 | StatusBar#0
09-02 16:47:39.481  3462  3462 I SurfaceFlinger: 
09-02 16:47:39.481  3979  4545 D PackageManager: getComponentMetadataForIconTray : com.example.batterymanager_utility.MainActivity does not exist in mServices
09-02 16:47:39.482  3979  4545 D PackageManager: getComponentMetadataForIconTray : com.example.batterymanager_utility.MainActivity does not exist in mProviders
09-02 16:47:39.482  3979  4545 D PackageManager: getComponentMetadataForIconTray : com.example.batterymanager_utility.MainActivity does not exist in mReceivers
09-02 16:47:39.482  4349  4728 D ApplicationPackageManager: updateItemMetaDataForFixedIconScale: package: com.example.batterymanager_utility
09-02 16:47:39.482  3979  4545 D PackageManager: getSelectedMetaData : packageName(com.example.batterymanager_utility) or Metadata strings {[Ljava.lang.String;@ced6ae1}
09-02 16:47:39.483  4349  4728 I ApplicationPackageManager: load=com.example.batterymanager_utility, bg=144-144, dr=189-189, forDefault=true, density=0
09-02 16:47:39.486  4349  4728 I ApplicationPackageManager: scaled rate=0.72, size=189, alpha=54, hold=102
09-02 16:47:39.486  4349  4728 D ApplicationPackageManager: iconScale: getScale(): 0.72 getAlpha(): 54
09-02 16:47:39.487  4349  4728 I ApplicationPackageManager: load=com.example.batterymanager_utility-contain, bg=112-112, dr=189-189
09-02 16:47:39.537  3979  4111 D MdnieScenarioControlService:  packageName : com.sec.android.app.launcher    className : com.sec.android.app.launcher.activities.LauncherActivity
09-02 16:47:39.537  3979  4111 V MdnieScenarioControlService: setUIMode from UI function(3)
09-02 16:47:39.884  3979  3979 D CustomFrequencyManagerService: releaseDVFSLockLocked : Getting Lock type frm List : DVFS_MIN_LIMIT  frequency : 1560000  uid : 1000  pid : 3979  tag : AMS_APP_HOME@CPU_MIN@59
09-02 16:47:39.963  5213  5479 W OpenGLRenderer: Incorrectly called buildLayer on View: WorkspaceCellLayoutChildren, destroying layer...
09-02 16:47:39.963  5213  5479 W OpenGLRenderer: Incorrectly called buildLayer on View: WorkspaceCellLayoutChildren, destroying layer...
09-02 16:47:40.074  3449  3449 I android.hardware.wifi@1.0-service: getLinkLayerStats
09-02 16:47:40.149  3979  4051 D SensorService: [SO] 0.057 -0.407 9.840
09-02 16:47:40.185  3979  4545 D ConnectivityService: filterNetworkStateForUid() uid: 10102 networkInfo: [type: WIFI[] - WIFI, state: CONNECTED/CONNECTED, reason: (unspecified), extra: "WiFi 69", failover: false, available: true, roaming: false, metered: false]
09-02 16:47:40.193  7881  7881 W fb4a.MobileConfigFactoryImpl: SESSIONLESS factory used for 2 param
09-02 16:47:40.196  7881  7881 E fb4a.Execution: Redirecting MSYS Execution scheduling from the UI thread to a custom executor
09-02 16:47:40.199  3614  3927 D DnsProxyListener: DNSDBG::dns addrinfo af 2
09-02 16:47:40.306  7881 21834 D omnistore_android_logger: DebouncingRateLimiter attempting event SyncProtocol::onConnectionEstablished
09-02 16:47:40.307  7881 21834 D omnistore_android_logger: AlarmManager::startAlarmTimer for key=SyncProtocol::onConnectionEstablished, it will NOT wake up main thread to reschedule
09-02 16:47:40.307  7881 21834 W omnistore_android_logger: Event SyncProtocol::onConnectionEstablished rate limited for 1474 ms
09-02 16:47:40.308  7881  7881 W fb4a.MobileConfigFactoryImpl: SESSIONLESS factory used for 2 param
09-02 16:47:40.310  7881  7881 E fb4a.Execution: Redirecting MSYS Execution scheduling from the UI thread to a custom executor
09-02 16:47:40.341  7881  4231 E fb4a.msys: E[N MQTT]readEOF(124)=>TCPStreamTransport readEOF
09-02 16:47:40.341  7881  4231 E fb4a.msys: E[N MQTT]onEOF(699)=>LigerBasedStreamTransport onEOF
09-02 16:47:40.343  7881 20762 E fb4a.FBMsysMqttClientCallbacks: onPublish, onFailure, msgId = 1886, error = 2003
09-02 16:47:40.344  7881 20762 E fb4a.FBMsysMqttClientCallbacks: onPublish, onFailure, msgId = 1885, error = 2003
09-02 16:47:40.345  7881 20762 E fb4a.FBMsysMqttClientCallbacks: onPublish, onFailure, msgId = 1884, error = 2003
09-02 16:47:40.348  7881  4225 E fb4a.msys: E[N rtchannel]_rt_mqtt_publish_callback(430)=>Failed to publish the request over MQTT (possible duplicate log). token:835a257a-75d1-4de5-b48f-03854a40da75, category:mcd-sync-data-task-category, requestId:41941, error:Error Domain=mqtt Code=2003 UserInfo=0xc81ec200 {MCFErrorDirectLocalizedFailureReasonKey=2003, MCFErrorDirectDescriptionKey=2003}
09-02 16:47:40.350  3979  4545 D ConnectivityService: filterNetworkStateForUid() uid: 10102 networkInfo: [type: WIFI[] - WIFI, state: CONNECTED/CONNECTED, reason: (unspecified), extra: "WiFi 69", failover: false, available: true, roaming: false, metered: false]
09-02 16:47:40.353  7881  7881 W fb4a.MobileConfigFactoryImpl: SESSIONLESS factory used for 2 param
09-02 16:47:40.354  7881  7881 E fb4a.Execution: Redirecting MSYS Execution scheduling from the UI thread to a custom executor
09-02 16:47:40.394  7881  4225 E fb4a.msys: E[N data-request]_HandleDataResponse(1782)=>Data request error for task 1510962f-a353-4d16-adf5-c378a5557682 (response type 1): (null)
09-02 16:47:40.397  7881  4229 E fb4a.msys: E[S sync]_createResponseError(195)=>Network Response 835a257a-75d1-4de5-b48f-03854a40da75 contains sync error Error Domain=mqtt Code=2003 UserInfo=0xc81ec200 {MCFErrorDirectLocalizedFailureReasonKey=2003, MCFErrorDirectDescriptionKey=2003} - Underlying error (null): Error Domain=mqtt Code=2003 UserInfo=0xc81ec200 {MCFErrorDirectLocalizedFailureReasonKey=2003, MCFErrorDirectDescriptionKey=2003}
09-02 16:47:40.399  7881 21836 E fb4a.T157805820: TigonMhrLogger::logRequestIfNeeded
09-02 16:47:40.399  7881 21836 E fb4a.T157805820: TigonWifiInfoLogger::init
09-02 16:47:40.399  7881 21836 E fb4a.T157805820: TigonMhrFbcLogger::logRequestIfNeeded
09-02 16:47:40.399  7881 21836 E fb4a.T157805820: TigonCellTowerInfoLogger::logRequestIfNeeded
09-02 16:47:40.399  7881 21836 E fb4a.T157805820: TigonCertificateVerificationLogger::logRequestIfNeeded
09-02 16:47:40.399  7881 21836 E fb4a.T157805820: TigonTransientAnalysisLogger::logRequestIfNeeded
09-02 16:47:40.399  7881 21836 E fb4a.T157805820: TigonProviderConnectionDeviceInfoLogger::logRequestIfNeeded
09-02 16:47:40.399  7881 21836 E fb4a.T157805820: TigonCellTowerInfoPapayaLogger::logRequestIfNeeded
09-02 16:47:40.399  7881 21836 E fb4a.T157805820: NetworkUtilisationLogger::logRequestIfNeeded
09-02 16:47:40.407  7881 21836 E fb4a.T157805820: TigonMhrLogger::logRequestIfNeeded
09-02 16:47:40.407  7881 21836 E fb4a.T157805820: TigonWifiInfoLogger::init
09-02 16:47:40.407  7881  4225 E fb4a.msys: E[N data-request]_HandleDataResponse(1782)=>Data request error for task 277713b8-82ef-403e-849e-290eeb4358dc (response type 1): (null)
09-02 16:47:40.407  7881  4229 E fb4a.msys: E[S sync]_createResponseError(195)=>Network Response fd50f41f-708d-4b74-82fa-beee33ca91ed contains sync error Error Domain=mqtt Code=2002 - Underlying error (null): Error Domain=mqtt Code=2002
09-02 16:47:40.407  7881 21836 E fb4a.T157805820: TigonMhrFbcLogger::logRequestIfNeeded
09-02 16:47:40.407  7881 21836 E fb4a.T157805820: TigonCellTowerInfoLogger::logRequestIfNeeded
09-02 16:47:40.408  7881 21836 E fb4a.T157805820: TigonCertificateVerificationLogger::logRequestIfNeeded
09-02 16:47:40.408  7881 21836 E fb4a.T157805820: TigonTransientAnalysisLogger::logRequestIfNeeded
09-02 16:47:40.408  7881 21836 E fb4a.T157805820: TigonProviderConnectionDeviceInfoLogger::logRequestIfNeeded
09-02 16:47:40.408  7881 21836 E fb4a.T157805820: TigonCellTowerInfoPapayaLogger::logRequestIfNeeded
09-02 16:47:40.408  7881 21836 E fb4a.T157805820: NetworkUtilisationLogger::logRequestIfNeeded
09-02 16:47:40.417  7881  4229 E fb4a.msys: E[S sync]_createResponseError(195)=>Network Response 1510962f-a353-4d16-adf5-c378a5557682 contains sync error Error Domain=com.facebook.http.error Code=401 UserInfo=0xbad48100 {MCFErrorDirectLocalizedDescriptionKey=Client error} - Underlying error (null): Error Domain=com.facebook.http.error Code=401 UserInfo=0xbad48100 {MCFErrorDirectLocalizedDescriptionKey=Client error}
09-02 16:47:40.427  7881  4229 E fb4a.msys: E[S sync]_createResponseError(195)=>Network Response 277713b8-82ef-403e-849e-290eeb4358dc contains sync error Error Domain=com.facebook.http.error Code=401 UserInfo=0xb58fa600 {MCFErrorDirectLocalizedDescriptionKey=Client error} - Underlying error (null): Error Domain=com.facebook.http.error Code=401 UserInfo=0xb58fa600 {MCFErrorDirectLocalizedDescriptionKey=Client error}
09-02 16:47:40.431  7881  8242 E fb4a.T157805820: TigonMhrLogger::logRequestIfNeeded
09-02 16:47:40.431  7881  8242 E fb4a.T157805820: TigonWifiInfoLogger::init
09-02 16:47:40.431  7881  8242 E fb4a.T157805820: TigonMhrFbcLogger::logRequestIfNeeded
09-02 16:47:40.433  7881  8242 E fb4a.T157805820: TigonCellTowerInfoLogger::logRequestIfNeeded
09-02 16:47:40.433  7881  8242 E fb4a.T157805820: TigonCertificateVerificationLogger::logRequestIfNeeded
09-02 16:47:40.433  7881  8242 E fb4a.T157805820: TigonTransientAnalysisLogger::logRequestIfNeeded
09-02 16:47:40.433  7881  8242 E fb4a.T157805820: TigonProviderConnectionDeviceInfoLogger::logRequestIfNeeded
09-02 16:47:40.439  7881  8242 E fb4a.T157805820: TigonCellTowerInfoPapayaLogger::logRequestIfNeeded
09-02 16:47:40.439  7881  8242 E fb4a.T157805820: NetworkUtilisationLogger::logRequestIfNeeded
09-02 16:47:40.472  7881  4225 E fb4a.msys: E[N data-request]_HandleDataResponse(1782)=>Data request error for task 12f3f8fd-ff2e-48ec-8e0f-70b643e97fca (response type 1): (null)
09-02 16:47:40.473  7881 21835 E fb4a.T157805820: TigonMhrLogger::logRequestIfNeeded
09-02 16:47:40.473  7881 21835 E fb4a.T157805820: TigonWifiInfoLogger::init
09-02 16:47:40.474  7881  4229 E fb4a.msys: E[S task_queue_handling]MCDLightSpeedTaskExecutorNetworkCompletionCallback(1017)=>Handling send error for taskId=6 batchSize=1 queue=secure_message_over_wa_generate_cat
09-02 16:47:40.474  7881  4229 E fb4a.msys: E[S task_queue_handling]MCDLightSpeedTaskExecutorNetworkCompletionCallback(1071)=>Error content with 18 bytes: Error Domain=com.facebook.http.error Code=401 UserInfo=0xc7b4cd00 {MCFErrorDirectLocalizedDescriptionKey=Client error}
09-02 16:47:40.475  7881 21835 E fb4a.T157805820: TigonMhrFbcLogger::logRequestIfNeeded
09-02 16:47:40.476  7881 21835 E fb4a.T157805820: TigonCellTowerInfoLogger::logRequestIfNeeded
09-02 16:47:40.476  7881 21835 E fb4a.T157805820: TigonCertificateVerificationLogger::logRequestIfNeeded
09-02 16:47:40.476  7881 21835 E fb4a.T157805820: TigonTransientAnalysisLogger::logRequestIfNeeded
09-02 16:47:40.476  7881 21835 E fb4a.T157805820: TigonProviderConnectionDeviceInfoLogger::logRequestIfNeeded
09-02 16:47:40.477  7881 21835 E fb4a.T157805820: TigonCellTowerInfoPapayaLogger::logRequestIfNeeded
09-02 16:47:40.477  7881 21835 E fb4a.T157805820: NetworkUtilisationLogger::logRequestIfNeeded
09-02 16:47:40.477  7881  4225 E fb4a.msys: E[N data-request]_HandleDataResponse(1782)=>Data request error for task 31258e46-47ee-4a70-bf46-ca34835680f6 (response type 1): (null)
09-02 16:47:40.478  7881 21368 E fb4a.T157805820: TigonMhrLogger::logRequestIfNeeded
09-02 16:47:40.478  7881 21368 E fb4a.T157805820: TigonWifiInfoLogger::init
09-02 16:47:40.479  7881 21368 E fb4a.T157805820: TigonMhrFbcLogger::logRequestIfNeeded
09-02 16:47:40.479  7881 21368 E fb4a.T157805820: TigonCellTowerInfoLogger::logRequestIfNeeded
09-02 16:47:40.479  7881 21368 E fb4a.T157805820: TigonCertificateVerificationLogger::logRequestIfNeeded
09-02 16:47:40.479  7881 21368 E fb4a.T157805820: TigonTransientAnalysisLogger::logRequestIfNeeded
09-02 16:47:40.479  7881 21368 E fb4a.T157805820: TigonProviderConnectionDeviceInfoLogger::logRequestIfNeeded
09-02 16:47:40.479  7881 21368 E fb4a.T157805820: TigonCellTowerInfoPapayaLogger::logRequestIfNeeded
09-02 16:47:40.479  7881 21368 E fb4a.T157805820: NetworkUtilisationLogger::logRequestIfNeeded
09-02 16:47:40.488  7881  4229 E fb4a.msys: E[S sync]_createResponseError(195)=>Network Response 31258e46-47ee-4a70-bf46-ca34835680f6 contains sync error Error Domain=com.facebook.http.error Code=401 UserInfo=0xb591d900 {MCFErrorDirectLocalizedDescriptionKey=Client error} - Underlying error (null): Error Domain=com.facebook.http.error Code=401 UserInfo=0xb591d900 {MCFErrorDirectLocalizedDescriptionKey=Client error}
09-02 16:47:40.490  7881 21834 E fb4a.T157805820: TigonMhrLogger::logRequestIfNeeded
09-02 16:47:40.491  7881 21834 E fb4a.T157805820: TigonWifiInfoLogger::init
09-02 16:47:40.491  7881 21834 E fb4a.T157805820: TigonMhrFbcLogger::logRequestIfNeeded
09-02 16:47:40.491  7881 21834 E fb4a.T157805820: TigonCellTowerInfoLogger::logRequestIfNeeded
09-02 16:47:40.491  7881 21834 E fb4a.T157805820: TigonCertificateVerificationLogger::logRequestIfNeeded
09-02 16:47:40.491  7881 21834 E fb4a.T157805820: TigonTransientAnalysisLogger::logRequestIfNeeded
09-02 16:47:40.491  7881 21834 E fb4a.T157805820: TigonProviderConnectionDeviceInfoLogger::logRequestIfNeeded
09-02 16:47:40.492  7881 21834 E fb4a.T157805820: TigonCellTowerInfoPapayaLogger::logRequestIfNeeded
09-02 16:47:40.492  7881 21834 E fb4a.T157805820: NetworkUtilisationLogger::logRequestIfNeeded
09-02 16:47:40.494  7881  4225 E fb4a.msys: E[N data-request]_HandleDataResponse(1782)=>Data request error for task 5b2a9a8e-20b0-4083-b1ec-38d744417850 (response type 1): (null)
09-02 16:47:40.500  7881  4229 E fb4a.msys: E[S sync]_createResponseError(195)=>Network Response 5b2a9a8e-20b0-4083-b1ec-38d744417850 contains sync error Error Domain=com.facebook.http.error Code=401 UserInfo=0xc7b4c800 {MCFErrorDirectLocalizedDescriptionKey=Client error} - Underlying error (null): Error Domain=com.facebook.http.error Code=401 UserInfo=0xc7b4c800 {MCFErrorDirectLocalizedDescriptionKey=Client error}
09-02 16:47:40.543  7881 21835 E fb4a.T157805820: TigonMhrLogger::logRequestIfNeeded
09-02 16:47:40.543  7881 21835 E fb4a.T157805820: TigonWifiInfoLogger::init
09-02 16:47:40.543  7881  4225 E fb4a.msys: E[N data-request]_HandleDataResponse(1782)=>Data request error for task 72baf495-56aa-46fa-a4d3-cebdd8769769 (response type 1): (null)
09-02 16:47:40.543  7881 21835 E fb4a.T157805820: TigonMhrFbcLogger::logRequestIfNeeded
09-02 16:47:40.543  7881 21835 E fb4a.T157805820: TigonCellTowerInfoLogger::logRequestIfNeeded
09-02 16:47:40.543  7881 21835 E fb4a.T157805820: TigonCertificateVerificationLogger::logRequestIfNeeded
09-02 16:47:40.543  7881 21835 E fb4a.T157805820: TigonTransientAnalysisLogger::logRequestIfNeeded
09-02 16:47:40.543  7881 21835 E fb4a.T157805820: TigonProviderConnectionDeviceInfoLogger::logRequestIfNeeded
09-02 16:47:40.543  7881 21835 E fb4a.T157805820: TigonCellTowerInfoPapayaLogger::logRequestIfNeeded
09-02 16:47:40.544  7881 21835 E fb4a.T157805820: NetworkUtilisationLogger::logRequestIfNeeded
09-02 16:47:40.544  7881  4229 E fb4a.msys: E[S task_queue_handling]MCDLightSpeedTaskExecutorNetworkCompletionCallback(1017)=>Handling send error for taskId=6 batchSize=1 queue=secure_message_over_wa_generate_cat
09-02 16:47:40.545  7881  4229 E fb4a.msys: E[S task_queue_handling]MCDLightSpeedTaskExecutorNetworkCompletionCallback(1071)=>Error content with 18 bytes: Error Domain=com.facebook.http.error Code=401 UserInfo=0xc7b5a400 {MCFErrorDirectLocalizedDescriptionKey=Client error}
09-02 16:47:41.362  3979  3979 D PreBindingService: handleMessage : 1
09-02 16:47:41.651  7881 20762 E fb4a.T157805820: TigonMhrLogger::logRequestIfNeeded
09-02 16:47:41.651  7881 20762 E fb4a.T157805820: TigonWifiInfoLogger::init
09-02 16:47:41.651  7881  4225 E fb4a.msys: E[N data-request]_HandleDataResponse(1782)=>Data request error for task 0a38e4cf-57a4-4cdc-a153-b61f97ba43fc (response type 1): (null)
09-02 16:47:41.651  7881 20762 E fb4a.T157805820: TigonMhrFbcLogger::logRequestIfNeeded
09-02 16:47:41.652  7881 20762 E fb4a.T157805820: TigonCellTowerInfoLogger::logRequestIfNeeded
09-02 16:47:41.653  7881  4229 E fb4a.msys: E[S task_queue_handling]MCDLightSpeedTaskExecutorNetworkCompletionCallback(1017)=>Handling send error for taskId=6 batchSize=1 queue=secure_message_over_wa_generate_cat
09-02 16:47:41.655  7881  4229 E fb4a.msys: E[S task_queue_handling]MCDLightSpeedTaskExecutorNetworkCompletionCallback(1071)=>Error content with 18 bytes: Error Domain=com.facebook.http.error Code=401 UserInfo=0xc91e2900 {MCFErrorDirectLocalizedDescriptionKey=Client error}
09-02 16:47:41.658  7881 20762 E fb4a.T157805820: TigonCertificateVerificationLogger::logRequestIfNeeded
09-02 16:47:41.658  7881 20762 E fb4a.T157805820: TigonTransientAnalysisLogger::logRequestIfNeeded
09-02 16:47:41.658  7881 20762 E fb4a.T157805820: TigonProviderConnectionDeviceInfoLogger::logRequestIfNeeded
09-02 16:47:41.658  7881 20762 E fb4a.T157805820: TigonCellTowerInfoPapayaLogger::logRequestIfNeeded
09-02 16:47:41.659  7881 20762 E fb4a.T157805820: NetworkUtilisationLogger::logRequestIfNeeded
09-02 16:47:41.781  7881  4245 D omnistore_android_logger: AlarmManager::mainLoop calling alarm callbacks. There are total 1 scheduled tasks, and about to trigger 1 tasks (first task is SyncProtocol::onConnectionEstablished), then sleep for 59091 ms
09-02 16:47:41.781  7881  4245 D omnistore_android_logger: Handling alarm for rate limited event SyncProtocol::onConnectionEstablished
09-02 16:47:41.781  7881  4245 D omnistore_android_logger: SyncProtocol calling onConnectionEstablished callbacks
09-02 16:47:41.781  7881  4245 D omnistore_android_logger: Removing all queue based subscriptions from rewire state
09-02 16:47:41.786  7881  4245 D omnistore_android_logger: SendQueue::onConnectionEstablished: sending 0 transaction(s)
09-02 16:47:41.787  7881  4260 D omnistore_android_logger: SubscriptionManager::onConnectionEstablished is called back
09-02 16:47:41.808  7881  4245 D omnistore_android_logger: AlarmManager::clearAlarmTimer for key=SyncProtocol::onConnectionEstablished 
09-02 16:47:41.818  7881  4260 I omnistore_android_logger: Client sent CreateSubscriptionRequest for queue: facebook_universal_prefs_v2:100087196392327
09-02 16:47:41.824  7881  4260 I omnistore_android_logger: Client sent connect message
09-02 16:47:42.761  7881  4225 E fb4a.msys: E[N data-request]_HandleDataResponse(1782)=>Data request error for task 5add2cc0-53fe-4f35-8a79-3f37a3086c98 (response type 1): (null)
09-02 16:47:42.763  7881  4229 E fb4a.msys: E[S task_queue_handling]MCDLightSpeedTaskExecutorNetworkCompletionCallback(1017)=>Handling send error for taskId=6 batchSize=1 queue=secure_message_over_wa_generate_cat
09-02 16:47:42.765  7881  4229 E fb4a.msys: E[S task_queue_handling]MCDLightSpeedTaskExecutorNetworkCompletionCallback(1071)=>Error content with 18 bytes: Error Domain=com.facebook.http.error Code=401 UserInfo=0xc7b4cf00 {MCFErrorDirectLocalizedDescriptionKey=Client error}
09-02 16:47:42.771  7881 21368 E fb4a.T157805820: TigonMhrLogger::logRequestIfNeeded
09-02 16:47:42.771  7881 21368 E fb4a.T157805820: TigonWifiInfoLogger::init
09-02 16:47:42.772  7881 21368 E fb4a.T157805820: TigonMhrFbcLogger::logRequestIfNeeded
09-02 16:47:42.772  7881 21368 E fb4a.T157805820: TigonCellTowerInfoLogger::logRequestIfNeeded
09-02 16:47:42.772  7881 21368 E fb4a.T157805820: TigonCertificateVerificationLogger::logRequestIfNeeded
09-02 16:47:42.773  7881 21368 E fb4a.T157805820: TigonTransientAnalysisLogger::logRequestIfNeeded
09-02 16:47:42.773  7881 21368 E fb4a.T157805820: TigonProviderConnectionDeviceInfoLogger::logRequestIfNeeded
09-02 16:47:42.773  7881 21368 E fb4a.T157805820: TigonCellTowerInfoPapayaLogger::logRequestIfNeeded
09-02 16:47:42.774  7881 21368 E fb4a.T157805820: NetworkUtilisationLogger::logRequestIfNeeded
09-02 16:47:43.099  3449  3449 I android.hardware.wifi@1.0-service: getLinkLayerStats
09-02 16:47:43.279  3979  5976 D ConnectivityService: filterNetworkStateForUid() uid: 10102 networkInfo: [type: WIFI[] - WIFI, state: CONNECTED/CONNECTED, reason: (unspecified), extra: "WiFi 69", failover: false, available: true, roaming: false, metered: false]
09-02 16:47:43.284  7881  7881 W fb4a.MobileConfigFactoryImpl: SESSIONLESS factory used for 2 param
09-02 16:47:43.286  7881  7881 E fb4a.Execution: Redirecting MSYS Execution scheduling from the UI thread to a custom executor
09-02 16:47:43.289  3614  3927 D DnsProxyListener: DNSDBG::dns addrinfo af 2
09-02 16:47:43.432  7881 21834 D omnistore_android_logger: DebouncingRateLimiter attempting event SyncProtocol::onConnectionEstablished
09-02 16:47:43.433  7881 21834 D omnistore_android_logger: AlarmManager::startAlarmTimer for key=SyncProtocol::onConnectionEstablished, it will wake up main thread to reschedule
09-02 16:47:43.433  7881 21834 W omnistore_android_logger: Event SyncProtocol::onConnectionEstablished rate limited for 28348 ms
09-02 16:47:43.433  7881  4245 D omnistore_android_logger: AlarmManager::mainLoop calling alarm callbacks. There are total 1 scheduled tasks, and about to trigger 0 tasks (first task is N/A), then sleep for 28347 ms
09-02 16:47:43.434  7881  7881 W fb4a.MobileConfigFactoryImpl: SESSIONLESS factory used for 2 param
09-02 16:47:43.436  7881  7881 E fb4a.Execution: Redirecting MSYS Execution scheduling from the UI thread to a custom executor
09-02 16:47:43.468  7881  4231 E fb4a.msys: E[N MQTT]readEOF(124)=>TCPStreamTransport readEOF
09-02 16:47:43.468  7881  4231 E fb4a.msys: E[N MQTT]onEOF(699)=>LigerBasedStreamTransport onEOF
09-02 16:47:43.470  7881 21836 E fb4a.FBMsysMqttClientCallbacks: onPublish, onFailure, msgId = 1891, error = 2003
09-02 16:47:43.472  7881 21836 E fb4a.FBMsysMqttClientCallbacks: onPublish, onFailure, msgId = 1890, error = 2003
09-02 16:47:43.478  7881 21836 I omnistore_android_logger: Error in sending connect payload.
09-02 16:47:43.480  7881 21836 E fb4a.FBMsysMqttClientCallbacks: onPublish, onFailure, msgId = 1887, error = 2003
09-02 16:47:43.481  3979  5976 D ConnectivityService: filterNetworkStateForUid() uid: 10102 networkInfo: [type: WIFI[] - WIFI, state: CONNECTED/CONNECTED, reason: (unspecified), extra: "WiFi 69", failover: false, available: true, roaming: false, metered: false]
09-02 16:47:43.484  7881  7881 W fb4a.MobileConfigFactoryImpl: SESSIONLESS factory used for 2 param
09-02 16:47:43.484  7881  4225 E fb4a.msys: E[N rtchannel]_rt_mqtt_publish_callback(430)=>Failed to publish the request over MQTT (possible duplicate log). token:27049463-cf69-409d-b2d7-4c10ce11812f, category:mcd-sync-data-task-category, requestId:64757, error:Error Domain=mqtt Code=2003 UserInfo=0xc81ecc00 {MCFErrorDirectLocalizedFailureReasonKey=2003, MCFErrorDirectDescriptionKey=2003}
09-02 16:47:43.485  7881  7881 E fb4a.Execution: Redirecting MSYS Execution scheduling from the UI thread to a custom executor
09-02 16:47:43.515  7881  4229 E fb4a.msys: E[S sync]_createResponseError(195)=>Network Response 27049463-cf69-409d-b2d7-4c10ce11812f contains sync error Error Domain=mqtt Code=2003 UserInfo=0xc81ecc00 {MCFErrorDirectLocalizedFailureReasonKey=2003, MCFErrorDirectDescriptionKey=2003} - Underlying error (null): Error Domain=mqtt Code=2003 UserInfo=0xc81ecc00 {MCFErrorDirectLocalizedFailureReasonKey=2003, MCFErrorDirectDescriptionKey=2003}
09-02 16:47:43.521  7881 21836 E fb4a.T157805820: TigonMhrLogger::logRequestIfNeeded
09-02 16:47:43.521  7881 21836 E fb4a.T157805820: TigonWifiInfoLogger::init
09-02 16:47:43.521  7881  4225 E fb4a.msys: E[N data-request]_HandleDataResponse(1782)=>Data request error for task bd1ebcf7-045d-4aa4-b2a3-93a03e4ccc88 (response type 1): (null)
09-02 16:47:43.522  7881 21836 E fb4a.T157805820: TigonMhrFbcLogger::logRequestIfNeeded
09-02 16:47:43.522  7881 21836 E fb4a.T157805820: TigonCellTowerInfoLogger::logRequestIfNeeded
09-02 16:47:43.522  7881 21836 E fb4a.T157805820: TigonCertificateVerificationLogger::logRequestIfNeeded
09-02 16:47:43.522  7881 21836 E fb4a.T157805820: TigonTransientAnalysisLogger::logRequestIfNeeded
09-02 16:47:43.522  7881 21836 E fb4a.T157805820: TigonProviderConnectionDeviceInfoLogger::logRequestIfNeeded
09-02 16:47:43.522  7881 21836 E fb4a.T157805820: TigonCellTowerInfoPapayaLogger::logRequestIfNeeded
09-02 16:47:43.522  7881 21836 E fb4a.T157805820: NetworkUtilisationLogger::logRequestIfNeeded
09-02 16:47:43.526  7881  4229 E fb4a.msys: E[S sync]_createResponseError(195)=>Network Response bc01d43d-7169-4121-ae88-06071a271164 contains sync error Error Domain=mqtt Code=2002 - Underlying error (null): Error Domain=mqtt Code=2002
09-02 16:47:43.538  7881  4229 E fb4a.msys: E[S sync]_createResponseError(195)=>Network Response bd1ebcf7-045d-4aa4-b2a3-93a03e4ccc88 contains sync error Error Domain=com.facebook.http.error Code=401 UserInfo=0xba304200 {MCFErrorDirectLocalizedDescriptionKey=Client error} - Underlying error (null): Error Domain=com.facebook.http.error Code=401 UserInfo=0xba304200 {MCFErrorDirectLocalizedDescriptionKey=Client error}
09-02 16:47:43.543  7881  4225 E fb4a.msys: E[N data-request]_HandleDataResponse(1782)=>Data request error for task d535a3ac-c739-451e-a438-bfe16d6a0021 (response type 1): (null)
09-02 16:47:43.545  7881 21423 E fb4a.T157805820: TigonMhrLogger::logRequestIfNeeded
09-02 16:47:43.545  7881 21423 E fb4a.T157805820: TigonWifiInfoLogger::init
09-02 16:47:43.545  7881 21423 E fb4a.T157805820: TigonMhrFbcLogger::logRequestIfNeeded
09-02 16:47:43.545  7881 21423 E fb4a.T157805820: TigonCellTowerInfoLogger::logRequestIfNeeded
09-02 16:47:43.545  7881 21423 E fb4a.T157805820: TigonCertificateVerificationLogger::logRequestIfNeeded
09-02 16:47:43.545  7881 21423 E fb4a.T157805820: TigonTransientAnalysisLogger::logRequestIfNeeded
09-02 16:47:43.545  7881 21423 E fb4a.T157805820: TigonProviderConnectionDeviceInfoLogger::logRequestIfNeeded
09-02 16:47:43.546  7881 21423 E fb4a.T157805820: TigonCellTowerInfoPapayaLogger::logRequestIfNeeded
09-02 16:47:43.546  7881 21423 E fb4a.T157805820: NetworkUtilisationLogger::logRequestIfNeeded
09-02 16:47:43.549  7881  4229 E fb4a.msys: E[S sync]_createResponseError(195)=>Network Response d535a3ac-c739-451e-a438-bfe16d6a0021 contains sync error Error Domain=com.facebook.http.error Code=401 UserInfo=0xc7b4c800 {MCFErrorDirectLocalizedDescriptionKey=Client error} - Underlying error (null): Error Domain=com.facebook.http.error Code=401 UserInfo=0xc7b4c800 {MCFErrorDirectLocalizedDescriptionKey=Client error}
09-02 16:47:43.551  7881  8242 E fb4a.T157805820: TigonMhrLogger::logRequestIfNeeded
09-02 16:47:43.551  7881  8242 E fb4a.T157805820: TigonWifiInfoLogger::init
09-02 16:47:43.551  7881  8242 E fb4a.T157805820: TigonMhrFbcLogger::logRequestIfNeeded
09-02 16:47:43.552  7881  8242 E fb4a.T157805820: TigonCellTowerInfoLogger::logRequestIfNeeded
09-02 16:47:43.552  7881  8242 E fb4a.T157805820: TigonCertificateVerificationLogger::logRequestIfNeeded
09-02 16:47:43.552  7881  8242 E fb4a.T157805820: TigonTransientAnalysisLogger::logRequestIfNeeded
09-02 16:47:43.552  7881  8242 E fb4a.T157805820: TigonProviderConnectionDeviceInfoLogger::logRequestIfNeeded
09-02 16:47:43.563  7881  8242 E fb4a.T157805820: TigonCellTowerInfoPapayaLogger::logRequestIfNeeded
09-02 16:47:43.563  7881  8242 E fb4a.T157805820: NetworkUtilisationLogger::logRequestIfNeeded
09-02 16:47:43.568  7881 21423 E fb4a.T157805820: TigonMhrLogger::logRequestIfNeeded
09-02 16:47:43.568  7881 21423 E fb4a.T157805820: TigonWifiInfoLogger::init
09-02 16:47:43.568  7881  4225 E fb4a.msys: E[N data-request]_HandleDataResponse(1782)=>Data request error for task 991ff3b2-4275-49c7-af74-b02818d2dad9 (response type 1): (null)
09-02 16:47:43.568  7881 21423 E fb4a.T157805820: TigonMhrFbcLogger::logRequestIfNeeded
09-02 16:47:43.569  7881 21423 E fb4a.T157805820: TigonCellTowerInfoLogger::logRequestIfNeeded
09-02 16:47:43.569  7881 21423 E fb4a.T157805820: TigonCertificateVerificationLogger::logRequestIfNeeded
09-02 16:47:43.569  7881 21423 E fb4a.T157805820: TigonTransientAnalysisLogger::logRequestIfNeeded
09-02 16:47:43.569  7881 21423 E fb4a.T157805820: TigonProviderConnectionDeviceInfoLogger::logRequestIfNeeded
09-02 16:47:43.569  7881 21423 E fb4a.T157805820: TigonCellTowerInfoPapayaLogger::logRequestIfNeeded
09-02 16:47:43.569  7881 21423 E fb4a.T157805820: NetworkUtilisationLogger::logRequestIfNeeded
09-02 16:47:43.570  7881  4229 E fb4a.msys: E[S sync]_createResponseError(195)=>Network Response 991ff3b2-4275-49c7-af74-b02818d2dad9 contains sync error Error Domain=com.facebook.http.error Code=401 UserInfo=0xb591de00 {MCFErrorDirectLocalizedDescriptionKey=Client error} - Underlying error (null): Error Domain=com.facebook.http.error Code=401 UserInfo=0xb591de00 {MCFErrorDirectLocalizedDescriptionKey=Client error}
09-02 16:47:43.605  7881 21423 E fb4a.T157805820: TigonMhrLogger::logRequestIfNeeded
09-02 16:47:43.605  7881 21423 E fb4a.T157805820: TigonWifiInfoLogger::init
09-02 16:47:43.605  7881  4225 E fb4a.msys: E[N data-request]_HandleDataResponse(1782)=>Data request error for task dfefdb48-e523-4643-8e56-b0546082bb17 (response type 1): (null)
09-02 16:47:43.606  7881 21423 E fb4a.T157805820: TigonMhrFbcLogger::logRequestIfNeeded
09-02 16:47:43.606  7881 21423 E fb4a.T157805820: TigonCellTowerInfoLogger::logRequestIfNeeded
09-02 16:47:43.606  7881 21423 E fb4a.T157805820: TigonCertificateVerificationLogger::logRequestIfNeeded
09-02 16:47:43.606  7881 21423 E fb4a.T157805820: TigonTransientAnalysisLogger::logRequestIfNeeded
09-02 16:47:43.606  7881 21423 E fb4a.T157805820: TigonProviderConnectionDeviceInfoLogger::logRequestIfNeeded
09-02 16:47:43.606  7881 21423 E fb4a.T157805820: TigonCellTowerInfoPapayaLogger::logRequestIfNeeded
09-02 16:47:43.606  7881 21423 E fb4a.T157805820: NetworkUtilisationLogger::logRequestIfNeeded
09-02 16:47:43.607  7881  4229 E fb4a.msys: E[S sync]_createResponseError(195)=>Network Response dfefdb48-e523-4643-8e56-b0546082bb17 contains sync error Error Domain=com.facebook.http.error Code=401 UserInfo=0xc81ec600 {MCFErrorDirectLocalizedDescriptionKey=Client error} - Underlying error (null): Error Domain=com.facebook.http.error Code=401 UserInfo=0xc81ec600 {MCFErrorDirectLocalizedDescriptionKey=Client error}
09-02 16:47:43.828  4962  4962 D io_stats: !@ 179,0 r 714803 21419292 w 528273 11071740 d 57212 20253964 f 130678 133943 iot 629984 530524 th 51200 0 0 pt 0 inp 0 0 56597.071
09-02 16:47:44.554 14031 14031 E adbd    : recv: OPEN 0002391c 00000000 003e:73 68 65 6C 6C 2C 76 32 2C 54 45 52 4D 3D 78 74 65 72 6D 2D 32 35 36 63 6F 6C 6F 72 2C 72 61 77 3A 67 65 74 70 72 6F 70 20 72 6F 2E 62 75 69 6C 64 2E 76 65 72 73 69 6F 6E 2E 73 64 6B 00 
09-02 16:47:44.554 14031 14031 E adbd    : service_to_fd: shell,v2,TERM=xterm-256color,raw:getprop ro.build.version.sdk
09-02 16:47:44.653 14031 14031 E adbd    : recv: OPEN 0002391f 00000000 0045:73 68 65 6C 6C 2C 76 32 2C 54 45 52 4D 3D 78 74 65 72 6D 2D 32 35 36 63 6F 6C 6F 72 2C 72 61 77 3A 6C 6F 67 63 61 74 20 2D 66 20 2F 6D 6E 74 2F 73 64 63 61 72 64 2F 6C 6F 67 63 61 74 2E 74 78 74 20 2D 64 00 
09-02 16:47:44.653 14031 14031 E adbd    : service_to_fd: shell,v2,TERM=xterm-256color,raw:logcat -f /mnt/sdcard/logcat.txt -d
