09-01 21:23:13.274 28194 28360 W ProviderInstaller: Failed to load providerinstaller module: No acceptable module com.google.android.gms.providerinstaller.dynamite found. Local version is 0 and remote version is 0.
09-01 21:23:13.275 28168 28367 W VideoCapabilities: Unsupported mime image/vnd.android.heic
09-01 21:23:13.275 28168 28367 W VideoCapabilities: Unrecognized level 1879048707 for video/x-vnd.on2.vp8
09-01 21:23:13.275 28168 28367 W VideoCapabilities: Unrecognized profile 1879048704 for video/x-vnd.on2.vp8
09-01 21:23:13.275 28168 28367 W VideoCapabilities: Unrecognized level 1879048707 for video/x-vnd.on2.vp8
09-01 21:23:13.275  2816  3590 I FontLog : Received query name=Google Sans&weight=500&besteffort=false, URI content://com.google.android.gms.fonts [CONTEXT service_id=132 ]
09-01 21:23:13.275 28168 28367 W VideoCapabilities: Unrecognized profile 1879048704 for video/x-vnd.on2.vp8
09-01 21:23:13.276  2816  3590 I FontLog : Query [name=Google Sans&weight=500&besteffort=false] resolved to {Google Sans, wdth 100.0, wght 500, ital 0.0, bestEffort false} [CONTEXT service_id=132 ]
09-01 21:23:13.277  2816  3590 I FontLog : Font PFD returned from cache for {Google Sans, wdth 100.0, wght 500, ital 0.0, bestEffort false} [CONTEXT service_id=132 ]
09-01 21:23:13.277  2816  3590 I FontLog : Fetch {Google Sans, wdth 100.0, wght 500, ital 0.0, bestEffort false} end status Status{statusCode=SUCCESS, resolution=null} [CONTEXT service_id=132 ]
09-01 21:23:13.279  2816 10278 I FontLog : Pulling font file for id = 1422, cache size = 8 [CONTEXT service_id=132 ]
09-01 21:23:13.284 28194 28360 I .apps.messagin: The ClassLoaderContext is a special shared library.
09-01 21:23:13.289   901  1000 W ASH     : @ 41379.741: Unhandled msg ID 999: line 1277
09-01 21:23:13.289   901  1000 E ASH     : @ 41379.741: No pb callback assigned
09-01 21:23:13.289   901  1000 E ASH     : @ 41379.741: Nanopb error: callback failed:1588
09-01 21:23:13.296  1075  2202 W ServiceManager: Permission failure: android.permission.SYSTEM_CAMERA from uid=10261 pid=27979
09-01 21:23:13.298  1075  2202 I chatty  : uid=1047(cameraserver) Binder:1075_3 identical 4 lines
09-01 21:23:13.298  1075  2202 W ServiceManager: Permission failure: android.permission.SYSTEM_CAMERA from uid=10261 pid=27979
09-01 21:23:13.310   901  2806 I sensors-hal: [ssc_utils]get_qmi_debug_flag:244, support_qmi_debug : false
09-01 21:23:13.326   901  1000 W ASH     : @ 41379.779: Unhandled msg ID 999: line 1277
09-01 21:23:13.326   901  1000 E ASH     : @ 41379.779: No pb callback assigned
09-01 21:23:13.326   901  1000 E ASH     : @ 41379.779: Nanopb error: callback failed:1588
09-01 21:23:13.327   901  1000 I ASH     : @ 41379.779: tcs3701: ADC is saturated, removed sample from FIFO.
09-01 21:23:13.342 28194 28360 V NativeCrypto: Registering com/google/android/gms/org/conscrypt/NativeCrypto's 295 native methods...
09-01 21:23:13.384 28194 28360 I ProviderInstaller: Installed default security provider GmsCore_OpenSSL
09-01 21:23:13.401   901  2806 I sensors-hal: [ssc_utils]get_qmi_debug_flag:244, support_qmi_debug : false
09-01 21:23:13.407   901  1000 W ASH     : @ 41379.860: Unhandled msg ID 999: line 1277
09-01 21:23:13.407   901  1000 E ASH     : @ 41379.860: No pb callback assigned
09-01 21:23:13.407   901  1000 E ASH     : @ 41379.860: Nanopb error: callback failed:1588
09-01 21:23:13.425   901  2806 I sensors-hal: [ssc_utils]get_qmi_debug_flag:244, support_qmi_debug : false
09-01 21:23:13.445   901  1000 W ASH     : @ 41379.898: Unhandled msg ID 999: line 1277
09-01 21:23:13.445   901  1000 E ASH     : @ 41379.898: No pb callback assigned
09-01 21:23:13.445   901  1000 E ASH     : @ 41379.898: Nanopb error: callback failed:1588
09-01 21:23:13.464 28194 28263 I BugleRcsProvisioning: BugleSystemBindingManager: onBuglePhenotypeFlagChanged
09-01 21:23:13.465 28194 28263 I BugleRcsProvisioning: BugleSystemBindingManager: onCsLibPhenotypeUpdated
09-01 21:23:13.465 28194 28263 I BugleRcsEngine: [9529] atcb.b: SystemBindingManager: force P/H Flag update scheduled and start updateBinding
09-01 21:23:13.468 28194 28262 I BugleRcsEngine: [9528] bcjh.run: SystemBindingManager: SystemBinding enabled: false
09-01 21:23:13.468 28194 28263 I BugleDataModel: TransactionManagerImpl: tx:  ParticipantsColumnSetter#updatePhenotypeColumn  started
09-01 21:23:13.471 28194 28262 I BugleRcsEngine: [9528] bcji.b: System Binding updated
09-01 21:23:13.478 28194 28257 W BugleAction: Null config in BugleSharedPrefs
09-01 21:23:13.478 28194 28257 W BugleAction: Failed to get msisdn from Bugle
09-01 21:23:13.480 28194 28257 I Bugle   : RcsAvailabilityUtilForProvisioningEngineV2: updateAvailabilityAsync, hint: NO_HINT
09-01 21:23:13.480 28194 28257 I BugleRcs: RcsAvailabilityUpdaterRemote: postUpdateRcsAvailability, hint: NO_HINT
09-01 21:23:13.480 28194 28257 I BugleRcs: RcsAvailabilityUpdaterRemote: updateRcsAvailabilityAsync, hint: NO_HINT
09-01 21:23:13.481 28194 28257 W BugleAction: Failed to get msisdn from RcsProfileService
09-01 21:23:13.483 28194 28263 I BugleDataModel: TransactionManagerImpl: tx:  ParticipantsColumnSetter#updatePhenotypeColumn  ended
09-01 21:23:13.486 28194 28394 W BugleRcsEngine: [9544] bebr.f: RcsProvisioningManager: ProvisioningEngineAdapter not found for SIM redacted-pii:sim_id[chars:0,last3:]
09-01 21:23:13.487 28194 28256 I BugleRcs: RcsAvailabilityUpdaterRemote: updateRcsAvailabilityAsync, trivialAvailability: null
09-01 21:23:13.493 28194 28256 I BugleRcs: RcsAvailabilityUpdaterRemote: getRcsAvailabilityFromSignupServiceAsync
09-01 21:23:13.494 28194 28257 W BugleAction: bttm: Jibe SDK Service not available. Is the Jibe SDK service running? Did you call connect() and wait for the notification before calling an API function?
09-01 21:23:13.494 28194 28257 W BugleAction: 	at btte.b(PG:2)
09-01 21:23:13.494 28194 28257 W BugleAction: 	at com.google.android.rcs.client.profile.RcsProfileService.g(PG:1)
09-01 21:23:13.494 28194 28257 W BugleAction: 	at com.google.android.rcs.client.profile.RcsProfileService.getMsisdn(PG:1)
09-01 21:23:13.494 28194 28257 W BugleAction: 	at alrt.aD(PG:16)
09-01 21:23:13.494 28194 28257 W BugleAction: 	at alrt.M(PG:2)
09-01 21:23:13.494 28194 28257 W BugleAction: 	at ajxw.h(PG:1)
09-01 21:23:13.494 28194 28257 W BugleAction: 	at ajxs.call(Unknown Source:2)
09-01 21:23:13.494 28194 28257 W BugleAction: 	at bwnf.a(PG:1)
09-01 21:23:13.494 28194 28257 W BugleAction: 	at bwkt.a(PG:3)
09-01 21:23:13.494 28194 28257 W BugleAction: 	at cbnf.a(PG:1)
09-01 21:23:13.494 28194 28257 W BugleAction: 	at cbmd.run(PG:4)
09-01 21:23:13.494 28194 28257 W BugleAction: 	at cbnh.run(PG:1)
09-01 21:23:13.494 28194 28257 W BugleAction: 	at bhwb.run(PG:1)
09-01 21:23:13.494 28194 28257 W BugleAction: 	at java.util.concurrent.ThreadPoolExecutor.runWorker(ThreadPoolExecutor.java:1167)
09-01 21:23:13.494 28194 28257 W BugleAction: 	at java.util.concurrent.ThreadPoolExecutor$Worker.run(ThreadPoolExecutor.java:641)
09-01 21:23:13.494 28194 28257 W BugleAction: 	at bhvg.run(PG:2)
09-01 21:23:13.494 28194 28257 W BugleAction: 	at bhvn.run(PG:3)
09-01 21:23:13.494 28194 28257 W BugleAction: 	at java.lang.Thread.run(Thread.java:923)
09-01 21:23:13.494 28194 28257 W Bugle   : SubscriptionMetadataUtils get: invalid subId = -2
09-01 21:23:13.499 28194 28257 I BugleBackup: Registering preference change listener for "buglesub_-1".
09-01 21:23:13.504 28194 28257 W Bugle   : SubscriptionMetadataUtils get: invalid subId = -2
09-01 21:23:13.507 28194 28402 I RcsClientLib: Connecting SignupService
09-01 21:23:13.511 28194 28257 W Bugle   : SubscriptionMetadataUtils get: invalid subId = -2
09-01 21:23:13.511 28194 28257 W Bugle   : SubscriptionUtilsAsOfLMR1: getSelfRawNumber: subInfo is null for subscription{id:-1}
09-01 21:23:13.513 28194 28257 W Bugle   : SubscriptionMetadataUtils get: invalid subId = -1
09-01 21:23:13.513 28194 28257 W Bugle   : SubscriptionMetadataUtils get: invalid subId = -1
09-01 21:23:13.515 28194 28394 W BugleRcsEngine: [9544] befu.b: No config URL. RCS not configured for dual-registration.
09-01 21:23:13.516 28194 28402 I RcsClientLib: shouldUseCarrierServicesJibeService: true, CarrierServices rcs service found: true
09-01 21:23:13.519  5447  8196 I CarrierServices: [460] fhx.d: Received Provisioning Event: [Bugle information (100)]
09-01 21:23:13.519  5447  8196 I CarrierServices: [460] fhx.d: JibeService is running, passing event to provisioning engine.
09-01 21:23:13.520  5447  8196 I CarrierServices: [460] erh.f: Handling Provisioning Event: [Bugle information (100)]
09-01 21:23:13.520  5447  8196 I CarrierServices: [460] erq.b: RcsAvailabilityManager: Calculating Rcs Availability
09-01 21:23:13.522 28194 28257 W BugleAction: No default number, returning empty msisdn
09-01 21:23:13.523 28194 28402 I RcsClientLib: com.google.android.rcs.client.signup.SignupService connected
09-01 21:23:13.525  5447  5465 I CarrierServices: [431] erq.b: RcsAvailabilityManager: Calculating Rcs Availability
09-01 21:23:13.545 28194 28263 W BugleTachygram: Not using Tachygram because PEv3 is disabled
09-01 21:23:13.546 28194 28263 I BugleTransport: isChatAvailable: true, enabledTransport: 1
09-01 21:23:13.548  5447  8196 I CarrierServices: [460] eua.y: Bugle is default SMS app: true
09-01 21:23:13.551  5447  5465 I CarrierServices: [431] eua.y: Bugle is default SMS app: true
09-01 21:23:13.551  5447  5465 I CarrierServices: [431] erq.b: Bugle has minimum required RCS permissions: true
09-01 21:23:13.553  5447  5465 I CarrierServices: [431] eua.x: Rcs is enabled from user settings: true
09-01 21:23:13.553  5447  5465 W CarrierServices: [431] evo.b: No config URL. RCS not configured for dual-registration.
09-01 21:23:13.554  5447  5465 I CarrierServices: [431] frx.g: Checking if using CarrierServices.apk is possible. Enabled: true, isAtLeastM: true, runningInsideBugle: false
09-01 21:23:13.555  5447  8196 I CarrierServices: [460] erq.b: Bugle has minimum required RCS permissions: true
09-01 21:23:13.558  5447  8196 I CarrierServices: [460] eua.x: Rcs is enabled from user settings: true
09-01 21:23:13.558  5447  8196 W CarrierServices: [460] evo.b: No config URL. RCS not configured for dual-registration.
09-01 21:23:13.559  5447  8196 I CarrierServices: [460] frx.g: Checking if using CarrierServices.apk is possible. Enabled: true, isAtLeastM: true, runningInsideBugle: false
09-01 21:23:13.562  5447  5465 I CarrierServices: [431] erq.b: Config state is not ACCEPTED, provisioning still in progress
09-01 21:23:13.563  5447  5465 I CarrierServices: [431] erq.b: RcsAvailabilityManager: Rcs Availability still DISABLED_SIM_ABSENT (RCS is disabled due to SIM absent)
09-01 21:23:13.564 28194 28257 I BugleRcs: RcsAvailabilityUpdaterRemote: updateRcsAvailabilityPostProcess, Get Updated RcsAvailability, RcsAvailability: DISABLED_SIM_ABSENT, SimId: redacted-pii[0-chars]
09-01 21:23:13.565 28194 28257 I RcsClientLib: Disconnecting SignupService
09-01 21:23:13.565  5447  8196 I CarrierServices: [460] erq.b: Config state is not ACCEPTED, provisioning still in progress
09-01 21:23:13.566  5447  8196 I CarrierServices: [460] erq.b: RcsAvailabilityManager: Rcs Availability still DISABLED_SIM_ABSENT (RCS is disabled due to SIM absent)
09-01 21:23:13.567 28194 28264 I BugleRcs: RcsAvailabilityUpdaterRemote: postUpdateRcsAvailability : success updating RCS availability async
09-01 21:23:13.577   901  2806 I sensors-hal: [ssc_utils]get_qmi_debug_flag:244, support_qmi_debug : false
09-01 21:23:13.590   901  2806 I sensors-hal: [ssc_utils]get_qmi_debug_flag:244, support_qmi_debug : false
09-01 21:23:13.605   901  1000 W ASH     : @ 41380.058: Unhandled msg ID 999: line 1277
09-01 21:23:13.605   901  1000 E ASH     : @ 41380.058: No pb callback assigned
09-01 21:23:13.605   901  1000 E ASH     : @ 41380.058: Nanopb error: callback failed:1588
09-01 21:23:13.612  1513  2060 W SyncManager: failed sync operation JobId=102750 ***/com.opera.browser.ping u0 [com.opera.browser.ping.provider] OTHER ExpectedIn=0s Reason=10261 Retries=71, SyncResult: delayUntil: 1693599622 stats [ numIoExceptions: 1]
09-01 21:23:14.151   901  2806 I sensors-hal: [ssc_utils]get_qmi_debug_flag:244, support_qmi_debug : false
09-01 21:23:14.166   901  1000 W ASH     : @ 41380.618: Unhandled msg ID 999: line 1277
09-01 21:23:14.166   901  1000 E ASH     : @ 41380.618: No pb callback assigned
09-01 21:23:14.166   901  1000 E ASH     : @ 41380.618: Nanopb error: callback failed:1588
09-01 21:23:14.166   901  1000 D VSC     : @ 41380.618: [WO] tilt angle 89
09-01 21:23:14.289 28194 28258 D PhFileGroupPop: Added file groups webref-model-local-index
09-01 21:23:14.291 28194 28258 D PhFileGroupPop: Added file groups smart_actions_grammars
09-01 21:23:14.294 28194 28258 D PhFileGroupPop: Added file groups smart_actions_ml_models
09-01 21:23:14.294 28194 28258 D PhFileGroupPop: Added file groups text_classifier
09-01 21:23:14.296 28194 28258 D PhFileGroupPop: Added file groups smart_actions_emotive_models
09-01 21:23:14.306 27979 27991 I m.opera.browse: Background young concurrent copying GC freed 267459(15MB) AllocSpace objects, 223(6656KB) LOS objects, 92% free, 8054KB/103MB, paused 253us total 103.226ms
09-01 21:23:14.322 28194 28258 D PhFileGroupPop: Added file groups smarts_expressive_content_scoped_v1
09-01 21:23:14.322 28194 28258 D PhFileGroupPop: Added file groups smart_actions_sensitive_classifier_models
09-01 21:23:14.323 28194 28258 D PhFileGroupPop: Added file groups scripted_reply
09-01 21:23:14.324 28194 28258 D PhFileGroupPop: Added file groups multitask_experiment
09-01 21:23:14.324 28194 28258 D PhFileGroupPop: Added file groups spam_verdict_enforcement_policy_config
09-01 21:23:14.325 28194 28258 D PhFileGroupPop: Added file groups smart_suggestion_reranker_models
09-01 21:23:14.325 28194 28258 D PhFileGroupPop: Added file groups nudge
09-01 21:23:14.326 28194 28258 D PhFileGroupPop: Added file groups calendar_appointment_grammar
09-01 21:23:14.326 28194 28258 D PhFileGroupPop: Added file groups smart_actions_smart_assistant
09-01 21:23:14.327 28194 28258 D PhFileGroupPop: Added file groups birthday_suggestion
09-01 21:23:14.327 28194 28258 D PhFileGroupPop: Added file groups birthday_grammars
09-01 21:23:14.335 28194 28258 E PhFileGroupPop: Failed to add file group 
09-01 21:23:14.338  1513  2000 D ConnectivityService: NetReassign [no changes]
09-01 21:23:14.339 28194 28258 I chatty  : uid=10199(com.google.android.apps.messaging) Blocking Thread identical 12 lines
09-01 21:23:14.339 28194 28258 E PhFileGroupPop: Failed to add file group 
09-01 21:23:14.339 28194 28258 E cbim    : RuntimeException while executing runnable cblj{bwle@da407b4} with executor MoreExecutors.directExecutor()
09-01 21:23:14.339 28194 28258 E cbim    : java.lang.NullPointerException: Attempt to read from field 'java.lang.String bkqn.b' on a null object reference
09-01 21:23:14.339 28194 28258 E cbim    : 	at bluy.b(PG:2)
09-01 21:23:14.339 28194 28258 E cbim    : 	at bwle.b(PG:3)
09-01 21:23:14.339 28194 28258 E cbim    : 	at cblj.run(PG:7)
09-01 21:23:14.339 28194 28258 E cbim    : 	at cbkn.execute(PG:1)
09-01 21:23:14.339 28194 28258 E cbim    : 	at cbim.o(PG:1)
09-01 21:23:14.339 28194 28258 E cbim    : 	at cbim.b(PG:5)
09-01 21:23:14.339 28194 28258 E cbim    : 	at cblq.r(PG:2)
09-01 21:23:14.339 28194 28258 E cbim    : 	at bwnj.l(PG:1)
09-01 21:23:14.339 28194 28258 E cbim    : 	at blva.a(PG:15)
09-01 21:23:14.339 28194 28258 E cbim    : 	at ajoc.a(PG:2)
09-01 21:23:14.339 28194 28258 E cbim    : 	at bkwj.n(PG:3)
09-01 21:23:14.339 28194 28258 E cbim    : 	at bkvy.a(Unknown Source:4)
09-01 21:23:14.339 28194 28258 E cbim    : 	at bwkx.a(PG:3)
09-01 21:23:14.339 28194 28258 E cbim    : 	at cbiq.d(PG:2)
09-01 21:23:14.339 28194 28258 E cbim    : 	at cbis.run(PG:9)
09-01 21:23:14.339 28194 28258 E cbim    : 	at cbmw.run(PG:4)
09-01 21:23:14.339 28194 28258 E cbim    : 	at bhwb.run(PG:1)
09-01 21:23:14.339 28194 28258 E cbim    : 	at java.util.concurrent.ThreadPoolExecutor.runWorker(ThreadPoolExecutor.java:1167)
09-01 21:23:14.339 28194 28258 E cbim    : 	at java.util.concurrent.ThreadPoolExecutor$Worker.run(ThreadPoolExecutor.java:641)
09-01 21:23:14.339 28194 28258 E cbim    : 	at bhvg.run(PG:2)
09-01 21:23:14.339 28194 28258 E cbim    : 	at bhvn.run(PG:3)
09-01 21:23:14.339 28194 28258 E cbim    : 	at java.lang.Thread.run(Thread.java:923)
09-01 21:23:14.340 28194 28258 E cbim    : RuntimeException while executing runnable cblj{bwle@ad8752} with executor MoreExecutors.directExecutor()
09-01 21:23:14.340 28194 28258 E cbim    : java.lang.NullPointerException: Attempt to read from field 'java.lang.String bkqn.b' on a null object reference
09-01 21:23:14.340 28194 28258 E cbim    : 	at bluy.b(PG:2)
09-01 21:23:14.340 28194 28258 E cbim    : 	at bwle.b(PG:3)
09-01 21:23:14.340 28194 28258 E cbim    : 	at cblj.run(PG:7)
09-01 21:23:14.340 28194 28258 E cbim    : 	at cbkn.execute(PG:1)
09-01 21:23:14.340 28194 28258 E cbim    : 	at cbim.o(PG:1)
09-01 21:23:14.340 28194 28258 E cbim    : 	at cbim.b(PG:5)
09-01 21:23:14.340 28194 28258 E cbim    : 	at cblq.r(PG:2)
09-01 21:23:14.340 28194 28258 E cbim    : 	at bwnj.l(PG:1)
09-01 21:23:14.340 28194 28258 E cbim    : 	at blva.a(PG:15)
09-01 21:23:14.340 28194 28258 E cbim    : 	at ajoc.a(PG:2)
09-01 21:23:14.340 28194 28258 E cbim    : 	at bkwj.n(PG:3)
09-01 21:23:14.340 28194 28258 E cbim    : 	at bkvy.a(Unknown Source:4)
09-01 21:23:14.340 28194 28258 E cbim    : 	at bwkx.a(PG:3)
09-01 21:23:14.340 28194 28258 E cbim    : 	at cbiq.d(PG:2)
09-01 21:23:14.340 28194 28258 E cbim    : 	at cbis.run(PG:9)
09-01 21:23:14.340 28194 28258 E cbim    : 	at cbmw.run(PG:4)
09-01 21:23:14.340 28194 28258 E cbim    : 	at bhwb.run(PG:1)
09-01 21:23:14.340 28194 28258 E cbim    : 	at java.util.concurrent.ThreadPoolExecutor.runWorker(ThreadPoolExecutor.java:1167)
09-01 21:23:14.340 28194 28258 E cbim    : 	at java.util.concurrent.ThreadPoolExecutor$Worker.run(ThreadPoolExecutor.java:641)
09-01 21:23:14.340 28194 28258 E cbim    : 	at bhvg.run(PG:2)
09-01 21:23:14.340 28194 28258 E cbim    : 	at bhvn.run(PG:3)
09-01 21:23:14.340 28194 28258 E cbim    : 	at java.lang.Thread.run(Thread.java:923)
09-01 21:23:14.340 28194 28258 E cbim    : RuntimeException while executing runnable cblj{bwle@453eb20} with executor MoreExecutors.directExecutor()
09-01 21:23:14.340 28194 28258 E cbim    : java.lang.NullPointerException: Attempt to read from field 'java.lang.String bkqn.b' on a null object reference
09-01 21:23:14.340 28194 28258 E cbim    : 	at bluy.b(PG:2)
09-01 21:23:14.340 28194 28258 E cbim    : 	at bwle.b(PG:3)
09-01 21:23:14.340 28194 28258 E cbim    : 	at cblj.run(PG:7)
09-01 21:23:14.340 28194 28258 E cbim    : 	at cbkn.execute(PG:1)
09-01 21:23:14.340 28194 28258 E cbim    : 	at cbim.o(PG:1)
09-01 21:23:14.340 28194 28258 E cbim    : 	at cbim.b(PG:5)
09-01 21:23:14.340 28194 28258 E cbim    : 	at cblq.r(PG:2)
09-01 21:23:14.340 28194 28258 E cbim    : 	at bwnj.l(PG:1)
09-01 21:23:14.340 28194 28258 E cbim    : 	at blva.a(PG:15)
09-01 21:23:14.340 28194 28258 E cbim    : 	at ajoc.a(PG:2)
09-01 21:23:14.340 28194 28258 E cbim    : 	at bkwj.n(PG:3)
09-01 21:23:14.340 28194 28258 E cbim    : 	at bkvy.a(Unknown Source:4)
09-01 21:23:14.340 28194 28258 E cbim    : 	at bwkx.a(PG:3)
09-01 21:23:14.340 28194 28258 E cbim    : 	at cbiq.d(PG:2)
09-01 21:23:14.340 28194 28258 E cbim    : 	at cbis.run(PG:9)
09-01 21:23:14.340 28194 28258 E cbim    : 	at cbmw.run(PG:4)
09-01 21:23:14.340 28194 28258 E cbim    : 	at bhwb.run(PG:1)
09-01 21:23:14.340 28194 28258 E cbim    : 	at java.util.concurrent.ThreadPoolExecutor.runWorker(ThreadPoolExecutor.java:1167)
09-01 21:23:14.340 28194 28258 E cbim    : 	at java.util.concurrent.ThreadPoolExecutor$Worker.run(ThreadPoolExecutor.java:641)
09-01 21:23:14.340 28194 28258 E cbim    : 	at bhvg.run(PG:2)
09-01 21:23:14.340 28194 28258 E cbim    : 	at bhvn.run(PG:3)
09-01 21:23:14.340 28194 28258 E cbim    : 	at java.lang.Thread.run(Thread.java:923)
09-01 21:23:15.221 28194 28258 D PhFileGroupPop: Added file groups webref-model-local-index
09-01 21:23:15.223 28194 28258 D PhFileGroupPop: Added file groups smart_actions_grammars
09-01 21:23:15.225 28194 28258 D PhFileGroupPop: Added file groups smart_actions_ml_models
09-01 21:23:15.225 28194 28258 D PhFileGroupPop: Added file groups text_classifier
09-01 21:23:15.227 28194 28258 D PhFileGroupPop: Added file groups smart_actions_emotive_models
09-01 21:23:15.247 28194 28258 D PhFileGroupPop: Added file groups smarts_expressive_content_scoped_v1
09-01 21:23:15.248 28194 28258 D PhFileGroupPop: Added file groups smart_actions_sensitive_classifier_models
09-01 21:23:15.248 28194 28258 D PhFileGroupPop: Added file groups scripted_reply
09-01 21:23:15.249 28194 28258 D PhFileGroupPop: Added file groups multitask_experiment
09-01 21:23:15.249 28194 28258 D PhFileGroupPop: Added file groups spam_verdict_enforcement_policy_config
09-01 21:23:15.250 28194 28258 D PhFileGroupPop: Added file groups smart_suggestion_reranker_models
09-01 21:23:15.250 28194 28258 D PhFileGroupPop: Added file groups nudge
09-01 21:23:15.251 28194 28258 D PhFileGroupPop: Added file groups calendar_appointment_grammar
09-01 21:23:15.251 28194 28258 D PhFileGroupPop: Added file groups smart_actions_smart_assistant
09-01 21:23:15.252 28194 28258 D PhFileGroupPop: Added file groups birthday_suggestion
09-01 21:23:15.252 28194 28258 D PhFileGroupPop: Added file groups birthday_grammars
09-01 21:23:15.256 28194 28258 I WM-WorkerWrapper: Worker result SUCCESS for Work [ id=52c83975-9aa8-419d-bf12-507aee347128, tags={ MDD.WIFI.CHARGING.PERIODIC.TASK, com.google.android.libraries.mdi.download.workmanager.workers.PeriodicWorker } ]
09-01 21:23:16.166   901  1000 D VSC     : @ 41382.618: [WO] tilt angle 89
09-01 21:23:17.260   901  2806 I sensors-hal: [ssc_utils]get_qmi_debug_flag:244, support_qmi_debug : false
09-01 21:23:17.272 27979 27991 I m.opera.browse: WaitForGcToComplete blocked RunEmptyCheckpoint on ProfileSaver for 31.374ms
09-01 21:23:17.275   594   655 I SDM     : HWDeviceDRM::UpdateMixerAttributes: Mixer WxH 1080x2340-1 for Peripheral
09-01 21:23:17.275   594   655 I SDM     : DisplayBase::SetActiveConfig: Active configuration changed to: 0
09-01 21:23:17.275   594   655 I SDM     : StrategyImpl::SetIdleTimeoutMs: Idle timeout set to zero for command mode panels
09-01 21:23:17.279   901  2806 I sensors-hal: [ssc_utils]get_qmi_debug_flag:244, support_qmi_debug : false
09-01 21:23:17.285   901  1000 W ASH     : @ 41383.738: Unhandled msg ID 999: line 1277
09-01 21:23:17.285   901  1000 E ASH     : @ 41383.738: No pb callback assigned
09-01 21:23:17.285   901  1000 E ASH     : @ 41383.738: Nanopb error: callback failed:1588
09-01 21:23:17.285  1513  1572 I DisplayManagerService: Display device changed: DisplayDeviceInfo{"Built-in Screen": uniqueId="local:19260504575090817", 1080 x 2340, modeId 2, defaultModeId 2, supportedModes [{id=1, width=1080, height=2340, fps=90.0}, {id=2, width=1080, height=2340, fps=60.000004}], colorMode 0, supportedColorModes [0, 7, 9], HdrCapabilities HdrCapabilities{mSupportedHdrTypes=[2, 3, 4], mMaxLuminance=500.0, mMaxAverageLuminance=500.0, mMinLuminance=0.0}, allmSupported false, gameContentTypeSupported false, density 440, 435.428 x 433.839 dpi, appVsyncOff 2333332, presDeadline 11500000, cutout DisplayCutout{insets=Rect(0, 136 - 0, 0) waterfall=Insets{left=0, top=0, right=0, bottom=0} boundingRect={Bounds=[Rect(0, 0 - 0, 0), Rect(0, 0 - 136, 136), Rect(0, 0 - 0, 0), Rect(0, 0 - 0, 0)]}}, touch INTERNAL, rotation 0, type INTERNAL, address {port=129, model=0x446d53ad64a0}, deviceProductInfo DeviceProductInfo{name=, manufacturerPnpId=QCM, productId=1, modelYear=null, manufactureDate=ManufactureDate{week=27, year=2006}, relativeAddress=null}, state ON, FLAG_DEFAULT_DISPLAY, FLAG_ROTATES_WITH_CONTENT, FLAG_SECURE, FLAG_SUPPORTS_PROTECTED_BUFFERS}
09-01 21:23:17.286   901  1000 W ASH     : @ 41383.738: Unhandled msg ID 999: line 1277
09-01 21:23:17.286   901  1000 E ASH     : @ 41383.738: No pb callback assigned
09-01 21:23:17.286   901  1000 E ASH     : @ 41383.738: Nanopb error: callback failed:1588
09-01 21:23:17.297   594   655 I SDM     : StrategyImpl::SetIdleTimeoutMs: Idle timeout set to zero for command mode panels
09-01 21:23:17.364  1513  2000 D ConnectivityService: NetReassign [no changes]
09-01 21:23:17.481 28450 28450 W app_process: type=1400 audit(0.0:5049): avc: denied { read } for name="u:object_r:device_config_runtime_native_boot_prop:s0" dev="tmpfs" ino=10163 scontext=u:r:shell:s0 tcontext=u:object_r:device_config_runtime_native_boot_prop:s0 tclass=file permissive=0
09-01 21:23:17.481 28450 28450 I chatty  : uid=2000(shell) app_process identical 2 lines
09-01 21:23:17.481 28450 28450 W app_process: type=1400 audit(0.0:5052): avc: denied { read } for name="u:object_r:device_config_runtime_native_boot_prop:s0" dev="tmpfs" ino=10163 scontext=u:r:shell:s0 tcontext=u:object_r:device_config_runtime_native_boot_prop:s0 tclass=file permissive=0
09-01 21:23:17.483 28450 28450 D AndroidRuntime: >>>>>> START com.android.internal.os.RuntimeInit uid 2000 <<<<<<
09-01 21:23:17.485 28450 28450 E libc    : Access denied finding property "persist.device_config.runtime_native_boot.profilebootclasspath"
09-01 21:23:17.485 28450 28450 E libc    : Access denied finding property "persist.device_config.runtime_native_boot.enable_apex_image"
09-01 21:23:17.485 28450 28450 I AndroidRuntime: Using default boot image
09-01 21:23:17.485 28450 28450 E libc    : Access denied finding property "persist.device_config.runtime_native_boot.disable_lock_profiling"
09-01 21:23:17.485 28450 28450 I AndroidRuntime: Leaving lock profiling enabled
09-01 21:23:17.485 28450 28450 E libc    : Access denied finding property "persist.device_config.runtime_native_boot.enable_generational_cc"
09-01 21:23:17.543 28450 28450 D app_process: Time zone APEX ICU file found: /apex/com.android.tzdata/etc/icu/icu_tzdata.dat
09-01 21:23:17.544 28450 28450 D app_process: I18n APEX ICU file found: /apex/com.android.i18n/etc/icu/icudt66l.dat
09-01 21:23:17.549 28450 28450 I app_process: The ClassLoaderContext is a special shared library.
09-01 21:23:17.564 28450 28450 W app_process: JNI RegisterNativeMethods: attempt to register 0 native methods for android.media.AudioAttributes
09-01 21:23:17.568 28450 28450 D AndroidRuntime: Calling main entry com.android.commands.input.Input
09-01 21:23:17.574   594   655 I SDM     : HWDeviceDRM::UpdateMixerAttributes: Mixer WxH 1080x2340-1 for Peripheral
09-01 21:23:17.574   594   655 I SDM     : DisplayBase::SetActiveConfig: Active configuration changed to: 1
09-01 21:23:17.574   594   655 I SDM     : StrategyImpl::SetIdleTimeoutMs: Idle timeout set to zero for command mode panels
09-01 21:23:17.574  1513  1572 I DisplayManagerService: Display device changed: DisplayDeviceInfo{"Built-in Screen": uniqueId="local:19260504575090817", 1080 x 2340, modeId 1, defaultModeId 2, supportedModes [{id=1, width=1080, height=2340, fps=90.0}, {id=2, width=1080, height=2340, fps=60.000004}], colorMode 0, supportedColorModes [0, 7, 9], HdrCapabilities HdrCapabilities{mSupportedHdrTypes=[2, 3, 4], mMaxLuminance=500.0, mMaxAverageLuminance=500.0, mMinLuminance=0.0}, allmSupported false, gameContentTypeSupported false, density 440, 435.428 x 433.839 dpi, appVsyncOff 2333333, presDeadline 11500000, cutout DisplayCutout{insets=Rect(0, 136 - 0, 0) waterfall=Insets{left=0, top=0, right=0, bottom=0} boundingRect={Bounds=[Rect(0, 0 - 0, 0), Rect(0, 0 - 136, 136), Rect(0, 0 - 0, 0), Rect(0, 0 - 0, 0)]}}, touch INTERNAL, rotation 0, type INTERNAL, address {port=129, model=0x446d53ad64a0}, deviceProductInfo DeviceProductInfo{name=, manufacturerPnpId=QCM, productId=1, modelYear=null, manufactureDate=ManufactureDate{week=27, year=2006}, relativeAddress=null}, state ON, FLAG_DEFAULT_DISPLAY, FLAG_ROTATES_WITH_CONTENT, FLAG_SECURE, FLAG_SUPPORTS_PROTECTED_BUFFERS}
09-01 21:23:17.578   901  2806 I sensors-hal: [ssc_utils]get_qmi_debug_flag:244, support_qmi_debug : false
09-01 21:23:17.586 28450 28450 D AndroidRuntime: Shutting down VM
09-01 21:23:17.605   901  1000 W ASH     : @ 41384.058: Unhandled msg ID 999: line 1277
09-01 21:23:17.605   901  1000 E ASH     : @ 41384.058: No pb callback assigned
09-01 21:23:17.605   901  1000 E ASH     : @ 41384.058: Nanopb error: callback failed:1588
09-01 21:23:17.667 28168 28184 I ileged_process: WaitForGcToComplete blocked RunEmptyCheckpoint on ProfileSaver for 20.319ms
09-01 21:23:17.688   901  2806 I sensors-hal: [ssc_utils]get_qmi_debug_flag:244, support_qmi_debug : false
09-01 21:23:17.698   901  1000 W ASH     : @ 41384.150: Unhandled msg ID 999: line 1277
09-01 21:23:17.698   901  1000 E ASH     : @ 41384.150: No pb callback assigned
09-01 21:23:17.698   901  1000 E ASH     : @ 41384.150: Nanopb error: callback failed:1588
09-01 21:23:17.781 28194 28235 I .apps.messagin: Waiting for a blocking GC ProfileSaver
09-01 21:23:17.806 28194 28235 I .apps.messagin: WaitForGcToComplete blocked ProfileSaver on RunEmptyCheckpoint for 24.817ms
09-01 21:23:18.137 28478 28480 I cmd     : oneway function results will be dropped but finished with status OK and parcel size 4
09-01 21:23:18.143 27895 27895 I BatteryMgr:DataCollectionService: onStartCommand: begin
09-01 21:23:18.144 27895 27895 I BatteryMgr:DataCollectionService: onStartCommand: sampleRate => 100
09-01 21:23:18.144 27895 27895 I BatteryMgr:DataCollectionService: onStartCommand: rawFields => Timestamp,BATTERY_PROPERTY_CURRENT_NOW,EXTRA_VOLTAGE
09-01 21:23:18.145 27895 27895 I BatteryMgr:DataCollectionService: onStartCommand: notification done
09-01 21:23:18.147  1513  4618 D CompatibilityChangeReporter: Compat change id reported: 136219221; UID 10260; state: ENABLED
09-01 21:23:18.147 27895 27895 I BatteryMgr:DataCollectionService: started foreground
09-01 21:23:18.165   901  1000 D VSC     : @ 41384.618: [WO] tilt angle 89
09-01 21:23:18.166 27895 28483 I BatteryMgr:DataCollectionService: collectData: begin
09-01 21:23:18.171 27895 28483 I BatteryMgr:DataCollectionService: stats => 1693596198171,5493,4406
09-01 21:23:18.276 27895 28483 I BatteryMgr:DataCollectionService: stats => 1693596198276,5493,4406
09-01 21:23:18.350  1513  1513 D NotificationService: 0|com.example.batterymanager_utility|1|null|10260: granting content://settings/system/notification_sound
09-01 21:23:18.351  1513  1513 I chatty  : uid=1000(system) Binder:1513_3 identical 3 lines
09-01 21:23:18.351  1513  1513 D NotificationService: 0|com.example.batterymanager_utility|1|null|10260: granting content://settings/system/notification_sound
09-01 21:23:18.352  1513  1513 W NotificationHistory: Attempted to add notif for locked/gone/disabled user 0
09-01 21:23:18.359  2062  2062 D InterruptionStateProvider: No bubble up: not allowed to bubble: 0|com.example.batterymanager_utility|1|null|10260
09-01 21:23:18.359  2062  2062 D InterruptionStateProvider: No heads up: unimportant notification: 0|com.example.batterymanager_utility|1|null|10260
09-01 21:23:18.380 27895 28483 I BatteryMgr:DataCollectionService: stats => 1693596198380,5493,4406
09-01 21:23:18.395   901  2806 I sensors-hal: [ssc_utils]get_qmi_debug_flag:244, support_qmi_debug : false
09-01 21:23:18.405   901  1000 W ASH     : @ 41384.858: Unhandled msg ID 999: line 1277
09-01 21:23:18.405   901  1000 E ASH     : @ 41384.858: No pb callback assigned
09-01 21:23:18.405   901  1000 E ASH     : @ 41384.858: Nanopb error: callback failed:1588
09-01 21:23:18.474   594   655 I SDM     : HWDeviceDRM::UpdateMixerAttributes: Mixer WxH 1080x2340-1 for Peripheral
09-01 21:23:18.475   594   655 I SDM     : DisplayBase::SetActiveConfig: Active configuration changed to: 0
09-01 21:23:18.475   594   655 I SDM     : StrategyImpl::SetIdleTimeoutMs: Idle timeout set to zero for command mode panels
09-01 21:23:18.479   901  2806 I sensors-hal: [ssc_utils]get_qmi_debug_flag:244, support_qmi_debug : false
09-01 21:23:18.484 27895 28483 I BatteryMgr:DataCollectionService: stats => 1693596198484,5493,4406
09-01 21:23:18.485  1513  1572 I DisplayManagerService: Display device changed: DisplayDeviceInfo{"Built-in Screen": uniqueId="local:19260504575090817", 1080 x 2340, modeId 2, defaultModeId 2, supportedModes [{id=1, width=1080, height=2340, fps=90.0}, {id=2, width=1080, height=2340, fps=60.000004}], colorMode 0, supportedColorModes [0, 7, 9], HdrCapabilities HdrCapabilities{mSupportedHdrTypes=[2, 3, 4], mMaxLuminance=500.0, mMaxAverageLuminance=500.0, mMinLuminance=0.0}, allmSupported false, gameContentTypeSupported false, density 440, 435.428 x 433.839 dpi, appVsyncOff 2333332, presDeadline 11500000, cutout DisplayCutout{insets=Rect(0, 136 - 0, 0) waterfall=Insets{left=0, top=0, right=0, bottom=0} boundingRect={Bounds=[Rect(0, 0 - 0, 0), Rect(0, 0 - 136, 136), Rect(0, 0 - 0, 0), Rect(0, 0 - 0, 0)]}}, touch INTERNAL, rotation 0, type INTERNAL, address {port=129, model=0x446d53ad64a0}, deviceProductInfo DeviceProductInfo{name=, manufacturerPnpId=QCM, productId=1, modelYear=null, manufactureDate=ManufactureDate{week=27, year=2006}, relativeAddress=null}, state ON, FLAG_DEFAULT_DISPLAY, FLAG_ROTATES_WITH_CONTENT, FLAG_SECURE, FLAG_SUPPORTS_PROTECTED_BUFFERS}
09-01 21:23:18.486   594   655 I SDM     : StrategyImpl::SetIdleTimeoutMs: Idle timeout set to zero for command mode panels
09-01 21:23:18.486   901  1000 W ASH     : @ 41384.939: Unhandled msg ID 999: line 1277
09-01 21:23:18.486   901  1000 E ASH     : @ 41384.939: No pb callback assigned
09-01 21:23:18.486   901  1000 E ASH     : @ 41384.939: Nanopb error: callback failed:1588
09-01 21:23:18.587 27895 28483 I BatteryMgr:DataCollectionService: stats => 1693596198587,5493,4406
09-01 21:23:18.691 27895 28483 I BatteryMgr:DataCollectionService: stats => 1693596198691,5493,4406
09-01 21:23:18.796 27895 28483 I BatteryMgr:DataCollectionService: stats => 1693596198796,5493,4406
09-01 21:23:18.902 27895 28483 I BatteryMgr:DataCollectionService: stats => 1693596198902,5493,4406
09-01 21:23:19.007 27895 28483 I BatteryMgr:DataCollectionService: stats => 1693596199007,5493,4406
09-01 21:23:19.115 27895 28483 I BatteryMgr:DataCollectionService: stats => 1693596199114,5493,4406
09-01 21:23:19.221 27895 28483 I BatteryMgr:DataCollectionService: stats => 1693596199221,5493,4406
09-01 21:23:19.325 27895 28483 I BatteryMgr:DataCollectionService: stats => 1693596199325,5493,4406
09-01 21:23:19.432 27895 28483 I BatteryMgr:DataCollectionService: stats => 1693596199432,5493,4406
09-01 21:23:19.539 27895 28483 I BatteryMgr:DataCollectionService: stats => 1693596199539,5493,4406
09-01 21:23:19.645 27895 28483 I BatteryMgr:DataCollectionService: stats => 1693596199645,5493,4406
09-01 21:23:19.752 27895 28483 I BatteryMgr:DataCollectionService: stats => 1693596199752,5493,4406
09-01 21:23:19.804 28194 28222 V ClearcutMetricXmitter: Transmission is done.
09-01 21:23:19.805 28194 28222 V ClearcutMetricXmitter: Transmission is done.
09-01 21:23:19.859 27895 28483 I BatteryMgr:DataCollectionService: stats => 1693596199858,5493,4406
09-01 21:23:19.965 27895 28483 I BatteryMgr:DataCollectionService: stats => 1693596199965,5493,4406
09-01 21:23:20.070 27895 28483 I BatteryMgr:DataCollectionService: stats => 1693596200069,5493,4406
09-01 21:23:20.166   901  1000 D VSC     : @ 41386.618: [WO] tilt angle 89
09-01 21:23:20.176 27895 28483 I BatteryMgr:DataCollectionService: stats => 1693596200176,5493,4406
09-01 21:23:20.283 27895 28483 I BatteryMgr:DataCollectionService: stats => 1693596200282,5493,4406
09-01 21:23:20.378  1513  2000 D ConnectivityService: NetReassign [no changes]
09-01 21:23:20.385 27895 28483 I BatteryMgr:DataCollectionService: stats => 1693596200385,5493,4406
09-01 21:23:20.388  1513  4618 I ActivityTaskManager: START u0 {act=android.intent.action.VIEW dat=http://192.168.88.177:8000/... flg=0x10000000 cmp=com.opera.browser/com.opera.Opera} from uid 2000
09-01 21:23:20.388  1513  1572 D EventSequenceValidator: inc AccIntentStartedEvents to 2
09-01 21:23:20.390 28513 28515 I cmd     : oneway function results will be dropped but finished with status OK and parcel size 4
09-01 21:23:20.392  1513  1572 D EventSequenceValidator: dec AccIntentStartedEvents to 1
09-01 21:23:20.420   594   655 I SDM     : HWDeviceDRM::UpdateMixerAttributes: Mixer WxH 1080x2340-1 for Peripheral
09-01 21:23:20.420   594   655 I SDM     : DisplayBase::SetActiveConfig: Active configuration changed to: 1
09-01 21:23:20.420   594   655 I SDM     : StrategyImpl::SetIdleTimeoutMs: Idle timeout set to zero for command mode panels
09-01 21:23:20.424  1513  1572 I DisplayManagerService: Display device changed: DisplayDeviceInfo{"Built-in Screen": uniqueId="local:19260504575090817", 1080 x 2340, modeId 1, defaultModeId 2, supportedModes [{id=1, width=1080, height=2340, fps=90.0}, {id=2, width=1080, height=2340, fps=60.000004}], colorMode 0, supportedColorModes [0, 7, 9], HdrCapabilities HdrCapabilities{mSupportedHdrTypes=[2, 3, 4], mMaxLuminance=500.0, mMaxAverageLuminance=500.0, mMinLuminance=0.0}, allmSupported false, gameContentTypeSupported false, density 440, 435.428 x 433.839 dpi, appVsyncOff 2333333, presDeadline 11500000, cutout DisplayCutout{insets=Rect(0, 136 - 0, 0) waterfall=Insets{left=0, top=0, right=0, bottom=0} boundingRect={Bounds=[Rect(0, 0 - 0, 0), Rect(0, 0 - 136, 136), Rect(0, 0 - 0, 0), Rect(0, 0 - 0, 0)]}}, touch INTERNAL, rotation 0, type INTERNAL, address {port=129, model=0x446d53ad64a0}, deviceProductInfo DeviceProductInfo{name=, manufacturerPnpId=QCM, productId=1, modelYear=null, manufactureDate=ManufactureDate{week=27, year=2006}, relativeAddress=null}, state ON, FLAG_DEFAULT_DISPLAY, FLAG_ROTATES_WITH_CONTENT, FLAG_SECURE, FLAG_SUPPORTS_PROTECTED_BUFFERS}
09-01 21:23:20.426   901  2806 I sensors-hal: [ssc_utils]get_qmi_debug_flag:244, support_qmi_debug : false
09-01 21:23:20.445   901  1000 W ASH     : @ 41386.898: Unhandled msg ID 999: line 1277
09-01 21:23:20.445   901  1000 E ASH     : @ 41386.898: No pb callback assigned
09-01 21:23:20.445   901  1000 E ASH     : @ 41386.898: Nanopb error: callback failed:1588
09-01 21:23:20.469  1513  2262 D CompatibilityChangeReporter: Compat change id reported: 135634846; UID 10261; state: DISABLED
09-01 21:23:20.469  1513  1625 D CompatibilityChangeReporter: Compat change id reported: 143937733; UID 10261; state: ENABLED
09-01 21:23:20.480   779   779 D Zygote  : Forked child process 28530
09-01 21:23:20.481  1513  1625 I ActivityManager: Start proc 28530:com.opera.browser:sandboxed_process1/u0a261 for service {com.opera.browser/com.opera.android.browser.chromium.services.SandboxedProcessService1}
09-01 21:23:20.483  1513  2093 W AutofillInlineSuggestionsRequestSession: Never received an InlineSuggestionsRequest from the IME for 1073741824@867862880
09-01 21:23:20.483  2512  2512 V InlineSuggestionRenderService: handleDestroySuggestionViews called for 0:867862880
09-01 21:23:20.484  1075  2202 W ServiceManager: Permission failure: android.permission.SYSTEM_CAMERA from uid=10261 pid=27979
09-01 21:23:20.485  1075  2202 I chatty  : uid=1047(cameraserver) Binder:1075_3 identical 3 lines
09-01 21:23:20.485  1075  2202 W ServiceManager: Permission failure: android.permission.SYSTEM_CAMERA from uid=10261 pid=27979
09-01 21:23:20.485  1075  9535 W ServiceManager: Permission failure: android.permission.SYSTEM_CAMERA from uid=10261 pid=27979
09-01 21:23:20.489 27895 28483 I BatteryMgr:DataCollectionService: stats => 1693596200489,5493,4406
09-01 21:23:20.492 28530 28530 E dboxed_process: Not starting debugger since process cannot load the jdwp agent.
09-01 21:23:20.495 10955 11608 I Finsky  : [5301] ncc.l(14): com.opera.browser: Account determined from installer data - [y0_1NG5HTmzf0bF7VytAKz9iHAD6w7yU52Le3i0fi68]
09-01 21:23:20.496 10955 11608 I Finsky  : [5301] ncc.l(61): Billing preferred account via installer for com.opera.browser: [y0_1NG5HTmzf0bF7VytAKz9iHAD6w7yU52Le3i0fi68]
09-01 21:23:20.507  1513  3246 D CompatibilityChangeReporter: Compat change id reported: 136274596; UID 10261; state: ENABLED
09-01 21:23:20.521 27979 27979 I AssistStructure: Flattened final assist data: 6396 bytes, containing 1 windows, 52 views
09-01 21:23:20.523  1513  3168 D ContentCapturePerUserService: Notified activity assist data for activity: Token{f8fa40f ActivityRecord{6bf9c9c u0 com.opera.browser/com.opera.Opera t1670}} without a session Id
09-01 21:23:20.529  2858  2858 I GoogleInputMethodService: GoogleInputMethodService.onFinishInput():3280 
09-01 21:23:20.530  2858  2858 I GoogleInputMethodService: GoogleInputMethodService.updateDeviceLockedStatus():2169 repeatCheckTimes = 0, unlocked = true
09-01 21:23:20.530  2858  2858 I GoogleInputMethodService: GoogleInputMethodService.onStartInput():1960 onStartInput(EditorInfo{inputType=0x0(NULL) imeOptions=0x0 privateImeOptions=null actionName=UNSPECIFIED actionLabel=null actionId=0 initialSelStart=-1 initialSelEnd=-1 initialCapsMode=0x0 hintText=null label=null packageName=com.opera.browser fieldId=2131361887 fieldName=null extras=null}, false)
09-01 21:23:20.530  2858  2858 I GoogleInputMethodService: GoogleInputMethodService.shouldHideHeaderOnInitialState():4081 ShouldHideHeaderOnInitialState = false
09-01 21:23:20.531  2858  2858 I GoogleInputMethodService: GoogleInputMethodService.updateDeviceLockedStatus():2169 repeatCheckTimes = 2, unlocked = true
09-01 21:23:20.551 28530 28530 W dboxed_process: JIT profile information will not be recorded: profile file does not exist.
09-01 21:23:20.551 28530 28530 W dboxed_process: JIT profile information will not be recorded: profile file does not exist.
09-01 21:23:20.561  2816 18352 W NetworkScheduler: Error inserting flex_time=435000 job_id=-1 period=871000 source=16 requires_charging=0 preferred_network_type=1 target_class=com.google.android.gms.measurement.PackageMeasurementTaskService user_id=0 target_package=com.google.android.gms tag=Measurement.PackageMeasurementTaskService.UPLOAD_TASK_TAG task_type=0 required_idleness_state=0 service_kind=0 source_version=224312000 persistence_level=1 preferred_charging_state=1 required_network_type=0 runtime=1693596200554 retry_strategy={"maximum_backoff_seconds":{"3600":0},"initial_backoff_seconds":{"30":0},"retry_policy":{"0":0}} last_runtime=0 [CONTEXT service_id=218 ]
09-01 21:23:20.561  2816 18352 W NetworkScheduler: android.database.sqlite.SQLiteConstraintException: UNIQUE constraint failed: pending_ops.tag, pending_ops.target_class, pending_ops.target_package, pending_ops.user_id (code 2067 SQLITE_CONSTRAINT_UNIQUE)
09-01 21:23:20.561  2816 18352 W NetworkScheduler: 	at android.database.sqlite.SQLiteConnection.nativeExecuteForLastInsertedRowId(Native Method)
09-01 21:23:20.561  2816 18352 W NetworkScheduler: 	at android.database.sqlite.SQLiteConnection.executeForLastInsertedRowId(SQLiteConnection.java:938)
09-01 21:23:20.561  2816 18352 W NetworkScheduler: 	at android.database.sqlite.SQLiteSession.executeForLastInsertedRowId(SQLiteSession.java:790)
09-01 21:23:20.561  2816 18352 W NetworkScheduler: 	at android.database.sqlite.SQLiteStatement.executeInsert(SQLiteStatement.java:88)
09-01 21:23:20.561  2816 18352 W NetworkScheduler: 	at android.database.sqlite.SQLiteDatabase.insertWithOnConflict(SQLiteDatabase.java:1701)
09-01 21:23:20.561  2816 18352 W NetworkScheduler: 	at android.database.sqlite.SQLiteDatabase.insertOrThrow(SQLiteDatabase.java:1596)
09-01 21:23:20.561  2816 18352 W NetworkScheduler: 	at biky.g(:com.google.android.gms@224312037@22.43.12 (150400-483592595):53)
09-01 21:23:20.561  2816 18352 W NetworkScheduler: 	at bijr.n(:com.google.android.gms@224312037@22.43.12 (150400-483592595):3)
09-01 21:23:20.561  2816 18352 W NetworkScheduler: 	at bijr.u(:com.google.android.gms@224312037@22.43.12 (150400-483592595):20)
09-01 21:23:20.561  2816 18352 W NetworkScheduler: 	at bijr.h(:com.google.android.gms@224312037@22.43.12 (150400-483592595):3)
09-01 21:23:20.561  2816 18352 W NetworkScheduler: 	at bifi.run(:com.google.android.gms@224312037@22.43.12 (150400-483592595):9)
09-01 21:23:20.561  2816 18352 W NetworkScheduler: 	at zqv.c(:com.google.android.gms@224312037@22.43.12 (150400-483592595):6)
09-01 21:23:20.561  2816 18352 W NetworkScheduler: 	at zqv.run(:com.google.android.gms@224312037@22.43.12 (150400-483592595):7)
09-01 21:23:20.561  2816 18352 W NetworkScheduler: 	at java.util.concurrent.ThreadPoolExecutor.runWorker(ThreadPoolExecutor.java:1167)
09-01 21:23:20.561  2816 18352 W NetworkScheduler: 	at java.util.concurrent.ThreadPoolExecutor$Worker.run(ThreadPoolExecutor.java:641)
09-01 21:23:20.561  2816 18352 W NetworkScheduler: 	at zwa.run(:com.google.android.gms@224312037@22.43.12 (150400-483592595):0)
09-01 21:23:20.561  2816 18352 W NetworkScheduler: 	at java.lang.Thread.run(Thread.java:923)
09-01 21:23:20.562 28530 28530 D NetworkSecurityConfig: Using Network Security Config from resource network_security_config_official_build debugBuild: false
09-01 21:23:20.563 28530 28530 D NetworkSecurityConfig: Using Network Security Config from resource network_security_config_official_build debugBuild: false
09-01 21:23:20.593 27895 28483 I BatteryMgr:DataCollectionService: stats => 1693596200593,5493,4406
09-01 21:23:20.696 27895 28483 I BatteryMgr:DataCollectionService: stats => 1693596200696,5493,4406
09-01 21:23:20.802 27895 28483 I BatteryMgr:DataCollectionService: stats => 1693596200802,5493,4406
09-01 21:23:20.908 27895 28483 I BatteryMgr:DataCollectionService: stats => 1693596200908,5493,4406
09-01 21:23:21.015 27895 28483 I BatteryMgr:DataCollectionService: stats => 1693596201015,5493,4406
09-01 21:23:21.121 27895 28483 I BatteryMgr:DataCollectionService: stats => 1693596201120,5493,4406
09-01 21:23:21.228 27895 28483 I BatteryMgr:DataCollectionService: stats => 1693596201228,5493,4406
09-01 21:23:21.334 27895 28483 I BatteryMgr:DataCollectionService: stats => 1693596201334,5493,4406
09-01 21:23:21.441 27895 28483 I BatteryMgr:DataCollectionService: stats => 1693596201441,5493,4406
09-01 21:23:21.548 27895 28483 I BatteryMgr:DataCollectionService: stats => 1693596201548,5493,4406
09-01 21:23:21.654 27895 28483 I BatteryMgr:DataCollectionService: stats => 1693596201654,5493,4406
09-01 21:23:21.762 27895 28483 I BatteryMgr:DataCollectionService: stats => 1693596201761,5493,4406
09-01 21:23:21.867 27895 28483 I BatteryMgr:DataCollectionService: stats => 1693596201867,5493,4406
09-01 21:23:21.974 27895 28483 I BatteryMgr:DataCollectionService: stats => 1693596201973,5493,4406
09-01 21:23:22.080 27895 28483 I BatteryMgr:DataCollectionService: stats => 1693596202079,5493,4406
09-01 21:23:22.145   901  1000 D VSC     : @ 41388.597: [WO] tilt angle 89
09-01 21:23:22.186 27895 28483 I BatteryMgr:DataCollectionService: stats => 1693596202186,5493,4406
09-01 21:23:22.293 27895 28483 I BatteryMgr:DataCollectionService: stats => 1693596202292,5493,4406
09-01 21:23:22.399 27895 28483 I BatteryMgr:DataCollectionService: stats => 1693596202399,5493,4406
09-01 21:23:22.487   901  2806 I sensors-hal: [ssc_utils]get_qmi_debug_flag:244, support_qmi_debug : false
09-01 21:23:22.504 27895 28483 I BatteryMgr:DataCollectionService: stats => 1693596202504,5493,4406
09-01 21:23:22.505   901  2806 I sensors-hal: [ssc_utils]get_qmi_debug_flag:244, support_qmi_debug : false
09-01 21:23:22.525   901  1000 W ASH     : @ 41388.978: Unhandled msg ID 999: line 1277
09-01 21:23:22.526   901  1000 E ASH     : @ 41388.978: No pb callback assigned
09-01 21:23:22.526   901  1000 E ASH     : @ 41388.978: Nanopb error: callback failed:1588
09-01 21:23:22.609 27895 28483 I BatteryMgr:DataCollectionService: stats => 1693596202609,5493,4406
09-01 21:23:22.714 27895 28483 I BatteryMgr:DataCollectionService: stats => 1693596202714,5493,4406
09-01 21:23:22.819 27895 28483 I BatteryMgr:DataCollectionService: stats => 1693596202819,5493,4406
09-01 21:23:22.891   901  2806 I sensors-hal: [ssc_utils]get_qmi_debug_flag:244, support_qmi_debug : false
09-01 21:23:22.905   901  2806 I sensors-hal: [ssc_utils]get_qmi_debug_flag:244, support_qmi_debug : false
09-01 21:23:22.922 27895 28483 I BatteryMgr:DataCollectionService: stats => 1693596202922,5493,4406
09-01 21:23:22.925   901  1000 W ASH     : @ 41389.378: Unhandled msg ID 999: line 1277
09-01 21:23:22.925   901  1000 E ASH     : @ 41389.378: No pb callback assigned
09-01 21:23:22.925   901  1000 E ASH     : @ 41389.378: Nanopb error: callback failed:1588
09-01 21:23:22.968   901  2806 I sensors-hal: [ssc_utils]get_qmi_debug_flag:244, support_qmi_debug : false
09-01 21:23:22.978   901  2806 I sensors-hal: [ssc_utils]get_qmi_debug_flag:244, support_qmi_debug : false
09-01 21:23:23.006   901  1000 W ASH     : @ 41389.459: Unhandled msg ID 999: line 1277
09-01 21:23:23.006   901  1000 E ASH     : @ 41389.459: No pb callback assigned
09-01 21:23:23.007   901  1000 E ASH     : @ 41389.459: Nanopb error: callback failed:1588
09-01 21:23:23.026 27895 28483 I BatteryMgr:DataCollectionService: stats => 1693596203026,5493,4406
09-01 21:23:23.061   901  2806 I sensors-hal: [ssc_utils]get_qmi_debug_flag:244, support_qmi_debug : false
09-01 21:23:23.076   901  2806 I sensors-hal: [ssc_utils]get_qmi_debug_flag:244, support_qmi_debug : false
09-01 21:23:23.085   901  1000 W ASH     : @ 41389.538: Unhandled msg ID 999: line 1277
09-01 21:23:23.085   901  1000 E ASH     : @ 41389.538: No pb callback assigned
09-01 21:23:23.085   901  1000 E ASH     : @ 41389.538: Nanopb error: callback failed:1588
09-01 21:23:23.133 27895 28483 I BatteryMgr:DataCollectionService: stats => 1693596203133,5493,4406
09-01 21:23:23.238 27895 28483 I BatteryMgr:DataCollectionService: stats => 1693596203238,5493,4406
09-01 21:23:23.291   901  2806 I sensors-hal: [ssc_utils]get_qmi_debug_flag:244, support_qmi_debug : false
09-01 21:23:23.305   901  2806 I sensors-hal: [ssc_utils]get_qmi_debug_flag:244, support_qmi_debug : false
