09-02 11:19:54.763  3462  3462 I SurfaceFlinger: 
09-02 11:19:54.777  3979  4046 I WindowManager: Destroying surface Surface(name=com.example.batterymanager_utility/com.example.batterymanager_utility.MainActivity_dim) called by com.android.server.wm.WindowStateAnimator.destroyTransitionDimSurface:2733 com.android.server.wm.WindowState.onExitAnimationDone:5260 com.android.server.wm.AppWindowAnimator.stepAnimationLocked:508 com.android.server.wm.AppWindowToken.stepAppWindowsAnimation:1659 com.android.server.wm.WindowContainer.stepAppWindowsAnimation:521 com.android.server.wm.WindowContainer.stepAppWindowsAnimation:521 com.android.server.wm.TaskStack.stepAppWindowsAnimation:1948 com.android.server.wm.WindowContainer.stepAppWindowsAnimation:521 
09-02 11:19:54.777  3462  3501 I SurfaceFlinger: id=1295 Removed com.example.batterymanager_utility/com.example.batterymanager_utility.MainActivity_dim#0 (1/5)
09-02 11:19:54.777  3462  3501 I SurfaceFlinger: id=1295 Removed com.example.batterymanager_utility/com.example.batterymanager_utility.MainActivity_dim#0 (-2/5)
09-02 11:19:54.778  3979  4004 D CustomFrequencyManagerService: releaseDVFSLockLocked : Getting Lock type frm List : DVFS_MIN_LIMIT  frequency : 1560000  uid : 1000  pid : 3979  tag : AMS_ACT_RESUME@CPU_MIN@70
09-02 11:19:54.779  3979  4004 D ActivityManagerPerformance: AMP_release() ACT_RESUME
09-02 11:19:54.793  3462  3462 I Layer   : id=1295 onRemoved com.example.batterymanager_utility/com.example.batterymanager_utility.MainActivity_dim#0 
09-02 11:19:55.781  3449  3449 I android.hardware.wifi@1.0-service: getLinkLayerStats
09-02 11:19:56.178  3979  3979 D PreBindingService: handleMessage : 1
09-02 11:19:56.768  3979  5976 D BatteryService: !@BatteryListener : batteryPropertiesChanged!
09-02 11:19:56.770  3979  5976 D BatteryService: level:100, scale:100, status:5, health:2, present:true, voltage: 4281, temperature: 271, technology: Li-ion, AC powered:false, USB powered:true, POGO powered:false, Wireless powered:false, icon:17303834, invalid charger:0, maxChargingCurrent:0, maxChargingVoltage:0, chargeCounter:0
09-02 11:19:56.770  3979  5976 D BatteryService: online:4, current avg:-46, charge type:1, power sharing:false, high voltage charger:false, capacity:280000, batterySWSelfDischarging:false, misc_event:0, current_event:0, current_now:297
09-02 11:19:56.770  3979  3979 D BatteryService: Sending ACTION_BATTERY_CHANGED.
09-02 11:19:56.774  3979  3979 D SamsungPhoneWindowManager: ACTION_BATTERY_CHANGED - Level :: 100, battStatus :: 5
09-02 11:19:56.774  3979  3979 I MotionRecognitionService: Plugged
09-02 11:19:56.775  3979  3979 D MotionRecognitionService:   mCableConnection= 1
09-02 11:19:56.775  3979  3979 D MotionRecognitionService: setPowerConnected : mGripEnabled = false
09-02 11:19:56.776  3979  4002 D UsbDeviceManager: handleMessage -> MSG_UPDATE_CHARGING_STATE = 1
09-02 11:19:56.777  4349  4349 D KeyguardUpdateMonitor: received broadcast android.intent.action.BATTERY_CHANGED
09-02 11:19:56.780  4349  4349 D BatteryController: onReceive-ACTION_BATTERY_CHANGED : mLevel=100, mBatteryStatus=5
09-02 11:19:56.792  4349  4349 D PowerUI : priorPlugType = 2 mPlugType =  2
09-02 11:19:56.929  3979  4484 E Watchdog: !@Sync 1230 [2023-09-02 11:19:56.928]
09-02 11:19:57.292 14031 14031 E adbd    : recv: OPEN 0001bebe 00000000 0042:73 68 65 6C 6C 2C 76 32 2C 54 45 52 4D 3D 78 74 65 72 6D 2D 32 35 36 63 6F 6C 6F 72 2C 72 61 77 3A 67 65 74 70 72 6F 70 20 72 6F 2E 62 75 69 6C 64 2E 76 65 72 73 69 6F 6E 2E 72 65 6C 65 61 73 65 00 
09-02 11:19:57.292 14031 14031 E adbd    : service_to_fd: shell,v2,TERM=xterm-256color,raw:getprop ro.build.version.release
09-02 11:19:57.385 14031 14031 E adbd    : recv: OPEN 0001bec1 00000000 003e:73 68 65 6C 6C 2C 76 32 2C 54 45 52 4D 3D 78 74 65 72 6D 2D 32 35 36 63 6F 6C 6F 72 2C 72 61 77 3A 67 65 74 70 72 6F 70 20 72 6F 2E 62 75 69 6C 64 2E 76 65 72 73 69 6F 6E 2E 73 64 6B 00 
09-02 11:19:57.386 14031 14031 E adbd    : service_to_fd: shell,v2,TERM=xterm-256color,raw:getprop ro.build.version.sdk
09-02 11:19:57.496 14031 14031 E adbd    : recv: OPEN 0001bec4 00000000 0052:73 68 65 6C 6C 2C 76 32 2C 54 45 52 4D 3D 78 74 65 72 6D 2D 32 35 36 63 6F 6C 6F 72 2C 72 61 77 3A 61 6D 20 66 6F 72 63 65 2D 73 74 6F 70 20 63 6F 6D 2E 65 78 61 6D 70 6C 65 2E 62 61 74 74 65 72 79 6D 61 6E 61 67 65 72 5F 75 74 69 6C 69 74 79 00 
09-02 11:19:57.496 14031 14031 E adbd    : service_to_fd: shell,v2,TERM=xterm-256color,raw:am force-stop com.example.batterymanager_utility
09-02 11:19:57.504  3979  6899 D SSRM:G  : SIOP:: AP = 330, PST = 298 (W:12), BAT = 271, USB = 0, CHG = 0
09-02 11:19:57.573  3979  5976 I ActivityManager: Force stopping com.example.batterymanager_utility appid=10157 user=0: from pid 24226
09-02 11:19:57.574  3979  5976 I ActivityManager: Killing 23659:com.example.batterymanager_utility/u0a157 (adj 0): stop com.example.batterymanager_utility,from pid 24226
09-02 11:19:57.575  3979  5976 W ActivityManager: Force removing ActivityRecord{b2dcec7 u0 com.example.batterymanager_utility/.MainActivity t358}: app died, no saved state
09-02 11:19:57.582  3979  5976 D InputDispatcher: Focus left window: 23659
09-02 11:19:57.583  3979  5976 I WindowManager: Failed to capture screenshot of Token{c6bdcf4 ActivityRecord{b2dcec7 u0 com.example.batterymanager_utility/.MainActivity t358 f}} appWin=Window{5c3e89 u0 com.example.batterymanager_utility/com.example.batterymanager_utility.MainActivity} drawState=4
09-02 11:19:57.583  3979  5976 D TaskSnapshotCache: removeRunningEntry taskId=358 RunningCache size=3
09-02 11:19:57.584  3979  5976 I WindowManager: Destroying surface Surface(name=com.example.batterymanager_utility/com.example.batterymanager_utility.MainActivity) called by com.android.server.wm.WindowStateAnimator.destroySurface:2501 com.android.server.wm.WindowStateAnimator.destroySurfaceLocked:985 com.android.server.wm.WindowState.removeImmediately:2404 com.android.server.wm.WindowState.removeIfPossible:2603 com.android.server.wm.WindowState.removeIfPossible:2433 com.android.server.wm.WindowToken.removeAllWindowsIfPossible:143 com.android.server.wm.AppWindowToken.removeIfPossible:606 com.android.server.wm.AppWindowToken.onRemovedFromDisplay:674 
09-02 11:19:57.585  3462  3501 I SurfaceFlinger: id=1294 Removed com.example.batterymanager_utility/com.example.batterymanager_utility.MainActivity#0 (1/4)
09-02 11:19:57.585  3462  3501 I SurfaceFlinger: id=1294 Removed com.example.batterymanager_utility/com.example.batterymanager_utility.MainActivity#0 (-2/4)
09-02 11:19:57.589  3979  5976 D InputDispatcher: Focused application released
09-02 11:19:57.590  3979  5976 W MultiScreenManagerService: moveTaskBackToDisplayIfNeeded(): root activity or app is null, task=TaskRecord{b5a415cd0 #358 A=com.example.batterymanager_utility U=0 StackId=1 sz=0}, rootActivity=null
09-02 11:19:57.591  3979  3979 D MdnieScenarioControlService: Listener Real Multi Window State : true
09-02 11:19:57.596  3462  3462 I Layer   : id=1294 onRemoved com.example.batterymanager_utility/com.example.batterymanager_utility.MainActivity#0 
09-02 11:19:57.600  3462  3462 I SurfaceFlinger: Display 0 HWC layers:
09-02 11:19:57.600  3462  3462 I SurfaceFlinger:     type    |    handle    | flag |  format   |   source crop (l,t,r,b)    |         frame       | name 
09-02 11:19:57.600  3462  3462 I SurfaceFlinger: ------------+--------------+------+-----------+----------------------------+---------------------+------
09-02 11:19:57.600  3462  3462 I SurfaceFlinger:      Device | 0x7ac4c25140 | 0000 | RGBA_8888 |   0.0    0.0  720.0   42.0 |    0    0  720   42 | StatusBar#0
09-02 11:19:57.600  3462  3462 I SurfaceFlinger: 
09-02 11:19:57.602  3979  5976 D CustomFrequencyManagerService: acquireDVFSLockLocked : type : DVFS_MIN_LIMIT  frequency : 1560000  uid : 1000  pid : 3979  pkgName : AMS_APP_HOME@CPU_MIN@59
09-02 11:19:57.605  3979  5976 D ActivityManagerPerformance: AMP_acquire() HOME
09-02 11:19:57.607  3979  5976 D PersonaManagerService: Current focused persona service handled id set to : 0
09-02 11:19:57.607  3979  5976 D InputDispatcher: Focused application set to: xxxx
09-02 11:19:57.609  3979  5976 V WindowManager: rotationForOrientationLw(orient=5, last=0); user=0  sensorRotation=-1 mLidState=-1 mDockMode=0 mHdmiPlugged=false
09-02 11:19:57.611  3979  4238 D GameManagerService: handleForegroundChange(). pkgName: com.sec.android.app.launcher, clsName: com.android.launcher3.Launcher,FgActivityName:com.sec.android.app.launcher/com.android.launcher3.Launcher
09-02 11:19:57.611  3979  5976 D MARsPolicyManager: onPackageResumedFG pkgName = com.sec.android.app.launcher, userId = 0
09-02 11:19:57.611  3979  4238 D GameManagerService: sem_perfomance_mode: 3
09-02 11:19:57.611  3979  4238 D GameManagerService: notifyResumePause(). pkg: com.sec.android.app.launcher, type: 4, isMinimized: false, isTunableApp: false
09-02 11:19:57.611  3979  4238 D GameManagerService:   notifyResumePause(). unexpected mPrevNotiType: -1
09-02 11:19:57.614  5213  5213 I Launcher: onWindowVisibilityChanged : false
09-02 11:19:57.616  3979  4635 V WindowManager: Relayout Window{7215288 u0 com.sec.android.app.launcher/com.sec.android.app.launcher.activities.LauncherActivity}: viewVisibility=4 req=720x1280 WM.LayoutParams{(0,0)(fillxfill) sim=#130 ty=1 fl=#81910d00 pfl=0x20000 fmt=-2 wanim=0x10302ea vsysui=0x700 needsMenuKey=2 colorMode=0 dimDuration=100 naviIconColor=0}
09-02 11:19:57.620  3979  3979 D SamsungAlarmManager: Remove alarm for next reason : android.intent.action.PACKAGE_RESTARTED : package: com.example.batterymanager_utility
09-02 11:19:57.621  5213  5213 D ViewRootImpl@8c524b3[LauncherActivity]: Relayout returned: old=[0,0][720,1280] new=[0,0][720,1280] result=0x1 surface={valid=false 0} changed=false
09-02 11:19:57.622  5213  5213 D HomeContainer: setAlpha : 1.0
09-02 11:19:57.623  3979  3995 W BroadcastQueue: Background execution not allowed: receiving Intent { act=android.intent.action.PACKAGE_RESTARTED dat=package:com.example.batterymanager_utility flg=0x10 (has extras) } to android/com.kddi.android.CpaNotiReceiver
09-02 11:19:57.623  4633  4633 D CarrierSvcBindHelper: No carrier app for: 0
09-02 11:19:57.623  3979  3995 W BroadcastQueue: Background execution not allowed: receiving Intent { act=android.intent.action.PACKAGE_RESTARTED dat=package:com.example.batterymanager_utility flg=0x10 (has extras) } to com.sec.android.daemonapp/com.samsung.android.weather.daemon.receiver.ClearDataReceiver
09-02 11:19:57.624  4633  4633 D CarrierSvcBindHelper: No carrier app for: 1
09-02 11:19:57.624  5213  5213 V Launcher: Launcher.onResume()
09-02 11:19:57.625  3979  6899 D GamePkgDataHelper: getGamePkgDataIncServer(). com.sec.android.app.launcher
09-02 11:19:57.626  3979  6899 D GameManagerService: identifyGamePackage. com.sec.android.app.launcher
09-02 11:19:57.626  3979  6899 D GamePkgDataHelper: getGamePkgData(). com.sec.android.app.launcher
09-02 11:19:57.627  3979  6899 D GameManagerService: identifyGamePackage. com.sec.android.app.launcher
09-02 11:19:57.627  3979  6899 D GamePkgDataHelper: getGamePkgData(). com.sec.android.app.launcher
09-02 11:19:57.627  3979  6899 D GamePkgDataHelper: getSosPolicy(). com.sec.android.app.launcher
09-02 11:19:57.628  3979  6899 D GameManagerService: identifyGamePackage. com.sec.android.app.launcher
09-02 11:19:57.628  3979  6899 D GamePkgDataHelper: getGamePkgData(). com.sec.android.app.launcher
09-02 11:19:57.629  3979  6899 D GameManagerService: identifyGamePackage. com.sec.android.app.launcher
09-02 11:19:57.629  3979  6899 D GamePkgDataHelper: getGamePkgData(). com.sec.android.app.launcher
09-02 11:19:57.631  5213  5213 D ExternalMethodQueue: Getting and clearing EXTERNAL_METHOD_LIST: null
09-02 11:19:57.631  5213  5302 I LauncherAppWidgetInfo: reinflateWidgetsIfNecessary, Not required: AppWidget(id=2)
09-02 11:19:57.631  5213  5213 D Launcher.HomeController: onResume HomeContainer current alpha = 1.0
09-02 11:19:57.631  5213  5302 I LauncherAppWidgetInfo: reinflateWidgetsIfNecessary, Not required: AppWidget(id=3)
09-02 11:19:57.631  5213  5213 D AppsCustomAdapter: notifyUpdate : com.android.launcher3.Launcher@110cd72
09-02 11:19:57.631  5213  5213 D AppsDragController: needDeferToBind : true , false
09-02 11:19:57.634  3979  5976 D Notification: allPendingIntents
09-02 11:19:57.635  3979  5976 I chatty  : uid=1000(system) Binder:3979_13 identical 5 lines
09-02 11:19:57.635  3979  5976 D Notification: allPendingIntents
09-02 11:19:57.636  5213  5302 D Notification.Badge: [filtered] shouldBeFilteredOut().isGroupHeader[true], missingTitleAndText[true], [sbn : StatusBarNotification(pkg=com.android.vending user=UserHandle{0} id=2147483647 tag=ranker_group key=0|com.android.vending|2147483647|ranker_group|10044|ranker_group: Notification(channel=maintenance-v2 pri=0 contentView=null vibrate=null sound=null defaults=0x0 flags=0x700 color=0xff01875f groupKey=ranker_group number=0 vis=PRIVATE semFlags=0x0 semPriority=0 semMissedCount=0))]
09-02 11:19:57.637  5213  5302 D Notification.Badge: [filtered] shouldBeFilteredOut().mTempRanking.canShowBadge[false], [sbn : StatusBarNotification(pkg=com.android.settings user=UserHandle{0} id=2354 tag=null key=0|com.android.settings|2354|null|1000: Notification(channel=DeviceMaintenanceNoBadge pri=0 contentView=null vibrate=null sound=null defaults=0x0 flags=0x110 color=0xff7ccbe2 actions=1 number=0 vis=PRIVATE semFlags=0x0 semPriority=0 semMissedCount=0))]
09-02 11:19:57.637  3979  4635 D ActivityManager: post active user change for 0 fullscreen true isHomeActivity() true
09-02 11:19:57.637  3979  4635 I WallpaperManagerService: switchPersonaWallpaper is called for personaId-0
09-02 11:19:57.637  5213  5302 D Notification.Badge: [filtered] shouldBeFilteredOut().mTempRanking.canShowBadge[false], [sbn : StatusBarNotification(pkg=com.android.systemui user=UserHandle{-1} id=2131362729 tag=full_battery key=-1|com.android.systemui|2131362729|full_battery|10009: Notification(channel=FBT pri=-2 contentView=null vibrate=null sound=null tick defaults=0x0 flags=0xa color=0xff17c433 category=sys number=0 vis=PUBLIC semFlags=0x0 semPriority=0 semMissedCount=0))]
09-02 11:19:57.637  3979  3979 D WallpaperManagerService:  force update = false; persona id = 0; current user =0; current persona = 0
09-02 11:19:57.637  5213  5302 D Notification.Badge: [filtered] shouldBeFilteredOut().mTempRanking.canShowBadge[false], [sbn : StatusBarNotification(pkg=android user=UserHandle{-1} id=32 tag=null key=-1|android|32|null|1000: Notification(channel=USB pri=0 contentView=null vibrate=null sound=null tick defaults=0x0 flags=0x2 color=0xff607d8b number=0 vis=PUBLIC semFlags=0x0 semPriority=0 semMissedCount=0))]
09-02 11:19:57.637  5213  5302 D Notification.Badge: LauncherModel:onNotificationFullRefresh() : [3], IconType : [0]
09-02 11:19:57.637  5213  5302 D Notification.Badge: notificationKey : 0|com.android.vending|-2073578647|null|10044, count : 0, this.count : 1
09-02 11:19:57.637  5213  5302 D Notification.Badge: notificationKey : 0|com.android.vending|-2073578647|null|10044, count : 1, mTotalCount : 1
09-02 11:19:57.637  5213  5302 D Notification.Badge: notificationKey : 0|com.android.vending|-555892737|null|10044, count : 0, this.count : 1
09-02 11:19:57.638  5213  5302 D Notification.Badge: notificationKey : 0|com.android.vending|-555892737|null|10044, count : 1, mTotalCount : 2
09-02 11:19:57.638  5213  5302 D Notification.Badge: notificationKey : 0|com.android.vending|-234430262|null|10044, count : 13, this.count : 13
09-02 11:19:57.638  5213  5213 I Launcher: onWindowVisibilityChanged : true
09-02 11:19:57.638  5213  5302 D Notification.Badge: notificationKey : 0|com.android.vending|-234430262|null|10044, count : 13, mTotalCount : 15
09-02 11:19:57.638  5213  5302 D Notification.Badge: LauncherModel:onNotificationFullRefresh() not need to update, updatedBadges.remove[com.android.vending], count : [15]
09-02 11:19:57.640  4336  4336 D InputEventReceiver: channel 'ClientState{c65059a uid 10157 pid 23659} (client)' ~ Disposing input event receiver.
09-02 11:19:57.640  3979  4004 W ActivityManager: setHasOverlayUi called on unknown pid: 23659
09-02 11:19:57.640  4336  4336 D InputEventReceiver: channel 'ClientState{c65059a uid 10157 pid 23659} (client)' ~NativeInputEventReceiver.
09-02 11:19:57.641  3979 10224 V WindowManager: Relayout Window{7215288 u0 com.sec.android.app.launcher/com.sec.android.app.launcher.activities.LauncherActivity}: viewVisibility=0 req=720x1280 WM.LayoutParams{(0,0)(fillxfill) sim=#130 ty=1 fl=#81910d00 pfl=0x20000 fmt=-2 wanim=0x10302ea vsysui=0x700 needsMenuKey=2 colorMode=0 dimDuration=100 naviIconColor=0}
09-02 11:19:57.642  3462  3462 I SurfaceFlinger: id=1296 createSurf (720x1280),1 flag=4, com.sec.android.app.launcher/com.sec.android.app.launcher.activities.LauncherActivity#0
09-02 11:19:57.643  3979 10224 V Surface : sf_framedrop debug : 0x4f4c, game : false, logging : 0
09-02 11:19:57.643  3979  3996 D WindowManager: set systemUiVisibility : systemUiFlags= 0x708 fullscreenStackSysUiFlags= 0x0
09-02 11:19:57.647  3979 10224 D InputDispatcher: Focus entered window: 5213
09-02 11:19:57.647  3979  5979 D WindowManager: adjustSystemUiVisibilityLw : vis= 0x708
09-02 11:19:57.648  5213  5213 V Surface : sf_framedrop debug : 0x4f4c, game : false, logging : 0
09-02 11:19:57.648  5213  5213 D ViewRootImpl@8c524b3[LauncherActivity]: Relayout returned: old=[0,0][720,1280] new=[0,0][720,1280] result=0x7 surface={valid=true 535746457600} changed=true
09-02 11:19:57.653  5213  5479 D mali_winsys: EGLint new_window_surface(egl_winsys_display *, void *, EGLSurface, EGLConfig, egl_winsys_surface **, egl_color_buffer_format *, EGLBoolean) returns 0x3000,  [720x1280]-format:1
09-02 11:19:57.653  5213  5479 D OpenGLRenderer: eglCreateWindowSurface = 0x7c960e3c00
09-02 11:19:57.653  5213  5213 D AppsAdapter: notifyUpdate start : com.android.launcher3.Launcher@110cd72
09-02 11:19:57.653  5213  5213 D AppsCustomAdapter: no change items
09-02 11:19:57.653  5213  5213 D AppsAdapter: notifyUpdate end : com.android.launcher3.Launcher@110cd72
09-02 11:19:57.653  5213  5213 D ViewRootImpl@8c524b3[LauncherActivity]: MSG_WINDOW_FOCUS_CHANGED 1
09-02 11:19:57.656  5213  5213 V InputMethodManager: Starting input: tba=android.view.inputmethod.EditorInfo@77447e5 nm : com.sec.android.app.launcher ic=null
09-02 11:19:57.656  5213  5213 I InputMethodManager: startInputInner - mService.startInputOrWindowGainedFocus
09-02 11:19:57.656  3979  5979 D InputMethodManagerService: startInputOrWindowGainedFocus : windowGainedFocus 
09-02 11:19:57.656  3979  5979 D InputMethodManagerService: windowGainedFocus: destinationUserId (getCallingUid) = 0
09-02 11:19:57.656  3979  5979 D InputMethodManagerService: windowGainedFocus: currentUserId=0
09-02 11:19:57.656  3979  5979 D InputMethodManagerService: windowGainedFocus: mCurrentFocusedUserId=0
09-02 11:19:57.656  3979  5979 D InputMethodManagerService: windowGainedFocus : lock - currentUserId = 0 destinationUserId = 0
09-02 11:19:57.656  3979  5979 D InputMethodManagerService: windowGainedFocus : mCurrentFocusedUserId - 0 and mSecureKeypadEnabled - false, userSwitched - false
09-02 11:19:57.656  3979  5979 V InputMethodManagerService: windowGainedFocus : reason=WINDOW_FOCUS_GAIN client=android.os.BinderProxy@85bf16e inputContext=null missingMethods= attribute=android.view.inputmethod.EditorInfo@24de854 nm = com.sec.android.app.launcher controlFlags=#104 softInputMode=#130 windowFlags=#81910d00
09-02 11:19:57.656  3979  5979 V InputMethodManagerService: hideCurrentInputLocked : shouldHideSoftInput is false
09-02 11:19:57.657  3979  5979 D InputMethodManagerService: setCurrentInputInfo - inputContext : null eidtorInfo : android.view.inputmethod.EditorInfo@24de854 missingMethods : 0
09-02 11:19:57.657  4336  4336 I InputMethodWrapper:  call dispatchStartInputWithToken
09-02 11:19:57.657  4336  4336 I InputMethodService: dispatchStartInputWithToken
09-02 11:19:57.658  4336  4336 I SKBD    : SamsungKeypad [IMI] onStartInput - caller pid : 23659, caller uid : 10157
09-02 11:19:57.664  5213  5213 D DragLayer: DragLayer dispatchDraw, mIsNaviBarPositionChanged = false, mWillOrientationChange = false
09-02 11:19:57.667 14031 14031 E adbd    : recv: OPEN 0001bec7 00000000 0042:73 68 65 6C 6C 2C 76 32 2C 54 45 52 4D 3D 78 74 65 72 6D 2D 32 35 36 63 6F 6C 6F 72 2C 72 61 77 3A 67 65 74 70 72 6F 70 20 72 6F 2E 62 75 69 6C 64 2E 76 65 72 73 69 6F 6E 2E 72 65 6C 65 61 73 65 00 
09-02 11:19:57.667 14031 14031 E adbd    : service_to_fd: shell,v2,TERM=xterm-256color,raw:getprop ro.build.version.release
09-02 11:19:57.676  3979  5979 V WindowManager: finishDrawingLocked: mDrawState=COMMIT_DRAW_PENDING Window{7215288 u0 com.sec.android.app.launcher/com.sec.android.app.launcher.activities.LauncherActivity} in Surface(name=com.sec.android.app.launcher/com.sec.android.app.launcher.activities.LauncherActivity)
09-02 11:19:57.677  4349  4368 D WallpaperService: dispatchAppVisibility onVisibilityChanged(): true
09-02 11:19:57.678  4349  4349 D WallpaperService: updateSurface forceRelayout=false redrawNeeded=false myWidth=1280 myHeight=1280 fixedSize=true x = 0 y = 0 mWidth=1280 mHeight=1280 mIsSleepMode=false
09-02 11:19:57.678  4349  4349 D ImageWallpaper: onVisibilityChanged: mVisible, visible=false, true
09-02 11:19:57.678  4349  4349 D ImageWallpaper: Visibility changed to visible=true
09-02 11:19:57.678  4349  4349 D ImageWallpaper: newRotation : 0,mLastRotation : 0
09-02 11:19:57.678  4349  4349 D ImageWallpaper: drawFrame:[frame.width()]1280[frame.height()]1280
09-02 11:19:57.678  4349  4349 D ImageWallpaper: surfaceDimensionsChanged=false mDisplayWidth=720 mDisplayHeight=1280
09-02 11:19:57.678  4349  4349 D ImageWallpaper: redrawNeeded = false, mOffsetsChanged = false
09-02 11:19:57.678  4349  4349 D ImageWallpaper: Suppressed drawFrame since redraw is not needed and offsets have not changed.
09-02 11:19:57.678  4349  4349 D WallpaperService: reportVisibility onVisibilityChanged visible: true
09-02 11:19:57.680  3979  4046 D SamsungAnimationCreator: createAnimation type:CHNLowEnd transit:13 enter:false wallpaperXoffset:-280 split:false fixedOri:false
09-02 11:19:57.680  3979  4046 D SamsungAnimationCreator: createAnimation displayFrame:Rect(0, 0 - 720, 1280) frame:null insets:null
09-02 11:19:57.683  4349  4349 D WallpaperService: updateSurface forceRelayout=true redrawNeeded=false myWidth=1280 myHeight=1280 fixedSize=true x = 0 y = 0 mWidth=1280 mHeight=1280 mIsSleepMode=false
09-02 11:19:57.686  3979  6264 V WindowManager: Relayout Window{80ee464 u0 com.android.systemui.ImageWallpaper}: viewVisibility=0 req=1280x1280 WM.LayoutParams{(0,0)(1280x1280) gr=#800033 ty=2013 fl=#10318 fmt=2 wanim=0x103030e colorMode=0 naviIconColor=0}
09-02 11:19:57.690  4349  4349 D ImageWallpaper: onOffsetsChanged: xOffset=0.0, yOffset=0.0, xOffsetStep=0.0, yOffsetStep=0.0, xPixels=0, yPixels=0
09-02 11:19:57.690  4349  4349 D ImageWallpaper: newRotation : 0,mLastRotation : 0
09-02 11:19:57.690  4349  4349 D ImageWallpaper: drawFrame:[frame.width()]1280[frame.height()]1280
09-02 11:19:57.690  4349  4349 D ImageWallpaper: surfaceDimensionsChanged=false mDisplayWidth=720 mDisplayHeight=1280
09-02 11:19:57.690  4349  4349 D ImageWallpaper: redrawNeeded = false, mOffsetsChanged = false
09-02 11:19:57.690  4349  4349 D ImageWallpaper: Suppressed drawFrame since redraw is not needed and offsets have not changed.
09-02 11:19:57.700  3462  3462 I SurfaceFlinger: Display 0 HWC layers:
09-02 11:19:57.700  3462  3462 I SurfaceFlinger:     type    |    handle    | flag |  format   |   source crop (l,t,r,b)    |         frame       | name 
09-02 11:19:57.700  3462  3462 I SurfaceFlinger: ------------+--------------+------+-----------+----------------------------+---------------------+------
09-02 11:19:57.700  3462  3462 I SurfaceFlinger:      Device | 0x7abe64af00 | 0002 | RGBx_8888 | 280.0    0.0 1000.0 1280.0 |    0    0  720 1280 | com.android.systemui.ImageWallpaper#0
09-02 11:19:57.700  3462  3462 I SurfaceFlinger:      Device | 0x7abdcaafc0 | 0000 | RGBA_8888 | 120.0  213.0  601.0 1068.0 |    1    1  720 1280 | com.sec.android.app.launcher/com.sec[...]uncher.activities.LauncherActivity#0
09-02 11:19:57.700  3462  3462 I SurfaceFlinger:      Device | 0x7ac4c24480 | 0000 | RGBA_8888 |   0.0    0.0  720.0   42.0 |    0    0  720   42 | StatusBar#0
09-02 11:19:57.700  3462  3462 I SurfaceFlinger: 
09-02 11:19:57.702  4349  4858 D SystemServicesProxy: updateOverviewLastStackActiveTimeAsync: newTime=1693559943942
09-02 11:19:57.703  3979  5979 D SecContentProvider: query(), uri = 17 selection = isSettingsChangesAllowed
09-02 11:19:57.703  3979  5979 D SecContentProvider: called from android.uid.systemui:10009
09-02 11:19:57.704  4349  4561 D SystemServicesProxy: updateOverviewLastStackActiveTimeAsync: done.
09-02 11:19:57.705  3979 10224 D PackageManager: getComponentMetadataForIconTray : com.example.batterymanager_utility.MainActivity does not exist in mServices
09-02 11:19:57.705  3979 10224 D PackageManager: getComponentMetadataForIconTray : com.example.batterymanager_utility.MainActivity does not exist in mProviders
09-02 11:19:57.705  3979 10224 D PackageManager: getComponentMetadataForIconTray : com.example.batterymanager_utility.MainActivity does not exist in mReceivers
09-02 11:19:57.705  4349  4858 D ApplicationPackageManager: updateItemMetaDataForFixedIconScale: package: com.example.batterymanager_utility
09-02 11:19:57.705  3979 10224 D PackageManager: getSelectedMetaData : packageName(com.example.batterymanager_utility) or Metadata strings {[Ljava.lang.String;@fbb1b43}
09-02 11:19:57.706  4349  4858 I ApplicationPackageManager: load=com.example.batterymanager_utility, bg=144-144, dr=189-189, forDefault=true, density=0
09-02 11:19:57.707  4349  4858 I ApplicationPackageManager: scaled rate=0.72, size=189, alpha=54, hold=102
09-02 11:19:57.708  4349  4858 D ApplicationPackageManager: iconScale: getScale(): 0.72 getAlpha(): 54
09-02 11:19:57.709  4349  4858 I ApplicationPackageManager: load=com.example.batterymanager_utility-contain, bg=112-112, dr=189-189
09-02 11:19:57.734 14031 14031 E adbd    : recv: OPEN 0001beca 00000000 003e:73 68 65 6C 6C 2C 76 32 2C 54 45 52 4D 3D 78 74 65 72 6D 2D 32 35 36 63 6F 6C 6F 72 2C 72 61 77 3A 67 65 74 70 72 6F 70 20 72 6F 2E 62 75 69 6C 64 2E 76 65 72 73 69 6F 6E 2E 73 64 6B 00 
09-02 11:19:57.734 14031 14031 E adbd    : service_to_fd: shell,v2,TERM=xterm-256color,raw:getprop ro.build.version.sdk
09-02 11:19:57.756  3979  4111 D MdnieScenarioControlService:  packageName : com.sec.android.app.launcher    className : com.sec.android.app.launcher.activities.LauncherActivity
09-02 11:19:57.756  3979  4111 V MdnieScenarioControlService: setUIMode from UI function(3)
09-02 11:19:58.107  3979  3979 D CustomFrequencyManagerService: releaseDVFSLockLocked : Getting Lock type frm List : DVFS_MIN_LIMIT  frequency : 1560000  uid : 1000  pid : 3979  tag : AMS_APP_HOME@CPU_MIN@59
09-02 11:19:58.184  5213  5479 W OpenGLRenderer: Incorrectly called buildLayer on View: WorkspaceCellLayoutChildren, destroying layer...
09-02 11:19:58.184  5213  5479 W OpenGLRenderer: Incorrectly called buildLayer on View: WorkspaceCellLayoutChildren, destroying layer...
09-02 11:19:58.294  4962  4962 D io_stats: !@ 179,0 r 583697 17717448 w 343245 7352304 d 35371 18992240 f 99143 101158 iot 446756 375222 th 51200 0 0 pt 0 inp 0 0 36931.538
09-02 11:19:58.805  3449  3449 I android.hardware.wifi@1.0-service: getLinkLayerStats
09-02 11:19:59.577  3979  3979 D PreBindingService: handleMessage : 1
09-02 11:19:59.984  3979  4051 D SensorService: [SO] 0.124 -0.359 9.855
09-02 11:20:00.000  3979  4067 D SamsungAlarmManager: Expired : 8
09-02 11:20:00.001  3979  4067 I SamsungAlarmManager: setLocked to kernel - T:3 / 20230902T112000, SetElapsed=91581433, nowELAPSED=91581433
09-02 11:20:00.001  3979  4067 V SamsungAlarmManager: Sending to uid : 10074 action=com.samsung.action.EVERY_MINUTE_CLOCK_UPDATE alarm=Alarm{dcb35c0 type 1 when 1693646400000 com.sec.android.app.launcher}
09-02 11:20:00.004  3979  4067 D SamsungAlarmManager: Expired : 8
09-02 11:20:00.005  3979  4067 V SamsungAlarmManager: Sending to uid : 1000 action=android.intent.action.TIME_TICK alarm=Alarm{e0aa23e type 3 when 91581433 android}
09-02 11:20:00.005  5213  5213 I Launcher: onReceive: com.samsung.action.EVERY_MINUTE_CLOCK_UPDATE
09-02 11:20:00.014  3979  5979 D SamsungAlarmManager: setInexact Intent (T:1/F:0/AC:false) 20230902T112100 - CU:10074/CP:5213
09-02 11:20:00.015  5213  5213 I IconView: applyFromShortcutInfo - start GetLive : com.samsung.android.calendar
09-02 11:20:00.015  5213  5213 I IconView: applyFromShortcutInfo - end GetLive : com.samsung.android.calendar
09-02 11:20:00.018  5213  5213 I IconView: applyFromApplicationInfo - start GetLive : com.sec.android.app.clockpackage
09-02 11:20:00.019  3979  3979 D SamsungAlarmManager: setExact Intent (T:3/F:1/AC:false) 20230902T112100 - CU:1000/CP:3979
09-02 11:20:00.021  4349  4349 D KeyguardUpdateMonitor: received broadcast android.intent.action.TIME_TICK
09-02 11:20:00.022  4349  4349 D KeyguardServiceBoxContainer: refreshTime() 1
09-02 11:20:00.025  5213  5213 D ApplicationPackageManager: we has com.sec.android.app.clockpackage class. reuse it 
09-02 11:20:00.025  5213  5213 D LiveIconLoader: getLiveIcon was called in ClockPackage
09-02 11:20:00.028  5213  5213 D LiveIconLoader: getLiveIcon res = com.sec.android.app.clockpackage
09-02 11:20:00.032  5213  5213 D LiveIconLoader: stdIconSize : 84 , targetIconSize : 94
09-02 11:20:00.032  5213  5213 D LiveIconLoader: mIconDpi : 320 , mTargetIconDpi : 280
09-02 11:20:00.056  5213  5213 I ApplicationPackageManager: load= live icon for com.sec.android.app.clockpackage, from overlay = false
09-02 11:20:00.057  5213  5213 I LiveIconManager: getLiveIcon: complete(sync_created)
09-02 11:20:00.057  5213  5213 I IconView: applyFromApplicationInfo - end GetLive : com.sec.android.app.clockpackage
09-02 11:20:00.058  5213  5213 I IconView: applyFromApplicationInfo - start GetLive : com.samsung.android.calendar
09-02 11:20:00.058  5213  5213 I IconView: applyFromApplicationInfo - end GetLive : com.samsung.android.calendar
09-02 11:20:00.060  4349  4349 D KeyguardUpdateMonitor: handleStatusBarState( false )
09-02 11:20:00.092  4349  4349 D KeyguardUpdateMonitor: handleStatusBarState( false )
09-02 11:20:00.675  3979  4003 W StorageManager: getStorageFullBytes DEFAULT_FULL_THRESHOLD_BYTES : 20971520, threadhold : 20971520
09-02 11:20:00.676  3979  4003 W StorageManager: getStorageLowBytes lowPercent : 5, lowBytes : 1260145254, maxLowBytes : 524288000
09-02 11:20:00.679  3979  4003 W DeviceStorageMonitorService: updateBroadcasts(/data) oldLevel:0, newLevel:0, seq:1
09-02 11:20:00.680  3979  4003 W DeviceStorageMonitorService: updateBroadcasts_filenode(/data) fn_oldLevel:0, fn_newLevel:0, seq:1
09-02 11:20:01.827  3449  3449 I android.hardware.wifi@1.0-service: getLinkLayerStats
09-02 11:20:02.817 14031 14031 E adbd    : recv: OPEN 0001becd 00000000 003e:73 68 65 6C 6C 2C 76 32 2C 54 45 52 4D 3D 78 74 65 72 6D 2D 32 35 36 63 6F 6C 6F 72 2C 72 61 77 3A 67 65 74 70 72 6F 70 20 72 6F 2E 62 75 69 6C 64 2E 76 65 72 73 69 6F 6E 2E 73 64 6B 00 
09-02 11:20:02.817 14031 14031 E adbd    : service_to_fd: shell,v2,TERM=xterm-256color,raw:getprop ro.build.version.sdk
09-02 11:20:02.911 14031 14031 E adbd    : recv: OPEN 0001bed0 00000000 0045:73 68 65 6C 6C 2C 76 32 2C 54 45 52 4D 3D 78 74 65 72 6D 2D 32 35 36 63 6F 6C 6F 72 2C 72 61 77 3A 6C 6F 67 63 61 74 20 2D 66 20 2F 6D 6E 74 2F 73 64 63 61 72 64 2F 6C 6F 67 63 61 74 2E 74 78 74 20 2D 64 00 
09-02 11:20:02.911 14031 14031 E adbd    : service_to_fd: shell,v2,TERM=xterm-256color,raw:logcat -f /mnt/sdcard/logcat.txt -d
