--------- beginning of system
09-01 16:35:43.805  1513  2000 D ConnectivityService: NetReassign [no changes]
09-01 16:35:43.874  1513  3232 I ActivityManager: Force stopping com.android.chrome appid=10220 user=0: from pid 7971
--------- beginning of main
09-01 16:35:43.880  2474  2474 E PhoneInterfaceManager: [PhoneIntfMgr] getCarrierPackageNamesForIntentAndPhone: No UICC
09-01 16:35:43.880  2474  2474 D CarrierSvcBindHelper: No carrier app for: 0
09-01 16:35:43.887  3135  3135 D RegisteredNfcFServicesCache: Service unchanged, not updating
09-01 16:35:43.890  8777  8777 I EuiccGoogle: [2] EuiccServiceImpl.onCreate: onCreate Single-SIM mode: simCardState is 1
09-01 16:35:43.895  8777  7977 I EuiccGoogle: [5365] EuiccServiceImpl.onGetEuiccProfileInfoList: onGetEuiccProfileInfoList: slotId = -1
09-01 16:35:43.897  8777  7977 W EuiccGoogle: [5365] EuiccServiceImpl.onGetEuiccProfileInfoList: slotId=-1. No eUICC is active. Return null.
09-01 16:35:44.125   901  1000 D VSC     : @ 24130.578: [WO] tilt angle 89
09-01 16:35:44.131  1513  3232 I ActivityTaskManager: START u0 {act=android.intent.action.VIEW flg=0x10008000 cmp=com.android.chrome/com.google.android.apps.chrome.Main} from uid 2000
09-01 16:35:44.132  1513  1572 D EventSequenceValidator: inc AccIntentStartedEvents to 2
09-01 16:35:44.140   901  2806 I sensors-hal: [ssc_utils]get_qmi_debug_flag:244, support_qmi_debug : false
09-01 16:35:44.148  1513  1572 D CompatibilityChangeReporter: Compat change id reported: 135634846; UID 10220; state: DISABLED
09-01 16:35:44.148  1513  1572 D CompatibilityChangeReporter: Compat change id reported: 135754954; UID 10220; state: ENABLED
09-01 16:35:44.149  1513  1625 D CompatibilityChangeReporter: Compat change id reported: 143937733; UID 10220; state: ENABLED
09-01 16:35:44.160   778   778 D Zygote  : Forked child process 7981
09-01 16:35:44.163   901  1000 W ASH     : @ 24130.618: Unhandled msg ID 999: line 1277
09-01 16:35:44.163   901  1000 E ASH     : @ 24130.618: No pb callback assigned
09-01 16:35:44.163   901  1000 E ASH     : @ 24130.618: Nanopb error: callback failed:1588
09-01 16:35:44.166  7981  7981 E .android.chrom: Not starting debugger since process cannot load the jdwp agent.
09-01 16:35:44.166  1513  1625 I ActivityManager: Start proc 7981:com.android.chrome/u0a220 for pre-top-activity {com.android.chrome/com.google.android.apps.chrome.Main}
09-01 16:35:44.170  3088  3667 I AssistantForeground: (REDACTED) Get launcher package: %s
09-01 16:35:44.188  7981  7981 W .android.chrom: JIT profile information will not be recorded: profile file does not exist.
09-01 16:35:44.193  7981  7981 I LoadedApk: No resource references to update in package com.google.android.trichromelibrary
09-01 16:35:44.193  7981  7981 D NetworkSecurityConfig: Using Network Security Config from resource 0_resource_name_obfuscated debugBuild: false
09-01 16:35:44.194  7981  7981 D NetworkSecurityConfig: Using Network Security Config from resource 0_resource_name_obfuscated debugBuild: false
09-01 16:35:44.194  7981  7981 I cr_SplitCompatApp: Launched version=107.0.5304.91 minSdkVersion=29 isBundle=true processName=com.android.chrome isIsolated=false
09-01 16:35:44.196  2158  2158 I WallpaperService: engine resumed
09-01 16:35:44.200   901   901 W sensors@2.0-ser: type=1400 audit(0.0:2797): avc: denied { read write } for name="diag" dev="tmpfs" ino=12474 scontext=u:r:hal_sensors_default:s0 tcontext=u:object_r:diag_device:s0 tclass=chr_file permissive=0
09-01 16:35:44.200   901   901 W sensors@2.0-ser: type=1400 audit(0.0:2798): avc: denied { read write } for name="diag" dev="tmpfs" ino=12474 scontext=u:r:hal_sensors_default:s0 tcontext=u:object_r:diag_device:s0 tclass=chr_file permissive=0
09-01 16:35:44.200   901   901 I sensors-hal: [hal]batch_physical_sensor:301, android.sensor.gyroscope/41, period=20000000, max_latency=0
09-01 16:35:44.200   901   901 I sensors-hal: [hal]batch_physical_sensor:310, android.sensor.gyroscope/41, period=20000000, max_latency=0 request completed
09-01 16:35:44.200   901   901 I sensors-hal: [hal]activate_physical_sensor:238, android.sensor.gyroscope/41 en=1
09-01 16:35:44.200   901   901 I sensors-hal: [ssc_utils]get_qmi_debug_flag:244, support_qmi_debug : false
09-01 16:35:44.204   901   901 D Diag_Lib:  Diag_LSM_Init: Failed to open handle to diag driver, error = 13
09-01 16:35:44.205   901   901 D Diag_Lib:  Diag_LSM_Init: Failed to open handle to diag driver, error = 13
09-01 16:35:44.205   901   901 I sensors-hal: [ssc_sensor]update_handle:537, handle=331, type=33, wakeup=0, hwid=0, base=331
09-01 16:35:44.205   901   901 I sensors-hal: [ssc_utils]get_qmi_debug_flag:244, support_qmi_debug : false
09-01 16:35:44.210   901   901 I sensors-hal: [ssc_utils]get_qmi_debug_flag:244, support_qmi_debug : false
09-01 16:35:44.211   901  8011 I sensors-hal: [ssc_sensor]ssc_conn_resp_cb:663, resp_value = 0
09-01 16:35:44.211   901  1000 W SEE     : @ 24130.665: adding req to Q sensor=8 req=0xb202a468 msg=513
09-01 16:35:44.214   901  8011 I sensors-hal: [sensor]submit_sensors_hal_event:146, android.sensor.additional_info: trying to push empty Events, count = 0
09-01 16:35:44.214   901  8011 I sensors-hal: [sensor]submit_sensors_hal_event:146, android.sensor.additional_info: trying to push empty Events, count = 0
09-01 16:35:44.216   901   901 I sensors-hal: [hal]activate_physical_sensor:249, android.sensor.gyroscope/41 en=1 completed
09-01 16:35:44.217   901  8014 I sensors-hal: [ssc_sensor]ssc_conn_resp_cb:663, resp_value = 0
09-01 16:35:44.217   901  1000 W SEE     : @ 24130.671: adding req to Q sensor=2 req=0xb2031508 msg=513
09-01 16:35:44.219   901  8014 I sensors-hal: [sensor]submit_sensors_hal_event:146, android.sensor.gyroscope: trying to push empty Events, count = 1
09-01 16:35:44.219   901  8014 I chatty  : uid=1000(system) sensors@2.0-ser identical 1 line
09-01 16:35:44.219   901  8014 I sensors-hal: [sensor]submit_sensors_hal_event:146, android.sensor.gyroscope: trying to push empty Events, count = 1
09-01 16:35:44.226  7981  8017 I cr_LibraryLoader: Using ModernLinker
09-01 16:35:44.226  7981  8017 I cr_LibraryLoader: Loading monochrome_64 from within /data/app/~~_KLlx60MH8CoecPTjMKp8g==/com.android.chrome-kw9RHYrlHKb9bPXi8OTClw==/base.apk
09-01 16:35:44.227  7981  8017 W linker  : Warning: "/data/app/~~_KLlx60MH8CoecPTjMKp8g==/com.android.chrome-kw9RHYrlHKb9bPXi8OTClw==/base.apk!/lib/arm64-v8a/libchromium_android_linker.so" unused DT entry: unknown processor-specific (type 0x70000001 arg 0x0) (ignoring)
09-01 16:35:44.229  7981  8017 I cr_ModernLinker: loadLibraryImplLocked: monochrome_64, relroMode=1
09-01 16:35:44.231   901  8014 I sensors-hal: [sensor]submit_sensors_hal_event:146, android.sensor.gyroscope: trying to push empty Events, count = 1
09-01 16:35:44.231  2816  7860 I FontLog : Received query Google Sans:700, URI content://com.google.android.gms.fonts [CONTEXT service_id=132 ]
09-01 16:35:44.232  2816  7860 I FontLog : Query [Google Sans:700] resolved to {Google Sans, wdth 100.0, wght 700, ital 0.0, bestEffort false} [CONTEXT service_id=132 ]
09-01 16:35:44.233  7981  8017 W linker  : Warning: "/data/app/~~pvdNlmkqoAdokjnHYmWQbA==/com.google.android.trichromelibrary_530409134-AZWnkLs2PHY5miTP6ZiTzA==/base.apk!/lib/arm64-v8a/libmonochrome_64.so" unused DT entry: unknown processor-specific (type 0x70000001 arg 0x0) (ignoring)
09-01 16:35:44.233  2816  7860 I FontLog : Fetch {Google Sans, wdth 100.0, wght 700, ital 0.0, bestEffort false} end status Status{statusCode=SUCCESS, resolution=null} [CONTEXT service_id=132 ]
09-01 16:35:44.238  2816  7860 I FontLog : Pulling font file for id = 663, cache size = 7 [CONTEXT service_id=132 ]
09-01 16:35:44.253  7981  8017 I cr_LibraryLoader: Successfully loaded native library
09-01 16:35:44.254  7981  8017 I cr_CachingUmaRecorder: Flushed 34 samples from 32 histograms.
09-01 16:35:44.261  2062  2084 W System  : A resource failed to call release. 
09-01 16:35:44.262  7981  8021 W DynamiteModule: Local module descriptor class for com.google.android.gms.googlecertificates not found.
09-01 16:35:44.262  2062  2084 W System  : A resource failed to call release. 
09-01 16:35:44.262  2062  2084 I chatty  : uid=10233(com.android.systemui) FinalizerDaemon identical 1 line
09-01 16:35:44.263  2062  2084 W System  : A resource failed to call release. 
09-01 16:35:44.274  7981  8021 I DynamiteModule: Considering local module com.google.android.gms.googlecertificates:0 and remote module com.google.android.gms.googlecertificates:7
09-01 16:35:44.274  7981  8021 I DynamiteModule: Selected remote version of com.google.android.gms.googlecertificates, version >= 7
09-01 16:35:44.283  7981  8021 W System  : ClassLoader referenced unknown path: 
09-01 16:35:44.293  7981  7981 I cr_CompositorSurfaceMgr: Transitioning to surface with format: -1
09-01 16:35:44.313  1513  4617 D CompatibilityChangeReporter: Compat change id reported: 136274596; UID 10220; state: ENABLED
09-01 16:35:44.324  7981  8010 I cr_tabmodel: Starting to fetch tab list for tab_state0
09-01 16:35:44.324  7981  8002 I cr_tabmodel: Starting to fetch tab list for tab_state1
09-01 16:35:44.324  7981  8002 I cr_tabmodel: State file does not exist.
09-01 16:35:44.325  7981  8010 I cr_tabmodel: Finished fetching tab list.
09-01 16:35:44.351   592  2400 W DisplayIdentification: Invalid EDID: falling back to serial number due to missing display name.
09-01 16:35:44.351   592  2400 W DisplayIdentification: Invalid EDID: falling back to ASCII text due to missing serial number.
09-01 16:35:44.360  1513  4617 D CompatibilityChangeReporter: Compat change id reported: 135634846; UID 10220; state: DISABLED
09-01 16:35:44.360  1513  4617 D CompatibilityChangeReporter: Compat change id reported: 135754954; UID 10220; state: ENABLED
09-01 16:35:44.360  1513  1625 D CompatibilityChangeReporter: Compat change id reported: 143937733; UID 10220; state: ENABLED
09-01 16:35:44.367   778   778 D Zygote  : Forked child process 8032
09-01 16:35:44.368  2816 14894 E bfyz    : Phenotype API error. Event # deor@5810ffcb, EventCode: 7 [CONTEXT service_id=51 ]
09-01 16:35:44.368  2816 14894 E bfyz    : bfyb: 29505: No config packages for log source, or config package not registered
09-01 16:35:44.368  2816 14894 E bfyz    : 	at bfzu.b(:com.google.android.gms@224312037@22.43.12 (150400-483592595):4)
09-01 16:35:44.368  2816 14894 E bfyz    : 	at bfzr.g(:com.google.android.gms@224312037@22.43.12 (150400-483592595):0)
09-01 16:35:44.368  2816 14894 E bfyz    : 	at bfyz.e(:com.google.android.gms@224312037@22.43.12 (150400-483592595):4)
09-01 16:35:44.368  2816 14894 E bfyz    : 	at bfyz.f(:com.google.android.gms@224312037@22.43.12 (150400-483592595):2)
09-01 16:35:44.368  2816 14894 E bfyz    : 	at aqyg.eq(:com.google.android.gms@224312037@22.43.12 (150400-483592595):1)
09-01 16:35:44.368  2816 14894 E bfyz    : 	at aqym.run(:com.google.android.gms@224312037@22.43.12 (150400-483592595):12)
09-01 16:35:44.368  2816 14894 E bfyz    : 	at ckdj.run(:com.google.android.gms@224312037@22.43.12 (150400-483592595):2)
09-01 16:35:44.368  2816 14894 E bfyz    : 	at zqv.c(:com.google.android.gms@224312037@22.43.12 (150400-483592595):6)
09-01 16:35:44.368  2816 14894 E bfyz    : 	at zqv.run(:com.google.android.gms@224312037@22.43.12 (150400-483592595):7)
09-01 16:35:44.368  2816 14894 E bfyz    : 	at java.util.concurrent.ThreadPoolExecutor.runWorker(ThreadPoolExecutor.java:1167)
09-01 16:35:44.368  2816 14894 E bfyz    : 	at java.util.concurrent.ThreadPoolExecutor$Worker.run(ThreadPoolExecutor.java:641)
09-01 16:35:44.368  2816 14894 E bfyz    : 	at zwa.run(:com.google.android.gms@224312037@22.43.12 (150400-483592595):0)
09-01 16:35:44.368  2816 14894 E bfyz    : 	at java.lang.Thread.run(Thread.java:923)
09-01 16:35:44.369  2816 14894 W AsyncOperation: operation=GetExperimentTokensOperationCall, opStatusCode=29505 [CONTEXT service_id=51 ]
09-01 16:35:44.369  2816 14894 W AsyncOperation: OperationException[Status{statusCode=No config packages for log source, or config package not registered, resolution=null}]
09-01 16:35:44.369  2816 14894 W AsyncOperation: 	at bfyz.e(:com.google.android.gms@224312037@22.43.12 (150400-483592595):6)
09-01 16:35:44.369  2816 14894 W AsyncOperation: 	at bfyz.f(:com.google.android.gms@224312037@22.43.12 (150400-483592595):2)
09-01 16:35:44.369  2816 14894 W AsyncOperation: 	at aqyg.eq(:com.google.android.gms@224312037@22.43.12 (150400-483592595):1)
09-01 16:35:44.369  2816 14894 W AsyncOperation: 	at aqym.run(:com.google.android.gms@224312037@22.43.12 (150400-483592595):12)
09-01 16:35:44.369  2816 14894 W AsyncOperation: 	at ckdj.run(:com.google.android.gms@224312037@22.43.12 (150400-483592595):2)
09-01 16:35:44.369  2816 14894 W AsyncOperation: 	at zqv.c(:com.google.android.gms@224312037@22.43.12 (150400-483592595):6)
09-01 16:35:44.369  2816 14894 W AsyncOperation: 	at zqv.run(:com.google.android.gms@224312037@22.43.12 (150400-483592595):7)
09-01 16:35:44.369  2816 14894 W AsyncOperation: 	at java.util.concurrent.ThreadPoolExecutor.runWorker(ThreadPoolExecutor.java:1167)
09-01 16:35:44.369  2816 14894 W AsyncOperation: 	at java.util.concurrent.ThreadPoolExecutor$Worker.run(ThreadPoolExecutor.java:641)
09-01 16:35:44.369  2816 14894 W AsyncOperation: 	at zwa.run(:com.google.android.gms@224312037@22.43.12 (150400-483592595):0)
09-01 16:35:44.369  2816 14894 W AsyncOperation: 	at java.lang.Thread.run(Thread.java:923)
09-01 16:35:44.373  8032  8032 I libc    : SetHeapTaggingLevel: tag level set to 0
09-01 16:35:44.375  7981  8030 I AdrenoGLES-0: QUALCOMM build                   : 35605c3, Ia11ce2d146
09-01 16:35:44.375  7981  8030 I AdrenoGLES-0: Build Date                       : 09/02/20
09-01 16:35:44.375  7981  8030 I AdrenoGLES-0: OpenGL ES Shader Compiler Version: EV031.31.04.00
09-01 16:35:44.375  7981  8030 I AdrenoGLES-0: Local Branch                     : gfx-adreno.lnx.2.0
09-01 16:35:44.375  7981  8030 I AdrenoGLES-0: Remote Branch                    : 
09-01 16:35:44.375  7981  8030 I AdrenoGLES-0: Remote Branch                    : 
09-01 16:35:44.375  7981  8030 I AdrenoGLES-0: Reconstruct Branch               : 
09-01 16:35:44.376  7981  8030 I AdrenoGLES-0: Build Config                     : S P 10.0.4 AArch64
09-01 16:35:44.376  7981  8030 I AdrenoGLES-0: Driver Path                      : /vendor/lib64/egl/libGLESv2_adreno.so
09-01 16:35:44.376  1513  1625 W ZygoteProcess: Got error connecting to zygote, retrying. msg= Connection refused
09-01 16:35:44.379  7981  8030 I AdrenoGLES-0: PFP: 0x016dd090, ME: 0x00000000
09-01 16:35:44.387  7981  7981 I cr_StartSurfaceConfig: Recorded Startup.Android.FirstDrawCompletedTime.NoInstant = 117 ms
09-01 16:35:44.387  7981  8030 W AdrenoUtils: <ReadGpuID_from_sysfs:197>: Failed to open /sys/class/kgsl/kgsl-3d0/gpu_model
09-01 16:35:44.387  7981  8030 W AdrenoUtils: <ReadGpuID:221>: Failed to read chip ID from gpu_model. Fallback to use the GSL path
09-01 16:35:44.398   594  1717 I SDM     : HWDeviceDRM::UpdateMixerAttributes: Mixer WxH 1080x2340-1 for Peripheral
09-01 16:35:44.398   594  1717 I SDM     : DisplayBase::SetActiveConfig: Active configuration changed to: 0
09-01 16:35:44.398   594  1717 I SDM     : StrategyImpl::SetIdleTimeoutMs: Idle timeout set to zero for command mode panels
09-01 16:35:44.403  1513  1572 D EventSequenceValidator: dec AccIntentStartedEvents to 1
09-01 16:35:44.406   901  2806 I sensors-hal: [ssc_utils]get_qmi_debug_flag:244, support_qmi_debug : false
09-01 16:35:44.412  1513  1622 D ArtManagerInternalImpl: /data/misc/iorapd/com.android.chrome/530409134/com.google.android.apps.chrome.Main/compiled_traces/compiled_trace.pb doesn't exist
09-01 16:35:44.414  1513  1622 I ActivityTaskManager: Displayed com.android.chrome/com.google.android.apps.chrome.Main: +272ms
09-01 16:35:44.418  1513  1572 I DisplayManagerService: Display device changed: DisplayDeviceInfo{"Built-in Screen": uniqueId="local:19260504575090817", 1080 x 2340, modeId 2, defaultModeId 2, supportedModes [{id=1, width=1080, height=2340, fps=90.0}, {id=2, width=1080, height=2340, fps=60.000004}], colorMode 0, supportedColorModes [0, 7, 9], HdrCapabilities HdrCapabilities{mSupportedHdrTypes=[2, 3, 4], mMaxLuminance=500.0, mMaxAverageLuminance=500.0, mMinLuminance=0.0}, allmSupported false, gameContentTypeSupported false, density 440, 435.428 x 433.839 dpi, appVsyncOff 2333332, presDeadline 11500000, cutout DisplayCutout{insets=Rect(0, 136 - 0, 0) waterfall=Insets{left=0, top=0, right=0, bottom=0} boundingRect={Bounds=[Rect(0, 0 - 0, 0), Rect(0, 0 - 136, 136), Rect(0, 0 - 0, 0), Rect(0, 0 - 0, 0)]}}, touch INTERNAL, rotation 0, type INTERNAL, address {port=129, model=0x446d53ad64a0}, deviceProductInfo DeviceProductInfo{name=, manufacturerPnpId=QCM, productId=1, modelYear=null, manufactureDate=ManufactureDate{week=27, year=2006}, relativeAddress=null}, state ON, FLAG_DEFAULT_DISPLAY, FLAG_ROTATES_WITH_CONTENT, FLAG_SECURE, FLAG_SUPPORTS_PROTECTED_BUFFERS}
09-01 16:35:44.421   594  1717 I SDM     : HWDeviceDRM::UpdateMixerAttributes: Mixer WxH 1080x2340-1 for Peripheral
09-01 16:35:44.421   594  1717 I SDM     : DisplayBase::SetActiveConfig: Active configuration changed to: 1
09-01 16:35:44.421   594  1717 I SDM     : StrategyImpl::SetIdleTimeoutMs: Idle timeout set to zero for command mode panels
09-01 16:35:44.424  7981  7981 I TetheringManager: registerTetheringEventCallback:com.android.chrome
09-01 16:35:44.426  1513  1572 I DisplayManagerService: Display device changed: DisplayDeviceInfo{"Built-in Screen": uniqueId="local:19260504575090817", 1080 x 2340, modeId 1, defaultModeId 2, supportedModes [{id=1, width=1080, height=2340, fps=90.0}, {id=2, width=1080, height=2340, fps=60.000004}], colorMode 0, supportedColorModes [0, 7, 9], HdrCapabilities HdrCapabilities{mSupportedHdrTypes=[2, 3, 4], mMaxLuminance=500.0, mMaxAverageLuminance=500.0, mMinLuminance=0.0}, allmSupported false, gameContentTypeSupported false, density 440, 435.428 x 433.839 dpi, appVsyncOff 2333333, presDeadline 11500000, cutout DisplayCutout{insets=Rect(0, 136 - 0, 0) waterfall=Insets{left=0, top=0, right=0, bottom=0} boundingRect={Bounds=[Rect(0, 0 - 0, 0), Rect(0, 0 - 136, 136), Rect(0, 0 - 0, 0), Rect(0, 0 - 0, 0)]}}, touch INTERNAL, rotation 0, type INTERNAL, address {port=129, model=0x446d53ad64a0}, deviceProductInfo DeviceProductInfo{name=, manufacturerPnpId=QCM, productId=1, modelYear=null, manufactureDate=ManufactureDate{week=27, year=2006}, relativeAddress=null}, state ON, FLAG_DEFAULT_DISPLAY, FLAG_ROTATES_WITH_CONTENT, FLAG_SECURE, FLAG_SUPPORTS_PROTECTED_BUFFERS}
09-01 16:35:44.427  1513  1625 I AppZygote: Starting application preload.
09-01 16:35:44.429   901  2806 I sensors-hal: [ssc_utils]get_qmi_debug_flag:244, support_qmi_debug : false
09-01 16:35:44.431  8032  8032 I AppZygoteInit: Beginning application preload for com.android.chrome
09-01 16:35:44.435  7981  8023 W cr_PartnerCustomize: Partner homepage must be HTTP(S) or NewTabPage. Got invalid URL ""
09-01 16:35:44.443  8032  8032 I cr_ZygotePreload: Loaded Zygote. version=107.0.5304.91 minSdkVersion=29 isBundle=true
09-01 16:35:44.447  8032  8032 W linker  : Warning: "/data/app/~~pvdNlmkqoAdokjnHYmWQbA==/com.google.android.trichromelibrary_530409134-AZWnkLs2PHY5miTP6ZiTzA==/base.apk!/lib/arm64-v8a/libmonochrome_64.so" unused DT entry: unknown processor-specific (type 0x70000001 arg 0x0) (ignoring)
09-01 16:35:44.453   901  1000 W ASH     : @ 24130.898: Unhandled msg ID 999: line 1277
09-01 16:35:44.453   901  1000 E ASH     : @ 24130.898: No pb callback assigned
09-01 16:35:44.453   901  1000 E ASH     : @ 24130.898: Nanopb error: callback failed:1588
09-01 16:35:44.453   901  1000 W ASH     : @ 24130.899: Unhandled msg ID 999: line 1277
09-01 16:35:44.453   901  1000 E ASH     : @ 24130.899: No pb callback assigned
09-01 16:35:44.453   901  1000 E ASH     : @ 24130.899: Nanopb error: callback failed:1588
09-01 16:35:44.475  1513  1625 I AppZygote: Application preload done.
09-01 16:35:44.475  8032  8032 I AppZygoteInit: Application preload done
09-01 16:35:44.480  8032  8037 W d.chrome_zygot: Reducing the number of considered missed Gc histogram windows from 2412 to 100
09-01 16:35:44.488  8032  8032 D Zygote  : Forked child process 8077
09-01 16:35:44.489  1513  1625 W ActivityManager: Slow operation: 129ms so far, now at startProcess: returned from zygote!
09-01 16:35:44.490  8077  8077 E libc    : SetHeapTaggingLevel: re-enabling tagging after it was disabled is not supported
09-01 16:35:44.491  1513  1625 W ActivityManager: Slow operation: 132ms so far, now at startProcess: done updating battery stats
09-01 16:35:44.491  1513  1625 W ActivityManager: Slow operation: 132ms so far, now at startProcess: building log message
09-01 16:35:44.491  1513  1625 I ActivityManager: Start proc 8077:com.android.chrome:sandboxed_process0:org.chromium.content.app.SandboxedProcessService0:0/u0ai0 for  {com.android.chrome/org.chromium.content.app.SandboxedProcessService0:0}
09-01 16:35:44.491  1513  1625 W ActivityManager: Slow operation: 132ms so far, now at startProcess: starting to update pids map
09-01 16:35:44.492  1513  1625 W ActivityManager: Slow operation: 132ms so far, now at startProcess: done updating pids map
09-01 16:35:44.509  8077  8077 E ocessService0:: Not starting debugger since process cannot load the jdwp agent.
09-01 16:35:44.511   778   778 D Zygote  : Forked child process 8094
09-01 16:35:44.518  7981  7981 I cr_SmsProviderGms: construction successfull IU2@261afee, FU2@7469c8f
09-01 16:35:44.521  1513  4617 D CompatibilityChangeReporter: Compat change id reported: 136274596; UID 10220; state: ENABLED
09-01 16:35:44.524  1513  1625 I ActivityManager: Start proc 8094:com.android.chrome:privileged_process0/u0a220 for service {com.android.chrome/org.chromium.content.app.PrivilegedProcessService0}
09-01 16:35:44.538  7981  8051 W InstanceID: Instance ID SDK is deprecated, com.android.chrome should update to use Firebase Instance ID
09-01 16:35:44.542  8094  8094 E ileged_process: Not starting debugger since process cannot load the jdwp agent.
09-01 16:35:44.553  1513  4617 D ConnectivityService: requestNetwork for uid/pid:10220/7981 NetworkRequest [ TRACK_DEFAULT id=1056, [ Capabilities: INTERNET&NOT_RESTRICTED&TRUSTED Uid: 10220 AdministratorUids: [] RequestorUid: 10220 RequestorPackageName: com.android.chrome] ]
09-01 16:35:44.553  1513  2000 D ConnectivityService: NetReassign [1056 : null → 100]
09-01 16:35:44.553  1513  1996 D WifiNetworkFactory: got request NetworkRequest [ TRACK_DEFAULT id=1056, [ Capabilities: INTERNET&NOT_RESTRICTED&TRUSTED Uid: 10220 AdministratorUids: [] RequestorUid: 10220 RequestorPackageName: com.android.chrome] ] with score 60 and providerId 5
09-01 16:35:44.553  1513  2038 D Ethernet: got request NetworkRequest [ TRACK_DEFAULT id=1056, [ Capabilities: INTERNET&NOT_RESTRICTED&TRUSTED Uid: 10220 AdministratorUids: [] RequestorUid: 10220 RequestorPackageName: com.android.chrome] ] with score 60 and providerId 5
09-01 16:35:44.554  2474  2474 D PhoneSwitcherNetworkRequstListener: got request NetworkRequest [ TRACK_DEFAULT id=1056, [ Capabilities: INTERNET&NOT_RESTRICTED&TRUSTED Uid: 10220 AdministratorUids: [] RequestorUid: 10220 RequestorPackageName: com.android.chrome] ] with score 60 and providerId 5
09-01 16:35:44.554  1513  2037 D WIFI_AWARE_FACTORY: got request NetworkRequest [ TRACK_DEFAULT id=1056, [ Capabilities: INTERNET&NOT_RESTRICTED&TRUSTED Uid: 10220 AdministratorUids: [] RequestorUid: 10220 RequestorPackageName: com.android.chrome] ] with score 60 and providerId 5
09-01 16:35:44.554  1513  1996 D UntrustedWifiNetworkFactory: got request NetworkRequest [ TRACK_DEFAULT id=1056, [ Capabilities: INTERNET&NOT_RESTRICTED&TRUSTED Uid: 10220 AdministratorUids: [] RequestorUid: 10220 RequestorPackageName: com.android.chrome] ] with score 60 and providerId 5
09-01 16:35:44.556  1513  3227 D CompatibilityChangeReporter: Compat change id reported: 136274596; UID 10220; state: ENABLED
09-01 16:35:44.556  1513  2000 D ConnectivityService: NetReassign [no changes]
09-01 16:35:44.576  8094  8094 W ileged_process: JIT profile information will not be recorded: profile file does not exist.
09-01 16:35:44.577  8077  8077 I LoadedApk: No resource references to update in package com.google.android.trichromelibrary
09-01 16:35:44.578  8077  8077 D NetworkSecurityConfig: Using Network Security Config from resource 0_resource_name_obfuscated debugBuild: false
09-01 16:35:44.579  8077  8077 D NetworkSecurityConfig: Using Network Security Config from resource 0_resource_name_obfuscated debugBuild: false
09-01 16:35:44.581  8077  8077 I cr_SplitCompatApp: Launched version=107.0.5304.91 minSdkVersion=29 isBundle=true processName=com.android.chrome:sandboxed_process0:org.chromium.content.app.SandboxedProcessService0:0 isIsolated=true
09-01 16:35:44.581  8094  8094 I LoadedApk: No resource references to update in package com.google.android.trichromelibrary
09-01 16:35:44.581  8094  8094 D NetworkSecurityConfig: Using Network Security Config from resource 0_resource_name_obfuscated debugBuild: false
09-01 16:35:44.582  8094  8094 D NetworkSecurityConfig: Using Network Security Config from resource 0_resource_name_obfuscated debugBuild: false
09-01 16:35:44.583  8094  8094 I cr_SplitCompatApp: Launched version=107.0.5304.91 minSdkVersion=29 isBundle=true processName=com.android.chrome:privileged_process0 isIsolated=false
09-01 16:35:44.587  1513  3232 D ConnectivityService: requestNetwork for uid/pid:10220/7981 NetworkRequest [ TRACK_DEFAULT id=1058, [ Capabilities: INTERNET&NOT_RESTRICTED&TRUSTED Uid: 10220 AdministratorUids: [] RequestorUid: 10220 RequestorPackageName: com.android.chrome] ]
09-01 16:35:44.587  1513  2000 D ConnectivityService: NetReassign [1058 : null → 100]
09-01 16:35:44.588  1513  1996 D WifiNetworkFactory: got request NetworkRequest [ TRACK_DEFAULT id=1058, [ Capabilities: INTERNET&NOT_RESTRICTED&TRUSTED Uid: 10220 AdministratorUids: [] RequestorUid: 10220 RequestorPackageName: com.android.chrome] ] with score 60 and providerId 5
09-01 16:35:44.588  1513  2038 D Ethernet: got request NetworkRequest [ TRACK_DEFAULT id=1058, [ Capabilities: INTERNET&NOT_RESTRICTED&TRUSTED Uid: 10220 AdministratorUids: [] RequestorUid: 10220 RequestorPackageName: com.android.chrome] ] with score 60 and providerId 5
09-01 16:35:44.589  1513  2037 D WIFI_AWARE_FACTORY: got request NetworkRequest [ TRACK_DEFAULT id=1058, [ Capabilities: INTERNET&NOT_RESTRICTED&TRUSTED Uid: 10220 AdministratorUids: [] RequestorUid: 10220 RequestorPackageName: com.android.chrome] ] with score 60 and providerId 5
09-01 16:35:44.589  1513  1996 D UntrustedWifiNetworkFactory: got request NetworkRequest [ TRACK_DEFAULT id=1058, [ Capabilities: INTERNET&NOT_RESTRICTED&TRUSTED Uid: 10220 AdministratorUids: [] RequestorUid: 10220 RequestorPackageName: com.android.chrome] ] with score 60 and providerId 5
09-01 16:35:44.589  2474  2474 D PhoneSwitcherNetworkRequstListener: got request NetworkRequest [ TRACK_DEFAULT id=1058, [ Capabilities: INTERNET&NOT_RESTRICTED&TRUSTED Uid: 10220 AdministratorUids: [] RequestorUid: 10220 RequestorPackageName: com.android.chrome] ] with score 60 and providerId 5
09-01 16:35:44.590  1513  4617 D CompatibilityChangeReporter: Compat change id reported: 149924527; UID 10220; state: ENABLED
09-01 16:35:44.593  8094  8094 I cr_ChildProcessService: Creating new ChildProcessService pid=8094
09-01 16:35:44.593  1513  4617 D CompatibilityChangeReporter: Compat change id reported: 132649864; UID 10220; state: DISABLED
09-01 16:35:44.594  1513  2000 D ConnectivityService: NetReassign [no changes]
09-01 16:35:44.596  8077  8077 W SystemServiceRegistry: No service published for: uimode
09-01 16:35:44.598  7981  7981 W cr_KnoxSettingsProvider: Permission to read device policy denied.
09-01 16:35:44.598  8094  8120 I cr_LibraryLoader: Using ModernLinker
09-01 16:35:44.601  8094  8122 W linker  : Warning: "/data/app/~~_KLlx60MH8CoecPTjMKp8g==/com.android.chrome-kw9RHYrlHKb9bPXi8OTClw==/base.apk!/lib/arm64-v8a/libchromium_android_linker.so" unused DT entry: unknown processor-specific (type 0x70000001 arg 0x0) (ignoring)
09-01 16:35:44.602  8077  8077 I cr_ChildProcessService: Creating new ChildProcessService pid=8077
09-01 16:35:44.603  8094  8122 I cr_LibraryLoader: Loading monochrome_64 from within /data/app/~~_KLlx60MH8CoecPTjMKp8g==/com.android.chrome-kw9RHYrlHKb9bPXi8OTClw==/base.apk
09-01 16:35:44.603  8094  8122 I cr_ModernLinker: loadLibraryImplLocked: monochrome_64, relroMode=2
09-01 16:35:44.605  7981  7981 I cr_CompositorSurfaceMgr: Transitioning to surface with format: -1
09-01 16:35:44.606  7981  7981 I cr_CompositorSurfaceMgr: surfaceCreated format: 0
09-01 16:35:44.607  8094  8122 W linker  : Warning: "/data/app/~~pvdNlmkqoAdokjnHYmWQbA==/com.google.android.trichromelibrary_530409134-AZWnkLs2PHY5miTP6ZiTzA==/base.apk!/lib/arm64-v8a/libmonochrome_64.so" unused DT entry: unknown processor-specific (type 0x70000001 arg 0x0) (ignoring)
09-01 16:35:44.612  7981  7981 I cr_ChromeTabbedActivity: #initializeState
09-01 16:35:44.612  7981  7981 I cr_CipherFactory: #restoreFromBundle, no savedInstanceState.
09-01 16:35:44.612  7981  7981 I cr_tabmodel: #loadState, ignoreIncognitoFiles? true
09-01 16:35:44.612  7981  7981 I cr_tabmodel: Tab metadata, skipIncognitoCount? false incognitoCount: 0 totalCount: 4
09-01 16:35:44.613  7981  7981 I cr_tabmodel: #isIncognitoTabBeingRestored from tabDetails:  false
09-01 16:35:44.613  7981  7981 W cr_tabmodel: Failed to restore TabState; creating Tab with last known URL.
09-01 16:35:44.627  8094  8122 I cr_LibraryLoader: Successfully loaded native library
09-01 16:35:44.627  8094  8122 I cr_CachingUmaRecorder: Flushed 11 samples from 11 histograms.
09-01 16:35:44.639  8094  8122 I AdrenoGLES-0: QUALCOMM build                   : 35605c3, Ia11ce2d146
09-01 16:35:44.639  8094  8122 I AdrenoGLES-0: Build Date                       : 09/02/20
09-01 16:35:44.639  8094  8122 I AdrenoGLES-0: OpenGL ES Shader Compiler Version: EV031.31.04.00
09-01 16:35:44.639  8094  8122 I AdrenoGLES-0: Local Branch                     : gfx-adreno.lnx.2.0
09-01 16:35:44.639  8094  8122 I AdrenoGLES-0: Remote Branch                    : 
09-01 16:35:44.639  8094  8122 I AdrenoGLES-0: Remote Branch                    : 
09-01 16:35:44.639  8094  8122 I AdrenoGLES-0: Reconstruct Branch               : 
09-01 16:35:44.639  8094  8122 I AdrenoGLES-0: Build Config                     : S P 10.0.4 AArch64
09-01 16:35:44.639  8094  8122 I AdrenoGLES-0: Driver Path                      : /vendor/lib64/egl/libGLESv2_adreno.so
09-01 16:35:44.644  8094  8122 I AdrenoGLES-0: PFP: 0x016dd090, ME: 0x00000000
09-01 16:35:44.649  8094  8122 W AdrenoUtils: <ReadGpuID_from_sysfs:197>: Failed to open /sys/class/kgsl/kgsl-3d0/gpu_model
09-01 16:35:44.649  8094  8122 W AdrenoUtils: <ReadGpuID:221>: Failed to read chip ID from gpu_model. Fallback to use the GSL path
09-01 16:35:44.659  8077  8107 I cr_LibraryLoader: Using ModernLinker
09-01 16:35:44.661  7981  7981 E cr_IntentUtils: getBooleanExtra failed on intent null
09-01 16:35:44.661  7981  7981 E cr_IntentUtils: getBooleanExtra failed on intent null
09-01 16:35:44.662  8077  8107 W linker  : Warning: "/data/app/~~_KLlx60MH8CoecPTjMKp8g==/com.android.chrome-kw9RHYrlHKb9bPXi8OTClw==/base.apk!/lib/arm64-v8a/libchromium_android_linker.so" unused DT entry: unknown processor-specific (type 0x70000001 arg 0x0) (ignoring)
09-01 16:35:44.663  8094  8122 D vulkan  : searching for layers in '/data/app/~~_KLlx60MH8CoecPTjMKp8g==/com.android.chrome-kw9RHYrlHKb9bPXi8OTClw==/lib/arm64'
09-01 16:35:44.664  8094  8122 D vulkan  : searching for layers in '/data/app/~~_KLlx60MH8CoecPTjMKp8g==/com.android.chrome-kw9RHYrlHKb9bPXi8OTClw==/base.apk!/lib/arm64-v8a'
09-01 16:35:44.664  8094  8122 D vulkan  : searching for layers in '/data/app/~~pvdNlmkqoAdokjnHYmWQbA==/com.google.android.trichromelibrary_530409134-AZWnkLs2PHY5miTP6ZiTzA==/base.apk!/lib/arm64-v8a'
09-01 16:35:44.675  8094  8122 I AdrenoVK-0: ===== BEGIN DUMP OF OVERRIDDEN SETTINGS =====
09-01 16:35:44.675  8094  8122 I AdrenoVK-0: ===== END DUMP OF OVERRIDDEN SETTINGS =====
09-01 16:35:44.675  8094  8122 I AdrenoVK-0: QUALCOMM build          : 35605c3, Ia11ce2d146
09-01 16:35:44.675  8094  8122 I AdrenoVK-0: Build Date              : 09/02/20
09-01 16:35:44.675  8094  8122 I AdrenoVK-0: Shader Compiler Version : EV031.31.04.00
09-01 16:35:44.675  8094  8122 I AdrenoVK-0: Local Branch            : gfx-adreno.lnx.2.0
09-01 16:35:44.675  8094  8122 I AdrenoVK-0: Remote Branch           : 
09-01 16:35:44.675  8094  8122 I AdrenoVK-0: Remote Branch           : 
09-01 16:35:44.675  8094  8122 I AdrenoVK-0: Reconstruct Branch      : 
09-01 16:35:44.675  8094  8122 I AdrenoVK-0: Build Config            : S P 10.0.4 AArch64
09-01 16:35:44.675  8094  8122 I AdrenoVK-0: Driver Path             : /vendor/lib64/hw/vulkan.adreno.so
09-01 16:35:44.681  8077  8123 I cr_LibraryLoader: Successfully loaded native library
09-01 16:35:44.682  8077  8123 I cr_CachingUmaRecorder: Flushed 3 samples from 3 histograms.
09-01 16:35:44.708  7981  7981 I cr_OfflineIndicator: onConnectionTypeChanged 2
09-01 16:35:44.708  2816  3133 I FontLog : Received query name=Google Sans&weight=700&besteffort=false, URI content://com.google.android.gms.fonts [CONTEXT service_id=132 ]
09-01 16:35:44.709  7981  7981 I cr_OfflineIndicator: Reported by system: [ Transports: WIFI Capabilities: NOT_METERED&INTERNET&NOT_RESTRICTED&TRUSTED&NOT_VPN&VALIDATED&NOT_ROAMING&FOREGROUND&NOT_CONGESTED&NOT_SUSPENDED LinkUpBandwidth>=94050Kbps LinkDnBandwidth>=80437Kbps SignalStrength: -57 AdministratorUids: [] RequestorUid: -1 RequestorPackageName: null]
09-01 16:35:44.709  7981  7981 I cr_OfflineIndicator: setConnectionState connectionState=4
09-01 16:35:44.709  2816  3133 I FontLog : Query [name=Google Sans&weight=700&besteffort=false] resolved to {Google Sans, wdth 100.0, wght 700, ital 0.0, bestEffort false} [CONTEXT service_id=132 ]
09-01 16:35:44.709  7981  7981 I cr_OfflineDetector: Running updateState mConnectivityDetectorInitialized: true, mTimeWhenLastForegrounded: 24127934, getElapsedTime: 24127934, mTimeWhenLastOfflineNotificationReceived: 0, mTimeWhenLastOnline: 24127934, mApplicationState: 1, mIsOfflineLastReportedByConnectivityDetector: false, mIsEffectivelyOffline: false
09-01 16:35:44.709  7981  7981 I cr_OfflineDetector: updateState(): timeSinceLastForeground: 0, timeSinceOfflineNotificationReceived: 24127934, timeSinceLastOnline: 0, timeNeededForForeground: 2000, timeNeededForOffline: -24125934
09-01 16:35:44.709  7981  7981 I cr_OfflineIndicator: processConnectivityCheckResult mConnectionState=4 mConnectivityCheckingStage=1
09-01 16:35:44.710  7733  7753 I gle.android.gm: CollectorTransition concurrent copying GC freed 78010(3295KB) AllocSpace objects, 4(208KB) LOS objects, 75% free, 9910KB/38MB, paused 351us total 318.523ms
09-01 16:35:44.710  2816  3133 I FontLog : Fetch {Google Sans, wdth 100.0, wght 700, ital 0.0, bestEffort false} end status Status{statusCode=SUCCESS, resolution=null} [CONTEXT service_id=132 ]
09-01 16:35:44.712  2816  7860 I FontLog : Pulling font file for id = 664, cache size = 5 [CONTEXT service_id=132 ]
09-01 16:35:44.715  2816  7860 I FontLog : Received query name=Noto Color Emoji Compat&weight=400&besteffort=false, URI content://com.google.android.gms.fonts [CONTEXT service_id=132 ]
09-01 16:35:44.715  2816  7860 I FontLog : Query [name=Noto Color Emoji Compat&weight=400&besteffort=false] resolved to {Noto Color Emoji Compat, wdth 100.0, wght 400, ital 0.0, bestEffort false} [CONTEXT service_id=132 ]
09-01 16:35:44.719  2816  7860 I FontLog : Fetch {Noto Color Emoji Compat, wdth 100.0, wght 400, ital 0.0, bestEffort false} end status Status{statusCode=SUCCESS, resolution=null} [CONTEXT service_id=132 ]
09-01 16:35:44.726  2816  7860 I FontLog : Pulling font file for id = 665, cache size = 6 [CONTEXT service_id=132 ]
09-01 16:35:44.733  2816  7860 I FontLog : Received query name=Google Sans&weight=400&besteffort=false, URI content://com.google.android.gms.fonts [CONTEXT service_id=132 ]
09-01 16:35:44.733  2816  7860 I FontLog : Query [name=Google Sans&weight=400&besteffort=false] resolved to {Google Sans, wdth 100.0, wght 400, ital 0.0, bestEffort false} [CONTEXT service_id=132 ]
09-01 16:35:44.734  2816  7860 I FontLog : Font PFD returned from cache for {Google Sans, wdth 100.0, wght 400, ital 0.0, bestEffort false} [CONTEXT service_id=132 ]
09-01 16:35:44.735  2816  7860 I FontLog : Fetch {Google Sans, wdth 100.0, wght 400, ital 0.0, bestEffort false} end status Status{statusCode=SUCCESS, resolution=null} [CONTEXT service_id=132 ]
09-01 16:35:44.741  2816  7860 I FontLog : Pulling font file for id = 666, cache size = 5 [CONTEXT service_id=132 ]
09-01 16:35:44.743  2816  7860 I FontLog : Received query name=Google Sans&weight=500&besteffort=false, URI content://com.google.android.gms.fonts [CONTEXT service_id=132 ]
09-01 16:35:44.743  2816  7860 I FontLog : Query [name=Google Sans&weight=500&besteffort=false] resolved to {Google Sans, wdth 100.0, wght 500, ital 0.0, bestEffort false} [CONTEXT service_id=132 ]
09-01 16:35:44.745  2816  7860 I FontLog : Font PFD returned from cache for {Google Sans, wdth 100.0, wght 500, ital 0.0, bestEffort false} [CONTEXT service_id=132 ]
09-01 16:35:44.745  2816  7860 I FontLog : Fetch {Google Sans, wdth 100.0, wght 500, ital 0.0, bestEffort false} end status Status{statusCode=SUCCESS, resolution=null} [CONTEXT service_id=132 ]
09-01 16:35:44.747  2816  7860 I FontLog : Pulling font file for id = 667, cache size = 5 [CONTEXT service_id=132 ]
09-01 16:35:44.750  8077  8123 I tflite  : Initialized TensorFlow Lite runtime.
09-01 16:35:44.769  7981  7981 W linker  : Warning: "/data/app/~~_KLlx60MH8CoecPTjMKp8g==/com.android.chrome-kw9RHYrlHKb9bPXi8OTClw==/split_vr.apk!/lib/arm64-v8a/libmonochrome_64_vr_partition.so" unused DT entry: unknown processor-specific (type 0x70000001 arg 0x0) (ignoring)
09-01 16:35:44.771  1513  3232 D ConnectivityService: requestNetwork for uid/pid:10220/7981 NetworkRequest [ TRACK_DEFAULT id=1060, [ Capabilities: INTERNET&NOT_RESTRICTED&TRUSTED Uid: 10220 AdministratorUids: [] RequestorUid: 10220 RequestorPackageName: com.android.chrome] ]
09-01 16:35:44.772  1513  2000 D ConnectivityService: NetReassign [1060 : null → 100]
09-01 16:35:44.772  1513  1996 D WifiNetworkFactory: got request NetworkRequest [ TRACK_DEFAULT id=1060, [ Capabilities: INTERNET&NOT_RESTRICTED&TRUSTED Uid: 10220 AdministratorUids: [] RequestorUid: 10220 RequestorPackageName: com.android.chrome] ] with score 60 and providerId 5
09-01 16:35:44.772  1513  2037 D WIFI_AWARE_FACTORY: got request NetworkRequest [ TRACK_DEFAULT id=1060, [ Capabilities: INTERNET&NOT_RESTRICTED&TRUSTED Uid: 10220 AdministratorUids: [] RequestorUid: 10220 RequestorPackageName: com.android.chrome] ] with score 60 and providerId 5
09-01 16:35:44.772  1513  1996 D UntrustedWifiNetworkFactory: got request NetworkRequest [ TRACK_DEFAULT id=1060, [ Capabilities: INTERNET&NOT_RESTRICTED&TRUSTED Uid: 10220 AdministratorUids: [] RequestorUid: 10220 RequestorPackageName: com.android.chrome] ] with score 60 and providerId 5
09-01 16:35:44.773  1513  2038 D Ethernet: got request NetworkRequest [ TRACK_DEFAULT id=1060, [ Capabilities: INTERNET&NOT_RESTRICTED&TRUSTED Uid: 10220 AdministratorUids: [] RequestorUid: 10220 RequestorPackageName: com.android.chrome] ] with score 60 and providerId 5
09-01 16:35:44.773  2474  2474 D PhoneSwitcherNetworkRequstListener: got request NetworkRequest [ TRACK_DEFAULT id=1060, [ Capabilities: INTERNET&NOT_RESTRICTED&TRUSTED Uid: 10220 AdministratorUids: [] RequestorUid: 10220 RequestorPackageName: com.android.chrome] ] with score 60 and providerId 5
09-01 16:35:44.783  1513  2000 D ConnectivityService: NetReassign [no changes]
09-01 16:35:44.783  2158  2158 I WallpaperService: engine paused
09-01 16:35:44.784   901   901 I sensors-hal: [hal]activate_physical_sensor:238, android.sensor.gyroscope/41 en=0
09-01 16:35:44.787   901   901 D Diag_Lib: diag: Diag_LSM_DeInit done for pid: 901
09-01 16:35:44.788   901   901 D Diag_Lib: diag: Diag_LSM_DeInit done for pid: 901
09-01 16:35:44.788   901   901 I sensors-hal: [hal]activate_physical_sensor:249, android.sensor.gyroscope/41 en=0 completed
09-01 16:35:44.794  7981  8048 I cr_VrCoreVersionChecker: Unable to find VrCore.
09-01 16:35:44.797  1513  8184 I AdrenoGLES-0: QUALCOMM build                   : 35605c3, Ia11ce2d146
09-01 16:35:44.797  1513  8184 I AdrenoGLES-0: Build Date                       : 09/02/20
09-01 16:35:44.797  1513  8184 I AdrenoGLES-0: OpenGL ES Shader Compiler Version: EV031.31.04.00
09-01 16:35:44.797  1513  8184 I AdrenoGLES-0: Local Branch                     : gfx-adreno.lnx.2.0
09-01 16:35:44.797  1513  8184 I AdrenoGLES-0: Remote Branch                    : 
09-01 16:35:44.797  1513  8184 I AdrenoGLES-0: Remote Branch                    : 
09-01 16:35:44.797  1513  8184 I AdrenoGLES-0: Reconstruct Branch               : 
09-01 16:35:44.797  1513  8184 I AdrenoGLES-0: Build Config                     : S P 10.0.4 AArch64
09-01 16:35:44.797  1513  8184 I AdrenoGLES-0: Driver Path                      : /vendor/lib64/egl/libGLESv2_adreno.so
09-01 16:35:44.807  1513  8184 I AdrenoGLES-0: PFP: 0x016dd090, ME: 0x00000000
09-01 16:35:44.848  7981  7981 I Choreographer: Skipped 39 frames!  The application may be doing too much work on its main thread.
09-01 16:35:44.869  7981  7981 I cr_tabmodel: #isIncognitoTabBeingRestored from tabState:  false
09-01 16:35:44.869  7981  7981 I cr_tabmodel: #isIncognitoTabBeingRestored from tabState:  false
09-01 16:35:44.891  2858  2858 I GoogleInputMethodService: GoogleInputMethodService.onFinishInput():3280 
09-01 16:35:44.892  7981  7981 I cr_tabmodel: #isIncognitoTabBeingRestored from tabState:  false
09-01 16:35:44.892  7981  7981 I cr_tabmodel: #isIncognitoTabBeingRestored from tabState:  false
09-01 16:35:44.892  2858  2858 I GoogleInputMethodService: GoogleInputMethodService.updateDeviceLockedStatus():2169 repeatCheckTimes = 0, unlocked = true
09-01 16:35:44.893  2858  2858 I GoogleInputMethodService: GoogleInputMethodService.onStartInput():1960 onStartInput(EditorInfo{inputType=0x0(NULL) imeOptions=0x12000000 privateImeOptions=null actionName=UNSPECIFIED actionLabel=null actionId=0 initialSelStart=-1 initialSelEnd=-1 initialCapsMode=0x0 hintText=null label=null packageName=com.android.chrome fieldId=-1 fieldName=null extras=null}, false)
09-01 16:35:44.893  2858  2858 I GoogleInputMethodService: GoogleInputMethodService.shouldHideHeaderOnInitialState():4081 ShouldHideHeaderOnInitialState = false
09-01 16:35:44.893  2858  2858 I GoogleInputMethodService: GoogleInputMethodService.updateDeviceLockedStatus():2169 repeatCheckTimes = 2, unlocked = true
09-01 16:35:44.897  7981  7981 I cr_tabmodel: #isIncognitoTabBeingRestored from tabState:  false
09-01 16:35:44.897  7981  7981 I cr_tabmodel: #isIncognitoTabBeingRestored from tabState:  false
09-01 16:35:44.903  7906  8156 D ProfileInstaller: Installing profile for com.example.batterymanager_utility
09-01 16:35:44.907  7981  7981 I cr_tabmodel: Loaded tab lists; counts: 4,0
09-01 16:35:46.133   901  1000 D VSC     : @ 24132.587: [WO] tilt angle 89
09-01 16:35:46.490   901  2806 I sensors-hal: [ssc_utils]get_qmi_debug_flag:244, support_qmi_debug : false
09-01 16:35:46.523   901  1000 W ASH     : @ 24132.978: Unhandled msg ID 999: line 1277
09-01 16:35:46.523   901  1000 E ASH     : @ 24132.978: No pb callback assigned
09-01 16:35:46.523   901  1000 E ASH     : @ 24132.978: Nanopb error: callback failed:1588
09-01 16:35:46.560   901  1000 I ASH     : @ 24133.014: tcs3701: ADC is saturated, removed sample from FIFO.
09-01 16:35:46.602   901  2806 I sensors-hal: [ssc_utils]get_qmi_debug_flag:244, support_qmi_debug : false
09-01 16:35:46.607  7981  7981 E cr_BTSPrefs: No data found for task id: 53
09-01 16:35:46.607  7981  7981 E cr_BkgrdTaskScheduler: Task cannot be canceled because no data was found instorage or data was invalid
09-01 16:35:46.623   901  1000 W ASH     : @ 24133.078: Unhandled msg ID 999: line 1277
09-01 16:35:46.624   901  1000 E ASH     : @ 24133.078: No pb callback assigned
09-01 16:35:46.624   901  1000 E ASH     : @ 24133.078: Nanopb error: callback failed:1588
09-01 16:35:46.692   901  2806 I sensors-hal: [ssc_utils]get_qmi_debug_flag:244, support_qmi_debug : false
09-01 16:35:46.706  7733  7733 D BoundBrokerSvc: onBind: Intent { act=com.google.android.gms.common.BIND_SHARED_PREFS pkg=com.google.android.gms }
09-01 16:35:46.706  7733  7733 D BoundBrokerSvc: Loading bound service for intent: Intent { act=com.google.android.gms.common.BIND_SHARED_PREFS pkg=com.google.android.gms }
09-01 16:35:46.707  7733 29636 I Icing   : IndexChimeraService.getServiceInterface callingPackage=com.google.android.gms componentName=null serviceId=30
09-01 16:35:46.710  7733  7733 D BoundBrokerSvc: onUnbind: Intent { act=com.google.android.gms.common.BIND_SHARED_PREFS pkg=com.google.android.gms }
09-01 16:35:46.719  7733  7820 I GmsCoreXrpcWrapper: (REDACTED) Returning a channel provider with trafficStatsTag=%d trafficStatsUid=%d
09-01 16:35:46.723   901  1000 W ASH     : @ 24133.178: Unhandled msg ID 999: line 1277
09-01 16:35:46.723   901  1000 E ASH     : @ 24133.178: No pb callback assigned
09-01 16:35:46.723   901  1000 E ASH     : @ 24133.178: Nanopb error: callback failed:1588
09-01 16:35:46.733   901  2806 I sensors-hal: [ssc_utils]get_qmi_debug_flag:244, support_qmi_debug : false
09-01 16:35:46.763   901  1000 W ASH     : @ 24133.218: Unhandled msg ID 999: line 1277
09-01 16:35:46.763   901  1000 E ASH     : @ 24133.218: No pb callback assigned
09-01 16:35:46.763   901  1000 E ASH     : @ 24133.218: Nanopb error: callback failed:1588
09-01 16:35:46.778  7733  7820 I Icing   : Usage reports ok 5, Failed Usage reports 0, indexed 2, rejected 0
09-01 16:35:46.812  2446  4456 D QCNEJ/WlanStaInfoRelay: Received action: android.net.wifi.RSSI_CHANGED
09-01 16:35:46.812  2446  4456 I QCNEJ/NativeHalConnector: -> SND notifyWlanStaStatusChanged([WlanStaInfo]: wifiSwitchState = 1 rssi = -55 ssid = WiFi 69 bssid = 76:4d:28:12:bf:83 dnsInfo = 192.168.88.1;8.8.8.8;0.0.0.0;0.0.0.0; freqBand = _2GHz countryCode = nl[RatInfo]: networkType = 1 subType = 101 networkState = CONNECTED netHdl = 432902426637 ipAddrV4 = 192.168.88.174 ipAddrV6 =  ifNameV4 = wlan0 ifNameV6 =  slotIdx = 0 isAndroidValidated = true) timeStamp = 2023-09-01 16:35:46.812
09-01 16:35:46.821  5447  5595 I CarrierServices: [451] enh.d: (PEv2-SM-52012781): DisabledState: event Connectivity event [null]
09-01 16:35:46.826  1513  2000 D ConnectivityService: NetReassign [no changes]
09-01 16:35:46.826  5447  5526 I CarrierServices: [446] eed.c: Connected state: [1], networkType: [WIFI]
09-01 16:35:46.829  2474 10291 E PhoneInterfaceManager: [PhoneIntfMgr] getCarrierPrivilegeStatus: Invalid subId
09-01 16:35:46.830  5447  5596 I CarrierServices: [452] eua.f: RCS Configuration storage in Bugle is disabled by p/h flag, using ProvisioningEngineStateCacheUtil.getProvisioningConfigurationForGivenSimIfExist()
09-01 16:35:46.832   901  2806 I sensors-hal: [ssc_utils]get_qmi_debug_flag:244, support_qmi_debug : false
09-01 16:35:46.843   901  1000 W ASH     : @ 24133.298: Unhandled msg ID 999: line 1277
09-01 16:35:46.843   901  1000 E ASH     : @ 24133.298: No pb callback assigned
09-01 16:35:46.843   901  1000 E ASH     : @ 24133.298: Nanopb error: callback failed:1588
09-01 16:35:46.848   901  2806 I sensors-hal: [ssc_utils]get_qmi_debug_flag:244, support_qmi_debug : false
09-01 16:35:46.883   901  1000 W ASH     : @ 24133.338: Unhandled msg ID 999: line 1277
09-01 16:35:46.884   901  1000 E ASH     : @ 24133.338: No pb callback assigned
09-01 16:35:46.884   901  1000 E ASH     : @ 24133.338: Nanopb error: callback failed:1588
09-01 16:35:46.976   901  2806 I sensors-hal: [ssc_utils]get_qmi_debug_flag:244, support_qmi_debug : false
09-01 16:35:47.004   901  1000 W ASH     : @ 24133.458: Unhandled msg ID 999: line 1277
09-01 16:35:47.004   901  1000 E ASH     : @ 24133.458: No pb callback assigned
09-01 16:35:47.004   901  1000 E ASH     : @ 24133.458: Nanopb error: callback failed:1588
09-01 16:35:47.202  2410  2410 D DeviceStatisticsService: chargerType=2 batteryLevel=100 totalBatteryCapacity=4169000
09-01 16:35:47.203  2410  2410 D DeviceInfoHidlClient: isPowerInfoNeverSent()=true
09-01 16:35:47.203  2410  2410 D DeviceInfoHidlClient: getPowerInfoSupportStatus()=-1
09-01 16:35:47.203  2062 10442 D PowerUI : can't show warning due to - plugged: true status unknown: false
09-01 16:35:47.223   901  2806 I sensors-hal: [ssc_utils]get_qmi_debug_flag:244, support_qmi_debug : false
09-01 16:35:47.244   901  1000 W ASH     : @ 24133.698: Unhandled msg ID 999: line 1277
09-01 16:35:47.244   901  1000 E ASH     : @ 24133.698: No pb callback assigned
09-01 16:35:47.244   901  1000 E ASH     : @ 24133.698: Nanopb error: callback failed:1588
09-01 16:35:47.307   901  2806 I sensors-hal: [ssc_utils]get_qmi_debug_flag:244, support_qmi_debug : false
09-01 16:35:47.324   901  1000 W ASH     : @ 24133.778: Unhandled msg ID 999: line 1277
09-01 16:35:47.324   901  1000 E ASH     : @ 24133.779: No pb callback assigned
09-01 16:35:47.324   901  1000 E ASH     : @ 24133.779: Nanopb error: callback failed:1588
09-01 16:35:48.131   901  1000 D VSC     : @ 24134.585: [WO] tilt angle 89
09-01 16:35:48.142   901  2806 I sensors-hal: [ssc_utils]get_qmi_debug_flag:244, support_qmi_debug : false
09-01 16:35:48.154   594  1717 I SDM     : HWDeviceDRM::UpdateMixerAttributes: Mixer WxH 1080x2340-1 for Peripheral
09-01 16:35:48.154   594  1717 I SDM     : DisplayBase::SetActiveConfig: Active configuration changed to: 0
