09-01 16:37:17.568  9087  9087 D NetworkSecurityConfig: Using Network Security Config from resource 0_resource_name_obfuscated debugBuild: false
09-01 16:37:17.570  9087  9087 I cr_SplitCompatApp: Launched version=107.0.5304.91 minSdkVersion=29 isBundle=true processName=com.android.chrome:sandboxed_process0:org.chromium.content.app.SandboxedProcessService0:2 isIsolated=true
09-01 16:37:17.579  9087  9087 W SystemServiceRegistry: No service published for: uimode
09-01 16:37:17.584  9087  9087 I cr_ChildProcessService: Creating new ChildProcessService pid=9087
09-01 16:37:17.590  9087  9106 I cr_LibraryLoader: Using ModernLinker
09-01 16:37:17.593  9087  9106 W linker  : Warning: "/data/app/~~_KLlx60MH8CoecPTjMKp8g==/com.android.chrome-kw9RHYrlHKb9bPXi8OTClw==/base.apk!/lib/arm64-v8a/libchromium_android_linker.so" unused DT entry: unknown processor-specific (type 0x70000001 arg 0x0) (ignoring)
09-01 16:37:17.594  9087  9106 E cr_ChromiumAndroidLinker: ReserveAddressWithHint: Address range starting at 0x7a38768000 was not free to use
09-01 16:37:17.600  9087  9107 I cr_LibraryLoader: Successfully loaded native library
09-01 16:37:17.601  9087  9107 I cr_CachingUmaRecorder: Flushed 3 samples from 3 histograms.
09-01 16:37:18.055   901  2806 I sensors-hal: [ssc_utils]get_qmi_debug_flag:244, support_qmi_debug : false
09-01 16:37:18.061   594   594 I SDM     : HWDeviceDRM::UpdateMixerAttributes: Mixer WxH 1080x2340-1 for Peripheral
09-01 16:37:18.061   594   594 I SDM     : DisplayBase::SetActiveConfig: Active configuration changed to: 0
09-01 16:37:18.061   594   594 I SDM     : StrategyImpl::SetIdleTimeoutMs: Idle timeout set to zero for command mode panels
09-01 16:37:18.069   901  2806 I sensors-hal: [ssc_utils]get_qmi_debug_flag:244, support_qmi_debug : false
09-01 16:37:18.071  1513  1572 I DisplayManagerService: Display device changed: DisplayDeviceInfo{"Built-in Screen": uniqueId="local:19260504575090817", 1080 x 2340, modeId 2, defaultModeId 2, supportedModes [{id=1, width=1080, height=2340, fps=90.0}, {id=2, width=1080, height=2340, fps=60.000004}], colorMode 0, supportedColorModes [0, 7, 9], HdrCapabilities HdrCapabilities{mSupportedHdrTypes=[2, 3, 4], mMaxLuminance=500.0, mMaxAverageLuminance=500.0, mMinLuminance=0.0}, allmSupported false, gameContentTypeSupported false, density 440, 435.428 x 433.839 dpi, appVsyncOff 2333332, presDeadline 11500000, cutout DisplayCutout{insets=Rect(0, 136 - 0, 0) waterfall=Insets{left=0, top=0, right=0, bottom=0} boundingRect={Bounds=[Rect(0, 0 - 0, 0), Rect(0, 0 - 136, 136), Rect(0, 0 - 0, 0), Rect(0, 0 - 0, 0)]}}, touch INTERNAL, rotation 0, type INTERNAL, address {port=129, model=0x446d53ad64a0}, deviceProductInfo DeviceProductInfo{name=, manufacturerPnpId=QCM, productId=1, modelYear=null, manufactureDate=ManufactureDate{week=27, year=2006}, relativeAddress=null}, state ON, FLAG_DEFAULT_DISPLAY, FLAG_ROTATES_WITH_CONTENT, FLAG_SECURE, FLAG_SUPPORTS_PROTECTED_BUFFERS}
09-01 16:37:18.084   594   594 I SDM     : StrategyImpl::SetIdleTimeoutMs: Idle timeout set to zero for command mode panels
09-01 16:37:18.084   901  1000 W ASH     : @ 24224.538: Unhandled msg ID 999: line 1277
09-01 16:37:18.084   901  1000 E ASH     : @ 24224.538: No pb callback assigned
09-01 16:37:18.084   901  1000 E ASH     : @ 24224.538: Nanopb error: callback failed:1588
09-01 16:37:18.124   901  1000 W ASH     : @ 24224.578: Unhandled msg ID 999: line 1277
09-01 16:37:18.124   901  1000 E ASH     : @ 24224.578: No pb callback assigned
09-01 16:37:18.124   901  1000 E ASH     : @ 24224.578: Nanopb error: callback failed:1588
09-01 16:37:18.164   901  1000 D VSC     : @ 24224.618: [WO] tilt angle 89
09-01 16:37:18.278  8818  8818 I cr_tabmodel: Appending tabs being restored to metadata lists, 0, startingNormalCount: 5, startingIncognitoCount: 0
09-01 16:37:18.278  8818  8818 I cr_tabmodel: Serializing tab lists; counts: 5, 0
09-01 16:37:18.306  8818  8818 I cr_StartSurface: Recorded Startup.Android.StartSurfaceShownAtStartup = false
09-01 16:37:18.309  3417  3417 I VISHotwordAdapter: Not connected and not waiting for connection.
09-01 16:37:18.313  3417  3417 I VISHotwordAdapter: Still waiting for connection; add the callback to callback list
09-01 16:37:18.317  3417  3417 I A       : getLocaleToModelSpecsMap
09-01 16:37:18.317  3417  3417 I A       : Using proto config with mendel
09-01 16:37:18.317  3417  3417 I A       : getLocaleToModelSpecsMap
09-01 16:37:18.317  3417  3417 I A       : Using proto config with mendel
09-01 16:37:18.317  3417  3417 I A       : getLocaleToModelSpecsMap
09-01 16:37:18.317  3417  3417 I A       : Using proto config with mendel
09-01 16:37:18.320  3088  7502 I GsaVoiceInteractionSrv: (REDACTED) isHotwordRecognitionEnabled %b %b
09-01 16:37:18.343  7733  7733 D BoundBrokerSvc: onBind: Intent { act=com.google.android.gms.common.BIND_SHARED_PREFS pkg=com.google.android.gms }
09-01 16:37:18.343  7733  7733 D BoundBrokerSvc: Loading bound service for intent: Intent { act=com.google.android.gms.common.BIND_SHARED_PREFS pkg=com.google.android.gms }
09-01 16:37:18.350  7733  7733 D BoundBrokerSvc: onUnbind: Intent { act=com.google.android.gms.common.BIND_SHARED_PREFS pkg=com.google.android.gms }
09-01 16:37:18.353  8818  8867 I cr_BindingManager: Visible binding enabled: maxSize=-1
09-01 16:37:18.517  8818  8818 I cr_tabmodel: Appending tabs being restored to metadata lists, 0, startingNormalCount: 5, startingIncognitoCount: 0
09-01 16:37:18.517  8818  8818 I cr_tabmodel: Serializing tab lists; counts: 5, 0
09-01 16:37:18.632  9149  9149 D AndroidRuntime: >>>>>> START com.android.internal.os.RuntimeInit uid 2000 <<<<<<
09-01 16:37:18.636  9149  9149 W app_process: type=1400 audit(0.0:2813): avc: denied { read } for name="u:object_r:device_config_runtime_native_boot_prop:s0" dev="tmpfs" ino=10163 scontext=u:r:shell:s0 tcontext=u:object_r:device_config_runtime_native_boot_prop:s0 tclass=file permissive=0
09-01 16:37:18.636  9149  9149 I chatty  : uid=2000(shell) app_process identical 2 lines
09-01 16:37:18.636  9149  9149 W app_process: type=1400 audit(0.0:2816): avc: denied { read } for name="u:object_r:device_config_runtime_native_boot_prop:s0" dev="tmpfs" ino=10163 scontext=u:r:shell:s0 tcontext=u:object_r:device_config_runtime_native_boot_prop:s0 tclass=file permissive=0
09-01 16:37:18.639  9149  9149 E libc    : Access denied finding property "persist.device_config.runtime_native_boot.profilebootclasspath"
09-01 16:37:18.639  9149  9149 E libc    : Access denied finding property "persist.device_config.runtime_native_boot.enable_apex_image"
09-01 16:37:18.639  9149  9149 I AndroidRuntime: Using default boot image
09-01 16:37:18.639  9149  9149 E libc    : Access denied finding property "persist.device_config.runtime_native_boot.disable_lock_profiling"
09-01 16:37:18.639  9149  9149 I AndroidRuntime: Leaving lock profiling enabled
09-01 16:37:18.639  9149  9149 E libc    : Access denied finding property "persist.device_config.runtime_native_boot.enable_generational_cc"
09-01 16:37:18.715  9149  9149 D app_process: Time zone APEX ICU file found: /apex/com.android.tzdata/etc/icu/icu_tzdata.dat
09-01 16:37:18.715  9149  9149 D app_process: I18n APEX ICU file found: /apex/com.android.i18n/etc/icu/icudt66l.dat
09-01 16:37:18.720  9149  9149 I app_process: The ClassLoaderContext is a special shared library.
09-01 16:37:18.734  9149  9149 W app_process: JNI RegisterNativeMethods: attempt to register 0 native methods for android.media.AudioAttributes
09-01 16:37:18.738  9149  9149 D AndroidRuntime: Calling main entry com.android.commands.input.Input
09-01 16:37:18.744  1513  1572 I DisplayManagerService: Display device changed: DisplayDeviceInfo{"Built-in Screen": uniqueId="local:19260504575090817", 1080 x 2340, modeId 1, defaultModeId 2, supportedModes [{id=1, width=1080, height=2340, fps=90.0}, {id=2, width=1080, height=2340, fps=60.000004}], colorMode 0, supportedColorModes [0, 7, 9], HdrCapabilities HdrCapabilities{mSupportedHdrTypes=[2, 3, 4], mMaxLuminance=500.0, mMaxAverageLuminance=500.0, mMinLuminance=0.0}, allmSupported false, gameContentTypeSupported false, density 440, 435.428 x 433.839 dpi, appVsyncOff 2333333, presDeadline 11500000, cutout DisplayCutout{insets=Rect(0, 136 - 0, 0) waterfall=Insets{left=0, top=0, right=0, bottom=0} boundingRect={Bounds=[Rect(0, 0 - 0, 0), Rect(0, 0 - 136, 136), Rect(0, 0 - 0, 0), Rect(0, 0 - 0, 0)]}}, touch INTERNAL, rotation 0, type INTERNAL, address {port=129, model=0x446d53ad64a0}, deviceProductInfo DeviceProductInfo{name=, manufacturerPnpId=QCM, productId=1, modelYear=null, manufactureDate=ManufactureDate{week=27, year=2006}, relativeAddress=null}, state ON, FLAG_DEFAULT_DISPLAY, FLAG_ROTATES_WITH_CONTENT, FLAG_SECURE, FLAG_SUPPORTS_PROTECTED_BUFFERS}
09-01 16:37:18.744   594   594 I SDM     : HWDeviceDRM::UpdateMixerAttributes: Mixer WxH 1080x2340-1 for Peripheral
09-01 16:37:18.744   594   594 I SDM     : DisplayBase::SetActiveConfig: Active configuration changed to: 1
09-01 16:37:18.744   594   594 I SDM     : StrategyImpl::SetIdleTimeoutMs: Idle timeout set to zero for command mode panels
09-01 16:37:18.749   901  2806 I sensors-hal: [ssc_utils]get_qmi_debug_flag:244, support_qmi_debug : false
09-01 16:37:18.754  9149  9149 D AndroidRuntime: Shutting down VM
09-01 16:37:18.763   901  1000 W ASH     : @ 24225.218: Unhandled msg ID 999: line 1277
09-01 16:37:18.763   901  1000 E ASH     : @ 24225.218: No pb callback assigned
09-01 16:37:18.763   901  1000 E ASH     : @ 24225.218: Nanopb error: callback failed:1588
09-01 16:37:18.863   901  2806 I sensors-hal: [ssc_utils]get_qmi_debug_flag:244, support_qmi_debug : false
09-01 16:37:18.876   901  2806 I sensors-hal: [ssc_utils]get_qmi_debug_flag:244, support_qmi_debug : false
09-01 16:37:18.884   901  1000 W ASH     : @ 24225.338: Unhandled msg ID 999: line 1277
09-01 16:37:18.884   901  1000 E ASH     : @ 24225.338: No pb callback assigned
09-01 16:37:18.884   901  1000 E ASH     : @ 24225.338: Nanopb error: callback failed:1588
09-01 16:37:18.887  8818  8895 I cr_omaha: Attempting to schedule next job for: Fri Sep 01 21:21:07 GMT+02:00 2023
09-01 16:37:18.903  8818  8818 I cr_omaha: Scheduled using JobService
09-01 16:37:18.906  8818  8818 E cr_BkgrdTaskJS: Tried finishing non-current BackgroundTask.
09-01 16:37:18.932  1513  2571 W UriGrantsManagerService: No permission grants found for com.google.android.apps.photos
09-01 16:37:18.932  1513  2571 W UriGrantsManagerService: No permission grants found for com.google.android.apps.photos
09-01 16:37:18.966   901  2806 I sensors-hal: [ssc_utils]get_qmi_debug_flag:244, support_qmi_debug : false
09-01 16:37:18.968  1513  1536 W UriGrantsManagerService: No permission grants found for com.google.android.apps.photos
09-01 16:37:18.969  1513  1536 W UriGrantsManagerService: No permission grants found for com.google.android.apps.photos
09-01 16:37:18.979   901  1000 W ASH     : @ 24225.432: Unhandled msg ID 999: line 1277
09-01 16:37:18.979   901  1000 E ASH     : @ 24225.432: No pb callback assigned
09-01 16:37:18.979   901  1000 E ASH     : @ 24225.433: Nanopb error: callback failed:1588
09-01 16:37:19.004  1513  3240 W UriGrantsManagerService: No permission grants found for com.google.android.apps.photos
09-01 16:37:19.004  1513  3240 W UriGrantsManagerService: No permission grants found for com.google.android.apps.photos
09-01 16:37:19.026   901  2806 I sensors-hal: [ssc_utils]get_qmi_debug_flag:244, support_qmi_debug : false
09-01 16:37:19.035   901  1000 I ASH     : @ 24225.489: tcs3701: ADC is saturated, removed sample from FIFO.
09-01 16:37:19.044   901  1000 W ASH     : @ 24225.498: Unhandled msg ID 999: line 1277
09-01 16:37:19.044   901  1000 E ASH     : @ 24225.498: No pb callback assigned
09-01 16:37:19.044   901  1000 E ASH     : @ 24225.498: Nanopb error: callback failed:1588
09-01 16:37:19.107  2816  2816 D BoundBrokerSvc: onBind: Intent { act=com.google.android.gms.instantapps.START pkg=com.google.android.gms }
09-01 16:37:19.107  2816  2816 D BoundBrokerSvc: Loading bound service for intent: Intent { act=com.google.android.gms.instantapps.START pkg=com.google.android.gms }
09-01 16:37:19.132  2816 14894 W AsyncOperation: operation=GetLaunchDataOperation, opStatusCode=19500 [CONTEXT service_id=121 ]
09-01 16:37:19.132  2816 14894 W AsyncOperation: OperationException[Status{statusCode=Not an instant app, resolution=null}]
09-01 16:37:19.132  2816 14894 W AsyncOperation: 	at aour.f(:com.google.android.gms@224312037@22.43.12 (150400-483592595):18)
09-01 16:37:19.132  2816 14894 W AsyncOperation: 	at aqyg.eq(:com.google.android.gms@224312037@22.43.12 (150400-483592595):1)
09-01 16:37:19.132  2816 14894 W AsyncOperation: 	at aqym.run(:com.google.android.gms@224312037@22.43.12 (150400-483592595):12)
09-01 16:37:19.132  2816 14894 W AsyncOperation: 	at ckdj.run(:com.google.android.gms@224312037@22.43.12 (150400-483592595):2)
09-01 16:37:19.132  2816 14894 W AsyncOperation: 	at zqv.c(:com.google.android.gms@224312037@22.43.12 (150400-483592595):6)
09-01 16:37:19.132  2816 14894 W AsyncOperation: 	at zqv.run(:com.google.android.gms@224312037@22.43.12 (150400-483592595):7)
09-01 16:37:19.132  2816 14894 W AsyncOperation: 	at java.util.concurrent.ThreadPoolExecutor.runWorker(ThreadPoolExecutor.java:1167)
09-01 16:37:19.132  2816 14894 W AsyncOperation: 	at java.util.concurrent.ThreadPoolExecutor$Worker.run(ThreadPoolExecutor.java:641)
09-01 16:37:19.132  2816 14894 W AsyncOperation: 	at zwa.run(:com.google.android.gms@224312037@22.43.12 (150400-483592595):0)
09-01 16:37:19.132  2816 14894 W AsyncOperation: 	at java.lang.Thread.run(Thread.java:923)
09-01 16:37:19.149  9052  9052 I cr_ChildProcessService: Destroying ChildProcessService pid=9052
09-01 16:37:19.150  1513  1536 I ActivityManager: Killing 9052:com.android.chrome:sandboxed_process0:org.chromium.content.app.SandboxedProcessService0:1/u0a220i-8999 (adj 0): isolated not needed
09-01 16:37:19.151  1513  1640 I libprocessgroup: Successfully killed process cgroup uid 90001 pid 9052 in 0ms
09-01 16:37:19.160  1513  1536 I ActivityManager: Killing 9087:com.android.chrome:sandboxed_process0:org.chromium.content.app.SandboxedProcessService0:2/u0a220i-8998 (adj 0): isolated not needed
09-01 16:37:19.161  1513  1640 I libprocessgroup: Successfully killed process cgroup uid 90002 pid 9087 in 0ms
09-01 16:37:19.198  8868  8868 I Zygote  : Process 9052 exited due to signal 9 (Killed)
09-01 16:37:19.200  8868  8868 I Zygote  : Process 9087 exited due to signal 9 (Killed)
09-01 16:37:19.201  8818  8893 W chromium: [WARNING:spdy_session.cc(3502)] Received HEADERS for invalid stream 7
09-01 16:37:19.219   901  2806 I sensors-hal: [ssc_utils]get_qmi_debug_flag:244, support_qmi_debug : false
09-01 16:37:19.243   901  1000 W ASH     : @ 24225.698: Unhandled msg ID 999: line 1277
09-01 16:37:19.243   901  1000 E ASH     : @ 24225.698: No pb callback assigned
09-01 16:37:19.243   901  1000 E ASH     : @ 24225.698: Nanopb error: callback failed:1588
09-01 16:37:19.245  8818  8818 I cr_tabmodel: Appending tabs being restored to metadata lists, 0, startingNormalCount: 5, startingIncognitoCount: 0
09-01 16:37:19.245  8818  8818 I cr_tabmodel: Serializing tab lists; counts: 5, 0
09-01 16:37:19.249   901  2806 I sensors-hal: [ssc_utils]get_qmi_debug_flag:244, support_qmi_debug : false
09-01 16:37:19.251   594   594 I SDM     : HWDeviceDRM::UpdateMixerAttributes: Mixer WxH 1080x2340-1 for Peripheral
09-01 16:37:19.251   594   594 I SDM     : DisplayBase::SetActiveConfig: Active configuration changed to: 0
09-01 16:37:19.251   594   594 I SDM     : StrategyImpl::SetIdleTimeoutMs: Idle timeout set to zero for command mode panels
09-01 16:37:19.261   901  2806 I sensors-hal: [ssc_utils]get_qmi_debug_flag:244, support_qmi_debug : false
09-01 16:37:19.270  7733  7733 D BoundBrokerSvc: onBind: Intent { act=com.google.android.gms.common.BIND_SHARED_PREFS pkg=com.google.android.gms }
09-01 16:37:19.271  7733  7733 D BoundBrokerSvc: Loading bound service for intent: Intent { act=com.google.android.gms.common.BIND_SHARED_PREFS pkg=com.google.android.gms }
09-01 16:37:19.272  1513  1572 I DisplayManagerService: Display device changed: DisplayDeviceInfo{"Built-in Screen": uniqueId="local:19260504575090817", 1080 x 2340, modeId 2, defaultModeId 2, supportedModes [{id=1, width=1080, height=2340, fps=90.0}, {id=2, width=1080, height=2340, fps=60.000004}], colorMode 0, supportedColorModes [0, 7, 9], HdrCapabilities HdrCapabilities{mSupportedHdrTypes=[2, 3, 4], mMaxLuminance=500.0, mMaxAverageLuminance=500.0, mMinLuminance=0.0}, allmSupported false, gameContentTypeSupported false, density 440, 435.428 x 433.839 dpi, appVsyncOff 2333332, presDeadline 11500000, cutout DisplayCutout{insets=Rect(0, 136 - 0, 0) waterfall=Insets{left=0, top=0, right=0, bottom=0} boundingRect={Bounds=[Rect(0, 0 - 0, 0), Rect(0, 0 - 136, 136), Rect(0, 0 - 0, 0), Rect(0, 0 - 0, 0)]}}, touch INTERNAL, rotation 0, type INTERNAL, address {port=129, model=0x446d53ad64a0}, deviceProductInfo DeviceProductInfo{name=, manufacturerPnpId=QCM, productId=1, modelYear=null, manufactureDate=ManufactureDate{week=27, year=2006}, relativeAddress=null}, state ON, FLAG_DEFAULT_DISPLAY, FLAG_ROTATES_WITH_CONTENT, FLAG_SECURE, FLAG_SUPPORTS_PROTECTED_BUFFERS}
09-01 16:37:19.273   594   594 I SDM     : HWDeviceDRM::UpdateMixerAttributes: Mixer WxH 1080x2340-1 for Peripheral
09-01 16:37:19.273   594   594 I SDM     : DisplayBase::SetActiveConfig: Active configuration changed to: 1
09-01 16:37:19.273   594   594 I SDM     : StrategyImpl::SetIdleTimeoutMs: Idle timeout set to zero for command mode panels
09-01 16:37:19.275  7733  7733 D BoundBrokerSvc: onUnbind: Intent { act=com.google.android.gms.common.BIND_SHARED_PREFS pkg=com.google.android.gms }
09-01 16:37:19.281   901  2806 I sensors-hal: [ssc_utils]get_qmi_debug_flag:244, support_qmi_debug : false
09-01 16:37:19.283   901  1000 W ASH     : @ 24225.738: Unhandled msg ID 999: line 1277
09-01 16:37:19.283   901  1000 E ASH     : @ 24225.738: No pb callback assigned
09-01 16:37:19.284   901  1000 E ASH     : @ 24225.738: Nanopb error: callback failed:1588
09-01 16:37:19.295  1513  1572 I DisplayManagerService: Display device changed: DisplayDeviceInfo{"Built-in Screen": uniqueId="local:19260504575090817", 1080 x 2340, modeId 1, defaultModeId 2, supportedModes [{id=1, width=1080, height=2340, fps=90.0}, {id=2, width=1080, height=2340, fps=60.000004}], colorMode 0, supportedColorModes [0, 7, 9], HdrCapabilities HdrCapabilities{mSupportedHdrTypes=[2, 3, 4], mMaxLuminance=500.0, mMaxAverageLuminance=500.0, mMinLuminance=0.0}, allmSupported false, gameContentTypeSupported false, density 440, 435.428 x 433.839 dpi, appVsyncOff 2333333, presDeadline 11500000, cutout DisplayCutout{insets=Rect(0, 136 - 0, 0) waterfall=Insets{left=0, top=0, right=0, bottom=0} boundingRect={Bounds=[Rect(0, 0 - 0, 0), Rect(0, 0 - 136, 136), Rect(0, 0 - 0, 0), Rect(0, 0 - 0, 0)]}}, touch INTERNAL, rotation 0, type INTERNAL, address {port=129, model=0x446d53ad64a0}, deviceProductInfo DeviceProductInfo{name=, manufacturerPnpId=QCM, productId=1, modelYear=null, manufactureDate=ManufactureDate{week=27, year=2006}, relativeAddress=null}, state ON, FLAG_DEFAULT_DISPLAY, FLAG_ROTATES_WITH_CONTENT, FLAG_SECURE, FLAG_SUPPORTS_PROTECTED_BUFFERS}
09-01 16:37:19.301   901  1000 I ASH     : @ 24225.755: tcs3701: ADC is saturated, removed sample from FIFO.
09-01 16:37:19.323   901  1000 W ASH     : @ 24225.778: Unhandled msg ID 999: line 1277
09-01 16:37:19.323   901  1000 E ASH     : @ 24225.778: No pb callback assigned
09-01 16:37:19.324   901  1000 E ASH     : @ 24225.778: Nanopb error: callback failed:1588
09-01 16:37:19.367  9213  9215 I cmd     : oneway function results will be dropped but finished with status OK and parcel size 4
09-01 16:37:19.371  8745  8745 I BatteryMgr:DataCollectionService: onStartCommand: begin
09-01 16:37:19.372  8745  8745 I BatteryMgr:DataCollectionService: onStartCommand: sampleRate => 100
09-01 16:37:19.372  8745  8745 I BatteryMgr:DataCollectionService: onStartCommand: rawFields => Timestamp,BATTERY_PROPERTY_CURRENT_NOW,EXTRA_VOLTAGE
09-01 16:37:19.373  8745  8745 I BatteryMgr:DataCollectionService: onStartCommand: notification done
09-01 16:37:19.375  1513  3240 D CompatibilityChangeReporter: Compat change id reported: 136219221; UID 10260; state: ENABLED
09-01 16:37:19.375  8745  8745 I BatteryMgr:DataCollectionService: started foreground
09-01 16:37:19.393  8745  9216 I BatteryMgr:DataCollectionService: collectData: begin
09-01 16:37:19.396  8745  9216 I BatteryMgr:DataCollectionService: stats => 1693579039396,5493,4418
09-01 16:37:19.486   901  2806 I sensors-hal: [ssc_utils]get_qmi_debug_flag:244, support_qmi_debug : false
09-01 16:37:19.501  8745  9216 I BatteryMgr:DataCollectionService: stats => 1693579039501,5493,4418
09-01 16:37:19.524   901  1000 W ASH     : @ 24225.978: Unhandled msg ID 999: line 1277
09-01 16:37:19.524   901  1000 E ASH     : @ 24225.978: No pb callback assigned
09-01 16:37:19.524   901  1000 E ASH     : @ 24225.978: Nanopb error: callback failed:1588
09-01 16:37:19.557   901  1000 I ASH     : @ 24226.011: tcs3701: ADC is saturated, removed sample from FIFO.
09-01 16:37:19.579  1513  1513 D NotificationService: 0|com.example.batterymanager_utility|1|null|10260: granting content://settings/system/notification_sound
09-01 16:37:19.582  1513  1513 I chatty  : uid=1000(system) Binder:1513_3 identical 3 lines
09-01 16:37:19.583  1513  1513 D NotificationService: 0|com.example.batterymanager_utility|1|null|10260: granting content://settings/system/notification_sound
09-01 16:37:19.585  1513  1513 W NotificationHistory: Attempted to add notif for locked/gone/disabled user 0
09-01 16:37:19.601  2062  2062 D InterruptionStateProvider: No bubble up: not allowed to bubble: 0|com.example.batterymanager_utility|1|null|10260
09-01 16:37:19.601  2062  2062 D InterruptionStateProvider: No heads up: unimportant notification: 0|com.example.batterymanager_utility|1|null|10260
09-01 16:37:19.605  8745  9216 I BatteryMgr:DataCollectionService: stats => 1693579039605,5493,4418
09-01 16:37:19.640   901  2806 I sensors-hal: [ssc_utils]get_qmi_debug_flag:244, support_qmi_debug : false
09-01 16:37:19.657   901  1000 W ASH     : @ 24226.111: Unhandled msg ID 999: line 1277
09-01 16:37:19.657   901  1000 E ASH     : @ 24226.111: No pb callback assigned
09-01 16:37:19.657   901  1000 E ASH     : @ 24226.111: Nanopb error: callback failed:1588
09-01 16:37:19.710  8745  9216 I BatteryMgr:DataCollectionService: stats => 1693579039710,5493,4418
09-01 16:37:19.716   901  2806 I sensors-hal: [ssc_utils]get_qmi_debug_flag:244, support_qmi_debug : false
09-01 16:37:19.725   901  1000 W ASH     : @ 24226.179: Unhandled msg ID 999: line 1277
09-01 16:37:19.725   901  1000 E ASH     : @ 24226.179: No pb callback assigned
09-01 16:37:19.725   901  1000 E ASH     : @ 24226.179: Nanopb error: callback failed:1588
09-01 16:37:19.731   901  2806 I sensors-hal: [ssc_utils]get_qmi_debug_flag:244, support_qmi_debug : false
09-01 16:37:19.763   901  1000 W ASH     : @ 24226.218: Unhandled msg ID 999: line 1277
09-01 16:37:19.763   901  1000 E ASH     : @ 24226.218: No pb callback assigned
09-01 16:37:19.764   901  1000 E ASH     : @ 24226.218: Nanopb error: callback failed:1588
09-01 16:37:19.815  8745  9216 I BatteryMgr:DataCollectionService: stats => 1693579039815,5493,4418
09-01 16:37:19.920  8745  9216 I BatteryMgr:DataCollectionService: stats => 1693579039920,5493,4418
09-01 16:37:19.987   901  2806 I sensors-hal: [ssc_utils]get_qmi_debug_flag:244, support_qmi_debug : false
09-01 16:37:20.003   901  1000 W ASH     : @ 24226.458: Unhandled msg ID 999: line 1277
09-01 16:37:20.004   901  1000 E ASH     : @ 24226.458: No pb callback assigned
09-01 16:37:20.004   901  1000 E ASH     : @ 24226.458: Nanopb error: callback failed:1588
09-01 16:37:20.026  8745  9216 I BatteryMgr:DataCollectionService: stats => 1693579040026,5493,4418
09-01 16:37:20.057   901  1000 I ASH     : @ 24226.511: tcs3701: ADC is saturated, removed sample from FIFO.
09-01 16:37:20.132  8745  9216 I BatteryMgr:DataCollectionService: stats => 1693579040132,5493,4418
09-01 16:37:20.164   901  1000 D VSC     : @ 24226.618: [WO] tilt angle 89
09-01 16:37:20.240  8745  9216 I BatteryMgr:DataCollectionService: stats => 1693579040240,5493,4418
09-01 16:37:20.346  8745  9216 I BatteryMgr:DataCollectionService: stats => 1693579040346,5493,4418
09-01 16:37:20.453  8745  9216 I BatteryMgr:DataCollectionService: stats => 1693579040453,5493,4418
09-01 16:37:20.472  2446  4456 D QCNEJ/WlanStaInfoRelay: Received action: android.net.wifi.RSSI_CHANGED
09-01 16:37:20.472  2446  4456 I QCNEJ/NativeHalConnector: -> SND notifyWlanStaStatusChanged([WlanStaInfo]: wifiSwitchState = 1 rssi = -55 ssid = WiFi 69 bssid = 76:4d:28:12:bf:83 dnsInfo = 192.168.88.1;8.8.8.8;0.0.0.0;0.0.0.0; freqBand = _2GHz countryCode = nl[RatInfo]: networkType = 1 subType = 101 networkState = CONNECTED netHdl = 432902426637 ipAddrV4 = 192.168.88.174 ipAddrV6 =  ifNameV4 = wlan0 ifNameV6 =  slotIdx = 0 isAndroidValidated = true) timeStamp = 2023-09-01 16:37:20.472
09-01 16:37:20.475  4371  4416 D PowerManagerPoller: Downlink cellular capacity updated to 53625 Kbps
09-01 16:37:20.478  5447  5595 I CarrierServices: [451] enh.d: (PEv2-SM-52012781): DisabledState: event Connectivity event [null]
09-01 16:37:20.480  2474  2924 E PhoneInterfaceManager: [PhoneIntfMgr] getCarrierPrivilegeStatus: Invalid subId
09-01 16:37:20.484   901  2806 I sensors-hal: [ssc_utils]get_qmi_debug_flag:244, support_qmi_debug : false
09-01 16:37:20.488  5447  5526 I CarrierServices: [446] eed.c: Connected state: [1], networkType: [WIFI]
09-01 16:37:20.489  1513  2000 D ConnectivityService: NetReassign [no changes]
09-01 16:37:20.490  5447  5596 I CarrierServices: [452] eua.f: RCS Configuration storage in Bugle is disabled by p/h flag, using ProvisioningEngineStateCacheUtil.getProvisioningConfigurationForGivenSimIfExist()
09-01 16:37:20.524   901  1000 W ASH     : @ 24226.978: Unhandled msg ID 999: line 1277
09-01 16:37:20.524   901  1000 E ASH     : @ 24226.978: No pb callback assigned
09-01 16:37:20.524   901  1000 E ASH     : @ 24226.978: Nanopb error: callback failed:1588
09-01 16:37:20.559  8745  9216 I BatteryMgr:DataCollectionService: stats => 1693579040559,5493,4418
09-01 16:37:20.563   901  2806 I sensors-hal: [ssc_utils]get_qmi_debug_flag:244, support_qmi_debug : false
09-01 16:37:20.604   901  1000 W ASH     : @ 24227.058: Unhandled msg ID 999: line 1277
09-01 16:37:20.604   901  1000 E ASH     : @ 24227.058: No pb callback assigned
09-01 16:37:20.604   901  1000 E ASH     : @ 24227.058: Nanopb error: callback failed:1588
09-01 16:37:20.636   901  1000 I ASH     : @ 24227.090: tcs3701: ADC is saturated, removed sample from FIFO.
09-01 16:37:20.666  8745  9216 I BatteryMgr:DataCollectionService: stats => 1693579040666,5493,4418
09-01 16:37:20.773  8745  9216 I BatteryMgr:DataCollectionService: stats => 1693579040773,5493,4418
09-01 16:37:20.879  8745  9216 I BatteryMgr:DataCollectionService: stats => 1693579040879,5493,4418
09-01 16:37:20.984  8745  9216 I BatteryMgr:DataCollectionService: stats => 1693579040984,5493,4418
09-01 16:37:21.091  8745  9216 I BatteryMgr:DataCollectionService: stats => 1693579041090,5493,4418
09-01 16:37:21.197  8745  9216 I BatteryMgr:DataCollectionService: stats => 1693579041197,5493,4418
09-01 16:37:21.304  8745  9216 I BatteryMgr:DataCollectionService: stats => 1693579041304,5493,4418
09-01 16:37:21.411  8745  9216 I BatteryMgr:DataCollectionService: stats => 1693579041411,5493,4418
09-01 16:37:21.517  8745  9216 I BatteryMgr:DataCollectionService: stats => 1693579041517,5493,4418
09-01 16:37:21.624  8745  9216 I BatteryMgr:DataCollectionService: stats => 1693579041624,5493,4418
09-01 16:37:21.731  8745  9216 I BatteryMgr:DataCollectionService: stats => 1693579041731,5493,4418
09-01 16:37:21.837  8745  9216 I BatteryMgr:DataCollectionService: stats => 1693579041837,5493,4418
09-01 16:37:21.942  8745  9216 I BatteryMgr:DataCollectionService: stats => 1693579041942,5493,4418
09-01 16:37:22.025  1513  2169 I ActivityTaskManager: START u0 {act=android.intent.action.VIEW dat=http://192.168.88.177:8000/... flg=0x10000000 cmp=com.android.chrome/com.google.android.apps.chrome.Main} from uid 2000
09-01 16:37:22.025  1513  1572 D EventSequenceValidator: inc AccIntentStartedEvents to 2
09-01 16:37:22.028  1513  1572 D EventSequenceValidator: dec AccIntentStartedEvents to 1
09-01 16:37:22.030   901  2806 I sensors-hal: [ssc_utils]get_qmi_debug_flag:244, support_qmi_debug : false
09-01 16:37:22.044   901  1000 W ASH     : @ 24228.498: Unhandled msg ID 999: line 1277
09-01 16:37:22.044   901  1000 E ASH     : @ 24228.498: No pb callback assigned
09-01 16:37:22.044   901  1000 E ASH     : @ 24228.498: Nanopb error: callback failed:1588
09-01 16:37:22.047  8818  8818 E cr_IntentUtils: getInt failed on bundle null
09-01 16:37:22.047  8745  9216 I BatteryMgr:DataCollectionService: stats => 1693579042047,5493,4418
09-01 16:37:22.061  1513  2172 D CompatibilityChangeReporter: Compat change id reported: 135634846; UID 10220; state: DISABLED
09-01 16:37:22.062  1513  2172 D CompatibilityChangeReporter: Compat change id reported: 135754954; UID 10220; state: ENABLED
09-01 16:37:22.062  1513  1625 D CompatibilityChangeReporter: Compat change id reported: 143937733; UID 10220; state: ENABLED
09-01 16:37:22.077  8868  8868 D Zygote  : Forked child process 9276
09-01 16:37:22.080  9276  9276 E libc    : SetHeapTaggingLevel: re-enabling tagging after it was disabled is not supported
09-01 16:37:22.081  1513  1625 I ActivityManager: Start proc 9276:com.android.chrome:sandboxed_process0:org.chromium.content.app.SandboxedProcessService0:3/u0ai3 for  {com.android.chrome/org.chromium.content.app.SandboxedProcessService0:3}
09-01 16:37:22.088  2858  2858 I GoogleInputMethodService: GoogleInputMethodService.onFinishInput():3280 
09-01 16:37:22.089  9276  9276 E ocessService0:: Not starting debugger since process cannot load the jdwp agent.
09-01 16:37:22.089  2858  2858 I GoogleInputMethodService: GoogleInputMethodService.updateDeviceLockedStatus():2169 repeatCheckTimes = 0, unlocked = true
09-01 16:37:22.090  2858  2858 I GoogleInputMethodService: GoogleInputMethodService.onStartInput():1960 onStartInput(EditorInfo{inputType=0x0(NULL) imeOptions=0x12000000 privateImeOptions=null actionName=UNSPECIFIED actionLabel=null actionId=0 initialSelStart=-1 initialSelEnd=-1 initialCapsMode=0x0 hintText=null label=null packageName=com.android.chrome fieldId=-1 fieldName=null extras=null}, false)
09-01 16:37:22.090  2858  2858 I GoogleInputMethodService: GoogleInputMethodService.shouldHideHeaderOnInitialState():4081 ShouldHideHeaderOnInitialState = false
09-01 16:37:22.090  2858  2858 I GoogleInputMethodService: GoogleInputMethodService.updateDeviceLockedStatus():2169 repeatCheckTimes = 2, unlocked = true
09-01 16:37:22.098  8818  8818 I cr_OfflineDetector: Running updateState mConnectivityDetectorInitialized: true, mTimeWhenLastForegrounded: 24225323, getElapsedTime: 24225323, mTimeWhenLastOfflineNotificationReceived: 0, mTimeWhenLastOnline: 24217047, mApplicationState: 1, mIsOfflineLastReportedByConnectivityDetector: false, mIsEffectivelyOffline: false
09-01 16:37:22.098  8818  8818 I cr_OfflineDetector: updateState(): timeSinceLastForeground: 0, timeSinceOfflineNotificationReceived: 24225323, timeSinceLastOnline: 8276, timeNeededForForeground: 2000, timeNeededForOffline: -24223323
09-01 16:37:22.098  1513  2172 D CompatibilityChangeReporter: Compat change id reported: 136274596; UID 10220; state: ENABLED
09-01 16:37:22.117  9276  9276 I LoadedApk: No resource references to update in package com.google.android.trichromelibrary
09-01 16:37:22.117  9276  9276 D NetworkSecurityConfig: Using Network Security Config from resource 0_resource_name_obfuscated debugBuild: false
09-01 16:37:22.118  9276  9276 D NetworkSecurityConfig: Using Network Security Config from resource 0_resource_name_obfuscated debugBuild: false
09-01 16:37:22.120  9276  9276 I cr_SplitCompatApp: Launched version=107.0.5304.91 minSdkVersion=29 isBundle=true processName=com.android.chrome:sandboxed_process0:org.chromium.content.app.SandboxedProcessService0:3 isIsolated=true
09-01 16:37:22.130  8818  8818 I cr_tabmodel: Appending tabs being restored to metadata lists, 0, startingNormalCount: 6, startingIncognitoCount: 0
09-01 16:37:22.130  8818  8818 I cr_tabmodel: Serializing tab lists; counts: 6, 0
09-01 16:37:22.133  9276  9276 W SystemServiceRegistry: No service published for: uimode
09-01 16:37:22.137  9276  9276 I cr_ChildProcessService: Creating new ChildProcessService pid=9276
09-01 16:37:22.143  9276  9292 I cr_LibraryLoader: Using ModernLinker
09-01 16:37:22.146  9276  9292 W linker  : Warning: "/data/app/~~_KLlx60MH8CoecPTjMKp8g==/com.android.chrome-kw9RHYrlHKb9bPXi8OTClw==/base.apk!/lib/arm64-v8a/libchromium_android_linker.so" unused DT entry: unknown processor-specific (type 0x70000001 arg 0x0) (ignoring)
09-01 16:37:22.147  9276  9292 E cr_ChromiumAndroidLinker: ReserveAddressWithHint: Address range starting at 0x7a38768000 was not free to use
09-01 16:37:22.150  8745  9216 I BatteryMgr:DataCollectionService: stats => 1693579042150,5493,4418
09-01 16:37:22.155  9276  9298 I cr_LibraryLoader: Successfully loaded native library
09-01 16:37:22.156  9276  9298 I cr_CachingUmaRecorder: Flushed 3 samples from 3 histograms.
09-01 16:37:22.165   901  1000 D VSC     : @ 24228.619: [WO] tilt angle 89
09-01 16:37:22.254  8745  9216 I BatteryMgr:DataCollectionService: stats => 1693579042254,5493,4418
09-01 16:37:22.291  9276  9298 I tflite  : Initialized TensorFlow Lite runtime.
09-01 16:37:22.357  8745  9216 I BatteryMgr:DataCollectionService: stats => 1693579042357,5493,4418
09-01 16:37:22.362   901  2806 I sensors-hal: [ssc_utils]get_qmi_debug_flag:244, support_qmi_debug : false
09-01 16:37:22.370   901  1000 W ASH     : @ 24228.824: Unhandled msg ID 999: line 1277
09-01 16:37:22.370   901  1000 E ASH     : @ 24228.824: No pb callback assigned
09-01 16:37:22.370   901  1000 E ASH     : @ 24228.824: Nanopb error: callback failed:1588
09-01 16:37:22.419   901  1000 I ASH     : @ 24228.874: tcs3701: ADC is saturated, removed sample from FIFO.
09-01 16:37:22.461  8745  9216 I BatteryMgr:DataCollectionService: stats => 1693579042461,5493,4418
09-01 16:37:22.565  8745  9216 I BatteryMgr:DataCollectionService: stats => 1693579042564,5493,4418
09-01 16:37:22.668  8745  9216 I BatteryMgr:DataCollectionService: stats => 1693579042668,5493,4418
09-01 16:37:22.697   901  2806 I sensors-hal: [ssc_utils]get_qmi_debug_flag:244, support_qmi_debug : false
09-01 16:37:22.724   901  1000 W ASH     : @ 24229.178: Unhandled msg ID 999: line 1277
09-01 16:37:22.724   901  1000 E ASH     : @ 24229.178: No pb callback assigned
09-01 16:37:22.724   901  1000 E ASH     : @ 24229.178: Nanopb error: callback failed:1588
09-01 16:37:22.771  8745  9216 I BatteryMgr:DataCollectionService: stats => 1693579042771,5493,4418
09-01 16:37:22.786   901  2806 I sensors-hal: [ssc_utils]get_qmi_debug_flag:244, support_qmi_debug : false
09-01 16:37:22.803   901  1000 W ASH     : @ 24229.258: Unhandled msg ID 999: line 1277
09-01 16:37:22.803   901  1000 E ASH     : @ 24229.258: No pb callback assigned
09-01 16:37:22.803   901  1000 E ASH     : @ 24229.258: Nanopb error: callback failed:1588
09-01 16:37:22.858   901  1000 I ASH     : @ 24229.312: tcs3701: ADC is saturated, removed sample from FIFO.
09-01 16:37:22.875  8745  9216 I BatteryMgr:DataCollectionService: stats => 1693579042875,5493,4418
09-01 16:37:22.979  8745  9216 I BatteryMgr:DataCollectionService: stats => 1693579042979,5493,4418
09-01 16:37:22.988   901  2806 I sensors-hal: [ssc_utils]get_qmi_debug_flag:244, support_qmi_debug : false
09-01 16:37:23.003   901  1000 W ASH     : @ 24229.458: Unhandled msg ID 999: line 1277
09-01 16:37:23.003   901  1000 E ASH     : @ 24229.458: No pb callback assigned
09-01 16:37:23.003   901  1000 E ASH     : @ 24229.458: Nanopb error: callback failed:1588
09-01 16:37:23.086  8745  9216 I BatteryMgr:DataCollectionService: stats => 1693579043086,5493,4418
09-01 16:37:23.106   901  2806 I sensors-hal: [ssc_utils]get_qmi_debug_flag:244, support_qmi_debug : false
09-01 16:37:23.124   901  1000 W ASH     : @ 24229.578: Unhandled msg ID 999: line 1277
09-01 16:37:23.124   901  1000 E ASH     : @ 24229.578: No pb callback assigned
09-01 16:37:23.124   901  1000 E ASH     : @ 24229.578: Nanopb error: callback failed:1588
09-01 16:37:23.170   901  1000 I ASH     : @ 24229.624: tcs3701: ADC is saturated, removed sample from FIFO.
09-01 16:37:23.189  8745  9216 I BatteryMgr:DataCollectionService: stats => 1693579043189,5493,4418
09-01 16:37:23.205   901  2806 I sensors-hal: [ssc_utils]get_qmi_debug_flag:244, support_qmi_debug : false
09-01 16:37:23.243   901  1000 W ASH     : @ 24229.698: Unhandled msg ID 999: line 1277
09-01 16:37:23.244   901  1000 E ASH     : @ 24229.698: No pb callback assigned
09-01 16:37:23.244   901  1000 E ASH     : @ 24229.698: Nanopb error: callback failed:1588
09-01 16:37:23.293  8745  9216 I BatteryMgr:DataCollectionService: stats => 1693579043292,5493,4418
09-01 16:37:23.306   901  2806 I sensors-hal: [ssc_utils]get_qmi_debug_flag:244, support_qmi_debug : false
09-01 16:37:23.324   901  1000 W ASH     : @ 24229.778: Unhandled msg ID 999: line 1277
09-01 16:37:23.324   901  1000 E ASH     : @ 24229.778: No pb callback assigned
09-01 16:37:23.324   901  1000 E ASH     : @ 24229.778: Nanopb error: callback failed:1588
09-01 16:37:23.336   901  2806 I sensors-hal: [ssc_utils]get_qmi_debug_flag:244, support_qmi_debug : false
09-01 16:37:23.359  7733  7733 D BoundBrokerSvc: onBind: Intent { act=com.google.android.gms.common.BIND_SHARED_PREFS pkg=com.google.android.gms }
09-01 16:37:23.359  7733  7733 D BoundBrokerSvc: Loading bound service for intent: Intent { act=com.google.android.gms.common.BIND_SHARED_PREFS pkg=com.google.android.gms }
09-01 16:37:23.363   901  1000 W ASH     : @ 24229.818: Unhandled msg ID 999: line 1277
09-01 16:37:23.363   901  1000 E ASH     : @ 24229.818: No pb callback assigned
09-01 16:37:23.363   901  1000 E ASH     : @ 24229.818: Nanopb error: callback failed:1588
09-01 16:37:23.367  7733  7733 D BoundBrokerSvc: onUnbind: Intent { act=com.google.android.gms.common.BIND_SHARED_PREFS pkg=com.google.android.gms }
09-01 16:37:23.385   594   594 I SDM     : HWDeviceDRM::UpdateMixerAttributes: Mixer WxH 1080x2340-1 for Peripheral
09-01 16:37:23.385   594   594 I SDM     : DisplayBase::SetActiveConfig: Active configuration changed to: 0
09-01 16:37:23.385   594   594 I SDM     : StrategyImpl::SetIdleTimeoutMs: Idle timeout set to zero for command mode panels
09-01 16:37:23.394   901  2806 I sensors-hal: [ssc_utils]get_qmi_debug_flag:244, support_qmi_debug : false
09-01 16:37:23.397   594   594 I SDM     : StrategyImpl::SetIdleTimeoutMs: Idle timeout set to zero for command mode panels
09-01 16:37:23.398  1513  1572 I DisplayManagerService: Display device changed: DisplayDeviceInfo{"Built-in Screen": uniqueId="local:19260504575090817", 1080 x 2340, modeId 2, defaultModeId 2, supportedModes [{id=1, width=1080, height=2340, fps=90.0}, {id=2, width=1080, height=2340, fps=60.000004}], colorMode 0, supportedColorModes [0, 7, 9], HdrCapabilities HdrCapabilities{mSupportedHdrTypes=[2, 3, 4], mMaxLuminance=500.0, mMaxAverageLuminance=500.0, mMinLuminance=0.0}, allmSupported false, gameContentTypeSupported false, density 440, 435.428 x 433.839 dpi, appVsyncOff 2333332, presDeadline 11500000, cutout DisplayCutout{insets=Rect(0, 136 - 0, 0) waterfall=Insets{left=0, top=0, right=0, bottom=0} boundingRect={Bounds=[Rect(0, 0 - 0, 0), Rect(0, 0 - 136, 136), Rect(0, 0 - 0, 0), Rect(0, 0 - 0, 0)]}}, touch INTERNAL, rotation 0, type INTERNAL, address {port=129, model=0x446d53ad64a0}, deviceProductInfo DeviceProductInfo{name=, manufacturerPnpId=QCM, productId=1, modelYear=null, manufactureDate=ManufactureDate{week=27, year=2006}, relativeAddress=null}, state ON, FLAG_DEFAULT_DISPLAY, FLAG_ROTATES_WITH_CONTENT, FLAG_SECURE, FLAG_SUPPORTS_PROTECTED_BUFFERS}
09-01 16:37:23.399  8745  9216 I BatteryMgr:DataCollectionService: stats => 1693579043399,5493,4418
09-01 16:37:23.443   901  1000 W ASH     : @ 24229.898: Unhandled msg ID 999: line 1277
09-01 16:37:23.443   901  1000 E ASH     : @ 24229.898: No pb callback assigned
09-01 16:37:23.443   901  1000 E ASH     : @ 24229.898: Nanopb error: callback failed:1588
09-01 16:37:23.446   594   594 I SDM     : HWDeviceDRM::UpdateMixerAttributes: Mixer WxH 1080x2340-1 for Peripheral
09-01 16:37:23.446   594   594 I SDM     : DisplayBase::SetActiveConfig: Active configuration changed to: 1
09-01 16:37:23.446   594   594 I SDM     : StrategyImpl::SetIdleTimeoutMs: Idle timeout set to zero for command mode panels
09-01 16:37:23.451  1513  1572 I DisplayManagerService: Display device changed: DisplayDeviceInfo{"Built-in Screen": uniqueId="local:19260504575090817", 1080 x 2340, modeId 1, defaultModeId 2, supportedModes [{id=1, width=1080, height=2340, fps=90.0}, {id=2, width=1080, height=2340, fps=60.000004}], colorMode 0, supportedColorModes [0, 7, 9], HdrCapabilities HdrCapabilities{mSupportedHdrTypes=[2, 3, 4], mMaxLuminance=500.0, mMaxAverageLuminance=500.0, mMinLuminance=0.0}, allmSupported false, gameContentTypeSupported false, density 440, 435.428 x 433.839 dpi, appVsyncOff 2333333, presDeadline 11500000, cutout DisplayCutout{insets=Rect(0, 136 - 0, 0) waterfall=Insets{left=0, top=0, right=0, bottom=0} boundingRect={Bounds=[Rect(0, 0 - 0, 0), Rect(0, 0 - 136, 136), Rect(0, 0 - 0, 0), Rect(0, 0 - 0, 0)]}}, touch INTERNAL, rotation 0, type INTERNAL, address {port=129, model=0x446d53ad64a0}, deviceProductInfo DeviceProductInfo{name=, manufacturerPnpId=QCM, productId=1, modelYear=null, manufactureDate=ManufactureDate{week=27, year=2006}, relativeAddress=null}, state ON, FLAG_DEFAULT_DISPLAY, FLAG_ROTATES_WITH_CONTENT, FLAG_SECURE, FLAG_SUPPORTS_PROTECTED_BUFFERS}
09-01 16:37:23.453   901  2806 I sensors-hal: [ssc_utils]get_qmi_debug_flag:244, support_qmi_debug : false
09-01 16:37:23.473   901  1000 I ASH     : @ 24229.928: tcs3701: ADC is saturated, removed sample from FIFO.
09-01 16:37:23.479  2446  4456 D QCNEJ/WlanStaInfoRelay: Received action: android.net.wifi.RSSI_CHANGED
09-01 16:37:23.479  2446  4456 I QCNEJ/NativeHalConnector: -> SND notifyWlanStaStatusChanged([WlanStaInfo]: wifiSwitchState = 1 rssi = -56 ssid = WiFi 69 bssid = 76:4d:28:12:bf:83 dnsInfo = 192.168.88.1;8.8.8.8;0.0.0.0;0.0.0.0; freqBand = _2GHz countryCode = nl[RatInfo]: networkType = 1 subType = 101 networkState = CONNECTED netHdl = 432902426637 ipAddrV4 = 192.168.88.174 ipAddrV6 =  ifNameV4 = wlan0 ifNameV6 =  slotIdx = 0 isAndroidValidated = true) timeStamp = 2023-09-01 16:37:23.479
09-01 16:37:23.485   901  1000 W ASH     : @ 24229.939: Unhandled msg ID 999: line 1277
09-01 16:37:23.485   901  1000 E ASH     : @ 24229.939: No pb callback assigned
09-01 16:37:23.485   901  1000 E ASH     : @ 24229.939: Nanopb error: callback failed:1588
09-01 16:37:23.488  5447  5595 I CarrierServices: [451] enh.d: (PEv2-SM-52012781): DisabledState: event Connectivity event [null]
09-01 16:37:23.488  2474  2542 E PhoneInterfaceManager: [PhoneIntfMgr] getCarrierPrivilegeStatus: Invalid subId
09-01 16:37:23.489  5447  5596 I CarrierServices: [452] eua.f: RCS Configuration storage in Bugle is disabled by p/h flag, using ProvisioningEngineStateCacheUtil.getProvisioningConfigurationForGivenSimIfExist()
09-01 16:37:23.489  5447  5526 I CarrierServices: [446] eed.c: Connected state: [1], networkType: [WIFI]
09-01 16:37:23.503  1513  2000 D ConnectivityService: NetReassign [no changes]
09-01 16:37:23.504  8745  9216 I BatteryMgr:DataCollectionService: stats => 1693579043504,5493,4418
09-01 16:37:23.607  8745  9216 I BatteryMgr:DataCollectionService: stats => 1693579043607,5493,4418
09-01 16:37:23.710  8745  9216 I BatteryMgr:DataCollectionService: stats => 1693579043710,5493,4418
09-01 16:37:23.729   901  2806 I sensors-hal: [ssc_utils]get_qmi_debug_flag:244, support_qmi_debug : false
09-01 16:37:23.764   901  1000 W ASH     : @ 24230.218: Unhandled msg ID 999: line 1277
09-01 16:37:23.764   901  1000 E ASH     : @ 24230.218: No pb callback assigned
09-01 16:37:23.764   901  1000 E ASH     : @ 24230.218: Nanopb error: callback failed:1588
09-01 16:37:23.786   901  1000 I ASH     : @ 24230.241: tcs3701: ADC is saturated, removed sample from FIFO.
09-01 16:37:23.814  8745  9216 I BatteryMgr:DataCollectionService: stats => 1693579043814,5493,4418
09-01 16:37:23.917  8745  9216 I BatteryMgr:DataCollectionService: stats => 1693579043917,5493,4418
09-01 16:37:24.021  8745  9216 I BatteryMgr:DataCollectionService: stats => 1693579044021,5493,4418
09-01 16:37:24.124  8745  9216 I BatteryMgr:DataCollectionService: stats => 1693579044124,5493,4418
09-01 16:37:24.142   901  1000 D VSC     : @ 24230.596: [WO] tilt angle 89
09-01 16:37:24.228  8745  9216 I BatteryMgr:DataCollectionService: stats => 1693579044228,5493,4418
09-01 16:37:24.331  8745  9216 I BatteryMgr:DataCollectionService: stats => 1693579044331,5493,4418
09-01 16:37:24.436  8745  9216 I BatteryMgr:DataCollectionService: stats => 1693579044436,5493,4418
09-01 16:37:24.539  8745  9216 I BatteryMgr:DataCollectionService: stats => 1693579044539,5493,4418
09-01 16:37:24.642  8745  9216 I BatteryMgr:DataCollectionService: stats => 1693579044642,5493,4418
09-01 16:37:24.745  8745  9216 I BatteryMgr:DataCollectionService: stats => 1693579044745,5493,4418
09-01 16:37:24.852  8745  9216 I BatteryMgr:DataCollectionService: stats => 1693579044851,5493,4418
09-01 16:37:24.870  8818  8818 E cr_BTSPrefs: No data found for task id: 56
09-01 16:37:24.870  8818  8818 E cr_BkgrdTaskScheduler: Task cannot be canceled because no data was found instorage or data was invalid
09-01 16:37:24.955  8745  9216 I BatteryMgr:DataCollectionService: stats => 1693579044955,5493,4418
09-01 16:37:25.009   901  2806 I sensors-hal: [ssc_utils]get_qmi_debug_flag:244, support_qmi_debug : false
09-01 16:37:25.019   594   594 I SDM     : HWDeviceDRM::UpdateMixerAttributes: Mixer WxH 1080x2340-1 for Peripheral
09-01 16:37:25.019   594   594 I SDM     : DisplayBase::SetActiveConfig: Active configuration changed to: 0
09-01 16:37:25.019   594   594 I SDM     : StrategyImpl::SetIdleTimeoutMs: Idle timeout set to zero for command mode panels
09-01 16:37:25.023   901  2806 I sensors-hal: [ssc_utils]get_qmi_debug_flag:244, support_qmi_debug : false
09-01 16:37:25.040  1513  1572 I DisplayManagerService: Display device changed: DisplayDeviceInfo{"Built-in Screen": uniqueId="local:19260504575090817", 1080 x 2340, modeId 2, defaultModeId 2, supportedModes [{id=1, width=1080, height=2340, fps=90.0}, {id=2, width=1080, height=2340, fps=60.000004}], colorMode 0, supportedColorModes [0, 7, 9], HdrCapabilities HdrCapabilities{mSupportedHdrTypes=[2, 3, 4], mMaxLuminance=500.0, mMaxAverageLuminance=500.0, mMinLuminance=0.0}, allmSupported false, gameContentTypeSupported false, density 440, 435.428 x 433.839 dpi, appVsyncOff 2333332, presDeadline 11500000, cutout DisplayCutout{insets=Rect(0, 136 - 0, 0) waterfall=Insets{left=0, top=0, right=0, bottom=0} boundingRect={Bounds=[Rect(0, 0 - 0, 0), Rect(0, 0 - 136, 136), Rect(0, 0 - 0, 0), Rect(0, 0 - 0, 0)]}}, touch INTERNAL, rotation 0, type INTERNAL, address {port=129, model=0x446d53ad64a0}, deviceProductInfo DeviceProductInfo{name=, manufacturerPnpId=QCM, productId=1, modelYear=null, manufactureDate=ManufactureDate{week=27, year=2006}, relativeAddress=null}, state ON, FLAG_DEFAULT_DISPLAY, FLAG_ROTATES_WITH_CONTENT, FLAG_SECURE, FLAG_SUPPORTS_PROTECTED_BUFFERS}
09-01 16:37:25.046   901  1000 W ASH     : @ 24231.500: Unhandled msg ID 999: line 1277
09-01 16:37:25.046   901  1000 E ASH     : @ 24231.500: No pb callback assigned
09-01 16:37:25.046   901  1000 E ASH     : @ 24231.500: Nanopb error: callback failed:1588
09-01 16:37:25.052   594   594 I SDM     : StrategyImpl::SetIdleTimeoutMs: Idle timeout set to zero for command mode panels
09-01 16:37:25.062  8745  9216 I BatteryMgr:DataCollectionService: stats => 1693579045062,5493,4418
09-01 16:37:25.159  1513  1536 D CompatibilityChangeReporter: Compat change id reported: 135634846; UID 10220; state: DISABLED
09-01 16:37:25.159  1513  1536 D CompatibilityChangeReporter: Compat change id reported: 135754954; UID 10220; state: ENABLED
09-01 16:37:25.159  1513  1625 D CompatibilityChangeReporter: Compat change id reported: 143937733; UID 10220; state: ENABLED
09-01 16:37:25.169  8745  9216 I BatteryMgr:DataCollectionService: stats => 1693579045169,5493,4418
09-01 16:37:25.175  8868  8868 D Zygote  : Forked child process 9366
09-01 16:37:25.178  9366  9366 E libc    : SetHeapTaggingLevel: re-enabling tagging after it was disabled is not supported
09-01 16:37:25.179  1513  1625 I ActivityManager: Start proc 9366:com.android.chrome:sandboxed_process0:org.chromium.content.app.SandboxedProcessService0:4/u0ai4 for  {com.android.chrome/org.chromium.content.app.SandboxedProcessService0:4}
09-01 16:37:25.188  9366  9366 E ocessService0:: Not starting debugger since process cannot load the jdwp agent.
09-01 16:37:25.200  1513  3168 D CompatibilityChangeReporter: Compat change id reported: 136274596; UID 10220; state: ENABLED
09-01 16:37:25.220  9366  9366 I LoadedApk: No resource references to update in package com.google.android.trichromelibrary
09-01 16:37:25.220  9366  9366 D NetworkSecurityConfig: Using Network Security Config from resource 0_resource_name_obfuscated debugBuild: false
09-01 16:37:25.221  9366  9366 D NetworkSecurityConfig: Using Network Security Config from resource 0_resource_name_obfuscated debugBuild: false
