09-02 11:01:14.486  3979  3990 D ConnectivityService: filterNetworkStateForUid() uid: 10096 networkInfo: [type: WIFI[] - WIFI, state: CONNECTED/CONNECTED, reason: (unspecified), extra: "WiFi 69", failover: false, available: true, roaming: false, metered: false]
09-02 11:01:14.486  3979  4180 D ConnectivityService: Network NetworkAgentInfo [WIFI () - 502] was already satisfying request 140. No change.
09-02 11:01:14.486  3979  4180 D ConnectivityService: sending notification AVAILABLE for NetworkRequest [ LISTEN id=526, [ Capabilities: INTERNET&NOT_RESTRICTED&TRUSTED&FOREGROUND] ]
09-02 11:01:14.486  3979  4180 D ConnectivityService: sending notification CAP_CHANGED for NetworkRequest [ LISTEN id=526, [ Capabilities: INTERNET&NOT_RESTRICTED&TRUSTED&FOREGROUND] ]
09-02 11:01:14.486  3979  4180 D ConnectivityService: sending notification IP_CHANGED for NetworkRequest [ LISTEN id=526, [ Capabilities: INTERNET&NOT_RESTRICTED&TRUSTED&FOREGROUND] ]
09-02 11:01:14.504  3979  5966 D SecContentProvider: query(), uri = 2 selection = isAuditLogEnabled
09-02 11:01:14.504  3979  5966 D SecContentProvider: called from com.android.chrome
09-02 11:01:14.505  3979  3990 D SecContentProvider: query(), uri = 5 selection = getAutoFillSetting
09-02 11:01:14.506  3979  3990 D SecContentProvider: called from com.android.chrome
09-02 11:01:14.507  3979 10236 D SecContentProvider: query(), uri = 5 selection = getCookiesSetting
09-02 11:01:14.508  3979 10236 D SecContentProvider: called from com.android.chrome
09-02 11:01:14.509  3979 10236 D SecContentProvider: query(), uri = 5 selection = getHttpProxy
09-02 11:01:14.509  3979 10236 I chatty  : uid=1000(system) Binder:3979_1F identical 1 line
09-02 11:01:14.510 17383 17383 I cr_CompositorSurfaceMgr: Transitioning to surface with format: -1
09-02 11:01:14.511  3979 10236 D SecContentProvider: query(), uri = 5 selection = getJavaScriptSetting
09-02 11:01:14.511  3979 10236 D SecContentProvider: called from com.android.chrome
09-02 11:01:14.511  3462  3462 I SurfaceFlinger: id=1176 createSurf (720x1238),4 flag=404, SurfaceView - com.android.chrome/com.google.android.apps.chrome.Main@af20ddf@0#0
09-02 11:01:14.512  3462  3462 I SurfaceFlinger: id=1177 createSurf (720x1238),-1 flag=20404, Background for - SurfaceView - com.android.chrome/com.google.android.apps.chrome.Main@af20ddf@0#0
09-02 11:01:14.513  3979  3990 D SecContentProvider: query(), uri = 5 selection = getPopupsSetting
09-02 11:01:14.513 17383 17383 D SurfaceView: BG show() Surface(name=Background for - SurfaceView - com.android.chrome/com.google.android.apps.chrome.Main@af20ddf@0) android.view.SurfaceView{af20ddf V.E...... ......ID 0,0-720,1238}
09-02 11:01:14.513  3979  3990 D SecContentProvider: called from com.android.chrome
09-02 11:01:14.513 17383 17383 V Surface : sf_framedrop debug : 0x4f4c, game : false, logging : 0
09-02 11:01:14.514 17383 17383 D SurfaceView: surfaceCreated 1 android.view.SurfaceView{af20ddf V.E...... ......ID 0,0-720,1238}
09-02 11:01:14.514 17383 17383 I cr_CompositorSurfaceMgr: surfaceCreated format: 0
09-02 11:01:14.514 17383 17383 D SurfaceView: surfaceChanged (720,1238) 1 android.view.SurfaceView{af20ddf V.E...... ......ID 0,0-720,1238}
09-02 11:01:14.518  3979 10236 D SecContentProvider: query(), uri = 22 selection = isAuthenticationEnabled
09-02 11:01:14.519  3979 10236 D SecContentProvider: called from com.android.chrome
09-02 11:01:14.522  3979  3990 D SecContentProvider: query(), uri = 10 selection = getURLFilterList
09-02 11:01:14.523  3979  3990 D SecContentProvider: called from com.android.chrome
09-02 11:01:14.524  3979  3990 D SecContentProvider: query(), uri = 10 selection = getURLFilterEnabled
09-02 11:01:14.526  3979  3990 D SecContentProvider: query(), uri = 10 selection = getURLFilterReportEnabled
09-02 11:01:14.528  3979  3990 D SecContentProvider: query(), uri = 2 selection = isAuditLogEnabled
09-02 11:01:14.530  3979  3990 D SecContentProvider: query(), uri = 5 selection = getAutoFillSetting
09-02 11:01:14.532 17383 17383 I cr_ChromeTabbedActivity: #initializeState
09-02 11:01:14.532 17383 17383 I cr_CipherFactory: #restoreFromBundle, no savedInstanceState.
09-02 11:01:14.532 17383 17383 I cr_tabmodel: #loadState, ignoreIncognitoFiles? true
09-02 11:01:14.532  3979  3990 D SecContentProvider: query(), uri = 5 selection = getCookiesSetting
09-02 11:01:14.532 17383 17383 I cr_tabmodel: Tab metadata, skipIncognitoCount? false incognitoCount: 0 totalCount: 36
09-02 11:01:14.533 17383 17383 I cr_tabmodel: #isIncognitoTabBeingRestored from tabState:  false
09-02 11:01:14.534  3979  3990 D SecContentProvider: query(), uri = 5 selection = getHttpProxy
09-02 11:01:14.535  3979  3990 D SecContentProvider: query(), uri = 5 selection = getJavaScriptSetting
09-02 11:01:14.537  3979  3990 D SecContentProvider: query(), uri = 5 selection = getPopupsSetting
09-02 11:01:14.537  3979  3990 I chatty  : uid=1000(system) Binder:3979_2 identical 8 lines
09-02 11:01:14.538  3979  3990 D SecContentProvider: query(), uri = 22 selection = isAuthenticationEnabled
09-02 11:01:14.539  3979  3990 D SecContentProvider: called from com.android.chrome
09-02 11:01:14.542  3979  5966 D SecContentProvider: query(), uri = 10 selection = getURLFilterList
09-02 11:01:14.543  3979  5966 D SecContentProvider: called from com.android.chrome
09-02 11:01:14.544  3979  5966 D SecContentProvider: query(), uri = 10 selection = getURLFilterEnabled
09-02 11:01:14.544  3979  5966 I chatty  : uid=1000(system) Binder:3979_11 identical 1 line
09-02 11:01:14.545 17465 17487 D libGLESv2: STS_GLApi : DTS, ODTC are not allowed for Package : com.android.chrome:privileged_process0
09-02 11:01:14.545  3979  5966 D SecContentProvider: query(), uri = 10 selection = getURLFilterReportEnabled
09-02 11:01:14.546  3979  5966 D SecContentProvider: called from com.android.chrome
09-02 11:01:14.556 17383 17383 E ResourceType: Style contains key with bad entry: 0x0101062c
09-02 11:01:14.568 22051 22051 D BoundBrokerSvc: onBind: Intent { act=com.google.android.gms.languageprofile.service.START pkg=com.google.android.gms }
09-02 11:01:14.568 22051 22051 D BoundBrokerSvc: Loading bound service for intent: Intent { act=com.google.android.gms.languageprofile.service.START pkg=com.google.android.gms }
09-02 11:01:14.568  3979  5966 D ConnectivityService: filterNetworkStateForUid() uid: 10096 networkInfo: [type: WIFI[] - WIFI, state: CONNECTED/CONNECTED, reason: (unspecified), extra: "WiFi 69", failover: false, available: true, roaming: false, metered: false]
09-02 11:01:14.580  3979  3990 D SamsungAlarmManager: setInexact Intent (T:3/F:0/AC:false) 20330830T110114 - CU:10025/CP:22051
09-02 11:01:14.612 22051 22051 D BoundBrokerSvc: onBind: Intent { act=com.google.android.gms.safetynet.service.START pkg=com.google.android.gms }
09-02 11:01:14.612 22051 22051 D BoundBrokerSvc: Loading bound service for intent: Intent { act=com.google.android.gms.safetynet.service.START pkg=com.google.android.gms }
09-02 11:01:14.615 17417 17483 I cr_LibraryLoader: Successfully loaded native library
09-02 11:01:14.616 17417 17483 I cr_CachingUmaRecorder: Flushed 3 samples from 3 histograms.
09-02 11:01:14.632 17465 17487 V Surface : sf_framedrop debug : 0x4f4c, game : false, logging : 0
09-02 11:01:14.634 17465 17487 D mali_winsys: EGLint new_window_surface(egl_winsys_display *, void *, EGLSurface, EGLConfig, egl_winsys_surface **, egl_color_buffer_format *, EGLBoolean) returns 0x3000,  [720x1238]-format:1
09-02 11:01:14.650  3979  3990 D SamsungAlarmManager: setExact Intent (T:3/F:0/AC:false) 20230902T110115 - CU:10025/CP:10264
09-02 11:01:14.650  3979  3990 I SamsungAlarmManager: setLocked to kernel - T:3 / 20230902T110115, SetElapsed=90457079, nowELAPSED=90456082
09-02 11:01:14.654  3979 10236 D ConnectivityService: filterNetworkStateForUid() uid: 10025 networkInfo: [type: WIFI[] - WIFI, state: CONNECTED/CONNECTED, reason: (unspecified), extra: "WiFi 69", failover: false, available: true, roaming: false, metered: false]
09-02 11:01:14.655  3979 10236 D ConnectivityService: filterNetworkStateForUid() uid: 10025 networkInfo: [type: WIFI[] - WIFI, state: CONNECTED/CONNECTED, reason: (unspecified), extra: "WiFi 69", failover: false, available: true, roaming: false, metered: false]
09-02 11:01:14.657 10264 16954 I FontLog : Received query name=Google Sans&weight=700&besteffort=false, URI content://com.google.android.gms.fonts [CONTEXT service_id=132 ]
09-02 11:01:14.658 10264 16954 I FontLog : Query [name=Google Sans&weight=700&besteffort=false] resolved to {Google Sans, wdth 100.0, wght 700, ital 0.0, bestEffort false} [CONTEXT service_id=132 ]
09-02 11:01:14.658  3979 10224 D SamsungAlarmManager: Cancel Alarm calling from uid:10025 pid :10264 / op:PendingIntent{b7ac779: PendingIntentRecord{9212591 com.google.android.gms broadcastIntent}}
09-02 11:01:14.660 10264 16954 I FontLog : Fetch {Google Sans, wdth 100.0, wght 700, ital 0.0, bestEffort false} end status Status{statusCode=SUCCESS, resolution=null} [CONTEXT service_id=132 ]
09-02 11:01:14.660  3979 10224 I SamsungAlarmManager: setLocked to kernel - T:3 / 20230902T110200, SetElapsed=90501432, nowELAPSED=90456092
09-02 11:01:14.666 10264 16954 I FontLog : Pulling font file for id = 569, cache size = 6 [CONTEXT service_id=132 ]
09-02 11:01:14.673 10264 16954 I FontLog : Received query name=Noto Color Emoji Compat&weight=400&besteffort=false, URI content://com.google.android.gms.fonts [CONTEXT service_id=132 ]
09-02 11:01:14.674 10264 16954 I FontLog : Query [name=Noto Color Emoji Compat&weight=400&besteffort=false] resolved to {Noto Color Emoji Compat, wdth 100.0, wght 400, ital 0.0, bestEffort false} [CONTEXT service_id=132 ]
09-02 11:01:14.677 10264 16954 I FontLog : Fetch {Noto Color Emoji Compat, wdth 100.0, wght 400, ital 0.0, bestEffort false} end status Status{statusCode=SUCCESS, resolution=null} [CONTEXT service_id=132 ]
09-02 11:01:14.680 17383 17383 W ResourceType: Failure getting entry for 0x7f01032b (t=0 e=811) (error -75)
09-02 11:01:14.684 10264 16954 I FontLog : Pulling font file for id = 570, cache size = 7 [CONTEXT service_id=132 ]
09-02 11:01:14.694 10264 16954 I FontLog : Received query name=Google Sans&weight=400&besteffort=false, URI content://com.google.android.gms.fonts [CONTEXT service_id=132 ]
09-02 11:01:14.695 10264 16954 I FontLog : Query [name=Google Sans&weight=400&besteffort=false] resolved to {Google Sans, wdth 100.0, wght 400, ital 0.0, bestEffort false} [CONTEXT service_id=132 ]
09-02 11:01:14.697 10264 16954 I FontLog : Font PFD returned from cache for {Google Sans, wdth 100.0, wght 400, ital 0.0, bestEffort false} [CONTEXT service_id=132 ]
09-02 11:01:14.697 10264 16954 I FontLog : Fetch {Google Sans, wdth 100.0, wght 400, ital 0.0, bestEffort false} end status Status{statusCode=SUCCESS, resolution=null} [CONTEXT service_id=132 ]
09-02 11:01:14.697 17383 17383 W ResourceType: Failure getting entry for 0x7f0107ae (t=0 e=1966) (error -75)
09-02 11:01:14.699 17383 17383 W ResourceType: Failure getting entry for 0x7f010206 (t=0 e=518) (error -75)
09-02 11:01:14.702 10264 16954 I FontLog : Pulling font file for id = 571, cache size = 8 [CONTEXT service_id=132 ]
09-02 11:01:14.708 10264 16954 I FontLog : Received query name=Google Sans&weight=500&besteffort=false, URI content://com.google.android.gms.fonts [CONTEXT service_id=132 ]
09-02 11:01:14.708 10264 16954 I FontLog : Query [name=Google Sans&weight=500&besteffort=false] resolved to {Google Sans, wdth 100.0, wght 500, ital 0.0, bestEffort false} [CONTEXT service_id=132 ]
09-02 11:01:14.710 10264 16954 I FontLog : Font PFD returned from cache for {Google Sans, wdth 100.0, wght 500, ital 0.0, bestEffort false} [CONTEXT service_id=132 ]
09-02 11:01:14.711 10264 16954 I FontLog : Fetch {Google Sans, wdth 100.0, wght 500, ital 0.0, bestEffort false} end status Status{statusCode=SUCCESS, resolution=null} [CONTEXT service_id=132 ]
09-02 11:01:14.714 10264 16954 I FontLog : Pulling font file for id = 572, cache size = 9 [CONTEXT service_id=132 ]
09-02 11:01:14.719 17383 17383 I cr_OfflineIndicator: onConnectionTypeChanged 2
09-02 11:01:14.720 17383 17383 I cr_OfflineIndicator: Reported by system: [ Transports: WIFI Capabilities: WIFI_P2P&NOT_RESTRICTED&TRUSTED&NOT_VPN LinkUpBandwidth>=1048576Kbps LinkDnBandwidth>=1048576Kbps]
09-02 11:01:14.721 17383 17383 I cr_OfflineIndicator: Reported by system: [ Transports: WIFI Capabilities: NOT_METERED&INTERNET&NOT_RESTRICTED&TRUSTED&NOT_VPN&VALIDATED&FOREGROUND LinkUpBandwidth>=1048576Kbps LinkDnBandwidth>=1048576Kbps SignalStrength: -53]
09-02 11:01:14.721 17383 17383 I cr_OfflineIndicator: setConnectionState connectionState=4
09-02 11:01:14.721 17383 17383 I cr_OfflineDetector: Running updateState mConnectivityDetectorInitialized: true, mTimeWhenLastForegrounded: 90456151, getElapsedTime: 90456153, mTimeWhenLastOfflineNotificationReceived: 0, mTimeWhenLastOnline: 90456153, mApplicationState: 1, mIsOfflineLastReportedByConnectivityDetector: false, mIsEffectivelyOffline: false
09-02 11:01:14.721 17383 17383 I cr_OfflineDetector: updateState(): timeSinceLastForeground: 2, timeSinceOfflineNotificationReceived: 90456153, timeSinceLastOnline: 0, timeNeededForForeground: 1998, timeNeededForOffline: -90454153
09-02 11:01:14.721 17383 17383 I cr_OfflineIndicator: processConnectivityCheckResult mConnectionState=4 mConnectivityCheckingStage=1
09-02 11:01:14.732  3979 10224 W AppOps  : Bad call: specified package com.google.android.gms under uid 10096 but it is really 10025
09-02 11:01:14.732  3979 10224 W AppOps  : java.lang.RuntimeException: here
09-02 11:01:14.732  3979 10224 W AppOps  : 	at com.android.server.AppOpsService.getOpsRawLocked(AppOpsService.java:1402)
09-02 11:01:14.732  3979 10224 W AppOps  : 	at com.android.server.AppOpsService.checkPackage(AppOpsService.java:1106)
09-02 11:01:14.732  3979 10224 W AppOps  : 	at com.android.internal.app.IAppOpsService$Stub.onTransact(IAppOpsService.java:169)
09-02 11:01:14.732  3979 10224 W AppOps  : 	at android.os.Binder.execTransact(Binder.java:682)
09-02 11:01:14.733  3979 10224 I chatty  : uid=1000(system) Binder:3979_1E identical 1 line
09-02 11:01:14.734  3979 10224 W AppOps  : Bad call: specified package com.google.android.gms under uid 10096 but it is really 10025
09-02 11:01:14.734  3979 10224 W AppOps  : java.lang.RuntimeException: here
09-02 11:01:14.734  3979 10224 W AppOps  : 	at com.android.server.AppOpsService.getOpsRawLocked(AppOpsService.java:1402)
09-02 11:01:14.734  3979 10224 W AppOps  : 	at com.android.server.AppOpsService.checkPackage(AppOpsService.java:1106)
09-02 11:01:14.734  3979 10224 W AppOps  : 	at com.android.internal.app.IAppOpsService$Stub.onTransact(IAppOpsService.java:169)
09-02 11:01:14.734  3979 10224 W AppOps  : 	at android.os.Binder.execTransact(Binder.java:682)
09-02 11:01:14.736  3979  3990 D SamsungAlarmManager: setInexact Intent (T:3/F:0/AC:false) 20230902T111215 - CU:10025/CP:10264
09-02 11:01:14.737  3979 10236 W AppOps  : Bad call: specified package com.google.android.gms under uid 10096 but it is really 10025
09-02 11:01:14.737  3979 10236 W AppOps  : java.lang.RuntimeException: here
09-02 11:01:14.737  3979 10236 W AppOps  : 	at com.android.server.AppOpsService.getOpsRawLocked(AppOpsService.java:1402)
09-02 11:01:14.737  3979 10236 W AppOps  : 	at com.android.server.AppOpsService.checkPackage(AppOpsService.java:1106)
09-02 11:01:14.737  3979 10236 W AppOps  : 	at com.android.internal.app.IAppOpsService$Stub.onTransact(IAppOpsService.java:169)
09-02 11:01:14.737  3979 10236 W AppOps  : 	at android.os.Binder.execTransact(Binder.java:682)
09-02 11:01:14.738  3979  3990 W AppOps  : Bad call: specified package com.google.android.gms under uid 10096 but it is really 10025
09-02 11:01:14.738  3979  3990 W AppOps  : java.lang.RuntimeException: here
09-02 11:01:14.738  3979  3990 W AppOps  : 	at com.android.server.AppOpsService.getOpsRawLocked(AppOpsService.java:1402)
09-02 11:01:14.738  3979  3990 W AppOps  : 	at com.android.server.AppOpsService.checkPackage(AppOpsService.java:1106)
09-02 11:01:14.738  3979  3990 W AppOps  : 	at com.android.internal.app.IAppOpsService$Stub.onTransact(IAppOpsService.java:169)
09-02 11:01:14.738  3979  3990 W AppOps  : 	at android.os.Binder.execTransact(Binder.java:682)
09-02 11:01:14.738 10264  8030 I NetworkScheduler.Stats: Task com.google.android.gms/com.google.android.gms.languageprofile.GcmTaskService started execution. cause:7 exec_start_elapsed_seconds: 90456 [CONTEXT service_id=218 ]
09-02 11:01:14.778 17383 17383 V InputMethodManager: Starting input: tba=android.view.inputmethod.EditorInfo@4a2362b nm : com.android.chrome ic=null
09-02 11:01:14.779 17383 17383 I InputMethodManager: startInputInner - mService.startInputOrWindowGainedFocus
09-02 11:01:14.779  3979 10224 D InputMethodManagerService: startInputOrWindowGainedFocus : startInput 
09-02 11:01:14.780  3979 10224 D InputMethodManagerService: setCurrentInputInfo - inputContext : null eidtorInfo : android.view.inputmethod.EditorInfo@e4dc522 missingMethods : 0
09-02 11:01:14.780  4336  4336 I InputMethodWrapper:  call dispatchStartInputWithToken
09-02 11:01:14.780  4336  4336 I InputMethodService: dispatchStartInputWithToken
09-02 11:01:14.780  4336  4336 I SKBD    : SamsungKeypad [IMI] onStartInput - caller pid : 17383, caller uid : 10096
09-02 11:01:14.780  4336  4336 I SKBD    : SamsungKeypad  CACHEDIC onStartInput  isCachedICEnabled:  false
09-02 11:01:14.781  4336  4336 I SKBD    : atl getDefaultInputRange : UNKNOWN
09-02 11:01:14.781  4336  4336 I SKBD    : awo resetBinderManager()
09-02 11:01:14.781  4336  4336 I SKBD_SYNC: SamsungKeypad onStartInput: import DLM
09-02 11:01:14.781  4336  4336 I SKBD    : atl setPrivateImeOptionsToTable privateImeOptions ( null )
09-02 11:01:14.781  4336  4336 I SKBD    : atl imeOptions is null
09-02 11:01:14.781  4336  4336 I SKBD    : SamsungKeypad [PF_OP][onStartInput] 833692
09-02 11:01:14.784 17417 17483 I tflite  : Initialized TensorFlow Lite runtime.
09-02 11:01:14.799  3979  3990 W StorageManager: getStorageLowBytes lowPercent : 5, lowBytes : 1260145254, maxLowBytes : 524288000
09-02 11:01:14.802  3979  3990 W StorageManager: getStorageLowBytes lowPercent : 5, lowBytes : 1260145254, maxLowBytes : 524288000
09-02 11:01:14.816  3979  3990 D ConnectivityService: filterNetworkStateForUid() uid: 10096 networkInfo: [type: WIFI[] - WIFI, state: CONNECTED/CONNECTED, reason: (unspecified), extra: "WiFi 69", failover: false, available: true, roaming: false, metered: false]
09-02 11:01:14.819 10264  7298 I NetworkScheduler.Stats: Task com.google.android.gms/com.google.android.gms.languageprofile.GcmTaskService finished executing. cause:7 result: 1 elapsed_millis: 104 uptime_millis: 105 exec_start_elapsed_seconds: 90456 [CONTEXT service_id=218 ]
09-02 11:01:14.821  3979  3988 I zygote64: Background concurrent copying GC freed 124032(7MB) AllocSpace objects, 62(1448KB) LOS objects, 38% free, 38MB/62MB, paused 514us total 169.349ms
09-02 11:01:14.822 17383 17525 D ConnectivityManager: requestNetwork; CallingUid : 10096, CallingPid : 17383
09-02 11:01:14.823  3979 10224 D ConnectivityService: listenForNetwork for uid/pid:10096/17383 NetworkRequest [ LISTEN id=527, [ Capabilities: INTERNET&NOT_RESTRICTED&TRUSTED&FOREGROUND] ]
09-02 11:01:14.824  3979  4180 D ConnectivityService: rematching NetworkAgentInfo [WIFI () - 502]
09-02 11:01:14.824  3979  4180 D ConnectivityService:  network has: [ Transports: WIFI Capabilities: NOT_METERED&INTERNET&NOT_RESTRICTED&TRUSTED&NOT_VPN&VALIDATED&FOREGROUND LinkUpBandwidth>=1048576Kbps LinkDnBandwidth>=1048576Kbps SignalStrength: -53]
09-02 11:01:14.824  3979  4180 D ConnectivityService: Network NetworkAgentInfo [WIFI () - 502] was already satisfying request 3. No change.
09-02 11:01:14.824  3979  4180 D ConnectivityService: Network NetworkAgentInfo [WIFI () - 502] was already satisfying request 1. No change.
09-02 11:01:14.824  3979  4180 D ConnectivityService: Network NetworkAgentInfo [WIFI () - 502] was already satisfying request 484. No change.
09-02 11:01:14.824  3979  4180 D ConnectivityService: Network NetworkAgentInfo [WIFI () - 502] was already satisfying request 443. No change.
09-02 11:01:14.824  3979  4180 D ConnectivityService: Network NetworkAgentInfo [WIFI () - 502] was already satisfying request 140. No change.
09-02 11:01:14.824  3979  4180 D ConnectivityService: sending notification AVAILABLE for NetworkRequest [ LISTEN id=527, [ Capabilities: INTERNET&NOT_RESTRICTED&TRUSTED&FOREGROUND] ]
09-02 11:01:14.824  3979 10224 D ConnectivityService: filterNetworkStateForUid() uid: 10096 networkInfo: [type: WIFI[] - WIFI, state: CONNECTED/CONNECTED, reason: (unspecified), extra: "WiFi 69", failover: false, available: true, roaming: false, metered: false]
09-02 11:01:14.825  3979  4180 D ConnectivityService: sending notification CAP_CHANGED for NetworkRequest [ LISTEN id=527, [ Capabilities: INTERNET&NOT_RESTRICTED&TRUSTED&FOREGROUND] ]
09-02 11:01:14.825  3979  4180 D ConnectivityService: sending notification IP_CHANGED for NetworkRequest [ LISTEN id=527, [ Capabilities: INTERNET&NOT_RESTRICTED&TRUSTED&FOREGROUND] ]
09-02 11:01:14.827  3979  5966 D ConnectivityService: filterNetworkStateForUid() uid: 10096 networkInfo: [type: WIFI[] - WIFI, state: CONNECTED/CONNECTED, reason: (unspecified), extra: "WiFi 69", failover: false, available: true, roaming: false, metered: false]
09-02 11:01:14.828  3979  3979 D CustomFrequencyManagerService: releaseDVFSLockLocked : Getting Lock type frm List : DVFS_MIN_LIMIT  frequency : 1560000  uid : 1000  pid : 3979  tag : AMS_RESUME_TAIL@CPU_MIN@14
09-02 11:01:14.828  3979 10224 D ConnectivityService: filterNetworkStateForUid() uid: 10096 networkInfo: [type: WIFI[] - WIFI, state: CONNECTED/CONNECTED, reason: (unspecified), extra: "WiFi 69", failover: false, available: true, roaming: false, metered: false]
09-02 11:01:14.829  3979  5966 D ConnectivityService: filterNetworkStateForUid() uid: 10025 networkInfo: [type: WIFI[] - WIFI, state: CONNECTED/CONNECTED, reason: (unspecified), extra: "WiFi 69", failover: false, available: true, roaming: false, metered: false]
09-02 11:01:14.830  3979  5966 D ConnectivityService: filterNetworkStateForUid() uid: 10025 networkInfo: [type: WIFI[] - WIFI, state: CONNECTED/CONNECTED, reason: (unspecified), extra: "WiFi 69", failover: false, available: true, roaming: false, metered: false]
09-02 11:01:14.834  3979  5966 D SamsungAlarmManager: Cancel Alarm calling from uid:10025 pid :10264 / op:PendingIntent{927116e: PendingIntentRecord{9212591 com.google.android.gms broadcastIntent}}
09-02 11:01:14.839  3979  5966 D SamsungAlarmManager: setInexact Intent (T:3/F:0/AC:false) 20230902T111215 - CU:10025/CP:10264
09-02 11:01:14.845  3979  5966 D ConnectivityService: filterNetworkStateForUid() uid: 10096 networkInfo: [type: WIFI[] - WIFI, state: CONNECTED/CONNECTED, reason: (unspecified), extra: "WiFi 69", failover: false, available: true, roaming: false, metered: false]
09-02 11:01:14.848  3979  5966 D ConnectivityService: filterNetworkStateForUid() uid: 10096 networkInfo: [type: WIFI[] - WIFI, state: CONNECTED/CONNECTED, reason: (unspecified), extra: "WiFi 69", failover: false, available: true, roaming: false, metered: false]
09-02 11:01:14.858  3979 10236 D ConnectivityService: filterNetworkStateForUid() uid: 10096 networkInfo: [type: WIFI[] - WIFI, state: CONNECTED/CONNECTED, reason: (unspecified), extra: "WiFi 69", failover: false, available: true, roaming: false, metered: false]
09-02 11:01:14.864 17383 17383 W ResourceType: Failure getting entry for 0x7f0100fa (t=0 e=250) (error -75)
09-02 11:01:14.867 17383 17383 W ResourceType: Failure getting entry for 0x7f010854 (t=0 e=2132) (error -75)
09-02 11:01:14.897 17383 17383 W ResourceType: Failure getting entry for 0x7f010220 (t=0 e=544) (error -75)
09-02 11:01:14.899 17383 17383 W ResourceType: Failure getting entry for 0x7f0107f5 (t=0 e=2037) (error -75)
09-02 11:01:14.919 17383 17383 W ResourceType: Failure getting entry for 0x7f010853 (t=0 e=2131) (error -75)
09-02 11:01:14.938 17383 17461 D NetworkSecurityConfig: Using Network Security Config from resource 0_resource_name_obfuscated debugBuild: false
09-02 11:01:14.946 17383 17383 I Choreographer: Skipped 46 frames!  The application may be doing too much work on its main thread.
09-02 11:01:14.951  3979 10224 V WindowManager: Relayout Window{9d88438 u0 com.android.chrome/com.google.android.apps.chrome.Main}: viewVisibility=0 req=720x1280 WM.LayoutParams{(0,0)(fillxfill) sim=#13 ty=1 fl=#81810100 pfl=0x20000 fmt=-3 wanim=0x10302fd vsysui=0x2600 sysuil=true needsMenuKey=2 colorMode=0 naviIconColor=0}
09-02 11:01:14.956 17383 17383 D ViewRootImpl@73ec0d3[Main]: Relayout returned: old=[0,0][720,1280] new=[0,0][720,1280] result=0x1 surface={valid=true 3337037824} changed=false
09-02 11:01:14.965  3462  3462 I SurfaceFlinger: Display 0 HWC layers:
09-02 11:01:14.965  3462  3462 I SurfaceFlinger:     type    |    handle    | flag |  format   |   source crop (l,t,r,b)    |         frame       | name 
09-02 11:01:14.965  3462  3462 I SurfaceFlinger: ------------+--------------+------+-----------+----------------------------+---------------------+------
09-02 11:01:14.965  3462  3462 I SurfaceFlinger:      Device | 0x7ac4c243c0 | 0002 | RGBA_8888 |   0.0    0.0  720.0 1238.0 |    0   42  720 1280 | SurfaceView - com.android.chrome/com[...]android.apps.chrome.Main@af20ddf@0#0
09-02 11:01:14.965  3462  3462 I SurfaceFlinger:      Device | 0x7abdc74640 | 0000 | RGBA_8888 |   0.0    0.0  720.0 1280.0 |    0    0  720 1280 | com.android.chrome/com.google.android.apps.chrome.Main#0
09-02 11:01:14.965  3462  3462 I SurfaceFlinger:      Device | 0x7ac4c24480 | 0000 | RGBA_8888 |   0.0    0.0  720.0   42.0 |    0    0  720   42 | StatusBar#0
09-02 11:01:14.965  3462  3462 I SurfaceFlinger: 
09-02 11:01:14.965  3979 10224 D ConnectivityService: filterNetworkStateForUid() uid: 10096 networkInfo: [type: WIFI[] - WIFI, state: CONNECTED/CONNECTED, reason: (unspecified), extra: "WiFi 69", failover: false, available: true, roaming: false, metered: false]
09-02 11:01:14.967  3979 10236 D ConnectivityService: filterNetworkStateForUid() uid: 10096 networkInfo: [type: WIFI[] - WIFI, state: CONNECTED/CONNECTED, reason: (unspecified), extra: "WiFi 69", failover: false, available: true, roaming: false, metered: false]
09-02 11:01:14.969  3979 10236 D ConnectivityService: filterNetworkStateForUid() uid: 10096 networkInfo: [type: WIFI[] - WIFI, state: CONNECTED/CONNECTED, reason: (unspecified), extra: "WiFi 69", failover: false, available: true, roaming: false, metered: false]
09-02 11:01:14.971  3979  5966 D ConnectivityService: filterNetworkStateForUid() uid: 10096 networkInfo: [type: WIFI[] - WIFI, state: CONNECTED/CONNECTED, reason: (unspecified), extra: "WiFi 69", failover: false, available: true, roaming: false, metered: false]
09-02 11:01:14.974  3979 10224 D ConnectivityService: filterNetworkStateForUid() uid: 10096 networkInfo: [type: WIFI[] - WIFI, state: CONNECTED/CONNECTED, reason: (unspecified), extra: "WiFi 69", failover: false, available: true, roaming: false, metered: false]
09-02 11:01:14.975  3979 10224 D ConnectivityService: filterNetworkStateForUid() uid: 10096 networkInfo: [type: WIFI[] - WIFI, state: CONNECTED/CONNECTED, reason: (unspecified), extra: "WiFi 69", failover: false, available: true, roaming: false, metered: false]
09-02 11:01:14.979 17383 17383 I cr_tabmodel: #isIncognitoTabBeingRestored from tabState:  false
09-02 11:01:15.165 17383 17383 I chatty  : uid=10096(u0_a96) identical 68 lines
09-02 11:01:15.165 17383 17383 I cr_tabmodel: #isIncognitoTabBeingRestored from tabState:  false
09-02 11:01:15.177 17383 17383 I cr_tabmodel: Loaded tab lists; counts: 36,0
09-02 11:01:15.208  3979  4111 D MdnieScenarioControlService:  packageName : com.android.chrome    className : com.google.android.apps.chrome.Main
09-02 11:01:15.389 22051 22051 D BoundBrokerSvc: onBind: Intent { act=com.google.android.gms.feedback.internal.IFeedbackService dat=chimera-action: cmp=com.google.android.gms/.chimera.GmsBoundBrokerService }
09-02 11:01:15.389 22051 22051 D BoundBrokerSvc: Loading bound service for intent: Intent { act=com.google.android.gms.feedback.internal.IFeedbackService dat=chimera-action: cmp=com.google.android.gms/.chimera.GmsBoundBrokerService }
09-02 11:01:15.435 22051 22197 I Icing   : IndexChimeraService.getServiceInterface callingPackage=com.google.android.gms componentName=null serviceId=30
09-02 11:01:15.445 22051 22051 D BoundBrokerSvc: onBind: Intent { act=com.google.android.gms.common.BIND_SHARED_PREFS pkg=com.google.android.gms }
09-02 11:01:15.446 22051 22051 D BoundBrokerSvc: Loading bound service for intent: Intent { act=com.google.android.gms.common.BIND_SHARED_PREFS pkg=com.google.android.gms }
09-02 11:01:15.454 22051 22051 D BoundBrokerSvc: onUnbind: Intent { act=com.google.android.gms.common.BIND_SHARED_PREFS pkg=com.google.android.gms }
09-02 11:01:15.459 22051  8264 I GmsCoreXrpcWrapper: (REDACTED) Returning a channel provider with trafficStatsTag=%d trafficStatsUid=%d
09-02 11:01:15.564 22051  8264 W ResourceType: ResTable_typeSpec entry count inconsistent: given 1869, previously 1868
09-02 11:01:15.564 22051  8264 W ResourceType: ResTable_typeSpec entry count inconsistent: given 100, previously 115
09-02 11:01:15.564 22051  8264 W ResourceType: ResTable_typeSpec entry count inconsistent: given 281, previously 1857
09-02 11:01:15.584 22051  8264 I Icing   : Usage reports ok 16, Failed Usage reports 0, indexed 2, rejected 0
09-02 11:01:15.686  3979  3979 D PreBindingService: handleMessage : 1
09-02 11:01:15.881  3449  3449 I android.hardware.wifi@1.0-service: getLinkLayerStats
09-02 11:01:16.269 17383 17383 I cr_tabmodel: Appending tabs being restored to metadata lists, 0, startingNormalCount: 36, startingIncognitoCount: 0
09-02 11:01:16.269 17383 17383 I cr_tabmodel: Serializing tab lists; counts: 36, 0
09-02 11:01:16.319  3979  3994 D SemExecuteManagerService: onShortcutChanged: com.android.chrome0
09-02 11:01:16.320  5213 25725 D LauncherApps: onShortcutChanged 0,com.android.chrome
09-02 11:01:16.321  5213  5213 D DeepShortcutManager: bindDeepShortcutMap: {com.android.launcher3.util.ComponentKey@1e9a2cfa=[DynamicFullRecent], com.android.launcher3.util.ComponentKey@92548096=[Search, Messages, Share, Notifications], com.android.launcher3.util.ComponentKey@9df2b1d6=[scanQrCode, newTab, newPrivateTab, search], com.android.launcher3.util.ComponentKey@489bf67c=[text_shortcut, voice_shortcut], com.android.launcher3.util.ComponentKey@86e56e2c=[open_new_tab, password_manager, open_new_private_tab], com.android.launcher3.util.ComponentKey@d85d54d0=[search_event_task, create_task, create_event], com.android.launcher3.util.ComponentKey@f5d080bf=[phoneadd, search, missedcall], com.android.launcher3.util.ComponentKey@515cb72c=[VIEW_MY_DOWNLOADS], com.android.launcher3.util.ComponentKey@683678e7=[create_message], com.android.launcher3.util.ComponentKey@64033792=[explore-shortcut, search-shortcut, shorts-shortcut, subscriptions-shortcut], com.android.launcher3.util.ComponentKey@3a8c61b=[compose], com.android.launcher3.util.ComponentKey@429b698e=[selfie, auto], com.android.launcher3.util.ComponentKey@91a61c5e=[contactadd, myprofile, contactgroup], com.android.launcher3.util.ComponentKey@3e17fc4f=[updates], com.android.launcher3.util.ComponentKey@967f6ac6=[search_shortcut], com.android.launcher3.util.ComponentKey@afe2ea5f=[manifest_home, manifest_work], com.android.launcher3.util.ComponentKey@7bfa09e7=[manifest_compose_shortcut, andrei.bogdan.marcel97@gmail.com], com.android.launcher3.util.ComponentKey@947c4a03=[new-tab-shortcut, dynamic-new-incognito-tab-shortcut]}
09-02 11:01:16.323 17383 17383 I cr_StartSurface: Recorded Startup.Android.StartSurfaceShownAtStartup = false
09-02 11:01:16.348 17383 17416 I cr_BindingManager: Visible binding enabled: maxSize=40
09-02 11:01:16.356  3979 10236 W StorageManager: getStorageLowBytes lowPercent : 5, lowBytes : 1260145254, maxLowBytes : 524288000
09-02 11:01:16.456 17383 17383 E cr_BTSPrefs: No data found for task id: 53
09-02 11:01:16.457 17383 17383 E cr_BkgrdTaskScheduler: Task cannot be canceled because no data was found instorage or data was invalid
09-02 11:01:17.139  4962  4962 D io_stats: !@ 179,0 r 578500 17589924 w 332501 7069812 d 34094 18895860 f 97328 99275 iot 436644 366521 th 51200 0 0 pt 0 inp 0 0 35810.384
09-02 11:01:18.190  3979  4327 D skia    : Encode PNG Singlethread processname=system_server :      18602 us, width=84, height=84
09-02 11:01:18.368  4349  4349 D KeyguardUpdateMonitor: handleStatusBarState( false )
09-02 11:01:18.719 14031 14031 E adbd    : recv: OPEN 0001b780 00000000 0076:73 68 65 6C 6C 2C 76 32 2C 54 45 52 4D 3D 78 74 65 72 6D 2D 32 35 36 63 6F 6C 6F 72 2C 72 61 77 3A 64 75 6D 70 73 79 73 20 61 63 74 69 76 69 74 79 20 72 65 63 65 6E 74 73 20 7C 20 67 72 65 70 20 22 52 65 63 65 6E 74 20 23 30 22 20 7C 20 63 75 74 20 2D 64 20 22 3D 22 20 2D 66 32 20 7C 20 67 72 65 70 20 2D 6F 20 2D 70 20 22 5B 61 2D 7A 7C 2E 5D 2A 22 00 
09-02 11:01:18.719 14031 14031 E adbd    : service_to_fd: shell,v2,TERM=xterm-256color,raw:dumpsys activity recents | grep "Recent #0" | cut -d "=" -f2 | grep -o -p "[a-z|.]*"
09-02 11:01:18.830 14031 14031 E adbd    : recv: OPEN 0001b783 00000000 0042:73 68 65 6C 6C 2C 76 32 2C 54 45 52 4D 3D 78 74 65 72 6D 2D 32 35 36 63 6F 6C 6F 72 2C 72 61 77 3A 67 65 74 70 72 6F 70 20 72 6F 2E 62 75 69 6C 64 2E 76 65 72 73 69 6F 6E 2E 72 65 6C 65 61 73 65 00 
09-02 11:01:18.830 14031 14031 E adbd    : service_to_fd: shell,v2,TERM=xterm-256color,raw:getprop ro.build.version.release
09-02 11:01:18.888  3449  3449 I android.hardware.wifi@1.0-service: getLinkLayerStats
09-02 11:01:18.907 14031 14031 E adbd    : recv: OPEN 0001b786 00000000 003e:73 68 65 6C 6C 2C 76 32 2C 54 45 52 4D 3D 78 74 65 72 6D 2D 32 35 36 63 6F 6C 6F 72 2C 72 61 77 3A 67 65 74 70 72 6F 70 20 72 6F 2E 62 75 69 6C 64 2E 76 65 72 73 69 6F 6E 2E 73 64 6B 00 
09-02 11:01:18.907 14031 14031 E adbd    : service_to_fd: shell,v2,TERM=xterm-256color,raw:getprop ro.build.version.sdk
09-02 11:01:19.001 14031 14031 E adbd    : recv: OPEN 0001b789 00000000 0034:73 68 65 6C 6C 2C 76 32 2C 54 45 52 4D 3D 78 74 65 72 6D 2D 32 35 36 63 6F 6C 6F 72 2C 72 61 77 3A 69 6E 70 75 74 20 74 61 70 20 35 35 30 20 31 35 30 30 00 
09-02 11:01:19.001 14031 14031 E adbd    : service_to_fd: shell,v2,TERM=xterm-256color,raw:input tap 550 1500
09-02 11:01:19.447 17543 17543 W ADebug  : Failed to get property persist.sys.media.traces
09-02 11:01:19.451 17543 17543 E appproc : Enhanced Zygote ASLR: ro.knox.enhance.zygote.aslr != 1. Enhanced Zygote ASLR is DISABLED!
09-02 11:01:19.451 17543 17543 D AndroidRuntime: >>>>>> START com.android.internal.os.RuntimeInit uid 2000 <<<<<<
09-02 11:01:19.454 17543 17543 D SecNativeFeatureCppIf: encoded
09-02 11:01:19.454 17543 17543 D SecNativeFeatureCppIf: decoding and unzip finish
09-02 11:01:19.454 17543 17543 D SecNativeFeatureCppIf: use unCompDataBuff. encoded
09-02 11:01:19.455 17543 17543 D SecNativeFeatureCppIf: Free unCompDataBuff
09-02 11:01:19.455 17543 17543 D SecNativeFeatureCppIf: encoded
09-02 11:01:19.455 17543 17543 D SecNativeFeatureCppIf: decoding and unzip finish
09-02 11:01:19.455 17543 17543 D SecNativeFeatureCppIf: use unCompDataBuff. encoded
09-02 11:01:19.455 17543 17543 D SecNativeFeatureCppIf: Free unCompDataBuff
09-02 11:01:19.455 17543 17543 D SecNativeFeatureCppIf: encoded
09-02 11:01:19.455 17543 17543 D SecNativeFeatureCppIf: decoding and unzip finish
09-02 11:01:19.455 17543 17543 D SecNativeFeatureCppIf: use unCompDataBuff. encoded
09-02 11:01:19.455 17543 17543 D SecNativeFeatureCppIf: Free unCompDataBuff
09-02 11:01:19.455 17543 17543 D SecNativeFeatureCppIf: encoded
09-02 11:01:19.455 17543 17543 D SecNativeFeatureCppIf: decoding and unzip finish
09-02 11:01:19.455 17543 17543 D SecNativeFeatureCppIf: use unCompDataBuff. encoded
09-02 11:01:19.455 17543 17543 D SecNativeFeatureCppIf: Free unCompDataBuff
09-02 11:01:19.557 17543 17543 D ICU     : Timezone override file found: /data/misc/zoneinfo/current/icu/icu_tzdata.dat
09-02 11:01:19.572 17543 17543 I app_process: find the special shared library, skip check
09-02 11:01:19.600 17543 17543 D SemCscFeature: Encoded
09-02 11:01:19.603 17543 17543 I chatty  : uid=2000(shell) identical 2 lines
09-02 11:01:19.604 17543 17543 D SemCscFeature: Encoded
09-02 11:01:19.606 17543 17543 E SemAffinityControl: SemAffinityControl: registerfunction enter
09-02 11:01:19.611 17543 17543 D AndroidRuntime: Calling main entry com.android.commands.input.Input
09-02 11:01:19.617 17543 17543 I Input   : injectMotionEvent: MotionEvent { action=ACTION_DOWN, actionButton=0, id[0]=0, x[0]=550.0, y[0]=1500.0, toolType[0]=TOOL_TYPE_UNKNOWN, buttonState=0, metaState=0, flags=0x0, edgeFlags=0x0, pointerCount=1, historySize=0, eventTime=35812857, downTime=35812857, deviceId=3, source=0x1002 }
09-02 11:01:19.617  3979 10236 D InputDispatcher: Inject motion (17543): action=0x0, eventTime=35812857000000, displayId=0
09-02 11:01:19.618  3979  4081 I InputDispatcher: Dropping event because there is no touchable window at (550, 1500).
09-02 11:01:19.618  3979 10236 W InputManager: Input event injection from pid 17543 failed.
09-02 11:01:19.618 17543 17543 I Input   : injectMotionEvent: MotionEvent { action=ACTION_UP, actionButton=0, id[0]=0, x[0]=550.0, y[0]=1500.0, toolType[0]=TOOL_TYPE_UNKNOWN, buttonState=0, metaState=0, flags=0x0, edgeFlags=0x0, pointerCount=1, historySize=0, eventTime=35812857, downTime=35812857, deviceId=3, source=0x1002 }
09-02 11:01:19.619  3979 10236 D InputDispatcher: Inject motion (17543): action=0x1, eventTime=35812857000000, displayId=0
09-02 11:01:19.619  3979 10236 W InputManager: Input event injection from pid 17543 failed.
09-02 11:01:19.620 17543 17543 D AndroidRuntime: Shutting down VM
09-02 11:01:19.713 14031 14031 E adbd    : recv: OPEN 0001b78c 00000000 0042:73 68 65 6C 6C 2C 76 32 2C 54 45 52 4D 3D 78 74 65 72 6D 2D 32 35 36 63 6F 6C 6F 72 2C 72 61 77 3A 67 65 74 70 72 6F 70 20 72 6F 2E 62 75 69 6C 64 2E 76 65 72 73 69 6F 6E 2E 72 65 6C 65 61 73 65 00 
09-02 11:01:19.713 14031 14031 E adbd    : service_to_fd: shell,v2,TERM=xterm-256color,raw:getprop ro.build.version.release
09-02 11:01:19.811 14031 14031 E adbd    : recv: OPEN 0001b78f 00000000 003e:73 68 65 6C 6C 2C 76 32 2C 54 45 52 4D 3D 78 74 65 72 6D 2D 32 35 36 63 6F 6C 6F 72 2C 72 61 77 3A 67 65 74 70 72 6F 70 20 72 6F 2E 62 75 69 6C 64 2E 76 65 72 73 69 6F 6E 2E 73 64 6B 00 
09-02 11:01:19.811 14031 14031 E adbd    : service_to_fd: shell,v2,TERM=xterm-256color,raw:getprop ro.build.version.sdk
09-02 11:01:19.846 17383 17460 I cr_omaha: Attempting to schedule next job for: Sat Sep 02 13:14:49 GMT+02:00 2023
09-02 11:01:19.850 17383 17383 I cr_omaha: Scheduled using JobService
09-02 11:01:19.861 17383 17383 E cr_BkgrdTaskJS: Tried finishing non-current BackgroundTask.
09-02 11:01:19.892 14031 14031 E adbd    : recv: OPEN 0001b792 00000000 0102:73 68 65 6C 6C 2C 76 32 2C 54 45 52 4D 3D 78 74 65 72 6D 2D 32 35 36 63 6F 6C 6F 72 2C 72 61 77 3A 61 6D 20 73 74 61 72 74 2D 66 6F 72 65 67 72 6F 75 6E 64 2D 73 65 72 76 69 63 65 20 2D 6E 20 22 63 6F 6D 2E 65 78 61 6D 70 6C 65 2E 62 61 74 74 65 72 79 6D 61 6E 61 67 65 72 5F 75 74 69 6C 69 74 79 2F 63 6F 6D 2E 65 78 61 6D 70 6C 65 2E 62 61 74 74 65 72 79 6D 61 6E 61 67 65 72 5F 75 74 69 6C 69 74 79 2E 44 61 74 61 43 6F 6C 6C 65 63 74 69 6F 6E 53 65 72 76 69 63 65 22 20 2D 2D 65 69 20 73 61 6D 70 6C 65 52 61 74 65 20 31 30 30 20 2D 2D 65 73 20 22 64 61 74 61 46 69 65 6C 64 73 22 20 22 42 41 54 54 45 52 59 5F 50 52 4F 50 45 52 54 59 5F 43 55 52 52 45 4E 54 5F 4E 4F 57 2C 45 58 54 52 41 5F 56 4F 4C 54 41 47 45 22 20 2D 2D 65 7A 20 74 6F 43 53 56 20 66 61 6C 73 65 00 
09-02 11:01:19.892 14031 14031 E adbd    : service_to_fd: shell,v2,TERM=xterm-256color,raw:am start-foreground-service -n "com.example.batterymanager_utility/com.example.batterymanager_utility.DataCollectionService" --ei sampleRate 100 --es "dataFields" "BATTERY_PROPERTY_CURRENT_NOW,EXTRA_VOLTAGE" --ez toCSV false
09-02 11:01:19.976  3979  4051 D SensorService: [SO] 0.115 -0.383 9.869
09-02 11:01:19.979 17344 17344 I BatteryMgr:DataCollectionService: onStartCommand: begin
09-02 11:01:19.979 17344 17344 I BatteryMgr:DataCollectionService: onStartCommand: sampleRate => 100
09-02 11:01:19.980 17344 17344 I BatteryMgr:DataCollectionService: onStartCommand: rawFields => Timestamp,BATTERY_PROPERTY_CURRENT_NOW,EXTRA_VOLTAGE
09-02 11:01:19.983 17344 17344 I BatteryMgr:DataCollectionService: onStartCommand: notification done
09-02 11:01:19.985 17344 17344 D Notification: allPendingIntents
09-02 11:01:19.987 17344 17344 I BatteryMgr:DataCollectionService: started foreground
09-02 11:01:19.989  3979  3995 D ApplicationPolicy: isStatusBarNotificationAllowedAsUser: packageName = android,userId = 0
09-02 11:01:19.989  3979  3995 D API test: getContainerInfo: value is 
09-02 11:01:19.990  3979  3995 D ApplicationPolicy: isStatusBarNotificationAllowedAsUser: packageName = android,userId = 0
09-02 11:01:19.990  3979  3995 D API test: getContainerInfo: value is 
09-02 11:01:19.991  3979  3995 D ApplicationPolicy: isStatusBarNotificationAllowedAsUser: packageName = com.example.batterymanager_utility,userId = 0
09-02 11:01:19.991  3979  3995 D API test: getContainerInfo: value is 
09-02 11:01:19.991  3979  3995 D ApplicationPolicy: isStatusBarNotificationAllowedAsUser: packageName = com.example.batterymanager_utility,userId = 0
09-02 11:01:19.991  3979  3995 D API test: getContainerInfo: value is 
09-02 11:01:19.993  3979  4292 D WifiConnectivityMonitor.SingDnsChecker: #1 GW MAC address found in ARP table.1 msec.
09-02 11:01:19.994  3979  3979 D AudioService: getStreamVolume 5 index 110
09-02 11:01:19.996  3979  3990 D Notification: allPendingIntents
09-02 11:01:19.997  4349  4349 D StatusBar: addNotification key=0|android|40|null|1000 fullscreen:false
09-02 11:01:19.997  3979  3990 D Notification: allPendingIntents
09-02 11:01:19.999  3979  3979 I AccessibilityManagerService: semOnLightNotification(null), bIsFlashOn : false
09-02 11:01:19.999  3979  3979 D AccessibilityManagerService: Can't use light notification
09-02 11:01:20.000  3979  3979 D AudioService: getStreamVolume 5 index 110
09-02 11:01:20.004  3979  3990 D Notification: allPendingIntents
09-02 11:01:20.004  3979 10236 D Notification: allPendingIntents
09-02 11:01:20.011 17344 17565 I BatteryMgr:DataCollectionService: collectData: begin
09-02 11:01:20.012  4349  4349 D StatusBar: addNotification key=0|com.example.batterymanager_utility|1|null|10157 fullscreen:false
09-02 11:01:20.019 14031 14031 E adbd    : recv: OPEN 0001b795 00000000 0042:73 68 65 6C 6C 2C 76 32 2C 54 45 52 4D 3D 78 74 65 72 6D 2D 32 35 36 63 6F 6C 6F 72 2C 72 61 77 3A 67 65 74 70 72 6F 70 20 72 6F 2E 62 75 69 6C 64 2E 76 65 72 73 69 6F 6E 2E 72 65 6C 65 61 73 65 00 
09-02 11:01:20.020 14031 14031 E adbd    : service_to_fd: shell,v2,TERM=xterm-256color,raw:getprop ro.build.version.release
09-02 11:01:20.020 17344 17565 I BatteryMgr:DataCollectionService: stats => 1693645280020,-150,4250
09-02 11:01:20.094 14031 14031 E adbd    : recv: OPEN 0001b798 00000000 003e:73 68 65 6C 6C 2C 76 32 2C 54 45 52 4D 3D 78 74 65 72 6D 2D 32 35 36 63 6F 6C 6F 72 2C 72 61 77 3A 67 65 74 70 72 6F 70 20 72 6F 2E 62 75 69 6C 64 2E 76 65 72 73 69 6F 6E 2E 73 64 6B 00 
09-02 11:01:20.094 14031 14031 E adbd    : service_to_fd: shell,v2,TERM=xterm-256color,raw:getprop ro.build.version.sdk
09-02 11:01:20.125  4349  4349 D KeyguardUpdateMonitor: handleStatusBarState( false )
09-02 11:01:20.126 17344 17565 I BatteryMgr:DataCollectionService: stats => 1693645280126,-150,4250
09-02 11:01:20.164 14031 14031 E adbd    : recv: OPEN 0001b79b 00000000 0029:73 68 65 6C 6C 2C 76 32 2C 54 45 52 4D 3D 78 74 65 72 6D 2D 32 35 36 63 6F 6C 6F 72 2C 72 61 77 3A 64 61 74 65 20 2D 75 00 
09-02 11:01:20.165 14031 14031 E adbd    : service_to_fd: shell,v2,TERM=xterm-256color,raw:date -u
09-02 11:01:20.221  3979  4292 D WifiConnectivityMonitor:  [|225] [] []
09-02 11:01:20.233 17344 17565 I BatteryMgr:DataCollectionService: stats => 1693645280233,-150,4250
09-02 11:01:20.235 14031 14031 E adbd    : recv: OPEN 0001b79e 00000000 003e:73 68 65 6C 6C 2C 76 32 2C 54 45 52 4D 3D 78 74 65 72 6D 2D 32 35 36 63 6F 6C 6F 72 2C 72 61 77 3A 64 75 6D 70 73 79 73 20 63 70 75 69 6E 66 6F 20 7C 20 67 72 65 70 20 54 4F 54 41 4C 00 
09-02 11:01:20.235 14031 14031 E adbd    : service_to_fd: shell,v2,TERM=xterm-256color,raw:dumpsys cpuinfo | grep TOTAL
09-02 11:01:20.322 14031 14031 E adbd    : recv: OPEN 0001b7a1 00000000 003d:73 68 65 6C 6C 2C 76 32 2C 54 45 52 4D 3D 78 74 65 72 6D 2D 32 35 36 63 6F 6C 6F 72 2C 72 61 77 3A 64 75 6D 70 73 79 73 20 6D 65 6D 69 6E 66 6F 20 7C 20 67 72 65 70 20 55 73 65 64 00 
09-02 11:01:20.322 14031 14031 E adbd    : service_to_fd: shell,v2,TERM=xterm-256color,raw:dumpsys meminfo | grep Used
09-02 11:01:20.340 17344 17565 I BatteryMgr:DataCollectionService: stats => 1693645280340,-150,4250
09-02 11:01:20.446 17344 17565 I BatteryMgr:DataCollectionService: stats => 1693645280446,-150,4250
09-02 11:01:20.557 17344 17565 I BatteryMgr:DataCollectionService: stats => 1693645280556,-150,4250
09-02 11:01:20.668 17344 17565 I BatteryMgr:DataCollectionService: stats => 1693645280667,-150,4250
09-02 11:01:20.779 17344 17565 I BatteryMgr:DataCollectionService: stats => 1693645280778,-150,4250
09-02 11:01:20.890 17344 17565 I BatteryMgr:DataCollectionService: stats => 1693645280890,-150,4250
09-02 11:01:21.001 17344 17565 I BatteryMgr:DataCollectionService: stats => 1693645281001,-150,4250
09-02 11:01:21.114 17344 17565 I BatteryMgr:DataCollectionService: stats => 1693645281114,-150,4250
09-02 11:01:21.220 17344 17565 I BatteryMgr:DataCollectionService: stats => 1693645281220,-150,4250
09-02 11:01:21.331 17344 17565 I BatteryMgr:DataCollectionService: stats => 1693645281330,-150,4250
09-02 11:01:21.447 17344 17565 I BatteryMgr:DataCollectionService: stats => 1693645281447,-150,4250
09-02 11:01:21.558 17344 17565 I BatteryMgr:DataCollectionService: stats => 1693645281558,-150,4250
09-02 11:01:21.631  3979  5966 D SamsungAlarmManager: Cancel Alarm calling from uid:10025 pid :22051 / op:PendingIntent{f18115c: PendingIntentRecord{aec3f37 com.google.android.gms startService}}
09-02 11:01:21.669 17344 17565 I BatteryMgr:DataCollectionService: stats => 1693645281669,-150,4250
09-02 11:01:21.780 17344 17565 I BatteryMgr:DataCollectionService: stats => 1693645281780,-150,4250
09-02 11:01:21.887 17344 17565 I BatteryMgr:DataCollectionService: stats => 1693645281887,-150,4250
09-02 11:01:21.909  3449  3449 I android.hardware.wifi@1.0-service: getLinkLayerStats
09-02 11:01:21.998 17344 17565 I BatteryMgr:DataCollectionService: stats => 1693645281998,-150,4250
09-02 11:01:22.109 17344 17565 I BatteryMgr:DataCollectionService: stats => 1693645282109,-150,4250
09-02 11:01:22.143  4962  4962 D io_stats: !@ 179,0 r 578500 17589924 w 332683 7071888 d 34101 18896140 f 97341 99288 iot 436708 366579 th 51200 0 0 pt 0 inp 0 0 35815.387
09-02 11:01:22.220 17344 17565 I BatteryMgr:DataCollectionService: stats => 1693645282219,-150,4250
09-02 11:01:22.330 17344 17565 I BatteryMgr:DataCollectionService: stats => 1693645282330,-150,4250
09-02 11:01:22.442 17344 17565 I BatteryMgr:DataCollectionService: stats => 1693645282441,-150,4250
09-02 11:01:22.553 17344 17565 I BatteryMgr:DataCollectionService: stats => 1693645282552,-150,4250
09-02 11:01:22.663 17344 17565 I BatteryMgr:DataCollectionService: stats => 1693645282663,-150,4250
09-02 11:01:22.774 17344 17565 I BatteryMgr:DataCollectionService: stats => 1693645282774,-150,4250
09-02 11:01:22.885 17344 17565 I BatteryMgr:DataCollectionService: stats => 1693645282885,-150,4250
09-02 11:01:22.995 17344 17565 I BatteryMgr:DataCollectionService: stats => 1693645282995,-150,4250
09-02 11:01:23.105 17344 17565 I BatteryMgr:DataCollectionService: stats => 1693645283105,-150,4250
09-02 11:01:23.216 17344 17565 I BatteryMgr:DataCollectionService: stats => 1693645283216,-150,4250
09-02 11:01:23.326 17344 17565 I BatteryMgr:DataCollectionService: stats => 1693645283326,-150,4250
09-02 11:01:23.436 17344 17565 I BatteryMgr:DataCollectionService: stats => 1693645283436,-150,4250
09-02 11:01:23.546 17344 17565 I BatteryMgr:DataCollectionService: stats => 1693645283546,-150,4250
09-02 11:01:23.656 17344 17565 I BatteryMgr:DataCollectionService: stats => 1693645283656,-150,4250
09-02 11:01:23.766 17344 17565 I BatteryMgr:DataCollectionService: stats => 1693645283766,-150,4250
09-02 11:01:23.848 14031 14031 E adbd    : recv: OPEN 0001b7a4 00000000 0029:73 68 65 6C 6C 2C 76 32 2C 54 45 52 4D 3D 78 74 65 72 6D 2D 32 35 36 63 6F 6C 6F 72 2C 72 61 77 3A 64 61 74 65 20 2D 75 00 
09-02 11:01:23.848 14031 14031 E adbd    : service_to_fd: shell,v2,TERM=xterm-256color,raw:date -u
09-02 11:01:23.864 14031 14031 E adbd    : recv: OPEN 0001b7a7 00000000 00c1:73 68 65 6C 6C 2C 76 32 2C 54 45 52 4D 3D 78 74 65 72 6D 2D 32 35 36 63 6F 6C 6F 72 2C 72 61 77 3A 61 6D 20 73 74 61 72 74 20 2D 61 20 61 6E 64 72 6F 69 64 2E 69 6E 74 65 6E 74 2E 61 63 74 69 6F 6E 2E 56 49 45 57 20 2D 6E 20 63 6F 6D 2E 61 6E 64 72 6F 69 64 2E 63 68 72 6F 6D 65 2F 63 6F 6D 2E 67 6F 6F 67 6C 65 2E 61 6E 64 72 6F 69 64 2E 61 70 70 73 2E 63 68 72 6F 6D 65 2E 4D 61 69 6E 20 2D 64 20 68 74 74 70 3A 2F 2F 31 39 32 2E 31 36 38 2E 38 38 2E 31 37 37 3A 38 30 30 30 2F 43 6F 6E 73 75 6D 65 72 2F 6E 61 72 76 61 72 2F 63 6F 72 70 2E 6E 61 72 76 61 72 2E 63 6F 6D 2F 00 
09-02 11:01:23.864 14031 14031 E adbd    : service_to_fd: shell,v2,TERM=xterm-256color,raw:am start -a android.intent.action.VIEW -n com.android.chrome/com.google.android.apps.chrome.Main -d http://192.168.88.177:8000/Consumer/narvar/corp.narvar.com/
