09-02 16:14:50.878 10264  6294 W NetworkScheduler: Error inserting period=1269000 preferred_charging_state=1 preferred_network_type=1 target_class=com.google.android.gms.measurement.PackageMeasurementTaskService required_network_type=0 runtime=1693664090854 required_idleness_state=0 source=16 service_kind=0 target_package=com.google.android.gms persistence_level=1 source_version=224312000 last_runtime=0 user_id=0 job_id=-1 requires_charging=0 tag=Measurement.PackageMeasurementTaskService.UPLOAD_TASK_TAG flex_time=634000 task_type=0 retry_strategy={"maximum_backoff_seconds":{"3600":0},"initial_backoff_seconds":{"30":0},"retry_policy":{"0":0}} [CONTEXT service_id=218 ]
09-02 16:14:50.878 10264  6294 W NetworkScheduler: android.database.sqlite.SQLiteConstraintException: UNIQUE constraint failed: pending_ops.tag, pending_ops.target_class, pending_ops.target_package, pending_ops.user_id (code 2067)
09-02 16:14:50.878 10264  6294 W NetworkScheduler: #################################################################
09-02 16:14:50.878 10264  6294 W NetworkScheduler: Error Code : 2067 (SQLITE_CONSTRAINT_UNIQUE)
09-02 16:14:50.878 10264  6294 W NetworkScheduler: Caused By : Abort due to constraint violation.
09-02 16:14:50.878 10264  6294 W NetworkScheduler: 	(UNIQUE constraint failed: pending_ops.tag, pending_ops.target_class, pending_ops.target_package, pending_ops.user_id (code 2067))
09-02 16:14:50.878 10264  6294 W NetworkScheduler: #################################################################
09-02 16:14:50.878 10264  6294 W NetworkScheduler: 	at android.database.sqlite.SQLiteConnection.nativeExecuteForLastInsertedRowId(Native Method)
09-02 16:14:50.878 10264  6294 W NetworkScheduler: 	at android.database.sqlite.SQLiteConnection.executeForLastInsertedRowId(SQLiteConnection.java:953)
09-02 16:14:50.878 10264  6294 W NetworkScheduler: 	at android.database.sqlite.SQLiteSession.executeForLastInsertedRowId(SQLiteSession.java:788)
09-02 16:14:50.878 10264  6294 W NetworkScheduler: 	at android.database.sqlite.SQLiteStatement.executeInsert(SQLiteStatement.java:86)
09-02 16:14:50.878 10264  6294 W NetworkScheduler: 	at android.database.sqlite.SQLiteDatabase.insertWithOnConflict(SQLiteDatabase.java:1904)
09-02 16:14:50.878 10264  6294 W NetworkScheduler: 	at android.database.sqlite.SQLiteDatabase.insertOrThrow(SQLiteDatabase.java:1797)
09-02 16:14:50.878 10264  6294 W NetworkScheduler: 	at biwz.g(:com.google.android.gms@224312019@22.43.12 (040400-483592595):53)
09-02 16:14:50.878 10264  6294 W NetworkScheduler: 	at bivs.n(:com.google.android.gms@224312019@22.43.12 (040400-483592595):3)
09-02 16:14:50.878 10264  6294 W NetworkScheduler: 	at bivs.u(:com.google.android.gms@224312019@22.43.12 (040400-483592595):20)
09-02 16:14:50.878 10264  6294 W NetworkScheduler: 	at bivs.h(:com.google.android.gms@224312019@22.43.12 (040400-483592595):3)
09-02 16:14:50.878 10264  6294 W NetworkScheduler: 	at birj.run(:com.google.android.gms@224312019@22.43.12 (040400-483592595):9)
09-02 16:14:50.878 10264  6294 W NetworkScheduler: 	at abce.c(:com.google.android.gms@224312019@22.43.12 (040400-483592595):6)
09-02 16:14:50.878 10264  6294 W NetworkScheduler: 	at abce.run(:com.google.android.gms@224312019@22.43.12 (040400-483592595):7)
09-02 16:14:50.878 10264  6294 W NetworkScheduler: 	at java.util.concurrent.ThreadPoolExecutor.runWorker(ThreadPoolExecutor.java:1162)
09-02 16:14:50.878 10264  6294 W NetworkScheduler: 	at java.util.concurrent.ThreadPoolExecutor$Worker.run(ThreadPoolExecutor.java:636)
09-02 16:14:50.878 10264  6294 W NetworkScheduler: 	at abhk.run(:com.google.android.gms@224312019@22.43.12 (040400-483592595):0)
09-02 16:14:50.878 10264  6294 W NetworkScheduler: 	at java.lang.Thread.run(Thread.java:764)
09-02 16:14:50.881  3979  4635 D SamsungAlarmManager: setInexact Intent (T:3/F:0/AC:false) 20230902T163559 - CU:10025/CP:10264
09-02 16:14:50.898  3979  4635 W StorageManager: getStorageLowBytes lowPercent : 5, lowBytes : 1260145254, maxLowBytes : 524288000
09-02 16:14:50.909  3979  4046 I WindowManager: Destroying surface Surface(name=Splash Screen com.opera.browser) called by com.android.server.wm.WindowStateAnimator.destroySurface:2501 com.android.server.wm.WindowStateAnimator.destroySurfaceLocked:985 com.android.server.wm.WindowState.destroyOrSaveSurfaceUnchecked:3671 com.android.server.wm.WindowState.destroySurface:3619 com.android.server.wm.AppWindowToken.destroySurfaces:722 com.android.server.wm.AppWindowToken.destroySurfaces:706 com.android.server.wm.WindowState.onExitAnimationDone:5333 com.android.server.wm.WindowStateAnimator.stepAnimationLocked:550 
09-02 16:14:50.910  3462  4087 I SurfaceFlinger: id=3032 Removed Splash Screen com.opera.browser#0 (3/5)
09-02 16:14:50.912  3462  3462 I SurfaceFlinger: Display 0 HWC layers:
09-02 16:14:50.912  3462  3462 I SurfaceFlinger:     type    |    handle    | flag |  format   |   source crop (l,t,r,b)    |         frame       | name 
09-02 16:14:50.912  3462  3462 I SurfaceFlinger: ------------+--------------+------+-----------+----------------------------+---------------------+------
09-02 16:14:50.912  3462  3462 I SurfaceFlinger:      Device | 0x7ac4c24480 | 0002 | RGBA_8888 |   0.0    0.0  720.0 1280.0 |    0    0  720 1280 | com.opera.browser/com.opera.Opera#0
09-02 16:14:50.912  3462  3462 I SurfaceFlinger:      Device | 0x7ac4c24240 | 0000 | RGBA_8888 |   0.0    0.0  720.0   42.0 |    0    0  720   42 | StatusBar#0
09-02 16:14:50.912  3462  3462 I SurfaceFlinger: 
09-02 16:14:50.917  3462  4087 I SurfaceFlinger: id=3032 Removed Splash Screen com.opera.browser#0 (-2/5)
09-02 16:14:50.923  3979  4635 D StorageManagerService: getExternalStorageMountMode : 1
09-02 16:14:50.924  3979  4635 D StorageManagerService: getExternalStorageMountMode : 3
09-02 16:14:50.924  3979  4635 D StorageManagerService: getExternalStorageMountMode : final mountMode=1, uid : 10158, packageName : com.opera.browser
09-02 16:14:50.924  3979  4635 I ApplicationPolicy: isApplicationExternalStorageWhitelisted:com.opera.browser user:0
09-02 16:14:50.924  3979  4635 D ApplicationPolicy: isApplicationExternalStorageWhitelisted: DO is not enabled on user 0. Allowed.
09-02 16:14:50.925  3979  4635 D ActivityManager: package  com.opera.browser, user - 0 is SDcard whitelisted
09-02 16:14:50.925  3979  4635 I ApplicationPolicy: isApplicationExternalStorageBlacklisted:com.opera.browser user:0
09-02 16:14:50.925  3979  4635 D ApplicationPolicy: isApplicationExternalStorageBlacklisted: DO is not enabled on user 0. Allowed.
09-02 16:14:50.926  3462  3462 I Layer   : id=3032 onRemoved Splash Screen com.opera.browser#0 
09-02 16:14:50.936  3979  4635 I ActivityManager: Start proc 7224:com.opera.browser:privileged_process0/u0a158 for service com.opera.browser/com.opera.android.browser.chromium.services.PrivilegedProcessService0
09-02 16:14:50.937  7224  7224 E Zygote  : isWhitelistProcess - Process is Whitelisted
09-02 16:14:50.939  7224  7224 E libpersona: scanKnoxPersonas
09-02 16:14:50.939  7224  7224 E libpersona: Couldn't open the File - /data/system/users/0/personalist.xml - No such file or directory
09-02 16:14:50.939  3979 10224 D ConnectivityService: filterNetworkStateForUid() uid: 10158 networkInfo: [type: WIFI[] - WIFI, state: CONNECTED/CONNECTED, reason: (unspecified), extra: "WiFi 69", failover: false, available: true, roaming: false, metered: false]
09-02 16:14:50.940  7224  7224 W SELinux : SELinux selinux_android_compute_policy_index : Policy Index[2],  Con:u:r:zygote:s0 RAM:SEPF_SM-J720F_8.0.0_0017, [-1 -1 -1 -1 0 1]
09-02 16:14:50.941  7224  7224 I SELinux : SELinux: seapp_context_lookup: seinfo=untrusted, level=s0:c512,c768, pkgname=com.opera.browser:privileged_process0 
09-02 16:14:50.946  3979 10224 D ActivityManager: The following uid has registered to recieve broadcast for proxy related updates 10158
09-02 16:14:50.947  3979 10224 W ContextImpl: Calling a method in the system process without a qualified user: android.app.ContextImpl.sendBroadcast:971 com.android.server.am.ActivityManagerService.requestKnoxVpnToSendProxyBroadcast:29502 com.android.server.am.ActivityManagerService.registerReceiver:23187 android.app.IActivityManager$Stub.onTransact:176 com.android.server.am.ActivityManagerService.onTransact:3862 
09-02 16:14:50.949  3979  3979 D KnoxVpnEngineService: Vpn Receiver : com.samsung.android.knox.intent.action.VPN_PROXY_BROADCAST_INTERNAL
09-02 16:14:50.949  3979  4130 I KnoxVpnEngineService: vpn handle : Message received
09-02 16:14:50.951  7038  7174 I System.out: (HTTPLog)-Static: isSBSettingEnabled false
09-02 16:14:50.951  7038  7174 I System.out: (HTTPLog)-Static: isSBSettingEnabled false
09-02 16:14:50.952  3614  3927 D DnsProxyListener: DNSDBG::dns addrinfo af 2
09-02 16:14:50.961  7224  7224 D TimaKeyStoreProvider: TimaKeyStore is not enabled: cannot add TimaSignature Service and generateKeyPair Service
09-02 16:14:50.961  7224  7224 D ActivityThread: Added TimaKeyStore provider
09-02 16:14:50.963  3979 10224 I ActivityManager: DSS on for com.opera.browser and scale is 1.0
09-02 16:14:50.979  3347  3347 W keymaster2_mdfpp: entered get_key_characteristics function.
09-02 16:14:50.981  3347  3347 W keymaster_tee: [WRN]KEY_PARAMS: AES ENC DEC GCM PADNO AUTH SIZE:256 
09-02 16:14:50.981  7224  7224 I zygote  : no shared libraies, dex_files: 1
09-02 16:14:50.981  3347  3347 W keymaster_tee: [WRN]KEY_PARAMS: 20230902081400 
09-02 16:14:50.981  3347  3347 W keymaster2_mdfpp: exit get_key_characteristics function, returned 0
09-02 16:14:50.990  7224  7224 W ResourceType: ResTable_typeSpec entry count inconsistent: given 1869, previously 1868
09-02 16:14:50.990  3347  3347 W keymaster2_mdfpp: entered get_key_characteristics function.
09-02 16:14:50.990  7224  7224 W ResourceType: ResTable_typeSpec entry count inconsistent: given 100, previously 115
09-02 16:14:50.990  7224  7224 W ResourceType: ResTable_typeSpec entry count inconsistent: given 281, previously 1857
09-02 16:14:50.992  3347  3347 W keymaster_tee: [WRN]KEY_PARAMS: AES ENC DEC GCM PADNO AUTH SIZE:256 
09-02 16:14:50.992  3347  3347 W keymaster_tee: [WRN]KEY_PARAMS: 20230902081400 
09-02 16:14:50.992  3347  3347 W keymaster2_mdfpp: exit get_key_characteristics function, returned 0
09-02 16:14:50.993  3347  3347 W keymaster2_mdfpp: entered begin function.
09-02 16:14:50.994  3347  3347 W keymaster2_mdfpp: exit begin function, returned 0
09-02 16:14:50.997  3347  3347 W keymaster2_mdfpp: entered update function.
09-02 16:14:50.998  3347  3347 W keymaster2_mdfpp: exit update function, returned 0
09-02 16:14:50.998  3347  3347 W keymaster2_mdfpp: entered finish function.
09-02 16:14:50.999  3347  3347 W keymaster2_mdfpp: exit finish function, returned 0
09-02 16:14:51.000  3609  3609 W keystore: ENTER remove operation from uid 10158
09-02 16:14:51.002  3347  3347 W keymaster2_mdfpp: entered get_key_characteristics function.
09-02 16:14:51.003  3347  3347 W keymaster_tee: [WRN]KEY_PARAMS: AES ENC DEC GCM PADNO AUTH SIZE:256 
09-02 16:14:51.003  3347  3347 W keymaster_tee: [WRN]KEY_PARAMS: 20230902081400 
09-02 16:14:51.003  3347  3347 W keymaster2_mdfpp: exit get_key_characteristics function, returned 0
09-02 16:14:51.005  3347  3347 W keymaster2_mdfpp: entered get_key_characteristics function.
09-02 16:14:51.006  3347  3347 W keymaster_tee: [WRN]KEY_PARAMS: AES ENC DEC GCM PADNO AUTH SIZE:256 
09-02 16:14:51.006  3347  3347 W keymaster_tee: [WRN]KEY_PARAMS: 20230902081400 
09-02 16:14:51.006  3347  3347 W keymaster2_mdfpp: exit get_key_characteristics function, returned 0
09-02 16:14:51.007  3347  3347 W keymaster2_mdfpp: entered begin function.
09-02 16:14:51.008  3347  3347 W keymaster2_mdfpp: exit begin function, returned 0
09-02 16:14:51.009  3347  3347 W keymaster2_mdfpp: entered update function.
09-02 16:14:51.009  3347  3347 W keymaster2_mdfpp: exit update function, returned 0
09-02 16:14:51.010  3347  3347 W keymaster2_mdfpp: entered finish function.
09-02 16:14:51.011  3347  3347 W keymaster2_mdfpp: exit finish function, returned 0
09-02 16:14:51.011  3609  3609 W keystore: ENTER remove operation from uid 10158
09-02 16:14:51.013  3347  3347 W keymaster2_mdfpp: entered get_key_characteristics function.
09-02 16:14:51.014  3347  3347 W keymaster_tee: [WRN]KEY_PARAMS: AES ENC DEC GCM PADNO AUTH SIZE:256 
09-02 16:14:51.014  3347  3347 W keymaster_tee: [WRN]KEY_PARAMS: 20230902081400 
09-02 16:14:51.015  3347  3347 W keymaster2_mdfpp: exit get_key_characteristics function, returned 0
09-02 16:14:51.017  3347  3347 W keymaster2_mdfpp: entered get_key_characteristics function.
09-02 16:14:51.018  3347  3347 W keymaster_tee: [WRN]KEY_PARAMS: AES ENC DEC GCM PADNO AUTH SIZE:256 
09-02 16:14:51.018  3347  3347 W keymaster_tee: [WRN]KEY_PARAMS: 20230902081400 
09-02 16:14:51.018  3347  3347 W keymaster2_mdfpp: exit get_key_characteristics function, returned 0
09-02 16:14:51.018  3347  3347 W keymaster2_mdfpp: entered begin function.
09-02 16:14:51.020  3347  3347 W keymaster2_mdfpp: exit begin function, returned 0
09-02 16:14:51.021  3347  3347 W keymaster2_mdfpp: entered update function.
09-02 16:14:51.022  3347  3347 W keymaster2_mdfpp: exit update function, returned 0
09-02 16:14:51.023  3347  3347 W keymaster2_mdfpp: entered finish function.
09-02 16:14:51.023  3347  3347 W keymaster2_mdfpp: exit finish function, returned 0
09-02 16:14:51.024  3609  3609 W keystore: ENTER remove operation from uid 10158
09-02 16:14:51.033  7224  7224 W ResourceType: For resource 0x7f0c0068, entry index(104) is beyond type entryCount(100)
09-02 16:14:51.035  3347  3347 W keymaster2_mdfpp: entered get_key_characteristics function.
09-02 16:14:51.036  3347  3347 W keymaster_tee: [WRN]KEY_PARAMS: AES ENC DEC GCM PADNO AUTH SIZE:256 
09-02 16:14:51.036  3347  3347 W keymaster_tee: [WRN]KEY_PARAMS: 20230902081400 
09-02 16:14:51.036  3347  3347 W keymaster2_mdfpp: exit get_key_characteristics function, returned 0
09-02 16:14:51.041  3347  3347 W keymaster2_mdfpp: entered get_key_characteristics function.
09-02 16:14:51.042  3347  3347 W keymaster_tee: [WRN]KEY_PARAMS: AES ENC DEC GCM PADNO AUTH SIZE:256 
09-02 16:14:51.042  3347  3347 W keymaster_tee: [WRN]KEY_PARAMS: 20230902081400 
09-02 16:14:51.042  3347  3347 W keymaster2_mdfpp: exit get_key_characteristics function, returned 0
09-02 16:14:51.044  3347  3347 W keymaster2_mdfpp: entered begin function.
09-02 16:14:51.045  3347  3347 W keymaster2_mdfpp: exit begin function, returned 0
09-02 16:14:51.046  3347  3347 W keymaster2_mdfpp: entered update function.
09-02 16:14:51.047  3347  3347 W keymaster2_mdfpp: exit update function, returned 0
09-02 16:14:51.048  3347  3347 W keymaster2_mdfpp: entered finish function.
09-02 16:14:51.049  3347  3347 W keymaster2_mdfpp: exit finish function, returned 0
09-02 16:14:51.050  3609  3609 W keystore: ENTER remove operation from uid 10158
09-02 16:14:51.057  3979  4635 D ConnectivityService: filterNetworkStateForUid() uid: 10158 networkInfo: [type: WIFI[] - WIFI, state: CONNECTED/CONNECTED, reason: (unspecified), extra: "WiFi 69", failover: false, available: true, roaming: false, metered: false]
09-02 16:14:51.062  7038  7038 D ConnectivityManager: requestNetwork; CallingUid : 10158, CallingPid : 7038
09-02 16:14:51.063  3979  4635 D ConnectivityService: listenForNetwork for uid/pid:10158/7038 NetworkRequest [ LISTEN id=1009, [ Capabilities: INTERNET&NOT_RESTRICTED&TRUSTED&FOREGROUND] ]
09-02 16:14:51.064  3979  4180 D ConnectivityService: rematching NetworkAgentInfo [WIFI () - 502]
09-02 16:14:51.064  3979  4180 D ConnectivityService:  network has: [ Transports: WIFI Capabilities: NOT_METERED&INTERNET&NOT_RESTRICTED&TRUSTED&NOT_VPN&VALIDATED&FOREGROUND LinkUpBandwidth>=1048576Kbps LinkDnBandwidth>=1048576Kbps SignalStrength: -54]
09-02 16:14:51.064  3979  4180 D ConnectivityService: Network NetworkAgentInfo [WIFI () - 502] was already satisfying request 3. No change.
09-02 16:14:51.064  3979  4180 D ConnectivityService: Network NetworkAgentInfo [WIFI () - 502] was already satisfying request 1. No change.
09-02 16:14:51.064  3979  4180 D ConnectivityService: Network NetworkAgentInfo [WIFI () - 502] was already satisfying request 970. No change.
09-02 16:14:51.064  3979  4180 D ConnectivityService: Network NetworkAgentInfo [WIFI () - 502] was already satisfying request 140. No change.
09-02 16:14:51.064  3979  4180 D ConnectivityService: sending notification AVAILABLE for NetworkRequest [ LISTEN id=1009, [ Capabilities: INTERNET&NOT_RESTRICTED&TRUSTED&FOREGROUND] ]
09-02 16:14:51.065  3979  4180 D ConnectivityService: sending notification CAP_CHANGED for NetworkRequest [ LISTEN id=1009, [ Capabilities: INTERNET&NOT_RESTRICTED&TRUSTED&FOREGROUND] ]
09-02 16:14:51.065  3979 10224 D ConnectivityService: filterNetworkStateForUid() uid: 10158 networkInfo: [type: WIFI[] - WIFI, state: CONNECTED/CONNECTED, reason: (unspecified), extra: "WiFi 69", failover: false, available: true, roaming: false, metered: false]
09-02 16:14:51.065  3979  4180 D ConnectivityService: sending notification IP_CHANGED for NetworkRequest [ LISTEN id=1009, [ Capabilities: INTERNET&NOT_RESTRICTED&TRUSTED&FOREGROUND] ]
09-02 16:14:51.071  3979  3979 D PreBindingService: handleMessage : 1
09-02 16:14:51.156  7038  7038 V InputMethodManager: Starting input: tba=android.view.inputmethod.EditorInfo@edefe5b nm : com.opera.browser ic=null
09-02 16:14:51.160  3979  9878 D ConnectivityService: filterNetworkStateForUid() uid: 10158 networkInfo: [type: WIFI[] - WIFI, state: CONNECTED/CONNECTED, reason: (unspecified), extra: "WiFi 69", failover: false, available: true, roaming: false, metered: false]
09-02 16:14:51.161  3979  9878 D ConnectivityService: filterNetworkStateForUid() uid: 10158 networkInfo: [type: WIFI[] - WIFI, state: CONNECTED/CONNECTED, reason: (unspecified), extra: "WiFi 69", failover: false, available: true, roaming: false, metered: false]
09-02 16:14:51.171 10264 10278 I FontLog : Received query Noto Color Emoji Compat, URI content://com.google.android.gms.fonts [CONTEXT service_id=132 ]
09-02 16:14:51.171 10264 10278 I FontLog : Query [emojicompat-emoji-font] resolved to {Noto Color Emoji Compat, wdth 100.0, wght 400, ital 0.0, bestEffort false} [CONTEXT service_id=132 ]
09-02 16:14:51.174 10264 10278 I FontLog : Fetch {Noto Color Emoji Compat, wdth 100.0, wght 400, ital 0.0, bestEffort false} end status Status{statusCode=SUCCESS, resolution=null} [CONTEXT service_id=132 ]
09-02 16:14:51.182 10264 10278 I FontLog : Pulling font file for id = 1456, cache size = 4 [CONTEXT service_id=132 ]
09-02 16:14:51.192 10264 10278 I FontLog : Pulling font file for id = 1456, cache size = 4 [CONTEXT service_id=132 ]
09-02 16:14:51.193  3979  9878 D ConnectivityService: filterNetworkStateForUid() uid: 10025 networkInfo: [type: WIFI[] - WIFI, state: CONNECTED/CONNECTED, reason: (unspecified), extra: "WiFi 69", failover: false, available: true, roaming: false, metered: false]
09-02 16:14:51.230  7038  7210 I System.out: (HTTPLog)-Static: isSBSettingEnabled false
09-02 16:14:51.231  7038  7210 I System.out: (HTTPLog)-Static: isSBSettingEnabled false
09-02 16:14:51.232  3614  3927 D DnsProxyListener: DNSDBG::dns addrinfo af 2
09-02 16:14:51.249  7038  7043 I zygote  : Do partial code cache collection, code=118KB, data=96KB
09-02 16:14:51.251  7038  7043 I zygote  : After code cache collection, code=110KB, data=93KB
09-02 16:14:51.251  7038  7043 I zygote  : Increasing code cache capacity to 512KB
09-02 16:14:51.277  7038  7038 W ResourceType: For resource 0x7f1504e5, entry index(1253) is beyond type entryCount(281)
09-02 16:14:51.287  7038  7038 I chatty  : uid=10158(u0_a158) identical 10 lines
09-02 16:14:51.287  7038  7038 W ResourceType: For resource 0x7f1504e5, entry index(1253) is beyond type entryCount(281)
09-02 16:14:51.287  7038  7038 W ResourceType: For resource 0x7f150574, entry index(1396) is beyond type entryCount(281)
09-02 16:14:51.289  7038  7038 W ResourceType: For resource 0x7f15050e, entry index(1294) is beyond type entryCount(281)
09-02 16:14:51.289  7038  7038 W ResourceType: For resource 0x7f15061f, entry index(1567) is beyond type entryCount(281)
09-02 16:14:51.289  7038  7038 W ResourceType: For resource 0x7f15061f, entry index(1567) is beyond type entryCount(281)
09-02 16:14:51.289  7038  7038 W ResourceType: For resource 0x7f15058c, entry index(1420) is beyond type entryCount(281)
09-02 16:14:51.289  7038  7038 W ResourceType: For resource 0x7f150590, entry index(1424) is beyond type entryCount(281)
09-02 16:14:51.289  7038  7038 W ResourceType: For resource 0x7f15058e, entry index(1422) is beyond type entryCount(281)
09-02 16:14:51.289  7038  7038 W ResourceType: For resource 0x7f1504c3, entry index(1219) is beyond type entryCount(281)
09-02 16:14:51.289  7038  7038 W ResourceType: For resource 0x7f15059e, entry index(1438) is beyond type entryCount(281)
09-02 16:14:51.289  7038  7038 W ResourceType: For resource 0x7f150282, entry index(642) is beyond type entryCount(281)
09-02 16:14:51.289  7038  7038 W ResourceType: For resource 0x7f1504c3, entry index(1219) is beyond type entryCount(281)
09-02 16:14:51.289  7038  7038 W ResourceType: For resource 0x7f150719, entry index(1817) is beyond type entryCount(281)
09-02 16:14:51.289  7038  7038 W ResourceType: For resource 0x7f150578, entry index(1400) is beyond type entryCount(281)
09-02 16:14:51.289  7038  7038 W ResourceType: For resource 0x7f150284, entry index(644) is beyond type entryCount(281)
09-02 16:14:51.289  7038  7038 W ResourceType: For resource 0x7f150579, entry index(1401) is beyond type entryCount(281)
09-02 16:14:51.289  7038  7038 W ResourceType: For resource 0x7f1505e7, entry index(1511) is beyond type entryCount(281)
09-02 16:14:51.289  7038  7038 W ResourceType: For resource 0x7f15071e, entry index(1822) is beyond type entryCount(281)
09-02 16:14:51.289  7038  7038 I chatty  : uid=10158(u0_a158) identical 2 lines
09-02 16:14:51.289  7038  7038 W ResourceType: For resource 0x7f15071e, entry index(1822) is beyond type entryCount(281)
09-02 16:14:51.289  7038  7038 W ResourceType: For resource 0x7f150580, entry index(1408) is beyond type entryCount(281)
09-02 16:14:51.289  7038  7038 W ResourceType: For resource 0x7f15071e, entry index(1822) is beyond type entryCount(281)
09-02 16:14:51.289  7038  7038 W ResourceType: For resource 0x7f15017b, entry index(379) is beyond type entryCount(281)
09-02 16:14:51.289  7038  7038 W ResourceType: For resource 0x7f150283, entry index(643) is beyond type entryCount(281)
09-02 16:14:51.289  7038  7038 W ResourceType: For resource 0x7f1505a2, entry index(1442) is beyond type entryCount(281)
09-02 16:14:51.289  7038  7038 W ResourceType: For resource 0x7f1506f4, entry index(1780) is beyond type entryCount(281)
09-02 16:14:51.289  7038  7038 W ResourceType: For resource 0x7f150588, entry index(1416) is beyond type entryCount(281)
09-02 16:14:51.289  7038  7038 W ResourceType: For resource 0x7f15059f, entry index(1439) is beyond type entryCount(281)
09-02 16:14:51.289  7038  7038 W ResourceType: For resource 0x7f150649, entry index(1609) is beyond type entryCount(281)
09-02 16:14:51.289  7038  7038 W ResourceType: For resource 0x7f150442, entry index(1090) is beyond type entryCount(281)
09-02 16:14:51.289  7038  7038 W ResourceType: For resource 0x7f150718, entry index(1816) is beyond type entryCount(281)
09-02 16:14:51.289  7038  7038 W ResourceType: For resource 0x7f15017c, entry index(380) is beyond type entryCount(281)
09-02 16:14:51.289  7038  7038 W ResourceType: For resource 0x7f15059d, entry index(1437) is beyond type entryCount(281)
09-02 16:14:51.289  7038  7038 W ResourceType: For resource 0x7f15020a, entry index(522) is beyond type entryCount(281)
09-02 16:14:51.289  7038  7038 W ResourceType: For resource 0x7f150586, entry index(1414) is beyond type entryCount(281)
09-02 16:14:51.289  7038  7038 W ResourceType: For resource 0x7f15071c, entry index(1820) is beyond type entryCount(281)
09-02 16:14:51.289  7038  7038 W ResourceType: For resource 0x7f1502af, entry index(687) is beyond type entryCount(281)
09-02 16:14:51.290  7038  7038 W ResourceType: For resource 0x7f150274, entry index(628) is beyond type entryCount(281)
09-02 16:14:51.290  7038  7038 W ResourceType: For resource 0x7f150244, entry index(580) is beyond type entryCount(281)
09-02 16:14:51.290  7038  7038 W ResourceType: For resource 0x7f150274, entry index(628) is beyond type entryCount(281)
09-02 16:14:51.290  7038  7038 W ResourceType: For resource 0x7f150372, entry index(882) is beyond type entryCount(281)
09-02 16:14:51.290  7038  7038 W ResourceType: For resource 0x7f15035b, entry index(859) is beyond type entryCount(281)
09-02 16:14:51.290  7038  7038 W ResourceType: For resource 0x7f15035c, entry index(860) is beyond type entryCount(281)
09-02 16:14:51.290  7038  7038 W ResourceType: For resource 0x7f1502ad, entry index(685) is beyond type entryCount(281)
09-02 16:14:51.290  7038  7038 W ResourceType: For resource 0x7f150565, entry index(1381) is beyond type entryCount(281)
09-02 16:14:51.290  7038  7038 W ResourceType: For resource 0x7f150567, entry index(1383) is beyond type entryCount(281)
09-02 16:14:51.297  7038  7038 W ResourceType: For resource 0x7f1504e5, entry index(1253) is beyond type entryCount(281)
09-02 16:14:51.299  7038  7038 I chatty  : uid=10158(u0_a158) identical 2 lines
09-02 16:14:51.300  7038  7038 W ResourceType: For resource 0x7f1504e5, entry index(1253) is beyond type entryCount(281)
09-02 16:14:51.303  7038  7038 W ResourceType: For resource 0x7f15050e, entry index(1294) is beyond type entryCount(281)
09-02 16:14:51.303  7038  7038 W ResourceType: For resource 0x7f15061f, entry index(1567) is beyond type entryCount(281)
09-02 16:14:51.303  7038  7038 W ResourceType: For resource 0x7f15061f, entry index(1567) is beyond type entryCount(281)
09-02 16:14:51.303  7038  7038 W ResourceType: For resource 0x7f15058c, entry index(1420) is beyond type entryCount(281)
09-02 16:14:51.303  7038  7038 W ResourceType: For resource 0x7f150590, entry index(1424) is beyond type entryCount(281)
09-02 16:14:51.303  7038  7038 W ResourceType: For resource 0x7f15058e, entry index(1422) is beyond type entryCount(281)
09-02 16:14:51.303  7038  7038 W ResourceType: For resource 0x7f1504c3, entry index(1219) is beyond type entryCount(281)
09-02 16:14:51.303  7038  7038 W ResourceType: For resource 0x7f15059e, entry index(1438) is beyond type entryCount(281)
09-02 16:14:51.303  7038  7038 W ResourceType: For resource 0x7f150282, entry index(642) is beyond type entryCount(281)
09-02 16:14:51.303  7038  7038 W ResourceType: For resource 0x7f1504c3, entry index(1219) is beyond type entryCount(281)
09-02 16:14:51.303  7038  7038 W ResourceType: For resource 0x7f150719, entry index(1817) is beyond type entryCount(281)
09-02 16:14:51.303  7038  7038 W ResourceType: For resource 0x7f150578, entry index(1400) is beyond type entryCount(281)
09-02 16:14:51.303  7038  7038 W ResourceType: For resource 0x7f150284, entry index(644) is beyond type entryCount(281)
09-02 16:14:51.303  7038  7038 W ResourceType: For resource 0x7f150579, entry index(1401) is beyond type entryCount(281)
09-02 16:14:51.303  7038  7038 W ResourceType: For resource 0x7f1505e7, entry index(1511) is beyond type entryCount(281)
09-02 16:14:51.303  7038  7038 W ResourceType: For resource 0x7f15071e, entry index(1822) is beyond type entryCount(281)
09-02 16:14:51.304  7038  7038 I chatty  : uid=10158(u0_a158) identical 2 lines
09-02 16:14:51.304  7038  7038 W ResourceType: For resource 0x7f15071e, entry index(1822) is beyond type entryCount(281)
09-02 16:14:51.304  7038  7038 W ResourceType: For resource 0x7f150580, entry index(1408) is beyond type entryCount(281)
09-02 16:14:51.304  7038  7038 W ResourceType: For resource 0x7f15071e, entry index(1822) is beyond type entryCount(281)
09-02 16:14:51.304  7038  7038 W ResourceType: For resource 0x7f15017b, entry index(379) is beyond type entryCount(281)
09-02 16:14:51.304  7038  7038 W ResourceType: For resource 0x7f150283, entry index(643) is beyond type entryCount(281)
09-02 16:14:51.304  7038  7038 W ResourceType: For resource 0x7f1505a2, entry index(1442) is beyond type entryCount(281)
09-02 16:14:51.304  7038  7038 W ResourceType: For resource 0x7f1506f4, entry index(1780) is beyond type entryCount(281)
09-02 16:14:51.304  7038  7038 W ResourceType: For resource 0x7f150588, entry index(1416) is beyond type entryCount(281)
09-02 16:14:51.304  7038  7038 W ResourceType: For resource 0x7f15059f, entry index(1439) is beyond type entryCount(281)
09-02 16:14:51.304  7038  7038 W ResourceType: For resource 0x7f150649, entry index(1609) is beyond type entryCount(281)
09-02 16:14:51.304  7038  7038 W ResourceType: For resource 0x7f150442, entry index(1090) is beyond type entryCount(281)
09-02 16:14:51.304  7038  7038 W ResourceType: For resource 0x7f150718, entry index(1816) is beyond type entryCount(281)
09-02 16:14:51.304  7038  7038 W ResourceType: For resource 0x7f15017c, entry index(380) is beyond type entryCount(281)
09-02 16:14:51.304  7038  7038 W ResourceType: For resource 0x7f15059d, entry index(1437) is beyond type entryCount(281)
09-02 16:14:51.304  7038  7038 W ResourceType: For resource 0x7f15020a, entry index(522) is beyond type entryCount(281)
09-02 16:14:51.304  7038  7038 W ResourceType: For resource 0x7f150586, entry index(1414) is beyond type entryCount(281)
09-02 16:14:51.304  7038  7038 W ResourceType: For resource 0x7f15071c, entry index(1820) is beyond type entryCount(281)
09-02 16:14:51.304  7038  7038 W ResourceType: For resource 0x7f1502af, entry index(687) is beyond type entryCount(281)
09-02 16:14:51.304  7038  7038 W ResourceType: For resource 0x7f150274, entry index(628) is beyond type entryCount(281)
09-02 16:14:51.304  7038  7038 W ResourceType: For resource 0x7f150244, entry index(580) is beyond type entryCount(281)
09-02 16:14:51.304  7038  7038 W ResourceType: For resource 0x7f150274, entry index(628) is beyond type entryCount(281)
09-02 16:14:51.304  7038  7038 W ResourceType: For resource 0x7f150372, entry index(882) is beyond type entryCount(281)
09-02 16:14:51.304  7038  7038 W ResourceType: For resource 0x7f15035b, entry index(859) is beyond type entryCount(281)
09-02 16:14:51.304  7038  7038 W ResourceType: For resource 0x7f15035c, entry index(860) is beyond type entryCount(281)
09-02 16:14:51.304  7038  7038 W ResourceType: For resource 0x7f1502ad, entry index(685) is beyond type entryCount(281)
09-02 16:14:51.304  7038  7038 W ResourceType: For resource 0x7f150565, entry index(1381) is beyond type entryCount(281)
09-02 16:14:51.304  7038  7038 W ResourceType: For resource 0x7f150567, entry index(1383) is beyond type entryCount(281)
09-02 16:14:51.311  7038  7038 W ResourceType: For resource 0x7f150552, entry index(1362) is beyond type entryCount(281)
09-02 16:14:51.311  7038  7038 I chatty  : uid=10158(u0_a158) identical 3 lines
09-02 16:14:51.312  7038  7038 W ResourceType: For resource 0x7f150552, entry index(1362) is beyond type entryCount(281)
09-02 16:14:51.313  7038  7038 W ResourceType: For resource 0x7f1504e5, entry index(1253) is beyond type entryCount(281)
09-02 16:14:51.316  7038  7038 I chatty  : uid=10158(u0_a158) identical 2 lines
09-02 16:14:51.316  7038  7038 W ResourceType: For resource 0x7f1504e5, entry index(1253) is beyond type entryCount(281)
09-02 16:14:51.324  7038  7038 W ResourceType: For resource 0x7f1506f4, entry index(1780) is beyond type entryCount(281)
09-02 16:14:51.324  7038  7038 W ResourceType: For resource 0x7f150587, entry index(1415) is beyond type entryCount(281)
09-02 16:14:51.324  7038  7038 W ResourceType: For resource 0x7f15011b, entry index(283) is beyond type entryCount(281)
09-02 16:14:51.326  7038  7038 W ResourceType: For resource 0x7f150241, entry index(577) is beyond type entryCount(281)
09-02 16:14:51.327  7038  7038 W ResourceType: For resource 0x7f150241, entry index(577) is beyond type entryCount(281)
09-02 16:14:51.336  7038  7038 W ResourceType: For resource 0x7f15050e, entry index(1294) is beyond type entryCount(281)
09-02 16:14:51.336  7038  7038 W ResourceType: For resource 0x7f15061f, entry index(1567) is beyond type entryCount(281)
09-02 16:14:51.336  7038  7038 W ResourceType: For resource 0x7f15061f, entry index(1567) is beyond type entryCount(281)
09-02 16:14:51.337  7038  7038 W ResourceType: For resource 0x7f15058c, entry index(1420) is beyond type entryCount(281)
09-02 16:14:51.337  7038  7038 W ResourceType: For resource 0x7f150590, entry index(1424) is beyond type entryCount(281)
09-02 16:14:51.337  7038  7038 W ResourceType: For resource 0x7f15058e, entry index(1422) is beyond type entryCount(281)
09-02 16:14:51.337  7038  7038 W ResourceType: For resource 0x7f1504c3, entry index(1219) is beyond type entryCount(281)
09-02 16:14:51.337  7038  7038 W ResourceType: For resource 0x7f15059e, entry index(1438) is beyond type entryCount(281)
09-02 16:14:51.337  7038  7038 W ResourceType: For resource 0x7f150282, entry index(642) is beyond type entryCount(281)
09-02 16:14:51.337  7038  7038 W ResourceType: For resource 0x7f1504c3, entry index(1219) is beyond type entryCount(281)
09-02 16:14:51.337  7038  7038 W ResourceType: For resource 0x7f150719, entry index(1817) is beyond type entryCount(281)
09-02 16:14:51.337  7038  7038 W ResourceType: For resource 0x7f150578, entry index(1400) is beyond type entryCount(281)
09-02 16:14:51.337  7038  7038 W ResourceType: For resource 0x7f150284, entry index(644) is beyond type entryCount(281)
09-02 16:14:51.337  7038  7038 W ResourceType: For resource 0x7f150579, entry index(1401) is beyond type entryCount(281)
09-02 16:14:51.337  7038  7038 W ResourceType: For resource 0x7f1505e7, entry index(1511) is beyond type entryCount(281)
09-02 16:14:51.337  7038  7038 W ResourceType: For resource 0x7f15071e, entry index(1822) is beyond type entryCount(281)
09-02 16:14:51.337  7038  7038 I chatty  : uid=10158(u0_a158) identical 2 lines
09-02 16:14:51.337  7038  7038 W ResourceType: For resource 0x7f15071e, entry index(1822) is beyond type entryCount(281)
09-02 16:14:51.337  7038  7038 W ResourceType: For resource 0x7f150580, entry index(1408) is beyond type entryCount(281)
09-02 16:14:51.337  7038  7038 W ResourceType: For resource 0x7f15071e, entry index(1822) is beyond type entryCount(281)
09-02 16:14:51.337  7038  7038 W ResourceType: For resource 0x7f15017b, entry index(379) is beyond type entryCount(281)
09-02 16:14:51.337  7038  7038 W ResourceType: For resource 0x7f150283, entry index(643) is beyond type entryCount(281)
09-02 16:14:51.337  7038  7038 W ResourceType: For resource 0x7f1505a2, entry index(1442) is beyond type entryCount(281)
09-02 16:14:51.337  7038  7038 W ResourceType: For resource 0x7f1506f4, entry index(1780) is beyond type entryCount(281)
09-02 16:14:51.337  7038  7038 W ResourceType: For resource 0x7f150588, entry index(1416) is beyond type entryCount(281)
09-02 16:14:51.337  7038  7038 W ResourceType: For resource 0x7f15059f, entry index(1439) is beyond type entryCount(281)
09-02 16:14:51.337  7038  7038 W ResourceType: For resource 0x7f150649, entry index(1609) is beyond type entryCount(281)
09-02 16:14:51.337  7038  7038 W ResourceType: For resource 0x7f150442, entry index(1090) is beyond type entryCount(281)
09-02 16:14:51.337  7038  7038 W ResourceType: For resource 0x7f150718, entry index(1816) is beyond type entryCount(281)
09-02 16:14:51.338  7038  7038 W ResourceType: For resource 0x7f15017c, entry index(380) is beyond type entryCount(281)
09-02 16:14:51.338  7038  7038 W ResourceType: For resource 0x7f15059d, entry index(1437) is beyond type entryCount(281)
09-02 16:14:51.338  7038  7038 W ResourceType: For resource 0x7f15020a, entry index(522) is beyond type entryCount(281)
09-02 16:14:51.338  7038  7038 W ResourceType: For resource 0x7f150586, entry index(1414) is beyond type entryCount(281)
09-02 16:14:51.338  7038  7038 W ResourceType: For resource 0x7f15071c, entry index(1820) is beyond type entryCount(281)
09-02 16:14:51.338  7038  7038 W ResourceType: For resource 0x7f1502af, entry index(687) is beyond type entryCount(281)
09-02 16:14:51.338  7038  7038 W ResourceType: For resource 0x7f150274, entry index(628) is beyond type entryCount(281)
09-02 16:14:51.338  7038  7038 W ResourceType: For resource 0x7f150244, entry index(580) is beyond type entryCount(281)
09-02 16:14:51.338  7038  7038 W ResourceType: For resource 0x7f150274, entry index(628) is beyond type entryCount(281)
09-02 16:14:51.338  7038  7038 W ResourceType: For resource 0x7f150372, entry index(882) is beyond type entryCount(281)
09-02 16:14:51.338  7038  7038 W ResourceType: For resource 0x7f15035b, entry index(859) is beyond type entryCount(281)
09-02 16:14:51.338  7038  7038 W ResourceType: For resource 0x7f15035c, entry index(860) is beyond type entryCount(281)
09-02 16:14:51.338  7038  7038 W ResourceType: For resource 0x7f1502ad, entry index(685) is beyond type entryCount(281)
09-02 16:14:51.338  7038  7038 W ResourceType: For resource 0x7f150565, entry index(1381) is beyond type entryCount(281)
09-02 16:14:51.338  7038  7038 W ResourceType: For resource 0x7f150567, entry index(1383) is beyond type entryCount(281)
09-02 16:14:51.338  7038  7038 W ResourceType: For resource 0x7f150241, entry index(577) is beyond type entryCount(281)
09-02 16:14:51.338  7038  7038 I chatty  : uid=10158(u0_a158) identical 2 lines
09-02 16:14:51.339  7038  7038 W ResourceType: For resource 0x7f150241, entry index(577) is beyond type entryCount(281)
09-02 16:14:51.345  7038  7038 W ResourceType: For resource 0x7f1506f4, entry index(1780) is beyond type entryCount(281)
09-02 16:14:51.345  7038  7038 W ResourceType: For resource 0x7f1506f4, entry index(1780) is beyond type entryCount(281)
09-02 16:14:51.345  7038  7038 W ResourceType: For resource 0x7f150241, entry index(577) is beyond type entryCount(281)
09-02 16:14:51.345  7038  7038 W ResourceType: For resource 0x7f1506f4, entry index(1780) is beyond type entryCount(281)
09-02 16:14:51.345  7038  7038 I chatty  : uid=10158(u0_a158) identical 2 lines
09-02 16:14:51.345  7038  7038 W ResourceType: For resource 0x7f1506f4, entry index(1780) is beyond type entryCount(281)
09-02 16:14:51.349  3979  3979 D CustomFrequencyManagerService: releaseDVFSLockLocked : Getting Lock type frm List : DVFS_MIN_LIMIT  frequency : 1560000  uid : 1000  pid : 3979  tag : AMS_RESUME_TAIL@CPU_MIN@14
09-02 16:14:51.349  7038  7038 W ResourceType: For resource 0x7f1502d5, entry index(725) is beyond type entryCount(281)
09-02 16:14:51.363  7038  7038 I chatty  : uid=10158(u0_a158) identical 3 lines
09-02 16:14:51.363  7038  7038 W ResourceType: For resource 0x7f1502d5, entry index(725) is beyond type entryCount(281)
09-02 16:14:51.372  7038  7038 W ResourceType: For resource 0x7f1504e5, entry index(1253) is beyond type entryCount(281)
09-02 16:14:51.373  7038  7038 I chatty  : uid=10158(u0_a158) identical 2 lines
09-02 16:14:51.374  7038  7038 W ResourceType: For resource 0x7f1504e5, entry index(1253) is beyond type entryCount(281)
09-02 16:14:51.382  7038  7038 W ResourceType: For resource 0x7f15027b, entry index(635) is beyond type entryCount(281)
09-02 16:14:51.382  7038  7038 W ResourceType: For resource 0x7f15027b, entry index(635) is beyond type entryCount(281)
09-02 16:14:51.382  7038  7038 W ResourceType: For resource 0x7f150278, entry index(632) is beyond type entryCount(281)
09-02 16:14:51.382  7038  7038 W ResourceType: For resource 0x7f1503d6, entry index(982) is beyond type entryCount(281)
09-02 16:14:51.382  7038  7038 W ResourceType: For resource 0x7f1503c1, entry index(961) is beyond type entryCount(281)
09-02 16:14:51.382  7038  7038 W ResourceType: For resource 0x7f15035f, entry index(863) is beyond type entryCount(281)
09-02 16:14:51.382  7038  7038 W ResourceType: For resource 0x7f15027b, entry index(635) is beyond type entryCount(281)
09-02 16:14:51.383  7038  7038 W ResourceType: For resource 0x7f15050e, entry index(1294) is beyond type entryCount(281)
09-02 16:14:51.383  7038  7038 W ResourceType: For resource 0x7f15061f, entry index(1567) is beyond type entryCount(281)
09-02 16:14:51.383  7038  7038 W ResourceType: For resource 0x7f15061f, entry index(1567) is beyond type entryCount(281)
09-02 16:14:51.383  7038  7038 W ResourceType: For resource 0x7f15058c, entry index(1420) is beyond type entryCount(281)
09-02 16:14:51.383  7038  7038 W ResourceType: For resource 0x7f150590, entry index(1424) is beyond type entryCount(281)
09-02 16:14:51.383  7038  7038 W ResourceType: For resource 0x7f15058e, entry index(1422) is beyond type entryCount(281)
09-02 16:14:51.383  7038  7038 W ResourceType: For resource 0x7f1504c3, entry index(1219) is beyond type entryCount(281)
09-02 16:14:51.383  7038  7038 W ResourceType: For resource 0x7f15059e, entry index(1438) is beyond type entryCount(281)
09-02 16:14:51.383  7038  7038 W ResourceType: For resource 0x7f150282, entry index(642) is beyond type entryCount(281)
09-02 16:14:51.383  7038  7038 W ResourceType: For resource 0x7f1504c3, entry index(1219) is beyond type entryCount(281)
09-02 16:14:51.383  7038  7038 W ResourceType: For resource 0x7f150719, entry index(1817) is beyond type entryCount(281)
09-02 16:14:51.384  7038  7038 W ResourceType: For resource 0x7f150578, entry index(1400) is beyond type entryCount(281)
09-02 16:14:51.384  7038  7038 W ResourceType: For resource 0x7f150284, entry index(644) is beyond type entryCount(281)
09-02 16:14:51.384  7038  7038 W ResourceType: For resource 0x7f150579, entry index(1401) is beyond type entryCount(281)
09-02 16:14:51.384  7038  7038 W ResourceType: For resource 0x7f1505e7, entry index(1511) is beyond type entryCount(281)
09-02 16:14:51.384  7038  7038 W ResourceType: For resource 0x7f15071e, entry index(1822) is beyond type entryCount(281)
09-02 16:14:51.384  7038  7038 I chatty  : uid=10158(u0_a158) identical 2 lines
09-02 16:14:51.384  7038  7038 W ResourceType: For resource 0x7f15071e, entry index(1822) is beyond type entryCount(281)
09-02 16:14:51.384  7038  7038 W ResourceType: For resource 0x7f150580, entry index(1408) is beyond type entryCount(281)
09-02 16:14:51.384  7038  7038 W ResourceType: For resource 0x7f15071e, entry index(1822) is beyond type entryCount(281)
09-02 16:14:51.384  7038  7038 W ResourceType: For resource 0x7f15017b, entry index(379) is beyond type entryCount(281)
09-02 16:14:51.384  7038  7038 W ResourceType: For resource 0x7f150283, entry index(643) is beyond type entryCount(281)
09-02 16:14:51.384  7038  7038 W ResourceType: For resource 0x7f1505a2, entry index(1442) is beyond type entryCount(281)
09-02 16:14:51.384  7038  7038 W ResourceType: For resource 0x7f1506f4, entry index(1780) is beyond type entryCount(281)
09-02 16:14:51.384  7038  7038 W ResourceType: For resource 0x7f150588, entry index(1416) is beyond type entryCount(281)
09-02 16:14:51.384  7038  7038 W ResourceType: For resource 0x7f15059f, entry index(1439) is beyond type entryCount(281)
09-02 16:14:51.384  7038  7038 W ResourceType: For resource 0x7f150649, entry index(1609) is beyond type entryCount(281)
09-02 16:14:51.384  7038  7038 W ResourceType: For resource 0x7f150442, entry index(1090) is beyond type entryCount(281)
09-02 16:14:51.384  7038  7038 W ResourceType: For resource 0x7f150718, entry index(1816) is beyond type entryCount(281)
09-02 16:14:51.384  7038  7038 W ResourceType: For resource 0x7f15017c, entry index(380) is beyond type entryCount(281)
09-02 16:14:51.384  7038  7038 W ResourceType: For resource 0x7f15059d, entry index(1437) is beyond type entryCount(281)
09-02 16:14:51.384  7038  7038 W ResourceType: For resource 0x7f15020a, entry index(522) is beyond type entryCount(281)
09-02 16:14:51.384  7038  7038 W ResourceType: For resource 0x7f150586, entry index(1414) is beyond type entryCount(281)
09-02 16:14:51.384  7038  7038 W ResourceType: For resource 0x7f15071c, entry index(1820) is beyond type entryCount(281)
09-02 16:14:51.384  7038  7038 W ResourceType: For resource 0x7f1502af, entry index(687) is beyond type entryCount(281)
09-02 16:14:51.384  7038  7038 W ResourceType: For resource 0x7f150274, entry index(628) is beyond type entryCount(281)
09-02 16:14:51.384  7038  7038 W ResourceType: For resource 0x7f150244, entry index(580) is beyond type entryCount(281)
09-02 16:14:51.384  7038  7038 W ResourceType: For resource 0x7f150274, entry index(628) is beyond type entryCount(281)
09-02 16:14:51.384  7038  7038 W ResourceType: For resource 0x7f150372, entry index(882) is beyond type entryCount(281)
09-02 16:14:51.384  7038  7038 W ResourceType: For resource 0x7f15035b, entry index(859) is beyond type entryCount(281)
09-02 16:14:51.384  7038  7038 W ResourceType: For resource 0x7f15035c, entry index(860) is beyond type entryCount(281)
09-02 16:14:51.384  7038  7038 W ResourceType: For resource 0x7f1502ad, entry index(685) is beyond type entryCount(281)
09-02 16:14:51.384  7038  7038 W ResourceType: For resource 0x7f150565, entry index(1381) is beyond type entryCount(281)
09-02 16:14:51.384  7038  7038 W ResourceType: For resource 0x7f150567, entry index(1383) is beyond type entryCount(281)
09-02 16:14:51.384  7038  7038 W ResourceType: For resource 0x7f15027b, entry index(635) is beyond type entryCount(281)
09-02 16:14:51.385  7038  7038 I chatty  : uid=10158(u0_a158) identical 4 lines
09-02 16:14:51.385  7038  7038 W ResourceType: For resource 0x7f15027b, entry index(635) is beyond type entryCount(281)
09-02 16:14:51.385  7038  7038 W ResourceType: For resource 0x7f150728, entry index(1832) is beyond type entryCount(281)
09-02 16:14:51.385  7038  7038 W ResourceType: For resource 0x7f150728, entry index(1832) is beyond type entryCount(281)
09-02 16:14:51.385  7038  7038 W ResourceType: For resource 0x7f15027b, entry index(635) is beyond type entryCount(281)
09-02 16:14:51.385  7038  7038 W ResourceType: For resource 0x7f150728, entry index(1832) is beyond type entryCount(281)
09-02 16:14:51.386  7038  7038 I chatty  : uid=10158(u0_a158) identical 3 lines
09-02 16:14:51.386  7038  7038 W ResourceType: For resource 0x7f150728, entry index(1832) is beyond type entryCount(281)
09-02 16:14:51.386  7038  7038 W ResourceType: For resource 0x7f1506f3, entry index(1779) is beyond type entryCount(281)
09-02 16:14:51.386  7038  7038 W ResourceType: For resource 0x7f150600, entry index(1536) is beyond type entryCount(281)
09-02 16:14:51.386  7038  7038 W ResourceType: For resource 0x7f150695, entry index(1685) is beyond type entryCount(281)
09-02 16:14:51.386  7038  7038 W ResourceType: For resource 0x7f150694, entry index(1684) is beyond type entryCount(281)
09-02 16:14:51.386  7038  7038 W ResourceType: For resource 0x7f1506c5, entry index(1733) is beyond type entryCount(281)
09-02 16:14:51.387  7038  7038 W ResourceType: For resource 0x7f1506f2, entry index(1778) is beyond type entryCount(281)
09-02 16:14:51.387  7038  7038 W ResourceType: For resource 0x7f150601, entry index(1537) is beyond type entryCount(281)
09-02 16:14:51.387  7038  7038 W ResourceType: For resource 0x7f150696, entry index(1686) is beyond type entryCount(281)
09-02 16:14:51.391  7038  7038 W ResourceType: For resource 0x7f1506f3, entry index(1779) is beyond type entryCount(281)
09-02 16:14:51.391  7038  7038 W ResourceType: For resource 0x7f1506f2, entry index(1778) is beyond type entryCount(281)
09-02 16:14:51.392  7038  7038 W ResourceType: For resource 0x7f1506f3, entry index(1779) is beyond type entryCount(281)
09-02 16:14:51.392  7038  7038 W ResourceType: For resource 0x7f1506f2, entry index(1778) is beyond type entryCount(281)
09-02 16:14:51.392  7038  7038 W ResourceType: For resource 0x7f1506f3, entry index(1779) is beyond type entryCount(281)
09-02 16:14:51.392  7038  7038 W ResourceType: For resource 0x7f1506f2, entry index(1778) is beyond type entryCount(281)
09-02 16:14:51.392  7038  7038 W ResourceType: For resource 0x7f1506f3, entry index(1779) is beyond type entryCount(281)
09-02 16:14:51.392  7038  7038 W ResourceType: For resource 0x7f1506f2, entry index(1778) is beyond type entryCount(281)
09-02 16:14:51.393  7038  7038 W ResourceType: For resource 0x7f15027b, entry index(635) is beyond type entryCount(281)
09-02 16:14:51.393  7038  7038 W ResourceType: For resource 0x7f15027b, entry index(635) is beyond type entryCount(281)
09-02 16:14:51.394  7038  7038 W ResourceType: For resource 0x7f15050e, entry index(1294) is beyond type entryCount(281)
09-02 16:14:51.394  7038  7038 W ResourceType: For resource 0x7f15061f, entry index(1567) is beyond type entryCount(281)
09-02 16:14:51.394  7038  7038 W ResourceType: For resource 0x7f15061f, entry index(1567) is beyond type entryCount(281)
09-02 16:14:51.394  7038  7038 W ResourceType: For resource 0x7f15058c, entry index(1420) is beyond type entryCount(281)
09-02 16:14:51.394  7038  7038 W ResourceType: For resource 0x7f150590, entry index(1424) is beyond type entryCount(281)
09-02 16:14:51.394  7038  7038 W ResourceType: For resource 0x7f15058e, entry index(1422) is beyond type entryCount(281)
09-02 16:14:51.394  7038  7038 W ResourceType: For resource 0x7f1504c3, entry index(1219) is beyond type entryCount(281)
09-02 16:14:51.394  7038  7038 W ResourceType: For resource 0x7f15059e, entry index(1438) is beyond type entryCount(281)
09-02 16:14:51.394  7038  7038 W ResourceType: For resource 0x7f150282, entry index(642) is beyond type entryCount(281)
09-02 16:14:51.394  7038  7038 W ResourceType: For resource 0x7f1504c3, entry index(1219) is beyond type entryCount(281)
09-02 16:14:51.394  7038  7038 W ResourceType: For resource 0x7f150719, entry index(1817) is beyond type entryCount(281)
09-02 16:14:51.394  7038  7038 W ResourceType: For resource 0x7f150578, entry index(1400) is beyond type entryCount(281)
