09-01 19:41:17.149 16840 16840 I LoadedApk: No resource references to update in package com.google.android.trichromelibrary
09-01 19:41:17.150 16840 16840 D NetworkSecurityConfig: Using Network Security Config from resource 0_resource_name_obfuscated debugBuild: false
09-01 19:41:17.151 16840 16840 D NetworkSecurityConfig: Using Network Security Config from resource 0_resource_name_obfuscated debugBuild: false
09-01 19:41:17.153 16840 16840 I cr_SplitCompatApp: Launched version=107.0.5304.91 minSdkVersion=29 isBundle=true processName=com.android.chrome:sandboxed_process0:org.chromium.content.app.SandboxedProcessService0:2 isIsolated=true
09-01 19:41:17.159 16603 16878 D ProfileInstaller: Installing profile for com.example.batterymanager_utility
09-01 19:41:17.160 16823 16845 I cr_LibraryLoader: Using ModernLinker
09-01 19:41:17.161 16660 16660 I cr_tabmodel: #isIncognitoTabBeingRestored from tabDetails:  false
09-01 19:41:17.161 16660 16660 I cr_tabmodel: #isIncognitoTabBeingRestored from tabDetails:  false
09-01 19:41:17.161 16660 16660 W cr_tabmodel: Failed to restore TabState; creating Tab with last known URL.
09-01 19:41:17.163 16823 16845 W linker  : Warning: "/data/app/~~_KLlx60MH8CoecPTjMKp8g==/com.android.chrome-kw9RHYrlHKb9bPXi8OTClw==/base.apk!/lib/arm64-v8a/libchromium_android_linker.so" unused DT entry: unknown processor-specific (type 0x70000001 arg 0x0) (ignoring)
09-01 19:41:17.169 16711 16711 D Zygote  : Forked child process 16879
09-01 19:41:17.170 16840 16840 W SystemServiceRegistry: No service published for: uimode
09-01 19:41:17.172 16879 16879 E libc    : SetHeapTaggingLevel: re-enabling tagging after it was disabled is not supported
09-01 19:41:17.174 16858 16858 I LoadedApk: No resource references to update in package com.google.android.trichromelibrary
09-01 19:41:17.174 16858 16858 D NetworkSecurityConfig: Using Network Security Config from resource 0_resource_name_obfuscated debugBuild: false
09-01 19:41:17.175 16660 16660 E cr_IntentUtils: getBooleanExtra failed on intent null
09-01 19:41:17.175 16660 16660 E cr_IntentUtils: getBooleanExtra failed on intent null
09-01 19:41:17.175 16823 16875 I cr_LibraryLoader: Successfully loaded native library
09-01 19:41:17.176 16858 16858 D NetworkSecurityConfig: Using Network Security Config from resource 0_resource_name_obfuscated debugBuild: false
09-01 19:41:17.177 16840 16840 I cr_ChildProcessService: Creating new ChildProcessService pid=16840
09-01 19:41:17.177 16823 16875 I cr_CachingUmaRecorder: Flushed 3 samples from 3 histograms.
09-01 19:41:17.178  1513  1625 I ActivityManager: Start proc 16879:com.android.chrome:sandboxed_process0:org.chromium.content.app.SandboxedProcessService0:4/u0ai4 for  {com.android.chrome/org.chromium.content.app.SandboxedProcessService0:4}
09-01 19:41:17.180 16858 16858 I cr_SplitCompatApp: Launched version=107.0.5304.91 minSdkVersion=29 isBundle=true processName=com.android.chrome:sandboxed_process0:org.chromium.content.app.SandboxedProcessService0:3 isIsolated=true
09-01 19:41:17.183 16840 16863 I cr_LibraryLoader: Using ModernLinker
09-01 19:41:17.186 16660 16660 I cr_tabmodel: #isIncognitoTabBeingRestored from tabDetails:  false
09-01 19:41:17.186 16660 16660 I cr_tabmodel: #isIncognitoTabBeingRestored from tabDetails:  false
09-01 19:41:17.186 16660 16660 W cr_tabmodel: Failed to restore TabState; creating Tab with last known URL.
09-01 19:41:17.186 16840 16863 W linker  : Warning: "/data/app/~~_KLlx60MH8CoecPTjMKp8g==/com.android.chrome-kw9RHYrlHKb9bPXi8OTClw==/base.apk!/lib/arm64-v8a/libchromium_android_linker.so" unused DT entry: unknown processor-specific (type 0x70000001 arg 0x0) (ignoring)
09-01 19:41:17.191 16879 16879 E ocessService0:: Not starting debugger since process cannot load the jdwp agent.
09-01 19:41:17.192 16858 16858 W SystemServiceRegistry: No service published for: uimode
09-01 19:41:17.194 16840 16885 I cr_LibraryLoader: Successfully loaded native library
09-01 19:41:17.196 16840 16885 I cr_CachingUmaRecorder: Flushed 3 samples from 3 histograms.
09-01 19:41:17.198 16858 16858 I cr_ChildProcessService: Creating new ChildProcessService pid=16858
09-01 19:41:17.199 16711 16711 D Zygote  : Forked child process 16904
09-01 19:41:17.200 16660 16660 E cr_IntentUtils: getBooleanExtra failed on intent null
09-01 19:41:17.201 16660 16660 E cr_IntentUtils: getBooleanExtra failed on intent null
09-01 19:41:17.204  1513  3240 D CompatibilityChangeReporter: Compat change id reported: 136274596; UID 10220; state: ENABLED
09-01 19:41:17.208  1513  1625 I ActivityManager: Start proc 16904:com.android.chrome:sandboxed_process0:org.chromium.content.app.SandboxedProcessService0:5/u0ai5 for  {com.android.chrome/org.chromium.content.app.SandboxedProcessService0:5}
09-01 19:41:17.208 16904 16904 E libc    : SetHeapTaggingLevel: re-enabling tagging after it was disabled is not supported
09-01 19:41:17.208  1513  1625 D CompatibilityChangeReporter: Compat change id reported: 143937733; UID 10220; state: ENABLED
09-01 19:41:17.212 16660 16660 I cr_tabmodel: #isIncognitoTabBeingRestored from tabDetails:  false
09-01 19:41:17.212 16660 16660 I cr_tabmodel: #isIncognitoTabBeingRestored from tabDetails:  false
09-01 19:41:17.212 16660 16660 W cr_tabmodel: Failed to restore TabState; creating Tab with last known URL.
09-01 19:41:17.214 16858 16877 I cr_LibraryLoader: Using ModernLinker
09-01 19:41:17.216 16858 16877 W linker  : Warning: "/data/app/~~_KLlx60MH8CoecPTjMKp8g==/com.android.chrome-kw9RHYrlHKb9bPXi8OTClw==/base.apk!/lib/arm64-v8a/libchromium_android_linker.so" unused DT entry: unknown processor-specific (type 0x70000001 arg 0x0) (ignoring)
09-01 19:41:17.217 16858 16877 E cr_ChromiumAndroidLinker: ReserveAddressWithHint: Address range starting at 0x7a36540000 was not free to use
09-01 19:41:17.220 16904 16904 E ocessService0:: Not starting debugger since process cannot load the jdwp agent.
09-01 19:41:17.224  1513  3240 D CompatibilityChangeReporter: Compat change id reported: 135634846; UID 10220; state: DISABLED
09-01 19:41:17.224  1513  3240 D CompatibilityChangeReporter: Compat change id reported: 135754954; UID 10220; state: ENABLED
09-01 19:41:17.224 16660 16660 E cr_IntentUtils: getBooleanExtra failed on intent null
09-01 19:41:17.224 16660 16660 E cr_IntentUtils: getBooleanExtra failed on intent null
09-01 19:41:17.225 16858 16903 I cr_LibraryLoader: Successfully loaded native library
09-01 19:41:17.226 16858 16903 I cr_CachingUmaRecorder: Flushed 3 samples from 3 histograms.
09-01 19:41:17.230 16879 16879 I LoadedApk: No resource references to update in package com.google.android.trichromelibrary
09-01 19:41:17.230 16879 16879 D NetworkSecurityConfig: Using Network Security Config from resource 0_resource_name_obfuscated debugBuild: false
09-01 19:41:17.232 16879 16879 D NetworkSecurityConfig: Using Network Security Config from resource 0_resource_name_obfuscated debugBuild: false
09-01 19:41:17.237 16660 16660 I cr_tabmodel: #isIncognitoTabBeingRestored from tabDetails:  false
09-01 19:41:17.237 16660 16660 I cr_tabmodel: #isIncognitoTabBeingRestored from tabDetails:  false
09-01 19:41:17.237 16660 16660 W cr_tabmodel: Failed to restore TabState; creating Tab with last known URL.
09-01 19:41:17.238 16879 16879 I cr_SplitCompatApp: Launched version=107.0.5304.91 minSdkVersion=29 isBundle=true processName=com.android.chrome:sandboxed_process0:org.chromium.content.app.SandboxedProcessService0:4 isIsolated=true
09-01 19:41:17.242 16711 16711 D Zygote  : Forked child process 16930
09-01 19:41:17.244  1513  1625 I ActivityManager: Start proc 16930:com.android.chrome:sandboxed_process0:org.chromium.content.app.SandboxedProcessService0:6/u0ai6 for  {com.android.chrome/org.chromium.content.app.SandboxedProcessService0:6}
09-01 19:41:17.247 16930 16930 E libc    : SetHeapTaggingLevel: re-enabling tagging after it was disabled is not supported
09-01 19:41:17.250 16660 16660 E cr_IntentUtils: getBooleanExtra failed on intent null
09-01 19:41:17.250 16660 16660 E cr_IntentUtils: getBooleanExtra failed on intent null
09-01 19:41:17.253 16879 16879 W SystemServiceRegistry: No service published for: uimode
09-01 19:41:17.261 16660 16660 I cr_tabmodel: #isIncognitoTabBeingRestored from tabDetails:  false
09-01 19:41:17.261 16660 16660 I cr_tabmodel: #isIncognitoTabBeingRestored from tabDetails:  false
09-01 19:41:17.261 16660 16660 W cr_tabmodel: Failed to restore TabState; creating Tab with last known URL.
09-01 19:41:17.265  1513  2262 D CompatibilityChangeReporter: Compat change id reported: 136274596; UID 10220; state: ENABLED
09-01 19:41:17.267 16930 16930 E ocessService0:: Not starting debugger since process cannot load the jdwp agent.
09-01 19:41:17.267 16879 16879 I cr_ChildProcessService: Creating new ChildProcessService pid=16879
09-01 19:41:17.275  1513  2262 D CompatibilityChangeReporter: Compat change id reported: 135634846; UID 10220; state: DISABLED
09-01 19:41:17.275  1513  2262 D CompatibilityChangeReporter: Compat change id reported: 135754954; UID 10220; state: ENABLED
09-01 19:41:17.275 16711 16711 D Zygote  : Forked child process 16957
09-01 19:41:17.275 16660 16660 E cr_IntentUtils: getBooleanExtra failed on intent null
09-01 19:41:17.275 16660 16660 E cr_IntentUtils: getBooleanExtra failed on intent null
09-01 19:41:17.277  1513  1625 W ActivityManager: Slow operation: 54ms so far, now at startProcess: returned from zygote!
09-01 19:41:17.278  1513  1625 W ActivityManager: Slow operation: 54ms so far, now at startProcess: done updating battery stats
09-01 19:41:17.278  1513  1625 W ActivityManager: Slow operation: 54ms so far, now at startProcess: building log message
09-01 19:41:17.278  1513  1625 I ActivityManager: Start proc 16957:com.android.chrome:sandboxed_process0:org.chromium.content.app.SandboxedProcessService0:7/u0ai7 for  {com.android.chrome/org.chromium.content.app.SandboxedProcessService0:7}
09-01 19:41:17.278  1513  1625 W ActivityManager: Slow operation: 55ms so far, now at startProcess: starting to update pids map
09-01 19:41:17.278  1513  1625 W ActivityManager: Slow operation: 55ms so far, now at startProcess: done updating pids map
09-01 19:41:17.279  1513  1625 D CompatibilityChangeReporter: Compat change id reported: 143937733; UID 10220; state: ENABLED
09-01 19:41:17.287 16660 16660 I cr_tabmodel: #isIncognitoTabBeingRestored from tabDetails:  false
09-01 19:41:17.287 16660 16660 I cr_tabmodel: #isIncognitoTabBeingRestored from tabDetails:  false
09-01 19:41:17.287 16660 16660 W cr_tabmodel: Failed to restore TabState; creating Tab with last known URL.
09-01 19:41:17.290 16879 16910 I cr_LibraryLoader: Using ModernLinker
09-01 19:41:17.292 16879 16910 W linker  : Warning: "/data/app/~~_KLlx60MH8CoecPTjMKp8g==/com.android.chrome-kw9RHYrlHKb9bPXi8OTClw==/base.apk!/lib/arm64-v8a/libchromium_android_linker.so" unused DT entry: unknown processor-specific (type 0x70000001 arg 0x0) (ignoring)
09-01 19:41:17.300 16957 16957 E libc    : SetHeapTaggingLevel: re-enabling tagging after it was disabled is not supported
09-01 19:41:17.300 16711 16711 D Zygote  : Forked child process 16966
09-01 19:41:17.300 16904 16904 I LoadedApk: No resource references to update in package com.google.android.trichromelibrary
09-01 19:41:17.301 16904 16904 D NetworkSecurityConfig: Using Network Security Config from resource 0_resource_name_obfuscated debugBuild: false
09-01 19:41:17.302 16904 16904 D NetworkSecurityConfig: Using Network Security Config from resource 0_resource_name_obfuscated debugBuild: false
09-01 19:41:17.303 16904 16904 I cr_SplitCompatApp: Launched version=107.0.5304.91 minSdkVersion=29 isBundle=true processName=com.android.chrome:sandboxed_process0:org.chromium.content.app.SandboxedProcessService0:5 isIsolated=true
09-01 19:41:17.304  1513  1537 D CompatibilityChangeReporter: Compat change id reported: 136274596; UID 10220; state: ENABLED
09-01 19:41:17.305 16660 16660 E cr_IntentUtils: getBooleanExtra failed on intent null
09-01 19:41:17.305 16660 16660 E cr_IntentUtils: getBooleanExtra failed on intent null
09-01 19:41:17.307 16966 16966 E libc    : SetHeapTaggingLevel: re-enabling tagging after it was disabled is not supported
09-01 19:41:17.309 16879 16949 I cr_LibraryLoader: Successfully loaded native library
09-01 19:41:17.309  1513  3240 D CompatibilityChangeReporter: Compat change id reported: 135634846; UID 10220; state: DISABLED
09-01 19:41:17.310  1513  3240 D CompatibilityChangeReporter: Compat change id reported: 135754954; UID 10220; state: ENABLED
09-01 19:41:17.313 16879 16949 I cr_CachingUmaRecorder: Flushed 3 samples from 3 histograms.
09-01 19:41:17.317 16957 16957 E ocessService0:: Not starting debugger since process cannot load the jdwp agent.
09-01 19:41:17.317  1513  1625 W ActivityManager: Slow operation: 69ms so far, now at startProcess: returned from zygote!
09-01 19:41:17.318  1513  1625 W ActivityManager: Slow operation: 69ms so far, now at startProcess: done updating battery stats
09-01 19:41:17.318  1513  1625 W ActivityManager: Slow operation: 69ms so far, now at startProcess: building log message
09-01 19:41:17.318  1513  1625 I ActivityManager: Start proc 16966:com.android.chrome:sandboxed_process0:org.chromium.content.app.SandboxedProcessService0:8/u0ai8 for  {com.android.chrome/org.chromium.content.app.SandboxedProcessService0:8}
09-01 19:41:17.318  1513  1625 W ActivityManager: Slow operation: 69ms so far, now at startProcess: starting to update pids map
09-01 19:41:17.318  1513  1625 W ActivityManager: Slow operation: 70ms so far, now at startProcess: done updating pids map
09-01 19:41:17.318 16966 16966 E ocessService0:: Not starting debugger since process cannot load the jdwp agent.
09-01 19:41:17.318  1513  1625 D CompatibilityChangeReporter: Compat change id reported: 143937733; UID 10220; state: ENABLED
09-01 19:41:17.323 16660 16660 I cr_tabmodel: #isIncognitoTabBeingRestored from tabDetails:  false
09-01 19:41:17.323 16660 16660 I cr_tabmodel: #isIncognitoTabBeingRestored from tabDetails:  false
09-01 19:41:17.323 16660 16660 W cr_tabmodel: Failed to restore TabState; creating Tab with last known URL.
09-01 19:41:17.336 16930 16930 I LoadedApk: No resource references to update in package com.google.android.trichromelibrary
09-01 19:41:17.336 16930 16930 D NetworkSecurityConfig: Using Network Security Config from resource 0_resource_name_obfuscated debugBuild: false
09-01 19:41:17.337 16904 16904 W SystemServiceRegistry: No service published for: uimode
09-01 19:41:17.337 16930 16930 D NetworkSecurityConfig: Using Network Security Config from resource 0_resource_name_obfuscated debugBuild: false
09-01 19:41:17.338 16660 16660 E cr_IntentUtils: getBooleanExtra failed on intent null
09-01 19:41:17.338 16660 16660 E cr_IntentUtils: getBooleanExtra failed on intent null
09-01 19:41:17.339 16930 16930 I cr_SplitCompatApp: Launched version=107.0.5304.91 minSdkVersion=29 isBundle=true processName=com.android.chrome:sandboxed_process0:org.chromium.content.app.SandboxedProcessService0:6 isIsolated=true
09-01 19:41:17.349 16711 16711 D Zygote  : Forked child process 17017
09-01 19:41:17.351  1513  1625 W ActivityManager: Slow operation: 77ms so far, now at startProcess: returned from zygote!
09-01 19:41:17.351  1513  1625 W ActivityManager: Slow operation: 77ms so far, now at startProcess: done updating battery stats
09-01 19:41:17.351  1513  1625 W ActivityManager: Slow operation: 77ms so far, now at startProcess: building log message
09-01 19:41:17.351  1513  1625 I ActivityManager: Start proc 17017:com.android.chrome:sandboxed_process0:org.chromium.content.app.SandboxedProcessService0:9/u0ai9 for  {com.android.chrome/org.chromium.content.app.SandboxedProcessService0:9}
09-01 19:41:17.352  1513  1625 W ActivityManager: Slow operation: 77ms so far, now at startProcess: starting to update pids map
09-01 19:41:17.352  1513  1625 W ActivityManager: Slow operation: 77ms so far, now at startProcess: done updating pids map
09-01 19:41:17.352 17017 17017 E libc    : SetHeapTaggingLevel: re-enabling tagging after it was disabled is not supported
09-01 19:41:17.354 16660 16660 I cr_tabmodel: #isIncognitoTabBeingRestored from tabDetails:  false
09-01 19:41:17.354 16660 16660 I cr_tabmodel: #isIncognitoTabBeingRestored from tabDetails:  false
09-01 19:41:17.354 16660 16660 W cr_tabmodel: Failed to restore TabState; creating Tab with last known URL.
09-01 19:41:17.357  1513  2262 D CompatibilityChangeReporter: Compat change id reported: 136274596; UID 10220; state: ENABLED
09-01 19:41:17.357 16930 16930 W SystemServiceRegistry: No service published for: uimode
09-01 19:41:17.361 16904 16904 I cr_ChildProcessService: Creating new ChildProcessService pid=16904
09-01 19:41:17.364  1513  3240 D CompatibilityChangeReporter: Compat change id reported: 136274596; UID 10220; state: ENABLED
09-01 19:41:17.369 17017 17017 E ocessService0:: Not starting debugger since process cannot load the jdwp agent.
09-01 19:41:17.375 17037 17037 E libc    : SetHeapTaggingLevel: re-enabling tagging after it was disabled is not supported
09-01 19:41:17.376 16711 16711 D Zygote  : Forked child process 17037
09-01 19:41:17.377  1513  1625 W ActivityManager: Slow operation: 68ms so far, now at startProcess: returned from zygote!
09-01 19:41:17.377  1513  1625 W ActivityManager: Slow operation: 68ms so far, now at startProcess: done updating battery stats
09-01 19:41:17.377  1513  1625 W ActivityManager: Slow operation: 68ms so far, now at startProcess: building log message
09-01 19:41:17.377  1513  1625 I ActivityManager: Start proc 17037:com.android.chrome:sandboxed_process0:org.chromium.content.app.SandboxedProcessService0:10/u0ai10 for  {com.android.chrome/org.chromium.content.app.SandboxedProcessService0:10}
09-01 19:41:17.377  1513  1625 W ActivityManager: Slow operation: 68ms so far, now at startProcess: starting to update pids map
09-01 19:41:17.377  1513  1625 W ActivityManager: Slow operation: 68ms so far, now at startProcess: done updating pids map
09-01 19:41:17.377  1513  1625 D CompatibilityChangeReporter: Compat change id reported: 143937733; UID 10220; state: ENABLED
09-01 19:41:17.378 16660 16660 E cr_IntentUtils: getBooleanExtra failed on intent null
09-01 19:41:17.379 16660 16660 E cr_IntentUtils: getBooleanExtra failed on intent null
09-01 19:41:17.380  1513  3246 D CompatibilityChangeReporter: Compat change id reported: 135634846; UID 10220; state: DISABLED
09-01 19:41:17.380  1513  3246 D CompatibilityChangeReporter: Compat change id reported: 135754954; UID 10220; state: ENABLED
09-01 19:41:17.380 16930 16930 I cr_ChildProcessService: Creating new ChildProcessService pid=16930
09-01 19:41:17.385 16904 16948 I cr_LibraryLoader: Using ModernLinker
09-01 19:41:17.386 16904 16948 W linker  : Warning: "/data/app/~~_KLlx60MH8CoecPTjMKp8g==/com.android.chrome-kw9RHYrlHKb9bPXi8OTClw==/base.apk!/lib/arm64-v8a/libchromium_android_linker.so" unused DT entry: unknown processor-specific (type 0x70000001 arg 0x0) (ignoring)
09-01 19:41:17.392 16930 16979 I cr_LibraryLoader: Using ModernLinker
09-01 19:41:17.394 16904 17031 I cr_LibraryLoader: Successfully loaded native library
09-01 19:41:17.395 16930 16979 W linker  : Warning: "/data/app/~~_KLlx60MH8CoecPTjMKp8g==/com.android.chrome-kw9RHYrlHKb9bPXi8OTClw==/base.apk!/lib/arm64-v8a/libchromium_android_linker.so" unused DT entry: unknown processor-specific (type 0x70000001 arg 0x0) (ignoring)
09-01 19:41:17.396 16660 16660 I cr_tabmodel: #isIncognitoTabBeingRestored from tabDetails:  false
09-01 19:41:17.396 16660 16660 I cr_tabmodel: #isIncognitoTabBeingRestored from tabDetails:  false
09-01 19:41:17.396 16660 16660 W cr_tabmodel: Failed to restore TabState; creating Tab with last known URL.
09-01 19:41:17.400 16904 17031 I cr_CachingUmaRecorder: Flushed 3 samples from 3 histograms.
09-01 19:41:17.401 16711 16711 D Zygote  : Forked child process 17054
09-01 19:41:17.402 16966 16966 I LoadedApk: No resource references to update in package com.google.android.trichromelibrary
09-01 19:41:17.402 17054 17054 E libc    : SetHeapTaggingLevel: re-enabling tagging after it was disabled is not supported
09-01 19:41:17.402 16966 16966 D NetworkSecurityConfig: Using Network Security Config from resource 0_resource_name_obfuscated debugBuild: false
09-01 19:41:17.402  1513  3246 D CompatibilityChangeReporter: Compat change id reported: 136274596; UID 10220; state: ENABLED
09-01 19:41:17.403 16966 16966 D NetworkSecurityConfig: Using Network Security Config from resource 0_resource_name_obfuscated debugBuild: false
09-01 19:41:17.404 16966 16966 I cr_SplitCompatApp: Launched version=107.0.5304.91 minSdkVersion=29 isBundle=true processName=com.android.chrome:sandboxed_process0:org.chromium.content.app.SandboxedProcessService0:8 isIsolated=true
09-01 19:41:17.408  1513  1625 W ActivityManager: Slow operation: 69ms so far, now at startProcess: returned from zygote!
09-01 19:41:17.408  1513  1625 W ActivityManager: Slow operation: 69ms so far, now at startProcess: done updating battery stats
09-01 19:41:17.408  1513  1625 W ActivityManager: Slow operation: 70ms so far, now at startProcess: building log message
09-01 19:41:17.408  1513  1625 I ActivityManager: Start proc 17054:com.android.chrome:sandboxed_process0:org.chromium.content.app.SandboxedProcessService0:11/u0ai11 for  {com.android.chrome/org.chromium.content.app.SandboxedProcessService0:11}
09-01 19:41:17.408  1513  1625 W ActivityManager: Slow operation: 70ms so far, now at startProcess: starting to update pids map
09-01 19:41:17.408  1513  1625 W ActivityManager: Slow operation: 70ms so far, now at startProcess: done updating pids map
09-01 19:41:17.408  1513  1625 D CompatibilityChangeReporter: Compat change id reported: 143937733; UID 10220; state: ENABLED
09-01 19:41:17.409 17037 17037 E cessService0:1: Not starting debugger since process cannot load the jdwp agent.
09-01 19:41:17.410  1513  3240 D CompatibilityChangeReporter: Compat change id reported: 135634846; UID 10220; state: DISABLED
09-01 19:41:17.410  1513  3240 D CompatibilityChangeReporter: Compat change id reported: 135754954; UID 10220; state: ENABLED
09-01 19:41:17.412 17054 17054 E cessService0:1: Not starting debugger since process cannot load the jdwp agent.
09-01 19:41:17.413 16660 16660 E cr_IntentUtils: getBooleanExtra failed on intent null
09-01 19:41:17.413 16660 16660 E cr_IntentUtils: getBooleanExtra failed on intent null
09-01 19:41:17.417 16957 16957 I LoadedApk: No resource references to update in package com.google.android.trichromelibrary
09-01 19:41:17.418 16957 16957 D NetworkSecurityConfig: Using Network Security Config from resource 0_resource_name_obfuscated debugBuild: false
09-01 19:41:17.422 16660 16660 I cr_tabmodel: #isIncognitoTabBeingRestored from tabDetails:  false
09-01 19:41:17.422 16660 16660 I cr_tabmodel: #isIncognitoTabBeingRestored from tabDetails:  false
09-01 19:41:17.422 16660 16660 W cr_tabmodel: Failed to restore TabState; creating Tab with last known URL.
09-01 19:41:17.424  1513  2262 D CompatibilityChangeReporter: Compat change id reported: 136274596; UID 10220; state: ENABLED
09-01 19:41:17.426 16711 16711 D Zygote  : Forked child process 17084
09-01 19:41:17.430 16930 17044 I cr_LibraryLoader: Successfully loaded native library
09-01 19:41:17.432  1513  3240 D CompatibilityChangeReporter: Compat change id reported: 136274596; UID 10220; state: ENABLED
09-01 19:41:17.432 16930 17044 I cr_CachingUmaRecorder: Flushed 3 samples from 3 histograms.
09-01 19:41:17.433 17017 17017 I LoadedApk: No resource references to update in package com.google.android.trichromelibrary
09-01 19:41:17.433 17017 17017 D NetworkSecurityConfig: Using Network Security Config from resource 0_resource_name_obfuscated debugBuild: false
09-01 19:41:17.434 17017 17017 D NetworkSecurityConfig: Using Network Security Config from resource 0_resource_name_obfuscated debugBuild: false
09-01 19:41:17.435  1513  3246 D CompatibilityChangeReporter: Compat change id reported: 135634846; UID 10220; state: DISABLED
09-01 19:41:17.435  1513  3246 D CompatibilityChangeReporter: Compat change id reported: 135754954; UID 10220; state: ENABLED
09-01 19:41:17.436  1513  1625 W ActivityManager: Slow operation: 56ms so far, now at startProcess: returned from zygote!
09-01 19:41:17.436 17017 17017 I cr_SplitCompatApp: Launched version=107.0.5304.91 minSdkVersion=29 isBundle=true processName=com.android.chrome:sandboxed_process0:org.chromium.content.app.SandboxedProcessService0:9 isIsolated=true
09-01 19:41:17.436  1513  1625 W ActivityManager: Slow operation: 57ms so far, now at startProcess: done updating battery stats
09-01 19:41:17.436  1513  1625 W ActivityManager: Slow operation: 57ms so far, now at startProcess: building log message
09-01 19:41:17.436  1513  1625 I ActivityManager: Start proc 17084:com.android.chrome:sandboxed_process0:org.chromium.content.app.SandboxedProcessService0:12/u0ai12 for  {com.android.chrome/org.chromium.content.app.SandboxedProcessService0:12}
09-01 19:41:17.436  1513  1625 W ActivityManager: Slow operation: 57ms so far, now at startProcess: starting to update pids map
09-01 19:41:17.436  1513  1625 W ActivityManager: Slow operation: 57ms so far, now at startProcess: done updating pids map
09-01 19:41:17.436  1513  1625 D CompatibilityChangeReporter: Compat change id reported: 143937733; UID 10220; state: ENABLED
09-01 19:41:17.438 16660 16660 E cr_IntentUtils: getBooleanExtra failed on intent null
09-01 19:41:17.438 16660 16660 E cr_IntentUtils: getBooleanExtra failed on intent null
09-01 19:41:17.439 16957 16957 D NetworkSecurityConfig: Using Network Security Config from resource 0_resource_name_obfuscated debugBuild: false
09-01 19:41:17.440 16957 16957 I cr_SplitCompatApp: Launched version=107.0.5304.91 minSdkVersion=29 isBundle=true processName=com.android.chrome:sandboxed_process0:org.chromium.content.app.SandboxedProcessService0:7 isIsolated=true
09-01 19:41:17.448 16660 16660 I cr_tabmodel: #isIncognitoTabBeingRestored from tabDetails:  false
09-01 19:41:17.448 16660 16660 I cr_tabmodel: #isIncognitoTabBeingRestored from tabDetails:  false
09-01 19:41:17.448 16660 16660 W cr_tabmodel: Failed to restore TabState; creating Tab with last known URL.
09-01 19:41:17.449 17084 17084 E libc    : SetHeapTaggingLevel: re-enabling tagging after it was disabled is not supported
09-01 19:41:17.462 16660 16660 E cr_IntentUtils: getBooleanExtra failed on intent null
09-01 19:41:17.462 16660 16660 E cr_IntentUtils: getBooleanExtra failed on intent null
09-01 19:41:17.462 17084 17084 E cessService0:1: Not starting debugger since process cannot load the jdwp agent.
09-01 19:41:17.463 17017 17017 W SystemServiceRegistry: No service published for: uimode
09-01 19:41:17.467 16660 16660 I cr_tabmodel: #isIncognitoTabBeingRestored from tabDetails:  false
09-01 19:41:17.467 16660 16660 I cr_tabmodel: #isIncognitoTabBeingRestored from tabDetails:  false
09-01 19:41:17.467 16660 16660 W cr_tabmodel: Failed to restore TabState; creating Tab with last known URL.
09-01 19:41:17.470 16711 16711 D Zygote  : Forked child process 17113
09-01 19:41:17.474 17113 17113 E libc    : SetHeapTaggingLevel: re-enabling tagging after it was disabled is not supported
09-01 19:41:17.474 16966 16966 W SystemServiceRegistry: No service published for: uimode
09-01 19:41:17.481 16660 16660 E cr_IntentUtils: getBooleanExtra failed on intent null
09-01 19:41:17.481 16660 16660 E cr_IntentUtils: getBooleanExtra failed on intent null
09-01 19:41:17.482  1513  1625 W ActivityManager: Slow operation: 72ms so far, now at startProcess: returned from zygote!
09-01 19:41:17.483  1513  2262 D CompatibilityChangeReporter: Compat change id reported: 136274596; UID 10220; state: ENABLED
09-01 19:41:17.485  1513  3246 D CompatibilityChangeReporter: Compat change id reported: 135634846; UID 10220; state: DISABLED
09-01 19:41:17.485 17113 17113 E cessService0:1: Not starting debugger since process cannot load the jdwp agent.
09-01 19:41:17.487 16660 16660 I cr_tabmodel: #isIncognitoTabBeingRestored from tabDetails:  false
09-01 19:41:17.488 16660 16660 I cr_tabmodel: #isIncognitoTabBeingRestored from tabDetails:  false
09-01 19:41:17.488 16660 16660 W cr_tabmodel: Failed to restore TabState; creating Tab with last known URL.
09-01 19:41:17.492  1513  3246 D CompatibilityChangeReporter: Compat change id reported: 135754954; UID 10220; state: ENABLED
09-01 19:41:17.492  1513  1625 W ActivityManager: Slow operation: 82ms so far, now at startProcess: done updating battery stats
09-01 19:41:17.492  1513  1625 W ActivityManager: Slow operation: 82ms so far, now at startProcess: building log message
09-01 19:41:17.492  1513  1625 I ActivityManager: Start proc 17113:com.android.chrome:sandboxed_process0:org.chromium.content.app.SandboxedProcessService0:13/u0ai13 for  {com.android.chrome/org.chromium.content.app.SandboxedProcessService0:13}
09-01 19:41:17.492  1513  1625 W ActivityManager: Slow operation: 82ms so far, now at startProcess: starting to update pids map
09-01 19:41:17.492  1513  1625 W ActivityManager: Slow operation: 82ms so far, now at startProcess: done updating pids map
09-01 19:41:17.492  1513  1625 W ActivityManager: Slow operation: 58ms so far, now at startProcess: asking zygote to start proc
09-01 19:41:17.493  1513  1625 D CompatibilityChangeReporter: Compat change id reported: 143937733; UID 10220; state: ENABLED
09-01 19:41:17.497 16957 16957 W SystemServiceRegistry: No service published for: uimode
09-01 19:41:17.499 16660 16660 E cr_IntentUtils: getBooleanExtra failed on intent null
09-01 19:41:17.499 16660 16660 E cr_IntentUtils: getBooleanExtra failed on intent null
09-01 19:41:17.504 17017 17017 I cr_ChildProcessService: Creating new ChildProcessService pid=17017
09-01 19:41:17.505 16660 16660 I cr_tabmodel: #isIncognitoTabBeingRestored from tabDetails:  false
09-01 19:41:17.505 16660 16660 I cr_tabmodel: #isIncognitoTabBeingRestored from tabDetails:  false
09-01 19:41:17.505 16660 16660 W cr_tabmodel: Failed to restore TabState; creating Tab with last known URL.
09-01 19:41:17.510 16966 16966 I cr_ChildProcessService: Creating new ChildProcessService pid=16966
09-01 19:41:17.511  1513  1537 D CompatibilityChangeReporter: Compat change id reported: 136274596; UID 10220; state: ENABLED
09-01 19:41:17.511 17054 17054 I LoadedApk: No resource references to update in package com.google.android.trichromelibrary
09-01 19:41:17.512 17054 17054 D NetworkSecurityConfig: Using Network Security Config from resource 0_resource_name_obfuscated debugBuild: false
09-01 19:41:17.513 17054 17054 D NetworkSecurityConfig: Using Network Security Config from resource 0_resource_name_obfuscated debugBuild: false
09-01 19:41:17.516  1513  4617 D CompatibilityChangeReporter: Compat change id reported: 135634846; UID 10220; state: DISABLED
09-01 19:41:17.516  1513  4617 D CompatibilityChangeReporter: Compat change id reported: 135754954; UID 10220; state: ENABLED
09-01 19:41:17.521 17084 17084 I LoadedApk: No resource references to update in package com.google.android.trichromelibrary
09-01 19:41:17.521 16660 16660 E cr_IntentUtils: getBooleanExtra failed on intent null
09-01 19:41:17.521 16660 16660 E cr_IntentUtils: getBooleanExtra failed on intent null
09-01 19:41:17.524 17017 17051 I cr_LibraryLoader: Using ModernLinker
09-01 19:41:17.525 17017 17051 W linker  : Warning: "/data/app/~~_KLlx60MH8CoecPTjMKp8g==/com.android.chrome-kw9RHYrlHKb9bPXi8OTClw==/base.apk!/lib/arm64-v8a/libchromium_android_linker.so" unused DT entry: unknown processor-specific (type 0x70000001 arg 0x0) (ignoring)
09-01 19:41:17.526 17084 17084 D NetworkSecurityConfig: Using Network Security Config from resource 0_resource_name_obfuscated debugBuild: false
09-01 19:41:17.527 16957 16957 I cr_ChildProcessService: Creating new ChildProcessService pid=16957
09-01 19:41:17.527 17084 17084 D NetworkSecurityConfig: Using Network Security Config from resource 0_resource_name_obfuscated debugBuild: false
09-01 19:41:17.527 17037 17037 I LoadedApk: No resource references to update in package com.google.android.trichromelibrary
09-01 19:41:17.527 16966 17032 I cr_LibraryLoader: Using ModernLinker
09-01 19:41:17.528 17037 17037 D NetworkSecurityConfig: Using Network Security Config from resource 0_resource_name_obfuscated debugBuild: false
09-01 19:41:17.528 16966 17032 W linker  : Warning: "/data/app/~~_KLlx60MH8CoecPTjMKp8g==/com.android.chrome-kw9RHYrlHKb9bPXi8OTClw==/base.apk!/lib/arm64-v8a/libchromium_android_linker.so" unused DT entry: unknown processor-specific (type 0x70000001 arg 0x0) (ignoring)
09-01 19:41:17.528 17084 17084 I cr_SplitCompatApp: Launched version=107.0.5304.91 minSdkVersion=29 isBundle=true processName=com.android.chrome:sandboxed_process0:org.chromium.content.app.SandboxedProcessService0:12 isIsolated=true
09-01 19:41:17.531 17017 17131 I cr_LibraryLoader: Successfully loaded native library
09-01 19:41:17.534 17017 17131 I cr_CachingUmaRecorder: Flushed 3 samples from 3 histograms.
09-01 19:41:17.536 16966 17133 I cr_LibraryLoader: Successfully loaded native library
09-01 19:41:17.537 16966 17133 I cr_CachingUmaRecorder: Flushed 3 samples from 3 histograms.
09-01 19:41:17.539 16660 16660 I cr_tabmodel: #isIncognitoTabBeingRestored from tabDetails:  false
09-01 19:41:17.539 16660 16660 I cr_tabmodel: #isIncognitoTabBeingRestored from tabDetails:  false
09-01 19:41:17.539 16660 16660 W cr_tabmodel: Failed to restore TabState; creating Tab with last known URL.
09-01 19:41:17.540 16711 16711 D Zygote  : Forked child process 17138
09-01 19:41:17.540 17037 17037 D NetworkSecurityConfig: Using Network Security Config from resource 0_resource_name_obfuscated debugBuild: false
09-01 19:41:17.541 17054 17054 I cr_SplitCompatApp: Launched version=107.0.5304.91 minSdkVersion=29 isBundle=true processName=com.android.chrome:sandboxed_process0:org.chromium.content.app.SandboxedProcessService0:11 isIsolated=true
09-01 19:41:17.543 17037 17037 I cr_SplitCompatApp: Launched version=107.0.5304.91 minSdkVersion=29 isBundle=true processName=com.android.chrome:sandboxed_process0:org.chromium.content.app.SandboxedProcessService0:10 isIsolated=true
09-01 19:41:17.544 17084 17084 W SystemServiceRegistry: No service published for: uimode
09-01 19:41:17.545 17138 17138 E libc    : SetHeapTaggingLevel: re-enabling tagging after it was disabled is not supported
09-01 19:41:17.546 16957 16993 I cr_LibraryLoader: Using ModernLinker
09-01 19:41:17.547  1513  1625 W ActivityManager: Slow operation: 113ms so far, now at startProcess: returned from zygote!
09-01 19:41:17.547  1513  1625 W ActivityManager: Slow operation: 113ms so far, now at startProcess: done updating battery stats
09-01 19:41:17.547  1513  1625 W ActivityManager: Slow operation: 113ms so far, now at startProcess: building log message
09-01 19:41:17.547  1513  1625 I ActivityManager: Start proc 17138:com.android.chrome:sandboxed_process0:org.chromium.content.app.SandboxedProcessService0:14/u0ai14 for  {com.android.chrome/org.chromium.content.app.SandboxedProcessService0:14}
09-01 19:41:17.548  1513  1625 W ActivityManager: Slow operation: 113ms so far, now at startProcess: starting to update pids map
09-01 19:41:17.548  1513  1625 W ActivityManager: Slow operation: 114ms so far, now at startProcess: done updating pids map
09-01 19:41:17.548  1513  1625 W ActivityManager: Slow operation: 89ms so far, now at startProcess: asking zygote to start proc
09-01 19:41:17.548  1513  1625 D CompatibilityChangeReporter: Compat change id reported: 143937733; UID 10220; state: ENABLED
09-01 19:41:17.550 16957 16993 W linker  : Warning: "/data/app/~~_KLlx60MH8CoecPTjMKp8g==/com.android.chrome-kw9RHYrlHKb9bPXi8OTClw==/base.apk!/lib/arm64-v8a/libchromium_android_linker.so" unused DT entry: unknown processor-specific (type 0x70000001 arg 0x0) (ignoring)
09-01 19:41:17.550 17084 17084 I cr_ChildProcessService: Creating new ChildProcessService pid=17084
09-01 19:41:17.552 17113 17113 I LoadedApk: No resource references to update in package com.google.android.trichromelibrary
09-01 19:41:17.553 17113 17113 D NetworkSecurityConfig: Using Network Security Config from resource 0_resource_name_obfuscated debugBuild: false
09-01 19:41:17.554 17113 17113 D NetworkSecurityConfig: Using Network Security Config from resource 0_resource_name_obfuscated debugBuild: false
09-01 19:41:17.556 17113 17113 I cr_SplitCompatApp: Launched version=107.0.5304.91 minSdkVersion=29 isBundle=true processName=com.android.chrome:sandboxed_process0:org.chromium.content.app.SandboxedProcessService0:13 isIsolated=true
09-01 19:41:17.556 16660 16660 E cr_IntentUtils: getBooleanExtra failed on intent null
09-01 19:41:17.556 16660 16660 E cr_IntentUtils: getBooleanExtra failed on intent null
09-01 19:41:17.557 17037 17037 W SystemServiceRegistry: No service published for: uimode
09-01 19:41:17.565 16957 17137 I cr_LibraryLoader: Successfully loaded native library
09-01 19:41:17.565 16957 17137 I cr_CachingUmaRecorder: Flushed 3 samples from 3 histograms.
09-01 19:41:17.566 16660 16660 I cr_tabmodel: #isIncognitoTabBeingRestored from tabDetails:  false
09-01 19:41:17.566 16660 16660 I cr_tabmodel: #isIncognitoTabBeingRestored from tabDetails:  false
09-01 19:41:17.566 16660 16660 W cr_tabmodel: Failed to restore TabState; creating Tab with last known URL.
09-01 19:41:17.571 17138 17138 E cessService0:1: Not starting debugger since process cannot load the jdwp agent.
09-01 19:41:17.573 17054 17054 W SystemServiceRegistry: No service published for: uimode
09-01 19:41:17.578 17084 17115 I cr_LibraryLoader: Using ModernLinker
09-01 19:41:17.579 17113 17113 W SystemServiceRegistry: No service published for: uimode
09-01 19:41:17.580 17084 17115 W linker  : Warning: "/data/app/~~_KLlx60MH8CoecPTjMKp8g==/com.android.chrome-kw9RHYrlHKb9bPXi8OTClw==/base.apk!/lib/arm64-v8a/libchromium_android_linker.so" unused DT entry: unknown processor-specific (type 0x70000001 arg 0x0) (ignoring)
09-01 19:41:17.581 17037 17037 I cr_ChildProcessService: Creating new ChildProcessService pid=17037
09-01 19:41:17.582 16711 16711 D Zygote  : Forked child process 17173
09-01 19:41:17.584 17113 17113 I cr_ChildProcessService: Creating new ChildProcessService pid=17113
09-01 19:41:17.585 17054 17054 I cr_ChildProcessService: Creating new ChildProcessService pid=17054
09-01 19:41:17.585 16660 16660 E cr_IntentUtils: getBooleanExtra failed on intent null
09-01 19:41:17.585 16660 16660 E cr_IntentUtils: getBooleanExtra failed on intent null
09-01 19:41:17.590 17173 17173 E libc    : SetHeapTaggingLevel: re-enabling tagging after it was disabled is not supported
09-01 19:41:17.594 17037 17083 I cr_LibraryLoader: Using ModernLinker
09-01 19:41:17.594 16660 16660 I cr_tabmodel: #isIncognitoTabBeingRestored from tabDetails:  false
09-01 19:41:17.594 16660 16660 I cr_tabmodel: #isIncognitoTabBeingRestored from tabDetails:  false
09-01 19:41:17.595 16660 16660 W cr_tabmodel: Failed to restore TabState; creating Tab with last known URL.
09-01 19:41:17.596 17037 17083 W linker  : Warning: "/data/app/~~_KLlx60MH8CoecPTjMKp8g==/com.android.chrome-kw9RHYrlHKb9bPXi8OTClw==/base.apk!/lib/arm64-v8a/libchromium_android_linker.so" unused DT entry: unknown processor-specific (type 0x70000001 arg 0x0) (ignoring)
09-01 19:41:17.598 17173 17173 E cessService0:1: Not starting debugger since process cannot load the jdwp agent.
09-01 19:41:17.601  1513  1625 W ActivityManager: Slow operation: 142ms so far, now at startProcess: returned from zygote!
09-01 19:41:17.601  1513  1625 W ActivityManager: Slow operation: 142ms so far, now at startProcess: done updating battery stats
09-01 19:41:17.601  1513  1625 W ActivityManager: Slow operation: 142ms so far, now at startProcess: building log message
09-01 19:41:17.601  1513  1625 I ActivityManager: Start proc 17173:com.android.chrome:sandboxed_process0:org.chromium.content.app.SandboxedProcessService0:15/u0ai15 for  {com.android.chrome/org.chromium.content.app.SandboxedProcessService0:15}
09-01 19:41:17.601  1513  1625 W ActivityManager: Slow operation: 142ms so far, now at startProcess: starting to update pids map
09-01 19:41:17.602  1513  1625 W ActivityManager: Slow operation: 142ms so far, now at startProcess: done updating pids map
09-01 19:41:17.602  1513  1625 W ActivityManager: Slow operation: 117ms so far, now at startProcess: asking zygote to start proc
09-01 19:41:17.604 17037 17172 I cr_LibraryLoader: Successfully loaded native library
09-01 19:41:17.605 17084 17155 I cr_LibraryLoader: Successfully loaded native library
09-01 19:41:17.606 17037 17172 I cr_CachingUmaRecorder: Flushed 3 samples from 3 histograms.
09-01 19:41:17.606 17084 17155 I cr_CachingUmaRecorder: Flushed 3 samples from 3 histograms.
09-01 19:41:17.606 17054 17087 I cr_LibraryLoader: Using ModernLinker
09-01 19:41:17.609  1513  1537 D CompatibilityChangeReporter: Compat change id reported: 136274596; UID 10220; state: ENABLED
09-01 19:41:17.610 17054 17087 W linker  : Warning: "/data/app/~~_KLlx60MH8CoecPTjMKp8g==/com.android.chrome-kw9RHYrlHKb9bPXi8OTClw==/base.apk!/lib/arm64-v8a/libchromium_android_linker.so" unused DT entry: unknown processor-specific (type 0x70000001 arg 0x0) (ignoring)
09-01 19:41:17.612  1513  2262 D CompatibilityChangeReporter: Compat change id reported: 135634846; UID 10220; state: DISABLED
09-01 19:41:17.613  1513  2262 D CompatibilityChangeReporter: Compat change id reported: 135754954; UID 10220; state: ENABLED
09-01 19:41:17.613 16660 16660 E cr_IntentUtils: getBooleanExtra failed on intent null
09-01 19:41:17.613 16660 16660 E cr_IntentUtils: getBooleanExtra failed on intent null
09-01 19:41:17.618 17054 17177 I cr_LibraryLoader: Successfully loaded native library
09-01 19:41:17.619 16660 16660 I cr_tabmodel: #isIncognitoTabBeingRestored from tabDetails:  false
09-01 19:41:17.619 16660 16660 I cr_tabmodel: #isIncognitoTabBeingRestored from tabDetails:  false
09-01 19:41:17.619 16660 16660 W cr_tabmodel: Failed to restore TabState; creating Tab with last known URL.
09-01 19:41:17.622 17054 17177 I cr_CachingUmaRecorder: Flushed 3 samples from 3 histograms.
09-01 19:41:17.628 17113 17130 I cr_LibraryLoader: Using ModernLinker
09-01 19:41:17.629 17113 17130 W linker  : Warning: "/data/app/~~_KLlx60MH8CoecPTjMKp8g==/com.android.chrome-kw9RHYrlHKb9bPXi8OTClw==/base.apk!/lib/arm64-v8a/libchromium_android_linker.so" unused DT entry: unknown processor-specific (type 0x70000001 arg 0x0) (ignoring)
09-01 19:41:17.640 17113 17178 I cr_LibraryLoader: Successfully loaded native library
09-01 19:41:17.640 16660 16660 E cr_IntentUtils: getBooleanExtra failed on intent null
09-01 19:41:17.640 16660 16660 E cr_IntentUtils: getBooleanExtra failed on intent null
09-01 19:41:17.640 17113 17178 I cr_CachingUmaRecorder: Flushed 3 samples from 3 histograms.
09-01 19:41:17.642 16711 16711 D Zygote  : Forked child process 17213
09-01 19:41:17.645  1513  1625 W ActivityManager: Slow operation: 160ms so far, now at startProcess: returned from zygote!
09-01 19:41:17.645 17213 17213 E libc    : SetHeapTaggingLevel: re-enabling tagging after it was disabled is not supported
09-01 19:41:17.645 17138 17138 I LoadedApk: No resource references to update in package com.google.android.trichromelibrary
09-01 19:41:17.646 17138 17138 D NetworkSecurityConfig: Using Network Security Config from resource 0_resource_name_obfuscated debugBuild: false
09-01 19:41:17.646  1513  1625 W ActivityManager: Slow operation: 162ms so far, now at startProcess: done updating battery stats
09-01 19:41:17.646  1513  1625 W ActivityManager: Slow operation: 162ms so far, now at startProcess: building log message
09-01 19:41:17.646  1513  1625 I ActivityManager: Start proc 17213:com.android.chrome:sandboxed_process0:org.chromium.content.app.SandboxedProcessService0:16/u0ai16 for  {com.android.chrome/org.chromium.content.app.SandboxedProcessService0:16}
09-01 19:41:17.646  1513  1625 W ActivityManager: Slow operation: 162ms so far, now at startProcess: starting to update pids map
09-01 19:41:17.646  1513  1625 W ActivityManager: Slow operation: 162ms so far, now at startProcess: done updating pids map
09-01 19:41:17.646  1513  1625 W ActivityManager: Slow operation: 149ms so far, now at startProcess: asking zygote to start proc
09-01 19:41:17.647  1513  1625 D CompatibilityChangeReporter: Compat change id reported: 143937733; UID 10220; state: ENABLED
09-01 19:41:17.647 17138 17138 D NetworkSecurityConfig: Using Network Security Config from resource 0_resource_name_obfuscated debugBuild: false
09-01 19:41:17.649 17138 17138 I cr_SplitCompatApp: Launched version=107.0.5304.91 minSdkVersion=29 isBundle=true processName=com.android.chrome:sandboxed_process0:org.chromium.content.app.SandboxedProcessService0:14 isIsolated=true
09-01 19:41:17.654 16660 16660 I cr_tabmodel: #isIncognitoTabBeingRestored from tabDetails:  false
09-01 19:41:17.654 16660 16660 I cr_tabmodel: #isIncognitoTabBeingRestored from tabDetails:  false
09-01 19:41:17.654 16660 16660 W cr_tabmodel: Failed to restore TabState; creating Tab with last known URL.
09-01 19:41:17.661  1513  1537 D CompatibilityChangeReporter: Compat change id reported: 136274596; UID 10220; state: ENABLED
09-01 19:41:17.669 17138 17138 W SystemServiceRegistry: No service published for: uimode
09-01 19:41:17.671  1513  1537 D CompatibilityChangeReporter: Compat change id reported: 135634846; UID 10220; state: DISABLED
09-01 19:41:17.672  1513  1537 D CompatibilityChangeReporter: Compat change id reported: 135754954; UID 10220; state: ENABLED
09-01 19:41:17.673 17213 17213 E cessService0:1: Not starting debugger since process cannot load the jdwp agent.
09-01 19:41:17.674 16660 16660 E cr_IntentUtils: getBooleanExtra failed on intent null
09-01 19:41:17.674 16660 16660 E cr_IntentUtils: getBooleanExtra failed on intent null
09-01 19:41:17.685 16660 16660 I cr_tabmodel: #isIncognitoTabBeingRestored from tabDetails:  false
09-01 19:41:17.685 16660 16660 I cr_tabmodel: #isIncognitoTabBeingRestored from tabDetails:  false
09-01 19:41:17.685 16660 16660 W cr_tabmodel: Failed to restore TabState; creating Tab with last known URL.
09-01 19:41:17.692 17138 17138 I cr_ChildProcessService: Creating new ChildProcessService pid=17138
09-01 19:41:17.701 16660 16660 E cr_IntentUtils: getBooleanExtra failed on intent null
09-01 19:41:17.701 16660 16660 E cr_IntentUtils: getBooleanExtra failed on intent null
09-01 19:41:17.704  1513  1537 D CompatibilityChangeReporter: Compat change id reported: 136274596; UID 10220; state: ENABLED
09-01 19:41:17.713 16660 16660 I cr_tabmodel: Loaded tab lists; counts: 46,0
09-01 19:41:17.713 16711 16711 D Zygote  : Forked child process 17256
09-01 19:41:17.724  1513  1625 W ActivityManager: Slow operation: 227ms so far, now at startProcess: returned from zygote!
09-01 19:41:17.725  1513  1625 W ActivityManager: Slow operation: 227ms so far, now at startProcess: done updating battery stats
09-01 19:41:17.725  1513  1625 W ActivityManager: Slow operation: 227ms so far, now at startProcess: building log message
09-01 19:41:17.725  1513  1625 I ActivityManager: Start proc 17256:com.android.chrome:sandboxed_process0:org.chromium.content.app.SandboxedProcessService0:17/u0ai17 for  {com.android.chrome/org.chromium.content.app.SandboxedProcessService0:17}
09-01 19:41:17.725 17256 17256 E libc    : SetHeapTaggingLevel: re-enabling tagging after it was disabled is not supported
09-01 19:41:17.725  1513  1625 W ActivityManager: Slow operation: 227ms so far, now at startProcess: starting to update pids map
09-01 19:41:17.725  1513  1625 W ActivityManager: Slow operation: 228ms so far, now at startProcess: done updating pids map
09-01 19:41:17.725  1513  1625 W ActivityManager: Slow operation: 210ms so far, now at startProcess: asking zygote to start proc
09-01 19:41:17.725  1513  1625 D CompatibilityChangeReporter: Compat change id reported: 143937733; UID 10220; state: ENABLED
09-01 19:41:17.725 17173 17173 I LoadedApk: No resource references to update in package com.google.android.trichromelibrary
09-01 19:41:17.726 17173 17173 D NetworkSecurityConfig: Using Network Security Config from resource 0_resource_name_obfuscated debugBuild: false
09-01 19:41:17.727 17173 17173 D NetworkSecurityConfig: Using Network Security Config from resource 0_resource_name_obfuscated debugBuild: false
09-01 19:41:17.729 17173 17173 I cr_SplitCompatApp: Launched version=107.0.5304.91 minSdkVersion=29 isBundle=true processName=com.android.chrome:sandboxed_process0:org.chromium.content.app.SandboxedProcessService0:15 isIsolated=true
09-01 19:41:17.737 17138 17197 I cr_LibraryLoader: Using ModernLinker
09-01 19:41:17.740 17138 17197 W linker  : Warning: "/data/app/~~_KLlx60MH8CoecPTjMKp8g==/com.android.chrome-kw9RHYrlHKb9bPXi8OTClw==/base.apk!/lib/arm64-v8a/libchromium_android_linker.so" unused DT entry: unknown processor-specific (type 0x70000001 arg 0x0) (ignoring)
09-01 19:41:17.747 17138 17250 I cr_LibraryLoader: Successfully loaded native library
09-01 19:41:17.748 17138 17250 I cr_CachingUmaRecorder: Flushed 3 samples from 3 histograms.
09-01 19:41:17.762 17256 17256 E cessService0:1: Not starting debugger since process cannot load the jdwp agent.
09-01 19:41:17.764 17213 17213 I LoadedApk: No resource references to update in package com.google.android.trichromelibrary
09-01 19:41:17.764 17213 17213 D NetworkSecurityConfig: Using Network Security Config from resource 0_resource_name_obfuscated debugBuild: false
09-01 19:41:17.768 17213 17213 D NetworkSecurityConfig: Using Network Security Config from resource 0_resource_name_obfuscated debugBuild: false
09-01 19:41:17.769 17173 17173 W SystemServiceRegistry: No service published for: uimode
