--------- beginning of system
09-02 03:14:48.425  1513  2905 I ActivityManager: Force stopping com.android.chrome appid=10220 user=0: from pid 815
--------- beginning of main
09-02 03:14:48.431  2474  2474 E PhoneInterfaceManager: [PhoneIntfMgr] getCarrierPackageNamesForIntentAndPhone: No UICC
09-02 03:14:48.431  2474  2474 D CarrierSvcBindHelper: No carrier app for: 0
09-02 03:14:48.440  3135  3135 D RegisteredNfcFServicesCache: Service unchanged, not updating
09-02 03:14:48.443  8777  8777 I EuiccGoogle: [2] EuiccServiceImpl.onCreate: onCreate Single-SIM mode: simCardState is 1
09-02 03:14:48.449  8777   825 I EuiccGoogle: [7838] EuiccServiceImpl.onGetEuiccProfileInfoList: onGetEuiccProfileInfoList: slotId = -1
09-02 03:14:48.452  8777   825 W EuiccGoogle: [7838] EuiccServiceImpl.onGetEuiccProfileInfoList: slotId=-1. No eUICC is active. Return null.
09-02 03:14:48.604  1513  2000 D ConnectivityService: NetReassign [no changes]
09-02 03:14:48.682  1513  1572 D EventSequenceValidator: inc AccIntentStartedEvents to 2
09-02 03:14:48.683  1513  2905 I ActivityTaskManager: START u0 {act=android.intent.action.VIEW flg=0x10008000 cmp=com.android.chrome/com.google.android.apps.chrome.Main} from uid 2000
09-02 03:14:48.694   901  2806 I sensors-hal: [ssc_utils]get_qmi_debug_flag:244, support_qmi_debug : false
09-02 03:14:48.707  1513  1572 D CompatibilityChangeReporter: Compat change id reported: 135634846; UID 10220; state: DISABLED
09-02 03:14:48.707  1513  1572 D CompatibilityChangeReporter: Compat change id reported: 135754954; UID 10220; state: ENABLED
09-02 03:14:48.707  1513  1625 D CompatibilityChangeReporter: Compat change id reported: 143937733; UID 10220; state: ENABLED
09-02 03:14:48.719   778   778 D Zygote  : Forked child process 832
09-02 03:14:48.721  1513  1625 I ActivityManager: Start proc 832:com.android.chrome/u0a220 for pre-top-activity {com.android.chrome/com.google.android.apps.chrome.Main}
09-02 03:14:48.724   832   832 E .android.chrom: Not starting debugger since process cannot load the jdwp agent.
09-02 03:14:48.728   901  1000 W ASH     : @ 62475.178: Unhandled msg ID 999: line 1277
09-02 03:14:48.728   901  1000 E ASH     : @ 62475.178: No pb callback assigned
09-02 03:14:48.728   901  1000 E ASH     : @ 62475.178: Nanopb error: callback failed:1588
09-02 03:14:48.729  3088  3653 I AssistantForeground: (REDACTED) Get launcher package: %s
09-02 03:14:48.743   832   832 W .android.chrom: JIT profile information will not be recorded: profile file does not exist.
09-02 03:14:48.748   832   832 I LoadedApk: No resource references to update in package com.google.android.trichromelibrary
09-02 03:14:48.748   832   832 D NetworkSecurityConfig: Using Network Security Config from resource 0_resource_name_obfuscated debugBuild: false
09-02 03:14:48.749   832   832 D NetworkSecurityConfig: Using Network Security Config from resource 0_resource_name_obfuscated debugBuild: false
09-02 03:14:48.749   832   832 I cr_SplitCompatApp: Launched version=107.0.5304.91 minSdkVersion=29 isBundle=true processName=com.android.chrome isIsolated=false
09-02 03:14:48.761  2158  2158 I WallpaperService: engine resumed
09-02 03:14:48.763   901   901 I sensors-hal: [hal]batch_physical_sensor:301, android.sensor.gyroscope/41, period=20000000, max_latency=0
09-02 03:14:48.763   901   901 I sensors-hal: [hal]batch_physical_sensor:310, android.sensor.gyroscope/41, period=20000000, max_latency=0 request completed
09-02 03:14:48.763   901   901 I sensors-hal: [hal]activate_physical_sensor:238, android.sensor.gyroscope/41 en=1
09-02 03:14:48.763   901   901 I sensors-hal: [ssc_utils]get_qmi_debug_flag:244, support_qmi_debug : false
09-02 03:14:48.767   901   901 W sensors@2.0-ser: type=1400 audit(0.0:7370): avc: denied { read write } for name="diag" dev="tmpfs" ino=12474 scontext=u:r:hal_sensors_default:s0 tcontext=u:object_r:diag_device:s0 tclass=chr_file permissive=0
09-02 03:14:48.767   901   901 W sensors@2.0-ser: type=1400 audit(0.0:7371): avc: denied { read write } for name="diag" dev="tmpfs" ino=12474 scontext=u:r:hal_sensors_default:s0 tcontext=u:object_r:diag_device:s0 tclass=chr_file permissive=0
09-02 03:14:48.769   901   901 D Diag_Lib:  Diag_LSM_Init: Failed to open handle to diag driver, error = 13
09-02 03:14:48.769   901   901 D Diag_Lib:  Diag_LSM_Init: Failed to open handle to diag driver, error = 13
09-02 03:14:48.769   901   901 I sensors-hal: [ssc_sensor]update_handle:537, handle=331, type=33, wakeup=0, hwid=0, base=331
09-02 03:14:48.769   901   901 I sensors-hal: [ssc_utils]get_qmi_debug_flag:244, support_qmi_debug : false
09-02 03:14:48.774   901   901 I sensors-hal: [ssc_utils]get_qmi_debug_flag:244, support_qmi_debug : false
09-02 03:14:48.775   901  1000 W SEE     : @ 62475.225: adding req to Q sensor=8 req=0xb202d3f8 msg=513
09-02 03:14:48.778   901   862 I sensors-hal: [ssc_sensor]ssc_conn_resp_cb:663, resp_value = 0
09-02 03:14:48.778   901   862 I sensors-hal: [sensor]submit_sensors_hal_event:146, android.sensor.additional_info: trying to push empty Events, count = 0
09-02 03:14:48.778   901   862 I sensors-hal: [sensor]submit_sensors_hal_event:146, android.sensor.additional_info: trying to push empty Events, count = 0
09-02 03:14:48.779   901   901 I sensors-hal: [hal]activate_physical_sensor:249, android.sensor.gyroscope/41 en=1 completed
09-02 03:14:48.781   901   865 I sensors-hal: [ssc_sensor]ssc_conn_resp_cb:663, resp_value = 0
09-02 03:14:48.781   901  1000 W SEE     : @ 62475.231: adding req to Q sensor=2 req=0xb2030cd8 msg=513
09-02 03:14:48.783   901   865 I sensors-hal: [sensor]submit_sensors_hal_event:146, android.sensor.gyroscope: trying to push empty Events, count = 1
09-02 03:14:48.783   901   865 I chatty  : uid=1000(system) sensors@2.0-ser identical 1 line
09-02 03:14:48.783   901   865 I sensors-hal: [sensor]submit_sensors_hal_event:146, android.sensor.gyroscope: trying to push empty Events, count = 1
09-02 03:14:48.785   832   870 I cr_LibraryLoader: Using ModernLinker
09-02 03:14:48.785   832   870 I cr_LibraryLoader: Loading monochrome_64 from within /data/app/~~_KLlx60MH8CoecPTjMKp8g==/com.android.chrome-kw9RHYrlHKb9bPXi8OTClw==/base.apk
09-02 03:14:48.787   832   870 W linker  : Warning: "/data/app/~~_KLlx60MH8CoecPTjMKp8g==/com.android.chrome-kw9RHYrlHKb9bPXi8OTClw==/base.apk!/lib/arm64-v8a/libchromium_android_linker.so" unused DT entry: unknown processor-specific (type 0x70000001 arg 0x0) (ignoring)
09-02 03:14:48.787   832   870 I cr_ModernLinker: loadLibraryImplLocked: monochrome_64, relroMode=1
09-02 03:14:48.788   832   870 W linker  : Warning: "/data/app/~~pvdNlmkqoAdokjnHYmWQbA==/com.google.android.trichromelibrary_530409134-AZWnkLs2PHY5miTP6ZiTzA==/base.apk!/lib/arm64-v8a/libmonochrome_64.so" unused DT entry: unknown processor-specific (type 0x70000001 arg 0x0) (ignoring)
09-02 03:14:48.792  2816  3139 I FontLog : Received query Google Sans:700, URI content://com.google.android.gms.fonts [CONTEXT service_id=132 ]
09-02 03:14:48.792  2816  3139 I FontLog : Query [Google Sans:700] resolved to {Google Sans, wdth 100.0, wght 700, ital 0.0, bestEffort false} [CONTEXT service_id=132 ]
09-02 03:14:48.795  2816  3139 I FontLog : Fetch {Google Sans, wdth 100.0, wght 700, ital 0.0, bestEffort false} end status Status{statusCode=SUCCESS, resolution=null} [CONTEXT service_id=132 ]
09-02 03:14:48.797   901   865 I sensors-hal: [sensor]submit_sensors_hal_event:146, android.sensor.gyroscope: trying to push empty Events, count = 1
09-02 03:14:48.799  2816  3139 I FontLog : Pulling font file for id = 2280, cache size = 6 [CONTEXT service_id=132 ]
09-02 03:14:48.809   832   870 I cr_LibraryLoader: Successfully loaded native library
09-02 03:14:48.810   832   870 I cr_CachingUmaRecorder: Flushed 30 samples from 28 histograms.
09-02 03:14:48.821   832   876 W DynamiteModule: Local module descriptor class for com.google.android.gms.googlecertificates not found.
09-02 03:14:48.833   832   876 I DynamiteModule: Considering local module com.google.android.gms.googlecertificates:0 and remote module com.google.android.gms.googlecertificates:7
09-02 03:14:48.833   832   876 I DynamiteModule: Selected remote version of com.google.android.gms.googlecertificates, version >= 7
09-02 03:14:48.835  2062  2084 W System  : A resource failed to call release. 
09-02 03:14:48.835  2062  2084 I chatty  : uid=10233(com.android.systemui) FinalizerDaemon identical 1 line
09-02 03:14:48.835  2062  2084 W System  : A resource failed to call release. 
09-02 03:14:48.837   832   876 W System  : ClassLoader referenced unknown path: 
09-02 03:14:48.837  2062  2084 W System  : A resource failed to call release. 
09-02 03:14:48.837  2062  2084 I chatty  : uid=10233(com.android.systemui) FinalizerDaemon identical 1 line
09-02 03:14:48.838  2062  2084 W System  : A resource failed to call release. 
09-02 03:14:48.857   832   832 I cr_CompositorSurfaceMgr: Transitioning to surface with format: -1
09-02 03:14:48.871  1513  3230 D CompatibilityChangeReporter: Compat change id reported: 136274596; UID 10220; state: ENABLED
09-02 03:14:48.887   832   856 I cr_tabmodel: Starting to fetch tab list for tab_state0
09-02 03:14:48.887   832   854 I cr_tabmodel: Starting to fetch tab list for tab_state1
09-02 03:14:48.887   832   854 I cr_tabmodel: State file does not exist.
09-02 03:14:48.888   832   856 I cr_tabmodel: Finished fetching tab list.
09-02 03:14:48.912   592  1642 W DisplayIdentification: Invalid EDID: falling back to serial number due to missing display name.
09-02 03:14:48.912   592  1642 W DisplayIdentification: Invalid EDID: falling back to ASCII text due to missing serial number.
09-02 03:14:48.922  1513  3230 D CompatibilityChangeReporter: Compat change id reported: 135634846; UID 10220; state: DISABLED
09-02 03:14:48.922  1513  3230 D CompatibilityChangeReporter: Compat change id reported: 135754954; UID 10220; state: ENABLED
09-02 03:14:48.922  1513  1625 D CompatibilityChangeReporter: Compat change id reported: 143937733; UID 10220; state: ENABLED
09-02 03:14:48.931   832   962 I AdrenoGLES-0: QUALCOMM build                   : 35605c3, Ia11ce2d146
09-02 03:14:48.931   832   962 I AdrenoGLES-0: Build Date                       : 09/02/20
09-02 03:14:48.931   832   962 I AdrenoGLES-0: OpenGL ES Shader Compiler Version: EV031.31.04.00
09-02 03:14:48.931   832   962 I AdrenoGLES-0: Local Branch                     : gfx-adreno.lnx.2.0
09-02 03:14:48.931   832   962 I AdrenoGLES-0: Remote Branch                    : 
09-02 03:14:48.931   832   962 I AdrenoGLES-0: Remote Branch                    : 
09-02 03:14:48.931   832   962 I AdrenoGLES-0: Reconstruct Branch               : 
09-02 03:14:48.931   832   962 I AdrenoGLES-0: Build Config                     : S P 10.0.4 AArch64
09-02 03:14:48.931   832   962 I AdrenoGLES-0: Driver Path                      : /vendor/lib64/egl/libGLESv2_adreno.so
09-02 03:14:48.934   832   962 I AdrenoGLES-0: PFP: 0x016dd090, ME: 0x00000000
09-02 03:14:48.935   778   778 D Zygote  : Forked child process 966
09-02 03:14:48.936   832   832 I cr_StartSurfaceConfig: Recorded Startup.Android.FirstDrawCompletedTime.NoInstant = 103 ms
09-02 03:14:48.938  1513  1625 W ZygoteProcess: Got error connecting to zygote, retrying. msg= Connection refused
09-02 03:14:48.938  2816 26608 E bfyz    : Phenotype API error. Event # deor@32679e9, EventCode: 7 [CONTEXT service_id=51 ]
09-02 03:14:48.938  2816 26608 E bfyz    : bfyb: 29505: No config packages for log source, or config package not registered
09-02 03:14:48.938  2816 26608 E bfyz    : 	at bfzu.b(:com.google.android.gms@224312037@22.43.12 (150400-483592595):4)
09-02 03:14:48.938  2816 26608 E bfyz    : 	at bfzr.g(:com.google.android.gms@224312037@22.43.12 (150400-483592595):0)
09-02 03:14:48.938  2816 26608 E bfyz    : 	at bfyz.e(:com.google.android.gms@224312037@22.43.12 (150400-483592595):4)
09-02 03:14:48.938  2816 26608 E bfyz    : 	at bfyz.f(:com.google.android.gms@224312037@22.43.12 (150400-483592595):2)
09-02 03:14:48.938  2816 26608 E bfyz    : 	at aqyg.eq(:com.google.android.gms@224312037@22.43.12 (150400-483592595):1)
09-02 03:14:48.938  2816 26608 E bfyz    : 	at aqym.run(:com.google.android.gms@224312037@22.43.12 (150400-483592595):12)
09-02 03:14:48.938  2816 26608 E bfyz    : 	at ckdj.run(:com.google.android.gms@224312037@22.43.12 (150400-483592595):2)
09-02 03:14:48.938  2816 26608 E bfyz    : 	at zqv.c(:com.google.android.gms@224312037@22.43.12 (150400-483592595):6)
09-02 03:14:48.938  2816 26608 E bfyz    : 	at zqv.run(:com.google.android.gms@224312037@22.43.12 (150400-483592595):7)
09-02 03:14:48.938  2816 26608 E bfyz    : 	at java.util.concurrent.ThreadPoolExecutor.runWorker(ThreadPoolExecutor.java:1167)
09-02 03:14:48.938  2816 26608 E bfyz    : 	at java.util.concurrent.ThreadPoolExecutor$Worker.run(ThreadPoolExecutor.java:641)
09-02 03:14:48.938  2816 26608 E bfyz    : 	at zwa.run(:com.google.android.gms@224312037@22.43.12 (150400-483592595):0)
09-02 03:14:48.938  2816 26608 E bfyz    : 	at java.lang.Thread.run(Thread.java:923)
09-02 03:14:48.939  2816 26608 W AsyncOperation: operation=GetExperimentTokensOperationCall, opStatusCode=29505 [CONTEXT service_id=51 ]
09-02 03:14:48.939  2816 26608 W AsyncOperation: OperationException[Status{statusCode=No config packages for log source, or config package not registered, resolution=null}]
09-02 03:14:48.939  2816 26608 W AsyncOperation: 	at bfyz.e(:com.google.android.gms@224312037@22.43.12 (150400-483592595):6)
09-02 03:14:48.939  2816 26608 W AsyncOperation: 	at bfyz.f(:com.google.android.gms@224312037@22.43.12 (150400-483592595):2)
09-02 03:14:48.939  2816 26608 W AsyncOperation: 	at aqyg.eq(:com.google.android.gms@224312037@22.43.12 (150400-483592595):1)
09-02 03:14:48.939  2816 26608 W AsyncOperation: 	at aqym.run(:com.google.android.gms@224312037@22.43.12 (150400-483592595):12)
09-02 03:14:48.939  2816 26608 W AsyncOperation: 	at ckdj.run(:com.google.android.gms@224312037@22.43.12 (150400-483592595):2)
09-02 03:14:48.939  2816 26608 W AsyncOperation: 	at zqv.c(:com.google.android.gms@224312037@22.43.12 (150400-483592595):6)
09-02 03:14:48.939  2816 26608 W AsyncOperation: 	at zqv.run(:com.google.android.gms@224312037@22.43.12 (150400-483592595):7)
09-02 03:14:48.939  2816 26608 W AsyncOperation: 	at java.util.concurrent.ThreadPoolExecutor.runWorker(ThreadPoolExecutor.java:1167)
09-02 03:14:48.939  2816 26608 W AsyncOperation: 	at java.util.concurrent.ThreadPoolExecutor$Worker.run(ThreadPoolExecutor.java:641)
09-02 03:14:48.939  2816 26608 W AsyncOperation: 	at zwa.run(:com.google.android.gms@224312037@22.43.12 (150400-483592595):0)
09-02 03:14:48.939  2816 26608 W AsyncOperation: 	at java.lang.Thread.run(Thread.java:923)
09-02 03:14:48.939   832   962 W AdrenoUtils: <ReadGpuID_from_sysfs:197>: Failed to open /sys/class/kgsl/kgsl-3d0/gpu_model
09-02 03:14:48.939   832   962 W AdrenoUtils: <ReadGpuID:221>: Failed to read chip ID from gpu_model. Fallback to use the GSL path
09-02 03:14:48.944   966   966 I libc    : SetHeapTaggingLevel: tag level set to 0
09-02 03:14:48.946   594 28441 I SDM     : HWDeviceDRM::UpdateMixerAttributes: Mixer WxH 1080x2340-1 for Peripheral
09-02 03:14:48.946   594 28441 I SDM     : DisplayBase::SetActiveConfig: Active configuration changed to: 0
09-02 03:14:48.946   594 28441 I SDM     : StrategyImpl::SetIdleTimeoutMs: Idle timeout set to zero for command mode panels
09-02 03:14:48.955  1513  1572 D EventSequenceValidator: dec AccIntentStartedEvents to 1
09-02 03:14:48.958  1513  1622 D ArtManagerInternalImpl: /data/misc/iorapd/com.android.chrome/530409134/com.google.android.apps.chrome.Main/compiled_traces/compiled_trace.pb doesn't exist
09-02 03:14:48.959   901  2806 I sensors-hal: [ssc_utils]get_qmi_debug_flag:244, support_qmi_debug : false
09-02 03:14:48.961  1513  1572 I DisplayManagerService: Display device changed: DisplayDeviceInfo{"Built-in Screen": uniqueId="local:19260504575090817", 1080 x 2340, modeId 2, defaultModeId 2, supportedModes [{id=1, width=1080, height=2340, fps=90.0}, {id=2, width=1080, height=2340, fps=60.000004}], colorMode 0, supportedColorModes [0, 7, 9], HdrCapabilities HdrCapabilities{mSupportedHdrTypes=[2, 3, 4], mMaxLuminance=500.0, mMaxAverageLuminance=500.0, mMinLuminance=0.0}, allmSupported false, gameContentTypeSupported false, density 440, 435.428 x 433.839 dpi, appVsyncOff 2333332, presDeadline 11500000, cutout DisplayCutout{insets=Rect(0, 136 - 0, 0) waterfall=Insets{left=0, top=0, right=0, bottom=0} boundingRect={Bounds=[Rect(0, 0 - 0, 0), Rect(0, 0 - 136, 136), Rect(0, 0 - 0, 0), Rect(0, 0 - 0, 0)]}}, touch INTERNAL, rotation 0, type INTERNAL, address {port=129, model=0x446d53ad64a0}, deviceProductInfo DeviceProductInfo{name=, manufacturerPnpId=QCM, productId=1, modelYear=null, manufactureDate=ManufactureDate{week=27, year=2006}, relativeAddress=null}, state ON, FLAG_DEFAULT_DISPLAY, FLAG_ROTATES_WITH_CONTENT, FLAG_SECURE, FLAG_SUPPORTS_PROTECTED_BUFFERS}
09-02 03:14:48.965  1513  1622 I ActivityTaskManager: Displayed com.android.chrome/com.google.android.apps.chrome.Main: +273ms
09-02 03:14:48.966   594 28441 I SDM     : StrategyImpl::SetIdleTimeoutMs: Idle timeout set to zero for command mode panels
09-02 03:14:48.967  1513  1572 I DisplayManagerService: Display device changed: DisplayDeviceInfo{"Built-in Screen": uniqueId="local:19260504575090817", 1080 x 2340, modeId 1, defaultModeId 2, supportedModes [{id=1, width=1080, height=2340, fps=90.0}, {id=2, width=1080, height=2340, fps=60.000004}], colorMode 0, supportedColorModes [0, 7, 9], HdrCapabilities HdrCapabilities{mSupportedHdrTypes=[2, 3, 4], mMaxLuminance=500.0, mMaxAverageLuminance=500.0, mMinLuminance=0.0}, allmSupported false, gameContentTypeSupported false, density 440, 435.428 x 433.839 dpi, appVsyncOff 2333333, presDeadline 11500000, cutout DisplayCutout{insets=Rect(0, 136 - 0, 0) waterfall=Insets{left=0, top=0, right=0, bottom=0} boundingRect={Bounds=[Rect(0, 0 - 0, 0), Rect(0, 0 - 136, 136), Rect(0, 0 - 0, 0), Rect(0, 0 - 0, 0)]}}, touch INTERNAL, rotation 0, type INTERNAL, address {port=129, model=0x446d53ad64a0}, deviceProductInfo DeviceProductInfo{name=, manufacturerPnpId=QCM, productId=1, modelYear=null, manufactureDate=ManufactureDate{week=27, year=2006}, relativeAddress=null}, state ON, FLAG_DEFAULT_DISPLAY, FLAG_ROTATES_WITH_CONTENT, FLAG_SECURE, FLAG_SUPPORTS_PROTECTED_BUFFERS}
09-02 03:14:48.969   594 28441 I SDM     : HWDeviceDRM::UpdateMixerAttributes: Mixer WxH 1080x2340-1 for Peripheral
09-02 03:14:48.969   594 28441 I SDM     : DisplayBase::SetActiveConfig: Active configuration changed to: 1
09-02 03:14:48.969   594 28441 I SDM     : StrategyImpl::SetIdleTimeoutMs: Idle timeout set to zero for command mode panels
09-02 03:14:48.970   901  1000 W ASH     : @ 62475.420: Unhandled msg ID 999: line 1277
09-02 03:14:48.970   901  1000 E ASH     : @ 62475.420: No pb callback assigned
09-02 03:14:48.970   901  1000 E ASH     : @ 62475.420: Nanopb error: callback failed:1588
09-02 03:14:48.981   832   832 I TetheringManager: registerTetheringEventCallback:com.android.chrome
09-02 03:14:48.989  1513  1625 I AppZygote: Starting application preload.
09-02 03:14:48.992   966   966 I AppZygoteInit: Beginning application preload for com.android.chrome
09-02 03:14:48.995   832   882 W cr_PartnerCustomize: Partner homepage must be HTTP(S) or NewTabPage. Got invalid URL ""
09-02 03:14:48.998   901  2806 I sensors-hal: [ssc_utils]get_qmi_debug_flag:244, support_qmi_debug : false
09-02 03:14:49.006   966   966 I cr_ZygotePreload: Loaded Zygote. version=107.0.5304.91 minSdkVersion=29 isBundle=true
09-02 03:14:49.008   901  1000 W ASH     : @ 62475.458: Unhandled msg ID 999: line 1277
09-02 03:14:49.008   901  1000 E ASH     : @ 62475.458: No pb callback assigned
09-02 03:14:49.008   901  1000 E ASH     : @ 62475.458: Nanopb error: callback failed:1588
09-02 03:14:49.011   966   966 W linker  : Warning: "/data/app/~~pvdNlmkqoAdokjnHYmWQbA==/com.google.android.trichromelibrary_530409134-AZWnkLs2PHY5miTP6ZiTzA==/base.apk!/lib/arm64-v8a/libmonochrome_64.so" unused DT entry: unknown processor-specific (type 0x70000001 arg 0x0) (ignoring)
09-02 03:14:49.035   832   832 I cr_SmsProviderGms: construction successfull IU2@7469c8f, FU2@25e6b1c
09-02 03:14:49.037  1513  1625 I AppZygote: Application preload done.
09-02 03:14:49.037   966   966 I AppZygoteInit: Application preload done
09-02 03:14:49.041  9499  9499 D BoundBrokerSvc: onBind: Intent { act=com.google.android.gms.auth.key.retrieval.service.START dat=chimera-action: cmp=com.google.android.gms/.chimera.GmsApiService }
09-02 03:14:49.041  9499  9499 D BoundBrokerSvc: Loading bound service for intent: Intent { act=com.google.android.gms.auth.key.retrieval.service.START dat=chimera-action: cmp=com.google.android.gms/.chimera.GmsApiService }
09-02 03:14:49.041   832  1025 W InstanceID: Instance ID SDK is deprecated, com.android.chrome should update to use Firebase Instance ID
09-02 03:14:49.050  1513  2180 D ConnectivityService: requestNetwork for uid/pid:10220/832 NetworkRequest [ TRACK_DEFAULT id=2873, [ Capabilities: INTERNET&NOT_RESTRICTED&TRUSTED Uid: 10220 AdministratorUids: [] RequestorUid: 10220 RequestorPackageName: com.android.chrome] ]
09-02 03:14:49.050  1513  2000 D ConnectivityService: NetReassign [2873 : null → 100]
09-02 03:14:49.050  1513  1996 D WifiNetworkFactory: got request NetworkRequest [ TRACK_DEFAULT id=2873, [ Capabilities: INTERNET&NOT_RESTRICTED&TRUSTED Uid: 10220 AdministratorUids: [] RequestorUid: 10220 RequestorPackageName: com.android.chrome] ] with score 60 and providerId 5
09-02 03:14:49.050  1513  2038 D Ethernet: got request NetworkRequest [ TRACK_DEFAULT id=2873, [ Capabilities: INTERNET&NOT_RESTRICTED&TRUSTED Uid: 10220 AdministratorUids: [] RequestorUid: 10220 RequestorPackageName: com.android.chrome] ] with score 60 and providerId 5
09-02 03:14:49.051  2474  2474 D PhoneSwitcherNetworkRequstListener: got request NetworkRequest [ TRACK_DEFAULT id=2873, [ Capabilities: INTERNET&NOT_RESTRICTED&TRUSTED Uid: 10220 AdministratorUids: [] RequestorUid: 10220 RequestorPackageName: com.android.chrome] ] with score 60 and providerId 5
09-02 03:14:49.051  1513  1996 D UntrustedWifiNetworkFactory: got request NetworkRequest [ TRACK_DEFAULT id=2873, [ Capabilities: INTERNET&NOT_RESTRICTED&TRUSTED Uid: 10220 AdministratorUids: [] RequestorUid: 10220 RequestorPackageName: com.android.chrome] ] with score 60 and providerId 5
09-02 03:14:49.051  1513  2037 D WIFI_AWARE_FACTORY: got request NetworkRequest [ TRACK_DEFAULT id=2873, [ Capabilities: INTERNET&NOT_RESTRICTED&TRUSTED Uid: 10220 AdministratorUids: [] RequestorUid: 10220 RequestorPackageName: com.android.chrome] ] with score 60 and providerId 5
09-02 03:14:49.052  1513  2000 D ConnectivityService: NetReassign [no changes]
09-02 03:14:49.059   966   990 W d.chrome_zygot: Reducing the number of considered missed Gc histogram windows from 6247 to 100
09-02 03:14:49.073   966   966 D Zygote  : Forked child process 1044
09-02 03:14:49.075  1513  1625 W ActivityManager: Slow operation: 154ms so far, now at startProcess: returned from zygote!
09-02 03:14:49.075  1513  1625 W ActivityManager: Slow operation: 154ms so far, now at startProcess: done updating battery stats
09-02 03:14:49.075  1513  1625 W ActivityManager: Slow operation: 154ms so far, now at startProcess: building log message
09-02 03:14:49.075  1513  1625 I ActivityManager: Start proc 1044:com.android.chrome:sandboxed_process0:org.chromium.content.app.SandboxedProcessService0:0/u0ai0 for  {com.android.chrome/org.chromium.content.app.SandboxedProcessService0:0}
09-02 03:14:49.075  1513  1625 W ActivityManager: Slow operation: 154ms so far, now at startProcess: starting to update pids map
09-02 03:14:49.076  1513  1625 W ActivityManager: Slow operation: 154ms so far, now at startProcess: done updating pids map
09-02 03:14:49.076  1513  1625 W ActivityManager: Slow operation: 59ms so far, now at startProcess: asking zygote to start proc
09-02 03:14:49.076  1044  1044 E libc    : SetHeapTaggingLevel: re-enabling tagging after it was disabled is not supported
09-02 03:14:49.084  1513  2180 D ConnectivityService: requestNetwork for uid/pid:10220/832 NetworkRequest [ TRACK_DEFAULT id=2875, [ Capabilities: INTERNET&NOT_RESTRICTED&TRUSTED Uid: 10220 AdministratorUids: [] RequestorUid: 10220 RequestorPackageName: com.android.chrome] ]
09-02 03:14:49.085  1513  2000 D ConnectivityService: NetReassign [2875 : null → 100]
09-02 03:14:49.085  1513  3241 D CompatibilityChangeReporter: Compat change id reported: 149924527; UID 10220; state: ENABLED
09-02 03:14:49.085  1513  2038 D Ethernet: got request NetworkRequest [ TRACK_DEFAULT id=2875, [ Capabilities: INTERNET&NOT_RESTRICTED&TRUSTED Uid: 10220 AdministratorUids: [] RequestorUid: 10220 RequestorPackageName: com.android.chrome] ] with score 60 and providerId 5
09-02 03:14:49.085  1513  1996 D WifiNetworkFactory: got request NetworkRequest [ TRACK_DEFAULT id=2875, [ Capabilities: INTERNET&NOT_RESTRICTED&TRUSTED Uid: 10220 AdministratorUids: [] RequestorUid: 10220 RequestorPackageName: com.android.chrome] ] with score 60 and providerId 5
09-02 03:14:49.085  2474  2474 D PhoneSwitcherNetworkRequstListener: got request NetworkRequest [ TRACK_DEFAULT id=2875, [ Capabilities: INTERNET&NOT_RESTRICTED&TRUSTED Uid: 10220 AdministratorUids: [] RequestorUid: 10220 RequestorPackageName: com.android.chrome] ] with score 60 and providerId 5
09-02 03:14:49.085  1513  1996 D UntrustedWifiNetworkFactory: got request NetworkRequest [ TRACK_DEFAULT id=2875, [ Capabilities: INTERNET&NOT_RESTRICTED&TRUSTED Uid: 10220 AdministratorUids: [] RequestorUid: 10220 RequestorPackageName: com.android.chrome] ] with score 60 and providerId 5
09-02 03:14:49.085  1513  2037 D WIFI_AWARE_FACTORY: got request NetworkRequest [ TRACK_DEFAULT id=2875, [ Capabilities: INTERNET&NOT_RESTRICTED&TRUSTED Uid: 10220 AdministratorUids: [] RequestorUid: 10220 RequestorPackageName: com.android.chrome] ] with score 60 and providerId 5
09-02 03:14:49.086  1513  3221 D CompatibilityChangeReporter: Compat change id reported: 132649864; UID 10220; state: DISABLED
09-02 03:14:49.087  1513  2000 D ConnectivityService: NetReassign [no changes]
09-02 03:14:49.090   778   778 D Zygote  : Forked child process 1063
09-02 03:14:49.092  1044  1044 E ocessService0:: Not starting debugger since process cannot load the jdwp agent.
09-02 03:14:49.092  1513  1625 W ActivityManager: Slow operation: 76ms so far, now at startProcess: returned from zygote!
09-02 03:14:49.092  1513  1625 W ActivityManager: Slow operation: 76ms so far, now at startProcess: done updating battery stats
09-02 03:14:49.092  1513  1625 W ActivityManager: Slow operation: 76ms so far, now at startProcess: building log message
09-02 03:14:49.092  1513  1625 I ActivityManager: Start proc 1063:com.android.chrome:privileged_process0/u0a220 for service {com.android.chrome/org.chromium.content.app.PrivilegedProcessService0}
09-02 03:14:49.092  1513  1625 W ActivityManager: Slow operation: 76ms so far, now at startProcess: starting to update pids map
09-02 03:14:49.093  1513  1625 W ActivityManager: Slow operation: 76ms so far, now at startProcess: done updating pids map
09-02 03:14:49.094   832   832 W cr_KnoxSettingsProvider: Permission to read device policy denied.
09-02 03:14:49.105  1513  3230 D CompatibilityChangeReporter: Compat change id reported: 136274596; UID 10220; state: ENABLED
09-02 03:14:49.105   832   832 I cr_CompositorSurfaceMgr: Transitioning to surface with format: -1
09-02 03:14:49.107   832   832 I cr_CompositorSurfaceMgr: surfaceCreated format: 0
09-02 03:14:49.110  1063  1063 E ileged_process: Not starting debugger since process cannot load the jdwp agent.
09-02 03:14:49.115   832   832 I cr_ChromeTabbedActivity: #initializeState
09-02 03:14:49.115   832   832 I cr_CipherFactory: #restoreFromBundle, no savedInstanceState.
09-02 03:14:49.115   832   832 I cr_tabmodel: #loadState, ignoreIncognitoFiles? true
09-02 03:14:49.115   832   832 I cr_tabmodel: Tab metadata, skipIncognitoCount? false incognitoCount: 0 totalCount: 141
09-02 03:14:49.117   832   832 I cr_tabmodel: #isIncognitoTabBeingRestored from tabDetails:  false
09-02 03:14:49.117   832   832 W cr_tabmodel: Failed to restore TabState; creating Tab with last known URL.
09-02 03:14:49.120  1513  3221 D CompatibilityChangeReporter: Compat change id reported: 136274596; UID 10220; state: ENABLED
09-02 03:14:49.132  1044  1044 I LoadedApk: No resource references to update in package com.google.android.trichromelibrary
09-02 03:14:49.132  1044  1044 D NetworkSecurityConfig: Using Network Security Config from resource 0_resource_name_obfuscated debugBuild: false
09-02 03:14:49.134  1044  1044 D NetworkSecurityConfig: Using Network Security Config from resource 0_resource_name_obfuscated debugBuild: false
09-02 03:14:49.134  1063  1063 W ileged_process: JIT profile information will not be recorded: profile file does not exist.
09-02 03:14:49.135  1044  1044 I cr_SplitCompatApp: Launched version=107.0.5304.91 minSdkVersion=29 isBundle=true processName=com.android.chrome:sandboxed_process0:org.chromium.content.app.SandboxedProcessService0:0 isIsolated=true
09-02 03:14:49.141  9499  9499 D BoundBrokerSvc: onBind: Intent { act=com.google.android.gms.languageprofile.service.START pkg=com.google.android.gms }
09-02 03:14:49.141  9499  9499 D BoundBrokerSvc: Loading bound service for intent: Intent { act=com.google.android.gms.languageprofile.service.START pkg=com.google.android.gms }
09-02 03:14:49.141  1063  1063 I LoadedApk: No resource references to update in package com.google.android.trichromelibrary
09-02 03:14:49.142  1063  1063 D NetworkSecurityConfig: Using Network Security Config from resource 0_resource_name_obfuscated debugBuild: false
09-02 03:14:49.142  1063  1063 D NetworkSecurityConfig: Using Network Security Config from resource 0_resource_name_obfuscated debugBuild: false
09-02 03:14:49.144  1063  1063 I cr_SplitCompatApp: Launched version=107.0.5304.91 minSdkVersion=29 isBundle=true processName=com.android.chrome:privileged_process0 isIsolated=false
09-02 03:14:49.147  1044  1044 W SystemServiceRegistry: No service published for: uimode
09-02 03:14:49.152  1063  1063 I cr_ChildProcessService: Creating new ChildProcessService pid=1063
09-02 03:14:49.152  1044  1044 I cr_ChildProcessService: Creating new ChildProcessService pid=1044
09-02 03:14:49.159   832   832 E cr_IntentUtils: getBooleanExtra failed on intent null
09-02 03:14:49.159   832   832 E cr_IntentUtils: getBooleanExtra failed on intent null
09-02 03:14:49.163  9499  9499 D BoundBrokerSvc: onBind: Intent { act=com.google.android.gms.safetynet.service.START pkg=com.google.android.gms }
09-02 03:14:49.163  9499  9499 D BoundBrokerSvc: Loading bound service for intent: Intent { act=com.google.android.gms.safetynet.service.START pkg=com.google.android.gms }
09-02 03:14:49.165  1063  1134 I cr_LibraryLoader: Using ModernLinker
09-02 03:14:49.166  1044  1115 I cr_LibraryLoader: Using ModernLinker
09-02 03:14:49.167  1063  1136 W linker  : Warning: "/data/app/~~_KLlx60MH8CoecPTjMKp8g==/com.android.chrome-kw9RHYrlHKb9bPXi8OTClw==/base.apk!/lib/arm64-v8a/libchromium_android_linker.so" unused DT entry: unknown processor-specific (type 0x70000001 arg 0x0) (ignoring)
09-02 03:14:49.167  1063  1136 I cr_LibraryLoader: Loading monochrome_64 from within /data/app/~~_KLlx60MH8CoecPTjMKp8g==/com.android.chrome-kw9RHYrlHKb9bPXi8OTClw==/base.apk
09-02 03:14:49.167  1063  1136 I cr_ModernLinker: loadLibraryImplLocked: monochrome_64, relroMode=2
09-02 03:14:49.168  1063  1136 W linker  : Warning: "/data/app/~~pvdNlmkqoAdokjnHYmWQbA==/com.google.android.trichromelibrary_530409134-AZWnkLs2PHY5miTP6ZiTzA==/base.apk!/lib/arm64-v8a/libmonochrome_64.so" unused DT entry: unknown processor-specific (type 0x70000001 arg 0x0) (ignoring)
09-02 03:14:49.168  1044  1115 W linker  : Warning: "/data/app/~~_KLlx60MH8CoecPTjMKp8g==/com.android.chrome-kw9RHYrlHKb9bPXi8OTClw==/base.apk!/lib/arm64-v8a/libchromium_android_linker.so" unused DT entry: unknown processor-specific (type 0x70000001 arg 0x0) (ignoring)
09-02 03:14:49.169  1044  1115 E cr_ChromiumAndroidLinker: ReserveAddressWithHint: Address range starting at 0x7a38761000 was not free to use
09-02 03:14:49.179  1044  1137 I cr_LibraryLoader: Successfully loaded native library
09-02 03:14:49.180  1044  1137 I cr_CachingUmaRecorder: Flushed 3 samples from 3 histograms.
09-02 03:14:49.205  1063  1136 I cr_LibraryLoader: Successfully loaded native library
09-02 03:14:49.207  1063  1136 I cr_CachingUmaRecorder: Flushed 11 samples from 11 histograms.
09-02 03:14:49.208   832   832 I cr_OfflineIndicator: onConnectionTypeChanged 2
09-02 03:14:49.211   832   832 I cr_OfflineIndicator: Reported by system: [ Transports: WIFI Capabilities: NOT_METERED&INTERNET&NOT_RESTRICTED&TRUSTED&NOT_VPN&VALIDATED&NOT_ROAMING&FOREGROUND&NOT_CONGESTED&NOT_SUSPENDED LinkUpBandwidth>=67925Kbps LinkDnBandwidth>=71500Kbps SignalStrength: -56 AdministratorUids: [] RequestorUid: -1 RequestorPackageName: null]
09-02 03:14:49.211   832   832 I cr_OfflineIndicator: setConnectionState connectionState=4
09-02 03:14:49.211   832   832 I cr_OfflineDetector: Running updateState mConnectivityDetectorInitialized: true, mTimeWhenLastForegrounded: 62472433, getElapsedTime: 62472436, mTimeWhenLastOfflineNotificationReceived: 0, mTimeWhenLastOnline: 62472436, mApplicationState: 1, mIsOfflineLastReportedByConnectivityDetector: false, mIsEffectivelyOffline: false
09-02 03:14:49.211   832   832 I cr_OfflineDetector: updateState(): timeSinceLastForeground: 3, timeSinceOfflineNotificationReceived: 62472436, timeSinceLastOnline: 0, timeNeededForForeground: 1997, timeNeededForOffline: -62470436
09-02 03:14:49.211   832   832 I cr_OfflineIndicator: processConnectivityCheckResult mConnectionState=4 mConnectivityCheckingStage=1
09-02 03:14:49.212  2816  3875 I FontLog : Received query name=Google Sans&weight=700&besteffort=false, URI content://com.google.android.gms.fonts [CONTEXT service_id=132 ]
09-02 03:14:49.212  2816  3875 I FontLog : Query [name=Google Sans&weight=700&besteffort=false] resolved to {Google Sans, wdth 100.0, wght 700, ital 0.0, bestEffort false} [CONTEXT service_id=132 ]
09-02 03:14:49.214  2816  3875 I FontLog : Fetch {Google Sans, wdth 100.0, wght 700, ital 0.0, bestEffort false} end status Status{statusCode=SUCCESS, resolution=null} [CONTEXT service_id=132 ]
09-02 03:14:49.218  2816  3875 I FontLog : Pulling font file for id = 2281, cache size = 5 [CONTEXT service_id=132 ]
09-02 03:14:49.224  2816  3875 I FontLog : Received query name=Noto Color Emoji Compat&weight=400&besteffort=false, URI content://com.google.android.gms.fonts [CONTEXT service_id=132 ]
09-02 03:14:49.225  2816  3875 I FontLog : Query [name=Noto Color Emoji Compat&weight=400&besteffort=false] resolved to {Noto Color Emoji Compat, wdth 100.0, wght 400, ital 0.0, bestEffort false} [CONTEXT service_id=132 ]
09-02 03:14:49.226  2816  3875 I FontLog : Fetch {Noto Color Emoji Compat, wdth 100.0, wght 400, ital 0.0, bestEffort false} end status Status{statusCode=SUCCESS, resolution=null} [CONTEXT service_id=132 ]
09-02 03:14:49.228  1063  1136 I AdrenoGLES-0: QUALCOMM build                   : 35605c3, Ia11ce2d146
09-02 03:14:49.228  1063  1136 I AdrenoGLES-0: Build Date                       : 09/02/20
09-02 03:14:49.228  1063  1136 I AdrenoGLES-0: OpenGL ES Shader Compiler Version: EV031.31.04.00
09-02 03:14:49.228  1063  1136 I AdrenoGLES-0: Local Branch                     : gfx-adreno.lnx.2.0
09-02 03:14:49.228  1063  1136 I AdrenoGLES-0: Remote Branch                    : 
09-02 03:14:49.228  1063  1136 I AdrenoGLES-0: Remote Branch                    : 
09-02 03:14:49.228  1063  1136 I AdrenoGLES-0: Reconstruct Branch               : 
09-02 03:14:49.228  1063  1136 I AdrenoGLES-0: Build Config                     : S P 10.0.4 AArch64
09-02 03:14:49.228  1063  1136 I AdrenoGLES-0: Driver Path                      : /vendor/lib64/egl/libGLESv2_adreno.so
09-02 03:14:49.231  2816  3875 I FontLog : Pulling font file for id = 2282, cache size = 5 [CONTEXT service_id=132 ]
09-02 03:14:49.234  1063  1136 I AdrenoGLES-0: PFP: 0x016dd090, ME: 0x00000000
09-02 03:14:49.236  2816  3875 I FontLog : Received query name=Google Sans&weight=400&besteffort=false, URI content://com.google.android.gms.fonts [CONTEXT service_id=132 ]
09-02 03:14:49.236  2816  3875 I FontLog : Query [name=Google Sans&weight=400&besteffort=false] resolved to {Google Sans, wdth 100.0, wght 400, ital 0.0, bestEffort false} [CONTEXT service_id=132 ]
09-02 03:14:49.237  2816  3875 I FontLog : Font PFD returned from cache for {Google Sans, wdth 100.0, wght 400, ital 0.0, bestEffort false} [CONTEXT service_id=132 ]
09-02 03:14:49.237  2816  3875 I FontLog : Fetch {Google Sans, wdth 100.0, wght 400, ital 0.0, bestEffort false} end status Status{statusCode=SUCCESS, resolution=null} [CONTEXT service_id=132 ]
09-02 03:14:49.239  2816  3875 I FontLog : Pulling font file for id = 2283, cache size = 6 [CONTEXT service_id=132 ]
09-02 03:14:49.242  2816  3875 I FontLog : Received query name=Google Sans&weight=500&besteffort=false, URI content://com.google.android.gms.fonts [CONTEXT service_id=132 ]
09-02 03:14:49.242  2816  3875 I FontLog : Query [name=Google Sans&weight=500&besteffort=false] resolved to {Google Sans, wdth 100.0, wght 500, ital 0.0, bestEffort false} [CONTEXT service_id=132 ]
09-02 03:14:49.242  1063  1136 W AdrenoUtils: <ReadGpuID_from_sysfs:197>: Failed to open /sys/class/kgsl/kgsl-3d0/gpu_model
09-02 03:14:49.242  1063  1136 W AdrenoUtils: <ReadGpuID:221>: Failed to read chip ID from gpu_model. Fallback to use the GSL path
09-02 03:14:49.242  2816  3875 I FontLog : Font PFD returned from cache for {Google Sans, wdth 100.0, wght 500, ital 0.0, bestEffort false} [CONTEXT service_id=132 ]
09-02 03:14:49.242  2816  3875 I FontLog : Fetch {Google Sans, wdth 100.0, wght 500, ital 0.0, bestEffort false} end status Status{statusCode=SUCCESS, resolution=null} [CONTEXT service_id=132 ]
09-02 03:14:49.244  2816  3875 I FontLog : Pulling font file for id = 2284, cache size = 5 [CONTEXT service_id=132 ]
09-02 03:14:49.259  1063  1136 D vulkan  : searching for layers in '/data/app/~~_KLlx60MH8CoecPTjMKp8g==/com.android.chrome-kw9RHYrlHKb9bPXi8OTClw==/lib/arm64'
09-02 03:14:49.259  1063  1136 D vulkan  : searching for layers in '/data/app/~~_KLlx60MH8CoecPTjMKp8g==/com.android.chrome-kw9RHYrlHKb9bPXi8OTClw==/base.apk!/lib/arm64-v8a'
09-02 03:14:49.259  1063  1136 D vulkan  : searching for layers in '/data/app/~~pvdNlmkqoAdokjnHYmWQbA==/com.google.android.trichromelibrary_530409134-AZWnkLs2PHY5miTP6ZiTzA==/base.apk!/lib/arm64-v8a'
09-02 03:14:49.261   832   832 W linker  : Warning: "/data/app/~~_KLlx60MH8CoecPTjMKp8g==/com.android.chrome-kw9RHYrlHKb9bPXi8OTClw==/split_vr.apk!/lib/arm64-v8a/libmonochrome_64_vr_partition.so" unused DT entry: unknown processor-specific (type 0x70000001 arg 0x0) (ignoring)
09-02 03:14:49.262  1513  3221 D ConnectivityService: requestNetwork for uid/pid:10220/832 NetworkRequest [ TRACK_DEFAULT id=2877, [ Capabilities: INTERNET&NOT_RESTRICTED&TRUSTED Uid: 10220 AdministratorUids: [] RequestorUid: 10220 RequestorPackageName: com.android.chrome] ]
09-02 03:14:49.262  1513  2000 D ConnectivityService: NetReassign [2877 : null → 100]
09-02 03:14:49.262  1513  1996 D WifiNetworkFactory: got request NetworkRequest [ TRACK_DEFAULT id=2877, [ Capabilities: INTERNET&NOT_RESTRICTED&TRUSTED Uid: 10220 AdministratorUids: [] RequestorUid: 10220 RequestorPackageName: com.android.chrome] ] with score 60 and providerId 5
09-02 03:14:49.262  1513  2038 D Ethernet: got request NetworkRequest [ TRACK_DEFAULT id=2877, [ Capabilities: INTERNET&NOT_RESTRICTED&TRUSTED Uid: 10220 AdministratorUids: [] RequestorUid: 10220 RequestorPackageName: com.android.chrome] ] with score 60 and providerId 5
09-02 03:14:49.263  1513  2037 D WIFI_AWARE_FACTORY: got request NetworkRequest [ TRACK_DEFAULT id=2877, [ Capabilities: INTERNET&NOT_RESTRICTED&TRUSTED Uid: 10220 AdministratorUids: [] RequestorUid: 10220 RequestorPackageName: com.android.chrome] ] with score 60 and providerId 5
09-02 03:14:49.263  1513  1996 D UntrustedWifiNetworkFactory: got request NetworkRequest [ TRACK_DEFAULT id=2877, [ Capabilities: INTERNET&NOT_RESTRICTED&TRUSTED Uid: 10220 AdministratorUids: [] RequestorUid: 10220 RequestorPackageName: com.android.chrome] ] with score 60 and providerId 5
09-02 03:14:49.264  2474  2474 D PhoneSwitcherNetworkRequstListener: got request NetworkRequest [ TRACK_DEFAULT id=2877, [ Capabilities: INTERNET&NOT_RESTRICTED&TRUSTED Uid: 10220 AdministratorUids: [] RequestorUid: 10220 RequestorPackageName: com.android.chrome] ] with score 60 and providerId 5
09-02 03:14:49.264  1513  2000 D ConnectivityService: NetReassign [no changes]
09-02 03:14:49.271  1063  1136 I AdrenoVK-0: ===== BEGIN DUMP OF OVERRIDDEN SETTINGS =====
09-02 03:14:49.271  1063  1136 I AdrenoVK-0: ===== END DUMP OF OVERRIDDEN SETTINGS =====
09-02 03:14:49.271  1063  1136 I AdrenoVK-0: QUALCOMM build          : 35605c3, Ia11ce2d146
09-02 03:14:49.271  1063  1136 I AdrenoVK-0: Build Date              : 09/02/20
09-02 03:14:49.271  1063  1136 I AdrenoVK-0: Shader Compiler Version : EV031.31.04.00
09-02 03:14:49.271  1063  1136 I AdrenoVK-0: Local Branch            : gfx-adreno.lnx.2.0
09-02 03:14:49.271  1063  1136 I AdrenoVK-0: Remote Branch           : 
09-02 03:14:49.271  1063  1136 I AdrenoVK-0: Remote Branch           : 
09-02 03:14:49.271  1063  1136 I AdrenoVK-0: Reconstruct Branch      : 
09-02 03:14:49.271  1063  1136 I AdrenoVK-0: Build Config            : S P 10.0.4 AArch64
09-02 03:14:49.271  1063  1136 I AdrenoVK-0: Driver Path             : /vendor/lib64/hw/vulkan.adreno.so
09-02 03:14:49.273  2816 32626 I NetworkScheduler.Stats: Task com.google.android.gms/com.google.android.gms.languageprofile.GcmTaskService started execution. cause:7 exec_start_elapsed_seconds: 62472 [CONTEXT service_id=218 ]
09-02 03:14:49.282   832  1025 I cr_VrCoreVersionChecker: Unable to find VrCore.
09-02 03:14:49.315  2816 16049 I NetworkScheduler.Stats: Task com.google.android.gms/com.google.android.gms.languageprofile.GcmTaskService finished executing. cause:7 result: 1 elapsed_millis: 69 uptime_millis: 69 exec_start_elapsed_seconds: 62472 [CONTEXT service_id=218 ]
09-02 03:14:49.343  2158  2158 I WallpaperService: engine paused
09-02 03:14:49.343  1044  1137 I tflite  : Initialized TensorFlow Lite runtime.
09-02 03:14:49.344   901   901 I sensors-hal: [hal]activate_physical_sensor:238, android.sensor.gyroscope/41 en=0
09-02 03:14:49.345   832   832 I Choreographer: Skipped 34 frames!  The application may be doing too much work on its main thread.
09-02 03:14:49.346   901   901 D Diag_Lib: diag: Diag_LSM_DeInit done for pid: 901
09-02 03:14:49.346   901   901 D Diag_Lib: diag: Diag_LSM_DeInit done for pid: 901
09-02 03:14:49.347   901   901 I sensors-hal: [hal]activate_physical_sensor:249, android.sensor.gyroscope/41 en=0 completed
09-02 03:14:49.357   670  1236 D ProfileInstaller: Installing profile for com.example.batterymanager_utility
09-02 03:14:49.358  1513  8184 I AdrenoGLES-0: QUALCOMM build                   : 35605c3, Ia11ce2d146
09-02 03:14:49.358  1513  8184 I AdrenoGLES-0: Build Date                       : 09/02/20
09-02 03:14:49.358  1513  8184 I AdrenoGLES-0: OpenGL ES Shader Compiler Version: EV031.31.04.00
09-02 03:14:49.358  1513  8184 I AdrenoGLES-0: Local Branch                     : gfx-adreno.lnx.2.0
09-02 03:14:49.358  1513  8184 I AdrenoGLES-0: Remote Branch                    : 
09-02 03:14:49.358  1513  8184 I AdrenoGLES-0: Remote Branch                    : 
09-02 03:14:49.358  1513  8184 I AdrenoGLES-0: Reconstruct Branch               : 
09-02 03:14:49.358  1513  8184 I AdrenoGLES-0: Build Config                     : S P 10.0.4 AArch64
09-02 03:14:49.358  1513  8184 I AdrenoGLES-0: Driver Path                      : /vendor/lib64/egl/libGLESv2_adreno.so
09-02 03:14:49.370  1513  8184 I AdrenoGLES-0: PFP: 0x016dd090, ME: 0x00000000
09-02 03:14:49.382   832   832 I cr_tabmodel: #isIncognitoTabBeingRestored from tabState:  false
09-02 03:14:49.382   832   832 I cr_tabmodel: #isIncognitoTabBeingRestored from tabState:  false
09-02 03:14:49.422  2858  2858 I GoogleInputMethodService: GoogleInputMethodService.onFinishInput():3280 
09-02 03:14:49.423  2858  2858 I GoogleInputMethodService: GoogleInputMethodService.updateDeviceLockedStatus():2169 repeatCheckTimes = 0, unlocked = true
09-02 03:14:49.423  2858  2858 I GoogleInputMethodService: GoogleInputMethodService.onStartInput():1960 onStartInput(EditorInfo{inputType=0x0(NULL) imeOptions=0x12000000 privateImeOptions=null actionName=UNSPECIFIED actionLabel=null actionId=0 initialSelStart=-1 initialSelEnd=-1 initialCapsMode=0x0 hintText=null label=null packageName=com.android.chrome fieldId=-1 fieldName=null extras=null}, false)
09-02 03:14:49.423  2858  2858 I GoogleInputMethodService: GoogleInputMethodService.shouldHideHeaderOnInitialState():4081 ShouldHideHeaderOnInitialState = false
09-02 03:14:49.423  2858  2858 I GoogleInputMethodService: GoogleInputMethodService.updateDeviceLockedStatus():2169 repeatCheckTimes = 2, unlocked = true
09-02 03:14:49.428   832   832 I cr_tabmodel: #isIncognitoTabBeingRestored from tabState:  false
09-02 03:14:49.491   832   832 I chatty  : uid=10220(com.android.chrome) identical 38 lines
09-02 03:14:49.491   832   832 I cr_tabmodel: #isIncognitoTabBeingRestored from tabState:  false
09-02 03:14:49.495   832   832 I cr_tabmodel: #isIncognitoTabBeingRestored from tabDetails:  false
09-02 03:14:49.495   832   832 I cr_tabmodel: #isIncognitoTabBeingRestored from tabDetails:  false
09-02 03:14:49.495   832   832 W cr_tabmodel: Failed to restore TabState; creating Tab with last known URL.
09-02 03:14:49.513  1513  3241 D CompatibilityChangeReporter: Compat change id reported: 135634846; UID 10220; state: DISABLED
09-02 03:14:49.514  1513  3241 D CompatibilityChangeReporter: Compat change id reported: 135754954; UID 10220; state: ENABLED
09-02 03:14:49.514  1513  1625 D CompatibilityChangeReporter: Compat change id reported: 143937733; UID 10220; state: ENABLED
09-02 03:14:49.515   832   832 E cr_IntentUtils: getBooleanExtra failed on intent null
09-02 03:14:49.515   832   832 E cr_IntentUtils: getBooleanExtra failed on intent null
09-02 03:14:49.526   832   832 I cr_tabmodel: #isIncognitoTabBeingRestored from tabDetails:  false
09-02 03:14:49.526   832   832 I cr_tabmodel: #isIncognitoTabBeingRestored from tabDetails:  false
09-02 03:14:49.526   832   832 W cr_tabmodel: Failed to restore TabState; creating Tab with last known URL.
09-02 03:14:49.528   966   966 D Zygote  : Forked child process 1247
09-02 03:14:49.529  1247  1247 E libc    : SetHeapTaggingLevel: re-enabling tagging after it was disabled is not supported
09-02 03:14:49.530  1513  1625 I ActivityManager: Start proc 1247:com.android.chrome:sandboxed_process0:org.chromium.content.app.SandboxedProcessService0:1/u0ai1 for  {com.android.chrome/org.chromium.content.app.SandboxedProcessService0:1}
09-02 03:14:49.533  1247  1247 E ocessService0:: Not starting debugger since process cannot load the jdwp agent.
09-02 03:14:49.537  1513  2180 D CompatibilityChangeReporter: Compat change id reported: 136274596; UID 10220; state: ENABLED
09-02 03:14:49.541  1513  3241 D CompatibilityChangeReporter: Compat change id reported: 135634846; UID 10220; state: DISABLED
09-02 03:14:49.541  1513  3241 D CompatibilityChangeReporter: Compat change id reported: 135754954; UID 10220; state: ENABLED
09-02 03:14:49.542  1513  1625 D CompatibilityChangeReporter: Compat change id reported: 143937733; UID 10220; state: ENABLED
09-02 03:14:49.545   832   832 E cr_IntentUtils: getBooleanExtra failed on intent null
09-02 03:14:49.545   832   832 E cr_IntentUtils: getBooleanExtra failed on intent null
09-02 03:14:49.558   966   966 D Zygote  : Forked child process 1264
09-02 03:14:49.559   832   832 I cr_tabmodel: #isIncognitoTabBeingRestored from tabDetails:  false
09-02 03:14:49.559   832   832 I cr_tabmodel: #isIncognitoTabBeingRestored from tabDetails:  false
09-02 03:14:49.559   832   832 W cr_tabmodel: Failed to restore TabState; creating Tab with last known URL.
09-02 03:14:49.561  1513  1625 I ActivityManager: Start proc 1264:com.android.chrome:sandboxed_process0:org.chromium.content.app.SandboxedProcessService0:2/u0ai2 for  {com.android.chrome/org.chromium.content.app.SandboxedProcessService0:2}
09-02 03:14:49.565  1264  1264 E libc    : SetHeapTaggingLevel: re-enabling tagging after it was disabled is not supported
09-02 03:14:49.566  1247  1247 I LoadedApk: No resource references to update in package com.google.android.trichromelibrary
09-02 03:14:49.566  1247  1247 D NetworkSecurityConfig: Using Network Security Config from resource 0_resource_name_obfuscated debugBuild: false
09-02 03:14:49.567  1247  1247 D NetworkSecurityConfig: Using Network Security Config from resource 0_resource_name_obfuscated debugBuild: false
09-02 03:14:49.569  1247  1247 I cr_SplitCompatApp: Launched version=107.0.5304.91 minSdkVersion=29 isBundle=true processName=com.android.chrome:sandboxed_process0:org.chromium.content.app.SandboxedProcessService0:1 isIsolated=true
09-02 03:14:49.572   832   832 E cr_IntentUtils: getBooleanExtra failed on intent null
09-02 03:14:49.572   832   832 E cr_IntentUtils: getBooleanExtra failed on intent null
09-02 03:14:49.577  1264  1264 E ocessService0:: Not starting debugger since process cannot load the jdwp agent.
09-02 03:14:49.581  1247  1247 W SystemServiceRegistry: No service published for: uimode
09-02 03:14:49.583   832   832 I cr_tabmodel: #isIncognitoTabBeingRestored from tabDetails:  false
