09-02 03:17:57.510 10886 10886 E cr_IntentUtils: getBooleanExtra failed on intent null
09-02 03:17:57.510 10886 10886 E cr_IntentUtils: getBooleanExtra failed on intent null
09-02 03:17:57.513 11084 11084 I cr_SplitCompatApp: Launched version=107.0.5304.91 minSdkVersion=29 isBundle=true processName=com.android.chrome:sandboxed_process0:org.chromium.content.app.SandboxedProcessService0:1 isIsolated=true
09-02 03:17:57.513  1513  3232 D CompatibilityChangeReporter: Compat change id reported: 135634846; UID 10220; state: DISABLED
09-02 03:17:57.513  1513  3232 D CompatibilityChangeReporter: Compat change id reported: 135754954; UID 10220; state: ENABLED
09-02 03:17:57.513  1513  1625 D CompatibilityChangeReporter: Compat change id reported: 143937733; UID 10220; state: ENABLED
09-02 03:17:57.518 11121 11121 E ocessService0:: Not starting debugger since process cannot load the jdwp agent.
09-02 03:17:57.521 10886 10886 I cr_tabmodel: #isIncognitoTabBeingRestored from tabDetails:  false
09-02 03:17:57.521 10886 10886 I cr_tabmodel: #isIncognitoTabBeingRestored from tabDetails:  false
09-02 03:17:57.521 10886 10886 W cr_tabmodel: Failed to restore TabState; creating Tab with last known URL.
09-02 03:17:57.523 11101 11101 I LoadedApk: No resource references to update in package com.google.android.trichromelibrary
09-02 03:17:57.524 11101 11101 D NetworkSecurityConfig: Using Network Security Config from resource 0_resource_name_obfuscated debugBuild: false
09-02 03:17:57.525 11101 11101 D NetworkSecurityConfig: Using Network Security Config from resource 0_resource_name_obfuscated debugBuild: false
09-02 03:17:57.526 11084 11084 W SystemServiceRegistry: No service published for: uimode
09-02 03:17:57.531 11101 11101 I cr_SplitCompatApp: Launched version=107.0.5304.91 minSdkVersion=29 isBundle=true processName=com.android.chrome:sandboxed_process0:org.chromium.content.app.SandboxedProcessService0:2 isIsolated=true
09-02 03:17:57.534  1513  3232 D CompatibilityChangeReporter: Compat change id reported: 136274596; UID 10220; state: ENABLED
09-02 03:17:57.535 11084 11084 I cr_ChildProcessService: Creating new ChildProcessService pid=11084
09-02 03:17:57.536 10940 10940 D Zygote  : Forked child process 11139
09-02 03:17:57.537 11139 11139 E libc    : SetHeapTaggingLevel: re-enabling tagging after it was disabled is not supported
09-02 03:17:57.538  1513  1625 I ActivityManager: Start proc 11139:com.android.chrome:sandboxed_process0:org.chromium.content.app.SandboxedProcessService0:4/u0ai4 for  {com.android.chrome/org.chromium.content.app.SandboxedProcessService0:4}
09-02 03:17:57.540  1513  6264 D CompatibilityChangeReporter: Compat change id reported: 135634846; UID 10220; state: DISABLED
09-02 03:17:57.540  1513  6264 D CompatibilityChangeReporter: Compat change id reported: 135754954; UID 10220; state: ENABLED
09-02 03:17:57.540  1513  1625 D CompatibilityChangeReporter: Compat change id reported: 143937733; UID 10220; state: ENABLED
09-02 03:17:57.542 10886 10886 E cr_IntentUtils: getBooleanExtra failed on intent null
09-02 03:17:57.542 10886 10886 E cr_IntentUtils: getBooleanExtra failed on intent null
09-02 03:17:57.546 11139 11139 E ocessService0:: Not starting debugger since process cannot load the jdwp agent.
09-02 03:17:57.548 11101 11101 W SystemServiceRegistry: No service published for: uimode
09-02 03:17:57.550 11084 11102 I cr_LibraryLoader: Using ModernLinker
09-02 03:17:57.551 10886 10886 I cr_tabmodel: #isIncognitoTabBeingRestored from tabDetails:  false
09-02 03:17:57.551 10886 10886 I cr_tabmodel: #isIncognitoTabBeingRestored from tabDetails:  false
09-02 03:17:57.552 10886 10886 W cr_tabmodel: Failed to restore TabState; creating Tab with last known URL.
09-02 03:17:57.555 11084 11102 W linker  : Warning: "/data/app/~~_KLlx60MH8CoecPTjMKp8g==/com.android.chrome-kw9RHYrlHKb9bPXi8OTClw==/base.apk!/lib/arm64-v8a/libchromium_android_linker.so" unused DT entry: unknown processor-specific (type 0x70000001 arg 0x0) (ignoring)
09-02 03:17:57.556 11084 11102 E cr_ChromiumAndroidLinker: ReserveAddressWithHint: Address range starting at 0x7a38700000 was not free to use
09-02 03:17:57.556 11101 11101 I cr_ChildProcessService: Creating new ChildProcessService pid=11101
09-02 03:17:57.559 11121 11121 I LoadedApk: No resource references to update in package com.google.android.trichromelibrary
09-02 03:17:57.559 11121 11121 D NetworkSecurityConfig: Using Network Security Config from resource 0_resource_name_obfuscated debugBuild: false
09-02 03:17:57.560 11101 11120 I cr_LibraryLoader: Using ModernLinker
09-02 03:17:57.560 11121 11121 D NetworkSecurityConfig: Using Network Security Config from resource 0_resource_name_obfuscated debugBuild: false
09-02 03:17:57.562 11121 11121 I cr_SplitCompatApp: Launched version=107.0.5304.91 minSdkVersion=29 isBundle=true processName=com.android.chrome:sandboxed_process0:org.chromium.content.app.SandboxedProcessService0:3 isIsolated=true
09-02 03:17:57.563 11101 11120 W linker  : Warning: "/data/app/~~_KLlx60MH8CoecPTjMKp8g==/com.android.chrome-kw9RHYrlHKb9bPXi8OTClw==/base.apk!/lib/arm64-v8a/libchromium_android_linker.so" unused DT entry: unknown processor-specific (type 0x70000001 arg 0x0) (ignoring)
09-02 03:17:57.565 10886 10886 E cr_IntentUtils: getBooleanExtra failed on intent null
09-02 03:17:57.565 10886 10886 E cr_IntentUtils: getBooleanExtra failed on intent null
09-02 03:17:57.566 11101 11120 E cr_ChromiumAndroidLinker: ReserveAddressWithHint: Address range starting at 0x7a38700000 was not free to use
09-02 03:17:57.573  1513  2169 D CompatibilityChangeReporter: Compat change id reported: 136274596; UID 10220; state: ENABLED
09-02 03:17:57.577 11101 11163 I cr_LibraryLoader: Successfully loaded native library
09-02 03:17:57.577 11121 11121 W SystemServiceRegistry: No service published for: uimode
09-02 03:17:57.577 11084 11140 I cr_LibraryLoader: Successfully loaded native library
09-02 03:17:57.577 10886 10886 I cr_tabmodel: #isIncognitoTabBeingRestored from tabDetails:  false
09-02 03:17:57.577 10886 10886 I cr_tabmodel: #isIncognitoTabBeingRestored from tabDetails:  false
09-02 03:17:57.577 10886 10886 W cr_tabmodel: Failed to restore TabState; creating Tab with last known URL.
09-02 03:17:57.578 11101 11163 I cr_CachingUmaRecorder: Flushed 3 samples from 3 histograms.
09-02 03:17:57.578 11084 11140 I cr_CachingUmaRecorder: Flushed 3 samples from 3 histograms.
09-02 03:17:57.582 10940 10940 D Zygote  : Forked child process 11167
09-02 03:17:57.583 11121 11121 I cr_ChildProcessService: Creating new ChildProcessService pid=11121
09-02 03:17:57.584  1513  1625 I ActivityManager: Start proc 11167:com.android.chrome:sandboxed_process0:org.chromium.content.app.SandboxedProcessService0:5/u0ai5 for  {com.android.chrome/org.chromium.content.app.SandboxedProcessService0:5}
09-02 03:17:57.584 11167 11167 E libc    : SetHeapTaggingLevel: re-enabling tagging after it was disabled is not supported
09-02 03:17:57.585  1513  1625 D CompatibilityChangeReporter: Compat change id reported: 143937733; UID 10220; state: ENABLED
09-02 03:17:57.589  1513  6264 D CompatibilityChangeReporter: Compat change id reported: 135634846; UID 10220; state: DISABLED
09-02 03:17:57.589  1513  6264 D CompatibilityChangeReporter: Compat change id reported: 135754954; UID 10220; state: ENABLED
09-02 03:17:57.590 10886 10886 E cr_IntentUtils: getBooleanExtra failed on intent null
09-02 03:17:57.590 10886 10886 E cr_IntentUtils: getBooleanExtra failed on intent null
09-02 03:17:57.595 11121 11137 I cr_LibraryLoader: Using ModernLinker
09-02 03:17:57.595 11167 11167 E ocessService0:: Not starting debugger since process cannot load the jdwp agent.
09-02 03:17:57.599 11121 11137 W linker  : Warning: "/data/app/~~_KLlx60MH8CoecPTjMKp8g==/com.android.chrome-kw9RHYrlHKb9bPXi8OTClw==/base.apk!/lib/arm64-v8a/libchromium_android_linker.so" unused DT entry: unknown processor-specific (type 0x70000001 arg 0x0) (ignoring)
09-02 03:17:57.599 10886 10886 I cr_tabmodel: #isIncognitoTabBeingRestored from tabDetails:  false
09-02 03:17:57.599 10886 10886 I cr_tabmodel: #isIncognitoTabBeingRestored from tabDetails:  false
09-02 03:17:57.599 10886 10886 W cr_tabmodel: Failed to restore TabState; creating Tab with last known URL.
09-02 03:17:57.600 11121 11137 E cr_ChromiumAndroidLinker: ReserveAddressWithHint: Address range starting at 0x7a38700000 was not free to use
09-02 03:17:57.604 11139 11139 I LoadedApk: No resource references to update in package com.google.android.trichromelibrary
09-02 03:17:57.604 11139 11139 D NetworkSecurityConfig: Using Network Security Config from resource 0_resource_name_obfuscated debugBuild: false
09-02 03:17:57.605 11139 11139 D NetworkSecurityConfig: Using Network Security Config from resource 0_resource_name_obfuscated debugBuild: false
09-02 03:17:57.607 11121 11173 I cr_LibraryLoader: Successfully loaded native library
09-02 03:17:57.607 11139 11139 I cr_SplitCompatApp: Launched version=107.0.5304.91 minSdkVersion=29 isBundle=true processName=com.android.chrome:sandboxed_process0:org.chromium.content.app.SandboxedProcessService0:4 isIsolated=true
09-02 03:17:57.612 11121 11173 I cr_CachingUmaRecorder: Flushed 3 samples from 3 histograms.
09-02 03:17:57.613 10886 10886 E cr_IntentUtils: getBooleanExtra failed on intent null
09-02 03:17:57.613  1513  2263 D CompatibilityChangeReporter: Compat change id reported: 136274596; UID 10220; state: ENABLED
09-02 03:17:57.613 10886 10886 E cr_IntentUtils: getBooleanExtra failed on intent null
09-02 03:17:57.616  1513  6264 D CompatibilityChangeReporter: Compat change id reported: 135634846; UID 10220; state: DISABLED
09-02 03:17:57.616  1513  6264 D CompatibilityChangeReporter: Compat change id reported: 135754954; UID 10220; state: ENABLED
09-02 03:17:57.620 10940 10940 D Zygote  : Forked child process 11202
09-02 03:17:57.623 10886 10886 I cr_tabmodel: #isIncognitoTabBeingRestored from tabDetails:  false
09-02 03:17:57.623 10886 10886 I cr_tabmodel: #isIncognitoTabBeingRestored from tabDetails:  false
09-02 03:17:57.623 10886 10886 W cr_tabmodel: Failed to restore TabState; creating Tab with last known URL.
09-02 03:17:57.624 11139 11139 W SystemServiceRegistry: No service published for: uimode
09-02 03:17:57.625 11202 11202 E libc    : SetHeapTaggingLevel: re-enabling tagging after it was disabled is not supported
09-02 03:17:57.628  1513  1625 W ActivityManager: Slow operation: 65ms so far, now at startProcess: returned from zygote!
09-02 03:17:57.632 11139 11139 I cr_ChildProcessService: Creating new ChildProcessService pid=11139
09-02 03:17:57.633  1513  1625 W ActivityManager: Slow operation: 69ms so far, now at startProcess: done updating battery stats
09-02 03:17:57.633  1513  1625 W ActivityManager: Slow operation: 69ms so far, now at startProcess: building log message
09-02 03:17:57.633  1513  1625 I ActivityManager: Start proc 11202:com.android.chrome:sandboxed_process0:org.chromium.content.app.SandboxedProcessService0:6/u0ai6 for  {com.android.chrome/org.chromium.content.app.SandboxedProcessService0:6}
09-02 03:17:57.633  1513  1625 W ActivityManager: Slow operation: 69ms so far, now at startProcess: starting to update pids map
09-02 03:17:57.633  1513  1625 W ActivityManager: Slow operation: 70ms so far, now at startProcess: done updating pids map
09-02 03:17:57.634  1513  1625 D CompatibilityChangeReporter: Compat change id reported: 143937733; UID 10220; state: ENABLED
09-02 03:17:57.638 10886 10886 E cr_IntentUtils: getBooleanExtra failed on intent null
09-02 03:17:57.638 10886 10886 E cr_IntentUtils: getBooleanExtra failed on intent null
09-02 03:17:57.645 11202 11202 E ocessService0:: Not starting debugger since process cannot load the jdwp agent.
09-02 03:17:57.650 10886 10886 I cr_tabmodel: #isIncognitoTabBeingRestored from tabDetails:  false
09-02 03:17:57.650 10886 10886 I cr_tabmodel: #isIncognitoTabBeingRestored from tabDetails:  false
09-02 03:17:57.650 10886 10886 W cr_tabmodel: Failed to restore TabState; creating Tab with last known URL.
09-02 03:17:57.653 10940 10940 D Zygote  : Forked child process 11234
09-02 03:17:57.657 11139 11165 I cr_LibraryLoader: Using ModernLinker
09-02 03:17:57.659 11234 11234 E libc    : SetHeapTaggingLevel: re-enabling tagging after it was disabled is not supported
09-02 03:17:57.659  1513  6264 D CompatibilityChangeReporter: Compat change id reported: 136274596; UID 10220; state: ENABLED
09-02 03:17:57.659 11139 11165 W linker  : Warning: "/data/app/~~_KLlx60MH8CoecPTjMKp8g==/com.android.chrome-kw9RHYrlHKb9bPXi8OTClw==/base.apk!/lib/arm64-v8a/libchromium_android_linker.so" unused DT entry: unknown processor-specific (type 0x70000001 arg 0x0) (ignoring)
09-02 03:17:57.663 10886 10886 E cr_IntentUtils: getBooleanExtra failed on intent null
09-02 03:17:57.663 10886 10886 E cr_IntentUtils: getBooleanExtra failed on intent null
09-02 03:17:57.664 11139 11165 E cr_ChromiumAndroidLinker: ReserveAddressWithHint: Address range starting at 0x7a38700000 was not free to use
09-02 03:17:57.669 11234 11234 E ocessService0:: Not starting debugger since process cannot load the jdwp agent.
09-02 03:17:57.670 11139 11212 I cr_LibraryLoader: Successfully loaded native library
09-02 03:17:57.671 11139 11212 I cr_CachingUmaRecorder: Flushed 3 samples from 3 histograms.
09-02 03:17:57.673  1513  3232 D CompatibilityChangeReporter: Compat change id reported: 135634846; UID 10220; state: DISABLED
09-02 03:17:57.673  1513  3232 D CompatibilityChangeReporter: Compat change id reported: 135754954; UID 10220; state: ENABLED
09-02 03:17:57.674  1513  1625 W ActivityManager: Slow operation: 86ms so far, now at startProcess: returned from zygote!
09-02 03:17:57.674  1513  1625 W ActivityManager: Slow operation: 86ms so far, now at startProcess: done updating battery stats
09-02 03:17:57.675  1513  1625 W ActivityManager: Slow operation: 86ms so far, now at startProcess: building log message
09-02 03:17:57.675  1513  1625 I ActivityManager: Start proc 11234:com.android.chrome:sandboxed_process0:org.chromium.content.app.SandboxedProcessService0:7/u0ai7 for  {com.android.chrome/org.chromium.content.app.SandboxedProcessService0:7}
09-02 03:17:57.675  1513  1625 W ActivityManager: Slow operation: 86ms so far, now at startProcess: starting to update pids map
09-02 03:17:57.675  1513  1625 W ActivityManager: Slow operation: 86ms so far, now at startProcess: done updating pids map
09-02 03:17:57.675  1513  1625 W ActivityManager: Slow operation: 59ms so far, now at startProcess: asking zygote to start proc
09-02 03:17:57.675  1513  1625 D CompatibilityChangeReporter: Compat change id reported: 143937733; UID 10220; state: ENABLED
09-02 03:17:57.682 11167 11167 I LoadedApk: No resource references to update in package com.google.android.trichromelibrary
09-02 03:17:57.683 11167 11167 D NetworkSecurityConfig: Using Network Security Config from resource 0_resource_name_obfuscated debugBuild: false
09-02 03:17:57.684 11167 11167 D NetworkSecurityConfig: Using Network Security Config from resource 0_resource_name_obfuscated debugBuild: false
09-02 03:17:57.685 10886 10886 I cr_tabmodel: #isIncognitoTabBeingRestored from tabDetails:  false
09-02 03:17:57.685 10886 10886 I cr_tabmodel: #isIncognitoTabBeingRestored from tabDetails:  false
09-02 03:17:57.685 10886 10886 W cr_tabmodel: Failed to restore TabState; creating Tab with last known URL.
09-02 03:17:57.685 11167 11167 I cr_SplitCompatApp: Launched version=107.0.5304.91 minSdkVersion=29 isBundle=true processName=com.android.chrome:sandboxed_process0:org.chromium.content.app.SandboxedProcessService0:5 isIsolated=true
09-02 03:17:57.691 11202 11202 I LoadedApk: No resource references to update in package com.google.android.trichromelibrary
09-02 03:17:57.694 11202 11202 D NetworkSecurityConfig: Using Network Security Config from resource 0_resource_name_obfuscated debugBuild: false
09-02 03:17:57.695 11202 11202 D NetworkSecurityConfig: Using Network Security Config from resource 0_resource_name_obfuscated debugBuild: false
09-02 03:17:57.696  1513  6264 D CompatibilityChangeReporter: Compat change id reported: 136274596; UID 10220; state: ENABLED
09-02 03:17:57.698 11202 11202 I cr_SplitCompatApp: Launched version=107.0.5304.91 minSdkVersion=29 isBundle=true processName=com.android.chrome:sandboxed_process0:org.chromium.content.app.SandboxedProcessService0:6 isIsolated=true
09-02 03:17:57.703  1513  6264 D CompatibilityChangeReporter: Compat change id reported: 135634846; UID 10220; state: DISABLED
09-02 03:17:57.703  1513  6264 D CompatibilityChangeReporter: Compat change id reported: 135754954; UID 10220; state: ENABLED
09-02 03:17:57.704 10886 10886 E cr_IntentUtils: getBooleanExtra failed on intent null
09-02 03:17:57.704 10886 10886 E cr_IntentUtils: getBooleanExtra failed on intent null
09-02 03:17:57.706 10940 10940 D Zygote  : Forked child process 11264
09-02 03:17:57.707  1513  1625 W ActivityManager: Slow operation: 91ms so far, now at startProcess: returned from zygote!
09-02 03:17:57.707  1513  1625 W ActivityManager: Slow operation: 92ms so far, now at startProcess: done updating battery stats
09-02 03:17:57.707  1513  1625 W ActivityManager: Slow operation: 92ms so far, now at startProcess: building log message
09-02 03:17:57.707  1513  1625 I ActivityManager: Start proc 11264:com.android.chrome:sandboxed_process0:org.chromium.content.app.SandboxedProcessService0:8/u0ai8 for  {com.android.chrome/org.chromium.content.app.SandboxedProcessService0:8}
09-02 03:17:57.707  1513  1625 W ActivityManager: Slow operation: 92ms so far, now at startProcess: starting to update pids map
09-02 03:17:57.707  1513  1625 W ActivityManager: Slow operation: 92ms so far, now at startProcess: done updating pids map
09-02 03:17:57.708  1513  1625 W ActivityManager: Slow operation: 62ms so far, now at startProcess: asking zygote to start proc
09-02 03:17:57.708  1513  1625 D CompatibilityChangeReporter: Compat change id reported: 143937733; UID 10220; state: ENABLED
09-02 03:17:57.708 11264 11264 E libc    : SetHeapTaggingLevel: re-enabling tagging after it was disabled is not supported
09-02 03:17:57.710 11202 11202 W SystemServiceRegistry: No service published for: uimode
09-02 03:17:57.713 11167 11167 W SystemServiceRegistry: No service published for: uimode
09-02 03:17:57.718 10886 10886 I cr_tabmodel: #isIncognitoTabBeingRestored from tabDetails:  false
09-02 03:17:57.718 10886 10886 I cr_tabmodel: #isIncognitoTabBeingRestored from tabDetails:  false
09-02 03:17:57.718 10886 10886 W cr_tabmodel: Failed to restore TabState; creating Tab with last known URL.
09-02 03:17:57.720 11202 11202 I cr_ChildProcessService: Creating new ChildProcessService pid=11202
09-02 03:17:57.727 11167 11167 I cr_ChildProcessService: Creating new ChildProcessService pid=11167
09-02 03:17:57.727 11202 11237 I cr_LibraryLoader: Using ModernLinker
09-02 03:17:57.734 11202 11237 W linker  : Warning: "/data/app/~~_KLlx60MH8CoecPTjMKp8g==/com.android.chrome-kw9RHYrlHKb9bPXi8OTClw==/base.apk!/lib/arm64-v8a/libchromium_android_linker.so" unused DT entry: unknown processor-specific (type 0x70000001 arg 0x0) (ignoring)
09-02 03:17:57.734 10886 10886 E cr_IntentUtils: getBooleanExtra failed on intent null
09-02 03:17:57.734 10886 10886 E cr_IntentUtils: getBooleanExtra failed on intent null
09-02 03:17:57.735 11202 11237 E cr_ChromiumAndroidLinker: ReserveAddressWithHint: Address range starting at 0x7a38700000 was not free to use
09-02 03:17:57.736 11264 11264 E ocessService0:: Not starting debugger since process cannot load the jdwp agent.
09-02 03:17:57.742 11167 11207 I cr_LibraryLoader: Using ModernLinker
09-02 03:17:57.744 11234 11234 I LoadedApk: No resource references to update in package com.google.android.trichromelibrary
09-02 03:17:57.745 11234 11234 D NetworkSecurityConfig: Using Network Security Config from resource 0_resource_name_obfuscated debugBuild: false
09-02 03:17:57.746 11202 11277 I cr_LibraryLoader: Successfully loaded native library
09-02 03:17:57.746 11234 11234 D NetworkSecurityConfig: Using Network Security Config from resource 0_resource_name_obfuscated debugBuild: false
09-02 03:17:57.747 10940 10940 D Zygote  : Forked child process 11283
09-02 03:17:57.748 11234 11234 I cr_SplitCompatApp: Launched version=107.0.5304.91 minSdkVersion=29 isBundle=true processName=com.android.chrome:sandboxed_process0:org.chromium.content.app.SandboxedProcessService0:7 isIsolated=true
09-02 03:17:57.748 11202 11277 I cr_CachingUmaRecorder: Flushed 3 samples from 3 histograms.
09-02 03:17:57.748 11167 11207 W linker  : Warning: "/data/app/~~_KLlx60MH8CoecPTjMKp8g==/com.android.chrome-kw9RHYrlHKb9bPXi8OTClw==/base.apk!/lib/arm64-v8a/libchromium_android_linker.so" unused DT entry: unknown processor-specific (type 0x70000001 arg 0x0) (ignoring)
09-02 03:17:57.749 10886 10886 I cr_tabmodel: #isIncognitoTabBeingRestored from tabDetails:  false
09-02 03:17:57.749 10886 10886 I cr_tabmodel: #isIncognitoTabBeingRestored from tabDetails:  false
09-02 03:17:57.749 10886 10886 W cr_tabmodel: Failed to restore TabState; creating Tab with last known URL.
09-02 03:17:57.749 11167 11207 E cr_ChromiumAndroidLinker: ReserveAddressWithHint: Address range starting at 0x7a38700000 was not free to use
09-02 03:17:57.749  1513  1625 W ActivityManager: Slow operation: 104ms so far, now at startProcess: returned from zygote!
09-02 03:17:57.749  1513  1625 W ActivityManager: Slow operation: 104ms so far, now at startProcess: done updating battery stats
09-02 03:17:57.750  1513  1625 W ActivityManager: Slow operation: 104ms so far, now at startProcess: building log message
09-02 03:17:57.750  1513  1625 I ActivityManager: Start proc 11283:com.android.chrome:sandboxed_process0:org.chromium.content.app.SandboxedProcessService0:9/u0ai9 for  {com.android.chrome/org.chromium.content.app.SandboxedProcessService0:9}
09-02 03:17:57.750  1513  1625 W ActivityManager: Slow operation: 104ms so far, now at startProcess: starting to update pids map
09-02 03:17:57.750  1513  1625 W ActivityManager: Slow operation: 104ms so far, now at startProcess: done updating pids map
09-02 03:17:57.750  1513  1625 W ActivityManager: Slow operation: 76ms so far, now at startProcess: asking zygote to start proc
09-02 03:17:57.757 11283 11283 E libc    : SetHeapTaggingLevel: re-enabling tagging after it was disabled is not supported
09-02 03:17:57.759 11167 11279 I cr_LibraryLoader: Successfully loaded native library
09-02 03:17:57.760 11167 11279 I cr_CachingUmaRecorder: Flushed 3 samples from 3 histograms.
09-02 03:17:57.763  1513  6264 D CompatibilityChangeReporter: Compat change id reported: 136274596; UID 10220; state: ENABLED
09-02 03:17:57.765 10886 10886 E cr_IntentUtils: getBooleanExtra failed on intent null
09-02 03:17:57.765 10886 10886 E cr_IntentUtils: getBooleanExtra failed on intent null
09-02 03:17:57.771 11234 11234 W SystemServiceRegistry: No service published for: uimode
09-02 03:17:57.778 10886 10886 I cr_tabmodel: #isIncognitoTabBeingRestored from tabDetails:  false
09-02 03:17:57.778 10886 10886 I cr_tabmodel: #isIncognitoTabBeingRestored from tabDetails:  false
09-02 03:17:57.778 10886 10886 W cr_tabmodel: Failed to restore TabState; creating Tab with last known URL.
09-02 03:17:57.780 11234 11234 I cr_ChildProcessService: Creating new ChildProcessService pid=11234
09-02 03:17:57.786 11234 11259 I cr_LibraryLoader: Using ModernLinker
09-02 03:17:57.791 10886 10886 E cr_IntentUtils: getBooleanExtra failed on intent null
09-02 03:17:57.791 10886 10886 E cr_IntentUtils: getBooleanExtra failed on intent null
09-02 03:17:57.791 11234 11259 W linker  : Warning: "/data/app/~~_KLlx60MH8CoecPTjMKp8g==/com.android.chrome-kw9RHYrlHKb9bPXi8OTClw==/base.apk!/lib/arm64-v8a/libchromium_android_linker.so" unused DT entry: unknown processor-specific (type 0x70000001 arg 0x0) (ignoring)
09-02 03:17:57.792 11234 11259 E cr_ChromiumAndroidLinker: ReserveAddressWithHint: Address range starting at 0x7a38700000 was not free to use
09-02 03:17:57.793 11283 11283 E ocessService0:: Not starting debugger since process cannot load the jdwp agent.
09-02 03:17:57.796 10886 10886 I cr_tabmodel: #isIncognitoTabBeingRestored from tabDetails:  false
09-02 03:17:57.796 10886 10886 I cr_tabmodel: #isIncognitoTabBeingRestored from tabDetails:  false
09-02 03:17:57.796 10886 10886 W cr_tabmodel: Failed to restore TabState; creating Tab with last known URL.
09-02 03:17:57.799 10940 10940 D Zygote  : Forked child process 11311
09-02 03:17:57.799  1513  2169 D CompatibilityChangeReporter: Compat change id reported: 135634846; UID 10220; state: DISABLED
09-02 03:17:57.799  1513  2169 D CompatibilityChangeReporter: Compat change id reported: 135754954; UID 10220; state: ENABLED
09-02 03:17:57.800  1513  1625 W ActivityManager: Slow operation: 127ms so far, now at startProcess: returned from zygote!
09-02 03:17:57.800  1513  1625 W ActivityManager: Slow operation: 127ms so far, now at startProcess: done updating battery stats
09-02 03:17:57.800  1513  1625 W ActivityManager: Slow operation: 127ms so far, now at startProcess: building log message
09-02 03:17:57.800  1513  1625 I ActivityManager: Start proc 11311:com.android.chrome:sandboxed_process0:org.chromium.content.app.SandboxedProcessService0:10/u0ai10 for  {com.android.chrome/org.chromium.content.app.SandboxedProcessService0:10}
09-02 03:17:57.801  1513  1625 W ActivityManager: Slow operation: 127ms so far, now at startProcess: starting to update pids map
09-02 03:17:57.801  1513  1625 W ActivityManager: Slow operation: 128ms so far, now at startProcess: done updating pids map
09-02 03:17:57.801  1513  1625 W ActivityManager: Slow operation: 99ms so far, now at startProcess: asking zygote to start proc
09-02 03:17:57.801  1513  1625 D CompatibilityChangeReporter: Compat change id reported: 143937733; UID 10220; state: ENABLED
09-02 03:17:57.803 11311 11311 E libc    : SetHeapTaggingLevel: re-enabling tagging after it was disabled is not supported
09-02 03:17:57.805 11234 11298 I cr_LibraryLoader: Successfully loaded native library
09-02 03:17:57.806 11234 11298 I cr_CachingUmaRecorder: Flushed 3 samples from 3 histograms.
09-02 03:17:57.814 11264 11264 I LoadedApk: No resource references to update in package com.google.android.trichromelibrary
09-02 03:17:57.814 11264 11264 D NetworkSecurityConfig: Using Network Security Config from resource 0_resource_name_obfuscated debugBuild: false
09-02 03:17:57.815 11264 11264 D NetworkSecurityConfig: Using Network Security Config from resource 0_resource_name_obfuscated debugBuild: false
09-02 03:17:57.817 11264 11264 I cr_SplitCompatApp: Launched version=107.0.5304.91 minSdkVersion=29 isBundle=true processName=com.android.chrome:sandboxed_process0:org.chromium.content.app.SandboxedProcessService0:8 isIsolated=true
09-02 03:17:57.817 10886 10886 E cr_IntentUtils: getBooleanExtra failed on intent null
09-02 03:17:57.817 10886 10886 E cr_IntentUtils: getBooleanExtra failed on intent null
09-02 03:17:57.820 11311 11311 E cessService0:1: Not starting debugger since process cannot load the jdwp agent.
09-02 03:17:57.825 10886 10886 I cr_tabmodel: #isIncognitoTabBeingRestored from tabDetails:  false
09-02 03:17:57.825 10886 10886 I cr_tabmodel: #isIncognitoTabBeingRestored from tabDetails:  false
09-02 03:17:57.825 10886 10886 W cr_tabmodel: Failed to restore TabState; creating Tab with last known URL.
09-02 03:17:57.825  1513  3232 D CompatibilityChangeReporter: Compat change id reported: 136274596; UID 10220; state: ENABLED
09-02 03:17:57.833 10940 10940 D Zygote  : Forked child process 11342
09-02 03:17:57.836 11264 11264 W SystemServiceRegistry: No service published for: uimode
09-02 03:17:57.837 11342 11342 E libc    : SetHeapTaggingLevel: re-enabling tagging after it was disabled is not supported
09-02 03:17:57.838  1513  2263 D CompatibilityChangeReporter: Compat change id reported: 135634846; UID 10220; state: DISABLED
09-02 03:17:57.839  1513  2263 D CompatibilityChangeReporter: Compat change id reported: 135754954; UID 10220; state: ENABLED
09-02 03:17:57.843 10886 10886 E cr_IntentUtils: getBooleanExtra failed on intent null
09-02 03:17:57.843 10886 10886 E cr_IntentUtils: getBooleanExtra failed on intent null
09-02 03:17:57.843 11264 11264 I cr_ChildProcessService: Creating new ChildProcessService pid=11264
09-02 03:17:57.845  1513  1625 W ActivityManager: Slow operation: 142ms so far, now at startProcess: returned from zygote!
09-02 03:17:57.846  1513  1625 W ActivityManager: Slow operation: 144ms so far, now at startProcess: done updating battery stats
09-02 03:17:57.846  1513  1625 W ActivityManager: Slow operation: 144ms so far, now at startProcess: building log message
09-02 03:17:57.846  1513  1625 I ActivityManager: Start proc 11342:com.android.chrome:sandboxed_process0:org.chromium.content.app.SandboxedProcessService0:11/u0ai11 for  {com.android.chrome/org.chromium.content.app.SandboxedProcessService0:11}
09-02 03:17:57.846  1513  1625 W ActivityManager: Slow operation: 144ms so far, now at startProcess: starting to update pids map
09-02 03:17:57.846  1513  1625 W ActivityManager: Slow operation: 144ms so far, now at startProcess: done updating pids map
09-02 03:17:57.846  1513  1625 W ActivityManager: Slow operation: 114ms so far, now at startProcess: asking zygote to start proc
09-02 03:17:57.847  1513  1625 D CompatibilityChangeReporter: Compat change id reported: 143937733; UID 10220; state: ENABLED
09-02 03:17:57.850 10886 10886 I cr_tabmodel: #isIncognitoTabBeingRestored from tabDetails:  false
09-02 03:17:57.850 10886 10886 I cr_tabmodel: #isIncognitoTabBeingRestored from tabDetails:  false
09-02 03:17:57.850 10886 10886 W cr_tabmodel: Failed to restore TabState; creating Tab with last known URL.
09-02 03:17:57.851 11264 11296 I cr_LibraryLoader: Using ModernLinker
09-02 03:17:57.852  1513  2263 D CompatibilityChangeReporter: Compat change id reported: 136274596; UID 10220; state: ENABLED
09-02 03:17:57.854 11264 11296 W linker  : Warning: "/data/app/~~_KLlx60MH8CoecPTjMKp8g==/com.android.chrome-kw9RHYrlHKb9bPXi8OTClw==/base.apk!/lib/arm64-v8a/libchromium_android_linker.so" unused DT entry: unknown processor-specific (type 0x70000001 arg 0x0) (ignoring)
09-02 03:17:57.855 11264 11296 E cr_ChromiumAndroidLinker: ReserveAddressWithHint: Address range starting at 0x7a38700000 was not free to use
09-02 03:17:57.861 11264 11354 I cr_LibraryLoader: Successfully loaded native library
09-02 03:17:57.861  1513  3232 D CompatibilityChangeReporter: Compat change id reported: 135634846; UID 10220; state: DISABLED
09-02 03:17:57.861  1513  3232 D CompatibilityChangeReporter: Compat change id reported: 135754954; UID 10220; state: ENABLED
09-02 03:17:57.864 10886 10886 E cr_IntentUtils: getBooleanExtra failed on intent null
09-02 03:17:57.864 10886 10886 E cr_IntentUtils: getBooleanExtra failed on intent null
09-02 03:17:57.864 11264 11354 I cr_CachingUmaRecorder: Flushed 3 samples from 3 histograms.
09-02 03:17:57.875 11342 11342 E cessService0:1: Not starting debugger since process cannot load the jdwp agent.
09-02 03:17:57.878 11283 11283 I LoadedApk: No resource references to update in package com.google.android.trichromelibrary
09-02 03:17:57.879 11283 11283 D NetworkSecurityConfig: Using Network Security Config from resource 0_resource_name_obfuscated debugBuild: false
09-02 03:17:57.879 10886 10886 I cr_tabmodel: #isIncognitoTabBeingRestored from tabDetails:  false
09-02 03:17:57.879 10886 10886 I cr_tabmodel: #isIncognitoTabBeingRestored from tabDetails:  false
09-02 03:17:57.879 10886 10886 W cr_tabmodel: Failed to restore TabState; creating Tab with last known URL.
09-02 03:17:57.880 11283 11283 D NetworkSecurityConfig: Using Network Security Config from resource 0_resource_name_obfuscated debugBuild: false
09-02 03:17:57.881 11283 11283 I cr_SplitCompatApp: Launched version=107.0.5304.91 minSdkVersion=29 isBundle=true processName=com.android.chrome:sandboxed_process0:org.chromium.content.app.SandboxedProcessService0:9 isIsolated=true
09-02 03:17:57.885 10940 10940 D Zygote  : Forked child process 11370
09-02 03:17:57.887  1513  1625 W ActivityManager: Slow operation: 154ms so far, now at startProcess: returned from zygote!
09-02 03:17:57.892 11370 11370 E libc    : SetHeapTaggingLevel: re-enabling tagging after it was disabled is not supported
09-02 03:17:57.892  1513  3232 D CompatibilityChangeReporter: Compat change id reported: 136274596; UID 10220; state: ENABLED
09-02 03:17:57.896  1513  1625 W ActivityManager: Slow operation: 163ms so far, now at startProcess: done updating battery stats
09-02 03:17:57.896 10886 10886 E cr_IntentUtils: getBooleanExtra failed on intent null
09-02 03:17:57.896 10886 10886 E cr_IntentUtils: getBooleanExtra failed on intent null
09-02 03:17:57.896  1513  1625 W ActivityManager: Slow operation: 164ms so far, now at startProcess: building log message
09-02 03:17:57.896  1513  1625 I ActivityManager: Start proc 11370:com.android.chrome:sandboxed_process0:org.chromium.content.app.SandboxedProcessService0:12/u0ai12 for  {com.android.chrome/org.chromium.content.app.SandboxedProcessService0:12}
09-02 03:17:57.896  1513  1625 W ActivityManager: Slow operation: 164ms so far, now at startProcess: starting to update pids map
09-02 03:17:57.897  1513  1625 W ActivityManager: Slow operation: 165ms so far, now at startProcess: done updating pids map
09-02 03:17:57.897  1513  1625 W ActivityManager: Slow operation: 138ms so far, now at startProcess: asking zygote to start proc
09-02 03:17:57.897  1513  1625 D CompatibilityChangeReporter: Compat change id reported: 143937733; UID 10220; state: ENABLED
09-02 03:17:57.898  1513  6264 D CompatibilityChangeReporter: Compat change id reported: 135634846; UID 10220; state: DISABLED
09-02 03:17:57.898  1513  6264 D CompatibilityChangeReporter: Compat change id reported: 135754954; UID 10220; state: ENABLED
09-02 03:17:57.901 11311 11311 I LoadedApk: No resource references to update in package com.google.android.trichromelibrary
09-02 03:17:57.902 11283 11283 W SystemServiceRegistry: No service published for: uimode
09-02 03:17:57.905 10886 10886 I cr_tabmodel: #isIncognitoTabBeingRestored from tabDetails:  false
09-02 03:17:57.905 10886 10886 I cr_tabmodel: #isIncognitoTabBeingRestored from tabDetails:  false
09-02 03:17:57.905 10886 10886 W cr_tabmodel: Failed to restore TabState; creating Tab with last known URL.
09-02 03:17:57.911 11311 11311 D NetworkSecurityConfig: Using Network Security Config from resource 0_resource_name_obfuscated debugBuild: false
09-02 03:17:57.912 11311 11311 D NetworkSecurityConfig: Using Network Security Config from resource 0_resource_name_obfuscated debugBuild: false
09-02 03:17:57.912 11370 11370 E cessService0:1: Not starting debugger since process cannot load the jdwp agent.
09-02 03:17:57.913 11311 11311 I cr_SplitCompatApp: Launched version=107.0.5304.91 minSdkVersion=29 isBundle=true processName=com.android.chrome:sandboxed_process0:org.chromium.content.app.SandboxedProcessService0:10 isIsolated=true
09-02 03:17:57.926 11283 11283 I cr_ChildProcessService: Creating new ChildProcessService pid=11283
09-02 03:17:57.927 10886 10886 E cr_IntentUtils: getBooleanExtra failed on intent null
09-02 03:17:57.927 10886 10886 E cr_IntentUtils: getBooleanExtra failed on intent null
09-02 03:17:57.930 10940 10940 D Zygote  : Forked child process 11399
09-02 03:17:57.932 10886 10886 I cr_tabmodel: #isIncognitoTabBeingRestored from tabDetails:  false
09-02 03:17:57.932 10886 10886 I cr_tabmodel: #isIncognitoTabBeingRestored from tabDetails:  false
09-02 03:17:57.932 10886 10886 W cr_tabmodel: Failed to restore TabState; creating Tab with last known URL.
09-02 03:17:57.936  1513  1625 W ActivityManager: Slow operation: 176ms so far, now at startProcess: returned from zygote!
09-02 03:17:57.936  1513  1625 W ActivityManager: Slow operation: 177ms so far, now at startProcess: done updating battery stats
09-02 03:17:57.936  1513  1625 W ActivityManager: Slow operation: 177ms so far, now at startProcess: building log message
09-02 03:17:57.936  1513  1625 I ActivityManager: Start proc 11399:com.android.chrome:sandboxed_process0:org.chromium.content.app.SandboxedProcessService0:13/u0ai13 for  {com.android.chrome/org.chromium.content.app.SandboxedProcessService0:13}
09-02 03:17:57.936  1513  1625 W ActivityManager: Slow operation: 177ms so far, now at startProcess: starting to update pids map
09-02 03:17:57.937  1513  1625 W ActivityManager: Slow operation: 177ms so far, now at startProcess: done updating pids map
09-02 03:17:57.937  1513  1625 W ActivityManager: Slow operation: 137ms so far, now at startProcess: asking zygote to start proc
09-02 03:17:57.942 11283 11341 I cr_LibraryLoader: Using ModernLinker
09-02 03:17:57.944 11342 11342 I LoadedApk: No resource references to update in package com.google.android.trichromelibrary
09-02 03:17:57.945 10886 10886 E cr_IntentUtils: getBooleanExtra failed on intent null
09-02 03:17:57.945 10886 10886 E cr_IntentUtils: getBooleanExtra failed on intent null
09-02 03:17:57.946 11399 11399 E libc    : SetHeapTaggingLevel: re-enabling tagging after it was disabled is not supported
09-02 03:17:57.947 11283 11341 W linker  : Warning: "/data/app/~~_KLlx60MH8CoecPTjMKp8g==/com.android.chrome-kw9RHYrlHKb9bPXi8OTClw==/base.apk!/lib/arm64-v8a/libchromium_android_linker.so" unused DT entry: unknown processor-specific (type 0x70000001 arg 0x0) (ignoring)
09-02 03:17:57.947 11342 11342 D NetworkSecurityConfig: Using Network Security Config from resource 0_resource_name_obfuscated debugBuild: false
09-02 03:17:57.948 11342 11342 D NetworkSecurityConfig: Using Network Security Config from resource 0_resource_name_obfuscated debugBuild: false
09-02 03:17:57.948 11283 11341 E cr_ChromiumAndroidLinker: ReserveAddressWithHint: Address range starting at 0x7a38700000 was not free to use
09-02 03:17:57.950 11342 11342 I cr_SplitCompatApp: Launched version=107.0.5304.91 minSdkVersion=29 isBundle=true processName=com.android.chrome:sandboxed_process0:org.chromium.content.app.SandboxedProcessService0:11 isIsolated=true
09-02 03:17:57.950 10886 10886 I cr_tabmodel: #isIncognitoTabBeingRestored from tabDetails:  false
09-02 03:17:57.950 10886 10886 I cr_tabmodel: #isIncognitoTabBeingRestored from tabDetails:  false
09-02 03:17:57.950 10886 10886 W cr_tabmodel: Failed to restore TabState; creating Tab with last known URL.
09-02 03:17:57.951 11311 11311 W SystemServiceRegistry: No service published for: uimode
09-02 03:17:57.961 11399 11399 E cessService0:1: Not starting debugger since process cannot load the jdwp agent.
09-02 03:17:57.967 11342 11342 W SystemServiceRegistry: No service published for: uimode
09-02 03:17:57.968 10886 10886 E cr_IntentUtils: getBooleanExtra failed on intent null
09-02 03:17:57.968 10886 10886 E cr_IntentUtils: getBooleanExtra failed on intent null
09-02 03:17:57.973 11283 11396 I cr_LibraryLoader: Successfully loaded native library
09-02 03:17:57.975 10886 10886 I cr_tabmodel: #isIncognitoTabBeingRestored from tabDetails:  false
09-02 03:17:57.975 10886 10886 I cr_tabmodel: #isIncognitoTabBeingRestored from tabDetails:  false
09-02 03:17:57.975 10886 10886 W cr_tabmodel: Failed to restore TabState; creating Tab with last known URL.
09-02 03:17:57.977 10940 10940 D Zygote  : Forked child process 11419
09-02 03:17:57.978  1513  1625 W ActivityManager: Slow operation: 179ms so far, now at startProcess: returned from zygote!
09-02 03:17:57.981 11311 11311 I cr_ChildProcessService: Creating new ChildProcessService pid=11311
09-02 03:17:57.982 11419 11419 E libc    : SetHeapTaggingLevel: re-enabling tagging after it was disabled is not supported
09-02 03:17:57.987 11342 11342 I cr_ChildProcessService: Creating new ChildProcessService pid=11342
09-02 03:17:57.991  1513  6264 D CompatibilityChangeReporter: Compat change id reported: 136274596; UID 10220; state: ENABLED
09-02 03:17:57.991 11283 11396 I cr_CachingUmaRecorder: Flushed 3 samples from 3 histograms.
09-02 03:17:57.995  1513  1625 W ActivityManager: Slow operation: 195ms so far, now at startProcess: done updating battery stats
09-02 03:17:57.995  1513  1625 W ActivityManager: Slow operation: 196ms so far, now at startProcess: building log message
09-02 03:17:57.995  1513  1625 I ActivityManager: Start proc 11419:com.android.chrome:sandboxed_process0:org.chromium.content.app.SandboxedProcessService0:14/u0ai14 for  {com.android.chrome/org.chromium.content.app.SandboxedProcessService0:14}
09-02 03:17:57.995  1513  1625 W ActivityManager: Slow operation: 196ms so far, now at startProcess: starting to update pids map
09-02 03:17:57.995  1513  1625 W ActivityManager: Slow operation: 196ms so far, now at startProcess: done updating pids map
09-02 03:17:57.995  1513  1625 W ActivityManager: Slow operation: 188ms so far, now at startProcess: asking zygote to start proc
09-02 03:17:57.996  1513  1625 D CompatibilityChangeReporter: Compat change id reported: 143937733; UID 10220; state: ENABLED
09-02 03:17:58.000  1513  1536 D CompatibilityChangeReporter: Compat change id reported: 136274596; UID 10220; state: ENABLED
09-02 03:17:58.000 10886 10886 E cr_IntentUtils: getBooleanExtra failed on intent null
09-02 03:17:58.000 10886 10886 E cr_IntentUtils: getBooleanExtra failed on intent null
09-02 03:17:58.003 11419 11419 E cessService0:1: Not starting debugger since process cannot load the jdwp agent.
09-02 03:17:58.015 10886 10886 I cr_tabmodel: #isIncognitoTabBeingRestored from tabDetails:  false
09-02 03:17:58.015 10886 10886 I cr_tabmodel: #isIncognitoTabBeingRestored from tabDetails:  false
09-02 03:17:58.015 10886 10886 W cr_tabmodel: Failed to restore TabState; creating Tab with last known URL.
09-02 03:17:58.016  1513  2262 D CompatibilityChangeReporter: Compat change id reported: 135634846; UID 10220; state: DISABLED
09-02 03:17:58.016  1513  2262 D CompatibilityChangeReporter: Compat change id reported: 135754954; UID 10220; state: ENABLED
09-02 03:17:58.022 10940 10940 D Zygote  : Forked child process 11445
09-02 03:17:58.024 11445 11445 E libc    : SetHeapTaggingLevel: re-enabling tagging after it was disabled is not supported
09-02 03:17:58.024 11311 11358 I cr_LibraryLoader: Using ModernLinker
09-02 03:17:58.026 11370 11370 I LoadedApk: No resource references to update in package com.google.android.trichromelibrary
09-02 03:17:58.026  1513  2169 D CompatibilityChangeReporter: Compat change id reported: 136274596; UID 10220; state: ENABLED
09-02 03:17:58.026 11370 11370 D NetworkSecurityConfig: Using Network Security Config from resource 0_resource_name_obfuscated debugBuild: false
09-02 03:17:58.027 11311 11358 W linker  : Warning: "/data/app/~~_KLlx60MH8CoecPTjMKp8g==/com.android.chrome-kw9RHYrlHKb9bPXi8OTClw==/base.apk!/lib/arm64-v8a/libchromium_android_linker.so" unused DT entry: unknown processor-specific (type 0x70000001 arg 0x0) (ignoring)
09-02 03:17:58.027 11370 11370 D NetworkSecurityConfig: Using Network Security Config from resource 0_resource_name_obfuscated debugBuild: false
09-02 03:17:58.027 11342 11380 I cr_LibraryLoader: Using ModernLinker
09-02 03:17:58.027 11311 11358 E cr_ChromiumAndroidLinker: ReserveAddressWithHint: Address range starting at 0x7a38700000 was not free to use
09-02 03:17:58.028  1513  3241 D CompatibilityChangeReporter: Compat change id reported: 135634846; UID 10220; state: DISABLED
09-02 03:17:58.028  1513  3241 D CompatibilityChangeReporter: Compat change id reported: 135754954; UID 10220; state: ENABLED
09-02 03:17:58.030 11342 11380 W linker  : Warning: "/data/app/~~_KLlx60MH8CoecPTjMKp8g==/com.android.chrome-kw9RHYrlHKb9bPXi8OTClw==/base.apk!/lib/arm64-v8a/libchromium_android_linker.so" unused DT entry: unknown processor-specific (type 0x70000001 arg 0x0) (ignoring)
09-02 03:17:58.030 11370 11370 I cr_SplitCompatApp: Launched version=107.0.5304.91 minSdkVersion=29 isBundle=true processName=com.android.chrome:sandboxed_process0:org.chromium.content.app.SandboxedProcessService0:12 isIsolated=true
09-02 03:17:58.031 11342 11380 E cr_ChromiumAndroidLinker: ReserveAddressWithHint: Address range starting at 0x7a38700000 was not free to use
09-02 03:17:58.033 11311 11427 I cr_LibraryLoader: Successfully loaded native library
09-02 03:17:58.034 11311 11427 I cr_CachingUmaRecorder: Flushed 3 samples from 3 histograms.
09-02 03:17:58.034 10886 10886 E cr_IntentUtils: getBooleanExtra failed on intent null
09-02 03:17:58.034 10886 10886 E cr_IntentUtils: getBooleanExtra failed on intent null
09-02 03:17:58.038 11342 11433 I cr_LibraryLoader: Successfully loaded native library
09-02 03:17:58.040 11342 11433 I cr_CachingUmaRecorder: Flushed 3 samples from 3 histograms.
09-02 03:17:58.041 11445 11445 E cessService0:1: Not starting debugger since process cannot load the jdwp agent.
09-02 03:17:58.046 10886 10886 I cr_tabmodel: #isIncognitoTabBeingRestored from tabDetails:  false
09-02 03:17:58.046 10886 10886 I cr_tabmodel: #isIncognitoTabBeingRestored from tabDetails:  false
09-02 03:17:58.046 10886 10886 W cr_tabmodel: Failed to restore TabState; creating Tab with last known URL.
09-02 03:17:58.047 11370 11370 W SystemServiceRegistry: No service published for: uimode
09-02 03:17:58.056 11399 11399 I LoadedApk: No resource references to update in package com.google.android.trichromelibrary
09-02 03:17:58.056 11399 11399 D NetworkSecurityConfig: Using Network Security Config from resource 0_resource_name_obfuscated debugBuild: false
09-02 03:17:58.057 11419 11419 I LoadedApk: No resource references to update in package com.google.android.trichromelibrary
09-02 03:17:58.057 11399 11399 D NetworkSecurityConfig: Using Network Security Config from resource 0_resource_name_obfuscated debugBuild: false
09-02 03:17:58.058 11419 11419 D NetworkSecurityConfig: Using Network Security Config from resource 0_resource_name_obfuscated debugBuild: false
09-02 03:17:58.059 11399 11399 I cr_SplitCompatApp: Launched version=107.0.5304.91 minSdkVersion=29 isBundle=true processName=com.android.chrome:sandboxed_process0:org.chromium.content.app.SandboxedProcessService0:13 isIsolated=true
09-02 03:17:58.059 11419 11419 D NetworkSecurityConfig: Using Network Security Config from resource 0_resource_name_obfuscated debugBuild: false
09-02 03:17:58.060 10886 10886 E cr_IntentUtils: getBooleanExtra failed on intent null
09-02 03:17:58.060 10886 10886 E cr_IntentUtils: getBooleanExtra failed on intent null
09-02 03:17:58.061 11370 11370 I cr_ChildProcessService: Creating new ChildProcessService pid=11370
09-02 03:17:58.062  1513  1625 W ActivityManager: Slow operation: 255ms so far, now at startProcess: returned from zygote!
09-02 03:17:58.062  1513  1625 W ActivityManager: Slow operation: 255ms so far, now at startProcess: done updating battery stats
09-02 03:17:58.062  1513  1625 W ActivityManager: Slow operation: 255ms so far, now at startProcess: building log message
09-02 03:17:58.062  1513  1625 I ActivityManager: Start proc 11445:com.android.chrome:sandboxed_process0:org.chromium.content.app.SandboxedProcessService0:15/u0ai15 for  {com.android.chrome/org.chromium.content.app.SandboxedProcessService0:15}
09-02 03:17:58.062  1513  1625 W ActivityManager: Slow operation: 255ms so far, now at startProcess: starting to update pids map
09-02 03:17:58.062  1513  1625 W ActivityManager: Slow operation: 255ms so far, now at startProcess: done updating pids map
09-02 03:17:58.062  1513  1625 W ActivityManager: Slow operation: 224ms so far, now at startProcess: asking zygote to start proc
09-02 03:17:58.062  1513  1625 D CompatibilityChangeReporter: Compat change id reported: 143937733; UID 10220; state: ENABLED
09-02 03:17:58.069 10886 10886 I cr_tabmodel: #isIncognitoTabBeingRestored from tabDetails:  false
09-02 03:17:58.069 10886 10886 I cr_tabmodel: #isIncognitoTabBeingRestored from tabDetails:  false
09-02 03:17:58.069 10886 10886 W cr_tabmodel: Failed to restore TabState; creating Tab with last known URL.
09-02 03:17:58.071  1513  2169 D CompatibilityChangeReporter: Compat change id reported: 136274596; UID 10220; state: ENABLED
09-02 03:17:58.079 11399 11399 W SystemServiceRegistry: No service published for: uimode
09-02 03:17:58.080 11419 11419 I cr_SplitCompatApp: Launched version=107.0.5304.91 minSdkVersion=29 isBundle=true processName=com.android.chrome:sandboxed_process0:org.chromium.content.app.SandboxedProcessService0:14 isIsolated=true
09-02 03:17:58.080 10940 10940 D Zygote  : Forked child process 11486
09-02 03:17:58.082  1513  1625 W ActivityManager: Slow operation: 243ms so far, now at startProcess: returned from zygote!
09-02 03:17:58.082  1513  1625 W ActivityManager: Slow operation: 244ms so far, now at startProcess: done updating battery stats
09-02 03:17:58.082  1513  1625 W ActivityManager: Slow operation: 244ms so far, now at startProcess: building log message
09-02 03:17:58.082  1513  1625 I ActivityManager: Start proc 11486:com.android.chrome:sandboxed_process0:org.chromium.content.app.SandboxedProcessService0:16/u0ai16 for  {com.android.chrome/org.chromium.content.app.SandboxedProcessService0:16}
09-02 03:17:58.082  1513  1625 W ActivityManager: Slow operation: 244ms so far, now at startProcess: starting to update pids map
09-02 03:17:58.082  1513  1625 W ActivityManager: Slow operation: 244ms so far, now at startProcess: done updating pids map
09-02 03:17:58.082  1513  1625 W ActivityManager: Slow operation: 221ms so far, now at startProcess: asking zygote to start proc
09-02 03:17:58.082  1513  1625 D CompatibilityChangeReporter: Compat change id reported: 143937733; UID 10220; state: ENABLED
09-02 03:17:58.085 11486 11486 E libc    : SetHeapTaggingLevel: re-enabling tagging after it was disabled is not supported
09-02 03:17:58.086  1513  6264 D CompatibilityChangeReporter: Compat change id reported: 135634846; UID 10220; state: DISABLED
