09-01 22:50:55.850  1513  1651 D KernelCpuUidUserSysTimeReader: Removing uids 90062-90062
09-01 22:50:55.851  1513  1651 D KernelCpuUidUserSysTimeReader: Removing uids 90037-90037
09-01 22:50:55.851  1513  1651 D KernelCpuUidUserSysTimeReader: Removing uids 90051-90051
09-01 22:50:55.851  1513  1651 D KernelCpuUidUserSysTimeReader: Removing uids 90061-90061
09-01 22:50:55.851  1513  1651 D KernelCpuUidUserSysTimeReader: Removing uids 90056-90056
09-01 22:50:55.851  1513  1651 D KernelCpuUidUserSysTimeReader: Removing uids 90059-90059
09-01 22:50:55.851  1513  1651 D KernelCpuUidUserSysTimeReader: Removing uids 90000-90000
09-01 22:50:55.852  1513  1651 D KernelCpuUidUserSysTimeReader: Removing uids 90002-90002
09-01 22:50:55.852  1513  1651 D KernelCpuUidUserSysTimeReader: Removing uids 90024-90024
09-01 22:50:55.852  1513  1651 D KernelCpuUidUserSysTimeReader: Removing uids 90045-90045
09-01 22:50:55.852  1513  1651 D KernelCpuUidUserSysTimeReader: Removing uids 90046-90046
09-01 22:50:55.852  1513  1651 D KernelCpuUidUserSysTimeReader: Removing uids 90060-90060
09-01 22:50:55.853  1513  1651 D KernelCpuUidUserSysTimeReader: Removing uids 90055-90055
09-01 22:50:55.853  1513  1651 D KernelCpuUidUserSysTimeReader: Removing uids 90018-90018
09-01 22:50:55.853  1513  1651 D KernelCpuUidUserSysTimeReader: Removing uids 90048-90048
09-01 22:50:55.853  1513  1651 D KernelCpuUidUserSysTimeReader: Removing uids 90020-90020
09-01 22:50:55.853  1513  1651 D KernelCpuUidUserSysTimeReader: Removing uids 90015-90015
09-01 22:50:55.853  1513  1651 D KernelCpuUidUserSysTimeReader: Removing uids 90032-90032
09-01 22:50:55.854  1513  1651 D KernelCpuUidUserSysTimeReader: Removing uids 90005-90005
09-01 22:50:55.854  1513  1651 D KernelCpuUidUserSysTimeReader: Removing uids 90042-90042
09-01 22:50:55.854  1513  1651 D KernelCpuUidUserSysTimeReader: Removing uids 90007-90007
09-01 22:50:55.854  1513  1651 D KernelCpuUidUserSysTimeReader: Removing uids 90033-90033
09-01 22:50:55.854  1513  1651 D KernelCpuUidUserSysTimeReader: Removing uids 90008-90008
09-01 22:50:55.854  1513  1651 D KernelCpuUidUserSysTimeReader: Removing uids 90054-90054
09-01 22:50:55.855  1513  1651 D KernelCpuUidUserSysTimeReader: Removing uids 90011-90011
09-01 22:50:55.855  1513  1651 D KernelCpuUidUserSysTimeReader: Removing uids 90022-90022
09-01 22:50:55.855  1513  1651 D KernelCpuUidUserSysTimeReader: Removing uids 90016-90016
09-01 22:50:55.855  1513  1651 D KernelCpuUidUserSysTimeReader: Removing uids 90028-90028
09-01 22:50:55.855  1513  1651 D KernelCpuUidUserSysTimeReader: Removing uids 90043-90043
09-01 22:50:55.855  1513  1651 D KernelCpuUidUserSysTimeReader: Removing uids 90034-90034
09-01 22:50:55.856  1513  1651 D KernelCpuUidUserSysTimeReader: Removing uids 90035-90035
09-01 22:50:55.856  1513  1651 D KernelCpuUidUserSysTimeReader: Removing uids 90017-90017
09-01 22:50:55.856  1513  1651 D KernelCpuUidUserSysTimeReader: Removing uids 90003-90003
09-01 22:50:55.856  7318  7318 I Zygote  : Process 9296 exited due to signal 9 (Killed)
09-01 22:50:55.856  1513  1651 D KernelCpuUidUserSysTimeReader: Removing uids 90023-90023
09-01 22:50:55.857  1513  1651 D KernelCpuUidUserSysTimeReader: Removing uids 90044-90044
09-01 22:50:55.857  1513  1651 D KernelCpuUidUserSysTimeReader: Removing uids 90058-90058
09-01 22:50:55.857  1513  1651 D KernelCpuUidUserSysTimeReader: Removing uids 90001-90001
09-01 22:50:55.857  1513  1651 D KernelCpuUidUserSysTimeReader: Removing uids 90052-90052
09-01 22:50:55.857  1513  1651 D KernelCpuUidUserSysTimeReader: Removing uids 90049-90049
09-01 22:50:55.857  1513  1651 D KernelCpuUidUserSysTimeReader: Removing uids 90010-90010
09-01 22:50:55.857  1513  1651 D KernelCpuUidUserSysTimeReader: Removing uids 90031-90031
09-01 22:50:55.858  1513  1651 D KernelCpuUidUserSysTimeReader: Removing uids 90006-90006
09-01 22:50:55.858  1513  1651 D KernelCpuUidUserSysTimeReader: Removing uids 90021-90021
09-01 22:50:55.858  1513  1651 D KernelCpuUidUserSysTimeReader: Removing uids 90039-90039
09-01 22:50:55.858  1513  1651 D KernelCpuUidUserSysTimeReader: Removing uids 90025-90025
09-01 22:50:55.858  1513  1651 D KernelCpuUidUserSysTimeReader: Removing uids 90019-90019
09-01 22:50:55.859  1513  1651 D KernelCpuUidUserSysTimeReader: Removing uids 90047-90047
09-01 22:50:55.859  1513  1651 D KernelCpuUidUserSysTimeReader: Removing uids 90050-90050
09-01 22:50:55.859  1513  1651 D KernelCpuUidUserSysTimeReader: Removing uids 90013-90013
09-01 22:50:55.859  1513  1651 D KernelCpuUidUserSysTimeReader: Removing uids 90027-90027
09-01 22:50:55.859  1513  1651 D KernelCpuUidUserSysTimeReader: Removing uids 90038-90038
09-01 22:50:55.859  1513  1651 D KernelCpuUidUserSysTimeReader: Removing uids 90012-90012
09-01 22:50:55.860  1513  1651 D KernelCpuUidUserSysTimeReader: Removing uids 90009-90009
09-01 22:50:55.860  1513  1651 D KernelCpuUidUserSysTimeReader: Removing uids 90004-90004
09-01 22:50:55.860  1513  1651 D KernelCpuUidUserSysTimeReader: Removing uids 90026-90026
09-01 22:50:55.860  1513  1651 D KernelCpuUidUserSysTimeReader: Removing uids 90041-90041
09-01 22:50:55.860  1513  1651 D KernelCpuUidUserSysTimeReader: Removing uids 90030-90030
09-01 22:50:55.861  1513  1651 D KernelCpuUidUserSysTimeReader: Removing uids 90014-90014
09-01 22:50:55.861  7318  7318 I Zygote  : Process 9201 exited due to signal 9 (Killed)
09-01 22:50:55.861  1513  1651 D KernelCpuUidUserSysTimeReader: Removing uids 90040-90040
09-01 22:50:55.861  1513  1651 D KernelCpuUidUserSysTimeReader: Removing uids 90007-90007
09-01 22:50:55.861  1513  1651 D KernelCpuUidUserSysTimeReader: Removing uids 90065-90065
09-01 22:50:55.861  1513  1651 D KernelCpuUidUserSysTimeReader: Removing uids 90002-90002
09-01 22:50:55.861  1513  1651 D KernelCpuUidUserSysTimeReader: Removing uids 90047-90047
09-01 22:50:55.861  1513  1651 D KernelCpuUidUserSysTimeReader: Removing uids 90019-90019
09-01 22:50:55.862  1513  1651 D KernelCpuUidUserSysTimeReader: Removing uids 90008-90008
09-01 22:50:55.862  7318  7318 I Zygote  : Process 9270 exited due to signal 9 (Killed)
09-01 22:50:55.862  1513  1651 D KernelCpuUidUserSysTimeReader: Removing uids 90038-90038
09-01 22:50:55.862  1513  1651 D KernelCpuUidUserSysTimeReader: Removing uids 90058-90058
09-01 22:50:55.862  1513  1651 D KernelCpuUidUserSysTimeReader: Removing uids 90024-90024
09-01 22:50:55.862  1513  1651 D KernelCpuUidUserSysTimeReader: Removing uids 90049-90049
09-01 22:50:55.862  1513  1651 D KernelCpuUidUserSysTimeReader: Removing uids 90048-90048
09-01 22:50:55.863  1513  1651 D KernelCpuUidUserSysTimeReader: Removing uids 90037-90037
09-01 22:50:55.863  1513  1651 D KernelCpuUidUserSysTimeReader: Removing uids 90044-90044
09-01 22:50:55.863  1513  1651 D KernelCpuUidUserSysTimeReader: Removing uids 90011-90011
09-01 22:50:55.863  1513  1651 D KernelCpuUidUserSysTimeReader: Removing uids 90040-90040
09-01 22:50:55.863  1513  1651 D KernelCpuUidUserSysTimeReader: Removing uids 90045-90045
09-01 22:50:55.863  1513  1651 D KernelCpuUidUserSysTimeReader: Removing uids 90029-90029
09-01 22:50:55.864  1513  1651 D KernelCpuUidUserSysTimeReader: Removing uids 90026-90026
09-01 22:50:55.864  1513  1651 D KernelCpuUidUserSysTimeReader: Removing uids 90017-90017
09-01 22:50:55.864  1513  1651 D KernelCpuUidUserSysTimeReader: Removing uids 90046-90046
09-01 22:50:55.864  1513  1651 D KernelCpuUidUserSysTimeReader: Removing uids 90063-90063
09-01 22:50:55.864  1513  1651 D KernelCpuUidUserSysTimeReader: Removing uids 90057-90057
09-01 22:50:55.864  1513  1651 D KernelCpuUidUserSysTimeReader: Removing uids 90028-90028
09-01 22:50:55.864  1513  1651 D KernelCpuUidUserSysTimeReader: Removing uids 90059-90059
09-01 22:50:55.865  1513  1651 D KernelCpuUidUserSysTimeReader: Removing uids 90021-90021
09-01 22:50:55.865  1513  1651 D KernelCpuUidUserSysTimeReader: Removing uids 90006-90006
09-01 22:50:55.865  1513  1651 D KernelCpuUidUserSysTimeReader: Removing uids 90020-90020
09-01 22:50:55.865  1513  1651 D KernelCpuUidUserSysTimeReader: Removing uids 90042-90042
09-01 22:50:55.865  1513  1651 D KernelCpuUidUserSysTimeReader: Removing uids 90004-90004
09-01 22:50:55.865  1513  1651 D KernelCpuUidUserSysTimeReader: Removing uids 90055-90055
09-01 22:50:55.865  1513  1651 D KernelCpuUidUserSysTimeReader: Removing uids 90053-90053
09-01 22:50:55.866  1513  1651 D KernelCpuUidUserSysTimeReader: Removing uids 90012-90012
09-01 22:50:55.866  1513  1651 D KernelCpuUidUserSysTimeReader: Removing uids 90022-90022
09-01 22:50:55.866  1513  1651 D KernelCpuUidUserSysTimeReader: Removing uids 90061-90061
09-01 22:50:55.866  1513  1651 D KernelCpuUidUserSysTimeReader: Removing uids 90027-90027
09-01 22:50:55.867  1513  1651 D KernelCpuUidUserSysTimeReader: Removing uids 90039-90039
09-01 22:50:55.867  1513  1651 D KernelCpuUidUserSysTimeReader: Removing uids 90030-90030
09-01 22:50:55.867  1513  1651 D KernelCpuUidUserSysTimeReader: Removing uids 90056-90056
09-01 22:50:55.867  1513  1651 D KernelCpuUidUserSysTimeReader: Removing uids 90052-90052
09-01 22:50:55.868  1513  1651 D KernelCpuUidUserSysTimeReader: Removing uids 90064-90064
09-01 22:50:55.868  1513  1651 D KernelCpuUidUserSysTimeReader: Removing uids 90051-90051
09-01 22:50:55.868  1513  1651 D KernelCpuUidUserSysTimeReader: Removing uids 90025-90025
09-01 22:50:55.868  1513  1651 D KernelCpuUidUserSysTimeReader: Removing uids 90014-90014
09-01 22:50:55.868  1513  1651 D KernelCpuUidUserSysTimeReader: Removing uids 90005-90005
09-01 22:50:55.868  1513  1651 D KernelCpuUidUserSysTimeReader: Removing uids 90041-90041
09-01 22:50:55.868  1513  1651 D KernelCpuUidUserSysTimeReader: Removing uids 90000-90000
09-01 22:50:55.869  1513  1651 D KernelCpuUidUserSysTimeReader: Removing uids 90015-90015
09-01 22:50:55.869  1513  1651 D KernelCpuUidUserSysTimeReader: Removing uids 90032-90032
09-01 22:50:55.869  1513  1651 D KernelCpuUidUserSysTimeReader: Removing uids 90003-90003
09-01 22:50:55.869  1513  1651 D KernelCpuUidUserSysTimeReader: Removing uids 90043-90043
09-01 22:50:55.869  1513  1651 D KernelCpuUidUserSysTimeReader: Removing uids 90018-90018
09-01 22:50:55.870  1513  1651 D KernelCpuUidUserSysTimeReader: Removing uids 90009-90009
09-01 22:50:55.870  1513  1651 D KernelCpuUidUserSysTimeReader: Removing uids 90016-90016
09-01 22:50:55.870  1513  1651 D KernelCpuUidUserSysTimeReader: Removing uids 90060-90060
09-01 22:50:55.870  1513  1651 D KernelCpuUidUserSysTimeReader: Removing uids 90013-90013
09-01 22:50:55.870  1513  1651 D KernelCpuUidUserSysTimeReader: Removing uids 90054-90054
09-01 22:50:55.871  1513  1651 D KernelCpuUidUserSysTimeReader: Removing uids 90031-90031
09-01 22:50:55.871  1513  1651 D KernelCpuUidUserSysTimeReader: Removing uids 90033-90033
09-01 22:50:55.871  1513  1651 D KernelCpuUidUserSysTimeReader: Removing uids 90035-90035
09-01 22:50:55.871  1513  1651 D KernelCpuUidUserSysTimeReader: Removing uids 90034-90034
09-01 22:50:55.871  1513  1651 D KernelCpuUidUserSysTimeReader: Removing uids 90062-90062
09-01 22:50:55.871  1513  1651 D KernelCpuUidUserSysTimeReader: Removing uids 90010-90010
09-01 22:50:55.872  1513  1651 D KernelCpuUidUserSysTimeReader: Removing uids 90001-90001
09-01 22:50:55.872  1513  1651 D KernelCpuUidUserSysTimeReader: Removing uids 90036-90036
09-01 22:50:55.872  1513  1651 D KernelCpuUidUserSysTimeReader: Removing uids 90023-90023
09-01 22:50:55.872  1513  1651 D KernelCpuUidUserSysTimeReader: Removing uids 90050-90050
09-01 22:50:56.058  7318  7318 I Zygote  : Process 9244 exited due to signal 9 (Killed)
09-01 22:50:56.068  7318  7318 I Zygote  : Process 9078 exited due to signal 9 (Killed)
09-01 22:50:56.089  7318  7318 I Zygote  : Process 9169 exited due to signal 9 (Killed)
09-01 22:50:56.110  7318  7318 I Zygote  : Process 8993 exited due to signal 9 (Killed)
09-01 22:50:56.111  7318  7318 I Zygote  : Process 9141 exited due to signal 9 (Killed)
09-01 22:50:56.112  7318  7318 I Zygote  : Process 9124 exited due to signal 9 (Killed)
09-01 22:50:56.117  7318  7318 I Zygote  : Process 9224 exited due to signal 9 (Killed)
09-01 22:50:56.124  7318  7318 I Zygote  : Process 8400 exited due to signal 9 (Killed)
09-01 22:50:56.143  7318  7318 I Zygote  : Process 7706 exited due to signal 9 (Killed)
09-01 22:50:56.167   901  1000 D VSC     : @ 46642.619: [WO] tilt angle 89
09-01 22:50:56.224  1513  1567 W Looper  : Slow dispatch took 109ms android.ui h=com.android.server.am.ActivityManagerService$UiHandler c=null m=53
09-01 22:50:56.231  7318  7318 I Zygote  : Process 8480 exited due to signal 9 (Killed)
09-01 22:50:56.245  7318  7318 I Zygote  : Process 9035 exited due to signal 9 (Killed)
09-01 22:50:56.246  7318  7318 I Zygote  : Process 8135 exited due to signal 9 (Killed)
09-01 22:50:56.248  7318  7318 I Zygote  : Process 8622 exited due to signal 9 (Killed)
09-01 22:50:56.273  7318  7318 I Zygote  : Process 8248 exited due to signal 9 (Killed)
09-01 22:50:56.273  7318  9629 I Zygote  : Process 8012 exited due to signal 9 (Killed)
09-01 22:50:56.274  7318  9630 I Zygote  : Process 8221 exited due to signal 9 (Killed)
09-01 22:50:56.280  7318  7318 I Zygote  : Process 8459 exited due to signal 9 (Killed)
09-01 22:50:56.290  7318  7318 I Zygote  : Process 8855 exited due to signal 9 (Killed)
09-01 22:50:56.319  7318  7318 I Zygote  : Process 7725 exited due to signal 9 (Killed)
09-01 22:50:56.320  7318  7318 I Zygote  : Process 7622 exited due to signal 9 (Killed)
09-01 22:50:56.360  1513  1567 W Looper  : Slow dispatch took 125ms android.ui h=com.android.server.am.ActivityManagerService$UiHandler c=null m=53
09-01 22:50:56.386  7318  7318 I Zygote  : Process 9332 exited due to signal 9 (Killed)
09-01 22:50:56.410  7318  7318 I Zygote  : Process 8691 exited due to signal 9 (Killed)
09-01 22:50:56.418  7318  7318 I Zygote  : Process 8292 exited due to signal 9 (Killed)
09-01 22:50:56.423  7318  7318 I Zygote  : Process 8037 exited due to signal 9 (Killed)
09-01 22:50:56.425  7318  7318 I Zygote  : Process 7487 exited due to signal 9 (Killed)
09-01 22:50:56.432  7318  7318 I Zygote  : Process 8892 exited due to signal 9 (Killed)
09-01 22:50:56.434  7318  7318 I Zygote  : Process 8079 exited due to signal 9 (Killed)
09-01 22:50:56.440  7318  7318 I Zygote  : Process 7469 exited due to signal 9 (Killed)
09-01 22:50:56.442  7318  7318 I Zygote  : Process 8761 exited due to signal 9 (Killed)
09-01 22:50:56.448  7318  7318 I Zygote  : Process 9317 exited due to signal 9 (Killed)
09-01 22:50:56.454  7318  7318 I Zygote  : Process 8437 exited due to signal 9 (Killed)
09-01 22:50:56.459  7318  7318 I Zygote  : Process 8594 exited due to signal 9 (Killed)
09-01 22:50:56.463  7318  7318 I Zygote  : Process 7774 exited due to signal 9 (Killed)
09-01 22:50:56.468  7318  7318 I Zygote  : Process 7903 exited due to signal 9 (Killed)
09-01 22:50:56.475  7318  7318 I Zygote  : Process 8956 exited due to signal 9 (Killed)
09-01 22:50:56.491  7318  7318 I Zygote  : Process 7648 exited due to signal 9 (Killed)
09-01 22:50:56.491  7318  9630 I Zygote  : Process 7670 exited due to signal 9 (Killed)
09-01 22:50:56.491  7318  9630 I Zygote  : Process 7760 exited due to signal 9 (Killed)
09-01 22:50:56.496  7318  7318 I Zygote  : Process 8151 exited due to signal 9 (Killed)
09-01 22:50:56.498  7318  7318 I Zygote  : Process 8659 exited due to signal 9 (Killed)
09-01 22:50:56.499  7318  7318 I Zygote  : Process 8352 exited due to signal 9 (Killed)
09-01 22:50:56.500  7318  7318 I Zygote  : Process 7551 exited due to signal 9 (Killed)
09-01 22:50:56.502  7318  7318 I Zygote  : Process 8118 exited due to signal 9 (Killed)
09-01 22:50:56.502  7318  7318 I Zygote  : Process 8550 exited due to signal 9 (Killed)
09-01 22:50:56.502  7318  7318 I Zygote  : Process 7356 exited due to signal 9 (Killed)
09-01 22:50:56.504  7318  7318 I Zygote  : Process 7982 exited due to signal 9 (Killed)
09-01 22:50:56.508  7318  7318 I Zygote  : Process 7835 exited due to signal 9 (Killed)
09-01 22:50:56.508  7318  7318 I Zygote  : Process 7452 exited due to signal 9 (Killed)
09-01 22:50:56.509  7318  7318 I Zygote  : Process 7582 exited due to signal 9 (Killed)
09-01 22:50:56.509  7318  9630 I Zygote  : Process 8180 exited due to signal 9 (Killed)
09-01 22:50:56.510  7318  7318 I Zygote  : Process 8939 exited due to signal 9 (Killed)
09-01 22:50:56.516  7318  7318 I Zygote  : Process 7532 exited due to signal 9 (Killed)
09-01 22:50:56.516  7318  7318 I Zygote  : Process 8516 exited due to signal 9 (Killed)
09-01 22:50:56.517  7318  7318 I Zygote  : Process 7953 exited due to signal 9 (Killed)
09-01 22:50:56.517  7318  7318 I Zygote  : Process 8724 exited due to signal 9 (Killed)
09-01 22:50:56.522  7318  7318 I Zygote  : Process 7435 exited due to signal 9 (Killed)
09-01 22:50:56.522  7318  7318 I Zygote  : Process 8318 exited due to signal 9 (Killed)
09-01 22:50:56.522  7318  7318 I Zygote  : Process 7500 exited due to signal 9 (Killed)
09-01 22:50:56.525  7318  7318 I Zygote  : Process 7873 exited due to signal 9 (Killed)
09-01 22:50:56.525  7318  7318 I Zygote  : Process 8906 exited due to signal 9 (Killed)
09-01 22:50:56.527  7318  7318 I Zygote  : Process 8829 exited due to signal 9 (Killed)
09-01 22:50:56.528  7318  7318 I Zygote  : Process 8574 exited due to signal 9 (Killed)
09-01 22:50:56.530  7318  7318 I Zygote  : Process 8799 exited due to signal 9 (Killed)
09-01 22:50:56.948  1513  1567 W Looper  : Slow dispatch took 473ms android.ui h=com.android.server.am.ActivityManagerService$UiHandler c=null m=53
09-01 22:50:56.949  1513  1567 W Looper  : Slow delivery took 501ms android.ui h=com.android.server.am.ActivityManagerService$UiHandler c=null m=32
09-01 22:50:56.953  1513  1567 W Looper  : Drained
09-01 22:50:57.418   901  2806 I sensors-hal: [ssc_utils]get_qmi_debug_flag:244, support_qmi_debug : false
09-01 22:50:57.432   901  2806 I sensors-hal: [ssc_utils]get_qmi_debug_flag:244, support_qmi_debug : false
09-01 22:50:57.446   901  1000 W ASH     : @ 46643.898: Unhandled msg ID 999: line 1277
09-01 22:50:57.446   901  1000 E ASH     : @ 46643.898: No pb callback assigned
09-01 22:50:57.446   901  1000 E ASH     : @ 46643.898: Nanopb error: callback failed:1588
09-01 22:50:57.531   901  2806 I sensors-hal: [ssc_utils]get_qmi_debug_flag:244, support_qmi_debug : false
09-01 22:50:57.566   901  1000 W ASH     : @ 46644.018: Unhandled msg ID 999: line 1277
09-01 22:50:57.566   901  1000 E ASH     : @ 46644.018: No pb callback assigned
09-01 22:50:57.566   901  1000 E ASH     : @ 46644.018: Nanopb error: callback failed:1588
09-01 22:50:58.167   901  1000 D VSC     : @ 46644.618: [WO] tilt angle 89
09-01 22:50:58.267  1513  2000 D ConnectivityService: NetReassign [no changes]
09-01 22:50:58.984  1513  2180 I ActivityManager: Force stopping com.example.batterymanager_utility appid=10260 user=0: from pid 9813
09-01 22:50:58.985  1513  2180 I ActivityManager: Killing 7210:com.example.batterymanager_utility/u0a260 (adj 0): stop com.example.batterymanager_utility due to from pid 9813
09-01 22:50:58.986  1513  2180 W ActivityTaskManager: Force removing ActivityRecord{6e3f53c u0 com.example.batterymanager_utility/.MainActivity t1817 f}}: app died, no saved state
09-01 22:50:58.991   901  2806 I sensors-hal: [ssc_utils]get_qmi_debug_flag:244, support_qmi_debug : false
09-01 22:50:59.006   901  1000 W ASH     : @ 46645.458: Unhandled msg ID 999: line 1277
09-01 22:50:59.006   901  1000 E ASH     : @ 46645.458: No pb callback assigned
09-01 22:50:59.006   901  1000 E ASH     : @ 46645.458: Nanopb error: callback failed:1588
09-01 22:50:59.006  9813  9815 I cmd     : oneway function results will be dropped but finished with status OK and parcel size 4
09-01 22:50:59.010  2474  2474 E PhoneInterfaceManager: [PhoneIntfMgr] getCarrierPackageNamesForIntentAndPhone: No UICC
09-01 22:50:59.010  2474  2474 D CarrierSvcBindHelper: No carrier app for: 0
09-01 22:50:59.014  3135  3135 D RegisteredNfcFServicesCache: Service unchanged, not updating
09-01 22:50:59.014  8777  9819 I EuiccGoogle: [6870] EuiccServiceImpl.onGetEuiccProfileInfoList: onGetEuiccProfileInfoList: slotId = -1
09-01 22:50:59.017  8777  9819 W EuiccGoogle: [6870] EuiccServiceImpl.onGetEuiccProfileInfoList: slotId=-1. No eUICC is active. Return null.
09-01 22:50:59.022  3088  3660 I AssistantForeground: (REDACTED) Get launcher package: %s
09-01 22:50:59.023  1513  1572 W ActivityManager: setHasOverlayUi called on unknown pid: 7210
09-01 22:50:59.024   778   778 I Zygote  : Process 7210 exited due to signal 9 (Killed)
09-01 22:50:59.032  1513  1640 I libprocessgroup: Successfully killed process cgroup uid 10260 pid 7210 in 45ms
09-01 22:50:59.039  3088  3088 I GsaVoiceInteractionSrv: Handling ACTION_START_HOTWORD
09-01 22:50:59.039  3088  3620 I GsaVoiceInteractionSrv: (REDACTED) disregardVoiceMatch: %b
09-01 22:50:59.039  3088  3620 I GsaVoiceInteractionSrv: Cannot start hotword, hotword has been explicitly disabled.
09-01 22:50:59.050  2158  2158 I WallpaperService: engine resumed
09-01 22:50:59.052   901   901 I sensors-hal: [hal]batch_physical_sensor:301, android.sensor.gyroscope/41, period=20000000, max_latency=0
09-01 22:50:59.052   901   901 I sensors-hal: [hal]batch_physical_sensor:310, android.sensor.gyroscope/41, period=20000000, max_latency=0 request completed
09-01 22:50:59.054   901   901 I sensors-hal: [hal]activate_physical_sensor:238, android.sensor.gyroscope/41 en=1
09-01 22:50:59.054   901   901 I sensors-hal: [ssc_utils]get_qmi_debug_flag:244, support_qmi_debug : false
09-01 22:50:59.055   901   901 W sensors@2.0-ser: type=1400 audit(0.0:5625): avc: denied { read write } for name="diag" dev="tmpfs" ino=12474 scontext=u:r:hal_sensors_default:s0 tcontext=u:object_r:diag_device:s0 tclass=chr_file permissive=0
09-01 22:50:59.055   901   901 W sensors@2.0-ser: type=1400 audit(0.0:5626): avc: denied { read write } for name="diag" dev="tmpfs" ino=12474 scontext=u:r:hal_sensors_default:s0 tcontext=u:object_r:diag_device:s0 tclass=chr_file permissive=0
09-01 22:50:59.057  2858  2858 I GoogleInputMethodService: GoogleInputMethodService.onFinishInput():3280 
09-01 22:50:59.058   901   901 D Diag_Lib:  Diag_LSM_Init: Failed to open handle to diag driver, error = 13
09-01 22:50:59.058   901   901 D Diag_Lib:  Diag_LSM_Init: Failed to open handle to diag driver, error = 13
09-01 22:50:59.058   901   901 I sensors-hal: [ssc_sensor]update_handle:537, handle=331, type=33, wakeup=0, hwid=0, base=331
09-01 22:50:59.058   901   901 I sensors-hal: [ssc_utils]get_qmi_debug_flag:244, support_qmi_debug : false
09-01 22:50:59.059  2858  2858 I GoogleInputMethodService: GoogleInputMethodService.updateDeviceLockedStatus():2169 repeatCheckTimes = 0, unlocked = true
09-01 22:50:59.059  2858  2858 I GoogleInputMethodService: GoogleInputMethodService.onStartInput():1960 onStartInput(EditorInfo{inputType=0x0(NULL) imeOptions=0x0 privateImeOptions=null actionName=UNSPECIFIED actionLabel=null actionId=0 initialSelStart=-1 initialSelEnd=-1 initialCapsMode=0x0 hintText=null label=null packageName=com.google.android.apps.nexuslauncher fieldId=-1 fieldName=null extras=null}, false)
09-01 22:50:59.059  2858  2858 I GoogleInputMethodService: GoogleInputMethodService.shouldHideHeaderOnInitialState():4081 ShouldHideHeaderOnInitialState = false
09-01 22:50:59.060  2858  2858 I GoogleInputMethodService: GoogleInputMethodService.updateDeviceLockedStatus():2169 repeatCheckTimes = 2, unlocked = true
09-01 22:50:59.063   901   901 I sensors-hal: [ssc_utils]get_qmi_debug_flag:244, support_qmi_debug : false
09-01 22:50:59.064   901  1000 W SEE     : @ 46645.516: adding req to Q sensor=8 req=0xb2031228 msg=513
09-01 22:50:59.067   901  9827 I sensors-hal: [ssc_sensor]ssc_conn_resp_cb:663, resp_value = 0
09-01 22:50:59.067   901   901 I sensors-hal: [hal]activate_physical_sensor:249, android.sensor.gyroscope/41 en=1 completed
09-01 22:50:59.068   901  9827 I sensors-hal: [sensor]submit_sensors_hal_event:146, android.sensor.additional_info: trying to push empty Events, count = 0
09-01 22:50:59.068   901  9827 I sensors-hal: [sensor]submit_sensors_hal_event:146, android.sensor.additional_info: trying to push empty Events, count = 0
09-01 22:50:59.069   901  9830 I sensors-hal: [ssc_sensor]ssc_conn_resp_cb:663, resp_value = 0
09-01 22:50:59.069   901  1000 W SEE     : @ 46645.521: adding req to Q sensor=2 req=0xb202d0a8 msg=513
09-01 22:50:59.071   901  9830 I sensors-hal: [sensor]submit_sensors_hal_event:146, android.sensor.gyroscope: trying to push empty Events, count = 1
09-01 22:50:59.071   901  9830 I chatty  : uid=1000(system) 41_see identical 2 lines
09-01 22:50:59.089   901  9830 I sensors-hal: [sensor]submit_sensors_hal_event:146, android.sensor.gyroscope: trying to push empty Events, count = 1
09-01 22:50:59.374   901  2806 I sensors-hal: [ssc_utils]get_qmi_debug_flag:244, support_qmi_debug : false
09-01 22:50:59.406   901  1000 W ASH     : @ 46645.858: Unhandled msg ID 999: line 1277
09-01 22:50:59.406   901  1000 E ASH     : @ 46645.858: No pb callback assigned
09-01 22:50:59.406   901  1000 E ASH     : @ 46645.858: Nanopb error: callback failed:1588
09-01 22:51:00.023   901  2806 I sensors-hal: [ssc_utils]get_qmi_debug_flag:244, support_qmi_debug : false
09-01 22:51:00.046   901  1000 W ASH     : @ 46646.498: Unhandled msg ID 999: line 1277
09-01 22:51:00.046   901  1000 E ASH     : @ 46646.498: No pb callback assigned
09-01 22:51:00.046   901  1000 E ASH     : @ 46646.498: Nanopb error: callback failed:1588
09-01 22:51:00.108   901  2806 I sensors-hal: [ssc_utils]get_qmi_debug_flag:244, support_qmi_debug : false
09-01 22:51:00.123   901  2806 I sensors-hal: [ssc_utils]get_qmi_debug_flag:244, support_qmi_debug : false
09-01 22:51:00.126   901  1000 W ASH     : @ 46646.578: Unhandled msg ID 999: line 1277
09-01 22:51:00.126   901  1000 E ASH     : @ 46646.578: No pb callback assigned
09-01 22:51:00.126   901  1000 E ASH     : @ 46646.578: Nanopb error: callback failed:1588
09-01 22:51:00.166   901  1000 W ASH     : @ 46646.618: Unhandled msg ID 999: line 1277
09-01 22:51:00.166   901  1000 E ASH     : @ 46646.618: No pb callback assigned
09-01 22:51:00.166   901  1000 E ASH     : @ 46646.618: Nanopb error: callback failed:1588
09-01 22:51:00.166   901  1000 D VSC     : @ 46646.618: [WO] tilt angle 89
09-01 22:51:00.198   901  2806 I sensors-hal: [ssc_utils]get_qmi_debug_flag:244, support_qmi_debug : false
09-01 22:51:00.208   901  1000 W ASH     : @ 46646.660: Unhandled msg ID 999: line 1277
09-01 22:51:00.208   901  1000 E ASH     : @ 46646.660: No pb callback assigned
09-01 22:51:00.208   901  1000 E ASH     : @ 46646.660: Nanopb error: callback failed:1588
09-01 22:51:01.100   594   655 I SDM     : HWDeviceDRM::UpdateMixerAttributes: Mixer WxH 1080x2340-1 for Peripheral
09-01 22:51:01.100   594   655 I SDM     : DisplayBase::SetActiveConfig: Active configuration changed to: 0
09-01 22:51:01.101   594   655 I SDM     : StrategyImpl::SetIdleTimeoutMs: Idle timeout set to zero for command mode panels
09-01 22:51:01.105   901  2806 I sensors-hal: [ssc_utils]get_qmi_debug_flag:244, support_qmi_debug : false
09-01 22:51:01.116   901  2806 I sensors-hal: [ssc_utils]get_qmi_debug_flag:244, support_qmi_debug : false
09-01 22:51:01.120  1513  1572 I DisplayManagerService: Display device changed: DisplayDeviceInfo{"Built-in Screen": uniqueId="local:19260504575090817", 1080 x 2340, modeId 2, defaultModeId 2, supportedModes [{id=1, width=1080, height=2340, fps=90.0}, {id=2, width=1080, height=2340, fps=60.000004}], colorMode 0, supportedColorModes [0, 7, 9], HdrCapabilities HdrCapabilities{mSupportedHdrTypes=[2, 3, 4], mMaxLuminance=500.0, mMaxAverageLuminance=500.0, mMinLuminance=0.0}, allmSupported false, gameContentTypeSupported false, density 440, 435.428 x 433.839 dpi, appVsyncOff 2333332, presDeadline 11500000, cutout DisplayCutout{insets=Rect(0, 136 - 0, 0) waterfall=Insets{left=0, top=0, right=0, bottom=0} boundingRect={Bounds=[Rect(0, 0 - 0, 0), Rect(0, 0 - 136, 136), Rect(0, 0 - 0, 0), Rect(0, 0 - 0, 0)]}}, touch INTERNAL, rotation 0, type INTERNAL, address {port=129, model=0x446d53ad64a0}, deviceProductInfo DeviceProductInfo{name=, manufacturerPnpId=QCM, productId=1, modelYear=null, manufactureDate=ManufactureDate{week=27, year=2006}, relativeAddress=null}, state ON, FLAG_DEFAULT_DISPLAY, FLAG_ROTATES_WITH_CONTENT, FLAG_SECURE, FLAG_SUPPORTS_PROTECTED_BUFFERS}
09-01 22:51:01.121   594   655 I SDM     : StrategyImpl::SetIdleTimeoutMs: Idle timeout set to zero for command mode panels
09-01 22:51:01.126   901  1000 W ASH     : @ 46647.578: Unhandled msg ID 999: line 1277
09-01 22:51:01.126   901  1000 E ASH     : @ 46647.578: No pb callback assigned
09-01 22:51:01.126   901  1000 E ASH     : @ 46647.578: Nanopb error: callback failed:1588
09-01 22:51:01.128   901  1000 W ASH     : @ 46647.579: Unhandled msg ID 999: line 1277
09-01 22:51:01.128   901  1000 E ASH     : @ 46647.579: No pb callback assigned
09-01 22:51:01.128   901  1000 E ASH     : @ 46647.579: Nanopb error: callback failed:1588
09-01 22:51:01.290  1513  2000 D ConnectivityService: NetReassign [no changes]
09-01 22:51:01.948  1513  1513 W ActivityManager: type=1400 audit(0.0:5627): avc: denied { getpgid } for scontext=u:r:system_server:s0 tcontext=u:r:app_zygote:s0:c512,c768 tclass=process permissive=0
09-01 22:51:01.948  1513  1513 W ActivityManager: type=1400 audit(0.0:5628): avc: denied { getpgid } for scontext=u:r:system_server:s0 tcontext=u:r:app_zygote:s0:c512,c768 tclass=process permissive=0
09-01 22:51:01.950  1513  1624 E libprocessgroup: getpgid(7318) failed: Permission denied
09-01 22:51:01.952  1513  1513 W ActivityManager: type=1400 audit(0.0:5629): avc: denied { getpgid } for scontext=u:r:system_server:s0 tcontext=u:r:app_zygote:s0:c512,c768 tclass=process permissive=0
09-01 22:51:01.952  1513  1513 I chatty  : uid=1000(system) Binder:1513_3 identical 1 line
09-01 22:51:01.956  1513  1624 E libprocessgroup: getpgid(7318) failed: Permission denied
09-01 22:51:01.958  1513  1513 W ActivityManager: type=1400 audit(0.0:5631): avc: denied { getpgid } for scontext=u:r:system_server:s0 tcontext=u:r:app_zygote:s0:c512,c768 tclass=process permissive=0
09-01 22:51:01.958  1513  1513 W ActivityManager: type=1400 audit(0.0:5632): avc: denied { getpgid } for scontext=u:r:system_server:s0 tcontext=u:r:app_zygote:s0:c512,c768 tclass=process permissive=0
09-01 22:51:01.961  1513  1624 E libprocessgroup: getpgid(7318) failed: Permission denied
09-01 22:51:01.965  1513  1513 W ActivityManager: type=1400 audit(0.0:5633): avc: denied { getpgid } for scontext=u:r:system_server:s0 tcontext=u:r:app_zygote:s0:c512,c768 tclass=process permissive=0
09-01 22:51:01.965  1513  1513 W ActivityManager: type=1400 audit(0.0:5634): avc: denied { getpgid } for scontext=u:r:system_server:s0 tcontext=u:r:app_zygote:s0:c512,c768 tclass=process permissive=0
09-01 22:51:01.967  1513  1624 E libprocessgroup: getpgid(7318) failed: Permission denied
09-01 22:51:01.968  1513  1513 W ActivityManager: type=1400 audit(0.0:5635): avc: denied { getpgid } for scontext=u:r:system_server:s0 tcontext=u:r:app_zygote:s0:c512,c768 tclass=process permissive=0
09-01 22:51:01.972  1513  1624 E libprocessgroup: getpgid(7318) failed: Permission denied
09-01 22:51:01.978  1513  1624 E libprocessgroup: getpgid(7318) failed: Permission denied
09-01 22:51:01.984  1513  1624 I libprocessgroup: Successfully killed process cgroup uid 10220 pid 7318 in 34ms
09-01 22:51:01.984   778   778 I Zygote  : Process 7318 exited due to signal 9 (Killed)
09-01 22:51:02.166   901  1000 D VSC     : @ 46648.618: [WO] tilt angle 89
09-01 22:51:04.166   901  1000 D VSC     : @ 46650.618: [WO] tilt angle 89
