09-01 22:50:42.694  8135  8176 E cr_ChromiumAndroidLinker: ReserveAddressWithHint: Address range starting at 0x7a38746000 was not free to use
09-01 22:50:42.697  8135  8226 I cr_LibraryLoader: Successfully loaded native library
09-01 22:50:42.698  8135  8226 I cr_CachingUmaRecorder: Flushed 3 samples from 3 histograms.
09-01 22:50:42.698  7267  7280 I .android.chrom: Background young concurrent copying GC freed 391634(19MB) AllocSpace objects, 57(2100KB) LOS objects, 93% free, 6389KB/102MB, paused 53us total 158.199ms
09-01 22:50:42.708  8221  8221 E cessService0:2: Not starting debugger since process cannot load the jdwp agent.
09-01 22:50:42.711  7267  7267 E cr_IntentUtils: getBooleanExtra failed on intent null
09-01 22:50:42.711  7267  7267 E cr_IntentUtils: getBooleanExtra failed on intent null
09-01 22:50:42.712  7318  7318 D Zygote  : Forked child process 8248
09-01 22:50:42.714  8248  8248 E libc    : SetHeapTaggingLevel: re-enabling tagging after it was disabled is not supported
09-01 22:50:42.716  8151  8151 W SystemServiceRegistry: No service published for: uimode
09-01 22:50:42.717  1513  1625 W ActivityManager: Slow operation: 533ms so far, now at startProcess: returned from zygote!
09-01 22:50:42.717  1513  1625 W ActivityManager: Slow operation: 534ms so far, now at startProcess: done updating battery stats
09-01 22:50:42.717  1513  1625 W ActivityManager: Slow operation: 534ms so far, now at startProcess: building log message
09-01 22:50:42.717  1513  1625 I ActivityManager: Start proc 8248:com.android.chrome:sandboxed_process0:org.chromium.content.app.SandboxedProcessService0:29/u0ai29 for  {com.android.chrome/org.chromium.content.app.SandboxedProcessService0:29}
09-01 22:50:42.717  1513  1625 W ActivityManager: Slow operation: 534ms so far, now at startProcess: starting to update pids map
09-01 22:50:42.718  1513  1625 W ActivityManager: Slow operation: 534ms so far, now at startProcess: done updating pids map
09-01 22:50:42.718  1513  1625 W ActivityManager: Slow operation: 500ms so far, now at startProcess: asking zygote to start proc
09-01 22:50:42.719  8118  8171 I cr_LibraryLoader: Using ModernLinker
09-01 22:50:42.720  8248  8248 E cessService0:2: Not starting debugger since process cannot load the jdwp agent.
09-01 22:50:42.722  8118  8171 W linker  : Warning: "/data/app/~~_KLlx60MH8CoecPTjMKp8g==/com.android.chrome-kw9RHYrlHKb9bPXi8OTClw==/base.apk!/lib/arm64-v8a/libchromium_android_linker.so" unused DT entry: unknown processor-specific (type 0x70000001 arg 0x0) (ignoring)
09-01 22:50:42.723  8118  8171 E cr_ChromiumAndroidLinker: ReserveAddressWithHint: Address range starting at 0x7a38746000 was not free to use
09-01 22:50:42.725  7267  7267 I cr_tabmodel: #isIncognitoTabBeingRestored from tabDetails:  false
09-01 22:50:42.725  7267  7267 I cr_tabmodel: #isIncognitoTabBeingRestored from tabDetails:  false
09-01 22:50:42.725  7267  7267 W cr_tabmodel: Failed to restore TabState; creating Tab with last known URL.
09-01 22:50:42.726  8151  8151 I cr_ChildProcessService: Creating new ChildProcessService pid=8151
09-01 22:50:42.727  8118  8230 I cr_LibraryLoader: Successfully loaded native library
09-01 22:50:42.728  8118  8230 I cr_CachingUmaRecorder: Flushed 3 samples from 3 histograms.
09-01 22:50:42.731  8180  8180 I LoadedApk: No resource references to update in package com.google.android.trichromelibrary
09-01 22:50:42.731  8180  8180 D NetworkSecurityConfig: Using Network Security Config from resource 0_resource_name_obfuscated debugBuild: false
09-01 22:50:42.732  8151  8186 I cr_LibraryLoader: Using ModernLinker
09-01 22:50:42.732  8180  8180 D NetworkSecurityConfig: Using Network Security Config from resource 0_resource_name_obfuscated debugBuild: false
09-01 22:50:42.734  8180  8180 I cr_SplitCompatApp: Launched version=107.0.5304.91 minSdkVersion=29 isBundle=true processName=com.android.chrome:sandboxed_process0:org.chromium.content.app.SandboxedProcessService0:27 isIsolated=true
09-01 22:50:42.734  8151  8186 W linker  : Warning: "/data/app/~~_KLlx60MH8CoecPTjMKp8g==/com.android.chrome-kw9RHYrlHKb9bPXi8OTClw==/base.apk!/lib/arm64-v8a/libchromium_android_linker.so" unused DT entry: unknown processor-specific (type 0x70000001 arg 0x0) (ignoring)
09-01 22:50:42.736  8151  8186 E cr_ChromiumAndroidLinker: ReserveAddressWithHint: Address range starting at 0x7a38746000 was not free to use
09-01 22:50:42.741  8151  8263 I cr_LibraryLoader: Successfully loaded native library
09-01 22:50:42.741  8151  8263 I cr_CachingUmaRecorder: Flushed 3 samples from 3 histograms.
09-01 22:50:42.744  7267  7267 E cr_IntentUtils: getBooleanExtra failed on intent null
09-01 22:50:42.745  7267  7267 E cr_IntentUtils: getBooleanExtra failed on intent null
09-01 22:50:42.747  1513  2180 D CompatibilityChangeReporter: Compat change id reported: 136274596; UID 10220; state: ENABLED
09-01 22:50:42.755  7267  7267 I cr_tabmodel: #isIncognitoTabBeingRestored from tabDetails:  false
09-01 22:50:42.755  7267  7267 I cr_tabmodel: #isIncognitoTabBeingRestored from tabDetails:  false
09-01 22:50:42.755  7267  7267 W cr_tabmodel: Failed to restore TabState; creating Tab with last known URL.
09-01 22:50:42.759  1513  2263 D CompatibilityChangeReporter: Compat change id reported: 136274596; UID 10220; state: ENABLED
09-01 22:50:42.767  8180  8180 W SystemServiceRegistry: No service published for: uimode
09-01 22:50:42.772  8180  8180 I cr_ChildProcessService: Creating new ChildProcessService pid=8180
09-01 22:50:42.779  7267  7267 E cr_IntentUtils: getBooleanExtra failed on intent null
09-01 22:50:42.779  7267  7267 E cr_IntentUtils: getBooleanExtra failed on intent null
09-01 22:50:42.780  1513  3375 D CompatibilityChangeReporter: Compat change id reported: 135634846; UID 10220; state: DISABLED
09-01 22:50:42.780  1513  3375 D CompatibilityChangeReporter: Compat change id reported: 135754954; UID 10220; state: ENABLED
09-01 22:50:42.788  8221  8221 I LoadedApk: No resource references to update in package com.google.android.trichromelibrary
09-01 22:50:42.788  8221  8221 D NetworkSecurityConfig: Using Network Security Config from resource 0_resource_name_obfuscated debugBuild: false
09-01 22:50:42.789  7267  7267 I cr_tabmodel: #isIncognitoTabBeingRestored from tabDetails:  false
09-01 22:50:42.789  7267  7267 I cr_tabmodel: #isIncognitoTabBeingRestored from tabDetails:  false
09-01 22:50:42.789  7267  7267 W cr_tabmodel: Failed to restore TabState; creating Tab with last known URL.
09-01 22:50:42.793  7318  7318 D Zygote  : Forked child process 8292
09-01 22:50:42.794  8221  8221 D NetworkSecurityConfig: Using Network Security Config from resource 0_resource_name_obfuscated debugBuild: false
09-01 22:50:42.797  8180  8229 I cr_LibraryLoader: Using ModernLinker
09-01 22:50:42.798  8292  8292 E libc    : SetHeapTaggingLevel: re-enabling tagging after it was disabled is not supported
09-01 22:50:42.798  8221  8221 I cr_SplitCompatApp: Launched version=107.0.5304.91 minSdkVersion=29 isBundle=true processName=com.android.chrome:sandboxed_process0:org.chromium.content.app.SandboxedProcessService0:28 isIsolated=true
09-01 22:50:42.799  8180  8229 W linker  : Warning: "/data/app/~~_KLlx60MH8CoecPTjMKp8g==/com.android.chrome-kw9RHYrlHKb9bPXi8OTClw==/base.apk!/lib/arm64-v8a/libchromium_android_linker.so" unused DT entry: unknown processor-specific (type 0x70000001 arg 0x0) (ignoring)
09-01 22:50:42.801  8180  8229 E cr_ChromiumAndroidLinker: ReserveAddressWithHint: Address range starting at 0x7a38746000 was not free to use
09-01 22:50:42.802  1513  1625 W ActivityManager: Slow operation: 585ms so far, now at startProcess: returned from zygote!
09-01 22:50:42.802  1513  1625 W ActivityManager: Slow operation: 585ms so far, now at startProcess: done updating battery stats
09-01 22:50:42.802  1513  1625 W ActivityManager: Slow operation: 585ms so far, now at startProcess: building log message
09-01 22:50:42.802  1513  1625 I ActivityManager: Start proc 8292:com.android.chrome:sandboxed_process0:org.chromium.content.app.SandboxedProcessService0:30/u0ai30 for  {com.android.chrome/org.chromium.content.app.SandboxedProcessService0:30}
09-01 22:50:42.802  1513  1625 W ActivityManager: Slow operation: 585ms so far, now at startProcess: starting to update pids map
09-01 22:50:42.803  1513  1625 W ActivityManager: Slow operation: 585ms so far, now at startProcess: done updating pids map
09-01 22:50:42.803  1513  1625 W ActivityManager: Slow operation: 549ms so far, now at startProcess: asking zygote to start proc
09-01 22:50:42.803  1513  1625 D CompatibilityChangeReporter: Compat change id reported: 143937733; UID 10220; state: ENABLED
09-01 22:50:42.810  7267  7267 E cr_IntentUtils: getBooleanExtra failed on intent null
09-01 22:50:42.810  7267  7267 E cr_IntentUtils: getBooleanExtra failed on intent null
09-01 22:50:42.812  8221  8221 W SystemServiceRegistry: No service published for: uimode
09-01 22:50:42.812  8180  8285 I cr_LibraryLoader: Successfully loaded native library
09-01 22:50:42.814  8180  8285 I cr_CachingUmaRecorder: Flushed 3 samples from 3 histograms.
09-01 22:50:42.818  8292  8292 E cessService0:3: Not starting debugger since process cannot load the jdwp agent.
09-01 22:50:42.821  7267  7267 I cr_tabmodel: #isIncognitoTabBeingRestored from tabDetails:  false
09-01 22:50:42.821  7267  7267 I cr_tabmodel: #isIncognitoTabBeingRestored from tabDetails:  false
09-01 22:50:42.821  7267  7267 W cr_tabmodel: Failed to restore TabState; creating Tab with last known URL.
09-01 22:50:42.823  7318  7318 D Zygote  : Forked child process 8318
09-01 22:50:42.823  8221  8221 I cr_ChildProcessService: Creating new ChildProcessService pid=8221
09-01 22:50:42.823  1513  1625 W ActivityManager: Slow operation: 570ms so far, now at startProcess: returned from zygote!
09-01 22:50:42.823  1513  1625 W ActivityManager: Slow operation: 570ms so far, now at startProcess: done updating battery stats
09-01 22:50:42.823  1513  1625 W ActivityManager: Slow operation: 570ms so far, now at startProcess: building log message
09-01 22:50:42.823  1513  1625 I ActivityManager: Start proc 8318:com.android.chrome:sandboxed_process0:org.chromium.content.app.SandboxedProcessService0:31/u0ai31 for  {com.android.chrome/org.chromium.content.app.SandboxedProcessService0:31}
09-01 22:50:42.823  1513  1625 W ActivityManager: Slow operation: 570ms so far, now at startProcess: starting to update pids map
09-01 22:50:42.824  1513  1625 W ActivityManager: Slow operation: 570ms so far, now at startProcess: done updating pids map
09-01 22:50:42.824  1513  1625 W ActivityManager: Slow operation: 526ms so far, now at startProcess: asking zygote to start proc
09-01 22:50:42.825  8318  8318 E libc    : SetHeapTaggingLevel: re-enabling tagging after it was disabled is not supported
09-01 22:50:42.829  8248  8248 I LoadedApk: No resource references to update in package com.google.android.trichromelibrary
09-01 22:50:42.830  8248  8248 D NetworkSecurityConfig: Using Network Security Config from resource 0_resource_name_obfuscated debugBuild: false
09-01 22:50:42.831  8248  8248 D NetworkSecurityConfig: Using Network Security Config from resource 0_resource_name_obfuscated debugBuild: false
09-01 22:50:42.832  8248  8248 I cr_SplitCompatApp: Launched version=107.0.5304.91 minSdkVersion=29 isBundle=true processName=com.android.chrome:sandboxed_process0:org.chromium.content.app.SandboxedProcessService0:29 isIsolated=true
09-01 22:50:42.836  8318  8318 E cessService0:3: Not starting debugger since process cannot load the jdwp agent.
09-01 22:50:42.836  8221  8249 I cr_LibraryLoader: Using ModernLinker
09-01 22:50:42.839  8221  8249 W linker  : Warning: "/data/app/~~_KLlx60MH8CoecPTjMKp8g==/com.android.chrome-kw9RHYrlHKb9bPXi8OTClw==/base.apk!/lib/arm64-v8a/libchromium_android_linker.so" unused DT entry: unknown processor-specific (type 0x70000001 arg 0x0) (ignoring)
09-01 22:50:42.840  8221  8249 E cr_ChromiumAndroidLinker: ReserveAddressWithHint: Address range starting at 0x7a38746000 was not free to use
09-01 22:50:42.842  7267  7267 E cr_IntentUtils: getBooleanExtra failed on intent null
09-01 22:50:42.842  7267  7267 E cr_IntentUtils: getBooleanExtra failed on intent null
09-01 22:50:42.845  8248  8248 W SystemServiceRegistry: No service published for: uimode
09-01 22:50:42.845  8221  8323 I cr_LibraryLoader: Successfully loaded native library
09-01 22:50:42.845  8221  8323 I cr_CachingUmaRecorder: Flushed 3 samples from 3 histograms.
09-01 22:50:42.853  7267  7267 I cr_tabmodel: #isIncognitoTabBeingRestored from tabDetails:  false
09-01 22:50:42.853  7267  7267 I cr_tabmodel: #isIncognitoTabBeingRestored from tabDetails:  false
09-01 22:50:42.853  7267  7267 W cr_tabmodel: Failed to restore TabState; creating Tab with last known URL.
09-01 22:50:42.861  8248  8248 I cr_ChildProcessService: Creating new ChildProcessService pid=8248
09-01 22:50:42.862  1513  3375 D CompatibilityChangeReporter: Compat change id reported: 136274596; UID 10220; state: ENABLED
09-01 22:50:42.869  1513  2180 D CompatibilityChangeReporter: Compat change id reported: 136274596; UID 10220; state: ENABLED
09-01 22:50:42.873  1513  2263 D CompatibilityChangeReporter: Compat change id reported: 135634846; UID 10220; state: DISABLED
09-01 22:50:42.873  1513  2263 D CompatibilityChangeReporter: Compat change id reported: 135754954; UID 10220; state: ENABLED
09-01 22:50:42.874  7267  7267 E cr_IntentUtils: getBooleanExtra failed on intent null
09-01 22:50:42.874  7267  7267 E cr_IntentUtils: getBooleanExtra failed on intent null
09-01 22:50:42.878  8248  8276 I cr_LibraryLoader: Using ModernLinker
09-01 22:50:42.880  8248  8276 W linker  : Warning: "/data/app/~~_KLlx60MH8CoecPTjMKp8g==/com.android.chrome-kw9RHYrlHKb9bPXi8OTClw==/base.apk!/lib/arm64-v8a/libchromium_android_linker.so" unused DT entry: unknown processor-specific (type 0x70000001 arg 0x0) (ignoring)
09-01 22:50:42.881  8248  8276 E cr_ChromiumAndroidLinker: ReserveAddressWithHint: Address range starting at 0x7a38746000 was not free to use
09-01 22:50:42.882  7267  7267 I cr_tabmodel: #isIncognitoTabBeingRestored from tabDetails:  false
09-01 22:50:42.882  7267  7267 I cr_tabmodel: #isIncognitoTabBeingRestored from tabDetails:  false
09-01 22:50:42.882  7267  7267 W cr_tabmodel: Failed to restore TabState; creating Tab with last known URL.
09-01 22:50:42.886  7318  7318 D Zygote  : Forked child process 8352
09-01 22:50:42.889  8248  8341 I cr_LibraryLoader: Successfully loaded native library
09-01 22:50:42.890  8248  8341 I cr_CachingUmaRecorder: Flushed 3 samples from 3 histograms.
09-01 22:50:42.904  8318  8318 I LoadedApk: No resource references to update in package com.google.android.trichromelibrary
09-01 22:50:42.904  8318  8318 D NetworkSecurityConfig: Using Network Security Config from resource 0_resource_name_obfuscated debugBuild: false
09-01 22:50:42.905  8318  8318 D NetworkSecurityConfig: Using Network Security Config from resource 0_resource_name_obfuscated debugBuild: false
09-01 22:50:42.905  7267  7267 E cr_IntentUtils: getBooleanExtra failed on intent null
09-01 22:50:42.905  7267  7267 E cr_IntentUtils: getBooleanExtra failed on intent null
09-01 22:50:42.907  1513  1625 W ActivityManager: Slow operation: 609ms so far, now at startProcess: returned from zygote!
09-01 22:50:42.907  1513  1625 W ActivityManager: Slow operation: 609ms so far, now at startProcess: done updating battery stats
09-01 22:50:42.907  1513  1625 W ActivityManager: Slow operation: 609ms so far, now at startProcess: building log message
09-01 22:50:42.907  1513  1625 I ActivityManager: Start proc 8352:com.android.chrome:sandboxed_process0:org.chromium.content.app.SandboxedProcessService0:32/u0ai32 for  {com.android.chrome/org.chromium.content.app.SandboxedProcessService0:32}
09-01 22:50:42.907  1513  1625 W ActivityManager: Slow operation: 609ms so far, now at startProcess: starting to update pids map
09-01 22:50:42.907  1513  1625 W ActivityManager: Slow operation: 610ms so far, now at startProcess: done updating pids map
09-01 22:50:42.907  1513  1625 W ActivityManager: Slow operation: 568ms so far, now at startProcess: asking zygote to start proc
09-01 22:50:42.907  1513  1625 D CompatibilityChangeReporter: Compat change id reported: 143937733; UID 10220; state: ENABLED
09-01 22:50:42.907  8318  8318 I cr_SplitCompatApp: Launched version=107.0.5304.91 minSdkVersion=29 isBundle=true processName=com.android.chrome:sandboxed_process0:org.chromium.content.app.SandboxedProcessService0:31 isIsolated=true
09-01 22:50:42.914  8352  8352 E libc    : SetHeapTaggingLevel: re-enabling tagging after it was disabled is not supported
09-01 22:50:42.917  8292  8292 I LoadedApk: No resource references to update in package com.google.android.trichromelibrary
09-01 22:50:42.917  8292  8292 D NetworkSecurityConfig: Using Network Security Config from resource 0_resource_name_obfuscated debugBuild: false
09-01 22:50:42.918  8292  8292 D NetworkSecurityConfig: Using Network Security Config from resource 0_resource_name_obfuscated debugBuild: false
09-01 22:50:42.920  7267  7267 I cr_tabmodel: #isIncognitoTabBeingRestored from tabDetails:  false
09-01 22:50:42.920  7267  7267 I cr_tabmodel: #isIncognitoTabBeingRestored from tabDetails:  false
09-01 22:50:42.920  7267  7267 W cr_tabmodel: Failed to restore TabState; creating Tab with last known URL.
09-01 22:50:42.921  8318  8318 W SystemServiceRegistry: No service published for: uimode
09-01 22:50:42.926  8292  8292 I cr_SplitCompatApp: Launched version=107.0.5304.91 minSdkVersion=29 isBundle=true processName=com.android.chrome:sandboxed_process0:org.chromium.content.app.SandboxedProcessService0:30 isIsolated=true
09-01 22:50:42.927  8318  8318 I cr_ChildProcessService: Creating new ChildProcessService pid=8318
09-01 22:50:42.933  8318  8349 I cr_LibraryLoader: Using ModernLinker
09-01 22:50:42.935  8318  8349 W linker  : Warning: "/data/app/~~_KLlx60MH8CoecPTjMKp8g==/com.android.chrome-kw9RHYrlHKb9bPXi8OTClw==/base.apk!/lib/arm64-v8a/libchromium_android_linker.so" unused DT entry: unknown processor-specific (type 0x70000001 arg 0x0) (ignoring)
09-01 22:50:42.937  7267  7267 E cr_IntentUtils: getBooleanExtra failed on intent null
09-01 22:50:42.937  7267  7267 E cr_IntentUtils: getBooleanExtra failed on intent null
09-01 22:50:42.938  8318  8349 E cr_ChromiumAndroidLinker: ReserveAddressWithHint: Address range starting at 0x7a38746000 was not free to use
09-01 22:50:42.939  8292  8292 W SystemServiceRegistry: No service published for: uimode
09-01 22:50:42.944  8292  8292 I cr_ChildProcessService: Creating new ChildProcessService pid=8292
09-01 22:50:42.945  7267  7267 I cr_tabmodel: #isIncognitoTabBeingRestored from tabDetails:  false
09-01 22:50:42.945  7267  7267 I cr_tabmodel: #isIncognitoTabBeingRestored from tabDetails:  false
09-01 22:50:42.945  7267  7267 W cr_tabmodel: Failed to restore TabState; creating Tab with last known URL.
09-01 22:50:42.945  8318  8382 I cr_LibraryLoader: Successfully loaded native library
09-01 22:50:42.947  8318  8382 I cr_CachingUmaRecorder: Flushed 3 samples from 3 histograms.
09-01 22:50:42.951  8352  8352 E cessService0:3: Not starting debugger since process cannot load the jdwp agent.
09-01 22:50:42.960  8292  8351 I cr_LibraryLoader: Using ModernLinker
09-01 22:50:42.961  8292  8351 W linker  : Warning: "/data/app/~~_KLlx60MH8CoecPTjMKp8g==/com.android.chrome-kw9RHYrlHKb9bPXi8OTClw==/base.apk!/lib/arm64-v8a/libchromium_android_linker.so" unused DT entry: unknown processor-specific (type 0x70000001 arg 0x0) (ignoring)
09-01 22:50:42.961  8292  8351 E cr_ChromiumAndroidLinker: ReserveAddressWithHint: Address range starting at 0x7a38746000 was not free to use
09-01 22:50:42.963  1513  3375 D CompatibilityChangeReporter: Compat change id reported: 136274596; UID 10220; state: ENABLED
09-01 22:50:42.963  7267  7267 E cr_IntentUtils: getBooleanExtra failed on intent null
09-01 22:50:42.963  7267  7267 E cr_IntentUtils: getBooleanExtra failed on intent null
09-01 22:50:42.967  1513  2172 D CompatibilityChangeReporter: Compat change id reported: 135634846; UID 10220; state: DISABLED
09-01 22:50:42.967  1513  2172 D CompatibilityChangeReporter: Compat change id reported: 135754954; UID 10220; state: ENABLED
09-01 22:50:42.971  8292  8383 I cr_LibraryLoader: Successfully loaded native library
09-01 22:50:42.973  7267  7267 I cr_tabmodel: #isIncognitoTabBeingRestored from tabDetails:  false
09-01 22:50:42.973  7267  7267 I cr_tabmodel: #isIncognitoTabBeingRestored from tabDetails:  false
09-01 22:50:42.973  7267  7267 W cr_tabmodel: Failed to restore TabState; creating Tab with last known URL.
09-01 22:50:42.973  8292  8383 I cr_CachingUmaRecorder: Flushed 3 samples from 3 histograms.
09-01 22:50:42.975  7318  7318 D Zygote  : Forked child process 8400
09-01 22:50:42.977  1513  1625 W ActivityManager: Slow operation: 637ms so far, now at startProcess: returned from zygote!
09-01 22:50:42.977  8400  8400 E libc    : SetHeapTaggingLevel: re-enabling tagging after it was disabled is not supported
09-01 22:50:42.984  1513  1625 W ActivityManager: Slow operation: 645ms so far, now at startProcess: done updating battery stats
09-01 22:50:42.985  1513  1625 W ActivityManager: Slow operation: 645ms so far, now at startProcess: building log message
09-01 22:50:42.985  1513  1625 I ActivityManager: Start proc 8400:com.android.chrome:sandboxed_process0:org.chromium.content.app.SandboxedProcessService0:33/u0ai33 for  {com.android.chrome/org.chromium.content.app.SandboxedProcessService0:33}
09-01 22:50:42.985  1513  1625 W ActivityManager: Slow operation: 645ms so far, now at startProcess: starting to update pids map
09-01 22:50:42.985  1513  1625 W ActivityManager: Slow operation: 645ms so far, now at startProcess: done updating pids map
09-01 22:50:42.985  1513  1625 W ActivityManager: Slow operation: 609ms so far, now at startProcess: asking zygote to start proc
09-01 22:50:42.985  1513  1625 D CompatibilityChangeReporter: Compat change id reported: 143937733; UID 10220; state: ENABLED
09-01 22:50:42.994  7267  7267 E cr_IntentUtils: getBooleanExtra failed on intent null
09-01 22:50:42.994  7267  7267 E cr_IntentUtils: getBooleanExtra failed on intent null
09-01 22:50:42.994  8400  8400 E cessService0:3: Not starting debugger since process cannot load the jdwp agent.
09-01 22:50:43.004  7267  7267 E cr_BTSPrefs: No data found for task id: 53
09-01 22:50:43.004  7267  7267 E cr_BkgrdTaskScheduler: Task cannot be canceled because no data was found instorage or data was invalid
09-01 22:50:43.007  7267  7267 I cr_tabmodel: #isIncognitoTabBeingRestored from tabDetails:  false
09-01 22:50:43.007  7267  7267 I cr_tabmodel: #isIncognitoTabBeingRestored from tabDetails:  false
09-01 22:50:43.007  7267  7267 W cr_tabmodel: Failed to restore TabState; creating Tab with last known URL.
09-01 22:50:43.015  8352  8352 I LoadedApk: No resource references to update in package com.google.android.trichromelibrary
09-01 22:50:43.015  8352  8352 D NetworkSecurityConfig: Using Network Security Config from resource 0_resource_name_obfuscated debugBuild: false
09-01 22:50:43.016  8352  8352 D NetworkSecurityConfig: Using Network Security Config from resource 0_resource_name_obfuscated debugBuild: false
09-01 22:50:43.017  8352  8352 I cr_SplitCompatApp: Launched version=107.0.5304.91 minSdkVersion=29 isBundle=true processName=com.android.chrome:sandboxed_process0:org.chromium.content.app.SandboxedProcessService0:32 isIsolated=true
09-01 22:50:43.025  1513  3375 D CompatibilityChangeReporter: Compat change id reported: 136274596; UID 10220; state: ENABLED
09-01 22:50:43.025  7267  7267 E cr_IntentUtils: getBooleanExtra failed on intent null
09-01 22:50:43.025  7267  7267 E cr_IntentUtils: getBooleanExtra failed on intent null
09-01 22:50:43.035  7267  7267 I cr_tabmodel: #isIncognitoTabBeingRestored from tabDetails:  false
09-01 22:50:43.035  7267  7267 I cr_tabmodel: #isIncognitoTabBeingRestored from tabDetails:  false
09-01 22:50:43.035  7267  7267 W cr_tabmodel: Failed to restore TabState; creating Tab with last known URL.
09-01 22:50:43.045  7318  7318 D Zygote  : Forked child process 8437
09-01 22:50:43.045  8352  8352 W SystemServiceRegistry: No service published for: uimode
09-01 22:50:43.047  1513  2263 D CompatibilityChangeReporter: Compat change id reported: 135634846; UID 10220; state: DISABLED
09-01 22:50:43.047  1513  2263 D CompatibilityChangeReporter: Compat change id reported: 135754954; UID 10220; state: ENABLED
09-01 22:50:43.049  8437  8437 E libc    : SetHeapTaggingLevel: re-enabling tagging after it was disabled is not supported
09-01 22:50:43.054  8352  8352 I cr_ChildProcessService: Creating new ChildProcessService pid=8352
09-01 22:50:43.054  1513  1625 W ActivityManager: Slow operation: 679ms so far, now at startProcess: returned from zygote!
09-01 22:50:43.054  1513  1625 W ActivityManager: Slow operation: 679ms so far, now at startProcess: done updating battery stats
09-01 22:50:43.054  1513  1625 W ActivityManager: Slow operation: 679ms so far, now at startProcess: building log message
09-01 22:50:43.054  1513  1625 I ActivityManager: Start proc 8437:com.android.chrome:sandboxed_process0:org.chromium.content.app.SandboxedProcessService0:34/u0ai34 for  {com.android.chrome/org.chromium.content.app.SandboxedProcessService0:34}
09-01 22:50:43.054  1513  1625 W ActivityManager: Slow operation: 679ms so far, now at startProcess: starting to update pids map
09-01 22:50:43.054  1513  1625 W ActivityManager: Slow operation: 679ms so far, now at startProcess: done updating pids map
09-01 22:50:43.054  1513  1625 W ActivityManager: Slow operation: 633ms so far, now at startProcess: asking zygote to start proc
09-01 22:50:43.055  1513  1625 D CompatibilityChangeReporter: Compat change id reported: 143937733; UID 10220; state: ENABLED
09-01 22:50:43.055  7267  7267 E cr_IntentUtils: getBooleanExtra failed on intent null
09-01 22:50:43.056  8437  8437 E cessService0:3: Not starting debugger since process cannot load the jdwp agent.
09-01 22:50:43.057  7267  7267 E cr_IntentUtils: getBooleanExtra failed on intent null
09-01 22:50:43.059  8352  8399 I cr_LibraryLoader: Using ModernLinker
09-01 22:50:43.060  8400  8400 I LoadedApk: No resource references to update in package com.google.android.trichromelibrary
09-01 22:50:43.060  8400  8400 D NetworkSecurityConfig: Using Network Security Config from resource 0_resource_name_obfuscated debugBuild: false
09-01 22:50:43.061  8400  8400 D NetworkSecurityConfig: Using Network Security Config from resource 0_resource_name_obfuscated debugBuild: false
09-01 22:50:43.061  8352  8399 W linker  : Warning: "/data/app/~~_KLlx60MH8CoecPTjMKp8g==/com.android.chrome-kw9RHYrlHKb9bPXi8OTClw==/base.apk!/lib/arm64-v8a/libchromium_android_linker.so" unused DT entry: unknown processor-specific (type 0x70000001 arg 0x0) (ignoring)
09-01 22:50:43.063  7267  7267 I cr_tabmodel: #isIncognitoTabBeingRestored from tabDetails:  false
09-01 22:50:43.063  7267  7267 I cr_tabmodel: #isIncognitoTabBeingRestored from tabDetails:  false
09-01 22:50:43.063  7267  7267 W cr_tabmodel: Failed to restore TabState; creating Tab with last known URL.
09-01 22:50:43.063  8400  8400 I cr_SplitCompatApp: Launched version=107.0.5304.91 minSdkVersion=29 isBundle=true processName=com.android.chrome:sandboxed_process0:org.chromium.content.app.SandboxedProcessService0:33 isIsolated=true
09-01 22:50:43.064  8352  8399 E cr_ChromiumAndroidLinker: ReserveAddressWithHint: Address range starting at 0x7a38746000 was not free to use
09-01 22:50:43.070  8352  8447 I cr_LibraryLoader: Successfully loaded native library
09-01 22:50:43.072  8352  8447 I cr_CachingUmaRecorder: Flushed 3 samples from 3 histograms.
09-01 22:50:43.076  7267  7267 E cr_IntentUtils: getBooleanExtra failed on intent null
09-01 22:50:43.076  7267  7267 E cr_IntentUtils: getBooleanExtra failed on intent null
09-01 22:50:43.082  1513  2172 D CompatibilityChangeReporter: Compat change id reported: 136274596; UID 10220; state: ENABLED
09-01 22:50:43.083  7267  7267 I cr_tabmodel: #isIncognitoTabBeingRestored from tabDetails:  false
09-01 22:50:43.083  7267  7267 I cr_tabmodel: #isIncognitoTabBeingRestored from tabDetails:  false
09-01 22:50:43.083  7267  7267 W cr_tabmodel: Failed to restore TabState; creating Tab with last known URL.
09-01 22:50:43.093  8400  8400 W SystemServiceRegistry: No service published for: uimode
09-01 22:50:43.098  8400  8400 I cr_ChildProcessService: Creating new ChildProcessService pid=8400
09-01 22:50:43.098  7267  7267 E cr_IntentUtils: getBooleanExtra failed on intent null
09-01 22:50:43.098  7267  7267 E cr_IntentUtils: getBooleanExtra failed on intent null
09-01 22:50:43.100  7318  7318 D Zygote  : Forked child process 8459
09-01 22:50:43.101  1513  2263 D CompatibilityChangeReporter: Compat change id reported: 135634846; UID 10220; state: DISABLED
09-01 22:50:43.101  1513  2263 D CompatibilityChangeReporter: Compat change id reported: 135754954; UID 10220; state: ENABLED
09-01 22:50:43.105  7267  7267 I cr_tabmodel: #isIncognitoTabBeingRestored from tabDetails:  false
09-01 22:50:43.105  7267  7267 I cr_tabmodel: #isIncognitoTabBeingRestored from tabDetails:  false
09-01 22:50:43.105  7267  7267 W cr_tabmodel: Failed to restore TabState; creating Tab with last known URL.
09-01 22:50:43.118  8459  8459 E libc    : SetHeapTaggingLevel: re-enabling tagging after it was disabled is not supported
09-01 22:50:43.125  7267  7267 E cr_IntentUtils: getBooleanExtra failed on intent null
09-01 22:50:43.125  7267  7267 E cr_IntentUtils: getBooleanExtra failed on intent null
09-01 22:50:43.129  1513  1625 W ActivityManager: Slow operation: 708ms so far, now at startProcess: returned from zygote!
09-01 22:50:43.130  1513  1625 W ActivityManager: Slow operation: 709ms so far, now at startProcess: done updating battery stats
09-01 22:50:43.130  1513  1625 W ActivityManager: Slow operation: 709ms so far, now at startProcess: building log message
09-01 22:50:43.130  1513  1625 I ActivityManager: Start proc 8459:com.android.chrome:sandboxed_process0:org.chromium.content.app.SandboxedProcessService0:35/u0ai35 for  {com.android.chrome/org.chromium.content.app.SandboxedProcessService0:35}
09-01 22:50:43.130  1513  1625 W ActivityManager: Slow operation: 709ms so far, now at startProcess: starting to update pids map
09-01 22:50:43.130  8437  8437 I LoadedApk: No resource references to update in package com.google.android.trichromelibrary
09-01 22:50:43.130  1513  1625 W ActivityManager: Slow operation: 709ms so far, now at startProcess: done updating pids map
09-01 22:50:43.131  1513  1625 W ActivityManager: Slow operation: 692ms so far, now at startProcess: asking zygote to start proc
09-01 22:50:43.131  8437  8437 D NetworkSecurityConfig: Using Network Security Config from resource 0_resource_name_obfuscated debugBuild: false
09-01 22:50:43.131  1513  1625 D CompatibilityChangeReporter: Compat change id reported: 143937733; UID 10220; state: ENABLED
09-01 22:50:43.132  8437  8437 D NetworkSecurityConfig: Using Network Security Config from resource 0_resource_name_obfuscated debugBuild: false
09-01 22:50:43.133  8437  8437 I cr_SplitCompatApp: Launched version=107.0.5304.91 minSdkVersion=29 isBundle=true processName=com.android.chrome:sandboxed_process0:org.chromium.content.app.SandboxedProcessService0:34 isIsolated=true
09-01 22:50:43.134  8400  8422 I cr_LibraryLoader: Using ModernLinker
09-01 22:50:43.134  7267  7267 I cr_tabmodel: #isIncognitoTabBeingRestored from tabDetails:  false
09-01 22:50:43.134  7267  7267 I cr_tabmodel: #isIncognitoTabBeingRestored from tabDetails:  false
09-01 22:50:43.134  7267  7267 W cr_tabmodel: Failed to restore TabState; creating Tab with last known URL.
09-01 22:50:43.136  8400  8422 W linker  : Warning: "/data/app/~~_KLlx60MH8CoecPTjMKp8g==/com.android.chrome-kw9RHYrlHKb9bPXi8OTClw==/base.apk!/lib/arm64-v8a/libchromium_android_linker.so" unused DT entry: unknown processor-specific (type 0x70000001 arg 0x0) (ignoring)
09-01 22:50:43.138  8400  8422 E cr_ChromiumAndroidLinker: ReserveAddressWithHint: Address range starting at 0x7a38746000 was not free to use
09-01 22:50:43.145  8437  8437 W SystemServiceRegistry: No service published for: uimode
09-01 22:50:43.149  7267  7267 E cr_IntentUtils: getBooleanExtra failed on intent null
09-01 22:50:43.149  7267  7267 E cr_IntentUtils: getBooleanExtra failed on intent null
09-01 22:50:43.149  8437  8437 I cr_ChildProcessService: Creating new ChildProcessService pid=8437
09-01 22:50:43.151  7318  7318 D Zygote  : Forked child process 8480
09-01 22:50:43.152  1513  1625 W ActivityManager: Slow operation: 714ms so far, now at startProcess: returned from zygote!
09-01 22:50:43.152  8400  8458 I cr_LibraryLoader: Successfully loaded native library
09-01 22:50:43.153  8459  8459 E cessService0:3: Not starting debugger since process cannot load the jdwp agent.
09-01 22:50:43.153  1513  1625 W ActivityManager: Slow operation: 715ms so far, now at startProcess: done updating battery stats
09-01 22:50:43.154  1513  1625 W ActivityManager: Slow operation: 715ms so far, now at startProcess: building log message
09-01 22:50:43.154  1513  1625 I ActivityManager: Start proc 8480:com.android.chrome:sandboxed_process0:org.chromium.content.app.SandboxedProcessService0:36/u0ai36 for  {com.android.chrome/org.chromium.content.app.SandboxedProcessService0:36}
09-01 22:50:43.154  1513  1625 W ActivityManager: Slow operation: 715ms so far, now at startProcess: starting to update pids map
09-01 22:50:43.154  1513  1625 W ActivityManager: Slow operation: 715ms so far, now at startProcess: done updating pids map
09-01 22:50:43.154  8400  8458 I cr_CachingUmaRecorder: Flushed 3 samples from 3 histograms.
09-01 22:50:43.154  1513  1625 W ActivityManager: Slow operation: 690ms so far, now at startProcess: asking zygote to start proc
09-01 22:50:43.159  7267  7267 I cr_tabmodel: #isIncognitoTabBeingRestored from tabDetails:  false
09-01 22:50:43.159  7267  7267 I cr_tabmodel: #isIncognitoTabBeingRestored from tabDetails:  false
09-01 22:50:43.159  7267  7267 W cr_tabmodel: Failed to restore TabState; creating Tab with last known URL.
09-01 22:50:43.159  8437  8456 I cr_LibraryLoader: Using ModernLinker
09-01 22:50:43.161  8437  8456 W linker  : Warning: "/data/app/~~_KLlx60MH8CoecPTjMKp8g==/com.android.chrome-kw9RHYrlHKb9bPXi8OTClw==/base.apk!/lib/arm64-v8a/libchromium_android_linker.so" unused DT entry: unknown processor-specific (type 0x70000001 arg 0x0) (ignoring)
09-01 22:50:43.163  8437  8456 E cr_ChromiumAndroidLinker: ReserveAddressWithHint: Address range starting at 0x7a38746000 was not free to use
09-01 22:50:43.165  1513  2180 D CompatibilityChangeReporter: Compat change id reported: 136274596; UID 10220; state: ENABLED
09-01 22:50:43.165  8480  8480 E libc    : SetHeapTaggingLevel: re-enabling tagging after it was disabled is not supported
09-01 22:50:43.171  1513  3375 D CompatibilityChangeReporter: Compat change id reported: 135634846; UID 10220; state: DISABLED
09-01 22:50:43.171  1513  3375 D CompatibilityChangeReporter: Compat change id reported: 135754954; UID 10220; state: ENABLED
09-01 22:50:43.174  7267  7267 E cr_IntentUtils: getBooleanExtra failed on intent null
09-01 22:50:43.174  7267  7267 E cr_IntentUtils: getBooleanExtra failed on intent null
09-01 22:50:43.177  8437  8479 I cr_LibraryLoader: Successfully loaded native library
09-01 22:50:43.177  8480  8480 E cessService0:3: Not starting debugger since process cannot load the jdwp agent.
09-01 22:50:43.178  8437  8479 I cr_CachingUmaRecorder: Flushed 3 samples from 3 histograms.
09-01 22:50:43.183  7267  7267 I cr_tabmodel: #isIncognitoTabBeingRestored from tabDetails:  false
09-01 22:50:43.183  7267  7267 I cr_tabmodel: #isIncognitoTabBeingRestored from tabDetails:  false
09-01 22:50:43.183  7267  7267 W cr_tabmodel: Failed to restore TabState; creating Tab with last known URL.
09-01 22:50:43.191  1513  2000 D ConnectivityService: NetReassign [no changes]
09-01 22:50:43.194  8459  8459 I LoadedApk: No resource references to update in package com.google.android.trichromelibrary
09-01 22:50:43.194  8459  8459 D NetworkSecurityConfig: Using Network Security Config from resource 0_resource_name_obfuscated debugBuild: false
09-01 22:50:43.195  8459  8459 D NetworkSecurityConfig: Using Network Security Config from resource 0_resource_name_obfuscated debugBuild: false
09-01 22:50:43.195  7318  7318 D Zygote  : Forked child process 8516
09-01 22:50:43.197  8459  8459 I cr_SplitCompatApp: Launched version=107.0.5304.91 minSdkVersion=29 isBundle=true processName=com.android.chrome:sandboxed_process0:org.chromium.content.app.SandboxedProcessService0:35 isIsolated=true
09-01 22:50:43.197  1513  1625 W ActivityManager: Slow operation: 733ms so far, now at startProcess: returned from zygote!
09-01 22:50:43.197  1513  1625 W ActivityManager: Slow operation: 733ms so far, now at startProcess: done updating battery stats
09-01 22:50:43.197  1513  1625 W ActivityManager: Slow operation: 734ms so far, now at startProcess: building log message
09-01 22:50:43.197  1513  1625 I ActivityManager: Start proc 8516:com.android.chrome:sandboxed_process0:org.chromium.content.app.SandboxedProcessService0:37/u0ai37 for  {com.android.chrome/org.chromium.content.app.SandboxedProcessService0:37}
09-01 22:50:43.197  1513  1625 W ActivityManager: Slow operation: 734ms so far, now at startProcess: starting to update pids map
09-01 22:50:43.197  1513  1625 W ActivityManager: Slow operation: 734ms so far, now at startProcess: done updating pids map
09-01 22:50:43.197  1513  1625 W ActivityManager: Slow operation: 721ms so far, now at startProcess: asking zygote to start proc
09-01 22:50:43.197  1513  1625 D CompatibilityChangeReporter: Compat change id reported: 143937733; UID 10220; state: ENABLED
09-01 22:50:43.198  7267  7267 E cr_IntentUtils: getBooleanExtra failed on intent null
09-01 22:50:43.198  7267  7267 E cr_IntentUtils: getBooleanExtra failed on intent null
09-01 22:50:43.202  8516  8516 E libc    : SetHeapTaggingLevel: re-enabling tagging after it was disabled is not supported
09-01 22:50:43.207  7267  7267 I cr_tabmodel: #isIncognitoTabBeingRestored from tabDetails:  false
09-01 22:50:43.207  7267  7267 I cr_tabmodel: #isIncognitoTabBeingRestored from tabDetails:  false
09-01 22:50:43.207  7267  7267 W cr_tabmodel: Failed to restore TabState; creating Tab with last known URL.
09-01 22:50:43.216  8516  8516 E cessService0:3: Not starting debugger since process cannot load the jdwp agent.
09-01 22:50:43.216  8459  8459 W SystemServiceRegistry: No service published for: uimode
09-01 22:50:43.221  8459  8459 I cr_ChildProcessService: Creating new ChildProcessService pid=8459
09-01 22:50:43.225  7267  7267 E cr_IntentUtils: getBooleanExtra failed on intent null
09-01 22:50:43.225  7267  7267 E cr_IntentUtils: getBooleanExtra failed on intent null
09-01 22:50:43.226  8459  8496 I cr_LibraryLoader: Using ModernLinker
09-01 22:50:43.229  8459  8496 W linker  : Warning: "/data/app/~~_KLlx60MH8CoecPTjMKp8g==/com.android.chrome-kw9RHYrlHKb9bPXi8OTClw==/base.apk!/lib/arm64-v8a/libchromium_android_linker.so" unused DT entry: unknown processor-specific (type 0x70000001 arg 0x0) (ignoring)
09-01 22:50:43.230  8459  8496 E cr_ChromiumAndroidLinker: ReserveAddressWithHint: Address range starting at 0x7a38746000 was not free to use
09-01 22:50:43.234  7267  7267 I cr_tabmodel: #isIncognitoTabBeingRestored from tabDetails:  false
09-01 22:50:43.234  7267  7267 I cr_tabmodel: #isIncognitoTabBeingRestored from tabDetails:  false
09-01 22:50:43.234  7267  7267 W cr_tabmodel: Failed to restore TabState; creating Tab with last known URL.
09-01 22:50:43.240  1513  3375 D CompatibilityChangeReporter: Compat change id reported: 136274596; UID 10220; state: ENABLED
09-01 22:50:43.240  8459  8539 I cr_LibraryLoader: Successfully loaded native library
09-01 22:50:43.241  8459  8539 I cr_CachingUmaRecorder: Flushed 3 samples from 3 histograms.
09-01 22:50:43.245  1513  2180 D CompatibilityChangeReporter: Compat change id reported: 135634846; UID 10220; state: DISABLED
09-01 22:50:43.245  1513  2180 D CompatibilityChangeReporter: Compat change id reported: 135754954; UID 10220; state: ENABLED
09-01 22:50:43.250  7267  7267 E cr_IntentUtils: getBooleanExtra failed on intent null
09-01 22:50:43.250  7267  7267 E cr_IntentUtils: getBooleanExtra failed on intent null
09-01 22:50:43.256  7318  7318 D Zygote  : Forked child process 8550
09-01 22:50:43.257  1513  3375 D CompatibilityChangeReporter: Compat change id reported: 136274596; UID 10220; state: ENABLED
09-01 22:50:43.259  7267  7267 I cr_tabmodel: #isIncognitoTabBeingRestored from tabDetails:  false
09-01 22:50:43.259  7267  7267 I cr_tabmodel: #isIncognitoTabBeingRestored from tabDetails:  false
09-01 22:50:43.259  7267  7267 W cr_tabmodel: Failed to restore TabState; creating Tab with last known URL.
09-01 22:50:43.259  1513  1625 W ActivityManager: Slow operation: 782ms so far, now at startProcess: returned from zygote!
09-01 22:50:43.259  8550  8550 E libc    : SetHeapTaggingLevel: re-enabling tagging after it was disabled is not supported
09-01 22:50:43.261  1513  1625 W ActivityManager: Slow operation: 785ms so far, now at startProcess: done updating battery stats
09-01 22:50:43.261  1513  1625 W ActivityManager: Slow operation: 785ms so far, now at startProcess: building log message
09-01 22:50:43.261  1513  1625 I ActivityManager: Start proc 8550:com.android.chrome:sandboxed_process0:org.chromium.content.app.SandboxedProcessService0:38/u0ai38 for  {com.android.chrome/org.chromium.content.app.SandboxedProcessService0:38}
09-01 22:50:43.261  1513  1625 W ActivityManager: Slow operation: 785ms so far, now at startProcess: starting to update pids map
09-01 22:50:43.261  1513  1625 W ActivityManager: Slow operation: 785ms so far, now at startProcess: done updating pids map
09-01 22:50:43.261  1513  1625 W ActivityManager: Slow operation: 759ms so far, now at startProcess: asking zygote to start proc
09-01 22:50:43.261  1513  1625 D CompatibilityChangeReporter: Compat change id reported: 143937733; UID 10220; state: ENABLED
09-01 22:50:43.269  8480  8480 I LoadedApk: No resource references to update in package com.google.android.trichromelibrary
09-01 22:50:43.269  8480  8480 D NetworkSecurityConfig: Using Network Security Config from resource 0_resource_name_obfuscated debugBuild: false
09-01 22:50:43.271  1513  2169 D CompatibilityChangeReporter: Compat change id reported: 135634846; UID 10220; state: DISABLED
09-01 22:50:43.272  1513  2169 D CompatibilityChangeReporter: Compat change id reported: 135754954; UID 10220; state: ENABLED
09-01 22:50:43.274  7267  7267 E cr_IntentUtils: getBooleanExtra failed on intent null
09-01 22:50:43.275  7267  7267 E cr_IntentUtils: getBooleanExtra failed on intent null
09-01 22:50:43.276  8480  8480 D NetworkSecurityConfig: Using Network Security Config from resource 0_resource_name_obfuscated debugBuild: false
09-01 22:50:43.277  8480  8480 I cr_SplitCompatApp: Launched version=107.0.5304.91 minSdkVersion=29 isBundle=true processName=com.android.chrome:sandboxed_process0:org.chromium.content.app.SandboxedProcessService0:36 isIsolated=true
09-01 22:50:43.289  8550  8550 E cessService0:3: Not starting debugger since process cannot load the jdwp agent.
09-01 22:50:43.289  7267  7267 I cr_tabmodel: Loaded tab lists; counts: 87,0
09-01 22:50:43.291  7318  7318 D Zygote  : Forked child process 8574
09-01 22:50:43.293  1513  1625 W ActivityManager: Slow operation: 791ms so far, now at startProcess: returned from zygote!
09-01 22:50:43.293  1513  1625 W ActivityManager: Slow operation: 791ms so far, now at startProcess: done updating battery stats
09-01 22:50:43.294  1513  1625 W ActivityManager: Slow operation: 791ms so far, now at startProcess: building log message
09-01 22:50:43.294  1513  1625 I ActivityManager: Start proc 8574:com.android.chrome:sandboxed_process0:org.chromium.content.app.SandboxedProcessService0:39/u0ai39 for  {com.android.chrome/org.chromium.content.app.SandboxedProcessService0:39}
09-01 22:50:43.294  1513  1625 W ActivityManager: Slow operation: 791ms so far, now at startProcess: starting to update pids map
09-01 22:50:43.295  1513  1625 W ActivityManager: Slow operation: 793ms so far, now at startProcess: done updating pids map
09-01 22:50:43.295  1513  1625 W ActivityManager: Slow operation: 760ms so far, now at startProcess: asking zygote to start proc
09-01 22:50:43.298  8574  8574 E libc    : SetHeapTaggingLevel: re-enabling tagging after it was disabled is not supported
09-01 22:50:43.300  1513  3375 D CompatibilityChangeReporter: Compat change id reported: 136274596; UID 10220; state: ENABLED
09-01 22:50:43.302  8516  8516 I LoadedApk: No resource references to update in package com.google.android.trichromelibrary
09-01 22:50:43.303  8516  8516 D NetworkSecurityConfig: Using Network Security Config from resource 0_resource_name_obfuscated debugBuild: false
09-01 22:50:43.304  8516  8516 D NetworkSecurityConfig: Using Network Security Config from resource 0_resource_name_obfuscated debugBuild: false
09-01 22:50:43.305  8516  8516 I cr_SplitCompatApp: Launched version=107.0.5304.91 minSdkVersion=29 isBundle=true processName=com.android.chrome:sandboxed_process0:org.chromium.content.app.SandboxedProcessService0:37 isIsolated=true
09-01 22:50:43.311  8480  8480 W SystemServiceRegistry: No service published for: uimode
09-01 22:50:43.316  8480  8480 I cr_ChildProcessService: Creating new ChildProcessService pid=8480
09-01 22:50:43.325  8480  8544 I cr_LibraryLoader: Using ModernLinker
09-01 22:50:43.328  8480  8544 W linker  : Warning: "/data/app/~~_KLlx60MH8CoecPTjMKp8g==/com.android.chrome-kw9RHYrlHKb9bPXi8OTClw==/base.apk!/lib/arm64-v8a/libchromium_android_linker.so" unused DT entry: unknown processor-specific (type 0x70000001 arg 0x0) (ignoring)
09-01 22:50:43.329  8480  8544 E cr_ChromiumAndroidLinker: ReserveAddressWithHint: Address range starting at 0x7a38746000 was not free to use
09-01 22:50:43.330  8516  8516 W SystemServiceRegistry: No service published for: uimode
09-01 22:50:43.336  8550  8550 I LoadedApk: No resource references to update in package com.google.android.trichromelibrary
09-01 22:50:43.337  8550  8550 D NetworkSecurityConfig: Using Network Security Config from resource 0_resource_name_obfuscated debugBuild: false
09-01 22:50:43.337  8516  8516 I cr_ChildProcessService: Creating new ChildProcessService pid=8516
09-01 22:50:43.338  8550  8550 D NetworkSecurityConfig: Using Network Security Config from resource 0_resource_name_obfuscated debugBuild: false
09-01 22:50:43.339  8550  8550 I cr_SplitCompatApp: Launched version=107.0.5304.91 minSdkVersion=29 isBundle=true processName=com.android.chrome:sandboxed_process0:org.chromium.content.app.SandboxedProcessService0:38 isIsolated=true
09-01 22:50:43.341  7318  7318 D Zygote  : Forked child process 8594
09-01 22:50:43.341  8480  8583 I cr_LibraryLoader: Successfully loaded native library
09-01 22:50:43.341  8516  8556 I cr_LibraryLoader: Using ModernLinker
09-01 22:50:43.342  8516  8556 W linker  : Warning: "/data/app/~~_KLlx60MH8CoecPTjMKp8g==/com.android.chrome-kw9RHYrlHKb9bPXi8OTClw==/base.apk!/lib/arm64-v8a/libchromium_android_linker.so" unused DT entry: unknown processor-specific (type 0x70000001 arg 0x0) (ignoring)
09-01 22:50:43.343  8480  8583 I cr_CachingUmaRecorder: Flushed 3 samples from 3 histograms.
09-01 22:50:43.343  8516  8556 E cr_ChromiumAndroidLinker: ReserveAddressWithHint: Address range starting at 0x7a38746000 was not free to use
09-01 22:50:43.343  1513  1625 W ActivityManager: Slow operation: 807ms so far, now at startProcess: returned from zygote!
09-01 22:50:43.343  1513  1625 W ActivityManager: Slow operation: 808ms so far, now at startProcess: done updating battery stats
09-01 22:50:43.343  1513  1625 W ActivityManager: Slow operation: 808ms so far, now at startProcess: building log message
09-01 22:50:43.343  1513  1625 I ActivityManager: Start proc 8594:com.android.chrome:sandboxed_process0:org.chromium.content.app.SandboxedProcessService0:40/u0ai40 for  {com.android.chrome/org.chromium.content.app.SandboxedProcessService0:40}
09-01 22:50:43.343  1513  1625 W ActivityManager: Slow operation: 808ms so far, now at startProcess: starting to update pids map
09-01 22:50:43.343  1513  1625 W ActivityManager: Slow operation: 808ms so far, now at startProcess: done updating pids map
09-01 22:50:43.343  1513  1625 W ActivityManager: Slow operation: 759ms so far, now at startProcess: asking zygote to start proc
09-01 22:50:43.344  1513  1625 D CompatibilityChangeReporter: Compat change id reported: 143937733; UID 10220; state: ENABLED
09-01 22:50:43.346  8574  8574 E cessService0:3: Not starting debugger since process cannot load the jdwp agent.
09-01 22:50:43.347  8594  8594 E libc    : SetHeapTaggingLevel: re-enabling tagging after it was disabled is not supported
09-01 22:50:43.349  8516  8588 I cr_LibraryLoader: Successfully loaded native library
09-01 22:50:43.355  1513  2169 D CompatibilityChangeReporter: Compat change id reported: 136274596; UID 10220; state: ENABLED
09-01 22:50:43.358  8550  8550 W SystemServiceRegistry: No service published for: uimode
09-01 22:50:43.360  8516  8588 I cr_CachingUmaRecorder: Flushed 3 samples from 3 histograms.
09-01 22:50:43.364  8550  8550 I cr_ChildProcessService: Creating new ChildProcessService pid=8550
09-01 22:50:43.364  8594  8594 E cessService0:4: Not starting debugger since process cannot load the jdwp agent.
09-01 22:50:43.370  7318  7318 D Zygote  : Forked child process 8622
09-01 22:50:43.370  1513  1625 W ActivityManager: Slow operation: 786ms so far, now at startProcess: returned from zygote!
