--------- beginning of system
09-01 22:15:09.556  1513  2000 D ConnectivityService: NetReassign [no changes]
09-01 22:15:10.361  1513  3230 I ActivityManager: Force stopping org.mozilla.firefox appid=10258 user=0: from pid 9102
--------- beginning of main
09-01 22:15:10.366  2474  2474 E PhoneInterfaceManager: [PhoneIntfMgr] getCarrierPackageNamesForIntentAndPhone: No UICC
09-01 22:15:10.366  2474  2474 D CarrierSvcBindHelper: No carrier app for: 0
09-01 22:15:10.374  3135  3135 D RegisteredNfcFServicesCache: Service unchanged, not updating
09-01 22:15:10.378  8777  8777 I EuiccGoogle: [2] EuiccServiceImpl.onCreate: onCreate Single-SIM mode: simCardState is 1
09-01 22:15:10.383  8777  9108 I EuiccGoogle: [6724] EuiccServiceImpl.onGetEuiccProfileInfoList: onGetEuiccProfileInfoList: slotId = -1
09-01 22:15:10.386  8777  9108 W EuiccGoogle: [6724] EuiccServiceImpl.onGetEuiccProfileInfoList: slotId=-1. No eUICC is active. Return null.
09-01 22:15:10.618  1513  3230 I ActivityTaskManager: START u0 {act=android.intent.action.VIEW flg=0x10008000 cmp=org.mozilla.firefox/org.mozilla.gecko.BrowserApp} from uid 2000
09-01 22:15:10.618  1513  1572 D EventSequenceValidator: Transition from ACTIVITY_FINISHED to INTENT_STARTED
09-01 22:15:10.628  9052  9109 D ProfileInstaller: Installing profile for com.example.batterymanager_utility
09-01 22:15:10.630   901  2806 I sensors-hal: [ssc_utils]get_qmi_debug_flag:244, support_qmi_debug : false
09-01 22:15:10.642  9102  9104 I cmd     : oneway function results will be dropped but finished with status OK and parcel size 4
09-01 22:15:10.643  1513  1572 D CompatibilityChangeReporter: Compat change id reported: 135634846; UID 10258; state: DISABLED
09-01 22:15:10.643  1513  1572 D CompatibilityChangeReporter: Compat change id reported: 135754954; UID 10258; state: ENABLED
09-01 22:15:10.643  1513  1625 D CompatibilityChangeReporter: Compat change id reported: 143937733; UID 10258; state: ENABLED
09-01 22:15:10.645   901  1000 W ASH     : @ 44497.098: Unhandled msg ID 999: line 1277
09-01 22:15:10.645   901  1000 E ASH     : @ 44497.098: No pb callback assigned
09-01 22:15:10.645   901  1000 E ASH     : @ 44497.098: Nanopb error: callback failed:1588
09-01 22:15:10.646  1513  1572 D EventSequenceValidator: Transition from INTENT_STARTED to ACTIVITY_LAUNCHED
09-01 22:15:10.654   778   778 D Zygote  : Forked child process 9113
09-01 22:15:10.656  1513  1625 I ActivityManager: Start proc 9113:org.mozilla.firefox/u0a258 for pre-top-activity {org.mozilla.firefox/org.mozilla.gecko.BrowserApp}
09-01 22:15:10.667  9113  9113 E mozilla.firefo: Not starting debugger since process cannot load the jdwp agent.
09-01 22:15:10.695  3088  3657 I AssistantForeground: (REDACTED) Get launcher package: %s
09-01 22:15:10.696  9113  9113 D NetworkSecurityConfig: No Network Security Config specified, using platform default
09-01 22:15:10.697  9113  9113 D NetworkSecurityConfig: No Network Security Config specified, using platform default
09-01 22:15:10.702  9113  9113 I FirebaseApp: Device unlocked: initializing all Firebase APIs for app [DEFAULT]
09-01 22:15:10.704  9113  9113 I FirebaseInitProvider: FirebaseApp initialization successful
09-01 22:15:10.722  9113  9113 I rc_log_ffi::ios: rc_log adapter initialized!
09-01 22:15:10.764   901  2806 I sensors-hal: [ssc_utils]get_qmi_debug_flag:244, support_qmi_debug : false
09-01 22:15:10.773  9113  9144 I nimbus::nimbus_client: updating experiment list
09-01 22:15:10.774  9113  9144 I nimbus::persistence: Already at version 2, no upgrade needed
09-01 22:15:10.774  9113  9144 I nimbus::nimbus_client: [Nimbus] Retrieved date from Context: 2023-09-01 07:56:38 UTC
09-01 22:15:10.774  9113  9144 I nimbus::nimbus_client: [Nimbus] Installation Date: 2023-09-01 07:56:38 UTC
09-01 22:15:10.774  9113  9144 I nimbus::nimbus_client: [Nimbus] Update Date: 2023-09-01 14:22:00.591064144 UTC
09-01 22:15:10.774  9113  9144 I nimbus::nimbus_client: [Nimbus] Days since install: 0
09-01 22:15:10.774  9113  9144 I nimbus::nimbus_client: [Nimbus] Days since update: 0
09-01 22:15:10.785  9113  9150 I GeckoThread: preparing to run Gecko
09-01 22:15:10.791  9113  9150 I GeckoLoader: Library base=/data/app/~~BtOtpENtY_8SJVQLgbYgRg==/org.mozilla.firefox-ZoJ8FBGk3KN0nHoYkPw1IA==/lib/arm64
09-01 22:15:10.792  9113  9152 I libglean_ffi: glean_core::core: Creating new Glean v53.1.0
09-01 22:15:10.792  9113  9150 W Settings: Setting animator_duration_scale has moved from android.provider.Settings.System to android.provider.Settings.Global, returning read-only global URI.
09-01 22:15:10.792  9113  9152 I libglean_ffi: glean_core::database: Database initialized
09-01 22:15:10.793  9113  9152 I libglean_ffi: glean_core: Glean initialized
09-01 22:15:10.793  9113  9152 I libglean_ffi: glean_core::event_database: Loading events for events
09-01 22:15:10.794  9113  9152 I libglean_ffi: glean_core::event_database: Loading events for background-update
09-01 22:15:10.794  9113  9150 I GeckoLoader: Library base=/data/app/~~BtOtpENtY_8SJVQLgbYgRg==/org.mozilla.firefox-ZoJ8FBGk3KN0nHoYkPw1IA==/lib/arm64
09-01 22:15:10.795  9113  9150 E GeckoLibLoad: Load sqlite start
09-01 22:15:10.795  9113  9152 I libglean_ffi: glean_core::ping: Collecting events
09-01 22:15:10.796  9113  9150 E GeckoLibLoad: Load sqlite done
09-01 22:15:10.796  9113  9150 I GeckoLoader: Library base=/data/app/~~BtOtpENtY_8SJVQLgbYgRg==/org.mozilla.firefox-ZoJ8FBGk3KN0nHoYkPw1IA==/lib/arm64
09-01 22:15:10.796  9113  9150 E GeckoLibLoad: Load nss start
09-01 22:15:10.796  9113  9150 E GeckoLibLoad: Load nss done
09-01 22:15:10.796  9113  9150 I GeckoLoader: Library base=/data/app/~~BtOtpENtY_8SJVQLgbYgRg==/org.mozilla.firefox-ZoJ8FBGk3KN0nHoYkPw1IA==/lib/arm64
09-01 22:15:10.796  9113  9150 E GeckoLibLoad: Loaded libs in 0.314270ms total, 0ms(4ms) user, 0ms(1ms) system, 0(0) faults
09-01 22:15:10.797  9113  9150 W GeckoThread: zerdatime 44494022 - runGecko
09-01 22:15:10.801  9113  9152 I libglean_ffi: glean_core::upload::directory: Processing ping at: /data/user/0/org.mozilla.firefox/glean_data/pending_pings/b309a354-a976-4a59-b521-81a9e806ce3d
09-01 22:15:10.802  9113  9152 I libglean_ffi: glean_core::metrics::ping: The ping 'events' was submitted and will be sent as soon as possible
09-01 22:15:10.805   901  1000 W ASH     : @ 44497.258: Unhandled msg ID 999: line 1277
09-01 22:15:10.805   901  1000 E ASH     : @ 44497.258: No pb callback assigned
09-01 22:15:10.805   901  1000 E ASH     : @ 44497.258: Nanopb error: callback failed:1588
09-01 22:15:10.812  9113  9152 I TetheringManager: registerTetheringEventCallback:org.mozilla.firefox
09-01 22:15:10.815  9113  9113 W org.mozilla.firefox: type=1400 audit(0.0:5376): avc: denied { bind } for comm=4E65746C696E6B204D6F6E69746F72 scontext=u:r:untrusted_app:s0:c2,c257,c512,c768 tcontext=u:r:untrusted_app:s0:c2,c257,c512,c768 tclass=netlink_route_socket permissive=0 b/155595000 app=org.mozilla.firefox
09-01 22:15:10.816  9113  9150 I Gecko:DumpUtils: Fifo watcher disabled via pref.
09-01 22:15:10.834  9113  9113 I FenixApplication: AutoPushFeature is configured, initializing it...
09-01 22:15:10.835  9113  9113 I AbstractFirebasePushService: start
09-01 22:15:10.836  1513  7910 D CompatibilityChangeReporter: Compat change id reported: 136274596; UID 10258; state: ENABLED
09-01 22:15:10.842   592  1642 W DisplayIdentification: Invalid EDID: falling back to serial number due to missing display name.
09-01 22:15:10.843   592  1642 W DisplayIdentification: Invalid EDID: falling back to ASCII text due to missing serial number.
09-01 22:15:10.851  1513  7910 I ActivityTaskManager: START u0 {act=android.intent.action.VIEW cmp=org.mozilla.firefox/org.mozilla.fenix.HomeActivity (has extras)} from uid 10258
09-01 22:15:10.855   901  2806 I sensors-hal: [ssc_utils]get_qmi_debug_flag:244, support_qmi_debug : false
09-01 22:15:10.878  1513  3221 W ActivityTaskManager: Tried to set launchTime (0) < mLastActivityLaunchTime (44493901)
09-01 22:15:10.886   901  1000 W ASH     : @ 44497.338: Unhandled msg ID 999: line 1277
09-01 22:15:10.886   901  1000 E ASH     : @ 44497.338: No pb callback assigned
09-01 22:15:10.886   901  1000 E ASH     : @ 44497.338: Nanopb error: callback failed:1588
09-01 22:15:10.900  9113  9152 I glean/MetricsPingSched: The 'metrics' ping was already sent today, 1693599310823.
09-01 22:15:10.910  2158  2158 I WallpaperService: engine resumed
09-01 22:15:10.911   901   901 I sensors-hal: [hal]batch_physical_sensor:301, android.sensor.gyroscope/41, period=20000000, max_latency=0
09-01 22:15:10.911   901   901 I sensors-hal: [hal]batch_physical_sensor:310, android.sensor.gyroscope/41, period=20000000, max_latency=0 request completed
09-01 22:15:10.911   901   901 I sensors-hal: [hal]activate_physical_sensor:238, android.sensor.gyroscope/41 en=1
09-01 22:15:10.911   901   901 I sensors-hal: [ssc_utils]get_qmi_debug_flag:244, support_qmi_debug : false
09-01 22:15:10.918   901   901 W sensors@2.0-ser: type=1400 audit(0.0:5377): avc: denied { read write } for name="diag" dev="tmpfs" ino=12474 scontext=u:r:hal_sensors_default:s0 tcontext=u:object_r:diag_device:s0 tclass=chr_file permissive=0
09-01 22:15:10.918   901   901 W sensors@2.0-ser: type=1400 audit(0.0:5378): avc: denied { read write } for name="diag" dev="tmpfs" ino=12474 scontext=u:r:hal_sensors_default:s0 tcontext=u:object_r:diag_device:s0 tclass=chr_file permissive=0
09-01 22:15:10.920   901   901 D Diag_Lib:  Diag_LSM_Init: Failed to open handle to diag driver, error = 13
09-01 22:15:10.920   901   901 D Diag_Lib:  Diag_LSM_Init: Failed to open handle to diag driver, error = 13
09-01 22:15:10.920   901   901 I sensors-hal: [ssc_sensor]update_handle:537, handle=331, type=33, wakeup=0, hwid=0, base=331
09-01 22:15:10.920   901   901 I sensors-hal: [ssc_utils]get_qmi_debug_flag:244, support_qmi_debug : false
09-01 22:15:10.921  9113  9152 I libglean_ffi: glean_core::ping: Collecting baseline
09-01 22:15:10.923   901   901 I sensors-hal: [ssc_utils]get_qmi_debug_flag:244, support_qmi_debug : false
09-01 22:15:10.924   901  9213 I sensors-hal: [ssc_sensor]ssc_conn_resp_cb:663, resp_value = 0
09-01 22:15:10.924   901  1000 W SEE     : @ 44497.376: adding req to Q sensor=8 req=0xb202c568 msg=513
09-01 22:15:10.926   901  9213 I sensors-hal: [sensor]submit_sensors_hal_event:146, android.sensor.additional_info: trying to push empty Events, count = 0
09-01 22:15:10.926   901  9213 I sensors-hal: [sensor]submit_sensors_hal_event:146, android.sensor.additional_info: trying to push empty Events, count = 0
09-01 22:15:10.931  9113  9152 I libglean_ffi: glean_core::upload::directory: Processing ping at: /data/user/0/org.mozilla.firefox/glean_data/pending_pings/bc5c8dab-9352-4c6c-8d6d-8d2513d769b4
09-01 22:15:10.932  9113  9152 I libglean_ffi: glean_core::metrics::ping: The ping 'baseline' was submitted and will be sent as soon as possible
09-01 22:15:10.932   901   901 I sensors-hal: [hal]activate_physical_sensor:249, android.sensor.gyroscope/41 en=1 completed
09-01 22:15:10.933   901  9218 I sensors-hal: [ssc_sensor]ssc_conn_resp_cb:663, resp_value = 0
09-01 22:15:10.933   901  1000 W SEE     : @ 44497.386: adding req to Q sensor=2 req=0xb202a238 msg=513
09-01 22:15:10.935   901  9218 I sensors-hal: [sensor]submit_sensors_hal_event:146, android.sensor.gyroscope: trying to push empty Events, count = 1
09-01 22:15:10.935   901  9218 I chatty  : uid=1000(system) sensors@2.0-ser identical 2 lines
09-01 22:15:10.937   901  9218 I sensors-hal: [sensor]submit_sensors_hal_event:146, android.sensor.gyroscope: trying to push empty Events, count = 1
09-01 22:15:10.945  9113  9185 I push::internal::communications::rate_limiter: No need to reset inner timestamp and count for verify_connection.
09-01 22:15:10.950  9113  9150 W mozilla.firefo: Accessing hidden field Ljava/lang/Boolean;->value:Z (greylist-max-p, JNI, denied)
09-01 22:15:10.950  9113  9150 W mozilla.firefo: Accessing hidden field Ljava/lang/Integer;->value:I (greylist-max-p, JNI, denied)
09-01 22:15:10.950  9113  9150 W mozilla.firefo: Accessing hidden field Ljava/lang/Double;->value:D (greylist-max-p, JNI, denied)
09-01 22:15:10.952  9113  9185 I push::internal::communications::rate_limiter: Not allowed: count(80) > 1 for verify_connection.
09-01 22:15:10.954  9113  9185 I AutoPushFeature: No change to subscriptions. Doing nothing.
09-01 22:15:10.959  9113  9149 I libglean_ffi: glean_core::ping: Collecting pageload
09-01 22:15:10.959  9113  9149 I libglean_ffi: glean_core::ping: Storage for pageload empty. Bailing out.
09-01 22:15:10.959  9113  9149 I libglean_ffi: glean_core::metrics::ping: No content for ping 'pageload', therefore no ping queued.
09-01 22:15:10.959  9113  9149 I libglean_ffi: glean_core::core: Upload enabled: true
09-01 22:15:10.961  1513  3221 D CompatibilityChangeReporter: Compat change id reported: 135634846; UID 10258; state: DISABLED
09-01 22:15:10.962  1513  3221 D CompatibilityChangeReporter: Compat change id reported: 135754954; UID 10258; state: ENABLED
09-01 22:15:10.962  1513  1625 D CompatibilityChangeReporter: Compat change id reported: 143937733; UID 10258; state: ENABLED
09-01 22:15:10.970  9113  9113 I NavController: Ignoring popBackStack to destination org.mozilla.firefox:id/browserFragment as it was not found on the current back stack
09-01 22:15:10.973   778   778 D Zygote  : Forked child process 9223
09-01 22:15:10.979  9113  9113 I ContileTopSitesUpdater: Started periodic work to update Contile top sites
09-01 22:15:10.982  1513  1625 I ActivityManager: Start proc 9223:org.mozilla.firefox:tab11/u0a258 for service {org.mozilla.firefox/org.mozilla.gecko.process.GeckoChildProcessServices$tab11}
09-01 22:15:10.985  9113  9160 I service-pocket: Scheduling pocket recommendations background refresh
09-01 22:15:10.985  9113  9160 I service-pocket: Scheduling sponsored stories background refresh
09-01 22:15:10.986  9223  9223 E a.firefox:tab1: Not starting debugger since process cannot load the jdwp agent.
09-01 22:15:11.003  1513  7910 D CompatibilityChangeReporter: Compat change id reported: 136274596; UID 10258; state: ENABLED
09-01 22:15:11.047  9113  9168 E GeckoSession: String does not represent valid session state.
09-01 22:15:11.050  9113  9168 I chatty  : uid=10258(org.mozilla.firefox) identical 5 lines
09-01 22:15:11.050  9113  9168 E GeckoSession: String does not represent valid session state.
09-01 22:15:11.051  9223  9223 D NetworkSecurityConfig: No Network Security Config specified, using platform default
09-01 22:15:11.051  9223  9223 D NetworkSecurityConfig: No Network Security Config specified, using platform default
09-01 22:15:11.051  9113  9113 W GeckoViewActivityContextDelegate: A non-activity context was set.
09-01 22:15:11.053  9113  9168 E GeckoSession: String does not represent valid session state.
09-01 22:15:11.058  9113  9168 I chatty  : uid=10258(org.mozilla.firefox) identical 10 lines
09-01 22:15:11.058  9113  9168 E GeckoSession: String does not represent valid session state.
09-01 22:15:11.062  9113  9113 I BgSyncManager: Periodic syncing enabled: PeriodicSyncConfig(periodMinutes=240, initialDelayMinutes=5)
09-01 22:15:11.062  9113  9113 I FirefoxAccountStateMachine: Sync is enabled
09-01 22:15:11.067  9223  9223 I ServiceChildProcess: onCreate
09-01 22:15:11.067  9223  9253 I GeckoThread: preparing to run Gecko
09-01 22:15:11.073  1513  3230 D ConnectivityService: requestNetwork for uid/pid:10258/9113 NetworkRequest [ TRACK_DEFAULT id=2035, [ Capabilities: INTERNET&NOT_RESTRICTED&TRUSTED Uid: 10258 AdministratorUids: [] RequestorUid: 10258 RequestorPackageName: org.mozilla.firefox] ]
09-01 22:15:11.073  1513  2000 D ConnectivityService: NetReassign [2035 : null → 100]
09-01 22:15:11.073  1513  2038 D Ethernet: got request NetworkRequest [ TRACK_DEFAULT id=2035, [ Capabilities: INTERNET&NOT_RESTRICTED&TRUSTED Uid: 10258 AdministratorUids: [] RequestorUid: 10258 RequestorPackageName: org.mozilla.firefox] ] with score 60 and providerId 5
09-01 22:15:11.074  1513  2037 D WIFI_AWARE_FACTORY: got request NetworkRequest [ TRACK_DEFAULT id=2035, [ Capabilities: INTERNET&NOT_RESTRICTED&TRUSTED Uid: 10258 AdministratorUids: [] RequestorUid: 10258 RequestorPackageName: org.mozilla.firefox] ] with score 60 and providerId 5
09-01 22:15:11.074  1513  1996 D WifiNetworkFactory: got request NetworkRequest [ TRACK_DEFAULT id=2035, [ Capabilities: INTERNET&NOT_RESTRICTED&TRUSTED Uid: 10258 AdministratorUids: [] RequestorUid: 10258 RequestorPackageName: org.mozilla.firefox] ] with score 60 and providerId 5
09-01 22:15:11.074  1513  1996 D UntrustedWifiNetworkFactory: got request NetworkRequest [ TRACK_DEFAULT id=2035, [ Capabilities: INTERNET&NOT_RESTRICTED&TRUSTED Uid: 10258 AdministratorUids: [] RequestorUid: 10258 RequestorPackageName: org.mozilla.firefox] ] with score 60 and providerId 5
09-01 22:15:11.074  2474  2474 D PhoneSwitcherNetworkRequstListener: got request NetworkRequest [ TRACK_DEFAULT id=2035, [ Capabilities: INTERNET&NOT_RESTRICTED&TRUSTED Uid: 10258 AdministratorUids: [] RequestorUid: 10258 RequestorPackageName: org.mozilla.firefox] ] with score 60 and providerId 5
09-01 22:15:11.088  9113  9161 I StartupTypeTelemetry: Recorded start up: cold_view
09-01 22:15:11.094  9113  9149 I libglean_ffi: glean_core::ping: Collecting baseline
09-01 22:15:11.101  9113  9149 I libglean_ffi: glean_core::upload::directory: Processing ping at: /data/user/0/org.mozilla.firefox/glean_data/pending_pings/3033114e-919a-44e3-86e1-4e0484d9104f
09-01 22:15:11.106  9113  9260 I FirefoxAccountStateMachine: Processing event 'mozilla.components.service.fxa.manager.Event$Account$Start@2426598' for state Idle(accountState=NotAuthenticated). Next state is Active(progressState=Initializing)
09-01 22:15:11.106  9113  9149 I libglean_ffi: glean_core::metrics::ping: The ping 'baseline' was submitted and will be sent as soon as possible
09-01 22:15:11.108  2158  2566 W Choreographer: Frame time is 0.031264 ms in the future!  Check that graphics HAL is generating vsync timestamps using the correct timebase.
09-01 22:15:11.120  9113  9186 I AdrenoGLES-0: QUALCOMM build                   : 35605c3, Ia11ce2d146
09-01 22:15:11.120  9113  9186 I AdrenoGLES-0: Build Date                       : 09/02/20
09-01 22:15:11.120  9113  9186 I AdrenoGLES-0: OpenGL ES Shader Compiler Version: EV031.31.04.00
09-01 22:15:11.120  9113  9186 I AdrenoGLES-0: Local Branch                     : gfx-adreno.lnx.2.0
09-01 22:15:11.120  9113  9186 I AdrenoGLES-0: Remote Branch                    : 
09-01 22:15:11.120  9113  9186 I AdrenoGLES-0: Remote Branch                    : 
09-01 22:15:11.120  9113  9186 I AdrenoGLES-0: Reconstruct Branch               : 
09-01 22:15:11.120  9113  9186 I AdrenoGLES-0: Build Config                     : S P 10.0.4 AArch64
09-01 22:15:11.120  9113  9186 I AdrenoGLES-0: Driver Path                      : /vendor/lib64/egl/libGLESv2_adreno.so
09-01 22:15:11.121   594 28441 I SDM     : HWDeviceDRM::UpdateMixerAttributes: Mixer WxH 1080x2340-1 for Peripheral
09-01 22:15:11.121   594 28441 I SDM     : DisplayBase::SetActiveConfig: Active configuration changed to: 0
09-01 22:15:11.121   594 28441 I SDM     : StrategyImpl::SetIdleTimeoutMs: Idle timeout set to zero for command mode panels
09-01 22:15:11.124  9113  9133 I mozilla.firefo: Waiting for a blocking GC ProfileSaver
09-01 22:15:11.127  9113  9186 I AdrenoGLES-0: PFP: 0x016dd090, ME: 0x00000000
09-01 22:15:11.129   901  2806 I sensors-hal: [ssc_utils]get_qmi_debug_flag:244, support_qmi_debug : false
09-01 22:15:11.130  1513  1572 I DisplayManagerService: Display device changed: DisplayDeviceInfo{"Built-in Screen": uniqueId="local:19260504575090817", 1080 x 2340, modeId 2, defaultModeId 2, supportedModes [{id=1, width=1080, height=2340, fps=90.0}, {id=2, width=1080, height=2340, fps=60.000004}], colorMode 0, supportedColorModes [0, 7, 9], HdrCapabilities HdrCapabilities{mSupportedHdrTypes=[2, 3, 4], mMaxLuminance=500.0, mMaxAverageLuminance=500.0, mMinLuminance=0.0}, allmSupported false, gameContentTypeSupported false, density 440, 435.428 x 433.839 dpi, appVsyncOff 2333332, presDeadline 11500000, cutout DisplayCutout{insets=Rect(0, 136 - 0, 0) waterfall=Insets{left=0, top=0, right=0, bottom=0} boundingRect={Bounds=[Rect(0, 0 - 0, 0), Rect(0, 0 - 136, 136), Rect(0, 0 - 0, 0), Rect(0, 0 - 0, 0)]}}, touch INTERNAL, rotation 0, type INTERNAL, address {port=129, model=0x446d53ad64a0}, deviceProductInfo DeviceProductInfo{name=, manufacturerPnpId=QCM, productId=1, modelYear=null, manufactureDate=ManufactureDate{week=27, year=2006}, relativeAddress=null}, state ON, FLAG_DEFAULT_DISPLAY, FLAG_ROTATES_WITH_CONTENT, FLAG_SECURE, FLAG_SUPPORTS_PROTECTED_BUFFERS}
09-01 22:15:11.135   594 28441 I SDM     : StrategyImpl::SetIdleTimeoutMs: Idle timeout set to zero for command mode panels
09-01 22:15:11.148  9113  9186 W AdrenoUtils: <ReadGpuID_from_sysfs:197>: Failed to open /sys/class/kgsl/kgsl-3d0/gpu_model
09-01 22:15:11.148  9113  9186 W AdrenoUtils: <ReadGpuID:221>: Failed to read chip ID from gpu_model. Fallback to use the GSL path
09-01 22:15:11.165  9113  9260 I FirefoxAccount: Registering persistence callback
09-01 22:15:11.166  9113  9260 I FirefoxAccountStateMachine: Ran 'mozilla.components.service.fxa.manager.Event$Account$Start@2426598' side-effects for state Active(progressState=Initializing), got successive event mozilla.components.service.fxa.manager.Event$Progress$AccountNotFound@eeb914b
09-01 22:15:11.166  1513  1572 D EventSequenceValidator: Transition from ACTIVITY_LAUNCHED to ACTIVITY_FINISHED
09-01 22:15:11.167   901  1000 W ASH     : @ 44497.618: Unhandled msg ID 999: line 1277
09-01 22:15:11.167   901  1000 E ASH     : @ 44497.618: No pb callback assigned
09-01 22:15:11.167   901  1000 E ASH     : @ 44497.618: Nanopb error: callback failed:1588
09-01 22:15:11.167  9113  9260 I FirefoxAccountStateMachine: Processing event 'mozilla.components.service.fxa.manager.Event$Progress$AccountNotFound@eeb914b' for state Active(progressState=Initializing). Next state is Idle(accountState=NotAuthenticated)
09-01 22:15:11.171  1513  1622 D ArtManagerInternalImpl: /data/misc/iorapd/org.mozilla.firefox/2015969571/org.mozilla.fenix.HomeActivity/compiled_traces/compiled_trace.pb doesn't exist
09-01 22:15:11.173  1513  1622 I ActivityTaskManager: Displayed org.mozilla.firefox/org.mozilla.fenix.HomeActivity: +548ms
09-01 22:15:11.178  9113  9158 W logins::schema: user_version: 2
09-01 22:15:11.187   594 28441 I SDM     : HWDeviceDRM::UpdateMixerAttributes: Mixer WxH 1080x2340-1 for Peripheral
09-01 22:15:11.187   594 28441 I SDM     : DisplayBase::SetActiveConfig: Active configuration changed to: 1
09-01 22:15:11.188   594 28441 I SDM     : StrategyImpl::SetIdleTimeoutMs: Idle timeout set to zero for command mode panels
09-01 22:15:11.203  1513  1572 I DisplayManagerService: Display device changed: DisplayDeviceInfo{"Built-in Screen": uniqueId="local:19260504575090817", 1080 x 2340, modeId 1, defaultModeId 2, supportedModes [{id=1, width=1080, height=2340, fps=90.0}, {id=2, width=1080, height=2340, fps=60.000004}], colorMode 0, supportedColorModes [0, 7, 9], HdrCapabilities HdrCapabilities{mSupportedHdrTypes=[2, 3, 4], mMaxLuminance=500.0, mMaxAverageLuminance=500.0, mMinLuminance=0.0}, allmSupported false, gameContentTypeSupported false, density 440, 435.428 x 433.839 dpi, appVsyncOff 2333333, presDeadline 11500000, cutout DisplayCutout{insets=Rect(0, 136 - 0, 0) waterfall=Insets{left=0, top=0, right=0, bottom=0} boundingRect={Bounds=[Rect(0, 0 - 0, 0), Rect(0, 0 - 136, 136), Rect(0, 0 - 0, 0), Rect(0, 0 - 0, 0)]}}, touch INTERNAL, rotation 0, type INTERNAL, address {port=129, model=0x446d53ad64a0}, deviceProductInfo DeviceProductInfo{name=, manufacturerPnpId=QCM, productId=1, modelYear=null, manufactureDate=ManufactureDate{week=27, year=2006}, relativeAddress=null}, state ON, FLAG_DEFAULT_DISPLAY, FLAG_ROTATES_WITH_CONTENT, FLAG_SECURE, FLAG_SUPPORTS_PROTECTED_BUFFERS}
09-01 22:15:11.204   901  2806 I sensors-hal: [ssc_utils]get_qmi_debug_flag:244, support_qmi_debug : false
09-01 22:15:11.243  9113  9295 I libglean_ffi: glean_core::upload: New upload task with id b309a354-a976-4a59-b521-81a9e806ce3d (path: /submit/org-mozilla-firefox/events/1/b309a354-a976-4a59-b521-81a9e806ce3d)
09-01 22:15:11.245   901  1000 W ASH     : @ 44497.698: Unhandled msg ID 999: line 1277
09-01 22:15:11.245   901  1000 E ASH     : @ 44497.698: No pb callback assigned
09-01 22:15:11.245   901  1000 E ASH     : @ 44497.698: Nanopb error: callback failed:1588
09-01 22:15:11.246  2858  2858 I GoogleInputMethodService: GoogleInputMethodService.onFinishInput():3280 
09-01 22:15:11.249  2858  2858 I GoogleInputMethodService: GoogleInputMethodService.updateDeviceLockedStatus():2169 repeatCheckTimes = 0, unlocked = true
09-01 22:15:11.249  2858  2858 I GoogleInputMethodService: GoogleInputMethodService.onStartInput():1960 onStartInput(EditorInfo{inputType=0x0(NULL) imeOptions=0x0 privateImeOptions=null actionName=UNSPECIFIED actionLabel=null actionId=0 initialSelStart=-1 initialSelEnd=-1 initialCapsMode=0x0 hintText=null label=null packageName=org.mozilla.firefox fieldId=-1 fieldName=null extras=null}, false)
09-01 22:15:11.249  2858  2858 I GoogleInputMethodService: GoogleInputMethodService.shouldHideHeaderOnInitialState():4081 ShouldHideHeaderOnInitialState = false
09-01 22:15:11.251  2858  2858 I GoogleInputMethodService: GoogleInputMethodService.updateDeviceLockedStatus():2169 repeatCheckTimes = 2, unlocked = true
09-01 22:15:11.280  1513  7910 D CompatibilityChangeReporter: Compat change id reported: 135634846; UID 10258; state: DISABLED
09-01 22:15:11.280  1513  7910 D CompatibilityChangeReporter: Compat change id reported: 135754954; UID 10258; state: ENABLED
09-01 22:15:11.280  1513  1625 D CompatibilityChangeReporter: Compat change id reported: 143937733; UID 10258; state: ENABLED
09-01 22:15:11.293   778   778 D Zygote  : Forked child process 9301
09-01 22:15:11.296  1513  1625 I ActivityManager: Start proc 9301:org.mozilla.firefox:gpu/u0a258 for service {org.mozilla.firefox/org.mozilla.gecko.process.GeckoChildProcessServices$gpu}
09-01 22:15:11.311  9301  9301 E lla.firefox:gp: Not starting debugger since process cannot load the jdwp agent.
09-01 22:15:11.313  1513  3246 W ActivityManager: Receiver with filter android.content.IntentFilter@aa434d9 already registered for pid 9113, callerPackage is org.mozilla.firefox
09-01 22:15:11.334  1513  3246 D CompatibilityChangeReporter: Compat change id reported: 136274596; UID 10258; state: ENABLED
09-01 22:15:11.373  9301  9301 D NetworkSecurityConfig: No Network Security Config specified, using platform default
09-01 22:15:11.373  9301  9301 D NetworkSecurityConfig: No Network Security Config specified, using platform default
09-01 22:15:11.384  9301  9301 I ServiceChildProcess: onCreate
09-01 22:15:11.386  9301  9335 I GeckoThread: preparing to run Gecko
09-01 22:15:11.390  9301  9335 I GeckoLoader: Library base=/data/app/~~BtOtpENtY_8SJVQLgbYgRg==/org.mozilla.firefox-ZoJ8FBGk3KN0nHoYkPw1IA==/lib/arm64
09-01 22:15:11.390  9301  9335 I GeckoLoader: Library base=/data/app/~~BtOtpENtY_8SJVQLgbYgRg==/org.mozilla.firefox-ZoJ8FBGk3KN0nHoYkPw1IA==/lib/arm64
09-01 22:15:11.391  9113  9113 I SessionPrioritizationMiddleware: Update the currentSelectedTab 41d2abca-1ccd-42e7-8eee-7d7924d4f5e1 priority to HIGH
09-01 22:15:11.392  9301  9335 E GeckoLibLoad: Load sqlite start
09-01 22:15:11.393  9301  9335 E GeckoLibLoad: Load sqlite done
09-01 22:15:11.393  9301  9335 I GeckoLoader: Library base=/data/app/~~BtOtpENtY_8SJVQLgbYgRg==/org.mozilla.firefox-ZoJ8FBGk3KN0nHoYkPw1IA==/lib/arm64
09-01 22:15:11.393  9301  9335 E GeckoLibLoad: Load nss start
09-01 22:15:11.393  9301  9335 E GeckoLibLoad: Load nss done
09-01 22:15:11.393  9301  9335 I GeckoLoader: Library base=/data/app/~~BtOtpENtY_8SJVQLgbYgRg==/org.mozilla.firefox-ZoJ8FBGk3KN0nHoYkPw1IA==/lib/arm64
09-01 22:15:11.410  9113  9167 W ActivityThread: ClassLoader.getResources: The class loader returned by Thread.getContextClassLoader() may fail for processes that host multiple applications. You should explicitly specify a context class loader. For example: Thread.setContextClassLoader(getClass().getClassLoader());
09-01 22:15:11.412  9301  9335 E GeckoLibLoad: Loaded libs in 18.350627ms total, 3ms(3ms) user, 6ms(7ms) system, 0(0) faults
09-01 22:15:11.412  9301  9335 W GeckoThread: zerdatime 44494638 - runGecko
09-01 22:15:11.476  9301  9345 I AdrenoGLES-0: QUALCOMM build                   : 35605c3, Ia11ce2d146
09-01 22:15:11.476  9301  9345 I AdrenoGLES-0: Build Date                       : 09/02/20
09-01 22:15:11.476  9301  9345 I AdrenoGLES-0: OpenGL ES Shader Compiler Version: EV031.31.04.00
09-01 22:15:11.476  9301  9345 I AdrenoGLES-0: Local Branch                     : gfx-adreno.lnx.2.0
09-01 22:15:11.476  9301  9345 I AdrenoGLES-0: Remote Branch                    : 
09-01 22:15:11.476  9301  9345 I AdrenoGLES-0: Remote Branch                    : 
09-01 22:15:11.476  9301  9345 I AdrenoGLES-0: Reconstruct Branch               : 
09-01 22:15:11.476  9301  9345 I AdrenoGLES-0: Build Config                     : S P 10.0.4 AArch64
09-01 22:15:11.476  9301  9345 I AdrenoGLES-0: Driver Path                      : /vendor/lib64/egl/libGLESv2_adreno.so
09-01 22:15:11.483  9301  9345 I AdrenoGLES-0: PFP: 0x016dd090, ME: 0x00000000
09-01 22:15:11.497  2158  2158 I WallpaperService: engine paused
09-01 22:15:11.498  9301  9345 W AdrenoUtils: <ReadGpuID_from_sysfs:197>: Failed to open /sys/class/kgsl/kgsl-3d0/gpu_model
09-01 22:15:11.498   901   901 I sensors-hal: [hal]activate_physical_sensor:238, android.sensor.gyroscope/41 en=0
09-01 22:15:11.498  9301  9345 W AdrenoUtils: <ReadGpuID:221>: Failed to read chip ID from gpu_model. Fallback to use the GSL path
09-01 22:15:11.500   901   901 D Diag_Lib: diag: Diag_LSM_DeInit done for pid: 901
09-01 22:15:11.501   901   901 D Diag_Lib: diag: Diag_LSM_DeInit done for pid: 901
09-01 22:15:11.501   901   901 I sensors-hal: [hal]activate_physical_sensor:249, android.sensor.gyroscope/41 en=0 completed
09-01 22:15:11.523  9223  9253 I GeckoLoader: Library base=/data/app/~~BtOtpENtY_8SJVQLgbYgRg==/org.mozilla.firefox-ZoJ8FBGk3KN0nHoYkPw1IA==/lib/arm64
09-01 22:15:11.523  9223  9253 I GeckoLoader: Library base=/data/app/~~BtOtpENtY_8SJVQLgbYgRg==/org.mozilla.firefox-ZoJ8FBGk3KN0nHoYkPw1IA==/lib/arm64
09-01 22:15:11.524  9223  9253 E GeckoLibLoad: Load sqlite start
09-01 22:15:11.525  9223  9253 E GeckoLibLoad: Load sqlite done
09-01 22:15:11.525  3088  3667 I AssistantForeground: (REDACTED) Get launcher package: %s
09-01 22:15:11.525  9223  9253 I GeckoLoader: Library base=/data/app/~~BtOtpENtY_8SJVQLgbYgRg==/org.mozilla.firefox-ZoJ8FBGk3KN0nHoYkPw1IA==/lib/arm64
09-01 22:15:11.525  9223  9253 E GeckoLibLoad: Load nss start
09-01 22:15:11.525  9223  9253 E GeckoLibLoad: Load nss done
09-01 22:15:11.526  9223  9253 I GeckoLoader: Library base=/data/app/~~BtOtpENtY_8SJVQLgbYgRg==/org.mozilla.firefox-ZoJ8FBGk3KN0nHoYkPw1IA==/lib/arm64
09-01 22:15:11.538  9113  9150 W VideoCapabilities: Unrecognized level 1879048707 for video/x-vnd.on2.vp8
09-01 22:15:11.539  9113  9150 W VideoCapabilities: Unrecognized profile 1879048704 for video/x-vnd.on2.vp8
09-01 22:15:11.539  9113  9150 W VideoCapabilities: Unrecognized level 1879048707 for video/x-vnd.on2.vp8
09-01 22:15:11.539  9113  9150 W VideoCapabilities: Unrecognized profile 1879048704 for video/x-vnd.on2.vp8
09-01 22:15:11.540  9113  9150 W VideoCapabilities: Unsupported mime image/vnd.android.heic
09-01 22:15:11.540  9113  9150 W VideoCapabilities: Unrecognized level 1879048707 for video/x-vnd.on2.vp8
09-01 22:15:11.540  9113  9150 W VideoCapabilities: Unrecognized profile 1879048704 for video/x-vnd.on2.vp8
09-01 22:15:11.540  9113  9150 W VideoCapabilities: Unrecognized level 1879048707 for video/x-vnd.on2.vp8
09-01 22:15:11.540  9113  9150 W VideoCapabilities: Unrecognized profile 1879048704 for video/x-vnd.on2.vp8
09-01 22:15:11.550  9223  9253 E GeckoLibLoad: Loaded libs in 24.022138ms total, 11ms(10ms) user, 11ms(10ms) system, 0(0) faults
09-01 22:15:11.550  9223  9253 W GeckoThread: zerdatime 44494775 - runGecko
09-01 22:15:11.560  9113  9150 I GeckoSession: zerdatime 44494786 - chrome startup finished
09-01 22:15:11.566  9113  9113 I GeckoSession: handleMessage GeckoView:PageStart uri=
09-01 22:15:11.566  9113  9113 I GeckoSession: handleMessage GeckoView:PageStop uri=null
09-01 22:15:11.580  2816  3036 I FontLog : Received query Noto Color Emoji Compat, URI content://com.google.android.gms.fonts [CONTEXT service_id=132 ]
09-01 22:15:11.581  2816  3036 I FontLog : Query [emojicompat-emoji-font] resolved to {Noto Color Emoji Compat, wdth 100.0, wght 400, ital 0.0, bestEffort false} [CONTEXT service_id=132 ]
09-01 22:15:11.582  2816  3036 I FontLog : Fetch {Noto Color Emoji Compat, wdth 100.0, wght 400, ital 0.0, bestEffort false} end status Status{statusCode=SUCCESS, resolution=null} [CONTEXT service_id=132 ]
09-01 22:15:11.586  2816 10278 I FontLog : Pulling font file for id = 1545, cache size = 5 [CONTEXT service_id=132 ]
09-01 22:15:11.594  2816 10278 I FontLog : Pulling font file for id = 1545, cache size = 5 [CONTEXT service_id=132 ]
09-01 22:15:11.636  9113  9150 D GeckoIdleService: Registering Idle observer callback
09-01 22:15:11.636  9113  9150 D GeckoIdleService: Register idle observer 0x798052ba60 for 180 seconds
09-01 22:15:11.636  9113  9150 D GeckoIdleService: Register: adjusting next switch from -1 to 180 seconds
09-01 22:15:11.636  9113  9150 D GeckoIdleService: next timeout 180000 msec from now
09-01 22:15:11.636  9113  9150 D GeckoIdleService: SetTimerExpiryIfBefore: next timeout 180000 msec from now
09-01 22:15:11.636  9113  9150 D GeckoIdleService: reset timer expiry to 180010 msec from now
09-01 22:15:11.638  9113  9150 D GeckoIdleService: Register idle observer 0x79440fb9e8 for 5 seconds
09-01 22:15:11.638  9113  9150 D GeckoIdleService: Register: adjusting next switch from 180 to 5 seconds
09-01 22:15:11.638  9113  9150 D GeckoIdleService: next timeout 4999 msec from now
09-01 22:15:11.638  9113  9150 D GeckoIdleService: SetTimerExpiryIfBefore: next timeout 4999 msec from now
09-01 22:15:11.638  9113  9150 D GeckoIdleService: reset timer expiry to 5009 msec from now
09-01 22:15:11.648  1513  8184 I AdrenoGLES-0: QUALCOMM build                   : 35605c3, Ia11ce2d146
09-01 22:15:11.648  1513  8184 I AdrenoGLES-0: Build Date                       : 09/02/20
09-01 22:15:11.648  1513  8184 I AdrenoGLES-0: OpenGL ES Shader Compiler Version: EV031.31.04.00
09-01 22:15:11.648  1513  8184 I AdrenoGLES-0: Local Branch                     : gfx-adreno.lnx.2.0
09-01 22:15:11.648  1513  8184 I AdrenoGLES-0: Remote Branch                    : 
09-01 22:15:11.648  1513  8184 I AdrenoGLES-0: Remote Branch                    : 
09-01 22:15:11.648  1513  8184 I AdrenoGLES-0: Reconstruct Branch               : 
09-01 22:15:11.648  1513  8184 I AdrenoGLES-0: Build Config                     : S P 10.0.4 AArch64
09-01 22:15:11.648  1513  8184 I AdrenoGLES-0: Driver Path                      : /vendor/lib64/egl/libGLESv2_adreno.so
09-01 22:15:11.658  1513  8184 I AdrenoGLES-0: PFP: 0x016dd090, ME: 0x00000000
09-01 22:15:11.691  9113  9113 I GeckoSession: handleMessage GeckoView:PageStart uri=
09-01 22:15:11.832  9113  9295 I libglean_ffi: glean_core::upload: Ping b309a354-a976-4a59-b521-81a9e806ce3d successfully sent 200.
09-01 22:15:11.834  9113  9295 I libglean_ffi: glean_core::upload::directory: File was deleted /data/user/0/org.mozilla.firefox/glean_data/pending_pings/b309a354-a976-4a59-b521-81a9e806ce3d
09-01 22:15:11.835  9113  9295 I libglean_ffi: glean_core::upload: New upload task with id bc5c8dab-9352-4c6c-8d6d-8d2513d769b4 (path: /submit/org-mozilla-firefox/baseline/1/bc5c8dab-9352-4c6c-8d6d-8d2513d769b4)
09-01 22:15:11.906  9113  9113 I DefaultSupportedAddonsChecker: Unregister check for new supported add-ons
09-01 22:15:11.913  9113  9113 I WebExtension: releasePendingMessages: extension=fxa@mozac.org nativeApp=mozacWebchannel session=org.mozilla.geckoview.GeckoSession@99815d0
09-01 22:15:11.913  9113  9113 I WebExtension: releasePendingMessages: extension=fxa@mozac.org nativeApp=mozacWebchannelBackground session=null
09-01 22:15:11.919  9113  9113 I WebExtension: releasePendingMessages: extension=readerview@mozac.org nativeApp=mozacReaderview session=org.mozilla.geckoview.GeckoSession@99815d0
09-01 22:15:11.920  9113  9113 I WebExtension: releasePendingMessages: extension=readerview@mozac.org nativeApp=mozacReaderviewActive session=org.mozilla.geckoview.GeckoSession@99815d0
09-01 22:15:11.920  9113  9113 I WebExtension: releasePendingMessages: extension=readerview@mozac.org nativeApp=mozacReaderview session=org.mozilla.geckoview.GeckoSession@99815d0
09-01 22:15:11.934  9113  9113 I WebExtension: releasePendingMessages: extension=icons@mozac.org nativeApp=MozacBrowserIcons session=org.mozilla.geckoview.GeckoSession@99815d0
09-01 22:15:11.940  9113  9113 I WebExtension: releasePendingMessages: extension=ads@mozac.org nativeApp=MozacBrowserAdsMessage session=org.mozilla.geckoview.GeckoSession@99815d0
09-01 22:15:11.947  9113  9113 I WebExtension: releasePendingMessages: extension=cookies@mozac.org nativeApp=MozacBrowserSearchMessage session=org.mozilla.geckoview.GeckoSession@99815d0
09-01 22:15:12.072  9113  9295 I libglean_ffi: glean_core::upload: Ping bc5c8dab-9352-4c6c-8d6d-8d2513d769b4 successfully sent 200.
09-01 22:15:12.073  9113  9295 I libglean_ffi: glean_core::upload::directory: File was deleted /data/user/0/org.mozilla.firefox/glean_data/pending_pings/bc5c8dab-9352-4c6c-8d6d-8d2513d769b4
09-01 22:15:12.074  9113  9295 I libglean_ffi: glean_core::upload: New upload task with id 3033114e-919a-44e3-86e1-4e0484d9104f (path: /submit/org-mozilla-firefox/baseline/1/3033114e-919a-44e3-86e1-4e0484d9104f)
09-01 22:15:12.144   901  1000 D VSC     : @ 44498.596: [WO] tilt angle 89
09-01 22:15:12.266  9113  9295 I libglean_ffi: glean_core::upload: Ping 3033114e-919a-44e3-86e1-4e0484d9104f successfully sent 200.
09-01 22:15:12.267  9113  9295 I libglean_ffi: glean_core::upload::directory: File was deleted /data/user/0/org.mozilla.firefox/glean_data/pending_pings/3033114e-919a-44e3-86e1-4e0484d9104f
09-01 22:15:12.267  9113  9295 I libglean_ffi: glean_core::upload: No more pings to upload! You are done.
09-01 22:15:12.271  9113  9245 I WM-WorkerWrapper: Worker result SUCCESS for Work [ id=1d2a9c68-371a-4299-8e80-24bdf444887c, tags={ mozilla.telemetry.glean.scheduler.PingUploadWorker, mozac_service_glean_ping_upload_worker } ]
09-01 22:15:12.301  1513  2000 D ConnectivityService: releasing NetworkRequest [ TRACK_DEFAULT id=2035, [ Capabilities: INTERNET&NOT_RESTRICTED&TRUSTED Uid: 10258 AdministratorUids: [] RequestorUid: 10258 RequestorPackageName: org.mozilla.firefox] ] (release request)
09-01 22:15:12.324  1513  7910 W UriGrantsManagerService: No permission grants found for com.google.android.apps.photos
09-01 22:15:12.386   908   950 D rlsservice: MonitorDisplayStatus client num 1, display status 1, sensor status 1
09-01 22:15:12.395  1513  7910 I chatty  : uid=1000(system) Binder:1513_1E identical 4 lines
09-01 22:15:12.395  1513  7910 W UriGrantsManagerService: No permission grants found for com.google.android.apps.photos
09-01 22:15:12.564  1513  2000 D ConnectivityService: NetReassign [no changes]
09-01 22:15:12.773  9113  9127 I mozilla.firefo: Background young concurrent copying GC freed 479833(21MB) AllocSpace objects, 99(3484KB) LOS objects, 94% free, 5965KB/101MB, paused 298us total 108.957ms
09-01 22:15:13.125   901  2806 I sensors-hal: [ssc_utils]get_qmi_debug_flag:244, support_qmi_debug : false
09-01 22:15:13.167   901  1000 W ASH     : @ 44499.618: Unhandled msg ID 999: line 1277
09-01 22:15:13.167   901  1000 E ASH     : @ 44499.618: No pb callback assigned
09-01 22:15:13.167   901  1000 E ASH     : @ 44499.618: Nanopb error: callback failed:1588
09-01 22:15:14.143   901  1000 D VSC     : @ 44500.593: [WO] tilt angle 89
09-01 22:15:15.580   901  2806 I sensors-hal: [ssc_utils]get_qmi_debug_flag:244, support_qmi_debug : false
09-01 22:15:15.592  1513  2000 D ConnectivityService: NetReassign [no changes]
09-01 22:15:15.606   901  1000 W ASH     : @ 44502.058: Unhandled msg ID 999: line 1277
09-01 22:15:15.606   901  1000 E ASH     : @ 44502.058: No pb callback assigned
09-01 22:15:15.606   901  1000 E ASH     : @ 44502.058: Nanopb error: callback failed:1588
09-01 22:15:15.668   901  2806 I sensors-hal: [ssc_utils]get_qmi_debug_flag:244, support_qmi_debug : false
09-01 22:15:15.686   901  1000 W ASH     : @ 44502.138: Unhandled msg ID 999: line 1277
09-01 22:15:15.686   901  1000 E ASH     : @ 44502.138: No pb callback assigned
09-01 22:15:15.686   901  1000 E ASH     : @ 44502.138: Nanopb error: callback failed:1588
09-01 22:15:15.931  9450  9450 D AndroidRuntime: >>>>>> START com.android.internal.os.RuntimeInit uid 2000 <<<<<<
09-01 22:15:15.932  9450  9450 W app_process: type=1400 audit(0.0:5379): avc: denied { read } for name="u:object_r:device_config_runtime_native_boot_prop:s0" dev="tmpfs" ino=10163 scontext=u:r:shell:s0 tcontext=u:object_r:device_config_runtime_native_boot_prop:s0 tclass=file permissive=0
09-01 22:15:15.932  9450  9450 I chatty  : uid=1036(auditd) app_process identical 2 lines
09-01 22:15:15.932  9450  9450 W app_process: type=1400 audit(0.0:5382): avc: denied { read } for name="u:object_r:device_config_runtime_native_boot_prop:s0" dev="tmpfs" ino=10163 scontext=u:r:shell:s0 tcontext=u:object_r:device_config_runtime_native_boot_prop:s0 tclass=file permissive=0
09-01 22:15:15.933  9450  9450 E libc    : Access denied finding property "persist.device_config.runtime_native_boot.profilebootclasspath"
09-01 22:15:15.933  9450  9450 E libc    : Access denied finding property "persist.device_config.runtime_native_boot.enable_apex_image"
09-01 22:15:15.933  9450  9450 I AndroidRuntime: Using default boot image
09-01 22:15:15.933  9450  9450 E libc    : Access denied finding property "persist.device_config.runtime_native_boot.disable_lock_profiling"
09-01 22:15:15.933  9450  9450 I AndroidRuntime: Leaving lock profiling enabled
09-01 22:15:15.933  9450  9450 E libc    : Access denied finding property "persist.device_config.runtime_native_boot.enable_generational_cc"
09-01 22:15:15.988  9450  9450 D app_process: Time zone APEX ICU file found: /apex/com.android.tzdata/etc/icu/icu_tzdata.dat
09-01 22:15:15.989  9450  9450 D app_process: I18n APEX ICU file found: /apex/com.android.i18n/etc/icu/icudt66l.dat
09-01 22:15:15.996  9450  9450 I app_process: The ClassLoaderContext is a special shared library.
09-01 22:15:16.007  9450  9450 W app_process: JNI RegisterNativeMethods: attempt to register 0 native methods for android.media.AudioAttributes
09-01 22:15:16.010  9450  9450 D AndroidRuntime: Calling main entry com.android.commands.input.Input
09-01 22:15:16.023  9450  9450 D AndroidRuntime: Shutting down VM
09-01 22:15:16.024  2858  2858 I GoogleInputMethodService: GoogleInputMethodService.onFinishInput():3280 
09-01 22:15:16.025  2858  2858 I GoogleInputMethodService: GoogleInputMethodService.updateDeviceLockedStatus():2169 repeatCheckTimes = 0, unlocked = true
09-01 22:15:16.025  2858  2858 I GoogleInputMethodService: GoogleInputMethodService.onStartInput():1960 onStartInput(EditorInfo{inputType=0x0(NULL) imeOptions=0x1 privateImeOptions=null actionName=NONE actionLabel=null actionId=0 initialSelStart=-1 initialSelEnd=-1 initialCapsMode=0x0 hintText=null label=null packageName=org.mozilla.firefox fieldId=-1 fieldName=null extras=null}, false)
09-01 22:15:16.025  2858  2858 I GoogleInputMethodService: GoogleInputMethodService.shouldHideHeaderOnInitialState():4081 ShouldHideHeaderOnInitialState = false
09-01 22:15:16.025   901  2806 I sensors-hal: [ssc_utils]get_qmi_debug_flag:244, support_qmi_debug : false
09-01 22:15:16.025  2858  2858 I GoogleInputMethodService: GoogleInputMethodService.updateDeviceLockedStatus():2169 repeatCheckTimes = 2, unlocked = true
09-01 22:15:16.046   901  1000 W ASH     : @ 44502.498: Unhandled msg ID 999: line 1277
09-01 22:15:16.046   901  1000 E ASH     : @ 44502.498: No pb callback assigned
09-01 22:15:16.046   901  1000 E ASH     : @ 44502.498: Nanopb error: callback failed:1588
09-01 22:15:16.121   901  2806 I sensors-hal: [ssc_utils]get_qmi_debug_flag:244, support_qmi_debug : false
09-01 22:15:16.129  9113  9113 I glean/Glean: Registering pings for org.mozilla.fenix.GleanMetrics.Pings
09-01 22:15:16.132  9113  9162 I FenixApplication: Running post-visual completeness tasks...
09-01 22:15:16.132  9113  9162 I FenixApplication: Storage initialization...
09-01 22:15:16.132  9113  9162 I PlacesHistoryStorage: Warming up places storage...
09-01 22:15:16.138  9113  9113 I ColdStartupDuration: COLD VIEW Application.<init> to first frame: 425 ms
09-01 22:15:16.138  9113  9113 I FenixApplication: Kicking-off account manager...
09-01 22:15:16.138  9113  9113 I FenixApplication: 'Kicking-off account manager' took 0 ms
09-01 22:15:16.138   901  1000 W ASH     : @ 44502.590: Unhandled msg ID 999: line 1277
09-01 22:15:16.139   901  1000 E ASH     : @ 44502.590: No pb callback assigned
09-01 22:15:16.139   901  1000 E ASH     : @ 44502.591: Nanopb error: callback failed:1588
09-01 22:15:16.139   901  1000 D VSC     : @ 44502.591: [WO] tilt angle 89
09-01 22:15:16.139  9113  9162 I PlacesHistoryStorage: 'Warming up places storage' took 6 ms
09-01 22:15:16.139  9113  9162 I PlacesBookmarksStorage: Warming up places storage...
09-01 22:15:16.139  9113  9162 I PlacesBookmarksStorage: 'Warming up places storage' took 0 ms
09-01 22:15:16.139  9113  9162 I SyncableLoginsStorage: Warming up storage...
09-01 22:15:16.139  9113  9162 I SyncableLoginsStorage: 'Warming up storage' took 0 ms
09-01 22:15:16.140  9113  9162 I AutofillCCAddressesStorage: Warming up storage...
09-01 22:15:16.140  9113  9162 I AutofillCCAddressesStorage: 'Warming up storage' took 0 ms
09-01 22:15:16.219   901  2806 I sensors-hal: [ssc_utils]get_qmi_debug_flag:244, support_qmi_debug : false
09-01 22:15:16.221   594 28441 I SDM     : HWDeviceDRM::UpdateMixerAttributes: Mixer WxH 1080x2340-1 for Peripheral
09-01 22:15:16.221   594 28441 I SDM     : DisplayBase::SetActiveConfig: Active configuration changed to: 0
09-01 22:15:16.221   594 28441 I SDM     : StrategyImpl::SetIdleTimeoutMs: Idle timeout set to zero for command mode panels
09-01 22:15:16.230   901  2806 I sensors-hal: [ssc_utils]get_qmi_debug_flag:244, support_qmi_debug : false
09-01 22:15:16.243  1513  1572 I DisplayManagerService: Display device changed: DisplayDeviceInfo{"Built-in Screen": uniqueId="local:19260504575090817", 1080 x 2340, modeId 2, defaultModeId 2, supportedModes [{id=1, width=1080, height=2340, fps=90.0}, {id=2, width=1080, height=2340, fps=60.000004}], colorMode 0, supportedColorModes [0, 7, 9], HdrCapabilities HdrCapabilities{mSupportedHdrTypes=[2, 3, 4], mMaxLuminance=500.0, mMaxAverageLuminance=500.0, mMinLuminance=0.0}, allmSupported false, gameContentTypeSupported false, density 440, 435.428 x 433.839 dpi, appVsyncOff 2333332, presDeadline 11500000, cutout DisplayCutout{insets=Rect(0, 136 - 0, 0) waterfall=Insets{left=0, top=0, right=0, bottom=0} boundingRect={Bounds=[Rect(0, 0 - 0, 0), Rect(0, 0 - 136, 136), Rect(0, 0 - 0, 0), Rect(0, 0 - 0, 0)]}}, touch INTERNAL, rotation 0, type INTERNAL, address {port=129, model=0x446d53ad64a0}, deviceProductInfo DeviceProductInfo{name=, manufacturerPnpId=QCM, productId=1, modelYear=null, manufactureDate=ManufactureDate{week=27, year=2006}, relativeAddress=null}, state ON, FLAG_DEFAULT_DISPLAY, FLAG_ROTATES_WITH_CONTENT, FLAG_SECURE, FLAG_SUPPORTS_PROTECTED_BUFFERS}
09-01 22:15:16.246   901  1000 W ASH     : @ 44502.698: Unhandled msg ID 999: line 1277
09-01 22:15:16.246   901  1000 E ASH     : @ 44502.698: No pb callback assigned
09-01 22:15:16.246   901  1000 E ASH     : @ 44502.698: Nanopb error: callback failed:1588
09-01 22:15:16.267   594 28441 I SDM     : StrategyImpl::SetIdleTimeoutMs: Idle timeout set to zero for command mode panels
09-01 22:15:16.394  9113  9162 I FenixApplication: 'Storage initialization' took 262 ms
09-01 22:15:16.568  9507  9509 I cmd     : oneway function results will be dropped but finished with status OK and parcel size 4
09-01 22:15:16.576  9052  9052 I BatteryMgr:DataCollectionService: onStartCommand: begin
09-01 22:15:16.576  9052  9052 I BatteryMgr:DataCollectionService: onStartCommand: sampleRate => 100
09-01 22:15:16.576  9052  9052 I BatteryMgr:DataCollectionService: onStartCommand: rawFields => Timestamp,BATTERY_PROPERTY_CURRENT_NOW,EXTRA_VOLTAGE
09-01 22:15:16.577  9052  9052 I BatteryMgr:DataCollectionService: onStartCommand: notification done
09-01 22:15:16.579  1513  3246 D CompatibilityChangeReporter: Compat change id reported: 136219221; UID 10260; state: ENABLED
09-01 22:15:16.580  9052  9052 I BatteryMgr:DataCollectionService: started foreground
09-01 22:15:16.593  9052  9511 I BatteryMgr:DataCollectionService: collectData: begin
09-01 22:15:16.597  9052  9511 I BatteryMgr:DataCollectionService: stats => 1693599316597,7019,4405
09-01 22:15:16.647  9113  9150 D GeckoIdleService: Get idle time: time since reset 624 msec
09-01 22:15:16.647  9113  9150 D GeckoIdleService: Idle timer callback: current idle time 624 msec
09-01 22:15:16.647  9113  9150 D GeckoIdleService: next timeout 4375 msec from now
09-01 22:15:16.647  9113  9150 D GeckoIdleService: SetTimerExpiryIfBefore: next timeout 4375 msec from now
09-01 22:15:16.647  9113  9150 D GeckoIdleService: reset timer expiry to 4385 msec from now
09-01 22:15:16.704  9052  9511 I BatteryMgr:DataCollectionService: stats => 1693599316704,7019,4405
