--------- beginning of system
09-01 18:07:01.802  1513  2000 D ConnectivityService: NetReassign [no changes]
09-01 18:07:01.852  1513  3227 I ActivityManager: Force stopping com.android.chrome appid=10220 user=0: from pid 25127
--------- beginning of main
09-01 18:07:01.857  2474  2474 E PhoneInterfaceManager: [PhoneIntfMgr] getCarrierPackageNamesForIntentAndPhone: No UICC
09-01 18:07:01.857  2474  2474 D CarrierSvcBindHelper: No carrier app for: 0
09-01 18:07:01.864  3135  3135 D RegisteredNfcFServicesCache: Service unchanged, not updating
09-01 18:07:01.866  8777  8777 I EuiccGoogle: [2] EuiccServiceImpl.onCreate: onCreate Single-SIM mode: simCardState is 1
09-01 18:07:01.871  8777 25133 I EuiccGoogle: [5735] EuiccServiceImpl.onGetEuiccProfileInfoList: onGetEuiccProfileInfoList: slotId = -1
09-01 18:07:01.873  8777 25133 W EuiccGoogle: [5735] EuiccServiceImpl.onGetEuiccProfileInfoList: slotId=-1. No eUICC is active. Return null.
09-01 18:07:02.109  1513  3227 I ActivityTaskManager: START u0 {act=android.intent.action.VIEW flg=0x10008000 cmp=com.android.chrome/com.google.android.apps.chrome.Main} from uid 2000
09-01 18:07:02.110  1513  1572 D EventSequenceValidator: Transition from ACTIVITY_FINISHED to INTENT_STARTED
09-01 18:07:02.119   901  2806 I sensors-hal: [ssc_utils]get_qmi_debug_flag:244, support_qmi_debug : false
09-01 18:07:02.127   901  1000 W ASH     : @ 29608.581: Unhandled msg ID 999: line 1277
09-01 18:07:02.127   901  1000 E ASH     : @ 29608.581: No pb callback assigned
09-01 18:07:02.127   901  1000 E ASH     : @ 29608.581: Nanopb error: callback failed:1588
09-01 18:07:02.129  1513  1572 D CompatibilityChangeReporter: Compat change id reported: 135634846; UID 10220; state: DISABLED
09-01 18:07:02.129  1513  1572 D CompatibilityChangeReporter: Compat change id reported: 135754954; UID 10220; state: ENABLED
09-01 18:07:02.129  1513  1625 D CompatibilityChangeReporter: Compat change id reported: 143937733; UID 10220; state: ENABLED
09-01 18:07:02.129  1513  1572 D EventSequenceValidator: Transition from INTENT_STARTED to ACTIVITY_LAUNCHED
09-01 18:07:02.138   778   778 D Zygote  : Forked child process 25137
09-01 18:07:02.143  1513  1625 I ActivityManager: Start proc 25137:com.android.chrome/u0a220 for pre-top-activity {com.android.chrome/com.google.android.apps.chrome.Main}
09-01 18:07:02.146 25137 25137 E .android.chrom: Not starting debugger since process cannot load the jdwp agent.
09-01 18:07:02.150  3088  3660 I AssistantForeground: (REDACTED) Get launcher package: %s
09-01 18:07:02.164   901  1000 D VSC     : @ 29608.618: [WO] tilt angle 89
09-01 18:07:02.167 25137 25137 W .android.chrom: JIT profile information will not be recorded: profile file does not exist.
09-01 18:07:02.172 25137 25137 I LoadedApk: No resource references to update in package com.google.android.trichromelibrary
09-01 18:07:02.172 25137 25137 D NetworkSecurityConfig: Using Network Security Config from resource 0_resource_name_obfuscated debugBuild: false
09-01 18:07:02.172 25137 25137 D NetworkSecurityConfig: Using Network Security Config from resource 0_resource_name_obfuscated debugBuild: false
09-01 18:07:02.173 25137 25137 I cr_SplitCompatApp: Launched version=107.0.5304.91 minSdkVersion=29 isBundle=true processName=com.android.chrome isIsolated=false
09-01 18:07:02.176  2158  2158 I WallpaperService: engine resumed
09-01 18:07:02.177   901   901 I sensors-hal: [hal]batch_physical_sensor:301, android.sensor.gyroscope/41, period=20000000, max_latency=0
09-01 18:07:02.177   901   901 I sensors-hal: [hal]batch_physical_sensor:310, android.sensor.gyroscope/41, period=20000000, max_latency=0 request completed
09-01 18:07:02.177   901   901 I sensors-hal: [hal]activate_physical_sensor:238, android.sensor.gyroscope/41 en=1
09-01 18:07:02.178   901   901 I sensors-hal: [ssc_utils]get_qmi_debug_flag:244, support_qmi_debug : false
09-01 18:07:02.180   901   901 W sensors@2.0-ser: type=1400 audit(0.0:3701): avc: denied { read write } for name="diag" dev="tmpfs" ino=12474 scontext=u:r:hal_sensors_default:s0 tcontext=u:object_r:diag_device:s0 tclass=chr_file permissive=0
09-01 18:07:02.180   901   901 W sensors@2.0-ser: type=1400 audit(0.0:3702): avc: denied { read write } for name="diag" dev="tmpfs" ino=12474 scontext=u:r:hal_sensors_default:s0 tcontext=u:object_r:diag_device:s0 tclass=chr_file permissive=0
09-01 18:07:02.182   901   901 D Diag_Lib:  Diag_LSM_Init: Failed to open handle to diag driver, error = 13
09-01 18:07:02.183   901   901 D Diag_Lib:  Diag_LSM_Init: Failed to open handle to diag driver, error = 13
09-01 18:07:02.183   901   901 I sensors-hal: [ssc_sensor]update_handle:537, handle=331, type=33, wakeup=0, hwid=0, base=331
09-01 18:07:02.183   901   901 I sensors-hal: [ssc_utils]get_qmi_debug_flag:244, support_qmi_debug : false
09-01 18:07:02.190   901   901 I sensors-hal: [ssc_utils]get_qmi_debug_flag:244, support_qmi_debug : false
09-01 18:07:02.191   901 25166 I sensors-hal: [ssc_sensor]ssc_conn_resp_cb:663, resp_value = 0
09-01 18:07:02.191   901  1000 W SEE     : @ 29608.645: adding req to Q sensor=8 req=0xb202a278 msg=513
09-01 18:07:02.194   901 25166 I sensors-hal: [sensor]submit_sensors_hal_event:146, android.sensor.additional_info: trying to push empty Events, count = 0
09-01 18:07:02.194   901 25166 I sensors-hal: [sensor]submit_sensors_hal_event:146, android.sensor.additional_info: trying to push empty Events, count = 0
09-01 18:07:02.195   901   901 I sensors-hal: [hal]activate_physical_sensor:249, android.sensor.gyroscope/41 en=1 completed
09-01 18:07:02.196   901  1000 W SEE     : @ 29608.650: adding req to Q sensor=2 req=0xb2034d38 msg=513
09-01 18:07:02.197   901 25169 I sensors-hal: [ssc_sensor]ssc_conn_resp_cb:663, resp_value = 0
09-01 18:07:02.198 25137 25172 I cr_LibraryLoader: Using ModernLinker
09-01 18:07:02.198 25137 25172 I cr_LibraryLoader: Loading monochrome_64 from within /data/app/~~_KLlx60MH8CoecPTjMKp8g==/com.android.chrome-kw9RHYrlHKb9bPXi8OTClw==/base.apk
09-01 18:07:02.198   901 25169 I sensors-hal: [sensor]submit_sensors_hal_event:146, android.sensor.gyroscope: trying to push empty Events, count = 1
09-01 18:07:02.198   901 25169 I chatty  : uid=1000(system) sensors@2.0-ser identical 1 line
09-01 18:07:02.198   901 25169 I sensors-hal: [sensor]submit_sensors_hal_event:146, android.sensor.gyroscope: trying to push empty Events, count = 1
09-01 18:07:02.199 25137 25172 W linker  : Warning: "/data/app/~~_KLlx60MH8CoecPTjMKp8g==/com.android.chrome-kw9RHYrlHKb9bPXi8OTClw==/base.apk!/lib/arm64-v8a/libchromium_android_linker.so" unused DT entry: unknown processor-specific (type 0x70000001 arg 0x0) (ignoring)
09-01 18:07:02.200 25137 25172 I cr_ModernLinker: loadLibraryImplLocked: monochrome_64, relroMode=1
09-01 18:07:02.200  2816  3590 I FontLog : Received query Google Sans:700, URI content://com.google.android.gms.fonts [CONTEXT service_id=132 ]
09-01 18:07:02.200  2816  3590 I FontLog : Query [Google Sans:700] resolved to {Google Sans, wdth 100.0, wght 700, ital 0.0, bestEffort false} [CONTEXT service_id=132 ]
09-01 18:07:02.202 25137 25172 W linker  : Warning: "/data/app/~~pvdNlmkqoAdokjnHYmWQbA==/com.google.android.trichromelibrary_530409134-AZWnkLs2PHY5miTP6ZiTzA==/base.apk!/lib/arm64-v8a/libmonochrome_64.so" unused DT entry: unknown processor-specific (type 0x70000001 arg 0x0) (ignoring)
09-01 18:07:02.207  2816  3590 I FontLog : Fetch {Google Sans, wdth 100.0, wght 700, ital 0.0, bestEffort false} end status Status{statusCode=SUCCESS, resolution=null} [CONTEXT service_id=132 ]
09-01 18:07:02.209   901 25169 I sensors-hal: [sensor]submit_sensors_hal_event:146, android.sensor.gyroscope: trying to push empty Events, count = 1
09-01 18:07:02.213  2816  3590 I FontLog : Pulling font file for id = 903, cache size = 5 [CONTEXT service_id=132 ]
09-01 18:07:02.223 25137 25172 I cr_LibraryLoader: Successfully loaded native library
09-01 18:07:02.224 25137 25172 I cr_CachingUmaRecorder: Flushed 30 samples from 28 histograms.
09-01 18:07:02.232 25137 25176 W DynamiteModule: Local module descriptor class for com.google.android.gms.googlecertificates not found.
09-01 18:07:02.244 25137 25176 I DynamiteModule: Considering local module com.google.android.gms.googlecertificates:0 and remote module com.google.android.gms.googlecertificates:7
09-01 18:07:02.244 25137 25176 I DynamiteModule: Selected remote version of com.google.android.gms.googlecertificates, version >= 7
09-01 18:07:02.249 25137 25176 W System  : ClassLoader referenced unknown path: 
09-01 18:07:02.264 25137 25137 I cr_CompositorSurfaceMgr: Transitioning to surface with format: -1
09-01 18:07:02.279  1513  2570 D CompatibilityChangeReporter: Compat change id reported: 136274596; UID 10220; state: ENABLED
09-01 18:07:02.295 25137 25178 I cr_tabmodel: Starting to fetch tab list for tab_state1
09-01 18:07:02.295 25137 25163 I cr_tabmodel: Starting to fetch tab list for tab_state0
09-01 18:07:02.295 25137 25178 I cr_tabmodel: State file does not exist.
09-01 18:07:02.295 25137 25163 I cr_tabmodel: Finished fetching tab list.
09-01 18:07:02.318   592   628 W DisplayIdentification: Invalid EDID: falling back to serial number due to missing display name.
09-01 18:07:02.318   592   628 W DisplayIdentification: Invalid EDID: falling back to ASCII text due to missing serial number.
09-01 18:07:02.328  1513  2570 D CompatibilityChangeReporter: Compat change id reported: 135634846; UID 10220; state: DISABLED
09-01 18:07:02.328  1513  2570 D CompatibilityChangeReporter: Compat change id reported: 135754954; UID 10220; state: ENABLED
09-01 18:07:02.329  1513  1625 D CompatibilityChangeReporter: Compat change id reported: 143937733; UID 10220; state: ENABLED
09-01 18:07:02.333  2816 29438 E bfyz    : Phenotype API error. Event # deor@74c9fbdf, EventCode: 7 [CONTEXT service_id=51 ]
09-01 18:07:02.333  2816 29438 E bfyz    : bfyb: 29505: No config packages for log source, or config package not registered
09-01 18:07:02.333  2816 29438 E bfyz    : 	at bfzu.b(:com.google.android.gms@224312037@22.43.12 (150400-483592595):4)
09-01 18:07:02.333  2816 29438 E bfyz    : 	at bfzr.g(:com.google.android.gms@224312037@22.43.12 (150400-483592595):0)
09-01 18:07:02.333  2816 29438 E bfyz    : 	at bfyz.e(:com.google.android.gms@224312037@22.43.12 (150400-483592595):4)
09-01 18:07:02.333  2816 29438 E bfyz    : 	at bfyz.f(:com.google.android.gms@224312037@22.43.12 (150400-483592595):2)
09-01 18:07:02.333  2816 29438 E bfyz    : 	at aqyg.eq(:com.google.android.gms@224312037@22.43.12 (150400-483592595):1)
09-01 18:07:02.333  2816 29438 E bfyz    : 	at aqym.run(:com.google.android.gms@224312037@22.43.12 (150400-483592595):12)
09-01 18:07:02.333  2816 29438 E bfyz    : 	at ckdj.run(:com.google.android.gms@224312037@22.43.12 (150400-483592595):2)
09-01 18:07:02.333  2816 29438 E bfyz    : 	at zqv.c(:com.google.android.gms@224312037@22.43.12 (150400-483592595):6)
09-01 18:07:02.333  2816 29438 E bfyz    : 	at zqv.run(:com.google.android.gms@224312037@22.43.12 (150400-483592595):7)
09-01 18:07:02.333  2816 29438 E bfyz    : 	at java.util.concurrent.ThreadPoolExecutor.runWorker(ThreadPoolExecutor.java:1167)
09-01 18:07:02.333  2816 29438 E bfyz    : 	at java.util.concurrent.ThreadPoolExecutor$Worker.run(ThreadPoolExecutor.java:641)
09-01 18:07:02.333  2816 29438 E bfyz    : 	at zwa.run(:com.google.android.gms@224312037@22.43.12 (150400-483592595):0)
09-01 18:07:02.333  2816 29438 E bfyz    : 	at java.lang.Thread.run(Thread.java:923)
09-01 18:07:02.334  2816 29438 W AsyncOperation: operation=GetExperimentTokensOperationCall, opStatusCode=29505 [CONTEXT service_id=51 ]
09-01 18:07:02.334  2816 29438 W AsyncOperation: OperationException[Status{statusCode=No config packages for log source, or config package not registered, resolution=null}]
09-01 18:07:02.334  2816 29438 W AsyncOperation: 	at bfyz.e(:com.google.android.gms@224312037@22.43.12 (150400-483592595):6)
09-01 18:07:02.334  2816 29438 W AsyncOperation: 	at bfyz.f(:com.google.android.gms@224312037@22.43.12 (150400-483592595):2)
09-01 18:07:02.334  2816 29438 W AsyncOperation: 	at aqyg.eq(:com.google.android.gms@224312037@22.43.12 (150400-483592595):1)
09-01 18:07:02.334  2816 29438 W AsyncOperation: 	at aqym.run(:com.google.android.gms@224312037@22.43.12 (150400-483592595):12)
09-01 18:07:02.334  2816 29438 W AsyncOperation: 	at ckdj.run(:com.google.android.gms@224312037@22.43.12 (150400-483592595):2)
09-01 18:07:02.334  2816 29438 W AsyncOperation: 	at zqv.c(:com.google.android.gms@224312037@22.43.12 (150400-483592595):6)
09-01 18:07:02.334  2816 29438 W AsyncOperation: 	at zqv.run(:com.google.android.gms@224312037@22.43.12 (150400-483592595):7)
09-01 18:07:02.334  2816 29438 W AsyncOperation: 	at java.util.concurrent.ThreadPoolExecutor.runWorker(ThreadPoolExecutor.java:1167)
09-01 18:07:02.334  2816 29438 W AsyncOperation: 	at java.util.concurrent.ThreadPoolExecutor$Worker.run(ThreadPoolExecutor.java:641)
09-01 18:07:02.334  2816 29438 W AsyncOperation: 	at zwa.run(:com.google.android.gms@224312037@22.43.12 (150400-483592595):0)
09-01 18:07:02.334  2816 29438 W AsyncOperation: 	at java.lang.Thread.run(Thread.java:923)
09-01 18:07:02.340 25137 25185 I AdrenoGLES-0: QUALCOMM build                   : 35605c3, Ia11ce2d146
09-01 18:07:02.340 25137 25185 I AdrenoGLES-0: Build Date                       : 09/02/20
09-01 18:07:02.340 25137 25185 I AdrenoGLES-0: OpenGL ES Shader Compiler Version: EV031.31.04.00
09-01 18:07:02.340 25137 25185 I AdrenoGLES-0: Local Branch                     : gfx-adreno.lnx.2.0
09-01 18:07:02.340 25137 25185 I AdrenoGLES-0: Remote Branch                    : 
09-01 18:07:02.340 25137 25185 I AdrenoGLES-0: Remote Branch                    : 
09-01 18:07:02.340 25137 25185 I AdrenoGLES-0: Reconstruct Branch               : 
09-01 18:07:02.340 25137 25185 I AdrenoGLES-0: Build Config                     : S P 10.0.4 AArch64
09-01 18:07:02.340 25137 25185 I AdrenoGLES-0: Driver Path                      : /vendor/lib64/egl/libGLESv2_adreno.so
09-01 18:07:02.342   778   778 D Zygote  : Forked child process 25187
09-01 18:07:02.344 25137 25185 I AdrenoGLES-0: PFP: 0x016dd090, ME: 0x00000000
09-01 18:07:02.345 25187 25187 I libc    : SetHeapTaggingLevel: tag level set to 0
09-01 18:07:02.345  1513  1625 W ZygoteProcess: Got error connecting to zygote, retrying. msg= Connection refused
09-01 18:07:02.350 25137 25137 I cr_StartSurfaceConfig: Recorded Startup.Android.FirstDrawCompletedTime.NoInstant = 107 ms
09-01 18:07:02.350 25137 25185 W AdrenoUtils: <ReadGpuID_from_sysfs:197>: Failed to open /sys/class/kgsl/kgsl-3d0/gpu_model
09-01 18:07:02.350 25137 25185 W AdrenoUtils: <ReadGpuID:221>: Failed to read chip ID from gpu_model. Fallback to use the GSL path
09-01 18:07:02.369  1513  1572 D EventSequenceValidator: Transition from ACTIVITY_LAUNCHED to ACTIVITY_FINISHED
09-01 18:07:02.375  1513  1622 D ArtManagerInternalImpl: /data/misc/iorapd/com.android.chrome/530409134/com.google.android.apps.chrome.Main/compiled_traces/compiled_trace.pb doesn't exist
09-01 18:07:02.376  1513  1622 I ActivityTaskManager: Displayed com.android.chrome/com.google.android.apps.chrome.Main: +259ms
09-01 18:07:02.386 25137 25158 W cr_PartnerCustomize: Partner homepage must be HTTP(S) or NewTabPage. Got invalid URL ""
09-01 18:07:02.387 25137 25137 I TetheringManager: registerTetheringEventCallback:com.android.chrome
09-01 18:07:02.397  1513  1625 I AppZygote: Starting application preload.
09-01 18:07:02.400 25187 25187 I AppZygoteInit: Beginning application preload for com.android.chrome
09-01 18:07:02.415 25187 25187 I cr_ZygotePreload: Loaded Zygote. version=107.0.5304.91 minSdkVersion=29 isBundle=true
09-01 18:07:02.419 25187 25187 W linker  : Warning: "/data/app/~~pvdNlmkqoAdokjnHYmWQbA==/com.google.android.trichromelibrary_530409134-AZWnkLs2PHY5miTP6ZiTzA==/base.apk!/lib/arm64-v8a/libmonochrome_64.so" unused DT entry: unknown processor-specific (type 0x70000001 arg 0x0) (ignoring)
09-01 18:07:02.445  1513  1625 I AppZygote: Application preload done.
09-01 18:07:02.446 25187 25187 I AppZygoteInit: Application preload done
09-01 18:07:02.461 25137 25137 I cr_SmsProviderGms: construction successfull IU2@261afee, FU2@a7e5325
09-01 18:07:02.463 25187 25193 W d.chrome_zygot: Reducing the number of considered missed Gc histogram windows from 2960 to 100
09-01 18:07:02.464 25074 25213 D ProfileInstaller: Installing profile for com.example.batterymanager_utility
09-01 18:07:02.470 25137 25207 W InstanceID: Instance ID SDK is deprecated, com.android.chrome should update to use Firebase Instance ID
09-01 18:07:02.476 25187 25187 D Zygote  : Forked child process 25219
09-01 18:07:02.477  1513  1625 W ActivityManager: Slow operation: 150ms so far, now at startProcess: returned from zygote!
09-01 18:07:02.477  1513  2570 D ConnectivityService: requestNetwork for uid/pid:10220/25137 NetworkRequest [ TRACK_DEFAULT id=1314, [ Capabilities: INTERNET&NOT_RESTRICTED&TRUSTED Uid: 10220 AdministratorUids: [] RequestorUid: 10220 RequestorPackageName: com.android.chrome] ]
09-01 18:07:02.478  1513  1625 W ActivityManager: Slow operation: 150ms so far, now at startProcess: done updating battery stats
09-01 18:07:02.478  1513  1625 W ActivityManager: Slow operation: 150ms so far, now at startProcess: building log message
09-01 18:07:02.478  1513  1625 I ActivityManager: Start proc 25219:com.android.chrome:sandboxed_process0:org.chromium.content.app.SandboxedProcessService0:0/u0ai0 for  {com.android.chrome/org.chromium.content.app.SandboxedProcessService0:0}
09-01 18:07:02.478  1513  1625 W ActivityManager: Slow operation: 150ms so far, now at startProcess: starting to update pids map
09-01 18:07:02.478  1513  2000 D ConnectivityService: NetReassign [1314 : null → 100]
09-01 18:07:02.478 25219 25219 E libc    : SetHeapTaggingLevel: re-enabling tagging after it was disabled is not supported
09-01 18:07:02.478  1513  1625 W ActivityManager: Slow operation: 150ms so far, now at startProcess: done updating pids map
09-01 18:07:02.478  1513  2038 D Ethernet: got request NetworkRequest [ TRACK_DEFAULT id=1314, [ Capabilities: INTERNET&NOT_RESTRICTED&TRUSTED Uid: 10220 AdministratorUids: [] RequestorUid: 10220 RequestorPackageName: com.android.chrome] ] with score 60 and providerId 5
09-01 18:07:02.478  1513  1996 D WifiNetworkFactory: got request NetworkRequest [ TRACK_DEFAULT id=1314, [ Capabilities: INTERNET&NOT_RESTRICTED&TRUSTED Uid: 10220 AdministratorUids: [] RequestorUid: 10220 RequestorPackageName: com.android.chrome] ] with score 60 and providerId 5
09-01 18:07:02.478  1513  2037 D WIFI_AWARE_FACTORY: got request NetworkRequest [ TRACK_DEFAULT id=1314, [ Capabilities: INTERNET&NOT_RESTRICTED&TRUSTED Uid: 10220 AdministratorUids: [] RequestorUid: 10220 RequestorPackageName: com.android.chrome] ] with score 60 and providerId 5
09-01 18:07:02.478  1513  1996 D UntrustedWifiNetworkFactory: got request NetworkRequest [ TRACK_DEFAULT id=1314, [ Capabilities: INTERNET&NOT_RESTRICTED&TRUSTED Uid: 10220 AdministratorUids: [] RequestorUid: 10220 RequestorPackageName: com.android.chrome] ] with score 60 and providerId 5
09-01 18:07:02.480  2474  2474 D PhoneSwitcherNetworkRequstListener: got request NetworkRequest [ TRACK_DEFAULT id=1314, [ Capabilities: INTERNET&NOT_RESTRICTED&TRUSTED Uid: 10220 AdministratorUids: [] RequestorUid: 10220 RequestorPackageName: com.android.chrome] ] with score 60 and providerId 5
09-01 18:07:02.485  1513  2000 D ConnectivityService: NetReassign [no changes]
09-01 18:07:02.493 25219 25219 E ocessService0:: Not starting debugger since process cannot load the jdwp agent.
09-01 18:07:02.507   778   778 D Zygote  : Forked child process 25236
09-01 18:07:02.508  1513  1625 W ActivityManager: Slow operation: 74ms so far, now at startProcess: returned from zygote!
09-01 18:07:02.509  1513  1625 W ActivityManager: Slow operation: 74ms so far, now at startProcess: done updating battery stats
09-01 18:07:02.509  1513  1625 W ActivityManager: Slow operation: 74ms so far, now at startProcess: building log message
09-01 18:07:02.509  1513  1625 I ActivityManager: Start proc 25236:com.android.chrome:privileged_process0/u0a220 for service {com.android.chrome/org.chromium.content.app.PrivilegedProcessService0}
09-01 18:07:02.509  1513  1625 W ActivityManager: Slow operation: 74ms so far, now at startProcess: starting to update pids map
09-01 18:07:02.509  1513  1625 W ActivityManager: Slow operation: 74ms so far, now at startProcess: done updating pids map
09-01 18:07:02.516  1513  3223 D CompatibilityChangeReporter: Compat change id reported: 136274596; UID 10220; state: ENABLED
09-01 18:07:02.528  1513  3227 D CompatibilityChangeReporter: Compat change id reported: 149924527; UID 10220; state: ENABLED
09-01 18:07:02.533  1513  3227 D CompatibilityChangeReporter: Compat change id reported: 132649864; UID 10220; state: DISABLED
09-01 18:07:02.538  1513  3223 D ConnectivityService: requestNetwork for uid/pid:10220/25137 NetworkRequest [ TRACK_DEFAULT id=1316, [ Capabilities: INTERNET&NOT_RESTRICTED&TRUSTED Uid: 10220 AdministratorUids: [] RequestorUid: 10220 RequestorPackageName: com.android.chrome] ]
09-01 18:07:02.538  1513  2000 D ConnectivityService: NetReassign [1316 : null → 100]
09-01 18:07:02.538  1513  1996 D WifiNetworkFactory: got request NetworkRequest [ TRACK_DEFAULT id=1316, [ Capabilities: INTERNET&NOT_RESTRICTED&TRUSTED Uid: 10220 AdministratorUids: [] RequestorUid: 10220 RequestorPackageName: com.android.chrome] ] with score 60 and providerId 5
09-01 18:07:02.539  1513  2000 D ConnectivityService: NetReassign [no changes]
09-01 18:07:02.539  1513  2038 D Ethernet: got request NetworkRequest [ TRACK_DEFAULT id=1316, [ Capabilities: INTERNET&NOT_RESTRICTED&TRUSTED Uid: 10220 AdministratorUids: [] RequestorUid: 10220 RequestorPackageName: com.android.chrome] ] with score 60 and providerId 5
09-01 18:07:02.540  2474  2474 D PhoneSwitcherNetworkRequstListener: got request NetworkRequest [ TRACK_DEFAULT id=1316, [ Capabilities: INTERNET&NOT_RESTRICTED&TRUSTED Uid: 10220 AdministratorUids: [] RequestorUid: 10220 RequestorPackageName: com.android.chrome] ] with score 60 and providerId 5
09-01 18:07:02.540  1513  2037 D WIFI_AWARE_FACTORY: got request NetworkRequest [ TRACK_DEFAULT id=1316, [ Capabilities: INTERNET&NOT_RESTRICTED&TRUSTED Uid: 10220 AdministratorUids: [] RequestorUid: 10220 RequestorPackageName: com.android.chrome] ] with score 60 and providerId 5
09-01 18:07:02.540  1513  1996 D UntrustedWifiNetworkFactory: got request NetworkRequest [ TRACK_DEFAULT id=1316, [ Capabilities: INTERNET&NOT_RESTRICTED&TRUSTED Uid: 10220 AdministratorUids: [] RequestorUid: 10220 RequestorPackageName: com.android.chrome] ] with score 60 and providerId 5
09-01 18:07:02.543 25137 25137 W cr_KnoxSettingsProvider: Permission to read device policy denied.
09-01 18:07:02.550 25236 25236 E ileged_process: Not starting debugger since process cannot load the jdwp agent.
09-01 18:07:02.551 25137 25137 I cr_CompositorSurfaceMgr: Transitioning to surface with format: -1
09-01 18:07:02.553 25137 25137 I cr_CompositorSurfaceMgr: surfaceCreated format: 0
09-01 18:07:02.558 25219 25219 I LoadedApk: No resource references to update in package com.google.android.trichromelibrary
09-01 18:07:02.558 25219 25219 D NetworkSecurityConfig: Using Network Security Config from resource 0_resource_name_obfuscated debugBuild: false
09-01 18:07:02.559 25137 25137 I cr_ChromeTabbedActivity: #initializeState
09-01 18:07:02.559 25137 25137 I cr_CipherFactory: #restoreFromBundle, no savedInstanceState.
09-01 18:07:02.559 25137 25137 I cr_tabmodel: #loadState, ignoreIncognitoFiles? true
09-01 18:07:02.559 25137 25137 I cr_tabmodel: Tab metadata, skipIncognitoCount? false incognitoCount: 0 totalCount: 24
09-01 18:07:02.559 25219 25219 D NetworkSecurityConfig: Using Network Security Config from resource 0_resource_name_obfuscated debugBuild: false
09-01 18:07:02.560 25137 25137 I cr_tabmodel: #isIncognitoTabBeingRestored from tabDetails:  false
09-01 18:07:02.560 25137 25137 W cr_tabmodel: Failed to restore TabState; creating Tab with last known URL.
09-01 18:07:02.561 25219 25219 I cr_SplitCompatApp: Launched version=107.0.5304.91 minSdkVersion=29 isBundle=true processName=com.android.chrome:sandboxed_process0:org.chromium.content.app.SandboxedProcessService0:0 isIsolated=true
09-01 18:07:02.562  1513  3227 D CompatibilityChangeReporter: Compat change id reported: 136274596; UID 10220; state: ENABLED
09-01 18:07:02.573 25219 25219 W SystemServiceRegistry: No service published for: uimode
09-01 18:07:02.578 25236 25236 W ileged_process: JIT profile information will not be recorded: profile file does not exist.
09-01 18:07:02.581 25219 25219 I cr_ChildProcessService: Creating new ChildProcessService pid=25219
09-01 18:07:02.584 25236 25236 I LoadedApk: No resource references to update in package com.google.android.trichromelibrary
09-01 18:07:02.584 25236 25236 D NetworkSecurityConfig: Using Network Security Config from resource 0_resource_name_obfuscated debugBuild: false
09-01 18:07:02.585 25236 25236 D NetworkSecurityConfig: Using Network Security Config from resource 0_resource_name_obfuscated debugBuild: false
09-01 18:07:02.585 25236 25236 I cr_SplitCompatApp: Launched version=107.0.5304.91 minSdkVersion=29 isBundle=true processName=com.android.chrome:privileged_process0 isIsolated=false
09-01 18:07:02.596 25219 25242 I cr_LibraryLoader: Using ModernLinker
09-01 18:07:02.599 25137 25137 E cr_IntentUtils: getBooleanExtra failed on intent null
09-01 18:07:02.599 25137 25137 E cr_IntentUtils: getBooleanExtra failed on intent null
09-01 18:07:02.599 25219 25242 W linker  : Warning: "/data/app/~~_KLlx60MH8CoecPTjMKp8g==/com.android.chrome-kw9RHYrlHKb9bPXi8OTClw==/base.apk!/lib/arm64-v8a/libchromium_android_linker.so" unused DT entry: unknown processor-specific (type 0x70000001 arg 0x0) (ignoring)
09-01 18:07:02.600 25219 25242 E cr_ChromiumAndroidLinker: ReserveAddressWithHint: Address range starting at 0x7a38769000 was not free to use
09-01 18:07:02.600 25236 25236 I cr_ChildProcessService: Creating new ChildProcessService pid=25236
09-01 18:07:02.607  7733  7753 I gle.android.gm: CollectorTransition concurrent copying GC freed 70440(3533KB) AllocSpace objects, 17(1028KB) LOS objects, 75% free, 10MB/40MB, paused 271us total 263.094ms
09-01 18:07:02.607 25236 25255 I cr_LibraryLoader: Using ModernLinker
09-01 18:07:02.611 25236 25259 W linker  : Warning: "/data/app/~~_KLlx60MH8CoecPTjMKp8g==/com.android.chrome-kw9RHYrlHKb9bPXi8OTClw==/base.apk!/lib/arm64-v8a/libchromium_android_linker.so" unused DT entry: unknown processor-specific (type 0x70000001 arg 0x0) (ignoring)
09-01 18:07:02.612 25236 25259 I cr_LibraryLoader: Loading monochrome_64 from within /data/app/~~_KLlx60MH8CoecPTjMKp8g==/com.android.chrome-kw9RHYrlHKb9bPXi8OTClw==/base.apk
09-01 18:07:02.613 25236 25259 I cr_ModernLinker: loadLibraryImplLocked: monochrome_64, relroMode=2
09-01 18:07:02.613 25219 25258 I cr_LibraryLoader: Successfully loaded native library
09-01 18:07:02.614 25219 25258 I cr_CachingUmaRecorder: Flushed 3 samples from 3 histograms.
09-01 18:07:02.615 25236 25259 W linker  : Warning: "/data/app/~~pvdNlmkqoAdokjnHYmWQbA==/com.google.android.trichromelibrary_530409134-AZWnkLs2PHY5miTP6ZiTzA==/base.apk!/lib/arm64-v8a/libmonochrome_64.so" unused DT entry: unknown processor-specific (type 0x70000001 arg 0x0) (ignoring)
09-01 18:07:02.636 25236 25259 I cr_LibraryLoader: Successfully loaded native library
09-01 18:07:02.637 25236 25259 I cr_CachingUmaRecorder: Flushed 11 samples from 11 histograms.
09-01 18:07:02.643 25137 25137 I cr_OfflineIndicator: onConnectionTypeChanged 2
09-01 18:07:02.643 25137 25137 I cr_OfflineIndicator: Reported by system: [ Transports: WIFI Capabilities: NOT_METERED&INTERNET&NOT_RESTRICTED&TRUSTED&NOT_VPN&VALIDATED&NOT_ROAMING&FOREGROUND&NOT_CONGESTED&NOT_SUSPENDED LinkUpBandwidth>=94050Kbps LinkDnBandwidth>=79062Kbps SignalStrength: -55 AdministratorUids: [] RequestorUid: -1 RequestorPackageName: null]
09-01 18:07:02.643 25137 25137 I cr_OfflineIndicator: setConnectionState connectionState=4
09-01 18:07:02.644 25137 25137 I cr_OfflineDetector: Running updateState mConnectivityDetectorInitialized: true, mTimeWhenLastForegrounded: 29605868, getElapsedTime: 29605869, mTimeWhenLastOfflineNotificationReceived: 0, mTimeWhenLastOnline: 29605869, mApplicationState: 1, mIsOfflineLastReportedByConnectivityDetector: false, mIsEffectivelyOffline: false
09-01 18:07:02.644 25137 25137 I cr_OfflineDetector: updateState(): timeSinceLastForeground: 1, timeSinceOfflineNotificationReceived: 29605869, timeSinceLastOnline: 0, timeNeededForForeground: 1999, timeNeededForOffline: -29603869
09-01 18:07:02.644 25137 25137 I cr_OfflineIndicator: processConnectivityCheckResult mConnectionState=4 mConnectivityCheckingStage=1
09-01 18:07:02.645  2816  3590 I FontLog : Received query name=Google Sans&weight=700&besteffort=false, URI content://com.google.android.gms.fonts [CONTEXT service_id=132 ]
09-01 18:07:02.645  2816  3590 I FontLog : Query [name=Google Sans&weight=700&besteffort=false] resolved to {Google Sans, wdth 100.0, wght 700, ital 0.0, bestEffort false} [CONTEXT service_id=132 ]
09-01 18:07:02.645 25236 25259 I AdrenoGLES-0: QUALCOMM build                   : 35605c3, Ia11ce2d146
09-01 18:07:02.645 25236 25259 I AdrenoGLES-0: Build Date                       : 09/02/20
09-01 18:07:02.645 25236 25259 I AdrenoGLES-0: OpenGL ES Shader Compiler Version: EV031.31.04.00
09-01 18:07:02.645 25236 25259 I AdrenoGLES-0: Local Branch                     : gfx-adreno.lnx.2.0
09-01 18:07:02.645 25236 25259 I AdrenoGLES-0: Remote Branch                    : 
09-01 18:07:02.645 25236 25259 I AdrenoGLES-0: Remote Branch                    : 
09-01 18:07:02.645 25236 25259 I AdrenoGLES-0: Reconstruct Branch               : 
09-01 18:07:02.645 25236 25259 I AdrenoGLES-0: Build Config                     : S P 10.0.4 AArch64
09-01 18:07:02.645 25236 25259 I AdrenoGLES-0: Driver Path                      : /vendor/lib64/egl/libGLESv2_adreno.so
09-01 18:07:02.649  2816  3590 I FontLog : Fetch {Google Sans, wdth 100.0, wght 700, ital 0.0, bestEffort false} end status Status{statusCode=SUCCESS, resolution=null} [CONTEXT service_id=132 ]
09-01 18:07:02.651 25236 25259 I AdrenoGLES-0: PFP: 0x016dd090, ME: 0x00000000
09-01 18:07:02.652  2816  3590 I FontLog : Pulling font file for id = 904, cache size = 5 [CONTEXT service_id=132 ]
09-01 18:07:02.657  2816  3590 I FontLog : Received query name=Noto Color Emoji Compat&weight=400&besteffort=false, URI content://com.google.android.gms.fonts [CONTEXT service_id=132 ]
09-01 18:07:02.657  2816  3590 I FontLog : Query [name=Noto Color Emoji Compat&weight=400&besteffort=false] resolved to {Noto Color Emoji Compat, wdth 100.0, wght 400, ital 0.0, bestEffort false} [CONTEXT service_id=132 ]
09-01 18:07:02.659  2816  3590 I FontLog : Fetch {Noto Color Emoji Compat, wdth 100.0, wght 400, ital 0.0, bestEffort false} end status Status{statusCode=SUCCESS, resolution=null} [CONTEXT service_id=132 ]
09-01 18:07:02.660 25236 25259 W AdrenoUtils: <ReadGpuID_from_sysfs:197>: Failed to open /sys/class/kgsl/kgsl-3d0/gpu_model
09-01 18:07:02.660 25236 25259 W AdrenoUtils: <ReadGpuID:221>: Failed to read chip ID from gpu_model. Fallback to use the GSL path
09-01 18:07:02.663  2816  3590 I FontLog : Pulling font file for id = 905, cache size = 6 [CONTEXT service_id=132 ]
09-01 18:07:02.668  2816  3590 I FontLog : Received query name=Google Sans&weight=400&besteffort=false, URI content://com.google.android.gms.fonts [CONTEXT service_id=132 ]
09-01 18:07:02.668  2816  3590 I FontLog : Query [name=Google Sans&weight=400&besteffort=false] resolved to {Google Sans, wdth 100.0, wght 400, ital 0.0, bestEffort false} [CONTEXT service_id=132 ]
09-01 18:07:02.670  2816  3590 I FontLog : Font PFD returned from cache for {Google Sans, wdth 100.0, wght 400, ital 0.0, bestEffort false} [CONTEXT service_id=132 ]
09-01 18:07:02.670  2816  3590 I FontLog : Fetch {Google Sans, wdth 100.0, wght 400, ital 0.0, bestEffort false} end status Status{statusCode=SUCCESS, resolution=null} [CONTEXT service_id=132 ]
09-01 18:07:02.673  2816  7860 I FontLog : Pulling font file for id = 906, cache size = 5 [CONTEXT service_id=132 ]
09-01 18:07:02.674 25236 25259 D vulkan  : searching for layers in '/data/app/~~_KLlx60MH8CoecPTjMKp8g==/com.android.chrome-kw9RHYrlHKb9bPXi8OTClw==/lib/arm64'
09-01 18:07:02.675 25236 25259 D vulkan  : searching for layers in '/data/app/~~_KLlx60MH8CoecPTjMKp8g==/com.android.chrome-kw9RHYrlHKb9bPXi8OTClw==/base.apk!/lib/arm64-v8a'
09-01 18:07:02.675 25236 25259 D vulkan  : searching for layers in '/data/app/~~pvdNlmkqoAdokjnHYmWQbA==/com.google.android.trichromelibrary_530409134-AZWnkLs2PHY5miTP6ZiTzA==/base.apk!/lib/arm64-v8a'
09-01 18:07:02.678  2816  3590 I FontLog : Received query name=Google Sans&weight=500&besteffort=false, URI content://com.google.android.gms.fonts [CONTEXT service_id=132 ]
09-01 18:07:02.679  2816  3590 I FontLog : Query [name=Google Sans&weight=500&besteffort=false] resolved to {Google Sans, wdth 100.0, wght 500, ital 0.0, bestEffort false} [CONTEXT service_id=132 ]
09-01 18:07:02.681  2816  3590 I FontLog : Font PFD returned from cache for {Google Sans, wdth 100.0, wght 500, ital 0.0, bestEffort false} [CONTEXT service_id=132 ]
09-01 18:07:02.681  2816  3590 I FontLog : Fetch {Google Sans, wdth 100.0, wght 500, ital 0.0, bestEffort false} end status Status{statusCode=SUCCESS, resolution=null} [CONTEXT service_id=132 ]
09-01 18:07:02.683 25236 25259 I AdrenoVK-0: ===== BEGIN DUMP OF OVERRIDDEN SETTINGS =====
09-01 18:07:02.683 25236 25259 I AdrenoVK-0: ===== END DUMP OF OVERRIDDEN SETTINGS =====
09-01 18:07:02.683  2816 24058 W FontLog : Error updating last accessed time for {Google Sans, wdth 100.0, wght 400, ital 0.0, bestEffort false}. [CONTEXT service_id=132 ]
09-01 18:07:02.683  2816 24058 W FontLog : java.lang.IllegalStateException: attempt to re-open an already-closed object: SQLiteDatabase: /data/user/0/com.google.android.gms/databases/metadata.db
09-01 18:07:02.683  2816 24058 W FontLog : 	at android.database.sqlite.SQLiteClosable.acquireReference(SQLiteClosable.java:58)
09-01 18:07:02.683  2816 24058 W FontLog : 	at android.database.sqlite.SQLiteDatabase.executeSql(SQLiteDatabase.java:1902)
09-01 18:07:02.683  2816 24058 W FontLog : 	at android.database.sqlite.SQLiteDatabase.execSQL(SQLiteDatabase.java:1897)
09-01 18:07:02.683  2816 24058 W FontLog : 	at akca.run(:com.google.android.gms@224312037@22.43.12 (150400-483592595):5)
09-01 18:07:02.683  2816 24058 W FontLog : 	at zqv.c(:com.google.android.gms@224312037@22.43.12 (150400-483592595):6)
09-01 18:07:02.683  2816 24058 W FontLog : 	at zqv.run(:com.google.android.gms@224312037@22.43.12 (150400-483592595):7)
09-01 18:07:02.683  2816 24058 W FontLog : 	at java.util.concurrent.ThreadPoolExecutor.runWorker(ThreadPoolExecutor.java:1167)
09-01 18:07:02.683  2816 24058 W FontLog : 	at java.util.concurrent.ThreadPoolExecutor$Worker.run(ThreadPoolExecutor.java:641)
09-01 18:07:02.683  2816 24058 W FontLog : 	at zwa.run(:com.google.android.gms@224312037@22.43.12 (150400-483592595):0)
09-01 18:07:02.683  2816 24058 W FontLog : 	at java.lang.Thread.run(Thread.java:923)
09-01 18:07:02.683 25236 25259 I AdrenoVK-0: QUALCOMM build          : 35605c3, Ia11ce2d146
09-01 18:07:02.683 25236 25259 I AdrenoVK-0: Build Date              : 09/02/20
09-01 18:07:02.683 25236 25259 I AdrenoVK-0: Shader Compiler Version : EV031.31.04.00
09-01 18:07:02.683 25236 25259 I AdrenoVK-0: Local Branch            : gfx-adreno.lnx.2.0
09-01 18:07:02.683 25236 25259 I AdrenoVK-0: Remote Branch           : 
09-01 18:07:02.683 25236 25259 I AdrenoVK-0: Remote Branch           : 
09-01 18:07:02.683 25236 25259 I AdrenoVK-0: Reconstruct Branch      : 
09-01 18:07:02.683 25236 25259 I AdrenoVK-0: Build Config            : S P 10.0.4 AArch64
09-01 18:07:02.683 25236 25259 I AdrenoVK-0: Driver Path             : /vendor/lib64/hw/vulkan.adreno.so
09-01 18:07:02.684  2816  3590 I FontLog : Pulling font file for id = 907, cache size = 6 [CONTEXT service_id=132 ]
09-01 18:07:02.684 25137 25137 W linker  : Warning: "/data/app/~~_KLlx60MH8CoecPTjMKp8g==/com.android.chrome-kw9RHYrlHKb9bPXi8OTClw==/split_vr.apk!/lib/arm64-v8a/libmonochrome_64_vr_partition.so" unused DT entry: unknown processor-specific (type 0x70000001 arg 0x0) (ignoring)
09-01 18:07:02.687  1513  3227 D ConnectivityService: requestNetwork for uid/pid:10220/25137 NetworkRequest [ TRACK_DEFAULT id=1318, [ Capabilities: INTERNET&NOT_RESTRICTED&TRUSTED Uid: 10220 AdministratorUids: [] RequestorUid: 10220 RequestorPackageName: com.android.chrome] ]
09-01 18:07:02.687  1513  2000 D ConnectivityService: NetReassign [1318 : null → 100]
09-01 18:07:02.688  1513  1996 D WifiNetworkFactory: got request NetworkRequest [ TRACK_DEFAULT id=1318, [ Capabilities: INTERNET&NOT_RESTRICTED&TRUSTED Uid: 10220 AdministratorUids: [] RequestorUid: 10220 RequestorPackageName: com.android.chrome] ] with score 60 and providerId 5
09-01 18:07:02.688  1513  2038 D Ethernet: got request NetworkRequest [ TRACK_DEFAULT id=1318, [ Capabilities: INTERNET&NOT_RESTRICTED&TRUSTED Uid: 10220 AdministratorUids: [] RequestorUid: 10220 RequestorPackageName: com.android.chrome] ] with score 60 and providerId 5
09-01 18:07:02.688  1513  2037 D WIFI_AWARE_FACTORY: got request NetworkRequest [ TRACK_DEFAULT id=1318, [ Capabilities: INTERNET&NOT_RESTRICTED&TRUSTED Uid: 10220 AdministratorUids: [] RequestorUid: 10220 RequestorPackageName: com.android.chrome] ] with score 60 and providerId 5
09-01 18:07:02.689  2474  2474 D PhoneSwitcherNetworkRequstListener: got request NetworkRequest [ TRACK_DEFAULT id=1318, [ Capabilities: INTERNET&NOT_RESTRICTED&TRUSTED Uid: 10220 AdministratorUids: [] RequestorUid: 10220 RequestorPackageName: com.android.chrome] ] with score 60 and providerId 5
09-01 18:07:02.689  1513  1996 D UntrustedWifiNetworkFactory: got request NetworkRequest [ TRACK_DEFAULT id=1318, [ Capabilities: INTERNET&NOT_RESTRICTED&TRUSTED Uid: 10220 AdministratorUids: [] RequestorUid: 10220 RequestorPackageName: com.android.chrome] ] with score 60 and providerId 5
09-01 18:07:02.694  1513  2000 D ConnectivityService: NetReassign [no changes]
09-01 18:07:02.704 25137 25209 I cr_VrCoreVersionChecker: Unable to find VrCore.
09-01 18:07:02.756 25219 25258 I tflite  : Initialized TensorFlow Lite runtime.
09-01 18:07:02.767 25137 25137 I Choreographer: Skipped 34 frames!  The application may be doing too much work on its main thread.
09-01 18:07:02.767  2158  2158 I WallpaperService: engine paused
09-01 18:07:02.768   901   901 I sensors-hal: [hal]activate_physical_sensor:238, android.sensor.gyroscope/41 en=0
09-01 18:07:02.771   901   901 D Diag_Lib: diag: Diag_LSM_DeInit done for pid: 901
09-01 18:07:02.772   901   901 D Diag_Lib: diag: Diag_LSM_DeInit done for pid: 901
09-01 18:07:02.772   901   901 I sensors-hal: [hal]activate_physical_sensor:249, android.sensor.gyroscope/41 en=0 completed
09-01 18:07:02.795  1513  8184 I AdrenoGLES-0: QUALCOMM build                   : 35605c3, Ia11ce2d146
09-01 18:07:02.795  1513  8184 I AdrenoGLES-0: Build Date                       : 09/02/20
09-01 18:07:02.795  1513  8184 I AdrenoGLES-0: OpenGL ES Shader Compiler Version: EV031.31.04.00
09-01 18:07:02.795  1513  8184 I AdrenoGLES-0: Local Branch                     : gfx-adreno.lnx.2.0
09-01 18:07:02.795  1513  8184 I AdrenoGLES-0: Remote Branch                    : 
09-01 18:07:02.795  1513  8184 I AdrenoGLES-0: Remote Branch                    : 
09-01 18:07:02.795  1513  8184 I AdrenoGLES-0: Reconstruct Branch               : 
09-01 18:07:02.795  1513  8184 I AdrenoGLES-0: Build Config                     : S P 10.0.4 AArch64
09-01 18:07:02.795  1513  8184 I AdrenoGLES-0: Driver Path                      : /vendor/lib64/egl/libGLESv2_adreno.so
09-01 18:07:02.805  1513  8184 I AdrenoGLES-0: PFP: 0x016dd090, ME: 0x00000000
09-01 18:07:02.809 25137 25137 I cr_tabmodel: #isIncognitoTabBeingRestored from tabState:  false
09-01 18:07:02.809 25137 25137 I cr_tabmodel: #isIncognitoTabBeingRestored from tabState:  false
09-01 18:07:02.834  2858  2858 I GoogleInputMethodService: GoogleInputMethodService.onFinishInput():3280 
09-01 18:07:02.835 25137 25137 I cr_tabmodel: #isIncognitoTabBeingRestored from tabState:  false
09-01 18:07:02.835 25137 25137 I cr_tabmodel: #isIncognitoTabBeingRestored from tabState:  false
09-01 18:07:02.837  2858  2858 I GoogleInputMethodService: GoogleInputMethodService.updateDeviceLockedStatus():2169 repeatCheckTimes = 0, unlocked = true
09-01 18:07:02.837  2858  2858 I GoogleInputMethodService: GoogleInputMethodService.onStartInput():1960 onStartInput(EditorInfo{inputType=0x0(NULL) imeOptions=0x12000000 privateImeOptions=null actionName=UNSPECIFIED actionLabel=null actionId=0 initialSelStart=-1 initialSelEnd=-1 initialCapsMode=0x0 hintText=null label=null packageName=com.android.chrome fieldId=-1 fieldName=null extras=null}, false)
09-01 18:07:02.837  2858  2858 I GoogleInputMethodService: GoogleInputMethodService.shouldHideHeaderOnInitialState():4081 ShouldHideHeaderOnInitialState = false
09-01 18:07:02.839  2858  2858 I GoogleInputMethodService: GoogleInputMethodService.updateDeviceLockedStatus():2169 repeatCheckTimes = 2, unlocked = true
09-01 18:07:02.842 25137 25137 I cr_tabmodel: #isIncognitoTabBeingRestored from tabState:  false
09-01 18:07:02.897 25137 25137 I chatty  : uid=10220(com.android.chrome) identical 36 lines
09-01 18:07:02.897 25137 25137 I cr_tabmodel: #isIncognitoTabBeingRestored from tabState:  false
09-01 18:07:02.899 25137 25137 I cr_tabmodel: #isIncognitoTabBeingRestored from tabDetails:  false
09-01 18:07:02.899 25137 25137 I cr_tabmodel: #isIncognitoTabBeingRestored from tabDetails:  false
09-01 18:07:02.900 25137 25137 W cr_tabmodel: Failed to restore TabState; creating Tab with last known URL.
09-01 18:07:02.914  1513  3227 D CompatibilityChangeReporter: Compat change id reported: 135634846; UID 10220; state: DISABLED
09-01 18:07:02.914  1513  3227 D CompatibilityChangeReporter: Compat change id reported: 135754954; UID 10220; state: ENABLED
09-01 18:07:02.914  1513  1625 D CompatibilityChangeReporter: Compat change id reported: 143937733; UID 10220; state: ENABLED
09-01 18:07:02.915 25137 25137 E cr_IntentUtils: getBooleanExtra failed on intent null
09-01 18:07:02.915 25137 25137 E cr_IntentUtils: getBooleanExtra failed on intent null
09-01 18:07:02.927 25187 25187 D Zygote  : Forked child process 25291
09-01 18:07:02.928 25137 25137 I cr_tabmodel: #isIncognitoTabBeingRestored from tabDetails:  false
09-01 18:07:02.928 25137 25137 I cr_tabmodel: #isIncognitoTabBeingRestored from tabDetails:  false
09-01 18:07:02.928 25137 25137 W cr_tabmodel: Failed to restore TabState; creating Tab with last known URL.
09-01 18:07:02.931  1513  1625 I ActivityManager: Start proc 25291:com.android.chrome:sandboxed_process0:org.chromium.content.app.SandboxedProcessService0:1/u0ai1 for  {com.android.chrome/org.chromium.content.app.SandboxedProcessService0:1}
09-01 18:07:02.933 25291 25291 E libc    : SetHeapTaggingLevel: re-enabling tagging after it was disabled is not supported
09-01 18:07:02.942 25137 25137 E cr_IntentUtils: getBooleanExtra failed on intent null
09-01 18:07:02.942 25137 25137 E cr_IntentUtils: getBooleanExtra failed on intent null
09-01 18:07:02.948 25291 25291 E ocessService0:: Not starting debugger since process cannot load the jdwp agent.
09-01 18:07:02.954 25137 25137 I cr_tabmodel: Loaded tab lists; counts: 24,0
09-01 18:07:02.964 25187 25187 D Zygote  : Forked child process 25307
09-01 18:07:02.965 25307 25307 E libc    : SetHeapTaggingLevel: re-enabling tagging after it was disabled is not supported
09-01 18:07:02.968  1513  3227 D CompatibilityChangeReporter: Compat change id reported: 136274596; UID 10220; state: ENABLED
09-01 18:07:02.973  1513  1625 I ActivityManager: Start proc 25307:com.android.chrome:sandboxed_process0:org.chromium.content.app.SandboxedProcessService0:2/u0ai2 for  {com.android.chrome/org.chromium.content.app.SandboxedProcessService0:2}
09-01 18:07:02.976 25307 25307 E ocessService0:: Not starting debugger since process cannot load the jdwp agent.
09-01 18:07:02.988  1513  3227 D CompatibilityChangeReporter: Compat change id reported: 136274596; UID 10220; state: ENABLED
09-01 18:07:02.994 25291 25291 I LoadedApk: No resource references to update in package com.google.android.trichromelibrary
09-01 18:07:02.995 25291 25291 D NetworkSecurityConfig: Using Network Security Config from resource 0_resource_name_obfuscated debugBuild: false
09-01 18:07:02.996 25291 25291 D NetworkSecurityConfig: Using Network Security Config from resource 0_resource_name_obfuscated debugBuild: false
09-01 18:07:02.997 25291 25291 I cr_SplitCompatApp: Launched version=107.0.5304.91 minSdkVersion=29 isBundle=true processName=com.android.chrome:sandboxed_process0:org.chromium.content.app.SandboxedProcessService0:1 isIsolated=true
09-01 18:07:03.006 25291 25291 W SystemServiceRegistry: No service published for: uimode
09-01 18:07:03.011 25291 25291 I cr_ChildProcessService: Creating new ChildProcessService pid=25291
09-01 18:07:03.011 25307 25307 I LoadedApk: No resource references to update in package com.google.android.trichromelibrary
09-01 18:07:03.012 25307 25307 D NetworkSecurityConfig: Using Network Security Config from resource 0_resource_name_obfuscated debugBuild: false
09-01 18:07:03.013 25307 25307 D NetworkSecurityConfig: Using Network Security Config from resource 0_resource_name_obfuscated debugBuild: false
09-01 18:07:03.014 25307 25307 I cr_SplitCompatApp: Launched version=107.0.5304.91 minSdkVersion=29 isBundle=true processName=com.android.chrome:sandboxed_process0:org.chromium.content.app.SandboxedProcessService0:2 isIsolated=true
09-01 18:07:03.018 25291 25316 I cr_LibraryLoader: Using ModernLinker
09-01 18:07:03.020 25291 25316 W linker  : Warning: "/data/app/~~_KLlx60MH8CoecPTjMKp8g==/com.android.chrome-kw9RHYrlHKb9bPXi8OTClw==/base.apk!/lib/arm64-v8a/libchromium_android_linker.so" unused DT entry: unknown processor-specific (type 0x70000001 arg 0x0) (ignoring)
09-01 18:07:03.021 25291 25316 E cr_ChromiumAndroidLinker: ReserveAddressWithHint: Address range starting at 0x7a38769000 was not free to use
09-01 18:07:03.026 25307 25307 W SystemServiceRegistry: No service published for: uimode
09-01 18:07:03.027 25291 25325 I cr_LibraryLoader: Successfully loaded native library
09-01 18:07:03.029 25291 25325 I cr_CachingUmaRecorder: Flushed 3 samples from 3 histograms.
09-01 18:07:03.031 25307 25307 I cr_ChildProcessService: Creating new ChildProcessService pid=25307
09-01 18:07:03.037 25307 25324 I cr_LibraryLoader: Using ModernLinker
09-01 18:07:03.039 25307 25324 W linker  : Warning: "/data/app/~~_KLlx60MH8CoecPTjMKp8g==/com.android.chrome-kw9RHYrlHKb9bPXi8OTClw==/base.apk!/lib/arm64-v8a/libchromium_android_linker.so" unused DT entry: unknown processor-specific (type 0x70000001 arg 0x0) (ignoring)
09-01 18:07:03.040 25307 25324 E cr_ChromiumAndroidLinker: ReserveAddressWithHint: Address range starting at 0x7a38769000 was not free to use
09-01 18:07:03.047 25307 25326 I cr_LibraryLoader: Successfully loaded native library
09-01 18:07:03.048 25307 25326 I cr_CachingUmaRecorder: Flushed 3 samples from 3 histograms.
09-01 18:07:04.164   901  1000 D VSC     : @ 29610.618: [WO] tilt angle 89
09-01 18:07:04.473   901  2806 I sensors-hal: [ssc_utils]get_qmi_debug_flag:244, support_qmi_debug : false
09-01 18:07:04.485   901  1000 W ASH     : @ 29610.938: Unhandled msg ID 999: line 1277
09-01 18:07:04.485   901  1000 E ASH     : @ 29610.938: No pb callback assigned
09-01 18:07:04.485   901  1000 E ASH     : @ 29610.938: Nanopb error: callback failed:1588
09-01 18:07:04.544   901  1000 I ASH     : @ 29610.998: tcs3701: ADC is saturated, removed sample from FIFO.
09-01 18:07:04.547 25137 25137 E cr_BTSPrefs: No data found for task id: 53
09-01 18:07:04.547 25137 25137 E cr_BkgrdTaskScheduler: Task cannot be canceled because no data was found instorage or data was invalid
09-01 18:07:04.827  1513  2000 D ConnectivityService: NetReassign [no changes]
09-01 18:07:06.164   901  1000 D VSC     : @ 29612.618: [WO] tilt angle 89
09-01 18:07:07.053   901  2806 I sensors-hal: [ssc_utils]get_qmi_debug_flag:244, support_qmi_debug : false
09-01 18:07:07.084   901  1000 W ASH     : @ 29613.538: Unhandled msg ID 999: line 1277
09-01 18:07:07.084   901  1000 E ASH     : @ 29613.538: No pb callback assigned
09-01 18:07:07.084   901  1000 E ASH     : @ 29613.538: Nanopb error: callback failed:1588
09-01 18:07:07.153   901  2806 I sensors-hal: [ssc_utils]get_qmi_debug_flag:244, support_qmi_debug : false
09-01 18:07:07.164   901  1000 W ASH     : @ 29613.618: Unhandled msg ID 999: line 1277
09-01 18:07:07.164   901  1000 E ASH     : @ 29613.618: No pb callback assigned
09-01 18:07:07.164   901  1000 E ASH     : @ 29613.618: Nanopb error: callback failed:1588
09-01 18:07:07.390 25369 25369 W app_process: type=1400 audit(0.0:3703): avc: denied { read } for name="u:object_r:device_config_runtime_native_boot_prop:s0" dev="tmpfs" ino=10163 scontext=u:r:shell:s0 tcontext=u:object_r:device_config_runtime_native_boot_prop:s0 tclass=file permissive=0
09-01 18:07:07.390 25369 25369 I chatty  : uid=2000(shell) app_process identical 2 lines
09-01 18:07:07.390 25369 25369 W app_process: type=1400 audit(0.0:3706): avc: denied { read } for name="u:object_r:device_config_runtime_native_boot_prop:s0" dev="tmpfs" ino=10163 scontext=u:r:shell:s0 tcontext=u:object_r:device_config_runtime_native_boot_prop:s0 tclass=file permissive=0
09-01 18:07:07.390 25369 25369 D AndroidRuntime: >>>>>> START com.android.internal.os.RuntimeInit uid 2000 <<<<<<
