--------- beginning of system
09-01 22:01:02.996  1513  2180 I ActivityManager: Force stopping org.mozilla.firefox appid=10258 user=0: from pid 28994
--------- beginning of main
09-01 22:01:03.002  2474  2474 E PhoneInterfaceManager: [PhoneIntfMgr] getCarrierPackageNamesForIntentAndPhone: No UICC
09-01 22:01:03.002  2474  2474 D CarrierSvcBindHelper: No carrier app for: 0
09-01 22:01:03.010  3135  3135 D RegisteredNfcFServicesCache: Service unchanged, not updating
09-01 22:01:03.022  8777  8777 I EuiccGoogle: [2] EuiccServiceImpl.onCreate: onCreate Single-SIM mode: simCardState is 1
09-01 22:01:03.028  8777 29000 I EuiccGoogle: [6676] EuiccServiceImpl.onGetEuiccProfileInfoList: onGetEuiccProfileInfoList: slotId = -1
09-01 22:01:03.031  8777 29000 W EuiccGoogle: [6676] EuiccServiceImpl.onGetEuiccProfileInfoList: slotId=-1. No eUICC is active. Return null.
09-01 22:01:03.253  1513  2180 I ActivityTaskManager: START u0 {act=android.intent.action.VIEW flg=0x10008000 cmp=org.mozilla.firefox/org.mozilla.gecko.BrowserApp} from uid 2000
09-01 22:01:03.253  1513  1572 D EventSequenceValidator: Transition from ACTIVITY_FINISHED to INTENT_STARTED
09-01 22:01:03.262   901  2806 I sensors-hal: [ssc_utils]get_qmi_debug_flag:244, support_qmi_debug : false
09-01 22:01:03.273  1513  1572 D CompatibilityChangeReporter: Compat change id reported: 135634846; UID 10258; state: DISABLED
09-01 22:01:03.274  1513  1572 D CompatibilityChangeReporter: Compat change id reported: 135754954; UID 10258; state: ENABLED
09-01 22:01:03.274  1513  1625 D CompatibilityChangeReporter: Compat change id reported: 143937733; UID 10258; state: ENABLED
09-01 22:01:03.274  1513  1572 D EventSequenceValidator: Transition from INTENT_STARTED to ACTIVITY_LAUNCHED
09-01 22:01:03.284   778   778 D Zygote  : Forked child process 29004
09-01 22:01:03.286   901  1000 W ASH     : @ 43649.738: Unhandled msg ID 999: line 1277
09-01 22:01:03.286   901  1000 E ASH     : @ 43649.738: No pb callback assigned
09-01 22:01:03.286   901  1000 E ASH     : @ 43649.738: Nanopb error: callback failed:1588
09-01 22:01:03.287  1513  1625 I ActivityManager: Start proc 29004:org.mozilla.firefox/u0a258 for pre-top-activity {org.mozilla.firefox/org.mozilla.gecko.BrowserApp}
09-01 22:01:03.290 29004 29004 E mozilla.firefo: Not starting debugger since process cannot load the jdwp agent.
09-01 22:01:03.321  3088  3657 I AssistantForeground: (REDACTED) Get launcher package: %s
09-01 22:01:03.323 29004 29004 D NetworkSecurityConfig: No Network Security Config specified, using platform default
09-01 22:01:03.323 29004 29004 D NetworkSecurityConfig: No Network Security Config specified, using platform default
09-01 22:01:03.329 29004 29004 I FirebaseApp: Device unlocked: initializing all Firebase APIs for app [DEFAULT]
09-01 22:01:03.332 29004 29004 I FirebaseInitProvider: FirebaseApp initialization successful
09-01 22:01:03.348 29004 29004 I rc_log_ffi::ios: rc_log adapter initialized!
09-01 22:01:03.375 29004 29034 I nimbus::nimbus_client: updating experiment list
09-01 22:01:03.375 29004 29034 I nimbus::persistence: Already at version 2, no upgrade needed
09-01 22:01:03.375 29004 29034 I nimbus::nimbus_client: [Nimbus] Retrieved date from Context: 2023-09-01 07:56:38 UTC
09-01 22:01:03.376 29004 29034 I nimbus::nimbus_client: [Nimbus] Installation Date: 2023-09-01 07:56:38 UTC
09-01 22:01:03.376 29004 29034 I nimbus::nimbus_client: [Nimbus] Update Date: 2023-09-01 14:22:00.591064144 UTC
09-01 22:01:03.376 29004 29034 I nimbus::nimbus_client: [Nimbus] Days since install: 0
09-01 22:01:03.376 29004 29034 I nimbus::nimbus_client: [Nimbus] Days since update: 0
09-01 22:01:03.389 29004 29037 I GeckoThread: preparing to run Gecko
09-01 22:01:03.392 29004 29037 I GeckoLoader: Library base=/data/app/~~BtOtpENtY_8SJVQLgbYgRg==/org.mozilla.firefox-ZoJ8FBGk3KN0nHoYkPw1IA==/lib/arm64
09-01 22:01:03.393 29004 29037 W Settings: Setting animator_duration_scale has moved from android.provider.Settings.System to android.provider.Settings.Global, returning read-only global URI.
09-01 22:01:03.393 29004 29037 I GeckoLoader: Library base=/data/app/~~BtOtpENtY_8SJVQLgbYgRg==/org.mozilla.firefox-ZoJ8FBGk3KN0nHoYkPw1IA==/lib/arm64
09-01 22:01:03.394 29004 29037 E GeckoLibLoad: Load sqlite start
09-01 22:01:03.394 29004 29037 E GeckoLibLoad: Load sqlite done
09-01 22:01:03.394 29004 29037 I GeckoLoader: Library base=/data/app/~~BtOtpENtY_8SJVQLgbYgRg==/org.mozilla.firefox-ZoJ8FBGk3KN0nHoYkPw1IA==/lib/arm64
09-01 22:01:03.394 29004 29037 E GeckoLibLoad: Load nss start
09-01 22:01:03.394 29004 29037 E GeckoLibLoad: Load nss done
09-01 22:01:03.394 29004 29037 I GeckoLoader: Library base=/data/app/~~BtOtpENtY_8SJVQLgbYgRg==/org.mozilla.firefox-ZoJ8FBGk3KN0nHoYkPw1IA==/lib/arm64
09-01 22:01:03.395 29004 29037 E GeckoLibLoad: Loaded libs in 0.289375ms total, 0ms(0ms) user, 0ms(0ms) system, 0(0) faults
09-01 22:01:03.395 29004 29037 W GeckoThread: zerdatime 43646621 - runGecko
09-01 22:01:03.399 29004 29042 I libglean_ffi: glean_core::core: Creating new Glean v53.1.0
09-01 22:01:03.400 29004 29042 I libglean_ffi: glean_core::database: Database initialized
09-01 22:01:03.400   901  2806 I sensors-hal: [ssc_utils]get_qmi_debug_flag:244, support_qmi_debug : false
09-01 22:01:03.400 29004 29042 I libglean_ffi: glean_core: Glean initialized
09-01 22:01:03.401 29004 29044 I libglean_ffi: glean_core::upload::directory: Processing ping at: /data/user/0/org.mozilla.firefox/glean_data/pending_pings/aa16523a-d46e-455e-a3d6-bf2bb500151f
09-01 22:01:03.401 29004 29042 I libglean_ffi: glean_core::event_database: Loading events for events
09-01 22:01:03.402 29004 29042 I libglean_ffi: glean_core::event_database: Loading events for background-update
09-01 22:01:03.402 29004 29044 I libglean_ffi: glean_core::upload::directory: Processing ping at: /data/user/0/org.mozilla.firefox/glean_data/pending_pings/ddf97dc3-7f39-4b13-a59f-bc934a2f9d67
09-01 22:01:03.402 29004 29044 I libglean_ffi: glean_core::upload::directory: Processing ping at: /data/user/0/org.mozilla.firefox/glean_data/pending_pings/ecaa2158-a75d-49e9-9f55-82fb4dd40381
09-01 22:01:03.403 29004 29042 I libglean_ffi: glean_core::ping: Collecting events
09-01 22:01:03.404 29004 29042 I libglean_ffi: glean_core::upload::directory: Processing ping at: /data/user/0/org.mozilla.firefox/glean_data/pending_pings/56a3fad6-cb13-4fdb-a81c-51da69121489
09-01 22:01:03.405 29004 29042 I libglean_ffi: glean_core::metrics::ping: The ping 'events' was submitted and will be sent as soon as possible
09-01 22:01:03.408   901  1000 W ASH     : @ 43649.860: Unhandled msg ID 999: line 1277
09-01 22:01:03.408   901  1000 E ASH     : @ 43649.860: No pb callback assigned
09-01 22:01:03.408   901  1000 E ASH     : @ 43649.860: Nanopb error: callback failed:1588
09-01 22:01:03.408 29004 29042 I TetheringManager: registerTetheringEventCallback:org.mozilla.firefox
09-01 22:01:03.418 29004 29004 W org.mozilla.firefox: type=1400 audit(0.0:5292): avc: denied { bind } for comm=4E65746C696E6B204D6F6E69746F72 scontext=u:r:untrusted_app:s0:c2,c257,c512,c768 tcontext=u:r:untrusted_app:s0:c2,c257,c512,c768 tclass=netlink_route_socket permissive=0 b/155595000 app=org.mozilla.firefox
09-01 22:01:03.418 29004 29037 I Gecko:DumpUtils: Fifo watcher disabled via pref.
09-01 22:01:03.425  1513  2000 D ConnectivityService: NetReassign [no changes]
09-01 22:01:03.432  1513  8503 D CompatibilityChangeReporter: Compat change id reported: 136274596; UID 10258; state: ENABLED
09-01 22:01:03.444 29004 29004 I FenixApplication: AutoPushFeature is configured, initializing it...
09-01 22:01:03.445 29004 29004 I AbstractFirebasePushService: start
09-01 22:01:03.450   592   629 W DisplayIdentification: Invalid EDID: falling back to serial number due to missing display name.
09-01 22:01:03.450   592   629 W DisplayIdentification: Invalid EDID: falling back to ASCII text due to missing serial number.
09-01 22:01:03.457 29004 29042 I glean/MetricsPingSched: The 'metrics' ping was already sent today, 1693598463417.
09-01 22:01:03.461  1513  4618 I ActivityTaskManager: START u0 {act=android.intent.action.VIEW cmp=org.mozilla.firefox/org.mozilla.fenix.HomeActivity (has extras)} from uid 10258
09-01 22:01:03.464   901  2806 I sensors-hal: [ssc_utils]get_qmi_debug_flag:244, support_qmi_debug : false
09-01 22:01:03.485   901  1000 W ASH     : @ 43649.938: Unhandled msg ID 999: line 1277
09-01 22:01:03.485   901  1000 E ASH     : @ 43649.938: No pb callback assigned
09-01 22:01:03.485   901  1000 E ASH     : @ 43649.938: Nanopb error: callback failed:1588
09-01 22:01:03.494 29004 29042 I libglean_ffi: glean_core::ping: Collecting baseline
09-01 22:01:03.496  1513  8504 W ActivityTaskManager: Tried to set launchTime (0) < mLastActivityLaunchTime (43646523)
09-01 22:01:03.515  2158  2158 I WallpaperService: engine resumed
09-01 22:01:03.516   901   901 I sensors-hal: [hal]batch_physical_sensor:301, android.sensor.gyroscope/41, period=20000000, max_latency=0
09-01 22:01:03.516   901   901 I sensors-hal: [hal]batch_physical_sensor:310, android.sensor.gyroscope/41, period=20000000, max_latency=0 request completed
09-01 22:01:03.516   901   901 I sensors-hal: [hal]activate_physical_sensor:238, android.sensor.gyroscope/41 en=1
09-01 22:01:03.516   901   901 I sensors-hal: [ssc_utils]get_qmi_debug_flag:244, support_qmi_debug : false
09-01 22:01:03.522   901   901 W sensors@2.0-ser: type=1400 audit(0.0:5293): avc: denied { read write } for name="diag" dev="tmpfs" ino=12474 scontext=u:r:hal_sensors_default:s0 tcontext=u:object_r:diag_device:s0 tclass=chr_file permissive=0
09-01 22:01:03.522   901   901 W sensors@2.0-ser: type=1400 audit(0.0:5294): avc: denied { read write } for name="diag" dev="tmpfs" ino=12474 scontext=u:r:hal_sensors_default:s0 tcontext=u:object_r:diag_device:s0 tclass=chr_file permissive=0
09-01 22:01:03.525   901   901 D Diag_Lib:  Diag_LSM_Init: Failed to open handle to diag driver, error = 13
09-01 22:01:03.525   901   901 D Diag_Lib:  Diag_LSM_Init: Failed to open handle to diag driver, error = 13
09-01 22:01:03.525   901   901 I sensors-hal: [ssc_sensor]update_handle:537, handle=331, type=33, wakeup=0, hwid=0, base=331
09-01 22:01:03.525   901   901 I sensors-hal: [ssc_utils]get_qmi_debug_flag:244, support_qmi_debug : false
09-01 22:01:03.526 29004 29042 I libglean_ffi: glean_core::upload::directory: Processing ping at: /data/user/0/org.mozilla.firefox/glean_data/pending_pings/56872d61-1246-4381-90f2-dcd7992b7489
09-01 22:01:03.530   901   901 I sensors-hal: [ssc_utils]get_qmi_debug_flag:244, support_qmi_debug : false
09-01 22:01:03.531   901 29102 I sensors-hal: [ssc_sensor]ssc_conn_resp_cb:663, resp_value = 0
09-01 22:01:03.531   901  1000 W SEE     : @ 43649.984: adding req to Q sensor=8 req=0xb2030eb8 msg=513
09-01 22:01:03.533   901 29102 I sensors-hal: [sensor]submit_sensors_hal_event:146, android.sensor.additional_info: trying to push empty Events, count = 0
09-01 22:01:03.533   901 29102 I sensors-hal: [sensor]submit_sensors_hal_event:146, android.sensor.additional_info: trying to push empty Events, count = 0
09-01 22:01:03.538   901   901 I sensors-hal: [hal]activate_physical_sensor:249, android.sensor.gyroscope/41 en=1 completed
09-01 22:01:03.540   901 29105 I sensors-hal: [ssc_sensor]ssc_conn_resp_cb:663, resp_value = 0
09-01 22:01:03.540   901  1000 W SEE     : @ 43649.992: adding req to Q sensor=2 req=0xb202e018 msg=513
09-01 22:01:03.542   901 29105 I sensors-hal: [sensor]submit_sensors_hal_event:146, android.sensor.gyroscope: trying to push empty Events, count = 1
09-01 22:01:03.542   901 29105 I chatty  : uid=1000(system) sensors@2.0-ser identical 1 line
09-01 22:01:03.542   901 29105 I sensors-hal: [sensor]submit_sensors_hal_event:146, android.sensor.gyroscope: trying to push empty Events, count = 1
09-01 22:01:03.547 29004 29042 I libglean_ffi: glean_core::metrics::ping: The ping 'baseline' was submitted and will be sent as soon as possible
09-01 22:01:03.548   901 29105 I sensors-hal: [sensor]submit_sensors_hal_event:146, android.sensor.gyroscope: trying to push empty Events, count = 1
09-01 22:01:03.558 29004 29037 W mozilla.firefo: Accessing hidden field Ljava/lang/Boolean;->value:Z (greylist-max-p, JNI, denied)
09-01 22:01:03.558 29004 29037 W mozilla.firefo: Accessing hidden field Ljava/lang/Integer;->value:I (greylist-max-p, JNI, denied)
09-01 22:01:03.558 29004 29037 W mozilla.firefo: Accessing hidden field Ljava/lang/Double;->value:D (greylist-max-p, JNI, denied)
09-01 22:01:03.561 29004 29071 I push::internal::communications::rate_limiter: No need to reset inner timestamp and count for verify_connection.
09-01 22:01:03.575  1513  6264 D CompatibilityChangeReporter: Compat change id reported: 135634846; UID 10258; state: DISABLED
09-01 22:01:03.576  1513  6264 D CompatibilityChangeReporter: Compat change id reported: 135754954; UID 10258; state: ENABLED
09-01 22:01:03.576  1513  1625 D CompatibilityChangeReporter: Compat change id reported: 143937733; UID 10258; state: ENABLED
09-01 22:01:03.577 29004 29004 I NavController: Ignoring popBackStack to destination org.mozilla.firefox:id/browserFragment as it was not found on the current back stack
09-01 22:01:03.578 29004 29071 I push::internal::communications::rate_limiter: Not allowed: count(78) > 1 for verify_connection.
09-01 22:01:03.586 29004 29036 I libglean_ffi: glean_core::ping: Collecting pageload
09-01 22:01:03.587 29004 29071 I AutoPushFeature: No change to subscriptions. Doing nothing.
09-01 22:01:03.587 29004 29036 I libglean_ffi: glean_core::ping: Storage for pageload empty. Bailing out.
09-01 22:01:03.587 29004 29036 I libglean_ffi: glean_core::metrics::ping: No content for ping 'pageload', therefore no ping queued.
09-01 22:01:03.587 29004 29036 I libglean_ffi: glean_core::core: Upload enabled: true
09-01 22:01:03.589 29004 29004 I ContileTopSitesUpdater: Started periodic work to update Contile top sites
09-01 22:01:03.598 29004 29050 I service-pocket: Scheduling pocket recommendations background refresh
09-01 22:01:03.598   778   778 D Zygote  : Forked child process 29111
09-01 22:01:03.602 29004 29050 I service-pocket: Scheduling sponsored stories background refresh
09-01 22:01:03.605  1513  1625 I ActivityManager: Start proc 29111:org.mozilla.firefox:tab36/u0a258 for service {org.mozilla.firefox/org.mozilla.gecko.process.GeckoChildProcessServices$tab36}
09-01 22:01:03.614 29111 29111 E a.firefox:tab3: Not starting debugger since process cannot load the jdwp agent.
09-01 22:01:03.635  2062  2082 I ndroid.systemu: NativeAlloc concurrent copying GC freed 104355(3719KB) AllocSpace objects, 0(0B) LOS objects, 75% free, 9581KB/37MB, paused 152us total 110.704ms
09-01 22:01:03.637  1513  4618 D CompatibilityChangeReporter: Compat change id reported: 136274596; UID 10258; state: ENABLED
09-01 22:01:03.637  2062  2084 W System  : A resource failed to call release. 
09-01 22:01:03.638  2062  2084 I chatty  : uid=10233(com.android.systemui) FinalizerDaemon identical 3 lines
09-01 22:01:03.639  2062  2084 W System  : A resource failed to call release. 
09-01 22:01:03.669  1513  2905 D ConnectivityService: requestNetwork for uid/pid:10258/29004 NetworkRequest [ TRACK_DEFAULT id=2001, [ Capabilities: INTERNET&NOT_RESTRICTED&TRUSTED Uid: 10258 AdministratorUids: [] RequestorUid: 10258 RequestorPackageName: org.mozilla.firefox] ]
09-01 22:01:03.669 29004 29004 W GeckoViewActivityContextDelegate: A non-activity context was set.
09-01 22:01:03.670  1513  2000 D ConnectivityService: NetReassign [2001 : null → 100]
09-01 22:01:03.670  1513  1996 D WifiNetworkFactory: got request NetworkRequest [ TRACK_DEFAULT id=2001, [ Capabilities: INTERNET&NOT_RESTRICTED&TRUSTED Uid: 10258 AdministratorUids: [] RequestorUid: 10258 RequestorPackageName: org.mozilla.firefox] ] with score 60 and providerId 5
09-01 22:01:03.670  1513  2038 D Ethernet: got request NetworkRequest [ TRACK_DEFAULT id=2001, [ Capabilities: INTERNET&NOT_RESTRICTED&TRUSTED Uid: 10258 AdministratorUids: [] RequestorUid: 10258 RequestorPackageName: org.mozilla.firefox] ] with score 60 and providerId 5
09-01 22:01:03.670  1513  2037 D WIFI_AWARE_FACTORY: got request NetworkRequest [ TRACK_DEFAULT id=2001, [ Capabilities: INTERNET&NOT_RESTRICTED&TRUSTED Uid: 10258 AdministratorUids: [] RequestorUid: 10258 RequestorPackageName: org.mozilla.firefox] ] with score 60 and providerId 5
09-01 22:01:03.670  1513  1996 D UntrustedWifiNetworkFactory: got request NetworkRequest [ TRACK_DEFAULT id=2001, [ Capabilities: INTERNET&NOT_RESTRICTED&TRUSTED Uid: 10258 AdministratorUids: [] RequestorUid: 10258 RequestorPackageName: org.mozilla.firefox] ] with score 60 and providerId 5
09-01 22:01:03.671  2474  2474 D PhoneSwitcherNetworkRequstListener: got request NetworkRequest [ TRACK_DEFAULT id=2001, [ Capabilities: INTERNET&NOT_RESTRICTED&TRUSTED Uid: 10258 AdministratorUids: [] RequestorUid: 10258 RequestorPackageName: org.mozilla.firefox] ] with score 60 and providerId 5
09-01 22:01:03.681 29004 29004 I BgSyncManager: Periodic syncing enabled: PeriodicSyncConfig(periodMinutes=240, initialDelayMinutes=5)
09-01 22:01:03.681 29004 29004 I FirefoxAccountStateMachine: Sync is enabled
09-01 22:01:03.685 29111 29111 D NetworkSecurityConfig: No Network Security Config specified, using platform default
09-01 22:01:03.685 29111 29111 D NetworkSecurityConfig: No Network Security Config specified, using platform default
09-01 22:01:03.704 29004 29036 I libglean_ffi: glean_core::ping: Collecting baseline
09-01 22:01:03.705 29111 29111 I ServiceChildProcess: onCreate
09-01 22:01:03.706 29111 29140 I GeckoThread: preparing to run Gecko
09-01 22:01:03.711 29004 29036 I libglean_ffi: glean_core::upload::directory: Processing ping at: /data/user/0/org.mozilla.firefox/glean_data/pending_pings/825cacb8-0cf6-43d9-9199-bf6ff25cf4bb
09-01 22:01:03.714 29004 29036 I libglean_ffi: glean_core::metrics::ping: The ping 'baseline' was submitted and will be sent as soon as possible
09-01 22:01:03.717 29004 29048 I StartupTypeTelemetry: Recorded start up: cold_view
09-01 22:01:03.718 29004 29142 I FirefoxAccountStateMachine: Processing event 'mozilla.components.service.fxa.manager.Event$Account$Start@286e84e' for state Idle(accountState=NotAuthenticated). Next state is Active(progressState=Initializing)
09-01 22:01:03.725   594   655 I SDM     : HWDeviceDRM::UpdateMixerAttributes: Mixer WxH 1080x2340-1 for Peripheral
09-01 22:01:03.725   594   655 I SDM     : DisplayBase::SetActiveConfig: Active configuration changed to: 0
09-01 22:01:03.725   594   655 I SDM     : StrategyImpl::SetIdleTimeoutMs: Idle timeout set to zero for command mode panels
09-01 22:01:03.731 29004 29072 I AdrenoGLES-0: QUALCOMM build                   : 35605c3, Ia11ce2d146
09-01 22:01:03.731 29004 29072 I AdrenoGLES-0: Build Date                       : 09/02/20
09-01 22:01:03.731 29004 29072 I AdrenoGLES-0: OpenGL ES Shader Compiler Version: EV031.31.04.00
09-01 22:01:03.731 29004 29072 I AdrenoGLES-0: Local Branch                     : gfx-adreno.lnx.2.0
09-01 22:01:03.731 29004 29072 I AdrenoGLES-0: Remote Branch                    : 
09-01 22:01:03.731 29004 29072 I AdrenoGLES-0: Remote Branch                    : 
09-01 22:01:03.731 29004 29072 I AdrenoGLES-0: Reconstruct Branch               : 
09-01 22:01:03.731 29004 29072 I AdrenoGLES-0: Build Config                     : S P 10.0.4 AArch64
09-01 22:01:03.731 29004 29072 I AdrenoGLES-0: Driver Path                      : /vendor/lib64/egl/libGLESv2_adreno.so
09-01 22:01:03.733   901  2806 I sensors-hal: [ssc_utils]get_qmi_debug_flag:244, support_qmi_debug : false
09-01 22:01:03.735  1513  1572 I DisplayManagerService: Display device changed: DisplayDeviceInfo{"Built-in Screen": uniqueId="local:19260504575090817", 1080 x 2340, modeId 2, defaultModeId 2, supportedModes [{id=1, width=1080, height=2340, fps=90.0}, {id=2, width=1080, height=2340, fps=60.000004}], colorMode 0, supportedColorModes [0, 7, 9], HdrCapabilities HdrCapabilities{mSupportedHdrTypes=[2, 3, 4], mMaxLuminance=500.0, mMaxAverageLuminance=500.0, mMinLuminance=0.0}, allmSupported false, gameContentTypeSupported false, density 440, 435.428 x 433.839 dpi, appVsyncOff 2333332, presDeadline 11500000, cutout DisplayCutout{insets=Rect(0, 136 - 0, 0) waterfall=Insets{left=0, top=0, right=0, bottom=0} boundingRect={Bounds=[Rect(0, 0 - 0, 0), Rect(0, 0 - 136, 136), Rect(0, 0 - 0, 0), Rect(0, 0 - 0, 0)]}}, touch INTERNAL, rotation 0, type INTERNAL, address {port=129, model=0x446d53ad64a0}, deviceProductInfo DeviceProductInfo{name=, manufacturerPnpId=QCM, productId=1, modelYear=null, manufactureDate=ManufactureDate{week=27, year=2006}, relativeAddress=null}, state ON, FLAG_DEFAULT_DISPLAY, FLAG_ROTATES_WITH_CONTENT, FLAG_SECURE, FLAG_SUPPORTS_PROTECTED_BUFFERS}
09-01 22:01:03.739   594   655 I SDM     : StrategyImpl::SetIdleTimeoutMs: Idle timeout set to zero for command mode panels
09-01 22:01:03.747 29004 29023 I mozilla.firefo: Waiting for a blocking GC ProfileSaver
09-01 22:01:03.756 29004 29072 I AdrenoGLES-0: PFP: 0x016dd090, ME: 0x00000000
09-01 22:01:03.759 29004 29023 I mozilla.firefo: WaitForGcToComplete blocked ProfileSaver on RunEmptyCheckpoint for 11.732ms
09-01 22:01:03.765   901  1000 W ASH     : @ 43650.218: Unhandled msg ID 999: line 1277
09-01 22:01:03.765   901  1000 E ASH     : @ 43650.218: No pb callback assigned
09-01 22:01:03.765   901  1000 E ASH     : @ 43650.218: Nanopb error: callback failed:1588
09-01 22:01:03.771 29004 29072 W AdrenoUtils: <ReadGpuID_from_sysfs:197>: Failed to open /sys/class/kgsl/kgsl-3d0/gpu_model
09-01 22:01:03.771 29004 29072 W AdrenoUtils: <ReadGpuID:221>: Failed to read chip ID from gpu_model. Fallback to use the GSL path
09-01 22:01:03.788  1513  1572 D EventSequenceValidator: Transition from ACTIVITY_LAUNCHED to ACTIVITY_FINISHED
09-01 22:01:03.791  1513  1622 D ArtManagerInternalImpl: /data/misc/iorapd/org.mozilla.firefox/2015969571/org.mozilla.fenix.HomeActivity/compiled_traces/compiled_trace.pb doesn't exist
09-01 22:01:03.792  1513  1622 I ActivityTaskManager: Displayed org.mozilla.firefox/org.mozilla.fenix.HomeActivity: +534ms
09-01 22:01:03.797  1513  1572 I DisplayManagerService: Display device changed: DisplayDeviceInfo{"Built-in Screen": uniqueId="local:19260504575090817", 1080 x 2340, modeId 1, defaultModeId 2, supportedModes [{id=1, width=1080, height=2340, fps=90.0}, {id=2, width=1080, height=2340, fps=60.000004}], colorMode 0, supportedColorModes [0, 7, 9], HdrCapabilities HdrCapabilities{mSupportedHdrTypes=[2, 3, 4], mMaxLuminance=500.0, mMaxAverageLuminance=500.0, mMinLuminance=0.0}, allmSupported false, gameContentTypeSupported false, density 440, 435.428 x 433.839 dpi, appVsyncOff 2333333, presDeadline 11500000, cutout DisplayCutout{insets=Rect(0, 136 - 0, 0) waterfall=Insets{left=0, top=0, right=0, bottom=0} boundingRect={Bounds=[Rect(0, 0 - 0, 0), Rect(0, 0 - 136, 136), Rect(0, 0 - 0, 0), Rect(0, 0 - 0, 0)]}}, touch INTERNAL, rotation 0, type INTERNAL, address {port=129, model=0x446d53ad64a0}, deviceProductInfo DeviceProductInfo{name=, manufacturerPnpId=QCM, productId=1, modelYear=null, manufactureDate=ManufactureDate{week=27, year=2006}, relativeAddress=null}, state ON, FLAG_DEFAULT_DISPLAY, FLAG_ROTATES_WITH_CONTENT, FLAG_SECURE, FLAG_SUPPORTS_PROTECTED_BUFFERS}
09-01 22:01:03.798   594   655 I SDM     : HWDeviceDRM::UpdateMixerAttributes: Mixer WxH 1080x2340-1 for Peripheral
09-01 22:01:03.798   594   655 I SDM     : DisplayBase::SetActiveConfig: Active configuration changed to: 1
09-01 22:01:03.798   594   655 I SDM     : StrategyImpl::SetIdleTimeoutMs: Idle timeout set to zero for command mode panels
09-01 22:01:03.808 29004 29051 E GeckoSession: String does not represent valid session state.
09-01 22:01:03.808   901  2806 I sensors-hal: [ssc_utils]get_qmi_debug_flag:244, support_qmi_debug : false
09-01 22:01:03.809 29004 29051 E GeckoSession: String does not represent valid session state.
09-01 22:01:03.822 29004 29051 I chatty  : uid=10258(org.mozilla.firefox) identical 15 lines
09-01 22:01:03.822 29004 29051 E GeckoSession: String does not represent valid session state.
09-01 22:01:03.827  2858  2858 I GoogleInputMethodService: GoogleInputMethodService.onFinishInput():3280 
09-01 22:01:03.828 29004 29051 E GeckoSession: String does not represent valid session state.
09-01 22:01:03.830  2858  2858 I GoogleInputMethodService: GoogleInputMethodService.updateDeviceLockedStatus():2169 repeatCheckTimes = 0, unlocked = true
09-01 22:01:03.830  2858  2858 I GoogleInputMethodService: GoogleInputMethodService.onStartInput():1960 onStartInput(EditorInfo{inputType=0x0(NULL) imeOptions=0x0 privateImeOptions=null actionName=UNSPECIFIED actionLabel=null actionId=0 initialSelStart=-1 initialSelEnd=-1 initialCapsMode=0x0 hintText=null label=null packageName=org.mozilla.firefox fieldId=-1 fieldName=null extras=null}, false)
09-01 22:01:03.830  2858  2858 I GoogleInputMethodService: GoogleInputMethodService.shouldHideHeaderOnInitialState():4081 ShouldHideHeaderOnInitialState = false
09-01 22:01:03.832  2858  2858 I GoogleInputMethodService: GoogleInputMethodService.updateDeviceLockedStatus():2169 repeatCheckTimes = 2, unlocked = true
09-01 22:01:03.844 29004 29142 I FirefoxAccount: Registering persistence callback
09-01 22:01:03.845   901  1000 W ASH     : @ 43650.298: Unhandled msg ID 999: line 1277
09-01 22:01:03.845   901  1000 E ASH     : @ 43650.298: No pb callback assigned
09-01 22:01:03.846   901  1000 E ASH     : @ 43650.298: Nanopb error: callback failed:1588
09-01 22:01:03.850 29004 29142 I FirefoxAccountStateMachine: Ran 'mozilla.components.service.fxa.manager.Event$Account$Start@286e84e' side-effects for state Active(progressState=Initializing), got successive event mozilla.components.service.fxa.manager.Event$Progress$AccountNotFound@4c27291
09-01 22:01:03.853 29004 29142 I FirefoxAccountStateMachine: Processing event 'mozilla.components.service.fxa.manager.Event$Progress$AccountNotFound@4c27291' for state Active(progressState=Initializing). Next state is Idle(accountState=NotAuthenticated)
09-01 22:01:03.861 29004 29052 W logins::schema: user_version: 2
09-01 22:01:03.932  1513  8504 D CompatibilityChangeReporter: Compat change id reported: 135634846; UID 10258; state: DISABLED
09-01 22:01:03.933  1513  8504 D CompatibilityChangeReporter: Compat change id reported: 135754954; UID 10258; state: ENABLED
09-01 22:01:03.933  1513  1625 D CompatibilityChangeReporter: Compat change id reported: 143937733; UID 10258; state: ENABLED
09-01 22:01:03.941 29004 29183 I libglean_ffi: glean_core::upload: New upload task with id 56a3fad6-cb13-4fdb-a81c-51da69121489 (path: /submit/org-mozilla-firefox/events/1/56a3fad6-cb13-4fdb-a81c-51da69121489)
09-01 22:01:03.952   778   778 D Zygote  : Forked child process 29184
09-01 22:01:03.956  1513  1625 I ActivityManager: Start proc 29184:org.mozilla.firefox:gpu/u0a258 for service {org.mozilla.firefox/org.mozilla.gecko.process.GeckoChildProcessServices$gpu}
09-01 22:01:03.986 29184 29184 E lla.firefox:gp: Not starting debugger since process cannot load the jdwp agent.
09-01 22:01:03.998  1513  2905 D CompatibilityChangeReporter: Compat change id reported: 136274596; UID 10258; state: ENABLED
09-01 22:01:04.009  1513  2905 W ActivityManager: Receiver with filter android.content.IntentFilter@3f55dd8 already registered for pid 29004, callerPackage is org.mozilla.firefox
09-01 22:01:04.023 29004 29004 I SessionPrioritizationMiddleware: Update the currentSelectedTab 41d2abca-1ccd-42e7-8eee-7d7924d4f5e1 priority to HIGH
09-01 22:01:04.033 28941 29208 D ProfileInstaller: Installing profile for com.example.batterymanager_utility
09-01 22:01:04.050 29184 29184 D NetworkSecurityConfig: No Network Security Config specified, using platform default
09-01 22:01:04.050 29184 29184 D NetworkSecurityConfig: No Network Security Config specified, using platform default
09-01 22:01:04.074 29184 29184 I ServiceChildProcess: onCreate
09-01 22:01:04.076 29184 29212 I GeckoThread: preparing to run Gecko
09-01 22:01:04.081 29184 29212 I GeckoLoader: Library base=/data/app/~~BtOtpENtY_8SJVQLgbYgRg==/org.mozilla.firefox-ZoJ8FBGk3KN0nHoYkPw1IA==/lib/arm64
09-01 22:01:04.081 29184 29212 I GeckoLoader: Library base=/data/app/~~BtOtpENtY_8SJVQLgbYgRg==/org.mozilla.firefox-ZoJ8FBGk3KN0nHoYkPw1IA==/lib/arm64
09-01 22:01:04.082 29184 29212 E GeckoLibLoad: Load sqlite start
09-01 22:01:04.083 29184 29212 E GeckoLibLoad: Load sqlite done
09-01 22:01:04.083 29184 29212 I GeckoLoader: Library base=/data/app/~~BtOtpENtY_8SJVQLgbYgRg==/org.mozilla.firefox-ZoJ8FBGk3KN0nHoYkPw1IA==/lib/arm64
09-01 22:01:04.083 29184 29212 E GeckoLibLoad: Load nss start
09-01 22:01:04.083 29184 29212 E GeckoLibLoad: Load nss done
09-01 22:01:04.083 29184 29212 I GeckoLoader: Library base=/data/app/~~BtOtpENtY_8SJVQLgbYgRg==/org.mozilla.firefox-ZoJ8FBGk3KN0nHoYkPw1IA==/lib/arm64
09-01 22:01:04.094 29184 29212 E GeckoLibLoad: Loaded libs in 10.774688ms total, 7ms(9ms) user, 1ms(1ms) system, 0(0) faults
09-01 22:01:04.094 29184 29212 W GeckoThread: zerdatime 43647319 - runGecko
09-01 22:01:04.103  2158  2158 I WallpaperService: engine paused
09-01 22:01:04.105   901   901 I sensors-hal: [hal]activate_physical_sensor:238, android.sensor.gyroscope/41 en=0
09-01 22:01:04.106   901   901 D Diag_Lib: diag: Diag_LSM_DeInit done for pid: 901
09-01 22:01:04.107   901   901 D Diag_Lib: diag: Diag_LSM_DeInit done for pid: 901
09-01 22:01:04.107   901   901 I sensors-hal: [hal]activate_physical_sensor:249, android.sensor.gyroscope/41 en=0 completed
09-01 22:01:04.126 29004 29055 W ActivityThread: ClassLoader.getResources: The class loader returned by Thread.getContextClassLoader() may fail for processes that host multiple applications. You should explicitly specify a context class loader. For example: Thread.setContextClassLoader(getClass().getClassLoader());
09-01 22:01:04.127  3088  3660 I AssistantForeground: (REDACTED) Get launcher package: %s
09-01 22:01:04.132   901  1000 D VSC     : @ 43650.584: [WO] tilt angle 89
09-01 22:01:04.152 29184 29227 I AdrenoGLES-0: QUALCOMM build                   : 35605c3, Ia11ce2d146
09-01 22:01:04.152 29184 29227 I AdrenoGLES-0: Build Date                       : 09/02/20
09-01 22:01:04.152 29184 29227 I AdrenoGLES-0: OpenGL ES Shader Compiler Version: EV031.31.04.00
09-01 22:01:04.152 29184 29227 I AdrenoGLES-0: Local Branch                     : gfx-adreno.lnx.2.0
09-01 22:01:04.152 29184 29227 I AdrenoGLES-0: Remote Branch                    : 
09-01 22:01:04.152 29184 29227 I AdrenoGLES-0: Remote Branch                    : 
09-01 22:01:04.152 29184 29227 I AdrenoGLES-0: Reconstruct Branch               : 
09-01 22:01:04.152 29184 29227 I AdrenoGLES-0: Build Config                     : S P 10.0.4 AArch64
09-01 22:01:04.152 29184 29227 I AdrenoGLES-0: Driver Path                      : /vendor/lib64/egl/libGLESv2_adreno.so
09-01 22:01:04.160 29184 29227 I AdrenoGLES-0: PFP: 0x016dd090, ME: 0x00000000
09-01 22:01:04.169 29184 29227 W AdrenoUtils: <ReadGpuID_from_sysfs:197>: Failed to open /sys/class/kgsl/kgsl-3d0/gpu_model
09-01 22:01:04.169 29184 29227 W AdrenoUtils: <ReadGpuID:221>: Failed to read chip ID from gpu_model. Fallback to use the GSL path
09-01 22:01:04.195 29111 29140 I GeckoLoader: Library base=/data/app/~~BtOtpENtY_8SJVQLgbYgRg==/org.mozilla.firefox-ZoJ8FBGk3KN0nHoYkPw1IA==/lib/arm64
09-01 22:01:04.195 29111 29140 I GeckoLoader: Library base=/data/app/~~BtOtpENtY_8SJVQLgbYgRg==/org.mozilla.firefox-ZoJ8FBGk3KN0nHoYkPw1IA==/lib/arm64
09-01 22:01:04.195 29111 29140 E GeckoLibLoad: Load sqlite start
09-01 22:01:04.196 29111 29140 E GeckoLibLoad: Load sqlite done
09-01 22:01:04.196 29111 29140 I GeckoLoader: Library base=/data/app/~~BtOtpENtY_8SJVQLgbYgRg==/org.mozilla.firefox-ZoJ8FBGk3KN0nHoYkPw1IA==/lib/arm64
09-01 22:01:04.196 29111 29140 E GeckoLibLoad: Load nss start
09-01 22:01:04.196 29111 29140 E GeckoLibLoad: Load nss done
09-01 22:01:04.196 29111 29140 I GeckoLoader: Library base=/data/app/~~BtOtpENtY_8SJVQLgbYgRg==/org.mozilla.firefox-ZoJ8FBGk3KN0nHoYkPw1IA==/lib/arm64
09-01 22:01:04.198  2816  3036 I FontLog : Received query Noto Color Emoji Compat, URI content://com.google.android.gms.fonts [CONTEXT service_id=132 ]
09-01 22:01:04.198  2816  3036 I FontLog : Query [emojicompat-emoji-font] resolved to {Noto Color Emoji Compat, wdth 100.0, wght 400, ital 0.0, bestEffort false} [CONTEXT service_id=132 ]
09-01 22:01:04.200 29004 29037 W VideoCapabilities: Unrecognized level 1879048707 for video/x-vnd.on2.vp8
09-01 22:01:04.200 29004 29037 W VideoCapabilities: Unrecognized profile 1879048704 for video/x-vnd.on2.vp8
09-01 22:01:04.200 29004 29037 W VideoCapabilities: Unrecognized level 1879048707 for video/x-vnd.on2.vp8
09-01 22:01:04.200 29004 29037 W VideoCapabilities: Unrecognized profile 1879048704 for video/x-vnd.on2.vp8
09-01 22:01:04.200  2816  3036 I FontLog : Fetch {Noto Color Emoji Compat, wdth 100.0, wght 400, ital 0.0, bestEffort false} end status Status{statusCode=SUCCESS, resolution=null} [CONTEXT service_id=132 ]
09-01 22:01:04.201 29004 29037 W VideoCapabilities: Unsupported mime image/vnd.android.heic
09-01 22:01:04.202 29004 29037 W VideoCapabilities: Unrecognized level 1879048707 for video/x-vnd.on2.vp8
09-01 22:01:04.202 29004 29037 W VideoCapabilities: Unrecognized profile 1879048704 for video/x-vnd.on2.vp8
09-01 22:01:04.202 29004 29037 W VideoCapabilities: Unrecognized level 1879048707 for video/x-vnd.on2.vp8
09-01 22:01:04.202 29004 29037 W VideoCapabilities: Unrecognized profile 1879048704 for video/x-vnd.on2.vp8
09-01 22:01:04.205  2816  3036 I FontLog : Pulling font file for id = 1513, cache size = 5 [CONTEXT service_id=132 ]
09-01 22:01:04.206 29111 29140 E GeckoLibLoad: Loaded libs in 9.592657ms total, 0ms(0ms) user, 6ms(8ms) system, 0(0) faults
09-01 22:01:04.206 29111 29140 W GeckoThread: zerdatime 43647432 - runGecko
09-01 22:01:04.212  2816  3036 I FontLog : Pulling font file for id = 1513, cache size = 5 [CONTEXT service_id=132 ]
09-01 22:01:04.218 29004 29037 I GeckoSession: zerdatime 43647444 - chrome startup finished
09-01 22:01:04.222 29004 29004 I GeckoSession: handleMessage GeckoView:PageStart uri=
09-01 22:01:04.224 29004 29004 I GeckoSession: handleMessage GeckoView:PageStop uri=null
09-01 22:01:04.259  1513  8184 I AdrenoGLES-0: QUALCOMM build                   : 35605c3, Ia11ce2d146
09-01 22:01:04.259  1513  8184 I AdrenoGLES-0: Build Date                       : 09/02/20
09-01 22:01:04.259  1513  8184 I AdrenoGLES-0: OpenGL ES Shader Compiler Version: EV031.31.04.00
09-01 22:01:04.259  1513  8184 I AdrenoGLES-0: Local Branch                     : gfx-adreno.lnx.2.0
09-01 22:01:04.259  1513  8184 I AdrenoGLES-0: Remote Branch                    : 
09-01 22:01:04.259  1513  8184 I AdrenoGLES-0: Remote Branch                    : 
09-01 22:01:04.259  1513  8184 I AdrenoGLES-0: Reconstruct Branch               : 
09-01 22:01:04.259  1513  8184 I AdrenoGLES-0: Build Config                     : S P 10.0.4 AArch64
09-01 22:01:04.259  1513  8184 I AdrenoGLES-0: Driver Path                      : /vendor/lib64/egl/libGLESv2_adreno.so
09-01 22:01:04.268  1513  8184 I AdrenoGLES-0: PFP: 0x016dd090, ME: 0x00000000
09-01 22:01:04.275 29004 29004 I GeckoSession: handleMessage GeckoView:PageStart uri=
09-01 22:01:04.314 29004 29037 D GeckoIdleService: Registering Idle observer callback
09-01 22:01:04.314 29004 29037 D GeckoIdleService: Register idle observer 0x795058a3a0 for 180 seconds
09-01 22:01:04.314 29004 29037 D GeckoIdleService: Register: adjusting next switch from -1 to 180 seconds
09-01 22:01:04.314 29004 29037 D GeckoIdleService: next timeout 180000 msec from now
09-01 22:01:04.314 29004 29037 D GeckoIdleService: SetTimerExpiryIfBefore: next timeout 180000 msec from now
09-01 22:01:04.314 29004 29037 D GeckoIdleService: reset timer expiry to 180010 msec from now
09-01 22:01:04.315 29004 29037 D GeckoIdleService: Register idle observer 0x7950322288 for 5 seconds
09-01 22:01:04.315 29004 29037 D GeckoIdleService: Register: adjusting next switch from 180 to 5 seconds
09-01 22:01:04.315 29004 29037 D GeckoIdleService: next timeout 4998 msec from now
09-01 22:01:04.315 29004 29037 D GeckoIdleService: SetTimerExpiryIfBefore: next timeout 4998 msec from now
09-01 22:01:04.315 29004 29037 D GeckoIdleService: reset timer expiry to 5008 msec from now
09-01 22:01:04.575 29004 29004 I DefaultSupportedAddonsChecker: Unregister check for new supported add-ons
09-01 22:01:04.576 29004 29004 I WebExtension: releasePendingMessages: extension=fxa@mozac.org nativeApp=mozacWebchannel session=org.mozilla.geckoview.GeckoSession@df1e764
09-01 22:01:04.576 29004 29004 I WebExtension: releasePendingMessages: extension=fxa@mozac.org nativeApp=mozacWebchannelBackground session=null
09-01 22:01:04.588 29004 29004 I WebExtension: releasePendingMessages: extension=icons@mozac.org nativeApp=MozacBrowserIcons session=org.mozilla.geckoview.GeckoSession@df1e764
09-01 22:01:04.590 29004 29004 I WebExtension: releasePendingMessages: extension=ads@mozac.org nativeApp=MozacBrowserAdsMessage session=org.mozilla.geckoview.GeckoSession@df1e764
09-01 22:01:04.591 29004 29004 I WebExtension: releasePendingMessages: extension=cookies@mozac.org nativeApp=MozacBrowserSearchMessage session=org.mozilla.geckoview.GeckoSession@df1e764
09-01 22:01:04.592 29004 29004 I WebExtension: releasePendingMessages: extension=readerview@mozac.org nativeApp=mozacReaderview session=org.mozilla.geckoview.GeckoSession@df1e764
09-01 22:01:04.593 29004 29004 I WebExtension: releasePendingMessages: extension=readerview@mozac.org nativeApp=mozacReaderviewActive session=org.mozilla.geckoview.GeckoSession@df1e764
09-01 22:01:04.593 29004 29004 I WebExtension: releasePendingMessages: extension=readerview@mozac.org nativeApp=mozacReaderview session=org.mozilla.geckoview.GeckoSession@df1e764
09-01 22:01:05.389 29004 29017 I mozilla.firefo: Background young concurrent copying GC freed 469035(21MB) AllocSpace objects, 94(3384KB) LOS objects, 94% free, 5944KB/101MB, paused 291us total 100.951ms
09-01 22:01:05.548   777 28404 W SocketClient: write error (Broken pipe)
09-01 22:01:05.548   777 28404 W resolv  : GetAddrInfoHandler::run: Error writing DNS result to client uid 10258 pid 28173: Broken pipe
09-01 22:01:05.818   901  2806 I sensors-hal: [ssc_utils]get_qmi_debug_flag:244, support_qmi_debug : false
09-01 22:01:05.846   901  1000 W ASH     : @ 43652.298: Unhandled msg ID 999: line 1277
09-01 22:01:05.846   901  1000 E ASH     : @ 43652.298: No pb callback assigned
09-01 22:01:05.846   901  1000 E ASH     : @ 43652.298: Nanopb error: callback failed:1588
09-01 22:01:06.168   901  1000 D VSC     : @ 43652.619: [WO] tilt angle 89
09-01 22:01:06.452  1513  2000 D ConnectivityService: NetReassign [no changes]
09-01 22:01:07.845 27439 27439 E GEL_DELAYED_EVENT_DEBUG: Volley request failed for type aklt
09-01 22:01:07.845 27439 27439 E GEL_DELAYED_EVENT_DEBUG: dbh
09-01 22:01:07.845 27439 27439 E GEL_DELAYED_EVENT_DEBUG: 	at rfy.run(PG:38)
09-01 22:01:07.845 27439 27439 E GEL_DELAYED_EVENT_DEBUG: 	at ocy.run(PG:5)
09-01 22:01:07.845 27439 27439 E GEL_DELAYED_EVENT_DEBUG: 	at odc.run(PG:23)
09-01 22:01:07.845 27439 27439 E GEL_DELAYED_EVENT_DEBUG: 	at nlt.run(PG:6)
09-01 22:01:07.845 27439 27439 E GEL_DELAYED_EVENT_DEBUG: 	at nlt.run(PG:33)
09-01 22:01:07.845 27439 27439 E GEL_DELAYED_EVENT_DEBUG: 	at com.google.android.apps.youtube.embeddedplayer.service.jar.client.s.run(PG:15)
09-01 22:01:07.845 27439 27439 E GEL_DELAYED_EVENT_DEBUG: 	at java.lang.Thread.run(Thread.java:923)
09-01 22:01:07.845 27439 27439 E GEL_DELAYED_EVENT_DEBUG: Caused by: audp: Exception in CronetUrlRequest: net::ERR_CONNECTION_TIMED_OUT, ErrorCode=6, InternalErrorCode=-118, Retryable=true
09-01 22:01:07.845 27439 27439 E GEL_DELAYED_EVENT_DEBUG: 	at org.chromium.net.impl.CronetUrlRequest.onError(PG:5)
09-01 22:01:08.167   901  1000 D VSC     : @ 43654.618: [WO] tilt angle 89
09-01 22:01:08.206   901  2806 I sensors-hal: [ssc_utils]get_qmi_debug_flag:244, support_qmi_debug : false
09-01 22:01:08.246   901  1000 W ASH     : @ 43654.698: Unhandled msg ID 999: line 1277
09-01 22:01:08.246   901  1000 E ASH     : @ 43654.698: No pb callback assigned
09-01 22:01:08.246   901  1000 E ASH     : @ 43654.698: Nanopb error: callback failed:1588
09-01 22:01:08.305   901  2806 I sensors-hal: [ssc_utils]get_qmi_debug_flag:244, support_qmi_debug : false
09-01 22:01:08.326   901  1000 W ASH     : @ 43654.778: Unhandled msg ID 999: line 1277
09-01 22:01:08.326   901  1000 E ASH     : @ 43654.778: No pb callback assigned
09-01 22:01:08.326   901  1000 E ASH     : @ 43654.778: Nanopb error: callback failed:1588
09-01 22:01:08.548 29311 29311 W app_process: type=1400 audit(0.0:5295): avc: denied { read } for name="u:object_r:device_config_runtime_native_boot_prop:s0" dev="tmpfs" ino=10163 scontext=u:r:shell:s0 tcontext=u:object_r:device_config_runtime_native_boot_prop:s0 tclass=file permissive=0
09-01 22:01:08.548 29311 29311 I chatty  : uid=2000(shell) app_process identical 2 lines
09-01 22:01:08.548 29311 29311 W app_process: type=1400 audit(0.0:5298): avc: denied { read } for name="u:object_r:device_config_runtime_native_boot_prop:s0" dev="tmpfs" ino=10163 scontext=u:r:shell:s0 tcontext=u:object_r:device_config_runtime_native_boot_prop:s0 tclass=file permissive=0
09-01 22:01:08.550 29311 29311 D AndroidRuntime: >>>>>> START com.android.internal.os.RuntimeInit uid 2000 <<<<<<
09-01 22:01:08.552 29311 29311 E libc    : Access denied finding property "persist.device_config.runtime_native_boot.profilebootclasspath"
09-01 22:01:08.552 29311 29311 E libc    : Access denied finding property "persist.device_config.runtime_native_boot.enable_apex_image"
09-01 22:01:08.552 29311 29311 I AndroidRuntime: Using default boot image
09-01 22:01:08.552 29311 29311 E libc    : Access denied finding property "persist.device_config.runtime_native_boot.disable_lock_profiling"
09-01 22:01:08.552 29311 29311 I AndroidRuntime: Leaving lock profiling enabled
09-01 22:01:08.552 29311 29311 E libc    : Access denied finding property "persist.device_config.runtime_native_boot.enable_generational_cc"
09-01 22:01:08.612 29311 29311 D app_process: Time zone APEX ICU file found: /apex/com.android.tzdata/etc/icu/icu_tzdata.dat
09-01 22:01:08.612 29311 29311 D app_process: I18n APEX ICU file found: /apex/com.android.i18n/etc/icu/icudt66l.dat
09-01 22:01:08.618 29311 29311 I app_process: The ClassLoaderContext is a special shared library.
09-01 22:01:08.629 29311 29311 W app_process: JNI RegisterNativeMethods: attempt to register 0 native methods for android.media.AudioAttributes
09-01 22:01:08.633 29311 29311 D AndroidRuntime: Calling main entry com.android.commands.input.Input
09-01 22:01:08.644 29311 29311 D AndroidRuntime: Shutting down VM
09-01 22:01:08.651  2858  2858 I GoogleInputMethodService: GoogleInputMethodService.onFinishInput():3280 
09-01 22:01:08.652   901  2806 I sensors-hal: [ssc_utils]get_qmi_debug_flag:244, support_qmi_debug : false
09-01 22:01:08.652  2858  2858 I GoogleInputMethodService: GoogleInputMethodService.updateDeviceLockedStatus():2169 repeatCheckTimes = 0, unlocked = true
09-01 22:01:08.652  2858  2858 I GoogleInputMethodService: GoogleInputMethodService.onStartInput():1960 onStartInput(EditorInfo{inputType=0x0(NULL) imeOptions=0x1 privateImeOptions=null actionName=NONE actionLabel=null actionId=0 initialSelStart=-1 initialSelEnd=-1 initialCapsMode=0x0 hintText=null label=null packageName=org.mozilla.firefox fieldId=-1 fieldName=null extras=null}, false)
09-01 22:01:08.652  2858  2858 I GoogleInputMethodService: GoogleInputMethodService.shouldHideHeaderOnInitialState():4081 ShouldHideHeaderOnInitialState = false
09-01 22:01:08.653  2858  2858 I GoogleInputMethodService: GoogleInputMethodService.updateDeviceLockedStatus():2169 repeatCheckTimes = 2, unlocked = true
09-01 22:01:08.685   901  1000 W ASH     : @ 43655.138: Unhandled msg ID 999: line 1277
09-01 22:01:08.685   901  1000 E ASH     : @ 43655.138: No pb callback assigned
09-01 22:01:08.685   901  1000 E ASH     : @ 43655.138: Nanopb error: callback failed:1588
09-01 22:01:08.692 29111 29125 I a.firefox:tab3: WaitForGcToComplete blocked RunEmptyCheckpoint on ProfileSaver for 14.599ms
09-01 22:01:08.739 29004 29004 I glean/Glean: Registering pings for org.mozilla.fenix.GleanMetrics.Pings
09-01 22:01:08.741 29004 29075 I FenixApplication: Running post-visual completeness tasks...
09-01 22:01:08.741 29004 29075 I FenixApplication: Storage initialization...
09-01 22:01:08.741 29004 29075 I PlacesHistoryStorage: Warming up places storage...
09-01 22:01:08.744 29004 29075 I PlacesHistoryStorage: 'Warming up places storage' took 2 ms
09-01 22:01:08.744 29004 29075 I PlacesBookmarksStorage: Warming up places storage...
09-01 22:01:08.744 29004 29075 I PlacesBookmarksStorage: 'Warming up places storage' took 0 ms
09-01 22:01:08.744 29004 29075 I SyncableLoginsStorage: Warming up storage...
09-01 22:01:08.744 29004 29075 I SyncableLoginsStorage: 'Warming up storage' took 0 ms
09-01 22:01:08.744 29004 29004 I ColdStartupDuration: COLD VIEW Application.<init> to first frame: 409 ms
09-01 22:01:08.744 29004 29075 I AutofillCCAddressesStorage: Warming up storage...
09-01 22:01:08.744 29004 29075 I AutofillCCAddressesStorage: 'Warming up storage' took 0 ms
09-01 22:01:08.744 29004 29004 I FenixApplication: Kicking-off account manager...
09-01 22:01:08.744 29004 29004 I FenixApplication: 'Kicking-off account manager' took 0 ms
09-01 22:01:08.757   901  2806 I sensors-hal: [ssc_utils]get_qmi_debug_flag:244, support_qmi_debug : false
09-01 22:01:08.765   901  1000 W ASH     : @ 43655.218: Unhandled msg ID 999: line 1277
09-01 22:01:08.765   901  1000 E ASH     : @ 43655.218: No pb callback assigned
09-01 22:01:08.765   901  1000 E ASH     : @ 43655.218: Nanopb error: callback failed:1588
09-01 22:01:08.841   901  2806 I sensors-hal: [ssc_utils]get_qmi_debug_flag:244, support_qmi_debug : false
09-01 22:01:08.847   594   655 I SDM     : HWDeviceDRM::UpdateMixerAttributes: Mixer WxH 1080x2340-1 for Peripheral
09-01 22:01:08.847   594   655 I SDM     : DisplayBase::SetActiveConfig: Active configuration changed to: 0
09-01 22:01:08.848   594   655 I SDM     : StrategyImpl::SetIdleTimeoutMs: Idle timeout set to zero for command mode panels
09-01 22:01:08.854   901  2806 I sensors-hal: [ssc_utils]get_qmi_debug_flag:244, support_qmi_debug : false
09-01 22:01:08.870  1513  1572 I DisplayManagerService: Display device changed: DisplayDeviceInfo{"Built-in Screen": uniqueId="local:19260504575090817", 1080 x 2340, modeId 2, defaultModeId 2, supportedModes [{id=1, width=1080, height=2340, fps=90.0}, {id=2, width=1080, height=2340, fps=60.000004}], colorMode 0, supportedColorModes [0, 7, 9], HdrCapabilities HdrCapabilities{mSupportedHdrTypes=[2, 3, 4], mMaxLuminance=500.0, mMaxAverageLuminance=500.0, mMinLuminance=0.0}, allmSupported false, gameContentTypeSupported false, density 440, 435.428 x 433.839 dpi, appVsyncOff 2333332, presDeadline 11500000, cutout DisplayCutout{insets=Rect(0, 136 - 0, 0) waterfall=Insets{left=0, top=0, right=0, bottom=0} boundingRect={Bounds=[Rect(0, 0 - 0, 0), Rect(0, 0 - 136, 136), Rect(0, 0 - 0, 0), Rect(0, 0 - 0, 0)]}}, touch INTERNAL, rotation 0, type INTERNAL, address {port=129, model=0x446d53ad64a0}, deviceProductInfo DeviceProductInfo{name=, manufacturerPnpId=QCM, productId=1, modelYear=null, manufactureDate=ManufactureDate{week=27, year=2006}, relativeAddress=null}, state ON, FLAG_DEFAULT_DISPLAY, FLAG_ROTATES_WITH_CONTENT, FLAG_SECURE, FLAG_SUPPORTS_PROTECTED_BUFFERS}
09-01 22:01:08.881   594   655 I SDM     : StrategyImpl::SetIdleTimeoutMs: Idle timeout set to zero for command mode panels
09-01 22:01:08.885   901  1000 W ASH     : @ 43655.338: Unhandled msg ID 999: line 1277
09-01 22:01:08.885   901  1000 E ASH     : @ 43655.338: No pb callback assigned
09-01 22:01:08.885   901  1000 E ASH     : @ 43655.338: Nanopb error: callback failed:1588
09-01 22:01:09.269 29350 29352 I cmd     : oneway function results will be dropped but finished with status OK and parcel size 4
09-01 22:01:09.276 28941 28941 I BatteryMgr:DataCollectionService: onStartCommand: begin
09-01 22:01:09.276 28941 28941 I BatteryMgr:DataCollectionService: onStartCommand: sampleRate => 100
09-01 22:01:09.277 28941 28941 I BatteryMgr:DataCollectionService: onStartCommand: rawFields => Timestamp,BATTERY_PROPERTY_CURRENT_NOW,EXTRA_VOLTAGE
09-01 22:01:09.277 28941 28941 I BatteryMgr:DataCollectionService: onStartCommand: notification done
09-01 22:01:09.280  1513  2905 D CompatibilityChangeReporter: Compat change id reported: 136219221; UID 10260; state: ENABLED
09-01 22:01:09.280 28941 28941 I BatteryMgr:DataCollectionService: started foreground
09-01 22:01:09.304 28941 29354 I BatteryMgr:DataCollectionService: collectData: begin
09-01 22:01:09.309 28941 29354 I BatteryMgr:DataCollectionService: stats => 1693598469309,5798,4405
09-01 22:01:09.324 29004 29037 D GeckoIdleService: Get idle time: time since reset 680 msec
09-01 22:01:09.324 29004 29037 D GeckoIdleService: Idle timer callback: current idle time 680 msec
09-01 22:01:09.324 29004 29037 D GeckoIdleService: next timeout 4319 msec from now
09-01 22:01:09.324 29004 29037 D GeckoIdleService: SetTimerExpiryIfBefore: next timeout 4319 msec from now
09-01 22:01:09.324 29004 29037 D GeckoIdleService: reset timer expiry to 4329 msec from now
09-01 22:01:09.418 28941 29354 I BatteryMgr:DataCollectionService: stats => 1693598469418,5798,4405
09-01 22:01:09.459  1513  2000 D ConnectivityService: NetReassign [no changes]
09-01 22:01:09.488  1513  1513 D NotificationService: 0|com.example.batterymanager_utility|1|null|10260: granting content://settings/system/notification_sound
09-01 22:01:09.491  1513  1513 I chatty  : uid=1000(system) Binder:1513_3 identical 3 lines
