--------- beginning of system
09-01 20:18:13.345  1513  2000 D ConnectivityService: NetReassign [no changes]
09-01 20:18:14.500  1513  3246 I ActivityManager: Force stopping com.opera.browser appid=10261 user=0: from pid 10074
--------- beginning of main
09-01 20:18:14.506  2474  2474 E PhoneInterfaceManager: [PhoneIntfMgr] getCarrierPackageNamesForIntentAndPhone: No UICC
09-01 20:18:14.506  2474  2474 D CarrierSvcBindHelper: No carrier app for: 0
09-01 20:18:14.514  3135  3135 D RegisteredNfcFServicesCache: Service unchanged, not updating
09-01 20:18:14.520  8777  8777 I EuiccGoogle: [2] EuiccServiceImpl.onCreate: onCreate Single-SIM mode: simCardState is 1
09-01 20:18:14.526  8777 10080 I EuiccGoogle: [6270] EuiccServiceImpl.onGetEuiccProfileInfoList: onGetEuiccProfileInfoList: slotId = -1
09-01 20:18:14.529  8777 10080 W EuiccGoogle: [6270] EuiccServiceImpl.onGetEuiccProfileInfoList: slotId=-1. No eUICC is active. Return null.
09-01 20:18:14.756  1513  3246 I ActivityTaskManager: START u0 {act=android.intent.action.VIEW flg=0x10008000 cmp=com.opera.browser/com.opera.Opera} from uid 2000
09-01 20:18:14.756  1513  1572 D EventSequenceValidator: Transition from ACTIVITY_FINISHED to INTENT_STARTED
09-01 20:18:14.764   901  2806 I sensors-hal: [ssc_utils]get_qmi_debug_flag:244, support_qmi_debug : false
09-01 20:18:14.770 10074 10076 I cmd     : oneway function results will be dropped but finished with status OK and parcel size 4
09-01 20:18:14.771  1513  1572 D CompatibilityChangeReporter: Compat change id reported: 135634846; UID 10261; state: DISABLED
09-01 20:18:14.771  1513  1625 D CompatibilityChangeReporter: Compat change id reported: 143937733; UID 10261; state: ENABLED
09-01 20:18:14.771  1513  1572 D EventSequenceValidator: Transition from INTENT_STARTED to ACTIVITY_LAUNCHED
09-01 20:18:14.776   779   779 D Zygote  : Forked child process 10084
09-01 20:18:14.778  1513  1625 I ActivityManager: Start proc 10084:com.opera.browser/u0a261 for pre-top-activity {com.opera.browser/com.opera.Opera}
09-01 20:18:14.782 10084 10084 E m.opera.browse: Not starting debugger since process cannot load the jdwp agent.
09-01 20:18:14.791  3088  3653 I AssistantForeground: (REDACTED) Get launcher package: %s
09-01 20:18:14.807   901  1000 W ASH     : @ 37481.260: Unhandled msg ID 999: line 1277
09-01 20:18:14.807   901  1000 E ASH     : @ 37481.260: No pb callback assigned
09-01 20:18:14.807   901  1000 E ASH     : @ 37481.260: Nanopb error: callback failed:1588
09-01 20:18:14.810 10084 10084 W m.opera.browse: JIT profile information will not be recorded: profile file does not exist.
09-01 20:18:14.810 10084 10084 W m.opera.browse: JIT profile information will not be recorded: profile file does not exist.
09-01 20:18:14.814 10084 10084 D NetworkSecurityConfig: Using Network Security Config from resource network_security_config_official_build debugBuild: false
09-01 20:18:14.815 10084 10084 D NetworkSecurityConfig: Using Network Security Config from resource network_security_config_official_build debugBuild: false
09-01 20:18:14.825  2158  2158 I WallpaperService: engine resumed
09-01 20:18:14.828   901   901 W sensors@2.0-ser: type=1400 audit(0.0:4594): avc: denied { read write } for name="diag" dev="tmpfs" ino=12474 scontext=u:r:hal_sensors_default:s0 tcontext=u:object_r:diag_device:s0 tclass=chr_file permissive=0
09-01 20:18:14.828   901   901 W sensors@2.0-ser: type=1400 audit(0.0:4595): avc: denied { read write } for name="diag" dev="tmpfs" ino=12474 scontext=u:r:hal_sensors_default:s0 tcontext=u:object_r:diag_device:s0 tclass=chr_file permissive=0
09-01 20:18:14.828   901   901 I sensors-hal: [hal]batch_physical_sensor:301, android.sensor.gyroscope/41, period=20000000, max_latency=0
09-01 20:18:14.828   901   901 I sensors-hal: [hal]batch_physical_sensor:310, android.sensor.gyroscope/41, period=20000000, max_latency=0 request completed
09-01 20:18:14.828   901   901 I sensors-hal: [hal]activate_physical_sensor:238, android.sensor.gyroscope/41 en=1
09-01 20:18:14.828   901   901 I sensors-hal: [ssc_utils]get_qmi_debug_flag:244, support_qmi_debug : false
09-01 20:18:14.832   901   901 D Diag_Lib:  Diag_LSM_Init: Failed to open handle to diag driver, error = 13
09-01 20:18:14.832   901   901 D Diag_Lib:  Diag_LSM_Init: Failed to open handle to diag driver, error = 13
09-01 20:18:14.832   901   901 I sensors-hal: [ssc_sensor]update_handle:537, handle=331, type=33, wakeup=0, hwid=0, base=331
09-01 20:18:14.832   901   901 I sensors-hal: [ssc_utils]get_qmi_debug_flag:244, support_qmi_debug : false
09-01 20:18:14.836   901   901 I sensors-hal: [ssc_utils]get_qmi_debug_flag:244, support_qmi_debug : false
09-01 20:18:14.837   901 10120 I sensors-hal: [ssc_sensor]ssc_conn_resp_cb:663, resp_value = 0
09-01 20:18:14.837   901  1000 W SEE     : @ 37481.290: adding req to Q sensor=8 req=0xb20312b8 msg=513
09-01 20:18:14.839 10084 10084 I TetheringManager: registerTetheringEventCallback:com.opera.browser
09-01 20:18:14.839   901 10120 I sensors-hal: [sensor]submit_sensors_hal_event:146, android.sensor.additional_info: trying to push empty Events, count = 0
09-01 20:18:14.839   901 10120 I sensors-hal: [sensor]submit_sensors_hal_event:146, android.sensor.additional_info: trying to push empty Events, count = 0
09-01 20:18:14.843   901   901 I sensors-hal: [hal]activate_physical_sensor:249, android.sensor.gyroscope/41 en=1 completed
09-01 20:18:14.843   901  1000 W SEE     : @ 37481.296: adding req to Q sensor=2 req=0xb2035268 msg=513
09-01 20:18:14.844   901 10131 I sensors-hal: [ssc_sensor]ssc_conn_resp_cb:663, resp_value = 0
09-01 20:18:14.845   901 10131 I sensors-hal: [sensor]submit_sensors_hal_event:146, android.sensor.gyroscope: trying to push empty Events, count = 1
09-01 20:18:14.845   901 10131 I chatty  : uid=1000(system) sensors@2.0-ser identical 2 lines
09-01 20:18:14.861   901 10131 I sensors-hal: [sensor]submit_sensors_hal_event:146, android.sensor.gyroscope: trying to push empty Events, count = 1
09-01 20:18:14.868 10084 10114 W System  : ClassLoader referenced unknown path: 
09-01 20:18:14.930   592   629 W DisplayIdentification: Invalid EDID: falling back to serial number due to missing display name.
09-01 20:18:14.930   592   629 W DisplayIdentification: Invalid EDID: falling back to ASCII text due to missing serial number.
09-01 20:18:14.972  1513  8504 D ConnectivityService: requestNetwork for uid/pid:10261/10084 NetworkRequest [ TRACK_DEFAULT id=1696, [ Capabilities: INTERNET&NOT_RESTRICTED&TRUSTED Uid: 10261 AdministratorUids: [] RequestorUid: 10261 RequestorPackageName: com.opera.browser] ]
09-01 20:18:14.973  1513  2000 D ConnectivityService: NetReassign [1696 : null → 100]
09-01 20:18:14.973  1513  1996 D WifiNetworkFactory: got request NetworkRequest [ TRACK_DEFAULT id=1696, [ Capabilities: INTERNET&NOT_RESTRICTED&TRUSTED Uid: 10261 AdministratorUids: [] RequestorUid: 10261 RequestorPackageName: com.opera.browser] ] with score 60 and providerId 5
09-01 20:18:14.973  1513  2038 D Ethernet: got request NetworkRequest [ TRACK_DEFAULT id=1696, [ Capabilities: INTERNET&NOT_RESTRICTED&TRUSTED Uid: 10261 AdministratorUids: [] RequestorUid: 10261 RequestorPackageName: com.opera.browser] ] with score 60 and providerId 5
09-01 20:18:14.973  1513  2037 D WIFI_AWARE_FACTORY: got request NetworkRequest [ TRACK_DEFAULT id=1696, [ Capabilities: INTERNET&NOT_RESTRICTED&TRUSTED Uid: 10261 AdministratorUids: [] RequestorUid: 10261 RequestorPackageName: com.opera.browser] ] with score 60 and providerId 5
09-01 20:18:14.973  1513  1996 D UntrustedWifiNetworkFactory: got request NetworkRequest [ TRACK_DEFAULT id=1696, [ Capabilities: INTERNET&NOT_RESTRICTED&TRUSTED Uid: 10261 AdministratorUids: [] RequestorUid: 10261 RequestorPackageName: com.opera.browser] ] with score 60 and providerId 5
09-01 20:18:14.973  2474  2474 D PhoneSwitcherNetworkRequstListener: got request NetworkRequest [ TRACK_DEFAULT id=1696, [ Capabilities: INTERNET&NOT_RESTRICTED&TRUSTED Uid: 10261 AdministratorUids: [] RequestorUid: 10261 RequestorPackageName: com.opera.browser] ] with score 60 and providerId 5
09-01 20:18:14.974  1513  2000 D ConnectivityService: NetReassign [no changes]
09-01 20:18:14.982 10084 10207 I FA      : App measurement initialized, version: 75017
09-01 20:18:14.982 10084 10207 I FA      : To enable debug logging run: adb shell setprop log.tag.FA VERBOSE
09-01 20:18:14.982 10084 10207 I FA      : To enable faster debug mode event logging run:
09-01 20:18:14.982 10084 10207 I FA      :   adb shell setprop debug.firebase.analytics.app com.opera.browser
09-01 20:18:14.991  1513  4617 D CompatibilityChangeReporter: Compat change id reported: 136274596; UID 10261; state: ENABLED
09-01 20:18:15.011   594   655 I SDM     : HWDeviceDRM::UpdateMixerAttributes: Mixer WxH 1080x2340-1 for Peripheral
09-01 20:18:15.011   594   655 I SDM     : DisplayBase::SetActiveConfig: Active configuration changed to: 0
09-01 20:18:15.011   594   655 I SDM     : StrategyImpl::SetIdleTimeoutMs: Idle timeout set to zero for command mode panels
09-01 20:18:15.025   901  2806 I sensors-hal: [ssc_utils]get_qmi_debug_flag:244, support_qmi_debug : false
09-01 20:18:15.026  7733  7733 D BoundBrokerSvc: onBind: Intent { act=com.google.android.gms.measurement.START pkg=com.google.android.gms }
09-01 20:18:15.026  7733  7733 D BoundBrokerSvc: Loading bound service for intent: Intent { act=com.google.android.gms.measurement.START pkg=com.google.android.gms }
09-01 20:18:15.037  1513  1572 I DisplayManagerService: Display device changed: DisplayDeviceInfo{"Built-in Screen": uniqueId="local:19260504575090817", 1080 x 2340, modeId 2, defaultModeId 2, supportedModes [{id=1, width=1080, height=2340, fps=90.0}, {id=2, width=1080, height=2340, fps=60.000004}], colorMode 0, supportedColorModes [0, 7, 9], HdrCapabilities HdrCapabilities{mSupportedHdrTypes=[2, 3, 4], mMaxLuminance=500.0, mMaxAverageLuminance=500.0, mMinLuminance=0.0}, allmSupported false, gameContentTypeSupported false, density 440, 435.428 x 433.839 dpi, appVsyncOff 2333332, presDeadline 11500000, cutout DisplayCutout{insets=Rect(0, 136 - 0, 0) waterfall=Insets{left=0, top=0, right=0, bottom=0} boundingRect={Bounds=[Rect(0, 0 - 0, 0), Rect(0, 0 - 136, 136), Rect(0, 0 - 0, 0), Rect(0, 0 - 0, 0)]}}, touch INTERNAL, rotation 0, type INTERNAL, address {port=129, model=0x446d53ad64a0}, deviceProductInfo DeviceProductInfo{name=, manufacturerPnpId=QCM, productId=1, modelYear=null, manufactureDate=ManufactureDate{week=27, year=2006}, relativeAddress=null}, state ON, FLAG_DEFAULT_DISPLAY, FLAG_ROTATES_WITH_CONTENT, FLAG_SECURE, FLAG_SUPPORTS_PROTECTED_BUFFERS}
09-01 20:18:15.042   594   655 I SDM     : StrategyImpl::SetIdleTimeoutMs: Idle timeout set to zero for command mode panels
09-01 20:18:15.045   901  1000 W ASH     : @ 37481.498: Unhandled msg ID 999: line 1277
09-01 20:18:15.045   901  1000 E ASH     : @ 37481.498: No pb callback assigned
09-01 20:18:15.045   901  1000 E ASH     : @ 37481.498: Nanopb error: callback failed:1588
09-01 20:18:15.046 10084 10213 I AdrenoGLES-0: QUALCOMM build                   : 35605c3, Ia11ce2d146
09-01 20:18:15.046 10084 10213 I AdrenoGLES-0: Build Date                       : 09/02/20
09-01 20:18:15.046 10084 10213 I AdrenoGLES-0: OpenGL ES Shader Compiler Version: EV031.31.04.00
09-01 20:18:15.046 10084 10213 I AdrenoGLES-0: Local Branch                     : gfx-adreno.lnx.2.0
09-01 20:18:15.046 10084 10213 I AdrenoGLES-0: Remote Branch                    : 
09-01 20:18:15.046 10084 10213 I AdrenoGLES-0: Remote Branch                    : 
09-01 20:18:15.046 10084 10213 I AdrenoGLES-0: Reconstruct Branch               : 
09-01 20:18:15.046 10084 10213 I AdrenoGLES-0: Build Config                     : S P 10.0.4 AArch32
09-01 20:18:15.046 10084 10213 I AdrenoGLES-0: Driver Path                      : /vendor/lib/egl/libGLESv2_adreno.so
09-01 20:18:15.052 10084 10213 I AdrenoGLES-0: PFP: 0x016dd090, ME: 0x00000000
09-01 20:18:15.054 10084 10207 I FA      : Tag Manager is not found and thus will not be used
09-01 20:18:15.060 10084 10213 W AdrenoUtils: <ReadGpuID_from_sysfs:197>: Failed to open /sys/class/kgsl/kgsl-3d0/gpu_model
09-01 20:18:15.060 10084 10213 W AdrenoUtils: <ReadGpuID:221>: Failed to read chip ID from gpu_model. Fallback to use the GSL path
09-01 20:18:15.077  1513  1572 D EventSequenceValidator: Transition from ACTIVITY_LAUNCHED to ACTIVITY_FINISHED
09-01 20:18:15.081  1513  1622 D ArtManagerInternalImpl: /data/misc/iorapd/com.opera.browser/1907712205/com.opera.Opera/compiled_traces/compiled_trace.pb doesn't exist
09-01 20:18:15.082  1513  1622 I ActivityTaskManager: Displayed com.opera.browser/com.opera.Opera: +320ms
09-01 20:18:15.100   594   655 I SDM     : HWDeviceDRM::UpdateMixerAttributes: Mixer WxH 1080x2340-1 for Peripheral
09-01 20:18:15.100   594   655 I SDM     : DisplayBase::SetActiveConfig: Active configuration changed to: 1
09-01 20:18:15.100   594   655 I SDM     : StrategyImpl::SetIdleTimeoutMs: Idle timeout set to zero for command mode panels
09-01 20:18:15.115  1513  1572 I DisplayManagerService: Display device changed: DisplayDeviceInfo{"Built-in Screen": uniqueId="local:19260504575090817", 1080 x 2340, modeId 1, defaultModeId 2, supportedModes [{id=1, width=1080, height=2340, fps=90.0}, {id=2, width=1080, height=2340, fps=60.000004}], colorMode 0, supportedColorModes [0, 7, 9], HdrCapabilities HdrCapabilities{mSupportedHdrTypes=[2, 3, 4], mMaxLuminance=500.0, mMaxAverageLuminance=500.0, mMinLuminance=0.0}, allmSupported false, gameContentTypeSupported false, density 440, 435.428 x 433.839 dpi, appVsyncOff 2333333, presDeadline 11500000, cutout DisplayCutout{insets=Rect(0, 136 - 0, 0) waterfall=Insets{left=0, top=0, right=0, bottom=0} boundingRect={Bounds=[Rect(0, 0 - 0, 0), Rect(0, 0 - 136, 136), Rect(0, 0 - 0, 0), Rect(0, 0 - 0, 0)]}}, touch INTERNAL, rotation 0, type INTERNAL, address {port=129, model=0x446d53ad64a0}, deviceProductInfo DeviceProductInfo{name=, manufacturerPnpId=QCM, productId=1, modelYear=null, manufactureDate=ManufactureDate{week=27, year=2006}, relativeAddress=null}, state ON, FLAG_DEFAULT_DISPLAY, FLAG_ROTATES_WITH_CONTENT, FLAG_SECURE, FLAG_SUPPORTS_PROTECTED_BUFFERS}
09-01 20:18:15.117   901  2806 I sensors-hal: [ssc_utils]get_qmi_debug_flag:244, support_qmi_debug : false
09-01 20:18:15.131   901  1000 W ASH     : @ 37481.584: Unhandled msg ID 999: line 1277
09-01 20:18:15.131   901  1000 E ASH     : @ 37481.584: No pb callback assigned
09-01 20:18:15.131   901  1000 E ASH     : @ 37481.584: Nanopb error: callback failed:1588
09-01 20:18:15.145  1513  8503 D CompatibilityChangeReporter: Compat change id reported: 135634846; UID 10261; state: DISABLED
09-01 20:18:15.145  1513  1625 D CompatibilityChangeReporter: Compat change id reported: 143937733; UID 10261; state: ENABLED
09-01 20:18:15.146  1513  1536 I ActivityManager: Killing 21177:com.android.providers.calendar/u0a116 (adj 999): empty for 1800s
09-01 20:18:15.155   779   779 D Zygote  : Forked child process 10283
09-01 20:18:15.163  7733 16080 I Backup  : [GmsBackupAccountManager] Backup account not found in gmscore.
09-01 20:18:15.166  1513  1625 I ActivityManager: Start proc 10283:com.opera.browser:privileged_process0/u0a261 for service {com.opera.browser/com.opera.android.browser.chromium.services.PrivilegedProcessService0}
09-01 20:18:15.167 10283 10283 E ileged_process: Not starting debugger since process cannot load the jdwp agent.
09-01 20:18:15.169  7733 16080 I BlockstoreE2ESync: no backup account found. [CONTEXT service_id=258 ]
09-01 20:18:15.176  2816 10310 W ChimeraUtils: Module com.google.android.gms.backup_base has empty metadata display_name_string_id
09-01 20:18:15.183   778   778 I Zygote  : Process 21177 exited due to signal 9 (Killed)
09-01 20:18:15.188  1513  3241 D CompatibilityChangeReporter: Compat change id reported: 136274596; UID 10261; state: ENABLED
09-01 20:18:15.192  1513  1640 I libprocessgroup: Successfully killed process cgroup uid 10116 pid 21177 in 45ms
09-01 20:18:15.206 10283 10283 W ileged_process: JIT profile information will not be recorded: profile file does not exist.
09-01 20:18:15.206 10283 10283 W ileged_process: JIT profile information will not be recorded: profile file does not exist.
09-01 20:18:15.211 10283 10283 D NetworkSecurityConfig: Using Network Security Config from resource network_security_config_official_build debugBuild: false
09-01 20:18:15.212 10283 10283 D NetworkSecurityConfig: Using Network Security Config from resource network_security_config_official_build debugBuild: false
09-01 20:18:15.248  1513  3240 D ConnectivityService: requestNetwork for uid/pid:10261/10084 NetworkRequest [ TRACK_DEFAULT id=1698, [ Capabilities: INTERNET&NOT_RESTRICTED&TRUSTED Uid: 10261 AdministratorUids: [] RequestorUid: 10261 RequestorPackageName: com.opera.browser] ]
09-01 20:18:15.248  1513  2000 D ConnectivityService: NetReassign [1698 : null → 100]
09-01 20:18:15.248  1513  1996 D WifiNetworkFactory: got request NetworkRequest [ TRACK_DEFAULT id=1698, [ Capabilities: INTERNET&NOT_RESTRICTED&TRUSTED Uid: 10261 AdministratorUids: [] RequestorUid: 10261 RequestorPackageName: com.opera.browser] ] with score 60 and providerId 5
09-01 20:18:15.249  1513  2038 D Ethernet: got request NetworkRequest [ TRACK_DEFAULT id=1698, [ Capabilities: INTERNET&NOT_RESTRICTED&TRUSTED Uid: 10261 AdministratorUids: [] RequestorUid: 10261 RequestorPackageName: com.opera.browser] ] with score 60 and providerId 5
09-01 20:18:15.249  1513  1996 D UntrustedWifiNetworkFactory: got request NetworkRequest [ TRACK_DEFAULT id=1698, [ Capabilities: INTERNET&NOT_RESTRICTED&TRUSTED Uid: 10261 AdministratorUids: [] RequestorUid: 10261 RequestorPackageName: com.opera.browser] ] with score 60 and providerId 5
09-01 20:18:15.249  1513  2037 D WIFI_AWARE_FACTORY: got request NetworkRequest [ TRACK_DEFAULT id=1698, [ Capabilities: INTERNET&NOT_RESTRICTED&TRUSTED Uid: 10261 AdministratorUids: [] RequestorUid: 10261 RequestorPackageName: com.opera.browser] ] with score 60 and providerId 5
09-01 20:18:15.249  2474  2474 D PhoneSwitcherNetworkRequstListener: got request NetworkRequest [ TRACK_DEFAULT id=1698, [ Capabilities: INTERNET&NOT_RESTRICTED&TRUSTED Uid: 10261 AdministratorUids: [] RequestorUid: 10261 RequestorPackageName: com.opera.browser] ] with score 60 and providerId 5
09-01 20:18:15.250  1513  3241 W UriGrantsManagerService: No permission grants found for com.google.android.apps.photos
09-01 20:18:15.250  1513  3241 W UriGrantsManagerService: No permission grants found for com.google.android.apps.photos
09-01 20:18:15.251 10084 10166 E [Leanplum][ERROR]: No variable values were received from the server. Please contact us to investigate.
09-01 20:18:15.252  1513  2000 D ConnectivityService: NetReassign [no changes]
09-01 20:18:15.266 10283 10316 I AdrenoGLES-0: QUALCOMM build                   : 35605c3, Ia11ce2d146
09-01 20:18:15.266 10283 10316 I AdrenoGLES-0: Build Date                       : 09/02/20
09-01 20:18:15.266 10283 10316 I AdrenoGLES-0: OpenGL ES Shader Compiler Version: EV031.31.04.00
09-01 20:18:15.266 10283 10316 I AdrenoGLES-0: Local Branch                     : gfx-adreno.lnx.2.0
09-01 20:18:15.266 10283 10316 I AdrenoGLES-0: Remote Branch                    : 
09-01 20:18:15.266 10283 10316 I AdrenoGLES-0: Remote Branch                    : 
09-01 20:18:15.266 10283 10316 I AdrenoGLES-0: Reconstruct Branch               : 
09-01 20:18:15.266 10283 10316 I AdrenoGLES-0: Build Config                     : S P 10.0.4 AArch32
09-01 20:18:15.266 10283 10316 I AdrenoGLES-0: Driver Path                      : /vendor/lib/egl/libGLESv2_adreno.so
09-01 20:18:15.276 10283 10316 I AdrenoGLES-0: PFP: 0x016dd090, ME: 0x00000000
09-01 20:18:15.288 10283 10316 W AdrenoUtils: <ReadGpuID_from_sysfs:197>: Failed to open /sys/class/kgsl/kgsl-3d0/gpu_model
09-01 20:18:15.288 10283 10316 W AdrenoUtils: <ReadGpuID:221>: Failed to read chip ID from gpu_model. Fallback to use the GSL path
09-01 20:18:15.292  2858  2858 I GoogleInputMethodService: GoogleInputMethodService.onFinishInput():3280 
09-01 20:18:15.295  2858  2858 I GoogleInputMethodService: GoogleInputMethodService.updateDeviceLockedStatus():2169 repeatCheckTimes = 0, unlocked = true
09-01 20:18:15.295  2858  2858 I GoogleInputMethodService: GoogleInputMethodService.onStartInput():1960 onStartInput(EditorInfo{inputType=0x0(NULL) imeOptions=0x0 privateImeOptions=null actionName=UNSPECIFIED actionLabel=null actionId=0 initialSelStart=-1 initialSelEnd=-1 initialCapsMode=0x0 hintText=null label=null packageName=com.opera.browser fieldId=-1 fieldName=null extras=null}, false)
09-01 20:18:15.295  2858  2858 I GoogleInputMethodService: GoogleInputMethodService.shouldHideHeaderOnInitialState():4081 ShouldHideHeaderOnInitialState = false
09-01 20:18:15.295  2858  2858 I GoogleInputMethodService: GoogleInputMethodService.updateDeviceLockedStatus():2169 repeatCheckTimes = 2, unlocked = true
09-01 20:18:15.299   594   655 I SDM     : HWDeviceDRM::UpdateMixerAttributes: Mixer WxH 1080x2340-1 for Peripheral
09-01 20:18:15.299   594   655 I SDM     : DisplayBase::SetActiveConfig: Active configuration changed to: 0
09-01 20:18:15.299   594   655 I SDM     : StrategyImpl::SetIdleTimeoutMs: Idle timeout set to zero for command mode panels
09-01 20:18:15.304   901  2806 I sensors-hal: [ssc_utils]get_qmi_debug_flag:244, support_qmi_debug : false
09-01 20:18:15.306  1513  4617 W UriGrantsManagerService: No permission grants found for com.google.android.apps.photos
09-01 20:18:15.306  1513  4617 W UriGrantsManagerService: No permission grants found for com.google.android.apps.photos
09-01 20:18:15.320  1513  1572 I DisplayManagerService: Display device changed: DisplayDeviceInfo{"Built-in Screen": uniqueId="local:19260504575090817", 1080 x 2340, modeId 2, defaultModeId 2, supportedModes [{id=1, width=1080, height=2340, fps=90.0}, {id=2, width=1080, height=2340, fps=60.000004}], colorMode 0, supportedColorModes [0, 7, 9], HdrCapabilities HdrCapabilities{mSupportedHdrTypes=[2, 3, 4], mMaxLuminance=500.0, mMaxAverageLuminance=500.0, mMinLuminance=0.0}, allmSupported false, gameContentTypeSupported false, density 440, 435.428 x 433.839 dpi, appVsyncOff 2333332, presDeadline 11500000, cutout DisplayCutout{insets=Rect(0, 136 - 0, 0) waterfall=Insets{left=0, top=0, right=0, bottom=0} boundingRect={Bounds=[Rect(0, 0 - 0, 0), Rect(0, 0 - 136, 136), Rect(0, 0 - 0, 0), Rect(0, 0 - 0, 0)]}}, touch INTERNAL, rotation 0, type INTERNAL, address {port=129, model=0x446d53ad64a0}, deviceProductInfo DeviceProductInfo{name=, manufacturerPnpId=QCM, productId=1, modelYear=null, manufactureDate=ManufactureDate{week=27, year=2006}, relativeAddress=null}, state ON, FLAG_DEFAULT_DISPLAY, FLAG_ROTATES_WITH_CONTENT, FLAG_SECURE, FLAG_SUPPORTS_PROTECTED_BUFFERS}
09-01 20:18:15.324   594   655 I SDM     : StrategyImpl::SetIdleTimeoutMs: Idle timeout set to zero for command mode panels
09-01 20:18:15.325   901  1000 W ASH     : @ 37481.778: Unhandled msg ID 999: line 1277
09-01 20:18:15.325   901  1000 E ASH     : @ 37481.778: No pb callback assigned
09-01 20:18:15.325   901  1000 E ASH     : @ 37481.778: Nanopb error: callback failed:1588
09-01 20:18:15.350  1513  3240 W UriGrantsManagerService: No permission grants found for com.google.android.apps.photos
09-01 20:18:15.350  1513  3240 W UriGrantsManagerService: No permission grants found for com.google.android.apps.photos
09-01 20:18:15.387  2816 30674 W NetworkScheduler: Error inserting flex_time=739000 job_id=-1 period=1480000 source=16 requires_charging=0 preferred_network_type=1 target_class=com.google.android.gms.measurement.PackageMeasurementTaskService user_id=0 target_package=com.google.android.gms tag=Measurement.PackageMeasurementTaskService.UPLOAD_TASK_TAG task_type=0 required_idleness_state=0 service_kind=0 source_version=224312000 persistence_level=1 preferred_charging_state=1 required_network_type=0 runtime=1693592295374 retry_strategy={"maximum_backoff_seconds":{"3600":0},"initial_backoff_seconds":{"30":0},"retry_policy":{"0":0}} last_runtime=0 [CONTEXT service_id=218 ]
09-01 20:18:15.387  2816 30674 W NetworkScheduler: android.database.sqlite.SQLiteConstraintException: UNIQUE constraint failed: pending_ops.tag, pending_ops.target_class, pending_ops.target_package, pending_ops.user_id (code 2067 SQLITE_CONSTRAINT_UNIQUE)
09-01 20:18:15.387  2816 30674 W NetworkScheduler: 	at android.database.sqlite.SQLiteConnection.nativeExecuteForLastInsertedRowId(Native Method)
09-01 20:18:15.387  2816 30674 W NetworkScheduler: 	at android.database.sqlite.SQLiteConnection.executeForLastInsertedRowId(SQLiteConnection.java:938)
09-01 20:18:15.387  2816 30674 W NetworkScheduler: 	at android.database.sqlite.SQLiteSession.executeForLastInsertedRowId(SQLiteSession.java:790)
09-01 20:18:15.387  2816 30674 W NetworkScheduler: 	at android.database.sqlite.SQLiteStatement.executeInsert(SQLiteStatement.java:88)
09-01 20:18:15.387  2816 30674 W NetworkScheduler: 	at android.database.sqlite.SQLiteDatabase.insertWithOnConflict(SQLiteDatabase.java:1701)
09-01 20:18:15.387  2816 30674 W NetworkScheduler: 	at android.database.sqlite.SQLiteDatabase.insertOrThrow(SQLiteDatabase.java:1596)
09-01 20:18:15.387  2816 30674 W NetworkScheduler: 	at biky.g(:com.google.android.gms@224312037@22.43.12 (150400-483592595):53)
09-01 20:18:15.387  2816 30674 W NetworkScheduler: 	at bijr.n(:com.google.android.gms@224312037@22.43.12 (150400-483592595):3)
09-01 20:18:15.387  2816 30674 W NetworkScheduler: 	at bijr.u(:com.google.android.gms@224312037@22.43.12 (150400-483592595):20)
09-01 20:18:15.387  2816 30674 W NetworkScheduler: 	at bijr.h(:com.google.android.gms@224312037@22.43.12 (150400-483592595):3)
09-01 20:18:15.387  2816 30674 W NetworkScheduler: 	at bifi.run(:com.google.android.gms@224312037@22.43.12 (150400-483592595):9)
09-01 20:18:15.387  2816 30674 W NetworkScheduler: 	at zqv.c(:com.google.android.gms@224312037@22.43.12 (150400-483592595):6)
09-01 20:18:15.387  2816 30674 W NetworkScheduler: 	at zqv.run(:com.google.android.gms@224312037@22.43.12 (150400-483592595):7)
09-01 20:18:15.387  2816 30674 W NetworkScheduler: 	at java.util.concurrent.ThreadPoolExecutor.runWorker(ThreadPoolExecutor.java:1167)
09-01 20:18:15.387  2816 30674 W NetworkScheduler: 	at java.util.concurrent.ThreadPoolExecutor$Worker.run(ThreadPoolExecutor.java:641)
09-01 20:18:15.387  2816 30674 W NetworkScheduler: 	at zwa.run(:com.google.android.gms@224312037@22.43.12 (150400-483592595):0)
09-01 20:18:15.387  2816 30674 W NetworkScheduler: 	at java.lang.Thread.run(Thread.java:923)
09-01 20:18:15.399  2158  2158 I WallpaperService: engine paused
09-01 20:18:15.400   901   901 I sensors-hal: [hal]activate_physical_sensor:238, android.sensor.gyroscope/41 en=0
09-01 20:18:15.402   901   901 D Diag_Lib: diag: Diag_LSM_DeInit done for pid: 901
09-01 20:18:15.402   901   901 D Diag_Lib: diag: Diag_LSM_DeInit done for pid: 901
09-01 20:18:15.402   901   901 I sensors-hal: [hal]activate_physical_sensor:249, android.sensor.gyroscope/41 en=0 completed
09-01 20:18:15.411   594   655 I SDM     : HWDeviceDRM::UpdateMixerAttributes: Mixer WxH 1080x2340-1 for Peripheral
09-01 20:18:15.411   594   655 I SDM     : DisplayBase::SetActiveConfig: Active configuration changed to: 1
09-01 20:18:15.411   594   655 I SDM     : StrategyImpl::SetIdleTimeoutMs: Idle timeout set to zero for command mode panels
09-01 20:18:15.418  1513  8184 I AdrenoGLES-0: QUALCOMM build                   : 35605c3, Ia11ce2d146
09-01 20:18:15.418  1513  8184 I AdrenoGLES-0: Build Date                       : 09/02/20
09-01 20:18:15.418  1513  8184 I AdrenoGLES-0: OpenGL ES Shader Compiler Version: EV031.31.04.00
09-01 20:18:15.418  1513  8184 I AdrenoGLES-0: Local Branch                     : gfx-adreno.lnx.2.0
09-01 20:18:15.418  1513  8184 I AdrenoGLES-0: Remote Branch                    : 
09-01 20:18:15.418  1513  8184 I AdrenoGLES-0: Remote Branch                    : 
09-01 20:18:15.418  1513  8184 I AdrenoGLES-0: Reconstruct Branch               : 
09-01 20:18:15.418  1513  8184 I AdrenoGLES-0: Build Config                     : S P 10.0.4 AArch64
09-01 20:18:15.418  1513  8184 I AdrenoGLES-0: Driver Path                      : /vendor/lib64/egl/libGLESv2_adreno.so
09-01 20:18:15.420  1513  1572 I DisplayManagerService: Display device changed: DisplayDeviceInfo{"Built-in Screen": uniqueId="local:19260504575090817", 1080 x 2340, modeId 1, defaultModeId 2, supportedModes [{id=1, width=1080, height=2340, fps=90.0}, {id=2, width=1080, height=2340, fps=60.000004}], colorMode 0, supportedColorModes [0, 7, 9], HdrCapabilities HdrCapabilities{mSupportedHdrTypes=[2, 3, 4], mMaxLuminance=500.0, mMaxAverageLuminance=500.0, mMinLuminance=0.0}, allmSupported false, gameContentTypeSupported false, density 440, 435.428 x 433.839 dpi, appVsyncOff 2333333, presDeadline 11500000, cutout DisplayCutout{insets=Rect(0, 136 - 0, 0) waterfall=Insets{left=0, top=0, right=0, bottom=0} boundingRect={Bounds=[Rect(0, 0 - 0, 0), Rect(0, 0 - 136, 136), Rect(0, 0 - 0, 0), Rect(0, 0 - 0, 0)]}}, touch INTERNAL, rotation 0, type INTERNAL, address {port=129, model=0x446d53ad64a0}, deviceProductInfo DeviceProductInfo{name=, manufacturerPnpId=QCM, productId=1, modelYear=null, manufactureDate=ManufactureDate{week=27, year=2006}, relativeAddress=null}, state ON, FLAG_DEFAULT_DISPLAY, FLAG_ROTATES_WITH_CONTENT, FLAG_SECURE, FLAG_SUPPORTS_PROTECTED_BUFFERS}
09-01 20:18:15.425   592   686 W HWComposer: Ignoring duplicate VSYNC event from HWC for display 19260504575090817 (t=37478650729000)
09-01 20:18:15.426 10027 10369 D ProfileInstaller: Installing profile for com.example.batterymanager_utility
09-01 20:18:15.427   901  2806 I sensors-hal: [ssc_utils]get_qmi_debug_flag:244, support_qmi_debug : false
09-01 20:18:15.429  1513  8184 I AdrenoGLES-0: PFP: 0x016dd090, ME: 0x00000000
09-01 20:18:15.442   592   686 W HWComposer: Ignoring duplicate VSYNC event from HWC for display 19260504575090817 (t=37478667408000)
09-01 20:18:15.445   901  1000 W ASH     : @ 37481.898: Unhandled msg ID 999: line 1277
09-01 20:18:15.445   901  1000 E ASH     : @ 37481.898: No pb callback assigned
09-01 20:18:15.445   901  1000 E ASH     : @ 37481.898: Nanopb error: callback failed:1588
09-01 20:18:15.459   592   686 W HWComposer: Ignoring duplicate VSYNC event from HWC for display 19260504575090817 (t=37478684106000)
09-01 20:18:15.462  1513  3241 D CompatibilityChangeReporter: Compat change id reported: 149924527; UID 10261; state: ENABLED
09-01 20:18:15.464  1513  3241 D CompatibilityChangeReporter: Compat change id reported: 132649864; UID 10261; state: DISABLED
09-01 20:18:15.469   592   686 W HWComposer: Ignoring duplicate VSYNC event from HWC for display 19260504575090817 (t=37478695218000)
09-01 20:18:15.480   592   686 W HWComposer: Ignoring duplicate VSYNC event from HWC for display 19260504575090817 (t=37478706293000)
09-01 20:18:15.492   592   686 W HWComposer: Ignoring duplicate VSYNC event from HWC for display 19260504575090817 (t=37478717401000)
09-01 20:18:15.503   592   686 W HWComposer: Ignoring duplicate VSYNC event from HWC for display 19260504575090817 (t=37478728512000)
09-01 20:18:15.514   592   686 W HWComposer: Ignoring duplicate VSYNC event from HWC for display 19260504575090817 (t=37478739632000)
09-01 20:18:15.520  1513  4617 D CompatibilityChangeReporter: Compat change id reported: 135634846; UID 10261; state: DISABLED
09-01 20:18:15.520  1513  1625 D CompatibilityChangeReporter: Compat change id reported: 143937733; UID 10261; state: ENABLED
09-01 20:18:15.524   779   779 D Zygote  : Forked child process 10391
09-01 20:18:15.525   592   686 W HWComposer: Ignoring duplicate VSYNC event from HWC for display 19260504575090817 (t=37478750750000)
09-01 20:18:15.525  1513  1625 I ActivityManager: Start proc 10391:com.opera.browser:sandboxed_process0/u0a261 for service {com.opera.browser/com.opera.android.browser.chromium.services.SandboxedProcessService0}
09-01 20:18:15.530  2858  2858 I GoogleInputMethodService: GoogleInputMethodService.onFinishInput():3280 
09-01 20:18:15.531  2858  2858 I GoogleInputMethodService: GoogleInputMethodService.updateDeviceLockedStatus():2169 repeatCheckTimes = 0, unlocked = true
09-01 20:18:15.532  2858  2858 I GoogleInputMethodService: GoogleInputMethodService.onStartInput():1960 onStartInput(EditorInfo{inputType=0x0(NULL) imeOptions=0x12000000 privateImeOptions=null actionName=UNSPECIFIED actionLabel=null actionId=0 initialSelStart=-1 initialSelEnd=-1 initialCapsMode=0x0 hintText=null label=null packageName=com.opera.browser fieldId=-1 fieldName=null extras=null}, false)
09-01 20:18:15.532  2858  2858 I GoogleInputMethodService: GoogleInputMethodService.shouldHideHeaderOnInitialState():4081 ShouldHideHeaderOnInitialState = false
09-01 20:18:15.532  2858  2858 I GoogleInputMethodService: GoogleInputMethodService.updateDeviceLockedStatus():2169 repeatCheckTimes = 2, unlocked = true
09-01 20:18:15.532  1075 24234 W ServiceManager: Permission failure: android.permission.SYSTEM_CAMERA from uid=10261 pid=10084
09-01 20:18:15.534  1075 24234 I chatty  : uid=1047(cameraserver) Binder:1075_B identical 4 lines
09-01 20:18:15.534  1075 24234 W ServiceManager: Permission failure: android.permission.SYSTEM_CAMERA from uid=10261 pid=10084
09-01 20:18:15.536   592   686 W HWComposer: Ignoring duplicate VSYNC event from HWC for display 19260504575090817 (t=37478761885000)
09-01 20:18:15.538   901  2806 I sensors-hal: [ssc_utils]get_qmi_debug_flag:244, support_qmi_debug : false
09-01 20:18:15.547   592   686 W HWComposer: Ignoring duplicate VSYNC event from HWC for display 19260504575090817 (t=37478773014000)
09-01 20:18:15.553 10391 10391 E dboxed_process: Not starting debugger since process cannot load the jdwp agent.
09-01 20:18:15.558   592   686 W HWComposer: Ignoring duplicate VSYNC event from HWC for display 19260504575090817 (t=37478784092000)
09-01 20:18:15.565   901  1000 W ASH     : @ 37482.018: Unhandled msg ID 999: line 1277
09-01 20:18:15.565   901  1000 E ASH     : @ 37482.018: No pb callback assigned
09-01 20:18:15.565   901  1000 E ASH     : @ 37482.018: Nanopb error: callback failed:1588
09-01 20:18:15.567  1513  3168 D CompatibilityChangeReporter: Compat change id reported: 136274596; UID 10261; state: ENABLED
09-01 20:18:15.575   592   686 W HWComposer: Ignoring duplicate VSYNC event from HWC for display 19260504575090817 (t=37478800759000)
09-01 20:18:15.581 10084 10108 W SQLiteLog: (28) double-quoted string literal: "not_interested"
09-01 20:18:15.586 10084 10108 W SQLiteLog: (28) double-quoted string literal: "report"
09-01 20:18:15.592   592   686 W HWComposer: Ignoring duplicate VSYNC event from HWC for display 19260504575090817 (t=37478817432000)
09-01 20:18:15.599 10084 10084 W InputMethodManager: Ignoring onBind: cur seq=2022, given seq=2021
09-01 20:18:15.608   592   686 W HWComposer: Ignoring duplicate VSYNC event from HWC for display 19260504575090817 (t=37478834105000)
09-01 20:18:15.611   901  1000 I ASH     : @ 37482.064: tcs3701: ADC is saturated, removed sample from FIFO.
09-01 20:18:15.612   901  2806 I sensors-hal: [ssc_utils]get_qmi_debug_flag:244, support_qmi_debug : false
09-01 20:18:15.614 10391 10391 W dboxed_process: JIT profile information will not be recorded: profile file does not exist.
09-01 20:18:15.614 10391 10391 W dboxed_process: JIT profile information will not be recorded: profile file does not exist.
09-01 20:18:15.625   592   686 W HWComposer: Ignoring duplicate VSYNC event from HWC for display 19260504575090817 (t=37478850796000)
09-01 20:18:15.626 10391 10391 D NetworkSecurityConfig: Using Network Security Config from resource network_security_config_official_build debugBuild: false
09-01 20:18:15.627 10391 10391 D NetworkSecurityConfig: Using Network Security Config from resource network_security_config_official_build debugBuild: false
09-01 20:18:15.636   592   686 W HWComposer: Ignoring duplicate VSYNC event from HWC for display 19260504575090817 (t=37478861892000)
09-01 20:18:15.637  1075 12463 W ServiceManager: Permission failure: android.permission.SYSTEM_CAMERA from uid=10261 pid=10084
09-01 20:18:15.637  1075 12463 I chatty  : uid=1047(cameraserver) Binder:1075_7 identical 4 lines
09-01 20:18:15.637  1075 12463 W ServiceManager: Permission failure: android.permission.SYSTEM_CAMERA from uid=10261 pid=10084
09-01 20:18:15.639 10955 14820 I Finsky  : [5315] ncc.l(14): com.opera.browser: Account determined from installer data - [y0_1NG5HTmzf0bF7VytAKz9iHAD6w7yU52Le3i0fi68]
09-01 20:18:15.640 10955 14820 I Finsky  : [5315] ncc.l(61): Billing preferred account via installer for com.opera.browser: [y0_1NG5HTmzf0bF7VytAKz9iHAD6w7yU52Le3i0fi68]
09-01 20:18:15.642 10955 14820 W Finsky  : [5315] hgm.i(10): Unsupported billing API version: 19
09-01 20:18:15.643 10955 14820 I Finsky  : [5315] ncc.l(14): com.opera.browser: Account determined from installer data - [y0_1NG5HTmzf0bF7VytAKz9iHAD6w7yU52Le3i0fi68]
09-01 20:18:15.644 10955 14820 I Finsky  : [5315] ncc.l(61): Billing preferred account via installer for com.opera.browser: [y0_1NG5HTmzf0bF7VytAKz9iHAD6w7yU52Le3i0fi68]
09-01 20:18:15.645   901  1000 W ASH     : @ 37482.098: Unhandled msg ID 999: line 1277
09-01 20:18:15.645   901  1000 E ASH     : @ 37482.098: No pb callback assigned
09-01 20:18:15.645   901  1000 E ASH     : @ 37482.098: Nanopb error: callback failed:1588
09-01 20:18:15.645 10955 14820 W Finsky  : [5315] hgm.i(10): Unsupported billing API version: 18
09-01 20:18:15.646  2816  3139 I FontLog : Received query Noto Color Emoji Compat, URI content://com.google.android.gms.fonts [CONTEXT service_id=132 ]
09-01 20:18:15.646 10084 10084 W View    : requestLayout() improperly called by android.widget.FrameLayout{19fcf16 VFE...C.. ......ID 320,1874-1069,2131 #7f0a01ca app:id/content} during layout: running second layout pass
09-01 20:18:15.647  2816  3139 I FontLog : Query [emojicompat-emoji-font] resolved to {Noto Color Emoji Compat, wdth 100.0, wght 400, ital 0.0, bestEffort false} [CONTEXT service_id=132 ]
09-01 20:18:15.647 10955 14820 I Finsky  : [5315] ncc.l(14): com.opera.browser: Account determined from installer data - [y0_1NG5HTmzf0bF7VytAKz9iHAD6w7yU52Le3i0fi68]
09-01 20:18:15.647 10955 14820 I Finsky  : [5315] ncc.l(61): Billing preferred account via installer for com.opera.browser: [y0_1NG5HTmzf0bF7VytAKz9iHAD6w7yU52Le3i0fi68]
09-01 20:18:15.647   592   686 W HWComposer: Ignoring duplicate VSYNC event from HWC for display 19260504575090817 (t=37478873017000)
09-01 20:18:15.648  2816  3139 I FontLog : Fetch {Noto Color Emoji Compat, wdth 100.0, wght 400, ital 0.0, bestEffort false} end status Status{statusCode=SUCCESS, resolution=null} [CONTEXT service_id=132 ]
09-01 20:18:15.650 10955 14820 I Finsky  : [5315] ncc.l(14): com.opera.browser: Account determined from installer data - [y0_1NG5HTmzf0bF7VytAKz9iHAD6w7yU52Le3i0fi68]
09-01 20:18:15.651 10955 14820 I Finsky  : [5315] ncc.l(61): Billing preferred account via installer for com.opera.browser: [y0_1NG5HTmzf0bF7VytAKz9iHAD6w7yU52Le3i0fi68]
09-01 20:18:15.651 10955 14820 W Finsky  : [5315] hgm.i(10): Unsupported billing API version: 19
09-01 20:18:15.651 10955 14820 I Finsky  : [5315] ncc.l(14): com.opera.browser: Account determined from installer data - [y0_1NG5HTmzf0bF7VytAKz9iHAD6w7yU52Le3i0fi68]
09-01 20:18:15.652 10955 14820 I Finsky  : [5315] ncc.l(61): Billing preferred account via installer for com.opera.browser: [y0_1NG5HTmzf0bF7VytAKz9iHAD6w7yU52Le3i0fi68]
09-01 20:18:15.653 10955 14820 W Finsky  : [5315] hgm.i(10): Unsupported billing API version: 18
09-01 20:18:15.654 10955 14820 I Finsky  : [5315] ncc.l(14): com.opera.browser: Account determined from installer data - [y0_1NG5HTmzf0bF7VytAKz9iHAD6w7yU52Le3i0fi68]
09-01 20:18:15.655 10955 14820 I Finsky  : [5315] ncc.l(61): Billing preferred account via installer for com.opera.browser: [y0_1NG5HTmzf0bF7VytAKz9iHAD6w7yU52Le3i0fi68]
09-01 20:18:15.656  2816  3139 I FontLog : Pulling font file for id = 1249, cache size = 5 [CONTEXT service_id=132 ]
09-01 20:18:15.658   592   686 W HWComposer: Ignoring duplicate VSYNC event from HWC for display 19260504575090817 (t=37478884157000)
09-01 20:18:15.659 10955 14820 I Finsky  : [5315] ncc.l(14): com.opera.browser: Account determined from installer data - [y0_1NG5HTmzf0bF7VytAKz9iHAD6w7yU52Le3i0fi68]
09-01 20:18:15.659 10955 14820 I Finsky  : [5315] ncc.l(61): Billing preferred account via installer for com.opera.browser: [y0_1NG5HTmzf0bF7VytAKz9iHAD6w7yU52Le3i0fi68]
09-01 20:18:15.662  2816  3139 I FontLog : Pulling font file for id = 1249, cache size = 5 [CONTEXT service_id=132 ]
09-01 20:18:15.669   592   686 W HWComposer: Ignoring duplicate VSYNC event from HWC for display 19260504575090817 (t=37478895240000)
09-01 20:18:15.683   592   686 W HWComposer: Ignoring duplicate VSYNC event from HWC for display 19260504575090817 (t=37478906355000)
09-01 20:18:15.715  2816  3139 I FontLog : Received query name=Google Sans&weight=700&besteffort=false, URI content://com.google.android.gms.fonts [CONTEXT service_id=132 ]
09-01 20:18:15.715  2816  3139 I FontLog : Query [name=Google Sans&weight=700&besteffort=false] resolved to {Google Sans, wdth 100.0, wght 700, ital 0.0, bestEffort false} [CONTEXT service_id=132 ]
09-01 20:18:15.716  2816  3139 I FontLog : Fetch {Google Sans, wdth 100.0, wght 700, ital 0.0, bestEffort false} end status Status{statusCode=SUCCESS, resolution=null} [CONTEXT service_id=132 ]
09-01 20:18:15.717  2816  3139 I FontLog : Pulling font file for id = 1250, cache size = 4 [CONTEXT service_id=132 ]
09-01 20:18:15.719  2816  3139 I FontLog : Received query name=Noto Color Emoji Compat&weight=400&besteffort=false, URI content://com.google.android.gms.fonts [CONTEXT service_id=132 ]
09-01 20:18:15.719  2816  3139 I FontLog : Query [name=Noto Color Emoji Compat&weight=400&besteffort=false] resolved to {Noto Color Emoji Compat, wdth 100.0, wght 400, ital 0.0, bestEffort false} [CONTEXT service_id=132 ]
09-01 20:18:15.719  2816  3139 I FontLog : Fetch {Noto Color Emoji Compat, wdth 100.0, wght 400, ital 0.0, bestEffort false} end status Status{statusCode=SUCCESS, resolution=null} [CONTEXT service_id=132 ]
09-01 20:18:15.726  2816  3139 I FontLog : Pulling font file for id = 1251, cache size = 4 [CONTEXT service_id=132 ]
09-01 20:18:15.731  2816  3139 I FontLog : Received query name=Google Sans&weight=400&besteffort=false, URI content://com.google.android.gms.fonts [CONTEXT service_id=132 ]
09-01 20:18:15.731  2816  3139 I FontLog : Query [name=Google Sans&weight=400&besteffort=false] resolved to {Google Sans, wdth 100.0, wght 400, ital 0.0, bestEffort false} [CONTEXT service_id=132 ]
09-01 20:18:15.732  2816  3139 I FontLog : Font PFD returned from cache for {Google Sans, wdth 100.0, wght 400, ital 0.0, bestEffort false} [CONTEXT service_id=132 ]
09-01 20:18:15.733  2816  3139 I FontLog : Fetch {Google Sans, wdth 100.0, wght 400, ital 0.0, bestEffort false} end status Status{statusCode=SUCCESS, resolution=null} [CONTEXT service_id=132 ]
09-01 20:18:15.735  2816  3139 I FontLog : Pulling font file for id = 1252, cache size = 5 [CONTEXT service_id=132 ]
09-01 20:18:15.740  2816  3139 I FontLog : Received query name=Google Sans&weight=500&besteffort=false, URI content://com.google.android.gms.fonts [CONTEXT service_id=132 ]
09-01 20:18:15.740  2816  3139 I FontLog : Query [name=Google Sans&weight=500&besteffort=false] resolved to {Google Sans, wdth 100.0, wght 500, ital 0.0, bestEffort false} [CONTEXT service_id=132 ]
09-01 20:18:15.741  2816  3139 I FontLog : Font PFD returned from cache for {Google Sans, wdth 100.0, wght 500, ital 0.0, bestEffort false} [CONTEXT service_id=132 ]
09-01 20:18:15.741  2816  3139 I FontLog : Fetch {Google Sans, wdth 100.0, wght 500, ital 0.0, bestEffort false} end status Status{statusCode=SUCCESS, resolution=null} [CONTEXT service_id=132 ]
09-01 20:18:15.748  2816  3139 I FontLog : Pulling font file for id = 1253, cache size = 6 [CONTEXT service_id=132 ]
09-01 20:18:15.764  1075 12463 W ServiceManager: Permission failure: android.permission.SYSTEM_CAMERA from uid=10261 pid=10084
09-01 20:18:15.768  1075 12463 I chatty  : uid=1047(cameraserver) Binder:1075_7 identical 4 lines
09-01 20:18:15.768  1075 12463 W ServiceManager: Permission failure: android.permission.SYSTEM_CAMERA from uid=10261 pid=10084
09-01 20:18:15.770 10283 10443 W VideoCapabilities: Unrecognized level 1879048707 for video/x-vnd.on2.vp8
09-01 20:18:15.770 10283 10443 W VideoCapabilities: Unrecognized profile 1879048704 for video/x-vnd.on2.vp8
09-01 20:18:15.770 10283 10443 W VideoCapabilities: Unrecognized level 1879048707 for video/x-vnd.on2.vp8
09-01 20:18:15.770 10283 10443 W VideoCapabilities: Unrecognized profile 1879048704 for video/x-vnd.on2.vp8
09-01 20:18:15.773 10283 10443 W VideoCapabilities: Unsupported mime image/vnd.android.heic
09-01 20:18:15.774 10283 10443 W VideoCapabilities: Unrecognized level 1879048707 for video/x-vnd.on2.vp8
09-01 20:18:15.774 10283 10443 W VideoCapabilities: Unrecognized profile 1879048704 for video/x-vnd.on2.vp8
09-01 20:18:15.774 10283 10443 W VideoCapabilities: Unrecognized level 1879048707 for video/x-vnd.on2.vp8
09-01 20:18:15.774 10283 10443 W VideoCapabilities: Unrecognized profile 1879048704 for video/x-vnd.on2.vp8
09-01 20:18:15.877  1513  2060 W SyncManager: failed sync operation JobId=102750 ***/com.opera.browser.ping u0 [com.opera.browser.ping.provider] OTHER ExpectedIn=0s Reason=10261 Retries=57, SyncResult: delayUntil: 1693599495 stats [ numIoExceptions: 1]
09-01 20:18:16.142   901  1000 D VSC     : @ 37482.595: [WO] tilt angle 89
09-01 20:18:16.358  1513  2000 D ConnectivityService: NetReassign [no changes]
09-01 20:18:16.515   901  2806 I sensors-hal: [ssc_utils]get_qmi_debug_flag:244, support_qmi_debug : false
09-01 20:18:16.525   901  1000 W ASH     : @ 37482.978: Unhandled msg ID 999: line 1277
09-01 20:18:16.525   901  1000 E ASH     : @ 37482.978: No pb callback assigned
09-01 20:18:16.525   901  1000 E ASH     : @ 37482.978: Nanopb error: callback failed:1588
09-01 20:18:16.574   901  1000 I ASH     : @ 37483.025: tcs3701: ADC is saturated, removed sample from FIFO.
09-01 20:18:16.898 10084 10096 I m.opera.browse: Background young concurrent copying GC freed 260931(15MB) AllocSpace objects, 221(6552KB) LOS objects, 92% free, 8154KB/103MB, paused 261us total 118.096ms
09-01 20:18:18.141   901  1000 D VSC     : @ 37484.593: [WO] tilt angle 89
09-01 20:18:19.384  1513  2000 D ConnectivityService: NetReassign [no changes]
09-01 20:18:19.775   901  2806 I sensors-hal: [ssc_utils]get_qmi_debug_flag:244, support_qmi_debug : false
09-01 20:18:19.784   594   655 I SDM     : HWDeviceDRM::UpdateMixerAttributes: Mixer WxH 1080x2340-1 for Peripheral
09-01 20:18:19.784   594   655 I SDM     : DisplayBase::SetActiveConfig: Active configuration changed to: 0
09-01 20:18:19.784   594   655 I SDM     : StrategyImpl::SetIdleTimeoutMs: Idle timeout set to zero for command mode panels
09-01 20:18:19.788   901  2806 I sensors-hal: [ssc_utils]get_qmi_debug_flag:244, support_qmi_debug : false
09-01 20:18:19.804  1513  1572 I DisplayManagerService: Display device changed: DisplayDeviceInfo{"Built-in Screen": uniqueId="local:19260504575090817", 1080 x 2340, modeId 2, defaultModeId 2, supportedModes [{id=1, width=1080, height=2340, fps=90.0}, {id=2, width=1080, height=2340, fps=60.000004}], colorMode 0, supportedColorModes [0, 7, 9], HdrCapabilities HdrCapabilities{mSupportedHdrTypes=[2, 3, 4], mMaxLuminance=500.0, mMaxAverageLuminance=500.0, mMinLuminance=0.0}, allmSupported false, gameContentTypeSupported false, density 440, 435.428 x 433.839 dpi, appVsyncOff 2333332, presDeadline 11500000, cutout DisplayCutout{insets=Rect(0, 136 - 0, 0) waterfall=Insets{left=0, top=0, right=0, bottom=0} boundingRect={Bounds=[Rect(0, 0 - 0, 0), Rect(0, 0 - 136, 136), Rect(0, 0 - 0, 0), Rect(0, 0 - 0, 0)]}}, touch INTERNAL, rotation 0, type INTERNAL, address {port=129, model=0x446d53ad64a0}, deviceProductInfo DeviceProductInfo{name=, manufacturerPnpId=QCM, productId=1, modelYear=null, manufactureDate=ManufactureDate{week=27, year=2006}, relativeAddress=null}, state ON, FLAG_DEFAULT_DISPLAY, FLAG_ROTATES_WITH_CONTENT, FLAG_SECURE, FLAG_SUPPORTS_PROTECTED_BUFFERS}
09-01 20:18:19.805   901  1000 W ASH     : @ 37486.258: Unhandled msg ID 999: line 1277
09-01 20:18:19.805   901  1000 E ASH     : @ 37486.258: No pb callback assigned
09-01 20:18:19.805   901  1000 E ASH     : @ 37486.258: Nanopb error: callback failed:1588
09-01 20:18:19.828   594   655 I SDM     : StrategyImpl::SetIdleTimeoutMs: Idle timeout set to zero for command mode panels
09-01 20:18:19.836 10084 10096 I m.opera.browse: WaitForGcToComplete blocked RunEmptyCheckpoint on ProfileSaver for 24.993ms
09-01 20:18:20.041 10483 10483 W app_process: type=1400 audit(0.0:4596): avc: denied { read } for name="u:object_r:device_config_runtime_native_boot_prop:s0" dev="tmpfs" ino=10163 scontext=u:r:shell:s0 tcontext=u:object_r:device_config_runtime_native_boot_prop:s0 tclass=file permissive=0
09-01 20:18:20.041 10483 10483 I chatty  : uid=2000(shell) app_process identical 2 lines
09-01 20:18:20.041 10483 10483 W app_process: type=1400 audit(0.0:4599): avc: denied { read } for name="u:object_r:device_config_runtime_native_boot_prop:s0" dev="tmpfs" ino=10163 scontext=u:r:shell:s0 tcontext=u:object_r:device_config_runtime_native_boot_prop:s0 tclass=file permissive=0
09-01 20:18:20.044 10483 10483 D AndroidRuntime: >>>>>> START com.android.internal.os.RuntimeInit uid 2000 <<<<<<
09-01 20:18:20.046 10483 10483 E libc    : Access denied finding property "persist.device_config.runtime_native_boot.profilebootclasspath"
09-01 20:18:20.046 10483 10483 E libc    : Access denied finding property "persist.device_config.runtime_native_boot.enable_apex_image"
