--------- beginning of system
09-02 02:43:16.849  1513  2000 D ConnectivityService: NetReassign [no changes]
09-02 02:43:18.475  1513  3223 I ActivityManager: Force stopping com.opera.browser appid=10261 user=0: from pid 27016
--------- beginning of main
09-02 02:43:18.480  2474  2474 E PhoneInterfaceManager: [PhoneIntfMgr] getCarrierPackageNamesForIntentAndPhone: No UICC
09-02 02:43:18.481  2474  2474 D CarrierSvcBindHelper: No carrier app for: 0
09-02 02:43:18.488  3135  3135 D RegisteredNfcFServicesCache: Service unchanged, not updating
09-02 02:43:18.493  8777  8777 I EuiccGoogle: [2] EuiccServiceImpl.onCreate: onCreate Single-SIM mode: simCardState is 1
09-02 02:43:18.499  8777 27022 I EuiccGoogle: [7712] EuiccServiceImpl.onGetEuiccProfileInfoList: onGetEuiccProfileInfoList: slotId = -1
09-02 02:43:18.502  8777 27022 W EuiccGoogle: [7712] EuiccServiceImpl.onGetEuiccProfileInfoList: slotId=-1. No eUICC is active. Return null.
09-02 02:43:18.732  1513  3223 I ActivityTaskManager: START u0 {act=android.intent.action.VIEW flg=0x10008000 cmp=com.opera.browser/com.opera.Opera} from uid 2000
09-02 02:43:18.733  1513  1572 D EventSequenceValidator: inc AccIntentStartedEvents to 2
09-02 02:43:18.745   901  2806 I sensors-hal: [ssc_utils]get_qmi_debug_flag:244, support_qmi_debug : false
09-02 02:43:18.750 27016 27018 I cmd     : oneway function results will be dropped but finished with status OK and parcel size 4
09-02 02:43:18.753  1513  1572 D CompatibilityChangeReporter: Compat change id reported: 135634846; UID 10261; state: DISABLED
09-02 02:43:18.754  1513  1625 D CompatibilityChangeReporter: Compat change id reported: 143937733; UID 10261; state: ENABLED
09-02 02:43:18.760  3088  3657 I AssistantForeground: (REDACTED) Get launcher package: %s
09-02 02:43:18.760  1513  1574 W Choreographer: Frame time is 0.020305 ms in the future!  Check that graphics HAL is generating vsync timestamps using the correct timebase.
09-02 02:43:18.761   779   779 D Zygote  : Forked child process 27026
09-02 02:43:18.762  1513  1625 I ActivityManager: Start proc 27026:com.opera.browser/u0a261 for pre-top-activity {com.opera.browser/com.opera.Opera}
09-02 02:43:18.772   901  1000 W ASH     : @ 60585.222: Unhandled msg ID 999: line 1277
09-02 02:43:18.772   901  1000 E ASH     : @ 60585.222: No pb callback assigned
09-02 02:43:18.772   901  1000 E ASH     : @ 60585.222: Nanopb error: callback failed:1588
09-02 02:43:18.776 27026 27026 E m.opera.browse: Not starting debugger since process cannot load the jdwp agent.
09-02 02:43:18.802 27026 27026 W m.opera.browse: JIT profile information will not be recorded: profile file does not exist.
09-02 02:43:18.803 27026 27026 W m.opera.browse: JIT profile information will not be recorded: profile file does not exist.
09-02 02:43:18.806  2158  2158 I WallpaperService: engine resumed
09-02 02:43:18.807   901   901 I sensors-hal: [hal]batch_physical_sensor:301, android.sensor.gyroscope/41, period=20000000, max_latency=0
09-02 02:43:18.807   901   901 I sensors-hal: [hal]batch_physical_sensor:310, android.sensor.gyroscope/41, period=20000000, max_latency=0 request completed
09-02 02:43:18.808   901   901 I sensors-hal: [hal]activate_physical_sensor:238, android.sensor.gyroscope/41 en=1
09-02 02:43:18.808 27026 27026 D NetworkSecurityConfig: Using Network Security Config from resource network_security_config_official_build debugBuild: false
09-02 02:43:18.808   901   901 I sensors-hal: [ssc_utils]get_qmi_debug_flag:244, support_qmi_debug : false
09-02 02:43:18.809 27026 27026 D NetworkSecurityConfig: Using Network Security Config from resource network_security_config_official_build debugBuild: false
09-02 02:43:18.810   901   901 W sensors@2.0-ser: type=1400 audit(0.0:7152): avc: denied { read write } for name="diag" dev="tmpfs" ino=12474 scontext=u:r:hal_sensors_default:s0 tcontext=u:object_r:diag_device:s0 tclass=chr_file permissive=0
09-02 02:43:18.810   901   901 W sensors@2.0-ser: type=1400 audit(0.0:7153): avc: denied { read write } for name="diag" dev="tmpfs" ino=12474 scontext=u:r:hal_sensors_default:s0 tcontext=u:object_r:diag_device:s0 tclass=chr_file permissive=0
09-02 02:43:18.812   901   901 D Diag_Lib:  Diag_LSM_Init: Failed to open handle to diag driver, error = 13
09-02 02:43:18.812   901   901 D Diag_Lib:  Diag_LSM_Init: Failed to open handle to diag driver, error = 13
09-02 02:43:18.812   901   901 I sensors-hal: [ssc_sensor]update_handle:537, handle=331, type=33, wakeup=0, hwid=0, base=331
09-02 02:43:18.812   901   901 I sensors-hal: [ssc_utils]get_qmi_debug_flag:244, support_qmi_debug : false
09-02 02:43:18.816   901   901 I sensors-hal: [ssc_utils]get_qmi_debug_flag:244, support_qmi_debug : false
09-02 02:43:18.819   901  1000 W SEE     : @ 60585.269: adding req to Q sensor=8 req=0xb202f428 msg=513
09-02 02:43:18.819   901 27057 I sensors-hal: [ssc_sensor]ssc_conn_resp_cb:663, resp_value = 0
09-02 02:43:18.820   901 27057 I sensors-hal: [sensor]submit_sensors_hal_event:146, android.sensor.additional_info: trying to push empty Events, count = 0
09-02 02:43:18.820   901 27057 I sensors-hal: [sensor]submit_sensors_hal_event:146, android.sensor.additional_info: trying to push empty Events, count = 0
09-02 02:43:18.823   901   901 I sensors-hal: [hal]activate_physical_sensor:249, android.sensor.gyroscope/41 en=1 completed
09-02 02:43:18.824   901 27061 I sensors-hal: [ssc_sensor]ssc_conn_resp_cb:663, resp_value = 0
09-02 02:43:18.824   901  1000 W SEE     : @ 60585.275: adding req to Q sensor=2 req=0xb2034df8 msg=513
09-02 02:43:18.826   901 27061 I sensors-hal: [sensor]submit_sensors_hal_event:146, android.sensor.gyroscope: trying to push empty Events, count = 1
09-02 02:43:18.826   901 27061 I chatty  : uid=1000(system) sensors@2.0-ser identical 1 line
09-02 02:43:18.826   901 27061 I sensors-hal: [sensor]submit_sensors_hal_event:146, android.sensor.gyroscope: trying to push empty Events, count = 1
09-02 02:43:18.834 27026 27026 I TetheringManager: registerTetheringEventCallback:com.opera.browser
09-02 02:43:18.837   901 27061 I sensors-hal: [sensor]submit_sensors_hal_event:146, android.sensor.gyroscope: trying to push empty Events, count = 1
09-02 02:43:18.850  2158  2566 W Choreographer: Frame time is 0.21772599 ms in the future!  Check that graphics HAL is generating vsync timestamps using the correct timebase.
09-02 02:43:18.850  2062  2062 W Choreographer: Frame time is 0.217778 ms in the future!  Check that graphics HAL is generating vsync timestamps using the correct timebase.
09-02 02:43:18.862 27026 27064 W System  : ClassLoader referenced unknown path: 
09-02 02:43:18.923  2062  2082 I ndroid.systemu: NativeAlloc concurrent copying GC freed 97457(3338KB) AllocSpace objects, 0(0B) LOS objects, 75% free, 9682KB/37MB, paused 195us total 114.450ms
09-02 02:43:18.925  2062  2084 W System  : A resource failed to call release. 
09-02 02:43:18.926  2062  2084 I chatty  : uid=10233(com.android.systemui) FinalizerDaemon identical 2 lines
09-02 02:43:18.927  2062  2084 W System  : A resource failed to call release. 
09-02 02:43:18.934   592   628 W DisplayIdentification: Invalid EDID: falling back to serial number due to missing display name.
09-02 02:43:18.934   592   628 W DisplayIdentification: Invalid EDID: falling back to ASCII text due to missing serial number.
09-02 02:43:18.966  1513  2571 D ConnectivityService: requestNetwork for uid/pid:10261/27026 NetworkRequest [ TRACK_DEFAULT id=2786, [ Capabilities: INTERNET&NOT_RESTRICTED&TRUSTED Uid: 10261 AdministratorUids: [] RequestorUid: 10261 RequestorPackageName: com.opera.browser] ]
09-02 02:43:18.967  1513  2000 D ConnectivityService: NetReassign [2786 : null → 100]
09-02 02:43:18.967  1513  1996 D WifiNetworkFactory: got request NetworkRequest [ TRACK_DEFAULT id=2786, [ Capabilities: INTERNET&NOT_RESTRICTED&TRUSTED Uid: 10261 AdministratorUids: [] RequestorUid: 10261 RequestorPackageName: com.opera.browser] ] with score 60 and providerId 5
09-02 02:43:18.967  1513  2038 D Ethernet: got request NetworkRequest [ TRACK_DEFAULT id=2786, [ Capabilities: INTERNET&NOT_RESTRICTED&TRUSTED Uid: 10261 AdministratorUids: [] RequestorUid: 10261 RequestorPackageName: com.opera.browser] ] with score 60 and providerId 5
09-02 02:43:18.967  1513  2037 D WIFI_AWARE_FACTORY: got request NetworkRequest [ TRACK_DEFAULT id=2786, [ Capabilities: INTERNET&NOT_RESTRICTED&TRUSTED Uid: 10261 AdministratorUids: [] RequestorUid: 10261 RequestorPackageName: com.opera.browser] ] with score 60 and providerId 5
09-02 02:43:18.967  1513  1996 D UntrustedWifiNetworkFactory: got request NetworkRequest [ TRACK_DEFAULT id=2786, [ Capabilities: INTERNET&NOT_RESTRICTED&TRUSTED Uid: 10261 AdministratorUids: [] RequestorUid: 10261 RequestorPackageName: com.opera.browser] ] with score 60 and providerId 5
09-02 02:43:18.968  1513  2000 D ConnectivityService: NetReassign [no changes]
09-02 02:43:18.969  2474  2474 D PhoneSwitcherNetworkRequstListener: got request NetworkRequest [ TRACK_DEFAULT id=2786, [ Capabilities: INTERNET&NOT_RESTRICTED&TRUSTED Uid: 10261 AdministratorUids: [] RequestorUid: 10261 RequestorPackageName: com.opera.browser] ] with score 60 and providerId 5
09-02 02:43:18.977 27026 27143 I FA      : App measurement initialized, version: 75017
09-02 02:43:18.977 27026 27143 I FA      : To enable debug logging run: adb shell setprop log.tag.FA VERBOSE
09-02 02:43:18.977 27026 27143 I FA      : To enable faster debug mode event logging run:
09-02 02:43:18.977 27026 27143 I FA      :   adb shell setprop debug.firebase.analytics.app com.opera.browser
09-02 02:43:18.989  1513  2571 D CompatibilityChangeReporter: Compat change id reported: 136274596; UID 10261; state: ENABLED
09-02 02:43:18.995 26969 27176 D ProfileInstaller: Installing profile for com.example.batterymanager_utility
09-02 02:43:19.018   594   655 I SDM     : HWDeviceDRM::UpdateMixerAttributes: Mixer WxH 1080x2340-1 for Peripheral
09-02 02:43:19.018   594   655 I SDM     : DisplayBase::SetActiveConfig: Active configuration changed to: 0
09-02 02:43:19.018   594   655 I SDM     : StrategyImpl::SetIdleTimeoutMs: Idle timeout set to zero for command mode panels
09-02 02:43:19.019  9499  9499 D BoundBrokerSvc: onBind: Intent { act=com.google.android.gms.auth.blockstore.service.START dat=chimera-action: cmp=com.google.android.gms/.chimera.GmsApiService }
09-02 02:43:19.019  9499  9499 D BoundBrokerSvc: Loading bound service for intent: Intent { act=com.google.android.gms.auth.blockstore.service.START dat=chimera-action: cmp=com.google.android.gms/.chimera.GmsApiService }
09-02 02:43:19.027   901  2806 I sensors-hal: [ssc_utils]get_qmi_debug_flag:244, support_qmi_debug : false
09-02 02:43:19.033 27026 27152 I AdrenoGLES-0: QUALCOMM build                   : 35605c3, Ia11ce2d146
09-02 02:43:19.033 27026 27152 I AdrenoGLES-0: Build Date                       : 09/02/20
09-02 02:43:19.033 27026 27152 I AdrenoGLES-0: OpenGL ES Shader Compiler Version: EV031.31.04.00
09-02 02:43:19.033 27026 27152 I AdrenoGLES-0: Local Branch                     : gfx-adreno.lnx.2.0
09-02 02:43:19.033 27026 27152 I AdrenoGLES-0: Remote Branch                    : 
09-02 02:43:19.033 27026 27152 I AdrenoGLES-0: Remote Branch                    : 
09-02 02:43:19.033 27026 27152 I AdrenoGLES-0: Reconstruct Branch               : 
09-02 02:43:19.033 27026 27152 I AdrenoGLES-0: Build Config                     : S P 10.0.4 AArch32
09-02 02:43:19.033 27026 27152 I AdrenoGLES-0: Driver Path                      : /vendor/lib/egl/libGLESv2_adreno.so
09-02 02:43:19.033   594   655 I SDM     : StrategyImpl::SetIdleTimeoutMs: Idle timeout set to zero for command mode panels
09-02 02:43:19.035  1513  1572 I DisplayManagerService: Display device changed: DisplayDeviceInfo{"Built-in Screen": uniqueId="local:19260504575090817", 1080 x 2340, modeId 2, defaultModeId 2, supportedModes [{id=1, width=1080, height=2340, fps=90.0}, {id=2, width=1080, height=2340, fps=60.000004}], colorMode 0, supportedColorModes [0, 7, 9], HdrCapabilities HdrCapabilities{mSupportedHdrTypes=[2, 3, 4], mMaxLuminance=500.0, mMaxAverageLuminance=500.0, mMinLuminance=0.0}, allmSupported false, gameContentTypeSupported false, density 440, 435.428 x 433.839 dpi, appVsyncOff 2333332, presDeadline 11500000, cutout DisplayCutout{insets=Rect(0, 136 - 0, 0) waterfall=Insets{left=0, top=0, right=0, bottom=0} boundingRect={Bounds=[Rect(0, 0 - 0, 0), Rect(0, 0 - 136, 136), Rect(0, 0 - 0, 0), Rect(0, 0 - 0, 0)]}}, touch INTERNAL, rotation 0, type INTERNAL, address {port=129, model=0x446d53ad64a0}, deviceProductInfo DeviceProductInfo{name=, manufacturerPnpId=QCM, productId=1, modelYear=null, manufactureDate=ManufactureDate{week=27, year=2006}, relativeAddress=null}, state ON, FLAG_DEFAULT_DISPLAY, FLAG_ROTATES_WITH_CONTENT, FLAG_SECURE, FLAG_SUPPORTS_PROTECTED_BUFFERS}
09-02 02:43:19.036 27026 27152 I AdrenoGLES-0: PFP: 0x016dd090, ME: 0x00000000
09-02 02:43:19.043  9499  9499 D BoundBrokerSvc: onBind: Intent { act=com.google.android.gms.measurement.START pkg=com.google.android.gms }
09-02 02:43:19.043  9499  9499 D BoundBrokerSvc: Loading bound service for intent: Intent { act=com.google.android.gms.measurement.START pkg=com.google.android.gms }
09-02 02:43:19.047 27026 27152 W AdrenoUtils: <ReadGpuID_from_sysfs:197>: Failed to open /sys/class/kgsl/kgsl-3d0/gpu_model
09-02 02:43:19.047 27026 27152 W AdrenoUtils: <ReadGpuID:221>: Failed to read chip ID from gpu_model. Fallback to use the GSL path
09-02 02:43:19.048   901  1000 W ASH     : @ 60585.498: Unhandled msg ID 999: line 1277
09-02 02:43:19.048   901  1000 E ASH     : @ 60585.498: No pb callback assigned
09-02 02:43:19.048   901  1000 E ASH     : @ 60585.498: Nanopb error: callback failed:1588
09-02 02:43:19.048 27026 27143 I FA      : Tag Manager is not found and thus will not be used
09-02 02:43:19.062  1513  1572 D EventSequenceValidator: dec AccIntentStartedEvents to 1
09-02 02:43:19.064   594   655 I SDM     : HWDeviceDRM::UpdateMixerAttributes: Mixer WxH 1080x2340-1 for Peripheral
09-02 02:43:19.064   594   655 I SDM     : DisplayBase::SetActiveConfig: Active configuration changed to: 1
09-02 02:43:19.064   594   655 I SDM     : StrategyImpl::SetIdleTimeoutMs: Idle timeout set to zero for command mode panels
09-02 02:43:19.068  1513  1622 D ArtManagerInternalImpl: /data/misc/iorapd/com.opera.browser/1907712205/com.opera.Opera/compiled_traces/compiled_trace.pb doesn't exist
09-02 02:43:19.069  1513  1572 I DisplayManagerService: Display device changed: DisplayDeviceInfo{"Built-in Screen": uniqueId="local:19260504575090817", 1080 x 2340, modeId 1, defaultModeId 2, supportedModes [{id=1, width=1080, height=2340, fps=90.0}, {id=2, width=1080, height=2340, fps=60.000004}], colorMode 0, supportedColorModes [0, 7, 9], HdrCapabilities HdrCapabilities{mSupportedHdrTypes=[2, 3, 4], mMaxLuminance=500.0, mMaxAverageLuminance=500.0, mMinLuminance=0.0}, allmSupported false, gameContentTypeSupported false, density 440, 435.428 x 433.839 dpi, appVsyncOff 2333333, presDeadline 11500000, cutout DisplayCutout{insets=Rect(0, 136 - 0, 0) waterfall=Insets{left=0, top=0, right=0, bottom=0} boundingRect={Bounds=[Rect(0, 0 - 0, 0), Rect(0, 0 - 136, 136), Rect(0, 0 - 0, 0), Rect(0, 0 - 0, 0)]}}, touch INTERNAL, rotation 0, type INTERNAL, address {port=129, model=0x446d53ad64a0}, deviceProductInfo DeviceProductInfo{name=, manufacturerPnpId=QCM, productId=1, modelYear=null, manufactureDate=ManufactureDate{week=27, year=2006}, relativeAddress=null}, state ON, FLAG_DEFAULT_DISPLAY, FLAG_ROTATES_WITH_CONTENT, FLAG_SECURE, FLAG_SUPPORTS_PROTECTED_BUFFERS}
09-02 02:43:19.069  1513  1622 I ActivityTaskManager: Displayed com.opera.browser/com.opera.Opera: +327ms
09-02 02:43:19.076   901  2806 I sensors-hal: [ssc_utils]get_qmi_debug_flag:244, support_qmi_debug : false
09-02 02:43:19.088   901  1000 W ASH     : @ 60585.538: Unhandled msg ID 999: line 1277
09-02 02:43:19.088   901  1000 E ASH     : @ 60585.538: No pb callback assigned
09-02 02:43:19.088   901  1000 E ASH     : @ 60585.538: Nanopb error: callback failed:1588
09-02 02:43:19.108  9499 28440 E Backup  : [BackupAccountManagerService] Security Exception in getBackupAccount
09-02 02:43:19.108  9499 28440 E Backup  : java.lang.SecurityException: GoogleCertificatesRslt: not allowed: pkg=com.opera.browser, sha256=[5d6afbf87f652af04647ada0df634cf22370900b164b09d50bd23aa2cb5285b8], atk=false, ver=224312037.true (go/gsrlt)
09-02 02:43:19.108  9499 28440 E Backup  : 	at ybc.d(:com.google.android.gms@224312037@22.43.12 (150400-483592595):3)
09-02 02:43:19.108  9499 28440 E Backup  : 	at ybh.e(:com.google.android.gms@224312037@22.43.12 (150400-483592595):2)
09-02 02:43:19.108  9499 28440 E Backup  : 	at tnc.a(:com.google.android.gms@224312037@22.43.12 (150400-483592595):2)
09-02 02:43:19.108  9499 28440 E Backup  : 	at tki.a(:com.google.android.gms@224312037@22.43.12 (150400-483592595):0)
09-02 02:43:19.108  9499 28440 E Backup  : 	at tkk.b(:com.google.android.gms@224312037@22.43.12 (150400-483592595):4)
09-02 02:43:19.108  9499 28440 E Backup  : 	at tkk.a(:com.google.android.gms@224312037@22.43.12 (150400-483592595):0)
09-02 02:43:19.108  9499 28440 E Backup  : 	at nml.b(:com.google.android.gms@224312037@22.43.12 (150400-483592595):1)
09-02 02:43:19.108  9499 28440 E Backup  : 	at com.google.android.gms.auth.blockstore.service.BlockstoreApiChimeraService.d(:com.google.android.gms@224312037@22.43.12 (150400-483592595):0)
09-02 02:43:19.108  9499 28440 E Backup  : 	at com.google.android.gms.auth.blockstore.service.BlockstoreApiChimeraService.a(:com.google.android.gms@224312037@22.43.12 (150400-483592595):4)
09-02 02:43:19.108  9499 28440 E Backup  : 	at aqxz.a(:com.google.android.gms@224312037@22.43.12 (150400-483592595):0)
09-02 02:43:19.108  9499 28440 E Backup  : 	at aqyu.a(:com.google.android.gms@224312037@22.43.12 (150400-483592595):0)
09-02 02:43:19.108  9499 28440 E Backup  : 	at aqyx.gj(:com.google.android.gms@224312037@22.43.12 (150400-483592595):45)
09-02 02:43:19.108  9499 28440 E Backup  : 	at zbn.onTransact(:com.google.android.gms@224312037@22.43.12 (150400-483592595):5)
09-02 02:43:19.108  9499 28440 E Backup  : 	at android.os.Binder.transact(Binder.java:1043)
09-02 02:43:19.108  9499 28440 E Backup  : 	at akih.onTransact(:com.google.android.gms@224312037@22.43.12 (150400-483592595):17)
09-02 02:43:19.108  9499 28440 E Backup  : 	at android.os.Binder.transact(Binder.java:1043)
09-02 02:43:19.108  9499 28440 E Backup  : 	at gis.onTransact(:com.google.android.gms@224312037@22.43.12 (150400-483592595):2)
09-02 02:43:19.108  9499 28440 E Backup  : 	at android.os.Binder.execTransactInternal(Binder.java:1154)
09-02 02:43:19.108  9499 28440 E Backup  : 	at android.os.Binder.execTransact(Binder.java:1123)
09-02 02:43:19.109  9499  9516 I gle.android.gm: CollectorTransition concurrent copying GC freed 2376(224KB) AllocSpace objects, 0(0B) LOS objects, 75% free, 8021KB/31MB, paused 215us total 145.615ms
09-02 02:43:19.121  1513  1537 D CompatibilityChangeReporter: Compat change id reported: 135634846; UID 10261; state: DISABLED
09-02 02:43:19.121  1513  1625 D CompatibilityChangeReporter: Compat change id reported: 143937733; UID 10261; state: ENABLED
09-02 02:43:19.129   779   779 D Zygote  : Forked child process 27216
09-02 02:43:19.143 27216 27216 E ileged_process: Not starting debugger since process cannot load the jdwp agent.
09-02 02:43:19.144  1513  1625 I ActivityManager: Start proc 27216:com.opera.browser:privileged_process0/u0a261 for service {com.opera.browser/com.opera.android.browser.chromium.services.PrivilegedProcessService0}
09-02 02:43:19.157  9499  9552 I Backup  : [GmsBackupAccountManager] Backup account not found in gmscore.
09-02 02:43:19.160  1513  9003 D CompatibilityChangeReporter: Compat change id reported: 136274596; UID 10261; state: ENABLED
09-02 02:43:19.171  2816 27236 W ChimeraUtils: Module com.google.android.gms.backup_base has empty metadata display_name_string_id
09-02 02:43:19.177  9499  9552 I BlockstoreE2ESync: no backup account found. [CONTEXT service_id=258 ]
09-02 02:43:19.194 27216 27216 W ileged_process: JIT profile information will not be recorded: profile file does not exist.
09-02 02:43:19.194 27216 27216 W ileged_process: JIT profile information will not be recorded: profile file does not exist.
09-02 02:43:19.202 27216 27216 D NetworkSecurityConfig: Using Network Security Config from resource network_security_config_official_build debugBuild: false
09-02 02:43:19.202 27216 27216 D NetworkSecurityConfig: Using Network Security Config from resource network_security_config_official_build debugBuild: false
09-02 02:43:19.208  1513  2169 D ConnectivityService: requestNetwork for uid/pid:10261/27026 NetworkRequest [ TRACK_DEFAULT id=2788, [ Capabilities: INTERNET&NOT_RESTRICTED&TRUSTED Uid: 10261 AdministratorUids: [] RequestorUid: 10261 RequestorPackageName: com.opera.browser] ]
09-02 02:43:19.209  1513  2000 D ConnectivityService: NetReassign [2788 : null → 100]
09-02 02:43:19.209  1513  1996 D WifiNetworkFactory: got request NetworkRequest [ TRACK_DEFAULT id=2788, [ Capabilities: INTERNET&NOT_RESTRICTED&TRUSTED Uid: 10261 AdministratorUids: [] RequestorUid: 10261 RequestorPackageName: com.opera.browser] ] with score 60 and providerId 5
09-02 02:43:19.209  1513  2037 D WIFI_AWARE_FACTORY: got request NetworkRequest [ TRACK_DEFAULT id=2788, [ Capabilities: INTERNET&NOT_RESTRICTED&TRUSTED Uid: 10261 AdministratorUids: [] RequestorUid: 10261 RequestorPackageName: com.opera.browser] ] with score 60 and providerId 5
09-02 02:43:19.209  1513  1996 D UntrustedWifiNetworkFactory: got request NetworkRequest [ TRACK_DEFAULT id=2788, [ Capabilities: INTERNET&NOT_RESTRICTED&TRUSTED Uid: 10261 AdministratorUids: [] RequestorUid: 10261 RequestorPackageName: com.opera.browser] ] with score 60 and providerId 5
09-02 02:43:19.210  1513  2000 D ConnectivityService: NetReassign [no changes]
09-02 02:43:19.210  1513  2038 D Ethernet: got request NetworkRequest [ TRACK_DEFAULT id=2788, [ Capabilities: INTERNET&NOT_RESTRICTED&TRUSTED Uid: 10261 AdministratorUids: [] RequestorUid: 10261 RequestorPackageName: com.opera.browser] ] with score 60 and providerId 5
09-02 02:43:19.210  2474  2474 D PhoneSwitcherNetworkRequstListener: got request NetworkRequest [ TRACK_DEFAULT id=2788, [ Capabilities: INTERNET&NOT_RESTRICTED&TRUSTED Uid: 10261 AdministratorUids: [] RequestorUid: 10261 RequestorPackageName: com.opera.browser] ] with score 60 and providerId 5
09-02 02:43:19.258  2858  2858 I GoogleInputMethodService: GoogleInputMethodService.onFinishInput():3280 
09-02 02:43:19.259  2858  2858 I GoogleInputMethodService: GoogleInputMethodService.updateDeviceLockedStatus():2169 repeatCheckTimes = 0, unlocked = true
09-02 02:43:19.259  2858  2858 I GoogleInputMethodService: GoogleInputMethodService.onStartInput():1960 onStartInput(EditorInfo{inputType=0x0(NULL) imeOptions=0x0 privateImeOptions=null actionName=UNSPECIFIED actionLabel=null actionId=0 initialSelStart=-1 initialSelEnd=-1 initialCapsMode=0x0 hintText=null label=null packageName=com.opera.browser fieldId=-1 fieldName=null extras=null}, false)
09-02 02:43:19.259  2858  2858 I GoogleInputMethodService: GoogleInputMethodService.shouldHideHeaderOnInitialState():4081 ShouldHideHeaderOnInitialState = false
09-02 02:43:19.260  2858  2858 I GoogleInputMethodService: GoogleInputMethodService.updateDeviceLockedStatus():2169 repeatCheckTimes = 2, unlocked = true
09-02 02:43:19.270 27216 27242 I AdrenoGLES-0: QUALCOMM build                   : 35605c3, Ia11ce2d146
09-02 02:43:19.270 27216 27242 I AdrenoGLES-0: Build Date                       : 09/02/20
09-02 02:43:19.270 27216 27242 I AdrenoGLES-0: OpenGL ES Shader Compiler Version: EV031.31.04.00
09-02 02:43:19.270 27216 27242 I AdrenoGLES-0: Local Branch                     : gfx-adreno.lnx.2.0
09-02 02:43:19.270 27216 27242 I AdrenoGLES-0: Remote Branch                    : 
09-02 02:43:19.270 27216 27242 I AdrenoGLES-0: Remote Branch                    : 
09-02 02:43:19.270 27216 27242 I AdrenoGLES-0: Reconstruct Branch               : 
09-02 02:43:19.270 27216 27242 I AdrenoGLES-0: Build Config                     : S P 10.0.4 AArch32
09-02 02:43:19.270 27216 27242 I AdrenoGLES-0: Driver Path                      : /vendor/lib/egl/libGLESv2_adreno.so
09-02 02:43:19.278 27216 27242 I AdrenoGLES-0: PFP: 0x016dd090, ME: 0x00000000
09-02 02:43:19.287 27216 27242 W AdrenoUtils: <ReadGpuID_from_sysfs:197>: Failed to open /sys/class/kgsl/kgsl-3d0/gpu_model
09-02 02:43:19.287 27216 27242 W AdrenoUtils: <ReadGpuID:221>: Failed to read chip ID from gpu_model. Fallback to use the GSL path
09-02 02:43:19.345 27026 27113 E [Leanplum][ERROR]: No variable values were received from the server. Please contact us to investigate.
09-02 02:43:19.386  2158  2158 I WallpaperService: engine paused
09-02 02:43:19.388   901   901 I sensors-hal: [hal]activate_physical_sensor:238, android.sensor.gyroscope/41 en=0
09-02 02:43:19.392   901   901 D Diag_Lib: diag: Diag_LSM_DeInit done for pid: 901
09-02 02:43:19.392   901   901 D Diag_Lib: diag: Diag_LSM_DeInit done for pid: 901
09-02 02:43:19.392   901   901 I sensors-hal: [hal]activate_physical_sensor:249, android.sensor.gyroscope/41 en=0 completed
09-02 02:43:19.398  1513  1537 D CompatibilityChangeReporter: Compat change id reported: 149924527; UID 10261; state: ENABLED
09-02 02:43:19.400  1513  1537 D CompatibilityChangeReporter: Compat change id reported: 132649864; UID 10261; state: DISABLED
09-02 02:43:19.404  9499  9499 D BoundBrokerSvc: onBind: Intent { act=com.google.android.gms.safetynet.service.START pkg=com.google.android.gms }
09-02 02:43:19.404  9499  9499 D BoundBrokerSvc: Loading bound service for intent: Intent { act=com.google.android.gms.safetynet.service.START pkg=com.google.android.gms }
09-02 02:43:19.404  1513  8184 I AdrenoGLES-0: QUALCOMM build                   : 35605c3, Ia11ce2d146
09-02 02:43:19.404  1513  8184 I AdrenoGLES-0: Build Date                       : 09/02/20
09-02 02:43:19.404  1513  8184 I AdrenoGLES-0: OpenGL ES Shader Compiler Version: EV031.31.04.00
09-02 02:43:19.404  1513  8184 I AdrenoGLES-0: Local Branch                     : gfx-adreno.lnx.2.0
09-02 02:43:19.404  1513  8184 I AdrenoGLES-0: Remote Branch                    : 
09-02 02:43:19.404  1513  8184 I AdrenoGLES-0: Remote Branch                    : 
09-02 02:43:19.404  1513  8184 I AdrenoGLES-0: Reconstruct Branch               : 
09-02 02:43:19.404  1513  8184 I AdrenoGLES-0: Build Config                     : S P 10.0.4 AArch64
09-02 02:43:19.404  1513  8184 I AdrenoGLES-0: Driver Path                      : /vendor/lib64/egl/libGLESv2_adreno.so
09-02 02:43:19.412  1513  8184 I AdrenoGLES-0: PFP: 0x016dd090, ME: 0x00000000
09-02 02:43:19.478  1513  2169 D CompatibilityChangeReporter: Compat change id reported: 135634846; UID 10261; state: DISABLED
09-02 02:43:19.479  1513  1625 D CompatibilityChangeReporter: Compat change id reported: 143937733; UID 10261; state: ENABLED
09-02 02:43:19.487   779   779 D Zygote  : Forked child process 27308
09-02 02:43:19.488  2858  2858 I GoogleInputMethodService: GoogleInputMethodService.onFinishInput():3280 
09-02 02:43:19.488  2858  2858 I GoogleInputMethodService: GoogleInputMethodService.updateDeviceLockedStatus():2169 repeatCheckTimes = 0, unlocked = true
09-02 02:43:19.489  2858  2858 I GoogleInputMethodService: GoogleInputMethodService.onStartInput():1960 onStartInput(EditorInfo{inputType=0x0(NULL) imeOptions=0x12000000 privateImeOptions=null actionName=UNSPECIFIED actionLabel=null actionId=0 initialSelStart=-1 initialSelEnd=-1 initialCapsMode=0x0 hintText=null label=null packageName=com.opera.browser fieldId=-1 fieldName=null extras=null}, false)
09-02 02:43:19.489  2858  2858 I GoogleInputMethodService: GoogleInputMethodService.shouldHideHeaderOnInitialState():4081 ShouldHideHeaderOnInitialState = false
09-02 02:43:19.489  2858  2858 I GoogleInputMethodService: GoogleInputMethodService.updateDeviceLockedStatus():2169 repeatCheckTimes = 2, unlocked = true
09-02 02:43:19.489  1075  2481 W ServiceManager: Permission failure: android.permission.SYSTEM_CAMERA from uid=10261 pid=27026
09-02 02:43:19.490  1075  2481 I chatty  : uid=1047(cameraserver) Binder:1075_4 identical 4 lines
09-02 02:43:19.490  1075  2481 W ServiceManager: Permission failure: android.permission.SYSTEM_CAMERA from uid=10261 pid=27026
09-02 02:43:19.494  1513  1625 I ActivityManager: Start proc 27308:com.opera.browser:sandboxed_process0/u0a261 for service {com.opera.browser/com.opera.android.browser.chromium.services.SandboxedProcessService0}
09-02 02:43:19.505 27308 27308 E dboxed_process: Not starting debugger since process cannot load the jdwp agent.
09-02 02:43:19.505   901  2806 I sensors-hal: [ssc_utils]get_qmi_debug_flag:244, support_qmi_debug : false
09-02 02:43:19.519  1513  1537 D CompatibilityChangeReporter: Compat change id reported: 136274596; UID 10261; state: ENABLED
09-02 02:43:19.525 27026 27053 W SQLiteLog: (28) double-quoted string literal: "not_interested"
09-02 02:43:19.527   901  1000 W ASH     : @ 60585.978: Unhandled msg ID 999: line 1277
09-02 02:43:19.528   901  1000 E ASH     : @ 60585.978: No pb callback assigned
09-02 02:43:19.528   901  1000 E ASH     : @ 60585.978: Nanopb error: callback failed:1588
09-02 02:43:19.538 27026 27053 W SQLiteLog: (28) double-quoted string literal: "report"
09-02 02:43:19.548 27308 27308 W dboxed_process: JIT profile information will not be recorded: profile file does not exist.
09-02 02:43:19.548 27308 27308 W dboxed_process: JIT profile information will not be recorded: profile file does not exist.
09-02 02:43:19.559 27026 27026 W InputMethodManager: Ignoring onBind: cur seq=3384, given seq=3383
09-02 02:43:19.560 27308 27308 D NetworkSecurityConfig: Using Network Security Config from resource network_security_config_official_build debugBuild: false
09-02 02:43:19.561 27308 27308 D NetworkSecurityConfig: Using Network Security Config from resource network_security_config_official_build debugBuild: false
09-02 02:43:19.569   901  2806 I sensors-hal: [ssc_utils]get_qmi_debug_flag:244, support_qmi_debug : false
09-02 02:43:19.610   901  1000 W ASH     : @ 60586.060: Unhandled msg ID 999: line 1277
09-02 02:43:19.610   901  1000 E ASH     : @ 60586.060: No pb callback assigned
09-02 02:43:19.610   901  1000 E ASH     : @ 60586.060: Nanopb error: callback failed:1588
09-02 02:43:19.611  1075   812 W ServiceManager: Permission failure: android.permission.SYSTEM_CAMERA from uid=10261 pid=27026
09-02 02:43:19.612  1075   812 I chatty  : uid=1047(cameraserver) Binder:1075_8 identical 4 lines
09-02 02:43:19.612  1075   812 W ServiceManager: Permission failure: android.permission.SYSTEM_CAMERA from uid=10261 pid=27026
09-02 02:43:19.617  2816  3875 I FontLog : Received query Noto Color Emoji Compat, URI content://com.google.android.gms.fonts [CONTEXT service_id=132 ]
09-02 02:43:19.617  2816  3875 I FontLog : Query [emojicompat-emoji-font] resolved to {Noto Color Emoji Compat, wdth 100.0, wght 400, ital 0.0, bestEffort false} [CONTEXT service_id=132 ]
09-02 02:43:19.617  2816 12475 W NetworkScheduler: Error inserting flex_time=2661000 job_id=-1 period=5323000 source=16 requires_charging=0 preferred_network_type=1 target_class=com.google.android.gms.measurement.PackageMeasurementTaskService user_id=0 target_package=com.google.android.gms tag=Measurement.PackageMeasurementTaskService.UPLOAD_TASK_TAG task_type=0 required_idleness_state=0 service_kind=0 source_version=224312000 persistence_level=1 preferred_charging_state=1 required_network_type=0 runtime=1693615399608 retry_strategy={"maximum_backoff_seconds":{"3600":0},"initial_backoff_seconds":{"30":0},"retry_policy":{"0":0}} last_runtime=0 [CONTEXT service_id=218 ]
09-02 02:43:19.617  2816 12475 W NetworkScheduler: android.database.sqlite.SQLiteConstraintException: UNIQUE constraint failed: pending_ops.tag, pending_ops.target_class, pending_ops.target_package, pending_ops.user_id (code 2067 SQLITE_CONSTRAINT_UNIQUE)
09-02 02:43:19.617  2816 12475 W NetworkScheduler: 	at android.database.sqlite.SQLiteConnection.nativeExecuteForLastInsertedRowId(Native Method)
09-02 02:43:19.617  2816 12475 W NetworkScheduler: 	at android.database.sqlite.SQLiteConnection.executeForLastInsertedRowId(SQLiteConnection.java:938)
09-02 02:43:19.617  2816 12475 W NetworkScheduler: 	at android.database.sqlite.SQLiteSession.executeForLastInsertedRowId(SQLiteSession.java:790)
09-02 02:43:19.617  2816 12475 W NetworkScheduler: 	at android.database.sqlite.SQLiteStatement.executeInsert(SQLiteStatement.java:88)
09-02 02:43:19.617  2816 12475 W NetworkScheduler: 	at android.database.sqlite.SQLiteDatabase.insertWithOnConflict(SQLiteDatabase.java:1701)
09-02 02:43:19.617  2816 12475 W NetworkScheduler: 	at android.database.sqlite.SQLiteDatabase.insertOrThrow(SQLiteDatabase.java:1596)
09-02 02:43:19.617  2816 12475 W NetworkScheduler: 	at biky.g(:com.google.android.gms@224312037@22.43.12 (150400-483592595):53)
09-02 02:43:19.617  2816 12475 W NetworkScheduler: 	at bijr.n(:com.google.android.gms@224312037@22.43.12 (150400-483592595):3)
09-02 02:43:19.617  2816 12475 W NetworkScheduler: 	at bijr.u(:com.google.android.gms@224312037@22.43.12 (150400-483592595):20)
09-02 02:43:19.617  2816 12475 W NetworkScheduler: 	at bijr.h(:com.google.android.gms@224312037@22.43.12 (150400-483592595):3)
09-02 02:43:19.617  2816 12475 W NetworkScheduler: 	at bifi.run(:com.google.android.gms@224312037@22.43.12 (150400-483592595):9)
09-02 02:43:19.617  2816 12475 W NetworkScheduler: 	at zqv.c(:com.google.android.gms@224312037@22.43.12 (150400-483592595):6)
09-02 02:43:19.617  2816 12475 W NetworkScheduler: 	at zqv.run(:com.google.android.gms@224312037@22.43.12 (150400-483592595):7)
09-02 02:43:19.617  2816 12475 W NetworkScheduler: 	at java.util.concurrent.ThreadPoolExecutor.runWorker(ThreadPoolExecutor.java:1167)
09-02 02:43:19.617  2816 12475 W NetworkScheduler: 	at java.util.concurrent.ThreadPoolExecutor$Worker.run(ThreadPoolExecutor.java:641)
09-02 02:43:19.617  2816 12475 W NetworkScheduler: 	at zwa.run(:com.google.android.gms@224312037@22.43.12 (150400-483592595):0)
09-02 02:43:19.617  2816 12475 W NetworkScheduler: 	at java.lang.Thread.run(Thread.java:923)
09-02 02:43:19.617  2816  3875 I FontLog : Fetch {Noto Color Emoji Compat, wdth 100.0, wght 400, ital 0.0, bestEffort false} end status Status{statusCode=SUCCESS, resolution=null} [CONTEXT service_id=132 ]
09-02 02:43:19.620 27026 27026 W View    : requestLayout() improperly called by android.widget.FrameLayout{1719961 VFE...C.. ......ID 320,1874-1069,2131 #7f0a01ca app:id/content} during layout: running second layout pass
09-02 02:43:19.620  2816  3133 I FontLog : Pulling font file for id = 2198, cache size = 6 [CONTEXT service_id=132 ]
09-02 02:43:19.620 10955 17343 I Finsky  : [5696] ncc.l(14): com.opera.browser: Account determined from installer data - [y0_1NG5HTmzf0bF7VytAKz9iHAD6w7yU52Le3i0fi68]
09-02 02:43:19.621 10955 17343 I Finsky  : [5696] ncc.l(61): Billing preferred account via installer for com.opera.browser: [y0_1NG5HTmzf0bF7VytAKz9iHAD6w7yU52Le3i0fi68]
09-02 02:43:19.622 10955 17343 W Finsky  : [5696] hgm.i(10): Unsupported billing API version: 19
09-02 02:43:19.622 10955 17343 I Finsky  : [5696] ncc.l(14): com.opera.browser: Account determined from installer data - [y0_1NG5HTmzf0bF7VytAKz9iHAD6w7yU52Le3i0fi68]
09-02 02:43:19.622 10955 17343 I Finsky  : [5696] ncc.l(61): Billing preferred account via installer for com.opera.browser: [y0_1NG5HTmzf0bF7VytAKz9iHAD6w7yU52Le3i0fi68]
09-02 02:43:19.623 10955 17343 W Finsky  : [5696] hgm.i(10): Unsupported billing API version: 18
09-02 02:43:19.623 10955  8077 I Finsky  : [5645] ncc.l(14): com.opera.browser: Account determined from installer data - [y0_1NG5HTmzf0bF7VytAKz9iHAD6w7yU52Le3i0fi68]
09-02 02:43:19.624 10955  8077 I Finsky  : [5645] ncc.l(61): Billing preferred account via installer for com.opera.browser: [y0_1NG5HTmzf0bF7VytAKz9iHAD6w7yU52Le3i0fi68]
09-02 02:43:19.625 10955  8077 I Finsky  : [5645] ncc.l(14): com.opera.browser: Account determined from installer data - [y0_1NG5HTmzf0bF7VytAKz9iHAD6w7yU52Le3i0fi68]
09-02 02:43:19.625 10955  8077 I Finsky  : [5645] ncc.l(61): Billing preferred account via installer for com.opera.browser: [y0_1NG5HTmzf0bF7VytAKz9iHAD6w7yU52Le3i0fi68]
09-02 02:43:19.626 10955  8077 W Finsky  : [5645] hgm.i(10): Unsupported billing API version: 19
09-02 02:43:19.626 10955  8077 I Finsky  : [5645] ncc.l(14): com.opera.browser: Account determined from installer data - [y0_1NG5HTmzf0bF7VytAKz9iHAD6w7yU52Le3i0fi68]
09-02 02:43:19.626 10955  8077 I Finsky  : [5645] ncc.l(61): Billing preferred account via installer for com.opera.browser: [y0_1NG5HTmzf0bF7VytAKz9iHAD6w7yU52Le3i0fi68]
09-02 02:43:19.627 10955  8077 W Finsky  : [5645] hgm.i(10): Unsupported billing API version: 18
09-02 02:43:19.627 10955 17343 I Finsky  : [5696] ncc.l(14): com.opera.browser: Account determined from installer data - [y0_1NG5HTmzf0bF7VytAKz9iHAD6w7yU52Le3i0fi68]
09-02 02:43:19.627 10955 17343 I Finsky  : [5696] ncc.l(61): Billing preferred account via installer for com.opera.browser: [y0_1NG5HTmzf0bF7VytAKz9iHAD6w7yU52Le3i0fi68]
09-02 02:43:19.627  2816  3133 I FontLog : Pulling font file for id = 2198, cache size = 6 [CONTEXT service_id=132 ]
09-02 02:43:19.636  2816  3133 I FontLog : Received query name=Google Sans&weight=700&besteffort=false, URI content://com.google.android.gms.fonts [CONTEXT service_id=132 ]
09-02 02:43:19.636  2816  3133 I FontLog : Query [name=Google Sans&weight=700&besteffort=false] resolved to {Google Sans, wdth 100.0, wght 700, ital 0.0, bestEffort false} [CONTEXT service_id=132 ]
09-02 02:43:19.638 10955 17343 I Finsky  : [5696] ncc.l(14): com.opera.browser: Account determined from installer data - [y0_1NG5HTmzf0bF7VytAKz9iHAD6w7yU52Le3i0fi68]
09-02 02:43:19.638  2816  3133 I FontLog : Fetch {Google Sans, wdth 100.0, wght 700, ital 0.0, bestEffort false} end status Status{statusCode=SUCCESS, resolution=null} [CONTEXT service_id=132 ]
09-02 02:43:19.638 10955 17343 I Finsky  : [5696] ncc.l(61): Billing preferred account via installer for com.opera.browser: [y0_1NG5HTmzf0bF7VytAKz9iHAD6w7yU52Le3i0fi68]
09-02 02:43:19.646  2816  3133 I FontLog : Pulling font file for id = 2199, cache size = 7 [CONTEXT service_id=132 ]
09-02 02:43:19.666  2816  3133 I FontLog : Received query name=Noto Color Emoji Compat&weight=400&besteffort=false, URI content://com.google.android.gms.fonts [CONTEXT service_id=132 ]
09-02 02:43:19.666  2816  3133 I FontLog : Query [name=Noto Color Emoji Compat&weight=400&besteffort=false] resolved to {Noto Color Emoji Compat, wdth 100.0, wght 400, ital 0.0, bestEffort false} [CONTEXT service_id=132 ]
09-02 02:43:19.668  2816  3133 I FontLog : Fetch {Noto Color Emoji Compat, wdth 100.0, wght 400, ital 0.0, bestEffort false} end status Status{statusCode=SUCCESS, resolution=null} [CONTEXT service_id=132 ]
09-02 02:43:19.669  2816  3133 I FontLog : Pulling font file for id = 2200, cache size = 5 [CONTEXT service_id=132 ]
09-02 02:43:19.671  2816  3133 I FontLog : Received query name=Google Sans&weight=400&besteffort=false, URI content://com.google.android.gms.fonts [CONTEXT service_id=132 ]
09-02 02:43:19.671  2816  3133 I FontLog : Query [name=Google Sans&weight=400&besteffort=false] resolved to {Google Sans, wdth 100.0, wght 400, ital 0.0, bestEffort false} [CONTEXT service_id=132 ]
09-02 02:43:19.672  2816  3133 I FontLog : Font PFD returned from cache for {Google Sans, wdth 100.0, wght 400, ital 0.0, bestEffort false} [CONTEXT service_id=132 ]
09-02 02:43:19.672  2816  3133 I FontLog : Fetch {Google Sans, wdth 100.0, wght 400, ital 0.0, bestEffort false} end status Status{statusCode=SUCCESS, resolution=null} [CONTEXT service_id=132 ]
09-02 02:43:19.676  2816  3133 I FontLog : Pulling font file for id = 2201, cache size = 6 [CONTEXT service_id=132 ]
09-02 02:43:19.680  2816  3133 I FontLog : Received query name=Google Sans&weight=500&besteffort=false, URI content://com.google.android.gms.fonts [CONTEXT service_id=132 ]
09-02 02:43:19.681  2816  3133 I FontLog : Query [name=Google Sans&weight=500&besteffort=false] resolved to {Google Sans, wdth 100.0, wght 500, ital 0.0, bestEffort false} [CONTEXT service_id=132 ]
09-02 02:43:19.682  2816  3133 I FontLog : Font PFD returned from cache for {Google Sans, wdth 100.0, wght 500, ital 0.0, bestEffort false} [CONTEXT service_id=132 ]
09-02 02:43:19.682  2816  3133 I FontLog : Fetch {Google Sans, wdth 100.0, wght 500, ital 0.0, bestEffort false} end status Status{statusCode=SUCCESS, resolution=null} [CONTEXT service_id=132 ]
09-02 02:43:19.685  2816  3133 I FontLog : Pulling font file for id = 2202, cache size = 6 [CONTEXT service_id=132 ]
09-02 02:43:19.710 27216 27360 W VideoCapabilities: Unrecognized level 1879048707 for video/x-vnd.on2.vp8
09-02 02:43:19.710 27216 27360 W VideoCapabilities: Unrecognized profile 1879048704 for video/x-vnd.on2.vp8
09-02 02:43:19.710 27216 27360 W VideoCapabilities: Unrecognized level 1879048707 for video/x-vnd.on2.vp8
09-02 02:43:19.710 27216 27360 W VideoCapabilities: Unrecognized profile 1879048704 for video/x-vnd.on2.vp8
09-02 02:43:19.712 27216 27360 W VideoCapabilities: Unsupported mime image/vnd.android.heic
09-02 02:43:19.712 27216 27360 W VideoCapabilities: Unrecognized level 1879048707 for video/x-vnd.on2.vp8
09-02 02:43:19.712 27216 27360 W VideoCapabilities: Unrecognized profile 1879048704 for video/x-vnd.on2.vp8
09-02 02:43:19.712 27216 27360 W VideoCapabilities: Unrecognized level 1879048707 for video/x-vnd.on2.vp8
09-02 02:43:19.712 27216 27360 W VideoCapabilities: Unrecognized profile 1879048704 for video/x-vnd.on2.vp8
09-02 02:43:19.715  1075   812 W ServiceManager: Permission failure: android.permission.SYSTEM_CAMERA from uid=10261 pid=27026
09-02 02:43:19.717  1075   812 I chatty  : uid=1047(cameraserver) Binder:1075_8 identical 4 lines
09-02 02:43:19.717  1075   812 W ServiceManager: Permission failure: android.permission.SYSTEM_CAMERA from uid=10261 pid=27026
09-02 02:43:19.855  1513  2000 D ConnectivityService: NetReassign [no changes]
09-02 02:43:20.006   901  2806 I sensors-hal: [ssc_utils]get_qmi_debug_flag:244, support_qmi_debug : false
09-02 02:43:20.020   901  2806 I sensors-hal: [ssc_utils]get_qmi_debug_flag:244, support_qmi_debug : false
09-02 02:43:20.024   901  1000 W ASH     : @ 60586.475: Unhandled msg ID 999: line 1277
09-02 02:43:20.024   901  1000 E ASH     : @ 60586.475: No pb callback assigned
09-02 02:43:20.024   901  1000 E ASH     : @ 60586.475: Nanopb error: callback failed:1588
09-02 02:43:20.030  1513  2060 W SyncManager: failed sync operation JobId=102750 ***/com.opera.browser.ping u0 [com.opera.browser.ping.provider] OTHER ExpectedIn=0s Reason=10261 Retries=137, SyncResult: delayUntil: 1693621265 stats [ numIoExceptions: 1]
09-02 02:43:20.048   901  1000 W ASH     : @ 60586.498: Unhandled msg ID 999: line 1277
09-02 02:43:20.048   901  1000 E ASH     : @ 60586.498: No pb callback assigned
09-02 02:43:20.048   901  1000 E ASH     : @ 60586.498: Nanopb error: callback failed:1588
09-02 02:43:20.288   901  1000 D VSC     : @ 60586.739: [WO] tilt angle 87
09-02 02:43:20.531   901  2806 I sensors-hal: [ssc_utils]get_qmi_debug_flag:244, support_qmi_debug : false
09-02 02:43:20.568   901  1000 W ASH     : @ 60587.018: Unhandled msg ID 999: line 1277
09-02 02:43:20.568   901  1000 E ASH     : @ 60587.018: No pb callback assigned
09-02 02:43:20.568   901  1000 E ASH     : @ 60587.018: Nanopb error: callback failed:1588
09-02 02:43:20.934 27026 27038 I m.opera.browse: Background young concurrent copying GC freed 318683(18MB) AllocSpace objects, 223(6656KB) LOS objects, 92% free, 8289KB/104MB, paused 238us total 161.248ms
09-02 02:43:22.290   901  1000 D VSC     : @ 60588.738: [WO] tilt angle 87
09-02 02:43:22.879  1513  2000 D ConnectivityService: NetReassign [no changes]
09-02 02:43:23.709   901  2806 I sensors-hal: [ssc_utils]get_qmi_debug_flag:244, support_qmi_debug : false
09-02 02:43:23.720   594   655 I SDM     : HWDeviceDRM::UpdateMixerAttributes: Mixer WxH 1080x2340-1 for Peripheral
09-02 02:43:23.720   594   655 I SDM     : DisplayBase::SetActiveConfig: Active configuration changed to: 0
09-02 02:43:23.720   594   655 I SDM     : StrategyImpl::SetIdleTimeoutMs: Idle timeout set to zero for command mode panels
09-02 02:43:23.725   901  2806 I sensors-hal: [ssc_utils]get_qmi_debug_flag:244, support_qmi_debug : false
09-02 02:43:23.728   901  1000 W ASH     : @ 60590.178: Unhandled msg ID 999: line 1277
09-02 02:43:23.728   901  1000 E ASH     : @ 60590.178: No pb callback assigned
09-02 02:43:23.728   901  1000 E ASH     : @ 60590.178: Nanopb error: callback failed:1588
09-02 02:43:23.741  1513  1572 I DisplayManagerService: Display device changed: DisplayDeviceInfo{"Built-in Screen": uniqueId="local:19260504575090817", 1080 x 2340, modeId 2, defaultModeId 2, supportedModes [{id=1, width=1080, height=2340, fps=90.0}, {id=2, width=1080, height=2340, fps=60.000004}], colorMode 0, supportedColorModes [0, 7, 9], HdrCapabilities HdrCapabilities{mSupportedHdrTypes=[2, 3, 4], mMaxLuminance=500.0, mMaxAverageLuminance=500.0, mMinLuminance=0.0}, allmSupported false, gameContentTypeSupported false, density 440, 435.428 x 433.839 dpi, appVsyncOff 2333332, presDeadline 11500000, cutout DisplayCutout{insets=Rect(0, 136 - 0, 0) waterfall=Insets{left=0, top=0, right=0, bottom=0} boundingRect={Bounds=[Rect(0, 0 - 0, 0), Rect(0, 0 - 136, 136), Rect(0, 0 - 0, 0), Rect(0, 0 - 0, 0)]}}, touch INTERNAL, rotation 0, type INTERNAL, address {port=129, model=0x446d53ad64a0}, deviceProductInfo DeviceProductInfo{name=, manufacturerPnpId=QCM, productId=1, modelYear=null, manufactureDate=ManufactureDate{week=27, year=2006}, relativeAddress=null}, state ON, FLAG_DEFAULT_DISPLAY, FLAG_ROTATES_WITH_CONTENT, FLAG_SECURE, FLAG_SUPPORTS_PROTECTED_BUFFERS}
09-02 02:43:23.761   594   655 I SDM     : StrategyImpl::SetIdleTimeoutMs: Idle timeout set to zero for command mode panels
09-02 02:43:23.768   901  1000 W ASH     : @ 60590.218: Unhandled msg ID 999: line 1277
09-02 02:43:23.768   901  1000 E ASH     : @ 60590.218: No pb callback assigned
09-02 02:43:23.768   901  1000 E ASH     : @ 60590.218: Nanopb error: callback failed:1588
09-02 02:43:23.821 27026 27038 I m.opera.browse: WaitForGcToComplete blocked RunEmptyCheckpoint on ProfileSaver for 17.211ms
09-02 02:43:24.040 27409 27409 W app_process: type=1400 audit(0.0:7154): avc: denied { read } for name="u:object_r:device_config_runtime_native_boot_prop:s0" dev="tmpfs" ino=10163 scontext=u:r:shell:s0 tcontext=u:object_r:device_config_runtime_native_boot_prop:s0 tclass=file permissive=0
09-02 02:43:24.040 27409 27409 I chatty  : uid=2000(shell) app_process identical 2 lines
09-02 02:43:24.040 27409 27409 W app_process: type=1400 audit(0.0:7157): avc: denied { read } for name="u:object_r:device_config_runtime_native_boot_prop:s0" dev="tmpfs" ino=10163 scontext=u:r:shell:s0 tcontext=u:object_r:device_config_runtime_native_boot_prop:s0 tclass=file permissive=0
09-02 02:43:24.040 27409 27409 D AndroidRuntime: >>>>>> START com.android.internal.os.RuntimeInit uid 2000 <<<<<<
09-02 02:43:24.041 27409 27409 E libc    : Access denied finding property "persist.device_config.runtime_native_boot.profilebootclasspath"
09-02 02:43:24.041 27409 27409 E libc    : Access denied finding property "persist.device_config.runtime_native_boot.enable_apex_image"
09-02 02:43:24.041 27409 27409 I AndroidRuntime: Using default boot image
09-02 02:43:24.041 27409 27409 E libc    : Access denied finding property "persist.device_config.runtime_native_boot.disable_lock_profiling"
09-02 02:43:24.041 27409 27409 I AndroidRuntime: Leaving lock profiling enabled
09-02 02:43:24.042 27409 27409 E libc    : Access denied finding property "persist.device_config.runtime_native_boot.enable_generational_cc"
09-02 02:43:24.101 27409 27409 D app_process: Time zone APEX ICU file found: /apex/com.android.tzdata/etc/icu/icu_tzdata.dat
09-02 02:43:24.101 27409 27409 D app_process: I18n APEX ICU file found: /apex/com.android.i18n/etc/icu/icudt66l.dat
09-02 02:43:24.108 27409 27409 I app_process: The ClassLoaderContext is a special shared library.
09-02 02:43:24.119 27409 27409 W app_process: JNI RegisterNativeMethods: attempt to register 0 native methods for android.media.AudioAttributes
09-02 02:43:24.123 27409 27409 D AndroidRuntime: Calling main entry com.android.commands.input.Input
09-02 02:43:24.129  1513  1572 I DisplayManagerService: Display device changed: DisplayDeviceInfo{"Built-in Screen": uniqueId="local:19260504575090817", 1080 x 2340, modeId 1, defaultModeId 2, supportedModes [{id=1, width=1080, height=2340, fps=90.0}, {id=2, width=1080, height=2340, fps=60.000004}], colorMode 0, supportedColorModes [0, 7, 9], HdrCapabilities HdrCapabilities{mSupportedHdrTypes=[2, 3, 4], mMaxLuminance=500.0, mMaxAverageLuminance=500.0, mMinLuminance=0.0}, allmSupported false, gameContentTypeSupported false, density 440, 435.428 x 433.839 dpi, appVsyncOff 2333333, presDeadline 11500000, cutout DisplayCutout{insets=Rect(0, 136 - 0, 0) waterfall=Insets{left=0, top=0, right=0, bottom=0} boundingRect={Bounds=[Rect(0, 0 - 0, 0), Rect(0, 0 - 136, 136), Rect(0, 0 - 0, 0), Rect(0, 0 - 0, 0)]}}, touch INTERNAL, rotation 0, type INTERNAL, address {port=129, model=0x446d53ad64a0}, deviceProductInfo DeviceProductInfo{name=, manufacturerPnpId=QCM, productId=1, modelYear=null, manufactureDate=ManufactureDate{week=27, year=2006}, relativeAddress=null}, state ON, FLAG_DEFAULT_DISPLAY, FLAG_ROTATES_WITH_CONTENT, FLAG_SECURE, FLAG_SUPPORTS_PROTECTED_BUFFERS}
09-02 02:43:24.129   594   655 I SDM     : HWDeviceDRM::UpdateMixerAttributes: Mixer WxH 1080x2340-1 for Peripheral
