09-02 02:44:52.361 28198 28198 D AndroidRuntime: Shutting down VM
09-02 02:44:52.363   901  2806 I sensors-hal: [ssc_utils]get_qmi_debug_flag:244, support_qmi_debug : false
09-02 02:44:52.370   901  1000 W ASH     : @ 60678.821: Unhandled msg ID 999: line 1277
09-02 02:44:52.370   901  1000 E ASH     : @ 60678.821: No pb callback assigned
09-02 02:44:52.370   901  1000 E ASH     : @ 60678.821: Nanopb error: callback failed:1588
09-02 02:44:52.455 28006 28020 I ileged_process: WaitForGcToComplete blocked RunEmptyCheckpoint on ProfileSaver for 17.530ms
09-02 02:44:52.466   901  2806 I sensors-hal: [ssc_utils]get_qmi_debug_flag:244, support_qmi_debug : false
09-02 02:44:52.488   901  1000 W ASH     : @ 60678.938: Unhandled msg ID 999: line 1277
09-02 02:44:52.488   901  1000 E ASH     : @ 60678.938: No pb callback assigned
09-02 02:44:52.488   901  1000 E ASH     : @ 60678.938: Nanopb error: callback failed:1588
09-02 02:44:52.912 28238 28240 I cmd     : oneway function results will be dropped but finished with status OK and parcel size 4
09-02 02:44:52.917 27756 27756 I BatteryMgr:DataCollectionService: onStartCommand: begin
09-02 02:44:52.917 27756 27756 I BatteryMgr:DataCollectionService: onStartCommand: sampleRate => 100
09-02 02:44:52.918 27756 27756 I BatteryMgr:DataCollectionService: onStartCommand: rawFields => Timestamp,BATTERY_PROPERTY_CURRENT_NOW,EXTRA_VOLTAGE
09-02 02:44:52.918 27756 27756 I BatteryMgr:DataCollectionService: onStartCommand: notification done
09-02 02:44:52.921  1513  3221 D CompatibilityChangeReporter: Compat change id reported: 136219221; UID 10260; state: ENABLED
09-02 02:44:52.921 27756 27756 I BatteryMgr:DataCollectionService: started foreground
09-02 02:44:52.939 27756 28242 I BatteryMgr:DataCollectionService: collectData: begin
09-02 02:44:52.942 27756 28242 I BatteryMgr:DataCollectionService: stats => 1693615492942,7934,4393
09-02 02:44:53.048 27756 28242 I BatteryMgr:DataCollectionService: stats => 1693615493048,7934,4393
09-02 02:44:53.124  1513  1513 D NotificationService: 0|com.example.batterymanager_utility|1|null|10260: granting content://settings/system/notification_sound
09-02 02:44:53.125  1513  1513 I chatty  : uid=1000(system) Binder:1513_3 identical 3 lines
09-02 02:44:53.126  1513  1513 D NotificationService: 0|com.example.batterymanager_utility|1|null|10260: granting content://settings/system/notification_sound
09-02 02:44:53.127  1513  1513 W NotificationHistory: Attempted to add notif for locked/gone/disabled user 0
09-02 02:44:53.135  2062  2062 D InterruptionStateProvider: No bubble up: not allowed to bubble: 0|com.example.batterymanager_utility|1|null|10260
09-02 02:44:53.135  2062  2062 D InterruptionStateProvider: No heads up: unimportant notification: 0|com.example.batterymanager_utility|1|null|10260
09-02 02:44:53.152 27756 28242 I BatteryMgr:DataCollectionService: stats => 1693615493152,7934,4393
09-02 02:44:53.169   901  2806 I sensors-hal: [ssc_utils]get_qmi_debug_flag:244, support_qmi_debug : false
09-02 02:44:53.181   594   655 I SDM     : HWDeviceDRM::UpdateMixerAttributes: Mixer WxH 1080x2340-1 for Peripheral
09-02 02:44:53.181   594   655 I SDM     : DisplayBase::SetActiveConfig: Active configuration changed to: 0
09-02 02:44:53.181   594   655 I SDM     : StrategyImpl::SetIdleTimeoutMs: Idle timeout set to zero for command mode panels
09-02 02:44:53.185   901  2806 I sensors-hal: [ssc_utils]get_qmi_debug_flag:244, support_qmi_debug : false
09-02 02:44:53.188   901  1000 W ASH     : @ 60679.639: Unhandled msg ID 999: line 1277
09-02 02:44:53.188   901  1000 E ASH     : @ 60679.639: No pb callback assigned
09-02 02:44:53.188   901  1000 E ASH     : @ 60679.639: Nanopb error: callback failed:1588
09-02 02:44:53.205  1513  1572 I DisplayManagerService: Display device changed: DisplayDeviceInfo{"Built-in Screen": uniqueId="local:19260504575090817", 1080 x 2340, modeId 2, defaultModeId 2, supportedModes [{id=1, width=1080, height=2340, fps=90.0}, {id=2, width=1080, height=2340, fps=60.000004}], colorMode 0, supportedColorModes [0, 7, 9], HdrCapabilities HdrCapabilities{mSupportedHdrTypes=[2, 3, 4], mMaxLuminance=500.0, mMaxAverageLuminance=500.0, mMinLuminance=0.0}, allmSupported false, gameContentTypeSupported false, density 440, 435.428 x 433.839 dpi, appVsyncOff 2333332, presDeadline 11500000, cutout DisplayCutout{insets=Rect(0, 136 - 0, 0) waterfall=Insets{left=0, top=0, right=0, bottom=0} boundingRect={Bounds=[Rect(0, 0 - 0, 0), Rect(0, 0 - 136, 136), Rect(0, 0 - 0, 0), Rect(0, 0 - 0, 0)]}}, touch INTERNAL, rotation 0, type INTERNAL, address {port=129, model=0x446d53ad64a0}, deviceProductInfo DeviceProductInfo{name=, manufacturerPnpId=QCM, productId=1, modelYear=null, manufactureDate=ManufactureDate{week=27, year=2006}, relativeAddress=null}, state ON, FLAG_DEFAULT_DISPLAY, FLAG_ROTATES_WITH_CONTENT, FLAG_SECURE, FLAG_SUPPORTS_PROTECTED_BUFFERS}
09-02 02:44:53.208   901  1000 W ASH     : @ 60679.658: Unhandled msg ID 999: line 1277
09-02 02:44:53.208   901  1000 E ASH     : @ 60679.658: No pb callback assigned
09-02 02:44:53.208   901  1000 E ASH     : @ 60679.658: Nanopb error: callback failed:1588
09-02 02:44:53.222   594   655 I SDM     : StrategyImpl::SetIdleTimeoutMs: Idle timeout set to zero for command mode panels
09-02 02:44:53.257 27756 28242 I BatteryMgr:DataCollectionService: stats => 1693615493257,7934,4393
09-02 02:44:53.362 27756 28242 I BatteryMgr:DataCollectionService: stats => 1693615493362,7934,4393
09-02 02:44:53.467 27756 28242 I BatteryMgr:DataCollectionService: stats => 1693615493467,7934,4393
09-02 02:44:53.534  1513  2000 D ConnectivityService: NetReassign [no changes]
09-02 02:44:53.572 27756 28242 I BatteryMgr:DataCollectionService: stats => 1693615493572,7934,4393
09-02 02:44:53.678 27756 28242 I BatteryMgr:DataCollectionService: stats => 1693615493677,7934,4393
09-02 02:44:53.783 27756 28242 I BatteryMgr:DataCollectionService: stats => 1693615493783,7934,4393
09-02 02:44:53.889 27756 28242 I BatteryMgr:DataCollectionService: stats => 1693615493889,7934,4393
09-02 02:44:53.996 27756 28242 I BatteryMgr:DataCollectionService: stats => 1693615493996,7934,4393
09-02 02:44:54.103 27756 28242 I BatteryMgr:DataCollectionService: stats => 1693615494103,7934,4393
09-02 02:44:54.209 27756 28242 I BatteryMgr:DataCollectionService: stats => 1693615494209,7934,4393
09-02 02:44:54.288   901  1000 D VSC     : @ 60680.738: [WO] tilt angle 87
09-02 02:44:54.316 27756 28242 I BatteryMgr:DataCollectionService: stats => 1693615494316,7934,4393
09-02 02:44:54.423 27756 28242 I BatteryMgr:DataCollectionService: stats => 1693615494422,7934,4393
09-02 02:44:54.530 27756 28242 I BatteryMgr:DataCollectionService: stats => 1693615494529,7934,4393
09-02 02:44:54.636 27756 28242 I BatteryMgr:DataCollectionService: stats => 1693615494636,7934,4393
09-02 02:44:54.743 27756 28242 I BatteryMgr:DataCollectionService: stats => 1693615494743,7934,4393
09-02 02:44:54.847 27756 28242 I BatteryMgr:DataCollectionService: stats => 1693615494847,7934,4393
09-02 02:44:54.951 27756 28242 I BatteryMgr:DataCollectionService: stats => 1693615494951,7934,4393
09-02 02:44:54.956  1513  3221 I ActivityTaskManager: START u0 {act=android.intent.action.VIEW dat=http://192.168.88.177:8000/... flg=0x10000000 cmp=com.opera.browser/com.opera.Opera} from uid 2000
09-02 02:44:54.957  1513  1572 D EventSequenceValidator: inc AccIntentStartedEvents to 2
09-02 02:44:54.959 28272 28274 I cmd     : oneway function results will be dropped but finished with status OK and parcel size 4
09-02 02:44:54.959  1513  1572 D EventSequenceValidator: dec AccIntentStartedEvents to 1
09-02 02:44:54.988   594   655 I SDM     : HWDeviceDRM::UpdateMixerAttributes: Mixer WxH 1080x2340-1 for Peripheral
09-02 02:44:54.988   594   655 I SDM     : DisplayBase::SetActiveConfig: Active configuration changed to: 1
09-02 02:44:54.988   594   655 I SDM     : StrategyImpl::SetIdleTimeoutMs: Idle timeout set to zero for command mode panels
09-02 02:44:54.992  1513  1572 I DisplayManagerService: Display device changed: DisplayDeviceInfo{"Built-in Screen": uniqueId="local:19260504575090817", 1080 x 2340, modeId 1, defaultModeId 2, supportedModes [{id=1, width=1080, height=2340, fps=90.0}, {id=2, width=1080, height=2340, fps=60.000004}], colorMode 0, supportedColorModes [0, 7, 9], HdrCapabilities HdrCapabilities{mSupportedHdrTypes=[2, 3, 4], mMaxLuminance=500.0, mMaxAverageLuminance=500.0, mMinLuminance=0.0}, allmSupported false, gameContentTypeSupported false, density 440, 435.428 x 433.839 dpi, appVsyncOff 2333333, presDeadline 11500000, cutout DisplayCutout{insets=Rect(0, 136 - 0, 0) waterfall=Insets{left=0, top=0, right=0, bottom=0} boundingRect={Bounds=[Rect(0, 0 - 0, 0), Rect(0, 0 - 136, 136), Rect(0, 0 - 0, 0), Rect(0, 0 - 0, 0)]}}, touch INTERNAL, rotation 0, type INTERNAL, address {port=129, model=0x446d53ad64a0}, deviceProductInfo DeviceProductInfo{name=, manufacturerPnpId=QCM, productId=1, modelYear=null, manufactureDate=ManufactureDate{week=27, year=2006}, relativeAddress=null}, state ON, FLAG_DEFAULT_DISPLAY, FLAG_ROTATES_WITH_CONTENT, FLAG_SECURE, FLAG_SUPPORTS_PROTECTED_BUFFERS}
09-02 02:44:54.994   901  2806 I sensors-hal: [ssc_utils]get_qmi_debug_flag:244, support_qmi_debug : false
09-02 02:44:55.008   901  1000 W ASH     : @ 60681.458: Unhandled msg ID 999: line 1277
09-02 02:44:55.008   901  1000 E ASH     : @ 60681.458: No pb callback assigned
09-02 02:44:55.008   901  1000 E ASH     : @ 60681.458: Nanopb error: callback failed:1588
09-02 02:44:55.044  1513  2263 D CompatibilityChangeReporter: Compat change id reported: 135634846; UID 10261; state: DISABLED
09-02 02:44:55.044  1513  1625 D CompatibilityChangeReporter: Compat change id reported: 143937733; UID 10261; state: ENABLED
09-02 02:44:55.048   779   779 D Zygote  : Forked child process 28293
09-02 02:44:55.053 27756 28242 I BatteryMgr:DataCollectionService: stats => 1693615495053,7934,4393
09-02 02:44:55.055  1513  1625 I ActivityManager: Start proc 28293:com.opera.browser:sandboxed_process1/u0a261 for service {com.opera.browser/com.opera.android.browser.chromium.services.SandboxedProcessService1}
09-02 02:44:55.060  1513  2093 W AutofillInlineSuggestionsRequestSession: Never received an InlineSuggestionsRequest from the IME for 1073741824@1956162362
09-02 02:44:55.060  2512  2512 V InlineSuggestionRenderService: handleDestroySuggestionViews called for 0:1956162362
09-02 02:44:55.061 28293 28293 E dboxed_process: Not starting debugger since process cannot load the jdwp agent.
09-02 02:44:55.061  1075 30183 W ServiceManager: Permission failure: android.permission.SYSTEM_CAMERA from uid=10261 pid=27814
09-02 02:44:55.062  1075 30183 W ServiceManager: Permission failure: android.permission.SYSTEM_CAMERA from uid=10261 pid=27814
09-02 02:44:55.062  1075  2481 W ServiceManager: Permission failure: android.permission.SYSTEM_CAMERA from uid=10261 pid=27814
09-02 02:44:55.063  1075  2481 I chatty  : uid=1047(cameraserver) Binder:1075_4 identical 2 lines
09-02 02:44:55.063  1075  2481 W ServiceManager: Permission failure: android.permission.SYSTEM_CAMERA from uid=10261 pid=27814
09-02 02:44:55.071  1513  2905 D CompatibilityChangeReporter: Compat change id reported: 136274596; UID 10261; state: ENABLED
09-02 02:44:55.074 10955  8077 I Finsky  : [5645] ncc.l(14): com.opera.browser: Account determined from installer data - [y0_1NG5HTmzf0bF7VytAKz9iHAD6w7yU52Le3i0fi68]
09-02 02:44:55.074 10955  8077 I Finsky  : [5645] ncc.l(61): Billing preferred account via installer for com.opera.browser: [y0_1NG5HTmzf0bF7VytAKz9iHAD6w7yU52Le3i0fi68]
09-02 02:44:55.101 27814 27814 I AssistStructure: Flattened final assist data: 6428 bytes, containing 1 windows, 52 views
09-02 02:44:55.102  1513  2905 D ContentCapturePerUserService: Notified activity assist data for activity: Token{d6d37ef ActivityRecord{65d2fc u0 com.opera.browser/com.opera.Opera t2199}} without a session Id
09-02 02:44:55.106  2858  2858 I GoogleInputMethodService: GoogleInputMethodService.onFinishInput():3280 
09-02 02:44:55.107  2858  2858 I GoogleInputMethodService: GoogleInputMethodService.updateDeviceLockedStatus():2169 repeatCheckTimes = 0, unlocked = true
09-02 02:44:55.108  2858  2858 I GoogleInputMethodService: GoogleInputMethodService.onStartInput():1960 onStartInput(EditorInfo{inputType=0x0(NULL) imeOptions=0x0 privateImeOptions=null actionName=UNSPECIFIED actionLabel=null actionId=0 initialSelStart=-1 initialSelEnd=-1 initialCapsMode=0x0 hintText=null label=null packageName=com.opera.browser fieldId=2131361887 fieldName=null extras=null}, false)
09-02 02:44:55.108  2858  2858 I GoogleInputMethodService: GoogleInputMethodService.shouldHideHeaderOnInitialState():4081 ShouldHideHeaderOnInitialState = false
09-02 02:44:55.109  2858  2858 I GoogleInputMethodService: GoogleInputMethodService.updateDeviceLockedStatus():2169 repeatCheckTimes = 2, unlocked = true
09-02 02:44:55.113 28293 28293 W dboxed_process: JIT profile information will not be recorded: profile file does not exist.
09-02 02:44:55.113 28293 28293 W dboxed_process: JIT profile information will not be recorded: profile file does not exist.
09-02 02:44:55.119 28293 28293 D NetworkSecurityConfig: Using Network Security Config from resource network_security_config_official_build debugBuild: false
09-02 02:44:55.119 28293 28293 D NetworkSecurityConfig: Using Network Security Config from resource network_security_config_official_build debugBuild: false
09-02 02:44:55.137  2816 27367 W NetworkScheduler: Error inserting flex_time=2565000 job_id=-1 period=5132000 source=16 requires_charging=0 preferred_network_type=1 target_class=com.google.android.gms.measurement.PackageMeasurementTaskService user_id=0 target_package=com.google.android.gms tag=Measurement.PackageMeasurementTaskService.UPLOAD_TASK_TAG task_type=0 required_idleness_state=0 service_kind=0 source_version=224312000 persistence_level=1 preferred_charging_state=1 required_network_type=0 runtime=1693615495133 retry_strategy={"maximum_backoff_seconds":{"3600":0},"initial_backoff_seconds":{"30":0},"retry_policy":{"0":0}} last_runtime=0 [CONTEXT service_id=218 ]
09-02 02:44:55.137  2816 27367 W NetworkScheduler: android.database.sqlite.SQLiteConstraintException: UNIQUE constraint failed: pending_ops.tag, pending_ops.target_class, pending_ops.target_package, pending_ops.user_id (code 2067 SQLITE_CONSTRAINT_UNIQUE)
09-02 02:44:55.137  2816 27367 W NetworkScheduler: 	at android.database.sqlite.SQLiteConnection.nativeExecuteForLastInsertedRowId(Native Method)
09-02 02:44:55.137  2816 27367 W NetworkScheduler: 	at android.database.sqlite.SQLiteConnection.executeForLastInsertedRowId(SQLiteConnection.java:938)
09-02 02:44:55.137  2816 27367 W NetworkScheduler: 	at android.database.sqlite.SQLiteSession.executeForLastInsertedRowId(SQLiteSession.java:790)
09-02 02:44:55.137  2816 27367 W NetworkScheduler: 	at android.database.sqlite.SQLiteStatement.executeInsert(SQLiteStatement.java:88)
09-02 02:44:55.137  2816 27367 W NetworkScheduler: 	at android.database.sqlite.SQLiteDatabase.insertWithOnConflict(SQLiteDatabase.java:1701)
09-02 02:44:55.137  2816 27367 W NetworkScheduler: 	at android.database.sqlite.SQLiteDatabase.insertOrThrow(SQLiteDatabase.java:1596)
09-02 02:44:55.137  2816 27367 W NetworkScheduler: 	at biky.g(:com.google.android.gms@224312037@22.43.12 (150400-483592595):53)
09-02 02:44:55.137  2816 27367 W NetworkScheduler: 	at bijr.n(:com.google.android.gms@224312037@22.43.12 (150400-483592595):3)
09-02 02:44:55.137  2816 27367 W NetworkScheduler: 	at bijr.u(:com.google.android.gms@224312037@22.43.12 (150400-483592595):20)
09-02 02:44:55.137  2816 27367 W NetworkScheduler: 	at bijr.h(:com.google.android.gms@224312037@22.43.12 (150400-483592595):3)
09-02 02:44:55.137  2816 27367 W NetworkScheduler: 	at bifi.run(:com.google.android.gms@224312037@22.43.12 (150400-483592595):9)
09-02 02:44:55.137  2816 27367 W NetworkScheduler: 	at zqv.c(:com.google.android.gms@224312037@22.43.12 (150400-483592595):6)
09-02 02:44:55.137  2816 27367 W NetworkScheduler: 	at zqv.run(:com.google.android.gms@224312037@22.43.12 (150400-483592595):7)
09-02 02:44:55.137  2816 27367 W NetworkScheduler: 	at java.util.concurrent.ThreadPoolExecutor.runWorker(ThreadPoolExecutor.java:1167)
09-02 02:44:55.137  2816 27367 W NetworkScheduler: 	at java.util.concurrent.ThreadPoolExecutor$Worker.run(ThreadPoolExecutor.java:641)
09-02 02:44:55.137  2816 27367 W NetworkScheduler: 	at zwa.run(:com.google.android.gms@224312037@22.43.12 (150400-483592595):0)
09-02 02:44:55.137  2816 27367 W NetworkScheduler: 	at java.lang.Thread.run(Thread.java:923)
09-02 02:44:55.157 27756 28242 I BatteryMgr:DataCollectionService: stats => 1693615495157,7934,4393
09-02 02:44:55.261 27756 28242 I BatteryMgr:DataCollectionService: stats => 1693615495261,7934,4393
09-02 02:44:55.367 27756 28242 I BatteryMgr:DataCollectionService: stats => 1693615495367,7934,4393
09-02 02:44:55.473 27756 28242 I BatteryMgr:DataCollectionService: stats => 1693615495473,7934,4393
09-02 02:44:55.580 27756 28242 I BatteryMgr:DataCollectionService: stats => 1693615495579,7934,4393
09-02 02:44:55.686 27756 28242 I BatteryMgr:DataCollectionService: stats => 1693615495686,7934,4393
09-02 02:44:55.792 27756 28242 I BatteryMgr:DataCollectionService: stats => 1693615495792,7934,4393
09-02 02:44:55.899 27756 28242 I BatteryMgr:DataCollectionService: stats => 1693615495899,7934,4393
09-02 02:44:56.005 27756 28242 I BatteryMgr:DataCollectionService: stats => 1693615496005,7934,4393
09-02 02:44:56.111 27756 28242 I BatteryMgr:DataCollectionService: stats => 1693615496111,7934,4393
09-02 02:44:56.217 27756 28242 I BatteryMgr:DataCollectionService: stats => 1693615496217,7934,4393
09-02 02:44:56.323 27756 28242 I BatteryMgr:DataCollectionService: stats => 1693615496323,7934,4393
09-02 02:44:56.328   901  1000 D VSC     : @ 60682.778: [WO] tilt angle 87
09-02 02:44:56.430 27756 28242 I BatteryMgr:DataCollectionService: stats => 1693615496430,7934,4393
09-02 02:44:56.537 27756 28242 I BatteryMgr:DataCollectionService: stats => 1693615496537,7934,4393
09-02 02:44:56.557  1513  2000 D ConnectivityService: NetReassign [no changes]
09-02 02:44:56.644 27756 28242 I BatteryMgr:DataCollectionService: stats => 1693615496644,7934,4393
09-02 02:44:56.753 27756 28242 I BatteryMgr:DataCollectionService: stats => 1693615496753,7934,4393
09-02 02:44:56.859 27756 28242 I BatteryMgr:DataCollectionService: stats => 1693615496859,7934,4393
09-02 02:44:56.963 27756 28242 I BatteryMgr:DataCollectionService: stats => 1693615496963,7934,4393
09-02 02:44:57.068 27756 28242 I BatteryMgr:DataCollectionService: stats => 1693615497067,7934,4393
09-02 02:44:57.069   901  2806 I sensors-hal: [ssc_utils]get_qmi_debug_flag:244, support_qmi_debug : false
09-02 02:44:57.079   901  2806 I sensors-hal: [ssc_utils]get_qmi_debug_flag:244, support_qmi_debug : false
09-02 02:44:57.087   901  1000 W ASH     : @ 60683.538: Unhandled msg ID 999: line 1277
09-02 02:44:57.088   901  1000 E ASH     : @ 60683.538: No pb callback assigned
09-02 02:44:57.088   901  1000 E ASH     : @ 60683.538: Nanopb error: callback failed:1588
09-02 02:44:57.173 27756 28242 I BatteryMgr:DataCollectionService: stats => 1693615497173,7934,4393
09-02 02:44:57.236  9499  9499 D BoundBrokerSvc: onUnbind: Intent { act=com.google.android.gms.inappreach.service.START dat=chimera-action: cmp=com.google.android.gms/.chimera.GmsApiService }
09-02 02:44:57.280 27756 28242 I BatteryMgr:DataCollectionService: stats => 1693615497279,7934,4393
09-02 02:44:57.386 27756 28242 I BatteryMgr:DataCollectionService: stats => 1693615497385,7934,4393
09-02 02:44:57.469   901  2806 I sensors-hal: [ssc_utils]get_qmi_debug_flag:244, support_qmi_debug : false
09-02 02:44:57.480   901  2806 I sensors-hal: [ssc_utils]get_qmi_debug_flag:244, support_qmi_debug : false
09-02 02:44:57.488   901  1000 W ASH     : @ 60683.938: Unhandled msg ID 999: line 1277
09-02 02:44:57.488   901  1000 E ASH     : @ 60683.938: No pb callback assigned
09-02 02:44:57.488   901  1000 E ASH     : @ 60683.938: Nanopb error: callback failed:1588
09-02 02:44:57.489   901  1000 W ASH     : @ 60683.939: Unhandled msg ID 999: line 1277
09-02 02:44:57.489   901  1000 E ASH     : @ 60683.939: No pb callback assigned
09-02 02:44:57.489   901  1000 E ASH     : @ 60683.939: Nanopb error: callback failed:1588
09-02 02:44:57.489 27756 28242 I BatteryMgr:DataCollectionService: stats => 1693615497489,7934,4393
09-02 02:44:57.546   901  2806 I sensors-hal: [ssc_utils]get_qmi_debug_flag:244, support_qmi_debug : false
09-02 02:44:57.568   901  1000 W ASH     : @ 60684.018: Unhandled msg ID 999: line 1277
09-02 02:44:57.568   901  1000 E ASH     : @ 60684.018: No pb callback assigned
09-02 02:44:57.568   901  1000 E ASH     : @ 60684.018: Nanopb error: callback failed:1588
09-02 02:44:57.595 27756 28242 I BatteryMgr:DataCollectionService: stats => 1693615497595,7934,4393
09-02 02:44:57.626   901  2806 I sensors-hal: [ssc_utils]get_qmi_debug_flag:244, support_qmi_debug : false
09-02 02:44:57.648   901  1000 W ASH     : @ 60684.098: Unhandled msg ID 999: line 1277
09-02 02:44:57.648   901  1000 E ASH     : @ 60684.098: No pb callback assigned
09-02 02:44:57.648   901  1000 E ASH     : @ 60684.098: Nanopb error: callback failed:1588
09-02 02:44:57.701 27756 28242 I BatteryMgr:DataCollectionService: stats => 1693615497701,7934,4393
09-02 02:44:57.807 27756 28242 I BatteryMgr:DataCollectionService: stats => 1693615497807,7934,4393
09-02 02:44:57.869   901  2806 I sensors-hal: [ssc_utils]get_qmi_debug_flag:244, support_qmi_debug : false
09-02 02:44:57.880   901  2806 I sensors-hal: [ssc_utils]get_qmi_debug_flag:244, support_qmi_debug : false
09-02 02:44:57.889   901  1000 W ASH     : @ 60684.340: Unhandled msg ID 999: line 1277
09-02 02:44:57.889   901  1000 E ASH     : @ 60684.340: No pb callback assigned
09-02 02:44:57.889   901  1000 E ASH     : @ 60684.340: Nanopb error: callback failed:1588
09-02 02:44:57.914 27756 28242 I BatteryMgr:DataCollectionService: stats => 1693615497914,7934,4393
09-02 02:44:57.946   901  2806 I sensors-hal: [ssc_utils]get_qmi_debug_flag:244, support_qmi_debug : false
09-02 02:44:57.969   901  1000 W ASH     : @ 60684.420: Unhandled msg ID 999: line 1277
09-02 02:44:57.969   901  1000 E ASH     : @ 60684.420: No pb callback assigned
09-02 02:44:57.969   901  1000 E ASH     : @ 60684.420: Nanopb error: callback failed:1588
09-02 02:44:58.021 27756 28242 I BatteryMgr:DataCollectionService: stats => 1693615498020,7934,4393
09-02 02:44:58.067   901  2806 I sensors-hal: [ssc_utils]get_qmi_debug_flag:244, support_qmi_debug : false
09-02 02:44:58.088   901  1000 W ASH     : @ 60684.538: Unhandled msg ID 999: line 1277
09-02 02:44:58.088   901  1000 E ASH     : @ 60684.538: No pb callback assigned
09-02 02:44:58.088   901  1000 E ASH     : @ 60684.538: Nanopb error: callback failed:1588
09-02 02:44:58.128 27756 28242 I BatteryMgr:DataCollectionService: stats => 1693615498127,7934,4393
09-02 02:44:58.234 27756 28242 I BatteryMgr:DataCollectionService: stats => 1693615498234,8850,4393
09-02 02:44:58.280   901  2806 I sensors-hal: [ssc_utils]get_qmi_debug_flag:244, support_qmi_debug : false
09-02 02:44:58.288   901  1000 W ASH     : @ 60684.738: Unhandled msg ID 999: line 1277
09-02 02:44:58.288   901  1000 E ASH     : @ 60684.738: No pb callback assigned
09-02 02:44:58.288   901  1000 E ASH     : @ 60684.738: Nanopb error: callback failed:1588
09-02 02:44:58.290   901  2806 I sensors-hal: [ssc_utils]get_qmi_debug_flag:244, support_qmi_debug : false
09-02 02:44:58.328   901  1000 W ASH     : @ 60684.778: Unhandled msg ID 999: line 1277
09-02 02:44:58.328   901  1000 E ASH     : @ 60684.778: No pb callback assigned
09-02 02:44:58.328   901  1000 E ASH     : @ 60684.778: Nanopb error: callback failed:1588
09-02 02:44:58.328   901  1000 D VSC     : @ 60684.778: [WO] tilt angle 87
09-02 02:44:58.340 27756 28242 I BatteryMgr:DataCollectionService: stats => 1693615498340,8850,4393
09-02 02:44:58.359   901  2806 I sensors-hal: [ssc_utils]get_qmi_debug_flag:244, support_qmi_debug : false
09-02 02:44:58.372   901  1000 W ASH     : @ 60684.822: Unhandled msg ID 999: line 1277
09-02 02:44:58.372   901  1000 E ASH     : @ 60684.822: No pb callback assigned
09-02 02:44:58.372   901  1000 E ASH     : @ 60684.822: Nanopb error: callback failed:1588
09-02 02:44:58.446 27756 28242 I BatteryMgr:DataCollectionService: stats => 1693615498446,8850,4393
09-02 02:44:58.466   901  2806 I sensors-hal: [ssc_utils]get_qmi_debug_flag:244, support_qmi_debug : false
09-02 02:44:58.488   901  1000 W ASH     : @ 60684.938: Unhandled msg ID 999: line 1277
09-02 02:44:58.488   901  1000 E ASH     : @ 60684.938: No pb callback assigned
09-02 02:44:58.488   901  1000 E ASH     : @ 60684.938: Nanopb error: callback failed:1588
09-02 02:44:58.551 27756 28242 I BatteryMgr:DataCollectionService: stats => 1693615498550,8850,4393
09-02 02:44:58.554   901  2806 I sensors-hal: [ssc_utils]get_qmi_debug_flag:244, support_qmi_debug : false
09-02 02:44:58.568   901  1000 W ASH     : @ 60685.018: Unhandled msg ID 999: line 1277
09-02 02:44:58.568   901  1000 E ASH     : @ 60685.018: No pb callback assigned
09-02 02:44:58.568   901  1000 E ASH     : @ 60685.018: Nanopb error: callback failed:1588
09-02 02:44:58.656 27756 28242 I BatteryMgr:DataCollectionService: stats => 1693615498656,8850,4393
09-02 02:44:58.666   901  2806 I sensors-hal: [ssc_utils]get_qmi_debug_flag:244, support_qmi_debug : false
09-02 02:44:58.690   901  1000 W ASH     : @ 60685.141: Unhandled msg ID 999: line 1277
09-02 02:44:58.690   901  1000 E ASH     : @ 60685.141: No pb callback assigned
09-02 02:44:58.690   901  1000 E ASH     : @ 60685.141: Nanopb error: callback failed:1588
09-02 02:44:58.761 27756 28242 I BatteryMgr:DataCollectionService: stats => 1693615498761,8850,4393
09-02 02:44:58.867 27756 28242 I BatteryMgr:DataCollectionService: stats => 1693615498867,8850,4393
09-02 02:44:58.879   901  2806 I sensors-hal: [ssc_utils]get_qmi_debug_flag:244, support_qmi_debug : false
09-02 02:44:58.888   901  1000 W ASH     : @ 60685.339: Unhandled msg ID 999: line 1277
09-02 02:44:58.888   901  1000 E ASH     : @ 60685.339: No pb callback assigned
09-02 02:44:58.888   901  1000 E ASH     : @ 60685.339: Nanopb error: callback failed:1588
09-02 02:44:58.890   901  2806 I sensors-hal: [ssc_utils]get_qmi_debug_flag:244, support_qmi_debug : false
09-02 02:44:58.928   901  1000 W ASH     : @ 60685.378: Unhandled msg ID 999: line 1277
09-02 02:44:58.928   901  1000 E ASH     : @ 60685.378: No pb callback assigned
09-02 02:44:58.928   901  1000 E ASH     : @ 60685.378: Nanopb error: callback failed:1588
09-02 02:44:58.959   901  2806 I sensors-hal: [ssc_utils]get_qmi_debug_flag:244, support_qmi_debug : false
09-02 02:44:58.968   901  1000 W ASH     : @ 60685.418: Unhandled msg ID 999: line 1277
09-02 02:44:58.968   901  1000 E ASH     : @ 60685.418: No pb callback assigned
09-02 02:44:58.968   901  1000 E ASH     : @ 60685.418: Nanopb error: callback failed:1588
09-02 02:44:58.971 27756 28242 I BatteryMgr:DataCollectionService: stats => 1693615498971,8850,4393
09-02 02:44:59.028   901  1000 I ASH     : @ 60685.479: tcs3701: ADC is saturated, removed sample from FIFO.
09-02 02:44:59.063   901  2806 I sensors-hal: [ssc_utils]get_qmi_debug_flag:244, support_qmi_debug : false
09-02 02:44:59.075 27756 28242 I BatteryMgr:DataCollectionService: stats => 1693615499075,8850,4393
09-02 02:44:59.088   901  1000 W ASH     : @ 60685.538: Unhandled msg ID 999: line 1277
09-02 02:44:59.088   901  1000 E ASH     : @ 60685.538: No pb callback assigned
09-02 02:44:59.088   901  1000 E ASH     : @ 60685.538: Nanopb error: callback failed:1588
09-02 02:44:59.146   901  2806 I sensors-hal: [ssc_utils]get_qmi_debug_flag:244, support_qmi_debug : false
09-02 02:44:59.170   901  1000 W ASH     : @ 60685.621: Unhandled msg ID 999: line 1277
09-02 02:44:59.170   901  1000 E ASH     : @ 60685.621: No pb callback assigned
09-02 02:44:59.170   901  1000 E ASH     : @ 60685.621: Nanopb error: callback failed:1588
09-02 02:44:59.179 27756 28242 I BatteryMgr:DataCollectionService: stats => 1693615499179,8850,4393
09-02 02:44:59.266   901  2806 I sensors-hal: [ssc_utils]get_qmi_debug_flag:244, support_qmi_debug : false
09-02 02:44:59.282 27756 28242 I BatteryMgr:DataCollectionService: stats => 1693615499282,8850,4393
09-02 02:44:59.288   901  1000 W ASH     : @ 60685.738: Unhandled msg ID 999: line 1277
09-02 02:44:59.288   901  1000 E ASH     : @ 60685.738: No pb callback assigned
09-02 02:44:59.288   901  1000 E ASH     : @ 60685.738: Nanopb error: callback failed:1588
09-02 02:44:59.343   901  2806 I sensors-hal: [ssc_utils]get_qmi_debug_flag:244, support_qmi_debug : false
09-02 02:44:59.368   901  1000 W ASH     : @ 60685.818: Unhandled msg ID 999: line 1277
09-02 02:44:59.368   901  1000 E ASH     : @ 60685.818: No pb callback assigned
09-02 02:44:59.368   901  1000 E ASH     : @ 60685.818: Nanopb error: callback failed:1588
09-02 02:44:59.387 27756 28242 I BatteryMgr:DataCollectionService: stats => 1693615499387,8850,4393
09-02 02:44:59.466   901  2806 I sensors-hal: [ssc_utils]get_qmi_debug_flag:244, support_qmi_debug : false
09-02 02:44:59.466   594   655 I SDM     : HWDeviceDRM::UpdateMixerAttributes: Mixer WxH 1080x2340-1 for Peripheral
09-02 02:44:59.466   594   655 I SDM     : DisplayBase::SetActiveConfig: Active configuration changed to: 0
09-02 02:44:59.466   594   655 I SDM     : StrategyImpl::SetIdleTimeoutMs: Idle timeout set to zero for command mode panels
09-02 02:44:59.478   901  2806 I sensors-hal: [ssc_utils]get_qmi_debug_flag:244, support_qmi_debug : false
09-02 02:44:59.488   901  1000 W ASH     : @ 60685.938: Unhandled msg ID 999: line 1277
09-02 02:44:59.488   901  1000 E ASH     : @ 60685.938: No pb callback assigned
09-02 02:44:59.488   901  1000 E ASH     : @ 60685.938: Nanopb error: callback failed:1588
09-02 02:44:59.488  1513  1572 I DisplayManagerService: Display device changed: DisplayDeviceInfo{"Built-in Screen": uniqueId="local:19260504575090817", 1080 x 2340, modeId 2, defaultModeId 2, supportedModes [{id=1, width=1080, height=2340, fps=90.0}, {id=2, width=1080, height=2340, fps=60.000004}], colorMode 0, supportedColorModes [0, 7, 9], HdrCapabilities HdrCapabilities{mSupportedHdrTypes=[2, 3, 4], mMaxLuminance=500.0, mMaxAverageLuminance=500.0, mMinLuminance=0.0}, allmSupported false, gameContentTypeSupported false, density 440, 435.428 x 433.839 dpi, appVsyncOff 2333332, presDeadline 11500000, cutout DisplayCutout{insets=Rect(0, 136 - 0, 0) waterfall=Insets{left=0, top=0, right=0, bottom=0} boundingRect={Bounds=[Rect(0, 0 - 0, 0), Rect(0, 0 - 136, 136), Rect(0, 0 - 0, 0), Rect(0, 0 - 0, 0)]}}, touch INTERNAL, rotation 0, type INTERNAL, address {port=129, model=0x446d53ad64a0}, deviceProductInfo DeviceProductInfo{name=, manufacturerPnpId=QCM, productId=1, modelYear=null, manufactureDate=ManufactureDate{week=27, year=2006}, relativeAddress=null}, state ON, FLAG_DEFAULT_DISPLAY, FLAG_ROTATES_WITH_CONTENT, FLAG_SECURE, FLAG_SUPPORTS_PROTECTED_BUFFERS}
09-02 02:44:59.488   594   655 I SDM     : HWDeviceDRM::UpdateMixerAttributes: Mixer WxH 1080x2340-1 for Peripheral
09-02 02:44:59.488   594   655 I SDM     : DisplayBase::SetActiveConfig: Active configuration changed to: 1
09-02 02:44:59.488   594   655 I SDM     : StrategyImpl::SetIdleTimeoutMs: Idle timeout set to zero for command mode panels
09-02 02:44:59.493 27756 28242 I BatteryMgr:DataCollectionService: stats => 1693615499493,8850,4393
09-02 02:44:59.498   901  2806 I sensors-hal: [ssc_utils]get_qmi_debug_flag:244, support_qmi_debug : false
09-02 02:44:59.510  1513  1572 I DisplayManagerService: Display device changed: DisplayDeviceInfo{"Built-in Screen": uniqueId="local:19260504575090817", 1080 x 2340, modeId 1, defaultModeId 2, supportedModes [{id=1, width=1080, height=2340, fps=90.0}, {id=2, width=1080, height=2340, fps=60.000004}], colorMode 0, supportedColorModes [0, 7, 9], HdrCapabilities HdrCapabilities{mSupportedHdrTypes=[2, 3, 4], mMaxLuminance=500.0, mMaxAverageLuminance=500.0, mMinLuminance=0.0}, allmSupported false, gameContentTypeSupported false, density 440, 435.428 x 433.839 dpi, appVsyncOff 2333333, presDeadline 11500000, cutout DisplayCutout{insets=Rect(0, 136 - 0, 0) waterfall=Insets{left=0, top=0, right=0, bottom=0} boundingRect={Bounds=[Rect(0, 0 - 0, 0), Rect(0, 0 - 136, 136), Rect(0, 0 - 0, 0), Rect(0, 0 - 0, 0)]}}, touch INTERNAL, rotation 0, type INTERNAL, address {port=129, model=0x446d53ad64a0}, deviceProductInfo DeviceProductInfo{name=, manufacturerPnpId=QCM, productId=1, modelYear=null, manufactureDate=ManufactureDate{week=27, year=2006}, relativeAddress=null}, state ON, FLAG_DEFAULT_DISPLAY, FLAG_ROTATES_WITH_CONTENT, FLAG_SECURE, FLAG_SUPPORTS_PROTECTED_BUFFERS}
09-02 02:44:59.528   901  1000 W ASH     : @ 60685.978: Unhandled msg ID 999: line 1277
09-02 02:44:59.528   901  1000 E ASH     : @ 60685.978: No pb callback assigned
09-02 02:44:59.528   901  1000 E ASH     : @ 60685.978: Nanopb error: callback failed:1588
09-02 02:44:59.576  1513  2000 D ConnectivityService: NetReassign [no changes]
09-02 02:44:59.600 27756 28242 I BatteryMgr:DataCollectionService: stats => 1693615499600,8850,4393
09-02 02:44:59.609   901  2806 I sensors-hal: [ssc_utils]get_qmi_debug_flag:244, support_qmi_debug : false
09-02 02:44:59.648   901  1000 W ASH     : @ 60686.098: Unhandled msg ID 999: line 1277
09-02 02:44:59.648   901  1000 E ASH     : @ 60686.098: No pb callback assigned
09-02 02:44:59.648   901  1000 E ASH     : @ 60686.098: Nanopb error: callback failed:1588
09-02 02:44:59.666   901  2806 I sensors-hal: [ssc_utils]get_qmi_debug_flag:244, support_qmi_debug : false
09-02 02:44:59.688   901  1000 W ASH     : @ 60686.138: Unhandled msg ID 999: line 1277
09-02 02:44:59.688   901  1000 E ASH     : @ 60686.138: No pb callback assigned
09-02 02:44:59.688   901  1000 E ASH     : @ 60686.138: Nanopb error: callback failed:1588
09-02 02:44:59.706 27756 28242 I BatteryMgr:DataCollectionService: stats => 1693615499706,8850,4393
09-02 02:44:59.746   901  2806 I sensors-hal: [ssc_utils]get_qmi_debug_flag:244, support_qmi_debug : false
09-02 02:44:59.770   901  1000 W ASH     : @ 60686.221: Unhandled msg ID 999: line 1277
09-02 02:44:59.770   901  1000 E ASH     : @ 60686.221: No pb callback assigned
09-02 02:44:59.770   901  1000 E ASH     : @ 60686.221: Nanopb error: callback failed:1588
09-02 02:44:59.812 27756 28242 I BatteryMgr:DataCollectionService: stats => 1693615499812,8850,4393
09-02 02:44:59.866   901  2806 I sensors-hal: [ssc_utils]get_qmi_debug_flag:244, support_qmi_debug : false
09-02 02:44:59.888   901  1000 W ASH     : @ 60686.338: Unhandled msg ID 999: line 1277
09-02 02:44:59.888   901  1000 E ASH     : @ 60686.338: No pb callback assigned
09-02 02:44:59.888   901  1000 E ASH     : @ 60686.338: Nanopb error: callback failed:1588
09-02 02:44:59.919 27756 28242 I BatteryMgr:DataCollectionService: stats => 1693615499919,8850,4393
09-02 02:44:59.943   901  2806 I sensors-hal: [ssc_utils]get_qmi_debug_flag:244, support_qmi_debug : false
09-02 02:44:59.968   901  1000 W ASH     : @ 60686.418: Unhandled msg ID 999: line 1277
09-02 02:44:59.968   901  1000 E ASH     : @ 60686.418: No pb callback assigned
09-02 02:44:59.968   901  1000 E ASH     : @ 60686.418: Nanopb error: callback failed:1588
09-02 02:45:00.019   901  2806 I sensors-hal: [ssc_utils]get_qmi_debug_flag:244, support_qmi_debug : false
09-02 02:45:00.023 27756 28242 I BatteryMgr:DataCollectionService: stats => 1693615500023,8850,4393
09-02 02:45:00.048   901  1000 W ASH     : @ 60686.498: Unhandled msg ID 999: line 1277
09-02 02:45:00.048   901  1000 E ASH     : @ 60686.498: No pb callback assigned
09-02 02:45:00.048   901  1000 E ASH     : @ 60686.498: Nanopb error: callback failed:1588
09-02 02:45:00.077   594   655 I SDM     : HWDeviceDRM::UpdateMixerAttributes: Mixer WxH 1080x2340-1 for Peripheral
09-02 02:45:00.077   594   655 I SDM     : DisplayBase::SetActiveConfig: Active configuration changed to: 0
09-02 02:45:00.077   594   655 I SDM     : StrategyImpl::SetIdleTimeoutMs: Idle timeout set to zero for command mode panels
09-02 02:45:00.080   901  2806 I sensors-hal: [ssc_utils]get_qmi_debug_flag:244, support_qmi_debug : false
09-02 02:45:00.088  1513  1572 I DisplayManagerService: Display device changed: DisplayDeviceInfo{"Built-in Screen": uniqueId="local:19260504575090817", 1080 x 2340, modeId 2, defaultModeId 2, supportedModes [{id=1, width=1080, height=2340, fps=90.0}, {id=2, width=1080, height=2340, fps=60.000004}], colorMode 0, supportedColorModes [0, 7, 9], HdrCapabilities HdrCapabilities{mSupportedHdrTypes=[2, 3, 4], mMaxLuminance=500.0, mMaxAverageLuminance=500.0, mMinLuminance=0.0}, allmSupported false, gameContentTypeSupported false, density 440, 435.428 x 433.839 dpi, appVsyncOff 2333332, presDeadline 11500000, cutout DisplayCutout{insets=Rect(0, 136 - 0, 0) waterfall=Insets{left=0, top=0, right=0, bottom=0} boundingRect={Bounds=[Rect(0, 0 - 0, 0), Rect(0, 0 - 136, 136), Rect(0, 0 - 0, 0), Rect(0, 0 - 0, 0)]}}, touch INTERNAL, rotation 0, type INTERNAL, address {port=129, model=0x446d53ad64a0}, deviceProductInfo DeviceProductInfo{name=, manufacturerPnpId=QCM, productId=1, modelYear=null, manufactureDate=ManufactureDate{week=27, year=2006}, relativeAddress=null}, state ON, FLAG_DEFAULT_DISPLAY, FLAG_ROTATES_WITH_CONTENT, FLAG_SECURE, FLAG_SUPPORTS_PROTECTED_BUFFERS}
09-02 02:45:00.088   901  1000 W ASH     : @ 60686.538: Unhandled msg ID 999: line 1277
09-02 02:45:00.088   901  1000 E ASH     : @ 60686.538: No pb callback assigned
09-02 02:45:00.088   901  1000 E ASH     : @ 60686.538: Nanopb error: callback failed:1588
09-02 02:45:00.089   594   655 I SDM     : StrategyImpl::SetIdleTimeoutMs: Idle timeout set to zero for command mode panels
09-02 02:45:00.126 27756 28242 I BatteryMgr:DataCollectionService: stats => 1693615500126,8850,4393
09-02 02:45:00.186 28461 28463 I cmd     : oneway function results will be dropped but finished with status OK and parcel size 4
09-02 02:45:00.328   901  1000 D VSC     : @ 60686.778: [WO] tilt angle 87
09-02 02:45:00.402  1513  8503 I ActivityManager: Force stopping com.opera.browser appid=10261 user=0: from pid 28481
09-02 02:45:00.402  1513  8503 I ActivityManager: Killing 28006:com.opera.browser:privileged_process0/u0a261 (adj 0): stop com.opera.browser due to from pid 28481
09-02 02:45:00.404  1513  8503 I ActivityManager: Killing 27814:com.opera.browser/u0a261 (adj 0): stop com.opera.browser due to from pid 28481
09-02 02:45:00.409  9499  9499 D BoundBrokerSvc: onUnbind: Intent { act=com.google.android.gms.auth.blockstore.service.START dat=chimera-action: cmp=com.google.android.gms/.chimera.GmsApiService }
09-02 02:45:00.411  9499  9499 D BoundBrokerSvc: onUnbind: Intent { act=com.google.android.gms.measurement.START pkg=com.google.android.gms }
09-02 02:45:00.412  9499  9499 D BoundBrokerSvc: onUnbind: Intent { act=com.google.android.gms.safetynet.service.START pkg=com.google.android.gms }
09-02 02:45:00.412  1513  8503 W ActivityTaskManager: Force removing ActivityRecord{65d2fc u0 com.opera.browser/com.opera.Opera t2199 f}}: app died, no saved state
09-02 02:45:00.415 28293 28293 I dboxed_process: System.exit called, status: 0
09-02 02:45:00.415 28293 28293 I AndroidRuntime: VM exiting with result code 0, cleanup skipped.
09-02 02:45:00.422 28105 28105 I dboxed_process: System.exit called, status: 0
09-02 02:45:00.423 28105 28105 I AndroidRuntime: VM exiting with result code 0, cleanup skipped.
09-02 02:45:00.423   594   655 I SDM     : HWDeviceDRM::UpdateMixerAttributes: Mixer WxH 1080x2340-1 for Peripheral
09-02 02:45:00.423   594   655 I SDM     : DisplayBase::SetActiveConfig: Active configuration changed to: 1
09-02 02:45:00.423   594   655 I SDM     : StrategyImpl::SetIdleTimeoutMs: Idle timeout set to zero for command mode panels
09-02 02:45:00.428   901  2806 I sensors-hal: [ssc_utils]get_qmi_debug_flag:244, support_qmi_debug : false
09-02 02:45:00.432   779   779 I Zygote  : Process 28006 exited due to signal 9 (Killed)
09-02 02:45:00.433  1513  8503 I ActivityManager: Killing 28105:com.opera.browser:sandboxed_process0/u0a261 (adj 0): stop com.opera.browser due to from pid 28481
09-02 02:45:00.439  1513  8503 I ActivityManager: Killing 28293:com.opera.browser:sandboxed_process1/u0a261 (adj 0): stop com.opera.browser due to from pid 28481
09-02 02:45:00.446  1513  2180 W ActivityManager: Unbind failed: could not find connection for android.os.BinderProxy@3ee16c2
09-02 02:45:00.446 28481 28483 I cmd     : oneway function results will be dropped but finished with status OK and parcel size 4
09-02 02:45:00.448   901  1000 W ASH     : @ 60686.898: Unhandled msg ID 999: line 1277
09-02 02:45:00.448   901  1000 E ASH     : @ 60686.898: No pb callback assigned
09-02 02:45:00.448   901  1000 E ASH     : @ 60686.898: Nanopb error: callback failed:1588
09-02 02:45:00.449   779   779 I Zygote  : Process 28293 exited cleanly (0)
09-02 02:45:00.450  1513  1572 W DisplayManagerService: Failed to notify process 28293 that displays changed, assuming it died.
09-02 02:45:00.450  1513  1572 W DisplayManagerService: android.os.DeadObjectException
09-02 02:45:00.450  1513  1572 W DisplayManagerService: 	at android.os.BinderProxy.transactNative(Native Method)
09-02 02:45:00.450  1513  1572 W DisplayManagerService: 	at android.os.BinderProxy.transact(BinderProxy.java:550)
09-02 02:45:00.450  1513  1572 W DisplayManagerService: 	at android.hardware.display.IDisplayManagerCallback$Stub$Proxy.onDisplayEvent(IDisplayManagerCallback.java:115)
09-02 02:45:00.450  1513  1572 W DisplayManagerService: 	at com.android.server.display.DisplayManagerService$CallbackRecord.notifyDisplayEventAsync(DisplayManagerService.java:1909)
09-02 02:45:00.450  1513  1572 W DisplayManagerService: 	at com.android.server.display.DisplayManagerService.deliverDisplayEvent(DisplayManagerService.java:1668)
09-02 02:45:00.450  1513  1572 W DisplayManagerService: 	at com.android.server.display.DisplayManagerService.access$700(DisplayManagerService.java:163)
09-02 02:45:00.450  1513  1572 W DisplayManagerService: 	at com.android.server.display.DisplayManagerService$DisplayManagerHandler.handleMessage(DisplayManagerService.java:1831)
09-02 02:45:00.450  1513  1572 W DisplayManagerService: 	at android.os.Handler.dispatchMessage(Handler.java:106)
09-02 02:45:00.450  1513  1572 W DisplayManagerService: 	at android.os.Looper.loop(Looper.java:223)
09-02 02:45:00.450  1513  1572 W DisplayManagerService: 	at android.os.HandlerThread.run(HandlerThread.java:67)
09-02 02:45:00.450  1513  1572 W DisplayManagerService: 	at com.android.server.ServiceThread.run(ServiceThread.java:44)
09-02 02:45:00.455  2474  2474 E PhoneInterfaceManager: [PhoneIntfMgr] getCarrierPackageNamesForIntentAndPhone: No UICC
09-02 02:45:00.455  2474  2474 D CarrierSvcBindHelper: No carrier app for: 0
09-02 02:45:00.456  1513  1572 I DisplayManagerService: Display device changed: DisplayDeviceInfo{"Built-in Screen": uniqueId="local:19260504575090817", 1080 x 2340, modeId 1, defaultModeId 2, supportedModes [{id=1, width=1080, height=2340, fps=90.0}, {id=2, width=1080, height=2340, fps=60.000004}], colorMode 0, supportedColorModes [0, 7, 9], HdrCapabilities HdrCapabilities{mSupportedHdrTypes=[2, 3, 4], mMaxLuminance=500.0, mMaxAverageLuminance=500.0, mMinLuminance=0.0}, allmSupported false, gameContentTypeSupported false, density 440, 435.428 x 433.839 dpi, appVsyncOff 2333333, presDeadline 11500000, cutout DisplayCutout{insets=Rect(0, 136 - 0, 0) waterfall=Insets{left=0, top=0, right=0, bottom=0} boundingRect={Bounds=[Rect(0, 0 - 0, 0), Rect(0, 0 - 136, 136), Rect(0, 0 - 0, 0), Rect(0, 0 - 0, 0)]}}, touch INTERNAL, rotation 0, type INTERNAL, address {port=129, model=0x446d53ad64a0}, deviceProductInfo DeviceProductInfo{name=, manufacturerPnpId=QCM, productId=1, modelYear=null, manufactureDate=ManufactureDate{week=27, year=2006}, relativeAddress=null}, state ON, FLAG_DEFAULT_DISPLAY, FLAG_ROTATES_WITH_CONTENT, FLAG_SECURE, FLAG_SUPPORTS_PROTECTED_BUFFERS}
09-02 02:45:00.460  8777 28492 I EuiccGoogle: [7719] EuiccServiceImpl.onGetEuiccProfileInfoList: onGetEuiccProfileInfoList: slotId = -1
09-02 02:45:00.463  1513  1572 W DisplayManagerService: Failed to notify process 27814 that displays changed, assuming it died.
09-02 02:45:00.463  1513  1572 W DisplayManagerService: android.os.DeadObjectException
09-02 02:45:00.463  1513  1572 W DisplayManagerService: 	at android.os.BinderProxy.transactNative(Native Method)
09-02 02:45:00.463  1513  1572 W DisplayManagerService: 	at android.os.BinderProxy.transact(BinderProxy.java:550)
09-02 02:45:00.463  1513  1572 W DisplayManagerService: 	at android.hardware.display.IDisplayManagerCallback$Stub$Proxy.onDisplayEvent(IDisplayManagerCallback.java:115)
09-02 02:45:00.463  1513  1572 W DisplayManagerService: 	at com.android.server.display.DisplayManagerService$CallbackRecord.notifyDisplayEventAsync(DisplayManagerService.java:1909)
09-02 02:45:00.463  1513  1572 W DisplayManagerService: 	at com.android.server.display.DisplayManagerService.deliverDisplayEvent(DisplayManagerService.java:1668)
09-02 02:45:00.463  1513  1572 W DisplayManagerService: 	at com.android.server.display.DisplayManagerService.access$700(DisplayManagerService.java:163)
09-02 02:45:00.463  1513  1572 W DisplayManagerService: 	at com.android.server.display.DisplayManagerService$DisplayManagerHandler.handleMessage(DisplayManagerService.java:1831)
09-02 02:45:00.463  1513  1572 W DisplayManagerService: 	at android.os.Handler.dispatchMessage(Handler.java:106)
09-02 02:45:00.463  1513  1572 W DisplayManagerService: 	at android.os.Looper.loop(Looper.java:223)
09-02 02:45:00.463  1513  1572 W DisplayManagerService: 	at android.os.HandlerThread.run(HandlerThread.java:67)
09-02 02:45:00.463  1513  1572 W DisplayManagerService: 	at com.android.server.ServiceThread.run(ServiceThread.java:44)
09-02 02:45:00.464  3088  3660 I AssistantForeground: (REDACTED) Get launcher package: %s
09-02 02:45:00.467  8777 28492 W EuiccGoogle: [7719] EuiccServiceImpl.onGetEuiccProfileInfoList: slotId=-1. No eUICC is active. Return null.
09-02 02:45:00.472  1513  1640 I libprocessgroup: Successfully killed process cgroup uid 10261 pid 28006 in 69ms
09-02 02:45:00.473  1513  3233 D ConnectivityService: ConnectivityService NetworkRequestInfo binderDied(NetworkRequest [ TRACK_DEFAULT id=2790, [ Capabilities: INTERNET&NOT_RESTRICTED&TRUSTED Uid: 10261 AdministratorUids: [] RequestorUid: 10261 RequestorPackageName: com.opera.browser] ], android.os.BinderProxy@6e07939)
09-02 02:45:00.473  1513  3221 D ConnectivityService: ConnectivityService NetworkRequestInfo binderDied(NetworkRequest [ LISTEN id=2791, [ Capabilities: INTERNET&NOT_RESTRICTED&TRUSTED&FOREGROUND Uid: 10261 AdministratorUids: [] RequestorUid: 10261 RequestorPackageName: com.opera.browser] ], android.os.BinderProxy@d992b7e)
09-02 02:45:00.473  1513  3233 D ConnectivityService: ConnectivityService NetworkRequestInfo binderDied(NetworkRequest [ TRACK_DEFAULT id=2792, [ Capabilities: INTERNET&NOT_RESTRICTED&TRUSTED Uid: 10261 AdministratorUids: [] RequestorUid: 10261 RequestorPackageName: com.opera.browser] ], android.os.BinderProxy@6ec18df)
09-02 02:45:00.473  1513  3233 D AutofillSession: handling death of Token{d6d37ef ActivityRecord{65d2fc u0 com.opera.browser/com.opera.Opera t-1 f}}} when saving=false
09-02 02:45:00.473  1513  2000 D ConnectivityService: releasing NetworkRequest [ TRACK_DEFAULT id=2790, [ Capabilities: INTERNET&NOT_RESTRICTED&TRUSTED Uid: 10261 AdministratorUids: [] RequestorUid: 10261 RequestorPackageName: com.opera.browser] ] (release request)
09-02 02:45:00.474  1513  2000 D ConnectivityService: releasing NetworkRequest [ TRACK_DEFAULT id=2792, [ Capabilities: INTERNET&NOT_RESTRICTED&TRUSTED Uid: 10261 AdministratorUids: [] RequestorUid: 10261 RequestorPackageName: com.opera.browser] ] (release request)
09-02 02:45:00.474  1513  3221 D ConnectivityService: ConnectivityService NetworkRequestInfo binderDied(NetworkRequest [ LISTEN id=2793, [ Capabilities: INTERNET&NOT_RESTRICTED&TRUSTED&FOREGROUND Uid: 10261 AdministratorUids: [] RequestorUid: 10261 RequestorPackageName: com.opera.browser] ], android.os.BinderProxy@d94b92c)
09-02 02:45:00.478   779   779 I Zygote  : Process 27814 exited due to signal 9 (Killed)
09-02 02:45:00.479  3135  3135 D RegisteredNfcFServicesCache: Service unchanged, not updating
09-02 02:45:00.484  1513  1572 W ActivityManager: setHasOverlayUi called on unknown pid: 27814
09-02 02:45:00.487   779   779 I Zygote  : Process 28105 exited cleanly (0)
09-02 02:45:00.503  2858  2858 I GoogleInputMethodService: GoogleInputMethodService.onFinishInput():3280 
09-02 02:45:00.504  2858  2858 I GoogleInputMethodService: GoogleInputMethodService.updateDeviceLockedStatus():2169 repeatCheckTimes = 0, unlocked = true
09-02 02:45:00.505  2858  2858 I GoogleInputMethodService: GoogleInputMethodService.onStartInput():1960 onStartInput(EditorInfo{inputType=0x0(NULL) imeOptions=0x0 privateImeOptions=null actionName=UNSPECIFIED actionLabel=null actionId=0 initialSelStart=-1 initialSelEnd=-1 initialCapsMode=0x0 hintText=null label=null packageName=com.example.batterymanager_utility fieldId=-1 fieldName=null extras=null}, false)
09-02 02:45:00.505  2858  2858 I GoogleInputMethodService: GoogleInputMethodService.shouldHideHeaderOnInitialState():4081 ShouldHideHeaderOnInitialState = false
09-02 02:45:00.505  2858  2858 I GoogleInputMethodService: GoogleInputMethodService.updateDeviceLockedStatus():2169 repeatCheckTimes = 2, unlocked = true
09-02 02:45:00.513  1513  1640 I libprocessgroup: Successfully killed process cgroup uid 10261 pid 27814 in 41ms
