09-01 17:44:58.218 13797 13838 D StrictMode: 	at nlt.run(PG:6)
09-01 17:44:58.218 13797 13838 D StrictMode: 	at nlt.run(PG:33)
09-01 17:44:58.218 13797 13838 D StrictMode: 	at com.google.android.apps.youtube.embeddedplayer.service.jar.client.s.run(PG:15)
09-01 17:44:58.218 13797 13838 D StrictMode: 	at java.lang.Thread.run(Thread.java:923)
09-01 17:44:58.238  1513  2000 D ConnectivityService: NetReassign [no changes]
09-01 17:44:58.248   901  1000 I ASH     : @ 28284.702: tcs3701: ADC is saturated, removed sample from FIFO.
09-01 17:44:58.257  1513  4617 D ConnectivityService: requestNetwork for uid/pid:10216/13797 NetworkRequest [ TRACK_DEFAULT id=1252, [ Capabilities: INTERNET&NOT_RESTRICTED&TRUSTED Uid: 10216 AdministratorUids: [] RequestorUid: 10216 RequestorPackageName: com.google.android.youtube] ]
09-01 17:44:58.258  1513  2000 D ConnectivityService: NetReassign [1252 : null → 100]
09-01 17:44:58.258  1513  1996 D WifiNetworkFactory: got request NetworkRequest [ TRACK_DEFAULT id=1252, [ Capabilities: INTERNET&NOT_RESTRICTED&TRUSTED Uid: 10216 AdministratorUids: [] RequestorUid: 10216 RequestorPackageName: com.google.android.youtube] ] with score 60 and providerId 5
09-01 17:44:58.258  1513  1996 D UntrustedWifiNetworkFactory: got request NetworkRequest [ TRACK_DEFAULT id=1252, [ Capabilities: INTERNET&NOT_RESTRICTED&TRUSTED Uid: 10216 AdministratorUids: [] RequestorUid: 10216 RequestorPackageName: com.google.android.youtube] ] with score 60 and providerId 5
09-01 17:44:58.259  1513  2038 D Ethernet: got request NetworkRequest [ TRACK_DEFAULT id=1252, [ Capabilities: INTERNET&NOT_RESTRICTED&TRUSTED Uid: 10216 AdministratorUids: [] RequestorUid: 10216 RequestorPackageName: com.google.android.youtube] ] with score 60 and providerId 5
09-01 17:44:58.263  1513  2037 D WIFI_AWARE_FACTORY: got request NetworkRequest [ TRACK_DEFAULT id=1252, [ Capabilities: INTERNET&NOT_RESTRICTED&TRUSTED Uid: 10216 AdministratorUids: [] RequestorUid: 10216 RequestorPackageName: com.google.android.youtube] ] with score 60 and providerId 5
09-01 17:44:58.263  2474  2474 D PhoneSwitcherNetworkRequstListener: got request NetworkRequest [ TRACK_DEFAULT id=1252, [ Capabilities: INTERNET&NOT_RESTRICTED&TRUSTED Uid: 10216 AdministratorUids: [] RequestorUid: 10216 RequestorPackageName: com.google.android.youtube] ] with score 60 and providerId 5
09-01 17:44:58.332 13797 13883 D CompatibilityChangeReporter: Compat change id reported: 147600208; UID 10216; state: ENABLED
09-01 17:44:58.348  1075  2091 W ServiceManager: Permission failure: android.permission.SYSTEM_CAMERA from uid=10216 pid=13797
09-01 17:44:58.358  1075  2091 I chatty  : uid=1047(cameraserver) Binder:1075_2 identical 5 lines
09-01 17:44:58.359  1075  2091 W ServiceManager: Permission failure: android.permission.SYSTEM_CAMERA from uid=10216 pid=13797
09-01 17:44:58.412  1513  8504 I system_server: oneway function results will be dropped but finished with status OK and parcel size 4
09-01 17:44:58.416  1513  8504 I chatty  : uid=1000(system) Binder:1513_20 identical 10 lines
09-01 17:44:58.416  1513  8504 I system_server: oneway function results will be dropped but finished with status OK and parcel size 4
09-01 17:44:58.492 13486 13499 I mozilla.firefo: Background young concurrent copying GC freed 424883(19MB) AllocSpace objects, 107(3728KB) LOS objects, 94% free, 6208KB/102MB, paused 251us total 100.188ms
09-01 17:44:58.506  1513  2169 D ConnectivityService: requestNetwork for uid/pid:10216/13797 NetworkRequest [ TRACK_DEFAULT id=1253, [ Capabilities: INTERNET&NOT_RESTRICTED&TRUSTED Uid: 10216 AdministratorUids: [] RequestorUid: 10216 RequestorPackageName: com.google.android.youtube] ]
09-01 17:44:58.506  1513  2000 D ConnectivityService: NetReassign [1253 : null → 100]
09-01 17:44:58.507  1513  1996 D WifiNetworkFactory: got request NetworkRequest [ TRACK_DEFAULT id=1253, [ Capabilities: INTERNET&NOT_RESTRICTED&TRUSTED Uid: 10216 AdministratorUids: [] RequestorUid: 10216 RequestorPackageName: com.google.android.youtube] ] with score 60 and providerId 5
09-01 17:44:58.507  1513  1996 D UntrustedWifiNetworkFactory: got request NetworkRequest [ TRACK_DEFAULT id=1253, [ Capabilities: INTERNET&NOT_RESTRICTED&TRUSTED Uid: 10216 AdministratorUids: [] RequestorUid: 10216 RequestorPackageName: com.google.android.youtube] ] with score 60 and providerId 5
09-01 17:44:58.508  2474  2474 D PhoneSwitcherNetworkRequstListener: got request NetworkRequest [ TRACK_DEFAULT id=1253, [ Capabilities: INTERNET&NOT_RESTRICTED&TRUSTED Uid: 10216 AdministratorUids: [] RequestorUid: 10216 RequestorPackageName: com.google.android.youtube] ] with score 60 and providerId 5
09-01 17:44:58.508  1513  2037 D WIFI_AWARE_FACTORY: got request NetworkRequest [ TRACK_DEFAULT id=1253, [ Capabilities: INTERNET&NOT_RESTRICTED&TRUSTED Uid: 10216 AdministratorUids: [] RequestorUid: 10216 RequestorPackageName: com.google.android.youtube] ] with score 60 and providerId 5
09-01 17:44:58.508  1513  2038 D Ethernet: got request NetworkRequest [ TRACK_DEFAULT id=1253, [ Capabilities: INTERNET&NOT_RESTRICTED&TRUSTED Uid: 10216 AdministratorUids: [] RequestorUid: 10216 RequestorPackageName: com.google.android.youtube] ] with score 60 and providerId 5
09-01 17:44:58.513 13486 13486 I GeckoSession: handleMessage GeckoView:PageStop uri=null
09-01 17:44:58.516 13486 13530 I SessionStorage/AutoSave: Save: Load finished
09-01 17:44:58.615   594   655 I SDM     : HWDeviceDRM::UpdateMixerAttributes: Mixer WxH 1080x2340-1 for Peripheral
09-01 17:44:58.615   594   655 I SDM     : DisplayBase::SetActiveConfig: Active configuration changed to: 1
09-01 17:44:58.615   594   655 I SDM     : StrategyImpl::SetIdleTimeoutMs: Idle timeout set to zero for command mode panels
09-01 17:44:58.619   901  2806 I sensors-hal: [ssc_utils]get_qmi_debug_flag:244, support_qmi_debug : false
09-01 17:44:58.619  1513  1572 I DisplayManagerService: Display device changed: DisplayDeviceInfo{"Built-in Screen": uniqueId="local:19260504575090817", 1080 x 2340, modeId 1, defaultModeId 2, supportedModes [{id=1, width=1080, height=2340, fps=90.0}, {id=2, width=1080, height=2340, fps=60.000004}], colorMode 0, supportedColorModes [0, 7, 9], HdrCapabilities HdrCapabilities{mSupportedHdrTypes=[2, 3, 4], mMaxLuminance=500.0, mMaxAverageLuminance=500.0, mMinLuminance=0.0}, allmSupported false, gameContentTypeSupported false, density 440, 435.428 x 433.839 dpi, appVsyncOff 2333333, presDeadline 11500000, cutout DisplayCutout{insets=Rect(0, 136 - 0, 0) waterfall=Insets{left=0, top=0, right=0, bottom=0} boundingRect={Bounds=[Rect(0, 0 - 0, 0), Rect(0, 0 - 136, 136), Rect(0, 0 - 0, 0), Rect(0, 0 - 0, 0)]}}, touch INTERNAL, rotation 0, type INTERNAL, address {port=129, model=0x446d53ad64a0}, deviceProductInfo DeviceProductInfo{name=, manufacturerPnpId=QCM, productId=1, modelYear=null, manufactureDate=ManufactureDate{week=27, year=2006}, relativeAddress=null}, state ON, FLAG_DEFAULT_DISPLAY, FLAG_ROTATES_WITH_CONTENT, FLAG_SECURE, FLAG_SUPPORTS_PROTECTED_BUFFERS}
09-01 17:44:58.644   901  1000 W ASH     : @ 28285.098: Unhandled msg ID 999: line 1277
09-01 17:44:58.644   901  1000 E ASH     : @ 28285.098: No pb callback assigned
09-01 17:44:58.644   901  1000 E ASH     : @ 28285.098: Nanopb error: callback failed:1588
09-01 17:44:58.750 13486 13486 W GeckoSession: No history entries found.
09-01 17:44:58.869  1513  3223 D ConnectivityService: requestNetwork for uid/pid:10216/13797 NetworkRequest [ TRACK_DEFAULT id=1254, [ Capabilities: INTERNET&NOT_RESTRICTED&TRUSTED Uid: 10216 AdministratorUids: [] RequestorUid: 10216 RequestorPackageName: com.google.android.youtube] ]
09-01 17:44:58.870  1513  2000 D ConnectivityService: NetReassign [1254 : null → 100]
09-01 17:44:58.870  1513  1996 D WifiNetworkFactory: got request NetworkRequest [ TRACK_DEFAULT id=1254, [ Capabilities: INTERNET&NOT_RESTRICTED&TRUSTED Uid: 10216 AdministratorUids: [] RequestorUid: 10216 RequestorPackageName: com.google.android.youtube] ] with score 60 and providerId 5
09-01 17:44:58.870  1513  2038 D Ethernet: got request NetworkRequest [ TRACK_DEFAULT id=1254, [ Capabilities: INTERNET&NOT_RESTRICTED&TRUSTED Uid: 10216 AdministratorUids: [] RequestorUid: 10216 RequestorPackageName: com.google.android.youtube] ] with score 60 and providerId 5
09-01 17:44:58.870  1513  2037 D WIFI_AWARE_FACTORY: got request NetworkRequest [ TRACK_DEFAULT id=1254, [ Capabilities: INTERNET&NOT_RESTRICTED&TRUSTED Uid: 10216 AdministratorUids: [] RequestorUid: 10216 RequestorPackageName: com.google.android.youtube] ] with score 60 and providerId 5
09-01 17:44:58.871  1513  1996 D UntrustedWifiNetworkFactory: got request NetworkRequest [ TRACK_DEFAULT id=1254, [ Capabilities: INTERNET&NOT_RESTRICTED&TRUSTED Uid: 10216 AdministratorUids: [] RequestorUid: 10216 RequestorPackageName: com.google.android.youtube] ] with score 60 and providerId 5
09-01 17:44:58.871  2474  2474 D PhoneSwitcherNetworkRequstListener: got request NetworkRequest [ TRACK_DEFAULT id=1254, [ Capabilities: INTERNET&NOT_RESTRICTED&TRUSTED Uid: 10216 AdministratorUids: [] RequestorUid: 10216 RequestorPackageName: com.google.android.youtube] ] with score 60 and providerId 5
09-01 17:44:58.879  1513  2000 D ConnectivityService: releasing NetworkRequest [ TRACK_DEFAULT id=1254, [ Capabilities: INTERNET&NOT_RESTRICTED&TRUSTED Uid: 10216 AdministratorUids: [] RequestorUid: 10216 RequestorPackageName: com.google.android.youtube] ] (release request)
09-01 17:44:58.946   901  2806 I sensors-hal: [ssc_utils]get_qmi_debug_flag:244, support_qmi_debug : false
09-01 17:44:58.964   901  1000 W ASH     : @ 28285.418: Unhandled msg ID 999: line 1277
09-01 17:44:58.964   901  1000 E ASH     : @ 28285.418: No pb callback assigned
09-01 17:44:58.964   901  1000 E ASH     : @ 28285.418: Nanopb error: callback failed:1588
09-01 17:44:59.010   901  1000 I ASH     : @ 28285.464: tcs3701: ADC is saturated, removed sample from FIFO.
09-01 17:44:59.294   901  2806 I sensors-hal: [ssc_utils]get_qmi_debug_flag:244, support_qmi_debug : false
09-01 17:44:59.298   594   655 I SDM     : HWDeviceDRM::UpdateMixerAttributes: Mixer WxH 1080x2340-1 for Peripheral
09-01 17:44:59.298   594   655 I SDM     : DisplayBase::SetActiveConfig: Active configuration changed to: 0
09-01 17:44:59.298   594   655 I SDM     : StrategyImpl::SetIdleTimeoutMs: Idle timeout set to zero for command mode panels
09-01 17:44:59.306   901  2806 I sensors-hal: [ssc_utils]get_qmi_debug_flag:244, support_qmi_debug : false
09-01 17:44:59.309  1513  1572 I DisplayManagerService: Display device changed: DisplayDeviceInfo{"Built-in Screen": uniqueId="local:19260504575090817", 1080 x 2340, modeId 2, defaultModeId 2, supportedModes [{id=1, width=1080, height=2340, fps=90.0}, {id=2, width=1080, height=2340, fps=60.000004}], colorMode 0, supportedColorModes [0, 7, 9], HdrCapabilities HdrCapabilities{mSupportedHdrTypes=[2, 3, 4], mMaxLuminance=500.0, mMaxAverageLuminance=500.0, mMinLuminance=0.0}, allmSupported false, gameContentTypeSupported false, density 440, 435.428 x 433.839 dpi, appVsyncOff 2333332, presDeadline 11500000, cutout DisplayCutout{insets=Rect(0, 136 - 0, 0) waterfall=Insets{left=0, top=0, right=0, bottom=0} boundingRect={Bounds=[Rect(0, 0 - 0, 0), Rect(0, 0 - 136, 136), Rect(0, 0 - 0, 0), Rect(0, 0 - 0, 0)]}}, touch INTERNAL, rotation 0, type INTERNAL, address {port=129, model=0x446d53ad64a0}, deviceProductInfo DeviceProductInfo{name=, manufacturerPnpId=QCM, productId=1, modelYear=null, manufactureDate=ManufactureDate{week=27, year=2006}, relativeAddress=null}, state ON, FLAG_DEFAULT_DISPLAY, FLAG_ROTATES_WITH_CONTENT, FLAG_SECURE, FLAG_SUPPORTS_PROTECTED_BUFFERS}
09-01 17:44:59.321   594   655 I SDM     : StrategyImpl::SetIdleTimeoutMs: Idle timeout set to zero for command mode panels
09-01 17:44:59.324   901  1000 W ASH     : @ 28285.778: Unhandled msg ID 999: line 1277
09-01 17:44:59.324   901  1000 E ASH     : @ 28285.778: No pb callback assigned
09-01 17:44:59.324   901  1000 E ASH     : @ 28285.778: Nanopb error: callback failed:1588
09-01 17:44:59.364   901  1000 W ASH     : @ 28285.818: Unhandled msg ID 999: line 1277
09-01 17:44:59.364   901  1000 E ASH     : @ 28285.818: No pb callback assigned
09-01 17:44:59.365   901  1000 E ASH     : @ 28285.818: Nanopb error: callback failed:1588
09-01 17:45:00.125   901  1000 D VSC     : @ 28286.578: [WO] tilt angle 89
09-01 17:45:00.433  1513  2169 D CompatibilityChangeReporter: Compat change id reported: 135634846; UID 10220; state: DISABLED
09-01 17:45:00.433  1513  2169 D CompatibilityChangeReporter: Compat change id reported: 135754954; UID 10220; state: ENABLED
09-01 17:45:00.433  1513  1625 D CompatibilityChangeReporter: Compat change id reported: 143937733; UID 10220; state: ENABLED
09-01 17:45:00.444   778   778 D Zygote  : Forked child process 13987
09-01 17:45:00.446  1513  2169 D CompatibilityChangeReporter: Compat change id reported: 135634846; UID 10182; state: DISABLED
09-01 17:45:00.446  1513  2169 D CompatibilityChangeReporter: Compat change id reported: 135754954; UID 10182; state: ENABLED
09-01 17:45:00.446  1513  1625 I ActivityManager: Start proc 13987:com.android.chrome/u0a220 for service {com.android.chrome/org.chromium.chrome.browser.customtabs.CustomTabsConnectionService}
09-01 17:45:00.447  1513  1625 D CompatibilityChangeReporter: Compat change id reported: 143937733; UID 10182; state: ENABLED
09-01 17:45:00.455   778   778 D Zygote  : Forked child process 13996
09-01 17:45:00.457  1513  1625 I ActivityManager: Start proc 13996:com.google.android.apps.wellbeing/u0a182 for content provider {com.google.android.apps.wellbeing/com.google.android.apps.wellbeing.api.impl.WellbeingSettingsProvider}
09-01 17:45:00.457 13987 13987 E .android.chrom: Not starting debugger since process cannot load the jdwp agent.
09-01 17:45:00.460  2816 10247 I FontLog : Received query Noto Color Emoji Compat, URI content://com.google.android.gms.fonts [CONTEXT service_id=132 ]
09-01 17:45:00.460  2816 10247 I FontLog : Query [Noto Color Emoji Compat] resolved to {Noto Color Emoji Compat, wdth 100.0, wght 400, ital 0.0, bestEffort false} [CONTEXT service_id=132 ]
09-01 17:45:00.464  2816 10247 I FontLog : Fetch {Noto Color Emoji Compat, wdth 100.0, wght 400, ital 0.0, bestEffort false} end status Status{statusCode=SUCCESS, resolution=null} [CONTEXT service_id=132 ]
09-01 17:45:00.467 13996 13996 E .apps.wellbein: Not starting debugger since process cannot load the jdwp agent.
09-01 17:45:00.495 13996 13996 I .apps.wellbein: The ClassLoaderContext is a special shared library.
09-01 17:45:00.501  2816 10247 I FontLog : Pulling font file for id = 846, cache size = 6 [CONTEXT service_id=132 ]
09-01 17:45:00.507  2816 10247 I FontLog : Pulling font file for id = 846, cache size = 6 [CONTEXT service_id=132 ]
09-01 17:45:00.516 13987 13987 W .android.chrom: JIT profile information will not be recorded: profile file does not exist.
09-01 17:45:00.541 13987 13987 I LoadedApk: No resource references to update in package com.google.android.trichromelibrary
09-01 17:45:00.542 13996 13996 D NetworkSecurityConfig: No Network Security Config specified, using platform default
09-01 17:45:00.542 13987 13987 D NetworkSecurityConfig: Using Network Security Config from resource 0_resource_name_obfuscated debugBuild: false
09-01 17:45:00.542 13996 13996 D NetworkSecurityConfig: No Network Security Config specified, using platform default
09-01 17:45:00.542 13996 13996 I MultiDex: VM with version 2.1.0 has multidex support
09-01 17:45:00.542 13996 13996 I MultiDex: Installing application
09-01 17:45:00.542 13996 13996 I MultiDex: VM has multidex support, MultiDex support library is disabled.
09-01 17:45:00.542 13987 13987 D NetworkSecurityConfig: Using Network Security Config from resource 0_resource_name_obfuscated debugBuild: false
09-01 17:45:00.544 13987 13987 I cr_SplitCompatApp: Launched version=107.0.5304.91 minSdkVersion=29 isBundle=true processName=com.android.chrome isIsolated=false
09-01 17:45:00.610 13996 13996 I ivo     : SslGuard completed installation.
09-01 17:45:00.638 13996 14038 W .apps.wellbein: Accessing hidden field Ljava/util/Collections$SynchronizedCollection;->mutex:Ljava/lang/Object; (greylist-max-o, reflection, denied)
09-01 17:45:00.638 13996 14038 W .apps.wellbein: Accessing hidden method Ljava/util/Collections$SynchronizedSet;-><init>(Ljava/util/Set;Ljava/lang/Object;)V (greylist-max-o, reflection, denied)
09-01 17:45:00.638 13996 14038 W .apps.wellbein: Accessing hidden method Ljava/util/Collections$SynchronizedCollection;-><init>(Ljava/util/Collection;Ljava/lang/Object;)V (greylist-max-o, reflection, denied)
09-01 17:45:00.654  2816 10247 I FontLog : Received query Google Sans:700, URI content://com.google.android.gms.fonts [CONTEXT service_id=132 ]
09-01 17:45:00.654  2816 10247 I FontLog : Query [Google Sans:700] resolved to {Google Sans, wdth 100.0, wght 700, ital 0.0, bestEffort false} [CONTEXT service_id=132 ]
09-01 17:45:00.655  2816 10247 I FontLog : Fetch {Google Sans, wdth 100.0, wght 700, ital 0.0, bestEffort false} end status Status{statusCode=SUCCESS, resolution=null} [CONTEXT service_id=132 ]
09-01 17:45:00.656 13987 14040 I cr_LibraryLoader: Using ModernLinker
09-01 17:45:00.657 13987 14040 I cr_LibraryLoader: Loading monochrome_64 from within /data/app/~~_KLlx60MH8CoecPTjMKp8g==/com.android.chrome-kw9RHYrlHKb9bPXi8OTClw==/base.apk
09-01 17:45:00.664 13987 14040 W linker  : Warning: "/data/app/~~_KLlx60MH8CoecPTjMKp8g==/com.android.chrome-kw9RHYrlHKb9bPXi8OTClw==/base.apk!/lib/arm64-v8a/libchromium_android_linker.so" unused DT entry: unknown processor-specific (type 0x70000001 arg 0x0) (ignoring)
09-01 17:45:00.667 13987 14040 I cr_ModernLinker: loadLibraryImplLocked: monochrome_64, relroMode=1
09-01 17:45:00.669 13987 14040 W linker  : Warning: "/data/app/~~pvdNlmkqoAdokjnHYmWQbA==/com.google.android.trichromelibrary_530409134-AZWnkLs2PHY5miTP6ZiTzA==/base.apk!/lib/arm64-v8a/libmonochrome_64.so" unused DT entry: unknown processor-specific (type 0x70000001 arg 0x0) (ignoring)
09-01 17:45:00.688 13987 14043 W DynamiteModule: Local module descriptor class for com.google.android.gms.googlecertificates not found.
09-01 17:45:00.696 13797 13883 D StrictMode: StrictMode policy violation; ~duration=235 ms: android.os.strictmode.DiskReadViolation
09-01 17:45:00.696 13797 13883 D StrictMode: 	at android.os.StrictMode$AndroidBlockGuardPolicy.onReadFromDisk(StrictMode.java:1596)
09-01 17:45:00.696 13797 13883 D StrictMode: 	at libcore.io.BlockGuardOs.access(BlockGuardOs.java:71)
09-01 17:45:00.696 13797 13883 D StrictMode: 	at libcore.io.ForwardingOs.access(ForwardingOs.java:72)
09-01 17:45:00.696 13797 13883 D StrictMode: 	at android.app.ActivityThread$AndroidOs.access(ActivityThread.java:7537)
09-01 17:45:00.696 13797 13883 D StrictMode: 	at java.io.UnixFileSystem.checkAccess(UnixFileSystem.java:281)
09-01 17:45:00.696 13797 13883 D StrictMode: 	at java.io.File.exists(File.java:815)
09-01 17:45:00.696 13797 13883 D StrictMode: 	at akcc.b(:com.google.android.gms@224312037@22.43.12 (150400-483592595):1)
09-01 17:45:00.696 13797 13883 D StrictMode: 	at akdf.e(:com.google.android.gms@224312037@22.43.12 (150400-483592595):13)
09-01 17:45:00.696 13797 13883 D StrictMode: 	at akdf.b(:com.google.android.gms@224312037@22.43.12 (150400-483592595):6)
09-01 17:45:00.696 13797 13883 D StrictMode: 	at akdi.query(:com.google.android.gms@224312037@22.43.12 (150400-483592595):11)
09-01 17:45:00.696 13797 13883 D StrictMode: 	at wwe.query(:com.google.android.gms@224312037@22.43.12 (150400-483592595):3)
09-01 17:45:00.696 13797 13883 D StrictMode: 	at android.content.ContentProvider.query(ContentProvider.java:1379)
09-01 17:45:00.696 13797 13883 D StrictMode: 	at gje.superQuery(:com.google.android.gms@224312037@22.43.12 (150400-483592595):2)
09-01 17:45:00.696 13797 13883 D StrictMode: 	at com.google.android.chimera.ContentProvider.query(:com.google.android.gms@224312037@22.43.12 (150400-483592595):2)
09-01 17:45:00.696 13797 13883 D StrictMode: 	at wwe.query(:com.google.android.gms@224312037@22.43.12 (150400-483592595):8)
09-01 17:45:00.696 13797 13883 D StrictMode: 	at android.content.ContentProvider.query(ContentProvider.java:1475)
09-01 17:45:00.696 13797 13883 D StrictMode: 	at gje.superQuery(:com.google.android.gms@224312037@22.43.12 (150400-483592595):1)
09-01 17:45:00.696 13797 13883 D StrictMode: 	at com.google.android.chimera.ContentProvider.query(:com.google.android.gms@224312037@22.43.12 (150400-483592595):1)
09-01 17:45:00.696 13797 13883 D StrictMode: 	at gje.query(:com.google.android.gms@224312037@22.43.12 (150400-483592595):2)
09-01 17:45:00.696 13797 13883 D StrictMode: 	at android.content.ContentProvider$Transport.query(ContentProvider.java:278)
09-01 17:45:00.696 13797 13883 D StrictMode: 	at android.content.ContentProviderNative.onTransact(ContentProviderNative.java:106)
09-01 17:45:00.696 13797 13883 D StrictMode: 	at android.os.Binder.execTransactInternal(Binder.java:1154)
09-01 17:45:00.696 13797 13883 D StrictMode: 	at android.os.Binder.execTransact(Binder.java:1123)
09-01 17:45:00.696 13797 13883 D StrictMode: # via Binder call with stack:
09-01 17:45:00.696 13797 13883 D StrictMode: 	at android.os.StrictMode.readAndHandleBinderCallViolations(StrictMode.java:2358)
09-01 17:45:00.696 13797 13883 D StrictMode: 	at android.os.Parcel.readExceptionCode(Parcel.java:2318)
09-01 17:45:00.696 13797 13883 D StrictMode: 	at android.database.DatabaseUtils.readExceptionFromParcel(DatabaseUtils.java:139)
09-01 17:45:00.696 13797 13883 D StrictMode: 	at android.content.ContentProviderProxy.query(ContentProviderNative.java:472)
09-01 17:45:00.696 13797 13883 D StrictMode: 	at android.content.ContentResolver.query(ContentResolver.java:1183)
09-01 17:45:00.696 13797 13883 D StrictMode: 	at android.content.ContentResolver.query(ContentResolver.java:1115)
09-01 17:45:00.696 13797 13883 D StrictMode: 	at ajt.a(PG:1)
09-01 17:45:00.696 13797 13883 D StrictMode: 	at aju.a(PG:30)
09-01 17:45:00.696 13797 13883 D StrictMode: 	at ary.a(PG:1)
09-01 17:45:00.696 13797 13883 D StrictMode: 	at vs.run(PG:20)
09-01 17:45:00.696 13797 13883 D StrictMode: 	at android.os.Handler.handleCallback(Handler.java:938)
09-01 17:45:00.696 13797 13883 D StrictMode: 	at android.os.Handler.dispatchMessage(Handler.java:99)
09-01 17:45:00.696 13797 13883 D StrictMode: 	at android.os.Looper.loop(Looper.java:223)
09-01 17:45:00.696 13797 13883 D StrictMode: 	at ocj.run(PG:4)
09-01 17:45:00.696 13797 13883 D StrictMode: 	at nlt.run(PG:33)
09-01 17:45:00.696 13797 13883 D StrictMode: 	at com.google.android.apps.youtube.embeddedplayer.service.jar.client.s.run(PG:15)
09-01 17:45:00.696 13797 13883 D StrictMode: 	at java.lang.Thread.run(Thread.java:923)
09-01 17:45:00.696 13797 13883 D StrictMode: StrictMode policy violation; ~duration=235 ms: android.os.strictmode.DiskReadViolation
09-01 17:45:00.696 13797 13883 D StrictMode: 	at android.os.StrictMode$AndroidBlockGuardPolicy.onReadFromDisk(StrictMode.java:1596)
09-01 17:45:00.696 13797 13883 D StrictMode: 	at java.io.UnixFileSystem.getBooleanAttributes(UnixFileSystem.java:250)
09-01 17:45:00.696 13797 13883 D StrictMode: 	at java.io.File.isDirectory(File.java:845)
09-01 17:45:00.696 13797 13883 D StrictMode: 	at akcc.b(:com.google.android.gms@224312037@22.43.12 (150400-483592595):2)
09-01 17:45:00.696 13797 13883 D StrictMode: 	at akdf.e(:com.google.android.gms@224312037@22.43.12 (150400-483592595):13)
09-01 17:45:00.696 13797 13883 D StrictMode: 	at akdf.b(:com.google.android.gms@224312037@22.43.12 (150400-483592595):6)
09-01 17:45:00.696 13797 13883 D StrictMode: 	at akdi.query(:com.google.android.gms@224312037@22.43.12 (150400-483592595):11)
09-01 17:45:00.696 13797 13883 D StrictMode: 	at wwe.query(:com.google.android.gms@224312037@22.43.12 (150400-483592595):3)
09-01 17:45:00.696 13797 13883 D StrictMode: 	at android.content.ContentProvider.query(ContentProvider.java:1379)
09-01 17:45:00.696 13797 13883 D StrictMode: 	at gje.superQuery(:com.google.android.gms@224312037@22.43.12 (150400-483592595):2)
09-01 17:45:00.696 13797 13883 D StrictMode: 	at com.google.android.chimera.ContentProvider.query(:com.google.android.gms@224312037@22.43.12 (150400-483592595):2)
09-01 17:45:00.696 13797 13883 D StrictMode: 	at wwe.query(:com.google.android.gms@224312037@22.43.12 (150400-483592595):8)
09-01 17:45:00.696 13797 13883 D StrictMode: 	at android.content.ContentProvider.query(ContentProvider.java:1475)
09-01 17:45:00.696 13797 13883 D StrictMode: 	at gje.superQuery(:com.google.android.gms@224312037@22.43.12 (150400-483592595):1)
09-01 17:45:00.696 13797 13883 D StrictMode: 	at com.google.android.chimera.ContentProvider.query(:com.google.android.gms@224312037@22.43.12 (150400-483592595):1)
09-01 17:45:00.696 13797 13883 D StrictMode: 	at gje.query(:com.google.android.gms@224312037@22.43.12 (150400-483592595):2)
09-01 17:45:00.696 13797 13883 D StrictMode: 	at android.content.ContentProvider$Transport.query(ContentProvider.java:278)
09-01 17:45:00.696 13797 13883 D StrictMode: 	at android.content.ContentProviderNative.onTransact(ContentProviderNative.java:106)
09-01 17:45:00.696 13797 13883 D StrictMode: 	at android.os.Binder.execTransactInternal(Binder.java:1154)
09-01 17:45:00.696 13797 13883 D StrictMode: 	at android.os.Binder.execTransact(Binder.java:1123)
09-01 17:45:00.696 13797 13883 D StrictMode: # via Binder call with stack:
09-01 17:45:00.696 13797 13883 D StrictMode: 	at android.os.StrictMode.readAndHandleBinderCallViolations(StrictMode.java:2358)
09-01 17:45:00.696 13797 13883 D StrictMode: 	at android.os.Parcel.readExceptionCode(Parcel.java:2318)
09-01 17:45:00.696 13797 13883 D StrictMode: 	at android.database.DatabaseUtils.readExceptionFromParcel(DatabaseUtils.java:139)
09-01 17:45:00.696 13797 13883 D StrictMode: 	at android.content.ContentProviderProxy.query(ContentProviderNative.java:472)
09-01 17:45:00.696 13797 13883 D StrictMode: 	at android.content.ContentResolver.query(ContentResolver.java:1183)
09-01 17:45:00.696 13797 13883 D StrictMode: 	at android.content.ContentResolver.query(ContentResolver.java:1115)
09-01 17:45:00.696 13797 13883 D StrictMode: 	at ajt.a(PG:1)
09-01 17:45:00.696 13797 13883 D StrictMode: 	at aju.a(PG:30)
09-01 17:45:00.696 13797 13883 D StrictMode: 	at ary.a(PG:1)
09-01 17:45:00.696 13797 13883 D StrictMode: 	at vs.run(PG:20)
09-01 17:45:00.696 13797 13883 D StrictMode: 	at android.os.Handler.handleCallback(Handler.java:938)
09-01 17:45:00.696 13797 13883 D StrictMode: 	at android.os.Handler.dispatchMessage(Handler.java:99)
09-01 17:45:00.696 13797 13883 D StrictMode: 	at android.os.Looper.loop(Looper.java:223)
09-01 17:45:00.696 13797 13883 D StrictMode: 	at ocj.run(PG:4)
09-01 17:45:00.696 13797 13883 D StrictMode: 	at nlt.run(PG:33)
09-01 17:45:00.696 13797 13883 D StrictMode: 	at com.google.android.apps.youtube.embeddedplayer.service.jar.client.s.run(PG:15)
09-01 17:45:00.696 13797 13883 D StrictMode: 	at java.lang.Thread.run(Thread.java:923)
09-01 17:45:00.697 13797 13883 D StrictMode: StrictMode policy violation; ~duration=233 ms: android.os.strictmode.DiskReadViolation
09-01 17:45:00.697 13797 13883 D StrictMode: 	at android.os.StrictMode$AndroidBlockGuardPolicy.onReadFromDisk(StrictMode.java:1596)
09-01 17:45:00.697 13797 13883 D StrictMode: 	at libcore.io.BlockGuardOs.stat(BlockGuardOs.java:389)
09-01 17:45:00.697 13797 13883 D StrictMode: 	at libcore.io.ForwardingOs.stat(ForwardingOs.java:221)
09-01 17:45:00.697 13797 13883 D StrictMode: 	at android.app.ActivityThread$AndroidOs.stat(ActivityThread.java:7560)
09-01 17:45:00.697 13797 13883 D StrictMode: 	at java.io.UnixFileSystem.getLength(UnixFileSystem.java:298)
09-01 17:45:00.697 13797 13883 D StrictMode: 	at java.io.File.length(File.java:970)
09-01 17:45:00.697 13797 13883 D StrictMode: 	at akcc.b(:com.google.android.gms@224312037@22.43.12 (150400-483592595):3)
09-01 17:45:00.697 13797 13883 D StrictMode: 	at akdf.e(:com.google.android.gms@224312037@22.43.12 (150400-483592595):13)
09-01 17:45:00.697 13797 13883 D StrictMode: 	at akdf.b(:com.google.android.gms@224312037@22.43.12 (150400-483592595):6)
09-01 17:45:00.697 13797 13883 D StrictMode: 	at akdi.query(:com.google.android.gms@224312037@22.43.12 (150400-483592595):11)
09-01 17:45:00.697 13797 13883 D StrictMode: 	at wwe.query(:com.google.android.gms@224312037@22.43.12 (150400-483592595):3)
09-01 17:45:00.697 13797 13883 D StrictMode: 	at android.content.ContentProvider.query(ContentProvider.java:1379)
09-01 17:45:00.697 13797 13883 D StrictMode: 	at gje.superQuery(:com.google.android.gms@224312037@22.43.12 (150400-483592595):2)
09-01 17:45:00.697 13797 13883 D StrictMode: 	at com.google.android.chimera.ContentProvider.query(:com.google.android.gms@224312037@22.43.12 (150400-483592595):2)
09-01 17:45:00.697 13797 13883 D StrictMode: 	at wwe.query(:com.google.android.gms@224312037@22.43.12 (150400-483592595):8)
09-01 17:45:00.697 13797 13883 D StrictMode: 	at android.content.ContentProvider.query(ContentProvider.java:1475)
09-01 17:45:00.697 13797 13883 D StrictMode: 	at gje.superQuery(:com.google.android.gms@224312037@22.43.12 (150400-483592595):1)
09-01 17:45:00.697 13797 13883 D StrictMode: 	at com.google.android.chimera.ContentProvider.query(:com.google.android.gms@224312037@22.43.12 (150400-483592595):1)
09-01 17:45:00.697 13797 13883 D StrictMode: 	at gje.query(:com.google.android.gms@224312037@22.43.12 (150400-483592595):2)
09-01 17:45:00.697 13797 13883 D StrictMode: 	at android.content.ContentProvider$Transport.query(ContentProvider.java:278)
09-01 17:45:00.697 13797 13883 D StrictMode: 	at android.content.ContentProviderNative.onTransact(ContentProviderNative.java:106)
09-01 17:45:00.697 13797 13883 D StrictMode: 	at android.os.Binder.execTransactInternal(Binder.java:1154)
09-01 17:45:00.697 13797 13883 D StrictMode: 	at android.os.Binder.execTransact(Binder.java:1123)
09-01 17:45:00.697 13797 13883 D StrictMode: # via Binder call with stack:
09-01 17:45:00.697 13797 13883 D StrictMode: 	at android.os.StrictMode.readAndHandleBinderCallViolations(StrictMode.java:2358)
09-01 17:45:00.697 13797 13883 D StrictMode: 	at android.os.Parcel.readExceptionCode(Parcel.java:2318)
09-01 17:45:00.697 13797 13883 D StrictMode: 	at android.database.DatabaseUtils.readExceptionFromParcel(DatabaseUtils.java:139)
09-01 17:45:00.697 13797 13883 D StrictMode: 	at android.content.ContentProviderProxy.query(ContentProviderNative.java:472)
09-01 17:45:00.697 13797 13883 D StrictMode: 	at android.content.ContentResolver.query(ContentResolver.java:1183)
09-01 17:45:00.697 13797 13883 D StrictMode: 	at android.content.ContentResolver.query(ContentResolver.java:1115)
09-01 17:45:00.697 13797 13883 D StrictMode: 	at ajt.a(PG:1)
09-01 17:45:00.697 13797 13883 D StrictMode: 	at aju.a(PG:30)
09-01 17:45:00.697 13797 13883 D StrictMode: 	at ary.a(PG:1)
09-01 17:45:00.697 13797 13883 D StrictMode: 	at vs.run(PG:20)
09-01 17:45:00.697 13797 13883 D StrictMode: 	at android.os.Handler.handleCallback(Handler.java:938)
09-01 17:45:00.697 13797 13883 D StrictMode: 	at android.os.Handler.dispatchMessage(Handler.java:99)
09-01 17:45:00.697 13797 13883 D StrictMode: 	at android.os.Looper.loop(Looper.java:223)
09-01 17:45:00.697 13797 13883 D StrictMode: 	at ocj.run(PG:4)
09-01 17:45:00.697 13797 13883 D StrictMode: 	at nlt.run(PG:33)
09-01 17:45:00.697 13797 13883 D StrictMode: 	at com.google.android.apps.youtube.embeddedplayer.service.jar.client.s.run(PG:15)
09-01 17:45:00.697 13797 13883 D StrictMode: 	at java.lang.Thread.run(Thread.java:923)
09-01 17:45:00.697 13797 13883 D StrictMode: StrictMode policy violation; ~duration=193 ms: android.os.strictmode.DiskReadViolation
09-01 17:45:00.697 13797 13883 D StrictMode: 	at android.os.StrictMode$AndroidBlockGuardPolicy.onReadFromDisk(StrictMode.java:1596)
09-01 17:45:00.697 13797 13883 D StrictMode: 	at sun.nio.ch.FileDispatcherImpl.size(FileDispatcherImpl.java:106)
09-01 17:45:00.697 13797 13883 D StrictMode: 	at sun.nio.ch.FileChannelImpl.size(FileChannelImpl.java:359)
09-01 17:45:00.697 13797 13883 D StrictMode: 	at android.graphics.fonts.Font$Builder.<init>(Font.java:139)
09-01 17:45:00.697 13797 13883 D StrictMode: 	at android.graphics.fonts.Font$Builder.<init>(Font.java:125)
09-01 17:45:00.697 13797 13883 D StrictMode: 	at aij.b(PG:4)
09-01 17:45:00.697 13797 13883 D StrictMode: 	at aif.e(PG:1)
09-01 17:45:00.697 13797 13883 D StrictMode: 	at aer.b(PG:1)
09-01 17:45:00.697 13797 13883 D StrictMode: 	at ary.a(PG:14)
09-01 17:45:00.697 13797 13883 D StrictMode: 	at vs.run(PG:20)
09-01 17:45:00.697 13797 13883 D StrictMode: 	at android.os.Handler.handleCallback(Handler.java:938)
09-01 17:45:00.697 13797 13883 D StrictMode: 	at android.os.Handler.dispatchMessage(Handler.java:99)
09-01 17:45:00.697 13797 13883 D StrictMode: 	at android.os.Looper.loop(Looper.java:223)
09-01 17:45:00.697 13797 13883 D StrictMode: 	at ocj.run(PG:4)
09-01 17:45:00.697 13797 13883 D StrictMode: 	at nlt.run(PG:33)
09-01 17:45:00.697 13797 13883 D StrictMode: 	at com.google.android.apps.youtube.embeddedplayer.service.jar.client.s.run(PG:15)
09-01 17:45:00.697 13797 13883 D StrictMode: 	at java.lang.Thread.run(Thread.java:923)
09-01 17:45:00.697 13797 13883 D StrictMode: StrictMode policy violation; ~duration=193 ms: android.os.strictmode.DiskReadViolation
09-01 17:45:00.697 13797 13883 D StrictMode: 	at android.os.StrictMode$AndroidBlockGuardPolicy.onReadFromDisk(StrictMode.java:1596)
09-01 17:45:00.697 13797 13883 D StrictMode: 	at sun.nio.ch.FileDispatcherImpl.size(FileDispatcherImpl.java:106)
09-01 17:45:00.697 13797 13883 D StrictMode: 	at sun.nio.ch.FileChannelImpl.map(FileChannelImpl.java:945)
09-01 17:45:00.697 13797 13883 D StrictMode: 	at android.graphics.fonts.Font$Builder.<init>(Font.java:140)
09-01 17:45:00.697 13797 13883 D StrictMode: 	at android.graphics.fonts.Font$Builder.<init>(Font.java:125)
09-01 17:45:00.697 13797 13883 D StrictMode: 	at aij.b(PG:4)
09-01 17:45:00.697 13797 13883 D StrictMode: 	at aif.e(PG:1)
09-01 17:45:00.697 13797 13883 D StrictMode: 	at aer.b(PG:1)
09-01 17:45:00.697 13797 13883 D StrictMode: 	at ary.a(PG:14)
09-01 17:45:00.697 13797 13883 D StrictMode: 	at vs.run(PG:20)
09-01 17:45:00.697 13797 13883 D StrictMode: 	at android.os.Handler.handleCallback(Handler.java:938)
09-01 17:45:00.697 13797 13883 D StrictMode: 	at android.os.Handler.dispatchMessage(Handler.java:99)
09-01 17:45:00.697 13797 13883 D StrictMode: 	at android.os.Looper.loop(Looper.java:223)
09-01 17:45:00.697 13797 13883 D StrictMode: 	at ocj.run(PG:4)
09-01 17:45:00.697 13797 13883 D StrictMode: 	at nlt.run(PG:33)
09-01 17:45:00.697 13797 13883 D StrictMode: 	at com.google.android.apps.youtube.embeddedplayer.service.jar.client.s.run(PG:15)
09-01 17:45:00.697 13797 13883 D StrictMode: 	at java.lang.Thread.run(Thread.java:923)
09-01 17:45:00.698 13797 13883 D StrictMode: StrictMode policy violation; ~duration=193 ms: android.os.strictmode.DiskReadViolation
09-01 17:45:00.698 13797 13883 D StrictMode: 	at android.os.StrictMode$AndroidBlockGuardPolicy.onReadFromDisk(StrictMode.java:1596)
09-01 17:45:00.698 13797 13883 D StrictMode: 	at sun.nio.ch.FileChannelImpl.map(FileChannelImpl.java:982)
09-01 17:45:00.698 13797 13883 D StrictMode: 	at android.graphics.fonts.Font$Builder.<init>(Font.java:140)
09-01 17:45:00.698 13797 13883 D StrictMode: 	at android.graphics.fonts.Font$Builder.<init>(Font.java:125)
09-01 17:45:00.698 13797 13883 D StrictMode: 	at aij.b(PG:4)
09-01 17:45:00.698 13797 13883 D StrictMode: 	at aif.e(PG:1)
09-01 17:45:00.698 13797 13883 D StrictMode: 	at aer.b(PG:1)
09-01 17:45:00.698 13797 13883 D StrictMode: 	at ary.a(PG:14)
09-01 17:45:00.698 13797 13883 D StrictMode: 	at vs.run(PG:20)
09-01 17:45:00.698 13797 13883 D StrictMode: 	at android.os.Handler.handleCallback(Handler.java:938)
09-01 17:45:00.698 13797 13883 D StrictMode: 	at android.os.Handler.dispatchMessage(Handler.java:99)
09-01 17:45:00.698 13797 13883 D StrictMode: 	at android.os.Looper.loop(Looper.java:223)
09-01 17:45:00.698 13797 13883 D StrictMode: 	at ocj.run(PG:4)
09-01 17:45:00.698 13797 13883 D StrictMode: 	at nlt.run(PG:33)
09-01 17:45:00.698 13797 13883 D StrictMode: 	at com.google.android.apps.youtube.embeddedplayer.service.jar.client.s.run(PG:15)
09-01 17:45:00.698 13797 13883 D StrictMode: 	at java.lang.Thread.run(Thread.java:923)
09-01 17:45:00.698 13797 13883 D StrictMode: StrictMode policy violation; ~duration=188 ms: android.os.strictmode.DiskReadViolation
09-01 17:45:00.698 13797 13883 D StrictMode: 	at android.os.StrictMode$AndroidBlockGuardPolicy.onReadFromDisk(StrictMode.java:1596)
09-01 17:45:00.698 13797 13883 D StrictMode: 	at sun.nio.ch.FileDispatcherImpl.size(FileDispatcherImpl.java:106)
09-01 17:45:00.698 13797 13883 D StrictMode: 	at sun.nio.ch.FileChannelImpl.size(FileChannelImpl.java:359)
09-01 17:45:00.698 13797 13883 D StrictMode: 	at j$.wrapper.java.nio.channels.a.size(Unknown Source:2)
09-01 17:45:00.698 13797 13883 D StrictMode: 	at zt.d(PG:5)
09-01 17:45:00.698 13797 13883 D StrictMode: 	at ary.a(PG:15)
09-01 17:45:00.698 13797 13883 D StrictMode: 	at vs.run(PG:20)
09-01 17:45:00.698 13797 13883 D StrictMode: 	at android.os.Handler.handleCallback(Handler.java:938)
09-01 17:45:00.698 13797 13883 D StrictMode: 	at android.os.Handler.dispatchMessage(Handler.java:99)
09-01 17:45:00.698 13797 13883 D StrictMode: 	at android.os.Looper.loop(Looper.java:223)
09-01 17:45:00.698 13797 13883 D StrictMode: 	at ocj.run(PG:4)
09-01 17:45:00.698 13797 13883 D StrictMode: 	at nlt.run(PG:33)
09-01 17:45:00.698 13797 13883 D StrictMode: 	at com.google.android.apps.youtube.embeddedplayer.service.jar.client.s.run(PG:15)
09-01 17:45:00.698 13797 13883 D StrictMode: 	at java.lang.Thread.run(Thread.java:923)
09-01 17:45:00.698 13797 13883 D StrictMode: StrictMode policy violation; ~duration=188 ms: android.os.strictmode.DiskReadViolation
09-01 17:45:00.698 13797 13883 D StrictMode: 	at android.os.StrictMode$AndroidBlockGuardPolicy.onReadFromDisk(StrictMode.java:1596)
09-01 17:45:00.698 13797 13883 D StrictMode: 	at sun.nio.ch.FileDispatcherImpl.size(FileDispatcherImpl.java:106)
09-01 17:45:00.698 13797 13883 D StrictMode: 	at sun.nio.ch.FileChannelImpl.map(FileChannelImpl.java:945)
09-01 17:45:00.698 13797 13883 D StrictMode: 	at j$.wrapper.java.nio.channels.a.map(Unknown Source:5)
09-01 17:45:00.698 13797 13883 D StrictMode: 	at zt.d(PG:6)
09-01 17:45:00.698 13797 13883 D StrictMode: 	at ary.a(PG:15)
09-01 17:45:00.698 13797 13883 D StrictMode: 	at vs.run(PG:20)
09-01 17:45:00.698 13797 13883 D StrictMode: 	at android.os.Handler.handleCallback(Handler.java:938)
09-01 17:45:00.698 13797 13883 D StrictMode: 	at android.os.Handler.dispatchMessage(Handler.java:99)
09-01 17:45:00.698 13797 13883 D StrictMode: 	at android.os.Looper.loop(Looper.java:223)
09-01 17:45:00.698 13797 13883 D StrictMode: 	at ocj.run(PG:4)
09-01 17:45:00.698 13797 13883 D StrictMode: 	at nlt.run(PG:33)
09-01 17:45:00.698 13797 13883 D StrictMode: 	at com.google.android.apps.youtube.embeddedplayer.service.jar.client.s.run(PG:15)
09-01 17:45:00.698 13797 13883 D StrictMode: 	at java.lang.Thread.run(Thread.java:923)
09-01 17:45:00.698 13797 13883 D StrictMode: StrictMode policy violation; ~duration=188 ms: android.os.strictmode.DiskReadViolation
09-01 17:45:00.698 13797 13883 D StrictMode: 	at android.os.StrictMode$AndroidBlockGuardPolicy.onReadFromDisk(StrictMode.java:1596)
09-01 17:45:00.698 13797 13883 D StrictMode: 	at sun.nio.ch.FileChannelImpl.map(FileChannelImpl.java:982)
09-01 17:45:00.698 13797 13883 D StrictMode: 	at j$.wrapper.java.nio.channels.a.map(Unknown Source:5)
09-01 17:45:00.698 13797 13883 D StrictMode: 	at zt.d(PG:6)
09-01 17:45:00.698 13797 13883 D StrictMode: 	at ary.a(PG:15)
09-01 17:45:00.698 13797 13883 D StrictMode: 	at vs.run(PG:20)
09-01 17:45:00.698 13797 13883 D StrictMode: 	at android.os.Handler.handleCallback(Handler.java:938)
09-01 17:45:00.698 13797 13883 D StrictMode: 	at android.os.Handler.dispatchMessage(Handler.java:99)
09-01 17:45:00.698 13797 13883 D StrictMode: 	at android.os.Looper.loop(Looper.java:223)
09-01 17:45:00.698 13797 13883 D StrictMode: 	at ocj.run(PG:4)
09-01 17:45:00.698 13797 13883 D StrictMode: 	at nlt.run(PG:33)
09-01 17:45:00.698 13797 13883 D StrictMode: 	at com.google.android.apps.youtube.embeddedplayer.service.jar.client.s.run(PG:15)
09-01 17:45:00.698 13797 13883 D StrictMode: 	at java.lang.Thread.run(Thread.java:923)
09-01 17:45:00.714 13797 13985 I FA      : App measurement initialized, version: 75018
09-01 17:45:00.714 13797 13985 I FA      : To enable debug logging run: adb shell setprop log.tag.FA VERBOSE
09-01 17:45:00.714 13797 13985 I FA      : To enable faster debug mode event logging run:
09-01 17:45:00.714 13797 13985 I FA      :   adb shell setprop debug.firebase.analytics.app com.google.android.youtube
09-01 17:45:00.714  2816  7860 I FontLog : Pulling font file for id = 847, cache size = 7 [CONTEXT service_id=132 ]
09-01 17:45:00.759 13987 14040 I cr_LibraryLoader: Successfully loaded native library
09-01 17:45:00.762 13987 14040 I cr_CachingUmaRecorder: Flushed 32 samples from 28 histograms.
09-01 17:45:00.774  7733  7733 D BoundBrokerSvc: onBind: Intent { act=com.google.android.gms.measurement.START pkg=com.google.android.gms }
09-01 17:45:00.775  7733  7733 D BoundBrokerSvc: Loading bound service for intent: Intent { act=com.google.android.gms.measurement.START pkg=com.google.android.gms }
09-01 17:45:00.800 13987 14043 I DynamiteModule: Considering local module com.google.android.gms.googlecertificates:0 and remote module com.google.android.gms.googlecertificates:7
09-01 17:45:00.800 13987 14043 I DynamiteModule: Selected remote version of com.google.android.gms.googlecertificates, version >= 7
09-01 17:45:00.823 13987 13987 I TetheringManager: registerTetheringEventCallback:com.android.chrome
09-01 17:45:00.844 13987 14043 W System  : ClassLoader referenced unknown path: 
09-01 17:45:00.872 13996 14070 W DynamiteModule: Local module descriptor class for com.google.android.gms.googlecertificates not found.
09-01 17:45:00.924 13996 14070 D StrictMode: StrictMode policy violation: android.os.strictmode.CustomViolation: gcore.dynamite
09-01 17:45:00.924 13996 14070 D StrictMode: 	at android.os.StrictMode$AndroidBlockGuardPolicy.onCustomSlowCall(StrictMode.java:1563)
09-01 17:45:00.924 13996 14070 D StrictMode: 	at android.os.StrictMode.noteSlowCall(StrictMode.java:2555)
09-01 17:45:00.924 13996 14070 D StrictMode: 	at zvn.a(:com.google.android.gms@224312037@22.43.12 (150400-483592595):0)
09-01 17:45:00.924 13996 14070 D StrictMode: 	at com.google.android.gms.chimera.container.GmsModuleChimeraProvider.query(:com.google.android.gms@224312037@22.43.12 (150400-483592595):10)
09-01 17:45:00.924 13996 14070 D StrictMode: 	at wwe.query(:com.google.android.gms@224312037@22.43.12 (150400-483592595):3)
09-01 17:45:00.924 13996 14070 D StrictMode: 	at android.content.ContentProvider.query(ContentProvider.java:1379)
09-01 17:45:00.924 13996 14070 D StrictMode: 	at gje.superQuery(:com.google.android.gms@224312037@22.43.12 (150400-483592595):2)
09-01 17:45:00.924 13996 14070 D StrictMode: 	at com.google.android.chimera.ContentProvider.query(:com.google.android.gms@224312037@22.43.12 (150400-483592595):2)
09-01 17:45:00.924 13996 14070 D StrictMode: 	at wwe.query(:com.google.android.gms@224312037@22.43.12 (150400-483592595):8)
09-01 17:45:00.924 13996 14070 D StrictMode: 	at android.content.ContentProvider.query(ContentProvider.java:1475)
09-01 17:45:00.924 13996 14070 D StrictMode: 	at gje.superQuery(:com.google.android.gms@224312037@22.43.12 (150400-483592595):1)
09-01 17:45:00.924 13996 14070 D StrictMode: 	at com.google.android.chimera.ContentProvider.query(:com.google.android.gms@224312037@22.43.12 (150400-483592595):1)
09-01 17:45:00.924 13996 14070 D StrictMode: 	at gje.query(:com.google.android.gms@224312037@22.43.12 (150400-483592595):2)
09-01 17:45:00.924 13996 14070 D StrictMode: 	at android.content.ContentProvider$Transport.query(ContentProvider.java:278)
09-01 17:45:00.924 13996 14070 D StrictMode: 	at android.content.ContentProviderNative.onTransact(ContentProviderNative.java:106)
09-01 17:45:00.924 13996 14070 D StrictMode: 	at android.os.Binder.execTransactInternal(Binder.java:1154)
09-01 17:45:00.924 13996 14070 D StrictMode: 	at android.os.Binder.execTransact(Binder.java:1123)
09-01 17:45:00.924 13996 14070 D StrictMode: # via Binder call with stack:
09-01 17:45:00.924 13996 14070 D StrictMode: 	at android.os.StrictMode.readAndHandleBinderCallViolations(StrictMode.java:2358)
09-01 17:45:00.924 13996 14070 D StrictMode: 	at android.os.Parcel.readExceptionCode(Parcel.java:2318)
09-01 17:45:00.924 13996 14070 D StrictMode: 	at android.database.DatabaseUtils.readExceptionFromParcel(DatabaseUtils.java:139)
09-01 17:45:00.924 13996 14070 D StrictMode: 	at android.content.ContentProviderProxy.query(ContentProviderNative.java:472)
09-01 17:45:00.924 13996 14070 D StrictMode: 	at android.content.ContentResolver.query(ContentResolver.java:1183)
09-01 17:45:00.924 13996 14070 D StrictMode: 	at android.content.ContentResolver.query(ContentResolver.java:1115)
09-01 17:45:00.924 13996 14070 D StrictMode: 	at android.content.ContentResolver.query(ContentResolver.java:1071)
09-01 17:45:00.924 13996 14070 D StrictMode: 	at hgq.e(PG:10)
09-01 17:45:00.924 13996 14070 D StrictMode: 	at hgq.b(PG:12)
09-01 17:45:00.924 13996 14070 D StrictMode: 	at hgj.b(PG:1)
09-01 17:45:00.924 13996 14070 D StrictMode: 	at hgk.a(PG:3)
09-01 17:45:00.924 13996 14070 D StrictMode: 	at hgq.c(PG:5)
09-01 17:45:00.924 13996 14070 D StrictMode: 	at gzi.e(PG:4)
09-01 17:45:00.924 13996 14070 D StrictMode: 	at gzi.b(PG:2)
09-01 17:45:00.924 13996 14070 D StrictMode: 	at gzq.b(PG:2)
09-01 17:45:00.924 13996 14070 D StrictMode: 	at buh.a(PG:88)
09-01 17:45:00.924 13996 14070 D StrictMode: 	at kit.a(PG:2)
09-01 17:45:00.924 13996 14070 D StrictMode: 	at kzx.f(PG:2)
09-01 17:45:00.924 13996 14070 D StrictMode: 	at kzy.run(PG:9)
09-01 17:45:00.924 13996 14070 D StrictMode: 	at hxw.run(PG:5)
09-01 17:45:00.924 13996 14070 D StrictMode: 	at java.util.concurrent.ThreadPoolExecutor.runWorker(ThreadPoolExecutor.java:1167)
09-01 17:45:00.924 13996 14070 D StrictMode: 	at java.util.concurrent.ThreadPoolExecutor$Worker.run(ThreadPoolExecutor.java:641)
09-01 17:45:00.924 13996 14070 D StrictMode: 	at hxg.run(PG:52)
09-01 17:45:00.924 13996 14070 D StrictMode: 	at hxj.run(PG:3)
09-01 17:45:00.924 13996 14070 D StrictMode: 	at java.lang.Thread.run(Thread.java:923)
09-01 17:45:00.930 13996 14070 I DynamiteModule: Considering local module com.google.android.gms.googlecertificates:0 and remote module com.google.android.gms.googlecertificates:7
09-01 17:45:00.930 13996 14070 I DynamiteModule: Selected remote version of com.google.android.gms.googlecertificates, version >= 7
09-01 17:45:00.931 13987 13987 I cr_SmsProviderGms: construction successfull IU2@ac5e745, FU2@718ae9a
09-01 17:45:00.952 13996 14070 W System  : ClassLoader referenced unknown path: 
09-01 17:45:00.975 13987 14060 W InstanceID: Instance ID SDK is deprecated, com.android.chrome should update to use Firebase Instance ID
09-01 17:45:01.027 13987 13987 W cr_KnoxSettingsProvider: Permission to read device policy denied.
09-01 17:45:01.078  1513  2169 D CompatibilityChangeReporter: Compat change id reported: 135634846; UID 10220; state: DISABLED
09-01 17:45:01.078  1513  2169 D CompatibilityChangeReporter: Compat change id reported: 135754954; UID 10220; state: ENABLED
09-01 17:45:01.078  1513  1625 D CompatibilityChangeReporter: Compat change id reported: 143937733; UID 10220; state: ENABLED
09-01 17:45:01.081  1513  3223 D ConnectivityService: requestNetwork for uid/pid:10220/13987 NetworkRequest [ TRACK_DEFAULT id=1255, [ Capabilities: INTERNET&NOT_RESTRICTED&TRUSTED Uid: 10220 AdministratorUids: [] RequestorUid: 10220 RequestorPackageName: com.android.chrome] ]
09-01 17:45:01.081  1513  2000 D ConnectivityService: NetReassign [1255 : null → 100]
09-01 17:45:01.082  1513  2038 D Ethernet: got request NetworkRequest [ TRACK_DEFAULT id=1255, [ Capabilities: INTERNET&NOT_RESTRICTED&TRUSTED Uid: 10220 AdministratorUids: [] RequestorUid: 10220 RequestorPackageName: com.android.chrome] ] with score 60 and providerId 5
09-01 17:45:01.082  1513  1996 D WifiNetworkFactory: got request NetworkRequest [ TRACK_DEFAULT id=1255, [ Capabilities: INTERNET&NOT_RESTRICTED&TRUSTED Uid: 10220 AdministratorUids: [] RequestorUid: 10220 RequestorPackageName: com.android.chrome] ] with score 60 and providerId 5
09-01 17:45:01.082  1513  1996 D UntrustedWifiNetworkFactory: got request NetworkRequest [ TRACK_DEFAULT id=1255, [ Capabilities: INTERNET&NOT_RESTRICTED&TRUSTED Uid: 10220 AdministratorUids: [] RequestorUid: 10220 RequestorPackageName: com.android.chrome] ] with score 60 and providerId 5
09-01 17:45:01.082  2474  2474 D PhoneSwitcherNetworkRequstListener: got request NetworkRequest [ TRACK_DEFAULT id=1255, [ Capabilities: INTERNET&NOT_RESTRICTED&TRUSTED Uid: 10220 AdministratorUids: [] RequestorUid: 10220 RequestorPackageName: com.android.chrome] ] with score 60 and providerId 5
09-01 17:45:01.085  1513  2037 D WIFI_AWARE_FACTORY: got request NetworkRequest [ TRACK_DEFAULT id=1255, [ Capabilities: INTERNET&NOT_RESTRICTED&TRUSTED Uid: 10220 AdministratorUids: [] RequestorUid: 10220 RequestorPackageName: com.android.chrome] ] with score 60 and providerId 5
09-01 17:45:01.089   778   778 D Zygote  : Forked child process 14081
09-01 17:45:01.091  1513  1625 W ZygoteProcess: Got error connecting to zygote, retrying. msg= Connection refused
09-01 17:45:01.094 14081 14081 I libc    : SetHeapTaggingLevel: tag level set to 0
09-01 17:45:01.094  1513  2000 D ConnectivityService: NetReassign [no changes]
09-01 17:45:01.143  1513  1625 I AppZygote: Starting application preload.
