09-01 20:41:56.941  1513  1572 I DisplayManagerService: Display device changed: DisplayDeviceInfo{"Built-in Screen": uniqueId="local:19260504575090817", 1080 x 2340, modeId 2, defaultModeId 2, supportedModes [{id=1, width=1080, height=2340, fps=90.0}, {id=2, width=1080, height=2340, fps=60.000004}], colorMode 0, supportedColorModes [0, 7, 9], HdrCapabilities HdrCapabilities{mSupportedHdrTypes=[2, 3, 4], mMaxLuminance=500.0, mMaxAverageLuminance=500.0, mMinLuminance=0.0}, allmSupported false, gameContentTypeSupported false, density 440, 435.428 x 433.839 dpi, appVsyncOff 2333332, presDeadline 11500000, cutout DisplayCutout{insets=Rect(0, 136 - 0, 0) waterfall=Insets{left=0, top=0, right=0, bottom=0} boundingRect={Bounds=[Rect(0, 0 - 0, 0), Rect(0, 0 - 136, 136), Rect(0, 0 - 0, 0), Rect(0, 0 - 0, 0)]}}, touch INTERNAL, rotation 0, type INTERNAL, address {port=129, model=0x446d53ad64a0}, deviceProductInfo DeviceProductInfo{name=, manufacturerPnpId=QCM, productId=1, modelYear=null, manufactureDate=ManufactureDate{week=27, year=2006}, relativeAddress=null}, state ON, FLAG_DEFAULT_DISPLAY, FLAG_ROTATES_WITH_CONTENT, FLAG_SECURE, FLAG_SUPPORTS_PROTECTED_BUFFERS}
09-01 20:41:56.960   594   655 I SDM     : StrategyImpl::SetIdleTimeoutMs: Idle timeout set to zero for command mode panels
09-01 20:41:56.965   901  1000 W ASH     : @ 38903.418: Unhandled msg ID 999: line 1277
09-01 20:41:56.965   901  1000 E ASH     : @ 38903.418: No pb callback assigned
09-01 20:41:56.965   901  1000 E ASH     : @ 38903.418: Nanopb error: callback failed:1588
09-01 20:41:57.022 27359 27371 I m.opera.browse: WaitForGcToComplete blocked RunEmptyCheckpoint on ProfileSaver for 26.817ms
09-01 20:41:57.228 27782 27782 W app_process: type=1400 audit(0.0:4762): avc: denied { read } for name="u:object_r:device_config_runtime_native_boot_prop:s0" dev="tmpfs" ino=10163 scontext=u:r:shell:s0 tcontext=u:object_r:device_config_runtime_native_boot_prop:s0 tclass=file permissive=0
09-01 20:41:57.228 27782 27782 I chatty  : uid=2000(shell) app_process identical 2 lines
09-01 20:41:57.228 27782 27782 W app_process: type=1400 audit(0.0:4765): avc: denied { read } for name="u:object_r:device_config_runtime_native_boot_prop:s0" dev="tmpfs" ino=10163 scontext=u:r:shell:s0 tcontext=u:object_r:device_config_runtime_native_boot_prop:s0 tclass=file permissive=0
09-01 20:41:57.230 27782 27782 D AndroidRuntime: >>>>>> START com.android.internal.os.RuntimeInit uid 2000 <<<<<<
09-01 20:41:57.232 27782 27782 E libc    : Access denied finding property "persist.device_config.runtime_native_boot.profilebootclasspath"
09-01 20:41:57.232 27782 27782 E libc    : Access denied finding property "persist.device_config.runtime_native_boot.enable_apex_image"
09-01 20:41:57.232 27782 27782 I AndroidRuntime: Using default boot image
09-01 20:41:57.232 27782 27782 E libc    : Access denied finding property "persist.device_config.runtime_native_boot.disable_lock_profiling"
09-01 20:41:57.232 27782 27782 I AndroidRuntime: Leaving lock profiling enabled
09-01 20:41:57.232 27782 27782 E libc    : Access denied finding property "persist.device_config.runtime_native_boot.enable_generational_cc"
09-01 20:41:57.293 27782 27782 D app_process: Time zone APEX ICU file found: /apex/com.android.tzdata/etc/icu/icu_tzdata.dat
09-01 20:41:57.293 27782 27782 D app_process: I18n APEX ICU file found: /apex/com.android.i18n/etc/icu/icudt66l.dat
09-01 20:41:57.300 27782 27782 I app_process: The ClassLoaderContext is a special shared library.
09-01 20:41:57.311 27782 27782 W app_process: JNI RegisterNativeMethods: attempt to register 0 native methods for android.media.AudioAttributes
09-01 20:41:57.315 27782 27782 D AndroidRuntime: Calling main entry com.android.commands.input.Input
09-01 20:41:57.324   594   655 I SDM     : HWDeviceDRM::UpdateMixerAttributes: Mixer WxH 1080x2340-1 for Peripheral
09-01 20:41:57.324   594   655 I SDM     : DisplayBase::SetActiveConfig: Active configuration changed to: 1
09-01 20:41:57.324   594   655 I SDM     : StrategyImpl::SetIdleTimeoutMs: Idle timeout set to zero for command mode panels
09-01 20:41:57.324  1513  1572 I DisplayManagerService: Display device changed: DisplayDeviceInfo{"Built-in Screen": uniqueId="local:19260504575090817", 1080 x 2340, modeId 1, defaultModeId 2, supportedModes [{id=1, width=1080, height=2340, fps=90.0}, {id=2, width=1080, height=2340, fps=60.000004}], colorMode 0, supportedColorModes [0, 7, 9], HdrCapabilities HdrCapabilities{mSupportedHdrTypes=[2, 3, 4], mMaxLuminance=500.0, mMaxAverageLuminance=500.0, mMinLuminance=0.0}, allmSupported false, gameContentTypeSupported false, density 440, 435.428 x 433.839 dpi, appVsyncOff 2333333, presDeadline 11500000, cutout DisplayCutout{insets=Rect(0, 136 - 0, 0) waterfall=Insets{left=0, top=0, right=0, bottom=0} boundingRect={Bounds=[Rect(0, 0 - 0, 0), Rect(0, 0 - 136, 136), Rect(0, 0 - 0, 0), Rect(0, 0 - 0, 0)]}}, touch INTERNAL, rotation 0, type INTERNAL, address {port=129, model=0x446d53ad64a0}, deviceProductInfo DeviceProductInfo{name=, manufacturerPnpId=QCM, productId=1, modelYear=null, manufactureDate=ManufactureDate{week=27, year=2006}, relativeAddress=null}, state ON, FLAG_DEFAULT_DISPLAY, FLAG_ROTATES_WITH_CONTENT, FLAG_SECURE, FLAG_SUPPORTS_PROTECTED_BUFFERS}
09-01 20:41:57.329   901  2806 I sensors-hal: [ssc_utils]get_qmi_debug_flag:244, support_qmi_debug : false
09-01 20:41:57.333 27782 27782 D AndroidRuntime: Shutting down VM
09-01 20:41:57.365   901  1000 W ASH     : @ 38903.818: Unhandled msg ID 999: line 1277
09-01 20:41:57.365   901  1000 E ASH     : @ 38903.818: No pb callback assigned
09-01 20:41:57.365   901  1000 E ASH     : @ 38903.818: Nanopb error: callback failed:1588
09-01 20:41:57.402 27562 27579 I ileged_process: WaitForGcToComplete blocked RunEmptyCheckpoint on ProfileSaver for 18.254ms
09-01 20:41:57.445   901  2806 I sensors-hal: [ssc_utils]get_qmi_debug_flag:244, support_qmi_debug : false
09-01 20:41:57.485   901  1000 W ASH     : @ 38903.938: Unhandled msg ID 999: line 1277
09-01 20:41:57.485   901  1000 E ASH     : @ 38903.938: No pb callback assigned
09-01 20:41:57.485   901  1000 E ASH     : @ 38903.938: Nanopb error: callback failed:1588
09-01 20:41:57.947 27301 27301 I BatteryMgr:DataCollectionService: onStartCommand: begin
09-01 20:41:57.948 27301 27301 I BatteryMgr:DataCollectionService: onStartCommand: sampleRate => 100
09-01 20:41:57.948 27301 27301 I BatteryMgr:DataCollectionService: onStartCommand: rawFields => Timestamp,BATTERY_PROPERTY_CURRENT_NOW,EXTRA_VOLTAGE
09-01 20:41:57.949 27301 27301 I BatteryMgr:DataCollectionService: onStartCommand: notification done
09-01 20:41:57.951  1513  3246 D CompatibilityChangeReporter: Compat change id reported: 136219221; UID 10260; state: ENABLED
09-01 20:41:57.951 27301 27301 I BatteryMgr:DataCollectionService: started foreground
09-01 20:41:57.973 27301 27813 I BatteryMgr:DataCollectionService: collectData: begin
09-01 20:41:57.976 27301 27813 I BatteryMgr:DataCollectionService: stats => 1693593717976,5798,4408
09-01 20:41:58.081 27301 27813 I BatteryMgr:DataCollectionService: stats => 1693593718081,5798,4408
09-01 20:41:58.155  1513  1513 D NotificationService: 0|com.example.batterymanager_utility|1|null|10260: granting content://settings/system/notification_sound
09-01 20:41:58.156  1513  1513 I chatty  : uid=1000(system) Binder:1513_3 identical 3 lines
09-01 20:41:58.156  1513  1513 D NotificationService: 0|com.example.batterymanager_utility|1|null|10260: granting content://settings/system/notification_sound
09-01 20:41:58.158  1513  1513 W NotificationHistory: Attempted to add notif for locked/gone/disabled user 0
09-01 20:41:58.165  2062  2062 D InterruptionStateProvider: No bubble up: not allowed to bubble: 0|com.example.batterymanager_utility|1|null|10260
09-01 20:41:58.165   901  1000 D VSC     : @ 38904.618: [WO] tilt angle 89
09-01 20:41:58.166  2062  2062 D InterruptionStateProvider: No heads up: unimportant notification: 0|com.example.batterymanager_utility|1|null|10260
09-01 20:41:58.185 27301 27813 I BatteryMgr:DataCollectionService: stats => 1693593718185,5798,4408
09-01 20:41:58.207   901  2806 I sensors-hal: [ssc_utils]get_qmi_debug_flag:244, support_qmi_debug : false
09-01 20:41:58.208   594   655 I SDM     : HWDeviceDRM::UpdateMixerAttributes: Mixer WxH 1080x2340-1 for Peripheral
09-01 20:41:58.208   594   655 I SDM     : DisplayBase::SetActiveConfig: Active configuration changed to: 0
09-01 20:41:58.208   594   655 I SDM     : StrategyImpl::SetIdleTimeoutMs: Idle timeout set to zero for command mode panels
09-01 20:41:58.216   901  2806 I sensors-hal: [ssc_utils]get_qmi_debug_flag:244, support_qmi_debug : false
09-01 20:41:58.230  1513  1572 I DisplayManagerService: Display device changed: DisplayDeviceInfo{"Built-in Screen": uniqueId="local:19260504575090817", 1080 x 2340, modeId 2, defaultModeId 2, supportedModes [{id=1, width=1080, height=2340, fps=90.0}, {id=2, width=1080, height=2340, fps=60.000004}], colorMode 0, supportedColorModes [0, 7, 9], HdrCapabilities HdrCapabilities{mSupportedHdrTypes=[2, 3, 4], mMaxLuminance=500.0, mMaxAverageLuminance=500.0, mMinLuminance=0.0}, allmSupported false, gameContentTypeSupported false, density 440, 435.428 x 433.839 dpi, appVsyncOff 2333332, presDeadline 11500000, cutout DisplayCutout{insets=Rect(0, 136 - 0, 0) waterfall=Insets{left=0, top=0, right=0, bottom=0} boundingRect={Bounds=[Rect(0, 0 - 0, 0), Rect(0, 0 - 136, 136), Rect(0, 0 - 0, 0), Rect(0, 0 - 0, 0)]}}, touch INTERNAL, rotation 0, type INTERNAL, address {port=129, model=0x446d53ad64a0}, deviceProductInfo DeviceProductInfo{name=, manufacturerPnpId=QCM, productId=1, modelYear=null, manufactureDate=ManufactureDate{week=27, year=2006}, relativeAddress=null}, state ON, FLAG_DEFAULT_DISPLAY, FLAG_ROTATES_WITH_CONTENT, FLAG_SECURE, FLAG_SUPPORTS_PROTECTED_BUFFERS}
09-01 20:41:58.231   594   655 I SDM     : StrategyImpl::SetIdleTimeoutMs: Idle timeout set to zero for command mode panels
09-01 20:41:58.245   901  1000 W ASH     : @ 38904.698: Unhandled msg ID 999: line 1277
09-01 20:41:58.245   901  1000 E ASH     : @ 38904.698: No pb callback assigned
09-01 20:41:58.245   901  1000 E ASH     : @ 38904.698: Nanopb error: callback failed:1588
09-01 20:41:58.288 27301 27813 I BatteryMgr:DataCollectionService: stats => 1693593718288,5798,4408
09-01 20:41:58.393 27301 27813 I BatteryMgr:DataCollectionService: stats => 1693593718393,5798,4408
09-01 20:41:58.498 27301 27813 I BatteryMgr:DataCollectionService: stats => 1693593718498,5798,4408
09-01 20:41:58.603 27301 27813 I BatteryMgr:DataCollectionService: stats => 1693593718603,5798,4408
09-01 20:41:58.709 27301 27813 I BatteryMgr:DataCollectionService: stats => 1693593718709,5798,4408
09-01 20:41:58.815 27301 27813 I BatteryMgr:DataCollectionService: stats => 1693593718815,5798,4408
09-01 20:41:58.922 27301 27813 I BatteryMgr:DataCollectionService: stats => 1693593718922,5798,4408
09-01 20:41:59.028 27301 27813 I BatteryMgr:DataCollectionService: stats => 1693593719028,5798,4408
09-01 20:41:59.135 27301 27813 I BatteryMgr:DataCollectionService: stats => 1693593719134,5798,4408
09-01 20:41:59.241 27301 27813 I BatteryMgr:DataCollectionService: stats => 1693593719241,5798,4408
09-01 20:41:59.348 27301 27813 I BatteryMgr:DataCollectionService: stats => 1693593719348,5798,4408
09-01 20:41:59.455 27301 27813 I BatteryMgr:DataCollectionService: stats => 1693593719454,5798,4408
09-01 20:41:59.562 27301 27813 I BatteryMgr:DataCollectionService: stats => 1693593719561,5798,4408
09-01 20:41:59.607  1513  2000 D ConnectivityService: NetReassign [no changes]
09-01 20:41:59.668 27301 27813 I BatteryMgr:DataCollectionService: stats => 1693593719668,5798,4408
09-01 20:41:59.773 27301 27813 I BatteryMgr:DataCollectionService: stats => 1693593719773,5798,4408
09-01 20:41:59.881 27301 27813 I BatteryMgr:DataCollectionService: stats => 1693593719880,5798,4408
09-01 20:41:59.985 27301 27813 I BatteryMgr:DataCollectionService: stats => 1693593719985,5798,4408
09-01 20:42:00.002  1513  3227 I ActivityTaskManager: START u0 {act=android.intent.action.VIEW dat=http://192.168.88.177:8000/... flg=0x10000000 cmp=com.opera.browser/com.opera.Opera} from uid 2000
09-01 20:42:00.003  1513  1572 D EventSequenceValidator: Transition from ACTIVITY_FINISHED to INTENT_STARTED
09-01 20:42:00.008  1513  1572 D EventSequenceValidator: Transition from INTENT_STARTED to INTENT_FAILED
09-01 20:42:00.036   594   655 I SDM     : HWDeviceDRM::UpdateMixerAttributes: Mixer WxH 1080x2340-1 for Peripheral
09-01 20:42:00.036   594   655 I SDM     : DisplayBase::SetActiveConfig: Active configuration changed to: 1
09-01 20:42:00.036   594   655 I SDM     : StrategyImpl::SetIdleTimeoutMs: Idle timeout set to zero for command mode panels
09-01 20:42:00.041  1513  1572 I DisplayManagerService: Display device changed: DisplayDeviceInfo{"Built-in Screen": uniqueId="local:19260504575090817", 1080 x 2340, modeId 1, defaultModeId 2, supportedModes [{id=1, width=1080, height=2340, fps=90.0}, {id=2, width=1080, height=2340, fps=60.000004}], colorMode 0, supportedColorModes [0, 7, 9], HdrCapabilities HdrCapabilities{mSupportedHdrTypes=[2, 3, 4], mMaxLuminance=500.0, mMaxAverageLuminance=500.0, mMinLuminance=0.0}, allmSupported false, gameContentTypeSupported false, density 440, 435.428 x 433.839 dpi, appVsyncOff 2333333, presDeadline 11500000, cutout DisplayCutout{insets=Rect(0, 136 - 0, 0) waterfall=Insets{left=0, top=0, right=0, bottom=0} boundingRect={Bounds=[Rect(0, 0 - 0, 0), Rect(0, 0 - 136, 136), Rect(0, 0 - 0, 0), Rect(0, 0 - 0, 0)]}}, touch INTERNAL, rotation 0, type INTERNAL, address {port=129, model=0x446d53ad64a0}, deviceProductInfo DeviceProductInfo{name=, manufacturerPnpId=QCM, productId=1, modelYear=null, manufactureDate=ManufactureDate{week=27, year=2006}, relativeAddress=null}, state ON, FLAG_DEFAULT_DISPLAY, FLAG_ROTATES_WITH_CONTENT, FLAG_SECURE, FLAG_SUPPORTS_PROTECTED_BUFFERS}
09-01 20:42:00.052   901  2806 I sensors-hal: [ssc_utils]get_qmi_debug_flag:244, support_qmi_debug : false
09-01 20:42:00.085   901  1000 W ASH     : @ 38906.538: Unhandled msg ID 999: line 1277
09-01 20:42:00.085   901  1000 E ASH     : @ 38906.538: No pb callback assigned
09-01 20:42:00.085   901  1000 E ASH     : @ 38906.538: Nanopb error: callback failed:1588
09-01 20:42:00.089 27301 27813 I BatteryMgr:DataCollectionService: stats => 1693593720089,5798,4408
09-01 20:42:00.096  1513  2262 D CompatibilityChangeReporter: Compat change id reported: 135634846; UID 10261; state: DISABLED
09-01 20:42:00.096  1513  1625 D CompatibilityChangeReporter: Compat change id reported: 143937733; UID 10261; state: ENABLED
09-01 20:42:00.102   779   779 D Zygote  : Forked child process 27861
09-01 20:42:00.103  1513  1625 I ActivityManager: Start proc 27861:com.opera.browser:sandboxed_process1/u0a261 for service {com.opera.browser/com.opera.android.browser.chromium.services.SandboxedProcessService1}
09-01 20:42:00.111  1513  2093 W AutofillInlineSuggestionsRequestSession: Never received an InlineSuggestionsRequest from the IME for 1073741824@1692360067
09-01 20:42:00.112  1075  2091 W ServiceManager: Permission failure: android.permission.SYSTEM_CAMERA from uid=10261 pid=27359
09-01 20:42:00.112  2512  2512 V InlineSuggestionRenderService: handleDestroySuggestionViews called for 0:1692360067
09-01 20:42:00.112  1075  2091 W ServiceManager: Permission failure: android.permission.SYSTEM_CAMERA from uid=10261 pid=27359
09-01 20:42:00.113  1075  2091 I chatty  : uid=1047(cameraserver) Binder:1075_2 identical 3 lines
09-01 20:42:00.114  1075  2091 W ServiceManager: Permission failure: android.permission.SYSTEM_CAMERA from uid=10261 pid=27359
09-01 20:42:00.116 27861 27861 E dboxed_process: Not starting debugger since process cannot load the jdwp agent.
09-01 20:42:00.123 10955 11608 I Finsky  : [5301] ncc.l(14): com.opera.browser: Account determined from installer data - [y0_1NG5HTmzf0bF7VytAKz9iHAD6w7yU52Le3i0fi68]
09-01 20:42:00.123 10955 11608 I Finsky  : [5301] ncc.l(61): Billing preferred account via installer for com.opera.browser: [y0_1NG5HTmzf0bF7VytAKz9iHAD6w7yU52Le3i0fi68]
09-01 20:42:00.131  1513  3375 D CompatibilityChangeReporter: Compat change id reported: 136274596; UID 10261; state: ENABLED
09-01 20:42:00.154 27359 27359 I AssistStructure: Flattened final assist data: 6412 bytes, containing 1 windows, 52 views
09-01 20:42:00.154  1513  2571 D ContentCapturePerUserService: Notified activity assist data for activity: Token{903de37 ActivityRecord{9e48fa4 u0 com.opera.browser/com.opera.Opera t1596}} without a session Id
09-01 20:42:00.158  2858  2858 I GoogleInputMethodService: GoogleInputMethodService.onFinishInput():3280 
09-01 20:42:00.159  2858  2858 I GoogleInputMethodService: GoogleInputMethodService.updateDeviceLockedStatus():2169 repeatCheckTimes = 0, unlocked = true
09-01 20:42:00.159  2858  2858 I GoogleInputMethodService: GoogleInputMethodService.onStartInput():1960 onStartInput(EditorInfo{inputType=0x0(NULL) imeOptions=0x0 privateImeOptions=null actionName=UNSPECIFIED actionLabel=null actionId=0 initialSelStart=-1 initialSelEnd=-1 initialCapsMode=0x0 hintText=null label=null packageName=com.opera.browser fieldId=2131361887 fieldName=null extras=null}, false)
09-01 20:42:00.159  2858  2858 I GoogleInputMethodService: GoogleInputMethodService.shouldHideHeaderOnInitialState():4081 ShouldHideHeaderOnInitialState = false
09-01 20:42:00.160  2858  2858 I GoogleInputMethodService: GoogleInputMethodService.updateDeviceLockedStatus():2169 repeatCheckTimes = 2, unlocked = true
09-01 20:42:00.163 27861 27861 W dboxed_process: JIT profile information will not be recorded: profile file does not exist.
09-01 20:42:00.163 27861 27861 W dboxed_process: JIT profile information will not be recorded: profile file does not exist.
09-01 20:42:00.165   901  1000 D VSC     : @ 38906.618: [WO] tilt angle 89
09-01 20:42:00.168 27861 27861 D NetworkSecurityConfig: Using Network Security Config from resource network_security_config_official_build debugBuild: false
09-01 20:42:00.169 27861 27861 D NetworkSecurityConfig: Using Network Security Config from resource network_security_config_official_build debugBuild: false
09-01 20:42:00.192  2816 20043 W NetworkScheduler: Error inserting flex_time=2915000 job_id=-1 period=5832000 source=16 requires_charging=0 preferred_network_type=1 target_class=com.google.android.gms.measurement.PackageMeasurementTaskService user_id=0 target_package=com.google.android.gms tag=Measurement.PackageMeasurementTaskService.UPLOAD_TASK_TAG task_type=0 required_idleness_state=0 service_kind=0 source_version=224312000 persistence_level=1 preferred_charging_state=1 required_network_type=0 runtime=1693593720188 retry_strategy={"maximum_backoff_seconds":{"3600":0},"initial_backoff_seconds":{"30":0},"retry_policy":{"0":0}} last_runtime=0 [CONTEXT service_id=218 ]
09-01 20:42:00.192  2816 20043 W NetworkScheduler: android.database.sqlite.SQLiteConstraintException: UNIQUE constraint failed: pending_ops.tag, pending_ops.target_class, pending_ops.target_package, pending_ops.user_id (code 2067 SQLITE_CONSTRAINT_UNIQUE)
09-01 20:42:00.192  2816 20043 W NetworkScheduler: 	at android.database.sqlite.SQLiteConnection.nativeExecuteForLastInsertedRowId(Native Method)
09-01 20:42:00.192  2816 20043 W NetworkScheduler: 	at android.database.sqlite.SQLiteConnection.executeForLastInsertedRowId(SQLiteConnection.java:938)
09-01 20:42:00.192  2816 20043 W NetworkScheduler: 	at android.database.sqlite.SQLiteSession.executeForLastInsertedRowId(SQLiteSession.java:790)
09-01 20:42:00.192  2816 20043 W NetworkScheduler: 	at android.database.sqlite.SQLiteStatement.executeInsert(SQLiteStatement.java:88)
09-01 20:42:00.192  2816 20043 W NetworkScheduler: 	at android.database.sqlite.SQLiteDatabase.insertWithOnConflict(SQLiteDatabase.java:1701)
09-01 20:42:00.192  2816 20043 W NetworkScheduler: 	at android.database.sqlite.SQLiteDatabase.insertOrThrow(SQLiteDatabase.java:1596)
09-01 20:42:00.192  2816 20043 W NetworkScheduler: 	at biky.g(:com.google.android.gms@224312037@22.43.12 (150400-483592595):53)
09-01 20:42:00.192  2816 20043 W NetworkScheduler: 	at bijr.n(:com.google.android.gms@224312037@22.43.12 (150400-483592595):3)
09-01 20:42:00.192  2816 20043 W NetworkScheduler: 	at bijr.u(:com.google.android.gms@224312037@22.43.12 (150400-483592595):20)
09-01 20:42:00.192  2816 20043 W NetworkScheduler: 	at bijr.h(:com.google.android.gms@224312037@22.43.12 (150400-483592595):3)
09-01 20:42:00.192  2816 20043 W NetworkScheduler: 	at bifi.run(:com.google.android.gms@224312037@22.43.12 (150400-483592595):9)
09-01 20:42:00.192  2816 20043 W NetworkScheduler: 	at zqv.c(:com.google.android.gms@224312037@22.43.12 (150400-483592595):6)
09-01 20:42:00.192  2816 20043 W NetworkScheduler: 	at zqv.run(:com.google.android.gms@224312037@22.43.12 (150400-483592595):7)
09-01 20:42:00.192  2816 20043 W NetworkScheduler: 	at java.util.concurrent.ThreadPoolExecutor.runWorker(ThreadPoolExecutor.java:1167)
09-01 20:42:00.192  2816 20043 W NetworkScheduler: 	at java.util.concurrent.ThreadPoolExecutor$Worker.run(ThreadPoolExecutor.java:641)
09-01 20:42:00.192  2816 20043 W NetworkScheduler: 	at zwa.run(:com.google.android.gms@224312037@22.43.12 (150400-483592595):0)
09-01 20:42:00.192  2816 20043 W NetworkScheduler: 	at java.lang.Thread.run(Thread.java:923)
09-01 20:42:00.192 27301 27813 I BatteryMgr:DataCollectionService: stats => 1693593720192,5798,4408
09-01 20:42:00.296 27301 27813 I BatteryMgr:DataCollectionService: stats => 1693593720296,5798,4408
09-01 20:42:00.402 27301 27813 I BatteryMgr:DataCollectionService: stats => 1693593720401,5798,4408
09-01 20:42:00.509 27301 27813 I BatteryMgr:DataCollectionService: stats => 1693593720509,5798,4408
09-01 20:42:00.615 27301 27813 I BatteryMgr:DataCollectionService: stats => 1693593720615,5798,4408
09-01 20:42:00.723 27301 27813 I BatteryMgr:DataCollectionService: stats => 1693593720723,5798,4408
09-01 20:42:00.831 27301 27813 I BatteryMgr:DataCollectionService: stats => 1693593720831,5798,4408
09-01 20:42:00.937 27301 27813 I BatteryMgr:DataCollectionService: stats => 1693593720937,5798,4408
09-01 20:42:01.043 27301 27813 I BatteryMgr:DataCollectionService: stats => 1693593721043,5798,4408
09-01 20:42:01.150 27301 27813 I BatteryMgr:DataCollectionService: stats => 1693593721149,5798,4408
09-01 20:42:01.256 27301 27813 I BatteryMgr:DataCollectionService: stats => 1693593721256,5798,4408
09-01 20:42:01.363 27301 27813 I BatteryMgr:DataCollectionService: stats => 1693593721362,5798,4408
09-01 20:42:01.469 27301 27813 I BatteryMgr:DataCollectionService: stats => 1693593721469,5798,4408
09-01 20:42:01.575 27301 27813 I BatteryMgr:DataCollectionService: stats => 1693593721575,5798,4408
09-01 20:42:01.682 27301 27813 I BatteryMgr:DataCollectionService: stats => 1693593721682,5798,4408
09-01 20:42:01.786 27301 27813 I BatteryMgr:DataCollectionService: stats => 1693593721786,5798,4408
09-01 20:42:01.889 27301 27813 I BatteryMgr:DataCollectionService: stats => 1693593721889,5798,4408
09-01 20:42:01.908  1513  1524 I system_server: Background young concurrent copying GC freed 1970197(69MB) AllocSpace objects, 486(12MB) LOS objects, 71% free, 33MB/116MB, paused 189us total 176.358ms
09-01 20:42:01.933  1513  1525 W JavaBinder: BinderProxy is being destroyed but the application did not call unlinkToDeath to unlink all of its death recipients beforehand.  Releasing leaked death recipient: com.android.server.AlarmManagerService$2
09-01 20:42:01.933  1513  1525 W JavaBinder: BinderProxy is being destroyed but the application did not call unlinkToDeath to unlink all of its death recipients beforehand.  Releasing leaked death recipient: com.android.server.AlarmManagerService$2
09-01 20:42:01.933  1513  1525 I BpBinder: onLastStrongRef automatically unlinking death recipients: <uncached descriptor>
09-01 20:42:01.933  1513  1525 W JavaBinder: BinderProxy is being destroyed but the application did not call unlinkToDeath to unlink all of its death recipients beforehand.  Releasing leaked death recipient: com.android.server.AlarmManagerService$2
09-01 20:42:01.933  1513  1525 W JavaBinder: BinderProxy is being destroyed but the application did not call unlinkToDeath to unlink all of its death recipients beforehand.  Releasing leaked death recipient: com.android.server.AlarmManagerService$2
09-01 20:42:01.933  1513  1525 I BpBinder: onLastStrongRef automatically unlinking death recipients: <uncached descriptor>
09-01 20:42:01.935  1513  1526 W System  : A resource failed to call release. 
09-01 20:42:01.963  1513  1526 I chatty  : uid=1000(system) FinalizerDaemon identical 59 lines
09-01 20:42:01.964  1513  1526 W System  : A resource failed to call release. 
09-01 20:42:01.992 27301 27813 I BatteryMgr:DataCollectionService: stats => 1693593721992,5798,4408
09-01 20:42:02.097 27301 27813 I BatteryMgr:DataCollectionService: stats => 1693593722097,5798,4408
09-01 20:42:02.121   901  2806 I sensors-hal: [ssc_utils]get_qmi_debug_flag:244, support_qmi_debug : false
09-01 20:42:02.133   901  2806 I sensors-hal: [ssc_utils]get_qmi_debug_flag:244, support_qmi_debug : false
09-01 20:42:02.165   901  1000 W ASH     : @ 38908.618: Unhandled msg ID 999: line 1277
09-01 20:42:02.165   901  1000 E ASH     : @ 38908.618: No pb callback assigned
09-01 20:42:02.165   901  1000 E ASH     : @ 38908.618: Nanopb error: callback failed:1588
09-01 20:42:02.165   901  1000 D VSC     : @ 38908.618: [WO] tilt angle 89
09-01 20:42:02.201 27301 27813 I BatteryMgr:DataCollectionService: stats => 1693593722201,5798,4408
09-01 20:42:02.305 27301 27813 I BatteryMgr:DataCollectionService: stats => 1693593722305,5798,4408
09-01 20:42:02.409 27301 27813 I BatteryMgr:DataCollectionService: stats => 1693593722409,5798,4408
09-01 20:42:02.513 27301 27813 I BatteryMgr:DataCollectionService: stats => 1693593722513,5798,4408
09-01 20:42:02.521   901  2806 I sensors-hal: [ssc_utils]get_qmi_debug_flag:244, support_qmi_debug : false
09-01 20:42:02.533   901  2806 I sensors-hal: [ssc_utils]get_qmi_debug_flag:244, support_qmi_debug : false
09-01 20:42:02.565   901  1000 W ASH     : @ 38909.018: Unhandled msg ID 999: line 1277
09-01 20:42:02.565   901  1000 E ASH     : @ 38909.018: No pb callback assigned
09-01 20:42:02.565   901  1000 E ASH     : @ 38909.018: Nanopb error: callback failed:1588
09-01 20:42:02.618   901  2806 I sensors-hal: [ssc_utils]get_qmi_debug_flag:244, support_qmi_debug : false
09-01 20:42:02.619 27301 27813 I BatteryMgr:DataCollectionService: stats => 1693593722619,5798,4408
09-01 20:42:02.622  1513  2000 D ConnectivityService: NetReassign [no changes]
09-01 20:42:02.645   901  1000 W ASH     : @ 38909.098: Unhandled msg ID 999: line 1277
09-01 20:42:02.645   901  1000 E ASH     : @ 38909.098: No pb callback assigned
09-01 20:42:02.645   901  1000 E ASH     : @ 38909.098: Nanopb error: callback failed:1588
09-01 20:42:02.709   901  2806 I sensors-hal: [ssc_utils]get_qmi_debug_flag:244, support_qmi_debug : false
09-01 20:42:02.724 27301 27813 I BatteryMgr:DataCollectionService: stats => 1693593722724,5798,4408
09-01 20:42:02.725   901  1000 W ASH     : @ 38909.178: Unhandled msg ID 999: line 1277
09-01 20:42:02.725   901  1000 E ASH     : @ 38909.178: No pb callback assigned
09-01 20:42:02.725   901  1000 E ASH     : @ 38909.178: Nanopb error: callback failed:1588
09-01 20:42:02.829 27301 27813 I BatteryMgr:DataCollectionService: stats => 1693593722829,5798,4408
09-01 20:42:02.922   901  2806 I sensors-hal: [ssc_utils]get_qmi_debug_flag:244, support_qmi_debug : false
09-01 20:42:02.933   901  2806 I sensors-hal: [ssc_utils]get_qmi_debug_flag:244, support_qmi_debug : false
09-01 20:42:02.933 27301 27813 I BatteryMgr:DataCollectionService: stats => 1693593722933,5798,4408
09-01 20:42:02.941   901  1000 W ASH     : @ 38909.394: Unhandled msg ID 999: line 1277
09-01 20:42:02.941   901  1000 E ASH     : @ 38909.394: No pb callback assigned
09-01 20:42:02.941   901  1000 E ASH     : @ 38909.394: Nanopb error: callback failed:1588
09-01 20:42:02.965   901  1000 W ASH     : @ 38909.418: Unhandled msg ID 999: line 1277
09-01 20:42:02.965   901  1000 E ASH     : @ 38909.418: No pb callback assigned
09-01 20:42:02.965   901  1000 E ASH     : @ 38909.418: Nanopb error: callback failed:1588
09-01 20:42:03.001   901  2806 I sensors-hal: [ssc_utils]get_qmi_debug_flag:244, support_qmi_debug : false
09-01 20:42:03.017   901  1000 W ASH     : @ 38909.469: Unhandled msg ID 999: line 1277
09-01 20:42:03.017   901  1000 E ASH     : @ 38909.469: No pb callback assigned
09-01 20:42:03.017   901  1000 E ASH     : @ 38909.469: Nanopb error: callback failed:1588
09-01 20:42:03.039 27301 27813 I BatteryMgr:DataCollectionService: stats => 1693593723039,5798,4408
09-01 20:42:03.109   901  2806 I sensors-hal: [ssc_utils]get_qmi_debug_flag:244, support_qmi_debug : false
09-01 20:42:03.129   901  1000 W ASH     : @ 38909.582: Unhandled msg ID 999: line 1277
09-01 20:42:03.129   901  1000 E ASH     : @ 38909.582: No pb callback assigned
09-01 20:42:03.129   901  1000 E ASH     : @ 38909.582: Nanopb error: callback failed:1588
09-01 20:42:03.146 27301 27813 I BatteryMgr:DataCollectionService: stats => 1693593723145,5798,4408
09-01 20:42:03.252 27301 27813 I BatteryMgr:DataCollectionService: stats => 1693593723252,5798,4408
09-01 20:42:03.321   901  2806 I sensors-hal: [ssc_utils]get_qmi_debug_flag:244, support_qmi_debug : false
09-01 20:42:03.333   901  2806 I sensors-hal: [ssc_utils]get_qmi_debug_flag:244, support_qmi_debug : false
09-01 20:42:03.358 27301 27813 I BatteryMgr:DataCollectionService: stats => 1693593723357,5798,4408
09-01 20:42:03.365   901  1000 W ASH     : @ 38909.818: Unhandled msg ID 999: line 1277
09-01 20:42:03.365   901  1000 E ASH     : @ 38909.818: No pb callback assigned
09-01 20:42:03.365   901  1000 E ASH     : @ 38909.818: Nanopb error: callback failed:1588
09-01 20:42:03.401   901  2806 I sensors-hal: [ssc_utils]get_qmi_debug_flag:244, support_qmi_debug : false
09-01 20:42:03.445   901  1000 W ASH     : @ 38909.898: Unhandled msg ID 999: line 1277
09-01 20:42:03.445   901  1000 E ASH     : @ 38909.898: No pb callback assigned
09-01 20:42:03.445   901  1000 E ASH     : @ 38909.898: Nanopb error: callback failed:1588
09-01 20:42:03.464 27301 27813 I BatteryMgr:DataCollectionService: stats => 1693593723464,5798,4408
09-01 20:42:03.506   901  2806 I sensors-hal: [ssc_utils]get_qmi_debug_flag:244, support_qmi_debug : false
09-01 20:42:03.527   901  1000 W ASH     : @ 38909.979: Unhandled msg ID 999: line 1277
09-01 20:42:03.527   901  1000 E ASH     : @ 38909.979: No pb callback assigned
09-01 20:42:03.527   901  1000 E ASH     : @ 38909.979: Nanopb error: callback failed:1588
09-01 20:42:03.571 27301 27813 I BatteryMgr:DataCollectionService: stats => 1693593723571,5798,4408
09-01 20:42:03.592   901  2806 I sensors-hal: [ssc_utils]get_qmi_debug_flag:244, support_qmi_debug : false
09-01 20:42:03.605   901  1000 W ASH     : @ 38910.058: Unhandled msg ID 999: line 1277
09-01 20:42:03.605   901  1000 E ASH     : @ 38910.058: No pb callback assigned
09-01 20:42:03.605   901  1000 E ASH     : @ 38910.058: Nanopb error: callback failed:1588
09-01 20:42:03.659   901  1000 I ASH     : @ 38910.112: tcs3701: ADC is saturated, removed sample from FIFO.
09-01 20:42:03.677 27301 27813 I BatteryMgr:DataCollectionService: stats => 1693593723677,5798,4408
09-01 20:42:03.708   901  2806 I sensors-hal: [ssc_utils]get_qmi_debug_flag:244, support_qmi_debug : false
09-01 20:42:03.727   901  1000 W ASH     : @ 38910.180: Unhandled msg ID 999: line 1277
09-01 20:42:03.727   901  1000 E ASH     : @ 38910.180: No pb callback assigned
09-01 20:42:03.727   901  1000 E ASH     : @ 38910.180: Nanopb error: callback failed:1588
09-01 20:42:03.783 27301 27813 I BatteryMgr:DataCollectionService: stats => 1693593723783,5798,4408
09-01 20:42:03.892 27301 27813 I BatteryMgr:DataCollectionService: stats => 1693593723892,5798,4408
09-01 20:42:03.991   901  2806 I sensors-hal: [ssc_utils]get_qmi_debug_flag:244, support_qmi_debug : false
09-01 20:42:03.996 27301 27813 I BatteryMgr:DataCollectionService: stats => 1693593723996,5798,4408
09-01 20:42:04.005   901  1000 W ASH     : @ 38910.458: Unhandled msg ID 999: line 1277
09-01 20:42:04.005   901  1000 E ASH     : @ 38910.458: No pb callback assigned
09-01 20:42:04.005   901  1000 E ASH     : @ 38910.458: Nanopb error: callback failed:1588
09-01 20:42:04.100 27301 27813 I BatteryMgr:DataCollectionService: stats => 1693593724100,5798,4408
09-01 20:42:04.105   901  2806 I sensors-hal: [ssc_utils]get_qmi_debug_flag:244, support_qmi_debug : false
09-01 20:42:04.125   901  1000 W ASH     : @ 38910.578: Unhandled msg ID 999: line 1277
09-01 20:42:04.125   901  1000 E ASH     : @ 38910.578: No pb callback assigned
09-01 20:42:04.125   901  1000 E ASH     : @ 38910.578: Nanopb error: callback failed:1588
09-01 20:42:04.167   901  1000 D VSC     : @ 38910.620: [WO] tilt angle 89
09-01 20:42:04.201   901  2806 I sensors-hal: [ssc_utils]get_qmi_debug_flag:244, support_qmi_debug : false
09-01 20:42:04.206 27301 27813 I BatteryMgr:DataCollectionService: stats => 1693593724206,5798,4408
09-01 20:42:04.222   901  1000 W ASH     : @ 38910.675: Unhandled msg ID 999: line 1277
09-01 20:42:04.222   901  1000 E ASH     : @ 38910.675: No pb callback assigned
09-01 20:42:04.222   901  1000 E ASH     : @ 38910.675: Nanopb error: callback failed:1588
09-01 20:42:04.305   901  2806 I sensors-hal: [ssc_utils]get_qmi_debug_flag:244, support_qmi_debug : false
09-01 20:42:04.311 27301 27813 I BatteryMgr:DataCollectionService: stats => 1693593724311,5798,4408
09-01 20:42:04.325   901  1000 W ASH     : @ 38910.778: Unhandled msg ID 999: line 1277
09-01 20:42:04.325   901  1000 E ASH     : @ 38910.778: No pb callback assigned
09-01 20:42:04.325   901  1000 E ASH     : @ 38910.778: Nanopb error: callback failed:1588
09-01 20:42:04.392   901  2806 I sensors-hal: [ssc_utils]get_qmi_debug_flag:244, support_qmi_debug : false
09-01 20:42:04.405   901  1000 W ASH     : @ 38910.858: Unhandled msg ID 999: line 1277
09-01 20:42:04.405   901  1000 E ASH     : @ 38910.858: No pb callback assigned
09-01 20:42:04.405   901  1000 E ASH     : @ 38910.858: Nanopb error: callback failed:1588
09-01 20:42:04.414 27301 27813 I BatteryMgr:DataCollectionService: stats => 1693593724414,5798,4408
09-01 20:42:04.519 27301 27813 I BatteryMgr:DataCollectionService: stats => 1693593724519,5798,4408
09-01 20:42:04.520   901  2806 I sensors-hal: [ssc_utils]get_qmi_debug_flag:244, support_qmi_debug : false
09-01 20:42:04.520   594   655 I SDM     : HWDeviceDRM::UpdateMixerAttributes: Mixer WxH 1080x2340-1 for Peripheral
09-01 20:42:04.520   594   655 I SDM     : DisplayBase::SetActiveConfig: Active configuration changed to: 0
09-01 20:42:04.520   594   655 I SDM     : StrategyImpl::SetIdleTimeoutMs: Idle timeout set to zero for command mode panels
09-01 20:42:04.532   901  2806 I sensors-hal: [ssc_utils]get_qmi_debug_flag:244, support_qmi_debug : false
09-01 20:42:04.542  1513  1572 I DisplayManagerService: Display device changed: DisplayDeviceInfo{"Built-in Screen": uniqueId="local:19260504575090817", 1080 x 2340, modeId 2, defaultModeId 2, supportedModes [{id=1, width=1080, height=2340, fps=90.0}, {id=2, width=1080, height=2340, fps=60.000004}], colorMode 0, supportedColorModes [0, 7, 9], HdrCapabilities HdrCapabilities{mSupportedHdrTypes=[2, 3, 4], mMaxLuminance=500.0, mMaxAverageLuminance=500.0, mMinLuminance=0.0}, allmSupported false, gameContentTypeSupported false, density 440, 435.428 x 433.839 dpi, appVsyncOff 2333332, presDeadline 11500000, cutout DisplayCutout{insets=Rect(0, 136 - 0, 0) waterfall=Insets{left=0, top=0, right=0, bottom=0} boundingRect={Bounds=[Rect(0, 0 - 0, 0), Rect(0, 0 - 136, 136), Rect(0, 0 - 0, 0), Rect(0, 0 - 0, 0)]}}, touch INTERNAL, rotation 0, type INTERNAL, address {port=129, model=0x446d53ad64a0}, deviceProductInfo DeviceProductInfo{name=, manufacturerPnpId=QCM, productId=1, modelYear=null, manufactureDate=ManufactureDate{week=27, year=2006}, relativeAddress=null}, state ON, FLAG_DEFAULT_DISPLAY, FLAG_ROTATES_WITH_CONTENT, FLAG_SECURE, FLAG_SUPPORTS_PROTECTED_BUFFERS}
09-01 20:42:04.542   594   655 I SDM     : HWDeviceDRM::UpdateMixerAttributes: Mixer WxH 1080x2340-1 for Peripheral
09-01 20:42:04.542   594   655 I SDM     : DisplayBase::SetActiveConfig: Active configuration changed to: 1
09-01 20:42:04.542   594   655 I SDM     : StrategyImpl::SetIdleTimeoutMs: Idle timeout set to zero for command mode panels
09-01 20:42:04.553   901  2806 I sensors-hal: [ssc_utils]get_qmi_debug_flag:244, support_qmi_debug : false
09-01 20:42:04.565  1513  1572 I DisplayManagerService: Display device changed: DisplayDeviceInfo{"Built-in Screen": uniqueId="local:19260504575090817", 1080 x 2340, modeId 1, defaultModeId 2, supportedModes [{id=1, width=1080, height=2340, fps=90.0}, {id=2, width=1080, height=2340, fps=60.000004}], colorMode 0, supportedColorModes [0, 7, 9], HdrCapabilities HdrCapabilities{mSupportedHdrTypes=[2, 3, 4], mMaxLuminance=500.0, mMaxAverageLuminance=500.0, mMinLuminance=0.0}, allmSupported false, gameContentTypeSupported false, density 440, 435.428 x 433.839 dpi, appVsyncOff 2333333, presDeadline 11500000, cutout DisplayCutout{insets=Rect(0, 136 - 0, 0) waterfall=Insets{left=0, top=0, right=0, bottom=0} boundingRect={Bounds=[Rect(0, 0 - 0, 0), Rect(0, 0 - 136, 136), Rect(0, 0 - 0, 0), Rect(0, 0 - 0, 0)]}}, touch INTERNAL, rotation 0, type INTERNAL, address {port=129, model=0x446d53ad64a0}, deviceProductInfo DeviceProductInfo{name=, manufacturerPnpId=QCM, productId=1, modelYear=null, manufactureDate=ManufactureDate{week=27, year=2006}, relativeAddress=null}, state ON, FLAG_DEFAULT_DISPLAY, FLAG_ROTATES_WITH_CONTENT, FLAG_SECURE, FLAG_SUPPORTS_PROTECTED_BUFFERS}
09-01 20:42:04.565   901  1000 W ASH     : @ 38911.018: Unhandled msg ID 999: line 1277
09-01 20:42:04.565   901  1000 E ASH     : @ 38911.018: No pb callback assigned
09-01 20:42:04.565   901  1000 E ASH     : @ 38911.018: Nanopb error: callback failed:1588
09-01 20:42:04.566   901  1000 W ASH     : @ 38911.019: Unhandled msg ID 999: line 1277
09-01 20:42:04.566   901  1000 E ASH     : @ 38911.019: No pb callback assigned
09-01 20:42:04.566   901  1000 E ASH     : @ 38911.019: Nanopb error: callback failed:1588
09-01 20:42:04.623 27301 27813 I BatteryMgr:DataCollectionService: stats => 1693593724623,5798,4408
09-01 20:42:04.665   901  2806 I sensors-hal: [ssc_utils]get_qmi_debug_flag:244, support_qmi_debug : false
09-01 20:42:04.685   901  1000 W ASH     : @ 38911.138: Unhandled msg ID 999: line 1277
09-01 20:42:04.685   901  1000 E ASH     : @ 38911.138: No pb callback assigned
09-01 20:42:04.685   901  1000 E ASH     : @ 38911.138: Nanopb error: callback failed:1588
09-01 20:42:04.721   901  2806 I sensors-hal: [ssc_utils]get_qmi_debug_flag:244, support_qmi_debug : false
09-01 20:42:04.727 27301 27813 I BatteryMgr:DataCollectionService: stats => 1693593724727,5798,4408
09-01 20:42:04.738   901  1000 I ASH     : @ 38911.190: tcs3701: ADC is saturated, removed sample from FIFO.
09-01 20:42:04.765   901  1000 W ASH     : @ 38911.218: Unhandled msg ID 999: line 1277
09-01 20:42:04.765   901  1000 E ASH     : @ 38911.218: No pb callback assigned
09-01 20:42:04.765   901  1000 E ASH     : @ 38911.218: Nanopb error: callback failed:1588
09-01 20:42:04.795   901  2806 I sensors-hal: [ssc_utils]get_qmi_debug_flag:244, support_qmi_debug : false
09-01 20:42:04.805   901  1000 W ASH     : @ 38911.258: Unhandled msg ID 999: line 1277
09-01 20:42:04.805   901  1000 E ASH     : @ 38911.258: No pb callback assigned
09-01 20:42:04.805   901  1000 E ASH     : @ 38911.258: Nanopb error: callback failed:1588
09-01 20:42:04.833 27301 27813 I BatteryMgr:DataCollectionService: stats => 1693593724833,5798,4408
09-01 20:42:04.920   901  2806 I sensors-hal: [ssc_utils]get_qmi_debug_flag:244, support_qmi_debug : false
09-01 20:42:04.936 27301 27813 I BatteryMgr:DataCollectionService: stats => 1693593724936,5798,4408
09-01 20:42:04.938   901  1000 W ASH     : @ 38911.391: Unhandled msg ID 999: line 1277
09-01 20:42:04.938   901  1000 E ASH     : @ 38911.391: No pb callback assigned
09-01 20:42:04.938   901  1000 E ASH     : @ 38911.391: Nanopb error: callback failed:1588
09-01 20:42:05.001   901  2806 I sensors-hal: [ssc_utils]get_qmi_debug_flag:244, support_qmi_debug : false
09-01 20:42:05.013   901  1000 W ASH     : @ 38911.466: Unhandled msg ID 999: line 1277
09-01 20:42:05.013   901  1000 E ASH     : @ 38911.466: No pb callback assigned
09-01 20:42:05.013   901  1000 E ASH     : @ 38911.466: Nanopb error: callback failed:1588
09-01 20:42:05.042 27301 27813 I BatteryMgr:DataCollectionService: stats => 1693593725042,5798,4408
09-01 20:42:05.116   901  2806 I sensors-hal: [ssc_utils]get_qmi_debug_flag:244, support_qmi_debug : false
09-01 20:42:05.120   594   655 I SDM     : HWDeviceDRM::UpdateMixerAttributes: Mixer WxH 1080x2340-1 for Peripheral
09-01 20:42:05.120   594   655 I SDM     : DisplayBase::SetActiveConfig: Active configuration changed to: 0
09-01 20:42:05.120   594   655 I SDM     : StrategyImpl::SetIdleTimeoutMs: Idle timeout set to zero for command mode panels
09-01 20:42:05.128   901  1000 W ASH     : @ 38911.581: Unhandled msg ID 999: line 1277
09-01 20:42:05.128   901  1000 E ASH     : @ 38911.581: No pb callback assigned
09-01 20:42:05.128   901  1000 E ASH     : @ 38911.581: Nanopb error: callback failed:1588
09-01 20:42:05.129   901  2806 I sensors-hal: [ssc_utils]get_qmi_debug_flag:244, support_qmi_debug : false
09-01 20:42:05.142  1513  1572 I DisplayManagerService: Display device changed: DisplayDeviceInfo{"Built-in Screen": uniqueId="local:19260504575090817", 1080 x 2340, modeId 2, defaultModeId 2, supportedModes [{id=1, width=1080, height=2340, fps=90.0}, {id=2, width=1080, height=2340, fps=60.000004}], colorMode 0, supportedColorModes [0, 7, 9], HdrCapabilities HdrCapabilities{mSupportedHdrTypes=[2, 3, 4], mMaxLuminance=500.0, mMaxAverageLuminance=500.0, mMinLuminance=0.0}, allmSupported false, gameContentTypeSupported false, density 440, 435.428 x 433.839 dpi, appVsyncOff 2333332, presDeadline 11500000, cutout DisplayCutout{insets=Rect(0, 136 - 0, 0) waterfall=Insets{left=0, top=0, right=0, bottom=0} boundingRect={Bounds=[Rect(0, 0 - 0, 0), Rect(0, 0 - 136, 136), Rect(0, 0 - 0, 0), Rect(0, 0 - 0, 0)]}}, touch INTERNAL, rotation 0, type INTERNAL, address {port=129, model=0x446d53ad64a0}, deviceProductInfo DeviceProductInfo{name=, manufacturerPnpId=QCM, productId=1, modelYear=null, manufactureDate=ManufactureDate{week=27, year=2006}, relativeAddress=null}, state ON, FLAG_DEFAULT_DISPLAY, FLAG_ROTATES_WITH_CONTENT, FLAG_SECURE, FLAG_SUPPORTS_PROTECTED_BUFFERS}
09-01 20:42:05.144   594   655 I SDM     : StrategyImpl::SetIdleTimeoutMs: Idle timeout set to zero for command mode panels
09-01 20:42:05.146 27301 27813 I BatteryMgr:DataCollectionService: stats => 1693593725146,5798,4408
09-01 20:42:05.165   901  1000 W ASH     : @ 38911.618: Unhandled msg ID 999: line 1277
09-01 20:42:05.165   901  1000 E ASH     : @ 38911.618: No pb callback assigned
09-01 20:42:05.165   901  1000 E ASH     : @ 38911.618: Nanopb error: callback failed:1588
09-01 20:42:05.464  1513  3375 I ActivityManager: Force stopping com.opera.browser appid=10261 user=0: from pid 28041
09-01 20:42:05.465  1513  3375 I ActivityManager: Killing 27562:com.opera.browser:privileged_process0/u0a261 (adj 0): stop com.opera.browser due to from pid 28041
09-01 20:42:05.466  1513  3375 I ActivityManager: Killing 27359:com.opera.browser/u0a261 (adj 0): stop com.opera.browser due to from pid 28041
09-01 20:42:05.468  7733  7733 D BoundBrokerSvc: onUnbind: Intent { act=com.google.android.gms.measurement.START pkg=com.google.android.gms }
09-01 20:42:05.472  1513  3375 W ActivityTaskManager: Force removing ActivityRecord{9e48fa4 u0 com.opera.browser/com.opera.Opera t1596 f}}: app died, no saved state
09-01 20:42:05.473 27861 27861 I dboxed_process: System.exit called, status: 0
09-01 20:42:05.473 27861 27861 I AndroidRuntime: VM exiting with result code 0, cleanup skipped.
09-01 20:42:05.485 27673 27673 I dboxed_process: System.exit called, status: 0
09-01 20:42:05.485 27673 27673 I AndroidRuntime: VM exiting with result code 0, cleanup skipped.
09-01 20:42:05.490  1513  3375 I ActivityManager: Killing 27673:com.opera.browser:sandboxed_process0/u0a261 (adj 0): stop com.opera.browser due to from pid 28041
09-01 20:42:05.494   594   655 I SDM     : HWDeviceDRM::UpdateMixerAttributes: Mixer WxH 1080x2340-1 for Peripheral
09-01 20:42:05.494   594   655 I SDM     : DisplayBase::SetActiveConfig: Active configuration changed to: 1
09-01 20:42:05.494   594   655 I SDM     : StrategyImpl::SetIdleTimeoutMs: Idle timeout set to zero for command mode panels
09-01 20:42:05.494  1513  3375 I ActivityManager: Killing 27861:com.opera.browser:sandboxed_process1/u0a261 (adj 0): stop com.opera.browser due to from pid 28041
09-01 20:42:05.499   901  2806 I sensors-hal: [ssc_utils]get_qmi_debug_flag:244, support_qmi_debug : false
09-01 20:42:05.499   779   779 I Zygote  : Process 27861 exited cleanly (0)
09-01 20:42:05.502  2474  2474 E PhoneInterfaceManager: [PhoneIntfMgr] getCarrierPackageNamesForIntentAndPhone: No UICC
09-01 20:42:05.502  2474  2474 D CarrierSvcBindHelper: No carrier app for: 0
09-01 20:42:05.503   779   779 I Zygote  : Process 27562 exited due to signal 9 (Killed)
09-01 20:42:05.504 28041 28043 I cmd     : oneway function results will be dropped but finished with status OK and parcel size 4
09-01 20:42:05.505  1513  2905 W ActivityManager: Unbind failed: could not find connection for android.os.BinderProxy@8d596a1
09-01 20:42:05.513  1513  1640 I libprocessgroup: Successfully killed process cgroup uid 10261 pid 27562 in 48ms
09-01 20:42:05.521  8777 28052 I EuiccGoogle: [6367] EuiccServiceImpl.onGetEuiccProfileInfoList: onGetEuiccProfileInfoList: slotId = -1
09-01 20:42:05.525   901  1000 W ASH     : @ 38911.978: Unhandled msg ID 999: line 1277
09-01 20:42:05.525   901  1000 E ASH     : @ 38911.978: No pb callback assigned
09-01 20:42:05.525   901  1000 E ASH     : @ 38911.978: Nanopb error: callback failed:1588
09-01 20:42:05.529  8777 28052 W EuiccGoogle: [6367] EuiccServiceImpl.onGetEuiccProfileInfoList: slotId=-1. No eUICC is active. Return null.
09-01 20:42:05.530  3135  3135 D RegisteredNfcFServicesCache: Service unchanged, not updating
09-01 20:42:05.533  3088  3667 I AssistantForeground: (REDACTED) Get launcher package: %s
09-01 20:42:05.536   779   779 I Zygote  : Process 27673 exited cleanly (0)
09-01 20:42:05.538  1513  1572 I DisplayManagerService: Display device changed: DisplayDeviceInfo{"Built-in Screen": uniqueId="local:19260504575090817", 1080 x 2340, modeId 1, defaultModeId 2, supportedModes [{id=1, width=1080, height=2340, fps=90.0}, {id=2, width=1080, height=2340, fps=60.000004}], colorMode 0, supportedColorModes [0, 7, 9], HdrCapabilities HdrCapabilities{mSupportedHdrTypes=[2, 3, 4], mMaxLuminance=500.0, mMaxAverageLuminance=500.0, mMinLuminance=0.0}, allmSupported false, gameContentTypeSupported false, density 440, 435.428 x 433.839 dpi, appVsyncOff 2333333, presDeadline 11500000, cutout DisplayCutout{insets=Rect(0, 136 - 0, 0) waterfall=Insets{left=0, top=0, right=0, bottom=0} boundingRect={Bounds=[Rect(0, 0 - 0, 0), Rect(0, 0 - 136, 136), Rect(0, 0 - 0, 0), Rect(0, 0 - 0, 0)]}}, touch INTERNAL, rotation 0, type INTERNAL, address {port=129, model=0x446d53ad64a0}, deviceProductInfo DeviceProductInfo{name=, manufacturerPnpId=QCM, productId=1, modelYear=null, manufactureDate=ManufactureDate{week=27, year=2006}, relativeAddress=null}, state ON, FLAG_DEFAULT_DISPLAY, FLAG_ROTATES_WITH_CONTENT, FLAG_SECURE, FLAG_SUPPORTS_PROTECTED_BUFFERS}
09-01 20:42:05.540  1513  3375 W InputMethodManagerService: Got RemoteException sending setActive(false) notification to pid 27359 uid 10261
09-01 20:42:05.544  2858  2858 I GoogleInputMethodService: GoogleInputMethodService.onFinishInput():3280 
09-01 20:42:05.548  1513  3240 D ConnectivityService: ConnectivityService NetworkRequestInfo binderDied(NetworkRequest [ TRACK_DEFAULT id=1765, [ Capabilities: INTERNET&NOT_RESTRICTED&TRUSTED Uid: 10261 AdministratorUids: [] RequestorUid: 10261 RequestorPackageName: com.opera.browser] ], android.os.BinderProxy@fedadbe)
09-01 20:42:05.548  1513  3221 D ConnectivityService: ConnectivityService NetworkRequestInfo binderDied(NetworkRequest [ LISTEN id=1768, [ Capabilities: INTERNET&NOT_RESTRICTED&TRUSTED&FOREGROUND Uid: 10261 AdministratorUids: [] RequestorUid: 10261 RequestorPackageName: com.opera.browser] ], android.os.BinderProxy@518a56c)
09-01 20:42:05.548  1513  3221 D AutofillSession: handling death of Token{903de37 ActivityRecord{9e48fa4 u0 com.opera.browser/com.opera.Opera t-1 f}}} when saving=false
09-01 20:42:05.548  1513  2000 D ConnectivityService: releasing NetworkRequest [ TRACK_DEFAULT id=1765, [ Capabilities: INTERNET&NOT_RESTRICTED&TRUSTED Uid: 10261 AdministratorUids: [] RequestorUid: 10261 RequestorPackageName: com.opera.browser] ] (release request)
09-01 20:42:05.549  1513  2570 D ConnectivityService: ConnectivityService NetworkRequestInfo binderDied(NetworkRequest [ LISTEN id=1766, [ Capabilities: INTERNET&NOT_RESTRICTED&TRUSTED&FOREGROUND Uid: 10261 AdministratorUids: [] RequestorUid: 10261 RequestorPackageName: com.opera.browser] ], android.os.BinderProxy@2170e1f)
09-01 20:42:05.549  1513  3240 D ConnectivityService: ConnectivityService NetworkRequestInfo binderDied(NetworkRequest [ TRACK_DEFAULT id=1767, [ Capabilities: INTERNET&NOT_RESTRICTED&TRUSTED Uid: 10261 AdministratorUids: [] RequestorUid: 10261 RequestorPackageName: com.opera.browser] ], android.os.BinderProxy@b6d8735)
