09-02 08:19:25.623 17844 18200 I BatteryMgr:DataCollectionService: stats => 1693635565623,411,4303
09-02 08:19:25.732 17844 18200 I BatteryMgr:DataCollectionService: stats => 1693635565732,-29,4303
09-02 08:19:25.843 17844 18200 I BatteryMgr:DataCollectionService: stats => 1693635565843,-29,4303
09-02 08:19:25.887  3979  6899 D SSRM:G  : SIOP:: AP = 280, PST = 268 (W:10), BAT = 237, USB = 0, CHG = 0
09-02 08:19:25.945  3979  9236 D BatteryService: !@BatteryListener : batteryPropertiesChanged!
09-02 08:19:25.946  3979  9236 D BatteryService: level:95, scale:100, status:2, health:2, present:true, voltage: 4186, temperature: 237, technology: Li-ion, AC powered:false, USB powered:true, POGO powered:false, Wireless powered:false, icon:17303834, invalid charger:0, maxChargingCurrent:0, maxChargingVoltage:0, chargeCounter:0
09-02 08:19:25.946  3979  9236 D BatteryService: online:4, current avg:-22, charge type:1, power sharing:false, high voltage charger:false, capacity:280000, batterySWSelfDischarging:false, misc_event:0, current_event:0, current_now:-29
09-02 08:19:25.947  3979  3979 D BatteryService: Sending ACTION_BATTERY_CHANGED.
09-02 08:19:25.949  3979  3979 D SamsungPhoneWindowManager: ACTION_BATTERY_CHANGED - Level :: 95, battStatus :: 2
09-02 08:19:25.950  3979  3979 I MotionRecognitionService: Plugged
09-02 08:19:25.950  3979  3979 D MotionRecognitionService:   mCableConnection= 1
09-02 08:19:25.950  3979  3979 D MotionRecognitionService: setPowerConnected : mGripEnabled = false
09-02 08:19:25.951  3979  4002 D UsbDeviceManager: handleMessage -> MSG_UPDATE_CHARGING_STATE = 1
09-02 08:19:25.952  4349  4349 D KeyguardUpdateMonitor: received broadcast android.intent.action.BATTERY_CHANGED
09-02 08:19:25.954  4349  4349 D BatteryController: onReceive-ACTION_BATTERY_CHANGED : mLevel=95, mBatteryStatus=2
09-02 08:19:25.963  4349  4349 D PowerUI : priorPlugType = 2 mPlugType =  2
09-02 08:19:25.964  4349  4349 D PowerUI.Notification: Charging estimate time is not supported and connected cable is not a fast/slow charger, so return!
09-02 08:19:25.969 17844 18200 I BatteryMgr:DataCollectionService: stats => 1693635565969,-29,4186
09-02 08:19:26.080 17844 18200 I BatteryMgr:DataCollectionService: stats => 1693635566079,-29,4186
09-02 08:19:26.190 17844 18200 I BatteryMgr:DataCollectionService: stats => 1693635566190,-29,4186
09-02 08:19:26.301 17844 18200 I BatteryMgr:DataCollectionService: stats => 1693635566301,-29,4186
09-02 08:19:26.412 17844 18200 I BatteryMgr:DataCollectionService: stats => 1693635566412,-29,4186
09-02 08:19:26.523 17844 18200 I BatteryMgr:DataCollectionService: stats => 1693635566522,-29,4186
09-02 08:19:26.633 17844 18200 I BatteryMgr:DataCollectionService: stats => 1693635566632,-29,4186
09-02 08:19:26.696  3449  3449 I android.hardware.wifi@1.0-service: getLinkLayerStats
09-02 08:19:26.742 17844 18200 I BatteryMgr:DataCollectionService: stats => 1693635566742,-29,4186
09-02 08:19:26.852 17844 18200 I BatteryMgr:DataCollectionService: stats => 1693635566852,-29,4186
09-02 08:19:26.953  4962  4962 D io_stats: !@ 179,0 r 455864 14347780 w 230258 5082124 d 22774 18302892 f 79224 80581 iot 321788 269857 th 51200 0 0 pt 0 inp 0 0 26100.197
09-02 08:19:26.963 17844 18200 I BatteryMgr:DataCollectionService: stats => 1693635566962,-29,4186
09-02 08:19:27.073 17844 18200 I BatteryMgr:DataCollectionService: stats => 1693635567072,-29,4186
09-02 08:19:27.183 17844 18200 I BatteryMgr:DataCollectionService: stats => 1693635567182,-29,4186
09-02 08:19:27.293 17844 18200 I BatteryMgr:DataCollectionService: stats => 1693635567292,-29,4186
09-02 08:19:27.404 17844 18200 I BatteryMgr:DataCollectionService: stats => 1693635567404,-29,4186
09-02 08:19:27.457 14031 14031 E adbd    : recv: OPEN 00017b8f 00000000 0029:73 68 65 6C 6C 2C 76 32 2C 54 45 52 4D 3D 78 74 65 72 6D 2D 32 35 36 63 6F 6C 6F 72 2C 72 61 77 3A 64 61 74 65 20 2D 75 00 
09-02 08:19:27.457 14031 14031 E adbd    : service_to_fd: shell,v2,TERM=xterm-256color,raw:date -u
09-02 08:19:27.470 14031 14031 E adbd    : recv: OPEN 00017b92 00000000 00c1:73 68 65 6C 6C 2C 76 32 2C 54 45 52 4D 3D 78 74 65 72 6D 2D 32 35 36 63 6F 6C 6F 72 2C 72 61 77 3A 61 6D 20 73 74 61 72 74 20 2D 61 20 61 6E 64 72 6F 69 64 2E 69 6E 74 65 6E 74 2E 61 63 74 69 6F 6E 2E 56 49 45 57 20 2D 6E 20 6F 72 67 2E 6D 6F 7A 69 6C 6C 61 2E 66 69 72 65 66 6F 78 2F 6F 72 67 2E 6D 6F 7A 69 6C 6C 61 2E 67 65 63 6B 6F 2E 42 72 6F 77 73 65 72 41 70 70 20 2D 64 20 68 74 74 70 3A 2F 2F 31 39 32 2E 31 36 38 2E 38 38 2E 31 37 37 3A 38 30 30 30 2F 47 65 6E 65 72 61 6C 2F 62 61 69 64 75 2F 77 77 77 2E 62 61 69 64 75 2E 63 6F 6D 2F 69 6E 64 65 78 2E 68 74 6D 6C 00 
09-02 08:19:27.470 14031 14031 E adbd    : service_to_fd: shell,v2,TERM=xterm-256color,raw:am start -a android.intent.action.VIEW -n org.mozilla.firefox/org.mozilla.gecko.BrowserApp -d http://192.168.88.177:8000/General/baidu/www.baidu.com/index.html
09-02 08:19:27.513 17844 18200 I BatteryMgr:DataCollectionService: stats => 1693635567513,-29,4186
09-02 08:19:27.553 14031 14031 E adbd    : recv: OPEN 00017b95 00000000 003e:73 68 65 6C 6C 2C 76 32 2C 54 45 52 4D 3D 78 74 65 72 6D 2D 32 35 36 63 6F 6C 6F 72 2C 72 61 77 3A 64 75 6D 70 73 79 73 20 63 70 75 69 6E 66 6F 20 7C 20 67 72 65 70 20 54 4F 54 41 4C 00 
09-02 08:19:27.553 14031 14031 E adbd    : service_to_fd: shell,v2,TERM=xterm-256color,raw:dumpsys cpuinfo | grep TOTAL
09-02 08:19:27.559  3979  9236 I ActivityManager: START u0 {act=android.intent.action.VIEW typ=null flg=0x10000000 cmp=ComponentInfo{org.mozilla.firefox/org.mozilla.gecko.BrowserApp}} from uid 2000
09-02 08:19:27.562  3979  9236 D CustomFrequencyManagerService: acquireDVFSLockLocked : type : DVFS_MIN_LIMIT  frequency : 1560000  uid : 1000  pid : 3979  pkgName : AMS_ACT_START@CPU_MIN@8
09-02 08:19:27.563  3979  9236 D ActivityManagerPerformance: AMP_acquire() ACT_START
09-02 08:19:27.578  3979  4200 D ActivityManager: isScaleDownAnimationEnabled() : false
09-02 08:19:27.582  3979  4200 D PersonaManagerService: Current focused persona service handled id set to : 0
09-02 08:19:27.582  3979  4200 D InputDispatcher: Focused application set to: xxxx
09-02 08:19:27.583  3979  4200 D InputDispatcher: Focus left window: 17889
09-02 08:19:27.585  3979  4238 D GameManagerService: handleForegroundChange(). pkgName: org.mozilla.firefox, clsName: org.mozilla.fenix.IntentReceiverActivity,FgActivityName:org.mozilla.firefox/org.mozilla.fenix.IntentReceiverActivity
09-02 08:19:27.585  3979  4238 D GameManagerService:   handleForegroundChange(). same package. game has never resumed yet. ignore
09-02 08:19:27.585  3979  4200 D MARsPolicyManager: onPackageResumedFG pkgName = org.mozilla.firefox, userId = 0
09-02 08:19:27.597 16166 16255 I GMS_MM_Logger: Memory Metric Logging not allowed. Stopping.
09-02 08:19:27.600 17889 17942 I SessionStorage/AutoSave: Save: New tab selected
09-02 08:19:27.602  3979  9236 I ActivityManager: START u0 {act=android.intent.action.VIEW typ=null flg=0x0 cmp=ComponentInfo{org.mozilla.firefox/org.mozilla.fenix.HomeActivity}} from uid 10154
09-02 08:19:27.605  3979  9236 D InputDispatcher: Focus entered window: 17889
09-02 08:19:27.620 17844 18200 I BatteryMgr:DataCollectionService: stats => 1693635567620,-29,4186
09-02 08:19:27.623 17889 17889 D ViewRootImpl@675f333[HomeActivity]: MSG_WINDOW_FOCUS_CHANGED 0
09-02 08:19:27.628 14031 14031 E adbd    : recv: OPEN 00017b98 00000000 003d:73 68 65 6C 6C 2C 76 32 2C 54 45 52 4D 3D 78 74 65 72 6D 2D 32 35 36 63 6F 6C 6F 72 2C 72 61 77 3A 64 75 6D 70 73 79 73 20 6D 65 6D 69 6E 66 6F 20 7C 20 67 72 65 70 20 55 73 65 64 00 
09-02 08:19:27.628 14031 14031 E adbd    : service_to_fd: shell,v2,TERM=xterm-256color,raw:dumpsys meminfo | grep Used
09-02 08:19:27.631 17889 17889 I NavController: Ignoring popBackStack to destination org.mozilla.firefox:id/browserFragment as it was not found on the current back stack
09-02 08:19:27.631 17889 17889 I NavController: Ignoring popBackStack to destination org.mozilla.firefox:id/homeFragment as it was not found on the current back stack
09-02 08:19:27.684 17889 17889 I zygote64: Deoptimizing kotlinx.coroutines.DisposableHandle kotlinx.coroutines.JobSupport.invokeOnCompletion(boolean, boolean, kotlin.jvm.functions.Function1) due to JIT inline cache
09-02 08:19:27.685  3979  5925 D ConnectivityService: filterNetworkStateForUid() uid: 10154 networkInfo: [type: WIFI[] - WIFI, state: CONNECTED/CONNECTED, reason: (unspecified), extra: "WiFi 69", failover: false, available: true, roaming: false, metered: false]
09-02 08:19:27.722  4349  4858 D SystemServicesProxy: updateOverviewLastStackActiveTimeAsync: newTime=1693559943942
09-02 08:19:27.723  3979  5925 D SecContentProvider: query(), uri = 17 selection = isSettingsChangesAllowed
09-02 08:19:27.724  3979  5925 D SecContentProvider: called from android.uid.systemui:10009
09-02 08:19:27.725  4349  4561 D SystemServicesProxy: updateOverviewLastStackActiveTimeAsync: done.
09-02 08:19:27.725 17844 18200 I BatteryMgr:DataCollectionService: stats => 1693635567725,-29,4186
09-02 08:19:27.746 17889 17889 I zygote64: Deoptimizing java.lang.CharSequence androidx.emoji2.text.EmojiCompat.process(int, int, java.lang.CharSequence) due to JIT inline cache
09-02 08:19:27.821 17889 17889 W GeckoViewActivityContextDelegate: A non-activity context was set.
09-02 08:19:27.830 17844 18200 I BatteryMgr:DataCollectionService: stats => 1693635567830,-29,4186
09-02 08:19:27.853  3979  4200 D ConnectivityService: filterNetworkStateForUid() uid: 10025 networkInfo: [type: WIFI[] - WIFI, state: CONNECTED/CONNECTED, reason: (unspecified), extra: "WiFi 69", failover: false, available: true, roaming: false, metered: false]
09-02 08:19:27.881  3979  4200 D ConnectivityService: filterNetworkStateForUid() uid: 10025 networkInfo: [type: WIFI[] - WIFI, state: CONNECTED/CONNECTED, reason: (unspecified), extra: "WiFi 69", failover: false, available: true, roaming: false, metered: false]
09-02 08:19:27.891 17889 17889 D skia    : approximate: numPoints=40, lengths[39]=620.200073, totalLength=620.200073, segmentPoints[39]=[422.600037,0.000000]
09-02 08:19:27.891 17889 17889 D skia    : approximate: approximation[117]=1.000000, approximation[118]=422.600037, approximation[119]=0.000000
09-02 08:19:27.892 17889 17889 D skia    : approximate: numPoints=4, lengths[3]=3.448155, totalLength=3.448155, segmentPoints[3]=[3.000000,0.100000]
09-02 08:19:27.892 17889 17889 D skia    : approximate: approximation[9]=1.000000, approximation[10]=3.000000, approximation[11]=0.100000
09-02 08:19:27.893 17889 17889 D skia    : approximate: numPoints=37, lengths[36]=722.199951, totalLength=722.199951, segmentPoints[36]=[199.600006,0.000000]
09-02 08:19:27.893 17889 17889 D skia    : approximate: approximation[108]=1.000000, approximation[109]=199.600006, approximation[110]=0.000000
09-02 08:19:27.893 17889 17889 D skia    : approximate: numPoints=3, lengths[2]=2.472497, totalLength=2.472497, segmentPoints[2]=[2.000000,0.100000]
09-02 08:19:27.893 17889 17889 D skia    : approximate: approximation[6]=1.000000, approximation[7]=2.000000, approximation[8]=0.100000
09-02 08:19:27.934 17844 18200 I BatteryMgr:DataCollectionService: stats => 1693635567934,-29,4186
09-02 08:19:28.032 17889 17889 D InputMethodManager: HSIFW - flag : 0 Pid : 17889
09-02 08:19:28.033  3979  5925 V InputMethodManagerService: Client requesting input be hidden, flags : 2
09-02 08:19:28.033  3979  5925 V InputMethodManagerService: hideCurrentInputLocked : shouldHideSoftInput is false
09-02 08:19:28.033 17889 17889 I InputMethodManager: hideSoftInputFromWindow ignore mServedView == null or mServedView.getWindowToken() != windowToken, mServedView :0
09-02 08:19:28.038 17889 17889 D ViewRootImpl@675f333[HomeActivity]: MSG_WINDOW_FOCUS_CHANGED 1
09-02 08:19:28.039 17844 18200 I BatteryMgr:DataCollectionService: stats => 1693635568039,-29,4186
09-02 08:19:28.046 17889 17889 V InputMethodManager: Starting input: tba=android.view.inputmethod.EditorInfo@ec4b2bf nm : org.mozilla.firefox ic=null
09-02 08:19:28.046 17889 17889 I InputMethodManager: startInputInner - mService.startInputOrWindowGainedFocus
09-02 08:19:28.047  3979  5925 D InputMethodManagerService: startInputOrWindowGainedFocus : windowGainedFocus 
09-02 08:19:28.047  3979  5925 D InputMethodManagerService: windowGainedFocus: destinationUserId (getCallingUid) = 0
09-02 08:19:28.047  3979  5925 D InputMethodManagerService: windowGainedFocus: currentUserId=0
09-02 08:19:28.047  3979  5925 D InputMethodManagerService: windowGainedFocus: mCurrentFocusedUserId=0
09-02 08:19:28.047  3979  5925 D InputMethodManagerService: windowGainedFocus : lock - currentUserId = 0 destinationUserId = 0
09-02 08:19:28.047  3979  5925 D InputMethodManagerService: windowGainedFocus : mCurrentFocusedUserId - 0 and mSecureKeypadEnabled - false, userSwitched - false
09-02 08:19:28.047  3979  5925 W InputMethodManagerService: Window already focused, ignoring focus gain of: com.android.internal.view.IInputMethodClient$Stub$Proxy@559b9e7 attribute=android.view.inputmethod.EditorInfo@d82b994, token = android.os.BinderProxy@79808e6
09-02 08:19:28.048  3979  5925 D InputMethodManagerService: setCurrentInputInfo - inputContext : null eidtorInfo : android.view.inputmethod.EditorInfo@d82b994 missingMethods : 0
09-02 08:19:28.048  4336  4336 I InputMethodWrapper:  call dispatchStartInputWithToken
09-02 08:19:28.048  4336  4336 I InputMethodService: dispatchStartInputWithToken
09-02 08:19:28.049  4336  4336 I SKBD    : SamsungKeypad [IMI] onStartInput - caller pid : 17889, caller uid : 10154
09-02 08:19:28.050  3979  5925 D ActivityManager: isScaleDownAnimationEnabled() : false
09-02 08:19:28.051  3979  5925 D PersonaManagerService: Current focused persona service handled id set to : 0
09-02 08:19:28.051  3979  5925 D InputDispatcher: Focused application set to: xxxx
09-02 08:19:28.055  3979  4238 D GameManagerService: handleForegroundChange(). pkgName: org.mozilla.firefox, clsName: org.mozilla.fenix.HomeActivity,FgActivityName:org.mozilla.firefox/org.mozilla.fenix.HomeActivity
09-02 08:19:28.055  3979  4238 D GameManagerService:   handleForegroundChange(). same package. game has never resumed yet. ignore
09-02 08:19:28.055  3979  5925 D MARsPolicyManager: onPackageResumedFG pkgName = org.mozilla.firefox, userId = 0
09-02 08:19:28.067 17889 17889 I zygote64: Deoptimizing void androidx.coordinatorlayout.widget.CoordinatorLayout.prepareChildren() due to JIT inline cache
09-02 08:19:28.069 17889 17889 I zygote64: Deoptimizing void androidx.constraintlayout.widget.ConstraintLayout.resolveSystem(androidx.constraintlayout.core.widgets.ConstraintWidgetContainer, int, int, int) due to JIT inline cache
09-02 08:19:28.098  3979  4200 V WindowManager: Relayout Window{6560e27 u0 org.mozilla.firefox/org.mozilla.fenix.HomeActivity}: viewVisibility=0 req=720x1280 WM.LayoutParams{(0,0)(fillxfill) sim=#10 ty=1 fl=#81010100 pfl=0x20000 wanim=0x7f1404fa vsysui=0x2610 needsMenuKey=2 colorMode=0 naviIconColor=0}
09-02 08:19:28.104 17889 17889 D ViewRootImpl@675f333[HomeActivity]: Relayout returned: old=[0,0][720,1280] new=[0,0][720,1280] result=0x1 surface={valid=true 533282082816} changed=false
09-02 08:19:28.107  3462  3462 I SurfaceFlinger: id=228 createSurf (720x1238),1 flag=4, SurfaceView - org.mozilla.firefox/org.mozilla.fenix.HomeActivity@5a75695@0#0
09-02 08:19:28.108  3462  3462 I SurfaceFlinger: id=229 createSurf (720x1238),-1 flag=20004, Background for - SurfaceView - org.mozilla.firefox/org.mozilla.fenix.HomeActivity@5a75695@0#0
09-02 08:19:28.110 17889 17889 D SurfaceView: BG hide() Surface(name=Background for - SurfaceView - org.mozilla.firefox/org.mozilla.fenix.HomeActivity@5a75695@0) false true org.mozilla.gecko.MagnifiableSurfaceView{5a75695 V.E...... ......ID 0,0-720,1238}
09-02 08:19:28.126 17889 17889 V Surface : sf_framedrop debug : 0x4f4c, game : false, logging : 0
09-02 08:19:28.126 17889 17889 D SurfaceView: surfaceCreated 1 org.mozilla.gecko.MagnifiableSurfaceView{5a75695 V.E...... ......ID 0,0-720,1238}
09-02 08:19:28.127 17889 17889 D SurfaceView: surfaceChanged (720,1238) 1 org.mozilla.gecko.MagnifiableSurfaceView{5a75695 V.E...... ......ID 0,0-720,1238}
09-02 08:19:28.144 17889 17889 I zygote64: Deoptimizing void kotlin.sequences.SequencesKt___SequencesKt.toCollection(kotlin.sequences.Sequence, java.util.AbstractCollection) due to JIT inline cache
09-02 08:19:28.146 17844 18200 I BatteryMgr:DataCollectionService: stats => 1693635568146,-29,4186
09-02 08:19:28.231  3979  5925 D ConnectivityService: filterNetworkStateForUid() uid: 10154 networkInfo: [type: WIFI[] - WIFI, state: CONNECTED/CONNECTED, reason: (unspecified), extra: "WiFi 69", failover: false, available: true, roaming: false, metered: false]
09-02 08:19:28.236  3979  5925 D ActivityManager: post active user change for 0 fullscreen true isHomeActivity() false
09-02 08:19:28.250 17844 18200 I BatteryMgr:DataCollectionService: stats => 1693635568250,-29,4186
09-02 08:19:28.260  3979  4200 V WindowManager: Relayout Window{6560e27 u0 org.mozilla.firefox/org.mozilla.fenix.HomeActivity}: viewVisibility=0 req=720x1280 WM.LayoutParams{(0,0)(fillxfill) sim=#110 ty=1 fl=#81010100 pfl=0x20000 fmt=-3 wanim=0x7f1404fa vsysui=0x2610 needsMenuKey=2 colorMode=0 naviIconColor=0}
09-02 08:19:28.265 17889 17889 D ViewRootImpl@675f333[HomeActivity]: Relayout returned: old=[0,0][720,1280] new=[0,0][720,1280] result=0x1 surface={valid=true 533282082816} changed=false
09-02 08:19:28.336 17889 17889 I WebExtension: releasePendingMessages: extension=icons@mozac.org nativeApp=MozacBrowserIcons session=org.mozilla.geckoview.GeckoSession@fb42c41
09-02 08:19:28.339 17889 17889 I WebExtension: releasePendingMessages: extension=cookies@mozac.org nativeApp=MozacBrowserSearchMessage session=org.mozilla.geckoview.GeckoSession@fb42c41
09-02 08:19:28.340 17889 17889 I WebExtension: releasePendingMessages: extension=ads@mozac.org nativeApp=MozacBrowserAdsMessage session=org.mozilla.geckoview.GeckoSession@fb42c41
09-02 08:19:28.347 17889 17889 I SessionPrioritizationMiddleware: Update the currentSelectedTab 09d88629-6828-481a-bb74-854e3a04656c priority to HIGH
09-02 08:19:28.355 17844 18200 I BatteryMgr:DataCollectionService: stats => 1693635568355,-29,4186
09-02 08:19:28.372 17991 18011 I GeckoLoader: Library base=/data/app/org.mozilla.firefox-qXEeZwQeSKU-v4RxzjCTZA==/lib/arm64
09-02 08:19:28.372 17991 18011 I GeckoLoader: Library base=/data/app/org.mozilla.firefox-qXEeZwQeSKU-v4RxzjCTZA==/lib/arm64
09-02 08:19:28.373 17991 18011 E GeckoLibLoad: Load sqlite start
09-02 08:19:28.374  3979  4200 D ConnectivityService: filterNetworkStateForUid() uid: 10025 networkInfo: [type: WIFI[] - WIFI, state: CONNECTED/CONNECTED, reason: (unspecified), extra: "WiFi 69", failover: false, available: true, roaming: false, metered: false]
09-02 08:19:28.376 17991 18011 E GeckoLibLoad: Load sqlite done
09-02 08:19:28.376 17991 18011 I GeckoLoader: Library base=/data/app/org.mozilla.firefox-qXEeZwQeSKU-v4RxzjCTZA==/lib/arm64
09-02 08:19:28.376 17991 18011 E GeckoLibLoad: Load nss start
09-02 08:19:28.376 17991 18011 E GeckoLibLoad: Load nss done
09-02 08:19:28.377 17991 18011 I GeckoLoader: Library base=/data/app/org.mozilla.firefox-qXEeZwQeSKU-v4RxzjCTZA==/lib/arm64
09-02 08:19:28.385  3979  4200 D ConnectivityService: filterNetworkStateForUid() uid: 10025 networkInfo: [type: WIFI[] - WIFI, state: CONNECTED/CONNECTED, reason: (unspecified), extra: "WiFi 69", failover: false, available: true, roaming: false, metered: false]
09-02 08:19:28.400 18055 18129 D libGLESv2: STS_GLApi : DTS, ODTC are not allowed for Package : org.mozilla.firefox:gpu
09-02 08:19:28.402 17991 18011 E GeckoLibLoad: Loaded libs in 25.166307ms total, 16ms(8ms) user, 12ms(16ms) system, 0(0) faults
09-02 08:19:28.402 17991 18011 W GeckoThread: zerdatime 80749834 - runGecko
09-02 08:19:28.407  3979  5925 V WindowManager: rotationForOrientationLw(orient=2, last=0); user=0  sensorRotation=-1 mLidState=-1 mDockMode=0 mHdmiPlugged=false
09-02 08:19:28.447 17889 17927 I GeckoSession: zerdatime 80749879 - chrome startup finished
09-02 08:19:28.448  3979  5925 V WindowManager: Relayout Window{6560e27 u0 org.mozilla.firefox/org.mozilla.fenix.HomeActivity}: viewVisibility=0 req=720x1280 WM.LayoutParams{(0,0)(fillxfill) sim=#110 ty=1 fl=#81010100 pfl=0x20000 fmt=-3 wanim=0x7f1404fa vsysui=0x2610 needsMenuKey=2 colorMode=0 naviIconColor=0}
09-02 08:19:28.454 17889 17889 D ViewRootImpl@675f333[HomeActivity]: Relayout returned: old=[0,0][720,1280] new=[0,0][720,1280] result=0x1 surface={valid=true 533282082816} changed=false
09-02 08:19:28.461 17844 18200 I BatteryMgr:DataCollectionService: stats => 1693635568460,-29,4186
09-02 08:19:28.482 17889 17889 I WebExtension: releasePendingMessages: extension=fxa@mozac.org nativeApp=mozacWebchannel session=org.mozilla.geckoview.GeckoSession@fb42c41
09-02 08:19:28.482 17889 17889 I WebExtension: releasePendingMessages: extension=fxa@mozac.org nativeApp=mozacWebchannelBackground session=null
09-02 08:19:28.485 18055 18068 V Surface : sf_framedrop debug : 0x4f4c, game : false, logging : 0
09-02 08:19:28.489 18055 18129 D mali_winsys: EGLint new_window_surface(egl_winsys_display *, void *, EGLSurface, EGLConfig, egl_winsys_surface **, egl_color_buffer_format *, EGLBoolean) returns 0x3000,  [720x1238]-format:2
09-02 08:19:28.492 17889 17889 I WebExtension: releasePendingMessages: extension=readerview@mozac.org nativeApp=mozacReaderview session=org.mozilla.geckoview.GeckoSession@fb42c41
09-02 08:19:28.492 17889 17889 I WebExtension: releasePendingMessages: extension=readerview@mozac.org nativeApp=mozacReaderviewActive session=org.mozilla.geckoview.GeckoSession@fb42c41
09-02 08:19:28.492 17889 17889 I WebExtension: releasePendingMessages: extension=readerview@mozac.org nativeApp=mozacReaderview session=org.mozilla.geckoview.GeckoSession@fb42c41
09-02 08:19:28.568 17844 18200 I BatteryMgr:DataCollectionService: stats => 1693635568568,-29,4186
09-02 08:19:28.574 17889 17889 I GeckoSession: handleMessage GeckoView:PageStart uri=
09-02 08:19:28.577 17889 17889 I GeckoSession: handleMessage GeckoView:PageStop uri=null
09-02 08:19:28.618  3979  5925 D ConnectivityService: filterNetworkStateForUid() uid: 10025 networkInfo: [type: WIFI[] - WIFI, state: CONNECTED/CONNECTED, reason: (unspecified), extra: "WiFi 69", failover: false, available: true, roaming: false, metered: false]
09-02 08:19:28.656 17889 17927 D GeckoIdleService: Registering Idle observer callback
09-02 08:19:28.656 17889 17927 D GeckoIdleService: Register idle observer 0x7c104a2e80 for 180 seconds
09-02 08:19:28.656 17889 17927 D GeckoIdleService: Register: adjusting next switch from -1 to 180 seconds
09-02 08:19:28.656 17889 17927 D GeckoIdleService: next timeout 180000 msec from now
09-02 08:19:28.656 17889 17927 D GeckoIdleService: SetTimerExpiryIfBefore: next timeout 180000 msec from now
09-02 08:19:28.656 17889 17927 D GeckoIdleService: reset timer expiry to 180010 msec from now
09-02 08:19:28.660 17889 17927 D GeckoIdleService: Register idle observer 0x7c0e5609c8 for 5 seconds
09-02 08:19:28.660 17889 17927 D GeckoIdleService: Register: adjusting next switch from 180 to 5 seconds
09-02 08:19:28.660 17889 17927 D GeckoIdleService: next timeout 4996 msec from now
09-02 08:19:28.660 17889 17927 D GeckoIdleService: SetTimerExpiryIfBefore: next timeout 4996 msec from now
09-02 08:19:28.660 17889 17927 D GeckoIdleService: reset timer expiry to 5006 msec from now
09-02 08:19:28.671  3979  5925 D ConnectivityService: filterNetworkStateForUid() uid: 10025 networkInfo: [type: WIFI[] - WIFI, state: CONNECTED/CONNECTED, reason: (unspecified), extra: "WiFi 69", failover: false, available: true, roaming: false, metered: false]
09-02 08:19:28.673 17844 18200 I BatteryMgr:DataCollectionService: stats => 1693635568673,-29,4186
09-02 08:19:28.682  3462  3462 I SurfaceFlinger: Display 0 HWC layers:
09-02 08:19:28.682  3462  3462 I SurfaceFlinger:     type    |    handle    | flag |  format   |   source crop (l,t,r,b)    |         frame       | name 
09-02 08:19:28.682  3462  3462 I SurfaceFlinger: ------------+--------------+------+-----------+----------------------------+---------------------+------
09-02 08:19:28.682  3462  3462 I SurfaceFlinger:      Device | 0x7ac4c24f00 | 0000 | RGBx_8888 |   0.0    0.0  720.0 1140.0 |    0  140  720 1280 | SurfaceView - org.mozilla.firefox/org.mozilla.fenix.HomeActivity@5a75695@0#0
09-02 08:19:28.682  3462  3462 I SurfaceFlinger:      Device | 0x7ac4c25380 | 0000 | RGBA_8888 |   0.0    0.0  720.0 1280.0 |    0    0  720 1280 | org.mozilla.firefox/org.mozilla.fenix.HomeActivity#0
09-02 08:19:28.682  3462  3462 I SurfaceFlinger:      Device | 0x7abe64b980 | 0000 | RGBA_8888 |   0.0    0.0  720.0   42.0 |    0    0  720   42 | StatusBar#0
09-02 08:19:28.682  3462  3462 I SurfaceFlinger: 
09-02 08:19:28.697 17889 17927 D GeckoIdleService: Get idle time: time since reset 40 msec
09-02 08:19:28.717 17889 17889 I GeckoSession: handleMessage GeckoView:PageStart uri=
09-02 08:19:28.723  3614  3927 D DnsProxyListener: DNSDBG::dns addrinfo af 2
09-02 08:19:28.779 17844 18200 I BatteryMgr:DataCollectionService: stats => 1693635568779,-29,4186
09-02 08:19:28.834 17889 17889 I zygote64: Deoptimizing int mozilla.components.browser.state.state.TabSessionState.hashCode() due to JIT inline cache
09-02 08:19:28.885 17844 18200 I BatteryMgr:DataCollectionService: stats => 1693635568884,-29,4186
09-02 08:19:28.908  3614  3927 D DnsProxyListener: DNSDBG::dns addrinfo af 2
09-02 08:19:28.989 17844 18200 I BatteryMgr:DataCollectionService: stats => 1693635568989,-29,4186
09-02 08:19:28.995  3979  4200 D ConnectivityService: filterNetworkStateForUid() uid: 10154 networkInfo: [type: WIFI[] - WIFI, state: CONNECTED/CONNECTED, reason: (unspecified), extra: "WiFi 69", failover: false, available: true, roaming: false, metered: false]
09-02 08:19:29.022  3614  3927 D DnsProxyListener: DNSDBG::dns addrinfo af 2
09-02 08:19:29.094 17844 18200 I BatteryMgr:DataCollectionService: stats => 1693635569094,-29,4186
09-02 08:19:29.163  3979  4200 D ConnectivityService: filterNetworkStateForUid() uid: 10154 networkInfo: [type: WIFI[] - WIFI, state: CONNECTED/CONNECTED, reason: (unspecified), extra: "WiFi 69", failover: false, available: true, roaming: false, metered: false]
09-02 08:19:29.215 17844 18200 I BatteryMgr:DataCollectionService: stats => 1693635569215,-29,4186
09-02 08:19:29.320 17844 18200 I BatteryMgr:DataCollectionService: stats => 1693635569320,-29,4186
09-02 08:19:29.357 17844 17849 I zygote64: Do partial code cache collection, code=58KB, data=45KB
09-02 08:19:29.357 17844 17849 I zygote64: After code cache collection, code=58KB, data=45KB
09-02 08:19:29.358 17844 17849 I zygote64: Increasing code cache capacity to 256KB
09-02 08:19:29.425 17844 18200 I BatteryMgr:DataCollectionService: stats => 1693635569425,-29,4186
09-02 08:19:29.530 17844 18200 I BatteryMgr:DataCollectionService: stats => 1693635569530,-29,4186
09-02 08:19:29.566  3979  5035 D ActivityManagerPerformance: Received MSG_DISABLE_ACT_START, r: ActivityRecord{34d5dd0 u0 org.mozilla.firefox/org.mozilla.gecko.BrowserApp t-1 f}
09-02 08:19:29.567  3979  5035 D CustomFrequencyManagerService: acquireDVFSLockLocked : type : DVFS_MIN_LIMIT  frequency : 1560000  uid : 1000  pid : 3979  pkgName : AMS_RESUME_TAIL@CPU_MIN@14
09-02 08:19:29.567  3979  5035 D ActivityManagerPerformance: AMP_acquire() TAIL
09-02 08:19:29.567  3979  5035 D CustomFrequencyManagerService: releaseDVFSLockLocked : Getting Lock type frm List : DVFS_MIN_LIMIT  frequency : 1560000  uid : 1000  pid : 3979  tag : AMS_ACT_START@CPU_MIN@8
09-02 08:19:29.568  3979  5035 D ActivityManagerPerformance: AMP_release() ACT_START
09-02 08:19:29.588  3979  3979 D PreBindingService: handleMessage : 1
09-02 08:19:29.615  3979  3979 D PreBindingService: handleMessage : 1
09-02 08:19:29.639 17844 18200 I BatteryMgr:DataCollectionService: stats => 1693635569639,-29,4186
09-02 08:19:29.659  3614  3927 D DnsProxyListener: DNSDBG::dns addrinfo af 2
09-02 08:19:29.717  3449  3449 I android.hardware.wifi@1.0-service: getLinkLayerStats
09-02 08:19:29.745 17844 18200 I BatteryMgr:DataCollectionService: stats => 1693635569745,-29,4186
09-02 08:19:29.778 17889 17889 W GeckoSession: No history entries found.
09-02 08:19:29.852 17844 18200 I BatteryMgr:DataCollectionService: stats => 1693635569852,-29,4186
09-02 08:19:29.895  3614  3927 D DnsProxyListener: DNSDBG::dns addrinfo af 2
09-02 08:19:29.897  3614  3927 D DnsProxyListener: DNSDBG::dns addrinfo af 2
09-02 08:19:29.957 17844 18200 I BatteryMgr:DataCollectionService: stats => 1693635569957,-29,4186
09-02 08:19:30.043  3614  3927 D DnsProxyListener: DNSDBG::dns addrinfo af 2
09-02 08:19:30.044  3614  3927 D DnsProxyListener: DNSDBG::dns addrinfo af 2
09-02 08:19:30.062 17844 18200 I BatteryMgr:DataCollectionService: stats => 1693635570062,-29,4186
09-02 08:19:30.118  3614  3927 D DnsProxyListener: DNSDBG::dns addrinfo af 2
09-02 08:19:30.119  3614  3927 D DnsProxyListener: DNSDBG::dns addrinfo af 2
09-02 08:19:30.167  3979  3979 D CustomFrequencyManagerService: releaseDVFSLockLocked : Getting Lock type frm List : DVFS_MIN_LIMIT  frequency : 1560000  uid : 1000  pid : 3979  tag : AMS_RESUME_TAIL@CPU_MIN@14
09-02 08:19:30.171 17844 18200 I BatteryMgr:DataCollectionService: stats => 1693635570171,-29,4186
09-02 08:19:30.212  3614  3927 D DnsProxyListener: DNSDBG::dns addrinfo af 2
09-02 08:19:30.251  3614  3927 D DnsProxyListener: DNSDBG::dns addrinfo af 2
09-02 08:19:30.277 17844 18200 I BatteryMgr:DataCollectionService: stats => 1693635570277,-29,4186
09-02 08:19:30.342  3614  3927 D DnsProxyListener: DNSDBG::dns addrinfo af 2
09-02 08:19:30.345  3614  3927 D DnsProxyListener: DNSDBG::dns addrinfo af 2
09-02 08:19:30.383 17844 18200 I BatteryMgr:DataCollectionService: stats => 1693635570382,-29,4186
09-02 08:19:30.485  3614  3927 D DnsProxyListener: DNSDBG::dns addrinfo af 2
09-02 08:19:30.488 17844 18200 I BatteryMgr:DataCollectionService: stats => 1693635570488,-29,4186
09-02 08:19:30.503  3614  3927 D DnsProxyListener: DNSDBG::dns addrinfo af 2
09-02 08:19:30.550  3614  3927 I chatty  : uid=0(root) /system/bin/netd identical 1 line
09-02 08:19:30.552  3614  3927 D DnsProxyListener: DNSDBG::dns addrinfo af 2
09-02 08:19:30.593 17844 18200 I BatteryMgr:DataCollectionService: stats => 1693635570593,-29,4186
09-02 08:19:30.674  3614  3927 D DnsProxyListener: DNSDBG::dns addrinfo af 2
09-02 08:19:30.698 17844 18200 I BatteryMgr:DataCollectionService: stats => 1693635570698,-29,4186
09-02 08:19:30.804 17844 18200 I BatteryMgr:DataCollectionService: stats => 1693635570804,-29,4186
09-02 08:19:30.806 17889 18330 I zygote64: Deoptimizing kotlinx.coroutines.DisposableHandle kotlinx.coroutines.JobSupport.invokeOnCompletion(boolean, boolean, kotlin.jvm.functions.Function1) due to JIT inline cache
09-02 08:19:30.826 17889 18331 I zygote64: Deoptimizing int mozilla.components.browser.state.state.SessionState$-CC.m(java.util.List, int, int) due to JIT inline cache
09-02 08:19:30.836  3614  3927 D DnsProxyListener: DNSDBG::dns addrinfo af 2
09-02 08:19:30.897  3979  4200 D StorageManagerService: getExternalStorageMountMode : 1
09-02 08:19:30.897  3979  4200 D StorageManagerService: getExternalStorageMountMode : 3
09-02 08:19:30.898  3979  4200 D StorageManagerService: getExternalStorageMountMode : final mountMode=1, uid : 10154, packageName : org.mozilla.firefox
09-02 08:19:30.898  3979  4200 I ApplicationPolicy: isApplicationExternalStorageWhitelisted:org.mozilla.firefox user:0
09-02 08:19:30.898  3979  4200 D ApplicationPolicy: isApplicationExternalStorageWhitelisted: DO is not enabled on user 0. Allowed.
09-02 08:19:30.899  3979  4200 D ActivityManager: package  org.mozilla.firefox, user - 0 is SDcard whitelisted
09-02 08:19:30.899  3979  4200 I ApplicationPolicy: isApplicationExternalStorageBlacklisted:org.mozilla.firefox user:0
09-02 08:19:30.899  3979  4200 D ApplicationPolicy: isApplicationExternalStorageBlacklisted: DO is not enabled on user 0. Allowed.
09-02 08:19:30.929 18333 18333 E Zygote  : isWhitelistProcess - Process is Whitelisted
09-02 08:19:30.930 18333 18333 E libpersona: scanKnoxPersonas
09-02 08:19:30.930 18333 18333 E libpersona: Couldn't open the File - /data/system/users/0/personalist.xml - No such file or directory
09-02 08:19:30.932 18333 18333 W SELinux : SELinux selinux_android_compute_policy_index : Policy Index[2],  Con:u:r:zygote:s0 RAM:SEPF_SM-J720F_8.0.0_0017, [-1 -1 -1 -1 0 1]
09-02 08:19:30.934 18333 18333 I SELinux : SELinux: seapp_context_lookup: seinfo=untrusted, level=s0:c512,c768, pkgname=org.mozilla.firefox:utility 
09-02 08:19:30.937  3979  4200 I ActivityManager: Start proc 18333:org.mozilla.firefox:utility/u0a154 for service org.mozilla.firefox/org.mozilla.gecko.process.GeckoChildProcessServices$utility
09-02 08:19:30.942 17844 18200 I BatteryMgr:DataCollectionService: stats => 1693635570941,-29,4186
09-02 08:19:30.978 18333 18333 D TimaKeyStoreProvider: TimaKeyStore is not enabled: cannot add TimaSignature Service and generateKeyPair Service
09-02 08:19:30.978 18333 18333 D ActivityThread: Added TimaKeyStore provider
09-02 08:19:30.981  3979  9339 I ActivityManager: DSS on for org.mozilla.firefox and scale is 1.0
09-02 08:19:31.006 18333 18333 I zygote64: no shared libraies, dex_files: 1
09-02 08:19:31.016 17889 17889 V InputMethodManager: Starting input: tba=android.view.inputmethod.EditorInfo@aeaf11e nm : org.mozilla.firefox ic=org.mozilla.geckoview.GeckoInputConnection@6b3fdff
09-02 08:19:31.018 17889 17889 I InputMethodManager: startInputInner - mService.startInputOrWindowGainedFocus
09-02 08:19:31.019  3979  4200 D InputMethodManagerService: startInputOrWindowGainedFocus : startInput 
09-02 08:19:31.020  3979  4200 D InputMethodManagerService: setCurrentInputInfo - inputContext : com.android.internal.view.IInputContext$Stub$Proxy@891afc4 eidtorInfo : android.view.inputmethod.EditorInfo@f2dbead missingMethods : 0
09-02 08:19:31.020  4336  4336 I InputMethodWrapper:  call dispatchStartInputWithToken
09-02 08:19:31.020  4336  4336 I InputMethodService: dispatchStartInputWithToken
09-02 08:19:31.020  4336  4336 I SKBD    : SamsungKeypad [IMI] onStartInput - caller pid : 17889, caller uid : 10154
09-02 08:19:31.020  4336  4336 I SKBD    : SamsungKeypad  CACHEDIC onStartInput  isCachedICEnabled:  false
09-02 08:19:31.021  4336  4336 I SKBD    : atl getDefaultInputRange : UNKNOWN
09-02 08:19:31.021  4336  4336 I SKBD    : awo resetBinderManager()
09-02 08:19:31.021  4336  4336 I SKBD_SYNC: SamsungKeypad onStartInput: import DLM
09-02 08:19:31.021  4336  4336 I SKBD    : atl setPrivateImeOptionsToTable privateImeOptions ( null )
09-02 08:19:31.021  4336  4336 I SKBD    : atl imeOptions is null
09-02 08:19:31.021  4336  4336 I SKBD    : SamsungKeypad [PF_OP][onStartInput] 719577
09-02 08:19:31.048  3614  3927 D DnsProxyListener: DNSDBG::dns addrinfo af 2
09-02 08:19:31.051 17844 18200 I BatteryMgr:DataCollectionService: stats => 1693635571051,-29,4186
09-02 08:19:31.053 17889 17889 I zygote64: Deoptimizing int mozilla.components.browser.state.state.ContentState.hashCode() due to JIT inline cache
09-02 08:19:31.057  3614  3927 D DnsProxyListener: DNSDBG::dns addrinfo af 2
09-02 08:19:31.070 18333 18333 I ServiceChildProcess: onCreate
09-02 08:19:31.072 18333 18356 I GeckoThread: preparing to run Gecko
09-02 08:19:31.093 18333 18356 I GeckoLoader: Library base=/data/app/org.mozilla.firefox-qXEeZwQeSKU-v4RxzjCTZA==/lib/arm64
09-02 08:19:31.096 18333 18356 I GeckoLoader: Library base=/data/app/org.mozilla.firefox-qXEeZwQeSKU-v4RxzjCTZA==/lib/arm64
09-02 08:19:31.098 18333 18356 E GeckoLibLoad: Load sqlite start
09-02 08:19:31.100 18333 18356 E GeckoLibLoad: Load sqlite done
09-02 08:19:31.101 18333 18356 I GeckoLoader: Library base=/data/app/org.mozilla.firefox-qXEeZwQeSKU-v4RxzjCTZA==/lib/arm64
09-02 08:19:31.101 18333 18356 E GeckoLibLoad: Load nss start
09-02 08:19:31.101 18333 18356 E GeckoLibLoad: Load nss done
09-02 08:19:31.101 18333 18356 I GeckoLoader: Library base=/data/app/org.mozilla.firefox-qXEeZwQeSKU-v4RxzjCTZA==/lib/arm64
09-02 08:19:31.145 18333 18356 E GeckoLibLoad: Loaded libs in 43.499423ms total, 24ms(20ms) user, 12ms(16ms) system, 0(0) faults
09-02 08:19:31.145 18333 18356 W GeckoThread: zerdatime 80752577 - runGecko
09-02 08:19:31.160 17844 18200 I BatteryMgr:DataCollectionService: stats => 1693635571160,-29,4186
09-02 08:19:31.181  3614  3927 D DnsProxyListener: DNSDBG::dns addrinfo af 2
09-02 08:19:31.266 17844 18200 I BatteryMgr:DataCollectionService: stats => 1693635571266,-29,4186
09-02 08:19:31.284  3614  3927 D DnsProxyListener: DNSDBG::dns addrinfo af 2
09-02 08:19:31.287  3614  3927 D DnsProxyListener: DNSDBG::dns addrinfo af 2
09-02 08:19:31.370 17844 18200 I BatteryMgr:DataCollectionService: stats => 1693635571370,-29,4186
09-02 08:19:31.474 17844 18200 I BatteryMgr:DataCollectionService: stats => 1693635571474,-29,4186
09-02 08:19:31.583 17844 18200 I BatteryMgr:DataCollectionService: stats => 1693635571583,-29,4186
09-02 08:19:31.611  3614  3927 D DnsProxyListener: DNSDBG::dns addrinfo af 2
09-02 08:19:31.617  3614  3927 I chatty  : uid=0(root) /system/bin/netd identical 1 line
09-02 08:19:31.691  3614  3927 D DnsProxyListener: DNSDBG::dns addrinfo af 2
09-02 08:19:31.693 17844 18200 I BatteryMgr:DataCollectionService: stats => 1693635571693,-29,4186
09-02 08:19:31.694  3614  3927 D DnsProxyListener: DNSDBG::dns addrinfo af 2
09-02 08:19:31.772  3614  3927 I chatty  : uid=0(root) /system/bin/netd identical 1 line
09-02 08:19:31.777  3614  3927 D DnsProxyListener: DNSDBG::dns addrinfo af 2
09-02 08:19:31.802 17844 18200 I BatteryMgr:DataCollectionService: stats => 1693635571802,-29,4186
09-02 08:19:31.852  3614  3927 D DnsProxyListener: DNSDBG::dns addrinfo af 2
09-02 08:19:31.854  3614  3927 D DnsProxyListener: DNSDBG::dns addrinfo af 2
09-02 08:19:31.908 17844 18200 I BatteryMgr:DataCollectionService: stats => 1693635571908,-29,4186
09-02 08:19:31.958  4962  4962 D io_stats: !@ 179,0 r 456464 14367344 w 230549 5090496 d 22799 18304828 f 79271 80628 iot 322304 270260 th 51200 0 0 pt 0 inp 0 1 26105.202
09-02 08:19:31.983  4349  4349 D KeyguardUpdateMonitor: handleStatusBarState( false )
09-02 08:19:32.015 17844 18200 I BatteryMgr:DataCollectionService: stats => 1693635572015,-29,4186
09-02 08:19:32.119 17844 18200 I BatteryMgr:DataCollectionService: stats => 1693635572119,-29,4186
09-02 08:19:32.224 17844 18200 I BatteryMgr:DataCollectionService: stats => 1693635572223,-29,4186
09-02 08:19:32.315  3979  4051 D SensorService: [SO] 0.148 -0.378 9.898
09-02 08:19:32.332 17844 18200 I BatteryMgr:DataCollectionService: stats => 1693635572331,-29,4186
09-02 08:19:32.408  3614  3927 D DnsProxyListener: DNSDBG::dns addrinfo af 2
09-02 08:19:32.436 17844 18200 I BatteryMgr:DataCollectionService: stats => 1693635572436,-29,4186
09-02 08:19:32.467  3614  3927 D DnsProxyListener: DNSDBG::dns addrinfo af 2
09-02 08:19:32.485  3614  3927 I chatty  : uid=0(root) /system/bin/netd identical 3 lines
09-02 08:19:32.487  3614  3927 D DnsProxyListener: DNSDBG::dns addrinfo af 2
09-02 08:19:32.493 17889 17889 I GeckoSession: handleMessage GeckoView:PageStop uri=null
09-02 08:19:32.499  3614  3927 D DnsProxyListener: DNSDBG::dns addrinfo af 2
09-02 08:19:32.499  3614  3927 I chatty  : uid=0(root) /system/bin/netd identical 1 line
09-02 08:19:32.503  3614  3927 D DnsProxyListener: DNSDBG::dns addrinfo af 2
09-02 08:19:32.508 17889 18331 I zygote64: Deoptimizing void kotlinx.coroutines.CancellableContinuationImpl.dispatchResume(int) due to JIT inline cache
09-02 08:19:32.508 17889 17942 I SessionStorage/AutoSave: Save: Load finished
09-02 08:19:32.510  3979  4200 D InputDispatcher: Focus left window: 17889
09-02 08:19:32.510  3979  4200 D InputDispatcher: Focus entered window: 17889
09-02 08:19:32.515  3614  3927 D DnsProxyListener: DNSDBG::dns addrinfo af 2
09-02 08:19:32.516 17889 17889 D ViewRootImpl@75506cd[HomeActivity]: setView = mozilla.components.compose.cfr.CFRPopupFullscreenLayout{38d3293 V.E...... ......I. 0,0-0,0} TM=true MM=false
09-02 08:19:32.517  3614  3927 D DnsProxyListener: DNSDBG::dns addrinfo af 2
09-02 08:19:32.519 17889 17889 D ViewRootImpl@75506cd[HomeActivity]: dispatchAttachedToWindow
09-02 08:19:32.528 17889 17889 I zygote64: Deoptimizing void kotlinx.coroutines.internal.DispatchedContinuationKt.resumeCancellableWith(kotlin.coroutines.Continuation, java.lang.Object, kotlin.jvm.functions.Function1) due to JIT inline cache
09-02 08:19:32.529 17889 17889 I zygote64: Deoptimizing java.lang.Object kotlinx.coroutines.BuildersKt.withContext(kotlin.coroutines.Continuation, kotlin.coroutines.CoroutineContext, kotlin.jvm.functions.Function2) due to JIT inline cache
09-02 08:19:32.530 17889 17889 I zygote64: Deoptimizing kotlinx.coroutines.StandaloneCoroutine kotlinx.coroutines.BuildersKt.launch(kotlinx.coroutines.CoroutineScope, kotlin.coroutines.CoroutineContext, int, kotlin.jvm.functions.Function2) due to JIT inline cache
09-02 08:19:32.532  3614  3927 D DnsProxyListener: DNSDBG::dns addrinfo af 2
09-02 08:19:32.541 17844 18200 I BatteryMgr:DataCollectionService: stats => 1693635572540,-29,4186
09-02 08:19:32.610  3979  4200 D InputDispatcher: Focus left window: 17889
09-02 08:19:32.611  3979  4200 D InputDispatcher: Focus entered window: 17889
09-02 08:19:32.614 17889 17889 D ViewRootImpl@4d1f978[Pop-up window]: setView = androidx.compose.ui.window.PopupLayout{239f851 V.E...... ......I. 0,0-0,0 #1020002 android:id/content} TM=true MM=false
09-02 08:19:32.619  3979  4200 V WindowManager: Relayout Window{5cd5d73 u0 Panel:org.mozilla.firefox/org.mozilla.fenix.HomeActivity}: viewVisibility=0 req=719x1237 WM.LayoutParams{(0,0)(fillxfill) sim=#20 ty=1000 fl=#1000100 fmt=-3 colorMode=0 naviIconColor=0}
09-02 08:19:32.624 14031 14031 E adbd    : recv: OPEN 00017b9b 00000000 0042:73 68 65 6C 6C 2C 76 32 2C 54 45 52 4D 3D 78 74 65 72 6D 2D 32 35 36 63 6F 6C 6F 72 2C 72 61 77 3A 67 65 74 70 72 6F 70 20 72 6F 2E 62 75 69 6C 64 2E 76 65 72 73 69 6F 6E 2E 72 65 6C 65 61 73 65 00 
09-02 08:19:32.625 14031 14031 E adbd    : service_to_fd: shell,v2,TERM=xterm-256color,raw:getprop ro.build.version.release
09-02 08:19:32.628  3462  3462 I SurfaceFlinger: id=230 createSurf (720x1280),1 flag=4, Panel:org.mozilla.firefox/org.mozilla.fenix.HomeActivity#0
09-02 08:19:32.630  3979  4200 V Surface : sf_framedrop debug : 0x4f4c, game : false, logging : 0
09-02 08:19:32.637 17889 17889 V Surface : sf_framedrop debug : 0x4f4c, game : false, logging : 0
09-02 08:19:32.637 17889 17889 D ViewRootImpl@75506cd[HomeActivity]: Relayout returned: old=[0,0][0,0] new=[0,0][720,1280] result=0x7 surface={valid=true 532837883904} changed=true
09-02 08:19:32.650 17844 18200 I BatteryMgr:DataCollectionService: stats => 1693635572650,-29,4186
09-02 08:19:32.655 17889 18032 D mali_winsys: EGLint new_window_surface(egl_winsys_display *, void *, EGLSurface, EGLConfig, egl_winsys_surface **, egl_color_buffer_format *, EGLBoolean) returns 0x3000,  [720x1280]-format:1
09-02 08:19:32.655 17889 18032 D OpenGLRenderer: eglCreateWindowSurface = 0x7c101ffec0
09-02 08:19:32.677 17889 17889 D ViewRootImpl@75506cd[HomeActivity]: MSG_WINDOW_FOCUS_CHANGED 1
09-02 08:19:32.679 17889 17889 V InputMethodManager: Starting input: tba=android.view.inputmethod.EditorInfo@9167f90 nm : org.mozilla.firefox ic=null
09-02 08:19:32.679 17889 17889 I InputMethodManager: startInputInner - mService.startInputOrWindowGainedFocus
09-02 08:19:32.680  3979  4200 D InputMethodManagerService: startInputOrWindowGainedFocus : windowGainedFocus 
09-02 08:19:32.680  3979  4200 D InputMethodManagerService: windowGainedFocus: destinationUserId (getCallingUid) = 0
09-02 08:19:32.680  3979  4200 D InputMethodManagerService: windowGainedFocus: currentUserId=0
09-02 08:19:32.680  3979  4200 D InputMethodManagerService: windowGainedFocus: mCurrentFocusedUserId=0
09-02 08:19:32.680  3979  4200 D InputMethodManagerService: windowGainedFocus : lock - currentUserId = 0 destinationUserId = 0
09-02 08:19:32.680  3979  4200 D InputMethodManagerService: windowGainedFocus : mCurrentFocusedUserId - 0 and mSecureKeypadEnabled - false, userSwitched - false
09-02 08:19:32.681  3979  4200 V InputMethodManagerService: windowGainedFocus : reason=WINDOW_FOCUS_GAIN client=android.os.BinderProxy@dd44b41 inputContext=null missingMethods= attribute=android.view.inputmethod.EditorInfo@2feae2e nm = org.mozilla.firefox controlFlags=#105 softInputMode=#20 windowFlags=#1000100
09-02 08:19:32.681  3979  4200 V InputMethodManagerService: hideCurrentInputLocked : shouldHideSoftInput is false
09-02 08:19:32.681  3979  4200 D InputMethodManagerService: setCurrentInputInfo - inputContext : null eidtorInfo : android.view.inputmethod.EditorInfo@2feae2e missingMethods : 0
09-02 08:19:32.681  4336  4336 I InputMethodWrapper:  call dispatchStartInputWithToken
09-02 08:19:32.681  4336  4336 I InputMethodService: dispatchStartInputWithToken
09-02 08:19:32.682  4336  4336 I SKBD    : SamsungKeypad [IMI] onStartInput - caller pid : 17889, caller uid : 10154
09-02 08:19:32.712 14031 14031 E adbd    : recv: OPEN 00017b9e 00000000 003e:73 68 65 6C 6C 2C 76 32 2C 54 45 52 4D 3D 78 74 65 72 6D 2D 32 35 36 63 6F 6C 6F 72 2C 72 61 77 3A 67 65 74 70 72 6F 70 20 72 6F 2E 62 75 69 6C 64 2E 76 65 72 73 69 6F 6E 2E 73 64 6B 00 
09-02 08:19:32.712 14031 14031 E adbd    : service_to_fd: shell,v2,TERM=xterm-256color,raw:getprop ro.build.version.sdk
09-02 08:19:32.722  3449  3449 I android.hardware.wifi@1.0-service: getLinkLayerStats
09-02 08:19:32.756 17844 18200 I BatteryMgr:DataCollectionService: stats => 1693635572756,-29,4186
09-02 08:19:32.766 17889 17894 I zygote64: Do full code cache collection, code=1016KB, data=573KB
09-02 08:19:32.768 17889 17894 I zygote64: After code cache collection, code=880KB, data=442KB
09-02 08:19:32.793 14031 14031 E adbd    : recv: OPEN 00017ba1 00000000 0042:73 68 65 6C 6C 2C 76 32 2C 54 45 52 4D 3D 78 74 65 72 6D 2D 32 35 36 63 6F 6C 6F 72 2C 72 61 77 3A 67 65 74 70 72 6F 70 20 72 6F 2E 62 75 69 6C 64 2E 76 65 72 73 69 6F 6E 2E 72 65 6C 65 61 73 65 00 
09-02 08:19:32.793 14031 14031 E adbd    : service_to_fd: shell,v2,TERM=xterm-256color,raw:getprop ro.build.version.release
09-02 08:19:32.811 17889 17889 D ViewRootImpl@4d1f978[Pop-up window]: dispatchAttachedToWindow
09-02 08:19:32.828  3979  9339 V WindowManager: Relayout Window{81498a9 u0 Pop-up window}: viewVisibility=0 req=604x181 WM.LayoutParams{(68,116)(wrapxwrap) gr=#800033 sim=#20 ty=1002 fl=#1040000 fmt=-3 surfaceInsets=Rect(28, 28 - 28, 28) colorMode=0 naviIconColor=0}
09-02 08:19:32.829  3462  3462 I SurfaceFlinger: id=231 createSurf (57x57),1 flag=4, Pop-up window#0
09-02 08:19:32.832  3979  9339 V Surface : sf_framedrop debug : 0x4f4c, game : false, logging : 0
09-02 08:19:32.834  3979  3996 D WindowManager: set systemUiVisibility : systemUiFlags= 0x18 fullscreenStackSysUiFlags= 0x2000
09-02 08:19:32.853 17889 17889 V Surface : sf_framedrop debug : 0x4f4c, game : false, logging : 0
09-02 08:19:32.853  3979  4200 D WindowManager: adjustSystemUiVisibilityLw : vis= 0x18
09-02 08:19:32.854 17889 17889 D ViewRootImpl@4d1f978[Pop-up window]: Relayout returned: old=[0,0][0,0] new=[68,116][672,297] result=0x27 surface={valid=true 532838084608} changed=true
09-02 08:19:32.859 17889 18032 D mali_winsys: EGLint new_window_surface(egl_winsys_display *, void *, EGLSurface, EGLConfig, egl_winsys_surface **, egl_color_buffer_format *, EGLBoolean) returns 0x3000,  [660x237]-format:1
09-02 08:19:32.859 17889 18032 D OpenGLRenderer: eglCreateWindowSurface = 0x7c0f087100
09-02 08:19:32.860 17844 18200 I BatteryMgr:DataCollectionService: stats => 1693635572860,-29,4186
09-02 08:19:32.864  3614  3927 D DnsProxyListener: DNSDBG::dns addrinfo af 2
09-02 08:19:32.865 14031 14031 E adbd    : recv: OPEN 00017ba4 00000000 003e:73 68 65 6C 6C 2C 76 32 2C 54 45 52 4D 3D 78 74 65 72 6D 2D 32 35 36 63 6F 6C 6F 72 2C 72 61 77 3A 67 65 74 70 72 6F 70 20 72 6F 2E 62 75 69 6C 64 2E 76 65 72 73 69 6F 6E 2E 73 64 6B 00 
09-02 08:19:32.865 14031 14031 E adbd    : service_to_fd: shell,v2,TERM=xterm-256color,raw:getprop ro.build.version.sdk
09-02 08:19:32.872  3614  3927 D DnsProxyListener: DNSDBG::dns addrinfo af 2
09-02 08:19:32.878  3979  9339 V WindowManager: finishDrawingLocked: mDrawState=COMMIT_DRAW_PENDING Window{5cd5d73 u0 Panel:org.mozilla.firefox/org.mozilla.fenix.HomeActivity} in Surface(name=Panel:org.mozilla.firefox/org.mozilla.fenix.HomeActivity)
09-02 08:19:32.879  3614  3927 I chatty  : uid=0(root) /system/bin/netd identical 1 line
09-02 08:19:32.886  3614  3927 D DnsProxyListener: DNSDBG::dns addrinfo af 2
09-02 08:19:32.892 17889 17889 D ViewRootImpl@4d1f978[Pop-up window]: MSG_WINDOW_FOCUS_CHANGED 1
09-02 08:19:32.894 17889 17889 V InputMethodManager: Starting input: tba=android.view.inputmethod.EditorInfo@693f608 nm : org.mozilla.firefox ic=null
09-02 08:19:32.894 17889 17889 I InputMethodManager: startInputInner - mService.startInputOrWindowGainedFocus
09-02 08:19:32.894  3979  4200 D InputMethodManagerService: startInputOrWindowGainedFocus : windowGainedFocus 
09-02 08:19:32.894  3979  4200 D InputMethodManagerService: windowGainedFocus: destinationUserId (getCallingUid) = 0
09-02 08:19:32.895  3979  4200 D InputMethodManagerService: windowGainedFocus: currentUserId=0
09-02 08:19:32.895  3979  4200 D InputMethodManagerService: windowGainedFocus: mCurrentFocusedUserId=0
09-02 08:19:32.895  3979  4200 D InputMethodManagerService: windowGainedFocus : lock - currentUserId = 0 destinationUserId = 0
09-02 08:19:32.895  3614  3927 D DnsProxyListener: DNSDBG::dns addrinfo af 2
09-02 08:19:32.895  3979  4200 D InputMethodManagerService: windowGainedFocus : mCurrentFocusedUserId - 0 and mSecureKeypadEnabled - false, userSwitched - false
