09-02 13:16:25.609  2412  2412 I chatty  : uid=10158(u0_a158) identical 3 lines
09-02 13:16:25.609  2412  2412 W ResourceType: For resource 0x7f1505be, entry index(1470) is beyond type entryCount(281)
09-02 13:16:25.610  2412  2412 W ResourceType: For resource 0x7f150241, entry index(577) is beyond type entryCount(281)
09-02 13:16:25.610  2412  2412 W ResourceType: For resource 0x7f150241, entry index(577) is beyond type entryCount(281)
09-02 13:16:25.611  2412  2412 W ResourceType: For resource 0x7f15050e, entry index(1294) is beyond type entryCount(281)
09-02 13:16:25.611  2412  2412 W ResourceType: For resource 0x7f15061f, entry index(1567) is beyond type entryCount(281)
09-02 13:16:25.611  2412  2412 W ResourceType: For resource 0x7f15061f, entry index(1567) is beyond type entryCount(281)
09-02 13:16:25.611  2412  2412 W ResourceType: For resource 0x7f15058c, entry index(1420) is beyond type entryCount(281)
09-02 13:16:25.611  2412  2412 W ResourceType: For resource 0x7f150590, entry index(1424) is beyond type entryCount(281)
09-02 13:16:25.611  2412  2412 W ResourceType: For resource 0x7f15058e, entry index(1422) is beyond type entryCount(281)
09-02 13:16:25.611  2412  2412 W ResourceType: For resource 0x7f1504c3, entry index(1219) is beyond type entryCount(281)
09-02 13:16:25.611  2412  2412 W ResourceType: For resource 0x7f15059e, entry index(1438) is beyond type entryCount(281)
09-02 13:16:25.611  2412  2412 W ResourceType: For resource 0x7f150282, entry index(642) is beyond type entryCount(281)
09-02 13:16:25.611  2412  2412 W ResourceType: For resource 0x7f1504c3, entry index(1219) is beyond type entryCount(281)
09-02 13:16:25.611  2412  2412 W ResourceType: For resource 0x7f150719, entry index(1817) is beyond type entryCount(281)
09-02 13:16:25.611  2412  2412 W ResourceType: For resource 0x7f150578, entry index(1400) is beyond type entryCount(281)
09-02 13:16:25.611  2412  2412 W ResourceType: For resource 0x7f150284, entry index(644) is beyond type entryCount(281)
09-02 13:16:25.611  2412  2412 W ResourceType: For resource 0x7f150579, entry index(1401) is beyond type entryCount(281)
09-02 13:16:25.611  2412  2412 W ResourceType: For resource 0x7f1505e7, entry index(1511) is beyond type entryCount(281)
09-02 13:16:25.611  2412  2412 W ResourceType: For resource 0x7f15071e, entry index(1822) is beyond type entryCount(281)
09-02 13:16:25.611  2412  2412 I chatty  : uid=10158(u0_a158) identical 2 lines
09-02 13:16:25.611  2412  2412 W ResourceType: For resource 0x7f15071e, entry index(1822) is beyond type entryCount(281)
09-02 13:16:25.611  2412  2412 W ResourceType: For resource 0x7f150580, entry index(1408) is beyond type entryCount(281)
09-02 13:16:25.611  2412  2412 W ResourceType: For resource 0x7f15071e, entry index(1822) is beyond type entryCount(281)
09-02 13:16:25.611  2412  2412 W ResourceType: For resource 0x7f15017b, entry index(379) is beyond type entryCount(281)
09-02 13:16:25.611  2412  2412 W ResourceType: For resource 0x7f150283, entry index(643) is beyond type entryCount(281)
09-02 13:16:25.611  2412  2412 W ResourceType: For resource 0x7f1505a2, entry index(1442) is beyond type entryCount(281)
09-02 13:16:25.611  2412  2412 W ResourceType: For resource 0x7f1506f4, entry index(1780) is beyond type entryCount(281)
09-02 13:16:25.611  2412  2412 W ResourceType: For resource 0x7f150588, entry index(1416) is beyond type entryCount(281)
09-02 13:16:25.611  2412  2412 W ResourceType: For resource 0x7f15059f, entry index(1439) is beyond type entryCount(281)
09-02 13:16:25.611  2412  2412 W ResourceType: For resource 0x7f150649, entry index(1609) is beyond type entryCount(281)
09-02 13:16:25.611  2412  2412 W ResourceType: For resource 0x7f150442, entry index(1090) is beyond type entryCount(281)
09-02 13:16:25.611  2412  2412 W ResourceType: For resource 0x7f150718, entry index(1816) is beyond type entryCount(281)
09-02 13:16:25.611  2412  2412 W ResourceType: For resource 0x7f15017c, entry index(380) is beyond type entryCount(281)
09-02 13:16:25.611  2412  2412 W ResourceType: For resource 0x7f15059d, entry index(1437) is beyond type entryCount(281)
09-02 13:16:25.611  2412  2412 W ResourceType: For resource 0x7f15020a, entry index(522) is beyond type entryCount(281)
09-02 13:16:25.611  2412  2412 W ResourceType: For resource 0x7f150586, entry index(1414) is beyond type entryCount(281)
09-02 13:16:25.611  2412  2412 W ResourceType: For resource 0x7f15071c, entry index(1820) is beyond type entryCount(281)
09-02 13:16:25.611  2412  2412 W ResourceType: For resource 0x7f1502af, entry index(687) is beyond type entryCount(281)
09-02 13:16:25.611  2412  2412 W ResourceType: For resource 0x7f150274, entry index(628) is beyond type entryCount(281)
09-02 13:16:25.611  2412  2412 W ResourceType: For resource 0x7f150244, entry index(580) is beyond type entryCount(281)
09-02 13:16:25.611  2412  2412 W ResourceType: For resource 0x7f150274, entry index(628) is beyond type entryCount(281)
09-02 13:16:25.611  2412  2412 W ResourceType: For resource 0x7f150372, entry index(882) is beyond type entryCount(281)
09-02 13:16:25.611  2412  2412 W ResourceType: For resource 0x7f15035b, entry index(859) is beyond type entryCount(281)
09-02 13:16:25.611  2412  2412 W ResourceType: For resource 0x7f15035c, entry index(860) is beyond type entryCount(281)
09-02 13:16:25.611  2412  2412 W ResourceType: For resource 0x7f1502ad, entry index(685) is beyond type entryCount(281)
09-02 13:16:25.611  2412  2412 W ResourceType: For resource 0x7f150565, entry index(1381) is beyond type entryCount(281)
09-02 13:16:25.611  2412  2412 W ResourceType: For resource 0x7f150567, entry index(1383) is beyond type entryCount(281)
09-02 13:16:25.611  2412  2412 W ResourceType: For resource 0x7f150241, entry index(577) is beyond type entryCount(281)
09-02 13:16:25.612  2412  2412 I chatty  : uid=10158(u0_a158) identical 4 lines
09-02 13:16:25.612  2412  2412 W ResourceType: For resource 0x7f150241, entry index(577) is beyond type entryCount(281)
09-02 13:16:25.612  2412  2412 W ResourceType: For resource 0x7f1505bf, entry index(1471) is beyond type entryCount(281)
09-02 13:16:25.612  2412  2412 W ResourceType: For resource 0x7f150728, entry index(1832) is beyond type entryCount(281)
09-02 13:16:25.612  2412  2412 W ResourceType: For resource 0x7f1505bf, entry index(1471) is beyond type entryCount(281)
09-02 13:16:25.612  2412  2412 W ResourceType: For resource 0x7f150728, entry index(1832) is beyond type entryCount(281)
09-02 13:16:25.612  2412  2412 W ResourceType: For resource 0x7f150241, entry index(577) is beyond type entryCount(281)
09-02 13:16:25.612  2412  2412 W ResourceType: For resource 0x7f1505bf, entry index(1471) is beyond type entryCount(281)
09-02 13:16:25.612  2412  2412 W ResourceType: For resource 0x7f150728, entry index(1832) is beyond type entryCount(281)
09-02 13:16:25.612  2412  2412 W ResourceType: For resource 0x7f1505bf, entry index(1471) is beyond type entryCount(281)
09-02 13:16:25.612  2412  2412 W ResourceType: For resource 0x7f150728, entry index(1832) is beyond type entryCount(281)
09-02 13:16:25.612  2412  2412 W ResourceType: For resource 0x7f1505bf, entry index(1471) is beyond type entryCount(281)
09-02 13:16:25.612  2412  2412 W ResourceType: For resource 0x7f150728, entry index(1832) is beyond type entryCount(281)
09-02 13:16:25.612  2412  2412 W ResourceType: For resource 0x7f1505bf, entry index(1471) is beyond type entryCount(281)
09-02 13:16:25.613  2412  2412 W ResourceType: For resource 0x7f150728, entry index(1832) is beyond type entryCount(281)
09-02 13:16:25.613  2412  2412 W ResourceType: For resource 0x7f1505bf, entry index(1471) is beyond type entryCount(281)
09-02 13:16:25.613  2412  2412 W ResourceType: For resource 0x7f150728, entry index(1832) is beyond type entryCount(281)
09-02 13:16:25.613  2412  2412 W ResourceType: For resource 0x7f1505bf, entry index(1471) is beyond type entryCount(281)
09-02 13:16:25.613  2412  2412 W ResourceType: For resource 0x7f150728, entry index(1832) is beyond type entryCount(281)
09-02 13:16:25.613  2412  2412 W ResourceType: For resource 0x7f15050e, entry index(1294) is beyond type entryCount(281)
09-02 13:16:25.613  2412  2412 W ResourceType: For resource 0x7f15061f, entry index(1567) is beyond type entryCount(281)
09-02 13:16:25.613  2412  2412 W ResourceType: For resource 0x7f15061f, entry index(1567) is beyond type entryCount(281)
09-02 13:16:25.613  2412  2412 W ResourceType: For resource 0x7f15058c, entry index(1420) is beyond type entryCount(281)
09-02 13:16:25.613  2412  2412 W ResourceType: For resource 0x7f150590, entry index(1424) is beyond type entryCount(281)
09-02 13:16:25.613  2412  2412 W ResourceType: For resource 0x7f15058e, entry index(1422) is beyond type entryCount(281)
09-02 13:16:25.613  2412  2412 W ResourceType: For resource 0x7f1504c3, entry index(1219) is beyond type entryCount(281)
09-02 13:16:25.613  2412  2412 W ResourceType: For resource 0x7f15059e, entry index(1438) is beyond type entryCount(281)
09-02 13:16:25.613  2412  2412 W ResourceType: For resource 0x7f150282, entry index(642) is beyond type entryCount(281)
09-02 13:16:25.613  2412  2412 W ResourceType: For resource 0x7f1504c3, entry index(1219) is beyond type entryCount(281)
09-02 13:16:25.613  2412  2412 W ResourceType: For resource 0x7f150719, entry index(1817) is beyond type entryCount(281)
09-02 13:16:25.613  2412  2412 W ResourceType: For resource 0x7f150578, entry index(1400) is beyond type entryCount(281)
09-02 13:16:25.613  2412  2412 W ResourceType: For resource 0x7f150284, entry index(644) is beyond type entryCount(281)
09-02 13:16:25.613  2412  2412 W ResourceType: For resource 0x7f150579, entry index(1401) is beyond type entryCount(281)
09-02 13:16:25.613  2412  2412 W ResourceType: For resource 0x7f1505e7, entry index(1511) is beyond type entryCount(281)
09-02 13:16:25.613  2412  2412 W ResourceType: For resource 0x7f15071e, entry index(1822) is beyond type entryCount(281)
09-02 13:16:25.613  2412  2412 I chatty  : uid=10158(u0_a158) identical 2 lines
09-02 13:16:25.613  2412  2412 W ResourceType: For resource 0x7f15071e, entry index(1822) is beyond type entryCount(281)
09-02 13:16:25.613  2412  2412 W ResourceType: For resource 0x7f150580, entry index(1408) is beyond type entryCount(281)
09-02 13:16:25.613  2412  2412 W ResourceType: For resource 0x7f15071e, entry index(1822) is beyond type entryCount(281)
09-02 13:16:25.613  2412  2412 W ResourceType: For resource 0x7f15017b, entry index(379) is beyond type entryCount(281)
09-02 13:16:25.613  2412  2412 W ResourceType: For resource 0x7f150283, entry index(643) is beyond type entryCount(281)
09-02 13:16:25.613  2412  2412 W ResourceType: For resource 0x7f1505a2, entry index(1442) is beyond type entryCount(281)
09-02 13:16:25.613  2412  2412 W ResourceType: For resource 0x7f1506f4, entry index(1780) is beyond type entryCount(281)
09-02 13:16:25.613  2412  2412 W ResourceType: For resource 0x7f150588, entry index(1416) is beyond type entryCount(281)
09-02 13:16:25.613  2412  2412 W ResourceType: For resource 0x7f15059f, entry index(1439) is beyond type entryCount(281)
09-02 13:16:25.613  2412  2412 W ResourceType: For resource 0x7f150649, entry index(1609) is beyond type entryCount(281)
09-02 13:16:25.613  2412  2412 W ResourceType: For resource 0x7f150442, entry index(1090) is beyond type entryCount(281)
09-02 13:16:25.613  2412  2412 W ResourceType: For resource 0x7f150718, entry index(1816) is beyond type entryCount(281)
09-02 13:16:25.613  2412  2412 W ResourceType: For resource 0x7f15017c, entry index(380) is beyond type entryCount(281)
09-02 13:16:25.613  2412  2412 W ResourceType: For resource 0x7f15059d, entry index(1437) is beyond type entryCount(281)
09-02 13:16:25.613  2412  2412 W ResourceType: For resource 0x7f15020a, entry index(522) is beyond type entryCount(281)
09-02 13:16:25.613  2412  2412 W ResourceType: For resource 0x7f150586, entry index(1414) is beyond type entryCount(281)
09-02 13:16:25.613  2412  2412 W ResourceType: For resource 0x7f15071c, entry index(1820) is beyond type entryCount(281)
09-02 13:16:25.613  2412  2412 W ResourceType: For resource 0x7f1502af, entry index(687) is beyond type entryCount(281)
09-02 13:16:25.614  2412  2412 W ResourceType: For resource 0x7f150274, entry index(628) is beyond type entryCount(281)
09-02 13:16:25.614  2412  2412 W ResourceType: For resource 0x7f150244, entry index(580) is beyond type entryCount(281)
09-02 13:16:25.614  2412  2412 W ResourceType: For resource 0x7f150274, entry index(628) is beyond type entryCount(281)
09-02 13:16:25.614  2412  2412 W ResourceType: For resource 0x7f150372, entry index(882) is beyond type entryCount(281)
09-02 13:16:25.614  2412  2412 W ResourceType: For resource 0x7f15035b, entry index(859) is beyond type entryCount(281)
09-02 13:16:25.614  4962  4962 D io_stats: !@ 179,0 r 608536 18436272 w 400976 8605720 d 42460 19409596 f 109125 111584 iot 499624 420219 th 51200 0 0 pt 0 inp 0 1 43918.859
09-02 13:16:25.614  2412  2412 W ResourceType: For resource 0x7f15035c, entry index(860) is beyond type entryCount(281)
09-02 13:16:25.614  2412  2412 W ResourceType: For resource 0x7f1502ad, entry index(685) is beyond type entryCount(281)
09-02 13:16:25.614  2412  2412 W ResourceType: For resource 0x7f150565, entry index(1381) is beyond type entryCount(281)
09-02 13:16:25.614  2412  2412 W ResourceType: For resource 0x7f150567, entry index(1383) is beyond type entryCount(281)
09-02 13:16:25.614  2412  2412 W ResourceType: For resource 0x7f1505bd, entry index(1469) is beyond type entryCount(281)
09-02 13:16:25.614  2412  2412 I chatty  : uid=10158(u0_a158) identical 6 lines
09-02 13:16:25.615  2412  2412 W ResourceType: For resource 0x7f1505bd, entry index(1469) is beyond type entryCount(281)
09-02 13:16:25.617 10264 10280 I FontLog : Pulling font file for id = 946, cache size = 5 [CONTEXT service_id=132 ]
09-02 13:16:25.618  3462  3462 I SurfaceFlinger: id=1990 createSurf (720x1280),4 flag=404, SurfaceView - com.opera.browser/com.opera.Opera@bc6335f@0#0
09-02 13:16:25.620  3462  3462 I SurfaceFlinger: id=1991 createSurf (720x1280),-1 flag=20404, Background for - SurfaceView - com.opera.browser/com.opera.Opera@bc6335f@0#0
09-02 13:16:25.620  2412  2412 D SurfaceView: BG show() Surface(name=Background for - SurfaceView - com.opera.browser/com.opera.Opera@bc6335f@0) android.view.SurfaceView{bc6335f V.E...... ......ID 0,0-720,1280}
09-02 13:16:25.624  3979  5172 D ConnectivityService: filterNetworkStateForUid() uid: 10025 networkInfo: [type: WIFI[] - WIFI, state: CONNECTED/CONNECTED, reason: (unspecified), extra: "WiFi 69", failover: false, available: true, roaming: false, metered: false]
09-02 13:16:25.625  2412  2742 I zygote  : Deoptimizing boolean g87.m(long) due to JIT inline cache
09-02 13:16:25.627  2722  2722 W ResourceType: For resource 0x7f0c0068, entry index(104) is beyond type entryCount(100)
09-02 13:16:25.627  2412  2412 V Surface : sf_framedrop debug : 0x4f4c, game : false, logging : 0
09-02 13:16:25.627  2412  2412 D SurfaceView: surfaceCreated 1 android.view.SurfaceView{bc6335f V.E...... ......ID 0,0-720,1280}
09-02 13:16:25.627  2412  2412 D SurfaceView: surfaceChanged (720,1280) 1 android.view.SurfaceView{bc6335f V.E...... ......ID 0,0-720,1280}
09-02 13:16:25.656  2607  2638 V Surface : sf_framedrop debug : 0x4f4c, game : false, logging : 0
09-02 13:16:25.658  2607  2638 D mali_winsys: EGLint new_window_surface(egl_winsys_display *, void *, EGLSurface, EGLConfig, egl_winsys_surface **, egl_color_buffer_format *, EGLBoolean) returns 0x3000,  [720x1280]-format:1
09-02 13:16:25.666  3979  5965 D ConnectivityService: filterNetworkStateForUid() uid: 10158 networkInfo: [type: WIFI[] - WIFI, state: CONNECTED/CONNECTED, reason: (unspecified), extra: "WiFi 69", failover: false, available: true, roaming: false, metered: false]
09-02 13:16:25.673  3979  5172 D PackageManager: setEnabledSetting : userId = 0 packageName = com.opera.browser cmp = com.opera.android.readlater.MigrationBroadcastReceiver newState = 2 callingPackage = 10158/com.opera.browser
09-02 13:16:25.678  3979  3994 D ConnectivityService: filterNetworkStateForUid() uid: 1000 networkInfo: [type: WIFI[] - WIFI, state: CONNECTED/CONNECTED, reason: (unspecified), extra: "WiFi 69", failover: false, available: true, roaming: false, metered: false]
09-02 13:16:25.687  2412  2412 I zygote  : Deoptimizing java.lang.Object gs4.a() due to JIT inline cache
09-02 13:16:25.687  3979  4292 D WifiConnectivityMonitor:  [|219] [] []
09-02 13:16:25.687  3979  3994 D ConnectivityService: filterNetworkStateForUid() uid: 1000 networkInfo: [type: WIFI[] - WIFI, state: CONNECTED/CONNECTED, reason: (unspecified), extra: "WiFi 69", failover: false, available: true, roaming: false, metered: false]
09-02 13:16:25.700  3979  3994 D SyncManager: failed sync operation JobId: 109703, com.opera.browser u0 (com.opera.browser.ping), com.opera.browser.ping.provider, SERVER, reason: 10158, SyncResult: delayUntil: 1693656847 stats [ numIoExceptions: 1]
09-02 13:16:25.702  3979  3994 D ConnectivityService: filterNetworkStateForUid() uid: 10158 networkInfo: [type: WIFI[] - WIFI, state: CONNECTED/CONNECTED, reason: (unspecified), extra: "WiFi 69", failover: false, available: true, roaming: false, metered: false]
09-02 13:16:25.705  3979  3994 D SamsungAlarmManager: setInexact Listener (T:2/F:0/AC:false) 20230902T131655 - CU:1000/CP:3979
09-02 13:16:25.705  3979  3994 I SamsungAlarmManager: setLocked to kernel - T:2 / 20230902T131655, SetElapsed=98597215, nowELAPSED=98567137
09-02 13:16:25.708  3979  3994 I SamsungAlarmManager: setLocked to kernel - T:2 / 20230902T132012, SetElapsed=98793825, nowELAPSED=98567140
09-02 13:16:25.708  3979  3994 D SamsungAlarmManager: setInexact Listener (T:2/F:0/AC:false) 20230902T132707 - CU:1000/CP:3979
09-02 13:16:25.711  3979  3994 D SamsungAlarmManager: setInexact Listener (T:2/F:0/AC:false) 20230902T141206 - CU:1000/CP:3979
09-02 13:16:25.729  3979  3994 D ConnectivityService: filterNetworkStateForUid() uid: 1000 networkInfo: [type: WIFI[] - WIFI, state: CONNECTED/CONNECTED, reason: (unspecified), extra: "WiFi 69", failover: false, available: true, roaming: false, metered: false]
09-02 13:16:25.737  2412  2412 W ResourceType: For resource 0x7f15050e, entry index(1294) is beyond type entryCount(281)
09-02 13:16:25.737  2412  2412 W ResourceType: For resource 0x7f15061f, entry index(1567) is beyond type entryCount(281)
09-02 13:16:25.737  2412  2412 W ResourceType: For resource 0x7f15061f, entry index(1567) is beyond type entryCount(281)
09-02 13:16:25.737  2412  2412 W ResourceType: For resource 0x7f15058c, entry index(1420) is beyond type entryCount(281)
09-02 13:16:25.737  2412  2412 W ResourceType: For resource 0x7f150590, entry index(1424) is beyond type entryCount(281)
09-02 13:16:25.737  2412  2412 W ResourceType: For resource 0x7f15058e, entry index(1422) is beyond type entryCount(281)
09-02 13:16:25.737  2412  2412 W ResourceType: For resource 0x7f1504c3, entry index(1219) is beyond type entryCount(281)
09-02 13:16:25.737  3979  3994 D ConnectivityService: filterNetworkStateForUid() uid: 10158 networkInfo: [type: WIFI[] - WIFI, state: CONNECTED/CONNECTED, reason: (unspecified), extra: "WiFi 69", failover: false, available: true, roaming: false, metered: false]
09-02 13:16:25.737  2412  2412 W ResourceType: For resource 0x7f15059e, entry index(1438) is beyond type entryCount(281)
09-02 13:16:25.737  2412  2412 W ResourceType: For resource 0x7f150282, entry index(642) is beyond type entryCount(281)
09-02 13:16:25.737  2412  2412 W ResourceType: For resource 0x7f1504c3, entry index(1219) is beyond type entryCount(281)
09-02 13:16:25.737  2412  2412 W ResourceType: For resource 0x7f150719, entry index(1817) is beyond type entryCount(281)
09-02 13:16:25.737  2412  2412 W ResourceType: For resource 0x7f150578, entry index(1400) is beyond type entryCount(281)
09-02 13:16:25.737  2412  2412 W ResourceType: For resource 0x7f150284, entry index(644) is beyond type entryCount(281)
09-02 13:16:25.737  2412  2412 W ResourceType: For resource 0x7f150579, entry index(1401) is beyond type entryCount(281)
09-02 13:16:25.737  2412  2412 W ResourceType: For resource 0x7f1505e7, entry index(1511) is beyond type entryCount(281)
09-02 13:16:25.737  2412  2412 W ResourceType: For resource 0x7f15071e, entry index(1822) is beyond type entryCount(281)
09-02 13:16:25.737  2412  2412 I chatty  : uid=10158(u0_a158) identical 2 lines
09-02 13:16:25.737  2412  2412 W ResourceType: For resource 0x7f15071e, entry index(1822) is beyond type entryCount(281)
09-02 13:16:25.737  2412  2412 W ResourceType: For resource 0x7f150580, entry index(1408) is beyond type entryCount(281)
09-02 13:16:25.738  2412  2412 W ResourceType: For resource 0x7f15071e, entry index(1822) is beyond type entryCount(281)
09-02 13:16:25.738  2412  2412 W ResourceType: For resource 0x7f15017b, entry index(379) is beyond type entryCount(281)
09-02 13:16:25.738  2412  2412 W ResourceType: For resource 0x7f150283, entry index(643) is beyond type entryCount(281)
09-02 13:16:25.738  2412  2412 W ResourceType: For resource 0x7f1505a2, entry index(1442) is beyond type entryCount(281)
09-02 13:16:25.738  2412  2412 W ResourceType: For resource 0x7f1506f4, entry index(1780) is beyond type entryCount(281)
09-02 13:16:25.738  2412  2412 W ResourceType: For resource 0x7f150588, entry index(1416) is beyond type entryCount(281)
09-02 13:16:25.738  2412  2412 W ResourceType: For resource 0x7f15059f, entry index(1439) is beyond type entryCount(281)
09-02 13:16:25.738  2412  2412 W ResourceType: For resource 0x7f150649, entry index(1609) is beyond type entryCount(281)
09-02 13:16:25.738  2412  2412 W ResourceType: For resource 0x7f150442, entry index(1090) is beyond type entryCount(281)
09-02 13:16:25.738  2412  2412 W ResourceType: For resource 0x7f150718, entry index(1816) is beyond type entryCount(281)
09-02 13:16:25.738  2412  2412 W ResourceType: For resource 0x7f15017c, entry index(380) is beyond type entryCount(281)
09-02 13:16:25.738  2412  2412 W ResourceType: For resource 0x7f15059d, entry index(1437) is beyond type entryCount(281)
09-02 13:16:25.738  2412  2412 W ResourceType: For resource 0x7f15020a, entry index(522) is beyond type entryCount(281)
09-02 13:16:25.738  2412  2412 W ResourceType: For resource 0x7f150586, entry index(1414) is beyond type entryCount(281)
09-02 13:16:25.738  2412  2412 W ResourceType: For resource 0x7f15071c, entry index(1820) is beyond type entryCount(281)
09-02 13:16:25.738  2412  2412 W ResourceType: For resource 0x7f1502af, entry index(687) is beyond type entryCount(281)
09-02 13:16:25.738  2412  2412 W ResourceType: For resource 0x7f150274, entry index(628) is beyond type entryCount(281)
09-02 13:16:25.738  2412  2412 W ResourceType: For resource 0x7f150244, entry index(580) is beyond type entryCount(281)
09-02 13:16:25.738  2412  2412 W ResourceType: For resource 0x7f150274, entry index(628) is beyond type entryCount(281)
09-02 13:16:25.738  2412  2412 W ResourceType: For resource 0x7f150372, entry index(882) is beyond type entryCount(281)
09-02 13:16:25.738  2412  2412 W ResourceType: For resource 0x7f15035b, entry index(859) is beyond type entryCount(281)
09-02 13:16:25.738  2412  2412 W ResourceType: For resource 0x7f15035c, entry index(860) is beyond type entryCount(281)
09-02 13:16:25.738  2412  2412 W ResourceType: For resource 0x7f1502ad, entry index(685) is beyond type entryCount(281)
09-02 13:16:25.738  2412  2412 W ResourceType: For resource 0x7f150565, entry index(1381) is beyond type entryCount(281)
09-02 13:16:25.738  2412  2412 W ResourceType: For resource 0x7f150567, entry index(1383) is beyond type entryCount(281)
09-02 13:16:25.738 10264 10280 I FontLog : Received query name=Google Sans&weight=700&besteffort=false, URI content://com.google.android.gms.fonts [CONTEXT service_id=132 ]
09-02 13:16:25.739 10264 10280 I FontLog : Query [name=Google Sans&weight=700&besteffort=false] resolved to {Google Sans, wdth 100.0, wght 700, ital 0.0, bestEffort false} [CONTEXT service_id=132 ]
09-02 13:16:25.741 10264 10280 I FontLog : Fetch {Google Sans, wdth 100.0, wght 700, ital 0.0, bestEffort false} end status Status{statusCode=SUCCESS, resolution=null} [CONTEXT service_id=132 ]
09-02 13:16:25.752  2412  2417 I zygote  : Do partial code cache collection, code=254KB, data=180KB
09-02 13:16:25.753  2412  2417 I zygote  : After code cache collection, code=250KB, data=179KB
09-02 13:16:25.753  2412  2417 I zygote  : Increasing code cache capacity to 1024KB
09-02 13:16:25.753 10264 10280 I FontLog : Pulling font file for id = 947, cache size = 5 [CONTEXT service_id=132 ]
09-02 13:16:25.756  7505 13783 I Finsky  : [2229] ncc.l(14): com.opera.browser: Account determined from installer data - [U-iik75Til66Sqc4rcg2VQIPTcVEABCt30QhmAx4030]
09-02 13:16:25.757  7505 13783 I Finsky  : [2229] ncc.l(61): Billing preferred account via installer for com.opera.browser: [U-iik75Til66Sqc4rcg2VQIPTcVEABCt30QhmAx4030]
09-02 13:16:25.758  7505 13783 W Finsky  : [2229] hgm.i(10): Unsupported billing API version: 19
09-02 13:16:25.759  3979  5979 V WindowManager: Relayout Window{116847a u0 com.opera.browser/com.opera.Opera}: viewVisibility=0 req=720x1280 WM.LayoutParams{(0,0)(fillxfill) sim=#10 ty=1 fl=#89810100 pfl=0x20000 fmt=-3 wanim=0x10302fd vsysui=0x2700 sysuil=true needsMenuKey=2 colorMode=0 naviIconColor=0}
09-02 13:16:25.763  3462  3462 I SurfaceFlinger: Display 0 HWC layers:
09-02 13:16:25.763  3462  3462 I SurfaceFlinger:     type    |    handle    | flag |  format   |   source crop (l,t,r,b)    |         frame       | name 
09-02 13:16:25.763  3462  3462 I SurfaceFlinger: ------------+--------------+------+-----------+----------------------------+---------------------+------
09-02 13:16:25.763  3462  3462 I SurfaceFlinger:      Device | 0x7abe64cac0 | 0002 | RGBA_8888 |   0.0    0.0  720.0 1280.0 |    0    0  720 1280 | SurfaceView - com.opera.browser/com.opera.Opera@bc6335f@0#0
09-02 13:16:25.763  3462  3462 I SurfaceFlinger:      Device | 0x7ac4c24240 | 0000 | RGBA_8888 |   0.0    0.0  720.0 1280.0 |    0    0  720 1280 | com.opera.browser/com.opera.Opera#0
09-02 13:16:25.763  3462  3462 I SurfaceFlinger:      Device | 0x7ac4c24480 | 0000 | RGBA_8888 |   0.0    0.0  720.0   42.0 |    0    0  720   42 | StatusBar#0
09-02 13:16:25.763  3462  3462 I SurfaceFlinger: 
09-02 13:16:25.764 10264 10280 I FontLog : Received query name=Noto Color Emoji Compat&weight=400&besteffort=false, URI content://com.google.android.gms.fonts [CONTEXT service_id=132 ]
09-02 13:16:25.764 10264 10280 I FontLog : Query [name=Noto Color Emoji Compat&weight=400&besteffort=false] resolved to {Noto Color Emoji Compat, wdth 100.0, wght 400, ital 0.0, bestEffort false} [CONTEXT service_id=132 ]
09-02 13:16:25.767  7505 13783 I Finsky  : [2229] ncc.l(14): com.opera.browser: Account determined from installer data - [U-iik75Til66Sqc4rcg2VQIPTcVEABCt30QhmAx4030]
09-02 13:16:25.768  2412  2412 D ViewRootImpl@b8806e2[Opera]: Relayout returned: old=[0,0][720,1280] new=[0,0][720,1280] result=0x1 surface={valid=true 3293575168} changed=false
09-02 13:16:25.768  7505 13783 I Finsky  : [2229] ncc.l(61): Billing preferred account via installer for com.opera.browser: [U-iik75Til66Sqc4rcg2VQIPTcVEABCt30QhmAx4030]
09-02 13:16:25.770 10264 10280 I FontLog : Fetch {Noto Color Emoji Compat, wdth 100.0, wght 400, ital 0.0, bestEffort false} end status Status{statusCode=SUCCESS, resolution=null} [CONTEXT service_id=132 ]
09-02 13:16:25.770  7505 13783 W Finsky  : [2229] hgm.i(10): Unsupported billing API version: 18
09-02 13:16:25.770  2412  2412 W View    : requestLayout() improperly called by android.widget.FrameLayout{75506cd VFE...C.. ......ID 236,999-713,1175 #7f0a01ca app:id/content} during layout: running second layout pass
09-02 13:16:25.770  2412  2412 I ViewRootImpl@b8806e2[Opera]: requestLayout is already in process
09-02 13:16:25.772  7505 13783 I Finsky  : [2229] ncc.l(14): com.opera.browser: Account determined from installer data - [U-iik75Til66Sqc4rcg2VQIPTcVEABCt30QhmAx4030]
09-02 13:16:25.773  7505 13783 I Finsky  : [2229] ncc.l(61): Billing preferred account via installer for com.opera.browser: [U-iik75Til66Sqc4rcg2VQIPTcVEABCt30QhmAx4030]
09-02 13:16:25.777  7505 13783 I Finsky  : [2229] ncc.l(14): com.opera.browser: Account determined from installer data - [U-iik75Til66Sqc4rcg2VQIPTcVEABCt30QhmAx4030]
09-02 13:16:25.778 10264 10280 I FontLog : Pulling font file for id = 948, cache size = 6 [CONTEXT service_id=132 ]
09-02 13:16:25.778  7505 13783 I Finsky  : [2229] ncc.l(61): Billing preferred account via installer for com.opera.browser: [U-iik75Til66Sqc4rcg2VQIPTcVEABCt30QhmAx4030]
09-02 13:16:25.780  7505 13783 W Finsky  : [2229] hgm.i(10): Unsupported billing API version: 19
09-02 13:16:25.784  7505 13783 I Finsky  : [2229] ncc.l(14): com.opera.browser: Account determined from installer data - [U-iik75Til66Sqc4rcg2VQIPTcVEABCt30QhmAx4030]
09-02 13:16:25.785  7505 13783 I Finsky  : [2229] ncc.l(61): Billing preferred account via installer for com.opera.browser: [U-iik75Til66Sqc4rcg2VQIPTcVEABCt30QhmAx4030]
09-02 13:16:25.785 10264 10280 I FontLog : Received query name=Google Sans&weight=400&besteffort=false, URI content://com.google.android.gms.fonts [CONTEXT service_id=132 ]
09-02 13:16:25.785 10264 10280 I FontLog : Query [name=Google Sans&weight=400&besteffort=false] resolved to {Google Sans, wdth 100.0, wght 400, ital 0.0, bestEffort false} [CONTEXT service_id=132 ]
09-02 13:16:25.786  7505 13783 W Finsky  : [2229] hgm.i(10): Unsupported billing API version: 18
09-02 13:16:25.787 10264 10280 I FontLog : Font PFD returned from cache for {Google Sans, wdth 100.0, wght 400, ital 0.0, bestEffort false} [CONTEXT service_id=132 ]
09-02 13:16:25.788 10264 10280 I FontLog : Fetch {Google Sans, wdth 100.0, wght 400, ital 0.0, bestEffort false} end status Status{statusCode=SUCCESS, resolution=null} [CONTEXT service_id=132 ]
09-02 13:16:25.792  7505 13783 I Finsky  : [2229] ncc.l(14): com.opera.browser: Account determined from installer data - [U-iik75Til66Sqc4rcg2VQIPTcVEABCt30QhmAx4030]
09-02 13:16:25.793  7505 13783 I Finsky  : [2229] ncc.l(61): Billing preferred account via installer for com.opera.browser: [U-iik75Til66Sqc4rcg2VQIPTcVEABCt30QhmAx4030]
09-02 13:16:25.799 10264 10280 I FontLog : Pulling font file for id = 949, cache size = 5 [CONTEXT service_id=132 ]
09-02 13:16:25.803  7505 13783 I Finsky  : [2229] ncc.l(14): com.opera.browser: Account determined from installer data - [U-iik75Til66Sqc4rcg2VQIPTcVEABCt30QhmAx4030]
09-02 13:16:25.804  7505 13783 I Finsky  : [2229] ncc.l(61): Billing preferred account via installer for com.opera.browser: [U-iik75Til66Sqc4rcg2VQIPTcVEABCt30QhmAx4030]
09-02 13:16:25.807 10264 10280 I FontLog : Received query name=Google Sans&weight=500&besteffort=false, URI content://com.google.android.gms.fonts [CONTEXT service_id=132 ]
09-02 13:16:25.808 10264 10280 I FontLog : Query [name=Google Sans&weight=500&besteffort=false] resolved to {Google Sans, wdth 100.0, wght 500, ital 0.0, bestEffort false} [CONTEXT service_id=132 ]
09-02 13:16:25.809 10264 10280 I FontLog : Font PFD returned from cache for {Google Sans, wdth 100.0, wght 500, ital 0.0, bestEffort false} [CONTEXT service_id=132 ]
09-02 13:16:25.810 10264 10280 I FontLog : Fetch {Google Sans, wdth 100.0, wght 500, ital 0.0, bestEffort false} end status Status{statusCode=SUCCESS, resolution=null} [CONTEXT service_id=132 ]
09-02 13:16:25.810  2412  2412 I zygote  : Deoptimizing boolean ks4.a(java.util.AbstractCollection, java.util.Iterator) due to JIT inline cache
09-02 13:16:25.816 10264 10280 I FontLog : Pulling font file for id = 950, cache size = 6 [CONTEXT service_id=132 ]
09-02 13:16:25.826  3979  5979 D ConnectivityService: filterNetworkStateForUid() uid: 10158 networkInfo: [type: WIFI[] - WIFI, state: CONNECTED/CONNECTED, reason: (unspecified), extra: "WiFi 69", failover: false, available: true, roaming: false, metered: false]
09-02 13:16:25.843  2607  2760 W AudioCapabilities: Unsupported mime audio/mpeg-L1
09-02 13:16:25.844  2607  2760 W AudioCapabilities: Unsupported mime audio/mpeg-L2
09-02 13:16:25.846  2607  2760 W AudioCapabilities: Unsupported mime audio/x-ms-wma
09-02 13:16:25.855  2607  2760 W AudioCapabilities: Unsupported mime audio/x-ima
09-02 13:16:25.862  2607  2760 W VideoCapabilities: Unrecognized profile 2130706433 for video/avc
09-02 13:16:25.862  2607  2760 W VideoCapabilities: Unrecognized profile 2130706434 for video/avc
09-02 13:16:25.863  2607  2760 W VideoCapabilities: Unrecognized profile 2130706433 for video/avc
09-02 13:16:25.863  2607  2760 W VideoCapabilities: Unrecognized profile 2130706434 for video/avc
09-02 13:16:25.876  2607  2760 W VideoCapabilities: Unsupported mime video/wvc1
09-02 13:16:25.882  2607  2760 W VideoCapabilities: Unsupported mime video/x-ms-wmv
09-02 13:16:25.884  2607  2760 W VideoCapabilities: Unrecognized profile 2130706433 for video/avc
09-02 13:16:25.884  2607  2760 W VideoCapabilities: Unrecognized profile 2130706434 for video/avc
09-02 13:16:25.885  2607  2760 W VideoCapabilities: Unsupported mime video/avc-wfd
09-02 13:16:25.895  3979  5979 D ConnectivityService: filterNetworkStateForUid() uid: 10158 networkInfo: [type: WIFI[] - WIFI, state: CONNECTED/CONNECTED, reason: (unspecified), extra: "WiFi 69", failover: false, available: true, roaming: false, metered: false]
09-02 13:16:25.913  3614  3927 D DnsProxyListener: DNSDBG::dns addrinfo af 2
09-02 13:16:25.919  2412  2412 W ResourceType: For resource 0x7f150274, entry index(628) is beyond type entryCount(281)
09-02 13:16:25.919  2412  2412 W ResourceType: For resource 0x7f150274, entry index(628) is beyond type entryCount(281)
09-02 13:16:25.919  2412  2412 W ResourceType: For resource 0x7f1503d5, entry index(981) is beyond type entryCount(281)
09-02 13:16:25.919  2412  2412 W ResourceType: For resource 0x7f1503c0, entry index(960) is beyond type entryCount(281)
09-02 13:16:25.939  2412  2412 W ResourceType: For resource 0x7f150278, entry index(632) is beyond type entryCount(281)
09-02 13:16:25.939  2412  2412 W ResourceType: For resource 0x7f150278, entry index(632) is beyond type entryCount(281)
09-02 13:16:25.940  2412  2412 W ResourceType: For resource 0x7f15050e, entry index(1294) is beyond type entryCount(281)
09-02 13:16:25.940  2412  2412 W ResourceType: For resource 0x7f15061f, entry index(1567) is beyond type entryCount(281)
09-02 13:16:25.940  2412  2412 W ResourceType: For resource 0x7f15061f, entry index(1567) is beyond type entryCount(281)
09-02 13:16:25.940  2412  2412 W ResourceType: For resource 0x7f15058c, entry index(1420) is beyond type entryCount(281)
09-02 13:16:25.940  2412  2412 W ResourceType: For resource 0x7f150590, entry index(1424) is beyond type entryCount(281)
09-02 13:16:25.940  2412  2412 W ResourceType: For resource 0x7f15058e, entry index(1422) is beyond type entryCount(281)
09-02 13:16:25.940  2412  2412 W ResourceType: For resource 0x7f1504c3, entry index(1219) is beyond type entryCount(281)
09-02 13:16:25.940  2412  2412 W ResourceType: For resource 0x7f15059e, entry index(1438) is beyond type entryCount(281)
09-02 13:16:25.940  2412  2412 W ResourceType: For resource 0x7f150282, entry index(642) is beyond type entryCount(281)
09-02 13:16:25.940  2412  2412 W ResourceType: For resource 0x7f1504c3, entry index(1219) is beyond type entryCount(281)
09-02 13:16:25.940  2412  2412 W ResourceType: For resource 0x7f150719, entry index(1817) is beyond type entryCount(281)
09-02 13:16:25.940  2412  2412 W ResourceType: For resource 0x7f150578, entry index(1400) is beyond type entryCount(281)
09-02 13:16:25.940  2412  2412 W ResourceType: For resource 0x7f150284, entry index(644) is beyond type entryCount(281)
09-02 13:16:25.940  2412  2412 W ResourceType: For resource 0x7f150579, entry index(1401) is beyond type entryCount(281)
09-02 13:16:25.940  2412  2412 W ResourceType: For resource 0x7f1505e7, entry index(1511) is beyond type entryCount(281)
09-02 13:16:25.940  2412  2412 W ResourceType: For resource 0x7f15071e, entry index(1822) is beyond type entryCount(281)
09-02 13:16:25.940  2412  2412 I chatty  : uid=10158(u0_a158) identical 2 lines
09-02 13:16:25.940  2412  2412 W ResourceType: For resource 0x7f15071e, entry index(1822) is beyond type entryCount(281)
09-02 13:16:25.941  2412  2412 W ResourceType: For resource 0x7f150580, entry index(1408) is beyond type entryCount(281)
09-02 13:16:25.941  2412  2412 W ResourceType: For resource 0x7f15071e, entry index(1822) is beyond type entryCount(281)
09-02 13:16:25.941  2412  2412 W ResourceType: For resource 0x7f15017b, entry index(379) is beyond type entryCount(281)
09-02 13:16:25.941  2412  2412 W ResourceType: For resource 0x7f150283, entry index(643) is beyond type entryCount(281)
09-02 13:16:25.941  2412  2412 W ResourceType: For resource 0x7f1505a2, entry index(1442) is beyond type entryCount(281)
09-02 13:16:25.941  2412  2412 W ResourceType: For resource 0x7f1506f4, entry index(1780) is beyond type entryCount(281)
09-02 13:16:25.941  2412  2412 W ResourceType: For resource 0x7f150588, entry index(1416) is beyond type entryCount(281)
09-02 13:16:25.941  2412  2412 W ResourceType: For resource 0x7f15059f, entry index(1439) is beyond type entryCount(281)
09-02 13:16:25.941  2412  2412 W ResourceType: For resource 0x7f150649, entry index(1609) is beyond type entryCount(281)
09-02 13:16:25.941  2412  2412 W ResourceType: For resource 0x7f150442, entry index(1090) is beyond type entryCount(281)
09-02 13:16:25.941  2412  2412 W ResourceType: For resource 0x7f150718, entry index(1816) is beyond type entryCount(281)
09-02 13:16:25.941  2412  2412 W ResourceType: For resource 0x7f15017c, entry index(380) is beyond type entryCount(281)
09-02 13:16:25.941  2412  2412 W ResourceType: For resource 0x7f15059d, entry index(1437) is beyond type entryCount(281)
09-02 13:16:25.941  2412  2412 W ResourceType: For resource 0x7f15020a, entry index(522) is beyond type entryCount(281)
09-02 13:16:25.941  2412  2412 W ResourceType: For resource 0x7f150586, entry index(1414) is beyond type entryCount(281)
09-02 13:16:25.941  2412  2412 W ResourceType: For resource 0x7f15071c, entry index(1820) is beyond type entryCount(281)
09-02 13:16:25.941  2412  2412 W ResourceType: For resource 0x7f1502af, entry index(687) is beyond type entryCount(281)
09-02 13:16:25.941  2412  2412 W ResourceType: For resource 0x7f150274, entry index(628) is beyond type entryCount(281)
09-02 13:16:25.941  2412  2412 W ResourceType: For resource 0x7f150244, entry index(580) is beyond type entryCount(281)
09-02 13:16:25.941  2412  2412 W ResourceType: For resource 0x7f150274, entry index(628) is beyond type entryCount(281)
09-02 13:16:25.941  2412  2412 W ResourceType: For resource 0x7f150372, entry index(882) is beyond type entryCount(281)
09-02 13:16:25.941  2412  2412 W ResourceType: For resource 0x7f15035b, entry index(859) is beyond type entryCount(281)
09-02 13:16:25.941  2412  2412 W ResourceType: For resource 0x7f15035c, entry index(860) is beyond type entryCount(281)
09-02 13:16:25.941  2412  2412 W ResourceType: For resource 0x7f1502ad, entry index(685) is beyond type entryCount(281)
09-02 13:16:25.941  2412  2412 W ResourceType: For resource 0x7f150565, entry index(1381) is beyond type entryCount(281)
09-02 13:16:25.941  2412  2412 W ResourceType: For resource 0x7f150567, entry index(1383) is beyond type entryCount(281)
09-02 13:16:25.941  2412  2412 W ResourceType: For resource 0x7f150278, entry index(632) is beyond type entryCount(281)
09-02 13:16:25.941  2412  2412 I chatty  : uid=10158(u0_a158) identical 3 lines
09-02 13:16:25.942  2412  2412 W ResourceType: For resource 0x7f150278, entry index(632) is beyond type entryCount(281)
09-02 13:16:25.942  2412  2412 W ResourceType: For resource 0x7f150728, entry index(1832) is beyond type entryCount(281)
09-02 13:16:25.943  2412  2412 I chatty  : uid=10158(u0_a158) identical 6 lines
09-02 13:16:25.943  2412  2412 W ResourceType: For resource 0x7f150728, entry index(1832) is beyond type entryCount(281)
09-02 13:16:25.943  2607  2760 I VideoCapabilities: Unsupported profile 4 for video/mp4v-es
09-02 13:16:25.960  2412  2412 W ResourceType: For resource 0x7f1506f1, entry index(1777) is beyond type entryCount(281)
09-02 13:16:25.960  2412  2412 W ResourceType: For resource 0x7f1505fc, entry index(1532) is beyond type entryCount(281)
09-02 13:16:25.960  2412  2412 W ResourceType: For resource 0x7f150141, entry index(321) is beyond type entryCount(281)
09-02 13:16:25.960  2412  2412 W ResourceType: For resource 0x7f150153, entry index(339) is beyond type entryCount(281)
09-02 13:16:25.960  2412  2412 W ResourceType: For resource 0x7f1504f8, entry index(1272) is beyond type entryCount(281)
09-02 13:16:25.960  2412  2412 W ResourceType: For resource 0x7f1504f8, entry index(1272) is beyond type entryCount(281)
09-02 13:16:25.961  2412  2412 W ResourceType: For resource 0x7f150264, entry index(612) is beyond type entryCount(281)
09-02 13:16:25.961  2412  2412 W ResourceType: For resource 0x7f150264, entry index(612) is beyond type entryCount(281)
09-02 13:16:25.961  2412  2412 W ResourceType: For resource 0x7f1503cd, entry index(973) is beyond type entryCount(281)
09-02 13:16:25.961  2412  2412 W ResourceType: For resource 0x7f1503bc, entry index(956) is beyond type entryCount(281)
09-02 13:16:25.961  2412  2412 W ResourceType: For resource 0x7f150348, entry index(840) is beyond type entryCount(281)
09-02 13:16:25.962  2412  2412 W ResourceType: For resource 0x7f150264, entry index(612) is beyond type entryCount(281)
09-02 13:16:25.963  2412  2412 W ResourceType: For resource 0x7f15050e, entry index(1294) is beyond type entryCount(281)
09-02 13:16:25.963  2412  2412 W ResourceType: For resource 0x7f15061f, entry index(1567) is beyond type entryCount(281)
09-02 13:16:25.963  2412  2412 W ResourceType: For resource 0x7f15061f, entry index(1567) is beyond type entryCount(281)
09-02 13:16:25.963  2412  2412 W ResourceType: For resource 0x7f15058c, entry index(1420) is beyond type entryCount(281)
09-02 13:16:25.963  2412  2412 W ResourceType: For resource 0x7f150590, entry index(1424) is beyond type entryCount(281)
09-02 13:16:25.963  2412  2412 W ResourceType: For resource 0x7f15058e, entry index(1422) is beyond type entryCount(281)
09-02 13:16:25.963  2412  2412 W ResourceType: For resource 0x7f1504c3, entry index(1219) is beyond type entryCount(281)
09-02 13:16:25.963  2412  2412 W ResourceType: For resource 0x7f15059e, entry index(1438) is beyond type entryCount(281)
09-02 13:16:25.963  2412  2412 W ResourceType: For resource 0x7f150282, entry index(642) is beyond type entryCount(281)
09-02 13:16:25.963  2412  2412 W ResourceType: For resource 0x7f1504c3, entry index(1219) is beyond type entryCount(281)
09-02 13:16:25.963  2412  2412 W ResourceType: For resource 0x7f150719, entry index(1817) is beyond type entryCount(281)
09-02 13:16:25.963  2412  2412 W ResourceType: For resource 0x7f150578, entry index(1400) is beyond type entryCount(281)
09-02 13:16:25.963  2412  2412 W ResourceType: For resource 0x7f150284, entry index(644) is beyond type entryCount(281)
09-02 13:16:25.963  2412  2412 W ResourceType: For resource 0x7f150579, entry index(1401) is beyond type entryCount(281)
09-02 13:16:25.963  2412  2412 W ResourceType: For resource 0x7f1505e7, entry index(1511) is beyond type entryCount(281)
09-02 13:16:25.963  2412  2412 W ResourceType: For resource 0x7f15071e, entry index(1822) is beyond type entryCount(281)
09-02 13:16:25.963  2412  2412 I chatty  : uid=10158(u0_a158) identical 2 lines
09-02 13:16:25.963  2412  2412 W ResourceType: For resource 0x7f15071e, entry index(1822) is beyond type entryCount(281)
09-02 13:16:25.963  2412  2412 W ResourceType: For resource 0x7f150580, entry index(1408) is beyond type entryCount(281)
09-02 13:16:25.963  2412  2412 W ResourceType: For resource 0x7f15071e, entry index(1822) is beyond type entryCount(281)
09-02 13:16:25.963  2412  2412 W ResourceType: For resource 0x7f15017b, entry index(379) is beyond type entryCount(281)
09-02 13:16:25.963  2412  2412 W ResourceType: For resource 0x7f150283, entry index(643) is beyond type entryCount(281)
09-02 13:16:25.963  2412  2412 W ResourceType: For resource 0x7f1505a2, entry index(1442) is beyond type entryCount(281)
09-02 13:16:25.963  2412  2412 W ResourceType: For resource 0x7f1506f4, entry index(1780) is beyond type entryCount(281)
09-02 13:16:25.963  2412  2412 W ResourceType: For resource 0x7f150588, entry index(1416) is beyond type entryCount(281)
09-02 13:16:25.963  2412  2412 W ResourceType: For resource 0x7f15059f, entry index(1439) is beyond type entryCount(281)
09-02 13:16:25.963  2412  2412 W ResourceType: For resource 0x7f150649, entry index(1609) is beyond type entryCount(281)
09-02 13:16:25.963  2412  2412 W ResourceType: For resource 0x7f150442, entry index(1090) is beyond type entryCount(281)
09-02 13:16:25.963  2412  2412 W ResourceType: For resource 0x7f150718, entry index(1816) is beyond type entryCount(281)
09-02 13:16:25.963  2412  2412 W ResourceType: For resource 0x7f15017c, entry index(380) is beyond type entryCount(281)
09-02 13:16:25.963  2412  2412 W ResourceType: For resource 0x7f15059d, entry index(1437) is beyond type entryCount(281)
09-02 13:16:25.963  2412  2412 W ResourceType: For resource 0x7f15020a, entry index(522) is beyond type entryCount(281)
09-02 13:16:25.963  2412  2412 W ResourceType: For resource 0x7f150586, entry index(1414) is beyond type entryCount(281)
09-02 13:16:25.963  2412  2412 W ResourceType: For resource 0x7f15071c, entry index(1820) is beyond type entryCount(281)
09-02 13:16:25.963  2412  2412 W ResourceType: For resource 0x7f1502af, entry index(687) is beyond type entryCount(281)
09-02 13:16:25.963  2412  2412 W ResourceType: For resource 0x7f150274, entry index(628) is beyond type entryCount(281)
09-02 13:16:25.963  2412  2412 W ResourceType: For resource 0x7f150244, entry index(580) is beyond type entryCount(281)
09-02 13:16:25.963  2412  2412 W ResourceType: For resource 0x7f150274, entry index(628) is beyond type entryCount(281)
09-02 13:16:25.963  2412  2412 W ResourceType: For resource 0x7f150372, entry index(882) is beyond type entryCount(281)
09-02 13:16:25.963  2412  2412 W ResourceType: For resource 0x7f15035b, entry index(859) is beyond type entryCount(281)
09-02 13:16:25.963  2412  2412 W ResourceType: For resource 0x7f15035c, entry index(860) is beyond type entryCount(281)
09-02 13:16:25.963  2412  2412 W ResourceType: For resource 0x7f1502ad, entry index(685) is beyond type entryCount(281)
09-02 13:16:25.964  2412  2412 W ResourceType: For resource 0x7f150565, entry index(1381) is beyond type entryCount(281)
09-02 13:16:25.964  2412  2412 W ResourceType: For resource 0x7f150567, entry index(1383) is beyond type entryCount(281)
09-02 13:16:25.964  2412  2412 W ResourceType: For resource 0x7f150264, entry index(612) is beyond type entryCount(281)
09-02 13:16:25.964  2412  2412 I chatty  : uid=10158(u0_a158) identical 1 line
09-02 13:16:25.964  2412  2412 W ResourceType: For resource 0x7f150264, entry index(612) is beyond type entryCount(281)
09-02 13:16:25.966  2412  2412 W ResourceType: For resource 0x7f150314, entry index(788) is beyond type entryCount(281)
09-02 13:16:25.966  2412  2412 W ResourceType: For resource 0x7f150314, entry index(788) is beyond type entryCount(281)
09-02 13:16:25.966  2412  2412 W ResourceType: For resource 0x7f15030d, entry index(781) is beyond type entryCount(281)
09-02 13:16:25.968  2412  2412 W ResourceType: For resource 0x7f150264, entry index(612) is beyond type entryCount(281)
09-02 13:16:25.968  2412  2412 I chatty  : uid=10158(u0_a158) identical 1 line
09-02 13:16:25.968  2412  2412 W ResourceType: For resource 0x7f150264, entry index(612) is beyond type entryCount(281)
09-02 13:16:25.968  2412  2412 W ResourceType: For resource 0x7f150314, entry index(788) is beyond type entryCount(281)
09-02 13:16:25.975  2412  2412 W ResourceType: For resource 0x7f150264, entry index(612) is beyond type entryCount(281)
09-02 13:16:25.975  2412  2412 I chatty  : uid=10158(u0_a158) identical 1 line
09-02 13:16:25.975  2412  2412 W ResourceType: For resource 0x7f150264, entry index(612) is beyond type entryCount(281)
09-02 13:16:25.975  2412  2412 W ResourceType: For resource 0x7f150314, entry index(788) is beyond type entryCount(281)
09-02 13:16:25.976  2412  2412 W ResourceType: For resource 0x7f150264, entry index(612) is beyond type entryCount(281)
09-02 13:16:25.976  2412  2412 I chatty  : uid=10158(u0_a158) identical 1 line
09-02 13:16:25.976  2412  2412 W ResourceType: For resource 0x7f150264, entry index(612) is beyond type entryCount(281)
09-02 13:16:25.976  2412  2412 W ResourceType: For resource 0x7f150314, entry index(788) is beyond type entryCount(281)
09-02 13:16:25.978  2412  2412 I zygote  : Deoptimizing jc0 jc0.a(op9, int[]) due to JIT inline cache
09-02 13:16:25.978  2412  2412 I zygote  : Deoptimizing int jc0.e(op9, int, int[]) due to JIT same target
09-02 13:16:25.978  2412  2412 W ResourceType: For resource 0x7f1506f1, entry index(1777) is beyond type entryCount(281)
09-02 13:16:25.978  2412  2412 I chatty  : uid=10158(u0_a158) identical 2 lines
09-02 13:16:25.978  2412  2412 W ResourceType: For resource 0x7f1506f1, entry index(1777) is beyond type entryCount(281)
09-02 13:16:25.979  2412  2412 W ResourceType: For resource 0x7f150264, entry index(612) is beyond type entryCount(281)
09-02 13:16:25.979  2412  2412 W ResourceType: For resource 0x7f1506f1, entry index(1777) is beyond type entryCount(281)
09-02 13:16:25.980  2412  2412 I chatty  : uid=10158(u0_a158) identical 11 lines
