09-01 22:08:26.498 32726 32726 I cr_tabmodel: #isIncognitoTabBeingRestored from tabDetails:  false
09-01 22:08:26.498 32726 32726 I cr_tabmodel: #isIncognitoTabBeingRestored from tabDetails:  false
09-01 22:08:26.499 32726 32726 W cr_tabmodel: Failed to restore TabState; creating Tab with last known URL.
09-01 22:08:26.500   755   774 I cr_LibraryLoader: Using ModernLinker
09-01 22:08:26.502   755   774 W linker  : Warning: "/data/app/~~_KLlx60MH8CoecPTjMKp8g==/com.android.chrome-kw9RHYrlHKb9bPXi8OTClw==/base.apk!/lib/arm64-v8a/libchromium_android_linker.so" unused DT entry: unknown processor-specific (type 0x70000001 arg 0x0) (ignoring)
09-01 22:08:26.503   755   774 E cr_ChromiumAndroidLinker: ReserveAddressWithHint: Address range starting at 0x7a3870f000 was not free to use
09-01 22:08:26.510  1513  3240 D CompatibilityChangeReporter: Compat change id reported: 135634846; UID 10220; state: DISABLED
09-01 22:08:26.510  1513  3240 D CompatibilityChangeReporter: Compat change id reported: 135754954; UID 10220; state: ENABLED
09-01 22:08:26.511   840   840 E ocessService0:: Not starting debugger since process cannot load the jdwp agent.
09-01 22:08:26.512 32726 32726 E cr_IntentUtils: getBooleanExtra failed on intent null
09-01 22:08:26.512 32726 32726 E cr_IntentUtils: getBooleanExtra failed on intent null
09-01 22:08:26.517   791   791 W SystemServiceRegistry: No service published for: uimode
09-01 22:08:26.517   755   838 I cr_LibraryLoader: Successfully loaded native library
09-01 22:08:26.517   315   315 D Zygote  : Forked child process 856
09-01 22:08:26.521   755   838 I cr_CachingUmaRecorder: Flushed 3 samples from 3 histograms.
09-01 22:08:26.523 32726 32726 I cr_tabmodel: #isIncognitoTabBeingRestored from tabDetails:  false
09-01 22:08:26.523 32726 32726 I cr_tabmodel: #isIncognitoTabBeingRestored from tabDetails:  false
09-01 22:08:26.523 32726 32726 W cr_tabmodel: Failed to restore TabState; creating Tab with last known URL.
09-01 22:08:26.527   810   810 I LoadedApk: No resource references to update in package com.google.android.trichromelibrary
09-01 22:08:26.528   791   791 I cr_ChildProcessService: Creating new ChildProcessService pid=791
09-01 22:08:26.528   810   810 D NetworkSecurityConfig: Using Network Security Config from resource 0_resource_name_obfuscated debugBuild: false
09-01 22:08:26.529   810   810 D NetworkSecurityConfig: Using Network Security Config from resource 0_resource_name_obfuscated debugBuild: false
09-01 22:08:26.531   810   810 I cr_SplitCompatApp: Launched version=107.0.5304.91 minSdkVersion=29 isBundle=true processName=com.android.chrome:sandboxed_process0:org.chromium.content.app.SandboxedProcessService0:3 isIsolated=true
09-01 22:08:26.532  1513  3240 D CompatibilityChangeReporter: Compat change id reported: 136274596; UID 10220; state: ENABLED
09-01 22:08:26.534  1513  1625 I ActivityManager: Start proc 856:com.android.chrome:sandboxed_process0:org.chromium.content.app.SandboxedProcessService0:5/u0ai5 for  {com.android.chrome/org.chromium.content.app.SandboxedProcessService0:5}
09-01 22:08:26.535 32726 32726 E cr_IntentUtils: getBooleanExtra failed on intent null
09-01 22:08:26.535 32726 32726 E cr_IntentUtils: getBooleanExtra failed on intent null
09-01 22:08:26.535  1513  1625 W ActivityManager: Slow operation: 51ms so far, now at startProcess: done updating pids map
09-01 22:08:26.535  1513  1625 D CompatibilityChangeReporter: Compat change id reported: 143937733; UID 10220; state: ENABLED
09-01 22:08:26.536  1513  3161 D CompatibilityChangeReporter: Compat change id reported: 135634846; UID 10220; state: DISABLED
09-01 22:08:26.537  1513  3161 D CompatibilityChangeReporter: Compat change id reported: 135754954; UID 10220; state: ENABLED
09-01 22:08:26.541   856   856 E libc    : SetHeapTaggingLevel: re-enabling tagging after it was disabled is not supported
09-01 22:08:26.545   810   810 W SystemServiceRegistry: No service published for: uimode
09-01 22:08:26.546 32726 32726 I cr_tabmodel: #isIncognitoTabBeingRestored from tabDetails:  false
09-01 22:08:26.546 32726 32726 I cr_tabmodel: #isIncognitoTabBeingRestored from tabDetails:  false
09-01 22:08:26.547 32726 32726 W cr_tabmodel: Failed to restore TabState; creating Tab with last known URL.
09-01 22:08:26.547   791   828 I cr_LibraryLoader: Using ModernLinker
09-01 22:08:26.547   856   856 E ocessService0:: Not starting debugger since process cannot load the jdwp agent.
09-01 22:08:26.549   791   828 W linker  : Warning: "/data/app/~~_KLlx60MH8CoecPTjMKp8g==/com.android.chrome-kw9RHYrlHKb9bPXi8OTClw==/base.apk!/lib/arm64-v8a/libchromium_android_linker.so" unused DT entry: unknown processor-specific (type 0x70000001 arg 0x0) (ignoring)
09-01 22:08:26.551   791   828 E cr_ChromiumAndroidLinker: ReserveAddressWithHint: Address range starting at 0x7a3870f000 was not free to use
09-01 22:08:26.551   810   810 I cr_ChildProcessService: Creating new ChildProcessService pid=810
09-01 22:08:26.557   810   845 I cr_LibraryLoader: Using ModernLinker
09-01 22:08:26.558   791   862 I cr_LibraryLoader: Successfully loaded native library
09-01 22:08:26.558   840   840 I LoadedApk: No resource references to update in package com.google.android.trichromelibrary
09-01 22:08:26.559   840   840 D NetworkSecurityConfig: Using Network Security Config from resource 0_resource_name_obfuscated debugBuild: false
09-01 22:08:26.559 32726 32726 E cr_IntentUtils: getBooleanExtra failed on intent null
09-01 22:08:26.559 32726 32726 E cr_IntentUtils: getBooleanExtra failed on intent null
09-01 22:08:26.559   791   862 I cr_CachingUmaRecorder: Flushed 3 samples from 3 histograms.
09-01 22:08:26.559   810   845 W linker  : Warning: "/data/app/~~_KLlx60MH8CoecPTjMKp8g==/com.android.chrome-kw9RHYrlHKb9bPXi8OTClw==/base.apk!/lib/arm64-v8a/libchromium_android_linker.so" unused DT entry: unknown processor-specific (type 0x70000001 arg 0x0) (ignoring)
09-01 22:08:26.560   840   840 D NetworkSecurityConfig: Using Network Security Config from resource 0_resource_name_obfuscated debugBuild: false
09-01 22:08:26.560   810   845 E cr_ChromiumAndroidLinker: ReserveAddressWithHint: Address range starting at 0x7a3870f000 was not free to use
09-01 22:08:26.561  1513  3240 D CompatibilityChangeReporter: Compat change id reported: 136274596; UID 10220; state: ENABLED
09-01 22:08:26.563   840   840 I cr_SplitCompatApp: Launched version=107.0.5304.91 minSdkVersion=29 isBundle=true processName=com.android.chrome:sandboxed_process0:org.chromium.content.app.SandboxedProcessService0:4 isIsolated=true
09-01 22:08:26.564  1513  3232 D CompatibilityChangeReporter: Compat change id reported: 135634846; UID 10220; state: DISABLED
09-01 22:08:26.564  1513  3232 D CompatibilityChangeReporter: Compat change id reported: 135754954; UID 10220; state: ENABLED
09-01 22:08:26.565   315   315 D Zygote  : Forked child process 966
09-01 22:08:26.570  1513  1625 W ActivityManager: Slow operation: 60ms so far, now at startProcess: returned from zygote!
09-01 22:08:26.570  1513  1625 W ActivityManager: Slow operation: 61ms so far, now at startProcess: done updating battery stats
09-01 22:08:26.570   966   966 E libc    : SetHeapTaggingLevel: re-enabling tagging after it was disabled is not supported
09-01 22:08:26.570  1513  1625 W ActivityManager: Slow operation: 61ms so far, now at startProcess: building log message
09-01 22:08:26.570  1513  1625 I ActivityManager: Start proc 966:com.android.chrome:sandboxed_process0:org.chromium.content.app.SandboxedProcessService0:6/u0ai6 for  {com.android.chrome/org.chromium.content.app.SandboxedProcessService0:6}
09-01 22:08:26.570  1513  1625 W ActivityManager: Slow operation: 61ms so far, now at startProcess: starting to update pids map
09-01 22:08:26.571  1513  1625 W ActivityManager: Slow operation: 61ms so far, now at startProcess: done updating pids map
09-01 22:08:26.571  1513  1625 D CompatibilityChangeReporter: Compat change id reported: 143937733; UID 10220; state: ENABLED
09-01 22:08:26.574   810   937 I cr_LibraryLoader: Successfully loaded native library
09-01 22:08:26.575   966   966 E ocessService0:: Not starting debugger since process cannot load the jdwp agent.
09-01 22:08:26.576   810   937 I cr_CachingUmaRecorder: Flushed 3 samples from 3 histograms.
09-01 22:08:26.578 32726 32726 I cr_tabmodel: #isIncognitoTabBeingRestored from tabDetails:  false
09-01 22:08:26.578 32726 32726 I cr_tabmodel: #isIncognitoTabBeingRestored from tabDetails:  false
09-01 22:08:26.578 32726 32726 W cr_tabmodel: Failed to restore TabState; creating Tab with last known URL.
09-01 22:08:26.578   840   840 W SystemServiceRegistry: No service published for: uimode
09-01 22:08:26.584   840   840 I cr_ChildProcessService: Creating new ChildProcessService pid=840
09-01 22:08:26.588  1513  3240 D CompatibilityChangeReporter: Compat change id reported: 136274596; UID 10220; state: ENABLED
09-01 22:08:26.588   856   856 I LoadedApk: No resource references to update in package com.google.android.trichromelibrary
09-01 22:08:26.588   856   856 D NetworkSecurityConfig: Using Network Security Config from resource 0_resource_name_obfuscated debugBuild: false
09-01 22:08:26.589   856   856 D NetworkSecurityConfig: Using Network Security Config from resource 0_resource_name_obfuscated debugBuild: false
09-01 22:08:26.591   856   856 I cr_SplitCompatApp: Launched version=107.0.5304.91 minSdkVersion=29 isBundle=true processName=com.android.chrome:sandboxed_process0:org.chromium.content.app.SandboxedProcessService0:5 isIsolated=true
09-01 22:08:26.591 32726 32726 E cr_IntentUtils: getBooleanExtra failed on intent null
09-01 22:08:26.592 32726 32726 E cr_IntentUtils: getBooleanExtra failed on intent null
09-01 22:08:26.601  1513  3232 D CompatibilityChangeReporter: Compat change id reported: 135634846; UID 10220; state: DISABLED
09-01 22:08:26.601  1513  3232 D CompatibilityChangeReporter: Compat change id reported: 135754954; UID 10220; state: ENABLED
09-01 22:08:26.604   856   856 W SystemServiceRegistry: No service published for: uimode
09-01 22:08:26.605 32726 32726 I cr_tabmodel: #isIncognitoTabBeingRestored from tabDetails:  false
09-01 22:08:26.605 32726 32726 I cr_tabmodel: #isIncognitoTabBeingRestored from tabDetails:  false
09-01 22:08:26.605 32726 32726 W cr_tabmodel: Failed to restore TabState; creating Tab with last known URL.
09-01 22:08:26.608   315   315 D Zygote  : Forked child process 1035
09-01 22:08:26.609  1513  1625 W ActivityManager: Slow operation: 73ms so far, now at startProcess: returned from zygote!
09-01 22:08:26.610  1513  1625 W ActivityManager: Slow operation: 73ms so far, now at startProcess: done updating battery stats
09-01 22:08:26.610  1513  1625 W ActivityManager: Slow operation: 73ms so far, now at startProcess: building log message
09-01 22:08:26.610  1513  1625 I ActivityManager: Start proc 1035:com.android.chrome:sandboxed_process0:org.chromium.content.app.SandboxedProcessService0:7/u0ai7 for  {com.android.chrome/org.chromium.content.app.SandboxedProcessService0:7}
09-01 22:08:26.610  1513  1625 W ActivityManager: Slow operation: 74ms so far, now at startProcess: starting to update pids map
09-01 22:08:26.610  1513  1625 W ActivityManager: Slow operation: 74ms so far, now at startProcess: done updating pids map
09-01 22:08:26.610  1513  1625 D CompatibilityChangeReporter: Compat change id reported: 143937733; UID 10220; state: ENABLED
09-01 22:08:26.611   840   865 I cr_LibraryLoader: Using ModernLinker
09-01 22:08:26.613   840   865 W linker  : Warning: "/data/app/~~_KLlx60MH8CoecPTjMKp8g==/com.android.chrome-kw9RHYrlHKb9bPXi8OTClw==/base.apk!/lib/arm64-v8a/libchromium_android_linker.so" unused DT entry: unknown processor-specific (type 0x70000001 arg 0x0) (ignoring)
09-01 22:08:26.613   856   856 I cr_ChildProcessService: Creating new ChildProcessService pid=856
09-01 22:08:26.615   840   865 E cr_ChromiumAndroidLinker: ReserveAddressWithHint: Address range starting at 0x7a3870f000 was not free to use
09-01 22:08:26.620 32726 32726 E cr_IntentUtils: getBooleanExtra failed on intent null
09-01 22:08:26.620 32726 32726 E cr_IntentUtils: getBooleanExtra failed on intent null
09-01 22:08:26.624  1035  1035 E libc    : SetHeapTaggingLevel: re-enabling tagging after it was disabled is not supported
09-01 22:08:26.626   840  1018 I cr_LibraryLoader: Successfully loaded native library
09-01 22:08:26.632   856   978 I cr_LibraryLoader: Using ModernLinker
09-01 22:08:26.633   966   966 I LoadedApk: No resource references to update in package com.google.android.trichromelibrary
09-01 22:08:26.634   966   966 D NetworkSecurityConfig: Using Network Security Config from resource 0_resource_name_obfuscated debugBuild: false
09-01 22:08:26.634   856   978 W linker  : Warning: "/data/app/~~_KLlx60MH8CoecPTjMKp8g==/com.android.chrome-kw9RHYrlHKb9bPXi8OTClw==/base.apk!/lib/arm64-v8a/libchromium_android_linker.so" unused DT entry: unknown processor-specific (type 0x70000001 arg 0x0) (ignoring)
09-01 22:08:26.635   966   966 D NetworkSecurityConfig: Using Network Security Config from resource 0_resource_name_obfuscated debugBuild: false
09-01 22:08:26.635   856   978 E cr_ChromiumAndroidLinker: ReserveAddressWithHint: Address range starting at 0x7a3870f000 was not free to use
09-01 22:08:26.636   840  1018 I cr_CachingUmaRecorder: Flushed 3 samples from 3 histograms.
09-01 22:08:26.637 32726 32726 I cr_tabmodel: #isIncognitoTabBeingRestored from tabDetails:  false
09-01 22:08:26.637 32726 32726 I cr_tabmodel: #isIncognitoTabBeingRestored from tabDetails:  false
09-01 22:08:26.637 32726 32726 W cr_tabmodel: Failed to restore TabState; creating Tab with last known URL.
09-01 22:08:26.638   966   966 I cr_SplitCompatApp: Launched version=107.0.5304.91 minSdkVersion=29 isBundle=true processName=com.android.chrome:sandboxed_process0:org.chromium.content.app.SandboxedProcessService0:6 isIsolated=true
09-01 22:08:26.645   856  1049 I cr_LibraryLoader: Successfully loaded native library
09-01 22:08:26.646   856  1049 I cr_CachingUmaRecorder: Flushed 3 samples from 3 histograms.
09-01 22:08:26.646   315   315 D Zygote  : Forked child process 1073
09-01 22:08:26.650  1035  1035 E ocessService0:: Not starting debugger since process cannot load the jdwp agent.
09-01 22:08:26.650  1073  1073 E libc    : SetHeapTaggingLevel: re-enabling tagging after it was disabled is not supported
09-01 22:08:26.652 32726 32726 E cr_IntentUtils: getBooleanExtra failed on intent null
09-01 22:08:26.652 32726 32726 E cr_IntentUtils: getBooleanExtra failed on intent null
09-01 22:08:26.655  1513  1625 W ActivityManager: Slow operation: 91ms so far, now at startProcess: returned from zygote!
09-01 22:08:26.656  1513  1625 W ActivityManager: Slow operation: 92ms so far, now at startProcess: done updating battery stats
09-01 22:08:26.656  1513  1625 W ActivityManager: Slow operation: 92ms so far, now at startProcess: building log message
09-01 22:08:26.656  1513  1625 I ActivityManager: Start proc 1073:com.android.chrome:sandboxed_process0:org.chromium.content.app.SandboxedProcessService0:8/u0ai8 for  {com.android.chrome/org.chromium.content.app.SandboxedProcessService0:8}
09-01 22:08:26.656  1513  1625 W ActivityManager: Slow operation: 92ms so far, now at startProcess: starting to update pids map
09-01 22:08:26.656  1513  1625 W ActivityManager: Slow operation: 92ms so far, now at startProcess: done updating pids map
09-01 22:08:26.656  1513  1625 W ActivityManager: Slow operation: 55ms so far, now at startProcess: asking zygote to start proc
09-01 22:08:26.659  1513  3240 D CompatibilityChangeReporter: Compat change id reported: 136274596; UID 10220; state: ENABLED
09-01 22:08:26.661   966   966 W SystemServiceRegistry: No service published for: uimode
09-01 22:08:26.664 32726 32726 I cr_tabmodel: #isIncognitoTabBeingRestored from tabDetails:  false
09-01 22:08:26.664 32726 32726 I cr_tabmodel: #isIncognitoTabBeingRestored from tabDetails:  false
09-01 22:08:26.664 32726 32726 W cr_tabmodel: Failed to restore TabState; creating Tab with last known URL.
09-01 22:08:26.672  1073  1073 E ocessService0:: Not starting debugger since process cannot load the jdwp agent.
09-01 22:08:26.677 32726 32726 E cr_IntentUtils: getBooleanExtra failed on intent null
09-01 22:08:26.677 32726 32726 E cr_IntentUtils: getBooleanExtra failed on intent null
09-01 22:08:26.677  1513  2905 D CompatibilityChangeReporter: Compat change id reported: 135634846; UID 10220; state: DISABLED
09-01 22:08:26.677  1513  2905 D CompatibilityChangeReporter: Compat change id reported: 135754954; UID 10220; state: ENABLED
09-01 22:08:26.679   315   315 D Zygote  : Forked child process 1152
09-01 22:08:26.684   966   966 I cr_ChildProcessService: Creating new ChildProcessService pid=966
09-01 22:08:26.686  1152  1152 E libc    : SetHeapTaggingLevel: re-enabling tagging after it was disabled is not supported
09-01 22:08:26.686  1513  1625 W ActivityManager: Slow operation: 85ms so far, now at startProcess: returned from zygote!
09-01 22:08:26.686  1513  1625 W ActivityManager: Slow operation: 86ms so far, now at startProcess: done updating battery stats
09-01 22:08:26.686  1513  1625 W ActivityManager: Slow operation: 86ms so far, now at startProcess: building log message
09-01 22:08:26.686  1513  1625 I ActivityManager: Start proc 1152:com.android.chrome:sandboxed_process0:org.chromium.content.app.SandboxedProcessService0:9/u0ai9 for  {com.android.chrome/org.chromium.content.app.SandboxedProcessService0:9}
09-01 22:08:26.686  1513  1625 W ActivityManager: Slow operation: 86ms so far, now at startProcess: starting to update pids map
09-01 22:08:26.686  1513  1625 W ActivityManager: Slow operation: 86ms so far, now at startProcess: done updating pids map
09-01 22:08:26.686  1513  1625 W ActivityManager: Slow operation: 64ms so far, now at startProcess: asking zygote to start proc
09-01 22:08:26.687  1513  1625 D CompatibilityChangeReporter: Compat change id reported: 143937733; UID 10220; state: ENABLED
09-01 22:08:26.691   966  1020 I cr_LibraryLoader: Using ModernLinker
09-01 22:08:26.693 32726 32726 I cr_tabmodel: #isIncognitoTabBeingRestored from tabDetails:  false
09-01 22:08:26.693 32726 32726 I cr_tabmodel: #isIncognitoTabBeingRestored from tabDetails:  false
09-01 22:08:26.693 32726 32726 W cr_tabmodel: Failed to restore TabState; creating Tab with last known URL.
09-01 22:08:26.693   966  1020 W linker  : Warning: "/data/app/~~_KLlx60MH8CoecPTjMKp8g==/com.android.chrome-kw9RHYrlHKb9bPXi8OTClw==/base.apk!/lib/arm64-v8a/libchromium_android_linker.so" unused DT entry: unknown processor-specific (type 0x70000001 arg 0x0) (ignoring)
09-01 22:08:26.694   966  1020 E cr_ChromiumAndroidLinker: ReserveAddressWithHint: Address range starting at 0x7a3870f000 was not free to use
09-01 22:08:26.702  1152  1152 E ocessService0:: Not starting debugger since process cannot load the jdwp agent.
09-01 22:08:26.707 32726 32726 E cr_IntentUtils: getBooleanExtra failed on intent null
09-01 22:08:26.707 32726 32726 E cr_IntentUtils: getBooleanExtra failed on intent null
09-01 22:08:26.710  1513  3240 D CompatibilityChangeReporter: Compat change id reported: 136274596; UID 10220; state: ENABLED
09-01 22:08:26.711  1035  1035 I LoadedApk: No resource references to update in package com.google.android.trichromelibrary
09-01 22:08:26.711  1035  1035 D NetworkSecurityConfig: Using Network Security Config from resource 0_resource_name_obfuscated debugBuild: false
09-01 22:08:26.715 32726 32726 I cr_tabmodel: #isIncognitoTabBeingRestored from tabDetails:  false
09-01 22:08:26.715 32726 32726 I cr_tabmodel: #isIncognitoTabBeingRestored from tabDetails:  false
09-01 22:08:26.715 32726 32726 W cr_tabmodel: Failed to restore TabState; creating Tab with last known URL.
09-01 22:08:26.716  1035  1035 D NetworkSecurityConfig: Using Network Security Config from resource 0_resource_name_obfuscated debugBuild: false
09-01 22:08:26.717  1035  1035 I cr_SplitCompatApp: Launched version=107.0.5304.91 minSdkVersion=29 isBundle=true processName=com.android.chrome:sandboxed_process0:org.chromium.content.app.SandboxedProcessService0:7 isIsolated=true
09-01 22:08:26.721   315   315 D Zygote  : Forked child process 1241
09-01 22:08:26.725  1241  1241 E libc    : SetHeapTaggingLevel: re-enabling tagging after it was disabled is not supported
09-01 22:08:26.726  1513  1625 W ActivityManager: Slow operation: 104ms so far, now at startProcess: returned from zygote!
09-01 22:08:26.726  1513  1625 W ActivityManager: Slow operation: 104ms so far, now at startProcess: done updating battery stats
09-01 22:08:26.726  1513  1625 W ActivityManager: Slow operation: 104ms so far, now at startProcess: building log message
09-01 22:08:26.726  1513  1625 I ActivityManager: Start proc 1241:com.android.chrome:sandboxed_process0:org.chromium.content.app.SandboxedProcessService0:10/u0ai10 for  {com.android.chrome/org.chromium.content.app.SandboxedProcessService0:10}
09-01 22:08:26.726  1513  1625 W ActivityManager: Slow operation: 104ms so far, now at startProcess: starting to update pids map
09-01 22:08:26.726  1513  1625 W ActivityManager: Slow operation: 104ms so far, now at startProcess: done updating pids map
09-01 22:08:26.727  1513  1625 W ActivityManager: Slow operation: 71ms so far, now at startProcess: asking zygote to start proc
09-01 22:08:26.727  1513  1625 D CompatibilityChangeReporter: Compat change id reported: 143937733; UID 10220; state: ENABLED
09-01 22:08:26.732 32726 32726 E cr_IntentUtils: getBooleanExtra failed on intent null
09-01 22:08:26.732 32726 32726 E cr_IntentUtils: getBooleanExtra failed on intent null
09-01 22:08:26.736  1513  3240 D CompatibilityChangeReporter: Compat change id reported: 136274596; UID 10220; state: ENABLED
09-01 22:08:26.738   966  1176 I cr_LibraryLoader: Successfully loaded native library
09-01 22:08:26.739  1035  1035 W SystemServiceRegistry: No service published for: uimode
09-01 22:08:26.740  1513  8504 D CompatibilityChangeReporter: Compat change id reported: 135634846; UID 10220; state: DISABLED
09-01 22:08:26.740  1513  8504 D CompatibilityChangeReporter: Compat change id reported: 135754954; UID 10220; state: ENABLED
09-01 22:08:26.740 32726 32726 I cr_tabmodel: #isIncognitoTabBeingRestored from tabDetails:  false
09-01 22:08:26.740 32726 32726 I cr_tabmodel: #isIncognitoTabBeingRestored from tabDetails:  false
09-01 22:08:26.741 32726 32726 W cr_tabmodel: Failed to restore TabState; creating Tab with last known URL.
09-01 22:08:26.741   966  1176 I cr_CachingUmaRecorder: Flushed 3 samples from 3 histograms.
09-01 22:08:26.744  1241  1241 E cessService0:1: Not starting debugger since process cannot load the jdwp agent.
09-01 22:08:26.755  1035  1035 I cr_ChildProcessService: Creating new ChildProcessService pid=1035
09-01 22:08:26.756 32726 32726 E cr_IntentUtils: getBooleanExtra failed on intent null
09-01 22:08:26.756 32726 32726 E cr_IntentUtils: getBooleanExtra failed on intent null
09-01 22:08:26.761 32726 32726 I cr_tabmodel: #isIncognitoTabBeingRestored from tabDetails:  false
09-01 22:08:26.761 32726 32726 I cr_tabmodel: #isIncognitoTabBeingRestored from tabDetails:  false
09-01 22:08:26.761 32726 32726 W cr_tabmodel: Failed to restore TabState; creating Tab with last known URL.
09-01 22:08:26.761  1513  2905 D CompatibilityChangeReporter: Compat change id reported: 136274596; UID 10220; state: ENABLED
09-01 22:08:26.762  1073  1073 I LoadedApk: No resource references to update in package com.google.android.trichromelibrary
09-01 22:08:26.763  1073  1073 D NetworkSecurityConfig: Using Network Security Config from resource 0_resource_name_obfuscated debugBuild: false
09-01 22:08:26.764  1035  1134 I cr_LibraryLoader: Using ModernLinker
09-01 22:08:26.764  1073  1073 D NetworkSecurityConfig: Using Network Security Config from resource 0_resource_name_obfuscated debugBuild: false
09-01 22:08:26.765  1035  1134 W linker  : Warning: "/data/app/~~_KLlx60MH8CoecPTjMKp8g==/com.android.chrome-kw9RHYrlHKb9bPXi8OTClw==/base.apk!/lib/arm64-v8a/libchromium_android_linker.so" unused DT entry: unknown processor-specific (type 0x70000001 arg 0x0) (ignoring)
09-01 22:08:26.765  1035  1134 E cr_ChromiumAndroidLinker: ReserveAddressWithHint: Address range starting at 0x7a3870f000 was not free to use
09-01 22:08:26.766  1073  1073 I cr_SplitCompatApp: Launched version=107.0.5304.91 minSdkVersion=29 isBundle=true processName=com.android.chrome:sandboxed_process0:org.chromium.content.app.SandboxedProcessService0:8 isIsolated=true
09-01 22:08:26.772  1152  1152 I LoadedApk: No resource references to update in package com.google.android.trichromelibrary
09-01 22:08:26.772  1513  2905 D CompatibilityChangeReporter: Compat change id reported: 135634846; UID 10220; state: DISABLED
09-01 22:08:26.772  1513  2905 D CompatibilityChangeReporter: Compat change id reported: 135754954; UID 10220; state: ENABLED
09-01 22:08:26.774  1152  1152 D NetworkSecurityConfig: Using Network Security Config from resource 0_resource_name_obfuscated debugBuild: false
09-01 22:08:26.776 32726 32726 E cr_IntentUtils: getBooleanExtra failed on intent null
09-01 22:08:26.776 32726 32726 E cr_IntentUtils: getBooleanExtra failed on intent null
09-01 22:08:26.776  1152  1152 D NetworkSecurityConfig: Using Network Security Config from resource 0_resource_name_obfuscated debugBuild: false
09-01 22:08:26.778  1152  1152 I cr_SplitCompatApp: Launched version=107.0.5304.91 minSdkVersion=29 isBundle=true processName=com.android.chrome:sandboxed_process0:org.chromium.content.app.SandboxedProcessService0:9 isIsolated=true
09-01 22:08:26.784  1073  1073 W SystemServiceRegistry: No service published for: uimode
09-01 22:08:26.784 32726 32726 I cr_tabmodel: #isIncognitoTabBeingRestored from tabDetails:  false
09-01 22:08:26.784 32726 32726 I cr_tabmodel: #isIncognitoTabBeingRestored from tabDetails:  false
09-01 22:08:26.785 32726 32726 W cr_tabmodel: Failed to restore TabState; creating Tab with last known URL.
09-01 22:08:26.787  1035  1260 I cr_LibraryLoader: Successfully loaded native library
09-01 22:08:26.787  1035  1260 I cr_CachingUmaRecorder: Flushed 3 samples from 3 histograms.
09-01 22:08:26.791  1152  1152 W SystemServiceRegistry: No service published for: uimode
09-01 22:08:26.795  1073  1073 I cr_ChildProcessService: Creating new ChildProcessService pid=1073
09-01 22:08:26.799   315   315 D Zygote  : Forked child process 1278
09-01 22:08:26.801  1073  1246 I cr_LibraryLoader: Using ModernLinker
09-01 22:08:26.801  1152  1152 I cr_ChildProcessService: Creating new ChildProcessService pid=1152
09-01 22:08:26.801  1278  1278 E libc    : SetHeapTaggingLevel: re-enabling tagging after it was disabled is not supported
09-01 22:08:26.801  1513  1625 W ActivityManager: Slow operation: 146ms so far, now at startProcess: returned from zygote!
09-01 22:08:26.802  1513  1625 W ActivityManager: Slow operation: 146ms so far, now at startProcess: done updating battery stats
09-01 22:08:26.802  1513  1625 W ActivityManager: Slow operation: 146ms so far, now at startProcess: building log message
09-01 22:08:26.802  1513  1625 I ActivityManager: Start proc 1278:com.android.chrome:sandboxed_process0:org.chromium.content.app.SandboxedProcessService0:11/u0ai11 for  {com.android.chrome/org.chromium.content.app.SandboxedProcessService0:11}
09-01 22:08:26.802  1513  1625 W ActivityManager: Slow operation: 147ms so far, now at startProcess: starting to update pids map
09-01 22:08:26.802  1073  1246 W linker  : Warning: "/data/app/~~_KLlx60MH8CoecPTjMKp8g==/com.android.chrome-kw9RHYrlHKb9bPXi8OTClw==/base.apk!/lib/arm64-v8a/libchromium_android_linker.so" unused DT entry: unknown processor-specific (type 0x70000001 arg 0x0) (ignoring)
09-01 22:08:26.802  1513  1625 W ActivityManager: Slow operation: 147ms so far, now at startProcess: done updating pids map
09-01 22:08:26.802  1513  1625 W ActivityManager: Slow operation: 126ms so far, now at startProcess: asking zygote to start proc
09-01 22:08:26.802  1513  1625 D CompatibilityChangeReporter: Compat change id reported: 143937733; UID 10220; state: ENABLED
09-01 22:08:26.802  1073  1246 E cr_ChromiumAndroidLinker: ReserveAddressWithHint: Address range starting at 0x7a3870f000 was not free to use
09-01 22:08:26.807 32726 32726 E cr_IntentUtils: getBooleanExtra failed on intent null
09-01 22:08:26.807 32726 32726 E cr_IntentUtils: getBooleanExtra failed on intent null
09-01 22:08:26.807  1241  1241 I LoadedApk: No resource references to update in package com.google.android.trichromelibrary
09-01 22:08:26.808  1241  1241 D NetworkSecurityConfig: Using Network Security Config from resource 0_resource_name_obfuscated debugBuild: false
09-01 22:08:26.809  1241  1241 D NetworkSecurityConfig: Using Network Security Config from resource 0_resource_name_obfuscated debugBuild: false
09-01 22:08:26.810  1241  1241 I cr_SplitCompatApp: Launched version=107.0.5304.91 minSdkVersion=29 isBundle=true processName=com.android.chrome:sandboxed_process0:org.chromium.content.app.SandboxedProcessService0:10 isIsolated=true
09-01 22:08:26.813  1073  1277 I cr_LibraryLoader: Successfully loaded native library
09-01 22:08:26.815  1152  1253 I cr_LibraryLoader: Using ModernLinker
09-01 22:08:26.816 32726 32726 I cr_tabmodel: #isIncognitoTabBeingRestored from tabDetails:  false
09-01 22:08:26.816 32726 32726 I cr_tabmodel: #isIncognitoTabBeingRestored from tabDetails:  false
09-01 22:08:26.816 32726 32726 W cr_tabmodel: Failed to restore TabState; creating Tab with last known URL.
09-01 22:08:26.817  1152  1253 W linker  : Warning: "/data/app/~~_KLlx60MH8CoecPTjMKp8g==/com.android.chrome-kw9RHYrlHKb9bPXi8OTClw==/base.apk!/lib/arm64-v8a/libchromium_android_linker.so" unused DT entry: unknown processor-specific (type 0x70000001 arg 0x0) (ignoring)
09-01 22:08:26.819  1152  1253 E cr_ChromiumAndroidLinker: ReserveAddressWithHint: Address range starting at 0x7a3870f000 was not free to use
09-01 22:08:26.821  1073  1277 I cr_CachingUmaRecorder: Flushed 3 samples from 3 histograms.
09-01 22:08:26.824  1241  1241 W SystemServiceRegistry: No service published for: uimode
09-01 22:08:26.824  1278  1278 E cessService0:1: Not starting debugger since process cannot load the jdwp agent.
09-01 22:08:26.833  1241  1241 I cr_ChildProcessService: Creating new ChildProcessService pid=1241
09-01 22:08:26.838 32726 32726 E cr_IntentUtils: getBooleanExtra failed on intent null
09-01 22:08:26.838 32726 32726 E cr_IntentUtils: getBooleanExtra failed on intent null
09-01 22:08:26.844 32726 32726 I cr_tabmodel: #isIncognitoTabBeingRestored from tabDetails:  false
09-01 22:08:26.844 32726 32726 I cr_tabmodel: #isIncognitoTabBeingRestored from tabDetails:  false
09-01 22:08:26.845 32726 32726 W cr_tabmodel: Failed to restore TabState; creating Tab with last known URL.
09-01 22:08:26.846  1513  2905 D CompatibilityChangeReporter: Compat change id reported: 136274596; UID 10220; state: ENABLED
09-01 22:08:26.856  1241  1263 I cr_LibraryLoader: Using ModernLinker
09-01 22:08:26.858  1152  1283 I cr_LibraryLoader: Successfully loaded native library
09-01 22:08:26.859  1152  1283 I cr_CachingUmaRecorder: Flushed 3 samples from 3 histograms.
09-01 22:08:26.859  1241  1263 W linker  : Warning: "/data/app/~~_KLlx60MH8CoecPTjMKp8g==/com.android.chrome-kw9RHYrlHKb9bPXi8OTClw==/base.apk!/lib/arm64-v8a/libchromium_android_linker.so" unused DT entry: unknown processor-specific (type 0x70000001 arg 0x0) (ignoring)
09-01 22:08:26.859  1241  1263 E cr_ChromiumAndroidLinker: ReserveAddressWithHint: Address range starting at 0x7a3870f000 was not free to use
09-01 22:08:26.866  1241  1299 I cr_LibraryLoader: Successfully loaded native library
09-01 22:08:26.867  1513  8504 D CompatibilityChangeReporter: Compat change id reported: 135634846; UID 10220; state: DISABLED
09-01 22:08:26.867  1241  1299 I cr_CachingUmaRecorder: Flushed 3 samples from 3 histograms.
09-01 22:08:26.867  1513  8504 D CompatibilityChangeReporter: Compat change id reported: 135754954; UID 10220; state: ENABLED
09-01 22:08:26.874 32726 32726 E cr_IntentUtils: getBooleanExtra failed on intent null
09-01 22:08:26.874 32726 32726 E cr_IntentUtils: getBooleanExtra failed on intent null
09-01 22:08:26.876   315   315 D Zygote  : Forked child process 1321
09-01 22:08:26.878  1513  1625 W ActivityManager: Slow operation: 201ms so far, now at startProcess: returned from zygote!
09-01 22:08:26.878  1513  1625 W ActivityManager: Slow operation: 202ms so far, now at startProcess: done updating battery stats
09-01 22:08:26.879  1513  1625 W ActivityManager: Slow operation: 202ms so far, now at startProcess: building log message
09-01 22:08:26.879  1513  1625 I ActivityManager: Start proc 1321:com.android.chrome:sandboxed_process0:org.chromium.content.app.SandboxedProcessService0:12/u0ai12 for  {com.android.chrome/org.chromium.content.app.SandboxedProcessService0:12}
09-01 22:08:26.879  1513  1625 W ActivityManager: Slow operation: 202ms so far, now at startProcess: starting to update pids map
09-01 22:08:26.882  1513  1625 W ActivityManager: Slow operation: 206ms so far, now at startProcess: done updating pids map
09-01 22:08:26.883  1513  1625 W ActivityManager: Slow operation: 176ms so far, now at startProcess: asking zygote to start proc
09-01 22:08:26.883  1513  1625 D CompatibilityChangeReporter: Compat change id reported: 143937733; UID 10220; state: ENABLED
09-01 22:08:26.885 32726 32726 I cr_tabmodel: #isIncognitoTabBeingRestored from tabDetails:  false
09-01 22:08:26.885 32726 32726 I cr_tabmodel: #isIncognitoTabBeingRestored from tabDetails:  false
09-01 22:08:26.885 32726 32726 W cr_tabmodel: Failed to restore TabState; creating Tab with last known URL.
09-01 22:08:26.890  1321  1321 E libc    : SetHeapTaggingLevel: re-enabling tagging after it was disabled is not supported
09-01 22:08:26.902  1278  1278 I LoadedApk: No resource references to update in package com.google.android.trichromelibrary
09-01 22:08:26.903  1278  1278 D NetworkSecurityConfig: Using Network Security Config from resource 0_resource_name_obfuscated debugBuild: false
09-01 22:08:26.903  1321  1321 E cessService0:1: Not starting debugger since process cannot load the jdwp agent.
09-01 22:08:26.904  1278  1278 D NetworkSecurityConfig: Using Network Security Config from resource 0_resource_name_obfuscated debugBuild: false
09-01 22:08:26.909  1278  1278 I cr_SplitCompatApp: Launched version=107.0.5304.91 minSdkVersion=29 isBundle=true processName=com.android.chrome:sandboxed_process0:org.chromium.content.app.SandboxedProcessService0:11 isIsolated=true
09-01 22:08:26.911 32726 32726 E cr_IntentUtils: getBooleanExtra failed on intent null
09-01 22:08:26.911 32726 32726 E cr_IntentUtils: getBooleanExtra failed on intent null
09-01 22:08:26.923 32726 32726 I cr_tabmodel: #isIncognitoTabBeingRestored from tabDetails:  false
09-01 22:08:26.923 32726 32726 I cr_tabmodel: #isIncognitoTabBeingRestored from tabDetails:  false
09-01 22:08:26.923 32726 32726 W cr_tabmodel: Failed to restore TabState; creating Tab with last known URL.
09-01 22:08:26.925  1278  1278 W SystemServiceRegistry: No service published for: uimode
09-01 22:08:26.934 32726 32726 E cr_IntentUtils: getBooleanExtra failed on intent null
09-01 22:08:26.934 32726 32726 E cr_IntentUtils: getBooleanExtra failed on intent null
09-01 22:08:26.935  1278  1278 I cr_ChildProcessService: Creating new ChildProcessService pid=1278
09-01 22:08:26.935   315   315 D Zygote  : Forked child process 1359
09-01 22:08:26.937  1359  1359 E libc    : SetHeapTaggingLevel: re-enabling tagging after it was disabled is not supported
09-01 22:08:26.945  1278  1309 I cr_LibraryLoader: Using ModernLinker
09-01 22:08:26.948 32726 32726 I cr_tabmodel: #isIncognitoTabBeingRestored from tabDetails:  false
09-01 22:08:26.948 32726 32726 I cr_tabmodel: #isIncognitoTabBeingRestored from tabDetails:  false
09-01 22:08:26.948 32726 32726 W cr_tabmodel: Failed to restore TabState; creating Tab with last known URL.
09-01 22:08:26.949  1278  1309 W linker  : Warning: "/data/app/~~_KLlx60MH8CoecPTjMKp8g==/com.android.chrome-kw9RHYrlHKb9bPXi8OTClw==/base.apk!/lib/arm64-v8a/libchromium_android_linker.so" unused DT entry: unknown processor-specific (type 0x70000001 arg 0x0) (ignoring)
09-01 22:08:26.950  1513  1625 W ActivityManager: Slow operation: 243ms so far, now at startProcess: returned from zygote!
09-01 22:08:26.950  1278  1309 E cr_ChromiumAndroidLinker: ReserveAddressWithHint: Address range starting at 0x7a3870f000 was not free to use
09-01 22:08:26.956  1513  2905 D CompatibilityChangeReporter: Compat change id reported: 136274596; UID 10220; state: ENABLED
09-01 22:08:26.957  1278  1358 I cr_LibraryLoader: Successfully loaded native library
09-01 22:08:26.958  1278  1358 I cr_CachingUmaRecorder: Flushed 3 samples from 3 histograms.
09-01 22:08:26.959  1513  1625 W ActivityManager: Slow operation: 252ms so far, now at startProcess: done updating battery stats
09-01 22:08:26.959  1513  1625 W ActivityManager: Slow operation: 252ms so far, now at startProcess: building log message
09-01 22:08:26.959  1513  1625 I ActivityManager: Start proc 1359:com.android.chrome:sandboxed_process0:org.chromium.content.app.SandboxedProcessService0:13/u0ai13 for  {com.android.chrome/org.chromium.content.app.SandboxedProcessService0:13}
09-01 22:08:26.959  1513  1625 W ActivityManager: Slow operation: 252ms so far, now at startProcess: starting to update pids map
09-01 22:08:26.959  1513  1625 W ActivityManager: Slow operation: 253ms so far, now at startProcess: done updating pids map
09-01 22:08:26.959  1513  1625 W ActivityManager: Slow operation: 220ms so far, now at startProcess: asking zygote to start proc
09-01 22:08:26.959  1513  1625 D CompatibilityChangeReporter: Compat change id reported: 143937733; UID 10220; state: ENABLED
09-01 22:08:26.960 32726 32726 E cr_IntentUtils: getBooleanExtra failed on intent null
09-01 22:08:26.960 32726 32726 E cr_IntentUtils: getBooleanExtra failed on intent null
09-01 22:08:26.960  1359  1359 E cessService0:1: Not starting debugger since process cannot load the jdwp agent.
09-01 22:08:26.961  1513  3240 D CompatibilityChangeReporter: Compat change id reported: 135634846; UID 10220; state: DISABLED
09-01 22:08:26.961  1513  3240 D CompatibilityChangeReporter: Compat change id reported: 135754954; UID 10220; state: ENABLED
09-01 22:08:26.965 32726 32726 I cr_tabmodel: #isIncognitoTabBeingRestored from tabDetails:  false
09-01 22:08:26.965 32726 32726 I cr_tabmodel: #isIncognitoTabBeingRestored from tabDetails:  false
09-01 22:08:26.966 32726 32726 W cr_tabmodel: Failed to restore TabState; creating Tab with last known URL.
09-01 22:08:26.981 32726 32726 E cr_IntentUtils: getBooleanExtra failed on intent null
09-01 22:08:26.981 32726 32726 E cr_IntentUtils: getBooleanExtra failed on intent null
09-01 22:08:26.986   315   315 D Zygote  : Forked child process 1399
09-01 22:08:26.990  1399  1399 E libc    : SetHeapTaggingLevel: re-enabling tagging after it was disabled is not supported
09-01 22:08:26.990 32726 32726 I cr_tabmodel: #isIncognitoTabBeingRestored from tabDetails:  false
09-01 22:08:26.990 32726 32726 I cr_tabmodel: #isIncognitoTabBeingRestored from tabDetails:  false
09-01 22:08:26.990 32726 32726 W cr_tabmodel: Failed to restore TabState; creating Tab with last known URL.
09-01 22:08:26.992  1513  1625 W ActivityManager: Slow operation: 253ms so far, now at startProcess: returned from zygote!
09-01 22:08:26.994  1513  1625 W ActivityManager: Slow operation: 254ms so far, now at startProcess: done updating battery stats
09-01 22:08:26.994  1513  1625 W ActivityManager: Slow operation: 255ms so far, now at startProcess: building log message
09-01 22:08:26.994  1513  1625 I ActivityManager: Start proc 1399:com.android.chrome:sandboxed_process0:org.chromium.content.app.SandboxedProcessService0:14/u0ai14 for  {com.android.chrome/org.chromium.content.app.SandboxedProcessService0:14}
09-01 22:08:26.994  1513  1625 W ActivityManager: Slow operation: 255ms so far, now at startProcess: starting to update pids map
09-01 22:08:26.994  1513  1625 W ActivityManager: Slow operation: 255ms so far, now at startProcess: done updating pids map
09-01 22:08:26.994  1513  1625 W ActivityManager: Slow operation: 241ms so far, now at startProcess: asking zygote to start proc
09-01 22:08:26.997  1513  2905 D CompatibilityChangeReporter: Compat change id reported: 136274596; UID 10220; state: ENABLED
09-01 22:08:27.001  1513  2905 D CompatibilityChangeReporter: Compat change id reported: 135634846; UID 10220; state: DISABLED
09-01 22:08:27.001  1513  2905 D CompatibilityChangeReporter: Compat change id reported: 135754954; UID 10220; state: ENABLED
09-01 22:08:27.006 32726 32726 E cr_IntentUtils: getBooleanExtra failed on intent null
09-01 22:08:27.006 32726 32726 E cr_IntentUtils: getBooleanExtra failed on intent null
09-01 22:08:27.006  1321  1321 I LoadedApk: No resource references to update in package com.google.android.trichromelibrary
09-01 22:08:27.007  1321  1321 D NetworkSecurityConfig: Using Network Security Config from resource 0_resource_name_obfuscated debugBuild: false
09-01 22:08:27.009  1321  1321 D NetworkSecurityConfig: Using Network Security Config from resource 0_resource_name_obfuscated debugBuild: false
09-01 22:08:27.011  1321  1321 I cr_SplitCompatApp: Launched version=107.0.5304.91 minSdkVersion=29 isBundle=true processName=com.android.chrome:sandboxed_process0:org.chromium.content.app.SandboxedProcessService0:12 isIsolated=true
09-01 22:08:27.012 32726 32726 I cr_tabmodel: #isIncognitoTabBeingRestored from tabDetails:  false
09-01 22:08:27.012 32726 32726 I cr_tabmodel: #isIncognitoTabBeingRestored from tabDetails:  false
09-01 22:08:27.013 32726 32726 W cr_tabmodel: Failed to restore TabState; creating Tab with last known URL.
09-01 22:08:27.016  1399  1399 E cessService0:1: Not starting debugger since process cannot load the jdwp agent.
09-01 22:08:27.028 32726 32726 E cr_IntentUtils: getBooleanExtra failed on intent null
09-01 22:08:27.029 32726 32726 E cr_IntentUtils: getBooleanExtra failed on intent null
09-01 22:08:27.033  1321  1321 W SystemServiceRegistry: No service published for: uimode
09-01 22:08:27.036   315   315 D Zygote  : Forked child process 1452
09-01 22:08:27.036 32726 32726 I cr_tabmodel: #isIncognitoTabBeingRestored from tabDetails:  false
09-01 22:08:27.036 32726 32726 I cr_tabmodel: #isIncognitoTabBeingRestored from tabDetails:  false
09-01 22:08:27.036 32726 32726 W cr_tabmodel: Failed to restore TabState; creating Tab with last known URL.
09-01 22:08:27.042  1513  2905 D CompatibilityChangeReporter: Compat change id reported: 136274596; UID 10220; state: ENABLED
09-01 22:08:27.046  1513  1625 W ActivityManager: Slow operation: 292ms so far, now at startProcess: returned from zygote!
09-01 22:08:27.046  1513  1625 W ActivityManager: Slow operation: 293ms so far, now at startProcess: done updating battery stats
09-01 22:08:27.046  1513  1625 W ActivityManager: Slow operation: 293ms so far, now at startProcess: building log message
09-01 22:08:27.046  1513  1625 I ActivityManager: Start proc 1452:com.android.chrome:sandboxed_process0:org.chromium.content.app.SandboxedProcessService0:15/u0ai15 for  {com.android.chrome/org.chromium.content.app.SandboxedProcessService0:15}
09-01 22:08:27.046  1513  1625 W ActivityManager: Slow operation: 293ms so far, now at startProcess: starting to update pids map
09-01 22:08:27.047  1513  1625 W ActivityManager: Slow operation: 293ms so far, now at startProcess: done updating pids map
09-01 22:08:27.047  1513  1625 W ActivityManager: Slow operation: 274ms so far, now at startProcess: asking zygote to start proc
09-01 22:08:27.047  1513  1625 D CompatibilityChangeReporter: Compat change id reported: 143937733; UID 10220; state: ENABLED
09-01 22:08:27.048  1321  1321 I cr_ChildProcessService: Creating new ChildProcessService pid=1321
09-01 22:08:27.051  1359  1359 I LoadedApk: No resource references to update in package com.google.android.trichromelibrary
09-01 22:08:27.051  1359  1359 D NetworkSecurityConfig: Using Network Security Config from resource 0_resource_name_obfuscated debugBuild: false
09-01 22:08:27.051  1452  1452 E libc    : SetHeapTaggingLevel: re-enabling tagging after it was disabled is not supported
09-01 22:08:27.052  1513  3240 D CompatibilityChangeReporter: Compat change id reported: 135634846; UID 10220; state: DISABLED
09-01 22:08:27.052  1513  3240 D CompatibilityChangeReporter: Compat change id reported: 135754954; UID 10220; state: ENABLED
09-01 22:08:27.053  1359  1359 D NetworkSecurityConfig: Using Network Security Config from resource 0_resource_name_obfuscated debugBuild: false
09-01 22:08:27.058  1359  1359 I cr_SplitCompatApp: Launched version=107.0.5304.91 minSdkVersion=29 isBundle=true processName=com.android.chrome:sandboxed_process0:org.chromium.content.app.SandboxedProcessService0:13 isIsolated=true
09-01 22:08:27.060  1321  1392 I cr_LibraryLoader: Using ModernLinker
09-01 22:08:27.061  1321  1392 W linker  : Warning: "/data/app/~~_KLlx60MH8CoecPTjMKp8g==/com.android.chrome-kw9RHYrlHKb9bPXi8OTClw==/base.apk!/lib/arm64-v8a/libchromium_android_linker.so" unused DT entry: unknown processor-specific (type 0x70000001 arg 0x0) (ignoring)
09-01 22:08:27.061  1321  1392 E cr_ChromiumAndroidLinker: ReserveAddressWithHint: Address range starting at 0x7a3870f000 was not free to use
09-01 22:08:27.063 32726 32726 E cr_IntentUtils: getBooleanExtra failed on intent null
09-01 22:08:27.063 32726 32726 E cr_IntentUtils: getBooleanExtra failed on intent null
09-01 22:08:27.064  1452  1452 E cessService0:1: Not starting debugger since process cannot load the jdwp agent.
09-01 22:08:27.066  1321  1460 I cr_LibraryLoader: Successfully loaded native library
09-01 22:08:27.067  1321  1460 I cr_CachingUmaRecorder: Flushed 3 samples from 3 histograms.
09-01 22:08:27.072 32726 32726 I cr_tabmodel: #isIncognitoTabBeingRestored from tabDetails:  false
09-01 22:08:27.072 32726 32726 I cr_tabmodel: #isIncognitoTabBeingRestored from tabDetails:  false
09-01 22:08:27.072 32726 32726 W cr_tabmodel: Failed to restore TabState; creating Tab with last known URL.
09-01 22:08:27.083  1513  8504 D CompatibilityChangeReporter: Compat change id reported: 136274596; UID 10220; state: ENABLED
09-01 22:08:27.088  1359  1359 W SystemServiceRegistry: No service published for: uimode
09-01 22:08:27.088   315   315 D Zygote  : Forked child process 1482
09-01 22:08:27.090  1513  1625 W ActivityManager: Slow operation: 317ms so far, now at startProcess: returned from zygote!
09-01 22:08:27.090  1513  1625 W ActivityManager: Slow operation: 318ms so far, now at startProcess: done updating battery stats
09-01 22:08:27.090  1513  1625 W ActivityManager: Slow operation: 318ms so far, now at startProcess: building log message
09-01 22:08:27.090  1513  1625 I ActivityManager: Start proc 1482:com.android.chrome:sandboxed_process0:org.chromium.content.app.SandboxedProcessService0:16/u0ai16 for  {com.android.chrome/org.chromium.content.app.SandboxedProcessService0:16}
09-01 22:08:27.090  1513  1625 W ActivityManager: Slow operation: 318ms so far, now at startProcess: starting to update pids map
09-01 22:08:27.090  1513  1625 W ActivityManager: Slow operation: 318ms so far, now at startProcess: done updating pids map
09-01 22:08:27.091  1513  1625 W ActivityManager: Slow operation: 284ms so far, now at startProcess: asking zygote to start proc
09-01 22:08:27.091  1513  1625 D CompatibilityChangeReporter: Compat change id reported: 143937733; UID 10220; state: ENABLED
09-01 22:08:27.091  1513  3240 D CompatibilityChangeReporter: Compat change id reported: 135634846; UID 10220; state: DISABLED
09-01 22:08:27.091  1513  3240 D CompatibilityChangeReporter: Compat change id reported: 135754954; UID 10220; state: ENABLED
09-01 22:08:27.096  1359  1359 I cr_ChildProcessService: Creating new ChildProcessService pid=1359
09-01 22:08:27.096 32726 32726 E cr_IntentUtils: getBooleanExtra failed on intent null
09-01 22:08:27.096 32726 32726 E cr_IntentUtils: getBooleanExtra failed on intent null
09-01 22:08:27.096  1482  1482 E libc    : SetHeapTaggingLevel: re-enabling tagging after it was disabled is not supported
09-01 22:08:27.103 32726 32726 I cr_tabmodel: #isIncognitoTabBeingRestored from tabDetails:  false
09-01 22:08:27.103 32726 32726 I cr_tabmodel: #isIncognitoTabBeingRestored from tabDetails:  false
09-01 22:08:27.103 32726 32726 W cr_tabmodel: Failed to restore TabState; creating Tab with last known URL.
09-01 22:08:27.115  1399  1399 I LoadedApk: No resource references to update in package com.google.android.trichromelibrary
09-01 22:08:27.116  1399  1399 D NetworkSecurityConfig: Using Network Security Config from resource 0_resource_name_obfuscated debugBuild: false
09-01 22:08:27.117  1399  1399 D NetworkSecurityConfig: Using Network Security Config from resource 0_resource_name_obfuscated debugBuild: false
09-01 22:08:27.119  1399  1399 I cr_SplitCompatApp: Launched version=107.0.5304.91 minSdkVersion=29 isBundle=true processName=com.android.chrome:sandboxed_process0:org.chromium.content.app.SandboxedProcessService0:14 isIsolated=true
09-01 22:08:27.126 32726 32726 E cr_IntentUtils: getBooleanExtra failed on intent null
09-01 22:08:27.126 32726 32726 E cr_IntentUtils: getBooleanExtra failed on intent null
09-01 22:08:27.126  1482  1482 E cessService0:1: Not starting debugger since process cannot load the jdwp agent.
09-01 22:08:27.129  1359  1406 I cr_LibraryLoader: Using ModernLinker
09-01 22:08:27.132  1452  1452 I LoadedApk: No resource references to update in package com.google.android.trichromelibrary
09-01 22:08:27.132  1452  1452 D NetworkSecurityConfig: Using Network Security Config from resource 0_resource_name_obfuscated debugBuild: false
