09-01 22:08:27.133 32726 32726 I cr_tabmodel: #isIncognitoTabBeingRestored from tabDetails:  false
09-01 22:08:27.133 32726 32726 I cr_tabmodel: #isIncognitoTabBeingRestored from tabDetails:  false
09-01 22:08:27.133 32726 32726 W cr_tabmodel: Failed to restore TabState; creating Tab with last known URL.
09-01 22:08:27.133  1452  1452 D NetworkSecurityConfig: Using Network Security Config from resource 0_resource_name_obfuscated debugBuild: false
09-01 22:08:27.135  1452  1452 I cr_SplitCompatApp: Launched version=107.0.5304.91 minSdkVersion=29 isBundle=true processName=com.android.chrome:sandboxed_process0:org.chromium.content.app.SandboxedProcessService0:15 isIsolated=true
09-01 22:08:27.135  1359  1406 W linker  : Warning: "/data/app/~~_KLlx60MH8CoecPTjMKp8g==/com.android.chrome-kw9RHYrlHKb9bPXi8OTClw==/base.apk!/lib/arm64-v8a/libchromium_android_linker.so" unused DT entry: unknown processor-specific (type 0x70000001 arg 0x0) (ignoring)
09-01 22:08:27.138  1399  1399 W SystemServiceRegistry: No service published for: uimode
09-01 22:08:27.148  1399  1399 I cr_ChildProcessService: Creating new ChildProcessService pid=1399
09-01 22:08:27.153 32726 32726 E cr_IntentUtils: getBooleanExtra failed on intent null
09-01 22:08:27.153 32726 32726 E cr_IntentUtils: getBooleanExtra failed on intent null
09-01 22:08:27.156  1513  8504 D CompatibilityChangeReporter: Compat change id reported: 136274596; UID 10220; state: ENABLED
09-01 22:08:27.158 32726 32726 I cr_tabmodel: #isIncognitoTabBeingRestored from tabDetails:  false
09-01 22:08:27.158 32726 32726 I cr_tabmodel: #isIncognitoTabBeingRestored from tabDetails:  false
09-01 22:08:27.158 32726 32726 W cr_tabmodel: Failed to restore TabState; creating Tab with last known URL.
09-01 22:08:27.159  1452  1452 W SystemServiceRegistry: No service published for: uimode
09-01 22:08:27.162  1399  1475 I cr_LibraryLoader: Using ModernLinker
09-01 22:08:27.166  1399  1475 W linker  : Warning: "/data/app/~~_KLlx60MH8CoecPTjMKp8g==/com.android.chrome-kw9RHYrlHKb9bPXi8OTClw==/base.apk!/lib/arm64-v8a/libchromium_android_linker.so" unused DT entry: unknown processor-specific (type 0x70000001 arg 0x0) (ignoring)
09-01 22:08:27.166  1452  1452 I cr_ChildProcessService: Creating new ChildProcessService pid=1452
09-01 22:08:27.168  1399  1475 E cr_ChromiumAndroidLinker: ReserveAddressWithHint: Address range starting at 0x7a3870f000 was not free to use
09-01 22:08:27.172  1452  1494 I cr_LibraryLoader: Using ModernLinker
09-01 22:08:27.177 32726 32726 E cr_IntentUtils: getBooleanExtra failed on intent null
09-01 22:08:27.177 32726 32726 E cr_IntentUtils: getBooleanExtra failed on intent null
09-01 22:08:27.179  1452  1494 W linker  : Warning: "/data/app/~~_KLlx60MH8CoecPTjMKp8g==/com.android.chrome-kw9RHYrlHKb9bPXi8OTClw==/base.apk!/lib/arm64-v8a/libchromium_android_linker.so" unused DT entry: unknown processor-specific (type 0x70000001 arg 0x0) (ignoring)
09-01 22:08:27.180  1399  1503 I cr_LibraryLoader: Successfully loaded native library
09-01 22:08:27.180  1452  1494 E cr_ChromiumAndroidLinker: ReserveAddressWithHint: Address range starting at 0x7a3870f000 was not free to use
09-01 22:08:27.181  1399  1503 I cr_CachingUmaRecorder: Flushed 3 samples from 3 histograms.
09-01 22:08:27.181  1513  8504 D CompatibilityChangeReporter: Compat change id reported: 135634846; UID 10220; state: DISABLED
09-01 22:08:27.181  1513  8504 D CompatibilityChangeReporter: Compat change id reported: 135754954; UID 10220; state: ENABLED
09-01 22:08:27.183  1359  1489 I cr_LibraryLoader: Successfully loaded native library
09-01 22:08:27.183  1359  1489 I cr_CachingUmaRecorder: Flushed 3 samples from 3 histograms.
09-01 22:08:27.186  1452  1507 I cr_LibraryLoader: Successfully loaded native library
09-01 22:08:27.186   315   315 D Zygote  : Forked child process 1509
09-01 22:08:27.187  1452  1507 I cr_CachingUmaRecorder: Flushed 3 samples from 3 histograms.
09-01 22:08:27.188  1509  1509 E libc    : SetHeapTaggingLevel: re-enabling tagging after it was disabled is not supported
09-01 22:08:27.189 32726 32726 I cr_tabmodel: #isIncognitoTabBeingRestored from tabDetails:  false
09-01 22:08:27.189 32726 32726 I cr_tabmodel: #isIncognitoTabBeingRestored from tabDetails:  false
09-01 22:08:27.189 32726 32726 W cr_tabmodel: Failed to restore TabState; creating Tab with last known URL.
09-01 22:08:27.196  1509  1509 E cessService0:1: Not starting debugger since process cannot load the jdwp agent.
09-01 22:08:27.200  1513  1625 W ActivityManager: Slow operation: 393ms so far, now at startProcess: returned from zygote!
09-01 22:08:27.200  1513  1625 W ActivityManager: Slow operation: 394ms so far, now at startProcess: done updating battery stats
09-01 22:08:27.200  1513  1625 W ActivityManager: Slow operation: 394ms so far, now at startProcess: building log message
09-01 22:08:27.200  1513  1625 I ActivityManager: Start proc 1509:com.android.chrome:sandboxed_process0:org.chromium.content.app.SandboxedProcessService0:17/u0ai17 for  {com.android.chrome/org.chromium.content.app.SandboxedProcessService0:17}
09-01 22:08:27.200  1513  1625 W ActivityManager: Slow operation: 394ms so far, now at startProcess: starting to update pids map
09-01 22:08:27.200  1513  1625 W ActivityManager: Slow operation: 394ms so far, now at startProcess: done updating pids map
09-01 22:08:27.200  1513  1625 W ActivityManager: Slow operation: 363ms so far, now at startProcess: asking zygote to start proc
09-01 22:08:27.200  1513  1625 D CompatibilityChangeReporter: Compat change id reported: 143937733; UID 10220; state: ENABLED
09-01 22:08:27.201  1482  1482 I LoadedApk: No resource references to update in package com.google.android.trichromelibrary
09-01 22:08:27.201  1482  1482 D NetworkSecurityConfig: Using Network Security Config from resource 0_resource_name_obfuscated debugBuild: false
09-01 22:08:27.203  1482  1482 D NetworkSecurityConfig: Using Network Security Config from resource 0_resource_name_obfuscated debugBuild: false
09-01 22:08:27.205  1482  1482 I cr_SplitCompatApp: Launched version=107.0.5304.91 minSdkVersion=29 isBundle=true processName=com.android.chrome:sandboxed_process0:org.chromium.content.app.SandboxedProcessService0:16 isIsolated=true
09-01 22:08:27.205 32726 32726 E cr_IntentUtils: getBooleanExtra failed on intent null
09-01 22:08:27.205 32726 32726 E cr_IntentUtils: getBooleanExtra failed on intent null
09-01 22:08:27.212 32726 32726 I cr_tabmodel: #isIncognitoTabBeingRestored from tabDetails:  false
09-01 22:08:27.212 32726 32726 I cr_tabmodel: #isIncognitoTabBeingRestored from tabDetails:  false
09-01 22:08:27.212 32726 32726 W cr_tabmodel: Failed to restore TabState; creating Tab with last known URL.
09-01 22:08:27.219  1482  1482 W SystemServiceRegistry: No service published for: uimode
09-01 22:08:27.224 32726 32726 E cr_IntentUtils: getBooleanExtra failed on intent null
09-01 22:08:27.224 32726 32726 E cr_IntentUtils: getBooleanExtra failed on intent null
09-01 22:08:27.225  1482  1482 I cr_ChildProcessService: Creating new ChildProcessService pid=1482
09-01 22:08:27.229 32726 32726 I cr_tabmodel: #isIncognitoTabBeingRestored from tabDetails:  false
09-01 22:08:27.229 32726 32726 I cr_tabmodel: #isIncognitoTabBeingRestored from tabDetails:  false
09-01 22:08:27.230 32726 32726 W cr_tabmodel: Failed to restore TabState; creating Tab with last known URL.
09-01 22:08:27.232  1513  3232 D CompatibilityChangeReporter: Compat change id reported: 136274596; UID 10220; state: ENABLED
09-01 22:08:27.242 32726 32726 E cr_IntentUtils: getBooleanExtra failed on intent null
09-01 22:08:27.242 32726 32726 E cr_IntentUtils: getBooleanExtra failed on intent null
09-01 22:08:27.244  1513  8504 D CompatibilityChangeReporter: Compat change id reported: 135634846; UID 10220; state: DISABLED
09-01 22:08:27.244  1513  8504 D CompatibilityChangeReporter: Compat change id reported: 135754954; UID 10220; state: ENABLED
09-01 22:08:27.249 32726 32726 I cr_tabmodel: #isIncognitoTabBeingRestored from tabDetails:  false
09-01 22:08:27.250 32726 32726 I cr_tabmodel: #isIncognitoTabBeingRestored from tabDetails:  false
09-01 22:08:27.250 32726 32726 W cr_tabmodel: Failed to restore TabState; creating Tab with last known URL.
09-01 22:08:27.251   315   315 D Zygote  : Forked child process 1577
09-01 22:08:27.255  1513  1625 W ActivityManager: Slow operation: 418ms so far, now at startProcess: returned from zygote!
09-01 22:08:27.256  1513  1625 W ActivityManager: Slow operation: 419ms so far, now at startProcess: done updating battery stats
09-01 22:08:27.256  1513  1625 W ActivityManager: Slow operation: 419ms so far, now at startProcess: building log message
09-01 22:08:27.256  1513  1625 I ActivityManager: Start proc 1577:com.android.chrome:sandboxed_process0:org.chromium.content.app.SandboxedProcessService0:18/u0ai18 for  {com.android.chrome/org.chromium.content.app.SandboxedProcessService0:18}
09-01 22:08:27.256  1513  1625 W ActivityManager: Slow operation: 419ms so far, now at startProcess: starting to update pids map
09-01 22:08:27.257  1513  1625 W ActivityManager: Slow operation: 419ms so far, now at startProcess: done updating pids map
09-01 22:08:27.257  1513  1625 W ActivityManager: Slow operation: 390ms so far, now at startProcess: asking zygote to start proc
09-01 22:08:27.257  1513  1625 D CompatibilityChangeReporter: Compat change id reported: 143937733; UID 10220; state: ENABLED
09-01 22:08:27.258  1577  1577 E libc    : SetHeapTaggingLevel: re-enabling tagging after it was disabled is not supported
09-01 22:08:27.264 32726 32726 E cr_IntentUtils: getBooleanExtra failed on intent null
09-01 22:08:27.264 32726 32726 E cr_IntentUtils: getBooleanExtra failed on intent null
09-01 22:08:27.269 32726 32726 I cr_tabmodel: #isIncognitoTabBeingRestored from tabDetails:  false
09-01 22:08:27.269 32726 32726 I cr_tabmodel: #isIncognitoTabBeingRestored from tabDetails:  false
09-01 22:08:27.269 32726 32726 W cr_tabmodel: Failed to restore TabState; creating Tab with last known URL.
09-01 22:08:27.281  1482  1502 I cr_LibraryLoader: Using ModernLinker
09-01 22:08:27.285 32726 32726 E cr_IntentUtils: getBooleanExtra failed on intent null
09-01 22:08:27.285 32726 32726 E cr_IntentUtils: getBooleanExtra failed on intent null
09-01 22:08:27.290 32726 32726 I cr_tabmodel: #isIncognitoTabBeingRestored from tabDetails:  false
09-01 22:08:27.290 32726 32726 I cr_tabmodel: #isIncognitoTabBeingRestored from tabDetails:  false
09-01 22:08:27.290 32726 32726 W cr_tabmodel: Failed to restore TabState; creating Tab with last known URL.
09-01 22:08:27.291  1482  1502 W linker  : Warning: "/data/app/~~_KLlx60MH8CoecPTjMKp8g==/com.android.chrome-kw9RHYrlHKb9bPXi8OTClw==/base.apk!/lib/arm64-v8a/libchromium_android_linker.so" unused DT entry: unknown processor-specific (type 0x70000001 arg 0x0) (ignoring)
09-01 22:08:27.292  1482  1502 E cr_ChromiumAndroidLinker: ReserveAddressWithHint: Address range starting at 0x7a3870f000 was not free to use
09-01 22:08:27.294  1509  1509 I LoadedApk: No resource references to update in package com.google.android.trichromelibrary
09-01 22:08:27.300  1509  1509 D NetworkSecurityConfig: Using Network Security Config from resource 0_resource_name_obfuscated debugBuild: false
09-01 22:08:27.301  1509  1509 D NetworkSecurityConfig: Using Network Security Config from resource 0_resource_name_obfuscated debugBuild: false
09-01 22:08:27.302 32726 32726 E cr_IntentUtils: getBooleanExtra failed on intent null
09-01 22:08:27.302 32726 32726 E cr_IntentUtils: getBooleanExtra failed on intent null
09-01 22:08:27.302  1577  1577 E cessService0:1: Not starting debugger since process cannot load the jdwp agent.
09-01 22:08:27.303  1509  1509 I cr_SplitCompatApp: Launched version=107.0.5304.91 minSdkVersion=29 isBundle=true processName=com.android.chrome:sandboxed_process0:org.chromium.content.app.SandboxedProcessService0:17 isIsolated=true
09-01 22:08:27.308 32726 32726 I cr_tabmodel: #isIncognitoTabBeingRestored from tabDetails:  false
09-01 22:08:27.308 32726 32726 I cr_tabmodel: #isIncognitoTabBeingRestored from tabDetails:  false
09-01 22:08:27.308 32726 32726 W cr_tabmodel: Failed to restore TabState; creating Tab with last known URL.
09-01 22:08:27.312  1482  1548 I cr_LibraryLoader: Successfully loaded native library
09-01 22:08:27.314   315   315 D Zygote  : Forked child process 1620
09-01 22:08:27.314  1482  1548 I cr_CachingUmaRecorder: Flushed 3 samples from 3 histograms.
09-01 22:08:27.315  1620  1620 E libc    : SetHeapTaggingLevel: re-enabling tagging after it was disabled is not supported
09-01 22:08:27.324 32726 32726 E cr_IntentUtils: getBooleanExtra failed on intent null
09-01 22:08:27.324 32726 32726 E cr_IntentUtils: getBooleanExtra failed on intent null
09-01 22:08:27.327  1620  1620 E cessService0:1: Not starting debugger since process cannot load the jdwp agent.
09-01 22:08:27.330 32726 32726 I cr_tabmodel: #isIncognitoTabBeingRestored from tabDetails:  false
09-01 22:08:27.330 32726 32726 I cr_tabmodel: #isIncognitoTabBeingRestored from tabDetails:  false
09-01 22:08:27.330 32726 32726 W cr_tabmodel: Failed to restore TabState; creating Tab with last known URL.
09-01 22:08:27.337  1513  3241 D CompatibilityChangeReporter: Compat change id reported: 136274596; UID 10220; state: ENABLED
09-01 22:08:27.341  1509  1509 W SystemServiceRegistry: No service published for: uimode
09-01 22:08:27.341 32726 32726 E cr_IntentUtils: getBooleanExtra failed on intent null
09-01 22:08:27.341 32726 32726 E cr_IntentUtils: getBooleanExtra failed on intent null
09-01 22:08:27.342  1513  8504 D CompatibilityChangeReporter: Compat change id reported: 135634846; UID 10220; state: DISABLED
09-01 22:08:27.343  1513  8504 D CompatibilityChangeReporter: Compat change id reported: 135754954; UID 10220; state: ENABLED
09-01 22:08:27.346 32726 32726 I cr_tabmodel: #isIncognitoTabBeingRestored from tabDetails:  false
09-01 22:08:27.346 32726 32726 I cr_tabmodel: #isIncognitoTabBeingRestored from tabDetails:  false
09-01 22:08:27.346 32726 32726 W cr_tabmodel: Failed to restore TabState; creating Tab with last known URL.
09-01 22:08:27.349  1509  1509 I cr_ChildProcessService: Creating new ChildProcessService pid=1509
09-01 22:08:27.356 32726 32726 E cr_IntentUtils: getBooleanExtra failed on intent null
09-01 22:08:27.356 32726 32726 E cr_IntentUtils: getBooleanExtra failed on intent null
09-01 22:08:27.359  1513  1625 W ActivityManager: Slow operation: 492ms so far, now at startProcess: returned from zygote!
09-01 22:08:27.360 32726 32726 I cr_tabmodel: #isIncognitoTabBeingRestored from tabDetails:  false
09-01 22:08:27.360 32726 32726 I cr_tabmodel: #isIncognitoTabBeingRestored from tabDetails:  false
09-01 22:08:27.360 32726 32726 W cr_tabmodel: Failed to restore TabState; creating Tab with last known URL.
09-01 22:08:27.362  1513  1625 W ActivityManager: Slow operation: 495ms so far, now at startProcess: done updating battery stats
09-01 22:08:27.362  1513  1625 W ActivityManager: Slow operation: 495ms so far, now at startProcess: building log message
09-01 22:08:27.362  1513  1625 I ActivityManager: Start proc 1620:com.android.chrome:sandboxed_process0:org.chromium.content.app.SandboxedProcessService0:19/u0ai19 for  {com.android.chrome/org.chromium.content.app.SandboxedProcessService0:19}
09-01 22:08:27.362  1513  1625 W ActivityManager: Slow operation: 496ms so far, now at startProcess: starting to update pids map
09-01 22:08:27.364  1513  1625 W ActivityManager: Slow operation: 498ms so far, now at startProcess: done updating pids map
09-01 22:08:27.364  1513  1625 W ActivityManager: Slow operation: 456ms so far, now at startProcess: asking zygote to start proc
09-01 22:08:27.365  1513  1625 D CompatibilityChangeReporter: Compat change id reported: 143937733; UID 10220; state: ENABLED
09-01 22:08:27.367  1513  3232 D CompatibilityChangeReporter: Compat change id reported: 136274596; UID 10220; state: ENABLED
09-01 22:08:27.367  1509  1561 I cr_LibraryLoader: Using ModernLinker
09-01 22:08:27.371  1509  1561 W linker  : Warning: "/data/app/~~_KLlx60MH8CoecPTjMKp8g==/com.android.chrome-kw9RHYrlHKb9bPXi8OTClw==/base.apk!/lib/arm64-v8a/libchromium_android_linker.so" unused DT entry: unknown processor-specific (type 0x70000001 arg 0x0) (ignoring)
09-01 22:08:27.377 32726 32726 E cr_IntentUtils: getBooleanExtra failed on intent null
09-01 22:08:27.377 32726 32726 E cr_IntentUtils: getBooleanExtra failed on intent null
09-01 22:08:27.377  1509  1561 E cr_ChromiumAndroidLinker: ReserveAddressWithHint: Address range starting at 0x7a3870f000 was not free to use
09-01 22:08:27.386 32726 32726 I cr_tabmodel: #isIncognitoTabBeingRestored from tabDetails:  false
09-01 22:08:27.386 32726 32726 I cr_tabmodel: #isIncognitoTabBeingRestored from tabDetails:  false
09-01 22:08:27.386 32726 32726 W cr_tabmodel: Failed to restore TabState; creating Tab with last known URL.
09-01 22:08:27.386  1513  3241 D CompatibilityChangeReporter: Compat change id reported: 135634846; UID 10220; state: DISABLED
09-01 22:08:27.386  1513  3241 D CompatibilityChangeReporter: Compat change id reported: 135754954; UID 10220; state: ENABLED
09-01 22:08:27.387  1509  1684 I cr_LibraryLoader: Successfully loaded native library
09-01 22:08:27.388  1509  1684 I cr_CachingUmaRecorder: Flushed 3 samples from 3 histograms.
09-01 22:08:27.399 32726 32726 E cr_IntentUtils: getBooleanExtra failed on intent null
09-01 22:08:27.399 32726 32726 E cr_IntentUtils: getBooleanExtra failed on intent null
09-01 22:08:27.405 32726 32726 I cr_tabmodel: #isIncognitoTabBeingRestored from tabDetails:  false
09-01 22:08:27.405 32726 32726 I cr_tabmodel: #isIncognitoTabBeingRestored from tabDetails:  false
09-01 22:08:27.405 32726 32726 W cr_tabmodel: Failed to restore TabState; creating Tab with last known URL.
09-01 22:08:27.415 32726 32726 E cr_IntentUtils: getBooleanExtra failed on intent null
09-01 22:08:27.416 32726 32726 E cr_IntentUtils: getBooleanExtra failed on intent null
09-01 22:08:27.418  1577  1577 I LoadedApk: No resource references to update in package com.google.android.trichromelibrary
09-01 22:08:27.419  1577  1577 D NetworkSecurityConfig: Using Network Security Config from resource 0_resource_name_obfuscated debugBuild: false
09-01 22:08:27.420 32726 32726 I cr_tabmodel: #isIncognitoTabBeingRestored from tabDetails:  false
09-01 22:08:27.420 32726 32726 I cr_tabmodel: #isIncognitoTabBeingRestored from tabDetails:  false
09-01 22:08:27.420 32726 32726 W cr_tabmodel: Failed to restore TabState; creating Tab with last known URL.
09-01 22:08:27.422   315   315 D Zygote  : Forked child process 1714
09-01 22:08:27.422  1577  1577 D NetworkSecurityConfig: Using Network Security Config from resource 0_resource_name_obfuscated debugBuild: false
09-01 22:08:27.424  1577  1577 I cr_SplitCompatApp: Launched version=107.0.5304.91 minSdkVersion=29 isBundle=true processName=com.android.chrome:sandboxed_process0:org.chromium.content.app.SandboxedProcessService0:18 isIsolated=true
09-01 22:08:27.428  1714  1714 E libc    : SetHeapTaggingLevel: re-enabling tagging after it was disabled is not supported
09-01 22:08:27.430 32726 32726 E cr_IntentUtils: getBooleanExtra failed on intent null
09-01 22:08:27.430 32726 32726 E cr_IntentUtils: getBooleanExtra failed on intent null
09-01 22:08:27.436  1513  1625 W ActivityManager: Slow operation: 527ms so far, now at startProcess: returned from zygote!
09-01 22:08:27.436  1513  1625 W ActivityManager: Slow operation: 528ms so far, now at startProcess: done updating battery stats
09-01 22:08:27.436  1513  1625 W ActivityManager: Slow operation: 528ms so far, now at startProcess: building log message
09-01 22:08:27.436  1513  1625 I ActivityManager: Start proc 1714:com.android.chrome:sandboxed_process0:org.chromium.content.app.SandboxedProcessService0:20/u0ai20 for  {com.android.chrome/org.chromium.content.app.SandboxedProcessService0:20}
09-01 22:08:27.436  1513  1625 W ActivityManager: Slow operation: 528ms so far, now at startProcess: starting to update pids map
09-01 22:08:27.437  1513  1625 W ActivityManager: Slow operation: 528ms so far, now at startProcess: done updating pids map
09-01 22:08:27.437  1513  1625 W ActivityManager: Slow operation: 502ms so far, now at startProcess: asking zygote to start proc
09-01 22:08:27.437  1513  1625 D CompatibilityChangeReporter: Compat change id reported: 143937733; UID 10220; state: ENABLED
09-01 22:08:27.438 32726 32726 I cr_tabmodel: #isIncognitoTabBeingRestored from tabDetails:  false
09-01 22:08:27.438 32726 32726 I cr_tabmodel: #isIncognitoTabBeingRestored from tabDetails:  false
09-01 22:08:27.438 32726 32726 W cr_tabmodel: Failed to restore TabState; creating Tab with last known URL.
09-01 22:08:27.440  1714  1714 E cessService0:2: Not starting debugger since process cannot load the jdwp agent.
09-01 22:08:27.448 32726 32726 E cr_IntentUtils: getBooleanExtra failed on intent null
09-01 22:08:27.449 32726 32726 E cr_IntentUtils: getBooleanExtra failed on intent null
09-01 22:08:27.453 32726 32726 I cr_tabmodel: #isIncognitoTabBeingRestored from tabDetails:  false
09-01 22:08:27.453 32726 32726 I cr_tabmodel: #isIncognitoTabBeingRestored from tabDetails:  false
09-01 22:08:27.453 32726 32726 W cr_tabmodel: Failed to restore TabState; creating Tab with last known URL.
09-01 22:08:27.459  1620  1620 I LoadedApk: No resource references to update in package com.google.android.trichromelibrary
09-01 22:08:27.460  1620  1620 D NetworkSecurityConfig: Using Network Security Config from resource 0_resource_name_obfuscated debugBuild: false
09-01 22:08:27.461  1620  1620 D NetworkSecurityConfig: Using Network Security Config from resource 0_resource_name_obfuscated debugBuild: false
09-01 22:08:27.466 32726 32726 E cr_IntentUtils: getBooleanExtra failed on intent null
09-01 22:08:27.466 32726 32726 E cr_IntentUtils: getBooleanExtra failed on intent null
09-01 22:08:27.467  1513  3241 D CompatibilityChangeReporter: Compat change id reported: 136274596; UID 10220; state: ENABLED
09-01 22:08:27.470  1513  8504 D CompatibilityChangeReporter: Compat change id reported: 135634846; UID 10220; state: DISABLED
09-01 22:08:27.470  1513  8504 D CompatibilityChangeReporter: Compat change id reported: 135754954; UID 10220; state: ENABLED
09-01 22:08:27.472  1620  1620 I cr_SplitCompatApp: Launched version=107.0.5304.91 minSdkVersion=29 isBundle=true processName=com.android.chrome:sandboxed_process0:org.chromium.content.app.SandboxedProcessService0:19 isIsolated=true
09-01 22:08:27.473 32726 32726 I cr_tabmodel: #isIncognitoTabBeingRestored from tabDetails:  false
09-01 22:08:27.473 32726 32726 I cr_tabmodel: #isIncognitoTabBeingRestored from tabDetails:  false
09-01 22:08:27.473 32726 32726 W cr_tabmodel: Failed to restore TabState; creating Tab with last known URL.
09-01 22:08:27.480  1577  1577 W SystemServiceRegistry: No service published for: uimode
09-01 22:08:27.486 32726 32726 E cr_IntentUtils: getBooleanExtra failed on intent null
09-01 22:08:27.486 32726 32726 E cr_IntentUtils: getBooleanExtra failed on intent null
09-01 22:08:27.493   315   315 D Zygote  : Forked child process 1773
09-01 22:08:27.493  1577  1577 I cr_ChildProcessService: Creating new ChildProcessService pid=1577
09-01 22:08:27.494  1513  1625 W ActivityManager: Slow operation: 560ms so far, now at startProcess: returned from zygote!
09-01 22:08:27.495  1513  1625 W ActivityManager: Slow operation: 561ms so far, now at startProcess: done updating battery stats
09-01 22:08:27.496  1513  1625 W ActivityManager: Slow operation: 561ms so far, now at startProcess: building log message
09-01 22:08:27.496  1513  1625 I ActivityManager: Start proc 1773:com.android.chrome:sandboxed_process0:org.chromium.content.app.SandboxedProcessService0:21/u0ai21 for  {com.android.chrome/org.chromium.content.app.SandboxedProcessService0:21}
09-01 22:08:27.496  1513  1625 W ActivityManager: Slow operation: 561ms so far, now at startProcess: starting to update pids map
09-01 22:08:27.496  1513  1625 W ActivityManager: Slow operation: 561ms so far, now at startProcess: done updating pids map
09-01 22:08:27.496  1513  1625 W ActivityManager: Slow operation: 535ms so far, now at startProcess: asking zygote to start proc
09-01 22:08:27.496  1513  1625 D CompatibilityChangeReporter: Compat change id reported: 143937733; UID 10220; state: ENABLED
09-01 22:08:27.496 32726 32726 I cr_tabmodel: #isIncognitoTabBeingRestored from tabDetails:  false
09-01 22:08:27.496 32726 32726 I cr_tabmodel: #isIncognitoTabBeingRestored from tabDetails:  false
09-01 22:08:27.496 32726 32726 W cr_tabmodel: Failed to restore TabState; creating Tab with last known URL.
09-01 22:08:27.498  1773  1773 E libc    : SetHeapTaggingLevel: re-enabling tagging after it was disabled is not supported
09-01 22:08:27.512  1620  1620 W SystemServiceRegistry: No service published for: uimode
09-01 22:08:27.514  1714  1714 I LoadedApk: No resource references to update in package com.google.android.trichromelibrary
09-01 22:08:27.514 32726 32726 E cr_IntentUtils: getBooleanExtra failed on intent null
09-01 22:08:27.514 32726 32726 E cr_IntentUtils: getBooleanExtra failed on intent null
09-01 22:08:27.515  1714  1714 D NetworkSecurityConfig: Using Network Security Config from resource 0_resource_name_obfuscated debugBuild: false
09-01 22:08:27.515  1577  1675 I cr_LibraryLoader: Using ModernLinker
09-01 22:08:27.515  1773  1773 E cessService0:2: Not starting debugger since process cannot load the jdwp agent.
09-01 22:08:27.516  1714  1714 D NetworkSecurityConfig: Using Network Security Config from resource 0_resource_name_obfuscated debugBuild: false
09-01 22:08:27.517  1714  1714 I cr_SplitCompatApp: Launched version=107.0.5304.91 minSdkVersion=29 isBundle=true processName=com.android.chrome:sandboxed_process0:org.chromium.content.app.SandboxedProcessService0:20 isIsolated=true
09-01 22:08:27.518  1577  1675 W linker  : Warning: "/data/app/~~_KLlx60MH8CoecPTjMKp8g==/com.android.chrome-kw9RHYrlHKb9bPXi8OTClw==/base.apk!/lib/arm64-v8a/libchromium_android_linker.so" unused DT entry: unknown processor-specific (type 0x70000001 arg 0x0) (ignoring)
09-01 22:08:27.519 32726 32726 I cr_tabmodel: #isIncognitoTabBeingRestored from tabDetails:  false
09-01 22:08:27.519 32726 32726 I cr_tabmodel: #isIncognitoTabBeingRestored from tabDetails:  false
09-01 22:08:27.519 32726 32726 W cr_tabmodel: Failed to restore TabState; creating Tab with last known URL.
09-01 22:08:27.519  1577  1675 E cr_ChromiumAndroidLinker: ReserveAddressWithHint: Address range starting at 0x7a3870f000 was not free to use
09-01 22:08:27.521  1620  1620 I cr_ChildProcessService: Creating new ChildProcessService pid=1620
09-01 22:08:27.527  1620  1701 I cr_LibraryLoader: Using ModernLinker
09-01 22:08:27.532  1620  1701 W linker  : Warning: "/data/app/~~_KLlx60MH8CoecPTjMKp8g==/com.android.chrome-kw9RHYrlHKb9bPXi8OTClw==/base.apk!/lib/arm64-v8a/libchromium_android_linker.so" unused DT entry: unknown processor-specific (type 0x70000001 arg 0x0) (ignoring)
09-01 22:08:27.534  1620  1701 E cr_ChromiumAndroidLinker: ReserveAddressWithHint: Address range starting at 0x7a3870f000 was not free to use
09-01 22:08:27.534  1577  1775 I cr_LibraryLoader: Successfully loaded native library
09-01 22:08:27.537  1714  1714 W SystemServiceRegistry: No service published for: uimode
09-01 22:08:27.538  1577  1775 I cr_CachingUmaRecorder: Flushed 3 samples from 3 histograms.
09-01 22:08:27.539 32726 32726 E cr_IntentUtils: getBooleanExtra failed on intent null
09-01 22:08:27.539 32726 32726 E cr_IntentUtils: getBooleanExtra failed on intent null
09-01 22:08:27.545  1620  1808 I cr_LibraryLoader: Successfully loaded native library
09-01 22:08:27.545  1620  1808 I cr_CachingUmaRecorder: Flushed 3 samples from 3 histograms.
09-01 22:08:27.546  1714  1714 I cr_ChildProcessService: Creating new ChildProcessService pid=1714
09-01 22:08:27.546 32726 32726 I cr_tabmodel: #isIncognitoTabBeingRestored from tabDetails:  false
09-01 22:08:27.546 32726 32726 I cr_tabmodel: #isIncognitoTabBeingRestored from tabDetails:  false
09-01 22:08:27.546 32726 32726 W cr_tabmodel: Failed to restore TabState; creating Tab with last known URL.
09-01 22:08:27.547   315   315 D Zygote  : Forked child process 1811
09-01 22:08:27.549  1811  1811 E libc    : SetHeapTaggingLevel: re-enabling tagging after it was disabled is not supported
09-01 22:08:27.551  1513  3241 D CompatibilityChangeReporter: Compat change id reported: 136274596; UID 10220; state: ENABLED
09-01 22:08:27.554  1811  1811 E cessService0:2: Not starting debugger since process cannot load the jdwp agent.
09-01 22:08:27.556  1513  1625 W ActivityManager: Slow operation: 596ms so far, now at startProcess: returned from zygote!
09-01 22:08:27.558  1513  1625 W ActivityManager: Slow operation: 598ms so far, now at startProcess: done updating battery stats
09-01 22:08:27.558  1513  1625 W ActivityManager: Slow operation: 598ms so far, now at startProcess: building log message
09-01 22:08:27.558  1513  1625 I ActivityManager: Start proc 1811:com.android.chrome:sandboxed_process0:org.chromium.content.app.SandboxedProcessService0:22/u0ai22 for  {com.android.chrome/org.chromium.content.app.SandboxedProcessService0:22}
09-01 22:08:27.558  1513  1625 W ActivityManager: Slow operation: 598ms so far, now at startProcess: starting to update pids map
09-01 22:08:27.559  1513  1625 W ActivityManager: Slow operation: 598ms so far, now at startProcess: done updating pids map
09-01 22:08:27.559  1513  1625 W ActivityManager: Slow operation: 577ms so far, now at startProcess: asking zygote to start proc
09-01 22:08:27.559  1513  1625 D CompatibilityChangeReporter: Compat change id reported: 143937733; UID 10220; state: ENABLED
09-01 22:08:27.560 32726 32726 E cr_IntentUtils: getBooleanExtra failed on intent null
09-01 22:08:27.560 32726 32726 E cr_IntentUtils: getBooleanExtra failed on intent null
09-01 22:08:27.564  1513  8504 D CompatibilityChangeReporter: Compat change id reported: 135634846; UID 10220; state: DISABLED
09-01 22:08:27.565  1513  8504 D CompatibilityChangeReporter: Compat change id reported: 135754954; UID 10220; state: ENABLED
09-01 22:08:27.565 32726 32726 I cr_tabmodel: #isIncognitoTabBeingRestored from tabDetails:  false
09-01 22:08:27.565 32726 32726 I cr_tabmodel: #isIncognitoTabBeingRestored from tabDetails:  false
09-01 22:08:27.565 32726 32726 W cr_tabmodel: Failed to restore TabState; creating Tab with last known URL.
09-01 22:08:27.569  1714  1770 I cr_LibraryLoader: Using ModernLinker
09-01 22:08:27.570  1714  1770 W linker  : Warning: "/data/app/~~_KLlx60MH8CoecPTjMKp8g==/com.android.chrome-kw9RHYrlHKb9bPXi8OTClw==/base.apk!/lib/arm64-v8a/libchromium_android_linker.so" unused DT entry: unknown processor-specific (type 0x70000001 arg 0x0) (ignoring)
09-01 22:08:27.570  1714  1770 E cr_ChromiumAndroidLinker: ReserveAddressWithHint: Address range starting at 0x7a3870f000 was not free to use
09-01 22:08:27.577  1513  1513 V BackupManagerService: [UserID:0] Scheduling immediate backup pass
09-01 22:08:27.577  1513  1513 W BackupManagerService: [UserID:0] Backup pass but enabled=false setupComplete=true
09-01 22:08:27.583 32726 32726 E cr_IntentUtils: getBooleanExtra failed on intent null
09-01 22:08:27.583 32726 32726 E cr_IntentUtils: getBooleanExtra failed on intent null
09-01 22:08:27.590  1714  1810 I cr_LibraryLoader: Successfully loaded native library
09-01 22:08:27.590 32726 32726 I cr_tabmodel: #isIncognitoTabBeingRestored from tabDetails:  false
09-01 22:08:27.590 32726 32726 I cr_tabmodel: #isIncognitoTabBeingRestored from tabDetails:  false
09-01 22:08:27.591 32726 32726 W cr_tabmodel: Failed to restore TabState; creating Tab with last known URL.
09-01 22:08:27.592  1714  1810 I cr_CachingUmaRecorder: Flushed 3 samples from 3 histograms.
09-01 22:08:27.601 32726 32726 E cr_IntentUtils: getBooleanExtra failed on intent null
09-01 22:08:27.602 32726 32726 E cr_IntentUtils: getBooleanExtra failed on intent null
09-01 22:08:27.608 32726 32726 I cr_tabmodel: #isIncognitoTabBeingRestored from tabDetails:  false
09-01 22:08:27.608 32726 32726 I cr_tabmodel: #isIncognitoTabBeingRestored from tabDetails:  false
09-01 22:08:27.608 32726 32726 W cr_tabmodel: Failed to restore TabState; creating Tab with last known URL.
09-01 22:08:27.609  1513  2905 D CompatibilityChangeReporter: Compat change id reported: 136274596; UID 10220; state: ENABLED
09-01 22:08:27.612  1513  2000 D ConnectivityService: NetReassign [no changes]
09-01 22:08:27.617  1773  1773 I LoadedApk: No resource references to update in package com.google.android.trichromelibrary
09-01 22:08:27.617  1773  1773 D NetworkSecurityConfig: Using Network Security Config from resource 0_resource_name_obfuscated debugBuild: false
09-01 22:08:27.621 32726 32726 E cr_IntentUtils: getBooleanExtra failed on intent null
09-01 22:08:27.621 32726 32726 E cr_IntentUtils: getBooleanExtra failed on intent null
09-01 22:08:27.623  1513  3232 D CompatibilityChangeReporter: Compat change id reported: 135634846; UID 10220; state: DISABLED
09-01 22:08:27.623  1513  3232 D CompatibilityChangeReporter: Compat change id reported: 135754954; UID 10220; state: ENABLED
09-01 22:08:27.627   315   315 D Zygote  : Forked child process 1862
09-01 22:08:27.629 32726 32726 I cr_tabmodel: #isIncognitoTabBeingRestored from tabDetails:  false
09-01 22:08:27.629 32726 32726 I cr_tabmodel: #isIncognitoTabBeingRestored from tabDetails:  false
09-01 22:08:27.629 32726 32726 W cr_tabmodel: Failed to restore TabState; creating Tab with last known URL.
09-01 22:08:27.631  1773  1773 D NetworkSecurityConfig: Using Network Security Config from resource 0_resource_name_obfuscated debugBuild: false
09-01 22:08:27.631  1862  1862 E libc    : SetHeapTaggingLevel: re-enabling tagging after it was disabled is not supported
09-01 22:08:27.632  1773  1773 I cr_SplitCompatApp: Launched version=107.0.5304.91 minSdkVersion=29 isBundle=true processName=com.android.chrome:sandboxed_process0:org.chromium.content.app.SandboxedProcessService0:21 isIsolated=true
09-01 22:08:27.642  1513  1625 W ActivityManager: Slow operation: 661ms so far, now at startProcess: returned from zygote!
09-01 22:08:27.642  1513  1625 W ActivityManager: Slow operation: 661ms so far, now at startProcess: done updating battery stats
09-01 22:08:27.643 32726 32726 E cr_IntentUtils: getBooleanExtra failed on intent null
09-01 22:08:27.643  1513  1625 W ActivityManager: Slow operation: 661ms so far, now at startProcess: building log message
09-01 22:08:27.643 32726 32726 E cr_IntentUtils: getBooleanExtra failed on intent null
09-01 22:08:27.643  1513  1625 I ActivityManager: Start proc 1862:com.android.chrome:sandboxed_process0:org.chromium.content.app.SandboxedProcessService0:23/u0ai23 for  {com.android.chrome/org.chromium.content.app.SandboxedProcessService0:23}
09-01 22:08:27.643  1513  1625 W ActivityManager: Slow operation: 661ms so far, now at startProcess: starting to update pids map
09-01 22:08:27.643  1513  1625 W ActivityManager: Slow operation: 661ms so far, now at startProcess: done updating pids map
09-01 22:08:27.643  1513  1625 W ActivityManager: Slow operation: 642ms so far, now at startProcess: asking zygote to start proc
09-01 22:08:27.643  1811  1811 I LoadedApk: No resource references to update in package com.google.android.trichromelibrary
09-01 22:08:27.643  1513  1625 D CompatibilityChangeReporter: Compat change id reported: 143937733; UID 10220; state: ENABLED
09-01 22:08:27.643  1811  1811 D NetworkSecurityConfig: Using Network Security Config from resource 0_resource_name_obfuscated debugBuild: false
09-01 22:08:27.644  1811  1811 D NetworkSecurityConfig: Using Network Security Config from resource 0_resource_name_obfuscated debugBuild: false
09-01 22:08:27.644  1862  1862 E cessService0:2: Not starting debugger since process cannot load the jdwp agent.
09-01 22:08:27.645  1811  1811 I cr_SplitCompatApp: Launched version=107.0.5304.91 minSdkVersion=29 isBundle=true processName=com.android.chrome:sandboxed_process0:org.chromium.content.app.SandboxedProcessService0:22 isIsolated=true
09-01 22:08:27.648 32726 32726 I cr_tabmodel: #isIncognitoTabBeingRestored from tabDetails:  false
09-01 22:08:27.648 32726 32726 I cr_tabmodel: #isIncognitoTabBeingRestored from tabDetails:  false
09-01 22:08:27.648 32726 32726 W cr_tabmodel: Failed to restore TabState; creating Tab with last known URL.
09-01 22:08:27.651  1773  1773 W SystemServiceRegistry: No service published for: uimode
09-01 22:08:27.662 32726 32726 E cr_IntentUtils: getBooleanExtra failed on intent null
09-01 22:08:27.662 32726 32726 E cr_IntentUtils: getBooleanExtra failed on intent null
09-01 22:08:27.667   315   315 D Zygote  : Forked child process 1916
09-01 22:08:27.667  1773  1773 I cr_ChildProcessService: Creating new ChildProcessService pid=1773
09-01 22:08:27.668 32726 32726 I cr_tabmodel: #isIncognitoTabBeingRestored from tabDetails:  false
09-01 22:08:27.668 32726 32726 I cr_tabmodel: #isIncognitoTabBeingRestored from tabDetails:  false
09-01 22:08:27.668 32726 32726 W cr_tabmodel: Failed to restore TabState; creating Tab with last known URL.
09-01 22:08:27.668  1513  1625 W ActivityManager: Slow operation: 667ms so far, now at startProcess: returned from zygote!
09-01 22:08:27.669  1811  1811 W SystemServiceRegistry: No service published for: uimode
09-01 22:08:27.670  1513  1625 W ActivityManager: Slow operation: 669ms so far, now at startProcess: done updating battery stats
09-01 22:08:27.670  1513  1625 W ActivityManager: Slow operation: 669ms so far, now at startProcess: building log message
09-01 22:08:27.670  1513  1625 I ActivityManager: Start proc 1916:com.android.chrome:sandboxed_process0:org.chromium.content.app.SandboxedProcessService0:24/u0ai24 for  {com.android.chrome/org.chromium.content.app.SandboxedProcessService0:24}
09-01 22:08:27.670  1513  1625 W ActivityManager: Slow operation: 669ms so far, now at startProcess: starting to update pids map
09-01 22:08:27.671  1513  1625 W ActivityManager: Slow operation: 670ms so far, now at startProcess: done updating pids map
09-01 22:08:27.671  1513  1625 W ActivityManager: Slow operation: 639ms so far, now at startProcess: asking zygote to start proc
09-01 22:08:27.674  1916  1916 E libc    : SetHeapTaggingLevel: re-enabling tagging after it was disabled is not supported
09-01 22:08:27.680  1513  2905 D CompatibilityChangeReporter: Compat change id reported: 136274596; UID 10220; state: ENABLED
09-01 22:08:27.684 32726 32738 I .android.chrom: Background young concurrent copying GC freed 389774(19MB) AllocSpace objects, 55(1996KB) LOS objects, 93% free, 6633KB/102MB, paused 143us total 114.221ms
09-01 22:08:27.691 32726 32726 E cr_IntentUtils: getBooleanExtra failed on intent null
09-01 22:08:27.691 32726 32726 E cr_IntentUtils: getBooleanExtra failed on intent null
09-01 22:08:27.696 32726 32726 I cr_tabmodel: #isIncognitoTabBeingRestored from tabDetails:  false
09-01 22:08:27.696 32726 32726 I cr_tabmodel: #isIncognitoTabBeingRestored from tabDetails:  false
09-01 22:08:27.697 32726 32726 W cr_tabmodel: Failed to restore TabState; creating Tab with last known URL.
09-01 22:08:27.699  1513  3232 D CompatibilityChangeReporter: Compat change id reported: 135634846; UID 10220; state: DISABLED
09-01 22:08:27.699  1513  3232 D CompatibilityChangeReporter: Compat change id reported: 135754954; UID 10220; state: ENABLED
09-01 22:08:27.700  1916  1916 E cessService0:2: Not starting debugger since process cannot load the jdwp agent.
09-01 22:08:27.703  1773  1819 I cr_LibraryLoader: Using ModernLinker
09-01 22:08:27.707  1773  1819 W linker  : Warning: "/data/app/~~_KLlx60MH8CoecPTjMKp8g==/com.android.chrome-kw9RHYrlHKb9bPXi8OTClw==/base.apk!/lib/arm64-v8a/libchromium_android_linker.so" unused DT entry: unknown processor-specific (type 0x70000001 arg 0x0) (ignoring)
09-01 22:08:27.708  1773  1819 E cr_ChromiumAndroidLinker: ReserveAddressWithHint: Address range starting at 0x7a3870f000 was not free to use
09-01 22:08:27.712 32726 32726 E cr_IntentUtils: getBooleanExtra failed on intent null
09-01 22:08:27.712 32726 32726 E cr_IntentUtils: getBooleanExtra failed on intent null
09-01 22:08:27.714  1513  6264 W UriGrantsManagerService: No permission grants found for com.google.android.apps.photos
09-01 22:08:27.714  1513  6264 W UriGrantsManagerService: No permission grants found for com.google.android.apps.photos
09-01 22:08:27.717  1773  1919 I cr_LibraryLoader: Successfully loaded native library
09-01 22:08:27.718  1773  1919 I cr_CachingUmaRecorder: Flushed 3 samples from 3 histograms.
09-01 22:08:27.719  1513  2180 D CompatibilityChangeReporter: Compat change id reported: 136274596; UID 10220; state: ENABLED
09-01 22:08:27.721  1811  1811 I cr_ChildProcessService: Creating new ChildProcessService pid=1811
09-01 22:08:27.724 32726 32726 I cr_tabmodel: Loaded tab lists; counts: 78,0
09-01 22:08:27.738  1862  1862 I LoadedApk: No resource references to update in package com.google.android.trichromelibrary
09-01 22:08:27.738  1862  1862 D NetworkSecurityConfig: Using Network Security Config from resource 0_resource_name_obfuscated debugBuild: false
09-01 22:08:27.739  1862  1862 D NetworkSecurityConfig: Using Network Security Config from resource 0_resource_name_obfuscated debugBuild: false
09-01 22:08:27.741  1862  1862 I cr_SplitCompatApp: Launched version=107.0.5304.91 minSdkVersion=29 isBundle=true processName=com.android.chrome:sandboxed_process0:org.chromium.content.app.SandboxedProcessService0:23 isIsolated=true
09-01 22:08:27.748  1811  1855 I cr_LibraryLoader: Using ModernLinker
09-01 22:08:27.750   315   315 D Zygote  : Forked child process 1956
09-01 22:08:27.750  1513  1625 W ActivityManager: Slow operation: 718ms so far, now at startProcess: returned from zygote!
09-01 22:08:27.751  1513  1625 W ActivityManager: Slow operation: 718ms so far, now at startProcess: done updating battery stats
09-01 22:08:27.751  1513  1625 W ActivityManager: Slow operation: 718ms so far, now at startProcess: building log message
09-01 22:08:27.751  1811  1855 W linker  : Warning: "/data/app/~~_KLlx60MH8CoecPTjMKp8g==/com.android.chrome-kw9RHYrlHKb9bPXi8OTClw==/base.apk!/lib/arm64-v8a/libchromium_android_linker.so" unused DT entry: unknown processor-specific (type 0x70000001 arg 0x0) (ignoring)
09-01 22:08:27.751  1513  1625 I ActivityManager: Start proc 1956:com.android.chrome:sandboxed_process0:org.chromium.content.app.SandboxedProcessService0:25/u0ai25 for  {com.android.chrome/org.chromium.content.app.SandboxedProcessService0:25}
09-01 22:08:27.751  1513  1625 W ActivityManager: Slow operation: 718ms so far, now at startProcess: starting to update pids map
09-01 22:08:27.751  1513  1625 W ActivityManager: Slow operation: 718ms so far, now at startProcess: done updating pids map
09-01 22:08:27.751  1513  1625 W ActivityManager: Slow operation: 699ms so far, now at startProcess: asking zygote to start proc
09-01 22:08:27.751  1513  1625 D CompatibilityChangeReporter: Compat change id reported: 143937733; UID 10220; state: ENABLED
09-01 22:08:27.752  1811  1855 E cr_ChromiumAndroidLinker: ReserveAddressWithHint: Address range starting at 0x7a3870f000 was not free to use
09-01 22:08:27.752  1956  1956 E libc    : SetHeapTaggingLevel: re-enabling tagging after it was disabled is not supported
09-01 22:08:27.760  1956  1956 E cessService0:2: Not starting debugger since process cannot load the jdwp agent.
09-01 22:08:27.768  1811  1951 I cr_LibraryLoader: Successfully loaded native library
09-01 22:08:27.769  1811  1951 I cr_CachingUmaRecorder: Flushed 3 samples from 3 histograms.
09-01 22:08:27.780  1862  1862 W SystemServiceRegistry: No service published for: uimode
09-01 22:08:27.793  1513  2180 W UriGrantsManagerService: No permission grants found for com.google.android.apps.photos
09-01 22:08:27.793  1513  2180 W UriGrantsManagerService: No permission grants found for com.google.android.apps.photos
09-01 22:08:27.794   315   315 D Zygote  : Forked child process 2066
09-01 22:08:27.794  1513  6264 D CompatibilityChangeReporter: Compat change id reported: 136274596; UID 10220; state: ENABLED
09-01 22:08:27.794  1513  1625 W ActivityManager: Slow operation: 743ms so far, now at startProcess: returned from zygote!
09-01 22:08:27.796  2066  2066 E libc    : SetHeapTaggingLevel: re-enabling tagging after it was disabled is not supported
09-01 22:08:27.797  1513  1625 W ActivityManager: Slow operation: 746ms so far, now at startProcess: done updating battery stats
09-01 22:08:27.797  1513  1625 W ActivityManager: Slow operation: 746ms so far, now at startProcess: building log message
09-01 22:08:27.797  1513  1625 I ActivityManager: Start proc 2066:com.android.chrome:sandboxed_process0:org.chromium.content.app.SandboxedProcessService0:26/u0ai26 for  {com.android.chrome/org.chromium.content.app.SandboxedProcessService0:26}
09-01 22:08:27.797  1513  1625 W ActivityManager: Slow operation: 746ms so far, now at startProcess: starting to update pids map
09-01 22:08:27.797  1513  1625 W ActivityManager: Slow operation: 746ms so far, now at startProcess: done updating pids map
09-01 22:08:27.797  1513  1625 W ActivityManager: Slow operation: 706ms so far, now at startProcess: asking zygote to start proc
09-01 22:08:27.797  1513  1625 D CompatibilityChangeReporter: Compat change id reported: 143937733; UID 10220; state: ENABLED
09-01 22:08:27.799  1862  1862 I cr_ChildProcessService: Creating new ChildProcessService pid=1862
09-01 22:08:27.804  1862  1938 I cr_LibraryLoader: Using ModernLinker
09-01 22:08:27.804  1916  1916 I LoadedApk: No resource references to update in package com.google.android.trichromelibrary
09-01 22:08:27.804  1916  1916 D NetworkSecurityConfig: Using Network Security Config from resource 0_resource_name_obfuscated debugBuild: false
09-01 22:08:27.805  1916  1916 D NetworkSecurityConfig: Using Network Security Config from resource 0_resource_name_obfuscated debugBuild: false
09-01 22:08:27.806  2066  2066 E cessService0:2: Not starting debugger since process cannot load the jdwp agent.
09-01 22:08:27.806  1862  1938 W linker  : Warning: "/data/app/~~_KLlx60MH8CoecPTjMKp8g==/com.android.chrome-kw9RHYrlHKb9bPXi8OTClw==/base.apk!/lib/arm64-v8a/libchromium_android_linker.so" unused DT entry: unknown processor-specific (type 0x70000001 arg 0x0) (ignoring)
09-01 22:08:27.808  1916  1916 I cr_SplitCompatApp: Launched version=107.0.5304.91 minSdkVersion=29 isBundle=true processName=com.android.chrome:sandboxed_process0:org.chromium.content.app.SandboxedProcessService0:24 isIsolated=true
09-01 22:08:27.808  1862  1938 E cr_ChromiumAndroidLinker: ReserveAddressWithHint: Address range starting at 0x7a3870f000 was not free to use
09-01 22:08:27.809   315   315 D Zygote  : Forked child process 2114
09-01 22:08:27.811  1862  2100 I cr_LibraryLoader: Successfully loaded native library
09-01 22:08:27.811  1513  1625 W ActivityManager: Slow operation: 719ms so far, now at startProcess: returned from zygote!
09-01 22:08:27.811  1513  1625 W ActivityManager: Slow operation: 720ms so far, now at startProcess: done updating battery stats
09-01 22:08:27.811  1513  1625 W ActivityManager: Slow operation: 720ms so far, now at startProcess: building log message
09-01 22:08:27.811  1513  1625 I ActivityManager: Start proc 2114:com.android.chrome:sandboxed_process0:org.chromium.content.app.SandboxedProcessService0:27/u0ai27 for  {com.android.chrome/org.chromium.content.app.SandboxedProcessService0:27}
09-01 22:08:27.811  1513  1625 W ActivityManager: Slow operation: 720ms so far, now at startProcess: starting to update pids map
09-01 22:08:27.811  1513  1625 W ActivityManager: Slow operation: 720ms so far, now at startProcess: done updating pids map
09-01 22:08:27.811  1862  2100 I cr_CachingUmaRecorder: Flushed 3 samples from 3 histograms.
09-01 22:08:27.811  1513  1625 W ActivityManager: Slow operation: 695ms so far, now at startProcess: asking zygote to start proc
09-01 22:08:27.818  2114  2114 E libc    : SetHeapTaggingLevel: re-enabling tagging after it was disabled is not supported
09-01 22:08:27.825  2114  2114 E cessService0:2: Not starting debugger since process cannot load the jdwp agent.
09-01 22:08:27.826  1916  1916 W SystemServiceRegistry: No service published for: uimode
09-01 22:08:27.828  1513  6264 D CompatibilityChangeReporter: Compat change id reported: 136274596; UID 10220; state: ENABLED
09-01 22:08:27.830  1916  1916 I cr_ChildProcessService: Creating new ChildProcessService pid=1916
09-01 22:08:27.840  1513  6264 W UriGrantsManagerService: No permission grants found for com.google.android.apps.photos
09-01 22:08:27.840  1916  1955 I cr_LibraryLoader: Using ModernLinker
09-01 22:08:27.841  1513  3232 W UriGrantsManagerService: No permission grants found for com.google.android.apps.photos
09-01 22:08:27.842   315   315 D Zygote  : Forked child process 2159
09-01 22:08:27.842  1956  1956 I LoadedApk: No resource references to update in package com.google.android.trichromelibrary
09-01 22:08:27.842  1956  1956 D NetworkSecurityConfig: Using Network Security Config from resource 0_resource_name_obfuscated debugBuild: false
09-01 22:08:27.843  1916  1955 W linker  : Warning: "/data/app/~~_KLlx60MH8CoecPTjMKp8g==/com.android.chrome-kw9RHYrlHKb9bPXi8OTClw==/base.apk!/lib/arm64-v8a/libchromium_android_linker.so" unused DT entry: unknown processor-specific (type 0x70000001 arg 0x0) (ignoring)
09-01 22:08:27.843  1513  1625 W ActivityManager: Slow operation: 727ms so far, now at startProcess: returned from zygote!
09-01 22:08:27.843  1956  1956 D NetworkSecurityConfig: Using Network Security Config from resource 0_resource_name_obfuscated debugBuild: false
