09-02 11:10:26.725 20438 20438 W ResourceType: For resource 0x7f15071c, entry index(1820) is beyond type entryCount(281)
09-02 11:10:26.725 20438 20438 W ResourceType: For resource 0x7f1502af, entry index(687) is beyond type entryCount(281)
09-02 11:10:26.725 20438 20438 W ResourceType: For resource 0x7f150274, entry index(628) is beyond type entryCount(281)
09-02 11:10:26.725 20438 20438 W ResourceType: For resource 0x7f150244, entry index(580) is beyond type entryCount(281)
09-02 11:10:26.725 20438 20438 W ResourceType: For resource 0x7f150274, entry index(628) is beyond type entryCount(281)
09-02 11:10:26.725 20438 20438 W ResourceType: For resource 0x7f150372, entry index(882) is beyond type entryCount(281)
09-02 11:10:26.725 20438 20438 W ResourceType: For resource 0x7f15035b, entry index(859) is beyond type entryCount(281)
09-02 11:10:26.725 20438 20438 W ResourceType: For resource 0x7f15035c, entry index(860) is beyond type entryCount(281)
09-02 11:10:26.725 20438 20438 W ResourceType: For resource 0x7f1502ad, entry index(685) is beyond type entryCount(281)
09-02 11:10:26.725 20438 20438 W ResourceType: For resource 0x7f150565, entry index(1381) is beyond type entryCount(281)
09-02 11:10:26.725 20438 20438 W ResourceType: For resource 0x7f150567, entry index(1383) is beyond type entryCount(281)
09-02 11:10:26.725 20438 20438 W ResourceType: For resource 0x7f1504d5, entry index(1237) is beyond type entryCount(281)
09-02 11:10:26.726 20438 20438 W ResourceType: For resource 0x7f1505be, entry index(1470) is beyond type entryCount(281)
09-02 11:10:26.726 20438 20438 I chatty  : uid=10158(u0_a158) identical 3 lines
09-02 11:10:26.726 20438 20438 W ResourceType: For resource 0x7f1505be, entry index(1470) is beyond type entryCount(281)
09-02 11:10:26.726 20438 20438 W ResourceType: For resource 0x7f150241, entry index(577) is beyond type entryCount(281)
09-02 11:10:26.726 20438 20438 W ResourceType: For resource 0x7f150241, entry index(577) is beyond type entryCount(281)
09-02 11:10:26.727 20438 20438 W ResourceType: For resource 0x7f15050e, entry index(1294) is beyond type entryCount(281)
09-02 11:10:26.727 20438 20438 W ResourceType: For resource 0x7f15061f, entry index(1567) is beyond type entryCount(281)
09-02 11:10:26.727 20438 20438 W ResourceType: For resource 0x7f15061f, entry index(1567) is beyond type entryCount(281)
09-02 11:10:26.727 20438 20438 W ResourceType: For resource 0x7f15058c, entry index(1420) is beyond type entryCount(281)
09-02 11:10:26.727 20438 20438 W ResourceType: For resource 0x7f150590, entry index(1424) is beyond type entryCount(281)
09-02 11:10:26.727 20438 20438 W ResourceType: For resource 0x7f15058e, entry index(1422) is beyond type entryCount(281)
09-02 11:10:26.727 20438 20438 W ResourceType: For resource 0x7f1504c3, entry index(1219) is beyond type entryCount(281)
09-02 11:10:26.727 20438 20438 W ResourceType: For resource 0x7f15059e, entry index(1438) is beyond type entryCount(281)
09-02 11:10:26.727 20438 20438 W ResourceType: For resource 0x7f150282, entry index(642) is beyond type entryCount(281)
09-02 11:10:26.727 20438 20438 W ResourceType: For resource 0x7f1504c3, entry index(1219) is beyond type entryCount(281)
09-02 11:10:26.727 20438 20438 W ResourceType: For resource 0x7f150719, entry index(1817) is beyond type entryCount(281)
09-02 11:10:26.727 20438 20438 W ResourceType: For resource 0x7f150578, entry index(1400) is beyond type entryCount(281)
09-02 11:10:26.727 20438 20438 W ResourceType: For resource 0x7f150284, entry index(644) is beyond type entryCount(281)
09-02 11:10:26.727 20438 20438 W ResourceType: For resource 0x7f150579, entry index(1401) is beyond type entryCount(281)
09-02 11:10:26.727 20438 20438 W ResourceType: For resource 0x7f1505e7, entry index(1511) is beyond type entryCount(281)
09-02 11:10:26.727 20438 20438 W ResourceType: For resource 0x7f15071e, entry index(1822) is beyond type entryCount(281)
09-02 11:10:26.727 20438 20438 I chatty  : uid=10158(u0_a158) identical 2 lines
09-02 11:10:26.727 20438 20438 W ResourceType: For resource 0x7f15071e, entry index(1822) is beyond type entryCount(281)
09-02 11:10:26.727 20438 20438 W ResourceType: For resource 0x7f150580, entry index(1408) is beyond type entryCount(281)
09-02 11:10:26.727 20438 20438 W ResourceType: For resource 0x7f15071e, entry index(1822) is beyond type entryCount(281)
09-02 11:10:26.727 20438 20438 W ResourceType: For resource 0x7f15017b, entry index(379) is beyond type entryCount(281)
09-02 11:10:26.727 20438 20438 W ResourceType: For resource 0x7f150283, entry index(643) is beyond type entryCount(281)
09-02 11:10:26.727 20438 20438 W ResourceType: For resource 0x7f1505a2, entry index(1442) is beyond type entryCount(281)
09-02 11:10:26.727 20438 20438 W ResourceType: For resource 0x7f1506f4, entry index(1780) is beyond type entryCount(281)
09-02 11:10:26.727 20438 20438 W ResourceType: For resource 0x7f150588, entry index(1416) is beyond type entryCount(281)
09-02 11:10:26.727 20438 20438 W ResourceType: For resource 0x7f15059f, entry index(1439) is beyond type entryCount(281)
09-02 11:10:26.727 20438 20438 W ResourceType: For resource 0x7f150649, entry index(1609) is beyond type entryCount(281)
09-02 11:10:26.727 20438 20438 W ResourceType: For resource 0x7f150442, entry index(1090) is beyond type entryCount(281)
09-02 11:10:26.727 20438 20438 W ResourceType: For resource 0x7f150718, entry index(1816) is beyond type entryCount(281)
09-02 11:10:26.727 20438 20438 W ResourceType: For resource 0x7f15017c, entry index(380) is beyond type entryCount(281)
09-02 11:10:26.727 20438 20438 W ResourceType: For resource 0x7f15059d, entry index(1437) is beyond type entryCount(281)
09-02 11:10:26.727 20438 20438 W ResourceType: For resource 0x7f15020a, entry index(522) is beyond type entryCount(281)
09-02 11:10:26.727 20438 20438 W ResourceType: For resource 0x7f150586, entry index(1414) is beyond type entryCount(281)
09-02 11:10:26.727 20438 20438 W ResourceType: For resource 0x7f15071c, entry index(1820) is beyond type entryCount(281)
09-02 11:10:26.727 20438 20438 W ResourceType: For resource 0x7f1502af, entry index(687) is beyond type entryCount(281)
09-02 11:10:26.727 20438 20438 W ResourceType: For resource 0x7f150274, entry index(628) is beyond type entryCount(281)
09-02 11:10:26.727 20438 20438 W ResourceType: For resource 0x7f150244, entry index(580) is beyond type entryCount(281)
09-02 11:10:26.727 20438 20438 W ResourceType: For resource 0x7f150274, entry index(628) is beyond type entryCount(281)
09-02 11:10:26.727 20438 20438 W ResourceType: For resource 0x7f150372, entry index(882) is beyond type entryCount(281)
09-02 11:10:26.727 20438 20438 W ResourceType: For resource 0x7f15035b, entry index(859) is beyond type entryCount(281)
09-02 11:10:26.727 20438 20438 W ResourceType: For resource 0x7f15035c, entry index(860) is beyond type entryCount(281)
09-02 11:10:26.727 20438 20438 W ResourceType: For resource 0x7f1502ad, entry index(685) is beyond type entryCount(281)
09-02 11:10:26.727 20438 20438 W ResourceType: For resource 0x7f150565, entry index(1381) is beyond type entryCount(281)
09-02 11:10:26.727 20438 20438 W ResourceType: For resource 0x7f150567, entry index(1383) is beyond type entryCount(281)
09-02 11:10:26.728 20438 20438 W ResourceType: For resource 0x7f150241, entry index(577) is beyond type entryCount(281)
09-02 11:10:26.728 20438 20438 I chatty  : uid=10158(u0_a158) identical 4 lines
09-02 11:10:26.728 20438 20438 W ResourceType: For resource 0x7f150241, entry index(577) is beyond type entryCount(281)
09-02 11:10:26.728 20438 20438 W ResourceType: For resource 0x7f1505bf, entry index(1471) is beyond type entryCount(281)
09-02 11:10:26.728 20438 20438 W ResourceType: For resource 0x7f150728, entry index(1832) is beyond type entryCount(281)
09-02 11:10:26.728 20438 20438 W ResourceType: For resource 0x7f1505bf, entry index(1471) is beyond type entryCount(281)
09-02 11:10:26.728 20438 20438 W ResourceType: For resource 0x7f150728, entry index(1832) is beyond type entryCount(281)
09-02 11:10:26.728 20438 20438 W ResourceType: For resource 0x7f150241, entry index(577) is beyond type entryCount(281)
09-02 11:10:26.728 20438 20438 W ResourceType: For resource 0x7f1505bf, entry index(1471) is beyond type entryCount(281)
09-02 11:10:26.728 20438 20438 W ResourceType: For resource 0x7f150728, entry index(1832) is beyond type entryCount(281)
09-02 11:10:26.728 20438 20438 W ResourceType: For resource 0x7f1505bf, entry index(1471) is beyond type entryCount(281)
09-02 11:10:26.728 20438 20438 W ResourceType: For resource 0x7f150728, entry index(1832) is beyond type entryCount(281)
09-02 11:10:26.729 20438 20438 W ResourceType: For resource 0x7f1505bf, entry index(1471) is beyond type entryCount(281)
09-02 11:10:26.729 20438 20438 W ResourceType: For resource 0x7f150728, entry index(1832) is beyond type entryCount(281)
09-02 11:10:26.729 20438 20438 W ResourceType: For resource 0x7f1505bf, entry index(1471) is beyond type entryCount(281)
09-02 11:10:26.729 20438 20438 W ResourceType: For resource 0x7f150728, entry index(1832) is beyond type entryCount(281)
09-02 11:10:26.729 20438 20438 W ResourceType: For resource 0x7f1505bf, entry index(1471) is beyond type entryCount(281)
09-02 11:10:26.729 20438 20438 W ResourceType: For resource 0x7f150728, entry index(1832) is beyond type entryCount(281)
09-02 11:10:26.729 20438 20438 W ResourceType: For resource 0x7f1505bf, entry index(1471) is beyond type entryCount(281)
09-02 11:10:26.729 20438 20438 W ResourceType: For resource 0x7f150728, entry index(1832) is beyond type entryCount(281)
09-02 11:10:26.729 20438 20438 W ResourceType: For resource 0x7f15050e, entry index(1294) is beyond type entryCount(281)
09-02 11:10:26.729 20438 20438 W ResourceType: For resource 0x7f15061f, entry index(1567) is beyond type entryCount(281)
09-02 11:10:26.729 20438 20438 W ResourceType: For resource 0x7f15061f, entry index(1567) is beyond type entryCount(281)
09-02 11:10:26.729 20438 20438 W ResourceType: For resource 0x7f15058c, entry index(1420) is beyond type entryCount(281)
09-02 11:10:26.729 20438 20438 W ResourceType: For resource 0x7f150590, entry index(1424) is beyond type entryCount(281)
09-02 11:10:26.729 20438 20438 W ResourceType: For resource 0x7f15058e, entry index(1422) is beyond type entryCount(281)
09-02 11:10:26.729 20438 20438 W ResourceType: For resource 0x7f1504c3, entry index(1219) is beyond type entryCount(281)
09-02 11:10:26.729 20438 20438 W ResourceType: For resource 0x7f15059e, entry index(1438) is beyond type entryCount(281)
09-02 11:10:26.729 20438 20438 W ResourceType: For resource 0x7f150282, entry index(642) is beyond type entryCount(281)
09-02 11:10:26.729 20438 20438 W ResourceType: For resource 0x7f1504c3, entry index(1219) is beyond type entryCount(281)
09-02 11:10:26.729 20438 20438 W ResourceType: For resource 0x7f150719, entry index(1817) is beyond type entryCount(281)
09-02 11:10:26.729 20438 20438 W ResourceType: For resource 0x7f150578, entry index(1400) is beyond type entryCount(281)
09-02 11:10:26.729 20438 20438 W ResourceType: For resource 0x7f150284, entry index(644) is beyond type entryCount(281)
09-02 11:10:26.729 20438 20438 W ResourceType: For resource 0x7f150579, entry index(1401) is beyond type entryCount(281)
09-02 11:10:26.729 20438 20438 W ResourceType: For resource 0x7f1505e7, entry index(1511) is beyond type entryCount(281)
09-02 11:10:26.729 20438 20438 W ResourceType: For resource 0x7f15071e, entry index(1822) is beyond type entryCount(281)
09-02 11:10:26.729 20438 20438 I chatty  : uid=10158(u0_a158) identical 2 lines
09-02 11:10:26.729 20438 20438 W ResourceType: For resource 0x7f15071e, entry index(1822) is beyond type entryCount(281)
09-02 11:10:26.729 20438 20438 W ResourceType: For resource 0x7f150580, entry index(1408) is beyond type entryCount(281)
09-02 11:10:26.729 20438 20438 W ResourceType: For resource 0x7f15071e, entry index(1822) is beyond type entryCount(281)
09-02 11:10:26.729 20438 20438 W ResourceType: For resource 0x7f15017b, entry index(379) is beyond type entryCount(281)
09-02 11:10:26.730 20438 20438 W ResourceType: For resource 0x7f150283, entry index(643) is beyond type entryCount(281)
09-02 11:10:26.730 20438 20438 W ResourceType: For resource 0x7f1505a2, entry index(1442) is beyond type entryCount(281)
09-02 11:10:26.730 20438 20438 W ResourceType: For resource 0x7f1506f4, entry index(1780) is beyond type entryCount(281)
09-02 11:10:26.730 20438 20438 W ResourceType: For resource 0x7f150588, entry index(1416) is beyond type entryCount(281)
09-02 11:10:26.730 20438 20438 W ResourceType: For resource 0x7f15059f, entry index(1439) is beyond type entryCount(281)
09-02 11:10:26.730 20438 20438 W ResourceType: For resource 0x7f150649, entry index(1609) is beyond type entryCount(281)
09-02 11:10:26.730 20438 20438 W ResourceType: For resource 0x7f150442, entry index(1090) is beyond type entryCount(281)
09-02 11:10:26.730 20438 20438 W ResourceType: For resource 0x7f150718, entry index(1816) is beyond type entryCount(281)
09-02 11:10:26.730 20438 20438 W ResourceType: For resource 0x7f15017c, entry index(380) is beyond type entryCount(281)
09-02 11:10:26.730 20438 20438 W ResourceType: For resource 0x7f15059d, entry index(1437) is beyond type entryCount(281)
09-02 11:10:26.730 20438 20438 W ResourceType: For resource 0x7f15020a, entry index(522) is beyond type entryCount(281)
09-02 11:10:26.730 20438 20438 W ResourceType: For resource 0x7f150586, entry index(1414) is beyond type entryCount(281)
09-02 11:10:26.730 20438 20438 W ResourceType: For resource 0x7f15071c, entry index(1820) is beyond type entryCount(281)
09-02 11:10:26.730 20438 20438 W ResourceType: For resource 0x7f1502af, entry index(687) is beyond type entryCount(281)
09-02 11:10:26.730 20438 20438 W ResourceType: For resource 0x7f150274, entry index(628) is beyond type entryCount(281)
09-02 11:10:26.730 20438 20438 W ResourceType: For resource 0x7f150244, entry index(580) is beyond type entryCount(281)
09-02 11:10:26.730 20438 20438 W ResourceType: For resource 0x7f150274, entry index(628) is beyond type entryCount(281)
09-02 11:10:26.730 20438 20438 W ResourceType: For resource 0x7f150372, entry index(882) is beyond type entryCount(281)
09-02 11:10:26.730 20438 20438 W ResourceType: For resource 0x7f15035b, entry index(859) is beyond type entryCount(281)
09-02 11:10:26.730 20438 20438 W ResourceType: For resource 0x7f15035c, entry index(860) is beyond type entryCount(281)
09-02 11:10:26.730 20438 20438 W ResourceType: For resource 0x7f1502ad, entry index(685) is beyond type entryCount(281)
09-02 11:10:26.730 20438 20438 W ResourceType: For resource 0x7f150565, entry index(1381) is beyond type entryCount(281)
09-02 11:10:26.730 20438 20438 W ResourceType: For resource 0x7f150567, entry index(1383) is beyond type entryCount(281)
09-02 11:10:26.730 20438 20438 W ResourceType: For resource 0x7f1505bd, entry index(1469) is beyond type entryCount(281)
09-02 11:10:26.731 20438 20438 I chatty  : uid=10158(u0_a158) identical 6 lines
09-02 11:10:26.731 20438 20438 W ResourceType: For resource 0x7f1505bd, entry index(1469) is beyond type entryCount(281)
09-02 11:10:26.733 20438 20443 I zygote  : Do full code cache collection, code=253KB, data=196KB
09-02 11:10:26.735 20438 20443 I zygote  : After code cache collection, code=208KB, data=140KB
09-02 11:10:26.735  3462  3462 I SurfaceFlinger: id=1230 createSurf (720x1280),4 flag=404, SurfaceView - com.opera.browser/com.opera.Opera@5bdf968@0#0
09-02 11:10:26.736  3462  3462 I SurfaceFlinger: id=1231 createSurf (720x1280),-1 flag=20404, Background for - SurfaceView - com.opera.browser/com.opera.Opera@5bdf968@0#0
09-02 11:10:26.736 20438 20438 D SurfaceView: BG show() Surface(name=Background for - SurfaceView - com.opera.browser/com.opera.Opera@5bdf968@0) android.view.SurfaceView{5bdf968 V.E...... ......ID 0,0-720,1280}
09-02 11:10:26.748  3979  4484 E Watchdog: !@Sync 1211 [2023-09-02 11:10:26.748]
09-02 11:10:26.752 20438 20438 V Surface : sf_framedrop debug : 0x4f4c, game : false, logging : 0
09-02 11:10:26.752 20438 20438 D SurfaceView: surfaceCreated 1 android.view.SurfaceView{5bdf968 V.E...... ......ID 0,0-720,1280}
09-02 11:10:26.752 20438 20438 D SurfaceView: surfaceChanged (720,1280) 1 android.view.SurfaceView{5bdf968 V.E...... ......ID 0,0-720,1280}
09-02 11:10:26.778 20621 20642 V Surface : sf_framedrop debug : 0x4f4c, game : false, logging : 0
09-02 11:10:26.780 20621 20642 D mali_winsys: EGLint new_window_surface(egl_winsys_display *, void *, EGLSurface, EGLConfig, egl_winsys_surface **, egl_color_buffer_format *, EGLBoolean) returns 0x3000,  [720x1280]-format:1
09-02 11:10:26.791  3979  4373 D ConnectivityService: filterNetworkStateForUid() uid: 10158 networkInfo: [type: WIFI[] - WIFI, state: CONNECTED/CONNECTED, reason: (unspecified), extra: "WiFi 69", failover: false, available: true, roaming: false, metered: false]
09-02 11:10:26.803 10264 10609 I FontLog : Received query Noto Color Emoji Compat, URI content://com.google.android.gms.fonts [CONTEXT service_id=132 ]
09-02 11:10:26.804 10264 10609 I FontLog : Query [emojicompat-emoji-font] resolved to {Noto Color Emoji Compat, wdth 100.0, wght 400, ital 0.0, bestEffort false} [CONTEXT service_id=132 ]
09-02 11:10:26.806 10264 10609 I FontLog : Fetch {Noto Color Emoji Compat, wdth 100.0, wght 400, ital 0.0, bestEffort false} end status Status{statusCode=SUCCESS, resolution=null} [CONTEXT service_id=132 ]
09-02 11:10:26.807 10264 10280 I FontLog : Received query name=Google Sans&weight=700&besteffort=false, URI content://com.google.android.gms.fonts [CONTEXT service_id=132 ]
09-02 11:10:26.808 10264 10280 I FontLog : Query [name=Google Sans&weight=700&besteffort=false] resolved to {Google Sans, wdth 100.0, wght 700, ital 0.0, bestEffort false} [CONTEXT service_id=132 ]
09-02 11:10:26.810 10264 10280 I FontLog : Fetch {Google Sans, wdth 100.0, wght 700, ital 0.0, bestEffort false} end status Status{statusCode=SUCCESS, resolution=null} [CONTEXT service_id=132 ]
09-02 11:10:26.812  3979  5968 D PackageManager: setEnabledSetting : userId = 0 packageName = com.opera.browser cmp = com.opera.android.readlater.MigrationBroadcastReceiver newState = 2 callingPackage = 10158/com.opera.browser
09-02 11:10:26.816 10264 10609 I FontLog : Pulling font file for id = 590, cache size = 6 [CONTEXT service_id=132 ]
09-02 11:10:26.816 10264 10280 I FontLog : Pulling font file for id = 591, cache size = 6 [CONTEXT service_id=132 ]
09-02 11:10:26.817  3979  3994 D ConnectivityService: filterNetworkStateForUid() uid: 1000 networkInfo: [type: WIFI[] - WIFI, state: CONNECTED/CONNECTED, reason: (unspecified), extra: "WiFi 69", failover: false, available: true, roaming: false, metered: false]
09-02 11:10:26.820 20438 20438 I zygote  : Deoptimizing java.lang.Object gs4.a() due to JIT inline cache
09-02 11:10:26.824 10264 10609 I FontLog : Pulling font file for id = 590, cache size = 6 [CONTEXT service_id=132 ]
09-02 11:10:26.824 10264 10280 I FontLog : Received query name=Noto Color Emoji Compat&weight=400&besteffort=false, URI content://com.google.android.gms.fonts [CONTEXT service_id=132 ]
09-02 11:10:26.825 10264 10280 I FontLog : Query [name=Noto Color Emoji Compat&weight=400&besteffort=false] resolved to {Noto Color Emoji Compat, wdth 100.0, wght 400, ital 0.0, bestEffort false} [CONTEXT service_id=132 ]
09-02 11:10:26.828 10264 10280 I FontLog : Fetch {Noto Color Emoji Compat, wdth 100.0, wght 400, ital 0.0, bestEffort false} end status Status{statusCode=SUCCESS, resolution=null} [CONTEXT service_id=132 ]
09-02 11:10:26.835  3979  3994 D ConnectivityService: filterNetworkStateForUid() uid: 1000 networkInfo: [type: WIFI[] - WIFI, state: CONNECTED/CONNECTED, reason: (unspecified), extra: "WiFi 69", failover: false, available: true, roaming: false, metered: false]
09-02 11:10:26.849  3979  3994 D SyncManager: failed sync operation JobId: 109703, com.opera.browser u0 (com.opera.browser.ping), com.opera.browser.ping.provider, SERVER, reason: 10158, SyncResult: delayUntil: 1693653026 stats [ numIoExceptions: 1]
09-02 11:10:26.851 10264 10280 I FontLog : Pulling font file for id = 592, cache size = 6 [CONTEXT service_id=132 ]
09-02 11:10:26.853  3979  3994 D ConnectivityService: filterNetworkStateForUid() uid: 10158 networkInfo: [type: WIFI[] - WIFI, state: CONNECTED/CONNECTED, reason: (unspecified), extra: "WiFi 69", failover: false, available: true, roaming: false, metered: false]
09-02 11:10:26.857  3979  4373 D ConnectivityService: filterNetworkStateForUid() uid: 10025 networkInfo: [type: WIFI[] - WIFI, state: CONNECTED/CONNECTED, reason: (unspecified), extra: "WiFi 69", failover: false, available: true, roaming: false, metered: false]
09-02 11:10:26.859 10264 10280 I FontLog : Received query name=Google Sans&weight=400&besteffort=false, URI content://com.google.android.gms.fonts [CONTEXT service_id=132 ]
09-02 11:10:26.859 10264 10280 I FontLog : Query [name=Google Sans&weight=400&besteffort=false] resolved to {Google Sans, wdth 100.0, wght 400, ital 0.0, bestEffort false} [CONTEXT service_id=132 ]
09-02 11:10:26.861 10264 10280 I FontLog : Font PFD returned from cache for {Google Sans, wdth 100.0, wght 400, ital 0.0, bestEffort false} [CONTEXT service_id=132 ]
09-02 11:10:26.862 10264 10280 I FontLog : Fetch {Google Sans, wdth 100.0, wght 400, ital 0.0, bestEffort false} end status Status{statusCode=SUCCESS, resolution=null} [CONTEXT service_id=132 ]
09-02 11:10:26.869 10264 10280 I FontLog : Pulling font file for id = 593, cache size = 5 [CONTEXT service_id=132 ]
09-02 11:10:26.870 20621 20767 W AudioCapabilities: Unsupported mime audio/mpeg-L1
09-02 11:10:26.870  3979  3994 D SamsungAlarmManager: setInexact Listener (T:2/F:0/AC:false) 20230902T111058 - CU:1000/CP:3979
09-02 11:10:26.870 20621 20767 W AudioCapabilities: Unsupported mime audio/mpeg-L2
09-02 11:10:26.875 10264 10280 I FontLog : Received query name=Google Sans&weight=500&besteffort=false, URI content://com.google.android.gms.fonts [CONTEXT service_id=132 ]
09-02 11:10:26.876 10264 10280 I FontLog : Query [name=Google Sans&weight=500&besteffort=false] resolved to {Google Sans, wdth 100.0, wght 500, ital 0.0, bestEffort false} [CONTEXT service_id=132 ]
09-02 11:10:26.876  3979  3994 D SamsungAlarmManager: setInexact Listener (T:2/F:0/AC:false) 20230902T111206 - CU:1000/CP:3979
09-02 11:10:26.877  3979  5925 D ConnectivityService: filterNetworkStateForUid() uid: 10158 networkInfo: [type: WIFI[] - WIFI, state: CONNECTED/CONNECTED, reason: (unspecified), extra: "WiFi 69", failover: false, available: true, roaming: false, metered: false]
09-02 11:10:26.877 10264 10280 I FontLog : Font PFD returned from cache for {Google Sans, wdth 100.0, wght 500, ital 0.0, bestEffort false} [CONTEXT service_id=132 ]
09-02 11:10:26.878 20621 20767 W AudioCapabilities: Unsupported mime audio/x-ms-wma
09-02 11:10:26.878 10264 10280 I FontLog : Fetch {Google Sans, wdth 100.0, wght 500, ital 0.0, bestEffort false} end status Status{statusCode=SUCCESS, resolution=null} [CONTEXT service_id=132 ]
09-02 11:10:26.880 20621 20767 W AudioCapabilities: Unsupported mime audio/x-ima
09-02 11:10:26.881  3979  3994 D SamsungAlarmManager: setInexact Listener (T:2/F:0/AC:false) 20230902T111206 - CU:1000/CP:3979
09-02 11:10:26.883 10264 10280 I FontLog : Pulling font file for id = 594, cache size = 6 [CONTEXT service_id=132 ]
09-02 11:10:26.889 20621 20767 W VideoCapabilities: Unrecognized profile 2130706433 for video/avc
09-02 11:10:26.889 20621 20767 W VideoCapabilities: Unrecognized profile 2130706434 for video/avc
09-02 11:10:26.892 20621 20767 W VideoCapabilities: Unrecognized profile 2130706433 for video/avc
09-02 11:10:26.893 20621 20767 W VideoCapabilities: Unrecognized profile 2130706434 for video/avc
09-02 11:10:26.895  3979  3994 D ConnectivityService: filterNetworkStateForUid() uid: 1000 networkInfo: [type: WIFI[] - WIFI, state: CONNECTED/CONNECTED, reason: (unspecified), extra: "WiFi 69", failover: false, available: true, roaming: false, metered: false]
09-02 11:10:26.898  3979  3994 D ConnectivityService: filterNetworkStateForUid() uid: 10158 networkInfo: [type: WIFI[] - WIFI, state: CONNECTED/CONNECTED, reason: (unspecified), extra: "WiFi 69", failover: false, available: true, roaming: false, metered: false]
09-02 11:10:26.905 20438 20438 W ResourceType: For resource 0x7f15050e, entry index(1294) is beyond type entryCount(281)
09-02 11:10:26.905 20438 20438 W ResourceType: For resource 0x7f15061f, entry index(1567) is beyond type entryCount(281)
09-02 11:10:26.906 20438 20438 W ResourceType: For resource 0x7f15061f, entry index(1567) is beyond type entryCount(281)
09-02 11:10:26.906 20438 20438 W ResourceType: For resource 0x7f15058c, entry index(1420) is beyond type entryCount(281)
09-02 11:10:26.906 20438 20438 W ResourceType: For resource 0x7f150590, entry index(1424) is beyond type entryCount(281)
09-02 11:10:26.906 20438 20438 W ResourceType: For resource 0x7f15058e, entry index(1422) is beyond type entryCount(281)
09-02 11:10:26.906 20438 20438 W ResourceType: For resource 0x7f1504c3, entry index(1219) is beyond type entryCount(281)
09-02 11:10:26.906 20438 20438 W ResourceType: For resource 0x7f15059e, entry index(1438) is beyond type entryCount(281)
09-02 11:10:26.906 20438 20438 W ResourceType: For resource 0x7f150282, entry index(642) is beyond type entryCount(281)
09-02 11:10:26.906 20438 20438 W ResourceType: For resource 0x7f1504c3, entry index(1219) is beyond type entryCount(281)
09-02 11:10:26.906 20438 20438 W ResourceType: For resource 0x7f150719, entry index(1817) is beyond type entryCount(281)
09-02 11:10:26.906 20438 20438 W ResourceType: For resource 0x7f150578, entry index(1400) is beyond type entryCount(281)
09-02 11:10:26.906 20438 20438 W ResourceType: For resource 0x7f150284, entry index(644) is beyond type entryCount(281)
09-02 11:10:26.906 20438 20438 W ResourceType: For resource 0x7f150579, entry index(1401) is beyond type entryCount(281)
09-02 11:10:26.906 20438 20438 W ResourceType: For resource 0x7f1505e7, entry index(1511) is beyond type entryCount(281)
09-02 11:10:26.906 20438 20438 W ResourceType: For resource 0x7f15071e, entry index(1822) is beyond type entryCount(281)
09-02 11:10:26.906 20438 20438 I chatty  : uid=10158(u0_a158) identical 2 lines
09-02 11:10:26.906 20438 20438 W ResourceType: For resource 0x7f15071e, entry index(1822) is beyond type entryCount(281)
09-02 11:10:26.906 20438 20438 W ResourceType: For resource 0x7f150580, entry index(1408) is beyond type entryCount(281)
09-02 11:10:26.906 20438 20438 W ResourceType: For resource 0x7f15071e, entry index(1822) is beyond type entryCount(281)
09-02 11:10:26.906 20438 20438 W ResourceType: For resource 0x7f15017b, entry index(379) is beyond type entryCount(281)
09-02 11:10:26.906 20438 20438 W ResourceType: For resource 0x7f150283, entry index(643) is beyond type entryCount(281)
09-02 11:10:26.906 20438 20438 W ResourceType: For resource 0x7f1505a2, entry index(1442) is beyond type entryCount(281)
09-02 11:10:26.906 20438 20438 W ResourceType: For resource 0x7f1506f4, entry index(1780) is beyond type entryCount(281)
09-02 11:10:26.906 20438 20438 W ResourceType: For resource 0x7f150588, entry index(1416) is beyond type entryCount(281)
09-02 11:10:26.906 20438 20438 W ResourceType: For resource 0x7f15059f, entry index(1439) is beyond type entryCount(281)
09-02 11:10:26.906 20438 20438 W ResourceType: For resource 0x7f150649, entry index(1609) is beyond type entryCount(281)
09-02 11:10:26.906 20438 20438 W ResourceType: For resource 0x7f150442, entry index(1090) is beyond type entryCount(281)
09-02 11:10:26.906 20438 20438 W ResourceType: For resource 0x7f150718, entry index(1816) is beyond type entryCount(281)
09-02 11:10:26.906 20438 20438 W ResourceType: For resource 0x7f15017c, entry index(380) is beyond type entryCount(281)
09-02 11:10:26.906 20438 20438 W ResourceType: For resource 0x7f15059d, entry index(1437) is beyond type entryCount(281)
09-02 11:10:26.906 20438 20438 W ResourceType: For resource 0x7f15020a, entry index(522) is beyond type entryCount(281)
09-02 11:10:26.906 20438 20438 W ResourceType: For resource 0x7f150586, entry index(1414) is beyond type entryCount(281)
09-02 11:10:26.906 20438 20438 W ResourceType: For resource 0x7f15071c, entry index(1820) is beyond type entryCount(281)
09-02 11:10:26.906 20438 20438 W ResourceType: For resource 0x7f1502af, entry index(687) is beyond type entryCount(281)
09-02 11:10:26.906 20438 20438 W ResourceType: For resource 0x7f150274, entry index(628) is beyond type entryCount(281)
09-02 11:10:26.906 20438 20438 W ResourceType: For resource 0x7f150244, entry index(580) is beyond type entryCount(281)
09-02 11:10:26.906 20438 20438 W ResourceType: For resource 0x7f150274, entry index(628) is beyond type entryCount(281)
09-02 11:10:26.906 20438 20438 W ResourceType: For resource 0x7f150372, entry index(882) is beyond type entryCount(281)
09-02 11:10:26.906 20438 20438 W ResourceType: For resource 0x7f15035b, entry index(859) is beyond type entryCount(281)
09-02 11:10:26.906 20438 20438 W ResourceType: For resource 0x7f15035c, entry index(860) is beyond type entryCount(281)
09-02 11:10:26.906 20438 20438 W ResourceType: For resource 0x7f1502ad, entry index(685) is beyond type entryCount(281)
09-02 11:10:26.906 20438 20438 W ResourceType: For resource 0x7f150565, entry index(1381) is beyond type entryCount(281)
09-02 11:10:26.906 20438 20438 W ResourceType: For resource 0x7f150567, entry index(1383) is beyond type entryCount(281)
09-02 11:10:26.916 20621 20767 W VideoCapabilities: Unsupported mime video/wvc1
09-02 11:10:26.916  7505  7523 I Finsky  : [2050] ncc.l(14): com.opera.browser: Account determined from installer data - [U-iik75Til66Sqc4rcg2VQIPTcVEABCt30QhmAx4030]
09-02 11:10:26.917  7505  7523 I Finsky  : [2050] ncc.l(61): Billing preferred account via installer for com.opera.browser: [U-iik75Til66Sqc4rcg2VQIPTcVEABCt30QhmAx4030]
09-02 11:10:26.918 20621 20767 W VideoCapabilities: Unsupported mime video/x-ms-wmv
09-02 11:10:26.920  7505  7523 W Finsky  : [2050] hgm.i(10): Unsupported billing API version: 19
09-02 11:10:26.922  3979  9236 V WindowManager: Relayout Window{877d36f u0 com.opera.browser/com.opera.Opera}: viewVisibility=0 req=720x1280 WM.LayoutParams{(0,0)(fillxfill) sim=#10 ty=1 fl=#89810100 pfl=0x20000 fmt=-3 wanim=0x10302fd vsysui=0x2700 sysuil=true needsMenuKey=2 colorMode=0 naviIconColor=0}
09-02 11:10:26.923  7505  7523 I Finsky  : [2050] ncc.l(14): com.opera.browser: Account determined from installer data - [U-iik75Til66Sqc4rcg2VQIPTcVEABCt30QhmAx4030]
09-02 11:10:26.924 20621 20767 W VideoCapabilities: Unrecognized profile 2130706433 for video/avc
09-02 11:10:26.924 20621 20767 W VideoCapabilities: Unrecognized profile 2130706434 for video/avc
09-02 11:10:26.924  7505  7523 I Finsky  : [2050] ncc.l(61): Billing preferred account via installer for com.opera.browser: [U-iik75Til66Sqc4rcg2VQIPTcVEABCt30QhmAx4030]
09-02 11:10:26.926  7505  7523 W Finsky  : [2050] hgm.i(10): Unsupported billing API version: 18
09-02 11:10:26.927 20621 20767 W VideoCapabilities: Unsupported mime video/avc-wfd
09-02 11:10:26.929 20438 20438 D ViewRootImpl@d8ed02c[Opera]: Relayout returned: old=[0,0][720,1280] new=[0,0][720,1280] result=0x1 surface={valid=true 3290019840} changed=false
09-02 11:10:26.930  7505  7523 I Finsky  : [2050] ncc.l(14): com.opera.browser: Account determined from installer data - [U-iik75Til66Sqc4rcg2VQIPTcVEABCt30QhmAx4030]
09-02 11:10:26.930 20438 20438 W View    : requestLayout() improperly called by android.widget.FrameLayout{a100da5 VFE...C.. ......ID 236,999-713,1175 #7f0a01ca app:id/content} during layout: running second layout pass
09-02 11:10:26.930 20438 20438 I ViewRootImpl@d8ed02c[Opera]: requestLayout is already in process
09-02 11:10:26.931  7505  7523 I Finsky  : [2050] ncc.l(61): Billing preferred account via installer for com.opera.browser: [U-iik75Til66Sqc4rcg2VQIPTcVEABCt30QhmAx4030]
09-02 11:10:26.939  7505  7523 I Finsky  : [2050] ncc.l(14): com.opera.browser: Account determined from installer data - [U-iik75Til66Sqc4rcg2VQIPTcVEABCt30QhmAx4030]
09-02 11:10:26.939  3462  3462 I SurfaceFlinger: Display 0 HWC layers:
09-02 11:10:26.939  3462  3462 I SurfaceFlinger:     type    |    handle    | flag |  format   |   source crop (l,t,r,b)    |         frame       | name 
09-02 11:10:26.939  3462  3462 I SurfaceFlinger: ------------+--------------+------+-----------+----------------------------+---------------------+------
09-02 11:10:26.939  3462  3462 I SurfaceFlinger:      Device | 0x7ac0b8fac0 | 0002 | RGBA_8888 |   0.0    0.0  720.0 1280.0 |    0    0  720 1280 | SurfaceView - com.opera.browser/com.opera.Opera@5bdf968@0#0
09-02 11:10:26.939  3462  3462 I SurfaceFlinger:      Device | 0x7ac4c24780 | 0000 | RGBA_8888 |   0.0    0.0  720.0 1280.0 |    0    0  720 1280 | com.opera.browser/com.opera.Opera#0
09-02 11:10:26.939  3462  3462 I SurfaceFlinger:      Device | 0x7ac4c25140 | 0000 | RGBA_8888 |   0.0    0.0  720.0   42.0 |    0    0  720   42 | StatusBar#0
09-02 11:10:26.939  3462  3462 I SurfaceFlinger: 
09-02 11:10:26.940  7505  7523 I Finsky  : [2050] ncc.l(61): Billing preferred account via installer for com.opera.browser: [U-iik75Til66Sqc4rcg2VQIPTcVEABCt30QhmAx4030]
09-02 11:10:26.944  7505  7523 W Finsky  : [2050] hgm.i(10): Unsupported billing API version: 19
09-02 11:10:26.949  7505  7523 I Finsky  : [2050] ncc.l(14): com.opera.browser: Account determined from installer data - [U-iik75Til66Sqc4rcg2VQIPTcVEABCt30QhmAx4030]
09-02 11:10:26.950  7505  7523 I Finsky  : [2050] ncc.l(61): Billing preferred account via installer for com.opera.browser: [U-iik75Til66Sqc4rcg2VQIPTcVEABCt30QhmAx4030]
09-02 11:10:26.952  7505  7523 W Finsky  : [2050] hgm.i(10): Unsupported billing API version: 18
09-02 11:10:26.956  7505  7523 I Finsky  : [2050] ncc.l(14): com.opera.browser: Account determined from installer data - [U-iik75Til66Sqc4rcg2VQIPTcVEABCt30QhmAx4030]
09-02 11:10:26.957  7505  7523 I Finsky  : [2050] ncc.l(61): Billing preferred account via installer for com.opera.browser: [U-iik75Til66Sqc4rcg2VQIPTcVEABCt30QhmAx4030]
09-02 11:10:26.969 20438 20438 I zygote  : Deoptimizing boolean ks4.a(java.util.AbstractCollection, java.util.Iterator) due to JIT inline cache
09-02 11:10:26.971  7505  7523 I Finsky  : [2050] ncc.l(14): com.opera.browser: Account determined from installer data - [U-iik75Til66Sqc4rcg2VQIPTcVEABCt30QhmAx4030]
09-02 11:10:26.973  7505  7523 I Finsky  : [2050] ncc.l(61): Billing preferred account via installer for com.opera.browser: [U-iik75Til66Sqc4rcg2VQIPTcVEABCt30QhmAx4030]
09-02 11:10:26.975 20621 20767 I VideoCapabilities: Unsupported profile 4 for video/mp4v-es
09-02 11:10:27.014 20621 20767 W VideoCapabilities: Unrecognized profile/level 1/32 for video/mp4v-es
09-02 11:10:27.014 20621 20767 W VideoCapabilities: Unrecognized profile/level 32768/2 for video/mp4v-es
09-02 11:10:27.014 20621 20767 W VideoCapabilities: Unrecognized profile/level 32768/64 for video/mp4v-es
09-02 11:10:27.016 20621 20767 W VideoCapabilities: Unsupported mime video/wvc1
09-02 11:10:27.019 20621 20767 W VideoCapabilities: Unsupported mime video/x-ms-wmv
09-02 11:10:27.020  3979  9236 D ConnectivityService: filterNetworkStateForUid() uid: 10158 networkInfo: [type: WIFI[] - WIFI, state: CONNECTED/CONNECTED, reason: (unspecified), extra: "WiFi 69", failover: false, available: true, roaming: false, metered: false]
09-02 11:10:27.022 20621 20767 W VideoCapabilities: Unsupported mime video/x-ms-wmv7
09-02 11:10:27.025 20621 20767 W VideoCapabilities: Unsupported mime video/x-ms-wmv8
09-02 11:10:27.028 20621 20767 W VideoCapabilities: Unsupported mime video/mp43
09-02 11:10:27.041 20438 20438 W ResourceType: For resource 0x7f150274, entry index(628) is beyond type entryCount(281)
09-02 11:10:27.041 20438 20438 W ResourceType: For resource 0x7f150274, entry index(628) is beyond type entryCount(281)
09-02 11:10:27.041 20438 20438 W ResourceType: For resource 0x7f1503d5, entry index(981) is beyond type entryCount(281)
09-02 11:10:27.041 20438 20438 W ResourceType: For resource 0x7f1503c0, entry index(960) is beyond type entryCount(281)
09-02 11:10:27.048  3614  3927 D DnsProxyListener: DNSDBG::dns addrinfo af 2
09-02 11:10:27.058 20621 20767 W VideoCapabilities: Unrecognized profile 2130706433 for video/avc
09-02 11:10:27.059 20621 20767 W VideoCapabilities: Unrecognized profile 2130706434 for video/avc
09-02 11:10:27.064 20621 20767 W VideoCapabilities: Unrecognized profile 2130706433 for video/avc
09-02 11:10:27.064 20621 20767 W VideoCapabilities: Unrecognized profile 2130706434 for video/avc
09-02 11:10:27.067 20438 20438 W ResourceType: For resource 0x7f150278, entry index(632) is beyond type entryCount(281)
09-02 11:10:27.068 20438 20438 W ResourceType: For resource 0x7f150278, entry index(632) is beyond type entryCount(281)
09-02 11:10:27.069 20438 20438 W ResourceType: For resource 0x7f15050e, entry index(1294) is beyond type entryCount(281)
09-02 11:10:27.069 20438 20438 W ResourceType: For resource 0x7f15061f, entry index(1567) is beyond type entryCount(281)
09-02 11:10:27.069 20438 20438 W ResourceType: For resource 0x7f15061f, entry index(1567) is beyond type entryCount(281)
09-02 11:10:27.069 20438 20438 W ResourceType: For resource 0x7f15058c, entry index(1420) is beyond type entryCount(281)
09-02 11:10:27.069 20438 20438 W ResourceType: For resource 0x7f150590, entry index(1424) is beyond type entryCount(281)
09-02 11:10:27.069 20438 20438 W ResourceType: For resource 0x7f15058e, entry index(1422) is beyond type entryCount(281)
09-02 11:10:27.069 20438 20438 W ResourceType: For resource 0x7f1504c3, entry index(1219) is beyond type entryCount(281)
09-02 11:10:27.069 20438 20438 W ResourceType: For resource 0x7f15059e, entry index(1438) is beyond type entryCount(281)
09-02 11:10:27.069 20438 20438 W ResourceType: For resource 0x7f150282, entry index(642) is beyond type entryCount(281)
09-02 11:10:27.069 20438 20438 W ResourceType: For resource 0x7f1504c3, entry index(1219) is beyond type entryCount(281)
09-02 11:10:27.069 20438 20438 W ResourceType: For resource 0x7f150719, entry index(1817) is beyond type entryCount(281)
09-02 11:10:27.069 20438 20438 W ResourceType: For resource 0x7f150578, entry index(1400) is beyond type entryCount(281)
09-02 11:10:27.069 20438 20438 W ResourceType: For resource 0x7f150284, entry index(644) is beyond type entryCount(281)
09-02 11:10:27.069 20438 20438 W ResourceType: For resource 0x7f150579, entry index(1401) is beyond type entryCount(281)
09-02 11:10:27.069 20438 20438 W ResourceType: For resource 0x7f1505e7, entry index(1511) is beyond type entryCount(281)
09-02 11:10:27.069 20438 20438 W ResourceType: For resource 0x7f15071e, entry index(1822) is beyond type entryCount(281)
09-02 11:10:27.069 20438 20438 I chatty  : uid=10158(u0_a158) identical 2 lines
09-02 11:10:27.069 20438 20438 W ResourceType: For resource 0x7f15071e, entry index(1822) is beyond type entryCount(281)
09-02 11:10:27.069 20438 20438 W ResourceType: For resource 0x7f150580, entry index(1408) is beyond type entryCount(281)
09-02 11:10:27.069 20438 20438 W ResourceType: For resource 0x7f15071e, entry index(1822) is beyond type entryCount(281)
09-02 11:10:27.069 20438 20438 W ResourceType: For resource 0x7f15017b, entry index(379) is beyond type entryCount(281)
09-02 11:10:27.069 20438 20438 W ResourceType: For resource 0x7f150283, entry index(643) is beyond type entryCount(281)
09-02 11:10:27.069 20438 20438 W ResourceType: For resource 0x7f1505a2, entry index(1442) is beyond type entryCount(281)
09-02 11:10:27.069 20438 20438 W ResourceType: For resource 0x7f1506f4, entry index(1780) is beyond type entryCount(281)
09-02 11:10:27.069 20438 20438 W ResourceType: For resource 0x7f150588, entry index(1416) is beyond type entryCount(281)
09-02 11:10:27.069 20438 20438 W ResourceType: For resource 0x7f15059f, entry index(1439) is beyond type entryCount(281)
09-02 11:10:27.069 20438 20438 W ResourceType: For resource 0x7f150649, entry index(1609) is beyond type entryCount(281)
09-02 11:10:27.069 20438 20438 W ResourceType: For resource 0x7f150442, entry index(1090) is beyond type entryCount(281)
09-02 11:10:27.069 20438 20438 W ResourceType: For resource 0x7f150718, entry index(1816) is beyond type entryCount(281)
09-02 11:10:27.069 20438 20438 W ResourceType: For resource 0x7f15017c, entry index(380) is beyond type entryCount(281)
09-02 11:10:27.069 20438 20438 W ResourceType: For resource 0x7f15059d, entry index(1437) is beyond type entryCount(281)
09-02 11:10:27.069 20438 20438 W ResourceType: For resource 0x7f15020a, entry index(522) is beyond type entryCount(281)
09-02 11:10:27.069 20438 20438 W ResourceType: For resource 0x7f150586, entry index(1414) is beyond type entryCount(281)
09-02 11:10:27.069 20438 20438 W ResourceType: For resource 0x7f15071c, entry index(1820) is beyond type entryCount(281)
09-02 11:10:27.069 20438 20438 W ResourceType: For resource 0x7f1502af, entry index(687) is beyond type entryCount(281)
09-02 11:10:27.069 20438 20438 W ResourceType: For resource 0x7f150274, entry index(628) is beyond type entryCount(281)
09-02 11:10:27.069 20438 20438 W ResourceType: For resource 0x7f150244, entry index(580) is beyond type entryCount(281)
09-02 11:10:27.069 20438 20438 W ResourceType: For resource 0x7f150274, entry index(628) is beyond type entryCount(281)
09-02 11:10:27.069 20438 20438 W ResourceType: For resource 0x7f150372, entry index(882) is beyond type entryCount(281)
09-02 11:10:27.069 20438 20438 W ResourceType: For resource 0x7f15035b, entry index(859) is beyond type entryCount(281)
09-02 11:10:27.069 20438 20438 W ResourceType: For resource 0x7f15035c, entry index(860) is beyond type entryCount(281)
09-02 11:10:27.069 20438 20438 W ResourceType: For resource 0x7f1502ad, entry index(685) is beyond type entryCount(281)
09-02 11:10:27.069 20438 20438 W ResourceType: For resource 0x7f150565, entry index(1381) is beyond type entryCount(281)
09-02 11:10:27.069 20438 20438 W ResourceType: For resource 0x7f150567, entry index(1383) is beyond type entryCount(281)
09-02 11:10:27.069 20438 20438 W ResourceType: For resource 0x7f150278, entry index(632) is beyond type entryCount(281)
09-02 11:10:27.070 20438 20438 I chatty  : uid=10158(u0_a158) identical 3 lines
09-02 11:10:27.071 20438 20438 W ResourceType: For resource 0x7f150278, entry index(632) is beyond type entryCount(281)
09-02 11:10:27.071 20438 20438 W ResourceType: For resource 0x7f150728, entry index(1832) is beyond type entryCount(281)
09-02 11:10:27.074 20438 20438 I chatty  : uid=10158(u0_a158) identical 6 lines
09-02 11:10:27.074 20438 20438 W ResourceType: For resource 0x7f150728, entry index(1832) is beyond type entryCount(281)
09-02 11:10:27.080 20438 20438 W ResourceType: For resource 0x7f1506f1, entry index(1777) is beyond type entryCount(281)
09-02 11:10:27.080 20438 20438 W ResourceType: For resource 0x7f1505fc, entry index(1532) is beyond type entryCount(281)
09-02 11:10:27.080 20438 20438 W ResourceType: For resource 0x7f150141, entry index(321) is beyond type entryCount(281)
09-02 11:10:27.080 20438 20438 W ResourceType: For resource 0x7f150153, entry index(339) is beyond type entryCount(281)
09-02 11:10:27.080 20438 20438 W ResourceType: For resource 0x7f1504f8, entry index(1272) is beyond type entryCount(281)
09-02 11:10:27.080 20438 20438 W ResourceType: For resource 0x7f1504f8, entry index(1272) is beyond type entryCount(281)
09-02 11:10:27.081 20438 20438 W ResourceType: For resource 0x7f150264, entry index(612) is beyond type entryCount(281)
09-02 11:10:27.081 20438 20438 W ResourceType: For resource 0x7f150264, entry index(612) is beyond type entryCount(281)
09-02 11:10:27.081 20438 20438 W ResourceType: For resource 0x7f1503cd, entry index(973) is beyond type entryCount(281)
09-02 11:10:27.081 20438 20438 W ResourceType: For resource 0x7f1503bc, entry index(956) is beyond type entryCount(281)
09-02 11:10:27.081 20438 20438 W ResourceType: For resource 0x7f150348, entry index(840) is beyond type entryCount(281)
09-02 11:10:27.082 20438 20438 W ResourceType: For resource 0x7f150264, entry index(612) is beyond type entryCount(281)
09-02 11:10:27.083 20438 20438 W ResourceType: For resource 0x7f15050e, entry index(1294) is beyond type entryCount(281)
09-02 11:10:27.083 20438 20438 W ResourceType: For resource 0x7f15061f, entry index(1567) is beyond type entryCount(281)
09-02 11:10:27.083 20438 20438 W ResourceType: For resource 0x7f15061f, entry index(1567) is beyond type entryCount(281)
09-02 11:10:27.083 20438 20438 W ResourceType: For resource 0x7f15058c, entry index(1420) is beyond type entryCount(281)
09-02 11:10:27.083 20438 20438 W ResourceType: For resource 0x7f150590, entry index(1424) is beyond type entryCount(281)
09-02 11:10:27.083 20438 20438 W ResourceType: For resource 0x7f15058e, entry index(1422) is beyond type entryCount(281)
09-02 11:10:27.083 20438 20438 W ResourceType: For resource 0x7f1504c3, entry index(1219) is beyond type entryCount(281)
09-02 11:10:27.083 20438 20438 W ResourceType: For resource 0x7f15059e, entry index(1438) is beyond type entryCount(281)
09-02 11:10:27.083 20438 20438 W ResourceType: For resource 0x7f150282, entry index(642) is beyond type entryCount(281)
09-02 11:10:27.083 20438 20438 W ResourceType: For resource 0x7f1504c3, entry index(1219) is beyond type entryCount(281)
09-02 11:10:27.083 20438 20438 W ResourceType: For resource 0x7f150719, entry index(1817) is beyond type entryCount(281)
09-02 11:10:27.083 20438 20438 W ResourceType: For resource 0x7f150578, entry index(1400) is beyond type entryCount(281)
09-02 11:10:27.083 20438 20438 W ResourceType: For resource 0x7f150284, entry index(644) is beyond type entryCount(281)
09-02 11:10:27.083 20438 20438 W ResourceType: For resource 0x7f150579, entry index(1401) is beyond type entryCount(281)
09-02 11:10:27.083 20438 20438 W ResourceType: For resource 0x7f1505e7, entry index(1511) is beyond type entryCount(281)
09-02 11:10:27.083 20438 20438 W ResourceType: For resource 0x7f15071e, entry index(1822) is beyond type entryCount(281)
09-02 11:10:27.083 20438 20438 I chatty  : uid=10158(u0_a158) identical 2 lines
09-02 11:10:27.083 20438 20438 W ResourceType: For resource 0x7f15071e, entry index(1822) is beyond type entryCount(281)
09-02 11:10:27.083 20438 20438 W ResourceType: For resource 0x7f150580, entry index(1408) is beyond type entryCount(281)
09-02 11:10:27.083 20438 20438 W ResourceType: For resource 0x7f15071e, entry index(1822) is beyond type entryCount(281)
09-02 11:10:27.083 20438 20438 W ResourceType: For resource 0x7f15017b, entry index(379) is beyond type entryCount(281)
09-02 11:10:27.083 20438 20438 W ResourceType: For resource 0x7f150283, entry index(643) is beyond type entryCount(281)
09-02 11:10:27.083 20438 20438 W ResourceType: For resource 0x7f1505a2, entry index(1442) is beyond type entryCount(281)
09-02 11:10:27.083 20438 20438 W ResourceType: For resource 0x7f1506f4, entry index(1780) is beyond type entryCount(281)
09-02 11:10:27.083 20438 20438 W ResourceType: For resource 0x7f150588, entry index(1416) is beyond type entryCount(281)
09-02 11:10:27.083 20438 20438 W ResourceType: For resource 0x7f15059f, entry index(1439) is beyond type entryCount(281)
09-02 11:10:27.083 20438 20438 W ResourceType: For resource 0x7f150649, entry index(1609) is beyond type entryCount(281)
09-02 11:10:27.083 20438 20438 W ResourceType: For resource 0x7f150442, entry index(1090) is beyond type entryCount(281)
09-02 11:10:27.083 20438 20438 W ResourceType: For resource 0x7f150718, entry index(1816) is beyond type entryCount(281)
09-02 11:10:27.083 20438 20438 W ResourceType: For resource 0x7f15017c, entry index(380) is beyond type entryCount(281)
09-02 11:10:27.083 20438 20438 W ResourceType: For resource 0x7f15059d, entry index(1437) is beyond type entryCount(281)
09-02 11:10:27.083 20438 20438 W ResourceType: For resource 0x7f15020a, entry index(522) is beyond type entryCount(281)
09-02 11:10:27.083 20438 20438 W ResourceType: For resource 0x7f150586, entry index(1414) is beyond type entryCount(281)
09-02 11:10:27.084 20438 20438 W ResourceType: For resource 0x7f15071c, entry index(1820) is beyond type entryCount(281)
09-02 11:10:27.084 20438 20438 W ResourceType: For resource 0x7f1502af, entry index(687) is beyond type entryCount(281)
09-02 11:10:27.084 20438 20438 W ResourceType: For resource 0x7f150274, entry index(628) is beyond type entryCount(281)
09-02 11:10:27.084 20438 20438 W ResourceType: For resource 0x7f150244, entry index(580) is beyond type entryCount(281)
09-02 11:10:27.084 20438 20438 W ResourceType: For resource 0x7f150274, entry index(628) is beyond type entryCount(281)
09-02 11:10:27.084 20438 20438 W ResourceType: For resource 0x7f150372, entry index(882) is beyond type entryCount(281)
09-02 11:10:27.084 20438 20438 W ResourceType: For resource 0x7f15035b, entry index(859) is beyond type entryCount(281)
09-02 11:10:27.084 20438 20438 W ResourceType: For resource 0x7f15035c, entry index(860) is beyond type entryCount(281)
09-02 11:10:27.084 20438 20438 W ResourceType: For resource 0x7f1502ad, entry index(685) is beyond type entryCount(281)
09-02 11:10:27.084 20438 20438 W ResourceType: For resource 0x7f150565, entry index(1381) is beyond type entryCount(281)
09-02 11:10:27.084 20438 20438 W ResourceType: For resource 0x7f150567, entry index(1383) is beyond type entryCount(281)
09-02 11:10:27.084 20438 20438 W ResourceType: For resource 0x7f150264, entry index(612) is beyond type entryCount(281)
09-02 11:10:27.084 20438 20438 I chatty  : uid=10158(u0_a158) identical 1 line
09-02 11:10:27.084 20438 20438 W ResourceType: For resource 0x7f150264, entry index(612) is beyond type entryCount(281)
