09-02 17:36:36.351  7881  4229 E fb4a.msys: E[S sync]_createResponseError(195)=>Network Response 4d96aebf-64be-4b28-8c14-56df9be463e0 contains sync error Error Domain=mqtt Code=2003 UserInfo=0xbd246200 {MCFErrorDirectLocalizedFailureReasonKey=2003, MCFErrorDirectDescriptionKey=2003} - Underlying error (null): Error Domain=mqtt Code=2003 UserInfo=0xbd246200 {MCFErrorDirectLocalizedFailureReasonKey=2003, MCFErrorDirectDescriptionKey=2003}
09-02 17:36:36.352  4349  4349 D KeyguardUpdateMonitor: handleStatusBarState( false )
09-02 17:36:36.360  7881  4229 E fb4a.msys: E[S sync]_createResponseError(195)=>Network Response d51efa0d-6a90-46c5-9c88-cd86aa67f6a9 contains sync error Error Domain=com.facebook.http.error Code=401 UserInfo=0xc7b4cb00 {MCFErrorDirectLocalizedDescriptionKey=Client error} - Underlying error (null): Error Domain=com.facebook.http.error Code=401 UserInfo=0xc7b4cb00 {MCFErrorDirectLocalizedDescriptionKey=Client error}
09-02 17:36:36.375  7881 10664 E fb4a.T157805820: TigonMhrLogger::logRequestIfNeeded
09-02 17:36:36.375  7881 10664 E fb4a.T157805820: TigonWifiInfoLogger::init
09-02 17:36:36.375  7881  4225 E fb4a.msys: E[N data-request]_HandleDataResponse(1782)=>Data request error for task 867858c6-cc73-4d2c-ae1a-fb9d38e3633a (response type 1): (null)
09-02 17:36:36.376  7881 10664 E fb4a.T157805820: TigonMhrFbcLogger::logRequestIfNeeded
09-02 17:36:36.376  7881 10664 E fb4a.T157805820: TigonCellTowerInfoLogger::logRequestIfNeeded
09-02 17:36:36.376  7881 10664 E fb4a.T157805820: TigonCertificateVerificationLogger::logRequestIfNeeded
09-02 17:36:36.376  7881 10664 E fb4a.T157805820: TigonTransientAnalysisLogger::logRequestIfNeeded
09-02 17:36:36.376  7881 10664 E fb4a.T157805820: TigonProviderConnectionDeviceInfoLogger::logRequestIfNeeded
09-02 17:36:36.376  7881 10664 E fb4a.T157805820: TigonCellTowerInfoPapayaLogger::logRequestIfNeeded
09-02 17:36:36.376  7881 10664 E fb4a.T157805820: NetworkUtilisationLogger::logRequestIfNeeded
09-02 17:36:36.377  7881  4229 E fb4a.msys: E[S sync]_createResponseError(195)=>Network Response 867858c6-cc73-4d2c-ae1a-fb9d38e3633a contains sync error Error Domain=com.facebook.http.error Code=401 UserInfo=0xc7b4c000 {MCFErrorDirectLocalizedDescriptionKey=Client error} - Underlying error (null): Error Domain=com.facebook.http.error Code=401 UserInfo=0xc7b4c000 {MCFErrorDirectLocalizedDescriptionKey=Client error}
09-02 17:36:36.388  4349  4349 D KeyguardUpdateMonitor: handleStatusBarState( false )
09-02 17:36:36.391  7881  8242 E fb4a.T157805820: TigonMhrLogger::logRequestIfNeeded
09-02 17:36:36.391  7881  8242 E fb4a.T157805820: TigonWifiInfoLogger::init
09-02 17:36:36.391  7881  8242 E fb4a.T157805820: TigonMhrFbcLogger::logRequestIfNeeded
09-02 17:36:36.391  7881  8242 E fb4a.T157805820: TigonCellTowerInfoLogger::logRequestIfNeeded
09-02 17:36:36.392  7881  8242 E fb4a.T157805820: TigonCertificateVerificationLogger::logRequestIfNeeded
09-02 17:36:36.392  7881  8242 E fb4a.T157805820: TigonTransientAnalysisLogger::logRequestIfNeeded
09-02 17:36:36.392  7881  8242 E fb4a.T157805820: TigonProviderConnectionDeviceInfoLogger::logRequestIfNeeded
09-02 17:36:36.399  7881  8242 E fb4a.T157805820: TigonCellTowerInfoPapayaLogger::logRequestIfNeeded
09-02 17:36:36.399  7881  8242 E fb4a.T157805820: NetworkUtilisationLogger::logRequestIfNeeded
09-02 17:36:36.434  7881 10396 E fb4a.T157805820: TigonMhrLogger::logRequestIfNeeded
09-02 17:36:36.434  7881 10396 E fb4a.T157805820: TigonWifiInfoLogger::init
09-02 17:36:36.434  7881  4225 E fb4a.msys: E[N data-request]_HandleDataResponse(1782)=>Data request error for task 8a5b3813-b465-4175-bdc6-625feb6bdb89 (response type 1): (null)
09-02 17:36:36.434  7881 10396 E fb4a.T157805820: TigonMhrFbcLogger::logRequestIfNeeded
09-02 17:36:36.434  7881 10396 E fb4a.T157805820: TigonCellTowerInfoLogger::logRequestIfNeeded
09-02 17:36:36.434  7881 10396 E fb4a.T157805820: TigonCertificateVerificationLogger::logRequestIfNeeded
09-02 17:36:36.435  7881 10396 E fb4a.T157805820: TigonTransientAnalysisLogger::logRequestIfNeeded
09-02 17:36:36.435  7881 10396 E fb4a.T157805820: TigonProviderConnectionDeviceInfoLogger::logRequestIfNeeded
09-02 17:36:36.435  7881 10396 E fb4a.T157805820: TigonCellTowerInfoPapayaLogger::logRequestIfNeeded
09-02 17:36:36.435  7881 10396 E fb4a.T157805820: NetworkUtilisationLogger::logRequestIfNeeded
09-02 17:36:36.435  7881  4229 E fb4a.msys: E[S sync]_createResponseError(195)=>Network Response 8a5b3813-b465-4175-bdc6-625feb6bdb89 contains sync error Error Domain=com.facebook.http.error Code=401 UserInfo=0xc7b4c700 {MCFErrorDirectLocalizedDescriptionKey=Client error} - Underlying error (null): Error Domain=com.facebook.http.error Code=401 UserInfo=0xc7b4c700 {MCFErrorDirectLocalizedDescriptionKey=Client error}
09-02 17:36:36.438  7881 10396 E fb4a.T157805820: TigonMhrLogger::logRequestIfNeeded
09-02 17:36:36.438  7881 10396 E fb4a.T157805820: TigonWifiInfoLogger::init
09-02 17:36:36.438  7881  4225 E fb4a.msys: E[N data-request]_HandleDataResponse(1782)=>Data request error for task 638a5325-b8c2-4e31-a2b0-2806b0559f13 (response type 1): (null)
09-02 17:36:36.438  7881 10396 E fb4a.T157805820: TigonMhrFbcLogger::logRequestIfNeeded
09-02 17:36:36.438  7881 10396 E fb4a.T157805820: TigonCellTowerInfoLogger::logRequestIfNeeded
09-02 17:36:36.438  7881 10396 E fb4a.T157805820: TigonCertificateVerificationLogger::logRequestIfNeeded
09-02 17:36:36.438  7881 10396 E fb4a.T157805820: TigonTransientAnalysisLogger::logRequestIfNeeded
09-02 17:36:36.438  7881 10396 E fb4a.T157805820: TigonProviderConnectionDeviceInfoLogger::logRequestIfNeeded
09-02 17:36:36.439  7881 10396 E fb4a.T157805820: TigonCellTowerInfoPapayaLogger::logRequestIfNeeded
09-02 17:36:36.439  7881 10396 E fb4a.T157805820: NetworkUtilisationLogger::logRequestIfNeeded
09-02 17:36:36.445  7881  4229 E fb4a.msys: E[S sync]_createResponseError(195)=>Network Response 638a5325-b8c2-4e31-a2b0-2806b0559f13 contains sync error Error Domain=com.facebook.http.error Code=401 UserInfo=0xc81ec700 {MCFErrorDirectLocalizedDescriptionKey=Client error} - Underlying error (null): Error Domain=com.facebook.http.error Code=401 UserInfo=0xc81ec700 {MCFErrorDirectLocalizedDescriptionKey=Client error}
09-02 17:36:36.741 14031 14031 E adbd    : recv: OPEN 00024b13 00000000 0076:73 68 65 6C 6C 2C 76 32 2C 54 45 52 4D 3D 78 74 65 72 6D 2D 32 35 36 63 6F 6C 6F 72 2C 72 61 77 3A 64 75 6D 70 73 79 73 20 61 63 74 69 76 69 74 79 20 72 65 63 65 6E 74 73 20 7C 20 67 72 65 70 20 22 52 65 63 65 6E 74 20 23 30 22 20 7C 20 63 75 74 20 2D 64 20 22 3D 22 20 2D 66 32 20 7C 20 67 72 65 70 20 2D 6F 20 2D 70 20 22 5B 61 2D 7A 7C 2E 5D 2A 22 00 
09-02 17:36:36.741 14031 14031 E adbd    : service_to_fd: shell,v2,TERM=xterm-256color,raw:dumpsys activity recents | grep "Recent #0" | cut -d "=" -f2 | grep -o -p "[a-z|.]*"
09-02 17:36:36.856  4962  4962 D io_stats: !@ 179,0 r 736540 22001208 w 562937 11686240 d 61011 20460548 f 135186 138627 iot 661296 556992 th 51200 0 0 pt 0 inp 0 0 59530.101
09-02 17:36:36.860 14031 14031 E adbd    : recv: OPEN 00024b16 00000000 0042:73 68 65 6C 6C 2C 76 32 2C 54 45 52 4D 3D 78 74 65 72 6D 2D 32 35 36 63 6F 6C 6F 72 2C 72 61 77 3A 67 65 74 70 72 6F 70 20 72 6F 2E 62 75 69 6C 64 2E 76 65 72 73 69 6F 6E 2E 72 65 6C 65 61 73 65 00 
09-02 17:36:36.860 14031 14031 E adbd    : service_to_fd: shell,v2,TERM=xterm-256color,raw:getprop ro.build.version.release
09-02 17:36:36.936 14031 14031 E adbd    : recv: OPEN 00024b19 00000000 003e:73 68 65 6C 6C 2C 76 32 2C 54 45 52 4D 3D 78 74 65 72 6D 2D 32 35 36 63 6F 6C 6F 72 2C 72 61 77 3A 67 65 74 70 72 6F 70 20 72 6F 2E 62 75 69 6C 64 2E 76 65 72 73 69 6F 6E 2E 73 64 6B 00 
09-02 17:36:36.936 14031 14031 E adbd    : service_to_fd: shell,v2,TERM=xterm-256color,raw:getprop ro.build.version.sdk
09-02 17:36:37.027 14031 14031 E adbd    : recv: OPEN 00024b1c 00000000 0034:73 68 65 6C 6C 2C 76 32 2C 54 45 52 4D 3D 78 74 65 72 6D 2D 32 35 36 63 6F 6C 6F 72 2C 72 61 77 3A 69 6E 70 75 74 20 74 61 70 20 35 35 30 20 31 35 30 30 00 
09-02 17:36:37.027 14031 14031 E adbd    : service_to_fd: shell,v2,TERM=xterm-256color,raw:input tap 550 1500
09-02 17:36:37.490 10870 10870 W ADebug  : Failed to get property persist.sys.media.traces
09-02 17:36:37.493 10870 10870 E appproc : Enhanced Zygote ASLR: ro.knox.enhance.zygote.aslr != 1. Enhanced Zygote ASLR is DISABLED!
09-02 17:36:37.493 10870 10870 D AndroidRuntime: >>>>>> START com.android.internal.os.RuntimeInit uid 2000 <<<<<<
09-02 17:36:37.497 10870 10870 D SecNativeFeatureCppIf: encoded
09-02 17:36:37.497 10870 10870 D SecNativeFeatureCppIf: decoding and unzip finish
09-02 17:36:37.497 10870 10870 D SecNativeFeatureCppIf: use unCompDataBuff. encoded
09-02 17:36:37.497 10870 10870 D SecNativeFeatureCppIf: Free unCompDataBuff
09-02 17:36:37.497 10870 10870 D SecNativeFeatureCppIf: encoded
09-02 17:36:37.497 10870 10870 D SecNativeFeatureCppIf: decoding and unzip finish
09-02 17:36:37.497 10870 10870 D SecNativeFeatureCppIf: use unCompDataBuff. encoded
09-02 17:36:37.498 10870 10870 D SecNativeFeatureCppIf: Free unCompDataBuff
09-02 17:36:37.498 10870 10870 D SecNativeFeatureCppIf: encoded
09-02 17:36:37.498 10870 10870 D SecNativeFeatureCppIf: decoding and unzip finish
09-02 17:36:37.498 10870 10870 D SecNativeFeatureCppIf: use unCompDataBuff. encoded
09-02 17:36:37.498 10870 10870 D SecNativeFeatureCppIf: Free unCompDataBuff
09-02 17:36:37.498 10870 10870 D SecNativeFeatureCppIf: encoded
09-02 17:36:37.498 10870 10870 D SecNativeFeatureCppIf: decoding and unzip finish
09-02 17:36:37.498 10870 10870 D SecNativeFeatureCppIf: use unCompDataBuff. encoded
09-02 17:36:37.498 10870 10870 D SecNativeFeatureCppIf: Free unCompDataBuff
09-02 17:36:37.599 10870 10870 D ICU     : Timezone override file found: /data/misc/zoneinfo/current/icu/icu_tzdata.dat
09-02 17:36:37.614 10870 10870 I app_process: find the special shared library, skip check
09-02 17:36:37.615  7881  4225 E fb4a.msys: E[N data-request]_HandleDataResponse(1782)=>Data request error for task d0bbdda6-15ab-4694-9ac7-f8bbd90d94d9 (response type 1): (null)
09-02 17:36:37.616  7881  4229 E fb4a.msys: E[S task_queue_handling]MCDLightSpeedTaskExecutorNetworkCompletionCallback(1017)=>Handling send error for taskId=6 batchSize=1 queue=secure_message_over_wa_generate_cat
09-02 17:36:37.617  7881  4229 E fb4a.msys: E[S task_queue_handling]MCDLightSpeedTaskExecutorNetworkCompletionCallback(1071)=>Error content with 18 bytes: Error Domain=com.facebook.http.error Code=401 UserInfo=0xc91e2000 {MCFErrorDirectLocalizedDescriptionKey=Client error}
09-02 17:36:37.628  7881 10396 E fb4a.T157805820: TigonMhrLogger::logRequestIfNeeded
09-02 17:36:37.628  7881 10396 E fb4a.T157805820: TigonWifiInfoLogger::init
09-02 17:36:37.628  7881 10396 E fb4a.T157805820: TigonMhrFbcLogger::logRequestIfNeeded
09-02 17:36:37.628  7881 10396 E fb4a.T157805820: TigonCellTowerInfoLogger::logRequestIfNeeded
09-02 17:36:37.628  7881 10396 E fb4a.T157805820: TigonCertificateVerificationLogger::logRequestIfNeeded
09-02 17:36:37.628  7881 10396 E fb4a.T157805820: TigonTransientAnalysisLogger::logRequestIfNeeded
09-02 17:36:37.628  7881 10396 E fb4a.T157805820: TigonProviderConnectionDeviceInfoLogger::logRequestIfNeeded
09-02 17:36:37.628  7881 10396 E fb4a.T157805820: TigonCellTowerInfoPapayaLogger::logRequestIfNeeded
09-02 17:36:37.628  7881 10396 E fb4a.T157805820: NetworkUtilisationLogger::logRequestIfNeeded
09-02 17:36:37.650 10870 10870 D SemCscFeature: Encoded
09-02 17:36:37.653 10870 10870 I chatty  : uid=2000(shell) identical 2 lines
09-02 17:36:37.655 10870 10870 D SemCscFeature: Encoded
09-02 17:36:37.656 10870 10870 E SemAffinityControl: SemAffinityControl: registerfunction enter
09-02 17:36:37.663 10870 10870 D AndroidRuntime: Calling main entry com.android.commands.input.Input
09-02 17:36:37.668 10870 10870 I Input   : injectMotionEvent: MotionEvent { action=ACTION_DOWN, actionButton=0, id[0]=0, x[0]=550.0, y[0]=1500.0, toolType[0]=TOOL_TYPE_UNKNOWN, buttonState=0, metaState=0, flags=0x0, edgeFlags=0x0, pointerCount=1, historySize=0, eventTime=59530909, downTime=59530909, deviceId=3, source=0x1002 }
09-02 17:36:37.669  3979  4670 D InputDispatcher: Inject motion (10870): action=0x0, eventTime=59530909000000, displayId=0
09-02 17:36:37.669  3979  4081 I InputDispatcher: Dropping event because there is no touchable window at (550, 1500).
09-02 17:36:37.669  3979  4670 W InputManager: Input event injection from pid 10870 failed.
09-02 17:36:37.670 10870 10870 I Input   : injectMotionEvent: MotionEvent { action=ACTION_UP, actionButton=0, id[0]=0, x[0]=550.0, y[0]=1500.0, toolType[0]=TOOL_TYPE_UNKNOWN, buttonState=0, metaState=0, flags=0x0, edgeFlags=0x0, pointerCount=1, historySize=0, eventTime=59530909, downTime=59530909, deviceId=3, source=0x1002 }
09-02 17:36:37.670  3979  4670 D InputDispatcher: Inject motion (10870): action=0x1, eventTime=59530909000000, displayId=0
09-02 17:36:37.671  3979  4670 W InputManager: Input event injection from pid 10870 failed.
09-02 17:36:37.671 10870 10870 D AndroidRuntime: Shutting down VM
09-02 17:36:37.764 14031 14031 E adbd    : recv: OPEN 00024b1f 00000000 0042:73 68 65 6C 6C 2C 76 32 2C 54 45 52 4D 3D 78 74 65 72 6D 2D 32 35 36 63 6F 6C 6F 72 2C 72 61 77 3A 67 65 74 70 72 6F 70 20 72 6F 2E 62 75 69 6C 64 2E 76 65 72 73 69 6F 6E 2E 72 65 6C 65 61 73 65 00 
09-02 17:36:37.764 14031 14031 E adbd    : service_to_fd: shell,v2,TERM=xterm-256color,raw:getprop ro.build.version.release
09-02 17:36:37.853 14031 14031 E adbd    : recv: OPEN 00024b22 00000000 003e:73 68 65 6C 6C 2C 76 32 2C 54 45 52 4D 3D 78 74 65 72 6D 2D 32 35 36 63 6F 6C 6F 72 2C 72 61 77 3A 67 65 74 70 72 6F 70 20 72 6F 2E 62 75 69 6C 64 2E 76 65 72 73 69 6F 6E 2E 73 64 6B 00 
09-02 17:36:37.854 14031 14031 E adbd    : service_to_fd: shell,v2,TERM=xterm-256color,raw:getprop ro.build.version.sdk
09-02 17:36:37.926 14031 14031 E adbd    : recv: OPEN 00024b25 00000000 0102:73 68 65 6C 6C 2C 76 32 2C 54 45 52 4D 3D 78 74 65 72 6D 2D 32 35 36 63 6F 6C 6F 72 2C 72 61 77 3A 61 6D 20 73 74 61 72 74 2D 66 6F 72 65 67 72 6F 75 6E 64 2D 73 65 72 76 69 63 65 20 2D 6E 20 22 63 6F 6D 2E 65 78 61 6D 70 6C 65 2E 62 61 74 74 65 72 79 6D 61 6E 61 67 65 72 5F 75 74 69 6C 69 74 79 2F 63 6F 6D 2E 65 78 61 6D 70 6C 65 2E 62 61 74 74 65 72 79 6D 61 6E 61 67 65 72 5F 75 74 69 6C 69 74 79 2E 44 61 74 61 43 6F 6C 6C 65 63 74 69 6F 6E 53 65 72 76 69 63 65 22 20 2D 2D 65 69 20 73 61 6D 70 6C 65 52 61 74 65 20 31 30 30 20 2D 2D 65 73 20 22 64 61 74 61 46 69 65 6C 64 73 22 20 22 42 41 54 54 45 52 59 5F 50 52 4F 50 45 52 54 59 5F 43 55 52 52 45 4E 54 5F 4E 4F 57 2C 45 58 54 52 41 5F 56 4F 4C 54 41 47 45 22 20 2D 2D 65 7A 20 74 6F 43 53 56 20 66 61 6C 73 65 00 
09-02 17:36:37.926 14031 14031 E adbd    : service_to_fd: shell,v2,TERM=xterm-256color,raw:am start-foreground-service -n "com.example.batterymanager_utility/com.example.batterymanager_utility.DataCollectionService" --ei sampleRate 100 --es "dataFields" "BATTERY_PROPERTY_CURRENT_NOW,EXTRA_VOLTAGE" --ez toCSV false
09-02 17:36:38.005 10438 10438 I BatteryMgr:DataCollectionService: onStartCommand: begin
09-02 17:36:38.006 10438 10438 I BatteryMgr:DataCollectionService: onStartCommand: sampleRate => 100
09-02 17:36:38.006 10438 10438 I BatteryMgr:DataCollectionService: onStartCommand: rawFields => Timestamp,BATTERY_PROPERTY_CURRENT_NOW,EXTRA_VOLTAGE
09-02 17:36:38.008 10438 10438 I BatteryMgr:DataCollectionService: onStartCommand: notification done
09-02 17:36:38.010 10438 10438 D Notification: allPendingIntents
09-02 17:36:38.012 10438 10438 I BatteryMgr:DataCollectionService: started foreground
09-02 17:36:38.016  3979  3995 D ApplicationPolicy: isStatusBarNotificationAllowedAsUser: packageName = android,userId = 0
09-02 17:36:38.016  3979  3995 D API test: getContainerInfo: value is 
09-02 17:36:38.016  3979  3995 D ApplicationPolicy: isStatusBarNotificationAllowedAsUser: packageName = android,userId = 0
09-02 17:36:38.017  3979  3995 D API test: getContainerInfo: value is 
09-02 17:36:38.020  3979  3995 D ApplicationPolicy: isStatusBarNotificationAllowedAsUser: packageName = com.example.batterymanager_utility,userId = 0
09-02 17:36:38.020  3979  3995 D API test: getContainerInfo: value is 
09-02 17:36:38.021  3979  3995 D ApplicationPolicy: isStatusBarNotificationAllowedAsUser: packageName = com.example.batterymanager_utility,userId = 0
09-02 17:36:38.021  3979  3995 D API test: getContainerInfo: value is 
09-02 17:36:38.025  3979  3979 D AudioService: getStreamVolume 5 index 110
09-02 17:36:38.027  3979  4670 D Notification: allPendingIntents
09-02 17:36:38.028  4349  4349 D StatusBar: addNotification key=0|android|40|null|1000 fullscreen:false
09-02 17:36:38.028 10438 10890 I BatteryMgr:DataCollectionService: collectData: begin
09-02 17:36:38.029  3979  4670 D Notification: allPendingIntents
09-02 17:36:38.035 10438 10890 I BatteryMgr:DataCollectionService: stats => 1693668998035,-154,4242
09-02 17:36:38.036  3979  3979 I AccessibilityManagerService: semOnLightNotification(null), bIsFlashOn : false
09-02 17:36:38.037  3979  3979 D AccessibilityManagerService: Can't use light notification
09-02 17:36:38.038  3979  3979 D AudioService: getStreamVolume 5 index 110
09-02 17:36:38.041  3979  4670 D Notification: allPendingIntents
09-02 17:36:38.042  4349  4349 D StatusBar: addNotification key=0|com.example.batterymanager_utility|1|null|10157 fullscreen:false
09-02 17:36:38.042  3979  4670 D Notification: allPendingIntents
09-02 17:36:38.048 14031 14031 E adbd    : recv: OPEN 00024b28 00000000 0042:73 68 65 6C 6C 2C 76 32 2C 54 45 52 4D 3D 78 74 65 72 6D 2D 32 35 36 63 6F 6C 6F 72 2C 72 61 77 3A 67 65 74 70 72 6F 70 20 72 6F 2E 62 75 69 6C 64 2E 76 65 72 73 69 6F 6E 2E 72 65 6C 65 61 73 65 00 
09-02 17:36:38.048 14031 14031 E adbd    : service_to_fd: shell,v2,TERM=xterm-256color,raw:getprop ro.build.version.release
09-02 17:36:38.121 14031 14031 E adbd    : recv: OPEN 00024b2b 00000000 003e:73 68 65 6C 6C 2C 76 32 2C 54 45 52 4D 3D 78 74 65 72 6D 2D 32 35 36 63 6F 6C 6F 72 2C 72 61 77 3A 67 65 74 70 72 6F 70 20 72 6F 2E 62 75 69 6C 64 2E 76 65 72 73 69 6F 6E 2E 73 64 6B 00 
09-02 17:36:38.121 14031 14031 E adbd    : service_to_fd: shell,v2,TERM=xterm-256color,raw:getprop ro.build.version.sdk
09-02 17:36:38.142 10438 10890 I BatteryMgr:DataCollectionService: stats => 1693668998142,-154,4242
09-02 17:36:38.144  4349  4349 D KeyguardUpdateMonitor: handleStatusBarState( false )
09-02 17:36:38.185 14031 14031 E adbd    : recv: OPEN 00024b2e 00000000 0029:73 68 65 6C 6C 2C 76 32 2C 54 45 52 4D 3D 78 74 65 72 6D 2D 32 35 36 63 6F 6C 6F 72 2C 72 61 77 3A 64 61 74 65 20 2D 75 00 
09-02 17:36:38.185 14031 14031 E adbd    : service_to_fd: shell,v2,TERM=xterm-256color,raw:date -u
09-02 17:36:38.188  3979  3988 I zygote64: Background concurrent copying GC freed 272101(13MB) AllocSpace objects, 141(3MB) LOS objects, 38% free, 38MB/62MB, paused 634us total 196.643ms
09-02 17:36:38.248 10438 10890 I BatteryMgr:DataCollectionService: stats => 1693668998247,-154,4242
09-02 17:36:38.256 14031 14031 E adbd    : recv: OPEN 00024b31 00000000 003e:73 68 65 6C 6C 2C 76 32 2C 54 45 52 4D 3D 78 74 65 72 6D 2D 32 35 36 63 6F 6C 6F 72 2C 72 61 77 3A 64 75 6D 70 73 79 73 20 63 70 75 69 6E 66 6F 20 7C 20 67 72 65 70 20 54 4F 54 41 4C 00 
09-02 17:36:38.257 14031 14031 E adbd    : service_to_fd: shell,v2,TERM=xterm-256color,raw:dumpsys cpuinfo | grep TOTAL
09-02 17:36:38.355 10438 10890 I BatteryMgr:DataCollectionService: stats => 1693668998355,-154,4242
09-02 17:36:38.364 14031 14031 E adbd    : recv: OPEN 00024b34 00000000 003d:73 68 65 6C 6C 2C 76 32 2C 54 45 52 4D 3D 78 74 65 72 6D 2D 32 35 36 63 6F 6C 6F 72 2C 72 61 77 3A 64 75 6D 70 73 79 73 20 6D 65 6D 69 6E 66 6F 20 7C 20 67 72 65 70 20 55 73 65 64 00 
09-02 17:36:38.364 14031 14031 E adbd    : service_to_fd: shell,v2,TERM=xterm-256color,raw:dumpsys meminfo | grep Used
09-02 17:36:38.384 10482 10482 I glean/Glean: Registering pings for org.mozilla.fenix.GleanMetrics.Pings
09-02 17:36:38.391 10482 10548 I FenixApplication: Running post-visual completeness tasks...
09-02 17:36:38.391 10482 10548 I FenixApplication: Storage initialization...
09-02 17:36:38.391 10482 10548 I PlacesHistoryStorage: Warming up places storage...
09-02 17:36:38.391 10482 10548 I PlacesHistoryStorage: 'Warming up places storage' took 0 ms
09-02 17:36:38.391 10482 10548 I PlacesBookmarksStorage: Warming up places storage...
09-02 17:36:38.391 10482 10548 I PlacesBookmarksStorage: 'Warming up places storage' took 0 ms
09-02 17:36:38.392 10482 10548 I SyncableLoginsStorage: Warming up storage...
09-02 17:36:38.392 10482 10548 I SyncableLoginsStorage: 'Warming up storage' took 0 ms
09-02 17:36:38.392 10482 10548 I AutofillCCAddressesStorage: Warming up storage...
09-02 17:36:38.393 10482 10548 I AutofillCCAddressesStorage: 'Warming up storage' took 0 ms
09-02 17:36:38.403  3979  5983 D ConnectivityService: filterNetworkStateForUid() uid: 10154 networkInfo: [type: WIFI[] - WIFI, state: CONNECTED/CONNECTED, reason: (unspecified), extra: "WiFi 69", failover: false, available: true, roaming: false, metered: false]
09-02 17:36:38.404 10482 10482 I ColdStartupDuration: COLD VIEW Application.<init> to first frame: 1608 ms
09-02 17:36:38.404 10482 10482 I FenixApplication: Kicking-off account manager...
09-02 17:36:38.404 10482 10482 I FenixApplication: 'Kicking-off account manager' took 0 ms
09-02 17:36:38.460 10438 10890 I BatteryMgr:DataCollectionService: stats => 1693668998460,-154,4242
09-02 17:36:38.564 10438 10890 I BatteryMgr:DataCollectionService: stats => 1693668998564,-154,4242
09-02 17:36:38.618 10482 10548 I FenixApplication: 'Storage initialization' took 226 ms
09-02 17:36:38.670 10438 10890 I BatteryMgr:DataCollectionService: stats => 1693668998670,-154,4242
09-02 17:36:38.781 10438 10890 I BatteryMgr:DataCollectionService: stats => 1693668998780,-154,4242
09-02 17:36:38.892 10438 10890 I BatteryMgr:DataCollectionService: stats => 1693668998892,-154,4242
09-02 17:36:39.003 10438 10890 I BatteryMgr:DataCollectionService: stats => 1693668999003,-154,4242
09-02 17:36:39.114 10438 10890 I BatteryMgr:DataCollectionService: stats => 1693668999114,-154,4242
09-02 17:36:39.213  3979 10236 D ConnectivityService: filterNetworkStateForUid() uid: 10102 networkInfo: [type: WIFI[] - WIFI, state: CONNECTED/CONNECTED, reason: (unspecified), extra: "WiFi 69", failover: false, available: true, roaming: false, metered: false]
09-02 17:36:39.216  7881  7881 W fb4a.MobileConfigFactoryImpl: SESSIONLESS factory used for 2 param
09-02 17:36:39.218  7881  7881 E fb4a.Execution: Redirecting MSYS Execution scheduling from the UI thread to a custom executor
09-02 17:36:39.222  3614  3927 D DnsProxyListener: DNSDBG::dns addrinfo af 2
09-02 17:36:39.226 10438 10890 I BatteryMgr:DataCollectionService: stats => 1693668999225,-154,4242
09-02 17:36:39.234  3449  3449 I android.hardware.wifi@1.0-service: getLinkLayerStats
09-02 17:36:39.312 10482 10511 D GeckoIdleService: Get idle time: time since reset 5060 msec
09-02 17:36:39.312 10482 10511 D GeckoIdleService: Idle timer callback: current idle time 5060 msec
09-02 17:36:39.312 10482 10511 D GeckoIdleService: next timeout 174940 msec from now
09-02 17:36:39.313 10482 10511 D GeckoIdleService: SetTimerExpiryIfBefore: next timeout 174940 msec from now
09-02 17:36:39.313 10482 10511 D GeckoIdleService: reset timer expiry to 174950 msec from now
09-02 17:36:39.313 10482 10511 D GeckoIdleService: Idle timer callback: tell observer 0x7c13a1cca8 user is idle
09-02 17:36:39.338 10438 10890 I BatteryMgr:DataCollectionService: stats => 1693668999337,-154,4242
09-02 17:36:39.345  7881  9732 D omnistore_android_logger: DebouncingRateLimiter attempting event SyncProtocol::onConnectionEstablished
09-02 17:36:39.346  7881  9732 D omnistore_android_logger: AlarmManager::startAlarmTimer for key=SyncProtocol::onConnectionEstablished, it will NOT wake up main thread to reschedule
09-02 17:36:39.346  7881  9732 W omnistore_android_logger: Event SyncProtocol::onConnectionEstablished rate limited for 2473 ms
09-02 17:36:39.346  7881  7881 W fb4a.MobileConfigFactoryImpl: SESSIONLESS factory used for 2 param
09-02 17:36:39.347  7881  7881 E fb4a.Execution: Redirecting MSYS Execution scheduling from the UI thread to a custom executor
09-02 17:36:39.391  7881  4231 E fb4a.msys: E[N MQTT]readEOF(124)=>TCPStreamTransport readEOF
09-02 17:36:39.391  7881  4231 E fb4a.msys: E[N MQTT]onEOF(699)=>LigerBasedStreamTransport onEOF
09-02 17:36:39.392  7881 10396 E fb4a.FBMsysMqttClientCallbacks: onPublish, onFailure, msgId = 3712, error = 2003
09-02 17:36:39.393  7881 10396 E fb4a.FBMsysMqttClientCallbacks: onPublish, onFailure, msgId = 3711, error = 2003
09-02 17:36:39.393  7881 10396 E fb4a.FBMsysMqttClientCallbacks: onPublish, onFailure, msgId = 3710, error = 2003
09-02 17:36:39.395  7881 10396 E fb4a.FBMsysMqttClientCallbacks: onPublish, onFailure, msgId = 3709, error = 2003
09-02 17:36:39.396  3979 10236 D ConnectivityService: filterNetworkStateForUid() uid: 10102 networkInfo: [type: WIFI[] - WIFI, state: CONNECTED/CONNECTED, reason: (unspecified), extra: "WiFi 69", failover: false, available: true, roaming: false, metered: false]
09-02 17:36:39.398  7881  4225 E fb4a.msys: E[N rtchannel]_rt_mqtt_publish_callback(430)=>Failed to publish the request over MQTT (possible duplicate log). token:43b79f18-7979-41d0-9b91-67a7642c3cdc, category:mcd-sync-data-task-category, requestId:16897, error:Error Domain=mqtt Code=2003 UserInfo=0xc91e2200 {MCFErrorDirectLocalizedFailureReasonKey=2003, MCFErrorDirectDescriptionKey=2003}
09-02 17:36:39.398  7881  4225 E fb4a.msys: E[N rtchannel]_rt_mqtt_publish_callback(430)=>Failed to publish the request over MQTT (possible duplicate log). token:f19c9a7c-ec48-4be8-b35d-18fe53ba7d4e, category:mcd-sync-data-task-category, requestId:43108, error:Error Domain=mqtt Code=2003 UserInfo=0xbb9b7400 {MCFErrorDirectLocalizedFailureReasonKey=2003, MCFErrorDirectDescriptionKey=2003}
09-02 17:36:39.400  7881  7881 W fb4a.MobileConfigFactoryImpl: SESSIONLESS factory used for 2 param
09-02 17:36:39.400  7881  7881 E fb4a.Execution: Redirecting MSYS Execution scheduling from the UI thread to a custom executor
09-02 17:36:39.407  7881  4229 E fb4a.msys: E[S sync]_createResponseError(195)=>Network Response 43b79f18-7979-41d0-9b91-67a7642c3cdc contains sync error Error Domain=mqtt Code=2003 UserInfo=0xc91e2200 {MCFErrorDirectLocalizedFailureReasonKey=2003, MCFErrorDirectDescriptionKey=2003} - Underlying error (null): Error Domain=mqtt Code=2003 UserInfo=0xc91e2200 {MCFErrorDirectLocalizedFailureReasonKey=2003, MCFErrorDirectDescriptionKey=2003}
09-02 17:36:39.414  7881  4229 E fb4a.msys: E[S sync]_createResponseError(195)=>Network Response f19c9a7c-ec48-4be8-b35d-18fe53ba7d4e contains sync error Error Domain=mqtt Code=2003 UserInfo=0xbb9b7400 {MCFErrorDirectLocalizedFailureReasonKey=2003, MCFErrorDirectDescriptionKey=2003} - Underlying error (null): Error Domain=mqtt Code=2003 UserInfo=0xbb9b7400 {MCFErrorDirectLocalizedFailureReasonKey=2003, MCFErrorDirectDescriptionKey=2003}
09-02 17:36:39.420  7881 10664 E fb4a.T157805820: TigonMhrLogger::logRequestIfNeeded
09-02 17:36:39.420  7881 10664 E fb4a.T157805820: TigonWifiInfoLogger::init
09-02 17:36:39.420  7881  4225 E fb4a.msys: E[N data-request]_HandleDataResponse(1782)=>Data request error for task 13738163-e943-410f-b38d-418f35d3370d (response type 1): (null)
09-02 17:36:39.420  7881 10664 E fb4a.T157805820: TigonMhrFbcLogger::logRequestIfNeeded
09-02 17:36:39.420  7881 10664 E fb4a.T157805820: TigonCellTowerInfoLogger::logRequestIfNeeded
09-02 17:36:39.420  7881 10664 E fb4a.T157805820: TigonCertificateVerificationLogger::logRequestIfNeeded
09-02 17:36:39.421  7881 10664 E fb4a.T157805820: TigonTransientAnalysisLogger::logRequestIfNeeded
09-02 17:36:39.421  7881 10664 E fb4a.T157805820: TigonProviderConnectionDeviceInfoLogger::logRequestIfNeeded
09-02 17:36:39.421  7881 10664 E fb4a.T157805820: TigonCellTowerInfoPapayaLogger::logRequestIfNeeded
09-02 17:36:39.421  7881 10664 E fb4a.T157805820: NetworkUtilisationLogger::logRequestIfNeeded
09-02 17:36:39.423  7881  4229 E fb4a.msys: E[S sync]_createResponseError(195)=>Network Response 13738163-e943-410f-b38d-418f35d3370d contains sync error Error Domain=com.facebook.http.error Code=401 UserInfo=0xc91e2a00 {MCFErrorDirectLocalizedDescriptionKey=Client error} - Underlying error (null): Error Domain=com.facebook.http.error Code=401 UserInfo=0xc91e2a00 {MCFErrorDirectLocalizedDescriptionKey=Client error}
09-02 17:36:39.431  7881 10396 E fb4a.T157805820: TigonMhrLogger::logRequestIfNeeded
09-02 17:36:39.431  7881 10396 E fb4a.T157805820: TigonWifiInfoLogger::init
09-02 17:36:39.431  7881  4225 E fb4a.msys: E[N data-request]_HandleDataResponse(1782)=>Data request error for task 40de5093-ede1-413f-bfd7-c988640d5fec (response type 1): (null)
09-02 17:36:39.431  7881 10396 E fb4a.T157805820: TigonMhrFbcLogger::logRequestIfNeeded
09-02 17:36:39.431  7881 10396 E fb4a.T157805820: TigonCellTowerInfoLogger::logRequestIfNeeded
09-02 17:36:39.431  7881 10396 E fb4a.T157805820: TigonCertificateVerificationLogger::logRequestIfNeeded
09-02 17:36:39.431  7881 10396 E fb4a.T157805820: TigonTransientAnalysisLogger::logRequestIfNeeded
09-02 17:36:39.431  7881 10396 E fb4a.T157805820: TigonProviderConnectionDeviceInfoLogger::logRequestIfNeeded
09-02 17:36:39.432  7881 10396 E fb4a.T157805820: TigonCellTowerInfoPapayaLogger::logRequestIfNeeded
09-02 17:36:39.432  7881 10396 E fb4a.T157805820: NetworkUtilisationLogger::logRequestIfNeeded
09-02 17:36:39.432  7881  4229 E fb4a.msys: E[S sync]_createResponseError(195)=>Network Response 40de5093-ede1-413f-bfd7-c988640d5fec contains sync error Error Domain=com.facebook.http.error Code=401 UserInfo=0xc91e2700 {MCFErrorDirectLocalizedDescriptionKey=Client error} - Underlying error (null): Error Domain=com.facebook.http.error Code=401 UserInfo=0xc91e2700 {MCFErrorDirectLocalizedDescriptionKey=Client error}
09-02 17:36:39.444 10438 10890 I BatteryMgr:DataCollectionService: stats => 1693668999444,-154,4242
09-02 17:36:39.450  7881  8242 E fb4a.T157805820: TigonMhrLogger::logRequestIfNeeded
09-02 17:36:39.453  7881  8242 E fb4a.T157805820: TigonWifiInfoLogger::init
09-02 17:36:39.453  7881  8242 E fb4a.T157805820: TigonMhrFbcLogger::logRequestIfNeeded
09-02 17:36:39.453  7881  8242 E fb4a.T157805820: TigonCellTowerInfoLogger::logRequestIfNeeded
09-02 17:36:39.453  7881  8242 E fb4a.T157805820: TigonCertificateVerificationLogger::logRequestIfNeeded
09-02 17:36:39.453  7881  8242 E fb4a.T157805820: TigonTransientAnalysisLogger::logRequestIfNeeded
09-02 17:36:39.453  7881  8242 E fb4a.T157805820: TigonProviderConnectionDeviceInfoLogger::logRequestIfNeeded
09-02 17:36:39.458  7881  8242 E fb4a.T157805820: TigonCellTowerInfoPapayaLogger::logRequestIfNeeded
09-02 17:36:39.458  7881  8242 E fb4a.T157805820: NetworkUtilisationLogger::logRequestIfNeeded
09-02 17:36:39.512  7881  9732 E fb4a.T157805820: TigonMhrLogger::logRequestIfNeeded
09-02 17:36:39.512  7881  9732 E fb4a.T157805820: TigonWifiInfoLogger::init
09-02 17:36:39.512  7881  4225 E fb4a.msys: E[N data-request]_HandleDataResponse(1782)=>Data request error for task 0a7b409f-80f8-486d-8836-1c276dda9669 (response type 1): (null)
09-02 17:36:39.513  7881  9732 E fb4a.T157805820: TigonMhrFbcLogger::logRequestIfNeeded
09-02 17:36:39.514  7881  9732 E fb4a.T157805820: TigonCellTowerInfoLogger::logRequestIfNeeded
09-02 17:36:39.514  7881  9732 E fb4a.T157805820: TigonCertificateVerificationLogger::logRequestIfNeeded
09-02 17:36:39.514  7881  9732 E fb4a.T157805820: TigonTransientAnalysisLogger::logRequestIfNeeded
09-02 17:36:39.514  7881  9732 E fb4a.T157805820: TigonProviderConnectionDeviceInfoLogger::logRequestIfNeeded
09-02 17:36:39.514  7881  9732 E fb4a.T157805820: TigonCellTowerInfoPapayaLogger::logRequestIfNeeded
09-02 17:36:39.514  7881  9732 E fb4a.T157805820: NetworkUtilisationLogger::logRequestIfNeeded
09-02 17:36:39.515  7881  4229 E fb4a.msys: E[S sync]_createResponseError(195)=>Network Response 0a7b409f-80f8-486d-8836-1c276dda9669 contains sync error Error Domain=com.facebook.http.error Code=401 UserInfo=0xc81ec300 {MCFErrorDirectLocalizedDescriptionKey=Client error} - Underlying error (null): Error Domain=com.facebook.http.error Code=401 UserInfo=0xc81ec300 {MCFErrorDirectLocalizedDescriptionKey=Client error}
09-02 17:36:39.521  7881 10664 E fb4a.T157805820: TigonMhrLogger::logRequestIfNeeded
09-02 17:36:39.521  7881 10664 E fb4a.T157805820: TigonWifiInfoLogger::init
09-02 17:36:39.521  7881  4225 E fb4a.msys: E[N data-request]_HandleDataResponse(1782)=>Data request error for task c6ac5c25-85f6-48da-8b1c-fb9f8a15504a (response type 1): (null)
09-02 17:36:39.521  7881 10664 E fb4a.T157805820: TigonMhrFbcLogger::logRequestIfNeeded
09-02 17:36:39.523  7881 10664 E fb4a.T157805820: TigonCellTowerInfoLogger::logRequestIfNeeded
09-02 17:36:39.523  7881  4229 E fb4a.msys: E[S sync]_createResponseError(195)=>Network Response c6ac5c25-85f6-48da-8b1c-fb9f8a15504a contains sync error Error Domain=com.facebook.http.error Code=401 UserInfo=0xc91e2b00 {MCFErrorDirectLocalizedDescriptionKey=Client error} - Underlying error (null): Error Domain=com.facebook.http.error Code=401 UserInfo=0xc91e2b00 {MCFErrorDirectLocalizedDescriptionKey=Client error}
09-02 17:36:39.523  7881 10664 E fb4a.T157805820: TigonCertificateVerificationLogger::logRequestIfNeeded
09-02 17:36:39.523  7881 10664 E fb4a.T157805820: TigonTransientAnalysisLogger::logRequestIfNeeded
09-02 17:36:39.523  7881 10664 E fb4a.T157805820: TigonProviderConnectionDeviceInfoLogger::logRequestIfNeeded
09-02 17:36:39.523  7881 10664 E fb4a.T157805820: TigonCellTowerInfoPapayaLogger::logRequestIfNeeded
09-02 17:36:39.523  7881 10664 E fb4a.T157805820: NetworkUtilisationLogger::logRequestIfNeeded
09-02 17:36:39.554 10438 10890 I BatteryMgr:DataCollectionService: stats => 1693668999553,-154,4242
09-02 17:36:39.664 10438 10890 I BatteryMgr:DataCollectionService: stats => 1693668999664,-154,4242
09-02 17:36:39.775 10438 10890 I BatteryMgr:DataCollectionService: stats => 1693668999775,-154,4242
09-02 17:36:39.886 10438 10890 I BatteryMgr:DataCollectionService: stats => 1693668999886,-154,4242
09-02 17:36:39.997 10438 10890 I BatteryMgr:DataCollectionService: stats => 1693668999997,-154,4242
09-02 17:36:40.046  3979 10236 D SamsungAlarmManager: setExact Intent (T:2/F:1/AC:false) 20230902T174440 - CU:10102/CP:7881
09-02 17:36:40.110 10438 10890 I BatteryMgr:DataCollectionService: stats => 1693669000109,-154,4242
09-02 17:36:40.163  3979  4051 D SensorService: [SO] 0.096 -0.373 9.883
09-02 17:36:40.221 10438 10890 I BatteryMgr:DataCollectionService: stats => 1693669000220,-154,4242
09-02 17:36:40.332 10438 10890 I BatteryMgr:DataCollectionService: stats => 1693669000331,-154,4242
09-02 17:36:40.438 10438 10890 I BatteryMgr:DataCollectionService: stats => 1693669000437,-154,4242
09-02 17:36:40.548 10438 10890 I BatteryMgr:DataCollectionService: stats => 1693669000548,-154,4242
09-02 17:36:40.560  7881  4225 E fb4a.msys: E[N data-request]_HandleDataResponse(1782)=>Data request error for task a63169bd-0332-4624-ae49-c0a933a19154 (response type 1): (null)
09-02 17:36:40.562  7881  4229 E fb4a.msys: E[S task_queue_handling]MCDLightSpeedTaskExecutorNetworkCompletionCallback(1017)=>Handling send error for taskId=6 batchSize=1 queue=secure_message_over_wa_generate_cat
09-02 17:36:40.564  7881  4229 E fb4a.msys: E[S task_queue_handling]MCDLightSpeedTaskExecutorNetworkCompletionCallback(1071)=>Error content with 18 bytes: Error Domain=com.facebook.http.error Code=401 UserInfo=0xc91e2000 {MCFErrorDirectLocalizedDescriptionKey=Client error}
09-02 17:36:40.568  7881 10396 E fb4a.T157805820: TigonMhrLogger::logRequestIfNeeded
09-02 17:36:40.569  7881 10396 E fb4a.T157805820: TigonWifiInfoLogger::init
09-02 17:36:40.569  7881 10396 E fb4a.T157805820: TigonMhrFbcLogger::logRequestIfNeeded
09-02 17:36:40.569  7881 10396 E fb4a.T157805820: TigonCellTowerInfoLogger::logRequestIfNeeded
09-02 17:36:40.569  7881 10396 E fb4a.T157805820: TigonCertificateVerificationLogger::logRequestIfNeeded
09-02 17:36:40.569  7881 10396 E fb4a.T157805820: TigonTransientAnalysisLogger::logRequestIfNeeded
09-02 17:36:40.569  7881 10396 E fb4a.T157805820: TigonProviderConnectionDeviceInfoLogger::logRequestIfNeeded
09-02 17:36:40.570  7881 10396 E fb4a.T157805820: TigonCellTowerInfoPapayaLogger::logRequestIfNeeded
09-02 17:36:40.570  7881 10396 E fb4a.T157805820: NetworkUtilisationLogger::logRequestIfNeeded
09-02 17:36:40.663 10438 10890 I BatteryMgr:DataCollectionService: stats => 1693669000663,-154,4242
09-02 17:36:40.774 10438 10890 I BatteryMgr:DataCollectionService: stats => 1693669000774,-154,4242
09-02 17:36:40.885 10438 10890 I BatteryMgr:DataCollectionService: stats => 1693669000885,-154,4242
09-02 17:36:40.996 10438 10890 I BatteryMgr:DataCollectionService: stats => 1693669000995,-154,4242
09-02 17:36:41.105 10438 10890 I BatteryMgr:DataCollectionService: stats => 1693669001105,-154,4242
09-02 17:36:41.216 10438 10890 I BatteryMgr:DataCollectionService: stats => 1693669001216,-154,4242
09-02 17:36:41.326 10438 10890 I BatteryMgr:DataCollectionService: stats => 1693669001326,-154,4242
09-02 17:36:41.437 10438 10890 I BatteryMgr:DataCollectionService: stats => 1693669001437,-154,4242
09-02 17:36:41.547 10438 10890 I BatteryMgr:DataCollectionService: stats => 1693669001546,-154,4242
09-02 17:36:41.657 10438 10890 I BatteryMgr:DataCollectionService: stats => 1693669001657,-154,4242
09-02 17:36:41.767 10438 10890 I BatteryMgr:DataCollectionService: stats => 1693669001767,-154,4242
09-02 17:36:41.819  7881  4245 D omnistore_android_logger: AlarmManager::mainLoop calling alarm callbacks. There are total 1 scheduled tasks, and about to trigger 1 tasks (first task is SyncProtocol::onConnectionEstablished), then sleep for 54835 ms
09-02 17:36:41.819  7881  4245 D omnistore_android_logger: Handling alarm for rate limited event SyncProtocol::onConnectionEstablished
09-02 17:36:41.819  7881  4245 D omnistore_android_logger: SyncProtocol calling onConnectionEstablished callbacks
09-02 17:36:41.819  7881  4245 D omnistore_android_logger: Removing all queue based subscriptions from rewire state
09-02 17:36:41.823  7881  4245 D omnistore_android_logger: SendQueue::onConnectionEstablished: sending 0 transaction(s)
09-02 17:36:41.823  7881  4260 D omnistore_android_logger: SubscriptionManager::onConnectionEstablished is called back
09-02 17:36:41.842  7881  4245 D omnistore_android_logger: AlarmManager::clearAlarmTimer for key=SyncProtocol::onConnectionEstablished 
09-02 17:36:41.854  7881  4260 I omnistore_android_logger: Client sent CreateSubscriptionRequest for queue: facebook_universal_prefs_v2:100087196392327
09-02 17:36:41.860  4962  4962 D io_stats: !@ 179,0 r 736550 22001828 w 563017 11686984 d 61013 20460744 f 135194 138635 iot 661332 557016 th 51200 0 0 pt 0 inp 0 0 59535.104
09-02 17:36:41.861  7881  4260 I omnistore_android_logger: Client sent connect message
09-02 17:36:41.876 10438 10890 I BatteryMgr:DataCollectionService: stats => 1693669001875,-154,4242
09-02 17:36:41.984 10438 10890 I BatteryMgr:DataCollectionService: stats => 1693669001984,-154,4242
09-02 17:36:42.033 14031 14031 E adbd    : recv: OPEN 00024b37 00000000 0029:73 68 65 6C 6C 2C 76 32 2C 54 45 52 4D 3D 78 74 65 72 6D 2D 32 35 36 63 6F 6C 6F 72 2C 72 61 77 3A 64 61 74 65 20 2D 75 00 
09-02 17:36:42.033 14031 14031 E adbd    : service_to_fd: shell,v2,TERM=xterm-256color,raw:date -u
09-02 17:36:42.041 14031 14031 E adbd    : recv: OPEN 00024b3a 00000000 00c3:73 68 65 6C 6C 2C 76 32 2C 54 45 52 4D 3D 78 74 65 72 6D 2D 32 35 36 63 6F 6C 6F 72 2C 72 61 77 3A 61 6D 20 73 74 61 72 74 20 2D 61 20 61 6E 64 72 6F 69 64 2E 69 6E 74 65 6E 74 2E 61 63 74 69 6F 6E 2E 56 49 45 57 20 2D 6E 20 6F 72 67 2E 6D 6F 7A 69 6C 6C 61 2E 66 69 72 65 66 6F 78 2F 6F 72 67 2E 6D 6F 7A 69 6C 6C 61 2E 67 65 63 6B 6F 2E 42 72 6F 77 73 65 72 41 70 70 20 2D 64 20 68 74 74 70 3A 2F 2F 31 39 32 2E 31 36 38 2E 38 38 2E 31 37 37 3A 38 30 30 30 2F 43 6F 6D 6D 65 72 63 65 2F 62 65 73 74 62 75 79 2D 76 65 6E 64 6F 72 2F 77 77 77 2E 62 65 73 74 62 75 79 2E 63 6F 6D 2F 00 
09-02 17:36:42.041 14031 14031 E adbd    : service_to_fd: shell,v2,TERM=xterm-256color,raw:am start -a android.intent.action.VIEW -n org.mozilla.firefox/org.mozilla.gecko.BrowserApp -d http://192.168.88.177:8000/Commerce/bestbuy-vendor/www.bestbuy.com/
09-02 17:36:42.090 10438 10890 I BatteryMgr:DataCollectionService: stats => 1693669002090,-154,4242
09-02 17:36:42.110 14031 14031 E adbd    : recv: OPEN 00024b3d 00000000 003e:73 68 65 6C 6C 2C 76 32 2C 54 45 52 4D 3D 78 74 65 72 6D 2D 32 35 36 63 6F 6C 6F 72 2C 72 61 77 3A 64 75 6D 70 73 79 73 20 63 70 75 69 6E 66 6F 20 7C 20 67 72 65 70 20 54 4F 54 41 4C 00 
09-02 17:36:42.110 14031 14031 E adbd    : service_to_fd: shell,v2,TERM=xterm-256color,raw:dumpsys cpuinfo | grep TOTAL
09-02 17:36:42.113  3979 10236 I ActivityManager: START u0 {act=android.intent.action.VIEW typ=null flg=0x10000000 cmp=ComponentInfo{org.mozilla.firefox/org.mozilla.gecko.BrowserApp}} from uid 2000
09-02 17:36:42.115  3979 10236 D CustomFrequencyManagerService: acquireDVFSLockLocked : type : DVFS_MIN_LIMIT  frequency : 1560000  uid : 1000  pid : 3979  pkgName : AMS_ACT_START@CPU_MIN@8
09-02 17:36:42.115  3979 10236 D ActivityManagerPerformance: AMP_acquire() ACT_START
09-02 17:36:42.126 10482 10482 D InputMethodManager: HSIFW - flag : 0 Pid : 10482
09-02 17:36:42.127  3979  4670 V InputMethodManagerService: Client requesting input be hidden, flags : 0
09-02 17:36:42.127  3979  4670 V InputMethodManagerService: hideCurrentInputLocked : shouldHideSoftInput is false
09-02 17:36:42.130  3979  4670 D ActivityManager: isScaleDownAnimationEnabled() : false
09-02 17:36:42.133  3979  4670 D PersonaManagerService: Current focused persona service handled id set to : 0
09-02 17:36:42.135  3979  4670 D InputDispatcher: Focused application set to: xxxx
09-02 17:36:42.136  3979  4670 D InputDispatcher: Focus left window: 10482
09-02 17:36:42.139  3979  4238 D GameManagerService: handleForegroundChange(). pkgName: org.mozilla.firefox, clsName: org.mozilla.fenix.IntentReceiverActivity,FgActivityName:org.mozilla.firefox/org.mozilla.fenix.IntentReceiverActivity
09-02 17:36:42.139  3979  4238 D GameManagerService:   handleForegroundChange(). same package. game has never resumed yet. ignore
09-02 17:36:42.139  3979  4670 D MARsPolicyManager: onPackageResumedFG pkgName = org.mozilla.firefox, userId = 0
09-02 17:36:42.158  3979  4670 I ActivityManager: START u0 {act=android.intent.action.VIEW typ=null flg=0x0 cmp=ComponentInfo{org.mozilla.firefox/org.mozilla.fenix.HomeActivity}} from uid 10154
09-02 17:36:42.162  3979  4670 D InputDispatcher: Focus entered window: 10482
09-02 17:36:42.177 10482 10482 D ViewRootImpl@88b7945[HomeActivity]: MSG_WINDOW_FOCUS_CHANGED 0
09-02 17:36:42.182 10482 10482 I WebExtension: releasePendingMessages: extension=readerview@mozac.org nativeApp=mozacReaderviewActive session=org.mozilla.geckoview.GeckoSession@8a22ddc
09-02 17:36:42.182 10482 10482 I WebExtension: releasePendingMessages: extension=readerview@mozac.org nativeApp=mozacReaderview session=org.mozilla.geckoview.GeckoSession@8a22ddc
09-02 17:36:42.183 10482 10482 I WebExtension: releasePendingMessages: extension=readerview@mozac.org nativeApp=mozacReaderviewActive session=org.mozilla.geckoview.GeckoSession@8a22ddc
09-02 17:36:42.183 10482 10482 I WebExtension: releasePendingMessages: extension=readerview@mozac.org nativeApp=mozacReaderview session=org.mozilla.geckoview.GeckoSession@8a22ddc
09-02 17:36:42.191 10482 10482 I zygote64: Deoptimizing java.util.ArrayList kotlin.collections.CollectionsKt___CollectionsKt.plus(java.lang.Iterable, java.util.Collection) due to JIT inline cache
09-02 17:36:42.193 10438 10890 I BatteryMgr:DataCollectionService: stats => 1693669002193,-154,4242
09-02 17:36:42.196 10482 10549 I zygote64: Deoptimizing void kotlinx.coroutines.JobSupport.initParentJob(kotlinx.coroutines.Job) due to JIT inline cache
09-02 17:36:42.198 10482 10544 I zygote64: Deoptimizing void kotlinx.coroutines.internal.LockFreeLinkedListNode.finishAdd(kotlinx.coroutines.internal.LockFreeLinkedListNode) due to JIT inline cache
09-02 17:36:42.199 14031 14031 E adbd    : recv: OPEN 00024b40 00000000 003d:73 68 65 6C 6C 2C 76 32 2C 54 45 52 4D 3D 78 74 65 72 6D 2D 32 35 36 63 6F 6C 6F 72 2C 72 61 77 3A 64 75 6D 70 73 79 73 20 6D 65 6D 69 6E 66 6F 20 7C 20 67 72 65 70 20 55 73 65 64 00 
09-02 17:36:42.199 14031 14031 E adbd    : service_to_fd: shell,v2,TERM=xterm-256color,raw:dumpsys meminfo | grep Used
09-02 17:36:42.203 10482 10547 I zygote64: Deoptimizing void kotlin.coroutines.jvm.internal.BaseContinuationImpl.resumeWith(java.lang.Object) due to JIT inline cache
09-02 17:36:42.204 10482 10547 I zygote64: Deoptimizing kotlinx.coroutines.internal.LockFreeLinkedListNode kotlinx.coroutines.internal.LockFreeLinkedListNode.correctPrev() due to JIT inline cache
09-02 17:36:42.205 10482 10482 D InputMethodManager: HSIFW - flag : 0 Pid : 10482
09-02 17:36:42.206  3979  5983 V InputMethodManagerService: Client requesting input be hidden, flags : 0
09-02 17:36:42.206  3979  4670 D ConnectivityService: filterNetworkStateForUid() uid: 10154 networkInfo: [type: WIFI[] - WIFI, state: CONNECTED/CONNECTED, reason: (unspecified), extra: "WiFi 69", failover: false, available: true, roaming: false, metered: false]
09-02 17:36:42.206  3979  5983 V InputMethodManagerService: hideCurrentInputLocked : shouldHideSoftInput is false
09-02 17:36:42.207 10482 10482 D ViewRootImpl@88b7945[HomeActivity]: MSG_WINDOW_FOCUS_CHANGED 1
09-02 17:36:42.212  3979  4670 D InputMethodManagerService: startInputOrWindowGainedFocus : windowGainedFocus 
09-02 17:36:42.213  3979  4670 D InputMethodManagerService: windowGainedFocus: destinationUserId (getCallingUid) = 0
09-02 17:36:42.213  3979  4670 D InputMethodManagerService: windowGainedFocus: currentUserId=0
09-02 17:36:42.213  3979  4670 D InputMethodManagerService: windowGainedFocus: mCurrentFocusedUserId=0
09-02 17:36:42.213  3979  4670 D InputMethodManagerService: windowGainedFocus : lock - currentUserId = 0 destinationUserId = 0
09-02 17:36:42.213  3979  4670 D InputMethodManagerService: windowGainedFocus : mCurrentFocusedUserId - 0 and mSecureKeypadEnabled - false, userSwitched - false
09-02 17:36:42.213  3979  4670 W InputMethodManagerService: Window already focused, ignoring focus gain of: com.android.internal.view.IInputMethodClient$Stub$Proxy@832f67c attribute=null, token = android.os.BinderProxy@aed7625
09-02 17:36:42.214  3979  4670 D ActivityManager: isScaleDownAnimationEnabled() : false
09-02 17:36:42.215  3979  4670 D PersonaManagerService: Current focused persona service handled id set to : 0
09-02 17:36:42.215  3979  4670 D InputDispatcher: Focused application set to: xxxx
09-02 17:36:42.217  3979  4238 D GameManagerService: handleForegroundChange(). pkgName: org.mozilla.firefox, clsName: org.mozilla.fenix.HomeActivity,FgActivityName:org.mozilla.firefox/org.mozilla.fenix.HomeActivity
09-02 17:36:42.217  3979  4238 D GameManagerService:   handleForegroundChange(). same package. game has never resumed yet. ignore
09-02 17:36:42.217  3979  4670 D MARsPolicyManager: onPackageResumedFG pkgName = org.mozilla.firefox, userId = 0
09-02 17:36:42.219 10482 10538 I zygote64: Deoptimizing boolean kotlinx.coroutines.AbstractCoroutine.isActive() due to JIT inline cache
09-02 17:36:42.240  3979  5983 V WindowManager: Relayout Window{6b8c3fa u0 org.mozilla.firefox/org.mozilla.fenix.HomeActivity}: viewVisibility=0 req=720x1280 WM.LayoutParams{(0,0)(fillxfill) sim=#10 ty=1 fl=#81010100 pfl=0x20000 fmt=-3 wanim=0x7f1404fa vsysui=0x2610 needsMenuKey=2 colorMode=0 naviIconColor=0}
09-02 17:36:42.241  3449  3449 I android.hardware.wifi@1.0-service: getLinkLayerStats
09-02 17:36:42.245 10482 10482 D ViewRootImpl@88b7945[HomeActivity]: Relayout returned: old=[0,0][720,1280] new=[0,0][720,1280] result=0x1 surface={valid=true 533346832384} changed=false
09-02 17:36:42.261  3979  4670 D ActivityManager: post active user change for 0 fullscreen true isHomeActivity() false
09-02 17:36:42.271  3979  5976 V WindowManager: Relayout Window{6b8c3fa u0 org.mozilla.firefox/org.mozilla.fenix.HomeActivity}: viewVisibility=0 req=720x1280 WM.LayoutParams{(0,0)(fillxfill) sim=#110 ty=1 fl=#81010100 pfl=0x20000 fmt=-3 wanim=0x7f1404fa vsysui=0x2610 needsMenuKey=2 colorMode=0 naviIconColor=0}
09-02 17:36:42.272 10482 10524 I zygote64: Deoptimizing boolean kotlinx.coroutines.JobSupport.isActive() due to JIT inline cache
09-02 17:36:42.276 10482 10482 D ViewRootImpl@88b7945[HomeActivity]: Relayout returned: old=[0,0][720,1280] new=[0,0][720,1280] result=0x1 surface={valid=true 533346832384} changed=false
09-02 17:36:42.285  4349  4372 D SystemServicesProxy: updateOverviewLastStackActiveTimeAsync: newTime=1693559943942
09-02 17:36:42.286  3979  4670 D ConnectivityService: filterNetworkStateForUid() uid: 10154 networkInfo: [type: WIFI[] - WIFI, state: CONNECTED/CONNECTED, reason: (unspecified), extra: "WiFi 69", failover: false, available: true, roaming: false, metered: false]
09-02 17:36:42.286  3979 10236 D SecContentProvider: query(), uri = 17 selection = isSettingsChangesAllowed
09-02 17:36:42.287  3979 10236 D SecContentProvider: called from android.uid.systemui:10009
09-02 17:36:42.289  4349  4561 D SystemServicesProxy: updateOverviewLastStackActiveTimeAsync: done.
09-02 17:36:42.297 10438 10890 I BatteryMgr:DataCollectionService: stats => 1693669002297,-154,4242
09-02 17:36:42.402 10438 10890 I BatteryMgr:DataCollectionService: stats => 1693669002402,-154,4242
