--------- beginning of main
09-02 17:36:31.309 14031 14031 E adbd    : recv: OPEN 00024b10 00000000 0095:73 68 65 6C 6C 2C 76 32 2C 54 45 52 4D 3D 78 74 65 72 6D 2D 32 35 36 63 6F 6C 6F 72 2C 72 61 77 3A 61 6D 20 73 74 61 72 74 20 2D 53 20 2D 61 20 61 6E 64 72 6F 69 64 2E 69 6E 74 65 6E 74 2E 61 63 74 69 6F 6E 2E 56 49 45 57 20 2D 6E 20 6F 72 67 2E 6D 6F 7A 69 6C 6C 61 2E 66 69 72 65 66 6F 78 2F 6F 72 67 2E 6D 6F 7A 69 6C 6C 61 2E 67 65 63 6B 6F 2E 42 72 6F 77 73 65 72 41 70 70 20 2D 2D 61 63 74 69 76 69 74 79 2D 63 6C 65 61 72 2D 74 61 73 6B 00 
09-02 17:36:31.309 14031 14031 E adbd    : service_to_fd: shell,v2,TERM=xterm-256color,raw:am start -S -a android.intent.action.VIEW -n org.mozilla.firefox/org.mozilla.gecko.BrowserApp --activity-clear-task
--------- beginning of system
09-02 17:36:31.403  3979  5983 I ActivityManager: Force stopping org.mozilla.firefox appid=10154 user=0: from pid 10480
09-02 17:36:31.409  3979  3979 D SamsungAlarmManager: Remove alarm for next reason : android.intent.action.PACKAGE_RESTARTED : package: org.mozilla.firefox
09-02 17:36:31.413  3979  3995 W BroadcastQueue: Background execution not allowed: receiving Intent { act=android.intent.action.PACKAGE_RESTARTED dat=package:org.mozilla.firefox flg=0x10 (has extras) } to android/com.kddi.android.CpaNotiReceiver
09-02 17:36:31.414  3979  3995 W BroadcastQueue: Background execution not allowed: receiving Intent { act=android.intent.action.PACKAGE_RESTARTED dat=package:org.mozilla.firefox flg=0x10 (has extras) } to com.sec.android.daemonapp/com.samsung.android.weather.daemon.receiver.ClearDataReceiver
09-02 17:36:31.414  4633  4633 D CarrierSvcBindHelper: No carrier app for: 0
09-02 17:36:31.416  4633  4633 D CarrierSvcBindHelper: No carrier app for: 1
09-02 17:36:31.669  3979  5983 I ActivityManager: START u0 {act=android.intent.action.VIEW typ=null flg=0x10008000 cmp=ComponentInfo{org.mozilla.firefox/org.mozilla.gecko.BrowserApp}} from uid 2000
09-02 17:36:31.673  3979  5983 D CustomFrequencyManagerService: acquireDVFSLockLocked : type : DVFS_MIN_LIMIT  frequency : 1560000  uid : 1000  pid : 3979  pkgName : AMS_APP_SWITCH@CPU_MIN@23
09-02 17:36:31.677  3979  5983 D ActivityManagerPerformance: AMP_acquire() APP_SWITCH
09-02 17:36:31.677  3979  5035 D ActivityManagerPerformance: Received MSG_CFMS_HINT_AMS_SWITCH pkgName: org.mozilla.firefox
09-02 17:36:31.688  3979  4670 D ActivityManager: isScaleDownAnimationEnabled() : false
09-02 17:36:31.688  3979  4670 D StorageManagerService: getExternalStorageMountMode : 1
09-02 17:36:31.688  3979  4670 D StorageManagerService: getExternalStorageMountMode : 3
09-02 17:36:31.688  3979  4670 D StorageManagerService: getExternalStorageMountMode : final mountMode=1, uid : 10154, packageName : org.mozilla.firefox
09-02 17:36:31.689  3979  4670 I ApplicationPolicy: isApplicationExternalStorageWhitelisted:org.mozilla.firefox user:0
09-02 17:36:31.689  3979  4670 D ApplicationPolicy: isApplicationExternalStorageWhitelisted: DO is not enabled on user 0. Allowed.
09-02 17:36:31.689  3979  4670 D ActivityManager: package  org.mozilla.firefox, user - 0 is SDcard whitelisted
09-02 17:36:31.689  3979  4670 I ApplicationPolicy: isApplicationExternalStorageBlacklisted:org.mozilla.firefox user:0
09-02 17:36:31.689  3979  4670 D ApplicationPolicy: isApplicationExternalStorageBlacklisted: DO is not enabled on user 0. Allowed.
09-02 17:36:31.701 10482 10482 E Zygote  : isWhitelistProcess - Process is Whitelisted
09-02 17:36:31.701  3979  4670 I ActivityManager: Start proc 10482:org.mozilla.firefox/u0a154 for activity org.mozilla.firefox/org.mozilla.gecko.BrowserApp
09-02 17:36:31.701 10482 10482 E libpersona: scanKnoxPersonas
09-02 17:36:31.701 10482 10482 E libpersona: Couldn't open the File - /data/system/users/0/personalist.xml - No such file or directory
09-02 17:36:31.703 10482 10482 W SELinux : SELinux selinux_android_compute_policy_index : Policy Index[2],  Con:u:r:zygote:s0 RAM:SEPF_SM-J720F_8.0.0_0017, [-1 -1 -1 -1 0 1]
09-02 17:36:31.704 10482 10482 I SELinux : SELinux: seapp_context_lookup: seinfo=untrusted, level=s0:c512,c768, pkgname=org.mozilla.firefox 
09-02 17:36:31.719 10482 10482 D TimaKeyStoreProvider: TimaKeyStore is not enabled: cannot add TimaSignature Service and generateKeyPair Service
09-02 17:36:31.720 10482 10482 D ActivityThread: Added TimaKeyStore provider
09-02 17:36:31.722  3979  4670 I ActivityManager: DSS on for org.mozilla.firefox and scale is 1.0
09-02 17:36:31.731  3979  4670 D PersonaManagerService: Current focused persona service handled id set to : 0
09-02 17:36:31.731  3979  4670 D InputDispatcher: Focused application set to: xxxx
09-02 17:36:31.732  3979  4670 D InputDispatcher: Focus left window: 10438
09-02 17:36:31.733 10438 10438 D ViewRootImpl@110cd72[MainActivity]: MSG_WINDOW_FOCUS_CHANGED 0
09-02 17:36:31.733  3979  4238 D GameManagerService: handleForegroundChange(). pkgName: org.mozilla.firefox, clsName: org.mozilla.fenix.IntentReceiverActivity,FgActivityName:org.mozilla.firefox/org.mozilla.fenix.IntentReceiverActivity
09-02 17:36:31.733  3979  4670 D MARsPolicyManager: onPackageResumedFG pkgName = org.mozilla.firefox, userId = 0
09-02 17:36:31.734  3979  4238 D GameManagerService: sem_perfomance_mode: 3
09-02 17:36:31.734  3979  4238 D GameManagerService: notifyResumePause(). pkg: org.mozilla.firefox, type: 4, isMinimized: false, isTunableApp: false
09-02 17:36:31.734  3979  4238 D GameManagerService:   notifyResumePause(). unexpected mPrevNotiType: -1
09-02 17:36:31.737  3979  6899 D GamePkgDataHelper: getGamePkgDataIncServer(). org.mozilla.firefox
09-02 17:36:31.738  3979  6899 D GameManagerService: identifyGamePackage. org.mozilla.firefox
09-02 17:36:31.738  3979  6899 D GamePkgDataHelper: getGamePkgData(). org.mozilla.firefox
09-02 17:36:31.738  3979  6899 D GameManagerService: identifyGamePackage. org.mozilla.firefox
09-02 17:36:31.738  3979  6899 D GamePkgDataHelper: getGamePkgData(). org.mozilla.firefox
09-02 17:36:31.738  3979  6899 D GamePkgDataHelper: getSosPolicy(). org.mozilla.firefox
09-02 17:36:31.740  3979  6899 D GameManagerService: identifyGamePackage. org.mozilla.firefox
09-02 17:36:31.740  3979  6899 D GamePkgDataHelper: getGamePkgData(). org.mozilla.firefox
09-02 17:36:31.741  3979  6899 D GameManagerService: identifyGamePackage. org.mozilla.firefox
09-02 17:36:31.741  3979  6899 D GamePkgDataHelper: getGamePkgData(). org.mozilla.firefox
09-02 17:36:31.747 10482 10482 I zygote64: no shared libraies, dex_files: 1
09-02 17:36:31.783 10482 10482 I FirebaseApp: Device unlocked: initializing all Firebase APIs for app [DEFAULT]
09-02 17:36:31.796 10438 10499 D ProfileInstaller: Installing profile for com.example.batterymanager_utility
09-02 17:36:31.801 10482 10482 I FirebaseInitProvider: FirebaseApp initialization successful
09-02 17:36:31.808  4349  4368 D SystemServicesProxy: updateOverviewLastStackActiveTimeAsync: newTime=1693559943942
09-02 17:36:31.808  3979  4670 D SecContentProvider: query(), uri = 17 selection = isSettingsChangesAllowed
09-02 17:36:31.809  3979  4670 D SecContentProvider: called from android.uid.systemui:10009
09-02 17:36:31.809  4349  4561 D SystemServicesProxy: updateOverviewLastStackActiveTimeAsync: done.
09-02 17:36:31.812  3979 10236 D PackageManager: getComponentMetadataForIconTray : com.example.batterymanager_utility.MainActivity does not exist in mServices
09-02 17:36:31.812  3979 10236 D PackageManager: getComponentMetadataForIconTray : com.example.batterymanager_utility.MainActivity does not exist in mProviders
09-02 17:36:31.812  3979 10236 D PackageManager: getComponentMetadataForIconTray : com.example.batterymanager_utility.MainActivity does not exist in mReceivers
09-02 17:36:31.812  4349  4368 D ApplicationPackageManager: updateItemMetaDataForFixedIconScale: package: com.example.batterymanager_utility
09-02 17:36:31.813  3979 10236 D PackageManager: getSelectedMetaData : packageName(com.example.batterymanager_utility) or Metadata strings {[Ljava.lang.String;@1cdde6b}
09-02 17:36:31.813  4349  4368 I ApplicationPackageManager: load=com.example.batterymanager_utility, bg=144-144, dr=189-189, forDefault=true, density=0
09-02 17:36:31.817  4349  4368 I ApplicationPackageManager: scaled rate=0.72, size=189, alpha=54, hold=102
09-02 17:36:31.817  4349  4368 D ApplicationPackageManager: iconScale: getScale(): 0.72 getAlpha(): 54
09-02 17:36:31.819  3979  4670 W StorageManager: getStorageLowBytes lowPercent : 5, lowBytes : 1260145254, maxLowBytes : 524288000
09-02 17:36:31.820  4349  4368 I ApplicationPackageManager: load=com.example.batterymanager_utility-contain, bg=112-112, dr=189-189
09-02 17:36:31.854  4962  4962 D io_stats: !@ 179,0 r 736534 22001180 w 562682 11681348 d 60972 20459324 f 135136 138577 iot 661088 556829 th 51200 0 0 pt 0 inp 0 0 59525.099
09-02 17:36:31.869  3979  4111 D MdnieScenarioControlService:  packageName : org.mozilla.firefox    className : org.mozilla.gecko.BrowserApp
09-02 17:36:31.869  3979  4111 V MdnieScenarioControlService: setUIMode from UI function(3)
09-02 17:36:31.874 10482 10487 I zygote64: Do partial code cache collection, code=29KB, data=25KB
09-02 17:36:31.875 10482 10487 I zygote64: After code cache collection, code=29KB, data=25KB
09-02 17:36:31.875 10482 10487 I zygote64: Increasing code cache capacity to 128KB
09-02 17:36:31.891 10482 10482 I rc_log_ffi::ios: rc_log adapter initialized!
09-02 17:36:31.940  3979 10236 D ConnectivityService: filterNetworkStateForUid() uid: 10025 networkInfo: [type: WIFI[] - WIFI, state: CONNECTED/CONNECTED, reason: (unspecified), extra: "WiFi 69", failover: false, available: true, roaming: false, metered: false]
09-02 17:36:31.944 10482 10487 I zygote64: Do partial code cache collection, code=60KB, data=47KB
09-02 17:36:31.944 10482 10487 I zygote64: After code cache collection, code=58KB, data=46KB
09-02 17:36:31.944 10482 10487 I zygote64: Increasing code cache capacity to 256KB
09-02 17:36:32.010 10482 10508 I nimbus::nimbus_client: updating experiment list
09-02 17:36:32.011 10482 10508 I nimbus::persistence: Already at version 2, no upgrade needed
09-02 17:36:32.011 10482 10508 I nimbus::nimbus_client: [Nimbus] Retrieved date from Context: 2023-09-01 07:59:54 UTC
09-02 17:36:32.012 10482 10508 I nimbus::nimbus_client: [Nimbus] Installation Date: 2023-09-01 07:59:54 UTC
09-02 17:36:32.012 10482 10508 I nimbus::nimbus_client: [Nimbus] Update Date: 2023-09-02 06:19:16.138897683 UTC
09-02 17:36:32.012 10482 10508 I nimbus::nimbus_client: [Nimbus] Days since install: 1
09-02 17:36:32.012 10482 10508 I nimbus::nimbus_client: [Nimbus] Days since update: 0
09-02 17:36:32.024 10482 10508 I zygote64: Deoptimizing java.lang.Object com.sun.jna.Function.invoke(java.lang.reflect.Method, java.lang.Class[], java.lang.Class, java.lang.Object[], java.util.Map) due to class hierarchy analysis
09-02 17:36:32.072 10482 10511 I GeckoThread: preparing to run Gecko
09-02 17:36:32.081  3979  4670 W StorageManager: getStorageLowBytes lowPercent : 5, lowBytes : 1260145254, maxLowBytes : 524288000
09-02 17:36:32.083  3979  4670 W StorageManager: getStorageLowBytes lowPercent : 5, lowBytes : 1260145254, maxLowBytes : 524288000
09-02 17:36:32.085  3979 10236 W StorageManager: getStorageLowBytes lowPercent : 5, lowBytes : 1260145254, maxLowBytes : 524288000
09-02 17:36:32.088 10482 10482 I zygote64: Deoptimizing java.lang.Object androidx.collection.SimpleArrayMap.put(java.lang.Object, java.lang.Object) due to JIT inline cache
09-02 17:36:32.096 10482 10511 I GeckoLoader: Library base=/data/app/org.mozilla.firefox-qXEeZwQeSKU-v4RxzjCTZA==/lib/arm64
09-02 17:36:32.097 10482 10511 W Settings: Setting animator_duration_scale has moved from android.provider.Settings.System to android.provider.Settings.Global, returning read-only global URI.
09-02 17:36:32.100 10482 10514 I libglean_ffi: glean_core::core: Creating new Glean v53.1.0
09-02 17:36:32.100 10482 10511 I GeckoLoader: Library base=/data/app/org.mozilla.firefox-qXEeZwQeSKU-v4RxzjCTZA==/lib/arm64
09-02 17:36:32.101 10482 10511 E GeckoLibLoad: Load sqlite start
09-02 17:36:32.102 10482 10514 I libglean_ffi: glean_core::database: Database initialized
09-02 17:36:32.102 10482 10511 E GeckoLibLoad: Load sqlite done
09-02 17:36:32.102 10482 10511 I GeckoLoader: Library base=/data/app/org.mozilla.firefox-qXEeZwQeSKU-v4RxzjCTZA==/lib/arm64
09-02 17:36:32.103 10482 10511 E GeckoLibLoad: Load nss start
09-02 17:36:32.103 10482 10511 E GeckoLibLoad: Load nss done
09-02 17:36:32.103 10482 10511 I GeckoLoader: Library base=/data/app/org.mozilla.firefox-qXEeZwQeSKU-v4RxzjCTZA==/lib/arm64
09-02 17:36:32.104 10482 10511 E GeckoLibLoad: Loaded libs in 1.444615ms total, 0ms(4ms) user, 0ms(0ms) system, 0(0) faults
09-02 17:36:32.105 10482 10514 I libglean_ffi: glean_core: Glean initialized
09-02 17:36:32.107 10482 10514 I libglean_ffi: glean_core::event_database: Loading events for events
09-02 17:36:32.107 10482 10514 I libglean_ffi: glean_core::event_database: Loading events for background-update
09-02 17:36:32.108 10482 10511 W GeckoThread: zerdatime 114173540 - runGecko
09-02 17:36:32.110 10482 10487 I zygote64: Do full code cache collection, code=122KB, data=79KB
09-02 17:36:32.111 10482 10514 I libglean_ffi: glean_core::ping: Collecting events
09-02 17:36:32.112 10482 10487 I zygote64: After code cache collection, code=86KB, data=50KB
09-02 17:36:32.118 10482 10514 I libglean_ffi: glean_core::upload::directory: Processing ping at: /data/user/0/org.mozilla.firefox/glean_data/pending_pings/693c885d-14bb-4054-8584-f3f4d697f8b2
09-02 17:36:32.119 10482 10514 I libglean_ffi: glean_core::metrics::ping: The ping 'events' was submitted and will be sent as soon as possible
09-02 17:36:32.120  3614  3927 D DnsProxyListener: DNSDBG::dns by name af 2
09-02 17:36:32.125  3979 10236 D PackageManager: setEnabledSetting : userId = 0 packageName = org.mozilla.firefox cmp = androidx.work.impl.background.systemjob.SystemJobService newState = 1 callingPackage = 10154/org.mozilla.firefox
09-02 17:36:32.146 10482 10511 I Gecko:DumpUtils: Fifo watcher disabled via pref.
09-02 17:36:32.146 10482 10514 I glean/MetricsPingSched: The 'metrics' ping was already sent today, 1693668992139.
09-02 17:36:32.158  3979  4670 D ConnectivityService: filterNetworkStateForUid() uid: 10025 networkInfo: [type: WIFI[] - WIFI, state: CONNECTED/CONNECTED, reason: (unspecified), extra: "WiFi 69", failover: false, available: true, roaming: false, metered: false]
09-02 17:36:32.159 10482 10514 I libglean_ffi: glean_core::ping: Collecting baseline
09-02 17:36:32.175 10482 10514 I libglean_ffi: glean_core::upload::directory: Processing ping at: /data/user/0/org.mozilla.firefox/glean_data/pending_pings/63e7795a-328b-4691-9e15-566fac3a87f8
09-02 17:36:32.175 10482 10514 I libglean_ffi: glean_core::metrics::ping: The ping 'baseline' was submitted and will be sent as soon as possible
09-02 17:36:32.193 10482 10510 I libglean_ffi: glean_core::ping: Collecting pageload
09-02 17:36:32.194 10482 10510 I libglean_ffi: glean_core::ping: Storage for pageload empty. Bailing out.
09-02 17:36:32.194 10482 10510 I libglean_ffi: glean_core::metrics::ping: No content for ping 'pageload', therefore no ping queued.
09-02 17:36:32.210  3979  5983 D ConnectivityService: filterNetworkStateForUid() uid: 10025 networkInfo: [type: WIFI[] - WIFI, state: CONNECTED/CONNECTED, reason: (unspecified), extra: "WiFi 69", failover: false, available: true, roaming: false, metered: false]
09-02 17:36:32.216 10482 10510 I libglean_ffi: glean_core::core: Upload enabled: true
09-02 17:36:32.251  3979  5983 D StorageManagerService: getExternalStorageMountMode : 1
09-02 17:36:32.252  3979  5983 D StorageManagerService: getExternalStorageMountMode : 3
09-02 17:36:32.252  3979  5983 D StorageManagerService: getExternalStorageMountMode : final mountMode=1, uid : 10154, packageName : org.mozilla.firefox
09-02 17:36:32.252  3979  5983 I ApplicationPolicy: isApplicationExternalStorageWhitelisted:org.mozilla.firefox user:0
09-02 17:36:32.253  3979  5983 D ApplicationPolicy: isApplicationExternalStorageWhitelisted: DO is not enabled on user 0. Allowed.
09-02 17:36:32.253  3979  5983 D ActivityManager: package  org.mozilla.firefox, user - 0 is SDcard whitelisted
09-02 17:36:32.253  3979  5983 I ApplicationPolicy: isApplicationExternalStorageBlacklisted:org.mozilla.firefox user:0
09-02 17:36:32.253  3979  5983 D ApplicationPolicy: isApplicationExternalStorageBlacklisted: DO is not enabled on user 0. Allowed.
09-02 17:36:32.267 10559 10559 E Zygote  : isWhitelistProcess - Process is Whitelisted
09-02 17:36:32.267 10559 10559 E libpersona: scanKnoxPersonas
09-02 17:36:32.267 10559 10559 E libpersona: Couldn't open the File - /data/system/users/0/personalist.xml - No such file or directory
09-02 17:36:32.268  3979  5983 I ActivityManager: Start proc 10559:org.mozilla.firefox:tab3/u0a154 for service org.mozilla.firefox/org.mozilla.gecko.process.GeckoChildProcessServices$tab3
09-02 17:36:32.269 10559 10559 W SELinux : SELinux selinux_android_compute_policy_index : Policy Index[2],  Con:u:r:zygote:s0 RAM:SEPF_SM-J720F_8.0.0_0017, [-1 -1 -1 -1 0 1]
09-02 17:36:32.269 10559 10559 I SELinux : SELinux: seapp_context_lookup: seinfo=untrusted, level=s0:c512,c768, pkgname=org.mozilla.firefox:tab3 
09-02 17:36:32.291 10559 10559 D TimaKeyStoreProvider: TimaKeyStore is not enabled: cannot add TimaSignature Service and generateKeyPair Service
09-02 17:36:32.294 10559 10559 D ActivityThread: Added TimaKeyStore provider
09-02 17:36:32.294 10482 10482 I FenixApplication: AutoPushFeature is configured, initializing it...
09-02 17:36:32.296  3979 10236 I ActivityManager: DSS on for org.mozilla.firefox and scale is 1.0
09-02 17:36:32.297 10482 10482 I AbstractFirebasePushService: start
09-02 17:36:32.304 10482 10492 I zygote64: Background concurrent copying GC freed 14439(990KB) AllocSpace objects, 4(80KB) LOS objects, 49% free, 3MB/7MB, paused 466us total 136.772ms
09-02 17:36:32.311  3979  8178 D ConnectivityService: filterNetworkStateForUid() uid: 10154 networkInfo: [type: WIFI[] - WIFI, state: CONNECTED/CONNECTED, reason: (unspecified), extra: "WiFi 69", failover: false, available: true, roaming: false, metered: false]
09-02 17:36:32.325 10559 10559 I zygote64: no shared libraies, dex_files: 1
09-02 17:36:32.329  7881 11527 W ResourceType: ResTable_typeSpec entry count inconsistent: given 77, previously 79
09-02 17:36:32.330  7881 11527 W ResourceType: ResTable_typeSpec entry count inconsistent: given 3309, previously 3332
09-02 17:36:32.330  7881 11527 W ResourceType: ResTable_typeSpec entry count inconsistent: given 518, previously 4352
09-02 17:36:32.348  3979  5983 D PackageManager: setEnabledSetting : userId = 0 packageName = org.mozilla.firefox cmp = androidx.work.impl.background.systemalarm.RescheduleReceiver newState = 1 callingPackage = 10154/org.mozilla.firefox
09-02 17:36:32.361 10482 10574 I push::internal::communications::rate_limiter: No need to reset inner timestamp and count for verify_connection.
09-02 17:36:32.367  3979  8178 I ActivityManager: START u0 {act=android.intent.action.VIEW typ=null flg=0x0 cmp=ComponentInfo{org.mozilla.firefox/org.mozilla.fenix.HomeActivity}} from uid 10154
09-02 17:36:32.379 10482 10574 I push::internal::communications::rate_limiter: Not allowed: count(123) > 1 for verify_connection.
09-02 17:36:32.381 10482 10574 I AutoPushFeature: No change to subscriptions. Doing nothing.
09-02 17:36:32.385  3979  4670 D ConnectivityService: filterNetworkStateForUid() uid: 10154 networkInfo: [type: WIFI[] - WIFI, state: CONNECTED/CONNECTED, reason: (unspecified), extra: "WiFi 69", failover: false, available: true, roaming: false, metered: false]
09-02 17:36:32.396  3979 10236 D ConnectivityService: filterNetworkStateForUid() uid: 10154 networkInfo: [type: WIFI[] - WIFI, state: CONNECTED/CONNECTED, reason: (unspecified), extra: "WiFi 69", failover: false, available: true, roaming: false, metered: false]
09-02 17:36:32.398  3979 10236 D ConnectivityService: filterNetworkStateForUid() uid: 10154 networkInfo: [type: WIFI[] - WIFI, state: CONNECTED/CONNECTED, reason: (unspecified), extra: "WiFi 69", failover: false, available: true, roaming: false, metered: false]
09-02 17:36:32.400 10482 10577 D ConnectivityManager: requestNetwork; CallingUid : 10154, CallingPid : 10482
09-02 17:36:32.402  3979  4046 D ViewRootImpl@1e17854[firefox]: setView = DecorView@8e0f8f2[firefox] TM=true MM=false
09-02 17:36:32.404  3979 10236 D ConnectivityService: requestNetwork for uid/pid:10154/10482 NetworkRequest [ TRACK_DEFAULT id=1136, [ Capabilities: INTERNET&NOT_RESTRICTED&TRUSTED&NOT_VPN] ]
09-02 17:36:32.404  3979  4180 D ConnectivityService: rematching NetworkAgentInfo [WIFI () - 502]
09-02 17:36:32.404  3979  4180 D ConnectivityService:  network has: [ Transports: WIFI Capabilities: NOT_METERED&INTERNET&NOT_RESTRICTED&TRUSTED&NOT_VPN&VALIDATED&FOREGROUND LinkUpBandwidth>=1048576Kbps LinkDnBandwidth>=1048576Kbps SignalStrength: -54]
09-02 17:36:32.405  3979  4180 D ConnectivityService: Network NetworkAgentInfo [WIFI () - 502] was already satisfying request 3. No change.
09-02 17:36:32.405  3979  4180 D ConnectivityService:   checking if request is satisfied: NetworkRequest [ TRACK_DEFAULT id=1136, [ Capabilities: INTERNET&NOT_RESTRICTED&TRUSTED&NOT_VPN] ]
09-02 17:36:32.405  3979  4180 D ConnectivityService: currentScore = 0, newScore = 60
09-02 17:36:32.405  3979  4180 D ConnectivityService: rematch for NetworkAgentInfo [WIFI () - 502]
09-02 17:36:32.405  3979  4180 D ConnectivityService:    accepting network in place of null
09-02 17:36:32.405  3979  4180 D ConnectivityService: sending new Min Network Score(60): NetworkRequest [ TRACK_DEFAULT id=1136, [ Capabilities: INTERNET&NOT_RESTRICTED&TRUSTED&NOT_VPN] ]
09-02 17:36:32.405 10482 10482 I Choreographer: Skipped 34 frames!  The application may be doing too much work on its main thread.
09-02 17:36:32.406  3979  4177 D WIFI_P2P: got request NetworkRequest [ TRACK_DEFAULT id=1136, [ Capabilities: INTERNET&NOT_RESTRICTED&TRUSTED&NOT_VPN] ] with score 60
09-02 17:36:32.406  3979  4177 D WIFI_P2P:   my score=60, my filter=[ Transports: WIFI Capabilities: WIFI_P2P&NOT_RESTRICTED&TRUSTED&NOT_VPN LinkUpBandwidth>=1048576Kbps LinkDnBandwidth>=1048576Kbps]
09-02 17:36:32.406  3979  4306 D Ethernet: got request NetworkRequest [ TRACK_DEFAULT id=1136, [ Capabilities: INTERNET&NOT_RESTRICTED&TRUSTED&NOT_VPN] ] with score 60
09-02 17:36:32.406  3979  4177 D WIFI_P2P: evalRequest
09-02 17:36:32.406  3979  4177 D WIFI_P2P:   done
09-02 17:36:32.406  3979  4306 D Ethernet:   my score=-1, my filter=[ Transports: ETHERNET Capabilities: INTERNET&NOT_RESTRICTED&TRUSTED&NOT_VPN LinkUpBandwidth>=100000Kbps LinkDnBandwidth>=100000Kbps]
09-02 17:36:32.406  3979  4180 D ConnectivityService: MultiNetwork Request(TransportType - Wi-Fi request). Internet Capability doesn't required (false)
09-02 17:36:32.406  3979  4306 D Ethernet: evalRequest
09-02 17:36:32.406  3979  4306 D Ethernet:   done
09-02 17:36:32.406  3979  4180 D ConnectivityService: Network NetworkAgentInfo [WIFI () - 502] was already satisfying request 1. No change.
09-02 17:36:32.406  4633  4633 D PhoneSwitcherNetworkRequstListener: got request NetworkRequest [ TRACK_DEFAULT id=1136, [ Capabilities: INTERNET&NOT_RESTRICTED&TRUSTED&NOT_VPN] ] with score 60
09-02 17:36:32.406  3979  4180 D ConnectivityService: Network NetworkAgentInfo [WIFI () - 502] was already satisfying request 1087. No change.
09-02 17:36:32.406  3979  4180 D ConnectivityService: Network NetworkAgentInfo [WIFI () - 502] was already satisfying request 1084. No change.
09-02 17:36:32.406  3979  4180 D ConnectivityService: Network NetworkAgentInfo [WIFI () - 502] was already satisfying request 140. No change.
09-02 17:36:32.406  3979  4153 D WIFI    : got request NetworkRequest [ TRACK_DEFAULT id=1136, [ Capabilities: INTERNET&NOT_RESTRICTED&TRUSTED&NOT_VPN] ] with score 60
09-02 17:36:32.406  4633  4633 D PhoneSwitcherNetworkRequstListener:   my score=101, my filter=[ Transports: CELLULAR Capabilities: MMS&SUPL&DUN&FOTA&IMS&CBS&IA&RCS&XCAP&EIMS&INTERNET&NOT_RESTRICTED&TRUSTED&NOT_VPN&ENT1 Specifier: <android.net.MatchAllNetworkSpecifier@0>]
09-02 17:36:32.407  4633  4633 D PhoneSwitcherNetworkRequstListener: evalRequest
09-02 17:36:32.407  4633  4633 D PhoneSwitcherNetworkRequstListener:   needNetworkFor
09-02 17:36:32.407  3979  4153 D WIFI    :   my score=60, my filter=[ Transports: WIFI Capabilities: NOT_METERED&INTERNET&NOT_RESTRICTED&TRUSTED&NOT_VPN LinkUpBandwidth>=1048576Kbps LinkDnBandwidth>=1048576Kbps]
09-02 17:36:32.407  3979  4153 D WIFI    : evalRequest
09-02 17:36:32.407  3979  4180 D ConnectivityService: sending notification AVAILABLE for NetworkRequest [ TRACK_DEFAULT id=1136, [ Capabilities: INTERNET&NOT_RESTRICTED&TRUSTED&NOT_VPN] ]
09-02 17:36:32.407  3979  4153 D WIFI    :   needNetworkFor
09-02 17:36:32.407  3979  4153 D WIFI_UT : got request NetworkRequest [ TRACK_DEFAULT id=1136, [ Capabilities: INTERNET&NOT_RESTRICTED&TRUSTED&NOT_VPN] ] with score 60
09-02 17:36:32.407  3979  4153 D WIFI_UT :   my score=2147483647, my filter=[ Transports: WIFI Capabilities: NOT_METERED&INTERNET&NOT_RESTRICTED&TRUSTED&NOT_VPN LinkUpBandwidth>=1048576Kbps LinkDnBandwidth>=1048576Kbps]
09-02 17:36:32.407  3979  4153 D WIFI_UT : evalRequest
09-02 17:36:32.407  3979  4180 D ConnectivityService: sending notification CAP_CHANGED for NetworkRequest [ TRACK_DEFAULT id=1136, [ Capabilities: INTERNET&NOT_RESTRICTED&TRUSTED&NOT_VPN] ]
09-02 17:36:32.407  3979  4153 D WIFI_UT :   needNetworkFor
09-02 17:36:32.407  3979  4180 D ConnectivityService: sending notification IP_CHANGED for NetworkRequest [ TRACK_DEFAULT id=1136, [ Capabilities: INTERNET&NOT_RESTRICTED&TRUSTED&NOT_VPN] ]
09-02 17:36:32.407  3979  4046 D ViewRootImpl@1e17854[firefox]: dispatchAttachedToWindow
09-02 17:36:32.408  3979  4046 V WindowManager: Relayout Window{4a203fd u0 Splash Screen org.mozilla.firefox}: viewVisibility=0 req=719x1237 WM.LayoutParams{(0,0)(fillxfill) sim=#20 ty=3 fl=#81830118 pfl=0x20011 fmt=-3 wanim=0x10302ea vsysui=0x600 needsMenuKey=2 colorMode=0 naviIconColor=0}
09-02 17:36:32.409 10559 10559 I ServiceChildProcess: onCreate
09-02 17:36:32.411  3979 10236 D ConnectivityService: filterNetworkStateForUid() uid: 10154 networkInfo: [type: WIFI[] - WIFI, state: CONNECTED/CONNECTED, reason: (unspecified), extra: "WiFi 69", failover: false, available: true, roaming: false, metered: false]
09-02 17:36:32.413  3462  3462 I SurfaceFlinger: id=3531 createSurf (720x1280),1 flag=4, Splash Screen org.mozilla.firefox#0
09-02 17:36:32.413 10559 10587 I GeckoThread: preparing to run Gecko
09-02 17:36:32.413  3979 10236 D ConnectivityService: filterNetworkStateForUid() uid: 10154 networkInfo: [type: WIFI[] - WIFI, state: CONNECTED/CONNECTED, reason: (unspecified), extra: "WiFi 69", failover: false, available: true, roaming: false, metered: false]
09-02 17:36:32.415  3979  4046 V Surface : sf_framedrop debug : 0x4f4c, game : false, logging : 0
09-02 17:36:32.418  3979  4046 D ViewRootImpl@1e17854[firefox]: Relayout returned: old=[0,0][0,0] new=[0,0][720,1280] result=0x7 surface={valid=true 535185920000} changed=true
09-02 17:36:32.439  3979  4046 V WindowManager: finishDrawingLocked: mDrawState=COMMIT_DRAW_PENDING Window{4a203fd u0 Splash Screen org.mozilla.firefox} in Surface(name=Splash Screen org.mozilla.firefox)
09-02 17:36:32.476 10482 10487 I zygote64: Do partial code cache collection, code=112KB, data=75KB
09-02 17:36:32.476 10482 10487 I zygote64: After code cache collection, code=112KB, data=75KB
09-02 17:36:32.476 10482 10487 I zygote64: Increasing code cache capacity to 512KB
09-02 17:36:32.487  3979 10236 D ActivityManager: isScaleDownAnimationEnabled() : false
09-02 17:36:32.490  3979 10236 D PersonaManagerService: Current focused persona service handled id set to : 0
09-02 17:36:32.490  3979 10236 D InputDispatcher: Focused application set to: xxxx
09-02 17:36:32.493  3979  4238 D GameManagerService: handleForegroundChange(). pkgName: org.mozilla.firefox, clsName: org.mozilla.fenix.HomeActivity,FgActivityName:org.mozilla.firefox/org.mozilla.fenix.HomeActivity
09-02 17:36:32.493  3979  4238 D GameManagerService:   handleForegroundChange(). same package. game has never resumed yet. ignore
09-02 17:36:32.494  3979 10236 D MARsPolicyManager: onPackageResumedFG pkgName = org.mozilla.firefox, userId = 0
09-02 17:36:32.509  3462  3462 V Surface : sf_framedrop debug : 0x4f4c, game : false, logging : 0
09-02 17:36:32.512 10438 10454 D OpenGLRenderer: eglDestroySurface = 0x7cc1baee80
09-02 17:36:32.519  3979 10236 D TaskSnapshotCache: putSnapshot mTaskId=1011 RunningCache size=4
09-02 17:36:32.525  3979  8178 V WindowManager: Relayout Window{77f32d6 u0 com.example.batterymanager_utility/com.example.batterymanager_utility.MainActivity}: viewVisibility=8 req=720x1280 WM.LayoutParams{(0,0)(fillxfill) sim=#120 ty=1 fl=#81810100 pfl=0x20000 wanim=0x10302fd vsysui=0x600 needsMenuKey=2 colorMode=0 naviIconColor=0}
09-02 17:36:32.533 10438 10438 D ViewRootImpl@110cd72[MainActivity]: Relayout returned: old=[0,0][720,1280] new=[0,0][720,1280] result=0x5 surface={valid=false 0} changed=true
09-02 17:36:32.544  3462  3462 I SurfaceFlinger: Display 0 HWC layers:
09-02 17:36:32.544  3462  3462 I SurfaceFlinger:     type    |    handle    | flag |  format   |   source crop (l,t,r,b)    |         frame       | name 
09-02 17:36:32.544  3462  3462 I SurfaceFlinger: ------------+--------------+------+-----------+----------------------------+---------------------+------
09-02 17:36:32.544  3462  3462 I SurfaceFlinger:      Client |              | 0000 |  Unknown  |  -0.2   -0.2   -0.8   -0.8 |    0    0  720 1280 | animation background stackId=1#0
09-02 17:36:32.544  3462  3462 I SurfaceFlinger:      Client | 0x7abe64c880 | 0002 | RGBA_8888 |   0.0    0.0  720.0 1280.0 |    0    0  720 1279 | com.example.batterymanager_utility/c[...]atterymanager_utility.MainActivity#0
09-02 17:36:32.544  3462  3462 I SurfaceFlinger:      Device | 0x7ac4c24d80 | 0000 | RGBA_8888 |   0.0    0.0  720.0   42.0 |    0    0  720   42 | StatusBar#0
09-02 17:36:32.544  3462  3462 I SurfaceFlinger: 
09-02 17:36:32.573 10482 10511 W ResourceType: Too many attribute references, stopped at: 0x01010099
09-02 17:36:32.576  3979  3996 D WindowManager: set systemUiVisibility : systemUiFlags= 0x608 fullscreenStackSysUiFlags= 0x0
09-02 17:36:32.584  4349  4368 D SystemServicesProxy: updateOverviewLastStackActiveTimeAsync: newTime=1693559943942
09-02 17:36:32.588 10482 10549 W logins::schema: user_version: 2
09-02 17:36:32.626  3979 10236 D SecContentProvider: query(), uri = 17 selection = isSettingsChangesAllowed
09-02 17:36:32.627  3979 10236 D SecContentProvider: called from android.uid.systemui:10009
09-02 17:36:32.628  4349  4561 D SystemServicesProxy: updateOverviewLastStackActiveTimeAsync: done.
09-02 17:36:32.628  3979  5983 D StorageManagerService: getExternalStorageMountMode : 1
09-02 17:36:32.629  3979  5983 D StorageManagerService: getExternalStorageMountMode : 3
09-02 17:36:32.629  3979  5983 D StorageManagerService: getExternalStorageMountMode : final mountMode=1, uid : 10154, packageName : org.mozilla.firefox
09-02 17:36:32.630  3979  5983 I ApplicationPolicy: isApplicationExternalStorageWhitelisted:org.mozilla.firefox user:0
09-02 17:36:32.630  3979  5983 D ApplicationPolicy: isApplicationExternalStorageWhitelisted: DO is not enabled on user 0. Allowed.
09-02 17:36:32.630  3979  5983 D ActivityManager: package  org.mozilla.firefox, user - 0 is SDcard whitelisted
09-02 17:36:32.630  3979  5983 I ApplicationPolicy: isApplicationExternalStorageBlacklisted:org.mozilla.firefox user:0
09-02 17:36:32.630  3979  5983 D ApplicationPolicy: isApplicationExternalStorageBlacklisted: DO is not enabled on user 0. Allowed.
09-02 17:36:32.641  3979  5983 I ActivityManager: Start proc 10626:org.mozilla.firefox:gpu/u0a154 for service org.mozilla.firefox/org.mozilla.gecko.process.GeckoChildProcessServices$gpu
09-02 17:36:32.642 10626 10626 E Zygote  : isWhitelistProcess - Process is Whitelisted
09-02 17:36:32.643 10626 10626 E libpersona: scanKnoxPersonas
09-02 17:36:32.643 10626 10626 E libpersona: Couldn't open the File - /data/system/users/0/personalist.xml - No such file or directory
09-02 17:36:32.646 10626 10626 W SELinux : SELinux selinux_android_compute_policy_index : Policy Index[2],  Con:u:r:zygote:s0 RAM:SEPF_SM-J720F_8.0.0_0017, [-1 -1 -1 -1 0 1]
09-02 17:36:32.647 10626 10626 I SELinux : SELinux: seapp_context_lookup: seinfo=untrusted, level=s0:c512,c768, pkgname=org.mozilla.firefox:gpu 
09-02 17:36:32.664 10626 10626 D TimaKeyStoreProvider: TimaKeyStore is not enabled: cannot add TimaSignature Service and generateKeyPair Service
09-02 17:36:32.664 10626 10626 D ActivityThread: Added TimaKeyStore provider
09-02 17:36:32.689  3614  3927 D DnsProxyListener: DNSDBG::dns addrinfo af 2
09-02 17:36:32.690  3614  3927 D DnsProxyListener: DNSDBG::dns addrinfo af 2
09-02 17:36:32.693  3979  4670 I ActivityManager: DSS on for org.mozilla.firefox and scale is 1.0
09-02 17:36:32.696 10482 10540 W ActivityThread: ClassLoader.getResources: The class loader returned by Thread.getContextClassLoader() may fail for processes that host multiple applications. You should explicitly specify a context class loader. For example: Thread.setContextClassLoader(getClass().getClassLoader());
09-02 17:36:32.749  3462  3462 I SurfaceFlinger: Display 0 HWC layers:
09-02 17:36:32.749  3462  3462 I SurfaceFlinger:     type    |    handle    | flag |  format   |   source crop (l,t,r,b)    |         frame       | name 
09-02 17:36:32.749  3462  3462 I SurfaceFlinger: ------------+--------------+------+-----------+----------------------------+---------------------+------
09-02 17:36:32.749  3462  3462 I SurfaceFlinger:      Client |              | 0000 |  Unknown  |  -0.2   -0.2   -0.8   -0.8 |    0    0  720 1280 | animation background stackId=1#0
09-02 17:36:32.749  3462  3462 I SurfaceFlinger:      Client | 0x7abe64c880 | 0002 | RGBA_8888 |   0.0    0.0  720.0 1279.0 |   16   29  703 1250 | com.example.batterymanager_utility/c[...]atterymanager_utility.MainActivity#0
09-02 17:36:32.749  3462  3462 I SurfaceFlinger:      Device | 0x7abe64c940 | 0000 | RGBA_8888 |   0.0    0.0  720.0 1024.0 |   16  303  703 1280 | Splash Screen org.mozilla.firefox#0
09-02 17:36:32.749  3462  3462 I SurfaceFlinger:      Device | 0x7ac4c24240 | 0000 | RGBA_8888 |   0.0    0.0  720.0   42.0 |    0    0  720   42 | StatusBar#0
09-02 17:36:32.749  3462  3462 I SurfaceFlinger: 
09-02 17:36:32.810  3979  4670 W ActivityManager: Slow operation: 118ms so far, now at attachApplicationLocked: after mServices.attachApplicationLocked
09-02 17:36:32.812 10482 10545 I zygote64: Deoptimizing java.lang.Object androidx.collection.SimpleArrayMap.put(java.lang.Object, java.lang.Object) due to JIT inline cache
09-02 17:36:32.823 10626 10626 I zygote64: no shared libraies, dex_files: 1
09-02 17:36:32.948  3979  5976 D ConnectivityService: filterNetworkStateForUid() uid: 10102 networkInfo: [type: WIFI[] - WIFI, state: CONNECTED/CONNECTED, reason: (unspecified), extra: "WiFi 69", failover: false, available: true, roaming: false, metered: false]
09-02 17:36:32.950  7881  7881 W fb4a.MobileConfigFactoryImpl: SESSIONLESS factory used for 2 param
09-02 17:36:32.951  7881  7881 E fb4a.Execution: Redirecting MSYS Execution scheduling from the UI thread to a custom executor
09-02 17:36:32.952  3614  3927 D DnsProxyListener: DNSDBG::dns addrinfo af 2
09-02 17:36:32.967 10482 10482 I NavController: Ignoring popBackStack to destination org.mozilla.firefox:id/browserFragment as it was not found on the current back stack
09-02 17:36:32.968 10482 10482 I NavController: Ignoring popBackStack to destination org.mozilla.firefox:id/homeFragment as it was not found on the current back stack
09-02 17:36:33.009  3979  4046 I WindowManager: Destroying surface Surface(name=com.example.batterymanager_utility/com.example.batterymanager_utility.MainActivity) called by com.android.server.wm.WindowStateAnimator.destroySurface:2501 com.android.server.wm.WindowStateAnimator.destroySurfaceLocked:985 com.android.server.wm.WindowState.destroyOrSaveSurfaceUnchecked:3671 com.android.server.wm.WindowState.destroySurface:3619 com.android.server.wm.AppWindowToken.destroySurfaces:722 com.android.server.wm.AppWindowToken.destroySurfaces:706 com.android.server.wm.WindowState.onExitAnimationDone:5333 com.android.server.wm.WindowStateAnimator.stepAnimationLocked:550 
09-02 17:36:33.010  3462  4748 I SurfaceFlinger: id=3530 Removed com.example.batterymanager_utility/com.example.batterymanager_utility.MainActivity#0 (2/5)
09-02 17:36:33.015  4349  4368 D SystemServicesProxy: updateOverviewLastStackActiveTimeAsync: newTime=1693559943942
09-02 17:36:33.017  3979 10236 D SecContentProvider: query(), uri = 17 selection = isSettingsChangesAllowed
09-02 17:36:33.017  3979 10236 D SecContentProvider: called from android.uid.systemui:10009
09-02 17:36:33.018 10482 10482 I ContileTopSitesUpdater: Started periodic work to update Contile top sites
09-02 17:36:33.018  4349  4561 D SystemServicesProxy: updateOverviewLastStackActiveTimeAsync: done.
09-02 17:36:33.024  3462  3462 I Layer   : id=3530 onRemoved com.example.batterymanager_utility/com.example.batterymanager_utility.MainActivity#0 
09-02 17:36:33.028 10626 10626 I ServiceChildProcess: onCreate
09-02 17:36:33.029  3462  3462 I SurfaceFlinger: Display 0 HWC layers:
09-02 17:36:33.029  3462  3462 I SurfaceFlinger:     type    |    handle    | flag |  format   |   source crop (l,t,r,b)    |         frame       | name 
09-02 17:36:33.029  3462  3462 I SurfaceFlinger: ------------+--------------+------+-----------+----------------------------+---------------------+------
09-02 17:36:33.029  3462  3462 I SurfaceFlinger:      Client |              | 0000 |  Unknown  |  -0.2   -0.2   -0.8   -0.8 |    0    0  720 1280 | animation background stackId=1#0
09-02 17:36:33.029  3462  3462 I SurfaceFlinger:      Device | 0x7abe64c940 | 0000 | RGBA_8888 |   0.0    0.0  720.0 1280.0 |    0    0  720 1280 | Splash Screen org.mozilla.firefox#0
09-02 17:36:33.029  3462  3462 I SurfaceFlinger:      Device | 0x7ac4c24d80 | 0000 | RGBA_8888 |   0.0    0.0  720.0   42.0 |    0    0  720   42 | StatusBar#0
09-02 17:36:33.029  3462  3462 I SurfaceFlinger: 
09-02 17:36:33.030 10626 10662 I GeckoThread: preparing to run Gecko
09-02 17:36:33.037  3979  4323 I OpenGLRenderer: Initialized EGL, version 1.4
09-02 17:36:33.037  3979  4323 D OpenGLRenderer: Swap behavior 2
09-02 17:36:33.044  3462  3462 I SurfaceFlinger: Display 0 HWC layers:
09-02 17:36:33.044  3462  3462 I SurfaceFlinger:     type    |    handle    | flag |  format   |   source crop (l,t,r,b)    |         frame       | name 
09-02 17:36:33.044  3462  3462 I SurfaceFlinger: ------------+--------------+------+-----------+----------------------------+---------------------+------
09-02 17:36:33.044  3462  3462 I SurfaceFlinger:      Device | 0x7abe64c940 | 0000 | RGBA_8888 |   0.0    0.0  720.0 1280.0 |    0    0  720 1280 | Splash Screen org.mozilla.firefox#0
09-02 17:36:33.044  3462  3462 I SurfaceFlinger:      Device | 0x7ac4c24d80 | 0000 | RGBA_8888 |   0.0    0.0  720.0   42.0 |    0    0  720   42 | StatusBar#0
09-02 17:36:33.044  3462  3462 I SurfaceFlinger: 
09-02 17:36:33.099 10482 10487 I zygote64: Do full code cache collection, code=252KB, data=151KB
09-02 17:36:33.100 10482 10487 I zygote64: After code cache collection, code=231KB, data=127KB
09-02 17:36:33.100  7881  9732 D omnistore_android_logger: DebouncingRateLimiter attempting event SyncProtocol::onConnectionEstablished
09-02 17:36:33.100  7881  9732 D omnistore_android_logger: AlarmManager::startAlarmTimer for key=SyncProtocol::onConnectionEstablished, it will NOT wake up main thread to reschedule
09-02 17:36:33.100  7881  9732 W omnistore_android_logger: Event SyncProtocol::onConnectionEstablished rate limited for 8718 ms
09-02 17:36:33.101  7881  7881 W fb4a.MobileConfigFactoryImpl: SESSIONLESS factory used for 2 param
09-02 17:36:33.102  7881  7881 E fb4a.Execution: Redirecting MSYS Execution scheduling from the UI thread to a custom executor
09-02 17:36:33.138  7881  4231 E fb4a.msys: E[N MQTT]readEOF(124)=>TCPStreamTransport readEOF
09-02 17:36:33.138  7881  4231 E fb4a.msys: E[N MQTT]onEOF(699)=>LigerBasedStreamTransport onEOF
09-02 17:36:33.139  7881 10396 E fb4a.FBMsysMqttClientCallbacks: onPublish, onFailure, msgId = 3704, error = 2003
09-02 17:36:33.141  7881 10396 E fb4a.FBMsysMqttClientCallbacks: onPublish, onFailure, msgId = 3703, error = 2003
09-02 17:36:33.143  7881 10396 E fb4a.FBMsysMqttClientCallbacks: onPublish, onFailure, msgId = 3702, error = 2003
09-02 17:36:33.143  7881 10396 E fb4a.FBMsysMqttClientCallbacks: onPublish, onFailure, msgId = 3701, error = 2003
09-02 17:36:33.144  7881 10396 E fb4a.FBMsysMqttClientCallbacks: onPublish, onFailure, msgId = 3700, error = 2003
09-02 17:36:33.144  7881  4225 E fb4a.msys: E[N rtchannel]_rt_mqtt_publish_callback(430)=>Failed to publish the request over MQTT (possible duplicate log). token:57c6d583-bed6-41f4-bcf1-ebf88826bd52, category:mcd-sync-data-task-category, requestId:47706, error:Error Domain=mqtt Code=2003 UserInfo=0xc7b4cb00 {MCFErrorDirectLocalizedFailureReasonKey=2003, MCFErrorDirectDescriptionKey=2003}
09-02 17:36:33.144  3979  5976 D ConnectivityService: filterNetworkStateForUid() uid: 10102 networkInfo: [type: WIFI[] - WIFI, state: CONNECTED/CONNECTED, reason: (unspecified), extra: "WiFi 69", failover: false, available: true, roaming: false, metered: false]
09-02 17:36:33.146  7881  7881 W fb4a.MobileConfigFactoryImpl: SESSIONLESS factory used for 2 param
09-02 17:36:33.147  7881  7881 E fb4a.Execution: Redirecting MSYS Execution scheduling from the UI thread to a custom executor
09-02 17:36:33.148 10482 10487 I zygote64: Do partial code cache collection, code=235KB, data=133KB
09-02 17:36:33.150  7881  4225 E fb4a.msys: E[N rtchannel]_rt_mqtt_publish_callback(430)=>Failed to publish the request over MQTT (possible duplicate log). token:dfa45992-5a9e-4d1e-ae52-96e8693078f4, category:mcd-sync-data-task-category, requestId:18306, error:Error Domain=mqtt Code=2003 UserInfo=0xbd246a00 {MCFErrorDirectLocalizedFailureReasonKey=2003, MCFErrorDirectDescriptionKey=2003}
09-02 17:36:33.150 10482 10487 I zygote64: After code cache collection, code=235KB, data=133KB
09-02 17:36:33.150 10482 10487 I zygote64: Increasing code cache capacity to 1024KB
09-02 17:36:33.162  7881  4229 E fb4a.msys: E[S sync]_createResponseError(195)=>Network Response 57c6d583-bed6-41f4-bcf1-ebf88826bd52 contains sync error Error Domain=mqtt Code=2003 UserInfo=0xc7b4cb00 {MCFErrorDirectLocalizedFailureReasonKey=2003, MCFErrorDirectDescriptionKey=2003} - Underlying error (null): Error Domain=mqtt Code=2003 UserInfo=0xc7b4cb00 {MCFErrorDirectLocalizedFailureReasonKey=2003, MCFErrorDirectDescriptionKey=2003}
09-02 17:36:33.169  7881  4229 E fb4a.msys: E[S sync]_createResponseError(195)=>Network Response dfa45992-5a9e-4d1e-ae52-96e8693078f4 contains sync error Error Domain=mqtt Code=2003 UserInfo=0xbd246a00 {MCFErrorDirectLocalizedFailureReasonKey=2003, MCFErrorDirectDescriptionKey=2003} - Underlying error (null): Error Domain=mqtt Code=2003 UserInfo=0xbd246a00 {MCFErrorDirectLocalizedFailureReasonKey=2003, MCFErrorDirectDescriptionKey=2003}
09-02 17:36:33.179 10482 10482 W GeckoViewActivityContextDelegate: A non-activity context was set.
09-02 17:36:33.183  7881  4225 E fb4a.msys: E[N data-request]_HandleDataResponse(1782)=>Data request error for task 77e2943f-b4e4-4e45-9061-68736b5c017f (response type 1): (null)
09-02 17:36:33.184  7881  4229 E fb4a.msys: E[S sync]_createResponseError(195)=>Network Response 77e2943f-b4e4-4e45-9061-68736b5c017f contains sync error Error Domain=com.facebook.http.error Code=401 UserInfo=0xc81eca00 {MCFErrorDirectLocalizedDescriptionKey=Client error} - Underlying error (null): Error Domain=com.facebook.http.error Code=401 UserInfo=0xc81eca00 {MCFErrorDirectLocalizedDescriptionKey=Client error}
09-02 17:36:33.186  7881  8776 E fb4a.T157805820: TigonMhrLogger::logRequestIfNeeded
09-02 17:36:33.186  7881  8776 E fb4a.T157805820: TigonWifiInfoLogger::init
09-02 17:36:33.186  7881  8776 E fb4a.T157805820: TigonMhrFbcLogger::logRequestIfNeeded
09-02 17:36:33.186  7881  8776 E fb4a.T157805820: TigonCellTowerInfoLogger::logRequestIfNeeded
09-02 17:36:33.186  7881  8776 E fb4a.T157805820: TigonCertificateVerificationLogger::logRequestIfNeeded
09-02 17:36:33.186  7881  8776 E fb4a.T157805820: TigonTransientAnalysisLogger::logRequestIfNeeded
09-02 17:36:33.186  7881  8776 E fb4a.T157805820: TigonProviderConnectionDeviceInfoLogger::logRequestIfNeeded
09-02 17:36:33.186  7881  8776 E fb4a.T157805820: TigonCellTowerInfoPapayaLogger::logRequestIfNeeded
09-02 17:36:33.186  7881  8776 E fb4a.T157805820: NetworkUtilisationLogger::logRequestIfNeeded
09-02 17:36:33.193 10482 10510 I libglean_ffi: glean_core::ping: Collecting baseline
09-02 17:36:33.199 10482 10510 I libglean_ffi: glean_core::upload::directory: Processing ping at: /data/user/0/org.mozilla.firefox/glean_data/pending_pings/776e8c46-c2fd-45b0-a3dc-1c8ef37ce899
09-02 17:36:33.200 10482 10510 I libglean_ffi: glean_core::metrics::ping: The ping 'baseline' was submitted and will be sent as soon as possible
09-02 17:36:33.204  7881  8242 E fb4a.T157805820: TigonMhrLogger::logRequestIfNeeded
09-02 17:36:33.204  7881  8242 E fb4a.T157805820: TigonWifiInfoLogger::init
09-02 17:36:33.204  7881  8242 E fb4a.T157805820: TigonMhrFbcLogger::logRequestIfNeeded
09-02 17:36:33.205  7881  8242 E fb4a.T157805820: TigonCellTowerInfoLogger::logRequestIfNeeded
09-02 17:36:33.205  7881  8242 E fb4a.T157805820: TigonCertificateVerificationLogger::logRequestIfNeeded
09-02 17:36:33.205  7881  8242 E fb4a.T157805820: TigonTransientAnalysisLogger::logRequestIfNeeded
09-02 17:36:33.205  7881  8242 E fb4a.T157805820: TigonProviderConnectionDeviceInfoLogger::logRequestIfNeeded
09-02 17:36:33.208  3614  3927 D DnsProxyListener: DNSDBG::dns addrinfo af 2
09-02 17:36:33.210  3979  5983 D ConnectivityService: filterNetworkStateForUid() uid: 10154 networkInfo: [type: WIFI[] - WIFI, state: CONNECTED/CONNECTED, reason: (unspecified), extra: "WiFi 69", failover: false, available: true, roaming: false, metered: false]
09-02 17:36:33.211  3979  5983 I chatty  : uid=1000(system) Binder:3979_17 identical 1 line
09-02 17:36:33.213  3979  5983 D ConnectivityService: filterNetworkStateForUid() uid: 10154 networkInfo: [type: WIFI[] - WIFI, state: CONNECTED/CONNECTED, reason: (unspecified), extra: "WiFi 69", failover: false, available: true, roaming: false, metered: false]
09-02 17:36:33.220 10482 10540 I zygote64: Deoptimizing void kotlin.sequences.SequencesKt___SequencesKt.toCollection(kotlin.sequences.Sequence, java.util.AbstractCollection) due to JIT inline cache
09-02 17:36:33.220  3449  3449 I android.hardware.wifi@1.0-service: getLinkLayerStats
09-02 17:36:33.228  7881  8242 E fb4a.T157805820: TigonCellTowerInfoPapayaLogger::logRequestIfNeeded
09-02 17:36:33.229  7881  8242 E fb4a.T157805820: NetworkUtilisationLogger::logRequestIfNeeded
09-02 17:36:33.235 10482 10542 I StartupTypeTelemetry: Recorded start up: cold_view
09-02 17:36:33.241 10482 10482 I BgSyncManager: Periodic syncing enabled: PeriodicSyncConfig(periodMinutes=240, initialDelayMinutes=5)
09-02 17:36:33.241 10482 10482 I FirefoxAccountStateMachine: Sync is enabled
09-02 17:36:33.250  7881  4225 E fb4a.msys: E[N data-request]_HandleDataResponse(1782)=>Data request error for task 6703e67c-a416-4195-b4cd-2fa8914b27ff (response type 1): (null)
09-02 17:36:33.251  7881  4229 E fb4a.msys: E[S task_queue_handling]MCDLightSpeedTaskExecutorNetworkCompletionCallback(1017)=>Handling send error for taskId=6 batchSize=1 queue=secure_message_over_wa_generate_cat
09-02 17:36:33.251  7881  4229 E fb4a.msys: E[S task_queue_handling]MCDLightSpeedTaskExecutorNetworkCompletionCallback(1071)=>Error content with 18 bytes: Error Domain=com.facebook.http.error Code=401 UserInfo=0xbbbbea00 {MCFErrorDirectLocalizedDescriptionKey=Client error}
09-02 17:36:33.251  7881  9732 E fb4a.T157805820: TigonMhrLogger::logRequestIfNeeded
09-02 17:36:33.252  7881  9732 E fb4a.T157805820: TigonWifiInfoLogger::init
09-02 17:36:33.252  7881  9732 E fb4a.T157805820: TigonMhrFbcLogger::logRequestIfNeeded
09-02 17:36:33.252  7881  9732 E fb4a.T157805820: TigonCellTowerInfoLogger::logRequestIfNeeded
09-02 17:36:33.252  7881  9732 E fb4a.T157805820: TigonCertificateVerificationLogger::logRequestIfNeeded
09-02 17:36:33.252  7881  9732 E fb4a.T157805820: TigonTransientAnalysisLogger::logRequestIfNeeded
09-02 17:36:33.252  7881  9732 E fb4a.T157805820: TigonProviderConnectionDeviceInfoLogger::logRequestIfNeeded
09-02 17:36:33.252  7881  9732 E fb4a.T157805820: TigonCellTowerInfoPapayaLogger::logRequestIfNeeded
09-02 17:36:33.252  7881  9732 E fb4a.T157805820: NetworkUtilisationLogger::logRequestIfNeeded
09-02 17:36:33.259  7881 10419 E fb4a.T157805820: TigonMhrLogger::logRequestIfNeeded
09-02 17:36:33.259  7881 10419 E fb4a.T157805820: TigonWifiInfoLogger::init
09-02 17:36:33.259  7881  4225 E fb4a.msys: E[N data-request]_HandleDataResponse(1782)=>Data request error for task 1eb011c6-4c42-44f8-be34-a6ff7c7acb18 (response type 1): (null)
09-02 17:36:33.259  7881 10419 E fb4a.T157805820: TigonMhrFbcLogger::logRequestIfNeeded
09-02 17:36:33.260  7881 10419 E fb4a.T157805820: TigonCellTowerInfoLogger::logRequestIfNeeded
09-02 17:36:33.260  7881 10419 E fb4a.T157805820: TigonCertificateVerificationLogger::logRequestIfNeeded
09-02 17:36:33.260  7881 10419 E fb4a.T157805820: TigonTransientAnalysisLogger::logRequestIfNeeded
09-02 17:36:33.260  7881 10419 E fb4a.T157805820: TigonProviderConnectionDeviceInfoLogger::logRequestIfNeeded
