09-02 18:41:11.782  6088  6088 I zygote  : Failed to open app image /data/app/com.android.chrome-soetEorOVr6imPkWiOhOmA==/oat/arm/base.art Oat checksum 0x51daa4d does not match the image one 0xb7efa09c in image /data/app/com.android.chrome-soetEorOVr6imPkWiOhOmA==/oat/arm/base.art
09-02 18:41:11.783  3979 10236 D ConnectivityService: filterNetworkStateForUid() uid: 10096 networkInfo: [type: WIFI[] - WIFI, state: CONNECTED/CONNECTED, reason: (unspecified), extra: "WiFi 69", failover: false, available: true, roaming: false, metered: false]
09-02 18:41:11.802  6088  6088 I cr_SplitCompatApp: Launched version=107.0.5304.91 minSdkVersion=24 isBundle=true processName=com.android.chrome:privileged_process0 isIsolated=false
09-02 18:41:11.829  6088  6088 I cr_ChildProcessService: Creating new ChildProcessService pid=6088
09-02 18:41:11.836  3979  6264 D PackageManager: setEnabledSetting : userId = 0 packageName = com.android.chrome cmp = org.chromium.chrome.browser.quickactionsearchwidget.QuickActionSearchWidgetProvider$QuickActionSearchWidgetProviderSearch newState = 1 callingPackage = 10096/com.android.chrome
09-02 18:41:11.843  3979  6264 D PackageManager: setEnabledSetting : userId = 0 packageName = com.android.chrome cmp = org.chromium.chrome.browser.quickactionsearchwidget.QuickActionSearchWidgetProvider$QuickActionSearchWidgetProviderDino newState = 1 callingPackage = 10096/com.android.chrome
09-02 18:41:11.861  3979  6844 D ConnectivityService: filterNetworkStateForUid() uid: 10096 networkInfo: [type: WIFI[] - WIFI, state: CONNECTED/CONNECTED, reason: (unspecified), extra: "WiFi 69", failover: false, available: true, roaming: false, metered: false]
09-02 18:41:11.862  7881  4245 D omnistore_android_logger: AlarmManager::mainLoop calling alarm callbacks. There are total 1 scheduled tasks, and about to trigger 1 tasks (first task is SyncProtocol::onConnectionEstablished), then sleep for 57263 ms
09-02 18:41:11.862  7881  4245 D omnistore_android_logger: Handling alarm for rate limited event SyncProtocol::onConnectionEstablished
09-02 18:41:11.862  7881  4245 D omnistore_android_logger: SyncProtocol calling onConnectionEstablished callbacks
09-02 18:41:11.862  7881  4245 D omnistore_android_logger: Removing all queue based subscriptions from rewire state
09-02 18:41:11.864  7881  4245 D omnistore_android_logger: SendQueue::onConnectionEstablished: sending 0 transaction(s)
09-02 18:41:11.865  7881  4260 D omnistore_android_logger: SubscriptionManager::onConnectionEstablished is called back
09-02 18:41:11.865  6002  6002 D ConnectivityManager: requestNetwork; CallingUid : 10096, CallingPid : 6002
09-02 18:41:11.866  3979  6844 D ConnectivityService: listenForNetwork for uid/pid:10096/6002 NetworkRequest [ LISTEN id=1234, [ Capabilities: INTERNET&NOT_RESTRICTED&TRUSTED&FOREGROUND] ]
09-02 18:41:11.867  3979  6844 D ConnectivityService: filterNetworkStateForUid() uid: 10096 networkInfo: [type: WIFI[] - WIFI, state: CONNECTED/CONNECTED, reason: (unspecified), extra: "WiFi 69", failover: false, available: true, roaming: false, metered: false]
09-02 18:41:11.868  3979  4180 D ConnectivityService: rematching NetworkAgentInfo [WIFI () - 502]
09-02 18:41:11.868  3979  4180 D ConnectivityService:  network has: [ Transports: WIFI Capabilities: NOT_METERED&INTERNET&NOT_RESTRICTED&TRUSTED&NOT_VPN&VALIDATED&FOREGROUND LinkUpBandwidth>=1048576Kbps LinkDnBandwidth>=1048576Kbps SignalStrength: -56]
09-02 18:41:11.868  3979  4180 D ConnectivityService: Network NetworkAgentInfo [WIFI () - 502] was already satisfying request 3. No change.
09-02 18:41:11.868  3979  4180 D ConnectivityService: Network NetworkAgentInfo [WIFI () - 502] was already satisfying request 1191. No change.
09-02 18:41:11.868  3979  4180 D ConnectivityService: Network NetworkAgentInfo [WIFI () - 502] was already satisfying request 1. No change.
09-02 18:41:11.868  3979  4180 D ConnectivityService: Network NetworkAgentInfo [WIFI () - 502] was already satisfying request 1087. No change.
09-02 18:41:11.868  3979  4180 D ConnectivityService: Network NetworkAgentInfo [WIFI () - 502] was already satisfying request 140. No change.
09-02 18:41:11.868  3979  4180 D ConnectivityService: sending notification AVAILABLE for NetworkRequest [ LISTEN id=1234, [ Capabilities: INTERNET&NOT_RESTRICTED&TRUSTED&FOREGROUND] ]
09-02 18:41:11.869  3979  4180 D ConnectivityService: sending notification CAP_CHANGED for NetworkRequest [ LISTEN id=1234, [ Capabilities: INTERNET&NOT_RESTRICTED&TRUSTED&FOREGROUND] ]
09-02 18:41:11.869  3979  4180 D ConnectivityService: sending notification IP_CHANGED for NetworkRequest [ LISTEN id=1234, [ Capabilities: INTERNET&NOT_RESTRICTED&TRUSTED&FOREGROUND] ]
09-02 18:41:11.881  3979  6844 D SecContentProvider: query(), uri = 2 selection = isAuditLogEnabled
09-02 18:41:11.882  3979  6844 D SecContentProvider: called from com.android.chrome
09-02 18:41:11.883  6088  6108 I cr_LibraryLoader: Successfully loaded native library
09-02 18:41:11.883  3979  6844 D SecContentProvider: query(), uri = 5 selection = getAutoFillSetting
09-02 18:41:11.883  3979  6844 D SecContentProvider: called from com.android.chrome
09-02 18:41:11.884  6088  6108 I cr_CachingUmaRecorder: Flushed 3 samples from 3 histograms.
09-02 18:41:11.884  7881  4245 D omnistore_android_logger: AlarmManager::clearAlarmTimer for key=SyncProtocol::onConnectionEstablished 
09-02 18:41:11.885  3979  6264 D SecContentProvider: query(), uri = 5 selection = getCookiesSetting
09-02 18:41:11.885  3979  6264 D SecContentProvider: called from com.android.chrome
09-02 18:41:11.886  3979  6264 D SecContentProvider: query(), uri = 5 selection = getHttpProxy
09-02 18:41:11.887  3979  6264 I chatty  : uid=1000(system) Binder:3979_18 identical 1 line
09-02 18:41:11.888  3979  6264 D SecContentProvider: query(), uri = 5 selection = getJavaScriptSetting
09-02 18:41:11.888  3979  6264 D SecContentProvider: called from com.android.chrome
09-02 18:41:11.889  3979 10236 D SecContentProvider: query(), uri = 5 selection = getPopupsSetting
09-02 18:41:11.890  7881  4260 I omnistore_android_logger: Client sent CreateSubscriptionRequest for queue: facebook_universal_prefs_v2:100087196392327
09-02 18:41:11.890  3979 10236 D SecContentProvider: called from com.android.chrome
09-02 18:41:11.891  6002  6002 I cr_CompositorSurfaceMgr: Transitioning to surface with format: -1
09-02 18:41:11.891  3979  6264 D SecContentProvider: query(), uri = 22 selection = isAuthenticationEnabled
09-02 18:41:11.892  3979  6264 D SecContentProvider: called from com.android.chrome
09-02 18:41:11.893  3462  3462 I SurfaceFlinger: id=3911 createSurf (720x1238),4 flag=404, SurfaceView - com.android.chrome/com.google.android.apps.chrome.Main@c3aba8a@0#0
09-02 18:41:11.894  3462  3462 I SurfaceFlinger: id=3912 createSurf (720x1238),-1 flag=20404, Background for - SurfaceView - com.android.chrome/com.google.android.apps.chrome.Main@c3aba8a@0#0
09-02 18:41:11.894  7881  4260 I omnistore_android_logger: Client sent connect message
09-02 18:41:11.895  6002  6002 D SurfaceView: BG show() Surface(name=Background for - SurfaceView - com.android.chrome/com.google.android.apps.chrome.Main@c3aba8a@0) android.view.SurfaceView{c3aba8a V.E...... ......ID 0,0-720,1238}
09-02 18:41:11.895  3979  6264 D SecContentProvider: query(), uri = 10 selection = getURLFilterList
09-02 18:41:11.895  6002  6002 V Surface : sf_framedrop debug : 0x4f4c, game : false, logging : 0
09-02 18:41:11.895  6002  6002 D SurfaceView: surfaceCreated 1 android.view.SurfaceView{c3aba8a V.E...... ......ID 0,0-720,1238}
09-02 18:41:11.895  6002  6002 I cr_CompositorSurfaceMgr: surfaceCreated format: 0
09-02 18:41:11.896  6002  6002 D SurfaceView: surfaceChanged (720,1238) 1 android.view.SurfaceView{c3aba8a V.E...... ......ID 0,0-720,1238}
09-02 18:41:11.897  3979  6264 D SecContentProvider: query(), uri = 10 selection = getURLFilterEnabled
09-02 18:41:11.899  3979  6264 I chatty  : uid=1000(system) Binder:3979_18 identical 2 lines
09-02 18:41:11.900  3979  6264 D SecContentProvider: query(), uri = 10 selection = getURLFilterReportEnabled
09-02 18:41:11.900  3979  6264 D SecContentProvider: called from com.android.chrome
09-02 18:41:11.904  3979  6844 D SecContentProvider: query(), uri = 2 selection = isAuditLogEnabled
09-02 18:41:11.905  3979  6844 D SecContentProvider: called from com.android.chrome
09-02 18:41:11.906  3979  6264 D SecContentProvider: query(), uri = 5 selection = getAutoFillSetting
09-02 18:41:11.907  3979  6264 D SecContentProvider: called from com.android.chrome
09-02 18:41:11.908  3979  6264 D SecContentProvider: query(), uri = 5 selection = getCookiesSetting
09-02 18:41:11.908  3979  6264 I chatty  : uid=1000(system) Binder:3979_18 identical 1 line
09-02 18:41:11.909  6002  6002 I cr_ChromeTabbedActivity: #initializeState
09-02 18:41:11.909  6002  6002 I cr_CipherFactory: #restoreFromBundle, no savedInstanceState.
09-02 18:41:11.909  6002  6002 I cr_tabmodel: #loadState, ignoreIncognitoFiles? true
09-02 18:41:11.909  3979  6264 D SecContentProvider: query(), uri = 5 selection = getHttpProxy
09-02 18:41:11.910  6002  6002 I cr_tabmodel: Tab metadata, skipIncognitoCount? false incognitoCount: 0 totalCount: 137
09-02 18:41:11.910  3979  6264 D SecContentProvider: called from com.android.chrome
09-02 18:41:11.910  6002  6002 I cr_tabmodel: #isIncognitoTabBeingRestored from tabState:  false
09-02 18:41:11.911  3979  6844 D SecContentProvider: query(), uri = 5 selection = getJavaScriptSetting
09-02 18:41:11.911  3979  6844 D SecContentProvider: called from com.android.chrome
09-02 18:41:11.912  3979  6844 D SecContentProvider: query(), uri = 5 selection = getPopupsSetting
09-02 18:41:11.913  3979  6844 D SecContentProvider: called from com.android.chrome
09-02 18:41:11.914  3979  6264 D SecContentProvider: query(), uri = 22 selection = isAuthenticationEnabled
09-02 18:41:11.915  3979  6264 D SecContentProvider: called from com.android.chrome
09-02 18:41:11.918  3979  6844 D SecContentProvider: query(), uri = 10 selection = getURLFilterList
09-02 18:41:11.918  3979  6844 D SecContentProvider: called from com.android.chrome
09-02 18:41:11.919  3979  6264 D SecContentProvider: query(), uri = 10 selection = getURLFilterEnabled
09-02 18:41:11.920  3979  6264 D SecContentProvider: called from com.android.chrome
09-02 18:41:11.921  3979  6264 D SecContentProvider: query(), uri = 10 selection = getURLFilterReportEnabled
09-02 18:41:11.921  3979  6264 D SecContentProvider: called from com.android.chrome
09-02 18:41:11.934  6002  6002 E ResourceType: Style contains key with bad entry: 0x0101062c
09-02 18:41:11.943 22051 22051 D BoundBrokerSvc: onBind: Intent { act=com.google.android.gms.languageprofile.service.START pkg=com.google.android.gms }
09-02 18:41:11.943 22051 22051 D BoundBrokerSvc: Loading bound service for intent: Intent { act=com.google.android.gms.languageprofile.service.START pkg=com.google.android.gms }
09-02 18:41:11.947  3979  6844 D ConnectivityService: filterNetworkStateForUid() uid: 10096 networkInfo: [type: WIFI[] - WIFI, state: CONNECTED/CONNECTED, reason: (unspecified), extra: "WiFi 69", failover: false, available: true, roaming: false, metered: false]
09-02 18:41:11.955  3979  6844 D SamsungAlarmManager: setInexact Intent (T:3/F:0/AC:false) 20330830T184111 - CU:10025/CP:22051
09-02 18:41:11.965  6088  6108 D libGLESv2: STS_GLApi : DTS, ODTC are not allowed for Package : com.android.chrome:privileged_process0
09-02 18:41:12.000  6039  6086 I cr_LibraryLoader: Successfully loaded native library
09-02 18:41:12.002  6039  6086 I cr_CachingUmaRecorder: Flushed 3 samples from 3 histograms.
09-02 18:41:12.021  3979  6844 D SamsungAlarmManager: setExact Intent (T:3/F:0/AC:false) 20230902T184113 - CU:10025/CP:10264
09-02 18:41:12.021  3979  6844 I SamsungAlarmManager: setLocked to kernel - T:3 / 20230902T184113, SetElapsed=118054450, nowELAPSED=118053453
09-02 18:41:12.023  3979  6264 D ConnectivityService: filterNetworkStateForUid() uid: 10025 networkInfo: [type: WIFI[] - WIFI, state: CONNECTED/CONNECTED, reason: (unspecified), extra: "WiFi 69", failover: false, available: true, roaming: false, metered: false]
09-02 18:41:12.024  3979  6264 I chatty  : uid=1000(system) Binder:3979_18 identical 1 line
09-02 18:41:12.025  3979  6264 D ConnectivityService: filterNetworkStateForUid() uid: 10025 networkInfo: [type: WIFI[] - WIFI, state: CONNECTED/CONNECTED, reason: (unspecified), extra: "WiFi 69", failover: false, available: true, roaming: false, metered: false]
09-02 18:41:12.027  3979  6844 D SamsungAlarmManager: Cancel Alarm calling from uid:10025 pid :10264 / op:PendingIntent{cceca01: PendingIntentRecord{9212591 com.google.android.gms broadcastIntent}}
09-02 18:41:12.033  6088  6108 V Surface : sf_framedrop debug : 0x4f4c, game : false, logging : 0
09-02 18:41:12.036  6088  6108 D mali_winsys: EGLint new_window_surface(egl_winsys_display *, void *, EGLSurface, EGLConfig, egl_winsys_surface **, egl_color_buffer_format *, EGLBoolean) returns 0x3000,  [720x1238]-format:1
09-02 18:41:12.046 10264 16954 I FontLog : Received query name=Google Sans&weight=700&besteffort=false, URI content://com.google.android.gms.fonts [CONTEXT service_id=132 ]
09-02 18:41:12.046 10264 16954 I FontLog : Query [name=Google Sans&weight=700&besteffort=false] resolved to {Google Sans, wdth 100.0, wght 700, ital 0.0, bestEffort false} [CONTEXT service_id=132 ]
09-02 18:41:12.049 10264 16954 I FontLog : Fetch {Google Sans, wdth 100.0, wght 700, ital 0.0, bestEffort false} end status Status{statusCode=SUCCESS, resolution=null} [CONTEXT service_id=132 ]
09-02 18:41:12.058 10264 16954 I FontLog : Pulling font file for id = 1878, cache size = 4 [CONTEXT service_id=132 ]
09-02 18:41:12.069 10264 16954 I FontLog : Received query name=Noto Color Emoji Compat&weight=400&besteffort=false, URI content://com.google.android.gms.fonts [CONTEXT service_id=132 ]
09-02 18:41:12.070 10264 16954 I FontLog : Query [name=Noto Color Emoji Compat&weight=400&besteffort=false] resolved to {Noto Color Emoji Compat, wdth 100.0, wght 400, ital 0.0, bestEffort false} [CONTEXT service_id=132 ]
09-02 18:41:12.072 10264 16954 I FontLog : Fetch {Noto Color Emoji Compat, wdth 100.0, wght 400, ital 0.0, bestEffort false} end status Status{statusCode=SUCCESS, resolution=null} [CONTEXT service_id=132 ]
09-02 18:41:12.076 10264 16954 I FontLog : Pulling font file for id = 1879, cache size = 5 [CONTEXT service_id=132 ]
09-02 18:41:12.083 10264 16954 I FontLog : Received query name=Google Sans&weight=400&besteffort=false, URI content://com.google.android.gms.fonts [CONTEXT service_id=132 ]
09-02 18:41:12.084 10264 16954 I FontLog : Query [name=Google Sans&weight=400&besteffort=false] resolved to {Google Sans, wdth 100.0, wght 400, ital 0.0, bestEffort false} [CONTEXT service_id=132 ]
09-02 18:41:12.085 10264 16954 I FontLog : Font PFD returned from cache for {Google Sans, wdth 100.0, wght 400, ital 0.0, bestEffort false} [CONTEXT service_id=132 ]
09-02 18:41:12.086 10264 16954 I FontLog : Fetch {Google Sans, wdth 100.0, wght 400, ital 0.0, bestEffort false} end status Status{statusCode=SUCCESS, resolution=null} [CONTEXT service_id=132 ]
09-02 18:41:12.091 10264  5538 W FontLog : Error updating last accessed time for {Google Sans, wdth 100.0, wght 400, ital 0.0, bestEffort false}. [CONTEXT service_id=132 ]
09-02 18:41:12.091 10264  5538 W FontLog : java.lang.IllegalStateException: attempt to re-open an already-closed object: SQLiteDatabase: /data/user/0/com.google.android.gms/databases/metadata.db
09-02 18:41:12.091 10264  5538 W FontLog : 	at android.database.sqlite.SQLiteClosable.acquireReference(SQLiteClosable.java:55)
09-02 18:41:12.091 10264  5538 W FontLog : 	at android.database.sqlite.SQLiteDatabase.executeSql(SQLiteDatabase.java:2094)
09-02 18:41:12.091 10264  5538 W FontLog : 	at android.database.sqlite.SQLiteDatabase.execSQL(SQLiteDatabase.java:2089)
09-02 18:41:12.091 10264  5538 W FontLog : 	at alfg.run(:com.google.android.gms@224312019@22.43.12 (040400-483592595):5)
09-02 18:41:12.091 10264  5538 W FontLog : 	at abce.c(:com.google.android.gms@224312019@22.43.12 (040400-483592595):6)
09-02 18:41:12.091 10264  5538 W FontLog : 	at abce.run(:com.google.android.gms@224312019@22.43.12 (040400-483592595):7)
09-02 18:41:12.091 10264  5538 W FontLog : 	at java.util.concurrent.ThreadPoolExecutor.runWorker(ThreadPoolExecutor.java:1162)
09-02 18:41:12.091 10264  5538 W FontLog : 	at java.util.concurrent.ThreadPoolExecutor$Worker.run(ThreadPoolExecutor.java:636)
09-02 18:41:12.091 10264  5538 W FontLog : 	at abhk.run(:com.google.android.gms@224312019@22.43.12 (040400-483592595):0)
09-02 18:41:12.091 10264  5538 W FontLog : 	at java.lang.Thread.run(Thread.java:764)
09-02 18:41:12.093 10264 16954 I FontLog : Pulling font file for id = 1880, cache size = 6 [CONTEXT service_id=132 ]
09-02 18:41:12.093  6002  6002 W ResourceType: Failure getting entry for 0x7f01032b (t=0 e=811) (error -75)
09-02 18:41:12.100 10264 16954 I FontLog : Received query name=Google Sans&weight=500&besteffort=false, URI content://com.google.android.gms.fonts [CONTEXT service_id=132 ]
09-02 18:41:12.100 10264 16954 I FontLog : Query [name=Google Sans&weight=500&besteffort=false] resolved to {Google Sans, wdth 100.0, wght 500, ital 0.0, bestEffort false} [CONTEXT service_id=132 ]
09-02 18:41:12.102 10264 16954 I FontLog : Font PFD returned from cache for {Google Sans, wdth 100.0, wght 500, ital 0.0, bestEffort false} [CONTEXT service_id=132 ]
09-02 18:41:12.103 10264 16954 I FontLog : Fetch {Google Sans, wdth 100.0, wght 500, ital 0.0, bestEffort false} end status Status{statusCode=SUCCESS, resolution=null} [CONTEXT service_id=132 ]
09-02 18:41:12.110 10264 16954 I FontLog : Pulling font file for id = 1881, cache size = 7 [CONTEXT service_id=132 ]
09-02 18:41:12.111  6002  6002 W ResourceType: Failure getting entry for 0x7f0107ae (t=0 e=1966) (error -75)
09-02 18:41:12.112  6002  6002 W ResourceType: Failure getting entry for 0x7f010206 (t=0 e=518) (error -75)
09-02 18:41:12.114  3979 10236 D SamsungAlarmManager: setInexact Intent (T:3/F:0/AC:false) 20230902T191237 - CU:10025/CP:10264
09-02 18:41:12.117 10264  5538 I NetworkScheduler.Stats: Task com.google.android.gms/com.google.android.gms.languageprofile.GcmTaskService started execution. cause:7 exec_start_elapsed_seconds: 118053 [CONTEXT service_id=218 ]
09-02 18:41:12.159  6002  6002 I cr_OfflineIndicator: onConnectionTypeChanged 2
09-02 18:41:12.160  3979  3979 D CustomFrequencyManagerService: releaseDVFSLockLocked : Getting Lock type frm List : DVFS_MIN_LIMIT  frequency : 1560000  uid : 1000  pid : 3979  tag : AMS_RESUME_TAIL@CPU_MIN@14
09-02 18:41:12.160  6002  6002 I cr_OfflineIndicator: Reported by system: [ Transports: WIFI Capabilities: WIFI_P2P&NOT_RESTRICTED&TRUSTED&NOT_VPN LinkUpBandwidth>=1048576Kbps LinkDnBandwidth>=1048576Kbps]
09-02 18:41:12.161  6002  6002 I cr_OfflineIndicator: Reported by system: [ Transports: WIFI Capabilities: NOT_METERED&INTERNET&NOT_RESTRICTED&TRUSTED&NOT_VPN&VALIDATED&FOREGROUND LinkUpBandwidth>=1048576Kbps LinkDnBandwidth>=1048576Kbps SignalStrength: -56]
09-02 18:41:12.161  6002  6002 I cr_OfflineIndicator: setConnectionState connectionState=4
09-02 18:41:12.161  6002  6002 I cr_OfflineDetector: Running updateState mConnectivityDetectorInitialized: true, mTimeWhenLastForegrounded: 118053591, getElapsedTime: 118053593, mTimeWhenLastOfflineNotificationReceived: 0, mTimeWhenLastOnline: 118053593, mApplicationState: 1, mIsOfflineLastReportedByConnectivityDetector: false, mIsEffectivelyOffline: false
09-02 18:41:12.161  6002  6002 I cr_OfflineDetector: updateState(): timeSinceLastForeground: 2, timeSinceOfflineNotificationReceived: 118053593, timeSinceLastOnline: 0, timeNeededForForeground: 1998, timeNeededForOffline: -118051593
09-02 18:41:12.161  6002  6002 I cr_OfflineIndicator: processConnectivityCheckResult mConnectionState=4 mConnectivityCheckingStage=1
09-02 18:41:12.164  6039  6086 I tflite  : Initialized TensorFlow Lite runtime.
09-02 18:41:12.176  3979 10236 W AppOps  : Bad call: specified package com.google.android.gms under uid 10096 but it is really 10025
09-02 18:41:12.176  3979 10236 W AppOps  : java.lang.RuntimeException: here
09-02 18:41:12.176  3979 10236 W AppOps  : 	at com.android.server.AppOpsService.getOpsRawLocked(AppOpsService.java:1402)
09-02 18:41:12.176  3979 10236 W AppOps  : 	at com.android.server.AppOpsService.checkPackage(AppOpsService.java:1106)
09-02 18:41:12.176  3979 10236 W AppOps  : 	at com.android.internal.app.IAppOpsService$Stub.onTransact(IAppOpsService.java:169)
09-02 18:41:12.176  3979 10236 W AppOps  : 	at android.os.Binder.execTransact(Binder.java:682)
09-02 18:41:12.184  3979 10236 I chatty  : uid=1000(system) Binder:3979_1F identical 3 lines
09-02 18:41:12.186  3979 10236 W AppOps  : Bad call: specified package com.google.android.gms under uid 10096 but it is really 10025
09-02 18:41:12.186  3979 10236 W AppOps  : java.lang.RuntimeException: here
09-02 18:41:12.186  3979 10236 W AppOps  : 	at com.android.server.AppOpsService.getOpsRawLocked(AppOpsService.java:1402)
09-02 18:41:12.186  3979 10236 W AppOps  : 	at com.android.server.AppOpsService.checkPackage(AppOpsService.java:1106)
09-02 18:41:12.186  3979 10236 W AppOps  : 	at com.android.internal.app.IAppOpsService$Stub.onTransact(IAppOpsService.java:169)
09-02 18:41:12.186  3979 10236 W AppOps  : 	at android.os.Binder.execTransact(Binder.java:682)
09-02 18:41:12.191  3979 10236 W StorageManager: getStorageLowBytes lowPercent : 5, lowBytes : 1260145254, maxLowBytes : 524288000
09-02 18:41:12.193  3979  6844 W StorageManager: getStorageLowBytes lowPercent : 5, lowBytes : 1260145254, maxLowBytes : 524288000
09-02 18:41:12.210 10264 30387 I NetworkScheduler.Stats: Task com.google.android.gms/com.google.android.gms.languageprofile.GcmTaskService finished executing. cause:7 result: 1 elapsed_millis: 121 uptime_millis: 120 exec_start_elapsed_seconds: 118053 [CONTEXT service_id=218 ]
09-02 18:41:12.221  3979 10236 D ConnectivityService: filterNetworkStateForUid() uid: 10025 networkInfo: [type: WIFI[] - WIFI, state: CONNECTED/CONNECTED, reason: (unspecified), extra: "WiFi 69", failover: false, available: true, roaming: false, metered: false]
09-02 18:41:12.222  3979 10236 D ConnectivityService: filterNetworkStateForUid() uid: 10025 networkInfo: [type: WIFI[] - WIFI, state: CONNECTED/CONNECTED, reason: (unspecified), extra: "WiFi 69", failover: false, available: true, roaming: false, metered: false]
09-02 18:41:12.224  3979  6844 D SamsungAlarmManager: Cancel Alarm calling from uid:10025 pid :10264 / op:PendingIntent{3aaafb: PendingIntentRecord{9212591 com.google.android.gms broadcastIntent}}
09-02 18:41:12.226  6002  6002 V InputMethodManager: Starting input: tba=android.view.inputmethod.EditorInfo@79cda1e nm : com.android.chrome ic=null
09-02 18:41:12.226  6002  6002 I InputMethodManager: startInputInner - mService.startInputOrWindowGainedFocus
09-02 18:41:12.227  3979 10236 D InputMethodManagerService: startInputOrWindowGainedFocus : startInput 
09-02 18:41:12.227  3979 10236 D InputMethodManagerService: setCurrentInputInfo - inputContext : null eidtorInfo : android.view.inputmethod.EditorInfo@f9d3571 missingMethods : 0
09-02 18:41:12.227  4336  4336 I InputMethodWrapper:  call dispatchStartInputWithToken
09-02 18:41:12.227  4336  4336 I InputMethodService: dispatchStartInputWithToken
09-02 18:41:12.228  4336  4336 I SKBD    : SamsungKeypad [IMI] onStartInput - caller pid : 6002, caller uid : 10096
09-02 18:41:12.228  4336  4336 I SKBD    : SamsungKeypad  CACHEDIC onStartInput  isCachedICEnabled:  false
09-02 18:41:12.228  4336  4336 I SKBD    : atl getDefaultInputRange : UNKNOWN
09-02 18:41:12.228  4336  4336 I SKBD    : awo resetBinderManager()
09-02 18:41:12.228  4336  4336 I SKBD_SYNC: SamsungKeypad onStartInput: import DLM
09-02 18:41:12.228  4336  4336 I SKBD    : atl setPrivateImeOptionsToTable privateImeOptions ( null )
09-02 18:41:12.228  4336  4336 I SKBD    : atl imeOptions is null
09-02 18:41:12.228  4336  4336 I SKBD    : SamsungKeypad [PF_OP][onStartInput] 679654
09-02 18:41:12.232  3979 10236 D SamsungAlarmManager: setInexact Intent (T:3/F:0/AC:false) 20230902T191237 - CU:10025/CP:10264
09-02 18:41:12.256  3979  6844 D ConnectivityService: filterNetworkStateForUid() uid: 10096 networkInfo: [type: WIFI[] - WIFI, state: CONNECTED/CONNECTED, reason: (unspecified), extra: "WiFi 69", failover: false, available: true, roaming: false, metered: false]
09-02 18:41:12.260  6002  6144 D ConnectivityManager: requestNetwork; CallingUid : 10096, CallingPid : 6002
09-02 18:41:12.262  3979 10236 D ConnectivityService: listenForNetwork for uid/pid:10096/6002 NetworkRequest [ LISTEN id=1235, [ Capabilities: INTERNET&NOT_RESTRICTED&TRUSTED&FOREGROUND] ]
09-02 18:41:12.263  3979  4180 D ConnectivityService: rematching NetworkAgentInfo [WIFI () - 502]
09-02 18:41:12.263  3979  4180 D ConnectivityService:  network has: [ Transports: WIFI Capabilities: NOT_METERED&INTERNET&NOT_RESTRICTED&TRUSTED&NOT_VPN&VALIDATED&FOREGROUND LinkUpBandwidth>=1048576Kbps LinkDnBandwidth>=1048576Kbps SignalStrength: -56]
09-02 18:41:12.263  3979  4180 D ConnectivityService: Network NetworkAgentInfo [WIFI () - 502] was already satisfying request 3. No change.
09-02 18:41:12.263  3979  4180 D ConnectivityService: Network NetworkAgentInfo [WIFI () - 502] was already satisfying request 1191. No change.
09-02 18:41:12.263  3979  4180 D ConnectivityService: Network NetworkAgentInfo [WIFI () - 502] was already satisfying request 1. No change.
09-02 18:41:12.263  3979  4180 D ConnectivityService: Network NetworkAgentInfo [WIFI () - 502] was already satisfying request 1087. No change.
09-02 18:41:12.265  3979  4180 D ConnectivityService: Network NetworkAgentInfo [WIFI () - 502] was already satisfying request 140. No change.
09-02 18:41:12.266  3979  4180 D ConnectivityService: sending notification AVAILABLE for NetworkRequest [ LISTEN id=1235, [ Capabilities: INTERNET&NOT_RESTRICTED&TRUSTED&FOREGROUND] ]
09-02 18:41:12.267  3979  4180 D ConnectivityService: sending notification CAP_CHANGED for NetworkRequest [ LISTEN id=1235, [ Capabilities: INTERNET&NOT_RESTRICTED&TRUSTED&FOREGROUND] ]
09-02 18:41:12.267  3979  4180 D ConnectivityService: sending notification IP_CHANGED for NetworkRequest [ LISTEN id=1235, [ Capabilities: INTERNET&NOT_RESTRICTED&TRUSTED&FOREGROUND] ]
09-02 18:41:12.268  3979 10236 D ConnectivityService: filterNetworkStateForUid() uid: 10096 networkInfo: [type: WIFI[] - WIFI, state: CONNECTED/CONNECTED, reason: (unspecified), extra: "WiFi 69", failover: false, available: true, roaming: false, metered: false]
09-02 18:41:12.273  3979 10236 I chatty  : uid=1000(system) Binder:3979_1F identical 1 line
09-02 18:41:12.275  3979 10236 D ConnectivityService: filterNetworkStateForUid() uid: 10096 networkInfo: [type: WIFI[] - WIFI, state: CONNECTED/CONNECTED, reason: (unspecified), extra: "WiFi 69", failover: false, available: true, roaming: false, metered: false]
09-02 18:41:12.277  3979  6844 D ConnectivityService: filterNetworkStateForUid() uid: 10096 networkInfo: [type: WIFI[] - WIFI, state: CONNECTED/CONNECTED, reason: (unspecified), extra: "WiFi 69", failover: false, available: true, roaming: false, metered: false]
09-02 18:41:12.285  3979  6844 I chatty  : uid=1000(system) Binder:3979_19 identical 1 line
09-02 18:41:12.296  3979  6844 D ConnectivityService: filterNetworkStateForUid() uid: 10096 networkInfo: [type: WIFI[] - WIFI, state: CONNECTED/CONNECTED, reason: (unspecified), extra: "WiFi 69", failover: false, available: true, roaming: false, metered: false]
09-02 18:41:12.306  6002  6002 W ResourceType: Failure getting entry for 0x7f0100fa (t=0 e=250) (error -75)
09-02 18:41:12.310  6002  6002 W ResourceType: Failure getting entry for 0x7f010854 (t=0 e=2132) (error -75)
09-02 18:41:12.347  6002  6002 W ResourceType: Failure getting entry for 0x7f010220 (t=0 e=544) (error -75)
09-02 18:41:12.349  6002  6002 W ResourceType: Failure getting entry for 0x7f0107f5 (t=0 e=2037) (error -75)
09-02 18:41:12.374  6002  6002 W ResourceType: Failure getting entry for 0x7f010853 (t=0 e=2131) (error -75)
09-02 18:41:12.399  6002  6077 D NetworkSecurityConfig: Using Network Security Config from resource 0_resource_name_obfuscated debugBuild: false
09-02 18:41:12.403  6002  6002 V InputMethodManager: Starting input: tba=android.view.inputmethod.EditorInfo@1980736 nm : com.android.chrome ic=eG3@9b1b637
09-02 18:41:12.403  6002  6002 I InputMethodManager: startInputInner - mService.startInputOrWindowGainedFocus
09-02 18:41:12.404  3979  6264 D InputMethodManagerService: startInputOrWindowGainedFocus : startInput 
09-02 18:41:12.405  3979  6264 D InputMethodManagerService: setCurrentInputInfo - inputContext : com.android.internal.view.IInputContext$Stub$Proxy@605105c eidtorInfo : android.view.inputmethod.EditorInfo@e4c2f65 missingMethods : 0
09-02 18:41:12.405  4336  4336 I InputMethodWrapper:  call dispatchStartInputWithToken
09-02 18:41:12.405  4336  4336 I InputMethodService: dispatchStartInputWithToken
09-02 18:41:12.405  4336  4336 I SKBD    : SamsungKeypad [IMI] onStartInput - caller pid : 6002, caller uid : 10096
09-02 18:41:12.405  4336  4336 I SKBD    : SamsungKeypad  CACHEDIC onStartInput  isCachedICEnabled:  false
09-02 18:41:12.405  4336  4336 I SKBD    : atl getDefaultInputRange : UNKNOWN
09-02 18:41:12.405  4336  4336 I SKBD    : awo resetBinderManager()
09-02 18:41:12.405  4336  4336 I SKBD_SYNC: SamsungKeypad onStartInput: import DLM
09-02 18:41:12.405  4336  4336 I SKBD    : atl setPrivateImeOptionsToTable privateImeOptions ( null )
09-02 18:41:12.405  4336  4336 I SKBD    : atl imeOptions is null
09-02 18:41:12.405  4336  4336 I SKBD    : SamsungKeypad [PF_OP][onStartInput] 415423
09-02 18:41:12.414  6002  6002 I Choreographer: Skipped 53 frames!  The application may be doing too much work on its main thread.
09-02 18:41:12.428  3979  6264 V WindowManager: Relayout Window{bee5e5e u0 com.android.chrome/com.google.android.apps.chrome.Main}: viewVisibility=0 req=720x1280 WM.LayoutParams{(0,0)(fillxfill) sim=#13 ty=1 fl=#81810100 pfl=0x20000 fmt=-3 wanim=0x10302fd vsysui=0x2600 sysuil=true needsMenuKey=2 colorMode=0 naviIconColor=0}
09-02 18:41:12.434  6002  6002 D ViewRootImpl@22a972f[Main]: Relayout returned: old=[0,0][720,1280] new=[0,0][720,1280] result=0x1 surface={valid=true 3331471360} changed=false
09-02 18:41:12.439  3462  3462 I SurfaceFlinger: Display 0 HWC layers:
09-02 18:41:12.439  3462  3462 I SurfaceFlinger:     type    |    handle    | flag |  format   |   source crop (l,t,r,b)    |         frame       | name 
09-02 18:41:12.439  3462  3462 I SurfaceFlinger: ------------+--------------+------+-----------+----------------------------+---------------------+------
09-02 18:41:12.439  3462  3462 I SurfaceFlinger:      Device | 0x7abe64c040 | 0002 | RGBA_8888 |   0.0    0.0  720.0 1238.0 |    0   42  720 1280 | SurfaceView - com.android.chrome/com[...]android.apps.chrome.Main@c3aba8a@0#0
09-02 18:41:12.439  3462  3462 I SurfaceFlinger:      Device | 0x7ac4c246c0 | 0000 | RGBA_8888 |   0.0    0.0  720.0 1280.0 |    0    0  720 1280 | com.android.chrome/com.google.android.apps.chrome.Main#0
09-02 18:41:12.439  3462  3462 I SurfaceFlinger:      Device | 0x7ac4c24240 | 0000 | RGBA_8888 |   0.0    0.0  720.0   42.0 |    0    0  720   42 | StatusBar#0
09-02 18:41:12.439  3462  3462 I SurfaceFlinger: 
09-02 18:41:12.459  3979 10236 D ConnectivityService: filterNetworkStateForUid() uid: 10096 networkInfo: [type: WIFI[] - WIFI, state: CONNECTED/CONNECTED, reason: (unspecified), extra: "WiFi 69", failover: false, available: true, roaming: false, metered: false]
09-02 18:41:12.463  3979  6264 D ConnectivityService: filterNetworkStateForUid() uid: 10096 networkInfo: [type: WIFI[] - WIFI, state: CONNECTED/CONNECTED, reason: (unspecified), extra: "WiFi 69", failover: false, available: true, roaming: false, metered: false]
09-02 18:41:12.474  3979  6264 I chatty  : uid=1000(system) Binder:3979_18 identical 1 line
09-02 18:41:12.477  3979  6264 D ConnectivityService: filterNetworkStateForUid() uid: 10096 networkInfo: [type: WIFI[] - WIFI, state: CONNECTED/CONNECTED, reason: (unspecified), extra: "WiFi 69", failover: false, available: true, roaming: false, metered: false]
09-02 18:41:12.487  3979  6844 D ConnectivityService: filterNetworkStateForUid() uid: 10096 networkInfo: [type: WIFI[] - WIFI, state: CONNECTED/CONNECTED, reason: (unspecified), extra: "WiFi 69", failover: false, available: true, roaming: false, metered: false]
09-02 18:41:12.496  3979  6844 D ConnectivityService: filterNetworkStateForUid() uid: 10096 networkInfo: [type: WIFI[] - WIFI, state: CONNECTED/CONNECTED, reason: (unspecified), extra: "WiFi 69", failover: false, available: true, roaming: false, metered: false]
09-02 18:41:12.502  6002  6002 I cr_tabmodel: #isIncognitoTabBeingRestored from tabState:  false
09-02 18:41:12.614  6002  6002 I chatty  : uid=10096(u0_a96) identical 12 lines
09-02 18:41:12.614  6002  6002 I cr_tabmodel: #isIncognitoTabBeingRestored from tabState:  false
09-02 18:41:12.615 22051 22051 D BoundBrokerSvc: onBind: Intent { act=com.google.android.gms.feedback.internal.IFeedbackService dat=chimera-action: cmp=com.google.android.gms/.chimera.GmsBoundBrokerService }
09-02 18:41:12.615 22051 22051 D BoundBrokerSvc: Loading bound service for intent: Intent { act=com.google.android.gms.feedback.internal.IFeedbackService dat=chimera-action: cmp=com.google.android.gms/.chimera.GmsBoundBrokerService }
09-02 18:41:12.617  6002  6002 I cr_tabmodel: #isIncognitoTabBeingRestored from tabState:  false
09-02 18:41:12.704  6002  6002 I chatty  : uid=10096(u0_a96) identical 46 lines
09-02 18:41:12.704  6002  6002 I cr_tabmodel: #isIncognitoTabBeingRestored from tabState:  false
09-02 18:41:12.707 22051 22206 I Icing   : IndexChimeraService.getServiceInterface callingPackage=com.google.android.gms componentName=null serviceId=30
09-02 18:41:12.713  3979  4076 I TLC_TIMA_PKM_measure_kernel: TIMA: response_id = 3
09-02 18:41:12.713  3979  4076 I TLC_TIMA_PKM_measure_kernel: TIMA: response ret = 0, result_ondemand = MSG=Kernel Verification Success;
09-02 18:41:12.713  3979  4076 I TZ: mc_tlc_communication: tlc_close() was called
09-02 18:41:12.713  3979  4076 I TZ: mc_tlc_communication: Closing the session
09-02 18:41:12.714 22051 22051 D BoundBrokerSvc: onBind: Intent { act=com.google.android.gms.common.BIND_SHARED_PREFS pkg=com.google.android.gms }
09-02 18:41:12.714 22051 22051 D BoundBrokerSvc: Loading bound service for intent: Intent { act=com.google.android.gms.common.BIND_SHARED_PREFS pkg=com.google.android.gms }
09-02 18:41:12.714  3979  4076 I TZ: mc_tlc_communication: Freeing message buffer
09-02 18:41:12.715  3979  4076 I TZ: mc_tlc_communication: Closing MobiCore device
09-02 18:41:12.715  3979  4076 I TZ: mc_tlc_communication: tlc_close() finished
09-02 18:41:12.721  6002  6002 I cr_tabmodel: #isIncognitoTabBeingRestored from tabState:  false
09-02 18:41:12.725  6002  6002 I chatty  : uid=10096(u0_a96) identical 2 lines
09-02 18:41:12.725  6002  6002 I cr_tabmodel: #isIncognitoTabBeingRestored from tabState:  false
09-02 18:41:12.726 22051 22051 D BoundBrokerSvc: onUnbind: Intent { act=com.google.android.gms.common.BIND_SHARED_PREFS pkg=com.google.android.gms }
09-02 18:41:12.727  6002  6002 I cr_tabmodel: #isIncognitoTabBeingRestored from tabState:  false
09-02 18:41:12.732  6002  6002 I chatty  : uid=10096(u0_a96) identical 4 lines
09-02 18:41:12.732  6002  6002 I cr_tabmodel: #isIncognitoTabBeingRestored from tabState:  false
09-02 18:41:12.733 22051 23405 I GmsCoreXrpcWrapper: (REDACTED) Returning a channel provider with trafficStatsTag=%d trafficStatsUid=%d
09-02 18:41:12.734  6002  6002 I cr_tabmodel: #isIncognitoTabBeingRestored from tabState:  false
09-02 18:41:12.773  6002  6002 I chatty  : uid=10096(u0_a96) identical 32 lines
09-02 18:41:12.773  6002  6002 I cr_tabmodel: #isIncognitoTabBeingRestored from tabState:  false
09-02 18:41:12.773 10264 10276 I zygote64: Background concurrent copying GC freed 82391(3MB) AllocSpace objects, 0(0B) LOS objects, 49% free, 12MB/24MB, paused 865us total 121.811ms
09-02 18:41:12.775  6002  6002 I cr_tabmodel: #isIncognitoTabBeingRestored from tabState:  false
09-02 18:41:12.792  3979  4111 D MdnieScenarioControlService:  packageName : com.android.chrome    className : com.google.android.apps.chrome.Main
09-02 18:41:12.825  6002  6002 I chatty  : uid=10096(u0_a96) identical 46 lines
09-02 18:41:12.825  6002  6002 I cr_tabmodel: #isIncognitoTabBeingRestored from tabState:  false
09-02 18:41:12.830 22051 23405 I Icing   : Usage reports ok 4, Failed Usage reports 0, indexed 2, rejected 0
09-02 18:41:12.851  6002  6002 I cr_tabmodel: #isIncognitoTabBeingRestored from tabState:  false
09-02 18:41:12.851  6002  6002 I cr_tabmodel: #isIncognitoTabBeingRestored from tabState:  false
09-02 18:41:12.854  6002  6002 I cr_tabmodel: Appending tabs being restored to metadata lists, 58, startingNormalCount: 79, startingIncognitoCount: 0
09-02 18:41:12.854  6002  6002 I cr_tabmodel: Serializing tab lists; counts: 137, 0
09-02 18:41:12.855  6002  6002 I cr_tabmodel: #isIncognitoTabBeingRestored from tabState:  false
09-02 18:41:12.890  6002  6002 I chatty  : uid=10096(u0_a96) identical 12 lines
09-02 18:41:12.890  6002  6002 I cr_tabmodel: #isIncognitoTabBeingRestored from tabState:  false
09-02 18:41:12.898  3979  3994 D SemExecuteManagerService: onShortcutChanged: com.android.chrome0
09-02 18:41:12.898  6002  6002 I cr_StartSurface: Recorded Startup.Android.StartSurfaceShownAtStartup = false
09-02 18:41:12.898  5213 25725 D LauncherApps: onShortcutChanged 0,com.android.chrome
09-02 18:41:12.899  6002  6002 I cr_tabmodel: #isIncognitoTabBeingRestored from tabState:  false
09-02 18:41:12.899  6002  6002 I cr_tabmodel: #isIncognitoTabBeingRestored from tabState:  false
09-02 18:41:12.899  5213  5213 D DeepShortcutManager: bindDeepShortcutMap: {com.android.launcher3.util.ComponentKey@1e9a2cfa=[DynamicFullRecent], com.android.launcher3.util.ComponentKey@92548096=[Search, Messages, Share, Notifications], com.android.launcher3.util.ComponentKey@9df2b1d6=[scanQrCode, newTab, newPrivateTab, search], com.android.launcher3.util.ComponentKey@489bf67c=[text_shortcut, voice_shortcut], com.android.launcher3.util.ComponentKey@86e56e2c=[open_new_tab, password_manager, open_new_private_tab], com.android.launcher3.util.ComponentKey@d85d54d0=[search_event_task, create_task, create_event], com.android.launcher3.util.ComponentKey@f5d080bf=[phoneadd, search, missedcall], com.android.launcher3.util.ComponentKey@515cb72c=[VIEW_MY_DOWNLOADS], com.android.launcher3.util.ComponentKey@683678e7=[create_message], com.android.launcher3.util.ComponentKey@64033792=[explore-shortcut, search-shortcut, shorts-shortcut, subscriptions-shortcut], com.android.launcher3.util.ComponentKey@3a8c61b=[compose], com.android.launcher3.util.ComponentKey@429b698e=[selfie, auto], com.android.launcher3.util.ComponentKey@91a61c5e=[contactadd, myprofile, contactgroup], com.android.launcher3.util.ComponentKey@3e17fc4f=[updates], com.android.launcher3.util.ComponentKey@967f6ac6=[search_shortcut], com.android.launcher3.util.ComponentKey@afe2ea5f=[manifest_home, manifest_work], com.android.launcher3.util.ComponentKey@7bfa09e7=[manifest_compose_shortcut, andrei.bogdan.marcel97@gmail.com], com.android.launcher3.util.ComponentKey@947c4a03=[new-tab-shortcut, dynamic-new-incognito-tab-shortcut]}
09-02 18:41:12.902  6002  6002 I cr_tabmodel: #isIncognitoTabBeingRestored from tabState:  false
09-02 18:41:12.905  6002  6002 I chatty  : uid=10096(u0_a96) identical 2 lines
09-02 18:41:12.905  6002  6002 I cr_tabmodel: #isIncognitoTabBeingRestored from tabState:  false
09-02 18:41:12.907  6002  6038 I cr_BindingManager: Visible binding enabled: maxSize=40
09-02 18:41:12.912  6002  6002 I cr_tabmodel: #isIncognitoTabBeingRestored from tabState:  false
09-02 18:41:12.913  3979  6264 W StorageManager: getStorageLowBytes lowPercent : 5, lowBytes : 1260145254, maxLowBytes : 524288000
09-02 18:41:12.997  6002  6002 I chatty  : uid=10096(u0_a96) identical 60 lines
09-02 18:41:12.997  6002  6002 I cr_tabmodel: #isIncognitoTabBeingRestored from tabState:  false
09-02 18:41:12.998  3979  3979 D PreBindingService: handleMessage : 1
09-02 18:41:12.999  6002  6002 I cr_tabmodel: #isIncognitoTabBeingRestored from tabState:  false
09-02 18:41:13.018  3979  4067 D SamsungAlarmManager: Expired : 8
09-02 18:41:13.018  3979  4067 E AlarmManager: No more alarm at this time. nowELAPSED=118054450 batch.start=118095155 mNextWakeup=118095155 mNextNonWakeup=118054450 mAlarmBatches.size=44
09-02 18:41:13.018  3979  4067 E AlarmManager: Batch 1 size = 1 : 118095155, Batch 2 size = 1 : 118101432, Batch 3 size = 3 : 118139297
09-02 18:41:13.018  3979  4067 E AlarmManager: No more alarm at this time. mNextWakeup will be set as zero : 118095155
09-02 18:41:13.018  3979  4067 I SamsungAlarmManager: setLocked to kernel - T:2 / 20230902T184153, SetElapsed=118095155, nowELAPSED=118054450
09-02 18:41:13.028  6002  6002 I chatty  : uid=10096(u0_a96) identical 32 lines
09-02 18:41:13.028  6002  6002 I cr_tabmodel: #isIncognitoTabBeingRestored from tabState:  false
09-02 18:41:13.042  6002  6002 I cr_tabmodel: Loaded tab lists; counts: 137,0
09-02 18:41:13.837  6002  6002 E cr_BTSPrefs: No data found for task id: 53
09-02 18:41:13.838  6002  6002 E cr_BkgrdTaskScheduler: Task cannot be canceled because no data was found instorage or data was invalid
09-02 18:41:13.968  3449  3449 I android.hardware.wifi@1.0-service: getLinkLayerStats
09-02 18:41:14.288  3979  6844 D ConnectivityService: filterNetworkStateForUid() uid: 10102 networkInfo: [type: WIFI[] - WIFI, state: CONNECTED/CONNECTED, reason: (unspecified), extra: "WiFi 69", failover: false, available: true, roaming: false, metered: false]
09-02 18:41:14.295  7881  7881 E fb4a.Execution: Redirecting MSYS Execution scheduling from the UI thread to a custom executor
09-02 18:41:14.300  3614  3927 D DnsProxyListener: DNSDBG::dns addrinfo af 2
09-02 18:41:14.416  7881  5781 D omnistore_android_logger: DebouncingRateLimiter attempting event SyncProtocol::onConnectionEstablished
09-02 18:41:14.417  7881  5781 D omnistore_android_logger: AlarmManager::startAlarmTimer for key=SyncProtocol::onConnectionEstablished, it will wake up main thread to reschedule
09-02 18:41:14.417  7881  5781 W omnistore_android_logger: Event SyncProtocol::onConnectionEstablished rate limited for 27445 ms
09-02 18:41:14.417  7881  4245 D omnistore_android_logger: AlarmManager::mainLoop calling alarm callbacks. There are total 1 scheduled tasks, and about to trigger 0 tasks (first task is N/A), then sleep for 27444 ms
09-02 18:41:14.419  7881  7881 E fb4a.Execution: Redirecting MSYS Execution scheduling from the UI thread to a custom executor
09-02 18:41:14.454  7881  4231 E fb4a.msys: E[N MQTT]readEOF(124)=>TCPStreamTransport readEOF
09-02 18:41:14.454  7881  4231 E fb4a.msys: E[N MQTT]onEOF(699)=>LigerBasedStreamTransport onEOF
09-02 18:41:14.460  7881  5871 E fb4a.FBMsysMqttClientCallbacks: onPublish, onFailure, msgId = 6135, error = 2003
09-02 18:41:14.461  7881  5871 I omnistore_android_logger: Error in sending connect payload.
09-02 18:41:14.462  7881  5871 E fb4a.FBMsysMqttClientCallbacks: onPublish, onFailure, msgId = 6132, error = 2003
09-02 18:41:14.463  7881  5871 E fb4a.FBMsysMqttClientCallbacks: onPublish, onFailure, msgId = 6131, error = 2003
09-02 18:41:14.463  7881  5871 E fb4a.FBMsysMqttClientCallbacks: onPublish, onFailure, msgId = 6130, error = 2003
09-02 18:41:14.464  7881  5871 E fb4a.FBMsysMqttClientCallbacks: onPublish, onFailure, msgId = 6129, error = 2003
09-02 18:41:14.465  7881  5871 E fb4a.FBMsysMqttClientCallbacks: onPublish, onFailure, msgId = 6128, error = 2003
09-02 18:41:14.466  3979  6844 D ConnectivityService: filterNetworkStateForUid() uid: 10102 networkInfo: [type: WIFI[] - WIFI, state: CONNECTED/CONNECTED, reason: (unspecified), extra: "WiFi 69", failover: false, available: true, roaming: false, metered: false]
09-02 18:41:14.469  7881  7881 W fb4a.MobileConfigFactoryImpl: SESSIONLESS factory used for 2 param
09-02 18:41:14.471  7881  7881 E fb4a.Execution: Redirecting MSYS Execution scheduling from the UI thread to a custom executor
09-02 18:41:14.472  7881  4225 E fb4a.msys: E[N rtchannel]_rt_mqtt_bridge_bootstrap_callback(967)=>Failed to boot stap bridged mqtt channel.  RT error code:2003 token:6135
09-02 18:41:14.473  7881  4225 E fb4a.msys: E[N rtchannel]_rt_mqtt_bridge_bootstrap_callback(967)=>Failed to boot stap bridged mqtt channel.  RT error code:2003 token:6132
09-02 18:41:14.473  7881  4225 E fb4a.msys: E[N rtchannel]_rt_mqtt_bridge_bootstrap_callback(967)=>Failed to boot stap bridged mqtt channel.  RT error code:2003 token:6131
09-02 18:41:14.474  7881  4225 E fb4a.msys: E[N rtchannel]_rt_mqtt_bridge_bootstrap_callback(967)=>Failed to boot stap bridged mqtt channel.  RT error code:2003 token:6130
09-02 18:41:14.481  7881  4225 E fb4a.msys: E[N rtchannel]_rt_mqtt_bridge_bootstrap_callback(967)=>Failed to boot stap bridged mqtt channel.  RT error code:2003 token:6129
09-02 18:41:14.481  7881  4225 E fb4a.msys: E[N rtchannel]_rt_mqtt_bridge_bootstrap_callback(967)=>Failed to boot stap bridged mqtt channel.  RT error code:2003 token:6128
09-02 18:41:14.508  7881  4229 E fb4a.msys: E[S sync]_createResponseError(195)=>Network Response 397ec203-0c05-47d4-8645-2fd54a99e415 contains sync error Error Domain=mqtt Code=2002 - Underlying error (null): Error Domain=mqtt Code=2002
09-02 18:41:14.511  3979  6899 D SSRM:G  : SIOP:: AP = 320, PST = 315 (W:18), BAT = 283, USB = 0, CHG = 0
09-02 18:41:14.522  7881  4229 E fb4a.msys: E[S sync]_createResponseError(195)=>Network Response 7b1e4af3-f1d4-4bc1-9a30-b149f61ff34d contains sync error Error Domain=mqtt Code=2002 - Underlying error (null): Error Domain=mqtt Code=2002
09-02 18:41:14.601  7881  4225 E fb4a.msys: E[N data-request]_HandleDataResponse(1782)=>Data request error for task 19a9d855-4b3c-4b2c-a030-578e657fe67c (response type 1): (null)
09-02 18:41:14.604  7881  4229 E fb4a.msys: E[S sync]_createResponseError(195)=>Network Response 19a9d855-4b3c-4b2c-a030-578e657fe67c contains sync error Error Domain=com.facebook.http.error Code=401 UserInfo=0xc91e2e00 {MCFErrorDirectLocalizedDescriptionKey=Client error} - Underlying error (null): Error Domain=com.facebook.http.error Code=401 UserInfo=0xc91e2e00 {MCFErrorDirectLocalizedDescriptionKey=Client error}
09-02 18:41:14.605  7881  5871 E fb4a.T157805820: TigonMhrLogger::logRequestIfNeeded
09-02 18:41:14.605  7881  5871 E fb4a.T157805820: TigonWifiInfoLogger::init
09-02 18:41:14.605  7881  5871 E fb4a.T157805820: TigonMhrFbcLogger::logRequestIfNeeded
09-02 18:41:14.606  7881  5871 E fb4a.T157805820: TigonCellTowerInfoLogger::logRequestIfNeeded
09-02 18:41:14.606  7881  5871 E fb4a.T157805820: TigonCertificateVerificationLogger::logRequestIfNeeded
09-02 18:41:14.606  7881  5871 E fb4a.T157805820: TigonTransientAnalysisLogger::logRequestIfNeeded
09-02 18:41:14.606  7881  5871 E fb4a.T157805820: TigonProviderConnectionDeviceInfoLogger::logRequestIfNeeded
09-02 18:41:14.606  7881  5871 E fb4a.T157805820: TigonCellTowerInfoPapayaLogger::logRequestIfNeeded
09-02 18:41:14.606  7881  5871 E fb4a.T157805820: NetworkUtilisationLogger::logRequestIfNeeded
09-02 18:41:14.652  7881  4597 E fb4a.T157805820: TigonMhrLogger::logRequestIfNeeded
09-02 18:41:14.652  7881  4597 E fb4a.T157805820: TigonWifiInfoLogger::init
09-02 18:41:14.652  7881  4225 E fb4a.msys: E[N data-request]_HandleDataResponse(1782)=>Data request error for task 7889608c-f8ee-469c-9a2c-497505d5122d (response type 1): (null)
09-02 18:41:14.652  7881  4597 E fb4a.T157805820: TigonMhrFbcLogger::logRequestIfNeeded
09-02 18:41:14.652  7881  4597 E fb4a.T157805820: TigonCellTowerInfoLogger::logRequestIfNeeded
09-02 18:41:14.653  7881  4597 E fb4a.T157805820: TigonCertificateVerificationLogger::logRequestIfNeeded
09-02 18:41:14.653  7881  4597 E fb4a.T157805820: TigonTransientAnalysisLogger::logRequestIfNeeded
09-02 18:41:14.653  7881  4597 E fb4a.T157805820: TigonProviderConnectionDeviceInfoLogger::logRequestIfNeeded
09-02 18:41:14.653  7881  4597 E fb4a.T157805820: TigonCellTowerInfoPapayaLogger::logRequestIfNeeded
09-02 18:41:14.653  7881  4597 E fb4a.T157805820: NetworkUtilisationLogger::logRequestIfNeeded
09-02 18:41:14.655  7881  4229 E fb4a.msys: E[S sync]_createResponseError(195)=>Network Response 7889608c-f8ee-469c-9a2c-497505d5122d contains sync error Error Domain=com.facebook.http.error Code=401 UserInfo=0xc91e2600 {MCFErrorDirectLocalizedDescriptionKey=Client error} - Underlying error (null): Error Domain=com.facebook.http.error Code=401 UserInfo=0xc91e2600 {MCFErrorDirectLocalizedDescriptionKey=Client error}
09-02 18:41:14.714  7881  4597 E fb4a.T157805820: TigonMhrLogger::logRequestIfNeeded
09-02 18:41:14.714  7881  4597 E fb4a.T157805820: TigonWifiInfoLogger::init
09-02 18:41:14.714  7881  4225 E fb4a.msys: E[N data-request]_HandleDataResponse(1782)=>Data request error for task 3e4fb70b-e808-4b4d-924e-007e80a70a84 (response type 1): (null)
09-02 18:41:14.714  7881  4597 E fb4a.T157805820: TigonMhrFbcLogger::logRequestIfNeeded
09-02 18:41:14.715  7881  4597 E fb4a.T157805820: TigonCellTowerInfoLogger::logRequestIfNeeded
09-02 18:41:14.715  7881  4597 E fb4a.T157805820: TigonCertificateVerificationLogger::logRequestIfNeeded
09-02 18:41:14.715  7881  4597 E fb4a.T157805820: TigonTransientAnalysisLogger::logRequestIfNeeded
09-02 18:41:14.715  7881  4597 E fb4a.T157805820: TigonProviderConnectionDeviceInfoLogger::logRequestIfNeeded
09-02 18:41:14.715  7881  4597 E fb4a.T157805820: TigonCellTowerInfoPapayaLogger::logRequestIfNeeded
