09-02 14:17:49.569  3462  3462 I SurfaceFlinger: Display 0 HWC layers:
09-02 14:17:49.569  3462  3462 I SurfaceFlinger:     type    |    handle    | flag |  format   |   source crop (l,t,r,b)    |         frame       | name 
09-02 14:17:49.569  3462  3462 I SurfaceFlinger: ------------+--------------+------+-----------+----------------------------+---------------------+------
09-02 14:17:49.569  3462  3462 I SurfaceFlinger:      Device | 0x7abe64c940 | 0002 | RGBA_8888 |   0.0    0.0  720.0 1238.0 |    0   42  720 1280 | SurfaceView - com.android.chrome/com[...]android.apps.chrome.Main@2ac0e00@0#0
09-02 14:17:49.569  3462  3462 I SurfaceFlinger:      Device | 0x7abdc74640 | 0000 | RGBA_8888 |   0.0    0.0  720.0 1280.0 |    0    0  720 1280 | com.android.chrome/com.google.android.apps.chrome.Main#0
09-02 14:17:49.569  3462  3462 I SurfaceFlinger:      Device | 0x7abe64b980 | 0000 | RGBA_8888 |   0.0    0.0  720.0   42.0 |    0    0  720   42 | StatusBar#0
09-02 14:17:49.569  3462  3462 I SurfaceFlinger: 
09-02 14:17:49.570  3979  5966 D ConnectivityService: filterNetworkStateForUid() uid: 10096 networkInfo: [type: WIFI[] - WIFI, state: CONNECTED/CONNECTED, reason: (unspecified), extra: "WiFi 69", failover: false, available: true, roaming: false, metered: false]
09-02 14:17:49.574  3979  5966 I chatty  : uid=1000(system) Binder:3979_11 identical 1 line
09-02 14:17:49.575  3979  5966 D ConnectivityService: filterNetworkStateForUid() uid: 10096 networkInfo: [type: WIFI[] - WIFI, state: CONNECTED/CONNECTED, reason: (unspecified), extra: "WiFi 69", failover: false, available: true, roaming: false, metered: false]
09-02 14:17:49.578 25501 25501 I cr_tabmodel: #isIncognitoTabBeingRestored from tabState:  false
09-02 14:17:49.663 25501 25501 I chatty  : uid=10096(u0_a96) identical 14 lines
09-02 14:17:49.663 25501 25501 I cr_tabmodel: #isIncognitoTabBeingRestored from tabState:  false
09-02 14:17:49.663 25501 25578 D NetworkSecurityConfig: Using Network Security Config from resource 0_resource_name_obfuscated debugBuild: false
09-02 14:17:49.674 25501 25501 I cr_tabmodel: #isIncognitoTabBeingRestored from tabState:  false
09-02 14:17:49.791  3979  4111 D MdnieScenarioControlService:  packageName : com.android.chrome    className : com.google.android.apps.chrome.Main
09-02 14:17:49.868 25501 25501 I chatty  : uid=10096(u0_a96) identical 140 lines
09-02 14:17:49.868 25501 25501 I cr_tabmodel: #isIncognitoTabBeingRestored from tabState:  false
09-02 14:17:49.882 25501 25501 I cr_tabmodel: Loaded tab lists; counts: 80,0
09-02 14:17:49.938  3979  4292 D WifiConnectivityMonitor.SingDnsChecker: #1 GW MAC address found in ARP table.1 msec.
09-02 14:17:50.036  3979  4051 D SensorService: [SO] 0.091 -0.373 9.855
09-02 14:17:50.155  3979  4292 D WifiConnectivityMonitor:  [|212] [] []
09-02 14:17:50.273  3979  3979 D PreBindingService: handleMessage : 1
09-02 14:17:50.989  3979 10236 D ConnectivityService: filterNetworkStateForUid() uid: 10096 networkInfo: [type: WIFI[] - WIFI, state: CONNECTED/CONNECTED, reason: (unspecified), extra: "WiFi 69", failover: false, available: true, roaming: false, metered: false]
09-02 14:17:51.037 25501 25501 E cr_BTSPrefs: No data found for task id: 53
09-02 14:17:51.037 25501 25501 E cr_BkgrdTaskScheduler: Task cannot be canceled because no data was found instorage or data was invalid
09-02 14:17:51.177  3449  3449 I android.hardware.wifi@1.0-service: getLinkLayerStats
09-02 14:17:52.090 22051 22051 D BoundBrokerSvc: onBind: Intent { act=com.google.android.gms.feedback.internal.IFeedbackService dat=chimera-action: cmp=com.google.android.gms/.chimera.GmsBoundBrokerService }
09-02 14:17:52.091 22051 22051 D BoundBrokerSvc: Loading bound service for intent: Intent { act=com.google.android.gms.feedback.internal.IFeedbackService dat=chimera-action: cmp=com.google.android.gms/.chimera.GmsBoundBrokerService }
09-02 14:17:52.137 22051 22206 I Icing   : IndexChimeraService.getServiceInterface callingPackage=com.google.android.gms componentName=null serviceId=30
09-02 14:17:52.150 22051 22051 D BoundBrokerSvc: onBind: Intent { act=com.google.android.gms.common.BIND_SHARED_PREFS pkg=com.google.android.gms }
09-02 14:17:52.150 22051 22051 D BoundBrokerSvc: Loading bound service for intent: Intent { act=com.google.android.gms.common.BIND_SHARED_PREFS pkg=com.google.android.gms }
09-02 14:17:52.155 22051 22051 D BoundBrokerSvc: onUnbind: Intent { act=com.google.android.gms.common.BIND_SHARED_PREFS pkg=com.google.android.gms }
09-02 14:17:52.163 22051 23405 I GmsCoreXrpcWrapper: (REDACTED) Returning a channel provider with trafficStatsTag=%d trafficStatsUid=%d
09-02 14:17:52.302 22051 23405 I Icing   : Usage reports ok 5, Failed Usage reports 0, indexed 3, rejected 0
09-02 14:17:52.550  3979  5966 D ConnectivityService: filterNetworkStateForUid() uid: 10025 networkInfo: [type: WIFI[] - WIFI, state: CONNECTED/CONNECTED, reason: (unspecified), extra: "WiFi 69", failover: false, available: true, roaming: false, metered: false]
09-02 14:17:52.808  3979  4327 D skia    : Encode PNG Singlethread processname=system_server :      31023 us, width=84, height=84
09-02 14:17:52.985  4349  4349 D KeyguardUpdateMonitor: handleStatusBarState( false )
09-02 14:17:53.309 14031 14031 E adbd    : recv: OPEN 00020100 00000000 0076:73 68 65 6C 6C 2C 76 32 2C 54 45 52 4D 3D 78 74 65 72 6D 2D 32 35 36 63 6F 6C 6F 72 2C 72 61 77 3A 64 75 6D 70 73 79 73 20 61 63 74 69 76 69 74 79 20 72 65 63 65 6E 74 73 20 7C 20 67 72 65 70 20 22 52 65 63 65 6E 74 20 23 30 22 20 7C 20 63 75 74 20 2D 64 20 22 3D 22 20 2D 66 32 20 7C 20 67 72 65 70 20 2D 6F 20 2D 70 20 22 5B 61 2D 7A 7C 2E 5D 2A 22 00 
09-02 14:17:53.310 14031 14031 E adbd    : service_to_fd: shell,v2,TERM=xterm-256color,raw:dumpsys activity recents | grep "Recent #0" | cut -d "=" -f2 | grep -o -p "[a-z|.]*"
09-02 14:17:53.412 14031 14031 E adbd    : recv: OPEN 00020103 00000000 0042:73 68 65 6C 6C 2C 76 32 2C 54 45 52 4D 3D 78 74 65 72 6D 2D 32 35 36 63 6F 6C 6F 72 2C 72 61 77 3A 67 65 74 70 72 6F 70 20 72 6F 2E 62 75 69 6C 64 2E 76 65 72 73 69 6F 6E 2E 72 65 6C 65 61 73 65 00 
09-02 14:17:53.412 14031 14031 E adbd    : service_to_fd: shell,v2,TERM=xterm-256color,raw:getprop ro.build.version.release
09-02 14:17:53.477 14031 14031 E adbd    : recv: OPEN 00020106 00000000 003e:73 68 65 6C 6C 2C 76 32 2C 54 45 52 4D 3D 78 74 65 72 6D 2D 32 35 36 63 6F 6C 6F 72 2C 72 61 77 3A 67 65 74 70 72 6F 70 20 72 6F 2E 62 75 69 6C 64 2E 76 65 72 73 69 6F 6E 2E 73 64 6B 00 
09-02 14:17:53.477 14031 14031 E adbd    : service_to_fd: shell,v2,TERM=xterm-256color,raw:getprop ro.build.version.sdk
09-02 14:17:53.557 14031 14031 E adbd    : recv: OPEN 00020109 00000000 0034:73 68 65 6C 6C 2C 76 32 2C 54 45 52 4D 3D 78 74 65 72 6D 2D 32 35 36 63 6F 6C 6F 72 2C 72 61 77 3A 69 6E 70 75 74 20 74 61 70 20 35 35 30 20 31 35 30 30 00 
09-02 14:17:53.557 14031 14031 E adbd    : service_to_fd: shell,v2,TERM=xterm-256color,raw:input tap 550 1500
09-02 14:17:54.014 25663 25663 W ADebug  : Failed to get property persist.sys.media.traces
09-02 14:17:54.017 25663 25663 E appproc : Enhanced Zygote ASLR: ro.knox.enhance.zygote.aslr != 1. Enhanced Zygote ASLR is DISABLED!
09-02 14:17:54.017 25663 25663 D AndroidRuntime: >>>>>> START com.android.internal.os.RuntimeInit uid 2000 <<<<<<
09-02 14:17:54.021 25663 25663 D SecNativeFeatureCppIf: encoded
09-02 14:17:54.021 25663 25663 D SecNativeFeatureCppIf: decoding and unzip finish
09-02 14:17:54.021 25663 25663 D SecNativeFeatureCppIf: use unCompDataBuff. encoded
09-02 14:17:54.021 25663 25663 D SecNativeFeatureCppIf: Free unCompDataBuff
09-02 14:17:54.021 25663 25663 D SecNativeFeatureCppIf: encoded
09-02 14:17:54.022 25663 25663 D SecNativeFeatureCppIf: decoding and unzip finish
09-02 14:17:54.022 25663 25663 D SecNativeFeatureCppIf: use unCompDataBuff. encoded
09-02 14:17:54.022 25663 25663 D SecNativeFeatureCppIf: Free unCompDataBuff
09-02 14:17:54.022 25663 25663 D SecNativeFeatureCppIf: encoded
09-02 14:17:54.022 25663 25663 D SecNativeFeatureCppIf: decoding and unzip finish
09-02 14:17:54.022 25663 25663 D SecNativeFeatureCppIf: use unCompDataBuff. encoded
09-02 14:17:54.022 25663 25663 D SecNativeFeatureCppIf: Free unCompDataBuff
09-02 14:17:54.022 25663 25663 D SecNativeFeatureCppIf: encoded
09-02 14:17:54.022 25663 25663 D SecNativeFeatureCppIf: decoding and unzip finish
09-02 14:17:54.022 25663 25663 D SecNativeFeatureCppIf: use unCompDataBuff. encoded
09-02 14:17:54.022 25663 25663 D SecNativeFeatureCppIf: Free unCompDataBuff
09-02 14:17:54.147 25663 25663 D ICU     : Timezone override file found: /data/misc/zoneinfo/current/icu/icu_tzdata.dat
09-02 14:17:54.162 25663 25663 I app_process: find the special shared library, skip check
09-02 14:17:54.186  3449  3449 I android.hardware.wifi@1.0-service: getLinkLayerStats
09-02 14:17:54.191 25663 25663 D SemCscFeature: Encoded
09-02 14:17:54.194 25663 25663 I chatty  : uid=2000(shell) identical 2 lines
09-02 14:17:54.196 25663 25663 D SemCscFeature: Encoded
09-02 14:17:54.197 25663 25663 E SemAffinityControl: SemAffinityControl: registerfunction enter
09-02 14:17:54.203 25663 25663 D AndroidRuntime: Calling main entry com.android.commands.input.Input
09-02 14:17:54.209 25663 25663 I Input   : injectMotionEvent: MotionEvent { action=ACTION_DOWN, actionButton=0, id[0]=0, x[0]=550.0, y[0]=1500.0, toolType[0]=TOOL_TYPE_UNKNOWN, buttonState=0, metaState=0, flags=0x0, edgeFlags=0x0, pointerCount=1, historySize=0, eventTime=47607450, downTime=47607450, deviceId=3, source=0x1002 }
09-02 14:17:54.209  3979  5966 D InputDispatcher: Inject motion (25663): action=0x0, eventTime=47607450000000, displayId=0
09-02 14:17:54.210  3979  4081 I InputDispatcher: Dropping event because there is no touchable window at (550, 1500).
09-02 14:17:54.210  3979  5966 W InputManager: Input event injection from pid 25663 failed.
09-02 14:17:54.210 25663 25663 I Input   : injectMotionEvent: MotionEvent { action=ACTION_UP, actionButton=0, id[0]=0, x[0]=550.0, y[0]=1500.0, toolType[0]=TOOL_TYPE_UNKNOWN, buttonState=0, metaState=0, flags=0x0, edgeFlags=0x0, pointerCount=1, historySize=0, eventTime=47607450, downTime=47607450, deviceId=3, source=0x1002 }
09-02 14:17:54.211  3979  5966 D InputDispatcher: Inject motion (25663): action=0x1, eventTime=47607450000000, displayId=0
09-02 14:17:54.211  3979  5966 W InputManager: Input event injection from pid 25663 failed.
09-02 14:17:54.212 25663 25663 D AndroidRuntime: Shutting down VM
09-02 14:17:54.299 14031 14031 E adbd    : recv: OPEN 0002010c 00000000 0042:73 68 65 6C 6C 2C 76 32 2C 54 45 52 4D 3D 78 74 65 72 6D 2D 32 35 36 63 6F 6C 6F 72 2C 72 61 77 3A 67 65 74 70 72 6F 70 20 72 6F 2E 62 75 69 6C 64 2E 76 65 72 73 69 6F 6E 2E 72 65 6C 65 61 73 65 00 
09-02 14:17:54.299 14031 14031 E adbd    : service_to_fd: shell,v2,TERM=xterm-256color,raw:getprop ro.build.version.release
09-02 14:17:54.390 14031 14031 E adbd    : recv: OPEN 0002010f 00000000 003e:73 68 65 6C 6C 2C 76 32 2C 54 45 52 4D 3D 78 74 65 72 6D 2D 32 35 36 63 6F 6C 6F 72 2C 72 61 77 3A 67 65 74 70 72 6F 70 20 72 6F 2E 62 75 69 6C 64 2E 76 65 72 73 69 6F 6E 2E 73 64 6B 00 
09-02 14:17:54.390 14031 14031 E adbd    : service_to_fd: shell,v2,TERM=xterm-256color,raw:getprop ro.build.version.sdk
09-02 14:17:54.461 14031 14031 E adbd    : recv: OPEN 00020112 00000000 0102:73 68 65 6C 6C 2C 76 32 2C 54 45 52 4D 3D 78 74 65 72 6D 2D 32 35 36 63 6F 6C 6F 72 2C 72 61 77 3A 61 6D 20 73 74 61 72 74 2D 66 6F 72 65 67 72 6F 75 6E 64 2D 73 65 72 76 69 63 65 20 2D 6E 20 22 63 6F 6D 2E 65 78 61 6D 70 6C 65 2E 62 61 74 74 65 72 79 6D 61 6E 61 67 65 72 5F 75 74 69 6C 69 74 79 2F 63 6F 6D 2E 65 78 61 6D 70 6C 65 2E 62 61 74 74 65 72 79 6D 61 6E 61 67 65 72 5F 75 74 69 6C 69 74 79 2E 44 61 74 61 43 6F 6C 6C 65 63 74 69 6F 6E 53 65 72 76 69 63 65 22 20 2D 2D 65 69 20 73 61 6D 70 6C 65 52 61 74 65 20 31 30 30 20 2D 2D 65 73 20 22 64 61 74 61 46 69 65 6C 64 73 22 20 22 42 41 54 54 45 52 59 5F 50 52 4F 50 45 52 54 59 5F 43 55 52 52 45 4E 54 5F 4E 4F 57 2C 45 58 54 52 41 5F 56 4F 4C 54 41 47 45 22 20 2D 2D 65 7A 20 74 6F 43 53 56 20 66 61 6C 73 65 00 
09-02 14:17:54.461 14031 14031 E adbd    : service_to_fd: shell,v2,TERM=xterm-256color,raw:am start-foreground-service -n "com.example.batterymanager_utility/com.example.batterymanager_utility.DataCollectionService" --ei sampleRate 100 --es "dataFields" "BATTERY_PROPERTY_CURRENT_NOW,EXTRA_VOLTAGE" --ez toCSV false
09-02 14:17:54.463 25501 25578 I cr_omaha: Attempting to schedule next job for: Sat Sep 02 18:19:34 GMT+02:00 2023
09-02 14:17:54.468  4962  4962 D io_stats: !@ 179,0 r 631697 19065880 w 433893 9314416 d 46795 19649464 f 114795 117486 iot 534360 449607 th 51200 0 0 pt 0 inp 0 0 47607.713
09-02 14:17:54.471 25501 25501 I cr_omaha: Scheduled using JobService
09-02 14:17:54.497 25501 25501 E cr_BkgrdTaskJS: Tried finishing non-current BackgroundTask.
09-02 14:17:54.540 25459 25459 I BatteryMgr:DataCollectionService: onStartCommand: begin
09-02 14:17:54.540 25459 25459 I BatteryMgr:DataCollectionService: onStartCommand: sampleRate => 100
09-02 14:17:54.540 25459 25459 I BatteryMgr:DataCollectionService: onStartCommand: rawFields => Timestamp,BATTERY_PROPERTY_CURRENT_NOW,EXTRA_VOLTAGE
09-02 14:17:54.543 25459 25459 I BatteryMgr:DataCollectionService: onStartCommand: notification done
09-02 14:17:54.545 25459 25459 D Notification: allPendingIntents
09-02 14:17:54.546 25459 25459 I BatteryMgr:DataCollectionService: started foreground
09-02 14:17:54.548  3979  3995 D ApplicationPolicy: isStatusBarNotificationAllowedAsUser: packageName = android,userId = 0
09-02 14:17:54.549  3979  3995 D API test: getContainerInfo: value is 
09-02 14:17:54.549  3979  3995 D ApplicationPolicy: isStatusBarNotificationAllowedAsUser: packageName = android,userId = 0
09-02 14:17:54.549  3979  3995 D API test: getContainerInfo: value is 
09-02 14:17:54.550  3979  3995 D ApplicationPolicy: isStatusBarNotificationAllowedAsUser: packageName = com.example.batterymanager_utility,userId = 0
09-02 14:17:54.550  3979  3995 D API test: getContainerInfo: value is 
09-02 14:17:54.550  3979  3995 D ApplicationPolicy: isStatusBarNotificationAllowedAsUser: packageName = com.example.batterymanager_utility,userId = 0
09-02 14:17:54.551  3979  3995 D API test: getContainerInfo: value is 
09-02 14:17:54.553  3979  3979 D AudioService: getStreamVolume 5 index 110
09-02 14:17:54.555  3979  5966 D Notification: allPendingIntents
09-02 14:17:54.556  3979  5966 D Notification: allPendingIntents
09-02 14:17:54.557  4349  4349 D StatusBar: addNotification key=0|android|40|null|1000 fullscreen:false
09-02 14:17:54.558  3979  3979 I AccessibilityManagerService: semOnLightNotification(null), bIsFlashOn : false
09-02 14:17:54.559  3979  3979 D AccessibilityManagerService: Can't use light notification
09-02 14:17:54.559  3979  3979 D AudioService: getStreamVolume 5 index 110
09-02 14:17:54.561  3979  5966 D Notification: allPendingIntents
09-02 14:17:54.563  3979  4373 D Notification: allPendingIntents
09-02 14:17:54.566 25459 25682 I BatteryMgr:DataCollectionService: collectData: begin
09-02 14:17:54.566  4349  4349 D StatusBar: addNotification key=0|com.example.batterymanager_utility|1|null|10157 fullscreen:false
09-02 14:17:54.572 25459 25682 I BatteryMgr:DataCollectionService: stats => 1693657074571,119,4311
09-02 14:17:54.580 14031 14031 E adbd    : recv: OPEN 00020115 00000000 0042:73 68 65 6C 6C 2C 76 32 2C 54 45 52 4D 3D 78 74 65 72 6D 2D 32 35 36 63 6F 6C 6F 72 2C 72 61 77 3A 67 65 74 70 72 6F 70 20 72 6F 2E 62 75 69 6C 64 2E 76 65 72 73 69 6F 6E 2E 72 65 6C 65 61 73 65 00 
09-02 14:17:54.580 14031 14031 E adbd    : service_to_fd: shell,v2,TERM=xterm-256color,raw:getprop ro.build.version.release
09-02 14:17:54.660 14031 14031 E adbd    : recv: OPEN 00020118 00000000 003e:73 68 65 6C 6C 2C 76 32 2C 54 45 52 4D 3D 78 74 65 72 6D 2D 32 35 36 63 6F 6C 6F 72 2C 72 61 77 3A 67 65 74 70 72 6F 70 20 72 6F 2E 62 75 69 6C 64 2E 76 65 72 73 69 6F 6E 2E 73 64 6B 00 
09-02 14:17:54.660 14031 14031 E adbd    : service_to_fd: shell,v2,TERM=xterm-256color,raw:getprop ro.build.version.sdk
09-02 14:17:54.672  4349  4349 D KeyguardUpdateMonitor: handleStatusBarState( false )
09-02 14:17:54.679 25459 25682 I BatteryMgr:DataCollectionService: stats => 1693657074679,119,4311
09-02 14:17:54.726 14031 14031 E adbd    : recv: OPEN 0002011b 00000000 0029:73 68 65 6C 6C 2C 76 32 2C 54 45 52 4D 3D 78 74 65 72 6D 2D 32 35 36 63 6F 6C 6F 72 2C 72 61 77 3A 64 61 74 65 20 2D 75 00 
09-02 14:17:54.726 14031 14031 E adbd    : service_to_fd: shell,v2,TERM=xterm-256color,raw:date -u
09-02 14:17:54.786 25459 25682 I BatteryMgr:DataCollectionService: stats => 1693657074786,119,4311
09-02 14:17:54.800 14031 14031 E adbd    : recv: OPEN 0002011e 00000000 003e:73 68 65 6C 6C 2C 76 32 2C 54 45 52 4D 3D 78 74 65 72 6D 2D 32 35 36 63 6F 6C 6F 72 2C 72 61 77 3A 64 75 6D 70 73 79 73 20 63 70 75 69 6E 66 6F 20 7C 20 67 72 65 70 20 54 4F 54 41 4C 00 
09-02 14:17:54.800 14031 14031 E adbd    : service_to_fd: shell,v2,TERM=xterm-256color,raw:dumpsys cpuinfo | grep TOTAL
09-02 14:17:54.885 14031 14031 E adbd    : recv: OPEN 00020121 00000000 003d:73 68 65 6C 6C 2C 76 32 2C 54 45 52 4D 3D 78 74 65 72 6D 2D 32 35 36 63 6F 6C 6F 72 2C 72 61 77 3A 64 75 6D 70 73 79 73 20 6D 65 6D 69 6E 66 6F 20 7C 20 67 72 65 70 20 55 73 65 64 00 
09-02 14:17:54.886 14031 14031 E adbd    : service_to_fd: shell,v2,TERM=xterm-256color,raw:dumpsys meminfo | grep Used
09-02 14:17:54.893 25459 25682 I BatteryMgr:DataCollectionService: stats => 1693657074893,119,4311
09-02 14:17:54.998 25459 25682 I BatteryMgr:DataCollectionService: stats => 1693657074998,119,4311
09-02 14:17:55.108 25459 25682 I BatteryMgr:DataCollectionService: stats => 1693657075107,119,4311
09-02 14:17:55.215 25459 25682 I BatteryMgr:DataCollectionService: stats => 1693657075215,119,4311
09-02 14:17:55.324 25459 25682 I BatteryMgr:DataCollectionService: stats => 1693657075324,119,4311
09-02 14:17:55.435 25459 25682 I BatteryMgr:DataCollectionService: stats => 1693657075435,119,4311
09-02 14:17:55.546 25459 25682 I BatteryMgr:DataCollectionService: stats => 1693657075546,119,4311
09-02 14:17:55.652 25459 25682 I BatteryMgr:DataCollectionService: stats => 1693657075652,119,4311
09-02 14:17:55.760 25459 25682 I BatteryMgr:DataCollectionService: stats => 1693657075760,119,4311
09-02 14:17:55.865 25459 25682 I BatteryMgr:DataCollectionService: stats => 1693657075865,119,4311
09-02 14:17:55.970 25459 25682 I BatteryMgr:DataCollectionService: stats => 1693657075969,119,4311
09-02 14:17:56.074 25459 25682 I BatteryMgr:DataCollectionService: stats => 1693657076074,119,4311
09-02 14:17:56.170  3979 10236 D ConnectivityService: filterNetworkStateForUid() uid: 10096 networkInfo: [type: WIFI[] - WIFI, state: CONNECTED/CONNECTED, reason: (unspecified), extra: "WiFi 69", failover: false, available: true, roaming: false, metered: false]
09-02 14:17:56.179 25459 25682 I BatteryMgr:DataCollectionService: stats => 1693657076179,119,4311
09-02 14:17:56.235  3979 10236 D SamsungAlarmManager: Cancel Alarm calling from uid:10025 pid :22051 / op:PendingIntent{85c5a17: PendingIntentRecord{a50954d com.google.android.gms startService}}
09-02 14:17:56.284 25459 25682 I BatteryMgr:DataCollectionService: stats => 1693657076284,119,4311
09-02 14:17:56.390 25459 25682 I BatteryMgr:DataCollectionService: stats => 1693657076390,119,4311
09-02 14:17:56.448  3979 10236 D ConnectivityService: filterNetworkStateForUid() uid: 10096 networkInfo: [type: WIFI[] - WIFI, state: CONNECTED/CONNECTED, reason: (unspecified), extra: "WiFi 69", failover: false, available: true, roaming: false, metered: false]
09-02 14:17:56.457  3979 10236 I ApplicationPolicy: isApplicationExternalStorageWhitelisted:com.android.chrome user:0
09-02 14:17:56.457  3979 10236 D ApplicationPolicy: isApplicationExternalStorageWhitelisted: DO is not enabled on user 0. Allowed.
09-02 14:17:56.457  3979 10236 D ActivityManager: package  com.android.chrome, user - 0 is SDcard whitelisted
09-02 14:17:56.457  3979 10236 I ApplicationPolicy: isApplicationExternalStorageBlacklisted:com.android.chrome user:0
09-02 14:17:56.457  3979 10236 D ApplicationPolicy: isApplicationExternalStorageBlacklisted: DO is not enabled on user 0. Allowed.
09-02 14:17:56.457  3979 10236 I ActivityManager: SA, print process name forked by webview_zygote : com.android.chrome:sandboxed_process1
09-02 14:17:56.460  4443  4443 E SchedPolicy: add_tid_to_cgroup failed; fd=-1
09-02 14:17:56.470 25708 25708 E /system/bin/webview_zygote32: failed to make and chown /acct/uid_99248: Permission denied
09-02 14:17:56.470 25708 25708 E Zygote  : createProcessGroup(99248, 0) failed: Permission denied
09-02 14:17:56.470  3979 10236 I ActivityManager: Start proc 25708:com.android.chrome:sandboxed_process1/u0i248 for webview_service com.android.chrome/org.chromium.content.app.SandboxedProcessService1
09-02 14:17:56.470 25708 25708 E libpersona: Couldn't open the File - /data/system/users/0.xml - Permission denied
09-02 14:17:56.471 25708 25708 W SELinux : SELinux selinux_android_compute_policy_index : Policy Index[2],  Con:u:r:webview_zygote:s0 RAM:SEPF_SM-J720F_8.0.0_0017, [-1 -1 -1 -1 0 1]
09-02 14:17:56.473 25708 25708 I SELinux : SELinux: seapp_context_lookup: seinfo=chrome, level=s0:c512,c768, pkgname=com.android.chrome:sandboxed_process1 
09-02 14:17:56.495 25708 25708 I SamplingProfilerIntegration: Profiling disabled.
09-02 14:17:56.495 25459 25682 I BatteryMgr:DataCollectionService: stats => 1693657076495,119,4311
09-02 14:17:56.500 25708 25708 D TimaKeyStoreProvider: TimaKeyStore is not enabled: cannot add TimaSignature Service and generateKeyPair Service
09-02 14:17:56.500 25708 25708 D ActivityThread: Added TimaKeyStore provider
09-02 14:17:56.505  3979  5966 I ActivityManager: DSS on for com.android.chrome and scale is 1.0
09-02 14:17:56.544 25722 25722 E asset   : setgid: Operation not permitted
09-02 14:17:56.586 25708 25708 I cr_SplitCompatApp: Launched version=107.0.5304.91 minSdkVersion=24 isBundle=true processName=com.android.chrome:sandboxed_process1 isIsolated=true
09-02 14:17:56.600 25459 25682 I BatteryMgr:DataCollectionService: stats => 1693657076600,119,4311
09-02 14:17:56.603 25708 25708 W SystemServiceRegistry: No service published for: uimode
09-02 14:17:56.608 25708 25708 V Monotype: fonts.xml take from : /system/etc/
09-02 14:17:56.682  3979 10236 D ConnectivityService: filterNetworkStateForUid() uid: 10096 networkInfo: [type: WIFI[] - WIFI, state: CONNECTED/CONNECTED, reason: (unspecified), extra: "WiFi 69", failover: false, available: true, roaming: false, metered: false]
09-02 14:17:56.695  3979 10236 I chatty  : uid=1000(system) Binder:3979_1F identical 1 line
09-02 14:17:56.710 25459 25682 I BatteryMgr:DataCollectionService: stats => 1693657076710,119,4311
09-02 14:17:56.712 25708 25708 E Typeface: Error mapping font file /system/fonts/SamsungSans-Num3L.ttf
09-02 14:17:56.712 25708 25708 E Minikin : Could not get cmap table size!
09-02 14:17:56.712 25708 25708 E Typeface: Unable to load Family: samsung-sans-num3L:null
09-02 14:17:56.713 25708 25708 E Typeface: Error mapping font file /system/fonts/SamsungSans-Num3T.ttf
09-02 14:17:56.713 25708 25708 E Minikin : Could not get cmap table size!
09-02 14:17:56.713 25708 25708 E Typeface: Unable to load Family: samsung-sans-num3T:null
09-02 14:17:56.713 25708 25708 E Typeface: Error mapping font file /system/fonts/SamsungSans-Num4L.ttf
09-02 14:17:56.713 25708 25708 E Minikin : Could not get cmap table size!
09-02 14:17:56.713 25708 25708 E Typeface: Unable to load Family: samsung-sans-num4L:null
09-02 14:17:56.713 25708 25708 E Typeface: Error mapping font file /system/fonts/SamsungSans-Num4T.ttf
09-02 14:17:56.713 25708 25708 E Minikin : Could not get cmap table size!
09-02 14:17:56.713 25708 25708 E Typeface: Unable to load Family: samsung-sans-num4T:null
09-02 14:17:56.713 25708 25708 E Typeface: Error mapping font file /system/fonts/SamsungSans-Num35.ttf
09-02 14:17:56.713 25708 25708 E Minikin : Could not get cmap table size!
09-02 14:17:56.713 25708 25708 E Typeface: Unable to load Family: samsung-sans-num35:null
09-02 14:17:56.713 25708 25708 E Typeface: Error mapping font file /system/fonts/SamsungSans-Num45.ttf
09-02 14:17:56.713 25708 25708 E Minikin : Could not get cmap table size!
09-02 14:17:56.713 25708 25708 E Typeface: Unable to load Family: samsung-sans-num45:null
09-02 14:17:56.713 25708 25708 E Typeface: Error mapping font file /system/fonts/SamsungSans-Num3Lv.ttf
09-02 14:17:56.713 25708 25708 E Minikin : Could not get cmap table size!
09-02 14:17:56.713 25708 25708 E Typeface: Unable to load Family: samsung-sans-num3LV:null
09-02 14:17:56.713 25708 25708 E Typeface: Error mapping font file /system/fonts/SamsungSans-Num3R.ttf
09-02 14:17:56.714 25708 25708 E Minikin : Could not get cmap table size!
09-02 14:17:56.714 25708 25708 E Typeface: Unable to load Family: samsung-sans-num3R:null
09-02 14:17:56.714 25708 25708 E Typeface: Error mapping font file /system/fonts/SamsungSans-Num4Tv.ttf
09-02 14:17:56.714 25708 25708 E Minikin : Could not get cmap table size!
09-02 14:17:56.714 25708 25708 E Typeface: Unable to load Family: samsung-sans-num4Tv:null
09-02 14:17:56.714 25708 25708 E Typeface: Error mapping font file /system/fonts/SamsungSans-Num4Lv.ttf
09-02 14:17:56.714 25708 25708 E Minikin : Could not get cmap table size!
09-02 14:17:56.714 25708 25708 E Typeface: Unable to load Family: samsung-sans-num4Lv:null
09-02 14:17:56.728 25708 25708 I cr_ChildProcessService: Creating new ChildProcessService pid=25708
09-02 14:17:56.742 25708 25708 E WebViewFactory: can't load with relro file; address space not reserved
09-02 14:17:56.753 25708 25724 I cr_LibraryLoader: Successfully loaded native library
09-02 14:17:56.754 25708 25724 I cr_CachingUmaRecorder: Flushed 3 samples from 3 histograms.
09-02 14:17:56.798  3979 10236 D ConnectivityService: filterNetworkStateForUid() uid: 10096 networkInfo: [type: WIFI[] - WIFI, state: CONNECTED/CONNECTED, reason: (unspecified), extra: "WiFi 69", failover: false, available: true, roaming: false, metered: false]
09-02 14:17:56.816 25459 25682 I BatteryMgr:DataCollectionService: stats => 1693657076816,119,4311
09-02 14:17:56.922 25459 25682 I BatteryMgr:DataCollectionService: stats => 1693657076921,119,4311
09-02 14:17:57.027 25459 25682 I BatteryMgr:DataCollectionService: stats => 1693657077027,119,4311
09-02 14:17:57.131 25459 25682 I BatteryMgr:DataCollectionService: stats => 1693657077131,119,4311
09-02 14:17:57.194  3449  3449 I android.hardware.wifi@1.0-service: getLinkLayerStats
09-02 14:17:57.238 25459 25682 I BatteryMgr:DataCollectionService: stats => 1693657077238,119,4311
09-02 14:17:57.344 25459 25682 I BatteryMgr:DataCollectionService: stats => 1693657077344,119,4311
09-02 14:17:57.450 25459 25682 I BatteryMgr:DataCollectionService: stats => 1693657077449,119,4311
09-02 14:17:57.557 25459 25682 I BatteryMgr:DataCollectionService: stats => 1693657077557,119,4311
09-02 14:17:57.666 25459 25682 I BatteryMgr:DataCollectionService: stats => 1693657077666,119,4311
09-02 14:17:57.772 25459 25682 I BatteryMgr:DataCollectionService: stats => 1693657077772,119,4311
09-02 14:17:57.878 25459 25682 I BatteryMgr:DataCollectionService: stats => 1693657077878,119,4311
09-02 14:17:57.975  3979  4668 D ConnectivityService: filterNetworkStateForUid() uid: 10096 networkInfo: [type: WIFI[] - WIFI, state: CONNECTED/CONNECTED, reason: (unspecified), extra: "WiFi 69", failover: false, available: true, roaming: false, metered: false]
09-02 14:17:57.983  3979  5966 I ApplicationPolicy: isApplicationExternalStorageWhitelisted:com.android.chrome user:0
09-02 14:17:57.983  3979  5966 D ApplicationPolicy: isApplicationExternalStorageWhitelisted: DO is not enabled on user 0. Allowed.
09-02 14:17:57.984  3979  5966 D ActivityManager: package  com.android.chrome, user - 0 is SDcard whitelisted
09-02 14:17:57.984 25459 25682 I BatteryMgr:DataCollectionService: stats => 1693657077983,119,4311
09-02 14:17:57.984  3979  5966 I ApplicationPolicy: isApplicationExternalStorageBlacklisted:com.android.chrome user:0
09-02 14:17:57.984  3979  5966 D ApplicationPolicy: isApplicationExternalStorageBlacklisted: DO is not enabled on user 0. Allowed.
09-02 14:17:57.984  3979  5966 I ActivityManager: SA, print process name forked by webview_zygote : com.android.chrome:sandboxed_process2
09-02 14:17:57.987  4443  4443 E SchedPolicy: add_tid_to_cgroup failed; fd=-1
09-02 14:17:57.994 25737 25737 E /system/bin/webview_zygote32: failed to make and chown /acct/uid_99249: Permission denied
09-02 14:17:57.994 25737 25737 E Zygote  : createProcessGroup(99249, 0) failed: Permission denied
09-02 14:17:57.995 25737 25737 E libpersona: Couldn't open the File - /data/system/users/0.xml - Permission denied
09-02 14:17:57.995 25737 25737 W SELinux : SELinux selinux_android_compute_policy_index : Policy Index[2],  Con:u:r:webview_zygote:s0 RAM:SEPF_SM-J720F_8.0.0_0017, [-1 -1 -1 -1 0 1]
09-02 14:17:57.996 25737 25737 I SELinux : SELinux: seapp_context_lookup: seinfo=chrome, level=s0:c512,c768, pkgname=com.android.chrome:sandboxed_process2 
09-02 14:17:57.999  3979  5966 I ActivityManager: Start proc 25737:com.android.chrome:sandboxed_process2/u0i249 for webview_service com.android.chrome/org.chromium.content.app.SandboxedProcessService2
09-02 14:17:58.013 25737 25737 I SamplingProfilerIntegration: Profiling disabled.
09-02 14:17:58.018 25737 25737 D TimaKeyStoreProvider: TimaKeyStore is not enabled: cannot add TimaSignature Service and generateKeyPair Service
09-02 14:17:58.019 25737 25737 D ActivityThread: Added TimaKeyStore provider
09-02 14:17:58.022  3979  4668 I ActivityManager: DSS on for com.android.chrome and scale is 1.0
09-02 14:17:58.060 25751 25751 E asset   : setgid: Operation not permitted
09-02 14:17:58.083 25737 25737 I cr_SplitCompatApp: Launched version=107.0.5304.91 minSdkVersion=24 isBundle=true processName=com.android.chrome:sandboxed_process2 isIsolated=true
09-02 14:17:58.088 25459 25682 I BatteryMgr:DataCollectionService: stats => 1693657078088,119,4311
09-02 14:17:58.099 25737 25737 W SystemServiceRegistry: No service published for: uimode
09-02 14:17:58.103 25737 25737 V Monotype: fonts.xml take from : /system/etc/
09-02 14:17:58.193 25459 25682 I BatteryMgr:DataCollectionService: stats => 1693657078193,119,4311
09-02 14:17:58.200 25737 25737 E Typeface: Error mapping font file /system/fonts/SamsungSans-Num3L.ttf
09-02 14:17:58.200 25737 25737 E Minikin : Could not get cmap table size!
09-02 14:17:58.200 25737 25737 E Typeface: Unable to load Family: samsung-sans-num3L:null
09-02 14:17:58.200 25737 25737 E Typeface: Error mapping font file /system/fonts/SamsungSans-Num3T.ttf
09-02 14:17:58.200 25737 25737 E Minikin : Could not get cmap table size!
09-02 14:17:58.200 25737 25737 E Typeface: Unable to load Family: samsung-sans-num3T:null
09-02 14:17:58.200 25737 25737 E Typeface: Error mapping font file /system/fonts/SamsungSans-Num4L.ttf
09-02 14:17:58.200 25737 25737 E Minikin : Could not get cmap table size!
09-02 14:17:58.200 25737 25737 E Typeface: Unable to load Family: samsung-sans-num4L:null
09-02 14:17:58.200 25737 25737 E Typeface: Error mapping font file /system/fonts/SamsungSans-Num4T.ttf
09-02 14:17:58.200 25737 25737 E Minikin : Could not get cmap table size!
09-02 14:17:58.200 25737 25737 E Typeface: Unable to load Family: samsung-sans-num4T:null
09-02 14:17:58.201 25737 25737 E Typeface: Error mapping font file /system/fonts/SamsungSans-Num35.ttf
09-02 14:17:58.201 25737 25737 E Minikin : Could not get cmap table size!
09-02 14:17:58.201 25737 25737 E Typeface: Unable to load Family: samsung-sans-num35:null
09-02 14:17:58.201 25737 25737 E Typeface: Error mapping font file /system/fonts/SamsungSans-Num45.ttf
09-02 14:17:58.201 25737 25737 E Minikin : Could not get cmap table size!
09-02 14:17:58.201 25737 25737 E Typeface: Unable to load Family: samsung-sans-num45:null
09-02 14:17:58.201 25737 25737 E Typeface: Error mapping font file /system/fonts/SamsungSans-Num3Lv.ttf
09-02 14:17:58.201 25737 25737 E Minikin : Could not get cmap table size!
09-02 14:17:58.201 25737 25737 E Typeface: Unable to load Family: samsung-sans-num3LV:null
09-02 14:17:58.201 25737 25737 E Typeface: Error mapping font file /system/fonts/SamsungSans-Num3R.ttf
09-02 14:17:58.201 25737 25737 E Minikin : Could not get cmap table size!
09-02 14:17:58.201 25737 25737 E Typeface: Unable to load Family: samsung-sans-num3R:null
09-02 14:17:58.201 25737 25737 E Typeface: Error mapping font file /system/fonts/SamsungSans-Num4Tv.ttf
09-02 14:17:58.201 25737 25737 E Minikin : Could not get cmap table size!
09-02 14:17:58.201 25737 25737 E Typeface: Unable to load Family: samsung-sans-num4Tv:null
09-02 14:17:58.201 25737 25737 E Typeface: Error mapping font file /system/fonts/SamsungSans-Num4Lv.ttf
09-02 14:17:58.201 25737 25737 E Minikin : Could not get cmap table size!
09-02 14:17:58.201 25737 25737 E Typeface: Unable to load Family: samsung-sans-num4Lv:null
09-02 14:17:58.205 25737 25737 I cr_ChildProcessService: Creating new ChildProcessService pid=25737
09-02 14:17:58.211 25737 25737 E WebViewFactory: can't load with relro file; address space not reserved
09-02 14:17:58.221 25737 25752 I cr_LibraryLoader: Successfully loaded native library
09-02 14:17:58.222 25737 25752 I cr_CachingUmaRecorder: Flushed 3 samples from 3 histograms.
09-02 14:17:58.299 25459 25682 I BatteryMgr:DataCollectionService: stats => 1693657078298,119,4311
09-02 14:17:58.404 25459 25682 I BatteryMgr:DataCollectionService: stats => 1693657078404,119,4311
09-02 14:17:58.509 25459 25682 I BatteryMgr:DataCollectionService: stats => 1693657078509,119,4311
09-02 14:17:58.614 25459 25682 I BatteryMgr:DataCollectionService: stats => 1693657078613,119,4311
09-02 14:17:58.674 14031 14031 E adbd    : recv: OPEN 00020124 00000000 0029:73 68 65 6C 6C 2C 76 32 2C 54 45 52 4D 3D 78 74 65 72 6D 2D 32 35 36 63 6F 6C 6F 72 2C 72 61 77 3A 64 61 74 65 20 2D 75 00 
09-02 14:17:58.674 14031 14031 E adbd    : service_to_fd: shell,v2,TERM=xterm-256color,raw:date -u
09-02 14:17:58.686 14031 14031 E adbd    : recv: OPEN 00020127 00000000 00cc:73 68 65 6C 6C 2C 76 32 2C 54 45 52 4D 3D 78 74 65 72 6D 2D 32 35 36 63 6F 6C 6F 72 2C 72 61 77 3A 61 6D 20 73 74 61 72 74 20 2D 61 20 61 6E 64 72 6F 69 64 2E 69 6E 74 65 6E 74 2E 61 63 74 69 6F 6E 2E 56 49 45 57 20 2D 6E 20 63 6F 6D 2E 61 6E 64 72 6F 69 64 2E 63 68 72 6F 6D 65 2F 63 6F 6D 2E 67 6F 6F 67 6C 65 2E 61 6E 64 72 6F 69 64 2E 61 70 70 73 2E 63 68 72 6F 6D 65 2E 4D 61 69 6E 20 2D 64 20 68 74 74 70 3A 2F 2F 31 39 32 2E 31 36 38 2E 38 38 2E 31 37 37 3A 38 30 30 30 2F 47 65 6E 65 72 61 6C 2F 65 73 70 6E 2D 76 65 6E 64 6F 72 2F 77 77 77 2E 65 73 70 6E 2E 63 6F 6D 2F 69 6E 64 65 78 2E 68 74 6D 6C 00 
09-02 14:17:58.686 14031 14031 E adbd    : service_to_fd: shell,v2,TERM=xterm-256color,raw:am start -a android.intent.action.VIEW -n com.android.chrome/com.google.android.apps.chrome.Main -d http://192.168.88.177:8000/General/espn-vendor/www.espn.com/index.html
09-02 14:17:58.718 25459 25682 I BatteryMgr:DataCollectionService: stats => 1693657078718,119,4311
09-02 14:17:58.740 14031 14031 E adbd    : recv: OPEN 0002012a 00000000 003e:73 68 65 6C 6C 2C 76 32 2C 54 45 52 4D 3D 78 74 65 72 6D 2D 32 35 36 63 6F 6C 6F 72 2C 72 61 77 3A 64 75 6D 70 73 79 73 20 63 70 75 69 6E 66 6F 20 7C 20 67 72 65 70 20 54 4F 54 41 4C 00 
09-02 14:17:58.740 14031 14031 E adbd    : service_to_fd: shell,v2,TERM=xterm-256color,raw:dumpsys cpuinfo | grep TOTAL
09-02 14:17:58.753  3979  4373 I ActivityManager: START u0 {act=android.intent.action.VIEW typ=null flg=0x10000000 cmp=ComponentInfo{com.android.chrome/com.google.android.apps.chrome.Main}} from uid 2000
09-02 14:17:58.754  3979  4373 D CustomFrequencyManagerService: acquireDVFSLockLocked : type : DVFS_MIN_LIMIT  frequency : 1560000  uid : 1000  pid : 3979  pkgName : AMS_ACT_START@CPU_MIN@8
09-02 14:17:58.755  3979  4373 D ActivityManagerPerformance: AMP_acquire() ACT_START
09-02 14:17:58.779 25501 25501 D InputMethodManager: HSIFW - flag : 0 Pid : 25501
09-02 14:17:58.780  3979  4373 V InputMethodManagerService: Client requesting input be hidden, flags : 0
09-02 14:17:58.780  3979  4373 V InputMethodManagerService: hideCurrentInputLocked : shouldHideSoftInput is false
09-02 14:17:58.785  3979  4668 D ConnectivityService: filterNetworkStateForUid() uid: 10096 networkInfo: [type: WIFI[] - WIFI, state: CONNECTED/CONNECTED, reason: (unspecified), extra: "WiFi 69", failover: false, available: true, roaming: false, metered: false]
09-02 14:17:58.789 25501 25501 E cr_IntentUtils: getInt failed on bundle null
09-02 14:17:58.793 25501 25501 E ResourceType: Style contains key with bad entry: 0x0101062c
09-02 14:17:58.796  3979  4373 D ConnectivityService: filterNetworkStateForUid() uid: 10096 networkInfo: [type: WIFI[] - WIFI, state: CONNECTED/CONNECTED, reason: (unspecified), extra: "WiFi 69", failover: false, available: true, roaming: false, metered: false]
09-02 14:17:58.806  3979  4668 I ApplicationPolicy: isApplicationExternalStorageWhitelisted:com.android.chrome user:0
09-02 14:17:58.807  3979  4668 D ApplicationPolicy: isApplicationExternalStorageWhitelisted: DO is not enabled on user 0. Allowed.
09-02 14:17:58.807  3979  4668 D ActivityManager: package  com.android.chrome, user - 0 is SDcard whitelisted
09-02 14:17:58.807  3979  4668 I ApplicationPolicy: isApplicationExternalStorageBlacklisted:com.android.chrome user:0
09-02 14:17:58.807  3979  4668 D ApplicationPolicy: isApplicationExternalStorageBlacklisted: DO is not enabled on user 0. Allowed.
09-02 14:17:58.807  3979  4668 I ActivityManager: SA, print process name forked by webview_zygote : com.android.chrome:sandboxed_process3
09-02 14:17:58.809 14031 14031 E adbd    : recv: OPEN 0002012d 00000000 003d:73 68 65 6C 6C 2C 76 32 2C 54 45 52 4D 3D 78 74 65 72 6D 2D 32 35 36 63 6F 6C 6F 72 2C 72 61 77 3A 64 75 6D 70 73 79 73 20 6D 65 6D 69 6E 66 6F 20 7C 20 67 72 65 70 20 55 73 65 64 00 
09-02 14:17:58.809 14031 14031 E adbd    : service_to_fd: shell,v2,TERM=xterm-256color,raw:dumpsys meminfo | grep Used
09-02 14:17:58.812  4443  4443 E SchedPolicy: add_tid_to_cgroup failed; fd=-1
09-02 14:17:58.822 25781 25781 E /system/bin/webview_zygote32: failed to make and chown /acct/uid_99250: Permission denied
09-02 14:17:58.822 25781 25781 E Zygote  : createProcessGroup(99250, 0) failed: Permission denied
09-02 14:17:58.822 25781 25781 E libpersona: Couldn't open the File - /data/system/users/0.xml - Permission denied
09-02 14:17:58.824 25781 25781 W SELinux : SELinux selinux_android_compute_policy_index : Policy Index[2],  Con:u:r:webview_zygote:s0 RAM:SEPF_SM-J720F_8.0.0_0017, [-1 -1 -1 -1 0 1]
09-02 14:17:58.825 25781 25781 I SELinux : SELinux: seapp_context_lookup: seinfo=chrome, level=s0:c512,c768, pkgname=com.android.chrome:sandboxed_process3 
09-02 14:17:58.828 25501 25501 D InputMethodManager: HSIFW - flag : 0 Pid : 25501
09-02 14:17:58.828  3979  5966 V InputMethodManagerService: Client requesting input be hidden, flags : 0
09-02 14:17:58.828  3979  5966 V InputMethodManagerService: hideCurrentInputLocked : shouldHideSoftInput is false
09-02 14:17:58.832  3979  4668 I ActivityManager: Start proc 25781:com.android.chrome:sandboxed_process3/u0i250 for webview_service com.android.chrome/org.chromium.content.app.SandboxedProcessService3
09-02 14:17:58.837 25459 25682 I BatteryMgr:DataCollectionService: stats => 1693657078837,119,4311
09-02 14:17:58.864 25781 25781 I SamplingProfilerIntegration: Profiling disabled.
09-02 14:17:58.870 25781 25781 D TimaKeyStoreProvider: TimaKeyStore is not enabled: cannot add TimaSignature Service and generateKeyPair Service
09-02 14:17:58.870 25781 25781 D ActivityThread: Added TimaKeyStore provider
09-02 14:17:58.874  3979 10236 I ActivityManager: DSS on for com.android.chrome and scale is 1.0
09-02 14:17:58.882  3979 10236 D ConnectivityService: filterNetworkStateForUid() uid: 10096 networkInfo: [type: WIFI[] - WIFI, state: CONNECTED/CONNECTED, reason: (unspecified), extra: "WiFi 69", failover: false, available: true, roaming: false, metered: false]
09-02 14:17:58.883 25501 25501 I cr_OfflineDetector: Running updateState mConnectivityDetectorInitialized: true, mTimeWhenLastForegrounded: 102260315, getElapsedTime: 102260315, mTimeWhenLastOfflineNotificationReceived: 0, mTimeWhenLastOnline: 102250786, mApplicationState: 1, mIsOfflineLastReportedByConnectivityDetector: false, mIsEffectivelyOffline: false
09-02 14:17:58.883 25501 25501 I cr_OfflineDetector: updateState(): timeSinceLastForeground: 0, timeSinceOfflineNotificationReceived: 102260315, timeSinceLastOnline: 9529, timeNeededForForeground: 2000, timeNeededForOffline: -102258315
09-02 14:17:58.893  3979 10236 I chatty  : uid=1000(system) Binder:3979_1F identical 2 lines
09-02 14:17:58.906  3979 10236 D ConnectivityService: filterNetworkStateForUid() uid: 10096 networkInfo: [type: WIFI[] - WIFI, state: CONNECTED/CONNECTED, reason: (unspecified), extra: "WiFi 69", failover: false, available: true, roaming: false, metered: false]
09-02 14:17:58.919 25798 25798 E asset   : setgid: Operation not permitted
09-02 14:17:58.941 25459 25682 I BatteryMgr:DataCollectionService: stats => 1693657078941,119,4311
09-02 14:17:58.965 25781 25781 I cr_SplitCompatApp: Launched version=107.0.5304.91 minSdkVersion=24 isBundle=true processName=com.android.chrome:sandboxed_process3 isIsolated=true
09-02 14:17:58.971  3979  4373 V WindowManager: Relayout Window{b4397b6 u0 com.android.chrome/com.google.android.apps.chrome.Main}: viewVisibility=0 req=720x1280 WM.LayoutParams{(0,0)(fillxfill) sim=#13 ty=1 fl=#81810100 pfl=0x20000 fmt=-3 wanim=0x10302fd vsysui=0x2600 sysuil=true needsMenuKey=2 colorMode=0 naviIconColor=0}
09-02 14:17:58.977 25501 25501 D ViewRootImpl@aaa9410[Main]: Relayout returned: old=[0,0][720,1280] new=[0,0][720,1280] result=0x1 surface={valid=true 3329312768} changed=false
09-02 14:17:58.981 25781 25781 W SystemServiceRegistry: No service published for: uimode
09-02 14:17:58.988 25501 25501 I cr_tabmodel: Appending tabs being restored to metadata lists, 0, startingNormalCount: 81, startingIncognitoCount: 0
09-02 14:17:58.988 25501 25501 I cr_tabmodel: Serializing tab lists; counts: 81, 0
09-02 14:17:58.989 25781 25781 V Monotype: fonts.xml take from : /system/etc/
09-02 14:17:58.990 25501 25501 V InputMethodManager: Starting input: tba=android.view.inputmethod.EditorInfo@4d77ee0 nm : com.android.chrome ic=null
09-02 14:17:58.990 25501 25501 I InputMethodManager: startInputInner - mService.startInputOrWindowGainedFocus
09-02 14:17:58.990  3979  4373 D InputMethodManagerService: startInputOrWindowGainedFocus : startInput 
09-02 14:17:58.991  3979  4373 D InputMethodManagerService: setCurrentInputInfo - inputContext : null eidtorInfo : android.view.inputmethod.EditorInfo@948bfff missingMethods : 0
09-02 14:17:58.991  4336  4336 I InputMethodWrapper:  call dispatchStartInputWithToken
09-02 14:17:58.992  4336  4336 I InputMethodService: dispatchStartInputWithToken
09-02 14:17:58.993  4336  4336 I SKBD    : SamsungKeypad [IMI] onStartInput - caller pid : 25501, caller uid : 10096
09-02 14:17:58.993  4336  4336 I SKBD    : SamsungKeypad  CACHEDIC onStartInput  isCachedICEnabled:  false
09-02 14:17:58.993  4336  4336 I SKBD    : atl getDefaultInputRange : UNKNOWN
09-02 14:17:58.993  4336  4336 I SKBD    : awo resetBinderManager()
09-02 14:17:58.993  4336  4336 I SKBD_SYNC: SamsungKeypad onStartInput: import DLM
09-02 14:17:58.993  4336  4336 I SKBD    : atl setPrivateImeOptionsToTable privateImeOptions ( null )
09-02 14:17:58.993  4336  4336 I SKBD    : atl imeOptions is null
09-02 14:17:58.993  4336  4336 I SKBD    : SamsungKeypad [PF_OP][onStartInput] 723269
09-02 14:17:59.002  3979  6899 D SSRM:G  : SIOP:: AP = 330, PST = 310 (W:10), BAT = 275, USB = 0, CHG = 0
09-02 14:17:59.045 25459 25682 I BatteryMgr:DataCollectionService: stats => 1693657079045,119,4311
09-02 14:17:59.152 25459 25682 I BatteryMgr:DataCollectionService: stats => 1693657079152,119,4311
09-02 14:17:59.225 25781 25781 E Typeface: Error mapping font file /system/fonts/SamsungSans-Num3L.ttf
09-02 14:17:59.225 25781 25781 E Minikin : Could not get cmap table size!
09-02 14:17:59.226 25781 25781 E Typeface: Unable to load Family: samsung-sans-num3L:null
09-02 14:17:59.226 25781 25781 E Typeface: Error mapping font file /system/fonts/SamsungSans-Num3T.ttf
09-02 14:17:59.226 25781 25781 E Minikin : Could not get cmap table size!
09-02 14:17:59.226 25781 25781 E Typeface: Unable to load Family: samsung-sans-num3T:null
09-02 14:17:59.226 25781 25781 E Typeface: Error mapping font file /system/fonts/SamsungSans-Num4L.ttf
09-02 14:17:59.226 25781 25781 E Minikin : Could not get cmap table size!
09-02 14:17:59.227 25781 25781 E Typeface: Unable to load Family: samsung-sans-num4L:null
09-02 14:17:59.227 25781 25781 E Typeface: Error mapping font file /system/fonts/SamsungSans-Num4T.ttf
09-02 14:17:59.227 25781 25781 E Minikin : Could not get cmap table size!
09-02 14:17:59.227 25781 25781 E Typeface: Unable to load Family: samsung-sans-num4T:null
09-02 14:17:59.227 25781 25781 E Typeface: Error mapping font file /system/fonts/SamsungSans-Num35.ttf
09-02 14:17:59.227 25781 25781 E Minikin : Could not get cmap table size!
09-02 14:17:59.227 25781 25781 E Typeface: Unable to load Family: samsung-sans-num35:null
09-02 14:17:59.228 25781 25781 E Typeface: Error mapping font file /system/fonts/SamsungSans-Num45.ttf
09-02 14:17:59.228 25781 25781 E Minikin : Could not get cmap table size!
09-02 14:17:59.228 25781 25781 E Typeface: Unable to load Family: samsung-sans-num45:null
09-02 14:17:59.228 25781 25781 E Typeface: Error mapping font file /system/fonts/SamsungSans-Num3Lv.ttf
09-02 14:17:59.228 25781 25781 E Minikin : Could not get cmap table size!
09-02 14:17:59.228 25781 25781 E Typeface: Unable to load Family: samsung-sans-num3LV:null
09-02 14:17:59.229 25781 25781 E Typeface: Error mapping font file /system/fonts/SamsungSans-Num3R.ttf
09-02 14:17:59.229 25781 25781 E Minikin : Could not get cmap table size!
09-02 14:17:59.229 25781 25781 E Typeface: Unable to load Family: samsung-sans-num3R:null
09-02 14:17:59.229 25781 25781 E Typeface: Error mapping font file /system/fonts/SamsungSans-Num4Tv.ttf
09-02 14:17:59.229 25781 25781 E Minikin : Could not get cmap table size!
09-02 14:17:59.229 25781 25781 E Typeface: Unable to load Family: samsung-sans-num4Tv:null
09-02 14:17:59.230 25781 25781 E Typeface: Error mapping font file /system/fonts/SamsungSans-Num4Lv.ttf
09-02 14:17:59.230 25781 25781 E Minikin : Could not get cmap table size!
09-02 14:17:59.230 25781 25781 E Typeface: Unable to load Family: samsung-sans-num4Lv:null
09-02 14:17:59.236 25781 25781 I cr_ChildProcessService: Creating new ChildProcessService pid=25781
09-02 14:17:59.246 25781 25781 E WebViewFactory: can't load with relro file; address space not reserved
09-02 14:17:59.257 25459 25682 I BatteryMgr:DataCollectionService: stats => 1693657079256,119,4311
09-02 14:17:59.258 25781 25799 I cr_LibraryLoader: Successfully loaded native library
09-02 14:17:59.259 25781 25799 I cr_CachingUmaRecorder: Flushed 3 samples from 3 histograms.
09-02 14:17:59.362 25459 25682 I BatteryMgr:DataCollectionService: stats => 1693657079361,119,4311
09-02 14:17:59.467 25459 25682 I BatteryMgr:DataCollectionService: stats => 1693657079467,119,4311
09-02 14:17:59.470  4962  4962 D io_stats: !@ 179,0 r 631698 19065884 w 434002 9316012 d 46805 19649852 f 114810 117501 iot 534420 449662 th 51200 0 0 pt 0 inp 0 0 47612.715
09-02 14:17:59.489 25781 25799 I tflite  : Initialized TensorFlow Lite runtime.
09-02 14:17:59.572 25459 25682 I BatteryMgr:DataCollectionService: stats => 1693657079572,119,4311
09-02 14:17:59.678 25459 25682 I BatteryMgr:DataCollectionService: stats => 1693657079678,119,4311
09-02 14:17:59.725 25501 25501 I cr_tabmodel: Appending tabs being restored to metadata lists, 0, startingNormalCount: 81, startingIncognitoCount: 0
09-02 14:17:59.725 25501 25501 I cr_tabmodel: Serializing tab lists; counts: 81, 0
09-02 14:17:59.765 25501 25501 I cr_StartSurface: Recorded Startup.Android.StartSurfaceShownAtStartup = false
09-02 14:17:59.774 25501 25538 I cr_BindingManager: Visible binding enabled: maxSize=40
09-02 14:17:59.784 25459 25682 I BatteryMgr:DataCollectionService: stats => 1693657079783,119,4311
09-02 14:17:59.792  3979  5965 W StorageManager: getStorageLowBytes lowPercent : 5, lowBytes : 1260145254, maxLowBytes : 524288000
09-02 14:17:59.824  3979  3994 D SemExecuteManagerService: onShortcutChanged: com.android.chrome0
09-02 14:17:59.825  5213  5256 D LauncherApps: onShortcutChanged 0,com.android.chrome
