--------- beginning of system
09-01 19:13:15.661  1513  2000 D ConnectivityService: NetReassign [no changes]
09-01 19:13:16.120  1513  3227 I ActivityManager: Force stopping com.android.chrome appid=10220 user=0: from pid 29757
--------- beginning of main
09-01 19:13:16.126  2474  2474 E PhoneInterfaceManager: [PhoneIntfMgr] getCarrierPackageNamesForIntentAndPhone: No UICC
09-01 19:13:16.126  2474  2474 D CarrierSvcBindHelper: No carrier app for: 0
09-01 19:13:16.137  3135  3135 D RegisteredNfcFServicesCache: Service unchanged, not updating
09-01 19:13:16.138  8777  8777 I EuiccGoogle: [2] EuiccServiceImpl.onCreate: onCreate Single-SIM mode: simCardState is 1
09-01 19:13:16.144  8777 29763 I EuiccGoogle: [6005] EuiccServiceImpl.onGetEuiccProfileInfoList: onGetEuiccProfileInfoList: slotId = -1
09-01 19:13:16.148  8777 29763 W EuiccGoogle: [6005] EuiccServiceImpl.onGetEuiccProfileInfoList: slotId=-1. No eUICC is active. Return null.
09-01 19:13:16.165   901  1000 D VSC     : @ 33582.618: [WO] tilt angle 89
09-01 19:13:16.377  1513  3227 I ActivityTaskManager: START u0 {act=android.intent.action.VIEW flg=0x10008000 cmp=com.android.chrome/com.google.android.apps.chrome.Main} from uid 2000
09-01 19:13:16.377  1513  1572 D EventSequenceValidator: inc AccIntentStartedEvents to 2
09-01 19:13:16.402   901  2806 I sensors-hal: [ssc_utils]get_qmi_debug_flag:244, support_qmi_debug : false
09-01 19:13:16.410 29757 29759 I cmd     : oneway function results will be dropped but finished with status OK and parcel size 4
09-01 19:13:16.411  1513  1572 D CompatibilityChangeReporter: Compat change id reported: 135634846; UID 10220; state: DISABLED
09-01 19:13:16.411  1513  1572 D CompatibilityChangeReporter: Compat change id reported: 135754954; UID 10220; state: ENABLED
09-01 19:13:16.412  1513  1625 D CompatibilityChangeReporter: Compat change id reported: 143937733; UID 10220; state: ENABLED
09-01 19:13:16.418   901  1000 W ASH     : @ 33582.871: Unhandled msg ID 999: line 1277
09-01 19:13:16.418   901  1000 E ASH     : @ 33582.871: No pb callback assigned
09-01 19:13:16.418   901  1000 E ASH     : @ 33582.871: Nanopb error: callback failed:1588
09-01 19:13:16.422   778   778 D Zygote  : Forked child process 29767
09-01 19:13:16.429  1513  1625 I ActivityManager: Start proc 29767:com.android.chrome/u0a220 for pre-top-activity {com.android.chrome/com.google.android.apps.chrome.Main}
09-01 19:13:16.432 29767 29767 E .android.chrom: Not starting debugger since process cannot load the jdwp agent.
09-01 19:13:16.433  3088  3660 I AssistantForeground: (REDACTED) Get launcher package: %s
09-01 19:13:16.449 29767 29767 W .android.chrom: JIT profile information will not be recorded: profile file does not exist.
09-01 19:13:16.453 29767 29767 I LoadedApk: No resource references to update in package com.google.android.trichromelibrary
09-01 19:13:16.453 29767 29767 D NetworkSecurityConfig: Using Network Security Config from resource 0_resource_name_obfuscated debugBuild: false
09-01 19:13:16.454 29767 29767 D NetworkSecurityConfig: Using Network Security Config from resource 0_resource_name_obfuscated debugBuild: false
09-01 19:13:16.454 29767 29767 I cr_SplitCompatApp: Launched version=107.0.5304.91 minSdkVersion=29 isBundle=true processName=com.android.chrome isIsolated=false
09-01 19:13:16.459  2158  2158 I WallpaperService: engine resumed
09-01 19:13:16.463   901   901 I sensors-hal: [hal]batch_physical_sensor:301, android.sensor.gyroscope/41, period=20000000, max_latency=0
09-01 19:13:16.463   901   901 I sensors-hal: [hal]batch_physical_sensor:310, android.sensor.gyroscope/41, period=20000000, max_latency=0 request completed
09-01 19:13:16.463   901   901 I sensors-hal: [hal]activate_physical_sensor:238, android.sensor.gyroscope/41 en=1
09-01 19:13:16.463   901   901 I sensors-hal: [ssc_utils]get_qmi_debug_flag:244, support_qmi_debug : false
09-01 19:13:16.464   901   901 W sensors@2.0-ser: type=1400 audit(0.0:4158): avc: denied { read write } for name="diag" dev="tmpfs" ino=12474 scontext=u:r:hal_sensors_default:s0 tcontext=u:object_r:diag_device:s0 tclass=chr_file permissive=0
09-01 19:13:16.464   901   901 W sensors@2.0-ser: type=1400 audit(0.0:4159): avc: denied { read write } for name="diag" dev="tmpfs" ino=12474 scontext=u:r:hal_sensors_default:s0 tcontext=u:object_r:diag_device:s0 tclass=chr_file permissive=0
09-01 19:13:16.470   901   901 D Diag_Lib:  Diag_LSM_Init: Failed to open handle to diag driver, error = 13
09-01 19:13:16.470   901   901 D Diag_Lib:  Diag_LSM_Init: Failed to open handle to diag driver, error = 13
09-01 19:13:16.470   901   901 I sensors-hal: [ssc_sensor]update_handle:537, handle=331, type=33, wakeup=0, hwid=0, base=331
09-01 19:13:16.471   901   901 I sensors-hal: [ssc_utils]get_qmi_debug_flag:244, support_qmi_debug : false
09-01 19:13:16.474   901   901 I sensors-hal: [ssc_utils]get_qmi_debug_flag:244, support_qmi_debug : false
09-01 19:13:16.474   901 29796 I sensors-hal: [ssc_sensor]ssc_conn_resp_cb:663, resp_value = 0
09-01 19:13:16.474   901  1000 W SEE     : @ 33582.928: adding req to Q sensor=8 req=0xb2031278 msg=513
09-01 19:13:16.476   901 29796 I sensors-hal: [sensor]submit_sensors_hal_event:146, android.sensor.additional_info: trying to push empty Events, count = 0
09-01 19:13:16.476   901 29796 I sensors-hal: [sensor]submit_sensors_hal_event:146, android.sensor.additional_info: trying to push empty Events, count = 0
09-01 19:13:16.478   901   901 I sensors-hal: [hal]activate_physical_sensor:249, android.sensor.gyroscope/41 en=1 completed
09-01 19:13:16.478   901 29799 I sensors-hal: [ssc_sensor]ssc_conn_resp_cb:663, resp_value = 0
09-01 19:13:16.479   901  1000 W SEE     : @ 33582.932: adding req to Q sensor=2 req=0xb2028928 msg=513
09-01 19:13:16.480 29767 29802 I cr_LibraryLoader: Using ModernLinker
09-01 19:13:16.480 29767 29802 I cr_LibraryLoader: Loading monochrome_64 from within /data/app/~~_KLlx60MH8CoecPTjMKp8g==/com.android.chrome-kw9RHYrlHKb9bPXi8OTClw==/base.apk
09-01 19:13:16.481   901 29799 I sensors-hal: [sensor]submit_sensors_hal_event:146, android.sensor.gyroscope: trying to push empty Events, count = 1
09-01 19:13:16.481   901 29799 I chatty  : uid=1000(system) sensors@2.0-ser identical 1 line
09-01 19:13:16.481   901 29799 I sensors-hal: [sensor]submit_sensors_hal_event:146, android.sensor.gyroscope: trying to push empty Events, count = 1
09-01 19:13:16.481 29767 29802 W linker  : Warning: "/data/app/~~_KLlx60MH8CoecPTjMKp8g==/com.android.chrome-kw9RHYrlHKb9bPXi8OTClw==/base.apk!/lib/arm64-v8a/libchromium_android_linker.so" unused DT entry: unknown processor-specific (type 0x70000001 arg 0x0) (ignoring)
09-01 19:13:16.482 29767 29802 I cr_ModernLinker: loadLibraryImplLocked: monochrome_64, relroMode=1
09-01 19:13:16.483 29767 29802 W linker  : Warning: "/data/app/~~pvdNlmkqoAdokjnHYmWQbA==/com.google.android.trichromelibrary_530409134-AZWnkLs2PHY5miTP6ZiTzA==/base.apk!/lib/arm64-v8a/libmonochrome_64.so" unused DT entry: unknown processor-specific (type 0x70000001 arg 0x0) (ignoring)
09-01 19:13:16.488  2816 10247 I FontLog : Received query Google Sans:700, URI content://com.google.android.gms.fonts [CONTEXT service_id=132 ]
09-01 19:13:16.488  2816 10247 I FontLog : Query [Google Sans:700] resolved to {Google Sans, wdth 100.0, wght 700, ital 0.0, bestEffort false} [CONTEXT service_id=132 ]
09-01 19:13:16.490  2816 10247 I FontLog : Fetch {Google Sans, wdth 100.0, wght 700, ital 0.0, bestEffort false} end status Status{statusCode=SUCCESS, resolution=null} [CONTEXT service_id=132 ]
09-01 19:13:16.494   901 29799 I sensors-hal: [sensor]submit_sensors_hal_event:146, android.sensor.gyroscope: trying to push empty Events, count = 1
09-01 19:13:16.495  2816 10247 I FontLog : Pulling font file for id = 1076, cache size = 6 [CONTEXT service_id=132 ]
09-01 19:13:16.500 29767 29802 I cr_LibraryLoader: Successfully loaded native library
09-01 19:13:16.501 29767 29802 I cr_CachingUmaRecorder: Flushed 30 samples from 28 histograms.
09-01 19:13:16.515 29767 29806 W DynamiteModule: Local module descriptor class for com.google.android.gms.googlecertificates not found.
09-01 19:13:16.518 29709 29807 D ProfileInstaller: Installing profile for com.example.batterymanager_utility
09-01 19:13:16.527 29767 29806 I DynamiteModule: Considering local module com.google.android.gms.googlecertificates:0 and remote module com.google.android.gms.googlecertificates:7
09-01 19:13:16.527 29767 29806 I DynamiteModule: Selected remote version of com.google.android.gms.googlecertificates, version >= 7
09-01 19:13:16.534 29767 29806 W System  : ClassLoader referenced unknown path: 
09-01 19:13:16.538  1513  8504 D CompatibilityChangeReporter: Compat change id reported: 136274596; UID 10220; state: ENABLED
09-01 19:13:16.547 29767 29767 I cr_CompositorSurfaceMgr: Transitioning to surface with format: -1
09-01 19:13:16.577 29767 29792 I cr_tabmodel: Starting to fetch tab list for tab_state0
09-01 19:13:16.578 29767 29788 I cr_tabmodel: Starting to fetch tab list for tab_state1
09-01 19:13:16.578 29767 29788 I cr_tabmodel: State file does not exist.
09-01 19:13:16.578 29767 29792 I cr_tabmodel: Finished fetching tab list.
09-01 19:13:16.602   592   629 W DisplayIdentification: Invalid EDID: falling back to serial number due to missing display name.
09-01 19:13:16.602   592   629 W DisplayIdentification: Invalid EDID: falling back to ASCII text due to missing serial number.
09-01 19:13:16.612  1513  3227 D CompatibilityChangeReporter: Compat change id reported: 135634846; UID 10220; state: DISABLED
09-01 19:13:16.612  1513  3227 D CompatibilityChangeReporter: Compat change id reported: 135754954; UID 10220; state: ENABLED
09-01 19:13:16.612  1513  1625 D CompatibilityChangeReporter: Compat change id reported: 143937733; UID 10220; state: ENABLED
09-01 19:13:16.620   778   778 D Zygote  : Forked child process 29825
09-01 19:13:16.624  1513  1625 W ZygoteProcess: Got error connecting to zygote, retrying. msg= Connection refused
09-01 19:13:16.624 29767 29823 I AdrenoGLES-0: QUALCOMM build                   : 35605c3, Ia11ce2d146
09-01 19:13:16.624 29767 29823 I AdrenoGLES-0: Build Date                       : 09/02/20
09-01 19:13:16.624 29767 29823 I AdrenoGLES-0: OpenGL ES Shader Compiler Version: EV031.31.04.00
09-01 19:13:16.624 29767 29823 I AdrenoGLES-0: Local Branch                     : gfx-adreno.lnx.2.0
09-01 19:13:16.624 29767 29823 I AdrenoGLES-0: Remote Branch                    : 
09-01 19:13:16.624 29767 29823 I AdrenoGLES-0: Remote Branch                    : 
09-01 19:13:16.624 29767 29823 I AdrenoGLES-0: Reconstruct Branch               : 
09-01 19:13:16.624 29767 29823 I AdrenoGLES-0: Build Config                     : S P 10.0.4 AArch64
09-01 19:13:16.624 29767 29823 I AdrenoGLES-0: Driver Path                      : /vendor/lib64/egl/libGLESv2_adreno.so
09-01 19:13:16.627 29825 29825 I libc    : SetHeapTaggingLevel: tag level set to 0
09-01 19:13:16.628 29767 29823 I AdrenoGLES-0: PFP: 0x016dd090, ME: 0x00000000
09-01 19:13:16.630 29767 29767 I cr_StartSurfaceConfig: Recorded Startup.Android.FirstDrawCompletedTime.NoInstant = 106 ms
09-01 19:13:16.636 29767 29823 W AdrenoUtils: <ReadGpuID_from_sysfs:197>: Failed to open /sys/class/kgsl/kgsl-3d0/gpu_model
09-01 19:13:16.636 29767 29823 W AdrenoUtils: <ReadGpuID:221>: Failed to read chip ID from gpu_model. Fallback to use the GSL path
09-01 19:13:16.644  2816 14894 E bfyz    : Phenotype API error. Event # deor@32679e9, EventCode: 7 [CONTEXT service_id=51 ]
09-01 19:13:16.644  2816 14894 E bfyz    : bfyb: 29505: No config packages for log source, or config package not registered
09-01 19:13:16.644  2816 14894 E bfyz    : 	at bfzu.b(:com.google.android.gms@224312037@22.43.12 (150400-483592595):4)
09-01 19:13:16.644  2816 14894 E bfyz    : 	at bfzr.g(:com.google.android.gms@224312037@22.43.12 (150400-483592595):0)
09-01 19:13:16.644  2816 14894 E bfyz    : 	at bfyz.e(:com.google.android.gms@224312037@22.43.12 (150400-483592595):4)
09-01 19:13:16.644  2816 14894 E bfyz    : 	at bfyz.f(:com.google.android.gms@224312037@22.43.12 (150400-483592595):2)
09-01 19:13:16.644  2816 14894 E bfyz    : 	at aqyg.eq(:com.google.android.gms@224312037@22.43.12 (150400-483592595):1)
09-01 19:13:16.644  2816 14894 E bfyz    : 	at aqym.run(:com.google.android.gms@224312037@22.43.12 (150400-483592595):12)
09-01 19:13:16.644  2816 14894 E bfyz    : 	at ckdj.run(:com.google.android.gms@224312037@22.43.12 (150400-483592595):2)
09-01 19:13:16.644  2816 14894 E bfyz    : 	at zqv.c(:com.google.android.gms@224312037@22.43.12 (150400-483592595):6)
09-01 19:13:16.644  2816 14894 E bfyz    : 	at zqv.run(:com.google.android.gms@224312037@22.43.12 (150400-483592595):7)
09-01 19:13:16.644  2816 14894 E bfyz    : 	at java.util.concurrent.ThreadPoolExecutor.runWorker(ThreadPoolExecutor.java:1167)
09-01 19:13:16.644  2816 14894 E bfyz    : 	at java.util.concurrent.ThreadPoolExecutor$Worker.run(ThreadPoolExecutor.java:641)
09-01 19:13:16.644  2816 14894 E bfyz    : 	at zwa.run(:com.google.android.gms@224312037@22.43.12 (150400-483592595):0)
09-01 19:13:16.644  2816 14894 E bfyz    : 	at java.lang.Thread.run(Thread.java:923)
09-01 19:13:16.645  2816 14894 W AsyncOperation: operation=GetExperimentTokensOperationCall, opStatusCode=29505 [CONTEXT service_id=51 ]
09-01 19:13:16.645  2816 14894 W AsyncOperation: OperationException[Status{statusCode=No config packages for log source, or config package not registered, resolution=null}]
09-01 19:13:16.645  2816 14894 W AsyncOperation: 	at bfyz.e(:com.google.android.gms@224312037@22.43.12 (150400-483592595):6)
09-01 19:13:16.645  2816 14894 W AsyncOperation: 	at bfyz.f(:com.google.android.gms@224312037@22.43.12 (150400-483592595):2)
09-01 19:13:16.645  2816 14894 W AsyncOperation: 	at aqyg.eq(:com.google.android.gms@224312037@22.43.12 (150400-483592595):1)
09-01 19:13:16.645  2816 14894 W AsyncOperation: 	at aqym.run(:com.google.android.gms@224312037@22.43.12 (150400-483592595):12)
09-01 19:13:16.645  2816 14894 W AsyncOperation: 	at ckdj.run(:com.google.android.gms@224312037@22.43.12 (150400-483592595):2)
09-01 19:13:16.645  2816 14894 W AsyncOperation: 	at zqv.c(:com.google.android.gms@224312037@22.43.12 (150400-483592595):6)
09-01 19:13:16.645  2816 14894 W AsyncOperation: 	at zqv.run(:com.google.android.gms@224312037@22.43.12 (150400-483592595):7)
09-01 19:13:16.645  2816 14894 W AsyncOperation: 	at java.util.concurrent.ThreadPoolExecutor.runWorker(ThreadPoolExecutor.java:1167)
09-01 19:13:16.645  2816 14894 W AsyncOperation: 	at java.util.concurrent.ThreadPoolExecutor$Worker.run(ThreadPoolExecutor.java:641)
09-01 19:13:16.645  2816 14894 W AsyncOperation: 	at zwa.run(:com.google.android.gms@224312037@22.43.12 (150400-483592595):0)
09-01 19:13:16.645  2816 14894 W AsyncOperation: 	at java.lang.Thread.run(Thread.java:923)
09-01 19:13:16.653  1513  1572 D EventSequenceValidator: dec AccIntentStartedEvents to 1
09-01 19:13:16.657  1513  1622 D ArtManagerInternalImpl: /data/misc/iorapd/com.android.chrome/530409134/com.google.android.apps.chrome.Main/compiled_traces/compiled_trace.pb doesn't exist
09-01 19:13:16.661  1513  1622 I ActivityTaskManager: Displayed com.android.chrome/com.google.android.apps.chrome.Main: +275ms
09-01 19:13:16.670 29767 29767 I TetheringManager: registerTetheringEventCallback:com.android.chrome
09-01 19:13:16.675  1513  1625 I AppZygote: Starting application preload.
09-01 19:13:16.680 29825 29825 I AppZygoteInit: Beginning application preload for com.android.chrome
09-01 19:13:16.692 29825 29825 I cr_ZygotePreload: Loaded Zygote. version=107.0.5304.91 minSdkVersion=29 isBundle=true
09-01 19:13:16.696 29825 29825 W linker  : Warning: "/data/app/~~pvdNlmkqoAdokjnHYmWQbA==/com.google.android.trichromelibrary_530409134-AZWnkLs2PHY5miTP6ZiTzA==/base.apk!/lib/arm64-v8a/libmonochrome_64.so" unused DT entry: unknown processor-specific (type 0x70000001 arg 0x0) (ignoring)
09-01 19:13:16.713 29767 29814 W cr_PartnerCustomize: Partner homepage must be HTTP(S) or NewTabPage. Got invalid URL ""
09-01 19:13:16.724  1513  1625 I AppZygote: Application preload done.
09-01 19:13:16.724 29825 29825 I AppZygoteInit: Application preload done
09-01 19:13:16.736 29825 29831 W d.chrome_zygot: Reducing the number of considered missed Gc histogram windows from 3357 to 100
09-01 19:13:16.742 29767 29767 I cr_SmsProviderGms: construction successfull IU2@8bcdcfa, FU2@71a72ab
09-01 19:13:16.747 29767 29843 W InstanceID: Instance ID SDK is deprecated, com.android.chrome should update to use Firebase Instance ID
09-01 19:13:16.750 29825 29825 D Zygote  : Forked child process 29854
09-01 19:13:16.754  1513  1625 W ActivityManager: Slow operation: 142ms so far, now at startProcess: returned from zygote!
09-01 19:13:16.756  1513  1625 W ActivityManager: Slow operation: 144ms so far, now at startProcess: done updating battery stats
09-01 19:13:16.756  1513  1625 W ActivityManager: Slow operation: 144ms so far, now at startProcess: building log message
09-01 19:13:16.756  1513  1625 I ActivityManager: Start proc 29854:com.android.chrome:sandboxed_process0:org.chromium.content.app.SandboxedProcessService0:0/u0ai0 for  {com.android.chrome/org.chromium.content.app.SandboxedProcessService0:0}
09-01 19:13:16.756  1513  1625 W ActivityManager: Slow operation: 144ms so far, now at startProcess: starting to update pids map
09-01 19:13:16.756 29854 29854 E libc    : SetHeapTaggingLevel: re-enabling tagging after it was disabled is not supported
09-01 19:13:16.758  1513  1625 W ActivityManager: Slow operation: 146ms so far, now at startProcess: done updating pids map
09-01 19:13:16.759  1513  1536 D ConnectivityService: requestNetwork for uid/pid:10220/29767 NetworkRequest [ TRACK_DEFAULT id=1505, [ Capabilities: INTERNET&NOT_RESTRICTED&TRUSTED Uid: 10220 AdministratorUids: [] RequestorUid: 10220 RequestorPackageName: com.android.chrome] ]
09-01 19:13:16.759  1513  2000 D ConnectivityService: NetReassign [1505 : null → 100]
09-01 19:13:16.759  1513  1996 D WifiNetworkFactory: got request NetworkRequest [ TRACK_DEFAULT id=1505, [ Capabilities: INTERNET&NOT_RESTRICTED&TRUSTED Uid: 10220 AdministratorUids: [] RequestorUid: 10220 RequestorPackageName: com.android.chrome] ] with score 60 and providerId 5
09-01 19:13:16.759  1513  2038 D Ethernet: got request NetworkRequest [ TRACK_DEFAULT id=1505, [ Capabilities: INTERNET&NOT_RESTRICTED&TRUSTED Uid: 10220 AdministratorUids: [] RequestorUid: 10220 RequestorPackageName: com.android.chrome] ] with score 60 and providerId 5
09-01 19:13:16.762  1513  2000 D ConnectivityService: NetReassign [no changes]
09-01 19:13:16.763  2474  2474 D PhoneSwitcherNetworkRequstListener: got request NetworkRequest [ TRACK_DEFAULT id=1505, [ Capabilities: INTERNET&NOT_RESTRICTED&TRUSTED Uid: 10220 AdministratorUids: [] RequestorUid: 10220 RequestorPackageName: com.android.chrome] ] with score 60 and providerId 5
09-01 19:13:16.763  1513  2037 D WIFI_AWARE_FACTORY: got request NetworkRequest [ TRACK_DEFAULT id=1505, [ Capabilities: INTERNET&NOT_RESTRICTED&TRUSTED Uid: 10220 AdministratorUids: [] RequestorUid: 10220 RequestorPackageName: com.android.chrome] ] with score 60 and providerId 5
09-01 19:13:16.763  1513  1996 D UntrustedWifiNetworkFactory: got request NetworkRequest [ TRACK_DEFAULT id=1505, [ Capabilities: INTERNET&NOT_RESTRICTED&TRUSTED Uid: 10220 AdministratorUids: [] RequestorUid: 10220 RequestorPackageName: com.android.chrome] ] with score 60 and providerId 5
09-01 19:13:16.765 29854 29854 E ocessService0:: Not starting debugger since process cannot load the jdwp agent.
09-01 19:13:16.772   778   778 D Zygote  : Forked child process 29871
09-01 19:13:16.780  1513  1625 W ActivityManager: Slow operation: 72ms so far, now at startProcess: returned from zygote!
09-01 19:13:16.780  1513  1625 W ActivityManager: Slow operation: 72ms so far, now at startProcess: done updating battery stats
09-01 19:13:16.780  1513  1625 W ActivityManager: Slow operation: 72ms so far, now at startProcess: building log message
09-01 19:13:16.780  1513  1625 I ActivityManager: Start proc 29871:com.android.chrome:privileged_process0/u0a220 for service {com.android.chrome/org.chromium.content.app.PrivilegedProcessService0}
09-01 19:13:16.781  1513  1625 W ActivityManager: Slow operation: 72ms so far, now at startProcess: starting to update pids map
09-01 19:13:16.781  1513  1625 W ActivityManager: Slow operation: 72ms so far, now at startProcess: done updating pids map
09-01 19:13:16.784  1513  3223 D CompatibilityChangeReporter: Compat change id reported: 136274596; UID 10220; state: ENABLED
09-01 19:13:16.791  1513  3223 D ConnectivityService: requestNetwork for uid/pid:10220/29767 NetworkRequest [ TRACK_DEFAULT id=1507, [ Capabilities: INTERNET&NOT_RESTRICTED&TRUSTED Uid: 10220 AdministratorUids: [] RequestorUid: 10220 RequestorPackageName: com.android.chrome] ]
09-01 19:13:16.792  1513  2000 D ConnectivityService: NetReassign [1507 : null → 100]
09-01 19:13:16.792  1513  1996 D WifiNetworkFactory: got request NetworkRequest [ TRACK_DEFAULT id=1507, [ Capabilities: INTERNET&NOT_RESTRICTED&TRUSTED Uid: 10220 AdministratorUids: [] RequestorUid: 10220 RequestorPackageName: com.android.chrome] ] with score 60 and providerId 5
09-01 19:13:16.792  1513  2037 D WIFI_AWARE_FACTORY: got request NetworkRequest [ TRACK_DEFAULT id=1507, [ Capabilities: INTERNET&NOT_RESTRICTED&TRUSTED Uid: 10220 AdministratorUids: [] RequestorUid: 10220 RequestorPackageName: com.android.chrome] ] with score 60 and providerId 5
09-01 19:13:16.792  1513  1996 D UntrustedWifiNetworkFactory: got request NetworkRequest [ TRACK_DEFAULT id=1507, [ Capabilities: INTERNET&NOT_RESTRICTED&TRUSTED Uid: 10220 AdministratorUids: [] RequestorUid: 10220 RequestorPackageName: com.android.chrome] ] with score 60 and providerId 5
09-01 19:13:16.793  1513  2000 D ConnectivityService: NetReassign [no changes]
09-01 19:13:16.794  1513  2038 D Ethernet: got request NetworkRequest [ TRACK_DEFAULT id=1507, [ Capabilities: INTERNET&NOT_RESTRICTED&TRUSTED Uid: 10220 AdministratorUids: [] RequestorUid: 10220 RequestorPackageName: com.android.chrome] ] with score 60 and providerId 5
09-01 19:13:16.794  2474  2474 D PhoneSwitcherNetworkRequstListener: got request NetworkRequest [ TRACK_DEFAULT id=1507, [ Capabilities: INTERNET&NOT_RESTRICTED&TRUSTED Uid: 10220 AdministratorUids: [] RequestorUid: 10220 RequestorPackageName: com.android.chrome] ] with score 60 and providerId 5
09-01 19:13:16.800 29767 29767 W cr_KnoxSettingsProvider: Permission to read device policy denied.
09-01 19:13:16.805 29871 29871 E ileged_process: Not starting debugger since process cannot load the jdwp agent.
09-01 19:13:16.805  1513  1536 D CompatibilityChangeReporter: Compat change id reported: 149924527; UID 10220; state: ENABLED
09-01 19:13:16.806  1513  2905 D CompatibilityChangeReporter: Compat change id reported: 132649864; UID 10220; state: DISABLED
09-01 19:13:16.810 29767 29767 I cr_CompositorSurfaceMgr: Transitioning to surface with format: -1
09-01 19:13:16.811 29767 29767 I cr_CompositorSurfaceMgr: surfaceCreated format: 0
09-01 19:13:16.814 29854 29854 I LoadedApk: No resource references to update in package com.google.android.trichromelibrary
09-01 19:13:16.815 29854 29854 D NetworkSecurityConfig: Using Network Security Config from resource 0_resource_name_obfuscated debugBuild: false
09-01 19:13:16.817 29854 29854 D NetworkSecurityConfig: Using Network Security Config from resource 0_resource_name_obfuscated debugBuild: false
09-01 19:13:16.818 29854 29854 I cr_SplitCompatApp: Launched version=107.0.5304.91 minSdkVersion=29 isBundle=true processName=com.android.chrome:sandboxed_process0:org.chromium.content.app.SandboxedProcessService0:0 isIsolated=true
09-01 19:13:16.819 29767 29767 I cr_ChromeTabbedActivity: #initializeState
09-01 19:13:16.820 29767 29767 I cr_CipherFactory: #restoreFromBundle, no savedInstanceState.
09-01 19:13:16.820 29767 29767 I cr_tabmodel: #loadState, ignoreIncognitoFiles? true
09-01 19:13:16.820 29767 29767 I cr_tabmodel: Tab metadata, skipIncognitoCount? false incognitoCount: 0 totalCount: 39
09-01 19:13:16.820 29767 29767 I cr_tabmodel: #isIncognitoTabBeingRestored from tabDetails:  false
09-01 19:13:16.821 29767 29767 W cr_tabmodel: Failed to restore TabState; creating Tab with last known URL.
09-01 19:13:16.823  1513  1536 D CompatibilityChangeReporter: Compat change id reported: 136274596; UID 10220; state: ENABLED
09-01 19:13:16.833 29871 29871 W ileged_process: JIT profile information will not be recorded: profile file does not exist.
09-01 19:13:16.839 29871 29871 I LoadedApk: No resource references to update in package com.google.android.trichromelibrary
09-01 19:13:16.840 29854 29854 W SystemServiceRegistry: No service published for: uimode
09-01 19:13:16.840 29871 29871 D NetworkSecurityConfig: Using Network Security Config from resource 0_resource_name_obfuscated debugBuild: false
09-01 19:13:16.840 29871 29871 D NetworkSecurityConfig: Using Network Security Config from resource 0_resource_name_obfuscated debugBuild: false
09-01 19:13:16.841 29871 29871 I cr_SplitCompatApp: Launched version=107.0.5304.91 minSdkVersion=29 isBundle=true processName=com.android.chrome:privileged_process0 isIsolated=false
09-01 19:13:16.845 29854 29854 I cr_ChildProcessService: Creating new ChildProcessService pid=29854
09-01 19:13:16.852 29871 29871 I cr_ChildProcessService: Creating new ChildProcessService pid=29871
09-01 19:13:16.858 29871 29893 I cr_LibraryLoader: Using ModernLinker
09-01 19:13:16.859 29854 29882 I cr_LibraryLoader: Using ModernLinker
09-01 19:13:16.862 29871 29896 W linker  : Warning: "/data/app/~~_KLlx60MH8CoecPTjMKp8g==/com.android.chrome-kw9RHYrlHKb9bPXi8OTClw==/base.apk!/lib/arm64-v8a/libchromium_android_linker.so" unused DT entry: unknown processor-specific (type 0x70000001 arg 0x0) (ignoring)
09-01 19:13:16.862 29854 29882 W linker  : Warning: "/data/app/~~_KLlx60MH8CoecPTjMKp8g==/com.android.chrome-kw9RHYrlHKb9bPXi8OTClw==/base.apk!/lib/arm64-v8a/libchromium_android_linker.so" unused DT entry: unknown processor-specific (type 0x70000001 arg 0x0) (ignoring)
09-01 19:13:16.863 29767 29767 E cr_IntentUtils: getBooleanExtra failed on intent null
09-01 19:13:16.863 29767 29767 E cr_IntentUtils: getBooleanExtra failed on intent null
09-01 19:13:16.863 29854 29882 E cr_ChromiumAndroidLinker: ReserveAddressWithHint: Address range starting at 0x7a3797d000 was not free to use
09-01 19:13:16.864 29871 29896 I cr_LibraryLoader: Loading monochrome_64 from within /data/app/~~_KLlx60MH8CoecPTjMKp8g==/com.android.chrome-kw9RHYrlHKb9bPXi8OTClw==/base.apk
09-01 19:13:16.864 29871 29896 I cr_ModernLinker: loadLibraryImplLocked: monochrome_64, relroMode=2
09-01 19:13:16.866 29871 29896 W linker  : Warning: "/data/app/~~pvdNlmkqoAdokjnHYmWQbA==/com.google.android.trichromelibrary_530409134-AZWnkLs2PHY5miTP6ZiTzA==/base.apk!/lib/arm64-v8a/libmonochrome_64.so" unused DT entry: unknown processor-specific (type 0x70000001 arg 0x0) (ignoring)
09-01 19:13:16.871 29854 29895 I cr_LibraryLoader: Successfully loaded native library
09-01 19:13:16.873 29854 29895 I cr_CachingUmaRecorder: Flushed 3 samples from 3 histograms.
09-01 19:13:16.891 29871 29896 I cr_LibraryLoader: Successfully loaded native library
09-01 19:13:16.892 29871 29896 I cr_CachingUmaRecorder: Flushed 11 samples from 11 histograms.
09-01 19:13:16.901  2816 10247 I FontLog : Received query name=Google Sans&weight=700&besteffort=false, URI content://com.google.android.gms.fonts [CONTEXT service_id=132 ]
09-01 19:13:16.901  2816 10247 I FontLog : Query [name=Google Sans&weight=700&besteffort=false] resolved to {Google Sans, wdth 100.0, wght 700, ital 0.0, bestEffort false} [CONTEXT service_id=132 ]
09-01 19:13:16.901 29871 29896 I AdrenoGLES-0: QUALCOMM build                   : 35605c3, Ia11ce2d146
09-01 19:13:16.901 29871 29896 I AdrenoGLES-0: Build Date                       : 09/02/20
09-01 19:13:16.901 29871 29896 I AdrenoGLES-0: OpenGL ES Shader Compiler Version: EV031.31.04.00
09-01 19:13:16.901 29871 29896 I AdrenoGLES-0: Local Branch                     : gfx-adreno.lnx.2.0
09-01 19:13:16.901 29871 29896 I AdrenoGLES-0: Remote Branch                    : 
09-01 19:13:16.901 29871 29896 I AdrenoGLES-0: Remote Branch                    : 
09-01 19:13:16.901 29871 29896 I AdrenoGLES-0: Reconstruct Branch               : 
09-01 19:13:16.901 29871 29896 I AdrenoGLES-0: Build Config                     : S P 10.0.4 AArch64
09-01 19:13:16.901 29871 29896 I AdrenoGLES-0: Driver Path                      : /vendor/lib64/egl/libGLESv2_adreno.so
09-01 19:13:16.903  2816 10247 I FontLog : Fetch {Google Sans, wdth 100.0, wght 700, ital 0.0, bestEffort false} end status Status{statusCode=SUCCESS, resolution=null} [CONTEXT service_id=132 ]
09-01 19:13:16.904 29871 29896 I AdrenoGLES-0: PFP: 0x016dd090, ME: 0x00000000
09-01 19:13:16.908  2816 10247 I FontLog : Pulling font file for id = 1077, cache size = 5 [CONTEXT service_id=132 ]
09-01 19:13:16.910 29767 29767 I cr_OfflineIndicator: onConnectionTypeChanged 2
09-01 19:13:16.911 29767 29767 I cr_OfflineIndicator: Reported by system: [ Transports: WIFI Capabilities: NOT_METERED&INTERNET&NOT_RESTRICTED&TRUSTED&NOT_VPN&VALIDATED&NOT_ROAMING&FOREGROUND&NOT_CONGESTED&NOT_SUSPENDED LinkUpBandwidth>=94050Kbps LinkDnBandwidth>=35750Kbps SignalStrength: -55 AdministratorUids: [] RequestorUid: -1 RequestorPackageName: null]
09-01 19:13:16.911 29767 29767 I cr_OfflineIndicator: setConnectionState connectionState=4
09-01 19:13:16.912 29767 29767 I cr_OfflineDetector: Running updateState mConnectivityDetectorInitialized: true, mTimeWhenLastForegrounded: 33580136, getElapsedTime: 33580137, mTimeWhenLastOfflineNotificationReceived: 0, mTimeWhenLastOnline: 33580137, mApplicationState: 1, mIsOfflineLastReportedByConnectivityDetector: false, mIsEffectivelyOffline: false
09-01 19:13:16.912 29767 29767 I cr_OfflineDetector: updateState(): timeSinceLastForeground: 1, timeSinceOfflineNotificationReceived: 33580137, timeSinceLastOnline: 0, timeNeededForForeground: 1999, timeNeededForOffline: -33578137
09-01 19:13:16.912 29767 29767 I cr_OfflineIndicator: processConnectivityCheckResult mConnectionState=4 mConnectivityCheckingStage=1
09-01 19:13:16.912  2816 10247 I FontLog : Received query name=Noto Color Emoji Compat&weight=400&besteffort=false, URI content://com.google.android.gms.fonts [CONTEXT service_id=132 ]
09-01 19:13:16.913  2816 10247 I FontLog : Query [name=Noto Color Emoji Compat&weight=400&besteffort=false] resolved to {Noto Color Emoji Compat, wdth 100.0, wght 400, ital 0.0, bestEffort false} [CONTEXT service_id=132 ]
09-01 19:13:16.915  2816 10247 I FontLog : Fetch {Noto Color Emoji Compat, wdth 100.0, wght 400, ital 0.0, bestEffort false} end status Status{statusCode=SUCCESS, resolution=null} [CONTEXT service_id=132 ]
09-01 19:13:16.915 29871 29896 W AdrenoUtils: <ReadGpuID_from_sysfs:197>: Failed to open /sys/class/kgsl/kgsl-3d0/gpu_model
09-01 19:13:16.915 29871 29896 W AdrenoUtils: <ReadGpuID:221>: Failed to read chip ID from gpu_model. Fallback to use the GSL path
09-01 19:13:16.918  2816 10247 I FontLog : Pulling font file for id = 1078, cache size = 6 [CONTEXT service_id=132 ]
09-01 19:13:16.922  2816 10247 I FontLog : Received query name=Google Sans&weight=400&besteffort=false, URI content://com.google.android.gms.fonts [CONTEXT service_id=132 ]
09-01 19:13:16.923  2816 10247 I FontLog : Query [name=Google Sans&weight=400&besteffort=false] resolved to {Google Sans, wdth 100.0, wght 400, ital 0.0, bestEffort false} [CONTEXT service_id=132 ]
09-01 19:13:16.924  2816 10247 I FontLog : Font PFD returned from cache for {Google Sans, wdth 100.0, wght 400, ital 0.0, bestEffort false} [CONTEXT service_id=132 ]
09-01 19:13:16.924  2816 10247 I FontLog : Fetch {Google Sans, wdth 100.0, wght 400, ital 0.0, bestEffort false} end status Status{statusCode=SUCCESS, resolution=null} [CONTEXT service_id=132 ]
09-01 19:13:16.928  2816 10247 I FontLog : Pulling font file for id = 1079, cache size = 5 [CONTEXT service_id=132 ]
09-01 19:13:16.930 29871 29896 D vulkan  : searching for layers in '/data/app/~~_KLlx60MH8CoecPTjMKp8g==/com.android.chrome-kw9RHYrlHKb9bPXi8OTClw==/lib/arm64'
09-01 19:13:16.931 29871 29896 D vulkan  : searching for layers in '/data/app/~~_KLlx60MH8CoecPTjMKp8g==/com.android.chrome-kw9RHYrlHKb9bPXi8OTClw==/base.apk!/lib/arm64-v8a'
09-01 19:13:16.931 29871 29896 D vulkan  : searching for layers in '/data/app/~~pvdNlmkqoAdokjnHYmWQbA==/com.google.android.trichromelibrary_530409134-AZWnkLs2PHY5miTP6ZiTzA==/base.apk!/lib/arm64-v8a'
09-01 19:13:16.934  2816 10247 I FontLog : Received query name=Google Sans&weight=500&besteffort=false, URI content://com.google.android.gms.fonts [CONTEXT service_id=132 ]
09-01 19:13:16.935  2816 10247 I FontLog : Query [name=Google Sans&weight=500&besteffort=false] resolved to {Google Sans, wdth 100.0, wght 500, ital 0.0, bestEffort false} [CONTEXT service_id=132 ]
09-01 19:13:16.938  2816 10247 I FontLog : Font PFD returned from cache for {Google Sans, wdth 100.0, wght 500, ital 0.0, bestEffort false} [CONTEXT service_id=132 ]
09-01 19:13:16.938  2816 10247 I FontLog : Fetch {Google Sans, wdth 100.0, wght 500, ital 0.0, bestEffort false} end status Status{statusCode=SUCCESS, resolution=null} [CONTEXT service_id=132 ]
09-01 19:13:16.940 29871 29896 I AdrenoVK-0: ===== BEGIN DUMP OF OVERRIDDEN SETTINGS =====
09-01 19:13:16.940 29871 29896 I AdrenoVK-0: ===== END DUMP OF OVERRIDDEN SETTINGS =====
09-01 19:13:16.940 29871 29896 I AdrenoVK-0: QUALCOMM build          : 35605c3, Ia11ce2d146
09-01 19:13:16.940 29871 29896 I AdrenoVK-0: Build Date              : 09/02/20
09-01 19:13:16.940 29871 29896 I AdrenoVK-0: Shader Compiler Version : EV031.31.04.00
09-01 19:13:16.940 29871 29896 I AdrenoVK-0: Local Branch            : gfx-adreno.lnx.2.0
09-01 19:13:16.940 29871 29896 I AdrenoVK-0: Remote Branch           : 
09-01 19:13:16.940 29871 29896 I AdrenoVK-0: Remote Branch           : 
09-01 19:13:16.940 29871 29896 I AdrenoVK-0: Reconstruct Branch      : 
09-01 19:13:16.940 29871 29896 I AdrenoVK-0: Build Config            : S P 10.0.4 AArch64
09-01 19:13:16.940 29871 29896 I AdrenoVK-0: Driver Path             : /vendor/lib64/hw/vulkan.adreno.so
09-01 19:13:16.943  2816 10247 I FontLog : Pulling font file for id = 1080, cache size = 6 [CONTEXT service_id=132 ]
09-01 19:13:16.959 29767 29767 W linker  : Warning: "/data/app/~~_KLlx60MH8CoecPTjMKp8g==/com.android.chrome-kw9RHYrlHKb9bPXi8OTClw==/split_vr.apk!/lib/arm64-v8a/libmonochrome_64_vr_partition.so" unused DT entry: unknown processor-specific (type 0x70000001 arg 0x0) (ignoring)
09-01 19:13:16.963  1513  1536 D ConnectivityService: requestNetwork for uid/pid:10220/29767 NetworkRequest [ TRACK_DEFAULT id=1509, [ Capabilities: INTERNET&NOT_RESTRICTED&TRUSTED Uid: 10220 AdministratorUids: [] RequestorUid: 10220 RequestorPackageName: com.android.chrome] ]
09-01 19:13:16.963  1513  2000 D ConnectivityService: NetReassign [1509 : null → 100]
09-01 19:13:16.964  1513  1996 D WifiNetworkFactory: got request NetworkRequest [ TRACK_DEFAULT id=1509, [ Capabilities: INTERNET&NOT_RESTRICTED&TRUSTED Uid: 10220 AdministratorUids: [] RequestorUid: 10220 RequestorPackageName: com.android.chrome] ] with score 60 and providerId 5
09-01 19:13:16.964  1513  2037 D WIFI_AWARE_FACTORY: got request NetworkRequest [ TRACK_DEFAULT id=1509, [ Capabilities: INTERNET&NOT_RESTRICTED&TRUSTED Uid: 10220 AdministratorUids: [] RequestorUid: 10220 RequestorPackageName: com.android.chrome] ] with score 60 and providerId 5
09-01 19:13:16.964  2474  2474 D PhoneSwitcherNetworkRequstListener: got request NetworkRequest [ TRACK_DEFAULT id=1509, [ Capabilities: INTERNET&NOT_RESTRICTED&TRUSTED Uid: 10220 AdministratorUids: [] RequestorUid: 10220 RequestorPackageName: com.android.chrome] ] with score 60 and providerId 5
09-01 19:13:16.964  1513  1996 D UntrustedWifiNetworkFactory: got request NetworkRequest [ TRACK_DEFAULT id=1509, [ Capabilities: INTERNET&NOT_RESTRICTED&TRUSTED Uid: 10220 AdministratorUids: [] RequestorUid: 10220 RequestorPackageName: com.android.chrome] ] with score 60 and providerId 5
09-01 19:13:16.965  1513  2038 D Ethernet: got request NetworkRequest [ TRACK_DEFAULT id=1509, [ Capabilities: INTERNET&NOT_RESTRICTED&TRUSTED Uid: 10220 AdministratorUids: [] RequestorUid: 10220 RequestorPackageName: com.android.chrome] ] with score 60 and providerId 5
09-01 19:13:16.965  1513  2000 D ConnectivityService: NetReassign [no changes]
09-01 19:13:16.978 29767 29847 I cr_VrCoreVersionChecker: Unable to find VrCore.
09-01 19:13:17.026 29767 29767 I Choreographer: Skipped 32 frames!  The application may be doing too much work on its main thread.
09-01 19:13:17.032 29854 29895 I tflite  : Initialized TensorFlow Lite runtime.
09-01 19:13:17.049  2158  2158 I WallpaperService: engine paused
09-01 19:13:17.050   901   901 I sensors-hal: [hal]activate_physical_sensor:238, android.sensor.gyroscope/41 en=0
09-01 19:13:17.051   901   901 D Diag_Lib: diag: Diag_LSM_DeInit done for pid: 901
09-01 19:13:17.052 29767 29767 I cr_tabmodel: #isIncognitoTabBeingRestored from tabState:  false
09-01 19:13:17.052 29767 29767 I cr_tabmodel: #isIncognitoTabBeingRestored from tabState:  false
09-01 19:13:17.052   901   901 D Diag_Lib: diag: Diag_LSM_DeInit done for pid: 901
09-01 19:13:17.052   901   901 I sensors-hal: [hal]activate_physical_sensor:249, android.sensor.gyroscope/41 en=0 completed
09-01 19:13:17.065  1513  8184 I AdrenoGLES-0: QUALCOMM build                   : 35605c3, Ia11ce2d146
09-01 19:13:17.065  1513  8184 I AdrenoGLES-0: Build Date                       : 09/02/20
09-01 19:13:17.065  1513  8184 I AdrenoGLES-0: OpenGL ES Shader Compiler Version: EV031.31.04.00
09-01 19:13:17.065  1513  8184 I AdrenoGLES-0: Local Branch                     : gfx-adreno.lnx.2.0
09-01 19:13:17.065  1513  8184 I AdrenoGLES-0: Remote Branch                    : 
09-01 19:13:17.065  1513  8184 I AdrenoGLES-0: Remote Branch                    : 
09-01 19:13:17.065  1513  8184 I AdrenoGLES-0: Reconstruct Branch               : 
09-01 19:13:17.065  1513  8184 I AdrenoGLES-0: Build Config                     : S P 10.0.4 AArch64
09-01 19:13:17.065  1513  8184 I AdrenoGLES-0: Driver Path                      : /vendor/lib64/egl/libGLESv2_adreno.so
09-01 19:13:17.075  1513  8184 I AdrenoGLES-0: PFP: 0x016dd090, ME: 0x00000000
09-01 19:13:17.077  2858  2858 I GoogleInputMethodService: GoogleInputMethodService.onFinishInput():3280 
09-01 19:13:17.081  2858  2858 I GoogleInputMethodService: GoogleInputMethodService.updateDeviceLockedStatus():2169 repeatCheckTimes = 0, unlocked = true
09-01 19:13:17.081  2858  2858 I GoogleInputMethodService: GoogleInputMethodService.onStartInput():1960 onStartInput(EditorInfo{inputType=0x0(NULL) imeOptions=0x12000000 privateImeOptions=null actionName=UNSPECIFIED actionLabel=null actionId=0 initialSelStart=-1 initialSelEnd=-1 initialCapsMode=0x0 hintText=null label=null packageName=com.android.chrome fieldId=-1 fieldName=null extras=null}, false)
09-01 19:13:17.081  2858  2858 I GoogleInputMethodService: GoogleInputMethodService.shouldHideHeaderOnInitialState():4081 ShouldHideHeaderOnInitialState = false
09-01 19:13:17.081  2858  2858 I GoogleInputMethodService: GoogleInputMethodService.updateDeviceLockedStatus():2169 repeatCheckTimes = 2, unlocked = true
09-01 19:13:17.082 29767 29767 I cr_tabmodel: #isIncognitoTabBeingRestored from tabState:  false
09-01 19:13:17.181 29767 29767 I chatty  : uid=10220(com.android.chrome) identical 38 lines
09-01 19:13:17.181 29767 29767 I cr_tabmodel: #isIncognitoTabBeingRestored from tabState:  false
09-01 19:13:17.183 29767 29767 I cr_tabmodel: #isIncognitoTabBeingRestored from tabDetails:  false
09-01 19:13:17.183 29767 29767 I cr_tabmodel: #isIncognitoTabBeingRestored from tabDetails:  false
09-01 19:13:17.183 29767 29767 W cr_tabmodel: Failed to restore TabState; creating Tab with last known URL.
09-01 19:13:17.196  1513  3227 D CompatibilityChangeReporter: Compat change id reported: 135634846; UID 10220; state: DISABLED
09-01 19:13:17.196  1513  3227 D CompatibilityChangeReporter: Compat change id reported: 135754954; UID 10220; state: ENABLED
09-01 19:13:17.197  1513  1625 D CompatibilityChangeReporter: Compat change id reported: 143937733; UID 10220; state: ENABLED
09-01 19:13:17.198 29767 29767 E cr_IntentUtils: getBooleanExtra failed on intent null
09-01 19:13:17.198 29767 29767 E cr_IntentUtils: getBooleanExtra failed on intent null
09-01 19:13:17.207 29767 29767 I cr_tabmodel: #isIncognitoTabBeingRestored from tabDetails:  false
09-01 19:13:17.207 29767 29767 I cr_tabmodel: #isIncognitoTabBeingRestored from tabDetails:  false
09-01 19:13:17.208 29767 29767 W cr_tabmodel: Failed to restore TabState; creating Tab with last known URL.
09-01 19:13:17.210 29825 29825 D Zygote  : Forked child process 29926
09-01 19:13:17.212  1513  1625 I ActivityManager: Start proc 29926:com.android.chrome:sandboxed_process0:org.chromium.content.app.SandboxedProcessService0:1/u0ai1 for  {com.android.chrome/org.chromium.content.app.SandboxedProcessService0:1}
09-01 19:13:17.213 29926 29926 E libc    : SetHeapTaggingLevel: re-enabling tagging after it was disabled is not supported
09-01 19:13:17.222 29767 29767 E cr_IntentUtils: getBooleanExtra failed on intent null
09-01 19:13:17.222 29767 29767 E cr_IntentUtils: getBooleanExtra failed on intent null
09-01 19:13:17.223 29926 29926 E ocessService0:: Not starting debugger since process cannot load the jdwp agent.
09-01 19:13:17.233 29767 29767 I cr_tabmodel: #isIncognitoTabBeingRestored from tabDetails:  false
09-01 19:13:17.233 29767 29767 I cr_tabmodel: #isIncognitoTabBeingRestored from tabDetails:  false
09-01 19:13:17.233 29767 29767 W cr_tabmodel: Failed to restore TabState; creating Tab with last known URL.
09-01 19:13:17.234 29825 29825 D Zygote  : Forked child process 29942
09-01 19:13:17.235 29942 29942 E libc    : SetHeapTaggingLevel: re-enabling tagging after it was disabled is not supported
09-01 19:13:17.236  1513  3227 D CompatibilityChangeReporter: Compat change id reported: 136274596; UID 10220; state: ENABLED
09-01 19:13:17.238  1513  1625 I ActivityManager: Start proc 29942:com.android.chrome:sandboxed_process0:org.chromium.content.app.SandboxedProcessService0:2/u0ai2 for  {com.android.chrome/org.chromium.content.app.SandboxedProcessService0:2}
09-01 19:13:17.245  1513  3227 D CompatibilityChangeReporter: Compat change id reported: 135634846; UID 10220; state: DISABLED
09-01 19:13:17.245  1513  3227 D CompatibilityChangeReporter: Compat change id reported: 135754954; UID 10220; state: ENABLED
09-01 19:13:17.245  1513  1625 D CompatibilityChangeReporter: Compat change id reported: 143937733; UID 10220; state: ENABLED
09-01 19:13:17.246 29767 29767 E cr_IntentUtils: getBooleanExtra failed on intent null
09-01 19:13:17.246 29767 29767 E cr_IntentUtils: getBooleanExtra failed on intent null
09-01 19:13:17.246 29942 29942 E ocessService0:: Not starting debugger since process cannot load the jdwp agent.
09-01 19:13:17.256 29767 29767 I cr_tabmodel: #isIncognitoTabBeingRestored from tabDetails:  false
09-01 19:13:17.256 29767 29767 I cr_tabmodel: #isIncognitoTabBeingRestored from tabDetails:  false
09-01 19:13:17.256 29767 29767 W cr_tabmodel: Failed to restore TabState; creating Tab with last known URL.
09-01 19:13:17.261 29825 29825 D Zygote  : Forked child process 29959
09-01 19:13:17.263  1513  1625 I ActivityManager: Start proc 29959:com.android.chrome:sandboxed_process0:org.chromium.content.app.SandboxedProcessService0:3/u0ai3 for  {com.android.chrome/org.chromium.content.app.SandboxedProcessService0:3}
09-01 19:13:17.263 29926 29926 I LoadedApk: No resource references to update in package com.google.android.trichromelibrary
09-01 19:13:17.264 29926 29926 D NetworkSecurityConfig: Using Network Security Config from resource 0_resource_name_obfuscated debugBuild: false
09-01 19:13:17.264 29959 29959 E libc    : SetHeapTaggingLevel: re-enabling tagging after it was disabled is not supported
09-01 19:13:17.265 29926 29926 D NetworkSecurityConfig: Using Network Security Config from resource 0_resource_name_obfuscated debugBuild: false
09-01 19:13:17.266 29926 29926 I cr_SplitCompatApp: Launched version=107.0.5304.91 minSdkVersion=29 isBundle=true processName=com.android.chrome:sandboxed_process0:org.chromium.content.app.SandboxedProcessService0:1 isIsolated=true
09-01 19:13:17.268  1513  3227 D CompatibilityChangeReporter: Compat change id reported: 136274596; UID 10220; state: ENABLED
09-01 19:13:17.269 29767 29767 E cr_IntentUtils: getBooleanExtra failed on intent null
09-01 19:13:17.269 29767 29767 E cr_IntentUtils: getBooleanExtra failed on intent null
09-01 19:13:17.270  1513  3223 D CompatibilityChangeReporter: Compat change id reported: 135634846; UID 10220; state: DISABLED
09-01 19:13:17.270  1513  3223 D CompatibilityChangeReporter: Compat change id reported: 135754954; UID 10220; state: ENABLED
09-01 19:13:17.270  1513  1625 D CompatibilityChangeReporter: Compat change id reported: 143937733; UID 10220; state: ENABLED
09-01 19:13:17.278 29767 29767 I cr_tabmodel: #isIncognitoTabBeingRestored from tabDetails:  false
09-01 19:13:17.278 29767 29767 I cr_tabmodel: #isIncognitoTabBeingRestored from tabDetails:  false
09-01 19:13:17.278 29767 29767 W cr_tabmodel: Failed to restore TabState; creating Tab with last known URL.
09-01 19:13:17.280 29926 29926 W SystemServiceRegistry: No service published for: uimode
09-01 19:13:17.280 29959 29959 E ocessService0:: Not starting debugger since process cannot load the jdwp agent.
09-01 19:13:17.286 29926 29926 I cr_ChildProcessService: Creating new ChildProcessService pid=29926
09-01 19:13:17.290 29767 29767 E cr_IntentUtils: getBooleanExtra failed on intent null
09-01 19:13:17.290 29767 29767 E cr_IntentUtils: getBooleanExtra failed on intent null
09-01 19:13:17.291 29825 29825 D Zygote  : Forked child process 29977
09-01 19:13:17.293 29977 29977 E libc    : SetHeapTaggingLevel: re-enabling tagging after it was disabled is not supported
09-01 19:13:17.294  1513  1536 D CompatibilityChangeReporter: Compat change id reported: 136274596; UID 10220; state: ENABLED
09-01 19:13:17.295 29942 29942 I LoadedApk: No resource references to update in package com.google.android.trichromelibrary
09-01 19:13:17.296 29942 29942 D NetworkSecurityConfig: Using Network Security Config from resource 0_resource_name_obfuscated debugBuild: false
09-01 19:13:17.297 29926 29950 I cr_LibraryLoader: Using ModernLinker
09-01 19:13:17.297 29942 29942 D NetworkSecurityConfig: Using Network Security Config from resource 0_resource_name_obfuscated debugBuild: false
09-01 19:13:17.299 29942 29942 I cr_SplitCompatApp: Launched version=107.0.5304.91 minSdkVersion=29 isBundle=true processName=com.android.chrome:sandboxed_process0:org.chromium.content.app.SandboxedProcessService0:2 isIsolated=true
09-01 19:13:17.299 29767 29767 I cr_tabmodel: #isIncognitoTabBeingRestored from tabDetails:  false
09-01 19:13:17.299 29767 29767 I cr_tabmodel: #isIncognitoTabBeingRestored from tabDetails:  false
09-01 19:13:17.300 29926 29950 W linker  : Warning: "/data/app/~~_KLlx60MH8CoecPTjMKp8g==/com.android.chrome-kw9RHYrlHKb9bPXi8OTClw==/base.apk!/lib/arm64-v8a/libchromium_android_linker.so" unused DT entry: unknown processor-specific (type 0x70000001 arg 0x0) (ignoring)
09-01 19:13:17.300 29767 29767 W cr_tabmodel: Failed to restore TabState; creating Tab with last known URL.
09-01 19:13:17.300 29926 29950 E cr_ChromiumAndroidLinker: ReserveAddressWithHint: Address range starting at 0x7a3797d000 was not free to use
09-01 19:13:17.302 29977 29977 E ocessService0:: Not starting debugger since process cannot load the jdwp agent.
09-01 19:13:17.303  1513  1625 I ActivityManager: Start proc 29977:com.android.chrome:sandboxed_process0:org.chromium.content.app.SandboxedProcessService0:4/u0ai4 for  {com.android.chrome/org.chromium.content.app.SandboxedProcessService0:4}
09-01 19:13:17.303  1513  1625 D CompatibilityChangeReporter: Compat change id reported: 143937733; UID 10220; state: ENABLED
09-01 19:13:17.310 29926 29976 I cr_LibraryLoader: Successfully loaded native library
09-01 19:13:17.311  1513  8504 D CompatibilityChangeReporter: Compat change id reported: 135634846; UID 10220; state: DISABLED
09-01 19:13:17.311  1513  8504 D CompatibilityChangeReporter: Compat change id reported: 135754954; UID 10220; state: ENABLED
09-01 19:13:17.312 29942 29942 W SystemServiceRegistry: No service published for: uimode
09-01 19:13:17.312 29926 29976 I cr_CachingUmaRecorder: Flushed 3 samples from 3 histograms.
09-01 19:13:17.312 29767 29767 E cr_IntentUtils: getBooleanExtra failed on intent null
09-01 19:13:17.312 29767 29767 E cr_IntentUtils: getBooleanExtra failed on intent null
09-01 19:13:17.319 29942 29942 I cr_ChildProcessService: Creating new ChildProcessService pid=29942
09-01 19:13:17.322 29767 29767 I cr_tabmodel: #isIncognitoTabBeingRestored from tabDetails:  false
09-01 19:13:17.322 29767 29767 I cr_tabmodel: #isIncognitoTabBeingRestored from tabDetails:  false
09-01 19:13:17.323 29767 29767 W cr_tabmodel: Failed to restore TabState; creating Tab with last known URL.
09-01 19:13:17.327 29942 29968 I cr_LibraryLoader: Using ModernLinker
09-01 19:13:17.329 29825 29825 D Zygote  : Forked child process 30001
09-01 19:13:17.329  1513  3227 D CompatibilityChangeReporter: Compat change id reported: 136274596; UID 10220; state: ENABLED
09-01 19:13:17.331  1513  1625 I ActivityManager: Start proc 30001:com.android.chrome:sandboxed_process0:org.chromium.content.app.SandboxedProcessService0:5/u0ai5 for  {com.android.chrome/org.chromium.content.app.SandboxedProcessService0:5}
09-01 19:13:17.332 30001 30001 E libc    : SetHeapTaggingLevel: re-enabling tagging after it was disabled is not supported
