09-02 01:43:43.640  1513  1572 I DisplayManagerService: Display device changed: DisplayDeviceInfo{"Built-in Screen": uniqueId="local:19260504575090817", 1080 x 2340, modeId 2, defaultModeId 2, supportedModes [{id=1, width=1080, height=2340, fps=90.0}, {id=2, width=1080, height=2340, fps=60.000004}], colorMode 0, supportedColorModes [0, 7, 9], HdrCapabilities HdrCapabilities{mSupportedHdrTypes=[2, 3, 4], mMaxLuminance=500.0, mMaxAverageLuminance=500.0, mMinLuminance=0.0}, allmSupported false, gameContentTypeSupported false, density 440, 435.428 x 433.839 dpi, appVsyncOff 2333332, presDeadline 11500000, cutout DisplayCutout{insets=Rect(0, 136 - 0, 0) waterfall=Insets{left=0, top=0, right=0, bottom=0} boundingRect={Bounds=[Rect(0, 0 - 0, 0), Rect(0, 0 - 136, 136), Rect(0, 0 - 0, 0), Rect(0, 0 - 0, 0)]}}, touch INTERNAL, rotation 0, type INTERNAL, address {port=129, model=0x446d53ad64a0}, deviceProductInfo DeviceProductInfo{name=, manufacturerPnpId=QCM, productId=1, modelYear=null, manufactureDate=ManufactureDate{week=27, year=2006}, relativeAddress=null}, state ON, FLAG_DEFAULT_DISPLAY, FLAG_ROTATES_WITH_CONTENT, FLAG_SECURE, FLAG_SUPPORTS_PROTECTED_BUFFERS}
09-02 01:43:43.649   901  1000 W ASH     : @ 57010.100: Unhandled msg ID 999: line 1277
09-02 01:43:43.649   901  1000 E ASH     : @ 57010.100: No pb callback assigned
09-02 01:43:43.649   901  1000 E ASH     : @ 57010.100: Nanopb error: callback failed:1588
09-02 01:43:43.653   594 28441 I SDM     : StrategyImpl::SetIdleTimeoutMs: Idle timeout set to zero for command mode panels
09-02 01:43:43.707 23074 23086 I m.opera.browse: WaitForGcToComplete blocked RunEmptyCheckpoint on ProfileSaver for 29.480ms
09-02 01:43:43.930 23477 23477 W app_process: type=1400 audit(0.0:6787): avc: denied { read } for name="u:object_r:device_config_runtime_native_boot_prop:s0" dev="tmpfs" ino=10163 scontext=u:r:shell:s0 tcontext=u:object_r:device_config_runtime_native_boot_prop:s0 tclass=file permissive=0
09-02 01:43:43.932 23477 23477 D AndroidRuntime: >>>>>> START com.android.internal.os.RuntimeInit uid 2000 <<<<<<
09-02 01:43:43.933 23477 23477 I chatty  : uid=2000(shell) app_process identical 2 lines
09-02 01:43:43.933 23477 23477 W app_process: type=1400 audit(0.0:6790): avc: denied { read } for name="u:object_r:device_config_runtime_native_boot_prop:s0" dev="tmpfs" ino=10163 scontext=u:r:shell:s0 tcontext=u:object_r:device_config_runtime_native_boot_prop:s0 tclass=file permissive=0
09-02 01:43:43.935 23477 23477 E libc    : Access denied finding property "persist.device_config.runtime_native_boot.profilebootclasspath"
09-02 01:43:43.935 23477 23477 E libc    : Access denied finding property "persist.device_config.runtime_native_boot.enable_apex_image"
09-02 01:43:43.935 23477 23477 I AndroidRuntime: Using default boot image
09-02 01:43:43.935 23477 23477 E libc    : Access denied finding property "persist.device_config.runtime_native_boot.disable_lock_profiling"
09-02 01:43:43.935 23477 23477 I AndroidRuntime: Leaving lock profiling enabled
09-02 01:43:43.935 23477 23477 E libc    : Access denied finding property "persist.device_config.runtime_native_boot.enable_generational_cc"
09-02 01:43:44.000 23477 23477 D app_process: Time zone APEX ICU file found: /apex/com.android.tzdata/etc/icu/icu_tzdata.dat
09-02 01:43:44.000 23477 23477 D app_process: I18n APEX ICU file found: /apex/com.android.i18n/etc/icu/icudt66l.dat
09-02 01:43:44.011 23477 23477 I app_process: The ClassLoaderContext is a special shared library.
09-02 01:43:44.023 23477 23477 W app_process: JNI RegisterNativeMethods: attempt to register 0 native methods for android.media.AudioAttributes
09-02 01:43:44.026 23477 23477 D AndroidRuntime: Calling main entry com.android.commands.input.Input
09-02 01:43:44.034  1513  1572 I DisplayManagerService: Display device changed: DisplayDeviceInfo{"Built-in Screen": uniqueId="local:19260504575090817", 1080 x 2340, modeId 1, defaultModeId 2, supportedModes [{id=1, width=1080, height=2340, fps=90.0}, {id=2, width=1080, height=2340, fps=60.000004}], colorMode 0, supportedColorModes [0, 7, 9], HdrCapabilities HdrCapabilities{mSupportedHdrTypes=[2, 3, 4], mMaxLuminance=500.0, mMaxAverageLuminance=500.0, mMinLuminance=0.0}, allmSupported false, gameContentTypeSupported false, density 440, 435.428 x 433.839 dpi, appVsyncOff 2333333, presDeadline 11500000, cutout DisplayCutout{insets=Rect(0, 136 - 0, 0) waterfall=Insets{left=0, top=0, right=0, bottom=0} boundingRect={Bounds=[Rect(0, 0 - 0, 0), Rect(0, 0 - 136, 136), Rect(0, 0 - 0, 0), Rect(0, 0 - 0, 0)]}}, touch INTERNAL, rotation 0, type INTERNAL, address {port=129, model=0x446d53ad64a0}, deviceProductInfo DeviceProductInfo{name=, manufacturerPnpId=QCM, productId=1, modelYear=null, manufactureDate=ManufactureDate{week=27, year=2006}, relativeAddress=null}, state ON, FLAG_DEFAULT_DISPLAY, FLAG_ROTATES_WITH_CONTENT, FLAG_SECURE, FLAG_SUPPORTS_PROTECTED_BUFFERS}
09-02 01:43:44.034   594 28441 I SDM     : HWDeviceDRM::UpdateMixerAttributes: Mixer WxH 1080x2340-1 for Peripheral
09-02 01:43:44.034   594 28441 I SDM     : DisplayBase::SetActiveConfig: Active configuration changed to: 1
09-02 01:43:44.034   594 28441 I SDM     : StrategyImpl::SetIdleTimeoutMs: Idle timeout set to zero for command mode panels
09-02 01:43:44.038   901  2806 I sensors-hal: [ssc_utils]get_qmi_debug_flag:244, support_qmi_debug : false
09-02 01:43:44.040 23477 23477 D AndroidRuntime: Shutting down VM
09-02 01:43:44.047   901  1000 W ASH     : @ 57010.498: Unhandled msg ID 999: line 1277
09-02 01:43:44.047   901  1000 E ASH     : @ 57010.498: No pb callback assigned
09-02 01:43:44.047   901  1000 E ASH     : @ 57010.498: Nanopb error: callback failed:1588
09-02 01:43:44.120 23266 23281 I ileged_process: WaitForGcToComplete blocked RunEmptyCheckpoint on ProfileSaver for 24.385ms
09-02 01:43:44.143   901  2806 I sensors-hal: [ssc_utils]get_qmi_debug_flag:244, support_qmi_debug : false
09-02 01:43:44.167   901  1000 W ASH     : @ 57010.618: Unhandled msg ID 999: line 1277
09-02 01:43:44.167   901  1000 E ASH     : @ 57010.618: No pb callback assigned
09-02 01:43:44.167   901  1000 E ASH     : @ 57010.618: Nanopb error: callback failed:1588
09-02 01:43:44.234  1513  2000 D ConnectivityService: NetReassign [no changes]
09-02 01:43:44.303   901  1000 D VSC     : @ 57010.753: [WO] tilt angle 87
09-02 01:43:44.667 23505 23507 I cmd     : oneway function results will be dropped but finished with status OK and parcel size 4
09-02 01:43:44.674 23016 23016 I BatteryMgr:DataCollectionService: onStartCommand: begin
09-02 01:43:44.674 23016 23016 I BatteryMgr:DataCollectionService: onStartCommand: sampleRate => 100
09-02 01:43:44.674 23016 23016 I BatteryMgr:DataCollectionService: onStartCommand: rawFields => Timestamp,BATTERY_PROPERTY_CURRENT_NOW,EXTRA_VOLTAGE
09-02 01:43:44.675 23016 23016 I BatteryMgr:DataCollectionService: onStartCommand: notification done
09-02 01:43:44.678  1513  3230 D CompatibilityChangeReporter: Compat change id reported: 136219221; UID 10260; state: ENABLED
09-02 01:43:44.678 23016 23016 I BatteryMgr:DataCollectionService: started foreground
09-02 01:43:44.690 23016 23509 I BatteryMgr:DataCollectionService: collectData: begin
09-02 01:43:44.693 23016 23509 I BatteryMgr:DataCollectionService: stats => 1693611824693,8239,4395
09-02 01:43:44.799 23016 23509 I BatteryMgr:DataCollectionService: stats => 1693611824799,8239,4395
09-02 01:43:44.888  1513  1513 D NotificationService: 0|com.example.batterymanager_utility|1|null|10260: granting content://settings/system/notification_sound
09-02 01:43:44.891  1513  1513 I chatty  : uid=1000(system) Binder:1513_3 identical 3 lines
09-02 01:43:44.891  1513  1513 D NotificationService: 0|com.example.batterymanager_utility|1|null|10260: granting content://settings/system/notification_sound
09-02 01:43:44.894  1513  1513 W NotificationHistory: Attempted to add notif for locked/gone/disabled user 0
09-02 01:43:44.903 23016 23509 I BatteryMgr:DataCollectionService: stats => 1693611824903,8239,4395
09-02 01:43:44.904  2062  2062 D InterruptionStateProvider: No bubble up: not allowed to bubble: 0|com.example.batterymanager_utility|1|null|10260
09-02 01:43:44.904  2062  2062 D InterruptionStateProvider: No heads up: unimportant notification: 0|com.example.batterymanager_utility|1|null|10260
09-02 01:43:44.948   901  2806 I sensors-hal: [ssc_utils]get_qmi_debug_flag:244, support_qmi_debug : false
09-02 01:43:44.957   594 28441 I SDM     : HWDeviceDRM::UpdateMixerAttributes: Mixer WxH 1080x2340-1 for Peripheral
09-02 01:43:44.957   594 28441 I SDM     : DisplayBase::SetActiveConfig: Active configuration changed to: 0
09-02 01:43:44.957   594 28441 I SDM     : StrategyImpl::SetIdleTimeoutMs: Idle timeout set to zero for command mode panels
09-02 01:43:44.962   901  2806 I sensors-hal: [ssc_utils]get_qmi_debug_flag:244, support_qmi_debug : false
09-02 01:43:44.969   901  1000 W ASH     : @ 57011.420: Unhandled msg ID 999: line 1277
09-02 01:43:44.969   901  1000 E ASH     : @ 57011.420: No pb callback assigned
09-02 01:43:44.969   901  1000 E ASH     : @ 57011.420: Nanopb error: callback failed:1588
09-02 01:43:44.980  1513  1572 I DisplayManagerService: Display device changed: DisplayDeviceInfo{"Built-in Screen": uniqueId="local:19260504575090817", 1080 x 2340, modeId 2, defaultModeId 2, supportedModes [{id=1, width=1080, height=2340, fps=90.0}, {id=2, width=1080, height=2340, fps=60.000004}], colorMode 0, supportedColorModes [0, 7, 9], HdrCapabilities HdrCapabilities{mSupportedHdrTypes=[2, 3, 4], mMaxLuminance=500.0, mMaxAverageLuminance=500.0, mMinLuminance=0.0}, allmSupported false, gameContentTypeSupported false, density 440, 435.428 x 433.839 dpi, appVsyncOff 2333332, presDeadline 11500000, cutout DisplayCutout{insets=Rect(0, 136 - 0, 0) waterfall=Insets{left=0, top=0, right=0, bottom=0} boundingRect={Bounds=[Rect(0, 0 - 0, 0), Rect(0, 0 - 136, 136), Rect(0, 0 - 0, 0), Rect(0, 0 - 0, 0)]}}, touch INTERNAL, rotation 0, type INTERNAL, address {port=129, model=0x446d53ad64a0}, deviceProductInfo DeviceProductInfo{name=, manufacturerPnpId=QCM, productId=1, modelYear=null, manufactureDate=ManufactureDate{week=27, year=2006}, relativeAddress=null}, state ON, FLAG_DEFAULT_DISPLAY, FLAG_ROTATES_WITH_CONTENT, FLAG_SECURE, FLAG_SUPPORTS_PROTECTED_BUFFERS}
09-02 01:43:44.991   594 28441 I SDM     : StrategyImpl::SetIdleTimeoutMs: Idle timeout set to zero for command mode panels
09-02 01:43:45.007 23016 23509 I BatteryMgr:DataCollectionService: stats => 1693611825007,8239,4395
09-02 01:43:45.111 23016 23509 I BatteryMgr:DataCollectionService: stats => 1693611825111,8239,4395
09-02 01:43:45.216 23016 23509 I BatteryMgr:DataCollectionService: stats => 1693611825216,8239,4395
09-02 01:43:45.320 23016 23509 I BatteryMgr:DataCollectionService: stats => 1693611825320,8239,4395
09-02 01:43:45.424 23016 23509 I BatteryMgr:DataCollectionService: stats => 1693611825424,8239,4395
09-02 01:43:45.528 23016 23509 I BatteryMgr:DataCollectionService: stats => 1693611825528,8239,4395
09-02 01:43:45.633 23016 23509 I BatteryMgr:DataCollectionService: stats => 1693611825633,8239,4395
09-02 01:43:45.739 23016 23509 I BatteryMgr:DataCollectionService: stats => 1693611825739,8239,4395
09-02 01:43:45.844 23016 23509 I BatteryMgr:DataCollectionService: stats => 1693611825844,8239,4395
09-02 01:43:45.949 23016 23509 I BatteryMgr:DataCollectionService: stats => 1693611825949,8239,4395
09-02 01:43:46.056 23016 23509 I BatteryMgr:DataCollectionService: stats => 1693611826055,8239,4395
09-02 01:43:46.161 23016 23509 I BatteryMgr:DataCollectionService: stats => 1693611826161,8239,4395
09-02 01:43:46.268 23016 23509 I BatteryMgr:DataCollectionService: stats => 1693611826268,8239,4395
09-02 01:43:46.300   901  1000 D VSC     : @ 57012.751: [WO] tilt angle 87
09-02 01:43:46.375 23016 23509 I BatteryMgr:DataCollectionService: stats => 1693611826374,8239,4395
09-02 01:43:46.480 23016 23509 I BatteryMgr:DataCollectionService: stats => 1693611826480,8239,4395
09-02 01:43:46.586 23016 23509 I BatteryMgr:DataCollectionService: stats => 1693611826586,8239,4395
09-02 01:43:46.693 23016 23509 I BatteryMgr:DataCollectionService: stats => 1693611826693,8239,4395
09-02 01:43:46.737  1513  2180 I ActivityTaskManager: START u0 {act=android.intent.action.VIEW dat=http://192.168.88.177:8000/... flg=0x10000000 cmp=com.opera.browser/com.opera.Opera} from uid 2000
09-02 01:43:46.737  1513  1572 D EventSequenceValidator: inc AccIntentStartedEvents to 2
09-02 01:43:46.739  1513  1572 D EventSequenceValidator: dec AccIntentStartedEvents to 1
09-02 01:43:46.759   594 28441 I SDM     : HWDeviceDRM::UpdateMixerAttributes: Mixer WxH 1080x2340-1 for Peripheral
09-02 01:43:46.759   594 28441 I SDM     : DisplayBase::SetActiveConfig: Active configuration changed to: 1
09-02 01:43:46.760   594 28441 I SDM     : StrategyImpl::SetIdleTimeoutMs: Idle timeout set to zero for command mode panels
09-02 01:43:46.765  1513  1572 I DisplayManagerService: Display device changed: DisplayDeviceInfo{"Built-in Screen": uniqueId="local:19260504575090817", 1080 x 2340, modeId 1, defaultModeId 2, supportedModes [{id=1, width=1080, height=2340, fps=90.0}, {id=2, width=1080, height=2340, fps=60.000004}], colorMode 0, supportedColorModes [0, 7, 9], HdrCapabilities HdrCapabilities{mSupportedHdrTypes=[2, 3, 4], mMaxLuminance=500.0, mMaxAverageLuminance=500.0, mMinLuminance=0.0}, allmSupported false, gameContentTypeSupported false, density 440, 435.428 x 433.839 dpi, appVsyncOff 2333333, presDeadline 11500000, cutout DisplayCutout{insets=Rect(0, 136 - 0, 0) waterfall=Insets{left=0, top=0, right=0, bottom=0} boundingRect={Bounds=[Rect(0, 0 - 0, 0), Rect(0, 0 - 136, 136), Rect(0, 0 - 0, 0), Rect(0, 0 - 0, 0)]}}, touch INTERNAL, rotation 0, type INTERNAL, address {port=129, model=0x446d53ad64a0}, deviceProductInfo DeviceProductInfo{name=, manufacturerPnpId=QCM, productId=1, modelYear=null, manufactureDate=ManufactureDate{week=27, year=2006}, relativeAddress=null}, state ON, FLAG_DEFAULT_DISPLAY, FLAG_ROTATES_WITH_CONTENT, FLAG_SECURE, FLAG_SUPPORTS_PROTECTED_BUFFERS}
09-02 01:43:46.770   901  2806 I sensors-hal: [ssc_utils]get_qmi_debug_flag:244, support_qmi_debug : false
09-02 01:43:46.797 23016 23509 I BatteryMgr:DataCollectionService: stats => 1693611826797,8239,4395
09-02 01:43:46.807   901  1000 W ASH     : @ 57013.258: Unhandled msg ID 999: line 1277
09-02 01:43:46.807   901  1000 E ASH     : @ 57013.258: No pb callback assigned
09-02 01:43:46.808   901  1000 E ASH     : @ 57013.258: Nanopb error: callback failed:1588
09-02 01:43:46.825  1513  3230 D CompatibilityChangeReporter: Compat change id reported: 135634846; UID 10261; state: DISABLED
09-02 01:43:46.825  1513  1625 D CompatibilityChangeReporter: Compat change id reported: 143937733; UID 10261; state: ENABLED
09-02 01:43:46.833   779   779 D Zygote  : Forked child process 23552
09-02 01:43:46.836  1513  1625 I ActivityManager: Start proc 23552:com.opera.browser:sandboxed_process1/u0a261 for service {com.opera.browser/com.opera.android.browser.chromium.services.SandboxedProcessService1}
09-02 01:43:46.840  1075 30183 W ServiceManager: Permission failure: android.permission.SYSTEM_CAMERA from uid=10261 pid=23074
09-02 01:43:46.840  1513  2093 W AutofillInlineSuggestionsRequestSession: Never received an InlineSuggestionsRequest from the IME for 1073741824@1655750200
09-02 01:43:46.840  1075 30183 I chatty  : uid=1047(cameraserver) Binder:1075_C identical 1 line
09-02 01:43:46.840  1075 30183 W ServiceManager: Permission failure: android.permission.SYSTEM_CAMERA from uid=10261 pid=23074
09-02 01:43:46.841  2512  2512 V InlineSuggestionRenderService: handleDestroySuggestionViews called for 0:1655750200
09-02 01:43:46.841  1075 30183 W ServiceManager: Permission failure: android.permission.SYSTEM_CAMERA from uid=10261 pid=23074
09-02 01:43:46.841  1075 30183 I chatty  : uid=1047(cameraserver) Binder:1075_C identical 1 line
09-02 01:43:46.841  1075 30183 W ServiceManager: Permission failure: android.permission.SYSTEM_CAMERA from uid=10261 pid=23074
09-02 01:43:46.848 23552 23552 E dboxed_process: Not starting debugger since process cannot load the jdwp agent.
09-02 01:43:46.854 10955  7966 I Finsky  : [5623] ncc.l(14): com.opera.browser: Account determined from installer data - [y0_1NG5HTmzf0bF7VytAKz9iHAD6w7yU52Le3i0fi68]
09-02 01:43:46.854 10955  7966 I Finsky  : [5623] ncc.l(61): Billing preferred account via installer for com.opera.browser: [y0_1NG5HTmzf0bF7VytAKz9iHAD6w7yU52Le3i0fi68]
09-02 01:43:46.857  1513  7910 D CompatibilityChangeReporter: Compat change id reported: 136274596; UID 10261; state: ENABLED
09-02 01:43:46.871 23074 23074 I AssistStructure: Flattened final assist data: 6420 bytes, containing 1 windows, 52 views
09-02 01:43:46.871  1513  3230 D ContentCapturePerUserService: Notified activity assist data for activity: Token{ebe9e5b ActivityRecord{cb56f8 u0 com.opera.browser/com.opera.Opera t2103}} without a session Id
09-02 01:43:46.881  2858  2858 I GoogleInputMethodService: GoogleInputMethodService.onFinishInput():3280 
09-02 01:43:46.882  2858  2858 I GoogleInputMethodService: GoogleInputMethodService.updateDeviceLockedStatus():2169 repeatCheckTimes = 0, unlocked = true
09-02 01:43:46.882  2858  2858 I GoogleInputMethodService: GoogleInputMethodService.onStartInput():1960 onStartInput(EditorInfo{inputType=0x0(NULL) imeOptions=0x0 privateImeOptions=null actionName=UNSPECIFIED actionLabel=null actionId=0 initialSelStart=-1 initialSelEnd=-1 initialCapsMode=0x0 hintText=null label=null packageName=com.opera.browser fieldId=2131361887 fieldName=null extras=null}, false)
09-02 01:43:46.883  2858  2858 I GoogleInputMethodService: GoogleInputMethodService.shouldHideHeaderOnInitialState():4081 ShouldHideHeaderOnInitialState = false
09-02 01:43:46.883  2858  2858 I GoogleInputMethodService: GoogleInputMethodService.updateDeviceLockedStatus():2169 repeatCheckTimes = 2, unlocked = true
09-02 01:43:46.896  2816  6621 W NetworkScheduler: Error inserting flex_time=2537000 job_id=-1 period=5075000 source=16 requires_charging=0 preferred_network_type=1 target_class=com.google.android.gms.measurement.PackageMeasurementTaskService user_id=0 target_package=com.google.android.gms tag=Measurement.PackageMeasurementTaskService.UPLOAD_TASK_TAG task_type=0 required_idleness_state=0 service_kind=0 source_version=224312000 persistence_level=1 preferred_charging_state=1 required_network_type=0 runtime=1693611826893 retry_strategy={"maximum_backoff_seconds":{"3600":0},"initial_backoff_seconds":{"30":0},"retry_policy":{"0":0}} last_runtime=0 [CONTEXT service_id=218 ]
09-02 01:43:46.896  2816  6621 W NetworkScheduler: android.database.sqlite.SQLiteConstraintException: UNIQUE constraint failed: pending_ops.tag, pending_ops.target_class, pending_ops.target_package, pending_ops.user_id (code 2067 SQLITE_CONSTRAINT_UNIQUE)
09-02 01:43:46.896  2816  6621 W NetworkScheduler: 	at android.database.sqlite.SQLiteConnection.nativeExecuteForLastInsertedRowId(Native Method)
09-02 01:43:46.896  2816  6621 W NetworkScheduler: 	at android.database.sqlite.SQLiteConnection.executeForLastInsertedRowId(SQLiteConnection.java:938)
09-02 01:43:46.896  2816  6621 W NetworkScheduler: 	at android.database.sqlite.SQLiteSession.executeForLastInsertedRowId(SQLiteSession.java:790)
09-02 01:43:46.896  2816  6621 W NetworkScheduler: 	at android.database.sqlite.SQLiteStatement.executeInsert(SQLiteStatement.java:88)
09-02 01:43:46.896  2816  6621 W NetworkScheduler: 	at android.database.sqlite.SQLiteDatabase.insertWithOnConflict(SQLiteDatabase.java:1701)
09-02 01:43:46.896  2816  6621 W NetworkScheduler: 	at android.database.sqlite.SQLiteDatabase.insertOrThrow(SQLiteDatabase.java:1596)
09-02 01:43:46.896  2816  6621 W NetworkScheduler: 	at biky.g(:com.google.android.gms@224312037@22.43.12 (150400-483592595):53)
09-02 01:43:46.896  2816  6621 W NetworkScheduler: 	at bijr.n(:com.google.android.gms@224312037@22.43.12 (150400-483592595):3)
09-02 01:43:46.896  2816  6621 W NetworkScheduler: 	at bijr.u(:com.google.android.gms@224312037@22.43.12 (150400-483592595):20)
09-02 01:43:46.896  2816  6621 W NetworkScheduler: 	at bijr.h(:com.google.android.gms@224312037@22.43.12 (150400-483592595):3)
09-02 01:43:46.896  2816  6621 W NetworkScheduler: 	at bifi.run(:com.google.android.gms@224312037@22.43.12 (150400-483592595):9)
09-02 01:43:46.896  2816  6621 W NetworkScheduler: 	at zqv.c(:com.google.android.gms@224312037@22.43.12 (150400-483592595):6)
09-02 01:43:46.896  2816  6621 W NetworkScheduler: 	at zqv.run(:com.google.android.gms@224312037@22.43.12 (150400-483592595):7)
09-02 01:43:46.896  2816  6621 W NetworkScheduler: 	at java.util.concurrent.ThreadPoolExecutor.runWorker(ThreadPoolExecutor.java:1167)
09-02 01:43:46.896  2816  6621 W NetworkScheduler: 	at java.util.concurrent.ThreadPoolExecutor$Worker.run(ThreadPoolExecutor.java:641)
09-02 01:43:46.896  2816  6621 W NetworkScheduler: 	at zwa.run(:com.google.android.gms@224312037@22.43.12 (150400-483592595):0)
09-02 01:43:46.896  2816  6621 W NetworkScheduler: 	at java.lang.Thread.run(Thread.java:923)
09-02 01:43:46.900 23552 23552 W dboxed_process: JIT profile information will not be recorded: profile file does not exist.
09-02 01:43:46.900 23552 23552 W dboxed_process: JIT profile information will not be recorded: profile file does not exist.
09-02 01:43:46.902 23016 23509 I BatteryMgr:DataCollectionService: stats => 1693611826901,8239,4395
09-02 01:43:46.908 23552 23552 D NetworkSecurityConfig: Using Network Security Config from resource network_security_config_official_build debugBuild: false
09-02 01:43:46.908 23552 23552 D NetworkSecurityConfig: Using Network Security Config from resource network_security_config_official_build debugBuild: false
09-02 01:43:47.004 23016 23509 I BatteryMgr:DataCollectionService: stats => 1693611827004,8239,4395
09-02 01:43:47.111 23016 23509 I BatteryMgr:DataCollectionService: stats => 1693611827111,8239,4395
09-02 01:43:47.203  2062 14994 D PowerUI : can't show warning due to - plugged: true status unknown: false
09-02 01:43:47.204  2410  2410 D DeviceStatisticsService: chargerType=2 batteryLevel=100 totalBatteryCapacity=4127300
09-02 01:43:47.204  2410  2410 D DeviceInfoHidlClient: isPowerInfoNeverSent()=true
09-02 01:43:47.204  2410  2410 D DeviceInfoHidlClient: getPowerInfoSupportStatus()=-1
09-02 01:43:47.216 23016 23509 I BatteryMgr:DataCollectionService: stats => 1693611827216,8239,4396
09-02 01:43:47.252  1513  2000 D ConnectivityService: NetReassign [no changes]
09-02 01:43:47.323 23016 23509 I BatteryMgr:DataCollectionService: stats => 1693611827322,8239,4396
09-02 01:43:47.427 23016 23509 I BatteryMgr:DataCollectionService: stats => 1693611827427,8239,4396
09-02 01:43:47.533 23016 23509 I BatteryMgr:DataCollectionService: stats => 1693611827533,8239,4396
09-02 01:43:47.639 23016 23509 I BatteryMgr:DataCollectionService: stats => 1693611827639,8239,4396
09-02 01:43:47.745 23016 23509 I BatteryMgr:DataCollectionService: stats => 1693611827745,8239,4396
09-02 01:43:47.852 23016 23509 I BatteryMgr:DataCollectionService: stats => 1693611827851,8239,4396
09-02 01:43:47.958 23016 23509 I BatteryMgr:DataCollectionService: stats => 1693611827957,8239,4396
09-02 01:43:48.063 23016 23509 I BatteryMgr:DataCollectionService: stats => 1693611828063,8239,4396
09-02 01:43:48.170 23016 23509 I BatteryMgr:DataCollectionService: stats => 1693611828170,8239,4396
09-02 01:43:48.276 23016 23509 I BatteryMgr:DataCollectionService: stats => 1693611828276,8239,4396
09-02 01:43:48.298   901  1000 D VSC     : @ 57014.749: [WO] tilt angle 87
09-02 01:43:48.382 23016 23509 I BatteryMgr:DataCollectionService: stats => 1693611828382,8239,4396
09-02 01:43:48.488 23016 23509 I BatteryMgr:DataCollectionService: stats => 1693611828488,8239,4396
09-02 01:43:48.594 23016 23509 I BatteryMgr:DataCollectionService: stats => 1693611828594,8239,4396
09-02 01:43:48.700 23016 23509 I BatteryMgr:DataCollectionService: stats => 1693611828700,8239,4396
09-02 01:43:48.804 23016 23509 I BatteryMgr:DataCollectionService: stats => 1693611828804,8239,4396
09-02 01:43:48.908 23016 23509 I BatteryMgr:DataCollectionService: stats => 1693611828908,8239,4396
09-02 01:43:48.921  9499  9499 D BoundBrokerSvc: onUnbind: Intent { act=com.google.android.gms.inappreach.service.START dat=chimera-action: cmp=com.google.android.gms/.chimera.GmsApiService }
09-02 01:43:49.014 23016 23509 I BatteryMgr:DataCollectionService: stats => 1693611829014,8239,4396
09-02 01:43:49.123 23016 23509 I BatteryMgr:DataCollectionService: stats => 1693611829123,8239,4396
09-02 01:43:49.228 23016 23509 I BatteryMgr:DataCollectionService: stats => 1693611829228,8239,4396
09-02 01:43:49.323   901  2806 I sensors-hal: [ssc_utils]get_qmi_debug_flag:244, support_qmi_debug : false
09-02 01:43:49.330   901  1000 W ASH     : @ 57015.781: Unhandled msg ID 999: line 1277
09-02 01:43:49.330   901  1000 E ASH     : @ 57015.781: No pb callback assigned
09-02 01:43:49.330   901  1000 E ASH     : @ 57015.781: Nanopb error: callback failed:1588
09-02 01:43:49.332 23016 23509 I BatteryMgr:DataCollectionService: stats => 1693611829332,8239,4396
09-02 01:43:49.442   901  2806 I sensors-hal: [ssc_utils]get_qmi_debug_flag:244, support_qmi_debug : false
09-02 01:43:49.442 23016 23509 I BatteryMgr:DataCollectionService: stats => 1693611829441,8239,4396
09-02 01:43:49.450   901  1000 W ASH     : @ 57015.901: Unhandled msg ID 999: line 1277
09-02 01:43:49.450   901  1000 E ASH     : @ 57015.901: No pb callback assigned
09-02 01:43:49.450   901  1000 E ASH     : @ 57015.901: Nanopb error: callback failed:1588
09-02 01:43:49.548 23016 23509 I BatteryMgr:DataCollectionService: stats => 1693611829548,8239,4396
09-02 01:43:49.654 23016 23509 I BatteryMgr:DataCollectionService: stats => 1693611829654,8239,4396
09-02 01:43:49.723   901  2806 I sensors-hal: [ssc_utils]get_qmi_debug_flag:244, support_qmi_debug : false
09-02 01:43:49.730   901  1000 W ASH     : @ 57016.181: Unhandled msg ID 999: line 1277
09-02 01:43:49.730   901  1000 E ASH     : @ 57016.181: No pb callback assigned
09-02 01:43:49.730   901  1000 E ASH     : @ 57016.181: Nanopb error: callback failed:1588
09-02 01:43:49.760 23016 23509 I BatteryMgr:DataCollectionService: stats => 1693611829760,8239,4396
09-02 01:43:49.843   901  2806 I sensors-hal: [ssc_utils]get_qmi_debug_flag:244, support_qmi_debug : false
09-02 01:43:49.855   901  1000 W ASH     : @ 57016.305: Unhandled msg ID 999: line 1277
09-02 01:43:49.855   901  1000 E ASH     : @ 57016.305: No pb callback assigned
09-02 01:43:49.855   901  1000 E ASH     : @ 57016.305: Nanopb error: callback failed:1588
09-02 01:43:49.864 23016 23509 I BatteryMgr:DataCollectionService: stats => 1693611829864,8239,4396
09-02 01:43:49.969 23016 23509 I BatteryMgr:DataCollectionService: stats => 1693611829969,8239,4396
09-02 01:43:50.076 23016 23509 I BatteryMgr:DataCollectionService: stats => 1693611830076,8239,4396
09-02 01:43:50.123   901  2806 I sensors-hal: [ssc_utils]get_qmi_debug_flag:244, support_qmi_debug : false
09-02 01:43:50.129   901  1000 W ASH     : @ 57016.580: Unhandled msg ID 999: line 1277
09-02 01:43:50.129   901  1000 E ASH     : @ 57016.580: No pb callback assigned
09-02 01:43:50.129   901  1000 E ASH     : @ 57016.580: Nanopb error: callback failed:1588
09-02 01:43:50.182 23016 23509 I BatteryMgr:DataCollectionService: stats => 1693611830181,8239,4396
09-02 01:43:50.241   901  2806 I sensors-hal: [ssc_utils]get_qmi_debug_flag:244, support_qmi_debug : false
09-02 01:43:50.250   901  1000 W ASH     : @ 57016.701: Unhandled msg ID 999: line 1277
09-02 01:43:50.250   901  1000 E ASH     : @ 57016.701: No pb callback assigned
09-02 01:43:50.250   901  1000 E ASH     : @ 57016.701: Nanopb error: callback failed:1588
09-02 01:43:50.260  1513  2000 D ConnectivityService: NetReassign [no changes]
09-02 01:43:50.287 23016 23509 I BatteryMgr:DataCollectionService: stats => 1693611830287,8239,4396
09-02 01:43:50.295   901  1000 D VSC     : @ 57016.746: [WO] tilt angle 87
09-02 01:43:50.316   901  2806 I sensors-hal: [ssc_utils]get_qmi_debug_flag:244, support_qmi_debug : false
09-02 01:43:50.327   901  1000 W ASH     : @ 57016.778: Unhandled msg ID 999: line 1277
09-02 01:43:50.327   901  1000 E ASH     : @ 57016.778: No pb callback assigned
09-02 01:43:50.327   901  1000 E ASH     : @ 57016.778: Nanopb error: callback failed:1588
09-02 01:43:50.394 23016 23509 I BatteryMgr:DataCollectionService: stats => 1693611830394,8239,4396
09-02 01:43:50.445   901  2806 I sensors-hal: [ssc_utils]get_qmi_debug_flag:244, support_qmi_debug : false
09-02 01:43:50.488   901  1000 W ASH     : @ 57016.938: Unhandled msg ID 999: line 1277
09-02 01:43:50.488   901  1000 E ASH     : @ 57016.938: No pb callback assigned
09-02 01:43:50.488   901  1000 E ASH     : @ 57016.938: Nanopb error: callback failed:1588
09-02 01:43:50.501 23016 23509 I BatteryMgr:DataCollectionService: stats => 1693611830501,8239,4396
09-02 01:43:50.605 23016 23509 I BatteryMgr:DataCollectionService: stats => 1693611830605,8239,4396
09-02 01:43:50.710 23016 23509 I BatteryMgr:DataCollectionService: stats => 1693611830710,8239,4396
09-02 01:43:50.722   901  2806 I sensors-hal: [ssc_utils]get_qmi_debug_flag:244, support_qmi_debug : false
09-02 01:43:50.729   901  1000 W ASH     : @ 57017.180: Unhandled msg ID 999: line 1277
09-02 01:43:50.729   901  1000 E ASH     : @ 57017.180: No pb callback assigned
09-02 01:43:50.729   901  1000 E ASH     : @ 57017.180: Nanopb error: callback failed:1588
09-02 01:43:50.814 23016 23509 I BatteryMgr:DataCollectionService: stats => 1693611830814,8239,4396
09-02 01:43:50.840   901  2806 I sensors-hal: [ssc_utils]get_qmi_debug_flag:244, support_qmi_debug : false
09-02 01:43:50.849   901  1000 W ASH     : @ 57017.300: Unhandled msg ID 999: line 1277
09-02 01:43:50.849   901  1000 E ASH     : @ 57017.300: No pb callback assigned
09-02 01:43:50.849   901  1000 E ASH     : @ 57017.300: Nanopb error: callback failed:1588
09-02 01:43:50.918 23016 23509 I BatteryMgr:DataCollectionService: stats => 1693611830918,8239,4396
09-02 01:43:50.932   901  2806 I sensors-hal: [ssc_utils]get_qmi_debug_flag:244, support_qmi_debug : false
09-02 01:43:50.967   901  1000 W ASH     : @ 57017.418: Unhandled msg ID 999: line 1277
09-02 01:43:50.967   901  1000 E ASH     : @ 57017.418: No pb callback assigned
09-02 01:43:50.968   901  1000 E ASH     : @ 57017.418: Nanopb error: callback failed:1588
09-02 01:43:51.022 23016 23509 I BatteryMgr:DataCollectionService: stats => 1693611831022,8239,4396
09-02 01:43:51.037   901  2806 I sensors-hal: [ssc_utils]get_qmi_debug_flag:244, support_qmi_debug : false
09-02 01:43:51.047   901  1000 W ASH     : @ 57017.498: Unhandled msg ID 999: line 1277
09-02 01:43:51.047   901  1000 E ASH     : @ 57017.498: No pb callback assigned
09-02 01:43:51.047   901  1000 E ASH     : @ 57017.498: Nanopb error: callback failed:1588
09-02 01:43:51.124   901  2806 I sensors-hal: [ssc_utils]get_qmi_debug_flag:244, support_qmi_debug : false
09-02 01:43:51.126 23016 23509 I BatteryMgr:DataCollectionService: stats => 1693611831126,8239,4396
09-02 01:43:51.167   901  1000 W ASH     : @ 57017.618: Unhandled msg ID 999: line 1277
09-02 01:43:51.168   901  1000 E ASH     : @ 57017.618: No pb callback assigned
09-02 01:43:51.168   901  1000 E ASH     : @ 57017.618: Nanopb error: callback failed:1588
09-02 01:43:51.231 23016 23509 I BatteryMgr:DataCollectionService: stats => 1693611831231,8239,4396
09-02 01:43:51.237   901  2806 I sensors-hal: [ssc_utils]get_qmi_debug_flag:244, support_qmi_debug : false
09-02 01:43:51.242   594 28441 I SDM     : HWDeviceDRM::UpdateMixerAttributes: Mixer WxH 1080x2340-1 for Peripheral
09-02 01:43:51.242   594 28441 I SDM     : DisplayBase::SetActiveConfig: Active configuration changed to: 0
09-02 01:43:51.242   594 28441 I SDM     : StrategyImpl::SetIdleTimeoutMs: Idle timeout set to zero for command mode panels
09-02 01:43:51.248   901  1000 W ASH     : @ 57017.699: Unhandled msg ID 999: line 1277
09-02 01:43:51.248   901  1000 E ASH     : @ 57017.699: No pb callback assigned
09-02 01:43:51.248   901  1000 E ASH     : @ 57017.699: Nanopb error: callback failed:1588
09-02 01:43:51.249   901  2806 I sensors-hal: [ssc_utils]get_qmi_debug_flag:244, support_qmi_debug : false
09-02 01:43:51.264  1513  1572 I DisplayManagerService: Display device changed: DisplayDeviceInfo{"Built-in Screen": uniqueId="local:19260504575090817", 1080 x 2340, modeId 2, defaultModeId 2, supportedModes [{id=1, width=1080, height=2340, fps=90.0}, {id=2, width=1080, height=2340, fps=60.000004}], colorMode 0, supportedColorModes [0, 7, 9], HdrCapabilities HdrCapabilities{mSupportedHdrTypes=[2, 3, 4], mMaxLuminance=500.0, mMaxAverageLuminance=500.0, mMinLuminance=0.0}, allmSupported false, gameContentTypeSupported false, density 440, 435.428 x 433.839 dpi, appVsyncOff 2333332, presDeadline 11500000, cutout DisplayCutout{insets=Rect(0, 136 - 0, 0) waterfall=Insets{left=0, top=0, right=0, bottom=0} boundingRect={Bounds=[Rect(0, 0 - 0, 0), Rect(0, 0 - 136, 136), Rect(0, 0 - 0, 0), Rect(0, 0 - 0, 0)]}}, touch INTERNAL, rotation 0, type INTERNAL, address {port=129, model=0x446d53ad64a0}, deviceProductInfo DeviceProductInfo{name=, manufacturerPnpId=QCM, productId=1, modelYear=null, manufactureDate=ManufactureDate{week=27, year=2006}, relativeAddress=null}, state ON, FLAG_DEFAULT_DISPLAY, FLAG_ROTATES_WITH_CONTENT, FLAG_SECURE, FLAG_SUPPORTS_PROTECTED_BUFFERS}
09-02 01:43:51.265   594 28441 I SDM     : HWDeviceDRM::UpdateMixerAttributes: Mixer WxH 1080x2340-1 for Peripheral
09-02 01:43:51.265   594 28441 I SDM     : DisplayBase::SetActiveConfig: Active configuration changed to: 1
09-02 01:43:51.265   594 28441 I SDM     : StrategyImpl::SetIdleTimeoutMs: Idle timeout set to zero for command mode panels
09-02 01:43:51.270   901  2806 I sensors-hal: [ssc_utils]get_qmi_debug_flag:244, support_qmi_debug : false
09-02 01:43:51.275  1513  1572 I DisplayManagerService: Display device changed: DisplayDeviceInfo{"Built-in Screen": uniqueId="local:19260504575090817", 1080 x 2340, modeId 1, defaultModeId 2, supportedModes [{id=1, width=1080, height=2340, fps=90.0}, {id=2, width=1080, height=2340, fps=60.000004}], colorMode 0, supportedColorModes [0, 7, 9], HdrCapabilities HdrCapabilities{mSupportedHdrTypes=[2, 3, 4], mMaxLuminance=500.0, mMaxAverageLuminance=500.0, mMinLuminance=0.0}, allmSupported false, gameContentTypeSupported false, density 440, 435.428 x 433.839 dpi, appVsyncOff 2333333, presDeadline 11500000, cutout DisplayCutout{insets=Rect(0, 136 - 0, 0) waterfall=Insets{left=0, top=0, right=0, bottom=0} boundingRect={Bounds=[Rect(0, 0 - 0, 0), Rect(0, 0 - 136, 136), Rect(0, 0 - 0, 0), Rect(0, 0 - 0, 0)]}}, touch INTERNAL, rotation 0, type INTERNAL, address {port=129, model=0x446d53ad64a0}, deviceProductInfo DeviceProductInfo{name=, manufacturerPnpId=QCM, productId=1, modelYear=null, manufactureDate=ManufactureDate{week=27, year=2006}, relativeAddress=null}, state ON, FLAG_DEFAULT_DISPLAY, FLAG_ROTATES_WITH_CONTENT, FLAG_SECURE, FLAG_SUPPORTS_PROTECTED_BUFFERS}
09-02 01:43:51.287   901  1000 W ASH     : @ 57017.738: Unhandled msg ID 999: line 1277
09-02 01:43:51.287   901  1000 E ASH     : @ 57017.738: No pb callback assigned
09-02 01:43:51.287   901  1000 E ASH     : @ 57017.738: Nanopb error: callback failed:1588
09-02 01:43:51.337 23016 23509 I BatteryMgr:DataCollectionService: stats => 1693611831337,8239,4396
09-02 01:43:51.386   901  2806 I sensors-hal: [ssc_utils]get_qmi_debug_flag:244, support_qmi_debug : false
09-02 01:43:51.407   901  1000 W ASH     : @ 57017.858: Unhandled msg ID 999: line 1277
09-02 01:43:51.407   901  1000 E ASH     : @ 57017.858: No pb callback assigned
09-02 01:43:51.407   901  1000 E ASH     : @ 57017.858: Nanopb error: callback failed:1588
09-02 01:43:51.444 23016 23509 I BatteryMgr:DataCollectionService: stats => 1693611831444,8239,4396
09-02 01:43:51.447   901  2806 I sensors-hal: [ssc_utils]get_qmi_debug_flag:244, support_qmi_debug : false
09-02 01:43:51.463   901  1000 W ASH     : @ 57017.914: Unhandled msg ID 999: line 1277
09-02 01:43:51.463   901  1000 E ASH     : @ 57017.914: No pb callback assigned
09-02 01:43:51.463   901  1000 E ASH     : @ 57017.914: Nanopb error: callback failed:1588
09-02 01:43:51.533   901  2806 I sensors-hal: [ssc_utils]get_qmi_debug_flag:244, support_qmi_debug : false
09-02 01:43:51.548 23016 23509 I BatteryMgr:DataCollectionService: stats => 1693611831548,8239,4396
09-02 01:43:51.568   901  1000 W ASH     : @ 57018.018: Unhandled msg ID 999: line 1277
09-02 01:43:51.568   901  1000 E ASH     : @ 57018.018: No pb callback assigned
09-02 01:43:51.568   901  1000 E ASH     : @ 57018.018: Nanopb error: callback failed:1588
09-02 01:43:51.642   901  2806 I sensors-hal: [ssc_utils]get_qmi_debug_flag:244, support_qmi_debug : false
09-02 01:43:51.649   901  1000 W ASH     : @ 57018.100: Unhandled msg ID 999: line 1277
09-02 01:43:51.649   901  1000 E ASH     : @ 57018.100: No pb callback assigned
09-02 01:43:51.649   901  1000 E ASH     : @ 57018.100: Nanopb error: callback failed:1588
09-02 01:43:51.651 23016 23509 I BatteryMgr:DataCollectionService: stats => 1693611831651,8239,4396
09-02 01:43:51.730   901  2806 I sensors-hal: [ssc_utils]get_qmi_debug_flag:244, support_qmi_debug : false
09-02 01:43:51.755 23016 23509 I BatteryMgr:DataCollectionService: stats => 1693611831754,8239,4396
09-02 01:43:51.767   901  1000 W ASH     : @ 57018.218: Unhandled msg ID 999: line 1277
09-02 01:43:51.767   901  1000 E ASH     : @ 57018.218: No pb callback assigned
09-02 01:43:51.767   901  1000 E ASH     : @ 57018.218: Nanopb error: callback failed:1588
09-02 01:43:51.850   901  2806 I sensors-hal: [ssc_utils]get_qmi_debug_flag:244, support_qmi_debug : false
09-02 01:43:51.853   594 28441 I SDM     : HWDeviceDRM::UpdateMixerAttributes: Mixer WxH 1080x2340-1 for Peripheral
09-02 01:43:51.853   594 28441 I SDM     : DisplayBase::SetActiveConfig: Active configuration changed to: 0
09-02 01:43:51.853   594 28441 I SDM     : StrategyImpl::SetIdleTimeoutMs: Idle timeout set to zero for command mode panels
09-02 01:43:51.859 23016 23509 I BatteryMgr:DataCollectionService: stats => 1693611831859,8239,4396
09-02 01:43:51.865   901  2806 I sensors-hal: [ssc_utils]get_qmi_debug_flag:244, support_qmi_debug : false
09-02 01:43:51.875  1513  1572 I DisplayManagerService: Display device changed: DisplayDeviceInfo{"Built-in Screen": uniqueId="local:19260504575090817", 1080 x 2340, modeId 2, defaultModeId 2, supportedModes [{id=1, width=1080, height=2340, fps=90.0}, {id=2, width=1080, height=2340, fps=60.000004}], colorMode 0, supportedColorModes [0, 7, 9], HdrCapabilities HdrCapabilities{mSupportedHdrTypes=[2, 3, 4], mMaxLuminance=500.0, mMaxAverageLuminance=500.0, mMinLuminance=0.0}, allmSupported false, gameContentTypeSupported false, density 440, 435.428 x 433.839 dpi, appVsyncOff 2333332, presDeadline 11500000, cutout DisplayCutout{insets=Rect(0, 136 - 0, 0) waterfall=Insets{left=0, top=0, right=0, bottom=0} boundingRect={Bounds=[Rect(0, 0 - 0, 0), Rect(0, 0 - 136, 136), Rect(0, 0 - 0, 0), Rect(0, 0 - 0, 0)]}}, touch INTERNAL, rotation 0, type INTERNAL, address {port=129, model=0x446d53ad64a0}, deviceProductInfo DeviceProductInfo{name=, manufacturerPnpId=QCM, productId=1, modelYear=null, manufactureDate=ManufactureDate{week=27, year=2006}, relativeAddress=null}, state ON, FLAG_DEFAULT_DISPLAY, FLAG_ROTATES_WITH_CONTENT, FLAG_SECURE, FLAG_SUPPORTS_PROTECTED_BUFFERS}
09-02 01:43:51.877   594 28441 I SDM     : StrategyImpl::SetIdleTimeoutMs: Idle timeout set to zero for command mode panels
09-02 01:43:51.887   901  1000 W ASH     : @ 57018.338: Unhandled msg ID 999: line 1277
09-02 01:43:51.887   901  1000 E ASH     : @ 57018.338: No pb callback assigned
09-02 01:43:51.887   901  1000 E ASH     : @ 57018.338: Nanopb error: callback failed:1588
09-02 01:43:52.145  1513  8503 I ActivityManager: Force stopping com.opera.browser appid=10261 user=0: from pid 23710
09-02 01:43:52.146  1513  8503 I ActivityManager: Killing 23266:com.opera.browser:privileged_process0/u0a261 (adj 0): stop com.opera.browser due to from pid 23710
09-02 01:43:52.147  1513  8503 I ActivityManager: Killing 23074:com.opera.browser/u0a261 (adj 0): stop com.opera.browser due to from pid 23710
09-02 01:43:52.151  9499  9499 D BoundBrokerSvc: onUnbind: Intent { act=com.google.android.gms.auth.blockstore.service.START dat=chimera-action: cmp=com.google.android.gms/.chimera.GmsApiService }
09-02 01:43:52.151  9499  9499 D BoundBrokerSvc: onUnbind: Intent { act=com.google.android.gms.measurement.START pkg=com.google.android.gms }
09-02 01:43:52.153  1513  8503 W ActivityTaskManager: Force removing ActivityRecord{cb56f8 u0 com.opera.browser/com.opera.Opera t2103 f}}: app died, no saved state
09-02 01:43:52.153  9499  9499 D BoundBrokerSvc: onUnbind: Intent { act=com.google.android.gms.safetynet.service.START pkg=com.google.android.gms }
09-02 01:43:52.154 23371 23371 I dboxed_process: System.exit called, status: 0
09-02 01:43:52.154 23371 23371 I AndroidRuntime: VM exiting with result code 0, cleanup skipped.
09-02 01:43:52.156 23552 23552 I dboxed_process: System.exit called, status: 0
09-02 01:43:52.156 23552 23552 I AndroidRuntime: VM exiting with result code 0, cleanup skipped.
09-02 01:43:52.166   594 28441 I SDM     : HWDeviceDRM::UpdateMixerAttributes: Mixer WxH 1080x2340-1 for Peripheral
09-02 01:43:52.166   594 28441 I SDM     : DisplayBase::SetActiveConfig: Active configuration changed to: 1
09-02 01:43:52.166   594 28441 I SDM     : StrategyImpl::SetIdleTimeoutMs: Idle timeout set to zero for command mode panels
09-02 01:43:52.170   901  2806 I sensors-hal: [ssc_utils]get_qmi_debug_flag:244, support_qmi_debug : false
09-02 01:43:52.170  1513  8503 I ActivityManager: Killing 23371:com.opera.browser:sandboxed_process0/u0a261 (adj 0): stop com.opera.browser due to from pid 23710
09-02 01:43:52.173  1513  8503 I ActivityManager: Killing 23552:com.opera.browser:sandboxed_process1/u0a261 (adj 0): stop com.opera.browser due to from pid 23710
09-02 01:43:52.173   779   779 I Zygote  : Process 23552 exited cleanly (0)
09-02 01:43:52.181  1513  3230 W ActivityManager: Spurious death for ProcessRecord{e2e1380 0:com.opera.browser:sandboxed_process1/u0a261}, curProc for 23552: null
09-02 01:43:52.181  2474  2474 E PhoneInterfaceManager: [PhoneIntfMgr] getCarrierPackageNamesForIntentAndPhone: No UICC
09-02 01:43:52.181  2474  2474 D CarrierSvcBindHelper: No carrier app for: 0
09-02 01:43:52.181   901  1000 W ASH     : @ 57018.630: Unhandled msg ID 999: line 1277
09-02 01:43:52.181   901  1000 E ASH     : @ 57018.630: No pb callback assigned
09-02 01:43:52.181   901  1000 E ASH     : @ 57018.630: Nanopb error: callback failed:1588
09-02 01:43:52.183  1513  1572 W DisplayManagerService: Failed to notify process 23266 that displays changed, assuming it died.
09-02 01:43:52.183  1513  1572 W DisplayManagerService: android.os.DeadObjectException
09-02 01:43:52.183  1513  1572 W DisplayManagerService: 	at android.os.BinderProxy.transactNative(Native Method)
09-02 01:43:52.183  1513  1572 W DisplayManagerService: 	at android.os.BinderProxy.transact(BinderProxy.java:550)
09-02 01:43:52.183  1513  1572 W DisplayManagerService: 	at android.hardware.display.IDisplayManagerCallback$Stub$Proxy.onDisplayEvent(IDisplayManagerCallback.java:115)
09-02 01:43:52.183  1513  1572 W DisplayManagerService: 	at com.android.server.display.DisplayManagerService$CallbackRecord.notifyDisplayEventAsync(DisplayManagerService.java:1909)
09-02 01:43:52.183  1513  1572 W DisplayManagerService: 	at com.android.server.display.DisplayManagerService.deliverDisplayEvent(DisplayManagerService.java:1668)
09-02 01:43:52.183  1513  1572 W DisplayManagerService: 	at com.android.server.display.DisplayManagerService.access$700(DisplayManagerService.java:163)
09-02 01:43:52.183  1513  1572 W DisplayManagerService: 	at com.android.server.display.DisplayManagerService$DisplayManagerHandler.handleMessage(DisplayManagerService.java:1831)
09-02 01:43:52.183  1513  1572 W DisplayManagerService: 	at android.os.Handler.dispatchMessage(Handler.java:106)
09-02 01:43:52.183  1513  1572 W DisplayManagerService: 	at android.os.Looper.loop(Looper.java:223)
09-02 01:43:52.183  1513  1572 W DisplayManagerService: 	at android.os.HandlerThread.run(HandlerThread.java:67)
09-02 01:43:52.183  1513  1572 W DisplayManagerService: 	at com.android.server.ServiceThread.run(ServiceThread.java:44)
09-02 01:43:52.184   779   779 I Zygote  : Process 23266 exited due to signal 9 (Killed)
09-02 01:43:52.184 23710 23712 I cmd     : oneway function results will be dropped but finished with status OK and parcel size 4
09-02 01:43:52.189  1513  2571 W ActivityManager: Unbind failed: could not find connection for android.os.BinderProxy@63faa76
09-02 01:43:52.189  1513  1640 I libprocessgroup: Successfully killed process cgroup uid 10261 pid 23266 in 43ms
09-02 01:43:52.191  1513  1572 I DisplayManagerService: Display device changed: DisplayDeviceInfo{"Built-in Screen": uniqueId="local:19260504575090817", 1080 x 2340, modeId 1, defaultModeId 2, supportedModes [{id=1, width=1080, height=2340, fps=90.0}, {id=2, width=1080, height=2340, fps=60.000004}], colorMode 0, supportedColorModes [0, 7, 9], HdrCapabilities HdrCapabilities{mSupportedHdrTypes=[2, 3, 4], mMaxLuminance=500.0, mMaxAverageLuminance=500.0, mMinLuminance=0.0}, allmSupported false, gameContentTypeSupported false, density 440, 435.428 x 433.839 dpi, appVsyncOff 2333333, presDeadline 11500000, cutout DisplayCutout{insets=Rect(0, 136 - 0, 0) waterfall=Insets{left=0, top=0, right=0, bottom=0} boundingRect={Bounds=[Rect(0, 0 - 0, 0), Rect(0, 0 - 136, 136), Rect(0, 0 - 0, 0), Rect(0, 0 - 0, 0)]}}, touch INTERNAL, rotation 0, type INTERNAL, address {port=129, model=0x446d53ad64a0}, deviceProductInfo DeviceProductInfo{name=, manufacturerPnpId=QCM, productId=1, modelYear=null, manufactureDate=ManufactureDate{week=27, year=2006}, relativeAddress=null}, state ON, FLAG_DEFAULT_DISPLAY, FLAG_ROTATES_WITH_CONTENT, FLAG_SECURE, FLAG_SUPPORTS_PROTECTED_BUFFERS}
09-02 01:43:52.197  3088  3642 I AssistantForeground: (REDACTED) Get launcher package: %s
09-02 01:43:52.197  3135  3135 D RegisteredNfcFServicesCache: Service unchanged, not updating
09-02 01:43:52.205  8777 23721 I EuiccGoogle: [7505] EuiccServiceImpl.onGetEuiccProfileInfoList: onGetEuiccProfileInfoList: slotId = -1
09-02 01:43:52.208  8777 23721 W EuiccGoogle: [7505] EuiccServiceImpl.onGetEuiccProfileInfoList: slotId=-1. No eUICC is active. Return null.
09-02 01:43:52.210   779   779 I Zygote  : Process 23371 exited cleanly (0)
09-02 01:43:52.215  1513  3161 D ConnectivityService: ConnectivityService NetworkRequestInfo binderDied(NetworkRequest [ LISTEN id=2629, [ Capabilities: INTERNET&NOT_RESTRICTED&TRUSTED&FOREGROUND Uid: 10261 AdministratorUids: [] RequestorUid: 10261 RequestorPackageName: com.opera.browser] ], android.os.BinderProxy@a2e635)
09-02 01:43:52.216  1513  3375 D ConnectivityService: ConnectivityService NetworkRequestInfo binderDied(NetworkRequest [ TRACK_DEFAULT id=2630, [ Capabilities: INTERNET&NOT_RESTRICTED&TRUSTED Uid: 10261 AdministratorUids: [] RequestorUid: 10261 RequestorPackageName: com.opera.browser] ], android.os.BinderProxy@cb2643b)
09-02 01:43:52.216  1513  3233 D ConnectivityService: ConnectivityService NetworkRequestInfo binderDied(NetworkRequest [ LISTEN id=2631, [ Capabilities: INTERNET&NOT_RESTRICTED&TRUSTED&FOREGROUND Uid: 10261 AdministratorUids: [] RequestorUid: 10261 RequestorPackageName: com.opera.browser] ], android.os.BinderProxy@320d758)
09-02 01:43:52.216  1513  2570 D AutofillSession: handling death of Token{ebe9e5b ActivityRecord{cb56f8 u0 com.opera.browser/com.opera.Opera t-1 f}}} when saving=false
09-02 01:43:52.216  1513  4617 D ConnectivityService: ConnectivityService NetworkRequestInfo binderDied(NetworkRequest [ TRACK_DEFAULT id=2628, [ Capabilities: INTERNET&NOT_RESTRICTED&TRUSTED Uid: 10261 AdministratorUids: [] RequestorUid: 10261 RequestorPackageName: com.opera.browser] ], android.os.BinderProxy@97e5aca)
09-02 01:43:52.222   779   779 I Zygote  : Process 23074 exited due to signal 9 (Killed)
09-02 01:43:52.223  1513  1572 W ActivityManager: setHasOverlayUi called on unknown pid: 23074
09-02 01:43:52.223  1513  2000 D ConnectivityService: releasing NetworkRequest [ TRACK_DEFAULT id=2630, [ Capabilities: INTERNET&NOT_RESTRICTED&TRUSTED Uid: 10261 AdministratorUids: [] RequestorUid: 10261 RequestorPackageName: com.opera.browser] ] (release request)
09-02 01:43:52.224  1513  2000 D ConnectivityService: releasing NetworkRequest [ TRACK_DEFAULT id=2628, [ Capabilities: INTERNET&NOT_RESTRICTED&TRUSTED Uid: 10261 AdministratorUids: [] RequestorUid: 10261 RequestorPackageName: com.opera.browser] ] (release request)
09-02 01:43:52.232  1513  1640 I libprocessgroup: Successfully killed process cgroup uid 10261 pid 23074 in 42ms
09-02 01:43:52.232  1513  1640 I libprocessgroup: Successfully killed process cgroup uid 10261 pid 23371 in 0ms
09-02 01:43:52.233  1513  1640 I libprocessgroup: Successfully killed process cgroup uid 10261 pid 23552 in 0ms
09-02 01:43:52.236  2858  2858 I GoogleInputMethodService: GoogleInputMethodService.onFinishInput():3280 
09-02 01:43:52.237  2858  2858 I GoogleInputMethodService: GoogleInputMethodService.updateDeviceLockedStatus():2169 repeatCheckTimes = 0, unlocked = true
09-02 01:43:52.237  2858  2858 I GoogleInputMethodService: GoogleInputMethodService.onStartInput():1960 onStartInput(EditorInfo{inputType=0x0(NULL) imeOptions=0x0 privateImeOptions=null actionName=UNSPECIFIED actionLabel=null actionId=0 initialSelStart=-1 initialSelEnd=-1 initialCapsMode=0x0 hintText=null label=null packageName=com.example.batterymanager_utility fieldId=-1 fieldName=null extras=null}, false)
