09-01 16:21:05.373 29956 29956 I cr_OfflineDetector: updateState(): timeSinceLastForeground: 0, timeSinceOfflineNotificationReceived: 23248599, timeSinceLastOnline: 3566, timeNeededForForeground: 2000, timeNeededForOffline: -23246599
09-01 16:21:05.376   901  2806 I sensors-hal: [ssc_utils]get_qmi_debug_flag:244, support_qmi_debug : false
09-01 16:21:05.382 30320 30320 I LoadedApk: No resource references to update in package com.google.android.trichromelibrary
09-01 16:21:05.382 30320 30320 D NetworkSecurityConfig: Using Network Security Config from resource 0_resource_name_obfuscated debugBuild: false
09-01 16:21:05.383 30320 30320 D NetworkSecurityConfig: Using Network Security Config from resource 0_resource_name_obfuscated debugBuild: false
09-01 16:21:05.385 30320 30320 I cr_SplitCompatApp: Launched version=107.0.5304.91 minSdkVersion=29 isBundle=true processName=com.android.chrome:sandboxed_process0:org.chromium.content.app.SandboxedProcessService0:3 isIsolated=true
09-01 16:21:05.397   901  2806 I sensors-hal: [ssc_utils]get_qmi_debug_flag:244, support_qmi_debug : false
09-01 16:21:05.399 30320 30320 W SystemServiceRegistry: No service published for: uimode
09-01 16:21:05.403   901  1000 W ASH     : @ 23251.858: Unhandled msg ID 999: line 1277
09-01 16:21:05.403   901  1000 E ASH     : @ 23251.858: No pb callback assigned
09-01 16:21:05.403   901  1000 E ASH     : @ 23251.858: Nanopb error: callback failed:1588
09-01 16:21:05.404 30320 30320 I cr_ChildProcessService: Creating new ChildProcessService pid=30320
09-01 16:21:05.404   901  1000 W ASH     : @ 23251.859: Unhandled msg ID 999: line 1277
09-01 16:21:05.404   901  1000 E ASH     : @ 23251.859: No pb callback assigned
09-01 16:21:05.404   901  1000 E ASH     : @ 23251.859: Nanopb error: callback failed:1588
09-01 16:21:05.409 30320 30338 I cr_LibraryLoader: Using ModernLinker
09-01 16:21:05.412 29900 30196 I BatteryMgr:DataCollectionService: stats => 1693578065412,-25329,4419
09-01 16:21:05.412 30320 30338 W linker  : Warning: "/data/app/~~_KLlx60MH8CoecPTjMKp8g==/com.android.chrome-kw9RHYrlHKb9bPXi8OTClw==/base.apk!/lib/arm64-v8a/libchromium_android_linker.so" unused DT entry: unknown processor-specific (type 0x70000001 arg 0x0) (ignoring)
09-01 16:21:05.413 30320 30338 E cr_ChromiumAndroidLinker: ReserveAddressWithHint: Address range starting at 0x7a3872c000 was not free to use
09-01 16:21:05.420 30320 30348 I cr_LibraryLoader: Successfully loaded native library
09-01 16:21:05.421 30320 30348 I cr_CachingUmaRecorder: Flushed 3 samples from 3 histograms.
09-01 16:21:05.515 29900 30196 I BatteryMgr:DataCollectionService: stats => 1693578065515,-25329,4419
09-01 16:21:05.618 29900 30196 I BatteryMgr:DataCollectionService: stats => 1693578065618,-25329,4419
09-01 16:21:05.633   901  2806 I sensors-hal: [ssc_utils]get_qmi_debug_flag:244, support_qmi_debug : false
09-01 16:21:05.643   901  1000 W ASH     : @ 23252.097: Unhandled msg ID 999: line 1277
09-01 16:21:05.643   901  1000 E ASH     : @ 23252.097: No pb callback assigned
09-01 16:21:05.643   901  1000 E ASH     : @ 23252.097: Nanopb error: callback failed:1588
09-01 16:21:05.654   901  2806 I sensors-hal: [ssc_utils]get_qmi_debug_flag:244, support_qmi_debug : false
09-01 16:21:05.683   901  1000 W ASH     : @ 23252.137: Unhandled msg ID 999: line 1277
09-01 16:21:05.683   901  1000 E ASH     : @ 23252.137: No pb callback assigned
09-01 16:21:05.683   901  1000 E ASH     : @ 23252.137: Nanopb error: callback failed:1588
09-01 16:21:05.722 29900 30196 I BatteryMgr:DataCollectionService: stats => 1693578065721,-25329,4419
09-01 16:21:05.736   901  2806 I sensors-hal: [ssc_utils]get_qmi_debug_flag:244, support_qmi_debug : false
09-01 16:21:05.746   901  2806 I sensors-hal: [ssc_utils]get_qmi_debug_flag:244, support_qmi_debug : false
09-01 16:21:05.763   901  1000 W ASH     : @ 23252.217: Unhandled msg ID 999: line 1277
09-01 16:21:05.763   901  1000 E ASH     : @ 23252.217: No pb callback assigned
09-01 16:21:05.763   901  1000 E ASH     : @ 23252.217: Nanopb error: callback failed:1588
09-01 16:21:05.825 29900 30196 I BatteryMgr:DataCollectionService: stats => 1693578065825,-25329,4419
09-01 16:21:05.891  7733 29630 I Icing   : IndexChimeraService.getServiceInterface callingPackage=com.google.android.gms componentName=null serviceId=30
09-01 16:21:05.897  7733  7733 D BoundBrokerSvc: onBind: Intent { act=com.google.android.gms.common.BIND_SHARED_PREFS pkg=com.google.android.gms }
09-01 16:21:05.897  7733  7733 D BoundBrokerSvc: Loading bound service for intent: Intent { act=com.google.android.gms.common.BIND_SHARED_PREFS pkg=com.google.android.gms }
09-01 16:21:05.901  7733  7733 D BoundBrokerSvc: onUnbind: Intent { act=com.google.android.gms.common.BIND_SHARED_PREFS pkg=com.google.android.gms }
09-01 16:21:05.904  7733 28260 I GmsCoreXrpcWrapper: (REDACTED) Returning a channel provider with trafficStatsTag=%d trafficStatsUid=%d
09-01 16:21:05.928 29900 30196 I BatteryMgr:DataCollectionService: stats => 1693578065928,-25329,4419
09-01 16:21:05.947  7733 28260 I Icing   : Usage reports ok 3, Failed Usage reports 0, indexed 1, rejected 0
09-01 16:21:05.996   901  2806 I sensors-hal: [ssc_utils]get_qmi_debug_flag:244, support_qmi_debug : false
09-01 16:21:06.004   901  1000 W ASH     : @ 23252.458: Unhandled msg ID 999: line 1277
09-01 16:21:06.004   901  1000 E ASH     : @ 23252.458: No pb callback assigned
09-01 16:21:06.004   901  1000 E ASH     : @ 23252.458: Nanopb error: callback failed:1588
09-01 16:21:06.021   901  2806 I sensors-hal: [ssc_utils]get_qmi_debug_flag:244, support_qmi_debug : false
09-01 16:21:06.033 29900 30196 I BatteryMgr:DataCollectionService: stats => 1693578066033,-25329,4419
09-01 16:21:06.043   901  1000 W ASH     : @ 23252.497: Unhandled msg ID 999: line 1277
09-01 16:21:06.043   901  1000 E ASH     : @ 23252.497: No pb callback assigned
09-01 16:21:06.043   901  1000 E ASH     : @ 23252.497: Nanopb error: callback failed:1588
09-01 16:21:06.083   901  1000 D VSC     : @ 23252.537: [WO] tilt angle 89
09-01 16:21:06.110   901  2806 I sensors-hal: [ssc_utils]get_qmi_debug_flag:244, support_qmi_debug : false
09-01 16:21:06.123   901  1000 W ASH     : @ 23252.577: Unhandled msg ID 999: line 1277
09-01 16:21:06.123   901  1000 E ASH     : @ 23252.577: No pb callback assigned
09-01 16:21:06.123   901  1000 E ASH     : @ 23252.577: Nanopb error: callback failed:1588
09-01 16:21:06.139 29900 30196 I BatteryMgr:DataCollectionService: stats => 1693578066138,-25329,4419
09-01 16:21:06.245 29900 30196 I BatteryMgr:DataCollectionService: stats => 1693578066245,-25329,4419
09-01 16:21:06.350 29900 30196 I BatteryMgr:DataCollectionService: stats => 1693578066349,-25329,4419
09-01 16:21:06.456 29900 30196 I BatteryMgr:DataCollectionService: stats => 1693578066456,-25329,4419
09-01 16:21:06.562 29900 30196 I BatteryMgr:DataCollectionService: stats => 1693578066562,-25329,4419
09-01 16:21:06.669 29900 30196 I BatteryMgr:DataCollectionService: stats => 1693578066668,-25329,4419
09-01 16:21:06.773 29900 30196 I BatteryMgr:DataCollectionService: stats => 1693578066773,-25329,4419
09-01 16:21:06.871 29956 30032 I cr_omaha: OmahaBase::generateAndPostRequest(): Sending request to Omaha:
09-01 16:21:06.871 29956 30032 I cr_omaha: <?xml version='1.0' encoding='UTF-8' standalone='yes' ?><request protocol="3.0" updater="Android" updaterversion="107.0.5304.91" updaterchannel="chrome" ismachine="1" requestid="{580adaca-d3b4-41b9-be7e-106f777b8e43}" sessionid="{3473bf5e-6bb6-49ad-b343-b395a2fddc2d}" installsource="system_image" dedup="cr"><os platform="android" version="11" arch="arm" /><app brand="" client="ms-android-dt-de-revc" appid="{387E11AD-7109-45F6-83CF-CAA241ADC9DF}" version="107.0.5304.91" nextversion="" lang="en-US" installage="-1" ap="chrome;google;pixel 5"><event eventtype="2" eventresult="1" /></app></request>
09-01 16:21:06.876 29900 30196 I BatteryMgr:DataCollectionService: stats => 1693578066876,-25329,4419
09-01 16:21:06.979 29900 30196 I BatteryMgr:DataCollectionService: stats => 1693578066979,-25329,4419
09-01 16:21:06.999 29956 30032 I cr_omaha: OmahaBase::generateAndPostRequest(): Received response from Omaha:
09-01 16:21:06.999 29956 30032 I cr_omaha: <?xml version="1.0" encoding="UTF-8"?><response protocol="3.0" server="prod"><daystart elapsed_days="6087" elapsed_seconds="26466"/><app appid="{387E11AD-7109-45F6-83CF-CAA241ADC9DF}" status="ok"><event status="ok"/></app></response>
09-01 16:21:07.001 29956 30032 I cr_omaha: Request to Server Successful. Timestamp for next request:1693581667001
09-01 16:21:07.007 29956 30032 I cr_omaha: OmahaBase::generateAndPostRequest(): Sending request to Omaha:
09-01 16:21:07.007 29956 30032 I cr_omaha: <?xml version='1.0' encoding='UTF-8' standalone='yes' ?><request protocol="3.0" updater="Android" updaterversion="107.0.5304.91" updaterchannel="chrome" ismachine="1" requestid="{c41a7bc1-c91c-4924-ba49-8a88ceb1d8ca}" sessionid="{3473bf5e-6bb6-49ad-b343-b395a2fddc2d}" installsource="system_image" dedup="cr"><os platform="android" version="11" arch="arm" /><app brand="" client="ms-android-dt-de-revc" appid="{387E11AD-7109-45F6-83CF-CAA241ADC9DF}" version="107.0.5304.91" nextversion="" lang="en-US" installage="0" ap="chrome;google;pixel 5"><updatecheck /><ping active="1" ad="6087" rd="6087" /></app></request>
09-01 16:21:07.048 29956 30032 I cr_omaha: OmahaBase::generateAndPostRequest(): Received response from Omaha:
09-01 16:21:07.048 29956 30032 I cr_omaha: <?xml version="1.0" encoding="UTF-8"?><response protocol="3.0" server="prod"><daystart elapsed_days="6087" elapsed_seconds="26467"/><app appid="{387E11AD-7109-45F6-83CF-CAA241ADC9DF}" cohort="1:hyx:" cohortname="Stable Chrome" status="ok"><updatecheck status="ok"><urls><url codebase="market://details?id=com.android.chrome/"/></urls><manifest version="114.0.5735.130"><actions><action event="update" run=""/><action event="postinstall"/></actions><packages><package fp="2.114.0.5735.130" name="" required="true"/></packages></manifest></updatecheck><ping status="ok"/></app></response>
09-01 16:21:07.050 29956 30032 I cr_omaha: Request to Server Successful. Timestamp for next request:1693581667050
09-01 16:21:07.050 29956 30032 I cr_omaha: Attempting to schedule next job for: Fri Sep 01 21:21:06 GMT+02:00 2023
09-01 16:21:07.053 29956 29956 I cr_omaha: Scheduled using JobService
09-01 16:21:07.053 29956 29956 E cr_BkgrdTaskJS: Tried finishing non-current BackgroundTask.
09-01 16:21:07.084 29900 30196 I BatteryMgr:DataCollectionService: stats => 1693578067084,-25329,4419
09-01 16:21:07.106  2858  2858 I GoogleInputMethodService: GoogleInputMethodService.onStartInput():1960 onStartInput(EditorInfo{inputType=0x8c0a1(WebEditText) imeOptions=0x12000002 privateImeOptions=null actionName=GO actionLabel=null actionId=0 initialSelStart=0 initialSelEnd=0 initialCapsMode=0x0 hintText=null label=null packageName=com.android.chrome fieldId=-1 fieldName=null extras=null}, true)
09-01 16:21:07.107  2858  2858 I GoogleInputMethodService: GoogleInputMethodService.shouldHideHeaderOnInitialState():4081 ShouldHideHeaderOnInitialState = false
09-01 16:21:07.107  2858  2858 I GoogleInputMethodService: GoogleInputMethodService.updateDeviceLockedStatus():2169 repeatCheckTimes = 2, unlocked = true
09-01 16:21:07.107  2858  2858 W SessionManager: SessionManager.beginSession():53 Try to begin an already begun session [INPUT_SESSION], end it first
09-01 16:21:07.153   594   594 I SDM     : HWDeviceDRM::UpdateMixerAttributes: Mixer WxH 1080x2340-1 for Peripheral
09-01 16:21:07.154   594   594 I SDM     : DisplayBase::SetActiveConfig: Active configuration changed to: 0
09-01 16:21:07.154   594   594 I SDM     : StrategyImpl::SetIdleTimeoutMs: Idle timeout set to zero for command mode panels
09-01 16:21:07.155   901  2806 I sensors-hal: [ssc_utils]get_qmi_debug_flag:244, support_qmi_debug : false
09-01 16:21:07.164  1513  1572 I DisplayManagerService: Display device changed: DisplayDeviceInfo{"Built-in Screen": uniqueId="local:19260504575090817", 1080 x 2340, modeId 2, defaultModeId 2, supportedModes [{id=1, width=1080, height=2340, fps=90.0}, {id=2, width=1080, height=2340, fps=60.000004}], colorMode 0, supportedColorModes [0, 7, 9], HdrCapabilities HdrCapabilities{mSupportedHdrTypes=[2, 3, 4], mMaxLuminance=500.0, mMaxAverageLuminance=500.0, mMinLuminance=0.0}, allmSupported false, gameContentTypeSupported false, density 440, 435.428 x 433.839 dpi, appVsyncOff 2333332, presDeadline 11500000, cutout DisplayCutout{insets=Rect(0, 136 - 0, 0) waterfall=Insets{left=0, top=0, right=0, bottom=0} boundingRect={Bounds=[Rect(0, 0 - 0, 0), Rect(0, 0 - 136, 136), Rect(0, 0 - 0, 0), Rect(0, 0 - 0, 0)]}}, touch INTERNAL, rotation 0, type INTERNAL, address {port=129, model=0x446d53ad64a0}, deviceProductInfo DeviceProductInfo{name=, manufacturerPnpId=QCM, productId=1, modelYear=null, manufactureDate=ManufactureDate{week=27, year=2006}, relativeAddress=null}, state ON, FLAG_DEFAULT_DISPLAY, FLAG_ROTATES_WITH_CONTENT, FLAG_SECURE, FLAG_SUPPORTS_PROTECTED_BUFFERS}
09-01 16:21:07.164   901  1000 W ASH     : @ 23253.618: Unhandled msg ID 999: line 1277
09-01 16:21:07.164   901  1000 E ASH     : @ 23253.618: No pb callback assigned
09-01 16:21:07.164   901  1000 E ASH     : @ 23253.618: Nanopb error: callback failed:1588
09-01 16:21:07.165   594   594 I SDM     : StrategyImpl::SetIdleTimeoutMs: Idle timeout set to zero for command mode panels
09-01 16:21:07.171   901  2806 I sensors-hal: [ssc_utils]get_qmi_debug_flag:244, support_qmi_debug : false
09-01 16:21:07.186  1513  1574 W Choreographer: Frame time is 0.118171 ms in the future!  Check that graphics HAL is generating vsync timestamps using the correct timebase.
09-01 16:21:07.190 29900 30196 I BatteryMgr:DataCollectionService: stats => 1693578067190,-25329,4419
09-01 16:21:07.203   901  1000 W ASH     : @ 23253.657: Unhandled msg ID 999: line 1277
09-01 16:21:07.203   901  1000 E ASH     : @ 23253.657: No pb callback assigned
09-01 16:21:07.203   901  1000 E ASH     : @ 23253.657: Nanopb error: callback failed:1588
09-01 16:21:07.293 29900 30196 I BatteryMgr:DataCollectionService: stats => 1693578067293,-25329,4419
09-01 16:21:07.304   594   594 I SDM     : HWDeviceDRM::UpdateMixerAttributes: Mixer WxH 1080x2340-1 for Peripheral
09-01 16:21:07.304   594   594 I SDM     : DisplayBase::SetActiveConfig: Active configuration changed to: 1
09-01 16:21:07.304   594   594 I SDM     : StrategyImpl::SetIdleTimeoutMs: Idle timeout set to zero for command mode panels
09-01 16:21:07.308   901  2806 I sensors-hal: [ssc_utils]get_qmi_debug_flag:244, support_qmi_debug : false
09-01 16:21:07.309  1513  1572 I DisplayManagerService: Display device changed: DisplayDeviceInfo{"Built-in Screen": uniqueId="local:19260504575090817", 1080 x 2340, modeId 1, defaultModeId 2, supportedModes [{id=1, width=1080, height=2340, fps=90.0}, {id=2, width=1080, height=2340, fps=60.000004}], colorMode 0, supportedColorModes [0, 7, 9], HdrCapabilities HdrCapabilities{mSupportedHdrTypes=[2, 3, 4], mMaxLuminance=500.0, mMaxAverageLuminance=500.0, mMinLuminance=0.0}, allmSupported false, gameContentTypeSupported false, density 440, 435.428 x 433.839 dpi, appVsyncOff 2333333, presDeadline 11500000, cutout DisplayCutout{insets=Rect(0, 136 - 0, 0) waterfall=Insets{left=0, top=0, right=0, bottom=0} boundingRect={Bounds=[Rect(0, 0 - 0, 0), Rect(0, 0 - 136, 136), Rect(0, 0 - 0, 0), Rect(0, 0 - 0, 0)]}}, touch INTERNAL, rotation 0, type INTERNAL, address {port=129, model=0x446d53ad64a0}, deviceProductInfo DeviceProductInfo{name=, manufacturerPnpId=QCM, productId=1, modelYear=null, manufactureDate=ManufactureDate{week=27, year=2006}, relativeAddress=null}, state ON, FLAG_DEFAULT_DISPLAY, FLAG_ROTATES_WITH_CONTENT, FLAG_SECURE, FLAG_SUPPORTS_PROTECTED_BUFFERS}
09-01 16:21:07.323   901  1000 W ASH     : @ 23253.777: Unhandled msg ID 999: line 1277
09-01 16:21:07.323   901  1000 E ASH     : @ 23253.777: No pb callback assigned
09-01 16:21:07.323   901  1000 E ASH     : @ 23253.777: Nanopb error: callback failed:1588
09-01 16:21:07.398 29900 30196 I BatteryMgr:DataCollectionService: stats => 1693578067398,-25329,4419
09-01 16:21:07.419   901  2806 I sensors-hal: [ssc_utils]get_qmi_debug_flag:244, support_qmi_debug : false
09-01 16:21:07.432 29956 30032 V MediaStore: Examining volume emulated;0 with name external_primary and state mounted
09-01 16:21:07.437 29956 30032 I chatty  : uid=10220(com.android.chrome) identical 3 lines
09-01 16:21:07.439 29956 30032 V MediaStore: Examining volume emulated;0 with name external_primary and state mounted
09-01 16:21:07.443   901  1000 W ASH     : @ 23253.897: Unhandled msg ID 999: line 1277
09-01 16:21:07.443   901  1000 E ASH     : @ 23253.897: No pb callback assigned
09-01 16:21:07.443   901  1000 E ASH     : @ 23253.897: Nanopb error: callback failed:1588
09-01 16:21:07.472 29956 29956 W chromium: [WARNING:controller_impl.cc(1190)] Background download complete, client: 6, completion type: 0, file size:16643
09-01 16:21:07.504 29900 30196 I BatteryMgr:DataCollectionService: stats => 1693578067504,-25329,4419
09-01 16:21:07.519  1513  3223 D CompatibilityChangeReporter: Compat change id reported: 135634846; UID 10220; state: DISABLED
09-01 16:21:07.520  1513  3223 D CompatibilityChangeReporter: Compat change id reported: 135754954; UID 10220; state: ENABLED
09-01 16:21:07.520  1513  1625 D CompatibilityChangeReporter: Compat change id reported: 143937733; UID 10220; state: ENABLED
09-01 16:21:07.533 30013 30013 D Zygote  : Forked child process 30403
09-01 16:21:07.535  1513  1625 I ActivityManager: Start proc 30403:com.android.chrome:sandboxed_process0:org.chromium.content.app.SandboxedProcessService0:4/u0ai4 for  {com.android.chrome/org.chromium.content.app.SandboxedProcessService0:4}
09-01 16:21:07.536 30403 30403 E libc    : SetHeapTaggingLevel: re-enabling tagging after it was disabled is not supported
09-01 16:21:07.546 30403 30403 E ocessService0:: Not starting debugger since process cannot load the jdwp agent.
09-01 16:21:07.555  1513  1536 D CompatibilityChangeReporter: Compat change id reported: 136274596; UID 10220; state: ENABLED
09-01 16:21:07.572 30403 30403 I LoadedApk: No resource references to update in package com.google.android.trichromelibrary
09-01 16:21:07.572 30403 30403 D NetworkSecurityConfig: Using Network Security Config from resource 0_resource_name_obfuscated debugBuild: false
09-01 16:21:07.573 30403 30403 D NetworkSecurityConfig: Using Network Security Config from resource 0_resource_name_obfuscated debugBuild: false
09-01 16:21:07.574 30403 30403 I cr_SplitCompatApp: Launched version=107.0.5304.91 minSdkVersion=29 isBundle=true processName=com.android.chrome:sandboxed_process0:org.chromium.content.app.SandboxedProcessService0:4 isIsolated=true
09-01 16:21:07.583 30403 30403 W SystemServiceRegistry: No service published for: uimode
09-01 16:21:07.587 30403 30403 I cr_ChildProcessService: Creating new ChildProcessService pid=30403
09-01 16:21:07.593 30403 30419 I cr_LibraryLoader: Using ModernLinker
09-01 16:21:07.595 30403 30419 W linker  : Warning: "/data/app/~~_KLlx60MH8CoecPTjMKp8g==/com.android.chrome-kw9RHYrlHKb9bPXi8OTClw==/base.apk!/lib/arm64-v8a/libchromium_android_linker.so" unused DT entry: unknown processor-specific (type 0x70000001 arg 0x0) (ignoring)
09-01 16:21:07.596 30403 30419 E cr_ChromiumAndroidLinker: ReserveAddressWithHint: Address range starting at 0x7a3872c000 was not free to use
09-01 16:21:07.601 29956 30028 V MediaStore: Examining volume emulated;0 with name external_primary and state mounted
09-01 16:21:07.601 30403 30420 I cr_LibraryLoader: Successfully loaded native library
09-01 16:21:07.602 30403 30420 I cr_CachingUmaRecorder: Flushed 3 samples from 3 histograms.
09-01 16:21:07.603 29956 30028 V MediaStore: Examining volume emulated;0 with name external_primary and state mounted
09-01 16:21:07.604 29956 30028 V MediaStore: Examining volume emulated;0 with name external_primary and state mounted
09-01 16:21:07.606 29956 30032 V MediaStore: Examining volume emulated;0 with name external_primary and state mounted
09-01 16:21:07.607 29900 30196 I BatteryMgr:DataCollectionService: stats => 1693578067607,-25329,4419
09-01 16:21:07.609 30403 30403 W ThreadPoolForeg: type=1400 audit(0.0:2680): avc: denied { setattr } for name="model-info.pb" dev="dm-12" ino=79644 scontext=u:r:isolated_app:s0:c512,c768 tcontext=u:object_r:app_data_file:s0:c220,c256,c512,c768 tclass=file permissive=0
09-01 16:21:07.609 29956 30032 V MediaStore: Examining volume emulated;0 with name external_primary and state mounted
09-01 16:21:07.612 29956 29956 W chromium: [WARNING:controller_impl.cc(1190)] Background download complete, client: 6, completion type: 0, file size:18160
09-01 16:21:07.613 30403 30403 W ThreadPoolForeg: type=1400 audit(0.0:2681): avc: denied { setattr } for name="model.tflite" dev="dm-12" ino=79650 scontext=u:r:isolated_app:s0:c512,c768 tcontext=u:object_r:app_data_file:s0:c220,c256,c512,c768 tclass=file permissive=0
09-01 16:21:07.618   901  2806 I sensors-hal: [ssc_utils]get_qmi_debug_flag:244, support_qmi_debug : false
09-01 16:21:07.622 30403 30420 I chromium: [INFO:child_process_service.cc(69)] ChildProcessService: Exiting child process.
09-01 16:21:07.630  1513  2013 I ActivityManager: Killing 30403:com.android.chrome:sandboxed_process0:org.chromium.content.app.SandboxedProcessService0:4/u0a220i-8996 (adj 0): isolated not needed
09-01 16:21:07.631  1513  1640 I libprocessgroup: Successfully killed process cgroup uid 90004 pid 30403 in 0ms
09-01 16:21:07.643 30013 30013 I Zygote  : Process 30403 exited cleanly (0)
09-01 16:21:07.646   901  1000 W ASH     : @ 23254.100: Unhandled msg ID 999: line 1277
09-01 16:21:07.646   901  1000 E ASH     : @ 23254.100: No pb callback assigned
09-01 16:21:07.646   901  1000 E ASH     : @ 23254.100: Nanopb error: callback failed:1588
09-01 16:21:07.657 29956 29956 W chromium: [WARNING:compositor_view.cc(342)] Child process died (type=6) pid=30403)
09-01 16:21:07.669  1513  2000 D ConnectivityService: NetReassign [no changes]
09-01 16:21:07.703  1513  3223 D CompatibilityChangeReporter: Compat change id reported: 135634846; UID 10220; state: DISABLED
09-01 16:21:07.704  1513  3223 D CompatibilityChangeReporter: Compat change id reported: 135754954; UID 10220; state: ENABLED
09-01 16:21:07.704  1513  1625 D CompatibilityChangeReporter: Compat change id reported: 143937733; UID 10220; state: ENABLED
09-01 16:21:07.709   901  2806 I sensors-hal: [ssc_utils]get_qmi_debug_flag:244, support_qmi_debug : false
09-01 16:21:07.711 29900 30196 I BatteryMgr:DataCollectionService: stats => 1693578067711,-25329,4419
09-01 16:21:07.716 30013 30013 D Zygote  : Forked child process 30433
09-01 16:21:07.718 30433 30433 E libc    : SetHeapTaggingLevel: re-enabling tagging after it was disabled is not supported
09-01 16:21:07.719  1513  1625 I ActivityManager: Start proc 30433:com.android.chrome:sandboxed_process0:org.chromium.content.app.SandboxedProcessService0:5/u0ai5 for  {com.android.chrome/org.chromium.content.app.SandboxedProcessService0:5}
09-01 16:21:07.724   901  1000 W ASH     : @ 23254.178: Unhandled msg ID 999: line 1277
09-01 16:21:07.724   901  1000 E ASH     : @ 23254.178: No pb callback assigned
09-01 16:21:07.724   901  1000 E ASH     : @ 23254.179: Nanopb error: callback failed:1588
09-01 16:21:07.726 30433 30433 E ocessService0:: Not starting debugger since process cannot load the jdwp agent.
09-01 16:21:07.736  1513  3232 D CompatibilityChangeReporter: Compat change id reported: 136274596; UID 10220; state: ENABLED
09-01 16:21:07.751 30433 30433 I LoadedApk: No resource references to update in package com.google.android.trichromelibrary
09-01 16:21:07.752 30433 30433 D NetworkSecurityConfig: Using Network Security Config from resource 0_resource_name_obfuscated debugBuild: false
09-01 16:21:07.752 30433 30433 D NetworkSecurityConfig: Using Network Security Config from resource 0_resource_name_obfuscated debugBuild: false
09-01 16:21:07.754 30433 30433 I cr_SplitCompatApp: Launched version=107.0.5304.91 minSdkVersion=29 isBundle=true processName=com.android.chrome:sandboxed_process0:org.chromium.content.app.SandboxedProcessService0:5 isIsolated=true
09-01 16:21:07.763 30433 30433 W SystemServiceRegistry: No service published for: uimode
09-01 16:21:07.767 30433 30433 I cr_ChildProcessService: Creating new ChildProcessService pid=30433
09-01 16:21:07.772 30433 30447 I cr_LibraryLoader: Using ModernLinker
09-01 16:21:07.774 30433 30447 W linker  : Warning: "/data/app/~~_KLlx60MH8CoecPTjMKp8g==/com.android.chrome-kw9RHYrlHKb9bPXi8OTClw==/base.apk!/lib/arm64-v8a/libchromium_android_linker.so" unused DT entry: unknown processor-specific (type 0x70000001 arg 0x0) (ignoring)
09-01 16:21:07.775 30433 30447 E cr_ChromiumAndroidLinker: ReserveAddressWithHint: Address range starting at 0x7a3872c000 was not free to use
09-01 16:21:07.780 30433 30450 I cr_LibraryLoader: Successfully loaded native library
09-01 16:21:07.781 30433 30450 I cr_CachingUmaRecorder: Flushed 3 samples from 3 histograms.
09-01 16:21:07.789 30433 30433 W ThreadPoolForeg: type=1400 audit(0.0:2682): avc: denied { setattr } for name="model-info.pb" dev="dm-12" ino=79691 scontext=u:r:isolated_app:s0:c512,c768 tcontext=u:object_r:app_data_file:s0:c220,c256,c512,c768 tclass=file permissive=0
09-01 16:21:07.789 30433 30433 W ThreadPoolForeg: type=1400 audit(0.0:2683): avc: denied { setattr } for name="model.tflite" dev="dm-12" ino=79643 scontext=u:r:isolated_app:s0:c512,c768 tcontext=u:object_r:app_data_file:s0:c220,c256,c512,c768 tclass=file permissive=0
09-01 16:21:07.798 30433 30450 I chromium: [INFO:child_process_service.cc(69)] ChildProcessService: Exiting child process.
09-01 16:21:07.802  1513  3223 I ActivityManager: Killing 30433:com.android.chrome:sandboxed_process0:org.chromium.content.app.SandboxedProcessService0:5/u0a220i-8995 (adj 0): isolated not needed
09-01 16:21:07.802  1513  1640 I libprocessgroup: Successfully killed process cgroup uid 90005 pid 30433 in 0ms
09-01 16:21:07.816 29900 30196 I BatteryMgr:DataCollectionService: stats => 1693578067815,-25329,4419
09-01 16:21:07.818 30013 30013 I Zygote  : Process 30433 exited cleanly (0)
09-01 16:21:07.818 29956 29956 W chromium: [WARNING:compositor_view.cc(342)] Child process died (type=6) pid=30433)
09-01 16:21:07.920 29900 30196 I BatteryMgr:DataCollectionService: stats => 1693578067920,-25329,4419
09-01 16:21:07.929  1513  3227 E system_server: Failed to open maps for pid: 30433
09-01 16:21:07.929  1513  3227 E system_server: Failed to read dmabuf map references
09-01 16:21:07.929  1513  3227 E android.os.Debug: Failed to read maps for pid 30433
09-01 16:21:08.027 29900 30196 I BatteryMgr:DataCollectionService: stats => 1693578068027,-25329,4419
09-01 16:21:08.084   901  1000 D VSC     : @ 23254.537: [WO] tilt angle 89
09-01 16:21:08.120   901  2806 I sensors-hal: [ssc_utils]get_qmi_debug_flag:244, support_qmi_debug : false
09-01 16:21:08.130 29900 30196 I BatteryMgr:DataCollectionService: stats => 1693578068130,-25329,4419
09-01 16:21:08.132   594   594 I SDM     : HWDeviceDRM::UpdateMixerAttributes: Mixer WxH 1080x2340-1 for Peripheral
09-01 16:21:08.132   594   594 I SDM     : DisplayBase::SetActiveConfig: Active configuration changed to: 0
09-01 16:21:08.132   594   594 I SDM     : StrategyImpl::SetIdleTimeoutMs: Idle timeout set to zero for command mode panels
09-01 16:21:08.138   901  2806 I sensors-hal: [ssc_utils]get_qmi_debug_flag:244, support_qmi_debug : false
09-01 16:21:08.142  1513  1572 I DisplayManagerService: Display device changed: DisplayDeviceInfo{"Built-in Screen": uniqueId="local:19260504575090817", 1080 x 2340, modeId 2, defaultModeId 2, supportedModes [{id=1, width=1080, height=2340, fps=90.0}, {id=2, width=1080, height=2340, fps=60.000004}], colorMode 0, supportedColorModes [0, 7, 9], HdrCapabilities HdrCapabilities{mSupportedHdrTypes=[2, 3, 4], mMaxLuminance=500.0, mMaxAverageLuminance=500.0, mMinLuminance=0.0}, allmSupported false, gameContentTypeSupported false, density 440, 435.428 x 433.839 dpi, appVsyncOff 2333332, presDeadline 11500000, cutout DisplayCutout{insets=Rect(0, 136 - 0, 0) waterfall=Insets{left=0, top=0, right=0, bottom=0} boundingRect={Bounds=[Rect(0, 0 - 0, 0), Rect(0, 0 - 136, 136), Rect(0, 0 - 0, 0), Rect(0, 0 - 0, 0)]}}, touch INTERNAL, rotation 0, type INTERNAL, address {port=129, model=0x446d53ad64a0}, deviceProductInfo DeviceProductInfo{name=, manufacturerPnpId=QCM, productId=1, modelYear=null, manufactureDate=ManufactureDate{week=27, year=2006}, relativeAddress=null}, state ON, FLAG_DEFAULT_DISPLAY, FLAG_ROTATES_WITH_CONTENT, FLAG_SECURE, FLAG_SUPPORTS_PROTECTED_BUFFERS}
09-01 16:21:08.155   594   594 I SDM     : StrategyImpl::SetIdleTimeoutMs: Idle timeout set to zero for command mode panels
09-01 16:21:08.163   901  1000 W ASH     : @ 23254.618: Unhandled msg ID 999: line 1277
09-01 16:21:08.163   901  1000 E ASH     : @ 23254.618: No pb callback assigned
09-01 16:21:08.163   901  1000 E ASH     : @ 23254.618: Nanopb error: callback failed:1588
09-01 16:21:08.235 29900 30196 I BatteryMgr:DataCollectionService: stats => 1693578068235,-25329,4419
09-01 16:21:08.341 29900 30196 I BatteryMgr:DataCollectionService: stats => 1693578068341,-25329,4419
09-01 16:21:08.447 29900 30196 I BatteryMgr:DataCollectionService: stats => 1693578068447,-25329,4419
09-01 16:21:08.551 29900 30196 I BatteryMgr:DataCollectionService: stats => 1693578068551,-25329,4419
09-01 16:21:08.605 29956 29956 I cr_tabmodel: Appending tabs being restored to metadata lists, 0, startingNormalCount: 2, startingIncognitoCount: 0
09-01 16:21:08.605 29956 29956 I cr_tabmodel: Serializing tab lists; counts: 2, 0
09-01 16:21:08.656 29900 30196 I BatteryMgr:DataCollectionService: stats => 1693578068656,-25329,4419
09-01 16:21:08.760 29900 30196 I BatteryMgr:DataCollectionService: stats => 1693578068760,-25329,4419
09-01 16:21:08.866 29900 30196 I BatteryMgr:DataCollectionService: stats => 1693578068866,-25329,4419
09-01 16:21:08.973 29900 30196 I BatteryMgr:DataCollectionService: stats => 1693578068973,-25329,4419
09-01 16:21:09.080 29900 30196 I BatteryMgr:DataCollectionService: stats => 1693578069080,-25329,4419
09-01 16:21:09.172 29956 30025 V MediaStore: Examining volume emulated;0 with name external_primary and state mounted
09-01 16:21:09.180 29956 30025 I chatty  : uid=10220(com.android.chrome) identical 2 lines
09-01 16:21:09.185 29956 30025 V MediaStore: Examining volume emulated;0 with name external_primary and state mounted
09-01 16:21:09.186 29900 30196 I BatteryMgr:DataCollectionService: stats => 1693578069186,-25329,4419
09-01 16:21:09.187 16151 16160 W id.partnersetu: Reducing the number of considered missed Gc histogram windows from 149 to 100
09-01 16:21:09.188 29956 29956 W chromium: [WARNING:controller_impl.cc(1190)] Background download complete, client: 6, completion type: 0, file size:15859
09-01 16:21:09.193 29956 30034 V MediaStore: Examining volume emulated;0 with name external_primary and state mounted
09-01 16:21:09.240  1513  3232 D CompatibilityChangeReporter: Compat change id reported: 135634846; UID 10220; state: DISABLED
09-01 16:21:09.240  1513  3232 D CompatibilityChangeReporter: Compat change id reported: 135754954; UID 10220; state: ENABLED
09-01 16:21:09.240  1513  1625 D CompatibilityChangeReporter: Compat change id reported: 143937733; UID 10220; state: ENABLED
09-01 16:21:09.251 30013 30013 D Zygote  : Forked child process 30475
09-01 16:21:09.255 30475 30475 E libc    : SetHeapTaggingLevel: re-enabling tagging after it was disabled is not supported
09-01 16:21:09.255  1513  1625 I ActivityManager: Start proc 30475:com.android.chrome:sandboxed_process0:org.chromium.content.app.SandboxedProcessService0:6/u0ai6 for  {com.android.chrome/org.chromium.content.app.SandboxedProcessService0:6}
09-01 16:21:09.263 30475 30475 E ocessService0:: Not starting debugger since process cannot load the jdwp agent.
09-01 16:21:09.272  1513  3232 D CompatibilityChangeReporter: Compat change id reported: 136274596; UID 10220; state: ENABLED
09-01 16:21:09.274 30242 30268 I chromium: [INFO:child_process_service.cc(69)] ChildProcessService: Exiting child process.
09-01 16:21:09.278  1513  2013 I ActivityManager: Killing 30242:com.android.chrome:sandboxed_process0:org.chromium.content.app.SandboxedProcessService0:2/u0a220i-8998 (adj 0): isolated not needed
09-01 16:21:09.279  1513  1640 I libprocessgroup: Successfully killed process cgroup uid 90002 pid 30242 in 0ms
09-01 16:21:09.280 29956 30028 V MediaStore: Examining volume emulated;0 with name external_primary and state mounted
09-01 16:21:09.283 29956 30028 I chatty  : uid=10220(com.android.chrome) identical 2 lines
09-01 16:21:09.284 29956 30028 V MediaStore: Examining volume emulated;0 with name external_primary and state mounted
09-01 16:21:09.286 29956 29956 W chromium: [WARNING:controller_impl.cc(1190)] Background download complete, client: 6, completion type: 0, file size:2759
09-01 16:21:09.286 29956 30028 V MediaStore: Examining volume emulated;0 with name external_primary and state mounted
09-01 16:21:09.288 30475 30475 I LoadedApk: No resource references to update in package com.google.android.trichromelibrary
09-01 16:21:09.288 30475 30475 D NetworkSecurityConfig: Using Network Security Config from resource 0_resource_name_obfuscated debugBuild: false
09-01 16:21:09.289 29900 30196 I BatteryMgr:DataCollectionService: stats => 1693578069289,-25329,4419
09-01 16:21:09.289 30475 30475 D NetworkSecurityConfig: Using Network Security Config from resource 0_resource_name_obfuscated debugBuild: false
09-01 16:21:09.290 30475 30475 I cr_SplitCompatApp: Launched version=107.0.5304.91 minSdkVersion=29 isBundle=true processName=com.android.chrome:sandboxed_process0:org.chromium.content.app.SandboxedProcessService0:6 isIsolated=true
09-01 16:21:09.298 30013 30013 I Zygote  : Process 30242 exited cleanly (0)
09-01 16:21:09.299 30475 30475 W SystemServiceRegistry: No service published for: uimode
09-01 16:21:09.304 30475 30475 I cr_ChildProcessService: Creating new ChildProcessService pid=30475
09-01 16:21:09.309 30475 30491 I cr_LibraryLoader: Using ModernLinker
09-01 16:21:09.311 30475 30491 W linker  : Warning: "/data/app/~~_KLlx60MH8CoecPTjMKp8g==/com.android.chrome-kw9RHYrlHKb9bPXi8OTClw==/base.apk!/lib/arm64-v8a/libchromium_android_linker.so" unused DT entry: unknown processor-specific (type 0x70000001 arg 0x0) (ignoring)
09-01 16:21:09.312 30475 30491 E cr_ChromiumAndroidLinker: ReserveAddressWithHint: Address range starting at 0x7a3872c000 was not free to use
09-01 16:21:09.318 30475 30492 I cr_LibraryLoader: Successfully loaded native library
09-01 16:21:09.319 30475 30492 I cr_CachingUmaRecorder: Flushed 3 samples from 3 histograms.
09-01 16:21:09.324 29956 29956 W chromium: [WARNING:compositor_view.cc(342)] Child process died (type=6) pid=30242)
09-01 16:21:09.326 30475 30475 W ThreadPoolForeg: type=1400 audit(0.0:2684): avc: denied { setattr } for name="model-info.pb" dev="dm-12" ino=79758 scontext=u:r:isolated_app:s0:c512,c768 tcontext=u:object_r:app_data_file:s0:c220,c256,c512,c768 tclass=file permissive=0
09-01 16:21:09.326 30475 30475 W ThreadPoolForeg: type=1400 audit(0.0:2685): avc: denied { setattr } for name="model.tflite" dev="dm-12" ino=79728 scontext=u:r:isolated_app:s0:c512,c768 tcontext=u:object_r:app_data_file:s0:c220,c256,c512,c768 tclass=file permissive=0
09-01 16:21:09.334 30475 30492 I chromium: [INFO:child_process_service.cc(69)] ChildProcessService: Exiting child process.
09-01 16:21:09.351 30013 30013 I Zygote  : Process 30475 exited cleanly (0)
09-01 16:21:09.351 29956 29956 W chromium: [WARNING:compositor_view.cc(342)] Child process died (type=6) pid=30475)
09-01 16:21:09.352  1513  1536 D CompatibilityChangeReporter: Compat change id reported: 135634846; UID 10220; state: DISABLED
09-01 16:21:09.352  1513  1536 D CompatibilityChangeReporter: Compat change id reported: 135754954; UID 10220; state: ENABLED
09-01 16:21:09.352  1513  1625 D CompatibilityChangeReporter: Compat change id reported: 143937733; UID 10220; state: ENABLED
09-01 16:21:09.353  1513  3232 I ActivityManager: Process com.android.chrome:sandboxed_process0:org.chromium.content.app.SandboxedProcessService0:6 (pid 30475) has died: vis BTOP
09-01 16:21:09.354  1513  3232 W ActivityManager: Scheduling restart of crashed service com.android.chrome/org.chromium.content.app.SandboxedProcessService0:6 in 1000ms for connection
09-01 16:21:09.354  1513  1640 I libprocessgroup: Successfully killed process cgroup uid 90006 pid 30475 in 0ms
09-01 16:21:09.363 30013 30013 D Zygote  : Forked child process 30500
09-01 16:21:09.365 30500 30500 E libc    : SetHeapTaggingLevel: re-enabling tagging after it was disabled is not supported
09-01 16:21:09.372 30500 30500 E ocessService0:: Not starting debugger since process cannot load the jdwp agent.
09-01 16:21:09.391  1513  1625 I ActivityManager: Start proc 30500:com.android.chrome:sandboxed_process0:org.chromium.content.app.SandboxedProcessService0:7/u0ai7 for  {com.android.chrome/org.chromium.content.app.SandboxedProcessService0:7}
09-01 16:21:09.393  1513  2013 D CompatibilityChangeReporter: Compat change id reported: 136274596; UID 10220; state: ENABLED
09-01 16:21:09.397 29900 30196 I BatteryMgr:DataCollectionService: stats => 1693578069397,-25329,4419
09-01 16:21:09.411 29956 30028 V MediaStore: Examining volume emulated;0 with name external_primary and state mounted
09-01 16:21:09.412 30500 30500 I LoadedApk: No resource references to update in package com.google.android.trichromelibrary
09-01 16:21:09.412 30500 30500 D NetworkSecurityConfig: Using Network Security Config from resource 0_resource_name_obfuscated debugBuild: false
09-01 16:21:09.413 30500 30500 D NetworkSecurityConfig: Using Network Security Config from resource 0_resource_name_obfuscated debugBuild: false
09-01 16:21:09.414 29956 30028 V MediaStore: Examining volume emulated;0 with name external_primary and state mounted
09-01 16:21:09.414 30500 30500 I cr_SplitCompatApp: Launched version=107.0.5304.91 minSdkVersion=29 isBundle=true processName=com.android.chrome:sandboxed_process0:org.chromium.content.app.SandboxedProcessService0:7 isIsolated=true
09-01 16:21:09.417 29956 30028 V MediaStore: Examining volume emulated;0 with name external_primary and state mounted
09-01 16:21:09.418 29956 30025 V MediaStore: Examining volume emulated;0 with name external_primary and state mounted
09-01 16:21:09.421 29956 30032 V MediaStore: Examining volume emulated;0 with name external_primary and state mounted
09-01 16:21:09.424 30500 30500 W SystemServiceRegistry: No service published for: uimode
09-01 16:21:09.427 30500 30500 I cr_ChildProcessService: Creating new ChildProcessService pid=30500
09-01 16:21:09.433 30500 30514 I cr_LibraryLoader: Using ModernLinker
09-01 16:21:09.436 30500 30514 W linker  : Warning: "/data/app/~~_KLlx60MH8CoecPTjMKp8g==/com.android.chrome-kw9RHYrlHKb9bPXi8OTClw==/base.apk!/lib/arm64-v8a/libchromium_android_linker.so" unused DT entry: unknown processor-specific (type 0x70000001 arg 0x0) (ignoring)
09-01 16:21:09.437 30500 30514 E cr_ChromiumAndroidLinker: ReserveAddressWithHint: Address range starting at 0x7a3872c000 was not free to use
09-01 16:21:09.443 30500 30517 I cr_LibraryLoader: Successfully loaded native library
09-01 16:21:09.444 30500 30517 I cr_CachingUmaRecorder: Flushed 3 samples from 3 histograms.
09-01 16:21:09.453 30500 30500 W ThreadPoolForeg: type=1400 audit(0.0:2686): avc: denied { setattr } for name="model-info.pb" dev="dm-12" ino=79972 scontext=u:r:isolated_app:s0:c512,c768 tcontext=u:object_r:app_data_file:s0:c220,c256,c512,c768 tclass=file permissive=0
09-01 16:21:09.453 30500 30500 W ThreadPoolForeg: type=1400 audit(0.0:2687): avc: denied { setattr } for name="model.tflite" dev="dm-12" ino=79663 scontext=u:r:isolated_app:s0:c512,c768 tcontext=u:object_r:app_data_file:s0:c220,c256,c512,c768 tclass=file permissive=0
09-01 16:21:09.461 30500 30517 I chromium: [INFO:child_process_service.cc(69)] ChildProcessService: Exiting child process.
09-01 16:21:09.465  1513  3375 I ActivityManager: Killing 30500:com.android.chrome:sandboxed_process0:org.chromium.content.app.SandboxedProcessService0:7/u0a220i-8993 (adj 0): isolated not needed
09-01 16:21:09.466  1513  1640 I libprocessgroup: Successfully killed process cgroup uid 90007 pid 30500 in 0ms
09-01 16:21:09.480 30013 30013 I Zygote  : Process 30500 exited cleanly (0)
09-01 16:21:09.480 29956 29956 W chromium: [WARNING:compositor_view.cc(342)] Child process died (type=6) pid=30500)
09-01 16:21:09.481 29956 29956 W chromium: [WARNING:controller_impl.cc(1190)] Background download complete, client: 6, completion type: 0, file size:265059
09-01 16:21:09.501 29900 30196 I BatteryMgr:DataCollectionService: stats => 1693578069501,-25329,4419
09-01 16:21:09.531  1513  3223 D CompatibilityChangeReporter: Compat change id reported: 135634846; UID 10220; state: DISABLED
09-01 16:21:09.531  1513  3223 D CompatibilityChangeReporter: Compat change id reported: 135754954; UID 10220; state: ENABLED
09-01 16:21:09.531  1513  1625 D CompatibilityChangeReporter: Compat change id reported: 143937733; UID 10220; state: ENABLED
09-01 16:21:09.542 30013 30013 D Zygote  : Forked child process 30524
09-01 16:21:09.544  1513  1625 I ActivityManager: Start proc 30524:com.android.chrome:sandboxed_process0:org.chromium.content.app.SandboxedProcessService0:8/u0ai8 for  {com.android.chrome/org.chromium.content.app.SandboxedProcessService0:8}
09-01 16:21:09.545 30524 30524 E libc    : SetHeapTaggingLevel: re-enabling tagging after it was disabled is not supported
09-01 16:21:09.553 30524 30524 E ocessService0:: Not starting debugger since process cannot load the jdwp agent.
09-01 16:21:09.568  1513  3223 D CompatibilityChangeReporter: Compat change id reported: 136274596; UID 10220; state: ENABLED
09-01 16:21:09.585 30524 30524 I LoadedApk: No resource references to update in package com.google.android.trichromelibrary
09-01 16:21:09.585 30524 30524 D NetworkSecurityConfig: Using Network Security Config from resource 0_resource_name_obfuscated debugBuild: false
09-01 16:21:09.586 30524 30524 D NetworkSecurityConfig: Using Network Security Config from resource 0_resource_name_obfuscated debugBuild: false
09-01 16:21:09.587 30524 30524 I cr_SplitCompatApp: Launched version=107.0.5304.91 minSdkVersion=29 isBundle=true processName=com.android.chrome:sandboxed_process0:org.chromium.content.app.SandboxedProcessService0:8 isIsolated=true
09-01 16:21:09.596 30524 30524 W SystemServiceRegistry: No service published for: uimode
09-01 16:21:09.600 30524 30524 I cr_ChildProcessService: Creating new ChildProcessService pid=30524
09-01 16:21:09.604 29900 30196 I BatteryMgr:DataCollectionService: stats => 1693578069604,-25329,4419
09-01 16:21:09.605 30524 30540 I cr_LibraryLoader: Using ModernLinker
09-01 16:21:09.607 30524 30540 W linker  : Warning: "/data/app/~~_KLlx60MH8CoecPTjMKp8g==/com.android.chrome-kw9RHYrlHKb9bPXi8OTClw==/base.apk!/lib/arm64-v8a/libchromium_android_linker.so" unused DT entry: unknown processor-specific (type 0x70000001 arg 0x0) (ignoring)
09-01 16:21:09.608 30524 30540 E cr_ChromiumAndroidLinker: ReserveAddressWithHint: Address range starting at 0x7a3872c000 was not free to use
09-01 16:21:09.614 30524 30542 I cr_LibraryLoader: Successfully loaded native library
09-01 16:21:09.615 30524 30542 I cr_CachingUmaRecorder: Flushed 3 samples from 3 histograms.
09-01 16:21:09.623 30524 30524 W ThreadPoolForeg: type=1400 audit(0.0:2688): avc: denied { setattr } for name="model-info.pb" dev="dm-12" ino=80024 scontext=u:r:isolated_app:s0:c512,c768 tcontext=u:object_r:app_data_file:s0:c220,c256,c512,c768 tclass=file permissive=0
09-01 16:21:09.629 30524 30524 W ThreadPoolForeg: type=1400 audit(0.0:2689): avc: denied { setattr } for name="model.tflite" dev="dm-12" ino=79792 scontext=u:r:isolated_app:s0:c512,c768 tcontext=u:object_r:app_data_file:s0:c220,c256,c512,c768 tclass=file permissive=0
09-01 16:21:09.637 30320 30348 I tflite  : Initialized TensorFlow Lite runtime.
09-01 16:21:09.637 30524 30542 I chromium: [INFO:child_process_service.cc(69)] ChildProcessService: Exiting child process.
09-01 16:21:09.641  1513  3223 I ActivityManager: Killing 30524:com.android.chrome:sandboxed_process0:org.chromium.content.app.SandboxedProcessService0:8/u0a220i-8992 (adj 0): isolated not needed
09-01 16:21:09.642  1513  1640 I libprocessgroup: Successfully killed process cgroup uid 90008 pid 30524 in 0ms
09-01 16:21:09.656 29956 29956 W chromium: [WARNING:compositor_view.cc(342)] Child process died (type=6) pid=30524)
09-01 16:21:09.657 30013 30013 I Zygote  : Process 30524 exited cleanly (0)
09-01 16:21:09.707 29900 30196 I BatteryMgr:DataCollectionService: stats => 1693578069707,-25329,4419
09-01 16:21:09.812 29900 30196 I BatteryMgr:DataCollectionService: stats => 1693578069812,-25329,4419
09-01 16:21:09.916 29900 30196 I BatteryMgr:DataCollectionService: stats => 1693578069916,-25329,4419
09-01 16:21:10.019 29900 30196 I BatteryMgr:DataCollectionService: stats => 1693578070019,-25329,4419
09-01 16:21:10.083   901  1000 D VSC     : @ 23256.537: [WO] tilt angle 89
09-01 16:21:10.123 29900 30196 I BatteryMgr:DataCollectionService: stats => 1693578070123,-25329,4419
09-01 16:21:10.230 29900 30196 I BatteryMgr:DataCollectionService: stats => 1693578070230,-25329,4419
09-01 16:21:10.334 29900 30196 I BatteryMgr:DataCollectionService: stats => 1693578070334,-25329,4419
09-01 16:21:10.439 29900 30196 I BatteryMgr:DataCollectionService: stats => 1693578070439,-25329,4419
09-01 16:21:10.676  1513  2000 D ConnectivityService: NetReassign [no changes]
09-01 16:21:10.696  1513  2013 I ActivityManager: Force stopping com.android.chrome appid=10220 user=0: from pid 30581
09-01 16:21:10.696  1513  2013 I ActivityManager: Killing 30057:com.android.chrome:privileged_process0/u0a220 (adj 0): stop com.android.chrome due to from pid 30581
09-01 16:21:10.698 29956 30011 W cr_ChildProcessConn: onServiceDisconnected (crash or killed by oom): pid=30057 bindings:W  S
09-01 16:21:10.698  1513  2013 I ActivityManager: Killing 29956:com.android.chrome/u0a220 (adj 0): stop com.android.chrome due to from pid 30581
09-01 16:21:10.700  1513  2013 E ProcessStats: Executing service ServiceState{bd841c org.chromium.content.app.SandboxedProcessService0 pkg=com.android.chrome proc=899f825} without owner
09-01 16:21:10.700  7733  7733 D BoundBrokerSvc: onUnbind: Intent { act=com.google.android.gms.languageprofile.service.START pkg=com.google.android.gms }
09-01 16:21:10.701  1513  2013 E ProcessStats: Binding service ServiceState{bd841c org.chromium.content.app.SandboxedProcessService0 pkg=com.android.chrome proc=899f825} without owner
09-01 16:21:10.701  1513  1624 I DropBoxManagerService: add tag=system_server_wtf isTagEnabled=true flags=0x2
09-01 16:21:10.702  1513  2013 E ProcessStats: Starting service ServiceState{bd841c org.chromium.content.app.SandboxedProcessService0 pkg=com.android.chrome proc=899f825} without owner
09-01 16:21:10.702  1513  3227 E system_server: Failed to open maps for pid: 30568
09-01 16:21:10.702  1513  3227 E system_server: Failed to read dmabuf map references
09-01 16:21:10.702  1513  3227 E android.os.Debug: Failed to read maps for pid 30568
09-01 16:21:10.702  1513  3227 E system_server: Failed to open maps for pid: 30570
09-01 16:21:10.702  1513  3227 E system_server: Failed to read dmabuf map references
09-01 16:21:10.702  1513  3227 E android.os.Debug: Failed to read maps for pid 30570
09-01 16:21:10.702  1513  3227 E system_server: Failed to open maps for pid: 30571
09-01 16:21:10.702  1513  3227 E system_server: Failed to read dmabuf map references
09-01 16:21:10.702  1513  2013 E ProcessStats: Binding service ServiceState{bd841c org.chromium.content.app.SandboxedProcessService0 pkg=com.android.chrome proc=899f825} without owner
09-01 16:21:10.702  1513  3227 E android.os.Debug: Failed to read maps for pid 30571
09-01 16:21:10.703  1513  3227 E system_server: Failed to open maps for pid: 30572
09-01 16:21:10.703  1513  3227 E system_server: Failed to read dmabuf map references
09-01 16:21:10.703  1513  3227 E android.os.Debug: Failed to read maps for pid 30572
09-01 16:21:10.703  1513  3227 E system_server: Failed to open maps for pid: 30573
09-01 16:21:10.703  1513  3227 E system_server: Failed to read dmabuf map references
09-01 16:21:10.703  1513  3227 E android.os.Debug: Failed to read maps for pid 30573
09-01 16:21:10.703  1513  2013 E ProcessStats: Executing service ServiceState{bd841c org.chromium.content.app.SandboxedProcessService0 pkg=com.android.chrome proc=899f825} without owner
09-01 16:21:10.704 30040 30040 I cr_ChildProcessService: Destroying ChildProcessService pid=30040
09-01 16:21:10.705  1513  2013 E ProcessStats: Binding service ServiceState{bd841c org.chromium.content.app.SandboxedProcessService0 pkg=com.android.chrome proc=899f825} without owner
09-01 16:21:10.706  1513  1624 I DropBoxManagerService: add tag=system_server_wtf isTagEnabled=true flags=0x2
09-01 16:21:10.706  1513  2013 E ProcessStats: Starting service ServiceState{bd841c org.chromium.content.app.SandboxedProcessService0 pkg=com.android.chrome proc=899f825} without owner
09-01 16:21:10.706 30320 30320 I cr_ChildProcessService: Destroying ChildProcessService pid=30320
09-01 16:21:10.706  1513  2013 E ProcessStats: Binding service ServiceState{bd841c org.chromium.content.app.SandboxedProcessService0 pkg=com.android.chrome proc=899f825} without owner
09-01 16:21:10.707 30040 30040 I ocessService0:: System.exit called, status: 0
09-01 16:21:10.707 30040 30040 I AndroidRuntime: VM exiting with result code 0, cleanup skipped.
