09-02 01:47:10.508 27069 27069 E libc    : Access denied finding property "persist.device_config.runtime_native_boot.enable_generational_cc"
09-02 01:47:10.509  1513  3227 E ProcessStats: Executing service ServiceState{cf3a3d8 org.chromium.content.app.SandboxedProcessService0 pkg=com.android.chrome proc=b8c331} without owner
09-02 01:47:10.510  1513  3227 D CompatibilityChangeReporter: Compat change id reported: 136274596; UID 10220; state: ENABLED
09-02 01:47:10.514  1513  1625 W ActivityManager: Slow operation: 2354ms so far, now at startProcess: done updating battery stats
09-02 01:47:10.514  1513  1625 W ActivityManager: Slow operation: 2354ms so far, now at startProcess: building log message
09-02 01:47:10.514  1513  1625 I ActivityManager: Start proc 27128:com.android.chrome:sandboxed_process0:org.chromium.content.app.SandboxedProcessService0:86/u0ai86 for  {com.android.chrome/org.chromium.content.app.SandboxedProcessService0:86}
09-02 01:47:10.514  1513  1625 W ActivityManager: Slow operation: 2354ms so far, now at startProcess: starting to update pids map
09-02 01:47:10.514  1513  1625 W ActivityManager: Slow operation: 2354ms so far, now at startProcess: done updating pids map
09-02 01:47:10.514  1513  1625 W ActivityManager: Slow operation: 2325ms so far, now at startProcess: asking zygote to start proc
09-02 01:47:10.515  1513  1625 D CompatibilityChangeReporter: Compat change id reported: 143937733; UID 10220; state: ENABLED
09-02 01:47:10.515 27091 27091 I LoadedApk: No resource references to update in package com.google.android.trichromelibrary
09-02 01:47:10.515  1513  3223 E ProcessStats: Executing service ServiceState{cf3a3d8 org.chromium.content.app.SandboxedProcessService0 pkg=com.android.chrome proc=b8c331} without owner
09-02 01:47:10.516 27128 27128 E cessService0:8: Not starting debugger since process cannot load the jdwp agent.
09-02 01:47:10.516  1513  3223 E ProcessStats: Foregrounding service ServiceState{cf3a3d8 org.chromium.content.app.SandboxedProcessService0 pkg=com.android.chrome proc=b8c331} without owner
09-02 01:47:10.519 27091 27091 D NetworkSecurityConfig: Using Network Security Config from resource 0_resource_name_obfuscated debugBuild: false
09-02 01:47:10.522 27035 27073 I cr_LibraryLoader: Using ModernLinker
09-02 01:47:10.523  1513  3223 E ProcessStats: Executing service ServiceState{cf3a3d8 org.chromium.content.app.SandboxedProcessService0 pkg=com.android.chrome proc=b8c331} without owner
09-02 01:47:10.524 27035 27073 W linker  : Warning: "/data/app/~~_KLlx60MH8CoecPTjMKp8g==/com.android.chrome-kw9RHYrlHKb9bPXi8OTClw==/base.apk!/lib/arm64-v8a/libchromium_android_linker.so" unused DT entry: unknown processor-specific (type 0x70000001 arg 0x0) (ignoring)
09-02 01:47:10.524  1513  3223 D CompatibilityChangeReporter: Compat change id reported: 136274596; UID 10220; state: ENABLED
09-02 01:47:10.525 27035 27073 E cr_ChromiumAndroidLinker: ReserveAddressWithHint: Address range starting at 0x7a3766b000 was not free to use
09-02 01:47:10.531 24699 24699 D Zygote  : Forked child process 27155
09-02 01:47:10.532 27091 27091 D NetworkSecurityConfig: Using Network Security Config from resource 0_resource_name_obfuscated debugBuild: false
09-02 01:47:10.534 27091 27091 I cr_SplitCompatApp: Launched version=107.0.5304.91 minSdkVersion=29 isBundle=true processName=com.android.chrome:sandboxed_process0:org.chromium.content.app.SandboxedProcessService0:84 isIsolated=true
09-02 01:47:10.534 27072 27072 I LoadedApk: No resource references to update in package com.google.android.trichromelibrary
09-02 01:47:10.535 27072 27072 D NetworkSecurityConfig: Using Network Security Config from resource 0_resource_name_obfuscated debugBuild: false
09-02 01:47:10.536 27072 27072 D NetworkSecurityConfig: Using Network Security Config from resource 0_resource_name_obfuscated debugBuild: false
09-02 01:47:10.538 27072 27072 I cr_SplitCompatApp: Launched version=107.0.5304.91 minSdkVersion=29 isBundle=true processName=com.android.chrome:sandboxed_process0:org.chromium.content.app.SandboxedProcessService0:83 isIsolated=true
09-02 01:47:10.541 27091 27091 W SystemServiceRegistry: No service published for: uimode
09-02 01:47:10.543  1513  1625 W ActivityManager: Slow operation: 2354ms so far, now at startProcess: returned from zygote!
09-02 01:47:10.543  1513  1625 W ActivityManager: Slow operation: 2354ms so far, now at startProcess: done updating battery stats
09-02 01:47:10.543  1513  1625 W ActivityManager: Slow operation: 2354ms so far, now at startProcess: building log message
09-02 01:47:10.543  1513  1625 I ActivityManager: Start proc 27155:com.android.chrome:sandboxed_process0:org.chromium.content.app.SandboxedProcessService0:87/u0ai87 for  {com.android.chrome/org.chromium.content.app.SandboxedProcessService0:87}
09-02 01:47:10.543  1513  1625 W ActivityManager: Slow operation: 2354ms so far, now at startProcess: starting to update pids map
09-02 01:47:10.543  1513  1625 W ActivityManager: Slow operation: 2354ms so far, now at startProcess: done updating pids map
09-02 01:47:10.543  1513  1625 W ActivityManager: Slow operation: 2341ms so far, now at startProcess: asking zygote to start proc
09-02 01:47:10.543  1513  1625 D CompatibilityChangeReporter: Compat change id reported: 143937733; UID 10220; state: ENABLED
09-02 01:47:10.546 27155 27155 E libc    : SetHeapTaggingLevel: re-enabling tagging after it was disabled is not supported
09-02 01:47:10.550 27109 27109 I LoadedApk: No resource references to update in package com.google.android.trichromelibrary
09-02 01:47:10.551 27109 27109 D NetworkSecurityConfig: Using Network Security Config from resource 0_resource_name_obfuscated debugBuild: false
09-02 01:47:10.552 27109 27109 D NetworkSecurityConfig: Using Network Security Config from resource 0_resource_name_obfuscated debugBuild: false
09-02 01:47:10.553 27155 27155 E cessService0:8: Not starting debugger since process cannot load the jdwp agent.
09-02 01:47:10.554 27109 27109 I cr_SplitCompatApp: Launched version=107.0.5304.91 minSdkVersion=29 isBundle=true processName=com.android.chrome:sandboxed_process0:org.chromium.content.app.SandboxedProcessService0:85 isIsolated=true
09-02 01:47:10.558 27091 27091 I cr_ChildProcessService: Creating new ChildProcessService pid=27091
09-02 01:47:10.559 27072 27072 W SystemServiceRegistry: No service published for: uimode
09-02 01:47:10.563  1513  6264 E ProcessStats: Executing service ServiceState{cf3a3d8 org.chromium.content.app.SandboxedProcessService0 pkg=com.android.chrome proc=b8c331} without owner
09-02 01:47:10.563  1513  6264 E ProcessStats: Foregrounding service ServiceState{cf3a3d8 org.chromium.content.app.SandboxedProcessService0 pkg=com.android.chrome proc=b8c331} without owner
09-02 01:47:10.564 24699 24699 D Zygote  : Forked child process 27174
09-02 01:47:10.565  1513  1625 W ActivityManager: Slow operation: 2362ms so far, now at startProcess: returned from zygote!
09-02 01:47:10.565  1513  1625 W ActivityManager: Slow operation: 2363ms so far, now at startProcess: done updating battery stats
09-02 01:47:10.565  1513  1625 W ActivityManager: Slow operation: 2363ms so far, now at startProcess: building log message
09-02 01:47:10.565  1513  1625 I ActivityManager: Start proc 27174:com.android.chrome:sandboxed_process0:org.chromium.content.app.SandboxedProcessService0:88/u0ai88 for  {com.android.chrome/org.chromium.content.app.SandboxedProcessService0:88}
09-02 01:47:10.565  1513  1625 W ActivityManager: Slow operation: 2363ms so far, now at startProcess: starting to update pids map
09-02 01:47:10.567 27109 27109 W SystemServiceRegistry: No service published for: uimode
09-02 01:47:10.568  1513  1625 W ActivityManager: Slow operation: 2366ms so far, now at startProcess: done updating pids map
09-02 01:47:10.568  1513  1625 W ActivityManager: Slow operation: 2341ms so far, now at startProcess: asking zygote to start proc
09-02 01:47:10.569 27072 27072 I cr_ChildProcessService: Creating new ChildProcessService pid=27072
09-02 01:47:10.569 27091 27121 I cr_LibraryLoader: Using ModernLinker
09-02 01:47:10.570 27091 27121 W linker  : Warning: "/data/app/~~_KLlx60MH8CoecPTjMKp8g==/com.android.chrome-kw9RHYrlHKb9bPXi8OTClw==/base.apk!/lib/arm64-v8a/libchromium_android_linker.so" unused DT entry: unknown processor-specific (type 0x70000001 arg 0x0) (ignoring)
09-02 01:47:10.572  1513  3227 E ProcessStats: Executing service ServiceState{cf3a3d8 org.chromium.content.app.SandboxedProcessService0 pkg=com.android.chrome proc=b8c331} without owner
09-02 01:47:10.572  1513  3227 E ProcessStats: Foregrounding service ServiceState{cf3a3d8 org.chromium.content.app.SandboxedProcessService0 pkg=com.android.chrome proc=b8c331} without owner
09-02 01:47:10.574 27174 27174 E libc    : SetHeapTaggingLevel: re-enabling tagging after it was disabled is not supported
09-02 01:47:10.575 27109 27109 I cr_ChildProcessService: Creating new ChildProcessService pid=27109
09-02 01:47:10.577  1513  2013 E ProcessStats: Executing service ServiceState{cf3a3d8 org.chromium.content.app.SandboxedProcessService0 pkg=com.android.chrome proc=b8c331} without owner
09-02 01:47:10.578  1513  2013 D CompatibilityChangeReporter: Compat change id reported: 136274596; UID 10220; state: ENABLED
09-02 01:47:10.581 27091 27173 I cr_LibraryLoader: Successfully loaded native library
09-02 01:47:10.581 27091 27173 I cr_CachingUmaRecorder: Flushed 3 samples from 3 histograms.
09-02 01:47:10.587 27069 27069 D app_process: Time zone APEX ICU file found: /apex/com.android.tzdata/etc/icu/icu_tzdata.dat
09-02 01:47:10.587 27069 27069 D app_process: I18n APEX ICU file found: /apex/com.android.i18n/etc/icu/icudt66l.dat
09-02 01:47:10.590 27174 27174 E cessService0:8: Not starting debugger since process cannot load the jdwp agent.
09-02 01:47:10.593 27069 27069 I app_process: The ClassLoaderContext is a special shared library.
09-02 01:47:10.595  1513  3223 E ProcessStats: Executing service ServiceState{cf3a3d8 org.chromium.content.app.SandboxedProcessService0 pkg=com.android.chrome proc=b8c331} without owner
09-02 01:47:10.595  1513  3223 E ProcessStats: Foregrounding service ServiceState{cf3a3d8 org.chromium.content.app.SandboxedProcessService0 pkg=com.android.chrome proc=b8c331} without owner
09-02 01:47:10.598 27128 27128 I LoadedApk: No resource references to update in package com.google.android.trichromelibrary
09-02 01:47:10.599 27128 27128 D NetworkSecurityConfig: Using Network Security Config from resource 0_resource_name_obfuscated debugBuild: false
09-02 01:47:10.599 24699 24699 D Zygote  : Forked child process 27215
09-02 01:47:10.600 27128 27128 D NetworkSecurityConfig: Using Network Security Config from resource 0_resource_name_obfuscated debugBuild: false
09-02 01:47:10.602 27128 27128 I cr_SplitCompatApp: Launched version=107.0.5304.91 minSdkVersion=29 isBundle=true processName=com.android.chrome:sandboxed_process0:org.chromium.content.app.SandboxedProcessService0:86 isIsolated=true
09-02 01:47:10.604 27069 27069 W app_process: JNI RegisterNativeMethods: attempt to register 0 native methods for android.media.AudioAttributes
09-02 01:47:10.606 27072 27108 I cr_LibraryLoader: Using ModernLinker
09-02 01:47:10.607 27072 27108 W linker  : Warning: "/data/app/~~_KLlx60MH8CoecPTjMKp8g==/com.android.chrome-kw9RHYrlHKb9bPXi8OTClw==/base.apk!/lib/arm64-v8a/libchromium_android_linker.so" unused DT entry: unknown processor-specific (type 0x70000001 arg 0x0) (ignoring)
09-02 01:47:10.608 27072 27108 E cr_ChromiumAndroidLinker: ReserveAddressWithHint: Address range starting at 0x7a3766b000 was not free to use
09-02 01:47:10.609 27069 27069 D AndroidRuntime: Calling main entry com.android.commands.input.Input
09-02 01:47:10.612 27109 27143 I cr_LibraryLoader: Using ModernLinker
09-02 01:47:10.613  1513  2571 E ProcessStats: Executing service ServiceState{cf3a3d8 org.chromium.content.app.SandboxedProcessService0 pkg=com.android.chrome proc=b8c331} without owner
09-02 01:47:10.613 27109 27143 W linker  : Warning: "/data/app/~~_KLlx60MH8CoecPTjMKp8g==/com.android.chrome-kw9RHYrlHKb9bPXi8OTClw==/base.apk!/lib/arm64-v8a/libchromium_android_linker.so" unused DT entry: unknown processor-specific (type 0x70000001 arg 0x0) (ignoring)
09-02 01:47:10.614 27109 27143 E cr_ChromiumAndroidLinker: ReserveAddressWithHint: Address range starting at 0x7a3766b000 was not free to use
09-02 01:47:10.614  1513  2571 D CompatibilityChangeReporter: Compat change id reported: 136274596; UID 10220; state: ENABLED
09-02 01:47:10.615 27072 27179 I cr_LibraryLoader: Successfully loaded native library
09-02 01:47:10.617 27072 27179 I cr_CachingUmaRecorder: Flushed 3 samples from 3 histograms.
09-02 01:47:10.618 27109 27182 I cr_LibraryLoader: Successfully loaded native library
09-02 01:47:10.618 27109 27182 I cr_CachingUmaRecorder: Flushed 3 samples from 3 histograms.
09-02 01:47:10.625 27128 27128 W SystemServiceRegistry: No service published for: uimode
09-02 01:47:10.638  1513  1625 W ActivityManager: Slow operation: 2410ms so far, now at startProcess: returned from zygote!
09-02 01:47:10.638  1513  1625 W ActivityManager: Slow operation: 2410ms so far, now at startProcess: done updating battery stats
09-02 01:47:10.638  1513  1625 W ActivityManager: Slow operation: 2410ms so far, now at startProcess: building log message
09-02 01:47:10.638  1513  1625 I ActivityManager: Start proc 27215:com.android.chrome:sandboxed_process0:org.chromium.content.app.SandboxedProcessService0:89/u0ai89 for  {com.android.chrome/org.chromium.content.app.SandboxedProcessService0:89}
09-02 01:47:10.638  1513  1625 W ActivityManager: Slow operation: 2410ms so far, now at startProcess: starting to update pids map
09-02 01:47:10.638  1513  1625 W ActivityManager: Slow operation: 2410ms so far, now at startProcess: done updating pids map
09-02 01:47:10.638  1513  1625 W ActivityManager: Slow operation: 2389ms so far, now at startProcess: asking zygote to start proc
09-02 01:47:10.638  1513  1625 D CompatibilityChangeReporter: Compat change id reported: 143937733; UID 10220; state: ENABLED
09-02 01:47:10.638 27128 27128 I cr_ChildProcessService: Creating new ChildProcessService pid=27128
09-02 01:47:10.639 27069 27069 D AndroidRuntime: Shutting down VM
09-02 01:47:10.641 27215 27215 E libc    : SetHeapTaggingLevel: re-enabling tagging after it was disabled is not supported
09-02 01:47:10.642  1513  3223 E ProcessStats: Executing service ServiceState{cf3a3d8 org.chromium.content.app.SandboxedProcessService0 pkg=com.android.chrome proc=b8c331} without owner
09-02 01:47:10.642  1513  3223 E ProcessStats: Foregrounding service ServiceState{cf3a3d8 org.chromium.content.app.SandboxedProcessService0 pkg=com.android.chrome proc=b8c331} without owner
09-02 01:47:10.643 27128 27161 I cr_LibraryLoader: Using ModernLinker
09-02 01:47:10.644 27128 27161 W linker  : Warning: "/data/app/~~_KLlx60MH8CoecPTjMKp8g==/com.android.chrome-kw9RHYrlHKb9bPXi8OTClw==/base.apk!/lib/arm64-v8a/libchromium_android_linker.so" unused DT entry: unknown processor-specific (type 0x70000001 arg 0x0) (ignoring)
09-02 01:47:10.646 27155 27155 I LoadedApk: No resource references to update in package com.google.android.trichromelibrary
09-02 01:47:10.647 27155 27155 D NetworkSecurityConfig: Using Network Security Config from resource 0_resource_name_obfuscated debugBuild: false
09-02 01:47:10.649 27155 27155 D NetworkSecurityConfig: Using Network Security Config from resource 0_resource_name_obfuscated debugBuild: false
09-02 01:47:10.650 27035 27129 I cr_LibraryLoader: Successfully loaded native library
09-02 01:47:10.652 27155 27155 I cr_SplitCompatApp: Launched version=107.0.5304.91 minSdkVersion=29 isBundle=true processName=com.android.chrome:sandboxed_process0:org.chromium.content.app.SandboxedProcessService0:87 isIsolated=true
09-02 01:47:10.652 27035 27129 I cr_CachingUmaRecorder: Flushed 3 samples from 3 histograms.
09-02 01:47:10.663 27174 27174 I LoadedApk: No resource references to update in package com.google.android.trichromelibrary
09-02 01:47:10.663 27174 27174 D NetworkSecurityConfig: Using Network Security Config from resource 0_resource_name_obfuscated debugBuild: false
09-02 01:47:10.664 27174 27174 D NetworkSecurityConfig: Using Network Security Config from resource 0_resource_name_obfuscated debugBuild: false
09-02 01:47:10.664 27174 27174 I cr_SplitCompatApp: Launched version=107.0.5304.91 minSdkVersion=29 isBundle=true processName=com.android.chrome:sandboxed_process0:org.chromium.content.app.SandboxedProcessService0:88 isIsolated=true
09-02 01:47:10.669 27155 27155 W SystemServiceRegistry: No service published for: uimode
09-02 01:47:10.672 24699 24699 D Zygote  : Forked child process 27250
09-02 01:47:10.673 27215 27215 E cessService0:8: Not starting debugger since process cannot load the jdwp agent.
09-02 01:47:10.675  1513  1625 W ActivityManager: Slow operation: 2426ms so far, now at startProcess: returned from zygote!
09-02 01:47:10.675  1513  1625 W ActivityManager: Slow operation: 2427ms so far, now at startProcess: done updating battery stats
09-02 01:47:10.676  1513  1625 W ActivityManager: Slow operation: 2427ms so far, now at startProcess: building log message
09-02 01:47:10.676  1513  1625 I ActivityManager: Start proc 27250:com.android.chrome:sandboxed_process0:org.chromium.content.app.SandboxedProcessService0:90/u0ai90 for  {com.android.chrome/org.chromium.content.app.SandboxedProcessService0:90}
09-02 01:47:10.676  1513  1625 W ActivityManager: Slow operation: 2427ms so far, now at startProcess: starting to update pids map
09-02 01:47:10.676  1513  1625 W ActivityManager: Slow operation: 2427ms so far, now at startProcess: done updating pids map
09-02 01:47:10.676 27155 27155 I cr_ChildProcessService: Creating new ChildProcessService pid=27155
09-02 01:47:10.676  1513  1625 W ActivityManager: Slow operation: 2409ms so far, now at startProcess: asking zygote to start proc
09-02 01:47:10.676 27250 27250 E libc    : SetHeapTaggingLevel: re-enabling tagging after it was disabled is not supported
09-02 01:47:10.677 27174 27174 W SystemServiceRegistry: No service published for: uimode
09-02 01:47:10.679  1513  6264 E ProcessStats: Executing service ServiceState{cf3a3d8 org.chromium.content.app.SandboxedProcessService0 pkg=com.android.chrome proc=b8c331} without owner
09-02 01:47:10.679  1513  6264 D CompatibilityChangeReporter: Compat change id reported: 136274596; UID 10220; state: ENABLED
09-02 01:47:10.681  1513  2013 E ProcessStats: Executing service ServiceState{cf3a3d8 org.chromium.content.app.SandboxedProcessService0 pkg=com.android.chrome proc=b8c331} without owner
09-02 01:47:10.682  1513  2013 E ProcessStats: Foregrounding service ServiceState{cf3a3d8 org.chromium.content.app.SandboxedProcessService0 pkg=com.android.chrome proc=b8c331} without owner
09-02 01:47:10.684 27155 27200 I cr_LibraryLoader: Using ModernLinker
09-02 01:47:10.684 27174 27174 I cr_ChildProcessService: Creating new ChildProcessService pid=27174
09-02 01:47:10.686 27155 27200 W linker  : Warning: "/data/app/~~_KLlx60MH8CoecPTjMKp8g==/com.android.chrome-kw9RHYrlHKb9bPXi8OTClw==/base.apk!/lib/arm64-v8a/libchromium_android_linker.so" unused DT entry: unknown processor-specific (type 0x70000001 arg 0x0) (ignoring)
09-02 01:47:10.688  1513  2013 E ProcessStats: Executing service ServiceState{cf3a3d8 org.chromium.content.app.SandboxedProcessService0 pkg=com.android.chrome proc=b8c331} without owner
09-02 01:47:10.688  1513  2013 E ProcessStats: Foregrounding service ServiceState{cf3a3d8 org.chromium.content.app.SandboxedProcessService0 pkg=com.android.chrome proc=b8c331} without owner
09-02 01:47:10.690 27174 27218 I cr_LibraryLoader: Using ModernLinker
09-02 01:47:10.692 27174 27218 W linker  : Warning: "/data/app/~~_KLlx60MH8CoecPTjMKp8g==/com.android.chrome-kw9RHYrlHKb9bPXi8OTClw==/base.apk!/lib/arm64-v8a/libchromium_android_linker.so" unused DT entry: unknown processor-specific (type 0x70000001 arg 0x0) (ignoring)
09-02 01:47:10.695   901  2806 I sensors-hal: [ssc_utils]get_qmi_debug_flag:244, support_qmi_debug : false
09-02 01:47:10.696 27155 27200 E cr_ChromiumAndroidLinker: ReserveAddressWithHint: Address range starting at 0x7a3766b000 was not free to use
09-02 01:47:10.701 24699 24699 D Zygote  : Forked child process 27271
09-02 01:47:10.702 27155 27260 I cr_LibraryLoader: Successfully loaded native library
09-02 01:47:10.703  1513  1625 W ActivityManager: Slow operation: 2437ms so far, now at startProcess: returned from zygote!
09-02 01:47:10.703 27155 27260 I cr_CachingUmaRecorder: Flushed 3 samples from 3 histograms.
09-02 01:47:10.705  1513  1625 W ActivityManager: Slow operation: 2439ms so far, now at startProcess: done updating battery stats
09-02 01:47:10.705  1513  1625 W ActivityManager: Slow operation: 2439ms so far, now at startProcess: building log message
09-02 01:47:10.705  1513  1625 I ActivityManager: Start proc 27271:com.android.chrome:sandboxed_process0:org.chromium.content.app.SandboxedProcessService0:91/u0ai91 for  {com.android.chrome/org.chromium.content.app.SandboxedProcessService0:91}
09-02 01:47:10.705  1513  1625 W ActivityManager: Slow operation: 2439ms so far, now at startProcess: starting to update pids map
09-02 01:47:10.706  1513  1625 W ActivityManager: Slow operation: 2439ms so far, now at startProcess: done updating pids map
09-02 01:47:10.706  1513  1625 W ActivityManager: Slow operation: 2415ms so far, now at startProcess: asking zygote to start proc
09-02 01:47:10.706  1513  1625 D CompatibilityChangeReporter: Compat change id reported: 143937733; UID 10220; state: ENABLED
09-02 01:47:10.707 27271 27271 E libc    : SetHeapTaggingLevel: re-enabling tagging after it was disabled is not supported
09-02 01:47:10.709 27174 27262 I cr_LibraryLoader: Successfully loaded native library
09-02 01:47:10.709 27250 27250 E cessService0:9: Not starting debugger since process cannot load the jdwp agent.
09-02 01:47:10.710 27174 27262 I cr_CachingUmaRecorder: Flushed 3 samples from 3 histograms.
09-02 01:47:10.720 27271 27271 E cessService0:9: Not starting debugger since process cannot load the jdwp agent.
09-02 01:47:10.726 26977 27065 I cr_CachingUmaRecorder: Flushed 3 samples from 3 histograms.
09-02 01:47:10.727   901  1000 W ASH     : @ 57217.178: Unhandled msg ID 999: line 1277
09-02 01:47:10.727   901  1000 E ASH     : @ 57217.178: No pb callback assigned
09-02 01:47:10.727   901  1000 E ASH     : @ 57217.178: Nanopb error: callback failed:1588
09-02 01:47:10.732  1513  3223 E ProcessStats: Executing service ServiceState{cf3a3d8 org.chromium.content.app.SandboxedProcessService0 pkg=com.android.chrome proc=b8c331} without owner
09-02 01:47:10.733  1513  3223 D CompatibilityChangeReporter: Compat change id reported: 136274596; UID 10220; state: ENABLED
09-02 01:47:10.734 24699 24699 D Zygote  : Forked child process 27300
09-02 01:47:10.735  1513  1625 W ActivityManager: Slow operation: 2445ms so far, now at startProcess: returned from zygote!
09-02 01:47:10.737  1513  2571 E ProcessStats: Executing service ServiceState{cf3a3d8 org.chromium.content.app.SandboxedProcessService0 pkg=com.android.chrome proc=b8c331} without owner
09-02 01:47:10.737 27300 27300 E libc    : SetHeapTaggingLevel: re-enabling tagging after it was disabled is not supported
09-02 01:47:10.738  1513  2571 D CompatibilityChangeReporter: Compat change id reported: 136274596; UID 10220; state: ENABLED
09-02 01:47:10.742  1513  1625 W ActivityManager: Slow operation: 2451ms so far, now at startProcess: done updating battery stats
09-02 01:47:10.742  1513  1625 W ActivityManager: Slow operation: 2451ms so far, now at startProcess: building log message
09-02 01:47:10.743  1513  1625 I ActivityManager: Start proc 27300:com.android.chrome:sandboxed_process0:org.chromium.content.app.SandboxedProcessService0:92/u0ai92 for  {com.android.chrome/org.chromium.content.app.SandboxedProcessService0:92}
09-02 01:47:10.743  1513  1625 W ActivityManager: Slow operation: 2452ms so far, now at startProcess: starting to update pids map
09-02 01:47:10.743  1513  1625 W ActivityManager: Slow operation: 2452ms so far, now at startProcess: done updating pids map
09-02 01:47:10.743  1513  1625 W ActivityManager: Slow operation: 2432ms so far, now at startProcess: asking zygote to start proc
09-02 01:47:10.743  1513  1625 D CompatibilityChangeReporter: Compat change id reported: 143937733; UID 10220; state: ENABLED
09-02 01:47:10.745 27215 27215 I LoadedApk: No resource references to update in package com.google.android.trichromelibrary
09-02 01:47:10.745 27215 27215 D NetworkSecurityConfig: Using Network Security Config from resource 0_resource_name_obfuscated debugBuild: false
09-02 01:47:10.746 27215 27215 D NetworkSecurityConfig: Using Network Security Config from resource 0_resource_name_obfuscated debugBuild: false
09-02 01:47:10.748 27215 27215 I cr_SplitCompatApp: Launched version=107.0.5304.91 minSdkVersion=29 isBundle=true processName=com.android.chrome:sandboxed_process0:org.chromium.content.app.SandboxedProcessService0:89 isIsolated=true
09-02 01:47:10.749 27300 27300 E cessService0:9: Not starting debugger since process cannot load the jdwp agent.
09-02 01:47:10.756  1513  2571 E ProcessStats: Executing service ServiceState{cf3a3d8 org.chromium.content.app.SandboxedProcessService0 pkg=com.android.chrome proc=b8c331} without owner
09-02 01:47:10.757  1513  2571 D CompatibilityChangeReporter: Compat change id reported: 136274596; UID 10220; state: ENABLED
09-02 01:47:10.760 24699 24699 D Zygote  : Forked child process 27325
09-02 01:47:10.762  1513  1625 W ActivityManager: Slow operation: 2451ms so far, now at startProcess: returned from zygote!
09-02 01:47:10.762  1513  1625 W ActivityManager: Slow operation: 2452ms so far, now at startProcess: done updating battery stats
09-02 01:47:10.762  1513  1625 W ActivityManager: Slow operation: 2452ms so far, now at startProcess: building log message
09-02 01:47:10.762  1513  1625 I ActivityManager: Start proc 27325:com.android.chrome:sandboxed_process0:org.chromium.content.app.SandboxedProcessService0:93/u0ai93 for  {com.android.chrome/org.chromium.content.app.SandboxedProcessService0:93}
09-02 01:47:10.762  1513  1625 W ActivityManager: Slow operation: 2452ms so far, now at startProcess: starting to update pids map
09-02 01:47:10.762  1513  1625 W ActivityManager: Slow operation: 2452ms so far, now at startProcess: done updating pids map
09-02 01:47:10.762  1513  1625 W ActivityManager: Slow operation: 2432ms so far, now at startProcess: asking zygote to start proc
09-02 01:47:10.763  1513  1625 D CompatibilityChangeReporter: Compat change id reported: 143937733; UID 10220; state: ENABLED
09-02 01:47:10.763 27325 27325 E libc    : SetHeapTaggingLevel: re-enabling tagging after it was disabled is not supported
09-02 01:47:10.766 27215 27215 W SystemServiceRegistry: No service published for: uimode
09-02 01:47:10.769 27250 27250 I LoadedApk: No resource references to update in package com.google.android.trichromelibrary
09-02 01:47:10.770 27325 27325 E cessService0:9: Not starting debugger since process cannot load the jdwp agent.
09-02 01:47:10.770 27250 27250 D NetworkSecurityConfig: Using Network Security Config from resource 0_resource_name_obfuscated debugBuild: false
09-02 01:47:10.771 27250 27250 D NetworkSecurityConfig: Using Network Security Config from resource 0_resource_name_obfuscated debugBuild: false
09-02 01:47:10.772 27250 27250 I cr_SplitCompatApp: Launched version=107.0.5304.91 minSdkVersion=29 isBundle=true processName=com.android.chrome:sandboxed_process0:org.chromium.content.app.SandboxedProcessService0:90 isIsolated=true
09-02 01:47:10.775 24699 24699 D Zygote  : Forked child process 27346
09-02 01:47:10.776  1513  1625 W ActivityManager: Slow operation: 2446ms so far, now at startProcess: returned from zygote!
09-02 01:47:10.776  1513  1625 W ActivityManager: Slow operation: 2446ms so far, now at startProcess: done updating battery stats
09-02 01:47:10.776  1513  1625 W ActivityManager: Slow operation: 2446ms so far, now at startProcess: building log message
09-02 01:47:10.776  1513  1625 I ActivityManager: Start proc 27346:com.android.chrome:sandboxed_process0:org.chromium.content.app.SandboxedProcessService0:94/u0ai94 for  {com.android.chrome/org.chromium.content.app.SandboxedProcessService0:94}
09-02 01:47:10.776  1513  1625 W ActivityManager: Slow operation: 2446ms so far, now at startProcess: starting to update pids map
09-02 01:47:10.776  1513  1625 W ActivityManager: Slow operation: 2446ms so far, now at startProcess: done updating pids map
09-02 01:47:10.776  1513  1625 W ActivityManager: Slow operation: 2421ms so far, now at startProcess: asking zygote to start proc
09-02 01:47:10.779  1513  3223 E ProcessStats: Executing service ServiceState{cf3a3d8 org.chromium.content.app.SandboxedProcessService0 pkg=com.android.chrome proc=b8c331} without owner
09-02 01:47:10.781  1513  3223 D CompatibilityChangeReporter: Compat change id reported: 136274596; UID 10220; state: ENABLED
09-02 01:47:10.784 27250 27250 W SystemServiceRegistry: No service published for: uimode
09-02 01:47:10.785 27215 27215 I cr_ChildProcessService: Creating new ChildProcessService pid=27215
09-02 01:47:10.785 27346 27346 E libc    : SetHeapTaggingLevel: re-enabling tagging after it was disabled is not supported
09-02 01:47:10.787 27271 27271 I LoadedApk: No resource references to update in package com.google.android.trichromelibrary
09-02 01:47:10.788 27271 27271 D NetworkSecurityConfig: Using Network Security Config from resource 0_resource_name_obfuscated debugBuild: false
09-02 01:47:10.788  1513  2571 E ProcessStats: Executing service ServiceState{cf3a3d8 org.chromium.content.app.SandboxedProcessService0 pkg=com.android.chrome proc=b8c331} without owner
09-02 01:47:10.789  1513  2571 E ProcessStats: Foregrounding service ServiceState{cf3a3d8 org.chromium.content.app.SandboxedProcessService0 pkg=com.android.chrome proc=b8c331} without owner
09-02 01:47:10.789 27271 27271 D NetworkSecurityConfig: Using Network Security Config from resource 0_resource_name_obfuscated debugBuild: false
09-02 01:47:10.789 27215 27290 I cr_LibraryLoader: Using ModernLinker
09-02 01:47:10.790 27215 27290 W linker  : Warning: "/data/app/~~_KLlx60MH8CoecPTjMKp8g==/com.android.chrome-kw9RHYrlHKb9bPXi8OTClw==/base.apk!/lib/arm64-v8a/libchromium_android_linker.so" unused DT entry: unknown processor-specific (type 0x70000001 arg 0x0) (ignoring)
09-02 01:47:10.790 27215 27290 E cr_ChromiumAndroidLinker: ReserveAddressWithHint: Address range starting at 0x7a3766b000 was not free to use
09-02 01:47:10.790 27271 27271 I cr_SplitCompatApp: Launched version=107.0.5304.91 minSdkVersion=29 isBundle=true processName=com.android.chrome:sandboxed_process0:org.chromium.content.app.SandboxedProcessService0:91 isIsolated=true
09-02 01:47:10.792 27346 27346 E cessService0:9: Not starting debugger since process cannot load the jdwp agent.
09-02 01:47:10.796 27250 27250 I cr_ChildProcessService: Creating new ChildProcessService pid=27250
09-02 01:47:10.802 27271 27271 W SystemServiceRegistry: No service published for: uimode
09-02 01:47:10.808 24699 24699 D Zygote  : Forked child process 27372
09-02 01:47:10.808  1513  1625 W ActivityManager: Slow operation: 2453ms so far, now at startProcess: returned from zygote!
09-02 01:47:10.809 27300 27300 I LoadedApk: No resource references to update in package com.google.android.trichromelibrary
09-02 01:47:10.809  1513  2013 E ProcessStats: Executing service ServiceState{cf3a3d8 org.chromium.content.app.SandboxedProcessService0 pkg=com.android.chrome proc=b8c331} without owner
09-02 01:47:10.809 27300 27300 D NetworkSecurityConfig: Using Network Security Config from resource 0_resource_name_obfuscated debugBuild: false
09-02 01:47:10.809 24647 24719 I cr_omaha: Attempting to schedule next job for: Sat Sep 02 02:26:14 GMT+02:00 2023
09-02 01:47:10.810  1513  2013 E ProcessStats: Foregrounding service ServiceState{cf3a3d8 org.chromium.content.app.SandboxedProcessService0 pkg=com.android.chrome proc=b8c331} without owner
09-02 01:47:10.810 27372 27372 E libc    : SetHeapTaggingLevel: re-enabling tagging after it was disabled is not supported
09-02 01:47:10.810 27300 27300 D NetworkSecurityConfig: Using Network Security Config from resource 0_resource_name_obfuscated debugBuild: false
09-02 01:47:10.812 27300 27300 I cr_SplitCompatApp: Launched version=107.0.5304.91 minSdkVersion=29 isBundle=true processName=com.android.chrome:sandboxed_process0:org.chromium.content.app.SandboxedProcessService0:92 isIsolated=true
09-02 01:47:10.812 27250 27298 I cr_LibraryLoader: Using ModernLinker
09-02 01:47:10.814  1513  1625 W ActivityManager: Slow operation: 2459ms so far, now at startProcess: done updating battery stats
09-02 01:47:10.814  1513  1625 W ActivityManager: Slow operation: 2459ms so far, now at startProcess: building log message
09-02 01:47:10.814  1513  1625 I ActivityManager: Start proc 27372:com.android.chrome:sandboxed_process0:org.chromium.content.app.SandboxedProcessService0:95/u0ai95 for  {com.android.chrome/org.chromium.content.app.SandboxedProcessService0:95}
09-02 01:47:10.814  1513  1625 W ActivityManager: Slow operation: 2459ms so far, now at startProcess: starting to update pids map
09-02 01:47:10.814  1513  1625 W ActivityManager: Slow operation: 2459ms so far, now at startProcess: done updating pids map
09-02 01:47:10.814  1513  1625 W ActivityManager: Slow operation: 2439ms so far, now at startProcess: asking zygote to start proc
09-02 01:47:10.815  1513  1625 D CompatibilityChangeReporter: Compat change id reported: 143937733; UID 10220; state: ENABLED
09-02 01:47:10.819 27372 27372 E cessService0:9: Not starting debugger since process cannot load the jdwp agent.
09-02 01:47:10.819 27271 27271 I cr_ChildProcessService: Creating new ChildProcessService pid=27271
09-02 01:47:10.824 24647 24647 I cr_omaha: Scheduled using JobService
09-02 01:47:10.824 24647 24647 E cr_BkgrdTaskJS: Tried finishing non-current BackgroundTask.
09-02 01:47:10.827 27250 27298 W linker  : Warning: "/data/app/~~_KLlx60MH8CoecPTjMKp8g==/com.android.chrome-kw9RHYrlHKb9bPXi8OTClw==/base.apk!/lib/arm64-v8a/libchromium_android_linker.so" unused DT entry: unknown processor-specific (type 0x70000001 arg 0x0) (ignoring)
09-02 01:47:10.828 27300 27300 W SystemServiceRegistry: No service published for: uimode
09-02 01:47:10.829  1513  3223 E ProcessStats: Executing service ServiceState{cf3a3d8 org.chromium.content.app.SandboxedProcessService0 pkg=com.android.chrome proc=b8c331} without owner
09-02 01:47:10.829 27271 27295 I cr_LibraryLoader: Using ModernLinker
09-02 01:47:10.829  1513  3223 E ProcessStats: Foregrounding service ServiceState{cf3a3d8 org.chromium.content.app.SandboxedProcessService0 pkg=com.android.chrome proc=b8c331} without owner
09-02 01:47:10.831 27271 27295 W linker  : Warning: "/data/app/~~_KLlx60MH8CoecPTjMKp8g==/com.android.chrome-kw9RHYrlHKb9bPXi8OTClw==/base.apk!/lib/arm64-v8a/libchromium_android_linker.so" unused DT entry: unknown processor-specific (type 0x70000001 arg 0x0) (ignoring)
09-02 01:47:10.832 24699 24699 D Zygote  : Forked child process 27392
09-02 01:47:10.834 27325 27325 I LoadedApk: No resource references to update in package com.google.android.trichromelibrary
09-02 01:47:10.834  1513  1625 W ActivityManager: Slow operation: 2458ms so far, now at startProcess: returned from zygote!
09-02 01:47:10.834 27325 27325 D NetworkSecurityConfig: Using Network Security Config from resource 0_resource_name_obfuscated debugBuild: false
09-02 01:47:10.834  1513  1625 W ActivityManager: Slow operation: 2459ms so far, now at startProcess: done updating battery stats
09-02 01:47:10.834  1513  1625 W ActivityManager: Slow operation: 2459ms so far, now at startProcess: building log message
09-02 01:47:10.834  1513  1625 I ActivityManager: Start proc 27392:com.android.chrome:sandboxed_process0:org.chromium.content.app.SandboxedProcessService0:96/u0ai96 for  {com.android.chrome/org.chromium.content.app.SandboxedProcessService0:96}
09-02 01:47:10.834  1513  1625 W ActivityManager: Slow operation: 2459ms so far, now at startProcess: starting to update pids map
09-02 01:47:10.834  1513  1625 W ActivityManager: Slow operation: 2459ms so far, now at startProcess: done updating pids map
09-02 01:47:10.834  1513  1625 W ActivityManager: Slow operation: 2441ms so far, now at startProcess: asking zygote to start proc
09-02 01:47:10.836 27325 27325 D NetworkSecurityConfig: Using Network Security Config from resource 0_resource_name_obfuscated debugBuild: false
09-02 01:47:10.837 27325 27325 I cr_SplitCompatApp: Launched version=107.0.5304.91 minSdkVersion=29 isBundle=true processName=com.android.chrome:sandboxed_process0:org.chromium.content.app.SandboxedProcessService0:93 isIsolated=true
09-02 01:47:10.837  1513  3223 E ProcessStats: Executing service ServiceState{cf3a3d8 org.chromium.content.app.SandboxedProcessService0 pkg=com.android.chrome proc=b8c331} without owner
09-02 01:47:10.838  1513  3223 D CompatibilityChangeReporter: Compat change id reported: 136274596; UID 10220; state: ENABLED
09-02 01:47:10.838 27300 27300 I cr_ChildProcessService: Creating new ChildProcessService pid=27300
09-02 01:47:10.839 27250 27298 E cr_ChromiumAndroidLinker: ReserveAddressWithHint: Address range starting at 0x7a3766b000 was not free to use
09-02 01:47:10.841 27271 27388 I cr_LibraryLoader: Successfully loaded native library
09-02 01:47:10.843 27271 27388 I cr_CachingUmaRecorder: Flushed 3 samples from 3 histograms.
09-02 01:47:10.843 27250 27367 I cr_LibraryLoader: Successfully loaded native library
09-02 01:47:10.844 27250 27367 I cr_CachingUmaRecorder: Flushed 3 samples from 3 histograms.
09-02 01:47:10.845  1513  6264 E ProcessStats: Executing service ServiceState{cf3a3d8 org.chromium.content.app.SandboxedProcessService0 pkg=com.android.chrome proc=b8c331} without owner
09-02 01:47:10.846  1513  6264 D CompatibilityChangeReporter: Compat change id reported: 136274596; UID 10220; state: ENABLED
09-02 01:47:10.846 27392 27392 E libc    : SetHeapTaggingLevel: re-enabling tagging after it was disabled is not supported
09-02 01:47:10.851  1513  2571 E ProcessStats: Executing service ServiceState{cf3a3d8 org.chromium.content.app.SandboxedProcessService0 pkg=com.android.chrome proc=b8c331} without owner
09-02 01:47:10.852  1513  2571 E ProcessStats: Foregrounding service ServiceState{cf3a3d8 org.chromium.content.app.SandboxedProcessService0 pkg=com.android.chrome proc=b8c331} without owner
09-02 01:47:10.859 27300 27324 I cr_LibraryLoader: Using ModernLinker
09-02 01:47:10.861 27300 27324 W linker  : Warning: "/data/app/~~_KLlx60MH8CoecPTjMKp8g==/com.android.chrome-kw9RHYrlHKb9bPXi8OTClw==/base.apk!/lib/arm64-v8a/libchromium_android_linker.so" unused DT entry: unknown processor-specific (type 0x70000001 arg 0x0) (ignoring)
09-02 01:47:10.862 27300 27324 E cr_ChromiumAndroidLinker: ReserveAddressWithHint: Address range starting at 0x7a3766b000 was not free to use
09-02 01:47:10.864 27392 27392 E cessService0:9: Not starting debugger since process cannot load the jdwp agent.
09-02 01:47:10.870 27300 27397 I cr_LibraryLoader: Successfully loaded native library
09-02 01:47:10.871 27300 27397 I cr_CachingUmaRecorder: Flushed 3 samples from 3 histograms.
09-02 01:47:10.878 24699 24699 D Zygote  : Forked child process 27425
09-02 01:47:10.880  1513  1625 W ActivityManager: Slow operation: 2487ms so far, now at startProcess: returned from zygote!
09-02 01:47:10.880  1513  1625 W ActivityManager: Slow operation: 2487ms so far, now at startProcess: done updating battery stats
09-02 01:47:10.880  1513  1625 W ActivityManager: Slow operation: 2487ms so far, now at startProcess: building log message
09-02 01:47:10.880  1513  1625 I ActivityManager: Start proc 27425:com.android.chrome:sandboxed_process0:org.chromium.content.app.SandboxedProcessService0:97/u0ai97 for  {com.android.chrome/org.chromium.content.app.SandboxedProcessService0:97}
09-02 01:47:10.880  1513  1625 W ActivityManager: Slow operation: 2487ms so far, now at startProcess: starting to update pids map
09-02 01:47:10.880  1513  1625 W ActivityManager: Slow operation: 2487ms so far, now at startProcess: done updating pids map
09-02 01:47:10.880  1513  1625 W ActivityManager: Slow operation: 2450ms so far, now at startProcess: asking zygote to start proc
09-02 01:47:10.881  1513  1625 D CompatibilityChangeReporter: Compat change id reported: 143937733; UID 10220; state: ENABLED
09-02 01:47:10.882 27325 27325 W SystemServiceRegistry: No service published for: uimode
09-02 01:47:10.887 27325 27325 I cr_ChildProcessService: Creating new ChildProcessService pid=27325
09-02 01:47:10.893  1513  3227 E ProcessStats: Executing service ServiceState{cf3a3d8 org.chromium.content.app.SandboxedProcessService0 pkg=com.android.chrome proc=b8c331} without owner
09-02 01:47:10.893  1513  3227 D CompatibilityChangeReporter: Compat change id reported: 136274596; UID 10220; state: ENABLED
09-02 01:47:10.895  1513  2013 E ProcessStats: Executing service ServiceState{cf3a3d8 org.chromium.content.app.SandboxedProcessService0 pkg=com.android.chrome proc=b8c331} without owner
09-02 01:47:10.896  1513  2013 E ProcessStats: Foregrounding service ServiceState{cf3a3d8 org.chromium.content.app.SandboxedProcessService0 pkg=com.android.chrome proc=b8c331} without owner
09-02 01:47:10.897 27346 27346 I LoadedApk: No resource references to update in package com.google.android.trichromelibrary
09-02 01:47:10.898 27346 27346 D NetworkSecurityConfig: Using Network Security Config from resource 0_resource_name_obfuscated debugBuild: false
09-02 01:47:10.898 27325 27352 I cr_LibraryLoader: Using ModernLinker
09-02 01:47:10.899 27346 27346 D NetworkSecurityConfig: Using Network Security Config from resource 0_resource_name_obfuscated debugBuild: false
09-02 01:47:10.899 27325 27352 W linker  : Warning: "/data/app/~~_KLlx60MH8CoecPTjMKp8g==/com.android.chrome-kw9RHYrlHKb9bPXi8OTClw==/base.apk!/lib/arm64-v8a/libchromium_android_linker.so" unused DT entry: unknown processor-specific (type 0x70000001 arg 0x0) (ignoring)
09-02 01:47:10.899 27325 27352 E cr_ChromiumAndroidLinker: ReserveAddressWithHint: Address range starting at 0x7a3766b000 was not free to use
09-02 01:47:10.904 27346 27346 I cr_SplitCompatApp: Launched version=107.0.5304.91 minSdkVersion=29 isBundle=true processName=com.android.chrome:sandboxed_process0:org.chromium.content.app.SandboxedProcessService0:94 isIsolated=true
09-02 01:47:10.913 27392 27392 I LoadedApk: No resource references to update in package com.google.android.trichromelibrary
09-02 01:47:10.913 27372 27372 I LoadedApk: No resource references to update in package com.google.android.trichromelibrary
09-02 01:47:10.913 27392 27392 D NetworkSecurityConfig: Using Network Security Config from resource 0_resource_name_obfuscated debugBuild: false
09-02 01:47:10.913 27372 27372 D NetworkSecurityConfig: Using Network Security Config from resource 0_resource_name_obfuscated debugBuild: false
09-02 01:47:10.914 27392 27392 D NetworkSecurityConfig: Using Network Security Config from resource 0_resource_name_obfuscated debugBuild: false
09-02 01:47:10.914 27346 27346 W SystemServiceRegistry: No service published for: uimode
09-02 01:47:10.914 27372 27372 D NetworkSecurityConfig: Using Network Security Config from resource 0_resource_name_obfuscated debugBuild: false
09-02 01:47:10.914 27392 27392 I cr_SplitCompatApp: Launched version=107.0.5304.91 minSdkVersion=29 isBundle=true processName=com.android.chrome:sandboxed_process0:org.chromium.content.app.SandboxedProcessService0:96 isIsolated=true
09-02 01:47:10.915 27372 27372 I cr_SplitCompatApp: Launched version=107.0.5304.91 minSdkVersion=29 isBundle=true processName=com.android.chrome:sandboxed_process0:org.chromium.content.app.SandboxedProcessService0:95 isIsolated=true
09-02 01:47:10.919 27425 27425 E libc    : SetHeapTaggingLevel: re-enabling tagging after it was disabled is not supported
09-02 01:47:10.920 27346 27346 I cr_ChildProcessService: Creating new ChildProcessService pid=27346
09-02 01:47:10.923 27425 27425 E cessService0:9: Not starting debugger since process cannot load the jdwp agent.
09-02 01:47:10.925  1513  3227 E ProcessStats: Executing service ServiceState{cf3a3d8 org.chromium.content.app.SandboxedProcessService0 pkg=com.android.chrome proc=b8c331} without owner
09-02 01:47:10.926  1513  3227 E ProcessStats: Foregrounding service ServiceState{cf3a3d8 org.chromium.content.app.SandboxedProcessService0 pkg=com.android.chrome proc=b8c331} without owner
09-02 01:47:10.927 27346 27398 I cr_LibraryLoader: Using ModernLinker
09-02 01:47:10.927 27372 27372 W SystemServiceRegistry: No service published for: uimode
09-02 01:47:10.928 27346 27398 W linker  : Warning: "/data/app/~~_KLlx60MH8CoecPTjMKp8g==/com.android.chrome-kw9RHYrlHKb9bPXi8OTClw==/base.apk!/lib/arm64-v8a/libchromium_android_linker.so" unused DT entry: unknown processor-specific (type 0x70000001 arg 0x0) (ignoring)
09-02 01:47:10.928 27346 27398 E cr_ChromiumAndroidLinker: ReserveAddressWithHint: Address range starting at 0x7a3766b000 was not free to use
09-02 01:47:10.932 27346 27446 I cr_LibraryLoader: Successfully loaded native library
09-02 01:47:10.933 27346 27446 I cr_CachingUmaRecorder: Flushed 3 samples from 3 histograms.
09-02 01:47:10.933  1513  3227 E ProcessStats: Executing service ServiceState{cf3a3d8 org.chromium.content.app.SandboxedProcessService0 pkg=com.android.chrome proc=b8c331} without owner
09-02 01:47:10.934  1513  3227 D CompatibilityChangeReporter: Compat change id reported: 136274596; UID 10220; state: ENABLED
09-02 01:47:10.934 27392 27392 W SystemServiceRegistry: No service published for: uimode
09-02 01:47:10.937 27372 27372 I cr_ChildProcessService: Creating new ChildProcessService pid=27372
09-02 01:47:10.937 24699 24699 D Zygote  : Forked child process 27459
09-02 01:47:10.938  1513  1625 W ActivityManager: Slow operation: 2508ms so far, now at startProcess: returned from zygote!
09-02 01:47:10.940  1513  1625 W ActivityManager: Slow operation: 2509ms so far, now at startProcess: done updating battery stats
09-02 01:47:10.940  1513  1625 W ActivityManager: Slow operation: 2509ms so far, now at startProcess: building log message
09-02 01:47:10.940  1513  1625 I ActivityManager: Start proc 27459:com.android.chrome:sandboxed_process0:org.chromium.content.app.SandboxedProcessService0:98/u0ai98 for  {com.android.chrome/org.chromium.content.app.SandboxedProcessService0:98}
09-02 01:47:10.940  1513  1625 W ActivityManager: Slow operation: 2510ms so far, now at startProcess: starting to update pids map
09-02 01:47:10.940  1513  1625 W ActivityManager: Slow operation: 2510ms so far, now at startProcess: done updating pids map
09-02 01:47:10.940  1513  1625 W ActivityManager: Slow operation: 2487ms so far, now at startProcess: asking zygote to start proc
09-02 01:47:10.940  1513  1625 D CompatibilityChangeReporter: Compat change id reported: 143937733; UID 10220; state: ENABLED
09-02 01:47:10.941 27392 27392 I cr_ChildProcessService: Creating new ChildProcessService pid=27392
09-02 01:47:10.941  1513  6264 E ProcessStats: Executing service ServiceState{cf3a3d8 org.chromium.content.app.SandboxedProcessService0 pkg=com.android.chrome proc=b8c331} without owner
09-02 01:47:10.942  1513  6264 E ProcessStats: Foregrounding service ServiceState{cf3a3d8 org.chromium.content.app.SandboxedProcessService0 pkg=com.android.chrome proc=b8c331} without owner
09-02 01:47:10.945 27372 27391 I cr_LibraryLoader: Using ModernLinker
09-02 01:47:10.946 27372 27391 W linker  : Warning: "/data/app/~~_KLlx60MH8CoecPTjMKp8g==/com.android.chrome-kw9RHYrlHKb9bPXi8OTClw==/base.apk!/lib/arm64-v8a/libchromium_android_linker.so" unused DT entry: unknown processor-specific (type 0x70000001 arg 0x0) (ignoring)
09-02 01:47:10.946 27372 27391 E cr_ChromiumAndroidLinker: ReserveAddressWithHint: Address range starting at 0x7a3766b000 was not free to use
09-02 01:47:10.949 27459 27459 E libc    : SetHeapTaggingLevel: re-enabling tagging after it was disabled is not supported
09-02 01:47:10.954  1513  3227 E ProcessStats: Executing service ServiceState{cf3a3d8 org.chromium.content.app.SandboxedProcessService0 pkg=com.android.chrome proc=b8c331} without owner
09-02 01:47:10.954  1513  3227 E ProcessStats: Foregrounding service ServiceState{cf3a3d8 org.chromium.content.app.SandboxedProcessService0 pkg=com.android.chrome proc=b8c331} without owner
09-02 01:47:10.955 27392 27437 I cr_LibraryLoader: Using ModernLinker
09-02 01:47:10.958 27392 27437 W linker  : Warning: "/data/app/~~_KLlx60MH8CoecPTjMKp8g==/com.android.chrome-kw9RHYrlHKb9bPXi8OTClw==/base.apk!/lib/arm64-v8a/libchromium_android_linker.so" unused DT entry: unknown processor-specific (type 0x70000001 arg 0x0) (ignoring)
09-02 01:47:10.959 27392 27437 E cr_ChromiumAndroidLinker: ReserveAddressWithHint: Address range starting at 0x7a3766b000 was not free to use
09-02 01:47:10.959 27459 27459 E cessService0:9: Not starting debugger since process cannot load the jdwp agent.
09-02 01:47:10.969 24699 24699 D Zygote  : Forked child process 27479
09-02 01:47:10.970  1513  1625 W ActivityManager: Slow operation: 2516ms so far, now at startProcess: returned from zygote!
09-02 01:47:10.970  1513  1625 W ActivityManager: Slow operation: 2517ms so far, now at startProcess: done updating battery stats
09-02 01:47:10.970  1513  1625 W ActivityManager: Slow operation: 2517ms so far, now at startProcess: building log message
09-02 01:47:10.970  1513  1625 I ActivityManager: Start proc 27479:com.android.chrome:sandboxed_process0:org.chromium.content.app.SandboxedProcessService0:99/u0ai99 for  {com.android.chrome/org.chromium.content.app.SandboxedProcessService0:99}
