09-02 01:47:07.961 25635 25731 I cr_CachingUmaRecorder: Flushed 3 samples from 3 histograms.
09-02 01:47:07.966 24647 24647 E cr_IntentUtils: getBooleanExtra failed on intent null
09-02 01:47:07.966 24647 24647 E cr_IntentUtils: getBooleanExtra failed on intent null
09-02 01:47:07.967 25732 25794 I cr_LibraryLoader: Successfully loaded native library
09-02 01:47:07.969 25765 25791 I cr_LibraryLoader: Using ModernLinker
09-02 01:47:07.970 25765 25791 W linker  : Warning: "/data/app/~~_KLlx60MH8CoecPTjMKp8g==/com.android.chrome-kw9RHYrlHKb9bPXi8OTClw==/base.apk!/lib/arm64-v8a/libchromium_android_linker.so" unused DT entry: unknown processor-specific (type 0x70000001 arg 0x0) (ignoring)
09-02 01:47:07.971 25765 25791 E cr_ChromiumAndroidLinker: ReserveAddressWithHint: Address range starting at 0x7a3766b000 was not free to use
09-02 01:47:07.971  1513  6264 D CompatibilityChangeReporter: Compat change id reported: 136274596; UID 10220; state: ENABLED
09-02 01:47:07.973 24647 24647 I cr_tabmodel: #isIncognitoTabBeingRestored from tabDetails:  false
09-02 01:47:07.973 24647 24647 I cr_tabmodel: #isIncognitoTabBeingRestored from tabDetails:  false
09-02 01:47:07.973 25710 25780 I cr_LibraryLoader: Successfully loaded native library
09-02 01:47:07.973 24647 24647 W cr_tabmodel: Failed to restore TabState; creating Tab with last known URL.
09-02 01:47:07.974 25710 25780 I cr_CachingUmaRecorder: Flushed 3 samples from 3 histograms.
09-02 01:47:07.975 25732 25794 I cr_CachingUmaRecorder: Flushed 3 samples from 3 histograms.
09-02 01:47:07.978 25765 25822 I cr_LibraryLoader: Successfully loaded native library
09-02 01:47:07.980 25765 25822 I cr_CachingUmaRecorder: Flushed 3 samples from 3 histograms.
09-02 01:47:07.989 25798 25798 I cr_SplitCompatApp: Launched version=107.0.5304.91 minSdkVersion=29 isBundle=true processName=com.android.chrome:sandboxed_process0:org.chromium.content.app.SandboxedProcessService0:38 isIsolated=true
09-02 01:47:07.992 24699 24699 D Zygote  : Forked child process 25869
09-02 01:47:07.992  1513  6264 D CompatibilityChangeReporter: Compat change id reported: 135634846; UID 10220; state: DISABLED
09-02 01:47:07.992  1513  6264 D CompatibilityChangeReporter: Compat change id reported: 135754954; UID 10220; state: ENABLED
09-02 01:47:07.996 24647 24647 E cr_IntentUtils: getBooleanExtra failed on intent null
09-02 01:47:07.996 24647 24647 E cr_IntentUtils: getBooleanExtra failed on intent null
09-02 01:47:07.996  1513  1625 W ActivityManager: Slow operation: 970ms so far, now at startProcess: returned from zygote!
09-02 01:47:07.996  1513  1625 W ActivityManager: Slow operation: 971ms so far, now at startProcess: done updating battery stats
09-02 01:47:07.996  1513  1625 W ActivityManager: Slow operation: 971ms so far, now at startProcess: building log message
09-02 01:47:07.996  1513  1625 I ActivityManager: Start proc 25869:com.android.chrome:sandboxed_process0:org.chromium.content.app.SandboxedProcessService0:41/u0ai41 for  {com.android.chrome/org.chromium.content.app.SandboxedProcessService0:41}
09-02 01:47:07.996  1513  1625 W ActivityManager: Slow operation: 971ms so far, now at startProcess: starting to update pids map
09-02 01:47:07.996 25869 25869 E libc    : SetHeapTaggingLevel: re-enabling tagging after it was disabled is not supported
09-02 01:47:07.996  1513  1625 W ActivityManager: Slow operation: 971ms so far, now at startProcess: done updating pids map
09-02 01:47:07.997  1513  1625 W ActivityManager: Slow operation: 947ms so far, now at startProcess: asking zygote to start proc
09-02 01:47:07.997  1513  1625 D CompatibilityChangeReporter: Compat change id reported: 143937733; UID 10220; state: ENABLED
09-02 01:47:08.001 25786 25786 W SystemServiceRegistry: No service published for: uimode
09-02 01:47:08.006 25869 25869 E cessService0:4: Not starting debugger since process cannot load the jdwp agent.
09-02 01:47:08.018 24647 24647 I cr_tabmodel: #isIncognitoTabBeingRestored from tabDetails:  false
09-02 01:47:08.018 24647 24647 I cr_tabmodel: #isIncognitoTabBeingRestored from tabDetails:  false
09-02 01:47:08.018 24647 24647 W cr_tabmodel: Failed to restore TabState; creating Tab with last known URL.
09-02 01:47:08.019 25821 25821 I LoadedApk: No resource references to update in package com.google.android.trichromelibrary
09-02 01:47:08.019 25821 25821 D NetworkSecurityConfig: Using Network Security Config from resource 0_resource_name_obfuscated debugBuild: false
09-02 01:47:08.020 25821 25821 D NetworkSecurityConfig: Using Network Security Config from resource 0_resource_name_obfuscated debugBuild: false
09-02 01:47:08.025 25786 25786 I cr_ChildProcessService: Creating new ChildProcessService pid=25786
09-02 01:47:08.027 24699 24699 D Zygote  : Forked child process 25913
09-02 01:47:08.028 25835 25835 I LoadedApk: No resource references to update in package com.google.android.trichromelibrary
09-02 01:47:08.028 25835 25835 D NetworkSecurityConfig: Using Network Security Config from resource 0_resource_name_obfuscated debugBuild: false
09-02 01:47:08.029  1513  1625 W ActivityManager: Slow operation: 979ms so far, now at startProcess: returned from zygote!
09-02 01:47:08.029 25835 25835 D NetworkSecurityConfig: Using Network Security Config from resource 0_resource_name_obfuscated debugBuild: false
09-02 01:47:08.030  1513  1625 W ActivityManager: Slow operation: 981ms so far, now at startProcess: done updating battery stats
09-02 01:47:08.030  1513  1625 W ActivityManager: Slow operation: 981ms so far, now at startProcess: building log message
09-02 01:47:08.031  1513  1625 I ActivityManager: Start proc 25913:com.android.chrome:sandboxed_process0:org.chromium.content.app.SandboxedProcessService0:42/u0ai42 for  {com.android.chrome/org.chromium.content.app.SandboxedProcessService0:42}
09-02 01:47:08.031  1513  1625 W ActivityManager: Slow operation: 981ms so far, now at startProcess: starting to update pids map
09-02 01:47:08.031  1513  1625 W ActivityManager: Slow operation: 981ms so far, now at startProcess: done updating pids map
09-02 01:47:08.031 25835 25835 I cr_SplitCompatApp: Launched version=107.0.5304.91 minSdkVersion=29 isBundle=true processName=com.android.chrome:sandboxed_process0:org.chromium.content.app.SandboxedProcessService0:40 isIsolated=true
09-02 01:47:08.031  1513  1625 W ActivityManager: Slow operation: 953ms so far, now at startProcess: asking zygote to start proc
09-02 01:47:08.036 25798 25798 W SystemServiceRegistry: No service published for: uimode
09-02 01:47:08.037 25913 25913 E libc    : SetHeapTaggingLevel: re-enabling tagging after it was disabled is not supported
09-02 01:47:08.037 25821 25821 I cr_SplitCompatApp: Launched version=107.0.5304.91 minSdkVersion=29 isBundle=true processName=com.android.chrome:sandboxed_process0:org.chromium.content.app.SandboxedProcessService0:39 isIsolated=true
09-02 01:47:08.037 24647 24647 E cr_IntentUtils: getBooleanExtra failed on intent null
09-02 01:47:08.037 24647 24647 E cr_IntentUtils: getBooleanExtra failed on intent null
09-02 01:47:08.044 25913 25913 E cessService0:4: Not starting debugger since process cannot load the jdwp agent.
09-02 01:47:08.045 24647 24647 I cr_tabmodel: #isIncognitoTabBeingRestored from tabDetails:  false
09-02 01:47:08.045 24647 24647 I cr_tabmodel: #isIncognitoTabBeingRestored from tabDetails:  false
09-02 01:47:08.045 24647 24647 W cr_tabmodel: Failed to restore TabState; creating Tab with last known URL.
09-02 01:47:08.046 25798 25798 I cr_ChildProcessService: Creating new ChildProcessService pid=25798
09-02 01:47:08.050 25786 25813 I cr_LibraryLoader: Using ModernLinker
09-02 01:47:08.050 25798 25833 I cr_LibraryLoader: Using ModernLinker
09-02 01:47:08.052 25786 25813 W linker  : Warning: "/data/app/~~_KLlx60MH8CoecPTjMKp8g==/com.android.chrome-kw9RHYrlHKb9bPXi8OTClw==/base.apk!/lib/arm64-v8a/libchromium_android_linker.so" unused DT entry: unknown processor-specific (type 0x70000001 arg 0x0) (ignoring)
09-02 01:47:08.052 25798 25833 W linker  : Warning: "/data/app/~~_KLlx60MH8CoecPTjMKp8g==/com.android.chrome-kw9RHYrlHKb9bPXi8OTClw==/base.apk!/lib/arm64-v8a/libchromium_android_linker.so" unused DT entry: unknown processor-specific (type 0x70000001 arg 0x0) (ignoring)
09-02 01:47:08.053 25798 25833 E cr_ChromiumAndroidLinker: ReserveAddressWithHint: Address range starting at 0x7a3766b000 was not free to use
09-02 01:47:08.060  1513  2180 D CompatibilityChangeReporter: Compat change id reported: 136274596; UID 10220; state: ENABLED
09-02 01:47:08.064 25798 25926 I cr_LibraryLoader: Successfully loaded native library
09-02 01:47:08.065 25821 25821 W SystemServiceRegistry: No service published for: uimode
09-02 01:47:08.066 25835 25835 W SystemServiceRegistry: No service published for: uimode
09-02 01:47:08.066 25798 25926 I cr_CachingUmaRecorder: Flushed 3 samples from 3 histograms.
09-02 01:47:08.068 24647 24647 E cr_IntentUtils: getBooleanExtra failed on intent null
09-02 01:47:08.068 24647 24647 E cr_IntentUtils: getBooleanExtra failed on intent null
09-02 01:47:08.068 24699 24699 D Zygote  : Forked child process 25932
09-02 01:47:08.070  1513  1625 W ActivityManager: Slow operation: 992ms so far, now at startProcess: returned from zygote!
09-02 01:47:08.070  1513  1625 W ActivityManager: Slow operation: 993ms so far, now at startProcess: done updating battery stats
09-02 01:47:08.070  1513  1625 W ActivityManager: Slow operation: 993ms so far, now at startProcess: building log message
09-02 01:47:08.070  1513  1625 I ActivityManager: Start proc 25932:com.android.chrome:sandboxed_process0:org.chromium.content.app.SandboxedProcessService0:43/u0ai43 for  {com.android.chrome/org.chromium.content.app.SandboxedProcessService0:43}
09-02 01:47:08.070  1513  1625 W ActivityManager: Slow operation: 993ms so far, now at startProcess: starting to update pids map
09-02 01:47:08.071 25932 25932 E libc    : SetHeapTaggingLevel: re-enabling tagging after it was disabled is not supported
09-02 01:47:08.073  1513  1625 W ActivityManager: Slow operation: 996ms so far, now at startProcess: done updating pids map
09-02 01:47:08.073  1513  1625 W ActivityManager: Slow operation: 961ms so far, now at startProcess: asking zygote to start proc
09-02 01:47:08.073  1513  1625 D CompatibilityChangeReporter: Compat change id reported: 143937733; UID 10220; state: ENABLED
09-02 01:47:08.076 24647 24647 I cr_tabmodel: #isIncognitoTabBeingRestored from tabDetails:  false
09-02 01:47:08.076 24647 24647 I cr_tabmodel: #isIncognitoTabBeingRestored from tabDetails:  false
09-02 01:47:08.077 24647 24647 W cr_tabmodel: Failed to restore TabState; creating Tab with last known URL.
09-02 01:47:08.078 25821 25821 I cr_ChildProcessService: Creating new ChildProcessService pid=25821
09-02 01:47:08.082 25786 25911 I cr_LibraryLoader: Successfully loaded native library
09-02 01:47:08.082 25786 25911 I cr_CachingUmaRecorder: Flushed 3 samples from 3 histograms.
09-02 01:47:08.083 25932 25932 E cessService0:4: Not starting debugger since process cannot load the jdwp agent.
09-02 01:47:08.084 25835 25835 I cr_ChildProcessService: Creating new ChildProcessService pid=25835
09-02 01:47:08.085 25821 25859 I cr_LibraryLoader: Using ModernLinker
09-02 01:47:08.088  1513  8504 D CompatibilityChangeReporter: Compat change id reported: 135634846; UID 10220; state: DISABLED
09-02 01:47:08.088  1513  8504 D CompatibilityChangeReporter: Compat change id reported: 135754954; UID 10220; state: ENABLED
09-02 01:47:08.090 25821 25859 W linker  : Warning: "/data/app/~~_KLlx60MH8CoecPTjMKp8g==/com.android.chrome-kw9RHYrlHKb9bPXi8OTClw==/base.apk!/lib/arm64-v8a/libchromium_android_linker.so" unused DT entry: unknown processor-specific (type 0x70000001 arg 0x0) (ignoring)
09-02 01:47:08.092 24647 24647 E cr_IntentUtils: getBooleanExtra failed on intent null
09-02 01:47:08.092 24647 24647 E cr_IntentUtils: getBooleanExtra failed on intent null
09-02 01:47:08.094  1513  8504 D CompatibilityChangeReporter: Compat change id reported: 136274596; UID 10220; state: ENABLED
09-02 01:47:08.096 25821 25961 I cr_LibraryLoader: Successfully loaded native library
09-02 01:47:08.097 25821 25961 I cr_CachingUmaRecorder: Flushed 3 samples from 3 histograms.
09-02 01:47:08.101  1513  6264 D CompatibilityChangeReporter: Compat change id reported: 136274596; UID 10220; state: ENABLED
09-02 01:47:08.103 24647 24647 I cr_tabmodel: #isIncognitoTabBeingRestored from tabDetails:  false
09-02 01:47:08.103 24647 24647 I cr_tabmodel: #isIncognitoTabBeingRestored from tabDetails:  false
09-02 01:47:08.103 24647 24647 W cr_tabmodel: Failed to restore TabState; creating Tab with last known URL.
09-02 01:47:08.109 25869 25869 I LoadedApk: No resource references to update in package com.google.android.trichromelibrary
09-02 01:47:08.109 25869 25869 D NetworkSecurityConfig: Using Network Security Config from resource 0_resource_name_obfuscated debugBuild: false
09-02 01:47:08.110 25869 25869 D NetworkSecurityConfig: Using Network Security Config from resource 0_resource_name_obfuscated debugBuild: false
09-02 01:47:08.113 25835 25860 I cr_LibraryLoader: Using ModernLinker
09-02 01:47:08.115 25835 25860 W linker  : Warning: "/data/app/~~_KLlx60MH8CoecPTjMKp8g==/com.android.chrome-kw9RHYrlHKb9bPXi8OTClw==/base.apk!/lib/arm64-v8a/libchromium_android_linker.so" unused DT entry: unknown processor-specific (type 0x70000001 arg 0x0) (ignoring)
09-02 01:47:08.116  1513  8504 D CompatibilityChangeReporter: Compat change id reported: 135634846; UID 10220; state: DISABLED
09-02 01:47:08.116  1513  8504 D CompatibilityChangeReporter: Compat change id reported: 135754954; UID 10220; state: ENABLED
09-02 01:47:08.116 25835 25860 E cr_ChromiumAndroidLinker: ReserveAddressWithHint: Address range starting at 0x7a3766b000 was not free to use
09-02 01:47:08.119 25869 25869 I cr_SplitCompatApp: Launched version=107.0.5304.91 minSdkVersion=29 isBundle=true processName=com.android.chrome:sandboxed_process0:org.chromium.content.app.SandboxedProcessService0:41 isIsolated=true
09-02 01:47:08.121 24647 24647 E cr_IntentUtils: getBooleanExtra failed on intent null
09-02 01:47:08.121 24647 24647 E cr_IntentUtils: getBooleanExtra failed on intent null
09-02 01:47:08.127 25835 25966 I cr_LibraryLoader: Successfully loaded native library
09-02 01:47:08.131 24647 24647 I cr_tabmodel: #isIncognitoTabBeingRestored from tabDetails:  false
09-02 01:47:08.131 24647 24647 I cr_tabmodel: #isIncognitoTabBeingRestored from tabDetails:  false
09-02 01:47:08.131 24647 24647 W cr_tabmodel: Failed to restore TabState; creating Tab with last known URL.
09-02 01:47:08.133 25835 25966 I cr_CachingUmaRecorder: Flushed 3 samples from 3 histograms.
09-02 01:47:08.134 25869 25869 W SystemServiceRegistry: No service published for: uimode
09-02 01:47:08.137 24699 24699 D Zygote  : Forked child process 25991
09-02 01:47:08.139 25991 25991 E libc    : SetHeapTaggingLevel: re-enabling tagging after it was disabled is not supported
09-02 01:47:08.139 25932 25932 I LoadedApk: No resource references to update in package com.google.android.trichromelibrary
09-02 01:47:08.139 25932 25932 D NetworkSecurityConfig: Using Network Security Config from resource 0_resource_name_obfuscated debugBuild: false
09-02 01:47:08.140  1513  1625 W ActivityManager: Slow operation: 1027ms so far, now at startProcess: returned from zygote!
09-02 01:47:08.140  1513  1625 W ActivityManager: Slow operation: 1027ms so far, now at startProcess: done updating battery stats
09-02 01:47:08.140  1513  1625 W ActivityManager: Slow operation: 1028ms so far, now at startProcess: building log message
09-02 01:47:08.140  1513  1625 I ActivityManager: Start proc 25991:com.android.chrome:sandboxed_process0:org.chromium.content.app.SandboxedProcessService0:44/u0ai44 for  {com.android.chrome/org.chromium.content.app.SandboxedProcessService0:44}
09-02 01:47:08.140  1513  1625 W ActivityManager: Slow operation: 1028ms so far, now at startProcess: starting to update pids map
09-02 01:47:08.140  1513  1625 W ActivityManager: Slow operation: 1028ms so far, now at startProcess: done updating pids map
09-02 01:47:08.140  1513  1625 W ActivityManager: Slow operation: 1015ms so far, now at startProcess: asking zygote to start proc
09-02 01:47:08.140 25932 25932 D NetworkSecurityConfig: Using Network Security Config from resource 0_resource_name_obfuscated debugBuild: false
09-02 01:47:08.140  1513  1625 D CompatibilityChangeReporter: Compat change id reported: 143937733; UID 10220; state: ENABLED
09-02 01:47:08.142 25932 25932 I cr_SplitCompatApp: Launched version=107.0.5304.91 minSdkVersion=29 isBundle=true processName=com.android.chrome:sandboxed_process0:org.chromium.content.app.SandboxedProcessService0:43 isIsolated=true
09-02 01:47:08.146 25869 25869 I cr_ChildProcessService: Creating new ChildProcessService pid=25869
09-02 01:47:08.146 25913 25913 I LoadedApk: No resource references to update in package com.google.android.trichromelibrary
09-02 01:47:08.146 25913 25913 D NetworkSecurityConfig: Using Network Security Config from resource 0_resource_name_obfuscated debugBuild: false
09-02 01:47:08.147 25991 25991 E cessService0:4: Not starting debugger since process cannot load the jdwp agent.
09-02 01:47:08.147 24647 24647 E cr_IntentUtils: getBooleanExtra failed on intent null
09-02 01:47:08.147 24647 24647 E cr_IntentUtils: getBooleanExtra failed on intent null
09-02 01:47:08.148 25913 25913 D NetworkSecurityConfig: Using Network Security Config from resource 0_resource_name_obfuscated debugBuild: false
09-02 01:47:08.151 24647 24647 I cr_tabmodel: #isIncognitoTabBeingRestored from tabDetails:  false
09-02 01:47:08.151 24647 24647 I cr_tabmodel: #isIncognitoTabBeingRestored from tabDetails:  false
09-02 01:47:08.151 24647 24647 W cr_tabmodel: Failed to restore TabState; creating Tab with last known URL.
09-02 01:47:08.153 25913 25913 I cr_SplitCompatApp: Launched version=107.0.5304.91 minSdkVersion=29 isBundle=true processName=com.android.chrome:sandboxed_process0:org.chromium.content.app.SandboxedProcessService0:42 isIsolated=true
09-02 01:47:08.154 25869 25931 I cr_LibraryLoader: Using ModernLinker
09-02 01:47:08.156 25869 25931 W linker  : Warning: "/data/app/~~_KLlx60MH8CoecPTjMKp8g==/com.android.chrome-kw9RHYrlHKb9bPXi8OTClw==/base.apk!/lib/arm64-v8a/libchromium_android_linker.so" unused DT entry: unknown processor-specific (type 0x70000001 arg 0x0) (ignoring)
09-02 01:47:08.157 25869 25931 E cr_ChromiumAndroidLinker: ReserveAddressWithHint: Address range starting at 0x7a3766b000 was not free to use
09-02 01:47:08.160 25932 25932 W SystemServiceRegistry: No service published for: uimode
09-02 01:47:08.163 24647 24647 E cr_IntentUtils: getBooleanExtra failed on intent null
09-02 01:47:08.163 24647 24647 E cr_IntentUtils: getBooleanExtra failed on intent null
09-02 01:47:08.165 25932 25932 I cr_ChildProcessService: Creating new ChildProcessService pid=25932
09-02 01:47:08.169 24647 24647 I cr_tabmodel: #isIncognitoTabBeingRestored from tabDetails:  false
09-02 01:47:08.169 24647 24647 I cr_tabmodel: #isIncognitoTabBeingRestored from tabDetails:  false
09-02 01:47:08.169 24647 24647 W cr_tabmodel: Failed to restore TabState; creating Tab with last known URL.
09-02 01:47:08.170 25869 26010 I cr_LibraryLoader: Successfully loaded native library
09-02 01:47:08.171 25869 26010 I cr_CachingUmaRecorder: Flushed 3 samples from 3 histograms.
09-02 01:47:08.173 24699 24699 D Zygote  : Forked child process 26019
09-02 01:47:08.175  1513  1625 W ActivityManager: Slow operation: 1050ms so far, now at startProcess: returned from zygote!
09-02 01:47:08.175  1513  1625 W ActivityManager: Slow operation: 1050ms so far, now at startProcess: done updating battery stats
09-02 01:47:08.175  1513  1625 W ActivityManager: Slow operation: 1050ms so far, now at startProcess: building log message
09-02 01:47:08.175  1513  1625 I ActivityManager: Start proc 26019:com.android.chrome:sandboxed_process0:org.chromium.content.app.SandboxedProcessService0:45/u0ai45 for  {com.android.chrome/org.chromium.content.app.SandboxedProcessService0:45}
09-02 01:47:08.175  1513  1625 W ActivityManager: Slow operation: 1050ms so far, now at startProcess: starting to update pids map
09-02 01:47:08.175  1513  1625 W ActivityManager: Slow operation: 1050ms so far, now at startProcess: done updating pids map
09-02 01:47:08.176  1513  1625 W ActivityManager: Slow operation: 1030ms so far, now at startProcess: asking zygote to start proc
09-02 01:47:08.179 24647 24647 E cr_IntentUtils: getBooleanExtra failed on intent null
09-02 01:47:08.181 26019 26019 E libc    : SetHeapTaggingLevel: re-enabling tagging after it was disabled is not supported
09-02 01:47:08.182 24647 24647 E cr_IntentUtils: getBooleanExtra failed on intent null
09-02 01:47:08.183 25913 25913 W SystemServiceRegistry: No service published for: uimode
09-02 01:47:08.185 25932 25986 I cr_LibraryLoader: Using ModernLinker
09-02 01:47:08.186  1513  2571 D CompatibilityChangeReporter: Compat change id reported: 136274596; UID 10220; state: ENABLED
09-02 01:47:08.187 26019 26019 E cessService0:4: Not starting debugger since process cannot load the jdwp agent.
09-02 01:47:08.188 25932 25986 W linker  : Warning: "/data/app/~~_KLlx60MH8CoecPTjMKp8g==/com.android.chrome-kw9RHYrlHKb9bPXi8OTClw==/base.apk!/lib/arm64-v8a/libchromium_android_linker.so" unused DT entry: unknown processor-specific (type 0x70000001 arg 0x0) (ignoring)
09-02 01:47:08.189 24647 24647 I cr_tabmodel: #isIncognitoTabBeingRestored from tabDetails:  false
09-02 01:47:08.189 24647 24647 I cr_tabmodel: #isIncognitoTabBeingRestored from tabDetails:  false
09-02 01:47:08.190 24647 24647 W cr_tabmodel: Failed to restore TabState; creating Tab with last known URL.
09-02 01:47:08.190  1513  2180 D CompatibilityChangeReporter: Compat change id reported: 135634846; UID 10220; state: DISABLED
09-02 01:47:08.190  1513  2180 D CompatibilityChangeReporter: Compat change id reported: 135754954; UID 10220; state: ENABLED
09-02 01:47:08.192 25932 25986 E cr_ChromiumAndroidLinker: ReserveAddressWithHint: Address range starting at 0x7a3766b000 was not free to use
09-02 01:47:08.194 25913 25913 I cr_ChildProcessService: Creating new ChildProcessService pid=25913
09-02 01:47:08.199 25932 26016 I cr_LibraryLoader: Successfully loaded native library
09-02 01:47:08.201 25932 26016 I cr_CachingUmaRecorder: Flushed 3 samples from 3 histograms.
09-02 01:47:08.205 24647 24647 E cr_IntentUtils: getBooleanExtra failed on intent null
09-02 01:47:08.205 24647 24647 E cr_IntentUtils: getBooleanExtra failed on intent null
09-02 01:47:08.206  1513  3223 D CompatibilityChangeReporter: Compat change id reported: 136274596; UID 10220; state: ENABLED
09-02 01:47:08.217 24647 24647 I cr_tabmodel: #isIncognitoTabBeingRestored from tabDetails:  false
09-02 01:47:08.217 24647 24647 I cr_tabmodel: #isIncognitoTabBeingRestored from tabDetails:  false
09-02 01:47:08.217 25913 25987 I cr_LibraryLoader: Using ModernLinker
09-02 01:47:08.217 24647 24647 W cr_tabmodel: Failed to restore TabState; creating Tab with last known URL.
09-02 01:47:08.220 25913 25987 W linker  : Warning: "/data/app/~~_KLlx60MH8CoecPTjMKp8g==/com.android.chrome-kw9RHYrlHKb9bPXi8OTClw==/base.apk!/lib/arm64-v8a/libchromium_android_linker.so" unused DT entry: unknown processor-specific (type 0x70000001 arg 0x0) (ignoring)
09-02 01:47:08.224 24699 24699 D Zygote  : Forked child process 26045
09-02 01:47:08.226 25991 25991 I LoadedApk: No resource references to update in package com.google.android.trichromelibrary
09-02 01:47:08.226 25991 25991 D NetworkSecurityConfig: Using Network Security Config from resource 0_resource_name_obfuscated debugBuild: false
09-02 01:47:08.227  1513  2180 D CompatibilityChangeReporter: Compat change id reported: 135634846; UID 10220; state: DISABLED
09-02 01:47:08.227  1513  2180 D CompatibilityChangeReporter: Compat change id reported: 135754954; UID 10220; state: ENABLED
09-02 01:47:08.227 25991 25991 D NetworkSecurityConfig: Using Network Security Config from resource 0_resource_name_obfuscated debugBuild: false
09-02 01:47:08.229 25991 25991 I cr_SplitCompatApp: Launched version=107.0.5304.91 minSdkVersion=29 isBundle=true processName=com.android.chrome:sandboxed_process0:org.chromium.content.app.SandboxedProcessService0:44 isIsolated=true
09-02 01:47:08.229  1513  1625 W ActivityManager: Slow operation: 1084ms so far, now at startProcess: returned from zygote!
09-02 01:47:08.229  1513  1625 W ActivityManager: Slow operation: 1084ms so far, now at startProcess: done updating battery stats
09-02 01:47:08.230  1513  1625 W ActivityManager: Slow operation: 1084ms so far, now at startProcess: building log message
09-02 01:47:08.230  1513  1625 I ActivityManager: Start proc 26045:com.android.chrome:sandboxed_process0:org.chromium.content.app.SandboxedProcessService0:46/u0ai46 for  {com.android.chrome/org.chromium.content.app.SandboxedProcessService0:46}
09-02 01:47:08.230  1513  1625 W ActivityManager: Slow operation: 1084ms so far, now at startProcess: starting to update pids map
09-02 01:47:08.230  1513  1625 W ActivityManager: Slow operation: 1084ms so far, now at startProcess: done updating pids map
09-02 01:47:08.230  1513  1625 W ActivityManager: Slow operation: 1047ms so far, now at startProcess: asking zygote to start proc
09-02 01:47:08.230 24647 24647 E cr_IntentUtils: getBooleanExtra failed on intent null
09-02 01:47:08.230 24647 24647 E cr_IntentUtils: getBooleanExtra failed on intent null
09-02 01:47:08.230  1513  1625 D CompatibilityChangeReporter: Compat change id reported: 143937733; UID 10220; state: ENABLED
09-02 01:47:08.230 25913 26042 I cr_LibraryLoader: Successfully loaded native library
09-02 01:47:08.231 25913 26042 I cr_CachingUmaRecorder: Flushed 3 samples from 3 histograms.
09-02 01:47:08.237 24647 24647 I cr_tabmodel: #isIncognitoTabBeingRestored from tabDetails:  false
09-02 01:47:08.237 24647 24647 I cr_tabmodel: #isIncognitoTabBeingRestored from tabDetails:  false
09-02 01:47:08.237 24647 24647 W cr_tabmodel: Failed to restore TabState; creating Tab with last known URL.
09-02 01:47:08.238 26045 26045 E libc    : SetHeapTaggingLevel: re-enabling tagging after it was disabled is not supported
09-02 01:47:08.243 25991 25991 W SystemServiceRegistry: No service published for: uimode
09-02 01:47:08.246 26019 26019 I LoadedApk: No resource references to update in package com.google.android.trichromelibrary
09-02 01:47:08.246 26019 26019 D NetworkSecurityConfig: Using Network Security Config from resource 0_resource_name_obfuscated debugBuild: false
09-02 01:47:08.246 26045 26045 E cessService0:4: Not starting debugger since process cannot load the jdwp agent.
09-02 01:47:08.247 26019 26019 D NetworkSecurityConfig: Using Network Security Config from resource 0_resource_name_obfuscated debugBuild: false
09-02 01:47:08.248 25991 25991 I cr_ChildProcessService: Creating new ChildProcessService pid=25991
09-02 01:47:08.248 26019 26019 I cr_SplitCompatApp: Launched version=107.0.5304.91 minSdkVersion=29 isBundle=true processName=com.android.chrome:sandboxed_process0:org.chromium.content.app.SandboxedProcessService0:45 isIsolated=true
09-02 01:47:08.249 24647 24647 E cr_IntentUtils: getBooleanExtra failed on intent null
09-02 01:47:08.249 24647 24647 E cr_IntentUtils: getBooleanExtra failed on intent null
09-02 01:47:08.255 24647 24647 I cr_tabmodel: #isIncognitoTabBeingRestored from tabDetails:  false
09-02 01:47:08.255 24647 24647 I cr_tabmodel: #isIncognitoTabBeingRestored from tabDetails:  false
09-02 01:47:08.256 24647 24647 W cr_tabmodel: Failed to restore TabState; creating Tab with last known URL.
09-02 01:47:08.259 25991 26018 I cr_LibraryLoader: Using ModernLinker
09-02 01:47:08.262 25991 26018 W linker  : Warning: "/data/app/~~_KLlx60MH8CoecPTjMKp8g==/com.android.chrome-kw9RHYrlHKb9bPXi8OTClw==/base.apk!/lib/arm64-v8a/libchromium_android_linker.so" unused DT entry: unknown processor-specific (type 0x70000001 arg 0x0) (ignoring)
09-02 01:47:08.266 24699 24699 D Zygote  : Forked child process 26066
09-02 01:47:08.267 26019 26019 W SystemServiceRegistry: No service published for: uimode
09-02 01:47:08.268 24647 24647 E cr_IntentUtils: getBooleanExtra failed on intent null
09-02 01:47:08.268 24647 24647 E cr_IntentUtils: getBooleanExtra failed on intent null
09-02 01:47:08.270 26066 26066 E libc    : SetHeapTaggingLevel: re-enabling tagging after it was disabled is not supported
09-02 01:47:08.272  1513  1625 W ActivityManager: Slow operation: 1089ms so far, now at startProcess: returned from zygote!
09-02 01:47:08.272  1513  1625 W ActivityManager: Slow operation: 1090ms so far, now at startProcess: done updating battery stats
09-02 01:47:08.273  1513  1625 W ActivityManager: Slow operation: 1090ms so far, now at startProcess: building log message
09-02 01:47:08.273  1513  1625 I ActivityManager: Start proc 26066:com.android.chrome:sandboxed_process0:org.chromium.content.app.SandboxedProcessService0:47/u0ai47 for  {com.android.chrome/org.chromium.content.app.SandboxedProcessService0:47}
09-02 01:47:08.273  1513  1625 W ActivityManager: Slow operation: 1090ms so far, now at startProcess: starting to update pids map
09-02 01:47:08.273  1513  1625 W ActivityManager: Slow operation: 1090ms so far, now at startProcess: done updating pids map
09-02 01:47:08.273  1513  1625 W ActivityManager: Slow operation: 1062ms so far, now at startProcess: asking zygote to start proc
09-02 01:47:08.274 26066 26066 E cessService0:4: Not starting debugger since process cannot load the jdwp agent.
09-02 01:47:08.277 24647 24647 I cr_tabmodel: #isIncognitoTabBeingRestored from tabDetails:  false
09-02 01:47:08.277 24647 24647 I cr_tabmodel: #isIncognitoTabBeingRestored from tabDetails:  false
09-02 01:47:08.277 24647 24647 W cr_tabmodel: Failed to restore TabState; creating Tab with last known URL.
09-02 01:47:08.278 26019 26019 I cr_ChildProcessService: Creating new ChildProcessService pid=26019
09-02 01:47:08.279 25991 26058 I cr_LibraryLoader: Successfully loaded native library
09-02 01:47:08.280 25991 26058 I cr_CachingUmaRecorder: Flushed 3 samples from 3 histograms.
09-02 01:47:08.283  1513  6264 D CompatibilityChangeReporter: Compat change id reported: 136274596; UID 10220; state: ENABLED
09-02 01:47:08.290 24647 24647 E cr_IntentUtils: getBooleanExtra failed on intent null
09-02 01:47:08.290 24647 24647 E cr_IntentUtils: getBooleanExtra failed on intent null
09-02 01:47:08.291  1513  2180 D CompatibilityChangeReporter: Compat change id reported: 135634846; UID 10220; state: DISABLED
09-02 01:47:08.291  1513  2180 D CompatibilityChangeReporter: Compat change id reported: 135754954; UID 10220; state: ENABLED
09-02 01:47:08.297 24647 24647 I cr_tabmodel: #isIncognitoTabBeingRestored from tabDetails:  false
09-02 01:47:08.297 24647 24647 I cr_tabmodel: #isIncognitoTabBeingRestored from tabDetails:  false
09-02 01:47:08.297 24647 24647 W cr_tabmodel: Failed to restore TabState; creating Tab with last known URL.
09-02 01:47:08.298 26019 26043 I cr_LibraryLoader: Using ModernLinker
09-02 01:47:08.301 26019 26043 W linker  : Warning: "/data/app/~~_KLlx60MH8CoecPTjMKp8g==/com.android.chrome-kw9RHYrlHKb9bPXi8OTClw==/base.apk!/lib/arm64-v8a/libchromium_android_linker.so" unused DT entry: unknown processor-specific (type 0x70000001 arg 0x0) (ignoring)
09-02 01:47:08.306  1513  2571 D CompatibilityChangeReporter: Compat change id reported: 136274596; UID 10220; state: ENABLED
09-02 01:47:08.306   901  1000 D VSC     : @ 57214.757: [WO] tilt angle 87
09-02 01:47:08.310 24699 24699 D Zygote  : Forked child process 26094
09-02 01:47:08.311  1513  6264 D CompatibilityChangeReporter: Compat change id reported: 135634846; UID 10220; state: DISABLED
09-02 01:47:08.311  1513  6264 D CompatibilityChangeReporter: Compat change id reported: 135754954; UID 10220; state: ENABLED
09-02 01:47:08.312  1513  1625 W ActivityManager: Slow operation: 1101ms so far, now at startProcess: returned from zygote!
09-02 01:47:08.312  1513  1625 W ActivityManager: Slow operation: 1102ms so far, now at startProcess: done updating battery stats
09-02 01:47:08.312  1513  1625 W ActivityManager: Slow operation: 1102ms so far, now at startProcess: building log message
09-02 01:47:08.312  1513  1625 I ActivityManager: Start proc 26094:com.android.chrome:sandboxed_process0:org.chromium.content.app.SandboxedProcessService0:48/u0ai48 for  {com.android.chrome/org.chromium.content.app.SandboxedProcessService0:48}
09-02 01:47:08.312  1513  1625 W ActivityManager: Slow operation: 1102ms so far, now at startProcess: starting to update pids map
09-02 01:47:08.312  1513  1625 W ActivityManager: Slow operation: 1102ms so far, now at startProcess: done updating pids map
09-02 01:47:08.312  1513  1625 W ActivityManager: Slow operation: 1068ms so far, now at startProcess: asking zygote to start proc
09-02 01:47:08.312  1513  1625 D CompatibilityChangeReporter: Compat change id reported: 143937733; UID 10220; state: ENABLED
09-02 01:47:08.313 24647 24647 E cr_IntentUtils: getBooleanExtra failed on intent null
09-02 01:47:08.313 24647 24647 E cr_IntentUtils: getBooleanExtra failed on intent null
09-02 01:47:08.315 26019 26084 I cr_LibraryLoader: Successfully loaded native library
09-02 01:47:08.316 26019 26084 I cr_CachingUmaRecorder: Flushed 3 samples from 3 histograms.
09-02 01:47:08.320 24647 24647 I cr_tabmodel: #isIncognitoTabBeingRestored from tabDetails:  false
09-02 01:47:08.320 24647 24647 I cr_tabmodel: #isIncognitoTabBeingRestored from tabDetails:  false
09-02 01:47:08.320 24647 24647 W cr_tabmodel: Failed to restore TabState; creating Tab with last known URL.
09-02 01:47:08.321 26094 26094 E libc    : SetHeapTaggingLevel: re-enabling tagging after it was disabled is not supported
09-02 01:47:08.333 26066 26066 I LoadedApk: No resource references to update in package com.google.android.trichromelibrary
09-02 01:47:08.333 26066 26066 D NetworkSecurityConfig: Using Network Security Config from resource 0_resource_name_obfuscated debugBuild: false
09-02 01:47:08.334 26066 26066 D NetworkSecurityConfig: Using Network Security Config from resource 0_resource_name_obfuscated debugBuild: false
09-02 01:47:08.335 24647 24647 E cr_IntentUtils: getBooleanExtra failed on intent null
09-02 01:47:08.335 24647 24647 E cr_IntentUtils: getBooleanExtra failed on intent null
09-02 01:47:08.336 26066 26066 I cr_SplitCompatApp: Launched version=107.0.5304.91 minSdkVersion=29 isBundle=true processName=com.android.chrome:sandboxed_process0:org.chromium.content.app.SandboxedProcessService0:47 isIsolated=true
09-02 01:47:08.338 26094 26094 E cessService0:4: Not starting debugger since process cannot load the jdwp agent.
09-02 01:47:08.341 26045 26045 I LoadedApk: No resource references to update in package com.google.android.trichromelibrary
09-02 01:47:08.341 26045 26045 D NetworkSecurityConfig: Using Network Security Config from resource 0_resource_name_obfuscated debugBuild: false
09-02 01:47:08.342 26045 26045 D NetworkSecurityConfig: Using Network Security Config from resource 0_resource_name_obfuscated debugBuild: false
09-02 01:47:08.345 26045 26045 I cr_SplitCompatApp: Launched version=107.0.5304.91 minSdkVersion=29 isBundle=true processName=com.android.chrome:sandboxed_process0:org.chromium.content.app.SandboxedProcessService0:46 isIsolated=true
09-02 01:47:08.346 24647 24647 I cr_tabmodel: #isIncognitoTabBeingRestored from tabDetails:  false
09-02 01:47:08.346 24647 24647 I cr_tabmodel: #isIncognitoTabBeingRestored from tabDetails:  false
09-02 01:47:08.346 24647 24647 W cr_tabmodel: Failed to restore TabState; creating Tab with last known URL.
09-02 01:47:08.359 24699 24699 D Zygote  : Forked child process 26118
09-02 01:47:08.359 26066 26066 W SystemServiceRegistry: No service published for: uimode
09-02 01:47:08.360  1513  1625 W ActivityManager: Slow operation: 1116ms so far, now at startProcess: returned from zygote!
09-02 01:47:08.360  1513  6264 D CompatibilityChangeReporter: Compat change id reported: 136274596; UID 10220; state: ENABLED
09-02 01:47:08.361 24647 24647 E cr_IntentUtils: getBooleanExtra failed on intent null
09-02 01:47:08.361 24647 24647 E cr_IntentUtils: getBooleanExtra failed on intent null
09-02 01:47:08.362  1513  1625 W ActivityManager: Slow operation: 1118ms so far, now at startProcess: done updating battery stats
09-02 01:47:08.363  1513  1625 W ActivityManager: Slow operation: 1118ms so far, now at startProcess: building log message
09-02 01:47:08.363  1513  1625 I ActivityManager: Start proc 26118:com.android.chrome:sandboxed_process0:org.chromium.content.app.SandboxedProcessService0:49/u0ai49 for  {com.android.chrome/org.chromium.content.app.SandboxedProcessService0:49}
09-02 01:47:08.363  1513  1625 W ActivityManager: Slow operation: 1118ms so far, now at startProcess: starting to update pids map
09-02 01:47:08.363  1513  1625 W ActivityManager: Slow operation: 1118ms so far, now at startProcess: done updating pids map
09-02 01:47:08.363  1513  1625 W ActivityManager: Slow operation: 1074ms so far, now at startProcess: asking zygote to start proc
09-02 01:47:08.363  1513  1625 D CompatibilityChangeReporter: Compat change id reported: 143937733; UID 10220; state: ENABLED
09-02 01:47:08.364 26118 26118 E libc    : SetHeapTaggingLevel: re-enabling tagging after it was disabled is not supported
09-02 01:47:08.365 24647 24647 I cr_tabmodel: #isIncognitoTabBeingRestored from tabDetails:  false
09-02 01:47:08.365 24647 24647 I cr_tabmodel: #isIncognitoTabBeingRestored from tabDetails:  false
09-02 01:47:08.365 24647 24647 W cr_tabmodel: Failed to restore TabState; creating Tab with last known URL.
09-02 01:47:08.368 26066 26066 I cr_ChildProcessService: Creating new ChildProcessService pid=26066
09-02 01:47:08.370 26045 26045 W SystemServiceRegistry: No service published for: uimode
09-02 01:47:08.374 26066 26088 I cr_LibraryLoader: Using ModernLinker
09-02 01:47:08.375 26045 26045 I cr_ChildProcessService: Creating new ChildProcessService pid=26045
09-02 01:47:08.375  1513  2571 D CompatibilityChangeReporter: Compat change id reported: 135634846; UID 10220; state: DISABLED
09-02 01:47:08.375  1513  2571 D CompatibilityChangeReporter: Compat change id reported: 135754954; UID 10220; state: ENABLED
09-02 01:47:08.378 26066 26088 W linker  : Warning: "/data/app/~~_KLlx60MH8CoecPTjMKp8g==/com.android.chrome-kw9RHYrlHKb9bPXi8OTClw==/base.apk!/lib/arm64-v8a/libchromium_android_linker.so" unused DT entry: unknown processor-specific (type 0x70000001 arg 0x0) (ignoring)
09-02 01:47:08.380 24647 24647 E cr_IntentUtils: getBooleanExtra failed on intent null
09-02 01:47:08.380 24647 24647 E cr_IntentUtils: getBooleanExtra failed on intent null
09-02 01:47:08.385 24647 24647 I cr_tabmodel: #isIncognitoTabBeingRestored from tabDetails:  false
09-02 01:47:08.385 24647 24647 I cr_tabmodel: #isIncognitoTabBeingRestored from tabDetails:  false
09-02 01:47:08.385 24647 24647 W cr_tabmodel: Failed to restore TabState; creating Tab with last known URL.
09-02 01:47:08.385 26094 26094 I LoadedApk: No resource references to update in package com.google.android.trichromelibrary
09-02 01:47:08.385 26094 26094 D NetworkSecurityConfig: Using Network Security Config from resource 0_resource_name_obfuscated debugBuild: false
09-02 01:47:08.386 26066 26126 I cr_LibraryLoader: Successfully loaded native library
09-02 01:47:08.386 26118 26118 E cessService0:4: Not starting debugger since process cannot load the jdwp agent.
09-02 01:47:08.387 26094 26094 D NetworkSecurityConfig: Using Network Security Config from resource 0_resource_name_obfuscated debugBuild: false
09-02 01:47:08.387 26066 26126 I cr_CachingUmaRecorder: Flushed 3 samples from 3 histograms.
09-02 01:47:08.390 26094 26094 I cr_SplitCompatApp: Launched version=107.0.5304.91 minSdkVersion=29 isBundle=true processName=com.android.chrome:sandboxed_process0:org.chromium.content.app.SandboxedProcessService0:48 isIsolated=true
09-02 01:47:08.392 26045 26093 I cr_LibraryLoader: Using ModernLinker
09-02 01:47:08.394 26045 26093 W linker  : Warning: "/data/app/~~_KLlx60MH8CoecPTjMKp8g==/com.android.chrome-kw9RHYrlHKb9bPXi8OTClw==/base.apk!/lib/arm64-v8a/libchromium_android_linker.so" unused DT entry: unknown processor-specific (type 0x70000001 arg 0x0) (ignoring)
09-02 01:47:08.399 24647 24647 E cr_IntentUtils: getBooleanExtra failed on intent null
09-02 01:47:08.400 24647 24647 E cr_IntentUtils: getBooleanExtra failed on intent null
09-02 01:47:08.402 26094 26094 W SystemServiceRegistry: No service published for: uimode
09-02 01:47:08.407 26045 26132 I cr_LibraryLoader: Successfully loaded native library
09-02 01:47:08.407 26045 26132 I cr_CachingUmaRecorder: Flushed 3 samples from 3 histograms.
09-02 01:47:08.408 26094 26094 I cr_ChildProcessService: Creating new ChildProcessService pid=26094
09-02 01:47:08.408  1513  3223 D CompatibilityChangeReporter: Compat change id reported: 136274596; UID 10220; state: ENABLED
09-02 01:47:08.410 24647 24647 I cr_tabmodel: #isIncognitoTabBeingRestored from tabDetails:  false
09-02 01:47:08.410 24647 24647 I cr_tabmodel: #isIncognitoTabBeingRestored from tabDetails:  false
09-02 01:47:08.410 24647 24647 W cr_tabmodel: Failed to restore TabState; creating Tab with last known URL.
09-02 01:47:08.412 24699 24699 D Zygote  : Forked child process 26150
09-02 01:47:08.414  1513  1625 W ActivityManager: Slow operation: 1125ms so far, now at startProcess: returned from zygote!
09-02 01:47:08.414  1513  1625 W ActivityManager: Slow operation: 1126ms so far, now at startProcess: done updating battery stats
09-02 01:47:08.414  1513  1625 W ActivityManager: Slow operation: 1126ms so far, now at startProcess: building log message
09-02 01:47:08.414  1513  1625 I ActivityManager: Start proc 26150:com.android.chrome:sandboxed_process0:org.chromium.content.app.SandboxedProcessService0:50/u0ai50 for  {com.android.chrome/org.chromium.content.app.SandboxedProcessService0:50}
09-02 01:47:08.414  1513  1625 W ActivityManager: Slow operation: 1126ms so far, now at startProcess: starting to update pids map
09-02 01:47:08.414  1513  1625 W ActivityManager: Slow operation: 1126ms so far, now at startProcess: done updating pids map
09-02 01:47:08.414  1513  1625 W ActivityManager: Slow operation: 1078ms so far, now at startProcess: asking zygote to start proc
09-02 01:47:08.414  1513  1625 D CompatibilityChangeReporter: Compat change id reported: 143937733; UID 10220; state: ENABLED
09-02 01:47:08.416 26150 26150 E libc    : SetHeapTaggingLevel: re-enabling tagging after it was disabled is not supported
09-02 01:47:08.423 26094 26117 I cr_LibraryLoader: Using ModernLinker
09-02 01:47:08.425 26094 26117 W linker  : Warning: "/data/app/~~_KLlx60MH8CoecPTjMKp8g==/com.android.chrome-kw9RHYrlHKb9bPXi8OTClw==/base.apk!/lib/arm64-v8a/libchromium_android_linker.so" unused DT entry: unknown processor-specific (type 0x70000001 arg 0x0) (ignoring)
09-02 01:47:08.426 24647 24698 W cr_ChildConnAllocator: Ran out of UIDs to allocate.
09-02 01:47:08.427  1513  2571 I ActivityManager: Killing 24802:com.android.chrome:sandboxed_process0:org.chromium.content.app.SandboxedProcessService0:1/u0a220i-8999 (adj 0): isolated not needed
09-02 01:47:08.431  1513  2571 D CompatibilityChangeReporter: Compat change id reported: 135634846; UID 10220; state: DISABLED
09-02 01:47:08.431  1513  2571 D CompatibilityChangeReporter: Compat change id reported: 135754954; UID 10220; state: ENABLED
09-02 01:47:08.432  1513  1640 I libprocessgroup: Successfully killed process cgroup uid 90001 pid 24802 in 0ms
09-02 01:47:08.433 24699 24699 D Zygote  : Forked child process 26159
09-02 01:47:08.434 24647 24647 E cr_IntentUtils: getBooleanExtra failed on intent null
09-02 01:47:08.434 24647 24647 E cr_IntentUtils: getBooleanExtra failed on intent null
09-02 01:47:08.435 26094 26148 I cr_LibraryLoader: Successfully loaded native library
09-02 01:47:08.435  1513  1625 W ActivityManager: Slow operation: 1098ms so far, now at startProcess: returned from zygote!
09-02 01:47:08.435  1513  1625 W ActivityManager: Slow operation: 1099ms so far, now at startProcess: done updating battery stats
09-02 01:47:08.435  1513  1625 W ActivityManager: Slow operation: 1099ms so far, now at startProcess: building log message
09-02 01:47:08.435  1513  1625 I ActivityManager: Start proc 26159:com.android.chrome:sandboxed_process0:org.chromium.content.app.SandboxedProcessService0:51/u0ai51 for  {com.android.chrome/org.chromium.content.app.SandboxedProcessService0:51}
09-02 01:47:08.435  1513  1625 W ActivityManager: Slow operation: 1099ms so far, now at startProcess: starting to update pids map
09-02 01:47:08.435  1513  1625 W ActivityManager: Slow operation: 1099ms so far, now at startProcess: done updating pids map
09-02 01:47:08.435  1513  1625 W ActivityManager: Slow operation: 1068ms so far, now at startProcess: asking zygote to start proc
09-02 01:47:08.436 26118 26118 I LoadedApk: No resource references to update in package com.google.android.trichromelibrary
09-02 01:47:08.436 26118 26118 D NetworkSecurityConfig: Using Network Security Config from resource 0_resource_name_obfuscated debugBuild: false
09-02 01:47:08.437 26118 26118 D NetworkSecurityConfig: Using Network Security Config from resource 0_resource_name_obfuscated debugBuild: false
09-02 01:47:08.439 26118 26118 I cr_SplitCompatApp: Launched version=107.0.5304.91 minSdkVersion=29 isBundle=true processName=com.android.chrome:sandboxed_process0:org.chromium.content.app.SandboxedProcessService0:49 isIsolated=true
09-02 01:47:08.439 26094 26148 I cr_CachingUmaRecorder: Flushed 3 samples from 3 histograms.
09-02 01:47:08.440 24647 24647 I cr_tabmodel: #isIncognitoTabBeingRestored from tabDetails:  false
09-02 01:47:08.440 24647 24647 I cr_tabmodel: #isIncognitoTabBeingRestored from tabDetails:  false
09-02 01:47:08.440 24647 24647 W cr_tabmodel: Failed to restore TabState; creating Tab with last known URL.
09-02 01:47:08.445 26159 26159 E libc    : SetHeapTaggingLevel: re-enabling tagging after it was disabled is not supported
09-02 01:47:08.446 26150 26150 E cessService0:5: Not starting debugger since process cannot load the jdwp agent.
09-02 01:47:08.447 24647 24698 W cr_ChildConnAllocator: Ran out of UIDs to allocate.
09-02 01:47:08.449  1513  3223 I ActivityManager: Killing 24819:com.android.chrome:sandboxed_process0:org.chromium.content.app.SandboxedProcessService0:2/u0a220i-8998 (adj 0): isolated not needed
09-02 01:47:08.449  1513  1640 I libprocessgroup: Successfully killed process cgroup uid 90002 pid 24819 in 0ms
09-02 01:47:08.453 24647 24647 E cr_IntentUtils: getBooleanExtra failed on intent null
09-02 01:47:08.453 24647 24647 E cr_IntentUtils: getBooleanExtra failed on intent null
09-02 01:47:08.460 26118 26118 W SystemServiceRegistry: No service published for: uimode
09-02 01:47:08.460 24647 24647 I cr_tabmodel: #isIncognitoTabBeingRestored from tabDetails:  false
09-02 01:47:08.460 24647 24647 I cr_tabmodel: #isIncognitoTabBeingRestored from tabDetails:  false
09-02 01:47:08.460 24647 24647 W cr_tabmodel: Failed to restore TabState; creating Tab with last known URL.
09-02 01:47:08.461 26159 26159 E cessService0:5: Not starting debugger since process cannot load the jdwp agent.
09-02 01:47:08.468 26118 26118 I cr_ChildProcessService: Creating new ChildProcessService pid=26118
09-02 01:47:08.469 24647 24698 W cr_ChildConnAllocator: Ran out of UIDs to allocate.
09-02 01:47:08.469  1513  6264 D CompatibilityChangeReporter: Compat change id reported: 136274596; UID 10220; state: ENABLED
09-02 01:47:08.470 24699 24699 D Zygote  : Forked child process 26185
09-02 01:47:08.471 24647 24647 E cr_IntentUtils: getBooleanExtra failed on intent null
09-02 01:47:08.471 24647 24647 E cr_IntentUtils: getBooleanExtra failed on intent null
09-02 01:47:08.473  1513  1625 W ActivityManager: Slow operation: 1106ms so far, now at startProcess: returned from zygote!
09-02 01:47:08.474 26185 26185 E libc    : SetHeapTaggingLevel: re-enabling tagging after it was disabled is not supported
09-02 01:47:08.475 24836 24836 I cr_ChildProcessService: Destroying ChildProcessService pid=24836
09-02 01:47:08.475  1513  2180 I ActivityManager: Killing 24836:com.android.chrome:sandboxed_process0:org.chromium.content.app.SandboxedProcessService0:3/u0a220i-8997 (adj 0): isolated not needed
09-02 01:47:08.475  1513  1640 I libprocessgroup: Successfully killed process cgroup uid 90003 pid 24836 in 0ms
09-02 01:47:08.476  1513  1625 W ActivityManager: Slow operation: 1109ms so far, now at startProcess: done updating battery stats
09-02 01:47:08.476  1513  1625 W ActivityManager: Slow operation: 1109ms so far, now at startProcess: building log message
09-02 01:47:08.476  1513  1625 I ActivityManager: Start proc 26185:com.android.chrome:sandboxed_process0:org.chromium.content.app.SandboxedProcessService0:52/u0ai52 for  {com.android.chrome/org.chromium.content.app.SandboxedProcessService0:52}
09-02 01:47:08.476  1513  1625 W ActivityManager: Slow operation: 1109ms so far, now at startProcess: starting to update pids map
09-02 01:47:08.478  1513  1625 W ActivityManager: Slow operation: 1111ms so far, now at startProcess: done updating pids map
09-02 01:47:08.478  1513  1625 W ActivityManager: Slow operation: 1077ms so far, now at startProcess: asking zygote to start proc
09-02 01:47:08.479  1513  1625 D CompatibilityChangeReporter: Compat change id reported: 143937733; UID 10220; state: ENABLED
09-02 01:47:08.479 24647 24647 I cr_tabmodel: #isIncognitoTabBeingRestored from tabDetails:  false
09-02 01:47:08.479 24647 24647 I cr_tabmodel: #isIncognitoTabBeingRestored from tabDetails:  false
09-02 01:47:08.479 24647 24647 W cr_tabmodel: Failed to restore TabState; creating Tab with last known URL.
