09-02 01:52:19.866  1513  1625 W ActivityManager: Slow operation: 1420ms so far, now at startProcess: done updating battery stats
09-02 01:52:19.866  1513  1625 W ActivityManager: Slow operation: 1420ms so far, now at startProcess: building log message
09-02 01:52:19.866  1513  1625 I ActivityManager: Start proc 4015:com.android.chrome:sandboxed_process1:org.chromium.content.app.SandboxedProcessService1:100/u0i11 for service {com.android.chrome/org.chromium.content.app.SandboxedProcessService1:100}
09-02 01:52:19.866  1513  1625 W ActivityManager: Slow operation: 1420ms so far, now at startProcess: starting to update pids map
09-02 01:52:19.866  1513  1625 W ActivityManager: Slow operation: 1420ms so far, now at startProcess: done updating pids map
09-02 01:52:19.866  1513  1625 W ActivityManager: Slow operation: 1371ms so far, now at startProcess: asking zygote to start proc
09-02 01:52:19.871  4000  4000 E cessService0:9: Not starting debugger since process cannot load the jdwp agent.
09-02 01:52:19.874  1513  3168 E ProcessStats: Executing service ServiceState{cf3a3d8 org.chromium.content.app.SandboxedProcessService0 pkg=com.android.chrome proc=b8c331} without owner
09-02 01:52:19.875  1513  3168 E ProcessStats: Foregrounding service ServiceState{cf3a3d8 org.chromium.content.app.SandboxedProcessService0 pkg=com.android.chrome proc=b8c331} without owner
09-02 01:52:19.878  3940  3990 I cr_LibraryLoader: Using ModernLinker
09-02 01:52:19.878  1513  6264 E ProcessStats: Executing service ServiceState{cf3a3d8 org.chromium.content.app.SandboxedProcessService0 pkg=com.android.chrome proc=b8c331} without owner
09-02 01:52:19.878  1513  6264 E ProcessStats: Foregrounding service ServiceState{cf3a3d8 org.chromium.content.app.SandboxedProcessService0 pkg=com.android.chrome proc=b8c331} without owner
09-02 01:52:19.886  1513  3168 E ProcessStats: Executing service ServiceState{cf3a3d8 org.chromium.content.app.SandboxedProcessService0 pkg=com.android.chrome proc=b8c331} without owner
09-02 01:52:19.886  1513  3168 E ProcessStats: Foregrounding service ServiceState{cf3a3d8 org.chromium.content.app.SandboxedProcessService0 pkg=com.android.chrome proc=b8c331} without owner
09-02 01:52:19.889  3940  3990 W linker  : Warning: "/data/app/~~_KLlx60MH8CoecPTjMKp8g==/com.android.chrome-kw9RHYrlHKb9bPXi8OTClw==/base.apk!/lib/arm64-v8a/libchromium_android_linker.so" unused DT entry: unknown processor-specific (type 0x70000001 arg 0x0) (ignoring)
09-02 01:52:19.889  3954  3993 I cr_LibraryLoader: Using ModernLinker
09-02 01:52:19.890  3940  3990 E cr_ChromiumAndroidLinker: ReserveAddressWithHint: Address range starting at 0x7a3872c000 was not free to use
09-02 01:52:19.891  3954  3993 W linker  : Warning: "/data/app/~~_KLlx60MH8CoecPTjMKp8g==/com.android.chrome-kw9RHYrlHKb9bPXi8OTClw==/base.apk!/lib/arm64-v8a/libchromium_android_linker.so" unused DT entry: unknown processor-specific (type 0x70000001 arg 0x0) (ignoring)
09-02 01:52:19.892  3979  4009 I cr_LibraryLoader: Using ModernLinker
09-02 01:52:19.897  3940  4028 I cr_LibraryLoader: Successfully loaded native library
09-02 01:52:19.899  3954  3993 E cr_ChromiumAndroidLinker: ReserveAddressWithHint: Address range starting at 0x7a3872c000 was not free to use
09-02 01:52:19.902  3954  4030 I cr_LibraryLoader: Successfully loaded native library
09-02 01:52:19.903  3954  4030 I cr_CachingUmaRecorder: Flushed 3 samples from 3 histograms.
09-02 01:52:19.903  1513  6264 E ProcessStats: Executing service ServiceState{cf3a3d8 org.chromium.content.app.SandboxedProcessService0 pkg=com.android.chrome proc=b8c331} without owner
09-02 01:52:19.904  1513  6264 D CompatibilityChangeReporter: Compat change id reported: 136274596; UID 10220; state: ENABLED
09-02 01:52:19.905  3940  4028 I cr_CachingUmaRecorder: Flushed 3 samples from 3 histograms.
09-02 01:52:19.906  3979  4009 W linker  : Warning: "/data/app/~~_KLlx60MH8CoecPTjMKp8g==/com.android.chrome-kw9RHYrlHKb9bPXi8OTClw==/base.apk!/lib/arm64-v8a/libchromium_android_linker.so" unused DT entry: unknown processor-specific (type 0x70000001 arg 0x0) (ignoring)
09-02 01:52:19.907  3979  4009 E cr_ChromiumAndroidLinker: ReserveAddressWithHint: Address range starting at 0x7a3872c000 was not free to use
09-02 01:52:19.913  3979  4027 I cr_LibraryLoader: Successfully loaded native library
09-02 01:52:19.915  3979  4027 I cr_CachingUmaRecorder: Flushed 3 samples from 3 histograms.
09-02 01:52:19.944  4000  4000 I LoadedApk: No resource references to update in package com.google.android.trichromelibrary
09-02 01:52:19.945  4000  4000 D NetworkSecurityConfig: Using Network Security Config from resource 0_resource_name_obfuscated debugBuild: false
09-02 01:52:19.946  4000  4000 D NetworkSecurityConfig: Using Network Security Config from resource 0_resource_name_obfuscated debugBuild: false
09-02 01:52:19.947  4000  4000 I cr_SplitCompatApp: Launched version=107.0.5304.91 minSdkVersion=29 isBundle=true processName=com.android.chrome:sandboxed_process0:org.chromium.content.app.SandboxedProcessService0:99 isIsolated=true
09-02 01:52:19.971  4000  4000 W SystemServiceRegistry: No service published for: uimode
09-02 01:52:19.987  4000  4000 I cr_ChildProcessService: Creating new ChildProcessService pid=4000
09-02 01:52:19.992  1513  2172 E ProcessStats: Executing service ServiceState{cf3a3d8 org.chromium.content.app.SandboxedProcessService0 pkg=com.android.chrome proc=b8c331} without owner
09-02 01:52:19.992  1513  2172 E ProcessStats: Foregrounding service ServiceState{cf3a3d8 org.chromium.content.app.SandboxedProcessService0 pkg=com.android.chrome proc=b8c331} without owner
09-02 01:52:19.993  4000  4103 I cr_LibraryLoader: Using ModernLinker
09-02 01:52:19.994  4000  4103 W linker  : Warning: "/data/app/~~_KLlx60MH8CoecPTjMKp8g==/com.android.chrome-kw9RHYrlHKb9bPXi8OTClw==/base.apk!/lib/arm64-v8a/libchromium_android_linker.so" unused DT entry: unknown processor-specific (type 0x70000001 arg 0x0) (ignoring)
09-02 01:52:19.994  4000  4103 E cr_ChromiumAndroidLinker: ReserveAddressWithHint: Address range starting at 0x7a3872c000 was not free to use
09-02 01:52:19.997  4000  4181 I cr_LibraryLoader: Successfully loaded native library
09-02 01:52:19.998  4000  4181 I cr_CachingUmaRecorder: Flushed 3 samples from 3 histograms.
09-02 01:52:20.040  3769  3891 I cr_CachingUmaRecorder: Flushed 3 samples from 3 histograms.
09-02 01:52:20.081 32121 32121 D Zygote  : Forked child process 4241
09-02 01:52:20.082  1513  1625 W ActivityManager: Slow operation: 1587ms so far, now at startProcess: returned from zygote!
09-02 01:52:20.082  1513  1625 W ActivityManager: Slow operation: 1587ms so far, now at startProcess: done updating battery stats
09-02 01:52:20.082  1513  1625 W ActivityManager: Slow operation: 1587ms so far, now at startProcess: building log message
09-02 01:52:20.082  1513  1625 I ActivityManager: Start proc 4241:com.android.chrome:sandboxed_process0:org.chromium.content.app.SandboxedProcessService0:101/u0ai1 for  {com.android.chrome/org.chromium.content.app.SandboxedProcessService0:101}
09-02 01:52:20.082  1513  1625 W ActivityManager: Slow operation: 1587ms so far, now at startProcess: starting to update pids map
09-02 01:52:20.082  1513  1625 W ActivityManager: Slow operation: 1587ms so far, now at startProcess: done updating pids map
09-02 01:52:20.082  1513  1625 W ActivityManager: Slow operation: 1552ms so far, now at startProcess: asking zygote to start proc
09-02 01:52:20.082  1513  1625 D CompatibilityChangeReporter: Compat change id reported: 143937733; UID 10220; state: ENABLED
09-02 01:52:20.092  4241  4241 E libc    : SetHeapTaggingLevel: re-enabling tagging after it was disabled is not supported
09-02 01:52:20.097  4241  4241 E essService0:10: Not starting debugger since process cannot load the jdwp agent.
09-02 01:52:20.104  1513  2172 E ProcessStats: Executing service ServiceState{cf3a3d8 org.chromium.content.app.SandboxedProcessService0 pkg=com.android.chrome proc=b8c331} without owner
09-02 01:52:20.105  1513  2172 D CompatibilityChangeReporter: Compat change id reported: 136274596; UID 10220; state: ENABLED
09-02 01:52:20.115 32121 32121 D Zygote  : Forked child process 4262
09-02 01:52:20.122  1513  1625 W ActivityManager: Slow operation: 1592ms so far, now at startProcess: returned from zygote!
09-02 01:52:20.122  1513  1625 W ActivityManager: Slow operation: 1592ms so far, now at startProcess: done updating battery stats
09-02 01:52:20.122  1513  1625 W ActivityManager: Slow operation: 1592ms so far, now at startProcess: building log message
09-02 01:52:20.122  1513  1625 I ActivityManager: Start proc 4262:com.android.chrome:sandboxed_process0:org.chromium.content.app.SandboxedProcessService0:102/u0ai2 for  {com.android.chrome/org.chromium.content.app.SandboxedProcessService0:102}
09-02 01:52:20.122  1513  1625 W ActivityManager: Slow operation: 1592ms so far, now at startProcess: starting to update pids map
09-02 01:52:20.122  1513  1625 W ActivityManager: Slow operation: 1592ms so far, now at startProcess: done updating pids map
09-02 01:52:20.122  1513  1625 W ActivityManager: Slow operation: 1582ms so far, now at startProcess: asking zygote to start proc
09-02 01:52:20.122  1513  1625 D CompatibilityChangeReporter: Compat change id reported: 143937733; UID 10220; state: ENABLED
09-02 01:52:20.134  4241  4241 I LoadedApk: No resource references to update in package com.google.android.trichromelibrary
09-02 01:52:20.134  4015  4015 E essService1:10: Not starting debugger since process cannot load the jdwp agent.
09-02 01:52:20.134  4241  4241 D NetworkSecurityConfig: Using Network Security Config from resource 0_resource_name_obfuscated debugBuild: false
09-02 01:52:20.135  4241  4241 D NetworkSecurityConfig: Using Network Security Config from resource 0_resource_name_obfuscated debugBuild: false
09-02 01:52:20.137  4241  4241 I cr_SplitCompatApp: Launched version=107.0.5304.91 minSdkVersion=29 isBundle=true processName=com.android.chrome:sandboxed_process0:org.chromium.content.app.SandboxedProcessService0:101 isIsolated=true
09-02 01:52:20.139  4262  4262 E libc    : SetHeapTaggingLevel: re-enabling tagging after it was disabled is not supported
09-02 01:52:20.143  4234  4234 W app_process: type=1400 audit(0.0:6839): avc: denied { read } for name="u:object_r:device_config_runtime_native_boot_prop:s0" dev="tmpfs" ino=10163 scontext=u:r:shell:s0 tcontext=u:object_r:device_config_runtime_native_boot_prop:s0 tclass=file permissive=0
09-02 01:52:20.143   778   778 D Zygote  : Forked child process 4286
09-02 01:52:20.144  1513  1625 W ActivityManager: Slow operation: 1604ms so far, now at startProcess: returned from zygote!
09-02 01:52:20.144  1513  1625 W ActivityManager: Slow operation: 1604ms so far, now at startProcess: done updating battery stats
09-02 01:52:20.144  1513  1625 W ActivityManager: Slow operation: 1604ms so far, now at startProcess: building log message
09-02 01:52:20.144  1513  1625 I ActivityManager: Start proc 4286:com.android.chrome:sandboxed_process1:org.chromium.content.app.SandboxedProcessService1:103/u0i12 for service {com.android.chrome/org.chromium.content.app.SandboxedProcessService1:103}
09-02 01:52:20.144  1513  1625 W ActivityManager: Slow operation: 1604ms so far, now at startProcess: starting to update pids map
09-02 01:52:20.144  1513  1625 W ActivityManager: Slow operation: 1604ms so far, now at startProcess: done updating pids map
09-02 01:52:20.146  4234  4234 I chatty  : uid=2000(shell) app_process expire 2 lines
09-02 01:52:20.146  4234  4234 W app_process: type=1400 audit(0.0:6842): avc: denied { read } for name="u:object_r:device_config_runtime_native_boot_prop:s0" dev="tmpfs" ino=10163 scontext=u:r:shell:s0 tcontext=u:object_r:device_config_runtime_native_boot_prop:s0 tclass=file permissive=0
09-02 01:52:20.146  4234  4234 D AndroidRuntime: >>>>>> START com.android.internal.os.RuntimeInit uid 2000 <<<<<<
09-02 01:52:20.147  4262  4262 E essService0:10: Not starting debugger since process cannot load the jdwp agent.
09-02 01:52:20.148  4234  4234 E libc    : Access denied finding property "persist.device_config.runtime_native_boot.profilebootclasspath"
09-02 01:52:20.148  4234  4234 E libc    : Access denied finding property "persist.device_config.runtime_native_boot.enable_apex_image"
09-02 01:52:20.148  4234  4234 I AndroidRuntime: Using default boot image
09-02 01:52:20.148  4234  4234 E libc    : Access denied finding property "persist.device_config.runtime_native_boot.disable_lock_profiling"
09-02 01:52:20.148  4234  4234 I AndroidRuntime: Leaving lock profiling enabled
09-02 01:52:20.148  4234  4234 E libc    : Access denied finding property "persist.device_config.runtime_native_boot.enable_generational_cc"
09-02 01:52:20.155  4241  4241 W SystemServiceRegistry: No service published for: uimode
09-02 01:52:20.158  4286  4286 E essService1:10: Not starting debugger since process cannot load the jdwp agent.
09-02 01:52:20.163  4241  4241 I cr_ChildProcessService: Creating new ChildProcessService pid=4241
09-02 01:52:20.167  1513  3168 E ProcessStats: Executing service ServiceState{cf3a3d8 org.chromium.content.app.SandboxedProcessService0 pkg=com.android.chrome proc=b8c331} without owner
09-02 01:52:20.168  1513  3168 D CompatibilityChangeReporter: Compat change id reported: 136274596; UID 10220; state: ENABLED
09-02 01:52:20.170  1513  2172 E ProcessStats: Executing service ServiceState{cf3a3d8 org.chromium.content.app.SandboxedProcessService0 pkg=com.android.chrome proc=b8c331} without owner
09-02 01:52:20.170  1513  2172 E ProcessStats: Foregrounding service ServiceState{cf3a3d8 org.chromium.content.app.SandboxedProcessService0 pkg=com.android.chrome proc=b8c331} without owner
09-02 01:52:20.173  4241  4263 I cr_LibraryLoader: Using ModernLinker
09-02 01:52:20.174  4241  4263 W linker  : Warning: "/data/app/~~_KLlx60MH8CoecPTjMKp8g==/com.android.chrome-kw9RHYrlHKb9bPXi8OTClw==/base.apk!/lib/arm64-v8a/libchromium_android_linker.so" unused DT entry: unknown processor-specific (type 0x70000001 arg 0x0) (ignoring)
09-02 01:52:20.174  4241  4263 E cr_ChromiumAndroidLinker: ReserveAddressWithHint: Address range starting at 0x7a3872c000 was not free to use
09-02 01:52:20.179  1513  6264 D CompatibilityChangeReporter: Compat change id reported: 136274596; UID 10220; state: ENABLED
09-02 01:52:20.179  4241  4321 I cr_LibraryLoader: Successfully loaded native library
09-02 01:52:20.181  4241  4321 I cr_CachingUmaRecorder: Flushed 3 samples from 3 histograms.
09-02 01:52:20.197  4262  4262 I LoadedApk: No resource references to update in package com.google.android.trichromelibrary
09-02 01:52:20.197  4262  4262 D NetworkSecurityConfig: Using Network Security Config from resource 0_resource_name_obfuscated debugBuild: false
09-02 01:52:20.198  4262  4262 D NetworkSecurityConfig: Using Network Security Config from resource 0_resource_name_obfuscated debugBuild: false
09-02 01:52:20.199  4015  4015 I LoadedApk: No resource references to update in package com.google.android.trichromelibrary
09-02 01:52:20.200  4015  4015 D NetworkSecurityConfig: Using Network Security Config from resource 0_resource_name_obfuscated debugBuild: false
09-02 01:52:20.200  4262  4262 I cr_SplitCompatApp: Launched version=107.0.5304.91 minSdkVersion=29 isBundle=true processName=com.android.chrome:sandboxed_process0:org.chromium.content.app.SandboxedProcessService0:102 isIsolated=true
09-02 01:52:20.201  4015  4015 D NetworkSecurityConfig: Using Network Security Config from resource 0_resource_name_obfuscated debugBuild: false
09-02 01:52:20.202  4015  4015 I cr_SplitCompatApp: Launched version=107.0.5304.91 minSdkVersion=29 isBundle=true processName=com.android.chrome:sandboxed_process1:org.chromium.content.app.SandboxedProcessService1:100 isIsolated=true
09-02 01:52:20.211  4262  4262 W SystemServiceRegistry: No service published for: uimode
09-02 01:52:20.213  4286  4286 I LoadedApk: No resource references to update in package com.google.android.trichromelibrary
09-02 01:52:20.214  4286  4286 D NetworkSecurityConfig: Using Network Security Config from resource 0_resource_name_obfuscated debugBuild: false
09-02 01:52:20.216  4234  4234 D app_process: Time zone APEX ICU file found: /apex/com.android.tzdata/etc/icu/icu_tzdata.dat
09-02 01:52:20.216  4234  4234 D app_process: I18n APEX ICU file found: /apex/com.android.i18n/etc/icu/icudt66l.dat
09-02 01:52:20.217  4015  4015 W SystemServiceRegistry: No service published for: uimode
09-02 01:52:20.219  4262  4262 I cr_ChildProcessService: Creating new ChildProcessService pid=4262
09-02 01:52:20.222  4286  4286 D NetworkSecurityConfig: Using Network Security Config from resource 0_resource_name_obfuscated debugBuild: false
09-02 01:52:20.222  4234  4234 I app_process: The ClassLoaderContext is a special shared library.
09-02 01:52:20.223  4286  4286 I cr_SplitCompatApp: Launched version=107.0.5304.91 minSdkVersion=29 isBundle=true processName=com.android.chrome:sandboxed_process1:org.chromium.content.app.SandboxedProcessService1:103 isIsolated=true
09-02 01:52:20.223  1513  2013 E ProcessStats: Executing service ServiceState{cf3a3d8 org.chromium.content.app.SandboxedProcessService0 pkg=com.android.chrome proc=b8c331} without owner
09-02 01:52:20.224  1513  2013 E ProcessStats: Foregrounding service ServiceState{cf3a3d8 org.chromium.content.app.SandboxedProcessService0 pkg=com.android.chrome proc=b8c331} without owner
09-02 01:52:20.228  4262  4319 I cr_LibraryLoader: Using ModernLinker
09-02 01:52:20.229  4015  4015 I cr_ChildProcessService: Creating new ChildProcessService pid=4015
09-02 01:52:20.231  4262  4319 W linker  : Warning: "/data/app/~~_KLlx60MH8CoecPTjMKp8g==/com.android.chrome-kw9RHYrlHKb9bPXi8OTClw==/base.apk!/lib/arm64-v8a/libchromium_android_linker.so" unused DT entry: unknown processor-specific (type 0x70000001 arg 0x0) (ignoring)
09-02 01:52:20.232  4262  4319 E cr_ChromiumAndroidLinker: ReserveAddressWithHint: Address range starting at 0x7a3872c000 was not free to use
09-02 01:52:20.233  4286  4286 W SystemServiceRegistry: No service published for: uimode
09-02 01:52:20.235  4234  4234 W app_process: JNI RegisterNativeMethods: attempt to register 0 native methods for android.media.AudioAttributes
09-02 01:52:20.239  4234  4234 D AndroidRuntime: Calling main entry com.android.commands.input.Input
09-02 01:52:20.240  4286  4286 I cr_ChildProcessService: Creating new ChildProcessService pid=4286
09-02 01:52:20.248  1513  1572 I DisplayManagerService: Display device changed: DisplayDeviceInfo{"Built-in Screen": uniqueId="local:19260504575090817", 1080 x 2340, modeId 1, defaultModeId 2, supportedModes [{id=1, width=1080, height=2340, fps=90.0}, {id=2, width=1080, height=2340, fps=60.000004}], colorMode 0, supportedColorModes [0, 7, 9], HdrCapabilities HdrCapabilities{mSupportedHdrTypes=[2, 3, 4], mMaxLuminance=500.0, mMaxAverageLuminance=500.0, mMinLuminance=0.0}, allmSupported false, gameContentTypeSupported false, density 440, 435.428 x 433.839 dpi, appVsyncOff 2333333, presDeadline 11500000, cutout DisplayCutout{insets=Rect(0, 136 - 0, 0) waterfall=Insets{left=0, top=0, right=0, bottom=0} boundingRect={Bounds=[Rect(0, 0 - 0, 0), Rect(0, 0 - 136, 136), Rect(0, 0 - 0, 0), Rect(0, 0 - 0, 0)]}}, touch INTERNAL, rotation 0, type INTERNAL, address {port=129, model=0x446d53ad64a0}, deviceProductInfo DeviceProductInfo{name=, manufacturerPnpId=QCM, productId=1, modelYear=null, manufactureDate=ManufactureDate{week=27, year=2006}, relativeAddress=null}, state ON, FLAG_DEFAULT_DISPLAY, FLAG_ROTATES_WITH_CONTENT, FLAG_SECURE, FLAG_SUPPORTS_PROTECTED_BUFFERS}
09-02 01:52:20.249   594   655 I SDM     : HWDeviceDRM::UpdateMixerAttributes: Mixer WxH 1080x2340-1 for Peripheral
09-02 01:52:20.249   594   655 I SDM     : DisplayBase::SetActiveConfig: Active configuration changed to: 1
09-02 01:52:20.249   594   655 I SDM     : StrategyImpl::SetIdleTimeoutMs: Idle timeout set to zero for command mode panels
09-02 01:52:20.250  4262  4339 I cr_LibraryLoader: Successfully loaded native library
09-02 01:52:20.250  4234  4234 D AndroidRuntime: Shutting down VM
09-02 01:52:20.254   901  2806 I sensors-hal: [ssc_utils]get_qmi_debug_flag:244, support_qmi_debug : false
09-02 01:52:20.261  4286  4328 I cr_LibraryLoader: Using ModernLinker
09-02 01:52:20.266   901  1000 W ASH     : @ 57526.717: Unhandled msg ID 999: line 1277
09-02 01:52:20.266   901  1000 E ASH     : @ 57526.717: No pb callback assigned
09-02 01:52:20.266   901  1000 E ASH     : @ 57526.717: Nanopb error: callback failed:1588
09-02 01:52:20.288  4015  4306 I cr_LibraryLoader: Using ModernLinker
09-02 01:52:20.289  4286  4357 W linker  : Warning: "/data/app/~~_KLlx60MH8CoecPTjMKp8g==/com.android.chrome-kw9RHYrlHKb9bPXi8OTClw==/base.apk!/lib/arm64-v8a/libchromium_android_linker.so" unused DT entry: unknown processor-specific (type 0x70000001 arg 0x0) (ignoring)
09-02 01:52:20.290  4286  4357 I cr_LibraryLoader: Loading monochrome_64 from within /data/app/~~_KLlx60MH8CoecPTjMKp8g==/com.android.chrome-kw9RHYrlHKb9bPXi8OTClw==/base.apk
09-02 01:52:20.290  4286  4357 I cr_ModernLinker: loadLibraryImplLocked: monochrome_64, relroMode=2
09-02 01:52:20.292  4286  4357 W linker  : Warning: "/data/app/~~pvdNlmkqoAdokjnHYmWQbA==/com.google.android.trichromelibrary_530409134-AZWnkLs2PHY5miTP6ZiTzA==/base.apk!/lib/arm64-v8a/libmonochrome_64.so" unused DT entry: unknown processor-specific (type 0x70000001 arg 0x0) (ignoring)
09-02 01:52:20.302 32071 32134 I cr_omaha: Attempting to schedule next job for: Sat Sep 02 02:26:14 GMT+02:00 2023
09-02 01:52:20.306   901  1000 D VSC     : @ 57526.755: [WO] tilt angle 87
09-02 01:52:20.306  4262  4339 I cr_CachingUmaRecorder: Flushed 3 samples from 3 histograms.
09-02 01:52:20.313 32071 32071 I cr_omaha: Scheduled using JobService
09-02 01:52:20.318 32071 32071 E cr_BkgrdTaskJS: Tried finishing non-current BackgroundTask.
09-02 01:52:20.433  4015  4354 W linker  : Warning: "/data/app/~~_KLlx60MH8CoecPTjMKp8g==/com.android.chrome-kw9RHYrlHKb9bPXi8OTClw==/base.apk!/lib/arm64-v8a/libchromium_android_linker.so" unused DT entry: unknown processor-specific (type 0x70000001 arg 0x0) (ignoring)
09-02 01:52:20.435  4015  4354 I cr_LibraryLoader: Loading monochrome_64 from within /data/app/~~_KLlx60MH8CoecPTjMKp8g==/com.android.chrome-kw9RHYrlHKb9bPXi8OTClw==/base.apk
09-02 01:52:20.435  4015  4354 I cr_ModernLinker: loadLibraryImplLocked: monochrome_64, relroMode=2
09-02 01:52:20.437  4015  4354 W linker  : Warning: "/data/app/~~pvdNlmkqoAdokjnHYmWQbA==/com.google.android.trichromelibrary_530409134-AZWnkLs2PHY5miTP6ZiTzA==/base.apk!/lib/arm64-v8a/libmonochrome_64.so" unused DT entry: unknown processor-specific (type 0x70000001 arg 0x0) (ignoring)
09-02 01:52:20.454  1513  1624 W BroadcastQueue: Background execution not allowed: receiving Intent { act=android.intent.action.DROPBOX_ENTRY_ADDED flg=0x10 (has extras) } to com.google.android.gms/.stats.service.DropBoxEntryAddedReceiver
09-02 01:52:20.454  1513  1624 W BroadcastQueue: Background execution not allowed: receiving Intent { act=android.intent.action.DROPBOX_ENTRY_ADDED flg=0x10 (has extras) } to com.google.android.gms/.chimera.GmsIntentOperationService$PersistentTrustedReceiver
09-02 01:52:20.623   901  2806 I sensors-hal: [ssc_utils]get_qmi_debug_flag:244, support_qmi_debug : false
09-02 01:52:20.647   901  1000 W ASH     : @ 57527.098: Unhandled msg ID 999: line 1277
09-02 01:52:20.647   901  1000 E ASH     : @ 57527.098: No pb callback assigned
09-02 01:52:20.647   901  1000 E ASH     : @ 57527.098: Nanopb error: callback failed:1588
09-02 01:52:20.694   901  1000 I ASH     : @ 57527.145: tcs3701: ADC is saturated, removed sample from FIFO.
09-02 01:52:20.767 32121 32121 I Zygote  : Process 32341 exited due to signal 9 (Killed)
09-02 01:52:20.770 32071 32071 I cr_TabWebContentsObs: renderProcessGone() for tab id: 5489, already needs reload: false
09-02 01:52:20.829  1513  1651 D KernelCpuUidUserSysTimeReader: Removing uids 90005-90005
09-02 01:52:20.833  4495  4497 I cmd     : oneway function results will be dropped but finished with status OK and parcel size 4
09-02 01:52:20.840 32007 32021 I manager_utilit: CollectorTransition concurrent copying GC freed 889(116KB) AllocSpace objects, 0(0B) LOS objects, 88% free, 3094KB/27MB, paused 62us total 418.321ms
09-02 01:52:20.842 32007 32007 I BatteryMgr:DataCollectionService: onStartCommand: begin
09-02 01:52:20.842 32007 32007 I BatteryMgr:DataCollectionService: onStartCommand: sampleRate => 100
09-02 01:52:20.842 32007 32007 I BatteryMgr:DataCollectionService: onStartCommand: rawFields => Timestamp,BATTERY_PROPERTY_CURRENT_NOW,EXTRA_VOLTAGE
09-02 01:52:20.843 32007 32007 I BatteryMgr:DataCollectionService: onStartCommand: notification done
09-02 01:52:20.845  1513  2172 D CompatibilityChangeReporter: Compat change id reported: 136219221; UID 10260; state: ENABLED
09-02 01:52:20.846 32007 32007 I BatteryMgr:DataCollectionService: started foreground
09-02 01:52:20.857 32007  4510 I BatteryMgr:DataCollectionService: collectData: begin
09-02 01:52:20.859 32007  4510 I BatteryMgr:DataCollectionService: stats => 1693612340859,7629,4395
09-02 01:52:20.964 32007  4510 I BatteryMgr:DataCollectionService: stats => 1693612340964,7629,4395
09-02 01:52:20.986  1513  2000 D ConnectivityService: NetReassign [no changes]
09-02 01:52:21.048  1513  1513 D NotificationService: 0|com.example.batterymanager_utility|1|null|10260: granting content://settings/system/notification_sound
09-02 01:52:21.049  1513  1513 I chatty  : uid=1000(system) Binder:1513_3 identical 3 lines
09-02 01:52:21.049  1513  1513 D NotificationService: 0|com.example.batterymanager_utility|1|null|10260: granting content://settings/system/notification_sound
09-02 01:52:21.050  1513  1513 W NotificationHistory: Attempted to add notif for locked/gone/disabled user 0
09-02 01:52:21.056  2062  2062 D InterruptionStateProvider: No bubble up: not allowed to bubble: 0|com.example.batterymanager_utility|1|null|10260
09-02 01:52:21.056  2062  2062 D InterruptionStateProvider: No heads up: unimportant notification: 0|com.example.batterymanager_utility|1|null|10260
09-02 01:52:21.067 32007  4510 I BatteryMgr:DataCollectionService: stats => 1693612341067,7629,4395
09-02 01:52:21.089   901  2806 I sensors-hal: [ssc_utils]get_qmi_debug_flag:244, support_qmi_debug : false
09-02 01:52:21.127   901  1000 W ASH     : @ 57527.578: Unhandled msg ID 999: line 1277
09-02 01:52:21.128   901  1000 E ASH     : @ 57527.578: No pb callback assigned
09-02 01:52:21.128   901  1000 E ASH     : @ 57527.578: Nanopb error: callback failed:1588
09-02 01:52:21.171 32007  4510 I BatteryMgr:DataCollectionService: stats => 1693612341171,7629,4395
09-02 01:52:21.274 32007  4510 I BatteryMgr:DataCollectionService: stats => 1693612341274,7629,4395
09-02 01:52:21.378 32007  4510 I BatteryMgr:DataCollectionService: stats => 1693612341377,7629,4395
09-02 01:52:21.439   901  2806 I sensors-hal: [ssc_utils]get_qmi_debug_flag:244, support_qmi_debug : false
09-02 01:52:21.450   901  1000 W ASH     : @ 57527.901: Unhandled msg ID 999: line 1277
09-02 01:52:21.450   901  1000 E ASH     : @ 57527.901: No pb callback assigned
09-02 01:52:21.450   901  1000 E ASH     : @ 57527.901: Nanopb error: callback failed:1588
09-02 01:52:21.481 32007  4510 I BatteryMgr:DataCollectionService: stats => 1693612341481,7629,4395
09-02 01:52:21.506   901  1000 I ASH     : @ 57527.957: tcs3701: ADC is saturated, removed sample from FIFO.
09-02 01:52:21.539   901  2806 I sensors-hal: [ssc_utils]get_qmi_debug_flag:244, support_qmi_debug : false
09-02 01:52:21.567   901  1000 W ASH     : @ 57528.018: Unhandled msg ID 999: line 1277
09-02 01:52:21.567   901  1000 E ASH     : @ 57528.018: No pb callback assigned
09-02 01:52:21.567   901  1000 E ASH     : @ 57528.018: Nanopb error: callback failed:1588
09-02 01:52:21.584 32007  4510 I BatteryMgr:DataCollectionService: stats => 1693612341584,7629,4395
09-02 01:52:21.687 32007  4510 I BatteryMgr:DataCollectionService: stats => 1693612341687,7629,4395
09-02 01:52:21.791 32007  4510 I BatteryMgr:DataCollectionService: stats => 1693612341791,7629,4395
09-02 01:52:21.823   901  2806 I sensors-hal: [ssc_utils]get_qmi_debug_flag:244, support_qmi_debug : false
09-02 01:52:21.848   901  1000 W ASH     : @ 57528.299: Unhandled msg ID 999: line 1277
09-02 01:52:21.848   901  1000 E ASH     : @ 57528.299: No pb callback assigned
09-02 01:52:21.848   901  1000 E ASH     : @ 57528.299: Nanopb error: callback failed:1588
09-02 01:52:21.894 32007  4510 I BatteryMgr:DataCollectionService: stats => 1693612341894,7629,4395
09-02 01:52:21.895   901  1000 I ASH     : @ 57528.346: tcs3701: ADC is saturated, removed sample from FIFO.
09-02 01:52:21.998 32007  4510 I BatteryMgr:DataCollectionService: stats => 1693612341998,7629,4395
09-02 01:52:22.102 32007  4510 I BatteryMgr:DataCollectionService: stats => 1693612342102,7629,4395
09-02 01:52:22.206 32007  4510 I BatteryMgr:DataCollectionService: stats => 1693612342206,7629,4395
09-02 01:52:22.302   901  1000 D VSC     : @ 57528.753: [WO] tilt angle 87
09-02 01:52:22.311 32007  4510 I BatteryMgr:DataCollectionService: stats => 1693612342311,7629,4395
09-02 01:52:22.415 32007  4510 I BatteryMgr:DataCollectionService: stats => 1693612342415,7629,4395
09-02 01:52:22.519 32007  4510 I BatteryMgr:DataCollectionService: stats => 1693612342519,7629,4395
09-02 01:52:22.623 32007  4510 I BatteryMgr:DataCollectionService: stats => 1693612342623,7629,4395
09-02 01:52:22.666 32121 32121 I Zygote  : Process 32298 exited due to signal 9 (Killed)
09-02 01:52:22.670 32071 32071 I cr_TabWebContentsObs: renderProcessGone() for tab id: 5487, already needs reload: false
09-02 01:52:22.727  4286  4357 I cr_LibraryLoader: Successfully loaded native library
09-02 01:52:22.728 32007  4510 I BatteryMgr:DataCollectionService: stats => 1693612342728,7629,4395
09-02 01:52:22.729  4286  4357 I cr_CachingUmaRecorder: Flushed 11 samples from 11 histograms.
09-02 01:52:22.831 32007  4510 I BatteryMgr:DataCollectionService: stats => 1693612342831,7629,4395
09-02 01:52:22.834  4015  4354 I cr_LibraryLoader: Successfully loaded native library
09-02 01:52:22.935 32007  4510 I BatteryMgr:DataCollectionService: stats => 1693612342935,7629,4395
09-02 01:52:23.038 32007  4510 I BatteryMgr:DataCollectionService: stats => 1693612343038,7629,4395
09-02 01:52:23.142 32007  4510 I BatteryMgr:DataCollectionService: stats => 1693612343142,7629,4395
09-02 01:52:23.227  1513  3375 W UriGrantsManagerService: No permission grants found for com.google.android.apps.photos
09-02 01:52:23.246 32007  4510 I BatteryMgr:DataCollectionService: stats => 1693612343246,7629,4395
09-02 01:52:23.349 32007  4510 I BatteryMgr:DataCollectionService: stats => 1693612343349,7629,4395
09-02 01:52:23.453 32007  4510 I BatteryMgr:DataCollectionService: stats => 1693612343453,7629,4395
09-02 01:52:23.483  4015  4354 I cr_CachingUmaRecorder: Flushed 11 samples from 11 histograms.
09-02 01:52:23.557 32007  4510 I BatteryMgr:DataCollectionService: stats => 1693612343557,7629,4395
09-02 01:52:23.660 32007  4510 I BatteryMgr:DataCollectionService: stats => 1693612343660,7629,4395
09-02 01:52:23.764 32007  4510 I BatteryMgr:DataCollectionService: stats => 1693612343764,7629,4395
09-02 01:52:23.867 32007  4510 I BatteryMgr:DataCollectionService: stats => 1693612343867,7629,4395
09-02 01:52:23.877  1513  3375 I chatty  : uid=1000(system) Binder:1513_1A identical 2 lines
09-02 01:52:23.878  1513  3375 W UriGrantsManagerService: No permission grants found for com.google.android.apps.photos
09-02 01:52:23.907  1513  3168 W UriGrantsManagerService: No permission grants found for com.google.android.apps.photos
09-02 01:52:23.907  1513  3168 W UriGrantsManagerService: No permission grants found for com.google.android.apps.photos
09-02 01:52:23.971 32007  4510 I BatteryMgr:DataCollectionService: stats => 1693612343971,7629,4395
09-02 01:52:23.987  1513  2000 D ConnectivityService: NetReassign [no changes]
09-02 01:52:24.077 32007  4510 I BatteryMgr:DataCollectionService: stats => 1693612344077,7629,4395
09-02 01:52:24.183 32007  4510 I BatteryMgr:DataCollectionService: stats => 1693612344183,7629,4395
09-02 01:52:24.289 32007  4510 I BatteryMgr:DataCollectionService: stats => 1693612344289,7629,4395
09-02 01:52:24.300   901  1000 D VSC     : @ 57530.750: [WO] tilt angle 87
09-02 01:52:24.394 32007  4510 I BatteryMgr:DataCollectionService: stats => 1693612344394,7629,4395
09-02 01:52:24.499 32007  4510 I BatteryMgr:DataCollectionService: stats => 1693612344499,7629,4395
09-02 01:52:24.604 32007  4510 I BatteryMgr:DataCollectionService: stats => 1693612344604,7629,4395
09-02 01:52:24.708 32007  4510 I BatteryMgr:DataCollectionService: stats => 1693612344708,7629,4395
09-02 01:52:24.813 32007  4510 I BatteryMgr:DataCollectionService: stats => 1693612344813,7629,4395
09-02 01:52:24.917 32007  4510 I BatteryMgr:DataCollectionService: stats => 1693612344917,7629,4395
09-02 01:52:24.997  9499  9499 D BoundBrokerSvc: onUnbind: Intent { act=com.google.android.gms.inappreach.service.START dat=chimera-action: cmp=com.google.android.gms/.chimera.GmsApiService }
09-02 01:52:25.023 32007  4510 I BatteryMgr:DataCollectionService: stats => 1693612345023,7629,4395
09-02 01:52:25.129 32007  4510 I BatteryMgr:DataCollectionService: stats => 1693612345129,7629,4395
09-02 01:52:25.237 32007  4510 I BatteryMgr:DataCollectionService: stats => 1693612345237,7629,4395
09-02 01:52:25.342 32007  4510 I BatteryMgr:DataCollectionService: stats => 1693612345342,7629,4395
09-02 01:52:25.448 32007  4510 I BatteryMgr:DataCollectionService: stats => 1693612345448,7629,4395
09-02 01:52:25.554 32007  4510 I BatteryMgr:DataCollectionService: stats => 1693612345554,7629,4395
09-02 01:52:25.661 32007  4510 I BatteryMgr:DataCollectionService: stats => 1693612345660,7629,4395
09-02 01:52:25.766 32007  4510 I BatteryMgr:DataCollectionService: stats => 1693612345765,7629,4395
09-02 01:52:25.871 32007  4510 I BatteryMgr:DataCollectionService: stats => 1693612345871,7629,4395
09-02 01:52:25.976 32007  4510 I BatteryMgr:DataCollectionService: stats => 1693612345976,7629,4395
09-02 01:52:26.082 32007  4510 I BatteryMgr:DataCollectionService: stats => 1693612346082,7629,4395
09-02 01:52:26.189 32007  4510 I BatteryMgr:DataCollectionService: stats => 1693612346189,7629,4395
09-02 01:52:26.295 32007  4510 I BatteryMgr:DataCollectionService: stats => 1693612346295,7629,4395
09-02 01:52:26.295 32071 32071 E cr_BTSPrefs: No data found for task id: 56
09-02 01:52:26.295 32071 32071 E cr_BkgrdTaskScheduler: Task cannot be canceled because no data was found instorage or data was invalid
09-02 01:52:26.297   901  1000 D VSC     : @ 57532.747: [WO] tilt angle 87
09-02 01:52:26.401 32007  4510 I BatteryMgr:DataCollectionService: stats => 1693612346401,10986,4395
09-02 01:52:26.507 32007  4510 I BatteryMgr:DataCollectionService: stats => 1693612346506,10986,4395
09-02 01:52:26.613 32007  4510 I BatteryMgr:DataCollectionService: stats => 1693612346613,10986,4395
09-02 01:52:26.718 32007  4510 I BatteryMgr:DataCollectionService: stats => 1693612346718,10986,4395
09-02 01:52:26.824 32007  4510 I BatteryMgr:DataCollectionService: stats => 1693612346824,10986,4395
09-02 01:52:26.930 32007  4510 I BatteryMgr:DataCollectionService: stats => 1693612346930,10986,4395
09-02 01:52:27.007  1513  2000 D ConnectivityService: NetReassign [no changes]
09-02 01:52:27.036 32007  4510 I BatteryMgr:DataCollectionService: stats => 1693612347036,10986,4395
09-02 01:52:27.142 32007  4510 I BatteryMgr:DataCollectionService: stats => 1693612347142,10986,4395
09-02 01:52:27.246 32007  4510 I BatteryMgr:DataCollectionService: stats => 1693612347246,10986,4395
09-02 01:52:27.249  1513  7910 I ActivityTaskManager: START u0 {act=android.intent.action.VIEW dat=http://192.168.88.177:8000/... flg=0x10000000 cmp=com.android.chrome/com.google.android.apps.chrome.Main} from uid 2000
09-02 01:52:27.249  1513  1572 D EventSequenceValidator: inc AccIntentStartedEvents to 2
09-02 01:52:27.253  1513  1572 D EventSequenceValidator: dec AccIntentStartedEvents to 1
09-02 01:52:27.260   901  2806 I sensors-hal: [ssc_utils]get_qmi_debug_flag:244, support_qmi_debug : false
09-02 01:52:27.268 32071 32071 E cr_IntentUtils: getInt failed on bundle null
09-02 01:52:27.276 32071 32120 W cr_ChildConnAllocator: Ran out of UIDs to allocate.
09-02 01:52:27.277  1513  2013 E ProcessStats: Executing service ServiceState{cf3a3d8 org.chromium.content.app.SandboxedProcessService0 pkg=com.android.chrome proc=b8c331} without owner
09-02 01:52:27.278  1513  2013 E ProcessStats: Binding service ServiceState{cf3a3d8 org.chromium.content.app.SandboxedProcessService0 pkg=com.android.chrome proc=b8c331} without owner
09-02 01:52:27.279  1513  2013 E ProcessStats: Starting service ServiceState{cf3a3d8 org.chromium.content.app.SandboxedProcessService0 pkg=com.android.chrome proc=b8c331} without owner
09-02 01:52:27.279  1513  2013 E ProcessStats: Binding service ServiceState{cf3a3d8 org.chromium.content.app.SandboxedProcessService0 pkg=com.android.chrome proc=b8c331} without owner
09-02 01:52:27.280 32394 32394 I cr_ChildProcessService: Destroying ChildProcessService pid=32394
09-02 01:52:27.281 32394 32394 I ocessService0:: System.exit called, status: 0
09-02 01:52:27.281 32394 32394 I AndroidRuntime: VM exiting with result code 0, cleanup skipped.
09-02 01:52:27.282  1513  2013 I ActivityManager: Killing 32394:com.android.chrome:sandboxed_process0:org.chromium.content.app.SandboxedProcessService0:8/u0a220i-8992 (adj 0): isolated not needed
09-02 01:52:27.282  1513  1640 I libprocessgroup: Successfully killed process cgroup uid 90008 pid 32394 in 0ms
09-02 01:52:27.287   901  1000 W ASH     : @ 57533.738: Unhandled msg ID 999: line 1277
09-02 01:52:27.287   901  1000 E ASH     : @ 57533.738: No pb callback assigned
09-02 01:52:27.288   901  1000 E ASH     : @ 57533.738: Nanopb error: callback failed:1588
09-02 01:52:27.299  1513  3375 D CompatibilityChangeReporter: Compat change id reported: 135634846; UID 10220; state: DISABLED
09-02 01:52:27.299  1513  3375 D CompatibilityChangeReporter: Compat change id reported: 135754954; UID 10220; state: ENABLED
09-02 01:52:27.299  1513  1625 D CompatibilityChangeReporter: Compat change id reported: 143937733; UID 10220; state: ENABLED
09-02 01:52:27.316 32121 32121 D Zygote  : Forked child process 4709
09-02 01:52:27.316 32071 32071 I cr_OfflineDetector: Running updateState mConnectivityDetectorInitialized: true, mTimeWhenLastForegrounded: 57530541, getElapsedTime: 57530541, mTimeWhenLastOfflineNotificationReceived: 0, mTimeWhenLastOnline: 57518468, mApplicationState: 1, mIsOfflineLastReportedByConnectivityDetector: false, mIsEffectivelyOffline: false
09-02 01:52:27.316 32071 32071 I cr_OfflineDetector: updateState(): timeSinceLastForeground: 0, timeSinceOfflineNotificationReceived: 57530541, timeSinceLastOnline: 12073, timeNeededForForeground: 2000, timeNeededForOffline: -57528541
09-02 01:52:27.316 32121 32121 I Zygote  : Process 32394 exited cleanly (0)
09-02 01:52:27.319  4709  4709 E libc    : SetHeapTaggingLevel: re-enabling tagging after it was disabled is not supported
09-02 01:52:27.327  4709  4709 E essService0:10: Not starting debugger since process cannot load the jdwp agent.
09-02 01:52:27.346   901  2806 I sensors-hal: [ssc_utils]get_qmi_debug_flag:244, support_qmi_debug : false
09-02 01:52:27.368   901  1000 W ASH     : @ 57533.818: Unhandled msg ID 999: line 1277
09-02 01:52:27.368   901  1000 E ASH     : @ 57533.818: No pb callback assigned
09-02 01:52:27.368   901  1000 E ASH     : @ 57533.818: Nanopb error: callback failed:1588
09-02 01:52:27.376  1513  1651 D KernelCpuUidUserSysTimeReader: Removing uids 90018-90018
09-02 01:52:27.376  1513  1651 D KernelCpuUidUserSysTimeReader: Removing uids 90099-90099
09-02 01:52:27.377  1513  1651 D KernelCpuUidUserSysTimeReader: Removing uids 90001-90001
09-02 01:52:27.377  1513  1651 D KernelCpuUidUserSysTimeReader: Removing uids 90082-90082
09-02 01:52:27.377  1513  1651 D KernelCpuUidUserSysTimeReader: Removing uids 90024-90024
09-02 01:52:27.377  1513  1651 D KernelCpuUidUserSysTimeReader: Removing uids 90025-90025
09-02 01:52:27.377  1513  1651 D KernelCpuUidUserSysTimeReader: Removing uids 90000-90000
09-02 01:52:27.377  1513  1651 D KernelCpuUidUserSysTimeReader: Removing uids 90013-90013
09-02 01:52:27.378  1513  1651 D KernelCpuUidUserSysTimeReader: Removing uids 90020-90020
09-02 01:52:27.378  1513  1651 D KernelCpuUidUserSysTimeReader: Removing uids 90026-90026
09-02 01:52:27.378  1513  1651 D KernelCpuUidUserSysTimeReader: Removing uids 90028-90028
09-02 01:52:27.378  1513  1651 D KernelCpuUidUserSysTimeReader: Removing uids 90081-90081
09-02 01:52:27.378  1513  1651 D KernelCpuUidUserSysTimeReader: Removing uids 90036-90036
09-02 01:52:27.379  1513  1651 D KernelCpuUidUserSysTimeReader: Removing uids 90093-90093
09-02 01:52:27.379  1513  1651 D KernelCpuUidUserSysTimeReader: Removing uids 90014-90014
09-02 01:52:27.379  1513  1651 D KernelCpuUidUserSysTimeReader: Removing uids 90016-90016
09-02 01:52:27.379  1513  1651 D KernelCpuUidUserSysTimeReader: Removing uids 90017-90017
09-02 01:52:27.379  1513  1651 D KernelCpuUidUserSysTimeReader: Removing uids 99008-99008
09-02 01:52:27.379  1513  1651 D KernelCpuUidUserSysTimeReader: Removing uids 90030-90030
09-02 01:52:27.380  1513  1651 D KernelCpuUidUserSysTimeReader: Removing uids 90084-90084
09-02 01:52:27.380  1513  1651 D KernelCpuUidUserSysTimeReader: Removing uids 90049-90049
09-02 01:52:27.380  1513  1651 D KernelCpuUidUserSysTimeReader: Removing uids 90083-90083
09-02 01:52:27.380  1513  1651 D KernelCpuUidUserSysTimeReader: Removing uids 90072-90072
09-02 01:52:27.380  1513  1651 D KernelCpuUidUserSysTimeReader: Removing uids 90092-90092
09-02 01:52:27.380  1513  1651 D KernelCpuUidUserSysTimeReader: Removing uids 90052-90052
09-02 01:52:27.381  1513  1651 D KernelCpuUidUserSysTimeReader: Removing uids 90095-90095
09-02 01:52:27.381  1513  1651 D KernelCpuUidUserSysTimeReader: Removing uids 90071-90071
09-02 01:52:27.381  1513  1651 D KernelCpuUidUserSysTimeReader: Removing uids 90037-90037
09-02 01:52:27.381  1513  1651 D KernelCpuUidUserSysTimeReader: Removing uids 90055-90055
09-02 01:52:27.381  1513  1651 D KernelCpuUidUserSysTimeReader: Removing uids 90062-90062
09-02 01:52:27.381  1513  1651 D KernelCpuUidUserSysTimeReader: Removing uids 90051-90051
09-02 01:52:27.382  1513  1651 D KernelCpuUidUserSysTimeReader: Removing uids 90041-90041
09-02 01:52:27.382  1513  1651 D KernelCpuUidUserSysTimeReader: Removing uids 90040-90040
09-02 01:52:27.382  1513  1651 D KernelCpuUidUserSysTimeReader: Removing uids 90098-90098
09-02 01:52:27.382  1513  1651 D KernelCpuUidUserSysTimeReader: Removing uids 90075-90075
09-02 01:52:27.382  1513  1651 D KernelCpuUidUserSysTimeReader: Removing uids 90069-90069
09-02 01:52:27.382  1513  1651 D KernelCpuUidUserSysTimeReader: Removing uids 90087-90087
09-02 01:52:27.383  1513  1651 D KernelCpuUidUserSysTimeReader: Removing uids 90045-90045
09-02 01:52:27.383  1513  1651 D KernelCpuUidUserSysTimeReader: Removing uids 90088-90088
09-02 01:52:27.383  1513  1651 D KernelCpuUidUserSysTimeReader: Removing uids 90009-90009
09-02 01:52:27.383  1513  1651 D KernelCpuUidUserSysTimeReader: Removing uids 90066-90066
09-02 01:52:27.383  1513  1651 D KernelCpuUidUserSysTimeReader: Removing uids 90089-90089
09-02 01:52:27.383  1513  1651 D KernelCpuUidUserSysTimeReader: Removing uids 90054-90054
09-02 01:52:27.384  1513  1651 D KernelCpuUidUserSysTimeReader: Removing uids 90067-90067
09-02 01:52:27.384  1513  1651 D KernelCpuUidUserSysTimeReader: Removing uids 90031-90031
09-02 01:52:27.384  1513  1651 D KernelCpuUidUserSysTimeReader: Removing uids 90079-90079
09-02 01:52:27.384  1513  1651 D KernelCpuUidUserSysTimeReader: Removing uids 99007-99007
09-02 01:52:27.384  1513  1651 D KernelCpuUidUserSysTimeReader: Removing uids 90047-90047
09-02 01:52:27.384  1513  1651 D KernelCpuUidUserSysTimeReader: Removing uids 90073-90073
09-02 01:52:27.385  1513  1651 D KernelCpuUidUserSysTimeReader: Removing uids 90090-90090
09-02 01:52:27.385  1513  1651 D KernelCpuUidUserSysTimeReader: Removing uids 90063-90063
09-02 01:52:27.385  1513  1651 D KernelCpuUidUserSysTimeReader: Removing uids 90038-90038
09-02 01:52:27.385  1513  1651 D KernelCpuUidUserSysTimeReader: Removing uids 90076-90076
09-02 01:52:27.386  1513  1651 D KernelCpuUidUserSysTimeReader: Removing uids 90015-90015
09-02 01:52:27.386  1513  1651 D KernelCpuUidUserSysTimeReader: Removing uids 90027-90027
09-02 01:52:27.386  1513  1651 D KernelCpuUidUserSysTimeReader: Removing uids 90077-90077
09-02 01:52:27.386  1513  1651 D KernelCpuUidUserSysTimeReader: Removing uids 90046-90046
09-02 01:52:27.386  1513  1651 D KernelCpuUidUserSysTimeReader: Removing uids 90060-90060
09-02 01:52:27.387  1513  1651 D KernelCpuUidUserSysTimeReader: Removing uids 90048-90048
09-02 01:52:27.387  1513  1651 D KernelCpuUidUserSysTimeReader: Removing uids 90065-90065
09-02 01:52:27.387  1513  1651 D KernelCpuUidUserSysTimeReader: Removing uids 90034-90034
09-02 01:52:27.387  1513  1651 D KernelCpuUidUserSysTimeReader: Removing uids 90091-90091
09-02 01:52:27.387  1513  1651 D KernelCpuUidUserSysTimeReader: Removing uids 90050-90050
09-02 01:52:27.387  1513  1651 D KernelCpuUidUserSysTimeReader: Removing uids 90086-90086
09-02 01:52:27.388  1513  1651 D KernelCpuUidUserSysTimeReader: Removing uids 90022-90022
09-02 01:52:27.388  1513  1651 D KernelCpuUidUserSysTimeReader: Removing uids 90032-90032
09-02 01:52:27.388  1513  1651 D KernelCpuUidUserSysTimeReader: Removing uids 90033-90033
09-02 01:52:27.388  1513  1651 D KernelCpuUidUserSysTimeReader: Removing uids 90056-90056
09-02 01:52:27.388  1513  1651 D KernelCpuUidUserSysTimeReader: Removing uids 90010-90010
09-02 01:52:27.389  1513  1651 D KernelCpuUidUserSysTimeReader: Removing uids 90097-90097
09-02 01:52:27.389  1513  1651 D KernelCpuUidUserSysTimeReader: Removing uids 90064-90064
09-02 01:52:27.389  1513  1651 D KernelCpuUidUserSysTimeReader: Removing uids 90080-90080
09-02 01:52:27.389  1513  1651 D KernelCpuUidUserSysTimeReader: Removing uids 90021-90021
09-02 01:52:27.389  1513  1651 D KernelCpuUidUserSysTimeReader: Removing uids 90008-90008
09-02 01:52:27.389  1513  1651 D KernelCpuUidUserSysTimeReader: Removing uids 90096-90096
09-02 01:52:27.389  1513  1651 D KernelCpuUidUserSysTimeReader: Removing uids 90059-90059
09-02 01:52:27.390  1513  1651 D KernelCpuUidUserSysTimeReader: Removing uids 90011-90011
09-02 01:52:27.390  1513  1651 D KernelCpuUidUserSysTimeReader: Removing uids 90019-90019
09-02 01:52:27.390  1513  1651 D KernelCpuUidUserSysTimeReader: Removing uids 90039-90039
09-02 01:52:27.390  1513  1651 D KernelCpuUidUserSysTimeReader: Removing uids 90068-90068
09-02 01:52:27.390  1513  1651 D KernelCpuUidUserSysTimeReader: Removing uids 90006-90006
09-02 01:52:27.390  1513  1651 D KernelCpuUidUserSysTimeReader: Removing uids 90085-90085
09-02 01:52:27.391  1513  1651 D KernelCpuUidUserSysTimeReader: Removing uids 90057-90057
09-02 01:52:27.391  1513  1651 D KernelCpuUidUserSysTimeReader: Removing uids 90042-90042
09-02 01:52:27.391  1513  1651 D KernelCpuUidUserSysTimeReader: Removing uids 90058-90058
09-02 01:52:27.391  1513  1651 D KernelCpuUidUserSysTimeReader: Removing uids 90007-90007
09-02 01:52:27.391  1513  1651 D KernelCpuUidUserSysTimeReader: Removing uids 90012-90012
09-02 01:52:27.391  1513  1651 D KernelCpuUidUserSysTimeReader: Removing uids 90023-90023
09-02 01:52:27.391  1513  1651 D KernelCpuUidUserSysTimeReader: Removing uids 90044-90044
09-02 01:52:27.392  1513  1651 D KernelCpuUidUserSysTimeReader: Removing uids 90070-90070
09-02 01:52:27.392  1513  1651 D KernelCpuUidUserSysTimeReader: Removing uids 90074-90074
09-02 01:52:27.392  1513  1651 D KernelCpuUidUserSysTimeReader: Removing uids 90043-90043
09-02 01:52:27.392  1513  1651 D KernelCpuUidUserSysTimeReader: Removing uids 90078-90078
09-02 01:52:27.392  1513  1651 D KernelCpuUidUserSysTimeReader: Removing uids 90035-90035
09-02 01:52:27.392  1513  1651 D KernelCpuUidUserSysTimeReader: Removing uids 90094-90094
09-02 01:52:27.393  1513  1651 D KernelCpuUidUserSysTimeReader: Removing uids 90029-90029
09-02 01:52:27.393  1513  1651 D KernelCpuUidUserSysTimeReader: Removing uids 90053-90053
09-02 01:52:27.393  1513  1651 D KernelCpuUidUserSysTimeReader: Removing uids 90061-90061
09-02 01:52:27.394  1513  1625 W ActivityManager: Slow operation: 96ms so far, now at startProcess: done updating battery stats
09-02 01:52:27.394  1513  1625 W ActivityManager: Slow operation: 96ms so far, now at startProcess: building log message
09-02 01:52:27.394  1513  1625 I ActivityManager: Start proc 4709:com.android.chrome:sandboxed_process0:org.chromium.content.app.SandboxedProcessService0:104/u0ai3 for  {com.android.chrome/org.chromium.content.app.SandboxedProcessService0:104}
09-02 01:52:27.394  1513  1625 W ActivityManager: Slow operation: 96ms so far, now at startProcess: starting to update pids map
09-02 01:52:27.395  1513  1625 W ActivityManager: Slow operation: 96ms so far, now at startProcess: done updating pids map
09-02 01:52:27.397  1513  3375 D CompatibilityChangeReporter: Compat change id reported: 136274596; UID 10220; state: ENABLED
09-02 01:52:27.401 32007  4510 I BatteryMgr:DataCollectionService: stats => 1693612347401,10986,4395
09-02 01:52:27.414 32071 32071 I cr_TabWebContentsObs: renderProcessGone() for tab id: 5491, already needs reload: false
09-02 01:52:27.415  2858  2858 I GoogleInputMethodService: GoogleInputMethodService.onFinishInput():3280 
09-02 01:52:27.417   901  2806 I sensors-hal: [ssc_utils]get_qmi_debug_flag:244, support_qmi_debug : false
