09-01 23:33:44.122  1513  1625 W ActivityManager: Slow operation: 1026ms so far, now at startProcess: done updating pids map
09-01 23:33:44.123  1513  1625 W ActivityManager: Slow operation: 996ms so far, now at startProcess: asking zygote to start proc
09-01 23:33:44.123  1513  1625 D CompatibilityChangeReporter: Compat change id reported: 143937733; UID 10220; state: ENABLED
09-01 23:33:44.123 22932 22932 I LoadedApk: No resource references to update in package com.google.android.trichromelibrary
09-01 23:33:44.123 22932 22932 D NetworkSecurityConfig: Using Network Security Config from resource 0_resource_name_obfuscated debugBuild: false
09-01 23:33:44.124 23016 23016 E libc    : SetHeapTaggingLevel: re-enabling tagging after it was disabled is not supported
09-01 23:33:44.124 22932 22932 D NetworkSecurityConfig: Using Network Security Config from resource 0_resource_name_obfuscated debugBuild: false
09-01 23:33:44.126 22932 22932 I cr_SplitCompatApp: Launched version=107.0.5304.91 minSdkVersion=29 isBundle=true processName=com.android.chrome:sandboxed_process0:org.chromium.content.app.SandboxedProcessService0:69 isIsolated=true
09-01 23:33:44.129 23016 23016 E cessService0:7: Not starting debugger since process cannot load the jdwp agent.
09-01 23:33:44.133  1513  3227 D CompatibilityChangeReporter: Compat change id reported: 136274596; UID 10220; state: ENABLED
09-01 23:33:44.133 20940 20940 D Zygote  : Forked child process 23037
09-01 23:33:44.134  1513  1625 W ActivityManager: Slow operation: 1008ms so far, now at startProcess: returned from zygote!
09-01 23:33:44.136 23037 23037 E libc    : SetHeapTaggingLevel: re-enabling tagging after it was disabled is not supported
09-01 23:33:44.136  1513  1625 W ActivityManager: Slow operation: 1010ms so far, now at startProcess: done updating battery stats
09-01 23:33:44.136  1513  1625 W ActivityManager: Slow operation: 1010ms so far, now at startProcess: building log message
09-01 23:33:44.136  1513  1625 I ActivityManager: Start proc 23037:com.android.chrome:sandboxed_process0:org.chromium.content.app.SandboxedProcessService0:73/u0ai73 for  {com.android.chrome/org.chromium.content.app.SandboxedProcessService0:73}
09-01 23:33:44.136  1513  1625 W ActivityManager: Slow operation: 1010ms so far, now at startProcess: starting to update pids map
09-01 23:33:44.136  1513  1625 W ActivityManager: Slow operation: 1010ms so far, now at startProcess: done updating pids map
09-01 23:33:44.137  1513  1625 W ActivityManager: Slow operation: 994ms so far, now at startProcess: asking zygote to start proc
09-01 23:33:44.137  1513  1625 D CompatibilityChangeReporter: Compat change id reported: 143937733; UID 10220; state: ENABLED
09-01 23:33:44.143 23037 23037 E cessService0:7: Not starting debugger since process cannot load the jdwp agent.
09-01 23:33:44.144  1513  3227 D CompatibilityChangeReporter: Compat change id reported: 136274596; UID 10220; state: ENABLED
09-01 23:33:44.145 22932 22932 W SystemServiceRegistry: No service published for: uimode
09-01 23:33:44.146   901  1000 D VSC     : @ 49210.597: [WO] tilt angle 89
09-01 23:33:44.147 22932 22932 I cr_ChildProcessService: Creating new ChildProcessService pid=22932
09-01 23:33:44.148 22896 22896 I cr_ChildProcessService: Creating new ChildProcessService pid=22896
09-01 23:33:44.153 22932 22989 I cr_LibraryLoader: Using ModernLinker
09-01 23:33:44.155 22932 22989 W linker  : Warning: "/data/app/~~_KLlx60MH8CoecPTjMKp8g==/com.android.chrome-kw9RHYrlHKb9bPXi8OTClw==/base.apk!/lib/arm64-v8a/libchromium_android_linker.so" unused DT entry: unknown processor-specific (type 0x70000001 arg 0x0) (ignoring)
09-01 23:33:44.155 20940 20940 D Zygote  : Forked child process 23059
09-01 23:33:44.156 23059 23059 E libc    : SetHeapTaggingLevel: re-enabling tagging after it was disabled is not supported
09-01 23:33:44.156 22909 22909 W SystemServiceRegistry: No service published for: uimode
09-01 23:33:44.156 22932 22989 E cr_ChromiumAndroidLinker: ReserveAddressWithHint: Address range starting at 0x7a3872f000 was not free to use
09-01 23:33:44.158  1513  1625 W ActivityManager: Slow operation: 1015ms so far, now at startProcess: returned from zygote!
09-01 23:33:44.158  1513  1625 W ActivityManager: Slow operation: 1016ms so far, now at startProcess: done updating battery stats
09-01 23:33:44.158  1513  1625 W ActivityManager: Slow operation: 1016ms so far, now at startProcess: building log message
09-01 23:33:44.158  1513  1625 I ActivityManager: Start proc 23059:com.android.chrome:sandboxed_process0:org.chromium.content.app.SandboxedProcessService0:74/u0ai74 for  {com.android.chrome/org.chromium.content.app.SandboxedProcessService0:74}
09-01 23:33:44.158  1513  1625 W ActivityManager: Slow operation: 1016ms so far, now at startProcess: starting to update pids map
09-01 23:33:44.158  1513  1625 W ActivityManager: Slow operation: 1016ms so far, now at startProcess: done updating pids map
09-01 23:33:44.158  1513  1625 W ActivityManager: Slow operation: 995ms so far, now at startProcess: asking zygote to start proc
09-01 23:33:44.159  1513  1625 D CompatibilityChangeReporter: Compat change id reported: 143937733; UID 10220; state: ENABLED
09-01 23:33:44.160 22896 22958 I cr_LibraryLoader: Using ModernLinker
09-01 23:33:44.160 23059 23059 E cessService0:7: Not starting debugger since process cannot load the jdwp agent.
09-01 23:33:44.162  1513  3227 D CompatibilityChangeReporter: Compat change id reported: 136274596; UID 10220; state: ENABLED
09-01 23:33:44.162 22896 22958 W linker  : Warning: "/data/app/~~_KLlx60MH8CoecPTjMKp8g==/com.android.chrome-kw9RHYrlHKb9bPXi8OTClw==/base.apk!/lib/arm64-v8a/libchromium_android_linker.so" unused DT entry: unknown processor-specific (type 0x70000001 arg 0x0) (ignoring)
09-01 23:33:44.163 22896 22958 E cr_ChromiumAndroidLinker: ReserveAddressWithHint: Address range starting at 0x7a3872f000 was not free to use
09-01 23:33:44.166 22932 23054 I cr_LibraryLoader: Successfully loaded native library
09-01 23:33:44.167 22932 23054 I cr_CachingUmaRecorder: Flushed 3 samples from 3 histograms.
09-01 23:33:44.167 22896 23055 I cr_LibraryLoader: Successfully loaded native library
09-01 23:33:44.167  1513  3221 D CompatibilityChangeReporter: Compat change id reported: 136274596; UID 10220; state: ENABLED
09-01 23:33:44.167 22896 23055 I cr_CachingUmaRecorder: Flushed 3 samples from 3 histograms.
09-01 23:33:44.170 22909 22909 I cr_ChildProcessService: Creating new ChildProcessService pid=22909
09-01 23:33:44.174 22909 22951 I cr_LibraryLoader: Using ModernLinker
09-01 23:33:44.175 22909 22951 W linker  : Warning: "/data/app/~~_KLlx60MH8CoecPTjMKp8g==/com.android.chrome-kw9RHYrlHKb9bPXi8OTClw==/base.apk!/lib/arm64-v8a/libchromium_android_linker.so" unused DT entry: unknown processor-specific (type 0x70000001 arg 0x0) (ignoring)
09-01 23:33:44.176 22909 22951 E cr_ChromiumAndroidLinker: ReserveAddressWithHint: Address range starting at 0x7a3872f000 was not free to use
09-01 23:33:44.177 22995 22995 I LoadedApk: No resource references to update in package com.google.android.trichromelibrary
09-01 23:33:44.177 22995 22995 D NetworkSecurityConfig: Using Network Security Config from resource 0_resource_name_obfuscated debugBuild: false
09-01 23:33:44.178 22995 22995 D NetworkSecurityConfig: Using Network Security Config from resource 0_resource_name_obfuscated debugBuild: false
09-01 23:33:44.180 22995 22995 I cr_SplitCompatApp: Launched version=107.0.5304.91 minSdkVersion=29 isBundle=true processName=com.android.chrome:sandboxed_process0:org.chromium.content.app.SandboxedProcessService0:71 isIsolated=true
09-01 23:33:44.184 22964 22964 I LoadedApk: No resource references to update in package com.google.android.trichromelibrary
09-01 23:33:44.184 22964 22964 D NetworkSecurityConfig: Using Network Security Config from resource 0_resource_name_obfuscated debugBuild: false
09-01 23:33:44.185 22964 22964 D NetworkSecurityConfig: Using Network Security Config from resource 0_resource_name_obfuscated debugBuild: false
09-01 23:33:44.187 22964 22964 I cr_SplitCompatApp: Launched version=107.0.5304.91 minSdkVersion=29 isBundle=true processName=com.android.chrome:sandboxed_process0:org.chromium.content.app.SandboxedProcessService0:70 isIsolated=true
09-01 23:33:44.187 23037 23037 I LoadedApk: No resource references to update in package com.google.android.trichromelibrary
09-01 23:33:44.187 23037 23037 D NetworkSecurityConfig: Using Network Security Config from resource 0_resource_name_obfuscated debugBuild: false
09-01 23:33:44.187 23037 23037 D NetworkSecurityConfig: Using Network Security Config from resource 0_resource_name_obfuscated debugBuild: false
09-01 23:33:44.188 23037 23037 I cr_SplitCompatApp: Launched version=107.0.5304.91 minSdkVersion=29 isBundle=true processName=com.android.chrome:sandboxed_process0:org.chromium.content.app.SandboxedProcessService0:73 isIsolated=true
09-01 23:33:44.193 23016 23016 I LoadedApk: No resource references to update in package com.google.android.trichromelibrary
09-01 23:33:44.193 23016 23016 D NetworkSecurityConfig: Using Network Security Config from resource 0_resource_name_obfuscated debugBuild: false
09-01 23:33:44.193 23016 23016 D NetworkSecurityConfig: Using Network Security Config from resource 0_resource_name_obfuscated debugBuild: false
09-01 23:33:44.194 23016 23016 I cr_SplitCompatApp: Launched version=107.0.5304.91 minSdkVersion=29 isBundle=true processName=com.android.chrome:sandboxed_process0:org.chromium.content.app.SandboxedProcessService0:72 isIsolated=true
09-01 23:33:44.197 22995 22995 W SystemServiceRegistry: No service published for: uimode
09-01 23:33:44.198 23037 23037 W SystemServiceRegistry: No service published for: uimode
09-01 23:33:44.199 23059 23059 I LoadedApk: No resource references to update in package com.google.android.trichromelibrary
09-01 23:33:44.199 23059 23059 D NetworkSecurityConfig: Using Network Security Config from resource 0_resource_name_obfuscated debugBuild: false
09-01 23:33:44.199 23059 23059 D NetworkSecurityConfig: Using Network Security Config from resource 0_resource_name_obfuscated debugBuild: false
09-01 23:33:44.200 23059 23059 I cr_SplitCompatApp: Launched version=107.0.5304.91 minSdkVersion=29 isBundle=true processName=com.android.chrome:sandboxed_process0:org.chromium.content.app.SandboxedProcessService0:74 isIsolated=true
09-01 23:33:44.202 23037 23037 I cr_ChildProcessService: Creating new ChildProcessService pid=23037
09-01 23:33:44.202 22995 22995 I cr_ChildProcessService: Creating new ChildProcessService pid=22995
09-01 23:33:44.203 22964 22964 W SystemServiceRegistry: No service published for: uimode
09-01 23:33:44.205 23016 23016 W SystemServiceRegistry: No service published for: uimode
09-01 23:33:44.206 23059 23059 W SystemServiceRegistry: No service published for: uimode
09-01 23:33:44.207 23037 23058 I cr_LibraryLoader: Using ModernLinker
09-01 23:33:44.207 23059 23059 I cr_ChildProcessService: Creating new ChildProcessService pid=23059
09-01 23:33:44.208 22964 22964 I cr_ChildProcessService: Creating new ChildProcessService pid=22964
09-01 23:33:44.209 23037 23058 W linker  : Warning: "/data/app/~~_KLlx60MH8CoecPTjMKp8g==/com.android.chrome-kw9RHYrlHKb9bPXi8OTClw==/base.apk!/lib/arm64-v8a/libchromium_android_linker.so" unused DT entry: unknown processor-specific (type 0x70000001 arg 0x0) (ignoring)
09-01 23:33:44.209 23016 23016 I cr_ChildProcessService: Creating new ChildProcessService pid=23016
09-01 23:33:44.210 23037 23058 E cr_ChromiumAndroidLinker: ReserveAddressWithHint: Address range starting at 0x7a3872f000 was not free to use
09-01 23:33:44.213 22995 23045 I cr_LibraryLoader: Using ModernLinker
09-01 23:33:44.213 20940 20940 D Zygote  : Forked child process 23091
09-01 23:33:44.214 23059 23075 I cr_LibraryLoader: Using ModernLinker
09-01 23:33:44.214 23091 23091 E libc    : SetHeapTaggingLevel: re-enabling tagging after it was disabled is not supported
09-01 23:33:44.215 22995 23045 W linker  : Warning: "/data/app/~~_KLlx60MH8CoecPTjMKp8g==/com.android.chrome-kw9RHYrlHKb9bPXi8OTClw==/base.apk!/lib/arm64-v8a/libchromium_android_linker.so" unused DT entry: unknown processor-specific (type 0x70000001 arg 0x0) (ignoring)
09-01 23:33:44.215 23059 23075 W linker  : Warning: "/data/app/~~_KLlx60MH8CoecPTjMKp8g==/com.android.chrome-kw9RHYrlHKb9bPXi8OTClw==/base.apk!/lib/arm64-v8a/libchromium_android_linker.so" unused DT entry: unknown processor-specific (type 0x70000001 arg 0x0) (ignoring)
09-01 23:33:44.216 22995 23045 E cr_ChromiumAndroidLinker: ReserveAddressWithHint: Address range starting at 0x7a3872f000 was not free to use
09-01 23:33:44.216 23059 23075 E cr_ChromiumAndroidLinker: ReserveAddressWithHint: Address range starting at 0x7a3872f000 was not free to use
09-01 23:33:44.216  1513  1625 W ActivityManager: Slow operation: 1053ms so far, now at startProcess: returned from zygote!
09-01 23:33:44.217  1513  1625 W ActivityManager: Slow operation: 1053ms so far, now at startProcess: done updating battery stats
09-01 23:33:44.217  1513  1625 W ActivityManager: Slow operation: 1053ms so far, now at startProcess: building log message
09-01 23:33:44.217  1513  1625 I ActivityManager: Start proc 23091:com.android.chrome:sandboxed_process0:org.chromium.content.app.SandboxedProcessService0:75/u0ai75 for  {com.android.chrome/org.chromium.content.app.SandboxedProcessService0:75}
09-01 23:33:44.217  1513  1625 W ActivityManager: Slow operation: 1053ms so far, now at startProcess: starting to update pids map
09-01 23:33:44.217  1513  1625 W ActivityManager: Slow operation: 1053ms so far, now at startProcess: done updating pids map
09-01 23:33:44.217  1513  1625 W ActivityManager: Slow operation: 1023ms so far, now at startProcess: asking zygote to start proc
09-01 23:33:44.217  1513  1625 D CompatibilityChangeReporter: Compat change id reported: 143937733; UID 10220; state: ENABLED
09-01 23:33:44.219 22964 23015 I cr_LibraryLoader: Using ModernLinker
09-01 23:33:44.220 22995 23085 I cr_LibraryLoader: Successfully loaded native library
09-01 23:33:44.220 22995 23085 I cr_CachingUmaRecorder: Flushed 3 samples from 3 histograms.
09-01 23:33:44.224 23037 23084 I cr_LibraryLoader: Successfully loaded native library
09-01 23:33:44.224 22964 23015 W linker  : Warning: "/data/app/~~_KLlx60MH8CoecPTjMKp8g==/com.android.chrome-kw9RHYrlHKb9bPXi8OTClw==/base.apk!/lib/arm64-v8a/libchromium_android_linker.so" unused DT entry: unknown processor-specific (type 0x70000001 arg 0x0) (ignoring)
09-01 23:33:44.225 22964 23015 E cr_ChromiumAndroidLinker: ReserveAddressWithHint: Address range starting at 0x7a3872f000 was not free to use
09-01 23:33:44.226 23059 23088 I cr_LibraryLoader: Successfully loaded native library
09-01 23:33:44.228 23059 23088 I cr_CachingUmaRecorder: Flushed 3 samples from 3 histograms.
09-01 23:33:44.229 23037 23084 I cr_CachingUmaRecorder: Flushed 3 samples from 3 histograms.
09-01 23:33:44.229 23016 23057 I cr_LibraryLoader: Using ModernLinker
09-01 23:33:44.231 23016 23057 W linker  : Warning: "/data/app/~~_KLlx60MH8CoecPTjMKp8g==/com.android.chrome-kw9RHYrlHKb9bPXi8OTClw==/base.apk!/lib/arm64-v8a/libchromium_android_linker.so" unused DT entry: unknown processor-specific (type 0x70000001 arg 0x0) (ignoring)
09-01 23:33:44.232 23016 23057 E cr_ChromiumAndroidLinker: ReserveAddressWithHint: Address range starting at 0x7a3872f000 was not free to use
09-01 23:33:44.234 22964 23089 I cr_LibraryLoader: Successfully loaded native library
09-01 23:33:44.235 22964 23089 I cr_CachingUmaRecorder: Flushed 3 samples from 3 histograms.
09-01 23:33:44.236 23016 23090 I cr_LibraryLoader: Successfully loaded native library
09-01 23:33:44.236 23016 23090 I cr_CachingUmaRecorder: Flushed 3 samples from 3 histograms.
09-01 23:33:44.241 23091 23091 E cessService0:7: Not starting debugger since process cannot load the jdwp agent.
09-01 23:33:44.257 20940 20940 D Zygote  : Forked child process 23130
09-01 23:33:44.258  1513  2262 D CompatibilityChangeReporter: Compat change id reported: 136274596; UID 10220; state: ENABLED
09-01 23:33:44.258  1513  1625 W ActivityManager: Slow operation: 1064ms so far, now at startProcess: returned from zygote!
09-01 23:33:44.260  1513  1625 W ActivityManager: Slow operation: 1065ms so far, now at startProcess: done updating battery stats
09-01 23:33:44.260  1513  1625 W ActivityManager: Slow operation: 1065ms so far, now at startProcess: building log message
09-01 23:33:44.260  1513  1625 I ActivityManager: Start proc 23130:com.android.chrome:sandboxed_process0:org.chromium.content.app.SandboxedProcessService0:76/u0ai76 for  {com.android.chrome/org.chromium.content.app.SandboxedProcessService0:76}
09-01 23:33:44.260  1513  1625 W ActivityManager: Slow operation: 1065ms so far, now at startProcess: starting to update pids map
09-01 23:33:44.260  1513  1625 W ActivityManager: Slow operation: 1066ms so far, now at startProcess: done updating pids map
09-01 23:33:44.262 23130 23130 E libc    : SetHeapTaggingLevel: re-enabling tagging after it was disabled is not supported
09-01 23:33:44.268 23130 23130 E cessService0:7: Not starting debugger since process cannot load the jdwp agent.
09-01 23:33:44.283  1513  2262 D CompatibilityChangeReporter: Compat change id reported: 136274596; UID 10220; state: ENABLED
09-01 23:33:44.289 23091 23091 I LoadedApk: No resource references to update in package com.google.android.trichromelibrary
09-01 23:33:44.289 23091 23091 D NetworkSecurityConfig: Using Network Security Config from resource 0_resource_name_obfuscated debugBuild: false
09-01 23:33:44.290 23091 23091 D NetworkSecurityConfig: Using Network Security Config from resource 0_resource_name_obfuscated debugBuild: false
09-01 23:33:44.290 23091 23091 I cr_SplitCompatApp: Launched version=107.0.5304.91 minSdkVersion=29 isBundle=true processName=com.android.chrome:sandboxed_process0:org.chromium.content.app.SandboxedProcessService0:75 isIsolated=true
09-01 23:33:44.298 23091 23091 W SystemServiceRegistry: No service published for: uimode
09-01 23:33:44.302 23091 23091 I cr_ChildProcessService: Creating new ChildProcessService pid=23091
09-01 23:33:44.305 23130 23130 I LoadedApk: No resource references to update in package com.google.android.trichromelibrary
09-01 23:33:44.305 23130 23130 D NetworkSecurityConfig: Using Network Security Config from resource 0_resource_name_obfuscated debugBuild: false
09-01 23:33:44.305 23130 23130 D NetworkSecurityConfig: Using Network Security Config from resource 0_resource_name_obfuscated debugBuild: false
09-01 23:33:44.307 23130 23130 I cr_SplitCompatApp: Launched version=107.0.5304.91 minSdkVersion=29 isBundle=true processName=com.android.chrome:sandboxed_process0:org.chromium.content.app.SandboxedProcessService0:76 isIsolated=true
09-01 23:33:44.308 23091 23161 I cr_LibraryLoader: Using ModernLinker
09-01 23:33:44.310 23091 23161 W linker  : Warning: "/data/app/~~_KLlx60MH8CoecPTjMKp8g==/com.android.chrome-kw9RHYrlHKb9bPXi8OTClw==/base.apk!/lib/arm64-v8a/libchromium_android_linker.so" unused DT entry: unknown processor-specific (type 0x70000001 arg 0x0) (ignoring)
09-01 23:33:44.311 23091 23161 E cr_ChromiumAndroidLinker: ReserveAddressWithHint: Address range starting at 0x7a3872f000 was not free to use
09-01 23:33:44.315 23091 23171 I cr_LibraryLoader: Successfully loaded native library
09-01 23:33:44.315 23091 23171 I cr_CachingUmaRecorder: Flushed 3 samples from 3 histograms.
09-01 23:33:44.318 23130 23130 W SystemServiceRegistry: No service published for: uimode
09-01 23:33:44.322 23130 23130 I cr_ChildProcessService: Creating new ChildProcessService pid=23130
09-01 23:33:44.326 23130 23169 I cr_LibraryLoader: Using ModernLinker
09-01 23:33:44.329 23130 23169 W linker  : Warning: "/data/app/~~_KLlx60MH8CoecPTjMKp8g==/com.android.chrome-kw9RHYrlHKb9bPXi8OTClw==/base.apk!/lib/arm64-v8a/libchromium_android_linker.so" unused DT entry: unknown processor-specific (type 0x70000001 arg 0x0) (ignoring)
09-01 23:33:44.330 23130 23169 E cr_ChromiumAndroidLinker: ReserveAddressWithHint: Address range starting at 0x7a3872f000 was not free to use
09-01 23:33:44.337 23130 23178 I cr_LibraryLoader: Successfully loaded native library
09-01 23:33:44.338 23130 23178 I cr_CachingUmaRecorder: Flushed 3 samples from 3 histograms.
09-01 23:33:44.443 22909 23076 I cr_LibraryLoader: Successfully loaded native library
09-01 23:33:44.445 22909 23076 I cr_CachingUmaRecorder: Flushed 3 samples from 3 histograms.
09-01 23:33:45.208   901  2806 I sensors-hal: [ssc_utils]get_qmi_debug_flag:244, support_qmi_debug : false
09-01 23:33:45.246   901  1000 W ASH     : @ 49211.698: Unhandled msg ID 999: line 1277
09-01 23:33:45.246   901  1000 E ASH     : @ 49211.698: No pb callback assigned
09-01 23:33:45.246   901  1000 E ASH     : @ 49211.698: Nanopb error: callback failed:1588
09-01 23:33:45.306   901  2806 I sensors-hal: [ssc_utils]get_qmi_debug_flag:244, support_qmi_debug : false
09-01 23:33:45.326   901  1000 W ASH     : @ 49211.778: Unhandled msg ID 999: line 1277
09-01 23:33:45.326   901  1000 E ASH     : @ 49211.778: No pb callback assigned
09-01 23:33:45.326   901  1000 E ASH     : @ 49211.778: Nanopb error: callback failed:1588
09-01 23:33:45.377   901  1000 I ASH     : @ 49211.829: tcs3701: ADC is saturated, removed sample from FIFO.
09-01 23:33:45.531 23307 23307 D AndroidRuntime: >>>>>> START com.android.internal.os.RuntimeInit uid 2000 <<<<<<
09-01 23:33:45.532 23307 23307 W app_process: type=1400 audit(0.0:5953): avc: denied { read } for name="u:object_r:device_config_runtime_native_boot_prop:s0" dev="tmpfs" ino=10163 scontext=u:r:shell:s0 tcontext=u:object_r:device_config_runtime_native_boot_prop:s0 tclass=file permissive=0
09-01 23:33:45.532 23307 23307 I chatty  : uid=2000(shell) app_process identical 2 lines
09-01 23:33:45.532 23307 23307 W app_process: type=1400 audit(0.0:5956): avc: denied { read } for name="u:object_r:device_config_runtime_native_boot_prop:s0" dev="tmpfs" ino=10163 scontext=u:r:shell:s0 tcontext=u:object_r:device_config_runtime_native_boot_prop:s0 tclass=file permissive=0
09-01 23:33:45.533 23307 23307 E libc    : Access denied finding property "persist.device_config.runtime_native_boot.profilebootclasspath"
09-01 23:33:45.534 23307 23307 E libc    : Access denied finding property "persist.device_config.runtime_native_boot.enable_apex_image"
09-01 23:33:45.534 23307 23307 I AndroidRuntime: Using default boot image
09-01 23:33:45.534 23307 23307 E libc    : Access denied finding property "persist.device_config.runtime_native_boot.disable_lock_profiling"
09-01 23:33:45.534 23307 23307 I AndroidRuntime: Leaving lock profiling enabled
09-01 23:33:45.534 23307 23307 E libc    : Access denied finding property "persist.device_config.runtime_native_boot.enable_generational_cc"
09-01 23:33:45.593 23307 23307 D app_process: Time zone APEX ICU file found: /apex/com.android.tzdata/etc/icu/icu_tzdata.dat
09-01 23:33:45.593 23307 23307 D app_process: I18n APEX ICU file found: /apex/com.android.i18n/etc/icu/icudt66l.dat
09-01 23:33:45.598 23307 23307 I app_process: The ClassLoaderContext is a special shared library.
09-01 23:33:45.609 23307 23307 W app_process: JNI RegisterNativeMethods: attempt to register 0 native methods for android.media.AudioAttributes
09-01 23:33:45.613 23307 23307 D AndroidRuntime: Calling main entry com.android.commands.input.Input
09-01 23:33:45.621 23307 23307 D AndroidRuntime: Shutting down VM
09-01 23:33:45.811   901  2806 I sensors-hal: [ssc_utils]get_qmi_debug_flag:244, support_qmi_debug : false
09-01 23:33:45.826   594   655 I SDM     : HWDeviceDRM::UpdateMixerAttributes: Mixer WxH 1080x2340-1 for Peripheral
09-01 23:33:45.826   594   655 I SDM     : DisplayBase::SetActiveConfig: Active configuration changed to: 0
09-01 23:33:45.826   594   655 I SDM     : StrategyImpl::SetIdleTimeoutMs: Idle timeout set to zero for command mode panels
09-01 23:33:45.830   901  2806 I sensors-hal: [ssc_utils]get_qmi_debug_flag:244, support_qmi_debug : false
09-01 23:33:45.837  1513  1572 I DisplayManagerService: Display device changed: DisplayDeviceInfo{"Built-in Screen": uniqueId="local:19260504575090817", 1080 x 2340, modeId 2, defaultModeId 2, supportedModes [{id=1, width=1080, height=2340, fps=90.0}, {id=2, width=1080, height=2340, fps=60.000004}], colorMode 0, supportedColorModes [0, 7, 9], HdrCapabilities HdrCapabilities{mSupportedHdrTypes=[2, 3, 4], mMaxLuminance=500.0, mMaxAverageLuminance=500.0, mMinLuminance=0.0}, allmSupported false, gameContentTypeSupported false, density 440, 435.428 x 433.839 dpi, appVsyncOff 2333332, presDeadline 11500000, cutout DisplayCutout{insets=Rect(0, 136 - 0, 0) waterfall=Insets{left=0, top=0, right=0, bottom=0} boundingRect={Bounds=[Rect(0, 0 - 0, 0), Rect(0, 0 - 136, 136), Rect(0, 0 - 0, 0), Rect(0, 0 - 0, 0)]}}, touch INTERNAL, rotation 0, type INTERNAL, address {port=129, model=0x446d53ad64a0}, deviceProductInfo DeviceProductInfo{name=, manufacturerPnpId=QCM, productId=1, modelYear=null, manufactureDate=ManufactureDate{week=27, year=2006}, relativeAddress=null}, state ON, FLAG_DEFAULT_DISPLAY, FLAG_ROTATES_WITH_CONTENT, FLAG_SECURE, FLAG_SUPPORTS_PROTECTED_BUFFERS}
09-01 23:33:45.837   594   655 I SDM     : HWDeviceDRM::UpdateMixerAttributes: Mixer WxH 1080x2340-1 for Peripheral
09-01 23:33:45.837   594   655 I SDM     : DisplayBase::SetActiveConfig: Active configuration changed to: 1
09-01 23:33:45.837   594   655 I SDM     : StrategyImpl::SetIdleTimeoutMs: Idle timeout set to zero for command mode panels
09-01 23:33:45.846   901  1000 W ASH     : @ 49212.298: Unhandled msg ID 999: line 1277
09-01 23:33:45.846   901  1000 E ASH     : @ 49212.298: No pb callback assigned
09-01 23:33:45.846   901  1000 E ASH     : @ 49212.298: Nanopb error: callback failed:1588
09-01 23:33:45.847   901  2806 I sensors-hal: [ssc_utils]get_qmi_debug_flag:244, support_qmi_debug : false
09-01 23:33:45.870  1513  1572 I DisplayManagerService: Display device changed: DisplayDeviceInfo{"Built-in Screen": uniqueId="local:19260504575090817", 1080 x 2340, modeId 1, defaultModeId 2, supportedModes [{id=1, width=1080, height=2340, fps=90.0}, {id=2, width=1080, height=2340, fps=60.000004}], colorMode 0, supportedColorModes [0, 7, 9], HdrCapabilities HdrCapabilities{mSupportedHdrTypes=[2, 3, 4], mMaxLuminance=500.0, mMaxAverageLuminance=500.0, mMinLuminance=0.0}, allmSupported false, gameContentTypeSupported false, density 440, 435.428 x 433.839 dpi, appVsyncOff 2333333, presDeadline 11500000, cutout DisplayCutout{insets=Rect(0, 136 - 0, 0) waterfall=Insets{left=0, top=0, right=0, bottom=0} boundingRect={Bounds=[Rect(0, 0 - 0, 0), Rect(0, 0 - 136, 136), Rect(0, 0 - 0, 0), Rect(0, 0 - 0, 0)]}}, touch INTERNAL, rotation 0, type INTERNAL, address {port=129, model=0x446d53ad64a0}, deviceProductInfo DeviceProductInfo{name=, manufacturerPnpId=QCM, productId=1, modelYear=null, manufactureDate=ManufactureDate{week=27, year=2006}, relativeAddress=null}, state ON, FLAG_DEFAULT_DISPLAY, FLAG_ROTATES_WITH_CONTENT, FLAG_SECURE, FLAG_SUPPORTS_PROTECTED_BUFFERS}
09-01 23:33:45.886   901  1000 W ASH     : @ 49212.338: Unhandled msg ID 999: line 1277
09-01 23:33:45.886   901  1000 E ASH     : @ 49212.338: No pb callback assigned
09-01 23:33:45.886   901  1000 E ASH     : @ 49212.338: Nanopb error: callback failed:1588
09-01 23:33:45.912 20888 20966 I cr_omaha: Attempting to schedule next job for: Sat Sep 02 02:26:14 GMT+02:00 2023
09-01 23:33:45.926 20888 20888 I cr_omaha: Scheduled using JobService
09-01 23:33:45.927 20888 20888 E cr_BkgrdTaskJS: Tried finishing non-current BackgroundTask.
09-01 23:33:46.143   901  1000 D VSC     : @ 49212.595: [WO] tilt angle 89
09-01 23:33:46.208 23371 23373 I cmd     : oneway function results will be dropped but finished with status OK and parcel size 4
09-01 23:33:46.215 20829 20844 I manager_utilit: CollectorTransition concurrent copying GC freed 1025(104KB) AllocSpace objects, 0(0B) LOS objects, 88% free, 3078KB/27MB, paused 69us total 216.176ms
09-01 23:33:46.216   901  2806 I sensors-hal: [ssc_utils]get_qmi_debug_flag:244, support_qmi_debug : false
09-01 23:33:46.216 20829 20829 I BatteryMgr:DataCollectionService: onStartCommand: begin
09-01 23:33:46.217 20829 20829 I BatteryMgr:DataCollectionService: onStartCommand: sampleRate => 100
09-01 23:33:46.217 20829 20829 I BatteryMgr:DataCollectionService: onStartCommand: rawFields => Timestamp,BATTERY_PROPERTY_CURRENT_NOW,EXTRA_VOLTAGE
09-01 23:33:46.218 20829 20829 I BatteryMgr:DataCollectionService: onStartCommand: notification done
09-01 23:33:46.220  1513  2013 D CompatibilityChangeReporter: Compat change id reported: 136219221; UID 10260; state: ENABLED
09-01 23:33:46.220 20829 20829 I BatteryMgr:DataCollectionService: started foreground
09-01 23:33:46.236 20829 23381 I BatteryMgr:DataCollectionService: collectData: begin
09-01 23:33:46.238 20829 23381 I BatteryMgr:DataCollectionService: stats => 1693604026238,-64392,4400
09-01 23:33:46.246   901  1000 W ASH     : @ 49212.698: Unhandled msg ID 999: line 1277
09-01 23:33:46.246   901  1000 E ASH     : @ 49212.698: No pb callback assigned
09-01 23:33:46.246   901  1000 E ASH     : @ 49212.698: Nanopb error: callback failed:1588
09-01 23:33:46.288   901  1000 I ASH     : @ 49212.740: tcs3701: ADC is saturated, removed sample from FIFO.
09-01 23:33:46.342 20829 23381 I BatteryMgr:DataCollectionService: stats => 1693604026342,-157470,4400
09-01 23:33:46.423  1513  1513 D NotificationService: 0|com.example.batterymanager_utility|1|null|10260: granting content://settings/system/notification_sound
09-01 23:33:46.424  1513  1513 I chatty  : uid=1000(system) Binder:1513_3 identical 3 lines
09-01 23:33:46.424  1513  1513 D NotificationService: 0|com.example.batterymanager_utility|1|null|10260: granting content://settings/system/notification_sound
09-01 23:33:46.425  1513  1513 W NotificationHistory: Attempted to add notif for locked/gone/disabled user 0
09-01 23:33:46.434  2062  2062 D InterruptionStateProvider: No bubble up: not allowed to bubble: 0|com.example.batterymanager_utility|1|null|10260
09-01 23:33:46.434  2062  2062 D InterruptionStateProvider: No heads up: unimportant notification: 0|com.example.batterymanager_utility|1|null|10260
09-01 23:33:46.446 20829 23381 I BatteryMgr:DataCollectionService: stats => 1693604026446,-173645,4400
09-01 23:33:46.460  1513  3221 W UriGrantsManagerService: No permission grants found for com.google.android.apps.photos
09-01 23:33:46.460  1513  3221 W UriGrantsManagerService: No permission grants found for com.google.android.apps.photos
09-01 23:33:46.471   901  2806 I sensors-hal: [ssc_utils]get_qmi_debug_flag:244, support_qmi_debug : false
09-01 23:33:46.486   901  1000 W ASH     : @ 49212.938: Unhandled msg ID 999: line 1277
09-01 23:33:46.486   901  1000 E ASH     : @ 49212.938: No pb callback assigned
09-01 23:33:46.486   901  1000 E ASH     : @ 49212.938: Nanopb error: callback failed:1588
09-01 23:33:46.498  1513  3227 W UriGrantsManagerService: No permission grants found for com.google.android.apps.photos
09-01 23:33:46.523  1513  3227 I chatty  : uid=1000(system) Binder:1513_12 identical 2 lines
09-01 23:33:46.524  1513  3227 W UriGrantsManagerService: No permission grants found for com.google.android.apps.photos
09-01 23:33:46.547   901  2806 I sensors-hal: [ssc_utils]get_qmi_debug_flag:244, support_qmi_debug : false
09-01 23:33:46.549 20829 23381 I BatteryMgr:DataCollectionService: stats => 1693604026549,-98877,4400
09-01 23:33:46.561   901  2806 I sensors-hal: [ssc_utils]get_qmi_debug_flag:244, support_qmi_debug : false
09-01 23:33:46.566   901  1000 W ASH     : @ 49213.018: Unhandled msg ID 999: line 1277
09-01 23:33:46.566   901  1000 E ASH     : @ 49213.018: No pb callback assigned
09-01 23:33:46.566   901  1000 E ASH     : @ 49213.018: Nanopb error: callback failed:1588
09-01 23:33:46.569   901  1000 W ASH     : @ 49213.020: Unhandled msg ID 999: line 1277
09-01 23:33:46.569   901  1000 E ASH     : @ 49213.020: No pb callback assigned
09-01 23:33:46.569   901  1000 E ASH     : @ 49213.020: Nanopb error: callback failed:1588
09-01 23:33:46.622  1513  2000 D ConnectivityService: NetReassign [no changes]
09-01 23:33:46.652 20829 23381 I BatteryMgr:DataCollectionService: stats => 1693604026652,-55236,4400
09-01 23:33:46.756 20829 23381 I BatteryMgr:DataCollectionService: stats => 1693604026755,-10375,4400
09-01 23:33:46.817   901  2806 I sensors-hal: [ssc_utils]get_qmi_debug_flag:244, support_qmi_debug : false
09-01 23:33:46.846   901  1000 W ASH     : @ 49213.298: Unhandled msg ID 999: line 1277
09-01 23:33:46.846   901  1000 E ASH     : @ 49213.298: No pb callback assigned
09-01 23:33:46.846   901  1000 E ASH     : @ 49213.298: Nanopb error: callback failed:1588
09-01 23:33:46.859 20829 23381 I BatteryMgr:DataCollectionService: stats => 1693604026859,-9460,4400
09-01 23:33:46.892   901  1000 I ASH     : @ 49213.340: tcs3701: ADC is saturated, removed sample from FIFO.
09-01 23:33:46.963 20829 23381 I BatteryMgr:DataCollectionService: stats => 1693604026963,2746,4400
09-01 23:33:47.067 20829 23381 I BatteryMgr:DataCollectionService: stats => 1693604027067,23498,4400
09-01 23:33:47.133   901  2806 I sensors-hal: [ssc_utils]get_qmi_debug_flag:244, support_qmi_debug : false
09-01 23:33:47.166   901  1000 W ASH     : @ 49213.618: Unhandled msg ID 999: line 1277
09-01 23:33:47.166   901  1000 E ASH     : @ 49213.618: No pb callback assigned
09-01 23:33:47.166   901  1000 E ASH     : @ 49213.618: Nanopb error: callback failed:1588
09-01 23:33:47.171 20829 23381 I BatteryMgr:DataCollectionService: stats => 1693604027171,-36315,4400
09-01 23:33:47.199  2062 14994 D PowerUI : can't show warning due to - plugged: true status unknown: false
09-01 23:33:47.202  2410  2410 D DeviceStatisticsService: chargerType=2 batteryLevel=100 totalBatteryCapacity=4127300
09-01 23:33:47.202  2410  2410 D DeviceInfoHidlClient: isPowerInfoNeverSent()=true
09-01 23:33:47.202  2410  2410 D DeviceInfoHidlClient: getPowerInfoSupportStatus()=-1
09-01 23:33:47.275 20829 23381 I BatteryMgr:DataCollectionService: stats => 1693604027275,-16479,4398
09-01 23:33:47.380 20829 23381 I BatteryMgr:DataCollectionService: stats => 1693604027380,-11596,4398
09-01 23:33:47.416   901  2806 I sensors-hal: [ssc_utils]get_qmi_debug_flag:244, support_qmi_debug : false
09-01 23:33:47.424   901  1000 W ASH     : @ 49213.876: Unhandled msg ID 999: line 1277
09-01 23:33:47.424   901  1000 E ASH     : @ 49213.876: No pb callback assigned
09-01 23:33:47.424   901  1000 E ASH     : @ 49213.876: Nanopb error: callback failed:1588
09-01 23:33:47.484 20829 23381 I BatteryMgr:DataCollectionService: stats => 1693604027484,6103,4398
09-01 23:33:47.488   901  1000 I ASH     : @ 49213.940: tcs3701: ADC is saturated, removed sample from FIFO.
09-01 23:33:47.589 20829 23381 I BatteryMgr:DataCollectionService: stats => 1693604027589,7934,4398
09-01 23:33:47.695 20829 23381 I BatteryMgr:DataCollectionService: stats => 1693604027695,10375,4398
09-01 23:33:47.801 20829 23381 I BatteryMgr:DataCollectionService: stats => 1693604027801,-3967,4398
09-01 23:33:47.907 20829 23381 I BatteryMgr:DataCollectionService: stats => 1693604027907,10681,4398
09-01 23:33:48.013 20829 23381 I BatteryMgr:DataCollectionService: stats => 1693604028013,-17700,4398
09-01 23:33:48.118 20829 23381 I BatteryMgr:DataCollectionService: stats => 1693604028118,10681,4398
09-01 23:33:48.140   901  1000 D VSC     : @ 49214.592: [WO] tilt angle 89
09-01 23:33:48.224 20829 23381 I BatteryMgr:DataCollectionService: stats => 1693604028224,-19836,4398
09-01 23:33:48.329 20829 23381 I BatteryMgr:DataCollectionService: stats => 1693604028329,15869,4398
09-01 23:33:48.435 20829 23381 I BatteryMgr:DataCollectionService: stats => 1693604028435,4882,4398
09-01 23:33:48.540 20829 23381 I BatteryMgr:DataCollectionService: stats => 1693604028540,-7629,4398
09-01 23:33:48.646 20829 23381 I BatteryMgr:DataCollectionService: stats => 1693604028646,-38757,4398
09-01 23:33:48.751 20829 23381 I BatteryMgr:DataCollectionService: stats => 1693604028751,11596,4398
09-01 23:33:48.854 20829 23381 I BatteryMgr:DataCollectionService: stats => 1693604028854,24719,4398
09-01 23:33:48.958 20829 23381 I BatteryMgr:DataCollectionService: stats => 1693604028958,10070,4398
09-01 23:33:49.063 20829 23381 I BatteryMgr:DataCollectionService: stats => 1693604029063,9155,4398
09-01 23:33:49.166 20829 23381 I BatteryMgr:DataCollectionService: stats => 1693604029166,4882,4398
09-01 23:33:49.272 20829 23381 I BatteryMgr:DataCollectionService: stats => 1693604029272,11596,4398
09-01 23:33:49.377 20829 23381 I BatteryMgr:DataCollectionService: stats => 1693604029377,10070,4398
09-01 23:33:49.483 20829 23381 I BatteryMgr:DataCollectionService: stats => 1693604029483,2441,4398
09-01 23:33:49.588 20829 23381 I BatteryMgr:DataCollectionService: stats => 1693604029588,7324,4398
09-01 23:33:49.637  1513  2000 D ConnectivityService: NetReassign [no changes]
09-01 23:33:49.695 20829 23381 I BatteryMgr:DataCollectionService: stats => 1693604029695,-25024,4398
09-01 23:33:49.801 20829 23381 I BatteryMgr:DataCollectionService: stats => 1693604029801,19531,4398
09-01 23:33:49.908 20829 23381 I BatteryMgr:DataCollectionService: stats => 1693604029907,-7019,4398
09-01 23:33:50.012 20829 23381 I BatteryMgr:DataCollectionService: stats => 1693604030012,9155,4398
09-01 23:33:50.018  1513  2013 I ActivityTaskManager: START u0 {act=android.intent.action.VIEW dat=http://192.168.88.177:8000/... flg=0x10000000 cmp=com.android.chrome/com.google.android.apps.chrome.Main} from uid 2000
09-01 23:33:50.019  1513  1572 D EventSequenceValidator: Transition from ACTIVITY_FINISHED to INTENT_STARTED
09-01 23:33:50.021  1513  1572 D EventSequenceValidator: Transition from INTENT_STARTED to INTENT_FAILED
09-01 23:33:50.021 23423 23425 I cmd     : oneway function results will be dropped but finished with status OK and parcel size 4
09-01 23:33:50.029   901  2806 I sensors-hal: [ssc_utils]get_qmi_debug_flag:244, support_qmi_debug : false
09-01 23:33:50.036 20888 20888 E cr_IntentUtils: getInt failed on bundle null
09-01 23:33:50.046   901  1000 W ASH     : @ 49216.498: Unhandled msg ID 999: line 1277
09-01 23:33:50.046   901  1000 E ASH     : @ 49216.498: No pb callback assigned
09-01 23:33:50.046   901  1000 E ASH     : @ 49216.498: Nanopb error: callback failed:1588
09-01 23:33:50.048  1513  3227 D CompatibilityChangeReporter: Compat change id reported: 135634846; UID 10220; state: DISABLED
09-01 23:33:50.048  1513  3227 D CompatibilityChangeReporter: Compat change id reported: 135754954; UID 10220; state: ENABLED
09-01 23:33:50.049  1513  1625 D CompatibilityChangeReporter: Compat change id reported: 143937733; UID 10220; state: ENABLED
09-01 23:33:50.067 20940 20940 D Zygote  : Forked child process 23433
09-01 23:33:50.069  1513  1625 I ActivityManager: Start proc 23433:com.android.chrome:sandboxed_process0:org.chromium.content.app.SandboxedProcessService0:77/u0ai77 for  {com.android.chrome/org.chromium.content.app.SandboxedProcessService0:77}
09-01 23:33:50.070 23433 23433 E libc    : SetHeapTaggingLevel: re-enabling tagging after it was disabled is not supported
09-01 23:33:50.078 23433 23433 E cessService0:7: Not starting debugger since process cannot load the jdwp agent.
09-01 23:33:50.082 20888 20888 I cr_OfflineDetector: Running updateState mConnectivityDetectorInitialized: true, mTimeWhenLastForegrounded: 49213308, getElapsedTime: 49213308, mTimeWhenLastOfflineNotificationReceived: 0, mTimeWhenLastOnline: 49204058, mApplicationState: 1, mIsOfflineLastReportedByConnectivityDetector: false, mIsEffectivelyOffline: false
09-01 23:33:50.082 20888 20888 I cr_OfflineDetector: updateState(): timeSinceLastForeground: 0, timeSinceOfflineNotificationReceived: 49213308, timeSinceLastOnline: 9250, timeNeededForForeground: 2000, timeNeededForOffline: -49211308
09-01 23:33:50.088  1513  3227 D CompatibilityChangeReporter: Compat change id reported: 136274596; UID 10220; state: ENABLED
09-01 23:33:50.107 23433 23433 I LoadedApk: No resource references to update in package com.google.android.trichromelibrary
09-01 23:33:50.107 23433 23433 D NetworkSecurityConfig: Using Network Security Config from resource 0_resource_name_obfuscated debugBuild: false
09-01 23:33:50.108 20888 20888 I cr_tabmodel: Appending tabs being restored to metadata lists, 0, startingNormalCount: 99, startingIncognitoCount: 0
09-01 23:33:50.108 20888 20888 I cr_tabmodel: Serializing tab lists; counts: 99, 0
09-01 23:33:50.108 23433 23433 D NetworkSecurityConfig: Using Network Security Config from resource 0_resource_name_obfuscated debugBuild: false
09-01 23:33:50.110 23433 23433 I cr_SplitCompatApp: Launched version=107.0.5304.91 minSdkVersion=29 isBundle=true processName=com.android.chrome:sandboxed_process0:org.chromium.content.app.SandboxedProcessService0:77 isIsolated=true
09-01 23:33:50.110  2858  2858 I GoogleInputMethodService: GoogleInputMethodService.onFinishInput():3280 
09-01 23:33:50.113  2858  2858 I GoogleInputMethodService: GoogleInputMethodService.updateDeviceLockedStatus():2169 repeatCheckTimes = 0, unlocked = true
09-01 23:33:50.113  2858  2858 I GoogleInputMethodService: GoogleInputMethodService.onStartInput():1960 onStartInput(EditorInfo{inputType=0x0(NULL) imeOptions=0x12000000 privateImeOptions=null actionName=UNSPECIFIED actionLabel=null actionId=0 initialSelStart=-1 initialSelEnd=-1 initialCapsMode=0x0 hintText=null label=null packageName=com.android.chrome fieldId=-1 fieldName=null extras=null}, false)
09-01 23:33:50.113  2858  2858 I GoogleInputMethodService: GoogleInputMethodService.shouldHideHeaderOnInitialState():4081 ShouldHideHeaderOnInitialState = false
09-01 23:33:50.114  2858  2858 I GoogleInputMethodService: GoogleInputMethodService.updateDeviceLockedStatus():2169 repeatCheckTimes = 2, unlocked = true
09-01 23:33:50.116 20829 23381 I BatteryMgr:DataCollectionService: stats => 1693604030116,-44555,4398
09-01 23:33:50.116   594   655 I SDM     : HWDeviceDRM::UpdateMixerAttributes: Mixer WxH 1080x2340-1 for Peripheral
09-01 23:33:50.116   594   655 I SDM     : DisplayBase::SetActiveConfig: Active configuration changed to: 0
09-01 23:33:50.116   594   655 I SDM     : StrategyImpl::SetIdleTimeoutMs: Idle timeout set to zero for command mode panels
09-01 23:33:50.119   901  2806 I sensors-hal: [ssc_utils]get_qmi_debug_flag:244, support_qmi_debug : false
09-01 23:33:50.123 23433 23433 W SystemServiceRegistry: No service published for: uimode
09-01 23:33:50.125 23433 23433 I cr_ChildProcessService: Creating new ChildProcessService pid=23433
09-01 23:33:50.126  1513  1572 I DisplayManagerService: Display device changed: DisplayDeviceInfo{"Built-in Screen": uniqueId="local:19260504575090817", 1080 x 2340, modeId 2, defaultModeId 2, supportedModes [{id=1, width=1080, height=2340, fps=90.0}, {id=2, width=1080, height=2340, fps=60.000004}], colorMode 0, supportedColorModes [0, 7, 9], HdrCapabilities HdrCapabilities{mSupportedHdrTypes=[2, 3, 4], mMaxLuminance=500.0, mMaxAverageLuminance=500.0, mMinLuminance=0.0}, allmSupported false, gameContentTypeSupported false, density 440, 435.428 x 433.839 dpi, appVsyncOff 2333332, presDeadline 11500000, cutout DisplayCutout{insets=Rect(0, 136 - 0, 0) waterfall=Insets{left=0, top=0, right=0, bottom=0} boundingRect={Bounds=[Rect(0, 0 - 0, 0), Rect(0, 0 - 136, 136), Rect(0, 0 - 0, 0), Rect(0, 0 - 0, 0)]}}, touch INTERNAL, rotation 0, type INTERNAL, address {port=129, model=0x446d53ad64a0}, deviceProductInfo DeviceProductInfo{name=, manufacturerPnpId=QCM, productId=1, modelYear=null, manufactureDate=ManufactureDate{week=27, year=2006}, relativeAddress=null}, state ON, FLAG_DEFAULT_DISPLAY, FLAG_ROTATES_WITH_CONTENT, FLAG_SECURE, FLAG_SUPPORTS_PROTECTED_BUFFERS}
09-01 23:33:50.127   901  1000 W ASH     : @ 49216.578: Unhandled msg ID 999: line 1277
09-01 23:33:50.127   901  1000 E ASH     : @ 49216.578: No pb callback assigned
09-01 23:33:50.127   901  1000 E ASH     : @ 49216.578: Nanopb error: callback failed:1588
09-01 23:33:50.129   594   655 I SDM     : StrategyImpl::SetIdleTimeoutMs: Idle timeout set to zero for command mode panels
09-01 23:33:50.132 23433 23450 I cr_LibraryLoader: Using ModernLinker
09-01 23:33:50.133 23433 23450 W linker  : Warning: "/data/app/~~_KLlx60MH8CoecPTjMKp8g==/com.android.chrome-kw9RHYrlHKb9bPXi8OTClw==/base.apk!/lib/arm64-v8a/libchromium_android_linker.so" unused DT entry: unknown processor-specific (type 0x70000001 arg 0x0) (ignoring)
09-01 23:33:50.134 23433 23450 E cr_ChromiumAndroidLinker: ReserveAddressWithHint: Address range starting at 0x7a3872f000 was not free to use
09-01 23:33:50.138   901  1000 D VSC     : @ 49216.590: [WO] tilt angle 89
09-01 23:33:50.142 23433 23459 I cr_LibraryLoader: Successfully loaded native library
09-01 23:33:50.143 23433 23459 I cr_CachingUmaRecorder: Flushed 3 samples from 3 histograms.
09-01 23:33:50.179 23433 23459 I tflite  : Initialized TensorFlow Lite runtime.
09-01 23:33:50.194   901  1000 I ASH     : @ 49216.646: tcs3701: ADC is saturated, removed sample from FIFO.
09-01 23:33:50.220 20829 23381 I BatteryMgr:DataCollectionService: stats => 1693604030220,-420837,4398
09-01 23:33:50.326 20829 23381 I BatteryMgr:DataCollectionService: stats => 1693604030326,9765,4398
09-01 23:33:50.433 20829 23381 I BatteryMgr:DataCollectionService: stats => 1693604030433,10375,4398
09-01 23:33:50.539 20829 23381 I BatteryMgr:DataCollectionService: stats => 1693604030539,14953,4398
09-01 23:33:50.644 20829 23381 I BatteryMgr:DataCollectionService: stats => 1693604030644,5187,4398
09-01 23:33:50.750 20829 23381 I BatteryMgr:DataCollectionService: stats => 1693604030750,-7019,4398
09-01 23:33:50.857 20829 23381 I BatteryMgr:DataCollectionService: stats => 1693604030857,1831,4398
09-01 23:33:50.963 20829 23381 I BatteryMgr:DataCollectionService: stats => 1693604030963,9155,4398
09-01 23:33:51.067 20829 23381 I BatteryMgr:DataCollectionService: stats => 1693604031067,26855,4398
09-01 23:33:51.174 20829 23381 I BatteryMgr:DataCollectionService: stats => 1693604031174,12512,4398
09-01 23:33:51.281 20829 23381 I BatteryMgr:DataCollectionService: stats => 1693604031281,9765,4398
09-01 23:33:51.386 20829 23381 I BatteryMgr:DataCollectionService: stats => 1693604031386,9460,4398
09-01 23:33:51.493 20829 23381 I BatteryMgr:DataCollectionService: stats => 1693604031493,4882,4398
09-01 23:33:51.601 20829 23381 I BatteryMgr:DataCollectionService: stats => 1693604031601,13732,4398
09-01 23:33:51.708 20829 23381 I BatteryMgr:DataCollectionService: stats => 1693604031708,8544,4398
09-01 23:33:51.814 20829 23381 I BatteryMgr:DataCollectionService: stats => 1693604031814,9460,4398
09-01 23:33:51.895 20888 20888 E cr_BTSPrefs: No data found for task id: 56
09-01 23:33:51.895 20888 20888 E cr_BkgrdTaskScheduler: Task cannot be canceled because no data was found instorage or data was invalid
09-01 23:33:51.921 20829 23381 I BatteryMgr:DataCollectionService: stats => 1693604031921,11901,4398
09-01 23:33:52.009  1513  1622 I UsageStatsService: User[0] Flushing usage stats to disk
09-01 23:33:52.029 20829 23381 I BatteryMgr:DataCollectionService: stats => 1693604032029,12817,4398
09-01 23:33:52.133 20829 23381 I BatteryMgr:DataCollectionService: stats => 1693604032133,-32043,4398
09-01 23:33:52.173   901  1000 D VSC     : @ 49218.624: [WO] tilt angle 89
09-01 23:33:52.239 20829 23381 I BatteryMgr:DataCollectionService: stats => 1693604032239,7324,4398
09-01 23:33:52.351 20829 23381 I BatteryMgr:DataCollectionService: stats => 1693604032351,14648,4398
09-01 23:33:52.456 20829 23381 I BatteryMgr:DataCollectionService: stats => 1693604032456,9460,4398
09-01 23:33:52.562 20829 23381 I BatteryMgr:DataCollectionService: stats => 1693604032562,9155,4398
09-01 23:33:52.656  1513  2000 D ConnectivityService: NetReassign [no changes]
09-01 23:33:52.668 20829 23381 I BatteryMgr:DataCollectionService: stats => 1693604032668,8239,4398
09-01 23:33:52.775 20829 23381 I BatteryMgr:DataCollectionService: stats => 1693604032774,23803,4398
09-01 23:33:52.881 20829 23381 I BatteryMgr:DataCollectionService: stats => 1693604032881,9460,4398
09-01 23:33:52.987 20829 23381 I BatteryMgr:DataCollectionService: stats => 1693604032987,10681,4398
09-01 23:33:53.096 20829 23381 I BatteryMgr:DataCollectionService: stats => 1693604033096,11901,4398
09-01 23:33:53.203 20829 23381 I BatteryMgr:DataCollectionService: stats => 1693604033203,8544,4398
09-01 23:33:53.308 20829 23381 I BatteryMgr:DataCollectionService: stats => 1693604033308,9765,4398
09-01 23:33:53.415 20829 23381 I BatteryMgr:DataCollectionService: stats => 1693604033414,11596,4398
09-01 23:33:53.521 20829 23381 I BatteryMgr:DataCollectionService: stats => 1693604033521,10375,4398
09-01 23:33:53.627 20829 23381 I BatteryMgr:DataCollectionService: stats => 1693604033627,7934,4398
09-01 23:33:53.732 20829 23381 I BatteryMgr:DataCollectionService: stats => 1693604033732,9460,4398
09-01 23:33:53.843 20829 23381 I BatteryMgr:DataCollectionService: stats => 1693604033843,13732,4398
09-01 23:33:53.951 20829 23381 I BatteryMgr:DataCollectionService: stats => 1693604033951,9765,4398
09-01 23:33:54.055 20829 23381 I BatteryMgr:DataCollectionService: stats => 1693604034055,7934,4398
09-01 23:33:54.159 20829 23381 I BatteryMgr:DataCollectionService: stats => 1693604034159,10986,4398
09-01 23:33:54.170   901  1000 D VSC     : @ 49220.622: [WO] tilt angle 89
09-01 23:33:54.263 20829 23381 I BatteryMgr:DataCollectionService: stats => 1693604034263,8544,4398
09-01 23:33:54.368 20829 23381 I BatteryMgr:DataCollectionService: stats => 1693604034368,12207,4398
09-01 23:33:54.472 20829 23381 I BatteryMgr:DataCollectionService: stats => 1693604034472,11291,4398
09-01 23:33:54.578 20829 23381 I BatteryMgr:DataCollectionService: stats => 1693604034578,-38757,4398
