09-02 13:44:02.669 12855 12855 W ResourceType: For resource 0x7f15035c, entry index(860) is beyond type entryCount(281)
09-02 13:44:02.669 12855 12855 W ResourceType: For resource 0x7f1502ad, entry index(685) is beyond type entryCount(281)
09-02 13:44:02.669 12855 12855 W ResourceType: For resource 0x7f150565, entry index(1381) is beyond type entryCount(281)
09-02 13:44:02.669 12855 12855 W ResourceType: For resource 0x7f150567, entry index(1383) is beyond type entryCount(281)
09-02 13:44:02.669 12855 12855 W ResourceType: For resource 0x7f150264, entry index(612) is beyond type entryCount(281)
09-02 13:44:02.669 12855 12855 I chatty  : uid=10158(u0_a158) identical 1 line
09-02 13:44:02.669 12855 12855 W ResourceType: For resource 0x7f150264, entry index(612) is beyond type entryCount(281)
09-02 13:44:02.671 12855 12855 W ResourceType: For resource 0x7f150314, entry index(788) is beyond type entryCount(281)
09-02 13:44:02.671 12855 12855 W ResourceType: For resource 0x7f150314, entry index(788) is beyond type entryCount(281)
09-02 13:44:02.671 12855 12855 W ResourceType: For resource 0x7f15030d, entry index(781) is beyond type entryCount(281)
09-02 13:44:02.672 13037 13180 I VideoCapabilities: Unsupported profile 4 for video/mp4v-es
09-02 13:44:02.673 12855 12855 W ResourceType: For resource 0x7f150264, entry index(612) is beyond type entryCount(281)
09-02 13:44:02.673 12855 12855 I chatty  : uid=10158(u0_a158) identical 1 line
09-02 13:44:02.673 12855 12855 W ResourceType: For resource 0x7f150264, entry index(612) is beyond type entryCount(281)
09-02 13:44:02.673 12855 12855 W ResourceType: For resource 0x7f150314, entry index(788) is beyond type entryCount(281)
09-02 13:44:02.680 12855 12855 W ResourceType: For resource 0x7f150264, entry index(612) is beyond type entryCount(281)
09-02 13:44:02.680 12855 12855 I chatty  : uid=10158(u0_a158) identical 1 line
09-02 13:44:02.680 12855 12855 W ResourceType: For resource 0x7f150264, entry index(612) is beyond type entryCount(281)
09-02 13:44:02.680 12855 12855 W ResourceType: For resource 0x7f150314, entry index(788) is beyond type entryCount(281)
09-02 13:44:02.681 12855 12855 W ResourceType: For resource 0x7f150264, entry index(612) is beyond type entryCount(281)
09-02 13:44:02.681 12855 12855 I chatty  : uid=10158(u0_a158) identical 1 line
09-02 13:44:02.681 12855 12855 W ResourceType: For resource 0x7f150264, entry index(612) is beyond type entryCount(281)
09-02 13:44:02.681 12855 12855 W ResourceType: For resource 0x7f150314, entry index(788) is beyond type entryCount(281)
09-02 13:44:02.682 12855 12855 I zygote  : Deoptimizing jc0 jc0.a(op9, int[]) due to JIT inline cache
09-02 13:44:02.683 12855 12855 I zygote  : Deoptimizing int jc0.e(op9, int, int[]) due to JIT same target
09-02 13:44:02.683 12855 12855 W ResourceType: For resource 0x7f1506f1, entry index(1777) is beyond type entryCount(281)
09-02 13:44:02.683 12855 12855 I chatty  : uid=10158(u0_a158) identical 2 lines
09-02 13:44:02.683 12855 12855 W ResourceType: For resource 0x7f1506f1, entry index(1777) is beyond type entryCount(281)
09-02 13:44:02.683 12855 12855 W ResourceType: For resource 0x7f150264, entry index(612) is beyond type entryCount(281)
09-02 13:44:02.683 12855 12855 W ResourceType: For resource 0x7f1506f1, entry index(1777) is beyond type entryCount(281)
09-02 13:44:02.684 12855 12855 I chatty  : uid=10158(u0_a158) identical 11 lines
09-02 13:44:02.684 12855 12855 W ResourceType: For resource 0x7f1506f1, entry index(1777) is beyond type entryCount(281)
09-02 13:44:02.700 12855 12855 W ResourceType: For resource 0x7f1504f8, entry index(1272) is beyond type entryCount(281)
09-02 13:44:02.700 12855 12855 W ResourceType: For resource 0x7f150264, entry index(612) is beyond type entryCount(281)
09-02 13:44:02.701 12855 12855 W ResourceType: For resource 0x7f150264, entry index(612) is beyond type entryCount(281)
09-02 13:44:02.702 12855 12855 W ResourceType: For resource 0x7f15050e, entry index(1294) is beyond type entryCount(281)
09-02 13:44:02.702 12855 12855 W ResourceType: For resource 0x7f15061f, entry index(1567) is beyond type entryCount(281)
09-02 13:44:02.702 12855 12855 W ResourceType: For resource 0x7f15061f, entry index(1567) is beyond type entryCount(281)
09-02 13:44:02.702 12855 12855 W ResourceType: For resource 0x7f15058c, entry index(1420) is beyond type entryCount(281)
09-02 13:44:02.702 12855 12855 W ResourceType: For resource 0x7f150590, entry index(1424) is beyond type entryCount(281)
09-02 13:44:02.702 12855 12855 W ResourceType: For resource 0x7f15058e, entry index(1422) is beyond type entryCount(281)
09-02 13:44:02.702 12855 12855 W ResourceType: For resource 0x7f1504c3, entry index(1219) is beyond type entryCount(281)
09-02 13:44:02.702 12855 12855 W ResourceType: For resource 0x7f15059e, entry index(1438) is beyond type entryCount(281)
09-02 13:44:02.702 12855 12855 W ResourceType: For resource 0x7f150282, entry index(642) is beyond type entryCount(281)
09-02 13:44:02.702 12855 12855 W ResourceType: For resource 0x7f1504c3, entry index(1219) is beyond type entryCount(281)
09-02 13:44:02.702 12855 12855 W ResourceType: For resource 0x7f150719, entry index(1817) is beyond type entryCount(281)
09-02 13:44:02.702 12855 12855 W ResourceType: For resource 0x7f150578, entry index(1400) is beyond type entryCount(281)
09-02 13:44:02.702 12855 12855 W ResourceType: For resource 0x7f150284, entry index(644) is beyond type entryCount(281)
09-02 13:44:02.702 12855 12855 W ResourceType: For resource 0x7f150579, entry index(1401) is beyond type entryCount(281)
09-02 13:44:02.702 12855 12855 W ResourceType: For resource 0x7f1505e7, entry index(1511) is beyond type entryCount(281)
09-02 13:44:02.702 12855 12855 W ResourceType: For resource 0x7f15071e, entry index(1822) is beyond type entryCount(281)
09-02 13:44:02.702 12855 12855 I chatty  : uid=10158(u0_a158) identical 2 lines
09-02 13:44:02.702 12855 12855 W ResourceType: For resource 0x7f15071e, entry index(1822) is beyond type entryCount(281)
09-02 13:44:02.702 12855 12855 W ResourceType: For resource 0x7f150580, entry index(1408) is beyond type entryCount(281)
09-02 13:44:02.702 12855 12855 W ResourceType: For resource 0x7f15071e, entry index(1822) is beyond type entryCount(281)
09-02 13:44:02.703 12855 12855 W ResourceType: For resource 0x7f15017b, entry index(379) is beyond type entryCount(281)
09-02 13:44:02.703 12855 12855 W ResourceType: For resource 0x7f150283, entry index(643) is beyond type entryCount(281)
09-02 13:44:02.703 12855 12855 W ResourceType: For resource 0x7f1505a2, entry index(1442) is beyond type entryCount(281)
09-02 13:44:02.703 12855 12855 W ResourceType: For resource 0x7f1506f4, entry index(1780) is beyond type entryCount(281)
09-02 13:44:02.703 12855 12855 W ResourceType: For resource 0x7f150588, entry index(1416) is beyond type entryCount(281)
09-02 13:44:02.703 12855 12855 W ResourceType: For resource 0x7f15059f, entry index(1439) is beyond type entryCount(281)
09-02 13:44:02.703 12855 12855 W ResourceType: For resource 0x7f150649, entry index(1609) is beyond type entryCount(281)
09-02 13:44:02.703 12855 12855 W ResourceType: For resource 0x7f150442, entry index(1090) is beyond type entryCount(281)
09-02 13:44:02.703 12855 12855 W ResourceType: For resource 0x7f150718, entry index(1816) is beyond type entryCount(281)
09-02 13:44:02.703 12855 12855 W ResourceType: For resource 0x7f15017c, entry index(380) is beyond type entryCount(281)
09-02 13:44:02.703 12855 12855 W ResourceType: For resource 0x7f15059d, entry index(1437) is beyond type entryCount(281)
09-02 13:44:02.703 12855 12855 W ResourceType: For resource 0x7f15020a, entry index(522) is beyond type entryCount(281)
09-02 13:44:02.703 12855 12855 W ResourceType: For resource 0x7f150586, entry index(1414) is beyond type entryCount(281)
09-02 13:44:02.703 12855 12855 W ResourceType: For resource 0x7f15071c, entry index(1820) is beyond type entryCount(281)
09-02 13:44:02.703 12855 12855 W ResourceType: For resource 0x7f1502af, entry index(687) is beyond type entryCount(281)
09-02 13:44:02.703 12855 12855 W ResourceType: For resource 0x7f150274, entry index(628) is beyond type entryCount(281)
09-02 13:44:02.703 12855 12855 W ResourceType: For resource 0x7f150244, entry index(580) is beyond type entryCount(281)
09-02 13:44:02.703 12855 12855 W ResourceType: For resource 0x7f150274, entry index(628) is beyond type entryCount(281)
09-02 13:44:02.703 12855 12855 W ResourceType: For resource 0x7f150372, entry index(882) is beyond type entryCount(281)
09-02 13:44:02.703 12855 12855 W ResourceType: For resource 0x7f15035b, entry index(859) is beyond type entryCount(281)
09-02 13:44:02.703 12855 12855 W ResourceType: For resource 0x7f15035c, entry index(860) is beyond type entryCount(281)
09-02 13:44:02.703 12855 12855 W ResourceType: For resource 0x7f1502ad, entry index(685) is beyond type entryCount(281)
09-02 13:44:02.703 12855 12855 W ResourceType: For resource 0x7f150565, entry index(1381) is beyond type entryCount(281)
09-02 13:44:02.703 12855 12855 W ResourceType: For resource 0x7f150567, entry index(1383) is beyond type entryCount(281)
09-02 13:44:02.703 12855 12855 W ResourceType: For resource 0x7f150264, entry index(612) is beyond type entryCount(281)
09-02 13:44:02.704 12855 12855 I chatty  : uid=10158(u0_a158) identical 1 line
09-02 13:44:02.704 12855 12855 W ResourceType: For resource 0x7f150264, entry index(612) is beyond type entryCount(281)
09-02 13:44:02.706 13037 13180 W VideoCapabilities: Unrecognized profile/level 1/32 for video/mp4v-es
09-02 13:44:02.706 13037 13180 W VideoCapabilities: Unrecognized profile/level 32768/2 for video/mp4v-es
09-02 13:44:02.706 13037 13180 W VideoCapabilities: Unrecognized profile/level 32768/64 for video/mp4v-es
09-02 13:44:02.707 12855 12855 W ResourceType: For resource 0x7f150314, entry index(788) is beyond type entryCount(281)
09-02 13:44:02.708 12855 12855 W ResourceType: For resource 0x7f150264, entry index(612) is beyond type entryCount(281)
09-02 13:44:02.709 12855 12855 I chatty  : uid=10158(u0_a158) identical 1 line
09-02 13:44:02.709 12855 12855 W ResourceType: For resource 0x7f150264, entry index(612) is beyond type entryCount(281)
09-02 13:44:02.709 12855 12855 W ResourceType: For resource 0x7f150314, entry index(788) is beyond type entryCount(281)
09-02 13:44:02.712 13037 13180 W VideoCapabilities: Unsupported mime video/wvc1
09-02 13:44:02.714 13037 13180 W VideoCapabilities: Unsupported mime video/x-ms-wmv
09-02 13:44:02.715  3614  3927 D DnsProxyListener: DNSDBG::dns addrinfo af 2
09-02 13:44:02.717 13037 13180 W VideoCapabilities: Unsupported mime video/x-ms-wmv7
09-02 13:44:02.718 12855 12855 W ResourceType: For resource 0x7f150264, entry index(612) is beyond type entryCount(281)
09-02 13:44:02.718 12855 12855 I chatty  : uid=10158(u0_a158) identical 1 line
09-02 13:44:02.718 12855 12855 W ResourceType: For resource 0x7f150264, entry index(612) is beyond type entryCount(281)
09-02 13:44:02.718 12855 12855 W ResourceType: For resource 0x7f150314, entry index(788) is beyond type entryCount(281)
09-02 13:44:02.719 12855 12855 W ResourceType: For resource 0x7f150264, entry index(612) is beyond type entryCount(281)
09-02 13:44:02.719 12855 12855 I chatty  : uid=10158(u0_a158) identical 1 line
09-02 13:44:02.719 12855 12855 W ResourceType: For resource 0x7f150264, entry index(612) is beyond type entryCount(281)
09-02 13:44:02.720 12855 12855 W ResourceType: For resource 0x7f150314, entry index(788) is beyond type entryCount(281)
09-02 13:44:02.720 13037 13180 W VideoCapabilities: Unsupported mime video/x-ms-wmv8
09-02 13:44:02.721 12855 12855 W ResourceType: For resource 0x7f1506f1, entry index(1777) is beyond type entryCount(281)
09-02 13:44:02.723 12855 12855 I chatty  : uid=10158(u0_a158) identical 2 lines
09-02 13:44:02.723 12855 12855 W ResourceType: For resource 0x7f1506f1, entry index(1777) is beyond type entryCount(281)
09-02 13:44:02.723 12855 12855 W ResourceType: For resource 0x7f150264, entry index(612) is beyond type entryCount(281)
09-02 13:44:02.724 12855 12855 W ResourceType: For resource 0x7f1506f1, entry index(1777) is beyond type entryCount(281)
09-02 13:44:02.724 13037 13180 W VideoCapabilities: Unsupported mime video/mp43
09-02 13:44:02.724 12855 12855 W ResourceType: For resource 0x7f1506f1, entry index(1777) is beyond type entryCount(281)
09-02 13:44:02.727 12855 12855 I chatty  : uid=10158(u0_a158) identical 10 lines
09-02 13:44:02.727 12855 12855 W ResourceType: For resource 0x7f1506f1, entry index(1777) is beyond type entryCount(281)
09-02 13:44:02.745 12855 12855 W ResourceType: For resource 0x7f1504f8, entry index(1272) is beyond type entryCount(281)
09-02 13:44:02.747 12855 12855 W ResourceType: For resource 0x7f150264, entry index(612) is beyond type entryCount(281)
09-02 13:44:02.747 12855 12855 W ResourceType: For resource 0x7f150264, entry index(612) is beyond type entryCount(281)
09-02 13:44:02.748 12855 12855 W ResourceType: For resource 0x7f15050e, entry index(1294) is beyond type entryCount(281)
09-02 13:44:02.748 12855 12855 W ResourceType: For resource 0x7f15061f, entry index(1567) is beyond type entryCount(281)
09-02 13:44:02.748 12855 12855 W ResourceType: For resource 0x7f15061f, entry index(1567) is beyond type entryCount(281)
09-02 13:44:02.748 12855 12855 W ResourceType: For resource 0x7f15058c, entry index(1420) is beyond type entryCount(281)
09-02 13:44:02.748 12855 12855 W ResourceType: For resource 0x7f150590, entry index(1424) is beyond type entryCount(281)
09-02 13:44:02.748 12855 12855 W ResourceType: For resource 0x7f15058e, entry index(1422) is beyond type entryCount(281)
09-02 13:44:02.748 12855 12855 W ResourceType: For resource 0x7f1504c3, entry index(1219) is beyond type entryCount(281)
09-02 13:44:02.748 12855 12855 W ResourceType: For resource 0x7f15059e, entry index(1438) is beyond type entryCount(281)
09-02 13:44:02.748 12855 12855 W ResourceType: For resource 0x7f150282, entry index(642) is beyond type entryCount(281)
09-02 13:44:02.748 12855 12855 W ResourceType: For resource 0x7f1504c3, entry index(1219) is beyond type entryCount(281)
09-02 13:44:02.748 12855 12855 W ResourceType: For resource 0x7f150719, entry index(1817) is beyond type entryCount(281)
09-02 13:44:02.748 12855 12855 W ResourceType: For resource 0x7f150578, entry index(1400) is beyond type entryCount(281)
09-02 13:44:02.748 12855 12855 W ResourceType: For resource 0x7f150284, entry index(644) is beyond type entryCount(281)
09-02 13:44:02.748 12855 12855 W ResourceType: For resource 0x7f150579, entry index(1401) is beyond type entryCount(281)
09-02 13:44:02.748 12855 12855 W ResourceType: For resource 0x7f1505e7, entry index(1511) is beyond type entryCount(281)
09-02 13:44:02.748 12855 12855 W ResourceType: For resource 0x7f15071e, entry index(1822) is beyond type entryCount(281)
09-02 13:44:02.748 12855 12855 I chatty  : uid=10158(u0_a158) identical 2 lines
09-02 13:44:02.748 12855 12855 W ResourceType: For resource 0x7f15071e, entry index(1822) is beyond type entryCount(281)
09-02 13:44:02.748 12855 12855 W ResourceType: For resource 0x7f150580, entry index(1408) is beyond type entryCount(281)
09-02 13:44:02.748 12855 12855 W ResourceType: For resource 0x7f15071e, entry index(1822) is beyond type entryCount(281)
09-02 13:44:02.748 12855 12855 W ResourceType: For resource 0x7f15017b, entry index(379) is beyond type entryCount(281)
09-02 13:44:02.748 12855 12855 W ResourceType: For resource 0x7f150283, entry index(643) is beyond type entryCount(281)
09-02 13:44:02.748 12855 12855 W ResourceType: For resource 0x7f1505a2, entry index(1442) is beyond type entryCount(281)
09-02 13:44:02.749 12855 12855 W ResourceType: For resource 0x7f1506f4, entry index(1780) is beyond type entryCount(281)
09-02 13:44:02.749 12855 12855 W ResourceType: For resource 0x7f150588, entry index(1416) is beyond type entryCount(281)
09-02 13:44:02.749 12855 12855 W ResourceType: For resource 0x7f15059f, entry index(1439) is beyond type entryCount(281)
09-02 13:44:02.749 12855 12855 W ResourceType: For resource 0x7f150649, entry index(1609) is beyond type entryCount(281)
09-02 13:44:02.749 12855 12855 W ResourceType: For resource 0x7f150442, entry index(1090) is beyond type entryCount(281)
09-02 13:44:02.749 12855 12855 W ResourceType: For resource 0x7f150718, entry index(1816) is beyond type entryCount(281)
09-02 13:44:02.749 12855 12855 W ResourceType: For resource 0x7f15017c, entry index(380) is beyond type entryCount(281)
09-02 13:44:02.749 12855 12855 W ResourceType: For resource 0x7f15059d, entry index(1437) is beyond type entryCount(281)
09-02 13:44:02.749 12855 12855 W ResourceType: For resource 0x7f15020a, entry index(522) is beyond type entryCount(281)
09-02 13:44:02.749 12855 12855 W ResourceType: For resource 0x7f150586, entry index(1414) is beyond type entryCount(281)
09-02 13:44:02.749 12855 12855 W ResourceType: For resource 0x7f15071c, entry index(1820) is beyond type entryCount(281)
09-02 13:44:02.749 12855 12855 W ResourceType: For resource 0x7f1502af, entry index(687) is beyond type entryCount(281)
09-02 13:44:02.749 12855 12855 W ResourceType: For resource 0x7f150274, entry index(628) is beyond type entryCount(281)
09-02 13:44:02.749 12855 12855 W ResourceType: For resource 0x7f150244, entry index(580) is beyond type entryCount(281)
09-02 13:44:02.749 12855 12855 W ResourceType: For resource 0x7f150274, entry index(628) is beyond type entryCount(281)
09-02 13:44:02.749 12855 12855 W ResourceType: For resource 0x7f150372, entry index(882) is beyond type entryCount(281)
09-02 13:44:02.749 12855 12855 W ResourceType: For resource 0x7f15035b, entry index(859) is beyond type entryCount(281)
09-02 13:44:02.749 12855 12855 W ResourceType: For resource 0x7f15035c, entry index(860) is beyond type entryCount(281)
09-02 13:44:02.749 12855 12855 W ResourceType: For resource 0x7f1502ad, entry index(685) is beyond type entryCount(281)
09-02 13:44:02.749 12855 12855 W ResourceType: For resource 0x7f150565, entry index(1381) is beyond type entryCount(281)
09-02 13:44:02.749 12855 12855 W ResourceType: For resource 0x7f150567, entry index(1383) is beyond type entryCount(281)
09-02 13:44:02.749 12855 12855 W ResourceType: For resource 0x7f150264, entry index(612) is beyond type entryCount(281)
09-02 13:44:02.750 12855 12855 I chatty  : uid=10158(u0_a158) identical 1 line
09-02 13:44:02.750 12855 12855 W ResourceType: For resource 0x7f150264, entry index(612) is beyond type entryCount(281)
09-02 13:44:02.750 12855 12855 W ResourceType: For resource 0x7f150314, entry index(788) is beyond type entryCount(281)
09-02 13:44:02.752 12855 12855 W ResourceType: For resource 0x7f150264, entry index(612) is beyond type entryCount(281)
09-02 13:44:02.752 12855 12855 I chatty  : uid=10158(u0_a158) identical 1 line
09-02 13:44:02.752 12855 12855 W ResourceType: For resource 0x7f150264, entry index(612) is beyond type entryCount(281)
09-02 13:44:02.752 12855 12855 W ResourceType: For resource 0x7f150314, entry index(788) is beyond type entryCount(281)
09-02 13:44:02.757 13037 13180 W VideoCapabilities: Unrecognized profile 2130706433 for video/avc
09-02 13:44:02.757 13037 13180 W VideoCapabilities: Unrecognized profile 2130706434 for video/avc
09-02 13:44:02.760 13037 13180 W VideoCapabilities: Unrecognized profile 2130706433 for video/avc
09-02 13:44:02.760 13037 13180 W VideoCapabilities: Unrecognized profile 2130706434 for video/avc
09-02 13:44:02.764 12855 12855 W ResourceType: For resource 0x7f150264, entry index(612) is beyond type entryCount(281)
09-02 13:44:02.764 12855 12855 I chatty  : uid=10158(u0_a158) identical 1 line
09-02 13:44:02.764 12855 12855 W ResourceType: For resource 0x7f150264, entry index(612) is beyond type entryCount(281)
09-02 13:44:02.765 12855 12855 W ResourceType: For resource 0x7f150314, entry index(788) is beyond type entryCount(281)
09-02 13:44:02.765 12855 12855 W ResourceType: For resource 0x7f150264, entry index(612) is beyond type entryCount(281)
09-02 13:44:02.765 12855 12855 I chatty  : uid=10158(u0_a158) identical 1 line
09-02 13:44:02.766 12855 12855 W ResourceType: For resource 0x7f150264, entry index(612) is beyond type entryCount(281)
09-02 13:44:02.766 12855 12855 W ResourceType: For resource 0x7f150314, entry index(788) is beyond type entryCount(281)
09-02 13:44:02.767 12855 12855 W ResourceType: For resource 0x7f1506f1, entry index(1777) is beyond type entryCount(281)
09-02 13:44:02.767 12855 12855 I chatty  : uid=10158(u0_a158) identical 2 lines
09-02 13:44:02.768  3979  4111 D MdnieScenarioControlService:  packageName : com.opera.browser    className : com.opera.Opera
09-02 13:44:02.768 12855 12855 W ResourceType: For resource 0x7f1506f1, entry index(1777) is beyond type entryCount(281)
09-02 13:44:02.768  3979  4111 V MdnieScenarioControlService: setUIMode from UI function(3)
09-02 13:44:02.768 12855 12855 W ResourceType: For resource 0x7f150264, entry index(612) is beyond type entryCount(281)
09-02 13:44:02.768 12855 12855 W ResourceType: For resource 0x7f1506f1, entry index(1777) is beyond type entryCount(281)
09-02 13:44:02.771 12855 12855 I chatty  : uid=10158(u0_a158) identical 11 lines
09-02 13:44:02.772 12855 12855 W ResourceType: For resource 0x7f1506f1, entry index(1777) is beyond type entryCount(281)
09-02 13:44:02.778 12855 12855 W ResourceType: For resource 0x7f1504f8, entry index(1272) is beyond type entryCount(281)
09-02 13:44:02.779 12855 12855 W ResourceType: For resource 0x7f150264, entry index(612) is beyond type entryCount(281)
09-02 13:44:02.780 12855 12855 W ResourceType: For resource 0x7f150264, entry index(612) is beyond type entryCount(281)
09-02 13:44:02.780 12855 12855 W ResourceType: For resource 0x7f15050e, entry index(1294) is beyond type entryCount(281)
09-02 13:44:02.780 12855 12855 W ResourceType: For resource 0x7f15061f, entry index(1567) is beyond type entryCount(281)
09-02 13:44:02.780 12855 12855 W ResourceType: For resource 0x7f15061f, entry index(1567) is beyond type entryCount(281)
09-02 13:44:02.781 12855 12855 W ResourceType: For resource 0x7f15058c, entry index(1420) is beyond type entryCount(281)
09-02 13:44:02.781 12855 12855 W ResourceType: For resource 0x7f150590, entry index(1424) is beyond type entryCount(281)
09-02 13:44:02.781 12855 12855 W ResourceType: For resource 0x7f15058e, entry index(1422) is beyond type entryCount(281)
09-02 13:44:02.781 12855 12855 W ResourceType: For resource 0x7f1504c3, entry index(1219) is beyond type entryCount(281)
09-02 13:44:02.781 12855 12855 W ResourceType: For resource 0x7f15059e, entry index(1438) is beyond type entryCount(281)
09-02 13:44:02.781 12855 12855 W ResourceType: For resource 0x7f150282, entry index(642) is beyond type entryCount(281)
09-02 13:44:02.781 12855 12855 W ResourceType: For resource 0x7f1504c3, entry index(1219) is beyond type entryCount(281)
09-02 13:44:02.781 12855 12855 W ResourceType: For resource 0x7f150719, entry index(1817) is beyond type entryCount(281)
09-02 13:44:02.781 12855 12855 W ResourceType: For resource 0x7f150578, entry index(1400) is beyond type entryCount(281)
09-02 13:44:02.781 12855 12855 W ResourceType: For resource 0x7f150284, entry index(644) is beyond type entryCount(281)
09-02 13:44:02.781 12855 12855 W ResourceType: For resource 0x7f150579, entry index(1401) is beyond type entryCount(281)
09-02 13:44:02.781 12855 12855 W ResourceType: For resource 0x7f1505e7, entry index(1511) is beyond type entryCount(281)
09-02 13:44:02.781 12855 12855 W ResourceType: For resource 0x7f15071e, entry index(1822) is beyond type entryCount(281)
09-02 13:44:02.781 12855 12855 I chatty  : uid=10158(u0_a158) identical 2 lines
09-02 13:44:02.781 12855 12855 W ResourceType: For resource 0x7f15071e, entry index(1822) is beyond type entryCount(281)
09-02 13:44:02.781 12855 12855 W ResourceType: For resource 0x7f150580, entry index(1408) is beyond type entryCount(281)
09-02 13:44:02.781 12855 12855 W ResourceType: For resource 0x7f15071e, entry index(1822) is beyond type entryCount(281)
09-02 13:44:02.781 12855 12855 W ResourceType: For resource 0x7f15017b, entry index(379) is beyond type entryCount(281)
09-02 13:44:02.781 12855 12855 W ResourceType: For resource 0x7f150283, entry index(643) is beyond type entryCount(281)
09-02 13:44:02.781 12855 12855 W ResourceType: For resource 0x7f1505a2, entry index(1442) is beyond type entryCount(281)
09-02 13:44:02.781 12855 12855 W ResourceType: For resource 0x7f1506f4, entry index(1780) is beyond type entryCount(281)
09-02 13:44:02.781 12855 12855 W ResourceType: For resource 0x7f150588, entry index(1416) is beyond type entryCount(281)
09-02 13:44:02.781 12855 12855 W ResourceType: For resource 0x7f15059f, entry index(1439) is beyond type entryCount(281)
09-02 13:44:02.781 12855 12855 W ResourceType: For resource 0x7f150649, entry index(1609) is beyond type entryCount(281)
09-02 13:44:02.781 12855 12855 W ResourceType: For resource 0x7f150442, entry index(1090) is beyond type entryCount(281)
09-02 13:44:02.781 12855 12855 W ResourceType: For resource 0x7f150718, entry index(1816) is beyond type entryCount(281)
09-02 13:44:02.781 12855 12855 W ResourceType: For resource 0x7f15017c, entry index(380) is beyond type entryCount(281)
09-02 13:44:02.781 12855 12855 W ResourceType: For resource 0x7f15059d, entry index(1437) is beyond type entryCount(281)
09-02 13:44:02.781 12855 12855 W ResourceType: For resource 0x7f15020a, entry index(522) is beyond type entryCount(281)
09-02 13:44:02.781 12855 12855 W ResourceType: For resource 0x7f150586, entry index(1414) is beyond type entryCount(281)
09-02 13:44:02.781 12855 12855 W ResourceType: For resource 0x7f15071c, entry index(1820) is beyond type entryCount(281)
09-02 13:44:02.781 12855 12855 W ResourceType: For resource 0x7f1502af, entry index(687) is beyond type entryCount(281)
09-02 13:44:02.781 12855 12855 W ResourceType: For resource 0x7f150274, entry index(628) is beyond type entryCount(281)
09-02 13:44:02.782 12855 12855 W ResourceType: For resource 0x7f150244, entry index(580) is beyond type entryCount(281)
09-02 13:44:02.782 12855 12855 W ResourceType: For resource 0x7f150274, entry index(628) is beyond type entryCount(281)
09-02 13:44:02.782 12855 12855 W ResourceType: For resource 0x7f150372, entry index(882) is beyond type entryCount(281)
09-02 13:44:02.782 12855 12855 W ResourceType: For resource 0x7f15035b, entry index(859) is beyond type entryCount(281)
09-02 13:44:02.782 12855 12855 W ResourceType: For resource 0x7f15035c, entry index(860) is beyond type entryCount(281)
09-02 13:44:02.782 12855 12855 W ResourceType: For resource 0x7f1502ad, entry index(685) is beyond type entryCount(281)
09-02 13:44:02.782 12855 12855 W ResourceType: For resource 0x7f150565, entry index(1381) is beyond type entryCount(281)
09-02 13:44:02.782 12855 12855 W ResourceType: For resource 0x7f150567, entry index(1383) is beyond type entryCount(281)
09-02 13:44:02.782 12855 12855 W ResourceType: For resource 0x7f150264, entry index(612) is beyond type entryCount(281)
09-02 13:44:02.782 12855 12855 I chatty  : uid=10158(u0_a158) identical 1 line
09-02 13:44:02.782 12855 12855 W ResourceType: For resource 0x7f150264, entry index(612) is beyond type entryCount(281)
09-02 13:44:02.783 12855 12855 W ResourceType: For resource 0x7f150314, entry index(788) is beyond type entryCount(281)
09-02 13:44:02.783 12855 12855 W ResourceType: For resource 0x7f150264, entry index(612) is beyond type entryCount(281)
09-02 13:44:02.783 12855 12855 I chatty  : uid=10158(u0_a158) identical 1 line
09-02 13:44:02.783 12855 12855 W ResourceType: For resource 0x7f150264, entry index(612) is beyond type entryCount(281)
09-02 13:44:02.784 12855 12855 W ResourceType: For resource 0x7f150314, entry index(788) is beyond type entryCount(281)
09-02 13:44:02.788 12855 12855 W ResourceType: For resource 0x7f150264, entry index(612) is beyond type entryCount(281)
09-02 13:44:02.788 12855 12855 I chatty  : uid=10158(u0_a158) identical 1 line
09-02 13:44:02.788 12855 12855 W ResourceType: For resource 0x7f150264, entry index(612) is beyond type entryCount(281)
09-02 13:44:02.788 12855 12855 W ResourceType: For resource 0x7f150314, entry index(788) is beyond type entryCount(281)
09-02 13:44:02.788 12855 12855 W ResourceType: For resource 0x7f150264, entry index(612) is beyond type entryCount(281)
09-02 13:44:02.788 12855 12855 I chatty  : uid=10158(u0_a158) identical 1 line
09-02 13:44:02.788 12855 12855 W ResourceType: For resource 0x7f150264, entry index(612) is beyond type entryCount(281)
09-02 13:44:02.788 12855 12855 W ResourceType: For resource 0x7f150314, entry index(788) is beyond type entryCount(281)
09-02 13:44:02.789 12855 12855 W ResourceType: For resource 0x7f1506f1, entry index(1777) is beyond type entryCount(281)
09-02 13:44:02.789 12855 12855 I chatty  : uid=10158(u0_a158) identical 2 lines
09-02 13:44:02.789 12855 12855 W ResourceType: For resource 0x7f1506f1, entry index(1777) is beyond type entryCount(281)
09-02 13:44:02.789 12855 12855 W ResourceType: For resource 0x7f150264, entry index(612) is beyond type entryCount(281)
09-02 13:44:02.789 12855 12855 W ResourceType: For resource 0x7f1506f1, entry index(1777) is beyond type entryCount(281)
09-02 13:44:02.790 12855 12855 I chatty  : uid=10158(u0_a158) identical 11 lines
09-02 13:44:02.790 12855 12855 W ResourceType: For resource 0x7f1506f1, entry index(1777) is beyond type entryCount(281)
09-02 13:44:02.792 12855 12855 W ResourceType: For resource 0x7f1504f8, entry index(1272) is beyond type entryCount(281)
09-02 13:44:02.792 12855 12855 W ResourceType: For resource 0x7f150264, entry index(612) is beyond type entryCount(281)
09-02 13:44:02.792 12855 12855 W ResourceType: For resource 0x7f150264, entry index(612) is beyond type entryCount(281)
09-02 13:44:02.793 12855 12855 W ResourceType: For resource 0x7f15050e, entry index(1294) is beyond type entryCount(281)
09-02 13:44:02.793 12855 12855 W ResourceType: For resource 0x7f15061f, entry index(1567) is beyond type entryCount(281)
09-02 13:44:02.793 12855 12855 W ResourceType: For resource 0x7f15061f, entry index(1567) is beyond type entryCount(281)
09-02 13:44:02.793 12855 12855 W ResourceType: For resource 0x7f15058c, entry index(1420) is beyond type entryCount(281)
09-02 13:44:02.793 12855 12855 W ResourceType: For resource 0x7f150590, entry index(1424) is beyond type entryCount(281)
09-02 13:44:02.793 12855 12855 W ResourceType: For resource 0x7f15058e, entry index(1422) is beyond type entryCount(281)
09-02 13:44:02.793 12855 12855 W ResourceType: For resource 0x7f1504c3, entry index(1219) is beyond type entryCount(281)
09-02 13:44:02.793 12855 12855 W ResourceType: For resource 0x7f15059e, entry index(1438) is beyond type entryCount(281)
09-02 13:44:02.793 12855 12855 W ResourceType: For resource 0x7f150282, entry index(642) is beyond type entryCount(281)
09-02 13:44:02.793 12855 12855 W ResourceType: For resource 0x7f1504c3, entry index(1219) is beyond type entryCount(281)
09-02 13:44:02.793 12855 12855 W ResourceType: For resource 0x7f150719, entry index(1817) is beyond type entryCount(281)
09-02 13:44:02.793 12855 12855 W ResourceType: For resource 0x7f150578, entry index(1400) is beyond type entryCount(281)
09-02 13:44:02.793 12855 12855 W ResourceType: For resource 0x7f150284, entry index(644) is beyond type entryCount(281)
09-02 13:44:02.793 12855 12855 W ResourceType: For resource 0x7f150579, entry index(1401) is beyond type entryCount(281)
09-02 13:44:02.793 12855 12855 W ResourceType: For resource 0x7f1505e7, entry index(1511) is beyond type entryCount(281)
09-02 13:44:02.793 12855 12855 W ResourceType: For resource 0x7f15071e, entry index(1822) is beyond type entryCount(281)
09-02 13:44:02.793 12855 12855 I chatty  : uid=10158(u0_a158) identical 2 lines
09-02 13:44:02.793 12855 12855 W ResourceType: For resource 0x7f15071e, entry index(1822) is beyond type entryCount(281)
09-02 13:44:02.793 12855 12855 W ResourceType: For resource 0x7f150580, entry index(1408) is beyond type entryCount(281)
09-02 13:44:02.793 12855 12855 W ResourceType: For resource 0x7f15071e, entry index(1822) is beyond type entryCount(281)
09-02 13:44:02.793 12855 12855 W ResourceType: For resource 0x7f15017b, entry index(379) is beyond type entryCount(281)
09-02 13:44:02.793 12855 12855 W ResourceType: For resource 0x7f150283, entry index(643) is beyond type entryCount(281)
09-02 13:44:02.793 12855 12855 W ResourceType: For resource 0x7f1505a2, entry index(1442) is beyond type entryCount(281)
09-02 13:44:02.793 12855 12855 W ResourceType: For resource 0x7f1506f4, entry index(1780) is beyond type entryCount(281)
09-02 13:44:02.793 12855 12855 W ResourceType: For resource 0x7f150588, entry index(1416) is beyond type entryCount(281)
09-02 13:44:02.793 12855 12855 W ResourceType: For resource 0x7f15059f, entry index(1439) is beyond type entryCount(281)
09-02 13:44:02.793 12855 12855 W ResourceType: For resource 0x7f150649, entry index(1609) is beyond type entryCount(281)
09-02 13:44:02.793 12855 12855 W ResourceType: For resource 0x7f150442, entry index(1090) is beyond type entryCount(281)
09-02 13:44:02.793 12855 12855 W ResourceType: For resource 0x7f150718, entry index(1816) is beyond type entryCount(281)
09-02 13:44:02.793 12855 12855 W ResourceType: For resource 0x7f15017c, entry index(380) is beyond type entryCount(281)
09-02 13:44:02.793 12855 12855 W ResourceType: For resource 0x7f15059d, entry index(1437) is beyond type entryCount(281)
09-02 13:44:02.793 12855 12855 W ResourceType: For resource 0x7f15020a, entry index(522) is beyond type entryCount(281)
09-02 13:44:02.793 12855 12855 W ResourceType: For resource 0x7f150586, entry index(1414) is beyond type entryCount(281)
09-02 13:44:02.793 12855 12855 W ResourceType: For resource 0x7f15071c, entry index(1820) is beyond type entryCount(281)
09-02 13:44:02.793 12855 12855 W ResourceType: For resource 0x7f1502af, entry index(687) is beyond type entryCount(281)
09-02 13:44:02.793 12855 12855 W ResourceType: For resource 0x7f150274, entry index(628) is beyond type entryCount(281)
09-02 13:44:02.793 12855 12855 W ResourceType: For resource 0x7f150244, entry index(580) is beyond type entryCount(281)
09-02 13:44:02.793 12855 12855 W ResourceType: For resource 0x7f150274, entry index(628) is beyond type entryCount(281)
09-02 13:44:02.793 12855 12855 W ResourceType: For resource 0x7f150372, entry index(882) is beyond type entryCount(281)
09-02 13:44:02.793 12855 12855 W ResourceType: For resource 0x7f15035b, entry index(859) is beyond type entryCount(281)
09-02 13:44:02.793 12855 12855 W ResourceType: For resource 0x7f15035c, entry index(860) is beyond type entryCount(281)
09-02 13:44:02.793 12855 12855 W ResourceType: For resource 0x7f1502ad, entry index(685) is beyond type entryCount(281)
09-02 13:44:02.793 12855 12855 W ResourceType: For resource 0x7f150565, entry index(1381) is beyond type entryCount(281)
09-02 13:44:02.793 12855 12855 W ResourceType: For resource 0x7f150567, entry index(1383) is beyond type entryCount(281)
09-02 13:44:02.794 12855 12855 W ResourceType: For resource 0x7f150264, entry index(612) is beyond type entryCount(281)
09-02 13:44:02.794 12855 12855 I chatty  : uid=10158(u0_a158) identical 1 line
09-02 13:44:02.794 12855 12855 W ResourceType: For resource 0x7f150264, entry index(612) is beyond type entryCount(281)
09-02 13:44:02.794 12855 12855 W ResourceType: For resource 0x7f150314, entry index(788) is beyond type entryCount(281)
09-02 13:44:02.795 12855 12855 W ResourceType: For resource 0x7f150264, entry index(612) is beyond type entryCount(281)
09-02 13:44:02.795 12855 12855 I chatty  : uid=10158(u0_a158) identical 1 line
09-02 13:44:02.795 12855 12855 W ResourceType: For resource 0x7f150264, entry index(612) is beyond type entryCount(281)
09-02 13:44:02.795 12855 12855 W ResourceType: For resource 0x7f150314, entry index(788) is beyond type entryCount(281)
09-02 13:44:02.798 12855 12855 W ResourceType: For resource 0x7f150264, entry index(612) is beyond type entryCount(281)
09-02 13:44:02.799 12855 12855 I chatty  : uid=10158(u0_a158) identical 1 line
09-02 13:44:02.799 12855 12855 W ResourceType: For resource 0x7f150264, entry index(612) is beyond type entryCount(281)
09-02 13:44:02.799 12855 12855 W ResourceType: For resource 0x7f150314, entry index(788) is beyond type entryCount(281)
09-02 13:44:02.799 12855 12855 W ResourceType: For resource 0x7f150264, entry index(612) is beyond type entryCount(281)
09-02 13:44:02.799 12855 12855 I chatty  : uid=10158(u0_a158) identical 1 line
09-02 13:44:02.799 12855 12855 W ResourceType: For resource 0x7f150264, entry index(612) is beyond type entryCount(281)
09-02 13:44:02.799 12855 12855 W ResourceType: For resource 0x7f150314, entry index(788) is beyond type entryCount(281)
09-02 13:44:02.800 12855 12855 W ResourceType: For resource 0x7f1506f1, entry index(1777) is beyond type entryCount(281)
09-02 13:44:02.800 12855 12855 I chatty  : uid=10158(u0_a158) identical 2 lines
09-02 13:44:02.800 12855 12855 W ResourceType: For resource 0x7f1506f1, entry index(1777) is beyond type entryCount(281)
09-02 13:44:02.800 12855 12855 W ResourceType: For resource 0x7f150264, entry index(612) is beyond type entryCount(281)
09-02 13:44:02.800 12855 12855 W ResourceType: For resource 0x7f1506f1, entry index(1777) is beyond type entryCount(281)
09-02 13:44:02.801 12855 12855 I chatty  : uid=10158(u0_a158) identical 11 lines
09-02 13:44:02.801 12855 12855 W ResourceType: For resource 0x7f1506f1, entry index(1777) is beyond type entryCount(281)
09-02 13:44:02.805 12855 12855 W ResourceType: For resource 0x7f1504f8, entry index(1272) is beyond type entryCount(281)
09-02 13:44:02.805 12855 12855 W ResourceType: For resource 0x7f150264, entry index(612) is beyond type entryCount(281)
09-02 13:44:02.806 12855 12855 W ResourceType: For resource 0x7f150264, entry index(612) is beyond type entryCount(281)
09-02 13:44:02.806 12855 12855 W ResourceType: For resource 0x7f15050e, entry index(1294) is beyond type entryCount(281)
09-02 13:44:02.806 12855 12855 W ResourceType: For resource 0x7f15061f, entry index(1567) is beyond type entryCount(281)
09-02 13:44:02.806 12855 12855 W ResourceType: For resource 0x7f15061f, entry index(1567) is beyond type entryCount(281)
09-02 13:44:02.806 12855 12855 W ResourceType: For resource 0x7f15058c, entry index(1420) is beyond type entryCount(281)
09-02 13:44:02.806 12855 12855 W ResourceType: For resource 0x7f150590, entry index(1424) is beyond type entryCount(281)
09-02 13:44:02.806 12855 12855 W ResourceType: For resource 0x7f15058e, entry index(1422) is beyond type entryCount(281)
09-02 13:44:02.806 12855 12855 W ResourceType: For resource 0x7f1504c3, entry index(1219) is beyond type entryCount(281)
09-02 13:44:02.806 12855 12855 W ResourceType: For resource 0x7f15059e, entry index(1438) is beyond type entryCount(281)
09-02 13:44:02.806 12855 12855 W ResourceType: For resource 0x7f150282, entry index(642) is beyond type entryCount(281)
09-02 13:44:02.806 12855 12855 W ResourceType: For resource 0x7f1504c3, entry index(1219) is beyond type entryCount(281)
09-02 13:44:02.806 12855 12855 W ResourceType: For resource 0x7f150719, entry index(1817) is beyond type entryCount(281)
09-02 13:44:02.806 12855 12855 W ResourceType: For resource 0x7f150578, entry index(1400) is beyond type entryCount(281)
09-02 13:44:02.806 12855 12855 W ResourceType: For resource 0x7f150284, entry index(644) is beyond type entryCount(281)
09-02 13:44:02.806 12855 12855 W ResourceType: For resource 0x7f150579, entry index(1401) is beyond type entryCount(281)
09-02 13:44:02.806 12855 12855 W ResourceType: For resource 0x7f1505e7, entry index(1511) is beyond type entryCount(281)
09-02 13:44:02.806 12855 12855 W ResourceType: For resource 0x7f15071e, entry index(1822) is beyond type entryCount(281)
09-02 13:44:02.806 12855 12855 I chatty  : uid=10158(u0_a158) identical 2 lines
09-02 13:44:02.806 12855 12855 W ResourceType: For resource 0x7f15071e, entry index(1822) is beyond type entryCount(281)
09-02 13:44:02.806 12855 12855 W ResourceType: For resource 0x7f150580, entry index(1408) is beyond type entryCount(281)
09-02 13:44:02.806 12855 12855 W ResourceType: For resource 0x7f15071e, entry index(1822) is beyond type entryCount(281)
09-02 13:44:02.806 12855 12855 W ResourceType: For resource 0x7f15017b, entry index(379) is beyond type entryCount(281)
09-02 13:44:02.806 12855 12855 W ResourceType: For resource 0x7f150283, entry index(643) is beyond type entryCount(281)
09-02 13:44:02.806 12855 12855 W ResourceType: For resource 0x7f1505a2, entry index(1442) is beyond type entryCount(281)
09-02 13:44:02.806 12855 12855 W ResourceType: For resource 0x7f1506f4, entry index(1780) is beyond type entryCount(281)
09-02 13:44:02.806 12855 12855 W ResourceType: For resource 0x7f150588, entry index(1416) is beyond type entryCount(281)
09-02 13:44:02.806 12855 12855 W ResourceType: For resource 0x7f15059f, entry index(1439) is beyond type entryCount(281)
09-02 13:44:02.807 12855 12855 W ResourceType: For resource 0x7f150649, entry index(1609) is beyond type entryCount(281)
09-02 13:44:02.807 12855 12855 W ResourceType: For resource 0x7f150442, entry index(1090) is beyond type entryCount(281)
09-02 13:44:02.807 12855 12855 W ResourceType: For resource 0x7f150718, entry index(1816) is beyond type entryCount(281)
09-02 13:44:02.807 12855 12855 W ResourceType: For resource 0x7f15017c, entry index(380) is beyond type entryCount(281)
09-02 13:44:02.807 12855 12855 W ResourceType: For resource 0x7f15059d, entry index(1437) is beyond type entryCount(281)
09-02 13:44:02.807 12855 12855 W ResourceType: For resource 0x7f15020a, entry index(522) is beyond type entryCount(281)
09-02 13:44:02.807 12855 12855 W ResourceType: For resource 0x7f150586, entry index(1414) is beyond type entryCount(281)
09-02 13:44:02.807 12855 12855 W ResourceType: For resource 0x7f15071c, entry index(1820) is beyond type entryCount(281)
09-02 13:44:02.807 12855 12855 W ResourceType: For resource 0x7f1502af, entry index(687) is beyond type entryCount(281)
09-02 13:44:02.807 12855 12855 W ResourceType: For resource 0x7f150274, entry index(628) is beyond type entryCount(281)
09-02 13:44:02.807 12855 12855 W ResourceType: For resource 0x7f150244, entry index(580) is beyond type entryCount(281)
09-02 13:44:02.807 12855 12855 W ResourceType: For resource 0x7f150274, entry index(628) is beyond type entryCount(281)
09-02 13:44:02.807 12855 12855 W ResourceType: For resource 0x7f150372, entry index(882) is beyond type entryCount(281)
09-02 13:44:02.807 12855 12855 W ResourceType: For resource 0x7f15035b, entry index(859) is beyond type entryCount(281)
09-02 13:44:02.807 12855 12855 W ResourceType: For resource 0x7f15035c, entry index(860) is beyond type entryCount(281)
09-02 13:44:02.807 12855 12855 W ResourceType: For resource 0x7f1502ad, entry index(685) is beyond type entryCount(281)
09-02 13:44:02.807 12855 12855 W ResourceType: For resource 0x7f150565, entry index(1381) is beyond type entryCount(281)
09-02 13:44:02.807 12855 12855 W ResourceType: For resource 0x7f150567, entry index(1383) is beyond type entryCount(281)
09-02 13:44:02.807 12855 12855 W ResourceType: For resource 0x7f150264, entry index(612) is beyond type entryCount(281)
09-02 13:44:02.807 12855 12855 I chatty  : uid=10158(u0_a158) identical 1 line
09-02 13:44:02.807 12855 12855 W ResourceType: For resource 0x7f150264, entry index(612) is beyond type entryCount(281)
09-02 13:44:02.807 12855 12855 W ResourceType: For resource 0x7f150314, entry index(788) is beyond type entryCount(281)
09-02 13:44:02.808 12855 12855 W ResourceType: For resource 0x7f150264, entry index(612) is beyond type entryCount(281)
09-02 13:44:02.808 12855 12855 I chatty  : uid=10158(u0_a158) identical 1 line
09-02 13:44:02.808 12855 12855 W ResourceType: For resource 0x7f150264, entry index(612) is beyond type entryCount(281)
09-02 13:44:02.808 12855 12855 W ResourceType: For resource 0x7f150314, entry index(788) is beyond type entryCount(281)
09-02 13:44:02.812 12855 12855 W ResourceType: For resource 0x7f150264, entry index(612) is beyond type entryCount(281)
09-02 13:44:02.812 12855 12855 I chatty  : uid=10158(u0_a158) identical 1 line
09-02 13:44:02.812 12855 12855 W ResourceType: For resource 0x7f150264, entry index(612) is beyond type entryCount(281)
09-02 13:44:02.812 12855 12855 W ResourceType: For resource 0x7f150314, entry index(788) is beyond type entryCount(281)
09-02 13:44:02.812 12855 12855 W ResourceType: For resource 0x7f150264, entry index(612) is beyond type entryCount(281)
09-02 13:44:02.813 12855 12855 I chatty  : uid=10158(u0_a158) identical 1 line
09-02 13:44:02.813 12855 12855 W ResourceType: For resource 0x7f150264, entry index(612) is beyond type entryCount(281)
09-02 13:44:02.813 12855 12855 W ResourceType: For resource 0x7f150314, entry index(788) is beyond type entryCount(281)
09-02 13:44:02.813 12855 12855 W ResourceType: For resource 0x7f1506f1, entry index(1777) is beyond type entryCount(281)
09-02 13:44:02.813 12855 12855 I chatty  : uid=10158(u0_a158) identical 2 lines
09-02 13:44:02.813 12855 12855 W ResourceType: For resource 0x7f1506f1, entry index(1777) is beyond type entryCount(281)
09-02 13:44:02.813 12855 12855 W ResourceType: For resource 0x7f150264, entry index(612) is beyond type entryCount(281)
09-02 13:44:02.813 12855 12855 W ResourceType: For resource 0x7f1506f1, entry index(1777) is beyond type entryCount(281)
09-02 13:44:02.814 12855 12855 I chatty  : uid=10158(u0_a158) identical 11 lines
09-02 13:44:02.814 12855 12855 W ResourceType: For resource 0x7f1506f1, entry index(1777) is beyond type entryCount(281)
09-02 13:44:02.815 12855 12855 W ResourceType: For resource 0x7f1504f8, entry index(1272) is beyond type entryCount(281)
09-02 13:44:02.815 12855 12855 W ResourceType: For resource 0x7f150264, entry index(612) is beyond type entryCount(281)
09-02 13:44:02.815 12855 12855 W ResourceType: For resource 0x7f150264, entry index(612) is beyond type entryCount(281)
09-02 13:44:02.816 12855 12855 W ResourceType: For resource 0x7f15050e, entry index(1294) is beyond type entryCount(281)
09-02 13:44:02.816 12855 12855 W ResourceType: For resource 0x7f15061f, entry index(1567) is beyond type entryCount(281)
09-02 13:44:02.816 12855 12855 W ResourceType: For resource 0x7f15061f, entry index(1567) is beyond type entryCount(281)
09-02 13:44:02.816 12855 12855 W ResourceType: For resource 0x7f15058c, entry index(1420) is beyond type entryCount(281)
09-02 13:44:02.816 12855 12855 W ResourceType: For resource 0x7f150590, entry index(1424) is beyond type entryCount(281)
09-02 13:44:02.816 12855 12855 W ResourceType: For resource 0x7f15058e, entry index(1422) is beyond type entryCount(281)
09-02 13:44:02.816 12855 12855 W ResourceType: For resource 0x7f1504c3, entry index(1219) is beyond type entryCount(281)
09-02 13:44:02.816 12855 12855 W ResourceType: For resource 0x7f15059e, entry index(1438) is beyond type entryCount(281)
09-02 13:44:02.816 12855 12855 W ResourceType: For resource 0x7f150282, entry index(642) is beyond type entryCount(281)
09-02 13:44:02.816 12855 12855 W ResourceType: For resource 0x7f1504c3, entry index(1219) is beyond type entryCount(281)
09-02 13:44:02.816 12855 12855 W ResourceType: For resource 0x7f150719, entry index(1817) is beyond type entryCount(281)
09-02 13:44:02.816 12855 12855 W ResourceType: For resource 0x7f150578, entry index(1400) is beyond type entryCount(281)
09-02 13:44:02.816 12855 12855 W ResourceType: For resource 0x7f150284, entry index(644) is beyond type entryCount(281)
09-02 13:44:02.816 12855 12855 W ResourceType: For resource 0x7f150579, entry index(1401) is beyond type entryCount(281)
09-02 13:44:02.816 12855 12855 W ResourceType: For resource 0x7f1505e7, entry index(1511) is beyond type entryCount(281)
09-02 13:44:02.816 12855 12855 W ResourceType: For resource 0x7f15071e, entry index(1822) is beyond type entryCount(281)
09-02 13:44:02.816 12855 12855 I chatty  : uid=10158(u0_a158) identical 2 lines
09-02 13:44:02.816 12855 12855 W ResourceType: For resource 0x7f15071e, entry index(1822) is beyond type entryCount(281)
09-02 13:44:02.816 12855 12855 W ResourceType: For resource 0x7f150580, entry index(1408) is beyond type entryCount(281)
09-02 13:44:02.816 12855 12855 W ResourceType: For resource 0x7f15071e, entry index(1822) is beyond type entryCount(281)
09-02 13:44:02.816 12855 12855 W ResourceType: For resource 0x7f15017b, entry index(379) is beyond type entryCount(281)
09-02 13:44:02.816 12855 12855 W ResourceType: For resource 0x7f150283, entry index(643) is beyond type entryCount(281)
09-02 13:44:02.816 12855 12855 W ResourceType: For resource 0x7f1505a2, entry index(1442) is beyond type entryCount(281)
09-02 13:44:02.816 12855 12855 W ResourceType: For resource 0x7f1506f4, entry index(1780) is beyond type entryCount(281)
09-02 13:44:02.816 12855 12855 W ResourceType: For resource 0x7f150588, entry index(1416) is beyond type entryCount(281)
09-02 13:44:02.816 12855 12855 W ResourceType: For resource 0x7f15059f, entry index(1439) is beyond type entryCount(281)
09-02 13:44:02.816 12855 12855 W ResourceType: For resource 0x7f150649, entry index(1609) is beyond type entryCount(281)
09-02 13:44:02.816 12855 12855 W ResourceType: For resource 0x7f150442, entry index(1090) is beyond type entryCount(281)
09-02 13:44:02.816 12855 12855 W ResourceType: For resource 0x7f150718, entry index(1816) is beyond type entryCount(281)
09-02 13:44:02.816 12855 12855 W ResourceType: For resource 0x7f15017c, entry index(380) is beyond type entryCount(281)
09-02 13:44:02.816 12855 12855 W ResourceType: For resource 0x7f15059d, entry index(1437) is beyond type entryCount(281)
