09-02 02:19:54.755  3358  3358 E cr_IntentUtils: getBooleanExtra failed on intent null
09-02 02:19:54.755  3358  3358 E cr_IntentUtils: getBooleanExtra failed on intent null
09-02 02:19:54.761  3358  3358 I cr_tabmodel: #isIncognitoTabBeingRestored from tabDetails:  false
09-02 02:19:54.761  3358  3358 I cr_tabmodel: #isIncognitoTabBeingRestored from tabDetails:  false
09-02 02:19:54.761  3358  3358 W cr_tabmodel: Failed to restore TabState; creating Tab with last known URL.
09-02 02:19:54.766  5159  5159 E libc    : SetHeapTaggingLevel: re-enabling tagging after it was disabled is not supported
09-02 02:19:54.772  5159  5159 E cessService0:5: Not starting debugger since process cannot load the jdwp agent.
09-02 02:19:54.775  1513  2172 D CompatibilityChangeReporter: Compat change id reported: 135634846; UID 10220; state: DISABLED
09-02 02:19:54.775  1513  2172 D CompatibilityChangeReporter: Compat change id reported: 135754954; UID 10220; state: ENABLED
09-02 02:19:54.777  3358  3415 W cr_ChildConnAllocator: Ran out of UIDs to allocate.
09-02 02:19:54.778  3358  3358 E cr_IntentUtils: getBooleanExtra failed on intent null
09-02 02:19:54.778  1513  2172 I ActivityManager: Killing 3542:com.android.chrome:sandboxed_process0:org.chromium.content.app.SandboxedProcessService0:1/u0a220i-8999 (adj 0): isolated not needed
09-02 02:19:54.779  3358  3358 E cr_IntentUtils: getBooleanExtra failed on intent null
09-02 02:19:54.782  1513  1640 I libprocessgroup: Successfully killed process cgroup uid 90001 pid 3542 in 0ms
09-02 02:19:54.783  3358  3358 I cr_tabmodel: #isIncognitoTabBeingRestored from tabDetails:  false
09-02 02:19:54.783  3358  3358 I cr_tabmodel: #isIncognitoTabBeingRestored from tabDetails:  false
09-02 02:19:54.783  3358  3358 W cr_tabmodel: Failed to restore TabState; creating Tab with last known URL.
09-02 02:19:54.784  5123  5123 I LoadedApk: No resource references to update in package com.google.android.trichromelibrary
09-02 02:19:54.784  5123  5123 D NetworkSecurityConfig: Using Network Security Config from resource 0_resource_name_obfuscated debugBuild: false
09-02 02:19:54.785  5123  5123 D NetworkSecurityConfig: Using Network Security Config from resource 0_resource_name_obfuscated debugBuild: false
09-02 02:19:54.787  5123  5123 I cr_SplitCompatApp: Launched version=107.0.5304.91 minSdkVersion=29 isBundle=true processName=com.android.chrome:sandboxed_process0:org.chromium.content.app.SandboxedProcessService0:51 isIsolated=true
09-02 02:19:54.789  1513  3246 D CompatibilityChangeReporter: Compat change id reported: 136274596; UID 10220; state: ENABLED
09-02 02:19:54.789  3416  3416 D Zygote  : Forked child process 5182
09-02 02:19:54.792  1513  1625 W ActivityManager: Slow operation: 1216ms so far, now at startProcess: returned from zygote!
09-02 02:19:54.792  1513  1625 W ActivityManager: Slow operation: 1216ms so far, now at startProcess: done updating battery stats
09-02 02:19:54.792  1513  1625 W ActivityManager: Slow operation: 1217ms so far, now at startProcess: building log message
09-02 02:19:54.792  1513  1625 I ActivityManager: Start proc 5182:com.android.chrome:sandboxed_process0:org.chromium.content.app.SandboxedProcessService0:53/u0ai53 for  {com.android.chrome/org.chromium.content.app.SandboxedProcessService0:53}
09-02 02:19:54.792  1513  1625 W ActivityManager: Slow operation: 1217ms so far, now at startProcess: starting to update pids map
09-02 02:19:54.792  1513  1625 W ActivityManager: Slow operation: 1217ms so far, now at startProcess: done updating pids map
09-02 02:19:54.792  1513  1625 W ActivityManager: Slow operation: 1176ms so far, now at startProcess: asking zygote to start proc
09-02 02:19:54.792  1513  1625 D CompatibilityChangeReporter: Compat change id reported: 143937733; UID 10220; state: ENABLED
09-02 02:19:54.794  1513  3230 D CompatibilityChangeReporter: Compat change id reported: 135634846; UID 10220; state: DISABLED
09-02 02:19:54.794  1513  3230 D CompatibilityChangeReporter: Compat change id reported: 135754954; UID 10220; state: ENABLED
09-02 02:19:54.795  3358  3358 E cr_IntentUtils: getBooleanExtra failed on intent null
09-02 02:19:54.796  3358  3358 E cr_IntentUtils: getBooleanExtra failed on intent null
09-02 02:19:54.798  3358  3415 W cr_ChildConnAllocator: Ran out of UIDs to allocate.
09-02 02:19:54.799  5123  5123 W SystemServiceRegistry: No service published for: uimode
09-02 02:19:54.799  1513  2172 I ActivityManager: Killing 3559:com.android.chrome:sandboxed_process0:org.chromium.content.app.SandboxedProcessService0:2/u0a220i-8998 (adj 0): isolated not needed
09-02 02:19:54.800  1513  1640 I libprocessgroup: Successfully killed process cgroup uid 90002 pid 3559 in 0ms
09-02 02:19:54.801  3358  3358 I cr_tabmodel: #isIncognitoTabBeingRestored from tabDetails:  false
09-02 02:19:54.801  3358  3358 I cr_tabmodel: #isIncognitoTabBeingRestored from tabDetails:  false
09-02 02:19:54.801  3358  3358 W cr_tabmodel: Failed to restore TabState; creating Tab with last known URL.
09-02 02:19:54.805  5123  5123 I cr_ChildProcessService: Creating new ChildProcessService pid=5123
09-02 02:19:54.808  5182  5182 E libc    : SetHeapTaggingLevel: re-enabling tagging after it was disabled is not supported
09-02 02:19:54.814  5123  5158 I cr_LibraryLoader: Using ModernLinker
09-02 02:19:54.815  3358  3415 W cr_ChildConnAllocator: Ran out of UIDs to allocate.
09-02 02:19:54.816  1513  2262 I ActivityManager: Killing 3583:com.android.chrome:sandboxed_process0:org.chromium.content.app.SandboxedProcessService0:3/u0a220i-8997 (adj 0): isolated not needed
09-02 02:19:54.817  1513  1640 I libprocessgroup: Successfully killed process cgroup uid 90003 pid 3583 in 0ms
09-02 02:19:54.818  5123  5158 W linker  : Warning: "/data/app/~~_KLlx60MH8CoecPTjMKp8g==/com.android.chrome-kw9RHYrlHKb9bPXi8OTClw==/base.apk!/lib/arm64-v8a/libchromium_android_linker.so" unused DT entry: unknown processor-specific (type 0x70000001 arg 0x0) (ignoring)
09-02 02:19:54.819  3358  3358 E cr_IntentUtils: getBooleanExtra failed on intent null
09-02 02:19:54.819  3358  3358 E cr_IntentUtils: getBooleanExtra failed on intent null
09-02 02:19:54.820  5123  5158 E cr_ChromiumAndroidLinker: ReserveAddressWithHint: Address range starting at 0x7a3876a000 was not free to use
09-02 02:19:54.825  3358  3358 I cr_tabmodel: #isIncognitoTabBeingRestored from tabDetails:  false
09-02 02:19:54.825  3358  3358 I cr_tabmodel: #isIncognitoTabBeingRestored from tabDetails:  false
09-02 02:19:54.825  3358  3358 W cr_tabmodel: Failed to restore TabState; creating Tab with last known URL.
09-02 02:19:54.826  1513  2262 W ActivityManager: Failed making new process record for com.android.chrome:sandboxed_process0:org.chromium.content.app.SandboxedProcessService0:100/10220 isolated=true
09-02 02:19:54.826  1513  2262 W ActivityManager: Unable to launch app com.android.chrome/10220 for service Intent { cmp=com.android.chrome/org.chromium.content.app.SandboxedProcessService0 }: process is bad
09-02 02:19:54.828  5123  5191 I cr_LibraryLoader: Successfully loaded native library
09-02 02:19:54.828  5123  5191 I cr_CachingUmaRecorder: Flushed 3 samples from 3 histograms.
09-02 02:19:54.829  3358  3415 W cr_ChildProcessConn: Fallback to ComponentInfo{com.android.chrome/org.chromium.content.app.SandboxedProcessService1}
09-02 02:19:54.830  5159  5159 I LoadedApk: No resource references to update in package com.google.android.trichromelibrary
09-02 02:19:54.830  5159  5159 D NetworkSecurityConfig: Using Network Security Config from resource 0_resource_name_obfuscated debugBuild: false
09-02 02:19:54.831  5159  5159 D NetworkSecurityConfig: Using Network Security Config from resource 0_resource_name_obfuscated debugBuild: false
09-02 02:19:54.833  3416  3416 D Zygote  : Forked child process 5194
09-02 02:19:54.835  3358  3415 W cr_ChildConnAllocator: Ran out of UIDs to allocate.
09-02 02:19:54.835  5159  5159 I cr_SplitCompatApp: Launched version=107.0.5304.91 minSdkVersion=29 isBundle=true processName=com.android.chrome:sandboxed_process0:org.chromium.content.app.SandboxedProcessService0:52 isIsolated=true
09-02 02:19:54.835  1513  2262 E ProcessStats: Executing service ServiceState{cf3a3d8 org.chromium.content.app.SandboxedProcessService0 pkg=com.android.chrome proc=b8c331} without owner
09-02 02:19:54.836  1513  2262 E ProcessStats: Binding service ServiceState{cf3a3d8 org.chromium.content.app.SandboxedProcessService0 pkg=com.android.chrome proc=b8c331} without owner
09-02 02:19:54.837  5194  5194 E libc    : SetHeapTaggingLevel: re-enabling tagging after it was disabled is not supported
09-02 02:19:54.837  1513  2262 E ProcessStats: Starting service ServiceState{cf3a3d8 org.chromium.content.app.SandboxedProcessService0 pkg=com.android.chrome proc=b8c331} without owner
09-02 02:19:54.838  1513  1624 I DropBoxManagerService: add tag=system_server_wtf isTagEnabled=true flags=0x2
09-02 02:19:54.839  1513  2262 E ProcessStats: Binding service ServiceState{cf3a3d8 org.chromium.content.app.SandboxedProcessService0 pkg=com.android.chrome proc=b8c331} without owner
09-02 02:19:54.839  3358  3358 E cr_IntentUtils: getBooleanExtra failed on intent null
09-02 02:19:54.839  3358  3358 E cr_IntentUtils: getBooleanExtra failed on intent null
09-02 02:19:54.840  3607  3607 I cr_ChildProcessService: Destroying ChildProcessService pid=3607
09-02 02:19:54.842  1513  1625 W ActivityManager: Slow operation: 1225ms so far, now at startProcess: returned from zygote!
09-02 02:19:54.842  1513  1624 I DropBoxManagerService: add tag=system_server_wtf isTagEnabled=true flags=0x2
09-02 02:19:54.843  1513  2262 I ActivityManager: Killing 3607:com.android.chrome:sandboxed_process0:org.chromium.content.app.SandboxedProcessService0:4/u0a220i-8996 (adj 0): isolated not needed
09-02 02:19:54.844  3358  3358 I cr_tabmodel: #isIncognitoTabBeingRestored from tabDetails:  false
09-02 02:19:54.844  3358  3358 I cr_tabmodel: #isIncognitoTabBeingRestored from tabDetails:  false
09-02 02:19:54.844  3358  3358 W cr_tabmodel: Failed to restore TabState; creating Tab with last known URL.
09-02 02:19:54.845  1513  1640 I libprocessgroup: Successfully killed process cgroup uid 90004 pid 3607 in 0ms
09-02 02:19:54.845  1513  1625 W ActivityManager: Slow operation: 1229ms so far, now at startProcess: done updating battery stats
09-02 02:19:54.845  1513  1625 W ActivityManager: Slow operation: 1229ms so far, now at startProcess: building log message
09-02 02:19:54.845  1513  1625 I ActivityManager: Start proc 5194:com.android.chrome:sandboxed_process0:org.chromium.content.app.SandboxedProcessService0:54/u0ai54 for  {com.android.chrome/org.chromium.content.app.SandboxedProcessService0:54}
09-02 02:19:54.845  1513  1625 W ActivityManager: Slow operation: 1229ms so far, now at startProcess: starting to update pids map
09-02 02:19:54.846  1513  1625 W ActivityManager: Slow operation: 1229ms so far, now at startProcess: done updating pids map
09-02 02:19:54.846  1513  1625 W ActivityManager: Slow operation: 1212ms so far, now at startProcess: asking zygote to start proc
09-02 02:19:54.851  1513  1624 I DropBoxManagerService: add tag=system_server_wtf isTagEnabled=true flags=0x2
09-02 02:19:54.851  1513  2172 W ActivityManager: Failed making new process record for com.android.chrome:sandboxed_process0:org.chromium.content.app.SandboxedProcessService0:101/10220 isolated=true
09-02 02:19:54.851  1513  2172 W ActivityManager: Unable to launch app com.android.chrome/10220 for service Intent { cmp=com.android.chrome/org.chromium.content.app.SandboxedProcessService0 }: process is bad
09-02 02:19:54.851  1513  2172 E ProcessStats: Service owner ServiceRecord{435e0c4 u0 com.android.chrome/org.chromium.content.app.SandboxedProcessService0:101} cleared while exec: pkg=com.android.chrome service=org.chromium.content.app.SandboxedProcessService0 proc=ProcessState{b8c331 com.android.chrome:sandboxed_process0/10220 pkg=com.android.chrome}
09-02 02:19:54.851  1513  2172 E ProcessStats: android.util.Log$TerribleFailure: Service owner ServiceRecord{435e0c4 u0 com.android.chrome/org.chromium.content.app.SandboxedProcessService0:101} cleared while exec: pkg=com.android.chrome service=org.chromium.content.app.SandboxedProcessService0 proc=ProcessState{b8c331 com.android.chrome:sandboxed_process0/10220 pkg=com.android.chrome}
09-02 02:19:54.851  1513  2172 E ProcessStats: 	at android.util.Log.wtf(Log.java:313)
09-02 02:19:54.851  1513  2172 E ProcessStats: 	at android.util.Slog.wtfStack(Slog.java:111)
09-02 02:19:54.851  1513  2172 E ProcessStats: 	at com.android.internal.app.procstats.ServiceState.clearCurrentOwner(ServiceState.java:187)
09-02 02:19:54.851  1513  2172 E ProcessStats: 	at com.android.server.am.ActiveServices.bringDownServiceLocked(ActiveServices.java:3424)
09-02 02:19:54.851  1513  2172 E ProcessStats: 	at com.android.server.am.ActiveServices.bringUpServiceLocked(ActiveServices.java:2955)
09-02 02:19:54.851  1513  2172 E ProcessStats: 	at com.android.server.am.ActiveServices.bindServiceLocked(ActiveServices.java:2064)
09-02 02:19:54.851  1513  2172 E ProcessStats: 	at com.android.server.am.ActivityManagerService.bindIsolatedService(ActivityManagerService.java:15169)
09-02 02:19:54.851  1513  2172 E ProcessStats: 	at android.app.IActivityManager$Stub.onTransact(IActivityManager.java:2563)
09-02 02:19:54.851  1513  2172 E ProcessStats: 	at com.android.server.am.ActivityManagerService.onTransact(ActivityManagerService.java:2867)
09-02 02:19:54.851  1513  2172 E ProcessStats: 	at android.os.Binder.execTransactInternal(Binder.java:1154)
09-02 02:19:54.851  1513  2172 E ProcessStats: 	at android.os.Binder.execTransact(Binder.java:1123)
09-02 02:19:54.852  3358  3415 W cr_ChildProcessConn: Fallback to ComponentInfo{com.android.chrome/org.chromium.content.app.SandboxedProcessService1}
09-02 02:19:54.853  1513  1624 I DropBoxManagerService: add tag=system_server_wtf isTagEnabled=true flags=0x2
09-02 02:19:54.856  1513  1624 I DropBoxManagerService: add tag=system_server_wtf isTagEnabled=true flags=0x2
09-02 02:19:54.857  3416  3416 I Zygote  : Process 3559 exited due to signal 9 (Killed)
09-02 02:19:54.857  3358  3358 E cr_IntentUtils: getBooleanExtra failed on intent null
09-02 02:19:54.857  3358  3358 E cr_IntentUtils: getBooleanExtra failed on intent null
09-02 02:19:54.858  5194  5194 E cessService0:5: Not starting debugger since process cannot load the jdwp agent.
09-02 02:19:54.860  5159  5159 W SystemServiceRegistry: No service published for: uimode
09-02 02:19:54.860  3358  3415 W cr_ChildConnAllocator: Ran out of UIDs to allocate.
09-02 02:19:54.864  5159  5159 I cr_ChildProcessService: Creating new ChildProcessService pid=5159
09-02 02:19:54.867  3358  3358 I cr_TabWebContentsObs: renderProcessGone() for tab id: 6130, already needs reload: false
09-02 02:19:54.867  5182  5182 E cessService0:5: Not starting debugger since process cannot load the jdwp agent.
09-02 02:19:54.870  3358  3358 I cr_tabmodel: #isIncognitoTabBeingRestored from tabDetails:  false
09-02 02:19:54.870  3358  3358 I cr_tabmodel: #isIncognitoTabBeingRestored from tabDetails:  false
09-02 02:19:54.870  3358  3358 W cr_tabmodel: Failed to restore TabState; creating Tab with last known URL.
09-02 02:19:54.882  3358  3358 E cr_IntentUtils: getBooleanExtra failed on intent null
09-02 02:19:54.882  3358  3358 E cr_IntentUtils: getBooleanExtra failed on intent null
09-02 02:19:54.888  3358  3358 I cr_tabmodel: #isIncognitoTabBeingRestored from tabDetails:  false
09-02 02:19:54.889  3358  3358 I cr_tabmodel: #isIncognitoTabBeingRestored from tabDetails:  false
09-02 02:19:54.889  3358  3358 W cr_tabmodel: Failed to restore TabState; creating Tab with last known URL.
09-02 02:19:54.889  3416  3416 D Zygote  : Forked child process 5237
09-02 02:19:54.892  5237  5237 E libc    : SetHeapTaggingLevel: re-enabling tagging after it was disabled is not supported
09-02 02:19:54.894  1513  1625 W ActivityManager: Slow operation: 1260ms so far, now at startProcess: returned from zygote!
09-02 02:19:54.899  5237  5237 E cessService0:5: Not starting debugger since process cannot load the jdwp agent.
09-02 02:19:54.900  3358  3358 E cr_IntentUtils: getBooleanExtra failed on intent null
09-02 02:19:54.900  3358  3358 E cr_IntentUtils: getBooleanExtra failed on intent null
09-02 02:19:54.905  3358  3358 I cr_tabmodel: #isIncognitoTabBeingRestored from tabDetails:  false
09-02 02:19:54.905  3358  3358 I cr_tabmodel: #isIncognitoTabBeingRestored from tabDetails:  false
09-02 02:19:54.905  3358  3358 W cr_tabmodel: Failed to restore TabState; creating Tab with last known URL.
09-02 02:19:54.915  3358  3358 E cr_IntentUtils: getBooleanExtra failed on intent null
09-02 02:19:54.915  3358  3358 E cr_IntentUtils: getBooleanExtra failed on intent null
09-02 02:19:54.922  3358  3358 I cr_tabmodel: #isIncognitoTabBeingRestored from tabDetails:  false
09-02 02:19:54.922  3358  3358 I cr_tabmodel: #isIncognitoTabBeingRestored from tabDetails:  false
09-02 02:19:54.922  3358  3358 W cr_tabmodel: Failed to restore TabState; creating Tab with last known URL.
09-02 02:19:54.932  3358  3358 E cr_IntentUtils: getBooleanExtra failed on intent null
09-02 02:19:54.932  3358  3358 E cr_IntentUtils: getBooleanExtra failed on intent null
09-02 02:19:54.936  3358  3358 I cr_tabmodel: #isIncognitoTabBeingRestored from tabDetails:  false
09-02 02:19:54.936  3358  3358 I cr_tabmodel: #isIncognitoTabBeingRestored from tabDetails:  false
09-02 02:19:54.936  3358  3358 W cr_tabmodel: Failed to restore TabState; creating Tab with last known URL.
09-02 02:19:54.944  1513  2172 E ProcessStats: Executing service ServiceState{cf3a3d8 org.chromium.content.app.SandboxedProcessService0 pkg=com.android.chrome proc=b8c331} without owner
09-02 02:19:54.945  1513  2172 E ProcessStats: Binding service ServiceState{cf3a3d8 org.chromium.content.app.SandboxedProcessService0 pkg=com.android.chrome proc=b8c331} without owner
09-02 02:19:54.946  1513  2172 E ProcessStats: Starting service ServiceState{cf3a3d8 org.chromium.content.app.SandboxedProcessService0 pkg=com.android.chrome proc=b8c331} without owner
09-02 02:19:54.946  1513  2172 E ProcessStats: Binding service ServiceState{cf3a3d8 org.chromium.content.app.SandboxedProcessService0 pkg=com.android.chrome proc=b8c331} without owner
09-02 02:19:54.947  3358  3358 E cr_IntentUtils: getBooleanExtra failed on intent null
09-02 02:19:54.947  3358  3358 E cr_IntentUtils: getBooleanExtra failed on intent null
09-02 02:19:54.950  3358  3358 I cr_tabmodel: #isIncognitoTabBeingRestored from tabDetails:  false
09-02 02:19:54.950  3358  3358 I cr_tabmodel: #isIncognitoTabBeingRestored from tabDetails:  false
09-02 02:19:54.951  3358  3358 W cr_tabmodel: Failed to restore TabState; creating Tab with last known URL.
09-02 02:19:54.953  1513  2172 I ActivityManager: Killing 3632:com.android.chrome:sandboxed_process0:org.chromium.content.app.SandboxedProcessService0:5/u0a220i-8995 (adj 0): isolated not needed
09-02 02:19:54.954  1513  1640 I libprocessgroup: Successfully killed process cgroup uid 90005 pid 3632 in 0ms
09-02 02:19:54.956  1513  2262 E ProcessStats: Executing service ServiceState{cf3a3d8 org.chromium.content.app.SandboxedProcessService0 pkg=com.android.chrome proc=b8c331} without owner
09-02 02:19:54.957  1513  2262 D CompatibilityChangeReporter: Compat change id reported: 136274596; UID 10220; state: ENABLED
09-02 02:19:54.959  1513  1625 W ActivityManager: Slow operation: 1324ms so far, now at startProcess: done updating battery stats
09-02 02:19:54.959  1513  1625 W ActivityManager: Slow operation: 1324ms so far, now at startProcess: building log message
09-02 02:19:54.959  1513  1625 I ActivityManager: Start proc 5237:com.android.chrome:sandboxed_process0:org.chromium.content.app.SandboxedProcessService0:55/u0ai55 for  {com.android.chrome/org.chromium.content.app.SandboxedProcessService0:55}
09-02 02:19:54.959  1513  1625 W ActivityManager: Slow operation: 1324ms so far, now at startProcess: starting to update pids map
09-02 02:19:54.959  1513  1625 W ActivityManager: Slow operation: 1325ms so far, now at startProcess: done updating pids map
09-02 02:19:54.959  1513  1625 W ActivityManager: Slow operation: 1294ms so far, now at startProcess: asking zygote to start proc
09-02 02:19:54.960  1513  1625 D CompatibilityChangeReporter: Compat change id reported: 143937733; UID 10220; state: ENABLED
09-02 02:19:54.961  3358  3358 E cr_IntentUtils: getBooleanExtra failed on intent null
09-02 02:19:54.961  3358  3358 E cr_IntentUtils: getBooleanExtra failed on intent null
09-02 02:19:54.963  1513  2570 E ProcessStats: Executing service ServiceState{cf3a3d8 org.chromium.content.app.SandboxedProcessService0 pkg=com.android.chrome proc=b8c331} without owner
09-02 02:19:54.963  1513  2570 D CompatibilityChangeReporter: Compat change id reported: 136274596; UID 10220; state: ENABLED
09-02 02:19:54.964  3358  3358 I cr_tabmodel: #isIncognitoTabBeingRestored from tabDetails:  false
09-02 02:19:54.964  3358  3358 I cr_tabmodel: #isIncognitoTabBeingRestored from tabDetails:  false
09-02 02:19:54.964  3358  3358 W cr_tabmodel: Failed to restore TabState; creating Tab with last known URL.
09-02 02:19:54.971  1513  3227 E ProcessStats: Executing service ServiceState{cf3a3d8 org.chromium.content.app.SandboxedProcessService0 pkg=com.android.chrome proc=b8c331} without owner
09-02 02:19:54.972  1513  3227 D CompatibilityChangeReporter: Compat change id reported: 136274596; UID 10220; state: ENABLED
09-02 02:19:54.974  3358  3358 E cr_IntentUtils: getBooleanExtra failed on intent null
09-02 02:19:54.974  3358  3358 E cr_IntentUtils: getBooleanExtra failed on intent null
09-02 02:19:54.981  1513  2013 E ProcessStats: Executing service ServiceState{cf3a3d8 org.chromium.content.app.SandboxedProcessService0 pkg=com.android.chrome proc=b8c331} without owner
09-02 02:19:54.982  1513  2013 E ProcessStats: Foregrounding service ServiceState{cf3a3d8 org.chromium.content.app.SandboxedProcessService0 pkg=com.android.chrome proc=b8c331} without owner
09-02 02:19:54.986  3358  3358 I cr_tabmodel: Loaded tab lists; counts: 131,0
09-02 02:19:54.990  3416  3416 D Zygote  : Forked child process 5276
09-02 02:19:54.992  1513  1625 W ActivityManager: Slow operation: 1326ms so far, now at startProcess: returned from zygote!
09-02 02:19:54.998  1513  1625 W ActivityManager: Slow operation: 1333ms so far, now at startProcess: done updating battery stats
09-02 02:19:54.998  1513  1625 W ActivityManager: Slow operation: 1333ms so far, now at startProcess: building log message
09-02 02:19:54.998  1513  1625 I ActivityManager: Start proc 5276:com.android.chrome:sandboxed_process0:org.chromium.content.app.SandboxedProcessService0:56/u0ai56 for  {com.android.chrome/org.chromium.content.app.SandboxedProcessService0:56}
09-02 02:19:54.998  1513  1625 W ActivityManager: Slow operation: 1333ms so far, now at startProcess: starting to update pids map
09-02 02:19:54.998  1513  1625 W ActivityManager: Slow operation: 1333ms so far, now at startProcess: done updating pids map
09-02 02:19:54.998  1513  1625 W ActivityManager: Slow operation: 1315ms so far, now at startProcess: asking zygote to start proc
09-02 02:19:54.999  1513  1625 D CompatibilityChangeReporter: Compat change id reported: 143937733; UID 10220; state: ENABLED
09-02 02:19:54.999  3358  3415 W cr_ChildConnAllocator: Ran out of UIDs to allocate.
09-02 02:19:55.000  3358  3415 I chatty  : uid=10220(com.android.chrome) identical 5 lines
09-02 02:19:55.000  3358  3415 W cr_ChildConnAllocator: Ran out of UIDs to allocate.
09-02 02:19:55.005  5276  5276 E libc    : SetHeapTaggingLevel: re-enabling tagging after it was disabled is not supported
09-02 02:19:55.007  5237  5237 I LoadedApk: No resource references to update in package com.google.android.trichromelibrary
09-02 02:19:55.007  5237  5237 D NetworkSecurityConfig: Using Network Security Config from resource 0_resource_name_obfuscated debugBuild: false
09-02 02:19:55.008  5182  5182 I LoadedApk: No resource references to update in package com.google.android.trichromelibrary
09-02 02:19:55.008  5194  5194 I LoadedApk: No resource references to update in package com.google.android.trichromelibrary
09-02 02:19:55.008  5182  5182 D NetworkSecurityConfig: Using Network Security Config from resource 0_resource_name_obfuscated debugBuild: false
09-02 02:19:55.008  5194  5194 D NetworkSecurityConfig: Using Network Security Config from resource 0_resource_name_obfuscated debugBuild: false
09-02 02:19:55.009  3358  3358 I cr_StartSurface: Recorded Startup.Android.StartSurfaceShownAtStartup = false
09-02 02:19:55.009  5182  5182 D NetworkSecurityConfig: Using Network Security Config from resource 0_resource_name_obfuscated debugBuild: false
09-02 02:19:55.009  5194  5194 D NetworkSecurityConfig: Using Network Security Config from resource 0_resource_name_obfuscated debugBuild: false
09-02 02:19:55.010  1513  2172 D CompatibilityChangeReporter: Compat change id reported: 135634846; UID 10220; state: DISABLED
09-02 02:19:55.010  1513  2172 D CompatibilityChangeReporter: Compat change id reported: 135754954; UID 10220; state: ENABLED
09-02 02:19:55.010  5182  5182 I cr_SplitCompatApp: Launched version=107.0.5304.91 minSdkVersion=29 isBundle=true processName=com.android.chrome:sandboxed_process0:org.chromium.content.app.SandboxedProcessService0:53 isIsolated=true
09-02 02:19:55.011  5194  5194 I cr_SplitCompatApp: Launched version=107.0.5304.91 minSdkVersion=29 isBundle=true processName=com.android.chrome:sandboxed_process0:org.chromium.content.app.SandboxedProcessService0:54 isIsolated=true
09-02 02:19:55.011  5237  5237 D NetworkSecurityConfig: Using Network Security Config from resource 0_resource_name_obfuscated debugBuild: false
09-02 02:19:55.013  5237  5237 I cr_SplitCompatApp: Launched version=107.0.5304.91 minSdkVersion=29 isBundle=true processName=com.android.chrome:sandboxed_process0:org.chromium.content.app.SandboxedProcessService0:55 isIsolated=true
09-02 02:19:55.017  1513  3227 I ActivityManager: Killing 3669:com.android.chrome:sandboxed_process0:org.chromium.content.app.SandboxedProcessService0:6/u0a220i-8994 (adj 0): isolated not needed
09-02 02:19:55.018  1513  1640 I libprocessgroup: Successfully killed process cgroup uid 90006 pid 3669 in 0ms
09-02 02:19:55.022  3358  3415 I cr_BindingManager: Visible binding enabled: maxSize=-1
09-02 02:19:55.023  5159  5183 I cr_LibraryLoader: Using ModernLinker
09-02 02:19:55.025  5276  5276 E cessService0:5: Not starting debugger since process cannot load the jdwp agent.
09-02 02:19:55.027  1513  3246 W ActivityManager: Failed making new process record for com.android.chrome:sandboxed_process0:org.chromium.content.app.SandboxedProcessService0:103/10220 isolated=true
09-02 02:19:55.027  1513  3246 W ActivityManager: Unable to launch app com.android.chrome/10220 for service Intent { cmp=com.android.chrome/org.chromium.content.app.SandboxedProcessService0 }: process is bad
09-02 02:19:55.028  5159  5183 W linker  : Warning: "/data/app/~~_KLlx60MH8CoecPTjMKp8g==/com.android.chrome-kw9RHYrlHKb9bPXi8OTClw==/base.apk!/lib/arm64-v8a/libchromium_android_linker.so" unused DT entry: unknown processor-specific (type 0x70000001 arg 0x0) (ignoring)
09-02 02:19:55.029  5159  5183 E cr_ChromiumAndroidLinker: ReserveAddressWithHint: Address range starting at 0x7a3876a000 was not free to use
09-02 02:19:55.030  3358  3415 W cr_ChildProcessConn: Fallback to ComponentInfo{com.android.chrome/org.chromium.content.app.SandboxedProcessService1}
09-02 02:19:55.034  1513  2013 E ProcessStats: Executing service ServiceState{cf3a3d8 org.chromium.content.app.SandboxedProcessService0 pkg=com.android.chrome proc=b8c331} without owner
09-02 02:19:55.036  1513  2013 E ProcessStats: Binding service ServiceState{cf3a3d8 org.chromium.content.app.SandboxedProcessService0 pkg=com.android.chrome proc=b8c331} without owner
09-02 02:19:55.037  1513  2013 E ProcessStats: Starting service ServiceState{cf3a3d8 org.chromium.content.app.SandboxedProcessService0 pkg=com.android.chrome proc=b8c331} without owner
09-02 02:19:55.037  9624  9624 I VISHotwordAdapter: Not connected and not waiting for connection.
09-02 02:19:55.038  5182  5182 W SystemServiceRegistry: No service published for: uimode
09-02 02:19:55.038  5159  5225 I cr_LibraryLoader: Successfully loaded native library
09-02 02:19:55.038  5159  5225 I cr_CachingUmaRecorder: Flushed 3 samples from 3 histograms.
09-02 02:19:55.039  1513  2013 E ProcessStats: Binding service ServiceState{cf3a3d8 org.chromium.content.app.SandboxedProcessService0 pkg=com.android.chrome proc=b8c331} without owner
09-02 02:19:55.041  1513  2013 I ActivityManager: Killing 3709:com.android.chrome:sandboxed_process0:org.chromium.content.app.SandboxedProcessService0:7/u0a220i-8993 (adj 0): isolated not needed
09-02 02:19:55.042  3709  3709 I cr_ChildProcessService: Destroying ChildProcessService pid=3709
09-02 02:19:55.042  5237  5237 W SystemServiceRegistry: No service published for: uimode
09-02 02:19:55.048  5237  5237 I cr_ChildProcessService: Creating new ChildProcessService pid=5237
09-02 02:19:55.049  9624  9624 I VISHotwordAdapter: Still waiting for connection; add the callback to callback list
09-02 02:19:55.049  1513  1640 I libprocessgroup: Successfully killed process cgroup uid 90007 pid 3709 in 0ms
09-02 02:19:55.053  5182  5182 I cr_ChildProcessService: Creating new ChildProcessService pid=5182
09-02 02:19:55.056  3416  3416 D Zygote  : Forked child process 5304
09-02 02:19:55.056  9624  9624 I A       : getLocaleToModelSpecsMap
09-02 02:19:55.056  9624  9624 I A       : Using proto config with mendel
09-02 02:19:55.056  9624  9624 I A       : getLocaleToModelSpecsMap
09-02 02:19:55.056  9624  9624 I A       : Using proto config with mendel
09-02 02:19:55.056  9624  9624 I A       : getLocaleToModelSpecsMap
09-02 02:19:55.056  9624  9624 I A       : Using proto config with mendel
09-02 02:19:55.057  1513  1625 W ActivityManager: Slow operation: 1373ms so far, now at startProcess: returned from zygote!
09-02 02:19:55.058  5304  5304 E libc    : SetHeapTaggingLevel: re-enabling tagging after it was disabled is not supported
09-02 02:19:55.059  5194  5194 W SystemServiceRegistry: No service published for: uimode
09-02 02:19:55.063  1513  3246 E ProcessStats: Executing service ServiceState{cf3a3d8 org.chromium.content.app.SandboxedProcessService0 pkg=com.android.chrome proc=b8c331} without owner
09-02 02:19:55.063  1513  3246 D CompatibilityChangeReporter: Compat change id reported: 136274596; UID 10220; state: ENABLED
09-02 02:19:55.067  5304  5304 E cessService0:5: Not starting debugger since process cannot load the jdwp agent.
09-02 02:19:55.069  1513  1625 W ActivityManager: Slow operation: 1386ms so far, now at startProcess: done updating battery stats
09-02 02:19:55.070  1513  1625 W ActivityManager: Slow operation: 1386ms so far, now at startProcess: building log message
09-02 02:19:55.070  1513  1625 I ActivityManager: Start proc 5304:com.android.chrome:sandboxed_process0:org.chromium.content.app.SandboxedProcessService0:57/u0ai57 for  {com.android.chrome/org.chromium.content.app.SandboxedProcessService0:57}
09-02 02:19:55.070  1513  1625 W ActivityManager: Slow operation: 1386ms so far, now at startProcess: starting to update pids map
09-02 02:19:55.070  1513  1625 W ActivityManager: Slow operation: 1386ms so far, now at startProcess: done updating pids map
09-02 02:19:55.070  1513  1625 W ActivityManager: Slow operation: 1352ms so far, now at startProcess: asking zygote to start proc
09-02 02:19:55.070  1513  1625 D CompatibilityChangeReporter: Compat change id reported: 143937733; UID 10220; state: ENABLED
09-02 02:19:55.070  5194  5194 I cr_ChildProcessService: Creating new ChildProcessService pid=5194
09-02 02:19:55.072  1513  3221 W ActivityManager: Failed making new process record for com.android.chrome:sandboxed_process0:org.chromium.content.app.SandboxedProcessService0:104/10220 isolated=true
09-02 02:19:55.072  1513  3221 W ActivityManager: Unable to launch app com.android.chrome/10220 for service Intent { cmp=com.android.chrome/org.chromium.content.app.SandboxedProcessService0 }: process is bad
09-02 02:19:55.072  1513  3221 E ProcessStats: Service owner ServiceRecord{208917f u0 com.android.chrome/org.chromium.content.app.SandboxedProcessService0:104} cleared while exec: pkg=com.android.chrome service=org.chromium.content.app.SandboxedProcessService0 proc=ProcessState{b8c331 com.android.chrome:sandboxed_process0/10220 pkg=com.android.chrome}
09-02 02:19:55.072  1513  3221 E ProcessStats: android.util.Log$TerribleFailure: Service owner ServiceRecord{208917f u0 com.android.chrome/org.chromium.content.app.SandboxedProcessService0:104} cleared while exec: pkg=com.android.chrome service=org.chromium.content.app.SandboxedProcessService0 proc=ProcessState{b8c331 com.android.chrome:sandboxed_process0/10220 pkg=com.android.chrome}
09-02 02:19:55.072  1513  3221 E ProcessStats: 	at android.util.Log.wtf(Log.java:313)
09-02 02:19:55.072  1513  3221 E ProcessStats: 	at android.util.Slog.wtfStack(Slog.java:111)
09-02 02:19:55.072  1513  3221 E ProcessStats: 	at com.android.internal.app.procstats.ServiceState.clearCurrentOwner(ServiceState.java:187)
09-02 02:19:55.072  1513  3221 E ProcessStats: 	at com.android.server.am.ActiveServices.bringDownServiceLocked(ActiveServices.java:3424)
09-02 02:19:55.072  1513  3221 E ProcessStats: 	at com.android.server.am.ActiveServices.bringUpServiceLocked(ActiveServices.java:2955)
09-02 02:19:55.072  1513  3221 E ProcessStats: 	at com.android.server.am.ActiveServices.bindServiceLocked(ActiveServices.java:2064)
09-02 02:19:55.072  1513  3221 E ProcessStats: 	at com.android.server.am.ActivityManagerService.bindIsolatedService(ActivityManagerService.java:15169)
09-02 02:19:55.072  1513  3221 E ProcessStats: 	at android.app.IActivityManager$Stub.onTransact(IActivityManager.java:2563)
09-02 02:19:55.072  1513  3221 E ProcessStats: 	at com.android.server.am.ActivityManagerService.onTransact(ActivityManagerService.java:2867)
09-02 02:19:55.072  1513  3221 E ProcessStats: 	at android.os.Binder.execTransactInternal(Binder.java:1154)
09-02 02:19:55.072  1513  3221 E ProcessStats: 	at android.os.Binder.execTransact(Binder.java:1123)
09-02 02:19:55.074  3358  3415 W cr_ChildProcessConn: Fallback to ComponentInfo{com.android.chrome/org.chromium.content.app.SandboxedProcessService1}
09-02 02:19:55.075  1513  2262 E ProcessStats: Executing service ServiceState{cf3a3d8 org.chromium.content.app.SandboxedProcessService0 pkg=com.android.chrome proc=b8c331} without owner
09-02 02:19:55.076  1513  2262 E ProcessStats: Foregrounding service ServiceState{cf3a3d8 org.chromium.content.app.SandboxedProcessService0 pkg=com.android.chrome proc=b8c331} without owner
09-02 02:19:55.076  1513  3221 D CompatibilityChangeReporter: Compat change id reported: 135634846; UID 10220; state: DISABLED
09-02 02:19:55.076  1513  3221 D CompatibilityChangeReporter: Compat change id reported: 135754954; UID 10220; state: ENABLED
09-02 02:19:55.078  1513  2262 E ProcessStats: Executing service ServiceState{cf3a3d8 org.chromium.content.app.SandboxedProcessService0 pkg=com.android.chrome proc=b8c331} without owner
09-02 02:19:55.078  1513  2262 E ProcessStats: Foregrounding service ServiceState{cf3a3d8 org.chromium.content.app.SandboxedProcessService0 pkg=com.android.chrome proc=b8c331} without owner
09-02 02:19:55.079  1513  3221 E ProcessStats: Executing service ServiceState{cf3a3d8 org.chromium.content.app.SandboxedProcessService0 pkg=com.android.chrome proc=b8c331} without owner
09-02 02:19:55.079  1513  3221 E ProcessStats: Binding service ServiceState{cf3a3d8 org.chromium.content.app.SandboxedProcessService0 pkg=com.android.chrome proc=b8c331} without owner
09-02 02:19:55.079  1513  3221 E ProcessStats: Starting service ServiceState{cf3a3d8 org.chromium.content.app.SandboxedProcessService0 pkg=com.android.chrome proc=b8c331} without owner
09-02 02:19:55.079  1513  3221 E ProcessStats: Binding service ServiceState{cf3a3d8 org.chromium.content.app.SandboxedProcessService0 pkg=com.android.chrome proc=b8c331} without owner
09-02 02:19:55.080  1513  3221 I ActivityManager: Killing 3734:com.android.chrome:sandboxed_process0:org.chromium.content.app.SandboxedProcessService0:8/u0a220i-8992 (adj 0): isolated not needed
09-02 02:19:55.080  1513  1640 I libprocessgroup: Successfully killed process cgroup uid 90008 pid 3734 in 0ms
09-02 02:19:55.082   901  2806 I sensors-hal: [ssc_utils]get_qmi_debug_flag:244, support_qmi_debug : false
09-02 02:19:55.086  5237  5267 I cr_LibraryLoader: Using ModernLinker
09-02 02:19:55.087  1513  2172 W ActivityManager: Failed making new process record for com.android.chrome:sandboxed_process0:org.chromium.content.app.SandboxedProcessService0:105/10220 isolated=true
09-02 02:19:55.087  1513  2172 W ActivityManager: Unable to launch app com.android.chrome/10220 for service Intent { cmp=com.android.chrome/org.chromium.content.app.SandboxedProcessService0 }: process is bad
09-02 02:19:55.087  1513  2172 E ProcessStats: Service owner ServiceRecord{703a205 u0 com.android.chrome/org.chromium.content.app.SandboxedProcessService0:105} cleared while exec: pkg=com.android.chrome service=org.chromium.content.app.SandboxedProcessService0 proc=ProcessState{b8c331 com.android.chrome:sandboxed_process0/10220 pkg=com.android.chrome}
09-02 02:19:55.087  1513  2172 E ProcessStats: android.util.Log$TerribleFailure: Service owner ServiceRecord{703a205 u0 com.android.chrome/org.chromium.content.app.SandboxedProcessService0:105} cleared while exec: pkg=com.android.chrome service=org.chromium.content.app.SandboxedProcessService0 proc=ProcessState{b8c331 com.android.chrome:sandboxed_process0/10220 pkg=com.android.chrome}
09-02 02:19:55.087  1513  2172 E ProcessStats: 	at android.util.Log.wtf(Log.java:313)
09-02 02:19:55.087  1513  2172 E ProcessStats: 	at android.util.Slog.wtfStack(Slog.java:111)
09-02 02:19:55.087  1513  2172 E ProcessStats: 	at com.android.internal.app.procstats.ServiceState.clearCurrentOwner(ServiceState.java:187)
09-02 02:19:55.087  1513  2172 E ProcessStats: 	at com.android.server.am.ActiveServices.bringDownServiceLocked(ActiveServices.java:3424)
09-02 02:19:55.087  1513  2172 E ProcessStats: 	at com.android.server.am.ActiveServices.bringUpServiceLocked(ActiveServices.java:2955)
09-02 02:19:55.087  1513  2172 E ProcessStats: 	at com.android.server.am.ActiveServices.bindServiceLocked(ActiveServices.java:2064)
09-02 02:19:55.087  1513  2172 E ProcessStats: 	at com.android.server.am.ActivityManagerService.bindIsolatedService(ActivityManagerService.java:15169)
09-02 02:19:55.087  1513  2172 E ProcessStats: 	at android.app.IActivityManager$Stub.onTransact(IActivityManager.java:2563)
09-02 02:19:55.087  1513  2172 E ProcessStats: 	at com.android.server.am.ActivityManagerService.onTransact(ActivityManagerService.java:2867)
09-02 02:19:55.087  1513  2172 E ProcessStats: 	at android.os.Binder.execTransactInternal(Binder.java:1154)
09-02 02:19:55.087  1513  2172 E ProcessStats: 	at android.os.Binder.execTransact(Binder.java:1123)
09-02 02:19:55.088  3358  3415 W cr_ChildProcessConn: Fallback to ComponentInfo{com.android.chrome/org.chromium.content.app.SandboxedProcessService1}
09-02 02:19:55.088  5237  5267 W linker  : Warning: "/data/app/~~_KLlx60MH8CoecPTjMKp8g==/com.android.chrome-kw9RHYrlHKb9bPXi8OTClw==/base.apk!/lib/arm64-v8a/libchromium_android_linker.so" unused DT entry: unknown processor-specific (type 0x70000001 arg 0x0) (ignoring)
09-02 02:19:55.089  5237  5267 E cr_ChromiumAndroidLinker: ReserveAddressWithHint: Address range starting at 0x7a3876a000 was not free to use
09-02 02:19:55.090  1513  2172 E ProcessStats: Executing service ServiceState{cf3a3d8 org.chromium.content.app.SandboxedProcessService0 pkg=com.android.chrome proc=b8c331} without owner
09-02 02:19:55.090  1513  2172 E ProcessStats: Binding service ServiceState{cf3a3d8 org.chromium.content.app.SandboxedProcessService0 pkg=com.android.chrome proc=b8c331} without owner
09-02 02:19:55.091  1513  2172 E ProcessStats: Starting service ServiceState{cf3a3d8 org.chromium.content.app.SandboxedProcessService0 pkg=com.android.chrome proc=b8c331} without owner
09-02 02:19:55.091  1513  2172 E ProcessStats: Binding service ServiceState{cf3a3d8 org.chromium.content.app.SandboxedProcessService0 pkg=com.android.chrome proc=b8c331} without owner
09-02 02:19:55.091  1513  2172 I ActivityManager: Killing 3767:com.android.chrome:sandboxed_process0:org.chromium.content.app.SandboxedProcessService0:9/u0a220i-8991 (adj 0): isolated not needed
09-02 02:19:55.093  5182  5266 I cr_LibraryLoader: Using ModernLinker
09-02 02:19:55.094  1513  3227 W ActivityManager: Failed making new process record for com.android.chrome:sandboxed_process0:org.chromium.content.app.SandboxedProcessService0:106/10220 isolated=true
09-02 02:19:55.094  1513  3227 W ActivityManager: Unable to launch app com.android.chrome/10220 for service Intent { cmp=com.android.chrome/org.chromium.content.app.SandboxedProcessService0 }: process is bad
09-02 02:19:55.095  1513  3227 E ProcessStats: Service owner ServiceRecord{30df580 u0 com.android.chrome/org.chromium.content.app.SandboxedProcessService0:106} cleared while exec: pkg=com.android.chrome service=org.chromium.content.app.SandboxedProcessService0 proc=ProcessState{b8c331 com.android.chrome:sandboxed_process0/10220 pkg=com.android.chrome}
09-02 02:19:55.095  1513  3227 E ProcessStats: android.util.Log$TerribleFailure: Service owner ServiceRecord{30df580 u0 com.android.chrome/org.chromium.content.app.SandboxedProcessService0:106} cleared while exec: pkg=com.android.chrome service=org.chromium.content.app.SandboxedProcessService0 proc=ProcessState{b8c331 com.android.chrome:sandboxed_process0/10220 pkg=com.android.chrome}
09-02 02:19:55.095  1513  3227 E ProcessStats: 	at android.util.Log.wtf(Log.java:313)
09-02 02:19:55.095  1513  3227 E ProcessStats: 	at android.util.Slog.wtfStack(Slog.java:111)
09-02 02:19:55.095  1513  3227 E ProcessStats: 	at com.android.internal.app.procstats.ServiceState.clearCurrentOwner(ServiceState.java:187)
09-02 02:19:55.095  1513  3227 E ProcessStats: 	at com.android.server.am.ActiveServices.bringDownServiceLocked(ActiveServices.java:3424)
09-02 02:19:55.095  1513  3227 E ProcessStats: 	at com.android.server.am.ActiveServices.bringUpServiceLocked(ActiveServices.java:2955)
09-02 02:19:55.095  1513  3227 E ProcessStats: 	at com.android.server.am.ActiveServices.bindServiceLocked(ActiveServices.java:2064)
09-02 02:19:55.095  1513  3227 E ProcessStats: 	at com.android.server.am.ActivityManagerService.bindIsolatedService(ActivityManagerService.java:15169)
09-02 02:19:55.095  1513  3227 E ProcessStats: 	at android.app.IActivityManager$Stub.onTransact(IActivityManager.java:2563)
09-02 02:19:55.095  1513  3227 E ProcessStats: 	at com.android.server.am.ActivityManagerService.onTransact(ActivityManagerService.java:2867)
09-02 02:19:55.095  1513  3227 E ProcessStats: 	at android.os.Binder.execTransactInternal(Binder.java:1154)
09-02 02:19:55.095  1513  3227 E ProcessStats: 	at android.os.Binder.execTransact(Binder.java:1123)
09-02 02:19:55.095  1513  1640 I libprocessgroup: Successfully killed process cgroup uid 90009 pid 3767 in 0ms
09-02 02:19:55.095  5182  5266 W linker  : Warning: "/data/app/~~_KLlx60MH8CoecPTjMKp8g==/com.android.chrome-kw9RHYrlHKb9bPXi8OTClw==/base.apk!/lib/arm64-v8a/libchromium_android_linker.so" unused DT entry: unknown processor-specific (type 0x70000001 arg 0x0) (ignoring)
09-02 02:19:55.095  3358  3415 W cr_ChildProcessConn: Fallback to ComponentInfo{com.android.chrome/org.chromium.content.app.SandboxedProcessService1}
09-02 02:19:55.096  5182  5266 E cr_ChromiumAndroidLinker: ReserveAddressWithHint: Address range starting at 0x7a3876a000 was not free to use
09-02 02:19:55.102  5237  5317 I cr_LibraryLoader: Successfully loaded native library
09-02 02:19:55.102  5237  5317 I cr_CachingUmaRecorder: Flushed 3 samples from 3 histograms.
09-02 02:19:55.103  5182  5302 I cr_LibraryLoader: Successfully loaded native library
09-02 02:19:55.103  1513  2172 E ProcessStats: Executing service ServiceState{cf3a3d8 org.chromium.content.app.SandboxedProcessService0 pkg=com.android.chrome proc=b8c331} without owner
09-02 02:19:55.104  1513  2172 E ProcessStats: Foregrounding service ServiceState{cf3a3d8 org.chromium.content.app.SandboxedProcessService0 pkg=com.android.chrome proc=b8c331} without owner
09-02 02:19:55.104  5182  5302 I cr_CachingUmaRecorder: Flushed 3 samples from 3 histograms.
09-02 02:19:55.104  3088  3121 I GsaVoiceInteractionSrv: (REDACTED) isHotwordRecognitionEnabled %b %b
09-02 02:19:55.104  1513  2262 E ProcessStats: Executing service ServiceState{cf3a3d8 org.chromium.content.app.SandboxedProcessService0 pkg=com.android.chrome proc=b8c331} without owner
09-02 02:19:55.105  1513  2262 E ProcessStats: Binding service ServiceState{cf3a3d8 org.chromium.content.app.SandboxedProcessService0 pkg=com.android.chrome proc=b8c331} without owner
09-02 02:19:55.105  1513  2262 E ProcessStats: Starting service ServiceState{cf3a3d8 org.chromium.content.app.SandboxedProcessService0 pkg=com.android.chrome proc=b8c331} without owner
09-02 02:19:55.106  1513  2262 E ProcessStats: Binding service ServiceState{cf3a3d8 org.chromium.content.app.SandboxedProcessService0 pkg=com.android.chrome proc=b8c331} without owner
09-02 02:19:55.106  3803  3803 I cr_ChildProcessService: Destroying ChildProcessService pid=3803
09-02 02:19:55.107  1513  2262 I ActivityManager: Killing 3803:com.android.chrome:sandboxed_process0:org.chromium.content.app.SandboxedProcessService0:10/u0a220i-8990 (adj 0): isolated not needed
09-02 02:19:55.110  1513  3227 E ProcessStats: Executing service ServiceState{cf3a3d8 org.chromium.content.app.SandboxedProcessService0 pkg=com.android.chrome proc=b8c331} without owner
09-02 02:19:55.111  1513  3227 D CompatibilityChangeReporter: Compat change id reported: 136274596; UID 10220; state: ENABLED
09-02 02:19:55.111  5276  5276 I LoadedApk: No resource references to update in package com.google.android.trichromelibrary
09-02 02:19:55.111  5276  5276 D NetworkSecurityConfig: Using Network Security Config from resource 0_resource_name_obfuscated debugBuild: false
09-02 02:19:55.112  5276  5276 D NetworkSecurityConfig: Using Network Security Config from resource 0_resource_name_obfuscated debugBuild: false
09-02 02:19:55.113  1513  1640 I libprocessgroup: Successfully killed process cgroup uid 90010 pid 3803 in 0ms
09-02 02:19:55.114  5276  5276 I cr_SplitCompatApp: Launched version=107.0.5304.91 minSdkVersion=29 isBundle=true processName=com.android.chrome:sandboxed_process0:org.chromium.content.app.SandboxedProcessService0:56 isIsolated=true
09-02 02:19:55.126  5276  5276 W SystemServiceRegistry: No service published for: uimode
09-02 02:19:55.126  5194  5268 I cr_LibraryLoader: Using ModernLinker
09-02 02:19:55.127   901  1000 W ASH     : @ 59181.578: Unhandled msg ID 999: line 1277
09-02 02:19:55.127   901  1000 E ASH     : @ 59181.578: No pb callback assigned
09-02 02:19:55.127   901  1000 E ASH     : @ 59181.578: Nanopb error: callback failed:1588
09-02 02:19:55.128  5194  5268 W linker  : Warning: "/data/app/~~_KLlx60MH8CoecPTjMKp8g==/com.android.chrome-kw9RHYrlHKb9bPXi8OTClw==/base.apk!/lib/arm64-v8a/libchromium_android_linker.so" unused DT entry: unknown processor-specific (type 0x70000001 arg 0x0) (ignoring)
09-02 02:19:55.129  5194  5268 E cr_ChromiumAndroidLinker: ReserveAddressWithHint: Address range starting at 0x7a3876a000 was not free to use
09-02 02:19:55.130  5276  5276 I cr_ChildProcessService: Creating new ChildProcessService pid=5276
09-02 02:19:55.132  1513  2172 W ActivityManager: Failed making new process record for com.android.chrome:sandboxed_process0:org.chromium.content.app.SandboxedProcessService0:107/10220 isolated=true
09-02 02:19:55.132  1513  2172 W ActivityManager: Unable to launch app com.android.chrome/10220 for service Intent { cmp=com.android.chrome/org.chromium.content.app.SandboxedProcessService0 }: process is bad
09-02 02:19:55.132  1513  2172 E ProcessStats: Service owner ServiceRecord{8e765ba u0 com.android.chrome/org.chromium.content.app.SandboxedProcessService0:107} cleared while exec: pkg=com.android.chrome service=org.chromium.content.app.SandboxedProcessService0 proc=ProcessState{b8c331 com.android.chrome:sandboxed_process0/10220 pkg=com.android.chrome}
09-02 02:19:55.132  1513  2172 E ProcessStats: android.util.Log$TerribleFailure: Service owner ServiceRecord{8e765ba u0 com.android.chrome/org.chromium.content.app.SandboxedProcessService0:107} cleared while exec: pkg=com.android.chrome service=org.chromium.content.app.SandboxedProcessService0 proc=ProcessState{b8c331 com.android.chrome:sandboxed_process0/10220 pkg=com.android.chrome}
09-02 02:19:55.132  1513  2172 E ProcessStats: 	at android.util.Log.wtf(Log.java:313)
09-02 02:19:55.132  1513  2172 E ProcessStats: 	at android.util.Slog.wtfStack(Slog.java:111)
09-02 02:19:55.132  1513  2172 E ProcessStats: 	at com.android.internal.app.procstats.ServiceState.clearCurrentOwner(ServiceState.java:187)
09-02 02:19:55.132  1513  2172 E ProcessStats: 	at com.android.server.am.ActiveServices.bringDownServiceLocked(ActiveServices.java:3424)
09-02 02:19:55.132  1513  2172 E ProcessStats: 	at com.android.server.am.ActiveServices.bringUpServiceLocked(ActiveServices.java:2955)
09-02 02:19:55.132  1513  2172 E ProcessStats: 	at com.android.server.am.ActiveServices.bindServiceLocked(ActiveServices.java:2064)
09-02 02:19:55.132  1513  2172 E ProcessStats: 	at com.android.server.am.ActivityManagerService.bindIsolatedService(ActivityManagerService.java:15169)
