09-02 02:19:52.331  3542  3562 W linker  : Warning: "/data/app/~~_KLlx60MH8CoecPTjMKp8g==/com.android.chrome-kw9RHYrlHKb9bPXi8OTClw==/base.apk!/lib/arm64-v8a/libchromium_android_linker.so" unused DT entry: unknown processor-specific (type 0x70000001 arg 0x0) (ignoring)
09-02 02:19:52.332  3542  3562 E cr_ChromiumAndroidLinker: ReserveAddressWithHint: Address range starting at 0x7a3876a000 was not free to use
09-02 02:19:52.333  3607  3607 E ocessService0:: Not starting debugger since process cannot load the jdwp agent.
09-02 02:19:52.335  3559  3582 I cr_LibraryLoader: Using ModernLinker
09-02 02:19:52.338  3559  3582 W linker  : Warning: "/data/app/~~_KLlx60MH8CoecPTjMKp8g==/com.android.chrome-kw9RHYrlHKb9bPXi8OTClw==/base.apk!/lib/arm64-v8a/libchromium_android_linker.so" unused DT entry: unknown processor-specific (type 0x70000001 arg 0x0) (ignoring)
09-02 02:19:52.339  3559  3582 E cr_ChromiumAndroidLinker: ReserveAddressWithHint: Address range starting at 0x7a3876a000 was not free to use
09-02 02:19:52.339  3542  3603 I cr_LibraryLoader: Successfully loaded native library
09-02 02:19:52.341  3583  3583 I LoadedApk: No resource references to update in package com.google.android.trichromelibrary
09-02 02:19:52.341  3583  3583 D NetworkSecurityConfig: Using Network Security Config from resource 0_resource_name_obfuscated debugBuild: false
09-02 02:19:52.341  3358  3358 E cr_IntentUtils: getBooleanExtra failed on intent null
09-02 02:19:52.341  3358  3358 E cr_IntentUtils: getBooleanExtra failed on intent null
09-02 02:19:52.342  3583  3583 D NetworkSecurityConfig: Using Network Security Config from resource 0_resource_name_obfuscated debugBuild: false
09-02 02:19:52.343  3583  3583 I cr_SplitCompatApp: Launched version=107.0.5304.91 minSdkVersion=29 isBundle=true processName=com.android.chrome:sandboxed_process0:org.chromium.content.app.SandboxedProcessService0:3 isIsolated=true
09-02 02:19:52.345  3559  3622 I cr_LibraryLoader: Successfully loaded native library
09-02 02:19:52.346  3542  3603 I cr_CachingUmaRecorder: Flushed 3 samples from 3 histograms.
09-02 02:19:52.347  3559  3622 I cr_CachingUmaRecorder: Flushed 3 samples from 3 histograms.
09-02 02:19:52.352  3358  3358 I cr_tabmodel: #isIncognitoTabBeingRestored from tabDetails:  false
09-02 02:19:52.352  3358  3358 I cr_tabmodel: #isIncognitoTabBeingRestored from tabDetails:  false
09-02 02:19:52.353  3358  3358 W cr_tabmodel: Failed to restore TabState; creating Tab with last known URL.
09-02 02:19:52.354  1513  3221 D CompatibilityChangeReporter: Compat change id reported: 136274596; UID 10220; state: ENABLED
09-02 02:19:52.359  3583  3583 W SystemServiceRegistry: No service published for: uimode
09-02 02:19:52.359  3416  3416 D Zygote  : Forked child process 3632
09-02 02:19:52.361  1513  1625 I ActivityManager: Start proc 3632:com.android.chrome:sandboxed_process0:org.chromium.content.app.SandboxedProcessService0:5/u0ai5 for  {com.android.chrome/org.chromium.content.app.SandboxedProcessService0:5}
09-02 02:19:52.361  3632  3632 E libc    : SetHeapTaggingLevel: re-enabling tagging after it was disabled is not supported
09-02 02:19:52.361  1513  1625 D CompatibilityChangeReporter: Compat change id reported: 143937733; UID 10220; state: ENABLED
09-02 02:19:52.364  3583  3583 I cr_ChildProcessService: Creating new ChildProcessService pid=3583
09-02 02:19:52.365  1513  3221 D CompatibilityChangeReporter: Compat change id reported: 135634846; UID 10220; state: DISABLED
09-02 02:19:52.365  1513  3221 D CompatibilityChangeReporter: Compat change id reported: 135754954; UID 10220; state: ENABLED
09-02 02:19:52.370  3358  3358 E cr_IntentUtils: getBooleanExtra failed on intent null
09-02 02:19:52.370  3358  3358 E cr_IntentUtils: getBooleanExtra failed on intent null
09-02 02:19:52.371  3632  3632 E ocessService0:: Not starting debugger since process cannot load the jdwp agent.
09-02 02:19:52.373  3583  3602 I cr_LibraryLoader: Using ModernLinker
09-02 02:19:52.375  3583  3602 W linker  : Warning: "/data/app/~~_KLlx60MH8CoecPTjMKp8g==/com.android.chrome-kw9RHYrlHKb9bPXi8OTClw==/base.apk!/lib/arm64-v8a/libchromium_android_linker.so" unused DT entry: unknown processor-specific (type 0x70000001 arg 0x0) (ignoring)
09-02 02:19:52.376  3607  3607 I LoadedApk: No resource references to update in package com.google.android.trichromelibrary
09-02 02:19:52.376  3583  3602 E cr_ChromiumAndroidLinker: ReserveAddressWithHint: Address range starting at 0x7a3876a000 was not free to use
09-02 02:19:52.377  3607  3607 D NetworkSecurityConfig: Using Network Security Config from resource 0_resource_name_obfuscated debugBuild: false
09-02 02:19:52.378  3607  3607 D NetworkSecurityConfig: Using Network Security Config from resource 0_resource_name_obfuscated debugBuild: false
09-02 02:19:52.380  3607  3607 I cr_SplitCompatApp: Launched version=107.0.5304.91 minSdkVersion=29 isBundle=true processName=com.android.chrome:sandboxed_process0:org.chromium.content.app.SandboxedProcessService0:4 isIsolated=true
09-02 02:19:52.381  3358  3358 I cr_tabmodel: #isIncognitoTabBeingRestored from tabDetails:  false
09-02 02:19:52.382  3358  3358 I cr_tabmodel: #isIncognitoTabBeingRestored from tabDetails:  false
09-02 02:19:52.382  3358  3358 W cr_tabmodel: Failed to restore TabState; creating Tab with last known URL.
09-02 02:19:52.390  3583  3643 I cr_LibraryLoader: Successfully loaded native library
09-02 02:19:52.391  3583  3643 I cr_CachingUmaRecorder: Flushed 3 samples from 3 histograms.
09-02 02:19:52.395  1513  3246 D CompatibilityChangeReporter: Compat change id reported: 136274596; UID 10220; state: ENABLED
09-02 02:19:52.397  3607  3607 W SystemServiceRegistry: No service published for: uimode
09-02 02:19:52.397  3358  3358 E cr_IntentUtils: getBooleanExtra failed on intent null
09-02 02:19:52.397  3358  3358 E cr_IntentUtils: getBooleanExtra failed on intent null
09-02 02:19:52.399  3416  3416 D Zygote  : Forked child process 3669
09-02 02:19:52.399  1513  9003 D CompatibilityChangeReporter: Compat change id reported: 135634846; UID 10220; state: DISABLED
09-02 02:19:52.399  1513  9003 D CompatibilityChangeReporter: Compat change id reported: 135754954; UID 10220; state: ENABLED
09-02 02:19:52.400  1513  1625 W ActivityManager: Slow operation: 60ms so far, now at startProcess: returned from zygote!
09-02 02:19:52.401  1513  1625 W ActivityManager: Slow operation: 60ms so far, now at startProcess: done updating battery stats
09-02 02:19:52.401  3669  3669 E libc    : SetHeapTaggingLevel: re-enabling tagging after it was disabled is not supported
09-02 02:19:52.401  1513  1625 W ActivityManager: Slow operation: 60ms so far, now at startProcess: building log message
09-02 02:19:52.401  1513  1625 I ActivityManager: Start proc 3669:com.android.chrome:sandboxed_process0:org.chromium.content.app.SandboxedProcessService0:6/u0ai6 for  {com.android.chrome/org.chromium.content.app.SandboxedProcessService0:6}
09-02 02:19:52.401  1513  1625 W ActivityManager: Slow operation: 60ms so far, now at startProcess: starting to update pids map
09-02 02:19:52.401  1513  1625 W ActivityManager: Slow operation: 60ms so far, now at startProcess: done updating pids map
09-02 02:19:52.401  1513  1625 D CompatibilityChangeReporter: Compat change id reported: 143937733; UID 10220; state: ENABLED
09-02 02:19:52.404  3607  3607 I cr_ChildProcessService: Creating new ChildProcessService pid=3607
09-02 02:19:52.413  3669  3669 E ocessService0:: Not starting debugger since process cannot load the jdwp agent.
09-02 02:19:52.413  3607  3630 I cr_LibraryLoader: Using ModernLinker
09-02 02:19:52.415  3358  3358 I cr_tabmodel: #isIncognitoTabBeingRestored from tabDetails:  false
09-02 02:19:52.415  3358  3358 I cr_tabmodel: #isIncognitoTabBeingRestored from tabDetails:  false
09-02 02:19:52.415  3358  3358 W cr_tabmodel: Failed to restore TabState; creating Tab with last known URL.
09-02 02:19:52.416  3607  3630 W linker  : Warning: "/data/app/~~_KLlx60MH8CoecPTjMKp8g==/com.android.chrome-kw9RHYrlHKb9bPXi8OTClw==/base.apk!/lib/arm64-v8a/libchromium_android_linker.so" unused DT entry: unknown processor-specific (type 0x70000001 arg 0x0) (ignoring)
09-02 02:19:52.417  3607  3630 E cr_ChromiumAndroidLinker: ReserveAddressWithHint: Address range starting at 0x7a3876a000 was not free to use
09-02 02:19:52.426  3607  3677 I cr_LibraryLoader: Successfully loaded native library
09-02 02:19:52.427  3607  3677 I cr_CachingUmaRecorder: Flushed 3 samples from 3 histograms.
09-02 02:19:52.429  3632  3632 I LoadedApk: No resource references to update in package com.google.android.trichromelibrary
09-02 02:19:52.430  3632  3632 D NetworkSecurityConfig: Using Network Security Config from resource 0_resource_name_obfuscated debugBuild: false
09-02 02:19:52.431  3632  3632 D NetworkSecurityConfig: Using Network Security Config from resource 0_resource_name_obfuscated debugBuild: false
09-02 02:19:52.431  3358  3358 E cr_IntentUtils: getBooleanExtra failed on intent null
09-02 02:19:52.431  3358  3358 E cr_IntentUtils: getBooleanExtra failed on intent null
09-02 02:19:52.432  3632  3632 I cr_SplitCompatApp: Launched version=107.0.5304.91 minSdkVersion=29 isBundle=true processName=com.android.chrome:sandboxed_process0:org.chromium.content.app.SandboxedProcessService0:5 isIsolated=true
09-02 02:19:52.447  3358  3358 I cr_tabmodel: #isIncognitoTabBeingRestored from tabDetails:  false
09-02 02:19:52.447  3358  3358 I cr_tabmodel: #isIncognitoTabBeingRestored from tabDetails:  false
09-02 02:19:52.447  3358  3358 W cr_tabmodel: Failed to restore TabState; creating Tab with last known URL.
09-02 02:19:52.450  3632  3632 W SystemServiceRegistry: No service published for: uimode
09-02 02:19:52.452  1513  3221 D CompatibilityChangeReporter: Compat change id reported: 136274596; UID 10220; state: ENABLED
09-02 02:19:52.455  3416  3416 D Zygote  : Forked child process 3709
09-02 02:19:52.456  1513  1625 W ActivityManager: Slow operation: 91ms so far, now at startProcess: returned from zygote!
09-02 02:19:52.457  1513  1625 W ActivityManager: Slow operation: 91ms so far, now at startProcess: done updating battery stats
09-02 02:19:52.457  1513  1625 W ActivityManager: Slow operation: 91ms so far, now at startProcess: building log message
09-02 02:19:52.457  1513  1625 I ActivityManager: Start proc 3709:com.android.chrome:sandboxed_process0:org.chromium.content.app.SandboxedProcessService0:7/u0ai7 for  {com.android.chrome/org.chromium.content.app.SandboxedProcessService0:7}
09-02 02:19:52.457  1513  1625 W ActivityManager: Slow operation: 91ms so far, now at startProcess: starting to update pids map
09-02 02:19:52.457  1513  1625 W ActivityManager: Slow operation: 91ms so far, now at startProcess: done updating pids map
09-02 02:19:52.457  3632  3632 I cr_ChildProcessService: Creating new ChildProcessService pid=3632
09-02 02:19:52.457  1513  1625 W ActivityManager: Slow operation: 57ms so far, now at startProcess: asking zygote to start proc
09-02 02:19:52.457  1513  1625 D CompatibilityChangeReporter: Compat change id reported: 143937733; UID 10220; state: ENABLED
09-02 02:19:52.457  3709  3709 E libc    : SetHeapTaggingLevel: re-enabling tagging after it was disabled is not supported
09-02 02:19:52.459  1513  2262 D CompatibilityChangeReporter: Compat change id reported: 135634846; UID 10220; state: DISABLED
09-02 02:19:52.459  1513  2262 D CompatibilityChangeReporter: Compat change id reported: 135754954; UID 10220; state: ENABLED
09-02 02:19:52.462  3358  3358 E cr_IntentUtils: getBooleanExtra failed on intent null
09-02 02:19:52.462  3358  3358 E cr_IntentUtils: getBooleanExtra failed on intent null
09-02 02:19:52.465  3632  3675 I cr_LibraryLoader: Using ModernLinker
09-02 02:19:52.470  3632  3675 W linker  : Warning: "/data/app/~~_KLlx60MH8CoecPTjMKp8g==/com.android.chrome-kw9RHYrlHKb9bPXi8OTClw==/base.apk!/lib/arm64-v8a/libchromium_android_linker.so" unused DT entry: unknown processor-specific (type 0x70000001 arg 0x0) (ignoring)
09-02 02:19:52.471  3632  3675 E cr_ChromiumAndroidLinker: ReserveAddressWithHint: Address range starting at 0x7a3876a000 was not free to use
09-02 02:19:52.473  3358  3358 I cr_tabmodel: #isIncognitoTabBeingRestored from tabDetails:  false
09-02 02:19:52.473  3358  3358 I cr_tabmodel: #isIncognitoTabBeingRestored from tabDetails:  false
09-02 02:19:52.474  3358  3358 W cr_tabmodel: Failed to restore TabState; creating Tab with last known URL.
09-02 02:19:52.476  3669  3669 I LoadedApk: No resource references to update in package com.google.android.trichromelibrary
09-02 02:19:52.476  3669  3669 D NetworkSecurityConfig: Using Network Security Config from resource 0_resource_name_obfuscated debugBuild: false
09-02 02:19:52.477  3669  3669 D NetworkSecurityConfig: Using Network Security Config from resource 0_resource_name_obfuscated debugBuild: false
09-02 02:19:52.479  3669  3669 I cr_SplitCompatApp: Launched version=107.0.5304.91 minSdkVersion=29 isBundle=true processName=com.android.chrome:sandboxed_process0:org.chromium.content.app.SandboxedProcessService0:6 isIsolated=true
09-02 02:19:52.482  3709  3709 E ocessService0:: Not starting debugger since process cannot load the jdwp agent.
09-02 02:19:52.487  3416  3416 D Zygote  : Forked child process 3734
09-02 02:19:52.488  3632  3717 I cr_LibraryLoader: Successfully loaded native library
09-02 02:19:52.489  3632  3717 I cr_CachingUmaRecorder: Flushed 3 samples from 3 histograms.
09-02 02:19:52.490  3358  3358 E cr_IntentUtils: getBooleanExtra failed on intent null
09-02 02:19:52.490  3358  3358 E cr_IntentUtils: getBooleanExtra failed on intent null
09-02 02:19:52.494  1513  1625 W ActivityManager: Slow operation: 94ms so far, now at startProcess: returned from zygote!
09-02 02:19:52.494  1513  1625 W ActivityManager: Slow operation: 95ms so far, now at startProcess: done updating battery stats
09-02 02:19:52.494  1513  1625 W ActivityManager: Slow operation: 95ms so far, now at startProcess: building log message
09-02 02:19:52.494  1513  1625 I ActivityManager: Start proc 3734:com.android.chrome:sandboxed_process0:org.chromium.content.app.SandboxedProcessService0:8/u0ai8 for  {com.android.chrome/org.chromium.content.app.SandboxedProcessService0:8}
09-02 02:19:52.494  1513  1625 W ActivityManager: Slow operation: 95ms so far, now at startProcess: starting to update pids map
09-02 02:19:52.494  1513  1625 W ActivityManager: Slow operation: 95ms so far, now at startProcess: done updating pids map
09-02 02:19:52.494  1513  1625 W ActivityManager: Slow operation: 69ms so far, now at startProcess: asking zygote to start proc
09-02 02:19:52.499  1513  2262 D CompatibilityChangeReporter: Compat change id reported: 136274596; UID 10220; state: ENABLED
09-02 02:19:52.501  3358  3358 I cr_tabmodel: #isIncognitoTabBeingRestored from tabDetails:  false
09-02 02:19:52.501  3358  3358 I cr_tabmodel: #isIncognitoTabBeingRestored from tabDetails:  false
09-02 02:19:52.501  3358  3358 W cr_tabmodel: Failed to restore TabState; creating Tab with last known URL.
09-02 02:19:52.504  3734  3734 E libc    : SetHeapTaggingLevel: re-enabling tagging after it was disabled is not supported
09-02 02:19:52.505  3669  3669 W SystemServiceRegistry: No service published for: uimode
09-02 02:19:52.511  3669  3669 I cr_ChildProcessService: Creating new ChildProcessService pid=3669
09-02 02:19:52.513  1513  2262 D CompatibilityChangeReporter: Compat change id reported: 135634846; UID 10220; state: DISABLED
09-02 02:19:52.513  1513  2262 D CompatibilityChangeReporter: Compat change id reported: 135754954; UID 10220; state: ENABLED
09-02 02:19:52.516  3358  3358 E cr_IntentUtils: getBooleanExtra failed on intent null
09-02 02:19:52.516  3358  3358 E cr_IntentUtils: getBooleanExtra failed on intent null
09-02 02:19:52.517  3669  3708 I cr_LibraryLoader: Using ModernLinker
09-02 02:19:52.518  3669  3708 W linker  : Warning: "/data/app/~~_KLlx60MH8CoecPTjMKp8g==/com.android.chrome-kw9RHYrlHKb9bPXi8OTClw==/base.apk!/lib/arm64-v8a/libchromium_android_linker.so" unused DT entry: unknown processor-specific (type 0x70000001 arg 0x0) (ignoring)
09-02 02:19:52.519  3669  3708 E cr_ChromiumAndroidLinker: ReserveAddressWithHint: Address range starting at 0x7a3876a000 was not free to use
09-02 02:19:52.523  3734  3734 E ocessService0:: Not starting debugger since process cannot load the jdwp agent.
09-02 02:19:52.528  3358  3358 I cr_tabmodel: #isIncognitoTabBeingRestored from tabDetails:  false
09-02 02:19:52.528  3358  3358 I cr_tabmodel: #isIncognitoTabBeingRestored from tabDetails:  false
09-02 02:19:52.528  3358  3358 W cr_tabmodel: Failed to restore TabState; creating Tab with last known URL.
09-02 02:19:52.534  3669  3745 I cr_LibraryLoader: Successfully loaded native library
09-02 02:19:52.535  3669  3745 I cr_CachingUmaRecorder: Flushed 3 samples from 3 histograms.
09-02 02:19:52.536  3416  3416 D Zygote  : Forked child process 3767
09-02 02:19:52.540  1513  1625 W ActivityManager: Slow operation: 115ms so far, now at startProcess: returned from zygote!
09-02 02:19:52.542  1513  2262 D CompatibilityChangeReporter: Compat change id reported: 136274596; UID 10220; state: ENABLED
09-02 02:19:52.545  1513  1625 W ActivityManager: Slow operation: 120ms so far, now at startProcess: done updating battery stats
09-02 02:19:52.545  1513  1625 W ActivityManager: Slow operation: 120ms so far, now at startProcess: building log message
09-02 02:19:52.545  1513  1625 I ActivityManager: Start proc 3767:com.android.chrome:sandboxed_process0:org.chromium.content.app.SandboxedProcessService0:9/u0ai9 for  {com.android.chrome/org.chromium.content.app.SandboxedProcessService0:9}
09-02 02:19:52.545  1513  1625 W ActivityManager: Slow operation: 120ms so far, now at startProcess: starting to update pids map
09-02 02:19:52.545  1513  1625 W ActivityManager: Slow operation: 120ms so far, now at startProcess: done updating pids map
09-02 02:19:52.545  1513  1625 W ActivityManager: Slow operation: 87ms so far, now at startProcess: asking zygote to start proc
09-02 02:19:52.546  1513  1625 D CompatibilityChangeReporter: Compat change id reported: 143937733; UID 10220; state: ENABLED
09-02 02:19:52.546  3767  3767 E libc    : SetHeapTaggingLevel: re-enabling tagging after it was disabled is not supported
09-02 02:19:52.546  1513  3221 D CompatibilityChangeReporter: Compat change id reported: 135634846; UID 10220; state: DISABLED
09-02 02:19:52.546  1513  3221 D CompatibilityChangeReporter: Compat change id reported: 135754954; UID 10220; state: ENABLED
09-02 02:19:52.548  3358  3358 E cr_IntentUtils: getBooleanExtra failed on intent null
09-02 02:19:52.548  3358  3358 E cr_IntentUtils: getBooleanExtra failed on intent null
09-02 02:19:52.556  3767  3767 E ocessService0:: Not starting debugger since process cannot load the jdwp agent.
09-02 02:19:52.557  3358  3358 I cr_tabmodel: #isIncognitoTabBeingRestored from tabDetails:  false
09-02 02:19:52.557  3358  3358 I cr_tabmodel: #isIncognitoTabBeingRestored from tabDetails:  false
09-02 02:19:52.557  3358  3358 W cr_tabmodel: Failed to restore TabState; creating Tab with last known URL.
09-02 02:19:52.557  3709  3709 I LoadedApk: No resource references to update in package com.google.android.trichromelibrary
09-02 02:19:52.557  3709  3709 D NetworkSecurityConfig: Using Network Security Config from resource 0_resource_name_obfuscated debugBuild: false
09-02 02:19:52.561  3709  3709 D NetworkSecurityConfig: Using Network Security Config from resource 0_resource_name_obfuscated debugBuild: false
09-02 02:19:52.563  3709  3709 I cr_SplitCompatApp: Launched version=107.0.5304.91 minSdkVersion=29 isBundle=true processName=com.android.chrome:sandboxed_process0:org.chromium.content.app.SandboxedProcessService0:7 isIsolated=true
09-02 02:19:52.569  3358  3358 E cr_IntentUtils: getBooleanExtra failed on intent null
09-02 02:19:52.569  3358  3358 E cr_IntentUtils: getBooleanExtra failed on intent null
09-02 02:19:52.574  3358  3358 I cr_tabmodel: #isIncognitoTabBeingRestored from tabDetails:  false
09-02 02:19:52.574  3358  3358 I cr_tabmodel: #isIncognitoTabBeingRestored from tabDetails:  false
09-02 02:19:52.574  3358  3358 W cr_tabmodel: Failed to restore TabState; creating Tab with last known URL.
09-02 02:19:52.579  3709  3709 W SystemServiceRegistry: No service published for: uimode
09-02 02:19:52.585  3709  3709 I cr_ChildProcessService: Creating new ChildProcessService pid=3709
09-02 02:19:52.588  3416  3416 D Zygote  : Forked child process 3803
09-02 02:19:52.589  3358  3358 E cr_IntentUtils: getBooleanExtra failed on intent null
09-02 02:19:52.589  3358  3358 E cr_IntentUtils: getBooleanExtra failed on intent null
09-02 02:19:52.589  1513  1625 W ActivityManager: Slow operation: 131ms so far, now at startProcess: returned from zygote!
09-02 02:19:52.590  1513  1625 W ActivityManager: Slow operation: 131ms so far, now at startProcess: done updating battery stats
09-02 02:19:52.590  1513  1625 W ActivityManager: Slow operation: 131ms so far, now at startProcess: building log message
09-02 02:19:52.590  1513  1625 I ActivityManager: Start proc 3803:com.android.chrome:sandboxed_process0:org.chromium.content.app.SandboxedProcessService0:10/u0ai10 for  {com.android.chrome/org.chromium.content.app.SandboxedProcessService0:10}
09-02 02:19:52.590  1513  1625 W ActivityManager: Slow operation: 131ms so far, now at startProcess: starting to update pids map
09-02 02:19:52.591  1513  1625 W ActivityManager: Slow operation: 133ms so far, now at startProcess: done updating pids map
09-02 02:19:52.591  1513  1625 W ActivityManager: Slow operation: 106ms so far, now at startProcess: asking zygote to start proc
09-02 02:19:52.594  3358  3358 I cr_tabmodel: #isIncognitoTabBeingRestored from tabDetails:  false
09-02 02:19:52.594  3358  3358 I cr_tabmodel: #isIncognitoTabBeingRestored from tabDetails:  false
09-02 02:19:52.594  3358  3358 W cr_tabmodel: Failed to restore TabState; creating Tab with last known URL.
09-02 02:19:52.597  3709  3740 I cr_LibraryLoader: Using ModernLinker
09-02 02:19:52.598  3734  3734 I LoadedApk: No resource references to update in package com.google.android.trichromelibrary
09-02 02:19:52.599  3734  3734 D NetworkSecurityConfig: Using Network Security Config from resource 0_resource_name_obfuscated debugBuild: false
09-02 02:19:52.599  3803  3803 E libc    : SetHeapTaggingLevel: re-enabling tagging after it was disabled is not supported
09-02 02:19:52.599  3709  3740 W linker  : Warning: "/data/app/~~_KLlx60MH8CoecPTjMKp8g==/com.android.chrome-kw9RHYrlHKb9bPXi8OTClw==/base.apk!/lib/arm64-v8a/libchromium_android_linker.so" unused DT entry: unknown processor-specific (type 0x70000001 arg 0x0) (ignoring)
09-02 02:19:52.599  3734  3734 D NetworkSecurityConfig: Using Network Security Config from resource 0_resource_name_obfuscated debugBuild: false
09-02 02:19:52.600  3709  3740 E cr_ChromiumAndroidLinker: ReserveAddressWithHint: Address range starting at 0x7a3876a000 was not free to use
09-02 02:19:52.601  3734  3734 I cr_SplitCompatApp: Launched version=107.0.5304.91 minSdkVersion=29 isBundle=true processName=com.android.chrome:sandboxed_process0:org.chromium.content.app.SandboxedProcessService0:8 isIsolated=true
09-02 02:19:52.606  3803  3803 E cessService0:1: Not starting debugger since process cannot load the jdwp agent.
09-02 02:19:52.610  1513  3246 D CompatibilityChangeReporter: Compat change id reported: 136274596; UID 10220; state: ENABLED
09-02 02:19:52.613  1513  3230 D CompatibilityChangeReporter: Compat change id reported: 135634846; UID 10220; state: DISABLED
09-02 02:19:52.613  1513  3230 D CompatibilityChangeReporter: Compat change id reported: 135754954; UID 10220; state: ENABLED
09-02 02:19:52.614  3358  3358 E cr_IntentUtils: getBooleanExtra failed on intent null
09-02 02:19:52.615  3358  3358 E cr_IntentUtils: getBooleanExtra failed on intent null
09-02 02:19:52.622  3734  3734 W SystemServiceRegistry: No service published for: uimode
09-02 02:19:52.626  3709  3802 I cr_LibraryLoader: Successfully loaded native library
09-02 02:19:52.627  3709  3802 I cr_CachingUmaRecorder: Flushed 3 samples from 3 histograms.
09-02 02:19:52.629  3358  3358 I cr_tabmodel: #isIncognitoTabBeingRestored from tabDetails:  false
09-02 02:19:52.629  3358  3358 I cr_tabmodel: #isIncognitoTabBeingRestored from tabDetails:  false
09-02 02:19:52.629  3358  3358 W cr_tabmodel: Failed to restore TabState; creating Tab with last known URL.
09-02 02:19:52.631  3734  3734 I cr_ChildProcessService: Creating new ChildProcessService pid=3734
09-02 02:19:52.637  3734  3762 I cr_LibraryLoader: Using ModernLinker
09-02 02:19:52.639  1513  3230 D CompatibilityChangeReporter: Compat change id reported: 136274596; UID 10220; state: ENABLED
09-02 02:19:52.642  3416  3416 D Zygote  : Forked child process 3827
09-02 02:19:52.644  1513  1625 W ActivityManager: Slow operation: 158ms so far, now at startProcess: returned from zygote!
09-02 02:19:52.644  1513  2172 D CompatibilityChangeReporter: Compat change id reported: 135634846; UID 10220; state: DISABLED
09-02 02:19:52.645  1513  2172 D CompatibilityChangeReporter: Compat change id reported: 135754954; UID 10220; state: ENABLED
09-02 02:19:52.646  3358  3358 E cr_IntentUtils: getBooleanExtra failed on intent null
09-02 02:19:52.646  3767  3767 I LoadedApk: No resource references to update in package com.google.android.trichromelibrary
09-02 02:19:52.646  3358  3358 E cr_IntentUtils: getBooleanExtra failed on intent null
09-02 02:19:52.647  3767  3767 D NetworkSecurityConfig: Using Network Security Config from resource 0_resource_name_obfuscated debugBuild: false
09-02 02:19:52.650  3767  3767 D NetworkSecurityConfig: Using Network Security Config from resource 0_resource_name_obfuscated debugBuild: false
09-02 02:19:52.650  1513  1625 W ActivityManager: Slow operation: 165ms so far, now at startProcess: done updating battery stats
09-02 02:19:52.650  1513  1625 W ActivityManager: Slow operation: 165ms so far, now at startProcess: building log message
09-02 02:19:52.650  1513  1625 I ActivityManager: Start proc 3827:com.android.chrome:sandboxed_process0:org.chromium.content.app.SandboxedProcessService0:11/u0ai11 for  {com.android.chrome/org.chromium.content.app.SandboxedProcessService0:11}
09-02 02:19:52.650  1513  1625 W ActivityManager: Slow operation: 165ms so far, now at startProcess: starting to update pids map
09-02 02:19:52.651  1513  1625 W ActivityManager: Slow operation: 165ms so far, now at startProcess: done updating pids map
09-02 02:19:52.651  1513  1625 W ActivityManager: Slow operation: 138ms so far, now at startProcess: asking zygote to start proc
09-02 02:19:52.651  3827  3827 E libc    : SetHeapTaggingLevel: re-enabling tagging after it was disabled is not supported
09-02 02:19:52.651  1513  1625 D CompatibilityChangeReporter: Compat change id reported: 143937733; UID 10220; state: ENABLED
09-02 02:19:52.651  3358  3358 I cr_tabmodel: #isIncognitoTabBeingRestored from tabDetails:  false
09-02 02:19:52.652  3358  3358 I cr_tabmodel: #isIncognitoTabBeingRestored from tabDetails:  false
09-02 02:19:52.652  3358  3358 W cr_tabmodel: Failed to restore TabState; creating Tab with last known URL.
09-02 02:19:52.656  3767  3767 I cr_SplitCompatApp: Launched version=107.0.5304.91 minSdkVersion=29 isBundle=true processName=com.android.chrome:sandboxed_process0:org.chromium.content.app.SandboxedProcessService0:9 isIsolated=true
09-02 02:19:52.659  3734  3762 W linker  : Warning: "/data/app/~~_KLlx60MH8CoecPTjMKp8g==/com.android.chrome-kw9RHYrlHKb9bPXi8OTClw==/base.apk!/lib/arm64-v8a/libchromium_android_linker.so" unused DT entry: unknown processor-specific (type 0x70000001 arg 0x0) (ignoring)
09-02 02:19:52.661  3734  3762 E cr_ChromiumAndroidLinker: ReserveAddressWithHint: Address range starting at 0x7a3876a000 was not free to use
09-02 02:19:52.666  3827  3827 E cessService0:1: Not starting debugger since process cannot load the jdwp agent.
09-02 02:19:52.669  3416  3416 D Zygote  : Forked child process 3848
09-02 02:19:52.671  3358  3358 E cr_IntentUtils: getBooleanExtra failed on intent null
09-02 02:19:52.671  3358  3358 E cr_IntentUtils: getBooleanExtra failed on intent null
09-02 02:19:52.673  1513  1625 W ActivityManager: Slow operation: 160ms so far, now at startProcess: returned from zygote!
09-02 02:19:52.673  1513  1625 W ActivityManager: Slow operation: 161ms so far, now at startProcess: done updating battery stats
09-02 02:19:52.673  1513  1625 W ActivityManager: Slow operation: 161ms so far, now at startProcess: building log message
09-02 02:19:52.673  1513  1625 I ActivityManager: Start proc 3848:com.android.chrome:sandboxed_process0:org.chromium.content.app.SandboxedProcessService0:12/u0ai12 for  {com.android.chrome/org.chromium.content.app.SandboxedProcessService0:12}
09-02 02:19:52.673  1513  1625 W ActivityManager: Slow operation: 161ms so far, now at startProcess: starting to update pids map
09-02 02:19:52.673  1513  1625 W ActivityManager: Slow operation: 161ms so far, now at startProcess: done updating pids map
09-02 02:19:52.673  1513  1625 W ActivityManager: Slow operation: 128ms so far, now at startProcess: asking zygote to start proc
09-02 02:19:52.674  3734  3824 I cr_LibraryLoader: Successfully loaded native library
09-02 02:19:52.675  3734  3824 I cr_CachingUmaRecorder: Flushed 3 samples from 3 histograms.
09-02 02:19:52.678  3358  3358 I cr_tabmodel: #isIncognitoTabBeingRestored from tabDetails:  false
09-02 02:19:52.678  3358  3358 I cr_tabmodel: #isIncognitoTabBeingRestored from tabDetails:  false
09-02 02:19:52.678  3358  3358 W cr_tabmodel: Failed to restore TabState; creating Tab with last known URL.
09-02 02:19:52.681  3767  3767 W SystemServiceRegistry: No service published for: uimode
09-02 02:19:52.685  3848  3848 E libc    : SetHeapTaggingLevel: re-enabling tagging after it was disabled is not supported
09-02 02:19:52.687  3803  3803 I LoadedApk: No resource references to update in package com.google.android.trichromelibrary
09-02 02:19:52.687  3803  3803 D NetworkSecurityConfig: Using Network Security Config from resource 0_resource_name_obfuscated debugBuild: false
09-02 02:19:52.688  3803  3803 D NetworkSecurityConfig: Using Network Security Config from resource 0_resource_name_obfuscated debugBuild: false
09-02 02:19:52.689  3767  3767 I cr_ChildProcessService: Creating new ChildProcessService pid=3767
09-02 02:19:52.690  3803  3803 I cr_SplitCompatApp: Launched version=107.0.5304.91 minSdkVersion=29 isBundle=true processName=com.android.chrome:sandboxed_process0:org.chromium.content.app.SandboxedProcessService0:10 isIsolated=true
09-02 02:19:52.697  3358  3358 E cr_IntentUtils: getBooleanExtra failed on intent null
09-02 02:19:52.697  3358  3358 E cr_IntentUtils: getBooleanExtra failed on intent null
09-02 02:19:52.697  3848  3848 E cessService0:1: Not starting debugger since process cannot load the jdwp agent.
09-02 02:19:52.698  3767  3820 I cr_LibraryLoader: Using ModernLinker
09-02 02:19:52.699  3767  3820 W linker  : Warning: "/data/app/~~_KLlx60MH8CoecPTjMKp8g==/com.android.chrome-kw9RHYrlHKb9bPXi8OTClw==/base.apk!/lib/arm64-v8a/libchromium_android_linker.so" unused DT entry: unknown processor-specific (type 0x70000001 arg 0x0) (ignoring)
09-02 02:19:52.700  3767  3820 E cr_ChromiumAndroidLinker: ReserveAddressWithHint: Address range starting at 0x7a3876a000 was not free to use
09-02 02:19:52.703  3803  3803 W SystemServiceRegistry: No service published for: uimode
09-02 02:19:52.708  3358  3358 I cr_tabmodel: #isIncognitoTabBeingRestored from tabDetails:  false
09-02 02:19:52.708  3358  3358 I cr_tabmodel: #isIncognitoTabBeingRestored from tabDetails:  false
09-02 02:19:52.709  3358  3358 W cr_tabmodel: Failed to restore TabState; creating Tab with last known URL.
09-02 02:19:52.710  3803  3803 I cr_ChildProcessService: Creating new ChildProcessService pid=3803
09-02 02:19:52.712  3767  3865 I cr_LibraryLoader: Successfully loaded native library
09-02 02:19:52.713  3767  3865 I cr_CachingUmaRecorder: Flushed 3 samples from 3 histograms.
09-02 02:19:52.718  1513  3230 D CompatibilityChangeReporter: Compat change id reported: 136274596; UID 10220; state: ENABLED
09-02 02:19:52.720  3803  3823 I cr_LibraryLoader: Using ModernLinker
09-02 02:19:52.722  3803  3823 W linker  : Warning: "/data/app/~~_KLlx60MH8CoecPTjMKp8g==/com.android.chrome-kw9RHYrlHKb9bPXi8OTClw==/base.apk!/lib/arm64-v8a/libchromium_android_linker.so" unused DT entry: unknown processor-specific (type 0x70000001 arg 0x0) (ignoring)
09-02 02:19:52.723  3803  3823 E cr_ChromiumAndroidLinker: ReserveAddressWithHint: Address range starting at 0x7a3876a000 was not free to use
09-02 02:19:52.729  3358  3358 E cr_IntentUtils: getBooleanExtra failed on intent null
09-02 02:19:52.729  3358  3358 E cr_IntentUtils: getBooleanExtra failed on intent null
09-02 02:19:52.729  1513  3246 D CompatibilityChangeReporter: Compat change id reported: 136274596; UID 10220; state: ENABLED
09-02 02:19:52.732  1513  2172 D CompatibilityChangeReporter: Compat change id reported: 135634846; UID 10220; state: DISABLED
09-02 02:19:52.733  1513  2172 D CompatibilityChangeReporter: Compat change id reported: 135754954; UID 10220; state: ENABLED
09-02 02:19:52.734  3358  3358 I cr_tabmodel: #isIncognitoTabBeingRestored from tabDetails:  false
09-02 02:19:52.734  3358  3358 I cr_tabmodel: #isIncognitoTabBeingRestored from tabDetails:  false
09-02 02:19:52.734  3358  3358 W cr_tabmodel: Failed to restore TabState; creating Tab with last known URL.
09-02 02:19:52.734  3416  3416 D Zygote  : Forked child process 3893
09-02 02:19:52.736  1513  1625 W ActivityManager: Slow operation: 190ms so far, now at startProcess: returned from zygote!
09-02 02:19:52.736  1513  1625 W ActivityManager: Slow operation: 191ms so far, now at startProcess: done updating battery stats
09-02 02:19:52.736  1513  1625 W ActivityManager: Slow operation: 191ms so far, now at startProcess: building log message
09-02 02:19:52.736  1513  1625 I ActivityManager: Start proc 3893:com.android.chrome:sandboxed_process0:org.chromium.content.app.SandboxedProcessService0:13/u0ai13 for  {com.android.chrome/org.chromium.content.app.SandboxedProcessService0:13}
09-02 02:19:52.736  1513  1625 W ActivityManager: Slow operation: 191ms so far, now at startProcess: starting to update pids map
09-02 02:19:52.736  1513  1625 W ActivityManager: Slow operation: 191ms so far, now at startProcess: done updating pids map
09-02 02:19:52.736  1513  1625 W ActivityManager: Slow operation: 169ms so far, now at startProcess: asking zygote to start proc
09-02 02:19:52.737  1513  1625 D CompatibilityChangeReporter: Compat change id reported: 143937733; UID 10220; state: ENABLED
09-02 02:19:52.748  3358  3358 E cr_IntentUtils: getBooleanExtra failed on intent null
09-02 02:19:52.748  3358  3358 E cr_IntentUtils: getBooleanExtra failed on intent null
09-02 02:19:52.752  3893  3893 E libc    : SetHeapTaggingLevel: re-enabling tagging after it was disabled is not supported
09-02 02:19:52.755  3803  3877 I cr_LibraryLoader: Successfully loaded native library
09-02 02:19:52.757  3358  3358 I cr_tabmodel: #isIncognitoTabBeingRestored from tabDetails:  false
09-02 02:19:52.757  3358  3358 I cr_tabmodel: #isIncognitoTabBeingRestored from tabDetails:  false
09-02 02:19:52.757  3358  3358 W cr_tabmodel: Failed to restore TabState; creating Tab with last known URL.
09-02 02:19:52.759  3803  3877 I cr_CachingUmaRecorder: Flushed 3 samples from 3 histograms.
09-02 02:19:52.764  3893  3893 E cessService0:1: Not starting debugger since process cannot load the jdwp agent.
09-02 02:19:52.772  3358  3358 E cr_IntentUtils: getBooleanExtra failed on intent null
09-02 02:19:52.772  3358  3358 E cr_IntentUtils: getBooleanExtra failed on intent null
09-02 02:19:52.777  3358  3358 I cr_tabmodel: #isIncognitoTabBeingRestored from tabDetails:  false
09-02 02:19:52.777  3358  3358 I cr_tabmodel: #isIncognitoTabBeingRestored from tabDetails:  false
09-02 02:19:52.777  3358  3358 W cr_tabmodel: Failed to restore TabState; creating Tab with last known URL.
09-02 02:19:52.784  3827  3827 I LoadedApk: No resource references to update in package com.google.android.trichromelibrary
09-02 02:19:52.785  3827  3827 D NetworkSecurityConfig: Using Network Security Config from resource 0_resource_name_obfuscated debugBuild: false
09-02 02:19:52.785  3416  3416 D Zygote  : Forked child process 3923
09-02 02:19:52.786  3827  3827 D NetworkSecurityConfig: Using Network Security Config from resource 0_resource_name_obfuscated debugBuild: false
09-02 02:19:52.787  3827  3827 I cr_SplitCompatApp: Launched version=107.0.5304.91 minSdkVersion=29 isBundle=true processName=com.android.chrome:sandboxed_process0:org.chromium.content.app.SandboxedProcessService0:11 isIsolated=true
09-02 02:19:52.789  3358  3358 E cr_IntentUtils: getBooleanExtra failed on intent null
09-02 02:19:52.789  3358  3358 E cr_IntentUtils: getBooleanExtra failed on intent null
09-02 02:19:52.789  1513  1625 W ActivityManager: Slow operation: 222ms so far, now at startProcess: returned from zygote!
09-02 02:19:52.789  3848  3848 I LoadedApk: No resource references to update in package com.google.android.trichromelibrary
09-02 02:19:52.789  1513  1625 W ActivityManager: Slow operation: 222ms so far, now at startProcess: done updating battery stats
09-02 02:19:52.789  1513  1625 W ActivityManager: Slow operation: 222ms so far, now at startProcess: building log message
09-02 02:19:52.789  1513  1625 I ActivityManager: Start proc 3923:com.android.chrome:sandboxed_process0:org.chromium.content.app.SandboxedProcessService0:14/u0ai14 for  {com.android.chrome/org.chromium.content.app.SandboxedProcessService0:14}
09-02 02:19:52.789  1513  1625 W ActivityManager: Slow operation: 222ms so far, now at startProcess: starting to update pids map
09-02 02:19:52.790  1513  1625 W ActivityManager: Slow operation: 222ms so far, now at startProcess: done updating pids map
09-02 02:19:52.790  3848  3848 D NetworkSecurityConfig: Using Network Security Config from resource 0_resource_name_obfuscated debugBuild: false
09-02 02:19:52.790  1513  1625 W ActivityManager: Slow operation: 202ms so far, now at startProcess: asking zygote to start proc
09-02 02:19:52.791  3923  3923 E libc    : SetHeapTaggingLevel: re-enabling tagging after it was disabled is not supported
09-02 02:19:52.792  3848  3848 D NetworkSecurityConfig: Using Network Security Config from resource 0_resource_name_obfuscated debugBuild: false
09-02 02:19:52.795  3848  3848 I cr_SplitCompatApp: Launched version=107.0.5304.91 minSdkVersion=29 isBundle=true processName=com.android.chrome:sandboxed_process0:org.chromium.content.app.SandboxedProcessService0:12 isIsolated=true
09-02 02:19:52.795  3358  3358 I cr_tabmodel: #isIncognitoTabBeingRestored from tabDetails:  false
09-02 02:19:52.795  3358  3358 I cr_tabmodel: #isIncognitoTabBeingRestored from tabDetails:  false
09-02 02:19:52.795  3358  3358 W cr_tabmodel: Failed to restore TabState; creating Tab with last known URL.
09-02 02:19:52.808  3358  3358 E cr_IntentUtils: getBooleanExtra failed on intent null
09-02 02:19:52.808  3358  3358 E cr_IntentUtils: getBooleanExtra failed on intent null
09-02 02:19:52.813  3358  3358 I cr_tabmodel: #isIncognitoTabBeingRestored from tabDetails:  false
09-02 02:19:52.813  3358  3358 I cr_tabmodel: #isIncognitoTabBeingRestored from tabDetails:  false
09-02 02:19:52.814  3358  3358 W cr_tabmodel: Failed to restore TabState; creating Tab with last known URL.
09-02 02:19:52.817  1513  2172 D CompatibilityChangeReporter: Compat change id reported: 136274596; UID 10220; state: ENABLED
09-02 02:19:52.822  3848  3848 W SystemServiceRegistry: No service published for: uimode
09-02 02:19:52.823  3923  3923 E cessService0:1: Not starting debugger since process cannot load the jdwp agent.
09-02 02:19:52.823  1513  3246 D CompatibilityChangeReporter: Compat change id reported: 135634846; UID 10220; state: DISABLED
09-02 02:19:52.823  1513  3246 D CompatibilityChangeReporter: Compat change id reported: 135754954; UID 10220; state: ENABLED
09-02 02:19:52.825  3358  3358 E cr_IntentUtils: getBooleanExtra failed on intent null
09-02 02:19:52.825  3358  3358 E cr_IntentUtils: getBooleanExtra failed on intent null
09-02 02:19:52.825  3827  3827 W SystemServiceRegistry: No service published for: uimode
09-02 02:19:52.830  3358  3358 I cr_tabmodel: #isIncognitoTabBeingRestored from tabDetails:  false
09-02 02:19:52.830  3358  3358 I cr_tabmodel: #isIncognitoTabBeingRestored from tabDetails:  false
09-02 02:19:52.830  3358  3358 W cr_tabmodel: Failed to restore TabState; creating Tab with last known URL.
09-02 02:19:52.834  3827  3827 I cr_ChildProcessService: Creating new ChildProcessService pid=3827
09-02 02:19:52.840  3848  3848 I cr_ChildProcessService: Creating new ChildProcessService pid=3848
09-02 02:19:52.842  3358  3358 E cr_IntentUtils: getBooleanExtra failed on intent null
09-02 02:19:52.842  3358  3358 E cr_IntentUtils: getBooleanExtra failed on intent null
09-02 02:19:52.846  3358  3358 I cr_tabmodel: #isIncognitoTabBeingRestored from tabDetails:  false
09-02 02:19:52.846  3358  3358 I cr_tabmodel: #isIncognitoTabBeingRestored from tabDetails:  false
09-02 02:19:52.846  3358  3358 W cr_tabmodel: Failed to restore TabState; creating Tab with last known URL.
09-02 02:19:52.847  3827  3904 I cr_LibraryLoader: Using ModernLinker
09-02 02:19:52.851  3827  3904 W linker  : Warning: "/data/app/~~_KLlx60MH8CoecPTjMKp8g==/com.android.chrome-kw9RHYrlHKb9bPXi8OTClw==/base.apk!/lib/arm64-v8a/libchromium_android_linker.so" unused DT entry: unknown processor-specific (type 0x70000001 arg 0x0) (ignoring)
09-02 02:19:52.852  3827  3904 E cr_ChromiumAndroidLinker: ReserveAddressWithHint: Address range starting at 0x7a3876a000 was not free to use
09-02 02:19:52.855  3848  3892 I cr_LibraryLoader: Using ModernLinker
09-02 02:19:52.857  3848  3892 W linker  : Warning: "/data/app/~~_KLlx60MH8CoecPTjMKp8g==/com.android.chrome-kw9RHYrlHKb9bPXi8OTClw==/base.apk!/lib/arm64-v8a/libchromium_android_linker.so" unused DT entry: unknown processor-specific (type 0x70000001 arg 0x0) (ignoring)
09-02 02:19:52.858  3848  3892 E cr_ChromiumAndroidLinker: ReserveAddressWithHint: Address range starting at 0x7a3876a000 was not free to use
09-02 02:19:52.859  3358  3358 E cr_IntentUtils: getBooleanExtra failed on intent null
09-02 02:19:52.859  3358  3358 E cr_IntentUtils: getBooleanExtra failed on intent null
09-02 02:19:52.865  1513  3221 D CompatibilityChangeReporter: Compat change id reported: 136274596; UID 10220; state: ENABLED
09-02 02:19:52.865  3827  3949 I cr_LibraryLoader: Successfully loaded native library
09-02 02:19:52.867  3358  3358 I cr_tabmodel: #isIncognitoTabBeingRestored from tabDetails:  false
09-02 02:19:52.867  3358  3358 I cr_tabmodel: #isIncognitoTabBeingRestored from tabDetails:  false
09-02 02:19:52.867  3358  3358 W cr_tabmodel: Failed to restore TabState; creating Tab with last known URL.
09-02 02:19:52.869  3827  3949 I cr_CachingUmaRecorder: Flushed 3 samples from 3 histograms.
09-02 02:19:52.869  3416  3416 D Zygote  : Forked child process 3956
09-02 02:19:52.871  1513  1625 W ActivityManager: Slow operation: 283ms so far, now at startProcess: returned from zygote!
09-02 02:19:52.871  1513  1625 W ActivityManager: Slow operation: 284ms so far, now at startProcess: done updating battery stats
09-02 02:19:52.871  1513  1625 W ActivityManager: Slow operation: 284ms so far, now at startProcess: building log message
09-02 02:19:52.871  1513  1625 I ActivityManager: Start proc 3956:com.android.chrome:sandboxed_process0:org.chromium.content.app.SandboxedProcessService0:15/u0ai15 for  {com.android.chrome/org.chromium.content.app.SandboxedProcessService0:15}
09-02 02:19:52.871  1513  1625 W ActivityManager: Slow operation: 284ms so far, now at startProcess: starting to update pids map
09-02 02:19:52.871  1513  1625 W ActivityManager: Slow operation: 284ms so far, now at startProcess: done updating pids map
09-02 02:19:52.872  1513  1625 W ActivityManager: Slow operation: 259ms so far, now at startProcess: asking zygote to start proc
09-02 02:19:52.872  1513  1625 D CompatibilityChangeReporter: Compat change id reported: 143937733; UID 10220; state: ENABLED
09-02 02:19:52.872  3956  3956 E libc    : SetHeapTaggingLevel: re-enabling tagging after it was disabled is not supported
09-02 02:19:52.878  1513  3246 D CompatibilityChangeReporter: Compat change id reported: 135634846; UID 10220; state: DISABLED
09-02 02:19:52.878  1513  3246 D CompatibilityChangeReporter: Compat change id reported: 135754954; UID 10220; state: ENABLED
09-02 02:19:52.881  3848  3950 I cr_LibraryLoader: Successfully loaded native library
09-02 02:19:52.882  3358  3358 E cr_IntentUtils: getBooleanExtra failed on intent null
09-02 02:19:52.882  3358  3358 E cr_IntentUtils: getBooleanExtra failed on intent null
09-02 02:19:52.883  3956  3956 E cessService0:1: Not starting debugger since process cannot load the jdwp agent.
09-02 02:19:52.891  3358  3358 I cr_tabmodel: #isIncognitoTabBeingRestored from tabDetails:  false
09-02 02:19:52.891  3358  3358 I cr_tabmodel: #isIncognitoTabBeingRestored from tabDetails:  false
09-02 02:19:52.891  3358  3358 W cr_tabmodel: Failed to restore TabState; creating Tab with last known URL.
09-02 02:19:52.891  3848  3950 I cr_CachingUmaRecorder: Flushed 3 samples from 3 histograms.
09-02 02:19:52.906  3358  3358 E cr_IntentUtils: getBooleanExtra failed on intent null
09-02 02:19:52.906  3358  3358 E cr_IntentUtils: getBooleanExtra failed on intent null
09-02 02:19:52.913  3358  3358 I cr_tabmodel: #isIncognitoTabBeingRestored from tabDetails:  false
09-02 02:19:52.913  3358  3358 I cr_tabmodel: #isIncognitoTabBeingRestored from tabDetails:  false
09-02 02:19:52.913  3358  3358 W cr_tabmodel: Failed to restore TabState; creating Tab with last known URL.
09-02 02:19:52.925  3893  3893 I LoadedApk: No resource references to update in package com.google.android.trichromelibrary
09-02 02:19:52.925  3358  3358 E cr_IntentUtils: getBooleanExtra failed on intent null
09-02 02:19:52.925  3358  3358 E cr_IntentUtils: getBooleanExtra failed on intent null
09-02 02:19:52.929  1513  3246 D CompatibilityChangeReporter: Compat change id reported: 136274596; UID 10220; state: ENABLED
09-02 02:19:52.936  3358  3358 I cr_tabmodel: #isIncognitoTabBeingRestored from tabDetails:  false
09-02 02:19:52.936  3358  3358 I cr_tabmodel: #isIncognitoTabBeingRestored from tabDetails:  false
09-02 02:19:52.936  3358  3358 W cr_tabmodel: Failed to restore TabState; creating Tab with last known URL.
09-02 02:19:52.939  3416  3416 D Zygote  : Forked child process 3992
09-02 02:19:52.947  1513  2172 D CompatibilityChangeReporter: Compat change id reported: 135634846; UID 10220; state: DISABLED
09-02 02:19:52.948  1513  2172 D CompatibilityChangeReporter: Compat change id reported: 135754954; UID 10220; state: ENABLED
09-02 02:19:52.948  3923  3923 I LoadedApk: No resource references to update in package com.google.android.trichromelibrary
09-02 02:19:52.949  3923  3923 D NetworkSecurityConfig: Using Network Security Config from resource 0_resource_name_obfuscated debugBuild: false
09-02 02:19:52.949  3358  3358 E cr_IntentUtils: getBooleanExtra failed on intent null
09-02 02:19:52.949  3358  3358 E cr_IntentUtils: getBooleanExtra failed on intent null
09-02 02:19:52.950  3923  3923 D NetworkSecurityConfig: Using Network Security Config from resource 0_resource_name_obfuscated debugBuild: false
09-02 02:19:52.952  3923  3923 I cr_SplitCompatApp: Launched version=107.0.5304.91 minSdkVersion=29 isBundle=true processName=com.android.chrome:sandboxed_process0:org.chromium.content.app.SandboxedProcessService0:14 isIsolated=true
09-02 02:19:52.954  3893  3893 D NetworkSecurityConfig: Using Network Security Config from resource 0_resource_name_obfuscated debugBuild: false
09-02 02:19:52.954  3992  3992 E libc    : SetHeapTaggingLevel: re-enabling tagging after it was disabled is not supported
09-02 02:19:52.955  3893  3893 D NetworkSecurityConfig: Using Network Security Config from resource 0_resource_name_obfuscated debugBuild: false
09-02 02:19:52.959  3893  3893 I cr_SplitCompatApp: Launched version=107.0.5304.91 minSdkVersion=29 isBundle=true processName=com.android.chrome:sandboxed_process0:org.chromium.content.app.SandboxedProcessService0:13 isIsolated=true
09-02 02:19:52.960  3358  3358 I cr_tabmodel: #isIncognitoTabBeingRestored from tabDetails:  false
09-02 02:19:52.960  3358  3358 I cr_tabmodel: #isIncognitoTabBeingRestored from tabDetails:  false
09-02 02:19:52.960  3358  3358 W cr_tabmodel: Failed to restore TabState; creating Tab with last known URL.
09-02 02:19:52.966  3992  3992 E cessService0:1: Not starting debugger since process cannot load the jdwp agent.
09-02 02:19:52.967  1513  1625 W ActivityManager: Slow operation: 355ms so far, now at startProcess: returned from zygote!
09-02 02:19:52.968  1513  1625 W ActivityManager: Slow operation: 355ms so far, now at startProcess: done updating battery stats
09-02 02:19:52.968  1513  1625 W ActivityManager: Slow operation: 355ms so far, now at startProcess: building log message
09-02 02:19:52.968  1513  1625 I ActivityManager: Start proc 3992:com.android.chrome:sandboxed_process0:org.chromium.content.app.SandboxedProcessService0:16/u0ai16 for  {com.android.chrome/org.chromium.content.app.SandboxedProcessService0:16}
09-02 02:19:52.968  1513  1625 W ActivityManager: Slow operation: 356ms so far, now at startProcess: starting to update pids map
09-02 02:19:52.968  1513  1625 W ActivityManager: Slow operation: 356ms so far, now at startProcess: done updating pids map
09-02 02:19:52.968  1513  1625 W ActivityManager: Slow operation: 324ms so far, now at startProcess: asking zygote to start proc
