--------- beginning of system
09-01 17:27:14.724  1513  2000 D ConnectivityService: NetReassign [no changes]
--------- beginning of main
09-01 17:27:16.134   901  1000 D VSC     : @ 27222.587: [WO] tilt angle 89
09-01 17:27:16.198  1513  3223 I ActivityManager: Force stopping com.android.chrome appid=10220 user=0: from pid 4955
09-01 17:27:16.204  2474  2474 E PhoneInterfaceManager: [PhoneIntfMgr] getCarrierPackageNamesForIntentAndPhone: No UICC
09-01 17:27:16.204  2474  2474 D CarrierSvcBindHelper: No carrier app for: 0
09-01 17:27:16.211  3135  3135 D RegisteredNfcFServicesCache: Service unchanged, not updating
09-01 17:27:16.218  8777  8777 I EuiccGoogle: [2] EuiccServiceImpl.onCreate: onCreate Single-SIM mode: simCardState is 1
09-01 17:27:16.224  8777  4966 I EuiccGoogle: [5575] EuiccServiceImpl.onGetEuiccProfileInfoList: onGetEuiccProfileInfoList: slotId = -1
09-01 17:27:16.227  8777  4966 W EuiccGoogle: [5575] EuiccServiceImpl.onGetEuiccProfileInfoList: slotId=-1. No eUICC is active. Return null.
09-01 17:27:16.456  1513  3223 I ActivityTaskManager: START u0 {act=android.intent.action.VIEW flg=0x10008000 cmp=com.android.chrome/com.google.android.apps.chrome.Main} from uid 2000
09-01 17:27:16.457  1513  1572 D EventSequenceValidator: inc AccIntentStartedEvents to 2
09-01 17:27:16.468   901  2806 I sensors-hal: [ssc_utils]get_qmi_debug_flag:244, support_qmi_debug : false
09-01 17:27:16.473  4955  4957 I cmd     : oneway function results will be dropped but finished with status OK and parcel size 4
09-01 17:27:16.474  1513  1572 D CompatibilityChangeReporter: Compat change id reported: 135634846; UID 10220; state: DISABLED
09-01 17:27:16.474  1513  1572 D CompatibilityChangeReporter: Compat change id reported: 135754954; UID 10220; state: ENABLED
09-01 17:27:16.474  1513  1625 D CompatibilityChangeReporter: Compat change id reported: 143937733; UID 10220; state: ENABLED
09-01 17:27:16.484   901  1000 W ASH     : @ 27222.938: Unhandled msg ID 999: line 1277
09-01 17:27:16.484   901  1000 E ASH     : @ 27222.938: No pb callback assigned
09-01 17:27:16.484   901  1000 E ASH     : @ 27222.938: Nanopb error: callback failed:1588
09-01 17:27:16.487  3088  3667 I AssistantForeground: (REDACTED) Get launcher package: %s
09-01 17:27:16.488   778   778 D Zygote  : Forked child process 4970
09-01 17:27:16.492  1513  1625 I ActivityManager: Start proc 4970:com.android.chrome/u0a220 for pre-top-activity {com.android.chrome/com.google.android.apps.chrome.Main}
09-01 17:27:16.495  4970  4970 E .android.chrom: Not starting debugger since process cannot load the jdwp agent.
09-01 17:27:16.513  4970  4970 W .android.chrom: JIT profile information will not be recorded: profile file does not exist.
09-01 17:27:16.517  4970  4970 I LoadedApk: No resource references to update in package com.google.android.trichromelibrary
09-01 17:27:16.517  4970  4970 D NetworkSecurityConfig: Using Network Security Config from resource 0_resource_name_obfuscated debugBuild: false
09-01 17:27:16.518  4970  4970 D NetworkSecurityConfig: Using Network Security Config from resource 0_resource_name_obfuscated debugBuild: false
09-01 17:27:16.519  4970  4970 I cr_SplitCompatApp: Launched version=107.0.5304.91 minSdkVersion=29 isBundle=true processName=com.android.chrome isIsolated=false
09-01 17:27:16.529  2158  2158 I WallpaperService: engine resumed
09-01 17:27:16.532   901   901 I sensors-hal: [hal]batch_physical_sensor:301, android.sensor.gyroscope/41, period=20000000, max_latency=0
09-01 17:27:16.532   901   901 I sensors-hal: [hal]batch_physical_sensor:310, android.sensor.gyroscope/41, period=20000000, max_latency=0 request completed
09-01 17:27:16.533   901   901 W sensors@2.0-ser: type=1400 audit(0.0:3417): avc: denied { read write } for name="diag" dev="tmpfs" ino=12474 scontext=u:r:hal_sensors_default:s0 tcontext=u:object_r:diag_device:s0 tclass=chr_file permissive=0
09-01 17:27:16.533   901   901 W sensors@2.0-ser: type=1400 audit(0.0:3418): avc: denied { read write } for name="diag" dev="tmpfs" ino=12474 scontext=u:r:hal_sensors_default:s0 tcontext=u:object_r:diag_device:s0 tclass=chr_file permissive=0
09-01 17:27:16.533   901   901 I sensors-hal: [hal]activate_physical_sensor:238, android.sensor.gyroscope/41 en=1
09-01 17:27:16.533   901   901 I sensors-hal: [ssc_utils]get_qmi_debug_flag:244, support_qmi_debug : false
09-01 17:27:16.537   901   901 D Diag_Lib:  Diag_LSM_Init: Failed to open handle to diag driver, error = 13
09-01 17:27:16.538   901   901 D Diag_Lib:  Diag_LSM_Init: Failed to open handle to diag driver, error = 13
09-01 17:27:16.538   901   901 I sensors-hal: [ssc_sensor]update_handle:537, handle=331, type=33, wakeup=0, hwid=0, base=331
09-01 17:27:16.538   901   901 I sensors-hal: [ssc_utils]get_qmi_debug_flag:244, support_qmi_debug : false
09-01 17:27:16.541   901   901 I sensors-hal: [ssc_utils]get_qmi_debug_flag:244, support_qmi_debug : false
09-01 17:27:16.542   901  4999 I sensors-hal: [ssc_sensor]ssc_conn_resp_cb:663, resp_value = 0
09-01 17:27:16.542   901  1000 W SEE     : @ 27222.996: adding req to Q sensor=8 req=0xb20356a8 msg=513
09-01 17:27:16.544   901   901 I sensors-hal: [hal]activate_physical_sensor:249, android.sensor.gyroscope/41 en=1 completed
09-01 17:27:16.544   901  4999 I sensors-hal: [sensor]submit_sensors_hal_event:146, android.sensor.additional_info: trying to push empty Events, count = 0
09-01 17:27:16.544   901  4999 I sensors-hal: [sensor]submit_sensors_hal_event:146, android.sensor.additional_info: trying to push empty Events, count = 0
09-01 17:27:16.545   901  5002 I sensors-hal: [ssc_sensor]ssc_conn_resp_cb:663, resp_value = 0
09-01 17:27:16.545   901  1000 W SEE     : @ 27222.999: adding req to Q sensor=2 req=0xb20291f8 msg=513
09-01 17:27:16.547   901  5002 I sensors-hal: [sensor]submit_sensors_hal_event:146, android.sensor.gyroscope: trying to push empty Events, count = 1
09-01 17:27:16.547   901  5002 I chatty  : uid=1000(system) sensors@2.0-ser identical 1 line
09-01 17:27:16.547   901  5002 I sensors-hal: [sensor]submit_sensors_hal_event:146, android.sensor.gyroscope: trying to push empty Events, count = 1
09-01 17:27:16.547  4970  5005 I cr_LibraryLoader: Using ModernLinker
09-01 17:27:16.547  4970  5005 I cr_LibraryLoader: Loading monochrome_64 from within /data/app/~~_KLlx60MH8CoecPTjMKp8g==/com.android.chrome-kw9RHYrlHKb9bPXi8OTClw==/base.apk
09-01 17:27:16.548  2816 10247 I FontLog : Received query Google Sans:700, URI content://com.google.android.gms.fonts [CONTEXT service_id=132 ]
09-01 17:27:16.549  2816 10247 I FontLog : Query [Google Sans:700] resolved to {Google Sans, wdth 100.0, wght 700, ital 0.0, bestEffort false} [CONTEXT service_id=132 ]
09-01 17:27:16.549  2816 10247 I FontLog : Fetch {Google Sans, wdth 100.0, wght 700, ital 0.0, bestEffort false} end status Status{statusCode=SUCCESS, resolution=null} [CONTEXT service_id=132 ]
09-01 17:27:16.553  2816 10247 I FontLog : Pulling font file for id = 797, cache size = 5 [CONTEXT service_id=132 ]
09-01 17:27:16.553  4970  5005 W linker  : Warning: "/data/app/~~_KLlx60MH8CoecPTjMKp8g==/com.android.chrome-kw9RHYrlHKb9bPXi8OTClw==/base.apk!/lib/arm64-v8a/libchromium_android_linker.so" unused DT entry: unknown processor-specific (type 0x70000001 arg 0x0) (ignoring)
09-01 17:27:16.554  4970  5005 I cr_ModernLinker: loadLibraryImplLocked: monochrome_64, relroMode=1
09-01 17:27:16.555  4970  5005 W linker  : Warning: "/data/app/~~pvdNlmkqoAdokjnHYmWQbA==/com.google.android.trichromelibrary_530409134-AZWnkLs2PHY5miTP6ZiTzA==/base.apk!/lib/arm64-v8a/libmonochrome_64.so" unused DT entry: unknown processor-specific (type 0x70000001 arg 0x0) (ignoring)
09-01 17:27:16.567   901  5002 I sensors-hal: [sensor]submit_sensors_hal_event:146, android.sensor.gyroscope: trying to push empty Events, count = 1
09-01 17:27:16.572  4970  5005 I cr_LibraryLoader: Successfully loaded native library
09-01 17:27:16.573  4970  5005 I cr_CachingUmaRecorder: Flushed 34 samples from 32 histograms.
09-01 17:27:16.579  4970  5009 W DynamiteModule: Local module descriptor class for com.google.android.gms.googlecertificates not found.
09-01 17:27:16.590  4970  5009 I DynamiteModule: Considering local module com.google.android.gms.googlecertificates:0 and remote module com.google.android.gms.googlecertificates:7
09-01 17:27:16.590  4970  5009 I DynamiteModule: Selected remote version of com.google.android.gms.googlecertificates, version >= 7
09-01 17:27:16.596  4970  5009 W System  : ClassLoader referenced unknown path: 
09-01 17:27:16.613  4970  4970 I cr_CompositorSurfaceMgr: Transitioning to surface with format: -1
09-01 17:27:16.629  1513  2169 D CompatibilityChangeReporter: Compat change id reported: 136274596; UID 10220; state: ENABLED
09-01 17:27:16.644  4970  4991 I cr_tabmodel: Starting to fetch tab list for tab_state0
09-01 17:27:16.644  4970  5013 I cr_tabmodel: Starting to fetch tab list for tab_state1
09-01 17:27:16.644  4970  4991 I cr_tabmodel: Finished fetching tab list.
09-01 17:27:16.644  4970  5013 I cr_tabmodel: State file does not exist.
09-01 17:27:16.668   592  1642 W DisplayIdentification: Invalid EDID: falling back to serial number due to missing display name.
09-01 17:27:16.668   592  1642 W DisplayIdentification: Invalid EDID: falling back to ASCII text due to missing serial number.
09-01 17:27:16.677  1513  3233 D CompatibilityChangeReporter: Compat change id reported: 135634846; UID 10220; state: DISABLED
09-01 17:27:16.677  1513  3233 D CompatibilityChangeReporter: Compat change id reported: 135754954; UID 10220; state: ENABLED
09-01 17:27:16.677  1513  1625 D CompatibilityChangeReporter: Compat change id reported: 143937733; UID 10220; state: ENABLED
09-01 17:27:16.686  4970  5020 I AdrenoGLES-0: QUALCOMM build                   : 35605c3, Ia11ce2d146
09-01 17:27:16.686  4970  5020 I AdrenoGLES-0: Build Date                       : 09/02/20
09-01 17:27:16.686  4970  5020 I AdrenoGLES-0: OpenGL ES Shader Compiler Version: EV031.31.04.00
09-01 17:27:16.686  4970  5020 I AdrenoGLES-0: Local Branch                     : gfx-adreno.lnx.2.0
09-01 17:27:16.686  4970  5020 I AdrenoGLES-0: Remote Branch                    : 
09-01 17:27:16.686  4970  5020 I AdrenoGLES-0: Remote Branch                    : 
09-01 17:27:16.686  4970  5020 I AdrenoGLES-0: Reconstruct Branch               : 
09-01 17:27:16.686  4970  5020 I AdrenoGLES-0: Build Config                     : S P 10.0.4 AArch64
09-01 17:27:16.686  4970  5020 I AdrenoGLES-0: Driver Path                      : /vendor/lib64/egl/libGLESv2_adreno.so
09-01 17:27:16.689   778   778 D Zygote  : Forked child process 5022
09-01 17:27:16.689  4970  4970 I cr_StartSurfaceConfig: Recorded Startup.Android.FirstDrawCompletedTime.NoInstant = 101 ms
09-01 17:27:16.689  4970  5020 I AdrenoGLES-0: PFP: 0x016dd090, ME: 0x00000000
09-01 17:27:16.692  2816 14894 E bfyz    : Phenotype API error. Event # deor@ca54b8ee, EventCode: 7 [CONTEXT service_id=51 ]
09-01 17:27:16.692  2816 14894 E bfyz    : bfyb: 29505: No config packages for log source, or config package not registered
09-01 17:27:16.692  2816 14894 E bfyz    : 	at bfzu.b(:com.google.android.gms@224312037@22.43.12 (150400-483592595):4)
09-01 17:27:16.692  2816 14894 E bfyz    : 	at bfzr.g(:com.google.android.gms@224312037@22.43.12 (150400-483592595):0)
09-01 17:27:16.692  2816 14894 E bfyz    : 	at bfyz.e(:com.google.android.gms@224312037@22.43.12 (150400-483592595):4)
09-01 17:27:16.692  2816 14894 E bfyz    : 	at bfyz.f(:com.google.android.gms@224312037@22.43.12 (150400-483592595):2)
09-01 17:27:16.692  2816 14894 E bfyz    : 	at aqyg.eq(:com.google.android.gms@224312037@22.43.12 (150400-483592595):1)
09-01 17:27:16.692  2816 14894 E bfyz    : 	at aqym.run(:com.google.android.gms@224312037@22.43.12 (150400-483592595):12)
09-01 17:27:16.692  2816 14894 E bfyz    : 	at ckdj.run(:com.google.android.gms@224312037@22.43.12 (150400-483592595):2)
09-01 17:27:16.692  2816 14894 E bfyz    : 	at zqv.c(:com.google.android.gms@224312037@22.43.12 (150400-483592595):6)
09-01 17:27:16.692  2816 14894 E bfyz    : 	at zqv.run(:com.google.android.gms@224312037@22.43.12 (150400-483592595):7)
09-01 17:27:16.692  2816 14894 E bfyz    : 	at java.util.concurrent.ThreadPoolExecutor.runWorker(ThreadPoolExecutor.java:1167)
09-01 17:27:16.692  2816 14894 E bfyz    : 	at java.util.concurrent.ThreadPoolExecutor$Worker.run(ThreadPoolExecutor.java:641)
09-01 17:27:16.692  2816 14894 E bfyz    : 	at zwa.run(:com.google.android.gms@224312037@22.43.12 (150400-483592595):0)
09-01 17:27:16.692  2816 14894 E bfyz    : 	at java.lang.Thread.run(Thread.java:923)
09-01 17:27:16.692  2816 14894 W AsyncOperation: operation=GetExperimentTokensOperationCall, opStatusCode=29505 [CONTEXT service_id=51 ]
09-01 17:27:16.692  2816 14894 W AsyncOperation: OperationException[Status{statusCode=No config packages for log source, or config package not registered, resolution=null}]
09-01 17:27:16.692  2816 14894 W AsyncOperation: 	at bfyz.e(:com.google.android.gms@224312037@22.43.12 (150400-483592595):6)
09-01 17:27:16.692  2816 14894 W AsyncOperation: 	at bfyz.f(:com.google.android.gms@224312037@22.43.12 (150400-483592595):2)
09-01 17:27:16.692  2816 14894 W AsyncOperation: 	at aqyg.eq(:com.google.android.gms@224312037@22.43.12 (150400-483592595):1)
09-01 17:27:16.692  2816 14894 W AsyncOperation: 	at aqym.run(:com.google.android.gms@224312037@22.43.12 (150400-483592595):12)
09-01 17:27:16.692  2816 14894 W AsyncOperation: 	at ckdj.run(:com.google.android.gms@224312037@22.43.12 (150400-483592595):2)
09-01 17:27:16.692  2816 14894 W AsyncOperation: 	at zqv.c(:com.google.android.gms@224312037@22.43.12 (150400-483592595):6)
09-01 17:27:16.692  2816 14894 W AsyncOperation: 	at zqv.run(:com.google.android.gms@224312037@22.43.12 (150400-483592595):7)
09-01 17:27:16.692  2816 14894 W AsyncOperation: 	at java.util.concurrent.ThreadPoolExecutor.runWorker(ThreadPoolExecutor.java:1167)
09-01 17:27:16.692  2816 14894 W AsyncOperation: 	at java.util.concurrent.ThreadPoolExecutor$Worker.run(ThreadPoolExecutor.java:641)
09-01 17:27:16.692  2816 14894 W AsyncOperation: 	at zwa.run(:com.google.android.gms@224312037@22.43.12 (150400-483592595):0)
09-01 17:27:16.692  2816 14894 W AsyncOperation: 	at java.lang.Thread.run(Thread.java:923)
09-01 17:27:16.693  1513  1625 W ZygoteProcess: Got error connecting to zygote, retrying. msg= Connection refused
09-01 17:27:16.695  5022  5022 I libc    : SetHeapTaggingLevel: tag level set to 0
09-01 17:27:16.698  4970  5020 W AdrenoUtils: <ReadGpuID_from_sysfs:197>: Failed to open /sys/class/kgsl/kgsl-3d0/gpu_model
09-01 17:27:16.698  4970  5020 W AdrenoUtils: <ReadGpuID:221>: Failed to read chip ID from gpu_model. Fallback to use the GSL path
09-01 17:27:16.715  1513  1572 D EventSequenceValidator: dec AccIntentStartedEvents to 1
09-01 17:27:16.715   594 28441 I SDM     : HWDeviceDRM::UpdateMixerAttributes: Mixer WxH 1080x2340-1 for Peripheral
09-01 17:27:16.716   594 28441 I SDM     : DisplayBase::SetActiveConfig: Active configuration changed to: 0
09-01 17:27:16.716   594 28441 I SDM     : StrategyImpl::SetIdleTimeoutMs: Idle timeout set to zero for command mode panels
09-01 17:27:16.721  1513  1622 D ArtManagerInternalImpl: /data/misc/iorapd/com.android.chrome/530409134/com.google.android.apps.chrome.Main/compiled_traces/compiled_trace.pb doesn't exist
09-01 17:27:16.722  1513  1622 I ActivityTaskManager: Displayed com.android.chrome/com.google.android.apps.chrome.Main: +259ms
09-01 17:27:16.729   901  2806 I sensors-hal: [ssc_utils]get_qmi_debug_flag:244, support_qmi_debug : false
09-01 17:27:16.734  4970  4970 I TetheringManager: registerTetheringEventCallback:com.android.chrome
09-01 17:27:16.742  1513  1572 I DisplayManagerService: Display device changed: DisplayDeviceInfo{"Built-in Screen": uniqueId="local:19260504575090817", 1080 x 2340, modeId 2, defaultModeId 2, supportedModes [{id=1, width=1080, height=2340, fps=90.0}, {id=2, width=1080, height=2340, fps=60.000004}], colorMode 0, supportedColorModes [0, 7, 9], HdrCapabilities HdrCapabilities{mSupportedHdrTypes=[2, 3, 4], mMaxLuminance=500.0, mMaxAverageLuminance=500.0, mMinLuminance=0.0}, allmSupported false, gameContentTypeSupported false, density 440, 435.428 x 433.839 dpi, appVsyncOff 2333332, presDeadline 11500000, cutout DisplayCutout{insets=Rect(0, 136 - 0, 0) waterfall=Insets{left=0, top=0, right=0, bottom=0} boundingRect={Bounds=[Rect(0, 0 - 0, 0), Rect(0, 0 - 136, 136), Rect(0, 0 - 0, 0), Rect(0, 0 - 0, 0)]}}, touch INTERNAL, rotation 0, type INTERNAL, address {port=129, model=0x446d53ad64a0}, deviceProductInfo DeviceProductInfo{name=, manufacturerPnpId=QCM, productId=1, modelYear=null, manufactureDate=ManufactureDate{week=27, year=2006}, relativeAddress=null}, state ON, FLAG_DEFAULT_DISPLAY, FLAG_ROTATES_WITH_CONTENT, FLAG_SECURE, FLAG_SUPPORTS_PROTECTED_BUFFERS}
09-01 17:27:16.744   594 28441 I SDM     : HWDeviceDRM::UpdateMixerAttributes: Mixer WxH 1080x2340-1 for Peripheral
09-01 17:27:16.744   594 28441 I SDM     : DisplayBase::SetActiveConfig: Active configuration changed to: 1
09-01 17:27:16.744   594 28441 I SDM     : StrategyImpl::SetIdleTimeoutMs: Idle timeout set to zero for command mode panels
09-01 17:27:16.747  1513  1625 I AppZygote: Starting application preload.
09-01 17:27:16.747  1513  1572 I DisplayManagerService: Display device changed: DisplayDeviceInfo{"Built-in Screen": uniqueId="local:19260504575090817", 1080 x 2340, modeId 1, defaultModeId 2, supportedModes [{id=1, width=1080, height=2340, fps=90.0}, {id=2, width=1080, height=2340, fps=60.000004}], colorMode 0, supportedColorModes [0, 7, 9], HdrCapabilities HdrCapabilities{mSupportedHdrTypes=[2, 3, 4], mMaxLuminance=500.0, mMaxAverageLuminance=500.0, mMinLuminance=0.0}, allmSupported false, gameContentTypeSupported false, density 440, 435.428 x 433.839 dpi, appVsyncOff 2333333, presDeadline 11500000, cutout DisplayCutout{insets=Rect(0, 136 - 0, 0) waterfall=Insets{left=0, top=0, right=0, bottom=0} boundingRect={Bounds=[Rect(0, 0 - 0, 0), Rect(0, 0 - 136, 136), Rect(0, 0 - 0, 0), Rect(0, 0 - 0, 0)]}}, touch INTERNAL, rotation 0, type INTERNAL, address {port=129, model=0x446d53ad64a0}, deviceProductInfo DeviceProductInfo{name=, manufacturerPnpId=QCM, productId=1, modelYear=null, manufactureDate=ManufactureDate{week=27, year=2006}, relativeAddress=null}, state ON, FLAG_DEFAULT_DISPLAY, FLAG_ROTATES_WITH_CONTENT, FLAG_SECURE, FLAG_SUPPORTS_PROTECTED_BUFFERS}
09-01 17:27:16.753   901  2806 I sensors-hal: [ssc_utils]get_qmi_debug_flag:244, support_qmi_debug : false
09-01 17:27:16.754  5022  5022 I AppZygoteInit: Beginning application preload for com.android.chrome
09-01 17:27:16.760  5022  5022 I cr_ZygotePreload: Loaded Zygote. version=107.0.5304.91 minSdkVersion=29 isBundle=true
09-01 17:27:16.762  5022  5022 W linker  : Warning: "/data/app/~~pvdNlmkqoAdokjnHYmWQbA==/com.google.android.trichromelibrary_530409134-AZWnkLs2PHY5miTP6ZiTzA==/base.apk!/lib/arm64-v8a/libmonochrome_64.so" unused DT entry: unknown processor-specific (type 0x70000001 arg 0x0) (ignoring)
09-01 17:27:16.764   901  1000 W ASH     : @ 27223.218: Unhandled msg ID 999: line 1277
09-01 17:27:16.764   901  1000 E ASH     : @ 27223.218: No pb callback assigned
09-01 17:27:16.764   901  1000 E ASH     : @ 27223.218: Nanopb error: callback failed:1588
09-01 17:27:16.772  1513  1625 I AppZygote: Application preload done.
09-01 17:27:16.772  5022  5022 I AppZygoteInit: Application preload done
09-01 17:27:16.789  5022  5037 W d.chrome_zygot: Reducing the number of considered missed Gc histogram windows from 2722 to 100
09-01 17:27:16.799  4970  4991 W cr_PartnerCustomize: Partner homepage must be HTTP(S) or NewTabPage. Got invalid URL ""
09-01 17:27:16.802  5022  5022 D Zygote  : Forked child process 5067
09-01 17:27:16.804  1513  1625 W ActivityManager: Slow operation: 128ms so far, now at startProcess: returned from zygote!
09-01 17:27:16.804  1513  1625 W ActivityManager: Slow operation: 128ms so far, now at startProcess: done updating battery stats
09-01 17:27:16.805  1513  1625 W ActivityManager: Slow operation: 128ms so far, now at startProcess: building log message
09-01 17:27:16.805  1513  1625 I ActivityManager: Start proc 5067:com.android.chrome:sandboxed_process0:org.chromium.content.app.SandboxedProcessService0:0/u0ai0 for  {com.android.chrome/org.chromium.content.app.SandboxedProcessService0:0}
09-01 17:27:16.805  1513  1625 W ActivityManager: Slow operation: 128ms so far, now at startProcess: starting to update pids map
09-01 17:27:16.805  1513  1625 W ActivityManager: Slow operation: 128ms so far, now at startProcess: done updating pids map
09-01 17:27:16.806  5067  5067 E libc    : SetHeapTaggingLevel: re-enabling tagging after it was disabled is not supported
09-01 17:27:16.812  4970  4970 I cr_SmsProviderGms: construction successfull IU2@7469c8f, FU2@25e6b1c
09-01 17:27:16.819  4970  5050 W InstanceID: Instance ID SDK is deprecated, com.android.chrome should update to use Firebase Instance ID
09-01 17:27:16.829  1513  8504 D ConnectivityService: requestNetwork for uid/pid:10220/4970 NetworkRequest [ TRACK_DEFAULT id=1196, [ Capabilities: INTERNET&NOT_RESTRICTED&TRUSTED Uid: 10220 AdministratorUids: [] RequestorUid: 10220 RequestorPackageName: com.android.chrome] ]
09-01 17:27:16.831  1513  2000 D ConnectivityService: NetReassign [1196 : null → 100]
09-01 17:27:16.831   778   778 D Zygote  : Forked child process 5084
09-01 17:27:16.831  1513  1996 D WifiNetworkFactory: got request NetworkRequest [ TRACK_DEFAULT id=1196, [ Capabilities: INTERNET&NOT_RESTRICTED&TRUSTED Uid: 10220 AdministratorUids: [] RequestorUid: 10220 RequestorPackageName: com.android.chrome] ] with score 60 and providerId 5
09-01 17:27:16.831  1513  2038 D Ethernet: got request NetworkRequest [ TRACK_DEFAULT id=1196, [ Capabilities: INTERNET&NOT_RESTRICTED&TRUSTED Uid: 10220 AdministratorUids: [] RequestorUid: 10220 RequestorPackageName: com.android.chrome] ] with score 60 and providerId 5
09-01 17:27:16.831  2474  2474 D PhoneSwitcherNetworkRequstListener: got request NetworkRequest [ TRACK_DEFAULT id=1196, [ Capabilities: INTERNET&NOT_RESTRICTED&TRUSTED Uid: 10220 AdministratorUids: [] RequestorUid: 10220 RequestorPackageName: com.android.chrome] ] with score 60 and providerId 5
09-01 17:27:16.831  1513  1996 D UntrustedWifiNetworkFactory: got request NetworkRequest [ TRACK_DEFAULT id=1196, [ Capabilities: INTERNET&NOT_RESTRICTED&TRUSTED Uid: 10220 AdministratorUids: [] RequestorUid: 10220 RequestorPackageName: com.android.chrome] ] with score 60 and providerId 5
09-01 17:27:16.832  1513  2000 D ConnectivityService: NetReassign [no changes]
09-01 17:27:16.832  1513  2037 D WIFI_AWARE_FACTORY: got request NetworkRequest [ TRACK_DEFAULT id=1196, [ Capabilities: INTERNET&NOT_RESTRICTED&TRUSTED Uid: 10220 AdministratorUids: [] RequestorUid: 10220 RequestorPackageName: com.android.chrome] ] with score 60 and providerId 5
09-01 17:27:16.833  1513  1625 I ActivityManager: Start proc 5084:com.android.chrome:privileged_process0/u0a220 for service {com.android.chrome/org.chromium.content.app.PrivilegedProcessService0}
09-01 17:27:16.846  5067  5067 E ocessService0:: Not starting debugger since process cannot load the jdwp agent.
09-01 17:27:16.859  5084  5084 E ileged_process: Not starting debugger since process cannot load the jdwp agent.
09-01 17:27:16.864  1513  2169 D CompatibilityChangeReporter: Compat change id reported: 136274596; UID 10220; state: ENABLED
09-01 17:27:16.871  1513  3241 D ConnectivityService: requestNetwork for uid/pid:10220/4970 NetworkRequest [ TRACK_DEFAULT id=1198, [ Capabilities: INTERNET&NOT_RESTRICTED&TRUSTED Uid: 10220 AdministratorUids: [] RequestorUid: 10220 RequestorPackageName: com.android.chrome] ]
09-01 17:27:16.873  1513  2000 D ConnectivityService: NetReassign [1198 : null → 100]
09-01 17:27:16.873  1513  2038 D Ethernet: got request NetworkRequest [ TRACK_DEFAULT id=1198, [ Capabilities: INTERNET&NOT_RESTRICTED&TRUSTED Uid: 10220 AdministratorUids: [] RequestorUid: 10220 RequestorPackageName: com.android.chrome] ] with score 60 and providerId 5
09-01 17:27:16.873  1513  1996 D WifiNetworkFactory: got request NetworkRequest [ TRACK_DEFAULT id=1198, [ Capabilities: INTERNET&NOT_RESTRICTED&TRUSTED Uid: 10220 AdministratorUids: [] RequestorUid: 10220 RequestorPackageName: com.android.chrome] ] with score 60 and providerId 5
09-01 17:27:16.873  1513  1996 D UntrustedWifiNetworkFactory: got request NetworkRequest [ TRACK_DEFAULT id=1198, [ Capabilities: INTERNET&NOT_RESTRICTED&TRUSTED Uid: 10220 AdministratorUids: [] RequestorUid: 10220 RequestorPackageName: com.android.chrome] ] with score 60 and providerId 5
09-01 17:27:16.875  2474  2474 D PhoneSwitcherNetworkRequstListener: got request NetworkRequest [ TRACK_DEFAULT id=1198, [ Capabilities: INTERNET&NOT_RESTRICTED&TRUSTED Uid: 10220 AdministratorUids: [] RequestorUid: 10220 RequestorPackageName: com.android.chrome] ] with score 60 and providerId 5
09-01 17:27:16.875  1513  2037 D WIFI_AWARE_FACTORY: got request NetworkRequest [ TRACK_DEFAULT id=1198, [ Capabilities: INTERNET&NOT_RESTRICTED&TRUSTED Uid: 10220 AdministratorUids: [] RequestorUid: 10220 RequestorPackageName: com.android.chrome] ] with score 60 and providerId 5
09-01 17:27:16.875  1513  2000 D ConnectivityService: NetReassign [no changes]
09-01 17:27:16.878  1513  3168 D CompatibilityChangeReporter: Compat change id reported: 149924527; UID 10220; state: ENABLED
09-01 17:27:16.880  1513  3168 D CompatibilityChangeReporter: Compat change id reported: 132649864; UID 10220; state: DISABLED
09-01 17:27:16.885  4970  4970 W cr_KnoxSettingsProvider: Permission to read device policy denied.
09-01 17:27:16.891  4970  4970 I cr_CompositorSurfaceMgr: Transitioning to surface with format: -1
09-01 17:27:16.891  1513  3223 D CompatibilityChangeReporter: Compat change id reported: 136274596; UID 10220; state: ENABLED
09-01 17:27:16.893  4970  4970 I cr_CompositorSurfaceMgr: surfaceCreated format: 0
09-01 17:27:16.900  5067  5067 I LoadedApk: No resource references to update in package com.google.android.trichromelibrary
09-01 17:27:16.900  5067  5067 D NetworkSecurityConfig: Using Network Security Config from resource 0_resource_name_obfuscated debugBuild: false
09-01 17:27:16.901  5067  5067 D NetworkSecurityConfig: Using Network Security Config from resource 0_resource_name_obfuscated debugBuild: false
09-01 17:27:16.903  4970  4970 I cr_ChromeTabbedActivity: #initializeState
09-01 17:27:16.903  4970  4970 I cr_CipherFactory: #restoreFromBundle, no savedInstanceState.
09-01 17:27:16.903  4970  4970 I cr_tabmodel: #loadState, ignoreIncognitoFiles? true
09-01 17:27:16.903  4970  4970 I cr_tabmodel: Tab metadata, skipIncognitoCount? false incognitoCount: 0 totalCount: 15
09-01 17:27:16.903  5067  5067 I cr_SplitCompatApp: Launched version=107.0.5304.91 minSdkVersion=29 isBundle=true processName=com.android.chrome:sandboxed_process0:org.chromium.content.app.SandboxedProcessService0:0 isIsolated=true
09-01 17:27:16.904  4970  4970 I cr_tabmodel: #isIncognitoTabBeingRestored from tabState:  false
09-01 17:27:16.917  5067  5067 W SystemServiceRegistry: No service published for: uimode
09-01 17:27:16.920  5084  5084 W ileged_process: JIT profile information will not be recorded: profile file does not exist.
09-01 17:27:16.924  5067  5067 I cr_ChildProcessService: Creating new ChildProcessService pid=5067
09-01 17:27:16.928  5084  5084 I LoadedApk: No resource references to update in package com.google.android.trichromelibrary
09-01 17:27:16.928  5084  5084 D NetworkSecurityConfig: Using Network Security Config from resource 0_resource_name_obfuscated debugBuild: false
09-01 17:27:16.929  5084  5084 D NetworkSecurityConfig: Using Network Security Config from resource 0_resource_name_obfuscated debugBuild: false
09-01 17:27:16.930  5084  5084 I cr_SplitCompatApp: Launched version=107.0.5304.91 minSdkVersion=29 isBundle=true processName=com.android.chrome:privileged_process0 isIsolated=false
09-01 17:27:16.945  5067  5105 I cr_LibraryLoader: Using ModernLinker
09-01 17:27:16.945  5084  5084 I cr_ChildProcessService: Creating new ChildProcessService pid=5084
09-01 17:27:16.948  5067  5105 W linker  : Warning: "/data/app/~~_KLlx60MH8CoecPTjMKp8g==/com.android.chrome-kw9RHYrlHKb9bPXi8OTClw==/base.apk!/lib/arm64-v8a/libchromium_android_linker.so" unused DT entry: unknown processor-specific (type 0x70000001 arg 0x0) (ignoring)
09-01 17:27:16.949  5067  5105 E cr_ChromiumAndroidLinker: ReserveAddressWithHint: Address range starting at 0x7a3871e000 was not free to use
09-01 17:27:16.964  5084  5114 I cr_LibraryLoader: Using ModernLinker
09-01 17:27:16.964  5067  5116 I cr_LibraryLoader: Successfully loaded native library
09-01 17:27:16.965  5067  5116 I cr_CachingUmaRecorder: Flushed 3 samples from 3 histograms.
09-01 17:27:16.969  5084  5117 W linker  : Warning: "/data/app/~~_KLlx60MH8CoecPTjMKp8g==/com.android.chrome-kw9RHYrlHKb9bPXi8OTClw==/base.apk!/lib/arm64-v8a/libchromium_android_linker.so" unused DT entry: unknown processor-specific (type 0x70000001 arg 0x0) (ignoring)
09-01 17:27:16.971  5084  5117 I cr_LibraryLoader: Loading monochrome_64 from within /data/app/~~_KLlx60MH8CoecPTjMKp8g==/com.android.chrome-kw9RHYrlHKb9bPXi8OTClw==/base.apk
09-01 17:27:16.972  5084  5117 I cr_ModernLinker: loadLibraryImplLocked: monochrome_64, relroMode=2
09-01 17:27:16.976  5084  5117 W linker  : Warning: "/data/app/~~pvdNlmkqoAdokjnHYmWQbA==/com.google.android.trichromelibrary_530409134-AZWnkLs2PHY5miTP6ZiTzA==/base.apk!/lib/arm64-v8a/libmonochrome_64.so" unused DT entry: unknown processor-specific (type 0x70000001 arg 0x0) (ignoring)
09-01 17:27:16.987  7733  7753 I gle.android.gm: CollectorTransition concurrent copying GC freed 25258(1352KB) AllocSpace objects, 0(0B) LOS objects, 75% free, 9941KB/38MB, paused 307us total 280.542ms
09-01 17:27:16.994  4970  4970 I cr_OfflineIndicator: onConnectionTypeChanged 2
09-01 17:27:16.995  4970  4970 I cr_OfflineIndicator: Reported by system: [ Transports: WIFI Capabilities: NOT_METERED&INTERNET&NOT_RESTRICTED&TRUSTED&NOT_VPN&VALIDATED&NOT_ROAMING&FOREGROUND&NOT_CONGESTED&NOT_SUSPENDED LinkUpBandwidth>=94050Kbps LinkDnBandwidth>=79062Kbps SignalStrength: -56 AdministratorUids: [] RequestorUid: -1 RequestorPackageName: null]
09-01 17:27:16.995  4970  4970 I cr_OfflineIndicator: setConnectionState connectionState=4
09-01 17:27:16.995  4970  4970 I cr_OfflineDetector: Running updateState mConnectivityDetectorInitialized: true, mTimeWhenLastForegrounded: 27220220, getElapsedTime: 27220221, mTimeWhenLastOfflineNotificationReceived: 0, mTimeWhenLastOnline: 27220221, mApplicationState: 1, mIsOfflineLastReportedByConnectivityDetector: false, mIsEffectivelyOffline: false
09-01 17:27:16.995  4970  4970 I cr_OfflineDetector: updateState(): timeSinceLastForeground: 1, timeSinceOfflineNotificationReceived: 27220221, timeSinceLastOnline: 0, timeNeededForForeground: 1999, timeNeededForOffline: -27218221
09-01 17:27:16.995  4970  4970 I cr_OfflineIndicator: processConnectivityCheckResult mConnectionState=4 mConnectivityCheckingStage=1
09-01 17:27:17.000  2816  2836 I FontLog : Received query name=Google Sans&weight=700&besteffort=false, URI content://com.google.android.gms.fonts [CONTEXT service_id=132 ]
09-01 17:27:17.000  2816  2836 I FontLog : Query [name=Google Sans&weight=700&besteffort=false] resolved to {Google Sans, wdth 100.0, wght 700, ital 0.0, bestEffort false} [CONTEXT service_id=132 ]
09-01 17:27:17.002  2816  2836 I FontLog : Fetch {Google Sans, wdth 100.0, wght 700, ital 0.0, bestEffort false} end status Status{statusCode=SUCCESS, resolution=null} [CONTEXT service_id=132 ]
09-01 17:27:17.014  2816  2836 I FontLog : Pulling font file for id = 798, cache size = 6 [CONTEXT service_id=132 ]
09-01 17:27:17.021  2816  2836 I FontLog : Received query name=Noto Color Emoji Compat&weight=400&besteffort=false, URI content://com.google.android.gms.fonts [CONTEXT service_id=132 ]
09-01 17:27:17.021  2816  2836 I FontLog : Query [name=Noto Color Emoji Compat&weight=400&besteffort=false] resolved to {Noto Color Emoji Compat, wdth 100.0, wght 400, ital 0.0, bestEffort false} [CONTEXT service_id=132 ]
09-01 17:27:17.023  2816  2836 I FontLog : Fetch {Noto Color Emoji Compat, wdth 100.0, wght 400, ital 0.0, bestEffort false} end status Status{statusCode=SUCCESS, resolution=null} [CONTEXT service_id=132 ]
09-01 17:27:17.023  5084  5117 I cr_LibraryLoader: Successfully loaded native library
09-01 17:27:17.024  5084  5117 I cr_CachingUmaRecorder: Flushed 11 samples from 11 histograms.
09-01 17:27:17.028  2816  2836 I FontLog : Pulling font file for id = 799, cache size = 5 [CONTEXT service_id=132 ]
09-01 17:27:17.034  2816  2836 I FontLog : Received query name=Google Sans&weight=400&besteffort=false, URI content://com.google.android.gms.fonts [CONTEXT service_id=132 ]
09-01 17:27:17.035  2816  2836 I FontLog : Query [name=Google Sans&weight=400&besteffort=false] resolved to {Google Sans, wdth 100.0, wght 400, ital 0.0, bestEffort false} [CONTEXT service_id=132 ]
09-01 17:27:17.036  2816  2836 I FontLog : Font PFD returned from cache for {Google Sans, wdth 100.0, wght 400, ital 0.0, bestEffort false} [CONTEXT service_id=132 ]
09-01 17:27:17.036  2816  2836 I FontLog : Fetch {Google Sans, wdth 100.0, wght 400, ital 0.0, bestEffort false} end status Status{statusCode=SUCCESS, resolution=null} [CONTEXT service_id=132 ]
09-01 17:27:17.037  4904  5133 D ProfileInstaller: Installing profile for com.example.batterymanager_utility
09-01 17:27:17.037  4970  4970 W linker  : Warning: "/data/app/~~_KLlx60MH8CoecPTjMKp8g==/com.android.chrome-kw9RHYrlHKb9bPXi8OTClw==/split_vr.apk!/lib/arm64-v8a/libmonochrome_64_vr_partition.so" unused DT entry: unknown processor-specific (type 0x70000001 arg 0x0) (ignoring)
09-01 17:27:17.041  2816  2836 I FontLog : Pulling font file for id = 800, cache size = 6 [CONTEXT service_id=132 ]
09-01 17:27:17.042  1513  3223 D ConnectivityService: requestNetwork for uid/pid:10220/4970 NetworkRequest [ TRACK_DEFAULT id=1200, [ Capabilities: INTERNET&NOT_RESTRICTED&TRUSTED Uid: 10220 AdministratorUids: [] RequestorUid: 10220 RequestorPackageName: com.android.chrome] ]
09-01 17:27:17.042  1513  2000 D ConnectivityService: NetReassign [1200 : null → 100]
09-01 17:27:17.042  5084  5117 I AdrenoGLES-0: QUALCOMM build                   : 35605c3, Ia11ce2d146
09-01 17:27:17.042  5084  5117 I AdrenoGLES-0: Build Date                       : 09/02/20
09-01 17:27:17.042  5084  5117 I AdrenoGLES-0: OpenGL ES Shader Compiler Version: EV031.31.04.00
09-01 17:27:17.042  5084  5117 I AdrenoGLES-0: Local Branch                     : gfx-adreno.lnx.2.0
09-01 17:27:17.042  5084  5117 I AdrenoGLES-0: Remote Branch                    : 
09-01 17:27:17.042  5084  5117 I AdrenoGLES-0: Remote Branch                    : 
09-01 17:27:17.042  5084  5117 I AdrenoGLES-0: Reconstruct Branch               : 
09-01 17:27:17.042  5084  5117 I AdrenoGLES-0: Build Config                     : S P 10.0.4 AArch64
09-01 17:27:17.042  5084  5117 I AdrenoGLES-0: Driver Path                      : /vendor/lib64/egl/libGLESv2_adreno.so
09-01 17:27:17.042  1513  1996 D WifiNetworkFactory: got request NetworkRequest [ TRACK_DEFAULT id=1200, [ Capabilities: INTERNET&NOT_RESTRICTED&TRUSTED Uid: 10220 AdministratorUids: [] RequestorUid: 10220 RequestorPackageName: com.android.chrome] ] with score 60 and providerId 5
09-01 17:27:17.043  1513  2038 D Ethernet: got request NetworkRequest [ TRACK_DEFAULT id=1200, [ Capabilities: INTERNET&NOT_RESTRICTED&TRUSTED Uid: 10220 AdministratorUids: [] RequestorUid: 10220 RequestorPackageName: com.android.chrome] ] with score 60 and providerId 5
09-01 17:27:17.043  1513  1996 D UntrustedWifiNetworkFactory: got request NetworkRequest [ TRACK_DEFAULT id=1200, [ Capabilities: INTERNET&NOT_RESTRICTED&TRUSTED Uid: 10220 AdministratorUids: [] RequestorUid: 10220 RequestorPackageName: com.android.chrome] ] with score 60 and providerId 5
09-01 17:27:17.043  2474  2474 D PhoneSwitcherNetworkRequstListener: got request NetworkRequest [ TRACK_DEFAULT id=1200, [ Capabilities: INTERNET&NOT_RESTRICTED&TRUSTED Uid: 10220 AdministratorUids: [] RequestorUid: 10220 RequestorPackageName: com.android.chrome] ] with score 60 and providerId 5
09-01 17:27:17.043  1513  2037 D WIFI_AWARE_FACTORY: got request NetworkRequest [ TRACK_DEFAULT id=1200, [ Capabilities: INTERNET&NOT_RESTRICTED&TRUSTED Uid: 10220 AdministratorUids: [] RequestorUid: 10220 RequestorPackageName: com.android.chrome] ] with score 60 and providerId 5
09-01 17:27:17.045  2816  2836 I FontLog : Received query name=Google Sans&weight=500&besteffort=false, URI content://com.google.android.gms.fonts [CONTEXT service_id=132 ]
09-01 17:27:17.046  2816  2836 I FontLog : Query [name=Google Sans&weight=500&besteffort=false] resolved to {Google Sans, wdth 100.0, wght 500, ital 0.0, bestEffort false} [CONTEXT service_id=132 ]
09-01 17:27:17.046  1513  2000 D ConnectivityService: NetReassign [no changes]
09-01 17:27:17.047  5084  5117 I AdrenoGLES-0: PFP: 0x016dd090, ME: 0x00000000
09-01 17:27:17.047  2816  2836 I FontLog : Font PFD returned from cache for {Google Sans, wdth 100.0, wght 500, ital 0.0, bestEffort false} [CONTEXT service_id=132 ]
09-01 17:27:17.047  2816  2836 I FontLog : Fetch {Google Sans, wdth 100.0, wght 500, ital 0.0, bestEffort false} end status Status{statusCode=SUCCESS, resolution=null} [CONTEXT service_id=132 ]
09-01 17:27:17.054  2816  2836 I FontLog : Pulling font file for id = 801, cache size = 6 [CONTEXT service_id=132 ]
09-01 17:27:17.054  5084  5117 W AdrenoUtils: <ReadGpuID_from_sysfs:197>: Failed to open /sys/class/kgsl/kgsl-3d0/gpu_model
09-01 17:27:17.054  5084  5117 W AdrenoUtils: <ReadGpuID:221>: Failed to read chip ID from gpu_model. Fallback to use the GSL path
09-01 17:27:17.058  4970  5050 I cr_VrCoreVersionChecker: Unable to find VrCore.
09-01 17:27:17.069  5084  5117 D vulkan  : searching for layers in '/data/app/~~_KLlx60MH8CoecPTjMKp8g==/com.android.chrome-kw9RHYrlHKb9bPXi8OTClw==/lib/arm64'
09-01 17:27:17.069  5084  5117 D vulkan  : searching for layers in '/data/app/~~_KLlx60MH8CoecPTjMKp8g==/com.android.chrome-kw9RHYrlHKb9bPXi8OTClw==/base.apk!/lib/arm64-v8a'
09-01 17:27:17.069  5084  5117 D vulkan  : searching for layers in '/data/app/~~pvdNlmkqoAdokjnHYmWQbA==/com.google.android.trichromelibrary_530409134-AZWnkLs2PHY5miTP6ZiTzA==/base.apk!/lib/arm64-v8a'
09-01 17:27:17.077  5084  5117 I AdrenoVK-0: ===== BEGIN DUMP OF OVERRIDDEN SETTINGS =====
09-01 17:27:17.077  5084  5117 I AdrenoVK-0: ===== END DUMP OF OVERRIDDEN SETTINGS =====
09-01 17:27:17.077  5084  5117 I AdrenoVK-0: QUALCOMM build          : 35605c3, Ia11ce2d146
09-01 17:27:17.077  5084  5117 I AdrenoVK-0: Build Date              : 09/02/20
09-01 17:27:17.077  5084  5117 I AdrenoVK-0: Shader Compiler Version : EV031.31.04.00
09-01 17:27:17.077  5084  5117 I AdrenoVK-0: Local Branch            : gfx-adreno.lnx.2.0
09-01 17:27:17.077  5084  5117 I AdrenoVK-0: Remote Branch           : 
09-01 17:27:17.077  5084  5117 I AdrenoVK-0: Remote Branch           : 
09-01 17:27:17.077  5084  5117 I AdrenoVK-0: Reconstruct Branch      : 
09-01 17:27:17.077  5084  5117 I AdrenoVK-0: Build Config            : S P 10.0.4 AArch64
09-01 17:27:17.077  5084  5117 I AdrenoVK-0: Driver Path             : /vendor/lib64/hw/vulkan.adreno.so
09-01 17:27:17.105  2158  2158 I WallpaperService: engine paused
09-01 17:27:17.106   901   901 I sensors-hal: [hal]activate_physical_sensor:238, android.sensor.gyroscope/41 en=0
09-01 17:27:17.109   901   901 D Diag_Lib: diag: Diag_LSM_DeInit done for pid: 901
09-01 17:27:17.111   901   901 D Diag_Lib: diag: Diag_LSM_DeInit done for pid: 901
09-01 17:27:17.111   901   901 I sensors-hal: [hal]activate_physical_sensor:249, android.sensor.gyroscope/41 en=0 completed
09-01 17:27:17.117  4970  4970 I Choreographer: Skipped 35 frames!  The application may be doing too much work on its main thread.
09-01 17:27:17.121  1513  8184 I AdrenoGLES-0: QUALCOMM build                   : 35605c3, Ia11ce2d146
09-01 17:27:17.121  1513  8184 I AdrenoGLES-0: Build Date                       : 09/02/20
09-01 17:27:17.121  1513  8184 I AdrenoGLES-0: OpenGL ES Shader Compiler Version: EV031.31.04.00
09-01 17:27:17.121  1513  8184 I AdrenoGLES-0: Local Branch                     : gfx-adreno.lnx.2.0
09-01 17:27:17.121  1513  8184 I AdrenoGLES-0: Remote Branch                    : 
09-01 17:27:17.121  1513  8184 I AdrenoGLES-0: Remote Branch                    : 
09-01 17:27:17.121  1513  8184 I AdrenoGLES-0: Reconstruct Branch               : 
09-01 17:27:17.121  1513  8184 I AdrenoGLES-0: Build Config                     : S P 10.0.4 AArch64
09-01 17:27:17.121  1513  8184 I AdrenoGLES-0: Driver Path                      : /vendor/lib64/egl/libGLESv2_adreno.so
09-01 17:27:17.128  1513  8184 I AdrenoGLES-0: PFP: 0x016dd090, ME: 0x00000000
09-01 17:27:17.132  5067  5116 I tflite  : Initialized TensorFlow Lite runtime.
09-01 17:27:17.159  4970  4970 I cr_tabmodel: #isIncognitoTabBeingRestored from tabState:  false
09-01 17:27:17.159  4970  4970 I cr_tabmodel: #isIncognitoTabBeingRestored from tabState:  false
09-01 17:27:17.186  2858  2858 I GoogleInputMethodService: GoogleInputMethodService.onFinishInput():3280 
09-01 17:27:17.187  2858  2858 I GoogleInputMethodService: GoogleInputMethodService.updateDeviceLockedStatus():2169 repeatCheckTimes = 0, unlocked = true
09-01 17:27:17.187  2858  2858 I GoogleInputMethodService: GoogleInputMethodService.onStartInput():1960 onStartInput(EditorInfo{inputType=0x0(NULL) imeOptions=0x12000000 privateImeOptions=null actionName=UNSPECIFIED actionLabel=null actionId=0 initialSelStart=-1 initialSelEnd=-1 initialCapsMode=0x0 hintText=null label=null packageName=com.android.chrome fieldId=-1 fieldName=null extras=null}, false)
09-01 17:27:17.187  2858  2858 I GoogleInputMethodService: GoogleInputMethodService.shouldHideHeaderOnInitialState():4081 ShouldHideHeaderOnInitialState = false
09-01 17:27:17.193  4970  4970 I cr_tabmodel: #isIncognitoTabBeingRestored from tabState:  false
09-01 17:27:17.193  4970  4970 I cr_tabmodel: #isIncognitoTabBeingRestored from tabState:  false
09-01 17:27:17.194  2858  2858 I GoogleInputMethodService: GoogleInputMethodService.updateDeviceLockedStatus():2169 repeatCheckTimes = 2, unlocked = true
09-01 17:27:17.204  4970  4970 I cr_tabmodel: #isIncognitoTabBeingRestored from tabState:  false
09-01 17:27:17.272  4970  4970 I chatty  : uid=10220(com.android.chrome) identical 22 lines
09-01 17:27:17.272  4970  4970 I cr_tabmodel: #isIncognitoTabBeingRestored from tabState:  false
09-01 17:27:17.281  4970  4970 I cr_tabmodel: Loaded tab lists; counts: 15,0
09-01 17:27:17.324  7733  7733 D BoundBrokerSvc: onBind: Intent { act=com.google.android.gms.common.BIND_SHARED_PREFS pkg=com.google.android.gms }
09-01 17:27:17.324  7733  7733 D BoundBrokerSvc: Loading bound service for intent: Intent { act=com.google.android.gms.common.BIND_SHARED_PREFS pkg=com.google.android.gms }
09-01 17:27:17.324  7733  5130 I Icing   : IndexChimeraService.getServiceInterface callingPackage=com.google.android.gms componentName=null serviceId=30
09-01 17:27:17.328  2858  2858 I GoogleInputMethodService: GoogleInputMethodService.onStartInput():1960 onStartInput(EditorInfo{inputType=0x840a1(WebEditText) imeOptions=0x12000003 privateImeOptions=null actionName=SEARCH actionLabel=null actionId=0 initialSelStart=0 initialSelEnd=0 initialCapsMode=0x0 hintText=null label=null packageName=com.android.chrome fieldId=-1 fieldName=null extras=null}, true)
09-01 17:27:17.328  2858  2858 I GoogleInputMethodService: GoogleInputMethodService.shouldHideHeaderOnInitialState():4081 ShouldHideHeaderOnInitialState = false
09-01 17:27:17.329  2858  2858 I GoogleInputMethodService: GoogleInputMethodService.updateDeviceLockedStatus():2169 repeatCheckTimes = 2, unlocked = true
09-01 17:27:17.329  2858  2858 W SessionManager: SessionManager.beginSession():53 Try to begin an already begun session [INPUT_SESSION], end it first
09-01 17:27:17.336  7733  7733 D BoundBrokerSvc: onUnbind: Intent { act=com.google.android.gms.common.BIND_SHARED_PREFS pkg=com.google.android.gms }
09-01 17:27:17.346  7733 16080 I GmsCoreXrpcWrapper: (REDACTED) Returning a channel provider with trafficStatsTag=%d trafficStatsUid=%d
09-01 17:27:17.436  7733 16080 I Icing   : Usage reports ok 16, Failed Usage reports 0, indexed 2, rejected 0
09-01 17:27:17.547  4970  4970 I cr_tabmodel: Appending tabs being restored to metadata lists, 0, startingNormalCount: 15, startingIncognitoCount: 0
09-01 17:27:17.547  4970  4970 I cr_tabmodel: Serializing tab lists; counts: 15, 0
09-01 17:27:17.567  3417  3417 I VISHotwordAdapter: Not connected and not waiting for connection.
09-01 17:27:17.570  3417  3417 I VISHotwordAdapter: Still waiting for connection; add the callback to callback list
09-01 17:27:17.573  3417  3417 I A       : getLocaleToModelSpecsMap
09-01 17:27:17.573  3417  3417 I A       : Using proto config with mendel
09-01 17:27:17.573  3417  3417 I A       : getLocaleToModelSpecsMap
09-01 17:27:17.573  3417  3417 I A       : Using proto config with mendel
09-01 17:27:17.573  3417  3417 I A       : getLocaleToModelSpecsMap
09-01 17:27:17.573  3417  3417 I A       : Using proto config with mendel
09-01 17:27:17.575  3088  7502 I GsaVoiceInteractionSrv: (REDACTED) isHotwordRecognitionEnabled %b %b
09-01 17:27:17.578  4970  4970 I cr_StartSurface: Recorded Startup.Android.StartSurfaceShownAtStartup = false
09-01 17:27:17.582  4970  5021 I cr_BindingManager: Visible binding enabled: maxSize=-1
09-01 17:27:17.733  1513  2000 D ConnectivityService: NetReassign [no changes]
09-01 17:27:18.165   901  1000 D VSC     : @ 27224.618: [WO] tilt angle 89
09-01 17:27:18.813   901  2806 I sensors-hal: [ssc_utils]get_qmi_debug_flag:244, support_qmi_debug : false
09-01 17:27:18.829   901  2806 I sensors-hal: [ssc_utils]get_qmi_debug_flag:244, support_qmi_debug : false
09-01 17:27:18.844   901  1000 W ASH     : @ 27225.298: Unhandled msg ID 999: line 1277
09-01 17:27:18.844   901  1000 E ASH     : @ 27225.298: No pb callback assigned
09-01 17:27:18.844   901  1000 E ASH     : @ 27225.298: Nanopb error: callback failed:1588
09-01 17:27:18.900   901  2806 I sensors-hal: [ssc_utils]get_qmi_debug_flag:244, support_qmi_debug : false
09-01 17:27:18.906  4970  4970 E cr_BTSPrefs: No data found for task id: 53
09-01 17:27:18.906  4970  4970 E cr_BkgrdTaskScheduler: Task cannot be canceled because no data was found instorage or data was invalid
09-01 17:27:18.925   901  1000 W ASH     : @ 27225.379: Unhandled msg ID 999: line 1277
09-01 17:27:18.925   901  1000 E ASH     : @ 27225.379: No pb callback assigned
09-01 17:27:18.925   901  1000 E ASH     : @ 27225.379: Nanopb error: callback failed:1588
09-01 17:27:18.974   901  1000 I ASH     : @ 27225.426: tcs3701: ADC is saturated, removed sample from FIFO.
09-01 17:27:19.318   901  2806 I sensors-hal: [ssc_utils]get_qmi_debug_flag:244, support_qmi_debug : false
09-01 17:27:19.364   901  1000 W ASH     : @ 27225.818: Unhandled msg ID 999: line 1277
09-01 17:27:19.364   901  1000 E ASH     : @ 27225.818: No pb callback assigned
09-01 17:27:19.364   901  1000 E ASH     : @ 27225.818: Nanopb error: callback failed:1588
09-01 17:27:19.407   901  2806 I sensors-hal: [ssc_utils]get_qmi_debug_flag:244, support_qmi_debug : false
09-01 17:27:19.444   901  1000 W ASH     : @ 27225.898: Unhandled msg ID 999: line 1277
09-01 17:27:19.444   901  1000 E ASH     : @ 27225.898: No pb callback assigned
09-01 17:27:19.444   901  1000 E ASH     : @ 27225.898: Nanopb error: callback failed:1588
09-01 17:27:19.489   901  1000 I ASH     : @ 27225.943: tcs3701: ADC is saturated, removed sample from FIFO.
09-01 17:27:19.820   901  2806 I sensors-hal: [ssc_utils]get_qmi_debug_flag:244, support_qmi_debug : false
09-01 17:27:19.844   901  1000 W ASH     : @ 27226.298: Unhandled msg ID 999: line 1277
09-01 17:27:19.844   901  1000 E ASH     : @ 27226.298: No pb callback assigned
09-01 17:27:19.844   901  1000 E ASH     : @ 27226.298: Nanopb error: callback failed:1588
09-01 17:27:19.907   901  2806 I sensors-hal: [ssc_utils]get_qmi_debug_flag:244, support_qmi_debug : false
09-01 17:27:19.924   901  1000 W ASH     : @ 27226.378: Unhandled msg ID 999: line 1277
09-01 17:27:19.924   901  1000 E ASH     : @ 27226.378: No pb callback assigned
09-01 17:27:19.924   901  1000 E ASH     : @ 27226.378: Nanopb error: callback failed:1588
09-01 17:27:19.990   901  1000 I ASH     : @ 27226.443: tcs3701: ADC is saturated, removed sample from FIFO.
09-01 17:27:20.165   901  1000 D VSC     : @ 27226.618: [WO] tilt angle 89
09-01 17:27:20.320   901  2806 I sensors-hal: [ssc_utils]get_qmi_debug_flag:244, support_qmi_debug : false
09-01 17:27:20.323   594 28441 I SDM     : HWDeviceDRM::UpdateMixerAttributes: Mixer WxH 1080x2340-1 for Peripheral
09-01 17:27:20.324   594 28441 I SDM     : DisplayBase::SetActiveConfig: Active configuration changed to: 0
09-01 17:27:20.324   594 28441 I SDM     : StrategyImpl::SetIdleTimeoutMs: Idle timeout set to zero for command mode panels
09-01 17:27:20.338   901  2806 I sensors-hal: [ssc_utils]get_qmi_debug_flag:244, support_qmi_debug : false
