09-02 01:56:46.803  1513  2038 D Ethernet: got request NetworkRequest [ TRACK_DEFAULT id=2666, [ Capabilities: INTERNET&NOT_RESTRICTED&TRUSTED Uid: 10216 AdministratorUids: [] RequestorUid: 10216 RequestorPackageName: com.google.android.youtube] ] with score 60 and providerId 5
09-02 01:56:46.803  1513  1996 D WifiNetworkFactory: got request NetworkRequest [ TRACK_DEFAULT id=2666, [ Capabilities: INTERNET&NOT_RESTRICTED&TRUSTED Uid: 10216 AdministratorUids: [] RequestorUid: 10216 RequestorPackageName: com.google.android.youtube] ] with score 60 and providerId 5
09-02 01:56:46.804  1513  2037 D WIFI_AWARE_FACTORY: got request NetworkRequest [ TRACK_DEFAULT id=2666, [ Capabilities: INTERNET&NOT_RESTRICTED&TRUSTED Uid: 10216 AdministratorUids: [] RequestorUid: 10216 RequestorPackageName: com.google.android.youtube] ] with score 60 and providerId 5
09-02 01:56:46.804  2474  2474 D PhoneSwitcherNetworkRequstListener: got request NetworkRequest [ TRACK_DEFAULT id=2666, [ Capabilities: INTERNET&NOT_RESTRICTED&TRUSTED Uid: 10216 AdministratorUids: [] RequestorUid: 10216 RequestorPackageName: com.google.android.youtube] ] with score 60 and providerId 5
09-02 01:56:46.804  1513  1996 D UntrustedWifiNetworkFactory: got request NetworkRequest [ TRACK_DEFAULT id=2666, [ Capabilities: INTERNET&NOT_RESTRICTED&TRUSTED Uid: 10216 AdministratorUids: [] RequestorUid: 10216 RequestorPackageName: com.google.android.youtube] ] with score 60 and providerId 5
09-02 01:56:46.826  7098  7162 D CompatibilityChangeReporter: Compat change id reported: 147600208; UID 10216; state: ENABLED
09-02 01:56:46.842  1075  2091 W ServiceManager: Permission failure: android.permission.SYSTEM_CAMERA from uid=10216 pid=7098
09-02 01:56:46.848  1075  2091 I chatty  : uid=1047(cameraserver) Binder:1075_2 identical 5 lines
09-02 01:56:46.849  1075  2091 W ServiceManager: Permission failure: android.permission.SYSTEM_CAMERA from uid=10216 pid=7098
09-02 01:56:46.917  2446  4456 D QCNEJ/WlanStaInfoRelay: Received action: android.net.wifi.RSSI_CHANGED
09-02 01:56:46.917  2446  4456 I QCNEJ/NativeHalConnector: -> SND notifyWlanStaStatusChanged([WlanStaInfo]: wifiSwitchState = 1 rssi = -56 ssid = WiFi 69 bssid = 76:4d:28:12:bf:83 dnsInfo = 192.168.88.1;8.8.8.8;0.0.0.0;0.0.0.0; freqBand = _2GHz countryCode = nl[RatInfo]: networkType = 1 subType = 101 networkState = CONNECTED netHdl = 432902426637 ipAddrV4 = 192.168.88.174 ipAddrV6 =  ifNameV4 = wlan0 ifNameV6 =  slotIdx = 0 isAndroidValidated = true) timeStamp = 2023-09-02 01:56:46.917
09-02 01:56:46.925  8855  8928 I CarrierServices: [11702] hbe.handleMessage: RcsEngineImpl[DUAL_REG]:[31697964-3ba3]>Handler: handleMessage processing message:[NOTIFY_UPTIME_IGNORE_STATE_CHANGED] with [non-null]:RcsEngineImpl reference
09-02 01:56:46.927  8855  8930 I CarrierServices: [11703] gko.c: Connected state: [1], networkType: [WIFI]
09-02 01:56:46.928  2474 12258 E PhoneInterfaceManager: [PhoneIntfMgr] getCarrierPrivilegeStatus: Invalid subId
09-02 01:56:46.928  8855  8928 I CarrierServices: [11702] gyk.h: RCS Configuration storage in Bugle is disabled by p/h flag, using ProvisioningEngineStateCacheUtil.getProvisioningConfigurationForGivenSimIfExist()
09-02 01:56:46.929  1513  2000 D ConnectivityService: NetReassign [no changes]
09-02 01:56:46.946  1513  3233 I system_server: oneway function results will be dropped but finished with status OK and parcel size 4
09-02 01:56:46.948  1513  3233 I chatty  : uid=1000(system) Binder:1513_15 identical 8 lines
09-02 01:56:46.948  1513  3233 I system_server: oneway function results will be dropped but finished with status OK and parcel size 4
09-02 01:56:46.948  1513  8504 I system_server: oneway function results will be dropped but finished with status OK and parcel size 4
09-02 01:56:46.948  1513  8504 I system_server: oneway function results will be dropped but finished with status OK and parcel size 4
09-02 01:56:47.040  1513  1537 D ConnectivityService: requestNetwork for uid/pid:10216/7098 NetworkRequest [ TRACK_DEFAULT id=2667, [ Capabilities: INTERNET&NOT_RESTRICTED&TRUSTED Uid: 10216 AdministratorUids: [] RequestorUid: 10216 RequestorPackageName: com.google.android.youtube] ]
09-02 01:56:47.041  1513  2000 D ConnectivityService: NetReassign [2667 : null → 100]
09-02 01:56:47.041  1513  1996 D WifiNetworkFactory: got request NetworkRequest [ TRACK_DEFAULT id=2667, [ Capabilities: INTERNET&NOT_RESTRICTED&TRUSTED Uid: 10216 AdministratorUids: [] RequestorUid: 10216 RequestorPackageName: com.google.android.youtube] ] with score 60 and providerId 5
09-02 01:56:47.041  1513  2037 D WIFI_AWARE_FACTORY: got request NetworkRequest [ TRACK_DEFAULT id=2667, [ Capabilities: INTERNET&NOT_RESTRICTED&TRUSTED Uid: 10216 AdministratorUids: [] RequestorUid: 10216 RequestorPackageName: com.google.android.youtube] ] with score 60 and providerId 5
09-02 01:56:47.041  1513  1996 D UntrustedWifiNetworkFactory: got request NetworkRequest [ TRACK_DEFAULT id=2667, [ Capabilities: INTERNET&NOT_RESTRICTED&TRUSTED Uid: 10216 AdministratorUids: [] RequestorUid: 10216 RequestorPackageName: com.google.android.youtube] ] with score 60 and providerId 5
09-02 01:56:47.041  2474  2474 D PhoneSwitcherNetworkRequstListener: got request NetworkRequest [ TRACK_DEFAULT id=2667, [ Capabilities: INTERNET&NOT_RESTRICTED&TRUSTED Uid: 10216 AdministratorUids: [] RequestorUid: 10216 RequestorPackageName: com.google.android.youtube] ] with score 60 and providerId 5
09-02 01:56:47.042  1513  2038 D Ethernet: got request NetworkRequest [ TRACK_DEFAULT id=2667, [ Capabilities: INTERNET&NOT_RESTRICTED&TRUSTED Uid: 10216 AdministratorUids: [] RequestorUid: 10216 RequestorPackageName: com.google.android.youtube] ] with score 60 and providerId 5
09-02 01:56:47.199  2410  2410 D DeviceStatisticsService: chargerType=2 batteryLevel=100 totalBatteryCapacity=4127300
09-02 01:56:47.199  2410  2410 D DeviceInfoHidlClient: isPowerInfoNeverSent()=true
09-02 01:56:47.199  2410  2410 D DeviceInfoHidlClient: getPowerInfoSupportStatus()=-1
09-02 01:56:47.202  2062 10265 D PowerUI : can't show warning due to - plugged: true status unknown: false
09-02 01:56:47.357   901  2806 I sensors-hal: [ssc_utils]get_qmi_debug_flag:244, support_qmi_debug : false
09-02 01:56:47.367   901  1000 W ASH     : @ 57793.818: Unhandled msg ID 999: line 1277
09-02 01:56:47.367   901  1000 E ASH     : @ 57793.818: No pb callback assigned
09-02 01:56:47.368   901  1000 E ASH     : @ 57793.818: Nanopb error: callback failed:1588
09-02 01:56:48.306   901  1000 D VSC     : @ 57794.756: [WO] tilt angle 87
09-02 01:56:48.969  1513  1537 D CompatibilityChangeReporter: Compat change id reported: 135634846; UID 10220; state: DISABLED
09-02 01:56:48.969  1513  1537 D CompatibilityChangeReporter: Compat change id reported: 135754954; UID 10220; state: ENABLED
09-02 01:56:48.969  1513  1625 D CompatibilityChangeReporter: Compat change id reported: 143937733; UID 10220; state: ENABLED
09-02 01:56:48.980   778   778 D Zygote  : Forked child process 7222
09-02 01:56:48.982  1513  1625 I ActivityManager: Start proc 7222:com.android.chrome/u0a220 for service {com.android.chrome/org.chromium.chrome.browser.customtabs.CustomTabsConnectionService}
09-02 01:56:48.988  7222  7222 E .android.chrom: Not starting debugger since process cannot load the jdwp agent.
09-02 01:56:48.991  1513  1537 D CompatibilityChangeReporter: Compat change id reported: 135634846; UID 10182; state: DISABLED
09-02 01:56:48.991  1513  1537 D CompatibilityChangeReporter: Compat change id reported: 135754954; UID 10182; state: ENABLED
09-02 01:56:48.991  1513  1625 D CompatibilityChangeReporter: Compat change id reported: 143937733; UID 10182; state: ENABLED
09-02 01:56:49.000   778   778 D Zygote  : Forked child process 7242
09-02 01:56:49.001  1513  1625 I ActivityManager: Start proc 7242:com.google.android.apps.wellbeing/u0a182 for content provider {com.google.android.apps.wellbeing/com.google.android.apps.wellbeing.api.impl.WellbeingSettingsProvider}
09-02 01:56:49.010  2816  2836 I FontLog : Received query Noto Color Emoji Compat, URI content://com.google.android.gms.fonts [CONTEXT service_id=132 ]
09-02 01:56:49.010  2816  2836 I FontLog : Query [Noto Color Emoji Compat] resolved to {Noto Color Emoji Compat, wdth 100.0, wght 400, ital 0.0, bestEffort false} [CONTEXT service_id=132 ]
09-02 01:56:49.013  2816  2836 I FontLog : Fetch {Noto Color Emoji Compat, wdth 100.0, wght 400, ital 0.0, bestEffort false} end status Status{statusCode=SUCCESS, resolution=null} [CONTEXT service_id=132 ]
09-02 01:56:49.013  7242  7242 E .apps.wellbein: Not starting debugger since process cannot load the jdwp agent.
09-02 01:56:49.030  7222  7222 W .android.chrom: JIT profile information will not be recorded: profile file does not exist.
09-02 01:56:49.036  2816  3569 I FontLog : Pulling font file for id = 2086, cache size = 4 [CONTEXT service_id=132 ]
09-02 01:56:49.039  7242  7242 I .apps.wellbein: The ClassLoaderContext is a special shared library.
09-02 01:56:49.047  2816  3569 I FontLog : Pulling font file for id = 2086, cache size = 4 [CONTEXT service_id=132 ]
09-02 01:56:49.073  7222  7222 I LoadedApk: No resource references to update in package com.google.android.trichromelibrary
09-02 01:56:49.073  7222  7222 D NetworkSecurityConfig: Using Network Security Config from resource 0_resource_name_obfuscated debugBuild: false
09-02 01:56:49.074  7222  7222 D NetworkSecurityConfig: Using Network Security Config from resource 0_resource_name_obfuscated debugBuild: false
09-02 01:56:49.075  7222  7222 I cr_SplitCompatApp: Launched version=107.0.5304.91 minSdkVersion=29 isBundle=true processName=com.android.chrome isIsolated=false
09-02 01:56:49.079  7242  7242 D NetworkSecurityConfig: No Network Security Config specified, using platform default
09-02 01:56:49.079  7242  7242 D NetworkSecurityConfig: No Network Security Config specified, using platform default
09-02 01:56:49.079  7242  7242 I MultiDex: VM with version 2.1.0 has multidex support
09-02 01:56:49.079  7242  7242 I MultiDex: Installing application
09-02 01:56:49.079  7242  7242 I MultiDex: VM has multidex support, MultiDex support library is disabled.
09-02 01:56:49.127  7242  7242 I ivo     : SslGuard completed installation.
09-02 01:56:49.144  7098  7249 I FA      : App measurement initialized, version: 75018
09-02 01:56:49.144  7098  7249 I FA      : To enable debug logging run: adb shell setprop log.tag.FA VERBOSE
09-02 01:56:49.144  7098  7249 I FA      : To enable faster debug mode event logging run:
09-02 01:56:49.144  7098  7249 I FA      :   adb shell setprop debug.firebase.analytics.app com.google.android.youtube
09-02 01:56:49.172  9499  9499 D BoundBrokerSvc: onBind: Intent { act=com.google.android.gms.measurement.START pkg=com.google.android.gms }
09-02 01:56:49.172  9499  9499 D BoundBrokerSvc: Loading bound service for intent: Intent { act=com.google.android.gms.measurement.START pkg=com.google.android.gms }
09-02 01:56:49.175  7242  7277 W .apps.wellbein: Accessing hidden field Ljava/util/Collections$SynchronizedCollection;->mutex:Ljava/lang/Object; (greylist-max-o, reflection, denied)
09-02 01:56:49.176  7242  7277 W .apps.wellbein: Accessing hidden method Ljava/util/Collections$SynchronizedSet;-><init>(Ljava/util/Set;Ljava/lang/Object;)V (greylist-max-o, reflection, denied)
09-02 01:56:49.176  7242  7277 W .apps.wellbein: Accessing hidden method Ljava/util/Collections$SynchronizedCollection;-><init>(Ljava/util/Collection;Ljava/lang/Object;)V (greylist-max-o, reflection, denied)
09-02 01:56:49.210  7222  7296 I cr_LibraryLoader: Using ModernLinker
09-02 01:56:49.210  7222  7296 I cr_LibraryLoader: Loading monochrome_64 from within /data/app/~~_KLlx60MH8CoecPTjMKp8g==/com.android.chrome-kw9RHYrlHKb9bPXi8OTClw==/base.apk
09-02 01:56:49.213  7222  7296 W linker  : Warning: "/data/app/~~_KLlx60MH8CoecPTjMKp8g==/com.android.chrome-kw9RHYrlHKb9bPXi8OTClw==/base.apk!/lib/arm64-v8a/libchromium_android_linker.so" unused DT entry: unknown processor-specific (type 0x70000001 arg 0x0) (ignoring)
09-02 01:56:49.214  7222  7296 I cr_ModernLinker: loadLibraryImplLocked: monochrome_64, relroMode=1
09-02 01:56:49.225  7222  7296 W linker  : Warning: "/data/app/~~pvdNlmkqoAdokjnHYmWQbA==/com.google.android.trichromelibrary_530409134-AZWnkLs2PHY5miTP6ZiTzA==/base.apk!/lib/arm64-v8a/libmonochrome_64.so" unused DT entry: unknown processor-specific (type 0x70000001 arg 0x0) (ignoring)
09-02 01:56:49.242  2816  3569 I FontLog : Received query Google Sans:700, URI content://com.google.android.gms.fonts [CONTEXT service_id=132 ]
09-02 01:56:49.242  2816  3569 I FontLog : Query [Google Sans:700] resolved to {Google Sans, wdth 100.0, wght 700, ital 0.0, bestEffort false} [CONTEXT service_id=132 ]
09-02 01:56:49.244  2816  3569 I FontLog : Fetch {Google Sans, wdth 100.0, wght 700, ital 0.0, bestEffort false} end status Status{statusCode=SUCCESS, resolution=null} [CONTEXT service_id=132 ]
09-02 01:56:49.257  7222  7300 W DynamiteModule: Local module descriptor class for com.google.android.gms.googlecertificates not found.
09-02 01:56:49.272  7098  7162 D StrictMode: StrictMode policy violation; ~duration=210 ms: android.os.strictmode.DiskReadViolation
09-02 01:56:49.272  7098  7162 D StrictMode: 	at android.os.StrictMode$AndroidBlockGuardPolicy.onReadFromDisk(StrictMode.java:1596)
09-02 01:56:49.272  7098  7162 D StrictMode: 	at libcore.io.BlockGuardOs.access(BlockGuardOs.java:71)
09-02 01:56:49.272  7098  7162 D StrictMode: 	at libcore.io.ForwardingOs.access(ForwardingOs.java:72)
09-02 01:56:49.272  7098  7162 D StrictMode: 	at android.app.ActivityThread$AndroidOs.access(ActivityThread.java:7537)
09-02 01:56:49.272  7098  7162 D StrictMode: 	at java.io.UnixFileSystem.checkAccess(UnixFileSystem.java:281)
09-02 01:56:49.272  7098  7162 D StrictMode: 	at java.io.File.exists(File.java:815)
09-02 01:56:49.272  7098  7162 D StrictMode: 	at akcc.b(:com.google.android.gms@224312037@22.43.12 (150400-483592595):1)
09-02 01:56:49.272  7098  7162 D StrictMode: 	at akdf.e(:com.google.android.gms@224312037@22.43.12 (150400-483592595):13)
09-02 01:56:49.272  7098  7162 D StrictMode: 	at akdf.b(:com.google.android.gms@224312037@22.43.12 (150400-483592595):6)
09-02 01:56:49.272  7098  7162 D StrictMode: 	at akdi.query(:com.google.android.gms@224312037@22.43.12 (150400-483592595):11)
09-02 01:56:49.272  7098  7162 D StrictMode: 	at wwe.query(:com.google.android.gms@224312037@22.43.12 (150400-483592595):3)
09-02 01:56:49.272  7098  7162 D StrictMode: 	at android.content.ContentProvider.query(ContentProvider.java:1379)
09-02 01:56:49.272  7098  7162 D StrictMode: 	at gje.superQuery(:com.google.android.gms@224312037@22.43.12 (150400-483592595):2)
09-02 01:56:49.272  7098  7162 D StrictMode: 	at com.google.android.chimera.ContentProvider.query(:com.google.android.gms@224312037@22.43.12 (150400-483592595):2)
09-02 01:56:49.272  7098  7162 D StrictMode: 	at wwe.query(:com.google.android.gms@224312037@22.43.12 (150400-483592595):8)
09-02 01:56:49.272  7098  7162 D StrictMode: 	at android.content.ContentProvider.query(ContentProvider.java:1475)
09-02 01:56:49.272  7098  7162 D StrictMode: 	at gje.superQuery(:com.google.android.gms@224312037@22.43.12 (150400-483592595):1)
09-02 01:56:49.272  7098  7162 D StrictMode: 	at com.google.android.chimera.ContentProvider.query(:com.google.android.gms@224312037@22.43.12 (150400-483592595):1)
09-02 01:56:49.272  7098  7162 D StrictMode: 	at gje.query(:com.google.android.gms@224312037@22.43.12 (150400-483592595):2)
09-02 01:56:49.272  7098  7162 D StrictMode: 	at android.content.ContentProvider$Transport.query(ContentProvider.java:278)
09-02 01:56:49.272  7098  7162 D StrictMode: 	at android.content.ContentProviderNative.onTransact(ContentProviderNative.java:106)
09-02 01:56:49.272  7098  7162 D StrictMode: 	at android.os.Binder.execTransactInternal(Binder.java:1154)
09-02 01:56:49.272  7098  7162 D StrictMode: 	at android.os.Binder.execTransact(Binder.java:1123)
09-02 01:56:49.272  7098  7162 D StrictMode: # via Binder call with stack:
09-02 01:56:49.272  7098  7162 D StrictMode: 	at android.os.StrictMode.readAndHandleBinderCallViolations(StrictMode.java:2358)
09-02 01:56:49.272  7098  7162 D StrictMode: 	at android.os.Parcel.readExceptionCode(Parcel.java:2318)
09-02 01:56:49.272  7098  7162 D StrictMode: 	at android.database.DatabaseUtils.readExceptionFromParcel(DatabaseUtils.java:139)
09-02 01:56:49.272  7098  7162 D StrictMode: 	at android.content.ContentProviderProxy.query(ContentProviderNative.java:472)
09-02 01:56:49.272  7098  7162 D StrictMode: 	at android.content.ContentResolver.query(ContentResolver.java:1183)
09-02 01:56:49.272  7098  7162 D StrictMode: 	at android.content.ContentResolver.query(ContentResolver.java:1115)
09-02 01:56:49.272  7098  7162 D StrictMode: 	at ajt.a(PG:1)
09-02 01:56:49.272  7098  7162 D StrictMode: 	at aju.a(PG:30)
09-02 01:56:49.272  7098  7162 D StrictMode: 	at ary.a(PG:1)
09-02 01:56:49.272  7098  7162 D StrictMode: 	at vs.run(PG:20)
09-02 01:56:49.272  7098  7162 D StrictMode: 	at android.os.Handler.handleCallback(Handler.java:938)
09-02 01:56:49.272  7098  7162 D StrictMode: 	at android.os.Handler.dispatchMessage(Handler.java:99)
09-02 01:56:49.272  7098  7162 D StrictMode: 	at android.os.Looper.loop(Looper.java:223)
09-02 01:56:49.272  7098  7162 D StrictMode: 	at ocj.run(PG:4)
09-02 01:56:49.272  7098  7162 D StrictMode: 	at nlt.run(PG:33)
09-02 01:56:49.272  7098  7162 D StrictMode: 	at com.google.android.apps.youtube.embeddedplayer.service.jar.client.s.run(PG:15)
09-02 01:56:49.272  7098  7162 D StrictMode: 	at java.lang.Thread.run(Thread.java:923)
09-02 01:56:49.272  7098  7162 D StrictMode: StrictMode policy violation; ~duration=210 ms: android.os.strictmode.DiskReadViolation
09-02 01:56:49.272  7098  7162 D StrictMode: 	at android.os.StrictMode$AndroidBlockGuardPolicy.onReadFromDisk(StrictMode.java:1596)
09-02 01:56:49.272  7098  7162 D StrictMode: 	at java.io.UnixFileSystem.getBooleanAttributes(UnixFileSystem.java:250)
09-02 01:56:49.272  7098  7162 D StrictMode: 	at java.io.File.isDirectory(File.java:845)
09-02 01:56:49.272  7098  7162 D StrictMode: 	at akcc.b(:com.google.android.gms@224312037@22.43.12 (150400-483592595):2)
09-02 01:56:49.272  7098  7162 D StrictMode: 	at akdf.e(:com.google.android.gms@224312037@22.43.12 (150400-483592595):13)
09-02 01:56:49.272  7098  7162 D StrictMode: 	at akdf.b(:com.google.android.gms@224312037@22.43.12 (150400-483592595):6)
09-02 01:56:49.272  7098  7162 D StrictMode: 	at akdi.query(:com.google.android.gms@224312037@22.43.12 (150400-483592595):11)
09-02 01:56:49.272  7098  7162 D StrictMode: 	at wwe.query(:com.google.android.gms@224312037@22.43.12 (150400-483592595):3)
09-02 01:56:49.272  7098  7162 D StrictMode: 	at android.content.ContentProvider.query(ContentProvider.java:1379)
09-02 01:56:49.272  7098  7162 D StrictMode: 	at gje.superQuery(:com.google.android.gms@224312037@22.43.12 (150400-483592595):2)
09-02 01:56:49.272  7098  7162 D StrictMode: 	at com.google.android.chimera.ContentProvider.query(:com.google.android.gms@224312037@22.43.12 (150400-483592595):2)
09-02 01:56:49.272  7098  7162 D StrictMode: 	at wwe.query(:com.google.android.gms@224312037@22.43.12 (150400-483592595):8)
09-02 01:56:49.272  7098  7162 D StrictMode: 	at android.content.ContentProvider.query(ContentProvider.java:1475)
09-02 01:56:49.272  7098  7162 D StrictMode: 	at gje.superQuery(:com.google.android.gms@224312037@22.43.12 (150400-483592595):1)
09-02 01:56:49.272  7098  7162 D StrictMode: 	at com.google.android.chimera.ContentProvider.query(:com.google.android.gms@224312037@22.43.12 (150400-483592595):1)
09-02 01:56:49.272  7098  7162 D StrictMode: 	at gje.query(:com.google.android.gms@224312037@22.43.12 (150400-483592595):2)
09-02 01:56:49.272  7098  7162 D StrictMode: 	at android.content.ContentProvider$Transport.query(ContentProvider.java:278)
09-02 01:56:49.272  7098  7162 D StrictMode: 	at android.content.ContentProviderNative.onTransact(ContentProviderNative.java:106)
09-02 01:56:49.272  7098  7162 D StrictMode: 	at android.os.Binder.execTransactInternal(Binder.java:1154)
09-02 01:56:49.272  7098  7162 D StrictMode: 	at android.os.Binder.execTransact(Binder.java:1123)
09-02 01:56:49.272  7098  7162 D StrictMode: # via Binder call with stack:
09-02 01:56:49.272  7098  7162 D StrictMode: 	at android.os.StrictMode.readAndHandleBinderCallViolations(StrictMode.java:2358)
09-02 01:56:49.272  7098  7162 D StrictMode: 	at android.os.Parcel.readExceptionCode(Parcel.java:2318)
09-02 01:56:49.272  7098  7162 D StrictMode: 	at android.database.DatabaseUtils.readExceptionFromParcel(DatabaseUtils.java:139)
09-02 01:56:49.272  7098  7162 D StrictMode: 	at android.content.ContentProviderProxy.query(ContentProviderNative.java:472)
09-02 01:56:49.272  7098  7162 D StrictMode: 	at android.content.ContentResolver.query(ContentResolver.java:1183)
09-02 01:56:49.272  7098  7162 D StrictMode: 	at android.content.ContentResolver.query(ContentResolver.java:1115)
09-02 01:56:49.272  7098  7162 D StrictMode: 	at ajt.a(PG:1)
09-02 01:56:49.272  7098  7162 D StrictMode: 	at aju.a(PG:30)
09-02 01:56:49.272  7098  7162 D StrictMode: 	at ary.a(PG:1)
09-02 01:56:49.272  7098  7162 D StrictMode: 	at vs.run(PG:20)
09-02 01:56:49.272  7098  7162 D StrictMode: 	at android.os.Handler.handleCallback(Handler.java:938)
09-02 01:56:49.272  7098  7162 D StrictMode: 	at android.os.Handler.dispatchMessage(Handler.java:99)
09-02 01:56:49.272  7098  7162 D StrictMode: 	at android.os.Looper.loop(Looper.java:223)
09-02 01:56:49.272  7098  7162 D StrictMode: 	at ocj.run(PG:4)
09-02 01:56:49.272  7098  7162 D StrictMode: 	at nlt.run(PG:33)
09-02 01:56:49.272  7098  7162 D StrictMode: 	at com.google.android.apps.youtube.embeddedplayer.service.jar.client.s.run(PG:15)
09-02 01:56:49.272  7098  7162 D StrictMode: 	at java.lang.Thread.run(Thread.java:923)
09-02 01:56:49.273  7098  7162 D StrictMode: StrictMode policy violation; ~duration=209 ms: android.os.strictmode.DiskReadViolation
09-02 01:56:49.273  7098  7162 D StrictMode: 	at android.os.StrictMode$AndroidBlockGuardPolicy.onReadFromDisk(StrictMode.java:1596)
09-02 01:56:49.273  7098  7162 D StrictMode: 	at libcore.io.BlockGuardOs.stat(BlockGuardOs.java:389)
09-02 01:56:49.273  7098  7162 D StrictMode: 	at libcore.io.ForwardingOs.stat(ForwardingOs.java:221)
09-02 01:56:49.273  7098  7162 D StrictMode: 	at android.app.ActivityThread$AndroidOs.stat(ActivityThread.java:7560)
09-02 01:56:49.273  7098  7162 D StrictMode: 	at java.io.UnixFileSystem.getLength(UnixFileSystem.java:298)
09-02 01:56:49.273  7098  7162 D StrictMode: 	at java.io.File.length(File.java:970)
09-02 01:56:49.273  7098  7162 D StrictMode: 	at akcc.b(:com.google.android.gms@224312037@22.43.12 (150400-483592595):3)
09-02 01:56:49.273  7098  7162 D StrictMode: 	at akdf.e(:com.google.android.gms@224312037@22.43.12 (150400-483592595):13)
09-02 01:56:49.273  7098  7162 D StrictMode: 	at akdf.b(:com.google.android.gms@224312037@22.43.12 (150400-483592595):6)
09-02 01:56:49.273  7098  7162 D StrictMode: 	at akdi.query(:com.google.android.gms@224312037@22.43.12 (150400-483592595):11)
09-02 01:56:49.273  7098  7162 D StrictMode: 	at wwe.query(:com.google.android.gms@224312037@22.43.12 (150400-483592595):3)
09-02 01:56:49.273  7098  7162 D StrictMode: 	at android.content.ContentProvider.query(ContentProvider.java:1379)
09-02 01:56:49.273  7098  7162 D StrictMode: 	at gje.superQuery(:com.google.android.gms@224312037@22.43.12 (150400-483592595):2)
09-02 01:56:49.273  7098  7162 D StrictMode: 	at com.google.android.chimera.ContentProvider.query(:com.google.android.gms@224312037@22.43.12 (150400-483592595):2)
09-02 01:56:49.273  7098  7162 D StrictMode: 	at wwe.query(:com.google.android.gms@224312037@22.43.12 (150400-483592595):8)
09-02 01:56:49.273  7098  7162 D StrictMode: 	at android.content.ContentProvider.query(ContentProvider.java:1475)
09-02 01:56:49.273  7098  7162 D StrictMode: 	at gje.superQuery(:com.google.android.gms@224312037@22.43.12 (150400-483592595):1)
09-02 01:56:49.273  7098  7162 D StrictMode: 	at com.google.android.chimera.ContentProvider.query(:com.google.android.gms@224312037@22.43.12 (150400-483592595):1)
09-02 01:56:49.273  7098  7162 D StrictMode: 	at gje.query(:com.google.android.gms@224312037@22.43.12 (150400-483592595):2)
09-02 01:56:49.273  7098  7162 D StrictMode: 	at android.content.ContentProvider$Transport.query(ContentProvider.java:278)
09-02 01:56:49.273  7098  7162 D StrictMode: 	at android.content.ContentProviderNative.onTransact(ContentProviderNative.java:106)
09-02 01:56:49.273  7098  7162 D StrictMode: 	at android.os.Binder.execTransactInternal(Binder.java:1154)
09-02 01:56:49.273  7098  7162 D StrictMode: 	at android.os.Binder.execTransact(Binder.java:1123)
09-02 01:56:49.273  7098  7162 D StrictMode: # via Binder call with stack:
09-02 01:56:49.273  7098  7162 D StrictMode: 	at android.os.StrictMode.readAndHandleBinderCallViolations(StrictMode.java:2358)
09-02 01:56:49.273  7098  7162 D StrictMode: 	at android.os.Parcel.readExceptionCode(Parcel.java:2318)
09-02 01:56:49.273  7098  7162 D StrictMode: 	at android.database.DatabaseUtils.readExceptionFromParcel(DatabaseUtils.java:139)
09-02 01:56:49.273  7098  7162 D StrictMode: 	at android.content.ContentProviderProxy.query(ContentProviderNative.java:472)
09-02 01:56:49.273  7098  7162 D StrictMode: 	at android.content.ContentResolver.query(ContentResolver.java:1183)
09-02 01:56:49.273  7098  7162 D StrictMode: 	at android.content.ContentResolver.query(ContentResolver.java:1115)
09-02 01:56:49.273  7098  7162 D StrictMode: 	at ajt.a(PG:1)
09-02 01:56:49.273  7098  7162 D StrictMode: 	at aju.a(PG:30)
09-02 01:56:49.273  7098  7162 D StrictMode: 	at ary.a(PG:1)
09-02 01:56:49.273  7098  7162 D StrictMode: 	at vs.run(PG:20)
09-02 01:56:49.273  7098  7162 D StrictMode: 	at android.os.Handler.handleCallback(Handler.java:938)
09-02 01:56:49.273  7098  7162 D StrictMode: 	at android.os.Handler.dispatchMessage(Handler.java:99)
09-02 01:56:49.273  7098  7162 D StrictMode: 	at android.os.Looper.loop(Looper.java:223)
09-02 01:56:49.273  7098  7162 D StrictMode: 	at ocj.run(PG:4)
09-02 01:56:49.273  7098  7162 D StrictMode: 	at nlt.run(PG:33)
09-02 01:56:49.273  7098  7162 D StrictMode: 	at com.google.android.apps.youtube.embeddedplayer.service.jar.client.s.run(PG:15)
09-02 01:56:49.273  7098  7162 D StrictMode: 	at java.lang.Thread.run(Thread.java:923)
09-02 01:56:49.273  7098  7162 D StrictMode: StrictMode policy violation; ~duration=183 ms: android.os.strictmode.DiskReadViolation
09-02 01:56:49.273  7098  7162 D StrictMode: 	at android.os.StrictMode$AndroidBlockGuardPolicy.onReadFromDisk(StrictMode.java:1596)
09-02 01:56:49.273  7098  7162 D StrictMode: 	at sun.nio.ch.FileDispatcherImpl.size(FileDispatcherImpl.java:106)
09-02 01:56:49.273  7098  7162 D StrictMode: 	at sun.nio.ch.FileChannelImpl.size(FileChannelImpl.java:359)
09-02 01:56:49.273  7098  7162 D StrictMode: 	at android.graphics.fonts.Font$Builder.<init>(Font.java:139)
09-02 01:56:49.273  7098  7162 D StrictMode: 	at android.graphics.fonts.Font$Builder.<init>(Font.java:125)
09-02 01:56:49.273  7098  7162 D StrictMode: 	at aij.b(PG:4)
09-02 01:56:49.273  7098  7162 D StrictMode: 	at aif.e(PG:1)
09-02 01:56:49.273  7098  7162 D StrictMode: 	at aer.b(PG:1)
09-02 01:56:49.273  7098  7162 D StrictMode: 	at ary.a(PG:14)
09-02 01:56:49.273  7098  7162 D StrictMode: 	at vs.run(PG:20)
09-02 01:56:49.273  7098  7162 D StrictMode: 	at android.os.Handler.handleCallback(Handler.java:938)
09-02 01:56:49.273  7098  7162 D StrictMode: 	at android.os.Handler.dispatchMessage(Handler.java:99)
09-02 01:56:49.273  7098  7162 D StrictMode: 	at android.os.Looper.loop(Looper.java:223)
09-02 01:56:49.273  7098  7162 D StrictMode: 	at ocj.run(PG:4)
09-02 01:56:49.273  7098  7162 D StrictMode: 	at nlt.run(PG:33)
09-02 01:56:49.273  7098  7162 D StrictMode: 	at com.google.android.apps.youtube.embeddedplayer.service.jar.client.s.run(PG:15)
09-02 01:56:49.273  7098  7162 D StrictMode: 	at java.lang.Thread.run(Thread.java:923)
09-02 01:56:49.273  7098  7162 D StrictMode: StrictMode policy violation; ~duration=183 ms: android.os.strictmode.DiskReadViolation
09-02 01:56:49.273  7098  7162 D StrictMode: 	at android.os.StrictMode$AndroidBlockGuardPolicy.onReadFromDisk(StrictMode.java:1596)
09-02 01:56:49.273  7098  7162 D StrictMode: 	at sun.nio.ch.FileDispatcherImpl.size(FileDispatcherImpl.java:106)
09-02 01:56:49.273  7098  7162 D StrictMode: 	at sun.nio.ch.FileChannelImpl.map(FileChannelImpl.java:945)
09-02 01:56:49.273  7098  7162 D StrictMode: 	at android.graphics.fonts.Font$Builder.<init>(Font.java:140)
09-02 01:56:49.273  7098  7162 D StrictMode: 	at android.graphics.fonts.Font$Builder.<init>(Font.java:125)
09-02 01:56:49.273  7098  7162 D StrictMode: 	at aij.b(PG:4)
09-02 01:56:49.273  7098  7162 D StrictMode: 	at aif.e(PG:1)
09-02 01:56:49.273  7098  7162 D StrictMode: 	at aer.b(PG:1)
09-02 01:56:49.273  7098  7162 D StrictMode: 	at ary.a(PG:14)
09-02 01:56:49.273  7098  7162 D StrictMode: 	at vs.run(PG:20)
09-02 01:56:49.273  7098  7162 D StrictMode: 	at android.os.Handler.handleCallback(Handler.java:938)
09-02 01:56:49.273  7098  7162 D StrictMode: 	at android.os.Handler.dispatchMessage(Handler.java:99)
09-02 01:56:49.273  7098  7162 D StrictMode: 	at android.os.Looper.loop(Looper.java:223)
09-02 01:56:49.273  7098  7162 D StrictMode: 	at ocj.run(PG:4)
09-02 01:56:49.273  7098  7162 D StrictMode: 	at nlt.run(PG:33)
09-02 01:56:49.273  7098  7162 D StrictMode: 	at com.google.android.apps.youtube.embeddedplayer.service.jar.client.s.run(PG:15)
09-02 01:56:49.273  7098  7162 D StrictMode: 	at java.lang.Thread.run(Thread.java:923)
09-02 01:56:49.295  7098  7162 D StrictMode: StrictMode policy violation; ~duration=183 ms: android.os.strictmode.DiskReadViolation
09-02 01:56:49.295  7098  7162 D StrictMode: 	at android.os.StrictMode$AndroidBlockGuardPolicy.onReadFromDisk(StrictMode.java:1596)
09-02 01:56:49.295  7098  7162 D StrictMode: 	at sun.nio.ch.FileChannelImpl.map(FileChannelImpl.java:982)
09-02 01:56:49.295  7098  7162 D StrictMode: 	at android.graphics.fonts.Font$Builder.<init>(Font.java:140)
09-02 01:56:49.295  7098  7162 D StrictMode: 	at android.graphics.fonts.Font$Builder.<init>(Font.java:125)
09-02 01:56:49.295  7098  7162 D StrictMode: 	at aij.b(PG:4)
09-02 01:56:49.295  7098  7162 D StrictMode: 	at aif.e(PG:1)
09-02 01:56:49.295  7098  7162 D StrictMode: 	at aer.b(PG:1)
09-02 01:56:49.295  7098  7162 D StrictMode: 	at ary.a(PG:14)
09-02 01:56:49.295  7098  7162 D StrictMode: 	at vs.run(PG:20)
09-02 01:56:49.295  7098  7162 D StrictMode: 	at android.os.Handler.handleCallback(Handler.java:938)
09-02 01:56:49.295  7098  7162 D StrictMode: 	at android.os.Handler.dispatchMessage(Handler.java:99)
09-02 01:56:49.295  7098  7162 D StrictMode: 	at android.os.Looper.loop(Looper.java:223)
09-02 01:56:49.295  7098  7162 D StrictMode: 	at ocj.run(PG:4)
09-02 01:56:49.295  7098  7162 D StrictMode: 	at nlt.run(PG:33)
09-02 01:56:49.295  7098  7162 D StrictMode: 	at com.google.android.apps.youtube.embeddedplayer.service.jar.client.s.run(PG:15)
09-02 01:56:49.295  7098  7162 D StrictMode: 	at java.lang.Thread.run(Thread.java:923)
09-02 01:56:49.298  7098  7162 D StrictMode: StrictMode policy violation; ~duration=173 ms: android.os.strictmode.DiskReadViolation
09-02 01:56:49.298  7098  7162 D StrictMode: 	at android.os.StrictMode$AndroidBlockGuardPolicy.onReadFromDisk(StrictMode.java:1596)
09-02 01:56:49.298  7098  7162 D StrictMode: 	at sun.nio.ch.FileDispatcherImpl.size(FileDispatcherImpl.java:106)
09-02 01:56:49.298  7098  7162 D StrictMode: 	at sun.nio.ch.FileChannelImpl.size(FileChannelImpl.java:359)
09-02 01:56:49.298  7098  7162 D StrictMode: 	at j$.wrapper.java.nio.channels.a.size(Unknown Source:2)
09-02 01:56:49.298  7098  7162 D StrictMode: 	at zt.d(PG:5)
09-02 01:56:49.298  7098  7162 D StrictMode: 	at ary.a(PG:15)
09-02 01:56:49.298  7098  7162 D StrictMode: 	at vs.run(PG:20)
09-02 01:56:49.298  7098  7162 D StrictMode: 	at android.os.Handler.handleCallback(Handler.java:938)
09-02 01:56:49.298  7098  7162 D StrictMode: 	at android.os.Handler.dispatchMessage(Handler.java:99)
09-02 01:56:49.298  7098  7162 D StrictMode: 	at android.os.Looper.loop(Looper.java:223)
09-02 01:56:49.298  7098  7162 D StrictMode: 	at ocj.run(PG:4)
09-02 01:56:49.298  7098  7162 D StrictMode: 	at nlt.run(PG:33)
09-02 01:56:49.298  7098  7162 D StrictMode: 	at com.google.android.apps.youtube.embeddedplayer.service.jar.client.s.run(PG:15)
09-02 01:56:49.298  7098  7162 D StrictMode: 	at java.lang.Thread.run(Thread.java:923)
09-02 01:56:49.298  7098  7162 D StrictMode: StrictMode policy violation; ~duration=172 ms: android.os.strictmode.DiskReadViolation
09-02 01:56:49.298  7098  7162 D StrictMode: 	at android.os.StrictMode$AndroidBlockGuardPolicy.onReadFromDisk(StrictMode.java:1596)
09-02 01:56:49.298  7098  7162 D StrictMode: 	at sun.nio.ch.FileDispatcherImpl.size(FileDispatcherImpl.java:106)
09-02 01:56:49.298  7098  7162 D StrictMode: 	at sun.nio.ch.FileChannelImpl.map(FileChannelImpl.java:945)
09-02 01:56:49.298  7098  7162 D StrictMode: 	at j$.wrapper.java.nio.channels.a.map(Unknown Source:5)
09-02 01:56:49.298  7098  7162 D StrictMode: 	at zt.d(PG:6)
09-02 01:56:49.298  7098  7162 D StrictMode: 	at ary.a(PG:15)
09-02 01:56:49.298  7098  7162 D StrictMode: 	at vs.run(PG:20)
09-02 01:56:49.298  7098  7162 D StrictMode: 	at android.os.Handler.handleCallback(Handler.java:938)
09-02 01:56:49.298  7098  7162 D StrictMode: 	at android.os.Handler.dispatchMessage(Handler.java:99)
09-02 01:56:49.298  7098  7162 D StrictMode: 	at android.os.Looper.loop(Looper.java:223)
09-02 01:56:49.298  7098  7162 D StrictMode: 	at ocj.run(PG:4)
09-02 01:56:49.298  7098  7162 D StrictMode: 	at nlt.run(PG:33)
09-02 01:56:49.298  7098  7162 D StrictMode: 	at com.google.android.apps.youtube.embeddedplayer.service.jar.client.s.run(PG:15)
09-02 01:56:49.298  7098  7162 D StrictMode: 	at java.lang.Thread.run(Thread.java:923)
09-02 01:56:49.299  7098  7162 D StrictMode: StrictMode policy violation; ~duration=172 ms: android.os.strictmode.DiskReadViolation
09-02 01:56:49.299  7098  7162 D StrictMode: 	at android.os.StrictMode$AndroidBlockGuardPolicy.onReadFromDisk(StrictMode.java:1596)
09-02 01:56:49.299  7098  7162 D StrictMode: 	at sun.nio.ch.FileChannelImpl.map(FileChannelImpl.java:982)
09-02 01:56:49.299  7098  7162 D StrictMode: 	at j$.wrapper.java.nio.channels.a.map(Unknown Source:5)
09-02 01:56:49.299  7098  7162 D StrictMode: 	at zt.d(PG:6)
09-02 01:56:49.299  7098  7162 D StrictMode: 	at ary.a(PG:15)
09-02 01:56:49.299  7098  7162 D StrictMode: 	at vs.run(PG:20)
09-02 01:56:49.299  7098  7162 D StrictMode: 	at android.os.Handler.handleCallback(Handler.java:938)
09-02 01:56:49.299  7098  7162 D StrictMode: 	at android.os.Handler.dispatchMessage(Handler.java:99)
09-02 01:56:49.299  7098  7162 D StrictMode: 	at android.os.Looper.loop(Looper.java:223)
09-02 01:56:49.299  7098  7162 D StrictMode: 	at ocj.run(PG:4)
09-02 01:56:49.299  7098  7162 D StrictMode: 	at nlt.run(PG:33)
09-02 01:56:49.299  7098  7162 D StrictMode: 	at com.google.android.apps.youtube.embeddedplayer.service.jar.client.s.run(PG:15)
09-02 01:56:49.299  7098  7162 D StrictMode: 	at java.lang.Thread.run(Thread.java:923)
09-02 01:56:49.305  2816  3569 I FontLog : Pulling font file for id = 2087, cache size = 4 [CONTEXT service_id=132 ]
09-02 01:56:49.334  7222  7296 I cr_LibraryLoader: Successfully loaded native library
09-02 01:56:49.336  7222  7296 I cr_CachingUmaRecorder: Flushed 32 samples from 28 histograms.
09-02 01:56:49.338  7222  7300 I DynamiteModule: Considering local module com.google.android.gms.googlecertificates:0 and remote module com.google.android.gms.googlecertificates:7
09-02 01:56:49.338  7222  7300 I DynamiteModule: Selected remote version of com.google.android.gms.googlecertificates, version >= 7
09-02 01:56:49.354  7222  7300 W System  : ClassLoader referenced unknown path: 
09-02 01:56:49.376  7242  7310 W DynamiteModule: Local module descriptor class for com.google.android.gms.googlecertificates not found.
09-02 01:56:49.382  7222  7222 I TetheringManager: registerTetheringEventCallback:com.android.chrome
09-02 01:56:49.390  7242  7310 D StrictMode: StrictMode policy violation: android.os.strictmode.CustomViolation: gcore.dynamite
09-02 01:56:49.390  7242  7310 D StrictMode: 	at android.os.StrictMode$AndroidBlockGuardPolicy.onCustomSlowCall(StrictMode.java:1563)
09-02 01:56:49.390  7242  7310 D StrictMode: 	at android.os.StrictMode.noteSlowCall(StrictMode.java:2555)
09-02 01:56:49.390  7242  7310 D StrictMode: 	at zvn.a(:com.google.android.gms@224312037@22.43.12 (150400-483592595):0)
09-02 01:56:49.390  7242  7310 D StrictMode: 	at com.google.android.gms.chimera.container.GmsModuleChimeraProvider.query(:com.google.android.gms@224312037@22.43.12 (150400-483592595):10)
09-02 01:56:49.390  7242  7310 D StrictMode: 	at wwe.query(:com.google.android.gms@224312037@22.43.12 (150400-483592595):3)
09-02 01:56:49.390  7242  7310 D StrictMode: 	at android.content.ContentProvider.query(ContentProvider.java:1379)
09-02 01:56:49.390  7242  7310 D StrictMode: 	at gje.superQuery(:com.google.android.gms@224312037@22.43.12 (150400-483592595):2)
09-02 01:56:49.390  7242  7310 D StrictMode: 	at com.google.android.chimera.ContentProvider.query(:com.google.android.gms@224312037@22.43.12 (150400-483592595):2)
09-02 01:56:49.390  7242  7310 D StrictMode: 	at wwe.query(:com.google.android.gms@224312037@22.43.12 (150400-483592595):8)
09-02 01:56:49.390  7242  7310 D StrictMode: 	at android.content.ContentProvider.query(ContentProvider.java:1475)
09-02 01:56:49.390  7242  7310 D StrictMode: 	at gje.superQuery(:com.google.android.gms@224312037@22.43.12 (150400-483592595):1)
09-02 01:56:49.390  7242  7310 D StrictMode: 	at com.google.android.chimera.ContentProvider.query(:com.google.android.gms@224312037@22.43.12 (150400-483592595):1)
09-02 01:56:49.390  7242  7310 D StrictMode: 	at gje.query(:com.google.android.gms@224312037@22.43.12 (150400-483592595):2)
09-02 01:56:49.390  7242  7310 D StrictMode: 	at android.content.ContentProvider$Transport.query(ContentProvider.java:278)
09-02 01:56:49.390  7242  7310 D StrictMode: 	at android.content.ContentProviderNative.onTransact(ContentProviderNative.java:106)
09-02 01:56:49.390  7242  7310 D StrictMode: 	at android.os.Binder.execTransactInternal(Binder.java:1154)
09-02 01:56:49.390  7242  7310 D StrictMode: 	at android.os.Binder.execTransact(Binder.java:1123)
09-02 01:56:49.390  7242  7310 D StrictMode: # via Binder call with stack:
09-02 01:56:49.390  7242  7310 D StrictMode: 	at android.os.StrictMode.readAndHandleBinderCallViolations(StrictMode.java:2358)
09-02 01:56:49.390  7242  7310 D StrictMode: 	at android.os.Parcel.readExceptionCode(Parcel.java:2318)
09-02 01:56:49.390  7242  7310 D StrictMode: 	at android.database.DatabaseUtils.readExceptionFromParcel(DatabaseUtils.java:139)
09-02 01:56:49.390  7242  7310 D StrictMode: 	at android.content.ContentProviderProxy.query(ContentProviderNative.java:472)
09-02 01:56:49.390  7242  7310 D StrictMode: 	at android.content.ContentResolver.query(ContentResolver.java:1183)
09-02 01:56:49.390  7242  7310 D StrictMode: 	at android.content.ContentResolver.query(ContentResolver.java:1115)
09-02 01:56:49.390  7242  7310 D StrictMode: 	at android.content.ContentResolver.query(ContentResolver.java:1071)
09-02 01:56:49.390  7242  7310 D StrictMode: 	at hgq.e(PG:10)
09-02 01:56:49.390  7242  7310 D StrictMode: 	at hgq.b(PG:12)
09-02 01:56:49.390  7242  7310 D StrictMode: 	at hgj.b(PG:1)
09-02 01:56:49.390  7242  7310 D StrictMode: 	at hgk.a(PG:3)
09-02 01:56:49.390  7242  7310 D StrictMode: 	at hgq.c(PG:5)
09-02 01:56:49.390  7242  7310 D StrictMode: 	at gzi.e(PG:4)
09-02 01:56:49.390  7242  7310 D StrictMode: 	at gzi.b(PG:2)
09-02 01:56:49.390  7242  7310 D StrictMode: 	at gzq.b(PG:2)
09-02 01:56:49.390  7242  7310 D StrictMode: 	at buh.a(PG:88)
09-02 01:56:49.390  7242  7310 D StrictMode: 	at kit.a(PG:2)
09-02 01:56:49.390  7242  7310 D StrictMode: 	at kzx.f(PG:2)
09-02 01:56:49.390  7242  7310 D StrictMode: 	at kzy.run(PG:9)
09-02 01:56:49.390  7242  7310 D StrictMode: 	at hxw.run(PG:5)
09-02 01:56:49.390  7242  7310 D StrictMode: 	at java.util.concurrent.ThreadPoolExecutor.runWorker(ThreadPoolExecutor.java:1167)
09-02 01:56:49.390  7242  7310 D StrictMode: 	at java.util.concurrent.ThreadPoolExecutor$Worker.run(ThreadPoolExecutor.java:641)
09-02 01:56:49.390  7242  7310 D StrictMode: 	at hxg.run(PG:52)
09-02 01:56:49.390  7242  7310 D StrictMode: 	at hxj.run(PG:3)
09-02 01:56:49.390  7242  7310 D StrictMode: 	at java.lang.Thread.run(Thread.java:923)
09-02 01:56:49.396  7242  7310 I DynamiteModule: Considering local module com.google.android.gms.googlecertificates:0 and remote module com.google.android.gms.googlecertificates:7
09-02 01:56:49.396  7242  7310 I DynamiteModule: Selected remote version of com.google.android.gms.googlecertificates, version >= 7
09-02 01:56:49.405  7242  7310 W System  : ClassLoader referenced unknown path: 
09-02 01:56:49.519  7222  7222 I cr_SmsProviderGms: construction successfull IU2@b801b89, FU2@2e5a78e
09-02 01:56:49.540  7222  7320 W InstanceID: Instance ID SDK is deprecated, com.android.chrome should update to use Firebase Instance ID
09-02 01:56:49.581  9499  9499 D BoundBrokerSvc: onBind: Intent { act=com.google.android.gms.auth.key.retrieval.service.START dat=chimera-action: cmp=com.google.android.gms/.chimera.GmsApiService }
09-02 01:56:49.581  9499  9499 D BoundBrokerSvc: Loading bound service for intent: Intent { act=com.google.android.gms.auth.key.retrieval.service.START dat=chimera-action: cmp=com.google.android.gms/.chimera.GmsApiService }
09-02 01:56:49.617  7222  7222 W cr_KnoxSettingsProvider: Permission to read device policy denied.
09-02 01:56:49.647  1513  2263 D CompatibilityChangeReporter: Compat change id reported: 135634846; UID 10220; state: DISABLED
09-02 01:56:49.647  1513  2263 D CompatibilityChangeReporter: Compat change id reported: 135754954; UID 10220; state: ENABLED
09-02 01:56:49.647  1513  1625 D CompatibilityChangeReporter: Compat change id reported: 143937733; UID 10220; state: ENABLED
09-02 01:56:49.649  1513  2262 D ConnectivityService: requestNetwork for uid/pid:10220/7222 NetworkRequest [ TRACK_DEFAULT id=2668, [ Capabilities: INTERNET&NOT_RESTRICTED&TRUSTED Uid: 10220 AdministratorUids: [] RequestorUid: 10220 RequestorPackageName: com.android.chrome] ]
09-02 01:56:49.649  1513  2000 D ConnectivityService: NetReassign [2668 : null → 100]
09-02 01:56:49.649  1513  1996 D WifiNetworkFactory: got request NetworkRequest [ TRACK_DEFAULT id=2668, [ Capabilities: INTERNET&NOT_RESTRICTED&TRUSTED Uid: 10220 AdministratorUids: [] RequestorUid: 10220 RequestorPackageName: com.android.chrome] ] with score 60 and providerId 5
09-02 01:56:49.649  1513  2038 D Ethernet: got request NetworkRequest [ TRACK_DEFAULT id=2668, [ Capabilities: INTERNET&NOT_RESTRICTED&TRUSTED Uid: 10220 AdministratorUids: [] RequestorUid: 10220 RequestorPackageName: com.android.chrome] ] with score 60 and providerId 5
09-02 01:56:49.649  1513  2037 D WIFI_AWARE_FACTORY: got request NetworkRequest [ TRACK_DEFAULT id=2668, [ Capabilities: INTERNET&NOT_RESTRICTED&TRUSTED Uid: 10220 AdministratorUids: [] RequestorUid: 10220 RequestorPackageName: com.android.chrome] ] with score 60 and providerId 5
09-02 01:56:49.650  1513  1996 D UntrustedWifiNetworkFactory: got request NetworkRequest [ TRACK_DEFAULT id=2668, [ Capabilities: INTERNET&NOT_RESTRICTED&TRUSTED Uid: 10220 AdministratorUids: [] RequestorUid: 10220 RequestorPackageName: com.android.chrome] ] with score 60 and providerId 5
09-02 01:56:49.650  2474  2474 D PhoneSwitcherNetworkRequstListener: got request NetworkRequest [ TRACK_DEFAULT id=2668, [ Capabilities: INTERNET&NOT_RESTRICTED&TRUSTED Uid: 10220 AdministratorUids: [] RequestorUid: 10220 RequestorPackageName: com.android.chrome] ] with score 60 and providerId 5
09-02 01:56:49.651  1513  2000 D ConnectivityService: NetReassign [no changes]
09-02 01:56:49.659   778   778 D Zygote  : Forked child process 7338
09-02 01:56:49.660  1513  1625 W ZygoteProcess: Got error connecting to zygote, retrying. msg= Connection refused
09-02 01:56:49.668  7338  7338 I libc    : SetHeapTaggingLevel: tag level set to 0
09-02 01:56:49.712  1513  1625 I AppZygote: Starting application preload.
09-02 01:56:49.713  7338  7338 I AppZygoteInit: Beginning application preload for com.android.chrome
09-02 01:56:49.720  7338  7338 I cr_ZygotePreload: Loaded Zygote. version=107.0.5304.91 minSdkVersion=29 isBundle=true
09-02 01:56:49.721  7338  7338 W linker  : Warning: "/data/app/~~pvdNlmkqoAdokjnHYmWQbA==/com.google.android.trichromelibrary_530409134-AZWnkLs2PHY5miTP6ZiTzA==/base.apk!/lib/arm64-v8a/libmonochrome_64.so" unused DT entry: unknown processor-specific (type 0x70000001 arg 0x0) (ignoring)
09-02 01:56:49.731  1513  1625 I AppZygote: Application preload done.
09-02 01:56:49.731  7338  7338 I AppZygoteInit: Application preload done
09-02 01:56:49.744  1513  2263 D CompatibilityChangeReporter: Compat change id reported: 149924527; UID 10220; state: ENABLED
09-02 01:56:49.745  1513  3233 D CompatibilityChangeReporter: Compat change id reported: 132649864; UID 10220; state: DISABLED
09-02 01:56:49.749  7338  7344 W d.chrome_zygot: Reducing the number of considered missed Gc histogram windows from 5779 to 100
09-02 01:56:49.764  7338  7338 D Zygote  : Forked child process 7349
09-02 01:56:49.766  7349  7349 E libc    : SetHeapTaggingLevel: re-enabling tagging after it was disabled is not supported
09-02 01:56:49.767  1513  1625 W ActivityManager: Slow operation: 121ms so far, now at startProcess: returned from zygote!
09-02 01:56:49.767  1513  1625 W ActivityManager: Slow operation: 121ms so far, now at startProcess: done updating battery stats
09-02 01:56:49.767  1513  1625 W ActivityManager: Slow operation: 121ms so far, now at startProcess: building log message
09-02 01:56:49.767  1513  1625 I ActivityManager: Start proc 7349:com.android.chrome:sandboxed_process0:org.chromium.content.app.SandboxedProcessService0:0/u0ai0 for  {com.android.chrome/org.chromium.content.app.SandboxedProcessService0:0}
09-02 01:56:49.767  1513  1625 W ActivityManager: Slow operation: 121ms so far, now at startProcess: starting to update pids map
09-02 01:56:49.767  1513  1625 W ActivityManager: Slow operation: 121ms so far, now at startProcess: done updating pids map
09-02 01:56:49.774   778   778 D Zygote  : Forked child process 7358
09-02 01:56:49.776  7349  7349 E ocessService0:: Not starting debugger since process cannot load the jdwp agent.
09-02 01:56:49.782  1513  1625 I ActivityManager: Start proc 7358:com.android.chrome:privileged_process0/u0a220 for service {com.android.chrome/org.chromium.content.app.PrivilegedProcessService0}
09-02 01:56:49.784  7358  7358 E ileged_process: Not starting debugger since process cannot load the jdwp agent.
09-02 01:56:49.803  7222  7222 I cr_CompositorSurfaceMgr: Transitioning to surface with format: -1
09-02 01:56:49.809  7349  7349 I LoadedApk: No resource references to update in package com.google.android.trichromelibrary
09-02 01:56:49.809  7349  7349 D NetworkSecurityConfig: Using Network Security Config from resource 0_resource_name_obfuscated debugBuild: false
09-02 01:56:49.810  7349  7349 D NetworkSecurityConfig: Using Network Security Config from resource 0_resource_name_obfuscated debugBuild: false
09-02 01:56:49.811  7349  7349 I cr_SplitCompatApp: Launched version=107.0.5304.91 minSdkVersion=29 isBundle=true processName=com.android.chrome:sandboxed_process0:org.chromium.content.app.SandboxedProcessService0:0 isIsolated=true
09-02 01:56:49.821  7349  7349 W SystemServiceRegistry: No service published for: uimode
09-02 01:56:49.828  7349  7349 I cr_ChildProcessService: Creating new ChildProcessService pid=7349
09-02 01:56:49.834  7349  7383 I cr_LibraryLoader: Using ModernLinker
09-02 01:56:49.837  7349  7383 W linker  : Warning: "/data/app/~~_KLlx60MH8CoecPTjMKp8g==/com.android.chrome-kw9RHYrlHKb9bPXi8OTClw==/base.apk!/lib/arm64-v8a/libchromium_android_linker.so" unused DT entry: unknown processor-specific (type 0x70000001 arg 0x0) (ignoring)
09-02 01:56:49.838  7349  7383 E cr_ChromiumAndroidLinker: ReserveAddressWithHint: Address range starting at 0x7a3972b000 was not free to use
09-02 01:56:49.846  7349  7386 I cr_LibraryLoader: Successfully loaded native library
09-02 01:56:49.847  7349  7386 I cr_CachingUmaRecorder: Flushed 3 samples from 3 histograms.
09-02 01:56:49.853  7358  7358 W ileged_process: JIT profile information will not be recorded: profile file does not exist.
09-02 01:56:49.862  7358  7358 I LoadedApk: No resource references to update in package com.google.android.trichromelibrary
09-02 01:56:49.862  7358  7358 D NetworkSecurityConfig: Using Network Security Config from resource 0_resource_name_obfuscated debugBuild: false
09-02 01:56:49.863  7358  7358 D NetworkSecurityConfig: Using Network Security Config from resource 0_resource_name_obfuscated debugBuild: false
09-02 01:56:49.864  7358  7358 I cr_SplitCompatApp: Launched version=107.0.5304.91 minSdkVersion=29 isBundle=true processName=com.android.chrome:privileged_process0 isIsolated=false
09-02 01:56:49.891  7358  7358 I cr_ChildProcessService: Creating new ChildProcessService pid=7358
09-02 01:56:49.907  7358  7384 I cr_LibraryLoader: Using ModernLinker
09-02 01:56:49.911  7358  7393 W linker  : Warning: "/data/app/~~_KLlx60MH8CoecPTjMKp8g==/com.android.chrome-kw9RHYrlHKb9bPXi8OTClw==/base.apk!/lib/arm64-v8a/libchromium_android_linker.so" unused DT entry: unknown processor-specific (type 0x70000001 arg 0x0) (ignoring)
