--------- beginning of system
09-02 01:56:44.566  1513  3246 I ActivityManager: Force stopping org.mozilla.firefox appid=10258 user=0: from pid 6796
--------- beginning of main
09-02 01:56:44.572  2474  2474 E PhoneInterfaceManager: [PhoneIntfMgr] getCarrierPackageNamesForIntentAndPhone: No UICC
09-02 01:56:44.572  2474  2474 D CarrierSvcBindHelper: No carrier app for: 0
09-02 01:56:44.578  3135  3135 D RegisteredNfcFServicesCache: Service unchanged, not updating
09-02 01:56:44.582  8777  8777 I EuiccGoogle: [2] EuiccServiceImpl.onCreate: onCreate Single-SIM mode: simCardState is 1
09-02 01:56:44.587  8777  6802 I EuiccGoogle: [7544] EuiccServiceImpl.onGetEuiccProfileInfoList: onGetEuiccProfileInfoList: slotId = -1
09-02 01:56:44.590  8777  6802 W EuiccGoogle: [7544] EuiccServiceImpl.onGetEuiccProfileInfoList: slotId=-1. No eUICC is active. Return null.
09-02 01:56:44.822  1513  3246 I ActivityTaskManager: START u0 {act=android.intent.action.VIEW flg=0x10008000 cmp=org.mozilla.firefox/org.mozilla.gecko.BrowserApp} from uid 2000
09-02 01:56:44.823  1513  1572 D EventSequenceValidator: inc AccIntentStartedEvents to 2
09-02 01:56:44.831   901  2806 I sensors-hal: [ssc_utils]get_qmi_debug_flag:244, support_qmi_debug : false
09-02 01:56:44.839  6796  6798 I cmd     : oneway function results will be dropped but finished with status OK and parcel size 4
09-02 01:56:44.845  1513  1572 D CompatibilityChangeReporter: Compat change id reported: 135634846; UID 10258; state: DISABLED
09-02 01:56:44.845  1513  1572 D CompatibilityChangeReporter: Compat change id reported: 135754954; UID 10258; state: ENABLED
09-02 01:56:44.845  1513  1625 D CompatibilityChangeReporter: Compat change id reported: 143937733; UID 10258; state: ENABLED
09-02 01:56:44.847   901  1000 W ASH     : @ 57791.298: Unhandled msg ID 999: line 1277
09-02 01:56:44.847   901  1000 E ASH     : @ 57791.298: No pb callback assigned
09-02 01:56:44.847   901  1000 E ASH     : @ 57791.298: Nanopb error: callback failed:1588
09-02 01:56:44.850   778   778 D Zygote  : Forked child process 6806
09-02 01:56:44.853  1513  1625 I ActivityManager: Start proc 6806:org.mozilla.firefox/u0a258 for pre-top-activity {org.mozilla.firefox/org.mozilla.gecko.BrowserApp}
09-02 01:56:44.854  6741  6810 D ProfileInstaller: Installing profile for com.example.batterymanager_utility
09-02 01:56:44.857  6806  6806 E mozilla.firefo: Not starting debugger since process cannot load the jdwp agent.
09-02 01:56:44.878  3088  3642 I AssistantForeground: (REDACTED) Get launcher package: %s
09-02 01:56:44.885  6806  6806 D NetworkSecurityConfig: No Network Security Config specified, using platform default
09-02 01:56:44.885  6806  6806 D NetworkSecurityConfig: No Network Security Config specified, using platform default
09-02 01:56:44.891  6806  6806 I FirebaseApp: Device unlocked: initializing all Firebase APIs for app [DEFAULT]
09-02 01:56:44.893  6806  6806 I FirebaseInitProvider: FirebaseApp initialization successful
09-02 01:56:44.910  6806  6806 I rc_log_ffi::ios: rc_log adapter initialized!
09-02 01:56:44.959  6806  6837 I nimbus::nimbus_client: updating experiment list
09-02 01:56:44.960  6806  6837 I nimbus::persistence: Already at version 2, no upgrade needed
09-02 01:56:44.960  6806  6837 I nimbus::nimbus_client: [Nimbus] Retrieved date from Context: 2023-09-01 07:56:38 UTC
09-02 01:56:44.960  6806  6837 I nimbus::nimbus_client: [Nimbus] Installation Date: 2023-09-01 07:56:38 UTC
09-02 01:56:44.960  6806  6837 I nimbus::nimbus_client: [Nimbus] Update Date: 2023-09-01 14:22:00.591064144 UTC
09-02 01:56:44.960  6806  6837 I nimbus::nimbus_client: [Nimbus] Days since install: 0
09-02 01:56:44.960  6806  6837 I nimbus::nimbus_client: [Nimbus] Days since update: 0
09-02 01:56:44.966   901  2806 I sensors-hal: [ssc_utils]get_qmi_debug_flag:244, support_qmi_debug : false
09-02 01:56:44.972  6806  6843 I GeckoThread: preparing to run Gecko
09-02 01:56:44.979  6806  6843 I GeckoLoader: Library base=/data/app/~~BtOtpENtY_8SJVQLgbYgRg==/org.mozilla.firefox-ZoJ8FBGk3KN0nHoYkPw1IA==/lib/arm64
09-02 01:56:44.979  6806  6843 W Settings: Setting animator_duration_scale has moved from android.provider.Settings.System to android.provider.Settings.Global, returning read-only global URI.
09-02 01:56:44.980  6806  6843 I GeckoLoader: Library base=/data/app/~~BtOtpENtY_8SJVQLgbYgRg==/org.mozilla.firefox-ZoJ8FBGk3KN0nHoYkPw1IA==/lib/arm64
09-02 01:56:44.982  6806  6846 I libglean_ffi: glean_core::core: Creating new Glean v53.1.0
09-02 01:56:44.982  6806  6843 E GeckoLibLoad: Load sqlite start
09-02 01:56:44.983  6806  6843 E GeckoLibLoad: Load sqlite done
09-02 01:56:44.983  6806  6846 I libglean_ffi: glean_core::database: Database initialized
09-02 01:56:44.983  6806  6843 I GeckoLoader: Library base=/data/app/~~BtOtpENtY_8SJVQLgbYgRg==/org.mozilla.firefox-ZoJ8FBGk3KN0nHoYkPw1IA==/lib/arm64
09-02 01:56:44.984  6806  6843 E GeckoLibLoad: Load nss start
09-02 01:56:44.984  6806  6843 E GeckoLibLoad: Load nss done
09-02 01:56:44.984  6806  6843 I GeckoLoader: Library base=/data/app/~~BtOtpENtY_8SJVQLgbYgRg==/org.mozilla.firefox-ZoJ8FBGk3KN0nHoYkPw1IA==/lib/arm64
09-02 01:56:44.984  6806  6846 I libglean_ffi: glean_core: Glean initialized
09-02 01:56:44.985  6806  6843 E GeckoLibLoad: Loaded libs in 0.843490ms total, 1ms(3ms) user, 0ms(0ms) system, 0(0) faults
09-02 01:56:44.985  6806  6846 I libglean_ffi: glean_core::event_database: Loading events for events
09-02 01:56:44.985  6806  6846 I libglean_ffi: glean_core::event_database: Loading events for background-update
09-02 01:56:44.987  6806  6843 W GeckoThread: zerdatime 57788212 - runGecko
09-02 01:56:44.987  6806  6846 I libglean_ffi: glean_core::ping: Collecting events
09-02 01:56:44.990  6806  6846 I libglean_ffi: glean_core::upload::directory: Processing ping at: /data/user/0/org.mozilla.firefox/glean_data/pending_pings/421368d6-34a9-4669-a56a-40e42ce1aa17
09-02 01:56:44.992  6806  6846 I libglean_ffi: glean_core::metrics::ping: The ping 'events' was submitted and will be sent as soon as possible
09-02 01:56:45.000  6806  6846 I TetheringManager: registerTetheringEventCallback:org.mozilla.firefox
09-02 01:56:45.007   901  1000 W ASH     : @ 57791.458: Unhandled msg ID 999: line 1277
09-02 01:56:45.007   901  1000 E ASH     : @ 57791.458: No pb callback assigned
09-02 01:56:45.007   901  1000 E ASH     : @ 57791.458: Nanopb error: callback failed:1588
09-02 01:56:45.013  6806  6806 I FenixApplication: AutoPushFeature is configured, initializing it...
09-02 01:56:45.014  6806  6806 I AbstractFirebasePushService: start
09-02 01:56:45.016  1513  2570 D CompatibilityChangeReporter: Compat change id reported: 136274596; UID 10258; state: ENABLED
09-02 01:56:45.026   592  2726 W DisplayIdentification: Invalid EDID: falling back to serial number due to missing display name.
09-02 01:56:45.026   592  2726 W DisplayIdentification: Invalid EDID: falling back to ASCII text due to missing serial number.
09-02 01:56:45.031  6806  6843 I Gecko:DumpUtils: Fifo watcher disabled via pref.
09-02 01:56:45.032  6806  6846 I glean/MetricsPingSched: The 'metrics' collection is scheduled for today, 1693612605006
09-02 01:56:45.033  6806  6806 W org.mozilla.firefox: type=1400 audit(0.0:6867): avc: denied { bind } for comm=4E65746C696E6B204D6F6E69746F72 scontext=u:r:untrusted_app:s0:c2,c257,c512,c768 tcontext=u:r:untrusted_app:s0:c2,c257,c512,c768 tclass=netlink_route_socket permissive=0 b/155595000 app=org.mozilla.firefox
09-02 01:56:45.037  1513  8504 I ActivityTaskManager: START u0 {act=android.intent.action.VIEW cmp=org.mozilla.firefox/org.mozilla.fenix.HomeActivity (has extras)} from uid 10258
09-02 01:56:45.041   901  2806 I sensors-hal: [ssc_utils]get_qmi_debug_flag:244, support_qmi_debug : false
09-02 01:56:45.048   901  1000 W ASH     : @ 57791.499: Unhandled msg ID 999: line 1277
09-02 01:56:45.048   901  1000 E ASH     : @ 57791.499: No pb callback assigned
09-02 01:56:45.048   901  1000 E ASH     : @ 57791.499: Nanopb error: callback failed:1588
09-02 01:56:45.058  1513  3246 W ActivityTaskManager: Tried to set launchTime (0) < mLastActivityLaunchTime (57788091)
09-02 01:56:45.075  6806  6846 I libglean_ffi: glean_core::ping: Collecting baseline
09-02 01:56:45.083  2158  2158 I WallpaperService: engine resumed
09-02 01:56:45.085   901   901 I sensors-hal: [hal]batch_physical_sensor:301, android.sensor.gyroscope/41, period=20000000, max_latency=0
09-02 01:56:45.085   901   901 I sensors-hal: [hal]batch_physical_sensor:310, android.sensor.gyroscope/41, period=20000000, max_latency=0 request completed
09-02 01:56:45.086   901   901 W sensors@2.0-ser: type=1400 audit(0.0:6868): avc: denied { read write } for name="diag" dev="tmpfs" ino=12474 scontext=u:r:hal_sensors_default:s0 tcontext=u:object_r:diag_device:s0 tclass=chr_file permissive=0
09-02 01:56:45.086   901   901 W sensors@2.0-ser: type=1400 audit(0.0:6869): avc: denied { read write } for name="diag" dev="tmpfs" ino=12474 scontext=u:r:hal_sensors_default:s0 tcontext=u:object_r:diag_device:s0 tclass=chr_file permissive=0
09-02 01:56:45.087   901   901 I sensors-hal: [hal]activate_physical_sensor:238, android.sensor.gyroscope/41 en=1
09-02 01:56:45.087   901   901 I sensors-hal: [ssc_utils]get_qmi_debug_flag:244, support_qmi_debug : false
09-02 01:56:45.090   901   901 D Diag_Lib:  Diag_LSM_Init: Failed to open handle to diag driver, error = 13
09-02 01:56:45.090   901   901 D Diag_Lib:  Diag_LSM_Init: Failed to open handle to diag driver, error = 13
09-02 01:56:45.090   901   901 I sensors-hal: [ssc_sensor]update_handle:537, handle=331, type=33, wakeup=0, hwid=0, base=331
09-02 01:56:45.091   901   901 I sensors-hal: [ssc_utils]get_qmi_debug_flag:244, support_qmi_debug : false
09-02 01:56:45.097   901   901 I sensors-hal: [ssc_utils]get_qmi_debug_flag:244, support_qmi_debug : false
09-02 01:56:45.098   901  6905 I sensors-hal: [ssc_sensor]ssc_conn_resp_cb:663, resp_value = 0
09-02 01:56:45.098   901  1000 W SEE     : @ 57791.549: adding req to Q sensor=8 req=0xb202fea8 msg=513
09-02 01:56:45.100   901  6905 I sensors-hal: [sensor]submit_sensors_hal_event:146, android.sensor.additional_info: trying to push empty Events, count = 0
09-02 01:56:45.100   901  6905 I sensors-hal: [sensor]submit_sensors_hal_event:146, android.sensor.additional_info: trying to push empty Events, count = 0
09-02 01:56:45.106   901   901 I sensors-hal: [hal]activate_physical_sensor:249, android.sensor.gyroscope/41 en=1 completed
09-02 01:56:45.108   901  1000 W SEE     : @ 57791.559: adding req to Q sensor=2 req=0xb20353c8 msg=513
09-02 01:56:45.109   901  6908 I sensors-hal: [ssc_sensor]ssc_conn_resp_cb:663, resp_value = 0
09-02 01:56:45.109  6806  6846 I libglean_ffi: glean_core::upload::directory: Processing ping at: /data/user/0/org.mozilla.firefox/glean_data/pending_pings/69da41f1-67d4-4452-b053-64aeee43e0d6
09-02 01:56:45.110   901  6908 I sensors-hal: [sensor]submit_sensors_hal_event:146, android.sensor.gyroscope: trying to push empty Events, count = 1
09-02 01:56:45.110   901  6908 I chatty  : uid=1000(system) sensors@2.0-ser identical 1 line
09-02 01:56:45.110   901  6908 I sensors-hal: [sensor]submit_sensors_hal_event:146, android.sensor.gyroscope: trying to push empty Events, count = 1
09-02 01:56:45.117  6806  6872 I push::internal::communications::rate_limiter: No need to reset inner timestamp and count for verify_connection.
09-02 01:56:45.118  6806  6846 I libglean_ffi: glean_core::metrics::ping: The ping 'baseline' was submitted and will be sent as soon as possible
09-02 01:56:45.120   901  6908 I sensors-hal: [sensor]submit_sensors_hal_event:146, android.sensor.gyroscope: trying to push empty Events, count = 1
09-02 01:56:45.123  6806  6872 I push::internal::communications::rate_limiter: Not allowed: count(127) > 1 for verify_connection.
09-02 01:56:45.125  6806  6843 W mozilla.firefo: Accessing hidden field Ljava/lang/Boolean;->value:Z (greylist-max-p, JNI, denied)
09-02 01:56:45.125  6806  6843 W mozilla.firefo: Accessing hidden field Ljava/lang/Integer;->value:I (greylist-max-p, JNI, denied)
09-02 01:56:45.125  6806  6843 W mozilla.firefo: Accessing hidden field Ljava/lang/Double;->value:D (greylist-max-p, JNI, denied)
09-02 01:56:45.126  6806  6872 I AutoPushFeature: No change to subscriptions. Doing nothing.
09-02 01:56:45.129  6806  6839 I libglean_ffi: glean_core::ping: Collecting pageload
09-02 01:56:45.129  6806  6839 I libglean_ffi: glean_core::ping: Storage for pageload empty. Bailing out.
09-02 01:56:45.129  6806  6839 I libglean_ffi: glean_core::metrics::ping: No content for ping 'pageload', therefore no ping queued.
09-02 01:56:45.130  6806  6839 I libglean_ffi: glean_core::core: Upload enabled: true
09-02 01:56:45.141  1513  2263 D CompatibilityChangeReporter: Compat change id reported: 135634846; UID 10258; state: DISABLED
09-02 01:56:45.141  1513  2263 D CompatibilityChangeReporter: Compat change id reported: 135754954; UID 10258; state: ENABLED
09-02 01:56:45.141  1513  1625 D CompatibilityChangeReporter: Compat change id reported: 143937733; UID 10258; state: ENABLED
09-02 01:56:45.145  6806  6806 I NavController: Ignoring popBackStack to destination org.mozilla.firefox:id/browserFragment as it was not found on the current back stack
09-02 01:56:45.154  6806  6806 I ContileTopSitesUpdater: Started periodic work to update Contile top sites
09-02 01:56:45.156   778   778 D Zygote  : Forked child process 6915
09-02 01:56:45.159  6806  6894 I service-pocket: Scheduling pocket recommendations background refresh
09-02 01:56:45.161  6806  6894 I service-pocket: Scheduling sponsored stories background refresh
09-02 01:56:45.170  1513  1625 I ActivityManager: Start proc 6915:org.mozilla.firefox:tab3/u0a258 for service {org.mozilla.firefox/org.mozilla.gecko.process.GeckoChildProcessServices$tab3}
09-02 01:56:45.182  6915  6915 E la.firefox:tab: Not starting debugger since process cannot load the jdwp agent.
09-02 01:56:45.194  1513  8504 D CompatibilityChangeReporter: Compat change id reported: 136274596; UID 10258; state: ENABLED
09-02 01:56:45.226  6806  6806 W GeckoViewActivityContextDelegate: A non-activity context was set.
09-02 01:56:45.227  1513  3233 D ConnectivityService: requestNetwork for uid/pid:10258/6806 NetworkRequest [ TRACK_DEFAULT id=2662, [ Capabilities: INTERNET&NOT_RESTRICTED&TRUSTED Uid: 10258 AdministratorUids: [] RequestorUid: 10258 RequestorPackageName: org.mozilla.firefox] ]
09-02 01:56:45.228  1513  2000 D ConnectivityService: NetReassign [2662 : null → 100]
09-02 01:56:45.228  1513  2038 D Ethernet: got request NetworkRequest [ TRACK_DEFAULT id=2662, [ Capabilities: INTERNET&NOT_RESTRICTED&TRUSTED Uid: 10258 AdministratorUids: [] RequestorUid: 10258 RequestorPackageName: org.mozilla.firefox] ] with score 60 and providerId 5
09-02 01:56:45.228  1513  1996 D WifiNetworkFactory: got request NetworkRequest [ TRACK_DEFAULT id=2662, [ Capabilities: INTERNET&NOT_RESTRICTED&TRUSTED Uid: 10258 AdministratorUids: [] RequestorUid: 10258 RequestorPackageName: org.mozilla.firefox] ] with score 60 and providerId 5
09-02 01:56:45.228  2474  2474 D PhoneSwitcherNetworkRequstListener: got request NetworkRequest [ TRACK_DEFAULT id=2662, [ Capabilities: INTERNET&NOT_RESTRICTED&TRUSTED Uid: 10258 AdministratorUids: [] RequestorUid: 10258 RequestorPackageName: org.mozilla.firefox] ] with score 60 and providerId 5
09-02 01:56:45.228  1513  1996 D UntrustedWifiNetworkFactory: got request NetworkRequest [ TRACK_DEFAULT id=2662, [ Capabilities: INTERNET&NOT_RESTRICTED&TRUSTED Uid: 10258 AdministratorUids: [] RequestorUid: 10258 RequestorPackageName: org.mozilla.firefox] ] with score 60 and providerId 5
09-02 01:56:45.229  1513  2037 D WIFI_AWARE_FACTORY: got request NetworkRequest [ TRACK_DEFAULT id=2662, [ Capabilities: INTERNET&NOT_RESTRICTED&TRUSTED Uid: 10258 AdministratorUids: [] RequestorUid: 10258 RequestorPackageName: org.mozilla.firefox] ] with score 60 and providerId 5
09-02 01:56:45.244  6806  6806 I BgSyncManager: Periodic syncing enabled: PeriodicSyncConfig(periodMinutes=240, initialDelayMinutes=5)
09-02 01:56:45.244  6806  6806 I FirefoxAccountStateMachine: Sync is enabled
09-02 01:56:45.244  6915  6915 D NetworkSecurityConfig: No Network Security Config specified, using platform default
09-02 01:56:45.245  6915  6915 D NetworkSecurityConfig: No Network Security Config specified, using platform default
09-02 01:56:45.262  6915  6915 I ServiceChildProcess: onCreate
09-02 01:56:45.264  6915  6949 I GeckoThread: preparing to run Gecko
09-02 01:56:45.265  6806  6839 I libglean_ffi: glean_core::ping: Collecting baseline
09-02 01:56:45.268  6806  6862 I StartupTypeTelemetry: Recorded start up: cold_view
09-02 01:56:45.272  6806  6952 I FirefoxAccountStateMachine: Processing event 'mozilla.components.service.fxa.manager.Event$Account$Start@c33e18b' for state Idle(accountState=NotAuthenticated). Next state is Active(progressState=Initializing)
09-02 01:56:45.278  6806  6839 I libglean_ffi: glean_core::upload::directory: Processing ping at: /data/user/0/org.mozilla.firefox/glean_data/pending_pings/fa02ad84-5545-4bb8-a9b1-e3b082745259
09-02 01:56:45.289  6806  6877 I AdrenoGLES-0: QUALCOMM build                   : 35605c3, Ia11ce2d146
09-02 01:56:45.289  6806  6877 I AdrenoGLES-0: Build Date                       : 09/02/20
09-02 01:56:45.289  6806  6877 I AdrenoGLES-0: OpenGL ES Shader Compiler Version: EV031.31.04.00
09-02 01:56:45.289  6806  6877 I AdrenoGLES-0: Local Branch                     : gfx-adreno.lnx.2.0
09-02 01:56:45.289  6806  6877 I AdrenoGLES-0: Remote Branch                    : 
09-02 01:56:45.289  6806  6877 I AdrenoGLES-0: Remote Branch                    : 
09-02 01:56:45.289  6806  6877 I AdrenoGLES-0: Reconstruct Branch               : 
09-02 01:56:45.289  6806  6877 I AdrenoGLES-0: Build Config                     : S P 10.0.4 AArch64
09-02 01:56:45.289  6806  6877 I AdrenoGLES-0: Driver Path                      : /vendor/lib64/egl/libGLESv2_adreno.so
09-02 01:56:45.292  6806  6877 I AdrenoGLES-0: PFP: 0x016dd090, ME: 0x00000000
09-02 01:56:45.293  6806  6826 I mozilla.firefo: Waiting for a blocking GC ProfileSaver
09-02 01:56:45.299   594   655 I SDM     : HWDeviceDRM::UpdateMixerAttributes: Mixer WxH 1080x2340-1 for Peripheral
09-02 01:56:45.299   594   655 I SDM     : DisplayBase::SetActiveConfig: Active configuration changed to: 0
09-02 01:56:45.299   594   655 I SDM     : StrategyImpl::SetIdleTimeoutMs: Idle timeout set to zero for command mode panels
09-02 01:56:45.307   901  2806 I sensors-hal: [ssc_utils]get_qmi_debug_flag:244, support_qmi_debug : false
09-02 01:56:45.308  1513  1572 I DisplayManagerService: Display device changed: DisplayDeviceInfo{"Built-in Screen": uniqueId="local:19260504575090817", 1080 x 2340, modeId 2, defaultModeId 2, supportedModes [{id=1, width=1080, height=2340, fps=90.0}, {id=2, width=1080, height=2340, fps=60.000004}], colorMode 0, supportedColorModes [0, 7, 9], HdrCapabilities HdrCapabilities{mSupportedHdrTypes=[2, 3, 4], mMaxLuminance=500.0, mMaxAverageLuminance=500.0, mMinLuminance=0.0}, allmSupported false, gameContentTypeSupported false, density 440, 435.428 x 433.839 dpi, appVsyncOff 2333332, presDeadline 11500000, cutout DisplayCutout{insets=Rect(0, 136 - 0, 0) waterfall=Insets{left=0, top=0, right=0, bottom=0} boundingRect={Bounds=[Rect(0, 0 - 0, 0), Rect(0, 0 - 136, 136), Rect(0, 0 - 0, 0), Rect(0, 0 - 0, 0)]}}, touch INTERNAL, rotation 0, type INTERNAL, address {port=129, model=0x446d53ad64a0}, deviceProductInfo DeviceProductInfo{name=, manufacturerPnpId=QCM, productId=1, modelYear=null, manufactureDate=ManufactureDate{week=27, year=2006}, relativeAddress=null}, state ON, FLAG_DEFAULT_DISPLAY, FLAG_ROTATES_WITH_CONTENT, FLAG_SECURE, FLAG_SUPPORTS_PROTECTED_BUFFERS}
09-02 01:56:45.309  6806  6877 W AdrenoUtils: <ReadGpuID_from_sysfs:197>: Failed to open /sys/class/kgsl/kgsl-3d0/gpu_model
09-02 01:56:45.309  6806  6877 W AdrenoUtils: <ReadGpuID:221>: Failed to read chip ID from gpu_model. Fallback to use the GSL path
09-02 01:56:45.313   594   655 I SDM     : StrategyImpl::SetIdleTimeoutMs: Idle timeout set to zero for command mode panels
09-02 01:56:45.327   901  1000 W ASH     : @ 57791.778: Unhandled msg ID 999: line 1277
09-02 01:56:45.327   901  1000 E ASH     : @ 57791.778: No pb callback assigned
09-02 01:56:45.327   901  1000 E ASH     : @ 57791.778: Nanopb error: callback failed:1588
09-02 01:56:45.328  1513  1572 D EventSequenceValidator: dec AccIntentStartedEvents to 1
09-02 01:56:45.330  6806  6839 I libglean_ffi: glean_core::metrics::ping: The ping 'baseline' was submitted and will be sent as soon as possible
09-02 01:56:45.330  1513  1622 D ArtManagerInternalImpl: /data/misc/iorapd/org.mozilla.firefox/2015969571/org.mozilla.fenix.HomeActivity/compiled_traces/compiled_trace.pb doesn't exist
09-02 01:56:45.331  1513  1622 I ActivityTaskManager: Displayed org.mozilla.firefox/org.mozilla.fenix.HomeActivity: +505ms
09-02 01:56:45.341  6806  6853 E GeckoSession: String does not represent valid session state.
09-02 01:56:45.342  6806  6853 I chatty  : uid=10258(org.mozilla.firefox) identical 1 line
09-02 01:56:45.343  1513  1572 I DisplayManagerService: Display device changed: DisplayDeviceInfo{"Built-in Screen": uniqueId="local:19260504575090817", 1080 x 2340, modeId 1, defaultModeId 2, supportedModes [{id=1, width=1080, height=2340, fps=90.0}, {id=2, width=1080, height=2340, fps=60.000004}], colorMode 0, supportedColorModes [0, 7, 9], HdrCapabilities HdrCapabilities{mSupportedHdrTypes=[2, 3, 4], mMaxLuminance=500.0, mMaxAverageLuminance=500.0, mMinLuminance=0.0}, allmSupported false, gameContentTypeSupported false, density 440, 435.428 x 433.839 dpi, appVsyncOff 2333333, presDeadline 11500000, cutout DisplayCutout{insets=Rect(0, 136 - 0, 0) waterfall=Insets{left=0, top=0, right=0, bottom=0} boundingRect={Bounds=[Rect(0, 0 - 0, 0), Rect(0, 0 - 136, 136), Rect(0, 0 - 0, 0), Rect(0, 0 - 0, 0)]}}, touch INTERNAL, rotation 0, type INTERNAL, address {port=129, model=0x446d53ad64a0}, deviceProductInfo DeviceProductInfo{name=, manufacturerPnpId=QCM, productId=1, modelYear=null, manufactureDate=ManufactureDate{week=27, year=2006}, relativeAddress=null}, state ON, FLAG_DEFAULT_DISPLAY, FLAG_ROTATES_WITH_CONTENT, FLAG_SECURE, FLAG_SUPPORTS_PROTECTED_BUFFERS}
09-02 01:56:45.343  6806  6853 E GeckoSession: String does not represent valid session state.
09-02 01:56:45.344   594   655 I SDM     : HWDeviceDRM::UpdateMixerAttributes: Mixer WxH 1080x2340-1 for Peripheral
09-02 01:56:45.344   594   655 I SDM     : DisplayBase::SetActiveConfig: Active configuration changed to: 1
09-02 01:56:45.344   594   655 I SDM     : StrategyImpl::SetIdleTimeoutMs: Idle timeout set to zero for command mode panels
09-02 01:56:45.345  6806  6853 E GeckoSession: String does not represent valid session state.
09-02 01:56:45.351  6806  6853 I chatty  : uid=10258(org.mozilla.firefox) identical 4 lines
09-02 01:56:45.351  6806  6853 E GeckoSession: String does not represent valid session state.
09-02 01:56:45.351   901  2806 I sensors-hal: [ssc_utils]get_qmi_debug_flag:244, support_qmi_debug : false
09-02 01:56:45.351  6806  6853 E GeckoSession: String does not represent valid session state.
09-02 01:56:45.358  6806  6853 I chatty  : uid=10258(org.mozilla.firefox) identical 5 lines
09-02 01:56:45.359  6806  6853 E GeckoSession: String does not represent valid session state.
09-02 01:56:45.359  2858  2858 I GoogleInputMethodService: GoogleInputMethodService.onFinishInput():3280 
09-02 01:56:45.359  6806  6853 E GeckoSession: String does not represent valid session state.
09-02 01:56:45.360  2858  2858 I GoogleInputMethodService: GoogleInputMethodService.updateDeviceLockedStatus():2169 repeatCheckTimes = 0, unlocked = true
09-02 01:56:45.360  2858  2858 I GoogleInputMethodService: GoogleInputMethodService.onStartInput():1960 onStartInput(EditorInfo{inputType=0x0(NULL) imeOptions=0x0 privateImeOptions=null actionName=UNSPECIFIED actionLabel=null actionId=0 initialSelStart=-1 initialSelEnd=-1 initialCapsMode=0x0 hintText=null label=null packageName=org.mozilla.firefox fieldId=-1 fieldName=null extras=null}, false)
09-02 01:56:45.360  2858  2858 I GoogleInputMethodService: GoogleInputMethodService.shouldHideHeaderOnInitialState():4081 ShouldHideHeaderOnInitialState = false
09-02 01:56:45.361  2858  2858 I GoogleInputMethodService: GoogleInputMethodService.updateDeviceLockedStatus():2169 repeatCheckTimes = 2, unlocked = true
09-02 01:56:45.362  6806  6853 E GeckoSession: String does not represent valid session state.
09-02 01:56:45.365  6806  6853 I chatty  : uid=10258(org.mozilla.firefox) identical 6 lines
09-02 01:56:45.365  6806  6853 E GeckoSession: String does not represent valid session state.
09-02 01:56:45.368   901  1000 W ASH     : @ 57791.818: Unhandled msg ID 999: line 1277
09-02 01:56:45.368   901  1000 E ASH     : @ 57791.818: No pb callback assigned
09-02 01:56:45.368   901  1000 E ASH     : @ 57791.818: Nanopb error: callback failed:1588
09-02 01:56:45.369  6806  6853 E GeckoSession: String does not represent valid session state.
09-02 01:56:45.373  6806  6853 I chatty  : uid=10258(org.mozilla.firefox) identical 8 lines
09-02 01:56:45.374  6806  6853 E GeckoSession: String does not represent valid session state.
09-02 01:56:45.378  6806  6966 I libglean_ffi: glean_core::upload: New upload task with id 421368d6-34a9-4669-a56a-40e42ce1aa17 (path: /submit/org-mozilla-firefox/events/1/421368d6-34a9-4669-a56a-40e42ce1aa17)
09-02 01:56:45.379  6806  6952 I FirefoxAccount: Registering persistence callback
09-02 01:56:45.379  6806  6952 I FirefoxAccountStateMachine: Ran 'mozilla.components.service.fxa.manager.Event$Account$Start@c33e18b' side-effects for state Active(progressState=Initializing), got successive event mozilla.components.service.fxa.manager.Event$Progress$AccountNotFound@2dff727
09-02 01:56:45.379  6806  6952 I FirefoxAccountStateMachine: Processing event 'mozilla.components.service.fxa.manager.Event$Progress$AccountNotFound@2dff727' for state Active(progressState=Initializing). Next state is Idle(accountState=NotAuthenticated)
09-02 01:56:45.446  6806  6852 W logins::schema: user_version: 2
09-02 01:56:45.504  1513  1537 D CompatibilityChangeReporter: Compat change id reported: 135634846; UID 10258; state: DISABLED
09-02 01:56:45.505  1513  1537 D CompatibilityChangeReporter: Compat change id reported: 135754954; UID 10258; state: ENABLED
09-02 01:56:45.505  1513  1625 D CompatibilityChangeReporter: Compat change id reported: 143937733; UID 10258; state: ENABLED
09-02 01:56:45.528   778   778 D Zygote  : Forked child process 6992
09-02 01:56:45.533  1513  1625 I ActivityManager: Start proc 6992:org.mozilla.firefox:gpu/u0a258 for service {org.mozilla.firefox/org.mozilla.gecko.process.GeckoChildProcessServices$gpu}
09-02 01:56:45.537  1513  1537 W ActivityManager: Receiver with filter android.content.IntentFilter@d0446a3 already registered for pid 6806, callerPackage is org.mozilla.firefox
09-02 01:56:45.542  6992  6992 E lla.firefox:gp: Not starting debugger since process cannot load the jdwp agent.
09-02 01:56:45.559  1513  8504 D CompatibilityChangeReporter: Compat change id reported: 136274596; UID 10258; state: ENABLED
09-02 01:56:45.584  6992  6992 D NetworkSecurityConfig: No Network Security Config specified, using platform default
09-02 01:56:45.584  6992  6992 D NetworkSecurityConfig: No Network Security Config specified, using platform default
09-02 01:56:45.586  6806  6806 I SessionPrioritizationMiddleware: Update the currentSelectedTab 3c1d3fdf-39ba-4499-9437-6219f57bc6ee priority to HIGH
09-02 01:56:45.593  6992  6992 I ServiceChildProcess: onCreate
09-02 01:56:45.594  6992  7015 I GeckoThread: preparing to run Gecko
09-02 01:56:45.609  6992  7015 I GeckoLoader: Library base=/data/app/~~BtOtpENtY_8SJVQLgbYgRg==/org.mozilla.firefox-ZoJ8FBGk3KN0nHoYkPw1IA==/lib/arm64
09-02 01:56:45.609  6992  7015 I GeckoLoader: Library base=/data/app/~~BtOtpENtY_8SJVQLgbYgRg==/org.mozilla.firefox-ZoJ8FBGk3KN0nHoYkPw1IA==/lib/arm64
09-02 01:56:45.610  6992  7015 E GeckoLibLoad: Load sqlite start
09-02 01:56:45.611  6992  7015 E GeckoLibLoad: Load sqlite done
09-02 01:56:45.612  6992  7015 I GeckoLoader: Library base=/data/app/~~BtOtpENtY_8SJVQLgbYgRg==/org.mozilla.firefox-ZoJ8FBGk3KN0nHoYkPw1IA==/lib/arm64
09-02 01:56:45.612  6992  7015 E GeckoLibLoad: Load nss start
09-02 01:56:45.612  6992  7015 E GeckoLibLoad: Load nss done
09-02 01:56:45.612  6992  7015 I GeckoLoader: Library base=/data/app/~~BtOtpENtY_8SJVQLgbYgRg==/org.mozilla.firefox-ZoJ8FBGk3KN0nHoYkPw1IA==/lib/arm64
09-02 01:56:45.635  6992  7015 E GeckoLibLoad: Loaded libs in 22.185107ms total, 4ms(5ms) user, 12ms(14ms) system, 0(0) faults
09-02 01:56:45.635  6992  7015 W GeckoThread: zerdatime 57788860 - runGecko
09-02 01:56:45.659  6806  6851 W ActivityThread: ClassLoader.getResources: The class loader returned by Thread.getContextClassLoader() may fail for processes that host multiple applications. You should explicitly specify a context class loader. For example: Thread.setContextClassLoader(getClass().getClassLoader());
09-02 01:56:45.670  2158  2158 I WallpaperService: engine paused
09-02 01:56:45.672   901   901 I sensors-hal: [hal]activate_physical_sensor:238, android.sensor.gyroscope/41 en=0
09-02 01:56:45.673   901   901 D Diag_Lib: diag: Diag_LSM_DeInit done for pid: 901
09-02 01:56:45.673   901   901 D Diag_Lib: diag: Diag_LSM_DeInit done for pid: 901
09-02 01:56:45.673   901   901 I sensors-hal: [hal]activate_physical_sensor:249, android.sensor.gyroscope/41 en=0 completed
09-02 01:56:45.693  3088  3660 I AssistantForeground: (REDACTED) Get launcher package: %s
09-02 01:56:45.697  6992  7031 I AdrenoGLES-0: QUALCOMM build                   : 35605c3, Ia11ce2d146
09-02 01:56:45.697  6992  7031 I AdrenoGLES-0: Build Date                       : 09/02/20
09-02 01:56:45.697  6992  7031 I AdrenoGLES-0: OpenGL ES Shader Compiler Version: EV031.31.04.00
09-02 01:56:45.697  6992  7031 I AdrenoGLES-0: Local Branch                     : gfx-adreno.lnx.2.0
09-02 01:56:45.697  6992  7031 I AdrenoGLES-0: Remote Branch                    : 
09-02 01:56:45.697  6992  7031 I AdrenoGLES-0: Remote Branch                    : 
09-02 01:56:45.697  6992  7031 I AdrenoGLES-0: Reconstruct Branch               : 
09-02 01:56:45.697  6992  7031 I AdrenoGLES-0: Build Config                     : S P 10.0.4 AArch64
09-02 01:56:45.697  6992  7031 I AdrenoGLES-0: Driver Path                      : /vendor/lib64/egl/libGLESv2_adreno.so
09-02 01:56:45.709  6992  7031 I AdrenoGLES-0: PFP: 0x016dd090, ME: 0x00000000
09-02 01:56:45.721  6915  6949 I GeckoLoader: Library base=/data/app/~~BtOtpENtY_8SJVQLgbYgRg==/org.mozilla.firefox-ZoJ8FBGk3KN0nHoYkPw1IA==/lib/arm64
09-02 01:56:45.721  6915  6949 I GeckoLoader: Library base=/data/app/~~BtOtpENtY_8SJVQLgbYgRg==/org.mozilla.firefox-ZoJ8FBGk3KN0nHoYkPw1IA==/lib/arm64
09-02 01:56:45.722  6915  6949 E GeckoLibLoad: Load sqlite start
09-02 01:56:45.722  6992  7031 W AdrenoUtils: <ReadGpuID_from_sysfs:197>: Failed to open /sys/class/kgsl/kgsl-3d0/gpu_model
09-02 01:56:45.723  6992  7031 W AdrenoUtils: <ReadGpuID:221>: Failed to read chip ID from gpu_model. Fallback to use the GSL path
09-02 01:56:45.724  6915  6949 E GeckoLibLoad: Load sqlite done
09-02 01:56:45.724  6915  6949 I GeckoLoader: Library base=/data/app/~~BtOtpENtY_8SJVQLgbYgRg==/org.mozilla.firefox-ZoJ8FBGk3KN0nHoYkPw1IA==/lib/arm64
09-02 01:56:45.724  6915  6949 E GeckoLibLoad: Load nss start
09-02 01:56:45.724  6915  6949 E GeckoLibLoad: Load nss done
09-02 01:56:45.724  6915  6949 I GeckoLoader: Library base=/data/app/~~BtOtpENtY_8SJVQLgbYgRg==/org.mozilla.firefox-ZoJ8FBGk3KN0nHoYkPw1IA==/lib/arm64
09-02 01:56:45.725  6806  6843 W VideoCapabilities: Unrecognized level 1879048707 for video/x-vnd.on2.vp8
09-02 01:56:45.725  6806  6843 W VideoCapabilities: Unrecognized profile 1879048704 for video/x-vnd.on2.vp8
09-02 01:56:45.725  6806  6843 W VideoCapabilities: Unrecognized level 1879048707 for video/x-vnd.on2.vp8
09-02 01:56:45.725  6806  6843 W VideoCapabilities: Unrecognized profile 1879048704 for video/x-vnd.on2.vp8
09-02 01:56:45.726  6806  6843 W VideoCapabilities: Unsupported mime image/vnd.android.heic
09-02 01:56:45.726  6806  6843 W VideoCapabilities: Unrecognized level 1879048707 for video/x-vnd.on2.vp8
09-02 01:56:45.726  6806  6843 W VideoCapabilities: Unrecognized profile 1879048704 for video/x-vnd.on2.vp8
09-02 01:56:45.727  6806  6843 W VideoCapabilities: Unrecognized level 1879048707 for video/x-vnd.on2.vp8
09-02 01:56:45.727  6806  6843 W VideoCapabilities: Unrecognized profile 1879048704 for video/x-vnd.on2.vp8
09-02 01:56:45.746  6915  6949 E GeckoLibLoad: Loaded libs in 21.915575ms total, 9ms(8ms) user, 11ms(11ms) system, 0(0) faults
09-02 01:56:45.746  6915  6949 W GeckoThread: zerdatime 57788972 - runGecko
09-02 01:56:45.750  6806  6843 I GeckoSession: zerdatime 57788976 - chrome startup finished
09-02 01:56:45.754  6806  6806 I GeckoSession: handleMessage GeckoView:PageStart uri=
09-02 01:56:45.755  6806  6806 I GeckoSession: handleMessage GeckoView:PageStop uri=null
09-02 01:56:45.770  2816  2836 I FontLog : Received query Noto Color Emoji Compat, URI content://com.google.android.gms.fonts [CONTEXT service_id=132 ]
09-02 01:56:45.770  2816  2836 I FontLog : Query [emojicompat-emoji-font] resolved to {Noto Color Emoji Compat, wdth 100.0, wght 400, ital 0.0, bestEffort false} [CONTEXT service_id=132 ]
09-02 01:56:45.773  2816  2836 I FontLog : Fetch {Noto Color Emoji Compat, wdth 100.0, wght 400, ital 0.0, bestEffort false} end status Status{statusCode=SUCCESS, resolution=null} [CONTEXT service_id=132 ]
09-02 01:56:45.776  2816  2836 I FontLog : Pulling font file for id = 2085, cache size = 5 [CONTEXT service_id=132 ]
09-02 01:56:45.782  2816  2836 I FontLog : Pulling font file for id = 2085, cache size = 5 [CONTEXT service_id=132 ]
09-02 01:56:45.823  1513  8184 I AdrenoGLES-0: QUALCOMM build                   : 35605c3, Ia11ce2d146
09-02 01:56:45.823  1513  8184 I AdrenoGLES-0: Build Date                       : 09/02/20
09-02 01:56:45.823  1513  8184 I AdrenoGLES-0: OpenGL ES Shader Compiler Version: EV031.31.04.00
09-02 01:56:45.823  1513  8184 I AdrenoGLES-0: Local Branch                     : gfx-adreno.lnx.2.0
09-02 01:56:45.823  1513  8184 I AdrenoGLES-0: Remote Branch                    : 
09-02 01:56:45.823  1513  8184 I AdrenoGLES-0: Remote Branch                    : 
09-02 01:56:45.823  1513  8184 I AdrenoGLES-0: Reconstruct Branch               : 
09-02 01:56:45.823  1513  8184 I AdrenoGLES-0: Build Config                     : S P 10.0.4 AArch64
09-02 01:56:45.823  1513  8184 I AdrenoGLES-0: Driver Path                      : /vendor/lib64/egl/libGLESv2_adreno.so
09-02 01:56:45.826  6806  6806 I WebExtension: releasePendingMessages: extension=fxa@mozac.org nativeApp=mozacWebchannel session=org.mozilla.geckoview.GeckoSession@6b8d1e7
09-02 01:56:45.827  6806  6806 I WebExtension: releasePendingMessages: extension=fxa@mozac.org nativeApp=mozacWebchannelBackground session=null
09-02 01:56:45.829  6806  6806 I GeckoSession: handleMessage GeckoView:PageStart uri=
09-02 01:56:45.831  1513  8184 I AdrenoGLES-0: PFP: 0x016dd090, ME: 0x00000000
09-02 01:56:45.835  6806  6806 I DefaultSupportedAddonsChecker: Unregister check for new supported add-ons
09-02 01:56:45.838  6806  6806 I WebExtension: releasePendingMessages: extension=icons@mozac.org nativeApp=MozacBrowserIcons session=org.mozilla.geckoview.GeckoSession@6b8d1e7
09-02 01:56:45.843  6806  6843 D GeckoIdleService: Registering Idle observer callback
09-02 01:56:45.843  6806  6843 D GeckoIdleService: Register idle observer 0x7a3203b6a0 for 180 seconds
09-02 01:56:45.843  6806  6843 D GeckoIdleService: Register: adjusting next switch from -1 to 180 seconds
09-02 01:56:45.843  6806  6843 D GeckoIdleService: next timeout 180000 msec from now
09-02 01:56:45.843  6806  6843 D GeckoIdleService: SetTimerExpiryIfBefore: next timeout 180000 msec from now
09-02 01:56:45.843  6806  6843 D GeckoIdleService: reset timer expiry to 180010 msec from now
09-02 01:56:45.844  6806  6843 D GeckoIdleService: Register idle observer 0x79478fdd68 for 5 seconds
09-02 01:56:45.844  6806  6843 D GeckoIdleService: Register: adjusting next switch from 180 to 5 seconds
09-02 01:56:45.844  6806  6843 D GeckoIdleService: next timeout 4998 msec from now
09-02 01:56:45.844  6806  6843 D GeckoIdleService: SetTimerExpiryIfBefore: next timeout 4998 msec from now
09-02 01:56:45.844  6806  6843 D GeckoIdleService: reset timer expiry to 5008 msec from now
09-02 01:56:45.850  6806  6806 I WebExtension: releasePendingMessages: extension=readerview@mozac.org nativeApp=mozacReaderview session=org.mozilla.geckoview.GeckoSession@6b8d1e7
09-02 01:56:45.850  6806  6806 I WebExtension: releasePendingMessages: extension=readerview@mozac.org nativeApp=mozacReaderviewActive session=org.mozilla.geckoview.GeckoSession@6b8d1e7
09-02 01:56:45.850  6806  6806 I WebExtension: releasePendingMessages: extension=readerview@mozac.org nativeApp=mozacReaderview session=org.mozilla.geckoview.GeckoSession@6b8d1e7
09-02 01:56:45.859  6806  6806 I WebExtension: releasePendingMessages: extension=ads@mozac.org nativeApp=MozacBrowserAdsMessage session=org.mozilla.geckoview.GeckoSession@6b8d1e7
09-02 01:56:45.859  6806  6806 I WebExtension: releasePendingMessages: extension=cookies@mozac.org nativeApp=MozacBrowserSearchMessage session=org.mozilla.geckoview.GeckoSession@6b8d1e7
09-02 01:56:46.127  6806  6966 I libglean_ffi: glean_core::upload: Ping 421368d6-34a9-4669-a56a-40e42ce1aa17 successfully sent 200.
09-02 01:56:46.128  6806  6966 I libglean_ffi: glean_core::upload::directory: File was deleted /data/user/0/org.mozilla.firefox/glean_data/pending_pings/421368d6-34a9-4669-a56a-40e42ce1aa17
09-02 01:56:46.129  6806  6966 I libglean_ffi: glean_core::upload: New upload task with id 69da41f1-67d4-4452-b053-64aeee43e0d6 (path: /submit/org-mozilla-firefox/baseline/1/69da41f1-67d4-4452-b053-64aeee43e0d6)
09-02 01:56:46.307   901  1000 D VSC     : @ 57792.758: [WO] tilt angle 87
09-02 01:56:46.383  6806  6966 I libglean_ffi: glean_core::upload: Ping 69da41f1-67d4-4452-b053-64aeee43e0d6 successfully sent 200.
09-02 01:56:46.384  6806  6966 I libglean_ffi: glean_core::upload::directory: File was deleted /data/user/0/org.mozilla.firefox/glean_data/pending_pings/69da41f1-67d4-4452-b053-64aeee43e0d6
09-02 01:56:46.385  6806  6966 I libglean_ffi: glean_core::upload: New upload task with id fa02ad84-5545-4bb8-a9b1-e3b082745259 (path: /submit/org-mozilla-firefox/baseline/1/fa02ad84-5545-4bb8-a9b1-e3b082745259)
09-02 01:56:46.610  6806  6966 I libglean_ffi: glean_core::upload: Ping fa02ad84-5545-4bb8-a9b1-e3b082745259 successfully sent 200.
09-02 01:56:46.610  6806  6966 I libglean_ffi: glean_core::upload::directory: File was deleted /data/user/0/org.mozilla.firefox/glean_data/pending_pings/fa02ad84-5545-4bb8-a9b1-e3b082745259
09-02 01:56:46.611  6806  6966 I libglean_ffi: glean_core::upload: No more pings to upload! You are done.
09-02 01:56:46.614  6806  6926 I WM-WorkerWrapper: Worker result SUCCESS for Work [ id=aac83582-29eb-4d39-9e38-2dc2ca26cd15, tags={ mozilla.telemetry.glean.scheduler.PingUploadWorker, mozac_service_glean_ping_upload_worker } ]
09-02 01:56:46.629  1513  2000 D ConnectivityService: releasing NetworkRequest [ TRACK_DEFAULT id=2662, [ Capabilities: INTERNET&NOT_RESTRICTED&TRUSTED Uid: 10258 AdministratorUids: [] RequestorUid: 10258 RequestorPackageName: org.mozilla.firefox] ] (release request)
09-02 01:56:46.639  1513  1513 D CompatibilityChangeReporter: Compat change id reported: 135634846; UID 10216; state: DISABLED
09-02 01:56:46.640  1513  1513 D CompatibilityChangeReporter: Compat change id reported: 135754954; UID 10216; state: ENABLED
09-02 01:56:46.640  1513  1625 D CompatibilityChangeReporter: Compat change id reported: 143937733; UID 10216; state: ENABLED
09-02 01:56:46.651   778   778 D Zygote  : Forked child process 7098
09-02 01:56:46.659  7098  7098 E android.youtub: Not starting debugger since process cannot load the jdwp agent.
09-02 01:56:46.660  1513  1625 I ActivityManager: Start proc 7098:com.google.android.youtube/u0a216 for service {com.google.android.youtube/androidx.work.impl.background.systemjob.SystemJobService}
09-02 01:56:46.671  7098  7098 I android.youtub: The ClassLoaderContext is a special shared library.
09-02 01:56:46.673  1513  3246 W UriGrantsManagerService: No permission grants found for com.google.android.apps.photos
09-02 01:56:46.673  1513  3246 W UriGrantsManagerService: No permission grants found for com.google.android.apps.photos
09-02 01:56:46.690  7098  7098 W android.youtub: JIT profile information will not be recorded: profile file does not exist.
09-02 01:56:46.690  7098  7098 I chatty  : uid=10216(com.google.android.youtube) identical 1 line
09-02 01:56:46.690  7098  7098 W android.youtub: JIT profile information will not be recorded: profile file does not exist.
09-02 01:56:46.694  7098  7098 D NetworkSecurityConfig: Using Network Security Config from resource network_security_config debugBuild: false
09-02 01:56:46.695  7098  7098 D NetworkSecurityConfig: Using Network Security Config from resource network_security_config debugBuild: false
09-02 01:56:46.708  1513  8504 W UriGrantsManagerService: No permission grants found for com.google.android.apps.photos
09-02 01:56:46.709  7098  7098 W android.youtub: Accessing hidden field Ljava/util/Collections$SynchronizedCollection;->mutex:Ljava/lang/Object; (greylist-max-o, reflection, denied)
09-02 01:56:46.709  1513  8504 W UriGrantsManagerService: No permission grants found for com.google.android.apps.photos
09-02 01:56:46.709  7098  7098 W android.youtub: Accessing hidden method Ljava/util/Collections$SynchronizedSet;-><init>(Ljava/util/Set;Ljava/lang/Object;)V (greylist-max-o, reflection, denied)
09-02 01:56:46.709  7098  7098 W android.youtub: Accessing hidden method Ljava/util/Collections$SynchronizedCollection;-><init>(Ljava/util/Collection;Ljava/lang/Object;)V (greylist-max-o, reflection, denied)
09-02 01:56:46.738  1513  3233 W UriGrantsManagerService: No permission grants found for com.google.android.apps.photos
09-02 01:56:46.738  1513  3233 W UriGrantsManagerService: No permission grants found for com.google.android.apps.photos
09-02 01:56:46.741  7098  7123 W GooglePlayServicesUtil: Google Play services out of date for com.google.android.youtube.  Requires 224400000 but found 224312037
09-02 01:56:46.754  7098  7132 I TetheringManager: registerTetheringEventCallback:com.google.android.youtube
09-02 01:56:46.770  7098  7137 W linker  : Warning: "/data/app/~~XOZqVLxb1omIzwEUSjItQQ==/com.google.android.youtube-1FWa0wZfQtS-nuAO_a7ywA==/lib/arm64/libcronet.108.0.5340.9.so" unused DT entry: unknown processor-specific (type 0x70000001 arg 0x0) (ignoring)
09-02 01:56:46.771  7098  7132 D StrictMode: StrictMode policy violation: android.os.strictmode.NetworkViolation
09-02 01:56:46.771  7098  7132 D StrictMode: 	at android.os.StrictMode$AndroidBlockGuardPolicy.onNetwork(StrictMode.java:1610)
09-02 01:56:46.771  7098  7132 D StrictMode: 	at java.net.Inet6AddressImpl.lookupHostByName(Inet6AddressImpl.java:115)
09-02 01:56:46.771  7098  7132 D StrictMode: 	at java.net.Inet6AddressImpl.lookupAllHostAddr(Inet6AddressImpl.java:103)
09-02 01:56:46.771  7098  7132 D StrictMode: 	at java.net.InetAddress.getByName(InetAddress.java:1106)
09-02 01:56:46.771  7098  7132 D StrictMode: 	at mrm.t(PG:4)
09-02 01:56:46.771  7098  7132 D StrictMode: 	at esa.run(PG:13)
09-02 01:56:46.771  7098  7132 D StrictMode: 	at tma.run(PG:7)
09-02 01:56:46.771  7098  7132 D StrictMode: 	at ocy.run(PG:5)
09-02 01:56:46.771  7098  7132 D StrictMode: 	at odc.run(PG:23)
09-02 01:56:46.771  7098  7132 D StrictMode: 	at nlt.run(PG:6)
09-02 01:56:46.771  7098  7132 D StrictMode: 	at nlt.run(PG:33)
09-02 01:56:46.771  7098  7132 D StrictMode: 	at com.google.android.apps.youtube.embeddedplayer.service.jar.client.s.run(PG:15)
09-02 01:56:46.771  7098  7132 D StrictMode: 	at java.lang.Thread.run(Thread.java:923)
09-02 01:56:46.771  7098  7132 D StrictMode: StrictMode policy violation: android.os.strictmode.NetworkViolation
09-02 01:56:46.771  7098  7132 D StrictMode: 	at android.os.StrictMode$AndroidBlockGuardPolicy.onNetwork(StrictMode.java:1610)
09-02 01:56:46.771  7098  7132 D StrictMode: 	at libcore.io.BlockGuardOs.android_getaddrinfo(BlockGuardOs.java:200)
09-02 01:56:46.771  7098  7132 D StrictMode: 	at libcore.io.ForwardingOs.android_getaddrinfo(ForwardingOs.java:73)
09-02 01:56:46.771  7098  7132 D StrictMode: 	at java.net.Inet6AddressImpl.lookupHostByName(Inet6AddressImpl.java:135)
09-02 01:56:46.771  7098  7132 D StrictMode: 	at java.net.Inet6AddressImpl.lookupAllHostAddr(Inet6AddressImpl.java:103)
09-02 01:56:46.771  7098  7132 D StrictMode: 	at java.net.InetAddress.getByName(InetAddress.java:1106)
09-02 01:56:46.771  7098  7132 D StrictMode: 	at mrm.t(PG:4)
09-02 01:56:46.771  7098  7132 D StrictMode: 	at esa.run(PG:13)
09-02 01:56:46.771  7098  7132 D StrictMode: 	at tma.run(PG:7)
09-02 01:56:46.771  7098  7132 D StrictMode: 	at ocy.run(PG:5)
09-02 01:56:46.771  7098  7132 D StrictMode: 	at odc.run(PG:23)
09-02 01:56:46.771  7098  7132 D StrictMode: 	at nlt.run(PG:6)
09-02 01:56:46.771  7098  7132 D StrictMode: 	at nlt.run(PG:33)
09-02 01:56:46.771  7098  7132 D StrictMode: 	at com.google.android.apps.youtube.embeddedplayer.service.jar.client.s.run(PG:15)
09-02 01:56:46.771  7098  7132 D StrictMode: 	at java.lang.Thread.run(Thread.java:923)
09-02 01:56:46.773  1513  3233 D ConnectivityService: requestNetwork for uid/pid:10216/7098 NetworkRequest [ TRACK_DEFAULT id=2663, [ Capabilities: INTERNET&NOT_RESTRICTED&TRUSTED Uid: 10216 AdministratorUids: [] RequestorUid: 10216 RequestorPackageName: com.google.android.youtube] ]
09-02 01:56:46.774  1513  2000 D ConnectivityService: NetReassign [2663 : null → 100]
09-02 01:56:46.774  1513  2038 D Ethernet: got request NetworkRequest [ TRACK_DEFAULT id=2663, [ Capabilities: INTERNET&NOT_RESTRICTED&TRUSTED Uid: 10216 AdministratorUids: [] RequestorUid: 10216 RequestorPackageName: com.google.android.youtube] ] with score 60 and providerId 5
09-02 01:56:46.774  1513  1996 D WifiNetworkFactory: got request NetworkRequest [ TRACK_DEFAULT id=2663, [ Capabilities: INTERNET&NOT_RESTRICTED&TRUSTED Uid: 10216 AdministratorUids: [] RequestorUid: 10216 RequestorPackageName: com.google.android.youtube] ] with score 60 and providerId 5
09-02 01:56:46.774  7098  7136 I android.youtub: The ClassLoaderContext is a special shared library.
09-02 01:56:46.774  1513  2037 D WIFI_AWARE_FACTORY: got request NetworkRequest [ TRACK_DEFAULT id=2663, [ Capabilities: INTERNET&NOT_RESTRICTED&TRUSTED Uid: 10216 AdministratorUids: [] RequestorUid: 10216 RequestorPackageName: com.google.android.youtube] ] with score 60 and providerId 5
09-02 01:56:46.774  1513  1996 D UntrustedWifiNetworkFactory: got request NetworkRequest [ TRACK_DEFAULT id=2663, [ Capabilities: INTERNET&NOT_RESTRICTED&TRUSTED Uid: 10216 AdministratorUids: [] RequestorUid: 10216 RequestorPackageName: com.google.android.youtube] ] with score 60 and providerId 5
09-02 01:56:46.775  2474  2474 D PhoneSwitcherNetworkRequstListener: got request NetworkRequest [ TRACK_DEFAULT id=2663, [ Capabilities: INTERNET&NOT_RESTRICTED&TRUSTED Uid: 10216 AdministratorUids: [] RequestorUid: 10216 RequestorPackageName: com.google.android.youtube] ] with score 60 and providerId 5
09-02 01:56:46.775  1513  3246 D ConnectivityService: requestNetwork for uid/pid:10216/7098 NetworkRequest [ TRACK_DEFAULT id=2664, [ Capabilities: INTERNET&NOT_RESTRICTED&TRUSTED Uid: 10216 AdministratorUids: [] RequestorUid: 10216 RequestorPackageName: com.google.android.youtube] ]
09-02 01:56:46.777  1513  2000 D ConnectivityService: NetReassign [2664 : null → 100]
09-02 01:56:46.777  1513  1996 D WifiNetworkFactory: got request NetworkRequest [ TRACK_DEFAULT id=2664, [ Capabilities: INTERNET&NOT_RESTRICTED&TRUSTED Uid: 10216 AdministratorUids: [] RequestorUid: 10216 RequestorPackageName: com.google.android.youtube] ] with score 60 and providerId 5
09-02 01:56:46.777  1513  2038 D Ethernet: got request NetworkRequest [ TRACK_DEFAULT id=2664, [ Capabilities: INTERNET&NOT_RESTRICTED&TRUSTED Uid: 10216 AdministratorUids: [] RequestorUid: 10216 RequestorPackageName: com.google.android.youtube] ] with score 60 and providerId 5
09-02 01:56:46.777  1513  2037 D WIFI_AWARE_FACTORY: got request NetworkRequest [ TRACK_DEFAULT id=2664, [ Capabilities: INTERNET&NOT_RESTRICTED&TRUSTED Uid: 10216 AdministratorUids: [] RequestorUid: 10216 RequestorPackageName: com.google.android.youtube] ] with score 60 and providerId 5
09-02 01:56:46.777  1513  1996 D UntrustedWifiNetworkFactory: got request NetworkRequest [ TRACK_DEFAULT id=2664, [ Capabilities: INTERNET&NOT_RESTRICTED&TRUSTED Uid: 10216 AdministratorUids: [] RequestorUid: 10216 RequestorPackageName: com.google.android.youtube] ] with score 60 and providerId 5
09-02 01:56:46.777  2474  2474 D PhoneSwitcherNetworkRequstListener: got request NetworkRequest [ TRACK_DEFAULT id=2664, [ Capabilities: INTERNET&NOT_RESTRICTED&TRUSTED Uid: 10216 AdministratorUids: [] RequestorUid: 10216 RequestorPackageName: com.google.android.youtube] ] with score 60 and providerId 5
09-02 01:56:46.779  1513  2000 D ConnectivityService: NetReassign [no changes]
09-02 01:56:46.803  1513  1537 D ConnectivityService: requestNetwork for uid/pid:10216/7098 NetworkRequest [ TRACK_DEFAULT id=2666, [ Capabilities: INTERNET&NOT_RESTRICTED&TRUSTED Uid: 10216 AdministratorUids: [] RequestorUid: 10216 RequestorPackageName: com.google.android.youtube] ]
09-02 01:56:46.803  1513  2000 D ConnectivityService: NetReassign [2666 : null → 100]
