09-02 09:08:55.371  5708  5708 W ResourceType: For resource 0x7f1506f4, entry index(1780) is beyond type entryCount(281)
09-02 09:08:55.371  5708  5708 W ResourceType: For resource 0x7f150588, entry index(1416) is beyond type entryCount(281)
09-02 09:08:55.371  5708  5708 W ResourceType: For resource 0x7f15059f, entry index(1439) is beyond type entryCount(281)
09-02 09:08:55.371  5708  5708 W ResourceType: For resource 0x7f150649, entry index(1609) is beyond type entryCount(281)
09-02 09:08:55.371  5708  5708 W ResourceType: For resource 0x7f150442, entry index(1090) is beyond type entryCount(281)
09-02 09:08:55.371  5708  5708 W ResourceType: For resource 0x7f150718, entry index(1816) is beyond type entryCount(281)
09-02 09:08:55.371  5708  5708 W ResourceType: For resource 0x7f15017c, entry index(380) is beyond type entryCount(281)
09-02 09:08:55.371  5708  5708 W ResourceType: For resource 0x7f15059d, entry index(1437) is beyond type entryCount(281)
09-02 09:08:55.371  5708  5708 W ResourceType: For resource 0x7f15020a, entry index(522) is beyond type entryCount(281)
09-02 09:08:55.371  5708  5708 W ResourceType: For resource 0x7f150586, entry index(1414) is beyond type entryCount(281)
09-02 09:08:55.371  5708  5708 W ResourceType: For resource 0x7f15071c, entry index(1820) is beyond type entryCount(281)
09-02 09:08:55.371  5708  5708 W ResourceType: For resource 0x7f1502af, entry index(687) is beyond type entryCount(281)
09-02 09:08:55.371  5708  5708 W ResourceType: For resource 0x7f150274, entry index(628) is beyond type entryCount(281)
09-02 09:08:55.371  5708  5708 W ResourceType: For resource 0x7f150244, entry index(580) is beyond type entryCount(281)
09-02 09:08:55.371  5708  5708 W ResourceType: For resource 0x7f150274, entry index(628) is beyond type entryCount(281)
09-02 09:08:55.371  5708  5708 W ResourceType: For resource 0x7f150372, entry index(882) is beyond type entryCount(281)
09-02 09:08:55.371  5708  5708 W ResourceType: For resource 0x7f15035b, entry index(859) is beyond type entryCount(281)
09-02 09:08:55.371  5708  5708 W ResourceType: For resource 0x7f15035c, entry index(860) is beyond type entryCount(281)
09-02 09:08:55.371  5708  5708 W ResourceType: For resource 0x7f1502ad, entry index(685) is beyond type entryCount(281)
09-02 09:08:55.371  5708  5708 W ResourceType: For resource 0x7f150565, entry index(1381) is beyond type entryCount(281)
09-02 09:08:55.371  5708  5708 W ResourceType: For resource 0x7f150567, entry index(1383) is beyond type entryCount(281)
09-02 09:08:55.371  5708  5708 W ResourceType: For resource 0x7f150241, entry index(577) is beyond type entryCount(281)
09-02 09:08:55.372  5708  5708 I chatty  : uid=10158(u0_a158) identical 4 lines
09-02 09:08:55.372  5708  5708 W ResourceType: For resource 0x7f150241, entry index(577) is beyond type entryCount(281)
09-02 09:08:55.372  5708  5708 W ResourceType: For resource 0x7f1505bf, entry index(1471) is beyond type entryCount(281)
09-02 09:08:55.372  5708  5708 W ResourceType: For resource 0x7f150728, entry index(1832) is beyond type entryCount(281)
09-02 09:08:55.372  5708  5708 W ResourceType: For resource 0x7f1505bf, entry index(1471) is beyond type entryCount(281)
09-02 09:08:55.372  5708  5708 W ResourceType: For resource 0x7f150728, entry index(1832) is beyond type entryCount(281)
09-02 09:08:55.372  5708  5708 W ResourceType: For resource 0x7f150241, entry index(577) is beyond type entryCount(281)
09-02 09:08:55.372  5708  5708 W ResourceType: For resource 0x7f1505bf, entry index(1471) is beyond type entryCount(281)
09-02 09:08:55.372  5708  5708 W ResourceType: For resource 0x7f150728, entry index(1832) is beyond type entryCount(281)
09-02 09:08:55.372  5708  5708 W ResourceType: For resource 0x7f1505bf, entry index(1471) is beyond type entryCount(281)
09-02 09:08:55.372  5708  5708 W ResourceType: For resource 0x7f150728, entry index(1832) is beyond type entryCount(281)
09-02 09:08:55.373  5708  5708 W ResourceType: For resource 0x7f1505bf, entry index(1471) is beyond type entryCount(281)
09-02 09:08:55.373  5708  5708 W ResourceType: For resource 0x7f150728, entry index(1832) is beyond type entryCount(281)
09-02 09:08:55.373  5708  5708 W ResourceType: For resource 0x7f1505bf, entry index(1471) is beyond type entryCount(281)
09-02 09:08:55.373  5708  5708 W ResourceType: For resource 0x7f150728, entry index(1832) is beyond type entryCount(281)
09-02 09:08:55.373  5708  5708 W ResourceType: For resource 0x7f1505bf, entry index(1471) is beyond type entryCount(281)
09-02 09:08:55.373  5708  5708 W ResourceType: For resource 0x7f150728, entry index(1832) is beyond type entryCount(281)
09-02 09:08:55.373  5708  5708 W ResourceType: For resource 0x7f1505bf, entry index(1471) is beyond type entryCount(281)
09-02 09:08:55.373  5708  5708 W ResourceType: For resource 0x7f150728, entry index(1832) is beyond type entryCount(281)
09-02 09:08:55.373  5708  5708 W ResourceType: For resource 0x7f15050e, entry index(1294) is beyond type entryCount(281)
09-02 09:08:55.373  5708  5708 W ResourceType: For resource 0x7f15061f, entry index(1567) is beyond type entryCount(281)
09-02 09:08:55.373  5708  5708 W ResourceType: For resource 0x7f15061f, entry index(1567) is beyond type entryCount(281)
09-02 09:08:55.373  5708  5708 W ResourceType: For resource 0x7f15058c, entry index(1420) is beyond type entryCount(281)
09-02 09:08:55.373  5708  5708 W ResourceType: For resource 0x7f150590, entry index(1424) is beyond type entryCount(281)
09-02 09:08:55.373  5708  5708 W ResourceType: For resource 0x7f15058e, entry index(1422) is beyond type entryCount(281)
09-02 09:08:55.373  5708  5708 W ResourceType: For resource 0x7f1504c3, entry index(1219) is beyond type entryCount(281)
09-02 09:08:55.373  5708  5708 W ResourceType: For resource 0x7f15059e, entry index(1438) is beyond type entryCount(281)
09-02 09:08:55.373  5708  5708 W ResourceType: For resource 0x7f150282, entry index(642) is beyond type entryCount(281)
09-02 09:08:55.373  5708  5708 W ResourceType: For resource 0x7f1504c3, entry index(1219) is beyond type entryCount(281)
09-02 09:08:55.373  5708  5708 W ResourceType: For resource 0x7f150719, entry index(1817) is beyond type entryCount(281)
09-02 09:08:55.373  5708  5708 W ResourceType: For resource 0x7f150578, entry index(1400) is beyond type entryCount(281)
09-02 09:08:55.373  5708  5708 W ResourceType: For resource 0x7f150284, entry index(644) is beyond type entryCount(281)
09-02 09:08:55.373  5708  5708 W ResourceType: For resource 0x7f150579, entry index(1401) is beyond type entryCount(281)
09-02 09:08:55.373  5708  5708 W ResourceType: For resource 0x7f1505e7, entry index(1511) is beyond type entryCount(281)
09-02 09:08:55.373  5708  5708 W ResourceType: For resource 0x7f15071e, entry index(1822) is beyond type entryCount(281)
09-02 09:08:55.374  5708  5708 I chatty  : uid=10158(u0_a158) identical 2 lines
09-02 09:08:55.374  5708  5708 W ResourceType: For resource 0x7f15071e, entry index(1822) is beyond type entryCount(281)
09-02 09:08:55.374  5708  5708 W ResourceType: For resource 0x7f150580, entry index(1408) is beyond type entryCount(281)
09-02 09:08:55.374  5708  5708 W ResourceType: For resource 0x7f15071e, entry index(1822) is beyond type entryCount(281)
09-02 09:08:55.374  5708  5708 W ResourceType: For resource 0x7f15017b, entry index(379) is beyond type entryCount(281)
09-02 09:08:55.374  5708  5708 W ResourceType: For resource 0x7f150283, entry index(643) is beyond type entryCount(281)
09-02 09:08:55.374  5708  5708 W ResourceType: For resource 0x7f1505a2, entry index(1442) is beyond type entryCount(281)
09-02 09:08:55.374  5708  5708 W ResourceType: For resource 0x7f1506f4, entry index(1780) is beyond type entryCount(281)
09-02 09:08:55.374  5708  5708 W ResourceType: For resource 0x7f150588, entry index(1416) is beyond type entryCount(281)
09-02 09:08:55.374  5708  5708 W ResourceType: For resource 0x7f15059f, entry index(1439) is beyond type entryCount(281)
09-02 09:08:55.374  5708  5708 W ResourceType: For resource 0x7f150649, entry index(1609) is beyond type entryCount(281)
09-02 09:08:55.374  5708  5708 W ResourceType: For resource 0x7f150442, entry index(1090) is beyond type entryCount(281)
09-02 09:08:55.374  5708  5708 W ResourceType: For resource 0x7f150718, entry index(1816) is beyond type entryCount(281)
09-02 09:08:55.374  5708  5708 W ResourceType: For resource 0x7f15017c, entry index(380) is beyond type entryCount(281)
09-02 09:08:55.374  5708  5708 W ResourceType: For resource 0x7f15059d, entry index(1437) is beyond type entryCount(281)
09-02 09:08:55.374  5708  5708 W ResourceType: For resource 0x7f15020a, entry index(522) is beyond type entryCount(281)
09-02 09:08:55.374  5708  5708 W ResourceType: For resource 0x7f150586, entry index(1414) is beyond type entryCount(281)
09-02 09:08:55.374  5708  5708 W ResourceType: For resource 0x7f15071c, entry index(1820) is beyond type entryCount(281)
09-02 09:08:55.374  5708  5708 W ResourceType: For resource 0x7f1502af, entry index(687) is beyond type entryCount(281)
09-02 09:08:55.374  5708  5708 W ResourceType: For resource 0x7f150274, entry index(628) is beyond type entryCount(281)
09-02 09:08:55.374  5708  5708 W ResourceType: For resource 0x7f150244, entry index(580) is beyond type entryCount(281)
09-02 09:08:55.374  5708  5708 W ResourceType: For resource 0x7f150274, entry index(628) is beyond type entryCount(281)
09-02 09:08:55.374  5708  5708 W ResourceType: For resource 0x7f150372, entry index(882) is beyond type entryCount(281)
09-02 09:08:55.374  5708  5708 W ResourceType: For resource 0x7f15035b, entry index(859) is beyond type entryCount(281)
09-02 09:08:55.374  5708  5708 W ResourceType: For resource 0x7f15035c, entry index(860) is beyond type entryCount(281)
09-02 09:08:55.374  5708  5708 W ResourceType: For resource 0x7f1502ad, entry index(685) is beyond type entryCount(281)
09-02 09:08:55.374  5708  5708 W ResourceType: For resource 0x7f150565, entry index(1381) is beyond type entryCount(281)
09-02 09:08:55.374  5708  5708 W ResourceType: For resource 0x7f150567, entry index(1383) is beyond type entryCount(281)
09-02 09:08:55.374  5708  5708 W ResourceType: For resource 0x7f1505bd, entry index(1469) is beyond type entryCount(281)
09-02 09:08:55.375  5708  5708 I chatty  : uid=10158(u0_a158) identical 6 lines
09-02 09:08:55.375  5708  5708 W ResourceType: For resource 0x7f1505bd, entry index(1469) is beyond type entryCount(281)
09-02 09:08:55.379  3462  3462 I SurfaceFlinger: id=519 createSurf (720x1280),4 flag=404, SurfaceView - com.opera.browser/com.opera.Opera@a9ff226@0#0
09-02 09:08:55.380  3462  3462 I SurfaceFlinger: id=520 createSurf (720x1280),-1 flag=20404, Background for - SurfaceView - com.opera.browser/com.opera.Opera@a9ff226@0#0
09-02 09:08:55.380  5708  5708 D SurfaceView: BG show() Surface(name=Background for - SurfaceView - com.opera.browser/com.opera.Opera@a9ff226@0) android.view.SurfaceView{a9ff226 V.E...... ......ID 0,0-720,1280}
09-02 09:08:55.389  5708  5708 V Surface : sf_framedrop debug : 0x4f4c, game : false, logging : 0
09-02 09:08:55.390  5708  5708 D SurfaceView: surfaceCreated 1 android.view.SurfaceView{a9ff226 V.E...... ......ID 0,0-720,1280}
09-02 09:08:55.390  5708  5708 D SurfaceView: surfaceChanged (720,1280) 1 android.view.SurfaceView{a9ff226 V.E...... ......ID 0,0-720,1280}
09-02 09:08:55.414  5895  5919 V Surface : sf_framedrop debug : 0x4f4c, game : false, logging : 0
09-02 09:08:55.416  5895  5919 D mali_winsys: EGLint new_window_surface(egl_winsys_display *, void *, EGLSurface, EGLConfig, egl_winsys_surface **, egl_color_buffer_format *, EGLBoolean) returns 0x3000,  [720x1280]-format:1
09-02 09:08:55.422  3979  9236 D ConnectivityService: filterNetworkStateForUid() uid: 10158 networkInfo: [type: WIFI[] - WIFI, state: CONNECTED/CONNECTED, reason: (unspecified), extra: "WiFi 69", failover: false, available: true, roaming: false, metered: false]
09-02 09:08:55.435  3979  5979 D PackageManager: setEnabledSetting : userId = 0 packageName = com.opera.browser cmp = com.opera.android.readlater.MigrationBroadcastReceiver newState = 2 callingPackage = 10158/com.opera.browser
09-02 09:08:55.443  3979  3994 D ConnectivityService: filterNetworkStateForUid() uid: 1000 networkInfo: [type: WIFI[] - WIFI, state: CONNECTED/CONNECTED, reason: (unspecified), extra: "WiFi 69", failover: false, available: true, roaming: false, metered: false]
09-02 09:08:55.448  3979  3994 D ConnectivityService: filterNetworkStateForUid() uid: 1000 networkInfo: [type: WIFI[] - WIFI, state: CONNECTED/CONNECTED, reason: (unspecified), extra: "WiFi 69", failover: false, available: true, roaming: false, metered: false]
09-02 09:08:55.451  3979  3994 D SyncManager: failed sync operation JobId: 109703, com.opera.browser u0 (com.opera.browser.ping), com.opera.browser.ping.provider, SERVER, reason: 10158, SyncResult: delayUntil: 1693645735 stats [ numIoExceptions: 1]
09-02 09:08:55.462  3979  3994 D ConnectivityService: filterNetworkStateForUid() uid: 10158 networkInfo: [type: WIFI[] - WIFI, state: CONNECTED/CONNECTED, reason: (unspecified), extra: "WiFi 69", failover: false, available: true, roaming: false, metered: false]
09-02 09:08:55.464  5708  5708 I zygote  : Deoptimizing java.lang.Object gs4.a() due to JIT inline cache
09-02 09:08:55.465 10264 10733 I FontLog : Received query name=Google Sans&weight=700&besteffort=false, URI content://com.google.android.gms.fonts [CONTEXT service_id=132 ]
09-02 09:08:55.465 10264 10733 I FontLog : Query [name=Google Sans&weight=700&besteffort=false] resolved to {Google Sans, wdth 100.0, wght 700, ital 0.0, bestEffort false} [CONTEXT service_id=132 ]
09-02 09:08:55.467 10264 10733 I FontLog : Fetch {Google Sans, wdth 100.0, wght 700, ital 0.0, bestEffort false} end status Status{statusCode=SUCCESS, resolution=null} [CONTEXT service_id=132 ]
09-02 09:08:55.477 10264 10733 I FontLog : Pulling font file for id = 242, cache size = 6 [CONTEXT service_id=132 ]
09-02 09:08:55.484 10264 10733 I FontLog : Received query name=Noto Color Emoji Compat&weight=400&besteffort=false, URI content://com.google.android.gms.fonts [CONTEXT service_id=132 ]
09-02 09:08:55.484 10264 10733 I FontLog : Query [name=Noto Color Emoji Compat&weight=400&besteffort=false] resolved to {Noto Color Emoji Compat, wdth 100.0, wght 400, ital 0.0, bestEffort false} [CONTEXT service_id=132 ]
09-02 09:08:55.487 10264 10733 I FontLog : Fetch {Noto Color Emoji Compat, wdth 100.0, wght 400, ital 0.0, bestEffort false} end status Status{statusCode=SUCCESS, resolution=null} [CONTEXT service_id=132 ]
09-02 09:08:55.488  3979  3994 D SamsungAlarmManager: setInexact Listener (T:2/F:0/AC:false) 20230902T090926 - CU:1000/CP:3979
09-02 09:08:55.488  3979  3994 I SamsungAlarmManager: setLocked to kernel - T:2 / 20230902T090926, SetElapsed=83747482, nowELAPSED=83716920
09-02 09:08:55.493 10264 10733 I FontLog : Pulling font file for id = 243, cache size = 4 [CONTEXT service_id=132 ]
09-02 09:08:55.498  3979 10224 D ConnectivityService: filterNetworkStateForUid() uid: 10158 networkInfo: [type: WIFI[] - WIFI, state: CONNECTED/CONNECTED, reason: (unspecified), extra: "WiFi 69", failover: false, available: true, roaming: false, metered: false]
09-02 09:08:55.503 10264 10733 I FontLog : Received query name=Google Sans&weight=400&besteffort=false, URI content://com.google.android.gms.fonts [CONTEXT service_id=132 ]
09-02 09:08:55.503 10264 10733 I FontLog : Query [name=Google Sans&weight=400&besteffort=false] resolved to {Google Sans, wdth 100.0, wght 400, ital 0.0, bestEffort false} [CONTEXT service_id=132 ]
09-02 09:08:55.505 10264 10733 I FontLog : Font PFD returned from cache for {Google Sans, wdth 100.0, wght 400, ital 0.0, bestEffort false} [CONTEXT service_id=132 ]
09-02 09:08:55.508  3979  3994 I SamsungAlarmManager: setLocked to kernel - T:2 / 20230902T091032, SetElapsed=83813567, nowELAPSED=83716940
09-02 09:08:55.508 10264 10733 I FontLog : Fetch {Google Sans, wdth 100.0, wght 400, ital 0.0, bestEffort false} end status Status{statusCode=SUCCESS, resolution=null} [CONTEXT service_id=132 ]
09-02 09:08:55.510  3979  3994 D SamsungAlarmManager: setInexact Listener (T:2/F:0/AC:false) 20230902T091154 - CU:1000/CP:3979
09-02 09:08:55.510  5708  5708 W ResourceType: For resource 0x7f15050e, entry index(1294) is beyond type entryCount(281)
09-02 09:08:55.511  5708  5708 W ResourceType: For resource 0x7f15061f, entry index(1567) is beyond type entryCount(281)
09-02 09:08:55.511  5708  5708 W ResourceType: For resource 0x7f15061f, entry index(1567) is beyond type entryCount(281)
09-02 09:08:55.511  5708  5708 W ResourceType: For resource 0x7f15058c, entry index(1420) is beyond type entryCount(281)
09-02 09:08:55.511  5708  5708 W ResourceType: For resource 0x7f150590, entry index(1424) is beyond type entryCount(281)
09-02 09:08:55.511  5708  5708 W ResourceType: For resource 0x7f15058e, entry index(1422) is beyond type entryCount(281)
09-02 09:08:55.511  5708  5708 W ResourceType: For resource 0x7f1504c3, entry index(1219) is beyond type entryCount(281)
09-02 09:08:55.511  5708  5708 W ResourceType: For resource 0x7f15059e, entry index(1438) is beyond type entryCount(281)
09-02 09:08:55.511  5708  5708 W ResourceType: For resource 0x7f150282, entry index(642) is beyond type entryCount(281)
09-02 09:08:55.511  5708  5708 W ResourceType: For resource 0x7f1504c3, entry index(1219) is beyond type entryCount(281)
09-02 09:08:55.511  5708  5708 W ResourceType: For resource 0x7f150719, entry index(1817) is beyond type entryCount(281)
09-02 09:08:55.511  5708  5708 W ResourceType: For resource 0x7f150578, entry index(1400) is beyond type entryCount(281)
09-02 09:08:55.511  5708  5708 W ResourceType: For resource 0x7f150284, entry index(644) is beyond type entryCount(281)
09-02 09:08:55.511  5708  5708 W ResourceType: For resource 0x7f150579, entry index(1401) is beyond type entryCount(281)
09-02 09:08:55.511  5708  5708 W ResourceType: For resource 0x7f1505e7, entry index(1511) is beyond type entryCount(281)
09-02 09:08:55.511  5708  5708 W ResourceType: For resource 0x7f15071e, entry index(1822) is beyond type entryCount(281)
09-02 09:08:55.511  5708  5708 I chatty  : uid=10158(u0_a158) identical 2 lines
09-02 09:08:55.511  5708  5708 W ResourceType: For resource 0x7f15071e, entry index(1822) is beyond type entryCount(281)
09-02 09:08:55.511  5708  5708 W ResourceType: For resource 0x7f150580, entry index(1408) is beyond type entryCount(281)
09-02 09:08:55.511  5708  5708 W ResourceType: For resource 0x7f15071e, entry index(1822) is beyond type entryCount(281)
09-02 09:08:55.511  5708  5708 W ResourceType: For resource 0x7f15017b, entry index(379) is beyond type entryCount(281)
09-02 09:08:55.511  5708  5708 W ResourceType: For resource 0x7f150283, entry index(643) is beyond type entryCount(281)
09-02 09:08:55.511  5708  5708 W ResourceType: For resource 0x7f1505a2, entry index(1442) is beyond type entryCount(281)
09-02 09:08:55.512  5708  5708 W ResourceType: For resource 0x7f1506f4, entry index(1780) is beyond type entryCount(281)
09-02 09:08:55.512  5708  5708 W ResourceType: For resource 0x7f150588, entry index(1416) is beyond type entryCount(281)
09-02 09:08:55.512  5708  5708 W ResourceType: For resource 0x7f15059f, entry index(1439) is beyond type entryCount(281)
09-02 09:08:55.512  5708  5708 W ResourceType: For resource 0x7f150649, entry index(1609) is beyond type entryCount(281)
09-02 09:08:55.512  5708  5708 W ResourceType: For resource 0x7f150442, entry index(1090) is beyond type entryCount(281)
09-02 09:08:55.512  5708  5708 W ResourceType: For resource 0x7f150718, entry index(1816) is beyond type entryCount(281)
09-02 09:08:55.512  5708  5708 W ResourceType: For resource 0x7f15017c, entry index(380) is beyond type entryCount(281)
09-02 09:08:55.512  5708  5708 W ResourceType: For resource 0x7f15059d, entry index(1437) is beyond type entryCount(281)
09-02 09:08:55.512  5708  5708 W ResourceType: For resource 0x7f15020a, entry index(522) is beyond type entryCount(281)
09-02 09:08:55.512  5708  5708 W ResourceType: For resource 0x7f150586, entry index(1414) is beyond type entryCount(281)
09-02 09:08:55.512  5708  5708 W ResourceType: For resource 0x7f15071c, entry index(1820) is beyond type entryCount(281)
09-02 09:08:55.512  5708  5708 W ResourceType: For resource 0x7f1502af, entry index(687) is beyond type entryCount(281)
09-02 09:08:55.512  5708  5708 W ResourceType: For resource 0x7f150274, entry index(628) is beyond type entryCount(281)
09-02 09:08:55.512  5708  5708 W ResourceType: For resource 0x7f150244, entry index(580) is beyond type entryCount(281)
09-02 09:08:55.512  5708  5708 W ResourceType: For resource 0x7f150274, entry index(628) is beyond type entryCount(281)
09-02 09:08:55.512  5708  5708 W ResourceType: For resource 0x7f150372, entry index(882) is beyond type entryCount(281)
09-02 09:08:55.512  5708  5708 W ResourceType: For resource 0x7f15035b, entry index(859) is beyond type entryCount(281)
09-02 09:08:55.512  5708  5708 W ResourceType: For resource 0x7f15035c, entry index(860) is beyond type entryCount(281)
09-02 09:08:55.512  5708  5708 W ResourceType: For resource 0x7f1502ad, entry index(685) is beyond type entryCount(281)
09-02 09:08:55.512  5708  5708 W ResourceType: For resource 0x7f150565, entry index(1381) is beyond type entryCount(281)
09-02 09:08:55.512  5708  5708 W ResourceType: For resource 0x7f150567, entry index(1383) is beyond type entryCount(281)
09-02 09:08:55.514 10264  6056 I SQLiteConnectionPool: The connection pool for +data+user+0+com_google_android_gms+databases+metadata_db has been closed but there are still 1 connections in use.  They will be closed as they are released back to the pool.
09-02 09:08:55.514 10264 10733 I FontLog : Pulling font file for id = 244, cache size = 5 [CONTEXT service_id=132 ]
09-02 09:08:55.516 10264  1506 W FontLog : Error updating last accessed time for {Noto Color Emoji Compat, wdth 100.0, wght 400, ital 0.0, bestEffort false}. [CONTEXT service_id=132 ]
09-02 09:08:55.516 10264  1506 W FontLog : java.lang.IllegalStateException: Cannot perform this operation because the connection pool has been closed.
09-02 09:08:55.516 10264  1506 W FontLog : 	at android.database.sqlite.SQLiteConnectionPool.throwIfClosedLocked(SQLiteConnectionPool.java:1198)
09-02 09:08:55.516 10264  1506 W FontLog : 	at android.database.sqlite.SQLiteConnectionPool.waitForConnection(SQLiteConnectionPool.java:886)
09-02 09:08:55.516 10264  1506 W FontLog : 	at android.database.sqlite.SQLiteConnectionPool.acquireConnection(SQLiteConnectionPool.java:534)
09-02 09:08:55.516 10264  1506 W FontLog : 	at android.database.sqlite.SQLiteSession.acquireConnection(SQLiteSession.java:904)
09-02 09:08:55.516 10264  1506 W FontLog : 	at android.database.sqlite.SQLiteSession.executeForChangedRowCount(SQLiteSession.java:752)
09-02 09:08:55.516 10264  1506 W FontLog : 	at android.database.sqlite.SQLiteStatement.executeUpdateDelete(SQLiteStatement.java:64)
09-02 09:08:55.516 10264  1506 W FontLog : 	at android.database.sqlite.SQLiteDatabase.executeSql(SQLiteDatabase.java:2111)
09-02 09:08:55.516 10264  1506 W FontLog : 	at android.database.sqlite.SQLiteDatabase.execSQL(SQLiteDatabase.java:2089)
09-02 09:08:55.516 10264  1506 W FontLog : 	at alfg.run(:com.google.android.gms@224312019@22.43.12 (040400-483592595):5)
09-02 09:08:55.516 10264  1506 W FontLog : 	at abce.c(:com.google.android.gms@224312019@22.43.12 (040400-483592595):6)
09-02 09:08:55.516 10264  1506 W FontLog : 	at abce.run(:com.google.android.gms@224312019@22.43.12 (040400-483592595):7)
09-02 09:08:55.516 10264  1506 W FontLog : 	at java.util.concurrent.ThreadPoolExecutor.runWorker(ThreadPoolExecutor.java:1162)
09-02 09:08:55.516 10264  1506 W FontLog : 	at java.util.concurrent.ThreadPoolExecutor$Worker.run(ThreadPoolExecutor.java:636)
09-02 09:08:55.516 10264  1506 W FontLog : 	at abhk.run(:com.google.android.gms@224312019@22.43.12 (040400-483592595):0)
09-02 09:08:55.516 10264  1506 W FontLog : 	at java.lang.Thread.run(Thread.java:764)
09-02 09:08:55.516  3979  3994 D SamsungAlarmManager: setInexact Listener (T:2/F:0/AC:false) 20230902T091154 - CU:1000/CP:3979
09-02 09:08:55.520 10264 10733 I FontLog : Received query name=Google Sans&weight=500&besteffort=false, URI content://com.google.android.gms.fonts [CONTEXT service_id=132 ]
09-02 09:08:55.521 10264 10733 I FontLog : Query [name=Google Sans&weight=500&besteffort=false] resolved to {Google Sans, wdth 100.0, wght 500, ital 0.0, bestEffort false} [CONTEXT service_id=132 ]
09-02 09:08:55.522  5895  6054 W AudioCapabilities: Unsupported mime audio/mpeg-L1
09-02 09:08:55.523 10264 10733 I FontLog : Font PFD returned from cache for {Google Sans, wdth 100.0, wght 500, ital 0.0, bestEffort false} [CONTEXT service_id=132 ]
09-02 09:08:55.523  5895  6054 W AudioCapabilities: Unsupported mime audio/mpeg-L2
09-02 09:08:55.523 10264 10733 I FontLog : Fetch {Google Sans, wdth 100.0, wght 500, ital 0.0, bestEffort false} end status Status{statusCode=SUCCESS, resolution=null} [CONTEXT service_id=132 ]
09-02 09:08:55.524  7505 13783 I Finsky  : [2229] ncc.l(14): com.opera.browser: Account determined from installer data - [U-iik75Til66Sqc4rcg2VQIPTcVEABCt30QhmAx4030]
09-02 09:08:55.525  7505 13783 I Finsky  : [2229] ncc.l(61): Billing preferred account via installer for com.opera.browser: [U-iik75Til66Sqc4rcg2VQIPTcVEABCt30QhmAx4030]
09-02 09:08:55.526  5895  6054 W AudioCapabilities: Unsupported mime audio/x-ms-wma
09-02 09:08:55.527  5895  6054 W AudioCapabilities: Unsupported mime audio/x-ima
09-02 09:08:55.527  7505 13783 W Finsky  : [2229] hgm.i(10): Unsupported billing API version: 19
09-02 09:08:55.527  5708  5713 I zygote  : Do full code cache collection, code=254KB, data=209KB
09-02 09:08:55.528  5708  5713 I zygote  : After code cache collection, code=233KB, data=156KB
09-02 09:08:55.532  7505  7523 I Finsky  : [2050] ncc.l(14): com.opera.browser: Account determined from installer data - [U-iik75Til66Sqc4rcg2VQIPTcVEABCt30QhmAx4030]
09-02 09:08:55.532  3979  4200 V WindowManager: Relayout Window{d758460 u0 com.opera.browser/com.opera.Opera}: viewVisibility=0 req=720x1280 WM.LayoutParams{(0,0)(fillxfill) sim=#10 ty=1 fl=#89810100 pfl=0x20000 fmt=-3 wanim=0x10302fd vsysui=0x2700 sysuil=true needsMenuKey=2 colorMode=0 naviIconColor=0}
09-02 09:08:55.532  3979  3994 D ConnectivityService: filterNetworkStateForUid() uid: 1000 networkInfo: [type: WIFI[] - WIFI, state: CONNECTED/CONNECTED, reason: (unspecified), extra: "WiFi 69", failover: false, available: true, roaming: false, metered: false]
09-02 09:08:55.533  7505  7523 I Finsky  : [2050] ncc.l(61): Billing preferred account via installer for com.opera.browser: [U-iik75Til66Sqc4rcg2VQIPTcVEABCt30QhmAx4030]
09-02 09:08:55.534  3979  3994 D ConnectivityService: filterNetworkStateForUid() uid: 10158 networkInfo: [type: WIFI[] - WIFI, state: CONNECTED/CONNECTED, reason: (unspecified), extra: "WiFi 69", failover: false, available: true, roaming: false, metered: false]
09-02 09:08:55.534 10264 10733 I FontLog : Pulling font file for id = 245, cache size = 5 [CONTEXT service_id=132 ]
09-02 09:08:55.534  7505  7523 W Finsky  : [2050] hgm.i(10): Unsupported billing API version: 18
09-02 09:08:55.538  5895  6054 W VideoCapabilities: Unrecognized profile 2130706433 for video/avc
09-02 09:08:55.538  5895  6054 W VideoCapabilities: Unrecognized profile 2130706434 for video/avc
09-02 09:08:55.538  5708  5708 D ViewRootImpl@bf9aa7e[Opera]: Relayout returned: old=[0,0][720,1280] new=[0,0][720,1280] result=0x1 surface={valid=true 3286906880} changed=false
09-02 09:08:55.540  5895  6054 W VideoCapabilities: Unrecognized profile 2130706433 for video/avc
09-02 09:08:55.540  7505  7523 I Finsky  : [2050] ncc.l(14): com.opera.browser: Account determined from installer data - [U-iik75Til66Sqc4rcg2VQIPTcVEABCt30QhmAx4030]
09-02 09:08:55.540  5895  6054 W VideoCapabilities: Unrecognized profile 2130706434 for video/avc
09-02 09:08:55.540  5708  5708 W View    : requestLayout() improperly called by android.widget.FrameLayout{79de399 VFE...C.. ......ID 236,999-713,1175 #7f0a01ca app:id/content} during layout: running second layout pass
09-02 09:08:55.540  5708  5708 I ViewRootImpl@bf9aa7e[Opera]: requestLayout is already in process
09-02 09:08:55.541  7505  7523 I Finsky  : [2050] ncc.l(61): Billing preferred account via installer for com.opera.browser: [U-iik75Til66Sqc4rcg2VQIPTcVEABCt30QhmAx4030]
09-02 09:08:55.543  3462  3462 I SurfaceFlinger: Display 0 HWC layers:
09-02 09:08:55.543  3462  3462 I SurfaceFlinger:     type    |    handle    | flag |  format   |   source crop (l,t,r,b)    |         frame       | name 
09-02 09:08:55.543  3462  3462 I SurfaceFlinger: ------------+--------------+------+-----------+----------------------------+---------------------+------
09-02 09:08:55.543  3462  3462 I SurfaceFlinger:      Device | 0x7abdcaa840 | 0002 | RGBA_8888 |   0.0    0.0  720.0 1280.0 |    0    0  720 1280 | SurfaceView - com.opera.browser/com.opera.Opera@a9ff226@0#0
09-02 09:08:55.543  3462  3462 I SurfaceFlinger:      Device | 0x7abdcaa000 | 0000 | RGBA_8888 |   0.0    0.0  720.0 1280.0 |    0    0  720 1280 | com.opera.browser/com.opera.Opera#0
09-02 09:08:55.543  3462  3462 I SurfaceFlinger:      Device | 0x7ac4c25140 | 0000 | RGBA_8888 |   0.0    0.0  720.0   42.0 |    0    0  720   42 | StatusBar#0
09-02 09:08:55.543  3462  3462 I SurfaceFlinger: 
09-02 09:08:55.547  7505  7523 I Finsky  : [2050] ncc.l(14): com.opera.browser: Account determined from installer data - [U-iik75Til66Sqc4rcg2VQIPTcVEABCt30QhmAx4030]
09-02 09:08:55.548  7505  7523 I Finsky  : [2050] ncc.l(61): Billing preferred account via installer for com.opera.browser: [U-iik75Til66Sqc4rcg2VQIPTcVEABCt30QhmAx4030]
09-02 09:08:55.550  7505  7523 W Finsky  : [2050] hgm.i(10): Unsupported billing API version: 19
09-02 09:08:55.560  7505  7523 I Finsky  : [2050] ncc.l(14): com.opera.browser: Account determined from installer data - [U-iik75Til66Sqc4rcg2VQIPTcVEABCt30QhmAx4030]
09-02 09:08:55.562  7505  7523 I Finsky  : [2050] ncc.l(61): Billing preferred account via installer for com.opera.browser: [U-iik75Til66Sqc4rcg2VQIPTcVEABCt30QhmAx4030]
09-02 09:08:55.565  7505  7523 W Finsky  : [2050] hgm.i(10): Unsupported billing API version: 18
09-02 09:08:55.567  5895  6054 W VideoCapabilities: Unsupported mime video/wvc1
09-02 09:08:55.568  5895  6054 W VideoCapabilities: Unsupported mime video/x-ms-wmv
09-02 09:08:55.569  7505  7523 I Finsky  : [2050] ncc.l(14): com.opera.browser: Account determined from installer data - [U-iik75Til66Sqc4rcg2VQIPTcVEABCt30QhmAx4030]
09-02 09:08:55.570  7505  7523 I Finsky  : [2050] ncc.l(61): Billing preferred account via installer for com.opera.browser: [U-iik75Til66Sqc4rcg2VQIPTcVEABCt30QhmAx4030]
09-02 09:08:55.571  5895  6054 W VideoCapabilities: Unrecognized profile 2130706433 for video/avc
09-02 09:08:55.571  5895  6054 W VideoCapabilities: Unrecognized profile 2130706434 for video/avc
09-02 09:08:55.574  5895  6054 W VideoCapabilities: Unsupported mime video/avc-wfd
09-02 09:08:55.580  7505  7523 I Finsky  : [2050] ncc.l(14): com.opera.browser: Account determined from installer data - [U-iik75Til66Sqc4rcg2VQIPTcVEABCt30QhmAx4030]
09-02 09:08:55.581  7505  7523 I Finsky  : [2050] ncc.l(61): Billing preferred account via installer for com.opera.browser: [U-iik75Til66Sqc4rcg2VQIPTcVEABCt30QhmAx4030]
09-02 09:08:55.614  3979  5979 D ConnectivityService: filterNetworkStateForUid() uid: 10158 networkInfo: [type: WIFI[] - WIFI, state: CONNECTED/CONNECTED, reason: (unspecified), extra: "WiFi 69", failover: false, available: true, roaming: false, metered: false]
09-02 09:08:55.630  3614  3927 D DnsProxyListener: DNSDBG::dns addrinfo af 2
09-02 09:08:55.637  5708  5708 W ResourceType: For resource 0x7f150274, entry index(628) is beyond type entryCount(281)
09-02 09:08:55.637  5708  5708 W ResourceType: For resource 0x7f150274, entry index(628) is beyond type entryCount(281)
09-02 09:08:55.637  5708  5708 W ResourceType: For resource 0x7f1503d5, entry index(981) is beyond type entryCount(281)
09-02 09:08:55.637  5708  5708 W ResourceType: For resource 0x7f1503c0, entry index(960) is beyond type entryCount(281)
09-02 09:08:55.644  5895  6054 I VideoCapabilities: Unsupported profile 4 for video/mp4v-es
09-02 09:08:55.668  5708  5708 W ResourceType: For resource 0x7f150278, entry index(632) is beyond type entryCount(281)
09-02 09:08:55.669  5708  5708 W ResourceType: For resource 0x7f150278, entry index(632) is beyond type entryCount(281)
09-02 09:08:55.670  5708  5708 W ResourceType: For resource 0x7f15050e, entry index(1294) is beyond type entryCount(281)
09-02 09:08:55.670  5708  5708 W ResourceType: For resource 0x7f15061f, entry index(1567) is beyond type entryCount(281)
09-02 09:08:55.670  5708  5708 W ResourceType: For resource 0x7f15061f, entry index(1567) is beyond type entryCount(281)
09-02 09:08:55.670  5708  5708 W ResourceType: For resource 0x7f15058c, entry index(1420) is beyond type entryCount(281)
09-02 09:08:55.670  5708  5708 W ResourceType: For resource 0x7f150590, entry index(1424) is beyond type entryCount(281)
09-02 09:08:55.670  5708  5708 W ResourceType: For resource 0x7f15058e, entry index(1422) is beyond type entryCount(281)
09-02 09:08:55.670  5708  5708 W ResourceType: For resource 0x7f1504c3, entry index(1219) is beyond type entryCount(281)
09-02 09:08:55.670  5708  5708 W ResourceType: For resource 0x7f15059e, entry index(1438) is beyond type entryCount(281)
09-02 09:08:55.670  5708  5708 W ResourceType: For resource 0x7f150282, entry index(642) is beyond type entryCount(281)
09-02 09:08:55.670  5708  5708 W ResourceType: For resource 0x7f1504c3, entry index(1219) is beyond type entryCount(281)
09-02 09:08:55.670  5708  5708 W ResourceType: For resource 0x7f150719, entry index(1817) is beyond type entryCount(281)
09-02 09:08:55.670  5708  5708 W ResourceType: For resource 0x7f150578, entry index(1400) is beyond type entryCount(281)
09-02 09:08:55.670  5708  5708 W ResourceType: For resource 0x7f150284, entry index(644) is beyond type entryCount(281)
09-02 09:08:55.670  5708  5708 W ResourceType: For resource 0x7f150579, entry index(1401) is beyond type entryCount(281)
09-02 09:08:55.670  5708  5708 W ResourceType: For resource 0x7f1505e7, entry index(1511) is beyond type entryCount(281)
09-02 09:08:55.670  5708  5708 W ResourceType: For resource 0x7f15071e, entry index(1822) is beyond type entryCount(281)
09-02 09:08:55.670  5708  5708 I chatty  : uid=10158(u0_a158) identical 2 lines
09-02 09:08:55.670  5708  5708 W ResourceType: For resource 0x7f15071e, entry index(1822) is beyond type entryCount(281)
09-02 09:08:55.670  5708  5708 W ResourceType: For resource 0x7f150580, entry index(1408) is beyond type entryCount(281)
09-02 09:08:55.670  5708  5708 W ResourceType: For resource 0x7f15071e, entry index(1822) is beyond type entryCount(281)
09-02 09:08:55.670  5708  5708 W ResourceType: For resource 0x7f15017b, entry index(379) is beyond type entryCount(281)
09-02 09:08:55.670  5708  5708 W ResourceType: For resource 0x7f150283, entry index(643) is beyond type entryCount(281)
09-02 09:08:55.670  5708  5708 W ResourceType: For resource 0x7f1505a2, entry index(1442) is beyond type entryCount(281)
09-02 09:08:55.670  5708  5708 W ResourceType: For resource 0x7f1506f4, entry index(1780) is beyond type entryCount(281)
09-02 09:08:55.670  5708  5708 W ResourceType: For resource 0x7f150588, entry index(1416) is beyond type entryCount(281)
09-02 09:08:55.670  5708  5708 W ResourceType: For resource 0x7f15059f, entry index(1439) is beyond type entryCount(281)
09-02 09:08:55.670  5708  5708 W ResourceType: For resource 0x7f150649, entry index(1609) is beyond type entryCount(281)
09-02 09:08:55.670  5708  5708 W ResourceType: For resource 0x7f150442, entry index(1090) is beyond type entryCount(281)
09-02 09:08:55.670  5708  5708 W ResourceType: For resource 0x7f150718, entry index(1816) is beyond type entryCount(281)
09-02 09:08:55.670  5708  5708 W ResourceType: For resource 0x7f15017c, entry index(380) is beyond type entryCount(281)
09-02 09:08:55.670  5708  5708 W ResourceType: For resource 0x7f15059d, entry index(1437) is beyond type entryCount(281)
09-02 09:08:55.670  5708  5708 W ResourceType: For resource 0x7f15020a, entry index(522) is beyond type entryCount(281)
09-02 09:08:55.670  5708  5708 W ResourceType: For resource 0x7f150586, entry index(1414) is beyond type entryCount(281)
09-02 09:08:55.670  5708  5708 W ResourceType: For resource 0x7f15071c, entry index(1820) is beyond type entryCount(281)
09-02 09:08:55.670  5708  5708 W ResourceType: For resource 0x7f1502af, entry index(687) is beyond type entryCount(281)
09-02 09:08:55.670  5708  5708 W ResourceType: For resource 0x7f150274, entry index(628) is beyond type entryCount(281)
09-02 09:08:55.670  5708  5708 W ResourceType: For resource 0x7f150244, entry index(580) is beyond type entryCount(281)
09-02 09:08:55.670  5708  5708 W ResourceType: For resource 0x7f150274, entry index(628) is beyond type entryCount(281)
09-02 09:08:55.670  5708  5708 W ResourceType: For resource 0x7f150372, entry index(882) is beyond type entryCount(281)
09-02 09:08:55.670  5708  5708 W ResourceType: For resource 0x7f15035b, entry index(859) is beyond type entryCount(281)
09-02 09:08:55.670  5708  5708 W ResourceType: For resource 0x7f15035c, entry index(860) is beyond type entryCount(281)
09-02 09:08:55.670  5708  5708 W ResourceType: For resource 0x7f1502ad, entry index(685) is beyond type entryCount(281)
09-02 09:08:55.670  5708  5708 W ResourceType: For resource 0x7f150565, entry index(1381) is beyond type entryCount(281)
09-02 09:08:55.670  5708  5708 W ResourceType: For resource 0x7f150567, entry index(1383) is beyond type entryCount(281)
09-02 09:08:55.671  5708  5708 W ResourceType: For resource 0x7f150278, entry index(632) is beyond type entryCount(281)
09-02 09:08:55.671  5708  5708 I chatty  : uid=10158(u0_a158) identical 3 lines
09-02 09:08:55.672  5708  5708 W ResourceType: For resource 0x7f150278, entry index(632) is beyond type entryCount(281)
09-02 09:08:55.672  5708  5708 W ResourceType: For resource 0x7f150728, entry index(1832) is beyond type entryCount(281)
09-02 09:08:55.674  5708  5708 I chatty  : uid=10158(u0_a158) identical 6 lines
09-02 09:08:55.674  5708  5708 W ResourceType: For resource 0x7f150728, entry index(1832) is beyond type entryCount(281)
09-02 09:08:55.682  3979  5979 D BatteryService: !@BatteryListener : batteryPropertiesChanged!
09-02 09:08:55.682  3979  5979 D BatteryService: level:100, scale:100, status:5, health:2, present:true, voltage: 4224, temperature: 255, technology: Li-ion, AC powered:false, USB powered:true, POGO powered:false, Wireless powered:false, icon:17303834, invalid charger:0, maxChargingCurrent:0, maxChargingVoltage:0, chargeCounter:0
09-02 09:08:55.683  3979  5979 D BatteryService: online:4, current avg:1, charge type:1, power sharing:false, high voltage charger:false, capacity:280000, batterySWSelfDischarging:false, misc_event:0, current_event:0, current_now:-178
09-02 09:08:55.683  3979  3979 D BatteryService: Sending ACTION_BATTERY_CHANGED.
09-02 09:08:55.685  3979  3979 D SamsungPhoneWindowManager: ACTION_BATTERY_CHANGED - Level :: 100, battStatus :: 5
09-02 09:08:55.685  3979  3979 I MotionRecognitionService: Plugged
09-02 09:08:55.685  5708  5708 W ResourceType: For resource 0x7f1506f1, entry index(1777) is beyond type entryCount(281)
09-02 09:08:55.685  3979  3979 D MotionRecognitionService:   mCableConnection= 1
09-02 09:08:55.685  5708  5708 W ResourceType: For resource 0x7f1505fc, entry index(1532) is beyond type entryCount(281)
09-02 09:08:55.685  5708  5708 W ResourceType: For resource 0x7f150141, entry index(321) is beyond type entryCount(281)
09-02 09:08:55.685  3979  3979 D MotionRecognitionService: setPowerConnected : mGripEnabled = false
09-02 09:08:55.685  5708  5708 W ResourceType: For resource 0x7f150153, entry index(339) is beyond type entryCount(281)
09-02 09:08:55.685  5708  5708 W ResourceType: For resource 0x7f1504f8, entry index(1272) is beyond type entryCount(281)
09-02 09:08:55.685  5708  5708 W ResourceType: For resource 0x7f1504f8, entry index(1272) is beyond type entryCount(281)
09-02 09:08:55.687  4349  4349 D KeyguardUpdateMonitor: received broadcast android.intent.action.BATTERY_CHANGED
09-02 09:08:55.687  5708  5708 W ResourceType: For resource 0x7f150264, entry index(612) is beyond type entryCount(281)
09-02 09:08:55.687  5708  5708 W ResourceType: For resource 0x7f150264, entry index(612) is beyond type entryCount(281)
09-02 09:08:55.687  5708  5708 W ResourceType: For resource 0x7f1503cd, entry index(973) is beyond type entryCount(281)
09-02 09:08:55.687  5708  5708 W ResourceType: For resource 0x7f1503bc, entry index(956) is beyond type entryCount(281)
09-02 09:08:55.687  5708  5708 W ResourceType: For resource 0x7f150348, entry index(840) is beyond type entryCount(281)
09-02 09:08:55.688  5708  5708 W ResourceType: For resource 0x7f150264, entry index(612) is beyond type entryCount(281)
09-02 09:08:55.688  4349  4349 D BatteryController: onReceive-ACTION_BATTERY_CHANGED : mLevel=100, mBatteryStatus=5
09-02 09:08:55.690  3979  4002 D UsbDeviceManager: handleMessage -> MSG_UPDATE_CHARGING_STATE = 1
09-02 09:08:55.694  4349  4349 D PowerUI : priorPlugType = 2 mPlugType =  2
09-02 09:08:55.695  5708  5708 W ResourceType: For resource 0x7f15050e, entry index(1294) is beyond type entryCount(281)
09-02 09:08:55.695  5708  5708 W ResourceType: For resource 0x7f15061f, entry index(1567) is beyond type entryCount(281)
09-02 09:08:55.695  5708  5708 W ResourceType: For resource 0x7f15061f, entry index(1567) is beyond type entryCount(281)
09-02 09:08:55.695  5708  5708 W ResourceType: For resource 0x7f15058c, entry index(1420) is beyond type entryCount(281)
09-02 09:08:55.695  5708  5708 W ResourceType: For resource 0x7f150590, entry index(1424) is beyond type entryCount(281)
09-02 09:08:55.695  5708  5708 W ResourceType: For resource 0x7f15058e, entry index(1422) is beyond type entryCount(281)
09-02 09:08:55.695  5708  5708 W ResourceType: For resource 0x7f1504c3, entry index(1219) is beyond type entryCount(281)
09-02 09:08:55.695  5708  5708 W ResourceType: For resource 0x7f15059e, entry index(1438) is beyond type entryCount(281)
09-02 09:08:55.695  5708  5708 W ResourceType: For resource 0x7f150282, entry index(642) is beyond type entryCount(281)
09-02 09:08:55.695  5708  5708 W ResourceType: For resource 0x7f1504c3, entry index(1219) is beyond type entryCount(281)
09-02 09:08:55.695  5708  5708 W ResourceType: For resource 0x7f150719, entry index(1817) is beyond type entryCount(281)
09-02 09:08:55.695  5708  5708 W ResourceType: For resource 0x7f150578, entry index(1400) is beyond type entryCount(281)
09-02 09:08:55.695  5708  5708 W ResourceType: For resource 0x7f150284, entry index(644) is beyond type entryCount(281)
09-02 09:08:55.695  5708  5708 W ResourceType: For resource 0x7f150579, entry index(1401) is beyond type entryCount(281)
09-02 09:08:55.695  5708  5708 W ResourceType: For resource 0x7f1505e7, entry index(1511) is beyond type entryCount(281)
09-02 09:08:55.695  5708  5708 W ResourceType: For resource 0x7f15071e, entry index(1822) is beyond type entryCount(281)
09-02 09:08:55.695  5708  5708 I chatty  : uid=10158(u0_a158) identical 2 lines
09-02 09:08:55.695  5708  5708 W ResourceType: For resource 0x7f15071e, entry index(1822) is beyond type entryCount(281)
09-02 09:08:55.695  5708  5708 W ResourceType: For resource 0x7f150580, entry index(1408) is beyond type entryCount(281)
09-02 09:08:55.695  5708  5708 W ResourceType: For resource 0x7f15071e, entry index(1822) is beyond type entryCount(281)
09-02 09:08:55.695  5708  5708 W ResourceType: For resource 0x7f15017b, entry index(379) is beyond type entryCount(281)
09-02 09:08:55.695  5708  5708 W ResourceType: For resource 0x7f150283, entry index(643) is beyond type entryCount(281)
09-02 09:08:55.695  5708  5708 W ResourceType: For resource 0x7f1505a2, entry index(1442) is beyond type entryCount(281)
09-02 09:08:55.695  5708  5708 W ResourceType: For resource 0x7f1506f4, entry index(1780) is beyond type entryCount(281)
09-02 09:08:55.695  5708  5708 W ResourceType: For resource 0x7f150588, entry index(1416) is beyond type entryCount(281)
09-02 09:08:55.695  5708  5708 W ResourceType: For resource 0x7f15059f, entry index(1439) is beyond type entryCount(281)
09-02 09:08:55.695  5708  5708 W ResourceType: For resource 0x7f150649, entry index(1609) is beyond type entryCount(281)
09-02 09:08:55.695  5708  5708 W ResourceType: For resource 0x7f150442, entry index(1090) is beyond type entryCount(281)
09-02 09:08:55.695  5708  5708 W ResourceType: For resource 0x7f150718, entry index(1816) is beyond type entryCount(281)
09-02 09:08:55.695  5708  5708 W ResourceType: For resource 0x7f15017c, entry index(380) is beyond type entryCount(281)
09-02 09:08:55.695  5708  5708 W ResourceType: For resource 0x7f15059d, entry index(1437) is beyond type entryCount(281)
09-02 09:08:55.695  5708  5708 W ResourceType: For resource 0x7f15020a, entry index(522) is beyond type entryCount(281)
09-02 09:08:55.695  5708  5708 W ResourceType: For resource 0x7f150586, entry index(1414) is beyond type entryCount(281)
09-02 09:08:55.696  5708  5708 W ResourceType: For resource 0x7f15071c, entry index(1820) is beyond type entryCount(281)
09-02 09:08:55.696  5708  5708 W ResourceType: For resource 0x7f1502af, entry index(687) is beyond type entryCount(281)
09-02 09:08:55.696  5708  5708 W ResourceType: For resource 0x7f150274, entry index(628) is beyond type entryCount(281)
09-02 09:08:55.696  5708  5708 W ResourceType: For resource 0x7f150244, entry index(580) is beyond type entryCount(281)
09-02 09:08:55.696  5708  5708 W ResourceType: For resource 0x7f150274, entry index(628) is beyond type entryCount(281)
09-02 09:08:55.696  5708  5708 W ResourceType: For resource 0x7f150372, entry index(882) is beyond type entryCount(281)
09-02 09:08:55.696  5708  5708 W ResourceType: For resource 0x7f15035b, entry index(859) is beyond type entryCount(281)
09-02 09:08:55.696  5708  5708 W ResourceType: For resource 0x7f15035c, entry index(860) is beyond type entryCount(281)
09-02 09:08:55.696  5708  5708 W ResourceType: For resource 0x7f1502ad, entry index(685) is beyond type entryCount(281)
09-02 09:08:55.696  5708  5708 W ResourceType: For resource 0x7f150565, entry index(1381) is beyond type entryCount(281)
09-02 09:08:55.696  5708  5708 W ResourceType: For resource 0x7f150567, entry index(1383) is beyond type entryCount(281)
09-02 09:08:55.696  5708  5708 W ResourceType: For resource 0x7f150264, entry index(612) is beyond type entryCount(281)
09-02 09:08:55.696  5708  5708 I chatty  : uid=10158(u0_a158) identical 1 line
09-02 09:08:55.696  5708  5708 W ResourceType: For resource 0x7f150264, entry index(612) is beyond type entryCount(281)
09-02 09:08:55.698  5708  5708 W ResourceType: For resource 0x7f150314, entry index(788) is beyond type entryCount(281)
09-02 09:08:55.698  5708  5708 W ResourceType: For resource 0x7f150314, entry index(788) is beyond type entryCount(281)
09-02 09:08:55.698  5708  5708 W ResourceType: For resource 0x7f15030d, entry index(781) is beyond type entryCount(281)
09-02 09:08:55.700  5708  5708 W ResourceType: For resource 0x7f150264, entry index(612) is beyond type entryCount(281)
09-02 09:08:55.700  5708  5708 I chatty  : uid=10158(u0_a158) identical 1 line
09-02 09:08:55.700  5708  5708 W ResourceType: For resource 0x7f150264, entry index(612) is beyond type entryCount(281)
09-02 09:08:55.700  5708  5708 W ResourceType: For resource 0x7f150314, entry index(788) is beyond type entryCount(281)
09-02 09:08:55.707  5708  5708 W ResourceType: For resource 0x7f150264, entry index(612) is beyond type entryCount(281)
09-02 09:08:55.707  5708  5708 I chatty  : uid=10158(u0_a158) identical 1 line
09-02 09:08:55.707  5708  5708 W ResourceType: For resource 0x7f150264, entry index(612) is beyond type entryCount(281)
09-02 09:08:55.707  5708  5708 W ResourceType: For resource 0x7f150314, entry index(788) is beyond type entryCount(281)
09-02 09:08:55.708  5708  5708 W ResourceType: For resource 0x7f150264, entry index(612) is beyond type entryCount(281)
09-02 09:08:55.708  5708  5708 I chatty  : uid=10158(u0_a158) identical 1 line
09-02 09:08:55.708  5708  5708 W ResourceType: For resource 0x7f150264, entry index(612) is beyond type entryCount(281)
09-02 09:08:55.708  5708  5708 W ResourceType: For resource 0x7f150314, entry index(788) is beyond type entryCount(281)
09-02 09:08:55.709  5708  5708 I zygote  : Deoptimizing int jc0.e(op9, int, int[]) due to JIT same target
09-02 09:08:55.709  5708  5708 W ResourceType: For resource 0x7f1506f1, entry index(1777) is beyond type entryCount(281)
09-02 09:08:55.710  5708  5708 I chatty  : uid=10158(u0_a158) identical 2 lines
09-02 09:08:55.710  5708  5708 W ResourceType: For resource 0x7f1506f1, entry index(1777) is beyond type entryCount(281)
09-02 09:08:55.710  5708  5708 W ResourceType: For resource 0x7f150264, entry index(612) is beyond type entryCount(281)
09-02 09:08:55.710  5895  6054 W VideoCapabilities: Unrecognized profile/level 1/32 for video/mp4v-es
09-02 09:08:55.710  5895  6054 W VideoCapabilities: Unrecognized profile/level 32768/2 for video/mp4v-es
09-02 09:08:55.710  5895  6054 W VideoCapabilities: Unrecognized profile/level 32768/64 for video/mp4v-es
09-02 09:08:55.710  5708  5708 W ResourceType: For resource 0x7f1506f1, entry index(1777) is beyond type entryCount(281)
09-02 09:08:55.710  5708  5708 I chatty  : uid=10158(u0_a158) identical 11 lines
09-02 09:08:55.710  5708  5708 W ResourceType: For resource 0x7f1506f1, entry index(1777) is beyond type entryCount(281)
