09-02 00:22:49.614  3088  3642 D StrictMode: 	at j$.util.stream.c.A(Unknown Source:15)
09-02 00:22:49.614  3088  3642 D StrictMode: 	at j$.util.stream.c.z(SourceFile:28)
09-02 00:22:49.614  3088  3642 D StrictMode: 	at j$.util.stream.c.H(Unknown Source:10)
09-02 00:22:49.614  3088  3642 D StrictMode: 	at j$.util.stream.c0.d(SourceFile:9)
09-02 00:22:49.614  3088  3642 D StrictMode: 	at j$.util.stream.c.K(SourceFile:35)
09-02 00:22:49.614  3088  3642 D StrictMode: 	at j$.util.stream.F1.allMatch(Unknown Source:6)
09-02 00:22:49.614  3088  3642 D StrictMode: 	at com.google.android.apps.gsa.publicsearch.o.a(PG:9)
09-02 00:22:49.614  3088  3642 D StrictMode: 	at com.google.android.apps.gsa.publicsearch.o.e(PG:6)
09-02 00:22:49.614  3088  3642 D StrictMode: 	at com.google.android.apps.gsa.publicsearch.d.dispatchTransaction(PG:5)
09-02 00:22:49.614  3088  3642 D StrictMode: 	at com.google.android.a.b.onTransact(PG:2)
09-02 00:22:49.614  3088  3642 D StrictMode: 	at android.os.Binder.execTransactInternal(Binder.java:1154)
09-02 00:22:49.614  3088  3642 D StrictMode: 	at android.os.Binder.execTransact(Binder.java:1123)
09-02 00:22:49.614  3088  3642 I NgaEntryPointEventSendr: (REDACTED) State changed: %s => %s
09-02 00:22:49.622  2816 14894 W ChimeraUtils: Module com.google.android.gms.nearby_en has empty metadata display_name_string_id
09-02 00:22:49.624  9906  9906 I ContactsPerf: VoicemailContentProvider.onCreate finish
09-02 00:22:49.628  2816 14894 W ChimeraUtils: Module com.google.android.gms.nearby_en has empty metadata display_name_string_id
09-02 00:22:49.629  2816 14894 W ChimeraUtils: Module com.google.android.gms.nearby_en has empty metadata display_name_string_id
09-02 00:22:49.635  7568  7640 I Finsky:background: [11622] kjt.f(3): Broadcasting <998:RUNNING:0%[0%]>.
09-02 00:22:49.657  1513  3227 D CountryDetector: The first listener is added
09-02 00:22:49.657  9906  9906 I ContactsDatabaseHelper: updateUseStrictPhoneNumberComparison: NL
09-02 00:22:49.662  9906  9906 D ActivityThread: Loading provider contacts;com.android.contacts: com.android.providers.contacts.ContactsProvider2
09-02 00:22:49.678  1513  3227 W WindowManager: Permission Denial: addWindowTokenWithOptions from pid=9624, uid=10157 requires android.permission.STATUS_BAR_SERVICE
09-02 00:22:49.678  1513  3227 W WindowManager: Permission Denial: addWindowToken() from pid=9624, uid=10157 requires android.permission.MANAGE_APP_TOKENS
09-02 00:22:49.679  9499  9567 I Icing   : Usage reports ok 2, Failed Usage reports 0, indexed 0, rejected 0
09-02 00:22:49.683  1513  3168 I system_server: oneway function results will be dropped but finished with status OK and parcel size 4
09-02 00:22:49.684  8120  8139 I PermissionControllerServiceImpl: Updating user sensitive for uid 10220
09-02 00:22:49.685  1513  3168 I system_server: oneway function results will be dropped but finished with status OK and parcel size 4
09-02 00:22:49.692  1513  3168 I chatty  : uid=1000(system) Binder:1513_F identical 2 lines
09-02 00:22:49.692  1513  3168 I system_server: oneway function results will be dropped but finished with status OK and parcel size 4
09-02 00:22:49.692  1513  1565 I RoleManagerService: Granting default roles...
09-02 00:22:49.693  1513  1565 W Looper  : Drained
09-02 00:22:49.693  8120  8139 I PermissionControllerServiceImpl: Updating user sensitive for uid 10207
09-02 00:22:49.695  1513  3168 I system_server: oneway function results will be dropped but finished with status OK and parcel size 4
09-02 00:22:49.696  1513  2013 I system_server: oneway function results will be dropped but finished with status OK and parcel size 4
09-02 00:22:49.696  1513  7910 I system_server: oneway function results will be dropped but finished with status OK and parcel size 4
09-02 00:22:49.696  9499  9567 W Icing   : Package com.android.chrome targets Android P and isn't allowed to use AppDataSearch indexing API
09-02 00:22:49.696  1513  7910 I system_server: oneway function results will be dropped but finished with status OK and parcel size 4
09-02 00:22:49.696  1513  2013 I system_server: oneway function results will be dropped but finished with status OK and parcel size 4
09-02 00:22:49.696  1513  2013 I chatty  : uid=1000(system) Binder:1513_4 identical 1 line
09-02 00:22:49.697  1513  2013 I system_server: oneway function results will be dropped but finished with status OK and parcel size 4
09-02 00:22:49.700  9624  9745 W A       : (REDACTED) %s task was not run. Callback from Service received after client was disposed.
09-02 00:22:49.701  9624  9745 W A       : (REDACTED) %s task was not run. Callback from Service received after client was disposed.
09-02 00:22:49.703  7568  8059 I Finsky:background: [11639] ncc.j(2): Reading task has started.
09-02 00:22:49.703  9624  9751 W CorpusConfigHelper: Invalid input from icing corpus JSON flag.
09-02 00:22:49.703  9624  9751 W CorpusConfigHelper: android.util.MalformedJsonException: Use JsonReader.setLenient(true) to accept malformed JSON at line 123 column 2
09-02 00:22:49.703  9624  9751 W CorpusConfigHelper: 	at android.util.JsonReader.syntaxError(JsonReader.java:1162)
09-02 00:22:49.703  9624  9751 W CorpusConfigHelper: 	at android.util.JsonReader.checkLenient(JsonReader.java:840)
09-02 00:22:49.703  9624  9751 W CorpusConfigHelper: 	at android.util.JsonReader.nextInArray(JsonReader.java:615)
09-02 00:22:49.703  9624  9751 W CorpusConfigHelper: 	at android.util.JsonReader.peek(JsonReader.java:345)
09-02 00:22:49.703  9624  9751 W CorpusConfigHelper: 	at android.util.JsonReader.hasNext(JsonReader.java:321)
09-02 00:22:49.703  9624  9751 W CorpusConfigHelper: 	at com.google.android.apps.gsa.searchbox.c.b.b.k.c(PG:7)
09-02 00:22:49.703  9624  9751 W CorpusConfigHelper: 	at com.google.android.apps.gsa.searchbox.c.b.b.k.<init>(PG:5)
09-02 00:22:49.703  9624  9751 W CorpusConfigHelper: 	at com.google.android.apps.gsa.staticplugins.searchboxroot.features.n.a.c.<init>(PG:16)
09-02 00:22:49.703  9624  9751 W CorpusConfigHelper: 	at com.google.android.apps.gsa.staticplugins.searchboxroot.b.a(PG:14)
09-02 00:22:49.703  9624  9751 W CorpusConfigHelper: 	at com.google.android.apps.gsa.staticplugins.searchboxroot.x.<init>(PG:7)
09-02 00:22:49.703  9624  9751 W CorpusConfigHelper: 	at com.google.android.apps.gsa.binaries.satin.app.ama.b(PG:16)
09-02 00:22:49.703  9624  9751 W CorpusConfigHelper: 	at dagger.a.e.b(PG:1)
09-02 00:22:49.703  9624  9751 W CorpusConfigHelper: 	at com.google.android.apps.gsa.staticplugins.searchboxroot.a.a.a(PG:3)
09-02 00:22:49.703  9624  9751 W CorpusConfigHelper: 	at com.google.android.apps.gsa.binaries.satin.app.alm.f(Unknown Source:2604)
09-02 00:22:49.703  9624  9751 W CorpusConfigHelper: 	at com.google.android.apps.gsa.binaries.satin.app.alm.b(PG:25)
09-02 00:22:49.703  9624  9751 W CorpusConfigHelper: 	at com.google.android.apps.gsa.search.core.service.h.a.c.a(PG:2)
09-02 00:22:49.703  9624  9751 W CorpusConfigHelper: 	at com.google.android.libraries.gsa.k.a.f.a(PG:2)
09-02 00:22:49.703  9624  9751 W CorpusConfigHelper: 	at com.google.common.util.concurrent.dz.a(PG:1)
09-02 00:22:49.703  9624  9751 W CorpusConfigHelper: 	at com.google.common.util.concurrent.cw.run(PG:4)
09-02 00:22:49.703  9624  9751 W CorpusConfigHelper: 	at com.google.common.util.concurrent.eb.run(PG:1)
09-02 00:22:49.703  9624  9751 W CorpusConfigHelper: 	at com.google.android.libraries.i.ad.run(PG:1)
09-02 00:22:49.703  9624  9751 W CorpusConfigHelper: 	at java.util.concurrent.ThreadPoolExecutor.runWorker(ThreadPoolExecutor.java:1167)
09-02 00:22:49.703  9624  9751 W CorpusConfigHelper: 	at java.util.concurrent.ThreadPoolExecutor$Worker.run(ThreadPoolExecutor.java:641)
09-02 00:22:49.703  9624  9751 W CorpusConfigHelper: 	at com.google.android.libraries.i.k.run(PG:2)
09-02 00:22:49.703  9624  9751 W CorpusConfigHelper: 	at com.google.android.libraries.i.p.run(PG:3)
09-02 00:22:49.703  9624  9751 W CorpusConfigHelper: 	at java.lang.Thread.run(Thread.java:923)
09-02 00:22:49.704  7568  8059 I Finsky:background: [11639] ncc.d(20): Open stream from https://play.googleapis.com/download/by-token/download?token=AOTCm0T4_DXT5_jNX3W5hFHTeuDBH2VOuHug539SeJUTmlmyyZBCgEqDH6hW5zaBMbqcNJIvu7oEfUJM1KHYPt68_Xem20qBpX-9pjh_Ucdnn7iGdp9CN3ewkVbxCE634w8W3mxdJHeNwuI833AiR0ztijDTwZFq3HIJvwYqoCfNyG8j_w6x_rEvUV3AILnVVs12HAojpQg5ZqEStKSuOeIePtvjbCSEGvJl2VscZT8z4TXNK3ZMSjm-1iUtwAHSrVV2ft5LQH28ctH7Qd3YQKJEOok9TVg06BWEs5Ner9JYNZAl-uuGHrCF8uQmp0cyQH3AZxgnLk0UxONVZGjmQWefopX4T6sHxM6jj7cdnYPt45KVvs_jJSPc2yn81ogpp9HF&cpn=xgtqpjtbgstDW5TN&isid=BI-WLeldR9K-Y19IKXQJuw&isbg=1 [byteRangeStart=0-byteRangeStop=0]
09-02 00:22:49.705  7568  8061 I Finsky:background: [11641] ncc.k(2): Writing task has started.
09-02 00:22:49.706  3088  3653 I NgaEntryPointEventSendr: (REDACTED) State changed: %s => %s (%s)
09-02 00:22:49.707  1513  3241 W ActivityManager: Unable to start service Intent { cmp=com.google.android.apps.tachyon/.clientapi.ClientApiService } U=0: not found
09-02 00:22:49.709   901  2806 I sensors-hal: [ssc_utils]get_qmi_debug_flag:244, support_qmi_debug : false
09-02 00:22:49.717  8968  9789 I BatteryMgr:DataCollectionService: stats => 1693606969717,-444946,4390
09-02 00:22:49.718  9624  9745 W A       : (REDACTED) %s task was not run. Callback from Service received after client was disposed.
09-02 00:22:49.718  9624  9745 I chatty  : uid=10157(com.google.android.googlequicksearchbox) EventBus0 identical 1 line
09-02 00:22:49.718  9624  9745 W A       : (REDACTED) %s task was not run. Callback from Service received after client was disposed.
09-02 00:22:49.719  7568  8059 D arqs    : setConnectTimeout is not supported by CronetHttpURLConnection
09-02 00:22:49.721  2062  2062 D InterruptionStateProvider: No bubble up: not allowed to bubble: 0|com.android.vending|-56862258|null|10161
09-02 00:22:49.722  9624  9745 W A       : (REDACTED) %s task was not run. Callback from Service received after client was disposed.
09-02 00:22:49.723  2062  2062 D InterruptionStateProvider: No heads up: unimportant notification: 0|com.android.vending|-56862258|null|10161
09-02 00:22:49.725  9624  9745 W SearchServiceCore: Abort, client detached.
09-02 00:22:49.726   901  1000 W ASH     : @ 52156.178: Unhandled msg ID 999: line 1277
09-02 00:22:49.726   901  1000 E ASH     : @ 52156.178: No pb callback assigned
09-02 00:22:49.726   901  1000 E ASH     : @ 52156.178: Nanopb error: callback failed:1588
09-02 00:22:49.728  9906  9934 D ContactsDatabaseHelper: WAL enabled for contacts2.db: true
09-02 00:22:49.729  9624  9745 I HttpStreamingTapasSearc: (REDACTED) taskGraphFactory: %s#%d
09-02 00:22:49.730  9624  9775 I PBSessionCacheImpl: (REDACTED) Deleted sessionId[%d] from persistence.
09-02 00:22:49.731  9499  9567 I GmsCoreXrpcWrapper: (REDACTED) Returning a channel provider with trafficStatsTag=%d trafficStatsUid=%d
09-02 00:22:49.733  9624  9745 I MicroDetectionState: (REDACTED) Should stop hotword detection immediately - %b
09-02 00:22:49.734  9624  9745 I A       : getLocaleToModelSpecsMap
09-02 00:22:49.734  9624  9745 I A       : Using proto config with mendel
09-02 00:22:49.734  9624  9745 I A       : getLocaleToModelSpecsMap
09-02 00:22:49.734  9624  9745 I A       : Using proto config with mendel
09-02 00:22:49.738   901  2806 I sensors-hal: [ssc_utils]get_qmi_debug_flag:244, support_qmi_debug : false
09-02 00:22:49.747  9499  9804 I Icing   : IndexChimeraService.getServiceInterface callingPackage=com.google.android.googlequicksearchbox componentName=null serviceId=36
09-02 00:22:49.762  9499  9567 I Icing   : Usage reports ok 0, Failed Usage reports 0, indexed 0, rejected 0
09-02 00:22:49.764  9499  9567 I GmsCoreXrpcWrapper: (REDACTED) Returning a channel provider with trafficStatsTag=%d trafficStatsUid=%d
09-02 00:22:49.766   901  1000 W ASH     : @ 52156.218: Unhandled msg ID 999: line 1277
09-02 00:22:49.766   901  1000 E ASH     : @ 52156.218: No pb callback assigned
09-02 00:22:49.766   901  1000 E ASH     : @ 52156.218: Nanopb error: callback failed:1588
09-02 00:22:49.783 10955 10955 I Finsky  : [2] txh.d(6): RM: receive resource status onProgress config.xxhdpi reason: auto_update isid: BI-WLeldR9K-Y19IKXQJuw, 2, 192, size: 0/12174
09-02 00:22:49.784 10955 10955 I Finsky  : [2] DownloadServiceReceiver.c(4): DSR: Download completion broadcast received by main process
09-02 00:22:49.784 10955 10955 I Finsky  : [2] txh.f(6): RM: receive resource status onSuccess config.xxhdpi reason: auto_update isid: BI-WLeldR9K-Y19IKXQJuw, 3, 200, size: 12174/12174
09-02 00:22:49.785  9499  9567 I Icing   : Usage reports ok 0, Failed Usage reports 0, indexed 0, rejected 0
09-02 00:22:49.792  7568  8059 D arqs    : setConnectTimeout is not supported by CronetHttpURLConnection
09-02 00:22:49.793 10955 10955 I Finsky  : [2] txh.d(6): RM: receive resource status onProgress com.google.android.apps.recorder.dm reason: auto_update isid: BI-WLeldR9K-Y19IKXQJuw, 2, 192, size: 0/20730
09-02 00:22:49.794  1513  1565 W Looper  : Slow dispatch took 101ms android.fg h=com.android.server.AppStateTracker$MyHandler c=null m=0
09-02 00:22:49.798  9499  9567 I GmsCoreXrpcWrapper: (REDACTED) Returning a channel provider with trafficStatsTag=%d trafficStatsUid=%d
09-02 00:22:49.808  2062  2062 D InterruptionStateProvider: No bubble up: not allowed to bubble: 0|com.android.vending|-56862258|null|10161
09-02 00:22:49.809  2062  2062 D InterruptionStateProvider: No heads up: unimportant notification: 0|com.android.vending|-56862258|null|10161
09-02 00:22:49.812 10955 11012 I Finsky  : [5228] jxl.f(1): getDownload(997)
09-02 00:22:49.813  7568  9530 I Finsky:background: [11658] jui.e(1): getDownload(request_id=997)
09-02 00:22:49.813  7568  7640 I Finsky:background: [11622] jui.d(21): onGetDownload(request_id=997, files_to_download=1, group_id=com.google.android.apps.recorder, display_data[invisible=false, title=Recorder], network_restrictions=2, status=succeeded, bytes_downloaded=12174, total_bytes=12174, retry[count=0, next_retry=n/a])
09-02 00:22:49.816  9499  9567 I Icing   : Usage reports ok 0, Failed Usage reports 0, indexed 0, rejected 0
09-02 00:22:49.821  8968  9789 I BatteryMgr:DataCollectionService: stats => 1693606969821,-545959,4390
09-02 00:22:49.823   901  2806 I sensors-hal: [ssc_utils]get_qmi_debug_flag:244, support_qmi_debug : false
09-02 00:22:49.829   592   686 W HWComposer: Ignoring duplicate VSYNC event from HWC for display 19260504575090817 (t=52153055178000)
09-02 00:22:49.831   901  2806 I sensors-hal: [ssc_utils]get_qmi_debug_flag:244, support_qmi_debug : false
09-02 00:22:49.832 10955 11011 I Finsky  : [5227] jxl.f(1): getDownload(997)
09-02 00:22:49.832 10955 11013 I Finsky  : [5229] jxl.f(1): getDownload(998)
09-02 00:22:49.833 10955  8046 I Finsky  : [5636] ggj.accept(221): IV2: onTaskProgress com.google.android.apps.recorder[iid:130] [isid:BI-WLeldR9K-Y19IKXQJuw] status:4, size: 11090699/11111429
09-02 00:22:49.833  7568  9530 I Finsky:background: [11658] jui.e(1): getDownload(request_id=997)
09-02 00:22:49.833  7568  9402 I Finsky:background: [11657] jui.e(1): getDownload(request_id=998)
09-02 00:22:49.833 10955  7512 I Finsky  : [5592] hlp.run(6): DU: Stored data usage stats for package com.google.android.apps.recorder; completed bytes: 12174.
09-02 00:22:49.834  7568  7640 I Finsky:background: [11622] jui.d(21): onGetDownload(request_id=997, files_to_download=1, group_id=com.google.android.apps.recorder, display_data[invisible=false, title=Recorder], network_restrictions=2, status=succeeded, bytes_downloaded=12174, total_bytes=12174, retry[count=0, next_retry=n/a])
09-02 00:22:49.835  7568  7640 I Finsky:background: [11622] jui.d(21): onGetDownload(request_id=998, files_to_download=1, group_id=com.google.android.apps.recorder, display_data[invisible=false, title=Recorder], network_restrictions=2, status=running, bytes_downloaded=0, total_bytes=20730, retry[count=0, next_retry=n/a])
09-02 00:22:49.837  9906  9934 I ContactLocale: AddressBook Labels [[en_US]]: […, A, B, C, D, E, F, G, H, I, J, K, L, M, N, O, P, Q, R, S, T, U, V, W, X, Y, Z, Α, Β, Γ, Δ, Ε, Ζ, Η, Θ, Ι, Κ, Λ, Μ, Ν, Ξ, Ο, Π, Ρ, Σ, Τ, Υ, Φ, Χ, Ψ, Ω, …, А, Б, В, Г, Д, Ђ, Е, Є, Ж, З, И, І, Й, Ј, К, Л, Љ, М, Н, Њ, О, П, Р, С, Т, Ћ, У, Ф, Х, Ц, Ч, Џ, Ш, Щ, Ю, Я, …, א, ב, ג, ד, ה, ו, ז, ח, ט, י, כ, ל, מ, נ, ס, ע, פ, צ, ק, ר, ש, ת, …, ا, ب, ت, ث, ج, ح, خ, د, ذ, ر, ز, س, ش, ص, ض, ط, ظ, ع, غ, ف, ق, ك, ل, م, ن, ه, و, ي, …, ก, ข, ฃ, ค, ฅ, ฆ, ง, จ, ฉ, ช, ซ, ฌ, ญ, ฎ, ฏ, ฐ, ฑ, ฒ, ณ, ด, ต, ถ, ท, ธ, น, บ, ป, ผ, ฝ, พ, ฟ, ภ, ม, ย, ร, ฤ, ล, ฦ, ว, ศ, ษ, ส, ห, ฬ, อ, ฮ, …, ㄱ, ㄴ, ㄷ, ㄹ, ㅁ, ㅂ, ㅅ, ㅇ, ㅈ, ㅊ, ㅋ, ㅌ, ㅍ, ㅎ, …, あ, か, さ, た, な, は, ま, や, ら, わ, #, …]
09-02 00:22:49.838 10955  8046 I Finsky  : [5636] ggj.accept(221): IV2: onTaskProgress com.google.android.apps.recorder[iid:130] [isid:BI-WLeldR9K-Y19IKXQJuw] status:4, size: 11090699/11111429
09-02 00:22:49.838 10955  8046 I Finsky  : [5636] ggj.accept(221): IV2: onTaskProgress com.google.android.apps.recorder[iid:130] [isid:BI-WLeldR9K-Y19IKXQJuw] status:4, size: 11090699/11111429
09-02 00:22:49.841   592   686 W HWComposer: Ignoring duplicate VSYNC event from HWC for display 19260504575090817 (t=52153066286000)
09-02 00:22:49.843 10955 11031 I Finsky  : [5239] tvb.a(201): RF: starting postprocessing for config.xxhdpi
09-02 00:22:49.843 10955 11031 I Finsky  : [5239] nwr.a(67): RF::PP-Patch: starting to apply patch for com.google.android.apps.recorder[iid:130] [isid:BI-WLeldR9K-Y19IKXQJuw] [tid: 1000000130].
09-02 00:22:49.846   901  1000 W ASH     : @ 52156.298: Unhandled msg ID 999: line 1277
09-02 00:22:49.846   901  1000 E ASH     : @ 52156.298: No pb callback assigned
09-02 00:22:49.846   901  1000 E ASH     : @ 52156.298: Nanopb error: callback failed:1588
09-02 00:22:49.855  9906  9935 D ContactsDatabaseHelper: WAL enabled for profile.db: false
09-02 00:22:49.857   592   686 W HWComposer: Ignoring duplicate VSYNC event from HWC for display 19260504575090817 (t=52153082991000)
09-02 00:22:49.874   592   686 W HWComposer: Ignoring duplicate VSYNC event from HWC for display 19260504575090817 (t=52153099623000)
09-02 00:22:49.876 10955  8046 I Finsky  : [5636] ggj.accept(221): IV2: onTaskProgress com.google.android.apps.recorder[iid:130] [isid:BI-WLeldR9K-Y19IKXQJuw] status:4, size: 11090699/11111429
09-02 00:22:49.877 10955  8015 I Finsky  : [5631] mww.M(2): IQ: Notifying installation update. [Package:com.google.android.apps.recorder, isid:BI-WLeldR9K-Y19IKXQJuw], status=DOWNLOADING
09-02 00:22:49.885   592   686 W HWComposer: Ignoring duplicate VSYNC event from HWC for display 19260504575090817 (t=52153110748000)
09-02 00:22:49.891 10955 10955 I Finsky  : [2] teb.abt(4): PIM: Ignore install package event for: com.google.android.apps.recorder, isid: BI-WLeldR9K-Y19IKXQJuw
09-02 00:22:49.894 10955 10955 I Finsky  : [2] mgn.u(12): IT: DL session turned off due to Incremental install not requested: com.google.android.apps.recorder
09-02 00:22:49.896   592   686 W HWComposer: Ignoring duplicate VSYNC event from HWC for display 19260504575090817 (t=52153121853000)
09-02 00:22:49.898 10955 10955 I Finsky  : [2] mvx.apply(47): IQ::HLD: Ongoing hold off applicable installs: [[Package:com.google.android.apps.recorder, isid:BI-WLeldR9K-Y19IKXQJuw]]
09-02 00:22:49.903  2062  2062 D InterruptionStateProvider: No bubble up: not allowed to bubble: 0|com.android.vending|-56862258|null|10161
09-02 00:22:49.903  2062  2062 D InterruptionStateProvider: No heads up: unimportant notification: 0|com.android.vending|-56862258|null|10161
09-02 00:22:49.907   592   686 W HWComposer: Ignoring duplicate VSYNC event from HWC for display 19260504575090817 (t=52153132971000)
09-02 00:22:49.916 10955  8015 I Finsky  : [5631] mww.M(2): IQ: Notifying installation update. [Package:com.google.android.apps.recorder, isid:BI-WLeldR9K-Y19IKXQJuw], status=DOWNLOADING
09-02 00:22:49.916   901  2806 I sensors-hal: [ssc_utils]get_qmi_debug_flag:244, support_qmi_debug : false
09-02 00:22:49.918   592   686 W HWComposer: Ignoring duplicate VSYNC event from HWC for display 19260504575090817 (t=52153144079000)
09-02 00:22:49.918   592   686 W HWComposer: Ignoring duplicate VSYNC event from HWC for display 19260504575090817 (t=52153144079000)
09-02 00:22:49.924  8968  9789 I BatteryMgr:DataCollectionService: stats => 1693606969924,-395202,4390
09-02 00:22:49.926   901  1000 W ASH     : @ 52156.378: Unhandled msg ID 999: line 1277
09-02 00:22:49.926   901  1000 E ASH     : @ 52156.378: No pb callback assigned
09-02 00:22:49.926   901  1000 E ASH     : @ 52156.378: Nanopb error: callback failed:1588
09-02 00:22:49.929   901  2806 I sensors-hal: [ssc_utils]get_qmi_debug_flag:244, support_qmi_debug : false
09-02 00:22:49.929   592   686 W HWComposer: Ignoring duplicate VSYNC event from HWC for display 19260504575090817 (t=52153155196000)
09-02 00:22:49.938 10955 10955 I Finsky  : [2] teb.abt(4): PIM: Ignore install package event for: com.google.android.apps.recorder, isid: BI-WLeldR9K-Y19IKXQJuw
09-02 00:22:49.939 10955 10955 I Finsky  : [2] mgn.u(12): IT: DL session turned off due to Incremental install not requested: com.google.android.apps.recorder
09-02 00:22:49.946   592   686 W HWComposer: Ignoring duplicate VSYNC event from HWC for display 19260504575090817 (t=52153171905000)
09-02 00:22:49.948 10955  8015 I Finsky  : [5631] mww.M(2): IQ: Notifying installation update. [Package:com.google.android.apps.recorder, isid:BI-WLeldR9K-Y19IKXQJuw], status=DOWNLOADING
09-02 00:22:49.963   592   686 W HWComposer: Ignoring duplicate VSYNC event from HWC for display 19260504575090817 (t=52153188536000)
09-02 00:22:49.966   901  1000 W ASH     : @ 52156.418: Unhandled msg ID 999: line 1277
09-02 00:22:49.966   901  1000 E ASH     : @ 52156.418: No pb callback assigned
09-02 00:22:49.966   901  1000 E ASH     : @ 52156.418: Nanopb error: callback failed:1588
09-02 00:22:49.968 10955 10955 I Finsky  : [2] mvx.apply(47): IQ::HLD: Ongoing hold off applicable installs: [[Package:com.google.android.apps.recorder, isid:BI-WLeldR9K-Y19IKXQJuw]]
09-02 00:22:49.973 10955 10955 I Finsky  : [2] teb.abt(4): PIM: Ignore install package event for: com.google.android.apps.recorder, isid: BI-WLeldR9K-Y19IKXQJuw
09-02 00:22:49.974   592   686 W HWComposer: Ignoring duplicate VSYNC event from HWC for display 19260504575090817 (t=52153199653000)
09-02 00:22:49.975 10955 10955 I Finsky  : [2] mgn.u(12): IT: DL session turned off due to Incremental install not requested: com.google.android.apps.recorder
09-02 00:22:49.980  7568  7640 I Finsky:background: [11622] kjt.f(3): Broadcasting <998:RUNNING:0%[0%]>.
09-02 00:22:49.985   592   686 W HWComposer: Ignoring duplicate VSYNC event from HWC for display 19260504575090817 (t=52153210769000)
09-02 00:22:49.985  9499  9567 I GmsCoreXrpcWrapper: (REDACTED) Returning a channel provider with trafficStatsTag=%d trafficStatsUid=%d
09-02 00:22:49.989 10955  8015 I Finsky  : [5631] mww.M(2): IQ: Notifying installation update. [Package:com.google.android.apps.recorder, isid:BI-WLeldR9K-Y19IKXQJuw], status=DOWNLOADING
09-02 00:22:49.994 10955 10955 I Finsky  : [2] txh.d(6): RM: receive resource status onProgress com.google.android.apps.recorder.dm reason: auto_update isid: BI-WLeldR9K-Y19IKXQJuw, 2, 192, size: 0/20730
09-02 00:22:49.994 10955 10955 I Finsky  : [2] mvx.apply(47): IQ::HLD: Ongoing hold off applicable installs: [[Package:com.google.android.apps.recorder, isid:BI-WLeldR9K-Y19IKXQJuw]]
09-02 00:22:49.996   592   686 W HWComposer: Ignoring duplicate VSYNC event from HWC for display 19260504575090817 (t=52153221885000)
09-02 00:22:50.001 10955 11011 I Finsky  : [5227] jxl.f(1): getDownload(998)
09-02 00:22:50.001  7568  9402 I Finsky:background: [11657] jui.e(1): getDownload(request_id=998)
09-02 00:22:50.006   901  2806 I sensors-hal: [ssc_utils]get_qmi_debug_flag:244, support_qmi_debug : false
09-02 00:22:50.009 10955 10955 I Finsky  : [2] teb.abt(4): PIM: Ignore install package event for: com.google.android.apps.recorder, isid: BI-WLeldR9K-Y19IKXQJuw
09-02 00:22:50.013 10955 10955 I Finsky  : [2] mgn.u(12): IT: DL session turned off due to Incremental install not requested: com.google.android.apps.recorder
09-02 00:22:50.019 10955 10955 I Finsky  : [2] mvx.apply(47): IQ::HLD: Ongoing hold off applicable installs: [[Package:com.google.android.apps.recorder, isid:BI-WLeldR9K-Y19IKXQJuw]]
09-02 00:22:50.020  9499  9567 I Icing   : Usage reports ok 0, Failed Usage reports 0, indexed 0, rejected 0
09-02 00:22:50.022  2816 26607 W ChimeraUtils: Module com.google.android.gms.nearby_en has empty metadata display_name_string_id
09-02 00:22:50.024  9499  9567 W Icing   : Package com.android.chrome targets Android P and isn't allowed to use AppDataSearch indexing API
09-02 00:22:50.032  9624  9873 I A       : (REDACTED) Scheduled one-off task for batch; batchId=%d taskId=%d corpora=[%s]
09-02 00:22:50.032  9624  9873 I A       : (REDACTED) Pending callbacks: %d
09-02 00:22:50.032  8968  9789 I BatteryMgr:DataCollectionService: stats => 1693606970032,-428161,4390
09-02 00:22:50.036  2816 26607 W ChimeraUtils: Module com.google.android.gms.nearby_en has empty metadata display_name_string_id
09-02 00:22:50.037  7568  7640 I Finsky:background: [11622] jui.d(21): onGetDownload(request_id=998, files_to_download=1, group_id=com.google.android.apps.recorder, display_data[invisible=false, title=Recorder], network_restrictions=2, status=running, bytes_downloaded=0, total_bytes=20730, retry[count=0, next_retry=n/a])
09-02 00:22:50.040 10955  8046 I Finsky  : [5636] ggj.accept(221): IV2: onTaskProgress com.google.android.apps.recorder[iid:130] [isid:BI-WLeldR9K-Y19IKXQJuw] status:4, size: 11090699/11111429
09-02 00:22:50.042  2816 26607 W ChimeraUtils: Module com.google.android.gms.nearby_en has empty metadata display_name_string_id
09-02 00:22:50.044  7568  7640 I Finsky:background: [11622] kjt.f(3): Broadcasting <998:SUCCEEDED>.
09-02 00:22:50.046 10955 10955 I Finsky  : [2] DownloadServiceReceiver.c(4): DSR: Download completion broadcast received by main process
09-02 00:22:50.046 10955 10955 I Finsky  : [2] txh.f(6): RM: receive resource status onSuccess com.google.android.apps.recorder.dm reason: auto_update isid: BI-WLeldR9K-Y19IKXQJuw, 3, 200, size: 20730/20730
09-02 00:22:50.047   901  1000 W ASH     : @ 52156.498: Unhandled msg ID 999: line 1277
09-02 00:22:50.047   901  1000 E ASH     : @ 52156.498: No pb callback assigned
09-02 00:22:50.047   901  1000 E ASH     : @ 52156.498: Nanopb error: callback failed:1588
09-02 00:22:50.051 10955  8015 I Finsky  : [5631] mww.M(2): IQ: Notifying installation update. [Package:com.google.android.apps.recorder, isid:BI-WLeldR9K-Y19IKXQJuw], status=DOWNLOADING
09-02 00:22:50.062  9499  9567 I GmsCoreXrpcWrapper: (REDACTED) Returning a channel provider with trafficStatsTag=%d trafficStatsUid=%d
09-02 00:22:50.066  9624  9624 I BgTaskExecutorImpl: (REDACTED) Starting %s background task %s.
09-02 00:22:50.067 10955 11012 I Finsky  : [5228] jxl.f(1): getDownload(998)
09-02 00:22:50.069 10955 10955 I Finsky  : [2] teb.abt(4): PIM: Ignore install package event for: com.google.android.apps.recorder, isid: BI-WLeldR9K-Y19IKXQJuw
09-02 00:22:50.070 10955 10955 I Finsky  : [2] mgn.u(12): IT: DL session turned off due to Incremental install not requested: com.google.android.apps.recorder
09-02 00:22:50.070  7568  9402 I Finsky:background: [11657] jui.e(1): getDownload(request_id=998)
09-02 00:22:50.073  7568  7640 I Finsky:background: [11622] jui.d(21): onGetDownload(request_id=998, files_to_download=1, group_id=com.google.android.apps.recorder, display_data[invisible=false, title=Recorder], network_restrictions=2, status=succeeded, bytes_downloaded=20730, total_bytes=20730, retry[count=0, next_retry=n/a])
09-02 00:22:50.074 10955 10955 I Finsky  : [2] mvx.apply(47): IQ::HLD: Ongoing hold off applicable installs: [[Package:com.google.android.apps.recorder, isid:BI-WLeldR9K-Y19IKXQJuw]]
09-02 00:22:50.076 10955  7512 I Finsky  : [5592] hlp.run(6): DU: Stored data usage stats for package com.google.android.apps.recorder; completed bytes: 20730.
09-02 00:22:50.080 10955  8046 I Finsky  : [5636] ggj.accept(221): IV2: onTaskProgress com.google.android.apps.recorder[iid:130] [isid:BI-WLeldR9K-Y19IKXQJuw] status:4, size: 11111429/11111429
09-02 00:22:50.083  9499  9567 I Icing   : Usage reports ok 0, Failed Usage reports 0, indexed 0, rejected 0
09-02 00:22:50.084 10955 11057 I Finsky  : [5249] tvb.a(201): RF: starting postprocessing for com.google.android.apps.recorder.dm
09-02 00:22:50.084 10955 11057 I Finsky  : [5249] nwr.a(77): RF::PP-Copy: starting to copy for com.google.android.apps.recorder[iid:130] [isid:BI-WLeldR9K-Y19IKXQJuw] [tid: 1000000130].
09-02 00:22:50.087 10955  8046 I Finsky  : [5636] ggj.accept(221): IV2: onTaskProgress com.google.android.apps.recorder[iid:130] [isid:BI-WLeldR9K-Y19IKXQJuw] status:4, size: 11111429/11111429
09-02 00:22:50.087   901  1000 I ASH     : @ 52156.539: tcs3701: ADC is saturated, removed sample from FIFO.
09-02 00:22:50.091 10955  8015 I Finsky  : [5631] mww.M(2): IQ: Notifying installation update. [Package:com.google.android.apps.recorder, isid:BI-WLeldR9K-Y19IKXQJuw], status=DOWNLOADING
09-02 00:22:50.098 10955 10955 I Finsky  : [2] teb.abt(4): PIM: Ignore install package event for: com.google.android.apps.recorder, isid: BI-WLeldR9K-Y19IKXQJuw
09-02 00:22:50.098 10955  8015 I Finsky  : [5631] mww.M(2): IQ: Notifying installation update. [Package:com.google.android.apps.recorder, isid:BI-WLeldR9K-Y19IKXQJuw], status=DOWNLOADING
09-02 00:22:50.099 10955 10955 I Finsky  : [2] mgn.u(12): IT: DL session turned off due to Incremental install not requested: com.google.android.apps.recorder
09-02 00:22:50.110 10955 10955 I Finsky  : [2] mvx.apply(47): IQ::HLD: Ongoing hold off applicable installs: [[Package:com.google.android.apps.recorder, isid:BI-WLeldR9K-Y19IKXQJuw]]
09-02 00:22:50.113 10955 10955 I Finsky  : [2] teb.abt(4): PIM: Ignore install package event for: com.google.android.apps.recorder, isid: BI-WLeldR9K-Y19IKXQJuw
09-02 00:22:50.114 10955 10955 I Finsky  : [2] mgn.u(12): IT: DL session turned off due to Incremental install not requested: com.google.android.apps.recorder
09-02 00:22:50.116  9499  9567 I Icing   : Indexing com.google.android.gms-apps from com.google.android.gms
09-02 00:22:50.117 10955 10955 I Finsky  : [2] mvx.apply(47): IQ::HLD: Ongoing hold off applicable installs: [[Package:com.google.android.apps.recorder, isid:BI-WLeldR9K-Y19IKXQJuw]]
09-02 00:22:50.131  9499  9567 I Icing   : Indexing done com.google.android.gms-apps
09-02 00:22:50.132  9499  9567 I Icing   : Indexing com.google.android.gms-apps from com.google.android.gms
09-02 00:22:50.133  9499  9567 I Icing   : Indexing done com.google.android.gms-apps
09-02 00:22:50.135  8968  9789 I BatteryMgr:DataCollectionService: stats => 1693606970135,-328674,4390
09-02 00:22:50.136  9499  9567 I Icing   : Indexing com.google.android.gms-apps from com.google.android.gms
09-02 00:22:50.138  9499  9567 I Icing   : Indexing done com.google.android.gms-apps
09-02 00:22:50.162  9499  9567 I Icing   : Indexing com.google.android.gms-apps from com.google.android.gms
09-02 00:22:50.167   901  1000 D VSC     : @ 52156.618: [WO] tilt angle 89
09-02 00:22:50.170  9499  9567 I Icing   : Indexing done com.google.android.gms-apps
09-02 00:22:50.170  9499  9567 I Icing   : Indexing com.google.android.gms-apps from com.google.android.gms
09-02 00:22:50.170  9499  9567 I Icing   : Indexing done com.google.android.gms-apps
09-02 00:22:50.236  2062  2062 D InterruptionStateProvider: No bubble up: not allowed to bubble: 0|com.android.vending|-56862258|null|10161
09-02 00:22:50.236  2062  2062 D InterruptionStateProvider: No heads up: unimportant notification: 0|com.android.vending|-56862258|null|10161
09-02 00:22:50.239  8968  9789 I BatteryMgr:DataCollectionService: stats => 1693606970239,-278930,4390
09-02 00:22:50.249   901  2806 I sensors-hal: [ssc_utils]get_qmi_debug_flag:244, support_qmi_debug : false
09-02 00:22:50.281  2062  2062 D InterruptionStateProvider: No bubble up: not allowed to bubble: 0|com.android.vending|-56862258|null|10161
09-02 00:22:50.282  2062  2062 D InterruptionStateProvider: No heads up: unimportant notification: 0|com.android.vending|-56862258|null|10161
09-02 00:22:50.287   901  1000 W ASH     : @ 52156.738: Unhandled msg ID 999: line 1277
09-02 00:22:50.287   901  1000 E ASH     : @ 52156.738: No pb callback assigned
09-02 00:22:50.287   901  1000 E ASH     : @ 52156.738: Nanopb error: callback failed:1588
09-02 00:22:50.298  9624  9743 W A       : (REDACTED) Config group is not stored for group %s
09-02 00:22:50.301  9624  9739 W A       : (REDACTED) Config group is not stored for group %s
09-02 00:22:50.304  9624  9738 W A       : (REDACTED) Config group is not stored for group %s
09-02 00:22:50.305  9624  9738 W A       : (REDACTED) Config group is not stored for group %s
09-02 00:22:50.312  9624  9739 W A       : (REDACTED) Config group is not stored for group %s
09-02 00:22:50.313  9624  9739 W A       : (REDACTED) Config group is not stored for group %s
09-02 00:22:50.318  9624  9743 W A       : (REDACTED) Config group is not stored for group %s
09-02 00:22:50.323  9624  9743 I chatty  : uid=10157(com.google.android.googlequicksearchbox) BG Thread #2 identical 3 lines
09-02 00:22:50.325  9624  9743 W A       : (REDACTED) Config group is not stored for group %s
09-02 00:22:50.344  8968  9789 I BatteryMgr:DataCollectionService: stats => 1693606970344,-358581,4390
09-02 00:22:50.344  9624  9739 W A       : (REDACTED) Config group is not stored for group %s
09-02 00:22:50.345  9624  9739 I chatty  : uid=10157(com.google.android.googlequicksearchbox) BG Thread #1 identical 3 lines
09-02 00:22:50.346  9624  9739 W A       : (REDACTED) Config group is not stored for group %s
09-02 00:22:50.360  9624  9743 W A       : (REDACTED) Config group is not stored for group %s
09-02 00:22:50.363  9624  9775 I Search.LoginHelperImpl: (REDACTED) Successfully received auth token for scope: %s in time %d ms
09-02 00:22:50.368  9624  9762 I A       : (REDACTED) Starting batch sync for corpora: %s
09-02 00:22:50.379   901  2806 I sensors-hal: [ssc_utils]get_qmi_debug_flag:244, support_qmi_debug : false
09-02 00:22:50.406   901  1000 W ASH     : @ 52156.858: Unhandled msg ID 999: line 1277
09-02 00:22:50.406   901  1000 E ASH     : @ 52156.858: No pb callback assigned
09-02 00:22:50.406   901  1000 E ASH     : @ 52156.858: Nanopb error: callback failed:1588
09-02 00:22:50.413  9624  9763 I A       : (REDACTED) Flag controlled groups: %s
09-02 00:22:50.413  9624  9763 I A       : (REDACTED) Required groups: %s
09-02 00:22:50.447  8968  9789 I BatteryMgr:DataCollectionService: stats => 1693606970447,-314026,4390
09-02 00:22:50.475  9624  9968 I DeviceCapHelper: (REDACTED) Adding surface identity to the device capabilities for surface %s.
09-02 00:22:50.550  8968  9789 I BatteryMgr:DataCollectionService: stats => 1693606970550,-440674,4390
09-02 00:22:50.603  9624  9966 I A       : (REDACTED) The syncToken for corpus %s is %s.
09-02 00:22:50.653  8968  9789 I BatteryMgr:DataCollectionService: stats => 1693606970653,-167236,4390
09-02 00:22:50.756  8968  9789 I BatteryMgr:DataCollectionService: stats => 1693606970756,-469971,4390
09-02 00:22:50.862  8968  9789 I BatteryMgr:DataCollectionService: stats => 1693606970862,-372925,4390
09-02 00:22:50.950  9624  9966 E MDD     : FileGroupManager: Trying to add expired group webref-model-nga.
09-02 00:22:50.950  9624  9966 W MDD     : MDDManager class com.google.android.libraries.mdi.download.d.aa
09-02 00:22:50.953  9624  9738 E MDD     : GddFileGroupPopulator: GDD Sync failed for corpus: GDD_WEBREF_NGA, configuration: GddWebrefNga
09-02 00:22:50.953  9624  9738 E MDD     : com.google.android.libraries.mdi.download.bp: refresh failed [GDD_FAIL_IN_SYNC_RUNNER_PRIVATE]
09-02 00:22:50.953  9624  9738 E MDD     : 	at com.google.android.libraries.mdi.download.bn.a(PG:2)
09-02 00:22:50.953  9624  9738 E MDD     : 	at com.google.android.libraries.mdi.download.h.b.am.apply(PG:2)
09-02 00:22:50.953  9624  9738 E MDD     : 	at com.google.apps.tiktok.tracing.el.apply(PG:3)
09-02 00:22:50.953  9624  9738 E MDD     : 	at com.google.common.util.concurrent.a.e(PG:2)
09-02 00:22:50.953  9624  9738 E MDD     : 	at com.google.common.util.concurrent.c.run(PG:11)
09-02 00:22:50.953  9624  9738 E MDD     : 	at com.google.android.libraries.i.ad.run(PG:1)
09-02 00:22:50.953  9624  9738 E MDD     : 	at java.util.concurrent.ThreadPoolExecutor.runWorker(ThreadPoolExecutor.java:1167)
09-02 00:22:50.953  9624  9738 E MDD     : 	at java.util.concurrent.ThreadPoolExecutor$Worker.run(ThreadPoolExecutor.java:641)
09-02 00:22:50.953  9624  9738 E MDD     : 	at com.google.android.libraries.i.k.run(PG:2)
09-02 00:22:50.953  9624  9738 E MDD     : 	at com.google.android.libraries.i.p.run(PG:3)
09-02 00:22:50.953  9624  9738 E MDD     : 	at java.lang.Thread.run(Thread.java:923)
09-02 00:22:50.953  9624  9738 E MDD     : Caused by: com.google.android.libraries.geller.f.bm: Failed to commit downloads to the corpora storage: com.google.android.libraries.mdi.download.d.aa
09-02 00:22:50.953  9624  9738 E MDD     : 	at com.google.android.libraries.geller.f.ba.a(PG:22)
09-02 00:22:50.953  9624  9738 E MDD     : 	at com.google.apps.tiktok.tracing.eh.a(PG:3)
09-02 00:22:50.953  9624  9738 E MDD     : 	at com.google.common.util.concurrent.bc.a(PG:1)
09-02 00:22:50.953  9624  9738 E MDD     : 	at com.google.common.util.concurrent.cw.run(PG:4)
09-02 00:22:50.953  9624  9738 E MDD     : 	... 6 more
09-02 00:22:50.954  9624  9763 I A       : (REDACTED) Batch succeeded; batchId=%d taskId=%d
09-02 00:22:50.955  3088  3656 I NLUFF   : Incoming RPC updateGellerData [CONTEXT rpc_id=257 ]
09-02 00:22:50.955  3088  3656 I NLUFF   : RPC processing completed [CONTEXT rpc_id=257 ]
09-02 00:22:50.955  9624  9763 I A       : (REDACTED) Starting batch sync for corpora: %s
09-02 00:22:50.956  9624  9763 I A       : NGA Sync: beginOnDataPresent
09-02 00:22:50.956  9624  9763 I A       : (REDACTED) NGA Sync: isNgaSyncEnabled: %s; enableFileGroupPopulator: %s; requiresMddAssets: %s
09-02 00:22:50.960  3088  3620 I A       : (REDACTED) Fetching group %s as %s from APA Datadownload's gRPC.
09-02 00:22:50.960  3088  3589 I A       : (REDACTED) Fetching group %s as %s from APA Datadownload's gRPC.
09-02 00:22:50.960  3088  3580 I A       : (REDACTED) Fetching group %s as %s from APA Datadownload's gRPC.
09-02 00:22:50.960  3088  3620 I A       : (REDACTED) Fetching group %s as %s from APA Datadownload's gRPC.
09-02 00:22:50.961  3088  3589 I A       : (REDACTED) Fetching group %s as %s from APA Datadownload's gRPC.
09-02 00:22:50.961  3088  3619 I A       : (REDACTED) Fetching group %s as %s from APA Datadownload's gRPC.
09-02 00:22:50.961  9624  9763 I A       : (REDACTED) Flag controlled groups: %s
09-02 00:22:50.961  9624  9763 I A       : (REDACTED) Required groups: %s
09-02 00:22:50.962  9624  9763 I A       : NGA Sync: endOnDataPresent
09-02 00:22:50.963  9624  9763 I A       : (REDACTED) NGA Sync: isNgaSyncEnabled: %s; enableFileGroupPopulator: %s; requiresMddAssets: %s
09-02 00:22:50.965  3088  3589 I A       : (REDACTED) Fetching group %s as %s from APA Datadownload's gRPC.
09-02 00:22:50.965  3088  3619 I A       : (REDACTED) Fetching group %s as %s from APA Datadownload's gRPC.
09-02 00:22:50.965  3088  3620 I A       : (REDACTED) Fetching group %s as %s from APA Datadownload's gRPC.
09-02 00:22:50.966  3088  3619 I A       : (REDACTED) Fetching group %s as %s from APA Datadownload's gRPC.
09-02 00:22:50.970  9624  9624 I A       : (REDACTED) Created gRPC endpoint for service %s
09-02 00:22:50.971  8968  9789 I BatteryMgr:DataCollectionService: stats => 1693606970971,-418701,4390
09-02 00:22:50.971  3088  3589 I A       : (REDACTED) Fetching group %s as %s from APA Datadownload's gRPC.
09-02 00:22:50.972  3088  3620 I A       : (REDACTED) Fetching group %s as %s from APA Datadownload's gRPC.
09-02 00:22:50.978  9499  9499 D BoundBrokerSvc: onBind: Intent { act=com.google.android.gms.auth.blockstore.service.START dat=chimera-action: cmp=com.google.android.gms/.chimera.GmsApiService }
09-02 00:22:50.978  9499  9499 D BoundBrokerSvc: Loading bound service for intent: Intent { act=com.google.android.gms.auth.blockstore.service.START dat=chimera-action: cmp=com.google.android.gms/.chimera.GmsApiService }
09-02 00:22:50.989  9499  9499 D BoundBrokerSvc: onBind: Intent { act=com.google.android.gms.safetynet.service.START pkg=com.google.android.gms }
09-02 00:22:50.989  9499  9499 D BoundBrokerSvc: Loading bound service for intent: Intent { act=com.google.android.gms.safetynet.service.START pkg=com.google.android.gms }
09-02 00:22:50.996  9624  9747 I A       : (REDACTED) Setting isLegacySQLite mode to %s.
09-02 00:22:51.007  9499  9520 E Backup  : [BackupAccountManagerService] Security Exception in getBackupAccount
09-02 00:22:51.007  9499  9520 E Backup  : java.lang.SecurityException: GoogleCertificatesRslt: not allowed: pkg=com.opera.browser, sha256=[5d6afbf87f652af04647ada0df634cf22370900b164b09d50bd23aa2cb5285b8], atk=false, ver=224312037.true (go/gsrlt)
09-02 00:22:51.007  9499  9520 E Backup  : 	at ybc.d(:com.google.android.gms@224312037@22.43.12 (150400-483592595):3)
09-02 00:22:51.007  9499  9520 E Backup  : 	at ybh.e(:com.google.android.gms@224312037@22.43.12 (150400-483592595):2)
09-02 00:22:51.007  9499  9520 E Backup  : 	at tnc.a(:com.google.android.gms@224312037@22.43.12 (150400-483592595):2)
09-02 00:22:51.007  9499  9520 E Backup  : 	at tki.a(:com.google.android.gms@224312037@22.43.12 (150400-483592595):0)
09-02 00:22:51.007  9499  9520 E Backup  : 	at tkk.b(:com.google.android.gms@224312037@22.43.12 (150400-483592595):4)
09-02 00:22:51.007  9499  9520 E Backup  : 	at tkk.a(:com.google.android.gms@224312037@22.43.12 (150400-483592595):0)
09-02 00:22:51.007  9499  9520 E Backup  : 	at nml.b(:com.google.android.gms@224312037@22.43.12 (150400-483592595):1)
09-02 00:22:51.007  9499  9520 E Backup  : 	at com.google.android.gms.auth.blockstore.service.BlockstoreApiChimeraService.d(:com.google.android.gms@224312037@22.43.12 (150400-483592595):0)
09-02 00:22:51.007  9499  9520 E Backup  : 	at com.google.android.gms.auth.blockstore.service.BlockstoreApiChimeraService.a(:com.google.android.gms@224312037@22.43.12 (150400-483592595):4)
09-02 00:22:51.007  9499  9520 E Backup  : 	at aqxz.a(:com.google.android.gms@224312037@22.43.12 (150400-483592595):0)
09-02 00:22:51.007  9499  9520 E Backup  : 	at aqyu.a(:com.google.android.gms@224312037@22.43.12 (150400-483592595):0)
09-02 00:22:51.007  9499  9520 E Backup  : 	at aqyx.gj(:com.google.android.gms@224312037@22.43.12 (150400-483592595):45)
09-02 00:22:51.007  9499  9520 E Backup  : 	at zbn.onTransact(:com.google.android.gms@224312037@22.43.12 (150400-483592595):5)
09-02 00:22:51.007  9499  9520 E Backup  : 	at android.os.Binder.transact(Binder.java:1043)
09-02 00:22:51.007  9499  9520 E Backup  : 	at akih.onTransact(:com.google.android.gms@224312037@22.43.12 (150400-483592595):17)
09-02 00:22:51.007  9499  9520 E Backup  : 	at android.os.Binder.transact(Binder.java:1043)
09-02 00:22:51.007  9499  9520 E Backup  : 	at gis.onTransact(:com.google.android.gms@224312037@22.43.12 (150400-483592595):2)
09-02 00:22:51.007  9499  9520 E Backup  : 	at android.os.Binder.execTransactInternal(Binder.java:1154)
09-02 00:22:51.007  9499  9520 E Backup  : 	at android.os.Binder.execTransact(Binder.java:1123)
09-02 00:22:51.037  9624  9966 I DeviceCapHelper: (REDACTED) Adding surface identity to the device capabilities for surface %s.
09-02 00:22:51.074  8968  9789 I BatteryMgr:DataCollectionService: stats => 1693606971074,-385742,4390
09-02 00:22:51.081  9624  9966 I A       : (REDACTED) The GellerConfig is not present, defaulting isUploadEnabled for corpus %s to true.
09-02 00:22:51.082  9624  9966 I A       : (REDACTED) No previous syncToken for corpus %s found.
09-02 00:22:51.177  8968  9789 I BatteryMgr:DataCollectionService: stats => 1693606971177,-102233,4390
09-02 00:22:51.231  9624  9739 W A       : (REDACTED) Config group is not stored for group %s
09-02 00:22:51.239  9624  9739 I chatty  : uid=10157(com.google.android.googlequicksearchbox) BG Thread #1 identical 8 lines
09-02 00:22:51.240  9624  9739 W A       : (REDACTED) Config group is not stored for group %s
09-02 00:22:51.240  9624  9974 E MDD     : FileGroupManager: Trying to add expired group webref-model-nga.
09-02 00:22:51.240  9624  9974 W MDD     : MDDManager class com.google.android.libraries.mdi.download.d.aa
09-02 00:22:51.241  9624  9738 W A       : (REDACTED) Config group is not stored for group %s
09-02 00:22:51.245  9624  9761 I A       : (REDACTED) group %s present %s in %s
09-02 00:22:51.246  9624  9761 I A       : (REDACTED) group %s present %s in %s
09-02 00:22:51.246  9624  9765 I A       : (REDACTED) incrementApaDataDownloadStoreStatus(latency = %s, appVersion = %s, status = %s, locale = %s, fileGroupnames = %s, accountScoped = %s, localGroupsAvailable = %s, timeSinceSearchBoot = %s (%s), timeSinceDataDownloadInit = %s (%s))
09-02 00:22:51.246  9624  9761 I A       : (REDACTED) incrementApaDataDownloadStoreStatus(latency = %s, appVersion = %s, status = %s, locale = %s, fileGroupnames = %s, accountScoped = %s, localGroupsAvailable = %s, timeSinceSearchBoot = %s (%s), timeSinceDataDownloadInit = %s (%s))
09-02 00:22:51.254  9624  9743 W A       : (REDACTED) Config group is not stored for group %s
09-02 00:22:51.254  9624  9747 W A       : (REDACTED) Config group is not stored for group %s
09-02 00:22:51.255  9624  9738 W A       : (REDACTED) Config group is not stored for group %s
09-02 00:22:51.255  9624  9743 W A       : (REDACTED) Config group is not stored for group %s
09-02 00:22:51.255  9624  9739 W A       : (REDACTED) Config group is not stored for group %s
09-02 00:22:51.263  9624  9762 I A       : (REDACTED) group %s present %s in %s
09-02 00:22:51.263  9624  9743 W A       : (REDACTED) Config group is not stored for group %s
09-02 00:22:51.264  9624  9762 I A       : (REDACTED) incrementApaDataDownloadStoreStatus(latency = %s, appVersion = %s, status = %s, locale = %s, fileGroupnames = %s, accountScoped = %s, localGroupsAvailable = %s, timeSinceSearchBoot = %s (%s), timeSinceDataDownloadInit = %s (%s))
09-02 00:22:51.266  9624  9765 I A       : (REDACTED) group %s present %s in %s
09-02 00:22:51.266  9624  9765 I chatty  : uid=10157(com.google.android.googlequicksearchbox) Lite Thread #5 identical 1 line
09-02 00:22:51.267  9624  9765 I A       : (REDACTED) group %s present %s in %s
09-02 00:22:51.267  9624  9761 I A       : (REDACTED) group %s present %s in %s
09-02 00:22:51.267  9624  9765 I A       : (REDACTED) incrementApaDataDownloadStoreStatus(latency = %s, appVersion = %s, status = %s, locale = %s, fileGroupnames = %s, accountScoped = %s, localGroupsAvailable = %s, timeSinceSearchBoot = %s (%s), timeSinceDataDownloadInit = %s (%s))
09-02 00:22:51.267  9624  9761 I A       : (REDACTED) group %s present %s in %s
09-02 00:22:51.267  9624  9765 I A       : (REDACTED) incrementApaDataDownloadStoreStatus(latency = %s, appVersion = %s, status = %s, locale = %s, fileGroupnames = %s, accountScoped = %s, localGroupsAvailable = %s, timeSinceSearchBoot = %s (%s), timeSinceDataDownloadInit = %s (%s))
09-02 00:22:51.267  9624  9765 I A       : (REDACTED) incrementApaDataDownloadStoreStatus(latency = %s, appVersion = %s, status = %s, locale = %s, fileGroupnames = %s, accountScoped = %s, localGroupsAvailable = %s, timeSinceSearchBoot = %s (%s), timeSinceDataDownloadInit = %s (%s))
09-02 00:22:51.267  9624  9763 I A       : (REDACTED) group %s present %s in %s
09-02 00:22:51.267  9624  9765 I A       : (REDACTED) incrementApaDataDownloadStoreStatus(latency = %s, appVersion = %s, status = %s, locale = %s, fileGroupnames = %s, accountScoped = %s, localGroupsAvailable = %s, timeSinceSearchBoot = %s (%s), timeSinceDataDownloadInit = %s (%s))
09-02 00:22:51.268  9624  9761 I A       : (REDACTED) incrementApaDataDownloadStoreStatus(latency = %s, appVersion = %s, status = %s, locale = %s, fileGroupnames = %s, accountScoped = %s, localGroupsAvailable = %s, timeSinceSearchBoot = %s (%s), timeSinceDataDownloadInit = %s (%s))
09-02 00:22:51.268  9624  9763 I A       : (REDACTED) incrementApaDataDownloadStoreStatus(latency = %s, appVersion = %s, status = %s, locale = %s, fileGroupnames = %s, accountScoped = %s, localGroupsAvailable = %s, timeSinceSearchBoot = %s (%s), timeSinceDataDownloadInit = %s (%s))
09-02 00:22:51.269  9624  9761 I A       : (REDACTED) group %s present %s in %s
09-02 00:22:51.269  3088  3656 I NLUFF   : Incoming RPC updateGellerData [CONTEXT rpc_id=258 ]
09-02 00:22:51.269  3088  3656 I NLUFF   : RPC processing completed [CONTEXT rpc_id=258 ]
09-02 00:22:51.269  9624  9761 I A       : (REDACTED) incrementApaDataDownloadStoreStatus(latency = %s, appVersion = %s, status = %s, locale = %s, fileGroupnames = %s, accountScoped = %s, localGroupsAvailable = %s, timeSinceSearchBoot = %s (%s), timeSinceDataDownloadInit = %s (%s))
09-02 00:22:51.270  9624  9747 E MDD     : GddFileGroupPopulator: GDD Sync failed for corpus: GDD_WEBREF_NGA, configuration: GddWebrefNga
09-02 00:22:51.270  9624  9747 E MDD     : com.google.android.libraries.mdi.download.bp: refresh failed [GDD_FAIL_IN_SYNC_RUNNER_PUBLIC]
09-02 00:22:51.270  9624  9747 E MDD     : 	at com.google.android.libraries.mdi.download.bn.a(PG:2)
09-02 00:22:51.270  9624  9747 E MDD     : 	at com.google.android.libraries.mdi.download.h.b.am.apply(PG:2)
09-02 00:22:51.270  9624  9747 E MDD     : 	at com.google.apps.tiktok.tracing.el.apply(PG:3)
09-02 00:22:51.270  9624  9747 E MDD     : 	at com.google.common.util.concurrent.a.e(PG:2)
09-02 00:22:51.270  9624  9747 E MDD     : 	at com.google.common.util.concurrent.c.run(PG:11)
