09-02 01:29:21.093  8855  8928 I CarrierServices: [11702] gyk.h: RCS Configuration storage in Bugle is disabled by p/h flag, using ProvisioningEngineStateCacheUtil.getProvisioningConfigurationForGivenSimIfExist()
09-02 01:29:21.094  1513  1572 W ActivityManager: setHasOverlayUi called on unknown pid: 8254
09-02 01:29:21.094  1513  2000 E ConnectivityService: RemoteException caught trying to send a callback msg for NetworkRequest [ TRACK_DEFAULT id=2598, [ Capabilities: INTERNET&NOT_RESTRICTED&TRUSTED Uid: 10261 AdministratorUids: [] RequestorUid: 10261 RequestorPackageName: com.opera.browser] ]
09-02 01:29:21.095  1513  2000 E ConnectivityService: RemoteException caught trying to send a callback msg for NetworkRequest [ LISTEN id=2599, [ Capabilities: INTERNET&NOT_RESTRICTED&TRUSTED&FOREGROUND Uid: 10261 AdministratorUids: [] RequestorUid: 10261 RequestorPackageName: com.opera.browser] ]
09-02 01:29:21.095  1513  2000 E ConnectivityService: RemoteException caught trying to send a callback msg for NetworkRequest [ TRACK_DEFAULT id=2600, [ Capabilities: INTERNET&NOT_RESTRICTED&TRUSTED Uid: 10261 AdministratorUids: [] RequestorUid: 10261 RequestorPackageName: com.opera.browser] ]
09-02 01:29:21.096  1513  2000 E ConnectivityService: RemoteException caught trying to send a callback msg for NetworkRequest [ LISTEN id=2601, [ Capabilities: INTERNET&NOT_RESTRICTED&TRUSTED&FOREGROUND Uid: 10261 AdministratorUids: [] RequestorUid: 10261 RequestorPackageName: com.opera.browser] ]
09-02 01:29:21.096  3088  3653 I AssistantForeground: (REDACTED) Get launcher package: %s
09-02 01:29:21.097  1513  2000 D ConnectivityService: releasing NetworkRequest [ TRACK_DEFAULT id=2598, [ Capabilities: INTERNET&NOT_RESTRICTED&TRUSTED Uid: 10261 AdministratorUids: [] RequestorUid: 10261 RequestorPackageName: com.opera.browser] ] (release request)
09-02 01:29:21.097  1513  2000 D ConnectivityService: releasing NetworkRequest [ TRACK_DEFAULT id=2600, [ Capabilities: INTERNET&NOT_RESTRICTED&TRUSTED Uid: 10261 AdministratorUids: [] RequestorUid: 10261 RequestorPackageName: com.opera.browser] ] (release request)
09-02 01:29:21.103  1513  1640 I libprocessgroup: Successfully killed process cgroup uid 10261 pid 8254 in 37ms
09-02 01:29:21.104  1513  1640 I libprocessgroup: Successfully killed process cgroup uid 10261 pid 8554 in 0ms
09-02 01:29:21.104  1513  1640 I libprocessgroup: Successfully killed process cgroup uid 10261 pid 8727 in 0ms
09-02 01:29:21.121  2858  2858 I GoogleInputMethodService: GoogleInputMethodService.onFinishInput():3280 
09-02 01:29:21.123  2858  2858 I GoogleInputMethodService: GoogleInputMethodService.updateDeviceLockedStatus():2169 repeatCheckTimes = 0, unlocked = true
09-02 01:29:21.123  2858  2858 I GoogleInputMethodService: GoogleInputMethodService.onStartInput():1960 onStartInput(EditorInfo{inputType=0x0(NULL) imeOptions=0x0 privateImeOptions=null actionName=UNSPECIFIED actionLabel=null actionId=0 initialSelStart=-1 initialSelEnd=-1 initialCapsMode=0x0 hintText=null label=null packageName=com.example.batterymanager_utility fieldId=-1 fieldName=null extras=null}, false)
09-02 01:29:21.123  2858  2858 I GoogleInputMethodService: GoogleInputMethodService.shouldHideHeaderOnInitialState():4081 ShouldHideHeaderOnInitialState = false
09-02 01:29:21.124  2858  2858 I GoogleInputMethodService: GoogleInputMethodService.updateDeviceLockedStatus():2169 repeatCheckTimes = 2, unlocked = true
09-02 01:29:21.613   901  2806 I sensors-hal: [ssc_utils]get_qmi_debug_flag:244, support_qmi_debug : false
09-02 01:29:21.625   901  1000 W ASH     : @ 56148.076: Unhandled msg ID 999: line 1277
09-02 01:29:21.625   901  1000 E ASH     : @ 56148.076: No pb callback assigned
09-02 01:29:21.625   901  1000 E ASH     : @ 56148.076: Nanopb error: callback failed:1588
09-02 01:29:22.305   901  1000 D VSC     : @ 56148.754: [WO] tilt angle 87
09-02 01:29:22.778  2446  4456 D QCNEJ/WlanStaInfoRelay: Received action: android.net.wifi.RSSI_CHANGED
09-02 01:29:22.779  2446  4456 I QCNEJ/NativeHalConnector: -> SND notifyWlanStaStatusChanged([WlanStaInfo]: wifiSwitchState = 1 rssi = -56 ssid = WiFi 69 bssid = 76:4d:28:12:bf:83 dnsInfo = 192.168.88.1;8.8.8.8;0.0.0.0;0.0.0.0; freqBand = _2GHz countryCode = nl[RatInfo]: networkType = 1 subType = 101 networkState = CONNECTED netHdl = 432902426637 ipAddrV4 = 192.168.88.174 ipAddrV6 =  ifNameV4 = wlan0 ifNameV6 =  slotIdx = 0 isAndroidValidated = true) timeStamp = 2023-09-02 01:29:22.778
09-02 01:29:22.791  1513  2000 D ConnectivityService: NetReassign [no changes]
09-02 01:29:22.793   901  2806 I sensors-hal: [ssc_utils]get_qmi_debug_flag:244, support_qmi_debug : false
09-02 01:29:22.795  8855  8928 I CarrierServices: [11702] hbe.handleMessage: RcsEngineImpl[DUAL_REG]:[31697964-3ba3]>Handler: handleMessage processing message:[NOTIFY_UPTIME_IGNORE_STATE_CHANGED] with [non-null]:RcsEngineImpl reference
09-02 01:29:22.797  8855  8930 I CarrierServices: [11703] gko.c: Connected state: [1], networkType: [WIFI]
09-02 01:29:22.797  2474  2765 E PhoneInterfaceManager: [PhoneIntfMgr] getCarrierPrivilegeStatus: Invalid subId
09-02 01:29:22.798  8855  8928 I CarrierServices: [11702] gyk.h: RCS Configuration storage in Bugle is disabled by p/h flag, using ProvisioningEngineStateCacheUtil.getProvisioningConfigurationForGivenSimIfExist()
09-02 01:29:22.807   901  1000 W ASH     : @ 56149.258: Unhandled msg ID 999: line 1277
09-02 01:29:22.807   901  1000 E ASH     : @ 56149.258: No pb callback assigned
09-02 01:29:22.807   901  1000 E ASH     : @ 56149.258: Nanopb error: callback failed:1588
09-02 01:29:22.878   901  2806 I sensors-hal: [ssc_utils]get_qmi_debug_flag:244, support_qmi_debug : false
09-02 01:29:22.887   901  1000 W ASH     : @ 56149.338: Unhandled msg ID 999: line 1277
09-02 01:29:22.887   901  1000 E ASH     : @ 56149.338: No pb callback assigned
09-02 01:29:22.887   901  1000 E ASH     : @ 56149.338: Nanopb error: callback failed:1588
09-02 01:29:24.192  1513  3230 I ActivityManager: Force stopping com.example.batterymanager_utility appid=10260 user=0: from pid 8977
09-02 01:29:24.193  1513  3230 I ActivityManager: Killing 8176:com.example.batterymanager_utility/u0a260 (adj 0): stop com.example.batterymanager_utility due to from pid 8977
09-02 01:29:24.194  1513  3230 W ActivityTaskManager: Force removing ActivityRecord{ae7211c u0 com.example.batterymanager_utility/.MainActivity t2080 f}}: app died, no saved state
09-02 01:29:24.204   901  2806 I sensors-hal: [ssc_utils]get_qmi_debug_flag:244, support_qmi_debug : false
09-02 01:29:24.207   778   778 I Zygote  : Process 8176 exited due to signal 9 (Killed)
09-02 01:29:24.218  1513  1536 W WindowManager: Failed looking up window session=Session{e3eb0bd 8176:u0a10260} callers=com.android.server.wm.WindowManagerService.windowForClientLocked:5435 com.android.server.wm.WindowState$DeathRecipient.binderDied:2817 android.os.IBinder$DeathRecipient.binderDied:305 
09-02 01:29:24.218  1513  1536 I WindowManager: WIN DEATH: null
09-02 01:29:24.225   901  1000 W ASH     : @ 56150.676: Unhandled msg ID 999: line 1277
09-02 01:29:24.225   901  1000 E ASH     : @ 56150.676: No pb callback assigned
09-02 01:29:24.225   901  1000 E ASH     : @ 56150.676: Nanopb error: callback failed:1588
09-02 01:29:24.225  2474  2474 E PhoneInterfaceManager: [PhoneIntfMgr] getCarrierPackageNamesForIntentAndPhone: No UICC
09-02 01:29:24.225  2474  2474 D CarrierSvcBindHelper: No carrier app for: 0
09-02 01:29:24.230  3135  3135 D RegisteredNfcFServicesCache: Service unchanged, not updating
09-02 01:29:24.231  8777  8983 I EuiccGoogle: [7458] EuiccServiceImpl.onGetEuiccProfileInfoList: onGetEuiccProfileInfoList: slotId = -1
09-02 01:29:24.234  8777  8983 W EuiccGoogle: [7458] EuiccServiceImpl.onGetEuiccProfileInfoList: slotId=-1. No eUICC is active. Return null.
09-02 01:29:24.235  3088  3657 I AssistantForeground: (REDACTED) Get launcher package: %s
09-02 01:29:24.239  1513  1640 I libprocessgroup: Successfully killed process cgroup uid 10260 pid 8176 in 45ms
09-02 01:29:24.240  1513  1572 W ActivityManager: setHasOverlayUi called on unknown pid: 8176
09-02 01:29:24.257  2158  2158 I WallpaperService: engine resumed
09-02 01:29:24.258   901   901 I sensors-hal: [hal]batch_physical_sensor:301, android.sensor.gyroscope/41, period=20000000, max_latency=0
09-02 01:29:24.258   901   901 I sensors-hal: [hal]batch_physical_sensor:310, android.sensor.gyroscope/41, period=20000000, max_latency=0 request completed
09-02 01:29:24.259   901   901 W sensors@2.0-ser: type=1400 audit(0.0:6706): avc: denied { read write } for name="diag" dev="tmpfs" ino=12474 scontext=u:r:hal_sensors_default:s0 tcontext=u:object_r:diag_device:s0 tclass=chr_file permissive=0
09-02 01:29:24.259   901   901 W sensors@2.0-ser: type=1400 audit(0.0:6707): avc: denied { read write } for name="diag" dev="tmpfs" ino=12474 scontext=u:r:hal_sensors_default:s0 tcontext=u:object_r:diag_device:s0 tclass=chr_file permissive=0
09-02 01:29:24.259   901   901 I sensors-hal: [hal]activate_physical_sensor:238, android.sensor.gyroscope/41 en=1
09-02 01:29:24.259   901   901 I sensors-hal: [ssc_utils]get_qmi_debug_flag:244, support_qmi_debug : false
09-02 01:29:24.262  3088  3088 I GsaVoiceInteractionSrv: Handling ACTION_START_HOTWORD
09-02 01:29:24.262  3088  3589 I GsaVoiceInteractionSrv: (REDACTED) disregardVoiceMatch: %b
09-02 01:29:24.262  3088  3589 I GsaVoiceInteractionSrv: Cannot start hotword, hotword has been explicitly disabled.
09-02 01:29:24.263   901   901 D Diag_Lib:  Diag_LSM_Init: Failed to open handle to diag driver, error = 13
09-02 01:29:24.264   901   901 D Diag_Lib:  Diag_LSM_Init: Failed to open handle to diag driver, error = 13
09-02 01:29:24.264   901   901 I sensors-hal: [ssc_sensor]update_handle:537, handle=331, type=33, wakeup=0, hwid=0, base=331
09-02 01:29:24.264   901   901 I sensors-hal: [ssc_utils]get_qmi_debug_flag:244, support_qmi_debug : false
09-02 01:29:24.267  2858  2858 I GoogleInputMethodService: GoogleInputMethodService.onFinishInput():3280 
09-02 01:29:24.268   901  8991 I sensors-hal: [ssc_sensor]ssc_conn_resp_cb:663, resp_value = 0
09-02 01:29:24.268  2858  2858 I GoogleInputMethodService: GoogleInputMethodService.updateDeviceLockedStatus():2169 repeatCheckTimes = 0, unlocked = true
09-02 01:29:24.268  2858  2858 I GoogleInputMethodService: GoogleInputMethodService.onStartInput():1960 onStartInput(EditorInfo{inputType=0x0(NULL) imeOptions=0x0 privateImeOptions=null actionName=UNSPECIFIED actionLabel=null actionId=0 initialSelStart=-1 initialSelEnd=-1 initialCapsMode=0x0 hintText=null label=null packageName=com.google.android.apps.nexuslauncher fieldId=-1 fieldName=null extras=null}, false)
09-02 01:29:24.268   901   901 I sensors-hal: [ssc_utils]get_qmi_debug_flag:244, support_qmi_debug : false
09-02 01:29:24.268   901  1000 W SEE     : @ 56150.719: adding req to Q sensor=8 req=0xb2034e98 msg=513
09-02 01:29:24.268  2858  2858 I GoogleInputMethodService: GoogleInputMethodService.shouldHideHeaderOnInitialState():4081 ShouldHideHeaderOnInitialState = false
09-02 01:29:24.270  2858  2858 I GoogleInputMethodService: GoogleInputMethodService.updateDeviceLockedStatus():2169 repeatCheckTimes = 2, unlocked = true
09-02 01:29:24.273   901   901 I sensors-hal: [hal]activate_physical_sensor:249, android.sensor.gyroscope/41 en=1 completed
09-02 01:29:24.273   901  8991 I sensors-hal: [sensor]submit_sensors_hal_event:146, android.sensor.additional_info: trying to push empty Events, count = 0
09-02 01:29:24.274   901  8991 I sensors-hal: [sensor]submit_sensors_hal_event:146, android.sensor.additional_info: trying to push empty Events, count = 0
09-02 01:29:24.274   901  1000 W SEE     : @ 56150.725: adding req to Q sensor=2 req=0xb20314d8 msg=513
09-02 01:29:24.274   901  8994 I sensors-hal: [ssc_sensor]ssc_conn_resp_cb:663, resp_value = 0
09-02 01:29:24.276   901  8994 I sensors-hal: [sensor]submit_sensors_hal_event:146, android.sensor.gyroscope: trying to push empty Events, count = 1
09-02 01:29:24.276   901  8994 I chatty  : uid=1000(system) 41_see identical 1 line
09-02 01:29:24.276   901  8994 I sensors-hal: [sensor]submit_sensors_hal_event:146, android.sensor.gyroscope: trying to push empty Events, count = 1
09-02 01:29:24.276  9499  9499 D BoundBrokerSvc: onBind: Intent { act=com.google.android.gms.inappreach.service.START dat=chimera-action: cmp=com.google.android.gms/.chimera.GmsApiService }
09-02 01:29:24.276  9499  9499 D BoundBrokerSvc: Loading bound service for intent: Intent { act=com.google.android.gms.inappreach.service.START dat=chimera-action: cmp=com.google.android.gms/.chimera.GmsApiService }
09-02 01:29:24.281   901  8994 I sensors-hal: [sensor]submit_sensors_hal_event:146, android.sensor.gyroscope: trying to push empty Events, count = 1
09-02 01:29:24.287   901  1000 D VSC     : @ 56150.738: [WO] tilt angle 87
09-02 01:29:24.480   594   655 I SDM     : HWDeviceDRM::UpdateMixerAttributes: Mixer WxH 1080x2340-1 for Peripheral
09-02 01:29:24.481   594   655 I SDM     : DisplayBase::SetActiveConfig: Active configuration changed to: 0
09-02 01:29:24.481   594   655 I SDM     : StrategyImpl::SetIdleTimeoutMs: Idle timeout set to zero for command mode panels
09-02 01:29:24.489   901  2806 I sensors-hal: [ssc_utils]get_qmi_debug_flag:244, support_qmi_debug : false
09-02 01:29:24.503  1513  1572 I DisplayManagerService: Display device changed: DisplayDeviceInfo{"Built-in Screen": uniqueId="local:19260504575090817", 1080 x 2340, modeId 2, defaultModeId 2, supportedModes [{id=1, width=1080, height=2340, fps=90.0}, {id=2, width=1080, height=2340, fps=60.000004}], colorMode 0, supportedColorModes [0, 7, 9], HdrCapabilities HdrCapabilities{mSupportedHdrTypes=[2, 3, 4], mMaxLuminance=500.0, mMaxAverageLuminance=500.0, mMinLuminance=0.0}, allmSupported false, gameContentTypeSupported false, density 440, 435.428 x 433.839 dpi, appVsyncOff 2333332, presDeadline 11500000, cutout DisplayCutout{insets=Rect(0, 136 - 0, 0) waterfall=Insets{left=0, top=0, right=0, bottom=0} boundingRect={Bounds=[Rect(0, 0 - 0, 0), Rect(0, 0 - 136, 136), Rect(0, 0 - 0, 0), Rect(0, 0 - 0, 0)]}}, touch INTERNAL, rotation 0, type INTERNAL, address {port=129, model=0x446d53ad64a0}, deviceProductInfo DeviceProductInfo{name=, manufacturerPnpId=QCM, productId=1, modelYear=null, manufactureDate=ManufactureDate{week=27, year=2006}, relativeAddress=null}, state ON, FLAG_DEFAULT_DISPLAY, FLAG_ROTATES_WITH_CONTENT, FLAG_SECURE, FLAG_SUPPORTS_PROTECTED_BUFFERS}
09-02 01:29:24.503   594   655 I SDM     : StrategyImpl::SetIdleTimeoutMs: Idle timeout set to zero for command mode panels
09-02 01:29:24.527   901  1000 W ASH     : @ 56150.978: Unhandled msg ID 999: line 1277
09-02 01:29:24.527   901  1000 E ASH     : @ 56150.978: No pb callback assigned
09-02 01:29:24.527   901  1000 E ASH     : @ 56150.978: Nanopb error: callback failed:1588
09-02 01:29:25.801  1513  2000 D ConnectivityService: NetReassign [no changes]
09-02 01:29:26.287   901  1000 D VSC     : @ 56152.738: [WO] tilt angle 87
09-02 01:29:28.288   901  1000 D VSC     : @ 56154.738: [WO] tilt angle 87
