--------- beginning of main
09-02 02:11:46.288   901  1000 D VSC     : @ 58692.738: [WO] tilt angle 87
--------- beginning of system
09-02 02:11:46.361  1513  4618 I ActivityManager: Force stopping com.opera.browser appid=10261 user=0: from pid 24073
09-02 02:11:46.367  2474  2474 E PhoneInterfaceManager: [PhoneIntfMgr] getCarrierPackageNamesForIntentAndPhone: No UICC
09-02 02:11:46.367  2474  2474 D CarrierSvcBindHelper: No carrier app for: 0
09-02 02:11:46.375  3135  3135 D RegisteredNfcFServicesCache: Service unchanged, not updating
09-02 02:11:46.380  8777  8777 I EuiccGoogle: [2] EuiccServiceImpl.onCreate: onCreate Single-SIM mode: simCardState is 1
09-02 02:11:46.386  8777 24079 I EuiccGoogle: [7604] EuiccServiceImpl.onGetEuiccProfileInfoList: onGetEuiccProfileInfoList: slotId = -1
09-02 02:11:46.389  8777 24079 W EuiccGoogle: [7604] EuiccServiceImpl.onGetEuiccProfileInfoList: slotId=-1. No eUICC is active. Return null.
09-02 02:11:46.618  1513  1572 D EventSequenceValidator: inc AccIntentStartedEvents to 2
09-02 02:11:46.618  1513  4618 I ActivityTaskManager: START u0 {act=android.intent.action.VIEW flg=0x10008000 cmp=com.opera.browser/com.opera.Opera} from uid 2000
09-02 02:11:46.629   901  2806 I sensors-hal: [ssc_utils]get_qmi_debug_flag:244, support_qmi_debug : false
09-02 02:11:46.635 24073 24075 I cmd     : oneway function results will be dropped but finished with status OK and parcel size 4
09-02 02:11:46.635  1513  1572 D CompatibilityChangeReporter: Compat change id reported: 135634846; UID 10261; state: DISABLED
09-02 02:11:46.636  1513  1625 D CompatibilityChangeReporter: Compat change id reported: 143937733; UID 10261; state: ENABLED
09-02 02:11:46.643   779   779 D Zygote  : Forked child process 24083
09-02 02:11:46.647   901  1000 W ASH     : @ 58693.098: Unhandled msg ID 999: line 1277
09-02 02:11:46.647   901  1000 E ASH     : @ 58693.098: No pb callback assigned
09-02 02:11:46.647   901  1000 E ASH     : @ 58693.098: Nanopb error: callback failed:1588
09-02 02:11:46.648  1513  1625 I ActivityManager: Start proc 24083:com.opera.browser/u0a261 for pre-top-activity {com.opera.browser/com.opera.Opera}
09-02 02:11:46.654  3088  3660 I AssistantForeground: (REDACTED) Get launcher package: %s
09-02 02:11:46.654 24083 24083 E m.opera.browse: Not starting debugger since process cannot load the jdwp agent.
09-02 02:11:46.681  2158  2158 I WallpaperService: engine resumed
09-02 02:11:46.682   901   901 I sensors-hal: [hal]batch_physical_sensor:301, android.sensor.gyroscope/41, period=20000000, max_latency=0
09-02 02:11:46.682   901   901 I sensors-hal: [hal]batch_physical_sensor:310, android.sensor.gyroscope/41, period=20000000, max_latency=0 request completed
09-02 02:11:46.684   901   901 I sensors-hal: [hal]activate_physical_sensor:238, android.sensor.gyroscope/41 en=1
09-02 02:11:46.684 24083 24083 W m.opera.browse: JIT profile information will not be recorded: profile file does not exist.
09-02 02:11:46.684   901   901 I sensors-hal: [ssc_utils]get_qmi_debug_flag:244, support_qmi_debug : false
09-02 02:11:46.684 24083 24083 W m.opera.browse: JIT profile information will not be recorded: profile file does not exist.
09-02 02:11:46.686   901   901 W sensors@2.0-ser: type=1400 audit(0.0:6968): avc: denied { read write } for name="diag" dev="tmpfs" ino=12474 scontext=u:r:hal_sensors_default:s0 tcontext=u:object_r:diag_device:s0 tclass=chr_file permissive=0
09-02 02:11:46.686   901   901 W sensors@2.0-ser: type=1400 audit(0.0:6969): avc: denied { read write } for name="diag" dev="tmpfs" ino=12474 scontext=u:r:hal_sensors_default:s0 tcontext=u:object_r:diag_device:s0 tclass=chr_file permissive=0
09-02 02:11:46.688 24083 24083 D NetworkSecurityConfig: Using Network Security Config from resource network_security_config_official_build debugBuild: false
09-02 02:11:46.689 24083 24083 D NetworkSecurityConfig: Using Network Security Config from resource network_security_config_official_build debugBuild: false
09-02 02:11:46.690   901   901 D Diag_Lib:  Diag_LSM_Init: Failed to open handle to diag driver, error = 13
09-02 02:11:46.691   901   901 D Diag_Lib:  Diag_LSM_Init: Failed to open handle to diag driver, error = 13
09-02 02:11:46.691   901   901 I sensors-hal: [ssc_sensor]update_handle:537, handle=331, type=33, wakeup=0, hwid=0, base=331
09-02 02:11:46.691   901   901 I sensors-hal: [ssc_utils]get_qmi_debug_flag:244, support_qmi_debug : false
09-02 02:11:46.696   901 24109 I sensors-hal: [ssc_sensor]ssc_conn_resp_cb:663, resp_value = 0
09-02 02:11:46.697   901  1000 W SEE     : @ 58693.148: adding req to Q sensor=8 req=0xb202d3f8 msg=513
09-02 02:11:46.698   901   901 I sensors-hal: [ssc_utils]get_qmi_debug_flag:244, support_qmi_debug : false
09-02 02:11:46.699   901 24109 I sensors-hal: [sensor]submit_sensors_hal_event:146, android.sensor.additional_info: trying to push empty Events, count = 0
09-02 02:11:46.699   901 24109 I sensors-hal: [sensor]submit_sensors_hal_event:146, android.sensor.additional_info: trying to push empty Events, count = 0
09-02 02:11:46.704   901   901 I sensors-hal: [hal]activate_physical_sensor:249, android.sensor.gyroscope/41 en=1 completed
09-02 02:11:46.705   901 24118 I sensors-hal: [ssc_sensor]ssc_conn_resp_cb:663, resp_value = 0
09-02 02:11:46.706   901  1000 W SEE     : @ 58693.156: adding req to Q sensor=2 req=0xb202fea8 msg=513
09-02 02:11:46.707   901 24118 I sensors-hal: [sensor]submit_sensors_hal_event:146, android.sensor.gyroscope: trying to push empty Events, count = 1
09-02 02:11:46.707   901 24118 I chatty  : uid=1000(system) sensors@2.0-ser identical 1 line
09-02 02:11:46.707   901 24118 I sensors-hal: [sensor]submit_sensors_hal_event:146, android.sensor.gyroscope: trying to push empty Events, count = 1
09-02 02:11:46.711 24083 24083 I TetheringManager: registerTetheringEventCallback:com.opera.browser
09-02 02:11:46.716   901 24118 I sensors-hal: [sensor]submit_sensors_hal_event:146, android.sensor.gyroscope: trying to push empty Events, count = 1
09-02 02:11:46.734 24083 24121 W System  : ClassLoader referenced unknown path: 
09-02 02:11:46.796  2062  2082 I ndroid.systemu: NativeAlloc concurrent copying GC freed 96993(3299KB) AllocSpace objects, 0(0B) LOS objects, 75% free, 9751KB/38MB, paused 134us total 110.613ms
09-02 02:11:46.801  2062  2084 W System  : A resource failed to call release. 
09-02 02:11:46.803  2062  2084 I chatty  : uid=10233(com.android.systemui) FinalizerDaemon identical 2 lines
09-02 02:11:46.803  2062  2084 W System  : A resource failed to call release. 
09-02 02:11:46.807   592   628 W DisplayIdentification: Invalid EDID: falling back to serial number due to missing display name.
09-02 02:11:46.807   592   628 W DisplayIdentification: Invalid EDID: falling back to ASCII text due to missing serial number.
09-02 02:11:46.836  1513  3227 D ConnectivityService: requestNetwork for uid/pid:10261/24083 NetworkRequest [ TRACK_DEFAULT id=2706, [ Capabilities: INTERNET&NOT_RESTRICTED&TRUSTED Uid: 10261 AdministratorUids: [] RequestorUid: 10261 RequestorPackageName: com.opera.browser] ]
09-02 02:11:46.836  1513  2000 D ConnectivityService: NetReassign [2706 : null → 100]
09-02 02:11:46.836  1513  1996 D WifiNetworkFactory: got request NetworkRequest [ TRACK_DEFAULT id=2706, [ Capabilities: INTERNET&NOT_RESTRICTED&TRUSTED Uid: 10261 AdministratorUids: [] RequestorUid: 10261 RequestorPackageName: com.opera.browser] ] with score 60 and providerId 5
09-02 02:11:46.836  1513  2038 D Ethernet: got request NetworkRequest [ TRACK_DEFAULT id=2706, [ Capabilities: INTERNET&NOT_RESTRICTED&TRUSTED Uid: 10261 AdministratorUids: [] RequestorUid: 10261 RequestorPackageName: com.opera.browser] ] with score 60 and providerId 5
09-02 02:11:46.836  1513  2037 D WIFI_AWARE_FACTORY: got request NetworkRequest [ TRACK_DEFAULT id=2706, [ Capabilities: INTERNET&NOT_RESTRICTED&TRUSTED Uid: 10261 AdministratorUids: [] RequestorUid: 10261 RequestorPackageName: com.opera.browser] ] with score 60 and providerId 5
09-02 02:11:46.836  1513  1996 D UntrustedWifiNetworkFactory: got request NetworkRequest [ TRACK_DEFAULT id=2706, [ Capabilities: INTERNET&NOT_RESTRICTED&TRUSTED Uid: 10261 AdministratorUids: [] RequestorUid: 10261 RequestorPackageName: com.opera.browser] ] with score 60 and providerId 5
09-02 02:11:46.836  2474  2474 D PhoneSwitcherNetworkRequstListener: got request NetworkRequest [ TRACK_DEFAULT id=2706, [ Capabilities: INTERNET&NOT_RESTRICTED&TRUSTED Uid: 10261 AdministratorUids: [] RequestorUid: 10261 RequestorPackageName: com.opera.browser] ] with score 60 and providerId 5
09-02 02:11:46.837  1513  2000 D ConnectivityService: NetReassign [no changes]
09-02 02:11:46.864  1513  2263 D CompatibilityChangeReporter: Compat change id reported: 136274596; UID 10261; state: ENABLED
09-02 02:11:46.868 24083 24202 I FA      : App measurement initialized, version: 75017
09-02 02:11:46.868 24083 24202 I FA      : To enable debug logging run: adb shell setprop log.tag.FA VERBOSE
09-02 02:11:46.868 24083 24202 I FA      : To enable faster debug mode event logging run:
09-02 02:11:46.868 24083 24202 I FA      :   adb shell setprop debug.firebase.analytics.app com.opera.browser
09-02 02:11:46.890   594 28441 I SDM     : HWDeviceDRM::UpdateMixerAttributes: Mixer WxH 1080x2340-1 for Peripheral
09-02 02:11:46.890   594 28441 I SDM     : DisplayBase::SetActiveConfig: Active configuration changed to: 0
09-02 02:11:46.890   594 28441 I SDM     : StrategyImpl::SetIdleTimeoutMs: Idle timeout set to zero for command mode panels
09-02 02:11:46.894 24083 24206 I AdrenoGLES-0: QUALCOMM build                   : 35605c3, Ia11ce2d146
09-02 02:11:46.894 24083 24206 I AdrenoGLES-0: Build Date                       : 09/02/20
09-02 02:11:46.894 24083 24206 I AdrenoGLES-0: OpenGL ES Shader Compiler Version: EV031.31.04.00
09-02 02:11:46.894 24083 24206 I AdrenoGLES-0: Local Branch                     : gfx-adreno.lnx.2.0
09-02 02:11:46.894 24083 24206 I AdrenoGLES-0: Remote Branch                    : 
09-02 02:11:46.894 24083 24206 I AdrenoGLES-0: Remote Branch                    : 
09-02 02:11:46.894 24083 24206 I AdrenoGLES-0: Reconstruct Branch               : 
09-02 02:11:46.894 24083 24206 I AdrenoGLES-0: Build Config                     : S P 10.0.4 AArch32
09-02 02:11:46.894 24083 24206 I AdrenoGLES-0: Driver Path                      : /vendor/lib/egl/libGLESv2_adreno.so
09-02 02:11:46.897 24083 24206 I AdrenoGLES-0: PFP: 0x016dd090, ME: 0x00000000
09-02 02:11:46.898   901  2806 I sensors-hal: [ssc_utils]get_qmi_debug_flag:244, support_qmi_debug : false
09-02 02:11:46.900  1513  1572 I DisplayManagerService: Display device changed: DisplayDeviceInfo{"Built-in Screen": uniqueId="local:19260504575090817", 1080 x 2340, modeId 2, defaultModeId 2, supportedModes [{id=1, width=1080, height=2340, fps=90.0}, {id=2, width=1080, height=2340, fps=60.000004}], colorMode 0, supportedColorModes [0, 7, 9], HdrCapabilities HdrCapabilities{mSupportedHdrTypes=[2, 3, 4], mMaxLuminance=500.0, mMaxAverageLuminance=500.0, mMinLuminance=0.0}, allmSupported false, gameContentTypeSupported false, density 440, 435.428 x 433.839 dpi, appVsyncOff 2333332, presDeadline 11500000, cutout DisplayCutout{insets=Rect(0, 136 - 0, 0) waterfall=Insets{left=0, top=0, right=0, bottom=0} boundingRect={Bounds=[Rect(0, 0 - 0, 0), Rect(0, 0 - 136, 136), Rect(0, 0 - 0, 0), Rect(0, 0 - 0, 0)]}}, touch INTERNAL, rotation 0, type INTERNAL, address {port=129, model=0x446d53ad64a0}, deviceProductInfo DeviceProductInfo{name=, manufacturerPnpId=QCM, productId=1, modelYear=null, manufactureDate=ManufactureDate{week=27, year=2006}, relativeAddress=null}, state ON, FLAG_DEFAULT_DISPLAY, FLAG_ROTATES_WITH_CONTENT, FLAG_SECURE, FLAG_SUPPORTS_PROTECTED_BUFFERS}
09-02 02:11:46.905   594 28441 I SDM     : StrategyImpl::SetIdleTimeoutMs: Idle timeout set to zero for command mode panels
09-02 02:11:46.908  9499  9499 D BoundBrokerSvc: onBind: Intent { act=com.google.android.gms.auth.blockstore.service.START dat=chimera-action: cmp=com.google.android.gms/.chimera.GmsApiService }
09-02 02:11:46.908  9499  9499 D BoundBrokerSvc: Loading bound service for intent: Intent { act=com.google.android.gms.auth.blockstore.service.START dat=chimera-action: cmp=com.google.android.gms/.chimera.GmsApiService }
09-02 02:11:46.909 24083 24206 W AdrenoUtils: <ReadGpuID_from_sysfs:197>: Failed to open /sys/class/kgsl/kgsl-3d0/gpu_model
09-02 02:11:46.909 24083 24206 W AdrenoUtils: <ReadGpuID:221>: Failed to read chip ID from gpu_model. Fallback to use the GSL path
09-02 02:11:46.918  9499  9499 D BoundBrokerSvc: onBind: Intent { act=com.google.android.gms.measurement.START pkg=com.google.android.gms }
09-02 02:11:46.918  9499  9499 D BoundBrokerSvc: Loading bound service for intent: Intent { act=com.google.android.gms.measurement.START pkg=com.google.android.gms }
09-02 02:11:46.927  1513  1622 D ArtManagerInternalImpl: /data/misc/iorapd/com.opera.browser/1907712205/com.opera.Opera/compiled_traces/compiled_trace.pb doesn't exist
09-02 02:11:46.927   901  1000 W ASH     : @ 58693.378: Unhandled msg ID 999: line 1277
09-02 02:11:46.927   901  1000 E ASH     : @ 58693.378: No pb callback assigned
09-02 02:11:46.927   901  1000 E ASH     : @ 58693.378: Nanopb error: callback failed:1588
09-02 02:11:46.928  1513  1572 D EventSequenceValidator: dec AccIntentStartedEvents to 1
09-02 02:11:46.929  1513  1622 I ActivityTaskManager: Displayed com.opera.browser/com.opera.Opera: +306ms
09-02 02:11:46.935  1513  1572 I DisplayManagerService: Display device changed: DisplayDeviceInfo{"Built-in Screen": uniqueId="local:19260504575090817", 1080 x 2340, modeId 1, defaultModeId 2, supportedModes [{id=1, width=1080, height=2340, fps=90.0}, {id=2, width=1080, height=2340, fps=60.000004}], colorMode 0, supportedColorModes [0, 7, 9], HdrCapabilities HdrCapabilities{mSupportedHdrTypes=[2, 3, 4], mMaxLuminance=500.0, mMaxAverageLuminance=500.0, mMinLuminance=0.0}, allmSupported false, gameContentTypeSupported false, density 440, 435.428 x 433.839 dpi, appVsyncOff 2333333, presDeadline 11500000, cutout DisplayCutout{insets=Rect(0, 136 - 0, 0) waterfall=Insets{left=0, top=0, right=0, bottom=0} boundingRect={Bounds=[Rect(0, 0 - 0, 0), Rect(0, 0 - 136, 136), Rect(0, 0 - 0, 0), Rect(0, 0 - 0, 0)]}}, touch INTERNAL, rotation 0, type INTERNAL, address {port=129, model=0x446d53ad64a0}, deviceProductInfo DeviceProductInfo{name=, manufacturerPnpId=QCM, productId=1, modelYear=null, manufactureDate=ManufactureDate{week=27, year=2006}, relativeAddress=null}, state ON, FLAG_DEFAULT_DISPLAY, FLAG_ROTATES_WITH_CONTENT, FLAG_SECURE, FLAG_SUPPORTS_PROTECTED_BUFFERS}
09-02 02:11:46.935   594 28441 I SDM     : HWDeviceDRM::UpdateMixerAttributes: Mixer WxH 1080x2340-1 for Peripheral
09-02 02:11:46.935   594 28441 I SDM     : DisplayBase::SetActiveConfig: Active configuration changed to: 1
09-02 02:11:46.935   594 28441 I SDM     : StrategyImpl::SetIdleTimeoutMs: Idle timeout set to zero for command mode panels
09-02 02:11:46.950   901  2806 I sensors-hal: [ssc_utils]get_qmi_debug_flag:244, support_qmi_debug : false
09-02 02:11:46.967   901  1000 W ASH     : @ 58693.418: Unhandled msg ID 999: line 1277
09-02 02:11:46.967   901  1000 E ASH     : @ 58693.418: No pb callback assigned
09-02 02:11:46.967   901  1000 E ASH     : @ 58693.418: Nanopb error: callback failed:1588
09-02 02:11:46.973  9499  5887 E Backup  : [BackupAccountManagerService] Security Exception in getBackupAccount
09-02 02:11:46.973  9499  5887 E Backup  : java.lang.SecurityException: GoogleCertificatesRslt: not allowed: pkg=com.opera.browser, sha256=[5d6afbf87f652af04647ada0df634cf22370900b164b09d50bd23aa2cb5285b8], atk=false, ver=224312037.true (go/gsrlt)
09-02 02:11:46.973  9499  5887 E Backup  : 	at ybc.d(:com.google.android.gms@224312037@22.43.12 (150400-483592595):3)
09-02 02:11:46.973  9499  5887 E Backup  : 	at ybh.e(:com.google.android.gms@224312037@22.43.12 (150400-483592595):2)
09-02 02:11:46.973  9499  5887 E Backup  : 	at tnc.a(:com.google.android.gms@224312037@22.43.12 (150400-483592595):2)
09-02 02:11:46.973  9499  5887 E Backup  : 	at tki.a(:com.google.android.gms@224312037@22.43.12 (150400-483592595):0)
09-02 02:11:46.973  9499  5887 E Backup  : 	at tkk.b(:com.google.android.gms@224312037@22.43.12 (150400-483592595):4)
09-02 02:11:46.973  9499  5887 E Backup  : 	at tkk.a(:com.google.android.gms@224312037@22.43.12 (150400-483592595):0)
09-02 02:11:46.973  9499  5887 E Backup  : 	at nml.b(:com.google.android.gms@224312037@22.43.12 (150400-483592595):1)
09-02 02:11:46.973  9499  5887 E Backup  : 	at com.google.android.gms.auth.blockstore.service.BlockstoreApiChimeraService.d(:com.google.android.gms@224312037@22.43.12 (150400-483592595):0)
09-02 02:11:46.973  9499  5887 E Backup  : 	at com.google.android.gms.auth.blockstore.service.BlockstoreApiChimeraService.a(:com.google.android.gms@224312037@22.43.12 (150400-483592595):4)
09-02 02:11:46.973  9499  5887 E Backup  : 	at aqxz.a(:com.google.android.gms@224312037@22.43.12 (150400-483592595):0)
09-02 02:11:46.973  9499  5887 E Backup  : 	at aqyu.a(:com.google.android.gms@224312037@22.43.12 (150400-483592595):0)
09-02 02:11:46.973  9499  5887 E Backup  : 	at aqyx.gj(:com.google.android.gms@224312037@22.43.12 (150400-483592595):45)
09-02 02:11:46.973  9499  5887 E Backup  : 	at zbn.onTransact(:com.google.android.gms@224312037@22.43.12 (150400-483592595):5)
09-02 02:11:46.973  9499  5887 E Backup  : 	at android.os.Binder.transact(Binder.java:1043)
09-02 02:11:46.973  9499  5887 E Backup  : 	at akih.onTransact(:com.google.android.gms@224312037@22.43.12 (150400-483592595):17)
09-02 02:11:46.973  9499  5887 E Backup  : 	at android.os.Binder.transact(Binder.java:1043)
09-02 02:11:46.973  9499  5887 E Backup  : 	at gis.onTransact(:com.google.android.gms@224312037@22.43.12 (150400-483592595):2)
09-02 02:11:46.973  9499  5887 E Backup  : 	at android.os.Binder.execTransactInternal(Binder.java:1154)
09-02 02:11:46.973  9499  5887 E Backup  : 	at android.os.Binder.execTransact(Binder.java:1123)
09-02 02:11:46.983  1513  3161 D CompatibilityChangeReporter: Compat change id reported: 135634846; UID 10261; state: DISABLED
09-02 02:11:46.984  1513  1625 D CompatibilityChangeReporter: Compat change id reported: 143937733; UID 10261; state: ENABLED
09-02 02:11:46.988  9499  9516 I gle.android.gm: CollectorTransition concurrent copying GC freed 2419(201KB) AllocSpace objects, 0(0B) LOS objects, 75% free, 8083KB/31MB, paused 250us total 135.093ms
09-02 02:11:46.988 24083 24202 I FA      : Tag Manager is not found and thus will not be used
09-02 02:11:46.993   779   779 D Zygote  : Forked child process 24266
09-02 02:11:47.000  1513  1625 I ActivityManager: Start proc 24266:com.opera.browser:privileged_process0/u0a261 for service {com.opera.browser/com.opera.android.browser.chromium.services.PrivilegedProcessService0}
09-02 02:11:47.004 24266 24266 E ileged_process: Not starting debugger since process cannot load the jdwp agent.
09-02 02:11:47.016  1513  3161 D CompatibilityChangeReporter: Compat change id reported: 136274596; UID 10261; state: ENABLED
09-02 02:11:47.034  9499  9550 I Backup  : [GmsBackupAccountManager] Backup account not found in gmscore.
09-02 02:11:47.034 24266 24266 W ileged_process: JIT profile information will not be recorded: profile file does not exist.
09-02 02:11:47.034 24266 24266 W ileged_process: JIT profile information will not be recorded: profile file does not exist.
09-02 02:11:47.038  9499  9499 D BoundBrokerSvc: onBind: Intent { act=com.google.android.gms.potokens.service.START dat=chimera-action: cmp=com.google.android.gms/.chimera.GmsApiService }
09-02 02:11:47.039  9499  9499 D BoundBrokerSvc: Loading bound service for intent: Intent { act=com.google.android.gms.potokens.service.START dat=chimera-action: cmp=com.google.android.gms/.chimera.GmsApiService }
09-02 02:11:47.044 24266 24266 D NetworkSecurityConfig: Using Network Security Config from resource network_security_config_official_build debugBuild: false
09-02 02:11:47.044 24266 24266 D NetworkSecurityConfig: Using Network Security Config from resource network_security_config_official_build debugBuild: false
09-02 02:11:47.052  9499  9550 I BlockstoreE2ESync: no backup account found. [CONTEXT service_id=258 ]
09-02 02:11:47.059  2816 24294 W ChimeraUtils: Module com.google.android.gms.backup_base has empty metadata display_name_string_id
09-02 02:11:47.102  1513  2263 D ConnectivityService: requestNetwork for uid/pid:10261/24083 NetworkRequest [ TRACK_DEFAULT id=2708, [ Capabilities: INTERNET&NOT_RESTRICTED&TRUSTED Uid: 10261 AdministratorUids: [] RequestorUid: 10261 RequestorPackageName: com.opera.browser] ]
09-02 02:11:47.103  1513  2000 D ConnectivityService: NetReassign [2708 : null → 100]
09-02 02:11:47.103  1513  1996 D WifiNetworkFactory: got request NetworkRequest [ TRACK_DEFAULT id=2708, [ Capabilities: INTERNET&NOT_RESTRICTED&TRUSTED Uid: 10261 AdministratorUids: [] RequestorUid: 10261 RequestorPackageName: com.opera.browser] ] with score 60 and providerId 5
09-02 02:11:47.103  1513  2038 D Ethernet: got request NetworkRequest [ TRACK_DEFAULT id=2708, [ Capabilities: INTERNET&NOT_RESTRICTED&TRUSTED Uid: 10261 AdministratorUids: [] RequestorUid: 10261 RequestorPackageName: com.opera.browser] ] with score 60 and providerId 5
09-02 02:11:47.103  1513  2037 D WIFI_AWARE_FACTORY: got request NetworkRequest [ TRACK_DEFAULT id=2708, [ Capabilities: INTERNET&NOT_RESTRICTED&TRUSTED Uid: 10261 AdministratorUids: [] RequestorUid: 10261 RequestorPackageName: com.opera.browser] ] with score 60 and providerId 5
09-02 02:11:47.103  2474  2474 D PhoneSwitcherNetworkRequstListener: got request NetworkRequest [ TRACK_DEFAULT id=2708, [ Capabilities: INTERNET&NOT_RESTRICTED&TRUSTED Uid: 10261 AdministratorUids: [] RequestorUid: 10261 RequestorPackageName: com.opera.browser] ] with score 60 and providerId 5
09-02 02:11:47.104  1513  1996 D UntrustedWifiNetworkFactory: got request NetworkRequest [ TRACK_DEFAULT id=2708, [ Capabilities: INTERNET&NOT_RESTRICTED&TRUSTED Uid: 10261 AdministratorUids: [] RequestorUid: 10261 RequestorPackageName: com.opera.browser] ] with score 60 and providerId 5
09-02 02:11:47.111  1513  2000 D ConnectivityService: NetReassign [no changes]
09-02 02:11:47.112 24266 24293 I AdrenoGLES-0: QUALCOMM build                   : 35605c3, Ia11ce2d146
09-02 02:11:47.112 24266 24293 I AdrenoGLES-0: Build Date                       : 09/02/20
09-02 02:11:47.112 24266 24293 I AdrenoGLES-0: OpenGL ES Shader Compiler Version: EV031.31.04.00
09-02 02:11:47.112 24266 24293 I AdrenoGLES-0: Local Branch                     : gfx-adreno.lnx.2.0
09-02 02:11:47.112 24266 24293 I AdrenoGLES-0: Remote Branch                    : 
09-02 02:11:47.112 24266 24293 I AdrenoGLES-0: Remote Branch                    : 
09-02 02:11:47.112 24266 24293 I AdrenoGLES-0: Reconstruct Branch               : 
09-02 02:11:47.112 24266 24293 I AdrenoGLES-0: Build Config                     : S P 10.0.4 AArch32
09-02 02:11:47.112 24266 24293 I AdrenoGLES-0: Driver Path                      : /vendor/lib/egl/libGLESv2_adreno.so
09-02 02:11:47.116 24266 24293 I AdrenoGLES-0: PFP: 0x016dd090, ME: 0x00000000
09-02 02:11:47.125 24266 24293 W AdrenoUtils: <ReadGpuID_from_sysfs:197>: Failed to open /sys/class/kgsl/kgsl-3d0/gpu_model
09-02 02:11:47.125 24266 24293 W AdrenoUtils: <ReadGpuID:221>: Failed to read chip ID from gpu_model. Fallback to use the GSL path
09-02 02:11:47.134  1513  3227 W UriGrantsManagerService: No permission grants found for com.google.android.apps.photos
09-02 02:11:47.136  1513  3232 W UriGrantsManagerService: No permission grants found for com.google.android.apps.photos
09-02 02:11:47.150  2858  2858 I GoogleInputMethodService: GoogleInputMethodService.onFinishInput():3280 
09-02 02:11:47.151  2858  2858 I GoogleInputMethodService: GoogleInputMethodService.updateDeviceLockedStatus():2169 repeatCheckTimes = 0, unlocked = true
09-02 02:11:47.151  2858  2858 I GoogleInputMethodService: GoogleInputMethodService.onStartInput():1960 onStartInput(EditorInfo{inputType=0x0(NULL) imeOptions=0x0 privateImeOptions=null actionName=UNSPECIFIED actionLabel=null actionId=0 initialSelStart=-1 initialSelEnd=-1 initialCapsMode=0x0 hintText=null label=null packageName=com.opera.browser fieldId=-1 fieldName=null extras=null}, false)
09-02 02:11:47.151  2858  2858 I GoogleInputMethodService: GoogleInputMethodService.shouldHideHeaderOnInitialState():4081 ShouldHideHeaderOnInitialState = false
09-02 02:11:47.152  2858  2858 I GoogleInputMethodService: GoogleInputMethodService.updateDeviceLockedStatus():2169 repeatCheckTimes = 2, unlocked = true
09-02 02:11:47.185  1513  3232 I chatty  : uid=1000(system) Binder:1513_14 identical 1 line
09-02 02:11:47.186  1513  3232 W UriGrantsManagerService: No permission grants found for com.google.android.apps.photos
09-02 02:11:47.199  2062 12223 D PowerUI : can't show warning due to - plugged: true status unknown: false
09-02 02:11:47.201  2410  2410 D DeviceStatisticsService: chargerType=2 batteryLevel=100 totalBatteryCapacity=4127300
09-02 02:11:47.201  2410  2410 D DeviceInfoHidlClient: isPowerInfoNeverSent()=true
09-02 02:11:47.201  2410  2410 D DeviceInfoHidlClient: getPowerInfoSupportStatus()=-1
09-02 02:11:47.239  1513  7910 W UriGrantsManagerService: No permission grants found for com.google.android.apps.photos
09-02 02:11:47.239  1513  7910 W UriGrantsManagerService: No permission grants found for com.google.android.apps.photos
09-02 02:11:47.275  2158  2158 I WallpaperService: engine paused
09-02 02:11:47.275   901   901 I sensors-hal: [hal]activate_physical_sensor:238, android.sensor.gyroscope/41 en=0
09-02 02:11:47.278   901   901 D Diag_Lib: diag: Diag_LSM_DeInit done for pid: 901
09-02 02:11:47.280   901   901 D Diag_Lib: diag: Diag_LSM_DeInit done for pid: 901
09-02 02:11:47.280   901   901 I sensors-hal: [hal]activate_physical_sensor:249, android.sensor.gyroscope/41 en=0 completed
09-02 02:11:47.287  1513  8184 I AdrenoGLES-0: QUALCOMM build                   : 35605c3, Ia11ce2d146
09-02 02:11:47.287  1513  8184 I AdrenoGLES-0: Build Date                       : 09/02/20
09-02 02:11:47.287  1513  8184 I AdrenoGLES-0: OpenGL ES Shader Compiler Version: EV031.31.04.00
09-02 02:11:47.287  1513  8184 I AdrenoGLES-0: Local Branch                     : gfx-adreno.lnx.2.0
09-02 02:11:47.287  1513  8184 I AdrenoGLES-0: Remote Branch                    : 
09-02 02:11:47.287  1513  8184 I AdrenoGLES-0: Remote Branch                    : 
09-02 02:11:47.287  1513  8184 I AdrenoGLES-0: Reconstruct Branch               : 
09-02 02:11:47.287  1513  8184 I AdrenoGLES-0: Build Config                     : S P 10.0.4 AArch64
09-02 02:11:47.287  1513  8184 I AdrenoGLES-0: Driver Path                      : /vendor/lib64/egl/libGLESv2_adreno.so
09-02 02:11:47.296  1513  8184 I AdrenoGLES-0: PFP: 0x016dd090, ME: 0x00000000
09-02 02:11:47.298 24083 24174 E [Leanplum][ERROR]: No variable values were received from the server. Please contact us to investigate.
09-02 02:11:47.300  1513  4618 D CompatibilityChangeReporter: Compat change id reported: 149924527; UID 10261; state: ENABLED
09-02 02:11:47.306  1513  4618 D CompatibilityChangeReporter: Compat change id reported: 132649864; UID 10261; state: DISABLED
09-02 02:11:47.315  9499  9499 D BoundBrokerSvc: onBind: Intent { act=com.google.android.gms.safetynet.service.START pkg=com.google.android.gms }
09-02 02:11:47.315  9499  9499 D BoundBrokerSvc: Loading bound service for intent: Intent { act=com.google.android.gms.safetynet.service.START pkg=com.google.android.gms }
09-02 02:11:47.331 24026 24356 D ProfileInstaller: Installing profile for com.example.batterymanager_utility
09-02 02:11:47.384  1513  1536 D CompatibilityChangeReporter: Compat change id reported: 135634846; UID 10261; state: DISABLED
09-02 02:11:47.384  1513  1625 D CompatibilityChangeReporter: Compat change id reported: 143937733; UID 10261; state: ENABLED
09-02 02:11:47.389  2858  2858 I GoogleInputMethodService: GoogleInputMethodService.onFinishInput():3280 
09-02 02:11:47.390   779   779 D Zygote  : Forked child process 24367
09-02 02:11:47.390  2858  2858 I GoogleInputMethodService: GoogleInputMethodService.updateDeviceLockedStatus():2169 repeatCheckTimes = 0, unlocked = true
09-02 02:11:47.390  2858  2858 I GoogleInputMethodService: GoogleInputMethodService.onStartInput():1960 onStartInput(EditorInfo{inputType=0x0(NULL) imeOptions=0x12000000 privateImeOptions=null actionName=UNSPECIFIED actionLabel=null actionId=0 initialSelStart=-1 initialSelEnd=-1 initialCapsMode=0x0 hintText=null label=null packageName=com.opera.browser fieldId=-1 fieldName=null extras=null}, false)
09-02 02:11:47.390  2858  2858 I GoogleInputMethodService: GoogleInputMethodService.shouldHideHeaderOnInitialState():4081 ShouldHideHeaderOnInitialState = false
09-02 02:11:47.391  2858  2858 I GoogleInputMethodService: GoogleInputMethodService.updateDeviceLockedStatus():2169 repeatCheckTimes = 2, unlocked = true
09-02 02:11:47.391  1075 24234 W ServiceManager: Permission failure: android.permission.SYSTEM_CAMERA from uid=10261 pid=24083
09-02 02:11:47.393  1075 24234 I chatty  : uid=1047(cameraserver) Binder:1075_B identical 4 lines
09-02 02:11:47.393  1075 24234 W ServiceManager: Permission failure: android.permission.SYSTEM_CAMERA from uid=10261 pid=24083
09-02 02:11:47.397  1513  1625 I ActivityManager: Start proc 24367:com.opera.browser:sandboxed_process0/u0a261 for service {com.opera.browser/com.opera.android.browser.chromium.services.SandboxedProcessService0}
09-02 02:11:47.399   901  2806 I sensors-hal: [ssc_utils]get_qmi_debug_flag:244, support_qmi_debug : false
09-02 02:11:47.407 24367 24367 E dboxed_process: Not starting debugger since process cannot load the jdwp agent.
09-02 02:11:47.407   901  1000 W ASH     : @ 58693.858: Unhandled msg ID 999: line 1277
09-02 02:11:47.407   901  1000 E ASH     : @ 58693.858: No pb callback assigned
09-02 02:11:47.407   901  1000 E ASH     : @ 58693.858: Nanopb error: callback failed:1588
09-02 02:11:47.419 24083 24111 W SQLiteLog: (28) double-quoted string literal: "not_interested"
09-02 02:11:47.422 24083 24111 W SQLiteLog: (28) double-quoted string literal: "report"
09-02 02:11:47.427  1513  1536 D CompatibilityChangeReporter: Compat change id reported: 136274596; UID 10261; state: ENABLED
09-02 02:11:47.442 24083 24083 W InputMethodManager: Ignoring onBind: cur seq=3282, given seq=3281
09-02 02:11:47.442  1513  2000 D ConnectivityService: NetReassign [no changes]
09-02 02:11:47.451   901  2806 I sensors-hal: [ssc_utils]get_qmi_debug_flag:244, support_qmi_debug : false
09-02 02:11:47.479  2816 10278 I FontLog : Received query Noto Color Emoji Compat, URI content://com.google.android.gms.fonts [CONTEXT service_id=132 ]
09-02 02:11:47.480  2816 10278 I FontLog : Query [emojicompat-emoji-font] resolved to {Noto Color Emoji Compat, wdth 100.0, wght 400, ital 0.0, bestEffort false} [CONTEXT service_id=132 ]
09-02 02:11:47.480  2816 10278 I FontLog : Fetch {Noto Color Emoji Compat, wdth 100.0, wght 400, ital 0.0, bestEffort false} end status Status{statusCode=SUCCESS, resolution=null} [CONTEXT service_id=132 ]
09-02 02:11:47.480  1075 24234 W ServiceManager: Permission failure: android.permission.SYSTEM_CAMERA from uid=10261 pid=24083
09-02 02:11:47.482  1075 24234 I chatty  : uid=1047(cameraserver) Binder:1075_B identical 4 lines
09-02 02:11:47.482  1075 24234 W ServiceManager: Permission failure: android.permission.SYSTEM_CAMERA from uid=10261 pid=24083
09-02 02:11:47.483 24367 24367 W dboxed_process: JIT profile information will not be recorded: profile file does not exist.
09-02 02:11:47.483 24367 24367 W dboxed_process: JIT profile information will not be recorded: profile file does not exist.
09-02 02:11:47.487  2816  3139 I FontLog : Pulling font file for id = 2125, cache size = 4 [CONTEXT service_id=132 ]
09-02 02:11:47.487 24083 24083 W View    : requestLayout() improperly called by android.widget.FrameLayout{28a50fe VFE...C.. ......ID 320,1874-1069,2131 #7f0a01ca app:id/content} during layout: running second layout pass
09-02 02:11:47.487   901  1000 W ASH     : @ 58693.938: Unhandled msg ID 999: line 1277
09-02 02:11:47.487   901  1000 E ASH     : @ 58693.938: No pb callback assigned
09-02 02:11:47.488   901  1000 E ASH     : @ 58693.938: Nanopb error: callback failed:1588
09-02 02:11:47.489  2816  3139 I FontLog : Pulling font file for id = 2125, cache size = 4 [CONTEXT service_id=132 ]
09-02 02:11:47.495 24367 24367 D NetworkSecurityConfig: Using Network Security Config from resource network_security_config_official_build debugBuild: false
09-02 02:11:47.496 24367 24367 D NetworkSecurityConfig: Using Network Security Config from resource network_security_config_official_build debugBuild: false
09-02 02:11:47.498 10955 17343 I Finsky  : [5696] ncc.l(14): com.opera.browser: Account determined from installer data - [y0_1NG5HTmzf0bF7VytAKz9iHAD6w7yU52Le3i0fi68]
09-02 02:11:47.500 10955 17343 I Finsky  : [5696] ncc.l(61): Billing preferred account via installer for com.opera.browser: [y0_1NG5HTmzf0bF7VytAKz9iHAD6w7yU52Le3i0fi68]
09-02 02:11:47.501 10955 17343 W Finsky  : [5696] hgm.i(10): Unsupported billing API version: 19
09-02 02:11:47.502 10955 17343 I Finsky  : [5696] ncc.l(14): com.opera.browser: Account determined from installer data - [y0_1NG5HTmzf0bF7VytAKz9iHAD6w7yU52Le3i0fi68]
09-02 02:11:47.502 10955 17343 I Finsky  : [5696] ncc.l(61): Billing preferred account via installer for com.opera.browser: [y0_1NG5HTmzf0bF7VytAKz9iHAD6w7yU52Le3i0fi68]
09-02 02:11:47.503 10955 17343 W Finsky  : [5696] hgm.i(10): Unsupported billing API version: 18
09-02 02:11:47.504 10955 17343 I Finsky  : [5696] ncc.l(14): com.opera.browser: Account determined from installer data - [y0_1NG5HTmzf0bF7VytAKz9iHAD6w7yU52Le3i0fi68]
09-02 02:11:47.504 10955 17343 I Finsky  : [5696] ncc.l(61): Billing preferred account via installer for com.opera.browser: [y0_1NG5HTmzf0bF7VytAKz9iHAD6w7yU52Le3i0fi68]
09-02 02:11:47.518 10955 17343 I Finsky  : [5696] ncc.l(14): com.opera.browser: Account determined from installer data - [y0_1NG5HTmzf0bF7VytAKz9iHAD6w7yU52Le3i0fi68]
09-02 02:11:47.519 10955 17343 I Finsky  : [5696] ncc.l(61): Billing preferred account via installer for com.opera.browser: [y0_1NG5HTmzf0bF7VytAKz9iHAD6w7yU52Le3i0fi68]
09-02 02:11:47.520 10955 17343 W Finsky  : [5696] hgm.i(10): Unsupported billing API version: 19
09-02 02:11:47.521 10955 17343 I Finsky  : [5696] ncc.l(14): com.opera.browser: Account determined from installer data - [y0_1NG5HTmzf0bF7VytAKz9iHAD6w7yU52Le3i0fi68]
09-02 02:11:47.522 10955 17343 I Finsky  : [5696] ncc.l(61): Billing preferred account via installer for com.opera.browser: [y0_1NG5HTmzf0bF7VytAKz9iHAD6w7yU52Le3i0fi68]
09-02 02:11:47.523 10955 17343 W Finsky  : [5696] hgm.i(10): Unsupported billing API version: 18
09-02 02:11:47.525 10955 17343 I Finsky  : [5696] ncc.l(14): com.opera.browser: Account determined from installer data - [y0_1NG5HTmzf0bF7VytAKz9iHAD6w7yU52Le3i0fi68]
09-02 02:11:47.525 10955 17343 I Finsky  : [5696] ncc.l(61): Billing preferred account via installer for com.opera.browser: [y0_1NG5HTmzf0bF7VytAKz9iHAD6w7yU52Le3i0fi68]
09-02 02:11:47.529  2816  9459 W NetworkScheduler: Error inserting flex_time=856000 job_id=-1 period=1714000 source=16 requires_charging=0 preferred_network_type=1 target_class=com.google.android.gms.measurement.PackageMeasurementTaskService user_id=0 target_package=com.google.android.gms tag=Measurement.PackageMeasurementTaskService.UPLOAD_TASK_TAG task_type=0 required_idleness_state=0 service_kind=0 source_version=224312000 persistence_level=1 preferred_charging_state=1 required_network_type=0 runtime=1693613507523 retry_strategy={"maximum_backoff_seconds":{"3600":0},"initial_backoff_seconds":{"30":0},"retry_policy":{"0":0}} last_runtime=0 [CONTEXT service_id=218 ]
09-02 02:11:47.529  2816  9459 W NetworkScheduler: android.database.sqlite.SQLiteConstraintException: UNIQUE constraint failed: pending_ops.tag, pending_ops.target_class, pending_ops.target_package, pending_ops.user_id (code 2067 SQLITE_CONSTRAINT_UNIQUE)
09-02 02:11:47.529  2816  9459 W NetworkScheduler: 	at android.database.sqlite.SQLiteConnection.nativeExecuteForLastInsertedRowId(Native Method)
09-02 02:11:47.529  2816  9459 W NetworkScheduler: 	at android.database.sqlite.SQLiteConnection.executeForLastInsertedRowId(SQLiteConnection.java:938)
09-02 02:11:47.529  2816  9459 W NetworkScheduler: 	at android.database.sqlite.SQLiteSession.executeForLastInsertedRowId(SQLiteSession.java:790)
09-02 02:11:47.529  2816  9459 W NetworkScheduler: 	at android.database.sqlite.SQLiteStatement.executeInsert(SQLiteStatement.java:88)
09-02 02:11:47.529  2816  9459 W NetworkScheduler: 	at android.database.sqlite.SQLiteDatabase.insertWithOnConflict(SQLiteDatabase.java:1701)
09-02 02:11:47.529  2816  9459 W NetworkScheduler: 	at android.database.sqlite.SQLiteDatabase.insertOrThrow(SQLiteDatabase.java:1596)
09-02 02:11:47.529  2816  9459 W NetworkScheduler: 	at biky.g(:com.google.android.gms@224312037@22.43.12 (150400-483592595):53)
09-02 02:11:47.529  2816  9459 W NetworkScheduler: 	at bijr.n(:com.google.android.gms@224312037@22.43.12 (150400-483592595):3)
09-02 02:11:47.529  2816  9459 W NetworkScheduler: 	at bijr.u(:com.google.android.gms@224312037@22.43.12 (150400-483592595):20)
09-02 02:11:47.529  2816  9459 W NetworkScheduler: 	at bijr.h(:com.google.android.gms@224312037@22.43.12 (150400-483592595):3)
09-02 02:11:47.529  2816  9459 W NetworkScheduler: 	at bifi.run(:com.google.android.gms@224312037@22.43.12 (150400-483592595):9)
09-02 02:11:47.529  2816  9459 W NetworkScheduler: 	at zqv.c(:com.google.android.gms@224312037@22.43.12 (150400-483592595):6)
09-02 02:11:47.529  2816  9459 W NetworkScheduler: 	at zqv.run(:com.google.android.gms@224312037@22.43.12 (150400-483592595):7)
09-02 02:11:47.529  2816  9459 W NetworkScheduler: 	at java.util.concurrent.ThreadPoolExecutor.runWorker(ThreadPoolExecutor.java:1167)
09-02 02:11:47.529  2816  9459 W NetworkScheduler: 	at java.util.concurrent.ThreadPoolExecutor$Worker.run(ThreadPoolExecutor.java:641)
09-02 02:11:47.529  2816  9459 W NetworkScheduler: 	at zwa.run(:com.google.android.gms@224312037@22.43.12 (150400-483592595):0)
09-02 02:11:47.529  2816  9459 W NetworkScheduler: 	at java.lang.Thread.run(Thread.java:923)
09-02 02:11:47.540 10955 17343 I Finsky  : [5696] ncc.l(14): com.opera.browser: Account determined from installer data - [y0_1NG5HTmzf0bF7VytAKz9iHAD6w7yU52Le3i0fi68]
09-02 02:11:47.541 10955 17343 I Finsky  : [5696] ncc.l(61): Billing preferred account via installer for com.opera.browser: [y0_1NG5HTmzf0bF7VytAKz9iHAD6w7yU52Le3i0fi68]
09-02 02:11:47.573  2816  3139 I FontLog : Received query name=Google Sans&weight=700&besteffort=false, URI content://com.google.android.gms.fonts [CONTEXT service_id=132 ]
09-02 02:11:47.573  2816  3139 I FontLog : Query [name=Google Sans&weight=700&besteffort=false] resolved to {Google Sans, wdth 100.0, wght 700, ital 0.0, bestEffort false} [CONTEXT service_id=132 ]
09-02 02:11:47.574  2816  3139 I FontLog : Fetch {Google Sans, wdth 100.0, wght 700, ital 0.0, bestEffort false} end status Status{statusCode=SUCCESS, resolution=null} [CONTEXT service_id=132 ]
09-02 02:11:47.577  2816  3139 I FontLog : Pulling font file for id = 2126, cache size = 4 [CONTEXT service_id=132 ]
09-02 02:11:47.583  2816  3139 I FontLog : Received query name=Noto Color Emoji Compat&weight=400&besteffort=false, URI content://com.google.android.gms.fonts [CONTEXT service_id=132 ]
09-02 02:11:47.583  2816  3139 I FontLog : Query [name=Noto Color Emoji Compat&weight=400&besteffort=false] resolved to {Noto Color Emoji Compat, wdth 100.0, wght 400, ital 0.0, bestEffort false} [CONTEXT service_id=132 ]
09-02 02:11:47.584  2816  3139 I FontLog : Fetch {Noto Color Emoji Compat, wdth 100.0, wght 400, ital 0.0, bestEffort false} end status Status{statusCode=SUCCESS, resolution=null} [CONTEXT service_id=132 ]
09-02 02:11:47.585  2816  3139 I FontLog : Pulling font file for id = 2127, cache size = 5 [CONTEXT service_id=132 ]
09-02 02:11:47.587  2816  3139 I FontLog : Received query name=Google Sans&weight=400&besteffort=false, URI content://com.google.android.gms.fonts [CONTEXT service_id=132 ]
09-02 02:11:47.587  2816  3139 I FontLog : Query [name=Google Sans&weight=400&besteffort=false] resolved to {Google Sans, wdth 100.0, wght 400, ital 0.0, bestEffort false} [CONTEXT service_id=132 ]
09-02 02:11:47.588  2816  3139 I FontLog : Font PFD returned from cache for {Google Sans, wdth 100.0, wght 400, ital 0.0, bestEffort false} [CONTEXT service_id=132 ]
09-02 02:11:47.588  2816  3139 I FontLog : Fetch {Google Sans, wdth 100.0, wght 400, ital 0.0, bestEffort false} end status Status{statusCode=SUCCESS, resolution=null} [CONTEXT service_id=132 ]
09-02 02:11:47.589  2816  3139 I FontLog : Pulling font file for id = 2128, cache size = 5 [CONTEXT service_id=132 ]
09-02 02:11:47.595  2816  3139 I FontLog : Received query name=Google Sans&weight=500&besteffort=false, URI content://com.google.android.gms.fonts [CONTEXT service_id=132 ]
09-02 02:11:47.596  2816  3139 I FontLog : Query [name=Google Sans&weight=500&besteffort=false] resolved to {Google Sans, wdth 100.0, wght 500, ital 0.0, bestEffort false} [CONTEXT service_id=132 ]
09-02 02:11:47.598  2816  3139 I FontLog : Font PFD returned from cache for {Google Sans, wdth 100.0, wght 500, ital 0.0, bestEffort false} [CONTEXT service_id=132 ]
09-02 02:11:47.598  2816  3139 I FontLog : Fetch {Google Sans, wdth 100.0, wght 500, ital 0.0, bestEffort false} end status Status{statusCode=SUCCESS, resolution=null} [CONTEXT service_id=132 ]
09-02 02:11:47.611  2816  3139 I FontLog : Pulling font file for id = 2129, cache size = 6 [CONTEXT service_id=132 ]
09-02 02:11:47.622   901  2806 I sensors-hal: [ssc_utils]get_qmi_debug_flag:244, support_qmi_debug : false
09-02 02:11:47.628  1075 24234 W ServiceManager: Permission failure: android.permission.SYSTEM_CAMERA from uid=10261 pid=24083
09-02 02:11:47.629  1075 24234 W ServiceManager: Permission failure: android.permission.SYSTEM_CAMERA from uid=10261 pid=24083
09-02 02:11:47.629 24266 24420 W VideoCapabilities: Unrecognized level 1879048707 for video/x-vnd.on2.vp8
09-02 02:11:47.629 24266 24420 W VideoCapabilities: Unrecognized profile 1879048704 for video/x-vnd.on2.vp8
09-02 02:11:47.629  1075 24234 W ServiceManager: Permission failure: android.permission.SYSTEM_CAMERA from uid=10261 pid=24083
09-02 02:11:47.629  1075 24234 W ServiceManager: Permission failure: android.permission.SYSTEM_CAMERA from uid=10261 pid=24083
09-02 02:11:47.629 24266 24420 W VideoCapabilities: Unrecognized level 1879048707 for video/x-vnd.on2.vp8
09-02 02:11:47.629 24266 24420 W VideoCapabilities: Unrecognized profile 1879048704 for video/x-vnd.on2.vp8
09-02 02:11:47.630  1075 24234 W ServiceManager: Permission failure: android.permission.SYSTEM_CAMERA from uid=10261 pid=24083
09-02 02:11:47.630  1075 24234 W ServiceManager: Permission failure: android.permission.SYSTEM_CAMERA from uid=10261 pid=24083
09-02 02:11:47.636 24266 24420 W VideoCapabilities: Unsupported mime image/vnd.android.heic
09-02 02:11:47.636 24266 24420 W VideoCapabilities: Unrecognized level 1879048707 for video/x-vnd.on2.vp8
09-02 02:11:47.636 24266 24420 W VideoCapabilities: Unrecognized profile 1879048704 for video/x-vnd.on2.vp8
09-02 02:11:47.637 24266 24420 W VideoCapabilities: Unrecognized level 1879048707 for video/x-vnd.on2.vp8
09-02 02:11:47.637 24266 24420 W VideoCapabilities: Unrecognized profile 1879048704 for video/x-vnd.on2.vp8
09-02 02:11:47.640   901  2806 I sensors-hal: [ssc_utils]get_qmi_debug_flag:244, support_qmi_debug : false
09-02 02:11:47.647   901  1000 W ASH     : @ 58694.098: Unhandled msg ID 999: line 1277
09-02 02:11:47.648   901  1000 E ASH     : @ 58694.098: No pb callback assigned
09-02 02:11:47.648   901  1000 E ASH     : @ 58694.098: Nanopb error: callback failed:1588
09-02 02:11:47.648   901  1000 W ASH     : @ 58694.099: Unhandled msg ID 999: line 1277
09-02 02:11:47.648   901  1000 E ASH     : @ 58694.099: No pb callback assigned
09-02 02:11:47.648   901  1000 E ASH     : @ 58694.099: Nanopb error: callback failed:1588
09-02 02:11:47.930  1513  2060 W SyncManager: failed sync operation JobId=102750 ***/com.opera.browser.ping u0 [com.opera.browser.ping.provider] OTHER ExpectedIn=0s Reason=10261 Retries=131, SyncResult: delayUntil: 1693620707 stats [ numIoExceptions: 1]
09-02 02:11:48.288   901  1000 D VSC     : @ 58694.738: [WO] tilt angle 87
09-02 02:11:48.447   901  2806 I sensors-hal: [ssc_utils]get_qmi_debug_flag:244, support_qmi_debug : false
09-02 02:11:48.491   901  1000 W ASH     : @ 58694.941: Unhandled msg ID 999: line 1277
09-02 02:11:48.491   901  1000 E ASH     : @ 58694.941: No pb callback assigned
09-02 02:11:48.491   901  1000 E ASH     : @ 58694.941: Nanopb error: callback failed:1588
09-02 02:11:48.519   901  1000 I ASH     : @ 58694.969: tcs3701: ADC is saturated, removed sample from FIFO.
09-02 02:11:48.824 24083 24095 I m.opera.browse: Background young concurrent copying GC freed 308785(17MB) AllocSpace objects, 225(6760KB) LOS objects, 92% free, 8285KB/104MB, paused 368us total 175.694ms
09-02 02:11:50.328   901  1000 D VSC     : @ 58696.778: [WO] tilt angle 87
09-02 02:11:50.470  1513  2000 D ConnectivityService: NetReassign [no changes]
09-02 02:11:51.625   901  2806 I sensors-hal: [ssc_utils]get_qmi_debug_flag:244, support_qmi_debug : false
09-02 02:11:51.635   594 28441 I SDM     : HWDeviceDRM::UpdateMixerAttributes: Mixer WxH 1080x2340-1 for Peripheral
09-02 02:11:51.635   594 28441 I SDM     : DisplayBase::SetActiveConfig: Active configuration changed to: 0
09-02 02:11:51.635   594 28441 I SDM     : StrategyImpl::SetIdleTimeoutMs: Idle timeout set to zero for command mode panels
09-02 02:11:51.640   901  2806 I sensors-hal: [ssc_utils]get_qmi_debug_flag:244, support_qmi_debug : false
09-02 02:11:51.648   901  1000 W ASH     : @ 58698.099: Unhandled msg ID 999: line 1277
09-02 02:11:51.648   901  1000 E ASH     : @ 58698.099: No pb callback assigned
09-02 02:11:51.648   901  1000 E ASH     : @ 58698.099: Nanopb error: callback failed:1588
09-02 02:11:51.650   901  1000 W ASH     : @ 58698.101: Unhandled msg ID 999: line 1277
09-02 02:11:51.650   901  1000 E ASH     : @ 58698.101: No pb callback assigned
09-02 02:11:51.650   901  1000 E ASH     : @ 58698.101: Nanopb error: callback failed:1588
09-02 02:11:51.656  1513  1572 I DisplayManagerService: Display device changed: DisplayDeviceInfo{"Built-in Screen": uniqueId="local:19260504575090817", 1080 x 2340, modeId 2, defaultModeId 2, supportedModes [{id=1, width=1080, height=2340, fps=90.0}, {id=2, width=1080, height=2340, fps=60.000004}], colorMode 0, supportedColorModes [0, 7, 9], HdrCapabilities HdrCapabilities{mSupportedHdrTypes=[2, 3, 4], mMaxLuminance=500.0, mMaxAverageLuminance=500.0, mMinLuminance=0.0}, allmSupported false, gameContentTypeSupported false, density 440, 435.428 x 433.839 dpi, appVsyncOff 2333332, presDeadline 11500000, cutout DisplayCutout{insets=Rect(0, 136 - 0, 0) waterfall=Insets{left=0, top=0, right=0, bottom=0} boundingRect={Bounds=[Rect(0, 0 - 0, 0), Rect(0, 0 - 136, 136), Rect(0, 0 - 0, 0), Rect(0, 0 - 0, 0)]}}, touch INTERNAL, rotation 0, type INTERNAL, address {port=129, model=0x446d53ad64a0}, deviceProductInfo DeviceProductInfo{name=, manufacturerPnpId=QCM, productId=1, modelYear=null, manufactureDate=ManufactureDate{week=27, year=2006}, relativeAddress=null}, state ON, FLAG_DEFAULT_DISPLAY, FLAG_ROTATES_WITH_CONTENT, FLAG_SECURE, FLAG_SUPPORTS_PROTECTED_BUFFERS}
09-02 02:11:51.674   594 28441 I SDM     : StrategyImpl::SetIdleTimeoutMs: Idle timeout set to zero for command mode panels
09-02 02:11:51.940 24468 24468 W app_process: type=1400 audit(0.0:6970): avc: denied { read } for name="u:object_r:device_config_runtime_native_boot_prop:s0" dev="tmpfs" ino=10163 scontext=u:r:shell:s0 tcontext=u:object_r:device_config_runtime_native_boot_prop:s0 tclass=file permissive=0
09-02 02:11:51.940 24468 24468 I chatty  : uid=2000(shell) app_process identical 2 lines
09-02 02:11:51.940 24468 24468 W app_process: type=1400 audit(0.0:6973): avc: denied { read } for name="u:object_r:device_config_runtime_native_boot_prop:s0" dev="tmpfs" ino=10163 scontext=u:r:shell:s0 tcontext=u:object_r:device_config_runtime_native_boot_prop:s0 tclass=file permissive=0
09-02 02:11:51.940 24468 24468 D AndroidRuntime: >>>>>> START com.android.internal.os.RuntimeInit uid 2000 <<<<<<
09-02 02:11:51.943 24468 24468 E libc    : Access denied finding property "persist.device_config.runtime_native_boot.profilebootclasspath"
09-02 02:11:51.943 24468 24468 E libc    : Access denied finding property "persist.device_config.runtime_native_boot.enable_apex_image"
09-02 02:11:51.943 24468 24468 I AndroidRuntime: Using default boot image
09-02 02:11:51.943 24468 24468 E libc    : Access denied finding property "persist.device_config.runtime_native_boot.disable_lock_profiling"
09-02 02:11:51.943 24468 24468 I AndroidRuntime: Leaving lock profiling enabled
09-02 02:11:51.943 24468 24468 E libc    : Access denied finding property "persist.device_config.runtime_native_boot.enable_generational_cc"
09-02 02:11:52.005 24468 24468 D app_process: Time zone APEX ICU file found: /apex/com.android.tzdata/etc/icu/icu_tzdata.dat
09-02 02:11:52.005 24468 24468 D app_process: I18n APEX ICU file found: /apex/com.android.i18n/etc/icu/icudt66l.dat
09-02 02:11:52.012 24468 24468 I app_process: The ClassLoaderContext is a special shared library.
09-02 02:11:52.022 24468 24468 W app_process: JNI RegisterNativeMethods: attempt to register 0 native methods for android.media.AudioAttributes
09-02 02:11:52.026 24468 24468 D AndroidRuntime: Calling main entry com.android.commands.input.Input
