09-01 21:17:24.934 25161 25573 I BatteryMgr:DataCollectionService: stats => 1693595844934,6103,4407
09-01 21:17:25.041 25161 25573 I BatteryMgr:DataCollectionService: stats => 1693595845041,8239,4407
09-01 21:17:25.110  1513  1513 D NotificationService: 0|com.example.batterymanager_utility|1|null|10260: granting content://settings/system/notification_sound
09-01 21:17:25.111  1513  1513 I chatty  : uid=1000(system) Binder:1513_3 identical 3 lines
09-01 21:17:25.112  1513  1513 D NotificationService: 0|com.example.batterymanager_utility|1|null|10260: granting content://settings/system/notification_sound
09-01 21:17:25.113  1513  1513 W NotificationHistory: Attempted to add notif for locked/gone/disabled user 0
09-01 21:17:25.119  2062  2062 D InterruptionStateProvider: No bubble up: not allowed to bubble: 0|com.example.batterymanager_utility|1|null|10260
09-01 21:17:25.120  2062  2062 D InterruptionStateProvider: No heads up: unimportant notification: 0|com.example.batterymanager_utility|1|null|10260
09-01 21:17:25.148 25161 25573 I BatteryMgr:DataCollectionService: stats => 1693595845147,305,4407
09-01 21:17:25.254 25161 25573 I BatteryMgr:DataCollectionService: stats => 1693595845254,7324,4407
09-01 21:17:25.358 25161 25573 I BatteryMgr:DataCollectionService: stats => 1693595845358,7629,4407
09-01 21:17:25.463 25161 25573 I BatteryMgr:DataCollectionService: stats => 1693595845462,10375,4407
09-01 21:17:25.567 25161 25573 I BatteryMgr:DataCollectionService: stats => 1693595845567,10375,4407
09-01 21:17:25.672 25161 25573 I BatteryMgr:DataCollectionService: stats => 1693595845672,6408,4407
09-01 21:17:25.777 25161 25573 I BatteryMgr:DataCollectionService: stats => 1693595845777,8544,4407
09-01 21:17:25.882 25161 25573 I BatteryMgr:DataCollectionService: stats => 1693595845882,7629,4407
09-01 21:17:25.988 25161 25573 I BatteryMgr:DataCollectionService: stats => 1693595845988,12512,4407
09-01 21:17:26.095 25161 25573 I BatteryMgr:DataCollectionService: stats => 1693595846095,9765,4407
09-01 21:17:26.166   901  1000 D VSC     : @ 41032.618: [WO] tilt angle 89
09-01 21:17:26.201 25161 25573 I BatteryMgr:DataCollectionService: stats => 1693595846201,6408,4407
09-01 21:17:26.307 25161 25573 I BatteryMgr:DataCollectionService: stats => 1693595846307,8544,4407
09-01 21:17:26.414 25161 25573 I BatteryMgr:DataCollectionService: stats => 1693595846414,20751,4407
09-01 21:17:26.521 25161 25573 I BatteryMgr:DataCollectionService: stats => 1693595846521,15563,4407
09-01 21:17:26.627 25161 25573 I BatteryMgr:DataCollectionService: stats => 1693595846627,9155,4407
09-01 21:17:26.732 25161 25573 I BatteryMgr:DataCollectionService: stats => 1693595846732,8850,4407
09-01 21:17:26.840 25161 25573 I BatteryMgr:DataCollectionService: stats => 1693595846840,8544,4407
09-01 21:17:26.847  1513  2000 D ConnectivityService: NetReassign [no changes]
09-01 21:17:26.947 25161 25573 I BatteryMgr:DataCollectionService: stats => 1693595846947,8239,4407
09-01 21:17:27.053 25161 25573 I BatteryMgr:DataCollectionService: stats => 1693595847053,8544,4407
09-01 21:17:27.160 25161 25573 I BatteryMgr:DataCollectionService: stats => 1693595847160,7629,4407
09-01 21:17:27.237  1513  3241 I ActivityTaskManager: START u0 {act=android.intent.action.VIEW dat=http://192.168.88.177:8000/... flg=0x10000000 cmp=org.mozilla.firefox/org.mozilla.gecko.BrowserApp} from uid 2000
09-01 21:17:27.237  1513  1572 D EventSequenceValidator: Transition from ACTIVITY_FINISHED to INTENT_STARTED
09-01 21:17:27.241 25596 25598 I cmd     : oneway function results will be dropped but finished with status OK and parcel size 4
09-01 21:17:27.242  1513  1572 D EventSequenceValidator: Transition from INTENT_STARTED to INTENT_FAILED
09-01 21:17:27.244  1513  3221 W ActivityTaskManager: Tried to set launchTime (0) < mLastActivityLaunchTime (41022354)
09-01 21:17:27.252   594 28441 I SDM     : HWDeviceDRM::UpdateMixerAttributes: Mixer WxH 1080x2340-1 for Peripheral
09-01 21:17:27.252   594 28441 I SDM     : DisplayBase::SetActiveConfig: Active configuration changed to: 1
09-01 21:17:27.252   594 28441 I SDM     : StrategyImpl::SetIdleTimeoutMs: Idle timeout set to zero for command mode panels
09-01 21:17:27.256   901  2806 I sensors-hal: [ssc_utils]get_qmi_debug_flag:244, support_qmi_debug : false
09-01 21:17:27.257  1513  2905 I ActivityTaskManager: START u0 {act=android.intent.action.VIEW dat=http://192.168.88.177:8000/... cmp=org.mozilla.firefox/org.mozilla.fenix.HomeActivity (has extras)} from uid 10258
09-01 21:17:27.258 25218 25269 I SessionStorage/AutoSave: Save: New tab selected
09-01 21:17:27.263  1513  1572 I DisplayManagerService: Display device changed: DisplayDeviceInfo{"Built-in Screen": uniqueId="local:19260504575090817", 1080 x 2340, modeId 1, defaultModeId 2, supportedModes [{id=1, width=1080, height=2340, fps=90.0}, {id=2, width=1080, height=2340, fps=60.000004}], colorMode 0, supportedColorModes [0, 7, 9], HdrCapabilities HdrCapabilities{mSupportedHdrTypes=[2, 3, 4], mMaxLuminance=500.0, mMaxAverageLuminance=500.0, mMinLuminance=0.0}, allmSupported false, gameContentTypeSupported false, density 440, 435.428 x 433.839 dpi, appVsyncOff 2333333, presDeadline 11500000, cutout DisplayCutout{insets=Rect(0, 136 - 0, 0) waterfall=Insets{left=0, top=0, right=0, bottom=0} boundingRect={Bounds=[Rect(0, 0 - 0, 0), Rect(0, 0 - 136, 136), Rect(0, 0 - 0, 0), Rect(0, 0 - 0, 0)]}}, touch INTERNAL, rotation 0, type INTERNAL, address {port=129, model=0x446d53ad64a0}, deviceProductInfo DeviceProductInfo{name=, manufacturerPnpId=QCM, productId=1, modelYear=null, manufactureDate=ManufactureDate{week=27, year=2006}, relativeAddress=null}, state ON, FLAG_DEFAULT_DISPLAY, FLAG_ROTATES_WITH_CONTENT, FLAG_SECURE, FLAG_SUPPORTS_PROTECTED_BUFFERS}
09-01 21:17:27.264 25161 25573 I BatteryMgr:DataCollectionService: stats => 1693595847264,6103,4407
09-01 21:17:27.269  1513  1572 D EventSequenceValidator: inc AccIntentStartedEvents to 1
09-01 21:17:27.270  1084  1928 W iorapd  : Rejecting transition from kIntentFailed to kActivityLaunchCancelled
09-01 21:17:27.285   901  1000 W ASH     : @ 41033.738: Unhandled msg ID 999: line 1277
09-01 21:17:27.285   901  1000 E ASH     : @ 41033.738: No pb callback assigned
09-01 21:17:27.285   901  1000 E ASH     : @ 41033.738: Nanopb error: callback failed:1588
09-01 21:17:27.301  2858  2858 I GoogleInputMethodService: GoogleInputMethodService.onFinishInput():3280 
09-01 21:17:27.302  2858  2858 I GoogleInputMethodService: GoogleInputMethodService.updateDeviceLockedStatus():2169 repeatCheckTimes = 0, unlocked = true
09-01 21:17:27.302  2858  2858 I GoogleInputMethodService: GoogleInputMethodService.onStartInput():1960 onStartInput(EditorInfo{inputType=0x0(NULL) imeOptions=0x1 privateImeOptions=null actionName=NONE actionLabel=null actionId=0 initialSelStart=-1 initialSelEnd=-1 initialCapsMode=0x0 hintText=null label=null packageName=org.mozilla.firefox fieldId=-1 fieldName=null extras=null}, false)
09-01 21:17:27.302  2858  2858 I GoogleInputMethodService: GoogleInputMethodService.shouldHideHeaderOnInitialState():4081 ShouldHideHeaderOnInitialState = false
09-01 21:17:27.302  2858  2858 I GoogleInputMethodService: GoogleInputMethodService.updateDeviceLockedStatus():2169 repeatCheckTimes = 2, unlocked = true
09-01 21:17:27.319   594 28441 I SDM     : HWDeviceDRM::UpdateMixerAttributes: Mixer WxH 1080x2340-1 for Peripheral
09-01 21:17:27.319   594 28441 I SDM     : DisplayBase::SetActiveConfig: Active configuration changed to: 0
09-01 21:17:27.319   594 28441 I SDM     : StrategyImpl::SetIdleTimeoutMs: Idle timeout set to zero for command mode panels
09-01 21:17:27.322   901  2806 I sensors-hal: [ssc_utils]get_qmi_debug_flag:244, support_qmi_debug : false
09-01 21:17:27.330 25218 25218 I WebExtension: releasePendingMessages: extension=cookies@mozac.org nativeApp=MozacBrowserSearchMessage session=org.mozilla.geckoview.GeckoSession@f713ad5
09-01 21:17:27.331 25218 25218 I WebExtension: releasePendingMessages: extension=icons@mozac.org nativeApp=MozacBrowserIcons session=org.mozilla.geckoview.GeckoSession@f713ad5
09-01 21:17:27.332 25218 25218 I WebExtension: releasePendingMessages: extension=fxa@mozac.org nativeApp=mozacWebchannel session=org.mozilla.geckoview.GeckoSession@f713ad5
09-01 21:17:27.333 25218 25218 I WebExtension: releasePendingMessages: extension=ads@mozac.org nativeApp=MozacBrowserAdsMessage session=org.mozilla.geckoview.GeckoSession@f713ad5
09-01 21:17:27.333 25218 25218 I WebExtension: releasePendingMessages: extension=readerview@mozac.org nativeApp=mozacReaderviewActive session=org.mozilla.geckoview.GeckoSession@f713ad5
09-01 21:17:27.334 25218 25218 I WebExtension: releasePendingMessages: extension=readerview@mozac.org nativeApp=mozacReaderview session=org.mozilla.geckoview.GeckoSession@f713ad5
09-01 21:17:27.334  1513  1572 I DisplayManagerService: Display device changed: DisplayDeviceInfo{"Built-in Screen": uniqueId="local:19260504575090817", 1080 x 2340, modeId 2, defaultModeId 2, supportedModes [{id=1, width=1080, height=2340, fps=90.0}, {id=2, width=1080, height=2340, fps=60.000004}], colorMode 0, supportedColorModes [0, 7, 9], HdrCapabilities HdrCapabilities{mSupportedHdrTypes=[2, 3, 4], mMaxLuminance=500.0, mMaxAverageLuminance=500.0, mMinLuminance=0.0}, allmSupported false, gameContentTypeSupported false, density 440, 435.428 x 433.839 dpi, appVsyncOff 2333332, presDeadline 11500000, cutout DisplayCutout{insets=Rect(0, 136 - 0, 0) waterfall=Insets{left=0, top=0, right=0, bottom=0} boundingRect={Bounds=[Rect(0, 0 - 0, 0), Rect(0, 0 - 136, 136), Rect(0, 0 - 0, 0), Rect(0, 0 - 0, 0)]}}, touch INTERNAL, rotation 0, type INTERNAL, address {port=129, model=0x446d53ad64a0}, deviceProductInfo DeviceProductInfo{name=, manufacturerPnpId=QCM, productId=1, modelYear=null, manufactureDate=ManufactureDate{week=27, year=2006}, relativeAddress=null}, state ON, FLAG_DEFAULT_DISPLAY, FLAG_ROTATES_WITH_CONTENT, FLAG_SECURE, FLAG_SUPPORTS_PROTECTED_BUFFERS}
09-01 21:17:27.335   594 28441 I SDM     : StrategyImpl::SetIdleTimeoutMs: Idle timeout set to zero for command mode panels
09-01 21:17:27.349 25218 25218 I SessionPrioritizationMiddleware: Update the currentSelectedTab 81c7cb77-a355-4680-a63c-6486430c82b7 priority to HIGH
09-01 21:17:27.360  1513  3241 D CompatibilityChangeReporter: Compat change id reported: 135634846; UID 10258; state: DISABLED
09-01 21:17:27.360  1513  3241 D CompatibilityChangeReporter: Compat change id reported: 135754954; UID 10258; state: ENABLED
09-01 21:17:27.361  1513  1625 D CompatibilityChangeReporter: Compat change id reported: 143937733; UID 10258; state: ENABLED
09-01 21:17:27.365   901  1000 W ASH     : @ 41033.818: Unhandled msg ID 999: line 1277
09-01 21:17:27.365   901  1000 E ASH     : @ 41033.818: No pb callback assigned
09-01 21:17:27.365   901  1000 E ASH     : @ 41033.818: Nanopb error: callback failed:1588
09-01 21:17:27.367 25161 25573 I BatteryMgr:DataCollectionService: stats => 1693595847367,-365600,4407
09-01 21:17:27.373   594 28441 I SDM     : HWDeviceDRM::UpdateMixerAttributes: Mixer WxH 1080x2340-1 for Peripheral
09-01 21:17:27.373   594 28441 I SDM     : DisplayBase::SetActiveConfig: Active configuration changed to: 1
09-01 21:17:27.373   594 28441 I SDM     : StrategyImpl::SetIdleTimeoutMs: Idle timeout set to zero for command mode panels
09-01 21:17:27.374   778   778 D Zygote  : Forked child process 25616
09-01 21:17:27.379  1513  1572 I DisplayManagerService: Display device changed: DisplayDeviceInfo{"Built-in Screen": uniqueId="local:19260504575090817", 1080 x 2340, modeId 1, defaultModeId 2, supportedModes [{id=1, width=1080, height=2340, fps=90.0}, {id=2, width=1080, height=2340, fps=60.000004}], colorMode 0, supportedColorModes [0, 7, 9], HdrCapabilities HdrCapabilities{mSupportedHdrTypes=[2, 3, 4], mMaxLuminance=500.0, mMaxAverageLuminance=500.0, mMinLuminance=0.0}, allmSupported false, gameContentTypeSupported false, density 440, 435.428 x 433.839 dpi, appVsyncOff 2333333, presDeadline 11500000, cutout DisplayCutout{insets=Rect(0, 136 - 0, 0) waterfall=Insets{left=0, top=0, right=0, bottom=0} boundingRect={Bounds=[Rect(0, 0 - 0, 0), Rect(0, 0 - 136, 136), Rect(0, 0 - 0, 0), Rect(0, 0 - 0, 0)]}}, touch INTERNAL, rotation 0, type INTERNAL, address {port=129, model=0x446d53ad64a0}, deviceProductInfo DeviceProductInfo{name=, manufacturerPnpId=QCM, productId=1, modelYear=null, manufactureDate=ManufactureDate{week=27, year=2006}, relativeAddress=null}, state ON, FLAG_DEFAULT_DISPLAY, FLAG_ROTATES_WITH_CONTENT, FLAG_SECURE, FLAG_SUPPORTS_PROTECTED_BUFFERS}
09-01 21:17:27.380   901  2806 I sensors-hal: [ssc_utils]get_qmi_debug_flag:244, support_qmi_debug : false
09-01 21:17:27.390  1513  1625 I ActivityManager: Start proc 25616:org.mozilla.firefox:tab32/u0a258 for service {org.mozilla.firefox/org.mozilla.gecko.process.GeckoChildProcessServices$tab32}
09-01 21:17:27.396 25616 25616 E a.firefox:tab3: Not starting debugger since process cannot load the jdwp agent.
09-01 21:17:27.405   901  1000 W ASH     : @ 41033.858: Unhandled msg ID 999: line 1277
09-01 21:17:27.405   901  1000 E ASH     : @ 41033.858: No pb callback assigned
09-01 21:17:27.405   901  1000 E ASH     : @ 41033.858: Nanopb error: callback failed:1588
09-01 21:17:27.406  1513  2905 D CompatibilityChangeReporter: Compat change id reported: 136274596; UID 10258; state: ENABLED
09-01 21:17:27.426 25616 25616 D NetworkSecurityConfig: No Network Security Config specified, using platform default
09-01 21:17:27.426 25616 25616 D NetworkSecurityConfig: No Network Security Config specified, using platform default
09-01 21:17:27.438 25616 25616 I ServiceChildProcess: onCreate
09-01 21:17:27.438 25616 25641 I GeckoThread: preparing to run Gecko
09-01 21:17:27.442 25616 25641 I GeckoLoader: Library base=/data/app/~~BtOtpENtY_8SJVQLgbYgRg==/org.mozilla.firefox-ZoJ8FBGk3KN0nHoYkPw1IA==/lib/arm64
09-01 21:17:27.442 25616 25641 I GeckoLoader: Library base=/data/app/~~BtOtpENtY_8SJVQLgbYgRg==/org.mozilla.firefox-ZoJ8FBGk3KN0nHoYkPw1IA==/lib/arm64
09-01 21:17:27.443 25616 25641 E GeckoLibLoad: Load sqlite start
09-01 21:17:27.443 25616 25641 E GeckoLibLoad: Load sqlite done
09-01 21:17:27.443 25616 25641 I GeckoLoader: Library base=/data/app/~~BtOtpENtY_8SJVQLgbYgRg==/org.mozilla.firefox-ZoJ8FBGk3KN0nHoYkPw1IA==/lib/arm64
09-01 21:17:27.443 25616 25641 E GeckoLibLoad: Load nss start
09-01 21:17:27.443 25616 25641 E GeckoLibLoad: Load nss done
09-01 21:17:27.443 25616 25641 I GeckoLoader: Library base=/data/app/~~BtOtpENtY_8SJVQLgbYgRg==/org.mozilla.firefox-ZoJ8FBGk3KN0nHoYkPw1IA==/lib/arm64
09-01 21:17:27.453 25616 25641 E GeckoLibLoad: Loaded libs in 9.381407ms total, 0ms(0ms) user, 6ms(9ms) system, 0(0) faults
09-01 21:17:27.453 25616 25641 W GeckoThread: zerdatime 41030679 - runGecko
09-01 21:17:27.461 25218 25255 I GeckoSession: zerdatime 41030687 - chrome startup finished
09-01 21:17:27.471 25161 25573 I BatteryMgr:DataCollectionService: stats => 1693595847470,-285949,4407
09-01 21:17:27.474 25218 25218 I GeckoSession: handleMessage GeckoView:PageStart uri=
09-01 21:17:27.475 25218 25218 I GeckoSession: handleMessage GeckoView:PageStop uri=null
09-01 21:17:27.484 25218 25218 W GeckoSession: No history entries found.
09-01 21:17:27.484 25218 25218 W GeckoSession: No history entries found.
09-01 21:17:27.485 25218 25262 I SessionPrioritizationMiddleware: Update the tab 494f0145-496c-453e-8709-2175b9fea1ac priority to DEFAULT
09-01 21:17:27.492   901  2806 I sensors-hal: [ssc_utils]get_qmi_debug_flag:244, support_qmi_debug : false
09-01 21:17:27.503   901  2806 I sensors-hal: [ssc_utils]get_qmi_debug_flag:244, support_qmi_debug : false
09-01 21:17:27.517 25218 25218 I GeckoSession: handleMessage GeckoView:PageStart uri=
09-01 21:17:27.528   901  1000 W ASH     : @ 41033.978: Unhandled msg ID 999: line 1277
09-01 21:17:27.528   901  1000 E ASH     : @ 41033.978: No pb callback assigned
09-01 21:17:27.528   901  1000 E ASH     : @ 41033.978: Nanopb error: callback failed:1588
09-01 21:17:27.574 25161 25573 I BatteryMgr:DataCollectionService: stats => 1693595847574,-374756,4407
09-01 21:17:27.644   901  2806 I sensors-hal: [ssc_utils]get_qmi_debug_flag:244, support_qmi_debug : false
09-01 21:17:27.661   901  1000 W ASH     : @ 41034.114: Unhandled msg ID 999: line 1277
09-01 21:17:27.661   901  1000 E ASH     : @ 41034.114: No pb callback assigned
09-01 21:17:27.661   901  1000 E ASH     : @ 41034.114: Nanopb error: callback failed:1588
09-01 21:17:27.677 25161 25573 I BatteryMgr:DataCollectionService: stats => 1693595847677,-190124,4407
09-01 21:17:27.782 25161 25573 I BatteryMgr:DataCollectionService: stats => 1693595847782,610,4407
09-01 21:17:27.888 25161 25573 I BatteryMgr:DataCollectionService: stats => 1693595847888,24108,4407
09-01 21:17:27.995 25161 25573 I BatteryMgr:DataCollectionService: stats => 1693595847995,8544,4407
09-01 21:17:28.101 25161 25573 I BatteryMgr:DataCollectionService: stats => 1693595848101,-89721,4407
09-01 21:17:28.166   901  1000 D VSC     : @ 41034.618: [WO] tilt angle 89
09-01 21:17:28.207 25161 25573 I BatteryMgr:DataCollectionService: stats => 1693595848207,6103,4407
09-01 21:17:28.314 25161 25573 I BatteryMgr:DataCollectionService: stats => 1693595848314,7324,4407
09-01 21:17:28.420 25161 25573 I BatteryMgr:DataCollectionService: stats => 1693595848420,7934,4407
09-01 21:17:28.526 25161 25573 I BatteryMgr:DataCollectionService: stats => 1693595848526,13122,4407
09-01 21:17:28.633 25161 25573 I BatteryMgr:DataCollectionService: stats => 1693595848633,10375,4407
09-01 21:17:28.739 25161 25573 I BatteryMgr:DataCollectionService: stats => 1693595848739,8239,4407
09-01 21:17:28.846 25161 25573 I BatteryMgr:DataCollectionService: stats => 1693595848846,11901,4407
09-01 21:17:28.952 25161 25573 I BatteryMgr:DataCollectionService: stats => 1693595848952,8544,4407
09-01 21:17:29.058 25161 25573 I BatteryMgr:DataCollectionService: stats => 1693595849058,6408,4407
09-01 21:17:29.162 25161 25573 I BatteryMgr:DataCollectionService: stats => 1693595849162,10375,4407
09-01 21:17:29.266 25161 25573 I BatteryMgr:DataCollectionService: stats => 1693595849266,9765,4407
09-01 21:17:29.300 25218 25255 D GeckoIdleService: Get idle time: time since reset 5011 msec
09-01 21:17:29.300 25218 25255 D GeckoIdleService: Idle timer callback: current idle time 5011 msec
09-01 21:17:29.300 25218 25255 D GeckoIdleService: next timeout 174989 msec from now
09-01 21:17:29.300 25218 25255 D GeckoIdleService: SetTimerExpiryIfBefore: next timeout 174989 msec from now
09-01 21:17:29.300 25218 25255 D GeckoIdleService: reset timer expiry to 174999 msec from now
09-01 21:17:29.300 25218 25255 D GeckoIdleService: Idle timer callback: tell observer 0x7a2b088bc8 user is idle
09-01 21:17:29.373 25161 25573 I BatteryMgr:DataCollectionService: stats => 1693595849372,915,4407
09-01 21:17:29.477 25161 25573 I BatteryMgr:DataCollectionService: stats => 1693595849477,11291,4407
09-01 21:17:29.582 25161 25573 I BatteryMgr:DataCollectionService: stats => 1693595849582,11291,4407
09-01 21:17:29.686 25161 25573 I BatteryMgr:DataCollectionService: stats => 1693595849686,9155,4407
09-01 21:17:29.791 25161 25573 I BatteryMgr:DataCollectionService: stats => 1693595849791,8239,4407
09-01 21:17:29.865  1513  2000 D ConnectivityService: NetReassign [no changes]
09-01 21:17:29.895 25161 25573 I BatteryMgr:DataCollectionService: stats => 1693595849895,5798,4407
09-01 21:17:30.001 25161 25573 I BatteryMgr:DataCollectionService: stats => 1693595850001,8850,4407
09-01 21:17:30.105 25161 25573 I BatteryMgr:DataCollectionService: stats => 1693595850105,8239,4407
09-01 21:17:30.166   901  1000 D VSC     : @ 41036.618: [WO] tilt angle 89
09-01 21:17:30.210 25161 25573 I BatteryMgr:DataCollectionService: stats => 1693595850210,10070,4407
09-01 21:17:30.315 25161 25573 I BatteryMgr:DataCollectionService: stats => 1693595850315,10375,4407
09-01 21:17:30.420 25161 25573 I BatteryMgr:DataCollectionService: stats => 1693595850419,11901,4407
09-01 21:17:30.525 25161 25573 I BatteryMgr:DataCollectionService: stats => 1693595850525,28076,4407
09-01 21:17:30.630 25161 25573 I BatteryMgr:DataCollectionService: stats => 1693595850630,6408,4407
09-01 21:17:30.735 25161 25573 I BatteryMgr:DataCollectionService: stats => 1693595850735,21972,4407
09-01 21:17:30.840 25161 25573 I BatteryMgr:DataCollectionService: stats => 1693595850840,9155,4407
09-01 21:17:30.946 25161 25573 I BatteryMgr:DataCollectionService: stats => 1693595850946,9765,4407
09-01 21:17:31.052 25161 25573 I BatteryMgr:DataCollectionService: stats => 1693595851052,8239,4407
09-01 21:17:31.159 25161 25573 I BatteryMgr:DataCollectionService: stats => 1693595851159,7019,4407
09-01 21:17:31.265 25161 25573 I BatteryMgr:DataCollectionService: stats => 1693595851265,7934,4407
09-01 21:17:31.371 25161 25573 I BatteryMgr:DataCollectionService: stats => 1693595851371,9460,4407
09-01 21:17:31.477 25161 25573 I BatteryMgr:DataCollectionService: stats => 1693595851477,7934,4407
09-01 21:17:31.584 25161 25573 I BatteryMgr:DataCollectionService: stats => 1693595851584,7934,4407
09-01 21:17:31.687 25161 25573 I BatteryMgr:DataCollectionService: stats => 1693595851687,8239,4407
09-01 21:17:31.794 25161 25573 I BatteryMgr:DataCollectionService: stats => 1693595851793,10375,4407
09-01 21:17:31.900 25161 25573 I BatteryMgr:DataCollectionService: stats => 1693595851899,8239,4407
09-01 21:17:32.005 25161 25573 I BatteryMgr:DataCollectionService: stats => 1693595852005,9155,4407
09-01 21:17:32.112 25161 25573 I BatteryMgr:DataCollectionService: stats => 1693595852111,7019,4407
09-01 21:17:32.168   901  1000 D VSC     : @ 41038.620: [WO] tilt angle 89
09-01 21:17:32.218 25161 25573 I BatteryMgr:DataCollectionService: stats => 1693595852218,18310,4407
09-01 21:17:32.324 25161 25573 I BatteryMgr:DataCollectionService: stats => 1693595852323,9460,4407
09-01 21:17:32.428 25161 25573 I BatteryMgr:DataCollectionService: stats => 1693595852427,11596,4407
09-01 21:17:32.481 25714 25716 I cmd     : oneway function results will be dropped but finished with status OK and parcel size 4
09-01 21:17:32.497   901  2806 I sensors-hal: [ssc_utils]get_qmi_debug_flag:244, support_qmi_debug : false
09-01 21:17:32.525   901  1000 W ASH     : @ 41038.978: Unhandled msg ID 999: line 1277
09-01 21:17:32.525   901  1000 E ASH     : @ 41038.978: No pb callback assigned
09-01 21:17:32.525   901  1000 E ASH     : @ 41038.978: Nanopb error: callback failed:1588
09-01 21:17:32.684   901  2806 I sensors-hal: [ssc_utils]get_qmi_debug_flag:244, support_qmi_debug : false
09-01 21:17:32.699  1513  3241 I ActivityManager: Force stopping org.mozilla.firefox appid=10258 user=0: from pid 25737
09-01 21:17:32.699  1513  3241 I ActivityManager: Killing 25400:org.mozilla.firefox:gpu/u0a258 (adj 0): stop org.mozilla.firefox due to from pid 25737
09-01 21:17:32.701  1513  3241 I ActivityManager: Killing 25616:org.mozilla.firefox:tab32/u0a258 (adj 0): stop org.mozilla.firefox due to from pid 25737
09-01 21:17:32.702  1513  3241 I ActivityManager: Killing 25218:org.mozilla.firefox/u0a258 (adj 0): stop org.mozilla.firefox due to from pid 25737
09-01 21:17:32.705 25324 25324 I ServiceChildProcess: Destroying GeckoServiceChildProcess
09-01 21:17:32.706  1513  3241 W ActivityTaskManager: Force removing ActivityRecord{cf0b500 u0 org.mozilla.firefox/org.mozilla.fenix.HomeActivity t1657 f}}: app died, no saved state
09-01 21:17:32.709   901  2806 I sensors-hal: [ssc_utils]get_qmi_debug_flag:244, support_qmi_debug : false
09-01 21:17:32.716   778 25617 I Zygote  : Process 25400 exited due to signal 9 (Killed)
09-01 21:17:32.716   778   778 I Zygote  : Process 25616 exited due to signal 9 (Killed)
09-01 21:17:32.716 25324 25358 I Gecko   : [GFX1-]: CompositorBridgeChild receives IPC close with reason=AbnormalShutdown
09-01 21:17:32.717 25324 25324 I la.firefox:tab: System.exit called, status: 0
09-01 21:17:32.718 25324 25324 I AndroidRuntime: VM exiting with result code 0, cleanup skipped.
09-01 21:17:32.720  1513  3241 I ActivityManager: Killing 25324:org.mozilla.firefox:tab0/u0a258 (adj 0): stop org.mozilla.firefox due to from pid 25737
09-01 21:17:32.722  1513  3241 I WindowManager:   Force finishing activity ActivityRecord{cf0b500 u0 org.mozilla.firefox/org.mozilla.fenix.HomeActivity t1657 f} isExiting}
09-01 21:17:32.722  1513  3241 W ActivityTaskManager: Duplicate finish request for r=ActivityRecord{cf0b500 u0 org.mozilla.firefox/org.mozilla.fenix.HomeActivity t1657 f} isExiting}
09-01 21:17:32.725   901  1000 W ASH     : @ 41039.178: Unhandled msg ID 999: line 1277
09-01 21:17:32.725   901  1000 E ASH     : @ 41039.178: No pb callback assigned
09-01 21:17:32.725   901  1000 E ASH     : @ 41039.178: Nanopb error: callback failed:1588
09-01 21:17:32.730  2474  2474 E PhoneInterfaceManager: [PhoneIntfMgr] getCarrierPackageNamesForIntentAndPhone: No UICC
09-01 21:17:32.730  2474  2474 D CarrierSvcBindHelper: No carrier app for: 0
09-01 21:17:32.730  1513  2905 W ActivityManager: Unbind failed: could not find connection for android.os.BinderProxy@19c71d2
09-01 21:17:32.734  8777 25748 I EuiccGoogle: [6511] EuiccServiceImpl.onGetEuiccProfileInfoList: onGetEuiccProfileInfoList: slotId = -1
09-01 21:17:32.738  8777 25748 W EuiccGoogle: [6511] EuiccServiceImpl.onGetEuiccProfileInfoList: slotId=-1. No eUICC is active. Return null.
09-01 21:17:32.739  3088  3653 I AssistantForeground: (REDACTED) Get launcher package: %s
09-01 21:17:32.743  1513  1640 I libprocessgroup: Successfully killed process cgroup uid 10258 pid 25400 in 43ms
09-01 21:17:32.744  1513  1640 I libprocessgroup: Successfully killed process cgroup uid 10258 pid 25616 in 0ms
09-01 21:17:32.745   778   778 I Zygote  : Process 25218 exited due to signal 9 (Killed)
09-01 21:17:32.745  1513  1640 I libprocessgroup: Successfully killed process cgroup uid 10258 pid 25218 in 0ms
09-01 21:17:32.746  1513  2262 I WindowManager: WIN DEATH: Window{423db3c u0 org.mozilla.firefox/org.mozilla.fenix.HomeActivity}
09-01 21:17:32.747  1513  2262 W InputDispatcher: Attempted to unregister already unregistered input channel '423db3c org.mozilla.firefox/org.mozilla.fenix.HomeActivity (server)'
09-01 21:17:32.748  1513  1572 W ActivityManager: setHasOverlayUi called on unknown pid: 25218
09-01 21:17:32.753  3135  3135 D RegisteredNfcFServicesCache: Service unchanged, not updating
09-01 21:17:32.759   778   778 I Zygote  : Process 25324 exited cleanly (0)
09-01 21:17:32.784  2858  2858 I GoogleInputMethodService: GoogleInputMethodService.onFinishInput():3280 
09-01 21:17:32.785  2858  2858 I GoogleInputMethodService: GoogleInputMethodService.updateDeviceLockedStatus():2169 repeatCheckTimes = 0, unlocked = true
09-01 21:17:32.785  2858  2858 I GoogleInputMethodService: GoogleInputMethodService.onStartInput():1960 onStartInput(EditorInfo{inputType=0x0(NULL) imeOptions=0x0 privateImeOptions=null actionName=UNSPECIFIED actionLabel=null actionId=0 initialSelStart=-1 initialSelEnd=-1 initialCapsMode=0x0 hintText=null label=null packageName=com.example.batterymanager_utility fieldId=-1 fieldName=null extras=null}, false)
09-01 21:17:32.785  2858  2858 I GoogleInputMethodService: GoogleInputMethodService.shouldHideHeaderOnInitialState():4081 ShouldHideHeaderOnInitialState = false
09-01 21:17:32.786  2858  2858 I GoogleInputMethodService: GoogleInputMethodService.updateDeviceLockedStatus():2169 repeatCheckTimes = 2, unlocked = true
09-01 21:17:32.790  1513  1640 I libprocessgroup: Successfully killed process cgroup uid 10258 pid 25324 in 44ms
09-01 21:17:32.839  1513  1513 W Looper  : Slow dispatch took 111ms main h=android.app.ActivityThread$H c=android.app.-$$Lambda$LoadedApk$ReceiverDispatcher$Args$_BumDX2UKsnxLVrE6UJsJZkotuA@e4546f m=0
09-01 21:17:32.839  1513  1565 W Looper  : Slow dispatch took 110ms android.fg h=com.android.server.AppStateTracker$MyHandler c=null m=0
09-01 21:17:32.873  1513  2000 D ConnectivityService: NetReassign [no changes]
09-01 21:17:34.144   901  1000 D VSC     : @ 41040.596: [WO] tilt angle 89
09-01 21:17:34.492   901  2806 I sensors-hal: [ssc_utils]get_qmi_debug_flag:244, support_qmi_debug : false
09-01 21:17:34.505   901  2806 I sensors-hal: [ssc_utils]get_qmi_debug_flag:244, support_qmi_debug : false
09-01 21:17:34.525   901  1000 W ASH     : @ 41040.978: Unhandled msg ID 999: line 1277
09-01 21:17:34.525   901  1000 E ASH     : @ 41040.978: No pb callback assigned
09-01 21:17:34.525   901  1000 E ASH     : @ 41040.978: Nanopb error: callback failed:1588
09-01 21:17:34.615   901  2806 I sensors-hal: [ssc_utils]get_qmi_debug_flag:244, support_qmi_debug : false
09-01 21:17:34.645   901  1000 W ASH     : @ 41041.098: Unhandled msg ID 999: line 1277
09-01 21:17:34.645   901  1000 E ASH     : @ 41041.098: No pb callback assigned
09-01 21:17:34.646   901  1000 E ASH     : @ 41041.098: Nanopb error: callback failed:1588
09-01 21:17:35.857  1513  3232 I ActivityManager: Force stopping com.example.batterymanager_utility appid=10260 user=0: from pid 25764
09-01 21:17:35.857  1513  3232 I ActivityManager: Killing 25161:com.example.batterymanager_utility/u0a260 (adj 0): stop com.example.batterymanager_utility due to from pid 25764
09-01 21:17:35.858  1513  3232 W ActivityTaskManager: Force removing ActivityRecord{8ee6c13 u0 com.example.batterymanager_utility/.MainActivity t1655 f}}: app died, no saved state
09-01 21:17:35.862   901  2806 I sensors-hal: [ssc_utils]get_qmi_debug_flag:244, support_qmi_debug : false
09-01 21:17:35.878   778   778 I Zygote  : Process 25161 exited due to signal 9 (Killed)
09-01 21:17:35.884  2474  2474 E PhoneInterfaceManager: [PhoneIntfMgr] getCarrierPackageNamesForIntentAndPhone: No UICC
09-01 21:17:35.884  2474  2474 D CarrierSvcBindHelper: No carrier app for: 0
09-01 21:17:35.887   901  1000 W ASH     : @ 41042.338: Unhandled msg ID 999: line 1277
09-01 21:17:35.887   901  1000 E ASH     : @ 41042.338: No pb callback assigned
09-01 21:17:35.887   901  1000 E ASH     : @ 41042.338: Nanopb error: callback failed:1588
09-01 21:17:35.890  1513  2000 D ConnectivityService: NetReassign [no changes]
09-01 21:17:35.896  1513  1572 W ActivityManager: setHasOverlayUi called on unknown pid: 25161
09-01 21:17:35.900  1513  1640 I libprocessgroup: Successfully killed process cgroup uid 10260 pid 25161 in 42ms
09-01 21:17:35.901  3088  3657 I AssistantForeground: (REDACTED) Get launcher package: %s
09-01 21:17:35.905  8777 25770 I EuiccGoogle: [6512] EuiccServiceImpl.onGetEuiccProfileInfoList: onGetEuiccProfileInfoList: slotId = -1
09-01 21:17:35.906  3135  3135 D RegisteredNfcFServicesCache: Service unchanged, not updating
09-01 21:17:35.913  8777 25770 W EuiccGoogle: [6512] EuiccServiceImpl.onGetEuiccProfileInfoList: slotId=-1. No eUICC is active. Return null.
09-01 21:17:35.920  2158  2158 I WallpaperService: engine resumed
09-01 21:17:35.922   901   901 I sensors-hal: [hal]batch_physical_sensor:301, android.sensor.gyroscope/41, period=20000000, max_latency=0
09-01 21:17:35.922   901   901 I sensors-hal: [hal]batch_physical_sensor:310, android.sensor.gyroscope/41, period=20000000, max_latency=0 request completed
09-01 21:17:35.922   901   901 I sensors-hal: [hal]activate_physical_sensor:238, android.sensor.gyroscope/41 en=1
09-01 21:17:35.922   901   901 I sensors-hal: [ssc_utils]get_qmi_debug_flag:244, support_qmi_debug : false
09-01 21:17:35.925   901   901 W sensors@2.0-ser: type=1400 audit(0.0:5019): avc: denied { read write } for name="diag" dev="tmpfs" ino=12474 scontext=u:r:hal_sensors_default:s0 tcontext=u:object_r:diag_device:s0 tclass=chr_file permissive=0
09-01 21:17:35.925   901   901 W sensors@2.0-ser: type=1400 audit(0.0:5020): avc: denied { read write } for name="diag" dev="tmpfs" ino=12474 scontext=u:r:hal_sensors_default:s0 tcontext=u:object_r:diag_device:s0 tclass=chr_file permissive=0
09-01 21:17:35.929  2858  2858 I GoogleInputMethodService: GoogleInputMethodService.onFinishInput():3280 
09-01 21:17:35.929   901   901 D Diag_Lib:  Diag_LSM_Init: Failed to open handle to diag driver, error = 13
09-01 21:17:35.929   901   901 D Diag_Lib:  Diag_LSM_Init: Failed to open handle to diag driver, error = 13
09-01 21:17:35.930   901   901 I sensors-hal: [ssc_sensor]update_handle:537, handle=331, type=33, wakeup=0, hwid=0, base=331
09-01 21:17:35.930  2858  2858 I GoogleInputMethodService: GoogleInputMethodService.updateDeviceLockedStatus():2169 repeatCheckTimes = 0, unlocked = true
09-01 21:17:35.930   901   901 I sensors-hal: [ssc_utils]get_qmi_debug_flag:244, support_qmi_debug : false
09-01 21:17:35.930  2858  2858 I GoogleInputMethodService: GoogleInputMethodService.onStartInput():1960 onStartInput(EditorInfo{inputType=0x0(NULL) imeOptions=0x0 privateImeOptions=null actionName=UNSPECIFIED actionLabel=null actionId=0 initialSelStart=-1 initialSelEnd=-1 initialCapsMode=0x0 hintText=null label=null packageName=com.google.android.apps.nexuslauncher fieldId=-1 fieldName=null extras=null}, false)
09-01 21:17:35.930  2858  2858 I GoogleInputMethodService: GoogleInputMethodService.shouldHideHeaderOnInitialState():4081 ShouldHideHeaderOnInitialState = false
09-01 21:17:35.930  2858  2858 I GoogleInputMethodService: GoogleInputMethodService.updateDeviceLockedStatus():2169 repeatCheckTimes = 2, unlocked = true
09-01 21:17:35.936   901   901 I sensors-hal: [ssc_utils]get_qmi_debug_flag:244, support_qmi_debug : false
09-01 21:17:35.937   901  1000 W SEE     : @ 41042.390: adding req to Q sensor=8 req=0xb20291f8 msg=513
09-01 21:17:35.937  3088  3088 I GsaVoiceInteractionSrv: Handling ACTION_START_HOTWORD
09-01 21:17:35.937   901 25778 I sensors-hal: [ssc_sensor]ssc_conn_resp_cb:663, resp_value = 0
09-01 21:17:35.938  3088  3620 I GsaVoiceInteractionSrv: (REDACTED) disregardVoiceMatch: %b
09-01 21:17:35.938  3088  3620 I GsaVoiceInteractionSrv: Cannot start hotword, hotword has been explicitly disabled.
09-01 21:17:35.939   901 25778 I sensors-hal: [sensor]submit_sensors_hal_event:146, android.sensor.additional_info: trying to push empty Events, count = 0
09-01 21:17:35.939   901 25778 I sensors-hal: [sensor]submit_sensors_hal_event:146, android.sensor.additional_info: trying to push empty Events, count = 0
09-01 21:17:35.942   901   901 I sensors-hal: [hal]activate_physical_sensor:249, android.sensor.gyroscope/41 en=1 completed
09-01 21:17:35.943   901 25781 I sensors-hal: [ssc_sensor]ssc_conn_resp_cb:663, resp_value = 0
09-01 21:17:35.944   901  1000 W SEE     : @ 41042.396: adding req to Q sensor=2 req=0xb202e178 msg=513
09-01 21:17:35.945   901 25781 I sensors-hal: [sensor]submit_sensors_hal_event:146, android.sensor.gyroscope: trying to push empty Events, count = 1
09-01 21:17:35.946   901 25781 I chatty  : uid=1000(system) 41_see identical 2 lines
09-01 21:17:35.953   901 25781 I sensors-hal: [sensor]submit_sensors_hal_event:146, android.sensor.gyroscope: trying to push empty Events, count = 1
09-01 21:17:36.165   901  1000 D VSC     : @ 41042.618: [WO] tilt angle 89
09-01 21:17:36.258   901  2806 I sensors-hal: [ssc_utils]get_qmi_debug_flag:244, support_qmi_debug : false
09-01 21:17:36.285   901  1000 W ASH     : @ 41042.738: Unhandled msg ID 999: line 1277
09-01 21:17:36.285   901  1000 E ASH     : @ 41042.738: No pb callback assigned
09-01 21:17:36.285   901  1000 E ASH     : @ 41042.738: Nanopb error: callback failed:1588
09-01 21:17:36.974   901  2806 I sensors-hal: [ssc_utils]get_qmi_debug_flag:244, support_qmi_debug : false
09-01 21:17:37.006   901  1000 W ASH     : @ 41043.458: Unhandled msg ID 999: line 1277
09-01 21:17:37.006   901  1000 E ASH     : @ 41043.458: No pb callback assigned
09-01 21:17:37.006   901  1000 E ASH     : @ 41043.458: Nanopb error: callback failed:1588
09-01 21:17:37.072   901  2806 I sensors-hal: [ssc_utils]get_qmi_debug_flag:244, support_qmi_debug : false
09-01 21:17:37.085   901  1000 W ASH     : @ 41043.538: Unhandled msg ID 999: line 1277
09-01 21:17:37.086   901  1000 E ASH     : @ 41043.538: No pb callback assigned
09-01 21:17:37.086   901  1000 E ASH     : @ 41043.538: Nanopb error: callback failed:1588
09-01 21:17:37.976   901  2806 I sensors-hal: [ssc_utils]get_qmi_debug_flag:244, support_qmi_debug : false
09-01 21:17:37.983   594 28441 I SDM     : HWDeviceDRM::UpdateMixerAttributes: Mixer WxH 1080x2340-1 for Peripheral
09-01 21:17:37.983   594 28441 I SDM     : DisplayBase::SetActiveConfig: Active configuration changed to: 0
09-01 21:17:37.983   594 28441 I SDM     : StrategyImpl::SetIdleTimeoutMs: Idle timeout set to zero for command mode panels
09-01 21:17:37.988   901  2806 I sensors-hal: [ssc_utils]get_qmi_debug_flag:244, support_qmi_debug : false
09-01 21:17:38.005   901  1000 W ASH     : @ 41044.458: Unhandled msg ID 999: line 1277
09-01 21:17:38.005   901  1000 E ASH     : @ 41044.458: No pb callback assigned
09-01 21:17:38.005   901  1000 E ASH     : @ 41044.458: Nanopb error: callback failed:1588
09-01 21:17:38.027  1513  1572 I DisplayManagerService: Display device changed: DisplayDeviceInfo{"Built-in Screen": uniqueId="local:19260504575090817", 1080 x 2340, modeId 2, defaultModeId 2, supportedModes [{id=1, width=1080, height=2340, fps=90.0}, {id=2, width=1080, height=2340, fps=60.000004}], colorMode 0, supportedColorModes [0, 7, 9], HdrCapabilities HdrCapabilities{mSupportedHdrTypes=[2, 3, 4], mMaxLuminance=500.0, mMaxAverageLuminance=500.0, mMinLuminance=0.0}, allmSupported false, gameContentTypeSupported false, density 440, 435.428 x 433.839 dpi, appVsyncOff 2333332, presDeadline 11500000, cutout DisplayCutout{insets=Rect(0, 136 - 0, 0) waterfall=Insets{left=0, top=0, right=0, bottom=0} boundingRect={Bounds=[Rect(0, 0 - 0, 0), Rect(0, 0 - 136, 136), Rect(0, 0 - 0, 0), Rect(0, 0 - 0, 0)]}}, touch INTERNAL, rotation 0, type INTERNAL, address {port=129, model=0x446d53ad64a0}, deviceProductInfo DeviceProductInfo{name=, manufacturerPnpId=QCM, productId=1, modelYear=null, manufactureDate=ManufactureDate{week=27, year=2006}, relativeAddress=null}, state ON, FLAG_DEFAULT_DISPLAY, FLAG_ROTATES_WITH_CONTENT, FLAG_SECURE, FLAG_SUPPORTS_PROTECTED_BUFFERS}
09-01 21:17:38.029   594 28441 I SDM     : StrategyImpl::SetIdleTimeoutMs: Idle timeout set to zero for command mode panels
09-01 21:17:38.166   901  1000 D VSC     : @ 41044.618: [WO] tilt angle 89
09-01 21:17:38.914  1513  2000 D ConnectivityService: NetReassign [no changes]
09-01 21:17:40.167   901  1000 D VSC     : @ 41046.618: [WO] tilt angle 89
