09-02 12:18:11.370  3979  4668 D ConnectivityService: filterNetworkStateForUid() uid: 10154 networkInfo: [type: WIFI[] - WIFI, state: CONNECTED/CONNECTED, reason: (unspecified), extra: "WiFi 69", failover: false, available: true, roaming: false, metered: false]
09-02 12:18:11.370  3979  4200 V InputMethodManagerService: Client requesting input be hidden, flags : 0
09-02 12:18:11.370  3979  4200 V InputMethodManagerService: hideCurrentInputLocked : shouldHideSoftInput is false
09-02 12:18:11.375 13448 13448 D ViewRootImpl@88b7945[HomeActivity]: MSG_WINDOW_FOCUS_CHANGED 1
09-02 12:18:11.378  3979  4668 D InputMethodManagerService: startInputOrWindowGainedFocus : windowGainedFocus 
09-02 12:18:11.378  3979  4668 D InputMethodManagerService: windowGainedFocus: destinationUserId (getCallingUid) = 0
09-02 12:18:11.378  3979  4668 D InputMethodManagerService: windowGainedFocus: currentUserId=0
09-02 12:18:11.378  3979  4668 D InputMethodManagerService: windowGainedFocus: mCurrentFocusedUserId=0
09-02 12:18:11.378  3979  4668 D InputMethodManagerService: windowGainedFocus : lock - currentUserId = 0 destinationUserId = 0
09-02 12:18:11.378  3979  4668 D InputMethodManagerService: windowGainedFocus : mCurrentFocusedUserId - 0 and mSecureKeypadEnabled - false, userSwitched - false
09-02 12:18:11.378  3979  4668 W InputMethodManagerService: Window already focused, ignoring focus gain of: com.android.internal.view.IInputMethodClient$Stub$Proxy@861d2e3 attribute=null, token = android.os.BinderProxy@38bd4b9
09-02 12:18:11.380  3979  4668 D ActivityManager: isScaleDownAnimationEnabled() : false
09-02 12:18:11.381  3979  4668 D PersonaManagerService: Current focused persona service handled id set to : 0
09-02 12:18:11.381  3979  4668 D InputDispatcher: Focused application set to: xxxx
09-02 12:18:11.383  3979  4238 D GameManagerService: handleForegroundChange(). pkgName: org.mozilla.firefox, clsName: org.mozilla.fenix.HomeActivity,FgActivityName:org.mozilla.firefox/org.mozilla.fenix.HomeActivity
09-02 12:18:11.383  3979  4238 D GameManagerService:   handleForegroundChange(). same package. game has never resumed yet. ignore
09-02 12:18:11.383  3979  4668 D MARsPolicyManager: onPackageResumedFG pkgName = org.mozilla.firefox, userId = 0
09-02 12:18:11.400  3979  3990 V WindowManager: Relayout Window{d7020fe u0 org.mozilla.firefox/org.mozilla.fenix.HomeActivity}: viewVisibility=0 req=720x1280 WM.LayoutParams{(0,0)(fillxfill) sim=#10 ty=1 fl=#81010100 pfl=0x20000 fmt=-3 wanim=0x7f1404fa vsysui=0x2610 needsMenuKey=2 colorMode=0 naviIconColor=0}
09-02 12:18:11.405 13448 13448 D ViewRootImpl@88b7945[HomeActivity]: Relayout returned: old=[0,0][720,1280] new=[0,0][720,1280] result=0x1 surface={valid=true 533316685824} changed=false
09-02 12:18:11.415 13448 13526 I zygote64: Deoptimizing boolean kotlinx.coroutines.AbstractCoroutine.isActive() due to JIT inline cache
09-02 12:18:11.421  3979  3990 D ConnectivityService: filterNetworkStateForUid() uid: 10154 networkInfo: [type: WIFI[] - WIFI, state: CONNECTED/CONNECTED, reason: (unspecified), extra: "WiFi 69", failover: false, available: true, roaming: false, metered: false]
09-02 12:18:11.424  3979  3990 D ActivityManager: post active user change for 0 fullscreen true isHomeActivity() false
09-02 12:18:11.432  3979  3990 V WindowManager: Relayout Window{d7020fe u0 org.mozilla.firefox/org.mozilla.fenix.HomeActivity}: viewVisibility=0 req=720x1280 WM.LayoutParams{(0,0)(fillxfill) sim=#110 ty=1 fl=#81010100 pfl=0x20000 fmt=-3 wanim=0x7f1404fa vsysui=0x2610 needsMenuKey=2 colorMode=0 naviIconColor=0}
09-02 12:18:11.436 13448 13448 D ViewRootImpl@88b7945[HomeActivity]: Relayout returned: old=[0,0][720,1280] new=[0,0][720,1280] result=0x1 surface={valid=true 533316685824} changed=false
09-02 12:18:11.437 13448 13528 I zygote64: Deoptimizing boolean kotlinx.coroutines.JobSupport.isActive() due to JIT inline cache
09-02 12:18:11.443 13408 13795 I BatteryMgr:DataCollectionService: stats => 1693649891443,-104,4248
09-02 12:18:11.446  4349  4372 D SystemServicesProxy: updateOverviewLastStackActiveTimeAsync: newTime=1693559943942
09-02 12:18:11.447  3979  4668 D SecContentProvider: query(), uri = 17 selection = isSettingsChangesAllowed
09-02 12:18:11.448  3979  4668 D SecContentProvider: called from android.uid.systemui:10009
09-02 12:18:11.449  4349  4561 D SystemServicesProxy: updateOverviewLastStackActiveTimeAsync: done.
09-02 12:18:11.544  3979  3990 D ConnectivityService: filterNetworkStateForUid() uid: 10025 networkInfo: [type: WIFI[] - WIFI, state: CONNECTED/CONNECTED, reason: (unspecified), extra: "WiFi 69", failover: false, available: true, roaming: false, metered: false]
09-02 12:18:11.547 13408 13795 I BatteryMgr:DataCollectionService: stats => 1693649891547,-104,4248
09-02 12:18:11.564  3979  5977 D ConnectivityService: filterNetworkStateForUid() uid: 10025 networkInfo: [type: WIFI[] - WIFI, state: CONNECTED/CONNECTED, reason: (unspecified), extra: "WiFi 69", failover: false, available: true, roaming: false, metered: false]
09-02 12:18:11.652 13408 13795 I BatteryMgr:DataCollectionService: stats => 1693649891652,-104,4248
09-02 12:18:11.757 13408 13795 I BatteryMgr:DataCollectionService: stats => 1693649891757,-104,4248
09-02 12:18:11.864 13408 13795 I BatteryMgr:DataCollectionService: stats => 1693649891864,-104,4248
09-02 12:18:11.952  4962  4962 D io_stats: !@ 179,0 r 595647 18060460 w 370953 7940896 d 38981 19196416 f 104161 106404 iot 472000 396680 th 51200 0 0 pt 0 inp 0 0 40425.197
09-02 12:18:11.969 13408 13795 I BatteryMgr:DataCollectionService: stats => 1693649891969,-104,4248
09-02 12:18:12.074 13408 13795 I BatteryMgr:DataCollectionService: stats => 1693649892074,-104,4248
09-02 12:18:12.120  3449  3449 I android.hardware.wifi@1.0-service: getLinkLayerStats
09-02 12:18:12.180 13408 13795 I BatteryMgr:DataCollectionService: stats => 1693649892180,-104,4248
09-02 12:18:12.286 13408 13795 I BatteryMgr:DataCollectionService: stats => 1693649892286,-104,4248
09-02 12:18:12.392 13408 13795 I BatteryMgr:DataCollectionService: stats => 1693649892392,-104,4248
09-02 12:18:12.498 13408 13795 I BatteryMgr:DataCollectionService: stats => 1693649892498,-104,4248
09-02 12:18:12.604 13408 13795 I BatteryMgr:DataCollectionService: stats => 1693649892604,-104,4248
09-02 12:18:12.710 13408 13795 I BatteryMgr:DataCollectionService: stats => 1693649892710,-104,4248
09-02 12:18:12.816 13408 13795 I BatteryMgr:DataCollectionService: stats => 1693649892816,-104,4248
09-02 12:18:12.922 13408 13795 I BatteryMgr:DataCollectionService: stats => 1693649892922,-104,4248
09-02 12:18:13.028 13408 13795 I BatteryMgr:DataCollectionService: stats => 1693649893028,-104,4248
09-02 12:18:13.134 13408 13795 I BatteryMgr:DataCollectionService: stats => 1693649893133,-104,4248
09-02 12:18:13.240 13408 13795 I BatteryMgr:DataCollectionService: stats => 1693649893240,-104,4248
09-02 12:18:13.286  3979  5035 D ActivityManagerPerformance: Received MSG_DISABLE_ACT_START, r: ActivityRecord{2d984c8 u0 org.mozilla.firefox/org.mozilla.gecko.BrowserApp t-1 f}
09-02 12:18:13.287  3979  5035 D CustomFrequencyManagerService: acquireDVFSLockLocked : type : DVFS_MIN_LIMIT  frequency : 1560000  uid : 1000  pid : 3979  pkgName : AMS_RESUME_TAIL@CPU_MIN@14
09-02 12:18:13.288  3979  5035 D ActivityManagerPerformance: AMP_acquire() TAIL
09-02 12:18:13.288  3979  5035 D CustomFrequencyManagerService: releaseDVFSLockLocked : Getting Lock type frm List : DVFS_MIN_LIMIT  frequency : 1560000  uid : 1000  pid : 3979  tag : AMS_ACT_START@CPU_MIN@8
09-02 12:18:13.289  3979  5035 D ActivityManagerPerformance: AMP_release() ACT_START
09-02 12:18:13.306  3979  3979 D PreBindingService: handleMessage : 1
09-02 12:18:13.333  3979  3979 D PreBindingService: handleMessage : 1
09-02 12:18:13.345 13408 13795 I BatteryMgr:DataCollectionService: stats => 1693649893345,-104,4248
09-02 12:18:13.452 13408 13795 I BatteryMgr:DataCollectionService: stats => 1693649893452,-104,4248
09-02 12:18:13.557 13408 13795 I BatteryMgr:DataCollectionService: stats => 1693649893557,-104,4248
09-02 12:18:13.662 13408 13795 I BatteryMgr:DataCollectionService: stats => 1693649893662,-104,4248
09-02 12:18:13.768 13408 13795 I BatteryMgr:DataCollectionService: stats => 1693649893768,-104,4248
09-02 12:18:13.873 13408 13795 I BatteryMgr:DataCollectionService: stats => 1693649893873,-104,4248
09-02 12:18:13.889  3979  3979 D CustomFrequencyManagerService: releaseDVFSLockLocked : Getting Lock type frm List : DVFS_MIN_LIMIT  frequency : 1560000  uid : 1000  pid : 3979  tag : AMS_RESUME_TAIL@CPU_MIN@14
09-02 12:18:13.982 13408 13795 I BatteryMgr:DataCollectionService: stats => 1693649893982,-104,4248
09-02 12:18:14.092 13408 13795 I BatteryMgr:DataCollectionService: stats => 1693649894092,-104,4248
09-02 12:18:14.202 13408 13795 I BatteryMgr:DataCollectionService: stats => 1693649894202,-104,4248
09-02 12:18:14.312 13408 13795 I BatteryMgr:DataCollectionService: stats => 1693649894311,-104,4248
09-02 12:18:14.421 13408 13795 I BatteryMgr:DataCollectionService: stats => 1693649894421,-104,4248
09-02 12:18:14.531 13408 13795 I BatteryMgr:DataCollectionService: stats => 1693649894531,-104,4248
09-02 12:18:14.547 13408 13414 I zygote64: Do partial code cache collection, code=58KB, data=45KB
09-02 12:18:14.548 13408 13414 I zygote64: After code cache collection, code=58KB, data=45KB
09-02 12:18:14.548 13408 13414 I zygote64: Increasing code cache capacity to 256KB
09-02 12:18:14.641 13408 13795 I BatteryMgr:DataCollectionService: stats => 1693649894641,-104,4248
09-02 12:18:14.751 13408 13795 I BatteryMgr:DataCollectionService: stats => 1693649894751,-104,4248
09-02 12:18:14.861 13408 13795 I BatteryMgr:DataCollectionService: stats => 1693649894861,-104,4248
09-02 12:18:14.971 13408 13795 I BatteryMgr:DataCollectionService: stats => 1693649894971,-104,4248
09-02 12:18:14.975 14031 14031 E adbd    : recv: OPEN 0001d466 00000000 0029:73 68 65 6C 6C 2C 76 32 2C 54 45 52 4D 3D 78 74 65 72 6D 2D 32 35 36 63 6F 6C 6F 72 2C 72 61 77 3A 64 61 74 65 20 2D 75 00 
09-02 12:18:14.975 14031 14031 E adbd    : service_to_fd: shell,v2,TERM=xterm-256color,raw:date -u
09-02 12:18:15.052 14031 14031 E adbd    : recv: OPEN 0001d469 00000000 003e:73 68 65 6C 6C 2C 76 32 2C 54 45 52 4D 3D 78 74 65 72 6D 2D 32 35 36 63 6F 6C 6F 72 2C 72 61 77 3A 64 75 6D 70 73 79 73 20 63 70 75 69 6E 66 6F 20 7C 20 67 72 65 70 20 54 4F 54 41 4C 00 
09-02 12:18:15.052 14031 14031 E adbd    : service_to_fd: shell,v2,TERM=xterm-256color,raw:dumpsys cpuinfo | grep TOTAL
09-02 12:18:15.077 13408 13795 I BatteryMgr:DataCollectionService: stats => 1693649895077,-104,4248
09-02 12:18:15.132 14031 14031 E adbd    : recv: OPEN 0001d46c 00000000 003d:73 68 65 6C 6C 2C 76 32 2C 54 45 52 4D 3D 78 74 65 72 6D 2D 32 35 36 63 6F 6C 6F 72 2C 72 61 77 3A 64 75 6D 70 73 79 73 20 6D 65 6D 69 6E 66 6F 20 7C 20 67 72 65 70 20 55 73 65 64 00 
09-02 12:18:15.132 14031 14031 E adbd    : service_to_fd: shell,v2,TERM=xterm-256color,raw:dumpsys meminfo | grep Used
09-02 12:18:15.135  3449  3449 I android.hardware.wifi@1.0-service: getLinkLayerStats
09-02 12:18:15.183 13408 13795 I BatteryMgr:DataCollectionService: stats => 1693649895183,-104,4248
09-02 12:18:15.287 13408 13795 I BatteryMgr:DataCollectionService: stats => 1693649895287,-104,4248
09-02 12:18:15.397 13408 13795 I BatteryMgr:DataCollectionService: stats => 1693649895396,-104,4248
09-02 12:18:15.507 13408 13795 I BatteryMgr:DataCollectionService: stats => 1693649895506,-104,4248
09-02 12:18:15.616 13408 13795 I BatteryMgr:DataCollectionService: stats => 1693649895616,-104,4248
09-02 12:18:15.727 13408 13795 I BatteryMgr:DataCollectionService: stats => 1693649895726,-104,4248
09-02 12:18:15.832 13408 13795 I BatteryMgr:DataCollectionService: stats => 1693649895832,-104,4248
09-02 12:18:15.939 13408 13795 I BatteryMgr:DataCollectionService: stats => 1693649895938,-104,4248
09-02 12:18:16.048 13408 13795 I BatteryMgr:DataCollectionService: stats => 1693649896048,-104,4248
09-02 12:18:16.158 13408 13795 I BatteryMgr:DataCollectionService: stats => 1693649896158,-104,4248
09-02 12:18:16.269 13408 13795 I BatteryMgr:DataCollectionService: stats => 1693649896269,-104,4248
09-02 12:18:16.347 14031 14031 E adbd    : recv: OPEN 0001d46f 00000000 0042:73 68 65 6C 6C 2C 76 32 2C 54 45 52 4D 3D 78 74 65 72 6D 2D 32 35 36 63 6F 6C 6F 72 2C 72 61 77 3A 67 65 74 70 72 6F 70 20 72 6F 2E 62 75 69 6C 64 2E 76 65 72 73 69 6F 6E 2E 72 65 6C 65 61 73 65 00 
09-02 12:18:16.347 14031 14031 E adbd    : service_to_fd: shell,v2,TERM=xterm-256color,raw:getprop ro.build.version.release
09-02 12:18:16.377 13408 13795 I BatteryMgr:DataCollectionService: stats => 1693649896377,-104,4248
09-02 12:18:16.436 14031 14031 E adbd    : recv: OPEN 0001d472 00000000 003e:73 68 65 6C 6C 2C 76 32 2C 54 45 52 4D 3D 78 74 65 72 6D 2D 32 35 36 63 6F 6C 6F 72 2C 72 61 77 3A 67 65 74 70 72 6F 70 20 72 6F 2E 62 75 69 6C 64 2E 76 65 72 73 69 6F 6E 2E 73 64 6B 00 
09-02 12:18:16.436 14031 14031 E adbd    : service_to_fd: shell,v2,TERM=xterm-256color,raw:getprop ro.build.version.sdk
09-02 12:18:16.482 13408 13795 I BatteryMgr:DataCollectionService: stats => 1693649896482,-104,4248
09-02 12:18:16.513 14031 14031 E adbd    : recv: OPEN 0001d475 00000000 0042:73 68 65 6C 6C 2C 76 32 2C 54 45 52 4D 3D 78 74 65 72 6D 2D 32 35 36 63 6F 6C 6F 72 2C 72 61 77 3A 67 65 74 70 72 6F 70 20 72 6F 2E 62 75 69 6C 64 2E 76 65 72 73 69 6F 6E 2E 72 65 6C 65 61 73 65 00 
09-02 12:18:16.513 14031 14031 E adbd    : service_to_fd: shell,v2,TERM=xterm-256color,raw:getprop ro.build.version.release
09-02 12:18:16.580 14031 14031 E adbd    : recv: OPEN 0001d478 00000000 003e:73 68 65 6C 6C 2C 76 32 2C 54 45 52 4D 3D 78 74 65 72 6D 2D 32 35 36 63 6F 6C 6F 72 2C 72 61 77 3A 67 65 74 70 72 6F 70 20 72 6F 2E 62 75 69 6C 64 2E 76 65 72 73 69 6F 6E 2E 73 64 6B 00 
09-02 12:18:16.580 14031 14031 E adbd    : service_to_fd: shell,v2,TERM=xterm-256color,raw:getprop ro.build.version.sdk
09-02 12:18:16.592 13408 13795 I BatteryMgr:DataCollectionService: stats => 1693649896591,-104,4248
09-02 12:18:16.670 14031 14031 E adbd    : recv: OPEN 0001d47b 00000000 008c:73 68 65 6C 6C 2C 76 32 2C 54 45 52 4D 3D 78 74 65 72 6D 2D 32 35 36 63 6F 6C 6F 72 2C 72 61 77 3A 61 6D 20 73 74 6F 70 73 65 72 76 69 63 65 20 63 6F 6D 2E 65 78 61 6D 70 6C 65 2E 62 61 74 74 65 72 79 6D 61 6E 61 67 65 72 5F 75 74 69 6C 69 74 79 2F 63 6F 6D 2E 65 78 61 6D 70 6C 65 2E 62 61 74 74 65 72 79 6D 61 6E 61 67 65 72 5F 75 74 69 6C 69 74 79 2E 44 61 74 61 43 6F 6C 6C 65 63 74 69 6F 6E 53 65 72 76 69 63 65 00 
09-02 12:18:16.670 14031 14031 E adbd    : service_to_fd: shell,v2,TERM=xterm-256color,raw:am stopservice com.example.batterymanager_utility/com.example.batterymanager_utility.DataCollectionService
09-02 12:18:16.696 13408 13795 I BatteryMgr:DataCollectionService: stats => 1693649896696,-104,4248
09-02 12:18:16.731  3979  3979 I EasyMuteController: UnRegister failed. no registered
09-02 12:18:16.732  3979  3979 D LightsService: [api] [SvcLED] turnOff:: id = 4 (uid: 1000 pid: 3979) 
09-02 12:18:16.732  3979  3979 D LightsService: [api] [SvcLED] LED indicator : Not supported.
09-02 12:18:16.733  3979  5977 D Notification: allPendingIntents
09-02 12:18:16.735  3979  3979 D LightsService: [api] [SvcLED] turnOff:: id = 4 (uid: 1000 pid: 3979) 
09-02 12:18:16.735  3979  3979 D LightsService: [api] [SvcLED] LED indicator : Not supported.
09-02 12:18:16.735  3979  4668 D Notification: allPendingIntents
09-02 12:18:16.736  3979  4668 I chatty  : uid=1000(system) Binder:3979_9 identical 1 line
09-02 12:18:16.737  3979  4668 D Notification: allPendingIntents
09-02 12:18:16.768  4349  4349 D KeyguardUpdateMonitor: handleStatusBarState( false )
09-02 12:18:16.775 14031 14031 E adbd    : recv: OPEN 0001d47e 00000000 0042:73 68 65 6C 6C 2C 76 32 2C 54 45 52 4D 3D 78 74 65 72 6D 2D 32 35 36 63 6F 6C 6F 72 2C 72 61 77 3A 67 65 74 70 72 6F 70 20 72 6F 2E 62 75 69 6C 64 2E 76 65 72 73 69 6F 6E 2E 72 65 6C 65 61 73 65 00 
09-02 12:18:16.775 14031 14031 E adbd    : service_to_fd: shell,v2,TERM=xterm-256color,raw:getprop ro.build.version.release
09-02 12:18:16.838 14031 14031 E adbd    : recv: OPEN 0001d481 00000000 003e:73 68 65 6C 6C 2C 76 32 2C 54 45 52 4D 3D 78 74 65 72 6D 2D 32 35 36 63 6F 6C 6F 72 2C 72 61 77 3A 67 65 74 70 72 6F 70 20 72 6F 2E 62 75 69 6C 64 2E 76 65 72 73 69 6F 6E 2E 73 64 6B 00 
09-02 12:18:16.838 14031 14031 E adbd    : service_to_fd: shell,v2,TERM=xterm-256color,raw:getprop ro.build.version.sdk
09-02 12:18:16.909 14031 14031 E adbd    : recv: OPEN 0001d484 00000000 0076:73 68 65 6C 6C 2C 76 32 2C 54 45 52 4D 3D 78 74 65 72 6D 2D 32 35 36 63 6F 6C 6F 72 2C 72 61 77 3A 64 75 6D 70 73 79 73 20 61 63 74 69 76 69 74 79 20 72 65 63 65 6E 74 73 20 7C 20 67 72 65 70 20 22 52 65 63 65 6E 74 20 23 30 22 20 7C 20 63 75 74 20 2D 64 20 22 3D 22 20 2D 66 32 20 7C 20 67 72 65 70 20 2D 6F 20 2D 70 20 22 5B 61 2D 7A 7C 2E 5D 2A 22 00 
09-02 12:18:16.909 14031 14031 E adbd    : service_to_fd: shell,v2,TERM=xterm-256color,raw:dumpsys activity recents | grep "Recent #0" | cut -d "=" -f2 | grep -o -p "[a-z|.]*"
09-02 12:18:16.955  4962  4962 D io_stats: !@ 179,0 r 595647 18060460 w 371018 7941596 d 38989 19196620 f 104171 106414 iot 472024 396707 th 51200 0 0 pt 0 inp 0 0 40430.200
09-02 12:18:16.999 14031 14031 E adbd    : recv: OPEN 0001d487 00000000 0042:73 68 65 6C 6C 2C 76 32 2C 54 45 52 4D 3D 78 74 65 72 6D 2D 32 35 36 63 6F 6C 6F 72 2C 72 61 77 3A 67 65 74 70 72 6F 70 20 72 6F 2E 62 75 69 6C 64 2E 76 65 72 73 69 6F 6E 2E 72 65 6C 65 61 73 65 00 
09-02 12:18:16.999 14031 14031 E adbd    : service_to_fd: shell,v2,TERM=xterm-256color,raw:getprop ro.build.version.release
09-02 12:18:17.064 14031 14031 E adbd    : recv: OPEN 0001d48a 00000000 003e:73 68 65 6C 6C 2C 76 32 2C 54 45 52 4D 3D 78 74 65 72 6D 2D 32 35 36 63 6F 6C 6F 72 2C 72 61 77 3A 67 65 74 70 72 6F 70 20 72 6F 2E 62 75 69 6C 64 2E 76 65 72 73 69 6F 6E 2E 73 64 6B 00 
09-02 12:18:17.064 14031 14031 E adbd    : service_to_fd: shell,v2,TERM=xterm-256color,raw:getprop ro.build.version.sdk
09-02 12:18:17.154 14031 14031 E adbd    : recv: OPEN 0001d48d 00000000 0043:73 68 65 6C 6C 2C 76 32 2C 54 45 52 4D 3D 78 74 65 72 6D 2D 32 35 36 63 6F 6C 6F 72 2C 72 61 77 3A 61 6D 20 66 6F 72 63 65 2D 73 74 6F 70 20 6F 72 67 2E 6D 6F 7A 69 6C 6C 61 2E 66 69 72 65 66 6F 78 00 
09-02 12:18:17.154 14031 14031 E adbd    : service_to_fd: shell,v2,TERM=xterm-256color,raw:am force-stop org.mozilla.firefox
09-02 12:18:17.224  3979  4668 I ActivityManager: Force stopping org.mozilla.firefox appid=10154 user=0: from pid 13881
09-02 12:18:17.224  3979  4668 I ActivityManager: Killing 13584:org.mozilla.firefox:gpu/u0a154 (adj 0): stop org.mozilla.firefox,from pid 13881
09-02 12:18:17.225  3979  4668 W ActivityManager: Scheduling restart of crashed service org.mozilla.firefox/org.mozilla.gecko.process.GeckoChildProcessServices$gpu in 1000ms
09-02 12:18:17.229  3979  4668 I ActivityManager: Killing 13507:org.mozilla.firefox:tab19/u0a154 (adj 0): stop org.mozilla.firefox,from pid 13881
09-02 12:18:17.230  3979  4668 W ActivityManager: Scheduling restart of crashed service org.mozilla.firefox/org.mozilla.gecko.process.GeckoChildProcessServices$tab19 in 10995ms
09-02 12:18:17.238  3979  4668 I ActivityManager: Killing 13448:org.mozilla.firefox/u0a154 (adj 0): stop org.mozilla.firefox,from pid 13881
09-02 12:18:17.240  3979  4668 W ActivityManager: Force removing ActivityRecord{5bc6f43 u0 org.mozilla.firefox/org.mozilla.fenix.HomeActivity t463}: app died, no saved state
09-02 12:18:17.247  3979  4668 D InputDispatcher: Focus left window: 13448
09-02 12:18:17.253  3462  3462 V Surface : sf_framedrop debug : 0x4f4c, game : false, logging : 0
09-02 12:18:17.265  3979  4668 D TaskSnapshotCache: putSnapshot mTaskId=463 RunningCache size=5
09-02 12:18:17.265  3979  4668 D TaskSnapshotCache: removeRunningEntry taskId=463 RunningCache size=4
09-02 12:18:17.266  3979  4668 D InputDispatcher: Focused application released
09-02 12:18:17.270  3979  4668 D CustomFrequencyManagerService: acquireDVFSLockLocked : type : DVFS_MIN_LIMIT  frequency : 1560000  uid : 1000  pid : 3979  pkgName : AMS_ACT_RESUME@CPU_MIN@70
09-02 12:18:17.270  3979  4668 D ActivityManagerPerformance: AMP_acquire() ACT_RESUME
09-02 12:18:17.270  3979  4323 I OpenGLRenderer: Initialized EGL, version 1.4
09-02 12:18:17.270  3979  4323 D OpenGLRenderer: Swap behavior 2
09-02 12:18:17.271  3979  4668 D PersonaManagerService: Current focused persona service handled id set to : 0
09-02 12:18:17.272  3979  4668 D InputDispatcher: Focused application set to: xxxx
09-02 12:18:17.278  3979  4668 V WindowManager: rotationForOrientationLw(orient=-1, last=0); user=0  sensorRotation=-1 mLidState=-1 mDockMode=0 mHdmiPlugged=false
09-02 12:18:17.280  3979  4238 D GameManagerService: handleForegroundChange(). pkgName: com.example.batterymanager_utility, clsName: com.example.batterymanager_utility.MainActivity,FgActivityName:com.example.batterymanager_utility/.MainActivity
09-02 12:18:17.280  3979  4668 D MARsPolicyManager: onPackageResumedFG pkgName = com.example.batterymanager_utility, userId = 0
09-02 12:18:17.280  3979  4238 D GameManagerService: sem_perfomance_mode: 3
09-02 12:18:17.280  3979  4238 D GameManagerService: notifyResumePause(). pkg: com.example.batterymanager_utility, type: 4, isMinimized: false, isTunableApp: false
09-02 12:18:17.280  3979  4238 D GameManagerService:   notifyResumePause(). unexpected mPrevNotiType: -1
09-02 12:18:17.288  3979  5977 V WindowManager: Relayout Window{80a2a9 u0 com.example.batterymanager_utility/com.example.batterymanager_utility.MainActivity}: viewVisibility=4 req=720x1280 WM.LayoutParams{(0,0)(fillxfill) sim=#120 ty=1 fl=#81810100 pfl=0x20000 wanim=0x10302fd vsysui=0x600 needsMenuKey=2 colorMode=0 naviIconColor=0}
09-02 12:18:17.293  3979  3979 D SamsungAlarmManager: Remove alarm for next reason : android.intent.action.PACKAGE_RESTARTED : package: org.mozilla.firefox
09-02 12:18:17.294  3979  3979 I SamsungAlarmManager: setLocked to kernel - T:2 / 20230902T121900, SetElapsed=95121432, nowELAPSED=95078726
09-02 12:18:17.296 13408 13408 D ViewRootImpl@110cd72[MainActivity]: Relayout returned: old=[0,0][720,1280] new=[0,0][720,1280] result=0x1 surface={valid=false 0} changed=false
09-02 12:18:17.303  4633  4633 D CarrierSvcBindHelper: No carrier app for: 0
09-02 12:18:17.304  4633  4633 D CarrierSvcBindHelper: No carrier app for: 1
09-02 12:18:17.309  3979  3995 W BroadcastQueue: Background execution not allowed: receiving Intent { act=android.intent.action.PACKAGE_RESTARTED dat=package:org.mozilla.firefox flg=0x10 (has extras) } to android/com.kddi.android.CpaNotiReceiver
09-02 12:18:17.310  3979  3995 W BroadcastQueue: Background execution not allowed: receiving Intent { act=android.intent.action.PACKAGE_RESTARTED dat=package:org.mozilla.firefox flg=0x10 (has extras) } to com.sec.android.daemonapp/com.samsung.android.weather.daemon.receiver.ClearDataReceiver
09-02 12:18:17.325  3979  3979 I SamsungAlarmManager: setLocked to kernel - T:2 / 20230902T122235, SetElapsed=95336803, nowELAPSED=95078757
09-02 12:18:17.325  3979  3979 D SamsungAlarmManager: setInexact Listener (T:2/F:0/AC:false) 20230902T121828 - CU:1000/CP:3979
09-02 12:18:17.325  3979  3979 I SamsungAlarmManager: setLocked to kernel - T:2 / 20230902T121828, SetElapsed=95089913, nowELAPSED=95078758
09-02 12:18:17.327  3979  6899 D GamePkgDataHelper: getGamePkgDataIncServer(). com.example.batterymanager_utility
09-02 12:18:17.327  3979  5977 D ActivityManager: post active user change for 0 fullscreen true isHomeActivity() false
09-02 12:18:17.328  3979  6899 D GameManagerService: identifyGamePackage. com.example.batterymanager_utility
09-02 12:18:17.328  3979  6899 D GamePkgDataHelper: getGamePkgData(). com.example.batterymanager_utility
09-02 12:18:17.329  3979  6899 D GameManagerService: identifyGamePackage. com.example.batterymanager_utility
09-02 12:18:17.329  3979  6899 D GamePkgDataHelper: getGamePkgData(). com.example.batterymanager_utility
09-02 12:18:17.330  3979  6899 D GamePkgDataHelper: getSosPolicy(). com.example.batterymanager_utility
09-02 12:18:17.330  3979  3979 D SamsungAlarmManager: setInexact Listener (T:2/F:0/AC:false) 20230902T131206 - CU:1000/CP:3979
09-02 12:18:17.333  3979  5977 V WindowManager: Relayout Window{80a2a9 u0 com.example.batterymanager_utility/com.example.batterymanager_utility.MainActivity}: viewVisibility=0 req=720x1280 WM.LayoutParams{(0,0)(fillxfill) sim=#120 ty=1 fl=#81810100 pfl=0x20000 wanim=0x10302fd vsysui=0x600 needsMenuKey=2 colorMode=0 naviIconColor=0}
09-02 12:18:17.335  3979  3979 I SamsungAlarmManager: setLocked to kernel - T:2 / 20230902T122235, SetElapsed=95336803, nowELAPSED=95078767
09-02 12:18:17.336  3979  3979 D SamsungAlarmManager: setInexact Listener (T:2/F:0/AC:false) 20230902T121828 - CU:1000/CP:3979
09-02 12:18:17.336  3979  3979 I SamsungAlarmManager: setLocked to kernel - T:2 / 20230902T121828, SetElapsed=95089913, nowELAPSED=95078768
09-02 12:18:17.336  3462  3462 I SurfaceFlinger: id=1650 createSurf (720x1280),1 flag=404, com.example.batterymanager_utility/com.example.batterymanager_utility.MainActivity#0
09-02 12:18:17.338  3979  5977 V Surface : sf_framedrop debug : 0x4f4c, game : false, logging : 0
09-02 12:18:17.339  3979  3996 D WindowManager: set systemUiVisibility : systemUiFlags= 0x608 fullscreenStackSysUiFlags= 0x0
09-02 12:18:17.340  3979  4081 W InputDispatcher: channel ~ Consumer closed input channel or an error occurred.  events=0x9
09-02 12:18:17.340  3979  4081 E InputDispatcher: channel ~ Channel is unrecoverably broken and will be disposed!
09-02 12:18:17.340  3979  3979 D SamsungAlarmManager: setInexact Listener (T:2/F:0/AC:false) 20230902T131206 - CU:1000/CP:3979
09-02 12:18:17.340  3979  6899 D GameManagerService: identifyGamePackage. com.example.batterymanager_utility
09-02 12:18:17.340  3979  6899 D GamePkgDataHelper: getGamePkgData(). com.example.batterymanager_utility
09-02 12:18:17.345  3979  3979 I SamsungAlarmManager: setLocked to kernel - T:2 / 20230902T122235, SetElapsed=95336803, nowELAPSED=95078777
09-02 12:18:17.345  3979  6899 D GameManagerService: identifyGamePackage. com.example.batterymanager_utility
09-02 12:18:17.345  3979  6899 D GamePkgDataHelper: getGamePkgData(). com.example.batterymanager_utility
09-02 12:18:17.345  3979  3979 D SamsungAlarmManager: setInexact Listener (T:2/F:0/AC:false) 20230902T121828 - CU:1000/CP:3979
09-02 12:18:17.345  3979  3979 I SamsungAlarmManager: setLocked to kernel - T:2 / 20230902T121828, SetElapsed=95089913, nowELAPSED=95078777
09-02 12:18:17.347  3979  5977 D InputDispatcher: Focus entered window: 13408
09-02 12:18:17.349 13408 13408 V Surface : sf_framedrop debug : 0x4f4c, game : false, logging : 0
09-02 12:18:17.349  3979  3979 D SamsungAlarmManager: setInexact Listener (T:2/F:0/AC:false) 20230902T131206 - CU:1000/CP:3979
09-02 12:18:17.350 13408 13408 D ViewRootImpl@110cd72[MainActivity]: Relayout returned: old=[0,0][720,1280] new=[0,0][720,1280] result=0x7 surface={valid=true 536211472384} changed=true
09-02 12:18:17.354  3979  3979 I SamsungAlarmManager: setLocked to kernel - T:2 / 20230902T122235, SetElapsed=95336803, nowELAPSED=95078786
09-02 12:18:17.354  3979  3979 D SamsungAlarmManager: setInexact Listener (T:2/F:0/AC:false) 20230902T121828 - CU:1000/CP:3979
09-02 12:18:17.354  3979  3979 I SamsungAlarmManager: setLocked to kernel - T:2 / 20230902T121828, SetElapsed=95089913, nowELAPSED=95078786
09-02 12:18:17.356 13408 13425 D mali_winsys: EGLint new_window_surface(egl_winsys_display *, void *, EGLSurface, EGLConfig, egl_winsys_surface **, egl_color_buffer_format *, EGLBoolean) returns 0x3000,  [720x1280]-format:1
09-02 12:18:17.356 13408 13425 D OpenGLRenderer: eglCreateWindowSurface = 0x7cc1baeec0
09-02 12:18:17.356  3979  3979 D SamsungAlarmManager: setInexact Listener (T:2/F:0/AC:false) 20230902T131206 - CU:1000/CP:3979
09-02 12:18:17.358  3979  5977 I WindowManager: WIN DEATH: Window{d7020fe u0 org.mozilla.firefox/org.mozilla.fenix.HomeActivity}
09-02 12:18:17.358  3979  5977 W InputDispatcher: Attempted to unregister already unregistered input channel
09-02 12:18:17.358  4336  4336 D InputEventReceiver: channel 'ClientState{b2661f1 uid 10154 pid 13448} (client)' ~ Disposing input event receiver.
09-02 12:18:17.358  4336  4336 D InputEventReceiver: channel 'ClientState{b2661f1 uid 10154 pid 13448} (client)' ~NativeInputEventReceiver.
09-02 12:18:17.358  3979  5977 I WindowManager: Destroying surface Surface(name=org.mozilla.firefox/org.mozilla.fenix.HomeActivity) called by com.android.server.wm.WindowStateAnimator.destroySurface:2501 com.android.server.wm.WindowStateAnimator.destroySurfaceLocked:985 com.android.server.wm.WindowState.removeImmediately:2404 com.android.server.wm.WindowState.removeIfPossible:2603 com.android.server.wm.WindowState.-wrap1:0 com.android.server.wm.WindowState$DeathRecipient.binderDied:3142 android.os.BinderProxy.sendDeathNotice:841 <bottom of call stack> 
09-02 12:18:17.359  3462  4748 I SurfaceFlinger: id=1647 Removed org.mozilla.firefox/org.mozilla.fenix.HomeActivity#0 (3/5)
09-02 12:18:17.359  3462  4748 I SurfaceFlinger: id=1647 Removed org.mozilla.firefox/org.mozilla.fenix.HomeActivity#0 (-2/5)
09-02 12:18:17.360 13408 13408 D ViewRootImpl@110cd72[MainActivity]: MSG_WINDOW_FOCUS_CHANGED 1
09-02 12:18:17.362  4349  4368 D SystemServicesProxy: updateOverviewLastStackActiveTimeAsync: newTime=1693559943942
09-02 12:18:17.363  3979  5979 D SecContentProvider: query(), uri = 17 selection = isSettingsChangesAllowed
09-02 12:18:17.364  3979  5979 D SecContentProvider: called from android.uid.systemui:10009
09-02 12:18:17.365  4349  4561 D SystemServicesProxy: updateOverviewLastStackActiveTimeAsync: done.
09-02 12:18:17.365  3462  3462 I SurfaceFlinger: removeLayer is called from message
09-02 12:18:17.365  3462  3462 I SurfaceFlinger: id=1647 Removed org.mozilla.firefox/org.mozilla.fenix.HomeActivity#0 (-2/5)
09-02 12:18:17.367  3462  3462 I Layer   : id=1647 onRemoved org.mozilla.firefox/org.mozilla.fenix.HomeActivity#0 
09-02 12:18:17.367  3979  4004 W ActivityManager: setHasOverlayUi called on unknown pid: 13448
09-02 12:18:17.368  3462  3462 I Layer   : id=1649 onRemoved Background for - SurfaceView - org.mozilla.firefox/org.mozilla.fenix.HomeActivity@af36b49@0#0 
09-02 12:18:17.368  3462  3462 I Layer   : id=1648 onRemoved SurfaceView - org.mozilla.firefox/org.mozilla.fenix.HomeActivity@af36b49@0#0 
09-02 12:18:17.370 13408 13408 V InputMethodManager: Starting input: tba=android.view.inputmethod.EditorInfo@753c22d nm : com.example.batterymanager_utility ic=null
09-02 12:18:17.371 13408 13408 I InputMethodManager: startInputInner - mService.startInputOrWindowGainedFocus
09-02 12:18:17.372  3979  5968 D InputMethodManagerService: startInputOrWindowGainedFocus : windowGainedFocus 
09-02 12:18:17.372  3979  5977 D WindowManager: adjustSystemUiVisibilityLw : vis= 0x608
09-02 12:18:17.372  3979  5968 D InputMethodManagerService: windowGainedFocus: destinationUserId (getCallingUid) = 0
09-02 12:18:17.372  3979  5968 D InputMethodManagerService: windowGainedFocus: currentUserId=0
09-02 12:18:17.372  3979  5968 D InputMethodManagerService: windowGainedFocus: mCurrentFocusedUserId=0
09-02 12:18:17.372  3979  5968 D InputMethodManagerService: windowGainedFocus : lock - currentUserId = 0 destinationUserId = 0
09-02 12:18:17.372  3979  5968 D InputMethodManagerService: windowGainedFocus : mCurrentFocusedUserId - 0 and mSecureKeypadEnabled - false, userSwitched - false
09-02 12:18:17.373  3979  5968 V InputMethodManagerService: windowGainedFocus : reason=WINDOW_FOCUS_GAIN client=android.os.BinderProxy@333d773 inputContext=null missingMethods= attribute=android.view.inputmethod.EditorInfo@c046055 nm = com.example.batterymanager_utility controlFlags=#105 softInputMode=#120 windowFlags=#81810100
09-02 12:18:17.373  3979  5968 V InputMethodManagerService: hideCurrentInputLocked : shouldHideSoftInput is false
09-02 12:18:17.373  3462  3462 I SurfaceFlinger: Display 0 HWC layers:
09-02 12:18:17.373  3462  3462 I SurfaceFlinger:     type    |    handle    | flag |  format   |   source crop (l,t,r,b)    |         frame       | name 
09-02 12:18:17.373  3462  3462 I SurfaceFlinger: ------------+--------------+------+-----------+----------------------------+---------------------+------
09-02 12:18:17.373  3462  3462 I SurfaceFlinger:      Device | 0x7abe64b980 | 0000 | RGBA_8888 |   0.0    0.0  720.0   42.0 |    0    0  720   42 | StatusBar#0
09-02 12:18:17.373  3462  3462 I SurfaceFlinger: 
09-02 12:18:17.373  3979  5968 D InputMethodManagerService: setCurrentInputInfo - inputContext : null eidtorInfo : android.view.inputmethod.EditorInfo@c046055 missingMethods : 0
09-02 12:18:17.374  4336  4336 I InputMethodWrapper:  call dispatchStartInputWithToken
09-02 12:18:17.374  4336  4336 I InputMethodService: dispatchStartInputWithToken
09-02 12:18:17.374  4336  4336 I SKBD    : SamsungKeypad [IMI] onStartInput - caller pid : 13448, caller uid : 10154
09-02 12:18:17.374  3979  5968 D PackageManager: getComponentMetadataForIconTray : org.mozilla.fenix.HomeActivity does not exist in mServices
09-02 12:18:17.375  3979  5968 D PackageManager: getComponentMetadataForIconTray : org.mozilla.fenix.HomeActivity does not exist in mProviders
09-02 12:18:17.375  3979  5968 D PackageManager: getComponentMetadataForIconTray : org.mozilla.fenix.HomeActivity does not exist in mReceivers
09-02 12:18:17.375  4349  4368 D ApplicationPackageManager: updateItemMetaDataForFixedIconScale: package: org.mozilla.firefox
09-02 12:18:17.375  3979  5968 D PackageManager: getSelectedMetaData : packageName(org.mozilla.firefox) or Metadata strings {[Ljava.lang.String;@364bb5b}
09-02 12:18:17.376  4349  4368 I ApplicationPackageManager: return adaptive icon for org.mozilla.firefox
09-02 12:18:17.399  3979  5968 V WindowManager: finishDrawingLocked: mDrawState=COMMIT_DRAW_PENDING Window{80a2a9 u0 com.example.batterymanager_utility/com.example.batterymanager_utility.MainActivity} in Surface(name=com.example.batterymanager_utility/com.example.batterymanager_utility.MainActivity)
09-02 12:18:17.412  3462  3462 I SurfaceFlinger: id=1651 createSurf (720x1280),-1 flag=20004, com.example.batterymanager_utility/com.example.batterymanager_utility.MainActivity_dim#0
09-02 12:18:17.421  3462  3462 I SurfaceFlinger: Display 0 HWC layers:
09-02 12:18:17.421  3462  3462 I SurfaceFlinger:     type    |    handle    | flag |  format   |   source crop (l,t,r,b)    |         frame       | name 
09-02 12:18:17.421  3462  3462 I SurfaceFlinger: ------------+--------------+------+-----------+----------------------------+---------------------+------
09-02 12:18:17.421  3462  3462 I SurfaceFlinger:      Client |              | 0000 |  Unknown  |  -0.2   -0.2   -0.8   -0.8 |    0    0  720 1280 | animation background stackId=1#0
09-02 12:18:17.421  3462  3462 I SurfaceFlinger:      Client | 0x7ac4c25440 | 0002 | RGBA_8888 |   0.0    0.0   31.0 1280.0 |  689    0  720 1280 | com.example.batterymanager_utility/c[...]atterymanager_utility.MainActivity#0
09-02 12:18:17.421  3462  3462 I SurfaceFlinger:      Device | 0x7abe64b980 | 0000 | RGBA_8888 |   0.0    0.0  720.0   42.0 |    0    0  720   42 | StatusBar#0
09-02 12:18:17.421  3462  3462 I SurfaceFlinger: 
09-02 12:18:17.439  3462  3462 I SurfaceFlinger: Display 0 HWC layers:
09-02 12:18:17.439  3462  3462 I SurfaceFlinger:     type    |    handle    | flag |  format   |   source crop (l,t,r,b)    |         frame       | name 
09-02 12:18:17.439  3462  3462 I SurfaceFlinger: ------------+--------------+------+-----------+----------------------------+---------------------+------
09-02 12:18:17.439  3462  3462 I SurfaceFlinger:      Client |              | 0000 |  Unknown  |   0.0    0.0   -1.0   -1.0 |    0    0  720 1280 | com.example.batterymanager_utility/c[...]rymanager_utility.MainActivity_dim#0
09-02 12:18:17.439  3462  3462 I SurfaceFlinger:      Client |              | 0000 |  Unknown  |  -0.2   -0.2   -0.8   -0.8 |    0    0  720 1280 | animation background stackId=1#0
09-02 12:18:17.439  3462  3462 I SurfaceFlinger:      Client | 0x7ac4c25440 | 0002 | RGBA_8888 |   0.0    0.0   67.0 1280.0 |  653    0  720 1280 | com.example.batterymanager_utility/c[...]atterymanager_utility.MainActivity#0
09-02 12:18:17.439  3462  3462 I SurfaceFlinger:      Device | 0x7ac4c25140 | 0000 | RGBA_8888 |   0.0    0.0  720.0   42.0 |    0    0  720   42 | StatusBar#0
09-02 12:18:17.439  3462  3462 I SurfaceFlinger: 
09-02 12:18:17.457  3979  4111 D MdnieScenarioControlService:  packageName : com.example.batterymanager_utility    className : com.example.batterymanager_utility.MainActivity
09-02 12:18:17.458  3979  4111 V MdnieScenarioControlService: setUIMode from UI function(3)
09-02 12:18:17.525  3979  3988 I zygote64: NativeAllocBackground concurrent copying GC freed 299307(14MB) AllocSpace objects, 144(2MB) LOS objects, 38% free, 38MB/62MB, paused 559us total 218.218ms
09-02 12:18:17.778  3979  6899 D SSRM:G  : SIOP:: AP = 320, PST = 296 (W:10), BAT = 271, USB = 0, CHG = 0
09-02 12:18:17.788  3462  3462 I SurfaceFlinger: Display 0 HWC layers:
09-02 12:18:17.788  3462  3462 I SurfaceFlinger:     type    |    handle    | flag |  format   |   source crop (l,t,r,b)    |         frame       | name 
09-02 12:18:17.788  3462  3462 I SurfaceFlinger: ------------+--------------+------+-----------+----------------------------+---------------------+------
09-02 12:18:17.788  3462  3462 I SurfaceFlinger:      Device | 0x7ac4c25440 | 0002 | RGBA_8888 |   0.0    0.0  720.0 1280.0 |    0    0  720 1280 | com.example.batterymanager_utility/c[...]atterymanager_utility.MainActivity#0
09-02 12:18:17.788  3462  3462 I SurfaceFlinger:      Device | 0x7ac4c25140 | 0000 | RGBA_8888 |   0.0    0.0  720.0   42.0 |    0    0  720   42 | StatusBar#0
09-02 12:18:17.788  3462  3462 I SurfaceFlinger: 
09-02 12:18:17.802  3979  4046 I WindowManager: Destroying surface Surface(name=com.example.batterymanager_utility/com.example.batterymanager_utility.MainActivity_dim) called by com.android.server.wm.WindowStateAnimator.destroyTransitionDimSurface:2733 com.android.server.wm.WindowState.onExitAnimationDone:5260 com.android.server.wm.AppWindowAnimator.stepAnimationLocked:508 com.android.server.wm.AppWindowToken.stepAppWindowsAnimation:1659 com.android.server.wm.WindowContainer.stepAppWindowsAnimation:521 com.android.server.wm.WindowContainer.stepAppWindowsAnimation:521 com.android.server.wm.TaskStack.stepAppWindowsAnimation:1948 com.android.server.wm.WindowContainer.stepAppWindowsAnimation:521 
09-02 12:18:17.802  3462  4748 I SurfaceFlinger: id=1651 Removed com.example.batterymanager_utility/com.example.batterymanager_utility.MainActivity_dim#0 (1/5)
09-02 12:18:17.803  3462  4748 I SurfaceFlinger: id=1651 Removed com.example.batterymanager_utility/com.example.batterymanager_utility.MainActivity_dim#0 (-2/5)
09-02 12:18:17.803  3979  4004 D CustomFrequencyManagerService: releaseDVFSLockLocked : Getting Lock type frm List : DVFS_MIN_LIMIT  frequency : 1560000  uid : 1000  pid : 3979  tag : AMS_ACT_RESUME@CPU_MIN@70
09-02 12:18:17.803  3979  4004 D ActivityManagerPerformance: AMP_release() ACT_RESUME
09-02 12:18:17.818  3462  3462 I Layer   : id=1651 onRemoved com.example.batterymanager_utility/com.example.batterymanager_utility.MainActivity_dim#0 
09-02 12:18:18.156  3449  3449 I android.hardware.wifi@1.0-service: getLinkLayerStats
09-02 12:18:19.242  3979  3979 D PreBindingService: handleMessage : 1
09-02 12:18:20.001  3979  4051 D SensorService: [SO] 0.115 -0.402 9.840
09-02 12:18:20.344 14031 14031 E adbd    : recv: OPEN 0001d490 00000000 0042:73 68 65 6C 6C 2C 76 32 2C 54 45 52 4D 3D 78 74 65 72 6D 2D 32 35 36 63 6F 6C 6F 72 2C 72 61 77 3A 67 65 74 70 72 6F 70 20 72 6F 2E 62 75 69 6C 64 2E 76 65 72 73 69 6F 6E 2E 72 65 6C 65 61 73 65 00 
09-02 12:18:20.344 14031 14031 E adbd    : service_to_fd: shell,v2,TERM=xterm-256color,raw:getprop ro.build.version.release
09-02 12:18:20.446 14031 14031 E adbd    : recv: OPEN 0001d493 00000000 003e:73 68 65 6C 6C 2C 76 32 2C 54 45 52 4D 3D 78 74 65 72 6D 2D 32 35 36 63 6F 6C 6F 72 2C 72 61 77 3A 67 65 74 70 72 6F 70 20 72 6F 2E 62 75 69 6C 64 2E 76 65 72 73 69 6F 6E 2E 73 64 6B 00 
09-02 12:18:20.446 14031 14031 E adbd    : service_to_fd: shell,v2,TERM=xterm-256color,raw:getprop ro.build.version.sdk
09-02 12:18:20.554 14031 14031 E adbd    : recv: OPEN 0001d496 00000000 0052:73 68 65 6C 6C 2C 76 32 2C 54 45 52 4D 3D 78 74 65 72 6D 2D 32 35 36 63 6F 6C 6F 72 2C 72 61 77 3A 61 6D 20 66 6F 72 63 65 2D 73 74 6F 70 20 63 6F 6D 2E 65 78 61 6D 70 6C 65 2E 62 61 74 74 65 72 79 6D 61 6E 61 67 65 72 5F 75 74 69 6C 69 74 79 00 
09-02 12:18:20.554 14031 14031 E adbd    : service_to_fd: shell,v2,TERM=xterm-256color,raw:am force-stop com.example.batterymanager_utility
09-02 12:18:20.645  3979  4200 I ActivityManager: Force stopping com.example.batterymanager_utility appid=10157 user=0: from pid 13890
09-02 12:18:20.645  3979  4200 I ActivityManager: Killing 13408:com.example.batterymanager_utility/u0a157 (adj 0): stop com.example.batterymanager_utility,from pid 13890
09-02 12:18:20.647  3979  4200 W ActivityManager: Force removing ActivityRecord{3a213e7 u0 com.example.batterymanager_utility/.MainActivity t461}: app died, no saved state
09-02 12:18:20.655  3979  4200 D InputDispatcher: Focus left window: 13408
09-02 12:18:20.656  3979  4200 I WindowManager: Failed to capture screenshot of Token{9bd0b94 ActivityRecord{3a213e7 u0 com.example.batterymanager_utility/.MainActivity t461 f}} appWin=Window{80a2a9 u0 com.example.batterymanager_utility/com.example.batterymanager_utility.MainActivity} drawState=4
09-02 12:18:20.656  3979  4200 D TaskSnapshotCache: removeRunningEntry taskId=461 RunningCache size=3
09-02 12:18:20.657  3979  4200 I WindowManager: Destroying surface Surface(name=com.example.batterymanager_utility/com.example.batterymanager_utility.MainActivity) called by com.android.server.wm.WindowStateAnimator.destroySurface:2501 com.android.server.wm.WindowStateAnimator.destroySurfaceLocked:985 com.android.server.wm.WindowState.removeImmediately:2404 com.android.server.wm.WindowState.removeIfPossible:2603 com.android.server.wm.WindowState.removeIfPossible:2433 com.android.server.wm.WindowToken.removeAllWindowsIfPossible:143 com.android.server.wm.AppWindowToken.removeIfPossible:606 com.android.server.wm.AppWindowToken.onRemovedFromDisplay:674 
09-02 12:18:20.658  3462  3501 I SurfaceFlinger: id=1650 Removed com.example.batterymanager_utility/com.example.batterymanager_utility.MainActivity#0 (1/4)
09-02 12:18:20.658  3462  3501 I SurfaceFlinger: id=1650 Removed com.example.batterymanager_utility/com.example.batterymanager_utility.MainActivity#0 (-2/4)
09-02 12:18:20.665  3979  4200 D InputDispatcher: Focused application released
09-02 12:18:20.665  3979  4200 W MultiScreenManagerService: moveTaskBackToDisplayIfNeeded(): root activity or app is null, task=TaskRecord{437d6dcd0 #461 A=com.example.batterymanager_utility U=0 StackId=1 sz=0}, rootActivity=null
09-02 12:18:20.666  3979  3979 D MdnieScenarioControlService: Listener Real Multi Window State : true
09-02 12:18:20.671  3462  3462 I Layer   : id=1650 onRemoved com.example.batterymanager_utility/com.example.batterymanager_utility.MainActivity#0 
09-02 12:18:20.676  3462  3462 I SurfaceFlinger: Display 0 HWC layers:
09-02 12:18:20.676  3462  3462 I SurfaceFlinger:     type    |    handle    | flag |  format   |   source crop (l,t,r,b)    |         frame       | name 
09-02 12:18:20.676  3462  3462 I SurfaceFlinger: ------------+--------------+------+-----------+----------------------------+---------------------+------
09-02 12:18:20.676  3462  3462 I SurfaceFlinger:      Device | 0x7abe64b980 | 0000 | RGBA_8888 |   0.0    0.0  720.0   42.0 |    0    0  720   42 | StatusBar#0
09-02 12:18:20.676  3462  3462 I SurfaceFlinger: 
09-02 12:18:20.679  3979  4200 D CustomFrequencyManagerService: acquireDVFSLockLocked : type : DVFS_MIN_LIMIT  frequency : 1560000  uid : 1000  pid : 3979  pkgName : AMS_APP_HOME@CPU_MIN@59
09-02 12:18:20.681  3979  4200 D ActivityManagerPerformance: AMP_acquire() HOME
09-02 12:18:20.683  3979  4200 D PersonaManagerService: Current focused persona service handled id set to : 0
09-02 12:18:20.683  3979  4200 D InputDispatcher: Focused application set to: xxxx
09-02 12:18:20.685  3979  4200 V WindowManager: rotationForOrientationLw(orient=5, last=0); user=0  sensorRotation=-1 mLidState=-1 mDockMode=0 mHdmiPlugged=false
09-02 12:18:20.687  5213  5213 I Launcher: onWindowVisibilityChanged : false
09-02 12:18:20.687  3979  4238 D GameManagerService: handleForegroundChange(). pkgName: com.sec.android.app.launcher, clsName: com.android.launcher3.Launcher,FgActivityName:com.sec.android.app.launcher/com.android.launcher3.Launcher
09-02 12:18:20.687  3979  4200 D MARsPolicyManager: onPackageResumedFG pkgName = com.sec.android.app.launcher, userId = 0
09-02 12:18:20.688  3979  4238 D GameManagerService: sem_perfomance_mode: 3
09-02 12:18:20.688  3979  4238 D GameManagerService: notifyResumePause(). pkg: com.sec.android.app.launcher, type: 4, isMinimized: false, isTunableApp: false
09-02 12:18:20.688  3979  4238 D GameManagerService:   notifyResumePause(). unexpected mPrevNotiType: -1
09-02 12:18:20.690  3979  5977 V WindowManager: Relayout Window{7215288 u0 com.sec.android.app.launcher/com.sec.android.app.launcher.activities.LauncherActivity}: viewVisibility=4 req=720x1280 WM.LayoutParams{(0,0)(fillxfill) sim=#130 ty=1 fl=#81910d00 pfl=0x20000 fmt=-2 wanim=0x10302ea vsysui=0x700 needsMenuKey=2 colorMode=0 dimDuration=100 naviIconColor=0}
09-02 12:18:20.694  5213  5213 D ViewRootImpl@8c524b3[LauncherActivity]: Relayout returned: old=[0,0][720,1280] new=[0,0][720,1280] result=0x1 surface={valid=false 0} changed=false
09-02 12:18:20.695  5213  5213 D HomeContainer: setAlpha : 1.0
09-02 12:18:20.696  5213  5213 V Launcher: Launcher.onResume()
09-02 12:18:20.697  3979  3979 D SamsungAlarmManager: Remove alarm for next reason : android.intent.action.PACKAGE_RESTARTED : package: com.example.batterymanager_utility
09-02 12:18:20.703  4633  4633 D CarrierSvcBindHelper: No carrier app for: 0
09-02 12:18:20.703  3979  3995 W BroadcastQueue: Background execution not allowed: receiving Intent { act=android.intent.action.PACKAGE_RESTARTED dat=package:com.example.batterymanager_utility flg=0x10 (has extras) } to android/com.kddi.android.CpaNotiReceiver
09-02 12:18:20.703  3979  3995 W BroadcastQueue: Background execution not allowed: receiving Intent { act=android.intent.action.PACKAGE_RESTARTED dat=package:com.example.batterymanager_utility flg=0x10 (has extras) } to com.sec.android.daemonapp/com.samsung.android.weather.daemon.receiver.ClearDataReceiver
09-02 12:18:20.704  4633  4633 D CarrierSvcBindHelper: No carrier app for: 1
09-02 12:18:20.705  3979  6899 D GamePkgDataHelper: getGamePkgDataIncServer(). com.sec.android.app.launcher
09-02 12:18:20.706  3979  6899 D GameManagerService: identifyGamePackage. com.sec.android.app.launcher
09-02 12:18:20.706  3979  6899 D GamePkgDataHelper: getGamePkgData(). com.sec.android.app.launcher
09-02 12:18:20.707  3979  6899 D GameManagerService: identifyGamePackage. com.sec.android.app.launcher
09-02 12:18:20.707  3979  6899 D GamePkgDataHelper: getGamePkgData(). com.sec.android.app.launcher
09-02 12:18:20.707  3979  6899 D GamePkgDataHelper: getSosPolicy(). com.sec.android.app.launcher
09-02 12:18:20.708  3979  6899 D GameManagerService: identifyGamePackage. com.sec.android.app.launcher
09-02 12:18:20.708  3979  6899 D GamePkgDataHelper: getGamePkgData(). com.sec.android.app.launcher
09-02 12:18:20.708  3979  6899 D GameManagerService: identifyGamePackage. com.sec.android.app.launcher
09-02 12:18:20.708  3979  6899 D GamePkgDataHelper: getGamePkgData(). com.sec.android.app.launcher
09-02 12:18:20.709  5213  5213 D ExternalMethodQueue: Getting and clearing EXTERNAL_METHOD_LIST: null
09-02 12:18:20.709  5213  5302 I LauncherAppWidgetInfo: reinflateWidgetsIfNecessary, Not required: AppWidget(id=2)
09-02 12:18:20.709  5213  5213 D Launcher.HomeController: onResume HomeContainer current alpha = 1.0
09-02 12:18:20.709  5213  5302 I LauncherAppWidgetInfo: reinflateWidgetsIfNecessary, Not required: AppWidget(id=3)
09-02 12:18:20.709  5213  5213 D AppsCustomAdapter: notifyUpdate : com.android.launcher3.Launcher@110cd72
09-02 12:18:20.709  5213  5213 D AppsDragController: needDeferToBind : true , false
09-02 12:18:20.712  3979  4200 D Notification: allPendingIntents
09-02 12:18:20.712  3979  4200 I chatty  : uid=1000(system) Binder:3979_3 identical 5 lines
09-02 12:18:20.712  3979  4200 D Notification: allPendingIntents
09-02 12:18:20.714  5213  5302 D Notification.Badge: [filtered] shouldBeFilteredOut().isGroupHeader[true], missingTitleAndText[true], [sbn : StatusBarNotification(pkg=com.android.vending user=UserHandle{0} id=2147483647 tag=ranker_group key=0|com.android.vending|2147483647|ranker_group|10044|ranker_group: Notification(channel=maintenance-v2 pri=0 contentView=null vibrate=null sound=null defaults=0x0 flags=0x700 color=0xff01875f groupKey=ranker_group number=0 vis=PRIVATE semFlags=0x0 semPriority=0 semMissedCount=0))]
09-02 12:18:20.714  5213  5302 D Notification.Badge: [filtered] shouldBeFilteredOut().mTempRanking.canShowBadge[false], [sbn : StatusBarNotification(pkg=com.android.settings user=UserHandle{0} id=2354 tag=null key=0|com.android.settings|2354|null|1000: Notification(channel=DeviceMaintenanceNoBadge pri=0 contentView=null vibrate=null sound=null defaults=0x0 flags=0x110 color=0xff7ccbe2 actions=1 number=0 vis=PRIVATE semFlags=0x0 semPriority=0 semMissedCount=0))]
