--------- beginning of main
09-02 12:18:00.426 14031 14031 E adbd    : recv: OPEN 0001d433 00000000 0095:73 68 65 6C 6C 2C 76 32 2C 54 45 52 4D 3D 78 74 65 72 6D 2D 32 35 36 63 6F 6C 6F 72 2C 72 61 77 3A 61 6D 20 73 74 61 72 74 20 2D 53 20 2D 61 20 61 6E 64 72 6F 69 64 2E 69 6E 74 65 6E 74 2E 61 63 74 69 6F 6E 2E 56 49 45 57 20 2D 6E 20 6F 72 67 2E 6D 6F 7A 69 6C 6C 61 2E 66 69 72 65 66 6F 78 2F 6F 72 67 2E 6D 6F 7A 69 6C 6C 61 2E 67 65 63 6B 6F 2E 42 72 6F 77 73 65 72 41 70 70 20 2D 2D 61 63 74 69 76 69 74 79 2D 63 6C 65 61 72 2D 74 61 73 6B 00 
09-02 12:18:00.426 14031 14031 E adbd    : service_to_fd: shell,v2,TERM=xterm-256color,raw:am start -S -a android.intent.action.VIEW -n org.mozilla.firefox/org.mozilla.gecko.BrowserApp --activity-clear-task
--------- beginning of system
09-02 12:18:00.489  3979  4200 I ActivityManager: Force stopping org.mozilla.firefox appid=10154 user=0: from pid 13446
09-02 12:18:00.495  3979  3979 D SamsungAlarmManager: Remove alarm for next reason : android.intent.action.PACKAGE_RESTARTED : package: org.mozilla.firefox
09-02 12:18:00.501  3979  3995 W BroadcastQueue: Background execution not allowed: receiving Intent { act=android.intent.action.PACKAGE_RESTARTED dat=package:org.mozilla.firefox flg=0x10 (has extras) } to android/com.kddi.android.CpaNotiReceiver
09-02 12:18:00.501  4633  4633 D CarrierSvcBindHelper: No carrier app for: 0
09-02 12:18:00.502  3979  3995 W BroadcastQueue: Background execution not allowed: receiving Intent { act=android.intent.action.PACKAGE_RESTARTED dat=package:org.mozilla.firefox flg=0x10 (has extras) } to com.sec.android.daemonapp/com.samsung.android.weather.daemon.receiver.ClearDataReceiver
09-02 12:18:00.502  4633  4633 D CarrierSvcBindHelper: No carrier app for: 1
09-02 12:18:00.754  3979  4200 I ActivityManager: START u0 {act=android.intent.action.VIEW typ=null flg=0x10008000 cmp=ComponentInfo{org.mozilla.firefox/org.mozilla.gecko.BrowserApp}} from uid 2000
09-02 12:18:00.758  3979  4200 D CustomFrequencyManagerService: acquireDVFSLockLocked : type : DVFS_MIN_LIMIT  frequency : 1560000  uid : 1000  pid : 3979  pkgName : AMS_APP_SWITCH@CPU_MIN@23
09-02 12:18:00.763  3979  4200 D ActivityManagerPerformance: AMP_acquire() APP_SWITCH
09-02 12:18:00.763  3979  5035 D ActivityManagerPerformance: Received MSG_CFMS_HINT_AMS_SWITCH pkgName: org.mozilla.firefox
09-02 12:18:00.774  3979  3990 D ActivityManager: isScaleDownAnimationEnabled() : false
09-02 12:18:00.775  3979  3990 D StorageManagerService: getExternalStorageMountMode : 1
09-02 12:18:00.775  3979  3990 D StorageManagerService: getExternalStorageMountMode : 3
09-02 12:18:00.776  3979  3990 D StorageManagerService: getExternalStorageMountMode : final mountMode=1, uid : 10154, packageName : org.mozilla.firefox
09-02 12:18:00.776  3979  3990 I ApplicationPolicy: isApplicationExternalStorageWhitelisted:org.mozilla.firefox user:0
09-02 12:18:00.776  3979  3990 D ApplicationPolicy: isApplicationExternalStorageWhitelisted: DO is not enabled on user 0. Allowed.
09-02 12:18:00.776  3979  3990 D ActivityManager: package  org.mozilla.firefox, user - 0 is SDcard whitelisted
09-02 12:18:00.776  3979  3990 I ApplicationPolicy: isApplicationExternalStorageBlacklisted:org.mozilla.firefox user:0
09-02 12:18:00.776  3979  3990 D ApplicationPolicy: isApplicationExternalStorageBlacklisted: DO is not enabled on user 0. Allowed.
09-02 12:18:00.786 13448 13448 E Zygote  : isWhitelistProcess - Process is Whitelisted
09-02 12:18:00.786 13448 13448 E libpersona: scanKnoxPersonas
09-02 12:18:00.786 13448 13448 E libpersona: Couldn't open the File - /data/system/users/0/personalist.xml - No such file or directory
09-02 12:18:00.787  3979  3990 I ActivityManager: Start proc 13448:org.mozilla.firefox/u0a154 for activity org.mozilla.firefox/org.mozilla.gecko.BrowserApp
09-02 12:18:00.788 13448 13448 W SELinux : SELinux selinux_android_compute_policy_index : Policy Index[2],  Con:u:r:zygote:s0 RAM:SEPF_SM-J720F_8.0.0_0017, [-1 -1 -1 -1 0 1]
09-02 12:18:00.789 13448 13448 I SELinux : SELinux: seapp_context_lookup: seinfo=untrusted, level=s0:c512,c768, pkgname=org.mozilla.firefox 
09-02 12:18:00.803 13448 13448 D TimaKeyStoreProvider: TimaKeyStore is not enabled: cannot add TimaSignature Service and generateKeyPair Service
09-02 12:18:00.803 13448 13448 D ActivityThread: Added TimaKeyStore provider
09-02 12:18:00.805  3979  3990 I ActivityManager: DSS on for org.mozilla.firefox and scale is 1.0
09-02 12:18:00.813  3979  3990 D PersonaManagerService: Current focused persona service handled id set to : 0
09-02 12:18:00.813  3979  3990 D InputDispatcher: Focused application set to: xxxx
09-02 12:18:00.814  3979  3990 D InputDispatcher: Focus left window: 13408
09-02 12:18:00.815  3979  4238 D GameManagerService: handleForegroundChange(). pkgName: org.mozilla.firefox, clsName: org.mozilla.fenix.IntentReceiverActivity,FgActivityName:org.mozilla.firefox/org.mozilla.fenix.IntentReceiverActivity
09-02 12:18:00.815  3979  3990 D MARsPolicyManager: onPackageResumedFG pkgName = org.mozilla.firefox, userId = 0
09-02 12:18:00.815  3979  4238 D GameManagerService: sem_perfomance_mode: 3
09-02 12:18:00.816  3979  4238 D GameManagerService: notifyResumePause(). pkg: org.mozilla.firefox, type: 4, isMinimized: false, isTunableApp: false
09-02 12:18:00.816  3979  4238 D GameManagerService:   notifyResumePause(). unexpected mPrevNotiType: -1
09-02 12:18:00.816 13408 13408 D ViewRootImpl@110cd72[MainActivity]: MSG_WINDOW_FOCUS_CHANGED 0
09-02 12:18:00.819  3979  6899 D GamePkgDataHelper: getGamePkgDataIncServer(). org.mozilla.firefox
09-02 12:18:00.820  3979  6899 D GameManagerService: identifyGamePackage. org.mozilla.firefox
09-02 12:18:00.820  3979  6899 D GamePkgDataHelper: getGamePkgData(). org.mozilla.firefox
09-02 12:18:00.820  3979  6899 D GameManagerService: identifyGamePackage. org.mozilla.firefox
09-02 12:18:00.820  3979  6899 D GamePkgDataHelper: getGamePkgData(). org.mozilla.firefox
09-02 12:18:00.820  3979  6899 D GamePkgDataHelper: getSosPolicy(). org.mozilla.firefox
09-02 12:18:00.822  3979  6899 D GameManagerService: identifyGamePackage. org.mozilla.firefox
09-02 12:18:00.822  3979  6899 D GamePkgDataHelper: getGamePkgData(). org.mozilla.firefox
09-02 12:18:00.823  3979  6899 D GameManagerService: identifyGamePackage. org.mozilla.firefox
09-02 12:18:00.823  3979  6899 D GamePkgDataHelper: getGamePkgData(). org.mozilla.firefox
09-02 12:18:00.828 13448 13448 I zygote64: no shared libraies, dex_files: 1
09-02 12:18:00.865 13448 13448 I FirebaseApp: Device unlocked: initializing all Firebase APIs for app [DEFAULT]
09-02 12:18:00.881 13448 13448 I FirebaseInitProvider: FirebaseApp initialization successful
09-02 12:18:00.895  4349  4368 D SystemServicesProxy: updateOverviewLastStackActiveTimeAsync: newTime=1693559943942
09-02 12:18:00.896  3979  3990 D SecContentProvider: query(), uri = 17 selection = isSettingsChangesAllowed
09-02 12:18:00.897  3979  3990 D SecContentProvider: called from android.uid.systemui:10009
09-02 12:18:00.898  4349  4561 D SystemServicesProxy: updateOverviewLastStackActiveTimeAsync: done.
09-02 12:18:00.898  3979  3990 D PackageManager: getComponentMetadataForIconTray : com.example.batterymanager_utility.MainActivity does not exist in mServices
09-02 12:18:00.899  3979  3990 D PackageManager: getComponentMetadataForIconTray : com.example.batterymanager_utility.MainActivity does not exist in mProviders
09-02 12:18:00.899  3979  3990 D PackageManager: getComponentMetadataForIconTray : com.example.batterymanager_utility.MainActivity does not exist in mReceivers
09-02 12:18:00.899  3979  4668 W StorageManager: getStorageLowBytes lowPercent : 5, lowBytes : 1260145254, maxLowBytes : 524288000
09-02 12:18:00.901  4349  4368 D ApplicationPackageManager: updateItemMetaDataForFixedIconScale: package: com.example.batterymanager_utility
09-02 12:18:00.901  3979  3990 D PackageManager: getSelectedMetaData : packageName(com.example.batterymanager_utility) or Metadata strings {[Ljava.lang.String;@3ea8819}
09-02 12:18:00.901  4349  4368 I ApplicationPackageManager: load=com.example.batterymanager_utility, bg=144-144, dr=189-189, forDefault=true, density=0
09-02 12:18:00.905  4349  4368 I ApplicationPackageManager: scaled rate=0.72, size=189, alpha=54, hold=102
09-02 12:18:00.905  4349  4368 D ApplicationPackageManager: iconScale: getScale(): 0.72 getAlpha(): 54
09-02 12:18:00.906  4349  4368 I ApplicationPackageManager: load=com.example.batterymanager_utility-contain, bg=112-112, dr=189-189
09-02 12:18:00.949 13448 13453 I zygote64: Do partial code cache collection, code=29KB, data=25KB
09-02 12:18:00.949 13448 13453 I zygote64: After code cache collection, code=29KB, data=25KB
09-02 12:18:00.949 13448 13453 I zygote64: Increasing code cache capacity to 128KB
09-02 12:18:00.950  3979  4111 D MdnieScenarioControlService:  packageName : org.mozilla.firefox    className : org.mozilla.gecko.BrowserApp
09-02 12:18:00.950  3979  4111 V MdnieScenarioControlService: setUIMode from UI function(3)
09-02 12:18:00.965 13448 13448 I rc_log_ffi::ios: rc_log adapter initialized!
09-02 12:18:00.979 13408 13473 D ProfileInstaller: Installing profile for com.example.batterymanager_utility
09-02 12:18:01.022 13448 13453 I zygote64: Do partial code cache collection, code=60KB, data=47KB
09-02 12:18:01.022 13448 13453 I zygote64: After code cache collection, code=58KB, data=46KB
09-02 12:18:01.022 13448 13453 I zygote64: Increasing code cache capacity to 256KB
09-02 12:18:01.083 13448 13474 I nimbus::nimbus_client: updating experiment list
09-02 12:18:01.084 13448 13474 I nimbus::persistence: Already at version 2, no upgrade needed
09-02 12:18:01.084 13448 13474 I nimbus::nimbus_client: [Nimbus] Retrieved date from Context: 2023-09-01 07:59:54 UTC
09-02 12:18:01.085 13448 13474 I nimbus::nimbus_client: [Nimbus] Installation Date: 2023-09-01 07:59:54 UTC
09-02 12:18:01.085 13448 13474 I nimbus::nimbus_client: [Nimbus] Update Date: 2023-09-02 06:19:16.138897683 UTC
09-02 12:18:01.085 13448 13474 I nimbus::nimbus_client: [Nimbus] Days since install: 1
09-02 12:18:01.085 13448 13474 I nimbus::nimbus_client: [Nimbus] Days since update: 0
09-02 12:18:01.098 13448 13474 I zygote64: Deoptimizing java.lang.Object com.sun.jna.Function.invoke(java.lang.reflect.Method, java.lang.Class[], java.lang.Class, java.lang.Object[], java.util.Map) due to class hierarchy analysis
09-02 12:18:01.102  5551  5624 D ContactsProvider_EventLog: contents_sample_state: [CONTACT contacts(191) data(1819) accounts({com.google (13)=199}) accounts deleted({}) calls([]) countryIso(NL) userId(0)  ]
09-02 12:18:01.102  5551  5624 D ContactsProvider_EventLog: contents_sample_state: [ agr({[13 ,13]=8, [13]=183})  ]
09-02 12:18:01.102  5551  5624 D ContactsProvider_EventLog: contents_sample_state: [ actCnt({android.process.acore(5551)=1})  ]
09-02 12:18:01.102  5551  5624 D ContactsProvider_EventLog: contents_sample_state: [PROFILE contacts(0) data(0) accounts({})  ]
09-02 12:18:01.102  5551  5624 D ContactsProvider_EventLog: contents_sample_state: [SAPROFILE contacts(1) data(1) accounts({vnd.sec.contact.phone (1)=1})  ]
09-02 12:18:01.103  5551  5624 E ContactsProvider_EventLog: Flush buffer to file cnt : 1 size : 0Kb duration : 1ms lastUpdatedAfter : 60103 ms mFlush_time_threasold : 2000 mCurrentSize : 481
09-02 12:18:01.135 13448 13477 I GeckoThread: preparing to run Gecko
09-02 12:18:01.139  3979  3990 W StorageManager: getStorageLowBytes lowPercent : 5, lowBytes : 1260145254, maxLowBytes : 524288000
09-02 12:18:01.141  3979  3990 W StorageManager: getStorageLowBytes lowPercent : 5, lowBytes : 1260145254, maxLowBytes : 524288000
09-02 12:18:01.143  3979  4668 W StorageManager: getStorageLowBytes lowPercent : 5, lowBytes : 1260145254, maxLowBytes : 524288000
09-02 12:18:01.156 13448 13477 I GeckoLoader: Library base=/data/app/org.mozilla.firefox-qXEeZwQeSKU-v4RxzjCTZA==/lib/arm64
09-02 12:18:01.159 13448 13477 W Settings: Setting animator_duration_scale has moved from android.provider.Settings.System to android.provider.Settings.Global, returning read-only global URI.
09-02 12:18:01.159 13448 13479 I libglean_ffi: glean_core::core: Creating new Glean v53.1.0
09-02 12:18:01.160 13448 13479 I libglean_ffi: glean_core::database: Database initialized
09-02 12:18:01.161 13448 13477 I GeckoLoader: Library base=/data/app/org.mozilla.firefox-qXEeZwQeSKU-v4RxzjCTZA==/lib/arm64
09-02 12:18:01.163 13448 13477 E GeckoLibLoad: Load sqlite start
09-02 12:18:01.164 13448 13479 I libglean_ffi: glean_core: Glean initialized
09-02 12:18:01.165 13448 13479 I libglean_ffi: glean_core::event_database: Loading events for events
09-02 12:18:01.167 13448 13479 I libglean_ffi: glean_core::event_database: Loading events for background-update
09-02 12:18:01.167 13448 13477 E GeckoLibLoad: Load sqlite done
09-02 12:18:01.167 13448 13477 I GeckoLoader: Library base=/data/app/org.mozilla.firefox-qXEeZwQeSKU-v4RxzjCTZA==/lib/arm64
09-02 12:18:01.168 13448 13477 E GeckoLibLoad: Load nss start
09-02 12:18:01.168 13448 13477 E GeckoLibLoad: Load nss done
09-02 12:18:01.168 13448 13477 I GeckoLoader: Library base=/data/app/org.mozilla.firefox-qXEeZwQeSKU-v4RxzjCTZA==/lib/arm64
09-02 12:18:01.169 13448 13477 E GeckoLibLoad: Loaded libs in 1.272615ms total, 0ms(0ms) user, 4ms(4ms) system, 0(0) faults
09-02 12:18:01.170 13448 13479 I libglean_ffi: glean_core::ping: Collecting events
09-02 12:18:01.171 13448 13477 W GeckoThread: zerdatime 95062603 - runGecko
09-02 12:18:01.176  3979  4003 W StorageManager: getStorageFullBytes DEFAULT_FULL_THRESHOLD_BYTES : 20971520, threadhold : 20971520
09-02 12:18:01.176  3979  4003 W StorageManager: getStorageLowBytes lowPercent : 5, lowBytes : 1260145254, maxLowBytes : 524288000
09-02 12:18:01.177  3614  3927 D DnsProxyListener: DNSDBG::dns by name af 2
09-02 12:18:01.177 13448 13453 I zygote64: Do full code cache collection, code=122KB, data=79KB
09-02 12:18:01.177  3979  4003 W DeviceStorageMonitorService: updateBroadcasts(/data) oldLevel:0, newLevel:0, seq:1
09-02 12:18:01.177 13448 13453 I zygote64: After code cache collection, code=88KB, data=51KB
09-02 12:18:01.177  3979  4003 W DeviceStorageMonitorService: updateBroadcasts_filenode(/data) fn_oldLevel:0, fn_newLevel:0, seq:1
09-02 12:18:01.179 13448 13479 I libglean_ffi: glean_core::upload::directory: Processing ping at: /data/user/0/org.mozilla.firefox/glean_data/pending_pings/9323a9a8-115c-4929-aafd-c4f214db12c2
09-02 12:18:01.180 13448 13479 I libglean_ffi: glean_core::metrics::ping: The ping 'events' was submitted and will be sent as soon as possible
09-02 12:18:01.193  3979  3990 D PackageManager: setEnabledSetting : userId = 0 packageName = org.mozilla.firefox cmp = androidx.work.impl.background.systemjob.SystemJobService newState = 1 callingPackage = 10154/org.mozilla.firefox
09-02 12:18:01.201 13448 13477 I Gecko:DumpUtils: Fifo watcher disabled via pref.
09-02 12:18:01.211 13448 13479 I glean/MetricsPingSched: The 'metrics' ping was already sent today, 1693649881207.
09-02 12:18:01.214 13448 13479 I libglean_ffi: glean_core::ping: Collecting baseline
09-02 12:18:01.220 13448 13479 I libglean_ffi: glean_core::upload::directory: Processing ping at: /data/user/0/org.mozilla.firefox/glean_data/pending_pings/2d409f7f-9f50-44db-a6d9-683ba4f231e0
09-02 12:18:01.220 13448 13479 I libglean_ffi: glean_core::metrics::ping: The ping 'baseline' was submitted and will be sent as soon as possible
09-02 12:18:01.241 13448 13476 I libglean_ffi: glean_core::ping: Collecting pageload
09-02 12:18:01.242 13448 13476 I libglean_ffi: glean_core::ping: Storage for pageload empty. Bailing out.
09-02 12:18:01.243 13448 13476 I libglean_ffi: glean_core::metrics::ping: No content for ping 'pageload', therefore no ping queued.
09-02 12:18:01.244  3979  4668 D ConnectivityService: filterNetworkStateForUid() uid: 10025 networkInfo: [type: WIFI[] - WIFI, state: CONNECTED/CONNECTED, reason: (unspecified), extra: "WiFi 69", failover: false, available: true, roaming: false, metered: false]
09-02 12:18:01.253  3979  4668 D SamsungAlarmManager: setExact Intent (T:0/F:1/AC:false) 20330830T121801 - CU:10154/CP:13448
09-02 12:18:01.258  3979  4668 D StorageManagerService: getExternalStorageMountMode : 1
09-02 12:18:01.258  3979  4668 D StorageManagerService: getExternalStorageMountMode : 3
09-02 12:18:01.259  3979  4668 D StorageManagerService: getExternalStorageMountMode : final mountMode=1, uid : 10154, packageName : org.mozilla.firefox
09-02 12:18:01.259  3979  4668 I ApplicationPolicy: isApplicationExternalStorageWhitelisted:org.mozilla.firefox user:0
09-02 12:18:01.259  3979  4668 D ApplicationPolicy: isApplicationExternalStorageWhitelisted: DO is not enabled on user 0. Allowed.
09-02 12:18:01.259  3979  4668 D ActivityManager: package  org.mozilla.firefox, user - 0 is SDcard whitelisted
09-02 12:18:01.259  3979  4668 I ApplicationPolicy: isApplicationExternalStorageBlacklisted:org.mozilla.firefox user:0
09-02 12:18:01.259  3979  4668 D ApplicationPolicy: isApplicationExternalStorageBlacklisted: DO is not enabled on user 0. Allowed.
09-02 12:18:01.274  3979  4668 I ActivityManager: Start proc 13507:org.mozilla.firefox:tab19/u0a154 for service org.mozilla.firefox/org.mozilla.gecko.process.GeckoChildProcessServices$tab19
09-02 12:18:01.275 13507 13507 E Zygote  : isWhitelistProcess - Process is Whitelisted
09-02 12:18:01.276 13507 13507 E libpersona: scanKnoxPersonas
09-02 12:18:01.276 13507 13507 E libpersona: Couldn't open the File - /data/system/users/0/personalist.xml - No such file or directory
09-02 12:18:01.277 13507 13507 W SELinux : SELinux selinux_android_compute_policy_index : Policy Index[2],  Con:u:r:zygote:s0 RAM:SEPF_SM-J720F_8.0.0_0017, [-1 -1 -1 -1 0 1]
09-02 12:18:01.278 13507 13507 I SELinux : SELinux: seapp_context_lookup: seinfo=untrusted, level=s0:c512,c768, pkgname=org.mozilla.firefox:tab19 
09-02 12:18:01.297  3979  4200 D ConnectivityService: filterNetworkStateForUid() uid: 10025 networkInfo: [type: WIFI[] - WIFI, state: CONNECTED/CONNECTED, reason: (unspecified), extra: "WiFi 69", failover: false, available: true, roaming: false, metered: false]
09-02 12:18:01.312 13507 13507 D TimaKeyStoreProvider: TimaKeyStore is not enabled: cannot add TimaSignature Service and generateKeyPair Service
09-02 12:18:01.313 13507 13507 D ActivityThread: Added TimaKeyStore provider
09-02 12:18:01.316  3979  3990 I ActivityManager: DSS on for org.mozilla.firefox and scale is 1.0
09-02 12:18:01.326 13448 13476 I libglean_ffi: glean_core::core: Upload enabled: true
09-02 12:18:01.330 13507 13507 I zygote64: no shared libraies, dex_files: 1
09-02 12:18:01.346  3979  3990 D ConnectivityService: filterNetworkStateForUid() uid: 10154 networkInfo: [type: WIFI[] - WIFI, state: CONNECTED/CONNECTED, reason: (unspecified), extra: "WiFi 69", failover: false, available: true, roaming: false, metered: false]
09-02 12:18:01.367 13448 13448 I FenixApplication: AutoPushFeature is configured, initializing it...
09-02 12:18:01.369 13448 13448 I AbstractFirebasePushService: start
09-02 12:18:01.375  3979  4200 D PackageManager: setEnabledSetting : userId = 0 packageName = org.mozilla.firefox cmp = androidx.work.impl.background.systemalarm.RescheduleReceiver newState = 1 callingPackage = 10154/org.mozilla.firefox
09-02 12:18:01.388 13448 13458 I zygote64: Background concurrent copying GC freed 10639(898KB) AllocSpace objects, 12(328KB) LOS objects, 49% free, 3MB/7MB, paused 2.327ms total 112.119ms
09-02 12:18:01.393 13507 13507 I ServiceChildProcess: onCreate
09-02 12:18:01.395 13507 13542 I GeckoThread: preparing to run Gecko
09-02 12:18:01.404  3979  4200 D ConnectivityService: filterNetworkStateForUid() uid: 10154 networkInfo: [type: WIFI[] - WIFI, state: CONNECTED/CONNECTED, reason: (unspecified), extra: "WiFi 69", failover: false, available: true, roaming: false, metered: false]
09-02 12:18:01.413  3979  4200 D ConnectivityService: filterNetworkStateForUid() uid: 10154 networkInfo: [type: WIFI[] - WIFI, state: CONNECTED/CONNECTED, reason: (unspecified), extra: "WiFi 69", failover: false, available: true, roaming: false, metered: false]
09-02 12:18:01.418  3979  4668 D ConnectivityService: filterNetworkStateForUid() uid: 10154 networkInfo: [type: WIFI[] - WIFI, state: CONNECTED/CONNECTED, reason: (unspecified), extra: "WiFi 69", failover: false, available: true, roaming: false, metered: false]
09-02 12:18:01.424 13448 13536 D ConnectivityManager: requestNetwork; CallingUid : 10154, CallingPid : 13448
09-02 12:18:01.427  3979  4200 D ConnectivityService: requestNetwork for uid/pid:10154/13448 NetworkRequest [ TRACK_DEFAULT id=638, [ Capabilities: INTERNET&NOT_RESTRICTED&TRUSTED&NOT_VPN] ]
09-02 12:18:01.428  3979  4180 D ConnectivityService: rematching NetworkAgentInfo [WIFI () - 502]
09-02 12:18:01.428  3979  4180 D ConnectivityService:  network has: [ Transports: WIFI Capabilities: NOT_METERED&INTERNET&NOT_RESTRICTED&TRUSTED&NOT_VPN&VALIDATED&FOREGROUND LinkUpBandwidth>=1048576Kbps LinkDnBandwidth>=1048576Kbps SignalStrength: -54]
09-02 12:18:01.428  3979  4180 D ConnectivityService:   checking if request is satisfied: NetworkRequest [ TRACK_DEFAULT id=638, [ Capabilities: INTERNET&NOT_RESTRICTED&TRUSTED&NOT_VPN] ]
09-02 12:18:01.428  3979  4180 D ConnectivityService: currentScore = 0, newScore = 60
09-02 12:18:01.428  3979  4180 D ConnectivityService: rematch for NetworkAgentInfo [WIFI () - 502]
09-02 12:18:01.428  3979  4180 D ConnectivityService:    accepting network in place of null
09-02 12:18:01.428  3979  4180 D ConnectivityService: sending new Min Network Score(60): NetworkRequest [ TRACK_DEFAULT id=638, [ Capabilities: INTERNET&NOT_RESTRICTED&TRUSTED&NOT_VPN] ]
09-02 12:18:01.429  3979  4177 D WIFI_P2P: got request NetworkRequest [ TRACK_DEFAULT id=638, [ Capabilities: INTERNET&NOT_RESTRICTED&TRUSTED&NOT_VPN] ] with score 60
09-02 12:18:01.429  3979  4177 D WIFI_P2P:   my score=60, my filter=[ Transports: WIFI Capabilities: WIFI_P2P&NOT_RESTRICTED&TRUSTED&NOT_VPN LinkUpBandwidth>=1048576Kbps LinkDnBandwidth>=1048576Kbps]
09-02 12:18:01.429  3979  4306 D Ethernet: got request NetworkRequest [ TRACK_DEFAULT id=638, [ Capabilities: INTERNET&NOT_RESTRICTED&TRUSTED&NOT_VPN] ] with score 60
09-02 12:18:01.429  4633  4633 D PhoneSwitcherNetworkRequstListener: got request NetworkRequest [ TRACK_DEFAULT id=638, [ Capabilities: INTERNET&NOT_RESTRICTED&TRUSTED&NOT_VPN] ] with score 60
09-02 12:18:01.429  3979  4177 D WIFI_P2P: evalRequest
09-02 12:18:01.429  3979  4177 D WIFI_P2P:   done
09-02 12:18:01.429  3979  4180 D ConnectivityService: MultiNetwork Request(TransportType - Wi-Fi request). Internet Capability doesn't required (false)
09-02 12:18:01.429  3979  4153 D WIFI    : got request NetworkRequest [ TRACK_DEFAULT id=638, [ Capabilities: INTERNET&NOT_RESTRICTED&TRUSTED&NOT_VPN] ] with score 60
09-02 12:18:01.429  3979  4306 D Ethernet:   my score=-1, my filter=[ Transports: ETHERNET Capabilities: INTERNET&NOT_RESTRICTED&TRUSTED&NOT_VPN LinkUpBandwidth>=100000Kbps LinkDnBandwidth>=100000Kbps]
09-02 12:18:01.429  3979  4180 D ConnectivityService: Network NetworkAgentInfo [WIFI () - 502] was already satisfying request 3. No change.
09-02 12:18:01.429  3979  4153 D WIFI    :   my score=60, my filter=[ Transports: WIFI Capabilities: NOT_METERED&INTERNET&NOT_RESTRICTED&TRUSTED&NOT_VPN LinkUpBandwidth>=1048576Kbps LinkDnBandwidth>=1048576Kbps]
09-02 12:18:01.429  3979  4306 D Ethernet: evalRequest
09-02 12:18:01.429  3979  4153 D WIFI    : evalRequest
09-02 12:18:01.429  3979  4180 D ConnectivityService: Network NetworkAgentInfo [WIFI () - 502] was already satisfying request 597. No change.
09-02 12:18:01.429  3979  4306 D Ethernet:   done
09-02 12:18:01.429  3979  4153 D WIFI    :   needNetworkFor
09-02 12:18:01.429  3979  4180 D ConnectivityService: Network NetworkAgentInfo [WIFI () - 502] was already satisfying request 1. No change.
09-02 12:18:01.429  3979  4153 D WIFI_UT : got request NetworkRequest [ TRACK_DEFAULT id=638, [ Capabilities: INTERNET&NOT_RESTRICTED&TRUSTED&NOT_VPN] ] with score 60
09-02 12:18:01.429  3979  4180 D ConnectivityService: Network NetworkAgentInfo [WIFI () - 502] was already satisfying request 443. No change.
09-02 12:18:01.429  3979  4153 D WIFI_UT :   my score=2147483647, my filter=[ Transports: WIFI Capabilities: NOT_METERED&INTERNET&NOT_RESTRICTED&TRUSTED&NOT_VPN LinkUpBandwidth>=1048576Kbps LinkDnBandwidth>=1048576Kbps]
09-02 12:18:01.429  3979  4180 D ConnectivityService: Network NetworkAgentInfo [WIFI () - 502] was already satisfying request 140. No change.
09-02 12:18:01.429  3979  4153 D WIFI_UT : evalRequest
09-02 12:18:01.429  3979  4153 D WIFI_UT :   needNetworkFor
09-02 12:18:01.429  4633  4633 D PhoneSwitcherNetworkRequstListener:   my score=101, my filter=[ Transports: CELLULAR Capabilities: MMS&SUPL&DUN&FOTA&IMS&CBS&IA&RCS&XCAP&EIMS&INTERNET&NOT_RESTRICTED&TRUSTED&NOT_VPN&ENT1 Specifier: <android.net.MatchAllNetworkSpecifier@0>]
09-02 12:18:01.429  4633  4633 D PhoneSwitcherNetworkRequstListener: evalRequest
09-02 12:18:01.429  4633  4633 D PhoneSwitcherNetworkRequstListener:   needNetworkFor
09-02 12:18:01.429  3979  4180 D ConnectivityService: sending notification AVAILABLE for NetworkRequest [ TRACK_DEFAULT id=638, [ Capabilities: INTERNET&NOT_RESTRICTED&TRUSTED&NOT_VPN] ]
09-02 12:18:01.430  3979  4180 D ConnectivityService: sending notification CAP_CHANGED for NetworkRequest [ TRACK_DEFAULT id=638, [ Capabilities: INTERNET&NOT_RESTRICTED&TRUSTED&NOT_VPN] ]
09-02 12:18:01.430  3979  4180 D ConnectivityService: sending notification IP_CHANGED for NetworkRequest [ TRACK_DEFAULT id=638, [ Capabilities: INTERNET&NOT_RESTRICTED&TRUSTED&NOT_VPN] ]
09-02 12:18:01.436 13448 13540 I push::internal::communications::rate_limiter: No need to reset inner timestamp and count for verify_connection.
09-02 12:18:01.440  3979  4200 D ConnectivityService: filterNetworkStateForUid() uid: 10154 networkInfo: [type: WIFI[] - WIFI, state: CONNECTED/CONNECTED, reason: (unspecified), extra: "WiFi 69", failover: false, available: true, roaming: false, metered: false]
09-02 12:18:01.443  3979  3990 I ActivityManager: START u0 {act=android.intent.action.VIEW typ=null flg=0x0 cmp=ComponentInfo{org.mozilla.firefox/org.mozilla.fenix.HomeActivity}} from uid 10154
09-02 12:18:01.444  3979  5977 D ConnectivityService: filterNetworkStateForUid() uid: 10154 networkInfo: [type: WIFI[] - WIFI, state: CONNECTED/CONNECTED, reason: (unspecified), extra: "WiFi 69", failover: false, available: true, roaming: false, metered: false]
09-02 12:18:01.463  3979  4046 D ViewRootImpl@c8c0b38[firefox]: setView = DecorView@17c6076[firefox] TM=true MM=false
09-02 12:18:01.464 13448 13540 I push::internal::communications::rate_limiter: Not allowed: count(54) > 1 for verify_connection.
09-02 12:18:01.466 13448 13540 I AutoPushFeature: No change to subscriptions. Doing nothing.
09-02 12:18:01.469  3979  4046 D ViewRootImpl@c8c0b38[firefox]: dispatchAttachedToWindow
09-02 12:18:01.470  3979  4046 V WindowManager: Relayout Window{85c0711 u0 Splash Screen org.mozilla.firefox}: viewVisibility=0 req=719x1237 WM.LayoutParams{(0,0)(fillxfill) sim=#20 ty=3 fl=#81830118 pfl=0x20011 fmt=-3 wanim=0x10302ea vsysui=0x600 needsMenuKey=2 colorMode=0 naviIconColor=0}
09-02 12:18:01.470 13448 13448 I Choreographer: Skipped 34 frames!  The application may be doing too much work on its main thread.
09-02 12:18:01.475  3462  3462 I SurfaceFlinger: id=1646 createSurf (720x1280),1 flag=4, Splash Screen org.mozilla.firefox#0
09-02 12:18:01.477  3979  4046 V Surface : sf_framedrop debug : 0x4f4c, game : false, logging : 0
09-02 12:18:01.481  3979  4046 D ViewRootImpl@c8c0b38[firefox]: Relayout returned: old=[0,0][0,0] new=[0,0][720,1280] result=0x7 surface={valid=true 535410798592} changed=true
09-02 12:18:01.500  3979  4046 V WindowManager: finishDrawingLocked: mDrawState=COMMIT_DRAW_PENDING Window{85c0711 u0 Splash Screen org.mozilla.firefox} in Surface(name=Splash Screen org.mozilla.firefox)
09-02 12:18:01.525 13448 13453 I zygote64: Do partial code cache collection, code=120KB, data=75KB
09-02 12:18:01.525 13448 13453 I zygote64: After code cache collection, code=120KB, data=75KB
09-02 12:18:01.525 13448 13453 I zygote64: Increasing code cache capacity to 512KB
09-02 12:18:01.536  3979  3990 D ActivityManager: isScaleDownAnimationEnabled() : false
09-02 12:18:01.539  3979  3990 D PersonaManagerService: Current focused persona service handled id set to : 0
09-02 12:18:01.539  3979  3990 D InputDispatcher: Focused application set to: xxxx
09-02 12:18:01.541  3979  4238 D GameManagerService: handleForegroundChange(). pkgName: org.mozilla.firefox, clsName: org.mozilla.fenix.HomeActivity,FgActivityName:org.mozilla.firefox/org.mozilla.fenix.HomeActivity
09-02 12:18:01.541  3979  4238 D GameManagerService:   handleForegroundChange(). same package. game has never resumed yet. ignore
09-02 12:18:01.541  3979  3990 D MARsPolicyManager: onPackageResumedFG pkgName = org.mozilla.firefox, userId = 0
09-02 12:18:01.556 13408 13425 D OpenGLRenderer: eglDestroySurface = 0x7cc1baee80
09-02 12:18:01.556  3462  3462 V Surface : sf_framedrop debug : 0x4f4c, game : false, logging : 0
09-02 12:18:01.565  3979  3990 D TaskSnapshotCache: putSnapshot mTaskId=461 RunningCache size=4
09-02 12:18:01.571  3979  4668 V WindowManager: Relayout Window{80a2a9 u0 com.example.batterymanager_utility/com.example.batterymanager_utility.MainActivity}: viewVisibility=8 req=720x1280 WM.LayoutParams{(0,0)(fillxfill) sim=#120 ty=1 fl=#81810100 pfl=0x20000 wanim=0x10302fd vsysui=0x600 needsMenuKey=2 colorMode=0 naviIconColor=0}
09-02 12:18:01.573  3979  3996 D WindowManager: set systemUiVisibility : systemUiFlags= 0x608 fullscreenStackSysUiFlags= 0x0
09-02 12:18:01.579 13408 13408 D ViewRootImpl@110cd72[MainActivity]: Relayout returned: old=[0,0][720,1280] new=[0,0][720,1280] result=0x5 surface={valid=false 0} changed=true
09-02 12:18:01.590  3462  3462 I SurfaceFlinger: Display 0 HWC layers:
09-02 12:18:01.590  3462  3462 I SurfaceFlinger:     type    |    handle    | flag |  format   |   source crop (l,t,r,b)    |         frame       | name 
09-02 12:18:01.590  3462  3462 I SurfaceFlinger: ------------+--------------+------+-----------+----------------------------+---------------------+------
09-02 12:18:01.590  3462  3462 I SurfaceFlinger:      Client |              | 0000 |  Unknown  |  -0.2   -0.2   -0.8   -0.8 |    0    0  720 1280 | animation background stackId=1#0
09-02 12:18:01.590  3462  3462 I SurfaceFlinger:      Client | 0x7ac4c24900 | 0002 | RGBA_8888 |   0.0    0.0  720.0 1280.0 |    0    0  720 1279 | com.example.batterymanager_utility/c[...]atterymanager_utility.MainActivity#0
09-02 12:18:01.590  3462  3462 I SurfaceFlinger:      Device | 0x7abe64b980 | 0000 | RGBA_8888 |   0.0    0.0  720.0   42.0 |    0    0  720   42 | StatusBar#0
09-02 12:18:01.590  3462  3462 I SurfaceFlinger: 
09-02 12:18:01.625 13448 13477 W ResourceType: Too many attribute references, stopped at: 0x01010099
09-02 12:18:01.633 13448 13494 W logins::schema: user_version: 2
09-02 12:18:01.649  4349  4368 D SystemServicesProxy: updateOverviewLastStackActiveTimeAsync: newTime=1693559943942
09-02 12:18:01.650  3979  4200 D SecContentProvider: query(), uri = 17 selection = isSettingsChangesAllowed
09-02 12:18:01.651  3979  4200 D SecContentProvider: called from android.uid.systemui:10009
09-02 12:18:01.652  4349  4561 D SystemServicesProxy: updateOverviewLastStackActiveTimeAsync: done.
09-02 12:18:01.666  3979  3990 D StorageManagerService: getExternalStorageMountMode : 1
09-02 12:18:01.666  3979  3990 D StorageManagerService: getExternalStorageMountMode : 3
09-02 12:18:01.666  3979  3990 D StorageManagerService: getExternalStorageMountMode : final mountMode=1, uid : 10154, packageName : org.mozilla.firefox
09-02 12:18:01.666  3979  3990 I ApplicationPolicy: isApplicationExternalStorageWhitelisted:org.mozilla.firefox user:0
09-02 12:18:01.666  3979  3990 D ApplicationPolicy: isApplicationExternalStorageWhitelisted: DO is not enabled on user 0. Allowed.
09-02 12:18:01.666  3979  3990 D ActivityManager: package  org.mozilla.firefox, user - 0 is SDcard whitelisted
09-02 12:18:01.666  3979  3990 I ApplicationPolicy: isApplicationExternalStorageBlacklisted:org.mozilla.firefox user:0
09-02 12:18:01.666  3979  3990 D ApplicationPolicy: isApplicationExternalStorageBlacklisted: DO is not enabled on user 0. Allowed.
09-02 12:18:01.685  3979  3990 I ActivityManager: Start proc 13584:org.mozilla.firefox:gpu/u0a154 for service org.mozilla.firefox/org.mozilla.gecko.process.GeckoChildProcessServices$gpu
09-02 12:18:01.689 13584 13584 E Zygote  : isWhitelistProcess - Process is Whitelisted
09-02 12:18:01.690 13584 13584 E libpersona: scanKnoxPersonas
09-02 12:18:01.691 13584 13584 E libpersona: Couldn't open the File - /data/system/users/0/personalist.xml - No such file or directory
09-02 12:18:01.694 13584 13584 W SELinux : SELinux selinux_android_compute_policy_index : Policy Index[2],  Con:u:r:zygote:s0 RAM:SEPF_SM-J720F_8.0.0_0017, [-1 -1 -1 -1 0 1]
09-02 12:18:01.695 13584 13584 I SELinux : SELinux: seapp_context_lookup: seinfo=untrusted, level=s0:c512,c768, pkgname=org.mozilla.firefox:gpu 
09-02 12:18:01.726 13584 13584 D TimaKeyStoreProvider: TimaKeyStore is not enabled: cannot add TimaSignature Service and generateKeyPair Service
09-02 12:18:01.726 13584 13584 D ActivityThread: Added TimaKeyStore provider
09-02 12:18:01.729  3979  3990 I ActivityManager: DSS on for org.mozilla.firefox and scale is 1.0
09-02 12:18:01.747 13584 13584 I zygote64: no shared libraies, dex_files: 1
09-02 12:18:01.775  3462  3462 I SurfaceFlinger: Display 0 HWC layers:
09-02 12:18:01.775  3462  3462 I SurfaceFlinger:     type    |    handle    | flag |  format   |   source crop (l,t,r,b)    |         frame       | name 
09-02 12:18:01.775  3462  3462 I SurfaceFlinger: ------------+--------------+------+-----------+----------------------------+---------------------+------
09-02 12:18:01.775  3462  3462 I SurfaceFlinger:      Client |              | 0000 |  Unknown  |  -0.2   -0.2   -0.8   -0.8 |    0    0  720 1280 | animation background stackId=1#0
09-02 12:18:01.775  3462  3462 I SurfaceFlinger:      Client | 0x7ac4c24900 | 0002 | RGBA_8888 |   0.0    0.0  720.0 1280.0 |   16   29  703 1251 | com.example.batterymanager_utility/c[...]atterymanager_utility.MainActivity#0
09-02 12:18:01.775  3462  3462 I SurfaceFlinger:      Device | 0x7ac4c25200 | 0000 | RGBA_8888 |   0.0    0.0  720.0 1022.0 |   17  305  704 1280 | Splash Screen org.mozilla.firefox#0
09-02 12:18:01.775  3462  3462 I SurfaceFlinger:      Device | 0x7ac4c25140 | 0000 | RGBA_8888 |   0.0    0.0  720.0   42.0 |    0    0  720   42 | StatusBar#0
09-02 12:18:01.775  3462  3462 I SurfaceFlinger: 
09-02 12:18:01.814  3614  3927 D DnsProxyListener: DNSDBG::dns addrinfo af 2
09-02 12:18:01.814 13584 13584 I ServiceChildProcess: onCreate
09-02 12:18:01.816 13584 13614 I GeckoThread: preparing to run Gecko
09-02 12:18:01.822 13448 13528 W ActivityThread: ClassLoader.getResources: The class loader returned by Thread.getContextClassLoader() may fail for processes that host multiple applications. You should explicitly specify a context class loader. For example: Thread.setContextClassLoader(getClass().getClassLoader());
09-02 12:18:01.822  3614  3927 D DnsProxyListener: DNSDBG::dns addrinfo af 2
09-02 12:18:01.851 13448 13448 I NavController: Ignoring popBackStack to destination org.mozilla.firefox:id/browserFragment as it was not found on the current back stack
09-02 12:18:01.851 13448 13448 I NavController: Ignoring popBackStack to destination org.mozilla.firefox:id/homeFragment as it was not found on the current back stack
09-02 12:18:01.897 13448 13448 I ContileTopSitesUpdater: Started periodic work to update Contile top sites
09-02 12:18:01.947  4962  4962 D io_stats: !@ 179,0 r 595647 18060460 w 370697 7936484 d 38963 19195892 f 104122 106363 iot 471828 396566 th 51200 0 0 pt 0 inp 0 0 40415.193
09-02 12:18:02.030 13448 13453 I zygote64: Do full code cache collection, code=251KB, data=150KB
09-02 12:18:02.031 13448 13453 I zygote64: After code cache collection, code=223KB, data=121KB
09-02 12:18:02.053  3979  4046 I WindowManager: Destroying surface Surface(name=com.example.batterymanager_utility/com.example.batterymanager_utility.MainActivity) called by com.android.server.wm.WindowStateAnimator.destroySurface:2501 com.android.server.wm.WindowStateAnimator.destroySurfaceLocked:985 com.android.server.wm.WindowState.destroyOrSaveSurfaceUnchecked:3671 com.android.server.wm.WindowState.destroySurface:3619 com.android.server.wm.AppWindowToken.destroySurfaces:722 com.android.server.wm.AppWindowToken.destroySurfaces:706 com.android.server.wm.WindowState.onExitAnimationDone:5333 com.android.server.wm.WindowStateAnimator.stepAnimationLocked:550 
09-02 12:18:02.054  3462  5840 I SurfaceFlinger: id=1645 Removed com.example.batterymanager_utility/com.example.batterymanager_utility.MainActivity#0 (2/5)
09-02 12:18:02.058  3462  4087 I SurfaceFlinger: id=1645 Removed com.example.batterymanager_utility/com.example.batterymanager_utility.MainActivity#0 (-2/5)
09-02 12:18:02.063 13448 13453 I zygote64: Do partial code cache collection, code=226KB, data=125KB
09-02 12:18:02.064 13448 13453 I zygote64: After code cache collection, code=226KB, data=125KB
09-02 12:18:02.064 13448 13453 I zygote64: Increasing code cache capacity to 1024KB
09-02 12:18:02.065  3979  4323 I OpenGLRenderer: Initialized EGL, version 1.4
09-02 12:18:02.066  3979  4323 D OpenGLRenderer: Swap behavior 2
09-02 12:18:02.069  3462  3462 I Layer   : id=1645 onRemoved com.example.batterymanager_utility/com.example.batterymanager_utility.MainActivity#0 
09-02 12:18:02.072  3462  3462 I SurfaceFlinger: Display 0 HWC layers:
09-02 12:18:02.072  3462  3462 I SurfaceFlinger:     type    |    handle    | flag |  format   |   source crop (l,t,r,b)    |         frame       | name 
09-02 12:18:02.072  3462  3462 I SurfaceFlinger: ------------+--------------+------+-----------+----------------------------+---------------------+------
09-02 12:18:02.072  3462  3462 I SurfaceFlinger:      Device | 0x7ac4c25200 | 0000 | RGBA_8888 |   0.0    0.0  720.0 1280.0 |    0    0  720 1280 | Splash Screen org.mozilla.firefox#0
09-02 12:18:02.072  3462  3462 I SurfaceFlinger:      Device | 0x7abe64b980 | 0000 | RGBA_8888 |   0.0    0.0  720.0   42.0 |    0    0  720   42 | StatusBar#0
09-02 12:18:02.072  3462  3462 I SurfaceFlinger: 
09-02 12:18:02.101 13448 13448 W GeckoViewActivityContextDelegate: A non-activity context was set.
09-02 12:18:02.115 13448 13476 I libglean_ffi: glean_core::ping: Collecting baseline
09-02 12:18:02.124 13448 13476 I libglean_ffi: glean_core::upload::directory: Processing ping at: /data/user/0/org.mozilla.firefox/glean_data/pending_pings/00ff0193-df15-4e2e-88ed-9f3ba9779573
09-02 12:18:02.125 13448 13476 I libglean_ffi: glean_core::metrics::ping: The ping 'baseline' was submitted and will be sent as soon as possible
09-02 12:18:02.125  3614  3927 D DnsProxyListener: DNSDBG::dns addrinfo af 2
09-02 12:18:02.127  3979  4200 D ConnectivityService: filterNetworkStateForUid() uid: 10154 networkInfo: [type: WIFI[] - WIFI, state: CONNECTED/CONNECTED, reason: (unspecified), extra: "WiFi 69", failover: false, available: true, roaming: false, metered: false]
09-02 12:18:02.128  3979  4200 I chatty  : uid=1000(system) Binder:3979_3 identical 1 line
09-02 12:18:02.129  3979  4200 D ConnectivityService: filterNetworkStateForUid() uid: 10154 networkInfo: [type: WIFI[] - WIFI, state: CONNECTED/CONNECTED, reason: (unspecified), extra: "WiFi 69", failover: false, available: true, roaming: false, metered: false]
09-02 12:18:02.135 13448 13525 I zygote64: Deoptimizing void kotlin.sequences.SequencesKt___SequencesKt.toCollection(kotlin.sequences.Sequence, java.util.AbstractCollection) due to JIT inline cache
09-02 12:18:02.149 13448 13448 I BgSyncManager: Periodic syncing enabled: PeriodicSyncConfig(periodMinutes=240, initialDelayMinutes=5)
09-02 12:18:02.149 13448 13448 I FirefoxAccountStateMachine: Sync is enabled
09-02 12:18:02.150 13448 13496 I StartupTypeTelemetry: Recorded start up: cold_view
09-02 12:18:02.173 13448 13626 D OpenGLRenderer: HWUI GL Pipeline
09-02 12:18:02.180 13448 13448 D ViewRootImpl@88b7945[HomeActivity]: setView = DecorView@2b3d89a[HomeActivity] TM=true MM=false
09-02 12:18:02.180  3979  3990 D ActivityManager: post active user change for 0 fullscreen true isHomeActivity() false
09-02 12:18:02.185 13448 13627 I libglean_ffi: glean_core::upload: New upload task with id 9323a9a8-115c-4929-aafd-c4f214db12c2 (path: /submit/org-mozilla-firefox/events/1/9323a9a8-115c-4929-aafd-c4f214db12c2)
09-02 12:18:02.190  3979  3990 D ConnectivityService: filterNetworkStateForUid() uid: 10154 networkInfo: [type: WIFI[] - WIFI, state: CONNECTED/CONNECTED, reason: (unspecified), extra: "WiFi 69", failover: false, available: true, roaming: false, metered: false]
09-02 12:18:02.199  3614  3927 D DnsProxyListener: DNSDBG::dns addrinfo af 2
09-02 12:18:02.203  3979  3990 I chatty  : uid=1000(system) Binder:3979_2 identical 4 lines
09-02 12:18:02.204  3979  3990 D ConnectivityService: filterNetworkStateForUid() uid: 10154 networkInfo: [type: WIFI[] - WIFI, state: CONNECTED/CONNECTED, reason: (unspecified), extra: "WiFi 69", failover: false, available: true, roaming: false, metered: false]
09-02 12:18:02.208  3614  3927 D DnsProxyListener: DNSDBG::dns addrinfo af 2
09-02 12:18:02.208 13584 13614 I GeckoLoader: Library base=/data/app/org.mozilla.firefox-qXEeZwQeSKU-v4RxzjCTZA==/lib/arm64
09-02 12:18:02.208 13584 13614 I GeckoLoader: Library base=/data/app/org.mozilla.firefox-qXEeZwQeSKU-v4RxzjCTZA==/lib/arm64
09-02 12:18:02.210  3614  3927 D DnsProxyListener: DNSDBG::dns addrinfo af 2
09-02 12:18:02.210 13584 13614 E GeckoLibLoad: Load sqlite start
09-02 12:18:02.212  3614  3927 D DnsProxyListener: DNSDBG::dns addrinfo af 2
09-02 12:18:02.213 13584 13614 E GeckoLibLoad: Load sqlite done
09-02 12:18:02.213 13584 13614 I GeckoLoader: Library base=/data/app/org.mozilla.firefox-qXEeZwQeSKU-v4RxzjCTZA==/lib/arm64
09-02 12:18:02.213  3614  3927 D DnsProxyListener: DNSDBG::dns addrinfo af 2
09-02 12:18:02.213 13584 13614 E GeckoLibLoad: Load nss start
09-02 12:18:02.213 13584 13614 E GeckoLibLoad: Load nss done
09-02 12:18:02.214 13584 13614 I GeckoLoader: Library base=/data/app/org.mozilla.firefox-qXEeZwQeSKU-v4RxzjCTZA==/lib/arm64
09-02 12:18:02.214  3614  3927 D DnsProxyListener: DNSDBG::dns addrinfo af 2
09-02 12:18:02.223 13448 13448 D ViewRootImpl@88b7945[HomeActivity]: dispatchAttachedToWindow
09-02 12:18:02.227  3614  3927 D DnsProxyListener: DNSDBG::dns addrinfo af 2
09-02 12:18:02.228 13448 13638 I FirefoxAccountStateMachine: Processing event 'mozilla.components.service.fxa.manager.Event$Account$Start@b9559d9' for state Idle(accountState=NotAuthenticated). Next state is Active(progressState=Initializing)
09-02 12:18:02.237 13584 13614 E GeckoLibLoad: Loaded libs in 23.294153ms total, 16ms(16ms) user, 4ms(8ms) system, 0(0) faults
09-02 12:18:02.238 13584 13614 W GeckoThread: zerdatime 95063670 - runGecko
09-02 12:18:02.243  3347  3347 W keymaster2_mdfpp: entered get_key_characteristics function.
09-02 12:18:02.245  3347  3347 W keymaster_tee: [WRN]KEY_PARAMS: AES ENC DEC GCM PADNO AUTH SIZE:256 
09-02 12:18:02.245  3347  3347 W keymaster_tee: [WRN]KEY_PARAMS: 20230902081917 
09-02 12:18:02.245  3347  3347 W keymaster2_mdfpp: exit get_key_characteristics function, returned 0
09-02 12:18:02.249  3347  3347 W keymaster2_mdfpp: entered get_key_characteristics function.
09-02 12:18:02.251  3347  3347 W keymaster_tee: [WRN]KEY_PARAMS: AES ENC DEC GCM PADNO AUTH SIZE:256 
09-02 12:18:02.251  3347  3347 W keymaster_tee: [WRN]KEY_PARAMS: 20230902081917 
09-02 12:18:02.251  3347  3347 W keymaster2_mdfpp: exit get_key_characteristics function, returned 0
09-02 12:18:02.252  3979  4668 V WindowManager: Relayout Window{d7020fe u0 org.mozilla.firefox/org.mozilla.fenix.HomeActivity}: viewVisibility=0 req=719x1237 WM.LayoutParams{(0,0)(fillxfill) sim=#110 ty=1 fl=#81010100 pfl=0x20000 wanim=0x7f1404fa vsysui=0x2610 needsMenuKey=2 colorMode=0 naviIconColor=0}
09-02 12:18:02.257  3462  3462 I SurfaceFlinger: id=1647 createSurf (720x1280),1 flag=404, org.mozilla.firefox/org.mozilla.fenix.HomeActivity#0
09-02 12:18:02.258  3979  4668 V Surface : sf_framedrop debug : 0x4f4c, game : false, logging : 0
09-02 12:18:02.258  3979  3996 D WindowManager: set systemUiVisibility : systemUiFlags= 0x2608 fullscreenStackSysUiFlags= 0x0
09-02 12:18:02.263  3979  4668 D InputDispatcher: Focus entered window: 13448
09-02 12:18:02.265 13448 13448 V Surface : sf_framedrop debug : 0x4f4c, game : false, logging : 0
09-02 12:18:02.265  3979  3990 D WindowManager: adjustSystemUiVisibilityLw : vis= 0x2608
09-02 12:18:02.265 13448 13448 D ViewRootImpl@88b7945[HomeActivity]: Relayout returned: old=[0,0][0,0] new=[0,0][720,1280] result=0x7 surface={valid=true 533316685824} changed=true
09-02 12:18:02.266 13448 13626 I OpenGLRenderer: Initialized EGL, version 1.4
09-02 12:18:02.266 13448 13626 D OpenGLRenderer: Swap behavior 2
09-02 12:18:02.271 13448 13626 D libGLESv1: STS_GLApi : DTS, ODTC are not allowed for Package : org.mozilla.firefox
09-02 12:18:02.273 13448 13626 D mali_winsys: EGLint new_window_surface(egl_winsys_display *, void *, EGLSurface, EGLConfig, egl_winsys_surface **, egl_color_buffer_format *, EGLBoolean) returns 0x3000,  [720x1280]-format:1
09-02 12:18:02.273 13448 13626 D OpenGLRenderer: eglCreateWindowSurface = 0x7cdabadcc0
09-02 12:18:02.277 13448 13638 I FirefoxAccount: Registering persistence callback
09-02 12:18:02.278 13448 13638 I FirefoxAccountStateMachine: Ran 'mozilla.components.service.fxa.manager.Event$Account$Start@b9559d9' side-effects for state Active(progressState=Initializing), got successive event mozilla.components.service.fxa.manager.Event$Progress$AccountNotFound@7bdfd50
09-02 12:18:02.278 13448 13638 I FirefoxAccountStateMachine: Processing event 'mozilla.components.service.fxa.manager.Event$Progress$AccountNotFound@7bdfd50' for state Active(progressState=Initializing). Next state is Idle(accountState=NotAuthenticated)
09-02 12:18:02.287  3979  3990 I ActivityManager: Displayed org.mozilla.firefox/org.mozilla.fenix.HomeActivity: +750ms (total +1s512ms)
09-02 12:18:02.287  3979  3990 I ActivityManager: Fully drawn org.mozilla.firefox/org.mozilla.fenix.HomeActivity: +750ms (total +1s512ms)
09-02 12:18:02.289  3462  3462 I SurfaceFlinger: id=1648 createSurf (720x1238),1 flag=4, SurfaceView - org.mozilla.firefox/org.mozilla.fenix.HomeActivity@af36b49@0#0
09-02 12:18:02.290  3462  3462 I SurfaceFlinger: id=1649 createSurf (720x1238),-1 flag=20004, Background for - SurfaceView - org.mozilla.firefox/org.mozilla.fenix.HomeActivity@af36b49@0#0
09-02 12:18:02.291 13448 13448 D SurfaceView: BG hide() Surface(name=Background for - SurfaceView - org.mozilla.firefox/org.mozilla.fenix.HomeActivity@af36b49@0) false true org.mozilla.gecko.MagnifiableSurfaceView{af36b49 V.E...... ......ID 0,0-720,1238}
09-02 12:18:02.302 13448 13448 V Surface : sf_framedrop debug : 0x4f4c, game : false, logging : 0
09-02 12:18:02.302 13448 13448 D SurfaceView: surfaceCreated 1 org.mozilla.gecko.MagnifiableSurfaceView{af36b49 V.E...... ......ID 0,0-720,1238}
09-02 12:18:02.303 13448 13448 D SurfaceView: surfaceChanged (720,1238) 1 org.mozilla.gecko.MagnifiableSurfaceView{af36b49 V.E...... ......ID 0,0-720,1238}
09-02 12:18:02.310  3979  3990 D ConnectivityService: filterNetworkStateForUid() uid: 10154 networkInfo: [type: WIFI[] - WIFI, state: CONNECTED/CONNECTED, reason: (unspecified), extra: "WiFi 69", failover: false, available: true, roaming: false, metered: false]
09-02 12:18:02.311  3979  3990 I chatty  : uid=1000(system) Binder:3979_2 identical 1 line
09-02 12:18:02.312  3979  3990 D ConnectivityService: filterNetworkStateForUid() uid: 10154 networkInfo: [type: WIFI[] - WIFI, state: CONNECTED/CONNECTED, reason: (unspecified), extra: "WiFi 69", failover: false, available: true, roaming: false, metered: false]
09-02 12:18:02.337  3979  3990 V WindowManager: Relayout Window{d7020fe u0 org.mozilla.firefox/org.mozilla.fenix.HomeActivity}: viewVisibility=0 req=720x1280 WM.LayoutParams{(0,0)(fillxfill) sim=#110 ty=1 fl=#81010100 pfl=0x20000 fmt=-3 wanim=0x7f1404fa vsysui=0x2610 needsMenuKey=2 colorMode=0 naviIconColor=0}
09-02 12:18:02.342 13448 13448 D ViewRootImpl@88b7945[HomeActivity]: Relayout returned: old=[0,0][720,1280] new=[0,0][720,1280] result=0x3 surface={valid=true 533316685824} changed=false
09-02 12:18:02.373  3979  3990 V WindowManager: finishDrawingLocked: mDrawState=COMMIT_DRAW_PENDING Window{d7020fe u0 org.mozilla.firefox/org.mozilla.fenix.HomeActivity} in Surface(name=org.mozilla.firefox/org.mozilla.fenix.HomeActivity)
09-02 12:18:02.373 13448 13448 D ViewRootImpl@88b7945[HomeActivity]: MSG_RESIZED_REPORT: frame=Rect(0, 0 - 720, 1280) ci=Rect(0, 42 - 0, 0) vi=Rect(0, 42 - 0, 0) or=1
09-02 12:18:02.373 13448 13448 D ViewRootImpl@88b7945[HomeActivity]: MSG_WINDOW_FOCUS_CHANGED 1
09-02 12:18:02.378  3979  4046 D ViewRootImpl@c8c0b38[firefox]: dispatchDetachedFromWindow
09-02 12:18:02.379  3979  4046 D InputEventReceiver: channel '85c0711 Splash Screen org.mozilla.firefox (client)' ~ Disposing input event receiver.
09-02 12:18:02.379  3979  4046 D InputEventReceiver: channel '85c0711 Splash Screen org.mozilla.firefox (client)' ~NativeInputEventReceiver.
09-02 12:18:02.381  3979  3996 D WindowManager: set systemUiVisibility : systemUiFlags= 0x2618 fullscreenStackSysUiFlags= 0x0
09-02 12:18:02.383  3979  4668 D WindowManager: adjustSystemUiVisibilityLw : vis= 0x2618
