09-02 12:16:39.348 12918 12918 I WebExtension: releasePendingMessages: extension=readerview@mozac.org nativeApp=mozacReaderviewActive session=org.mozilla.geckoview.GeckoSession@dc7fa03
09-02 12:16:39.348 12918 12918 I WebExtension: releasePendingMessages: extension=readerview@mozac.org nativeApp=mozacReaderview session=org.mozilla.geckoview.GeckoSession@dc7fa03
09-02 12:16:39.354 12918 12918 I zygote64: Deoptimizing java.util.ArrayList kotlin.collections.CollectionsKt___CollectionsKt.plus(java.lang.Iterable, java.util.Collection) due to JIT inline cache
09-02 12:16:39.360 12918 12995 I zygote64: Deoptimizing void kotlinx.coroutines.JobSupport.initParentJob(kotlinx.coroutines.Job) due to JIT inline cache
09-02 12:16:39.369  3979  4200 D ConnectivityService: filterNetworkStateForUid() uid: 10154 networkInfo: [type: WIFI[] - WIFI, state: CONNECTED/CONNECTED, reason: (unspecified), extra: "WiFi 69", failover: false, available: true, roaming: false, metered: false]
09-02 12:16:39.369 12918 13005 I zygote64: Deoptimizing void kotlin.coroutines.jvm.internal.BaseContinuationImpl.resumeWith(java.lang.Object) due to JIT inline cache
09-02 12:16:39.369 12918 13005 I zygote64: Deoptimizing kotlinx.coroutines.internal.LockFreeLinkedListNode kotlinx.coroutines.internal.LockFreeLinkedListNode.correctPrev() due to JIT inline cache
09-02 12:16:39.394 12918 12918 D InputMethodManager: HSIFW - flag : 0 Pid : 12918
09-02 12:16:39.395  3979  9236 V InputMethodManagerService: Client requesting input be hidden, flags : 0
09-02 12:16:39.395  3979  9236 V InputMethodManagerService: hideCurrentInputLocked : shouldHideSoftInput is false
09-02 12:16:39.396 12918 12918 D ViewRootImpl@2b3d89a[HomeActivity]: MSG_WINDOW_FOCUS_CHANGED 1
09-02 12:16:39.399  3979  9236 D InputMethodManagerService: startInputOrWindowGainedFocus : windowGainedFocus 
09-02 12:16:39.399  3979  9236 D InputMethodManagerService: windowGainedFocus: destinationUserId (getCallingUid) = 0
09-02 12:16:39.399  3979  9236 D InputMethodManagerService: windowGainedFocus: currentUserId=0
09-02 12:16:39.399  3979  9236 D InputMethodManagerService: windowGainedFocus: mCurrentFocusedUserId=0
09-02 12:16:39.399  3979  9236 D InputMethodManagerService: windowGainedFocus : lock - currentUserId = 0 destinationUserId = 0
09-02 12:16:39.399  3979  9236 D InputMethodManagerService: windowGainedFocus : mCurrentFocusedUserId - 0 and mSecureKeypadEnabled - false, userSwitched - false
09-02 12:16:39.399  3979  9236 W InputMethodManagerService: Window already focused, ignoring focus gain of: com.android.internal.view.IInputMethodClient$Stub$Proxy@826e688 attribute=null, token = android.os.BinderProxy@19e3428
09-02 12:16:39.401  3979  9236 D ActivityManager: isScaleDownAnimationEnabled() : false
09-02 12:16:39.402  3979  9236 D PersonaManagerService: Current focused persona service handled id set to : 0
09-02 12:16:39.402  3979  9236 D InputDispatcher: Focused application set to: xxxx
09-02 12:16:39.405  3979  4238 D GameManagerService: handleForegroundChange(). pkgName: org.mozilla.firefox, clsName: org.mozilla.fenix.HomeActivity,FgActivityName:org.mozilla.firefox/org.mozilla.fenix.HomeActivity
09-02 12:16:39.405  3979  4238 D GameManagerService:   handleForegroundChange(). same package. game has never resumed yet. ignore
09-02 12:16:39.405  3979  9236 D MARsPolicyManager: onPackageResumedFG pkgName = org.mozilla.firefox, userId = 0
09-02 12:16:39.422  3979  4670 V WindowManager: Relayout Window{3309541 u0 org.mozilla.firefox/org.mozilla.fenix.HomeActivity}: viewVisibility=0 req=720x1280 WM.LayoutParams{(0,0)(fillxfill) sim=#10 ty=1 fl=#81010100 pfl=0x20000 fmt=-3 wanim=0x7f1404fa vsysui=0x2610 needsMenuKey=2 colorMode=0 naviIconColor=0}
09-02 12:16:39.425 12918 12918 D ViewRootImpl@2b3d89a[HomeActivity]: Relayout returned: old=[0,0][720,1280] new=[0,0][720,1280] result=0x1 surface={valid=true 533309100032} changed=false
09-02 12:16:39.434 12918 12990 I zygote64: Deoptimizing void kotlinx.coroutines.internal.LockFreeLinkedListNode.finishAdd(kotlinx.coroutines.internal.LockFreeLinkedListNode) due to JIT inline cache
09-02 12:16:39.443  4349  4858 D SystemServicesProxy: updateOverviewLastStackActiveTimeAsync: newTime=1693559943942
09-02 12:16:39.443  3979  9236 D ConnectivityService: filterNetworkStateForUid() uid: 10154 networkInfo: [type: WIFI[] - WIFI, state: CONNECTED/CONNECTED, reason: (unspecified), extra: "WiFi 69", failover: false, available: true, roaming: false, metered: false]
09-02 12:16:39.444  3979  4670 D SecContentProvider: query(), uri = 17 selection = isSettingsChangesAllowed
09-02 12:16:39.445  3979  4670 D SecContentProvider: called from android.uid.systemui:10009
09-02 12:16:39.446  4349  4561 D SystemServicesProxy: updateOverviewLastStackActiveTimeAsync: done.
09-02 12:16:39.448 12879 13259 I BatteryMgr:DataCollectionService: stats => 1693649799448,137,4311
09-02 12:16:39.460  3979  5966 D ActivityManager: post active user change for 0 fullscreen true isHomeActivity() false
09-02 12:16:39.464  3979  5966 V WindowManager: Relayout Window{3309541 u0 org.mozilla.firefox/org.mozilla.fenix.HomeActivity}: viewVisibility=0 req=720x1280 WM.LayoutParams{(0,0)(fillxfill) sim=#110 ty=1 fl=#81010100 pfl=0x20000 fmt=-3 wanim=0x7f1404fa vsysui=0x2610 needsMenuKey=2 colorMode=0 naviIconColor=0}
09-02 12:16:39.468 12918 12918 D ViewRootImpl@2b3d89a[HomeActivity]: Relayout returned: old=[0,0][720,1280] new=[0,0][720,1280] result=0x1 surface={valid=true 533309100032} changed=false
09-02 12:16:39.548  3979  4670 D ConnectivityService: filterNetworkStateForUid() uid: 10025 networkInfo: [type: WIFI[] - WIFI, state: CONNECTED/CONNECTED, reason: (unspecified), extra: "WiFi 69", failover: false, available: true, roaming: false, metered: false]
09-02 12:16:39.552 12879 13259 I BatteryMgr:DataCollectionService: stats => 1693649799552,137,4311
09-02 12:16:39.573  3979  4670 D ConnectivityService: filterNetworkStateForUid() uid: 10025 networkInfo: [type: WIFI[] - WIFI, state: CONNECTED/CONNECTED, reason: (unspecified), extra: "WiFi 69", failover: false, available: true, roaming: false, metered: false]
09-02 12:16:39.656 12879 13259 I BatteryMgr:DataCollectionService: stats => 1693649799656,137,4311
09-02 12:16:39.761 12879 13259 I BatteryMgr:DataCollectionService: stats => 1693649799761,137,4311
09-02 12:16:39.866 12879 13259 I BatteryMgr:DataCollectionService: stats => 1693649799866,137,4311
09-02 12:16:39.972 12879 13259 I BatteryMgr:DataCollectionService: stats => 1693649799971,137,4311
09-02 12:16:40.000  3979  4051 D SensorService: [SO] 0.115 -0.402 9.878
09-02 12:16:40.077 12879 13259 I BatteryMgr:DataCollectionService: stats => 1693649800077,137,4311
09-02 12:16:40.182 12879 13259 I BatteryMgr:DataCollectionService: stats => 1693649800182,137,4311
09-02 12:16:40.288 12879 13259 I BatteryMgr:DataCollectionService: stats => 1693649800288,137,4311
09-02 12:16:40.394 12879 13259 I BatteryMgr:DataCollectionService: stats => 1693649800394,137,4311
09-02 12:16:40.500 12879 13259 I BatteryMgr:DataCollectionService: stats => 1693649800500,137,4311
09-02 12:16:40.606 12879 13259 I BatteryMgr:DataCollectionService: stats => 1693649800606,137,4311
09-02 12:16:40.712 12879 13259 I BatteryMgr:DataCollectionService: stats => 1693649800711,137,4311
09-02 12:16:40.818 12879 13259 I BatteryMgr:DataCollectionService: stats => 1693649800818,137,4311
09-02 12:16:40.924 12879 13259 I BatteryMgr:DataCollectionService: stats => 1693649800924,137,4311
09-02 12:16:41.030 12879 13259 I BatteryMgr:DataCollectionService: stats => 1693649801030,137,4311
09-02 12:16:41.136 12879 13259 I BatteryMgr:DataCollectionService: stats => 1693649801136,137,4311
09-02 12:16:41.241 12879 13259 I BatteryMgr:DataCollectionService: stats => 1693649801241,137,4311
09-02 12:16:41.285  3979  5035 D ActivityManagerPerformance: Received MSG_DISABLE_ACT_START, r: ActivityRecord{8e764e9 u0 org.mozilla.firefox/org.mozilla.gecko.BrowserApp t-1 f}
09-02 12:16:41.286  3979  5035 D CustomFrequencyManagerService: acquireDVFSLockLocked : type : DVFS_MIN_LIMIT  frequency : 1560000  uid : 1000  pid : 3979  pkgName : AMS_RESUME_TAIL@CPU_MIN@14
09-02 12:16:41.287  3979  5035 D ActivityManagerPerformance: AMP_acquire() TAIL
09-02 12:16:41.287  3979  5035 D CustomFrequencyManagerService: releaseDVFSLockLocked : Getting Lock type frm List : DVFS_MIN_LIMIT  frequency : 1560000  uid : 1000  pid : 3979  tag : AMS_ACT_START@CPU_MIN@8
09-02 12:16:41.288  3979  5035 D ActivityManagerPerformance: AMP_release() ACT_START
09-02 12:16:41.305  3979  3979 D PreBindingService: handleMessage : 1
09-02 12:16:41.336  3979  3979 D PreBindingService: handleMessage : 1
09-02 12:16:41.347 12879 13259 I BatteryMgr:DataCollectionService: stats => 1693649801347,137,4311
09-02 12:16:41.453 12879 13259 I BatteryMgr:DataCollectionService: stats => 1693649801453,137,4311
09-02 12:16:41.529  3449  3449 I android.hardware.wifi@1.0-service: getLinkLayerStats
09-02 12:16:41.558 12879 13259 I BatteryMgr:DataCollectionService: stats => 1693649801558,137,4311
09-02 12:16:41.664 12879 13259 I BatteryMgr:DataCollectionService: stats => 1693649801663,137,4311
09-02 12:16:41.769 12879 13259 I BatteryMgr:DataCollectionService: stats => 1693649801769,137,4311
09-02 12:16:41.857  4962  4962 D io_stats: !@ 179,0 r 595646 18060456 w 370433 7932512 d 38922 19194136 f 104074 106313 iot 471628 396391 th 51200 0 0 pt 0 inp 0 0 40335.101
09-02 12:16:41.875 12879 13259 I BatteryMgr:DataCollectionService: stats => 1693649801875,137,4311
09-02 12:16:41.888  3979  3979 D CustomFrequencyManagerService: releaseDVFSLockLocked : Getting Lock type frm List : DVFS_MIN_LIMIT  frequency : 1560000  uid : 1000  pid : 3979  tag : AMS_RESUME_TAIL@CPU_MIN@14
09-02 12:16:41.984 12879 13259 I BatteryMgr:DataCollectionService: stats => 1693649801984,137,4311
09-02 12:16:42.094 12879 13259 I BatteryMgr:DataCollectionService: stats => 1693649802094,137,4311
09-02 12:16:42.203 12879 13259 I BatteryMgr:DataCollectionService: stats => 1693649802203,137,4311
09-02 12:16:42.313 12879 13259 I BatteryMgr:DataCollectionService: stats => 1693649802313,137,4311
09-02 12:16:42.423 12879 13259 I BatteryMgr:DataCollectionService: stats => 1693649802423,137,4311
09-02 12:16:42.533 12879 13259 I BatteryMgr:DataCollectionService: stats => 1693649802533,137,4311
09-02 12:16:42.550 12879 12884 I zygote64: Do partial code cache collection, code=58KB, data=45KB
09-02 12:16:42.551 12879 12884 I zygote64: After code cache collection, code=58KB, data=45KB
09-02 12:16:42.551 12879 12884 I zygote64: Increasing code cache capacity to 256KB
09-02 12:16:42.643 12879 13259 I BatteryMgr:DataCollectionService: stats => 1693649802643,137,4311
09-02 12:16:42.753 12879 13259 I BatteryMgr:DataCollectionService: stats => 1693649802753,137,4311
09-02 12:16:42.863 12879 13259 I BatteryMgr:DataCollectionService: stats => 1693649802863,137,4311
09-02 12:16:42.973 12879 13259 I BatteryMgr:DataCollectionService: stats => 1693649802973,137,4311
09-02 12:16:42.997 14031 14031 E adbd    : recv: OPEN 0001d3d3 00000000 0029:73 68 65 6C 6C 2C 76 32 2C 54 45 52 4D 3D 78 74 65 72 6D 2D 32 35 36 63 6F 6C 6F 72 2C 72 61 77 3A 64 61 74 65 20 2D 75 00 
09-02 12:16:42.997 14031 14031 E adbd    : service_to_fd: shell,v2,TERM=xterm-256color,raw:date -u
09-02 12:16:43.079 12879 13259 I BatteryMgr:DataCollectionService: stats => 1693649803079,137,4311
09-02 12:16:43.081 14031 14031 E adbd    : recv: OPEN 0001d3d6 00000000 003e:73 68 65 6C 6C 2C 76 32 2C 54 45 52 4D 3D 78 74 65 72 6D 2D 32 35 36 63 6F 6C 6F 72 2C 72 61 77 3A 64 75 6D 70 73 79 73 20 63 70 75 69 6E 66 6F 20 7C 20 67 72 65 70 20 54 4F 54 41 4C 00 
09-02 12:16:43.081 14031 14031 E adbd    : service_to_fd: shell,v2,TERM=xterm-256color,raw:dumpsys cpuinfo | grep TOTAL
09-02 12:16:43.155 14031 14031 E adbd    : recv: OPEN 0001d3d9 00000000 003d:73 68 65 6C 6C 2C 76 32 2C 54 45 52 4D 3D 78 74 65 72 6D 2D 32 35 36 63 6F 6C 6F 72 2C 72 61 77 3A 64 75 6D 70 73 79 73 20 6D 65 6D 69 6E 66 6F 20 7C 20 67 72 65 70 20 55 73 65 64 00 
09-02 12:16:43.155 14031 14031 E adbd    : service_to_fd: shell,v2,TERM=xterm-256color,raw:dumpsys meminfo | grep Used
09-02 12:16:43.185 12879 13259 I BatteryMgr:DataCollectionService: stats => 1693649803185,137,4311
09-02 12:16:43.290 12879 13259 I BatteryMgr:DataCollectionService: stats => 1693649803290,137,4311
09-02 12:16:43.399 12879 13259 I BatteryMgr:DataCollectionService: stats => 1693649803399,137,4311
09-02 12:16:43.510 12879 13259 I BatteryMgr:DataCollectionService: stats => 1693649803509,137,4311
09-02 12:16:43.620 12879 13259 I BatteryMgr:DataCollectionService: stats => 1693649803620,137,4311
09-02 12:16:43.730 12879 13259 I BatteryMgr:DataCollectionService: stats => 1693649803730,137,4311
09-02 12:16:43.840 12879 13259 I BatteryMgr:DataCollectionService: stats => 1693649803840,137,4311
09-02 12:16:43.945 12879 13259 I BatteryMgr:DataCollectionService: stats => 1693649803945,137,4311
09-02 12:16:44.055 12879 13259 I BatteryMgr:DataCollectionService: stats => 1693649804054,137,4311
09-02 12:16:44.167 12879 13259 I BatteryMgr:DataCollectionService: stats => 1693649804167,137,4311
09-02 12:16:44.277 12879 13259 I BatteryMgr:DataCollectionService: stats => 1693649804277,137,4311
09-02 12:16:44.343 14031 14031 E adbd    : recv: OPEN 0001d3dc 00000000 0042:73 68 65 6C 6C 2C 76 32 2C 54 45 52 4D 3D 78 74 65 72 6D 2D 32 35 36 63 6F 6C 6F 72 2C 72 61 77 3A 67 65 74 70 72 6F 70 20 72 6F 2E 62 75 69 6C 64 2E 76 65 72 73 69 6F 6E 2E 72 65 6C 65 61 73 65 00 
09-02 12:16:44.343 14031 14031 E adbd    : service_to_fd: shell,v2,TERM=xterm-256color,raw:getprop ro.build.version.release
09-02 12:16:44.383 12879 13259 I BatteryMgr:DataCollectionService: stats => 1693649804383,137,4311
09-02 12:16:44.429 14031 14031 E adbd    : recv: OPEN 0001d3df 00000000 003e:73 68 65 6C 6C 2C 76 32 2C 54 45 52 4D 3D 78 74 65 72 6D 2D 32 35 36 63 6F 6C 6F 72 2C 72 61 77 3A 67 65 74 70 72 6F 70 20 72 6F 2E 62 75 69 6C 64 2E 76 65 72 73 69 6F 6E 2E 73 64 6B 00 
09-02 12:16:44.429 14031 14031 E adbd    : service_to_fd: shell,v2,TERM=xterm-256color,raw:getprop ro.build.version.sdk
09-02 12:16:44.487 12879 13259 I BatteryMgr:DataCollectionService: stats => 1693649804487,137,4311
09-02 12:16:44.517 14031 14031 E adbd    : recv: OPEN 0001d3e2 00000000 0042:73 68 65 6C 6C 2C 76 32 2C 54 45 52 4D 3D 78 74 65 72 6D 2D 32 35 36 63 6F 6C 6F 72 2C 72 61 77 3A 67 65 74 70 72 6F 70 20 72 6F 2E 62 75 69 6C 64 2E 76 65 72 73 69 6F 6E 2E 72 65 6C 65 61 73 65 00 
09-02 12:16:44.517 14031 14031 E adbd    : service_to_fd: shell,v2,TERM=xterm-256color,raw:getprop ro.build.version.release
09-02 12:16:44.549  3449  3449 I android.hardware.wifi@1.0-service: getLinkLayerStats
09-02 12:16:44.593 12879 13259 I BatteryMgr:DataCollectionService: stats => 1693649804593,137,4311
09-02 12:16:44.596 14031 14031 E adbd    : recv: OPEN 0001d3e5 00000000 003e:73 68 65 6C 6C 2C 76 32 2C 54 45 52 4D 3D 78 74 65 72 6D 2D 32 35 36 63 6F 6C 6F 72 2C 72 61 77 3A 67 65 74 70 72 6F 70 20 72 6F 2E 62 75 69 6C 64 2E 76 65 72 73 69 6F 6E 2E 73 64 6B 00 
09-02 12:16:44.597 14031 14031 E adbd    : service_to_fd: shell,v2,TERM=xterm-256color,raw:getprop ro.build.version.sdk
09-02 12:16:44.664 14031 14031 E adbd    : recv: OPEN 0001d3e8 00000000 008c:73 68 65 6C 6C 2C 76 32 2C 54 45 52 4D 3D 78 74 65 72 6D 2D 32 35 36 63 6F 6C 6F 72 2C 72 61 77 3A 61 6D 20 73 74 6F 70 73 65 72 76 69 63 65 20 63 6F 6D 2E 65 78 61 6D 70 6C 65 2E 62 61 74 74 65 72 79 6D 61 6E 61 67 65 72 5F 75 74 69 6C 69 74 79 2F 63 6F 6D 2E 65 78 61 6D 70 6C 65 2E 62 61 74 74 65 72 79 6D 61 6E 61 67 65 72 5F 75 74 69 6C 69 74 79 2E 44 61 74 61 43 6F 6C 6C 65 63 74 69 6F 6E 53 65 72 76 69 63 65 00 
09-02 12:16:44.665 14031 14031 E adbd    : service_to_fd: shell,v2,TERM=xterm-256color,raw:am stopservice com.example.batterymanager_utility/com.example.batterymanager_utility.DataCollectionService
09-02 12:16:44.698 12879 13259 I BatteryMgr:DataCollectionService: stats => 1693649804698,137,4311
09-02 12:16:44.729  3979  3979 I EasyMuteController: UnRegister failed. no registered
09-02 12:16:44.730  3979  3979 D LightsService: [api] [SvcLED] turnOff:: id = 4 (uid: 1000 pid: 3979) 
09-02 12:16:44.730  3979  3979 D LightsService: [api] [SvcLED] LED indicator : Not supported.
09-02 12:16:44.731  3979  4670 D Notification: allPendingIntents
09-02 12:16:44.734  3979  3979 D LightsService: [api] [SvcLED] turnOff:: id = 4 (uid: 1000 pid: 3979) 
09-02 12:16:44.734  3979  3979 D LightsService: [api] [SvcLED] LED indicator : Not supported.
09-02 12:16:44.735  3979  4670 D Notification: allPendingIntents
09-02 12:16:44.738  3979  5966 D Notification: allPendingIntents
09-02 12:16:44.740  3979  5966 D Notification: allPendingIntents
09-02 12:16:44.763 14031 14031 E adbd    : recv: OPEN 0001d3eb 00000000 0042:73 68 65 6C 6C 2C 76 32 2C 54 45 52 4D 3D 78 74 65 72 6D 2D 32 35 36 63 6F 6C 6F 72 2C 72 61 77 3A 67 65 74 70 72 6F 70 20 72 6F 2E 62 75 69 6C 64 2E 76 65 72 73 69 6F 6E 2E 72 65 6C 65 61 73 65 00 
09-02 12:16:44.763 14031 14031 E adbd    : service_to_fd: shell,v2,TERM=xterm-256color,raw:getprop ro.build.version.release
09-02 12:16:44.773  4349  4349 D KeyguardUpdateMonitor: handleStatusBarState( false )
09-02 12:16:44.773  4349  4349 D KeyguardUpdateMonitor: handleStatusBarState( false )
09-02 12:16:44.835 14031 14031 E adbd    : recv: OPEN 0001d3ee 00000000 003e:73 68 65 6C 6C 2C 76 32 2C 54 45 52 4D 3D 78 74 65 72 6D 2D 32 35 36 63 6F 6C 6F 72 2C 72 61 77 3A 67 65 74 70 72 6F 70 20 72 6F 2E 62 75 69 6C 64 2E 76 65 72 73 69 6F 6E 2E 73 64 6B 00 
09-02 12:16:44.835 14031 14031 E adbd    : service_to_fd: shell,v2,TERM=xterm-256color,raw:getprop ro.build.version.sdk
09-02 12:16:44.912 14031 14031 E adbd    : recv: OPEN 0001d3f1 00000000 0076:73 68 65 6C 6C 2C 76 32 2C 54 45 52 4D 3D 78 74 65 72 6D 2D 32 35 36 63 6F 6C 6F 72 2C 72 61 77 3A 64 75 6D 70 73 79 73 20 61 63 74 69 76 69 74 79 20 72 65 63 65 6E 74 73 20 7C 20 67 72 65 70 20 22 52 65 63 65 6E 74 20 23 30 22 20 7C 20 63 75 74 20 2D 64 20 22 3D 22 20 2D 66 32 20 7C 20 67 72 65 70 20 2D 6F 20 2D 70 20 22 5B 61 2D 7A 7C 2E 5D 2A 22 00 
09-02 12:16:44.912 14031 14031 E adbd    : service_to_fd: shell,v2,TERM=xterm-256color,raw:dumpsys activity recents | grep "Recent #0" | cut -d "=" -f2 | grep -o -p "[a-z|.]*"
09-02 12:16:45.006 14031 14031 E adbd    : recv: OPEN 0001d3f4 00000000 0042:73 68 65 6C 6C 2C 76 32 2C 54 45 52 4D 3D 78 74 65 72 6D 2D 32 35 36 63 6F 6C 6F 72 2C 72 61 77 3A 67 65 74 70 72 6F 70 20 72 6F 2E 62 75 69 6C 64 2E 76 65 72 73 69 6F 6E 2E 72 65 6C 65 61 73 65 00 
09-02 12:16:45.007 14031 14031 E adbd    : service_to_fd: shell,v2,TERM=xterm-256color,raw:getprop ro.build.version.release
09-02 12:16:45.074 14031 14031 E adbd    : recv: OPEN 0001d3f7 00000000 003e:73 68 65 6C 6C 2C 76 32 2C 54 45 52 4D 3D 78 74 65 72 6D 2D 32 35 36 63 6F 6C 6F 72 2C 72 61 77 3A 67 65 74 70 72 6F 70 20 72 6F 2E 62 75 69 6C 64 2E 76 65 72 73 69 6F 6E 2E 73 64 6B 00 
09-02 12:16:45.074 14031 14031 E adbd    : service_to_fd: shell,v2,TERM=xterm-256color,raw:getprop ro.build.version.sdk
09-02 12:16:45.168 14031 14031 E adbd    : recv: OPEN 0001d3fa 00000000 0043:73 68 65 6C 6C 2C 76 32 2C 54 45 52 4D 3D 78 74 65 72 6D 2D 32 35 36 63 6F 6C 6F 72 2C 72 61 77 3A 61 6D 20 66 6F 72 63 65 2D 73 74 6F 70 20 6F 72 67 2E 6D 6F 7A 69 6C 6C 61 2E 66 69 72 65 66 6F 78 00 
09-02 12:16:45.168 14031 14031 E adbd    : service_to_fd: shell,v2,TERM=xterm-256color,raw:am force-stop org.mozilla.firefox
09-02 12:16:45.238  3979  5966 I ActivityManager: Force stopping org.mozilla.firefox appid=10154 user=0: from pid 13348
09-02 12:16:45.239  3979  5966 I ActivityManager: Killing 13057:org.mozilla.firefox:gpu/u0a154 (adj 0): stop org.mozilla.firefox,from pid 13348
09-02 12:16:45.240  3979  5966 W ActivityManager: Scheduling restart of crashed service org.mozilla.firefox/org.mozilla.gecko.process.GeckoChildProcessServices$gpu in 1000ms
09-02 12:16:45.244  3979  5966 I ActivityManager: Killing 12976:org.mozilla.firefox:tab10/u0a154 (adj 0): stop org.mozilla.firefox,from pid 13348
09-02 12:16:45.245  3979  5966 W ActivityManager: Scheduling restart of crashed service org.mozilla.firefox/org.mozilla.gecko.process.GeckoChildProcessServices$tab10 in 10995ms
09-02 12:16:45.249  3979  5966 I ActivityManager: Killing 12918:org.mozilla.firefox/u0a154 (adj 0): stop org.mozilla.firefox,from pid 13348
09-02 12:16:45.251  3979  5966 W ActivityManager: Force removing ActivityRecord{aac805a u0 org.mozilla.firefox/org.mozilla.fenix.HomeActivity t459}: app died, no saved state
09-02 12:16:45.258  3979  5966 D InputDispatcher: Focus left window: 12918
09-02 12:16:45.262  3462  3462 V Surface : sf_framedrop debug : 0x4f4c, game : false, logging : 0
09-02 12:16:45.275  3979  5966 D TaskSnapshotCache: putSnapshot mTaskId=459 RunningCache size=5
09-02 12:16:45.275  3979  5966 D TaskSnapshotCache: removeRunningEntry taskId=459 RunningCache size=4
09-02 12:16:45.275  3979  5966 D InputDispatcher: Focused application released
09-02 12:16:45.279  3979  4323 I OpenGLRenderer: Initialized EGL, version 1.4
09-02 12:16:45.279  3979  4323 D OpenGLRenderer: Swap behavior 2
09-02 12:16:45.280  3979  5966 D CustomFrequencyManagerService: acquireDVFSLockLocked : type : DVFS_MIN_LIMIT  frequency : 1560000  uid : 1000  pid : 3979  pkgName : AMS_ACT_RESUME@CPU_MIN@70
09-02 12:16:45.281  3979  5966 D ActivityManagerPerformance: AMP_acquire() ACT_RESUME
09-02 12:16:45.282  3979  5966 D PersonaManagerService: Current focused persona service handled id set to : 0
09-02 12:16:45.282  3979  5966 D InputDispatcher: Focused application set to: xxxx
09-02 12:16:45.284  3979  5966 V WindowManager: rotationForOrientationLw(orient=-1, last=0); user=0  sensorRotation=-1 mLidState=-1 mDockMode=0 mHdmiPlugged=false
09-02 12:16:45.286  3979  4238 D GameManagerService: handleForegroundChange(). pkgName: com.example.batterymanager_utility, clsName: com.example.batterymanager_utility.MainActivity,FgActivityName:com.example.batterymanager_utility/.MainActivity
09-02 12:16:45.286  3979  5966 D MARsPolicyManager: onPackageResumedFG pkgName = com.example.batterymanager_utility, userId = 0
09-02 12:16:45.287  3979  4238 D GameManagerService: sem_perfomance_mode: 3
09-02 12:16:45.287  3979  4238 D GameManagerService: notifyResumePause(). pkg: com.example.batterymanager_utility, type: 4, isMinimized: false, isTunableApp: false
09-02 12:16:45.287  3979  4238 D GameManagerService:   notifyResumePause(). unexpected mPrevNotiType: -1
09-02 12:16:45.296  3979  9236 V WindowManager: Relayout Window{dedc36d u0 com.example.batterymanager_utility/com.example.batterymanager_utility.MainActivity}: viewVisibility=4 req=720x1280 WM.LayoutParams{(0,0)(fillxfill) sim=#120 ty=1 fl=#81810100 pfl=0x20000 wanim=0x10302fd vsysui=0x600 needsMenuKey=2 colorMode=0 naviIconColor=0}
09-02 12:16:45.299  3979  3979 D SamsungAlarmManager: Remove alarm for next reason : android.intent.action.PACKAGE_RESTARTED : package: org.mozilla.firefox
09-02 12:16:45.304 12879 12879 D ViewRootImpl@110cd72[MainActivity]: Relayout returned: old=[0,0][720,1280] new=[0,0][720,1280] result=0x1 surface={valid=false 0} changed=false
09-02 12:16:45.307  4633  4633 D CarrierSvcBindHelper: No carrier app for: 0
09-02 12:16:45.308  3979  3995 W BroadcastQueue: Background execution not allowed: receiving Intent { act=android.intent.action.PACKAGE_RESTARTED dat=package:org.mozilla.firefox flg=0x10 (has extras) } to android/com.kddi.android.CpaNotiReceiver
09-02 12:16:45.308  4633  4633 D CarrierSvcBindHelper: No carrier app for: 1
09-02 12:16:45.309  3979  3995 W BroadcastQueue: Background execution not allowed: receiving Intent { act=android.intent.action.PACKAGE_RESTARTED dat=package:org.mozilla.firefox flg=0x10 (has extras) } to com.sec.android.daemonapp/com.samsung.android.weather.daemon.receiver.ClearDataReceiver
09-02 12:16:45.316  3979  9236 D ActivityManager: post active user change for 0 fullscreen true isHomeActivity() false
09-02 12:16:45.316  3979  6899 D GamePkgDataHelper: getGamePkgDataIncServer(). com.example.batterymanager_utility
09-02 12:16:45.317  3979  6899 D GameManagerService: identifyGamePackage. com.example.batterymanager_utility
09-02 12:16:45.317  3979  6899 D GamePkgDataHelper: getGamePkgData(). com.example.batterymanager_utility
09-02 12:16:45.321  3979  9236 V WindowManager: Relayout Window{dedc36d u0 com.example.batterymanager_utility/com.example.batterymanager_utility.MainActivity}: viewVisibility=0 req=720x1280 WM.LayoutParams{(0,0)(fillxfill) sim=#120 ty=1 fl=#81810100 pfl=0x20000 wanim=0x10302fd vsysui=0x600 needsMenuKey=2 colorMode=0 naviIconColor=0}
09-02 12:16:45.322  3979  3979 D SamsungAlarmManager: setInexact Listener (T:2/F:0/AC:false) 20230902T121828 - CU:1000/CP:3979
09-02 12:16:45.322  3462  3462 I SurfaceFlinger: id=1641 createSurf (720x1280),1 flag=404, com.example.batterymanager_utility/com.example.batterymanager_utility.MainActivity#0
09-02 12:16:45.322  3979  6899 D GameManagerService: identifyGamePackage. com.example.batterymanager_utility
09-02 12:16:45.322  3979  6899 D GamePkgDataHelper: getGamePkgData(). com.example.batterymanager_utility
09-02 12:16:45.322  3979  6899 D GamePkgDataHelper: getSosPolicy(). com.example.batterymanager_utility
09-02 12:16:45.323  3979  9236 V Surface : sf_framedrop debug : 0x4f4c, game : false, logging : 0
09-02 12:16:45.323  3979  3979 D SamsungAlarmManager: setInexact Listener (T:2/F:0/AC:false) 20230902T131206 - CU:1000/CP:3979
09-02 12:16:45.323  3979  3996 D WindowManager: set systemUiVisibility : systemUiFlags= 0x608 fullscreenStackSysUiFlags= 0x0
09-02 12:16:45.324  3979  3979 D SamsungAlarmManager: setInexact Listener (T:2/F:0/AC:false) 20230902T121828 - CU:1000/CP:3979
09-02 12:16:45.326  3979  3979 D SamsungAlarmManager: setInexact Listener (T:2/F:0/AC:false) 20230902T131206 - CU:1000/CP:3979
09-02 12:16:45.326  3979  9236 D InputDispatcher: Focus entered window: 12879
09-02 12:16:45.327  3979  3979 D SamsungAlarmManager: setInexact Listener (T:2/F:0/AC:false) 20230902T121828 - CU:1000/CP:3979
09-02 12:16:45.327  3979  6899 D GameManagerService: identifyGamePackage. com.example.batterymanager_utility
09-02 12:16:45.328  3979  6899 D GamePkgDataHelper: getGamePkgData(). com.example.batterymanager_utility
09-02 12:16:45.328  3979  3979 D SamsungAlarmManager: setInexact Listener (T:2/F:0/AC:false) 20230902T131206 - CU:1000/CP:3979
09-02 12:16:45.328 12879 12879 V Surface : sf_framedrop debug : 0x4f4c, game : false, logging : 0
09-02 12:16:45.329  3979  3979 D SamsungAlarmManager: setInexact Listener (T:2/F:0/AC:false) 20230902T121828 - CU:1000/CP:3979
09-02 12:16:45.331  3979  6899 D GameManagerService: identifyGamePackage. com.example.batterymanager_utility
09-02 12:16:45.331  3979  3979 D SamsungAlarmManager: setInexact Listener (T:2/F:0/AC:false) 20230902T131206 - CU:1000/CP:3979
09-02 12:16:45.331  3979  6899 D GamePkgDataHelper: getGamePkgData(). com.example.batterymanager_utility
09-02 12:16:45.331 12879 12879 D ViewRootImpl@110cd72[MainActivity]: Relayout returned: old=[0,0][720,1280] new=[0,0][720,1280] result=0x7 surface={valid=true 536211472384} changed=true
09-02 12:16:45.332  3979  9236 D WindowManager: adjustSystemUiVisibilityLw : vis= 0x608
09-02 12:16:45.341 12879 12895 D mali_winsys: EGLint new_window_surface(egl_winsys_display *, void *, EGLSurface, EGLConfig, egl_winsys_surface **, egl_color_buffer_format *, EGLBoolean) returns 0x3000,  [720x1280]-format:1
09-02 12:16:45.341 12879 12895 D OpenGLRenderer: eglCreateWindowSurface = 0x7cc1b92dc0
09-02 12:16:45.344 12879 12879 D ViewRootImpl@110cd72[MainActivity]: MSG_WINDOW_FOCUS_CHANGED 1
09-02 12:16:45.348 12879 12879 V InputMethodManager: Starting input: tba=android.view.inputmethod.EditorInfo@fa19362 nm : com.example.batterymanager_utility ic=null
09-02 12:16:45.348 12879 12879 I InputMethodManager: startInputInner - mService.startInputOrWindowGainedFocus
09-02 12:16:45.349  3979  9236 D InputMethodManagerService: startInputOrWindowGainedFocus : windowGainedFocus 
09-02 12:16:45.349  3979  9236 D InputMethodManagerService: windowGainedFocus: destinationUserId (getCallingUid) = 0
09-02 12:16:45.349  3979  9236 D InputMethodManagerService: windowGainedFocus: currentUserId=0
09-02 12:16:45.349  3979  9236 D InputMethodManagerService: windowGainedFocus: mCurrentFocusedUserId=0
09-02 12:16:45.350  3979  9236 D InputMethodManagerService: windowGainedFocus : lock - currentUserId = 0 destinationUserId = 0
09-02 12:16:45.350  3979  9236 D InputMethodManagerService: windowGainedFocus : mCurrentFocusedUserId - 0 and mSecureKeypadEnabled - false, userSwitched - false
09-02 12:16:45.350  3979  9236 V InputMethodManagerService: windowGainedFocus : reason=WINDOW_FOCUS_GAIN client=android.os.BinderProxy@b76b197 inputContext=null missingMethods= attribute=android.view.inputmethod.EditorInfo@d2d8ed2 nm = com.example.batterymanager_utility controlFlags=#105 softInputMode=#120 windowFlags=#81810100
09-02 12:16:45.350  3979  9236 V InputMethodManagerService: hideCurrentInputLocked : shouldHideSoftInput is false
09-02 12:16:45.351  3979  9236 W InputMethodManagerService: Got RemoteException sending setActive(false) notification to pid 12918 uid 10154
09-02 12:16:45.351  3979  9236 D InputMethodManagerService: isImeSwitcherDisabledPackage : false
09-02 12:16:45.352  3979  9236 D InputMethodManagerService: setCurrentInputInfo - inputContext : null eidtorInfo : android.view.inputmethod.EditorInfo@d2d8ed2 missingMethods : 0
09-02 12:16:45.354  4336  4336 I InputMethodWrapper:  call dispatchStartInputWithToken
09-02 12:16:45.354  4336  4336 I InputMethodService: dispatchStartInputWithToken
09-02 12:16:45.354  4336  4336 I SKBD    : SamsungKeypad [IMI] onStartInput - caller pid : 12879, caller uid : 10157
09-02 12:16:45.362  4349  4372 D SystemServicesProxy: updateOverviewLastStackActiveTimeAsync: newTime=1693559943942
09-02 12:16:45.363  3979  9236 D SecContentProvider: query(), uri = 17 selection = isSettingsChangesAllowed
09-02 12:16:45.364  3979  9236 D SecContentProvider: called from android.uid.systemui:10009
09-02 12:16:45.364  4349  4561 D SystemServicesProxy: updateOverviewLastStackActiveTimeAsync: done.
09-02 12:16:45.366  3979  4670 D PackageManager: getComponentMetadataForIconTray : org.mozilla.fenix.HomeActivity does not exist in mServices
09-02 12:16:45.366  3979  4670 D PackageManager: getComponentMetadataForIconTray : org.mozilla.fenix.HomeActivity does not exist in mProviders
09-02 12:16:45.366  3979  4670 D PackageManager: getComponentMetadataForIconTray : org.mozilla.fenix.HomeActivity does not exist in mReceivers
09-02 12:16:45.367  4349  4372 D ApplicationPackageManager: updateItemMetaDataForFixedIconScale: package: org.mozilla.firefox
09-02 12:16:45.367  3979  4670 D PackageManager: getSelectedMetaData : packageName(org.mozilla.firefox) or Metadata strings {[Ljava.lang.String;@859fea0}
09-02 12:16:45.367  4349  4372 I ApplicationPackageManager: return adaptive icon for org.mozilla.firefox
09-02 12:16:45.371  3979  4081 W InputDispatcher: channel ~ Consumer closed input channel or an error occurred.  events=0x9
09-02 12:16:45.371  3979  4081 E InputDispatcher: channel ~ Channel is unrecoverably broken and will be disposed!
09-02 12:16:45.379  3979  5966 I WindowManager: WIN DEATH: Window{3309541 u0 org.mozilla.firefox/org.mozilla.fenix.HomeActivity}
09-02 12:16:45.380  3979  5966 W InputDispatcher: Attempted to unregister already unregistered input channel
09-02 12:16:45.380  3979  5966 I WindowManager: Destroying surface Surface(name=org.mozilla.firefox/org.mozilla.fenix.HomeActivity) called by com.android.server.wm.WindowStateAnimator.destroySurface:2501 com.android.server.wm.WindowStateAnimator.destroySurfaceLocked:985 com.android.server.wm.WindowState.removeImmediately:2404 com.android.server.wm.WindowState.removeIfPossible:2603 com.android.server.wm.WindowState.-wrap1:0 com.android.server.wm.WindowState$DeathRecipient.binderDied:3142 android.os.BinderProxy.sendDeathNotice:841 <bottom of call stack> 
09-02 12:16:45.380  4336  4336 D InputEventReceiver: channel 'ClientState{796040 uid 10154 pid 12918} (client)' ~ Disposing input event receiver.
09-02 12:16:45.380  4336  4336 D InputEventReceiver: channel 'ClientState{796040 uid 10154 pid 12918} (client)' ~NativeInputEventReceiver.
09-02 12:16:45.380  3462  3502 I SurfaceFlinger: id=1638 Removed org.mozilla.firefox/org.mozilla.fenix.HomeActivity#0 (3/5)
09-02 12:16:45.381  3462  3502 I SurfaceFlinger: id=1638 Removed org.mozilla.firefox/org.mozilla.fenix.HomeActivity#0 (-2/5)
09-02 12:16:45.385  3462  3462 I SurfaceFlinger: removeLayer is called from message
09-02 12:16:45.385  3462  3462 I SurfaceFlinger: id=1638 Removed org.mozilla.firefox/org.mozilla.fenix.HomeActivity#0 (-2/5)
09-02 12:16:45.386  3979  4004 W ActivityManager: setHasOverlayUi called on unknown pid: 12918
09-02 12:16:45.393  3462  3462 I Layer   : id=1638 onRemoved org.mozilla.firefox/org.mozilla.fenix.HomeActivity#0 
09-02 12:16:45.394  3462  3462 I Layer   : id=1640 onRemoved Background for - SurfaceView - org.mozilla.firefox/org.mozilla.fenix.HomeActivity@7cb1c4e@0#0 
09-02 12:16:45.394  3462  3462 I Layer   : id=1639 onRemoved SurfaceView - org.mozilla.firefox/org.mozilla.fenix.HomeActivity@7cb1c4e@0#0 
09-02 12:16:45.398  3462  3462 I SurfaceFlinger: Display 0 HWC layers:
09-02 12:16:45.398  3462  3462 I SurfaceFlinger:     type    |    handle    | flag |  format   |   source crop (l,t,r,b)    |         frame       | name 
09-02 12:16:45.398  3462  3462 I SurfaceFlinger: ------------+--------------+------+-----------+----------------------------+---------------------+------
09-02 12:16:45.398  3462  3462 I SurfaceFlinger:      Device | 0x7ac4c25140 | 0000 | RGBA_8888 |   0.0    0.0  720.0   42.0 |    0    0  720   42 | StatusBar#0
09-02 12:16:45.398  3462  3462 I SurfaceFlinger: 
09-02 12:16:45.410  3979  4670 V WindowManager: finishDrawingLocked: mDrawState=COMMIT_DRAW_PENDING Window{dedc36d u0 com.example.batterymanager_utility/com.example.batterymanager_utility.MainActivity} in Surface(name=com.example.batterymanager_utility/com.example.batterymanager_utility.MainActivity)
09-02 12:16:45.429  3462  3462 I SurfaceFlinger: id=1642 createSurf (720x1280),-1 flag=20004, com.example.batterymanager_utility/com.example.batterymanager_utility.MainActivity_dim#0
09-02 12:16:45.447  3979  4111 D MdnieScenarioControlService:  packageName : com.example.batterymanager_utility    className : com.example.batterymanager_utility.MainActivity
09-02 12:16:45.447  3979  4111 V MdnieScenarioControlService: setUIMode from UI function(3)
09-02 12:16:45.448  3462  3462 I SurfaceFlinger: Display 0 HWC layers:
09-02 12:16:45.448  3462  3462 I SurfaceFlinger:     type    |    handle    | flag |  format   |   source crop (l,t,r,b)    |         frame       | name 
09-02 12:16:45.448  3462  3462 I SurfaceFlinger: ------------+--------------+------+-----------+----------------------------+---------------------+------
09-02 12:16:45.448  3462  3462 I SurfaceFlinger:      Client |              | 0000 |  Unknown  |  -0.2   -0.2   -0.8   -0.8 |    0    0  720 1280 | animation background stackId=1#0
09-02 12:16:45.448  3462  3462 I SurfaceFlinger:      Client | 0x7ac4c25a40 | 0002 | RGBA_8888 |   0.0    0.0   31.0 1280.0 |  689    0  720 1280 | com.example.batterymanager_utility/c[...]atterymanager_utility.MainActivity#0
09-02 12:16:45.448  3462  3462 I SurfaceFlinger:      Device | 0x7ac4c24480 | 0000 | RGBA_8888 |   0.0    0.0  720.0   42.0 |    0    0  720   42 | StatusBar#0
09-02 12:16:45.448  3462  3462 I SurfaceFlinger: 
09-02 12:16:45.464  3462  3462 I SurfaceFlinger: Display 0 HWC layers:
09-02 12:16:45.464  3462  3462 I SurfaceFlinger:     type    |    handle    | flag |  format   |   source crop (l,t,r,b)    |         frame       | name 
09-02 12:16:45.464  3462  3462 I SurfaceFlinger: ------------+--------------+------+-----------+----------------------------+---------------------+------
09-02 12:16:45.464  3462  3462 I SurfaceFlinger:      Client |              | 0000 |  Unknown  |   0.0    0.0   -1.0   -1.0 |    0    0  720 1280 | com.example.batterymanager_utility/c[...]rymanager_utility.MainActivity_dim#0
09-02 12:16:45.464  3462  3462 I SurfaceFlinger:      Client |              | 0000 |  Unknown  |  -0.2   -0.2   -0.8   -0.8 |    0    0  720 1280 | animation background stackId=1#0
09-02 12:16:45.464  3462  3462 I SurfaceFlinger:      Client | 0x7ac4c25a40 | 0002 | RGBA_8888 |   0.0    0.0   65.0 1280.0 |  655    0  720 1280 | com.example.batterymanager_utility/c[...]atterymanager_utility.MainActivity#0
09-02 12:16:45.464  3462  3462 I SurfaceFlinger:      Client | 0x7abe64b980 | 0000 | RGBA_8888 |   0.0    0.0  720.0   42.0 |    0    0  720   42 | StatusBar#0
09-02 12:16:45.464  3462  3462 I SurfaceFlinger: 
09-02 12:16:45.600 10264 11466 I PhenotypeProcessReaper: Memory state is: 100
09-02 12:16:45.814  3462  3462 I SurfaceFlinger: Display 0 HWC layers:
09-02 12:16:45.814  3462  3462 I SurfaceFlinger:     type    |    handle    | flag |  format   |   source crop (l,t,r,b)    |         frame       | name 
09-02 12:16:45.814  3462  3462 I SurfaceFlinger: ------------+--------------+------+-----------+----------------------------+---------------------+------
09-02 12:16:45.814  3462  3462 I SurfaceFlinger:      Device | 0x7ac4c25a40 | 0002 | RGBA_8888 |   0.0    0.0  720.0 1280.0 |    0    0  720 1280 | com.example.batterymanager_utility/c[...]atterymanager_utility.MainActivity#0
09-02 12:16:45.814  3462  3462 I SurfaceFlinger:      Device | 0x7abe64b980 | 0000 | RGBA_8888 |   0.0    0.0  720.0   42.0 |    0    0  720   42 | StatusBar#0
09-02 12:16:45.814  3462  3462 I SurfaceFlinger: 
09-02 12:16:45.844  3979  4046 I WindowManager: Destroying surface Surface(name=com.example.batterymanager_utility/com.example.batterymanager_utility.MainActivity_dim) called by com.android.server.wm.WindowStateAnimator.destroyTransitionDimSurface:2733 com.android.server.wm.WindowState.onExitAnimationDone:5260 com.android.server.wm.AppWindowAnimator.stepAnimationLocked:508 com.android.server.wm.AppWindowToken.stepAppWindowsAnimation:1659 com.android.server.wm.WindowContainer.stepAppWindowsAnimation:521 com.android.server.wm.WindowContainer.stepAppWindowsAnimation:521 com.android.server.wm.TaskStack.stepAppWindowsAnimation:1948 com.android.server.wm.WindowContainer.stepAppWindowsAnimation:521 
09-02 12:16:45.844  3462  3502 I SurfaceFlinger: id=1642 Removed com.example.batterymanager_utility/com.example.batterymanager_utility.MainActivity_dim#0 (1/5)
09-02 12:16:45.845  3462  3502 I SurfaceFlinger: id=1642 Removed com.example.batterymanager_utility/com.example.batterymanager_utility.MainActivity_dim#0 (-2/5)
09-02 12:16:45.845  3979  4004 D CustomFrequencyManagerService: releaseDVFSLockLocked : Getting Lock type frm List : DVFS_MIN_LIMIT  frequency : 1560000  uid : 1000  pid : 3979  tag : AMS_ACT_RESUME@CPU_MIN@70
09-02 12:16:45.845  3979  4004 D ActivityManagerPerformance: AMP_release() ACT_RESUME
09-02 12:16:45.861  3462  3462 I Layer   : id=1642 onRemoved com.example.batterymanager_utility/com.example.batterymanager_utility.MainActivity_dim#0 
09-02 12:16:46.862  4962  4962 D io_stats: !@ 179,0 r 595646 18060456 w 370501 7933212 d 38925 19194184 f 104085 106324 iot 471656 396410 th 51200 0 0 pt 0 inp 0 0 40340.106
09-02 12:16:47.255  3979  3979 D PreBindingService: handleMessage : 1
09-02 12:16:47.492  3979  6899 D SSRM:G  : SIOP:: AP = 320, PST = 297 (W:12), BAT = 271, USB = 0, CHG = 0
09-02 12:16:47.566  3449  3449 I android.hardware.wifi@1.0-service: getLinkLayerStats
09-02 12:16:48.349 14031 14031 E adbd    : recv: OPEN 0001d3fd 00000000 0042:73 68 65 6C 6C 2C 76 32 2C 54 45 52 4D 3D 78 74 65 72 6D 2D 32 35 36 63 6F 6C 6F 72 2C 72 61 77 3A 67 65 74 70 72 6F 70 20 72 6F 2E 62 75 69 6C 64 2E 76 65 72 73 69 6F 6E 2E 72 65 6C 65 61 73 65 00 
09-02 12:16:48.350 14031 14031 E adbd    : service_to_fd: shell,v2,TERM=xterm-256color,raw:getprop ro.build.version.release
09-02 12:16:48.444 14031 14031 E adbd    : recv: OPEN 0001d400 00000000 003e:73 68 65 6C 6C 2C 76 32 2C 54 45 52 4D 3D 78 74 65 72 6D 2D 32 35 36 63 6F 6C 6F 72 2C 72 61 77 3A 67 65 74 70 72 6F 70 20 72 6F 2E 62 75 69 6C 64 2E 76 65 72 73 69 6F 6E 2E 73 64 6B 00 
09-02 12:16:48.444 14031 14031 E adbd    : service_to_fd: shell,v2,TERM=xterm-256color,raw:getprop ro.build.version.sdk
09-02 12:16:48.549 14031 14031 E adbd    : recv: OPEN 0001d403 00000000 0052:73 68 65 6C 6C 2C 76 32 2C 54 45 52 4D 3D 78 74 65 72 6D 2D 32 35 36 63 6F 6C 6F 72 2C 72 61 77 3A 61 6D 20 66 6F 72 63 65 2D 73 74 6F 70 20 63 6F 6D 2E 65 78 61 6D 70 6C 65 2E 62 61 74 74 65 72 79 6D 61 6E 61 67 65 72 5F 75 74 69 6C 69 74 79 00 
09-02 12:16:48.549 14031 14031 E adbd    : service_to_fd: shell,v2,TERM=xterm-256color,raw:am force-stop com.example.batterymanager_utility
09-02 12:16:48.649  3979  4200 I ActivityManager: Force stopping com.example.batterymanager_utility appid=10157 user=0: from pid 13357
09-02 12:16:48.649  3979  4200 I ActivityManager: Killing 12879:com.example.batterymanager_utility/u0a157 (adj 0): stop com.example.batterymanager_utility,from pid 13357
09-02 12:16:48.651  3979  4200 W ActivityManager: Force removing ActivityRecord{5ff52cb u0 com.example.batterymanager_utility/.MainActivity t457}: app died, no saved state
09-02 12:16:48.659  3979  4200 D InputDispatcher: Focus left window: 12879
09-02 12:16:48.661  3979  4200 I WindowManager: Failed to capture screenshot of Token{cf24aa8 ActivityRecord{5ff52cb u0 com.example.batterymanager_utility/.MainActivity t457 f}} appWin=Window{dedc36d u0 com.example.batterymanager_utility/com.example.batterymanager_utility.MainActivity} drawState=4
09-02 12:16:48.661  3979  4200 D TaskSnapshotCache: removeRunningEntry taskId=457 RunningCache size=3
09-02 12:16:48.662  3979  4200 I WindowManager: Destroying surface Surface(name=com.example.batterymanager_utility/com.example.batterymanager_utility.MainActivity) called by com.android.server.wm.WindowStateAnimator.destroySurface:2501 com.android.server.wm.WindowStateAnimator.destroySurfaceLocked:985 com.android.server.wm.WindowState.removeImmediately:2404 com.android.server.wm.WindowState.removeIfPossible:2603 com.android.server.wm.WindowState.removeIfPossible:2433 com.android.server.wm.WindowToken.removeAllWindowsIfPossible:143 com.android.server.wm.AppWindowToken.removeIfPossible:606 com.android.server.wm.AppWindowToken.onRemovedFromDisplay:674 
09-02 12:16:48.663  3462  4748 I SurfaceFlinger: id=1641 Removed com.example.batterymanager_utility/com.example.batterymanager_utility.MainActivity#0 (1/4)
09-02 12:16:48.663  3462  3462 I Layer   : id=1641 onRemoved com.example.batterymanager_utility/com.example.batterymanager_utility.MainActivity#0 
09-02 12:16:48.665  3462  4748 I SurfaceFlinger: id=1641 Removed com.example.batterymanager_utility/com.example.batterymanager_utility.MainActivity#0 (-2/4)
09-02 12:16:48.669  3462  3462 I SurfaceFlinger: Display 0 HWC layers:
09-02 12:16:48.669  3462  3462 I SurfaceFlinger:     type    |    handle    | flag |  format   |   source crop (l,t,r,b)    |         frame       | name 
09-02 12:16:48.669  3462  3462 I SurfaceFlinger: ------------+--------------+------+-----------+----------------------------+---------------------+------
09-02 12:16:48.669  3462  3462 I SurfaceFlinger:      Device | 0x7ac4c25140 | 0000 | RGBA_8888 |   0.0    0.0  720.0   42.0 |    0    0  720   42 | StatusBar#0
09-02 12:16:48.669  3462  3462 I SurfaceFlinger: 
09-02 12:16:48.670  3979  4200 D InputDispatcher: Focused application released
09-02 12:16:48.671  3979  4200 W MultiScreenManagerService: moveTaskBackToDisplayIfNeeded(): root activity or app is null, task=TaskRecord{b71a917d0 #457 A=com.example.batterymanager_utility U=0 StackId=1 sz=0}, rootActivity=null
09-02 12:16:48.671  3979  3979 D MdnieScenarioControlService: Listener Real Multi Window State : true
09-02 12:16:48.682  3979  4200 D CustomFrequencyManagerService: acquireDVFSLockLocked : type : DVFS_MIN_LIMIT  frequency : 1560000  uid : 1000  pid : 3979  pkgName : AMS_APP_HOME@CPU_MIN@59
09-02 12:16:48.684  3979  4200 D ActivityManagerPerformance: AMP_acquire() HOME
09-02 12:16:48.685  3979  4200 D PersonaManagerService: Current focused persona service handled id set to : 0
09-02 12:16:48.685  3979  4200 D InputDispatcher: Focused application set to: xxxx
09-02 12:16:48.687  3979  4200 V WindowManager: rotationForOrientationLw(orient=5, last=0); user=0  sensorRotation=-1 mLidState=-1 mDockMode=0 mHdmiPlugged=false
09-02 12:16:48.689  3979  4238 D GameManagerService: handleForegroundChange(). pkgName: com.sec.android.app.launcher, clsName: com.android.launcher3.Launcher,FgActivityName:com.sec.android.app.launcher/com.android.launcher3.Launcher
09-02 12:16:48.689  3979  4200 D MARsPolicyManager: onPackageResumedFG pkgName = com.sec.android.app.launcher, userId = 0
09-02 12:16:48.689  3979  4238 D GameManagerService: sem_perfomance_mode: 3
09-02 12:16:48.689  3979  4238 D GameManagerService: notifyResumePause(). pkg: com.sec.android.app.launcher, type: 4, isMinimized: false, isTunableApp: false
09-02 12:16:48.689  3979  4238 D GameManagerService:   notifyResumePause(). unexpected mPrevNotiType: -1
09-02 12:16:48.697  5213  5213 I Launcher: onWindowVisibilityChanged : false
09-02 12:16:48.698  3979  3979 D SamsungAlarmManager: Remove alarm for next reason : android.intent.action.PACKAGE_RESTARTED : package: com.example.batterymanager_utility
09-02 12:16:48.700  3979  4200 V WindowManager: Relayout Window{7215288 u0 com.sec.android.app.launcher/com.sec.android.app.launcher.activities.LauncherActivity}: viewVisibility=4 req=720x1280 WM.LayoutParams{(0,0)(fillxfill) sim=#130 ty=1 fl=#81910d00 pfl=0x20000 fmt=-2 wanim=0x10302ea vsysui=0x700 needsMenuKey=2 colorMode=0 dimDuration=100 naviIconColor=0}
09-02 12:16:48.701  4633  4633 D CarrierSvcBindHelper: No carrier app for: 0
09-02 12:16:48.702  4633  4633 D CarrierSvcBindHelper: No carrier app for: 1
09-02 12:16:48.703  3979  3995 W BroadcastQueue: Background execution not allowed: receiving Intent { act=android.intent.action.PACKAGE_RESTARTED dat=package:com.example.batterymanager_utility flg=0x10 (has extras) } to android/com.kddi.android.CpaNotiReceiver
09-02 12:16:48.703  3979  3995 W BroadcastQueue: Background execution not allowed: receiving Intent { act=android.intent.action.PACKAGE_RESTARTED dat=package:com.example.batterymanager_utility flg=0x10 (has extras) } to com.sec.android.daemonapp/com.samsung.android.weather.daemon.receiver.ClearDataReceiver
09-02 12:16:48.704  5213  5213 D ViewRootImpl@8c524b3[LauncherActivity]: Relayout returned: old=[0,0][720,1280] new=[0,0][720,1280] result=0x1 surface={valid=false 0} changed=false
09-02 12:16:48.705  3979  6899 D GamePkgDataHelper: getGamePkgDataIncServer(). com.sec.android.app.launcher
09-02 12:16:48.705  5213  5213 D HomeContainer: setAlpha : 1.0
09-02 12:16:48.705  5213  5213 V Launcher: Launcher.onResume()
09-02 12:16:48.705  3979  6899 D GameManagerService: identifyGamePackage. com.sec.android.app.launcher
09-02 12:16:48.706  3979  6899 D GamePkgDataHelper: getGamePkgData(). com.sec.android.app.launcher
09-02 12:16:48.706  3979  6899 D GameManagerService: identifyGamePackage. com.sec.android.app.launcher
09-02 12:16:48.706  3979  6899 D GamePkgDataHelper: getGamePkgData(). com.sec.android.app.launcher
09-02 12:16:48.706  3979  6899 D GamePkgDataHelper: getSosPolicy(). com.sec.android.app.launcher
09-02 12:16:48.707  3979  6899 D GameManagerService: identifyGamePackage. com.sec.android.app.launcher
09-02 12:16:48.707  3979  6899 D GamePkgDataHelper: getGamePkgData(). com.sec.android.app.launcher
09-02 12:16:48.707  3979  6899 D GameManagerService: identifyGamePackage. com.sec.android.app.launcher
09-02 12:16:48.708  3979  6899 D GamePkgDataHelper: getGamePkgData(). com.sec.android.app.launcher
09-02 12:16:48.712  5213  5213 D ExternalMethodQueue: Getting and clearing EXTERNAL_METHOD_LIST: null
09-02 12:16:48.712  5213  5302 I LauncherAppWidgetInfo: reinflateWidgetsIfNecessary, Not required: AppWidget(id=2)
09-02 12:16:48.712  5213  5213 D Launcher.HomeController: onResume HomeContainer current alpha = 1.0
09-02 12:16:48.712  5213  5302 I LauncherAppWidgetInfo: reinflateWidgetsIfNecessary, Not required: AppWidget(id=3)
09-02 12:16:48.712  5213  5213 D AppsCustomAdapter: notifyUpdate : com.android.launcher3.Launcher@110cd72
09-02 12:16:48.712  5213  5213 D AppsDragController: needDeferToBind : true , false
09-02 12:16:48.714  3979  4200 D Notification: allPendingIntents
09-02 12:16:48.715  3979  4200 I chatty  : uid=1000(system) Binder:3979_3 identical 5 lines
09-02 12:16:48.715  3979  4200 D Notification: allPendingIntents
09-02 12:16:48.717  3979  5977 D ActivityManager: post active user change for 0 fullscreen true isHomeActivity() true
09-02 12:16:48.717  5213  5302 D Notification.Badge: [filtered] shouldBeFilteredOut().isGroupHeader[true], missingTitleAndText[true], [sbn : StatusBarNotification(pkg=com.android.vending user=UserHandle{0} id=2147483647 tag=ranker_group key=0|com.android.vending|2147483647|ranker_group|10044|ranker_group: Notification(channel=maintenance-v2 pri=0 contentView=null vibrate=null sound=null defaults=0x0 flags=0x700 color=0xff01875f groupKey=ranker_group number=0 vis=PRIVATE semFlags=0x0 semPriority=0 semMissedCount=0))]
09-02 12:16:48.717  3979  5977 I WallpaperManagerService: switchPersonaWallpaper is called for personaId-0
09-02 12:16:48.717  3979  3979 D WallpaperManagerService:  force update = false; persona id = 0; current user =0; current persona = 0
