09-02 18:02:57.888  3462  3462 I SurfaceFlinger:      Device | 0x7ac4c24240 | 0000 | RGBA_8888 |   0.0    0.0  720.0   42.0 |    0    0  720   42 | StatusBar#0
09-02 18:02:57.888  3462  3462 I SurfaceFlinger: 
09-02 18:02:57.902  3462  3462 I SurfaceFlinger: Display 0 HWC layers:
09-02 18:02:57.902  3462  3462 I SurfaceFlinger:     type    |    handle    | flag |  format   |   source crop (l,t,r,b)    |         frame       | name 
09-02 18:02:57.902  3462  3462 I SurfaceFlinger: ------------+--------------+------+-----------+----------------------------+---------------------+------
09-02 18:02:57.902  3462  3462 I SurfaceFlinger:      Client |              | 0000 |  Unknown  |   0.0    0.0   -1.0   -1.0 |    0    0  720 1280 | com.example.batterymanager_utility/c[...]rymanager_utility.MainActivity_dim#0
09-02 18:02:57.902  3462  3462 I SurfaceFlinger:      Client |              | 0000 |  Unknown  |  -0.2   -0.2   -0.8   -0.8 |    0    0  720 1280 | animation background stackId=1#0
09-02 18:02:57.902  3462  3462 I SurfaceFlinger:      Client | 0x7abe6896c0 | 0002 | RGBA_8888 |   0.0    0.0   65.0 1280.0 |  655    0  720 1280 | com.example.batterymanager_utility/c[...]atterymanager_utility.MainActivity#0
09-02 18:02:57.902  3462  3462 I SurfaceFlinger:      Device | 0x7abe64bd40 | 0000 | RGBA_8888 |   0.0    0.0  720.0   42.0 |    0    0  720   42 | StatusBar#0
09-02 18:02:57.902  3462  3462 I SurfaceFlinger: 
09-02 18:02:57.939  3979  4111 D MdnieScenarioControlService:  packageName : com.example.batterymanager_utility    className : com.example.batterymanager_utility.MainActivity
09-02 18:02:57.939  3979  4111 V MdnieScenarioControlService: setUIMode from UI function(3)
09-02 18:02:57.946  3979  6899 D SSRM:G  : SIOP:: AP = 330, PST = 314 (W:16), BAT = 283, USB = 0, CHG = 0
09-02 18:02:58.252  3462  3462 I SurfaceFlinger: Display 0 HWC layers:
09-02 18:02:58.252  3462  3462 I SurfaceFlinger:     type    |    handle    | flag |  format   |   source crop (l,t,r,b)    |         frame       | name 
09-02 18:02:58.252  3462  3462 I SurfaceFlinger: ------------+--------------+------+-----------+----------------------------+---------------------+------
09-02 18:02:58.252  3462  3462 I SurfaceFlinger:      Device | 0x7abe6896c0 | 0002 | RGBA_8888 |   0.0    0.0  720.0 1280.0 |    0    0  720 1280 | com.example.batterymanager_utility/c[...]atterymanager_utility.MainActivity#0
09-02 18:02:58.252  3462  3462 I SurfaceFlinger:      Device | 0x7abe64bd40 | 0000 | RGBA_8888 |   0.0    0.0  720.0   42.0 |    0    0  720   42 | StatusBar#0
09-02 18:02:58.252  3462  3462 I SurfaceFlinger: 
09-02 18:02:58.282  3979  4046 I WindowManager: Destroying surface Surface(name=com.example.batterymanager_utility/com.example.batterymanager_utility.MainActivity_dim) called by com.android.server.wm.WindowStateAnimator.destroyTransitionDimSurface:2733 com.android.server.wm.WindowState.onExitAnimationDone:5260 com.android.server.wm.AppWindowAnimator.stepAnimationLocked:508 com.android.server.wm.AppWindowToken.stepAppWindowsAnimation:1659 com.android.server.wm.WindowContainer.stepAppWindowsAnimation:521 com.android.server.wm.WindowContainer.stepAppWindowsAnimation:521 com.android.server.wm.TaskStack.stepAppWindowsAnimation:1948 com.android.server.wm.WindowContainer.stepAppWindowsAnimation:521 
09-02 18:02:58.283  3462  4748 I SurfaceFlinger: id=3689 Removed com.example.batterymanager_utility/com.example.batterymanager_utility.MainActivity_dim#0 (1/5)
09-02 18:02:58.283  3462  4748 I SurfaceFlinger: id=3689 Removed com.example.batterymanager_utility/com.example.batterymanager_utility.MainActivity_dim#0 (-2/5)
09-02 18:02:58.285  3979  4004 D CustomFrequencyManagerService: releaseDVFSLockLocked : Getting Lock type frm List : DVFS_MIN_LIMIT  frequency : 1560000  uid : 1000  pid : 3979  tag : AMS_ACT_RESUME@CPU_MIN@70
09-02 18:02:58.286  3979  4004 D ActivityManagerPerformance: AMP_release() ACT_RESUME
09-02 18:02:58.299  3462  3462 I Layer   : id=3689 onRemoved com.example.batterymanager_utility/com.example.batterymanager_utility.MainActivity_dim#0 
09-02 18:02:58.503  4962  4962 D io_stats: !@ 179,0 r 745829 22162996 w 581242 12006344 d 63037 20573452 f 137627 141164 iot 676264 569603 th 51200 0 0 pt 0 inp 0 0 61111.747
09-02 18:02:59.665  3979  5968 D BatteryService: !@BatteryListener : batteryPropertiesChanged!
09-02 18:02:59.667  3979  5968 D BatteryService: level:100, scale:100, status:5, health:2, present:true, voltage: 4315, temperature: 283, technology: Li-ion, AC powered:false, USB powered:true, POGO powered:false, Wireless powered:false, icon:17303834, invalid charger:0, maxChargingCurrent:0, maxChargingVoltage:0, chargeCounter:0
09-02 18:02:59.667  3979  5968 D BatteryService: online:4, current avg:43, charge type:1, power sharing:false, high voltage charger:false, capacity:280000, batterySWSelfDischarging:false, misc_event:0, current_event:0, current_now:178
09-02 18:02:59.667  3979  3979 D BatteryService: Sending ACTION_BATTERY_CHANGED.
09-02 18:02:59.671  3979  3979 D SamsungPhoneWindowManager: ACTION_BATTERY_CHANGED - Level :: 100, battStatus :: 5
09-02 18:02:59.672  3979  3979 I MotionRecognitionService: Plugged
09-02 18:02:59.672  3979  3979 D MotionRecognitionService:   mCableConnection= 1
09-02 18:02:59.672  3979  3979 D MotionRecognitionService: setPowerConnected : mGripEnabled = false
09-02 18:02:59.673  3979  4002 D UsbDeviceManager: handleMessage -> MSG_UPDATE_CHARGING_STATE = 1
09-02 18:02:59.675  4349  4349 D KeyguardUpdateMonitor: received broadcast android.intent.action.BATTERY_CHANGED
09-02 18:02:59.676  4349  4349 D BatteryController: onReceive-ACTION_BATTERY_CHANGED : mLevel=100, mBatteryStatus=5
09-02 18:02:59.682  4349  4349 D PowerUI : priorPlugType = 2 mPlugType =  2
09-02 18:02:59.718  3979  3979 D PreBindingService: handleMessage : 1
09-02 18:03:00.000  3979  4067 D SamsungAlarmManager: Expired : 8
09-02 18:03:00.001  3979  4067 V SamsungAlarmManager: Sending to uid : 1000 action=com.sec.android.bartender.action.BATTERYSTATS_REFRESH alarm=Alarm{858ba8 type 1 when 1693670400009 android}
09-02 18:03:00.003  3979  4067 V SamsungAlarmManager: Sending to uid : 1000 action=android.intent.action.TIME_TICK alarm=Alarm{f56e66 type 3 when 115761432 android}
09-02 18:03:00.007  3979  4067 V SamsungAlarmManager: Sending to uid : 10074 action=com.samsung.action.EVERY_MINUTE_CLOCK_UPDATE alarm=Alarm{90745a7 type 1 when 1693670580000 com.sec.android.app.launcher}
09-02 18:03:00.009  3449  3449 I android.hardware.wifi@1.0-service: getLinkLayerStats
09-02 18:03:00.012  5213  5213 I Launcher: onReceive: com.samsung.action.EVERY_MINUTE_CLOCK_UPDATE
09-02 18:03:00.013  3979  4070 D SamsungAlarmManager: setInexact Intent (T:1/F:8/AC:false) 20230902T183300 - CU:1000/CP:3979
09-02 18:03:00.017  3979  3979 D SamsungAlarmManager: setExact Intent (T:3/F:1/AC:false) 20230902T180400 - CU:1000/CP:3979
09-02 18:03:00.020  4349  4349 D KeyguardUpdateMonitor: received broadcast android.intent.action.TIME_TICK
09-02 18:03:00.021  4349  4349 D KeyguardServiceBoxContainer: refreshTime() 1
09-02 18:03:00.034  3979 21765 E BatteryStatsService: no controller energy info supplied
09-02 18:03:00.047  3979  4200 D SamsungAlarmManager: setInexact Intent (T:1/F:0/AC:false) 20230902T180400 - CU:10074/CP:5213
09-02 18:03:00.047  5213  5213 I IconView: applyFromShortcutInfo - start GetLive : com.samsung.android.calendar
09-02 18:03:00.048  5213  5213 I IconView: applyFromShortcutInfo - end GetLive : com.samsung.android.calendar
09-02 18:03:00.050  5213  5213 I IconView: applyFromApplicationInfo - start GetLive : com.sec.android.app.clockpackage
09-02 18:03:00.055  5213  5213 D ApplicationPackageManager: we has com.sec.android.app.clockpackage class. reuse it 
09-02 18:03:00.055  5213  5213 D LiveIconLoader: getLiveIcon was called in ClockPackage
09-02 18:03:00.057  3979 21765 D BatteryStatsService: !@ mLastInfo WifiActivityEnergyInfo{ timestamp=114049041 mStackState=3 mControllerTxTimeMs=93387 mControllerTxTimePerLevelMs=[] mControllerRxTimeMs=10710075 mControllerIdleTimeMs=1178 mControllerEnergyUsed=0 }
09-02 18:03:00.057  3979 21765 D BatteryStatsService: !@ latest WifiActivityEnergyInfo{ timestamp=115761447 mStackState=3 mControllerTxTimeMs=100969 mControllerTxTimePerLevelMs=[] mControllerRxTimeMs=11250303 mControllerIdleTimeMs=1203 mControllerEnergyUsed=0 }
09-02 18:03:00.058  3979 21765 D BatteryStatsService: !@ delta timePeriodMs : 1712406 txTimeMs : 7582 rxTimeMs :540228 idleTimeMs : 25
09-02 18:03:00.059  5213  5213 D LiveIconLoader: getLiveIcon res = com.sec.android.app.clockpackage
09-02 18:03:00.061  5213  5213 D LiveIconLoader: stdIconSize : 84 , targetIconSize : 94
09-02 18:03:00.061  5213  5213 D LiveIconLoader: mIconDpi : 320 , mTargetIconDpi : 280
09-02 18:03:00.074  5213  5213 I ApplicationPackageManager: load= live icon for com.sec.android.app.clockpackage, from overlay = false
09-02 18:03:00.075  5213  5213 I LiveIconManager: getLiveIcon: complete(sync_created)
09-02 18:03:00.076  5213  5213 I IconView: applyFromApplicationInfo - end GetLive : com.sec.android.app.clockpackage
09-02 18:03:00.076  5213  5213 I IconView: applyFromApplicationInfo - start GetLive : com.samsung.android.calendar
09-02 18:03:00.076  5213  5213 I IconView: applyFromApplicationInfo - end GetLive : com.samsung.android.calendar
09-02 18:03:00.083  4349  4349 D KeyguardUpdateMonitor: handleStatusBarState( false )
09-02 18:03:00.095  4349  4349 D KeyguardUpdateMonitor: handleStatusBarState( false )
09-02 18:03:00.169  3979  4051 D SensorService: [SO] 0.086 -0.378 9.869
09-02 18:03:00.397  3979 21765 I BarTender:BatteryStatsDumper: writing to daily db completed
09-02 18:03:00.404  3979 21765 I BarTender:BatteryStatsDumper: writing to weekly db completed
09-02 18:03:00.404  3979 21765 I BarTender:BatteryStatsDumper: refreshstats completed
09-02 18:03:00.404  3979 21765 I BarTender:GATHERERBATTSTATS: set - time:1693670580404
09-02 18:03:00.404  3979 21765 I BarTender:ANALYZERBATTSTATS: Observer from Gatherer - time:1693670580404
09-02 18:03:00.404  3979  4070 I BarTender:ANALYZERBATTSTATS: MSG_TYPE_BARTENDER_CHECK_POWER::
09-02 18:03:00.404  3979  4070 I BarTender:BatteryStatsDBHelper: checkForPowerThreshold called : 1693670580404
09-02 18:03:00.492  3449  3449 I android.hardware.wifi@1.0-service: getLinkLayerStats
09-02 18:03:00.817 14031 14031 E adbd    : recv: OPEN 00025530 00000000 0042:73 68 65 6C 6C 2C 76 32 2C 54 45 52 4D 3D 78 74 65 72 6D 2D 32 35 36 63 6F 6C 6F 72 2C 72 61 77 3A 67 65 74 70 72 6F 70 20 72 6F 2E 62 75 69 6C 64 2E 76 65 72 73 69 6F 6E 2E 72 65 6C 65 61 73 65 00 
09-02 18:03:00.818 14031 14031 E adbd    : service_to_fd: shell,v2,TERM=xterm-256color,raw:getprop ro.build.version.release
09-02 18:03:00.911 14031 14031 E adbd    : recv: OPEN 00025533 00000000 003e:73 68 65 6C 6C 2C 76 32 2C 54 45 52 4D 3D 78 74 65 72 6D 2D 32 35 36 63 6F 6C 6F 72 2C 72 61 77 3A 67 65 74 70 72 6F 70 20 72 6F 2E 62 75 69 6C 64 2E 76 65 72 73 69 6F 6E 2E 73 64 6B 00 
09-02 18:03:00.911 14031 14031 E adbd    : service_to_fd: shell,v2,TERM=xterm-256color,raw:getprop ro.build.version.sdk
09-02 18:03:01.016 14031 14031 E adbd    : recv: OPEN 00025536 00000000 0052:73 68 65 6C 6C 2C 76 32 2C 54 45 52 4D 3D 78 74 65 72 6D 2D 32 35 36 63 6F 6C 6F 72 2C 72 61 77 3A 61 6D 20 66 6F 72 63 65 2D 73 74 6F 70 20 63 6F 6D 2E 65 78 61 6D 70 6C 65 2E 62 61 74 74 65 72 79 6D 61 6E 61 67 65 72 5F 75 74 69 6C 69 74 79 00 
09-02 18:03:01.016 14031 14031 E adbd    : service_to_fd: shell,v2,TERM=xterm-256color,raw:am force-stop com.example.batterymanager_utility
09-02 18:03:01.048  3979  4200 D ConnectivityService: filterNetworkStateForUid() uid: 10102 networkInfo: [type: WIFI[] - WIFI, state: CONNECTED/CONNECTED, reason: (unspecified), extra: "WiFi 69", failover: false, available: true, roaming: false, metered: false]
09-02 18:03:01.052  7881  7881 E fb4a.Execution: Redirecting MSYS Execution scheduling from the UI thread to a custom executor
09-02 18:03:01.059  3614  3927 D DnsProxyListener: DNSDBG::dns addrinfo af 2
09-02 18:03:01.107  3979  4200 I ActivityManager: Force stopping com.example.batterymanager_utility appid=10157 user=0: from pid 21777
09-02 18:03:01.108  3979  4200 I ActivityManager: Killing 21265:com.example.batterymanager_utility/u0a157 (adj 0): stop com.example.batterymanager_utility,from pid 21777
09-02 18:03:01.109  3979  4200 W ActivityManager: Force removing ActivityRecord{c24b08d u0 com.example.batterymanager_utility/.MainActivity t1055}: app died, no saved state
09-02 18:03:01.117  3979  4200 D InputDispatcher: Focus left window: 21265
09-02 18:03:01.118  3979  4200 I WindowManager: Failed to capture screenshot of Token{3785242 ActivityRecord{c24b08d u0 com.example.batterymanager_utility/.MainActivity t1055 f}} appWin=Window{d719cec u0 com.example.batterymanager_utility/com.example.batterymanager_utility.MainActivity} drawState=4
09-02 18:03:01.118  3979  4200 D TaskSnapshotCache: removeRunningEntry taskId=1055 RunningCache size=3
09-02 18:03:01.119  3979  4200 I WindowManager: Destroying surface Surface(name=com.example.batterymanager_utility/com.example.batterymanager_utility.MainActivity) called by com.android.server.wm.WindowStateAnimator.destroySurface:2501 com.android.server.wm.WindowStateAnimator.destroySurfaceLocked:985 com.android.server.wm.WindowState.removeImmediately:2404 com.android.server.wm.WindowState.removeIfPossible:2603 com.android.server.wm.WindowState.removeIfPossible:2433 com.android.server.wm.WindowToken.removeAllWindowsIfPossible:143 com.android.server.wm.AppWindowToken.removeIfPossible:606 com.android.server.wm.AppWindowToken.onRemovedFromDisplay:674 
09-02 18:03:01.120  3462  3501 I SurfaceFlinger: id=3688 Removed com.example.batterymanager_utility/com.example.batterymanager_utility.MainActivity#0 (1/4)
09-02 18:03:01.120  3462  3501 I SurfaceFlinger: id=3688 Removed com.example.batterymanager_utility/com.example.batterymanager_utility.MainActivity#0 (-2/4)
09-02 18:03:01.125  3979  4200 D InputDispatcher: Focused application released
09-02 18:03:01.125  3979  4200 W MultiScreenManagerService: moveTaskBackToDisplayIfNeeded(): root activity or app is null, task=TaskRecord{de07960d0 #1055 A=com.example.batterymanager_utility U=0 StackId=1 sz=0}, rootActivity=null
09-02 18:03:01.126  3979  3979 D MdnieScenarioControlService: Listener Real Multi Window State : true
09-02 18:03:01.134  3979  4200 D CustomFrequencyManagerService: acquireDVFSLockLocked : type : DVFS_MIN_LIMIT  frequency : 1560000  uid : 1000  pid : 3979  pkgName : AMS_APP_HOME@CPU_MIN@59
09-02 18:03:01.135  3462  3462 I Layer   : id=3688 onRemoved com.example.batterymanager_utility/com.example.batterymanager_utility.MainActivity#0 
09-02 18:03:01.137  3979  4200 D ActivityManagerPerformance: AMP_acquire() HOME
09-02 18:03:01.138  3462  3462 I SurfaceFlinger: Display 0 HWC layers:
09-02 18:03:01.138  3462  3462 I SurfaceFlinger:     type    |    handle    | flag |  format   |   source crop (l,t,r,b)    |         frame       | name 
09-02 18:03:01.138  3462  3462 I SurfaceFlinger: ------------+--------------+------+-----------+----------------------------+---------------------+------
09-02 18:03:01.138  3462  3462 I SurfaceFlinger:      Device | 0x7abe64bd40 | 0000 | RGBA_8888 |   0.0    0.0  720.0   42.0 |    0    0  720   42 | StatusBar#0
09-02 18:03:01.138  3462  3462 I SurfaceFlinger: 
09-02 18:03:01.140  3979  4200 D PersonaManagerService: Current focused persona service handled id set to : 0
09-02 18:03:01.140  3979  4200 D InputDispatcher: Focused application set to: xxxx
09-02 18:03:01.142  3979  4200 V WindowManager: rotationForOrientationLw(orient=5, last=0); user=0  sensorRotation=-1 mLidState=-1 mDockMode=0 mHdmiPlugged=false
09-02 18:03:01.144  3979  4238 D GameManagerService: handleForegroundChange(). pkgName: com.sec.android.app.launcher, clsName: com.android.launcher3.Launcher,FgActivityName:com.sec.android.app.launcher/com.android.launcher3.Launcher
09-02 18:03:01.144  3979  4200 D MARsPolicyManager: onPackageResumedFG pkgName = com.sec.android.app.launcher, userId = 0
09-02 18:03:01.144  3979  4238 D GameManagerService: sem_perfomance_mode: 3
09-02 18:03:01.145  3979  4238 D GameManagerService: notifyResumePause(). pkg: com.sec.android.app.launcher, type: 4, isMinimized: false, isTunableApp: false
09-02 18:03:01.145  3979  4238 D GameManagerService:   notifyResumePause(). unexpected mPrevNotiType: -1
09-02 18:03:01.151  5213  5213 I Launcher: onWindowVisibilityChanged : false
09-02 18:03:01.152  3979  4200 V WindowManager: Relayout Window{7215288 u0 com.sec.android.app.launcher/com.sec.android.app.launcher.activities.LauncherActivity}: viewVisibility=4 req=720x1280 WM.LayoutParams{(0,0)(fillxfill) sim=#130 ty=1 fl=#81910d00 pfl=0x20000 fmt=-2 wanim=0x10302ea vsysui=0x700 needsMenuKey=2 colorMode=0 dimDuration=100 naviIconColor=0}
09-02 18:03:01.153  3979  3979 D SamsungAlarmManager: Remove alarm for next reason : android.intent.action.PACKAGE_RESTARTED : package: com.example.batterymanager_utility
09-02 18:03:01.155  3979  3995 W BroadcastQueue: Background execution not allowed: receiving Intent { act=android.intent.action.PACKAGE_RESTARTED dat=package:com.example.batterymanager_utility flg=0x10 (has extras) } to android/com.kddi.android.CpaNotiReceiver
09-02 18:03:01.155  3979  3995 W BroadcastQueue: Background execution not allowed: receiving Intent { act=android.intent.action.PACKAGE_RESTARTED dat=package:com.example.batterymanager_utility flg=0x10 (has extras) } to com.sec.android.daemonapp/com.samsung.android.weather.daemon.receiver.ClearDataReceiver
09-02 18:03:01.155  4633  4633 D CarrierSvcBindHelper: No carrier app for: 0
09-02 18:03:01.156  4633  4633 D CarrierSvcBindHelper: No carrier app for: 1
09-02 18:03:01.156  5213  5213 D ViewRootImpl@8c524b3[LauncherActivity]: Relayout returned: old=[0,0][720,1280] new=[0,0][720,1280] result=0x1 surface={valid=false 0} changed=false
09-02 18:03:01.156  5213  5213 D HomeContainer: setAlpha : 1.0
09-02 18:03:01.157  5213  5213 V Launcher: Launcher.onResume()
09-02 18:03:01.157  3979  6899 D GamePkgDataHelper: getGamePkgDataIncServer(). com.sec.android.app.launcher
09-02 18:03:01.158  3979  6899 D GameManagerService: identifyGamePackage. com.sec.android.app.launcher
09-02 18:03:01.158  3979  6899 D GamePkgDataHelper: getGamePkgData(). com.sec.android.app.launcher
09-02 18:03:01.160  3979  6899 D GameManagerService: identifyGamePackage. com.sec.android.app.launcher
09-02 18:03:01.160  3979  6899 D GamePkgDataHelper: getGamePkgData(). com.sec.android.app.launcher
09-02 18:03:01.160  3979  6899 D GamePkgDataHelper: getSosPolicy(). com.sec.android.app.launcher
09-02 18:03:01.161  3979  6899 D GameManagerService: identifyGamePackage. com.sec.android.app.launcher
09-02 18:03:01.161  3979  6899 D GamePkgDataHelper: getGamePkgData(). com.sec.android.app.launcher
09-02 18:03:01.162  3979  6899 D GameManagerService: identifyGamePackage. com.sec.android.app.launcher
09-02 18:03:01.162  3979  6899 D GamePkgDataHelper: getGamePkgData(). com.sec.android.app.launcher
09-02 18:03:01.163  5213  5213 D ExternalMethodQueue: Getting and clearing EXTERNAL_METHOD_LIST: null
09-02 18:03:01.163  5213  5302 I LauncherAppWidgetInfo: reinflateWidgetsIfNecessary, Not required: AppWidget(id=2)
09-02 18:03:01.163  5213  5302 I LauncherAppWidgetInfo: reinflateWidgetsIfNecessary, Not required: AppWidget(id=3)
09-02 18:03:01.163  5213  5213 D Launcher.HomeController: onResume HomeContainer current alpha = 1.0
09-02 18:03:01.164  5213  5213 D AppsCustomAdapter: notifyUpdate : com.android.launcher3.Launcher@110cd72
09-02 18:03:01.164  5213  5213 D AppsDragController: needDeferToBind : true , false
09-02 18:03:01.166  5117  5117 I GsaVoiceInteractionSrv: Handling ACTION_START_HOTWORD
09-02 18:03:01.166  5117  5377 I GsaVoiceInteractionSrv: (REDACTED) disregardVoiceMatch: %b
09-02 18:03:01.166  5117  5377 I GsaVoiceInteractionSrv: Cannot start hotword, hotword has been explicitly disabled.
09-02 18:03:01.167  3979  5968 D Notification: allPendingIntents
09-02 18:03:01.168  3979  5968 I chatty  : uid=1000(system) Binder:3979_12 identical 2 lines
09-02 18:03:01.168  3979  5968 D Notification: allPendingIntents
09-02 18:03:01.168  3979  4200 D ActivityManager: post active user change for 0 fullscreen true isHomeActivity() true
09-02 18:03:01.168  3979  4200 I WallpaperManagerService: switchPersonaWallpaper is called for personaId-0
09-02 18:03:01.168  3979  5968 D Notification: allPendingIntents
09-02 18:03:01.168  3979  3979 D WallpaperManagerService:  force update = false; persona id = 0; current user =0; current persona = 0
09-02 18:03:01.168  3979  5968 D Notification: allPendingIntents
09-02 18:03:01.169  5213  5213 I Launcher: onWindowVisibilityChanged : true
09-02 18:03:01.169  3979  5968 D Notification: allPendingIntents
09-02 18:03:01.170  3979  4200 V WindowManager: Relayout Window{7215288 u0 com.sec.android.app.launcher/com.sec.android.app.launcher.activities.LauncherActivity}: viewVisibility=0 req=720x1280 WM.LayoutParams{(0,0)(fillxfill) sim=#130 ty=1 fl=#81910d00 pfl=0x20000 fmt=-2 wanim=0x10302ea vsysui=0x700 needsMenuKey=2 colorMode=0 dimDuration=100 naviIconColor=0}
09-02 18:03:01.170  3979  5968 I chatty  : uid=1000(system) Binder:3979_12 identical 3 lines
09-02 18:03:01.170  3979  5968 D Notification: allPendingIntents
09-02 18:03:01.170  3462  3462 I SurfaceFlinger: id=3690 createSurf (720x1280),1 flag=4, com.sec.android.app.launcher/com.sec.android.app.launcher.activities.LauncherActivity#0
09-02 18:03:01.171  3979  4200 V Surface : sf_framedrop debug : 0x4f4c, game : false, logging : 0
09-02 18:03:01.172  3979  3996 D WindowManager: set systemUiVisibility : systemUiFlags= 0x708 fullscreenStackSysUiFlags= 0x0
09-02 18:03:01.173  3979  5968 D Notification: allPendingIntents
09-02 18:03:01.174  3979  4200 D InputDispatcher: Focus entered window: 5213
09-02 18:03:01.175  3979  5977 D WindowManager: adjustSystemUiVisibilityLw : vis= 0x708
09-02 18:03:01.175  5213  5213 V Surface : sf_framedrop debug : 0x4f4c, game : false, logging : 0
09-02 18:03:01.175  5213  5213 D ViewRootImpl@8c524b3[LauncherActivity]: Relayout returned: old=[0,0][720,1280] new=[0,0][720,1280] result=0x7 surface={valid=true 535536410624} changed=true
09-02 18:03:01.176  5213  5302 D Notification.Badge: [filtered] shouldBeFilteredOut().mTempRanking.canShowBadge[false], [sbn : StatusBarNotification(pkg=com.samsung.android.timezone.autoupdate_O user=UserHandle{0} id=1 tag=null key=0|com.samsung.android.timezone.autoupdate_O|1|null|10072: Notification(channel=TimeZoneUpdaterO pri=0 contentView=null vibrate=default sound=default defaults=0xffffffff flags=0x11 color=0x00000000 actions=2 number=0 vis=PRIVATE semFlags=0x0 semPriority=0 semMissedCount=0))]
09-02 18:03:01.176  5213  5302 D Notification.Badge: [filtered] shouldBeFilteredOut().isGroupHeader[true], missingTitleAndText[true], [sbn : StatusBarNotification(pkg=com.android.vending user=UserHandle{0} id=2147483647 tag=ranker_group key=0|com.android.vending|2147483647|ranker_group|10044|ranker_group: Notification(channel=maintenance-v2 pri=0 contentView=null vibrate=null sound=null defaults=0x0 flags=0x700 color=0xff01875f groupKey=ranker_group number=0 vis=PRIVATE semFlags=0x0 semPriority=0 semMissedCount=0))]
09-02 18:03:01.176  5213  5302 D Notification.Badge: [filtered] shouldBeFilteredOut().mTempRanking.canShowBadge[false], [sbn : StatusBarNotification(pkg=com.android.settings user=UserHandle{0} id=2354 tag=null key=0|com.android.settings|2354|null|1000: Notification(channel=DeviceMaintenanceNoBadge pri=0 contentView=null vibrate=null sound=null defaults=0x0 flags=0x110 color=0xff7ccbe2 actions=1 number=0 vis=PRIVATE semFlags=0x0 semPriority=0 semMissedCount=0))]
09-02 18:03:01.176  5213  5302 D Notification.Badge: [filtered] shouldBeFilteredOut().mTempRanking.canShowBadge[false], [sbn : StatusBarNotification(pkg=com.android.systemui user=UserHandle{-1} id=2131362729 tag=full_battery key=-1|com.android.systemui|2131362729|full_battery|10009: Notification(channel=FBT pri=-2 contentView=null vibrate=null sound=null tick defaults=0x0 flags=0xa color=0xff17c433 category=sys number=0 vis=PUBLIC semFlags=0x0 semPriority=0 semMissedCount=0))]
09-02 18:03:01.176  5213  5302 D Notification.Badge: [filtered] shouldBeFilteredOut().mTempRanking.canShowBadge[false], [sbn : StatusBarNotification(pkg=android user=UserHandle{-1} id=32 tag=null key=-1|android|32|null|1000: Notification(channel=USB pri=0 contentView=null vibrate=null sound=null tick defaults=0x0 flags=0x2 color=0xff607d8b number=0 vis=PUBLIC semFlags=0x0 semPriority=0 semMissedCount=0))]
09-02 18:03:01.177  5213  5302 D Notification.Badge: [filtered] shouldBeFilteredOut().mTempRanking.canShowBadge[false], [sbn : StatusBarNotification(pkg=com.google.android.googlequicksearchbox user=UserHandle{0} id=0 tag=1049226659::SUMMARY::wx key=0|com.google.android.googlequicksearchbox|0|1049226659::SUMMARY::wx|10076: Notification(channel=21 pri=-2 contentView=null vibrate=null sound=null defaults=0x0 flags=0x200 color=0xff4285f4 groupKey=1049226659::SUMMARY::wx number=0 vis=PRIVATE publicVersion=Notification(channel=null pri=0 contentView=null vibrate=null sound=null defaults=0x0 flags=0x0 color=0xff4285f4 number=0 vis=PRIVATE semFlags=0x0 semPriority=0 semMissedCount=0) semFlags=0x0 semPriority=0 semMissedCount=0))]
09-02 18:03:01.177  5213  5302 D Notification.Badge: [filtered] shouldBeFilteredOut().mTempRanking.canShowBadge[false], [sbn : StatusBarNotification(pkg=com.google.android.googlequicksearchbox user=UserHandle{0} id=0 tag=1049226659::a:snotification:[0x394,wx.f,NOTIFICATION] key=0|com.google.android.googlequicksearchbox|0|1049226659::a:snotification:[0x394,wx.f,NOTIFICATION]|10076: Notification(channel=21 pri=-2 contentView=null vibrate=null sound=null tick defaults=0x0 flags=0x8 color=0xff4285f4 groupKey=1049226659::SUMMARY::wx number=0 vis=PRIVATE semFlags=0x0 semPriority=0 semMissedCount=0))]
09-02 18:03:01.177  5213  5302 D Notification.Badge: LauncherModel:onNotificationFullRefresh() : [4], IconType : [0]
09-02 18:03:01.177  5213  5302 D Notification.Badge: notificationKey : 0|com.facebook.katana|0|stale_notifications|10102, count : 0, this.count : 1
09-02 18:03:01.177  5213  5302 D Notification.Badge: notificationKey : 0|com.facebook.katana|0|stale_notifications|10102, count : 1, mTotalCount : 1
09-02 18:03:01.177  5213  5302 D Notification.Badge: notificationKey : 0|com.android.vending|-2073578647|null|10044, count : 0, this.count : 1
09-02 18:03:01.177  5213  5302 D Notification.Badge: notificationKey : 0|com.android.vending|-2073578647|null|10044, count : 1, mTotalCount : 1
09-02 18:03:01.177  5213  5302 D Notification.Badge: notificationKey : 0|com.android.vending|-555892737|null|10044, count : 0, this.count : 1
09-02 18:03:01.177  5213  5302 D Notification.Badge: notificationKey : 0|com.android.vending|-555892737|null|10044, count : 1, mTotalCount : 2
09-02 18:03:01.177  5213  5302 D Notification.Badge: notificationKey : 0|com.android.vending|-234430262|null|10044, count : 13, this.count : 13
09-02 18:03:01.177  5213  5302 D Notification.Badge: notificationKey : 0|com.android.vending|-234430262|null|10044, count : 13, mTotalCount : 15
09-02 18:03:01.177  5213  5302 D Notification.Badge: LauncherModel:onNotificationFullRefresh() not need to update, updatedBadges.remove[com.facebook.katana], count : [1]
09-02 18:03:01.177  5213  5302 D Notification.Badge: LauncherModel:onNotificationFullRefresh() not need to update, updatedBadges.remove[com.android.vending], count : [15]
09-02 18:03:01.180  5213  5479 D mali_winsys: EGLint new_window_surface(egl_winsys_display *, void *, EGLSurface, EGLConfig, egl_winsys_surface **, egl_color_buffer_format *, EGLBoolean) returns 0x3000,  [720x1280]-format:1
09-02 18:03:01.180  5213  5479 D OpenGLRenderer: eglCreateWindowSurface = 0x7c96177900
09-02 18:03:01.180  5213  5213 D AppsAdapter: notifyUpdate start : com.android.launcher3.Launcher@110cd72
09-02 18:03:01.181  5213  5213 D AppsCustomAdapter: no change items
09-02 18:03:01.181  5213  5213 D AppsAdapter: notifyUpdate end : com.android.launcher3.Launcher@110cd72
09-02 18:03:01.181  5213  5213 D ViewRootImpl@8c524b3[LauncherActivity]: MSG_WINDOW_FOCUS_CHANGED 1
09-02 18:03:01.183  7881 21209 D omnistore_android_logger: DebouncingRateLimiter attempting event SyncProtocol::onConnectionEstablished
09-02 18:03:01.183  7881 21209 D omnistore_android_logger: AlarmManager::startAlarmTimer for key=SyncProtocol::onConnectionEstablished, it will NOT wake up main thread to reschedule
09-02 18:03:01.183  7881 21209 W omnistore_android_logger: Event SyncProtocol::onConnectionEstablished rate limited for 10655 ms
09-02 18:03:01.184  5213  5213 V InputMethodManager: Starting input: tba=android.view.inputmethod.EditorInfo@57eb5c0 nm : com.sec.android.app.launcher ic=null
09-02 18:03:01.184  5213  5213 I InputMethodManager: startInputInner - mService.startInputOrWindowGainedFocus
09-02 18:03:01.184  7881  7881 E fb4a.Execution: Redirecting MSYS Execution scheduling from the UI thread to a custom executor
09-02 18:03:01.184  3979  5977 D InputMethodManagerService: startInputOrWindowGainedFocus : windowGainedFocus 
09-02 18:03:01.184  3979  5977 D InputMethodManagerService: windowGainedFocus: destinationUserId (getCallingUid) = 0
09-02 18:03:01.185  3979  5977 D InputMethodManagerService: windowGainedFocus: currentUserId=0
09-02 18:03:01.185  3979  5977 D InputMethodManagerService: windowGainedFocus: mCurrentFocusedUserId=0
09-02 18:03:01.185  3979  5977 D InputMethodManagerService: windowGainedFocus : lock - currentUserId = 0 destinationUserId = 0
09-02 18:03:01.185  3979  5977 D InputMethodManagerService: windowGainedFocus : mCurrentFocusedUserId - 0 and mSecureKeypadEnabled - false, userSwitched - false
09-02 18:03:01.185  3979  5977 V InputMethodManagerService: windowGainedFocus : reason=WINDOW_FOCUS_GAIN client=android.os.BinderProxy@85bf16e inputContext=null missingMethods= attribute=android.view.inputmethod.EditorInfo@6e5429f nm = com.sec.android.app.launcher controlFlags=#104 softInputMode=#130 windowFlags=#81910d00
09-02 18:03:01.185  3979  5977 V InputMethodManagerService: hideCurrentInputLocked : shouldHideSoftInput is false
09-02 18:03:01.186  3979  5977 W InputMethodManagerService: Got RemoteException sending setActive(false) notification to pid 21265 uid 10157
09-02 18:03:01.187  3979  5977 D InputMethodManagerService: isImeSwitcherDisabledPackage : false
09-02 18:03:01.187  3979  5977 D InputMethodManagerService: setCurrentInputInfo - inputContext : null eidtorInfo : android.view.inputmethod.EditorInfo@6e5429f missingMethods : 0
09-02 18:03:01.188  3979  4004 W ActivityManager: setHasOverlayUi called on unknown pid: 21265
09-02 18:03:01.189  5213  5213 D DragLayer: DragLayer dispatchDraw, mIsNaviBarPositionChanged = false, mWillOrientationChange = false
09-02 18:03:01.189  4336  4336 I InputMethodWrapper:  call dispatchStartInputWithToken
09-02 18:03:01.190  4336  4336 I InputMethodService: dispatchStartInputWithToken
09-02 18:03:01.190  4336  4336 I SKBD    : SamsungKeypad [IMI] onStartInput - caller pid : 5213, caller uid : 10074
09-02 18:03:01.190  4336  4336 D InputEventReceiver: channel 'ClientState{a4b5b31 uid 10157 pid 21265} (client)' ~ Disposing input event receiver.
09-02 18:03:01.190  4336  4336 D InputEventReceiver: channel 'ClientState{a4b5b31 uid 10157 pid 21265} (client)' ~NativeInputEventReceiver.
09-02 18:03:01.198 14031 14031 E adbd    : recv: OPEN 00025539 00000000 0042:73 68 65 6C 6C 2C 76 32 2C 54 45 52 4D 3D 78 74 65 72 6D 2D 32 35 36 63 6F 6C 6F 72 2C 72 61 77 3A 67 65 74 70 72 6F 70 20 72 6F 2E 62 75 69 6C 64 2E 76 65 72 73 69 6F 6E 2E 72 65 6C 65 61 73 65 00 
09-02 18:03:01.198 14031 14031 E adbd    : service_to_fd: shell,v2,TERM=xterm-256color,raw:getprop ro.build.version.release
09-02 18:03:01.201  3979  5968 V WindowManager: finishDrawingLocked: mDrawState=COMMIT_DRAW_PENDING Window{7215288 u0 com.sec.android.app.launcher/com.sec.android.app.launcher.activities.LauncherActivity} in Surface(name=com.sec.android.app.launcher/com.sec.android.app.launcher.activities.LauncherActivity)
09-02 18:03:01.201  4349  4850 D WallpaperService: dispatchAppVisibility onVisibilityChanged(): true
09-02 18:03:01.202  4349  4349 D WallpaperService: updateSurface forceRelayout=false redrawNeeded=false myWidth=1280 myHeight=1280 fixedSize=true x = 0 y = 0 mWidth=1280 mHeight=1280 mIsSleepMode=false
09-02 18:03:01.202  4349  4349 D ImageWallpaper: onVisibilityChanged: mVisible, visible=false, true
09-02 18:03:01.202  4349  4349 D ImageWallpaper: Visibility changed to visible=true
09-02 18:03:01.203  4349  4349 D ImageWallpaper: newRotation : 0,mLastRotation : 0
09-02 18:03:01.203  4349  4349 D ImageWallpaper: drawFrame:[frame.width()]1280[frame.height()]1280
09-02 18:03:01.203  4349  4349 D ImageWallpaper: surfaceDimensionsChanged=false mDisplayWidth=720 mDisplayHeight=1280
09-02 18:03:01.203  4349  4349 D ImageWallpaper: redrawNeeded = false, mOffsetsChanged = false
09-02 18:03:01.203  4349  4349 D ImageWallpaper: Suppressed drawFrame since redraw is not needed and offsets have not changed.
09-02 18:03:01.203  4349  4349 D WallpaperService: reportVisibility onVisibilityChanged visible: true
09-02 18:03:01.204  3979  4046 D SamsungAnimationCreator: createAnimation type:CHNLowEnd transit:13 enter:false wallpaperXoffset:-280 split:false fixedOri:false
09-02 18:03:01.204  3979  4046 D SamsungAnimationCreator: createAnimation displayFrame:Rect(0, 0 - 720, 1280) frame:null insets:null
09-02 18:03:01.207  4349  4349 D WallpaperService: updateSurface forceRelayout=true redrawNeeded=false myWidth=1280 myHeight=1280 fixedSize=true x = 0 y = 0 mWidth=1280 mHeight=1280 mIsSleepMode=false
09-02 18:03:01.210  3979  4670 V WindowManager: Relayout Window{80ee464 u0 com.android.systemui.ImageWallpaper}: viewVisibility=0 req=1280x1280 WM.LayoutParams{(0,0)(1280x1280) gr=#800033 ty=2013 fl=#10318 fmt=2 wanim=0x103030e colorMode=0 naviIconColor=0}
09-02 18:03:01.213  4349  4349 D ImageWallpaper: onOffsetsChanged: xOffset=0.0, yOffset=0.0, xOffsetStep=0.0, yOffsetStep=0.0, xPixels=0, yPixels=0
09-02 18:03:01.214  4349  4349 D ImageWallpaper: newRotation : 0,mLastRotation : 0
09-02 18:03:01.214  4349  4349 D ImageWallpaper: drawFrame:[frame.width()]1280[frame.height()]1280
09-02 18:03:01.214  4349  4349 D ImageWallpaper: surfaceDimensionsChanged=false mDisplayWidth=720 mDisplayHeight=1280
09-02 18:03:01.214  4349  4349 D ImageWallpaper: redrawNeeded = false, mOffsetsChanged = false
09-02 18:03:01.214  4349  4349 D ImageWallpaper: Suppressed drawFrame since redraw is not needed and offsets have not changed.
09-02 18:03:01.217  7881  4231 E fb4a.msys: E[N MQTT]readEOF(124)=>TCPStreamTransport readEOF
09-02 18:03:01.217  7881  4231 E fb4a.msys: E[N MQTT]onEOF(699)=>LigerBasedStreamTransport onEOF
09-02 18:03:01.224  3462  3462 I SurfaceFlinger: Display 0 HWC layers:
09-02 18:03:01.224  3462  3462 I SurfaceFlinger:     type    |    handle    | flag |  format   |   source crop (l,t,r,b)    |         frame       | name 
09-02 18:03:01.224  3462  3462 I SurfaceFlinger: ------------+--------------+------+-----------+----------------------------+---------------------+------
09-02 18:03:01.224  3462  3462 I SurfaceFlinger:      Device | 0x7abe64af00 | 0002 | RGBx_8888 | 280.0    0.0 1000.0 1280.0 |    0    0  720 1280 | com.android.systemui.ImageWallpaper#0
09-02 18:03:01.224  3462  3462 I SurfaceFlinger:      Device | 0x7abe6ac680 | 0000 | RGBA_8888 | 120.0  213.0  601.0 1068.0 |    1    1  720 1280 | com.sec.android.app.launcher/com.sec[...]uncher.activities.LauncherActivity#0
09-02 18:03:01.224  3462  3462 I SurfaceFlinger:      Device | 0x7abe64bd40 | 0000 | RGBA_8888 |   0.0    0.0  720.0   42.0 |    0    0  720   42 | StatusBar#0
09-02 18:03:01.224  3462  3462 I SurfaceFlinger: 
09-02 18:03:01.226  4349  4858 D SystemServicesProxy: updateOverviewLastStackActiveTimeAsync: newTime=1693559943942
09-02 18:03:01.227  3979  5968 D SecContentProvider: query(), uri = 17 selection = isSettingsChangesAllowed
09-02 18:03:01.228  3979  5968 D SecContentProvider: called from android.uid.systemui:10009
09-02 18:03:01.228  4349  4561 D SystemServicesProxy: updateOverviewLastStackActiveTimeAsync: done.
09-02 18:03:01.229  3979  5172 D PackageManager: getComponentMetadataForIconTray : com.example.batterymanager_utility.MainActivity does not exist in mServices
09-02 18:03:01.229  3979  5172 D PackageManager: getComponentMetadataForIconTray : com.example.batterymanager_utility.MainActivity does not exist in mProviders
09-02 18:03:01.229  3979  5172 D PackageManager: getComponentMetadataForIconTray : com.example.batterymanager_utility.MainActivity does not exist in mReceivers
09-02 18:03:01.230  4349  4858 D ApplicationPackageManager: updateItemMetaDataForFixedIconScale: package: com.example.batterymanager_utility
09-02 18:03:01.230  3979  5172 D PackageManager: getSelectedMetaData : packageName(com.example.batterymanager_utility) or Metadata strings {[Ljava.lang.String;@bac064a}
09-02 18:03:01.231  4349  4858 I ApplicationPackageManager: load=com.example.batterymanager_utility, bg=144-144, dr=189-189, forDefault=true, density=0
09-02 18:03:01.232  7881 21782 E fb4a.FBMsysMqttClientCallbacks: onPublish, onFailure, msgId = 4701, error = 2003
09-02 18:03:01.232  7881 21782 E fb4a.FBMsysMqttClientCallbacks: onPublish, onFailure, msgId = 4700, error = 2003
09-02 18:03:01.234  3979  5172 D ConnectivityService: filterNetworkStateForUid() uid: 10102 networkInfo: [type: WIFI[] - WIFI, state: CONNECTED/CONNECTED, reason: (unspecified), extra: "WiFi 69", failover: false, available: true, roaming: false, metered: false]
09-02 18:03:01.235  4349  4858 I ApplicationPackageManager: scaled rate=0.72, size=189, alpha=54, hold=102
09-02 18:03:01.235  4349  4858 D ApplicationPackageManager: iconScale: getScale(): 0.72 getAlpha(): 54
09-02 18:03:01.236  4349  4858 I ApplicationPackageManager: load=com.example.batterymanager_utility-contain, bg=112-112, dr=189-189
09-02 18:03:01.236  7881  7881 W fb4a.MobileConfigFactoryImpl: SESSIONLESS factory used for 2 param
09-02 18:03:01.237  7881  7881 E fb4a.Execution: Redirecting MSYS Execution scheduling from the UI thread to a custom executor
09-02 18:03:01.240  7881  4225 E fb4a.msys: E[N rtchannel]_rt_mqtt_publish_callback(430)=>Failed to publish the request over MQTT (possible duplicate log). token:95a8123c-5e26-44c4-9723-6f0689cd1165, category:mcd-sync-data-task-category, requestId:45264, error:Error Domain=mqtt Code=2003 UserInfo=0xc91e2400 {MCFErrorDirectLocalizedFailureReasonKey=2003, MCFErrorDirectDescriptionKey=2003}
09-02 18:03:01.241  7881  4229 E fb4a.msys: E[S sync]_createResponseError(195)=>Network Response 95a8123c-5e26-44c4-9723-6f0689cd1165 contains sync error Error Domain=mqtt Code=2003 UserInfo=0xc91e2400 {MCFErrorDirectLocalizedFailureReasonKey=2003, MCFErrorDirectDescriptionKey=2003} - Underlying error (null): Error Domain=mqtt Code=2003 UserInfo=0xc91e2400 {MCFErrorDirectLocalizedFailureReasonKey=2003, MCFErrorDirectDescriptionKey=2003}
09-02 18:03:01.248  7881  4229 E fb4a.msys: E[S sync]_createResponseError(195)=>Network Response dcfbc5c1-c841-4957-a218-d948530672f8 contains sync error Error Domain=mqtt Code=2002 - Underlying error (null): Error Domain=mqtt Code=2002
09-02 18:03:01.274 14031 14031 E adbd    : recv: OPEN 0002553c 00000000 003e:73 68 65 6C 6C 2C 76 32 2C 54 45 52 4D 3D 78 74 65 72 6D 2D 32 35 36 63 6F 6C 6F 72 2C 72 61 77 3A 67 65 74 70 72 6F 70 20 72 6F 2E 62 75 69 6C 64 2E 76 65 72 73 69 6F 6E 2E 73 64 6B 00 
09-02 18:03:01.275 14031 14031 E adbd    : service_to_fd: shell,v2,TERM=xterm-256color,raw:getprop ro.build.version.sdk
09-02 18:03:01.289  3979  4111 D MdnieScenarioControlService:  packageName : com.sec.android.app.launcher    className : com.sec.android.app.launcher.activities.LauncherActivity
09-02 18:03:01.289  3979  4111 V MdnieScenarioControlService: setUIMode from UI function(3)
09-02 18:03:01.315  7881  4225 E fb4a.msys: E[N data-request]_HandleDataResponse(1782)=>Data request error for task b50f1a72-220f-4f3c-a203-2410ae966b3b (response type 1): (null)
09-02 18:03:01.316  7881  4229 E fb4a.msys: E[S sync]_createResponseError(195)=>Network Response b50f1a72-220f-4f3c-a203-2410ae966b3b contains sync error Error Domain=com.facebook.http.error Code=401 UserInfo=0xbad48c00 {MCFErrorDirectLocalizedDescriptionKey=Client error} - Underlying error (null): Error Domain=com.facebook.http.error Code=401 UserInfo=0xbad48c00 {MCFErrorDirectLocalizedDescriptionKey=Client error}
09-02 18:03:01.318  7881 21782 E fb4a.T157805820: TigonMhrLogger::logRequestIfNeeded
09-02 18:03:01.318  7881 21782 E fb4a.T157805820: TigonWifiInfoLogger::init
09-02 18:03:01.319  7881 21782 E fb4a.T157805820: TigonMhrFbcLogger::logRequestIfNeeded
09-02 18:03:01.319  7881 21782 E fb4a.T157805820: TigonCellTowerInfoLogger::logRequestIfNeeded
09-02 18:03:01.319  7881 21782 E fb4a.T157805820: TigonCertificateVerificationLogger::logRequestIfNeeded
09-02 18:03:01.319  7881 21782 E fb4a.T157805820: TigonTransientAnalysisLogger::logRequestIfNeeded
09-02 18:03:01.319  7881 21782 E fb4a.T157805820: TigonProviderConnectionDeviceInfoLogger::logRequestIfNeeded
09-02 18:03:01.322  7881 21782 E fb4a.T157805820: TigonCellTowerInfoPapayaLogger::logRequestIfNeeded
09-02 18:03:01.323  7881 21782 E fb4a.T157805820: NetworkUtilisationLogger::logRequestIfNeeded
09-02 18:03:01.325  7881 21209 E fb4a.T157805820: TigonMhrLogger::logRequestIfNeeded
09-02 18:03:01.325  7881 21209 E fb4a.T157805820: TigonWifiInfoLogger::init
09-02 18:03:01.325  7881  4225 E fb4a.msys: E[N data-request]_HandleDataResponse(1782)=>Data request error for task de1928f4-e954-4c4d-803c-82839331e839 (response type 1): (null)
09-02 18:03:01.325  7881 21209 E fb4a.T157805820: TigonMhrFbcLogger::logRequestIfNeeded
09-02 18:03:01.325  7881 21209 E fb4a.T157805820: TigonCellTowerInfoLogger::logRequestIfNeeded
09-02 18:03:01.326  7881 21209 E fb4a.T157805820: TigonCertificateVerificationLogger::logRequestIfNeeded
09-02 18:03:01.326  7881 21209 E fb4a.T157805820: TigonTransientAnalysisLogger::logRequestIfNeeded
09-02 18:03:01.326  7881 21209 E fb4a.T157805820: TigonProviderConnectionDeviceInfoLogger::logRequestIfNeeded
09-02 18:03:01.326  7881 21209 E fb4a.T157805820: TigonCellTowerInfoPapayaLogger::logRequestIfNeeded
09-02 18:03:01.327  7881 21209 E fb4a.T157805820: NetworkUtilisationLogger::logRequestIfNeeded
09-02 18:03:01.335  7881  4229 E fb4a.msys: E[S sync]_createResponseError(195)=>Network Response de1928f4-e954-4c4d-803c-82839331e839 contains sync error Error Domain=com.facebook.http.error Code=401 UserInfo=0xc7b5aa00 {MCFErrorDirectLocalizedDescriptionKey=Client error} - Underlying error (null): Error Domain=com.facebook.http.error Code=401 UserInfo=0xc7b5aa00 {MCFErrorDirectLocalizedDescriptionKey=Client error}
09-02 18:03:01.336  7881 21209 E fb4a.T157805820: TigonMhrLogger::logRequestIfNeeded
09-02 18:03:01.336  7881  4225 E fb4a.msys: E[N data-request]_HandleDataResponse(1782)=>Data request error for task cc4c7040-4f58-448a-905a-272beaf8c089 (response type 1): (null)
09-02 18:03:01.336  7881 21209 E fb4a.T157805820: TigonWifiInfoLogger::init
09-02 18:03:01.337  7881 21209 E fb4a.T157805820: TigonMhrFbcLogger::logRequestIfNeeded
09-02 18:03:01.338  7881  8242 E fb4a.T157805820: TigonMhrLogger::logRequestIfNeeded
09-02 18:03:01.338  7881  8242 E fb4a.T157805820: TigonWifiInfoLogger::init
09-02 18:03:01.338  7881  8242 E fb4a.T157805820: TigonMhrFbcLogger::logRequestIfNeeded
09-02 18:03:01.339  7881 21209 E fb4a.T157805820: TigonCellTowerInfoLogger::logRequestIfNeeded
09-02 18:03:01.339  7881 21209 E fb4a.T157805820: TigonCertificateVerificationLogger::logRequestIfNeeded
09-02 18:03:01.339  7881 21209 E fb4a.T157805820: TigonTransientAnalysisLogger::logRequestIfNeeded
09-02 18:03:01.339  7881 21209 E fb4a.T157805820: TigonProviderConnectionDeviceInfoLogger::logRequestIfNeeded
09-02 18:03:01.339  7881 21209 E fb4a.T157805820: TigonCellTowerInfoPapayaLogger::logRequestIfNeeded
09-02 18:03:01.339  7881 21209 E fb4a.T157805820: NetworkUtilisationLogger::logRequestIfNeeded
09-02 18:03:01.340  7881  8242 E fb4a.T157805820: TigonCellTowerInfoLogger::logRequestIfNeeded
09-02 18:03:01.340  7881  8242 E fb4a.T157805820: TigonCertificateVerificationLogger::logRequestIfNeeded
09-02 18:03:01.340  7881  8242 E fb4a.T157805820: TigonTransientAnalysisLogger::logRequestIfNeeded
09-02 18:03:01.340  7881  8242 E fb4a.T157805820: TigonProviderConnectionDeviceInfoLogger::logRequestIfNeeded
09-02 18:03:01.347  7881  8242 E fb4a.T157805820: TigonCellTowerInfoPapayaLogger::logRequestIfNeeded
09-02 18:03:01.347  7881  8242 E fb4a.T157805820: NetworkUtilisationLogger::logRequestIfNeeded
09-02 18:03:01.347  7881  4229 E fb4a.msys: E[S task_queue_handling]MCDLightSpeedTaskExecutorNetworkCompletionCallback(1017)=>Handling send error for taskId=6 batchSize=1 queue=secure_message_over_wa_generate_cat
09-02 18:03:01.348  7881  4229 E fb4a.msys: E[S task_queue_handling]MCDLightSpeedTaskExecutorNetworkCompletionCallback(1071)=>Error content with 18 bytes: Error Domain=com.facebook.http.error Code=401 UserInfo=0xb58fac00 {MCFErrorDirectLocalizedDescriptionKey=Client error}
09-02 18:03:01.350  7881 21164 E fb4a.T157805820: TigonMhrLogger::logRequestIfNeeded
09-02 18:03:01.351  7881  4225 E fb4a.msys: E[N data-request]_HandleDataResponse(1782)=>Data request error for task beae1a31-a097-4827-86c1-3a2250f34c2e (response type 1): (null)
09-02 18:03:01.351  7881 21164 E fb4a.T157805820: TigonWifiInfoLogger::init
09-02 18:03:01.351  7881 21164 E fb4a.T157805820: TigonMhrFbcLogger::logRequestIfNeeded
09-02 18:03:01.351  7881 21164 E fb4a.T157805820: TigonCellTowerInfoLogger::logRequestIfNeeded
09-02 18:03:01.351  7881 21164 E fb4a.T157805820: TigonCertificateVerificationLogger::logRequestIfNeeded
09-02 18:03:01.351  7881 21164 E fb4a.T157805820: TigonTransientAnalysisLogger::logRequestIfNeeded
09-02 18:03:01.351  7881 21164 E fb4a.T157805820: TigonProviderConnectionDeviceInfoLogger::logRequestIfNeeded
09-02 18:03:01.351  7881 21164 E fb4a.T157805820: TigonCellTowerInfoPapayaLogger::logRequestIfNeeded
09-02 18:03:01.351  7881 21164 E fb4a.T157805820: NetworkUtilisationLogger::logRequestIfNeeded
09-02 18:03:01.356  7881  4229 E fb4a.msys: E[S sync]_createResponseError(195)=>Network Response beae1a31-a097-4827-86c1-3a2250f34c2e contains sync error Error Domain=com.facebook.http.error Code=401 UserInfo=0xc81ecc00 {MCFErrorDirectLocalizedDescriptionKey=Client error} - Underlying error (null): Error Domain=com.facebook.http.error Code=401 UserInfo=0xc81ecc00 {MCFErrorDirectLocalizedDescriptionKey=Client error}
09-02 18:03:01.364  7881  4225 E fb4a.msys: E[N data-request]_HandleDataResponse(1782)=>Data request error for task 5bf83442-2deb-4be5-8419-60f35fbb0fa9 (response type 1): (null)
09-02 18:03:01.364  7881 21209 E fb4a.T157805820: TigonMhrLogger::logRequestIfNeeded
09-02 18:03:01.364  7881 21209 E fb4a.T157805820: TigonWifiInfoLogger::init
09-02 18:03:01.365  7881 21209 E fb4a.T157805820: TigonMhrFbcLogger::logRequestIfNeeded
09-02 18:03:01.365  7881 21209 E fb4a.T157805820: TigonCellTowerInfoLogger::logRequestIfNeeded
09-02 18:03:01.365  7881 21209 E fb4a.T157805820: TigonCertificateVerificationLogger::logRequestIfNeeded
09-02 18:03:01.365  7881 21209 E fb4a.T157805820: TigonTransientAnalysisLogger::logRequestIfNeeded
09-02 18:03:01.365  7881 21209 E fb4a.T157805820: TigonProviderConnectionDeviceInfoLogger::logRequestIfNeeded
09-02 18:03:01.365  7881 21209 E fb4a.T157805820: TigonCellTowerInfoPapayaLogger::logRequestIfNeeded
09-02 18:03:01.365  7881 21209 E fb4a.T157805820: NetworkUtilisationLogger::logRequestIfNeeded
09-02 18:03:01.365  7881  4229 E fb4a.msys: E[S sync]_createResponseError(195)=>Network Response 5bf83442-2deb-4be5-8419-60f35fbb0fa9 contains sync error Error Domain=com.facebook.http.error Code=401 UserInfo=0xc81ec600 {MCFErrorDirectLocalizedDescriptionKey=Client error} - Underlying error (null): Error Domain=com.facebook.http.error Code=401 UserInfo=0xc81ec600 {MCFErrorDirectLocalizedDescriptionKey=Client error}
09-02 18:03:01.418  7881  4225 E fb4a.msys: E[N data-request]_HandleDataResponse(1782)=>Data request error for task 6fbcc1ae-0a6b-4ab8-814b-e3c1fb384f25 (response type 1): (null)
09-02 18:03:01.418  7881 21210 E fb4a.T157805820: TigonMhrLogger::logRequestIfNeeded
09-02 18:03:01.418  7881 21210 E fb4a.T157805820: TigonWifiInfoLogger::init
09-02 18:03:01.419  7881 21210 E fb4a.T157805820: TigonMhrFbcLogger::logRequestIfNeeded
09-02 18:03:01.419  7881 21210 E fb4a.T157805820: TigonCellTowerInfoLogger::logRequestIfNeeded
09-02 18:03:01.419  7881  4229 E fb4a.msys: E[S task_queue_handling]MCDLightSpeedTaskExecutorNetworkCompletionCallback(1017)=>Handling send error for taskId=6 batchSize=1 queue=secure_message_over_wa_generate_cat
09-02 18:03:01.419  7881 21210 E fb4a.T157805820: TigonCertificateVerificationLogger::logRequestIfNeeded
09-02 18:03:01.420  7881  4229 E fb4a.msys: E[S task_queue_handling]MCDLightSpeedTaskExecutorNetworkCompletionCallback(1071)=>Error content with 18 bytes: Error Domain=com.facebook.http.error Code=401 UserInfo=0xc7b5aa00 {MCFErrorDirectLocalizedDescriptionKey=Client error}
09-02 18:03:01.420  7881 21210 E fb4a.T157805820: TigonTransientAnalysisLogger::logRequestIfNeeded
09-02 18:03:01.420  7881 21210 E fb4a.T157805820: TigonProviderConnectionDeviceInfoLogger::logRequestIfNeeded
09-02 18:03:01.420  7881 21210 E fb4a.T157805820: TigonCellTowerInfoPapayaLogger::logRequestIfNeeded
09-02 18:03:01.420  7881 21210 E fb4a.T157805820: NetworkUtilisationLogger::logRequestIfNeeded
