09-02 11:15:03.013  3979  4180 D ConnectivityService: sending notification AVAILABLE for NetworkRequest [ LISTEN id=545, [ Capabilities: INTERNET&NOT_RESTRICTED&TRUSTED&FOREGROUND] ]
09-02 11:15:03.013  3979  4180 D ConnectivityService: sending notification CAP_CHANGED for NetworkRequest [ LISTEN id=545, [ Capabilities: INTERNET&NOT_RESTRICTED&TRUSTED&FOREGROUND] ]
09-02 11:15:03.014  3979  4635 D ConnectivityService: filterNetworkStateForUid() uid: 10096 networkInfo: [type: WIFI[] - WIFI, state: CONNECTED/CONNECTED, reason: (unspecified), extra: "WiFi 69", failover: false, available: true, roaming: false, metered: false]
09-02 11:15:03.014  3979  4180 D ConnectivityService: sending notification IP_CHANGED for NetworkRequest [ LISTEN id=545, [ Capabilities: INTERNET&NOT_RESTRICTED&TRUSTED&FOREGROUND] ]
09-02 11:15:03.022 22470 22470 I cr_ChildProcessService: Creating new ChildProcessService pid=22470
09-02 11:15:03.073 22470 22491 I cr_LibraryLoader: Successfully loaded native library
09-02 11:15:03.074 22470 22491 I cr_CachingUmaRecorder: Flushed 3 samples from 3 histograms.
09-02 11:15:03.074  3979  5979 D PackageManager: setEnabledSetting : userId = 0 packageName = com.android.chrome cmp = org.chromium.chrome.browser.quickactionsearchwidget.QuickActionSearchWidgetProvider$QuickActionSearchWidgetProviderSearch newState = 1 callingPackage = 10096/com.android.chrome
09-02 11:15:03.077  3979  5979 D PackageManager: setEnabledSetting : userId = 0 packageName = com.android.chrome cmp = org.chromium.chrome.browser.quickactionsearchwidget.QuickActionSearchWidgetProvider$QuickActionSearchWidgetProviderDino newState = 1 callingPackage = 10096/com.android.chrome
09-02 11:15:03.085  3979  5982 D ConnectivityService: filterNetworkStateForUid() uid: 10096 networkInfo: [type: WIFI[] - WIFI, state: CONNECTED/CONNECTED, reason: (unspecified), extra: "WiFi 69", failover: false, available: true, roaming: false, metered: false]
09-02 11:15:03.089 22388 22388 D ConnectivityManager: requestNetwork; CallingUid : 10096, CallingPid : 22388
09-02 11:15:03.090  3979  5982 D ConnectivityService: listenForNetwork for uid/pid:10096/22388 NetworkRequest [ LISTEN id=546, [ Capabilities: INTERNET&NOT_RESTRICTED&TRUSTED&FOREGROUND] ]
09-02 11:15:03.090  3979  4180 D ConnectivityService: rematching NetworkAgentInfo [WIFI () - 502]
09-02 11:15:03.090  3979  4180 D ConnectivityService:  network has: [ Transports: WIFI Capabilities: NOT_METERED&INTERNET&NOT_RESTRICTED&TRUSTED&NOT_VPN&VALIDATED&FOREGROUND LinkUpBandwidth>=1048576Kbps LinkDnBandwidth>=1048576Kbps SignalStrength: -53]
09-02 11:15:03.090  3979  4180 D ConnectivityService: Network NetworkAgentInfo [WIFI () - 502] was already satisfying request 3. No change.
09-02 11:15:03.090  3979  4180 D ConnectivityService: Network NetworkAgentInfo [WIFI () - 502] was already satisfying request 1. No change.
09-02 11:15:03.090  3979  4180 D ConnectivityService: Network NetworkAgentInfo [WIFI () - 502] was already satisfying request 484. No change.
09-02 11:15:03.090  3979  4180 D ConnectivityService: Network NetworkAgentInfo [WIFI () - 502] was already satisfying request 443. No change.
09-02 11:15:03.090  3979  4180 D ConnectivityService: Network NetworkAgentInfo [WIFI () - 502] was already satisfying request 140. No change.
09-02 11:15:03.090  3979  4180 D ConnectivityService: sending notification AVAILABLE for NetworkRequest [ LISTEN id=546, [ Capabilities: INTERNET&NOT_RESTRICTED&TRUSTED&FOREGROUND] ]
09-02 11:15:03.091  3979  4180 D ConnectivityService: sending notification CAP_CHANGED for NetworkRequest [ LISTEN id=546, [ Capabilities: INTERNET&NOT_RESTRICTED&TRUSTED&FOREGROUND] ]
09-02 11:15:03.091  3979  4180 D ConnectivityService: sending notification IP_CHANGED for NetworkRequest [ LISTEN id=546, [ Capabilities: INTERNET&NOT_RESTRICTED&TRUSTED&FOREGROUND] ]
09-02 11:15:03.091  3979  5982 D ConnectivityService: filterNetworkStateForUid() uid: 10096 networkInfo: [type: WIFI[] - WIFI, state: CONNECTED/CONNECTED, reason: (unspecified), extra: "WiFi 69", failover: false, available: true, roaming: false, metered: false]
09-02 11:15:03.105  3979  5979 D SecContentProvider: query(), uri = 2 selection = isAuditLogEnabled
09-02 11:15:03.105  3979  5979 D SecContentProvider: called from com.android.chrome
09-02 11:15:03.106  3979  5979 D SecContentProvider: query(), uri = 5 selection = getAutoFillSetting
09-02 11:15:03.107  3979  5979 D SecContentProvider: called from com.android.chrome
09-02 11:15:03.108  3979  3989 D SecContentProvider: query(), uri = 5 selection = getCookiesSetting
09-02 11:15:03.108  3979  3989 D SecContentProvider: called from com.android.chrome
09-02 11:15:03.109  3979  5979 D SecContentProvider: query(), uri = 5 selection = getHttpProxy
09-02 11:15:03.110  3979  5979 D SecContentProvider: called from com.android.chrome
09-02 11:15:03.111  3979  5979 D SecContentProvider: query(), uri = 5 selection = getJavaScriptSetting
09-02 11:15:03.112  3979  5979 D SecContentProvider: called from com.android.chrome
09-02 11:15:03.112 22388 22388 I cr_CompositorSurfaceMgr: Transitioning to surface with format: -1
09-02 11:15:03.113  3979  5982 D SecContentProvider: query(), uri = 5 selection = getPopupsSetting
09-02 11:15:03.113  3462  3462 I SurfaceFlinger: id=1257 createSurf (720x1238),4 flag=404, SurfaceView - com.android.chrome/com.google.android.apps.chrome.Main@af20ddf@0#0
09-02 11:15:03.113  3979  5982 D SecContentProvider: called from com.android.chrome
09-02 11:15:03.115  3979  4668 D SecContentProvider: query(), uri = 22 selection = isAuthenticationEnabled
09-02 11:15:03.115  3462  3462 I SurfaceFlinger: id=1258 createSurf (720x1238),-1 flag=20404, Background for - SurfaceView - com.android.chrome/com.google.android.apps.chrome.Main@af20ddf@0#0
09-02 11:15:03.115  3979  4668 D SecContentProvider: called from com.android.chrome
09-02 11:15:03.116 22388 22388 D SurfaceView: BG show() Surface(name=Background for - SurfaceView - com.android.chrome/com.google.android.apps.chrome.Main@af20ddf@0) android.view.SurfaceView{af20ddf V.E...... ......ID 0,0-720,1238}
09-02 11:15:03.117 22388 22388 V Surface : sf_framedrop debug : 0x4f4c, game : false, logging : 0
09-02 11:15:03.117 22388 22388 D SurfaceView: surfaceCreated 1 android.view.SurfaceView{af20ddf V.E...... ......ID 0,0-720,1238}
09-02 11:15:03.117 22388 22388 I cr_CompositorSurfaceMgr: surfaceCreated format: 0
09-02 11:15:03.117 22388 22388 D SurfaceView: surfaceChanged (720,1238) 1 android.view.SurfaceView{af20ddf V.E...... ......ID 0,0-720,1238}
09-02 11:15:03.119  3979  4668 D SecContentProvider: query(), uri = 10 selection = getURLFilterList
09-02 11:15:03.120  3979  4668 D SecContentProvider: called from com.android.chrome
09-02 11:15:03.121  3979  3989 D SecContentProvider: query(), uri = 10 selection = getURLFilterEnabled
09-02 11:15:03.121  3979  3989 D SecContentProvider: called from com.android.chrome
09-02 11:15:03.126  3979  5979 D SecContentProvider: query(), uri = 10 selection = getURLFilterReportEnabled
09-02 11:15:03.127  3979  5979 D SecContentProvider: called from com.android.chrome
09-02 11:15:03.128  3979  3989 D SecContentProvider: query(), uri = 2 selection = isAuditLogEnabled
09-02 11:15:03.129  3979  3989 D SecContentProvider: called from com.android.chrome
09-02 11:15:03.130  3979  5979 D SecContentProvider: query(), uri = 5 selection = getAutoFillSetting
09-02 11:15:03.130  3979  5979 D SecContentProvider: called from com.android.chrome
09-02 11:15:03.131  3979  5979 D SecContentProvider: query(), uri = 5 selection = getCookiesSetting
09-02 11:15:03.132  3979  5979 D SecContentProvider: query(), uri = 5 selection = getHttpProxy
09-02 11:15:03.134  3979  5979 D SecContentProvider: query(), uri = 5 selection = getJavaScriptSetting
09-02 11:15:03.136  3979  5979 D SecContentProvider: query(), uri = 5 selection = getPopupsSetting
09-02 11:15:03.136  3979  5979 I chatty  : uid=1000(system) Binder:3979_15 identical 4 lines
09-02 11:15:03.137 22388 22388 I cr_ChromeTabbedActivity: #initializeState
09-02 11:15:03.137  3979  5979 D SecContentProvider: query(), uri = 22 selection = isAuthenticationEnabled
09-02 11:15:03.137 22388 22388 I cr_CipherFactory: #restoreFromBundle, no savedInstanceState.
09-02 11:15:03.137 22388 22388 I cr_tabmodel: #loadState, ignoreIncognitoFiles? true
09-02 11:15:03.138  3979  5979 D SecContentProvider: called from com.android.chrome
09-02 11:15:03.138 22388 22388 I cr_tabmodel: Tab metadata, skipIncognitoCount? false incognitoCount: 0 totalCount: 39
09-02 11:15:03.138 22388 22388 I cr_tabmodel: #isIncognitoTabBeingRestored from tabState:  false
09-02 11:15:03.141  3979  3989 D SecContentProvider: query(), uri = 10 selection = getURLFilterList
09-02 11:15:03.141  3979  3989 D SecContentProvider: called from com.android.chrome
09-02 11:15:03.146  3979  3989 D SecContentProvider: query(), uri = 10 selection = getURLFilterEnabled
09-02 11:15:03.147  3979  3989 D SecContentProvider: called from com.android.chrome
09-02 11:15:03.148  3979  4668 D SecContentProvider: query(), uri = 10 selection = getURLFilterReportEnabled
09-02 11:15:03.148  3979  4668 D SecContentProvider: called from com.android.chrome
09-02 11:15:03.153 22470 22491 D libGLESv2: STS_GLApi : DTS, ODTC are not allowed for Package : com.android.chrome:privileged_process0
09-02 11:15:03.163 22388 22388 E ResourceType: Style contains key with bad entry: 0x0101062c
09-02 11:15:03.173 22051 22051 D BoundBrokerSvc: onBind: Intent { act=com.google.android.gms.languageprofile.service.START pkg=com.google.android.gms }
09-02 11:15:03.173 22051 22051 D BoundBrokerSvc: Loading bound service for intent: Intent { act=com.google.android.gms.languageprofile.service.START pkg=com.google.android.gms }
09-02 11:15:03.176  3979  5979 D ConnectivityService: filterNetworkStateForUid() uid: 10096 networkInfo: [type: WIFI[] - WIFI, state: CONNECTED/CONNECTED, reason: (unspecified), extra: "WiFi 69", failover: false, available: true, roaming: false, metered: false]
09-02 11:15:03.186  3979  3989 D SamsungAlarmManager: setInexact Intent (T:3/F:0/AC:false) 20330830T111503 - CU:10025/CP:22051
09-02 11:15:03.221 22424 22484 I cr_LibraryLoader: Successfully loaded native library
09-02 11:15:03.221 22051 22051 D BoundBrokerSvc: onBind: Intent { act=com.google.android.gms.safetynet.service.START pkg=com.google.android.gms }
09-02 11:15:03.222 22051 22051 D BoundBrokerSvc: Loading bound service for intent: Intent { act=com.google.android.gms.safetynet.service.START pkg=com.google.android.gms }
09-02 11:15:03.222 22424 22484 I cr_CachingUmaRecorder: Flushed 3 samples from 3 histograms.
09-02 11:15:03.246  3979  5979 D SamsungAlarmManager: setExact Intent (T:3/F:0/AC:false) 20230902T111504 - CU:10025/CP:10264
09-02 11:15:03.246  3979  5979 I SamsungAlarmManager: setLocked to kernel - T:3 / 20230902T111504, SetElapsed=91285675, nowELAPSED=91284678
09-02 11:15:03.247 22470 22491 V Surface : sf_framedrop debug : 0x4f4c, game : false, logging : 0
09-02 11:15:03.249 22470 22491 D mali_winsys: EGLint new_window_surface(egl_winsys_display *, void *, EGLSurface, EGLConfig, egl_winsys_surface **, egl_color_buffer_format *, EGLBoolean) returns 0x3000,  [720x1238]-format:1
09-02 11:15:03.249  3979  5979 D ConnectivityService: filterNetworkStateForUid() uid: 10025 networkInfo: [type: WIFI[] - WIFI, state: CONNECTED/CONNECTED, reason: (unspecified), extra: "WiFi 69", failover: false, available: true, roaming: false, metered: false]
09-02 11:15:03.251  3979  5979 D ConnectivityService: filterNetworkStateForUid() uid: 10025 networkInfo: [type: WIFI[] - WIFI, state: CONNECTED/CONNECTED, reason: (unspecified), extra: "WiFi 69", failover: false, available: true, roaming: false, metered: false]
09-02 11:15:03.254  3979  5979 D SamsungAlarmManager: Cancel Alarm calling from uid:10025 pid :10264 / op:PendingIntent{9956838: PendingIntentRecord{9212591 com.google.android.gms broadcastIntent}}
09-02 11:15:03.268 10264 10280 I FontLog : Received query name=Google Sans&weight=700&besteffort=false, URI content://com.google.android.gms.fonts [CONTEXT service_id=132 ]
09-02 11:15:03.268 10264 10280 I FontLog : Query [name=Google Sans&weight=700&besteffort=false] resolved to {Google Sans, wdth 100.0, wght 700, ital 0.0, bestEffort false} [CONTEXT service_id=132 ]
09-02 11:15:03.271 10264 10280 I FontLog : Fetch {Google Sans, wdth 100.0, wght 700, ital 0.0, bestEffort false} end status Status{statusCode=SUCCESS, resolution=null} [CONTEXT service_id=132 ]
09-02 11:15:03.277 10264 10280 I FontLog : Pulling font file for id = 608, cache size = 7 [CONTEXT service_id=132 ]
09-02 11:15:03.283 10264 10280 I FontLog : Received query name=Noto Color Emoji Compat&weight=400&besteffort=false, URI content://com.google.android.gms.fonts [CONTEXT service_id=132 ]
09-02 11:15:03.284 10264 10280 I FontLog : Query [name=Noto Color Emoji Compat&weight=400&besteffort=false] resolved to {Noto Color Emoji Compat, wdth 100.0, wght 400, ital 0.0, bestEffort false} [CONTEXT service_id=132 ]
09-02 11:15:03.286 10264 10280 I FontLog : Fetch {Noto Color Emoji Compat, wdth 100.0, wght 400, ital 0.0, bestEffort false} end status Status{statusCode=SUCCESS, resolution=null} [CONTEXT service_id=132 ]
09-02 11:15:03.290 22388 22388 W ResourceType: Failure getting entry for 0x7f01032b (t=0 e=811) (error -75)
09-02 11:15:03.292 10264 10280 I FontLog : Pulling font file for id = 609, cache size = 8 [CONTEXT service_id=132 ]
09-02 11:15:03.299 10264 10280 I FontLog : Received query name=Google Sans&weight=400&besteffort=false, URI content://com.google.android.gms.fonts [CONTEXT service_id=132 ]
09-02 11:15:03.300 10264 10280 I FontLog : Query [name=Google Sans&weight=400&besteffort=false] resolved to {Google Sans, wdth 100.0, wght 400, ital 0.0, bestEffort false} [CONTEXT service_id=132 ]
09-02 11:15:03.301 10264 10280 I FontLog : Font PFD returned from cache for {Google Sans, wdth 100.0, wght 400, ital 0.0, bestEffort false} [CONTEXT service_id=132 ]
09-02 11:15:03.301 10264 10280 I FontLog : Fetch {Google Sans, wdth 100.0, wght 400, ital 0.0, bestEffort false} end status Status{statusCode=SUCCESS, resolution=null} [CONTEXT service_id=132 ]
09-02 11:15:03.307 22388 22388 W ResourceType: Failure getting entry for 0x7f0107ae (t=0 e=1966) (error -75)
09-02 11:15:03.307 10264 10280 I FontLog : Pulling font file for id = 610, cache size = 6 [CONTEXT service_id=132 ]
09-02 11:15:03.308 22388 22388 W ResourceType: Failure getting entry for 0x7f010206 (t=0 e=518) (error -75)
09-02 11:15:03.314  3979  5979 D SamsungAlarmManager: setInexact Intent (T:3/F:0/AC:false) 20230902T111650 - CU:10025/CP:10264
09-02 11:15:03.315 10264 10280 I FontLog : Received query name=Google Sans&weight=500&besteffort=false, URI content://com.google.android.gms.fonts [CONTEXT service_id=132 ]
09-02 11:15:03.315 10264 10280 I FontLog : Query [name=Google Sans&weight=500&besteffort=false] resolved to {Google Sans, wdth 100.0, wght 500, ital 0.0, bestEffort false} [CONTEXT service_id=132 ]
09-02 11:15:03.316 10264 10280 I FontLog : Font PFD returned from cache for {Google Sans, wdth 100.0, wght 500, ital 0.0, bestEffort false} [CONTEXT service_id=132 ]
09-02 11:15:03.317 10264 10280 I FontLog : Fetch {Google Sans, wdth 100.0, wght 500, ital 0.0, bestEffort false} end status Status{statusCode=SUCCESS, resolution=null} [CONTEXT service_id=132 ]
09-02 11:15:03.317 10264 21017 I NetworkScheduler.Stats: Task com.google.android.gms/com.google.android.gms.languageprofile.GcmTaskService started execution. cause:7 exec_start_elapsed_seconds: 91284 [CONTEXT service_id=218 ]
09-02 11:15:03.321 10264 10280 I FontLog : Pulling font file for id = 611, cache size = 7 [CONTEXT service_id=132 ]
09-02 11:15:03.332 22388 22388 I cr_OfflineIndicator: onConnectionTypeChanged 2
09-02 11:15:03.333 22388 22388 I cr_OfflineIndicator: Reported by system: [ Transports: WIFI Capabilities: WIFI_P2P&NOT_RESTRICTED&TRUSTED&NOT_VPN LinkUpBandwidth>=1048576Kbps LinkDnBandwidth>=1048576Kbps]
09-02 11:15:03.335 22388 22388 I cr_OfflineIndicator: Reported by system: [ Transports: WIFI Capabilities: NOT_METERED&INTERNET&NOT_RESTRICTED&TRUSTED&NOT_VPN&VALIDATED&FOREGROUND LinkUpBandwidth>=1048576Kbps LinkDnBandwidth>=1048576Kbps SignalStrength: -53]
09-02 11:15:03.335 22388 22388 I cr_OfflineIndicator: setConnectionState connectionState=4
09-02 11:15:03.335 22388 22388 I cr_OfflineDetector: Running updateState mConnectivityDetectorInitialized: true, mTimeWhenLastForegrounded: 91284764, getElapsedTime: 91284767, mTimeWhenLastOfflineNotificationReceived: 0, mTimeWhenLastOnline: 91284767, mApplicationState: 1, mIsOfflineLastReportedByConnectivityDetector: false, mIsEffectivelyOffline: false
09-02 11:15:03.335 22388 22388 I cr_OfflineDetector: updateState(): timeSinceLastForeground: 3, timeSinceOfflineNotificationReceived: 91284767, timeSinceLastOnline: 0, timeNeededForForeground: 1997, timeNeededForOffline: -91282767
09-02 11:15:03.335 22388 22388 I cr_OfflineIndicator: processConnectivityCheckResult mConnectionState=4 mConnectivityCheckingStage=1
09-02 11:15:03.351  3979  5979 W AppOps  : Bad call: specified package com.google.android.gms under uid 10096 but it is really 10025
09-02 11:15:03.351  3979  5979 W AppOps  : java.lang.RuntimeException: here
09-02 11:15:03.351  3979  5979 W AppOps  : 	at com.android.server.AppOpsService.getOpsRawLocked(AppOpsService.java:1402)
09-02 11:15:03.351  3979  5979 W AppOps  : 	at com.android.server.AppOpsService.checkPackage(AppOpsService.java:1106)
09-02 11:15:03.351  3979  5979 W AppOps  : 	at com.android.internal.app.IAppOpsService$Stub.onTransact(IAppOpsService.java:169)
09-02 11:15:03.351  3979  5979 W AppOps  : 	at android.os.Binder.execTransact(Binder.java:682)
09-02 11:15:03.351 22424 22484 I tflite  : Initialized TensorFlow Lite runtime.
09-02 11:15:03.352  3979  5979 I chatty  : uid=1000(system) Binder:3979_15 identical 1 line
09-02 11:15:03.353  3979  5979 W AppOps  : Bad call: specified package com.google.android.gms under uid 10096 but it is really 10025
09-02 11:15:03.353  3979  5979 W AppOps  : java.lang.RuntimeException: here
09-02 11:15:03.353  3979  5979 W AppOps  : 	at com.android.server.AppOpsService.getOpsRawLocked(AppOpsService.java:1402)
09-02 11:15:03.353  3979  5979 W AppOps  : 	at com.android.server.AppOpsService.checkPackage(AppOpsService.java:1106)
09-02 11:15:03.353  3979  5979 W AppOps  : 	at com.android.internal.app.IAppOpsService$Stub.onTransact(IAppOpsService.java:169)
09-02 11:15:03.353  3979  5979 W AppOps  : 	at android.os.Binder.execTransact(Binder.java:682)
09-02 11:15:03.356  3979  4668 W AppOps  : Bad call: specified package com.google.android.gms under uid 10096 but it is really 10025
09-02 11:15:03.356  3979  4668 W AppOps  : java.lang.RuntimeException: here
09-02 11:15:03.356  3979  4668 W AppOps  : 	at com.android.server.AppOpsService.getOpsRawLocked(AppOpsService.java:1402)
09-02 11:15:03.356  3979  4668 W AppOps  : 	at com.android.server.AppOpsService.checkPackage(AppOpsService.java:1106)
09-02 11:15:03.356  3979  4668 W AppOps  : 	at com.android.internal.app.IAppOpsService$Stub.onTransact(IAppOpsService.java:169)
09-02 11:15:03.356  3979  4668 W AppOps  : 	at android.os.Binder.execTransact(Binder.java:682)
09-02 11:15:03.359  3979  4668 W AppOps  : Bad call: specified package com.google.android.gms under uid 10096 but it is really 10025
09-02 11:15:03.359  3979  4668 W AppOps  : java.lang.RuntimeException: here
09-02 11:15:03.359  3979  4668 W AppOps  : 	at com.android.server.AppOpsService.getOpsRawLocked(AppOpsService.java:1402)
09-02 11:15:03.359  3979  4668 W AppOps  : 	at com.android.server.AppOpsService.checkPackage(AppOpsService.java:1106)
09-02 11:15:03.359  3979  4668 W AppOps  : 	at com.android.internal.app.IAppOpsService$Stub.onTransact(IAppOpsService.java:169)
09-02 11:15:03.359  3979  4668 W AppOps  : 	at android.os.Binder.execTransact(Binder.java:682)
09-02 11:15:03.384  3979  4668 W StorageManager: getStorageLowBytes lowPercent : 5, lowBytes : 1260145254, maxLowBytes : 524288000
09-02 11:15:03.388  3979  4668 W StorageManager: getStorageLowBytes lowPercent : 5, lowBytes : 1260145254, maxLowBytes : 524288000
09-02 11:15:03.397 22388 22388 V InputMethodManager: Starting input: tba=android.view.inputmethod.EditorInfo@5d45a88 nm : com.android.chrome ic=null
09-02 11:15:03.397 22388 22388 I InputMethodManager: startInputInner - mService.startInputOrWindowGainedFocus
09-02 11:15:03.398  3979  4668 D InputMethodManagerService: startInputOrWindowGainedFocus : startInput 
09-02 11:15:03.399  3979  4668 D InputMethodManagerService: setCurrentInputInfo - inputContext : null eidtorInfo : android.view.inputmethod.EditorInfo@17f9805 missingMethods : 0
09-02 11:15:03.399  4336  4336 I InputMethodWrapper:  call dispatchStartInputWithToken
09-02 11:15:03.399  4336  4336 I InputMethodService: dispatchStartInputWithToken
09-02 11:15:03.400  4336  4336 I SKBD    : SamsungKeypad [IMI] onStartInput - caller pid : 22388, caller uid : 10096
09-02 11:15:03.400  4336  4336 I SKBD    : SamsungKeypad  CACHEDIC onStartInput  isCachedICEnabled:  false
09-02 11:15:03.400  4336  4336 I SKBD    : atl getDefaultInputRange : UNKNOWN
09-02 11:15:03.400  4336  4336 I SKBD    : awo resetBinderManager()
09-02 11:15:03.400  4336  4336 I SKBD_SYNC: SamsungKeypad onStartInput: import DLM
09-02 11:15:03.400  4336  4336 I SKBD    : atl setPrivateImeOptionsToTable privateImeOptions ( null )
09-02 11:15:03.400  4336  4336 I SKBD    : atl imeOptions is null
09-02 11:15:03.400  4336  4336 I SKBD    : SamsungKeypad [PF_OP][onStartInput] 578000
09-02 11:15:03.401 10264 22318 I NetworkScheduler.Stats: Task com.google.android.gms/com.google.android.gms.languageprofile.GcmTaskService finished executing. cause:7 result: 1 elapsed_millis: 116 uptime_millis: 115 exec_start_elapsed_seconds: 91284 [CONTEXT service_id=218 ]
09-02 11:15:03.410  3979  5982 D ConnectivityService: filterNetworkStateForUid() uid: 10025 networkInfo: [type: WIFI[] - WIFI, state: CONNECTED/CONNECTED, reason: (unspecified), extra: "WiFi 69", failover: false, available: true, roaming: false, metered: false]
09-02 11:15:03.411  3979  5982 D ConnectivityService: filterNetworkStateForUid() uid: 10025 networkInfo: [type: WIFI[] - WIFI, state: CONNECTED/CONNECTED, reason: (unspecified), extra: "WiFi 69", failover: false, available: true, roaming: false, metered: false]
09-02 11:15:03.413  3979  5982 D SamsungAlarmManager: Cancel Alarm calling from uid:10025 pid :10264 / op:PendingIntent{c83705a: PendingIntentRecord{9212591 com.google.android.gms broadcastIntent}}
09-02 11:15:03.426  3979  3979 D CustomFrequencyManagerService: releaseDVFSLockLocked : Getting Lock type frm List : DVFS_MIN_LIMIT  frequency : 1560000  uid : 1000  pid : 3979  tag : AMS_RESUME_TAIL@CPU_MIN@14
09-02 11:15:03.435  3979  4668 D ConnectivityService: filterNetworkStateForUid() uid: 10096 networkInfo: [type: WIFI[] - WIFI, state: CONNECTED/CONNECTED, reason: (unspecified), extra: "WiFi 69", failover: false, available: true, roaming: false, metered: false]
09-02 11:15:03.440 22388 22530 D ConnectivityManager: requestNetwork; CallingUid : 10096, CallingPid : 22388
09-02 11:15:03.441  3979  5979 D ConnectivityService: listenForNetwork for uid/pid:10096/22388 NetworkRequest [ LISTEN id=547, [ Capabilities: INTERNET&NOT_RESTRICTED&TRUSTED&FOREGROUND] ]
09-02 11:15:03.442  3979  4180 D ConnectivityService: rematching NetworkAgentInfo [WIFI () - 502]
09-02 11:15:03.443  3979  5982 D ConnectivityService: filterNetworkStateForUid() uid: 10096 networkInfo: [type: WIFI[] - WIFI, state: CONNECTED/CONNECTED, reason: (unspecified), extra: "WiFi 69", failover: false, available: true, roaming: false, metered: false]
09-02 11:15:03.443  3979  4180 D ConnectivityService:  network has: [ Transports: WIFI Capabilities: NOT_METERED&INTERNET&NOT_RESTRICTED&TRUSTED&NOT_VPN&VALIDATED&FOREGROUND LinkUpBandwidth>=1048576Kbps LinkDnBandwidth>=1048576Kbps SignalStrength: -53]
09-02 11:15:03.443  3979  4180 D ConnectivityService: Network NetworkAgentInfo [WIFI () - 502] was already satisfying request 3. No change.
09-02 11:15:03.443  3979  4180 D ConnectivityService: Network NetworkAgentInfo [WIFI () - 502] was already satisfying request 1. No change.
09-02 11:15:03.443  3979  4180 D ConnectivityService: Network NetworkAgentInfo [WIFI () - 502] was already satisfying request 484. No change.
09-02 11:15:03.443  3979  4180 D ConnectivityService: Network NetworkAgentInfo [WIFI () - 502] was already satisfying request 443. No change.
09-02 11:15:03.443  3979  4180 D ConnectivityService: Network NetworkAgentInfo [WIFI () - 502] was already satisfying request 140. No change.
09-02 11:15:03.444  3979  4180 D ConnectivityService: sending notification AVAILABLE for NetworkRequest [ LISTEN id=547, [ Capabilities: INTERNET&NOT_RESTRICTED&TRUSTED&FOREGROUND] ]
09-02 11:15:03.444  3979  4180 D ConnectivityService: sending notification CAP_CHANGED for NetworkRequest [ LISTEN id=547, [ Capabilities: INTERNET&NOT_RESTRICTED&TRUSTED&FOREGROUND] ]
09-02 11:15:03.445  3979  4180 D ConnectivityService: sending notification IP_CHANGED for NetworkRequest [ LISTEN id=547, [ Capabilities: INTERNET&NOT_RESTRICTED&TRUSTED&FOREGROUND] ]
09-02 11:15:03.450  3979  5982 D ConnectivityService: filterNetworkStateForUid() uid: 10096 networkInfo: [type: WIFI[] - WIFI, state: CONNECTED/CONNECTED, reason: (unspecified), extra: "WiFi 69", failover: false, available: true, roaming: false, metered: false]
09-02 11:15:03.452  3979  5979 D ConnectivityService: filterNetworkStateForUid() uid: 10096 networkInfo: [type: WIFI[] - WIFI, state: CONNECTED/CONNECTED, reason: (unspecified), extra: "WiFi 69", failover: false, available: true, roaming: false, metered: false]
09-02 11:15:03.460  3979  5979 D ConnectivityService: filterNetworkStateForUid() uid: 10096 networkInfo: [type: WIFI[] - WIFI, state: CONNECTED/CONNECTED, reason: (unspecified), extra: "WiFi 69", failover: false, available: true, roaming: false, metered: false]
09-02 11:15:03.463  3979  5982 D ConnectivityService: filterNetworkStateForUid() uid: 10096 networkInfo: [type: WIFI[] - WIFI, state: CONNECTED/CONNECTED, reason: (unspecified), extra: "WiFi 69", failover: false, available: true, roaming: false, metered: false]
09-02 11:15:03.473  3979  3988 I zygote64: Background concurrent copying GC freed 163674(8MB) AllocSpace objects, 61(1636KB) LOS objects, 38% free, 38MB/62MB, paused 594us total 189.058ms
09-02 11:15:03.478  3979  3989 D SamsungAlarmManager: setInexact Intent (T:3/F:0/AC:false) 20230902T111650 - CU:10025/CP:10264
09-02 11:15:03.482 10264 22317 I NetworkScheduler.Stats: Task com.google.android.gms/com.google.android.gms.clearcut.uploader.QosUploaderService started execution. cause:5 exec_start_elapsed_seconds: 91284 [CONTEXT service_id=218 ]
09-02 11:15:03.483  3979  4668 D ConnectivityService: filterNetworkStateForUid() uid: 10096 networkInfo: [type: WIFI[] - WIFI, state: CONNECTED/CONNECTED, reason: (unspecified), extra: "WiFi 69", failover: false, available: true, roaming: false, metered: false]
09-02 11:15:03.491 22388 22388 W ResourceType: Failure getting entry for 0x7f0100fa (t=0 e=250) (error -75)
09-02 11:15:03.494 22388 22388 W ResourceType: Failure getting entry for 0x7f010854 (t=0 e=2132) (error -75)
09-02 11:15:03.525 22388 22388 W ResourceType: Failure getting entry for 0x7f010220 (t=0 e=544) (error -75)
09-02 11:15:03.527 22388 22388 W ResourceType: Failure getting entry for 0x7f0107f5 (t=0 e=2037) (error -75)
09-02 11:15:03.547 22388 22388 W ResourceType: Failure getting entry for 0x7f010853 (t=0 e=2131) (error -75)
09-02 11:15:03.567 22388 22461 D NetworkSecurityConfig: Using Network Security Config from resource 0_resource_name_obfuscated debugBuild: false
09-02 11:15:03.571 22388 22388 I Choreographer: Skipped 48 frames!  The application may be doing too much work on its main thread.
09-02 11:15:03.576  3979  3989 V WindowManager: Relayout Window{b96d1ad u0 com.android.chrome/com.google.android.apps.chrome.Main}: viewVisibility=0 req=720x1280 WM.LayoutParams{(0,0)(fillxfill) sim=#13 ty=1 fl=#81810100 pfl=0x20000 fmt=-3 wanim=0x10302fd vsysui=0x2600 sysuil=true needsMenuKey=2 colorMode=0 naviIconColor=0}
09-02 11:15:03.582 22388 22388 D ViewRootImpl@304710e[Main]: Relayout returned: old=[0,0][720,1280] new=[0,0][720,1280] result=0x1 surface={valid=true 3752450048} changed=false
09-02 11:15:03.586  3979  3989 D ConnectivityService: filterNetworkStateForUid() uid: 10025 networkInfo: [type: WIFI[] - WIFI, state: CONNECTED/CONNECTED, reason: (unspecified), extra: "WiFi 69", failover: false, available: true, roaming: false, metered: false]
09-02 11:15:03.587  3979  3989 D ConnectivityService: filterNetworkStateForUid() uid: 10025 networkInfo: [type: WIFI[] - WIFI, state: CONNECTED/CONNECTED, reason: (unspecified), extra: "WiFi 69", failover: false, available: true, roaming: false, metered: false]
09-02 11:15:03.590  3979  4668 D ConnectivityService: filterNetworkStateForUid() uid: 10096 networkInfo: [type: WIFI[] - WIFI, state: CONNECTED/CONNECTED, reason: (unspecified), extra: "WiFi 69", failover: false, available: true, roaming: false, metered: false]
09-02 11:15:03.593  3979  5982 D ConnectivityService: filterNetworkStateForUid() uid: 10096 networkInfo: [type: WIFI[] - WIFI, state: CONNECTED/CONNECTED, reason: (unspecified), extra: "WiFi 69", failover: false, available: true, roaming: false, metered: false]
09-02 11:15:03.598  3462  3462 I SurfaceFlinger: Display 0 HWC layers:
09-02 11:15:03.598  3462  3462 I SurfaceFlinger:     type    |    handle    | flag |  format   |   source crop (l,t,r,b)    |         frame       | name 
09-02 11:15:03.598  3462  3462 I SurfaceFlinger: ------------+--------------+------+-----------+----------------------------+---------------------+------
09-02 11:15:03.598  3462  3462 I SurfaceFlinger:      Device | 0x7abdc74d00 | 0002 | RGBA_8888 |   0.0    0.0  720.0 1238.0 |    0   42  720 1280 | SurfaceView - com.android.chrome/com[...]android.apps.chrome.Main@af20ddf@0#0
09-02 11:15:03.598  3462  3462 I SurfaceFlinger:      Device | 0x7abdc74b80 | 0000 | RGBA_8888 |   0.0    0.0  720.0 1280.0 |    0    0  720 1280 | com.android.chrome/com.google.android.apps.chrome.Main#0
09-02 11:15:03.598  3462  3462 I SurfaceFlinger:      Device | 0x7ac4c25140 | 0000 | RGBA_8888 |   0.0    0.0  720.0   42.0 |    0    0  720   42 | StatusBar#0
09-02 11:15:03.598  3462  3462 I SurfaceFlinger: 
09-02 11:15:03.600  3979  5982 I chatty  : uid=1000(system) Binder:3979_16 identical 1 line
09-02 11:15:03.602  3979  5982 D ConnectivityService: filterNetworkStateForUid() uid: 10096 networkInfo: [type: WIFI[] - WIFI, state: CONNECTED/CONNECTED, reason: (unspecified), extra: "WiFi 69", failover: false, available: true, roaming: false, metered: false]
09-02 11:15:03.605  3979  3989 D ConnectivityService: filterNetworkStateForUid() uid: 10096 networkInfo: [type: WIFI[] - WIFI, state: CONNECTED/CONNECTED, reason: (unspecified), extra: "WiFi 69", failover: false, available: true, roaming: false, metered: false]
09-02 11:15:03.607  3979  3989 D ConnectivityService: filterNetworkStateForUid() uid: 10096 networkInfo: [type: WIFI[] - WIFI, state: CONNECTED/CONNECTED, reason: (unspecified), extra: "WiFi 69", failover: false, available: true, roaming: false, metered: false]
09-02 11:15:03.610 22388 22388 I cr_tabmodel: #isIncognitoTabBeingRestored from tabState:  false
09-02 11:15:03.800  3979  4635 D ConnectivityService: filterNetworkStateForUid() uid: 10025 networkInfo: [type: WIFI[] - WIFI, state: CONNECTED/CONNECTED, reason: (unspecified), extra: "WiFi 69", failover: false, available: true, roaming: false, metered: false]
09-02 11:15:03.804 22388 22388 I chatty  : uid=10096(u0_a96) identical 74 lines
09-02 11:15:03.804 22388 22388 I cr_tabmodel: #isIncognitoTabBeingRestored from tabState:  false
09-02 11:15:03.809  3979  4635 I chatty  : uid=1000(system) Binder:3979_7 identical 4 lines
09-02 11:15:03.810  3979  4635 D ConnectivityService: filterNetworkStateForUid() uid: 10025 networkInfo: [type: WIFI[] - WIFI, state: CONNECTED/CONNECTED, reason: (unspecified), extra: "WiFi 69", failover: false, available: true, roaming: false, metered: false]
09-02 11:15:03.814 22388 22388 I cr_tabmodel: Loaded tab lists; counts: 39,0
09-02 11:15:03.816  3979  5979 D ConnectivityService: filterNetworkStateForUid() uid: 10025 networkInfo: [type: WIFI[] - WIFI, state: CONNECTED/CONNECTED, reason: (unspecified), extra: "WiFi 69", failover: false, available: true, roaming: false, metered: false]
09-02 11:15:03.825  3979  5979 I chatty  : uid=1000(system) Binder:3979_15 identical 4 lines
09-02 11:15:03.826  3979  5979 D ConnectivityService: filterNetworkStateForUid() uid: 10025 networkInfo: [type: WIFI[] - WIFI, state: CONNECTED/CONNECTED, reason: (unspecified), extra: "WiFi 69", failover: false, available: true, roaming: false, metered: false]
09-02 11:15:03.827  3979  4111 D MdnieScenarioControlService:  packageName : com.android.chrome    className : com.google.android.apps.chrome.Main
09-02 11:15:03.832  3979  5979 D ConnectivityService: filterNetworkStateForUid() uid: 10025 networkInfo: [type: WIFI[] - WIFI, state: CONNECTED/CONNECTED, reason: (unspecified), extra: "WiFi 69", failover: false, available: true, roaming: false, metered: false]
09-02 11:15:03.907  3979  5979 I chatty  : uid=1000(system) Binder:3979_15 identical 5 lines
09-02 11:15:03.909  3979  5979 D ConnectivityService: filterNetworkStateForUid() uid: 10025 networkInfo: [type: WIFI[] - WIFI, state: CONNECTED/CONNECTED, reason: (unspecified), extra: "WiFi 69", failover: false, available: true, roaming: false, metered: false]
09-02 11:15:03.913  3979  4635 D ConnectivityService: filterNetworkStateForUid() uid: 10025 networkInfo: [type: WIFI[] - WIFI, state: CONNECTED/CONNECTED, reason: (unspecified), extra: "WiFi 69", failover: false, available: true, roaming: false, metered: false]
09-02 11:15:03.914  3979  4635 D ConnectivityService: filterNetworkStateForUid() uid: 10025 networkInfo: [type: WIFI[] - WIFI, state: CONNECTED/CONNECTED, reason: (unspecified), extra: "WiFi 69", failover: false, available: true, roaming: false, metered: false]
09-02 11:15:04.031  3979  5979 D ConnectivityService: filterNetworkStateForUid() uid: 10025 networkInfo: [type: WIFI[] - WIFI, state: CONNECTED/CONNECTED, reason: (unspecified), extra: "WiFi 69", failover: false, available: true, roaming: false, metered: false]
09-02 11:15:04.033  3979  5979 I chatty  : uid=1000(system) Binder:3979_15 identical 1 line
09-02 11:15:04.051  3614  3927 D DnsProxyListener: DNSDBG::dns addrinfo af 2
09-02 11:15:04.174 22051 22051 D BoundBrokerSvc: onBind: Intent { act=com.google.android.gms.feedback.internal.IFeedbackService dat=chimera-action: cmp=com.google.android.gms/.chimera.GmsBoundBrokerService }
09-02 11:15:04.174 22051 22051 D BoundBrokerSvc: Loading bound service for intent: Intent { act=com.google.android.gms.feedback.internal.IFeedbackService dat=chimera-action: cmp=com.google.android.gms/.chimera.GmsBoundBrokerService }
09-02 11:15:04.191  3979  5979 D ConnectivityService: filterNetworkStateForUid() uid: 10025 networkInfo: [type: WIFI[] - WIFI, state: CONNECTED/CONNECTED, reason: (unspecified), extra: "WiFi 69", failover: false, available: true, roaming: false, metered: false]
09-02 11:15:04.192  3979  4668 D ConnectivityService: filterNetworkStateForUid() uid: 10025 networkInfo: [type: WIFI[] - WIFI, state: CONNECTED/CONNECTED, reason: (unspecified), extra: "WiFi 69", failover: false, available: true, roaming: false, metered: false]
09-02 11:15:04.192  3979  4635 D ConnectivityService: filterNetworkStateForUid() uid: 10025 networkInfo: [type: WIFI[] - WIFI, state: CONNECTED/CONNECTED, reason: (unspecified), extra: "WiFi 69", failover: false, available: true, roaming: false, metered: false]
09-02 11:15:04.203  3979  4635 I chatty  : uid=1000(system) Binder:3979_7 identical 3 lines
09-02 11:15:04.205  3979  4635 D ConnectivityService: filterNetworkStateForUid() uid: 10025 networkInfo: [type: WIFI[] - WIFI, state: CONNECTED/CONNECTED, reason: (unspecified), extra: "WiFi 69", failover: false, available: true, roaming: false, metered: false]
09-02 11:15:04.206  3979  3989 D ConnectivityService: filterNetworkStateForUid() uid: 10025 networkInfo: [type: WIFI[] - WIFI, state: CONNECTED/CONNECTED, reason: (unspecified), extra: "WiFi 69", failover: false, available: true, roaming: false, metered: false]
09-02 11:15:04.215 22051 22205 I Icing   : IndexChimeraService.getServiceInterface callingPackage=com.google.android.gms componentName=null serviceId=30
09-02 11:15:04.221 22051 22051 D BoundBrokerSvc: onBind: Intent { act=com.google.android.gms.common.BIND_SHARED_PREFS pkg=com.google.android.gms }
09-02 11:15:04.221 22051 22051 D BoundBrokerSvc: Loading bound service for intent: Intent { act=com.google.android.gms.common.BIND_SHARED_PREFS pkg=com.google.android.gms }
09-02 11:15:04.226  3979  4668 D ConnectivityService: filterNetworkStateForUid() uid: 10025 networkInfo: [type: WIFI[] - WIFI, state: CONNECTED/CONNECTED, reason: (unspecified), extra: "WiFi 69", failover: false, available: true, roaming: false, metered: false]
09-02 11:15:04.227 22051 22051 D BoundBrokerSvc: onUnbind: Intent { act=com.google.android.gms.common.BIND_SHARED_PREFS pkg=com.google.android.gms }
09-02 11:15:04.227  3979  4668 D ConnectivityService: filterNetworkStateForUid() uid: 10025 networkInfo: [type: WIFI[] - WIFI, state: CONNECTED/CONNECTED, reason: (unspecified), extra: "WiFi 69", failover: false, available: true, roaming: false, metered: false]
09-02 11:15:04.230  3979  4635 D ConnectivityService: filterNetworkStateForUid() uid: 10025 networkInfo: [type: WIFI[] - WIFI, state: CONNECTED/CONNECTED, reason: (unspecified), extra: "WiFi 69", failover: false, available: true, roaming: false, metered: false]
09-02 11:15:04.232  3979  4668 D ConnectivityService: filterNetworkStateForUid() uid: 10025 networkInfo: [type: WIFI[] - WIFI, state: CONNECTED/CONNECTED, reason: (unspecified), extra: "WiFi 69", failover: false, available: true, roaming: false, metered: false]
09-02 11:15:04.235 22051  8264 I GmsCoreXrpcWrapper: (REDACTED) Returning a channel provider with trafficStatsTag=%d trafficStatsUid=%d
09-02 11:15:04.243  3979  4067 D SamsungAlarmManager: Expired : 8
09-02 11:15:04.243  3979  4067 E AlarmManager: No more alarm at this time. nowELAPSED=91285675 batch.start=91303640 mNextWakeup=91303640 mNextNonWakeup=91285675 mAlarmBatches.size=45
09-02 11:15:04.243  3979  4067 E AlarmManager: Batch 1 size = 1 : 91303640, Batch 2 size = 1 : 91341432, Batch 3 size = 3 : 91348996
09-02 11:15:04.243  3979  4067 E AlarmManager: No more alarm at this time. mNextWakeup will be set as zero : 91303640
09-02 11:15:04.243  3979  4067 I SamsungAlarmManager: setLocked to kernel - T:2 / 20230902T111522, SetElapsed=91303640, nowELAPSED=91285675
09-02 11:15:04.253  3979  4668 D ConnectivityService: filterNetworkStateForUid() uid: 10025 networkInfo: [type: WIFI[] - WIFI, state: CONNECTED/CONNECTED, reason: (unspecified), extra: "WiFi 69", failover: false, available: true, roaming: false, metered: false]
09-02 11:15:04.254  3979  4668 D ConnectivityService: filterNetworkStateForUid() uid: 10025 networkInfo: [type: WIFI[] - WIFI, state: CONNECTED/CONNECTED, reason: (unspecified), extra: "WiFi 69", failover: false, available: true, roaming: false, metered: false]
09-02 11:15:04.284  3979  3979 D PreBindingService: handleMessage : 1
09-02 11:15:04.285  3979  4635 D ConnectivityService: filterNetworkStateForUid() uid: 10025 networkInfo: [type: WIFI[] - WIFI, state: CONNECTED/CONNECTED, reason: (unspecified), extra: "WiFi 69", failover: false, available: true, roaming: false, metered: false]
09-02 11:15:04.285  3979  3989 D ConnectivityService: filterNetworkStateForUid() uid: 10025 networkInfo: [type: WIFI[] - WIFI, state: CONNECTED/CONNECTED, reason: (unspecified), extra: "WiFi 69", failover: false, available: true, roaming: false, metered: false]
09-02 11:15:04.286  3979  4635 D ConnectivityService: filterNetworkStateForUid() uid: 10025 networkInfo: [type: WIFI[] - WIFI, state: CONNECTED/CONNECTED, reason: (unspecified), extra: "WiFi 69", failover: false, available: true, roaming: false, metered: false]
09-02 11:15:04.287  3979  4668 D ConnectivityService: filterNetworkStateForUid() uid: 10025 networkInfo: [type: WIFI[] - WIFI, state: CONNECTED/CONNECTED, reason: (unspecified), extra: "WiFi 69", failover: false, available: true, roaming: false, metered: false]
09-02 11:15:04.290  3979  3989 D ConnectivityService: filterNetworkStateForUid() uid: 10025 networkInfo: [type: WIFI[] - WIFI, state: CONNECTED/CONNECTED, reason: (unspecified), extra: "WiFi 69", failover: false, available: true, roaming: false, metered: false]
09-02 11:15:04.291  3979  3989 D ConnectivityService: filterNetworkStateForUid() uid: 10025 networkInfo: [type: WIFI[] - WIFI, state: CONNECTED/CONNECTED, reason: (unspecified), extra: "WiFi 69", failover: false, available: true, roaming: false, metered: false]
09-02 11:15:04.293  3979  4668 D ConnectivityService: filterNetworkStateForUid() uid: 10025 networkInfo: [type: WIFI[] - WIFI, state: CONNECTED/CONNECTED, reason: (unspecified), extra: "WiFi 69", failover: false, available: true, roaming: false, metered: false]
09-02 11:15:04.311  3979  4668 I chatty  : uid=1000(system) Binder:3979_9 identical 9 lines
09-02 11:15:04.345 22051  8264 W ResourceType: ResTable_typeSpec entry count inconsistent: given 1869, previously 1868
09-02 11:15:04.345 22051  8264 W ResourceType: ResTable_typeSpec entry count inconsistent: given 100, previously 115
09-02 11:15:04.346 22051  8264 W ResourceType: ResTable_typeSpec entry count inconsistent: given 281, previously 1857
09-02 11:15:04.346  3979  4668 D ConnectivityService: filterNetworkStateForUid() uid: 10025 networkInfo: [type: WIFI[] - WIFI, state: CONNECTED/CONNECTED, reason: (unspecified), extra: "WiFi 69", failover: false, available: true, roaming: false, metered: false]
09-02 11:15:04.349  3979  4635 D ConnectivityService: filterNetworkStateForUid() uid: 10025 networkInfo: [type: WIFI[] - WIFI, state: CONNECTED/CONNECTED, reason: (unspecified), extra: "WiFi 69", failover: false, available: true, roaming: false, metered: false]
09-02 11:15:04.357 22051  8264 I Icing   : Usage reports ok 16, Failed Usage reports 0, indexed 2, rejected 0
09-02 11:15:04.446  3979  4635 D ConnectivityService: filterNetworkStateForUid() uid: 10025 networkInfo: [type: WIFI[] - WIFI, state: CONNECTED/CONNECTED, reason: (unspecified), extra: "WiFi 69", failover: false, available: true, roaming: false, metered: false]
09-02 11:15:04.446  3979  4668 D ConnectivityService: filterNetworkStateForUid() uid: 10025 networkInfo: [type: WIFI[] - WIFI, state: CONNECTED/CONNECTED, reason: (unspecified), extra: "WiFi 69", failover: false, available: true, roaming: false, metered: false]
09-02 11:15:04.447  3979  4635 D ConnectivityService: filterNetworkStateForUid() uid: 10025 networkInfo: [type: WIFI[] - WIFI, state: CONNECTED/CONNECTED, reason: (unspecified), extra: "WiFi 69", failover: false, available: true, roaming: false, metered: false]
09-02 11:15:04.447  3979  4668 D ConnectivityService: filterNetworkStateForUid() uid: 10025 networkInfo: [type: WIFI[] - WIFI, state: CONNECTED/CONNECTED, reason: (unspecified), extra: "WiFi 69", failover: false, available: true, roaming: false, metered: false]
09-02 11:15:04.623  3979  4635 I chatty  : uid=1000(system) Binder:3979_7 expire 18 lines
09-02 11:15:04.832  3979  4668 D ConnectivityService: filterNetworkStateForUid() uid: 10025 networkInfo: [type: WIFI[] - WIFI, state: CONNECTED/CONNECTED, reason: (unspecified), extra: "WiFi 69", failover: false, available: true, roaming: false, metered: false]
09-02 11:15:04.832  3979  4635 D ConnectivityService: filterNetworkStateForUid() uid: 10025 networkInfo: [type: WIFI[] - WIFI, state: CONNECTED/CONNECTED, reason: (unspecified), extra: "WiFi 69", failover: false, available: true, roaming: false, metered: false]
09-02 11:15:04.833  3979  4668 D ConnectivityService: filterNetworkStateForUid() uid: 10025 networkInfo: [type: WIFI[] - WIFI, state: CONNECTED/CONNECTED, reason: (unspecified), extra: "WiFi 69", failover: false, available: true, roaming: false, metered: false]
09-02 11:15:04.833  3979  4635 D ConnectivityService: filterNetworkStateForUid() uid: 10025 networkInfo: [type: WIFI[] - WIFI, state: CONNECTED/CONNECTED, reason: (unspecified), extra: "WiFi 69", failover: false, available: true, roaming: false, metered: false]
09-02 11:15:04.836  3979  4668 D ConnectivityService: filterNetworkStateForUid() uid: 10025 networkInfo: [type: WIFI[] - WIFI, state: CONNECTED/CONNECTED, reason: (unspecified), extra: "WiFi 69", failover: false, available: true, roaming: false, metered: false]
09-02 11:15:04.865  3979  4668 I chatty  : uid=1000(system) Binder:3979_9 identical 6 lines
09-02 11:15:04.867  3979  4668 D ConnectivityService: filterNetworkStateForUid() uid: 10025 networkInfo: [type: WIFI[] - WIFI, state: CONNECTED/CONNECTED, reason: (unspecified), extra: "WiFi 69", failover: false, available: true, roaming: false, metered: false]
09-02 11:15:04.912  3979  4635 D ConnectivityService: filterNetworkStateForUid() uid: 10025 networkInfo: [type: WIFI[] - WIFI, state: CONNECTED/CONNECTED, reason: (unspecified), extra: "WiFi 69", failover: false, available: true, roaming: false, metered: false]
09-02 11:15:04.913  3979  4635 I chatty  : uid=1000(system) Binder:3979_7 identical 1 line
09-02 11:15:04.944  3979  4635 D ConnectivityService: filterNetworkStateForUid() uid: 10025 networkInfo: [type: WIFI[] - WIFI, state: CONNECTED/CONNECTED, reason: (unspecified), extra: "WiFi 69", failover: false, available: true, roaming: false, metered: false]
09-02 11:15:04.945  3979  4668 D ConnectivityService: filterNetworkStateForUid() uid: 10025 networkInfo: [type: WIFI[] - WIFI, state: CONNECTED/CONNECTED, reason: (unspecified), extra: "WiFi 69", failover: false, available: true, roaming: false, metered: false]
09-02 11:15:04.946  3979  4635 D ConnectivityService: filterNetworkStateForUid() uid: 10025 networkInfo: [type: WIFI[] - WIFI, state: CONNECTED/CONNECTED, reason: (unspecified), extra: "WiFi 69", failover: false, available: true, roaming: false, metered: false]
09-02 11:15:04.948  3979  4668 D ConnectivityService: filterNetworkStateForUid() uid: 10025 networkInfo: [type: WIFI[] - WIFI, state: CONNECTED/CONNECTED, reason: (unspecified), extra: "WiFi 69", failover: false, available: true, roaming: false, metered: false]
09-02 11:15:04.949  3979  4635 D ConnectivityService: filterNetworkStateForUid() uid: 10025 networkInfo: [type: WIFI[] - WIFI, state: CONNECTED/CONNECTED, reason: (unspecified), extra: "WiFi 69", failover: false, available: true, roaming: false, metered: false]
09-02 11:15:04.986  3979  4635 I chatty  : uid=1000(system) Binder:3979_7 identical 11 lines
09-02 11:15:05.026  3979  4668 D ConnectivityService: filterNetworkStateForUid() uid: 10025 networkInfo: [type: WIFI[] - WIFI, state: CONNECTED/CONNECTED, reason: (unspecified), extra: "WiFi 69", failover: false, available: true, roaming: false, metered: false]
09-02 11:15:05.026  3979  4635 D ConnectivityService: filterNetworkStateForUid() uid: 10025 networkInfo: [type: WIFI[] - WIFI, state: CONNECTED/CONNECTED, reason: (unspecified), extra: "WiFi 69", failover: false, available: true, roaming: false, metered: false]
09-02 11:15:05.027  3979  4668 D ConnectivityService: filterNetworkStateForUid() uid: 10025 networkInfo: [type: WIFI[] - WIFI, state: CONNECTED/CONNECTED, reason: (unspecified), extra: "WiFi 69", failover: false, available: true, roaming: false, metered: false]
09-02 11:15:05.027  3979  4635 D ConnectivityService: filterNetworkStateForUid() uid: 10025 networkInfo: [type: WIFI[] - WIFI, state: CONNECTED/CONNECTED, reason: (unspecified), extra: "WiFi 69", failover: false, available: true, roaming: false, metered: false]
09-02 11:15:05.030  3979  4668 D ConnectivityService: filterNetworkStateForUid() uid: 10025 networkInfo: [type: WIFI[] - WIFI, state: CONNECTED/CONNECTED, reason: (unspecified), extra: "WiFi 69", failover: false, available: true, roaming: false, metered: false]
09-02 11:15:05.064  3979  4668 I chatty  : uid=1000(system) Binder:3979_9 identical 10 lines
09-02 11:15:05.065  3979  4668 D ConnectivityService: filterNetworkStateForUid() uid: 10025 networkInfo: [type: WIFI[] - WIFI, state: CONNECTED/CONNECTED, reason: (unspecified), extra: "WiFi 69", failover: false, available: true, roaming: false, metered: false]
09-02 11:15:05.069 22388 22388 E cr_BTSPrefs: No data found for task id: 53
09-02 11:15:05.070 22388 22388 E cr_BkgrdTaskScheduler: Task cannot be canceled because no data was found instorage or data was invalid
09-02 11:15:05.114  3979  3989 D ConnectivityService: filterNetworkStateForUid() uid: 10025 networkInfo: [type: WIFI[] - WIFI, state: CONNECTED/CONNECTED, reason: (unspecified), extra: "WiFi 69", failover: false, available: true, roaming: false, metered: false]
09-02 11:15:05.115  3979  3989 D ConnectivityService: filterNetworkStateForUid() uid: 10025 networkInfo: [type: WIFI[] - WIFI, state: CONNECTED/CONNECTED, reason: (unspecified), extra: "WiFi 69", failover: false, available: true, roaming: false, metered: false]
09-02 11:15:05.115  3979  4635 D ConnectivityService: filterNetworkStateForUid() uid: 10025 networkInfo: [type: WIFI[] - WIFI, state: CONNECTED/CONNECTED, reason: (unspecified), extra: "WiFi 69", failover: false, available: true, roaming: false, metered: false]
09-02 11:15:05.120  3979  4635 I chatty  : uid=1000(system) Binder:3979_7 identical 2 lines
