09-02 10:45:55.069 11688 11688 I chatty  : uid=10158(u0_a158) identical 2 lines
09-02 10:45:55.069 11688 11688 W ResourceType: For resource 0x7f15071e, entry index(1822) is beyond type entryCount(281)
09-02 10:45:55.069 11688 11688 W ResourceType: For resource 0x7f150580, entry index(1408) is beyond type entryCount(281)
09-02 10:45:55.069 11688 11688 W ResourceType: For resource 0x7f15071e, entry index(1822) is beyond type entryCount(281)
09-02 10:45:55.069 11688 11688 W ResourceType: For resource 0x7f15017b, entry index(379) is beyond type entryCount(281)
09-02 10:45:55.070 11688 11688 W ResourceType: For resource 0x7f150283, entry index(643) is beyond type entryCount(281)
09-02 10:45:55.070 11688 11688 W ResourceType: For resource 0x7f1505a2, entry index(1442) is beyond type entryCount(281)
09-02 10:45:55.070 11688 11688 W ResourceType: For resource 0x7f1506f4, entry index(1780) is beyond type entryCount(281)
09-02 10:45:55.070 11688 11688 W ResourceType: For resource 0x7f150588, entry index(1416) is beyond type entryCount(281)
09-02 10:45:55.070 11688 11688 W ResourceType: For resource 0x7f15059f, entry index(1439) is beyond type entryCount(281)
09-02 10:45:55.070 11688 11688 W ResourceType: For resource 0x7f150649, entry index(1609) is beyond type entryCount(281)
09-02 10:45:55.070 11688 11688 W ResourceType: For resource 0x7f150442, entry index(1090) is beyond type entryCount(281)
09-02 10:45:55.070 11688 11688 W ResourceType: For resource 0x7f150718, entry index(1816) is beyond type entryCount(281)
09-02 10:45:55.070 11688 11688 W ResourceType: For resource 0x7f15017c, entry index(380) is beyond type entryCount(281)
09-02 10:45:55.070 11688 11688 W ResourceType: For resource 0x7f15059d, entry index(1437) is beyond type entryCount(281)
09-02 10:45:55.070 11688 11688 W ResourceType: For resource 0x7f15020a, entry index(522) is beyond type entryCount(281)
09-02 10:45:55.070 11688 11688 W ResourceType: For resource 0x7f150586, entry index(1414) is beyond type entryCount(281)
09-02 10:45:55.070 11688 11688 W ResourceType: For resource 0x7f15071c, entry index(1820) is beyond type entryCount(281)
09-02 10:45:55.070 11688 11688 W ResourceType: For resource 0x7f1502af, entry index(687) is beyond type entryCount(281)
09-02 10:45:55.070 11688 11688 W ResourceType: For resource 0x7f150274, entry index(628) is beyond type entryCount(281)
09-02 10:45:55.070 11688 11688 W ResourceType: For resource 0x7f150244, entry index(580) is beyond type entryCount(281)
09-02 10:45:55.070 11688 11688 W ResourceType: For resource 0x7f150274, entry index(628) is beyond type entryCount(281)
09-02 10:45:55.070 11688 11688 W ResourceType: For resource 0x7f150372, entry index(882) is beyond type entryCount(281)
09-02 10:45:55.070 11688 11688 W ResourceType: For resource 0x7f15035b, entry index(859) is beyond type entryCount(281)
09-02 10:45:55.070 11688 11688 W ResourceType: For resource 0x7f15035c, entry index(860) is beyond type entryCount(281)
09-02 10:45:55.070 11688 11688 W ResourceType: For resource 0x7f1502ad, entry index(685) is beyond type entryCount(281)
09-02 10:45:55.070 11688 11688 W ResourceType: For resource 0x7f150565, entry index(1381) is beyond type entryCount(281)
09-02 10:45:55.070 11688 11688 W ResourceType: For resource 0x7f150567, entry index(1383) is beyond type entryCount(281)
09-02 10:45:55.070 11688 11688 W ResourceType: For resource 0x7f150241, entry index(577) is beyond type entryCount(281)
09-02 10:45:55.071 11688 11688 I chatty  : uid=10158(u0_a158) identical 4 lines
09-02 10:45:55.071 11688 11688 W ResourceType: For resource 0x7f150241, entry index(577) is beyond type entryCount(281)
09-02 10:45:55.071 11688 11688 W ResourceType: For resource 0x7f1505bf, entry index(1471) is beyond type entryCount(281)
09-02 10:45:55.071 11688 11688 W ResourceType: For resource 0x7f150728, entry index(1832) is beyond type entryCount(281)
09-02 10:45:55.071 11688 11688 W ResourceType: For resource 0x7f1505bf, entry index(1471) is beyond type entryCount(281)
09-02 10:45:55.071 11688 11688 W ResourceType: For resource 0x7f150728, entry index(1832) is beyond type entryCount(281)
09-02 10:45:55.071 11688 11688 W ResourceType: For resource 0x7f150241, entry index(577) is beyond type entryCount(281)
09-02 10:45:55.071 11688 11688 W ResourceType: For resource 0x7f1505bf, entry index(1471) is beyond type entryCount(281)
09-02 10:45:55.071 11688 11688 W ResourceType: For resource 0x7f150728, entry index(1832) is beyond type entryCount(281)
09-02 10:45:55.071 11688 11688 W ResourceType: For resource 0x7f1505bf, entry index(1471) is beyond type entryCount(281)
09-02 10:45:55.071 11688 11688 W ResourceType: For resource 0x7f150728, entry index(1832) is beyond type entryCount(281)
09-02 10:45:55.071 11688 11688 W ResourceType: For resource 0x7f1505bf, entry index(1471) is beyond type entryCount(281)
09-02 10:45:55.071 11688 11688 W ResourceType: For resource 0x7f150728, entry index(1832) is beyond type entryCount(281)
09-02 10:45:55.071 11688 11688 W ResourceType: For resource 0x7f1505bf, entry index(1471) is beyond type entryCount(281)
09-02 10:45:55.071 11688 11688 W ResourceType: For resource 0x7f150728, entry index(1832) is beyond type entryCount(281)
09-02 10:45:55.071 11688 11688 W ResourceType: For resource 0x7f1505bf, entry index(1471) is beyond type entryCount(281)
09-02 10:45:55.071 11688 11688 W ResourceType: For resource 0x7f150728, entry index(1832) is beyond type entryCount(281)
09-02 10:45:55.071 11688 11688 W ResourceType: For resource 0x7f1505bf, entry index(1471) is beyond type entryCount(281)
09-02 10:45:55.071 11688 11688 W ResourceType: For resource 0x7f150728, entry index(1832) is beyond type entryCount(281)
09-02 10:45:55.072 11688 11688 W ResourceType: For resource 0x7f15050e, entry index(1294) is beyond type entryCount(281)
09-02 10:45:55.072 11688 11688 W ResourceType: For resource 0x7f15061f, entry index(1567) is beyond type entryCount(281)
09-02 10:45:55.072 11688 11688 W ResourceType: For resource 0x7f15061f, entry index(1567) is beyond type entryCount(281)
09-02 10:45:55.072 11688 11688 W ResourceType: For resource 0x7f15058c, entry index(1420) is beyond type entryCount(281)
09-02 10:45:55.072 11688 11688 W ResourceType: For resource 0x7f150590, entry index(1424) is beyond type entryCount(281)
09-02 10:45:55.072 11688 11688 W ResourceType: For resource 0x7f15058e, entry index(1422) is beyond type entryCount(281)
09-02 10:45:55.072 11688 11688 W ResourceType: For resource 0x7f1504c3, entry index(1219) is beyond type entryCount(281)
09-02 10:45:55.072 11688 11688 W ResourceType: For resource 0x7f15059e, entry index(1438) is beyond type entryCount(281)
09-02 10:45:55.072 11688 11688 W ResourceType: For resource 0x7f150282, entry index(642) is beyond type entryCount(281)
09-02 10:45:55.072 11688 11688 W ResourceType: For resource 0x7f1504c3, entry index(1219) is beyond type entryCount(281)
09-02 10:45:55.072 11688 11688 W ResourceType: For resource 0x7f150719, entry index(1817) is beyond type entryCount(281)
09-02 10:45:55.072 11688 11688 W ResourceType: For resource 0x7f150578, entry index(1400) is beyond type entryCount(281)
09-02 10:45:55.072 11688 11688 W ResourceType: For resource 0x7f150284, entry index(644) is beyond type entryCount(281)
09-02 10:45:55.072 11688 11688 W ResourceType: For resource 0x7f150579, entry index(1401) is beyond type entryCount(281)
09-02 10:45:55.072 11688 11688 W ResourceType: For resource 0x7f1505e7, entry index(1511) is beyond type entryCount(281)
09-02 10:45:55.072 11688 11688 W ResourceType: For resource 0x7f15071e, entry index(1822) is beyond type entryCount(281)
09-02 10:45:55.072 11688 11688 I chatty  : uid=10158(u0_a158) identical 2 lines
09-02 10:45:55.072 11688 11688 W ResourceType: For resource 0x7f15071e, entry index(1822) is beyond type entryCount(281)
09-02 10:45:55.072 11688 11688 W ResourceType: For resource 0x7f150580, entry index(1408) is beyond type entryCount(281)
09-02 10:45:55.072 11688 11688 W ResourceType: For resource 0x7f15071e, entry index(1822) is beyond type entryCount(281)
09-02 10:45:55.072 11688 11688 W ResourceType: For resource 0x7f15017b, entry index(379) is beyond type entryCount(281)
09-02 10:45:55.072 11688 11688 W ResourceType: For resource 0x7f150283, entry index(643) is beyond type entryCount(281)
09-02 10:45:55.072 11688 11688 W ResourceType: For resource 0x7f1505a2, entry index(1442) is beyond type entryCount(281)
09-02 10:45:55.072 11688 11688 W ResourceType: For resource 0x7f1506f4, entry index(1780) is beyond type entryCount(281)
09-02 10:45:55.072 11688 11688 W ResourceType: For resource 0x7f150588, entry index(1416) is beyond type entryCount(281)
09-02 10:45:55.072 11688 11688 W ResourceType: For resource 0x7f15059f, entry index(1439) is beyond type entryCount(281)
09-02 10:45:55.072 11688 11688 W ResourceType: For resource 0x7f150649, entry index(1609) is beyond type entryCount(281)
09-02 10:45:55.072 11688 11688 W ResourceType: For resource 0x7f150442, entry index(1090) is beyond type entryCount(281)
09-02 10:45:55.072 11688 11688 W ResourceType: For resource 0x7f150718, entry index(1816) is beyond type entryCount(281)
09-02 10:45:55.072 11688 11688 W ResourceType: For resource 0x7f15017c, entry index(380) is beyond type entryCount(281)
09-02 10:45:55.072 11688 11688 W ResourceType: For resource 0x7f15059d, entry index(1437) is beyond type entryCount(281)
09-02 10:45:55.072 11688 11688 W ResourceType: For resource 0x7f15020a, entry index(522) is beyond type entryCount(281)
09-02 10:45:55.072 11688 11688 W ResourceType: For resource 0x7f150586, entry index(1414) is beyond type entryCount(281)
09-02 10:45:55.072 11688 11688 W ResourceType: For resource 0x7f15071c, entry index(1820) is beyond type entryCount(281)
09-02 10:45:55.072 11688 11688 W ResourceType: For resource 0x7f1502af, entry index(687) is beyond type entryCount(281)
09-02 10:45:55.072 11688 11688 W ResourceType: For resource 0x7f150274, entry index(628) is beyond type entryCount(281)
09-02 10:45:55.072 11688 11688 W ResourceType: For resource 0x7f150244, entry index(580) is beyond type entryCount(281)
09-02 10:45:55.072 11688 11688 W ResourceType: For resource 0x7f150274, entry index(628) is beyond type entryCount(281)
09-02 10:45:55.072 11688 11688 W ResourceType: For resource 0x7f150372, entry index(882) is beyond type entryCount(281)
09-02 10:45:55.072 11688 11688 W ResourceType: For resource 0x7f15035b, entry index(859) is beyond type entryCount(281)
09-02 10:45:55.072 11688 11688 W ResourceType: For resource 0x7f15035c, entry index(860) is beyond type entryCount(281)
09-02 10:45:55.072 11688 11688 W ResourceType: For resource 0x7f1502ad, entry index(685) is beyond type entryCount(281)
09-02 10:45:55.072 11688 11688 W ResourceType: For resource 0x7f150565, entry index(1381) is beyond type entryCount(281)
09-02 10:45:55.072 11688 11688 W ResourceType: For resource 0x7f150567, entry index(1383) is beyond type entryCount(281)
09-02 10:45:55.073 11688 11688 W ResourceType: For resource 0x7f1505bd, entry index(1469) is beyond type entryCount(281)
09-02 10:45:55.073 11688 11688 I chatty  : uid=10158(u0_a158) identical 6 lines
09-02 10:45:55.073 11688 11688 W ResourceType: For resource 0x7f1505bd, entry index(1469) is beyond type entryCount(281)
09-02 10:45:55.075 10264 10280 I FontLog : Pulling font file for id = 522, cache size = 8 [CONTEXT service_id=132 ]
09-02 10:45:55.080  3979  3979 D PreBindingService: handleMessage : 1
09-02 10:45:55.081  3462  3462 I SurfaceFlinger: id=1086 createSurf (720x1280),4 flag=404, SurfaceView - com.opera.browser/com.opera.Opera@f2d4414@0#0
09-02 10:45:55.082  3462  3462 I SurfaceFlinger: id=1087 createSurf (720x1280),-1 flag=20404, Background for - SurfaceView - com.opera.browser/com.opera.Opera@f2d4414@0#0
09-02 10:45:55.083 11688 11688 D SurfaceView: BG show() Surface(name=Background for - SurfaceView - com.opera.browser/com.opera.Opera@f2d4414@0) android.view.SurfaceView{f2d4414 V.E...... ......ID 0,0-720,1280}
09-02 10:45:55.085  3979  9339 D ConnectivityService: filterNetworkStateForUid() uid: 10025 networkInfo: [type: WIFI[] - WIFI, state: CONNECTED/CONNECTED, reason: (unspecified), extra: "WiFi 69", failover: false, available: true, roaming: false, metered: false]
09-02 10:45:55.089  3449  3449 I android.hardware.wifi@1.0-service: getLinkLayerStats
09-02 10:45:55.089 11688 11688 V Surface : sf_framedrop debug : 0x4f4c, game : false, logging : 0
09-02 10:45:55.090 11688 11688 D SurfaceView: surfaceCreated 1 android.view.SurfaceView{f2d4414 V.E...... ......ID 0,0-720,1280}
09-02 10:45:55.090 11688 11688 D SurfaceView: surfaceChanged (720,1280) 1 android.view.SurfaceView{f2d4414 V.E...... ......ID 0,0-720,1280}
09-02 10:45:55.099 11688 11996 I zygote  : Deoptimizing boolean g87.m(long) due to JIT inline cache
09-02 10:45:55.118 11868 11891 V Surface : sf_framedrop debug : 0x4f4c, game : false, logging : 0
09-02 10:45:55.119 11868 11891 D mali_winsys: EGLint new_window_surface(egl_winsys_display *, void *, EGLSurface, EGLConfig, egl_winsys_surface **, egl_color_buffer_format *, EGLBoolean) returns 0x3000,  [720x1280]-format:1
09-02 10:45:55.119 11976 11976 W ResourceType: For resource 0x7f0c0068, entry index(104) is beyond type entryCount(100)
09-02 10:45:55.125  3979  9339 D ConnectivityService: filterNetworkStateForUid() uid: 10158 networkInfo: [type: WIFI[] - WIFI, state: CONNECTED/CONNECTED, reason: (unspecified), extra: "WiFi 69", failover: false, available: true, roaming: false, metered: false]
09-02 10:45:55.131  3979  9339 D PackageManager: setEnabledSetting : userId = 0 packageName = com.opera.browser cmp = com.opera.android.readlater.MigrationBroadcastReceiver newState = 2 callingPackage = 10158/com.opera.browser
09-02 10:45:55.137  3979  3994 D ConnectivityService: filterNetworkStateForUid() uid: 1000 networkInfo: [type: WIFI[] - WIFI, state: CONNECTED/CONNECTED, reason: (unspecified), extra: "WiFi 69", failover: false, available: true, roaming: false, metered: false]
09-02 10:45:55.151  3979  3994 D ConnectivityService: filterNetworkStateForUid() uid: 1000 networkInfo: [type: WIFI[] - WIFI, state: CONNECTED/CONNECTED, reason: (unspecified), extra: "WiFi 69", failover: false, available: true, roaming: false, metered: false]
09-02 10:45:55.153 11688 11688 I zygote  : Deoptimizing java.lang.Object gs4.a() due to JIT inline cache
09-02 10:45:55.155  3979  3994 D SyncManager: failed sync operation JobId: 109703, com.opera.browser u0 (com.opera.browser.ping), com.opera.browser.ping.provider, SERVER, reason: 10158, SyncResult: delayUntil: 1693651555 stats [ numIoExceptions: 1]
09-02 10:45:55.158  3979  3994 D ConnectivityService: filterNetworkStateForUid() uid: 10158 networkInfo: [type: WIFI[] - WIFI, state: CONNECTED/CONNECTED, reason: (unspecified), extra: "WiFi 69", failover: false, available: true, roaming: false, metered: false]
09-02 10:45:55.160  3979  3994 D SamsungAlarmManager: setInexact Listener (T:2/F:0/AC:false) 20230902T104626 - CU:1000/CP:3979
09-02 10:45:55.161  3979  3994 I SamsungAlarmManager: setLocked to kernel - T:2 / 20230902T104626, SetElapsed=89568130, nowELAPSED=89536593
09-02 10:45:55.164  3979  3994 I SamsungAlarmManager: setLocked to kernel - T:2 / 20230902T104633, SetElapsed=89575120, nowELAPSED=89536596
09-02 10:45:55.164  3979  3994 D SamsungAlarmManager: setInexact Listener (T:2/F:0/AC:false) 20230902T105215 - CU:1000/CP:3979
09-02 10:45:55.167  3979  3994 D SamsungAlarmManager: setInexact Listener (T:2/F:0/AC:false) 20230902T111206 - CU:1000/CP:3979
09-02 10:45:55.177 11688 11688 W ResourceType: For resource 0x7f15050e, entry index(1294) is beyond type entryCount(281)
09-02 10:45:55.177 11688 11688 W ResourceType: For resource 0x7f15061f, entry index(1567) is beyond type entryCount(281)
09-02 10:45:55.177 11688 11688 W ResourceType: For resource 0x7f15061f, entry index(1567) is beyond type entryCount(281)
09-02 10:45:55.177 11688 11688 W ResourceType: For resource 0x7f15058c, entry index(1420) is beyond type entryCount(281)
09-02 10:45:55.177 11688 11688 W ResourceType: For resource 0x7f150590, entry index(1424) is beyond type entryCount(281)
09-02 10:45:55.177 11688 11688 W ResourceType: For resource 0x7f15058e, entry index(1422) is beyond type entryCount(281)
09-02 10:45:55.177 11688 11688 W ResourceType: For resource 0x7f1504c3, entry index(1219) is beyond type entryCount(281)
09-02 10:45:55.177 11688 11688 W ResourceType: For resource 0x7f15059e, entry index(1438) is beyond type entryCount(281)
09-02 10:45:55.178 11688 11688 W ResourceType: For resource 0x7f150282, entry index(642) is beyond type entryCount(281)
09-02 10:45:55.178 11688 11688 W ResourceType: For resource 0x7f1504c3, entry index(1219) is beyond type entryCount(281)
09-02 10:45:55.178 11688 11688 W ResourceType: For resource 0x7f150719, entry index(1817) is beyond type entryCount(281)
09-02 10:45:55.178 11688 11688 W ResourceType: For resource 0x7f150578, entry index(1400) is beyond type entryCount(281)
09-02 10:45:55.178 11688 11688 W ResourceType: For resource 0x7f150284, entry index(644) is beyond type entryCount(281)
09-02 10:45:55.178 11688 11688 W ResourceType: For resource 0x7f150579, entry index(1401) is beyond type entryCount(281)
09-02 10:45:55.178 11688 11688 W ResourceType: For resource 0x7f1505e7, entry index(1511) is beyond type entryCount(281)
09-02 10:45:55.178 11688 11688 W ResourceType: For resource 0x7f15071e, entry index(1822) is beyond type entryCount(281)
09-02 10:45:55.178 11688 11688 I chatty  : uid=10158(u0_a158) identical 2 lines
09-02 10:45:55.178 11688 11688 W ResourceType: For resource 0x7f15071e, entry index(1822) is beyond type entryCount(281)
09-02 10:45:55.178 11688 11688 W ResourceType: For resource 0x7f150580, entry index(1408) is beyond type entryCount(281)
09-02 10:45:55.178 11688 11688 W ResourceType: For resource 0x7f15071e, entry index(1822) is beyond type entryCount(281)
09-02 10:45:55.178 11688 11688 W ResourceType: For resource 0x7f15017b, entry index(379) is beyond type entryCount(281)
09-02 10:45:55.178 11688 11688 W ResourceType: For resource 0x7f150283, entry index(643) is beyond type entryCount(281)
09-02 10:45:55.178 11688 11688 W ResourceType: For resource 0x7f1505a2, entry index(1442) is beyond type entryCount(281)
09-02 10:45:55.178 11688 11688 W ResourceType: For resource 0x7f1506f4, entry index(1780) is beyond type entryCount(281)
09-02 10:45:55.178 11688 11688 W ResourceType: For resource 0x7f150588, entry index(1416) is beyond type entryCount(281)
09-02 10:45:55.178 11688 11688 W ResourceType: For resource 0x7f15059f, entry index(1439) is beyond type entryCount(281)
09-02 10:45:55.178 11688 11688 W ResourceType: For resource 0x7f150649, entry index(1609) is beyond type entryCount(281)
09-02 10:45:55.178 11688 11688 W ResourceType: For resource 0x7f150442, entry index(1090) is beyond type entryCount(281)
09-02 10:45:55.178 11688 11688 W ResourceType: For resource 0x7f150718, entry index(1816) is beyond type entryCount(281)
09-02 10:45:55.178 11688 11688 W ResourceType: For resource 0x7f15017c, entry index(380) is beyond type entryCount(281)
09-02 10:45:55.178 11688 11688 W ResourceType: For resource 0x7f15059d, entry index(1437) is beyond type entryCount(281)
09-02 10:45:55.178 11688 11688 W ResourceType: For resource 0x7f15020a, entry index(522) is beyond type entryCount(281)
09-02 10:45:55.178 11688 11688 W ResourceType: For resource 0x7f150586, entry index(1414) is beyond type entryCount(281)
09-02 10:45:55.178 11688 11688 W ResourceType: For resource 0x7f15071c, entry index(1820) is beyond type entryCount(281)
09-02 10:45:55.178 11688 11688 W ResourceType: For resource 0x7f1502af, entry index(687) is beyond type entryCount(281)
09-02 10:45:55.178 11688 11688 W ResourceType: For resource 0x7f150274, entry index(628) is beyond type entryCount(281)
09-02 10:45:55.178 11688 11688 W ResourceType: For resource 0x7f150244, entry index(580) is beyond type entryCount(281)
09-02 10:45:55.178 11688 11688 W ResourceType: For resource 0x7f150274, entry index(628) is beyond type entryCount(281)
09-02 10:45:55.178 11688 11688 W ResourceType: For resource 0x7f150372, entry index(882) is beyond type entryCount(281)
09-02 10:45:55.178 11688 11688 W ResourceType: For resource 0x7f15035b, entry index(859) is beyond type entryCount(281)
09-02 10:45:55.178 11688 11688 W ResourceType: For resource 0x7f15035c, entry index(860) is beyond type entryCount(281)
09-02 10:45:55.178 11688 11688 W ResourceType: For resource 0x7f1502ad, entry index(685) is beyond type entryCount(281)
09-02 10:45:55.178 11688 11688 W ResourceType: For resource 0x7f150565, entry index(1381) is beyond type entryCount(281)
09-02 10:45:55.178 11688 11688 W ResourceType: For resource 0x7f150567, entry index(1383) is beyond type entryCount(281)
09-02 10:45:55.190  7505  7526 I Finsky  : [2053] ncc.l(14): com.opera.browser: Account determined from installer data - [U-iik75Til66Sqc4rcg2VQIPTcVEABCt30QhmAx4030]
09-02 10:45:55.191  3979  3994 D ConnectivityService: filterNetworkStateForUid() uid: 1000 networkInfo: [type: WIFI[] - WIFI, state: CONNECTED/CONNECTED, reason: (unspecified), extra: "WiFi 69", failover: false, available: true, roaming: false, metered: false]
09-02 10:45:55.191  7505  7526 I Finsky  : [2053] ncc.l(61): Billing preferred account via installer for com.opera.browser: [U-iik75Til66Sqc4rcg2VQIPTcVEABCt30QhmAx4030]
09-02 10:45:55.193  7505  7526 W Finsky  : [2053] hgm.i(10): Unsupported billing API version: 19
09-02 10:45:55.194  3979  5979 V WindowManager: Relayout Window{16d9acb u0 com.opera.browser/com.opera.Opera}: viewVisibility=0 req=720x1280 WM.LayoutParams{(0,0)(fillxfill) sim=#10 ty=1 fl=#89810100 pfl=0x20000 fmt=-3 wanim=0x10302fd vsysui=0x2700 sysuil=true needsMenuKey=2 colorMode=0 naviIconColor=0}
09-02 10:45:55.195  3979  3994 D ConnectivityService: filterNetworkStateForUid() uid: 10158 networkInfo: [type: WIFI[] - WIFI, state: CONNECTED/CONNECTED, reason: (unspecified), extra: "WiFi 69", failover: false, available: true, roaming: false, metered: false]
09-02 10:45:55.201  7505  7526 I Finsky  : [2053] ncc.l(14): com.opera.browser: Account determined from installer data - [U-iik75Til66Sqc4rcg2VQIPTcVEABCt30QhmAx4030]
09-02 10:45:55.202  7505  7526 I Finsky  : [2053] ncc.l(61): Billing preferred account via installer for com.opera.browser: [U-iik75Til66Sqc4rcg2VQIPTcVEABCt30QhmAx4030]
09-02 10:45:55.202 11688 11688 D ViewRootImpl@81f08a[Opera]: Relayout returned: old=[0,0][720,1280] new=[0,0][720,1280] result=0x1 surface={valid=true 3286452224} changed=false
09-02 10:45:55.204  7505  7526 W Finsky  : [2053] hgm.i(10): Unsupported billing API version: 18
09-02 10:45:55.204 11688 11688 W View    : requestLayout() improperly called by android.widget.FrameLayout{6a2041f VFE...C.. ......ID 236,999-713,1175 #7f0a01ca app:id/content} during layout: running second layout pass
09-02 10:45:55.204 11688 11688 I ViewRootImpl@81f08a[Opera]: requestLayout is already in process
09-02 10:45:55.207  7505  7526 I Finsky  : [2053] ncc.l(14): com.opera.browser: Account determined from installer data - [U-iik75Til66Sqc4rcg2VQIPTcVEABCt30QhmAx4030]
09-02 10:45:55.208  7505  7526 I Finsky  : [2053] ncc.l(61): Billing preferred account via installer for com.opera.browser: [U-iik75Til66Sqc4rcg2VQIPTcVEABCt30QhmAx4030]
09-02 10:45:55.210  3462  3462 I SurfaceFlinger: Display 0 HWC layers:
09-02 10:45:55.210  3462  3462 I SurfaceFlinger:     type    |    handle    | flag |  format   |   source crop (l,t,r,b)    |         frame       | name 
09-02 10:45:55.210  3462  3462 I SurfaceFlinger: ------------+--------------+------+-----------+----------------------------+---------------------+------
09-02 10:45:55.210  3462  3462 I SurfaceFlinger:      Device | 0x7ac4c243c0 | 0002 | RGBA_8888 |   0.0    0.0  720.0 1280.0 |    0    0  720 1280 | SurfaceView - com.opera.browser/com.opera.Opera@f2d4414@0#0
09-02 10:45:55.210  3462  3462 I SurfaceFlinger:      Device | 0x7ac4c255c0 | 0000 | RGBA_8888 |   0.0    0.0  720.0 1280.0 |    0    0  720 1280 | com.opera.browser/com.opera.Opera#0
09-02 10:45:55.210  3462  3462 I SurfaceFlinger:      Device | 0x7ac4c25140 | 0000 | RGBA_8888 |   0.0    0.0  720.0   42.0 |    0    0  720   42 | StatusBar#0
09-02 10:45:55.210  3462  3462 I SurfaceFlinger: 
09-02 10:45:55.215  7505  7526 I Finsky  : [2053] ncc.l(14): com.opera.browser: Account determined from installer data - [U-iik75Til66Sqc4rcg2VQIPTcVEABCt30QhmAx4030]
09-02 10:45:55.216  7505  7526 I Finsky  : [2053] ncc.l(61): Billing preferred account via installer for com.opera.browser: [U-iik75Til66Sqc4rcg2VQIPTcVEABCt30QhmAx4030]
09-02 10:45:55.219  7505  7526 W Finsky  : [2053] hgm.i(10): Unsupported billing API version: 19
09-02 10:45:55.228  7505  7526 I Finsky  : [2053] ncc.l(14): com.opera.browser: Account determined from installer data - [U-iik75Til66Sqc4rcg2VQIPTcVEABCt30QhmAx4030]
09-02 10:45:55.229  7505  7526 I Finsky  : [2053] ncc.l(61): Billing preferred account via installer for com.opera.browser: [U-iik75Til66Sqc4rcg2VQIPTcVEABCt30QhmAx4030]
09-02 10:45:55.231  7505  7526 W Finsky  : [2053] hgm.i(10): Unsupported billing API version: 18
09-02 10:45:55.236  7505  7526 I Finsky  : [2053] ncc.l(14): com.opera.browser: Account determined from installer data - [U-iik75Til66Sqc4rcg2VQIPTcVEABCt30QhmAx4030]
09-02 10:45:55.237  7505  7526 I Finsky  : [2053] ncc.l(61): Billing preferred account via installer for com.opera.browser: [U-iik75Til66Sqc4rcg2VQIPTcVEABCt30QhmAx4030]
09-02 10:45:55.246 10264 10280 I FontLog : Received query name=Google Sans&weight=700&besteffort=false, URI content://com.google.android.gms.fonts [CONTEXT service_id=132 ]
09-02 10:45:55.246 10264 10280 I FontLog : Query [name=Google Sans&weight=700&besteffort=false] resolved to {Google Sans, wdth 100.0, wght 700, ital 0.0, bestEffort false} [CONTEXT service_id=132 ]
09-02 10:45:55.249 10264 10280 I FontLog : Fetch {Google Sans, wdth 100.0, wght 700, ital 0.0, bestEffort false} end status Status{statusCode=SUCCESS, resolution=null} [CONTEXT service_id=132 ]
09-02 10:45:55.254  7505  7526 I Finsky  : [2053] ncc.l(14): com.opera.browser: Account determined from installer data - [U-iik75Til66Sqc4rcg2VQIPTcVEABCt30QhmAx4030]
09-02 10:45:55.255 10264 10280 I FontLog : Pulling font file for id = 523, cache size = 7 [CONTEXT service_id=132 ]
09-02 10:45:55.255  7505  7526 I Finsky  : [2053] ncc.l(61): Billing preferred account via installer for com.opera.browser: [U-iik75Til66Sqc4rcg2VQIPTcVEABCt30QhmAx4030]
09-02 10:45:55.263 10264 10280 I FontLog : Received query name=Noto Color Emoji Compat&weight=400&besteffort=false, URI content://com.google.android.gms.fonts [CONTEXT service_id=132 ]
09-02 10:45:55.264 10264 10280 I FontLog : Query [name=Noto Color Emoji Compat&weight=400&besteffort=false] resolved to {Noto Color Emoji Compat, wdth 100.0, wght 400, ital 0.0, bestEffort false} [CONTEXT service_id=132 ]
09-02 10:45:55.266 10264 10280 I FontLog : Fetch {Noto Color Emoji Compat, wdth 100.0, wght 400, ital 0.0, bestEffort false} end status Status{statusCode=SUCCESS, resolution=null} [CONTEXT service_id=132 ]
09-02 10:45:55.267 11688 11693 I zygote  : Do full code cache collection, code=246KB, data=213KB
09-02 10:45:55.268 11688 11693 I zygote  : After code cache collection, code=216KB, data=148KB
09-02 10:45:55.272 10264 10280 I FontLog : Pulling font file for id = 524, cache size = 8 [CONTEXT service_id=132 ]
09-02 10:45:55.279 10264 10280 I FontLog : Received query name=Google Sans&weight=400&besteffort=false, URI content://com.google.android.gms.fonts [CONTEXT service_id=132 ]
09-02 10:45:55.280 10264 10280 I FontLog : Query [name=Google Sans&weight=400&besteffort=false] resolved to {Google Sans, wdth 100.0, wght 400, ital 0.0, bestEffort false} [CONTEXT service_id=132 ]
09-02 10:45:55.281 10264 10280 I FontLog : Font PFD returned from cache for {Google Sans, wdth 100.0, wght 400, ital 0.0, bestEffort false} [CONTEXT service_id=132 ]
09-02 10:45:55.282 10264 10280 I FontLog : Fetch {Google Sans, wdth 100.0, wght 400, ital 0.0, bestEffort false} end status Status{statusCode=SUCCESS, resolution=null} [CONTEXT service_id=132 ]
09-02 10:45:55.287  3979  5979 D ConnectivityService: filterNetworkStateForUid() uid: 10158 networkInfo: [type: WIFI[] - WIFI, state: CONNECTED/CONNECTED, reason: (unspecified), extra: "WiFi 69", failover: false, available: true, roaming: false, metered: false]
09-02 10:45:55.288 10264 10280 I FontLog : Pulling font file for id = 525, cache size = 6 [CONTEXT service_id=132 ]
09-02 10:45:55.293 10264 10280 I FontLog : Received query name=Google Sans&weight=500&besteffort=false, URI content://com.google.android.gms.fonts [CONTEXT service_id=132 ]
09-02 10:45:55.294 10264 10280 I FontLog : Query [name=Google Sans&weight=500&besteffort=false] resolved to {Google Sans, wdth 100.0, wght 500, ital 0.0, bestEffort false} [CONTEXT service_id=132 ]
09-02 10:45:55.295 10264 10280 I FontLog : Font PFD returned from cache for {Google Sans, wdth 100.0, wght 500, ital 0.0, bestEffort false} [CONTEXT service_id=132 ]
09-02 10:45:55.296 10264 10280 I FontLog : Fetch {Google Sans, wdth 100.0, wght 500, ital 0.0, bestEffort false} end status Status{statusCode=SUCCESS, resolution=null} [CONTEXT service_id=132 ]
09-02 10:45:55.302 10264 10280 I FontLog : Pulling font file for id = 526, cache size = 7 [CONTEXT service_id=132 ]
09-02 10:45:55.327 11868 12018 W AudioCapabilities: Unsupported mime audio/mpeg-L1
09-02 10:45:55.327 11868 12018 W AudioCapabilities: Unsupported mime audio/mpeg-L2
09-02 10:45:55.330  3979  9339 D ConnectivityService: filterNetworkStateForUid() uid: 10158 networkInfo: [type: WIFI[] - WIFI, state: CONNECTED/CONNECTED, reason: (unspecified), extra: "WiFi 69", failover: false, available: true, roaming: false, metered: false]
09-02 10:45:55.332 11868 12018 W AudioCapabilities: Unsupported mime audio/x-ms-wma
09-02 10:45:55.336 11868 12018 W AudioCapabilities: Unsupported mime audio/x-ima
09-02 10:45:55.342  3614  3927 D DnsProxyListener: DNSDBG::dns addrinfo af 2
09-02 10:45:55.348 11868 12018 W VideoCapabilities: Unrecognized profile 2130706433 for video/avc
09-02 10:45:55.348 11868 12018 W VideoCapabilities: Unrecognized profile 2130706434 for video/avc
09-02 10:45:55.348 11688 11688 W ResourceType: For resource 0x7f150274, entry index(628) is beyond type entryCount(281)
09-02 10:45:55.348 11688 11688 W ResourceType: For resource 0x7f150274, entry index(628) is beyond type entryCount(281)
09-02 10:45:55.348 11688 11688 W ResourceType: For resource 0x7f1503d5, entry index(981) is beyond type entryCount(281)
09-02 10:45:55.348 11688 11688 W ResourceType: For resource 0x7f1503c0, entry index(960) is beyond type entryCount(281)
09-02 10:45:55.350 11868 12018 W VideoCapabilities: Unrecognized profile 2130706433 for video/avc
09-02 10:45:55.351 11868 12018 W VideoCapabilities: Unrecognized profile 2130706434 for video/avc
09-02 10:45:55.369 11868 12018 W VideoCapabilities: Unsupported mime video/wvc1
09-02 10:45:55.372 11868 12018 W VideoCapabilities: Unsupported mime video/x-ms-wmv
09-02 10:45:55.377 11868 12018 W VideoCapabilities: Unrecognized profile 2130706433 for video/avc
09-02 10:45:55.377 11868 12018 W VideoCapabilities: Unrecognized profile 2130706434 for video/avc
09-02 10:45:55.383 11868 12018 W VideoCapabilities: Unsupported mime video/avc-wfd
09-02 10:45:55.391 11688 11688 W ResourceType: For resource 0x7f150278, entry index(632) is beyond type entryCount(281)
09-02 10:45:55.392 11688 11688 W ResourceType: For resource 0x7f150278, entry index(632) is beyond type entryCount(281)
09-02 10:45:55.393 11688 11688 W ResourceType: For resource 0x7f15050e, entry index(1294) is beyond type entryCount(281)
09-02 10:45:55.393 11688 11688 W ResourceType: For resource 0x7f15061f, entry index(1567) is beyond type entryCount(281)
09-02 10:45:55.393 11688 11688 W ResourceType: For resource 0x7f15061f, entry index(1567) is beyond type entryCount(281)
09-02 10:45:55.393 11688 11688 W ResourceType: For resource 0x7f15058c, entry index(1420) is beyond type entryCount(281)
09-02 10:45:55.393 11688 11688 W ResourceType: For resource 0x7f150590, entry index(1424) is beyond type entryCount(281)
09-02 10:45:55.393 11688 11688 W ResourceType: For resource 0x7f15058e, entry index(1422) is beyond type entryCount(281)
09-02 10:45:55.393 11688 11688 W ResourceType: For resource 0x7f1504c3, entry index(1219) is beyond type entryCount(281)
09-02 10:45:55.393 11688 11688 W ResourceType: For resource 0x7f15059e, entry index(1438) is beyond type entryCount(281)
09-02 10:45:55.393 11688 11688 W ResourceType: For resource 0x7f150282, entry index(642) is beyond type entryCount(281)
09-02 10:45:55.393 11688 11688 W ResourceType: For resource 0x7f1504c3, entry index(1219) is beyond type entryCount(281)
09-02 10:45:55.393 11688 11688 W ResourceType: For resource 0x7f150719, entry index(1817) is beyond type entryCount(281)
09-02 10:45:55.393 11688 11688 W ResourceType: For resource 0x7f150578, entry index(1400) is beyond type entryCount(281)
09-02 10:45:55.393 11688 11688 W ResourceType: For resource 0x7f150284, entry index(644) is beyond type entryCount(281)
09-02 10:45:55.393 11688 11688 W ResourceType: For resource 0x7f150579, entry index(1401) is beyond type entryCount(281)
09-02 10:45:55.393 11688 11688 W ResourceType: For resource 0x7f1505e7, entry index(1511) is beyond type entryCount(281)
09-02 10:45:55.393 11688 11688 W ResourceType: For resource 0x7f15071e, entry index(1822) is beyond type entryCount(281)
09-02 10:45:55.393 11688 11688 I chatty  : uid=10158(u0_a158) identical 2 lines
09-02 10:45:55.393 11688 11688 W ResourceType: For resource 0x7f15071e, entry index(1822) is beyond type entryCount(281)
09-02 10:45:55.393 11688 11688 W ResourceType: For resource 0x7f150580, entry index(1408) is beyond type entryCount(281)
09-02 10:45:55.393 11688 11688 W ResourceType: For resource 0x7f15071e, entry index(1822) is beyond type entryCount(281)
09-02 10:45:55.393 11688 11688 W ResourceType: For resource 0x7f15017b, entry index(379) is beyond type entryCount(281)
09-02 10:45:55.393 11688 11688 W ResourceType: For resource 0x7f150283, entry index(643) is beyond type entryCount(281)
09-02 10:45:55.393 11688 11688 W ResourceType: For resource 0x7f1505a2, entry index(1442) is beyond type entryCount(281)
09-02 10:45:55.393 11688 11688 W ResourceType: For resource 0x7f1506f4, entry index(1780) is beyond type entryCount(281)
09-02 10:45:55.393 11688 11688 W ResourceType: For resource 0x7f150588, entry index(1416) is beyond type entryCount(281)
09-02 10:45:55.393 11688 11688 W ResourceType: For resource 0x7f15059f, entry index(1439) is beyond type entryCount(281)
09-02 10:45:55.393 11688 11688 W ResourceType: For resource 0x7f150649, entry index(1609) is beyond type entryCount(281)
09-02 10:45:55.393 11688 11688 W ResourceType: For resource 0x7f150442, entry index(1090) is beyond type entryCount(281)
09-02 10:45:55.393 11688 11688 W ResourceType: For resource 0x7f150718, entry index(1816) is beyond type entryCount(281)
09-02 10:45:55.393 11688 11688 W ResourceType: For resource 0x7f15017c, entry index(380) is beyond type entryCount(281)
09-02 10:45:55.393 11688 11688 W ResourceType: For resource 0x7f15059d, entry index(1437) is beyond type entryCount(281)
09-02 10:45:55.393 11688 11688 W ResourceType: For resource 0x7f15020a, entry index(522) is beyond type entryCount(281)
09-02 10:45:55.393 11688 11688 W ResourceType: For resource 0x7f150586, entry index(1414) is beyond type entryCount(281)
09-02 10:45:55.393 11688 11688 W ResourceType: For resource 0x7f15071c, entry index(1820) is beyond type entryCount(281)
09-02 10:45:55.393 11688 11688 W ResourceType: For resource 0x7f1502af, entry index(687) is beyond type entryCount(281)
09-02 10:45:55.393 11688 11688 W ResourceType: For resource 0x7f150274, entry index(628) is beyond type entryCount(281)
09-02 10:45:55.393 11688 11688 W ResourceType: For resource 0x7f150244, entry index(580) is beyond type entryCount(281)
09-02 10:45:55.393 11688 11688 W ResourceType: For resource 0x7f150274, entry index(628) is beyond type entryCount(281)
09-02 10:45:55.393 11688 11688 W ResourceType: For resource 0x7f150372, entry index(882) is beyond type entryCount(281)
09-02 10:45:55.393 11688 11688 W ResourceType: For resource 0x7f15035b, entry index(859) is beyond type entryCount(281)
09-02 10:45:55.393 11688 11688 W ResourceType: For resource 0x7f15035c, entry index(860) is beyond type entryCount(281)
09-02 10:45:55.393 11688 11688 W ResourceType: For resource 0x7f1502ad, entry index(685) is beyond type entryCount(281)
09-02 10:45:55.393 11688 11688 W ResourceType: For resource 0x7f150565, entry index(1381) is beyond type entryCount(281)
09-02 10:45:55.393 11688 11688 W ResourceType: For resource 0x7f150567, entry index(1383) is beyond type entryCount(281)
09-02 10:45:55.393 11688 11688 W ResourceType: For resource 0x7f150278, entry index(632) is beyond type entryCount(281)
09-02 10:45:55.394 11688 11688 I chatty  : uid=10158(u0_a158) identical 3 lines
09-02 10:45:55.394 11688 11688 W ResourceType: For resource 0x7f150278, entry index(632) is beyond type entryCount(281)
09-02 10:45:55.395 11688 11688 W ResourceType: For resource 0x7f150728, entry index(1832) is beyond type entryCount(281)
09-02 10:45:55.395 11688 11688 I chatty  : uid=10158(u0_a158) identical 6 lines
09-02 10:45:55.395 11688 11688 W ResourceType: For resource 0x7f150728, entry index(1832) is beyond type entryCount(281)
09-02 10:45:55.402 11688 11688 W ResourceType: For resource 0x7f1506f1, entry index(1777) is beyond type entryCount(281)
09-02 10:45:55.402 11688 11688 W ResourceType: For resource 0x7f1505fc, entry index(1532) is beyond type entryCount(281)
09-02 10:45:55.402 11688 11688 W ResourceType: For resource 0x7f150141, entry index(321) is beyond type entryCount(281)
09-02 10:45:55.402 11688 11688 W ResourceType: For resource 0x7f150153, entry index(339) is beyond type entryCount(281)
09-02 10:45:55.402 11688 11688 W ResourceType: For resource 0x7f1504f8, entry index(1272) is beyond type entryCount(281)
09-02 10:45:55.402 11688 11688 W ResourceType: For resource 0x7f1504f8, entry index(1272) is beyond type entryCount(281)
09-02 10:45:55.403 11688 11688 W ResourceType: For resource 0x7f150264, entry index(612) is beyond type entryCount(281)
09-02 10:45:55.403 11688 11688 W ResourceType: For resource 0x7f150264, entry index(612) is beyond type entryCount(281)
09-02 10:45:55.403 11688 11688 W ResourceType: For resource 0x7f1503cd, entry index(973) is beyond type entryCount(281)
09-02 10:45:55.403 11688 11688 W ResourceType: For resource 0x7f1503bc, entry index(956) is beyond type entryCount(281)
09-02 10:45:55.403 11688 11688 W ResourceType: For resource 0x7f150348, entry index(840) is beyond type entryCount(281)
09-02 10:45:55.404 11688 11688 W ResourceType: For resource 0x7f150264, entry index(612) is beyond type entryCount(281)
09-02 10:45:55.405 11688 11688 W ResourceType: For resource 0x7f15050e, entry index(1294) is beyond type entryCount(281)
09-02 10:45:55.405 11688 11688 W ResourceType: For resource 0x7f15061f, entry index(1567) is beyond type entryCount(281)
09-02 10:45:55.405 11688 11688 W ResourceType: For resource 0x7f15061f, entry index(1567) is beyond type entryCount(281)
09-02 10:45:55.405 11688 11688 W ResourceType: For resource 0x7f15058c, entry index(1420) is beyond type entryCount(281)
09-02 10:45:55.405 11688 11688 W ResourceType: For resource 0x7f150590, entry index(1424) is beyond type entryCount(281)
09-02 10:45:55.405 11688 11688 W ResourceType: For resource 0x7f15058e, entry index(1422) is beyond type entryCount(281)
09-02 10:45:55.405 11688 11688 W ResourceType: For resource 0x7f1504c3, entry index(1219) is beyond type entryCount(281)
09-02 10:45:55.405 11688 11688 W ResourceType: For resource 0x7f15059e, entry index(1438) is beyond type entryCount(281)
09-02 10:45:55.405 11688 11688 W ResourceType: For resource 0x7f150282, entry index(642) is beyond type entryCount(281)
09-02 10:45:55.405 11688 11688 W ResourceType: For resource 0x7f1504c3, entry index(1219) is beyond type entryCount(281)
09-02 10:45:55.405 11688 11688 W ResourceType: For resource 0x7f150719, entry index(1817) is beyond type entryCount(281)
09-02 10:45:55.405 11688 11688 W ResourceType: For resource 0x7f150578, entry index(1400) is beyond type entryCount(281)
09-02 10:45:55.405 11688 11688 W ResourceType: For resource 0x7f150284, entry index(644) is beyond type entryCount(281)
09-02 10:45:55.405 11688 11688 W ResourceType: For resource 0x7f150579, entry index(1401) is beyond type entryCount(281)
09-02 10:45:55.405 11688 11688 W ResourceType: For resource 0x7f1505e7, entry index(1511) is beyond type entryCount(281)
09-02 10:45:55.405 11688 11688 W ResourceType: For resource 0x7f15071e, entry index(1822) is beyond type entryCount(281)
09-02 10:45:55.405 11688 11688 I chatty  : uid=10158(u0_a158) identical 2 lines
09-02 10:45:55.405 11688 11688 W ResourceType: For resource 0x7f15071e, entry index(1822) is beyond type entryCount(281)
09-02 10:45:55.405 11688 11688 W ResourceType: For resource 0x7f150580, entry index(1408) is beyond type entryCount(281)
09-02 10:45:55.405 11688 11688 W ResourceType: For resource 0x7f15071e, entry index(1822) is beyond type entryCount(281)
09-02 10:45:55.405 11688 11688 W ResourceType: For resource 0x7f15017b, entry index(379) is beyond type entryCount(281)
09-02 10:45:55.405 11688 11688 W ResourceType: For resource 0x7f150283, entry index(643) is beyond type entryCount(281)
09-02 10:45:55.405 11688 11688 W ResourceType: For resource 0x7f1505a2, entry index(1442) is beyond type entryCount(281)
09-02 10:45:55.405 11688 11688 W ResourceType: For resource 0x7f1506f4, entry index(1780) is beyond type entryCount(281)
09-02 10:45:55.405 11688 11688 W ResourceType: For resource 0x7f150588, entry index(1416) is beyond type entryCount(281)
09-02 10:45:55.405 11688 11688 W ResourceType: For resource 0x7f15059f, entry index(1439) is beyond type entryCount(281)
09-02 10:45:55.405 11688 11688 W ResourceType: For resource 0x7f150649, entry index(1609) is beyond type entryCount(281)
09-02 10:45:55.405 11688 11688 W ResourceType: For resource 0x7f150442, entry index(1090) is beyond type entryCount(281)
09-02 10:45:55.405 11688 11688 W ResourceType: For resource 0x7f150718, entry index(1816) is beyond type entryCount(281)
09-02 10:45:55.405 11688 11688 W ResourceType: For resource 0x7f15017c, entry index(380) is beyond type entryCount(281)
09-02 10:45:55.405 11688 11688 W ResourceType: For resource 0x7f15059d, entry index(1437) is beyond type entryCount(281)
09-02 10:45:55.406 11688 11688 W ResourceType: For resource 0x7f15020a, entry index(522) is beyond type entryCount(281)
09-02 10:45:55.406 11688 11688 W ResourceType: For resource 0x7f150586, entry index(1414) is beyond type entryCount(281)
09-02 10:45:55.406 11688 11688 W ResourceType: For resource 0x7f15071c, entry index(1820) is beyond type entryCount(281)
09-02 10:45:55.406 11688 11688 W ResourceType: For resource 0x7f1502af, entry index(687) is beyond type entryCount(281)
09-02 10:45:55.406 11688 11688 W ResourceType: For resource 0x7f150274, entry index(628) is beyond type entryCount(281)
09-02 10:45:55.406 11688 11688 W ResourceType: For resource 0x7f150244, entry index(580) is beyond type entryCount(281)
09-02 10:45:55.406 11688 11688 W ResourceType: For resource 0x7f150274, entry index(628) is beyond type entryCount(281)
09-02 10:45:55.406 11688 11688 W ResourceType: For resource 0x7f150372, entry index(882) is beyond type entryCount(281)
09-02 10:45:55.406 11688 11688 W ResourceType: For resource 0x7f15035b, entry index(859) is beyond type entryCount(281)
09-02 10:45:55.406 11688 11688 W ResourceType: For resource 0x7f15035c, entry index(860) is beyond type entryCount(281)
09-02 10:45:55.406 11688 11688 W ResourceType: For resource 0x7f1502ad, entry index(685) is beyond type entryCount(281)
09-02 10:45:55.406 11688 11688 W ResourceType: For resource 0x7f150565, entry index(1381) is beyond type entryCount(281)
09-02 10:45:55.406 11688 11688 W ResourceType: For resource 0x7f150567, entry index(1383) is beyond type entryCount(281)
09-02 10:45:55.406 11688 11688 W ResourceType: For resource 0x7f150264, entry index(612) is beyond type entryCount(281)
09-02 10:45:55.406 11688 11688 I chatty  : uid=10158(u0_a158) identical 1 line
09-02 10:45:55.407 11688 11688 W ResourceType: For resource 0x7f150264, entry index(612) is beyond type entryCount(281)
09-02 10:45:55.409 11688 11688 W ResourceType: For resource 0x7f150314, entry index(788) is beyond type entryCount(281)
09-02 10:45:55.409 11688 11688 W ResourceType: For resource 0x7f150314, entry index(788) is beyond type entryCount(281)
09-02 10:45:55.409 11688 11688 W ResourceType: For resource 0x7f15030d, entry index(781) is beyond type entryCount(281)
09-02 10:45:55.411 11688 11688 W ResourceType: For resource 0x7f150264, entry index(612) is beyond type entryCount(281)
09-02 10:45:55.411 11688 11688 I chatty  : uid=10158(u0_a158) identical 1 line
09-02 10:45:55.411 11688 11688 W ResourceType: For resource 0x7f150264, entry index(612) is beyond type entryCount(281)
09-02 10:45:55.412 11688 11688 W ResourceType: For resource 0x7f150314, entry index(788) is beyond type entryCount(281)
09-02 10:45:55.420 11688 11688 W ResourceType: For resource 0x7f150264, entry index(612) is beyond type entryCount(281)
09-02 10:45:55.420 11688 11688 I chatty  : uid=10158(u0_a158) identical 1 line
09-02 10:45:55.420 11688 11688 W ResourceType: For resource 0x7f150264, entry index(612) is beyond type entryCount(281)
09-02 10:45:55.420 11688 11688 W ResourceType: For resource 0x7f150314, entry index(788) is beyond type entryCount(281)
09-02 10:45:55.421 11688 11688 W ResourceType: For resource 0x7f150264, entry index(612) is beyond type entryCount(281)
09-02 10:45:55.421 11688 11688 I chatty  : uid=10158(u0_a158) identical 1 line
09-02 10:45:55.421 11688 11688 W ResourceType: For resource 0x7f150264, entry index(612) is beyond type entryCount(281)
09-02 10:45:55.421 11688 11688 W ResourceType: For resource 0x7f150314, entry index(788) is beyond type entryCount(281)
09-02 10:45:55.423 11688 11688 I zygote  : Deoptimizing int jc0.e(op9, int, int[]) due to JIT same target
09-02 10:45:55.423 11688 11688 W ResourceType: For resource 0x7f1506f1, entry index(1777) is beyond type entryCount(281)
09-02 10:45:55.423 11868 12018 I VideoCapabilities: Unsupported profile 4 for video/mp4v-es
09-02 10:45:55.426 11688 11688 W ResourceType: For resource 0x7f1506f1, entry index(1777) is beyond type entryCount(281)
09-02 10:45:55.426 11688 11688 I chatty  : uid=10158(u0_a158) identical 1 line
09-02 10:45:55.427 11688 11688 W ResourceType: For resource 0x7f1506f1, entry index(1777) is beyond type entryCount(281)
09-02 10:45:55.427 11688 11688 W ResourceType: For resource 0x7f150264, entry index(612) is beyond type entryCount(281)
09-02 10:45:55.427 11688 11688 W ResourceType: For resource 0x7f1506f1, entry index(1777) is beyond type entryCount(281)
09-02 10:45:55.429 11688 11688 I chatty  : uid=10158(u0_a158) identical 11 lines
09-02 10:45:55.429 11688 11688 W ResourceType: For resource 0x7f1506f1, entry index(1777) is beyond type entryCount(281)
09-02 10:45:55.451 11688 11688 W ResourceType: For resource 0x7f1504f8, entry index(1272) is beyond type entryCount(281)
09-02 10:45:55.452 11688 11688 W ResourceType: For resource 0x7f150264, entry index(612) is beyond type entryCount(281)
09-02 10:45:55.452 11688 11688 W ResourceType: For resource 0x7f150264, entry index(612) is beyond type entryCount(281)
09-02 10:45:55.453 11688 11688 W ResourceType: For resource 0x7f15050e, entry index(1294) is beyond type entryCount(281)
09-02 10:45:55.453 11688 11688 W ResourceType: For resource 0x7f15061f, entry index(1567) is beyond type entryCount(281)
09-02 10:45:55.453 11688 11688 W ResourceType: For resource 0x7f15061f, entry index(1567) is beyond type entryCount(281)
09-02 10:45:55.453 11688 11688 W ResourceType: For resource 0x7f15058c, entry index(1420) is beyond type entryCount(281)
09-02 10:45:55.453 11688 11688 W ResourceType: For resource 0x7f150590, entry index(1424) is beyond type entryCount(281)
09-02 10:45:55.453 11688 11688 W ResourceType: For resource 0x7f15058e, entry index(1422) is beyond type entryCount(281)
09-02 10:45:55.453 11688 11688 W ResourceType: For resource 0x7f1504c3, entry index(1219) is beyond type entryCount(281)
09-02 10:45:55.453 11688 11688 W ResourceType: For resource 0x7f15059e, entry index(1438) is beyond type entryCount(281)
09-02 10:45:55.453 11688 11688 W ResourceType: For resource 0x7f150282, entry index(642) is beyond type entryCount(281)
09-02 10:45:55.453 11688 11688 W ResourceType: For resource 0x7f1504c3, entry index(1219) is beyond type entryCount(281)
09-02 10:45:55.453 11688 11688 W ResourceType: For resource 0x7f150719, entry index(1817) is beyond type entryCount(281)
09-02 10:45:55.453 11688 11688 W ResourceType: For resource 0x7f150578, entry index(1400) is beyond type entryCount(281)
09-02 10:45:55.453 11688 11688 W ResourceType: For resource 0x7f150284, entry index(644) is beyond type entryCount(281)
09-02 10:45:55.453 11688 11688 W ResourceType: For resource 0x7f150579, entry index(1401) is beyond type entryCount(281)
09-02 10:45:55.453 11688 11688 W ResourceType: For resource 0x7f1505e7, entry index(1511) is beyond type entryCount(281)
09-02 10:45:55.453 11688 11688 W ResourceType: For resource 0x7f15071e, entry index(1822) is beyond type entryCount(281)
09-02 10:45:55.453 11688 11688 I chatty  : uid=10158(u0_a158) identical 2 lines
09-02 10:45:55.453 11688 11688 W ResourceType: For resource 0x7f15071e, entry index(1822) is beyond type entryCount(281)
09-02 10:45:55.453 11688 11688 W ResourceType: For resource 0x7f150580, entry index(1408) is beyond type entryCount(281)
