09-02 19:23:26.107  3979  4111 D SemDisplaySolutionManagerService: uid : 1000 , pid : 3979 , name : hdr_effect_off
09-02 19:23:26.107  3979  4111 D SemDisplaySolutionManagerService: where : application what : DEFAULT setScreenBrightnessScaleFactor(-1.0)
09-02 19:23:26.107  3979  4111 D PowerManagerService: [api] setScreenBrightnessScaleFactor: scaleFactor: -1.0 (uid: 1000 pid: 3979)
09-02 19:23:26.107  3979  4111 D SemDisplaySolutionManagerService: setMultipleScreenBrightness , application, DEFAULT, -1.0
09-02 19:23:26.107  3979  4111 V MdnieScenarioControlService: Calling SemDisplaySolutionManager API(setMultipleScreenBrightness(0)
09-02 19:23:26.108  3603 12535 V APM_AudioPolicyManager: setAudioPolicyConfig: audioEffectParam;audioHDR=0;packageName=com.example.batterymanager_utility
09-02 19:23:26.111  3979  4111 I AudioService: audioEffectParam;audioHDR=0;packageName=com.example.batterymanager_utility
09-02 19:23:26.111  3979  4111 V MdnieScenarioControlService: setUIMode from UI function
09-02 19:23:26.278  3462  3462 I SurfaceFlinger: Display 0 HWC layers:
09-02 19:23:26.278  3462  3462 I SurfaceFlinger:     type    |    handle    | flag |  format   |   source crop (l,t,r,b)    |         frame       | name 
09-02 19:23:26.278  3462  3462 I SurfaceFlinger: ------------+--------------+------+-----------+----------------------------+---------------------+------
09-02 19:23:26.278  3462  3462 I SurfaceFlinger:      Device | 0x7ac4c24a80 | 0002 | RGBA_8888 |   0.0    0.0  720.0 1280.0 |    0    0  720 1280 | com.example.batterymanager_utility/c[...]atterymanager_utility.MainActivity#0
09-02 19:23:26.278  3462  3462 I SurfaceFlinger:      Device | 0x7abe64bd40 | 0000 | RGBA_8888 |   0.0    0.0  720.0   42.0 |    0    0  720   42 | StatusBar#0
09-02 19:23:26.278  3462  3462 I SurfaceFlinger: 
09-02 19:23:26.309  3979  4046 I WindowManager: Destroying surface Surface(name=com.example.batterymanager_utility/com.example.batterymanager_utility.MainActivity_dim) called by com.android.server.wm.WindowStateAnimator.destroyTransitionDimSurface:2733 com.android.server.wm.WindowState.onExitAnimationDone:5260 com.android.server.wm.AppWindowAnimator.stepAnimationLocked:508 com.android.server.wm.AppWindowToken.stepAppWindowsAnimation:1659 com.android.server.wm.WindowContainer.stepAppWindowsAnimation:521 com.android.server.wm.WindowContainer.stepAppWindowsAnimation:521 com.android.server.wm.TaskStack.stepAppWindowsAnimation:1948 com.android.server.wm.WindowContainer.stepAppWindowsAnimation:521 
09-02 19:23:26.309  3462  3502 I SurfaceFlinger: id=4157 Removed com.example.batterymanager_utility/com.example.batterymanager_utility.MainActivity_dim#0 (1/5)
09-02 19:23:26.309  3462  3502 I SurfaceFlinger: id=4157 Removed com.example.batterymanager_utility/com.example.batterymanager_utility.MainActivity_dim#0 (-2/5)
09-02 19:23:26.312  3979  4004 D CustomFrequencyManagerService: releaseDVFSLockLocked : Getting Lock type frm List : DVFS_MIN_LIMIT  frequency : 1560000  uid : 1000  pid : 3979  tag : AMS_ACT_RESUME@CPU_MIN@70
09-02 19:23:26.313  3979  4004 D ActivityManagerPerformance: AMP_release() ACT_RESUME
09-02 19:23:26.325  3462  3462 I Layer   : id=4157 onRemoved com.example.batterymanager_utility/com.example.batterymanager_utility.MainActivity_dim#0 
09-02 19:23:26.500 22051 22051 D BoundBrokerSvc: onUnbind: Intent { act=com.google.android.gms.feedback.internal.IFeedbackService dat=chimera-action: cmp=com.google.android.gms/.chimera.GmsBoundBrokerService }
09-02 19:23:27.024  7881  4225 E fb4a.msys: E[N data-request]_HandleDataResponse(1782)=>Data request error for task b29d8d36-6f1f-404e-8bcd-d00858e62a69 (response type 1): (null)
09-02 19:23:27.027  7881  4229 E fb4a.msys: E[S task_queue_handling]MCDLightSpeedTaskExecutorNetworkCompletionCallback(1017)=>Handling send error for taskId=6 batchSize=1 queue=secure_message_over_wa_generate_cat
09-02 19:23:27.028  7881  4229 E fb4a.msys: E[S task_queue_handling]MCDLightSpeedTaskExecutorNetworkCompletionCallback(1071)=>Error content with 18 bytes: Error Domain=com.facebook.http.error Code=401 UserInfo=0xc7b5af00 {MCFErrorDirectLocalizedDescriptionKey=Client error}
09-02 19:23:27.033  7881 24728 E fb4a.T157805820: TigonMhrLogger::logRequestIfNeeded
09-02 19:23:27.033  7881 24728 E fb4a.T157805820: TigonWifiInfoLogger::init
09-02 19:23:27.034  7881 24728 E fb4a.T157805820: TigonMhrFbcLogger::logRequestIfNeeded
09-02 19:23:27.034  7881 24728 E fb4a.T157805820: TigonCellTowerInfoLogger::logRequestIfNeeded
09-02 19:23:27.034  7881 24728 E fb4a.T157805820: TigonCertificateVerificationLogger::logRequestIfNeeded
09-02 19:23:27.035  7881 24728 E fb4a.T157805820: TigonTransientAnalysisLogger::logRequestIfNeeded
09-02 19:23:27.035  7881 24728 E fb4a.T157805820: TigonProviderConnectionDeviceInfoLogger::logRequestIfNeeded
09-02 19:23:27.035  7881 24728 E fb4a.T157805820: TigonCellTowerInfoPapayaLogger::logRequestIfNeeded
09-02 19:23:27.035  7881 24728 E fb4a.T157805820: NetworkUtilisationLogger::logRequestIfNeeded
09-02 19:23:27.201  7881 23989 E fb4a.T157805820: TigonMhrLogger::logRequestIfNeeded
09-02 19:23:27.201  7881 23989 E fb4a.T157805820: TigonWifiInfoLogger::init
09-02 19:23:27.201  7881  4225 E fb4a.msys: E[N data-request]_HandleDataResponse(1782)=>Data request error for task c47eb176-9078-40f5-aa80-9fb4eabb12a9 (response type 1): (null)
09-02 19:23:27.201  7881 23989 E fb4a.T157805820: TigonMhrFbcLogger::logRequestIfNeeded
09-02 19:23:27.201  7881 23989 E fb4a.T157805820: TigonCellTowerInfoLogger::logRequestIfNeeded
09-02 19:23:27.202  7881 23989 E fb4a.T157805820: TigonCertificateVerificationLogger::logRequestIfNeeded
09-02 19:23:27.202  7881 23989 E fb4a.T157805820: TigonTransientAnalysisLogger::logRequestIfNeeded
09-02 19:23:27.202  7881 23989 E fb4a.T157805820: TigonProviderConnectionDeviceInfoLogger::logRequestIfNeeded
09-02 19:23:27.202  7881 23989 E fb4a.T157805820: TigonCellTowerInfoPapayaLogger::logRequestIfNeeded
09-02 19:23:27.202  7881 23989 E fb4a.T157805820: NetworkUtilisationLogger::logRequestIfNeeded
09-02 19:23:27.203  7881  4229 E fb4a.msys: E[S task_queue_handling]MCDLightSpeedTaskExecutorNetworkCompletionCallback(1017)=>Handling send error for taskId=6 batchSize=1 queue=secure_message_over_wa_generate_cat
09-02 19:23:27.205  7881  4229 E fb4a.msys: E[S task_queue_handling]MCDLightSpeedTaskExecutorNetworkCompletionCallback(1071)=>Error content with 18 bytes: Error Domain=com.facebook.http.error Code=401 UserInfo=0xc7b4c100 {MCFErrorDirectLocalizedDescriptionKey=Client error}
09-02 19:23:27.489  3449  3449 I android.hardware.wifi@1.0-service: getLinkLayerStats
09-02 19:23:27.771  3979  3979 D PreBindingService: handleMessage : 1
09-02 19:23:28.351  4962  4962 D io_stats: !@ 179,0 r 822033 24352184 w 664758 13440860 d 71983 21088628 f 156211 159992 iot 755684 636365 th 51200 0 0 pt 0 inp 0 0 65941.594
09-02 19:23:28.400  7881 24727 E fb4a.T157805820: TigonMhrLogger::logRequestIfNeeded
09-02 19:23:28.401  7881 24727 E fb4a.T157805820: TigonWifiInfoLogger::init
09-02 19:23:28.401  7881  4225 E fb4a.msys: E[N data-request]_HandleDataResponse(1782)=>Data request error for task bb2418fb-7d3d-4cec-b787-35a0a9263e18 (response type 1): (null)
09-02 19:23:28.401  7881 24727 E fb4a.T157805820: TigonMhrFbcLogger::logRequestIfNeeded
09-02 19:23:28.401  7881 24727 E fb4a.T157805820: TigonCellTowerInfoLogger::logRequestIfNeeded
09-02 19:23:28.402  7881 24727 E fb4a.T157805820: TigonCertificateVerificationLogger::logRequestIfNeeded
09-02 19:23:28.402  7881 24727 E fb4a.T157805820: TigonTransientAnalysisLogger::logRequestIfNeeded
09-02 19:23:28.402  7881 24727 E fb4a.T157805820: TigonProviderConnectionDeviceInfoLogger::logRequestIfNeeded
09-02 19:23:28.402  7881 24727 E fb4a.T157805820: TigonCellTowerInfoPapayaLogger::logRequestIfNeeded
09-02 19:23:28.403  7881 24727 E fb4a.T157805820: NetworkUtilisationLogger::logRequestIfNeeded
09-02 19:23:28.404  7881  4229 E fb4a.msys: E[S task_queue_handling]MCDLightSpeedTaskExecutorNetworkCompletionCallback(1017)=>Handling send error for taskId=6 batchSize=1 queue=secure_message_over_wa_generate_cat
09-02 19:23:28.405  7881  4229 E fb4a.msys: E[S task_queue_handling]MCDLightSpeedTaskExecutorNetworkCompletionCallback(1071)=>Error content with 18 bytes: Error Domain=com.facebook.http.error Code=401 UserInfo=0xc7b5a400 {MCFErrorDirectLocalizedDescriptionKey=Client error}
09-02 19:23:28.858 14031 14031 E adbd    : recv: OPEN 00027303 00000000 0042:73 68 65 6C 6C 2C 76 32 2C 54 45 52 4D 3D 78 74 65 72 6D 2D 32 35 36 63 6F 6C 6F 72 2C 72 61 77 3A 67 65 74 70 72 6F 70 20 72 6F 2E 62 75 69 6C 64 2E 76 65 72 73 69 6F 6E 2E 72 65 6C 65 61 73 65 00 
09-02 19:23:28.859 14031 14031 E adbd    : service_to_fd: shell,v2,TERM=xterm-256color,raw:getprop ro.build.version.release
09-02 19:23:28.948 14031 14031 E adbd    : recv: OPEN 00027306 00000000 003e:73 68 65 6C 6C 2C 76 32 2C 54 45 52 4D 3D 78 74 65 72 6D 2D 32 35 36 63 6F 6C 6F 72 2C 72 61 77 3A 67 65 74 70 72 6F 70 20 72 6F 2E 62 75 69 6C 64 2E 76 65 72 73 69 6F 6E 2E 73 64 6B 00 
09-02 19:23:28.948 14031 14031 E adbd    : service_to_fd: shell,v2,TERM=xterm-256color,raw:getprop ro.build.version.sdk
09-02 19:23:29.059 14031 14031 E adbd    : recv: OPEN 00027309 00000000 0052:73 68 65 6C 6C 2C 76 32 2C 54 45 52 4D 3D 78 74 65 72 6D 2D 32 35 36 63 6F 6C 6F 72 2C 72 61 77 3A 61 6D 20 66 6F 72 63 65 2D 73 74 6F 70 20 63 6F 6D 2E 65 78 61 6D 70 6C 65 2E 62 61 74 74 65 72 79 6D 61 6E 61 67 65 72 5F 75 74 69 6C 69 74 79 00 
09-02 19:23:29.059 14031 14031 E adbd    : service_to_fd: shell,v2,TERM=xterm-256color,raw:am force-stop com.example.batterymanager_utility
09-02 19:23:29.150  3979 14776 I ActivityManager: Force stopping com.example.batterymanager_utility appid=10157 user=0: from pid 24902
09-02 19:23:29.151  3979 14776 I ActivityManager: Killing 24525:com.example.batterymanager_utility/u0a157 (adj 0): stop com.example.batterymanager_utility,from pid 24902
09-02 19:23:29.153  3979 14776 W ActivityManager: Force removing ActivityRecord{c2a6c90 u0 com.example.batterymanager_utility/.MainActivity t1193}: app died, no saved state
09-02 19:23:29.161  3979 14776 D InputDispatcher: Focus left window: 24525
09-02 19:23:29.162  3979 14776 I WindowManager: Failed to capture screenshot of Token{2844989 ActivityRecord{c2a6c90 u0 com.example.batterymanager_utility/.MainActivity t1193 f}} appWin=Window{2e923bb u0 com.example.batterymanager_utility/com.example.batterymanager_utility.MainActivity} drawState=4
09-02 19:23:29.163  3979 14776 D TaskSnapshotCache: removeRunningEntry taskId=1193 RunningCache size=2
09-02 19:23:29.164  3979 14776 I WindowManager: Destroying surface Surface(name=com.example.batterymanager_utility/com.example.batterymanager_utility.MainActivity) called by com.android.server.wm.WindowStateAnimator.destroySurface:2501 com.android.server.wm.WindowStateAnimator.destroySurfaceLocked:985 com.android.server.wm.WindowState.removeImmediately:2404 com.android.server.wm.WindowState.removeIfPossible:2603 com.android.server.wm.WindowState.removeIfPossible:2433 com.android.server.wm.WindowToken.removeAllWindowsIfPossible:143 com.android.server.wm.AppWindowToken.removeIfPossible:606 com.android.server.wm.AppWindowToken.onRemovedFromDisplay:674 
09-02 19:23:29.164  3462  3501 I SurfaceFlinger: id=4156 Removed com.example.batterymanager_utility/com.example.batterymanager_utility.MainActivity#0 (1/4)
09-02 19:23:29.164  3462  3501 I SurfaceFlinger: id=4156 Removed com.example.batterymanager_utility/com.example.batterymanager_utility.MainActivity#0 (-2/4)
09-02 19:23:29.170  3979 14776 D InputDispatcher: Focused application released
09-02 19:23:29.170  3979 14776 W MultiScreenManagerService: moveTaskBackToDisplayIfNeeded(): root activity or app is null, task=TaskRecord{b7547ead0 #1193 A=com.example.batterymanager_utility U=0 StackId=1 sz=0}, rootActivity=null
09-02 19:23:29.171  3979  3979 D MdnieScenarioControlService: Listener Real Multi Window State : true
09-02 19:23:29.178  3462  3462 I Layer   : id=4156 onRemoved com.example.batterymanager_utility/com.example.batterymanager_utility.MainActivity#0 
09-02 19:23:29.183  3462  3462 I SurfaceFlinger: Display 0 HWC layers:
09-02 19:23:29.183  3462  3462 I SurfaceFlinger:     type    |    handle    | flag |  format   |   source crop (l,t,r,b)    |         frame       | name 
09-02 19:23:29.183  3462  3462 I SurfaceFlinger: ------------+--------------+------+-----------+----------------------------+---------------------+------
09-02 19:23:29.183  3462  3462 I SurfaceFlinger:      Device | 0x7ac4c24240 | 0000 | RGBA_8888 |   0.0    0.0  720.0   42.0 |    0    0  720   42 | StatusBar#0
09-02 19:23:29.183  3462  3462 I SurfaceFlinger: 
09-02 19:23:29.184  3979 14776 D CustomFrequencyManagerService: acquireDVFSLockLocked : type : DVFS_MIN_LIMIT  frequency : 1560000  uid : 1000  pid : 3979  pkgName : AMS_APP_HOME@CPU_MIN@59
09-02 19:23:29.186  3979 14776 D ActivityManagerPerformance: AMP_acquire() HOME
09-02 19:23:29.187  3979 14776 D PersonaManagerService: Current focused persona service handled id set to : 0
09-02 19:23:29.188  3979 14776 D InputDispatcher: Focused application set to: xxxx
09-02 19:23:29.189  3979 14776 V WindowManager: rotationForOrientationLw(orient=5, last=0); user=0  sensorRotation=-1 mLidState=-1 mDockMode=0 mHdmiPlugged=false
09-02 19:23:29.191  3979  4238 D GameManagerService: handleForegroundChange(). pkgName: com.sec.android.app.launcher, clsName: com.android.launcher3.Launcher,FgActivityName:com.sec.android.app.launcher/com.android.launcher3.Launcher
09-02 19:23:29.191  3979 14776 D MARsPolicyManager: onPackageResumedFG pkgName = com.sec.android.app.launcher, userId = 0
09-02 19:23:29.192  3979  4238 D GameManagerService: sem_perfomance_mode: 3
09-02 19:23:29.192  3979  4238 D GameManagerService: notifyResumePause(). pkg: com.sec.android.app.launcher, type: 4, isMinimized: false, isTunableApp: false
09-02 19:23:29.192  3979  4238 D GameManagerService:   notifyResumePause(). unexpected mPrevNotiType: -1
09-02 19:23:29.195  5213  5213 I Launcher: onWindowVisibilityChanged : false
09-02 19:23:29.197  3979  4373 V WindowManager: Relayout Window{7215288 u0 com.sec.android.app.launcher/com.sec.android.app.launcher.activities.LauncherActivity}: viewVisibility=4 req=720x1280 WM.LayoutParams{(0,0)(fillxfill) sim=#130 ty=1 fl=#81910d00 pfl=0x20000 fmt=-2 wanim=0x10302ea vsysui=0x700 needsMenuKey=2 colorMode=0 dimDuration=100 naviIconColor=0}
09-02 19:23:29.201  5213  5213 D ViewRootImpl@8c524b3[LauncherActivity]: Relayout returned: old=[0,0][720,1280] new=[0,0][720,1280] result=0x1 surface={valid=false 0} changed=false
09-02 19:23:29.201  3979  6899 D GamePkgDataHelper: getGamePkgDataIncServer(). com.sec.android.app.launcher
09-02 19:23:29.202  5213  5213 D HomeContainer: setAlpha : 1.0
09-02 19:23:29.202  3979  6899 D GameManagerService: identifyGamePackage. com.sec.android.app.launcher
09-02 19:23:29.202  3979  6899 D GamePkgDataHelper: getGamePkgData(). com.sec.android.app.launcher
09-02 19:23:29.203  3979  3979 D SamsungAlarmManager: Remove alarm for next reason : android.intent.action.PACKAGE_RESTARTED : package: com.example.batterymanager_utility
09-02 19:23:29.203  3979  6899 D GameManagerService: identifyGamePackage. com.sec.android.app.launcher
09-02 19:23:29.203  3979  6899 D GamePkgDataHelper: getGamePkgData(). com.sec.android.app.launcher
09-02 19:23:29.203  3979  6899 D GamePkgDataHelper: getSosPolicy(). com.sec.android.app.launcher
09-02 19:23:29.204  3979  6899 D GameManagerService: identifyGamePackage. com.sec.android.app.launcher
09-02 19:23:29.204  3979  3995 W BroadcastQueue: Background execution not allowed: receiving Intent { act=android.intent.action.PACKAGE_RESTARTED dat=package:com.example.batterymanager_utility flg=0x10 (has extras) } to android/com.kddi.android.CpaNotiReceiver
09-02 19:23:29.204  3979  6899 D GamePkgDataHelper: getGamePkgData(). com.sec.android.app.launcher
09-02 19:23:29.204  3979  3995 W BroadcastQueue: Background execution not allowed: receiving Intent { act=android.intent.action.PACKAGE_RESTARTED dat=package:com.example.batterymanager_utility flg=0x10 (has extras) } to com.sec.android.daemonapp/com.samsung.android.weather.daemon.receiver.ClearDataReceiver
09-02 19:23:29.204  4633  4633 D CarrierSvcBindHelper: No carrier app for: 0
09-02 19:23:29.205  3979  6899 D GameManagerService: identifyGamePackage. com.sec.android.app.launcher
09-02 19:23:29.205  5213  5213 V Launcher: Launcher.onResume()
09-02 19:23:29.205  3979  6899 D GamePkgDataHelper: getGamePkgData(). com.sec.android.app.launcher
09-02 19:23:29.205  4633  4633 D CarrierSvcBindHelper: No carrier app for: 1
09-02 19:23:29.212  5213  5213 D ExternalMethodQueue: Getting and clearing EXTERNAL_METHOD_LIST: null
09-02 19:23:29.212  5213  5213 D Launcher.HomeController: onResume HomeContainer current alpha = 1.0
09-02 19:23:29.212  5213  5302 I LauncherAppWidgetInfo: reinflateWidgetsIfNecessary, Not required: AppWidget(id=2)
09-02 19:23:29.212  5213  5213 D AppsCustomAdapter: notifyUpdate : com.android.launcher3.Launcher@110cd72
09-02 19:23:29.212  5213  5302 I LauncherAppWidgetInfo: reinflateWidgetsIfNecessary, Not required: AppWidget(id=3)
09-02 19:23:29.212  5213  5213 D AppsDragController: needDeferToBind : true , false
09-02 19:23:29.214  5117  5117 I GsaVoiceInteractionSrv: Handling ACTION_START_HOTWORD
09-02 19:23:29.214  5117  5377 I GsaVoiceInteractionSrv: (REDACTED) disregardVoiceMatch: %b
09-02 19:23:29.215  5117  5377 I GsaVoiceInteractionSrv: Cannot start hotword, hotword has been explicitly disabled.
09-02 19:23:29.217  3979 14776 D ActivityManager: post active user change for 0 fullscreen true isHomeActivity() true
09-02 19:23:29.217  3979 14776 I WallpaperManagerService: switchPersonaWallpaper is called for personaId-0
09-02 19:23:29.217  3979  4373 D Notification: allPendingIntents
09-02 19:23:29.217  3979  3979 D WallpaperManagerService:  force update = false; persona id = 0; current user =0; current persona = 0
09-02 19:23:29.218  3979  4373 D Notification: allPendingIntents
09-02 19:23:29.218  5213  5213 I Launcher: onWindowVisibilityChanged : true
09-02 19:23:29.218  3979  4373 D Notification: allPendingIntents
09-02 19:23:29.219  3979 14776 V WindowManager: Relayout Window{7215288 u0 com.sec.android.app.launcher/com.sec.android.app.launcher.activities.LauncherActivity}: viewVisibility=0 req=720x1280 WM.LayoutParams{(0,0)(fillxfill) sim=#130 ty=1 fl=#81910d00 pfl=0x20000 fmt=-2 wanim=0x10302ea vsysui=0x700 needsMenuKey=2 colorMode=0 dimDuration=100 naviIconColor=0}
09-02 19:23:29.219  3979  4373 I chatty  : uid=1000(system) Binder:3979_4 identical 6 lines
09-02 19:23:29.219  3979  4373 D Notification: allPendingIntents
09-02 19:23:29.220  3462  3462 I SurfaceFlinger: id=4158 createSurf (720x1280),1 flag=4, com.sec.android.app.launcher/com.sec.android.app.launcher.activities.LauncherActivity#0
09-02 19:23:29.221  3979 14776 V Surface : sf_framedrop debug : 0x4f4c, game : false, logging : 0
09-02 19:23:29.221  3979  3996 D WindowManager: set systemUiVisibility : systemUiFlags= 0x708 fullscreenStackSysUiFlags= 0x0
09-02 19:23:29.225  4336  4336 D InputEventReceiver: channel 'ClientState{2dfb284 uid 10157 pid 24525} (client)' ~ Disposing input event receiver.
09-02 19:23:29.225  4336  4336 D InputEventReceiver: channel 'ClientState{2dfb284 uid 10157 pid 24525} (client)' ~NativeInputEventReceiver.
09-02 19:23:29.225  3979  4673 D Notification: allPendingIntents
09-02 19:23:29.225  3979 14776 D InputDispatcher: Focus entered window: 5213
09-02 19:23:29.226  3979  4373 D WindowManager: adjustSystemUiVisibilityLw : vis= 0x708
09-02 19:23:29.226  5213  5213 V Surface : sf_framedrop debug : 0x4f4c, game : false, logging : 0
09-02 19:23:29.227  5213  5213 D ViewRootImpl@8c524b3[LauncherActivity]: Relayout returned: old=[0,0][720,1280] new=[0,0][720,1280] result=0x7 surface={valid=true 535536410624} changed=true
09-02 19:23:29.227  3979  4004 W ActivityManager: setHasOverlayUi called on unknown pid: 24525
09-02 19:23:29.228  5213  5302 D Notification.Badge: [filtered] shouldBeFilteredOut().mTempRanking.canShowBadge[false], [sbn : StatusBarNotification(pkg=com.samsung.android.timezone.autoupdate_O user=UserHandle{0} id=1 tag=null key=0|com.samsung.android.timezone.autoupdate_O|1|null|10072: Notification(channel=TimeZoneUpdaterO pri=0 contentView=null vibrate=default sound=default defaults=0xffffffff flags=0x11 color=0x00000000 actions=2 number=0 vis=PRIVATE semFlags=0x0 semPriority=0 semMissedCount=0))]
09-02 19:23:29.228  5213  5302 D Notification.Badge: [filtered] shouldBeFilteredOut().mTempRanking.canShowBadge[false], [sbn : StatusBarNotification(pkg=com.android.settings user=UserHandle{0} id=2354 tag=null key=0|com.android.settings|2354|null|1000: Notification(channel=DeviceMaintenanceNoBadge pri=0 contentView=null vibrate=null sound=null defaults=0x0 flags=0x110 color=0xff7ccbe2 actions=1 number=0 vis=PRIVATE semFlags=0x0 semPriority=0 semMissedCount=0))]
09-02 19:23:29.228  5213  5302 D Notification.Badge: [filtered] shouldBeFilteredOut().isGroupHeader[true], missingTitleAndText[false], [sbn : StatusBarNotification(pkg=com.google.android.googlequicksearchbox user=UserHandle{0} id=1253907549 tag=oc key=0|com.google.android.googlequicksearchbox|1253907549|oc|10076: Notification(channel=OpaChannel_41 pri=-1 contentView=null vibrate=null sound=null defaults=0x0 flags=0x218 color=0xff4285f4 groupKey=opa_proactive actions=2 number=0 vis=PRIVATE semFlags=0x0 semPriority=0 semMissedCount=0))]
09-02 19:23:29.228  5213  5302 D Notification.Badge: [filtered] shouldBeFilteredOut().mTempRanking.canShowBadge[false], [sbn : StatusBarNotification(pkg=com.android.systemui user=UserHandle{-1} id=2131362729 tag=full_battery key=-1|com.android.systemui|2131362729|full_battery|10009: Notification(channel=FBT pri=-2 contentView=null vibrate=null sound=null tick defaults=0x0 flags=0xa color=0xff17c433 category=sys number=0 vis=PUBLIC semFlags=0x0 semPriority=0 semMissedCount=0))]
09-02 19:23:29.228  5213  5302 D Notification.Badge: [filtered] shouldBeFilteredOut().mTempRanking.canShowBadge[false], [sbn : StatusBarNotification(pkg=android user=UserHandle{-1} id=32 tag=null key=-1|android|32|null|1000: Notification(channel=USB pri=0 contentView=null vibrate=null sound=null tick defaults=0x0 flags=0x2 color=0xff607d8b number=0 vis=PUBLIC semFlags=0x0 semPriority=0 semMissedCount=0))]
09-02 19:23:29.228  5213  5302 D Notification.Badge: [filtered] shouldBeFilteredOut().mTempRanking.canShowBadge[false], [sbn : StatusBarNotification(pkg=com.google.android.googlequicksearchbox user=UserHandle{0} id=0 tag=1049226659::SUMMARY::wx key=0|com.google.android.googlequicksearchbox|0|1049226659::SUMMARY::wx|10076: Notification(channel=21 pri=-2 contentView=null vibrate=null sound=null defaults=0x0 flags=0x200 color=0xff4285f4 groupKey=1049226659::SUMMARY::wx number=0 vis=PRIVATE publicVersion=Notification(channel=null pri=0 contentView=null vibrate=null sound=null defaults=0x0 flags=0x0 color=0xff4285f4 number=0 vis=PRIVATE semFlags=0x0 semPriority=0 semMissedCount=0) semFlags=0x0 semPriority=0 semMissedCount=0))]
09-02 19:23:29.229  5213  5302 D Notification.Badge: [filtered] shouldBeFilteredOut().mTempRanking.canShowBadge[false], [sbn : StatusBarNotification(pkg=com.google.android.googlequicksearchbox user=UserHandle{0} id=0 tag=1049226659::a:snotification:[0x394,wx.f,NOTIFICATION] key=0|com.google.android.googlequicksearchbox|0|1049226659::a:snotification:[0x394,wx.f,NOTIFICATION]|10076: Notification(channel=21 pri=-2 contentView=null vibrate=null sound=null tick defaults=0x0 flags=0x8 color=0xff4285f4 groupKey=1049226659::SUMMARY::wx number=0 vis=PRIVATE semFlags=0x0 semPriority=0 semMissedCount=0))]
09-02 19:23:29.229  5213  5302 D Notification.Badge: LauncherModel:onNotificationFullRefresh() : [3], IconType : [0]
09-02 19:23:29.229  5213  5302 D Notification.Badge: notificationKey : 0|com.facebook.katana|0|stale_notifications|10102, count : 0, this.count : 1
09-02 19:23:29.229  5213  5302 D Notification.Badge: notificationKey : 0|com.facebook.katana|0|stale_notifications|10102, count : 1, mTotalCount : 1
09-02 19:23:29.229  5213  5302 D Notification.Badge: notificationKey : 0|com.android.vending|-2073578647|null|10044, count : 0, this.count : 1
09-02 19:23:29.229  5213  5302 D Notification.Badge: notificationKey : 0|com.android.vending|-2073578647|null|10044, count : 1, mTotalCount : 1
09-02 19:23:29.229  5213  5302 D Notification.Badge: notificationKey : 0|com.android.vending|-555892737|null|10044, count : 0, this.count : 1
09-02 19:23:29.229  5213  5302 D Notification.Badge: notificationKey : 0|com.android.vending|-555892737|null|10044, count : 1, mTotalCount : 2
09-02 19:23:29.229  5213  5302 D Notification.Badge: LauncherModel:onNotificationFullRefresh() not need to update, updatedBadges.remove[com.facebook.katana], count : [1]
09-02 19:23:29.229  5213  5302 D Notification.Badge: LauncherModel:onNotificationFullRefresh() not need to update, updatedBadges.remove[com.android.vending], count : [2]
09-02 19:23:29.232  5213  5479 D mali_winsys: EGLint new_window_surface(egl_winsys_display *, void *, EGLSurface, EGLConfig, egl_winsys_surface **, egl_color_buffer_format *, EGLBoolean) returns 0x3000,  [720x1280]-format:1
09-02 19:23:29.232  5213  5479 D OpenGLRenderer: eglCreateWindowSurface = 0x7c95162ec0
09-02 19:23:29.232  5213  5213 D AppsAdapter: notifyUpdate start : com.android.launcher3.Launcher@110cd72
09-02 19:23:29.232  5213  5213 D AppsCustomAdapter: no change items
09-02 19:23:29.232  5213  5213 D AppsAdapter: notifyUpdate end : com.android.launcher3.Launcher@110cd72
09-02 19:23:29.232  5213  5213 D ViewRootImpl@8c524b3[LauncherActivity]: MSG_WINDOW_FOCUS_CHANGED 1
09-02 19:23:29.235  5213  5213 V InputMethodManager: Starting input: tba=android.view.inputmethod.EditorInfo@458a2df nm : com.sec.android.app.launcher ic=null
09-02 19:23:29.235  5213  5213 I InputMethodManager: startInputInner - mService.startInputOrWindowGainedFocus
09-02 19:23:29.236  3979  5983 D InputMethodManagerService: startInputOrWindowGainedFocus : windowGainedFocus 
09-02 19:23:29.236  3979  5983 D InputMethodManagerService: windowGainedFocus: destinationUserId (getCallingUid) = 0
09-02 19:23:29.236  3979  5983 D InputMethodManagerService: windowGainedFocus: currentUserId=0
09-02 19:23:29.236  3979  5983 D InputMethodManagerService: windowGainedFocus: mCurrentFocusedUserId=0
09-02 19:23:29.236  3979  5983 D InputMethodManagerService: windowGainedFocus : lock - currentUserId = 0 destinationUserId = 0
09-02 19:23:29.236  3979  5983 D InputMethodManagerService: windowGainedFocus : mCurrentFocusedUserId - 0 and mSecureKeypadEnabled - false, userSwitched - false
09-02 19:23:29.236  3979  5983 V InputMethodManagerService: windowGainedFocus : reason=WINDOW_FOCUS_GAIN client=android.os.BinderProxy@85bf16e inputContext=null missingMethods= attribute=android.view.inputmethod.EditorInfo@3370308 nm = com.sec.android.app.launcher controlFlags=#104 softInputMode=#130 windowFlags=#81910d00
09-02 19:23:29.236  3979  5983 V InputMethodManagerService: hideCurrentInputLocked : shouldHideSoftInput is false
09-02 19:23:29.237  3979  5983 D InputMethodManagerService: setCurrentInputInfo - inputContext : null eidtorInfo : android.view.inputmethod.EditorInfo@3370308 missingMethods : 0
09-02 19:23:29.237  4336  4336 I InputMethodWrapper:  call dispatchStartInputWithToken
09-02 19:23:29.237  4336  4336 I InputMethodService: dispatchStartInputWithToken
09-02 19:23:29.237  4336  4336 I SKBD    : SamsungKeypad [IMI] onStartInput - caller pid : 24525, caller uid : 10157
09-02 19:23:29.244  5213  5213 D DragLayer: DragLayer dispatchDraw, mIsNaviBarPositionChanged = false, mWillOrientationChange = false
09-02 19:23:29.246 14031 14031 E adbd    : recv: OPEN 0002730c 00000000 0042:73 68 65 6C 6C 2C 76 32 2C 54 45 52 4D 3D 78 74 65 72 6D 2D 32 35 36 63 6F 6C 6F 72 2C 72 61 77 3A 67 65 74 70 72 6F 70 20 72 6F 2E 62 75 69 6C 64 2E 76 65 72 73 69 6F 6E 2E 72 65 6C 65 61 73 65 00 
09-02 19:23:29.246 14031 14031 E adbd    : service_to_fd: shell,v2,TERM=xterm-256color,raw:getprop ro.build.version.release
09-02 19:23:29.255  3979  5983 V WindowManager: finishDrawingLocked: mDrawState=COMMIT_DRAW_PENDING Window{7215288 u0 com.sec.android.app.launcher/com.sec.android.app.launcher.activities.LauncherActivity} in Surface(name=com.sec.android.app.launcher/com.sec.android.app.launcher.activities.LauncherActivity)
09-02 19:23:29.256  4349  4368 D WallpaperService: dispatchAppVisibility onVisibilityChanged(): true
09-02 19:23:29.256  4349  4349 D WallpaperService: updateSurface forceRelayout=false redrawNeeded=false myWidth=1280 myHeight=1280 fixedSize=true x = 0 y = 0 mWidth=1280 mHeight=1280 mIsSleepMode=false
09-02 19:23:29.256  4349  4349 D ImageWallpaper: onVisibilityChanged: mVisible, visible=false, true
09-02 19:23:29.256  4349  4349 D ImageWallpaper: Visibility changed to visible=true
09-02 19:23:29.257  4349  4349 D ImageWallpaper: newRotation : 0,mLastRotation : 0
09-02 19:23:29.257  4349  4349 D ImageWallpaper: drawFrame:[frame.width()]1280[frame.height()]1280
09-02 19:23:29.257  4349  4349 D ImageWallpaper: surfaceDimensionsChanged=false mDisplayWidth=720 mDisplayHeight=1280
09-02 19:23:29.257  4349  4349 D ImageWallpaper: redrawNeeded = false, mOffsetsChanged = false
09-02 19:23:29.257  4349  4349 D ImageWallpaper: Suppressed drawFrame since redraw is not needed and offsets have not changed.
09-02 19:23:29.257  4349  4349 D WallpaperService: reportVisibility onVisibilityChanged visible: true
09-02 19:23:29.259  3979  4046 D SamsungAnimationCreator: createAnimation type:CHNLowEnd transit:13 enter:false wallpaperXoffset:-280 split:false fixedOri:false
09-02 19:23:29.259  3979  4046 D SamsungAnimationCreator: createAnimation displayFrame:Rect(0, 0 - 720, 1280) frame:null insets:null
09-02 19:23:29.260  4349  4349 D WallpaperService: updateSurface forceRelayout=true redrawNeeded=false myWidth=1280 myHeight=1280 fixedSize=true x = 0 y = 0 mWidth=1280 mHeight=1280 mIsSleepMode=false
09-02 19:23:29.265  3979  4673 V WindowManager: Relayout Window{80ee464 u0 com.android.systemui.ImageWallpaper}: viewVisibility=0 req=1280x1280 WM.LayoutParams{(0,0)(1280x1280) gr=#800033 ty=2013 fl=#10318 fmt=2 wanim=0x103030e colorMode=0 naviIconColor=0}
09-02 19:23:29.272  4349  4349 D ImageWallpaper: onOffsetsChanged: xOffset=0.0, yOffset=0.0, xOffsetStep=0.0, yOffsetStep=0.0, xPixels=0, yPixels=0
09-02 19:23:29.272  4349  4349 D ImageWallpaper: newRotation : 0,mLastRotation : 0
09-02 19:23:29.272  4349  4349 D ImageWallpaper: drawFrame:[frame.width()]1280[frame.height()]1280
09-02 19:23:29.272  4349  4349 D ImageWallpaper: surfaceDimensionsChanged=false mDisplayWidth=720 mDisplayHeight=1280
09-02 19:23:29.272  4349  4349 D ImageWallpaper: redrawNeeded = false, mOffsetsChanged = false
09-02 19:23:29.272  4349  4349 D ImageWallpaper: Suppressed drawFrame since redraw is not needed and offsets have not changed.
09-02 19:23:29.277  4349  4850 D SystemServicesProxy: updateOverviewLastStackActiveTimeAsync: newTime=1693559943942
09-02 19:23:29.278  3979  4373 D SecContentProvider: query(), uri = 17 selection = isSettingsChangesAllowed
09-02 19:23:29.279  3979  4373 D SecContentProvider: called from android.uid.systemui:10009
09-02 19:23:29.280  4349  4561 D SystemServicesProxy: updateOverviewLastStackActiveTimeAsync: done.
09-02 19:23:29.281  3979  5983 D PackageManager: getComponentMetadataForIconTray : com.example.batterymanager_utility.MainActivity does not exist in mServices
09-02 19:23:29.281  3979  5983 D PackageManager: getComponentMetadataForIconTray : com.example.batterymanager_utility.MainActivity does not exist in mProviders
09-02 19:23:29.281  3979  5983 D PackageManager: getComponentMetadataForIconTray : com.example.batterymanager_utility.MainActivity does not exist in mReceivers
09-02 19:23:29.281  4349  4850 D ApplicationPackageManager: updateItemMetaDataForFixedIconScale: package: com.example.batterymanager_utility
09-02 19:23:29.282  3979  5983 D PackageManager: getSelectedMetaData : packageName(com.example.batterymanager_utility) or Metadata strings {[Ljava.lang.String;@e0b2c87}
09-02 19:23:29.282  3462  3462 I SurfaceFlinger: Display 0 HWC layers:
09-02 19:23:29.282  3462  3462 I SurfaceFlinger:     type    |    handle    | flag |  format   |   source crop (l,t,r,b)    |         frame       | name 
09-02 19:23:29.282  3462  3462 I SurfaceFlinger: ------------+--------------+------+-----------+----------------------------+---------------------+------
09-02 19:23:29.282  3462  3462 I SurfaceFlinger:      Device | 0x7abe64af00 | 0002 | RGBx_8888 | 280.0    0.0 1000.0 1280.0 |    0    0  720 1280 | com.android.systemui.ImageWallpaper#0
09-02 19:23:29.282  3462  3462 I SurfaceFlinger:      Device | 0x7ac0b8ff40 | 0000 | RGBA_8888 | 120.0  213.0  601.0 1068.0 |    1    1  720 1280 | com.sec.android.app.launcher/com.sec[...]uncher.activities.LauncherActivity#0
09-02 19:23:29.282  3462  3462 I SurfaceFlinger:      Device | 0x7ac4c24240 | 0000 | RGBA_8888 |   0.0    0.0  720.0   42.0 |    0    0  720   42 | StatusBar#0
09-02 19:23:29.282  3462  3462 I SurfaceFlinger: 
09-02 19:23:29.283  4349  4850 I ApplicationPackageManager: load=com.example.batterymanager_utility, bg=144-144, dr=189-189, forDefault=true, density=0
09-02 19:23:29.286  4349  4850 I ApplicationPackageManager: scaled rate=0.72, size=189, alpha=54, hold=102
09-02 19:23:29.286  4349  4850 D ApplicationPackageManager: iconScale: getScale(): 0.72 getAlpha(): 54
09-02 19:23:29.287  4349  4850 I ApplicationPackageManager: load=com.example.batterymanager_utility-contain, bg=112-112, dr=189-189
09-02 19:23:29.319 14031 14031 E adbd    : recv: OPEN 0002730f 00000000 003e:73 68 65 6C 6C 2C 76 32 2C 54 45 52 4D 3D 78 74 65 72 6D 2D 32 35 36 63 6F 6C 6F 72 2C 72 61 77 3A 67 65 74 70 72 6F 70 20 72 6F 2E 62 75 69 6C 64 2E 76 65 72 73 69 6F 6E 2E 73 64 6B 00 
09-02 19:23:29.319 14031 14031 E adbd    : service_to_fd: shell,v2,TERM=xterm-256color,raw:getprop ro.build.version.sdk
09-02 19:23:29.333  3979  4111 D MdnieScenarioControlService:  packageName : com.sec.android.app.launcher    className : com.sec.android.app.launcher.activities.LauncherActivity
09-02 19:23:29.333  3979  4111 V MdnieScenarioControlService: setUIMode from UI function(3)
09-02 19:23:29.599  7881  4225 E fb4a.msys: E[N data-request]_HandleDataResponse(1782)=>Data request error for task e53a3687-7ce1-46c7-b13e-7fef4cdb86ff (response type 1): (null)
09-02 19:23:29.600  7881  4229 E fb4a.msys: E[S task_queue_handling]MCDLightSpeedTaskExecutorNetworkCompletionCallback(1017)=>Handling send error for taskId=6 batchSize=1 queue=secure_message_over_wa_generate_cat
09-02 19:23:29.600  7881  4229 E fb4a.msys: E[S task_queue_handling]MCDLightSpeedTaskExecutorNetworkCompletionCallback(1071)=>Error content with 18 bytes: Error Domain=com.facebook.http.error Code=401 UserInfo=0xc7b5a200 {MCFErrorDirectLocalizedDescriptionKey=Client error}
09-02 19:23:29.609  7881 23989 E fb4a.T157805820: TigonMhrLogger::logRequestIfNeeded
09-02 19:23:29.609  7881 23989 E fb4a.T157805820: TigonWifiInfoLogger::init
09-02 19:23:29.609  7881 23989 E fb4a.T157805820: TigonMhrFbcLogger::logRequestIfNeeded
09-02 19:23:29.609  7881 23989 E fb4a.T157805820: TigonCellTowerInfoLogger::logRequestIfNeeded
09-02 19:23:29.609  7881 23989 E fb4a.T157805820: TigonCertificateVerificationLogger::logRequestIfNeeded
09-02 19:23:29.609  7881 23989 E fb4a.T157805820: TigonTransientAnalysisLogger::logRequestIfNeeded
09-02 19:23:29.609  7881 23989 E fb4a.T157805820: TigonProviderConnectionDeviceInfoLogger::logRequestIfNeeded
09-02 19:23:29.609  7881 23989 E fb4a.T157805820: TigonCellTowerInfoPapayaLogger::logRequestIfNeeded
09-02 19:23:29.610  7881 23989 E fb4a.T157805820: NetworkUtilisationLogger::logRequestIfNeeded
09-02 19:23:29.685  3979  3979 D CustomFrequencyManagerService: releaseDVFSLockLocked : Getting Lock type frm List : DVFS_MIN_LIMIT  frequency : 1560000  uid : 1000  pid : 3979  tag : AMS_APP_HOME@CPU_MIN@59
09-02 19:23:29.763  5213  5479 W OpenGLRenderer: Incorrectly called buildLayer on View: WorkspaceCellLayoutChildren, destroying layer...
09-02 19:23:29.764  5213  5479 W OpenGLRenderer: Incorrectly called buildLayer on View: WorkspaceCellLayoutChildren, destroying layer...
09-02 19:23:30.196  3979  4051 D SensorService: [SO] 0.077 -0.369 9.855
09-02 19:23:30.499  3449  3449 I android.hardware.wifi@1.0-service: getLinkLayerStats
09-02 19:23:31.081  3979  5983 D SamsungAlarmManager: Cancel Alarm calling from uid:10025 pid :10264 / op:PendingIntent{9bd47b4: PendingIntentRecord{4c88b8b com.google.android.gms broadcastIntent}}
09-02 19:23:31.085 10264 24240 I AlarmManager: setExactAndAllowWhileIdle [name: GCM_HB_ALARM type: 2 triggerAtMillis: 122202517]
09-02 19:23:31.093  3979  5983 D SamsungAlarmManager: setExact Intent (T:2/F:5/AC:false) 20230902T195021 - CU:10025/CP:10264
09-02 19:23:31.157  3979  3979 D PreBindingService: handleMessage : 1
09-02 19:23:31.183  3979 14776 D SamsungAlarmManager: Cancel Alarm calling from uid:10025 pid :10264 / op:PendingIntent{8c12b20: PendingIntentRecord{4c88b8b com.google.android.gms broadcastIntent}}
09-02 19:23:31.186 10264 24240 I AlarmManager: setExactAndAllowWhileIdle [name: GCM_HB_ALARM type: 2 triggerAtMillis: 122202618]
09-02 19:23:31.191  3979 14776 D SamsungAlarmManager: setExact Intent (T:2/F:5/AC:false) 20230902T195021 - CU:10025/CP:10264
09-02 19:23:31.226 11545 11545 I GnpSdk  : [ChimeBroadcastReceiver] Intent received for action [com.google.android.c2dm.intent.RECEIVE] package [com.google.android.googlequicksearchbox].
09-02 19:23:31.226 11545 11545 I GnpSdk  : [ChimeBroadcastReceiver] Phenotype initialized.
09-02 19:23:31.576 11545 11545 I GnpSdk  : [ChimeBroadcastReceiver] Validation OK for action [com.google.android.c2dm.intent.RECEIVE].
09-02 19:23:31.593 11545 11545 I GnpSdk  : [ChimeExecutorApiImpl-Tiktok] Submitting Broadcast execution [12174576] to tiktok executor.
09-02 19:23:31.594 11545 24911 I GnpSdk  : [ChimeBroadcastReceiver] Executing action in BroadcastReceiver [com.google.android.c2dm.intent.RECEIVE].
09-02 19:23:31.647  3979  6899 D SSRM:G  : SIOP:: AP = 320, PST = 311 (W:18), BAT = 279, USB = 0, CHG = 0
09-02 19:23:31.711  3979  4373 D ConnectivityService: filterNetworkStateForUid() uid: 10076 networkInfo: [type: WIFI[] - WIFI, state: CONNECTED/CONNECTED, reason: (unspecified), extra: "WiFi 69", failover: false, available: true, roaming: false, metered: false]
09-02 19:23:31.715  3979  4373 D SamsungAlarmManager: setInexact Listener (T:2/F:0/AC:false) 20230902T192435 - CU:1000/CP:3979
09-02 19:23:31.715  3979  4373 I SamsungAlarmManager: setLocked to kernel - T:2 / 20230902T192435, SetElapsed=120657190, nowELAPSED=120593147
09-02 19:23:31.731  3979  4373 D ConnectivityService: filterNetworkStateForUid() uid: 10025 networkInfo: [type: WIFI[] - WIFI, state: CONNECTED/CONNECTED, reason: (unspecified), extra: "WiFi 69", failover: false, available: true, roaming: false, metered: false]
09-02 19:23:31.769  7881  4225 E fb4a.msys: E[N data-request]_HandleDataResponse(1782)=>Data request error for task 30476d8e-2b15-4958-99ce-5a7e1e00c661 (response type 1): (null)
09-02 19:23:31.771  7881  4229 E fb4a.msys: E[S task_queue_handling]MCDLightSpeedTaskExecutorNetworkCompletionCallback(1017)=>Handling send error for taskId=6 batchSize=1 queue=secure_message_over_wa_generate_cat
09-02 19:23:31.772  7881  4229 E fb4a.msys: E[S task_queue_handling]MCDLightSpeedTaskExecutorNetworkCompletionCallback(1071)=>Error content with 18 bytes: Error Domain=com.facebook.http.error Code=401 UserInfo=0xc7534600 {MCFErrorDirectLocalizedDescriptionKey=Client error}
09-02 19:23:31.781  7881 22838 E fb4a.T157805820: TigonMhrLogger::logRequestIfNeeded
09-02 19:23:31.781  7881 22838 E fb4a.T157805820: TigonWifiInfoLogger::init
09-02 19:23:31.782  7881 22838 E fb4a.T157805820: TigonMhrFbcLogger::logRequestIfNeeded
09-02 19:23:31.782  7881 22838 E fb4a.T157805820: TigonCellTowerInfoLogger::logRequestIfNeeded
09-02 19:23:31.782  7881 22838 E fb4a.T157805820: TigonCertificateVerificationLogger::logRequestIfNeeded
09-02 19:23:31.782  7881 22838 E fb4a.T157805820: TigonTransientAnalysisLogger::logRequestIfNeeded
09-02 19:23:31.782  7881 22838 E fb4a.T157805820: TigonProviderConnectionDeviceInfoLogger::logRequestIfNeeded
09-02 19:23:31.782  7881 22838 E fb4a.T157805820: TigonCellTowerInfoPapayaLogger::logRequestIfNeeded
09-02 19:23:31.782  7881 22838 E fb4a.T157805820: NetworkUtilisationLogger::logRequestIfNeeded
09-02 19:23:32.178 22051 22051 D BoundBrokerSvc: onBind: Intent { act=com.google.android.gms.mdisync.service.START dat=chimera-action: cmp=com.google.android.gms/.chimera.GmsApiService }
09-02 19:23:32.178 22051 22051 D BoundBrokerSvc: Loading bound service for intent: Intent { act=com.google.android.gms.mdisync.service.START dat=chimera-action: cmp=com.google.android.gms/.chimera.GmsApiService }
09-02 19:23:32.190 22051 22051 D BoundBrokerSvc: onBind: Intent { act=com.google.android.mobstore.service.START pkg=com.google.android.gms }
09-02 19:23:32.190 22051 22051 D BoundBrokerSvc: Loading bound service for intent: Intent { act=com.google.android.mobstore.service.START pkg=com.google.android.gms }
09-02 19:23:32.207 22051 22064 I MdiSyncModule: (REDACTED) Receiving API connection from package '%s'...
09-02 19:23:32.210 22051 22064 I MdiSyncModule: API connection successful!
09-02 19:23:32.267 11545 11589 I A       : (REDACTED) GMSCore Auth returned %d accounts.
09-02 19:23:32.268 11545 11589 I A       : (REDACTED) GoogleOwnersProvider returned %d accounts.
09-02 19:23:32.382 11545 24912 W ResourceType: For resource 0x7f0715b7, entry index(5559) is beyond type entryCount(3160)
09-02 19:23:32.434 11545 24912 W ResourceType: For resource 0x7f0715b7, entry index(5559) is beyond type entryCount(3160)
09-02 19:23:32.520 11545 11555 I zygote64: Background concurrent copying GC freed 23758(1223KB) AllocSpace objects, 2(40KB) LOS objects, 50% free, 7MB/15MB, paused 5.625ms total 108.541ms
09-02 19:23:32.525 11545 11550 I zygote64: Do partial code cache collection, code=20KB, data=84KB
09-02 19:23:32.526 11545 11550 I zygote64: After code cache collection, code=20KB, data=84KB
09-02 19:23:32.526 11545 11550 I zygote64: Increasing code cache capacity to 512KB
09-02 19:23:32.528 11545 11550 I zygote64: Method exceeds compiler instruction limit: 25337 in void org.ccil.cowan.tagsoup.HTMLSchema.<init>()
09-02 19:23:32.554 11545 24912 I GnpSdk  : [NotificationChannelHelperImpl] Setting channel Id: '21'
09-02 19:23:32.560 11545 24912 W ResourceType: For resource 0x7f0715b7, entry index(5559) is beyond type entryCount(3160)
09-02 19:23:32.561 11545 24912 W ResourceType: For resource 0x7f0715b4, entry index(5556) is beyond type entryCount(3160)
09-02 19:23:32.594  3979  5983 D Notification: allPendingIntents
09-02 19:23:32.596  3979  5983 I chatty  : uid=1000(system) Binder:3979_17 identical 2 lines
09-02 19:23:32.596  3979  5983 D Notification: allPendingIntents
09-02 19:23:32.620 11545 24912 I GnpSdk  : [NotificationChannelHelperImpl] Setting channel Id: '21'
09-02 19:23:32.640 11545 24912 D Notification: allPendingIntents
09-02 19:23:32.640 11545 24912 D Notification: allPendingIntents
09-02 19:23:32.641  3979  5983 D ApplicationPolicy: isStatusBarNotificationAllowedAsUser: packageName = com.google.android.googlequicksearchbox,userId = 0
09-02 19:23:32.641  3979  5983 D API test: getContainerInfo: value is 
09-02 19:23:32.641  3979  5983 D ApplicationPolicy: isStatusBarNotificationAllowedAsUser: packageName = com.google.android.googlequicksearchbox,userId = 0
09-02 19:23:32.641  3979  5983 D API test: getContainerInfo: value is 
09-02 19:23:32.645 11545 24912 D Notification: allPendingIntents
09-02 19:23:32.646  3979  3979 D AudioService: getStreamVolume 5 index 110
09-02 19:23:32.648  3979 14776 D Notification: allPendingIntents
09-02 19:23:32.648  3979 14776 D Notification: allPendingIntents
09-02 19:23:32.649  3979  5983 D ApplicationPolicy: isStatusBarNotificationAllowedAsUser: packageName = com.google.android.googlequicksearchbox,userId = 0
09-02 19:23:32.650  3979  5983 D API test: getContainerInfo: value is 
09-02 19:23:32.650  3979 14776 D Notification: allPendingIntents
09-02 19:23:32.650  3979 14776 D Notification: allPendingIntents
09-02 19:23:32.650  3979  5983 D ApplicationPolicy: isStatusBarNotificationAllowedAsUser: packageName = com.google.android.googlequicksearchbox,userId = 0
09-02 19:23:32.650  3979  5983 D API test: getContainerInfo: value is 
09-02 19:23:32.651  5213  5213 D Notification.Badge: [valid] onNotificationPosted : StatusBarNotification(pkg=com.google.android.googlequicksearchbox user=UserHandle{0} id=0 tag=1049226659::SUMMARY::wx key=0|com.google.android.googlequicksearchbox|0|1049226659::SUMMARY::wx|10076: Notification(channel=21 pri=-2 contentView=null vibrate=null sound=null defaults=0x0 flags=0x200 color=0xff4285f4 groupKey=1049226659::SUMMARY::wx number=0 vis=PRIVATE publicVersion=Notification(channel=null pri=0 contentView=null vibrate=null sound=null defaults=0x0 flags=0x0 color=0xff4285f4 number=0 vis=PRIVATE semFlags=0x0 semPriority=0 semMissedCount=0) semFlags=0x0 semPriority=0 semMissedCount=0))
09-02 19:23:32.652  5213  5213 D Notification.Badge: notificationKey : 0|com.google.android.googlequicksearchbox|0|1049226659::SUMMARY::wx|10076, count : 0, this.count : 1
09-02 19:23:32.653  5213  5213 D Notification.Badge: [filtered] shouldBeFilteredOut().mTempRanking.canShowBadge[false], [sbn : StatusBarNotification(pkg=com.google.android.googlequicksearchbox user=UserHandle{0} id=0 tag=1049226659::SUMMARY::wx key=0|com.google.android.googlequicksearchbox|0|1049226659::SUMMARY::wx|10076: Notification(channel=21 pri=-2 contentView=null vibrate=null sound=null defaults=0x0 flags=0x200 color=0xff4285f4 groupKey=1049226659::SUMMARY::wx number=0 vis=PRIVATE publicVersion=Notification(channel=null pri=0 contentView=null vibrate=null sound=null defaults=0x0 flags=0x0 color=0xff4285f4 number=0 vis=PRIVATE semFlags=0x0 semPriority=0 semMissedCount=0) semFlags=0x0 semPriority=0 semMissedCount=0))]
09-02 19:23:32.655  5213  5302 D Notification.Badge: LauncherModel:onNotificationPosted() : com.google.android.googlequicksearchbox, count : [1], shouldBeFilteredOut : [true]
09-02 19:23:32.655  5213  5302 D Notification.Badge: updateLauncherIconBadges : 1
09-02 19:23:32.656  3979  3979 D AudioService: getStreamVolume 5 index 110
09-02 19:23:32.659  3979  5983 D Notification: allPendingIntents
09-02 19:23:32.660  3979 14776 D Notification: allPendingIntents
09-02 19:23:32.662  5213  5213 D Notification.Badge: [valid] onNotificationPosted : StatusBarNotification(pkg=com.google.android.googlequicksearchbox user=UserHandle{0} id=0 tag=1049226659::a:snotification:[0x394,wx.f,NOTIFICATION] key=0|com.google.android.googlequicksearchbox|0|1049226659::a:snotification:[0x394,wx.f,NOTIFICATION]|10076: Notification(channel=21 pri=-2 contentView=null vibrate=null sound=null tick defaults=0x0 flags=0x8 color=0xff4285f4 groupKey=1049226659::SUMMARY::wx number=0 vis=PRIVATE semFlags=0x0 semPriority=0 semMissedCount=0))
09-02 19:23:32.662  5213  5213 D Notification.Badge: notificationKey : 0|com.google.android.googlequicksearchbox|0|1049226659::a:snotification:[0x394,wx.f,NOTIFICATION]|10076, count : 0, this.count : 1
09-02 19:23:32.664  5213  5213 D Notification.Badge: [filtered] shouldBeFilteredOut().mTempRanking.canShowBadge[false], [sbn : StatusBarNotification(pkg=com.google.android.googlequicksearchbox user=UserHandle{0} id=0 tag=1049226659::a:snotification:[0x394,wx.f,NOTIFICATION] key=0|com.google.android.googlequicksearchbox|0|1049226659::a:snotification:[0x394,wx.f,NOTIFICATION]|10076: Notification(channel=21 pri=-2 contentView=null vibrate=null sound=null tick defaults=0x0 flags=0x8 color=0xff4285f4 groupKey=1049226659::SUMMARY::wx number=0 vis=PRIVATE semFlags=0x0 semPriority=0 semMissedCount=0))]
09-02 19:23:32.676  5213  5302 D Notification.Badge: updateLauncherIconBadges() item : [IconInfo(title=Google intent=Intent { act=android.intent.action.MAIN cat=[android.intent.category.LAUNCHER] flg=0x10200000 cmp=com.google.android.googlequicksearchbox/.SearchActivity (has extras) } id=7 type=0 container=6 screen=0 cellX=0 cellY=0 spanX=1 spanY=1 rank=0 hidden=0 dropPos=null user=UserHandle{0})], item.mBadgeCount: [0]
09-02 19:23:32.676  5213  5302 D Notification.Badge: updateLauncherIconBadges() item : [IconInfo(title=Google intent=Intent { act=android.intent.action.MAIN cat=[android.intent.category.LAUNCHER] flg=0x10200000 cmp=com.google.android.googlequicksearchbox/.SearchActivity (has extras) } id=40 type=0 container=39 screen=0 cellX=0 cellY=0 spanX=1 spanY=1 rank=0 hidden=0 dropPos=null user=UserHandle{0})], item.mBadgeCount: [0]
09-02 19:23:32.676  5213  5302 D Notification.Badge: updateLauncherIconBadges() item : [IconInfo(title=Voice Search intent=Intent { act=android.intent.action.MAIN cat=[android.intent.category.LAUNCHER] flg=0x10200000 cmp=com.google.android.googlequicksearchbox/.VoiceSearchActivity (has extras) } id=70 type=0 container=-102 screen=0 cellX=-1 cellY=-1 spanX=1 spanY=1 rank=18 hidden=1 dropPos=null user=UserHandle{0})], item.mBadgeCount: [0]
09-02 19:23:32.676  5213  5302 D Notification.Badge: LauncherModel:onNotificationPosted() : com.google.android.googlequicksearchbox, count : [1], shouldBeFilteredOut : [true]
09-02 19:23:32.676  5213  5302 D Notification.Badge: updateLauncherIconBadges : 1
