09-02 00:00:25.878 17439 17439 E cr_IntentUtils: getBooleanExtra failed on intent null
09-02 00:00:25.878 17439 17439 E cr_IntentUtils: getBooleanExtra failed on intent null
09-02 00:00:25.881 18296 18325 I cr_LibraryLoader: Using ModernLinker
09-02 00:00:25.882  1513  2905 D CompatibilityChangeReporter: Compat change id reported: 136274596; UID 10220; state: ENABLED
09-02 00:00:25.882 18296 18325 W linker  : Warning: "/data/app/~~_KLlx60MH8CoecPTjMKp8g==/com.android.chrome-kw9RHYrlHKb9bPXi8OTClw==/base.apk!/lib/arm64-v8a/libchromium_android_linker.so" unused DT entry: unknown processor-specific (type 0x70000001 arg 0x0) (ignoring)
09-02 00:00:25.883 18296 18325 E cr_ChromiumAndroidLinker: ReserveAddressWithHint: Address range starting at 0x7a38769000 was not free to use
09-02 00:00:25.885 17439 17439 I cr_tabmodel: #isIncognitoTabBeingRestored from tabDetails:  false
09-02 00:00:25.885 17439 17439 I cr_tabmodel: #isIncognitoTabBeingRestored from tabDetails:  false
09-02 00:00:25.885 18268 18300 E cr_ChromiumAndroidLinker: ReserveAddressWithHint: Address range starting at 0x7a38769000 was not free to use
09-02 00:00:25.885 17439 17439 W cr_tabmodel: Failed to restore TabState; creating Tab with last known URL.
09-02 00:00:25.892 18296 18381 I cr_LibraryLoader: Successfully loaded native library
09-02 00:00:25.900  1513  8504 D CompatibilityChangeReporter: Compat change id reported: 135634846; UID 10220; state: DISABLED
09-02 00:00:25.900  1513  8504 D CompatibilityChangeReporter: Compat change id reported: 135754954; UID 10220; state: ENABLED
09-02 00:00:25.901 17439 17439 E cr_IntentUtils: getBooleanExtra failed on intent null
09-02 00:00:25.901 17439 17439 E cr_IntentUtils: getBooleanExtra failed on intent null
09-02 00:00:25.906 17439 17439 I cr_tabmodel: #isIncognitoTabBeingRestored from tabDetails:  false
09-02 00:00:25.906 17439 17439 I cr_tabmodel: #isIncognitoTabBeingRestored from tabDetails:  false
09-02 00:00:25.906 17439 17439 W cr_tabmodel: Failed to restore TabState; creating Tab with last known URL.
09-02 00:00:25.907 18328 18328 I LoadedApk: No resource references to update in package com.google.android.trichromelibrary
09-02 00:00:25.907 18328 18328 D NetworkSecurityConfig: Using Network Security Config from resource 0_resource_name_obfuscated debugBuild: false
09-02 00:00:25.908 17439 17452 I .android.chrom: Background young concurrent copying GC freed 413363(20MB) AllocSpace objects, 55(1996KB) LOS objects, 93% free, 6475KB/102MB, paused 51us total 177.094ms
09-02 00:00:25.911 18328 18328 D NetworkSecurityConfig: Using Network Security Config from resource 0_resource_name_obfuscated debugBuild: false
09-02 00:00:25.911 18296 18381 I cr_CachingUmaRecorder: Flushed 3 samples from 3 histograms.
09-02 00:00:25.913 18328 18328 I cr_SplitCompatApp: Launched version=107.0.5304.91 minSdkVersion=29 isBundle=true processName=com.android.chrome:sandboxed_process0:org.chromium.content.app.SandboxedProcessService0:26 isIsolated=true
09-02 00:00:25.919 18268 18360 I cr_LibraryLoader: Successfully loaded native library
09-02 00:00:25.920 18268 18360 I cr_CachingUmaRecorder: Flushed 3 samples from 3 histograms.
09-02 00:00:25.922 18368 18368 E cessService0:2: Not starting debugger since process cannot load the jdwp agent.
09-02 00:00:25.923 17439 17439 E cr_IntentUtils: getBooleanExtra failed on intent null
09-02 00:00:25.923 17439 17439 E cr_IntentUtils: getBooleanExtra failed on intent null
09-02 00:00:25.926 17492 17492 D Zygote  : Forked child process 18402
09-02 00:00:25.928  1513  1625 W ActivityManager: Slow operation: 604ms so far, now at startProcess: returned from zygote!
09-02 00:00:25.928  1513  1625 W ActivityManager: Slow operation: 604ms so far, now at startProcess: done updating battery stats
09-02 00:00:25.929  1513  1625 W ActivityManager: Slow operation: 604ms so far, now at startProcess: building log message
09-02 00:00:25.929  1513  1625 I ActivityManager: Start proc 18402:com.android.chrome:sandboxed_process0:org.chromium.content.app.SandboxedProcessService0:29/u0ai29 for  {com.android.chrome/org.chromium.content.app.SandboxedProcessService0:29}
09-02 00:00:25.929  1513  1625 W ActivityManager: Slow operation: 604ms so far, now at startProcess: starting to update pids map
09-02 00:00:25.929  1513  1625 W ActivityManager: Slow operation: 604ms so far, now at startProcess: done updating pids map
09-02 00:00:25.929  1513  1625 W ActivityManager: Slow operation: 574ms so far, now at startProcess: asking zygote to start proc
09-02 00:00:25.929  1513  1625 D CompatibilityChangeReporter: Compat change id reported: 143937733; UID 10220; state: ENABLED
09-02 00:00:25.930 17439 17439 I cr_tabmodel: #isIncognitoTabBeingRestored from tabDetails:  false
09-02 00:00:25.930 17439 17439 I cr_tabmodel: #isIncognitoTabBeingRestored from tabDetails:  false
09-02 00:00:25.930 17439 17439 W cr_tabmodel: Failed to restore TabState; creating Tab with last known URL.
09-02 00:00:25.930 18348 18348 I LoadedApk: No resource references to update in package com.google.android.trichromelibrary
09-02 00:00:25.930 18348 18348 D NetworkSecurityConfig: Using Network Security Config from resource 0_resource_name_obfuscated debugBuild: false
09-02 00:00:25.931 18348 18348 D NetworkSecurityConfig: Using Network Security Config from resource 0_resource_name_obfuscated debugBuild: false
09-02 00:00:25.937 18348 18348 I cr_SplitCompatApp: Launched version=107.0.5304.91 minSdkVersion=29 isBundle=true processName=com.android.chrome:sandboxed_process0:org.chromium.content.app.SandboxedProcessService0:27 isIsolated=true
09-02 00:00:25.938  1513  7910 D CompatibilityChangeReporter: Compat change id reported: 136274596; UID 10220; state: ENABLED
09-02 00:00:25.941 18328 18328 W SystemServiceRegistry: No service published for: uimode
09-02 00:00:25.943 18402 18402 E libc    : SetHeapTaggingLevel: re-enabling tagging after it was disabled is not supported
09-02 00:00:25.945  1513  4618 D CompatibilityChangeReporter: Compat change id reported: 135634846; UID 10220; state: DISABLED
09-02 00:00:25.945  1513  4618 D CompatibilityChangeReporter: Compat change id reported: 135754954; UID 10220; state: ENABLED
09-02 00:00:25.946 17439 17439 E cr_IntentUtils: getBooleanExtra failed on intent null
09-02 00:00:25.946 17439 17439 E cr_IntentUtils: getBooleanExtra failed on intent null
09-02 00:00:25.954 18402 18402 E cessService0:2: Not starting debugger since process cannot load the jdwp agent.
09-02 00:00:25.956 17439 17439 I cr_tabmodel: #isIncognitoTabBeingRestored from tabDetails:  false
09-02 00:00:25.956 17439 17439 I cr_tabmodel: #isIncognitoTabBeingRestored from tabDetails:  false
09-02 00:00:25.956 17439 17439 W cr_tabmodel: Failed to restore TabState; creating Tab with last known URL.
09-02 00:00:25.961 18348 18348 W SystemServiceRegistry: No service published for: uimode
09-02 00:00:25.966 18348 18348 I cr_ChildProcessService: Creating new ChildProcessService pid=18348
09-02 00:00:25.968 18328 18328 I cr_ChildProcessService: Creating new ChildProcessService pid=18328
09-02 00:00:25.973 17439 17439 E cr_IntentUtils: getBooleanExtra failed on intent null
09-02 00:00:25.974 17439 17439 E cr_IntentUtils: getBooleanExtra failed on intent null
09-02 00:00:25.976 17492 17492 D Zygote  : Forked child process 18441
09-02 00:00:25.977  1513  1625 W ActivityManager: Slow operation: 623ms so far, now at startProcess: returned from zygote!
09-02 00:00:25.977  1513  1625 W ActivityManager: Slow operation: 623ms so far, now at startProcess: done updating battery stats
09-02 00:00:25.977  1513  1625 W ActivityManager: Slow operation: 623ms so far, now at startProcess: building log message
09-02 00:00:25.977  1513  1625 I ActivityManager: Start proc 18441:com.android.chrome:sandboxed_process0:org.chromium.content.app.SandboxedProcessService0:30/u0ai30 for  {com.android.chrome/org.chromium.content.app.SandboxedProcessService0:30}
09-02 00:00:25.977  1513  1625 W ActivityManager: Slow operation: 623ms so far, now at startProcess: starting to update pids map
09-02 00:00:25.977  1513  1625 W ActivityManager: Slow operation: 623ms so far, now at startProcess: done updating pids map
09-02 00:00:25.978  1513  1625 W ActivityManager: Slow operation: 612ms so far, now at startProcess: asking zygote to start proc
09-02 00:00:25.978  1513  1625 D CompatibilityChangeReporter: Compat change id reported: 143937733; UID 10220; state: ENABLED
09-02 00:00:25.983 17439 17439 I cr_tabmodel: #isIncognitoTabBeingRestored from tabDetails:  false
09-02 00:00:25.983 17439 17439 I cr_tabmodel: #isIncognitoTabBeingRestored from tabDetails:  false
09-02 00:00:25.983 17439 17439 W cr_tabmodel: Failed to restore TabState; creating Tab with last known URL.
09-02 00:00:25.983 18441 18441 E libc    : SetHeapTaggingLevel: re-enabling tagging after it was disabled is not supported
09-02 00:00:25.985  1513  8504 D CompatibilityChangeReporter: Compat change id reported: 136274596; UID 10220; state: ENABLED
09-02 00:00:25.986 18348 18384 I cr_LibraryLoader: Using ModernLinker
09-02 00:00:25.988 18368 18368 I LoadedApk: No resource references to update in package com.google.android.trichromelibrary
09-02 00:00:25.988 18368 18368 D NetworkSecurityConfig: Using Network Security Config from resource 0_resource_name_obfuscated debugBuild: false
09-02 00:00:25.988 18441 18441 E cessService0:3: Not starting debugger since process cannot load the jdwp agent.
09-02 00:00:25.988 18348 18384 W linker  : Warning: "/data/app/~~_KLlx60MH8CoecPTjMKp8g==/com.android.chrome-kw9RHYrlHKb9bPXi8OTClw==/base.apk!/lib/arm64-v8a/libchromium_android_linker.so" unused DT entry: unknown processor-specific (type 0x70000001 arg 0x0) (ignoring)
09-02 00:00:25.989 18348 18384 E cr_ChromiumAndroidLinker: ReserveAddressWithHint: Address range starting at 0x7a38769000 was not free to use
09-02 00:00:25.989 18368 18368 D NetworkSecurityConfig: Using Network Security Config from resource 0_resource_name_obfuscated debugBuild: false
09-02 00:00:25.991 18368 18368 I cr_SplitCompatApp: Launched version=107.0.5304.91 minSdkVersion=29 isBundle=true processName=com.android.chrome:sandboxed_process0:org.chromium.content.app.SandboxedProcessService0:28 isIsolated=true
09-02 00:00:25.996  1513  2905 D CompatibilityChangeReporter: Compat change id reported: 135634846; UID 10220; state: DISABLED
09-02 00:00:25.996  1513  2905 D CompatibilityChangeReporter: Compat change id reported: 135754954; UID 10220; state: ENABLED
09-02 00:00:25.999 17439 17439 E cr_IntentUtils: getBooleanExtra failed on intent null
09-02 00:00:25.999 17439 17439 E cr_IntentUtils: getBooleanExtra failed on intent null
09-02 00:00:26.006 18328 18366 I cr_LibraryLoader: Using ModernLinker
09-02 00:00:26.007 18328 18366 W linker  : Warning: "/data/app/~~_KLlx60MH8CoecPTjMKp8g==/com.android.chrome-kw9RHYrlHKb9bPXi8OTClw==/base.apk!/lib/arm64-v8a/libchromium_android_linker.so" unused DT entry: unknown processor-specific (type 0x70000001 arg 0x0) (ignoring)
09-02 00:00:26.007 18328 18366 E cr_ChromiumAndroidLinker: ReserveAddressWithHint: Address range starting at 0x7a38769000 was not free to use
09-02 00:00:26.009 17439 17439 I cr_tabmodel: #isIncognitoTabBeingRestored from tabDetails:  false
09-02 00:00:26.009 17439 17439 I cr_tabmodel: #isIncognitoTabBeingRestored from tabDetails:  false
09-02 00:00:26.009 17439 17439 W cr_tabmodel: Failed to restore TabState; creating Tab with last known URL.
09-02 00:00:26.010 18328 18439 I cr_LibraryLoader: Successfully loaded native library
09-02 00:00:26.010 18328 18439 I cr_CachingUmaRecorder: Flushed 3 samples from 3 histograms.
09-02 00:00:26.013 18348 18438 I cr_LibraryLoader: Successfully loaded native library
09-02 00:00:26.014 18368 18368 W SystemServiceRegistry: No service published for: uimode
09-02 00:00:26.015 18348 18438 I cr_CachingUmaRecorder: Flushed 3 samples from 3 histograms.
09-02 00:00:26.026 17439 17439 E cr_IntentUtils: getBooleanExtra failed on intent null
09-02 00:00:26.026 17439 17439 E cr_IntentUtils: getBooleanExtra failed on intent null
09-02 00:00:26.030 18368 18368 I cr_ChildProcessService: Creating new ChildProcessService pid=18368
09-02 00:00:26.032 17492 17492 D Zygote  : Forked child process 18471
09-02 00:00:26.035 17439 17439 I cr_tabmodel: #isIncognitoTabBeingRestored from tabDetails:  false
09-02 00:00:26.035 17439 17439 I cr_tabmodel: #isIncognitoTabBeingRestored from tabDetails:  false
09-02 00:00:26.036 17439 17439 W cr_tabmodel: Failed to restore TabState; creating Tab with last known URL.
09-02 00:00:26.039  1513  1625 W ActivityManager: Slow operation: 674ms so far, now at startProcess: returned from zygote!
09-02 00:00:26.042 18471 18471 E libc    : SetHeapTaggingLevel: re-enabling tagging after it was disabled is not supported
09-02 00:00:26.042  1513  8504 D CompatibilityChangeReporter: Compat change id reported: 136274596; UID 10220; state: ENABLED
09-02 00:00:26.045  1513  1625 W ActivityManager: Slow operation: 680ms so far, now at startProcess: done updating battery stats
09-02 00:00:26.045  1513  1625 W ActivityManager: Slow operation: 680ms so far, now at startProcess: building log message
09-02 00:00:26.045  1513  1625 I ActivityManager: Start proc 18471:com.android.chrome:sandboxed_process0:org.chromium.content.app.SandboxedProcessService0:31/u0ai31 for  {com.android.chrome/org.chromium.content.app.SandboxedProcessService0:31}
09-02 00:00:26.045  1513  1625 W ActivityManager: Slow operation: 680ms so far, now at startProcess: starting to update pids map
09-02 00:00:26.046  1513  1625 W ActivityManager: Slow operation: 680ms so far, now at startProcess: done updating pids map
09-02 00:00:26.046  1513  1625 W ActivityManager: Slow operation: 643ms so far, now at startProcess: asking zygote to start proc
09-02 00:00:26.046  1513  1625 D CompatibilityChangeReporter: Compat change id reported: 143937733; UID 10220; state: ENABLED
09-02 00:00:26.047  1513  2905 D CompatibilityChangeReporter: Compat change id reported: 135634846; UID 10220; state: DISABLED
09-02 00:00:26.047  1513  2905 D CompatibilityChangeReporter: Compat change id reported: 135754954; UID 10220; state: ENABLED
09-02 00:00:26.048 18402 18402 I LoadedApk: No resource references to update in package com.google.android.trichromelibrary
09-02 00:00:26.048 18402 18402 D NetworkSecurityConfig: Using Network Security Config from resource 0_resource_name_obfuscated debugBuild: false
09-02 00:00:26.050 18402 18402 D NetworkSecurityConfig: Using Network Security Config from resource 0_resource_name_obfuscated debugBuild: false
09-02 00:00:26.052 18402 18402 I cr_SplitCompatApp: Launched version=107.0.5304.91 minSdkVersion=29 isBundle=true processName=com.android.chrome:sandboxed_process0:org.chromium.content.app.SandboxedProcessService0:29 isIsolated=true
09-02 00:00:26.054 17439 17439 E cr_IntentUtils: getBooleanExtra failed on intent null
09-02 00:00:26.054 18471 18471 E cessService0:3: Not starting debugger since process cannot load the jdwp agent.
09-02 00:00:26.054 17439 17439 E cr_IntentUtils: getBooleanExtra failed on intent null
09-02 00:00:26.060 17439 17439 I cr_tabmodel: #isIncognitoTabBeingRestored from tabDetails:  false
09-02 00:00:26.060 17439 17439 I cr_tabmodel: #isIncognitoTabBeingRestored from tabDetails:  false
09-02 00:00:26.060 17439 17439 W cr_tabmodel: Failed to restore TabState; creating Tab with last known URL.
09-02 00:00:26.062 18368 18420 I cr_LibraryLoader: Using ModernLinker
09-02 00:00:26.064 18368 18420 W linker  : Warning: "/data/app/~~_KLlx60MH8CoecPTjMKp8g==/com.android.chrome-kw9RHYrlHKb9bPXi8OTClw==/base.apk!/lib/arm64-v8a/libchromium_android_linker.so" unused DT entry: unknown processor-specific (type 0x70000001 arg 0x0) (ignoring)
09-02 00:00:26.075 17439 17439 E cr_IntentUtils: getBooleanExtra failed on intent null
09-02 00:00:26.075 17439 17439 E cr_IntentUtils: getBooleanExtra failed on intent null
09-02 00:00:26.078 18368 18420 E cr_ChromiumAndroidLinker: ReserveAddressWithHint: Address range starting at 0x7a38769000 was not free to use
09-02 00:00:26.079 17439 17439 I cr_tabmodel: #isIncognitoTabBeingRestored from tabDetails:  false
09-02 00:00:26.079 17439 17439 I cr_tabmodel: #isIncognitoTabBeingRestored from tabDetails:  false
09-02 00:00:26.079 17439 17439 W cr_tabmodel: Failed to restore TabState; creating Tab with last known URL.
09-02 00:00:26.093 17492 17492 D Zygote  : Forked child process 18505
09-02 00:00:26.098 18368 18469 I cr_LibraryLoader: Successfully loaded native library
09-02 00:00:26.098 18402 18402 W SystemServiceRegistry: No service published for: uimode
09-02 00:00:26.100 18368 18469 I cr_CachingUmaRecorder: Flushed 3 samples from 3 histograms.
09-02 00:00:26.101 17439 17439 E cr_IntentUtils: getBooleanExtra failed on intent null
09-02 00:00:26.101 17439 17439 E cr_IntentUtils: getBooleanExtra failed on intent null
09-02 00:00:26.103  1513  1625 W ActivityManager: Slow operation: 701ms so far, now at startProcess: returned from zygote!
09-02 00:00:26.104  1513  1625 W ActivityManager: Slow operation: 702ms so far, now at startProcess: done updating battery stats
09-02 00:00:26.104  1513  1625 W ActivityManager: Slow operation: 702ms so far, now at startProcess: building log message
09-02 00:00:26.104  1513  1625 I ActivityManager: Start proc 18505:com.android.chrome:sandboxed_process0:org.chromium.content.app.SandboxedProcessService0:32/u0ai32 for  {com.android.chrome/org.chromium.content.app.SandboxedProcessService0:32}
09-02 00:00:26.104  1513  1625 W ActivityManager: Slow operation: 702ms so far, now at startProcess: starting to update pids map
09-02 00:00:26.104  1513  1625 W ActivityManager: Slow operation: 702ms so far, now at startProcess: done updating pids map
09-02 00:00:26.104  1513  1625 W ActivityManager: Slow operation: 675ms so far, now at startProcess: asking zygote to start proc
09-02 00:00:26.108 17439 17439 I cr_tabmodel: #isIncognitoTabBeingRestored from tabDetails:  false
09-02 00:00:26.108 17439 17439 I cr_tabmodel: #isIncognitoTabBeingRestored from tabDetails:  false
09-02 00:00:26.108 17439 17439 W cr_tabmodel: Failed to restore TabState; creating Tab with last known URL.
09-02 00:00:26.109 18505 18505 E libc    : SetHeapTaggingLevel: re-enabling tagging after it was disabled is not supported
09-02 00:00:26.117  1513  4618 D CompatibilityChangeReporter: Compat change id reported: 136274596; UID 10220; state: ENABLED
09-02 00:00:26.121 18505 18505 E cessService0:3: Not starting debugger since process cannot load the jdwp agent.
09-02 00:00:26.121 18402 18402 I cr_ChildProcessService: Creating new ChildProcessService pid=18402
09-02 00:00:26.126 17439 17439 E cr_IntentUtils: getBooleanExtra failed on intent null
09-02 00:00:26.126 17439 17439 E cr_IntentUtils: getBooleanExtra failed on intent null
09-02 00:00:26.131  1513  8504 D CompatibilityChangeReporter: Compat change id reported: 135634846; UID 10220; state: DISABLED
09-02 00:00:26.131  1513  8504 D CompatibilityChangeReporter: Compat change id reported: 135754954; UID 10220; state: ENABLED
09-02 00:00:26.134 17439 17439 I cr_tabmodel: #isIncognitoTabBeingRestored from tabDetails:  false
09-02 00:00:26.134 17439 17439 I cr_tabmodel: #isIncognitoTabBeingRestored from tabDetails:  false
09-02 00:00:26.134 17439 17439 W cr_tabmodel: Failed to restore TabState; creating Tab with last known URL.
09-02 00:00:26.147 17439 17439 E cr_IntentUtils: getBooleanExtra failed on intent null
09-02 00:00:26.147 17439 17439 E cr_IntentUtils: getBooleanExtra failed on intent null
09-02 00:00:26.154 17439 17439 I cr_tabmodel: #isIncognitoTabBeingRestored from tabDetails:  false
09-02 00:00:26.154 17439 17439 I cr_tabmodel: #isIncognitoTabBeingRestored from tabDetails:  false
09-02 00:00:26.154 17439 17439 W cr_tabmodel: Failed to restore TabState; creating Tab with last known URL.
09-02 00:00:26.157 17492 17492 D Zygote  : Forked child process 18534
09-02 00:00:26.158  1513  1625 W ActivityManager: Slow operation: 729ms so far, now at startProcess: returned from zygote!
09-02 00:00:26.160  1513  8504 D CompatibilityChangeReporter: Compat change id reported: 136274596; UID 10220; state: ENABLED
09-02 00:00:26.163  1513  1625 W ActivityManager: Slow operation: 733ms so far, now at startProcess: done updating battery stats
09-02 00:00:26.163  1513  1625 W ActivityManager: Slow operation: 734ms so far, now at startProcess: building log message
09-02 00:00:26.163  1513  1625 I ActivityManager: Start proc 18534:com.android.chrome:sandboxed_process0:org.chromium.content.app.SandboxedProcessService0:33/u0ai33 for  {com.android.chrome/org.chromium.content.app.SandboxedProcessService0:33}
09-02 00:00:26.163  1513  1625 W ActivityManager: Slow operation: 734ms so far, now at startProcess: starting to update pids map
09-02 00:00:26.166  1513  1625 W ActivityManager: Slow operation: 736ms so far, now at startProcess: done updating pids map
09-02 00:00:26.166  1513  1625 W ActivityManager: Slow operation: 718ms so far, now at startProcess: asking zygote to start proc
09-02 00:00:26.166  1513  1625 D CompatibilityChangeReporter: Compat change id reported: 143937733; UID 10220; state: ENABLED
09-02 00:00:26.167   901  1000 D VSC     : @ 50812.618: [WO] tilt angle 89
09-02 00:00:26.168  1513  8504 D CompatibilityChangeReporter: Compat change id reported: 135634846; UID 10220; state: DISABLED
09-02 00:00:26.168  1513  8504 D CompatibilityChangeReporter: Compat change id reported: 135754954; UID 10220; state: ENABLED
09-02 00:00:26.171 17439 17439 E cr_IntentUtils: getBooleanExtra failed on intent null
09-02 00:00:26.171 17439 17439 E cr_IntentUtils: getBooleanExtra failed on intent null
09-02 00:00:26.175 18441 18441 I LoadedApk: No resource references to update in package com.google.android.trichromelibrary
09-02 00:00:26.175 18441 18441 D NetworkSecurityConfig: Using Network Security Config from resource 0_resource_name_obfuscated debugBuild: false
09-02 00:00:26.176 18441 18441 D NetworkSecurityConfig: Using Network Security Config from resource 0_resource_name_obfuscated debugBuild: false
09-02 00:00:26.179 17439 17439 I cr_tabmodel: #isIncognitoTabBeingRestored from tabDetails:  false
09-02 00:00:26.179 17439 17439 I cr_tabmodel: #isIncognitoTabBeingRestored from tabDetails:  false
09-02 00:00:26.179 17439 17439 W cr_tabmodel: Failed to restore TabState; creating Tab with last known URL.
09-02 00:00:26.180 18471 18471 I LoadedApk: No resource references to update in package com.google.android.trichromelibrary
09-02 00:00:26.181 18471 18471 D NetworkSecurityConfig: Using Network Security Config from resource 0_resource_name_obfuscated debugBuild: false
09-02 00:00:26.182 18471 18471 D NetworkSecurityConfig: Using Network Security Config from resource 0_resource_name_obfuscated debugBuild: false
09-02 00:00:26.186 18471 18471 I cr_SplitCompatApp: Launched version=107.0.5304.91 minSdkVersion=29 isBundle=true processName=com.android.chrome:sandboxed_process0:org.chromium.content.app.SandboxedProcessService0:31 isIsolated=true
09-02 00:00:26.186 18441 18441 I cr_SplitCompatApp: Launched version=107.0.5304.91 minSdkVersion=29 isBundle=true processName=com.android.chrome:sandboxed_process0:org.chromium.content.app.SandboxedProcessService0:30 isIsolated=true
09-02 00:00:26.196 17439 17439 E cr_IntentUtils: getBooleanExtra failed on intent null
09-02 00:00:26.196 17439 17439 E cr_IntentUtils: getBooleanExtra failed on intent null
09-02 00:00:26.201 18505 18505 I LoadedApk: No resource references to update in package com.google.android.trichromelibrary
09-02 00:00:26.201 18505 18505 D NetworkSecurityConfig: Using Network Security Config from resource 0_resource_name_obfuscated debugBuild: false
09-02 00:00:26.202 18505 18505 D NetworkSecurityConfig: Using Network Security Config from resource 0_resource_name_obfuscated debugBuild: false
09-02 00:00:26.206 18534 18534 E libc    : SetHeapTaggingLevel: re-enabling tagging after it was disabled is not supported
09-02 00:00:26.208 18402 18456 I cr_LibraryLoader: Using ModernLinker
09-02 00:00:26.208 17439 17439 E cr_BTSPrefs: No data found for task id: 53
09-02 00:00:26.208 17439 17439 E cr_BkgrdTaskScheduler: Task cannot be canceled because no data was found instorage or data was invalid
09-02 00:00:26.208 18471 18471 W SystemServiceRegistry: No service published for: uimode
09-02 00:00:26.211 17439 17439 I cr_tabmodel: #isIncognitoTabBeingRestored from tabDetails:  false
09-02 00:00:26.211 18534 18534 E cessService0:3: Not starting debugger since process cannot load the jdwp agent.
09-02 00:00:26.211 17439 17439 I cr_tabmodel: #isIncognitoTabBeingRestored from tabDetails:  false
09-02 00:00:26.211 17439 17439 W cr_tabmodel: Failed to restore TabState; creating Tab with last known URL.
09-02 00:00:26.211 18402 18456 W linker  : Warning: "/data/app/~~_KLlx60MH8CoecPTjMKp8g==/com.android.chrome-kw9RHYrlHKb9bPXi8OTClw==/base.apk!/lib/arm64-v8a/libchromium_android_linker.so" unused DT entry: unknown processor-specific (type 0x70000001 arg 0x0) (ignoring)
09-02 00:00:26.215 18471 18471 I cr_ChildProcessService: Creating new ChildProcessService pid=18471
09-02 00:00:26.215 18402 18456 E cr_ChromiumAndroidLinker: ReserveAddressWithHint: Address range starting at 0x7a38769000 was not free to use
09-02 00:00:26.221 18441 18441 W SystemServiceRegistry: No service published for: uimode
09-02 00:00:26.222 18471 18521 I cr_LibraryLoader: Using ModernLinker
09-02 00:00:26.224 18402 18527 I cr_LibraryLoader: Successfully loaded native library
09-02 00:00:26.225 18471 18521 W linker  : Warning: "/data/app/~~_KLlx60MH8CoecPTjMKp8g==/com.android.chrome-kw9RHYrlHKb9bPXi8OTClw==/base.apk!/lib/arm64-v8a/libchromium_android_linker.so" unused DT entry: unknown processor-specific (type 0x70000001 arg 0x0) (ignoring)
09-02 00:00:26.225 18402 18527 I cr_CachingUmaRecorder: Flushed 3 samples from 3 histograms.
09-02 00:00:26.228 18441 18441 I cr_ChildProcessService: Creating new ChildProcessService pid=18441
09-02 00:00:26.228 17439 17439 E cr_IntentUtils: getBooleanExtra failed on intent null
09-02 00:00:26.228 17439 17439 E cr_IntentUtils: getBooleanExtra failed on intent null
09-02 00:00:26.229 18471 18521 E cr_ChromiumAndroidLinker: ReserveAddressWithHint: Address range starting at 0x7a38769000 was not free to use
09-02 00:00:26.229 18505 18505 I cr_SplitCompatApp: Launched version=107.0.5304.91 minSdkVersion=29 isBundle=true processName=com.android.chrome:sandboxed_process0:org.chromium.content.app.SandboxedProcessService0:32 isIsolated=true
09-02 00:00:26.230 17492 17492 D Zygote  : Forked child process 18564
09-02 00:00:26.230  1513  1625 W ActivityManager: Slow operation: 782ms so far, now at startProcess: returned from zygote!
09-02 00:00:26.230  1513  1625 W ActivityManager: Slow operation: 782ms so far, now at startProcess: done updating battery stats
09-02 00:00:26.230  1513  1625 W ActivityManager: Slow operation: 782ms so far, now at startProcess: building log message
09-02 00:00:26.231  1513  1625 I ActivityManager: Start proc 18564:com.android.chrome:sandboxed_process0:org.chromium.content.app.SandboxedProcessService0:34/u0ai34 for  {com.android.chrome/org.chromium.content.app.SandboxedProcessService0:34}
09-02 00:00:26.231  1513  1625 W ActivityManager: Slow operation: 782ms so far, now at startProcess: starting to update pids map
09-02 00:00:26.231  1513  1625 W ActivityManager: Slow operation: 782ms so far, now at startProcess: done updating pids map
09-02 00:00:26.231  1513  1625 W ActivityManager: Slow operation: 730ms so far, now at startProcess: asking zygote to start proc
09-02 00:00:26.240 17439 17439 I cr_tabmodel: #isIncognitoTabBeingRestored from tabDetails:  false
09-02 00:00:26.240 17439 17439 I cr_tabmodel: #isIncognitoTabBeingRestored from tabDetails:  false
09-02 00:00:26.240 17439 17439 W cr_tabmodel: Failed to restore TabState; creating Tab with last known URL.
09-02 00:00:26.241 18441 18470 I cr_LibraryLoader: Using ModernLinker
09-02 00:00:26.242 18441 18470 W linker  : Warning: "/data/app/~~_KLlx60MH8CoecPTjMKp8g==/com.android.chrome-kw9RHYrlHKb9bPXi8OTClw==/base.apk!/lib/arm64-v8a/libchromium_android_linker.so" unused DT entry: unknown processor-specific (type 0x70000001 arg 0x0) (ignoring)
09-02 00:00:26.248 18505 18505 W SystemServiceRegistry: No service published for: uimode
09-02 00:00:26.250  1513  2172 D CompatibilityChangeReporter: Compat change id reported: 136274596; UID 10220; state: ENABLED
09-02 00:00:26.251 18564 18564 E libc    : SetHeapTaggingLevel: re-enabling tagging after it was disabled is not supported
09-02 00:00:26.253 17439 17439 E cr_IntentUtils: getBooleanExtra failed on intent null
09-02 00:00:26.253 17439 17439 E cr_IntentUtils: getBooleanExtra failed on intent null
09-02 00:00:26.253 18505 18505 I cr_ChildProcessService: Creating new ChildProcessService pid=18505
09-02 00:00:26.256 18471 18559 I cr_LibraryLoader: Successfully loaded native library
09-02 00:00:26.256  1513  8504 D CompatibilityChangeReporter: Compat change id reported: 135634846; UID 10220; state: DISABLED
09-02 00:00:26.257  1513  8504 D CompatibilityChangeReporter: Compat change id reported: 135754954; UID 10220; state: ENABLED
09-02 00:00:26.257 18564 18564 E cessService0:3: Not starting debugger since process cannot load the jdwp agent.
09-02 00:00:26.257 18471 18559 I cr_CachingUmaRecorder: Flushed 3 samples from 3 histograms.
09-02 00:00:26.260 17439 17439 I cr_tabmodel: #isIncognitoTabBeingRestored from tabDetails:  false
09-02 00:00:26.260 17439 17439 I cr_tabmodel: #isIncognitoTabBeingRestored from tabDetails:  false
09-02 00:00:26.260 17439 17439 W cr_tabmodel: Failed to restore TabState; creating Tab with last known URL.
09-02 00:00:26.264 18505 18539 I cr_LibraryLoader: Using ModernLinker
09-02 00:00:26.265 18505 18539 W linker  : Warning: "/data/app/~~_KLlx60MH8CoecPTjMKp8g==/com.android.chrome-kw9RHYrlHKb9bPXi8OTClw==/base.apk!/lib/arm64-v8a/libchromium_android_linker.so" unused DT entry: unknown processor-specific (type 0x70000001 arg 0x0) (ignoring)
09-02 00:00:26.266 18505 18539 E cr_ChromiumAndroidLinker: ReserveAddressWithHint: Address range starting at 0x7a38769000 was not free to use
09-02 00:00:26.268 17492 17492 D Zygote  : Forked child process 18589
09-02 00:00:26.271 18505 18578 I cr_LibraryLoader: Successfully loaded native library
09-02 00:00:26.272  1513  8504 D CompatibilityChangeReporter: Compat change id reported: 136274596; UID 10220; state: ENABLED
09-02 00:00:26.274 18505 18578 I cr_CachingUmaRecorder: Flushed 3 samples from 3 histograms.
09-02 00:00:26.275 18589 18589 E libc    : SetHeapTaggingLevel: re-enabling tagging after it was disabled is not supported
09-02 00:00:26.275 17439 17439 E cr_IntentUtils: getBooleanExtra failed on intent null
09-02 00:00:26.275 17439 17439 E cr_IntentUtils: getBooleanExtra failed on intent null
09-02 00:00:26.279  1513  7910 D CompatibilityChangeReporter: Compat change id reported: 135634846; UID 10220; state: DISABLED
09-02 00:00:26.279  1513  7910 D CompatibilityChangeReporter: Compat change id reported: 135754954; UID 10220; state: ENABLED
09-02 00:00:26.280  1513  1625 W ActivityManager: Slow operation: 780ms so far, now at startProcess: returned from zygote!
09-02 00:00:26.280  1513  1625 W ActivityManager: Slow operation: 780ms so far, now at startProcess: done updating battery stats
09-02 00:00:26.280  1513  1625 W ActivityManager: Slow operation: 780ms so far, now at startProcess: building log message
09-02 00:00:26.280  1513  1625 I ActivityManager: Start proc 18589:com.android.chrome:sandboxed_process0:org.chromium.content.app.SandboxedProcessService0:35/u0ai35 for  {com.android.chrome/org.chromium.content.app.SandboxedProcessService0:35}
09-02 00:00:26.280  1513  1625 W ActivityManager: Slow operation: 780ms so far, now at startProcess: starting to update pids map
09-02 00:00:26.280  1513  1625 W ActivityManager: Slow operation: 780ms so far, now at startProcess: done updating pids map
09-02 00:00:26.280  1513  1625 W ActivityManager: Slow operation: 759ms so far, now at startProcess: asking zygote to start proc
09-02 00:00:26.281  1513  1625 D CompatibilityChangeReporter: Compat change id reported: 143937733; UID 10220; state: ENABLED
09-02 00:00:26.283 17439 17439 I cr_tabmodel: #isIncognitoTabBeingRestored from tabDetails:  false
09-02 00:00:26.283 17439 17439 I cr_tabmodel: #isIncognitoTabBeingRestored from tabDetails:  false
09-02 00:00:26.283 17439 17439 W cr_tabmodel: Failed to restore TabState; creating Tab with last known URL.
09-02 00:00:26.291 18441 18562 I cr_LibraryLoader: Successfully loaded native library
09-02 00:00:26.295 18441 18562 I cr_CachingUmaRecorder: Flushed 3 samples from 3 histograms.
09-02 00:00:26.296 18589 18589 E cessService0:3: Not starting debugger since process cannot load the jdwp agent.
09-02 00:00:26.299 17439 17439 E cr_IntentUtils: getBooleanExtra failed on intent null
09-02 00:00:26.299 17439 17439 E cr_IntentUtils: getBooleanExtra failed on intent null
09-02 00:00:26.303 18534 18534 I LoadedApk: No resource references to update in package com.google.android.trichromelibrary
09-02 00:00:26.304 18534 18534 D NetworkSecurityConfig: Using Network Security Config from resource 0_resource_name_obfuscated debugBuild: false
09-02 00:00:26.307 17439 17439 I cr_tabmodel: #isIncognitoTabBeingRestored from tabDetails:  false
09-02 00:00:26.307 17439 17439 I cr_tabmodel: #isIncognitoTabBeingRestored from tabDetails:  false
09-02 00:00:26.308 17439 17439 W cr_tabmodel: Failed to restore TabState; creating Tab with last known URL.
09-02 00:00:26.308 18534 18534 D NetworkSecurityConfig: Using Network Security Config from resource 0_resource_name_obfuscated debugBuild: false
09-02 00:00:26.310 18534 18534 I cr_SplitCompatApp: Launched version=107.0.5304.91 minSdkVersion=29 isBundle=true processName=com.android.chrome:sandboxed_process0:org.chromium.content.app.SandboxedProcessService0:33 isIsolated=true
09-02 00:00:26.318 18564 18564 I LoadedApk: No resource references to update in package com.google.android.trichromelibrary
09-02 00:00:26.318 18564 18564 D NetworkSecurityConfig: Using Network Security Config from resource 0_resource_name_obfuscated debugBuild: false
09-02 00:00:26.318 17492 17492 D Zygote  : Forked child process 18622
09-02 00:00:26.320 18564 18564 D NetworkSecurityConfig: Using Network Security Config from resource 0_resource_name_obfuscated debugBuild: false
09-02 00:00:26.321 18564 18564 I cr_SplitCompatApp: Launched version=107.0.5304.91 minSdkVersion=29 isBundle=true processName=com.android.chrome:sandboxed_process0:org.chromium.content.app.SandboxedProcessService0:34 isIsolated=true
09-02 00:00:26.322 17439 17439 E cr_IntentUtils: getBooleanExtra failed on intent null
09-02 00:00:26.322 18622 18622 E libc    : SetHeapTaggingLevel: re-enabling tagging after it was disabled is not supported
09-02 00:00:26.322 17439 17439 E cr_IntentUtils: getBooleanExtra failed on intent null
09-02 00:00:26.324  1513  1625 W ActivityManager: Slow operation: 802ms so far, now at startProcess: returned from zygote!
09-02 00:00:26.324  1513  1625 W ActivityManager: Slow operation: 803ms so far, now at startProcess: done updating battery stats
09-02 00:00:26.324  1513  1625 W ActivityManager: Slow operation: 803ms so far, now at startProcess: building log message
09-02 00:00:26.324  1513  1625 I ActivityManager: Start proc 18622:com.android.chrome:sandboxed_process0:org.chromium.content.app.SandboxedProcessService0:36/u0ai36 for  {com.android.chrome/org.chromium.content.app.SandboxedProcessService0:36}
09-02 00:00:26.324  1513  1625 W ActivityManager: Slow operation: 803ms so far, now at startProcess: starting to update pids map
09-02 00:00:26.324  1513  1625 W ActivityManager: Slow operation: 803ms so far, now at startProcess: done updating pids map
09-02 00:00:26.324  1513  1625 W ActivityManager: Slow operation: 771ms so far, now at startProcess: asking zygote to start proc
09-02 00:00:26.326 18534 18534 W SystemServiceRegistry: No service published for: uimode
09-02 00:00:26.331 17439 17439 I cr_tabmodel: #isIncognitoTabBeingRestored from tabDetails:  false
09-02 00:00:26.331 17439 17439 I cr_tabmodel: #isIncognitoTabBeingRestored from tabDetails:  false
09-02 00:00:26.331 17439 17439 W cr_tabmodel: Failed to restore TabState; creating Tab with last known URL.
09-02 00:00:26.332 18534 18534 I cr_ChildProcessService: Creating new ChildProcessService pid=18534
09-02 00:00:26.341 18534 18580 I cr_LibraryLoader: Using ModernLinker
09-02 00:00:26.342 18534 18580 W linker  : Warning: "/data/app/~~_KLlx60MH8CoecPTjMKp8g==/com.android.chrome-kw9RHYrlHKb9bPXi8OTClw==/base.apk!/lib/arm64-v8a/libchromium_android_linker.so" unused DT entry: unknown processor-specific (type 0x70000001 arg 0x0) (ignoring)
09-02 00:00:26.343 18534 18580 E cr_ChromiumAndroidLinker: ReserveAddressWithHint: Address range starting at 0x7a38769000 was not free to use
09-02 00:00:26.343  1513  2172 D CompatibilityChangeReporter: Compat change id reported: 136274596; UID 10220; state: ENABLED
09-02 00:00:26.345 17439 17439 E cr_IntentUtils: getBooleanExtra failed on intent null
09-02 00:00:26.345 17439 17439 E cr_IntentUtils: getBooleanExtra failed on intent null
09-02 00:00:26.353  1513  4618 D CompatibilityChangeReporter: Compat change id reported: 135634846; UID 10220; state: DISABLED
09-02 00:00:26.353  1513  4618 D CompatibilityChangeReporter: Compat change id reported: 135754954; UID 10220; state: ENABLED
09-02 00:00:26.354 17439 17439 I cr_tabmodel: #isIncognitoTabBeingRestored from tabDetails:  false
09-02 00:00:26.354 17439 17439 I cr_tabmodel: #isIncognitoTabBeingRestored from tabDetails:  false
09-02 00:00:26.354 17439 17439 W cr_tabmodel: Failed to restore TabState; creating Tab with last known URL.
09-02 00:00:26.357 18534 18643 I cr_LibraryLoader: Successfully loaded native library
09-02 00:00:26.357 18534 18643 I cr_CachingUmaRecorder: Flushed 3 samples from 3 histograms.
09-02 00:00:26.362 18564 18564 W SystemServiceRegistry: No service published for: uimode
09-02 00:00:26.369 18564 18564 I cr_ChildProcessService: Creating new ChildProcessService pid=18564
09-02 00:00:26.371 17439 17439 E cr_IntentUtils: getBooleanExtra failed on intent null
09-02 00:00:26.372 17439 17439 E cr_IntentUtils: getBooleanExtra failed on intent null
09-02 00:00:26.383 17439 17439 I cr_tabmodel: #isIncognitoTabBeingRestored from tabDetails:  false
09-02 00:00:26.383 17439 17439 I cr_tabmodel: #isIncognitoTabBeingRestored from tabDetails:  false
09-02 00:00:26.383 17439 17439 W cr_tabmodel: Failed to restore TabState; creating Tab with last known URL.
09-02 00:00:26.383 18622 18622 E cessService0:3: Not starting debugger since process cannot load the jdwp agent.
09-02 00:00:26.391 18564 18585 I cr_LibraryLoader: Using ModernLinker
09-02 00:00:26.391 18589 18589 I LoadedApk: No resource references to update in package com.google.android.trichromelibrary
09-02 00:00:26.391 18589 18589 D NetworkSecurityConfig: Using Network Security Config from resource 0_resource_name_obfuscated debugBuild: false
09-02 00:00:26.392 18564 18585 W linker  : Warning: "/data/app/~~_KLlx60MH8CoecPTjMKp8g==/com.android.chrome-kw9RHYrlHKb9bPXi8OTClw==/base.apk!/lib/arm64-v8a/libchromium_android_linker.so" unused DT entry: unknown processor-specific (type 0x70000001 arg 0x0) (ignoring)
09-02 00:00:26.393 18564 18585 E cr_ChromiumAndroidLinker: ReserveAddressWithHint: Address range starting at 0x7a38769000 was not free to use
09-02 00:00:26.397  1513  4618 D CompatibilityChangeReporter: Compat change id reported: 136274596; UID 10220; state: ENABLED
09-02 00:00:26.400 18589 18589 D NetworkSecurityConfig: Using Network Security Config from resource 0_resource_name_obfuscated debugBuild: false
09-02 00:00:26.401 17439 17439 E cr_IntentUtils: getBooleanExtra failed on intent null
09-02 00:00:26.401 17439 17439 E cr_IntentUtils: getBooleanExtra failed on intent null
09-02 00:00:26.402  1513  2172 D CompatibilityChangeReporter: Compat change id reported: 135634846; UID 10220; state: DISABLED
09-02 00:00:26.402 18589 18589 I cr_SplitCompatApp: Launched version=107.0.5304.91 minSdkVersion=29 isBundle=true processName=com.android.chrome:sandboxed_process0:org.chromium.content.app.SandboxedProcessService0:35 isIsolated=true
09-02 00:00:26.402  1513  2172 D CompatibilityChangeReporter: Compat change id reported: 135754954; UID 10220; state: ENABLED
09-02 00:00:26.404 18564 18652 I cr_LibraryLoader: Successfully loaded native library
09-02 00:00:26.406 18564 18652 I cr_CachingUmaRecorder: Flushed 3 samples from 3 histograms.
09-02 00:00:26.414 17492 17492 D Zygote  : Forked child process 18669
09-02 00:00:26.416  1513  1625 W ActivityManager: Slow operation: 862ms so far, now at startProcess: returned from zygote!
09-02 00:00:26.417 17439 17439 I cr_tabmodel: #isIncognitoTabBeingRestored from tabDetails:  false
09-02 00:00:26.417 17439 17439 I cr_tabmodel: #isIncognitoTabBeingRestored from tabDetails:  false
09-02 00:00:26.417 17439 17439 W cr_tabmodel: Failed to restore TabState; creating Tab with last known URL.
09-02 00:00:26.418  1513  1625 W ActivityManager: Slow operation: 865ms so far, now at startProcess: done updating battery stats
09-02 00:00:26.418  1513  1625 W ActivityManager: Slow operation: 865ms so far, now at startProcess: building log message
09-02 00:00:26.418  1513  1625 I ActivityManager: Start proc 18669:com.android.chrome:sandboxed_process0:org.chromium.content.app.SandboxedProcessService0:37/u0ai37 for  {com.android.chrome/org.chromium.content.app.SandboxedProcessService0:37}
09-02 00:00:26.418  1513  1625 W ActivityManager: Slow operation: 865ms so far, now at startProcess: starting to update pids map
09-02 00:00:26.418  1513  1625 W ActivityManager: Slow operation: 865ms so far, now at startProcess: done updating pids map
09-02 00:00:26.419  1513  1625 W ActivityManager: Slow operation: 838ms so far, now at startProcess: asking zygote to start proc
09-02 00:00:26.419  1513  1625 D CompatibilityChangeReporter: Compat change id reported: 143937733; UID 10220; state: ENABLED
09-02 00:00:26.425 18669 18669 E libc    : SetHeapTaggingLevel: re-enabling tagging after it was disabled is not supported
09-02 00:00:26.431 18589 18589 W SystemServiceRegistry: No service published for: uimode
09-02 00:00:26.436 17439 17439 E cr_IntentUtils: getBooleanExtra failed on intent null
09-02 00:00:26.436 17439 17439 E cr_IntentUtils: getBooleanExtra failed on intent null
09-02 00:00:26.443 18589 18589 I cr_ChildProcessService: Creating new ChildProcessService pid=18589
09-02 00:00:26.444 18669 18669 E cessService0:3: Not starting debugger since process cannot load the jdwp agent.
09-02 00:00:26.445 17439 17439 I cr_tabmodel: #isIncognitoTabBeingRestored from tabDetails:  false
09-02 00:00:26.445 17439 17439 I cr_tabmodel: #isIncognitoTabBeingRestored from tabDetails:  false
09-02 00:00:26.445 17439 17439 W cr_tabmodel: Failed to restore TabState; creating Tab with last known URL.
09-02 00:00:26.453 18622 18622 I LoadedApk: No resource references to update in package com.google.android.trichromelibrary
09-02 00:00:26.453 18622 18622 D NetworkSecurityConfig: Using Network Security Config from resource 0_resource_name_obfuscated debugBuild: false
09-02 00:00:26.454 18622 18622 D NetworkSecurityConfig: Using Network Security Config from resource 0_resource_name_obfuscated debugBuild: false
09-02 00:00:26.456 18622 18622 I cr_SplitCompatApp: Launched version=107.0.5304.91 minSdkVersion=29 isBundle=true processName=com.android.chrome:sandboxed_process0:org.chromium.content.app.SandboxedProcessService0:36 isIsolated=true
09-02 00:00:26.464 17439 17439 E cr_IntentUtils: getBooleanExtra failed on intent null
09-02 00:00:26.464 17439 17439 E cr_IntentUtils: getBooleanExtra failed on intent null
09-02 00:00:26.467  1513  8504 D CompatibilityChangeReporter: Compat change id reported: 136274596; UID 10220; state: ENABLED
09-02 00:00:26.470  1513  7910 D CompatibilityChangeReporter: Compat change id reported: 135634846; UID 10220; state: DISABLED
09-02 00:00:26.470  1513  7910 D CompatibilityChangeReporter: Compat change id reported: 135754954; UID 10220; state: ENABLED
09-02 00:00:26.472 17492 17492 D Zygote  : Forked child process 18701
09-02 00:00:26.473 17439 17439 I cr_tabmodel: #isIncognitoTabBeingRestored from tabDetails:  false
09-02 00:00:26.473 17439 17439 I cr_tabmodel: #isIncognitoTabBeingRestored from tabDetails:  false
09-02 00:00:26.473 17439 17439 W cr_tabmodel: Failed to restore TabState; creating Tab with last known URL.
09-02 00:00:26.473  1513  1625 W ActivityManager: Slow operation: 893ms so far, now at startProcess: returned from zygote!
09-02 00:00:26.474  1513  1625 W ActivityManager: Slow operation: 893ms so far, now at startProcess: done updating battery stats
09-02 00:00:26.474  1513  1625 W ActivityManager: Slow operation: 893ms so far, now at startProcess: building log message
09-02 00:00:26.474  1513  1625 I ActivityManager: Start proc 18701:com.android.chrome:sandboxed_process0:org.chromium.content.app.SandboxedProcessService0:38/u0ai38 for  {com.android.chrome/org.chromium.content.app.SandboxedProcessService0:38}
09-02 00:00:26.474  1513  1625 W ActivityManager: Slow operation: 893ms so far, now at startProcess: starting to update pids map
09-02 00:00:26.474  1513  1625 W ActivityManager: Slow operation: 893ms so far, now at startProcess: done updating pids map
09-02 00:00:26.474  1513  1625 W ActivityManager: Slow operation: 841ms so far, now at startProcess: asking zygote to start proc
09-02 00:00:26.474  1513  1625 D CompatibilityChangeReporter: Compat change id reported: 143937733; UID 10220; state: ENABLED
09-02 00:00:26.477 18589 18646 I cr_LibraryLoader: Using ModernLinker
09-02 00:00:26.477 18701 18701 E libc    : SetHeapTaggingLevel: re-enabling tagging after it was disabled is not supported
09-02 00:00:26.479 18589 18646 W linker  : Warning: "/data/app/~~_KLlx60MH8CoecPTjMKp8g==/com.android.chrome-kw9RHYrlHKb9bPXi8OTClw==/base.apk!/lib/arm64-v8a/libchromium_android_linker.so" unused DT entry: unknown processor-specific (type 0x70000001 arg 0x0) (ignoring)
09-02 00:00:26.483 18589 18646 E cr_ChromiumAndroidLinker: ReserveAddressWithHint: Address range starting at 0x7a38769000 was not free to use
09-02 00:00:26.494 18622 18622 W SystemServiceRegistry: No service published for: uimode
09-02 00:00:26.494 18589 18691 I cr_LibraryLoader: Successfully loaded native library
09-02 00:00:26.494 17439 17439 E cr_IntentUtils: getBooleanExtra failed on intent null
09-02 00:00:26.495 17439 17439 E cr_IntentUtils: getBooleanExtra failed on intent null
09-02 00:00:26.495 18589 18691 I cr_CachingUmaRecorder: Flushed 3 samples from 3 histograms.
09-02 00:00:26.499 18622 18622 I cr_ChildProcessService: Creating new ChildProcessService pid=18622
09-02 00:00:26.505 18701 18701 E cessService0:3: Not starting debugger since process cannot load the jdwp agent.
09-02 00:00:26.507 17439 17439 I cr_tabmodel: #isIncognitoTabBeingRestored from tabDetails:  false
09-02 00:00:26.507 17439 17439 I cr_tabmodel: #isIncognitoTabBeingRestored from tabDetails:  false
09-02 00:00:26.507 17439 17439 W cr_tabmodel: Failed to restore TabState; creating Tab with last known URL.
09-02 00:00:26.507 18669 18669 I LoadedApk: No resource references to update in package com.google.android.trichromelibrary
09-02 00:00:26.507 18669 18669 D NetworkSecurityConfig: Using Network Security Config from resource 0_resource_name_obfuscated debugBuild: false
09-02 00:00:26.510 18669 18669 D NetworkSecurityConfig: Using Network Security Config from resource 0_resource_name_obfuscated debugBuild: false
09-02 00:00:26.513 18669 18669 I cr_SplitCompatApp: Launched version=107.0.5304.91 minSdkVersion=29 isBundle=true processName=com.android.chrome:sandboxed_process0:org.chromium.content.app.SandboxedProcessService0:37 isIsolated=true
09-02 00:00:26.516 18622 18674 I cr_LibraryLoader: Using ModernLinker
09-02 00:00:26.517 18622 18674 W linker  : Warning: "/data/app/~~_KLlx60MH8CoecPTjMKp8g==/com.android.chrome-kw9RHYrlHKb9bPXi8OTClw==/base.apk!/lib/arm64-v8a/libchromium_android_linker.so" unused DT entry: unknown processor-specific (type 0x70000001 arg 0x0) (ignoring)
09-02 00:00:26.520  1513  7910 D CompatibilityChangeReporter: Compat change id reported: 136274596; UID 10220; state: ENABLED
09-02 00:00:26.525 17439 17439 E cr_IntentUtils: getBooleanExtra failed on intent null
09-02 00:00:26.525 17439 17439 E cr_IntentUtils: getBooleanExtra failed on intent null
09-02 00:00:26.530  1513  4618 D CompatibilityChangeReporter: Compat change id reported: 135634846; UID 10220; state: DISABLED
09-02 00:00:26.530  1513  4618 D CompatibilityChangeReporter: Compat change id reported: 135754954; UID 10220; state: ENABLED
09-02 00:00:26.534 17439 17439 I cr_tabmodel: #isIncognitoTabBeingRestored from tabDetails:  false
09-02 00:00:26.534 17439 17439 I cr_tabmodel: #isIncognitoTabBeingRestored from tabDetails:  false
09-02 00:00:26.534 17439 17439 W cr_tabmodel: Failed to restore TabState; creating Tab with last known URL.
09-02 00:00:26.536 18669 18669 W SystemServiceRegistry: No service published for: uimode
09-02 00:00:26.540 18622 18714 I cr_LibraryLoader: Successfully loaded native library
09-02 00:00:26.541 18622 18714 I cr_CachingUmaRecorder: Flushed 3 samples from 3 histograms.
09-02 00:00:26.541 18669 18669 I cr_ChildProcessService: Creating new ChildProcessService pid=18669
09-02 00:00:26.547 18669 18700 I cr_LibraryLoader: Using ModernLinker
09-02 00:00:26.548 17492 17492 D Zygote  : Forked child process 18734
09-02 00:00:26.550  1513  1625 W ActivityManager: Slow operation: 917ms so far, now at startProcess: returned from zygote!
09-02 00:00:26.550  1513  1625 W ActivityManager: Slow operation: 918ms so far, now at startProcess: done updating battery stats
