09-01 23:58:53.479  1513  2571 D CompatibilityChangeReporter: Compat change id reported: 135634846; UID 10220; state: DISABLED
09-01 23:58:53.479  1513  2571 D CompatibilityChangeReporter: Compat change id reported: 135754954; UID 10220; state: ENABLED
09-01 23:58:53.479 14260 14260 D Zygote  : Forked child process 14522
09-01 23:58:53.480 14458 14458 I cr_SplitCompatApp: Launched version=107.0.5304.91 minSdkVersion=29 isBundle=true processName=com.android.chrome:sandboxed_process0:org.chromium.content.app.SandboxedProcessService0:3 isIsolated=true
09-01 23:58:53.481  1513  1625 I ActivityManager: Start proc 14522:com.android.chrome:sandboxed_process0:org.chromium.content.app.SandboxedProcessService0:5/u0ai5 for  {com.android.chrome/org.chromium.content.app.SandboxedProcessService0:5}
09-01 23:58:53.481  1513  1625 D CompatibilityChangeReporter: Compat change id reported: 143937733; UID 10220; state: ENABLED
09-01 23:58:53.484 14522 14522 E libc    : SetHeapTaggingLevel: re-enabling tagging after it was disabled is not supported
09-01 23:58:53.490 14209 14209 I cr_tabmodel: #isIncognitoTabBeingRestored from tabDetails:  false
09-01 23:58:53.490 14209 14209 I cr_tabmodel: #isIncognitoTabBeingRestored from tabDetails:  false
09-01 23:58:53.490 14209 14209 W cr_tabmodel: Failed to restore TabState; creating Tab with last known URL.
09-01 23:58:53.493 14522 14522 E ocessService0:: Not starting debugger since process cannot load the jdwp agent.
09-01 23:58:53.493 14434 14510 I cr_LibraryLoader: Successfully loaded native library
09-01 23:58:53.494 14434 14510 I cr_CachingUmaRecorder: Flushed 3 samples from 3 histograms.
09-01 23:58:53.499 14458 14458 W SystemServiceRegistry: No service published for: uimode
09-01 23:58:53.503 14209 14209 E cr_IntentUtils: getBooleanExtra failed on intent null
09-01 23:58:53.503 14209 14209 E cr_IntentUtils: getBooleanExtra failed on intent null
09-01 23:58:53.504 14458 14458 I cr_ChildProcessService: Creating new ChildProcessService pid=14458
09-01 23:58:53.512 14479 14479 I LoadedApk: No resource references to update in package com.google.android.trichromelibrary
09-01 23:58:53.512 14479 14479 D NetworkSecurityConfig: Using Network Security Config from resource 0_resource_name_obfuscated debugBuild: false
09-01 23:58:53.512 14209 14209 I cr_tabmodel: #isIncognitoTabBeingRestored from tabDetails:  false
09-01 23:58:53.512 14209 14209 I cr_tabmodel: #isIncognitoTabBeingRestored from tabDetails:  false
09-01 23:58:53.512 14209 14209 W cr_tabmodel: Failed to restore TabState; creating Tab with last known URL.
09-01 23:58:53.513 14479 14479 D NetworkSecurityConfig: Using Network Security Config from resource 0_resource_name_obfuscated debugBuild: false
09-01 23:58:53.515 14260 14260 D Zygote  : Forked child process 14561
09-01 23:58:53.515 14458 14478 I cr_LibraryLoader: Using ModernLinker
09-01 23:58:53.515 14479 14479 I cr_SplitCompatApp: Launched version=107.0.5304.91 minSdkVersion=29 isBundle=true processName=com.android.chrome:sandboxed_process0:org.chromium.content.app.SandboxedProcessService0:4 isIsolated=true
09-01 23:58:53.517 14458 14478 W linker  : Warning: "/data/app/~~_KLlx60MH8CoecPTjMKp8g==/com.android.chrome-kw9RHYrlHKb9bPXi8OTClw==/base.apk!/lib/arm64-v8a/libchromium_android_linker.so" unused DT entry: unknown processor-specific (type 0x70000001 arg 0x0) (ignoring)
09-01 23:58:53.518 14458 14478 E cr_ChromiumAndroidLinker: ReserveAddressWithHint: Address range starting at 0x7a385da000 was not free to use
09-01 23:58:53.522  1513  2571 D CompatibilityChangeReporter: Compat change id reported: 136274596; UID 10220; state: ENABLED
09-01 23:58:53.523 14561 14561 E libc    : SetHeapTaggingLevel: re-enabling tagging after it was disabled is not supported
09-01 23:58:53.524  1513  1625 I ActivityManager: Start proc 14561:com.android.chrome:sandboxed_process0:org.chromium.content.app.SandboxedProcessService0:6/u0ai6 for  {com.android.chrome/org.chromium.content.app.SandboxedProcessService0:6}
09-01 23:58:53.524  1513  1625 D CompatibilityChangeReporter: Compat change id reported: 143937733; UID 10220; state: ENABLED
09-01 23:58:53.525 14209 14209 E cr_IntentUtils: getBooleanExtra failed on intent null
09-01 23:58:53.525 14209 14209 E cr_IntentUtils: getBooleanExtra failed on intent null
09-01 23:58:53.528 14458 14550 I cr_LibraryLoader: Successfully loaded native library
09-01 23:58:53.532  1513  9003 D CompatibilityChangeReporter: Compat change id reported: 135634846; UID 10220; state: DISABLED
09-01 23:58:53.532  1513  9003 D CompatibilityChangeReporter: Compat change id reported: 135754954; UID 10220; state: ENABLED
09-01 23:58:53.534 14561 14561 E ocessService0:: Not starting debugger since process cannot load the jdwp agent.
09-01 23:58:53.535 14209 14209 I cr_tabmodel: #isIncognitoTabBeingRestored from tabDetails:  false
09-01 23:58:53.535 14209 14209 I cr_tabmodel: #isIncognitoTabBeingRestored from tabDetails:  false
09-01 23:58:53.535 14209 14209 W cr_tabmodel: Failed to restore TabState; creating Tab with last known URL.
09-01 23:58:53.536 14479 14479 W SystemServiceRegistry: No service published for: uimode
09-01 23:58:53.538 14458 14550 I cr_CachingUmaRecorder: Flushed 3 samples from 3 histograms.
09-01 23:58:53.547 14209 14209 E cr_IntentUtils: getBooleanExtra failed on intent null
09-01 23:58:53.548 14209 14209 E cr_IntentUtils: getBooleanExtra failed on intent null
09-01 23:58:53.555 14479 14479 I cr_ChildProcessService: Creating new ChildProcessService pid=14479
09-01 23:58:53.558  1513  9003 D CompatibilityChangeReporter: Compat change id reported: 136274596; UID 10220; state: ENABLED
09-01 23:58:53.559 14522 14522 I LoadedApk: No resource references to update in package com.google.android.trichromelibrary
09-01 23:58:53.559 14209 14209 I cr_tabmodel: #isIncognitoTabBeingRestored from tabDetails:  false
09-01 23:58:53.559 14209 14209 I cr_tabmodel: #isIncognitoTabBeingRestored from tabDetails:  false
09-01 23:58:53.559 14209 14209 W cr_tabmodel: Failed to restore TabState; creating Tab with last known URL.
09-01 23:58:53.559 14522 14522 D NetworkSecurityConfig: Using Network Security Config from resource 0_resource_name_obfuscated debugBuild: false
09-01 23:58:53.560  1513  2571 D CompatibilityChangeReporter: Compat change id reported: 135634846; UID 10220; state: DISABLED
09-01 23:58:53.560  1513  2571 D CompatibilityChangeReporter: Compat change id reported: 135754954; UID 10220; state: ENABLED
09-01 23:58:53.561 14522 14522 D NetworkSecurityConfig: Using Network Security Config from resource 0_resource_name_obfuscated debugBuild: false
09-01 23:58:53.567 14522 14522 I cr_SplitCompatApp: Launched version=107.0.5304.91 minSdkVersion=29 isBundle=true processName=com.android.chrome:sandboxed_process0:org.chromium.content.app.SandboxedProcessService0:5 isIsolated=true
09-01 23:58:53.574 14209 14209 E cr_IntentUtils: getBooleanExtra failed on intent null
09-01 23:58:53.574 14209 14209 E cr_IntentUtils: getBooleanExtra failed on intent null
09-01 23:58:53.580 14479 14521 I cr_LibraryLoader: Using ModernLinker
09-01 23:58:53.581 14479 14521 W linker  : Warning: "/data/app/~~_KLlx60MH8CoecPTjMKp8g==/com.android.chrome-kw9RHYrlHKb9bPXi8OTClw==/base.apk!/lib/arm64-v8a/libchromium_android_linker.so" unused DT entry: unknown processor-specific (type 0x70000001 arg 0x0) (ignoring)
09-01 23:58:53.581 14479 14521 E cr_ChromiumAndroidLinker: ReserveAddressWithHint: Address range starting at 0x7a385da000 was not free to use
09-01 23:58:53.584 14260 14260 D Zygote  : Forked child process 14596
09-01 23:58:53.586  1513  1625 W ActivityManager: Slow operation: 84ms so far, now at startProcess: returned from zygote!
09-01 23:58:53.586  1513  1625 W ActivityManager: Slow operation: 85ms so far, now at startProcess: done updating battery stats
09-01 23:58:53.586  1513  1625 W ActivityManager: Slow operation: 85ms so far, now at startProcess: building log message
09-01 23:58:53.586  1513  1625 I ActivityManager: Start proc 14596:com.android.chrome:sandboxed_process0:org.chromium.content.app.SandboxedProcessService0:7/u0ai7 for  {com.android.chrome/org.chromium.content.app.SandboxedProcessService0:7}
09-01 23:58:53.586  1513  1625 W ActivityManager: Slow operation: 85ms so far, now at startProcess: starting to update pids map
09-01 23:58:53.586  1513  1625 W ActivityManager: Slow operation: 85ms so far, now at startProcess: done updating pids map
09-01 23:58:53.586  1513  1625 W ActivityManager: Slow operation: 55ms so far, now at startProcess: asking zygote to start proc
09-01 23:58:53.587  1513  1625 D CompatibilityChangeReporter: Compat change id reported: 143937733; UID 10220; state: ENABLED
09-01 23:58:53.587 14596 14596 E libc    : SetHeapTaggingLevel: re-enabling tagging after it was disabled is not supported
09-01 23:58:53.587 14209 14209 I cr_tabmodel: #isIncognitoTabBeingRestored from tabDetails:  false
09-01 23:58:53.587 14209 14209 I cr_tabmodel: #isIncognitoTabBeingRestored from tabDetails:  false
09-01 23:58:53.587 14209 14209 W cr_tabmodel: Failed to restore TabState; creating Tab with last known URL.
09-01 23:58:53.590 14561 14561 I LoadedApk: No resource references to update in package com.google.android.trichromelibrary
09-01 23:58:53.590 14561 14561 D NetworkSecurityConfig: Using Network Security Config from resource 0_resource_name_obfuscated debugBuild: false
09-01 23:58:53.591 14522 14522 W SystemServiceRegistry: No service published for: uimode
09-01 23:58:53.591 14561 14561 D NetworkSecurityConfig: Using Network Security Config from resource 0_resource_name_obfuscated debugBuild: false
09-01 23:58:53.593 14561 14561 I cr_SplitCompatApp: Launched version=107.0.5304.91 minSdkVersion=29 isBundle=true processName=com.android.chrome:sandboxed_process0:org.chromium.content.app.SandboxedProcessService0:6 isIsolated=true
09-01 23:58:53.595 14479 14583 I cr_LibraryLoader: Successfully loaded native library
09-01 23:58:53.596 14522 14522 I cr_ChildProcessService: Creating new ChildProcessService pid=14522
09-01 23:58:53.598 14479 14583 I cr_CachingUmaRecorder: Flushed 3 samples from 3 histograms.
09-01 23:58:53.600 14596 14596 E ocessService0:: Not starting debugger since process cannot load the jdwp agent.
09-01 23:58:53.602 14209 14209 E cr_IntentUtils: getBooleanExtra failed on intent null
09-01 23:58:53.602 14209 14209 E cr_IntentUtils: getBooleanExtra failed on intent null
09-01 23:58:53.602 14522 14562 I cr_LibraryLoader: Using ModernLinker
09-01 23:58:53.604 14561 14561 W SystemServiceRegistry: No service published for: uimode
09-01 23:58:53.605 14522 14562 W linker  : Warning: "/data/app/~~_KLlx60MH8CoecPTjMKp8g==/com.android.chrome-kw9RHYrlHKb9bPXi8OTClw==/base.apk!/lib/arm64-v8a/libchromium_android_linker.so" unused DT entry: unknown processor-specific (type 0x70000001 arg 0x0) (ignoring)
09-01 23:58:53.611 14522 14562 E cr_ChromiumAndroidLinker: ReserveAddressWithHint: Address range starting at 0x7a385da000 was not free to use
09-01 23:58:53.612 14561 14561 I cr_ChildProcessService: Creating new ChildProcessService pid=14561
09-01 23:58:53.613 14209 14209 I cr_tabmodel: #isIncognitoTabBeingRestored from tabDetails:  false
09-01 23:58:53.613 14209 14209 I cr_tabmodel: #isIncognitoTabBeingRestored from tabDetails:  false
09-01 23:58:53.613 14209 14209 W cr_tabmodel: Failed to restore TabState; creating Tab with last known URL.
09-01 23:58:53.619 14260 14260 D Zygote  : Forked child process 14615
09-01 23:58:53.621  1513  1625 W ActivityManager: Slow operation: 89ms so far, now at startProcess: returned from zygote!
09-01 23:58:53.621 14522 14607 I cr_LibraryLoader: Successfully loaded native library
09-01 23:58:53.621  1513  9003 D CompatibilityChangeReporter: Compat change id reported: 136274596; UID 10220; state: ENABLED
09-01 23:58:53.623 14615 14615 E libc    : SetHeapTaggingLevel: re-enabling tagging after it was disabled is not supported
09-01 23:58:53.625  1513  1625 W ActivityManager: Slow operation: 94ms so far, now at startProcess: done updating battery stats
09-01 23:58:53.625  1513  1625 W ActivityManager: Slow operation: 94ms so far, now at startProcess: building log message
09-01 23:58:53.625  1513  1625 I ActivityManager: Start proc 14615:com.android.chrome:sandboxed_process0:org.chromium.content.app.SandboxedProcessService0:8/u0ai8 for  {com.android.chrome/org.chromium.content.app.SandboxedProcessService0:8}
09-01 23:58:53.626  1513  1625 W ActivityManager: Slow operation: 94ms so far, now at startProcess: starting to update pids map
09-01 23:58:53.626 14522 14607 I cr_CachingUmaRecorder: Flushed 3 samples from 3 histograms.
09-01 23:58:53.626  1513  1625 W ActivityManager: Slow operation: 94ms so far, now at startProcess: done updating pids map
09-01 23:58:53.626  1513  1625 W ActivityManager: Slow operation: 65ms so far, now at startProcess: asking zygote to start proc
09-01 23:58:53.626  1513  1625 D CompatibilityChangeReporter: Compat change id reported: 143937733; UID 10220; state: ENABLED
09-01 23:58:53.628 14209 14209 E cr_IntentUtils: getBooleanExtra failed on intent null
09-01 23:58:53.628 14209 14209 E cr_IntentUtils: getBooleanExtra failed on intent null
09-01 23:58:53.630  1513  2571 D CompatibilityChangeReporter: Compat change id reported: 135634846; UID 10220; state: DISABLED
09-01 23:58:53.630  1513  2571 D CompatibilityChangeReporter: Compat change id reported: 135754954; UID 10220; state: ENABLED
09-01 23:58:53.635 14561 14580 I cr_LibraryLoader: Using ModernLinker
09-01 23:58:53.637 14561 14580 W linker  : Warning: "/data/app/~~_KLlx60MH8CoecPTjMKp8g==/com.android.chrome-kw9RHYrlHKb9bPXi8OTClw==/base.apk!/lib/arm64-v8a/libchromium_android_linker.so" unused DT entry: unknown processor-specific (type 0x70000001 arg 0x0) (ignoring)
09-01 23:58:53.638 14561 14580 E cr_ChromiumAndroidLinker: ReserveAddressWithHint: Address range starting at 0x7a385da000 was not free to use
09-01 23:58:53.642  7733  7733 D BoundBrokerSvc: onUnbind: Intent { act=com.google.android.gms.chimera.container.moduleinstall.ModuleInstallService.START dat=chimera-action: cmp=com.google.android.gms/.chimera.GmsApiService }
09-01 23:58:53.645 14615 14615 E ocessService0:: Not starting debugger since process cannot load the jdwp agent.
09-01 23:58:53.646 14209 14209 I cr_tabmodel: #isIncognitoTabBeingRestored from tabDetails:  false
09-01 23:58:53.646 14209 14209 I cr_tabmodel: #isIncognitoTabBeingRestored from tabDetails:  false
09-01 23:58:53.646 14209 14209 W cr_tabmodel: Failed to restore TabState; creating Tab with last known URL.
09-01 23:58:53.658 14260 14260 D Zygote  : Forked child process 14649
09-01 23:58:53.659 14561 14614 I cr_LibraryLoader: Successfully loaded native library
09-01 23:58:53.659  1513  1625 W ActivityManager: Slow operation: 99ms so far, now at startProcess: returned from zygote!
09-01 23:58:53.660  1513  1625 W ActivityManager: Slow operation: 99ms so far, now at startProcess: done updating battery stats
09-01 23:58:53.660  1513  1625 W ActivityManager: Slow operation: 100ms so far, now at startProcess: building log message
09-01 23:58:53.660  1513  1625 I ActivityManager: Start proc 14649:com.android.chrome:sandboxed_process0:org.chromium.content.app.SandboxedProcessService0:9/u0ai9 for  {com.android.chrome/org.chromium.content.app.SandboxedProcessService0:9}
09-01 23:58:53.660  1513  1625 W ActivityManager: Slow operation: 100ms so far, now at startProcess: starting to update pids map
09-01 23:58:53.660  1513  1625 W ActivityManager: Slow operation: 100ms so far, now at startProcess: done updating pids map
09-01 23:58:53.660  1513  1625 W ActivityManager: Slow operation: 85ms so far, now at startProcess: asking zygote to start proc
09-01 23:58:53.666 14649 14649 E libc    : SetHeapTaggingLevel: re-enabling tagging after it was disabled is not supported
09-01 23:58:53.666 14209 14209 E cr_IntentUtils: getBooleanExtra failed on intent null
09-01 23:58:53.666 14209 14209 E cr_IntentUtils: getBooleanExtra failed on intent null
09-01 23:58:53.666 14561 14614 I cr_CachingUmaRecorder: Flushed 3 samples from 3 histograms.
09-01 23:58:53.671 14596 14596 I LoadedApk: No resource references to update in package com.google.android.trichromelibrary
09-01 23:58:53.671 14596 14596 D NetworkSecurityConfig: Using Network Security Config from resource 0_resource_name_obfuscated debugBuild: false
09-01 23:58:53.675 14649 14649 E ocessService0:: Not starting debugger since process cannot load the jdwp agent.
09-01 23:58:53.677  1513  4618 D CompatibilityChangeReporter: Compat change id reported: 136274596; UID 10220; state: ENABLED
09-01 23:58:53.681 14596 14596 D NetworkSecurityConfig: Using Network Security Config from resource 0_resource_name_obfuscated debugBuild: false
09-01 23:58:53.682 14209 14209 I cr_tabmodel: #isIncognitoTabBeingRestored from tabDetails:  false
09-01 23:58:53.682 14209 14209 I cr_tabmodel: #isIncognitoTabBeingRestored from tabDetails:  false
09-01 23:58:53.682 14209 14209 W cr_tabmodel: Failed to restore TabState; creating Tab with last known URL.
09-01 23:58:53.691 14596 14596 I cr_SplitCompatApp: Launched version=107.0.5304.91 minSdkVersion=29 isBundle=true processName=com.android.chrome:sandboxed_process0:org.chromium.content.app.SandboxedProcessService0:7 isIsolated=true
09-01 23:58:53.691  1513  4617 D CompatibilityChangeReporter: Compat change id reported: 136274596; UID 10220; state: ENABLED
09-01 23:58:53.695 14209 14209 E cr_IntentUtils: getBooleanExtra failed on intent null
09-01 23:58:53.695 14209 14209 E cr_IntentUtils: getBooleanExtra failed on intent null
09-01 23:58:53.696  1513  4618 D CompatibilityChangeReporter: Compat change id reported: 135634846; UID 10220; state: DISABLED
09-01 23:58:53.696  1513  4618 D CompatibilityChangeReporter: Compat change id reported: 135754954; UID 10220; state: ENABLED
09-01 23:58:53.703 14209 14209 I cr_tabmodel: #isIncognitoTabBeingRestored from tabDetails:  false
09-01 23:58:53.703 14209 14209 I cr_tabmodel: #isIncognitoTabBeingRestored from tabDetails:  false
09-01 23:58:53.703 14209 14209 W cr_tabmodel: Failed to restore TabState; creating Tab with last known URL.
09-01 23:58:53.704 14260 14260 D Zygote  : Forked child process 14675
09-01 23:58:53.711  1513  1625 W ActivityManager: Slow operation: 135ms so far, now at startProcess: returned from zygote!
09-01 23:58:53.711  1513  1625 W ActivityManager: Slow operation: 135ms so far, now at startProcess: done updating battery stats
09-01 23:58:53.711  1513  1625 W ActivityManager: Slow operation: 135ms so far, now at startProcess: building log message
09-01 23:58:53.711  1513  1625 I ActivityManager: Start proc 14675:com.android.chrome:sandboxed_process0:org.chromium.content.app.SandboxedProcessService0:10/u0ai10 for  {com.android.chrome/org.chromium.content.app.SandboxedProcessService0:10}
09-01 23:58:53.711  1513  1625 W ActivityManager: Slow operation: 135ms so far, now at startProcess: starting to update pids map
09-01 23:58:53.711  1513  1625 W ActivityManager: Slow operation: 136ms so far, now at startProcess: done updating pids map
09-01 23:58:53.711  1513  1625 W ActivityManager: Slow operation: 114ms so far, now at startProcess: asking zygote to start proc
09-01 23:58:53.711  1513  1625 D CompatibilityChangeReporter: Compat change id reported: 143937733; UID 10220; state: ENABLED
09-01 23:58:53.714 14596 14596 W SystemServiceRegistry: No service published for: uimode
09-01 23:58:53.715 14615 14615 I LoadedApk: No resource references to update in package com.google.android.trichromelibrary
09-01 23:58:53.716 14209 14209 E cr_IntentUtils: getBooleanExtra failed on intent null
09-01 23:58:53.716 14209 14209 E cr_IntentUtils: getBooleanExtra failed on intent null
09-01 23:58:53.716 14615 14615 D NetworkSecurityConfig: Using Network Security Config from resource 0_resource_name_obfuscated debugBuild: false
09-01 23:58:53.717 14615 14615 D NetworkSecurityConfig: Using Network Security Config from resource 0_resource_name_obfuscated debugBuild: false
09-01 23:58:53.717 14675 14675 E libc    : SetHeapTaggingLevel: re-enabling tagging after it was disabled is not supported
09-01 23:58:53.720 14615 14615 I cr_SplitCompatApp: Launched version=107.0.5304.91 minSdkVersion=29 isBundle=true processName=com.android.chrome:sandboxed_process0:org.chromium.content.app.SandboxedProcessService0:8 isIsolated=true
09-01 23:58:53.722 14596 14596 I cr_ChildProcessService: Creating new ChildProcessService pid=14596
09-01 23:58:53.724 14209 14209 I cr_tabmodel: #isIncognitoTabBeingRestored from tabDetails:  false
09-01 23:58:53.724 14209 14209 I cr_tabmodel: #isIncognitoTabBeingRestored from tabDetails:  false
09-01 23:58:53.724 14209 14209 W cr_tabmodel: Failed to restore TabState; creating Tab with last known URL.
09-01 23:58:53.728 14675 14675 E cessService0:1: Not starting debugger since process cannot load the jdwp agent.
09-01 23:58:53.732 14615 14615 W SystemServiceRegistry: No service published for: uimode
09-01 23:58:53.733 14596 14623 I cr_LibraryLoader: Using ModernLinker
09-01 23:58:53.735 14596 14623 W linker  : Warning: "/data/app/~~_KLlx60MH8CoecPTjMKp8g==/com.android.chrome-kw9RHYrlHKb9bPXi8OTClw==/base.apk!/lib/arm64-v8a/libchromium_android_linker.so" unused DT entry: unknown processor-specific (type 0x70000001 arg 0x0) (ignoring)
09-01 23:58:53.736 14596 14623 E cr_ChromiumAndroidLinker: ReserveAddressWithHint: Address range starting at 0x7a385da000 was not free to use
09-01 23:58:53.739 14209 14209 E cr_IntentUtils: getBooleanExtra failed on intent null
09-01 23:58:53.739 14209 14209 E cr_IntentUtils: getBooleanExtra failed on intent null
09-01 23:58:53.740 14649 14649 I LoadedApk: No resource references to update in package com.google.android.trichromelibrary
09-01 23:58:53.740 14596 14695 I cr_LibraryLoader: Successfully loaded native library
09-01 23:58:53.741 14649 14649 D NetworkSecurityConfig: Using Network Security Config from resource 0_resource_name_obfuscated debugBuild: false
09-01 23:58:53.741 14596 14695 I cr_CachingUmaRecorder: Flushed 3 samples from 3 histograms.
09-01 23:58:53.742 14649 14649 D NetworkSecurityConfig: Using Network Security Config from resource 0_resource_name_obfuscated debugBuild: false
09-01 23:58:53.743 14260 14260 D Zygote  : Forked child process 14703
09-01 23:58:53.744 14649 14649 I cr_SplitCompatApp: Launched version=107.0.5304.91 minSdkVersion=29 isBundle=true processName=com.android.chrome:sandboxed_process0:org.chromium.content.app.SandboxedProcessService0:9 isIsolated=true
09-01 23:58:53.745  1513  1625 W ActivityManager: Slow operation: 147ms so far, now at startProcess: returned from zygote!
09-01 23:58:53.745  1513  2571 D CompatibilityChangeReporter: Compat change id reported: 136274596; UID 10220; state: ENABLED
09-01 23:58:53.746 14615 14615 I cr_ChildProcessService: Creating new ChildProcessService pid=14615
09-01 23:58:53.747 14703 14703 E libc    : SetHeapTaggingLevel: re-enabling tagging after it was disabled is not supported
09-01 23:58:53.747  1513  1625 W ActivityManager: Slow operation: 150ms so far, now at startProcess: done updating battery stats
09-01 23:58:53.747  1513  1625 W ActivityManager: Slow operation: 150ms so far, now at startProcess: building log message
09-01 23:58:53.747  1513  1625 I ActivityManager: Start proc 14703:com.android.chrome:sandboxed_process0:org.chromium.content.app.SandboxedProcessService0:11/u0ai11 for  {com.android.chrome/org.chromium.content.app.SandboxedProcessService0:11}
09-01 23:58:53.747  1513  1625 W ActivityManager: Slow operation: 150ms so far, now at startProcess: starting to update pids map
09-01 23:58:53.748  1513  1625 W ActivityManager: Slow operation: 150ms so far, now at startProcess: done updating pids map
09-01 23:58:53.748  1513  1625 W ActivityManager: Slow operation: 118ms so far, now at startProcess: asking zygote to start proc
09-01 23:58:53.748  1513  1625 D CompatibilityChangeReporter: Compat change id reported: 143937733; UID 10220; state: ENABLED
09-01 23:58:53.749 14209 14209 I cr_tabmodel: #isIncognitoTabBeingRestored from tabDetails:  false
09-01 23:58:53.749 14209 14209 I cr_tabmodel: #isIncognitoTabBeingRestored from tabDetails:  false
09-01 23:58:53.749 14209 14209 W cr_tabmodel: Failed to restore TabState; creating Tab with last known URL.
09-01 23:58:53.759 14615 14671 I cr_LibraryLoader: Using ModernLinker
09-01 23:58:53.759 14703 14703 E cessService0:1: Not starting debugger since process cannot load the jdwp agent.
09-01 23:58:53.764 14615 14671 W linker  : Warning: "/data/app/~~_KLlx60MH8CoecPTjMKp8g==/com.android.chrome-kw9RHYrlHKb9bPXi8OTClw==/base.apk!/lib/arm64-v8a/libchromium_android_linker.so" unused DT entry: unknown processor-specific (type 0x70000001 arg 0x0) (ignoring)
09-01 23:58:53.765 14615 14671 E cr_ChromiumAndroidLinker: ReserveAddressWithHint: Address range starting at 0x7a385da000 was not free to use
09-01 23:58:53.765  1513  1537 D CompatibilityChangeReporter: Compat change id reported: 135634846; UID 10220; state: DISABLED
09-01 23:58:53.765  1513  1537 D CompatibilityChangeReporter: Compat change id reported: 135754954; UID 10220; state: ENABLED
09-01 23:58:53.772 14649 14649 W SystemServiceRegistry: No service published for: uimode
09-01 23:58:53.773 14209 14209 E cr_IntentUtils: getBooleanExtra failed on intent null
09-01 23:58:53.773 14209 14209 E cr_IntentUtils: getBooleanExtra failed on intent null
09-01 23:58:53.779 14649 14649 I cr_ChildProcessService: Creating new ChildProcessService pid=14649
09-01 23:58:53.784 14615 14710 I cr_LibraryLoader: Successfully loaded native library
09-01 23:58:53.785 14209 14209 I cr_tabmodel: #isIncognitoTabBeingRestored from tabDetails:  false
09-01 23:58:53.785 14209 14209 I cr_tabmodel: #isIncognitoTabBeingRestored from tabDetails:  false
09-01 23:58:53.785 14209 14209 W cr_tabmodel: Failed to restore TabState; creating Tab with last known URL.
09-01 23:58:53.785 14615 14710 I cr_CachingUmaRecorder: Flushed 3 samples from 3 histograms.
09-01 23:58:53.786 14675 14675 I LoadedApk: No resource references to update in package com.google.android.trichromelibrary
09-01 23:58:53.787 14675 14675 D NetworkSecurityConfig: Using Network Security Config from resource 0_resource_name_obfuscated debugBuild: false
09-01 23:58:53.788 14675 14675 D NetworkSecurityConfig: Using Network Security Config from resource 0_resource_name_obfuscated debugBuild: false
09-01 23:58:53.790 14675 14675 I cr_SplitCompatApp: Launched version=107.0.5304.91 minSdkVersion=29 isBundle=true processName=com.android.chrome:sandboxed_process0:org.chromium.content.app.SandboxedProcessService0:10 isIsolated=true
09-01 23:58:53.800  1513  1537 D CompatibilityChangeReporter: Compat change id reported: 136274596; UID 10220; state: ENABLED
09-01 23:58:53.803 14260 14260 D Zygote  : Forked child process 14739
09-01 23:58:53.805  1513  1625 W ActivityManager: Slow operation: 175ms so far, now at startProcess: returned from zygote!
09-01 23:58:53.805  1513  1625 W ActivityManager: Slow operation: 175ms so far, now at startProcess: done updating battery stats
09-01 23:58:53.805  1513  1625 W ActivityManager: Slow operation: 175ms so far, now at startProcess: building log message
09-01 23:58:53.805  1513  1625 I ActivityManager: Start proc 14739:com.android.chrome:sandboxed_process0:org.chromium.content.app.SandboxedProcessService0:12/u0ai12 for  {com.android.chrome/org.chromium.content.app.SandboxedProcessService0:12}
09-01 23:58:53.805  1513  1625 W ActivityManager: Slow operation: 176ms so far, now at startProcess: starting to update pids map
09-01 23:58:53.806 14675 14675 W SystemServiceRegistry: No service published for: uimode
09-01 23:58:53.806 14739 14739 E libc    : SetHeapTaggingLevel: re-enabling tagging after it was disabled is not supported
09-01 23:58:53.807  1513  1625 W ActivityManager: Slow operation: 177ms so far, now at startProcess: done updating pids map
09-01 23:58:53.807  1513  1625 W ActivityManager: Slow operation: 146ms so far, now at startProcess: asking zygote to start proc
09-01 23:58:53.807  1513  1625 D CompatibilityChangeReporter: Compat change id reported: 143937733; UID 10220; state: ENABLED
09-01 23:58:53.811  1513  1537 D CompatibilityChangeReporter: Compat change id reported: 135634846; UID 10220; state: DISABLED
09-01 23:58:53.812  1513  1537 D CompatibilityChangeReporter: Compat change id reported: 135754954; UID 10220; state: ENABLED
09-01 23:58:53.812 14675 14675 I cr_ChildProcessService: Creating new ChildProcessService pid=14675
09-01 23:58:53.816 14209 14209 E cr_IntentUtils: getBooleanExtra failed on intent null
09-01 23:58:53.816 14209 14209 E cr_IntentUtils: getBooleanExtra failed on intent null
09-01 23:58:53.821 14649 14674 I cr_LibraryLoader: Using ModernLinker
09-01 23:58:53.824 14675 14702 I cr_LibraryLoader: Using ModernLinker
09-01 23:58:53.826 14209 14209 I cr_tabmodel: #isIncognitoTabBeingRestored from tabDetails:  false
09-01 23:58:53.826 14209 14209 I cr_tabmodel: #isIncognitoTabBeingRestored from tabDetails:  false
09-01 23:58:53.826 14209 14209 W cr_tabmodel: Failed to restore TabState; creating Tab with last known URL.
09-01 23:58:53.830 14649 14674 W linker  : Warning: "/data/app/~~_KLlx60MH8CoecPTjMKp8g==/com.android.chrome-kw9RHYrlHKb9bPXi8OTClw==/base.apk!/lib/arm64-v8a/libchromium_android_linker.so" unused DT entry: unknown processor-specific (type 0x70000001 arg 0x0) (ignoring)
09-01 23:58:53.832 14675 14702 W linker  : Warning: "/data/app/~~_KLlx60MH8CoecPTjMKp8g==/com.android.chrome-kw9RHYrlHKb9bPXi8OTClw==/base.apk!/lib/arm64-v8a/libchromium_android_linker.so" unused DT entry: unknown processor-specific (type 0x70000001 arg 0x0) (ignoring)
09-01 23:58:53.833 14675 14702 E cr_ChromiumAndroidLinker: ReserveAddressWithHint: Address range starting at 0x7a385da000 was not free to use
09-01 23:58:53.837 14675 14751 I cr_LibraryLoader: Successfully loaded native library
09-01 23:58:53.837 14675 14751 I cr_CachingUmaRecorder: Flushed 3 samples from 3 histograms.
09-01 23:58:53.840 14739 14739 E cessService0:1: Not starting debugger since process cannot load the jdwp agent.
09-01 23:58:53.846 14649 14674 E cr_ChromiumAndroidLinker: ReserveAddressWithHint: Address range starting at 0x7a385da000 was not free to use
09-01 23:58:53.846 14209 14209 E cr_IntentUtils: getBooleanExtra failed on intent null
09-01 23:58:53.846 14209 14209 E cr_IntentUtils: getBooleanExtra failed on intent null
09-01 23:58:53.854 14649 14731 I cr_LibraryLoader: Successfully loaded native library
09-01 23:58:53.855 14649 14731 I cr_CachingUmaRecorder: Flushed 3 samples from 3 histograms.
09-01 23:58:53.860 14209 14209 I cr_tabmodel: #isIncognitoTabBeingRestored from tabDetails:  false
09-01 23:58:53.860 14209 14209 I cr_tabmodel: #isIncognitoTabBeingRestored from tabDetails:  false
09-01 23:58:53.860 14209 14209 W cr_tabmodel: Failed to restore TabState; creating Tab with last known URL.
09-01 23:58:53.864  1513  2571 D CompatibilityChangeReporter: Compat change id reported: 136274596; UID 10220; state: ENABLED
09-01 23:58:53.872 14703 14703 I LoadedApk: No resource references to update in package com.google.android.trichromelibrary
09-01 23:58:53.874 14703 14703 D NetworkSecurityConfig: Using Network Security Config from resource 0_resource_name_obfuscated debugBuild: false
09-01 23:58:53.876 14703 14703 D NetworkSecurityConfig: Using Network Security Config from resource 0_resource_name_obfuscated debugBuild: false
09-01 23:58:53.879  1513  2571 D CompatibilityChangeReporter: Compat change id reported: 135634846; UID 10220; state: DISABLED
09-01 23:58:53.879  1513  2571 D CompatibilityChangeReporter: Compat change id reported: 135754954; UID 10220; state: ENABLED
09-01 23:58:53.880 14703 14703 I cr_SplitCompatApp: Launched version=107.0.5304.91 minSdkVersion=29 isBundle=true processName=com.android.chrome:sandboxed_process0:org.chromium.content.app.SandboxedProcessService0:11 isIsolated=true
09-01 23:58:53.895 14260 14260 D Zygote  : Forked child process 14785
09-01 23:58:53.896  1513  1625 W ActivityManager: Slow operation: 236ms so far, now at startProcess: returned from zygote!
09-01 23:58:53.897  1513  1625 W ActivityManager: Slow operation: 236ms so far, now at startProcess: done updating battery stats
09-01 23:58:53.897  1513  1625 W ActivityManager: Slow operation: 237ms so far, now at startProcess: building log message
09-01 23:58:53.897  1513  1625 I ActivityManager: Start proc 14785:com.android.chrome:sandboxed_process0:org.chromium.content.app.SandboxedProcessService0:13/u0ai13 for  {com.android.chrome/org.chromium.content.app.SandboxedProcessService0:13}
09-01 23:58:53.897  1513  1625 W ActivityManager: Slow operation: 237ms so far, now at startProcess: starting to update pids map
09-01 23:58:53.897 14785 14785 E libc    : SetHeapTaggingLevel: re-enabling tagging after it was disabled is not supported
09-01 23:58:53.897  1513  1625 W ActivityManager: Slow operation: 237ms so far, now at startProcess: done updating pids map
09-01 23:58:53.897  1513  1625 W ActivityManager: Slow operation: 202ms so far, now at startProcess: asking zygote to start proc
09-01 23:58:53.897  1513  1625 D CompatibilityChangeReporter: Compat change id reported: 143937733; UID 10220; state: ENABLED
09-01 23:58:53.898 14209 14209 E cr_IntentUtils: getBooleanExtra failed on intent null
09-01 23:58:53.898 14209 14209 E cr_IntentUtils: getBooleanExtra failed on intent null
09-01 23:58:53.911 14785 14785 E cessService0:1: Not starting debugger since process cannot load the jdwp agent.
09-01 23:58:53.912 14209 14209 I cr_tabmodel: #isIncognitoTabBeingRestored from tabDetails:  false
09-01 23:58:53.912 14209 14209 I cr_tabmodel: #isIncognitoTabBeingRestored from tabDetails:  false
09-01 23:58:53.912 14209 14209 W cr_tabmodel: Failed to restore TabState; creating Tab with last known URL.
09-01 23:58:53.915 14703 14703 W SystemServiceRegistry: No service published for: uimode
09-01 23:58:53.920 14739 14739 I LoadedApk: No resource references to update in package com.google.android.trichromelibrary
09-01 23:58:53.920 14739 14739 D NetworkSecurityConfig: Using Network Security Config from resource 0_resource_name_obfuscated debugBuild: false
09-01 23:58:53.921 14739 14739 D NetworkSecurityConfig: Using Network Security Config from resource 0_resource_name_obfuscated debugBuild: false
09-01 23:58:53.923 14739 14739 I cr_SplitCompatApp: Launched version=107.0.5304.91 minSdkVersion=29 isBundle=true processName=com.android.chrome:sandboxed_process0:org.chromium.content.app.SandboxedProcessService0:12 isIsolated=true
09-01 23:58:53.926  1513  2571 D CompatibilityChangeReporter: Compat change id reported: 136274596; UID 10220; state: ENABLED
09-01 23:58:53.928 14260 14260 D Zygote  : Forked child process 14806
09-01 23:58:53.928  1513  4617 D CompatibilityChangeReporter: Compat change id reported: 135634846; UID 10220; state: DISABLED
09-01 23:58:53.928  1513  4617 D CompatibilityChangeReporter: Compat change id reported: 135754954; UID 10220; state: ENABLED
09-01 23:58:53.933 14209 14209 E cr_IntentUtils: getBooleanExtra failed on intent null
09-01 23:58:53.933 14209 14209 E cr_IntentUtils: getBooleanExtra failed on intent null
09-01 23:58:53.933 14703 14703 I cr_ChildProcessService: Creating new ChildProcessService pid=14703
09-01 23:58:53.934 14806 14806 E libc    : SetHeapTaggingLevel: re-enabling tagging after it was disabled is not supported
09-01 23:58:53.941  1513  1625 W ActivityManager: Slow operation: 246ms so far, now at startProcess: returned from zygote!
09-01 23:58:53.941  1513  1625 W ActivityManager: Slow operation: 246ms so far, now at startProcess: done updating battery stats
09-01 23:58:53.941  1513  1625 W ActivityManager: Slow operation: 246ms so far, now at startProcess: building log message
09-01 23:58:53.941  1513  1625 I ActivityManager: Start proc 14806:com.android.chrome:sandboxed_process0:org.chromium.content.app.SandboxedProcessService0:14/u0ai14 for  {com.android.chrome/org.chromium.content.app.SandboxedProcessService0:14}
09-01 23:58:53.941  1513  1625 W ActivityManager: Slow operation: 246ms so far, now at startProcess: starting to update pids map
09-01 23:58:53.941  1513  1625 W ActivityManager: Slow operation: 246ms so far, now at startProcess: done updating pids map
09-01 23:58:53.941  1513  1625 W ActivityManager: Slow operation: 226ms so far, now at startProcess: asking zygote to start proc
09-01 23:58:53.941  1513  1625 D CompatibilityChangeReporter: Compat change id reported: 143937733; UID 10220; state: ENABLED
09-01 23:58:53.943 14703 14738 I cr_LibraryLoader: Using ModernLinker
09-01 23:58:53.943 14209 14209 I cr_tabmodel: #isIncognitoTabBeingRestored from tabDetails:  false
09-01 23:58:53.943 14209 14209 I cr_tabmodel: #isIncognitoTabBeingRestored from tabDetails:  false
09-01 23:58:53.943 14806 14806 E cessService0:1: Not starting debugger since process cannot load the jdwp agent.
09-01 23:58:53.944 14209 14209 W cr_tabmodel: Failed to restore TabState; creating Tab with last known URL.
09-01 23:58:53.945 14703 14738 W linker  : Warning: "/data/app/~~_KLlx60MH8CoecPTjMKp8g==/com.android.chrome-kw9RHYrlHKb9bPXi8OTClw==/base.apk!/lib/arm64-v8a/libchromium_android_linker.so" unused DT entry: unknown processor-specific (type 0x70000001 arg 0x0) (ignoring)
09-01 23:58:53.946 14739 14739 W SystemServiceRegistry: No service published for: uimode
09-01 23:58:53.947 14703 14738 E cr_ChromiumAndroidLinker: ReserveAddressWithHint: Address range starting at 0x7a385da000 was not free to use
09-01 23:58:53.954 14785 14785 I LoadedApk: No resource references to update in package com.google.android.trichromelibrary
09-01 23:58:53.954 14785 14785 D NetworkSecurityConfig: Using Network Security Config from resource 0_resource_name_obfuscated debugBuild: false
09-01 23:58:53.955 14703 14808 I cr_LibraryLoader: Successfully loaded native library
09-01 23:58:53.956 14785 14785 D NetworkSecurityConfig: Using Network Security Config from resource 0_resource_name_obfuscated debugBuild: false
09-01 23:58:53.957 14703 14808 I cr_CachingUmaRecorder: Flushed 3 samples from 3 histograms.
09-01 23:58:53.957 14785 14785 I cr_SplitCompatApp: Launched version=107.0.5304.91 minSdkVersion=29 isBundle=true processName=com.android.chrome:sandboxed_process0:org.chromium.content.app.SandboxedProcessService0:13 isIsolated=true
09-01 23:58:53.960 14209 14209 E cr_IntentUtils: getBooleanExtra failed on intent null
09-01 23:58:53.960 14209 14209 E cr_IntentUtils: getBooleanExtra failed on intent null
09-01 23:58:53.964  1513  1537 D CompatibilityChangeReporter: Compat change id reported: 136274596; UID 10220; state: ENABLED
09-01 23:58:53.964 14739 14739 I cr_ChildProcessService: Creating new ChildProcessService pid=14739
09-01 23:58:53.972 14209 14209 I cr_tabmodel: #isIncognitoTabBeingRestored from tabDetails:  false
09-01 23:58:53.972 14209 14209 I cr_tabmodel: #isIncognitoTabBeingRestored from tabDetails:  false
09-01 23:58:53.972 14209 14209 W cr_tabmodel: Failed to restore TabState; creating Tab with last known URL.
09-01 23:58:53.980 14785 14785 W SystemServiceRegistry: No service published for: uimode
09-01 23:58:53.981 14739 14779 I cr_LibraryLoader: Using ModernLinker
09-01 23:58:53.983 14739 14779 W linker  : Warning: "/data/app/~~_KLlx60MH8CoecPTjMKp8g==/com.android.chrome-kw9RHYrlHKb9bPXi8OTClw==/base.apk!/lib/arm64-v8a/libchromium_android_linker.so" unused DT entry: unknown processor-specific (type 0x70000001 arg 0x0) (ignoring)
09-01 23:58:53.984  1513  4618 D CompatibilityChangeReporter: Compat change id reported: 135634846; UID 10220; state: DISABLED
09-01 23:58:53.984  1513  4618 D CompatibilityChangeReporter: Compat change id reported: 135754954; UID 10220; state: ENABLED
09-01 23:58:53.986 14260 14260 D Zygote  : Forked child process 14834
09-01 23:58:53.987 14739 14779 E cr_ChromiumAndroidLinker: ReserveAddressWithHint: Address range starting at 0x7a385da000 was not free to use
09-01 23:58:53.987  1513  1625 W ActivityManager: Slow operation: 272ms so far, now at startProcess: returned from zygote!
09-01 23:58:53.988  1513  1625 W ActivityManager: Slow operation: 272ms so far, now at startProcess: done updating battery stats
09-01 23:58:53.988  1513  1625 W ActivityManager: Slow operation: 272ms so far, now at startProcess: building log message
09-01 23:58:53.988  1513  1625 I ActivityManager: Start proc 14834:com.android.chrome:sandboxed_process0:org.chromium.content.app.SandboxedProcessService0:15/u0ai15 for  {com.android.chrome/org.chromium.content.app.SandboxedProcessService0:15}
09-01 23:58:53.988  1513  1625 W ActivityManager: Slow operation: 272ms so far, now at startProcess: starting to update pids map
09-01 23:58:53.988  1513  1625 W ActivityManager: Slow operation: 272ms so far, now at startProcess: done updating pids map
09-01 23:58:53.988  1513  1625 W ActivityManager: Slow operation: 250ms so far, now at startProcess: asking zygote to start proc
09-01 23:58:53.988  1513  1625 D CompatibilityChangeReporter: Compat change id reported: 143937733; UID 10220; state: ENABLED
09-01 23:58:53.990 14834 14834 E libc    : SetHeapTaggingLevel: re-enabling tagging after it was disabled is not supported
09-01 23:58:53.990 14209 14209 E cr_IntentUtils: getBooleanExtra failed on intent null
09-01 23:58:53.990 14209 14209 E cr_IntentUtils: getBooleanExtra failed on intent null
09-01 23:58:53.995 14739 14832 I cr_LibraryLoader: Successfully loaded native library
09-01 23:58:53.995 14785 14785 I cr_ChildProcessService: Creating new ChildProcessService pid=14785
09-01 23:58:53.996 14739 14832 I cr_CachingUmaRecorder: Flushed 3 samples from 3 histograms.
09-01 23:58:53.999 14209 14209 I cr_tabmodel: #isIncognitoTabBeingRestored from tabDetails:  false
09-01 23:58:53.999 14209 14209 I cr_tabmodel: #isIncognitoTabBeingRestored from tabDetails:  false
09-01 23:58:53.999 14209 14209 W cr_tabmodel: Failed to restore TabState; creating Tab with last known URL.
09-01 23:58:54.002 14834 14834 E cessService0:1: Not starting debugger since process cannot load the jdwp agent.
09-01 23:58:54.004 14785 14805 I cr_LibraryLoader: Using ModernLinker
09-01 23:58:54.004 14785 14805 W linker  : Warning: "/data/app/~~_KLlx60MH8CoecPTjMKp8g==/com.android.chrome-kw9RHYrlHKb9bPXi8OTClw==/base.apk!/lib/arm64-v8a/libchromium_android_linker.so" unused DT entry: unknown processor-specific (type 0x70000001 arg 0x0) (ignoring)
09-01 23:58:54.005 14785 14805 E cr_ChromiumAndroidLinker: ReserveAddressWithHint: Address range starting at 0x7a385da000 was not free to use
09-01 23:58:54.012 14785 14844 I cr_LibraryLoader: Successfully loaded native library
09-01 23:58:54.013 14785 14844 I cr_CachingUmaRecorder: Flushed 3 samples from 3 histograms.
09-01 23:58:54.017 14209 14209 E cr_IntentUtils: getBooleanExtra failed on intent null
09-01 23:58:54.017 14209 14209 E cr_IntentUtils: getBooleanExtra failed on intent null
09-01 23:58:54.027 14209 14209 I cr_tabmodel: #isIncognitoTabBeingRestored from tabDetails:  false
09-01 23:58:54.027 14209 14209 I cr_tabmodel: #isIncognitoTabBeingRestored from tabDetails:  false
09-01 23:58:54.027 14209 14209 W cr_tabmodel: Failed to restore TabState; creating Tab with last known URL.
09-01 23:58:54.030  1513  4618 D CompatibilityChangeReporter: Compat change id reported: 136274596; UID 10220; state: ENABLED
09-01 23:58:54.034 14260 14260 D Zygote  : Forked child process 14866
09-01 23:58:54.035  1513  1625 W ActivityManager: Slow operation: 297ms so far, now at startProcess: returned from zygote!
09-01 23:58:54.035  1513  1625 W ActivityManager: Slow operation: 297ms so far, now at startProcess: done updating battery stats
09-01 23:58:54.035  1513  1625 W ActivityManager: Slow operation: 298ms so far, now at startProcess: building log message
09-01 23:58:54.035  1513  1625 I ActivityManager: Start proc 14866:com.android.chrome:sandboxed_process0:org.chromium.content.app.SandboxedProcessService0:16/u0ai16 for  {com.android.chrome/org.chromium.content.app.SandboxedProcessService0:16}
09-01 23:58:54.035  1513  1625 W ActivityManager: Slow operation: 298ms so far, now at startProcess: starting to update pids map
09-01 23:58:54.035  1513  1625 W ActivityManager: Slow operation: 298ms so far, now at startProcess: done updating pids map
09-01 23:58:54.035  1513  1625 W ActivityManager: Slow operation: 271ms so far, now at startProcess: asking zygote to start proc
09-01 23:58:54.035  1513  1625 D CompatibilityChangeReporter: Compat change id reported: 143937733; UID 10220; state: ENABLED
09-01 23:58:54.036 14866 14866 E libc    : SetHeapTaggingLevel: re-enabling tagging after it was disabled is not supported
09-01 23:58:54.040 14806 14806 I LoadedApk: No resource references to update in package com.google.android.trichromelibrary
09-01 23:58:54.040 14806 14806 D NetworkSecurityConfig: Using Network Security Config from resource 0_resource_name_obfuscated debugBuild: false
09-01 23:58:54.041  1513  2571 D CompatibilityChangeReporter: Compat change id reported: 135634846; UID 10220; state: DISABLED
09-01 23:58:54.041  1513  2571 D CompatibilityChangeReporter: Compat change id reported: 135754954; UID 10220; state: ENABLED
09-01 23:58:54.042 14806 14806 D NetworkSecurityConfig: Using Network Security Config from resource 0_resource_name_obfuscated debugBuild: false
09-01 23:58:54.044 14806 14806 I cr_SplitCompatApp: Launched version=107.0.5304.91 minSdkVersion=29 isBundle=true processName=com.android.chrome:sandboxed_process0:org.chromium.content.app.SandboxedProcessService0:14 isIsolated=true
09-01 23:58:54.047 14209 14209 E cr_IntentUtils: getBooleanExtra failed on intent null
09-01 23:58:54.048 14209 14209 E cr_IntentUtils: getBooleanExtra failed on intent null
09-01 23:58:54.055 14866 14866 E cessService0:1: Not starting debugger since process cannot load the jdwp agent.
09-01 23:58:54.058 14209 14209 I cr_tabmodel: #isIncognitoTabBeingRestored from tabDetails:  false
09-01 23:58:54.058 14209 14209 I cr_tabmodel: #isIncognitoTabBeingRestored from tabDetails:  false
09-01 23:58:54.058 14209 14209 W cr_tabmodel: Failed to restore TabState; creating Tab with last known URL.
09-01 23:58:54.059 14260 14260 D Zygote  : Forked child process 14892
09-01 23:58:54.061  1513  1625 W ActivityManager: Slow operation: 296ms so far, now at startProcess: returned from zygote!
09-01 23:58:54.061  1513  1625 W ActivityManager: Slow operation: 297ms so far, now at startProcess: done updating battery stats
09-01 23:58:54.061  1513  1625 W ActivityManager: Slow operation: 297ms so far, now at startProcess: building log message
09-01 23:58:54.061  1513  1625 I ActivityManager: Start proc 14892:com.android.chrome:sandboxed_process0:org.chromium.content.app.SandboxedProcessService0:17/u0ai17 for  {com.android.chrome/org.chromium.content.app.SandboxedProcessService0:17}
09-01 23:58:54.061  1513  1625 W ActivityManager: Slow operation: 297ms so far, now at startProcess: starting to update pids map
09-01 23:58:54.061  1513  1625 W ActivityManager: Slow operation: 297ms so far, now at startProcess: done updating pids map
09-01 23:58:54.061  1513  1625 W ActivityManager: Slow operation: 250ms so far, now at startProcess: asking zygote to start proc
09-01 23:58:54.064 14892 14892 E libc    : SetHeapTaggingLevel: re-enabling tagging after it was disabled is not supported
09-01 23:58:54.071 14892 14892 E cessService0:1: Not starting debugger since process cannot load the jdwp agent.
09-01 23:58:54.073  1513  4618 D CompatibilityChangeReporter: Compat change id reported: 136274596; UID 10220; state: ENABLED
09-01 23:58:54.078 14834 14834 I LoadedApk: No resource references to update in package com.google.android.trichromelibrary
09-01 23:58:54.078 14834 14834 D NetworkSecurityConfig: Using Network Security Config from resource 0_resource_name_obfuscated debugBuild: false
09-01 23:58:54.078  1513  9003 D CompatibilityChangeReporter: Compat change id reported: 135634846; UID 10220; state: DISABLED
09-01 23:58:54.079  1513  9003 D CompatibilityChangeReporter: Compat change id reported: 135754954; UID 10220; state: ENABLED
09-01 23:58:54.081 14209 14209 E cr_IntentUtils: getBooleanExtra failed on intent null
09-01 23:58:54.081 14209 14209 E cr_IntentUtils: getBooleanExtra failed on intent null
09-01 23:58:54.082 14806 14806 W SystemServiceRegistry: No service published for: uimode
09-01 23:58:54.086 14834 14834 D NetworkSecurityConfig: Using Network Security Config from resource 0_resource_name_obfuscated debugBuild: false
09-01 23:58:54.087 14834 14834 I cr_SplitCompatApp: Launched version=107.0.5304.91 minSdkVersion=29 isBundle=true processName=com.android.chrome:sandboxed_process0:org.chromium.content.app.SandboxedProcessService0:15 isIsolated=true
09-01 23:58:54.088 14209 14209 I cr_tabmodel: #isIncognitoTabBeingRestored from tabDetails:  false
09-01 23:58:54.088 14209 14209 I cr_tabmodel: #isIncognitoTabBeingRestored from tabDetails:  false
09-01 23:58:54.088 14209 14209 W cr_tabmodel: Failed to restore TabState; creating Tab with last known URL.
09-01 23:58:54.100 14806 14806 I cr_ChildProcessService: Creating new ChildProcessService pid=14806
09-01 23:58:54.107 14834 14834 W SystemServiceRegistry: No service published for: uimode
09-01 23:58:54.111 14209 14209 E cr_IntentUtils: getBooleanExtra failed on intent null
09-01 23:58:54.111 14209 14209 E cr_IntentUtils: getBooleanExtra failed on intent null
09-01 23:58:54.114 14834 14834 I cr_ChildProcessService: Creating new ChildProcessService pid=14834
09-01 23:58:54.118 14806 14830 I cr_LibraryLoader: Using ModernLinker
09-01 23:58:54.121 14866 14866 I LoadedApk: No resource references to update in package com.google.android.trichromelibrary
