09-01 23:57:25.514  1513  1625 W ActivityManager: Slow operation: 966ms so far, now at startProcess: starting to update pids map
09-01 23:57:25.514  1513  1625 W ActivityManager: Slow operation: 966ms so far, now at startProcess: done updating pids map
09-01 23:57:25.514  1513  1625 W ActivityManager: Slow operation: 942ms so far, now at startProcess: asking zygote to start proc
09-01 23:57:25.515 12700 12725 I cr_LibraryLoader: Using ModernLinker
09-01 23:57:25.516 12770 12770 E libc    : SetHeapTaggingLevel: re-enabling tagging after it was disabled is not supported
09-01 23:57:25.516 12726 12726 I cr_ChildProcessService: Creating new ChildProcessService pid=12726
09-01 23:57:25.517 12700 12725 W linker  : Warning: "/data/app/~~_KLlx60MH8CoecPTjMKp8g==/com.android.chrome-kw9RHYrlHKb9bPXi8OTClw==/base.apk!/lib/arm64-v8a/libchromium_android_linker.so" unused DT entry: unknown processor-specific (type 0x70000001 arg 0x0) (ignoring)
09-01 23:57:25.518 12700 12725 E cr_ChromiumAndroidLinker: ReserveAddressWithHint: Address range starting at 0x7a38695000 was not free to use
09-01 23:57:25.522 12700 12769 I cr_LibraryLoader: Successfully loaded native library
09-01 23:57:25.523 12700 12769 I cr_CachingUmaRecorder: Flushed 3 samples from 3 histograms.
09-01 23:57:25.526  1513  2180 D CompatibilityChangeReporter: Compat change id reported: 136274596; UID 10220; state: ENABLED
09-01 23:57:25.526 12770 12770 E cessService0:5: Not starting debugger since process cannot load the jdwp agent.
09-01 23:57:25.530 12726 12746 I cr_LibraryLoader: Using ModernLinker
09-01 23:57:25.531 12726 12746 W linker  : Warning: "/data/app/~~_KLlx60MH8CoecPTjMKp8g==/com.android.chrome-kw9RHYrlHKb9bPXi8OTClw==/base.apk!/lib/arm64-v8a/libchromium_android_linker.so" unused DT entry: unknown processor-specific (type 0x70000001 arg 0x0) (ignoring)
09-01 23:57:25.531 12726 12746 E cr_ChromiumAndroidLinker: ReserveAddressWithHint: Address range starting at 0x7a38695000 was not free to use
09-01 23:57:25.535 11083 11083 D Zygote  : Forked child process 12790
09-01 23:57:25.535  1513  2180 D CompatibilityChangeReporter: Compat change id reported: 136274596; UID 10220; state: ENABLED
09-01 23:57:25.536  1513  1625 W ActivityManager: Slow operation: 964ms so far, now at startProcess: returned from zygote!
09-01 23:57:25.536 12790 12790 E libc    : SetHeapTaggingLevel: re-enabling tagging after it was disabled is not supported
09-01 23:57:25.537 12726 12777 I cr_LibraryLoader: Successfully loaded native library
09-01 23:57:25.538 12726 12777 I cr_CachingUmaRecorder: Flushed 3 samples from 3 histograms.
09-01 23:57:25.540  1513  1625 W ActivityManager: Slow operation: 968ms so far, now at startProcess: done updating battery stats
09-01 23:57:25.540  1513  1625 W ActivityManager: Slow operation: 968ms so far, now at startProcess: building log message
09-01 23:57:25.540  1513  1625 I ActivityManager: Start proc 12790:com.android.chrome:sandboxed_process0:org.chromium.content.app.SandboxedProcessService0:55/u0ai55 for  {com.android.chrome/org.chromium.content.app.SandboxedProcessService0:55}
09-01 23:57:25.540  1513  1625 W ActivityManager: Slow operation: 968ms so far, now at startProcess: starting to update pids map
09-01 23:57:25.540  1513  1625 W ActivityManager: Slow operation: 968ms so far, now at startProcess: done updating pids map
09-01 23:57:25.541  1513  1625 W ActivityManager: Slow operation: 947ms so far, now at startProcess: asking zygote to start proc
09-01 23:57:25.541  1513  1625 D CompatibilityChangeReporter: Compat change id reported: 143937733; UID 10220; state: ENABLED
09-01 23:57:25.547 12747 12747 I LoadedApk: No resource references to update in package com.google.android.trichromelibrary
09-01 23:57:25.547 12747 12747 D NetworkSecurityConfig: Using Network Security Config from resource 0_resource_name_obfuscated debugBuild: false
09-01 23:57:25.547 12747 12747 D NetworkSecurityConfig: Using Network Security Config from resource 0_resource_name_obfuscated debugBuild: false
09-01 23:57:25.548 12747 12747 I cr_SplitCompatApp: Launched version=107.0.5304.91 minSdkVersion=29 isBundle=true processName=com.android.chrome:sandboxed_process0:org.chromium.content.app.SandboxedProcessService0:53 isIsolated=true
09-01 23:57:25.550 12790 12790 E cessService0:5: Not starting debugger since process cannot load the jdwp agent.
09-01 23:57:25.556 12770 12770 I LoadedApk: No resource references to update in package com.google.android.trichromelibrary
09-01 23:57:25.556 12770 12770 D NetworkSecurityConfig: Using Network Security Config from resource 0_resource_name_obfuscated debugBuild: false
09-01 23:57:25.556 12747 12747 W SystemServiceRegistry: No service published for: uimode
09-01 23:57:25.557 12770 12770 D NetworkSecurityConfig: Using Network Security Config from resource 0_resource_name_obfuscated debugBuild: false
09-01 23:57:25.557  1513  2180 D CompatibilityChangeReporter: Compat change id reported: 136274596; UID 10220; state: ENABLED
09-01 23:57:25.558 12770 12770 I cr_SplitCompatApp: Launched version=107.0.5304.91 minSdkVersion=29 isBundle=true processName=com.android.chrome:sandboxed_process0:org.chromium.content.app.SandboxedProcessService0:54 isIsolated=true
09-01 23:57:25.559 11083 11083 D Zygote  : Forked child process 12810
09-01 23:57:25.560 12747 12747 I cr_ChildProcessService: Creating new ChildProcessService pid=12747
09-01 23:57:25.563 12810 12810 E libc    : SetHeapTaggingLevel: re-enabling tagging after it was disabled is not supported
09-01 23:57:25.564  1513  1625 W ActivityManager: Slow operation: 970ms so far, now at startProcess: returned from zygote!
09-01 23:57:25.564 12747 12788 I cr_LibraryLoader: Using ModernLinker
09-01 23:57:25.564  1513  1625 W ActivityManager: Slow operation: 971ms so far, now at startProcess: done updating battery stats
09-01 23:57:25.564  1513  1625 W ActivityManager: Slow operation: 971ms so far, now at startProcess: building log message
09-01 23:57:25.564  1513  1625 I ActivityManager: Start proc 12810:com.android.chrome:sandboxed_process0:org.chromium.content.app.SandboxedProcessService0:56/u0ai56 for  {com.android.chrome/org.chromium.content.app.SandboxedProcessService0:56}
09-01 23:57:25.564  1513  1625 W ActivityManager: Slow operation: 971ms so far, now at startProcess: starting to update pids map
09-01 23:57:25.564  1513  1625 W ActivityManager: Slow operation: 971ms so far, now at startProcess: done updating pids map
09-01 23:57:25.564  1513  1625 W ActivityManager: Slow operation: 952ms so far, now at startProcess: asking zygote to start proc
09-01 23:57:25.565  1513  1625 D CompatibilityChangeReporter: Compat change id reported: 143937733; UID 10220; state: ENABLED
09-01 23:57:25.565 12747 12788 W linker  : Warning: "/data/app/~~_KLlx60MH8CoecPTjMKp8g==/com.android.chrome-kw9RHYrlHKb9bPXi8OTClw==/base.apk!/lib/arm64-v8a/libchromium_android_linker.so" unused DT entry: unknown processor-specific (type 0x70000001 arg 0x0) (ignoring)
09-01 23:57:25.565 12747 12788 E cr_ChromiumAndroidLinker: ReserveAddressWithHint: Address range starting at 0x7a38695000 was not free to use
09-01 23:57:25.570 12747 12819 I cr_LibraryLoader: Successfully loaded native library
09-01 23:57:25.570 12747 12819 I cr_CachingUmaRecorder: Flushed 3 samples from 3 histograms.
09-01 23:57:25.572 12770 12770 W SystemServiceRegistry: No service published for: uimode
09-01 23:57:25.573 12790 12790 I LoadedApk: No resource references to update in package com.google.android.trichromelibrary
09-01 23:57:25.573 12790 12790 D NetworkSecurityConfig: Using Network Security Config from resource 0_resource_name_obfuscated debugBuild: false
09-01 23:57:25.574 12810 12810 E cessService0:5: Not starting debugger since process cannot load the jdwp agent.
09-01 23:57:25.574 12790 12790 D NetworkSecurityConfig: Using Network Security Config from resource 0_resource_name_obfuscated debugBuild: false
09-01 23:57:25.576 12790 12790 I cr_SplitCompatApp: Launched version=107.0.5304.91 minSdkVersion=29 isBundle=true processName=com.android.chrome:sandboxed_process0:org.chromium.content.app.SandboxedProcessService0:55 isIsolated=true
09-01 23:57:25.577 12770 12770 I cr_ChildProcessService: Creating new ChildProcessService pid=12770
09-01 23:57:25.580  1513  2180 D CompatibilityChangeReporter: Compat change id reported: 136274596; UID 10220; state: ENABLED
09-01 23:57:25.584 12770 12800 I cr_LibraryLoader: Using ModernLinker
09-01 23:57:25.584 11083 11083 D Zygote  : Forked child process 12844
09-01 23:57:25.586 12844 12844 E libc    : SetHeapTaggingLevel: re-enabling tagging after it was disabled is not supported
09-01 23:57:25.586 12770 12800 W linker  : Warning: "/data/app/~~_KLlx60MH8CoecPTjMKp8g==/com.android.chrome-kw9RHYrlHKb9bPXi8OTClw==/base.apk!/lib/arm64-v8a/libchromium_android_linker.so" unused DT entry: unknown processor-specific (type 0x70000001 arg 0x0) (ignoring)
09-01 23:57:25.587  1513  1625 W ActivityManager: Slow operation: 975ms so far, now at startProcess: returned from zygote!
09-01 23:57:25.587 12770 12800 E cr_ChromiumAndroidLinker: ReserveAddressWithHint: Address range starting at 0x7a38695000 was not free to use
09-01 23:57:25.587  1513  1625 W ActivityManager: Slow operation: 975ms so far, now at startProcess: done updating battery stats
09-01 23:57:25.587  1513  1625 W ActivityManager: Slow operation: 975ms so far, now at startProcess: building log message
09-01 23:57:25.587  1513  1625 I ActivityManager: Start proc 12844:com.android.chrome:sandboxed_process0:org.chromium.content.app.SandboxedProcessService0:57/u0ai57 for  {com.android.chrome/org.chromium.content.app.SandboxedProcessService0:57}
09-01 23:57:25.587  1513  1625 W ActivityManager: Slow operation: 975ms so far, now at startProcess: starting to update pids map
09-01 23:57:25.588  1513  1625 W ActivityManager: Slow operation: 975ms so far, now at startProcess: done updating pids map
09-01 23:57:25.588  1513  1625 W ActivityManager: Slow operation: 951ms so far, now at startProcess: asking zygote to start proc
09-01 23:57:25.588  1513  1625 D CompatibilityChangeReporter: Compat change id reported: 143937733; UID 10220; state: ENABLED
09-01 23:57:25.588 12844 12844 E cessService0:5: Not starting debugger since process cannot load the jdwp agent.
09-01 23:57:25.591 12770 12842 I cr_LibraryLoader: Successfully loaded native library
09-01 23:57:25.591 12790 12790 W SystemServiceRegistry: No service published for: uimode
09-01 23:57:25.592 12770 12842 I cr_CachingUmaRecorder: Flushed 3 samples from 3 histograms.
09-01 23:57:25.596 12790 12790 I cr_ChildProcessService: Creating new ChildProcessService pid=12790
09-01 23:57:25.599 12790 12808 I cr_LibraryLoader: Using ModernLinker
09-01 23:57:25.600 12790 12808 W linker  : Warning: "/data/app/~~_KLlx60MH8CoecPTjMKp8g==/com.android.chrome-kw9RHYrlHKb9bPXi8OTClw==/base.apk!/lib/arm64-v8a/libchromium_android_linker.so" unused DT entry: unknown processor-specific (type 0x70000001 arg 0x0) (ignoring)
09-01 23:57:25.600 12790 12808 E cr_ChromiumAndroidLinker: ReserveAddressWithHint: Address range starting at 0x7a38695000 was not free to use
09-01 23:57:25.602 11083 11083 D Zygote  : Forked child process 12863
09-01 23:57:25.604 12863 12863 E libc    : SetHeapTaggingLevel: re-enabling tagging after it was disabled is not supported
09-01 23:57:25.604  1513  2180 D CompatibilityChangeReporter: Compat change id reported: 136274596; UID 10220; state: ENABLED
09-01 23:57:25.606  1513  1625 W ActivityManager: Slow operation: 970ms so far, now at startProcess: returned from zygote!
09-01 23:57:25.607  1513  1625 W ActivityManager: Slow operation: 970ms so far, now at startProcess: done updating battery stats
09-01 23:57:25.607  1513  1625 W ActivityManager: Slow operation: 970ms so far, now at startProcess: building log message
09-01 23:57:25.607  1513  1625 I ActivityManager: Start proc 12863:com.android.chrome:sandboxed_process0:org.chromium.content.app.SandboxedProcessService0:58/u0ai58 for  {com.android.chrome/org.chromium.content.app.SandboxedProcessService0:58}
09-01 23:57:25.607  1513  1625 W ActivityManager: Slow operation: 970ms so far, now at startProcess: starting to update pids map
09-01 23:57:25.607  1513  1625 W ActivityManager: Slow operation: 970ms so far, now at startProcess: done updating pids map
09-01 23:57:25.607  1513  1625 W ActivityManager: Slow operation: 948ms so far, now at startProcess: asking zygote to start proc
09-01 23:57:25.607  1513  1625 D CompatibilityChangeReporter: Compat change id reported: 143937733; UID 10220; state: ENABLED
09-01 23:57:25.609 12810 12810 I LoadedApk: No resource references to update in package com.google.android.trichromelibrary
09-01 23:57:25.609 12810 12810 D NetworkSecurityConfig: Using Network Security Config from resource 0_resource_name_obfuscated debugBuild: false
09-01 23:57:25.610 12810 12810 D NetworkSecurityConfig: Using Network Security Config from resource 0_resource_name_obfuscated debugBuild: false
09-01 23:57:25.611 12810 12810 I cr_SplitCompatApp: Launched version=107.0.5304.91 minSdkVersion=29 isBundle=true processName=com.android.chrome:sandboxed_process0:org.chromium.content.app.SandboxedProcessService0:56 isIsolated=true
09-01 23:57:25.613 12863 12863 E cessService0:5: Not starting debugger since process cannot load the jdwp agent.
09-01 23:57:25.620  1513  2180 D CompatibilityChangeReporter: Compat change id reported: 136274596; UID 10220; state: ENABLED
09-01 23:57:25.625 12844 12844 I LoadedApk: No resource references to update in package com.google.android.trichromelibrary
09-01 23:57:25.625 12844 12844 D NetworkSecurityConfig: Using Network Security Config from resource 0_resource_name_obfuscated debugBuild: false
09-01 23:57:25.626 12844 12844 D NetworkSecurityConfig: Using Network Security Config from resource 0_resource_name_obfuscated debugBuild: false
09-01 23:57:25.627 12844 12844 I cr_SplitCompatApp: Launched version=107.0.5304.91 minSdkVersion=29 isBundle=true processName=com.android.chrome:sandboxed_process0:org.chromium.content.app.SandboxedProcessService0:57 isIsolated=true
09-01 23:57:25.627 12810 12810 W SystemServiceRegistry: No service published for: uimode
09-01 23:57:25.629 11083 11083 D Zygote  : Forked child process 12884
09-01 23:57:25.630  1513  1625 W ActivityManager: Slow operation: 971ms so far, now at startProcess: returned from zygote!
09-01 23:57:25.631 12810 12810 I cr_ChildProcessService: Creating new ChildProcessService pid=12810
09-01 23:57:25.631 12844 12844 W SystemServiceRegistry: No service published for: uimode
09-01 23:57:25.633 12884 12884 E libc    : SetHeapTaggingLevel: re-enabling tagging after it was disabled is not supported
09-01 23:57:25.635 12844 12844 I cr_ChildProcessService: Creating new ChildProcessService pid=12844
09-01 23:57:25.637  1513  1625 W ActivityManager: Slow operation: 978ms so far, now at startProcess: done updating battery stats
09-01 23:57:25.637  1513  1625 W ActivityManager: Slow operation: 978ms so far, now at startProcess: building log message
09-01 23:57:25.638  1513  1625 I ActivityManager: Start proc 12884:com.android.chrome:sandboxed_process0:org.chromium.content.app.SandboxedProcessService0:59/u0ai59 for  {com.android.chrome/org.chromium.content.app.SandboxedProcessService0:59}
09-01 23:57:25.638  1513  1625 W ActivityManager: Slow operation: 978ms so far, now at startProcess: starting to update pids map
09-01 23:57:25.638  1513  1625 W ActivityManager: Slow operation: 978ms so far, now at startProcess: done updating pids map
09-01 23:57:25.638  1513  1625 W ActivityManager: Slow operation: 953ms so far, now at startProcess: asking zygote to start proc
09-01 23:57:25.638  1513  1625 D CompatibilityChangeReporter: Compat change id reported: 143937733; UID 10220; state: ENABLED
09-01 23:57:25.642 12884 12884 E cessService0:5: Not starting debugger since process cannot load the jdwp agent.
09-01 23:57:25.643 12810 12843 I cr_LibraryLoader: Using ModernLinker
09-01 23:57:25.643 12844 12876 I cr_LibraryLoader: Using ModernLinker
09-01 23:57:25.645 12810 12843 W linker  : Warning: "/data/app/~~_KLlx60MH8CoecPTjMKp8g==/com.android.chrome-kw9RHYrlHKb9bPXi8OTClw==/base.apk!/lib/arm64-v8a/libchromium_android_linker.so" unused DT entry: unknown processor-specific (type 0x70000001 arg 0x0) (ignoring)
09-01 23:57:25.645 12844 12876 W linker  : Warning: "/data/app/~~_KLlx60MH8CoecPTjMKp8g==/com.android.chrome-kw9RHYrlHKb9bPXi8OTClw==/base.apk!/lib/arm64-v8a/libchromium_android_linker.so" unused DT entry: unknown processor-specific (type 0x70000001 arg 0x0) (ignoring)
09-01 23:57:25.646 12810 12843 E cr_ChromiumAndroidLinker: ReserveAddressWithHint: Address range starting at 0x7a38695000 was not free to use
09-01 23:57:25.646 12844 12876 E cr_ChromiumAndroidLinker: ReserveAddressWithHint: Address range starting at 0x7a38695000 was not free to use
09-01 23:57:25.648  1513  3240 D CompatibilityChangeReporter: Compat change id reported: 136274596; UID 10220; state: ENABLED
09-01 23:57:25.650 12844 12894 I cr_LibraryLoader: Successfully loaded native library
09-01 23:57:25.651 12844 12894 I cr_CachingUmaRecorder: Flushed 3 samples from 3 histograms.
09-01 23:57:25.653 12863 12863 I LoadedApk: No resource references to update in package com.google.android.trichromelibrary
09-01 23:57:25.654 12863 12863 D NetworkSecurityConfig: Using Network Security Config from resource 0_resource_name_obfuscated debugBuild: false
09-01 23:57:25.655 12863 12863 D NetworkSecurityConfig: Using Network Security Config from resource 0_resource_name_obfuscated debugBuild: false
09-01 23:57:25.655 12810 12889 I cr_LibraryLoader: Successfully loaded native library
09-01 23:57:25.656 12810 12889 I cr_CachingUmaRecorder: Flushed 3 samples from 3 histograms.
09-01 23:57:25.656 12863 12863 I cr_SplitCompatApp: Launched version=107.0.5304.91 minSdkVersion=29 isBundle=true processName=com.android.chrome:sandboxed_process0:org.chromium.content.app.SandboxedProcessService0:58 isIsolated=true
09-01 23:57:25.658 11083 11083 D Zygote  : Forked child process 12903
09-01 23:57:25.659 12903 12903 E libc    : SetHeapTaggingLevel: re-enabling tagging after it was disabled is not supported
09-01 23:57:25.663 12903 12903 E cessService0:6: Not starting debugger since process cannot load the jdwp agent.
09-01 23:57:25.664  1513  1625 W ActivityManager: Slow operation: 980ms so far, now at startProcess: returned from zygote!
09-01 23:57:25.665  1513  1625 W ActivityManager: Slow operation: 980ms so far, now at startProcess: done updating battery stats
09-01 23:57:25.665  1513  1625 W ActivityManager: Slow operation: 980ms so far, now at startProcess: building log message
09-01 23:57:25.665  1513  1625 I ActivityManager: Start proc 12903:com.android.chrome:sandboxed_process0:org.chromium.content.app.SandboxedProcessService0:60/u0ai60 for  {com.android.chrome/org.chromium.content.app.SandboxedProcessService0:60}
09-01 23:57:25.665  1513  1625 W ActivityManager: Slow operation: 980ms so far, now at startProcess: starting to update pids map
09-01 23:57:25.665  1513  1625 W ActivityManager: Slow operation: 980ms so far, now at startProcess: done updating pids map
09-01 23:57:25.665  1513  1625 W ActivityManager: Slow operation: 951ms so far, now at startProcess: asking zygote to start proc
09-01 23:57:25.665  1513  1625 D CompatibilityChangeReporter: Compat change id reported: 143937733; UID 10220; state: ENABLED
09-01 23:57:25.673 11083 11083 D Zygote  : Forked child process 12922
09-01 23:57:25.674  1513  1625 W ActivityManager: Slow operation: 960ms so far, now at startProcess: returned from zygote!
09-01 23:57:25.674  1513  1625 W ActivityManager: Slow operation: 961ms so far, now at startProcess: done updating battery stats
09-01 23:57:25.674  1513  1625 W ActivityManager: Slow operation: 961ms so far, now at startProcess: building log message
09-01 23:57:25.674  1513  1625 I ActivityManager: Start proc 12922:com.android.chrome:sandboxed_process0:org.chromium.content.app.SandboxedProcessService0:61/u0ai61 for  {com.android.chrome/org.chromium.content.app.SandboxedProcessService0:61}
09-01 23:57:25.674  1513  1625 W ActivityManager: Slow operation: 961ms so far, now at startProcess: starting to update pids map
09-01 23:57:25.674  1513  1625 W ActivityManager: Slow operation: 961ms so far, now at startProcess: done updating pids map
09-01 23:57:25.674  1513  1625 W ActivityManager: Slow operation: 929ms so far, now at startProcess: asking zygote to start proc
09-01 23:57:25.676 12922 12922 E libc    : SetHeapTaggingLevel: re-enabling tagging after it was disabled is not supported
09-01 23:57:25.680 12922 12922 E cessService0:6: Not starting debugger since process cannot load the jdwp agent.
09-01 23:57:25.680 12863 12863 W SystemServiceRegistry: No service published for: uimode
09-01 23:57:25.683 12884 12884 I LoadedApk: No resource references to update in package com.google.android.trichromelibrary
09-01 23:57:25.683 12884 12884 D NetworkSecurityConfig: Using Network Security Config from resource 0_resource_name_obfuscated debugBuild: false
09-01 23:57:25.684 12884 12884 D NetworkSecurityConfig: Using Network Security Config from resource 0_resource_name_obfuscated debugBuild: false
09-01 23:57:25.685  1513  3240 D CompatibilityChangeReporter: Compat change id reported: 136274596; UID 10220; state: ENABLED
09-01 23:57:25.686 12884 12884 I cr_SplitCompatApp: Launched version=107.0.5304.91 minSdkVersion=29 isBundle=true processName=com.android.chrome:sandboxed_process0:org.chromium.content.app.SandboxedProcessService0:59 isIsolated=true
09-01 23:57:25.689 12863 12863 I cr_ChildProcessService: Creating new ChildProcessService pid=12863
09-01 23:57:25.691 11083 11083 D Zygote  : Forked child process 12941
09-01 23:57:25.693 12941 12941 E libc    : SetHeapTaggingLevel: re-enabling tagging after it was disabled is not supported
09-01 23:57:25.695  1513  1625 W ActivityManager: Slow operation: 949ms so far, now at startProcess: returned from zygote!
09-01 23:57:25.695  1513  9003 D CompatibilityChangeReporter: Compat change id reported: 136274596; UID 10220; state: ENABLED
09-01 23:57:25.699  1513  1625 W ActivityManager: Slow operation: 954ms so far, now at startProcess: done updating battery stats
09-01 23:57:25.699  1513  1625 W ActivityManager: Slow operation: 954ms so far, now at startProcess: building log message
09-01 23:57:25.699  1513  1625 I ActivityManager: Start proc 12941:com.android.chrome:sandboxed_process0:org.chromium.content.app.SandboxedProcessService0:62/u0ai62 for  {com.android.chrome/org.chromium.content.app.SandboxedProcessService0:62}
09-01 23:57:25.699  1513  1625 W ActivityManager: Slow operation: 954ms so far, now at startProcess: starting to update pids map
09-01 23:57:25.699  1513  1625 W ActivityManager: Slow operation: 954ms so far, now at startProcess: done updating pids map
09-01 23:57:25.699  1513  1625 W ActivityManager: Slow operation: 920ms so far, now at startProcess: asking zygote to start proc
09-01 23:57:25.700  1513  1625 D CompatibilityChangeReporter: Compat change id reported: 143937733; UID 10220; state: ENABLED
09-01 23:57:25.701 12884 12884 W SystemServiceRegistry: No service published for: uimode
09-01 23:57:25.703 12941 12941 E cessService0:6: Not starting debugger since process cannot load the jdwp agent.
09-01 23:57:25.705 12863 12881 I cr_LibraryLoader: Using ModernLinker
09-01 23:57:25.705 12884 12884 I cr_ChildProcessService: Creating new ChildProcessService pid=12884
09-01 23:57:25.707 12863 12881 W linker  : Warning: "/data/app/~~_KLlx60MH8CoecPTjMKp8g==/com.android.chrome-kw9RHYrlHKb9bPXi8OTClw==/base.apk!/lib/arm64-v8a/libchromium_android_linker.so" unused DT entry: unknown processor-specific (type 0x70000001 arg 0x0) (ignoring)
09-01 23:57:25.709 12863 12881 E cr_ChromiumAndroidLinker: ReserveAddressWithHint: Address range starting at 0x7a38695000 was not free to use
09-01 23:57:25.710 12903 12903 I LoadedApk: No resource references to update in package com.google.android.trichromelibrary
09-01 23:57:25.710 12903 12903 D NetworkSecurityConfig: Using Network Security Config from resource 0_resource_name_obfuscated debugBuild: false
09-01 23:57:25.711 12903 12903 D NetworkSecurityConfig: Using Network Security Config from resource 0_resource_name_obfuscated debugBuild: false
09-01 23:57:25.711 12903 12903 I cr_SplitCompatApp: Launched version=107.0.5304.91 minSdkVersion=29 isBundle=true processName=com.android.chrome:sandboxed_process0:org.chromium.content.app.SandboxedProcessService0:60 isIsolated=true
09-01 23:57:25.712 12884 12901 I cr_LibraryLoader: Using ModernLinker
09-01 23:57:25.714 12884 12901 W linker  : Warning: "/data/app/~~_KLlx60MH8CoecPTjMKp8g==/com.android.chrome-kw9RHYrlHKb9bPXi8OTClw==/base.apk!/lib/arm64-v8a/libchromium_android_linker.so" unused DT entry: unknown processor-specific (type 0x70000001 arg 0x0) (ignoring)
09-01 23:57:25.715  1513  2180 D CompatibilityChangeReporter: Compat change id reported: 136274596; UID 10220; state: ENABLED
09-01 23:57:25.716 12884 12901 E cr_ChromiumAndroidLinker: ReserveAddressWithHint: Address range starting at 0x7a38695000 was not free to use
09-01 23:57:25.716 12863 12940 I cr_LibraryLoader: Successfully loaded native library
09-01 23:57:25.717 12863 12940 I cr_CachingUmaRecorder: Flushed 3 samples from 3 histograms.
09-01 23:57:25.717 11083 11083 D Zygote  : Forked child process 12961
09-01 23:57:25.718 12884 12957 I cr_LibraryLoader: Successfully loaded native library
09-01 23:57:25.719 12884 12957 I cr_CachingUmaRecorder: Flushed 3 samples from 3 histograms.
09-01 23:57:25.719  1513  1625 W ActivityManager: Slow operation: 939ms so far, now at startProcess: returned from zygote!
09-01 23:57:25.720 12790 12860 I cr_LibraryLoader: Successfully loaded native library
09-01 23:57:25.721 12790 12860 I cr_CachingUmaRecorder: Flushed 3 samples from 3 histograms.
09-01 23:57:25.721 12903 12903 W SystemServiceRegistry: No service published for: uimode
09-01 23:57:25.723  1513  1625 W ActivityManager: Slow operation: 943ms so far, now at startProcess: done updating battery stats
09-01 23:57:25.723  1513  1625 W ActivityManager: Slow operation: 943ms so far, now at startProcess: building log message
09-01 23:57:25.723  1513  1625 I ActivityManager: Start proc 12961:com.android.chrome:sandboxed_process0:org.chromium.content.app.SandboxedProcessService0:63/u0ai63 for  {com.android.chrome/org.chromium.content.app.SandboxedProcessService0:63}
09-01 23:57:25.723  1513  1625 W ActivityManager: Slow operation: 944ms so far, now at startProcess: starting to update pids map
09-01 23:57:25.723  1513  1625 W ActivityManager: Slow operation: 944ms so far, now at startProcess: done updating pids map
09-01 23:57:25.723  1513  1625 W ActivityManager: Slow operation: 918ms so far, now at startProcess: asking zygote to start proc
09-01 23:57:25.723  1513  1625 D CompatibilityChangeReporter: Compat change id reported: 143937733; UID 10220; state: ENABLED
09-01 23:57:25.726 12961 12961 E libc    : SetHeapTaggingLevel: re-enabling tagging after it was disabled is not supported
09-01 23:57:25.727 12903 12903 I cr_ChildProcessService: Creating new ChildProcessService pid=12903
09-01 23:57:25.727 12922 12922 I LoadedApk: No resource references to update in package com.google.android.trichromelibrary
09-01 23:57:25.727 12922 12922 D NetworkSecurityConfig: Using Network Security Config from resource 0_resource_name_obfuscated debugBuild: false
09-01 23:57:25.728 12922 12922 D NetworkSecurityConfig: Using Network Security Config from resource 0_resource_name_obfuscated debugBuild: false
09-01 23:57:25.730 12922 12922 I cr_SplitCompatApp: Launched version=107.0.5304.91 minSdkVersion=29 isBundle=true processName=com.android.chrome:sandboxed_process0:org.chromium.content.app.SandboxedProcessService0:61 isIsolated=true
09-01 23:57:25.734 12961 12961 E cessService0:6: Not starting debugger since process cannot load the jdwp agent.
09-01 23:57:25.735 12941 12941 I LoadedApk: No resource references to update in package com.google.android.trichromelibrary
09-01 23:57:25.735 12941 12941 D NetworkSecurityConfig: Using Network Security Config from resource 0_resource_name_obfuscated debugBuild: false
09-01 23:57:25.736 12941 12941 D NetworkSecurityConfig: Using Network Security Config from resource 0_resource_name_obfuscated debugBuild: false
09-01 23:57:25.736 12941 12941 I cr_SplitCompatApp: Launched version=107.0.5304.91 minSdkVersion=29 isBundle=true processName=com.android.chrome:sandboxed_process0:org.chromium.content.app.SandboxedProcessService0:62 isIsolated=true
09-01 23:57:25.742 12922 12922 W SystemServiceRegistry: No service published for: uimode
09-01 23:57:25.743 12941 12941 W SystemServiceRegistry: No service published for: uimode
09-01 23:57:25.744 11083 11083 D Zygote  : Forked child process 12996
09-01 23:57:25.745 12996 12996 E libc    : SetHeapTaggingLevel: re-enabling tagging after it was disabled is not supported
09-01 23:57:25.747 12922 12922 I cr_ChildProcessService: Creating new ChildProcessService pid=12922
09-01 23:57:25.747 12941 12941 I cr_ChildProcessService: Creating new ChildProcessService pid=12941
09-01 23:57:25.747  1513  1625 W ActivityManager: Slow operation: 942ms so far, now at startProcess: returned from zygote!
09-01 23:57:25.748  1513  2180 D CompatibilityChangeReporter: Compat change id reported: 136274596; UID 10220; state: ENABLED
09-01 23:57:25.750  1513  1625 W ActivityManager: Slow operation: 944ms so far, now at startProcess: done updating battery stats
09-01 23:57:25.750  1513  1625 W ActivityManager: Slow operation: 944ms so far, now at startProcess: building log message
09-01 23:57:25.750  1513  1625 I ActivityManager: Start proc 12996:com.android.chrome:sandboxed_process0:org.chromium.content.app.SandboxedProcessService0:64/u0ai64 for  {com.android.chrome/org.chromium.content.app.SandboxedProcessService0:64}
09-01 23:57:25.750  1513  1625 W ActivityManager: Slow operation: 944ms so far, now at startProcess: starting to update pids map
09-01 23:57:25.750 12903 12939 I cr_LibraryLoader: Using ModernLinker
09-01 23:57:25.750  1513  1625 W ActivityManager: Slow operation: 945ms so far, now at startProcess: done updating pids map
09-01 23:57:25.751  1513  1625 W ActivityManager: Slow operation: 913ms so far, now at startProcess: asking zygote to start proc
09-01 23:57:25.751  1513  1625 D CompatibilityChangeReporter: Compat change id reported: 143937733; UID 10220; state: ENABLED
09-01 23:57:25.752 12903 12939 W linker  : Warning: "/data/app/~~_KLlx60MH8CoecPTjMKp8g==/com.android.chrome-kw9RHYrlHKb9bPXi8OTClw==/base.apk!/lib/arm64-v8a/libchromium_android_linker.so" unused DT entry: unknown processor-specific (type 0x70000001 arg 0x0) (ignoring)
09-01 23:57:25.753 12903 12939 E cr_ChromiumAndroidLinker: ReserveAddressWithHint: Address range starting at 0x7a38695000 was not free to use
09-01 23:57:25.758 12922 12952 I cr_LibraryLoader: Using ModernLinker
09-01 23:57:25.760 12941 12960 I cr_LibraryLoader: Using ModernLinker
09-01 23:57:25.762 11083 11083 D Zygote  : Forked child process 13017
09-01 23:57:25.763  1513  1625 W ActivityManager: Slow operation: 925ms so far, now at startProcess: returned from zygote!
09-01 23:57:25.764  1513  1625 W ActivityManager: Slow operation: 927ms so far, now at startProcess: done updating battery stats
09-01 23:57:25.764  1513  1625 W ActivityManager: Slow operation: 927ms so far, now at startProcess: building log message
09-01 23:57:25.764  1513  1625 I ActivityManager: Start proc 13017:com.android.chrome:sandboxed_process0:org.chromium.content.app.SandboxedProcessService0:65/u0ai65 for  {com.android.chrome/org.chromium.content.app.SandboxedProcessService0:65}
09-01 23:57:25.765  1513  1625 W ActivityManager: Slow operation: 927ms so far, now at startProcess: starting to update pids map
09-01 23:57:25.765  1513  1625 W ActivityManager: Slow operation: 928ms so far, now at startProcess: done updating pids map
09-01 23:57:25.765  1513  1625 W ActivityManager: Slow operation: 897ms so far, now at startProcess: asking zygote to start proc
09-01 23:57:25.766 13017 13017 E libc    : SetHeapTaggingLevel: re-enabling tagging after it was disabled is not supported
09-01 23:57:25.766 12922 12952 W linker  : Warning: "/data/app/~~_KLlx60MH8CoecPTjMKp8g==/com.android.chrome-kw9RHYrlHKb9bPXi8OTClw==/base.apk!/lib/arm64-v8a/libchromium_android_linker.so" unused DT entry: unknown processor-specific (type 0x70000001 arg 0x0) (ignoring)
09-01 23:57:25.767 12922 12952 E cr_ChromiumAndroidLinker: ReserveAddressWithHint: Address range starting at 0x7a38695000 was not free to use
09-01 23:57:25.767 12996 12996 E cessService0:6: Not starting debugger since process cannot load the jdwp agent.
09-01 23:57:25.768 12941 12960 W linker  : Warning: "/data/app/~~_KLlx60MH8CoecPTjMKp8g==/com.android.chrome-kw9RHYrlHKb9bPXi8OTClw==/base.apk!/lib/arm64-v8a/libchromium_android_linker.so" unused DT entry: unknown processor-specific (type 0x70000001 arg 0x0) (ignoring)
09-01 23:57:25.768 12941 12960 E cr_ChromiumAndroidLinker: ReserveAddressWithHint: Address range starting at 0x7a38695000 was not free to use
09-01 23:57:25.769 12961 12961 I LoadedApk: No resource references to update in package com.google.android.trichromelibrary
09-01 23:57:25.769 12961 12961 D NetworkSecurityConfig: Using Network Security Config from resource 0_resource_name_obfuscated debugBuild: false
09-01 23:57:25.770 12903 12973 I cr_LibraryLoader: Successfully loaded native library
09-01 23:57:25.770 12941 13004 I cr_LibraryLoader: Successfully loaded native library
09-01 23:57:25.770 12961 12961 D NetworkSecurityConfig: Using Network Security Config from resource 0_resource_name_obfuscated debugBuild: false
09-01 23:57:25.771 12941 13004 I cr_CachingUmaRecorder: Flushed 3 samples from 3 histograms.
09-01 23:57:25.771 12903 12973 I cr_CachingUmaRecorder: Flushed 3 samples from 3 histograms.
09-01 23:57:25.772 12922 13005 I cr_LibraryLoader: Successfully loaded native library
09-01 23:57:25.772 12961 12961 I cr_SplitCompatApp: Launched version=107.0.5304.91 minSdkVersion=29 isBundle=true processName=com.android.chrome:sandboxed_process0:org.chromium.content.app.SandboxedProcessService0:63 isIsolated=true
09-01 23:57:25.776 12922 13005 I cr_CachingUmaRecorder: Flushed 3 samples from 3 histograms.
09-01 23:57:25.779  1513  9003 D CompatibilityChangeReporter: Compat change id reported: 136274596; UID 10220; state: ENABLED
09-01 23:57:25.781 13017 13017 E cessService0:6: Not starting debugger since process cannot load the jdwp agent.
09-01 23:57:25.787 11083 11083 D Zygote  : Forked child process 13040
09-01 23:57:25.788  1513  1625 W ActivityManager: Slow operation: 919ms so far, now at startProcess: returned from zygote!
09-01 23:57:25.788  1513  1625 W ActivityManager: Slow operation: 920ms so far, now at startProcess: done updating battery stats
09-01 23:57:25.788  1513  1625 W ActivityManager: Slow operation: 920ms so far, now at startProcess: building log message
09-01 23:57:25.788  1513  1625 I ActivityManager: Start proc 13040:com.android.chrome:sandboxed_process0:org.chromium.content.app.SandboxedProcessService0:66/u0ai66 for  {com.android.chrome/org.chromium.content.app.SandboxedProcessService0:66}
09-01 23:57:25.788  1513  1625 W ActivityManager: Slow operation: 920ms so far, now at startProcess: starting to update pids map
09-01 23:57:25.788  1513  1625 W ActivityManager: Slow operation: 920ms so far, now at startProcess: done updating pids map
09-01 23:57:25.788  1513  1625 W ActivityManager: Slow operation: 891ms so far, now at startProcess: asking zygote to start proc
09-01 23:57:25.788  1513  1625 D CompatibilityChangeReporter: Compat change id reported: 143937733; UID 10220; state: ENABLED
09-01 23:57:25.789 13040 13040 E libc    : SetHeapTaggingLevel: re-enabling tagging after it was disabled is not supported
09-01 23:57:25.792  1513  9003 D CompatibilityChangeReporter: Compat change id reported: 136274596; UID 10220; state: ENABLED
09-01 23:57:25.793 13040 13040 E cessService0:6: Not starting debugger since process cannot load the jdwp agent.
09-01 23:57:25.797 12961 12961 W SystemServiceRegistry: No service published for: uimode
09-01 23:57:25.800  1513  3240 D CompatibilityChangeReporter: Compat change id reported: 136274596; UID 10220; state: ENABLED
09-01 23:57:25.801 12961 12961 I cr_ChildProcessService: Creating new ChildProcessService pid=12961
09-01 23:57:25.801 11083 11083 D Zygote  : Forked child process 13058
09-01 23:57:25.802  1513  1625 W ActivityManager: Slow operation: 905ms so far, now at startProcess: returned from zygote!
09-01 23:57:25.802  1513  1625 W ActivityManager: Slow operation: 905ms so far, now at startProcess: done updating battery stats
09-01 23:57:25.802  1513  1625 W ActivityManager: Slow operation: 905ms so far, now at startProcess: building log message
09-01 23:57:25.802  1513  1625 I ActivityManager: Start proc 13058:com.android.chrome:sandboxed_process0:org.chromium.content.app.SandboxedProcessService0:67/u0ai67 for  {com.android.chrome/org.chromium.content.app.SandboxedProcessService0:67}
09-01 23:57:25.802  1513  1625 W ActivityManager: Slow operation: 905ms so far, now at startProcess: starting to update pids map
09-01 23:57:25.802  1513  1625 W ActivityManager: Slow operation: 905ms so far, now at startProcess: done updating pids map
09-01 23:57:25.803  1513  1625 W ActivityManager: Slow operation: 881ms so far, now at startProcess: asking zygote to start proc
09-01 23:57:25.803  1513  1625 D CompatibilityChangeReporter: Compat change id reported: 143937733; UID 10220; state: ENABLED
09-01 23:57:25.806 13058 13058 E libc    : SetHeapTaggingLevel: re-enabling tagging after it was disabled is not supported
09-01 23:57:25.810 12961 13007 I cr_LibraryLoader: Using ModernLinker
09-01 23:57:25.811 12961 13007 W linker  : Warning: "/data/app/~~_KLlx60MH8CoecPTjMKp8g==/com.android.chrome-kw9RHYrlHKb9bPXi8OTClw==/base.apk!/lib/arm64-v8a/libchromium_android_linker.so" unused DT entry: unknown processor-specific (type 0x70000001 arg 0x0) (ignoring)
09-01 23:57:25.812 12961 13007 E cr_ChromiumAndroidLinker: ReserveAddressWithHint: Address range starting at 0x7a38695000 was not free to use
09-01 23:57:25.816 12996 12996 I LoadedApk: No resource references to update in package com.google.android.trichromelibrary
09-01 23:57:25.817 12996 12996 D NetworkSecurityConfig: Using Network Security Config from resource 0_resource_name_obfuscated debugBuild: false
09-01 23:57:25.818 12996 12996 D NetworkSecurityConfig: Using Network Security Config from resource 0_resource_name_obfuscated debugBuild: false
09-01 23:57:25.818 13058 13058 E cessService0:6: Not starting debugger since process cannot load the jdwp agent.
09-01 23:57:25.819 12996 12996 I cr_SplitCompatApp: Launched version=107.0.5304.91 minSdkVersion=29 isBundle=true processName=com.android.chrome:sandboxed_process0:org.chromium.content.app.SandboxedProcessService0:64 isIsolated=true
09-01 23:57:25.828  1513  9003 D CompatibilityChangeReporter: Compat change id reported: 136274596; UID 10220; state: ENABLED
09-01 23:57:25.831 12996 12996 W SystemServiceRegistry: No service published for: uimode
09-01 23:57:25.832 13017 13017 I LoadedApk: No resource references to update in package com.google.android.trichromelibrary
09-01 23:57:25.832 13017 13017 D NetworkSecurityConfig: Using Network Security Config from resource 0_resource_name_obfuscated debugBuild: false
09-01 23:57:25.833 13017 13017 D NetworkSecurityConfig: Using Network Security Config from resource 0_resource_name_obfuscated debugBuild: false
09-01 23:57:25.834 13040 13040 I LoadedApk: No resource references to update in package com.google.android.trichromelibrary
09-01 23:57:25.834 13040 13040 D NetworkSecurityConfig: Using Network Security Config from resource 0_resource_name_obfuscated debugBuild: false
09-01 23:57:25.834 13017 13017 I cr_SplitCompatApp: Launched version=107.0.5304.91 minSdkVersion=29 isBundle=true processName=com.android.chrome:sandboxed_process0:org.chromium.content.app.SandboxedProcessService0:65 isIsolated=true
09-01 23:57:25.835 13040 13040 D NetworkSecurityConfig: Using Network Security Config from resource 0_resource_name_obfuscated debugBuild: false
09-01 23:57:25.835 11083 11083 D Zygote  : Forked child process 13084
09-01 23:57:25.835 12996 12996 I cr_ChildProcessService: Creating new ChildProcessService pid=12996
09-01 23:57:25.836 13040 13040 I cr_SplitCompatApp: Launched version=107.0.5304.91 minSdkVersion=29 isBundle=true processName=com.android.chrome:sandboxed_process0:org.chromium.content.app.SandboxedProcessService0:66 isIsolated=true
09-01 23:57:25.836  1513  1625 W ActivityManager: Slow operation: 915ms so far, now at startProcess: returned from zygote!
09-01 23:57:25.837  1513  1625 W ActivityManager: Slow operation: 915ms so far, now at startProcess: done updating battery stats
09-01 23:57:25.837 12961 13061 I cr_LibraryLoader: Successfully loaded native library
09-01 23:57:25.837  1513  1625 W ActivityManager: Slow operation: 915ms so far, now at startProcess: building log message
09-01 23:57:25.837  1513  1625 I ActivityManager: Start proc 13084:com.android.chrome:sandboxed_process0:org.chromium.content.app.SandboxedProcessService0:68/u0ai68 for  {com.android.chrome/org.chromium.content.app.SandboxedProcessService0:68}
09-01 23:57:25.837  1513  1625 W ActivityManager: Slow operation: 915ms so far, now at startProcess: starting to update pids map
09-01 23:57:25.837  1513  1625 W ActivityManager: Slow operation: 915ms so far, now at startProcess: done updating pids map
09-01 23:57:25.837  1513  1625 W ActivityManager: Slow operation: 851ms so far, now at startProcess: asking zygote to start proc
09-01 23:57:25.837  1513  1625 D CompatibilityChangeReporter: Compat change id reported: 143937733; UID 10220; state: ENABLED
09-01 23:57:25.838 12961 13061 I cr_CachingUmaRecorder: Flushed 3 samples from 3 histograms.
09-01 23:57:25.840 13084 13084 E libc    : SetHeapTaggingLevel: re-enabling tagging after it was disabled is not supported
09-01 23:57:25.844 12996 13035 I cr_LibraryLoader: Using ModernLinker
09-01 23:57:25.844 13017 13017 W SystemServiceRegistry: No service published for: uimode
09-01 23:57:25.844 12996 13035 W linker  : Warning: "/data/app/~~_KLlx60MH8CoecPTjMKp8g==/com.android.chrome-kw9RHYrlHKb9bPXi8OTClw==/base.apk!/lib/arm64-v8a/libchromium_android_linker.so" unused DT entry: unknown processor-specific (type 0x70000001 arg 0x0) (ignoring)
09-01 23:57:25.845 12996 13035 E cr_ChromiumAndroidLinker: ReserveAddressWithHint: Address range starting at 0x7a38695000 was not free to use
09-01 23:57:25.850 13017 13017 I cr_ChildProcessService: Creating new ChildProcessService pid=13017
09-01 23:57:25.850 13040 13040 W SystemServiceRegistry: No service published for: uimode
09-01 23:57:25.855 13040 13040 I cr_ChildProcessService: Creating new ChildProcessService pid=13040
09-01 23:57:25.855 13058 13058 I LoadedApk: No resource references to update in package com.google.android.trichromelibrary
09-01 23:57:25.856 13058 13058 D NetworkSecurityConfig: Using Network Security Config from resource 0_resource_name_obfuscated debugBuild: false
09-01 23:57:25.856 11083 11083 D Zygote  : Forked child process 13099
09-01 23:57:25.856 13017 13068 I cr_LibraryLoader: Using ModernLinker
09-01 23:57:25.857 13058 13058 D NetworkSecurityConfig: Using Network Security Config from resource 0_resource_name_obfuscated debugBuild: false
09-01 23:57:25.857  1513  1625 W ActivityManager: Slow operation: 871ms so far, now at startProcess: returned from zygote!
09-01 23:57:25.857  1513  1625 W ActivityManager: Slow operation: 872ms so far, now at startProcess: done updating battery stats
09-01 23:57:25.857  1513  1625 W ActivityManager: Slow operation: 872ms so far, now at startProcess: building log message
09-01 23:57:25.857  1513  1625 I ActivityManager: Start proc 13099:com.android.chrome:sandboxed_process0:org.chromium.content.app.SandboxedProcessService0:69/u0ai69 for  {com.android.chrome/org.chromium.content.app.SandboxedProcessService0:69}
09-01 23:57:25.857  1513  1625 W ActivityManager: Slow operation: 872ms so far, now at startProcess: starting to update pids map
09-01 23:57:25.857  1513  1625 W ActivityManager: Slow operation: 872ms so far, now at startProcess: done updating pids map
09-01 23:57:25.857  1513  1625 W ActivityManager: Slow operation: 865ms so far, now at startProcess: asking zygote to start proc
09-01 23:57:25.858 13058 13058 I cr_SplitCompatApp: Launched version=107.0.5304.91 minSdkVersion=29 isBundle=true processName=com.android.chrome:sandboxed_process0:org.chromium.content.app.SandboxedProcessService0:67 isIsolated=true
09-01 23:57:25.858 13099 13099 E libc    : SetHeapTaggingLevel: re-enabling tagging after it was disabled is not supported
09-01 23:57:25.859 13017 13068 W linker  : Warning: "/data/app/~~_KLlx60MH8CoecPTjMKp8g==/com.android.chrome-kw9RHYrlHKb9bPXi8OTClw==/base.apk!/lib/arm64-v8a/libchromium_android_linker.so" unused DT entry: unknown processor-specific (type 0x70000001 arg 0x0) (ignoring)
09-01 23:57:25.860 13017 13068 E cr_ChromiumAndroidLinker: ReserveAddressWithHint: Address range starting at 0x7a38695000 was not free to use
09-01 23:57:25.861 13084 13084 E cessService0:6: Not starting debugger since process cannot load the jdwp agent.
09-01 23:57:25.862 13040 13070 I cr_LibraryLoader: Using ModernLinker
09-01 23:57:25.867 13099 13099 E cessService0:6: Not starting debugger since process cannot load the jdwp agent.
09-01 23:57:25.870 13117 13117 E libc    : SetHeapTaggingLevel: re-enabling tagging after it was disabled is not supported
09-01 23:57:25.872 13058 13058 W SystemServiceRegistry: No service published for: uimode
09-01 23:57:25.873 13017 13097 I cr_LibraryLoader: Successfully loaded native library
09-01 23:57:25.873 11083 11083 D Zygote  : Forked child process 13117
09-01 23:57:25.874 13117 13117 E cessService0:7: Not starting debugger since process cannot load the jdwp agent.
09-01 23:57:25.875 13017 13097 I cr_CachingUmaRecorder: Flushed 3 samples from 3 histograms.
09-01 23:57:25.877  1513  1625 W ActivityManager: Slow operation: 884ms so far, now at startProcess: returned from zygote!
09-01 23:57:25.877  1513  1625 W ActivityManager: Slow operation: 885ms so far, now at startProcess: done updating battery stats
09-01 23:57:25.877  1513  1625 W ActivityManager: Slow operation: 885ms so far, now at startProcess: building log message
09-01 23:57:25.877  1513  1625 I ActivityManager: Start proc 13117:com.android.chrome:sandboxed_process0:org.chromium.content.app.SandboxedProcessService0:70/u0ai70 for  {com.android.chrome/org.chromium.content.app.SandboxedProcessService0:70}
09-01 23:57:25.877  1513  1625 W ActivityManager: Slow operation: 885ms so far, now at startProcess: starting to update pids map
09-01 23:57:25.877  1513  1625 W ActivityManager: Slow operation: 885ms so far, now at startProcess: done updating pids map
09-01 23:57:25.877  1513  1625 W ActivityManager: Slow operation: 882ms so far, now at startProcess: asking zygote to start proc
09-01 23:57:25.877 13058 13058 I cr_ChildProcessService: Creating new ChildProcessService pid=13058
09-01 23:57:25.878 13040 13070 W linker  : Warning: "/data/app/~~_KLlx60MH8CoecPTjMKp8g==/com.android.chrome-kw9RHYrlHKb9bPXi8OTClw==/base.apk!/lib/arm64-v8a/libchromium_android_linker.so" unused DT entry: unknown processor-specific (type 0x70000001 arg 0x0) (ignoring)
09-01 23:57:25.880 13040 13070 E cr_ChromiumAndroidLinker: ReserveAddressWithHint: Address range starting at 0x7a38695000 was not free to use
09-01 23:57:25.882 13058 13090 I cr_LibraryLoader: Using ModernLinker
09-01 23:57:25.885 13058 13090 W linker  : Warning: "/data/app/~~_KLlx60MH8CoecPTjMKp8g==/com.android.chrome-kw9RHYrlHKb9bPXi8OTClw==/base.apk!/lib/arm64-v8a/libchromium_android_linker.so" unused DT entry: unknown processor-specific (type 0x70000001 arg 0x0) (ignoring)
09-01 23:57:25.886 13058 13090 E cr_ChromiumAndroidLinker: ReserveAddressWithHint: Address range starting at 0x7a38695000 was not free to use
09-01 23:57:25.886  1513  9003 D CompatibilityChangeReporter: Compat change id reported: 136274596; UID 10220; state: ENABLED
09-01 23:57:25.888 11083 11083 D Zygote  : Forked child process 13138
09-01 23:57:25.889  1513  1625 W ActivityManager: Slow operation: 894ms so far, now at startProcess: returned from zygote!
09-01 23:57:25.890  1513  1625 W ActivityManager: Slow operation: 894ms so far, now at startProcess: done updating battery stats
09-01 23:57:25.890  1513  1625 W ActivityManager: Slow operation: 894ms so far, now at startProcess: building log message
09-01 23:57:25.890  1513  1625 I ActivityManager: Start proc 13138:com.android.chrome:sandboxed_process0:org.chromium.content.app.SandboxedProcessService0:71/u0ai71 for  {com.android.chrome/org.chromium.content.app.SandboxedProcessService0:71}
09-01 23:57:25.890  1513  1625 W ActivityManager: Slow operation: 894ms so far, now at startProcess: starting to update pids map
09-01 23:57:25.890  1513  1625 W ActivityManager: Slow operation: 894ms so far, now at startProcess: done updating pids map
09-01 23:57:25.890  1513  1625 W ActivityManager: Slow operation: 881ms so far, now at startProcess: asking zygote to start proc
09-01 23:57:25.890  1513  1625 D CompatibilityChangeReporter: Compat change id reported: 143937733; UID 10220; state: ENABLED
09-01 23:57:25.891 13138 13138 E libc    : SetHeapTaggingLevel: re-enabling tagging after it was disabled is not supported
09-01 23:57:25.893  1513  8503 D CompatibilityChangeReporter: Compat change id reported: 136274596; UID 10220; state: ENABLED
09-01 23:57:25.894 13058 13135 I cr_LibraryLoader: Successfully loaded native library
