09-01 21:01:04.416 11312 11312 D Zygote  : Forked child process 11834
09-01 21:01:04.421  1513  2571 D CompatibilityChangeReporter: Compat change id reported: 136274596; UID 10220; state: ENABLED
09-01 21:01:04.422 11834 11834 E libc    : SetHeapTaggingLevel: re-enabling tagging after it was disabled is not supported
09-01 21:01:04.435 11834 11834 E cessService0:1: Not starting debugger since process cannot load the jdwp agent.
09-01 21:01:04.440  1513  2571 D CompatibilityChangeReporter: Compat change id reported: 135634846; UID 10220; state: DISABLED
09-01 21:01:04.440  1513  2571 D CompatibilityChangeReporter: Compat change id reported: 135754954; UID 10220; state: ENABLED
09-01 21:01:04.443  1513  1625 W ActivityManager: Slow operation: 358ms so far, now at startProcess: returned from zygote!
09-01 21:01:04.443  1513  1625 W ActivityManager: Slow operation: 358ms so far, now at startProcess: done updating battery stats
09-01 21:01:04.443  1513  1625 W ActivityManager: Slow operation: 359ms so far, now at startProcess: building log message
09-01 21:01:04.443  1513  1625 I ActivityManager: Start proc 11834:com.android.chrome:sandboxed_process0:org.chromium.content.app.SandboxedProcessService0:17/u0ai17 for  {com.android.chrome/org.chromium.content.app.SandboxedProcessService0:17}
09-01 21:01:04.443  1513  1625 W ActivityManager: Slow operation: 359ms so far, now at startProcess: starting to update pids map
09-01 21:01:04.443  1513  1625 W ActivityManager: Slow operation: 359ms so far, now at startProcess: done updating pids map
09-01 21:01:04.443  1513  1625 W ActivityManager: Slow operation: 319ms so far, now at startProcess: asking zygote to start proc
09-01 21:01:04.443  1513  1625 D CompatibilityChangeReporter: Compat change id reported: 143937733; UID 10220; state: ENABLED
09-01 21:01:04.448 11751 11751 I cr_ChildProcessService: Creating new ChildProcessService pid=11751
09-01 21:01:04.457 11261 11261 E cr_IntentUtils: getBooleanExtra failed on intent null
09-01 21:01:04.457 11261 11261 E cr_IntentUtils: getBooleanExtra failed on intent null
09-01 21:01:04.460  1513  3221 D CompatibilityChangeReporter: Compat change id reported: 136274596; UID 10220; state: ENABLED
09-01 21:01:04.466 11751 11795 I cr_LibraryLoader: Using ModernLinker
09-01 21:01:04.473 11261 11261 I cr_tabmodel: #isIncognitoTabBeingRestored from tabDetails:  false
09-01 21:01:04.473 11261 11261 I cr_tabmodel: #isIncognitoTabBeingRestored from tabDetails:  false
09-01 21:01:04.473 11261 11261 W cr_tabmodel: Failed to restore TabState; creating Tab with last known URL.
09-01 21:01:04.481 11751 11795 W linker  : Warning: "/data/app/~~_KLlx60MH8CoecPTjMKp8g==/com.android.chrome-kw9RHYrlHKb9bPXi8OTClw==/base.apk!/lib/arm64-v8a/libchromium_android_linker.so" unused DT entry: unknown processor-specific (type 0x70000001 arg 0x0) (ignoring)
09-01 21:01:04.485 11312 11312 D Zygote  : Forked child process 11875
09-01 21:01:04.487 11751 11795 E cr_ChromiumAndroidLinker: ReserveAddressWithHint: Address range starting at 0x7a38714000 was not free to use
09-01 21:01:04.489 11875 11875 E libc    : SetHeapTaggingLevel: re-enabling tagging after it was disabled is not supported
09-01 21:01:04.491 11751 11862 I cr_LibraryLoader: Successfully loaded native library
09-01 21:01:04.492 11751 11862 I cr_CachingUmaRecorder: Flushed 3 samples from 3 histograms.
09-01 21:01:04.494  1513  3221 D CompatibilityChangeReporter: Compat change id reported: 135634846; UID 10220; state: DISABLED
09-01 21:01:04.494  1513  3221 D CompatibilityChangeReporter: Compat change id reported: 135754954; UID 10220; state: ENABLED
09-01 21:01:04.502 11875 11875 E cessService0:1: Not starting debugger since process cannot load the jdwp agent.
09-01 21:01:04.502 11261 11261 E cr_IntentUtils: getBooleanExtra failed on intent null
09-01 21:01:04.503 11261 11261 E cr_IntentUtils: getBooleanExtra failed on intent null
09-01 21:01:04.504  1513  1625 W ActivityManager: Slow operation: 379ms so far, now at startProcess: returned from zygote!
09-01 21:01:04.504  1513  1625 W ActivityManager: Slow operation: 380ms so far, now at startProcess: done updating battery stats
09-01 21:01:04.504  1513  1625 W ActivityManager: Slow operation: 380ms so far, now at startProcess: building log message
09-01 21:01:04.504  1513  1625 I ActivityManager: Start proc 11875:com.android.chrome:sandboxed_process0:org.chromium.content.app.SandboxedProcessService0:18/u0ai18 for  {com.android.chrome/org.chromium.content.app.SandboxedProcessService0:18}
09-01 21:01:04.504  1513  1625 W ActivityManager: Slow operation: 380ms so far, now at startProcess: starting to update pids map
09-01 21:01:04.512 11261 11261 I cr_tabmodel: #isIncognitoTabBeingRestored from tabDetails:  false
09-01 21:01:04.512 11261 11261 I cr_tabmodel: #isIncognitoTabBeingRestored from tabDetails:  false
09-01 21:01:04.512 11261 11261 W cr_tabmodel: Failed to restore TabState; creating Tab with last known URL.
09-01 21:01:04.512  1513  1625 W ActivityManager: Slow operation: 388ms so far, now at startProcess: done updating pids map
09-01 21:01:04.512  1513  1625 W ActivityManager: Slow operation: 367ms so far, now at startProcess: asking zygote to start proc
09-01 21:01:04.512  1513  1625 D CompatibilityChangeReporter: Compat change id reported: 143937733; UID 10220; state: ENABLED
09-01 21:01:04.522 11786 11786 I LoadedApk: No resource references to update in package com.google.android.trichromelibrary
09-01 21:01:04.522 11786 11786 D NetworkSecurityConfig: Using Network Security Config from resource 0_resource_name_obfuscated debugBuild: false
09-01 21:01:04.525 11786 11786 D NetworkSecurityConfig: Using Network Security Config from resource 0_resource_name_obfuscated debugBuild: false
09-01 21:01:04.527 11834 11834 I LoadedApk: No resource references to update in package com.google.android.trichromelibrary
09-01 21:01:04.528 11834 11834 D NetworkSecurityConfig: Using Network Security Config from resource 0_resource_name_obfuscated debugBuild: false
09-01 21:01:04.529 11834 11834 D NetworkSecurityConfig: Using Network Security Config from resource 0_resource_name_obfuscated debugBuild: false
09-01 21:01:04.529 11261 11261 E cr_IntentUtils: getBooleanExtra failed on intent null
09-01 21:01:04.530 11261 11261 E cr_IntentUtils: getBooleanExtra failed on intent null
09-01 21:01:04.531 11834 11834 I cr_SplitCompatApp: Launched version=107.0.5304.91 minSdkVersion=29 isBundle=true processName=com.android.chrome:sandboxed_process0:org.chromium.content.app.SandboxedProcessService0:17 isIsolated=true
09-01 21:01:04.536 11261 11261 I cr_tabmodel: #isIncognitoTabBeingRestored from tabDetails:  false
09-01 21:01:04.536 11261 11261 I cr_tabmodel: #isIncognitoTabBeingRestored from tabDetails:  false
09-01 21:01:04.536 11261 11261 W cr_tabmodel: Failed to restore TabState; creating Tab with last known URL.
09-01 21:01:04.540 11312 11312 D Zygote  : Forked child process 11907
09-01 21:01:04.546 11786 11786 I cr_SplitCompatApp: Launched version=107.0.5304.91 minSdkVersion=29 isBundle=true processName=com.android.chrome:sandboxed_process0:org.chromium.content.app.SandboxedProcessService0:16 isIsolated=true
09-01 21:01:04.546  1513  3223 D CompatibilityChangeReporter: Compat change id reported: 136274596; UID 10220; state: ENABLED
09-01 21:01:04.556 11834 11834 W SystemServiceRegistry: No service published for: uimode
09-01 21:01:04.558  1513  3221 D CompatibilityChangeReporter: Compat change id reported: 135634846; UID 10220; state: DISABLED
09-01 21:01:04.558  1513  3221 D CompatibilityChangeReporter: Compat change id reported: 135754954; UID 10220; state: ENABLED
09-01 21:01:04.564 11261 11261 E cr_IntentUtils: getBooleanExtra failed on intent null
09-01 21:01:04.564 11261 11261 E cr_IntentUtils: getBooleanExtra failed on intent null
09-01 21:01:04.571 11907 11907 E libc    : SetHeapTaggingLevel: re-enabling tagging after it was disabled is not supported
09-01 21:01:04.571 11834 11834 I cr_ChildProcessService: Creating new ChildProcessService pid=11834
09-01 21:01:04.574  1513  1625 W ActivityManager: Slow operation: 428ms so far, now at startProcess: returned from zygote!
09-01 21:01:04.574  1513  1625 W ActivityManager: Slow operation: 428ms so far, now at startProcess: done updating battery stats
09-01 21:01:04.574  1513  1625 W ActivityManager: Slow operation: 428ms so far, now at startProcess: building log message
09-01 21:01:04.574  1513  1625 I ActivityManager: Start proc 11907:com.android.chrome:sandboxed_process0:org.chromium.content.app.SandboxedProcessService0:19/u0ai19 for  {com.android.chrome/org.chromium.content.app.SandboxedProcessService0:19}
09-01 21:01:04.574  1513  1625 W ActivityManager: Slow operation: 428ms so far, now at startProcess: starting to update pids map
09-01 21:01:04.574  1513  1625 W ActivityManager: Slow operation: 428ms so far, now at startProcess: done updating pids map
09-01 21:01:04.574  1513  1625 W ActivityManager: Slow operation: 397ms so far, now at startProcess: asking zygote to start proc
09-01 21:01:04.574  1513  1625 D CompatibilityChangeReporter: Compat change id reported: 143937733; UID 10220; state: ENABLED
09-01 21:01:04.578 11907 11907 E cessService0:1: Not starting debugger since process cannot load the jdwp agent.
09-01 21:01:04.579 11786 11786 W SystemServiceRegistry: No service published for: uimode
09-01 21:01:04.589 11834 11871 I cr_LibraryLoader: Using ModernLinker
09-01 21:01:04.589 11875 11875 I LoadedApk: No resource references to update in package com.google.android.trichromelibrary
09-01 21:01:04.590 11834 11871 W linker  : Warning: "/data/app/~~_KLlx60MH8CoecPTjMKp8g==/com.android.chrome-kw9RHYrlHKb9bPXi8OTClw==/base.apk!/lib/arm64-v8a/libchromium_android_linker.so" unused DT entry: unknown processor-specific (type 0x70000001 arg 0x0) (ignoring)
09-01 21:01:04.590 11834 11871 E cr_ChromiumAndroidLinker: ReserveAddressWithHint: Address range starting at 0x7a38714000 was not free to use
09-01 21:01:04.590 11875 11875 D NetworkSecurityConfig: Using Network Security Config from resource 0_resource_name_obfuscated debugBuild: false
09-01 21:01:04.591 11261 11261 I cr_tabmodel: #isIncognitoTabBeingRestored from tabDetails:  false
09-01 21:01:04.591 11875 11875 D NetworkSecurityConfig: Using Network Security Config from resource 0_resource_name_obfuscated debugBuild: false
09-01 21:01:04.591 11261 11261 I cr_tabmodel: #isIncognitoTabBeingRestored from tabDetails:  false
09-01 21:01:04.592 11261 11261 W cr_tabmodel: Failed to restore TabState; creating Tab with last known URL.
09-01 21:01:04.594 11834 11912 I cr_LibraryLoader: Successfully loaded native library
09-01 21:01:04.594 11834 11912 I cr_CachingUmaRecorder: Flushed 3 samples from 3 histograms.
09-01 21:01:04.594 11875 11875 I cr_SplitCompatApp: Launched version=107.0.5304.91 minSdkVersion=29 isBundle=true processName=com.android.chrome:sandboxed_process0:org.chromium.content.app.SandboxedProcessService0:18 isIsolated=true
09-01 21:01:04.597 11786 11786 I cr_ChildProcessService: Creating new ChildProcessService pid=11786
09-01 21:01:04.599  1513  3221 D CompatibilityChangeReporter: Compat change id reported: 136274596; UID 10220; state: ENABLED
09-01 21:01:04.607  1513  2571 D CompatibilityChangeReporter: Compat change id reported: 135634846; UID 10220; state: DISABLED
09-01 21:01:04.608  1513  2571 D CompatibilityChangeReporter: Compat change id reported: 135754954; UID 10220; state: ENABLED
09-01 21:01:04.616 11261 11261 E cr_IntentUtils: getBooleanExtra failed on intent null
09-01 21:01:04.616 11261 11261 E cr_IntentUtils: getBooleanExtra failed on intent null
09-01 21:01:04.619 11786 11837 I cr_LibraryLoader: Using ModernLinker
09-01 21:01:04.621 11875 11875 W SystemServiceRegistry: No service published for: uimode
09-01 21:01:04.622 11786 11837 W linker  : Warning: "/data/app/~~_KLlx60MH8CoecPTjMKp8g==/com.android.chrome-kw9RHYrlHKb9bPXi8OTClw==/base.apk!/lib/arm64-v8a/libchromium_android_linker.so" unused DT entry: unknown processor-specific (type 0x70000001 arg 0x0) (ignoring)
09-01 21:01:04.623 11786 11837 E cr_ChromiumAndroidLinker: ReserveAddressWithHint: Address range starting at 0x7a38714000 was not free to use
09-01 21:01:04.624 11312 11312 D Zygote  : Forked child process 11939
09-01 21:01:04.625  1513  1625 W ActivityManager: Slow operation: 449ms so far, now at startProcess: returned from zygote!
09-01 21:01:04.625  1513  1625 W ActivityManager: Slow operation: 449ms so far, now at startProcess: done updating battery stats
09-01 21:01:04.625  1513  1625 W ActivityManager: Slow operation: 449ms so far, now at startProcess: building log message
09-01 21:01:04.625  1513  1625 I ActivityManager: Start proc 11939:com.android.chrome:sandboxed_process0:org.chromium.content.app.SandboxedProcessService0:20/u0ai20 for  {com.android.chrome/org.chromium.content.app.SandboxedProcessService0:20}
09-01 21:01:04.625  1513  1625 W ActivityManager: Slow operation: 449ms so far, now at startProcess: starting to update pids map
09-01 21:01:04.626  1513  1625 W ActivityManager: Slow operation: 449ms so far, now at startProcess: done updating pids map
09-01 21:01:04.626  1513  1625 W ActivityManager: Slow operation: 427ms so far, now at startProcess: asking zygote to start proc
09-01 21:01:04.626  1513  1625 D CompatibilityChangeReporter: Compat change id reported: 143937733; UID 10220; state: ENABLED
09-01 21:01:04.628 11875 11875 I cr_ChildProcessService: Creating new ChildProcessService pid=11875
09-01 21:01:04.629 11939 11939 E libc    : SetHeapTaggingLevel: re-enabling tagging after it was disabled is not supported
09-01 21:01:04.631 11261 11261 I cr_tabmodel: #isIncognitoTabBeingRestored from tabDetails:  false
09-01 21:01:04.631 11261 11261 I cr_tabmodel: #isIncognitoTabBeingRestored from tabDetails:  false
09-01 21:01:04.631 11261 11261 W cr_tabmodel: Failed to restore TabState; creating Tab with last known URL.
09-01 21:01:04.639 11875 11909 I cr_LibraryLoader: Using ModernLinker
09-01 21:01:04.640 11875 11909 W linker  : Warning: "/data/app/~~_KLlx60MH8CoecPTjMKp8g==/com.android.chrome-kw9RHYrlHKb9bPXi8OTClw==/base.apk!/lib/arm64-v8a/libchromium_android_linker.so" unused DT entry: unknown processor-specific (type 0x70000001 arg 0x0) (ignoring)
09-01 21:01:04.642 11786 11930 I cr_LibraryLoader: Successfully loaded native library
09-01 21:01:04.649 11312 11312 D Zygote  : Forked child process 11951
09-01 21:01:04.650 11786 11930 I cr_CachingUmaRecorder: Flushed 3 samples from 3 histograms.
09-01 21:01:04.651  1513  1625 W ActivityManager: Slow operation: 452ms so far, now at startProcess: returned from zygote!
09-01 21:01:04.651  1513  1625 W ActivityManager: Slow operation: 452ms so far, now at startProcess: done updating battery stats
09-01 21:01:04.651  1513  1625 W ActivityManager: Slow operation: 453ms so far, now at startProcess: building log message
09-01 21:01:04.651  1513  1625 I ActivityManager: Start proc 11951:com.android.chrome:sandboxed_process0:org.chromium.content.app.SandboxedProcessService0:21/u0ai21 for  {com.android.chrome/org.chromium.content.app.SandboxedProcessService0:21}
09-01 21:01:04.651  1513  1625 W ActivityManager: Slow operation: 453ms so far, now at startProcess: starting to update pids map
09-01 21:01:04.651  1513  1625 W ActivityManager: Slow operation: 453ms so far, now at startProcess: done updating pids map
09-01 21:01:04.651  1513  1625 W ActivityManager: Slow operation: 444ms so far, now at startProcess: asking zygote to start proc
09-01 21:01:04.654 11261 11261 E cr_IntentUtils: getBooleanExtra failed on intent null
09-01 21:01:04.654 11261 11261 E cr_IntentUtils: getBooleanExtra failed on intent null
09-01 21:01:04.660 11907 11907 I LoadedApk: No resource references to update in package com.google.android.trichromelibrary
09-01 21:01:04.660 11907 11907 D NetworkSecurityConfig: Using Network Security Config from resource 0_resource_name_obfuscated debugBuild: false
09-01 21:01:04.662 11907 11907 D NetworkSecurityConfig: Using Network Security Config from resource 0_resource_name_obfuscated debugBuild: false
09-01 21:01:04.662 11939 11939 E cessService0:2: Not starting debugger since process cannot load the jdwp agent.
09-01 21:01:04.663 11907 11907 I cr_SplitCompatApp: Launched version=107.0.5304.91 minSdkVersion=29 isBundle=true processName=com.android.chrome:sandboxed_process0:org.chromium.content.app.SandboxedProcessService0:19 isIsolated=true
09-01 21:01:04.666 11261 11261 I cr_tabmodel: #isIncognitoTabBeingRestored from tabDetails:  false
09-01 21:01:04.666 11261 11261 I cr_tabmodel: #isIncognitoTabBeingRestored from tabDetails:  false
09-01 21:01:04.666 11261 11261 W cr_tabmodel: Failed to restore TabState; creating Tab with last known URL.
09-01 21:01:04.671 11875 11946 I cr_LibraryLoader: Successfully loaded native library
09-01 21:01:04.672 11875 11946 I cr_CachingUmaRecorder: Flushed 3 samples from 3 histograms.
09-01 21:01:04.677 11907 11907 W SystemServiceRegistry: No service published for: uimode
09-01 21:01:04.679 11261 11261 E cr_IntentUtils: getBooleanExtra failed on intent null
09-01 21:01:04.679 11261 11261 E cr_IntentUtils: getBooleanExtra failed on intent null
09-01 21:01:04.684 11907 11907 I cr_ChildProcessService: Creating new ChildProcessService pid=11907
09-01 21:01:04.687 11261 11261 I cr_tabmodel: #isIncognitoTabBeingRestored from tabDetails:  false
09-01 21:01:04.687 11261 11261 I cr_tabmodel: #isIncognitoTabBeingRestored from tabDetails:  false
09-01 21:01:04.687 11261 11261 W cr_tabmodel: Failed to restore TabState; creating Tab with last known URL.
09-01 21:01:04.688 11951 11951 E libc    : SetHeapTaggingLevel: re-enabling tagging after it was disabled is not supported
09-01 21:01:04.690 11907 11926 I cr_LibraryLoader: Using ModernLinker
09-01 21:01:04.696 11907 11926 W linker  : Warning: "/data/app/~~_KLlx60MH8CoecPTjMKp8g==/com.android.chrome-kw9RHYrlHKb9bPXi8OTClw==/base.apk!/lib/arm64-v8a/libchromium_android_linker.so" unused DT entry: unknown processor-specific (type 0x70000001 arg 0x0) (ignoring)
09-01 21:01:04.698 11907 11926 E cr_ChromiumAndroidLinker: ReserveAddressWithHint: Address range starting at 0x7a38714000 was not free to use
09-01 21:01:04.699 11951 11951 E cessService0:2: Not starting debugger since process cannot load the jdwp agent.
09-01 21:01:04.706 11312 11312 D Zygote  : Forked child process 11991
09-01 21:01:04.709 11261 11261 E cr_IntentUtils: getBooleanExtra failed on intent null
09-01 21:01:04.709 11261 11261 E cr_IntentUtils: getBooleanExtra failed on intent null
09-01 21:01:04.710 11907 11972 I cr_LibraryLoader: Successfully loaded native library
09-01 21:01:04.711 11991 11991 E libc    : SetHeapTaggingLevel: re-enabling tagging after it was disabled is not supported
09-01 21:01:04.718 11261 11261 I cr_tabmodel: #isIncognitoTabBeingRestored from tabDetails:  false
09-01 21:01:04.718 11261 11261 I cr_tabmodel: #isIncognitoTabBeingRestored from tabDetails:  false
09-01 21:01:04.718 11261 11261 W cr_tabmodel: Failed to restore TabState; creating Tab with last known URL.
09-01 21:01:04.721  1513  3223 D CompatibilityChangeReporter: Compat change id reported: 136274596; UID 10220; state: ENABLED
09-01 21:01:04.722  1513  1625 W ActivityManager: Slow operation: 515ms so far, now at startProcess: returned from zygote!
09-01 21:01:04.725 11907 11972 I cr_CachingUmaRecorder: Flushed 3 samples from 3 histograms.
09-01 21:01:04.727  1513  6264 D CompatibilityChangeReporter: Compat change id reported: 136274596; UID 10220; state: ENABLED
09-01 21:01:04.730  1513  1625 W ActivityManager: Slow operation: 522ms so far, now at startProcess: done updating battery stats
09-01 21:01:04.730  1513  1625 W ActivityManager: Slow operation: 522ms so far, now at startProcess: building log message
09-01 21:01:04.730  1513  1625 I ActivityManager: Start proc 11991:com.android.chrome:sandboxed_process0:org.chromium.content.app.SandboxedProcessService0:22/u0ai22 for  {com.android.chrome/org.chromium.content.app.SandboxedProcessService0:22}
09-01 21:01:04.730  1513  1625 W ActivityManager: Slow operation: 522ms so far, now at startProcess: starting to update pids map
09-01 21:01:04.731  1513  1625 W ActivityManager: Slow operation: 523ms so far, now at startProcess: done updating pids map
09-01 21:01:04.731  1513  1625 W ActivityManager: Slow operation: 500ms so far, now at startProcess: asking zygote to start proc
09-01 21:01:04.731  1513  1625 D CompatibilityChangeReporter: Compat change id reported: 143937733; UID 10220; state: ENABLED
09-01 21:01:04.735 11261 11261 E cr_IntentUtils: getBooleanExtra failed on intent null
09-01 21:01:04.735 11261 11261 E cr_IntentUtils: getBooleanExtra failed on intent null
09-01 21:01:04.736  1513  3223 D CompatibilityChangeReporter: Compat change id reported: 135634846; UID 10220; state: DISABLED
09-01 21:01:04.736  1513  3223 D CompatibilityChangeReporter: Compat change id reported: 135754954; UID 10220; state: ENABLED
09-01 21:01:04.744 11991 11991 E cessService0:2: Not starting debugger since process cannot load the jdwp agent.
09-01 21:01:04.748 11261 11261 I cr_tabmodel: #isIncognitoTabBeingRestored from tabDetails:  false
09-01 21:01:04.748 11261 11261 I cr_tabmodel: #isIncognitoTabBeingRestored from tabDetails:  false
09-01 21:01:04.748 11261 11261 W cr_tabmodel: Failed to restore TabState; creating Tab with last known URL.
09-01 21:01:04.755 11312 11312 D Zygote  : Forked child process 12021
09-01 21:01:04.757  1513  1625 W ActivityManager: Slow operation: 527ms so far, now at startProcess: returned from zygote!
09-01 21:01:04.758  1513  1625 W ActivityManager: Slow operation: 527ms so far, now at startProcess: done updating battery stats
09-01 21:01:04.758  1513  1625 W ActivityManager: Slow operation: 527ms so far, now at startProcess: building log message
09-01 21:01:04.758  1513  1625 I ActivityManager: Start proc 12021:com.android.chrome:sandboxed_process0:org.chromium.content.app.SandboxedProcessService0:23/u0ai23 for  {com.android.chrome/org.chromium.content.app.SandboxedProcessService0:23}
09-01 21:01:04.758  1513  1625 W ActivityManager: Slow operation: 527ms so far, now at startProcess: starting to update pids map
09-01 21:01:04.761  1513  1625 W ActivityManager: Slow operation: 530ms so far, now at startProcess: done updating pids map
09-01 21:01:04.761  1513  1625 W ActivityManager: Slow operation: 508ms so far, now at startProcess: asking zygote to start proc
09-01 21:01:04.772  1513  2571 D CompatibilityChangeReporter: Compat change id reported: 136274596; UID 10220; state: ENABLED
09-01 21:01:04.775 11261 11261 E cr_IntentUtils: getBooleanExtra failed on intent null
09-01 21:01:04.775 11261 11261 E cr_IntentUtils: getBooleanExtra failed on intent null
09-01 21:01:04.781 11939 11939 I LoadedApk: No resource references to update in package com.google.android.trichromelibrary
09-01 21:01:04.782 11939 11939 D NetworkSecurityConfig: Using Network Security Config from resource 0_resource_name_obfuscated debugBuild: false
09-01 21:01:04.783 11939 11939 D NetworkSecurityConfig: Using Network Security Config from resource 0_resource_name_obfuscated debugBuild: false
09-01 21:01:04.784 11939 11939 I cr_SplitCompatApp: Launched version=107.0.5304.91 minSdkVersion=29 isBundle=true processName=com.android.chrome:sandboxed_process0:org.chromium.content.app.SandboxedProcessService0:20 isIsolated=true
09-01 21:01:04.785 11261 11261 I cr_tabmodel: #isIncognitoTabBeingRestored from tabDetails:  false
09-01 21:01:04.785 11261 11261 I cr_tabmodel: #isIncognitoTabBeingRestored from tabDetails:  false
09-01 21:01:04.785 11261 11261 W cr_tabmodel: Failed to restore TabState; creating Tab with last known URL.
09-01 21:01:04.797 12021 12021 E libc    : SetHeapTaggingLevel: re-enabling tagging after it was disabled is not supported
09-01 21:01:04.798 11951 11951 I LoadedApk: No resource references to update in package com.google.android.trichromelibrary
09-01 21:01:04.799 11951 11951 D NetworkSecurityConfig: Using Network Security Config from resource 0_resource_name_obfuscated debugBuild: false
09-01 21:01:04.800 11951 11951 D NetworkSecurityConfig: Using Network Security Config from resource 0_resource_name_obfuscated debugBuild: false
09-01 21:01:04.800  1513  2000 D ConnectivityService: NetReassign [no changes]
09-01 21:01:04.802 11951 11951 I cr_SplitCompatApp: Launched version=107.0.5304.91 minSdkVersion=29 isBundle=true processName=com.android.chrome:sandboxed_process0:org.chromium.content.app.SandboxedProcessService0:21 isIsolated=true
09-01 21:01:04.808  1513  2571 D CompatibilityChangeReporter: Compat change id reported: 135634846; UID 10220; state: DISABLED
09-01 21:01:04.809  1513  2571 D CompatibilityChangeReporter: Compat change id reported: 135754954; UID 10220; state: ENABLED
09-01 21:01:04.811 12021 12021 E cessService0:2: Not starting debugger since process cannot load the jdwp agent.
09-01 21:01:04.811 11939 11939 W SystemServiceRegistry: No service published for: uimode
09-01 21:01:04.811 11991 11991 I LoadedApk: No resource references to update in package com.google.android.trichromelibrary
09-01 21:01:04.812 11261 11261 E cr_IntentUtils: getBooleanExtra failed on intent null
09-01 21:01:04.812 11261 11261 E cr_IntentUtils: getBooleanExtra failed on intent null
09-01 21:01:04.812 11991 11991 D NetworkSecurityConfig: Using Network Security Config from resource 0_resource_name_obfuscated debugBuild: false
09-01 21:01:04.813 11991 11991 D NetworkSecurityConfig: Using Network Security Config from resource 0_resource_name_obfuscated debugBuild: false
09-01 21:01:04.816 11991 11991 I cr_SplitCompatApp: Launched version=107.0.5304.91 minSdkVersion=29 isBundle=true processName=com.android.chrome:sandboxed_process0:org.chromium.content.app.SandboxedProcessService0:22 isIsolated=true
09-01 21:01:04.818 11939 11939 I cr_ChildProcessService: Creating new ChildProcessService pid=11939
09-01 21:01:04.820 11951 11951 W SystemServiceRegistry: No service published for: uimode
09-01 21:01:04.821 11261 11261 I cr_tabmodel: #isIncognitoTabBeingRestored from tabDetails:  false
09-01 21:01:04.821 11261 11261 I cr_tabmodel: #isIncognitoTabBeingRestored from tabDetails:  false
09-01 21:01:04.821 11261 11261 W cr_tabmodel: Failed to restore TabState; creating Tab with last known URL.
09-01 21:01:04.824 11312 11312 D Zygote  : Forked child process 12048
09-01 21:01:04.828  1513  1625 W ActivityManager: Slow operation: 576ms so far, now at startProcess: returned from zygote!
09-01 21:01:04.828  1513  1625 W ActivityManager: Slow operation: 576ms so far, now at startProcess: done updating battery stats
09-01 21:01:04.828  1513  1625 W ActivityManager: Slow operation: 576ms so far, now at startProcess: building log message
09-01 21:01:04.828  1513  1625 I ActivityManager: Start proc 12048:com.android.chrome:sandboxed_process0:org.chromium.content.app.SandboxedProcessService0:24/u0ai24 for  {com.android.chrome/org.chromium.content.app.SandboxedProcessService0:24}
09-01 21:01:04.828  1513  1625 W ActivityManager: Slow operation: 576ms so far, now at startProcess: starting to update pids map
09-01 21:01:04.829  1513  1625 W ActivityManager: Slow operation: 577ms so far, now at startProcess: done updating pids map
09-01 21:01:04.829  1513  1625 W ActivityManager: Slow operation: 545ms so far, now at startProcess: asking zygote to start proc
09-01 21:01:04.829 11951 11951 I cr_ChildProcessService: Creating new ChildProcessService pid=11951
09-01 21:01:04.829  1513  1625 D CompatibilityChangeReporter: Compat change id reported: 143937733; UID 10220; state: ENABLED
09-01 21:01:04.830 12048 12048 E libc    : SetHeapTaggingLevel: re-enabling tagging after it was disabled is not supported
09-01 21:01:04.833 11991 11991 W SystemServiceRegistry: No service published for: uimode
09-01 21:01:04.834 11939 12007 I cr_LibraryLoader: Using ModernLinker
09-01 21:01:04.841 11261 11261 E cr_IntentUtils: getBooleanExtra failed on intent null
09-01 21:01:04.841 11261 11261 E cr_IntentUtils: getBooleanExtra failed on intent null
09-01 21:01:04.843  1513  3221 D CompatibilityChangeReporter: Compat change id reported: 136274596; UID 10220; state: ENABLED
09-01 21:01:04.844 11991 11991 I cr_ChildProcessService: Creating new ChildProcessService pid=11991
09-01 21:01:04.847 11939 12007 W linker  : Warning: "/data/app/~~_KLlx60MH8CoecPTjMKp8g==/com.android.chrome-kw9RHYrlHKb9bPXi8OTClw==/base.apk!/lib/arm64-v8a/libchromium_android_linker.so" unused DT entry: unknown processor-specific (type 0x70000001 arg 0x0) (ignoring)
09-01 21:01:04.849 11261 11261 I cr_tabmodel: #isIncognitoTabBeingRestored from tabDetails:  false
09-01 21:01:04.849 11261 11261 I cr_tabmodel: #isIncognitoTabBeingRestored from tabDetails:  false
09-01 21:01:04.849 11261 11261 W cr_tabmodel: Failed to restore TabState; creating Tab with last known URL.
09-01 21:01:04.856 11951 11997 I cr_LibraryLoader: Using ModernLinker
09-01 21:01:04.859 11951 11997 W linker  : Warning: "/data/app/~~_KLlx60MH8CoecPTjMKp8g==/com.android.chrome-kw9RHYrlHKb9bPXi8OTClw==/base.apk!/lib/arm64-v8a/libchromium_android_linker.so" unused DT entry: unknown processor-specific (type 0x70000001 arg 0x0) (ignoring)
09-01 21:01:04.860 11951 11997 E cr_ChromiumAndroidLinker: ReserveAddressWithHint: Address range starting at 0x7a38714000 was not free to use
09-01 21:01:04.864 11951 12054 I cr_LibraryLoader: Successfully loaded native library
09-01 21:01:04.865 11951 12054 I cr_CachingUmaRecorder: Flushed 3 samples from 3 histograms.
09-01 21:01:04.866 11991 12030 I cr_LibraryLoader: Using ModernLinker
09-01 21:01:04.868 11939 12007 E cr_ChromiumAndroidLinker: ReserveAddressWithHint: Address range starting at 0x7a38714000 was not free to use
09-01 21:01:04.868 11991 12030 W linker  : Warning: "/data/app/~~_KLlx60MH8CoecPTjMKp8g==/com.android.chrome-kw9RHYrlHKb9bPXi8OTClw==/base.apk!/lib/arm64-v8a/libchromium_android_linker.so" unused DT entry: unknown processor-specific (type 0x70000001 arg 0x0) (ignoring)
09-01 21:01:04.869 11991 12030 E cr_ChromiumAndroidLinker: ReserveAddressWithHint: Address range starting at 0x7a38714000 was not free to use
09-01 21:01:04.870 11261 11261 E cr_IntentUtils: getBooleanExtra failed on intent null
09-01 21:01:04.870 11261 11261 E cr_IntentUtils: getBooleanExtra failed on intent null
09-01 21:01:04.871  1513  2571 D CompatibilityChangeReporter: Compat change id reported: 135634846; UID 10220; state: DISABLED
09-01 21:01:04.871  1513  2571 D CompatibilityChangeReporter: Compat change id reported: 135754954; UID 10220; state: ENABLED
09-01 21:01:04.871 11312 11312 D Zygote  : Forked child process 12059
09-01 21:01:04.872 11939 12046 I cr_LibraryLoader: Successfully loaded native library
09-01 21:01:04.872 11939 12046 I cr_CachingUmaRecorder: Flushed 3 samples from 3 histograms.
09-01 21:01:04.873  1513  1625 W ActivityManager: Slow operation: 588ms so far, now at startProcess: returned from zygote!
09-01 21:01:04.873  1513  1625 W ActivityManager: Slow operation: 589ms so far, now at startProcess: done updating battery stats
09-01 21:01:04.874  1513  1625 W ActivityManager: Slow operation: 589ms so far, now at startProcess: building log message
09-01 21:01:04.874  1513  1625 I ActivityManager: Start proc 12059:com.android.chrome:sandboxed_process0:org.chromium.content.app.SandboxedProcessService0:25/u0ai25 for  {com.android.chrome/org.chromium.content.app.SandboxedProcessService0:25}
09-01 21:01:04.874  1513  1625 W ActivityManager: Slow operation: 589ms so far, now at startProcess: starting to update pids map
09-01 21:01:04.875  1513  1625 W ActivityManager: Slow operation: 590ms so far, now at startProcess: done updating pids map
09-01 21:01:04.875  1513  1625 W ActivityManager: Slow operation: 560ms so far, now at startProcess: asking zygote to start proc
09-01 21:01:04.875  1513  1625 D CompatibilityChangeReporter: Compat change id reported: 143937733; UID 10220; state: ENABLED
09-01 21:01:04.879 11261 11261 I cr_tabmodel: #isIncognitoTabBeingRestored from tabDetails:  false
09-01 21:01:04.879 11261 11261 I cr_tabmodel: #isIncognitoTabBeingRestored from tabDetails:  false
09-01 21:01:04.879 11261 11261 W cr_tabmodel: Failed to restore TabState; creating Tab with last known URL.
09-01 21:01:04.880 11991 12056 I cr_LibraryLoader: Successfully loaded native library
09-01 21:01:04.882 11991 12056 I cr_CachingUmaRecorder: Flushed 3 samples from 3 histograms.
09-01 21:01:04.882 12059 12059 E libc    : SetHeapTaggingLevel: re-enabling tagging after it was disabled is not supported
09-01 21:01:04.892 12059 12059 E cessService0:2: Not starting debugger since process cannot load the jdwp agent.
09-01 21:01:04.895 12048 12048 E cessService0:2: Not starting debugger since process cannot load the jdwp agent.
09-01 21:01:04.908 12021 12021 I LoadedApk: No resource references to update in package com.google.android.trichromelibrary
09-01 21:01:04.908 12021 12021 D NetworkSecurityConfig: Using Network Security Config from resource 0_resource_name_obfuscated debugBuild: false
09-01 21:01:04.909  1513  6264 D CompatibilityChangeReporter: Compat change id reported: 136274596; UID 10220; state: ENABLED
09-01 21:01:04.909 12021 12021 D NetworkSecurityConfig: Using Network Security Config from resource 0_resource_name_obfuscated debugBuild: false
09-01 21:01:04.911 11261 11261 E cr_IntentUtils: getBooleanExtra failed on intent null
09-01 21:01:04.911 12021 12021 I cr_SplitCompatApp: Launched version=107.0.5304.91 minSdkVersion=29 isBundle=true processName=com.android.chrome:sandboxed_process0:org.chromium.content.app.SandboxedProcessService0:23 isIsolated=true
09-01 21:01:04.911 11261 11261 E cr_IntentUtils: getBooleanExtra failed on intent null
09-01 21:01:04.914  1513  2571 D CompatibilityChangeReporter: Compat change id reported: 136274596; UID 10220; state: ENABLED
09-01 21:01:04.925 11261 11261 I cr_tabmodel: Loaded tab lists; counts: 64,0
09-01 21:01:04.926 12021 12021 W SystemServiceRegistry: No service published for: uimode
09-01 21:01:04.929 11312 11312 D Zygote  : Forked child process 12104
09-01 21:01:04.932 12021 12021 I cr_ChildProcessService: Creating new ChildProcessService pid=12021
09-01 21:01:04.932 12104 12104 E libc    : SetHeapTaggingLevel: re-enabling tagging after it was disabled is not supported
09-01 21:01:04.935  1513  1625 W ActivityManager: Slow operation: 620ms so far, now at startProcess: returned from zygote!
09-01 21:01:04.935  1513  1625 W ActivityManager: Slow operation: 621ms so far, now at startProcess: done updating battery stats
09-01 21:01:04.935  1513  1625 W ActivityManager: Slow operation: 621ms so far, now at startProcess: building log message
09-01 21:01:04.935  1513  1625 I ActivityManager: Start proc 12104:com.android.chrome:sandboxed_process0:org.chromium.content.app.SandboxedProcessService0:26/u0ai26 for  {com.android.chrome/org.chromium.content.app.SandboxedProcessService0:26}
09-01 21:01:04.935  1513  1625 W ActivityManager: Slow operation: 621ms so far, now at startProcess: starting to update pids map
09-01 21:01:04.935  1513  1625 W ActivityManager: Slow operation: 621ms so far, now at startProcess: done updating pids map
09-01 21:01:04.936  1513  1625 W ActivityManager: Slow operation: 580ms so far, now at startProcess: asking zygote to start proc
09-01 21:01:04.936  1513  1625 D CompatibilityChangeReporter: Compat change id reported: 143937733; UID 10220; state: ENABLED
09-01 21:01:04.945 12048 12048 I LoadedApk: No resource references to update in package com.google.android.trichromelibrary
09-01 21:01:04.946 12048 12048 D NetworkSecurityConfig: Using Network Security Config from resource 0_resource_name_obfuscated debugBuild: false
09-01 21:01:04.947 12048 12048 D NetworkSecurityConfig: Using Network Security Config from resource 0_resource_name_obfuscated debugBuild: false
09-01 21:01:04.950 12048 12048 I cr_SplitCompatApp: Launched version=107.0.5304.91 minSdkVersion=29 isBundle=true processName=com.android.chrome:sandboxed_process0:org.chromium.content.app.SandboxedProcessService0:24 isIsolated=true
09-01 21:01:04.958 12059 12059 I LoadedApk: No resource references to update in package com.google.android.trichromelibrary
09-01 21:01:04.958 12059 12059 D NetworkSecurityConfig: Using Network Security Config from resource 0_resource_name_obfuscated debugBuild: false
09-01 21:01:04.960 12059 12059 D NetworkSecurityConfig: Using Network Security Config from resource 0_resource_name_obfuscated debugBuild: false
09-01 21:01:04.960 12021 12049 I cr_LibraryLoader: Using ModernLinker
09-01 21:01:04.962 12021 12049 W linker  : Warning: "/data/app/~~_KLlx60MH8CoecPTjMKp8g==/com.android.chrome-kw9RHYrlHKb9bPXi8OTClw==/base.apk!/lib/arm64-v8a/libchromium_android_linker.so" unused DT entry: unknown processor-specific (type 0x70000001 arg 0x0) (ignoring)
09-01 21:01:04.962 12059 12059 I cr_SplitCompatApp: Launched version=107.0.5304.91 minSdkVersion=29 isBundle=true processName=com.android.chrome:sandboxed_process0:org.chromium.content.app.SandboxedProcessService0:25 isIsolated=true
09-01 21:01:04.962 12021 12049 E cr_ChromiumAndroidLinker: ReserveAddressWithHint: Address range starting at 0x7a38714000 was not free to use
09-01 21:01:04.965 12048 12048 W SystemServiceRegistry: No service published for: uimode
09-01 21:01:04.966 11312 11312 D Zygote  : Forked child process 12125
09-01 21:01:04.966 12021 12112 I cr_LibraryLoader: Successfully loaded native library
09-01 21:01:04.967  1513  1625 W ActivityManager: Slow operation: 612ms so far, now at startProcess: returned from zygote!
09-01 21:01:04.967  1513  1625 W ActivityManager: Slow operation: 612ms so far, now at startProcess: done updating battery stats
09-01 21:01:04.967  1513  1625 W ActivityManager: Slow operation: 612ms so far, now at startProcess: building log message
09-01 21:01:04.967  1513  1625 I ActivityManager: Start proc 12125:com.android.chrome:sandboxed_process0:org.chromium.content.app.SandboxedProcessService0:27/u0ai27 for  {com.android.chrome/org.chromium.content.app.SandboxedProcessService0:27}
09-01 21:01:04.968  1513  1625 W ActivityManager: Slow operation: 612ms so far, now at startProcess: starting to update pids map
09-01 21:01:04.968  1513  1625 W ActivityManager: Slow operation: 612ms so far, now at startProcess: done updating pids map
09-01 21:01:04.968  1513  1625 W ActivityManager: Slow operation: 573ms so far, now at startProcess: asking zygote to start proc
09-01 21:01:04.971 12048 12048 I cr_ChildProcessService: Creating new ChildProcessService pid=12048
09-01 21:01:04.973 12125 12125 E libc    : SetHeapTaggingLevel: re-enabling tagging after it was disabled is not supported
09-01 21:01:04.975 12059 12059 W SystemServiceRegistry: No service published for: uimode
09-01 21:01:04.979 12048 12100 I cr_LibraryLoader: Using ModernLinker
09-01 21:01:04.980 12059 12059 I cr_ChildProcessService: Creating new ChildProcessService pid=12059
09-01 21:01:04.983 12048 12100 W linker  : Warning: "/data/app/~~_KLlx60MH8CoecPTjMKp8g==/com.android.chrome-kw9RHYrlHKb9bPXi8OTClw==/base.apk!/lib/arm64-v8a/libchromium_android_linker.so" unused DT entry: unknown processor-specific (type 0x70000001 arg 0x0) (ignoring)
09-01 21:01:04.985 12048 12100 E cr_ChromiumAndroidLinker: ReserveAddressWithHint: Address range starting at 0x7a38714000 was not free to use
09-01 21:01:04.985 11312 11312 D Zygote  : Forked child process 12138
09-01 21:01:04.987 12059 12080 I cr_LibraryLoader: Using ModernLinker
09-01 21:01:04.987  1513  1625 W ActivityManager: Slow operation: 591ms so far, now at startProcess: returned from zygote!
09-01 21:01:04.987  1513  1625 W ActivityManager: Slow operation: 591ms so far, now at startProcess: done updating battery stats
09-01 21:01:04.987  1513  1625 W ActivityManager: Slow operation: 592ms so far, now at startProcess: building log message
09-01 21:01:04.987  1513  1625 I ActivityManager: Start proc 12138:com.android.chrome:sandboxed_process0:org.chromium.content.app.SandboxedProcessService0:28/u0ai28 for  {com.android.chrome/org.chromium.content.app.SandboxedProcessService0:28}
09-01 21:01:04.987  1513  1625 W ActivityManager: Slow operation: 592ms so far, now at startProcess: starting to update pids map
09-01 21:01:04.987  1513  1625 W ActivityManager: Slow operation: 592ms so far, now at startProcess: done updating pids map
09-01 21:01:04.987 12104 12104 E cessService0:2: Not starting debugger since process cannot load the jdwp agent.
09-01 21:01:04.987  1513  1625 W ActivityManager: Slow operation: 548ms so far, now at startProcess: asking zygote to start proc
09-01 21:01:04.988 12021 12112 I cr_CachingUmaRecorder: Flushed 3 samples from 3 histograms.
09-01 21:01:04.989 12059 12080 W linker  : Warning: "/data/app/~~_KLlx60MH8CoecPTjMKp8g==/com.android.chrome-kw9RHYrlHKb9bPXi8OTClw==/base.apk!/lib/arm64-v8a/libchromium_android_linker.so" unused DT entry: unknown processor-specific (type 0x70000001 arg 0x0) (ignoring)
09-01 21:01:04.989 12138 12138 E libc    : SetHeapTaggingLevel: re-enabling tagging after it was disabled is not supported
09-01 21:01:04.990 12059 12080 E cr_ChromiumAndroidLinker: ReserveAddressWithHint: Address range starting at 0x7a38714000 was not free to use
09-01 21:01:04.994 12125 12125 E cessService0:2: Not starting debugger since process cannot load the jdwp agent.
09-01 21:01:05.002 12048 12130 I cr_LibraryLoader: Successfully loaded native library
09-01 21:01:05.002  1513  6264 D CompatibilityChangeReporter: Compat change id reported: 136274596; UID 10220; state: ENABLED
09-01 21:01:05.003 12138 12138 E cessService0:2: Not starting debugger since process cannot load the jdwp agent.
09-01 21:01:05.006 12048 12130 I cr_CachingUmaRecorder: Flushed 3 samples from 3 histograms.
09-01 21:01:05.007 12059 12136 I cr_LibraryLoader: Successfully loaded native library
09-01 21:01:05.008  1513  2180 D CompatibilityChangeReporter: Compat change id reported: 136274596; UID 10220; state: ENABLED
09-01 21:01:05.008 12059 12136 I cr_CachingUmaRecorder: Flushed 3 samples from 3 histograms.
09-01 21:01:05.011 11261 11273 I .android.chrom: Background young concurrent copying GC freed 362064(18MB) AllocSpace objects, 57(2100KB) LOS objects, 93% free, 6332KB/102MB, paused 173us total 154.539ms
09-01 21:01:05.024 11312 11312 D Zygote  : Forked child process 12182
09-01 21:01:05.029  1513  1625 W ActivityManager: Slow operation: 590ms so far, now at startProcess: returned from zygote!
09-01 21:01:05.029  1513  1625 W ActivityManager: Slow operation: 590ms so far, now at startProcess: done updating battery stats
09-01 21:01:05.029  1513  1625 W ActivityManager: Slow operation: 590ms so far, now at startProcess: building log message
09-01 21:01:05.029  1513  1625 I ActivityManager: Start proc 12182:com.android.chrome:sandboxed_process0:org.chromium.content.app.SandboxedProcessService0:29/u0ai29 for  {com.android.chrome/org.chromium.content.app.SandboxedProcessService0:29}
09-01 21:01:05.029  1513  1625 W ActivityManager: Slow operation: 590ms so far, now at startProcess: starting to update pids map
09-01 21:01:05.029  1513  1625 W ActivityManager: Slow operation: 590ms so far, now at startProcess: done updating pids map
09-01 21:01:05.029  1513  1625 W ActivityManager: Slow operation: 535ms so far, now at startProcess: asking zygote to start proc
09-01 21:01:05.029  1513  1625 D CompatibilityChangeReporter: Compat change id reported: 143937733; UID 10220; state: ENABLED
09-01 21:01:05.030 12182 12182 E libc    : SetHeapTaggingLevel: re-enabling tagging after it was disabled is not supported
09-01 21:01:05.043  1513  2180 D CompatibilityChangeReporter: Compat change id reported: 136274596; UID 10220; state: ENABLED
09-01 21:01:05.047 11312 11312 D Zygote  : Forked child process 12205
09-01 21:01:05.047 12104 12104 I LoadedApk: No resource references to update in package com.google.android.trichromelibrary
09-01 21:01:05.047 12104 12104 D NetworkSecurityConfig: Using Network Security Config from resource 0_resource_name_obfuscated debugBuild: false
09-01 21:01:05.047  1513  1625 W ActivityManager: Slow operation: 553ms so far, now at startProcess: returned from zygote!
09-01 21:01:05.047  1513  1625 W ActivityManager: Slow operation: 553ms so far, now at startProcess: done updating battery stats
09-01 21:01:05.047  1513  1625 W ActivityManager: Slow operation: 553ms so far, now at startProcess: building log message
09-01 21:01:05.047  1513  1625 I ActivityManager: Start proc 12205:com.android.chrome:sandboxed_process0:org.chromium.content.app.SandboxedProcessService0:30/u0ai30 for  {com.android.chrome/org.chromium.content.app.SandboxedProcessService0:30}
09-01 21:01:05.048  1513  1625 W ActivityManager: Slow operation: 553ms so far, now at startProcess: starting to update pids map
09-01 21:01:05.048  1513  1625 W ActivityManager: Slow operation: 553ms so far, now at startProcess: done updating pids map
09-01 21:01:05.048  1513  1625 W ActivityManager: Slow operation: 522ms so far, now at startProcess: asking zygote to start proc
09-01 21:01:05.048  1513  1625 D CompatibilityChangeReporter: Compat change id reported: 143937733; UID 10220; state: ENABLED
09-01 21:01:05.049 12182 12182 E cessService0:2: Not starting debugger since process cannot load the jdwp agent.
09-01 21:01:05.049 12104 12104 D NetworkSecurityConfig: Using Network Security Config from resource 0_resource_name_obfuscated debugBuild: false
09-01 21:01:05.051 12104 12104 I cr_SplitCompatApp: Launched version=107.0.5304.91 minSdkVersion=29 isBundle=true processName=com.android.chrome:sandboxed_process0:org.chromium.content.app.SandboxedProcessService0:26 isIsolated=true
09-01 21:01:05.051 12205 12205 E libc    : SetHeapTaggingLevel: re-enabling tagging after it was disabled is not supported
09-01 21:01:05.068 12205 12205 E cessService0:3: Not starting debugger since process cannot load the jdwp agent.
09-01 21:01:05.068 11312 11312 D Zygote  : Forked child process 12227
09-01 21:01:05.069  1513  1625 W ActivityManager: Slow operation: 544ms so far, now at startProcess: returned from zygote!
09-01 21:01:05.069  1513  1625 W ActivityManager: Slow operation: 544ms so far, now at startProcess: done updating battery stats
09-01 21:01:05.070  1513  1625 W ActivityManager: Slow operation: 544ms so far, now at startProcess: building log message
09-01 21:01:05.070  1513  1625 I ActivityManager: Start proc 12227:com.android.chrome:sandboxed_process0:org.chromium.content.app.SandboxedProcessService0:31/u0ai31 for  {com.android.chrome/org.chromium.content.app.SandboxedProcessService0:31}
09-01 21:01:05.070  1513  1625 W ActivityManager: Slow operation: 544ms so far, now at startProcess: starting to update pids map
09-01 21:01:05.070  1513  1625 W ActivityManager: Slow operation: 544ms so far, now at startProcess: done updating pids map
09-01 21:01:05.070  1513  1625 W ActivityManager: Slow operation: 511ms so far, now at startProcess: asking zygote to start proc
09-01 21:01:05.072 12227 12227 E libc    : SetHeapTaggingLevel: re-enabling tagging after it was disabled is not supported
09-01 21:01:05.072 12104 12104 W SystemServiceRegistry: No service published for: uimode
09-01 21:01:05.075 12125 12125 I LoadedApk: No resource references to update in package com.google.android.trichromelibrary
09-01 21:01:05.075 12125 12125 D NetworkSecurityConfig: Using Network Security Config from resource 0_resource_name_obfuscated debugBuild: false
09-01 21:01:05.076 12125 12125 D NetworkSecurityConfig: Using Network Security Config from resource 0_resource_name_obfuscated debugBuild: false
09-01 21:01:05.078 12125 12125 I cr_SplitCompatApp: Launched version=107.0.5304.91 minSdkVersion=29 isBundle=true processName=com.android.chrome:sandboxed_process0:org.chromium.content.app.SandboxedProcessService0:27 isIsolated=true
09-01 21:01:05.080 12104 12104 I cr_ChildProcessService: Creating new ChildProcessService pid=12104
09-01 21:01:05.081  1513  2180 D CompatibilityChangeReporter: Compat change id reported: 136274596; UID 10220; state: ENABLED
09-01 21:01:05.083 12227 12227 E cessService0:3: Not starting debugger since process cannot load the jdwp agent.
09-01 21:01:05.092 12104 12171 I cr_LibraryLoader: Using ModernLinker
09-01 21:01:05.095 12104 12171 W linker  : Warning: "/data/app/~~_KLlx60MH8CoecPTjMKp8g==/com.android.chrome-kw9RHYrlHKb9bPXi8OTClw==/base.apk!/lib/arm64-v8a/libchromium_android_linker.so" unused DT entry: unknown processor-specific (type 0x70000001 arg 0x0) (ignoring)
09-01 21:01:05.096 12104 12171 E cr_ChromiumAndroidLinker: ReserveAddressWithHint: Address range starting at 0x7a38714000 was not free to use
09-01 21:01:05.100 12138 12138 I LoadedApk: No resource references to update in package com.google.android.trichromelibrary
09-01 21:01:05.101 12138 12138 D NetworkSecurityConfig: Using Network Security Config from resource 0_resource_name_obfuscated debugBuild: false
09-01 21:01:05.102 12138 12138 D NetworkSecurityConfig: Using Network Security Config from resource 0_resource_name_obfuscated debugBuild: false
09-01 21:01:05.105 12138 12138 I cr_SplitCompatApp: Launched version=107.0.5304.91 minSdkVersion=29 isBundle=true processName=com.android.chrome:sandboxed_process0:org.chromium.content.app.SandboxedProcessService0:28 isIsolated=true
09-01 21:01:05.110 12125 12125 W SystemServiceRegistry: No service published for: uimode
09-01 21:01:05.114 11312 11312 D Zygote  : Forked child process 12263
09-01 21:01:05.115  1513  1625 W ActivityManager: Slow operation: 557ms so far, now at startProcess: returned from zygote!
09-01 21:01:05.115  1513  1625 W ActivityManager: Slow operation: 557ms so far, now at startProcess: done updating battery stats
09-01 21:01:05.115 12104 12249 I cr_LibraryLoader: Successfully loaded native library
09-01 21:01:05.116  1513  1625 W ActivityManager: Slow operation: 557ms so far, now at startProcess: building log message
