--------- beginning of system
09-01 20:59:33.148  1513  3241 I ActivityManager: Force stopping com.android.chrome appid=10220 user=0: from pid 9181
09-01 20:59:33.149  1513  3241 I ActivityManager: Killing 6560:com.android.chrome:privileged_process0/u0a220 (adj 965): stop com.android.chrome due to from pid 9181
09-01 20:59:33.150  1513  3241 I ActivityManager: Killing 6437:com.android.chrome/u0a220 (adj 985): stop com.android.chrome due to from pid 9181
--------- beginning of main
09-01 20:59:33.150  6437  6534 W cr_ChildProcessConn: onServiceDisconnected (crash or killed by oom): pid=6560 bindings:W  S
09-01 20:59:33.154  1513  3241 I ActivityManager: Killing 6546:com.android.chrome:sandboxed_process0:org.chromium.content.app.SandboxedProcessService0:0/u0a220i-9000 (adj 0): isolated not needed
09-01 20:59:33.161  2474  2474 E PhoneInterfaceManager: [PhoneIntfMgr] getCarrierPackageNamesForIntentAndPhone: No UICC
09-01 20:59:33.161  2474  2474 D CarrierSvcBindHelper: No carrier app for: 0
09-01 20:59:33.165  3135  3135 D RegisteredNfcFServicesCache: Service unchanged, not updating
09-01 20:59:33.176  8777  8777 I EuiccGoogle: [2] EuiccServiceImpl.onCreate: onCreate Single-SIM mode: simCardState is 1
09-01 20:59:33.184  8777  9187 I EuiccGoogle: [6438] EuiccServiceImpl.onGetEuiccProfileInfoList: onGetEuiccProfileInfoList: slotId = -1
09-01 20:59:33.187  8777  9187 W EuiccGoogle: [6438] EuiccServiceImpl.onGetEuiccProfileInfoList: slotId=-1. No eUICC is active. Return null.
09-01 20:59:33.198  1513  3375 D ConnectivityService: ConnectivityService NetworkRequestInfo binderDied(NetworkRequest [ LISTEN id=1807, [ Capabilities: INTERNET&NOT_RESTRICTED&TRUSTED&FOREGROUND Uid: 10220 AdministratorUids: [] RequestorUid: 10220 RequestorPackageName: com.android.chrome] ], android.os.BinderProxy@731931f)
09-01 20:59:33.198  1513  3227 D ConnectivityService: ConnectivityService NetworkRequestInfo binderDied(NetworkRequest [ LISTEN id=1805, [ Capabilities: INTERNET&NOT_RESTRICTED&TRUSTED&FOREGROUND Uid: 10220 AdministratorUids: [] RequestorUid: 10220 RequestorPackageName: com.android.chrome] ], android.os.BinderProxy@1501435)
09-01 20:59:33.198  1513  3375 D ConnectivityService: ConnectivityService NetworkRequestInfo binderDied(NetworkRequest [ TRACK_DEFAULT id=1804, [ Capabilities: INTERNET&NOT_RESTRICTED&TRUSTED Uid: 10220 AdministratorUids: [] RequestorUid: 10220 RequestorPackageName: com.android.chrome] ], android.os.BinderProxy@b3ef0ca)
09-01 20:59:33.199  1513  9003 D ConnectivityService: ConnectivityService NetworkRequestInfo binderDied(NetworkRequest [ TRACK_DEFAULT id=1806, [ Capabilities: INTERNET&NOT_RESTRICTED&TRUSTED Uid: 10220 AdministratorUids: [] RequestorUid: 10220 RequestorPackageName: com.android.chrome] ], android.os.BinderProxy@3e9466c)
09-01 20:59:33.199  1513  2000 D ConnectivityService: releasing NetworkRequest [ TRACK_DEFAULT id=1804, [ Capabilities: INTERNET&NOT_RESTRICTED&TRUSTED Uid: 10220 AdministratorUids: [] RequestorUid: 10220 RequestorPackageName: com.android.chrome] ] (release request)
09-01 20:59:33.199  1513  2000 D ConnectivityService: releasing NetworkRequest [ TRACK_DEFAULT id=1806, [ Capabilities: INTERNET&NOT_RESTRICTED&TRUSTED Uid: 10220 AdministratorUids: [] RequestorUid: 10220 RequestorPackageName: com.android.chrome] ] (release request)
09-01 20:59:33.201   778   778 I Zygote  : Process 6437 exited due to signal 9 (Killed)
09-01 20:59:33.201  6535  6535 I Zygote  : Process 6546 exited due to signal 9 (Killed)
09-01 20:59:33.205  1513  1640 I libprocessgroup: Successfully killed process cgroup uid 10220 pid 6560 in 55ms
09-01 20:59:33.205   778   778 I Zygote  : Process 6560 exited due to signal 9 (Killed)
09-01 20:59:33.205  1513  1640 I libprocessgroup: Successfully killed process cgroup uid 10220 pid 6437 in 0ms
09-01 20:59:33.205  1513  1640 I libprocessgroup: Successfully killed process cgroup uid 90000 pid 6546 in 0ms
09-01 20:59:33.225  1513  1651 D KernelCpuUidUserSysTimeReader: Removing uids 90032-90032
09-01 20:59:33.226  1513  1651 D KernelCpuUidUserSysTimeReader: Removing uids 90034-90034
09-01 20:59:33.226  1513  1651 D KernelCpuUidUserSysTimeReader: Removing uids 90038-90038
09-01 20:59:33.226  1513  1651 D KernelCpuUidUserSysTimeReader: Removing uids 90000-90000
09-01 20:59:33.226  1513  1651 D KernelCpuUidUserSysTimeReader: Removing uids 90028-90028
09-01 20:59:33.226  1513  1651 D KernelCpuUidUserSysTimeReader: Removing uids 90025-90025
09-01 20:59:33.227  1513  1651 D KernelCpuUidUserSysTimeReader: Removing uids 90036-90036
09-01 20:59:33.227  1513  1651 D KernelCpuUidUserSysTimeReader: Removing uids 90013-90013
09-01 20:59:33.227  1513  1651 D KernelCpuUidUserSysTimeReader: Removing uids 90030-90030
09-01 20:59:33.227  1513  1651 D KernelCpuUidUserSysTimeReader: Removing uids 90014-90014
09-01 20:59:33.227  1513  1651 D KernelCpuUidUserSysTimeReader: Removing uids 90009-90009
09-01 20:59:33.227  1513  1651 D KernelCpuUidUserSysTimeReader: Removing uids 90011-90011
09-01 20:59:33.228  1513  1651 D KernelCpuUidUserSysTimeReader: Removing uids 90031-90031
09-01 20:59:33.228  1513  1651 D KernelCpuUidUserSysTimeReader: Removing uids 90017-90017
09-01 20:59:33.228  1513  1651 D KernelCpuUidUserSysTimeReader: Removing uids 90027-90027
09-01 20:59:33.228  1513  1651 D KernelCpuUidUserSysTimeReader: Removing uids 90015-90015
09-01 20:59:33.228  1513  1651 D KernelCpuUidUserSysTimeReader: Removing uids 90039-90039
09-01 20:59:33.229  1513  1651 D KernelCpuUidUserSysTimeReader: Removing uids 90035-90035
09-01 20:59:33.229  1513  1651 D KernelCpuUidUserSysTimeReader: Removing uids 90005-90005
09-01 20:59:33.229  1513  1651 D KernelCpuUidUserSysTimeReader: Removing uids 90016-90016
09-01 20:59:33.229  1513  1651 D KernelCpuUidUserSysTimeReader: Removing uids 90008-90008
09-01 20:59:33.229  1513  1651 D KernelCpuUidUserSysTimeReader: Removing uids 90040-90040
09-01 20:59:33.229  1513  1651 D KernelCpuUidUserSysTimeReader: Removing uids 90003-90003
09-01 20:59:33.230  1513  1651 D KernelCpuUidUserSysTimeReader: Removing uids 90041-90041
09-01 20:59:33.230  1513  1651 D KernelCpuUidUserSysTimeReader: Removing uids 90023-90023
09-01 20:59:33.231  1513  1651 D KernelCpuUidUserSysTimeReader: Removing uids 90021-90021
09-01 20:59:33.231  1513  1651 D KernelCpuUidUserSysTimeReader: Removing uids 90020-90020
09-01 20:59:33.231  1513  1651 D KernelCpuUidUserSysTimeReader: Removing uids 90006-90006
09-01 20:59:33.232  1513  1651 D KernelCpuUidUserSysTimeReader: Removing uids 90010-90010
09-01 20:59:33.232  1513  1651 D KernelCpuUidUserSysTimeReader: Removing uids 90004-90004
09-01 20:59:33.232  1513  1651 D KernelCpuUidUserSysTimeReader: Removing uids 90012-90012
09-01 20:59:33.232  1513  1651 D KernelCpuUidUserSysTimeReader: Removing uids 90037-90037
09-01 20:59:33.232  1513  1651 D KernelCpuUidUserSysTimeReader: Removing uids 90018-90018
09-01 20:59:33.233  1513  1651 D KernelCpuUidUserSysTimeReader: Removing uids 90033-90033
09-01 20:59:33.233  1513  1651 D KernelCpuUidUserSysTimeReader: Removing uids 90002-90002
09-01 20:59:33.233  1513  1651 D KernelCpuUidUserSysTimeReader: Removing uids 90026-90026
09-01 20:59:33.233  1513  1651 D KernelCpuUidUserSysTimeReader: Removing uids 90001-90001
09-01 20:59:33.233  1513  1651 D KernelCpuUidUserSysTimeReader: Removing uids 90007-90007
09-01 20:59:33.234  1513  1651 D KernelCpuUidUserSysTimeReader: Removing uids 90029-90029
09-01 20:59:33.234  1513  1651 D KernelCpuUidUserSysTimeReader: Removing uids 90024-90024
09-01 20:59:33.234  1513  1651 D KernelCpuUidUserSysTimeReader: Removing uids 90019-90019
09-01 20:59:33.234  1513  1651 D KernelCpuUidUserSysTimeReader: Removing uids 90022-90022
09-01 20:59:33.409  1513  3241 I ActivityTaskManager: START u0 {act=android.intent.action.VIEW flg=0x10008000 cmp=com.android.chrome/com.google.android.apps.chrome.Main} from uid 2000
09-01 20:59:33.410  1513  1572 D EventSequenceValidator: inc AccIntentStartedEvents to 2
09-01 20:59:33.422   901  2806 I sensors-hal: [ssc_utils]get_qmi_debug_flag:244, support_qmi_debug : false
09-01 20:59:33.431  9181  9183 I cmd     : oneway function results will be dropped but finished with status OK and parcel size 4
09-01 20:59:33.435  1513  1572 D CompatibilityChangeReporter: Compat change id reported: 135634846; UID 10220; state: DISABLED
09-01 20:59:33.435  1513  1572 D CompatibilityChangeReporter: Compat change id reported: 135754954; UID 10220; state: ENABLED
09-01 20:59:33.435  1513  1625 D CompatibilityChangeReporter: Compat change id reported: 143937733; UID 10220; state: ENABLED
09-01 20:59:33.442   778   778 D Zygote  : Forked child process 9191
09-01 20:59:33.444  3088  3657 I AssistantForeground: (REDACTED) Get launcher package: %s
09-01 20:59:33.444  1513  1625 I ActivityManager: Start proc 9191:com.android.chrome/u0a220 for pre-top-activity {com.android.chrome/com.google.android.apps.chrome.Main}
09-01 20:59:33.448   901  1000 W ASH     : @ 39959.901: Unhandled msg ID 999: line 1277
09-01 20:59:33.448   901  1000 E ASH     : @ 39959.901: No pb callback assigned
09-01 20:59:33.448   901  1000 E ASH     : @ 39959.901: Nanopb error: callback failed:1588
09-01 20:59:33.449  9191  9191 E .android.chrom: Not starting debugger since process cannot load the jdwp agent.
09-01 20:59:33.469  9191  9191 W .android.chrom: JIT profile information will not be recorded: profile file does not exist.
09-01 20:59:33.473  9191  9191 I LoadedApk: No resource references to update in package com.google.android.trichromelibrary
09-01 20:59:33.473  9191  9191 D NetworkSecurityConfig: Using Network Security Config from resource 0_resource_name_obfuscated debugBuild: false
09-01 20:59:33.473  9191  9191 D NetworkSecurityConfig: Using Network Security Config from resource 0_resource_name_obfuscated debugBuild: false
09-01 20:59:33.474  9191  9191 I cr_SplitCompatApp: Launched version=107.0.5304.91 minSdkVersion=29 isBundle=true processName=com.android.chrome isIsolated=false
09-01 20:59:33.477  2158  2158 I WallpaperService: engine resumed
09-01 20:59:33.478   901   901 W sensors@2.0-ser: type=1400 audit(0.0:4871): avc: denied { read write } for name="diag" dev="tmpfs" ino=12474 scontext=u:r:hal_sensors_default:s0 tcontext=u:object_r:diag_device:s0 tclass=chr_file permissive=0
09-01 20:59:33.478   901   901 W sensors@2.0-ser: type=1400 audit(0.0:4872): avc: denied { read write } for name="diag" dev="tmpfs" ino=12474 scontext=u:r:hal_sensors_default:s0 tcontext=u:object_r:diag_device:s0 tclass=chr_file permissive=0
09-01 20:59:33.478   901   901 I sensors-hal: [hal]batch_physical_sensor:301, android.sensor.gyroscope/41, period=20000000, max_latency=0
09-01 20:59:33.478   901   901 I sensors-hal: [hal]batch_physical_sensor:310, android.sensor.gyroscope/41, period=20000000, max_latency=0 request completed
09-01 20:59:33.478   901   901 I sensors-hal: [hal]activate_physical_sensor:238, android.sensor.gyroscope/41 en=1
09-01 20:59:33.478   901   901 I sensors-hal: [ssc_utils]get_qmi_debug_flag:244, support_qmi_debug : false
09-01 20:59:33.481   901   901 D Diag_Lib:  Diag_LSM_Init: Failed to open handle to diag driver, error = 13
09-01 20:59:33.481   901   901 D Diag_Lib:  Diag_LSM_Init: Failed to open handle to diag driver, error = 13
09-01 20:59:33.481   901   901 I sensors-hal: [ssc_sensor]update_handle:537, handle=331, type=33, wakeup=0, hwid=0, base=331
09-01 20:59:33.482   901   901 I sensors-hal: [ssc_utils]get_qmi_debug_flag:244, support_qmi_debug : false
09-01 20:59:33.485   901   901 I sensors-hal: [ssc_utils]get_qmi_debug_flag:244, support_qmi_debug : false
09-01 20:59:33.486   901  9219 I sensors-hal: [ssc_sensor]ssc_conn_resp_cb:663, resp_value = 0
09-01 20:59:33.487   901  1000 W SEE     : @ 39959.940: adding req to Q sensor=8 req=0xb2034d08 msg=513
09-01 20:59:33.489   901  9219 I sensors-hal: [sensor]submit_sensors_hal_event:146, android.sensor.additional_info: trying to push empty Events, count = 0
09-01 20:59:33.489   901  9219 I sensors-hal: [sensor]submit_sensors_hal_event:146, android.sensor.additional_info: trying to push empty Events, count = 0
09-01 20:59:33.490   901   901 I sensors-hal: [hal]activate_physical_sensor:249, android.sensor.gyroscope/41 en=1 completed
09-01 20:59:33.491   901  9223 I sensors-hal: [ssc_sensor]ssc_conn_resp_cb:663, resp_value = 0
09-01 20:59:33.492   901  1000 W SEE     : @ 39959.944: adding req to Q sensor=2 req=0xb20276d8 msg=513
09-01 20:59:33.494   901  9223 I sensors-hal: [sensor]submit_sensors_hal_event:146, android.sensor.gyroscope: trying to push empty Events, count = 1
09-01 20:59:33.494   901  9223 I chatty  : uid=1000(system) sensors@2.0-ser identical 2 lines
09-01 20:59:33.505   901  9223 I sensors-hal: [sensor]submit_sensors_hal_event:146, android.sensor.gyroscope: trying to push empty Events, count = 1
09-01 20:59:33.506  9191  9228 I cr_LibraryLoader: Using ModernLinker
09-01 20:59:33.506  9191  9228 I cr_LibraryLoader: Loading monochrome_64 from within /data/app/~~_KLlx60MH8CoecPTjMKp8g==/com.android.chrome-kw9RHYrlHKb9bPXi8OTClw==/base.apk
09-01 20:59:33.509  9191  9228 W linker  : Warning: "/data/app/~~_KLlx60MH8CoecPTjMKp8g==/com.android.chrome-kw9RHYrlHKb9bPXi8OTClw==/base.apk!/lib/arm64-v8a/libchromium_android_linker.so" unused DT entry: unknown processor-specific (type 0x70000001 arg 0x0) (ignoring)
09-01 20:59:33.510  9191  9228 I cr_ModernLinker: loadLibraryImplLocked: monochrome_64, relroMode=1
09-01 20:59:33.511  9191  9228 W linker  : Warning: "/data/app/~~pvdNlmkqoAdokjnHYmWQbA==/com.google.android.trichromelibrary_530409134-AZWnkLs2PHY5miTP6ZiTzA==/base.apk!/lib/arm64-v8a/libmonochrome_64.so" unused DT entry: unknown processor-specific (type 0x70000001 arg 0x0) (ignoring)
09-01 20:59:33.512  2816  3133 I FontLog : Received query Google Sans:700, URI content://com.google.android.gms.fonts [CONTEXT service_id=132 ]
09-01 20:59:33.512  2816  3133 I FontLog : Query [Google Sans:700] resolved to {Google Sans, wdth 100.0, wght 700, ital 0.0, bestEffort false} [CONTEXT service_id=132 ]
09-01 20:59:33.514  2816  3133 I FontLog : Fetch {Google Sans, wdth 100.0, wght 700, ital 0.0, bestEffort false} end status Status{statusCode=SUCCESS, resolution=null} [CONTEXT service_id=132 ]
09-01 20:59:33.520  2816  3133 I FontLog : Pulling font file for id = 1361, cache size = 7 [CONTEXT service_id=132 ]
09-01 20:59:33.529  9191  9228 I cr_LibraryLoader: Successfully loaded native library
09-01 20:59:33.530  9191  9228 I cr_CachingUmaRecorder: Flushed 30 samples from 28 histograms.
09-01 20:59:33.541  9191  9232 W DynamiteModule: Local module descriptor class for com.google.android.gms.googlecertificates not found.
09-01 20:59:33.552  9191  9232 I DynamiteModule: Considering local module com.google.android.gms.googlecertificates:0 and remote module com.google.android.gms.googlecertificates:7
09-01 20:59:33.552  9191  9232 I DynamiteModule: Selected remote version of com.google.android.gms.googlecertificates, version >= 7
09-01 20:59:33.560  9191  9232 W System  : ClassLoader referenced unknown path: 
09-01 20:59:33.574  9191  9191 I cr_CompositorSurfaceMgr: Transitioning to surface with format: -1
09-01 20:59:33.590  1513  4617 D CompatibilityChangeReporter: Compat change id reported: 136274596; UID 10220; state: ENABLED
09-01 20:59:33.605  9191  9222 I cr_tabmodel: Starting to fetch tab list for tab_state0
09-01 20:59:33.605  9191  9234 I cr_tabmodel: Starting to fetch tab list for tab_state1
09-01 20:59:33.605  9191  9234 I cr_tabmodel: State file does not exist.
09-01 20:59:33.606  9191  9222 I cr_tabmodel: Finished fetching tab list.
09-01 20:59:33.631   592  2400 W DisplayIdentification: Invalid EDID: falling back to serial number due to missing display name.
09-01 20:59:33.631   592  2400 W DisplayIdentification: Invalid EDID: falling back to ASCII text due to missing serial number.
09-01 20:59:33.641  1513  8503 D CompatibilityChangeReporter: Compat change id reported: 135634846; UID 10220; state: DISABLED
09-01 20:59:33.641  1513  8503 D CompatibilityChangeReporter: Compat change id reported: 135754954; UID 10220; state: ENABLED
09-01 20:59:33.642  1513  1625 D CompatibilityChangeReporter: Compat change id reported: 143937733; UID 10220; state: ENABLED
09-01 20:59:33.653  9191  9242 I AdrenoGLES-0: QUALCOMM build                   : 35605c3, Ia11ce2d146
09-01 20:59:33.653  9191  9242 I AdrenoGLES-0: Build Date                       : 09/02/20
09-01 20:59:33.653  9191  9242 I AdrenoGLES-0: OpenGL ES Shader Compiler Version: EV031.31.04.00
09-01 20:59:33.653  9191  9242 I AdrenoGLES-0: Local Branch                     : gfx-adreno.lnx.2.0
09-01 20:59:33.653  9191  9242 I AdrenoGLES-0: Remote Branch                    : 
09-01 20:59:33.653  9191  9242 I AdrenoGLES-0: Remote Branch                    : 
09-01 20:59:33.653  9191  9242 I AdrenoGLES-0: Reconstruct Branch               : 
09-01 20:59:33.653  9191  9242 I AdrenoGLES-0: Build Config                     : S P 10.0.4 AArch64
09-01 20:59:33.653  9191  9242 I AdrenoGLES-0: Driver Path                      : /vendor/lib64/egl/libGLESv2_adreno.so
09-01 20:59:33.655  6535  6535 D Zygote  : Forked child process 9244
09-01 20:59:33.656  9191  9191 I cr_StartSurfaceConfig: Recorded Startup.Android.FirstDrawCompletedTime.NoInstant = 104 ms
09-01 20:59:33.656  2816 14894 E bfyz    : Phenotype API error. Event # deor@9182f7f3, EventCode: 7 [CONTEXT service_id=51 ]
09-01 20:59:33.656  2816 14894 E bfyz    : bfyb: 29505: No config packages for log source, or config package not registered
09-01 20:59:33.656  2816 14894 E bfyz    : 	at bfzu.b(:com.google.android.gms@224312037@22.43.12 (150400-483592595):4)
09-01 20:59:33.656  2816 14894 E bfyz    : 	at bfzr.g(:com.google.android.gms@224312037@22.43.12 (150400-483592595):0)
09-01 20:59:33.656  2816 14894 E bfyz    : 	at bfyz.e(:com.google.android.gms@224312037@22.43.12 (150400-483592595):4)
09-01 20:59:33.656  2816 14894 E bfyz    : 	at bfyz.f(:com.google.android.gms@224312037@22.43.12 (150400-483592595):2)
09-01 20:59:33.656  2816 14894 E bfyz    : 	at aqyg.eq(:com.google.android.gms@224312037@22.43.12 (150400-483592595):1)
09-01 20:59:33.656  2816 14894 E bfyz    : 	at aqym.run(:com.google.android.gms@224312037@22.43.12 (150400-483592595):12)
09-01 20:59:33.656  2816 14894 E bfyz    : 	at ckdj.run(:com.google.android.gms@224312037@22.43.12 (150400-483592595):2)
09-01 20:59:33.656  2816 14894 E bfyz    : 	at zqv.c(:com.google.android.gms@224312037@22.43.12 (150400-483592595):6)
09-01 20:59:33.656  2816 14894 E bfyz    : 	at zqv.run(:com.google.android.gms@224312037@22.43.12 (150400-483592595):7)
09-01 20:59:33.656  2816 14894 E bfyz    : 	at java.util.concurrent.ThreadPoolExecutor.runWorker(ThreadPoolExecutor.java:1167)
09-01 20:59:33.656  2816 14894 E bfyz    : 	at java.util.concurrent.ThreadPoolExecutor$Worker.run(ThreadPoolExecutor.java:641)
09-01 20:59:33.656  2816 14894 E bfyz    : 	at zwa.run(:com.google.android.gms@224312037@22.43.12 (150400-483592595):0)
09-01 20:59:33.656  2816 14894 E bfyz    : 	at java.lang.Thread.run(Thread.java:923)
09-01 20:59:33.656  9191  9242 I AdrenoGLES-0: PFP: 0x016dd090, ME: 0x00000000
09-01 20:59:33.657  2816 14894 W AsyncOperation: operation=GetExperimentTokensOperationCall, opStatusCode=29505 [CONTEXT service_id=51 ]
09-01 20:59:33.657  2816 14894 W AsyncOperation: OperationException[Status{statusCode=No config packages for log source, or config package not registered, resolution=null}]
09-01 20:59:33.657  2816 14894 W AsyncOperation: 	at bfyz.e(:com.google.android.gms@224312037@22.43.12 (150400-483592595):6)
09-01 20:59:33.657  2816 14894 W AsyncOperation: 	at bfyz.f(:com.google.android.gms@224312037@22.43.12 (150400-483592595):2)
09-01 20:59:33.657  2816 14894 W AsyncOperation: 	at aqyg.eq(:com.google.android.gms@224312037@22.43.12 (150400-483592595):1)
09-01 20:59:33.657  2816 14894 W AsyncOperation: 	at aqym.run(:com.google.android.gms@224312037@22.43.12 (150400-483592595):12)
09-01 20:59:33.657  2816 14894 W AsyncOperation: 	at ckdj.run(:com.google.android.gms@224312037@22.43.12 (150400-483592595):2)
09-01 20:59:33.657  2816 14894 W AsyncOperation: 	at zqv.c(:com.google.android.gms@224312037@22.43.12 (150400-483592595):6)
09-01 20:59:33.657  2816 14894 W AsyncOperation: 	at zqv.run(:com.google.android.gms@224312037@22.43.12 (150400-483592595):7)
09-01 20:59:33.657  2816 14894 W AsyncOperation: 	at java.util.concurrent.ThreadPoolExecutor.runWorker(ThreadPoolExecutor.java:1167)
09-01 20:59:33.657  2816 14894 W AsyncOperation: 	at java.util.concurrent.ThreadPoolExecutor$Worker.run(ThreadPoolExecutor.java:641)
09-01 20:59:33.657  2816 14894 W AsyncOperation: 	at zwa.run(:com.google.android.gms@224312037@22.43.12 (150400-483592595):0)
09-01 20:59:33.657  2816 14894 W AsyncOperation: 	at java.lang.Thread.run(Thread.java:923)
09-01 20:59:33.659  9244  9244 E libc    : SetHeapTaggingLevel: re-enabling tagging after it was disabled is not supported
09-01 20:59:33.659  1513  1625 I ActivityManager: Start proc 9244:com.android.chrome:sandboxed_process0:org.chromium.content.app.SandboxedProcessService0:0/u0ai1 for  {com.android.chrome/org.chromium.content.app.SandboxedProcessService0:0}
09-01 20:59:33.665  9191  9242 W AdrenoUtils: <ReadGpuID_from_sysfs:197>: Failed to open /sys/class/kgsl/kgsl-3d0/gpu_model
09-01 20:59:33.665  9191  9242 W AdrenoUtils: <ReadGpuID:221>: Failed to read chip ID from gpu_model. Fallback to use the GSL path
09-01 20:59:33.666  9244  9244 E ocessService0:: Not starting debugger since process cannot load the jdwp agent.
09-01 20:59:33.677  1513  4617 D CompatibilityChangeReporter: Compat change id reported: 136274596; UID 10220; state: ENABLED
09-01 20:59:33.681  1513  1572 D EventSequenceValidator: dec AccIntentStartedEvents to 1
09-01 20:59:33.686  1513  1622 D ArtManagerInternalImpl: /data/misc/iorapd/com.android.chrome/530409134/com.google.android.apps.chrome.Main/compiled_traces/compiled_trace.pb doesn't exist
09-01 20:59:33.688  1513  1622 I ActivityTaskManager: Displayed com.android.chrome/com.google.android.apps.chrome.Main: +271ms
09-01 20:59:33.701  9191  9191 I TetheringManager: registerTetheringEventCallback:com.android.chrome
09-01 20:59:33.707  9244  9244 I LoadedApk: No resource references to update in package com.google.android.trichromelibrary
09-01 20:59:33.707  9244  9244 D NetworkSecurityConfig: Using Network Security Config from resource 0_resource_name_obfuscated debugBuild: false
09-01 20:59:33.707  9244  9244 D NetworkSecurityConfig: Using Network Security Config from resource 0_resource_name_obfuscated debugBuild: false
09-01 20:59:33.708  9244  9244 I cr_SplitCompatApp: Launched version=107.0.5304.91 minSdkVersion=29 isBundle=true processName=com.android.chrome:sandboxed_process0:org.chromium.content.app.SandboxedProcessService0:0 isIsolated=true
09-01 20:59:33.716  9244  9244 W SystemServiceRegistry: No service published for: uimode
09-01 20:59:33.720  9191  9226 W cr_PartnerCustomize: Partner homepage must be HTTP(S) or NewTabPage. Got invalid URL ""
09-01 20:59:33.721  9244  9244 I cr_ChildProcessService: Creating new ChildProcessService pid=9244
09-01 20:59:33.754  1513  8503 D CompatibilityChangeReporter: Compat change id reported: 135634846; UID 10220; state: DISABLED
09-01 20:59:33.754  1513  8503 D CompatibilityChangeReporter: Compat change id reported: 135754954; UID 10220; state: ENABLED
09-01 20:59:33.755  1513  1625 D CompatibilityChangeReporter: Compat change id reported: 143937733; UID 10220; state: ENABLED
09-01 20:59:33.762   778   778 D Zygote  : Forked child process 9280
09-01 20:59:33.764  1513  1625 I ActivityManager: Start proc 9280:com.android.chrome:privileged_process0/u0a220 for service {com.android.chrome/org.chromium.content.app.PrivilegedProcessService0}
09-01 20:59:33.777  9191  9191 I cr_SmsProviderGms: construction successfull IU2@261afee, FU2@7469c8f
09-01 20:59:33.794  9191  9266 W InstanceID: Instance ID SDK is deprecated, com.android.chrome should update to use Firebase Instance ID
09-01 20:59:33.796  1513  8503 D ConnectivityService: requestNetwork for uid/pid:10220/9191 NetworkRequest [ TRACK_DEFAULT id=1821, [ Capabilities: INTERNET&NOT_RESTRICTED&TRUSTED Uid: 10220 AdministratorUids: [] RequestorUid: 10220 RequestorPackageName: com.android.chrome] ]
09-01 20:59:33.797  1513  2000 D ConnectivityService: NetReassign [1821 : null → 100]
09-01 20:59:33.798  1513  2000 D ConnectivityService: NetReassign [no changes]
09-01 20:59:33.799  9280  9280 E ileged_process: Not starting debugger since process cannot load the jdwp agent.
09-01 20:59:33.799  1513  1996 D WifiNetworkFactory: got request NetworkRequest [ TRACK_DEFAULT id=1821, [ Capabilities: INTERNET&NOT_RESTRICTED&TRUSTED Uid: 10220 AdministratorUids: [] RequestorUid: 10220 RequestorPackageName: com.android.chrome] ] with score 60 and providerId 5
09-01 20:59:33.799  1513  1996 D UntrustedWifiNetworkFactory: got request NetworkRequest [ TRACK_DEFAULT id=1821, [ Capabilities: INTERNET&NOT_RESTRICTED&TRUSTED Uid: 10220 AdministratorUids: [] RequestorUid: 10220 RequestorPackageName: com.android.chrome] ] with score 60 and providerId 5
09-01 20:59:33.799  1513  2038 D Ethernet: got request NetworkRequest [ TRACK_DEFAULT id=1821, [ Capabilities: INTERNET&NOT_RESTRICTED&TRUSTED Uid: 10220 AdministratorUids: [] RequestorUid: 10220 RequestorPackageName: com.android.chrome] ] with score 60 and providerId 5
09-01 20:59:33.800  1513  2037 D WIFI_AWARE_FACTORY: got request NetworkRequest [ TRACK_DEFAULT id=1821, [ Capabilities: INTERNET&NOT_RESTRICTED&TRUSTED Uid: 10220 AdministratorUids: [] RequestorUid: 10220 RequestorPackageName: com.android.chrome] ] with score 60 and providerId 5
09-01 20:59:33.800  2474  2474 D PhoneSwitcherNetworkRequstListener: got request NetworkRequest [ TRACK_DEFAULT id=1821, [ Capabilities: INTERNET&NOT_RESTRICTED&TRUSTED Uid: 10220 AdministratorUids: [] RequestorUid: 10220 RequestorPackageName: com.android.chrome] ] with score 60 and providerId 5
09-01 20:59:33.815  1513  8503 D ConnectivityService: requestNetwork for uid/pid:10220/9191 NetworkRequest [ TRACK_DEFAULT id=1823, [ Capabilities: INTERNET&NOT_RESTRICTED&TRUSTED Uid: 10220 AdministratorUids: [] RequestorUid: 10220 RequestorPackageName: com.android.chrome] ]
09-01 20:59:33.816  1513  2000 D ConnectivityService: NetReassign [1823 : null → 100]
09-01 20:59:33.816  1513  1996 D WifiNetworkFactory: got request NetworkRequest [ TRACK_DEFAULT id=1823, [ Capabilities: INTERNET&NOT_RESTRICTED&TRUSTED Uid: 10220 AdministratorUids: [] RequestorUid: 10220 RequestorPackageName: com.android.chrome] ] with score 60 and providerId 5
09-01 20:59:33.816  1513  2038 D Ethernet: got request NetworkRequest [ TRACK_DEFAULT id=1823, [ Capabilities: INTERNET&NOT_RESTRICTED&TRUSTED Uid: 10220 AdministratorUids: [] RequestorUid: 10220 RequestorPackageName: com.android.chrome] ] with score 60 and providerId 5
09-01 20:59:33.817  1513  2037 D WIFI_AWARE_FACTORY: got request NetworkRequest [ TRACK_DEFAULT id=1823, [ Capabilities: INTERNET&NOT_RESTRICTED&TRUSTED Uid: 10220 AdministratorUids: [] RequestorUid: 10220 RequestorPackageName: com.android.chrome] ] with score 60 and providerId 5
09-01 20:59:33.817  2474  2474 D PhoneSwitcherNetworkRequstListener: got request NetworkRequest [ TRACK_DEFAULT id=1823, [ Capabilities: INTERNET&NOT_RESTRICTED&TRUSTED Uid: 10220 AdministratorUids: [] RequestorUid: 10220 RequestorPackageName: com.android.chrome] ] with score 60 and providerId 5
09-01 20:59:33.817  1513  1996 D UntrustedWifiNetworkFactory: got request NetworkRequest [ TRACK_DEFAULT id=1823, [ Capabilities: INTERNET&NOT_RESTRICTED&TRUSTED Uid: 10220 AdministratorUids: [] RequestorUid: 10220 RequestorPackageName: com.android.chrome] ] with score 60 and providerId 5
09-01 20:59:33.818  1513  2000 D ConnectivityService: NetReassign [no changes]
09-01 20:59:33.825  9191  9191 W cr_KnoxSettingsProvider: Permission to read device policy denied.
09-01 20:59:33.827  1513  9003 D CompatibilityChangeReporter: Compat change id reported: 136274596; UID 10220; state: ENABLED
09-01 20:59:33.834  1513  4617 D CompatibilityChangeReporter: Compat change id reported: 149924527; UID 10220; state: ENABLED
09-01 20:59:33.835  1513  9003 D CompatibilityChangeReporter: Compat change id reported: 132649864; UID 10220; state: DISABLED
09-01 20:59:33.840  9191  9191 I cr_CompositorSurfaceMgr: Transitioning to surface with format: -1
09-01 20:59:33.844  9191  9191 I cr_CompositorSurfaceMgr: surfaceCreated format: 0
09-01 20:59:33.845  9280  9280 W ileged_process: JIT profile information will not be recorded: profile file does not exist.
09-01 20:59:33.853  9191  9191 I cr_ChromeTabbedActivity: #initializeState
09-01 20:59:33.854  9191  9191 I cr_CipherFactory: #restoreFromBundle, no savedInstanceState.
09-01 20:59:33.854  9191  9191 I cr_tabmodel: #loadState, ignoreIncognitoFiles? true
09-01 20:59:33.854  9280  9280 I LoadedApk: No resource references to update in package com.google.android.trichromelibrary
09-01 20:59:33.854  9191  9191 I cr_tabmodel: Tab metadata, skipIncognitoCount? false incognitoCount: 0 totalCount: 63
09-01 20:59:33.854  9280  9280 D NetworkSecurityConfig: Using Network Security Config from resource 0_resource_name_obfuscated debugBuild: false
09-01 20:59:33.854  9280  9280 D NetworkSecurityConfig: Using Network Security Config from resource 0_resource_name_obfuscated debugBuild: false
09-01 20:59:33.855  9191  9191 I cr_tabmodel: #isIncognitoTabBeingRestored from tabDetails:  false
09-01 20:59:33.855  9191  9191 W cr_tabmodel: Failed to restore TabState; creating Tab with last known URL.
09-01 20:59:33.855  9134  9308 D ProfileInstaller: Installing profile for com.example.batterymanager_utility
09-01 20:59:33.856  9280  9280 I cr_SplitCompatApp: Launched version=107.0.5304.91 minSdkVersion=29 isBundle=true processName=com.android.chrome:privileged_process0 isIsolated=false
09-01 20:59:33.866  9280  9280 I cr_ChildProcessService: Creating new ChildProcessService pid=9280
09-01 20:59:33.870  9280  9304 I cr_LibraryLoader: Using ModernLinker
09-01 20:59:33.872  9280  9309 W linker  : Warning: "/data/app/~~_KLlx60MH8CoecPTjMKp8g==/com.android.chrome-kw9RHYrlHKb9bPXi8OTClw==/base.apk!/lib/arm64-v8a/libchromium_android_linker.so" unused DT entry: unknown processor-specific (type 0x70000001 arg 0x0) (ignoring)
09-01 20:59:33.873  9280  9309 I cr_LibraryLoader: Loading monochrome_64 from within /data/app/~~_KLlx60MH8CoecPTjMKp8g==/com.android.chrome-kw9RHYrlHKb9bPXi8OTClw==/base.apk
09-01 20:59:33.873  9280  9309 I cr_ModernLinker: loadLibraryImplLocked: monochrome_64, relroMode=2
09-01 20:59:33.875  9280  9309 W linker  : Warning: "/data/app/~~pvdNlmkqoAdokjnHYmWQbA==/com.google.android.trichromelibrary_530409134-AZWnkLs2PHY5miTP6ZiTzA==/base.apk!/lib/arm64-v8a/libmonochrome_64.so" unused DT entry: unknown processor-specific (type 0x70000001 arg 0x0) (ignoring)
09-01 20:59:33.890  9280  9309 I cr_LibraryLoader: Successfully loaded native library
09-01 20:59:33.892  9280  9309 I cr_CachingUmaRecorder: Flushed 11 samples from 11 histograms.
09-01 20:59:33.893  9244  9260 I cr_LibraryLoader: Using ModernLinker
09-01 20:59:33.896  9191  9191 E cr_IntentUtils: getBooleanExtra failed on intent null
09-01 20:59:33.896  9191  9191 E cr_IntentUtils: getBooleanExtra failed on intent null
09-01 20:59:33.906  9244  9260 W linker  : Warning: "/data/app/~~_KLlx60MH8CoecPTjMKp8g==/com.android.chrome-kw9RHYrlHKb9bPXi8OTClw==/base.apk!/lib/arm64-v8a/libchromium_android_linker.so" unused DT entry: unknown processor-specific (type 0x70000001 arg 0x0) (ignoring)
09-01 20:59:33.908  9244  9260 E cr_ChromiumAndroidLinker: ReserveAddressWithHint: Address range starting at 0x7a38769000 was not free to use
09-01 20:59:33.909  9280  9309 I AdrenoGLES-0: QUALCOMM build                   : 35605c3, Ia11ce2d146
09-01 20:59:33.909  9280  9309 I AdrenoGLES-0: Build Date                       : 09/02/20
09-01 20:59:33.909  9280  9309 I AdrenoGLES-0: OpenGL ES Shader Compiler Version: EV031.31.04.00
09-01 20:59:33.909  9280  9309 I AdrenoGLES-0: Local Branch                     : gfx-adreno.lnx.2.0
09-01 20:59:33.909  9280  9309 I AdrenoGLES-0: Remote Branch                    : 
09-01 20:59:33.909  9280  9309 I AdrenoGLES-0: Remote Branch                    : 
09-01 20:59:33.909  9280  9309 I AdrenoGLES-0: Reconstruct Branch               : 
09-01 20:59:33.909  9280  9309 I AdrenoGLES-0: Build Config                     : S P 10.0.4 AArch64
09-01 20:59:33.909  9280  9309 I AdrenoGLES-0: Driver Path                      : /vendor/lib64/egl/libGLESv2_adreno.so
09-01 20:59:33.912  9280  9309 I AdrenoGLES-0: PFP: 0x016dd090, ME: 0x00000000
09-01 20:59:33.920  9244  9271 I cr_LibraryLoader: Successfully loaded native library
09-01 20:59:33.921  9280  9309 W AdrenoUtils: <ReadGpuID_from_sysfs:197>: Failed to open /sys/class/kgsl/kgsl-3d0/gpu_model
09-01 20:59:33.921  9280  9309 W AdrenoUtils: <ReadGpuID:221>: Failed to read chip ID from gpu_model. Fallback to use the GSL path
09-01 20:59:33.921  9244  9271 I cr_CachingUmaRecorder: Flushed 3 samples from 3 histograms.
09-01 20:59:33.934  9280  9309 D vulkan  : searching for layers in '/data/app/~~_KLlx60MH8CoecPTjMKp8g==/com.android.chrome-kw9RHYrlHKb9bPXi8OTClw==/lib/arm64'
09-01 20:59:33.934  9280  9309 D vulkan  : searching for layers in '/data/app/~~_KLlx60MH8CoecPTjMKp8g==/com.android.chrome-kw9RHYrlHKb9bPXi8OTClw==/base.apk!/lib/arm64-v8a'
09-01 20:59:33.934  9280  9309 D vulkan  : searching for layers in '/data/app/~~pvdNlmkqoAdokjnHYmWQbA==/com.google.android.trichromelibrary_530409134-AZWnkLs2PHY5miTP6ZiTzA==/base.apk!/lib/arm64-v8a'
09-01 20:59:33.942  9280  9309 I AdrenoVK-0: ===== BEGIN DUMP OF OVERRIDDEN SETTINGS =====
09-01 20:59:33.942  9280  9309 I AdrenoVK-0: ===== END DUMP OF OVERRIDDEN SETTINGS =====
09-01 20:59:33.942  9280  9309 I AdrenoVK-0: QUALCOMM build          : 35605c3, Ia11ce2d146
09-01 20:59:33.942  9280  9309 I AdrenoVK-0: Build Date              : 09/02/20
09-01 20:59:33.942  9280  9309 I AdrenoVK-0: Shader Compiler Version : EV031.31.04.00
09-01 20:59:33.942  9280  9309 I AdrenoVK-0: Local Branch            : gfx-adreno.lnx.2.0
09-01 20:59:33.942  9280  9309 I AdrenoVK-0: Remote Branch           : 
09-01 20:59:33.942  9280  9309 I AdrenoVK-0: Remote Branch           : 
09-01 20:59:33.942  9280  9309 I AdrenoVK-0: Reconstruct Branch      : 
09-01 20:59:33.942  9280  9309 I AdrenoVK-0: Build Config            : S P 10.0.4 AArch64
09-01 20:59:33.942  9280  9309 I AdrenoVK-0: Driver Path             : /vendor/lib64/hw/vulkan.adreno.so
09-01 20:59:33.943  9191  9191 I cr_OfflineIndicator: onConnectionTypeChanged 2
09-01 20:59:33.944  9191  9191 I cr_OfflineIndicator: Reported by system: [ Transports: WIFI Capabilities: NOT_METERED&INTERNET&NOT_RESTRICTED&TRUSTED&NOT_VPN&VALIDATED&NOT_ROAMING&FOREGROUND&NOT_CONGESTED&NOT_SUSPENDED LinkUpBandwidth>=94050Kbps LinkDnBandwidth>=53625Kbps SignalStrength: -55 AdministratorUids: [] RequestorUid: -1 RequestorPackageName: null]
09-01 20:59:33.944  9191  9191 I cr_OfflineIndicator: setConnectionState connectionState=4
09-01 20:59:33.944  9191  9191 I cr_OfflineDetector: Running updateState mConnectivityDetectorInitialized: true, mTimeWhenLastForegrounded: 39957169, getElapsedTime: 39957170, mTimeWhenLastOfflineNotificationReceived: 0, mTimeWhenLastOnline: 39957170, mApplicationState: 1, mIsOfflineLastReportedByConnectivityDetector: false, mIsEffectivelyOffline: false
09-01 20:59:33.944  9191  9191 I cr_OfflineDetector: updateState(): timeSinceLastForeground: 1, timeSinceOfflineNotificationReceived: 39957170, timeSinceLastOnline: 0, timeNeededForForeground: 1999, timeNeededForOffline: -39955170
09-01 20:59:33.944  9191  9191 I cr_OfflineIndicator: processConnectivityCheckResult mConnectionState=4 mConnectivityCheckingStage=1
09-01 20:59:33.950  2816  3139 I FontLog : Received query name=Google Sans&weight=700&besteffort=false, URI content://com.google.android.gms.fonts [CONTEXT service_id=132 ]
09-01 20:59:33.950  2816  3139 I FontLog : Query [name=Google Sans&weight=700&besteffort=false] resolved to {Google Sans, wdth 100.0, wght 700, ital 0.0, bestEffort false} [CONTEXT service_id=132 ]
09-01 20:59:33.952  2816  3139 I FontLog : Fetch {Google Sans, wdth 100.0, wght 700, ital 0.0, bestEffort false} end status Status{statusCode=SUCCESS, resolution=null} [CONTEXT service_id=132 ]
09-01 20:59:33.955  2816  3139 I FontLog : Pulling font file for id = 1362, cache size = 6 [CONTEXT service_id=132 ]
09-01 20:59:33.968  2816  3139 I FontLog : Received query name=Noto Color Emoji Compat&weight=400&besteffort=false, URI content://com.google.android.gms.fonts [CONTEXT service_id=132 ]
09-01 20:59:33.968  2816  3139 I FontLog : Query [name=Noto Color Emoji Compat&weight=400&besteffort=false] resolved to {Noto Color Emoji Compat, wdth 100.0, wght 400, ital 0.0, bestEffort false} [CONTEXT service_id=132 ]
09-01 20:59:33.973  2816  3139 I FontLog : Fetch {Noto Color Emoji Compat, wdth 100.0, wght 400, ital 0.0, bestEffort false} end status Status{statusCode=SUCCESS, resolution=null} [CONTEXT service_id=132 ]
09-01 20:59:33.977  2816  3139 I FontLog : Pulling font file for id = 1363, cache size = 7 [CONTEXT service_id=132 ]
09-01 20:59:33.983  2816  3139 I FontLog : Received query name=Google Sans&weight=400&besteffort=false, URI content://com.google.android.gms.fonts [CONTEXT service_id=132 ]
09-01 20:59:33.983  2816  3139 I FontLog : Query [name=Google Sans&weight=400&besteffort=false] resolved to {Google Sans, wdth 100.0, wght 400, ital 0.0, bestEffort false} [CONTEXT service_id=132 ]
09-01 20:59:33.985  2816  3139 I FontLog : Font PFD returned from cache for {Google Sans, wdth 100.0, wght 400, ital 0.0, bestEffort false} [CONTEXT service_id=132 ]
09-01 20:59:33.986  2816  3139 I FontLog : Fetch {Google Sans, wdth 100.0, wght 400, ital 0.0, bestEffort false} end status Status{statusCode=SUCCESS, resolution=null} [CONTEXT service_id=132 ]
09-01 20:59:33.992  2816  3139 I FontLog : Pulling font file for id = 1364, cache size = 7 [CONTEXT service_id=132 ]
09-01 20:59:34.002  2816  3139 I FontLog : Received query name=Google Sans&weight=500&besteffort=false, URI content://com.google.android.gms.fonts [CONTEXT service_id=132 ]
09-01 20:59:34.002  2816  3139 I FontLog : Query [name=Google Sans&weight=500&besteffort=false] resolved to {Google Sans, wdth 100.0, wght 500, ital 0.0, bestEffort false} [CONTEXT service_id=132 ]
09-01 20:59:34.003  2816  3139 I FontLog : Font PFD returned from cache for {Google Sans, wdth 100.0, wght 500, ital 0.0, bestEffort false} [CONTEXT service_id=132 ]
09-01 20:59:34.003  2816  3139 I FontLog : Fetch {Google Sans, wdth 100.0, wght 500, ital 0.0, bestEffort false} end status Status{statusCode=SUCCESS, resolution=null} [CONTEXT service_id=132 ]
09-01 20:59:34.004  2816  3139 I FontLog : Pulling font file for id = 1365, cache size = 5 [CONTEXT service_id=132 ]
09-01 20:59:34.006  9191  9191 W linker  : Warning: "/data/app/~~_KLlx60MH8CoecPTjMKp8g==/com.android.chrome-kw9RHYrlHKb9bPXi8OTClw==/split_vr.apk!/lib/arm64-v8a/libmonochrome_64_vr_partition.so" unused DT entry: unknown processor-specific (type 0x70000001 arg 0x0) (ignoring)
09-01 20:59:34.008  7733  7753 I gle.android.gm: CollectorTransition concurrent copying GC freed 41444(2151KB) AllocSpace objects, 0(0B) LOS objects, 75% free, 10MB/40MB, paused 315us total 365.471ms
09-01 20:59:34.012  1513  3168 D ConnectivityService: requestNetwork for uid/pid:10220/9191 NetworkRequest [ TRACK_DEFAULT id=1825, [ Capabilities: INTERNET&NOT_RESTRICTED&TRUSTED Uid: 10220 AdministratorUids: [] RequestorUid: 10220 RequestorPackageName: com.android.chrome] ]
09-01 20:59:34.012  1513  2000 D ConnectivityService: NetReassign [1825 : null → 100]
09-01 20:59:34.012  1513  2038 D Ethernet: got request NetworkRequest [ TRACK_DEFAULT id=1825, [ Capabilities: INTERNET&NOT_RESTRICTED&TRUSTED Uid: 10220 AdministratorUids: [] RequestorUid: 10220 RequestorPackageName: com.android.chrome] ] with score 60 and providerId 5
09-01 20:59:34.013  1513  1996 D WifiNetworkFactory: got request NetworkRequest [ TRACK_DEFAULT id=1825, [ Capabilities: INTERNET&NOT_RESTRICTED&TRUSTED Uid: 10220 AdministratorUids: [] RequestorUid: 10220 RequestorPackageName: com.android.chrome] ] with score 60 and providerId 5
09-01 20:59:34.013  2474  2474 D PhoneSwitcherNetworkRequstListener: got request NetworkRequest [ TRACK_DEFAULT id=1825, [ Capabilities: INTERNET&NOT_RESTRICTED&TRUSTED Uid: 10220 AdministratorUids: [] RequestorUid: 10220 RequestorPackageName: com.android.chrome] ] with score 60 and providerId 5
09-01 20:59:34.014  1513  2037 D WIFI_AWARE_FACTORY: got request NetworkRequest [ TRACK_DEFAULT id=1825, [ Capabilities: INTERNET&NOT_RESTRICTED&TRUSTED Uid: 10220 AdministratorUids: [] RequestorUid: 10220 RequestorPackageName: com.android.chrome] ] with score 60 and providerId 5
09-01 20:59:34.015  1513  1996 D UntrustedWifiNetworkFactory: got request NetworkRequest [ TRACK_DEFAULT id=1825, [ Capabilities: INTERNET&NOT_RESTRICTED&TRUSTED Uid: 10220 AdministratorUids: [] RequestorUid: 10220 RequestorPackageName: com.android.chrome] ] with score 60 and providerId 5
09-01 20:59:34.018  1513  2000 D ConnectivityService: NetReassign [no changes]
09-01 20:59:34.027  9191  9274 I cr_VrCoreVersionChecker: Unable to find VrCore.
09-01 20:59:34.060  2158  2158 I WallpaperService: engine paused
09-01 20:59:34.061   901   901 I sensors-hal: [hal]activate_physical_sensor:238, android.sensor.gyroscope/41 en=0
09-01 20:59:34.064   901   901 D Diag_Lib: diag: Diag_LSM_DeInit done for pid: 901
09-01 20:59:34.065   901   901 D Diag_Lib: diag: Diag_LSM_DeInit done for pid: 901
09-01 20:59:34.065   901   901 I sensors-hal: [hal]activate_physical_sensor:249, android.sensor.gyroscope/41 en=0 completed
09-01 20:59:34.076  1513  8184 I AdrenoGLES-0: QUALCOMM build                   : 35605c3, Ia11ce2d146
09-01 20:59:34.076  1513  8184 I AdrenoGLES-0: Build Date                       : 09/02/20
09-01 20:59:34.076  1513  8184 I AdrenoGLES-0: OpenGL ES Shader Compiler Version: EV031.31.04.00
09-01 20:59:34.076  1513  8184 I AdrenoGLES-0: Local Branch                     : gfx-adreno.lnx.2.0
09-01 20:59:34.076  1513  8184 I AdrenoGLES-0: Remote Branch                    : 
09-01 20:59:34.076  1513  8184 I AdrenoGLES-0: Remote Branch                    : 
09-01 20:59:34.076  1513  8184 I AdrenoGLES-0: Reconstruct Branch               : 
09-01 20:59:34.076  1513  8184 I AdrenoGLES-0: Build Config                     : S P 10.0.4 AArch64
09-01 20:59:34.076  1513  8184 I AdrenoGLES-0: Driver Path                      : /vendor/lib64/egl/libGLESv2_adreno.so
09-01 20:59:34.079  9244  9271 I tflite  : Initialized TensorFlow Lite runtime.
09-01 20:59:34.086  9191  9191 I Choreographer: Skipped 36 frames!  The application may be doing too much work on its main thread.
09-01 20:59:34.087  1513  8184 I AdrenoGLES-0: PFP: 0x016dd090, ME: 0x00000000
09-01 20:59:34.105  2858  2858 I GoogleInputMethodService: GoogleInputMethodService.onFinishInput():3280 
09-01 20:59:34.106  2858  2858 I GoogleInputMethodService: GoogleInputMethodService.updateDeviceLockedStatus():2169 repeatCheckTimes = 0, unlocked = true
09-01 20:59:34.106  2858  2858 I GoogleInputMethodService: GoogleInputMethodService.onStartInput():1960 onStartInput(EditorInfo{inputType=0x0(NULL) imeOptions=0x12000000 privateImeOptions=null actionName=UNSPECIFIED actionLabel=null actionId=0 initialSelStart=-1 initialSelEnd=-1 initialCapsMode=0x0 hintText=null label=null packageName=com.android.chrome fieldId=-1 fieldName=null extras=null}, false)
09-01 20:59:34.106  2858  2858 I GoogleInputMethodService: GoogleInputMethodService.shouldHideHeaderOnInitialState():4081 ShouldHideHeaderOnInitialState = false
09-01 20:59:34.106  2858  2858 I GoogleInputMethodService: GoogleInputMethodService.updateDeviceLockedStatus():2169 repeatCheckTimes = 2, unlocked = true
09-01 20:59:34.107  9191  9191 I cr_tabmodel: #isIncognitoTabBeingRestored from tabState:  false
09-01 20:59:34.150  1513  2000 D ConnectivityService: NetReassign [no changes]
09-01 20:59:34.164  9191  9191 I chatty  : uid=10220(com.android.chrome) identical 14 lines
09-01 20:59:34.164  9191  9191 I cr_tabmodel: #isIncognitoTabBeingRestored from tabState:  false
09-01 20:59:34.165   901  1000 D VSC     : @ 39960.618: [WO] tilt angle 89
09-01 20:59:34.172  9191  9191 I cr_tabmodel: #isIncognitoTabBeingRestored from tabState:  false
09-01 20:59:34.205  9191  9191 I chatty  : uid=10220(com.android.chrome) identical 24 lines
09-01 20:59:34.205  9191  9191 I cr_tabmodel: #isIncognitoTabBeingRestored from tabState:  false
09-01 20:59:34.207  9191  9191 I cr_tabmodel: #isIncognitoTabBeingRestored from tabDetails:  false
09-01 20:59:34.207  9191  9191 I cr_tabmodel: #isIncognitoTabBeingRestored from tabDetails:  false
09-01 20:59:34.207  9191  9191 W cr_tabmodel: Failed to restore TabState; creating Tab with last known URL.
09-01 20:59:34.221  1513  9003 D CompatibilityChangeReporter: Compat change id reported: 135634846; UID 10220; state: DISABLED
09-01 20:59:34.221  1513  9003 D CompatibilityChangeReporter: Compat change id reported: 135754954; UID 10220; state: ENABLED
09-01 20:59:34.222  1513  1625 D CompatibilityChangeReporter: Compat change id reported: 143937733; UID 10220; state: ENABLED
09-01 20:59:34.223  9191  9191 E cr_IntentUtils: getBooleanExtra failed on intent null
09-01 20:59:34.223  9191  9191 E cr_IntentUtils: getBooleanExtra failed on intent null
09-01 20:59:34.233  9191  9191 I cr_tabmodel: #isIncognitoTabBeingRestored from tabDetails:  false
09-01 20:59:34.233  9191  9191 I cr_tabmodel: #isIncognitoTabBeingRestored from tabDetails:  false
09-01 20:59:34.233  9191  9191 W cr_tabmodel: Failed to restore TabState; creating Tab with last known URL.
09-01 20:59:34.235  6535  6535 D Zygote  : Forked child process 9342
09-01 20:59:34.238  1513  1625 I ActivityManager: Start proc 9342:com.android.chrome:sandboxed_process0:org.chromium.content.app.SandboxedProcessService0:1/u0ai2 for  {com.android.chrome/org.chromium.content.app.SandboxedProcessService0:1}
09-01 20:59:34.239  9342  9342 E libc    : SetHeapTaggingLevel: re-enabling tagging after it was disabled is not supported
09-01 20:59:34.245  9191  9191 E cr_IntentUtils: getBooleanExtra failed on intent null
09-01 20:59:34.245  9191  9191 E cr_IntentUtils: getBooleanExtra failed on intent null
09-01 20:59:34.255  9191  9191 I cr_tabmodel: #isIncognitoTabBeingRestored from tabDetails:  false
09-01 20:59:34.255  9191  9191 I cr_tabmodel: #isIncognitoTabBeingRestored from tabDetails:  false
09-01 20:59:34.255  9191  9191 W cr_tabmodel: Failed to restore TabState; creating Tab with last known URL.
09-01 20:59:34.258  9342  9342 E ocessService0:: Not starting debugger since process cannot load the jdwp agent.
09-01 20:59:34.268  6535  6535 D Zygote  : Forked child process 9358
09-01 20:59:34.269  9191  9191 E cr_IntentUtils: getBooleanExtra failed on intent null
09-01 20:59:34.269  9191  9191 E cr_IntentUtils: getBooleanExtra failed on intent null
09-01 20:59:34.270  9358  9358 E libc    : SetHeapTaggingLevel: re-enabling tagging after it was disabled is not supported
09-01 20:59:34.270  1513  1625 I ActivityManager: Start proc 9358:com.android.chrome:sandboxed_process0:org.chromium.content.app.SandboxedProcessService0:2/u0ai3 for  {com.android.chrome/org.chromium.content.app.SandboxedProcessService0:2}
09-01 20:59:34.274  1513  9003 D CompatibilityChangeReporter: Compat change id reported: 136274596; UID 10220; state: ENABLED
09-01 20:59:34.279  9358  9358 E ocessService0:: Not starting debugger since process cannot load the jdwp agent.
09-01 20:59:34.285  9191  9191 I cr_tabmodel: #isIncognitoTabBeingRestored from tabDetails:  false
09-01 20:59:34.285  9191  9191 I cr_tabmodel: #isIncognitoTabBeingRestored from tabDetails:  false
09-01 20:59:34.285  9191  9191 W cr_tabmodel: Failed to restore TabState; creating Tab with last known URL.
09-01 20:59:34.290  6535  6535 D Zygote  : Forked child process 9375
09-01 20:59:34.291  1513  8503 D CompatibilityChangeReporter: Compat change id reported: 136274596; UID 10220; state: ENABLED
09-01 20:59:34.293  9375  9375 E libc    : SetHeapTaggingLevel: re-enabling tagging after it was disabled is not supported
09-01 20:59:34.293  1513  1625 I ActivityManager: Start proc 9375:com.android.chrome:sandboxed_process0:org.chromium.content.app.SandboxedProcessService0:3/u0ai4 for  {com.android.chrome/org.chromium.content.app.SandboxedProcessService0:3}
09-01 20:59:34.297  1513  8503 D CompatibilityChangeReporter: Compat change id reported: 135634846; UID 10220; state: DISABLED
09-01 20:59:34.297  1513  8503 D CompatibilityChangeReporter: Compat change id reported: 135754954; UID 10220; state: ENABLED
09-01 20:59:34.299  9191  9191 E cr_IntentUtils: getBooleanExtra failed on intent null
09-01 20:59:34.299  9191  9191 E cr_IntentUtils: getBooleanExtra failed on intent null
09-01 20:59:34.300  1513  1625 D CompatibilityChangeReporter: Compat change id reported: 143937733; UID 10220; state: ENABLED
09-01 20:59:34.305  9375  9375 E ocessService0:: Not starting debugger since process cannot load the jdwp agent.
09-01 20:59:34.309  9342  9342 I LoadedApk: No resource references to update in package com.google.android.trichromelibrary
09-01 20:59:34.310  9342  9342 D NetworkSecurityConfig: Using Network Security Config from resource 0_resource_name_obfuscated debugBuild: false
09-01 20:59:34.311  9358  9358 I LoadedApk: No resource references to update in package com.google.android.trichromelibrary
09-01 20:59:34.311  9191  9191 I cr_tabmodel: #isIncognitoTabBeingRestored from tabDetails:  false
09-01 20:59:34.311  9191  9191 I cr_tabmodel: #isIncognitoTabBeingRestored from tabDetails:  false
