09-01 20:59:35.600  1513  1625 I ActivityManager: Start proc 10207:com.android.chrome:sandboxed_process0:org.chromium.content.app.SandboxedProcessService0:31/u0ai32 for  {com.android.chrome/org.chromium.content.app.SandboxedProcessService0:31}
09-01 20:59:35.600  1513  1625 W ActivityManager: Slow operation: 584ms so far, now at startProcess: starting to update pids map
09-01 20:59:35.600  1513  1625 W ActivityManager: Slow operation: 584ms so far, now at startProcess: done updating pids map
09-01 20:59:35.600  1513  1625 W ActivityManager: Slow operation: 562ms so far, now at startProcess: asking zygote to start proc
09-01 20:59:35.600  1513  1625 D CompatibilityChangeReporter: Compat change id reported: 143937733; UID 10220; state: ENABLED
09-01 20:59:35.601 10052 10206 I cr_LibraryLoader: Successfully loaded native library
09-01 20:59:35.601 10107 10107 I cr_ChildProcessService: Creating new ChildProcessService pid=10107
09-01 20:59:35.602 10052 10206 I cr_CachingUmaRecorder: Flushed 3 samples from 3 histograms.
09-01 20:59:35.604 10207 10207 E cessService0:3: Not starting debugger since process cannot load the jdwp agent.
09-01 20:59:35.606 10107 10171 I cr_LibraryLoader: Using ModernLinker
09-01 20:59:35.607 10107 10171 W linker  : Warning: "/data/app/~~_KLlx60MH8CoecPTjMKp8g==/com.android.chrome-kw9RHYrlHKb9bPXi8OTClw==/base.apk!/lib/arm64-v8a/libchromium_android_linker.so" unused DT entry: unknown processor-specific (type 0x70000001 arg 0x0) (ignoring)
09-01 20:59:35.608 10107 10171 E cr_ChromiumAndroidLinker: ReserveAddressWithHint: Address range starting at 0x7a38769000 was not free to use
09-01 20:59:35.614 10077 10077 W SystemServiceRegistry: No service published for: uimode
09-01 20:59:35.623 10107 10220 I cr_LibraryLoader: Successfully loaded native library
09-01 20:59:35.624 10107 10220 I cr_CachingUmaRecorder: Flushed 3 samples from 3 histograms.
09-01 20:59:35.627 10077 10077 I cr_ChildProcessService: Creating new ChildProcessService pid=10077
09-01 20:59:35.628  1513  4617 D CompatibilityChangeReporter: Compat change id reported: 136274596; UID 10220; state: ENABLED
09-01 20:59:35.633  6535  6535 D Zygote  : Forked child process 10239
09-01 20:59:35.637  1513  1625 W ActivityManager: Slow operation: 599ms so far, now at startProcess: returned from zygote!
09-01 20:59:35.637  1513  1625 W ActivityManager: Slow operation: 600ms so far, now at startProcess: done updating battery stats
09-01 20:59:35.637  1513  1625 W ActivityManager: Slow operation: 600ms so far, now at startProcess: building log message
09-01 20:59:35.637  1513  1625 I ActivityManager: Start proc 10239:com.android.chrome:sandboxed_process0:org.chromium.content.app.SandboxedProcessService0:32/u0ai33 for  {com.android.chrome/org.chromium.content.app.SandboxedProcessService0:32}
09-01 20:59:35.637  1513  1625 W ActivityManager: Slow operation: 600ms so far, now at startProcess: starting to update pids map
09-01 20:59:35.637  1513  1625 W ActivityManager: Slow operation: 600ms so far, now at startProcess: done updating pids map
09-01 20:59:35.637  1513  1625 W ActivityManager: Slow operation: 578ms so far, now at startProcess: asking zygote to start proc
09-01 20:59:35.638  1513  1625 D CompatibilityChangeReporter: Compat change id reported: 143937733; UID 10220; state: ENABLED
09-01 20:59:35.638 10077 10135 I cr_LibraryLoader: Using ModernLinker
09-01 20:59:35.639 10077 10135 W linker  : Warning: "/data/app/~~_KLlx60MH8CoecPTjMKp8g==/com.android.chrome-kw9RHYrlHKb9bPXi8OTClw==/base.apk!/lib/arm64-v8a/libchromium_android_linker.so" unused DT entry: unknown processor-specific (type 0x70000001 arg 0x0) (ignoring)
09-01 20:59:35.639 10077 10135 E cr_ChromiumAndroidLinker: ReserveAddressWithHint: Address range starting at 0x7a38769000 was not free to use
09-01 20:59:35.641 10239 10239 E libc    : SetHeapTaggingLevel: re-enabling tagging after it was disabled is not supported
09-01 20:59:35.646 10239 10239 E cessService0:3: Not starting debugger since process cannot load the jdwp agent.
09-01 20:59:35.647 10174 10174 I LoadedApk: No resource references to update in package com.google.android.trichromelibrary
09-01 20:59:35.647 10174 10174 D NetworkSecurityConfig: Using Network Security Config from resource 0_resource_name_obfuscated debugBuild: false
09-01 20:59:35.648 10077 10237 I cr_LibraryLoader: Successfully loaded native library
09-01 20:59:35.648 10174 10174 D NetworkSecurityConfig: Using Network Security Config from resource 0_resource_name_obfuscated debugBuild: false
09-01 20:59:35.649 10077 10237 I cr_CachingUmaRecorder: Flushed 3 samples from 3 histograms.
09-01 20:59:35.650 10174 10174 I cr_SplitCompatApp: Launched version=107.0.5304.91 minSdkVersion=29 isBundle=true processName=com.android.chrome:sandboxed_process0:org.chromium.content.app.SandboxedProcessService0:30 isIsolated=true
09-01 20:59:35.661 10148 10148 I LoadedApk: No resource references to update in package com.google.android.trichromelibrary
09-01 20:59:35.662 10148 10148 D NetworkSecurityConfig: Using Network Security Config from resource 0_resource_name_obfuscated debugBuild: false
09-01 20:59:35.663 10148 10148 D NetworkSecurityConfig: Using Network Security Config from resource 0_resource_name_obfuscated debugBuild: false
09-01 20:59:35.665 10207 10207 I LoadedApk: No resource references to update in package com.google.android.trichromelibrary
09-01 20:59:35.666 10207 10207 D NetworkSecurityConfig: Using Network Security Config from resource 0_resource_name_obfuscated debugBuild: false
09-01 20:59:35.666 10148 10148 I cr_SplitCompatApp: Launched version=107.0.5304.91 minSdkVersion=29 isBundle=true processName=com.android.chrome:sandboxed_process0:org.chromium.content.app.SandboxedProcessService0:29 isIsolated=true
09-01 20:59:35.667 10207 10207 D NetworkSecurityConfig: Using Network Security Config from resource 0_resource_name_obfuscated debugBuild: false
09-01 20:59:35.669 10207 10207 I cr_SplitCompatApp: Launched version=107.0.5304.91 minSdkVersion=29 isBundle=true processName=com.android.chrome:sandboxed_process0:org.chromium.content.app.SandboxedProcessService0:31 isIsolated=true
09-01 20:59:35.677  1513  2013 D CompatibilityChangeReporter: Compat change id reported: 136274596; UID 10220; state: ENABLED
09-01 20:59:35.681 10207 10207 W SystemServiceRegistry: No service published for: uimode
09-01 20:59:35.682  6535  6535 D Zygote  : Forked child process 10274
09-01 20:59:35.682 10148 10148 W SystemServiceRegistry: No service published for: uimode
09-01 20:59:35.683  1513  1625 W ActivityManager: Slow operation: 624ms so far, now at startProcess: returned from zygote!
09-01 20:59:35.684  1513  1625 W ActivityManager: Slow operation: 624ms so far, now at startProcess: done updating battery stats
09-01 20:59:35.684  1513  1625 W ActivityManager: Slow operation: 624ms so far, now at startProcess: building log message
09-01 20:59:35.684  1513  1625 I ActivityManager: Start proc 10274:com.android.chrome:sandboxed_process0:org.chromium.content.app.SandboxedProcessService0:33/u0ai34 for  {com.android.chrome/org.chromium.content.app.SandboxedProcessService0:33}
09-01 20:59:35.684  1513  1625 W ActivityManager: Slow operation: 624ms so far, now at startProcess: starting to update pids map
09-01 20:59:35.684  1513  1625 W ActivityManager: Slow operation: 625ms so far, now at startProcess: done updating pids map
09-01 20:59:35.684  1513  1625 W ActivityManager: Slow operation: 568ms so far, now at startProcess: asking zygote to start proc
09-01 20:59:35.685  1513  1625 D CompatibilityChangeReporter: Compat change id reported: 143937733; UID 10220; state: ENABLED
09-01 20:59:35.686 10174 10174 W SystemServiceRegistry: No service published for: uimode
09-01 20:59:35.688 10274 10274 E libc    : SetHeapTaggingLevel: re-enabling tagging after it was disabled is not supported
09-01 20:59:35.693 10174 10174 I cr_ChildProcessService: Creating new ChildProcessService pid=10174
09-01 20:59:35.696 10148 10148 I cr_ChildProcessService: Creating new ChildProcessService pid=10148
09-01 20:59:35.699 10207 10207 I cr_ChildProcessService: Creating new ChildProcessService pid=10207
09-01 20:59:35.706 10239 10239 I LoadedApk: No resource references to update in package com.google.android.trichromelibrary
09-01 20:59:35.706 10239 10239 D NetworkSecurityConfig: Using Network Security Config from resource 0_resource_name_obfuscated debugBuild: false
09-01 20:59:35.707 10239 10239 D NetworkSecurityConfig: Using Network Security Config from resource 0_resource_name_obfuscated debugBuild: false
09-01 20:59:35.709 10239 10239 I cr_SplitCompatApp: Launched version=107.0.5304.91 minSdkVersion=29 isBundle=true processName=com.android.chrome:sandboxed_process0:org.chromium.content.app.SandboxedProcessService0:32 isIsolated=true
09-01 20:59:35.717 10174 10203 I cr_LibraryLoader: Using ModernLinker
09-01 20:59:35.717 10148 10209 I cr_LibraryLoader: Using ModernLinker
09-01 20:59:35.718 10148 10209 W linker  : Warning: "/data/app/~~_KLlx60MH8CoecPTjMKp8g==/com.android.chrome-kw9RHYrlHKb9bPXi8OTClw==/base.apk!/lib/arm64-v8a/libchromium_android_linker.so" unused DT entry: unknown processor-specific (type 0x70000001 arg 0x0) (ignoring)
09-01 20:59:35.719 10148 10209 E cr_ChromiumAndroidLinker: ReserveAddressWithHint: Address range starting at 0x7a38769000 was not free to use
09-01 20:59:35.720 10174 10203 W linker  : Warning: "/data/app/~~_KLlx60MH8CoecPTjMKp8g==/com.android.chrome-kw9RHYrlHKb9bPXi8OTClw==/base.apk!/lib/arm64-v8a/libchromium_android_linker.so" unused DT entry: unknown processor-specific (type 0x70000001 arg 0x0) (ignoring)
09-01 20:59:35.721 10174 10203 E cr_ChromiumAndroidLinker: ReserveAddressWithHint: Address range starting at 0x7a38769000 was not free to use
09-01 20:59:35.722 10274 10274 E cessService0:3: Not starting debugger since process cannot load the jdwp agent.
09-01 20:59:35.724 10148 10299 I cr_LibraryLoader: Successfully loaded native library
09-01 20:59:35.725 10148 10299 I cr_CachingUmaRecorder: Flushed 3 samples from 3 histograms.
09-01 20:59:35.727 10239 10239 W SystemServiceRegistry: No service published for: uimode
09-01 20:59:35.727  6535  6535 D Zygote  : Forked child process 10311
09-01 20:59:35.728 10311 10311 E libc    : SetHeapTaggingLevel: re-enabling tagging after it was disabled is not supported
09-01 20:59:35.728 10207 10240 I cr_LibraryLoader: Using ModernLinker
09-01 20:59:35.730 10207 10240 W linker  : Warning: "/data/app/~~_KLlx60MH8CoecPTjMKp8g==/com.android.chrome-kw9RHYrlHKb9bPXi8OTClw==/base.apk!/lib/arm64-v8a/libchromium_android_linker.so" unused DT entry: unknown processor-specific (type 0x70000001 arg 0x0) (ignoring)
09-01 20:59:35.731 10174 10287 I cr_LibraryLoader: Successfully loaded native library
09-01 20:59:35.731  1513  1625 W ActivityManager: Slow operation: 615ms so far, now at startProcess: returned from zygote!
09-01 20:59:35.731  1513  1625 W ActivityManager: Slow operation: 615ms so far, now at startProcess: done updating battery stats
09-01 20:59:35.731 10207 10240 E cr_ChromiumAndroidLinker: ReserveAddressWithHint: Address range starting at 0x7a38769000 was not free to use
09-01 20:59:35.731  1513  1625 W ActivityManager: Slow operation: 615ms so far, now at startProcess: building log message
09-01 20:59:35.731  1513  1625 I ActivityManager: Start proc 10311:com.android.chrome:sandboxed_process0:org.chromium.content.app.SandboxedProcessService0:34/u0ai35 for  {com.android.chrome/org.chromium.content.app.SandboxedProcessService0:34}
09-01 20:59:35.731  1513  1625 W ActivityManager: Slow operation: 615ms so far, now at startProcess: starting to update pids map
09-01 20:59:35.732  1513  1625 W ActivityManager: Slow operation: 615ms so far, now at startProcess: done updating pids map
09-01 20:59:35.732  1513  1625 W ActivityManager: Slow operation: 610ms so far, now at startProcess: asking zygote to start proc
09-01 20:59:35.732 10174 10287 I cr_CachingUmaRecorder: Flushed 3 samples from 3 histograms.
09-01 20:59:35.739 10239 10239 I cr_ChildProcessService: Creating new ChildProcessService pid=10239
09-01 20:59:35.740 10311 10311 E cessService0:3: Not starting debugger since process cannot load the jdwp agent.
09-01 20:59:35.741 10207 10300 I cr_LibraryLoader: Successfully loaded native library
09-01 20:59:35.742 10207 10300 I cr_CachingUmaRecorder: Flushed 3 samples from 3 histograms.
09-01 20:59:35.748 10239 10273 I cr_LibraryLoader: Using ModernLinker
09-01 20:59:35.750 10239 10273 W linker  : Warning: "/data/app/~~_KLlx60MH8CoecPTjMKp8g==/com.android.chrome-kw9RHYrlHKb9bPXi8OTClw==/base.apk!/lib/arm64-v8a/libchromium_android_linker.so" unused DT entry: unknown processor-specific (type 0x70000001 arg 0x0) (ignoring)
09-01 20:59:35.751 10239 10273 E cr_ChromiumAndroidLinker: ReserveAddressWithHint: Address range starting at 0x7a38769000 was not free to use
09-01 20:59:35.758   901  2806 I sensors-hal: [ssc_utils]get_qmi_debug_flag:244, support_qmi_debug : false
09-01 20:59:35.765 10239 10330 I cr_LibraryLoader: Successfully loaded native library
09-01 20:59:35.765  6535  6535 D Zygote  : Forked child process 10353
09-01 20:59:35.766 10239 10330 I cr_CachingUmaRecorder: Flushed 3 samples from 3 histograms.
09-01 20:59:35.767  1513  2013 D CompatibilityChangeReporter: Compat change id reported: 136274596; UID 10220; state: ENABLED
09-01 20:59:35.769 10353 10353 E libc    : SetHeapTaggingLevel: re-enabling tagging after it was disabled is not supported
09-01 20:59:35.771  1513  1625 W ActivityManager: Slow operation: 650ms so far, now at startProcess: returned from zygote!
09-01 20:59:35.772  1513  9003 D CompatibilityChangeReporter: Compat change id reported: 136274596; UID 10220; state: ENABLED
09-01 20:59:35.774  1513  1625 W ActivityManager: Slow operation: 652ms so far, now at startProcess: done updating battery stats
09-01 20:59:35.774  1513  1625 W ActivityManager: Slow operation: 652ms so far, now at startProcess: building log message
09-01 20:59:35.774  1513  1625 I ActivityManager: Start proc 10353:com.android.chrome:sandboxed_process0:org.chromium.content.app.SandboxedProcessService0:35/u0ai36 for  {com.android.chrome/org.chromium.content.app.SandboxedProcessService0:35}
09-01 20:59:35.774  1513  1625 W ActivityManager: Slow operation: 652ms so far, now at startProcess: starting to update pids map
09-01 20:59:35.774  1513  1625 W ActivityManager: Slow operation: 653ms so far, now at startProcess: done updating pids map
09-01 20:59:35.774  1513  1625 W ActivityManager: Slow operation: 623ms so far, now at startProcess: asking zygote to start proc
09-01 20:59:35.774  1513  1625 D CompatibilityChangeReporter: Compat change id reported: 143937733; UID 10220; state: ENABLED
09-01 20:59:35.785   901  1000 W ASH     : @ 39962.238: Unhandled msg ID 999: line 1277
09-01 20:59:35.785   901  1000 E ASH     : @ 39962.238: No pb callback assigned
09-01 20:59:35.785   901  1000 E ASH     : @ 39962.238: Nanopb error: callback failed:1588
09-01 20:59:35.796 10311 10311 I LoadedApk: No resource references to update in package com.google.android.trichromelibrary
09-01 20:59:35.796 10311 10311 D NetworkSecurityConfig: Using Network Security Config from resource 0_resource_name_obfuscated debugBuild: false
09-01 20:59:35.797 10274 10274 I LoadedApk: No resource references to update in package com.google.android.trichromelibrary
09-01 20:59:35.797 10311 10311 D NetworkSecurityConfig: Using Network Security Config from resource 0_resource_name_obfuscated debugBuild: false
09-01 20:59:35.797 10274 10274 D NetworkSecurityConfig: Using Network Security Config from resource 0_resource_name_obfuscated debugBuild: false
09-01 20:59:35.798 10274 10274 D NetworkSecurityConfig: Using Network Security Config from resource 0_resource_name_obfuscated debugBuild: false
09-01 20:59:35.799 10311 10311 I cr_SplitCompatApp: Launched version=107.0.5304.91 minSdkVersion=29 isBundle=true processName=com.android.chrome:sandboxed_process0:org.chromium.content.app.SandboxedProcessService0:34 isIsolated=true
09-01 20:59:35.799 10353 10353 E cessService0:3: Not starting debugger since process cannot load the jdwp agent.
09-01 20:59:35.800 10274 10274 I cr_SplitCompatApp: Launched version=107.0.5304.91 minSdkVersion=29 isBundle=true processName=com.android.chrome:sandboxed_process0:org.chromium.content.app.SandboxedProcessService0:33 isIsolated=true
09-01 20:59:35.812 10274 10274 W SystemServiceRegistry: No service published for: uimode
09-01 20:59:35.814  1513  9003 D CompatibilityChangeReporter: Compat change id reported: 136274596; UID 10220; state: ENABLED
09-01 20:59:35.826  6535  6535 D Zygote  : Forked child process 10391
09-01 20:59:35.827  1513  1625 W ActivityManager: Slow operation: 676ms so far, now at startProcess: returned from zygote!
09-01 20:59:35.828  1513  1625 W ActivityManager: Slow operation: 676ms so far, now at startProcess: done updating battery stats
09-01 20:59:35.828  1513  1625 W ActivityManager: Slow operation: 676ms so far, now at startProcess: building log message
09-01 20:59:35.828  1513  1625 I ActivityManager: Start proc 10391:com.android.chrome:sandboxed_process0:org.chromium.content.app.SandboxedProcessService0:36/u0ai37 for  {com.android.chrome/org.chromium.content.app.SandboxedProcessService0:36}
09-01 20:59:35.828  1513  1625 W ActivityManager: Slow operation: 676ms so far, now at startProcess: starting to update pids map
09-01 20:59:35.828  1513  1625 W ActivityManager: Slow operation: 677ms so far, now at startProcess: done updating pids map
09-01 20:59:35.828 10391 10391 E libc    : SetHeapTaggingLevel: re-enabling tagging after it was disabled is not supported
09-01 20:59:35.828  1513  1625 W ActivityManager: Slow operation: 668ms so far, now at startProcess: asking zygote to start proc
09-01 20:59:35.828  1513  1625 D CompatibilityChangeReporter: Compat change id reported: 143937733; UID 10220; state: ENABLED
09-01 20:59:35.833 10311 10311 W SystemServiceRegistry: No service published for: uimode
09-01 20:59:35.835 10274 10274 I cr_ChildProcessService: Creating new ChildProcessService pid=10274
09-01 20:59:35.836 10391 10391 E cessService0:3: Not starting debugger since process cannot load the jdwp agent.
09-01 20:59:35.840 10311 10311 I cr_ChildProcessService: Creating new ChildProcessService pid=10311
09-01 20:59:35.842 10274 10364 I cr_LibraryLoader: Using ModernLinker
09-01 20:59:35.844 10274 10364 W linker  : Warning: "/data/app/~~_KLlx60MH8CoecPTjMKp8g==/com.android.chrome-kw9RHYrlHKb9bPXi8OTClw==/base.apk!/lib/arm64-v8a/libchromium_android_linker.so" unused DT entry: unknown processor-specific (type 0x70000001 arg 0x0) (ignoring)
09-01 20:59:35.845 10311 10363 I cr_LibraryLoader: Using ModernLinker
09-01 20:59:35.845 10274 10364 E cr_ChromiumAndroidLinker: ReserveAddressWithHint: Address range starting at 0x7a38769000 was not free to use
09-01 20:59:35.846 10311 10363 W linker  : Warning: "/data/app/~~_KLlx60MH8CoecPTjMKp8g==/com.android.chrome-kw9RHYrlHKb9bPXi8OTClw==/base.apk!/lib/arm64-v8a/libchromium_android_linker.so" unused DT entry: unknown processor-specific (type 0x70000001 arg 0x0) (ignoring)
09-01 20:59:35.847 10311 10363 E cr_ChromiumAndroidLinker: ReserveAddressWithHint: Address range starting at 0x7a38769000 was not free to use
09-01 20:59:35.850  1513  9003 D CompatibilityChangeReporter: Compat change id reported: 136274596; UID 10220; state: ENABLED
09-01 20:59:35.850 10274 10405 I cr_LibraryLoader: Successfully loaded native library
09-01 20:59:35.850 10274 10405 I cr_CachingUmaRecorder: Flushed 3 samples from 3 histograms.
09-01 20:59:35.853 10353 10353 I LoadedApk: No resource references to update in package com.google.android.trichromelibrary
09-01 20:59:35.853 10353 10353 D NetworkSecurityConfig: Using Network Security Config from resource 0_resource_name_obfuscated debugBuild: false
09-01 20:59:35.854 10353 10353 D NetworkSecurityConfig: Using Network Security Config from resource 0_resource_name_obfuscated debugBuild: false
09-01 20:59:35.855  6535  6535 D Zygote  : Forked child process 10414
09-01 20:59:35.855  9191  9191 E cr_BTSPrefs: No data found for task id: 53
09-01 20:59:35.855  9191  9191 E cr_BkgrdTaskScheduler: Task cannot be canceled because no data was found instorage or data was invalid
09-01 20:59:35.856 10353 10353 I cr_SplitCompatApp: Launched version=107.0.5304.91 minSdkVersion=29 isBundle=true processName=com.android.chrome:sandboxed_process0:org.chromium.content.app.SandboxedProcessService0:35 isIsolated=true
09-01 20:59:35.857  1513  1625 W ActivityManager: Slow operation: 697ms so far, now at startProcess: returned from zygote!
09-01 20:59:35.857  1513  1625 W ActivityManager: Slow operation: 697ms so far, now at startProcess: done updating battery stats
09-01 20:59:35.857  1513  1625 W ActivityManager: Slow operation: 697ms so far, now at startProcess: building log message
09-01 20:59:35.857  1513  1625 I ActivityManager: Start proc 10414:com.android.chrome:sandboxed_process0:org.chromium.content.app.SandboxedProcessService0:37/u0ai38 for  {com.android.chrome/org.chromium.content.app.SandboxedProcessService0:37}
09-01 20:59:35.857  1513  1625 W ActivityManager: Slow operation: 697ms so far, now at startProcess: starting to update pids map
09-01 20:59:35.857  1513  1625 W ActivityManager: Slow operation: 697ms so far, now at startProcess: done updating pids map
09-01 20:59:35.857  1513  1625 W ActivityManager: Slow operation: 666ms so far, now at startProcess: asking zygote to start proc
09-01 20:59:35.857  1513  1625 D CompatibilityChangeReporter: Compat change id reported: 143937733; UID 10220; state: ENABLED
09-01 20:59:35.860 10311 10410 I cr_LibraryLoader: Successfully loaded native library
09-01 20:59:35.861 10311 10410 I cr_CachingUmaRecorder: Flushed 3 samples from 3 histograms.
09-01 20:59:35.863 10414 10414 E libc    : SetHeapTaggingLevel: re-enabling tagging after it was disabled is not supported
09-01 20:59:35.868 10414 10414 E cessService0:3: Not starting debugger since process cannot load the jdwp agent.
09-01 20:59:35.879  6535  6535 D Zygote  : Forked child process 10445
09-01 20:59:35.880 10353 10353 W SystemServiceRegistry: No service published for: uimode
09-01 20:59:35.880  1513  1625 W ActivityManager: Slow operation: 689ms so far, now at startProcess: returned from zygote!
09-01 20:59:35.880  1513  1625 W ActivityManager: Slow operation: 689ms so far, now at startProcess: done updating battery stats
09-01 20:59:35.881  1513  1625 W ActivityManager: Slow operation: 689ms so far, now at startProcess: building log message
09-01 20:59:35.881  1513  1625 I ActivityManager: Start proc 10445:com.android.chrome:sandboxed_process0:org.chromium.content.app.SandboxedProcessService0:38/u0ai39 for  {com.android.chrome/org.chromium.content.app.SandboxedProcessService0:38}
09-01 20:59:35.881  1513  1625 W ActivityManager: Slow operation: 689ms so far, now at startProcess: starting to update pids map
09-01 20:59:35.881  1513  1625 W ActivityManager: Slow operation: 689ms so far, now at startProcess: done updating pids map
09-01 20:59:35.881  1513  1625 W ActivityManager: Slow operation: 679ms so far, now at startProcess: asking zygote to start proc
09-01 20:59:35.882 10445 10445 E libc    : SetHeapTaggingLevel: re-enabling tagging after it was disabled is not supported
09-01 20:59:35.888  1513  9003 D CompatibilityChangeReporter: Compat change id reported: 136274596; UID 10220; state: ENABLED
09-01 20:59:35.889 10353 10353 I cr_ChildProcessService: Creating new ChildProcessService pid=10353
09-01 20:59:35.890 10445 10445 E cessService0:3: Not starting debugger since process cannot load the jdwp agent.
09-01 20:59:35.897 10391 10391 I LoadedApk: No resource references to update in package com.google.android.trichromelibrary
09-01 20:59:35.897 10391 10391 D NetworkSecurityConfig: Using Network Security Config from resource 0_resource_name_obfuscated debugBuild: false
09-01 20:59:35.899 10391 10391 D NetworkSecurityConfig: Using Network Security Config from resource 0_resource_name_obfuscated debugBuild: false
09-01 20:59:35.901 10391 10391 I cr_SplitCompatApp: Launched version=107.0.5304.91 minSdkVersion=29 isBundle=true processName=com.android.chrome:sandboxed_process0:org.chromium.content.app.SandboxedProcessService0:36 isIsolated=true
09-01 20:59:35.902  1513  2013 D CompatibilityChangeReporter: Compat change id reported: 136274596; UID 10220; state: ENABLED
09-01 20:59:35.902  6535  6535 D Zygote  : Forked child process 10469
09-01 20:59:35.906 10469 10469 E libc    : SetHeapTaggingLevel: re-enabling tagging after it was disabled is not supported
09-01 20:59:35.915 10391 10391 W SystemServiceRegistry: No service published for: uimode
09-01 20:59:35.915 10353 10386 I cr_LibraryLoader: Using ModernLinker
09-01 20:59:35.916 10353 10386 W linker  : Warning: "/data/app/~~_KLlx60MH8CoecPTjMKp8g==/com.android.chrome-kw9RHYrlHKb9bPXi8OTClw==/base.apk!/lib/arm64-v8a/libchromium_android_linker.so" unused DT entry: unknown processor-specific (type 0x70000001 arg 0x0) (ignoring)
09-01 20:59:35.916 10353 10386 E cr_ChromiumAndroidLinker: ReserveAddressWithHint: Address range starting at 0x7a38769000 was not free to use
09-01 20:59:35.918  1513  1625 W ActivityManager: Slow operation: 717ms so far, now at startProcess: returned from zygote!
09-01 20:59:35.919  1513  1625 W ActivityManager: Slow operation: 717ms so far, now at startProcess: done updating battery stats
09-01 20:59:35.919  1513  1625 W ActivityManager: Slow operation: 717ms so far, now at startProcess: building log message
09-01 20:59:35.919  1513  1625 I ActivityManager: Start proc 10469:com.android.chrome:sandboxed_process0:org.chromium.content.app.SandboxedProcessService0:39/u0ai40 for  {com.android.chrome/org.chromium.content.app.SandboxedProcessService0:39}
09-01 20:59:35.919  1513  1625 W ActivityManager: Slow operation: 717ms so far, now at startProcess: starting to update pids map
09-01 20:59:35.919  1513  1625 W ActivityManager: Slow operation: 717ms so far, now at startProcess: done updating pids map
09-01 20:59:35.919  1513  1625 W ActivityManager: Slow operation: 704ms so far, now at startProcess: asking zygote to start proc
09-01 20:59:35.919  1513  1625 D CompatibilityChangeReporter: Compat change id reported: 143937733; UID 10220; state: ENABLED
09-01 20:59:35.922 10391 10391 I cr_ChildProcessService: Creating new ChildProcessService pid=10391
09-01 20:59:35.923 10353 10462 I cr_LibraryLoader: Successfully loaded native library
09-01 20:59:35.924 10353 10462 I cr_CachingUmaRecorder: Flushed 3 samples from 3 histograms.
09-01 20:59:35.926 10391 10412 I cr_LibraryLoader: Using ModernLinker
09-01 20:59:35.930 10391 10412 W linker  : Warning: "/data/app/~~_KLlx60MH8CoecPTjMKp8g==/com.android.chrome-kw9RHYrlHKb9bPXi8OTClw==/base.apk!/lib/arm64-v8a/libchromium_android_linker.so" unused DT entry: unknown processor-specific (type 0x70000001 arg 0x0) (ignoring)
09-01 20:59:35.930 10391 10412 E cr_ChromiumAndroidLinker: ReserveAddressWithHint: Address range starting at 0x7a38769000 was not free to use
09-01 20:59:35.935 10414 10414 I LoadedApk: No resource references to update in package com.google.android.trichromelibrary
09-01 20:59:35.936 10414 10414 D NetworkSecurityConfig: Using Network Security Config from resource 0_resource_name_obfuscated debugBuild: false
09-01 20:59:35.937 10414 10414 D NetworkSecurityConfig: Using Network Security Config from resource 0_resource_name_obfuscated debugBuild: false
09-01 20:59:35.939 10414 10414 I cr_SplitCompatApp: Launched version=107.0.5304.91 minSdkVersion=29 isBundle=true processName=com.android.chrome:sandboxed_process0:org.chromium.content.app.SandboxedProcessService0:37 isIsolated=true
09-01 20:59:35.939 10469 10469 E cessService0:3: Not starting debugger since process cannot load the jdwp agent.
09-01 20:59:35.951 10414 10414 W SystemServiceRegistry: No service published for: uimode
09-01 20:59:35.955 10391 10483 I cr_LibraryLoader: Successfully loaded native library
09-01 20:59:35.956 10391 10483 I cr_CachingUmaRecorder: Flushed 3 samples from 3 histograms.
09-01 20:59:35.957  6535  6535 D Zygote  : Forked child process 10501
09-01 20:59:35.958 10414 10414 I cr_ChildProcessService: Creating new ChildProcessService pid=10414
09-01 20:59:35.959  1513  1625 W ActivityManager: Slow operation: 744ms so far, now at startProcess: returned from zygote!
09-01 20:59:35.959  1513  1625 W ActivityManager: Slow operation: 745ms so far, now at startProcess: done updating battery stats
09-01 20:59:35.959  1513  1625 W ActivityManager: Slow operation: 745ms so far, now at startProcess: building log message
09-01 20:59:35.959  1513  1625 I ActivityManager: Start proc 10501:com.android.chrome:sandboxed_process0:org.chromium.content.app.SandboxedProcessService0:40/u0ai41 for  {com.android.chrome/org.chromium.content.app.SandboxedProcessService0:40}
09-01 20:59:35.959  1513  1625 W ActivityManager: Slow operation: 745ms so far, now at startProcess: starting to update pids map
09-01 20:59:35.960  1513  1625 W ActivityManager: Slow operation: 745ms so far, now at startProcess: done updating pids map
09-01 20:59:35.960  1513  1625 W ActivityManager: Slow operation: 730ms so far, now at startProcess: asking zygote to start proc
09-01 20:59:35.961 10445 10445 I LoadedApk: No resource references to update in package com.google.android.trichromelibrary
09-01 20:59:35.962 10445 10445 D NetworkSecurityConfig: Using Network Security Config from resource 0_resource_name_obfuscated debugBuild: false
09-01 20:59:35.963 10445 10445 D NetworkSecurityConfig: Using Network Security Config from resource 0_resource_name_obfuscated debugBuild: false
09-01 20:59:35.965 10445 10445 I cr_SplitCompatApp: Launched version=107.0.5304.91 minSdkVersion=29 isBundle=true processName=com.android.chrome:sandboxed_process0:org.chromium.content.app.SandboxedProcessService0:38 isIsolated=true
09-01 20:59:35.966 10501 10501 E libc    : SetHeapTaggingLevel: re-enabling tagging after it was disabled is not supported
09-01 20:59:35.968 10414 10461 I cr_LibraryLoader: Using ModernLinker
09-01 20:59:35.976  1513  9003 D CompatibilityChangeReporter: Compat change id reported: 136274596; UID 10220; state: ENABLED
09-01 20:59:35.977 10414 10461 W linker  : Warning: "/data/app/~~_KLlx60MH8CoecPTjMKp8g==/com.android.chrome-kw9RHYrlHKb9bPXi8OTClw==/base.apk!/lib/arm64-v8a/libchromium_android_linker.so" unused DT entry: unknown processor-specific (type 0x70000001 arg 0x0) (ignoring)
09-01 20:59:35.979  6535  6535 D Zygote  : Forked child process 10514
09-01 20:59:35.979  1513  1625 W ActivityManager: Slow operation: 750ms so far, now at startProcess: returned from zygote!
09-01 20:59:35.980 10414 10461 E cr_ChromiumAndroidLinker: ReserveAddressWithHint: Address range starting at 0x7a38769000 was not free to use
09-01 20:59:35.981  1513  1625 W ActivityManager: Slow operation: 752ms so far, now at startProcess: done updating battery stats
09-01 20:59:35.982  1513  1625 W ActivityManager: Slow operation: 752ms so far, now at startProcess: building log message
09-01 20:59:35.982  1513  1625 I ActivityManager: Start proc 10514:com.android.chrome:sandboxed_process0:org.chromium.content.app.SandboxedProcessService0:41/u0ai42 for  {com.android.chrome/org.chromium.content.app.SandboxedProcessService0:41}
09-01 20:59:35.982  1513  1625 W ActivityManager: Slow operation: 752ms so far, now at startProcess: starting to update pids map
09-01 20:59:35.982  1513  1625 W ActivityManager: Slow operation: 753ms so far, now at startProcess: done updating pids map
09-01 20:59:35.988 10414 10508 I cr_LibraryLoader: Successfully loaded native library
09-01 20:59:35.990 10414 10508 I cr_CachingUmaRecorder: Flushed 3 samples from 3 histograms.
09-01 20:59:35.996 10514 10514 E libc    : SetHeapTaggingLevel: re-enabling tagging after it was disabled is not supported
09-01 20:59:35.996 10445 10445 W SystemServiceRegistry: No service published for: uimode
09-01 20:59:36.002 10501 10501 E cessService0:4: Not starting debugger since process cannot load the jdwp agent.
09-01 20:59:36.004 10445 10445 I cr_ChildProcessService: Creating new ChildProcessService pid=10445
09-01 20:59:36.009 10514 10514 E cessService0:4: Not starting debugger since process cannot load the jdwp agent.
09-01 20:59:36.010 10445 10480 I cr_LibraryLoader: Using ModernLinker
09-01 20:59:36.012 10469 10469 I LoadedApk: No resource references to update in package com.google.android.trichromelibrary
09-01 20:59:36.012 10445 10480 W linker  : Warning: "/data/app/~~_KLlx60MH8CoecPTjMKp8g==/com.android.chrome-kw9RHYrlHKb9bPXi8OTClw==/base.apk!/lib/arm64-v8a/libchromium_android_linker.so" unused DT entry: unknown processor-specific (type 0x70000001 arg 0x0) (ignoring)
09-01 20:59:36.013 10469 10469 D NetworkSecurityConfig: Using Network Security Config from resource 0_resource_name_obfuscated debugBuild: false
09-01 20:59:36.014 10445 10480 E cr_ChromiumAndroidLinker: ReserveAddressWithHint: Address range starting at 0x7a38769000 was not free to use
09-01 20:59:36.014 10469 10469 D NetworkSecurityConfig: Using Network Security Config from resource 0_resource_name_obfuscated debugBuild: false
09-01 20:59:36.015 10469 10469 I cr_SplitCompatApp: Launched version=107.0.5304.91 minSdkVersion=29 isBundle=true processName=com.android.chrome:sandboxed_process0:org.chromium.content.app.SandboxedProcessService0:39 isIsolated=true
09-01 20:59:36.022 10445 10545 I cr_LibraryLoader: Successfully loaded native library
09-01 20:59:36.023 10445 10545 I cr_CachingUmaRecorder: Flushed 3 samples from 3 histograms.
09-01 20:59:36.025  1513  2013 D CompatibilityChangeReporter: Compat change id reported: 136274596; UID 10220; state: ENABLED
09-01 20:59:36.029  1513  9003 D CompatibilityChangeReporter: Compat change id reported: 136274596; UID 10220; state: ENABLED
09-01 20:59:36.029 10469 10469 W SystemServiceRegistry: No service published for: uimode
09-01 20:59:36.032 10469 10469 I cr_ChildProcessService: Creating new ChildProcessService pid=10469
09-01 20:59:36.037 10469 10517 I cr_LibraryLoader: Using ModernLinker
09-01 20:59:36.039 10469 10517 W linker  : Warning: "/data/app/~~_KLlx60MH8CoecPTjMKp8g==/com.android.chrome-kw9RHYrlHKb9bPXi8OTClw==/base.apk!/lib/arm64-v8a/libchromium_android_linker.so" unused DT entry: unknown processor-specific (type 0x70000001 arg 0x0) (ignoring)
09-01 20:59:36.042 10469 10517 E cr_ChromiumAndroidLinker: ReserveAddressWithHint: Address range starting at 0x7a38769000 was not free to use
09-01 20:59:36.048 10469 10568 I cr_LibraryLoader: Successfully loaded native library
09-01 20:59:36.049 10469 10568 I cr_CachingUmaRecorder: Flushed 3 samples from 3 histograms.
09-01 20:59:36.062 10501 10501 I LoadedApk: No resource references to update in package com.google.android.trichromelibrary
09-01 20:59:36.063 10501 10501 D NetworkSecurityConfig: Using Network Security Config from resource 0_resource_name_obfuscated debugBuild: false
09-01 20:59:36.064 10501 10501 D NetworkSecurityConfig: Using Network Security Config from resource 0_resource_name_obfuscated debugBuild: false
09-01 20:59:36.066 10501 10501 I cr_SplitCompatApp: Launched version=107.0.5304.91 minSdkVersion=29 isBundle=true processName=com.android.chrome:sandboxed_process0:org.chromium.content.app.SandboxedProcessService0:40 isIsolated=true
09-01 20:59:36.070 10514 10514 I LoadedApk: No resource references to update in package com.google.android.trichromelibrary
09-01 20:59:36.071 10514 10514 D NetworkSecurityConfig: Using Network Security Config from resource 0_resource_name_obfuscated debugBuild: false
09-01 20:59:36.072 10514 10514 D NetworkSecurityConfig: Using Network Security Config from resource 0_resource_name_obfuscated debugBuild: false
09-01 20:59:36.073 10514 10514 I cr_SplitCompatApp: Launched version=107.0.5304.91 minSdkVersion=29 isBundle=true processName=com.android.chrome:sandboxed_process0:org.chromium.content.app.SandboxedProcessService0:41 isIsolated=true
09-01 20:59:36.078 10501 10501 W SystemServiceRegistry: No service published for: uimode
09-01 20:59:36.085 10501 10501 I cr_ChildProcessService: Creating new ChildProcessService pid=10501
09-01 20:59:36.088 10514 10514 W SystemServiceRegistry: No service published for: uimode
09-01 20:59:36.090 10501 10567 I cr_LibraryLoader: Using ModernLinker
09-01 20:59:36.092 10501 10567 W linker  : Warning: "/data/app/~~_KLlx60MH8CoecPTjMKp8g==/com.android.chrome-kw9RHYrlHKb9bPXi8OTClw==/base.apk!/lib/arm64-v8a/libchromium_android_linker.so" unused DT entry: unknown processor-specific (type 0x70000001 arg 0x0) (ignoring)
09-01 20:59:36.094 10501 10567 E cr_ChromiumAndroidLinker: ReserveAddressWithHint: Address range starting at 0x7a38769000 was not free to use
09-01 20:59:36.094 10514 10514 I cr_ChildProcessService: Creating new ChildProcessService pid=10514
09-01 20:59:36.107 10514 10564 I cr_LibraryLoader: Using ModernLinker
09-01 20:59:36.109 10501 10593 I cr_LibraryLoader: Successfully loaded native library
09-01 20:59:36.110 10514 10564 W linker  : Warning: "/data/app/~~_KLlx60MH8CoecPTjMKp8g==/com.android.chrome-kw9RHYrlHKb9bPXi8OTClw==/base.apk!/lib/arm64-v8a/libchromium_android_linker.so" unused DT entry: unknown processor-specific (type 0x70000001 arg 0x0) (ignoring)
09-01 20:59:36.110 10501 10593 I cr_CachingUmaRecorder: Flushed 3 samples from 3 histograms.
09-01 20:59:36.111 10514 10564 E cr_ChromiumAndroidLinker: ReserveAddressWithHint: Address range starting at 0x7a38769000 was not free to use
09-01 20:59:36.114 10514 10596 I cr_LibraryLoader: Successfully loaded native library
09-01 20:59:36.115 10514 10596 I cr_CachingUmaRecorder: Flushed 3 samples from 3 histograms.
09-01 20:59:36.165   901  1000 D VSC     : @ 39962.618: [WO] tilt angle 89
09-01 20:59:37.164  1513  2000 D ConnectivityService: NetReassign [no changes]
09-01 20:59:37.349   901  1000 D ASH     : @ 39963.801: AP has been up: last 39662455259, now 39963801199 usec
09-01 20:59:38.166   901  1000 D VSC     : @ 39964.618: [WO] tilt angle 89
09-01 20:59:38.345   901  2806 I sensors-hal: [ssc_utils]get_qmi_debug_flag:244, support_qmi_debug : false
09-01 20:59:38.365   901  1000 W ASH     : @ 39964.818: Unhandled msg ID 999: line 1277
09-01 20:59:38.366   901  1000 E ASH     : @ 39964.818: No pb callback assigned
09-01 20:59:38.366   901  1000 E ASH     : @ 39964.818: Nanopb error: callback failed:1588
09-01 20:59:38.436   901  2806 I sensors-hal: [ssc_utils]get_qmi_debug_flag:244, support_qmi_debug : false
09-01 20:59:38.446   901  1000 W ASH     : @ 39964.899: Unhandled msg ID 999: line 1277
09-01 20:59:38.446   901  1000 E ASH     : @ 39964.899: No pb callback assigned
09-01 20:59:38.446   901  1000 E ASH     : @ 39964.899: Nanopb error: callback failed:1588
09-01 20:59:38.720 10640 10640 D AndroidRuntime: >>>>>> START com.android.internal.os.RuntimeInit uid 2000 <<<<<<
09-01 20:59:38.721 10640 10640 W app_process: type=1400 audit(0.0:4873): avc: denied { read } for name="u:object_r:device_config_runtime_native_boot_prop:s0" dev="tmpfs" ino=10163 scontext=u:r:shell:s0 tcontext=u:object_r:device_config_runtime_native_boot_prop:s0 tclass=file permissive=0
09-01 20:59:38.721 10640 10640 I chatty  : uid=2000(shell) app_process identical 2 lines
09-01 20:59:38.721 10640 10640 W app_process: type=1400 audit(0.0:4876): avc: denied { read } for name="u:object_r:device_config_runtime_native_boot_prop:s0" dev="tmpfs" ino=10163 scontext=u:r:shell:s0 tcontext=u:object_r:device_config_runtime_native_boot_prop:s0 tclass=file permissive=0
09-01 20:59:38.723 10640 10640 E libc    : Access denied finding property "persist.device_config.runtime_native_boot.profilebootclasspath"
09-01 20:59:38.723 10640 10640 E libc    : Access denied finding property "persist.device_config.runtime_native_boot.enable_apex_image"
09-01 20:59:38.723 10640 10640 I AndroidRuntime: Using default boot image
09-01 20:59:38.723 10640 10640 E libc    : Access denied finding property "persist.device_config.runtime_native_boot.disable_lock_profiling"
09-01 20:59:38.723 10640 10640 I AndroidRuntime: Leaving lock profiling enabled
09-01 20:59:38.724 10640 10640 E libc    : Access denied finding property "persist.device_config.runtime_native_boot.enable_generational_cc"
09-01 20:59:38.781 10640 10640 D app_process: Time zone APEX ICU file found: /apex/com.android.tzdata/etc/icu/icu_tzdata.dat
09-01 20:59:38.781 10640 10640 D app_process: I18n APEX ICU file found: /apex/com.android.i18n/etc/icu/icudt66l.dat
09-01 20:59:38.789 10640 10640 I app_process: The ClassLoaderContext is a special shared library.
09-01 20:59:38.801 10640 10640 W app_process: JNI RegisterNativeMethods: attempt to register 0 native methods for android.media.AudioAttributes
09-01 20:59:38.804 10640 10640 D AndroidRuntime: Calling main entry com.android.commands.input.Input
09-01 20:59:38.814 10640 10640 D AndroidRuntime: Shutting down VM
09-01 20:59:38.922   901  2806 I sensors-hal: [ssc_utils]get_qmi_debug_flag:244, support_qmi_debug : false
09-01 20:59:38.965   901  1000 W ASH     : @ 39965.418: Unhandled msg ID 999: line 1277
09-01 20:59:38.967   901  1000 E ASH     : @ 39965.418: No pb callback assigned
09-01 20:59:38.967   901  1000 E ASH     : @ 39965.418: Nanopb error: callback failed:1588
09-01 20:59:39.025  9191  9266 I cr_omaha: Attempting to schedule next job for: Fri Sep 01 21:21:07 GMT+02:00 2023
09-01 20:59:39.061  9191  9191 I cr_omaha: Scheduled using JobService
09-01 20:59:39.065  9191  9191 E cr_BkgrdTaskJS: Tried finishing non-current BackgroundTask.
09-01 20:59:39.088  1513  2013 W UriGrantsManagerService: No permission grants found for com.google.android.apps.photos
09-01 20:59:39.129  1513  2013 I chatty  : uid=1000(system) Binder:1513_4 identical 2 lines
09-01 20:59:39.130  1513  2013 W UriGrantsManagerService: No permission grants found for com.google.android.apps.photos
09-01 20:59:39.164  1513  4617 W UriGrantsManagerService: No permission grants found for com.google.android.apps.photos
09-01 20:59:39.164  1513  4617 W UriGrantsManagerService: No permission grants found for com.google.android.apps.photos
09-01 20:59:39.332   901  2806 I sensors-hal: [ssc_utils]get_qmi_debug_flag:244, support_qmi_debug : false
09-01 20:59:39.365   901  1000 W ASH     : @ 39965.818: Unhandled msg ID 999: line 1277
09-01 20:59:39.365   901  1000 E ASH     : @ 39965.818: No pb callback assigned
09-01 20:59:39.365   901  1000 E ASH     : @ 39965.818: Nanopb error: callback failed:1588
09-01 20:59:39.405   901  1000 I ASH     : @ 39965.858: tcs3701: ADC is saturated, removed sample from FIFO.
09-01 20:59:39.427 10672 10674 I cmd     : oneway function results will be dropped but finished with status OK and parcel size 4
09-01 20:59:39.433  9134  9134 I BatteryMgr:DataCollectionService: onStartCommand: begin
09-01 20:59:39.434  9134  9134 I BatteryMgr:DataCollectionService: onStartCommand: sampleRate => 100
09-01 20:59:39.434  9134  9134 I BatteryMgr:DataCollectionService: onStartCommand: rawFields => Timestamp,BATTERY_PROPERTY_CURRENT_NOW,EXTRA_VOLTAGE
09-01 20:59:39.435  9134  9134 I BatteryMgr:DataCollectionService: onStartCommand: notification done
09-01 20:59:39.437  1513  9003 D CompatibilityChangeReporter: Compat change id reported: 136219221; UID 10260; state: ENABLED
09-01 20:59:39.437  9134  9134 I BatteryMgr:DataCollectionService: started foreground
09-01 20:59:39.459  9134 10675 I BatteryMgr:DataCollectionService: collectData: begin
09-01 20:59:39.461  9134 10675 I BatteryMgr:DataCollectionService: stats => 1693594779461,9460,4408
09-01 20:59:39.565  9134 10675 I BatteryMgr:DataCollectionService: stats => 1693594779565,9460,4408
09-01 20:59:39.642  1513  1513 D NotificationService: 0|com.example.batterymanager_utility|1|null|10260: granting content://settings/system/notification_sound
09-01 20:59:39.644  1513  1513 I chatty  : uid=1000(system) Binder:1513_3 identical 3 lines
09-01 20:59:39.645  1513  1513 D NotificationService: 0|com.example.batterymanager_utility|1|null|10260: granting content://settings/system/notification_sound
09-01 20:59:39.648  1513  1513 W NotificationHistory: Attempted to add notif for locked/gone/disabled user 0
09-01 20:59:39.658  2062  2062 D InterruptionStateProvider: No bubble up: not allowed to bubble: 0|com.example.batterymanager_utility|1|null|10260
09-01 20:59:39.658  2062  2062 D InterruptionStateProvider: No heads up: unimportant notification: 0|com.example.batterymanager_utility|1|null|10260
09-01 20:59:39.669  9134 10675 I BatteryMgr:DataCollectionService: stats => 1693594779669,9460,4408
09-01 20:59:39.698   901  2806 I sensors-hal: [ssc_utils]get_qmi_debug_flag:244, support_qmi_debug : false
09-01 20:59:39.728   901  1000 W ASH     : @ 39966.180: Unhandled msg ID 999: line 1277
09-01 20:59:39.728   901  1000 E ASH     : @ 39966.180: No pb callback assigned
09-01 20:59:39.728   901  1000 E ASH     : @ 39966.180: Nanopb error: callback failed:1588
09-01 20:59:39.772  9134 10675 I BatteryMgr:DataCollectionService: stats => 1693594779772,9460,4408
09-01 20:59:39.876  9134 10675 I BatteryMgr:DataCollectionService: stats => 1693594779876,9460,4408
09-01 20:59:39.980  9134 10675 I BatteryMgr:DataCollectionService: stats => 1693594779980,9460,4408
09-01 20:59:40.045   901  2806 I sensors-hal: [ssc_utils]get_qmi_debug_flag:244, support_qmi_debug : false
09-01 20:59:40.084  9134 10675 I BatteryMgr:DataCollectionService: stats => 1693594780084,9460,4408
09-01 20:59:40.085   901  1000 W ASH     : @ 39966.538: Unhandled msg ID 999: line 1277
09-01 20:59:40.085   901  1000 E ASH     : @ 39966.538: No pb callback assigned
09-01 20:59:40.086   901  1000 E ASH     : @ 39966.538: Nanopb error: callback failed:1588
09-01 20:59:40.165   901  1000 D VSC     : @ 39966.618: [WO] tilt angle 89
09-01 20:59:40.178  1513  2000 D ConnectivityService: NetReassign [no changes]
09-01 20:59:40.189  9134 10675 I BatteryMgr:DataCollectionService: stats => 1693594780189,9460,4408
09-01 20:59:40.241   901  2806 I sensors-hal: [ssc_utils]get_qmi_debug_flag:244, support_qmi_debug : false
09-01 20:59:40.243   594 28441 I SDM     : HWDeviceDRM::UpdateMixerAttributes: Mixer WxH 1080x2340-1 for Peripheral
09-01 20:59:40.243   594 28441 I SDM     : DisplayBase::SetActiveConfig: Active configuration changed to: 0
09-01 20:59:40.243   594 28441 I SDM     : StrategyImpl::SetIdleTimeoutMs: Idle timeout set to zero for command mode panels
09-01 20:59:40.256   901  2806 I sensors-hal: [ssc_utils]get_qmi_debug_flag:244, support_qmi_debug : false
09-01 20:59:40.265  1513  1572 I DisplayManagerService: Display device changed: DisplayDeviceInfo{"Built-in Screen": uniqueId="local:19260504575090817", 1080 x 2340, modeId 2, defaultModeId 2, supportedModes [{id=1, width=1080, height=2340, fps=90.0}, {id=2, width=1080, height=2340, fps=60.000004}], colorMode 0, supportedColorModes [0, 7, 9], HdrCapabilities HdrCapabilities{mSupportedHdrTypes=[2, 3, 4], mMaxLuminance=500.0, mMaxAverageLuminance=500.0, mMinLuminance=0.0}, allmSupported false, gameContentTypeSupported false, density 440, 435.428 x 433.839 dpi, appVsyncOff 2333332, presDeadline 11500000, cutout DisplayCutout{insets=Rect(0, 136 - 0, 0) waterfall=Insets{left=0, top=0, right=0, bottom=0} boundingRect={Bounds=[Rect(0, 0 - 0, 0), Rect(0, 0 - 136, 136), Rect(0, 0 - 0, 0), Rect(0, 0 - 0, 0)]}}, touch INTERNAL, rotation 0, type INTERNAL, address {port=129, model=0x446d53ad64a0}, deviceProductInfo DeviceProductInfo{name=, manufacturerPnpId=QCM, productId=1, modelYear=null, manufactureDate=ManufactureDate{week=27, year=2006}, relativeAddress=null}, state ON, FLAG_DEFAULT_DISPLAY, FLAG_ROTATES_WITH_CONTENT, FLAG_SECURE, FLAG_SUPPORTS_PROTECTED_BUFFERS}
09-01 20:59:40.267   594 28441 I SDM     : StrategyImpl::SetIdleTimeoutMs: Idle timeout set to zero for command mode panels
09-01 20:59:40.285   901  1000 W ASH     : @ 39966.738: Unhandled msg ID 999: line 1277
09-01 20:59:40.285   901  1000 E ASH     : @ 39966.738: No pb callback assigned
09-01 20:59:40.285   901  1000 E ASH     : @ 39966.738: Nanopb error: callback failed:1588
09-01 20:59:40.294  9134 10675 I BatteryMgr:DataCollectionService: stats => 1693594780294,9460,4408
09-01 20:59:40.399  9134 10675 I BatteryMgr:DataCollectionService: stats => 1693594780398,9460,4408
09-01 20:59:40.504  9134 10675 I BatteryMgr:DataCollectionService: stats => 1693594780503,9460,4408
09-01 20:59:40.607  9134 10675 I BatteryMgr:DataCollectionService: stats => 1693594780607,9460,4408
09-01 20:59:40.713  9134 10675 I BatteryMgr:DataCollectionService: stats => 1693594780712,9460,4408
09-01 20:59:40.817  9134 10675 I BatteryMgr:DataCollectionService: stats => 1693594780816,9460,4408
09-01 20:59:40.921  9134 10675 I BatteryMgr:DataCollectionService: stats => 1693594780921,9460,4408
09-01 20:59:41.026  9134 10675 I BatteryMgr:DataCollectionService: stats => 1693594781026,9460,4408
09-01 20:59:41.131  9134 10675 I BatteryMgr:DataCollectionService: stats => 1693594781131,9460,4408
09-01 20:59:41.237  9134 10675 I BatteryMgr:DataCollectionService: stats => 1693594781237,9460,4408
09-01 20:59:41.343  9134 10675 I BatteryMgr:DataCollectionService: stats => 1693594781343,9460,4408
09-01 20:59:41.449  9134 10675 I BatteryMgr:DataCollectionService: stats => 1693594781449,9460,4408
09-01 20:59:41.554  9134 10675 I BatteryMgr:DataCollectionService: stats => 1693594781554,9460,4408
09-01 20:59:41.659  9134 10675 I BatteryMgr:DataCollectionService: stats => 1693594781659,9460,4408
09-01 20:59:41.764  9134 10675 I BatteryMgr:DataCollectionService: stats => 1693594781764,9460,4408
09-01 20:59:41.869  9134 10675 I BatteryMgr:DataCollectionService: stats => 1693594781869,9460,4408
09-01 20:59:41.972  9134 10675 I BatteryMgr:DataCollectionService: stats => 1693594781972,9460,4408
09-01 20:59:42.078  9134 10675 I BatteryMgr:DataCollectionService: stats => 1693594782078,9460,4408
