09-01 21:02:47.711  1513  1567 W Looper  : Slow dispatch took 269ms android.ui h=com.android.server.am.ActivityManagerService$UiHandler c=null m=53
09-01 21:02:47.711  1513  1567 W Looper  : Slow delivery took 325ms android.ui h=com.android.server.am.ActivityManagerService$UiHandler c=null m=32
09-01 21:02:47.714  1513  1567 W Looper  : Drained
09-01 21:02:48.141   901  1000 D VSC     : @ 40154.593: [WO] tilt angle 89
09-01 21:02:48.545   901  2806 I sensors-hal: [ssc_utils]get_qmi_debug_flag:244, support_qmi_debug : false
09-01 21:02:48.561   901  2806 I sensors-hal: [ssc_utils]get_qmi_debug_flag:244, support_qmi_debug : false
09-01 21:02:48.565   901  1000 W ASH     : @ 40155.018: Unhandled msg ID 999: line 1277
09-01 21:02:48.565   901  1000 E ASH     : @ 40155.018: No pb callback assigned
09-01 21:02:48.565   901  1000 E ASH     : @ 40155.018: Nanopb error: callback failed:1588
09-01 21:02:48.605   901  1000 W ASH     : @ 40155.058: Unhandled msg ID 999: line 1277
09-01 21:02:48.605   901  1000 E ASH     : @ 40155.058: No pb callback assigned
09-01 21:02:48.606   901  1000 E ASH     : @ 40155.058: Nanopb error: callback failed:1588
09-01 21:02:48.658   901  2806 I sensors-hal: [ssc_utils]get_qmi_debug_flag:244, support_qmi_debug : false
09-01 21:02:48.685   901  1000 W ASH     : @ 40155.138: Unhandled msg ID 999: line 1277
09-01 21:02:48.685   901  1000 E ASH     : @ 40155.138: No pb callback assigned
09-01 21:02:48.685   901  1000 E ASH     : @ 40155.138: Nanopb error: callback failed:1588
09-01 21:02:50.097  1513  3230 I ActivityManager: Force stopping com.example.batterymanager_utility appid=10260 user=0: from pid 14865
09-01 21:02:50.098  1513  3230 I ActivityManager: Killing 12998:com.example.batterymanager_utility/u0a260 (adj 0): stop com.example.batterymanager_utility due to from pid 14865
09-01 21:02:50.099  1513  3230 W ActivityTaskManager: Force removing ActivityRecord{5fa80a7 u0 com.example.batterymanager_utility/.MainActivity t1629 f}}: app died, no saved state
09-01 21:02:50.104   901  2806 I sensors-hal: [ssc_utils]get_qmi_debug_flag:244, support_qmi_debug : false
09-01 21:02:50.123 14865 14867 I cmd     : oneway function results will be dropped but finished with status OK and parcel size 4
09-01 21:02:50.125   901  1000 W ASH     : @ 40156.578: Unhandled msg ID 999: line 1277
09-01 21:02:50.125   901  1000 E ASH     : @ 40156.578: No pb callback assigned
09-01 21:02:50.125   901  1000 E ASH     : @ 40156.578: Nanopb error: callback failed:1588
09-01 21:02:50.129  2474  2474 E PhoneInterfaceManager: [PhoneIntfMgr] getCarrierPackageNamesForIntentAndPhone: No UICC
09-01 21:02:50.129  2474  2474 D CarrierSvcBindHelper: No carrier app for: 0
09-01 21:02:50.129  3135  3135 D RegisteredNfcFServicesCache: Service unchanged, not updating
09-01 21:02:50.134  8777 14871 I EuiccGoogle: [6452] EuiccServiceImpl.onGetEuiccProfileInfoList: onGetEuiccProfileInfoList: slotId = -1
09-01 21:02:50.137  3088  3642 I AssistantForeground: (REDACTED) Get launcher package: %s
09-01 21:02:50.138   901  1000 D VSC     : @ 40156.590: [WO] tilt angle 89
09-01 21:02:50.139  8777 14871 W EuiccGoogle: [6452] EuiccServiceImpl.onGetEuiccProfileInfoList: slotId=-1. No eUICC is active. Return null.
09-01 21:02:50.149   778   778 I Zygote  : Process 12998 exited due to signal 9 (Killed)
09-01 21:02:50.153  1513  1572 W ActivityManager: setHasOverlayUi called on unknown pid: 12998
09-01 21:02:50.159  3088  3088 I GsaVoiceInteractionSrv: Handling ACTION_START_HOTWORD
09-01 21:02:50.159  3088  3580 I GsaVoiceInteractionSrv: (REDACTED) disregardVoiceMatch: %b
09-01 21:02:50.159  3088  3580 I GsaVoiceInteractionSrv: Cannot start hotword, hotword has been explicitly disabled.
09-01 21:02:50.161  1513  1640 I libprocessgroup: Successfully killed process cgroup uid 10260 pid 12998 in 62ms
09-01 21:02:50.172  2158  2158 I WallpaperService: engine resumed
09-01 21:02:50.173   901   901 I sensors-hal: [hal]batch_physical_sensor:301, android.sensor.gyroscope/41, period=20000000, max_latency=0
09-01 21:02:50.173   901   901 I sensors-hal: [hal]batch_physical_sensor:310, android.sensor.gyroscope/41, period=20000000, max_latency=0 request completed
09-01 21:02:50.174   901   901 W sensors@2.0-ser: type=1400 audit(0.0:4913): avc: denied { read write } for name="diag" dev="tmpfs" ino=12474 scontext=u:r:hal_sensors_default:s0 tcontext=u:object_r:diag_device:s0 tclass=chr_file permissive=0
09-01 21:02:50.174   901   901 W sensors@2.0-ser: type=1400 audit(0.0:4914): avc: denied { read write } for name="diag" dev="tmpfs" ino=12474 scontext=u:r:hal_sensors_default:s0 tcontext=u:object_r:diag_device:s0 tclass=chr_file permissive=0
09-01 21:02:50.174   901   901 I sensors-hal: [hal]activate_physical_sensor:238, android.sensor.gyroscope/41 en=1
09-01 21:02:50.174   901   901 I sensors-hal: [ssc_utils]get_qmi_debug_flag:244, support_qmi_debug : false
09-01 21:02:50.179   901   901 D Diag_Lib:  Diag_LSM_Init: Failed to open handle to diag driver, error = 13
09-01 21:02:50.179   901   901 D Diag_Lib:  Diag_LSM_Init: Failed to open handle to diag driver, error = 13
09-01 21:02:50.179   901   901 I sensors-hal: [ssc_sensor]update_handle:537, handle=331, type=33, wakeup=0, hwid=0, base=331
09-01 21:02:50.179   901   901 I sensors-hal: [ssc_utils]get_qmi_debug_flag:244, support_qmi_debug : false
09-01 21:02:50.180  2858  2858 I GoogleInputMethodService: GoogleInputMethodService.onFinishInput():3280 
09-01 21:02:50.182  2858  2858 I GoogleInputMethodService: GoogleInputMethodService.updateDeviceLockedStatus():2169 repeatCheckTimes = 0, unlocked = true
09-01 21:02:50.182  2858  2858 I GoogleInputMethodService: GoogleInputMethodService.onStartInput():1960 onStartInput(EditorInfo{inputType=0x0(NULL) imeOptions=0x0 privateImeOptions=null actionName=UNSPECIFIED actionLabel=null actionId=0 initialSelStart=-1 initialSelEnd=-1 initialCapsMode=0x0 hintText=null label=null packageName=com.google.android.apps.nexuslauncher fieldId=-1 fieldName=null extras=null}, false)
09-01 21:02:50.182  2858  2858 I GoogleInputMethodService: GoogleInputMethodService.shouldHideHeaderOnInitialState():4081 ShouldHideHeaderOnInitialState = false
09-01 21:02:50.183  2858  2858 I GoogleInputMethodService: GoogleInputMethodService.updateDeviceLockedStatus():2169 repeatCheckTimes = 2, unlocked = true
09-01 21:02:50.183   901   901 I sensors-hal: [ssc_utils]get_qmi_debug_flag:244, support_qmi_debug : false
09-01 21:02:50.184   901 14879 I sensors-hal: [ssc_sensor]ssc_conn_resp_cb:663, resp_value = 0
09-01 21:02:50.184   901  1000 W SEE     : @ 40156.637: adding req to Q sensor=8 req=0xb2027cd8 msg=513
09-01 21:02:50.186   901 14879 I sensors-hal: [sensor]submit_sensors_hal_event:146, android.sensor.additional_info: trying to push empty Events, count = 0
09-01 21:02:50.186   901 14879 I sensors-hal: [sensor]submit_sensors_hal_event:146, android.sensor.additional_info: trying to push empty Events, count = 0
09-01 21:02:50.187   901   901 I sensors-hal: [hal]activate_physical_sensor:249, android.sensor.gyroscope/41 en=1 completed
09-01 21:02:50.188   901 14883 I sensors-hal: [ssc_sensor]ssc_conn_resp_cb:663, resp_value = 0
09-01 21:02:50.188   901  1000 W SEE     : @ 40156.641: adding req to Q sensor=2 req=0xb20276d8 msg=513
09-01 21:02:50.190   901 14883 I sensors-hal: [sensor]submit_sensors_hal_event:146, android.sensor.gyroscope: trying to push empty Events, count = 1
09-01 21:02:50.191   901 14883 I chatty  : uid=1000(system) 41_see identical 2 lines
09-01 21:02:50.194   901 14883 I sensors-hal: [sensor]submit_sensors_hal_event:146, android.sensor.gyroscope: trying to push empty Events, count = 1
09-01 21:02:50.498   901  2806 I sensors-hal: [ssc_utils]get_qmi_debug_flag:244, support_qmi_debug : false
09-01 21:02:50.510  1513  2000 D ConnectivityService: NetReassign [no changes]
09-01 21:02:50.525   901  1000 W ASH     : @ 40156.978: Unhandled msg ID 999: line 1277
09-01 21:02:50.525   901  1000 E ASH     : @ 40156.978: No pb callback assigned
09-01 21:02:50.525   901  1000 E ASH     : @ 40156.978: Nanopb error: callback failed:1588
09-01 21:02:51.213   901  2806 I sensors-hal: [ssc_utils]get_qmi_debug_flag:244, support_qmi_debug : false
09-01 21:02:51.246   901  1000 W ASH     : @ 40157.698: Unhandled msg ID 999: line 1277
09-01 21:02:51.246   901  1000 E ASH     : @ 40157.698: No pb callback assigned
09-01 21:02:51.246   901  1000 E ASH     : @ 40157.698: Nanopb error: callback failed:1588
09-01 21:02:51.322   901  2806 I sensors-hal: [ssc_utils]get_qmi_debug_flag:244, support_qmi_debug : false
09-01 21:02:51.365   901  1000 W ASH     : @ 40157.818: Unhandled msg ID 999: line 1277
09-01 21:02:51.366   901  1000 E ASH     : @ 40157.818: No pb callback assigned
09-01 21:02:51.366   901  1000 E ASH     : @ 40157.818: Nanopb error: callback failed:1588
09-01 21:02:52.166   901  1000 D VSC     : @ 40158.618: [WO] tilt angle 89
09-01 21:02:52.223   594   655 I SDM     : HWDeviceDRM::UpdateMixerAttributes: Mixer WxH 1080x2340-1 for Peripheral
09-01 21:02:52.223   594   655 I SDM     : DisplayBase::SetActiveConfig: Active configuration changed to: 0
09-01 21:02:52.223   594   655 I SDM     : StrategyImpl::SetIdleTimeoutMs: Idle timeout set to zero for command mode panels
09-01 21:02:52.227   901  2806 I sensors-hal: [ssc_utils]get_qmi_debug_flag:244, support_qmi_debug : false
09-01 21:02:52.238   901  2806 I sensors-hal: [ssc_utils]get_qmi_debug_flag:244, support_qmi_debug : false
09-01 21:02:52.243  1513  1572 I DisplayManagerService: Display device changed: DisplayDeviceInfo{"Built-in Screen": uniqueId="local:19260504575090817", 1080 x 2340, modeId 2, defaultModeId 2, supportedModes [{id=1, width=1080, height=2340, fps=90.0}, {id=2, width=1080, height=2340, fps=60.000004}], colorMode 0, supportedColorModes [0, 7, 9], HdrCapabilities HdrCapabilities{mSupportedHdrTypes=[2, 3, 4], mMaxLuminance=500.0, mMaxAverageLuminance=500.0, mMinLuminance=0.0}, allmSupported false, gameContentTypeSupported false, density 440, 435.428 x 433.839 dpi, appVsyncOff 2333332, presDeadline 11500000, cutout DisplayCutout{insets=Rect(0, 136 - 0, 0) waterfall=Insets{left=0, top=0, right=0, bottom=0} boundingRect={Bounds=[Rect(0, 0 - 0, 0), Rect(0, 0 - 136, 136), Rect(0, 0 - 0, 0), Rect(0, 0 - 0, 0)]}}, touch INTERNAL, rotation 0, type INTERNAL, address {port=129, model=0x446d53ad64a0}, deviceProductInfo DeviceProductInfo{name=, manufacturerPnpId=QCM, productId=1, modelYear=null, manufactureDate=ManufactureDate{week=27, year=2006}, relativeAddress=null}, state ON, FLAG_DEFAULT_DISPLAY, FLAG_ROTATES_WITH_CONTENT, FLAG_SECURE, FLAG_SUPPORTS_PROTECTED_BUFFERS}
09-01 21:02:52.244   594   655 I SDM     : StrategyImpl::SetIdleTimeoutMs: Idle timeout set to zero for command mode panels
09-01 21:02:52.248   901  1000 W ASH     : @ 40158.698: Unhandled msg ID 999: line 1277
09-01 21:02:52.248   901  1000 E ASH     : @ 40158.698: No pb callback assigned
09-01 21:02:52.248   901  1000 E ASH     : @ 40158.698: Nanopb error: callback failed:1588
09-01 21:02:52.286   901  1000 W ASH     : @ 40158.738: Unhandled msg ID 999: line 1277
09-01 21:02:52.286   901  1000 E ASH     : @ 40158.738: No pb callback assigned
09-01 21:02:52.286   901  1000 E ASH     : @ 40158.738: Nanopb error: callback failed:1588
09-01 21:02:52.708  1513  1513 W ActivityManager: type=1400 audit(0.0:4915): avc: denied { getpgid } for scontext=u:r:system_server:s0 tcontext=u:r:app_zygote:s0:c512,c768 tclass=process permissive=0
09-01 21:02:52.708  1513  1513 W ActivityManager: type=1400 audit(0.0:4916): avc: denied { getpgid } for scontext=u:r:system_server:s0 tcontext=u:r:app_zygote:s0:c512,c768 tclass=process permissive=0
09-01 21:02:52.711  1513  1624 E libprocessgroup: getpgid(13109) failed: Permission denied
09-01 21:02:52.714  1513  1513 W ActivityManager: type=1400 audit(0.0:4917): avc: denied { getpgid } for scontext=u:r:system_server:s0 tcontext=u:r:app_zygote:s0:c512,c768 tclass=process permissive=0
09-01 21:02:52.714  1513  1513 I chatty  : uid=1000(system) Binder:1513_3 identical 1 line
09-01 21:02:52.717  1513  1624 E libprocessgroup: getpgid(13109) failed: Permission denied
09-01 21:02:52.721  1513  1513 W ActivityManager: type=1400 audit(0.0:4919): avc: denied { getpgid } for scontext=u:r:system_server:s0 tcontext=u:r:app_zygote:s0:c512,c768 tclass=process permissive=0
09-01 21:02:52.724  1513  1624 E libprocessgroup: getpgid(13109) failed: Permission denied
09-01 21:02:52.726   778   778 I Zygote  : Process 13109 exited due to signal 9 (Killed)
09-01 21:02:52.730  1513  1624 I libprocessgroup: Successfully killed process cgroup uid 10220 pid 13109 in 19ms
09-01 21:02:53.538  1513  2000 D ConnectivityService: NetReassign [no changes]
09-01 21:02:54.166   901  1000 D VSC     : @ 40160.618: [WO] tilt angle 89
