09-02 00:47:41.805 25632 25632 D NetworkSecurityConfig: Using Network Security Config from resource 0_resource_name_obfuscated debugBuild: false
09-02 00:47:41.807 25632 25632 I cr_SplitCompatApp: Launched version=107.0.5304.91 minSdkVersion=29 isBundle=true processName=com.android.chrome:sandboxed_process0:org.chromium.content.app.SandboxedProcessService0:14 isIsolated=true
09-02 00:47:41.807  1513  8503 D CompatibilityChangeReporter: Compat change id reported: 135634846; UID 10220; state: DISABLED
09-02 00:47:41.807  1513  8503 D CompatibilityChangeReporter: Compat change id reported: 135754954; UID 10220; state: ENABLED
09-02 00:47:41.811 25131 25131 E cr_IntentUtils: getBooleanExtra failed on intent null
09-02 00:47:41.811 25131 25131 E cr_IntentUtils: getBooleanExtra failed on intent null
09-02 00:47:41.811 25184 25184 D Zygote  : Forked child process 25684
09-02 00:47:41.813  1513  1625 W ActivityManager: Slow operation: 345ms so far, now at startProcess: returned from zygote!
09-02 00:47:41.814  1513  1625 W ActivityManager: Slow operation: 345ms so far, now at startProcess: done updating battery stats
09-02 00:47:41.814  1513  1625 W ActivityManager: Slow operation: 345ms so far, now at startProcess: building log message
09-02 00:47:41.814  1513  1625 I ActivityManager: Start proc 25684:com.android.chrome:sandboxed_process0:org.chromium.content.app.SandboxedProcessService0:16/u0ai16 for  {com.android.chrome/org.chromium.content.app.SandboxedProcessService0:16}
09-02 00:47:41.814  1513  1625 W ActivityManager: Slow operation: 345ms so far, now at startProcess: starting to update pids map
09-02 00:47:41.814  1513  1625 W ActivityManager: Slow operation: 346ms so far, now at startProcess: done updating pids map
09-02 00:47:41.814  1513  1625 W ActivityManager: Slow operation: 327ms so far, now at startProcess: asking zygote to start proc
09-02 00:47:41.815  1513  1625 D CompatibilityChangeReporter: Compat change id reported: 143937733; UID 10220; state: ENABLED
09-02 00:47:41.816 25564 25598 I cr_LibraryLoader: Using ModernLinker
09-02 00:47:41.818 25564 25598 W linker  : Warning: "/data/app/~~_KLlx60MH8CoecPTjMKp8g==/com.android.chrome-kw9RHYrlHKb9bPXi8OTClw==/base.apk!/lib/arm64-v8a/libchromium_android_linker.so" unused DT entry: unknown processor-specific (type 0x70000001 arg 0x0) (ignoring)
09-02 00:47:41.822 25609 25630 I cr_LibraryLoader: Using ModernLinker
09-02 00:47:41.828 25654 25654 I LoadedApk: No resource references to update in package com.google.android.trichromelibrary
09-02 00:47:41.829 25654 25654 D NetworkSecurityConfig: Using Network Security Config from resource 0_resource_name_obfuscated debugBuild: false
09-02 00:47:41.829 25131 25131 I cr_tabmodel: #isIncognitoTabBeingRestored from tabDetails:  false
09-02 00:47:41.829 25131 25131 I cr_tabmodel: #isIncognitoTabBeingRestored from tabDetails:  false
09-02 00:47:41.829 25131 25131 W cr_tabmodel: Failed to restore TabState; creating Tab with last known URL.
09-02 00:47:41.830 25654 25654 D NetworkSecurityConfig: Using Network Security Config from resource 0_resource_name_obfuscated debugBuild: false
09-02 00:47:41.831 25654 25654 I cr_SplitCompatApp: Launched version=107.0.5304.91 minSdkVersion=29 isBundle=true processName=com.android.chrome:sandboxed_process0:org.chromium.content.app.SandboxedProcessService0:15 isIsolated=true
09-02 00:47:41.831 25609 25630 W linker  : Warning: "/data/app/~~_KLlx60MH8CoecPTjMKp8g==/com.android.chrome-kw9RHYrlHKb9bPXi8OTClw==/base.apk!/lib/arm64-v8a/libchromium_android_linker.so" unused DT entry: unknown processor-specific (type 0x70000001 arg 0x0) (ignoring)
09-02 00:47:41.834 25564 25675 I cr_LibraryLoader: Successfully loaded native library
09-02 00:47:41.834 25564 25675 I cr_CachingUmaRecorder: Flushed 3 samples from 3 histograms.
09-02 00:47:41.835 25632 25632 W SystemServiceRegistry: No service published for: uimode
09-02 00:47:41.839 25684 25684 E libc    : SetHeapTaggingLevel: re-enabling tagging after it was disabled is not supported
09-02 00:47:41.844 25609 25680 I cr_LibraryLoader: Successfully loaded native library
09-02 00:47:41.848 25654 25654 W SystemServiceRegistry: No service published for: uimode
09-02 00:47:41.853 25131 25131 E cr_IntentUtils: getBooleanExtra failed on intent null
09-02 00:47:41.853 25131 25131 E cr_IntentUtils: getBooleanExtra failed on intent null
09-02 00:47:41.855 25654 25654 I cr_ChildProcessService: Creating new ChildProcessService pid=25654
09-02 00:47:41.862 25684 25684 E cessService0:1: Not starting debugger since process cannot load the jdwp agent.
09-02 00:47:41.863 25632 25632 I cr_ChildProcessService: Creating new ChildProcessService pid=25632
09-02 00:47:41.863 25131 25131 I cr_tabmodel: #isIncognitoTabBeingRestored from tabDetails:  false
09-02 00:47:41.863 25131 25131 I cr_tabmodel: #isIncognitoTabBeingRestored from tabDetails:  false
09-02 00:47:41.863 25131 25131 W cr_tabmodel: Failed to restore TabState; creating Tab with last known URL.
09-02 00:47:41.865 25184 25184 D Zygote  : Forked child process 25705
09-02 00:47:41.870  1513  1625 W ActivityManager: Slow operation: 383ms so far, now at startProcess: returned from zygote!
09-02 00:47:41.871  1513  1625 W ActivityManager: Slow operation: 383ms so far, now at startProcess: done updating battery stats
09-02 00:47:41.871  1513  1625 W ActivityManager: Slow operation: 383ms so far, now at startProcess: building log message
09-02 00:47:41.871  1513  1625 I ActivityManager: Start proc 25705:com.android.chrome:sandboxed_process0:org.chromium.content.app.SandboxedProcessService0:17/u0ai17 for  {com.android.chrome/org.chromium.content.app.SandboxedProcessService0:17}
09-02 00:47:41.871  1513  1625 W ActivityManager: Slow operation: 383ms so far, now at startProcess: starting to update pids map
09-02 00:47:41.872  1513  1625 W ActivityManager: Slow operation: 385ms so far, now at startProcess: done updating pids map
09-02 00:47:41.872  1513  1625 W ActivityManager: Slow operation: 362ms so far, now at startProcess: asking zygote to start proc
09-02 00:47:41.872 25609 25680 I cr_CachingUmaRecorder: Flushed 3 samples from 3 histograms.
09-02 00:47:41.876 25705 25705 E libc    : SetHeapTaggingLevel: re-enabling tagging after it was disabled is not supported
09-02 00:47:41.883 25654 25683 I cr_LibraryLoader: Using ModernLinker
09-02 00:47:41.886 25632 25648 I cr_LibraryLoader: Using ModernLinker
09-02 00:47:41.887 25654 25683 W linker  : Warning: "/data/app/~~_KLlx60MH8CoecPTjMKp8g==/com.android.chrome-kw9RHYrlHKb9bPXi8OTClw==/base.apk!/lib/arm64-v8a/libchromium_android_linker.so" unused DT entry: unknown processor-specific (type 0x70000001 arg 0x0) (ignoring)
09-02 00:47:41.887 25131 25131 E cr_IntentUtils: getBooleanExtra failed on intent null
09-02 00:47:41.887 25131 25131 E cr_IntentUtils: getBooleanExtra failed on intent null
09-02 00:47:41.888 25654 25683 E cr_ChromiumAndroidLinker: ReserveAddressWithHint: Address range starting at 0x7a37602000 was not free to use
09-02 00:47:41.893 25632 25648 W linker  : Warning: "/data/app/~~_KLlx60MH8CoecPTjMKp8g==/com.android.chrome-kw9RHYrlHKb9bPXi8OTClw==/base.apk!/lib/arm64-v8a/libchromium_android_linker.so" unused DT entry: unknown processor-specific (type 0x70000001 arg 0x0) (ignoring)
09-02 00:47:41.894 25131 25131 I cr_tabmodel: #isIncognitoTabBeingRestored from tabDetails:  false
09-02 00:47:41.894 25131 25131 I cr_tabmodel: #isIncognitoTabBeingRestored from tabDetails:  false
09-02 00:47:41.894 25131 25131 W cr_tabmodel: Failed to restore TabState; creating Tab with last known URL.
09-02 00:47:41.897 25184 25184 D Zygote  : Forked child process 25722
09-02 00:47:41.898 25722 25722 E libc    : SetHeapTaggingLevel: re-enabling tagging after it was disabled is not supported
09-02 00:47:41.899  1513  1625 W ActivityManager: Slow operation: 389ms so far, now at startProcess: returned from zygote!
09-02 00:47:41.899  1513  1625 W ActivityManager: Slow operation: 389ms so far, now at startProcess: done updating battery stats
09-02 00:47:41.900  1513  1625 W ActivityManager: Slow operation: 389ms so far, now at startProcess: building log message
09-02 00:47:41.900  1513  1625 I ActivityManager: Start proc 25722:com.android.chrome:sandboxed_process0:org.chromium.content.app.SandboxedProcessService0:18/u0ai18 for  {com.android.chrome/org.chromium.content.app.SandboxedProcessService0:18}
09-02 00:47:41.900  1513  1625 W ActivityManager: Slow operation: 389ms so far, now at startProcess: starting to update pids map
09-02 00:47:41.900  1513  1625 W ActivityManager: Slow operation: 389ms so far, now at startProcess: done updating pids map
09-02 00:47:41.900  1513  1625 W ActivityManager: Slow operation: 370ms so far, now at startProcess: asking zygote to start proc
09-02 00:47:41.907 25654 25698 I cr_LibraryLoader: Successfully loaded native library
09-02 00:47:41.908 25654 25698 I cr_CachingUmaRecorder: Flushed 3 samples from 3 histograms.
09-02 00:47:41.909 25705 25705 E cessService0:1: Not starting debugger since process cannot load the jdwp agent.
09-02 00:47:41.909 25131 25131 E cr_IntentUtils: getBooleanExtra failed on intent null
09-02 00:47:41.909 25131 25131 E cr_IntentUtils: getBooleanExtra failed on intent null
09-02 00:47:41.911  1513  2180 D CompatibilityChangeReporter: Compat change id reported: 136274596; UID 10220; state: ENABLED
09-02 00:47:41.918 25632 25700 I cr_LibraryLoader: Successfully loaded native library
09-02 00:47:41.920 25184 25184 D Zygote  : Forked child process 25747
09-02 00:47:41.920 25632 25700 I cr_CachingUmaRecorder: Flushed 3 samples from 3 histograms.
09-02 00:47:41.920 25131 25131 I cr_tabmodel: #isIncognitoTabBeingRestored from tabDetails:  false
09-02 00:47:41.920 25131 25131 I cr_tabmodel: #isIncognitoTabBeingRestored from tabDetails:  false
09-02 00:47:41.921 25131 25131 W cr_tabmodel: Failed to restore TabState; creating Tab with last known URL.
09-02 00:47:41.921  1513  1625 W ActivityManager: Slow operation: 391ms so far, now at startProcess: returned from zygote!
09-02 00:47:41.921  1513  1625 W ActivityManager: Slow operation: 392ms so far, now at startProcess: done updating battery stats
09-02 00:47:41.921  1513  1625 W ActivityManager: Slow operation: 392ms so far, now at startProcess: building log message
09-02 00:47:41.921  1513  1625 I ActivityManager: Start proc 25747:com.android.chrome:sandboxed_process0:org.chromium.content.app.SandboxedProcessService0:19/u0ai19 for  {com.android.chrome/org.chromium.content.app.SandboxedProcessService0:19}
09-02 00:47:41.921  1513  1625 W ActivityManager: Slow operation: 392ms so far, now at startProcess: starting to update pids map
09-02 00:47:41.921 25747 25747 E libc    : SetHeapTaggingLevel: re-enabling tagging after it was disabled is not supported
09-02 00:47:41.921  1513  1625 W ActivityManager: Slow operation: 392ms so far, now at startProcess: done updating pids map
09-02 00:47:41.922  1513  1625 W ActivityManager: Slow operation: 371ms so far, now at startProcess: asking zygote to start proc
09-02 00:47:41.922  1513  1625 D CompatibilityChangeReporter: Compat change id reported: 143937733; UID 10220; state: ENABLED
09-02 00:47:41.927 25722 25722 E cessService0:1: Not starting debugger since process cannot load the jdwp agent.
09-02 00:47:41.931 25747 25747 E cessService0:1: Not starting debugger since process cannot load the jdwp agent.
09-02 00:47:41.939 25131 25131 E cr_IntentUtils: getBooleanExtra failed on intent null
09-02 00:47:41.939 25131 25131 E cr_IntentUtils: getBooleanExtra failed on intent null
09-02 00:47:41.942  1513  2180 D CompatibilityChangeReporter: Compat change id reported: 136274596; UID 10220; state: ENABLED
09-02 00:47:41.946 25131 25131 I cr_tabmodel: #isIncognitoTabBeingRestored from tabDetails:  false
09-02 00:47:41.946 25131 25131 I cr_tabmodel: #isIncognitoTabBeingRestored from tabDetails:  false
09-02 00:47:41.947 25131 25131 W cr_tabmodel: Failed to restore TabState; creating Tab with last known URL.
09-02 00:47:41.947  1513  2264 D CompatibilityChangeReporter: Compat change id reported: 135634846; UID 10220; state: DISABLED
09-02 00:47:41.947  1513  2264 D CompatibilityChangeReporter: Compat change id reported: 135754954; UID 10220; state: ENABLED
09-02 00:47:41.950  1513  8503 D CompatibilityChangeReporter: Compat change id reported: 136274596; UID 10220; state: ENABLED
09-02 00:47:41.951 25184 25184 D Zygote  : Forked child process 25785
09-02 00:47:41.953  1513  1625 W ActivityManager: Slow operation: 402ms so far, now at startProcess: returned from zygote!
09-02 00:47:41.955  1513  1625 W ActivityManager: Slow operation: 404ms so far, now at startProcess: done updating battery stats
09-02 00:47:41.955  1513  1625 W ActivityManager: Slow operation: 404ms so far, now at startProcess: building log message
09-02 00:47:41.955  1513  1625 I ActivityManager: Start proc 25785:com.android.chrome:sandboxed_process0:org.chromium.content.app.SandboxedProcessService0:20/u0ai20 for  {com.android.chrome/org.chromium.content.app.SandboxedProcessService0:20}
09-02 00:47:41.955  1513  1625 W ActivityManager: Slow operation: 404ms so far, now at startProcess: starting to update pids map
09-02 00:47:41.955  1513  1625 W ActivityManager: Slow operation: 404ms so far, now at startProcess: done updating pids map
09-02 00:47:41.955  1513  1625 W ActivityManager: Slow operation: 384ms so far, now at startProcess: asking zygote to start proc
09-02 00:47:41.955  1513  1625 D CompatibilityChangeReporter: Compat change id reported: 143937733; UID 10220; state: ENABLED
09-02 00:47:41.967 25131 25131 E cr_IntentUtils: getBooleanExtra failed on intent null
09-02 00:47:41.967 25131 25131 E cr_IntentUtils: getBooleanExtra failed on intent null
09-02 00:47:41.968 25785 25785 E libc    : SetHeapTaggingLevel: re-enabling tagging after it was disabled is not supported
09-02 00:47:41.971 25684 25684 I LoadedApk: No resource references to update in package com.google.android.trichromelibrary
09-02 00:47:41.972 25684 25684 D NetworkSecurityConfig: Using Network Security Config from resource 0_resource_name_obfuscated debugBuild: false
09-02 00:47:41.973 25684 25684 D NetworkSecurityConfig: Using Network Security Config from resource 0_resource_name_obfuscated debugBuild: false
09-02 00:47:41.974 25684 25684 I cr_SplitCompatApp: Launched version=107.0.5304.91 minSdkVersion=29 isBundle=true processName=com.android.chrome:sandboxed_process0:org.chromium.content.app.SandboxedProcessService0:16 isIsolated=true
09-02 00:47:41.975 25785 25785 E cessService0:2: Not starting debugger since process cannot load the jdwp agent.
09-02 00:47:41.975 25131 25131 I cr_tabmodel: #isIncognitoTabBeingRestored from tabDetails:  false
09-02 00:47:41.975 25131 25131 I cr_tabmodel: #isIncognitoTabBeingRestored from tabDetails:  false
09-02 00:47:41.976 25131 25131 W cr_tabmodel: Failed to restore TabState; creating Tab with last known URL.
09-02 00:47:41.977  1513  7910 D CompatibilityChangeReporter: Compat change id reported: 136274596; UID 10220; state: ENABLED
09-02 00:47:41.989 25684 25684 W SystemServiceRegistry: No service published for: uimode
09-02 00:47:41.989  1513  2180 D CompatibilityChangeReporter: Compat change id reported: 135634846; UID 10220; state: DISABLED
09-02 00:47:41.989  1513  2180 D CompatibilityChangeReporter: Compat change id reported: 135754954; UID 10220; state: ENABLED
09-02 00:47:41.990 25131 25131 E cr_IntentUtils: getBooleanExtra failed on intent null
09-02 00:47:41.990 25131 25131 E cr_IntentUtils: getBooleanExtra failed on intent null
09-02 00:47:41.996 25705 25705 I LoadedApk: No resource references to update in package com.google.android.trichromelibrary
09-02 00:47:41.996 25705 25705 D NetworkSecurityConfig: Using Network Security Config from resource 0_resource_name_obfuscated debugBuild: false
09-02 00:47:41.996 25131 25131 I cr_tabmodel: #isIncognitoTabBeingRestored from tabDetails:  false
09-02 00:47:41.996 25131 25131 I cr_tabmodel: #isIncognitoTabBeingRestored from tabDetails:  false
09-02 00:47:41.996 25131 25131 W cr_tabmodel: Failed to restore TabState; creating Tab with last known URL.
09-02 00:47:41.997 25684 25684 I cr_ChildProcessService: Creating new ChildProcessService pid=25684
09-02 00:47:41.997 25705 25705 D NetworkSecurityConfig: Using Network Security Config from resource 0_resource_name_obfuscated debugBuild: false
09-02 00:47:41.999 25705 25705 I cr_SplitCompatApp: Launched version=107.0.5304.91 minSdkVersion=29 isBundle=true processName=com.android.chrome:sandboxed_process0:org.chromium.content.app.SandboxedProcessService0:17 isIsolated=true
09-02 00:47:42.007 25684 25760 I cr_LibraryLoader: Using ModernLinker
09-02 00:47:42.010 25684 25760 W linker  : Warning: "/data/app/~~_KLlx60MH8CoecPTjMKp8g==/com.android.chrome-kw9RHYrlHKb9bPXi8OTClw==/base.apk!/lib/arm64-v8a/libchromium_android_linker.so" unused DT entry: unknown processor-specific (type 0x70000001 arg 0x0) (ignoring)
09-02 00:47:42.011 25684 25760 E cr_ChromiumAndroidLinker: ReserveAddressWithHint: Address range starting at 0x7a37602000 was not free to use
09-02 00:47:42.014 25722 25722 I LoadedApk: No resource references to update in package com.google.android.trichromelibrary
09-02 00:47:42.014 25722 25722 D NetworkSecurityConfig: Using Network Security Config from resource 0_resource_name_obfuscated debugBuild: false
09-02 00:47:42.016 25722 25722 D NetworkSecurityConfig: Using Network Security Config from resource 0_resource_name_obfuscated debugBuild: false
09-02 00:47:42.017 25131 25131 E cr_IntentUtils: getBooleanExtra failed on intent null
09-02 00:47:42.017 25131 25131 E cr_IntentUtils: getBooleanExtra failed on intent null
09-02 00:47:42.017 25722 25722 I cr_SplitCompatApp: Launched version=107.0.5304.91 minSdkVersion=29 isBundle=true processName=com.android.chrome:sandboxed_process0:org.chromium.content.app.SandboxedProcessService0:18 isIsolated=true
09-02 00:47:42.018  1513  2013 D CompatibilityChangeReporter: Compat change id reported: 136274596; UID 10220; state: ENABLED
09-02 00:47:42.021 25684 25807 I cr_LibraryLoader: Successfully loaded native library
09-02 00:47:42.023 25684 25807 I cr_CachingUmaRecorder: Flushed 3 samples from 3 histograms.
09-02 00:47:42.023  1513  8503 D CompatibilityChangeReporter: Compat change id reported: 135634846; UID 10220; state: DISABLED
09-02 00:47:42.023  1513  8503 D CompatibilityChangeReporter: Compat change id reported: 135754954; UID 10220; state: ENABLED
09-02 00:47:42.024 25131 25131 I cr_tabmodel: #isIncognitoTabBeingRestored from tabDetails:  false
09-02 00:47:42.024 25131 25131 I cr_tabmodel: #isIncognitoTabBeingRestored from tabDetails:  false
09-02 00:47:42.024 25131 25131 W cr_tabmodel: Failed to restore TabState; creating Tab with last known URL.
09-02 00:47:42.029 25705 25705 W SystemServiceRegistry: No service published for: uimode
09-02 00:47:42.031 25747 25747 I LoadedApk: No resource references to update in package com.google.android.trichromelibrary
09-02 00:47:42.032 25747 25747 D NetworkSecurityConfig: Using Network Security Config from resource 0_resource_name_obfuscated debugBuild: false
09-02 00:47:42.033 25747 25747 D NetworkSecurityConfig: Using Network Security Config from resource 0_resource_name_obfuscated debugBuild: false
09-02 00:47:42.038 25747 25747 I cr_SplitCompatApp: Launched version=107.0.5304.91 minSdkVersion=29 isBundle=true processName=com.android.chrome:sandboxed_process0:org.chromium.content.app.SandboxedProcessService0:19 isIsolated=true
09-02 00:47:42.045 25705 25705 I cr_ChildProcessService: Creating new ChildProcessService pid=25705
09-02 00:47:42.051 25184 25184 D Zygote  : Forked child process 25816
09-02 00:47:42.054 25722 25722 W SystemServiceRegistry: No service published for: uimode
09-02 00:47:42.054 25131 25131 E cr_IntentUtils: getBooleanExtra failed on intent null
09-02 00:47:42.054 25131 25131 E cr_IntentUtils: getBooleanExtra failed on intent null
09-02 00:47:42.058 25816 25816 E libc    : SetHeapTaggingLevel: re-enabling tagging after it was disabled is not supported
09-02 00:47:42.063 25722 25722 I cr_ChildProcessService: Creating new ChildProcessService pid=25722
09-02 00:47:42.065 25705 25784 I cr_LibraryLoader: Using ModernLinker
09-02 00:47:42.066 25131 25131 I cr_tabmodel: #isIncognitoTabBeingRestored from tabDetails:  false
09-02 00:47:42.066 25131 25131 I cr_tabmodel: #isIncognitoTabBeingRestored from tabDetails:  false
09-02 00:47:42.067 25131 25131 W cr_tabmodel: Failed to restore TabState; creating Tab with last known URL.
09-02 00:47:42.068 25705 25784 W linker  : Warning: "/data/app/~~_KLlx60MH8CoecPTjMKp8g==/com.android.chrome-kw9RHYrlHKb9bPXi8OTClw==/base.apk!/lib/arm64-v8a/libchromium_android_linker.so" unused DT entry: unknown processor-specific (type 0x70000001 arg 0x0) (ignoring)
09-02 00:47:42.071  1513  1625 W ActivityManager: Slow operation: 501ms so far, now at startProcess: returned from zygote!
09-02 00:47:42.071  1513  1625 W ActivityManager: Slow operation: 501ms so far, now at startProcess: done updating battery stats
09-02 00:47:42.071  1513  1625 W ActivityManager: Slow operation: 501ms so far, now at startProcess: building log message
09-02 00:47:42.072  1513  1625 I ActivityManager: Start proc 25816:com.android.chrome:sandboxed_process0:org.chromium.content.app.SandboxedProcessService0:21/u0ai21 for  {com.android.chrome/org.chromium.content.app.SandboxedProcessService0:21}
09-02 00:47:42.072  1513  1625 W ActivityManager: Slow operation: 501ms so far, now at startProcess: starting to update pids map
09-02 00:47:42.072 25705 25784 E cr_ChromiumAndroidLinker: ReserveAddressWithHint: Address range starting at 0x7a37602000 was not free to use
09-02 00:47:42.072  1513  1625 W ActivityManager: Slow operation: 502ms so far, now at startProcess: done updating pids map
09-02 00:47:42.072  1513  1625 W ActivityManager: Slow operation: 478ms so far, now at startProcess: asking zygote to start proc
09-02 00:47:42.072  1513  1625 D CompatibilityChangeReporter: Compat change id reported: 143937733; UID 10220; state: ENABLED
09-02 00:47:42.076 25816 25816 E cessService0:2: Not starting debugger since process cannot load the jdwp agent.
09-02 00:47:42.078 25785 25785 I LoadedApk: No resource references to update in package com.google.android.trichromelibrary
09-02 00:47:42.079 25705 25815 I cr_LibraryLoader: Successfully loaded native library
09-02 00:47:42.080 25785 25785 D NetworkSecurityConfig: Using Network Security Config from resource 0_resource_name_obfuscated debugBuild: false
09-02 00:47:42.082 25785 25785 D NetworkSecurityConfig: Using Network Security Config from resource 0_resource_name_obfuscated debugBuild: false
09-02 00:47:42.082 25722 25774 I cr_LibraryLoader: Using ModernLinker
09-02 00:47:42.083 25785 25785 I cr_SplitCompatApp: Launched version=107.0.5304.91 minSdkVersion=29 isBundle=true processName=com.android.chrome:sandboxed_process0:org.chromium.content.app.SandboxedProcessService0:20 isIsolated=true
09-02 00:47:42.085 25722 25774 W linker  : Warning: "/data/app/~~_KLlx60MH8CoecPTjMKp8g==/com.android.chrome-kw9RHYrlHKb9bPXi8OTClw==/base.apk!/lib/arm64-v8a/libchromium_android_linker.so" unused DT entry: unknown processor-specific (type 0x70000001 arg 0x0) (ignoring)
09-02 00:47:42.086 25705 25815 I cr_CachingUmaRecorder: Flushed 3 samples from 3 histograms.
09-02 00:47:42.095 25131 25131 E cr_IntentUtils: getBooleanExtra failed on intent null
09-02 00:47:42.095 25131 25131 E cr_IntentUtils: getBooleanExtra failed on intent null
09-02 00:47:42.103 25747 25747 W SystemServiceRegistry: No service published for: uimode
09-02 00:47:42.108 25722 25828 I cr_LibraryLoader: Successfully loaded native library
09-02 00:47:42.108 25722 25828 I cr_CachingUmaRecorder: Flushed 3 samples from 3 histograms.
09-02 00:47:42.108 25131 25131 I cr_tabmodel: #isIncognitoTabBeingRestored from tabDetails:  false
09-02 00:47:42.108 25131 25131 I cr_tabmodel: #isIncognitoTabBeingRestored from tabDetails:  false
09-02 00:47:42.109 25131 25131 W cr_tabmodel: Failed to restore TabState; creating Tab with last known URL.
09-02 00:47:42.115  1513  2264 D CompatibilityChangeReporter: Compat change id reported: 136274596; UID 10220; state: ENABLED
09-02 00:47:42.123 25747 25747 I cr_ChildProcessService: Creating new ChildProcessService pid=25747
09-02 00:47:42.126 25184 25184 D Zygote  : Forked child process 25856
09-02 00:47:42.128  1513  8503 D CompatibilityChangeReporter: Compat change id reported: 135634846; UID 10220; state: DISABLED
09-02 00:47:42.128  1513  8503 D CompatibilityChangeReporter: Compat change id reported: 135754954; UID 10220; state: ENABLED
09-02 00:47:42.128  1513  1625 W ActivityManager: Slow operation: 534ms so far, now at startProcess: returned from zygote!
09-02 00:47:42.129  1513  1625 W ActivityManager: Slow operation: 535ms so far, now at startProcess: done updating battery stats
09-02 00:47:42.129  1513  1625 W ActivityManager: Slow operation: 535ms so far, now at startProcess: building log message
09-02 00:47:42.129  1513  1625 I ActivityManager: Start proc 25856:com.android.chrome:sandboxed_process0:org.chromium.content.app.SandboxedProcessService0:22/u0ai22 for  {com.android.chrome/org.chromium.content.app.SandboxedProcessService0:22}
09-02 00:47:42.129  1513  1625 W ActivityManager: Slow operation: 535ms so far, now at startProcess: starting to update pids map
09-02 00:47:42.129  1513  1625 W ActivityManager: Slow operation: 535ms so far, now at startProcess: done updating pids map
09-02 00:47:42.129  1513  1625 W ActivityManager: Slow operation: 515ms so far, now at startProcess: asking zygote to start proc
09-02 00:47:42.130  1513  1625 D CompatibilityChangeReporter: Compat change id reported: 143937733; UID 10220; state: ENABLED
09-02 00:47:42.130 25131 25131 E cr_IntentUtils: getBooleanExtra failed on intent null
09-02 00:47:42.130 25131 25131 E cr_IntentUtils: getBooleanExtra failed on intent null
09-02 00:47:42.132 25785 25785 W SystemServiceRegistry: No service published for: uimode
09-02 00:47:42.134 25856 25856 E libc    : SetHeapTaggingLevel: re-enabling tagging after it was disabled is not supported
09-02 00:47:42.140 25785 25785 I cr_ChildProcessService: Creating new ChildProcessService pid=25785
09-02 00:47:42.140 25131 25131 I cr_tabmodel: #isIncognitoTabBeingRestored from tabDetails:  false
09-02 00:47:42.140 25131 25131 I cr_tabmodel: #isIncognitoTabBeingRestored from tabDetails:  false
09-02 00:47:42.141 25131 25131 W cr_tabmodel: Failed to restore TabState; creating Tab with last known URL.
09-02 00:47:42.141 25747 25794 I cr_LibraryLoader: Using ModernLinker
09-02 00:47:42.147 25785 25814 I cr_LibraryLoader: Using ModernLinker
09-02 00:47:42.149 25816 25816 I LoadedApk: No resource references to update in package com.google.android.trichromelibrary
09-02 00:47:42.149 25816 25816 D NetworkSecurityConfig: Using Network Security Config from resource 0_resource_name_obfuscated debugBuild: false
09-02 00:47:42.150 25816 25816 D NetworkSecurityConfig: Using Network Security Config from resource 0_resource_name_obfuscated debugBuild: false
09-02 00:47:42.152 25816 25816 I cr_SplitCompatApp: Launched version=107.0.5304.91 minSdkVersion=29 isBundle=true processName=com.android.chrome:sandboxed_process0:org.chromium.content.app.SandboxedProcessService0:21 isIsolated=true
09-02 00:47:42.156 25184 25184 D Zygote  : Forked child process 25878
09-02 00:47:42.156 25747 25794 W linker  : Warning: "/data/app/~~_KLlx60MH8CoecPTjMKp8g==/com.android.chrome-kw9RHYrlHKb9bPXi8OTClw==/base.apk!/lib/arm64-v8a/libchromium_android_linker.so" unused DT entry: unknown processor-specific (type 0x70000001 arg 0x0) (ignoring)
09-02 00:47:42.157  1513  1625 W ActivityManager: Slow operation: 543ms so far, now at startProcess: returned from zygote!
09-02 00:47:42.157  1513  1625 W ActivityManager: Slow operation: 543ms so far, now at startProcess: done updating battery stats
09-02 00:47:42.157  1513  1625 W ActivityManager: Slow operation: 543ms so far, now at startProcess: building log message
09-02 00:47:42.157  1513  1625 I ActivityManager: Start proc 25878:com.android.chrome:sandboxed_process0:org.chromium.content.app.SandboxedProcessService0:23/u0ai23 for  {com.android.chrome/org.chromium.content.app.SandboxedProcessService0:23}
09-02 00:47:42.158  1513  1625 W ActivityManager: Slow operation: 543ms so far, now at startProcess: starting to update pids map
09-02 00:47:42.158 25747 25794 E cr_ChromiumAndroidLinker: ReserveAddressWithHint: Address range starting at 0x7a37602000 was not free to use
09-02 00:47:42.158  1513  1625 W ActivityManager: Slow operation: 543ms so far, now at startProcess: done updating pids map
09-02 00:47:42.158  1513  1625 W ActivityManager: Slow operation: 515ms so far, now at startProcess: asking zygote to start proc
09-02 00:47:42.160 25785 25814 W linker  : Warning: "/data/app/~~_KLlx60MH8CoecPTjMKp8g==/com.android.chrome-kw9RHYrlHKb9bPXi8OTClw==/base.apk!/lib/arm64-v8a/libchromium_android_linker.so" unused DT entry: unknown processor-specific (type 0x70000001 arg 0x0) (ignoring)
09-02 00:47:42.161 25856 25856 E cessService0:2: Not starting debugger since process cannot load the jdwp agent.
09-02 00:47:42.164 25816 25816 W SystemServiceRegistry: No service published for: uimode
09-02 00:47:42.167 25131 25131 E cr_IntentUtils: getBooleanExtra failed on intent null
09-02 00:47:42.167 25131 25131 E cr_IntentUtils: getBooleanExtra failed on intent null
09-02 00:47:42.171 25816 25816 I cr_ChildProcessService: Creating new ChildProcessService pid=25816
09-02 00:47:42.172 25785 25868 I cr_LibraryLoader: Successfully loaded native library
09-02 00:47:42.172 25785 25868 I cr_CachingUmaRecorder: Flushed 3 samples from 3 histograms.
09-02 00:47:42.174 25747 25855 I cr_LibraryLoader: Successfully loaded native library
09-02 00:47:42.176 25747 25855 I cr_CachingUmaRecorder: Flushed 3 samples from 3 histograms.
09-02 00:47:42.178 25816 25854 I cr_LibraryLoader: Using ModernLinker
09-02 00:47:42.179 25131 25131 I cr_tabmodel: #isIncognitoTabBeingRestored from tabDetails:  false
09-02 00:47:42.179 25131 25131 I cr_tabmodel: #isIncognitoTabBeingRestored from tabDetails:  false
09-02 00:47:42.179 25131 25131 W cr_tabmodel: Failed to restore TabState; creating Tab with last known URL.
09-02 00:47:42.180 25816 25854 W linker  : Warning: "/data/app/~~_KLlx60MH8CoecPTjMKp8g==/com.android.chrome-kw9RHYrlHKb9bPXi8OTClw==/base.apk!/lib/arm64-v8a/libchromium_android_linker.so" unused DT entry: unknown processor-specific (type 0x70000001 arg 0x0) (ignoring)
09-02 00:47:42.185 25816 25854 E cr_ChromiumAndroidLinker: ReserveAddressWithHint: Address range starting at 0x7a37602000 was not free to use
09-02 00:47:42.189  1513  8503 D CompatibilityChangeReporter: Compat change id reported: 136274596; UID 10220; state: ENABLED
09-02 00:47:42.190 25878 25878 E libc    : SetHeapTaggingLevel: re-enabling tagging after it was disabled is not supported
09-02 00:47:42.195 25816 25889 I cr_LibraryLoader: Successfully loaded native library
09-02 00:47:42.197 25816 25889 I cr_CachingUmaRecorder: Flushed 3 samples from 3 histograms.
09-02 00:47:42.199 25878 25878 E cessService0:2: Not starting debugger since process cannot load the jdwp agent.
09-02 00:47:42.200  1513  2264 D CompatibilityChangeReporter: Compat change id reported: 135634846; UID 10220; state: DISABLED
09-02 00:47:42.200  1513  2264 D CompatibilityChangeReporter: Compat change id reported: 135754954; UID 10220; state: ENABLED
09-02 00:47:42.200 25131 25131 E cr_IntentUtils: getBooleanExtra failed on intent null
09-02 00:47:42.202 25131 25131 E cr_IntentUtils: getBooleanExtra failed on intent null
09-02 00:47:42.216 25131 25131 I cr_tabmodel: #isIncognitoTabBeingRestored from tabDetails:  false
09-02 00:47:42.216 25131 25131 I cr_tabmodel: #isIncognitoTabBeingRestored from tabDetails:  false
09-02 00:47:42.216 25131 25131 W cr_tabmodel: Failed to restore TabState; creating Tab with last known URL.
09-02 00:47:42.219 25184 25184 D Zygote  : Forked child process 25918
09-02 00:47:42.226 25918 25918 E libc    : SetHeapTaggingLevel: re-enabling tagging after it was disabled is not supported
09-02 00:47:42.228  1513  2264 D CompatibilityChangeReporter: Compat change id reported: 136274596; UID 10220; state: ENABLED
09-02 00:47:42.232  1513  3230 D CompatibilityChangeReporter: Compat change id reported: 135634846; UID 10220; state: DISABLED
09-02 00:47:42.232  1513  3230 D CompatibilityChangeReporter: Compat change id reported: 135754954; UID 10220; state: ENABLED
09-02 00:47:42.237 25131 25131 E cr_IntentUtils: getBooleanExtra failed on intent null
09-02 00:47:42.237 25131 25131 E cr_IntentUtils: getBooleanExtra failed on intent null
09-02 00:47:42.238  1513  1625 W ActivityManager: Slow operation: 595ms so far, now at startProcess: returned from zygote!
09-02 00:47:42.238  1513  1625 W ActivityManager: Slow operation: 595ms so far, now at startProcess: done updating battery stats
09-02 00:47:42.238  1513  1625 W ActivityManager: Slow operation: 596ms so far, now at startProcess: building log message
09-02 00:47:42.238  1513  1625 I ActivityManager: Start proc 25918:com.android.chrome:sandboxed_process0:org.chromium.content.app.SandboxedProcessService0:24/u0ai24 for  {com.android.chrome/org.chromium.content.app.SandboxedProcessService0:24}
09-02 00:47:42.238  1513  1625 W ActivityManager: Slow operation: 596ms so far, now at startProcess: starting to update pids map
09-02 00:47:42.239  1513  1625 W ActivityManager: Slow operation: 596ms so far, now at startProcess: done updating pids map
09-02 00:47:42.239  1513  1625 W ActivityManager: Slow operation: 575ms so far, now at startProcess: asking zygote to start proc
09-02 00:47:42.239  1513  1625 D CompatibilityChangeReporter: Compat change id reported: 143937733; UID 10220; state: ENABLED
09-02 00:47:42.243 25918 25918 E cessService0:2: Not starting debugger since process cannot load the jdwp agent.
09-02 00:47:42.246 25856 25856 I LoadedApk: No resource references to update in package com.google.android.trichromelibrary
09-02 00:47:42.247 25856 25856 D NetworkSecurityConfig: Using Network Security Config from resource 0_resource_name_obfuscated debugBuild: false
09-02 00:47:42.248 25131 25131 I cr_tabmodel: #isIncognitoTabBeingRestored from tabDetails:  false
09-02 00:47:42.248 25131 25131 I cr_tabmodel: #isIncognitoTabBeingRestored from tabDetails:  false
09-02 00:47:42.248 25131 25131 W cr_tabmodel: Failed to restore TabState; creating Tab with last known URL.
09-02 00:47:42.248 25856 25856 D NetworkSecurityConfig: Using Network Security Config from resource 0_resource_name_obfuscated debugBuild: false
09-02 00:47:42.254 25856 25856 I cr_SplitCompatApp: Launched version=107.0.5304.91 minSdkVersion=29 isBundle=true processName=com.android.chrome:sandboxed_process0:org.chromium.content.app.SandboxedProcessService0:22 isIsolated=true
09-02 00:47:42.268  1513  2264 D CompatibilityChangeReporter: Compat change id reported: 136274596; UID 10220; state: ENABLED
09-02 00:47:42.271 25131 25131 E cr_IntentUtils: getBooleanExtra failed on intent null
09-02 00:47:42.271 25131 25131 E cr_IntentUtils: getBooleanExtra failed on intent null
09-02 00:47:42.280 25856 25856 W SystemServiceRegistry: No service published for: uimode
09-02 00:47:42.286 25131 25131 I cr_tabmodel: #isIncognitoTabBeingRestored from tabDetails:  false
09-02 00:47:42.286 25131 25131 I cr_tabmodel: #isIncognitoTabBeingRestored from tabDetails:  false
09-02 00:47:42.286 25131 25131 W cr_tabmodel: Failed to restore TabState; creating Tab with last known URL.
09-02 00:47:42.287 25856 25856 I cr_ChildProcessService: Creating new ChildProcessService pid=25856
09-02 00:47:42.287   901  1000 D VSC     : @ 53648.738: [WO] tilt angle 87
09-02 00:47:42.292 25856 25905 I cr_LibraryLoader: Using ModernLinker
09-02 00:47:42.293 25856 25905 W linker  : Warning: "/data/app/~~_KLlx60MH8CoecPTjMKp8g==/com.android.chrome-kw9RHYrlHKb9bPXi8OTClw==/base.apk!/lib/arm64-v8a/libchromium_android_linker.so" unused DT entry: unknown processor-specific (type 0x70000001 arg 0x0) (ignoring)
09-02 00:47:42.298 25878 25878 I LoadedApk: No resource references to update in package com.google.android.trichromelibrary
09-02 00:47:42.298 25878 25878 D NetworkSecurityConfig: Using Network Security Config from resource 0_resource_name_obfuscated debugBuild: false
09-02 00:47:42.298 25184 25184 D Zygote  : Forked child process 25976
09-02 00:47:42.299 25878 25878 D NetworkSecurityConfig: Using Network Security Config from resource 0_resource_name_obfuscated debugBuild: false
09-02 00:47:42.305 25976 25976 E libc    : SetHeapTaggingLevel: re-enabling tagging after it was disabled is not supported
09-02 00:47:42.305  1513  2264 D CompatibilityChangeReporter: Compat change id reported: 135634846; UID 10220; state: DISABLED
09-02 00:47:42.305  1513  2264 D CompatibilityChangeReporter: Compat change id reported: 135754954; UID 10220; state: ENABLED
09-02 00:47:42.307 25856 25975 I cr_LibraryLoader: Successfully loaded native library
09-02 00:47:42.308 25856 25975 I cr_CachingUmaRecorder: Flushed 3 samples from 3 histograms.
09-02 00:47:42.312 25976 25976 E cessService0:2: Not starting debugger since process cannot load the jdwp agent.
09-02 00:47:42.312 25131 25131 E cr_IntentUtils: getBooleanExtra failed on intent null
09-02 00:47:42.312 25131 25131 E cr_IntentUtils: getBooleanExtra failed on intent null
09-02 00:47:42.312  1513  1625 W ActivityManager: Slow operation: 649ms so far, now at startProcess: returned from zygote!
09-02 00:47:42.314 25878 25878 I cr_SplitCompatApp: Launched version=107.0.5304.91 minSdkVersion=29 isBundle=true processName=com.android.chrome:sandboxed_process0:org.chromium.content.app.SandboxedProcessService0:23 isIsolated=true
09-02 00:47:42.315  1513  1625 W ActivityManager: Slow operation: 651ms so far, now at startProcess: done updating battery stats
09-02 00:47:42.315  1513  1625 W ActivityManager: Slow operation: 651ms so far, now at startProcess: building log message
09-02 00:47:42.315  1513  1625 I ActivityManager: Start proc 25976:com.android.chrome:sandboxed_process0:org.chromium.content.app.SandboxedProcessService0:25/u0ai25 for  {com.android.chrome/org.chromium.content.app.SandboxedProcessService0:25}
09-02 00:47:42.315  1513  1625 W ActivityManager: Slow operation: 651ms so far, now at startProcess: starting to update pids map
09-02 00:47:42.317  1513  1625 W ActivityManager: Slow operation: 654ms so far, now at startProcess: done updating pids map
09-02 00:47:42.317  1513  1625 W ActivityManager: Slow operation: 630ms so far, now at startProcess: asking zygote to start proc
09-02 00:47:42.317  1513  1625 D CompatibilityChangeReporter: Compat change id reported: 143937733; UID 10220; state: ENABLED
09-02 00:47:42.329 25131 25131 I cr_tabmodel: #isIncognitoTabBeingRestored from tabDetails:  false
09-02 00:47:42.329 25131 25131 I cr_tabmodel: #isIncognitoTabBeingRestored from tabDetails:  false
09-02 00:47:42.329 25131 25131 W cr_tabmodel: Failed to restore TabState; creating Tab with last known URL.
09-02 00:47:42.329 25918 25918 I LoadedApk: No resource references to update in package com.google.android.trichromelibrary
09-02 00:47:42.329 25918 25918 D NetworkSecurityConfig: Using Network Security Config from resource 0_resource_name_obfuscated debugBuild: false
09-02 00:47:42.330 25918 25918 D NetworkSecurityConfig: Using Network Security Config from resource 0_resource_name_obfuscated debugBuild: false
09-02 00:47:42.333 25918 25918 I cr_SplitCompatApp: Launched version=107.0.5304.91 minSdkVersion=29 isBundle=true processName=com.android.chrome:sandboxed_process0:org.chromium.content.app.SandboxedProcessService0:24 isIsolated=true
09-02 00:47:42.340  1513  2013 D CompatibilityChangeReporter: Compat change id reported: 136274596; UID 10220; state: ENABLED
09-02 00:47:42.341 25878 25878 W SystemServiceRegistry: No service published for: uimode
09-02 00:47:42.344  1513  8503 D CompatibilityChangeReporter: Compat change id reported: 135634846; UID 10220; state: DISABLED
09-02 00:47:42.345  1513  8503 D CompatibilityChangeReporter: Compat change id reported: 135754954; UID 10220; state: ENABLED
09-02 00:47:42.348 25878 25878 I cr_ChildProcessService: Creating new ChildProcessService pid=25878
09-02 00:47:42.349 25131 25131 E cr_IntentUtils: getBooleanExtra failed on intent null
09-02 00:47:42.349 25131 25131 E cr_IntentUtils: getBooleanExtra failed on intent null
09-02 00:47:42.353 25184 25184 D Zygote  : Forked child process 26004
09-02 00:47:42.356 26004 26004 E libc    : SetHeapTaggingLevel: re-enabling tagging after it was disabled is not supported
09-02 00:47:42.356 25918 25918 W SystemServiceRegistry: No service published for: uimode
09-02 00:47:42.359 25878 25924 I cr_LibraryLoader: Using ModernLinker
09-02 00:47:42.359 25131 25131 I cr_tabmodel: #isIncognitoTabBeingRestored from tabDetails:  false
09-02 00:47:42.359 25131 25131 I cr_tabmodel: #isIncognitoTabBeingRestored from tabDetails:  false
09-02 00:47:42.359 25131 25131 W cr_tabmodel: Failed to restore TabState; creating Tab with last known URL.
09-02 00:47:42.363 25918 25918 I cr_ChildProcessService: Creating new ChildProcessService pid=25918
09-02 00:47:42.363 25878 25924 W linker  : Warning: "/data/app/~~_KLlx60MH8CoecPTjMKp8g==/com.android.chrome-kw9RHYrlHKb9bPXi8OTClw==/base.apk!/lib/arm64-v8a/libchromium_android_linker.so" unused DT entry: unknown processor-specific (type 0x70000001 arg 0x0) (ignoring)
09-02 00:47:42.366 26004 26004 E cessService0:2: Not starting debugger since process cannot load the jdwp agent.
09-02 00:47:42.371 25918 25969 I cr_LibraryLoader: Using ModernLinker
09-02 00:47:42.372 25918 25969 W linker  : Warning: "/data/app/~~_KLlx60MH8CoecPTjMKp8g==/com.android.chrome-kw9RHYrlHKb9bPXi8OTClw==/base.apk!/lib/arm64-v8a/libchromium_android_linker.so" unused DT entry: unknown processor-specific (type 0x70000001 arg 0x0) (ignoring)
09-02 00:47:42.373 25918 25969 E cr_ChromiumAndroidLinker: ReserveAddressWithHint: Address range starting at 0x7a37602000 was not free to use
09-02 00:47:42.373  1513  1625 W ActivityManager: Slow operation: 686ms so far, now at startProcess: returned from zygote!
09-02 00:47:42.374  1513  1625 W ActivityManager: Slow operation: 687ms so far, now at startProcess: done updating battery stats
09-02 00:47:42.375  1513  1625 W ActivityManager: Slow operation: 687ms so far, now at startProcess: building log message
09-02 00:47:42.375  1513  1625 I ActivityManager: Start proc 26004:com.android.chrome:sandboxed_process0:org.chromium.content.app.SandboxedProcessService0:26/u0ai26 for  {com.android.chrome/org.chromium.content.app.SandboxedProcessService0:26}
09-02 00:47:42.375  1513  1625 W ActivityManager: Slow operation: 687ms so far, now at startProcess: starting to update pids map
09-02 00:47:42.375  1513  1625 W ActivityManager: Slow operation: 687ms so far, now at startProcess: done updating pids map
09-02 00:47:42.375  1513  1625 W ActivityManager: Slow operation: 667ms so far, now at startProcess: asking zygote to start proc
09-02 00:47:42.375  1513  1625 D CompatibilityChangeReporter: Compat change id reported: 143937733; UID 10220; state: ENABLED
09-02 00:47:42.376 25878 26000 I cr_LibraryLoader: Successfully loaded native library
09-02 00:47:42.376 25878 26000 I cr_CachingUmaRecorder: Flushed 3 samples from 3 histograms.
09-02 00:47:42.380 25131 25131 E cr_IntentUtils: getBooleanExtra failed on intent null
09-02 00:47:42.380 25131 25131 E cr_IntentUtils: getBooleanExtra failed on intent null
09-02 00:47:42.381 25918 26016 I cr_LibraryLoader: Successfully loaded native library
09-02 00:47:42.382 25918 26016 I cr_CachingUmaRecorder: Flushed 3 samples from 3 histograms.
09-02 00:47:42.391 25131 25131 I cr_tabmodel: #isIncognitoTabBeingRestored from tabDetails:  false
09-02 00:47:42.391 25131 25131 I cr_tabmodel: #isIncognitoTabBeingRestored from tabDetails:  false
09-02 00:47:42.391 25131 25131 W cr_tabmodel: Failed to restore TabState; creating Tab with last known URL.
09-02 00:47:42.405 25131 25131 E cr_IntentUtils: getBooleanExtra failed on intent null
09-02 00:47:42.405 25131 25131 E cr_IntentUtils: getBooleanExtra failed on intent null
09-02 00:47:42.411 25976 25976 I LoadedApk: No resource references to update in package com.google.android.trichromelibrary
09-02 00:47:42.411 25976 25976 D NetworkSecurityConfig: Using Network Security Config from resource 0_resource_name_obfuscated debugBuild: false
09-02 00:47:42.413 25976 25976 D NetworkSecurityConfig: Using Network Security Config from resource 0_resource_name_obfuscated debugBuild: false
09-02 00:47:42.415 25976 25976 I cr_SplitCompatApp: Launched version=107.0.5304.91 minSdkVersion=29 isBundle=true processName=com.android.chrome:sandboxed_process0:org.chromium.content.app.SandboxedProcessService0:25 isIsolated=true
09-02 00:47:42.416 25131 25131 I cr_tabmodel: #isIncognitoTabBeingRestored from tabDetails:  false
09-02 00:47:42.416 25131 25131 I cr_tabmodel: #isIncognitoTabBeingRestored from tabDetails:  false
09-02 00:47:42.416 25131 25131 W cr_tabmodel: Failed to restore TabState; creating Tab with last known URL.
09-02 00:47:42.417 25184 25184 D Zygote  : Forked child process 26045
09-02 00:47:42.418  1513  1625 W ActivityManager: Slow operation: 710ms so far, now at startProcess: returned from zygote!
09-02 00:47:42.420 26045 26045 E libc    : SetHeapTaggingLevel: re-enabling tagging after it was disabled is not supported
09-02 00:47:42.421  1513  3375 D CompatibilityChangeReporter: Compat change id reported: 136274596; UID 10220; state: ENABLED
09-02 00:47:42.429  1513  1625 W ActivityManager: Slow operation: 721ms so far, now at startProcess: done updating battery stats
09-02 00:47:42.430  1513  1625 W ActivityManager: Slow operation: 721ms so far, now at startProcess: building log message
09-02 00:47:42.430  1513  1625 I ActivityManager: Start proc 26045:com.android.chrome:sandboxed_process0:org.chromium.content.app.SandboxedProcessService0:27/u0ai27 for  {com.android.chrome/org.chromium.content.app.SandboxedProcessService0:27}
09-02 00:47:42.430  1513  1625 W ActivityManager: Slow operation: 721ms so far, now at startProcess: starting to update pids map
09-02 00:47:42.430  1513  1625 W ActivityManager: Slow operation: 721ms so far, now at startProcess: done updating pids map
09-02 00:47:42.430  1513  1625 W ActivityManager: Slow operation: 709ms so far, now at startProcess: asking zygote to start proc
09-02 00:47:42.430  1513  1625 D CompatibilityChangeReporter: Compat change id reported: 143937733; UID 10220; state: ENABLED
09-02 00:47:42.434 25131 25131 E cr_IntentUtils: getBooleanExtra failed on intent null
09-02 00:47:42.434 25131 25131 E cr_IntentUtils: getBooleanExtra failed on intent null
09-02 00:47:42.435  1513  2264 D CompatibilityChangeReporter: Compat change id reported: 135634846; UID 10220; state: DISABLED
09-02 00:47:42.435  1513  2264 D CompatibilityChangeReporter: Compat change id reported: 135754954; UID 10220; state: ENABLED
09-02 00:47:42.440 26045 26045 E cessService0:2: Not starting debugger since process cannot load the jdwp agent.
09-02 00:47:42.446 25976 25976 W SystemServiceRegistry: No service published for: uimode
09-02 00:47:42.452 25131 25131 I cr_tabmodel: #isIncognitoTabBeingRestored from tabDetails:  false
09-02 00:47:42.452 25131 25131 I cr_tabmodel: #isIncognitoTabBeingRestored from tabDetails:  false
09-02 00:47:42.452 25131 25131 W cr_tabmodel: Failed to restore TabState; creating Tab with last known URL.
09-02 00:47:42.453 25976 25976 I cr_ChildProcessService: Creating new ChildProcessService pid=25976
09-02 00:47:42.454 26004 26004 I LoadedApk: No resource references to update in package com.google.android.trichromelibrary
09-02 00:47:42.455 26004 26004 D NetworkSecurityConfig: Using Network Security Config from resource 0_resource_name_obfuscated debugBuild: false
09-02 00:47:42.459 26004 26004 D NetworkSecurityConfig: Using Network Security Config from resource 0_resource_name_obfuscated debugBuild: false
09-02 00:47:42.459 25976 25995 I cr_LibraryLoader: Using ModernLinker
09-02 00:47:42.459 26004 26004 I cr_SplitCompatApp: Launched version=107.0.5304.91 minSdkVersion=29 isBundle=true processName=com.android.chrome:sandboxed_process0:org.chromium.content.app.SandboxedProcessService0:26 isIsolated=true
09-02 00:47:42.461 25976 25995 W linker  : Warning: "/data/app/~~_KLlx60MH8CoecPTjMKp8g==/com.android.chrome-kw9RHYrlHKb9bPXi8OTClw==/base.apk!/lib/arm64-v8a/libchromium_android_linker.so" unused DT entry: unknown processor-specific (type 0x70000001 arg 0x0) (ignoring)
09-02 00:47:42.462 25976 25995 E cr_ChromiumAndroidLinker: ReserveAddressWithHint: Address range starting at 0x7a37602000 was not free to use
09-02 00:47:42.469 25131 25131 E cr_IntentUtils: getBooleanExtra failed on intent null
09-02 00:47:42.469 25131 25131 E cr_IntentUtils: getBooleanExtra failed on intent null
09-02 00:47:42.469 26004 26004 W SystemServiceRegistry: No service published for: uimode
09-02 00:47:42.475 26004 26004 I cr_ChildProcessService: Creating new ChildProcessService pid=26004
09-02 00:47:42.476 26068 26068 E libc    : SetHeapTaggingLevel: re-enabling tagging after it was disabled is not supported
09-02 00:47:42.477 25184 25184 D Zygote  : Forked child process 26068
09-02 00:47:42.477 25976 26065 I cr_LibraryLoader: Successfully loaded native library
09-02 00:47:42.478 25976 26065 I cr_CachingUmaRecorder: Flushed 3 samples from 3 histograms.
09-02 00:47:42.486  1513  3375 D CompatibilityChangeReporter: Compat change id reported: 136274596; UID 10220; state: ENABLED
09-02 00:47:42.486 26068 26068 E cessService0:2: Not starting debugger since process cannot load the jdwp agent.
09-02 00:47:42.490  1513  1625 W ActivityManager: Slow operation: 769ms so far, now at startProcess: returned from zygote!
