09-02 00:47:44.096  1513  1625 I ActivityManager: Start proc 27162:com.android.chrome:sandboxed_process0:org.chromium.content.app.SandboxedProcessService0:71/u0ai71 for  {com.android.chrome/org.chromium.content.app.SandboxedProcessService0:71}
09-02 00:47:44.096  1513  1625 W ActivityManager: Slow operation: 1129ms so far, now at startProcess: starting to update pids map
09-02 00:47:44.096  1513  1625 W ActivityManager: Slow operation: 1129ms so far, now at startProcess: done updating pids map
09-02 00:47:44.096  1513  1625 W ActivityManager: Slow operation: 1100ms so far, now at startProcess: asking zygote to start proc
09-02 00:47:44.098 27162 27162 E libc    : SetHeapTaggingLevel: re-enabling tagging after it was disabled is not supported
09-02 00:47:44.099 27097 27125 I cr_LibraryLoader: Using ModernLinker
09-02 00:47:44.101 27097 27125 W linker  : Warning: "/data/app/~~_KLlx60MH8CoecPTjMKp8g==/com.android.chrome-kw9RHYrlHKb9bPXi8OTClw==/base.apk!/lib/arm64-v8a/libchromium_android_linker.so" unused DT entry: unknown processor-specific (type 0x70000001 arg 0x0) (ignoring)
09-02 00:47:44.102  1513  3375 D CompatibilityChangeReporter: Compat change id reported: 136274596; UID 10220; state: ENABLED
09-02 00:47:44.106 27162 27162 E cessService0:7: Not starting debugger since process cannot load the jdwp agent.
09-02 00:47:44.108 25184 25184 D Zygote  : Forked child process 27181
09-02 00:47:44.109  1513  1625 W ActivityManager: Slow operation: 1112ms so far, now at startProcess: returned from zygote!
09-02 00:47:44.109  1513  1625 W ActivityManager: Slow operation: 1112ms so far, now at startProcess: done updating battery stats
09-02 00:47:44.109  1513  1625 W ActivityManager: Slow operation: 1113ms so far, now at startProcess: building log message
09-02 00:47:44.109  1513  1625 I ActivityManager: Start proc 27181:com.android.chrome:sandboxed_process0:org.chromium.content.app.SandboxedProcessService0:72/u0ai72 for  {com.android.chrome/org.chromium.content.app.SandboxedProcessService0:72}
09-02 00:47:44.109  1513  1625 W ActivityManager: Slow operation: 1113ms so far, now at startProcess: starting to update pids map
09-02 00:47:44.109  1513  1625 W ActivityManager: Slow operation: 1113ms so far, now at startProcess: done updating pids map
09-02 00:47:44.109  1513  1625 W ActivityManager: Slow operation: 1089ms so far, now at startProcess: asking zygote to start proc
09-02 00:47:44.109  1513  1625 D CompatibilityChangeReporter: Compat change id reported: 143937733; UID 10220; state: ENABLED
09-02 00:47:44.110 27097 27161 I cr_LibraryLoader: Successfully loaded native library
09-02 00:47:44.110 27181 27181 E libc    : SetHeapTaggingLevel: re-enabling tagging after it was disabled is not supported
09-02 00:47:44.110 27119 27119 I LoadedApk: No resource references to update in package com.google.android.trichromelibrary
09-02 00:47:44.110 27119 27119 D NetworkSecurityConfig: Using Network Security Config from resource 0_resource_name_obfuscated debugBuild: false
09-02 00:47:44.111 27097 27161 I cr_CachingUmaRecorder: Flushed 3 samples from 3 histograms.
09-02 00:47:44.111 27119 27119 D NetworkSecurityConfig: Using Network Security Config from resource 0_resource_name_obfuscated debugBuild: false
09-02 00:47:44.113 27119 27119 I cr_SplitCompatApp: Launched version=107.0.5304.91 minSdkVersion=29 isBundle=true processName=com.android.chrome:sandboxed_process0:org.chromium.content.app.SandboxedProcessService0:69 isIsolated=true
09-02 00:47:44.118 27181 27181 E cessService0:7: Not starting debugger since process cannot load the jdwp agent.
09-02 00:47:44.121  1513  3230 D CompatibilityChangeReporter: Compat change id reported: 136274596; UID 10220; state: ENABLED
09-02 00:47:44.127  1513  3375 D CompatibilityChangeReporter: Compat change id reported: 136274596; UID 10220; state: ENABLED
09-02 00:47:44.131 25184 25184 D Zygote  : Forked child process 27205
09-02 00:47:44.132  1513  1625 W ActivityManager: Slow operation: 1112ms so far, now at startProcess: returned from zygote!
09-02 00:47:44.132  1513  1625 W ActivityManager: Slow operation: 1112ms so far, now at startProcess: done updating battery stats
09-02 00:47:44.132  1513  1625 W ActivityManager: Slow operation: 1112ms so far, now at startProcess: building log message
09-02 00:47:44.132  1513  1625 I ActivityManager: Start proc 27205:com.android.chrome:sandboxed_process0:org.chromium.content.app.SandboxedProcessService0:73/u0ai73 for  {com.android.chrome/org.chromium.content.app.SandboxedProcessService0:73}
09-02 00:47:44.132  1513  1625 W ActivityManager: Slow operation: 1112ms so far, now at startProcess: starting to update pids map
09-02 00:47:44.132  1513  1625 W ActivityManager: Slow operation: 1112ms so far, now at startProcess: done updating pids map
09-02 00:47:44.132  1513  1625 W ActivityManager: Slow operation: 1091ms so far, now at startProcess: asking zygote to start proc
09-02 00:47:44.132  1513  1625 D CompatibilityChangeReporter: Compat change id reported: 143937733; UID 10220; state: ENABLED
09-02 00:47:44.132 27144 27144 I LoadedApk: No resource references to update in package com.google.android.trichromelibrary
09-02 00:47:44.133 27144 27144 D NetworkSecurityConfig: Using Network Security Config from resource 0_resource_name_obfuscated debugBuild: false
09-02 00:47:44.133 27119 27119 W SystemServiceRegistry: No service published for: uimode
09-02 00:47:44.133 27144 27144 D NetworkSecurityConfig: Using Network Security Config from resource 0_resource_name_obfuscated debugBuild: false
09-02 00:47:44.135 27144 27144 I cr_SplitCompatApp: Launched version=107.0.5304.91 minSdkVersion=29 isBundle=true processName=com.android.chrome:sandboxed_process0:org.chromium.content.app.SandboxedProcessService0:70 isIsolated=true
09-02 00:47:44.141 27119 27119 I cr_ChildProcessService: Creating new ChildProcessService pid=27119
09-02 00:47:44.141 25184 25184 D Zygote  : Forked child process 27213
09-02 00:47:44.143 27205 27205 E libc    : SetHeapTaggingLevel: re-enabling tagging after it was disabled is not supported
09-02 00:47:44.145 27144 27144 W SystemServiceRegistry: No service published for: uimode
09-02 00:47:44.146 27119 27152 I cr_LibraryLoader: Using ModernLinker
09-02 00:47:44.147 27119 27152 W linker  : Warning: "/data/app/~~_KLlx60MH8CoecPTjMKp8g==/com.android.chrome-kw9RHYrlHKb9bPXi8OTClw==/base.apk!/lib/arm64-v8a/libchromium_android_linker.so" unused DT entry: unknown processor-specific (type 0x70000001 arg 0x0) (ignoring)
09-02 00:47:44.148  1513  1625 W ActivityManager: Slow operation: 1107ms so far, now at startProcess: returned from zygote!
09-02 00:47:44.148  1513  1625 W ActivityManager: Slow operation: 1107ms so far, now at startProcess: done updating battery stats
09-02 00:47:44.148  1513  1625 W ActivityManager: Slow operation: 1107ms so far, now at startProcess: building log message
09-02 00:47:44.148  1513  1625 I ActivityManager: Start proc 27213:com.android.chrome:sandboxed_process0:org.chromium.content.app.SandboxedProcessService0:74/u0ai74 for  {com.android.chrome/org.chromium.content.app.SandboxedProcessService0:74}
09-02 00:47:44.148  1513  1625 W ActivityManager: Slow operation: 1107ms so far, now at startProcess: starting to update pids map
09-02 00:47:44.148  1513  1625 W ActivityManager: Slow operation: 1107ms so far, now at startProcess: done updating pids map
09-02 00:47:44.148  1513  1625 W ActivityManager: Slow operation: 1086ms so far, now at startProcess: asking zygote to start proc
09-02 00:47:44.150 27213 27213 E libc    : SetHeapTaggingLevel: re-enabling tagging after it was disabled is not supported
09-02 00:47:44.153 27181 27181 I LoadedApk: No resource references to update in package com.google.android.trichromelibrary
09-02 00:47:44.153 27181 27181 D NetworkSecurityConfig: Using Network Security Config from resource 0_resource_name_obfuscated debugBuild: false
09-02 00:47:44.154 27181 27181 D NetworkSecurityConfig: Using Network Security Config from resource 0_resource_name_obfuscated debugBuild: false
09-02 00:47:44.156 27181 27181 I cr_SplitCompatApp: Launched version=107.0.5304.91 minSdkVersion=29 isBundle=true processName=com.android.chrome:sandboxed_process0:org.chromium.content.app.SandboxedProcessService0:72 isIsolated=true
09-02 00:47:44.156 27205 27205 E cessService0:7: Not starting debugger since process cannot load the jdwp agent.
09-02 00:47:44.157 27144 27144 I cr_ChildProcessService: Creating new ChildProcessService pid=27144
09-02 00:47:44.159 27213 27213 E cessService0:7: Not starting debugger since process cannot load the jdwp agent.
09-02 00:47:44.161 27162 27162 I LoadedApk: No resource references to update in package com.google.android.trichromelibrary
09-02 00:47:44.161 27162 27162 D NetworkSecurityConfig: Using Network Security Config from resource 0_resource_name_obfuscated debugBuild: false
09-02 00:47:44.162 27162 27162 D NetworkSecurityConfig: Using Network Security Config from resource 0_resource_name_obfuscated debugBuild: false
09-02 00:47:44.163  1513  8503 D CompatibilityChangeReporter: Compat change id reported: 136274596; UID 10220; state: ENABLED
09-02 00:47:44.164 27162 27162 I cr_SplitCompatApp: Launched version=107.0.5304.91 minSdkVersion=29 isBundle=true processName=com.android.chrome:sandboxed_process0:org.chromium.content.app.SandboxedProcessService0:71 isIsolated=true
09-02 00:47:44.167 25184 25184 D Zygote  : Forked child process 27246
09-02 00:47:44.167 27119 27216 I cr_LibraryLoader: Successfully loaded native library
09-02 00:47:44.167  1513  1625 W ActivityManager: Slow operation: 1105ms so far, now at startProcess: returned from zygote!
09-02 00:47:44.168 27119 27216 I cr_CachingUmaRecorder: Flushed 3 samples from 3 histograms.
09-02 00:47:44.169  1513  3230 D CompatibilityChangeReporter: Compat change id reported: 136274596; UID 10220; state: ENABLED
09-02 00:47:44.170 27181 27181 W SystemServiceRegistry: No service published for: uimode
09-02 00:47:44.171 27246 27246 E libc    : SetHeapTaggingLevel: re-enabling tagging after it was disabled is not supported
09-02 00:47:44.171  1513  1625 W ActivityManager: Slow operation: 1109ms so far, now at startProcess: done updating battery stats
09-02 00:47:44.171  1513  1625 W ActivityManager: Slow operation: 1109ms so far, now at startProcess: building log message
09-02 00:47:44.171  1513  1625 I ActivityManager: Start proc 27246:com.android.chrome:sandboxed_process0:org.chromium.content.app.SandboxedProcessService0:75/u0ai75 for  {com.android.chrome/org.chromium.content.app.SandboxedProcessService0:75}
09-02 00:47:44.171  1513  1625 W ActivityManager: Slow operation: 1109ms so far, now at startProcess: starting to update pids map
09-02 00:47:44.171  1513  1625 W ActivityManager: Slow operation: 1109ms so far, now at startProcess: done updating pids map
09-02 00:47:44.171  1513  1625 W ActivityManager: Slow operation: 1078ms so far, now at startProcess: asking zygote to start proc
09-02 00:47:44.171  1513  1625 D CompatibilityChangeReporter: Compat change id reported: 143937733; UID 10220; state: ENABLED
09-02 00:47:44.175 27181 27181 I cr_ChildProcessService: Creating new ChildProcessService pid=27181
09-02 00:47:44.176 27162 27162 W SystemServiceRegistry: No service published for: uimode
09-02 00:47:44.177 27246 27246 E cessService0:7: Not starting debugger since process cannot load the jdwp agent.
09-02 00:47:44.180 27162 27162 I cr_ChildProcessService: Creating new ChildProcessService pid=27162
09-02 00:47:44.181 27144 27172 I cr_LibraryLoader: Using ModernLinker
09-02 00:47:44.183 25184 25184 D Zygote  : Forked child process 27267
09-02 00:47:44.184  1513  1625 W ActivityManager: Slow operation: 1090ms so far, now at startProcess: returned from zygote!
09-02 00:47:44.184 27144 27172 W linker  : Warning: "/data/app/~~_KLlx60MH8CoecPTjMKp8g==/com.android.chrome-kw9RHYrlHKb9bPXi8OTClw==/base.apk!/lib/arm64-v8a/libchromium_android_linker.so" unused DT entry: unknown processor-specific (type 0x70000001 arg 0x0) (ignoring)
09-02 00:47:44.184  1513  1625 W ActivityManager: Slow operation: 1091ms so far, now at startProcess: done updating battery stats
09-02 00:47:44.184  1513  1625 W ActivityManager: Slow operation: 1091ms so far, now at startProcess: building log message
09-02 00:47:44.184  1513  1625 I ActivityManager: Start proc 27267:com.android.chrome:sandboxed_process0:org.chromium.content.app.SandboxedProcessService0:76/u0ai76 for  {com.android.chrome/org.chromium.content.app.SandboxedProcessService0:76}
09-02 00:47:44.184  1513  1625 W ActivityManager: Slow operation: 1091ms so far, now at startProcess: starting to update pids map
09-02 00:47:44.185  1513  1625 W ActivityManager: Slow operation: 1091ms so far, now at startProcess: done updating pids map
09-02 00:47:44.185  1513  1625 W ActivityManager: Slow operation: 1068ms so far, now at startProcess: asking zygote to start proc
09-02 00:47:44.185 27144 27172 E cr_ChromiumAndroidLinker: ReserveAddressWithHint: Address range starting at 0x7a37602000 was not free to use
09-02 00:47:44.186 27267 27267 E libc    : SetHeapTaggingLevel: re-enabling tagging after it was disabled is not supported
09-02 00:47:44.189 27181 27203 I cr_LibraryLoader: Using ModernLinker
09-02 00:47:44.189 27144 27238 I cr_LibraryLoader: Successfully loaded native library
09-02 00:47:44.189 27144 27238 I cr_CachingUmaRecorder: Flushed 3 samples from 3 histograms.
09-02 00:47:44.192 27162 27188 I cr_LibraryLoader: Using ModernLinker
09-02 00:47:44.192 27181 27203 W linker  : Warning: "/data/app/~~_KLlx60MH8CoecPTjMKp8g==/com.android.chrome-kw9RHYrlHKb9bPXi8OTClw==/base.apk!/lib/arm64-v8a/libchromium_android_linker.so" unused DT entry: unknown processor-specific (type 0x70000001 arg 0x0) (ignoring)
09-02 00:47:44.193 27181 27203 E cr_ChromiumAndroidLinker: ReserveAddressWithHint: Address range starting at 0x7a37602000 was not free to use
09-02 00:47:44.197 27267 27267 E cessService0:7: Not starting debugger since process cannot load the jdwp agent.
09-02 00:47:44.197 27181 27260 I cr_LibraryLoader: Successfully loaded native library
09-02 00:47:44.197 27181 27260 I cr_CachingUmaRecorder: Flushed 3 samples from 3 histograms.
09-02 00:47:44.198 27162 27188 W linker  : Warning: "/data/app/~~_KLlx60MH8CoecPTjMKp8g==/com.android.chrome-kw9RHYrlHKb9bPXi8OTClw==/base.apk!/lib/arm64-v8a/libchromium_android_linker.so" unused DT entry: unknown processor-specific (type 0x70000001 arg 0x0) (ignoring)
09-02 00:47:44.199 27162 27188 E cr_ChromiumAndroidLinker: ReserveAddressWithHint: Address range starting at 0x7a37602000 was not free to use
09-02 00:47:44.202 27162 27266 I cr_LibraryLoader: Successfully loaded native library
09-02 00:47:44.202 27205 27205 I LoadedApk: No resource references to update in package com.google.android.trichromelibrary
09-02 00:47:44.203 27205 27205 D NetworkSecurityConfig: Using Network Security Config from resource 0_resource_name_obfuscated debugBuild: false
09-02 00:47:44.203  1513  3230 D CompatibilityChangeReporter: Compat change id reported: 136274596; UID 10220; state: ENABLED
09-02 00:47:44.203 27205 27205 D NetworkSecurityConfig: Using Network Security Config from resource 0_resource_name_obfuscated debugBuild: false
09-02 00:47:44.204 27162 27266 I cr_CachingUmaRecorder: Flushed 3 samples from 3 histograms.
09-02 00:47:44.205 27205 27205 I cr_SplitCompatApp: Launched version=107.0.5304.91 minSdkVersion=29 isBundle=true processName=com.android.chrome:sandboxed_process0:org.chromium.content.app.SandboxedProcessService0:73 isIsolated=true
09-02 00:47:44.209 27213 27213 I LoadedApk: No resource references to update in package com.google.android.trichromelibrary
09-02 00:47:44.210 27213 27213 D NetworkSecurityConfig: Using Network Security Config from resource 0_resource_name_obfuscated debugBuild: false
09-02 00:47:44.210 27213 27213 D NetworkSecurityConfig: Using Network Security Config from resource 0_resource_name_obfuscated debugBuild: false
09-02 00:47:44.212 27213 27213 I cr_SplitCompatApp: Launched version=107.0.5304.91 minSdkVersion=29 isBundle=true processName=com.android.chrome:sandboxed_process0:org.chromium.content.app.SandboxedProcessService0:74 isIsolated=true
09-02 00:47:44.216 27205 27205 W SystemServiceRegistry: No service published for: uimode
09-02 00:47:44.221 27205 27205 I cr_ChildProcessService: Creating new ChildProcessService pid=27205
09-02 00:47:44.224 27213 27213 W SystemServiceRegistry: No service published for: uimode
09-02 00:47:44.228 25184 25184 D Zygote  : Forked child process 27293
09-02 00:47:44.229  1513  1625 W ActivityManager: Slow operation: 1112ms so far, now at startProcess: returned from zygote!
09-02 00:47:44.229 27213 27213 I cr_ChildProcessService: Creating new ChildProcessService pid=27213
09-02 00:47:44.230 27205 27252 I cr_LibraryLoader: Using ModernLinker
09-02 00:47:44.231 27293 27293 E libc    : SetHeapTaggingLevel: re-enabling tagging after it was disabled is not supported
09-02 00:47:44.233  1513  2013 D CompatibilityChangeReporter: Compat change id reported: 136274596; UID 10220; state: ENABLED
09-02 00:47:44.235 27205 27252 W linker  : Warning: "/data/app/~~_KLlx60MH8CoecPTjMKp8g==/com.android.chrome-kw9RHYrlHKb9bPXi8OTClw==/base.apk!/lib/arm64-v8a/libchromium_android_linker.so" unused DT entry: unknown processor-specific (type 0x70000001 arg 0x0) (ignoring)
09-02 00:47:44.235  1513  1625 W ActivityManager: Slow operation: 1119ms so far, now at startProcess: done updating battery stats
09-02 00:47:44.235  1513  1625 W ActivityManager: Slow operation: 1119ms so far, now at startProcess: building log message
09-02 00:47:44.235  1513  1625 I ActivityManager: Start proc 27293:com.android.chrome:sandboxed_process0:org.chromium.content.app.SandboxedProcessService0:77/u0ai77 for  {com.android.chrome/org.chromium.content.app.SandboxedProcessService0:77}
09-02 00:47:44.236  1513  1625 W ActivityManager: Slow operation: 1119ms so far, now at startProcess: starting to update pids map
09-02 00:47:44.236  1513  1625 W ActivityManager: Slow operation: 1120ms so far, now at startProcess: done updating pids map
09-02 00:47:44.236  1513  1625 W ActivityManager: Slow operation: 1100ms so far, now at startProcess: asking zygote to start proc
09-02 00:47:44.236  1513  1625 D CompatibilityChangeReporter: Compat change id reported: 143937733; UID 10220; state: ENABLED
09-02 00:47:44.239 27246 27246 I LoadedApk: No resource references to update in package com.google.android.trichromelibrary
09-02 00:47:44.240 27246 27246 D NetworkSecurityConfig: Using Network Security Config from resource 0_resource_name_obfuscated debugBuild: false
09-02 00:47:44.240 27205 27291 I cr_LibraryLoader: Successfully loaded native library
09-02 00:47:44.241 27246 27246 D NetworkSecurityConfig: Using Network Security Config from resource 0_resource_name_obfuscated debugBuild: false
09-02 00:47:44.241 27205 27291 I cr_CachingUmaRecorder: Flushed 3 samples from 3 histograms.
09-02 00:47:44.242 27246 27246 I cr_SplitCompatApp: Launched version=107.0.5304.91 minSdkVersion=29 isBundle=true processName=com.android.chrome:sandboxed_process0:org.chromium.content.app.SandboxedProcessService0:75 isIsolated=true
09-02 00:47:44.244 27213 27253 I cr_LibraryLoader: Using ModernLinker
09-02 00:47:44.245 27213 27253 W linker  : Warning: "/data/app/~~_KLlx60MH8CoecPTjMKp8g==/com.android.chrome-kw9RHYrlHKb9bPXi8OTClw==/base.apk!/lib/arm64-v8a/libchromium_android_linker.so" unused DT entry: unknown processor-specific (type 0x70000001 arg 0x0) (ignoring)
09-02 00:47:44.249 27293 27293 E cessService0:7: Not starting debugger since process cannot load the jdwp agent.
09-02 00:47:44.257  1513  2180 D CompatibilityChangeReporter: Compat change id reported: 136274596; UID 10220; state: ENABLED
09-02 00:47:44.259 27246 27246 W SystemServiceRegistry: No service published for: uimode
09-02 00:47:44.263 25184 25184 D Zygote  : Forked child process 27312
09-02 00:47:44.263  1513  1625 W ActivityManager: Slow operation: 1127ms so far, now at startProcess: returned from zygote!
09-02 00:47:44.264  1513  1625 W ActivityManager: Slow operation: 1127ms so far, now at startProcess: done updating battery stats
09-02 00:47:44.264  1513  1625 W ActivityManager: Slow operation: 1127ms so far, now at startProcess: building log message
09-02 00:47:44.264  1513  1625 I ActivityManager: Start proc 27312:com.android.chrome:sandboxed_process0:org.chromium.content.app.SandboxedProcessService0:78/u0ai78 for  {com.android.chrome/org.chromium.content.app.SandboxedProcessService0:78}
09-02 00:47:44.264  1513  1625 W ActivityManager: Slow operation: 1127ms so far, now at startProcess: starting to update pids map
09-02 00:47:44.264  1513  1625 W ActivityManager: Slow operation: 1127ms so far, now at startProcess: done updating pids map
09-02 00:47:44.264  1513  1625 W ActivityManager: Slow operation: 1108ms so far, now at startProcess: asking zygote to start proc
09-02 00:47:44.264  1513  1625 D CompatibilityChangeReporter: Compat change id reported: 143937733; UID 10220; state: ENABLED
09-02 00:47:44.264 27246 27246 I cr_ChildProcessService: Creating new ChildProcessService pid=27246
09-02 00:47:44.266 27312 27312 E libc    : SetHeapTaggingLevel: re-enabling tagging after it was disabled is not supported
09-02 00:47:44.271 27246 27285 I cr_LibraryLoader: Using ModernLinker
09-02 00:47:44.272 27246 27285 W linker  : Warning: "/data/app/~~_KLlx60MH8CoecPTjMKp8g==/com.android.chrome-kw9RHYrlHKb9bPXi8OTClw==/base.apk!/lib/arm64-v8a/libchromium_android_linker.so" unused DT entry: unknown processor-specific (type 0x70000001 arg 0x0) (ignoring)
09-02 00:47:44.272 27246 27285 E cr_ChromiumAndroidLinker: ReserveAddressWithHint: Address range starting at 0x7a37602000 was not free to use
09-02 00:47:44.274 27267 27267 I LoadedApk: No resource references to update in package com.google.android.trichromelibrary
09-02 00:47:44.274 27267 27267 D NetworkSecurityConfig: Using Network Security Config from resource 0_resource_name_obfuscated debugBuild: false
09-02 00:47:44.275 27267 27267 D NetworkSecurityConfig: Using Network Security Config from resource 0_resource_name_obfuscated debugBuild: false
09-02 00:47:44.277 27267 27267 I cr_SplitCompatApp: Launched version=107.0.5304.91 minSdkVersion=29 isBundle=true processName=com.android.chrome:sandboxed_process0:org.chromium.content.app.SandboxedProcessService0:76 isIsolated=true
09-02 00:47:44.277 27293 27293 I LoadedApk: No resource references to update in package com.google.android.trichromelibrary
09-02 00:47:44.277 27293 27293 D NetworkSecurityConfig: Using Network Security Config from resource 0_resource_name_obfuscated debugBuild: false
09-02 00:47:44.278 27312 27312 E cessService0:7: Not starting debugger since process cannot load the jdwp agent.
09-02 00:47:44.278 27293 27293 D NetworkSecurityConfig: Using Network Security Config from resource 0_resource_name_obfuscated debugBuild: false
09-02 00:47:44.279 27293 27293 I cr_SplitCompatApp: Launched version=107.0.5304.91 minSdkVersion=29 isBundle=true processName=com.android.chrome:sandboxed_process0:org.chromium.content.app.SandboxedProcessService0:77 isIsolated=true
09-02 00:47:44.285 25184 25184 D Zygote  : Forked child process 27330
09-02 00:47:44.286  1513  2180 D CompatibilityChangeReporter: Compat change id reported: 136274596; UID 10220; state: ENABLED
09-02 00:47:44.286  1513  1625 W ActivityManager: Slow operation: 1131ms so far, now at startProcess: returned from zygote!
09-02 00:47:44.287 27330 27330 E libc    : SetHeapTaggingLevel: re-enabling tagging after it was disabled is not supported
09-02 00:47:44.287   901  1000 D VSC     : @ 53650.738: [WO] tilt angle 87
09-02 00:47:44.288 27267 27267 W SystemServiceRegistry: No service published for: uimode
09-02 00:47:44.289  1513  1625 W ActivityManager: Slow operation: 1134ms so far, now at startProcess: done updating battery stats
09-02 00:47:44.289  1513  1625 W ActivityManager: Slow operation: 1134ms so far, now at startProcess: building log message
09-02 00:47:44.289  1513  1625 I ActivityManager: Start proc 27330:com.android.chrome:sandboxed_process0:org.chromium.content.app.SandboxedProcessService0:79/u0ai79 for  {com.android.chrome/org.chromium.content.app.SandboxedProcessService0:79}
09-02 00:47:44.289  1513  1625 W ActivityManager: Slow operation: 1134ms so far, now at startProcess: starting to update pids map
09-02 00:47:44.289  1513  1625 W ActivityManager: Slow operation: 1134ms so far, now at startProcess: done updating pids map
09-02 00:47:44.290  1513  1625 W ActivityManager: Slow operation: 1113ms so far, now at startProcess: asking zygote to start proc
09-02 00:47:44.290  1513  1625 D CompatibilityChangeReporter: Compat change id reported: 143937733; UID 10220; state: ENABLED
09-02 00:47:44.293 27267 27267 I cr_ChildProcessService: Creating new ChildProcessService pid=27267
09-02 00:47:44.297 27293 27293 W SystemServiceRegistry: No service published for: uimode
09-02 00:47:44.297 27267 27304 I cr_LibraryLoader: Using ModernLinker
09-02 00:47:44.298 27330 27330 E cessService0:7: Not starting debugger since process cannot load the jdwp agent.
09-02 00:47:44.300 27267 27304 W linker  : Warning: "/data/app/~~_KLlx60MH8CoecPTjMKp8g==/com.android.chrome-kw9RHYrlHKb9bPXi8OTClw==/base.apk!/lib/arm64-v8a/libchromium_android_linker.so" unused DT entry: unknown processor-specific (type 0x70000001 arg 0x0) (ignoring)
09-02 00:47:44.301 27267 27304 E cr_ChromiumAndroidLinker: ReserveAddressWithHint: Address range starting at 0x7a37602000 was not free to use
09-02 00:47:44.301 27293 27293 I cr_ChildProcessService: Creating new ChildProcessService pid=27293
09-02 00:47:44.304  1513  2180 D CompatibilityChangeReporter: Compat change id reported: 136274596; UID 10220; state: ENABLED
09-02 00:47:44.308 25184 25184 D Zygote  : Forked child process 27357
09-02 00:47:44.310 27267 27344 I cr_LibraryLoader: Successfully loaded native library
09-02 00:47:44.311 27267 27344 I cr_CachingUmaRecorder: Flushed 3 samples from 3 histograms.
09-02 00:47:44.312  1513  1625 W ActivityManager: Slow operation: 1136ms so far, now at startProcess: returned from zygote!
09-02 00:47:44.312  1513  1625 W ActivityManager: Slow operation: 1136ms so far, now at startProcess: done updating battery stats
09-02 00:47:44.312  1513  1625 W ActivityManager: Slow operation: 1136ms so far, now at startProcess: building log message
09-02 00:47:44.312  1513  1625 I ActivityManager: Start proc 27357:com.android.chrome:sandboxed_process0:org.chromium.content.app.SandboxedProcessService0:80/u0ai80 for  {com.android.chrome/org.chromium.content.app.SandboxedProcessService0:80}
09-02 00:47:44.312  1513  1625 W ActivityManager: Slow operation: 1136ms so far, now at startProcess: starting to update pids map
09-02 00:47:44.313  1513  1625 W ActivityManager: Slow operation: 1136ms so far, now at startProcess: done updating pids map
09-02 00:47:44.313  1513  1625 W ActivityManager: Slow operation: 1114ms so far, now at startProcess: asking zygote to start proc
09-02 00:47:44.313  1513  1625 D CompatibilityChangeReporter: Compat change id reported: 143937733; UID 10220; state: ENABLED
09-02 00:47:44.314 27357 27357 E libc    : SetHeapTaggingLevel: re-enabling tagging after it was disabled is not supported
09-02 00:47:44.315 27312 27312 I LoadedApk: No resource references to update in package com.google.android.trichromelibrary
09-02 00:47:44.315 27312 27312 D NetworkSecurityConfig: Using Network Security Config from resource 0_resource_name_obfuscated debugBuild: false
09-02 00:47:44.315 27293 27311 I cr_LibraryLoader: Using ModernLinker
09-02 00:47:44.316 27312 27312 D NetworkSecurityConfig: Using Network Security Config from resource 0_resource_name_obfuscated debugBuild: false
09-02 00:47:44.317 27293 27311 W linker  : Warning: "/data/app/~~_KLlx60MH8CoecPTjMKp8g==/com.android.chrome-kw9RHYrlHKb9bPXi8OTClw==/base.apk!/lib/arm64-v8a/libchromium_android_linker.so" unused DT entry: unknown processor-specific (type 0x70000001 arg 0x0) (ignoring)
09-02 00:47:44.318 27312 27312 I cr_SplitCompatApp: Launched version=107.0.5304.91 minSdkVersion=29 isBundle=true processName=com.android.chrome:sandboxed_process0:org.chromium.content.app.SandboxedProcessService0:78 isIsolated=true
09-02 00:47:44.326 27357 27357 E cessService0:8: Not starting debugger since process cannot load the jdwp agent.
09-02 00:47:44.327 25184 25184 D Zygote  : Forked child process 27371
09-02 00:47:44.328  1513  1625 W ActivityManager: Slow operation: 1129ms so far, now at startProcess: returned from zygote!
09-02 00:47:44.329  1513  1625 W ActivityManager: Slow operation: 1130ms so far, now at startProcess: done updating battery stats
09-02 00:47:44.329 27371 27371 E libc    : SetHeapTaggingLevel: re-enabling tagging after it was disabled is not supported
09-02 00:47:44.329  1513  1625 W ActivityManager: Slow operation: 1130ms so far, now at startProcess: building log message
09-02 00:47:44.329  1513  1625 I ActivityManager: Start proc 27371:com.android.chrome:sandboxed_process0:org.chromium.content.app.SandboxedProcessService0:81/u0ai81 for  {com.android.chrome/org.chromium.content.app.SandboxedProcessService0:81}
09-02 00:47:44.329  1513  1625 W ActivityManager: Slow operation: 1130ms so far, now at startProcess: starting to update pids map
09-02 00:47:44.329  1513  1625 W ActivityManager: Slow operation: 1130ms so far, now at startProcess: done updating pids map
09-02 00:47:44.329  1513  1625 W ActivityManager: Slow operation: 1103ms so far, now at startProcess: asking zygote to start proc
09-02 00:47:44.330 27312 27312 W SystemServiceRegistry: No service published for: uimode
09-02 00:47:44.332 27371 27371 E cessService0:8: Not starting debugger since process cannot load the jdwp agent.
09-02 00:47:44.335 27312 27312 I cr_ChildProcessService: Creating new ChildProcessService pid=27312
09-02 00:47:44.337 27330 27330 I LoadedApk: No resource references to update in package com.google.android.trichromelibrary
09-02 00:47:44.338 27330 27330 D NetworkSecurityConfig: Using Network Security Config from resource 0_resource_name_obfuscated debugBuild: false
09-02 00:47:44.338  1513  3230 D CompatibilityChangeReporter: Compat change id reported: 136274596; UID 10220; state: ENABLED
09-02 00:47:44.338 27330 27330 D NetworkSecurityConfig: Using Network Security Config from resource 0_resource_name_obfuscated debugBuild: false
09-02 00:47:44.342 27330 27330 I cr_SplitCompatApp: Launched version=107.0.5304.91 minSdkVersion=29 isBundle=true processName=com.android.chrome:sandboxed_process0:org.chromium.content.app.SandboxedProcessService0:79 isIsolated=true
09-02 00:47:44.343 27312 27328 I cr_LibraryLoader: Using ModernLinker
09-02 00:47:44.343 27293 27356 I cr_LibraryLoader: Successfully loaded native library
09-02 00:47:44.345 27293 27356 I cr_CachingUmaRecorder: Flushed 3 samples from 3 histograms.
09-02 00:47:44.345 27312 27328 W linker  : Warning: "/data/app/~~_KLlx60MH8CoecPTjMKp8g==/com.android.chrome-kw9RHYrlHKb9bPXi8OTClw==/base.apk!/lib/arm64-v8a/libchromium_android_linker.so" unused DT entry: unknown processor-specific (type 0x70000001 arg 0x0) (ignoring)
09-02 00:47:44.346 25184 25184 D Zygote  : Forked child process 27394
09-02 00:47:44.347 27312 27328 E cr_ChromiumAndroidLinker: ReserveAddressWithHint: Address range starting at 0x7a37602000 was not free to use
09-02 00:47:44.347  1513  1625 W ActivityManager: Slow operation: 1121ms so far, now at startProcess: returned from zygote!
09-02 00:47:44.347  1513  1625 W ActivityManager: Slow operation: 1121ms so far, now at startProcess: done updating battery stats
09-02 00:47:44.347  1513  1625 W ActivityManager: Slow operation: 1121ms so far, now at startProcess: building log message
09-02 00:47:44.347  1513  1625 I ActivityManager: Start proc 27394:com.android.chrome:sandboxed_process0:org.chromium.content.app.SandboxedProcessService0:82/u0ai82 for  {com.android.chrome/org.chromium.content.app.SandboxedProcessService0:82}
09-02 00:47:44.347  1513  1625 W ActivityManager: Slow operation: 1121ms so far, now at startProcess: starting to update pids map
09-02 00:47:44.347  1513  1625 W ActivityManager: Slow operation: 1121ms so far, now at startProcess: done updating pids map
09-02 00:47:44.347  1513  1625 W ActivityManager: Slow operation: 1094ms so far, now at startProcess: asking zygote to start proc
09-02 00:47:44.348  1513  1625 D CompatibilityChangeReporter: Compat change id reported: 143937733; UID 10220; state: ENABLED
09-02 00:47:44.354  1513  2013 D CompatibilityChangeReporter: Compat change id reported: 136274596; UID 10220; state: ENABLED
09-02 00:47:44.356 27213 27298 I cr_LibraryLoader: Successfully loaded native library
09-02 00:47:44.356 27394 27394 E libc    : SetHeapTaggingLevel: re-enabling tagging after it was disabled is not supported
09-02 00:47:44.358 27330 27330 W SystemServiceRegistry: No service published for: uimode
09-02 00:47:44.361 25184 25184 D Zygote  : Forked child process 27406
09-02 00:47:44.362  1513  1625 W ActivityManager: Slow operation: 1108ms so far, now at startProcess: returned from zygote!
09-02 00:47:44.362  1513  1625 W ActivityManager: Slow operation: 1108ms so far, now at startProcess: done updating battery stats
09-02 00:47:44.362  1513  1625 W ActivityManager: Slow operation: 1108ms so far, now at startProcess: building log message
09-02 00:47:44.362  1513  1625 I ActivityManager: Start proc 27406:com.android.chrome:sandboxed_process0:org.chromium.content.app.SandboxedProcessService0:83/u0ai83 for  {com.android.chrome/org.chromium.content.app.SandboxedProcessService0:83}
09-02 00:47:44.362  1513  1625 W ActivityManager: Slow operation: 1109ms so far, now at startProcess: starting to update pids map
09-02 00:47:44.362  1513  1625 W ActivityManager: Slow operation: 1109ms so far, now at startProcess: done updating pids map
09-02 00:47:44.362  1513  1625 W ActivityManager: Slow operation: 1091ms so far, now at startProcess: asking zygote to start proc
09-02 00:47:44.362  1513  1625 D CompatibilityChangeReporter: Compat change id reported: 143937733; UID 10220; state: ENABLED
09-02 00:47:44.363 27394 27394 E cessService0:8: Not starting debugger since process cannot load the jdwp agent.
09-02 00:47:44.365 27330 27330 I cr_ChildProcessService: Creating new ChildProcessService pid=27330
09-02 00:47:44.367 27312 27391 I cr_LibraryLoader: Successfully loaded native library
09-02 00:47:44.367 27406 27406 E libc    : SetHeapTaggingLevel: re-enabling tagging after it was disabled is not supported
09-02 00:47:44.368 27312 27391 I cr_CachingUmaRecorder: Flushed 3 samples from 3 histograms.
09-02 00:47:44.369  1513  3375 D CompatibilityChangeReporter: Compat change id reported: 136274596; UID 10220; state: ENABLED
09-02 00:47:44.371 27330 27362 I cr_LibraryLoader: Using ModernLinker
09-02 00:47:44.372 27330 27362 W linker  : Warning: "/data/app/~~_KLlx60MH8CoecPTjMKp8g==/com.android.chrome-kw9RHYrlHKb9bPXi8OTClw==/base.apk!/lib/arm64-v8a/libchromium_android_linker.so" unused DT entry: unknown processor-specific (type 0x70000001 arg 0x0) (ignoring)
09-02 00:47:44.373 27371 27371 I LoadedApk: No resource references to update in package com.google.android.trichromelibrary
09-02 00:47:44.373 27371 27371 D NetworkSecurityConfig: Using Network Security Config from resource 0_resource_name_obfuscated debugBuild: false
09-02 00:47:44.374 27371 27371 D NetworkSecurityConfig: Using Network Security Config from resource 0_resource_name_obfuscated debugBuild: false
09-02 00:47:44.375 27371 27371 I cr_SplitCompatApp: Launched version=107.0.5304.91 minSdkVersion=29 isBundle=true processName=com.android.chrome:sandboxed_process0:org.chromium.content.app.SandboxedProcessService0:81 isIsolated=true
09-02 00:47:44.375 27330 27416 I cr_LibraryLoader: Successfully loaded native library
09-02 00:47:44.376 27330 27416 I cr_CachingUmaRecorder: Flushed 3 samples from 3 histograms.
09-02 00:47:44.376 27357 27357 I LoadedApk: No resource references to update in package com.google.android.trichromelibrary
09-02 00:47:44.376 27357 27357 D NetworkSecurityConfig: Using Network Security Config from resource 0_resource_name_obfuscated debugBuild: false
09-02 00:47:44.378 27357 27357 D NetworkSecurityConfig: Using Network Security Config from resource 0_resource_name_obfuscated debugBuild: false
09-02 00:47:44.379 27357 27357 I cr_SplitCompatApp: Launched version=107.0.5304.91 minSdkVersion=29 isBundle=true processName=com.android.chrome:sandboxed_process0:org.chromium.content.app.SandboxedProcessService0:80 isIsolated=true
09-02 00:47:44.386 27371 27371 W SystemServiceRegistry: No service published for: uimode
09-02 00:47:44.389 27427 27427 E libc    : SetHeapTaggingLevel: re-enabling tagging after it was disabled is not supported
09-02 00:47:44.391 27371 27371 I cr_ChildProcessService: Creating new ChildProcessService pid=27371
09-02 00:47:44.391 27357 27357 W SystemServiceRegistry: No service published for: uimode
09-02 00:47:44.392 25184 25184 D Zygote  : Forked child process 27427
09-02 00:47:44.392 27406 27406 E cessService0:8: Not starting debugger since process cannot load the jdwp agent.
09-02 00:47:44.392  1513  1625 W ActivityManager: Slow operation: 1121ms so far, now at startProcess: returned from zygote!
09-02 00:47:44.392  1513  1625 W ActivityManager: Slow operation: 1121ms so far, now at startProcess: done updating battery stats
09-02 00:47:44.392  1513  1625 W ActivityManager: Slow operation: 1121ms so far, now at startProcess: building log message
09-02 00:47:44.392  1513  1625 I ActivityManager: Start proc 27427:com.android.chrome:sandboxed_process0:org.chromium.content.app.SandboxedProcessService0:84/u0ai84 for  {com.android.chrome/org.chromium.content.app.SandboxedProcessService0:84}
09-02 00:47:44.392  1513  1625 W ActivityManager: Slow operation: 1121ms so far, now at startProcess: starting to update pids map
09-02 00:47:44.392  1513  1625 W ActivityManager: Slow operation: 1121ms so far, now at startProcess: done updating pids map
09-02 00:47:44.392  1513  1625 W ActivityManager: Slow operation: 1096ms so far, now at startProcess: asking zygote to start proc
09-02 00:47:44.393  1513  1625 D CompatibilityChangeReporter: Compat change id reported: 143937733; UID 10220; state: ENABLED
09-02 00:47:44.395 27371 27392 I cr_LibraryLoader: Using ModernLinker
09-02 00:47:44.396 27371 27392 W linker  : Warning: "/data/app/~~_KLlx60MH8CoecPTjMKp8g==/com.android.chrome-kw9RHYrlHKb9bPXi8OTClw==/base.apk!/lib/arm64-v8a/libchromium_android_linker.so" unused DT entry: unknown processor-specific (type 0x70000001 arg 0x0) (ignoring)
09-02 00:47:44.397 27357 27357 I cr_ChildProcessService: Creating new ChildProcessService pid=27357
09-02 00:47:44.399 27427 27427 E cessService0:8: Not starting debugger since process cannot load the jdwp agent.
09-02 00:47:44.405 27371 27428 I cr_LibraryLoader: Successfully loaded native library
09-02 00:47:44.405  1513  2013 D CompatibilityChangeReporter: Compat change id reported: 136274596; UID 10220; state: ENABLED
09-02 00:47:44.407 27394 27394 I LoadedApk: No resource references to update in package com.google.android.trichromelibrary
09-02 00:47:44.407 27394 27394 D NetworkSecurityConfig: Using Network Security Config from resource 0_resource_name_obfuscated debugBuild: false
09-02 00:47:44.408 27394 27394 D NetworkSecurityConfig: Using Network Security Config from resource 0_resource_name_obfuscated debugBuild: false
09-02 00:47:44.409 27371 27428 I cr_CachingUmaRecorder: Flushed 3 samples from 3 histograms.
09-02 00:47:44.409 27357 27400 I cr_LibraryLoader: Using ModernLinker
09-02 00:47:44.409 27394 27394 I cr_SplitCompatApp: Launched version=107.0.5304.91 minSdkVersion=29 isBundle=true processName=com.android.chrome:sandboxed_process0:org.chromium.content.app.SandboxedProcessService0:82 isIsolated=true
09-02 00:47:44.410  1513  3375 D CompatibilityChangeReporter: Compat change id reported: 136274596; UID 10220; state: ENABLED
09-02 00:47:44.413 27357 27400 W linker  : Warning: "/data/app/~~_KLlx60MH8CoecPTjMKp8g==/com.android.chrome-kw9RHYrlHKb9bPXi8OTClw==/base.apk!/lib/arm64-v8a/libchromium_android_linker.so" unused DT entry: unknown processor-specific (type 0x70000001 arg 0x0) (ignoring)
09-02 00:47:44.416 25184 25184 D Zygote  : Forked child process 27452
09-02 00:47:44.421 27394 27394 W SystemServiceRegistry: No service published for: uimode
09-02 00:47:44.421 27357 27444 I cr_LibraryLoader: Successfully loaded native library
09-02 00:47:44.421 27357 27444 I cr_CachingUmaRecorder: Flushed 3 samples from 3 histograms.
09-02 00:47:44.422  1513  1625 W ActivityManager: Slow operation: 1126ms so far, now at startProcess: returned from zygote!
09-02 00:47:44.422  1513  1625 W ActivityManager: Slow operation: 1126ms so far, now at startProcess: done updating battery stats
09-02 00:47:44.422  1513  1625 W ActivityManager: Slow operation: 1126ms so far, now at startProcess: building log message
09-02 00:47:44.422  1513  1625 I ActivityManager: Start proc 27452:com.android.chrome:sandboxed_process0:org.chromium.content.app.SandboxedProcessService0:85/u0ai85 for  {com.android.chrome/org.chromium.content.app.SandboxedProcessService0:85}
09-02 00:47:44.422  1513  1625 W ActivityManager: Slow operation: 1126ms so far, now at startProcess: starting to update pids map
09-02 00:47:44.423  1513  1625 W ActivityManager: Slow operation: 1126ms so far, now at startProcess: done updating pids map
09-02 00:47:44.423  1513  1625 W ActivityManager: Slow operation: 1093ms so far, now at startProcess: asking zygote to start proc
09-02 00:47:44.423  1513  1625 D CompatibilityChangeReporter: Compat change id reported: 143937733; UID 10220; state: ENABLED
09-02 00:47:44.425 27452 27452 E libc    : SetHeapTaggingLevel: re-enabling tagging after it was disabled is not supported
09-02 00:47:44.425 27394 27394 I cr_ChildProcessService: Creating new ChildProcessService pid=27394
09-02 00:47:44.428 27452 27452 E cessService0:8: Not starting debugger since process cannot load the jdwp agent.
09-02 00:47:44.434 27394 27426 I cr_LibraryLoader: Using ModernLinker
09-02 00:47:44.434 27406 27406 I LoadedApk: No resource references to update in package com.google.android.trichromelibrary
09-02 00:47:44.434 27406 27406 D NetworkSecurityConfig: Using Network Security Config from resource 0_resource_name_obfuscated debugBuild: false
09-02 00:47:44.435 27406 27406 D NetworkSecurityConfig: Using Network Security Config from resource 0_resource_name_obfuscated debugBuild: false
09-02 00:47:44.436 27394 27426 W linker  : Warning: "/data/app/~~_KLlx60MH8CoecPTjMKp8g==/com.android.chrome-kw9RHYrlHKb9bPXi8OTClw==/base.apk!/lib/arm64-v8a/libchromium_android_linker.so" unused DT entry: unknown processor-specific (type 0x70000001 arg 0x0) (ignoring)
09-02 00:47:44.436 27246 27317 I cr_LibraryLoader: Successfully loaded native library
09-02 00:47:44.437 27406 27406 I cr_SplitCompatApp: Launched version=107.0.5304.91 minSdkVersion=29 isBundle=true processName=com.android.chrome:sandboxed_process0:org.chromium.content.app.SandboxedProcessService0:83 isIsolated=true
09-02 00:47:44.437 27394 27426 E cr_ChromiumAndroidLinker: ReserveAddressWithHint: Address range starting at 0x7a37602000 was not free to use
09-02 00:47:44.437 25184 25184 D Zygote  : Forked child process 27469
09-02 00:47:44.438 27246 27317 I cr_CachingUmaRecorder: Flushed 3 samples from 3 histograms.
09-02 00:47:44.438  1513  1625 W ActivityManager: Slow operation: 1109ms so far, now at startProcess: returned from zygote!
09-02 00:47:44.438  1513  1625 W ActivityManager: Slow operation: 1109ms so far, now at startProcess: done updating battery stats
09-02 00:47:44.438  1513  1625 W ActivityManager: Slow operation: 1109ms so far, now at startProcess: building log message
09-02 00:47:44.438  1513  1625 I ActivityManager: Start proc 27469:com.android.chrome:sandboxed_process0:org.chromium.content.app.SandboxedProcessService0:86/u0ai86 for  {com.android.chrome/org.chromium.content.app.SandboxedProcessService0:86}
09-02 00:47:44.438  1513  1625 W ActivityManager: Slow operation: 1109ms so far, now at startProcess: starting to update pids map
09-02 00:47:44.438  1513  1625 W ActivityManager: Slow operation: 1109ms so far, now at startProcess: done updating pids map
09-02 00:47:44.438  1513  1625 W ActivityManager: Slow operation: 1084ms so far, now at startProcess: asking zygote to start proc
09-02 00:47:44.439 27427 27427 I LoadedApk: No resource references to update in package com.google.android.trichromelibrary
09-02 00:47:44.440 27427 27427 D NetworkSecurityConfig: Using Network Security Config from resource 0_resource_name_obfuscated debugBuild: false
09-02 00:47:44.440 27469 27469 E libc    : SetHeapTaggingLevel: re-enabling tagging after it was disabled is not supported
09-02 00:47:44.441 27427 27427 D NetworkSecurityConfig: Using Network Security Config from resource 0_resource_name_obfuscated debugBuild: false
09-02 00:47:44.442  1513  3230 D CompatibilityChangeReporter: Compat change id reported: 136274596; UID 10220; state: ENABLED
09-02 00:47:44.443 27427 27427 I cr_SplitCompatApp: Launched version=107.0.5304.91 minSdkVersion=29 isBundle=true processName=com.android.chrome:sandboxed_process0:org.chromium.content.app.SandboxedProcessService0:84 isIsolated=true
09-02 00:47:44.447 27394 27460 I cr_LibraryLoader: Successfully loaded native library
09-02 00:47:44.447 27394 27460 I cr_CachingUmaRecorder: Flushed 3 samples from 3 histograms.
09-02 00:47:44.450 27406 27406 W SystemServiceRegistry: No service published for: uimode
09-02 00:47:44.451 27469 27469 E cessService0:8: Not starting debugger since process cannot load the jdwp agent.
09-02 00:47:44.455 27427 27427 W SystemServiceRegistry: No service published for: uimode
09-02 00:47:44.457 27406 27406 I cr_ChildProcessService: Creating new ChildProcessService pid=27406
09-02 00:47:44.458  1513  2013 D CompatibilityChangeReporter: Compat change id reported: 136274596; UID 10220; state: ENABLED
09-02 00:47:44.462 27427 27427 I cr_ChildProcessService: Creating new ChildProcessService pid=27427
09-02 00:47:44.463 25184 25184 D Zygote  : Forked child process 27489
09-02 00:47:44.464  1513  1625 W ActivityManager: Slow operation: 1109ms so far, now at startProcess: returned from zygote!
09-02 00:47:44.464  1513  1625 W ActivityManager: Slow operation: 1110ms so far, now at startProcess: done updating battery stats
09-02 00:47:44.464  1513  1625 W ActivityManager: Slow operation: 1110ms so far, now at startProcess: building log message
09-02 00:47:44.464  1513  1625 I ActivityManager: Start proc 27489:com.android.chrome:sandboxed_process0:org.chromium.content.app.SandboxedProcessService0:87/u0ai87 for  {com.android.chrome/org.chromium.content.app.SandboxedProcessService0:87}
09-02 00:47:44.464  1513  1625 W ActivityManager: Slow operation: 1110ms so far, now at startProcess: starting to update pids map
09-02 00:47:44.464  1513  1625 W ActivityManager: Slow operation: 1110ms so far, now at startProcess: done updating pids map
09-02 00:47:44.464  1513  1625 W ActivityManager: Slow operation: 1090ms so far, now at startProcess: asking zygote to start proc
09-02 00:47:44.464  1513  1625 D CompatibilityChangeReporter: Compat change id reported: 143937733; UID 10220; state: ENABLED
09-02 00:47:44.465 27406 27451 I cr_LibraryLoader: Using ModernLinker
09-02 00:47:44.467 27489 27489 E libc    : SetHeapTaggingLevel: re-enabling tagging after it was disabled is not supported
09-02 00:47:44.467 27406 27451 W linker  : Warning: "/data/app/~~_KLlx60MH8CoecPTjMKp8g==/com.android.chrome-kw9RHYrlHKb9bPXi8OTClw==/base.apk!/lib/arm64-v8a/libchromium_android_linker.so" unused DT entry: unknown processor-specific (type 0x70000001 arg 0x0) (ignoring)
09-02 00:47:44.467 27427 27457 I cr_LibraryLoader: Using ModernLinker
09-02 00:47:44.468 27427 27457 W linker  : Warning: "/data/app/~~_KLlx60MH8CoecPTjMKp8g==/com.android.chrome-kw9RHYrlHKb9bPXi8OTClw==/base.apk!/lib/arm64-v8a/libchromium_android_linker.so" unused DT entry: unknown processor-specific (type 0x70000001 arg 0x0) (ignoring)
09-02 00:47:44.471 27452 27452 I LoadedApk: No resource references to update in package com.google.android.trichromelibrary
09-02 00:47:44.471 27452 27452 D NetworkSecurityConfig: Using Network Security Config from resource 0_resource_name_obfuscated debugBuild: false
09-02 00:47:44.473 27452 27452 D NetworkSecurityConfig: Using Network Security Config from resource 0_resource_name_obfuscated debugBuild: false
09-02 00:47:44.474 27406 27486 I cr_LibraryLoader: Successfully loaded native library
09-02 00:47:44.474 27452 27452 I cr_SplitCompatApp: Launched version=107.0.5304.91 minSdkVersion=29 isBundle=true processName=com.android.chrome:sandboxed_process0:org.chromium.content.app.SandboxedProcessService0:85 isIsolated=true
09-02 00:47:44.474 27406 27486 I cr_CachingUmaRecorder: Flushed 3 samples from 3 histograms.
09-02 00:47:44.480 27489 27489 E cessService0:8: Not starting debugger since process cannot load the jdwp agent.
09-02 00:47:44.481 27427 27488 I cr_LibraryLoader: Successfully loaded native library
09-02 00:47:44.482 27469 27469 I LoadedApk: No resource references to update in package com.google.android.trichromelibrary
09-02 00:47:44.482 27427 27488 I cr_CachingUmaRecorder: Flushed 3 samples from 3 histograms.
09-02 00:47:44.482 27469 27469 D NetworkSecurityConfig: Using Network Security Config from resource 0_resource_name_obfuscated debugBuild: false
09-02 00:47:44.483 27469 27469 D NetworkSecurityConfig: Using Network Security Config from resource 0_resource_name_obfuscated debugBuild: false
09-02 00:47:44.485 27469 27469 I cr_SplitCompatApp: Launched version=107.0.5304.91 minSdkVersion=29 isBundle=true processName=com.android.chrome:sandboxed_process0:org.chromium.content.app.SandboxedProcessService0:86 isIsolated=true
