09-02 00:49:31.680  1513  1640 I libprocessgroup: Successfully killed process cgroup uid 90023 pid 29198 in 0ms
09-02 00:49:31.680  1513  1640 I libprocessgroup: Successfully killed process cgroup uid 90024 pid 29224 in 0ms
09-02 00:49:31.680  1513  1640 I libprocessgroup: Successfully killed process cgroup uid 90022 pid 29164 in 0ms
09-02 00:49:31.680  1513  1640 I libprocessgroup: Successfully killed process cgroup uid 90021 pid 29134 in 0ms
09-02 00:49:31.680  1513  1640 I libprocessgroup: Successfully killed process cgroup uid 90020 pid 29107 in 0ms
09-02 00:49:31.680  1513  1640 I libprocessgroup: Successfully killed process cgroup uid 90016 pid 28984 in 0ms
09-02 00:49:31.680  1513  1640 I libprocessgroup: Successfully killed process cgroup uid 90013 pid 28876 in 0ms
09-02 00:49:31.680  1513  1640 I libprocessgroup: Successfully killed process cgroup uid 90010 pid 28802 in 0ms
09-02 00:49:31.681  1513  1640 I libprocessgroup: Successfully killed process cgroup uid 90007 pid 28705 in 0ms
09-02 00:49:31.681  1513  1640 I libprocessgroup: Successfully killed process cgroup uid 90005 pid 28668 in 0ms
09-02 00:49:31.681  1513  1640 I libprocessgroup: Successfully killed process cgroup uid 90002 pid 28608 in 0ms
09-02 00:49:31.710  2858  2858 I GoogleInputMethodService: GoogleInputMethodService.onFinishInput():3280 
09-02 00:49:31.711  2858  2858 I GoogleInputMethodService: GoogleInputMethodService.updateDeviceLockedStatus():2169 repeatCheckTimes = 0, unlocked = true
09-02 00:49:31.711  2858  2858 I GoogleInputMethodService: GoogleInputMethodService.onStartInput():1960 onStartInput(EditorInfo{inputType=0x0(NULL) imeOptions=0x0 privateImeOptions=null actionName=UNSPECIFIED actionLabel=null actionId=0 initialSelStart=-1 initialSelEnd=-1 initialCapsMode=0x0 hintText=null label=null packageName=com.example.batterymanager_utility fieldId=-1 fieldName=null extras=null}, false)
09-02 00:49:31.711  2858  2858 I GoogleInputMethodService: GoogleInputMethodService.shouldHideHeaderOnInitialState():4081 ShouldHideHeaderOnInitialState = false
09-02 00:49:31.712  2858  2858 I GoogleInputMethodService: GoogleInputMethodService.updateDeviceLockedStatus():2169 repeatCheckTimes = 2, unlocked = true
09-02 00:49:31.814  1513  1513 W Looper  : Slow dispatch took 178ms main h=android.app.ActivityThread$H c=android.app.-$$Lambda$LoadedApk$ReceiverDispatcher$Args$_BumDX2UKsnxLVrE6UJsJZkotuA@3c105bd m=0
09-02 00:49:31.814  1513  1565 W Looper  : Slow dispatch took 176ms android.fg h=com.android.server.AppStateTracker$MyHandler c=null m=0
09-02 00:49:32.025   594   655 I SDM     : HWDeviceDRM::UpdateMixerAttributes: Mixer WxH 1080x2340-1 for Peripheral
09-02 00:49:32.025   594   655 I SDM     : DisplayBase::SetActiveConfig: Active configuration changed to: 0
09-02 00:49:32.026   594   655 I SDM     : StrategyImpl::SetIdleTimeoutMs: Idle timeout set to zero for command mode panels
09-02 00:49:32.029   901  2806 I sensors-hal: [ssc_utils]get_qmi_debug_flag:244, support_qmi_debug : false
09-02 00:49:32.040  1513  1572 I DisplayManagerService: Display device changed: DisplayDeviceInfo{"Built-in Screen": uniqueId="local:19260504575090817", 1080 x 2340, modeId 2, defaultModeId 2, supportedModes [{id=1, width=1080, height=2340, fps=90.0}, {id=2, width=1080, height=2340, fps=60.000004}], colorMode 0, supportedColorModes [0, 7, 9], HdrCapabilities HdrCapabilities{mSupportedHdrTypes=[2, 3, 4], mMaxLuminance=500.0, mMaxAverageLuminance=500.0, mMinLuminance=0.0}, allmSupported false, gameContentTypeSupported false, density 440, 435.428 x 433.839 dpi, appVsyncOff 2333332, presDeadline 11500000, cutout DisplayCutout{insets=Rect(0, 136 - 0, 0) waterfall=Insets{left=0, top=0, right=0, bottom=0} boundingRect={Bounds=[Rect(0, 0 - 0, 0), Rect(0, 0 - 136, 136), Rect(0, 0 - 0, 0), Rect(0, 0 - 0, 0)]}}, touch INTERNAL, rotation 0, type INTERNAL, address {port=129, model=0x446d53ad64a0}, deviceProductInfo DeviceProductInfo{name=, manufacturerPnpId=QCM, productId=1, modelYear=null, manufactureDate=ManufactureDate{week=27, year=2006}, relativeAddress=null}, state ON, FLAG_DEFAULT_DISPLAY, FLAG_ROTATES_WITH_CONTENT, FLAG_SECURE, FLAG_SUPPORTS_PROTECTED_BUFFERS}
09-02 00:49:32.042   594   655 I SDM     : StrategyImpl::SetIdleTimeoutMs: Idle timeout set to zero for command mode panels
09-02 00:49:32.047   901  1000 W ASH     : @ 53758.498: Unhandled msg ID 999: line 1277
09-02 00:49:32.047   901  1000 E ASH     : @ 53758.498: No pb callback assigned
09-02 00:49:32.047   901  1000 E ASH     : @ 53758.498: Nanopb error: callback failed:1588
09-02 00:49:32.065   594   655 I SDM     : HWDeviceDRM::UpdateMixerAttributes: Mixer WxH 1080x2340-1 for Peripheral
09-02 00:49:32.065   594   655 I SDM     : DisplayBase::SetActiveConfig: Active configuration changed to: 1
09-02 00:49:32.065   594   655 I SDM     : StrategyImpl::SetIdleTimeoutMs: Idle timeout set to zero for command mode panels
09-02 00:49:32.068  1513  1572 I DisplayManagerService: Display device changed: DisplayDeviceInfo{"Built-in Screen": uniqueId="local:19260504575090817", 1080 x 2340, modeId 1, defaultModeId 2, supportedModes [{id=1, width=1080, height=2340, fps=90.0}, {id=2, width=1080, height=2340, fps=60.000004}], colorMode 0, supportedColorModes [0, 7, 9], HdrCapabilities HdrCapabilities{mSupportedHdrTypes=[2, 3, 4], mMaxLuminance=500.0, mMaxAverageLuminance=500.0, mMinLuminance=0.0}, allmSupported false, gameContentTypeSupported false, density 440, 435.428 x 433.839 dpi, appVsyncOff 2333333, presDeadline 11500000, cutout DisplayCutout{insets=Rect(0, 136 - 0, 0) waterfall=Insets{left=0, top=0, right=0, bottom=0} boundingRect={Bounds=[Rect(0, 0 - 0, 0), Rect(0, 0 - 136, 136), Rect(0, 0 - 0, 0), Rect(0, 0 - 0, 0)]}}, touch INTERNAL, rotation 0, type INTERNAL, address {port=129, model=0x446d53ad64a0}, deviceProductInfo DeviceProductInfo{name=, manufacturerPnpId=QCM, productId=1, modelYear=null, manufactureDate=ManufactureDate{week=27, year=2006}, relativeAddress=null}, state ON, FLAG_DEFAULT_DISPLAY, FLAG_ROTATES_WITH_CONTENT, FLAG_SECURE, FLAG_SUPPORTS_PROTECTED_BUFFERS}
09-02 00:49:32.069   901  2806 I sensors-hal: [ssc_utils]get_qmi_debug_flag:244, support_qmi_debug : false
09-02 00:49:32.087   901  1000 W ASH     : @ 53758.538: Unhandled msg ID 999: line 1277
09-02 00:49:32.087   901  1000 E ASH     : @ 53758.538: No pb callback assigned
09-02 00:49:32.087   901  1000 E ASH     : @ 53758.538: Nanopb error: callback failed:1588
09-02 00:49:32.327   901  1000 D VSC     : @ 53758.778: [WO] tilt angle 87
09-02 00:49:32.436 28490 28490 I Zygote  : Process 30545 exited cleanly (0)
09-02 00:49:32.535 28490 28490 I Zygote  : Process 30451 exited cleanly (0)
09-02 00:49:32.560 28490 28490 I Zygote  : Process 29716 exited due to signal 9 (Killed)
09-02 00:49:32.562 28490 28490 I Zygote  : Process 30909 exited due to signal 9 (Killed)
09-02 00:49:32.573 28490 28490 I Zygote  : Process 30002 exited due to signal 9 (Killed)
09-02 00:49:32.574 28490 28490 I Zygote  : Process 29630 exited due to signal 9 (Killed)
09-02 00:49:32.575 28490 28490 I Zygote  : Process 30505 exited cleanly (0)
09-02 00:49:32.576 28490 28490 I Zygote  : Process 30039 exited cleanly (0)
09-02 00:49:32.590 28490 28490 I Zygote  : Process 28705 exited cleanly (0)
09-02 00:49:32.591 28490 28490 I Zygote  : Process 30020 exited due to signal 9 (Killed)
09-02 00:49:32.595 28490 28490 I Zygote  : Process 29951 exited cleanly (0)
09-02 00:49:32.596 28490 28490 I Zygote  : Process 30325 exited cleanly (0)
09-02 00:49:32.597 28490 28490 I Zygote  : Process 30635 exited due to signal 9 (Killed)
09-02 00:49:32.600 28490 28490 I Zygote  : Process 30238 exited due to signal 9 (Killed)
09-02 00:49:32.601 28490 28490 I Zygote  : Process 30848 exited cleanly (0)
09-02 00:49:32.611 28490 28490 I Zygote  : Process 30926 exited due to signal 9 (Killed)
09-02 00:49:32.611 28490 31432 I Zygote  : Process 30469 exited cleanly (0)
09-02 00:49:32.612 28490 28490 I Zygote  : Process 30827 exited cleanly (0)
09-02 00:49:32.613 28490 28490 I Zygote  : Process 30887 exited cleanly (0)
09-02 00:49:32.616 28490 28490 I Zygote  : Process 29835 exited due to signal 9 (Killed)
09-02 00:49:32.617 28490 28490 I Zygote  : Process 29407 exited due to signal 9 (Killed)
09-02 00:49:32.618 28490 28490 I Zygote  : Process 30808 exited due to signal 9 (Killed)
09-02 00:49:32.618 28490 31432 I Zygote  : Process 30280 exited cleanly (0)
09-02 00:49:32.619 28490 28490 I Zygote  : Process 29906 exited due to signal 9 (Killed)
09-02 00:49:32.620 28490 28490 I Zygote  : Process 30185 exited cleanly (0)
09-02 00:49:32.621 28490 28490 I Zygote  : Process 29746 exited due to signal 9 (Killed)
09-02 00:49:32.621 28490 28490 I Zygote  : Process 30255 exited cleanly (0)
09-02 00:49:32.622 28490 28490 I Zygote  : Process 30867 exited cleanly (0)
09-02 00:49:32.627 28490 28490 I Zygote  : Process 30434 exited due to signal 9 (Killed)
09-02 00:49:32.629 28490 31432 I Zygote  : Process 29774 exited due to signal 9 (Killed)
09-02 00:49:32.629 28490 28490 I Zygote  : Process 30402 exited cleanly (0)
09-02 00:49:32.630 28490 28490 I Zygote  : Process 30559 exited cleanly (0)
09-02 00:49:32.630 28490 31432 I Zygote  : Process 30487 exited cleanly (0)
09-02 00:49:32.631 28490 28490 I Zygote  : Process 30120 exited cleanly (0)
09-02 00:49:32.631 28490 28490 I Zygote  : Process 29040 exited due to signal 9 (Killed)
09-02 00:49:32.634 28490 28490 I Zygote  : Process 29934 exited due to signal 9 (Killed)
09-02 00:49:32.634 28490 28490 I Zygote  : Process 29984 exited due to signal 9 (Killed)
09-02 00:49:32.638 28490 28490 I Zygote  : Process 30733 exited cleanly (0)
09-02 00:49:32.642 28490 28490 I Zygote  : Process 30214 exited cleanly (0)
09-02 00:49:32.645 28490 28490 I Zygote  : Process 28876 exited due to signal 9 (Killed)
09-02 00:49:32.646 28490 28490 I Zygote  : Process 29870 exited cleanly (0)
09-02 00:49:32.649 28490 28490 I Zygote  : Process 30663 exited cleanly (0)
09-02 00:49:32.649 28490 28490 I Zygote  : Process 30141 exited due to signal 9 (Killed)
09-02 00:49:32.650 28490 28490 I Zygote  : Process 30354 exited cleanly (0)
09-02 00:49:32.651 28490 28490 I Zygote  : Process 30682 exited due to signal 9 (Killed)
09-02 00:49:32.651 28490 28490 I Zygote  : Process 30061 exited cleanly (0)
09-02 00:49:32.654 28490 28490 I Zygote  : Process 29480 exited cleanly (0)
09-02 00:49:32.656 28490 28490 I Zygote  : Process 30298 exited cleanly (0)
09-02 00:49:32.660 28490 28490 I Zygote  : Process 28863 exited due to signal 9 (Killed)
09-02 00:49:32.660 28490 28490 I Zygote  : Process 30083 exited due to signal 9 (Killed)
09-02 00:49:32.663 28490 28490 I Zygote  : Process 30603 exited cleanly (0)
09-02 00:49:32.665 28490 28490 I Zygote  : Process 28608 exited cleanly (0)
09-02 00:49:32.667 28490 28490 I Zygote  : Process 29224 exited cleanly (0)
09-02 00:49:32.670 28490 28490 I Zygote  : Process 30525 exited cleanly (0)
09-02 00:49:32.673 28490 28490 I Zygote  : Process 29198 exited cleanly (0)
09-02 00:49:32.674 28490 28490 I Zygote  : Process 30101 exited due to signal 9 (Killed)
09-02 00:49:32.684 28490 28490 I Zygote  : Process 28687 exited due to signal 9 (Killed)
09-02 00:49:32.691 28490 28490 I Zygote  : Process 29816 exited due to signal 9 (Killed)
09-02 00:49:32.708 28490 28490 I Zygote  : Process 29278 exited cleanly (0)
09-02 00:49:32.714 28490 28490 I Zygote  : Process 28984 exited cleanly (0)
09-02 00:49:32.716 28490 28490 I Zygote  : Process 30162 exited cleanly (0)
09-02 00:49:32.720 28490 28490 I Zygote  : Process 30592 exited due to signal 9 (Killed)
09-02 00:49:32.722 28490 28490 I Zygote  : Process 28626 exited due to signal 9 (Killed)
09-02 00:49:32.725 28490 28490 I Zygote  : Process 29107 exited cleanly (0)
09-02 00:49:32.728 28490 28490 I Zygote  : Process 28951 exited cleanly (0)
09-02 00:49:32.731 28490 31432 I Zygote  : Process 29299 exited cleanly (0)
09-02 00:49:32.731 28490 28490 I Zygote  : Process 28518 exited due to signal 9 (Killed)
09-02 00:49:32.732 28490 28490 I Zygote  : Process 28827 exited due to signal 9 (Killed)
09-02 00:49:32.736 28490 28490 I Zygote  : Process 29342 exited due to signal 9 (Killed)
09-02 00:49:32.737 28490 28490 I Zygote  : Process 29655 exited due to signal 9 (Killed)
09-02 00:49:32.742 28490 28490 I Zygote  : Process 29686 exited due to signal 9 (Killed)
09-02 00:49:32.742 28490 31432 I Zygote  : Process 28916 exited due to signal 9 (Killed)
09-02 00:49:32.743 28490 28490 I Zygote  : Process 28668 exited cleanly (0)
09-02 00:49:32.743 28490 28490 I Zygote  : Process 28593 exited due to signal 9 (Killed)
09-02 00:49:32.744 28490 28490 I Zygote  : Process 29080 exited due to signal 9 (Killed)
09-02 00:49:32.745 28490 28490 I Zygote  : Process 28729 exited due to signal 9 (Killed)
09-02 00:49:32.746 28490 28490 I Zygote  : Process 29377 exited due to signal 9 (Killed)
09-02 00:49:32.747 28490 28490 I Zygote  : Process 29609 exited due to signal 9 (Killed)
09-02 00:49:32.758 28490 28490 I Zygote  : Process 30776 exited due to signal 9 (Killed)
09-02 00:49:32.760 28490 28490 I Zygote  : Process 28802 exited due to signal 9 (Killed)
09-02 00:49:32.760 28490 31432 I Zygote  : Process 29515 exited due to signal 9 (Killed)
09-02 00:49:32.765 28490 28490 I Zygote  : Process 28638 exited due to signal 9 (Killed)
09-02 00:49:32.765 28490 31432 I Zygote  : Process 29460 exited cleanly (0)
09-02 00:49:32.767 28490 28490 I Zygote  : Process 29250 exited due to signal 9 (Killed)
09-02 00:49:32.769 28490 28490 I Zygote  : Process 29439 exited due to signal 9 (Killed)
09-02 00:49:32.769 28490 28490 I Zygote  : Process 28775 exited due to signal 9 (Killed)
09-02 00:49:32.771 28490 28490 I Zygote  : Process 29585 exited due to signal 9 (Killed)
09-02 00:49:32.773 28490 28490 I Zygote  : Process 29134 exited cleanly (0)
09-02 00:49:32.773 28490 28490 I Zygote  : Process 29164 exited due to signal 9 (Killed)
09-02 00:49:32.774 28490 28490 I Zygote  : Process 29564 exited cleanly (0)
09-02 00:49:33.447  1513  1536 E IPCThreadState: binder thread pool (31 threads) starved for 807 ms
09-02 00:49:33.543   901  2806 I sensors-hal: [ssc_utils]get_qmi_debug_flag:244, support_qmi_debug : false
09-02 00:49:33.560   901  2806 I sensors-hal: [ssc_utils]get_qmi_debug_flag:244, support_qmi_debug : false
09-02 00:49:33.567   901  1000 W ASH     : @ 53760.018: Unhandled msg ID 999: line 1277
09-02 00:49:33.567   901  1000 E ASH     : @ 53760.018: No pb callback assigned
09-02 00:49:33.567   901  1000 E ASH     : @ 53760.018: Nanopb error: callback failed:1588
09-02 00:49:33.571   901  1000 W ASH     : @ 53760.022: Unhandled msg ID 999: line 1277
09-02 00:49:33.571   901  1000 E ASH     : @ 53760.022: No pb callback assigned
09-02 00:49:33.571   901  1000 E ASH     : @ 53760.022: Nanopb error: callback failed:1588
09-02 00:49:33.667   901  2806 I sensors-hal: [ssc_utils]get_qmi_debug_flag:244, support_qmi_debug : false
09-02 00:49:33.690   901  1000 W ASH     : @ 53760.141: Unhandled msg ID 999: line 1277
09-02 00:49:33.690   901  1000 E ASH     : @ 53760.141: No pb callback assigned
09-02 00:49:33.690   901  1000 E ASH     : @ 53760.141: Nanopb error: callback failed:1588
09-02 00:49:33.856  1513  1567 W Looper  : Slow dispatch took 1296ms android.ui h=com.android.server.am.ActivityManagerService$UiHandler c=null m=53
09-02 00:49:33.966  1513  1565 W Looper  : Slow dispatch took 346ms android.fg h=com.android.server.DropBoxManagerService$DropBoxManagerBroadcastHandler c=null m=2
09-02 00:49:33.967  1513  1624 W BroadcastQueue: Background execution not allowed: receiving Intent { act=android.intent.action.DROPBOX_ENTRY_ADDED flg=0x10 (has extras) } to com.google.android.gms/.stats.service.DropBoxEntryAddedReceiver
09-02 00:49:33.967  1513  1567 W Looper  : Slow delivery took 1295ms android.ui h=com.android.server.am.ActivityManagerService$UiHandler c=null m=31
09-02 00:49:33.967  1513  1567 W Looper  : Slow dispatch took 110ms android.ui h=com.android.server.am.ActivityManagerService$UiHandler c=null m=31
09-02 00:49:33.967  1513  1624 W BroadcastQueue: Background execution not allowed: receiving Intent { act=android.intent.action.DROPBOX_ENTRY_ADDED flg=0x10 (has extras) } to com.google.android.gms/.chimera.GmsIntentOperationService$PersistentTrustedReceiver
09-02 00:49:34.330   901  1000 D VSC     : @ 53760.781: [WO] tilt angle 87
09-02 00:49:34.478  1513  2000 D ConnectivityService: NetReassign [no changes]
09-02 00:49:34.898  1513  3221 I ActivityManager: Force stopping com.example.batterymanager_utility appid=10260 user=0: from pid 31608
09-02 00:49:34.898  1513  3221 I ActivityManager: Killing 28380:com.example.batterymanager_utility/u0a260 (adj 0): stop com.example.batterymanager_utility due to from pid 31608
09-02 00:49:34.899  1513  3221 W ActivityTaskManager: Force removing ActivityRecord{2d8b1a6 u0 com.example.batterymanager_utility/.MainActivity t2012 f}}: app died, no saved state
09-02 00:49:34.904   901  2806 I sensors-hal: [ssc_utils]get_qmi_debug_flag:244, support_qmi_debug : false
09-02 00:49:34.911   778   778 I Zygote  : Process 28380 exited due to signal 9 (Killed)
09-02 00:49:34.924  2617  2617 W Choreographer: Frame time is 0.021595 ms in the future!  Check that graphics HAL is generating vsync timestamps using the correct timebase.
09-02 00:49:34.925 31608 31610 I cmd     : oneway function results will be dropped but finished with status OK and parcel size 4
09-02 00:49:34.927   901  1000 W ASH     : @ 53761.378: Unhandled msg ID 999: line 1277
09-02 00:49:34.927   901  1000 E ASH     : @ 53761.378: No pb callback assigned
09-02 00:49:34.927   901  1000 E ASH     : @ 53761.378: Nanopb error: callback failed:1588
09-02 00:49:34.928  1513  1567 W Looper  : Drained
09-02 00:49:34.933  2474  2474 E PhoneInterfaceManager: [PhoneIntfMgr] getCarrierPackageNamesForIntentAndPhone: No UICC
09-02 00:49:34.934  2474  2474 D CarrierSvcBindHelper: No carrier app for: 0
09-02 00:49:34.937  3135  3135 D RegisteredNfcFServicesCache: Service unchanged, not updating
09-02 00:49:34.937  8777 31614 I EuiccGoogle: [7308] EuiccServiceImpl.onGetEuiccProfileInfoList: onGetEuiccProfileInfoList: slotId = -1
09-02 00:49:34.939  3088  3653 I AssistantForeground: (REDACTED) Get launcher package: %s
09-02 00:49:34.939  1513  1572 W ActivityManager: setHasOverlayUi called on unknown pid: 28380
09-02 00:49:34.942  1513  1640 I libprocessgroup: Successfully killed process cgroup uid 10260 pid 28380 in 43ms
09-02 00:49:34.943  8777 31614 W EuiccGoogle: [7308] EuiccServiceImpl.onGetEuiccProfileInfoList: slotId=-1. No eUICC is active. Return null.
09-02 00:49:34.950  3088  3088 I GsaVoiceInteractionSrv: Handling ACTION_START_HOTWORD
09-02 00:49:34.951  3088  3589 I GsaVoiceInteractionSrv: (REDACTED) disregardVoiceMatch: %b
09-02 00:49:34.951  3088  3589 I GsaVoiceInteractionSrv: Cannot start hotword, hotword has been explicitly disabled.
09-02 00:49:34.960  2158  2158 I WallpaperService: engine resumed
09-02 00:49:34.961   901   901 I sensors-hal: [hal]batch_physical_sensor:301, android.sensor.gyroscope/41, period=20000000, max_latency=0
09-02 00:49:34.961   901   901 I sensors-hal: [hal]batch_physical_sensor:310, android.sensor.gyroscope/41, period=20000000, max_latency=0 request completed
09-02 00:49:34.961   901   901 I sensors-hal: [hal]activate_physical_sensor:238, android.sensor.gyroscope/41 en=1
09-02 00:49:34.962   901   901 I sensors-hal: [ssc_utils]get_qmi_debug_flag:244, support_qmi_debug : false
09-02 00:49:34.963   901   901 W sensors@2.0-ser: type=1400 audit(0.0:6425): avc: denied { read write } for name="diag" dev="tmpfs" ino=12474 scontext=u:r:hal_sensors_default:s0 tcontext=u:object_r:diag_device:s0 tclass=chr_file permissive=0
09-02 00:49:34.963   901   901 W sensors@2.0-ser: type=1400 audit(0.0:6426): avc: denied { read write } for name="diag" dev="tmpfs" ino=12474 scontext=u:r:hal_sensors_default:s0 tcontext=u:object_r:diag_device:s0 tclass=chr_file permissive=0
09-02 00:49:34.967   901   901 D Diag_Lib:  Diag_LSM_Init: Failed to open handle to diag driver, error = 13
09-02 00:49:34.967   901   901 D Diag_Lib:  Diag_LSM_Init: Failed to open handle to diag driver, error = 13
09-02 00:49:34.967   901   901 I sensors-hal: [ssc_sensor]update_handle:537, handle=331, type=33, wakeup=0, hwid=0, base=331
09-02 00:49:34.967   901   901 I sensors-hal: [ssc_utils]get_qmi_debug_flag:244, support_qmi_debug : false
09-02 00:49:34.969  2858  2858 I GoogleInputMethodService: GoogleInputMethodService.onFinishInput():3280 
09-02 00:49:34.970  2858  2858 I GoogleInputMethodService: GoogleInputMethodService.updateDeviceLockedStatus():2169 repeatCheckTimes = 0, unlocked = true
09-02 00:49:34.970  9499  9499 D BoundBrokerSvc: onBind: Intent { act=com.google.android.gms.inappreach.service.START dat=chimera-action: cmp=com.google.android.gms/.chimera.GmsApiService }
09-02 00:49:34.970  9499  9499 D BoundBrokerSvc: Loading bound service for intent: Intent { act=com.google.android.gms.inappreach.service.START dat=chimera-action: cmp=com.google.android.gms/.chimera.GmsApiService }
09-02 00:49:34.970  2858  2858 I GoogleInputMethodService: GoogleInputMethodService.onStartInput():1960 onStartInput(EditorInfo{inputType=0x0(NULL) imeOptions=0x0 privateImeOptions=null actionName=UNSPECIFIED actionLabel=null actionId=0 initialSelStart=-1 initialSelEnd=-1 initialCapsMode=0x0 hintText=null label=null packageName=com.google.android.apps.nexuslauncher fieldId=-1 fieldName=null extras=null}, false)
09-02 00:49:34.970  2858  2858 I GoogleInputMethodService: GoogleInputMethodService.shouldHideHeaderOnInitialState():4081 ShouldHideHeaderOnInitialState = false
09-02 00:49:34.970  2858  2858 I GoogleInputMethodService: GoogleInputMethodService.updateDeviceLockedStatus():2169 repeatCheckTimes = 2, unlocked = true
09-02 00:49:34.971   901   901 I sensors-hal: [ssc_utils]get_qmi_debug_flag:244, support_qmi_debug : false
09-02 00:49:34.972   901 31622 I sensors-hal: [ssc_sensor]ssc_conn_resp_cb:663, resp_value = 0
09-02 00:49:34.972   901  1000 W SEE     : @ 53761.424: adding req to Q sensor=8 req=0xb20291f8 msg=513
09-02 00:49:34.974   901 31622 I sensors-hal: [sensor]submit_sensors_hal_event:146, android.sensor.additional_info: trying to push empty Events, count = 0
09-02 00:49:34.974   901 31622 I sensors-hal: [sensor]submit_sensors_hal_event:146, android.sensor.additional_info: trying to push empty Events, count = 0
09-02 00:49:34.978   901   901 I sensors-hal: [hal]activate_physical_sensor:249, android.sensor.gyroscope/41 en=1 completed
09-02 00:49:34.979   901 31625 I sensors-hal: [ssc_sensor]ssc_conn_resp_cb:663, resp_value = 0
09-02 00:49:34.979   901  1000 W SEE     : @ 53761.430: adding req to Q sensor=2 req=0xb20353c8 msg=513
09-02 00:49:34.981   901 31625 I sensors-hal: [sensor]submit_sensors_hal_event:146, android.sensor.gyroscope: trying to push empty Events, count = 1
09-02 00:49:34.981   901 31625 I chatty  : uid=1000(system) 41_see identical 2 lines
09-02 00:49:34.986   901 31625 I sensors-hal: [sensor]submit_sensors_hal_event:146, android.sensor.gyroscope: trying to push empty Events, count = 1
09-02 00:49:35.176   594   655 I SDM     : HWDeviceDRM::UpdateMixerAttributes: Mixer WxH 1080x2340-1 for Peripheral
09-02 00:49:35.176   594   655 I SDM     : DisplayBase::SetActiveConfig: Active configuration changed to: 0
09-02 00:49:35.176   594   655 I SDM     : StrategyImpl::SetIdleTimeoutMs: Idle timeout set to zero for command mode panels
09-02 00:49:35.185   901  2806 I sensors-hal: [ssc_utils]get_qmi_debug_flag:244, support_qmi_debug : false
09-02 00:49:35.186  1513  1572 I DisplayManagerService: Display device changed: DisplayDeviceInfo{"Built-in Screen": uniqueId="local:19260504575090817", 1080 x 2340, modeId 2, defaultModeId 2, supportedModes [{id=1, width=1080, height=2340, fps=90.0}, {id=2, width=1080, height=2340, fps=60.000004}], colorMode 0, supportedColorModes [0, 7, 9], HdrCapabilities HdrCapabilities{mSupportedHdrTypes=[2, 3, 4], mMaxLuminance=500.0, mMaxAverageLuminance=500.0, mMinLuminance=0.0}, allmSupported false, gameContentTypeSupported false, density 440, 435.428 x 433.839 dpi, appVsyncOff 2333332, presDeadline 11500000, cutout DisplayCutout{insets=Rect(0, 136 - 0, 0) waterfall=Insets{left=0, top=0, right=0, bottom=0} boundingRect={Bounds=[Rect(0, 0 - 0, 0), Rect(0, 0 - 136, 136), Rect(0, 0 - 0, 0), Rect(0, 0 - 0, 0)]}}, touch INTERNAL, rotation 0, type INTERNAL, address {port=129, model=0x446d53ad64a0}, deviceProductInfo DeviceProductInfo{name=, manufacturerPnpId=QCM, productId=1, modelYear=null, manufactureDate=ManufactureDate{week=27, year=2006}, relativeAddress=null}, state ON, FLAG_DEFAULT_DISPLAY, FLAG_ROTATES_WITH_CONTENT, FLAG_SECURE, FLAG_SUPPORTS_PROTECTED_BUFFERS}
09-02 00:49:35.187   594   655 I SDM     : StrategyImpl::SetIdleTimeoutMs: Idle timeout set to zero for command mode panels
09-02 00:49:35.207   901  1000 W ASH     : @ 53761.658: Unhandled msg ID 999: line 1277
09-02 00:49:35.207   901  1000 E ASH     : @ 53761.658: No pb callback assigned
09-02 00:49:35.207   901  1000 E ASH     : @ 53761.658: Nanopb error: callback failed:1588
09-02 00:49:35.879 10955 11000 I Finsky  : [5224] hre.run(19): Stats for Executor: BlockingExecutor kfu@7bf42dc[Running, pool size = 0, active threads = 0, queued tasks = 0, completed tasks = 325]
09-02 00:49:35.880 10955 11000 I Finsky  : [5224] hre.run(19): Stats for Executor: LightweightExecutor kfu@4f6afe5[Running, pool size = 4, active threads = 0, queued tasks = 0, completed tasks = 8227]
09-02 00:49:35.881 10955 11000 I Finsky  : [5224] hre.run(19): Stats for Executor: bgExecutor kfu@6bedaba[Running, pool size = 4, active threads = 0, queued tasks = 0, completed tasks = 8918]
09-02 00:49:36.288   901  1000 D VSC     : @ 53762.738: [WO] tilt angle 87
09-02 00:49:36.289  9499  9499 D BoundBrokerSvc: onUnbind: Intent { act=com.google.android.gms.feedback.internal.IFeedbackService pkg=com.google.android.gms }
09-02 00:49:37.501  1513  2000 D ConnectivityService: NetReassign [no changes]
09-02 00:49:38.289   901  1000 D VSC     : @ 53764.738: [WO] tilt angle 87
09-02 00:49:38.959  1513  1513 W ActivityManager: type=1400 audit(0.0:6427): avc: denied { getpgid } for scontext=u:r:system_server:s0 tcontext=u:r:app_zygote:s0:c512,c768 tclass=process permissive=0
09-02 00:49:38.959  1513  1513 I chatty  : uid=1000(system) Binder:1513_3 identical 1 line
09-02 00:49:38.964  1513  1624 E libprocessgroup: getpgid(28490) failed: Permission denied
09-02 00:49:38.966  1513  1513 W ActivityManager: type=1400 audit(0.0:6429): avc: denied { getpgid } for scontext=u:r:system_server:s0 tcontext=u:r:app_zygote:s0:c512,c768 tclass=process permissive=0
09-02 00:49:38.966  1513  1513 W ActivityManager: type=1400 audit(0.0:6430): avc: denied { getpgid } for scontext=u:r:system_server:s0 tcontext=u:r:app_zygote:s0:c512,c768 tclass=process permissive=0
09-02 00:49:38.970  1513  1624 E libprocessgroup: getpgid(28490) failed: Permission denied
09-02 00:49:38.973  1513  1513 W ActivityManager: type=1400 audit(0.0:6431): avc: denied { getpgid } for scontext=u:r:system_server:s0 tcontext=u:r:app_zygote:s0:c512,c768 tclass=process permissive=0
09-02 00:49:38.973  1513  1513 W ActivityManager: type=1400 audit(0.0:6432): avc: denied { getpgid } for scontext=u:r:system_server:s0 tcontext=u:r:app_zygote:s0:c512,c768 tclass=process permissive=0
09-02 00:49:38.976  1513  1624 E libprocessgroup: getpgid(28490) failed: Permission denied
09-02 00:49:38.978   778   778 I Zygote  : Process 28490 exited due to signal 9 (Killed)
09-02 00:49:38.981  1513  1624 I libprocessgroup: Successfully killed process cgroup uid 10220 pid 28490 in 17ms
