--------- beginning of main
09-02 08:50:26.131 14031 14031 E adbd    : recv: OPEN 000186ae 00000000 0095:73 68 65 6C 6C 2C 76 32 2C 54 45 52 4D 3D 78 74 65 72 6D 2D 32 35 36 63 6F 6C 6F 72 2C 72 61 77 3A 61 6D 20 73 74 61 72 74 20 2D 53 20 2D 61 20 61 6E 64 72 6F 69 64 2E 69 6E 74 65 6E 74 2E 61 63 74 69 6F 6E 2E 56 49 45 57 20 2D 6E 20 6F 72 67 2E 6D 6F 7A 69 6C 6C 61 2E 66 69 72 65 66 6F 78 2F 6F 72 67 2E 6D 6F 7A 69 6C 6C 61 2E 67 65 63 6B 6F 2E 42 72 6F 77 73 65 72 41 70 70 20 2D 2D 61 63 74 69 76 69 74 79 2D 63 6C 65 61 72 2D 74 61 73 6B 00 
09-02 08:50:26.131 14031 14031 E adbd    : service_to_fd: shell,v2,TERM=xterm-256color,raw:am start -S -a android.intent.action.VIEW -n org.mozilla.firefox/org.mozilla.gecko.BrowserApp --activity-clear-task
--------- beginning of system
09-02 08:50:26.201  3979  4673 I ActivityManager: Force stopping org.mozilla.firefox appid=10154 user=0: from pid 30479
09-02 08:50:26.206  3979  3979 D SamsungAlarmManager: Remove alarm for next reason : android.intent.action.PACKAGE_RESTARTED : package: org.mozilla.firefox
09-02 08:50:26.207 30442 30481 D ProfileInstaller: Installing profile for com.example.batterymanager_utility
09-02 08:50:26.211  3979  3995 W BroadcastQueue: Background execution not allowed: receiving Intent { act=android.intent.action.PACKAGE_RESTARTED dat=package:org.mozilla.firefox flg=0x10 (has extras) } to android/com.kddi.android.CpaNotiReceiver
09-02 08:50:26.211  3979  3995 W BroadcastQueue: Background execution not allowed: receiving Intent { act=android.intent.action.PACKAGE_RESTARTED dat=package:org.mozilla.firefox flg=0x10 (has extras) } to com.sec.android.daemonapp/com.samsung.android.weather.daemon.receiver.ClearDataReceiver
09-02 08:50:26.213  4633  4633 D CarrierSvcBindHelper: No carrier app for: 0
09-02 08:50:26.214  4633  4633 D CarrierSvcBindHelper: No carrier app for: 1
09-02 08:50:26.312  3449  3449 I android.hardware.wifi@1.0-service: getLinkLayerStats
09-02 08:50:26.369  3979  5965 D BatteryService: !@BatteryListener : batteryPropertiesChanged!
09-02 08:50:26.465  3979  4673 I ActivityManager: START u0 {act=android.intent.action.VIEW typ=null flg=0x10008000 cmp=ComponentInfo{org.mozilla.firefox/org.mozilla.gecko.BrowserApp}} from uid 2000
09-02 08:50:26.469  3979  4673 D CustomFrequencyManagerService: acquireDVFSLockLocked : type : DVFS_MIN_LIMIT  frequency : 1560000  uid : 1000  pid : 3979  pkgName : AMS_APP_SWITCH@CPU_MIN@23
09-02 08:50:26.474  3979  4673 D ActivityManagerPerformance: AMP_acquire() APP_SWITCH
09-02 08:50:26.474  3979  5035 D ActivityManagerPerformance: Received MSG_CFMS_HINT_AMS_SWITCH pkgName: org.mozilla.firefox
09-02 08:50:26.489  3979  5965 D ActivityManager: isScaleDownAnimationEnabled() : false
09-02 08:50:26.491  3979  5965 D StorageManagerService: getExternalStorageMountMode : 1
09-02 08:50:26.491  3979  5965 D StorageManagerService: getExternalStorageMountMode : 3
09-02 08:50:26.491  3979  5965 D StorageManagerService: getExternalStorageMountMode : final mountMode=1, uid : 10154, packageName : org.mozilla.firefox
09-02 08:50:26.491  3979  5965 I ApplicationPolicy: isApplicationExternalStorageWhitelisted:org.mozilla.firefox user:0
09-02 08:50:26.491  3979  5965 D ApplicationPolicy: isApplicationExternalStorageWhitelisted: DO is not enabled on user 0. Allowed.
09-02 08:50:26.491  3979  5965 D ActivityManager: package  org.mozilla.firefox, user - 0 is SDcard whitelisted
09-02 08:50:26.491  3979  5965 I ApplicationPolicy: isApplicationExternalStorageBlacklisted:org.mozilla.firefox user:0
09-02 08:50:26.491  3979  5965 D ApplicationPolicy: isApplicationExternalStorageBlacklisted: DO is not enabled on user 0. Allowed.
09-02 08:50:26.501 30483 30483 E Zygote  : isWhitelistProcess - Process is Whitelisted
09-02 08:50:26.501  3979  5965 I ActivityManager: Start proc 30483:org.mozilla.firefox/u0a154 for activity org.mozilla.firefox/org.mozilla.gecko.BrowserApp
09-02 08:50:26.501 30483 30483 E libpersona: scanKnoxPersonas
09-02 08:50:26.501 30483 30483 E libpersona: Couldn't open the File - /data/system/users/0/personalist.xml - No such file or directory
09-02 08:50:26.503 30483 30483 W SELinux : SELinux selinux_android_compute_policy_index : Policy Index[2],  Con:u:r:zygote:s0 RAM:SEPF_SM-J720F_8.0.0_0017, [-1 -1 -1 -1 0 1]
09-02 08:50:26.504 30483 30483 I SELinux : SELinux: seapp_context_lookup: seinfo=untrusted, level=s0:c512,c768, pkgname=org.mozilla.firefox 
09-02 08:50:26.519 30483 30483 D TimaKeyStoreProvider: TimaKeyStore is not enabled: cannot add TimaSignature Service and generateKeyPair Service
09-02 08:50:26.519 30483 30483 D ActivityThread: Added TimaKeyStore provider
09-02 08:50:26.521  3979  5965 I ActivityManager: DSS on for org.mozilla.firefox and scale is 1.0
09-02 08:50:26.529  3979  5965 D PersonaManagerService: Current focused persona service handled id set to : 0
09-02 08:50:26.530  3979  5965 D InputDispatcher: Focused application set to: xxxx
09-02 08:50:26.530  3979  5965 D InputDispatcher: Focus left window: 30442
09-02 08:50:26.532  3979  4238 D GameManagerService: handleForegroundChange(). pkgName: org.mozilla.firefox, clsName: org.mozilla.fenix.IntentReceiverActivity,FgActivityName:org.mozilla.firefox/org.mozilla.fenix.IntentReceiverActivity
09-02 08:50:26.532  3979  5965 D MARsPolicyManager: onPackageResumedFG pkgName = org.mozilla.firefox, userId = 0
09-02 08:50:26.532 30442 30442 D ViewRootImpl@110cd72[MainActivity]: MSG_WINDOW_FOCUS_CHANGED 0
09-02 08:50:26.532  3979  4238 D GameManagerService: sem_perfomance_mode: 3
09-02 08:50:26.532  3979  4238 D GameManagerService: notifyResumePause(). pkg: org.mozilla.firefox, type: 4, isMinimized: false, isTunableApp: false
09-02 08:50:26.532  3979  4238 D GameManagerService:   notifyResumePause(). unexpected mPrevNotiType: -1
09-02 08:50:26.535  3979  6899 D GamePkgDataHelper: getGamePkgDataIncServer(). org.mozilla.firefox
09-02 08:50:26.536  3979  6899 D GameManagerService: identifyGamePackage. org.mozilla.firefox
09-02 08:50:26.536  3979  6899 D GamePkgDataHelper: getGamePkgData(). org.mozilla.firefox
09-02 08:50:26.537  3979  6899 D GameManagerService: identifyGamePackage. org.mozilla.firefox
09-02 08:50:26.537  3979  6899 D GamePkgDataHelper: getGamePkgData(). org.mozilla.firefox
09-02 08:50:26.537  3979  6899 D GamePkgDataHelper: getSosPolicy(). org.mozilla.firefox
09-02 08:50:26.539  3979  6899 D GameManagerService: identifyGamePackage. org.mozilla.firefox
09-02 08:50:26.539  3979  6899 D GamePkgDataHelper: getGamePkgData(). org.mozilla.firefox
09-02 08:50:26.540  3979  6899 D GameManagerService: identifyGamePackage. org.mozilla.firefox
09-02 08:50:26.540  3979  6899 D GamePkgDataHelper: getGamePkgData(). org.mozilla.firefox
09-02 08:50:26.543 30483 30483 I zygote64: no shared libraies, dex_files: 1
09-02 08:50:26.577 30483 30483 I FirebaseApp: Device unlocked: initializing all Firebase APIs for app [DEFAULT]
09-02 08:50:26.592 30483 30483 I FirebaseInitProvider: FirebaseApp initialization successful
09-02 08:50:26.610  4349  4728 D SystemServicesProxy: updateOverviewLastStackActiveTimeAsync: newTime=1693559943942
09-02 08:50:26.610  3979  5983 D SecContentProvider: query(), uri = 17 selection = isSettingsChangesAllowed
09-02 08:50:26.611  3979  5983 D SecContentProvider: called from android.uid.systemui:10009
09-02 08:50:26.612  4349  4561 D SystemServicesProxy: updateOverviewLastStackActiveTimeAsync: done.
09-02 08:50:26.613  3979  5983 D PackageManager: getComponentMetadataForIconTray : com.example.batterymanager_utility.MainActivity does not exist in mServices
09-02 08:50:26.613  3979  5983 D PackageManager: getComponentMetadataForIconTray : com.example.batterymanager_utility.MainActivity does not exist in mProviders
09-02 08:50:26.613  3979  5983 D PackageManager: getComponentMetadataForIconTray : com.example.batterymanager_utility.MainActivity does not exist in mReceivers
09-02 08:50:26.613  4349  4728 D ApplicationPackageManager: updateItemMetaDataForFixedIconScale: package: com.example.batterymanager_utility
09-02 08:50:26.613  3979  5983 D PackageManager: getSelectedMetaData : packageName(com.example.batterymanager_utility) or Metadata strings {[Ljava.lang.String;@49c2c55}
09-02 08:50:26.614  3979  5983 W StorageManager: getStorageLowBytes lowPercent : 5, lowBytes : 1260145254, maxLowBytes : 524288000
09-02 08:50:26.614  4349  4728 I ApplicationPackageManager: load=com.example.batterymanager_utility, bg=144-144, dr=189-189, forDefault=true, density=0
09-02 08:50:26.616  4349  4728 I ApplicationPackageManager: scaled rate=0.72, size=189, alpha=54, hold=102
09-02 08:50:26.616  4349  4728 D ApplicationPackageManager: iconScale: getScale(): 0.72 getAlpha(): 54
09-02 08:50:26.617  4349  4728 I ApplicationPackageManager: load=com.example.batterymanager_utility-contain, bg=112-112, dr=189-189
09-02 08:50:26.666  3979  4111 D MdnieScenarioControlService:  packageName : org.mozilla.firefox    className : org.mozilla.gecko.BrowserApp
09-02 08:50:26.667  3979  4111 V MdnieScenarioControlService: setUIMode from UI function(3)
09-02 08:50:26.675 30483 30488 I zygote64: Do partial code cache collection, code=29KB, data=25KB
09-02 08:50:26.675 30483 30488 I zygote64: After code cache collection, code=29KB, data=25KB
09-02 08:50:26.675 30483 30488 I zygote64: Increasing code cache capacity to 128KB
09-02 08:50:26.686 30483 30483 I rc_log_ffi::ios: rc_log adapter initialized!
09-02 08:50:26.755 30483 30488 I zygote64: Do partial code cache collection, code=60KB, data=47KB
09-02 08:50:26.755 30483 30488 I zygote64: After code cache collection, code=58KB, data=47KB
09-02 08:50:26.755 30483 30488 I zygote64: Increasing code cache capacity to 256KB
09-02 08:50:26.803 30483 30508 I nimbus::nimbus_client: updating experiment list
09-02 08:50:26.804 30483 30508 I nimbus::persistence: Already at version 2, no upgrade needed
09-02 08:50:26.804 30483 30508 I nimbus::nimbus_client: [Nimbus] Retrieved date from Context: 2023-09-01 07:59:54 UTC
09-02 08:50:26.804 30483 30508 I nimbus::nimbus_client: [Nimbus] Installation Date: 2023-09-01 07:59:54 UTC
09-02 08:50:26.805 30483 30508 I nimbus::nimbus_client: [Nimbus] Update Date: 2023-09-02 06:19:16.138897683 UTC
09-02 08:50:26.805 30483 30508 I nimbus::nimbus_client: [Nimbus] Days since install: 0
09-02 08:50:26.805 30483 30508 I nimbus::nimbus_client: [Nimbus] Days since update: 0
09-02 08:50:26.819 30483 30508 I zygote64: Deoptimizing java.lang.Object com.sun.jna.Function.invoke(java.lang.reflect.Method, java.lang.Class[], java.lang.Class, java.lang.Object[], java.util.Map) due to class hierarchy analysis
09-02 08:50:26.865 30483 30511 I GeckoThread: preparing to run Gecko
09-02 08:50:26.879  3979  4673 W StorageManager: getStorageLowBytes lowPercent : 5, lowBytes : 1260145254, maxLowBytes : 524288000
09-02 08:50:26.881  3979  4673 W StorageManager: getStorageLowBytes lowPercent : 5, lowBytes : 1260145254, maxLowBytes : 524288000
09-02 08:50:26.883  3979  5983 W StorageManager: getStorageLowBytes lowPercent : 5, lowBytes : 1260145254, maxLowBytes : 524288000
09-02 08:50:26.896 30483 30511 I GeckoLoader: Library base=/data/app/org.mozilla.firefox-qXEeZwQeSKU-v4RxzjCTZA==/lib/arm64
09-02 08:50:26.896 30483 30513 I libglean_ffi: glean_core::core: Creating new Glean v53.1.0
09-02 08:50:26.898 30483 30513 I libglean_ffi: glean_core::database: Database initialized
09-02 08:50:26.898 30483 30511 W Settings: Setting animator_duration_scale has moved from android.provider.Settings.System to android.provider.Settings.Global, returning read-only global URI.
09-02 08:50:26.900 30483 30511 I GeckoLoader: Library base=/data/app/org.mozilla.firefox-qXEeZwQeSKU-v4RxzjCTZA==/lib/arm64
09-02 08:50:26.902 30483 30488 I zygote64: Do full code cache collection, code=122KB, data=79KB
09-02 08:50:26.902 30483 30513 I libglean_ffi: glean_core: Glean initialized
09-02 08:50:26.902 30483 30488 I zygote64: After code cache collection, code=78KB, data=45KB
09-02 08:50:26.902 30483 30511 E GeckoLibLoad: Load sqlite start
09-02 08:50:26.903 30483 30513 I libglean_ffi: glean_core::event_database: Loading events for events
09-02 08:50:26.904 30483 30513 I libglean_ffi: glean_core::event_database: Loading events for background-update
09-02 08:50:26.904 30483 30511 E GeckoLibLoad: Load sqlite done
09-02 08:50:26.905 30483 30511 I GeckoLoader: Library base=/data/app/org.mozilla.firefox-qXEeZwQeSKU-v4RxzjCTZA==/lib/arm64
09-02 08:50:26.905 30483 30511 E GeckoLibLoad: Load nss start
09-02 08:50:26.905 30483 30511 E GeckoLibLoad: Load nss done
09-02 08:50:26.905 30483 30511 I GeckoLoader: Library base=/data/app/org.mozilla.firefox-qXEeZwQeSKU-v4RxzjCTZA==/lib/arm64
09-02 08:50:26.906 30483 30513 I libglean_ffi: glean_core::ping: Collecting events
09-02 08:50:26.906 30483 30511 E GeckoLibLoad: Loaded libs in 0.810961ms total, 0ms(4ms) user, 0ms(0ms) system, 0(0) faults
09-02 08:50:26.908 30483 30511 W GeckoThread: zerdatime 82608340 - runGecko
09-02 08:50:26.911 30483 30513 I libglean_ffi: glean_core::upload::directory: Processing ping at: /data/user/0/org.mozilla.firefox/glean_data/pending_pings/e3bbb061-ae43-41f0-8bf0-4ed028465bde
09-02 08:50:26.912 30483 30513 I libglean_ffi: glean_core::metrics::ping: The ping 'events' was submitted and will be sent as soon as possible
09-02 08:50:26.913  3614  3927 D DnsProxyListener: DNSDBG::dns by name af 2
09-02 08:50:26.917  3979  5983 D PackageManager: setEnabledSetting : userId = 0 packageName = org.mozilla.firefox cmp = androidx.work.impl.background.systemjob.SystemJobService newState = 1 callingPackage = 10154/org.mozilla.firefox
09-02 08:50:26.932 30483 30513 I glean/MetricsPingSched: The 'metrics' ping was already sent today, 1693637426929.
09-02 08:50:26.936 30483 30513 I libglean_ffi: glean_core::ping: Collecting baseline
09-02 08:50:26.938 30483 30511 I Gecko:DumpUtils: Fifo watcher disabled via pref.
09-02 08:50:26.943 30483 30513 I libglean_ffi: glean_core::upload::directory: Processing ping at: /data/user/0/org.mozilla.firefox/glean_data/pending_pings/6916f9b2-6cc4-4f91-97eb-d1d0add12515
09-02 08:50:26.945 30483 30513 I libglean_ffi: glean_core::metrics::ping: The ping 'baseline' was submitted and will be sent as soon as possible
09-02 08:50:26.957 30483 30483 I zygote64: Deoptimizing java.lang.Object androidx.collection.SimpleArrayMap.put(java.lang.Object, java.lang.Object) due to JIT inline cache
09-02 08:50:26.965 30483 30510 I libglean_ffi: glean_core::ping: Collecting pageload
09-02 08:50:26.966 30483 30510 I libglean_ffi: glean_core::ping: Storage for pageload empty. Bailing out.
09-02 08:50:26.966 30483 30510 I libglean_ffi: glean_core::metrics::ping: No content for ping 'pageload', therefore no ping queued.
09-02 08:50:26.978  3979  5983 D ConnectivityService: filterNetworkStateForUid() uid: 10025 networkInfo: [type: WIFI[] - WIFI, state: CONNECTED/CONNECTED, reason: (unspecified), extra: "WiFi 69", failover: false, available: true, roaming: false, metered: false]
09-02 08:50:26.983  3979  4673 D SamsungAlarmManager: setExact Intent (T:0/F:1/AC:false) 20330830T085026 - CU:10154/CP:30483
09-02 08:50:27.005  3979  5983 D StorageManagerService: getExternalStorageMountMode : 1
09-02 08:50:27.005  3979  5983 D StorageManagerService: getExternalStorageMountMode : 3
09-02 08:50:27.006  3979  5983 D StorageManagerService: getExternalStorageMountMode : final mountMode=1, uid : 10154, packageName : org.mozilla.firefox
09-02 08:50:27.006  3979  5983 I ApplicationPolicy: isApplicationExternalStorageWhitelisted:org.mozilla.firefox user:0
09-02 08:50:27.006  3979  5983 D ApplicationPolicy: isApplicationExternalStorageWhitelisted: DO is not enabled on user 0. Allowed.
09-02 08:50:27.006  3979  5983 D ActivityManager: package  org.mozilla.firefox, user - 0 is SDcard whitelisted
09-02 08:50:27.006  3979  5983 I ApplicationPolicy: isApplicationExternalStorageBlacklisted:org.mozilla.firefox user:0
09-02 08:50:27.006  3979  5983 D ApplicationPolicy: isApplicationExternalStorageBlacklisted: DO is not enabled on user 0. Allowed.
09-02 08:50:27.020 30545 30545 E Zygote  : isWhitelistProcess - Process is Whitelisted
09-02 08:50:27.020 30545 30545 E libpersona: scanKnoxPersonas
09-02 08:50:27.020 30545 30545 E libpersona: Couldn't open the File - /data/system/users/0/personalist.xml - No such file or directory
09-02 08:50:27.020  3979  5983 I ActivityManager: Start proc 30545:org.mozilla.firefox:tab15/u0a154 for service org.mozilla.firefox/org.mozilla.gecko.process.GeckoChildProcessServices$tab15
09-02 08:50:27.022 30545 30545 W SELinux : SELinux selinux_android_compute_policy_index : Policy Index[2],  Con:u:r:zygote:s0 RAM:SEPF_SM-J720F_8.0.0_0017, [-1 -1 -1 -1 0 1]
09-02 08:50:27.022 30545 30545 I SELinux : SELinux: seapp_context_lookup: seinfo=untrusted, level=s0:c512,c768, pkgname=org.mozilla.firefox:tab15 
09-02 08:50:27.033  3979  5983 D ConnectivityService: filterNetworkStateForUid() uid: 10025 networkInfo: [type: WIFI[] - WIFI, state: CONNECTED/CONNECTED, reason: (unspecified), extra: "WiFi 69", failover: false, available: true, roaming: false, metered: false]
09-02 08:50:27.043 30545 30545 D TimaKeyStoreProvider: TimaKeyStore is not enabled: cannot add TimaSignature Service and generateKeyPair Service
09-02 08:50:27.043 30545 30545 D ActivityThread: Added TimaKeyStore provider
09-02 08:50:27.045  3979  4673 I ActivityManager: DSS on for org.mozilla.firefox and scale is 1.0
09-02 08:50:27.052 30483 30510 I libglean_ffi: glean_core::core: Upload enabled: true
09-02 08:50:27.063  3979  5983 D ConnectivityService: filterNetworkStateForUid() uid: 10154 networkInfo: [type: WIFI[] - WIFI, state: CONNECTED/CONNECTED, reason: (unspecified), extra: "WiFi 69", failover: false, available: true, roaming: false, metered: false]
09-02 08:50:27.066 30545 30545 I zygote64: no shared libraies, dex_files: 1
09-02 08:50:27.118 30483 30483 I FenixApplication: AutoPushFeature is configured, initializing it...
09-02 08:50:27.120 30483 30493 I zygote64: Background concurrent copying GC freed 13830(946KB) AllocSpace objects, 4(80KB) LOS objects, 49% free, 3MB/7MB, paused 663us total 135.064ms
09-02 08:50:27.122 30483 30483 I AbstractFirebasePushService: start
09-02 08:50:27.129  3979  4672 D PackageManager: setEnabledSetting : userId = 0 packageName = org.mozilla.firefox cmp = androidx.work.impl.background.systemalarm.RescheduleReceiver newState = 1 callingPackage = 10154/org.mozilla.firefox
09-02 08:50:27.132 30545 30545 I ServiceChildProcess: onCreate
09-02 08:50:27.134 30545 30575 I GeckoThread: preparing to run Gecko
09-02 08:50:27.163  3979  5982 D ConnectivityService: filterNetworkStateForUid() uid: 10154 networkInfo: [type: WIFI[] - WIFI, state: CONNECTED/CONNECTED, reason: (unspecified), extra: "WiFi 69", failover: false, available: true, roaming: false, metered: false]
09-02 08:50:27.172  3979  5983 D ConnectivityService: filterNetworkStateForUid() uid: 10154 networkInfo: [type: WIFI[] - WIFI, state: CONNECTED/CONNECTED, reason: (unspecified), extra: "WiFi 69", failover: false, available: true, roaming: false, metered: false]
09-02 08:50:27.176  3979  5982 D ConnectivityService: filterNetworkStateForUid() uid: 10154 networkInfo: [type: WIFI[] - WIFI, state: CONNECTED/CONNECTED, reason: (unspecified), extra: "WiFi 69", failover: false, available: true, roaming: false, metered: false]
09-02 08:50:27.180 30483 30570 D ConnectivityManager: requestNetwork; CallingUid : 10154, CallingPid : 30483
09-02 08:50:27.184  3979  5983 D ConnectivityService: requestNetwork for uid/pid:10154/30483 NetworkRequest [ TRACK_DEFAULT id=313, [ Capabilities: INTERNET&NOT_RESTRICTED&TRUSTED&NOT_VPN] ]
09-02 08:50:27.185  3979  4180 D ConnectivityService: rematching NetworkAgentInfo [WIFI () - 502]
09-02 08:50:27.185  3979  4180 D ConnectivityService:  network has: [ Transports: WIFI Capabilities: NOT_METERED&INTERNET&NOT_RESTRICTED&TRUSTED&NOT_VPN&VALIDATED&FOREGROUND LinkUpBandwidth>=1048576Kbps LinkDnBandwidth>=1048576Kbps SignalStrength: -58]
09-02 08:50:27.185  3979  4180 D ConnectivityService: Network NetworkAgentInfo [WIFI () - 502] was already satisfying request 279. No change.
09-02 08:50:27.185  3979  4180 D ConnectivityService: Network NetworkAgentInfo [WIFI () - 502] was already satisfying request 3. No change.
09-02 08:50:27.185  3979  4180 D ConnectivityService: Network NetworkAgentInfo [WIFI () - 502] was already satisfying request 310. No change.
09-02 08:50:27.185  3979  4180 D ConnectivityService: Network NetworkAgentInfo [WIFI () - 502] was already satisfying request 1. No change.
09-02 08:50:27.185  3979  4180 D ConnectivityService:   checking if request is satisfied: NetworkRequest [ TRACK_DEFAULT id=313, [ Capabilities: INTERNET&NOT_RESTRICTED&TRUSTED&NOT_VPN] ]
09-02 08:50:27.185  3979  4180 D ConnectivityService: currentScore = 0, newScore = 60
09-02 08:50:27.185  3979  4180 D ConnectivityService: rematch for NetworkAgentInfo [WIFI () - 502]
09-02 08:50:27.185  3979  4180 D ConnectivityService:    accepting network in place of null
09-02 08:50:27.185  3979  4180 D ConnectivityService: sending new Min Network Score(60): NetworkRequest [ TRACK_DEFAULT id=313, [ Capabilities: INTERNET&NOT_RESTRICTED&TRUSTED&NOT_VPN] ]
09-02 08:50:27.186  3979  4177 D WIFI_P2P: got request NetworkRequest [ TRACK_DEFAULT id=313, [ Capabilities: INTERNET&NOT_RESTRICTED&TRUSTED&NOT_VPN] ] with score 60
09-02 08:50:27.186  3979  4180 D ConnectivityService: MultiNetwork Request(TransportType - Wi-Fi request). Internet Capability doesn't required (false)
09-02 08:50:27.186  3979  4180 D ConnectivityService: Network NetworkAgentInfo [WIFI () - 502] was already satisfying request 140. No change.
09-02 08:50:27.186  3979  4153 D WIFI    : got request NetworkRequest [ TRACK_DEFAULT id=313, [ Capabilities: INTERNET&NOT_RESTRICTED&TRUSTED&NOT_VPN] ] with score 60
09-02 08:50:27.186  3979  4306 D Ethernet: got request NetworkRequest [ TRACK_DEFAULT id=313, [ Capabilities: INTERNET&NOT_RESTRICTED&TRUSTED&NOT_VPN] ] with score 60
09-02 08:50:27.186  3979  4177 D WIFI_P2P:   my score=60, my filter=[ Transports: WIFI Capabilities: WIFI_P2P&NOT_RESTRICTED&TRUSTED&NOT_VPN LinkUpBandwidth>=1048576Kbps LinkDnBandwidth>=1048576Kbps]
09-02 08:50:27.186  3979  4177 D WIFI_P2P: evalRequest
09-02 08:50:27.186  3979  4177 D WIFI_P2P:   done
09-02 08:50:27.186  3979  4180 D ConnectivityService: sending notification AVAILABLE for NetworkRequest [ TRACK_DEFAULT id=313, [ Capabilities: INTERNET&NOT_RESTRICTED&TRUSTED&NOT_VPN] ]
09-02 08:50:27.186  3979  4153 D WIFI    :   my score=60, my filter=[ Transports: WIFI Capabilities: NOT_METERED&INTERNET&NOT_RESTRICTED&TRUSTED&NOT_VPN LinkUpBandwidth>=1048576Kbps LinkDnBandwidth>=1048576Kbps]
09-02 08:50:27.186  3979  4306 D Ethernet:   my score=-1, my filter=[ Transports: ETHERNET Capabilities: INTERNET&NOT_RESTRICTED&TRUSTED&NOT_VPN LinkUpBandwidth>=100000Kbps LinkDnBandwidth>=100000Kbps]
09-02 08:50:27.186  3979  4153 D WIFI    : evalRequest
09-02 08:50:27.186  3979  4153 D WIFI    :   needNetworkFor
09-02 08:50:27.186  3979  4306 D Ethernet: evalRequest
09-02 08:50:27.186  3979  4306 D Ethernet:   done
09-02 08:50:27.186  3979  4153 D WIFI_UT : got request NetworkRequest [ TRACK_DEFAULT id=313, [ Capabilities: INTERNET&NOT_RESTRICTED&TRUSTED&NOT_VPN] ] with score 60
09-02 08:50:27.186  3979  4180 D ConnectivityService: sending notification CAP_CHANGED for NetworkRequest [ TRACK_DEFAULT id=313, [ Capabilities: INTERNET&NOT_RESTRICTED&TRUSTED&NOT_VPN] ]
09-02 08:50:27.186  3979  4153 D WIFI_UT :   my score=2147483647, my filter=[ Transports: WIFI Capabilities: NOT_METERED&INTERNET&NOT_RESTRICTED&TRUSTED&NOT_VPN LinkUpBandwidth>=1048576Kbps LinkDnBandwidth>=1048576Kbps]
09-02 08:50:27.186  3979  4153 D WIFI_UT : evalRequest
09-02 08:50:27.186  4633  4633 D PhoneSwitcherNetworkRequstListener: got request NetworkRequest [ TRACK_DEFAULT id=313, [ Capabilities: INTERNET&NOT_RESTRICTED&TRUSTED&NOT_VPN] ] with score 60
09-02 08:50:27.186  3979  4153 D WIFI_UT :   needNetworkFor
09-02 08:50:27.186  3979  4180 D ConnectivityService: sending notification IP_CHANGED for NetworkRequest [ TRACK_DEFAULT id=313, [ Capabilities: INTERNET&NOT_RESTRICTED&TRUSTED&NOT_VPN] ]
09-02 08:50:27.186  4633  4633 D PhoneSwitcherNetworkRequstListener:   my score=101, my filter=[ Transports: CELLULAR Capabilities: MMS&SUPL&DUN&FOTA&IMS&CBS&IA&RCS&XCAP&EIMS&INTERNET&NOT_RESTRICTED&TRUSTED&NOT_VPN&ENT1 Specifier: <android.net.MatchAllNetworkSpecifier@0>]
09-02 08:50:27.186  4633  4633 D PhoneSwitcherNetworkRequstListener: evalRequest
09-02 08:50:27.187  4633  4633 D PhoneSwitcherNetworkRequstListener:   needNetworkFor
09-02 08:50:27.191  3979  5983 D ConnectivityService: filterNetworkStateForUid() uid: 10154 networkInfo: [type: WIFI[] - WIFI, state: CONNECTED/CONNECTED, reason: (unspecified), extra: "WiFi 69", failover: false, available: true, roaming: false, metered: false]
09-02 08:50:27.192  3979  5982 I ActivityManager: START u0 {act=android.intent.action.VIEW typ=null flg=0x0 cmp=ComponentInfo{org.mozilla.firefox/org.mozilla.fenix.HomeActivity}} from uid 10154
09-02 08:50:27.193  3979  5983 D ConnectivityService: filterNetworkStateForUid() uid: 10154 networkInfo: [type: WIFI[] - WIFI, state: CONNECTED/CONNECTED, reason: (unspecified), extra: "WiFi 69", failover: false, available: true, roaming: false, metered: false]
09-02 08:50:27.195 30483 30574 I push::internal::communications::rate_limiter: No need to reset inner timestamp and count for verify_connection.
09-02 08:50:27.216  3979  4046 D ViewRootImpl@512c064[firefox]: setView = DecorView@7912782[firefox] TM=true MM=false
09-02 08:50:27.217 30483 30574 I push::internal::communications::rate_limiter: Not allowed: count(9) > 1 for verify_connection.
09-02 08:50:27.217  3979  4046 D ViewRootImpl@512c064[firefox]: dispatchAttachedToWindow
09-02 08:50:27.218  3979  4046 V WindowManager: Relayout Window{f292cd u0 Splash Screen org.mozilla.firefox}: viewVisibility=0 req=719x1237 WM.LayoutParams{(0,0)(fillxfill) sim=#20 ty=3 fl=#81830118 pfl=0x20011 fmt=-3 wanim=0x10302ea vsysui=0x600 needsMenuKey=2 colorMode=0 naviIconColor=0}
09-02 08:50:27.218 30483 30574 I AutoPushFeature: No change to subscriptions. Doing nothing.
09-02 08:50:27.222  3462  3462 I SurfaceFlinger: id=409 createSurf (720x1280),1 flag=4, Splash Screen org.mozilla.firefox#0
09-02 08:50:27.223 30483 30483 I Choreographer: Skipped 36 frames!  The application may be doing too much work on its main thread.
09-02 08:50:27.223  3979  4046 V Surface : sf_framedrop debug : 0x4f4c, game : false, logging : 0
09-02 08:50:27.226  3979  4046 D ViewRootImpl@512c064[firefox]: Relayout returned: old=[0,0][0,0] new=[0,0][720,1280] result=0x7 surface={valid=true 535315197952} changed=true
09-02 08:50:27.255  3979  4046 V WindowManager: finishDrawingLocked: mDrawState=COMMIT_DRAW_PENDING Window{f292cd u0 Splash Screen org.mozilla.firefox} in Surface(name=Splash Screen org.mozilla.firefox)
09-02 08:50:27.297 30483 30488 I zygote64: Do partial code cache collection, code=122KB, data=72KB
09-02 08:50:27.298 30483 30488 I zygote64: After code cache collection, code=120KB, data=71KB
09-02 08:50:27.298 30483 30488 I zygote64: Increasing code cache capacity to 512KB
09-02 08:50:27.305  3979  5982 D ActivityManager: isScaleDownAnimationEnabled() : false
09-02 08:50:27.307  3979  5982 D PersonaManagerService: Current focused persona service handled id set to : 0
09-02 08:50:27.307  3979  5982 D InputDispatcher: Focused application set to: xxxx
09-02 08:50:27.309  3979  4238 D GameManagerService: handleForegroundChange(). pkgName: org.mozilla.firefox, clsName: org.mozilla.fenix.HomeActivity,FgActivityName:org.mozilla.firefox/org.mozilla.fenix.HomeActivity
09-02 08:50:27.309  3979  4238 D GameManagerService:   handleForegroundChange(). same package. game has never resumed yet. ignore
09-02 08:50:27.309  3979  5982 D MARsPolicyManager: onPackageResumedFG pkgName = org.mozilla.firefox, userId = 0
09-02 08:50:27.321 30442 30459 D OpenGLRenderer: eglDestroySurface = 0x7cc1bea4c0
09-02 08:50:27.336  3462  3462 V Surface : sf_framedrop debug : 0x4f4c, game : false, logging : 0
09-02 08:50:27.344  3979  5982 D TaskSnapshotCache: putSnapshot mTaskId=103 RunningCache size=4
09-02 08:50:27.347 30483 30511 W ResourceType: Too many attribute references, stopped at: 0x01010099
09-02 08:50:27.349  3979  4673 V WindowManager: Relayout Window{b903561 u0 com.example.batterymanager_utility/com.example.batterymanager_utility.MainActivity}: viewVisibility=8 req=720x1280 WM.LayoutParams{(0,0)(fillxfill) sim=#120 ty=1 fl=#81810100 pfl=0x20000 wanim=0x10302fd vsysui=0x600 needsMenuKey=2 colorMode=0 naviIconColor=0}
09-02 08:50:27.353  3979  3996 D WindowManager: set systemUiVisibility : systemUiFlags= 0x608 fullscreenStackSysUiFlags= 0x0
09-02 08:50:27.355 30442 30442 D ViewRootImpl@110cd72[MainActivity]: Relayout returned: old=[0,0][720,1280] new=[0,0][720,1280] result=0x5 surface={valid=false 0} changed=true
09-02 08:50:27.357  3462  3462 I SurfaceFlinger: Display 0 HWC layers:
09-02 08:50:27.357  3462  3462 I SurfaceFlinger:     type    |    handle    | flag |  format   |   source crop (l,t,r,b)    |         frame       | name 
09-02 08:50:27.357  3462  3462 I SurfaceFlinger: ------------+--------------+------+-----------+----------------------------+---------------------+------
09-02 08:50:27.357  3462  3462 I SurfaceFlinger:      Client |              | 0000 |  Unknown  |  -0.2   -0.2   -0.8   -0.8 |    0    0  720 1280 | animation background stackId=1#0
09-02 08:50:27.357  3462  3462 I SurfaceFlinger:      Client | 0x7abdcaa000 | 0002 | RGBA_8888 |   0.0    0.0  720.0 1280.0 |    0    0  720 1279 | com.example.batterymanager_utility/c[...]atterymanager_utility.MainActivity#0
09-02 08:50:27.357  3462  3462 I SurfaceFlinger:      Device | 0x7abe64b980 | 0000 | RGBA_8888 |   0.0    0.0  720.0   42.0 |    0    0  720   42 | StatusBar#0
09-02 08:50:27.357  3462  3462 I SurfaceFlinger: 
09-02 08:50:27.385  3979  4672 D StorageManagerService: getExternalStorageMountMode : 1
09-02 08:50:27.385  3979  4672 D StorageManagerService: getExternalStorageMountMode : 3
09-02 08:50:27.385  3979  4672 D StorageManagerService: getExternalStorageMountMode : final mountMode=1, uid : 10154, packageName : org.mozilla.firefox
09-02 08:50:27.386  3979  4672 I ApplicationPolicy: isApplicationExternalStorageWhitelisted:org.mozilla.firefox user:0
09-02 08:50:27.386  3979  4672 D ApplicationPolicy: isApplicationExternalStorageWhitelisted: DO is not enabled on user 0. Allowed.
09-02 08:50:27.386  3979  4672 D ActivityManager: package  org.mozilla.firefox, user - 0 is SDcard whitelisted
09-02 08:50:27.386  3979  4672 I ApplicationPolicy: isApplicationExternalStorageBlacklisted:org.mozilla.firefox user:0
09-02 08:50:27.386  3979  4672 D ApplicationPolicy: isApplicationExternalStorageBlacklisted: DO is not enabled on user 0. Allowed.
09-02 08:50:27.389 30483 30532 W logins::schema: user_version: 2
09-02 08:50:27.400  3979  4672 I ActivityManager: Start proc 30617:org.mozilla.firefox:gpu/u0a154 for service org.mozilla.firefox/org.mozilla.gecko.process.GeckoChildProcessServices$gpu
09-02 08:50:27.401 30617 30617 E Zygote  : isWhitelistProcess - Process is Whitelisted
09-02 08:50:27.402 30617 30617 E libpersona: scanKnoxPersonas
09-02 08:50:27.402 30617 30617 E libpersona: Couldn't open the File - /data/system/users/0/personalist.xml - No such file or directory
09-02 08:50:27.405 30617 30617 W SELinux : SELinux selinux_android_compute_policy_index : Policy Index[2],  Con:u:r:zygote:s0 RAM:SEPF_SM-J720F_8.0.0_0017, [-1 -1 -1 -1 0 1]
09-02 08:50:27.406 30617 30617 I SELinux : SELinux: seapp_context_lookup: seinfo=untrusted, level=s0:c512,c768, pkgname=org.mozilla.firefox:gpu 
09-02 08:50:27.419  4349  4728 D SystemServicesProxy: updateOverviewLastStackActiveTimeAsync: newTime=1693559943942
09-02 08:50:27.420  3979  4672 D SecContentProvider: query(), uri = 17 selection = isSettingsChangesAllowed
09-02 08:50:27.421  3979  4672 D SecContentProvider: called from android.uid.systemui:10009
09-02 08:50:27.422  4349  4561 D SystemServicesProxy: updateOverviewLastStackActiveTimeAsync: done.
09-02 08:50:27.427 30617 30617 D TimaKeyStoreProvider: TimaKeyStore is not enabled: cannot add TimaSignature Service and generateKeyPair Service
09-02 08:50:27.428 30617 30617 D ActivityThread: Added TimaKeyStore provider
09-02 08:50:27.430  3979  4672 I ActivityManager: DSS on for org.mozilla.firefox and scale is 1.0
09-02 08:50:27.449 30617 30617 I zygote64: no shared libraies, dex_files: 1
09-02 08:50:27.471 30483 30483 I zygote64: Deoptimizing androidx.navigation.NavDestination androidx.navigation.NavInflater.inflate(android.content.res.Resources, android.content.res.XmlResourceParser, android.util.AttributeSet, int) due to JIT inline cache
09-02 08:50:27.507 30617 30617 I ServiceChildProcess: onCreate
09-02 08:50:27.509 30617 30640 I GeckoThread: preparing to run Gecko
09-02 08:50:27.510  3614  3927 D DnsProxyListener: DNSDBG::dns addrinfo af 2
09-02 08:50:27.515  3614  3927 D DnsProxyListener: DNSDBG::dns addrinfo af 2
09-02 08:50:27.525  4349  4367 I zygote64: NativeAllocBackground concurrent copying GC freed 84853(4MB) AllocSpace objects, 4(560KB) LOS objects, 50% free, 9MB/19MB, paused 445us total 100.174ms
09-02 08:50:27.542  3462  3462 I SurfaceFlinger: Display 0 HWC layers:
09-02 08:50:27.542  3462  3462 I SurfaceFlinger:     type    |    handle    | flag |  format   |   source crop (l,t,r,b)    |         frame       | name 
09-02 08:50:27.542  3462  3462 I SurfaceFlinger: ------------+--------------+------+-----------+----------------------------+---------------------+------
09-02 08:50:27.542  3462  3462 I SurfaceFlinger:      Client |              | 0000 |  Unknown  |  -0.2   -0.2   -0.8   -0.8 |    0    0  720 1280 | animation background stackId=1#0
09-02 08:50:27.542  3462  3462 I SurfaceFlinger:      Client | 0x7abdcaa000 | 0002 | RGBA_8888 |   0.0    0.0  720.0 1279.0 |   16   29  703 1250 | com.example.batterymanager_utility/c[...]atterymanager_utility.MainActivity#0
09-02 08:50:27.542  3462  3462 I SurfaceFlinger:      Device | 0x7ac4c243c0 | 0000 | RGBA_8888 |   0.0    0.0  720.0 1024.0 |   16  303  703 1280 | Splash Screen org.mozilla.firefox#0
09-02 08:50:27.542  3462  3462 I SurfaceFlinger:      Device | 0x7ac4c25140 | 0000 | RGBA_8888 |   0.0    0.0  720.0   42.0 |    0    0  720   42 | StatusBar#0
09-02 08:50:27.542  3462  3462 I SurfaceFlinger: 
09-02 08:50:27.571 30483 30527 W ActivityThread: ClassLoader.getResources: The class loader returned by Thread.getContextClassLoader() may fail for processes that host multiple applications. You should explicitly specify a context class loader. For example: Thread.setContextClassLoader(getClass().getClassLoader());
09-02 08:50:27.622 30483 30483 I NavController: Ignoring popBackStack to destination org.mozilla.firefox:id/browserFragment as it was not found on the current back stack
09-02 08:50:27.623 30483 30483 I NavController: Ignoring popBackStack to destination org.mozilla.firefox:id/homeFragment as it was not found on the current back stack
09-02 08:50:27.668 30483 30483 I ContileTopSitesUpdater: Started periodic work to update Contile top sites
09-02 08:50:27.821  3979  4046 I WindowManager: Destroying surface Surface(name=com.example.batterymanager_utility/com.example.batterymanager_utility.MainActivity) called by com.android.server.wm.WindowStateAnimator.destroySurface:2501 com.android.server.wm.WindowStateAnimator.destroySurfaceLocked:985 com.android.server.wm.WindowState.destroyOrSaveSurfaceUnchecked:3671 com.android.server.wm.WindowState.destroySurface:3619 com.android.server.wm.AppWindowToken.destroySurfaces:722 com.android.server.wm.AppWindowToken.destroySurfaces:706 com.android.server.wm.WindowState.onExitAnimationDone:5333 com.android.server.wm.WindowStateAnimator.stepAnimationLocked:550 
09-02 08:50:27.822  3462  3502 I SurfaceFlinger: id=408 Removed com.example.batterymanager_utility/com.example.batterymanager_utility.MainActivity#0 (2/5)
09-02 08:50:27.827  3462  4748 I SurfaceFlinger: id=408 Removed com.example.batterymanager_utility/com.example.batterymanager_utility.MainActivity#0 (-2/5)
09-02 08:50:27.832  3979  4323 I OpenGLRenderer: Initialized EGL, version 1.4
09-02 08:50:27.832  3979  4323 D OpenGLRenderer: Swap behavior 2
09-02 08:50:27.834  3462  3462 I Layer   : id=408 onRemoved com.example.batterymanager_utility/com.example.batterymanager_utility.MainActivity#0 
09-02 08:50:27.838  3462  3462 I SurfaceFlinger: Display 0 HWC layers:
09-02 08:50:27.838  3462  3462 I SurfaceFlinger:     type    |    handle    | flag |  format   |   source crop (l,t,r,b)    |         frame       | name 
09-02 08:50:27.838  3462  3462 I SurfaceFlinger: ------------+--------------+------+-----------+----------------------------+---------------------+------
09-02 08:50:27.838  3462  3462 I SurfaceFlinger:      Device | 0x7ac4c243c0 | 0000 | RGBA_8888 |   0.0    0.0  720.0 1280.0 |    0    0  720 1280 | Splash Screen org.mozilla.firefox#0
09-02 08:50:27.838  3462  3462 I SurfaceFlinger:      Device | 0x7ac4c24480 | 0000 | RGBA_8888 |   0.0    0.0  720.0   42.0 |    0    0  720   42 | StatusBar#0
09-02 08:50:27.838  3462  3462 I SurfaceFlinger: 
09-02 08:50:27.841 30483 30483 W GeckoViewActivityContextDelegate: A non-activity context was set.
09-02 08:50:27.857 30483 30510 I libglean_ffi: glean_core::ping: Collecting baseline
09-02 08:50:27.863 30483 30510 I libglean_ffi: glean_core::upload::directory: Processing ping at: /data/user/0/org.mozilla.firefox/glean_data/pending_pings/903f47fc-90c9-4c48-91ea-9b6d2ef7a6d8
09-02 08:50:27.863 30483 30510 I libglean_ffi: glean_core::metrics::ping: The ping 'baseline' was submitted and will be sent as soon as possible
09-02 08:50:27.867  3614  3927 D DnsProxyListener: DNSDBG::dns addrinfo af 2
09-02 08:50:27.877 30483 30530 I zygote64: Deoptimizing void kotlin.sequences.SequencesKt___SequencesKt.toCollection(kotlin.sequences.Sequence, java.util.AbstractCollection) due to JIT inline cache
09-02 08:50:27.877  3979  4672 D ConnectivityService: filterNetworkStateForUid() uid: 10154 networkInfo: [type: WIFI[] - WIFI, state: CONNECTED/CONNECTED, reason: (unspecified), extra: "WiFi 69", failover: false, available: true, roaming: false, metered: false]
09-02 08:50:27.879  3979  4673 D ConnectivityService: filterNetworkStateForUid() uid: 10154 networkInfo: [type: WIFI[] - WIFI, state: CONNECTED/CONNECTED, reason: (unspecified), extra: "WiFi 69", failover: false, available: true, roaming: false, metered: false]
09-02 08:50:27.880  3979  4672 D ConnectivityService: filterNetworkStateForUid() uid: 10154 networkInfo: [type: WIFI[] - WIFI, state: CONNECTED/CONNECTED, reason: (unspecified), extra: "WiFi 69", failover: false, available: true, roaming: false, metered: false]
09-02 08:50:27.901 30483 30528 I StartupTypeTelemetry: Recorded start up: cold_view
09-02 08:50:27.904 30483 30483 I BgSyncManager: Periodic syncing enabled: PeriodicSyncConfig(periodMinutes=240, initialDelayMinutes=5)
09-02 08:50:27.905 30483 30483 I FirefoxAccountStateMachine: Sync is enabled
09-02 08:50:27.919 30483 30488 I zygote64: Do full code cache collection, code=244KB, data=166KB
09-02 08:50:27.920 30483 30488 I zygote64: After code cache collection, code=213KB, data=124KB
09-02 08:50:27.925 30483 30656 D OpenGLRenderer: HWUI GL Pipeline
09-02 08:50:27.930 30483 30483 D ViewRootImpl@3ae55cb[HomeActivity]: setView = DecorView@56091a8[HomeActivity] TM=true MM=false
09-02 08:50:27.930  3979  5983 D ActivityManager: post active user change for 0 fullscreen true isHomeActivity() false
09-02 08:50:27.933 30483 30657 I libglean_ffi: glean_core::upload: New upload task with id e3bbb061-ae43-41f0-8bf0-4ed028465bde (path: /submit/org-mozilla-firefox/events/1/e3bbb061-ae43-41f0-8bf0-4ed028465bde)
09-02 08:50:27.935  3979  5983 D ConnectivityService: filterNetworkStateForUid() uid: 10154 networkInfo: [type: WIFI[] - WIFI, state: CONNECTED/CONNECTED, reason: (unspecified), extra: "WiFi 69", failover: false, available: true, roaming: false, metered: false]
09-02 08:50:27.936  3979  5983 I chatty  : uid=1000(system) Binder:3979_17 identical 2 lines
09-02 08:50:27.943  3614  3927 D DnsProxyListener: DNSDBG::dns addrinfo af 2
09-02 08:50:27.944  3979  5983 D ConnectivityService: filterNetworkStateForUid() uid: 10154 networkInfo: [type: WIFI[] - WIFI, state: CONNECTED/CONNECTED, reason: (unspecified), extra: "WiFi 69", failover: false, available: true, roaming: false, metered: false]
09-02 08:50:27.945  3979  4673 D ConnectivityService: filterNetworkStateForUid() uid: 10154 networkInfo: [type: WIFI[] - WIFI, state: CONNECTED/CONNECTED, reason: (unspecified), extra: "WiFi 69", failover: false, available: true, roaming: false, metered: false]
09-02 08:50:27.946  3979  4673 D ConnectivityService: filterNetworkStateForUid() uid: 10154 networkInfo: [type: WIFI[] - WIFI, state: CONNECTED/CONNECTED, reason: (unspecified), extra: "WiFi 69", failover: false, available: true, roaming: false, metered: false]
09-02 08:50:27.951  3614  3927 I chatty  : uid=0(root) /system/bin/netd identical 3 lines
09-02 08:50:27.952  3614  3927 D DnsProxyListener: DNSDBG::dns addrinfo af 2
09-02 08:50:27.952 30617 30640 I GeckoLoader: Library base=/data/app/org.mozilla.firefox-qXEeZwQeSKU-v4RxzjCTZA==/lib/arm64
09-02 08:50:27.952 30617 30640 I GeckoLoader: Library base=/data/app/org.mozilla.firefox-qXEeZwQeSKU-v4RxzjCTZA==/lib/arm64
09-02 08:50:27.953 30617 30640 E GeckoLibLoad: Load sqlite start
09-02 08:50:27.953 30483 30664 I FirefoxAccountStateMachine: Processing event 'mozilla.components.service.fxa.manager.Event$Account$Start@4afb4d8' for state Idle(accountState=NotAuthenticated). Next state is Active(progressState=Initializing)
09-02 08:50:27.956 30617 30640 E GeckoLibLoad: Load sqlite done
09-02 08:50:27.957 30617 30640 I GeckoLoader: Library base=/data/app/org.mozilla.firefox-qXEeZwQeSKU-v4RxzjCTZA==/lib/arm64
09-02 08:50:27.957  3614  3927 D DnsProxyListener: DNSDBG::dns addrinfo af 2
09-02 08:50:27.957 30617 30640 E GeckoLibLoad: Load nss start
09-02 08:50:27.957 30617 30640 E GeckoLibLoad: Load nss done
09-02 08:50:27.957 30617 30640 I GeckoLoader: Library base=/data/app/org.mozilla.firefox-qXEeZwQeSKU-v4RxzjCTZA==/lib/arm64
09-02 08:50:27.959  3614  3927 D DnsProxyListener: DNSDBG::dns addrinfo af 2
09-02 08:50:27.959 30483 30483 D ViewRootImpl@3ae55cb[HomeActivity]: dispatchAttachedToWindow
09-02 08:50:27.970  3347  3347 W keymaster2_mdfpp: entered get_key_characteristics function.
09-02 08:50:27.971  3347  3347 W keymaster_tee: [WRN]KEY_PARAMS: AES ENC DEC GCM PADNO AUTH SIZE:256 
09-02 08:50:27.971  3347  3347 W keymaster_tee: [WRN]KEY_PARAMS: 20230902081917 
09-02 08:50:27.971  3347  3347 W keymaster2_mdfpp: exit get_key_characteristics function, returned 0
09-02 08:50:27.976  3347  3347 W keymaster2_mdfpp: entered get_key_characteristics function.
09-02 08:50:27.977  3347  3347 W keymaster_tee: [WRN]KEY_PARAMS: AES ENC DEC GCM PADNO AUTH SIZE:256 
09-02 08:50:27.977  3347  3347 W keymaster_tee: [WRN]KEY_PARAMS: 20230902081917 
09-02 08:50:27.978  3347  3347 W keymaster2_mdfpp: exit get_key_characteristics function, returned 0
09-02 08:50:27.983  3979  5983 V WindowManager: Relayout Window{13788a u0 org.mozilla.firefox/org.mozilla.fenix.HomeActivity}: viewVisibility=0 req=719x1237 WM.LayoutParams{(0,0)(fillxfill) sim=#110 ty=1 fl=#81010100 pfl=0x20000 wanim=0x7f1404fa vsysui=0x2610 needsMenuKey=2 colorMode=0 naviIconColor=0}
09-02 08:50:27.983 30617 30640 E GeckoLibLoad: Loaded libs in 26.356885ms total, 4ms(0ms) user, 24ms(24ms) system, 0(0) faults
09-02 08:50:27.984 30617 30640 W GeckoThread: zerdatime 82609416 - runGecko
09-02 08:50:27.987  3462  3462 I SurfaceFlinger: id=410 createSurf (720x1280),1 flag=404, org.mozilla.firefox/org.mozilla.fenix.HomeActivity#0
09-02 08:50:27.989  3979  5983 V Surface : sf_framedrop debug : 0x4f4c, game : false, logging : 0
09-02 08:50:27.989  3979  3996 D WindowManager: set systemUiVisibility : systemUiFlags= 0x2608 fullscreenStackSysUiFlags= 0x0
09-02 08:50:27.992  3979  5983 D InputDispatcher: Focus entered window: 30483
09-02 08:50:27.994 30483 30483 V Surface : sf_framedrop debug : 0x4f4c, game : false, logging : 0
09-02 08:50:27.994 30483 30483 D ViewRootImpl@3ae55cb[HomeActivity]: Relayout returned: old=[0,0][0,0] new=[0,0][720,1280] result=0x7 surface={valid=true 533376692224} changed=true
09-02 08:50:27.994  3979  4673 D WindowManager: adjustSystemUiVisibilityLw : vis= 0x2608
09-02 08:50:27.994 30483 30656 I OpenGLRenderer: Initialized EGL, version 1.4
09-02 08:50:27.995 30483 30656 D OpenGLRenderer: Swap behavior 2
09-02 08:50:27.999 30483 30656 D libGLESv1: STS_GLApi : DTS, ODTC are not allowed for Package : org.mozilla.firefox
09-02 08:50:28.001 30483 30656 D mali_winsys: EGLint new_window_surface(egl_winsys_display *, void *, EGLSurface, EGLConfig, egl_winsys_surface **, egl_color_buffer_format *, EGLBoolean) returns 0x3000,  [720x1280]-format:1
09-02 08:50:28.001 30483 30656 D OpenGLRenderer: eglCreateWindowSurface = 0x7c28eada40
09-02 08:50:28.002 30483 30664 I FirefoxAccount: Registering persistence callback
09-02 08:50:28.002 30483 30664 I FirefoxAccountStateMachine: Ran 'mozilla.components.service.fxa.manager.Event$Account$Start@4afb4d8' side-effects for state Active(progressState=Initializing), got successive event mozilla.components.service.fxa.manager.Event$Progress$AccountNotFound@97c7a7f
09-02 08:50:28.003 30483 30664 I FirefoxAccountStateMachine: Processing event 'mozilla.components.service.fxa.manager.Event$Progress$AccountNotFound@97c7a7f' for state Active(progressState=Initializing). Next state is Idle(accountState=NotAuthenticated)
09-02 08:50:28.011  3979  4673 I ActivityManager: Displayed org.mozilla.firefox/org.mozilla.fenix.HomeActivity: +706ms (total +1s521ms)
09-02 08:50:28.011  3979  4673 I ActivityManager: Fully drawn org.mozilla.firefox/org.mozilla.fenix.HomeActivity: +706ms (total +1s521ms)
09-02 08:50:28.013  3462  3462 I SurfaceFlinger: id=411 createSurf (720x1238),1 flag=4, SurfaceView - org.mozilla.firefox/org.mozilla.fenix.HomeActivity@48d0a4c@0#0
09-02 08:50:28.014  3462  3462 I SurfaceFlinger: id=412 createSurf (720x1238),-1 flag=20004, Background for - SurfaceView - org.mozilla.firefox/org.mozilla.fenix.HomeActivity@48d0a4c@0#0
09-02 08:50:28.014 30483 30483 D SurfaceView: BG hide() Surface(name=Background for - SurfaceView - org.mozilla.firefox/org.mozilla.fenix.HomeActivity@48d0a4c@0) false true org.mozilla.gecko.MagnifiableSurfaceView{48d0a4c V.E...... ......ID 0,0-720,1238}
09-02 08:50:28.018 30483 30483 V Surface : sf_framedrop debug : 0x4f4c, game : false, logging : 0
09-02 08:50:28.019 30483 30483 D SurfaceView: surfaceCreated 1 org.mozilla.gecko.MagnifiableSurfaceView{48d0a4c V.E...... ......ID 0,0-720,1238}
09-02 08:50:28.019 30483 30483 D SurfaceView: surfaceChanged (720,1238) 1 org.mozilla.gecko.MagnifiableSurfaceView{48d0a4c V.E...... ......ID 0,0-720,1238}
09-02 08:50:28.028  3979  4673 D ConnectivityService: filterNetworkStateForUid() uid: 10154 networkInfo: [type: WIFI[] - WIFI, state: CONNECTED/CONNECTED, reason: (unspecified), extra: "WiFi 69", failover: false, available: true, roaming: false, metered: false]
09-02 08:50:28.029  3979  4673 D ConnectivityService: filterNetworkStateForUid() uid: 10154 networkInfo: [type: WIFI[] - WIFI, state: CONNECTED/CONNECTED, reason: (unspecified), extra: "WiFi 69", failover: false, available: true, roaming: false, metered: false]
09-02 08:50:28.030  3979  4672 D ConnectivityService: filterNetworkStateForUid() uid: 10154 networkInfo: [type: WIFI[] - WIFI, state: CONNECTED/CONNECTED, reason: (unspecified), extra: "WiFi 69", failover: false, available: true, roaming: false, metered: false]
09-02 08:50:28.038  3979  4672 V WindowManager: Relayout Window{13788a u0 org.mozilla.firefox/org.mozilla.fenix.HomeActivity}: viewVisibility=0 req=720x1280 WM.LayoutParams{(0,0)(fillxfill) sim=#110 ty=1 fl=#81010100 pfl=0x20000 fmt=-3 wanim=0x7f1404fa vsysui=0x2610 needsMenuKey=2 colorMode=0 naviIconColor=0}
09-02 08:50:28.043 30483 30483 D ViewRootImpl@3ae55cb[HomeActivity]: Relayout returned: old=[0,0][720,1280] new=[0,0][720,1280] result=0x3 surface={valid=true 533376692224} changed=false
09-02 08:50:28.063  3979  4672 V WindowManager: finishDrawingLocked: mDrawState=COMMIT_DRAW_PENDING Window{13788a u0 org.mozilla.firefox/org.mozilla.fenix.HomeActivity} in Surface(name=org.mozilla.firefox/org.mozilla.fenix.HomeActivity)
09-02 08:50:28.064 30483 30483 D ViewRootImpl@3ae55cb[HomeActivity]: MSG_RESIZED_REPORT: frame=Rect(0, 0 - 720, 1280) ci=Rect(0, 42 - 0, 0) vi=Rect(0, 42 - 0, 0) or=1
09-02 08:50:28.064 30483 30483 D ViewRootImpl@3ae55cb[HomeActivity]: MSG_WINDOW_FOCUS_CHANGED 1
09-02 08:50:28.073  3979  4046 D ViewRootImpl@512c064[firefox]: dispatchDetachedFromWindow
09-02 08:50:28.073  3979  4046 D InputEventReceiver: channel 'f292cd Splash Screen org.mozilla.firefox (client)' ~ Disposing input event receiver.
09-02 08:50:28.073  3979  4046 D InputEventReceiver: channel 'f292cd Splash Screen org.mozilla.firefox (client)' ~NativeInputEventReceiver.
09-02 08:50:28.075  3979  3996 D WindowManager: set systemUiVisibility : systemUiFlags= 0x2618 fullscreenStackSysUiFlags= 0x2000
09-02 08:50:28.077  3979  4004 D CustomFrequencyManagerService: acquireDVFSLockLocked : type : DVFS_MIN_LIMIT  frequency : 1560000  uid : 1000  pid : 3979  pkgName : AMS_RESUME_TAIL@CPU_MIN@14
09-02 08:50:28.077  3979  4672 D WindowManager: adjustSystemUiVisibilityLw : vis= 0x2618
09-02 08:50:28.077  3979  4004 D ActivityManagerPerformance: AMP_acquire() TAIL
09-02 08:50:28.077  3979  4004 D CustomFrequencyManagerService: releaseDVFSLockLocked : Getting Lock type frm List : DVFS_MIN_LIMIT  frequency : 1560000  uid : 1000  pid : 3979  tag : AMS_APP_SWITCH@CPU_MIN@23
