09-02 08:50:36.896 30483 30530 I zygote64: Deoptimizing kotlinx.coroutines.internal.LockFreeLinkedListNode kotlinx.coroutines.internal.LockFreeLinkedListNode.correctPrev() due to JIT inline cache
09-02 08:50:36.898  3979  4672 D ConnectivityService: filterNetworkStateForUid() uid: 10154 networkInfo: [type: WIFI[] - WIFI, state: CONNECTED/CONNECTED, reason: (unspecified), extra: "WiFi 69", failover: false, available: true, roaming: false, metered: false]
09-02 08:50:36.904 14031 14031 E adbd    : recv: OPEN 000186de 00000000 003d:73 68 65 6C 6C 2C 76 32 2C 54 45 52 4D 3D 78 74 65 72 6D 2D 32 35 36 63 6F 6C 6F 72 2C 72 61 77 3A 64 75 6D 70 73 79 73 20 6D 65 6D 69 6E 66 6F 20 7C 20 67 72 65 70 20 55 73 65 64 00 
09-02 08:50:36.904 14031 14031 E adbd    : service_to_fd: shell,v2,TERM=xterm-256color,raw:dumpsys meminfo | grep Used
09-02 08:50:36.920 30483 30483 D InputMethodManager: HSIFW - flag : 0 Pid : 30483
09-02 08:50:36.921  3979  4672 V InputMethodManagerService: Client requesting input be hidden, flags : 0
09-02 08:50:36.921  3979  4672 V InputMethodManagerService: hideCurrentInputLocked : shouldHideSoftInput is false
09-02 08:50:36.922 30483 30483 D ViewRootImpl@3ae55cb[HomeActivity]: MSG_WINDOW_FOCUS_CHANGED 1
09-02 08:50:36.925  3979  4672 D InputMethodManagerService: startInputOrWindowGainedFocus : windowGainedFocus 
09-02 08:50:36.926  3979  4672 D InputMethodManagerService: windowGainedFocus: destinationUserId (getCallingUid) = 0
09-02 08:50:36.926  3979  4672 D InputMethodManagerService: windowGainedFocus: currentUserId=0
09-02 08:50:36.926  3979  4672 D InputMethodManagerService: windowGainedFocus: mCurrentFocusedUserId=0
09-02 08:50:36.926  3979  4672 D InputMethodManagerService: windowGainedFocus : lock - currentUserId = 0 destinationUserId = 0
09-02 08:50:36.926  3979  4672 D InputMethodManagerService: windowGainedFocus : mCurrentFocusedUserId - 0 and mSecureKeypadEnabled - false, userSwitched - false
09-02 08:50:36.926  3979  4672 W InputMethodManagerService: Window already focused, ignoring focus gain of: com.android.internal.view.IInputMethodClient$Stub$Proxy@4116dbf attribute=null, token = android.os.BinderProxy@b86e2f5
09-02 08:50:36.931  3979  4672 D ActivityManager: isScaleDownAnimationEnabled() : false
09-02 08:50:36.931  3979  4672 D PersonaManagerService: Current focused persona service handled id set to : 0
09-02 08:50:36.931  3979  4672 D InputDispatcher: Focused application set to: xxxx
09-02 08:50:36.935  3979  4238 D GameManagerService: handleForegroundChange(). pkgName: org.mozilla.firefox, clsName: org.mozilla.fenix.HomeActivity,FgActivityName:org.mozilla.firefox/org.mozilla.fenix.HomeActivity
09-02 08:50:36.935  3979  4238 D GameManagerService:   handleForegroundChange(). same package. game has never resumed yet. ignore
09-02 08:50:36.935  3979  4672 D MARsPolicyManager: onPackageResumedFG pkgName = org.mozilla.firefox, userId = 0
09-02 08:50:36.945 30442 30833 I BatteryMgr:DataCollectionService: stats => 1693637436945,47,4276
09-02 08:50:36.948 30483 30483 I WebExtension: releasePendingMessages: extension=readerview@mozac.org nativeApp=mozacReaderviewActive session=org.mozilla.geckoview.GeckoSession@8762e4d
09-02 08:50:36.949 30483 30483 I WebExtension: releasePendingMessages: extension=readerview@mozac.org nativeApp=mozacReaderview session=org.mozilla.geckoview.GeckoSession@8762e4d
09-02 08:50:36.949 30483 30483 I WebExtension: releasePendingMessages: extension=readerview@mozac.org nativeApp=mozacReaderviewActive session=org.mozilla.geckoview.GeckoSession@8762e4d
09-02 08:50:36.950 30483 30483 I WebExtension: releasePendingMessages: extension=readerview@mozac.org nativeApp=mozacReaderview session=org.mozilla.geckoview.GeckoSession@8762e4d
09-02 08:50:36.960  3979  4673 V WindowManager: Relayout Window{13788a u0 org.mozilla.firefox/org.mozilla.fenix.HomeActivity}: viewVisibility=0 req=720x1280 WM.LayoutParams{(0,0)(fillxfill) sim=#10 ty=1 fl=#81010100 pfl=0x20000 fmt=-3 wanim=0x7f1404fa vsysui=0x2610 needsMenuKey=2 colorMode=0 naviIconColor=0}
09-02 08:50:36.965 30483 30483 D ViewRootImpl@3ae55cb[HomeActivity]: Relayout returned: old=[0,0][720,1280] new=[0,0][720,1280] result=0x1 surface={valid=true 533376692224} changed=false
09-02 08:50:36.982  4349  4372 D SystemServicesProxy: updateOverviewLastStackActiveTimeAsync: newTime=1693559943942
09-02 08:50:36.983  3979  4672 D SecContentProvider: query(), uri = 17 selection = isSettingsChangesAllowed
09-02 08:50:36.984  3979  4672 D SecContentProvider: called from android.uid.systemui:10009
09-02 08:50:36.984  4349  4561 D SystemServicesProxy: updateOverviewLastStackActiveTimeAsync: done.
09-02 08:50:36.993  3979  4672 D ConnectivityService: filterNetworkStateForUid() uid: 10154 networkInfo: [type: WIFI[] - WIFI, state: CONNECTED/CONNECTED, reason: (unspecified), extra: "WiFi 69", failover: false, available: true, roaming: false, metered: false]
09-02 08:50:36.999 30483 30536 I zygote64: Deoptimizing boolean kotlinx.coroutines.JobSupport.isActive() due to JIT inline cache
09-02 08:50:37.017  3979  4672 D ActivityManager: post active user change for 0 fullscreen true isHomeActivity() false
09-02 08:50:37.035  3979  4672 V WindowManager: Relayout Window{13788a u0 org.mozilla.firefox/org.mozilla.fenix.HomeActivity}: viewVisibility=0 req=720x1280 WM.LayoutParams{(0,0)(fillxfill) sim=#110 ty=1 fl=#81010100 pfl=0x20000 fmt=-3 wanim=0x7f1404fa vsysui=0x2610 needsMenuKey=2 colorMode=0 naviIconColor=0}
09-02 08:50:37.041 30483 30483 D ViewRootImpl@3ae55cb[HomeActivity]: Relayout returned: old=[0,0][720,1280] new=[0,0][720,1280] result=0x1 surface={valid=true 533376692224} changed=false
09-02 08:50:37.049 30442 30833 I BatteryMgr:DataCollectionService: stats => 1693637437049,47,4276
09-02 08:50:37.075  3979  4673 D ConnectivityService: filterNetworkStateForUid() uid: 10025 networkInfo: [type: WIFI[] - WIFI, state: CONNECTED/CONNECTED, reason: (unspecified), extra: "WiFi 69", failover: false, available: true, roaming: false, metered: false]
09-02 08:50:37.105  3979  4673 D ConnectivityService: filterNetworkStateForUid() uid: 10025 networkInfo: [type: WIFI[] - WIFI, state: CONNECTED/CONNECTED, reason: (unspecified), extra: "WiFi 69", failover: false, available: true, roaming: false, metered: false]
09-02 08:50:37.154 30442 30833 I BatteryMgr:DataCollectionService: stats => 1693637437154,47,4276
09-02 08:50:37.258 30442 30833 I BatteryMgr:DataCollectionService: stats => 1693637437258,47,4276
09-02 08:50:37.362 30442 30833 I BatteryMgr:DataCollectionService: stats => 1693637437362,47,4276
09-02 08:50:37.467 30442 30833 I BatteryMgr:DataCollectionService: stats => 1693637437467,47,4276
09-02 08:50:37.570 30442 30833 I BatteryMgr:DataCollectionService: stats => 1693637437570,47,4276
09-02 08:50:37.674 30442 30833 I BatteryMgr:DataCollectionService: stats => 1693637437674,47,4276
09-02 08:50:37.778 30442 30833 I BatteryMgr:DataCollectionService: stats => 1693637437778,47,4276
09-02 08:50:37.884 30442 30833 I BatteryMgr:DataCollectionService: stats => 1693637437884,47,4276
09-02 08:50:37.988 30442 30833 I BatteryMgr:DataCollectionService: stats => 1693637437988,47,4276
09-02 08:50:38.092 30442 30833 I BatteryMgr:DataCollectionService: stats => 1693637438092,47,4276
09-02 08:50:38.196 30442 30833 I BatteryMgr:DataCollectionService: stats => 1693637438196,47,4276
09-02 08:50:38.300 30442 30833 I BatteryMgr:DataCollectionService: stats => 1693637438300,47,4276
09-02 08:50:38.386  3449  3449 I android.hardware.wifi@1.0-service: getLinkLayerStats
09-02 08:50:38.404 30442 30833 I BatteryMgr:DataCollectionService: stats => 1693637438404,47,4276
09-02 08:50:38.507 30442 30833 I BatteryMgr:DataCollectionService: stats => 1693637438507,47,4276
09-02 08:50:38.611 30442 30833 I BatteryMgr:DataCollectionService: stats => 1693637438611,47,4276
09-02 08:50:38.715 30442 30833 I BatteryMgr:DataCollectionService: stats => 1693637438715,47,4276
09-02 08:50:38.814  3979  5035 D ActivityManagerPerformance: Received MSG_DISABLE_ACT_START, r: ActivityRecord{5f562f4 u0 org.mozilla.firefox/org.mozilla.gecko.BrowserApp t-1 f}
09-02 08:50:38.815  3979  5035 D CustomFrequencyManagerService: acquireDVFSLockLocked : type : DVFS_MIN_LIMIT  frequency : 1560000  uid : 1000  pid : 3979  pkgName : AMS_RESUME_TAIL@CPU_MIN@14
09-02 08:50:38.815  3979  5035 D ActivityManagerPerformance: AMP_acquire() TAIL
09-02 08:50:38.816  3979  5035 D CustomFrequencyManagerService: releaseDVFSLockLocked : Getting Lock type frm List : DVFS_MIN_LIMIT  frequency : 1560000  uid : 1000  pid : 3979  tag : AMS_ACT_START@CPU_MIN@8
09-02 08:50:38.816  3979  5035 D ActivityManagerPerformance: AMP_release() ACT_START
09-02 08:50:38.819 30442 30833 I BatteryMgr:DataCollectionService: stats => 1693637438819,47,4276
09-02 08:50:38.838  3979  3979 D PreBindingService: handleMessage : 1
09-02 08:50:38.873  3979  3979 D PreBindingService: handleMessage : 1
09-02 08:50:38.923 30442 30833 I BatteryMgr:DataCollectionService: stats => 1693637438923,47,4276
09-02 08:50:38.933  4962  4962 D io_stats: !@ 179,0 r 495707 15349832 w 250190 5500172 d 24978 18414892 f 82464 83897 iot 348892 292698 th 51200 0 0 pt 0 inp 0 0 27972.178
09-02 08:50:39.019  5551  5624 D ContactsProvider_EventLog: contents_sample_state: [CONTACT contacts(191) data(1819) accounts({com.google (13)=199}) accounts deleted({}) calls([]) countryIso(NL) userId(0)  ]
09-02 08:50:39.019  5551  5624 D ContactsProvider_EventLog: contents_sample_state: [ agr({[13 ,13]=8, [13]=183})  ]
09-02 08:50:39.019  5551  5624 D ContactsProvider_EventLog: contents_sample_state: [ actCnt({android.process.acore(5551)=1})  ]
09-02 08:50:39.019  5551  5624 D ContactsProvider_EventLog: contents_sample_state: [PROFILE contacts(0) data(0) accounts({})  ]
09-02 08:50:39.019  5551  5624 D ContactsProvider_EventLog: contents_sample_state: [SAPROFILE contacts(1) data(1) accounts({vnd.sec.contact.phone (1)=1})  ]
09-02 08:50:39.022  5551  5624 E ContactsProvider_EventLog: Flush buffer to file cnt : 1 size : 0Kb duration : 3ms lastUpdatedAfter : 60108 ms mFlush_time_threasold : 2000 mCurrentSize : 481
09-02 08:50:39.026 30442 30833 I BatteryMgr:DataCollectionService: stats => 1693637439026,47,4276
09-02 08:50:39.131 30442 30833 I BatteryMgr:DataCollectionService: stats => 1693637439131,47,4276
09-02 08:50:39.235 30442 30833 I BatteryMgr:DataCollectionService: stats => 1693637439235,47,4276
09-02 08:50:39.340 30442 30833 I BatteryMgr:DataCollectionService: stats => 1693637439340,47,4276
09-02 08:50:39.415  3979  3979 D CustomFrequencyManagerService: releaseDVFSLockLocked : Getting Lock type frm List : DVFS_MIN_LIMIT  frequency : 1560000  uid : 1000  pid : 3979  tag : AMS_RESUME_TAIL@CPU_MIN@14
09-02 08:50:39.444 30442 30833 I BatteryMgr:DataCollectionService: stats => 1693637439444,47,4276
09-02 08:50:39.550 30442 30833 I BatteryMgr:DataCollectionService: stats => 1693637439550,47,4276
09-02 08:50:39.657 30442 30833 I BatteryMgr:DataCollectionService: stats => 1693637439657,47,4276
09-02 08:50:39.767 30442 30833 I BatteryMgr:DataCollectionService: stats => 1693637439766,47,4276
09-02 08:50:39.878 30442 30833 I BatteryMgr:DataCollectionService: stats => 1693637439878,47,4276
09-02 08:50:39.989 30442 30833 I BatteryMgr:DataCollectionService: stats => 1693637439988,47,4276
09-02 08:50:40.095 30442 30833 I BatteryMgr:DataCollectionService: stats => 1693637440095,47,4276
09-02 08:50:40.108 30442 30447 I zygote64: Do partial code cache collection, code=58KB, data=44KB
09-02 08:50:40.108 30442 30447 I zygote64: After code cache collection, code=58KB, data=44KB
09-02 08:50:40.108 30442 30447 I zygote64: Increasing code cache capacity to 256KB
09-02 08:50:40.200 30442 30833 I BatteryMgr:DataCollectionService: stats => 1693637440200,47,4276
09-02 08:50:40.310 30442 30833 I BatteryMgr:DataCollectionService: stats => 1693637440310,47,4276
09-02 08:50:40.421 30442 30833 I BatteryMgr:DataCollectionService: stats => 1693637440421,47,4276
09-02 08:50:40.530 30442 30833 I BatteryMgr:DataCollectionService: stats => 1693637440530,47,4276
09-02 08:50:40.569 14031 14031 E adbd    : recv: OPEN 000186e1 00000000 0029:73 68 65 6C 6C 2C 76 32 2C 54 45 52 4D 3D 78 74 65 72 6D 2D 32 35 36 63 6F 6C 6F 72 2C 72 61 77 3A 64 61 74 65 20 2D 75 00 
09-02 08:50:40.569 14031 14031 E adbd    : service_to_fd: shell,v2,TERM=xterm-256color,raw:date -u
09-02 08:50:40.637 30442 30833 I BatteryMgr:DataCollectionService: stats => 1693637440637,47,4276
09-02 08:50:40.671 14031 14031 E adbd    : recv: OPEN 000186e4 00000000 003e:73 68 65 6C 6C 2C 76 32 2C 54 45 52 4D 3D 78 74 65 72 6D 2D 32 35 36 63 6F 6C 6F 72 2C 72 61 77 3A 64 75 6D 70 73 79 73 20 63 70 75 69 6E 66 6F 20 7C 20 67 72 65 70 20 54 4F 54 41 4C 00 
09-02 08:50:40.671 14031 14031 E adbd    : service_to_fd: shell,v2,TERM=xterm-256color,raw:dumpsys cpuinfo | grep TOTAL
09-02 08:50:40.745 30442 30833 I BatteryMgr:DataCollectionService: stats => 1693637440744,47,4276
09-02 08:50:40.775 14031 14031 E adbd    : recv: OPEN 000186e7 00000000 003d:73 68 65 6C 6C 2C 76 32 2C 54 45 52 4D 3D 78 74 65 72 6D 2D 32 35 36 63 6F 6C 6F 72 2C 72 61 77 3A 64 75 6D 70 73 79 73 20 6D 65 6D 69 6E 66 6F 20 7C 20 67 72 65 70 20 55 73 65 64 00 
09-02 08:50:40.775 14031 14031 E adbd    : service_to_fd: shell,v2,TERM=xterm-256color,raw:dumpsys meminfo | grep Used
09-02 08:50:40.850 30442 30833 I BatteryMgr:DataCollectionService: stats => 1693637440850,47,4276
09-02 08:50:40.958 30442 30833 I BatteryMgr:DataCollectionService: stats => 1693637440957,47,4276
09-02 08:50:40.985  3979  4051 D SensorService: [SO] 0.105 -0.407 9.855
09-02 08:50:41.069 30442 30833 I BatteryMgr:DataCollectionService: stats => 1693637441069,47,4276
09-02 08:50:41.179 30442 30833 I BatteryMgr:DataCollectionService: stats => 1693637441178,47,4276
09-02 08:50:41.288 30442 30833 I BatteryMgr:DataCollectionService: stats => 1693637441288,47,4276
09-02 08:50:41.392  3449  3449 I android.hardware.wifi@1.0-service: getLinkLayerStats
09-02 08:50:41.399 30442 30833 I BatteryMgr:DataCollectionService: stats => 1693637441399,47,4276
09-02 08:50:41.511 30442 30833 I BatteryMgr:DataCollectionService: stats => 1693637441511,47,4276
09-02 08:50:41.537  3979  6899 D SSRM:G  : SIOP:: AP = 310, PST = 286 (W:10), BAT = 254, USB = 0, CHG = 0
09-02 08:50:41.622 30442 30833 I BatteryMgr:DataCollectionService: stats => 1693637441622,47,4276
09-02 08:50:41.733 30442 30833 I BatteryMgr:DataCollectionService: stats => 1693637441732,47,4276
09-02 08:50:41.843 30442 30833 I BatteryMgr:DataCollectionService: stats => 1693637441842,47,4276
09-02 08:50:41.877 14031 14031 E adbd    : recv: OPEN 000186ea 00000000 0042:73 68 65 6C 6C 2C 76 32 2C 54 45 52 4D 3D 78 74 65 72 6D 2D 32 35 36 63 6F 6C 6F 72 2C 72 61 77 3A 67 65 74 70 72 6F 70 20 72 6F 2E 62 75 69 6C 64 2E 76 65 72 73 69 6F 6E 2E 72 65 6C 65 61 73 65 00 
09-02 08:50:41.877 14031 14031 E adbd    : service_to_fd: shell,v2,TERM=xterm-256color,raw:getprop ro.build.version.release
09-02 08:50:41.948 30442 30833 I BatteryMgr:DataCollectionService: stats => 1693637441948,47,4276
09-02 08:50:41.964 14031 14031 E adbd    : recv: OPEN 000186ed 00000000 003e:73 68 65 6C 6C 2C 76 32 2C 54 45 52 4D 3D 78 74 65 72 6D 2D 32 35 36 63 6F 6C 6F 72 2C 72 61 77 3A 67 65 74 70 72 6F 70 20 72 6F 2E 62 75 69 6C 64 2E 76 65 72 73 69 6F 6E 2E 73 64 6B 00 
09-02 08:50:41.964 14031 14031 E adbd    : service_to_fd: shell,v2,TERM=xterm-256color,raw:getprop ro.build.version.sdk
09-02 08:50:42.053 30442 30833 I BatteryMgr:DataCollectionService: stats => 1693637442053,47,4276
09-02 08:50:42.057 14031 14031 E adbd    : recv: OPEN 000186f0 00000000 0042:73 68 65 6C 6C 2C 76 32 2C 54 45 52 4D 3D 78 74 65 72 6D 2D 32 35 36 63 6F 6C 6F 72 2C 72 61 77 3A 67 65 74 70 72 6F 70 20 72 6F 2E 62 75 69 6C 64 2E 76 65 72 73 69 6F 6E 2E 72 65 6C 65 61 73 65 00 
09-02 08:50:42.057 14031 14031 E adbd    : service_to_fd: shell,v2,TERM=xterm-256color,raw:getprop ro.build.version.release
09-02 08:50:42.126 14031 14031 E adbd    : recv: OPEN 000186f3 00000000 003e:73 68 65 6C 6C 2C 76 32 2C 54 45 52 4D 3D 78 74 65 72 6D 2D 32 35 36 63 6F 6C 6F 72 2C 72 61 77 3A 67 65 74 70 72 6F 70 20 72 6F 2E 62 75 69 6C 64 2E 76 65 72 73 69 6F 6E 2E 73 64 6B 00 
09-02 08:50:42.126 14031 14031 E adbd    : service_to_fd: shell,v2,TERM=xterm-256color,raw:getprop ro.build.version.sdk
09-02 08:50:42.158 30442 30833 I BatteryMgr:DataCollectionService: stats => 1693637442158,47,4276
09-02 08:50:42.200 14031 14031 E adbd    : recv: OPEN 000186f6 00000000 008c:73 68 65 6C 6C 2C 76 32 2C 54 45 52 4D 3D 78 74 65 72 6D 2D 32 35 36 63 6F 6C 6F 72 2C 72 61 77 3A 61 6D 20 73 74 6F 70 73 65 72 76 69 63 65 20 63 6F 6D 2E 65 78 61 6D 70 6C 65 2E 62 61 74 74 65 72 79 6D 61 6E 61 67 65 72 5F 75 74 69 6C 69 74 79 2F 63 6F 6D 2E 65 78 61 6D 70 6C 65 2E 62 61 74 74 65 72 79 6D 61 6E 61 67 65 72 5F 75 74 69 6C 69 74 79 2E 44 61 74 61 43 6F 6C 6C 65 63 74 69 6F 6E 53 65 72 76 69 63 65 00 
09-02 08:50:42.200 14031 14031 E adbd    : service_to_fd: shell,v2,TERM=xterm-256color,raw:am stopservice com.example.batterymanager_utility/com.example.batterymanager_utility.DataCollectionService
09-02 08:50:42.262 30442 30833 I BatteryMgr:DataCollectionService: stats => 1693637442262,47,4276
09-02 08:50:42.267  3979  3979 I EasyMuteController: UnRegister failed. no registered
09-02 08:50:42.268  3979  3979 D LightsService: [api] [SvcLED] turnOff:: id = 4 (uid: 1000 pid: 3979) 
09-02 08:50:42.268  3979  3979 D LightsService: [api] [SvcLED] LED indicator : Not supported.
09-02 08:50:42.271  3979  4673 D Notification: allPendingIntents
09-02 08:50:42.271  3979  5965 D Notification: allPendingIntents
09-02 08:50:42.271  3979  3979 D LightsService: [api] [SvcLED] turnOff:: id = 4 (uid: 1000 pid: 3979) 
09-02 08:50:42.271  3979  3979 D LightsService: [api] [SvcLED] LED indicator : Not supported.
09-02 08:50:42.272  3979  5965 I chatty  : uid=1000(system) Binder:3979_10 identical 1 line
09-02 08:50:42.273  3979  5965 D Notification: allPendingIntents
09-02 08:50:42.310 14031 14031 E adbd    : recv: OPEN 000186f9 00000000 0042:73 68 65 6C 6C 2C 76 32 2C 54 45 52 4D 3D 78 74 65 72 6D 2D 32 35 36 63 6F 6C 6F 72 2C 72 61 77 3A 67 65 74 70 72 6F 70 20 72 6F 2E 62 75 69 6C 64 2E 76 65 72 73 69 6F 6E 2E 72 65 6C 65 61 73 65 00 
09-02 08:50:42.310 14031 14031 E adbd    : service_to_fd: shell,v2,TERM=xterm-256color,raw:getprop ro.build.version.release
09-02 08:50:42.317  4349  4349 D KeyguardUpdateMonitor: handleStatusBarState( false )
09-02 08:50:42.317  4349  4349 D KeyguardUpdateMonitor: handleStatusBarState( false )
09-02 08:50:42.329  3979  5965 D ConnectivityService: filterNetworkStateForUid() uid: 10025 networkInfo: [type: WIFI[] - WIFI, state: CONNECTED/CONNECTED, reason: (unspecified), extra: "WiFi 69", failover: false, available: true, roaming: false, metered: false]
09-02 08:50:42.386 14031 14031 E adbd    : recv: OPEN 000186fc 00000000 003e:73 68 65 6C 6C 2C 76 32 2C 54 45 52 4D 3D 78 74 65 72 6D 2D 32 35 36 63 6F 6C 6F 72 2C 72 61 77 3A 67 65 74 70 72 6F 70 20 72 6F 2E 62 75 69 6C 64 2E 76 65 72 73 69 6F 6E 2E 73 64 6B 00 
09-02 08:50:42.386 14031 14031 E adbd    : service_to_fd: shell,v2,TERM=xterm-256color,raw:getprop ro.build.version.sdk
09-02 08:50:42.452 14031 14031 E adbd    : recv: OPEN 000186ff 00000000 0076:73 68 65 6C 6C 2C 76 32 2C 54 45 52 4D 3D 78 74 65 72 6D 2D 32 35 36 63 6F 6C 6F 72 2C 72 61 77 3A 64 75 6D 70 73 79 73 20 61 63 74 69 76 69 74 79 20 72 65 63 65 6E 74 73 20 7C 20 67 72 65 70 20 22 52 65 63 65 6E 74 20 23 30 22 20 7C 20 63 75 74 20 2D 64 20 22 3D 22 20 2D 66 32 20 7C 20 67 72 65 70 20 2D 6F 20 2D 70 20 22 5B 61 2D 7A 7C 2E 5D 2A 22 00 
09-02 08:50:42.452 14031 14031 E adbd    : service_to_fd: shell,v2,TERM=xterm-256color,raw:dumpsys activity recents | grep "Recent #0" | cut -d "=" -f2 | grep -o -p "[a-z|.]*"
09-02 08:50:42.539 14031 14031 E adbd    : recv: OPEN 00018702 00000000 0042:73 68 65 6C 6C 2C 76 32 2C 54 45 52 4D 3D 78 74 65 72 6D 2D 32 35 36 63 6F 6C 6F 72 2C 72 61 77 3A 67 65 74 70 72 6F 70 20 72 6F 2E 62 75 69 6C 64 2E 76 65 72 73 69 6F 6E 2E 72 65 6C 65 61 73 65 00 
09-02 08:50:42.539 14031 14031 E adbd    : service_to_fd: shell,v2,TERM=xterm-256color,raw:getprop ro.build.version.release
09-02 08:50:42.605 14031 14031 E adbd    : recv: OPEN 00018705 00000000 003e:73 68 65 6C 6C 2C 76 32 2C 54 45 52 4D 3D 78 74 65 72 6D 2D 32 35 36 63 6F 6C 6F 72 2C 72 61 77 3A 67 65 74 70 72 6F 70 20 72 6F 2E 62 75 69 6C 64 2E 76 65 72 73 69 6F 6E 2E 73 64 6B 00 
09-02 08:50:42.605 14031 14031 E adbd    : service_to_fd: shell,v2,TERM=xterm-256color,raw:getprop ro.build.version.sdk
09-02 08:50:42.703 14031 14031 E adbd    : recv: OPEN 00018708 00000000 0043:73 68 65 6C 6C 2C 76 32 2C 54 45 52 4D 3D 78 74 65 72 6D 2D 32 35 36 63 6F 6C 6F 72 2C 72 61 77 3A 61 6D 20 66 6F 72 63 65 2D 73 74 6F 70 20 6F 72 67 2E 6D 6F 7A 69 6C 6C 61 2E 66 69 72 65 66 6F 78 00 
09-02 08:50:42.703 14031 14031 E adbd    : service_to_fd: shell,v2,TERM=xterm-256color,raw:am force-stop org.mozilla.firefox
09-02 08:50:42.779  3979  5965 I ActivityManager: Force stopping org.mozilla.firefox appid=10154 user=0: from pid 30926
09-02 08:50:42.780  3979  5965 I ActivityManager: Killing 30617:org.mozilla.firefox:gpu/u0a154 (adj 0): stop org.mozilla.firefox,from pid 30926
09-02 08:50:42.781  3979  5965 W ActivityManager: Scheduling restart of crashed service org.mozilla.firefox/org.mozilla.gecko.process.GeckoChildProcessServices$gpu in 1000ms
09-02 08:50:42.785  3979  5965 I ActivityManager: Killing 30545:org.mozilla.firefox:tab15/u0a154 (adj 0): stop org.mozilla.firefox,from pid 30926
09-02 08:50:42.786  3979  5965 W ActivityManager: Scheduling restart of crashed service org.mozilla.firefox/org.mozilla.gecko.process.GeckoChildProcessServices$tab15 in 10994ms
09-02 08:50:42.790  3979  5965 I ActivityManager: Killing 30483:org.mozilla.firefox/u0a154 (adj 0): stop org.mozilla.firefox,from pid 30926
09-02 08:50:42.792  3979  5965 W ActivityManager: Force removing ActivityRecord{e0a301f u0 org.mozilla.firefox/org.mozilla.fenix.HomeActivity t105}: app died, no saved state
09-02 08:50:42.798  3979  5965 D InputDispatcher: Focus left window: 30483
09-02 08:50:42.801  3462  3462 V Surface : sf_framedrop debug : 0x4f4c, game : false, logging : 0
09-02 08:50:42.814  3979  5965 D TaskSnapshotCache: putSnapshot mTaskId=105 RunningCache size=5
09-02 08:50:42.814  3979  5965 D TaskSnapshotCache: removeRunningEntry taskId=105 RunningCache size=4
09-02 08:50:42.814  3979  5965 D InputDispatcher: Focused application released
09-02 08:50:42.819  3979  5965 D CustomFrequencyManagerService: acquireDVFSLockLocked : type : DVFS_MIN_LIMIT  frequency : 1560000  uid : 1000  pid : 3979  pkgName : AMS_ACT_RESUME@CPU_MIN@70
09-02 08:50:42.819  3979  5965 D ActivityManagerPerformance: AMP_acquire() ACT_RESUME
09-02 08:50:42.820  3979  5965 D PersonaManagerService: Current focused persona service handled id set to : 0
09-02 08:50:42.821  3979  5965 D InputDispatcher: Focused application set to: xxxx
09-02 08:50:42.824  3979  5965 V WindowManager: rotationForOrientationLw(orient=-1, last=0); user=0  sensorRotation=-1 mLidState=-1 mDockMode=0 mHdmiPlugged=false
09-02 08:50:42.826  3979  4238 D GameManagerService: handleForegroundChange(). pkgName: com.example.batterymanager_utility, clsName: com.example.batterymanager_utility.MainActivity,FgActivityName:com.example.batterymanager_utility/.MainActivity
09-02 08:50:42.826  3979  5965 D MARsPolicyManager: onPackageResumedFG pkgName = com.example.batterymanager_utility, userId = 0
09-02 08:50:42.826  3979  4238 D GameManagerService: sem_perfomance_mode: 3
09-02 08:50:42.827  3979  4238 D GameManagerService: notifyResumePause(). pkg: com.example.batterymanager_utility, type: 4, isMinimized: false, isTunableApp: false
09-02 08:50:42.827  3979  4238 D GameManagerService:   notifyResumePause(). unexpected mPrevNotiType: -1
09-02 08:50:42.839  3979  5965 V WindowManager: Relayout Window{b903561 u0 com.example.batterymanager_utility/com.example.batterymanager_utility.MainActivity}: viewVisibility=4 req=720x1280 WM.LayoutParams{(0,0)(fillxfill) sim=#120 ty=1 fl=#81810100 pfl=0x20000 wanim=0x10302fd vsysui=0x600 needsMenuKey=2 colorMode=0 naviIconColor=0}
09-02 08:50:42.839  3979  3979 D SamsungAlarmManager: Remove alarm for next reason : android.intent.action.PACKAGE_RESTARTED : package: org.mozilla.firefox
09-02 08:50:42.844  3979  3995 W BroadcastQueue: Background execution not allowed: receiving Intent { act=android.intent.action.PACKAGE_RESTARTED dat=package:org.mozilla.firefox flg=0x10 (has extras) } to android/com.kddi.android.CpaNotiReceiver
09-02 08:50:42.844  3979  4323 I OpenGLRenderer: Initialized EGL, version 1.4
09-02 08:50:42.845  3979  4323 D OpenGLRenderer: Swap behavior 2
09-02 08:50:42.845  3979  3995 W BroadcastQueue: Background execution not allowed: receiving Intent { act=android.intent.action.PACKAGE_RESTARTED dat=package:org.mozilla.firefox flg=0x10 (has extras) } to com.sec.android.daemonapp/com.samsung.android.weather.daemon.receiver.ClearDataReceiver
09-02 08:50:42.845 30442 30442 D ViewRootImpl@110cd72[MainActivity]: Relayout returned: old=[0,0][720,1280] new=[0,0][720,1280] result=0x1 surface={valid=false 0} changed=false
09-02 08:50:42.846  4633  4633 D CarrierSvcBindHelper: No carrier app for: 0
09-02 08:50:42.847  3979  6899 D GamePkgDataHelper: getGamePkgDataIncServer(). com.example.batterymanager_utility
09-02 08:50:42.847  4633  4633 D CarrierSvcBindHelper: No carrier app for: 1
09-02 08:50:42.848  3979  6899 D GameManagerService: identifyGamePackage. com.example.batterymanager_utility
09-02 08:50:42.848  3979  6899 D GamePkgDataHelper: getGamePkgData(). com.example.batterymanager_utility
09-02 08:50:42.850  3979  3979 D SamsungAlarmManager: setInexact Listener (T:2/F:0/AC:false) 20230902T085510 - CU:1000/CP:3979
09-02 08:50:42.851  3979  6899 D GameManagerService: identifyGamePackage. com.example.batterymanager_utility
09-02 08:50:42.851  3979  6899 D GamePkgDataHelper: getGamePkgData(). com.example.batterymanager_utility
09-02 08:50:42.851  3979  6899 D GamePkgDataHelper: getSosPolicy(). com.example.batterymanager_utility
09-02 08:50:42.853  3979  3979 D SamsungAlarmManager: setInexact Listener (T:2/F:0/AC:false) 20230902T085706 - CU:1000/CP:3979
09-02 08:50:42.854  3979  4673 D ActivityManager: post active user change for 0 fullscreen true isHomeActivity() false
09-02 08:50:42.855  3979  3979 D SamsungAlarmManager: setInexact Listener (T:2/F:0/AC:false) 20230902T085510 - CU:1000/CP:3979
09-02 08:50:42.856  3979  6899 D GameManagerService: identifyGamePackage. com.example.batterymanager_utility
09-02 08:50:42.856  3979  6899 D GamePkgDataHelper: getGamePkgData(). com.example.batterymanager_utility
09-02 08:50:42.856  3979  3979 D SamsungAlarmManager: setInexact Listener (T:2/F:0/AC:false) 20230902T085706 - CU:1000/CP:3979
09-02 08:50:42.858  3979  3979 D SamsungAlarmManager: setInexact Listener (T:2/F:0/AC:false) 20230902T085510 - CU:1000/CP:3979
09-02 08:50:42.859  3979  6899 D GameManagerService: identifyGamePackage. com.example.batterymanager_utility
09-02 08:50:42.859  3979  6899 D GamePkgDataHelper: getGamePkgData(). com.example.batterymanager_utility
09-02 08:50:42.860  3979  3979 D SamsungAlarmManager: setInexact Listener (T:2/F:0/AC:false) 20230902T085706 - CU:1000/CP:3979
09-02 08:50:42.860  3979  4673 V WindowManager: Relayout Window{b903561 u0 com.example.batterymanager_utility/com.example.batterymanager_utility.MainActivity}: viewVisibility=0 req=720x1280 WM.LayoutParams{(0,0)(fillxfill) sim=#120 ty=1 fl=#81810100 pfl=0x20000 wanim=0x10302fd vsysui=0x600 needsMenuKey=2 colorMode=0 naviIconColor=0}
09-02 08:50:42.861  3462  3462 I SurfaceFlinger: id=413 createSurf (720x1280),1 flag=404, com.example.batterymanager_utility/com.example.batterymanager_utility.MainActivity#0
09-02 08:50:42.863  3979  3979 D SamsungAlarmManager: setInexact Listener (T:2/F:0/AC:false) 20230902T085510 - CU:1000/CP:3979
09-02 08:50:42.863  3979  4673 V Surface : sf_framedrop debug : 0x4f4c, game : false, logging : 0
09-02 08:50:42.864  3979  3996 D WindowManager: set systemUiVisibility : systemUiFlags= 0x608 fullscreenStackSysUiFlags= 0x0
09-02 08:50:42.864  3979  3979 D SamsungAlarmManager: setInexact Listener (T:2/F:0/AC:false) 20230902T085706 - CU:1000/CP:3979
09-02 08:50:42.868  3979  4673 D InputDispatcher: Focus entered window: 30442
09-02 08:50:42.869 30442 30442 V Surface : sf_framedrop debug : 0x4f4c, game : false, logging : 0
09-02 08:50:42.871 30442 30442 D ViewRootImpl@110cd72[MainActivity]: Relayout returned: old=[0,0][720,1280] new=[0,0][720,1280] result=0x7 surface={valid=true 536211472384} changed=true
09-02 08:50:42.876 30442 30459 D mali_winsys: EGLint new_window_surface(egl_winsys_display *, void *, EGLSurface, EGLConfig, egl_winsys_surface **, egl_color_buffer_format *, EGLBoolean) returns 0x3000,  [720x1280]-format:1
09-02 08:50:42.876 30442 30459 D OpenGLRenderer: eglCreateWindowSurface = 0x7cc1bea5c0
09-02 08:50:42.884  3979  4081 W InputDispatcher: channel ~ Consumer closed input channel or an error occurred.  events=0x9
09-02 08:50:42.884  3979  4081 E InputDispatcher: channel ~ Channel is unrecoverably broken and will be disposed!
09-02 08:50:42.917  4336  4336 D InputEventReceiver: channel 'ClientState{1b57bad uid 10154 pid 30483} (client)' ~ Disposing input event receiver.
09-02 08:50:42.918  4336  4336 D InputEventReceiver: channel 'ClientState{1b57bad uid 10154 pid 30483} (client)' ~NativeInputEventReceiver.
09-02 08:50:42.918 30442 30442 D ViewRootImpl@110cd72[MainActivity]: MSG_WINDOW_FOCUS_CHANGED 1
09-02 08:50:42.919  3979  4200 I WindowManager: WIN DEATH: Window{13788a u0 org.mozilla.firefox/org.mozilla.fenix.HomeActivity}
09-02 08:50:42.920  3979  4200 W InputDispatcher: Attempted to unregister already unregistered input channel
09-02 08:50:42.920  3979  4200 I WindowManager: Destroying surface Surface(name=org.mozilla.firefox/org.mozilla.fenix.HomeActivity) called by com.android.server.wm.WindowStateAnimator.destroySurface:2501 com.android.server.wm.WindowStateAnimator.destroySurfaceLocked:985 com.android.server.wm.WindowState.removeImmediately:2404 com.android.server.wm.WindowState.removeIfPossible:2603 com.android.server.wm.WindowState.-wrap1:0 com.android.server.wm.WindowState$DeathRecipient.binderDied:3142 android.os.BinderProxy.sendDeathNotice:841 <bottom of call stack> 
09-02 08:50:42.920  3462  4087 I SurfaceFlinger: id=410 Removed org.mozilla.firefox/org.mozilla.fenix.HomeActivity#0 (3/5)
09-02 08:50:42.921  3462  4087 I SurfaceFlinger: id=410 Removed org.mozilla.firefox/org.mozilla.fenix.HomeActivity#0 (-2/5)
09-02 08:50:42.921  3979  4004 W ActivityManager: setHasOverlayUi called on unknown pid: 30483
09-02 08:50:42.926  3462  3462 I SurfaceFlinger: removeLayer is called from message
09-02 08:50:42.926  3462  3462 I SurfaceFlinger: id=410 Removed org.mozilla.firefox/org.mozilla.fenix.HomeActivity#0 (-2/5)
09-02 08:50:42.928  3979  4672 D WindowManager: adjustSystemUiVisibilityLw : vis= 0x608
09-02 08:50:42.932 30442 30442 V InputMethodManager: Starting input: tba=android.view.inputmethod.EditorInfo@753c22d nm : com.example.batterymanager_utility ic=null
09-02 08:50:42.932 30442 30442 I InputMethodManager: startInputInner - mService.startInputOrWindowGainedFocus
09-02 08:50:42.933  3462  3462 I Layer   : id=410 onRemoved org.mozilla.firefox/org.mozilla.fenix.HomeActivity#0 
09-02 08:50:42.933  3979  3989 D InputMethodManagerService: startInputOrWindowGainedFocus : windowGainedFocus 
09-02 08:50:42.933  3979  3989 D InputMethodManagerService: windowGainedFocus: destinationUserId (getCallingUid) = 0
09-02 08:50:42.933  3979  3989 D InputMethodManagerService: windowGainedFocus: currentUserId=0
09-02 08:50:42.933  3979  3989 D InputMethodManagerService: windowGainedFocus: mCurrentFocusedUserId=0
09-02 08:50:42.934  3979  3989 D InputMethodManagerService: windowGainedFocus : lock - currentUserId = 0 destinationUserId = 0
09-02 08:50:42.934  3462  3462 I Layer   : id=412 onRemoved Background for - SurfaceView - org.mozilla.firefox/org.mozilla.fenix.HomeActivity@48d0a4c@0#0 
09-02 08:50:42.934  3462  3462 I Layer   : id=411 onRemoved SurfaceView - org.mozilla.firefox/org.mozilla.fenix.HomeActivity@48d0a4c@0#0 
09-02 08:50:42.934  3979  3989 D InputMethodManagerService: windowGainedFocus : mCurrentFocusedUserId - 0 and mSecureKeypadEnabled - false, userSwitched - false
09-02 08:50:42.936  3979  3989 V InputMethodManagerService: windowGainedFocus : reason=WINDOW_FOCUS_GAIN client=android.os.BinderProxy@96c4d6b inputContext=null missingMethods= attribute=android.view.inputmethod.EditorInfo@d955b7 nm = com.example.batterymanager_utility controlFlags=#105 softInputMode=#120 windowFlags=#81810100
09-02 08:50:42.936  3979  3989 V InputMethodManagerService: hideCurrentInputLocked : shouldHideSoftInput is false
09-02 08:50:42.937  3979  3989 D InputMethodManagerService: setCurrentInputInfo - inputContext : null eidtorInfo : android.view.inputmethod.EditorInfo@d955b7 missingMethods : 0
09-02 08:50:42.938  4336  4336 I InputMethodWrapper:  call dispatchStartInputWithToken
09-02 08:50:42.938  4336  4336 I InputMethodService: dispatchStartInputWithToken
09-02 08:50:42.938  4336  4336 I SKBD    : SamsungKeypad [IMI] onStartInput - caller pid : 30483, caller uid : 10154
09-02 08:50:42.940  4349  4728 D SystemServicesProxy: updateOverviewLastStackActiveTimeAsync: newTime=1693559943942
09-02 08:50:42.941  3462  3462 I SurfaceFlinger: Display 0 HWC layers:
09-02 08:50:42.941  3462  3462 I SurfaceFlinger:     type    |    handle    | flag |  format   |   source crop (l,t,r,b)    |         frame       | name 
09-02 08:50:42.941  3462  3462 I SurfaceFlinger: ------------+--------------+------+-----------+----------------------------+---------------------+------
09-02 08:50:42.941  3462  3462 I SurfaceFlinger:      Device | 0x7ac4c24480 | 0000 | RGBA_8888 |   0.0    0.0  720.0   42.0 |    0    0  720   42 | StatusBar#0
09-02 08:50:42.941  3462  3462 I SurfaceFlinger: 
09-02 08:50:42.941  3979  4672 D SecContentProvider: query(), uri = 17 selection = isSettingsChangesAllowed
09-02 08:50:42.942  3979  4672 D SecContentProvider: called from android.uid.systemui:10009
09-02 08:50:42.943  4349  4561 D SystemServicesProxy: updateOverviewLastStackActiveTimeAsync: done.
09-02 08:50:42.944  3979  6264 D PackageManager: getComponentMetadataForIconTray : org.mozilla.fenix.HomeActivity does not exist in mServices
09-02 08:50:42.944  3979  6264 D PackageManager: getComponentMetadataForIconTray : org.mozilla.fenix.HomeActivity does not exist in mProviders
09-02 08:50:42.944  3979  6264 D PackageManager: getComponentMetadataForIconTray : org.mozilla.fenix.HomeActivity does not exist in mReceivers
09-02 08:50:42.945  4349  4728 D ApplicationPackageManager: updateItemMetaDataForFixedIconScale: package: org.mozilla.firefox
09-02 08:50:42.945  3979  6264 D PackageManager: getSelectedMetaData : packageName(org.mozilla.firefox) or Metadata strings {[Ljava.lang.String;@65e548d}
09-02 08:50:42.945  4349  4728 I ApplicationPackageManager: return adaptive icon for org.mozilla.firefox
09-02 08:50:42.972  3979  6264 V WindowManager: finishDrawingLocked: mDrawState=COMMIT_DRAW_PENDING Window{b903561 u0 com.example.batterymanager_utility/com.example.batterymanager_utility.MainActivity} in Surface(name=com.example.batterymanager_utility/com.example.batterymanager_utility.MainActivity)
09-02 08:50:42.985  3462  3462 I SurfaceFlinger: id=414 createSurf (720x1280),-1 flag=20004, com.example.batterymanager_utility/com.example.batterymanager_utility.MainActivity_dim#0
09-02 08:50:42.993  3979  4111 D MdnieScenarioControlService:  packageName : com.example.batterymanager_utility    className : com.example.batterymanager_utility.MainActivity
09-02 08:50:42.993  3979  4111 V MdnieScenarioControlService: setUIMode from UI function(3)
09-02 08:50:43.004  3462  3462 I SurfaceFlinger: Display 0 HWC layers:
09-02 08:50:43.004  3462  3462 I SurfaceFlinger:     type    |    handle    | flag |  format   |   source crop (l,t,r,b)    |         frame       | name 
09-02 08:50:43.004  3462  3462 I SurfaceFlinger: ------------+--------------+------+-----------+----------------------------+---------------------+------
09-02 08:50:43.004  3462  3462 I SurfaceFlinger:      Client |              | 0000 |  Unknown  |  -0.2   -0.2   -0.8   -0.8 |    0    0  720 1280 | animation background stackId=1#0
09-02 08:50:43.004  3462  3462 I SurfaceFlinger:      Client | 0x7abe689840 | 0002 | RGBA_8888 |   0.0    0.0   31.0 1280.0 |  689    0  720 1280 | com.example.batterymanager_utility/c[...]atterymanager_utility.MainActivity#0
09-02 08:50:43.004  3462  3462 I SurfaceFlinger:      Device | 0x7abe64b980 | 0000 | RGBA_8888 |   0.0    0.0  720.0   42.0 |    0    0  720   42 | StatusBar#0
09-02 08:50:43.004  3462  3462 I SurfaceFlinger: 
09-02 08:50:43.021  3462  3462 I SurfaceFlinger: Display 0 HWC layers:
09-02 08:50:43.021  3462  3462 I SurfaceFlinger:     type    |    handle    | flag |  format   |   source crop (l,t,r,b)    |         frame       | name 
09-02 08:50:43.021  3462  3462 I SurfaceFlinger: ------------+--------------+------+-----------+----------------------------+---------------------+------
09-02 08:50:43.021  3462  3462 I SurfaceFlinger:      Client |              | 0000 |  Unknown  |   0.0    0.0   -1.0   -1.0 |    0    0  720 1280 | com.example.batterymanager_utility/c[...]rymanager_utility.MainActivity_dim#0
09-02 08:50:43.021  3462  3462 I SurfaceFlinger:      Client |              | 0000 |  Unknown  |  -0.2   -0.2   -0.8   -0.8 |    0    0  720 1280 | animation background stackId=1#0
09-02 08:50:43.021  3462  3462 I SurfaceFlinger:      Client | 0x7abe689840 | 0002 | RGBA_8888 |   0.0    0.0   65.0 1280.0 |  655    0  720 1280 | com.example.batterymanager_utility/c[...]atterymanager_utility.MainActivity#0
09-02 08:50:43.021  3462  3462 I SurfaceFlinger:      Client | 0x7ac4c25140 | 0000 | RGBA_8888 |   0.0    0.0  720.0   42.0 |    0    0  720   42 | StatusBar#0
09-02 08:50:43.021  3462  3462 I SurfaceFlinger: 
09-02 08:50:43.113  3979  3988 I zygote64: NativeAllocBackground concurrent copying GC freed 299055(13MB) AllocSpace objects, 154(3MB) LOS objects, 38% free, 38MB/62MB, paused 500us total 239.406ms
09-02 08:50:43.372  3462  3462 I SurfaceFlinger: Display 0 HWC layers:
09-02 08:50:43.372  3462  3462 I SurfaceFlinger:     type    |    handle    | flag |  format   |   source crop (l,t,r,b)    |         frame       | name 
09-02 08:50:43.372  3462  3462 I SurfaceFlinger: ------------+--------------+------+-----------+----------------------------+---------------------+------
09-02 08:50:43.372  3462  3462 I SurfaceFlinger:      Device | 0x7abe689840 | 0002 | RGBA_8888 |   0.0    0.0  720.0 1280.0 |    0    0  720 1280 | com.example.batterymanager_utility/c[...]atterymanager_utility.MainActivity#0
09-02 08:50:43.372  3462  3462 I SurfaceFlinger:      Device | 0x7abe64b980 | 0000 | RGBA_8888 |   0.0    0.0  720.0   42.0 |    0    0  720   42 | StatusBar#0
09-02 08:50:43.372  3462  3462 I SurfaceFlinger: 
09-02 08:50:43.401  3979  4046 I WindowManager: Destroying surface Surface(name=com.example.batterymanager_utility/com.example.batterymanager_utility.MainActivity_dim) called by com.android.server.wm.WindowStateAnimator.destroyTransitionDimSurface:2733 com.android.server.wm.WindowState.onExitAnimationDone:5260 com.android.server.wm.AppWindowAnimator.stepAnimationLocked:508 com.android.server.wm.AppWindowToken.stepAppWindowsAnimation:1659 com.android.server.wm.WindowContainer.stepAppWindowsAnimation:521 com.android.server.wm.WindowContainer.stepAppWindowsAnimation:521 com.android.server.wm.TaskStack.stepAppWindowsAnimation:1948 com.android.server.wm.WindowContainer.stepAppWindowsAnimation:521 
09-02 08:50:43.401  3462  3502 I SurfaceFlinger: id=414 Removed com.example.batterymanager_utility/com.example.batterymanager_utility.MainActivity_dim#0 (1/5)
09-02 08:50:43.401  3462  3502 I SurfaceFlinger: id=414 Removed com.example.batterymanager_utility/com.example.batterymanager_utility.MainActivity_dim#0 (-2/5)
09-02 08:50:43.403  3979  4004 D CustomFrequencyManagerService: releaseDVFSLockLocked : Getting Lock type frm List : DVFS_MIN_LIMIT  frequency : 1560000  uid : 1000  pid : 3979  tag : AMS_ACT_RESUME@CPU_MIN@70
09-02 08:50:43.403  3979  4004 D ActivityManagerPerformance: AMP_release() ACT_RESUME
09-02 08:50:43.417  3462  3462 I Layer   : id=414 onRemoved com.example.batterymanager_utility/com.example.batterymanager_utility.MainActivity_dim#0 
09-02 08:50:43.937  4962  4962 D io_stats: !@ 179,0 r 495719 15350092 w 250271 5503092 d 24983 18414948 f 82476 83909 iot 349064 292848 th 51200 0 0 pt 0 inp 0 0 27977.181
09-02 08:50:43.997 10264 30930 E memtrack: Couldn't load memtrack module
09-02 08:50:43.997 10264 30930 W android.os.Debug: failed to get memory consumption info: -1
09-02 08:50:44.414  3449  3449 I android.hardware.wifi@1.0-service: getLinkLayerStats
09-02 08:50:44.794  3979  3979 D PreBindingService: handleMessage : 1
09-02 08:50:45.884 14031 14031 E adbd    : recv: OPEN 0001870b 00000000 0042:73 68 65 6C 6C 2C 76 32 2C 54 45 52 4D 3D 78 74 65 72 6D 2D 32 35 36 63 6F 6C 6F 72 2C 72 61 77 3A 67 65 74 70 72 6F 70 20 72 6F 2E 62 75 69 6C 64 2E 76 65 72 73 69 6F 6E 2E 72 65 6C 65 61 73 65 00 
09-02 08:50:45.884 14031 14031 E adbd    : service_to_fd: shell,v2,TERM=xterm-256color,raw:getprop ro.build.version.release
09-02 08:50:45.981 14031 14031 E adbd    : recv: OPEN 0001870e 00000000 003e:73 68 65 6C 6C 2C 76 32 2C 54 45 52 4D 3D 78 74 65 72 6D 2D 32 35 36 63 6F 6C 6F 72 2C 72 61 77 3A 67 65 74 70 72 6F 70 20 72 6F 2E 62 75 69 6C 64 2E 76 65 72 73 69 6F 6E 2E 73 64 6B 00 
09-02 08:50:45.981 14031 14031 E adbd    : service_to_fd: shell,v2,TERM=xterm-256color,raw:getprop ro.build.version.sdk
09-02 08:50:46.081 14031 14031 E adbd    : recv: OPEN 00018711 00000000 0052:73 68 65 6C 6C 2C 76 32 2C 54 45 52 4D 3D 78 74 65 72 6D 2D 32 35 36 63 6F 6C 6F 72 2C 72 61 77 3A 61 6D 20 66 6F 72 63 65 2D 73 74 6F 70 20 63 6F 6D 2E 65 78 61 6D 70 6C 65 2E 62 61 74 74 65 72 79 6D 61 6E 61 67 65 72 5F 75 74 69 6C 69 74 79 00 
09-02 08:50:46.081 14031 14031 E adbd    : service_to_fd: shell,v2,TERM=xterm-256color,raw:am force-stop com.example.batterymanager_utility
09-02 08:50:46.173  3979  5983 I ActivityManager: Force stopping com.example.batterymanager_utility appid=10157 user=0: from pid 30937
09-02 08:50:46.174  3979  5983 I ActivityManager: Killing 30442:com.example.batterymanager_utility/u0a157 (adj 0): stop com.example.batterymanager_utility,from pid 30937
09-02 08:50:46.176  3979  5983 W ActivityManager: Force removing ActivityRecord{cd63cfe u0 com.example.batterymanager_utility/.MainActivity t103}: app died, no saved state
09-02 08:50:46.182  3979  5983 D InputDispatcher: Focus left window: 30442
09-02 08:50:46.184  3979  5983 I WindowManager: Failed to capture screenshot of Token{8418c5f ActivityRecord{cd63cfe u0 com.example.batterymanager_utility/.MainActivity t103 f}} appWin=Window{b903561 u0 com.example.batterymanager_utility/com.example.batterymanager_utility.MainActivity} drawState=4
09-02 08:50:46.184  3979  5983 D TaskSnapshotCache: removeRunningEntry taskId=103 RunningCache size=3
09-02 08:50:46.185  3979  5983 I WindowManager: Destroying surface Surface(name=com.example.batterymanager_utility/com.example.batterymanager_utility.MainActivity) called by com.android.server.wm.WindowStateAnimator.destroySurface:2501 com.android.server.wm.WindowStateAnimator.destroySurfaceLocked:985 com.android.server.wm.WindowState.removeImmediately:2404 com.android.server.wm.WindowState.removeIfPossible:2603 com.android.server.wm.WindowState.removeIfPossible:2433 com.android.server.wm.WindowToken.removeAllWindowsIfPossible:143 com.android.server.wm.AppWindowToken.removeIfPossible:606 com.android.server.wm.AppWindowToken.onRemovedFromDisplay:674 
09-02 08:50:46.185  3462  3502 I SurfaceFlinger: id=413 Removed com.example.batterymanager_utility/com.example.batterymanager_utility.MainActivity#0 (1/4)
09-02 08:50:46.186  3462  3502 I SurfaceFlinger: id=413 Removed com.example.batterymanager_utility/com.example.batterymanager_utility.MainActivity#0 (-2/4)
09-02 08:50:46.186  3462  3462 I Layer   : id=413 onRemoved com.example.batterymanager_utility/com.example.batterymanager_utility.MainActivity#0 
09-02 08:50:46.191  3462  3462 I SurfaceFlinger: Display 0 HWC layers:
09-02 08:50:46.191  3462  3462 I SurfaceFlinger:     type    |    handle    | flag |  format   |   source crop (l,t,r,b)    |         frame       | name 
09-02 08:50:46.191  3462  3462 I SurfaceFlinger: ------------+--------------+------+-----------+----------------------------+---------------------+------
09-02 08:50:46.191  3462  3462 I SurfaceFlinger:      Device | 0x7ac4c25140 | 0000 | RGBA_8888 |   0.0    0.0  720.0   42.0 |    0    0  720   42 | StatusBar#0
09-02 08:50:46.191  3462  3462 I SurfaceFlinger: 
09-02 08:50:46.200  3979  5983 D InputDispatcher: Focused application released
09-02 08:50:46.201  3979  5983 W MultiScreenManagerService: moveTaskBackToDisplayIfNeeded(): root activity or app is null, task=TaskRecord{227ea48d0 #103 A=com.example.batterymanager_utility U=0 StackId=1 sz=0}, rootActivity=null
09-02 08:50:46.201  3979  3979 D MdnieScenarioControlService: Listener Real Multi Window State : true
09-02 08:50:46.211  3979  5983 D CustomFrequencyManagerService: acquireDVFSLockLocked : type : DVFS_MIN_LIMIT  frequency : 1560000  uid : 1000  pid : 3979  pkgName : AMS_APP_HOME@CPU_MIN@59
09-02 08:50:46.213  3979  5983 D ActivityManagerPerformance: AMP_acquire() HOME
09-02 08:50:46.214  3979  5983 D PersonaManagerService: Current focused persona service handled id set to : 0
09-02 08:50:46.215  3979  5983 D InputDispatcher: Focused application set to: xxxx
09-02 08:50:46.218  3979  5983 V WindowManager: rotationForOrientationLw(orient=5, last=0); user=0  sensorRotation=-1 mLidState=-1 mDockMode=0 mHdmiPlugged=false
09-02 08:50:46.220  3979  4238 D GameManagerService: handleForegroundChange(). pkgName: com.sec.android.app.launcher, clsName: com.android.launcher3.Launcher,FgActivityName:com.sec.android.app.launcher/com.android.launcher3.Launcher
09-02 08:50:46.220  3979  5983 D MARsPolicyManager: onPackageResumedFG pkgName = com.sec.android.app.launcher, userId = 0
09-02 08:50:46.220  3979  4238 D GameManagerService: sem_perfomance_mode: 3
09-02 08:50:46.220  5213  5213 I Launcher: onWindowVisibilityChanged : false
09-02 08:50:46.220  3979  4238 D GameManagerService: notifyResumePause(). pkg: com.sec.android.app.launcher, type: 4, isMinimized: false, isTunableApp: false
09-02 08:50:46.220  3979  4238 D GameManagerService:   notifyResumePause(). unexpected mPrevNotiType: -1
09-02 08:50:46.223  3979 14776 V WindowManager: Relayout Window{7215288 u0 com.sec.android.app.launcher/com.sec.android.app.launcher.activities.LauncherActivity}: viewVisibility=4 req=720x1280 WM.LayoutParams{(0,0)(fillxfill) sim=#130 ty=1 fl=#81910d00 pfl=0x20000 fmt=-2 wanim=0x10302ea vsysui=0x700 needsMenuKey=2 colorMode=0 dimDuration=100 naviIconColor=0}
09-02 08:50:46.226  5213  5213 D ViewRootImpl@8c524b3[LauncherActivity]: Relayout returned: old=[0,0][720,1280] new=[0,0][720,1280] result=0x1 surface={valid=false 0} changed=false
09-02 08:50:46.227  5213  5213 D HomeContainer: setAlpha : 1.0
09-02 08:50:46.229  5213  5213 V Launcher: Launcher.onResume()
09-02 08:50:46.230  3979  3979 D SamsungAlarmManager: Remove alarm for next reason : android.intent.action.PACKAGE_RESTARTED : package: com.example.batterymanager_utility
09-02 08:50:46.232  3979  3995 W BroadcastQueue: Background execution not allowed: receiving Intent { act=android.intent.action.PACKAGE_RESTARTED dat=package:com.example.batterymanager_utility flg=0x10 (has extras) } to android/com.kddi.android.CpaNotiReceiver
09-02 08:50:46.232  3979  3995 W BroadcastQueue: Background execution not allowed: receiving Intent { act=android.intent.action.PACKAGE_RESTARTED dat=package:com.example.batterymanager_utility flg=0x10 (has extras) } to com.sec.android.daemonapp/com.samsung.android.weather.daemon.receiver.ClearDataReceiver
09-02 08:50:46.233  4633  4633 D CarrierSvcBindHelper: No carrier app for: 0
09-02 08:50:46.233  4633  4633 D CarrierSvcBindHelper: No carrier app for: 1
09-02 08:50:46.235  3979  6899 D GamePkgDataHelper: getGamePkgDataIncServer(). com.sec.android.app.launcher
09-02 08:50:46.236  3979  6899 D GameManagerService: identifyGamePackage. com.sec.android.app.launcher
09-02 08:50:46.236  3979  6899 D GamePkgDataHelper: getGamePkgData(). com.sec.android.app.launcher
09-02 08:50:46.236  3979  6899 D GameManagerService: identifyGamePackage. com.sec.android.app.launcher
09-02 08:50:46.236  3979  6899 D GamePkgDataHelper: getGamePkgData(). com.sec.android.app.launcher
09-02 08:50:46.236  3979  6899 D GamePkgDataHelper: getSosPolicy(). com.sec.android.app.launcher
09-02 08:50:46.237  3979  6899 D GameManagerService: identifyGamePackage. com.sec.android.app.launcher
09-02 08:50:46.238  3979  6899 D GamePkgDataHelper: getGamePkgData(). com.sec.android.app.launcher
09-02 08:50:46.239  3979  6899 D GameManagerService: identifyGamePackage. com.sec.android.app.launcher
09-02 08:50:46.239  3979  6899 D GamePkgDataHelper: getGamePkgData(). com.sec.android.app.launcher
09-02 08:50:46.240  5213  5213 D ExternalMethodQueue: Getting and clearing EXTERNAL_METHOD_LIST: null
09-02 08:50:46.241  5213  5213 D Launcher: setHotWordDetection : call requestHotWordDetection true
09-02 08:50:46.241  5213  5302 I LauncherAppWidgetInfo: reinflateWidgetsIfNecessary, Not required: AppWidget(id=2)
09-02 08:50:46.241  5213  5302 I LauncherAppWidgetInfo: reinflateWidgetsIfNecessary, Not required: AppWidget(id=3)
09-02 08:50:46.241  5213  5213 D Launcher.HomeController: onResume HomeContainer current alpha = 1.0
