09-01 18:55:42.832 19904 19904 I BatteryMgr:DataCollectionService: started foreground
09-01 18:55:42.859 19904 20380 I BatteryMgr:DataCollectionService: collectData: begin
09-01 18:55:42.862 19904 20380 I BatteryMgr:DataCollectionService: stats => 1693587342862,7629,4412
09-01 18:55:42.967 19904 20380 I BatteryMgr:DataCollectionService: stats => 1693587342966,7629,4412
09-01 18:55:43.038  1513  1513 D NotificationService: 0|com.example.batterymanager_utility|1|null|10260: granting content://settings/system/notification_sound
09-01 18:55:43.040  1513  1513 I chatty  : uid=1000(system) Binder:1513_3 identical 3 lines
09-01 18:55:43.041  1513  1513 D NotificationService: 0|com.example.batterymanager_utility|1|null|10260: granting content://settings/system/notification_sound
09-01 18:55:43.044  1513  1513 W NotificationHistory: Attempted to add notif for locked/gone/disabled user 0
09-01 18:55:43.061  2062  2062 D InterruptionStateProvider: No bubble up: not allowed to bubble: 0|com.example.batterymanager_utility|1|null|10260
09-01 18:55:43.061  2062  2062 D InterruptionStateProvider: No heads up: unimportant notification: 0|com.example.batterymanager_utility|1|null|10260
09-01 18:55:43.070 19904 20380 I BatteryMgr:DataCollectionService: stats => 1693587343070,7629,4412
09-01 18:55:43.102   594 28441 I SDM     : HWDeviceDRM::UpdateMixerAttributes: Mixer WxH 1080x2340-1 for Peripheral
09-01 18:55:43.102   594 28441 I SDM     : DisplayBase::SetActiveConfig: Active configuration changed to: 0
09-01 18:55:43.102   594 28441 I SDM     : StrategyImpl::SetIdleTimeoutMs: Idle timeout set to zero for command mode panels
09-01 18:55:43.103   901  2806 I sensors-hal: [ssc_utils]get_qmi_debug_flag:244, support_qmi_debug : false
09-01 18:55:43.116   901  2806 I sensors-hal: [ssc_utils]get_qmi_debug_flag:244, support_qmi_debug : false
09-01 18:55:43.125   901  1000 W ASH     : @ 32529.578: Unhandled msg ID 999: line 1277
09-01 18:55:43.125   901  1000 E ASH     : @ 32529.578: No pb callback assigned
09-01 18:55:43.125   901  1000 E ASH     : @ 32529.578: Nanopb error: callback failed:1588
09-01 18:55:43.125  1513  1572 I DisplayManagerService: Display device changed: DisplayDeviceInfo{"Built-in Screen": uniqueId="local:19260504575090817", 1080 x 2340, modeId 2, defaultModeId 2, supportedModes [{id=1, width=1080, height=2340, fps=90.0}, {id=2, width=1080, height=2340, fps=60.000004}], colorMode 0, supportedColorModes [0, 7, 9], HdrCapabilities HdrCapabilities{mSupportedHdrTypes=[2, 3, 4], mMaxLuminance=500.0, mMaxAverageLuminance=500.0, mMinLuminance=0.0}, allmSupported false, gameContentTypeSupported false, density 440, 435.428 x 433.839 dpi, appVsyncOff 2333332, presDeadline 11500000, cutout DisplayCutout{insets=Rect(0, 136 - 0, 0) waterfall=Insets{left=0, top=0, right=0, bottom=0} boundingRect={Bounds=[Rect(0, 0 - 0, 0), Rect(0, 0 - 136, 136), Rect(0, 0 - 0, 0), Rect(0, 0 - 0, 0)]}}, touch INTERNAL, rotation 0, type INTERNAL, address {port=129, model=0x446d53ad64a0}, deviceProductInfo DeviceProductInfo{name=, manufacturerPnpId=QCM, productId=1, modelYear=null, manufactureDate=ManufactureDate{week=27, year=2006}, relativeAddress=null}, state ON, FLAG_DEFAULT_DISPLAY, FLAG_ROTATES_WITH_CONTENT, FLAG_SECURE, FLAG_SUPPORTS_PROTECTED_BUFFERS}
09-01 18:55:43.127   594 28441 I SDM     : StrategyImpl::SetIdleTimeoutMs: Idle timeout set to zero for command mode panels
09-01 18:55:43.174 19904 20380 I BatteryMgr:DataCollectionService: stats => 1693587343174,7629,4412
09-01 18:55:43.278 19904 20380 I BatteryMgr:DataCollectionService: stats => 1693587343278,7629,4412
09-01 18:55:43.382 19904 20380 I BatteryMgr:DataCollectionService: stats => 1693587343382,7629,4412
09-01 18:55:43.487 19904 20380 I BatteryMgr:DataCollectionService: stats => 1693587343487,7629,4412
09-01 18:55:43.592 19904 20380 I BatteryMgr:DataCollectionService: stats => 1693587343592,7629,4412
09-01 18:55:43.698 19904 20380 I BatteryMgr:DataCollectionService: stats => 1693587343698,7629,4412
09-01 18:55:43.803 19904 20380 I BatteryMgr:DataCollectionService: stats => 1693587343803,7629,4412
09-01 18:55:43.898  2230  2580 D DhcpClient: Unicasting DHCPREQUEST ciaddr=192.168.88.174 request=0.0.0.0 serverid=null to /192.168.88.1:67
09-01 18:55:43.906  2230  2580 D DhcpClient: Received packet: aa:00:c5:b6:4e:fd ACK: your new IP /192.168.88.174, netmask /255.255.255.0, gateways [/192.168.88.1] DNS servers: /192.168.88.1 /8.8.8.8 /8.8.4.4 , lease time 600
09-01 18:55:43.907  2230  2580 D DhcpClient: Renewed lease: android.net.networkstack.DhcpResults@dd91ab8 DHCP server /192.168.88.1 Vendor info null lease 600 seconds Servername 
09-01 18:55:43.908 19904 20380 I BatteryMgr:DataCollectionService: stats => 1693587343908,7629,4412
09-01 18:55:43.914  2230  2580 D DhcpClient: Scheduling renewal in 299s
09-01 18:55:43.914  2230  2580 D DhcpClient: Scheduling rebind in 524s
09-01 18:55:43.914  2230  2580 D DhcpClient: Scheduling expiry in 599s
09-01 18:55:43.922  2446  4456 D QCNEJ/WlanStaInfoRelay: Received action: android.net.wifi.LINK_CONFIGURATION_CHANGED
09-01 18:55:43.923  2446  4456 E QCNEJ/WlanStaInfoRelay: update link properties given null lp
09-01 18:55:43.923  2446  4456 I QCNEJ/NativeHalConnector: -> SND notifyWlanStaStatusChanged([WlanStaInfo]: wifiSwitchState = 1 rssi = -55 ssid = WiFi 69 bssid = 76:4d:28:12:bf:83 dnsInfo = 192.168.88.1;8.8.8.8;0.0.0.0;0.0.0.0; freqBand = _2GHz countryCode = nl[RatInfo]: networkType = 1 subType = 101 networkState = CONNECTED netHdl = 432902426637 ipAddrV4 = 192.168.88.174 ipAddrV6 =  ifNameV4 = wlan0 ifNameV6 =  slotIdx = 0 isAndroidValidated = true) timeStamp = 2023-09-01 18:54:34.607
09-01 18:55:43.925  4371  4416 D PowerManagerPoller: Downlink cellular capacity updated to 44687 Kbps
09-01 18:55:43.927  5447  5595 I CarrierServices: [451] enh.d: (PEv2-SM-52012781): DisabledState: event Connectivity event [null]
09-01 18:55:43.930  5447  5526 I CarrierServices: [446] eed.c: Connected state: [1], networkType: [WIFI]
09-01 18:55:43.933  2474  2766 E PhoneInterfaceManager: [PhoneIntfMgr] getCarrierPrivilegeStatus: Invalid subId
09-01 18:55:43.933  5447  5596 I CarrierServices: [452] eua.f: RCS Configuration storage in Bugle is disabled by p/h flag, using ProvisioningEngineStateCacheUtil.getProvisioningConfigurationForGivenSimIfExist()
09-01 18:55:44.014 19904 20380 I BatteryMgr:DataCollectionService: stats => 1693587344014,7629,4412
09-01 18:55:44.115  1513  2000 D ConnectivityService: NetReassign [no changes]
09-01 18:55:44.120 19904 20380 I BatteryMgr:DataCollectionService: stats => 1693587344120,7629,4412
09-01 18:55:44.165   901  1000 D VSC     : @ 32530.618: [WO] tilt angle 89
09-01 18:55:44.228 19904 20380 I BatteryMgr:DataCollectionService: stats => 1693587344228,7629,4412
09-01 18:55:44.333 19904 20380 I BatteryMgr:DataCollectionService: stats => 1693587344333,7629,4412
09-01 18:55:44.440 19904 20380 I BatteryMgr:DataCollectionService: stats => 1693587344439,7629,4412
09-01 18:55:44.546 19904 20380 I BatteryMgr:DataCollectionService: stats => 1693587344546,7629,4412
09-01 18:55:44.653 19904 20380 I BatteryMgr:DataCollectionService: stats => 1693587344653,7629,4412
09-01 18:55:44.759 19904 20380 I BatteryMgr:DataCollectionService: stats => 1693587344759,7629,4412
09-01 18:55:44.866 19904 20380 I BatteryMgr:DataCollectionService: stats => 1693587344866,7629,4412
09-01 18:55:44.973 19904 20380 I BatteryMgr:DataCollectionService: stats => 1693587344973,7629,4412
09-01 18:55:45.081 19904 20380 I BatteryMgr:DataCollectionService: stats => 1693587345081,7629,4412
09-01 18:55:45.118  1513  2570 I ActivityTaskManager: START u0 {act=android.intent.action.VIEW dat=http://192.168.88.177:8000/... flg=0x10000000 cmp=com.opera.browser/com.opera.Opera} from uid 2000
09-01 18:55:45.119  1513  1572 D EventSequenceValidator: Transition from ACTIVITY_FINISHED to INTENT_STARTED
09-01 18:55:45.123  1513  1572 D EventSequenceValidator: Transition from INTENT_STARTED to INTENT_FAILED
09-01 18:55:45.143   594 28441 I SDM     : HWDeviceDRM::UpdateMixerAttributes: Mixer WxH 1080x2340-1 for Peripheral
09-01 18:55:45.143   594 28441 I SDM     : DisplayBase::SetActiveConfig: Active configuration changed to: 1
09-01 18:55:45.143   594 28441 I SDM     : StrategyImpl::SetIdleTimeoutMs: Idle timeout set to zero for command mode panels
09-01 18:55:45.149  1513  1572 I DisplayManagerService: Display device changed: DisplayDeviceInfo{"Built-in Screen": uniqueId="local:19260504575090817", 1080 x 2340, modeId 1, defaultModeId 2, supportedModes [{id=1, width=1080, height=2340, fps=90.0}, {id=2, width=1080, height=2340, fps=60.000004}], colorMode 0, supportedColorModes [0, 7, 9], HdrCapabilities HdrCapabilities{mSupportedHdrTypes=[2, 3, 4], mMaxLuminance=500.0, mMaxAverageLuminance=500.0, mMinLuminance=0.0}, allmSupported false, gameContentTypeSupported false, density 440, 435.428 x 433.839 dpi, appVsyncOff 2333333, presDeadline 11500000, cutout DisplayCutout{insets=Rect(0, 136 - 0, 0) waterfall=Insets{left=0, top=0, right=0, bottom=0} boundingRect={Bounds=[Rect(0, 0 - 0, 0), Rect(0, 0 - 136, 136), Rect(0, 0 - 0, 0), Rect(0, 0 - 0, 0)]}}, touch INTERNAL, rotation 0, type INTERNAL, address {port=129, model=0x446d53ad64a0}, deviceProductInfo DeviceProductInfo{name=, manufacturerPnpId=QCM, productId=1, modelYear=null, manufactureDate=ManufactureDate{week=27, year=2006}, relativeAddress=null}, state ON, FLAG_DEFAULT_DISPLAY, FLAG_ROTATES_WITH_CONTENT, FLAG_SECURE, FLAG_SUPPORTS_PROTECTED_BUFFERS}
09-01 18:55:45.150   901  2806 I sensors-hal: [ssc_utils]get_qmi_debug_flag:244, support_qmi_debug : false
09-01 18:55:45.165   901  1000 W ASH     : @ 32531.618: Unhandled msg ID 999: line 1277
09-01 18:55:45.165   901  1000 E ASH     : @ 32531.618: No pb callback assigned
09-01 18:55:45.165   901  1000 E ASH     : @ 32531.618: Nanopb error: callback failed:1588
09-01 18:55:45.186 19904 20380 I BatteryMgr:DataCollectionService: stats => 1693587345186,7629,4412
09-01 18:55:45.205  1513  2570 D CompatibilityChangeReporter: Compat change id reported: 135634846; UID 10261; state: DISABLED
09-01 18:55:45.205  1513  1625 D CompatibilityChangeReporter: Compat change id reported: 143937733; UID 10261; state: ENABLED
09-01 18:55:45.214   779   779 D Zygote  : Forked child process 20427
09-01 18:55:45.217  1513  1625 I ActivityManager: Start proc 20427:com.opera.browser:sandboxed_process1/u0a261 for service {com.opera.browser/com.opera.android.browser.chromium.services.SandboxedProcessService1}
09-01 18:55:45.221  1075  2202 W ServiceManager: Permission failure: android.permission.SYSTEM_CAMERA from uid=10261 pid=19961
09-01 18:55:45.221  1075  2202 I chatty  : uid=1047(cameraserver) Binder:1075_3 identical 4 lines
09-01 18:55:45.222  1075  2202 W ServiceManager: Permission failure: android.permission.SYSTEM_CAMERA from uid=10261 pid=19961
09-01 18:55:45.222  1513  2093 W AutofillInlineSuggestionsRequestSession: Never received an InlineSuggestionsRequest from the IME for 1073741824@1697653981
09-01 18:55:45.222  2512  2512 V InlineSuggestionRenderService: handleDestroySuggestionViews called for 0:1697653981
09-01 18:55:45.233 10955 14820 I Finsky  : [5315] ncc.l(14): com.opera.browser: Account determined from installer data - [y0_1NG5HTmzf0bF7VytAKz9iHAD6w7yU52Le3i0fi68]
09-01 18:55:45.233 10955 14820 I Finsky  : [5315] ncc.l(61): Billing preferred account via installer for com.opera.browser: [y0_1NG5HTmzf0bF7VytAKz9iHAD6w7yU52Le3i0fi68]
09-01 18:55:45.234 20427 20427 E dboxed_process: Not starting debugger since process cannot load the jdwp agent.
09-01 18:55:45.248  1513  3233 D CompatibilityChangeReporter: Compat change id reported: 136274596; UID 10261; state: ENABLED
09-01 18:55:45.260 19961 19961 I AssistStructure: Flattened final assist data: 6404 bytes, containing 1 windows, 52 views
09-01 18:55:45.265  1513  2180 D ContentCapturePerUserService: Notified activity assist data for activity: Token{2c0bee3 ActivityRecord{ccca0e0 u0 com.opera.browser/com.opera.Opera t1404}} without a session Id
09-01 18:55:45.269  2858  2858 I GoogleInputMethodService: GoogleInputMethodService.onFinishInput():3280 
09-01 18:55:45.273  2858  2858 I GoogleInputMethodService: GoogleInputMethodService.updateDeviceLockedStatus():2169 repeatCheckTimes = 0, unlocked = true
09-01 18:55:45.274  2858  2858 I GoogleInputMethodService: GoogleInputMethodService.onStartInput():1960 onStartInput(EditorInfo{inputType=0x0(NULL) imeOptions=0x0 privateImeOptions=null actionName=UNSPECIFIED actionLabel=null actionId=0 initialSelStart=-1 initialSelEnd=-1 initialCapsMode=0x0 hintText=null label=null packageName=com.opera.browser fieldId=2131361887 fieldName=null extras=null}, false)
09-01 18:55:45.274  2858  2858 I GoogleInputMethodService: GoogleInputMethodService.shouldHideHeaderOnInitialState():4081 ShouldHideHeaderOnInitialState = false
09-01 18:55:45.274  2858  2858 I GoogleInputMethodService: GoogleInputMethodService.updateDeviceLockedStatus():2169 repeatCheckTimes = 2, unlocked = true
09-01 18:55:45.282 20427 20427 W dboxed_process: JIT profile information will not be recorded: profile file does not exist.
09-01 18:55:45.282 20427 20427 W dboxed_process: JIT profile information will not be recorded: profile file does not exist.
09-01 18:55:45.289 19904 20380 I BatteryMgr:DataCollectionService: stats => 1693587345289,7629,4412
09-01 18:55:45.293 20427 20427 D NetworkSecurityConfig: Using Network Security Config from resource network_security_config_official_build debugBuild: false
09-01 18:55:45.295 20427 20427 D NetworkSecurityConfig: Using Network Security Config from resource network_security_config_official_build debugBuild: false
09-01 18:55:45.300  2816 14964 E NetworkScheduler.ATC: Called cancelTask for already completed task com.google.android.gms/.measurement.PackageMeasurementTaskService{u=0 tag="Measurement.PackageMeasurementTaskService.UPLOAD_TASK_TAG" trigger=window{start=257s,end=515s,earliest=-1950s,latest=-1692s} requirements=[NET_CONNECTED] attributes=[PERSISTED] scheduled=-2207s last_run=-1692s exec_window_multiplier=1.0000 jid=N/A status=ACTIVE retries=0 client_lib=GMS_TASK_SCHEDULER-224312000} :1 [CONTEXT service_id=218 ]
09-01 18:55:45.392 19904 20380 I BatteryMgr:DataCollectionService: stats => 1693587345392,7629,4412
09-01 18:55:45.498 19904 20380 I BatteryMgr:DataCollectionService: stats => 1693587345498,7629,4412
09-01 18:55:45.605 19904 20380 I BatteryMgr:DataCollectionService: stats => 1693587345605,7629,4412
09-01 18:55:45.712 19904 20380 I BatteryMgr:DataCollectionService: stats => 1693587345711,7629,4412
09-01 18:55:45.818 19904 20380 I BatteryMgr:DataCollectionService: stats => 1693587345817,7629,4412
09-01 18:55:45.924 19904 20380 I BatteryMgr:DataCollectionService: stats => 1693587345923,7629,4412
09-01 18:55:46.030 19904 20380 I BatteryMgr:DataCollectionService: stats => 1693587346029,7629,4412
09-01 18:55:46.136 19904 20380 I BatteryMgr:DataCollectionService: stats => 1693587346136,7629,4412
09-01 18:55:46.145   901  1000 D VSC     : @ 32532.598: [WO] tilt angle 89
09-01 18:55:46.242 19904 20380 I BatteryMgr:DataCollectionService: stats => 1693587346242,7629,4412
09-01 18:55:46.348 19904 20380 I BatteryMgr:DataCollectionService: stats => 1693587346348,7629,4412
09-01 18:55:46.454 19904 20380 I BatteryMgr:DataCollectionService: stats => 1693587346454,7629,4412
09-01 18:55:46.561 19904 20380 I BatteryMgr:DataCollectionService: stats => 1693587346560,7629,4412
09-01 18:55:46.667 19904 20380 I BatteryMgr:DataCollectionService: stats => 1693587346667,7629,4412
09-01 18:55:46.773 19904 20380 I BatteryMgr:DataCollectionService: stats => 1693587346773,7629,4412
09-01 18:55:46.879 19904 20380 I BatteryMgr:DataCollectionService: stats => 1693587346879,7629,4412
09-01 18:55:46.970  1513  2180 D ConnectivityService: requestNetwork for uid/pid:10216/16324 NetworkRequest [ TRACK_DEFAULT id=1461, [ Capabilities: INTERNET&NOT_RESTRICTED&TRUSTED Uid: 10216 AdministratorUids: [] RequestorUid: 10216 RequestorPackageName: com.google.android.youtube] ]
09-01 18:55:46.970  1513  2000 D ConnectivityService: NetReassign [1461 : null → 100]
09-01 18:55:46.971  1513  2038 D Ethernet: got request NetworkRequest [ TRACK_DEFAULT id=1461, [ Capabilities: INTERNET&NOT_RESTRICTED&TRUSTED Uid: 10216 AdministratorUids: [] RequestorUid: 10216 RequestorPackageName: com.google.android.youtube] ] with score 60 and providerId 5
09-01 18:55:46.971  1513  2037 D WIFI_AWARE_FACTORY: got request NetworkRequest [ TRACK_DEFAULT id=1461, [ Capabilities: INTERNET&NOT_RESTRICTED&TRUSTED Uid: 10216 AdministratorUids: [] RequestorUid: 10216 RequestorPackageName: com.google.android.youtube] ] with score 60 and providerId 5
09-01 18:55:46.971  2474  2474 D PhoneSwitcherNetworkRequstListener: got request NetworkRequest [ TRACK_DEFAULT id=1461, [ Capabilities: INTERNET&NOT_RESTRICTED&TRUSTED Uid: 10216 AdministratorUids: [] RequestorUid: 10216 RequestorPackageName: com.google.android.youtube] ] with score 60 and providerId 5
09-01 18:55:46.971  1513  1996 D WifiNetworkFactory: got request NetworkRequest [ TRACK_DEFAULT id=1461, [ Capabilities: INTERNET&NOT_RESTRICTED&TRUSTED Uid: 10216 AdministratorUids: [] RequestorUid: 10216 RequestorPackageName: com.google.android.youtube] ] with score 60 and providerId 5
09-01 18:55:46.971  1513  1996 D UntrustedWifiNetworkFactory: got request NetworkRequest [ TRACK_DEFAULT id=1461, [ Capabilities: INTERNET&NOT_RESTRICTED&TRUSTED Uid: 10216 AdministratorUids: [] RequestorUid: 10216 RequestorPackageName: com.google.android.youtube] ] with score 60 and providerId 5
09-01 18:55:46.982 19904 20380 I BatteryMgr:DataCollectionService: stats => 1693587346982,7629,4412
09-01 18:55:46.990  1513  2000 D ConnectivityService: releasing NetworkRequest [ TRACK_DEFAULT id=1461, [ Capabilities: INTERNET&NOT_RESTRICTED&TRUSTED Uid: 10216 AdministratorUids: [] RequestorUid: 10216 RequestorPackageName: com.google.android.youtube] ] (release request)
09-01 18:55:47.064  2816 20294 I LockboxIntentOp: Completed task: true [CONTEXT service_id=26 ]
09-01 18:55:47.086 19904 20380 I BatteryMgr:DataCollectionService: stats => 1693587347086,7629,4412
09-01 18:55:47.124  1513  2000 D ConnectivityService: NetReassign [no changes]
09-01 18:55:47.193 19904 20380 I BatteryMgr:DataCollectionService: stats => 1693587347192,7629,4412
09-01 18:55:47.195  2062 10430 D PowerUI : can't show warning due to - plugged: true status unknown: false
09-01 18:55:47.196  2410  2410 D DeviceStatisticsService: chargerType=2 batteryLevel=100 totalBatteryCapacity=4169000
09-01 18:55:47.196  2410  2410 D DeviceInfoHidlClient: isPowerInfoNeverSent()=true
09-01 18:55:47.196  2410  2410 D DeviceInfoHidlClient: getPowerInfoSupportStatus()=-1
09-01 18:55:47.296 19904 20380 I BatteryMgr:DataCollectionService: stats => 1693587347296,7629,4413
09-01 18:55:47.400 19904 20380 I BatteryMgr:DataCollectionService: stats => 1693587347400,7629,4413
09-01 18:55:47.503 19904 20380 I BatteryMgr:DataCollectionService: stats => 1693587347503,7629,4413
09-01 18:55:47.606 19904 20380 I BatteryMgr:DataCollectionService: stats => 1693587347606,7629,4413
09-01 18:55:47.628   901  2806 I sensors-hal: [ssc_utils]get_qmi_debug_flag:244, support_qmi_debug : false
09-01 18:55:47.641   901  2806 I sensors-hal: [ssc_utils]get_qmi_debug_flag:244, support_qmi_debug : false
09-01 18:55:47.644   901  1000 W ASH     : @ 32534.098: Unhandled msg ID 999: line 1277
09-01 18:55:47.644   901  1000 E ASH     : @ 32534.098: No pb callback assigned
09-01 18:55:47.644   901  1000 E ASH     : @ 32534.098: Nanopb error: callback failed:1588
09-01 18:55:47.652   901  1000 W ASH     : @ 32534.105: Unhandled msg ID 999: line 1277
09-01 18:55:47.652   901  1000 E ASH     : @ 32534.105: No pb callback assigned
09-01 18:55:47.652   901  1000 E ASH     : @ 32534.105: Nanopb error: callback failed:1588
09-01 18:55:47.708   901  2806 I sensors-hal: [ssc_utils]get_qmi_debug_flag:244, support_qmi_debug : false
09-01 18:55:47.710 19904 20380 I BatteryMgr:DataCollectionService: stats => 1693587347710,7629,4413
09-01 18:55:47.724   901  1000 W ASH     : @ 32534.178: Unhandled msg ID 999: line 1277
09-01 18:55:47.724   901  1000 E ASH     : @ 32534.178: No pb callback assigned
09-01 18:55:47.724   901  1000 E ASH     : @ 32534.178: Nanopb error: callback failed:1588
09-01 18:55:47.778   901  1000 I ASH     : @ 32534.231: tcs3701: ADC is saturated, removed sample from FIFO.
09-01 18:55:47.813 19904 20380 I BatteryMgr:DataCollectionService: stats => 1693587347813,7629,4413
09-01 18:55:47.822   901  2806 I sensors-hal: [ssc_utils]get_qmi_debug_flag:244, support_qmi_debug : false
09-01 18:55:47.844   901  1000 W ASH     : @ 32534.298: Unhandled msg ID 999: line 1277
09-01 18:55:47.844   901  1000 E ASH     : @ 32534.298: No pb callback assigned
09-01 18:55:47.844   901  1000 E ASH     : @ 32534.298: Nanopb error: callback failed:1588
09-01 18:55:47.917 19904 20380 I BatteryMgr:DataCollectionService: stats => 1693587347917,7629,4413
09-01 18:55:47.977  2816 14963 W CCTFlatFileLogStore: Excessive logging: 1024 events, 178147 bytes from log source LB_AS last 0s
09-01 18:55:48.020 19904 20380 I BatteryMgr:DataCollectionService: stats => 1693587348020,7629,4413
09-01 18:55:48.109   901  2806 I sensors-hal: [ssc_utils]get_qmi_debug_flag:244, support_qmi_debug : false
09-01 18:55:48.123 19904 20380 I BatteryMgr:DataCollectionService: stats => 1693587348123,7629,4413
09-01 18:55:48.124   901  1000 W ASH     : @ 32534.578: Unhandled msg ID 999: line 1277
09-01 18:55:48.124   901  1000 E ASH     : @ 32534.578: No pb callback assigned
09-01 18:55:48.124   901  1000 E ASH     : @ 32534.578: Nanopb error: callback failed:1588
09-01 18:55:48.142   901  1000 D VSC     : @ 32534.595: [WO] tilt angle 89
09-01 18:55:48.178   901  1000 I ASH     : @ 32534.631: tcs3701: ADC is saturated, removed sample from FIFO.
09-01 18:55:48.228   901  2806 I sensors-hal: [ssc_utils]get_qmi_debug_flag:244, support_qmi_debug : false
09-01 18:55:48.230 19904 20380 I BatteryMgr:DataCollectionService: stats => 1693587348230,7629,4413
09-01 18:55:48.246   901  1000 W ASH     : @ 32534.699: Unhandled msg ID 999: line 1277
09-01 18:55:48.246   901  1000 E ASH     : @ 32534.699: No pb callback assigned
09-01 18:55:48.246   901  1000 E ASH     : @ 32534.699: Nanopb error: callback failed:1588
09-01 18:55:48.335 19904 20380 I BatteryMgr:DataCollectionService: stats => 1693587348335,7629,4413
09-01 18:55:48.441 19904 20380 I BatteryMgr:DataCollectionService: stats => 1693587348441,7629,4413
09-01 18:55:48.509   901  2806 I sensors-hal: [ssc_utils]get_qmi_debug_flag:244, support_qmi_debug : false
09-01 18:55:48.524   901  1000 W ASH     : @ 32534.978: Unhandled msg ID 999: line 1277
09-01 18:55:48.524   901  1000 E ASH     : @ 32534.978: No pb callback assigned
09-01 18:55:48.524   901  1000 E ASH     : @ 32534.978: Nanopb error: callback failed:1588
09-01 18:55:48.547 19904 20380 I BatteryMgr:DataCollectionService: stats => 1693587348547,7629,4413
09-01 18:55:48.578   901  1000 I ASH     : @ 32535.031: tcs3701: ADC is saturated, removed sample from FIFO.
09-01 18:55:48.612  2816 14894 I PhenotypeProcessReaper: Memory state is: 100
09-01 18:55:48.627   901  2806 I sensors-hal: [ssc_utils]get_qmi_debug_flag:244, support_qmi_debug : false
09-01 18:55:48.644   901  1000 W ASH     : @ 32535.098: Unhandled msg ID 999: line 1277
09-01 18:55:48.645   901  1000 E ASH     : @ 32535.098: No pb callback assigned
09-01 18:55:48.645   901  1000 E ASH     : @ 32535.098: Nanopb error: callback failed:1588
09-01 18:55:48.651 19904 20380 I BatteryMgr:DataCollectionService: stats => 1693587348651,7629,4413
09-01 18:55:48.702   901  2806 I sensors-hal: [ssc_utils]get_qmi_debug_flag:244, support_qmi_debug : false
09-01 18:55:48.724   901  1000 W ASH     : @ 32535.178: Unhandled msg ID 999: line 1277
09-01 18:55:48.724   901  1000 E ASH     : @ 32535.178: No pb callback assigned
09-01 18:55:48.724   901  1000 E ASH     : @ 32535.178: Nanopb error: callback failed:1588
09-01 18:55:48.757 19904 20380 I BatteryMgr:DataCollectionService: stats => 1693587348757,7629,4413
09-01 18:55:48.767   901  1000 I ASH     : @ 32535.220: tcs3701: ADC is saturated, removed sample from FIFO.
09-01 18:55:48.827   901  2806 I sensors-hal: [ssc_utils]get_qmi_debug_flag:244, support_qmi_debug : false
09-01 18:55:48.844   901  1000 W ASH     : @ 32535.298: Unhandled msg ID 999: line 1277
09-01 18:55:48.844   901  1000 E ASH     : @ 32535.298: No pb callback assigned
09-01 18:55:48.844   901  1000 E ASH     : @ 32535.298: Nanopb error: callback failed:1588
09-01 18:55:48.862 19904 20380 I BatteryMgr:DataCollectionService: stats => 1693587348861,7629,4413
09-01 18:55:48.967 19904 20380 I BatteryMgr:DataCollectionService: stats => 1693587348967,7629,4413
09-01 18:55:49.074 19904 20380 I BatteryMgr:DataCollectionService: stats => 1693587349074,7629,4413
09-01 18:55:49.109   901  2806 I sensors-hal: [ssc_utils]get_qmi_debug_flag:244, support_qmi_debug : false
09-01 18:55:49.124   901  1000 W ASH     : @ 32535.578: Unhandled msg ID 999: line 1277
09-01 18:55:49.124   901  1000 E ASH     : @ 32535.578: No pb callback assigned
09-01 18:55:49.124   901  1000 E ASH     : @ 32535.578: Nanopb error: callback failed:1588
09-01 18:55:49.178 19904 20380 I BatteryMgr:DataCollectionService: stats => 1693587349178,7629,4413
09-01 18:55:49.178   901  1000 I ASH     : @ 32535.631: tcs3701: ADC is saturated, removed sample from FIFO.
09-01 18:55:49.226   901  2806 I sensors-hal: [ssc_utils]get_qmi_debug_flag:244, support_qmi_debug : false
09-01 18:55:49.244   901  1000 W ASH     : @ 32535.698: Unhandled msg ID 999: line 1277
09-01 18:55:49.244   901  1000 E ASH     : @ 32535.698: No pb callback assigned
09-01 18:55:49.245   901  1000 E ASH     : @ 32535.698: Nanopb error: callback failed:1588
09-01 18:55:49.283 19904 20380 I BatteryMgr:DataCollectionService: stats => 1693587349283,7629,4413
09-01 18:55:49.319   901  2806 I sensors-hal: [ssc_utils]get_qmi_debug_flag:244, support_qmi_debug : false
09-01 18:55:49.364   901  1000 W ASH     : @ 32535.818: Unhandled msg ID 999: line 1277
09-01 18:55:49.364   901  1000 E ASH     : @ 32535.818: No pb callback assigned
09-01 18:55:49.364   901  1000 E ASH     : @ 32535.818: Nanopb error: callback failed:1588
09-01 18:55:49.390   901  1000 I ASH     : @ 32535.843: tcs3701: ADC is saturated, removed sample from FIFO.
09-01 18:55:49.390 19904 20380 I BatteryMgr:DataCollectionService: stats => 1693587349390,7629,4413
09-01 18:55:49.427   901  2806 I sensors-hal: [ssc_utils]get_qmi_debug_flag:244, support_qmi_debug : false
09-01 18:55:49.448   901  1000 W ASH     : @ 32535.902: Unhandled msg ID 999: line 1277
09-01 18:55:49.448   901  1000 E ASH     : @ 32535.902: No pb callback assigned
09-01 18:55:49.448   901  1000 E ASH     : @ 32535.902: Nanopb error: callback failed:1588
09-01 18:55:49.497 19904 20380 I BatteryMgr:DataCollectionService: stats => 1693587349496,7629,4413
09-01 18:55:49.516   901  2806 I sensors-hal: [ssc_utils]get_qmi_debug_flag:244, support_qmi_debug : false
09-01 18:55:49.524   901  1000 W ASH     : @ 32535.978: Unhandled msg ID 999: line 1277
09-01 18:55:49.524   901  1000 E ASH     : @ 32535.978: No pb callback assigned
09-01 18:55:49.524   901  1000 E ASH     : @ 32535.978: Nanopb error: callback failed:1588
09-01 18:55:49.590   901  1000 I ASH     : @ 32536.043: tcs3701: ADC is saturated, removed sample from FIFO.
09-01 18:55:49.603 19904 20380 I BatteryMgr:DataCollectionService: stats => 1693587349603,7629,4413
09-01 18:55:49.628   901  2806 I sensors-hal: [ssc_utils]get_qmi_debug_flag:244, support_qmi_debug : false
09-01 18:55:49.628   594 28441 I SDM     : HWDeviceDRM::UpdateMixerAttributes: Mixer WxH 1080x2340-1 for Peripheral
09-01 18:55:49.628   594 28441 I SDM     : DisplayBase::SetActiveConfig: Active configuration changed to: 0
09-01 18:55:49.628   594 28441 I SDM     : StrategyImpl::SetIdleTimeoutMs: Idle timeout set to zero for command mode panels
09-01 18:55:49.635   901  2806 I sensors-hal: [ssc_utils]get_qmi_debug_flag:244, support_qmi_debug : false
09-01 18:55:49.638  1513  1572 I DisplayManagerService: Display device changed: DisplayDeviceInfo{"Built-in Screen": uniqueId="local:19260504575090817", 1080 x 2340, modeId 2, defaultModeId 2, supportedModes [{id=1, width=1080, height=2340, fps=90.0}, {id=2, width=1080, height=2340, fps=60.000004}], colorMode 0, supportedColorModes [0, 7, 9], HdrCapabilities HdrCapabilities{mSupportedHdrTypes=[2, 3, 4], mMaxLuminance=500.0, mMaxAverageLuminance=500.0, mMinLuminance=0.0}, allmSupported false, gameContentTypeSupported false, density 440, 435.428 x 433.839 dpi, appVsyncOff 2333332, presDeadline 11500000, cutout DisplayCutout{insets=Rect(0, 136 - 0, 0) waterfall=Insets{left=0, top=0, right=0, bottom=0} boundingRect={Bounds=[Rect(0, 0 - 0, 0), Rect(0, 0 - 136, 136), Rect(0, 0 - 0, 0), Rect(0, 0 - 0, 0)]}}, touch INTERNAL, rotation 0, type INTERNAL, address {port=129, model=0x446d53ad64a0}, deviceProductInfo DeviceProductInfo{name=, manufacturerPnpId=QCM, productId=1, modelYear=null, manufactureDate=ManufactureDate{week=27, year=2006}, relativeAddress=null}, state ON, FLAG_DEFAULT_DISPLAY, FLAG_ROTATES_WITH_CONTENT, FLAG_SECURE, FLAG_SUPPORTS_PROTECTED_BUFFERS}
09-01 18:55:49.640   594 28441 I SDM     : StrategyImpl::SetIdleTimeoutMs: Idle timeout set to zero for command mode panels
09-01 18:55:49.644   901  1000 W ASH     : @ 32536.098: Unhandled msg ID 999: line 1277
09-01 18:55:49.644   901  1000 E ASH     : @ 32536.098: No pb callback assigned
09-01 18:55:49.644   901  1000 E ASH     : @ 32536.098: Nanopb error: callback failed:1588
09-01 18:55:49.663   594 28441 I SDM     : HWDeviceDRM::UpdateMixerAttributes: Mixer WxH 1080x2340-1 for Peripheral
09-01 18:55:49.663   594 28441 I SDM     : DisplayBase::SetActiveConfig: Active configuration changed to: 1
09-01 18:55:49.663   594 28441 I SDM     : StrategyImpl::SetIdleTimeoutMs: Idle timeout set to zero for command mode panels
09-01 18:55:49.667  1513  1572 I DisplayManagerService: Display device changed: DisplayDeviceInfo{"Built-in Screen": uniqueId="local:19260504575090817", 1080 x 2340, modeId 1, defaultModeId 2, supportedModes [{id=1, width=1080, height=2340, fps=90.0}, {id=2, width=1080, height=2340, fps=60.000004}], colorMode 0, supportedColorModes [0, 7, 9], HdrCapabilities HdrCapabilities{mSupportedHdrTypes=[2, 3, 4], mMaxLuminance=500.0, mMaxAverageLuminance=500.0, mMinLuminance=0.0}, allmSupported false, gameContentTypeSupported false, density 440, 435.428 x 433.839 dpi, appVsyncOff 2333333, presDeadline 11500000, cutout DisplayCutout{insets=Rect(0, 136 - 0, 0) waterfall=Insets{left=0, top=0, right=0, bottom=0} boundingRect={Bounds=[Rect(0, 0 - 0, 0), Rect(0, 0 - 136, 136), Rect(0, 0 - 0, 0), Rect(0, 0 - 0, 0)]}}, touch INTERNAL, rotation 0, type INTERNAL, address {port=129, model=0x446d53ad64a0}, deviceProductInfo DeviceProductInfo{name=, manufacturerPnpId=QCM, productId=1, modelYear=null, manufactureDate=ManufactureDate{week=27, year=2006}, relativeAddress=null}, state ON, FLAG_DEFAULT_DISPLAY, FLAG_ROTATES_WITH_CONTENT, FLAG_SECURE, FLAG_SUPPORTS_PROTECTED_BUFFERS}
09-01 18:55:49.669   901  2806 I sensors-hal: [ssc_utils]get_qmi_debug_flag:244, support_qmi_debug : false
09-01 18:55:49.684   901  1000 W ASH     : @ 32536.138: Unhandled msg ID 999: line 1277
09-01 18:55:49.684   901  1000 E ASH     : @ 32536.138: No pb callback assigned
09-01 18:55:49.684   901  1000 E ASH     : @ 32536.138: Nanopb error: callback failed:1588
09-01 18:55:49.708 19904 20380 I BatteryMgr:DataCollectionService: stats => 1693587349708,7629,4413
09-01 18:55:49.782   901  2806 I sensors-hal: [ssc_utils]get_qmi_debug_flag:244, support_qmi_debug : false
09-01 18:55:49.805   901  1000 W ASH     : @ 32536.258: Unhandled msg ID 999: line 1277
09-01 18:55:49.805   901  1000 E ASH     : @ 32536.258: No pb callback assigned
09-01 18:55:49.805   901  1000 E ASH     : @ 32536.258: Nanopb error: callback failed:1588
09-01 18:55:49.814 19904 20380 I BatteryMgr:DataCollectionService: stats => 1693587349814,7629,4413
09-01 18:55:49.821   901  2806 I sensors-hal: [ssc_utils]get_qmi_debug_flag:244, support_qmi_debug : false
09-01 18:55:49.845   901  1000 W ASH     : @ 32536.298: Unhandled msg ID 999: line 1277
09-01 18:55:49.845   901  1000 E ASH     : @ 32536.298: No pb callback assigned
09-01 18:55:49.845   901  1000 E ASH     : @ 32536.298: Nanopb error: callback failed:1588
09-01 18:55:49.909   901  2806 I sensors-hal: [ssc_utils]get_qmi_debug_flag:244, support_qmi_debug : false
09-01 18:55:49.918 19904 20380 I BatteryMgr:DataCollectionService: stats => 1693587349918,7629,4413
09-01 18:55:49.924   901  1000 W ASH     : @ 32536.378: Unhandled msg ID 999: line 1277
09-01 18:55:49.924   901  1000 E ASH     : @ 32536.378: No pb callback assigned
09-01 18:55:49.924   901  1000 E ASH     : @ 32536.378: Nanopb error: callback failed:1588
09-01 18:55:49.979   901  1000 I ASH     : @ 32536.432: tcs3701: ADC is saturated, removed sample from FIFO.
09-01 18:55:50.025 19904 20380 I BatteryMgr:DataCollectionService: stats => 1693587350025,7629,4413
09-01 18:55:50.028   901  2806 I sensors-hal: [ssc_utils]get_qmi_debug_flag:244, support_qmi_debug : false
09-01 18:55:50.047   901  1000 W ASH     : @ 32536.500: Unhandled msg ID 999: line 1277
09-01 18:55:50.047   901  1000 E ASH     : @ 32536.500: No pb callback assigned
09-01 18:55:50.047   901  1000 E ASH     : @ 32536.500: Nanopb error: callback failed:1588
09-01 18:55:50.102   901  2806 I sensors-hal: [ssc_utils]get_qmi_debug_flag:244, support_qmi_debug : false
09-01 18:55:50.124   901  1000 W ASH     : @ 32536.578: Unhandled msg ID 999: line 1277
09-01 18:55:50.124   901  1000 E ASH     : @ 32536.578: No pb callback assigned
09-01 18:55:50.124   901  1000 E ASH     : @ 32536.578: Nanopb error: callback failed:1588
09-01 18:55:50.131 19904 20380 I BatteryMgr:DataCollectionService: stats => 1693587350131,7629,4413
09-01 18:55:50.138  1513  2000 D ConnectivityService: NetReassign [no changes]
09-01 18:55:50.139   901  1000 D VSC     : @ 32536.592: [WO] tilt angle 89
09-01 18:55:50.168   901  1000 I ASH     : @ 32536.621: tcs3701: ADC is saturated, removed sample from FIFO.
09-01 18:55:50.227   901  2806 I sensors-hal: [ssc_utils]get_qmi_debug_flag:244, support_qmi_debug : false
09-01 18:55:50.228   594 28441 I SDM     : HWDeviceDRM::UpdateMixerAttributes: Mixer WxH 1080x2340-1 for Peripheral
09-01 18:55:50.228   594 28441 I SDM     : DisplayBase::SetActiveConfig: Active configuration changed to: 0
09-01 18:55:50.228   594 28441 I SDM     : StrategyImpl::SetIdleTimeoutMs: Idle timeout set to zero for command mode panels
09-01 18:55:50.235 19904 20380 I BatteryMgr:DataCollectionService: stats => 1693587350235,7629,4413
09-01 18:55:50.241   901  2806 I sensors-hal: [ssc_utils]get_qmi_debug_flag:244, support_qmi_debug : false
09-01 18:55:50.247   901  1000 W ASH     : @ 32536.700: Unhandled msg ID 999: line 1277
09-01 18:55:50.247   901  1000 E ASH     : @ 32536.700: No pb callback assigned
09-01 18:55:50.247   901  1000 E ASH     : @ 32536.701: Nanopb error: callback failed:1588
09-01 18:55:50.249  1513  1572 I DisplayManagerService: Display device changed: DisplayDeviceInfo{"Built-in Screen": uniqueId="local:19260504575090817", 1080 x 2340, modeId 2, defaultModeId 2, supportedModes [{id=1, width=1080, height=2340, fps=90.0}, {id=2, width=1080, height=2340, fps=60.000004}], colorMode 0, supportedColorModes [0, 7, 9], HdrCapabilities HdrCapabilities{mSupportedHdrTypes=[2, 3, 4], mMaxLuminance=500.0, mMaxAverageLuminance=500.0, mMinLuminance=0.0}, allmSupported false, gameContentTypeSupported false, density 440, 435.428 x 433.839 dpi, appVsyncOff 2333332, presDeadline 11500000, cutout DisplayCutout{insets=Rect(0, 136 - 0, 0) waterfall=Insets{left=0, top=0, right=0, bottom=0} boundingRect={Bounds=[Rect(0, 0 - 0, 0), Rect(0, 0 - 136, 136), Rect(0, 0 - 0, 0), Rect(0, 0 - 0, 0)]}}, touch INTERNAL, rotation 0, type INTERNAL, address {port=129, model=0x446d53ad64a0}, deviceProductInfo DeviceProductInfo{name=, manufacturerPnpId=QCM, productId=1, modelYear=null, manufactureDate=ManufactureDate{week=27, year=2006}, relativeAddress=null}, state ON, FLAG_DEFAULT_DISPLAY, FLAG_ROTATES_WITH_CONTENT, FLAG_SECURE, FLAG_SUPPORTS_PROTECTED_BUFFERS}
09-01 18:55:50.251   594 28441 I SDM     : StrategyImpl::SetIdleTimeoutMs: Idle timeout set to zero for command mode panels
09-01 18:55:50.302  2858  3901 I PhenotypeProcessReaper: Memory state is: 200
09-01 18:55:50.339 19904 20380 I BatteryMgr:DataCollectionService: stats => 1693587350338,7629,4413
09-01 18:55:50.572  1513  3240 I ActivityManager: Force stopping com.opera.browser appid=10261 user=0: from pid 20593
09-01 18:55:50.573  1513  3240 I ActivityManager: Killing 20153:com.opera.browser:privileged_process0/u0a261 (adj 0): stop com.opera.browser due to from pid 20593
09-01 18:55:50.574  1513  3240 I ActivityManager: Killing 19961:com.opera.browser/u0a261 (adj 0): stop com.opera.browser due to from pid 20593
09-01 18:55:50.577  7733  7733 D BoundBrokerSvc: onUnbind: Intent { act=com.google.android.gms.measurement.START pkg=com.google.android.gms }
09-01 18:55:50.579  1513  3240 W ActivityTaskManager: Force removing ActivityRecord{ccca0e0 u0 com.opera.browser/com.opera.Opera t1404 f}}: app died, no saved state
09-01 18:55:50.580 20427 20427 I dboxed_process: System.exit called, status: 0
09-01 18:55:50.580 20427 20427 I AndroidRuntime: VM exiting with result code 0, cleanup skipped.
09-01 18:55:50.581 20243 20243 I dboxed_process: System.exit called, status: 0
09-01 18:55:50.581 20243 20243 I AndroidRuntime: VM exiting with result code 0, cleanup skipped.
09-01 18:55:50.590   594 28441 I SDM     : HWDeviceDRM::UpdateMixerAttributes: Mixer WxH 1080x2340-1 for Peripheral
09-01 18:55:50.590   594 28441 I SDM     : DisplayBase::SetActiveConfig: Active configuration changed to: 1
09-01 18:55:50.590   594 28441 I SDM     : StrategyImpl::SetIdleTimeoutMs: Idle timeout set to zero for command mode panels
09-01 18:55:50.594   901  2806 I sensors-hal: [ssc_utils]get_qmi_debug_flag:244, support_qmi_debug : false
09-01 18:55:50.604  1513  3240 I ActivityManager: Killing 20243:com.opera.browser:sandboxed_process0/u0a261 (adj 0): stop com.opera.browser due to from pid 20593
09-01 18:55:50.605   901  1000 W ASH     : @ 32537.058: Unhandled msg ID 999: line 1277
09-01 18:55:50.605   901  1000 E ASH     : @ 32537.058: No pb callback assigned
09-01 18:55:50.605   901  1000 E ASH     : @ 32537.058: Nanopb error: callback failed:1588
09-01 18:55:50.605  1513  3240 I ActivityManager: Killing 20427:com.opera.browser:sandboxed_process1/u0a261 (adj 0): stop com.opera.browser due to from pid 20593
09-01 18:55:50.608   779   779 I Zygote  : Process 20427 exited cleanly (0)
09-01 18:55:50.609   779   779 I Zygote  : Process 20153 exited due to signal 9 (Killed)
09-01 18:55:50.612 20593 20595 I cmd     : oneway function results will be dropped but finished with status OK and parcel size 4
09-01 18:55:50.614  2474  2474 E PhoneInterfaceManager: [PhoneIntfMgr] getCarrierPackageNamesForIntentAndPhone: No UICC
09-01 18:55:50.614  2474  2474 D CarrierSvcBindHelper: No carrier app for: 0
09-01 18:55:50.615  1513  2169 W ActivityManager: Unbind failed: could not find connection for android.os.BinderProxy@3518720
09-01 18:55:50.621  8777 20604 I EuiccGoogle: [5934] EuiccServiceImpl.onGetEuiccProfileInfoList: onGetEuiccProfileInfoList: slotId = -1
09-01 18:55:50.622  3088  3653 I AssistantForeground: (REDACTED) Get launcher package: %s
09-01 18:55:50.623  1513  2169 D ConnectivityService: ConnectivityService NetworkRequestInfo binderDied(NetworkRequest [ TRACK_DEFAULT id=1457, [ Capabilities: INTERNET&NOT_RESTRICTED&TRUSTED Uid: 10261 AdministratorUids: [] RequestorUid: 10261 RequestorPackageName: com.opera.browser] ], android.os.BinderProxy@91a2127)
09-01 18:55:50.623  1513  2000 D ConnectivityService: releasing NetworkRequest [ TRACK_DEFAULT id=1457, [ Capabilities: INTERNET&NOT_RESTRICTED&TRUSTED Uid: 10261 AdministratorUids: [] RequestorUid: 10261 RequestorPackageName: com.opera.browser] ] (release request)
09-01 18:55:50.623  1513  3223 D ConnectivityService: ConnectivityService NetworkRequestInfo binderDied(NetworkRequest [ LISTEN id=1460, [ Capabilities: INTERNET&NOT_RESTRICTED&TRUSTED&FOREGROUND Uid: 10261 AdministratorUids: [] RequestorUid: 10261 RequestorPackageName: com.opera.browser] ], android.os.BinderProxy@33257d)
09-01 18:55:50.623  1513  8504 D ConnectivityService: ConnectivityService NetworkRequestInfo binderDied(NetworkRequest [ TRACK_DEFAULT id=1459, [ Capabilities: INTERNET&NOT_RESTRICTED&TRUSTED Uid: 10261 AdministratorUids: [] RequestorUid: 10261 RequestorPackageName: com.opera.browser] ], android.os.BinderProxy@6e13c72)
09-01 18:55:50.623  1513  8503 D AutofillSession: handling death of Token{2c0bee3 ActivityRecord{ccca0e0 u0 com.opera.browser/com.opera.Opera t-1 f}}} when saving=false
09-01 18:55:50.623  1513  2000 D ConnectivityService: releasing NetworkRequest [ TRACK_DEFAULT id=1459, [ Capabilities: INTERNET&NOT_RESTRICTED&TRUSTED Uid: 10261 AdministratorUids: [] RequestorUid: 10261 RequestorPackageName: com.opera.browser] ] (release request)
09-01 18:55:50.624  1513  3245 D ConnectivityService: ConnectivityService NetworkRequestInfo binderDied(NetworkRequest [ LISTEN id=1458, [ Capabilities: INTERNET&NOT_RESTRICTED&TRUSTED&FOREGROUND Uid: 10261 AdministratorUids: [] RequestorUid: 10261 RequestorPackageName: com.opera.browser] ], android.os.BinderProxy@1642fd4)
09-01 18:55:50.629  1513  1572 W DisplayManagerService: Failed to notify process 20243 that displays changed, assuming it died.
09-01 18:55:50.629  1513  1572 W DisplayManagerService: android.os.DeadObjectException
09-01 18:55:50.629  1513  1572 W DisplayManagerService: 	at android.os.BinderProxy.transactNative(Native Method)
09-01 18:55:50.629  1513  1572 W DisplayManagerService: 	at android.os.BinderProxy.transact(BinderProxy.java:550)
09-01 18:55:50.629  1513  1572 W DisplayManagerService: 	at android.hardware.display.IDisplayManagerCallback$Stub$Proxy.onDisplayEvent(IDisplayManagerCallback.java:115)
09-01 18:55:50.629  1513  1572 W DisplayManagerService: 	at com.android.server.display.DisplayManagerService$CallbackRecord.notifyDisplayEventAsync(DisplayManagerService.java:1909)
09-01 18:55:50.629  1513  1572 W DisplayManagerService: 	at com.android.server.display.DisplayManagerService.deliverDisplayEvent(DisplayManagerService.java:1668)
09-01 18:55:50.629  1513  1572 W DisplayManagerService: 	at com.android.server.display.DisplayManagerService.access$700(DisplayManagerService.java:163)
09-01 18:55:50.629  1513  1572 W DisplayManagerService: 	at com.android.server.display.DisplayManagerService$DisplayManagerHandler.handleMessage(DisplayManagerService.java:1831)
09-01 18:55:50.629  1513  1572 W DisplayManagerService: 	at android.os.Handler.dispatchMessage(Handler.java:106)
09-01 18:55:50.629  1513  1572 W DisplayManagerService: 	at android.os.Looper.loop(Looper.java:223)
09-01 18:55:50.629  1513  1572 W DisplayManagerService: 	at android.os.HandlerThread.run(HandlerThread.java:67)
09-01 18:55:50.629  1513  1572 W DisplayManagerService: 	at com.android.server.ServiceThread.run(ServiceThread.java:44)
09-01 18:55:50.631  1513  1572 I DisplayManagerService: Display device changed: DisplayDeviceInfo{"Built-in Screen": uniqueId="local:19260504575090817", 1080 x 2340, modeId 1, defaultModeId 2, supportedModes [{id=1, width=1080, height=2340, fps=90.0}, {id=2, width=1080, height=2340, fps=60.000004}], colorMode 0, supportedColorModes [0, 7, 9], HdrCapabilities HdrCapabilities{mSupportedHdrTypes=[2, 3, 4], mMaxLuminance=500.0, mMaxAverageLuminance=500.0, mMinLuminance=0.0}, allmSupported false, gameContentTypeSupported false, density 440, 435.428 x 433.839 dpi, appVsyncOff 2333333, presDeadline 11500000, cutout DisplayCutout{insets=Rect(0, 136 - 0, 0) waterfall=Insets{left=0, top=0, right=0, bottom=0} boundingRect={Bounds=[Rect(0, 0 - 0, 0), Rect(0, 0 - 136, 136), Rect(0, 0 - 0, 0), Rect(0, 0 - 0, 0)]}}, touch INTERNAL, rotation 0, type INTERNAL, address {port=129, model=0x446d53ad64a0}, deviceProductInfo DeviceProductInfo{name=, manufacturerPnpId=QCM, productId=1, modelYear=null, manufactureDate=ManufactureDate{week=27, year=2006}, relativeAddress=null}, state ON, FLAG_DEFAULT_DISPLAY, FLAG_ROTATES_WITH_CONTENT, FLAG_SECURE, FLAG_SUPPORTS_PROTECTED_BUFFERS}
09-01 18:55:50.631  1513  1572 W ActivityManager: setHasOverlayUi called on unknown pid: 19961
09-01 18:55:50.638   779   779 I Zygote  : Process 19961 exited due to signal 9 (Killed)
09-01 18:55:50.638   779   779 I Zygote  : Process 20243 exited cleanly (0)
09-01 18:55:50.640  1513  1640 I libprocessgroup: Successfully killed process cgroup uid 10261 pid 20153 in 66ms
09-01 18:55:50.641  1513  1640 I libprocessgroup: Successfully killed process cgroup uid 10261 pid 19961 in 0ms
09-01 18:55:50.641  1513  1640 I libprocessgroup: Successfully killed process cgroup uid 10261 pid 20243 in 0ms
09-01 18:55:50.641  1513  1640 I libprocessgroup: Successfully killed process cgroup uid 10261 pid 20427 in 0ms
09-01 18:55:50.641  8777 20604 W EuiccGoogle: [5934] EuiccServiceImpl.onGetEuiccProfileInfoList: slotId=-1. No eUICC is active. Return null.
09-01 18:55:50.646  3135  3135 D RegisteredNfcFServicesCache: Service unchanged, not updating
09-01 18:55:50.672  2858  2858 I GoogleInputMethodService: GoogleInputMethodService.onFinishInput():3280 
09-01 18:55:50.673  2858  2858 I GoogleInputMethodService: GoogleInputMethodService.updateDeviceLockedStatus():2169 repeatCheckTimes = 0, unlocked = true
09-01 18:55:50.673  2858  2858 I GoogleInputMethodService: GoogleInputMethodService.onStartInput():1960 onStartInput(EditorInfo{inputType=0x0(NULL) imeOptions=0x0 privateImeOptions=null actionName=UNSPECIFIED actionLabel=null actionId=0 initialSelStart=-1 initialSelEnd=-1 initialCapsMode=0x0 hintText=null label=null packageName=com.example.batterymanager_utility fieldId=-1 fieldName=null extras=null}, false)
09-01 18:55:50.673  2858  2858 I GoogleInputMethodService: GoogleInputMethodService.shouldHideHeaderOnInitialState():4081 ShouldHideHeaderOnInitialState = false
09-01 18:55:50.673  2858  2858 I GoogleInputMethodService: GoogleInputMethodService.updateDeviceLockedStatus():2169 repeatCheckTimes = 2, unlocked = true
09-01 18:55:51.162   901  2806 I sensors-hal: [ssc_utils]get_qmi_debug_flag:244, support_qmi_debug : false
09-01 18:55:51.205   901  1000 W ASH     : @ 32537.658: Unhandled msg ID 999: line 1277
09-01 18:55:51.205   901  1000 E ASH     : @ 32537.658: No pb callback assigned
09-01 18:55:51.205   901  1000 E ASH     : @ 32537.658: Nanopb error: callback failed:1588
09-01 18:55:52.138   901  1000 D VSC     : @ 32538.590: [WO] tilt angle 89
09-01 18:55:53.162  2446  4456 D QCNEJ/WlanStaInfoRelay: Received action: android.net.wifi.RSSI_CHANGED
09-01 18:55:53.162  2446  4456 I QCNEJ/NativeHalConnector: -> SND notifyWlanStaStatusChanged([WlanStaInfo]: wifiSwitchState = 1 rssi = -56 ssid = WiFi 69 bssid = 76:4d:28:12:bf:83 dnsInfo = 192.168.88.1;8.8.8.8;0.0.0.0;0.0.0.0; freqBand = _2GHz countryCode = nl[RatInfo]: networkType = 1 subType = 101 networkState = CONNECTED netHdl = 432902426637 ipAddrV4 = 192.168.88.174 ipAddrV6 =  ifNameV4 = wlan0 ifNameV6 =  slotIdx = 0 isAndroidValidated = true) timeStamp = 2023-09-01 18:55:53.162
09-01 18:55:53.168  4371  4416 D PowerManagerPoller: Downlink cellular capacity updated to 49500 Kbps
09-01 18:55:53.171  5447  5595 I CarrierServices: [451] enh.d: (PEv2-SM-52012781): DisabledState: event Connectivity event [null]
09-01 18:55:53.171  5447  5526 I CarrierServices: [446] eed.c: Connected state: [1], networkType: [WIFI]
09-01 18:55:53.175  1513  2000 D ConnectivityService: NetReassign [no changes]
09-01 18:55:53.180   901  2806 I sensors-hal: [ssc_utils]get_qmi_debug_flag:244, support_qmi_debug : false
09-01 18:55:53.181  2474  2829 E PhoneInterfaceManager: [PhoneIntfMgr] getCarrierPrivilegeStatus: Invalid subId
09-01 18:55:53.182  5447  5596 I CarrierServices: [452] eua.f: RCS Configuration storage in Bugle is disabled by p/h flag, using ProvisioningEngineStateCacheUtil.getProvisioningConfigurationForGivenSimIfExist()
09-01 18:55:53.205   901  1000 W ASH     : @ 32539.658: Unhandled msg ID 999: line 1277
09-01 18:55:53.205   901  1000 E ASH     : @ 32539.658: No pb callback assigned
09-01 18:55:53.205   901  1000 E ASH     : @ 32539.658: Nanopb error: callback failed:1588
09-01 18:55:53.275   901  2806 I sensors-hal: [ssc_utils]get_qmi_debug_flag:244, support_qmi_debug : false
09-01 18:55:53.291   901  1000 W ASH     : @ 32539.744: Unhandled msg ID 999: line 1277
09-01 18:55:53.291   901  1000 E ASH     : @ 32539.744: No pb callback assigned
09-01 18:55:53.291   901  1000 E ASH     : @ 32539.744: Nanopb error: callback failed:1588
09-01 18:55:53.754  1513  3245 I ActivityManager: Force stopping com.example.batterymanager_utility appid=10260 user=0: from pid 20620
09-01 18:55:53.754  1513  3245 I ActivityManager: Killing 19904:com.example.batterymanager_utility/u0a260 (adj 0): stop com.example.batterymanager_utility due to from pid 20620
09-01 18:55:53.755  1513  3245 W ActivityTaskManager: Force removing ActivityRecord{7d34e84 u0 com.example.batterymanager_utility/.MainActivity t1403 f}}: app died, no saved state
09-01 18:55:53.762   901  2806 I sensors-hal: [ssc_utils]get_qmi_debug_flag:244, support_qmi_debug : false
09-01 18:55:53.768   778   778 I Zygote  : Process 19904 exited due to signal 9 (Killed)
09-01 18:55:53.786 20620 20622 I cmd     : oneway function results will be dropped but finished with status OK and parcel size 4
09-01 18:55:53.790  2474  2474 E PhoneInterfaceManager: [PhoneIntfMgr] getCarrierPackageNamesForIntentAndPhone: No UICC
