09-01 18:58:39.324 21496 21975 I BatteryMgr:DataCollectionService: stats => 1693587519324,4882,4412
09-01 18:58:39.393  1513  1513 D NotificationService: 0|com.example.batterymanager_utility|1|null|10260: granting content://settings/system/notification_sound
09-01 18:58:39.394  1513  1513 I chatty  : uid=1000(system) Binder:1513_3 identical 1 line
09-01 18:58:39.394  1513  1513 D NotificationService: 0|com.example.batterymanager_utility|1|null|10260: granting content://settings/system/notification_sound
09-01 18:58:39.394  1513  2000 D ConnectivityService: NetReassign [no changes]
09-01 18:58:39.394  1513  1513 D NotificationService: 0|com.example.batterymanager_utility|1|null|10260: granting content://settings/system/notification_sound
09-01 18:58:39.395  1513  1513 D NotificationService: 0|com.example.batterymanager_utility|1|null|10260: granting content://settings/system/notification_sound
09-01 18:58:39.396  1513  1513 W NotificationHistory: Attempted to add notif for locked/gone/disabled user 0
09-01 18:58:39.405  2062  2062 D InterruptionStateProvider: No bubble up: not allowed to bubble: 0|com.example.batterymanager_utility|1|null|10260
09-01 18:58:39.406  2062  2062 D InterruptionStateProvider: No heads up: unimportant notification: 0|com.example.batterymanager_utility|1|null|10260
09-01 18:58:39.427 21496 21975 I BatteryMgr:DataCollectionService: stats => 1693587519427,4882,4412
09-01 18:58:39.439   594 28441 I SDM     : HWDeviceDRM::UpdateMixerAttributes: Mixer WxH 1080x2340-1 for Peripheral
09-01 18:58:39.439   594 28441 I SDM     : DisplayBase::SetActiveConfig: Active configuration changed to: 0
09-01 18:58:39.439   901  2806 I sensors-hal: [ssc_utils]get_qmi_debug_flag:244, support_qmi_debug : false
09-01 18:58:39.439   594 28441 I SDM     : StrategyImpl::SetIdleTimeoutMs: Idle timeout set to zero for command mode panels
09-01 18:58:39.446   901  1000 W ASH     : @ 32705.900: Unhandled msg ID 999: line 1277
09-01 18:58:39.446   901  1000 E ASH     : @ 32705.900: No pb callback assigned
09-01 18:58:39.446   901  1000 E ASH     : @ 32705.900: Nanopb error: callback failed:1588
09-01 18:58:39.448   901  2806 I sensors-hal: [ssc_utils]get_qmi_debug_flag:244, support_qmi_debug : false
09-01 18:58:39.462  1513  1572 I DisplayManagerService: Display device changed: DisplayDeviceInfo{"Built-in Screen": uniqueId="local:19260504575090817", 1080 x 2340, modeId 2, defaultModeId 2, supportedModes [{id=1, width=1080, height=2340, fps=90.0}, {id=2, width=1080, height=2340, fps=60.000004}], colorMode 0, supportedColorModes [0, 7, 9], HdrCapabilities HdrCapabilities{mSupportedHdrTypes=[2, 3, 4], mMaxLuminance=500.0, mMaxAverageLuminance=500.0, mMinLuminance=0.0}, allmSupported false, gameContentTypeSupported false, density 440, 435.428 x 433.839 dpi, appVsyncOff 2333332, presDeadline 11500000, cutout DisplayCutout{insets=Rect(0, 136 - 0, 0) waterfall=Insets{left=0, top=0, right=0, bottom=0} boundingRect={Bounds=[Rect(0, 0 - 0, 0), Rect(0, 0 - 136, 136), Rect(0, 0 - 0, 0), Rect(0, 0 - 0, 0)]}}, touch INTERNAL, rotation 0, type INTERNAL, address {port=129, model=0x446d53ad64a0}, deviceProductInfo DeviceProductInfo{name=, manufacturerPnpId=QCM, productId=1, modelYear=null, manufactureDate=ManufactureDate{week=27, year=2006}, relativeAddress=null}, state ON, FLAG_DEFAULT_DISPLAY, FLAG_ROTATES_WITH_CONTENT, FLAG_SECURE, FLAG_SUPPORTS_PROTECTED_BUFFERS}
09-01 18:58:39.463   594 28441 I SDM     : StrategyImpl::SetIdleTimeoutMs: Idle timeout set to zero for command mode panels
09-01 18:58:39.484   901  1000 W ASH     : @ 32705.938: Unhandled msg ID 999: line 1277
09-01 18:58:39.487   901  1000 E ASH     : @ 32705.938: No pb callback assigned
09-01 18:58:39.487   901  1000 E ASH     : @ 32705.938: Nanopb error: callback failed:1588
09-01 18:58:39.531 21496 21975 I BatteryMgr:DataCollectionService: stats => 1693587519531,4882,4412
09-01 18:58:39.635 21496 21975 I BatteryMgr:DataCollectionService: stats => 1693587519635,4882,4412
09-01 18:58:39.740 21496 21975 I BatteryMgr:DataCollectionService: stats => 1693587519740,4882,4412
09-01 18:58:39.844 21496 21975 I BatteryMgr:DataCollectionService: stats => 1693587519844,4882,4412
09-01 18:58:39.948 21496 21975 I BatteryMgr:DataCollectionService: stats => 1693587519948,4882,4412
09-01 18:58:40.053 21496 21975 I BatteryMgr:DataCollectionService: stats => 1693587520053,4882,4412
09-01 18:58:40.158 21496 21975 I BatteryMgr:DataCollectionService: stats => 1693587520158,4882,4412
09-01 18:58:40.165   901  1000 D VSC     : @ 32706.618: [WO] tilt angle 89
09-01 18:58:40.264 21496 21975 I BatteryMgr:DataCollectionService: stats => 1693587520264,4882,4412
09-01 18:58:40.370 21496 21975 I BatteryMgr:DataCollectionService: stats => 1693587520370,7629,4412
09-01 18:58:40.476 21496 21975 I BatteryMgr:DataCollectionService: stats => 1693587520476,7629,4412
09-01 18:58:40.583 21496 21975 I BatteryMgr:DataCollectionService: stats => 1693587520582,7629,4412
09-01 18:58:40.688 21496 21975 I BatteryMgr:DataCollectionService: stats => 1693587520687,7629,4412
09-01 18:58:40.794 21496 21975 I BatteryMgr:DataCollectionService: stats => 1693587520794,7629,4412
09-01 18:58:40.900 21496 21975 I BatteryMgr:DataCollectionService: stats => 1693587520900,7629,4412
09-01 18:58:41.006 21496 21975 I BatteryMgr:DataCollectionService: stats => 1693587521006,7629,4412
09-01 18:58:41.111 21496 21975 I BatteryMgr:DataCollectionService: stats => 1693587521111,7629,4412
09-01 18:58:41.218 21496 21975 I BatteryMgr:DataCollectionService: stats => 1693587521217,7629,4412
09-01 18:58:41.323 21496 21975 I BatteryMgr:DataCollectionService: stats => 1693587521323,7629,4412
09-01 18:58:41.367  1513  2263 I ActivityTaskManager: START u0 {act=android.intent.action.VIEW dat=http://192.168.88.177:8000/... flg=0x10000000 cmp=com.opera.browser/com.opera.Opera} from uid 2000
09-01 18:58:41.368  1513  1572 D EventSequenceValidator: Transition from ACTIVITY_FINISHED to INTENT_STARTED
09-01 18:58:41.371  1513  1572 D EventSequenceValidator: Transition from INTENT_STARTED to INTENT_FAILED
09-01 18:58:41.402   594 28441 I SDM     : HWDeviceDRM::UpdateMixerAttributes: Mixer WxH 1080x2340-1 for Peripheral
09-01 18:58:41.402   594 28441 I SDM     : DisplayBase::SetActiveConfig: Active configuration changed to: 1
09-01 18:58:41.402   594 28441 I SDM     : StrategyImpl::SetIdleTimeoutMs: Idle timeout set to zero for command mode panels
09-01 18:58:41.407   901  2806 I sensors-hal: [ssc_utils]get_qmi_debug_flag:244, support_qmi_debug : false
09-01 18:58:41.408  1513  1572 I DisplayManagerService: Display device changed: DisplayDeviceInfo{"Built-in Screen": uniqueId="local:19260504575090817", 1080 x 2340, modeId 1, defaultModeId 2, supportedModes [{id=1, width=1080, height=2340, fps=90.0}, {id=2, width=1080, height=2340, fps=60.000004}], colorMode 0, supportedColorModes [0, 7, 9], HdrCapabilities HdrCapabilities{mSupportedHdrTypes=[2, 3, 4], mMaxLuminance=500.0, mMaxAverageLuminance=500.0, mMinLuminance=0.0}, allmSupported false, gameContentTypeSupported false, density 440, 435.428 x 433.839 dpi, appVsyncOff 2333333, presDeadline 11500000, cutout DisplayCutout{insets=Rect(0, 136 - 0, 0) waterfall=Insets{left=0, top=0, right=0, bottom=0} boundingRect={Bounds=[Rect(0, 0 - 0, 0), Rect(0, 0 - 136, 136), Rect(0, 0 - 0, 0), Rect(0, 0 - 0, 0)]}}, touch INTERNAL, rotation 0, type INTERNAL, address {port=129, model=0x446d53ad64a0}, deviceProductInfo DeviceProductInfo{name=, manufacturerPnpId=QCM, productId=1, modelYear=null, manufactureDate=ManufactureDate{week=27, year=2006}, relativeAddress=null}, state ON, FLAG_DEFAULT_DISPLAY, FLAG_ROTATES_WITH_CONTENT, FLAG_SECURE, FLAG_SUPPORTS_PROTECTED_BUFFERS}
09-01 18:58:41.427 21496 21975 I BatteryMgr:DataCollectionService: stats => 1693587521427,7629,4412
09-01 18:58:41.444   901  1000 W ASH     : @ 32707.898: Unhandled msg ID 999: line 1277
09-01 18:58:41.444   901  1000 E ASH     : @ 32707.898: No pb callback assigned
09-01 18:58:41.444   901  1000 E ASH     : @ 32707.898: Nanopb error: callback failed:1588
09-01 18:58:41.452  1513  3223 D CompatibilityChangeReporter: Compat change id reported: 135634846; UID 10261; state: DISABLED
09-01 18:58:41.452  1513  1625 D CompatibilityChangeReporter: Compat change id reported: 143937733; UID 10261; state: ENABLED
09-01 18:58:41.462   779   779 D Zygote  : Forked child process 22021
09-01 18:58:41.464  1513  1625 I ActivityManager: Start proc 22021:com.opera.browser:sandboxed_process1/u0a261 for service {com.opera.browser/com.opera.android.browser.chromium.services.SandboxedProcessService1}
09-01 18:58:41.468  1075  2481 W ServiceManager: Permission failure: android.permission.SYSTEM_CAMERA from uid=10261 pid=21555
09-01 18:58:41.468  1513  2093 W AutofillInlineSuggestionsRequestSession: Never received an InlineSuggestionsRequest from the IME for 1073741824@1912783604
09-01 18:58:41.468  1075  2481 I chatty  : uid=1047(cameraserver) Binder:1075_4 identical 1 line
09-01 18:58:41.469  1075  2481 W ServiceManager: Permission failure: android.permission.SYSTEM_CAMERA from uid=10261 pid=21555
09-01 18:58:41.469  2512  2512 V InlineSuggestionRenderService: handleDestroySuggestionViews called for 0:1912783604
09-01 18:58:41.469  1075  2481 W ServiceManager: Permission failure: android.permission.SYSTEM_CAMERA from uid=10261 pid=21555
09-01 18:58:41.469  1075  2481 I chatty  : uid=1047(cameraserver) Binder:1075_4 identical 1 line
09-01 18:58:41.469  1075  2481 W ServiceManager: Permission failure: android.permission.SYSTEM_CAMERA from uid=10261 pid=21555
09-01 18:58:41.479 10955 14820 I Finsky  : [5315] ncc.l(14): com.opera.browser: Account determined from installer data - [y0_1NG5HTmzf0bF7VytAKz9iHAD6w7yU52Le3i0fi68]
09-01 18:58:41.479 10955 14820 I Finsky  : [5315] ncc.l(61): Billing preferred account via installer for com.opera.browser: [y0_1NG5HTmzf0bF7VytAKz9iHAD6w7yU52Le3i0fi68]
09-01 18:58:41.479 22021 22021 E dboxed_process: Not starting debugger since process cannot load the jdwp agent.
09-01 18:58:41.497  1513  2180 D CompatibilityChangeReporter: Compat change id reported: 136274596; UID 10261; state: ENABLED
09-01 18:58:41.508 21555 21555 I AssistStructure: Flattened final assist data: 6404 bytes, containing 1 windows, 52 views
09-01 18:58:41.509  1513  3223 D ContentCapturePerUserService: Notified activity assist data for activity: Token{450449e ActivityRecord{b498b7f u0 com.opera.browser/com.opera.Opera t1408}} without a session Id
09-01 18:58:41.514  2858  2858 I GoogleInputMethodService: GoogleInputMethodService.onFinishInput():3280 
09-01 18:58:41.517  2858  2858 I GoogleInputMethodService: GoogleInputMethodService.updateDeviceLockedStatus():2169 repeatCheckTimes = 0, unlocked = true
09-01 18:58:41.517  2858  2858 I GoogleInputMethodService: GoogleInputMethodService.onStartInput():1960 onStartInput(EditorInfo{inputType=0x0(NULL) imeOptions=0x0 privateImeOptions=null actionName=UNSPECIFIED actionLabel=null actionId=0 initialSelStart=-1 initialSelEnd=-1 initialCapsMode=0x0 hintText=null label=null packageName=com.opera.browser fieldId=2131361887 fieldName=null extras=null}, false)
09-01 18:58:41.517  2858  2858 I GoogleInputMethodService: GoogleInputMethodService.shouldHideHeaderOnInitialState():4081 ShouldHideHeaderOnInitialState = false
09-01 18:58:41.518  2858  2858 I GoogleInputMethodService: GoogleInputMethodService.updateDeviceLockedStatus():2169 repeatCheckTimes = 2, unlocked = true
09-01 18:58:41.531 21496 21975 I BatteryMgr:DataCollectionService: stats => 1693587521531,7629,4412
09-01 18:58:41.535  2816 20294 E NetworkScheduler.ATC: Called cancelTask for already completed task com.google.android.gms/.measurement.PackageMeasurementTaskService{u=0 tag="Measurement.PackageMeasurementTaskService.UPLOAD_TASK_TAG" trigger=window{start=257s,end=515s,earliest=-2126s,latest=-1868s} requirements=[NET_CONNECTED] attributes=[PERSISTED] scheduled=-2383s last_run=-1868s exec_window_multiplier=1.0000 jid=N/A status=ACTIVE retries=0 client_lib=GMS_TASK_SCHEDULER-224312000} :1 [CONTEXT service_id=218 ]
09-01 18:58:41.538 22021 22021 W dboxed_process: JIT profile information will not be recorded: profile file does not exist.
09-01 18:58:41.538 22021 22021 W dboxed_process: JIT profile information will not be recorded: profile file does not exist.
09-01 18:58:41.550 22021 22021 D NetworkSecurityConfig: Using Network Security Config from resource network_security_config_official_build debugBuild: false
09-01 18:58:41.551 22021 22021 D NetworkSecurityConfig: Using Network Security Config from resource network_security_config_official_build debugBuild: false
09-01 18:58:41.634 21496 21975 I BatteryMgr:DataCollectionService: stats => 1693587521634,7629,4412
09-01 18:58:41.739 21496 21975 I BatteryMgr:DataCollectionService: stats => 1693587521739,7629,4412
09-01 18:58:41.845 21496 21975 I BatteryMgr:DataCollectionService: stats => 1693587521845,7629,4412
09-01 18:58:41.881   908   950 D rlsservice: MonitorDisplayStatus client num 1, display status 1, sensor status 0
09-01 18:58:41.952 21496 21975 I BatteryMgr:DataCollectionService: stats => 1693587521951,7629,4412
09-01 18:58:42.058 21496 21975 I BatteryMgr:DataCollectionService: stats => 1693587522058,7629,4412
09-01 18:58:42.164   901  1000 D VSC     : @ 32708.618: [WO] tilt angle 89
09-01 18:58:42.167 21496 21975 I BatteryMgr:DataCollectionService: stats => 1693587522167,7629,4412
09-01 18:58:42.278 21496 21975 I BatteryMgr:DataCollectionService: stats => 1693587522274,7629,4412
09-01 18:58:42.389 21496 21975 I BatteryMgr:DataCollectionService: stats => 1693587522385,7629,4412
09-01 18:58:42.409  1513  2000 D ConnectivityService: NetReassign [no changes]
09-01 18:58:42.500 21496 21975 I BatteryMgr:DataCollectionService: stats => 1693587522496,7629,4412
09-01 18:58:42.607 21496 21975 I BatteryMgr:DataCollectionService: stats => 1693587522607,7629,4412
09-01 18:58:42.713 21496 21975 I BatteryMgr:DataCollectionService: stats => 1693587522713,7629,4412
09-01 18:58:42.819 21496 21975 I BatteryMgr:DataCollectionService: stats => 1693587522819,7629,4412
09-01 18:58:42.925 21496 21975 I BatteryMgr:DataCollectionService: stats => 1693587522924,7629,4412
09-01 18:58:43.031 21496 21975 I BatteryMgr:DataCollectionService: stats => 1693587523031,7629,4412
09-01 18:58:43.138 21496 21975 I BatteryMgr:DataCollectionService: stats => 1693587523137,7629,4412
09-01 18:58:43.244 21496 21975 I BatteryMgr:DataCollectionService: stats => 1693587523243,7629,4412
09-01 18:58:43.348 21496 21975 I BatteryMgr:DataCollectionService: stats => 1693587523348,7629,4412
09-01 18:58:43.452 21496 21975 I BatteryMgr:DataCollectionService: stats => 1693587523452,7629,4412
09-01 18:58:43.472   901  2806 I sensors-hal: [ssc_utils]get_qmi_debug_flag:244, support_qmi_debug : false
09-01 18:58:43.480   901  2806 I sensors-hal: [ssc_utils]get_qmi_debug_flag:244, support_qmi_debug : false
09-01 18:58:43.486   901  1000 W ASH     : @ 32709.939: Unhandled msg ID 999: line 1277
09-01 18:58:43.486   901  1000 E ASH     : @ 32709.939: No pb callback assigned
09-01 18:58:43.486   901  1000 E ASH     : @ 32709.939: Nanopb error: callback failed:1588
09-01 18:58:43.555 21496 21975 I BatteryMgr:DataCollectionService: stats => 1693587523555,7629,4412
09-01 18:58:43.662 21496 21975 I BatteryMgr:DataCollectionService: stats => 1693587523662,7629,4412
09-01 18:58:43.771 21496 21975 I BatteryMgr:DataCollectionService: stats => 1693587523771,7629,4412
09-01 18:58:43.872   901  2806 I sensors-hal: [ssc_utils]get_qmi_debug_flag:244, support_qmi_debug : false
09-01 18:58:43.877 21496 21975 I BatteryMgr:DataCollectionService: stats => 1693587523877,7629,4412
09-01 18:58:43.881   901  2806 I sensors-hal: [ssc_utils]get_qmi_debug_flag:244, support_qmi_debug : false
09-01 18:58:43.885   901  1000 W ASH     : @ 32710.338: Unhandled msg ID 999: line 1277
09-01 18:58:43.885   901  1000 E ASH     : @ 32710.338: No pb callback assigned
09-01 18:58:43.885   901  1000 E ASH     : @ 32710.338: Nanopb error: callback failed:1588
09-01 18:58:43.887   901  1000 W ASH     : @ 32710.340: Unhandled msg ID 999: line 1277
09-01 18:58:43.887   901  1000 E ASH     : @ 32710.341: No pb callback assigned
09-01 18:58:43.887   901  1000 E ASH     : @ 32710.341: Nanopb error: callback failed:1588
09-01 18:58:43.949   901  2806 I sensors-hal: [ssc_utils]get_qmi_debug_flag:244, support_qmi_debug : false
09-01 18:58:43.964   901  1000 W ASH     : @ 32710.418: Unhandled msg ID 999: line 1277
09-01 18:58:43.964   901  1000 E ASH     : @ 32710.418: No pb callback assigned
09-01 18:58:43.964   901  1000 E ASH     : @ 32710.418: Nanopb error: callback failed:1588
09-01 18:58:43.984 21496 21975 I BatteryMgr:DataCollectionService: stats => 1693587523983,7629,4412
09-01 18:58:44.020   901  1000 I ASH     : @ 32710.473: tcs3701: ADC is saturated, removed sample from FIFO.
09-01 18:58:44.061   901  2806 I sensors-hal: [ssc_utils]get_qmi_debug_flag:244, support_qmi_debug : false
09-01 18:58:44.067   592   686 W HWComposer: Ignoring duplicate VSYNC event from HWC for display 19260504575090817 (t=32707292856000)
09-01 18:58:44.084   592   686 W HWComposer: Ignoring duplicate VSYNC event from HWC for display 19260504575090817 (t=32707309593000)
09-01 18:58:44.084   901  1000 W ASH     : @ 32710.538: Unhandled msg ID 999: line 1277
09-01 18:58:44.084   901  1000 E ASH     : @ 32710.538: No pb callback assigned
09-01 18:58:44.084   901  1000 E ASH     : @ 32710.538: Nanopb error: callback failed:1588
09-01 18:58:44.091 21496 21975 I BatteryMgr:DataCollectionService: stats => 1693587524091,7629,4412
09-01 18:58:44.101   592   686 W HWComposer: Ignoring duplicate VSYNC event from HWC for display 19260504575090817 (t=32707326213000)
09-01 18:58:44.112   592   686 W HWComposer: Ignoring duplicate VSYNC event from HWC for display 19260504575090817 (t=32707337375000)
09-01 18:58:44.123   592   686 W HWComposer: Ignoring duplicate VSYNC event from HWC for display 19260504575090817 (t=32707348469000)
09-01 18:58:44.134   592   686 W HWComposer: Ignoring duplicate VSYNC event from HWC for display 19260504575090817 (t=32707359566000)
09-01 18:58:44.143   901  1000 D VSC     : @ 32710.596: [WO] tilt angle 89
09-01 18:58:44.145   592   686 W HWComposer: Ignoring duplicate VSYNC event from HWC for display 19260504575090817 (t=32707370686000)
09-01 18:58:44.157   592   686 W HWComposer: Ignoring duplicate VSYNC event from HWC for display 19260504575090817 (t=32707381843000)
09-01 18:58:44.200 21496 21975 I BatteryMgr:DataCollectionService: stats => 1693587524200,7629,4412
09-01 18:58:44.283   901  2806 I sensors-hal: [ssc_utils]get_qmi_debug_flag:244, support_qmi_debug : false
09-01 18:58:44.298   901  2806 I sensors-hal: [ssc_utils]get_qmi_debug_flag:244, support_qmi_debug : false
09-01 18:58:44.304 21496 21975 I BatteryMgr:DataCollectionService: stats => 1693587524304,7629,4412
09-01 18:58:44.326   901  1000 W ASH     : @ 32710.779: Unhandled msg ID 999: line 1277
09-01 18:58:44.326   901  1000 E ASH     : @ 32710.779: No pb callback assigned
09-01 18:58:44.326   901  1000 E ASH     : @ 32710.779: Nanopb error: callback failed:1588
09-01 18:58:44.362   901  2806 I sensors-hal: [ssc_utils]get_qmi_debug_flag:244, support_qmi_debug : false
09-01 18:58:44.404   901  1000 W ASH     : @ 32710.858: Unhandled msg ID 999: line 1277
09-01 18:58:44.404   901  1000 E ASH     : @ 32710.858: No pb callback assigned
09-01 18:58:44.405   901  1000 E ASH     : @ 32710.858: Nanopb error: callback failed:1588
09-01 18:58:44.410 21496 21975 I BatteryMgr:DataCollectionService: stats => 1693587524409,7629,4412
09-01 18:58:44.432   901  1000 I ASH     : @ 32710.885: tcs3701: ADC is saturated, removed sample from FIFO.
09-01 18:58:44.469   901  2806 I sensors-hal: [ssc_utils]get_qmi_debug_flag:244, support_qmi_debug : false
09-01 18:58:44.484   901  1000 W ASH     : @ 32710.938: Unhandled msg ID 999: line 1277
09-01 18:58:44.484   901  1000 E ASH     : @ 32710.938: No pb callback assigned
09-01 18:58:44.484   901  1000 E ASH     : @ 32710.938: Nanopb error: callback failed:1588
09-01 18:58:44.516 21496 21975 I BatteryMgr:DataCollectionService: stats => 1693587524516,7629,4412
09-01 18:58:44.622 21496 21975 I BatteryMgr:DataCollectionService: stats => 1693587524622,7629,4412
09-01 18:58:44.682   901  2806 I sensors-hal: [ssc_utils]get_qmi_debug_flag:244, support_qmi_debug : false
09-01 18:58:44.693   901  2806 I sensors-hal: [ssc_utils]get_qmi_debug_flag:244, support_qmi_debug : false
09-01 18:58:44.724   901  1000 W ASH     : @ 32711.178: Unhandled msg ID 999: line 1277
09-01 18:58:44.724   901  1000 E ASH     : @ 32711.178: No pb callback assigned
09-01 18:58:44.724   901  1000 E ASH     : @ 32711.178: Nanopb error: callback failed:1588
09-01 18:58:44.727 21496 21975 I BatteryMgr:DataCollectionService: stats => 1693587524727,7629,4412
09-01 18:58:44.762   901  2806 I sensors-hal: [ssc_utils]get_qmi_debug_flag:244, support_qmi_debug : false
09-01 18:58:44.783   901  1000 W ASH     : @ 32711.236: Unhandled msg ID 999: line 1277
09-01 18:58:44.783   901  1000 E ASH     : @ 32711.236: No pb callback assigned
09-01 18:58:44.783   901  1000 E ASH     : @ 32711.236: Nanopb error: callback failed:1588
09-01 18:58:44.832   901  1000 I ASH     : @ 32711.285: tcs3701: ADC is saturated, removed sample from FIFO.
09-01 18:58:44.833 21496 21975 I BatteryMgr:DataCollectionService: stats => 1693587524833,7629,4412
09-01 18:58:44.870   901  2806 I sensors-hal: [ssc_utils]get_qmi_debug_flag:244, support_qmi_debug : false
09-01 18:58:44.884   901  1000 W ASH     : @ 32711.338: Unhandled msg ID 999: line 1277
09-01 18:58:44.884   901  1000 E ASH     : @ 32711.338: No pb callback assigned
09-01 18:58:44.884   901  1000 E ASH     : @ 32711.338: Nanopb error: callback failed:1588
09-01 18:58:44.939 21496 21975 I BatteryMgr:DataCollectionService: stats => 1693587524938,7629,4412
09-01 18:58:44.956   901  2806 I sensors-hal: [ssc_utils]get_qmi_debug_flag:244, support_qmi_debug : false
09-01 18:58:44.965   901  1000 W ASH     : @ 32711.418: Unhandled msg ID 999: line 1277
09-01 18:58:44.965   901  1000 E ASH     : @ 32711.418: No pb callback assigned
09-01 18:58:44.965   901  1000 E ASH     : @ 32711.418: Nanopb error: callback failed:1588
09-01 18:58:45.021   901  1000 I ASH     : @ 32711.474: tcs3701: ADC is saturated, removed sample from FIFO.
09-01 18:58:45.045 21496 21975 I BatteryMgr:DataCollectionService: stats => 1693587525045,7629,4412
09-01 18:58:45.069   901  2806 I sensors-hal: [ssc_utils]get_qmi_debug_flag:244, support_qmi_debug : false
09-01 18:58:45.084   901  1000 W ASH     : @ 32711.538: Unhandled msg ID 999: line 1277
09-01 18:58:45.084   901  1000 E ASH     : @ 32711.538: No pb callback assigned
09-01 18:58:45.084   901  1000 E ASH     : @ 32711.538: Nanopb error: callback failed:1588
09-01 18:58:45.152 21496 21975 I BatteryMgr:DataCollectionService: stats => 1693587525152,7629,4412
09-01 18:58:45.258 21496 21975 I BatteryMgr:DataCollectionService: stats => 1693587525258,7629,4412
09-01 18:58:45.282   901  2806 I sensors-hal: [ssc_utils]get_qmi_debug_flag:244, support_qmi_debug : false
09-01 18:58:45.294   901  2806 I sensors-hal: [ssc_utils]get_qmi_debug_flag:244, support_qmi_debug : false
09-01 18:58:45.325   901  1000 W ASH     : @ 32711.778: Unhandled msg ID 999: line 1277
09-01 18:58:45.325   901  1000 E ASH     : @ 32711.778: No pb callback assigned
09-01 18:58:45.325   901  1000 E ASH     : @ 32711.778: Nanopb error: callback failed:1588
09-01 18:58:45.363   901  2806 I sensors-hal: [ssc_utils]get_qmi_debug_flag:244, support_qmi_debug : false
09-01 18:58:45.365 21496 21975 I BatteryMgr:DataCollectionService: stats => 1693587525365,7629,4412
09-01 18:58:45.405   901  1000 W ASH     : @ 32711.858: Unhandled msg ID 999: line 1277
09-01 18:58:45.405   901  1000 E ASH     : @ 32711.858: No pb callback assigned
09-01 18:58:45.405   901  1000 E ASH     : @ 32711.858: Nanopb error: callback failed:1588
09-01 18:58:45.423  1513  2000 D ConnectivityService: NetReassign [no changes]
09-01 18:58:45.432   901  1000 I ASH     : @ 32711.885: tcs3701: ADC is saturated, removed sample from FIFO.
09-01 18:58:45.467   901  2806 I sensors-hal: [ssc_utils]get_qmi_debug_flag:244, support_qmi_debug : false
09-01 18:58:45.470 21496 21975 I BatteryMgr:DataCollectionService: stats => 1693587525470,7629,4412
09-01 18:58:45.488   901  1000 W ASH     : @ 32711.941: Unhandled msg ID 999: line 1277
09-01 18:58:45.488   901  1000 E ASH     : @ 32711.941: No pb callback assigned
09-01 18:58:45.488   901  1000 E ASH     : @ 32711.941: Nanopb error: callback failed:1588
09-01 18:58:45.548   901  2806 I sensors-hal: [ssc_utils]get_qmi_debug_flag:244, support_qmi_debug : false
09-01 18:58:45.564   901  1000 W ASH     : @ 32712.018: Unhandled msg ID 999: line 1277
09-01 18:58:45.565   901  1000 E ASH     : @ 32712.018: No pb callback assigned
09-01 18:58:45.565   901  1000 E ASH     : @ 32712.018: Nanopb error: callback failed:1588
09-01 18:58:45.574 21496 21975 I BatteryMgr:DataCollectionService: stats => 1693587525574,7629,4412
09-01 18:58:45.621   901  1000 I ASH     : @ 32712.074: tcs3701: ADC is saturated, removed sample from FIFO.
09-01 18:58:45.669   901  2806 I sensors-hal: [ssc_utils]get_qmi_debug_flag:244, support_qmi_debug : false
09-01 18:58:45.678 21496 21975 I BatteryMgr:DataCollectionService: stats => 1693587525678,7629,4412
09-01 18:58:45.684   901  1000 W ASH     : @ 32712.138: Unhandled msg ID 999: line 1277
09-01 18:58:45.684   901  1000 E ASH     : @ 32712.138: No pb callback assigned
09-01 18:58:45.684   901  1000 E ASH     : @ 32712.138: Nanopb error: callback failed:1588
09-01 18:58:45.746   901  2806 I sensors-hal: [ssc_utils]get_qmi_debug_flag:244, support_qmi_debug : false
09-01 18:58:45.764   901  1000 W ASH     : @ 32712.218: Unhandled msg ID 999: line 1277
09-01 18:58:45.764   901  1000 E ASH     : @ 32712.218: No pb callback assigned
09-01 18:58:45.764   901  1000 E ASH     : @ 32712.218: Nanopb error: callback failed:1588
09-01 18:58:45.784 21496 21975 I BatteryMgr:DataCollectionService: stats => 1693587525784,7629,4412
09-01 18:58:45.810   901  1000 I ASH     : @ 32712.262: tcs3701: ADC is saturated, removed sample from FIFO.
09-01 18:58:45.869   901  2806 I sensors-hal: [ssc_utils]get_qmi_debug_flag:244, support_qmi_debug : false
09-01 18:58:45.870   594 28441 I SDM     : HWDeviceDRM::UpdateMixerAttributes: Mixer WxH 1080x2340-1 for Peripheral
09-01 18:58:45.870   594 28441 I SDM     : DisplayBase::SetActiveConfig: Active configuration changed to: 0
09-01 18:58:45.870   594 28441 I SDM     : StrategyImpl::SetIdleTimeoutMs: Idle timeout set to zero for command mode panels
09-01 18:58:45.882   901  2806 I sensors-hal: [ssc_utils]get_qmi_debug_flag:244, support_qmi_debug : false
09-01 18:58:45.884   901  1000 W ASH     : @ 32712.338: Unhandled msg ID 999: line 1277
09-01 18:58:45.884   901  1000 E ASH     : @ 32712.338: No pb callback assigned
09-01 18:58:45.884   901  1000 E ASH     : @ 32712.338: Nanopb error: callback failed:1588
09-01 18:58:45.888 21496 21975 I BatteryMgr:DataCollectionService: stats => 1693587525888,7629,4412
09-01 18:58:45.892   594 28441 I SDM     : HWDeviceDRM::UpdateMixerAttributes: Mixer WxH 1080x2340-1 for Peripheral
09-01 18:58:45.892   594 28441 I SDM     : DisplayBase::SetActiveConfig: Active configuration changed to: 1
09-01 18:58:45.892  1513  1572 I DisplayManagerService: Display device changed: DisplayDeviceInfo{"Built-in Screen": uniqueId="local:19260504575090817", 1080 x 2340, modeId 2, defaultModeId 2, supportedModes [{id=1, width=1080, height=2340, fps=90.0}, {id=2, width=1080, height=2340, fps=60.000004}], colorMode 0, supportedColorModes [0, 7, 9], HdrCapabilities HdrCapabilities{mSupportedHdrTypes=[2, 3, 4], mMaxLuminance=500.0, mMaxAverageLuminance=500.0, mMinLuminance=0.0}, allmSupported false, gameContentTypeSupported false, density 440, 435.428 x 433.839 dpi, appVsyncOff 2333332, presDeadline 11500000, cutout DisplayCutout{insets=Rect(0, 136 - 0, 0) waterfall=Insets{left=0, top=0, right=0, bottom=0} boundingRect={Bounds=[Rect(0, 0 - 0, 0), Rect(0, 0 - 136, 136), Rect(0, 0 - 0, 0), Rect(0, 0 - 0, 0)]}}, touch INTERNAL, rotation 0, type INTERNAL, address {port=129, model=0x446d53ad64a0}, deviceProductInfo DeviceProductInfo{name=, manufacturerPnpId=QCM, productId=1, modelYear=null, manufactureDate=ManufactureDate{week=27, year=2006}, relativeAddress=null}, state ON, FLAG_DEFAULT_DISPLAY, FLAG_ROTATES_WITH_CONTENT, FLAG_SECURE, FLAG_SUPPORTS_PROTECTED_BUFFERS}
09-01 18:58:45.892   594 28441 I SDM     : StrategyImpl::SetIdleTimeoutMs: Idle timeout set to zero for command mode panels
09-01 18:58:45.901   901  2806 I sensors-hal: [ssc_utils]get_qmi_debug_flag:244, support_qmi_debug : false
09-01 18:58:45.914  1513  1572 I DisplayManagerService: Display device changed: DisplayDeviceInfo{"Built-in Screen": uniqueId="local:19260504575090817", 1080 x 2340, modeId 1, defaultModeId 2, supportedModes [{id=1, width=1080, height=2340, fps=90.0}, {id=2, width=1080, height=2340, fps=60.000004}], colorMode 0, supportedColorModes [0, 7, 9], HdrCapabilities HdrCapabilities{mSupportedHdrTypes=[2, 3, 4], mMaxLuminance=500.0, mMaxAverageLuminance=500.0, mMinLuminance=0.0}, allmSupported false, gameContentTypeSupported false, density 440, 435.428 x 433.839 dpi, appVsyncOff 2333333, presDeadline 11500000, cutout DisplayCutout{insets=Rect(0, 136 - 0, 0) waterfall=Insets{left=0, top=0, right=0, bottom=0} boundingRect={Bounds=[Rect(0, 0 - 0, 0), Rect(0, 0 - 136, 136), Rect(0, 0 - 0, 0), Rect(0, 0 - 0, 0)]}}, touch INTERNAL, rotation 0, type INTERNAL, address {port=129, model=0x446d53ad64a0}, deviceProductInfo DeviceProductInfo{name=, manufacturerPnpId=QCM, productId=1, modelYear=null, manufactureDate=ManufactureDate{week=27, year=2006}, relativeAddress=null}, state ON, FLAG_DEFAULT_DISPLAY, FLAG_ROTATES_WITH_CONTENT, FLAG_SECURE, FLAG_SUPPORTS_PROTECTED_BUFFERS}
09-01 18:58:45.924   901  1000 W ASH     : @ 32712.378: Unhandled msg ID 999: line 1277
09-01 18:58:45.924   901  1000 E ASH     : @ 32712.378: No pb callback assigned
09-01 18:58:45.924   901  1000 E ASH     : @ 32712.378: Nanopb error: callback failed:1588
09-01 18:58:45.994 21496 21975 I BatteryMgr:DataCollectionService: stats => 1693587525994,7629,4412
09-01 18:58:46.015   901  2806 I sensors-hal: [ssc_utils]get_qmi_debug_flag:244, support_qmi_debug : false
09-01 18:58:46.045   901  1000 W ASH     : @ 32712.498: Unhandled msg ID 999: line 1277
09-01 18:58:46.045   901  1000 E ASH     : @ 32712.498: No pb callback assigned
09-01 18:58:46.045   901  1000 E ASH     : @ 32712.498: Nanopb error: callback failed:1588
09-01 18:58:46.069   901  2806 I sensors-hal: [ssc_utils]get_qmi_debug_flag:244, support_qmi_debug : false
09-01 18:58:46.084   901  1000 W ASH     : @ 32712.538: Unhandled msg ID 999: line 1277
09-01 18:58:46.084   901  1000 E ASH     : @ 32712.538: No pb callback assigned
09-01 18:58:46.084   901  1000 E ASH     : @ 32712.538: Nanopb error: callback failed:1588
09-01 18:58:46.087   901  1000 I ASH     : @ 32712.540: tcs3701: ADC is saturated, removed sample from FIFO.
09-01 18:58:46.097 21496 21975 I BatteryMgr:DataCollectionService: stats => 1693587526097,7629,4412
09-01 18:58:46.140   901  1000 D VSC     : @ 32712.593: [WO] tilt angle 89
09-01 18:58:46.146   901  2806 I sensors-hal: [ssc_utils]get_qmi_debug_flag:244, support_qmi_debug : false
09-01 18:58:46.164   901  1000 W ASH     : @ 32712.618: Unhandled msg ID 999: line 1277
09-01 18:58:46.164   901  1000 E ASH     : @ 32712.618: No pb callback assigned
09-01 18:58:46.164   901  1000 E ASH     : @ 32712.618: Nanopb error: callback failed:1588
09-01 18:58:46.204 21496 21975 I BatteryMgr:DataCollectionService: stats => 1693587526204,7629,4412
09-01 18:58:46.209   901  1000 I ASH     : @ 32712.663: tcs3701: ADC is saturated, removed sample from FIFO.
09-01 18:58:46.269   901  2806 I sensors-hal: [ssc_utils]get_qmi_debug_flag:244, support_qmi_debug : false
09-01 18:58:46.284   901  1000 W ASH     : @ 32712.738: Unhandled msg ID 999: line 1277
09-01 18:58:46.284   901  1000 E ASH     : @ 32712.738: No pb callback assigned
09-01 18:58:46.284   901  1000 E ASH     : @ 32712.738: Nanopb error: callback failed:1588
09-01 18:58:46.308 21496 21975 I BatteryMgr:DataCollectionService: stats => 1693587526308,7629,4412
09-01 18:58:46.352   901  2806 I sensors-hal: [ssc_utils]get_qmi_debug_flag:244, support_qmi_debug : false
09-01 18:58:46.365   901  1000 W ASH     : @ 32712.818: Unhandled msg ID 999: line 1277
09-01 18:58:46.365   901  1000 E ASH     : @ 32712.818: No pb callback assigned
09-01 18:58:46.365   901  1000 E ASH     : @ 32712.818: Nanopb error: callback failed:1588
09-01 18:58:46.412 21496 21975 I BatteryMgr:DataCollectionService: stats => 1693587526412,7629,4412
09-01 18:58:46.469   901  2806 I sensors-hal: [ssc_utils]get_qmi_debug_flag:244, support_qmi_debug : false
09-01 18:58:46.469   594 28441 I SDM     : HWDeviceDRM::UpdateMixerAttributes: Mixer WxH 1080x2340-1 for Peripheral
09-01 18:58:46.469   594 28441 I SDM     : DisplayBase::SetActiveConfig: Active configuration changed to: 0
09-01 18:58:46.470   594 28441 I SDM     : StrategyImpl::SetIdleTimeoutMs: Idle timeout set to zero for command mode panels
09-01 18:58:46.483   901  2806 I sensors-hal: [ssc_utils]get_qmi_debug_flag:244, support_qmi_debug : false
09-01 18:58:46.484   901  1000 W ASH     : @ 32712.938: Unhandled msg ID 999: line 1277
09-01 18:58:46.484   901  1000 E ASH     : @ 32712.938: No pb callback assigned
09-01 18:58:46.484   901  1000 E ASH     : @ 32712.938: Nanopb error: callback failed:1588
09-01 18:58:46.491  1513  1572 I DisplayManagerService: Display device changed: DisplayDeviceInfo{"Built-in Screen": uniqueId="local:19260504575090817", 1080 x 2340, modeId 2, defaultModeId 2, supportedModes [{id=1, width=1080, height=2340, fps=90.0}, {id=2, width=1080, height=2340, fps=60.000004}], colorMode 0, supportedColorModes [0, 7, 9], HdrCapabilities HdrCapabilities{mSupportedHdrTypes=[2, 3, 4], mMaxLuminance=500.0, mMaxAverageLuminance=500.0, mMinLuminance=0.0}, allmSupported false, gameContentTypeSupported false, density 440, 435.428 x 433.839 dpi, appVsyncOff 2333332, presDeadline 11500000, cutout DisplayCutout{insets=Rect(0, 136 - 0, 0) waterfall=Insets{left=0, top=0, right=0, bottom=0} boundingRect={Bounds=[Rect(0, 0 - 0, 0), Rect(0, 0 - 136, 136), Rect(0, 0 - 0, 0), Rect(0, 0 - 0, 0)]}}, touch INTERNAL, rotation 0, type INTERNAL, address {port=129, model=0x446d53ad64a0}, deviceProductInfo DeviceProductInfo{name=, manufacturerPnpId=QCM, productId=1, modelYear=null, manufactureDate=ManufactureDate{week=27, year=2006}, relativeAddress=null}, state ON, FLAG_DEFAULT_DISPLAY, FLAG_ROTATES_WITH_CONTENT, FLAG_SECURE, FLAG_SUPPORTS_PROTECTED_BUFFERS}
09-01 18:58:46.494   594 28441 I SDM     : StrategyImpl::SetIdleTimeoutMs: Idle timeout set to zero for command mode panels
09-01 18:58:46.515 21496 21975 I BatteryMgr:DataCollectionService: stats => 1693587526515,7629,4412
09-01 18:58:46.524   901  1000 W ASH     : @ 32712.978: Unhandled msg ID 999: line 1277
09-01 18:58:46.524   901  1000 E ASH     : @ 32712.978: No pb callback assigned
09-01 18:58:46.524   901  1000 E ASH     : @ 32712.978: Nanopb error: callback failed:1588
09-01 18:58:46.556 22185 22187 I cmd     : oneway function results will be dropped but finished with status OK and parcel size 4
09-01 18:58:46.780  1513  2180 I ActivityManager: Force stopping com.opera.browser appid=10261 user=0: from pid 22205
09-01 18:58:46.781  1513  2180 I ActivityManager: Killing 21749:com.opera.browser:privileged_process0/u0a261 (adj 0): stop com.opera.browser due to from pid 22205
09-01 18:58:46.782  1513  2180 I ActivityManager: Killing 21555:com.opera.browser/u0a261 (adj 0): stop com.opera.browser due to from pid 22205
09-01 18:58:46.786  7733  7733 D BoundBrokerSvc: onUnbind: Intent { act=com.google.android.gms.measurement.START pkg=com.google.android.gms }
09-01 18:58:46.787 21847 21847 I dboxed_process: System.exit called, status: 0
09-01 18:58:46.787 21847 21847 I AndroidRuntime: VM exiting with result code 0, cleanup skipped.
09-01 18:58:46.788  1513  2180 W ActivityTaskManager: Force removing ActivityRecord{b498b7f u0 com.opera.browser/com.opera.Opera t1408 f}}: app died, no saved state
09-01 18:58:46.789 22021 22021 I dboxed_process: System.exit called, status: 0
09-01 18:58:46.789 22021 22021 I AndroidRuntime: VM exiting with result code 0, cleanup skipped.
09-01 18:58:46.802   779   779 I Zygote  : Process 21749 exited due to signal 9 (Killed)
09-01 18:58:46.807  1513  3241 D ConnectivityService: ConnectivityService NetworkRequestInfo binderDied(NetworkRequest [ LISTEN id=1467, [ Capabilities: INTERNET&NOT_RESTRICTED&TRUSTED&FOREGROUND Uid: 10261 AdministratorUids: [] RequestorUid: 10261 RequestorPackageName: com.opera.browser] ], android.os.BinderProxy@c0a97f)
09-01 18:58:46.809   779   779 I Zygote  : Process 21555 exited due to signal 9 (Killed)
09-01 18:58:46.810  1513  3241 D ConnectivityService: ConnectivityService NetworkRequestInfo binderDied(NetworkRequest [ TRACK_DEFAULT id=1466, [ Capabilities: INTERNET&NOT_RESTRICTED&TRUSTED Uid: 10261 AdministratorUids: [] RequestorUid: 10261 RequestorPackageName: com.opera.browser] ], android.os.BinderProxy@ce70d4c)
09-01 18:58:46.810  1513  2172 D ConnectivityService: ConnectivityService NetworkRequestInfo binderDied(NetworkRequest [ TRACK_DEFAULT id=1468, [ Capabilities: INTERNET&NOT_RESTRICTED&TRUSTED Uid: 10261 AdministratorUids: [] RequestorUid: 10261 RequestorPackageName: com.opera.browser] ], android.os.BinderProxy@9360195)
09-01 18:58:46.811  1513  2000 D ConnectivityService: releasing NetworkRequest [ TRACK_DEFAULT id=1466, [ Capabilities: INTERNET&NOT_RESTRICTED&TRUSTED Uid: 10261 AdministratorUids: [] RequestorUid: 10261 RequestorPackageName: com.opera.browser] ] (release request)
09-01 18:58:46.811  1513  2000 D ConnectivityService: releasing NetworkRequest [ TRACK_DEFAULT id=1468, [ Capabilities: INTERNET&NOT_RESTRICTED&TRUSTED Uid: 10261 AdministratorUids: [] RequestorUid: 10261 RequestorPackageName: com.opera.browser] ] (release request)
09-01 18:58:46.812   594 28441 I SDM     : HWDeviceDRM::UpdateMixerAttributes: Mixer WxH 1080x2340-1 for Peripheral
09-01 18:58:46.812   594 28441 I SDM     : DisplayBase::SetActiveConfig: Active configuration changed to: 1
09-01 18:58:46.812   594 28441 I SDM     : StrategyImpl::SetIdleTimeoutMs: Idle timeout set to zero for command mode panels
09-01 18:58:46.812  1513  8503 D AutofillSession: handling death of Token{450449e ActivityRecord{b498b7f u0 com.opera.browser/com.opera.Opera t-1 f}}} when saving=false
09-01 18:58:46.813  1513  7910 D ConnectivityService: ConnectivityService NetworkRequestInfo binderDied(NetworkRequest [ LISTEN id=1469, [ Capabilities: INTERNET&NOT_RESTRICTED&TRUSTED&FOREGROUND Uid: 10261 AdministratorUids: [] RequestorUid: 10261 RequestorPackageName: com.opera.browser] ], android.os.BinderProxy@eb842aa)
09-01 18:58:46.816  1513  2180 I ActivityManager: Killing 21847:com.opera.browser:sandboxed_process0/u0a261 (adj 0): stop com.opera.browser due to from pid 22205
09-01 18:58:46.817   901  2806 I sensors-hal: [ssc_utils]get_qmi_debug_flag:244, support_qmi_debug : false
09-01 18:58:46.820  1513  2180 I ActivityManager: Killing 22021:com.opera.browser:sandboxed_process1/u0a261 (adj 0): stop com.opera.browser due to from pid 22205
09-01 18:58:46.825 22205 22207 I cmd     : oneway function results will be dropped but finished with status OK and parcel size 4
09-01 18:58:46.826  1513  1640 I libprocessgroup: Successfully killed process cgroup uid 10261 pid 21749 in 44ms
09-01 18:58:46.826  1513  1640 I libprocessgroup: Successfully killed process cgroup uid 10261 pid 21555 in 0ms
09-01 18:58:46.826  2474  2474 E PhoneInterfaceManager: [PhoneIntfMgr] getCarrierPackageNamesForIntentAndPhone: No UICC
09-01 18:58:46.826  2474  2474 D CarrierSvcBindHelper: No carrier app for: 0
09-01 18:58:46.827  1513  2263 W ActivityManager: Unbind failed: could not find connection for android.os.BinderProxy@2c535c7
09-01 18:58:46.831  1513  1572 W DisplayManagerService: Failed to notify process 21847 that displays changed, assuming it died.
09-01 18:58:46.831  1513  1572 W DisplayManagerService: android.os.DeadObjectException
09-01 18:58:46.831  1513  1572 W DisplayManagerService: 	at android.os.BinderProxy.transactNative(Native Method)
09-01 18:58:46.831  1513  1572 W DisplayManagerService: 	at android.os.BinderProxy.transact(BinderProxy.java:550)
09-01 18:58:46.831  1513  1572 W DisplayManagerService: 	at android.hardware.display.IDisplayManagerCallback$Stub$Proxy.onDisplayEvent(IDisplayManagerCallback.java:115)
09-01 18:58:46.831  1513  1572 W DisplayManagerService: 	at com.android.server.display.DisplayManagerService$CallbackRecord.notifyDisplayEventAsync(DisplayManagerService.java:1909)
09-01 18:58:46.831  1513  1572 W DisplayManagerService: 	at com.android.server.display.DisplayManagerService.deliverDisplayEvent(DisplayManagerService.java:1668)
09-01 18:58:46.831  1513  1572 W DisplayManagerService: 	at com.android.server.display.DisplayManagerService.access$700(DisplayManagerService.java:163)
09-01 18:58:46.831  1513  1572 W DisplayManagerService: 	at com.android.server.display.DisplayManagerService$DisplayManagerHandler.handleMessage(DisplayManagerService.java:1831)
09-01 18:58:46.831  1513  1572 W DisplayManagerService: 	at android.os.Handler.dispatchMessage(Handler.java:106)
09-01 18:58:46.831  1513  1572 W DisplayManagerService: 	at android.os.Looper.loop(Looper.java:223)
09-01 18:58:46.831  1513  1572 W DisplayManagerService: 	at android.os.HandlerThread.run(HandlerThread.java:67)
09-01 18:58:46.831  1513  1572 W DisplayManagerService: 	at com.android.server.ServiceThread.run(ServiceThread.java:44)
09-01 18:58:46.832   779   779 I Zygote  : Process 21847 exited cleanly (0)
09-01 18:58:46.833  1513  1572 W ActivityManager: setHasOverlayUi called on unknown pid: 21555
09-01 18:58:46.833  1513  1572 I DisplayManagerService: Display device changed: DisplayDeviceInfo{"Built-in Screen": uniqueId="local:19260504575090817", 1080 x 2340, modeId 1, defaultModeId 2, supportedModes [{id=1, width=1080, height=2340, fps=90.0}, {id=2, width=1080, height=2340, fps=60.000004}], colorMode 0, supportedColorModes [0, 7, 9], HdrCapabilities HdrCapabilities{mSupportedHdrTypes=[2, 3, 4], mMaxLuminance=500.0, mMaxAverageLuminance=500.0, mMinLuminance=0.0}, allmSupported false, gameContentTypeSupported false, density 440, 435.428 x 433.839 dpi, appVsyncOff 2333333, presDeadline 11500000, cutout DisplayCutout{insets=Rect(0, 136 - 0, 0) waterfall=Insets{left=0, top=0, right=0, bottom=0} boundingRect={Bounds=[Rect(0, 0 - 0, 0), Rect(0, 0 - 136, 136), Rect(0, 0 - 0, 0), Rect(0, 0 - 0, 0)]}}, touch INTERNAL, rotation 0, type INTERNAL, address {port=129, model=0x446d53ad64a0}, deviceProductInfo DeviceProductInfo{name=, manufacturerPnpId=QCM, productId=1, modelYear=null, manufactureDate=ManufactureDate{week=27, year=2006}, relativeAddress=null}, state ON, FLAG_DEFAULT_DISPLAY, FLAG_ROTATES_WITH_CONTENT, FLAG_SECURE, FLAG_SUPPORTS_PROTECTED_BUFFERS}
09-01 18:58:46.836  8777 22216 I EuiccGoogle: [5946] EuiccServiceImpl.onGetEuiccProfileInfoList: onGetEuiccProfileInfoList: slotId = -1
09-01 18:58:46.840  8777 22216 W EuiccGoogle: [5946] EuiccServiceImpl.onGetEuiccProfileInfoList: slotId=-1. No eUICC is active. Return null.
09-01 18:58:46.844   901  1000 W ASH     : @ 32713.298: Unhandled msg ID 999: line 1277
09-01 18:58:46.844   901  1000 E ASH     : @ 32713.298: No pb callback assigned
09-01 18:58:46.844   901  1000 E ASH     : @ 32713.298: Nanopb error: callback failed:1588
09-01 18:58:46.845  3135  3135 D RegisteredNfcFServicesCache: Service unchanged, not updating
09-01 18:58:46.849   779   779 I Zygote  : Process 22021 exited cleanly (0)
09-01 18:58:46.850  1513  1572 W DisplayManagerService: Failed to notify process 22021 that displays changed, assuming it died.
09-01 18:58:46.850  1513  1572 W DisplayManagerService: android.os.DeadObjectException
09-01 18:58:46.850  1513  1572 W DisplayManagerService: 	at android.os.BinderProxy.transactNative(Native Method)
09-01 18:58:46.850  1513  1572 W DisplayManagerService: 	at android.os.BinderProxy.transact(BinderProxy.java:550)
09-01 18:58:46.850  1513  1572 W DisplayManagerService: 	at android.hardware.display.IDisplayManagerCallback$Stub$Proxy.onDisplayEvent(IDisplayManagerCallback.java:115)
09-01 18:58:46.850  1513  1572 W DisplayManagerService: 	at com.android.server.display.DisplayManagerService$CallbackRecord.notifyDisplayEventAsync(DisplayManagerService.java:1909)
09-01 18:58:46.850  1513  1572 W DisplayManagerService: 	at com.android.server.display.DisplayManagerService.deliverDisplayEvent(DisplayManagerService.java:1668)
09-01 18:58:46.850  1513  1572 W DisplayManagerService: 	at com.android.server.display.DisplayManagerService.access$700(DisplayManagerService.java:163)
09-01 18:58:46.850  1513  1572 W DisplayManagerService: 	at com.android.server.display.DisplayManagerService$DisplayManagerHandler.handleMessage(DisplayManagerService.java:1831)
09-01 18:58:46.850  1513  1572 W DisplayManagerService: 	at android.os.Handler.dispatchMessage(Handler.java:106)
09-01 18:58:46.850  1513  1572 W DisplayManagerService: 	at android.os.Looper.loop(Looper.java:223)
09-01 18:58:46.850  1513  1572 W DisplayManagerService: 	at android.os.HandlerThread.run(HandlerThread.java:67)
09-01 18:58:46.850  1513  1572 W DisplayManagerService: 	at com.android.server.ServiceThread.run(ServiceThread.java:44)
09-01 18:58:46.851  3088  3660 I AssistantForeground: (REDACTED) Get launcher package: %s
09-01 18:58:46.852  1513  1640 I libprocessgroup: Successfully killed process cgroup uid 10261 pid 21847 in 25ms
09-01 18:58:46.852  1513  1640 I libprocessgroup: Successfully killed process cgroup uid 10261 pid 22021 in 0ms
09-01 18:58:46.879  2858  2858 I GoogleInputMethodService: GoogleInputMethodService.onFinishInput():3280 
09-01 18:58:46.880  2858  2858 I GoogleInputMethodService: GoogleInputMethodService.updateDeviceLockedStatus():2169 repeatCheckTimes = 0, unlocked = true
09-01 18:58:46.880  2858  2858 I GoogleInputMethodService: GoogleInputMethodService.onStartInput():1960 onStartInput(EditorInfo{inputType=0x0(NULL) imeOptions=0x0 privateImeOptions=null actionName=UNSPECIFIED actionLabel=null actionId=0 initialSelStart=-1 initialSelEnd=-1 initialCapsMode=0x0 hintText=null label=null packageName=com.example.batterymanager_utility fieldId=-1 fieldName=null extras=null}, false)
09-01 18:58:46.880  2858  2858 I GoogleInputMethodService: GoogleInputMethodService.shouldHideHeaderOnInitialState():4081 ShouldHideHeaderOnInitialState = false
09-01 18:58:46.881  2858  2858 I GoogleInputMethodService: GoogleInputMethodService.updateDeviceLockedStatus():2169 repeatCheckTimes = 2, unlocked = true
09-01 18:58:47.196  2410  2410 D DeviceStatisticsService: chargerType=2 batteryLevel=100 totalBatteryCapacity=4169000
09-01 18:58:47.196  2410  2410 D DeviceInfoHidlClient: isPowerInfoNeverSent()=true
09-01 18:58:47.196  2410  2410 D DeviceInfoHidlClient: getPowerInfoSupportStatus()=-1
09-01 18:58:47.196  2062  2721 D PowerUI : can't show warning due to - plugged: true status unknown: false
09-01 18:58:47.372   901  2806 I sensors-hal: [ssc_utils]get_qmi_debug_flag:244, support_qmi_debug : false
09-01 18:58:47.384   901  1000 W ASH     : @ 32713.837: Unhandled msg ID 999: line 1277
09-01 18:58:47.384   901  1000 E ASH     : @ 32713.837: No pb callback assigned
09-01 18:58:47.384   901  1000 E ASH     : @ 32713.837: Nanopb error: callback failed:1588
09-01 18:58:48.138   901  1000 D VSC     : @ 32714.591: [WO] tilt angle 89
09-01 18:58:48.449  1513  2000 D ConnectivityService: NetReassign [no changes]
09-01 18:58:49.959  1513  3245 I ActivityManager: Force stopping com.example.batterymanager_utility appid=10260 user=0: from pid 22226
09-01 18:58:49.960  1513  3245 I ActivityManager: Killing 21496:com.example.batterymanager_utility/u0a260 (adj 0): stop com.example.batterymanager_utility due to from pid 22226
09-01 18:58:49.961  1513  3245 W ActivityTaskManager: Force removing ActivityRecord{850dc73 u0 com.example.batterymanager_utility/.MainActivity t1407 f}}: app died, no saved state
09-01 18:58:49.967   901  2806 I sensors-hal: [ssc_utils]get_qmi_debug_flag:244, support_qmi_debug : false
09-01 18:58:49.972   778   778 I Zygote  : Process 21496 exited due to signal 9 (Killed)
09-01 18:58:49.984   901  1000 W ASH     : @ 32716.437: Unhandled msg ID 999: line 1277
09-01 18:58:49.984   901  1000 E ASH     : @ 32716.437: No pb callback assigned
09-01 18:58:49.984   901  1000 E ASH     : @ 32716.437: Nanopb error: callback failed:1588
09-01 18:58:49.984  1513  4618 W WindowManager: Failed looking up window session=Session{9ab1d9a 21496:u0a10260} callers=com.android.server.wm.WindowManagerService.windowForClientLocked:5435 com.android.server.wm.WindowState$DeathRecipient.binderDied:2817 android.os.IBinder$DeathRecipient.binderDied:305 
09-01 18:58:49.984  1513  4618 I WindowManager: WIN DEATH: null
09-01 18:58:50.000  3088  3653 I AssistantForeground: (REDACTED) Get launcher package: %s
09-01 18:58:50.006  2474  2474 E PhoneInterfaceManager: [PhoneIntfMgr] getCarrierPackageNamesForIntentAndPhone: No UICC
09-01 18:58:50.006  2474  2474 D CarrierSvcBindHelper: No carrier app for: 0
09-01 18:58:50.008  1513  1640 I libprocessgroup: Successfully killed process cgroup uid 10260 pid 21496 in 43ms
09-01 18:58:50.009  3088  3088 I GsaVoiceInteractionSrv: Handling ACTION_START_HOTWORD
09-01 18:58:50.010  3088  3620 I GsaVoiceInteractionSrv: (REDACTED) disregardVoiceMatch: %b
09-01 18:58:50.010  3088  3620 I GsaVoiceInteractionSrv: Cannot start hotword, hotword has been explicitly disabled.
