--------- beginning of main
09-02 16:24:11.156 14031 14031 E adbd    : recv: OPEN 00023013 00000000 0095:73 68 65 6C 6C 2C 76 32 2C 54 45 52 4D 3D 78 74 65 72 6D 2D 32 35 36 63 6F 6C 6F 72 2C 72 61 77 3A 61 6D 20 73 74 61 72 74 20 2D 53 20 2D 61 20 61 6E 64 72 6F 69 64 2E 69 6E 74 65 6E 74 2E 61 63 74 69 6F 6E 2E 56 49 45 57 20 2D 6E 20 6F 72 67 2E 6D 6F 7A 69 6C 6C 61 2E 66 69 72 65 66 6F 78 2F 6F 72 67 2E 6D 6F 7A 69 6C 6C 61 2E 67 65 63 6B 6F 2E 42 72 6F 77 73 65 72 41 70 70 20 2D 2D 61 63 74 69 76 69 74 79 2D 63 6C 65 61 72 2D 74 61 73 6B 00 
09-02 16:24:11.156 14031 14031 E adbd    : service_to_fd: shell,v2,TERM=xterm-256color,raw:am start -S -a android.intent.action.VIEW -n org.mozilla.firefox/org.mozilla.gecko.BrowserApp --activity-clear-task
--------- beginning of system
09-02 16:24:11.229  3979  5966 I ActivityManager: Force stopping org.mozilla.firefox appid=10154 user=0: from pid 11503
09-02 16:24:11.235  3979  3979 D SamsungAlarmManager: Remove alarm for next reason : android.intent.action.PACKAGE_RESTARTED : package: org.mozilla.firefox
09-02 16:24:11.240  3979  3995 W BroadcastQueue: Background execution not allowed: receiving Intent { act=android.intent.action.PACKAGE_RESTARTED dat=package:org.mozilla.firefox flg=0x10 (has extras) } to android/com.kddi.android.CpaNotiReceiver
09-02 16:24:11.240  4633  4633 D CarrierSvcBindHelper: No carrier app for: 0
09-02 16:24:11.241  3979  3995 W BroadcastQueue: Background execution not allowed: receiving Intent { act=android.intent.action.PACKAGE_RESTARTED dat=package:org.mozilla.firefox flg=0x10 (has extras) } to com.sec.android.daemonapp/com.samsung.android.weather.daemon.receiver.ClearDataReceiver
09-02 16:24:11.241  4633  4633 D CarrierSvcBindHelper: No carrier app for: 1
09-02 16:24:11.494  3979  5966 I ActivityManager: START u0 {act=android.intent.action.VIEW typ=null flg=0x10008000 cmp=ComponentInfo{org.mozilla.firefox/org.mozilla.gecko.BrowserApp}} from uid 2000
09-02 16:24:11.511  3979  5966 D CustomFrequencyManagerService: acquireDVFSLockLocked : type : DVFS_MIN_LIMIT  frequency : 1560000  uid : 1000  pid : 3979  pkgName : AMS_APP_SWITCH@CPU_MIN@23
09-02 16:24:11.513  3979  5966 D ActivityManagerPerformance: AMP_acquire() APP_SWITCH
09-02 16:24:11.514  3979  5035 D ActivityManagerPerformance: Received MSG_CFMS_HINT_AMS_SWITCH pkgName: org.mozilla.firefox
09-02 16:24:11.523  3979  5976 D ActivityManager: isScaleDownAnimationEnabled() : false
09-02 16:24:11.524  3979  5976 D StorageManagerService: getExternalStorageMountMode : 1
09-02 16:24:11.524  3979  5976 D StorageManagerService: getExternalStorageMountMode : 3
09-02 16:24:11.525  3979  5976 D StorageManagerService: getExternalStorageMountMode : final mountMode=1, uid : 10154, packageName : org.mozilla.firefox
09-02 16:24:11.525  3979  5976 I ApplicationPolicy: isApplicationExternalStorageWhitelisted:org.mozilla.firefox user:0
09-02 16:24:11.525  3979  5976 D ApplicationPolicy: isApplicationExternalStorageWhitelisted: DO is not enabled on user 0. Allowed.
09-02 16:24:11.525  3979  5976 D ActivityManager: package  org.mozilla.firefox, user - 0 is SDcard whitelisted
09-02 16:24:11.525  3979  5976 I ApplicationPolicy: isApplicationExternalStorageBlacklisted:org.mozilla.firefox user:0
09-02 16:24:11.525  3979  5976 D ApplicationPolicy: isApplicationExternalStorageBlacklisted: DO is not enabled on user 0. Allowed.
09-02 16:24:11.536  3979  5976 I ActivityManager: Start proc 11505:org.mozilla.firefox/u0a154 for activity org.mozilla.firefox/org.mozilla.gecko.BrowserApp
09-02 16:24:11.537 11505 11505 E Zygote  : isWhitelistProcess - Process is Whitelisted
09-02 16:24:11.537 11505 11505 E libpersona: scanKnoxPersonas
09-02 16:24:11.537 11505 11505 E libpersona: Couldn't open the File - /data/system/users/0/personalist.xml - No such file or directory
09-02 16:24:11.539 11505 11505 W SELinux : SELinux selinux_android_compute_policy_index : Policy Index[2],  Con:u:r:zygote:s0 RAM:SEPF_SM-J720F_8.0.0_0017, [-1 -1 -1 -1 0 1]
09-02 16:24:11.540 11505 11505 I SELinux : SELinux: seapp_context_lookup: seinfo=untrusted, level=s0:c512,c768, pkgname=org.mozilla.firefox 
09-02 16:24:11.556 11505 11505 D TimaKeyStoreProvider: TimaKeyStore is not enabled: cannot add TimaSignature Service and generateKeyPair Service
09-02 16:24:11.557 11505 11505 D ActivityThread: Added TimaKeyStore provider
09-02 16:24:11.558  3979  5976 I ActivityManager: DSS on for org.mozilla.firefox and scale is 1.0
09-02 16:24:11.567  3979  5976 D PersonaManagerService: Current focused persona service handled id set to : 0
09-02 16:24:11.568  3979  5976 D InputDispatcher: Focused application set to: xxxx
09-02 16:24:11.568  3979  5976 D InputDispatcher: Focus left window: 11462
09-02 16:24:11.570  3979  4238 D GameManagerService: handleForegroundChange(). pkgName: org.mozilla.firefox, clsName: org.mozilla.fenix.IntentReceiverActivity,FgActivityName:org.mozilla.firefox/org.mozilla.fenix.IntentReceiverActivity
09-02 16:24:11.570  3979  5976 D MARsPolicyManager: onPackageResumedFG pkgName = org.mozilla.firefox, userId = 0
09-02 16:24:11.570  3979  4238 D GameManagerService: sem_perfomance_mode: 3
09-02 16:24:11.570  3979  4238 D GameManagerService: notifyResumePause(). pkg: org.mozilla.firefox, type: 4, isMinimized: false, isTunableApp: false
09-02 16:24:11.570  3979  4238 D GameManagerService:   notifyResumePause(). unexpected mPrevNotiType: -1
09-02 16:24:11.570 11462 11462 D ViewRootImpl@110cd72[MainActivity]: MSG_WINDOW_FOCUS_CHANGED 0
09-02 16:24:11.573  3979  6899 D GamePkgDataHelper: getGamePkgDataIncServer(). org.mozilla.firefox
09-02 16:24:11.574  3979  6899 D GameManagerService: identifyGamePackage. org.mozilla.firefox
09-02 16:24:11.574  3979  6899 D GamePkgDataHelper: getGamePkgData(). org.mozilla.firefox
09-02 16:24:11.575  3979  6899 D GameManagerService: identifyGamePackage. org.mozilla.firefox
09-02 16:24:11.575  3979  6899 D GamePkgDataHelper: getGamePkgData(). org.mozilla.firefox
09-02 16:24:11.575  3979  6899 D GamePkgDataHelper: getSosPolicy(). org.mozilla.firefox
09-02 16:24:11.577  3979  6899 D GameManagerService: identifyGamePackage. org.mozilla.firefox
09-02 16:24:11.577  3979  6899 D GamePkgDataHelper: getGamePkgData(). org.mozilla.firefox
09-02 16:24:11.579  3979  6899 D GameManagerService: identifyGamePackage. org.mozilla.firefox
09-02 16:24:11.579  3979  6899 D GamePkgDataHelper: getGamePkgData(). org.mozilla.firefox
09-02 16:24:11.583 11505 11505 I zygote64: no shared libraies, dex_files: 1
09-02 16:24:11.617 11505 11505 I FirebaseApp: Device unlocked: initializing all Firebase APIs for app [DEFAULT]
09-02 16:24:11.638 11505 11505 I FirebaseInitProvider: FirebaseApp initialization successful
09-02 16:24:11.644  4349  4372 D SystemServicesProxy: updateOverviewLastStackActiveTimeAsync: newTime=1693559943942
09-02 16:24:11.645  3979  5976 D SecContentProvider: query(), uri = 17 selection = isSettingsChangesAllowed
09-02 16:24:11.645  3979  5976 D SecContentProvider: called from android.uid.systemui:10009
09-02 16:24:11.647  4349  4561 D SystemServicesProxy: updateOverviewLastStackActiveTimeAsync: done.
09-02 16:24:11.649  3979  5976 D PackageManager: getComponentMetadataForIconTray : com.example.batterymanager_utility.MainActivity does not exist in mServices
09-02 16:24:11.649  3979  5976 D PackageManager: getComponentMetadataForIconTray : com.example.batterymanager_utility.MainActivity does not exist in mProviders
09-02 16:24:11.649  3979  5976 D PackageManager: getComponentMetadataForIconTray : com.example.batterymanager_utility.MainActivity does not exist in mReceivers
09-02 16:24:11.650  4349  4372 D ApplicationPackageManager: updateItemMetaDataForFixedIconScale: package: com.example.batterymanager_utility
09-02 16:24:11.650  3979  5966 D PackageManager: getSelectedMetaData : packageName(com.example.batterymanager_utility) or Metadata strings {[Ljava.lang.String;@a240a1a}
09-02 16:24:11.651  4349  4372 I ApplicationPackageManager: load=com.example.batterymanager_utility, bg=144-144, dr=189-189, forDefault=true, density=0
09-02 16:24:11.654  4349  4372 I ApplicationPackageManager: scaled rate=0.72, size=189, alpha=54, hold=102
09-02 16:24:11.654  4349  4372 D ApplicationPackageManager: iconScale: getScale(): 0.72 getAlpha(): 54
09-02 16:24:11.656  4349  4372 I ApplicationPackageManager: load=com.example.batterymanager_utility-contain, bg=112-112, dr=189-189
09-02 16:24:11.659  3979  5976 W StorageManager: getStorageLowBytes lowPercent : 5, lowBytes : 1260145254, maxLowBytes : 524288000
09-02 16:24:11.704  3979  4111 D MdnieScenarioControlService:  packageName : org.mozilla.firefox    className : org.mozilla.gecko.BrowserApp
09-02 16:24:11.705  3979  4111 V MdnieScenarioControlService: setUIMode from UI function(3)
09-02 16:24:11.715 11505 11510 I zygote64: Do partial code cache collection, code=29KB, data=25KB
09-02 16:24:11.715 11505 11510 I zygote64: After code cache collection, code=29KB, data=25KB
09-02 16:24:11.715 11505 11510 I zygote64: Increasing code cache capacity to 128KB
09-02 16:24:11.727 11505 11505 I rc_log_ffi::ios: rc_log adapter initialized!
09-02 16:24:11.771  7881  4245 D omnistore_android_logger: AlarmManager::mainLoop calling alarm callbacks. There are total 1 scheduled tasks, and about to trigger 1 tasks (first task is SyncProtocol::onConnectionEstablished), then sleep for 59563 ms
09-02 16:24:11.771  7881  4245 D omnistore_android_logger: Handling alarm for rate limited event SyncProtocol::onConnectionEstablished
09-02 16:24:11.771  7881  4245 D omnistore_android_logger: SyncProtocol calling onConnectionEstablished callbacks
09-02 16:24:11.772  7881  4245 D omnistore_android_logger: Removing all queue based subscriptions from rewire state
09-02 16:24:11.774  7881  4245 D omnistore_android_logger: SendQueue::onConnectionEstablished: sending 0 transaction(s)
09-02 16:24:11.774  7881  4260 D omnistore_android_logger: SubscriptionManager::onConnectionEstablished is called back
09-02 16:24:11.784  7881  4245 D omnistore_android_logger: AlarmManager::clearAlarmTimer for key=SyncProtocol::onConnectionEstablished 
09-02 16:24:11.791  7881  4260 I omnistore_android_logger: Client sent CreateSubscriptionRequest for queue: facebook_universal_prefs_v2:100087196392327
09-02 16:24:11.795  7881  4260 I omnistore_android_logger: Client sent connect message
09-02 16:24:11.797 11505 11510 I zygote64: Do partial code cache collection, code=60KB, data=47KB
09-02 16:24:11.797 11505 11510 I zygote64: After code cache collection, code=58KB, data=46KB
09-02 16:24:11.797 11505 11510 I zygote64: Increasing code cache capacity to 256KB
09-02 16:24:11.869 11505 11531 I nimbus::nimbus_client: updating experiment list
09-02 16:24:11.871 11505 11531 I nimbus::persistence: Already at version 2, no upgrade needed
09-02 16:24:11.871 11505 11531 I nimbus::nimbus_client: [Nimbus] Retrieved date from Context: 2023-09-01 07:59:54 UTC
09-02 16:24:11.871 11505 11531 I nimbus::nimbus_client: [Nimbus] Installation Date: 2023-09-01 07:59:54 UTC
09-02 16:24:11.871 11505 11531 I nimbus::nimbus_client: [Nimbus] Update Date: 2023-09-02 06:19:16.138897683 UTC
09-02 16:24:11.872 11505 11531 I nimbus::nimbus_client: [Nimbus] Days since install: 1
09-02 16:24:11.872 11505 11531 I nimbus::nimbus_client: [Nimbus] Days since update: 0
09-02 16:24:11.884 11505 11531 I zygote64: Deoptimizing java.lang.Object com.sun.jna.Function.invoke(java.lang.reflect.Method, java.lang.Class[], java.lang.Class, java.lang.Object[], java.util.Map) due to class hierarchy analysis
09-02 16:24:11.934 11505 11534 I GeckoThread: preparing to run Gecko
09-02 16:24:11.942  3979  5966 W StorageManager: getStorageLowBytes lowPercent : 5, lowBytes : 1260145254, maxLowBytes : 524288000
09-02 16:24:11.943  3979  5966 I chatty  : uid=1000(system) Binder:3979_11 identical 1 line
09-02 16:24:11.947  3979  5966 W StorageManager: getStorageLowBytes lowPercent : 5, lowBytes : 1260145254, maxLowBytes : 524288000
09-02 16:24:11.952 11505 11505 I zygote64: Deoptimizing java.lang.Object androidx.collection.SimpleArrayMap.put(java.lang.Object, java.lang.Object) due to JIT inline cache
09-02 16:24:11.956 11505 11534 I GeckoLoader: Library base=/data/app/org.mozilla.firefox-qXEeZwQeSKU-v4RxzjCTZA==/lib/arm64
09-02 16:24:11.958 11505 11534 W Settings: Setting animator_duration_scale has moved from android.provider.Settings.System to android.provider.Settings.Global, returning read-only global URI.
09-02 16:24:11.961 11505 11534 I GeckoLoader: Library base=/data/app/org.mozilla.firefox-qXEeZwQeSKU-v4RxzjCTZA==/lib/arm64
09-02 16:24:11.962 11505 11534 E GeckoLibLoad: Load sqlite start
09-02 16:24:11.965 11505 11534 E GeckoLibLoad: Load sqlite done
09-02 16:24:11.965 11505 11534 I GeckoLoader: Library base=/data/app/org.mozilla.firefox-qXEeZwQeSKU-v4RxzjCTZA==/lib/arm64
09-02 16:24:11.965 11505 11534 E GeckoLibLoad: Load nss start
09-02 16:24:11.965 11505 11534 E GeckoLibLoad: Load nss done
09-02 16:24:11.965 11505 11534 I GeckoLoader: Library base=/data/app/org.mozilla.firefox-qXEeZwQeSKU-v4RxzjCTZA==/lib/arm64
09-02 16:24:11.967 11505 11537 I libglean_ffi: glean_core::core: Creating new Glean v53.1.0
09-02 16:24:11.969 11505 11534 E GeckoLibLoad: Loaded libs in 3.697423ms total, 0ms(8ms) user, 0ms(4ms) system, 0(0) faults
09-02 16:24:11.970 11505 11537 I libglean_ffi: glean_core::database: Database initialized
09-02 16:24:11.971 11505 11534 W GeckoThread: zerdatime 109833403 - runGecko
09-02 16:24:11.972 11505 11510 I zygote64: Do full code cache collection, code=122KB, data=79KB
09-02 16:24:11.973 11505 11510 I zygote64: After code cache collection, code=76KB, data=45KB
09-02 16:24:11.974 11505 11537 I libglean_ffi: glean_core: Glean initialized
09-02 16:24:11.976 11462 11538 D ProfileInstaller: Installing profile for com.example.batterymanager_utility
09-02 16:24:11.979 11505 11537 I libglean_ffi: glean_core::event_database: Loading events for events
09-02 16:24:11.979 11505 11537 I libglean_ffi: glean_core::event_database: Loading events for background-update
09-02 16:24:11.983  3614  3927 D DnsProxyListener: DNSDBG::dns by name af 2
09-02 16:24:11.983 11505 11537 I libglean_ffi: glean_core::ping: Collecting events
09-02 16:24:11.991 11505 11537 I libglean_ffi: glean_core::upload::directory: Processing ping at: /data/user/0/org.mozilla.firefox/glean_data/pending_pings/e1aa8014-a7bc-445f-8e65-1bd7edd1a080
09-02 16:24:11.992 11505 11537 I libglean_ffi: glean_core::metrics::ping: The ping 'events' was submitted and will be sent as soon as possible
09-02 16:24:12.003  3979  5976 D PackageManager: setEnabledSetting : userId = 0 packageName = org.mozilla.firefox cmp = androidx.work.impl.background.systemjob.SystemJobService newState = 1 callingPackage = 10154/org.mozilla.firefox
09-02 16:24:12.008 11505 11534 I Gecko:DumpUtils: Fifo watcher disabled via pref.
09-02 16:24:12.024  3979  4635 D ConnectivityService: filterNetworkStateForUid() uid: 10025 networkInfo: [type: WIFI[] - WIFI, state: CONNECTED/CONNECTED, reason: (unspecified), extra: "WiFi 69", failover: false, available: true, roaming: false, metered: false]
09-02 16:24:12.047 11505 11537 I glean/MetricsPingSched: The 'metrics' ping was already sent today, 1693664652029.
09-02 16:24:12.063 11505 11537 I libglean_ffi: glean_core::ping: Collecting baseline
09-02 16:24:12.064  3979  4635 D ConnectivityService: filterNetworkStateForUid() uid: 10025 networkInfo: [type: WIFI[] - WIFI, state: CONNECTED/CONNECTED, reason: (unspecified), extra: "WiFi 69", failover: false, available: true, roaming: false, metered: false]
09-02 16:24:12.087 11505 11537 I libglean_ffi: glean_core::upload::directory: Processing ping at: /data/user/0/org.mozilla.firefox/glean_data/pending_pings/32928245-0271-4b61-81bc-682630e5703e
09-02 16:24:12.102  3979  5976 D StorageManagerService: getExternalStorageMountMode : 1
09-02 16:24:12.103  3979  5976 D StorageManagerService: getExternalStorageMountMode : 3
09-02 16:24:12.103  3979  5976 D StorageManagerService: getExternalStorageMountMode : final mountMode=1, uid : 10154, packageName : org.mozilla.firefox
09-02 16:24:12.103  3979  5976 I ApplicationPolicy: isApplicationExternalStorageWhitelisted:org.mozilla.firefox user:0
09-02 16:24:12.104  3979  5976 D ApplicationPolicy: isApplicationExternalStorageWhitelisted: DO is not enabled on user 0. Allowed.
09-02 16:24:12.104  3979  5976 D ActivityManager: package  org.mozilla.firefox, user - 0 is SDcard whitelisted
09-02 16:24:12.104  3979  5976 I ApplicationPolicy: isApplicationExternalStorageBlacklisted:org.mozilla.firefox user:0
09-02 16:24:12.104  3979  5976 D ApplicationPolicy: isApplicationExternalStorageBlacklisted: DO is not enabled on user 0. Allowed.
09-02 16:24:12.104 11505 11537 I libglean_ffi: glean_core::metrics::ping: The ping 'baseline' was submitted and will be sent as soon as possible
09-02 16:24:12.126 11574 11574 E Zygote  : isWhitelistProcess - Process is Whitelisted
09-02 16:24:12.128 11574 11574 E libpersona: scanKnoxPersonas
09-02 16:24:12.128 11574 11574 E libpersona: Couldn't open the File - /data/system/users/0/personalist.xml - No such file or directory
09-02 16:24:12.131 11574 11574 W SELinux : SELinux selinux_android_compute_policy_index : Policy Index[2],  Con:u:r:zygote:s0 RAM:SEPF_SM-J720F_8.0.0_0017, [-1 -1 -1 -1 0 1]
09-02 16:24:12.132  3979  5976 I ActivityManager: Start proc 11574:org.mozilla.firefox:tab30/u0a154 for service org.mozilla.firefox/org.mozilla.gecko.process.GeckoChildProcessServices$tab30
09-02 16:24:12.132 11574 11574 I SELinux : SELinux: seapp_context_lookup: seinfo=untrusted, level=s0:c512,c768, pkgname=org.mozilla.firefox:tab30 
09-02 16:24:12.135 11505 11533 I libglean_ffi: glean_core::ping: Collecting pageload
09-02 16:24:12.136 11505 11533 I libglean_ffi: glean_core::ping: Storage for pageload empty. Bailing out.
09-02 16:24:12.136 11505 11533 I libglean_ffi: glean_core::metrics::ping: No content for ping 'pageload', therefore no ping queued.
09-02 16:24:12.140 11505 11515 I zygote64: Background concurrent copying GC freed 14065(987KB) AllocSpace objects, 2(40KB) LOS objects, 49% free, 3MB/7MB, paused 373us total 108.130ms
09-02 16:24:12.144 11505 11505 I FenixApplication: AutoPushFeature is configured, initializing it...
09-02 16:24:12.145 11505 11505 I AbstractFirebasePushService: start
09-02 16:24:12.146  3979  5976 D SamsungAlarmManager: setExact Intent (T:0/F:1/AC:false) 20330830T162412 - CU:10154/CP:11505
09-02 16:24:12.156 11574 11574 D TimaKeyStoreProvider: TimaKeyStore is not enabled: cannot add TimaSignature Service and generateKeyPair Service
09-02 16:24:12.156 11574 11574 D ActivityThread: Added TimaKeyStore provider
09-02 16:24:12.157 11505 11533 I libglean_ffi: glean_core::core: Upload enabled: true
09-02 16:24:12.158  3979  5966 I ActivityManager: DSS on for org.mozilla.firefox and scale is 1.0
09-02 16:24:12.175 11574 11574 I zygote64: no shared libraies, dex_files: 1
09-02 16:24:12.180  7881 11527 W ResourceType: ResTable_typeSpec entry count inconsistent: given 77, previously 79
09-02 16:24:12.181  7881 11527 W ResourceType: ResTable_typeSpec entry count inconsistent: given 3309, previously 3332
09-02 16:24:12.181  7881 11527 W ResourceType: ResTable_typeSpec entry count inconsistent: given 518, previously 4352
09-02 16:24:12.213  3979  5976 I ActivityManager: START u0 {act=android.intent.action.VIEW typ=null flg=0x0 cmp=ComponentInfo{org.mozilla.firefox/org.mozilla.fenix.HomeActivity}} from uid 10154
09-02 16:24:12.220 11505 11589 I push::internal::communications::rate_limiter: No need to reset inner timestamp and count for verify_connection.
09-02 16:24:12.240 11505 11589 I push::internal::communications::rate_limiter: Not allowed: count(106) > 1 for verify_connection.
09-02 16:24:12.243 11505 11589 I AutoPushFeature: No change to subscriptions. Doing nothing.
09-02 16:24:12.252  3979  6264 D ConnectivityService: filterNetworkStateForUid() uid: 10154 networkInfo: [type: WIFI[] - WIFI, state: CONNECTED/CONNECTED, reason: (unspecified), extra: "WiFi 69", failover: false, available: true, roaming: false, metered: false]
09-02 16:24:12.256 11505 11505 I Choreographer: Skipped 35 frames!  The application may be doing too much work on its main thread.
09-02 16:24:12.258  3979  4046 D ViewRootImpl@658cafa[firefox]: setView = DecorView@e95bb08[firefox] TM=true MM=false
09-02 16:24:12.261  3979  4046 D ViewRootImpl@658cafa[firefox]: dispatchAttachedToWindow
09-02 16:24:12.262  3979  4046 V WindowManager: Relayout Window{902c8ab u0 Splash Screen org.mozilla.firefox}: viewVisibility=0 req=719x1237 WM.LayoutParams{(0,0)(fillxfill) sim=#20 ty=3 fl=#81830118 pfl=0x20011 fmt=-3 wanim=0x10302ea vsysui=0x600 needsMenuKey=2 colorMode=0 naviIconColor=0}
09-02 16:24:12.267  3462  3462 I SurfaceFlinger: id=3086 createSurf (720x1280),1 flag=4, Splash Screen org.mozilla.firefox#0
09-02 16:24:12.268  3979  4046 V Surface : sf_framedrop debug : 0x4f4c, game : false, logging : 0
09-02 16:24:12.270 11574 11574 I ServiceChildProcess: onCreate
09-02 16:24:12.272  3979  6264 D PackageManager: setEnabledSetting : userId = 0 packageName = org.mozilla.firefox cmp = androidx.work.impl.background.systemalarm.RescheduleReceiver newState = 1 callingPackage = 10154/org.mozilla.firefox
09-02 16:24:12.273  3979  4046 D ViewRootImpl@658cafa[firefox]: Relayout returned: old=[0,0][0,0] new=[0,0][720,1280] result=0x7 surface={valid=true 535180853248} changed=true
09-02 16:24:12.273 11574 11597 I GeckoThread: preparing to run Gecko
09-02 16:24:12.294  3979  6264 D ConnectivityService: filterNetworkStateForUid() uid: 10154 networkInfo: [type: WIFI[] - WIFI, state: CONNECTED/CONNECTED, reason: (unspecified), extra: "WiFi 69", failover: false, available: true, roaming: false, metered: false]
09-02 16:24:12.294  3979  4046 V WindowManager: finishDrawingLocked: mDrawState=COMMIT_DRAW_PENDING Window{902c8ab u0 Splash Screen org.mozilla.firefox} in Surface(name=Splash Screen org.mozilla.firefox)
09-02 16:24:12.301  3979  6264 D ConnectivityService: filterNetworkStateForUid() uid: 10154 networkInfo: [type: WIFI[] - WIFI, state: CONNECTED/CONNECTED, reason: (unspecified), extra: "WiFi 69", failover: false, available: true, roaming: false, metered: false]
09-02 16:24:12.304  3979  6264 D ConnectivityService: filterNetworkStateForUid() uid: 10154 networkInfo: [type: WIFI[] - WIFI, state: CONNECTED/CONNECTED, reason: (unspecified), extra: "WiFi 69", failover: false, available: true, roaming: false, metered: false]
09-02 16:24:12.311 11505 11596 D ConnectivityManager: requestNetwork; CallingUid : 10154, CallingPid : 11505
09-02 16:24:12.315  3979  5976 D ConnectivityService: requestNetwork for uid/pid:10154/11505 NetworkRequest [ TRACK_DEFAULT id=1027, [ Capabilities: INTERNET&NOT_RESTRICTED&TRUSTED&NOT_VPN] ]
09-02 16:24:12.315  3979  4180 D ConnectivityService: rematching NetworkAgentInfo [WIFI () - 502]
09-02 16:24:12.316  3979  4180 D ConnectivityService:  network has: [ Transports: WIFI Capabilities: NOT_METERED&INTERNET&NOT_RESTRICTED&TRUSTED&NOT_VPN&VALIDATED&FOREGROUND LinkUpBandwidth>=1048576Kbps LinkDnBandwidth>=1048576Kbps SignalStrength: -53]
09-02 16:24:12.316  3979  4180 D ConnectivityService: Network NetworkAgentInfo [WIFI () - 502] was already satisfying request 3. No change.
09-02 16:24:12.316  3979  4180 D ConnectivityService: Network NetworkAgentInfo [WIFI () - 502] was already satisfying request 1. No change.
09-02 16:24:12.316  3979  4180 D ConnectivityService:   checking if request is satisfied: NetworkRequest [ TRACK_DEFAULT id=1027, [ Capabilities: INTERNET&NOT_RESTRICTED&TRUSTED&NOT_VPN] ]
09-02 16:24:12.316  3979  4180 D ConnectivityService: currentScore = 0, newScore = 60
09-02 16:24:12.316  3979  4180 D ConnectivityService: rematch for NetworkAgentInfo [WIFI () - 502]
09-02 16:24:12.316  3979  4180 D ConnectivityService:    accepting network in place of null
09-02 16:24:12.316  3979  4180 D ConnectivityService: sending new Min Network Score(60): NetworkRequest [ TRACK_DEFAULT id=1027, [ Capabilities: INTERNET&NOT_RESTRICTED&TRUSTED&NOT_VPN] ]
09-02 16:24:12.316  3979  4177 D WIFI_P2P: got request NetworkRequest [ TRACK_DEFAULT id=1027, [ Capabilities: INTERNET&NOT_RESTRICTED&TRUSTED&NOT_VPN] ] with score 60
09-02 16:24:12.316  3979  4177 D WIFI_P2P:   my score=60, my filter=[ Transports: WIFI Capabilities: WIFI_P2P&NOT_RESTRICTED&TRUSTED&NOT_VPN LinkUpBandwidth>=1048576Kbps LinkDnBandwidth>=1048576Kbps]
09-02 16:24:12.316  3979  4177 D WIFI_P2P: evalRequest
09-02 16:24:12.316  3979  4177 D WIFI_P2P:   done
09-02 16:24:12.316  4633  4633 D PhoneSwitcherNetworkRequstListener: got request NetworkRequest [ TRACK_DEFAULT id=1027, [ Capabilities: INTERNET&NOT_RESTRICTED&TRUSTED&NOT_VPN] ] with score 60
09-02 16:24:12.316  3979  4306 D Ethernet: got request NetworkRequest [ TRACK_DEFAULT id=1027, [ Capabilities: INTERNET&NOT_RESTRICTED&TRUSTED&NOT_VPN] ] with score 60
09-02 16:24:12.317  3979  4180 D ConnectivityService: MultiNetwork Request(TransportType - Wi-Fi request). Internet Capability doesn't required (false)
09-02 16:24:12.317  3979  4306 D Ethernet:   my score=-1, my filter=[ Transports: ETHERNET Capabilities: INTERNET&NOT_RESTRICTED&TRUSTED&NOT_VPN LinkUpBandwidth>=100000Kbps LinkDnBandwidth>=100000Kbps]
09-02 16:24:12.317  3979  4153 D WIFI    : got request NetworkRequest [ TRACK_DEFAULT id=1027, [ Capabilities: INTERNET&NOT_RESTRICTED&TRUSTED&NOT_VPN] ] with score 60
09-02 16:24:12.317  3979  4306 D Ethernet: evalRequest
09-02 16:24:12.317  3979  4306 D Ethernet:   done
09-02 16:24:12.317  3979  4153 D WIFI    :   my score=60, my filter=[ Transports: WIFI Capabilities: NOT_METERED&INTERNET&NOT_RESTRICTED&TRUSTED&NOT_VPN LinkUpBandwidth>=1048576Kbps LinkDnBandwidth>=1048576Kbps]
09-02 16:24:12.317  3979  4180 D ConnectivityService: Network NetworkAgentInfo [WIFI () - 502] was already satisfying request 140. No change.
09-02 16:24:12.317  3979  4153 D WIFI    : evalRequest
09-02 16:24:12.317  3979  4153 D WIFI    :   needNetworkFor
09-02 16:24:12.317  3979  4180 D ConnectivityService: Network NetworkAgentInfo [WIFI () - 502] was already satisfying request 1019. No change.
09-02 16:24:12.317  3979  4153 D WIFI_UT : got request NetworkRequest [ TRACK_DEFAULT id=1027, [ Capabilities: INTERNET&NOT_RESTRICTED&TRUSTED&NOT_VPN] ] with score 60
09-02 16:24:12.317  3979  4180 D ConnectivityService: Network NetworkAgentInfo [WIFI () - 502] was already satisfying request 1015. No change.
09-02 16:24:12.317  3979  4153 D WIFI_UT :   my score=2147483647, my filter=[ Transports: WIFI Capabilities: NOT_METERED&INTERNET&NOT_RESTRICTED&TRUSTED&NOT_VPN LinkUpBandwidth>=1048576Kbps LinkDnBandwidth>=1048576Kbps]
09-02 16:24:12.317  3979  4153 D WIFI_UT : evalRequest
09-02 16:24:12.317  3979  4153 D WIFI_UT :   needNetworkFor
09-02 16:24:12.317  4633  4633 D PhoneSwitcherNetworkRequstListener:   my score=101, my filter=[ Transports: CELLULAR Capabilities: MMS&SUPL&DUN&FOTA&IMS&CBS&IA&RCS&XCAP&EIMS&INTERNET&NOT_RESTRICTED&TRUSTED&NOT_VPN&ENT1 Specifier: <android.net.MatchAllNetworkSpecifier@0>]
09-02 16:24:12.317  4633  4633 D PhoneSwitcherNetworkRequstListener: evalRequest
09-02 16:24:12.317  4633  4633 D PhoneSwitcherNetworkRequstListener:   needNetworkFor
09-02 16:24:12.317  3979  4180 D ConnectivityService: sending notification AVAILABLE for NetworkRequest [ TRACK_DEFAULT id=1027, [ Capabilities: INTERNET&NOT_RESTRICTED&TRUSTED&NOT_VPN] ]
09-02 16:24:12.317  3979  4180 D ConnectivityService: sending notification CAP_CHANGED for NetworkRequest [ TRACK_DEFAULT id=1027, [ Capabilities: INTERNET&NOT_RESTRICTED&TRUSTED&NOT_VPN] ]
09-02 16:24:12.317  3979  4180 D ConnectivityService: sending notification IP_CHANGED for NetworkRequest [ TRACK_DEFAULT id=1027, [ Capabilities: INTERNET&NOT_RESTRICTED&TRUSTED&NOT_VPN] ]
09-02 16:24:12.320  3979  5976 D ConnectivityService: filterNetworkStateForUid() uid: 10154 networkInfo: [type: WIFI[] - WIFI, state: CONNECTED/CONNECTED, reason: (unspecified), extra: "WiFi 69", failover: false, available: true, roaming: false, metered: false]
09-02 16:24:12.322  3979  5976 D ConnectivityService: filterNetworkStateForUid() uid: 10154 networkInfo: [type: WIFI[] - WIFI, state: CONNECTED/CONNECTED, reason: (unspecified), extra: "WiFi 69", failover: false, available: true, roaming: false, metered: false]
09-02 16:24:12.336  4349  4368 D SystemServicesProxy: updateOverviewLastStackActiveTimeAsync: newTime=1693559943942
09-02 16:24:12.336  3979  5976 D SecContentProvider: query(), uri = 17 selection = isSettingsChangesAllowed
09-02 16:24:12.337  3979  5976 D SecContentProvider: called from android.uid.systemui:10009
09-02 16:24:12.338  4349  4561 D SystemServicesProxy: updateOverviewLastStackActiveTimeAsync: done.
09-02 16:24:12.340  3979  5976 D ActivityManager: isScaleDownAnimationEnabled() : false
09-02 16:24:12.342  3979  5976 D PersonaManagerService: Current focused persona service handled id set to : 0
09-02 16:24:12.342  3979  5976 D InputDispatcher: Focused application set to: xxxx
09-02 16:24:12.344  3979  4238 D GameManagerService: handleForegroundChange(). pkgName: org.mozilla.firefox, clsName: org.mozilla.fenix.HomeActivity,FgActivityName:org.mozilla.firefox/org.mozilla.fenix.HomeActivity
09-02 16:24:12.344  3979  4238 D GameManagerService:   handleForegroundChange(). same package. game has never resumed yet. ignore
09-02 16:24:12.344  3979  5976 D MARsPolicyManager: onPackageResumedFG pkgName = org.mozilla.firefox, userId = 0
09-02 16:24:12.353 11505 11510 I zygote64: Do partial code cache collection, code=124KB, data=74KB
09-02 16:24:12.353 11505 11510 I zygote64: After code cache collection, code=124KB, data=74KB
09-02 16:24:12.354 11505 11510 I zygote64: Increasing code cache capacity to 512KB
09-02 16:24:12.363  3462  3462 V Surface : sf_framedrop debug : 0x4f4c, game : false, logging : 0
09-02 16:24:12.365 11462 11480 D OpenGLRenderer: eglDestroySurface = 0x7cc1baee80
09-02 16:24:12.374  3979  5976 D TaskSnapshotCache: putSnapshot mTaskId=885 RunningCache size=4
09-02 16:24:12.382  3979  3989 V WindowManager: Relayout Window{6e90b36 u0 com.example.batterymanager_utility/com.example.batterymanager_utility.MainActivity}: viewVisibility=8 req=720x1280 WM.LayoutParams{(0,0)(fillxfill) sim=#120 ty=1 fl=#81810100 pfl=0x20000 wanim=0x10302fd vsysui=0x600 needsMenuKey=2 colorMode=0 naviIconColor=0}
09-02 16:24:12.385  3979  3996 D WindowManager: set systemUiVisibility : systemUiFlags= 0x608 fullscreenStackSysUiFlags= 0x0
09-02 16:24:12.391 11462 11462 D ViewRootImpl@110cd72[MainActivity]: Relayout returned: old=[0,0][720,1280] new=[0,0][720,1280] result=0x5 surface={valid=false 0} changed=true
09-02 16:24:12.393  4962  4962 D io_stats: !@ 179,0 r 702008 21125848 w 511343 10804724 d 55352 20177544 f 128484 131655 iot 615632 518654 th 51200 0 0 pt 0 inp 0 0 55185.638
09-02 16:24:12.401  3462  3462 I SurfaceFlinger: Display 0 HWC layers:
09-02 16:24:12.401  3462  3462 I SurfaceFlinger:     type    |    handle    | flag |  format   |   source crop (l,t,r,b)    |         frame       | name 
09-02 16:24:12.401  3462  3462 I SurfaceFlinger: ------------+--------------+------+-----------+----------------------------+---------------------+------
09-02 16:24:12.401  3462  3462 I SurfaceFlinger:      Client |              | 0000 |  Unknown  |  -0.2   -0.2   -0.8   -0.8 |    0    0  720 1280 | animation background stackId=1#0
09-02 16:24:12.401  3462  3462 I SurfaceFlinger:      Client | 0x7ac4c24cc0 | 0002 | RGBA_8888 |   0.0    0.0  720.0 1280.0 |    0    0  720 1279 | com.example.batterymanager_utility/c[...]atterymanager_utility.MainActivity#0
09-02 16:24:12.401  3462  3462 I SurfaceFlinger:      Device | 0x7ac4c24d80 | 0000 | RGBA_8888 |   0.0    0.0  720.0   42.0 |    0    0  720   42 | StatusBar#0
09-02 16:24:12.401  3462  3462 I SurfaceFlinger: 
09-02 16:24:12.451 11505 11505 I zygote64: Deoptimizing java.lang.Object androidx.collection.SimpleArrayMap.put(java.lang.Object, java.lang.Object) due to JIT inline cache
09-02 16:24:12.452  4349  4368 D SystemServicesProxy: updateOverviewLastStackActiveTimeAsync: newTime=1693559943942
09-02 16:24:12.453  3979  5976 D SecContentProvider: query(), uri = 17 selection = isSettingsChangesAllowed
09-02 16:24:12.454  3979  5976 D SecContentProvider: called from android.uid.systemui:10009
09-02 16:24:12.454  4349  4561 D SystemServicesProxy: updateOverviewLastStackActiveTimeAsync: done.
09-02 16:24:12.471 11505 11534 W ResourceType: Too many attribute references, stopped at: 0x01010099
09-02 16:24:12.486 11505 11550 W logins::schema: user_version: 2
09-02 16:24:12.507  3979  5982 D StorageManagerService: getExternalStorageMountMode : 1
09-02 16:24:12.507  3979  5982 D StorageManagerService: getExternalStorageMountMode : 3
09-02 16:24:12.507  3979  5982 D StorageManagerService: getExternalStorageMountMode : final mountMode=1, uid : 10154, packageName : org.mozilla.firefox
09-02 16:24:12.507  3979  5982 I ApplicationPolicy: isApplicationExternalStorageWhitelisted:org.mozilla.firefox user:0
09-02 16:24:12.507  3979  5982 D ApplicationPolicy: isApplicationExternalStorageWhitelisted: DO is not enabled on user 0. Allowed.
09-02 16:24:12.507  3979  5982 D ActivityManager: package  org.mozilla.firefox, user - 0 is SDcard whitelisted
09-02 16:24:12.507  3979  5982 I ApplicationPolicy: isApplicationExternalStorageBlacklisted:org.mozilla.firefox user:0
09-02 16:24:12.507  3979  5982 D ApplicationPolicy: isApplicationExternalStorageBlacklisted: DO is not enabled on user 0. Allowed.
09-02 16:24:12.525  3979  5982 I ActivityManager: Start proc 11637:org.mozilla.firefox:gpu/u0a154 for service org.mozilla.firefox/org.mozilla.gecko.process.GeckoChildProcessServices$gpu
09-02 16:24:12.526 11637 11637 E Zygote  : isWhitelistProcess - Process is Whitelisted
09-02 16:24:12.527 11637 11637 E libpersona: scanKnoxPersonas
09-02 16:24:12.527 11637 11637 E libpersona: Couldn't open the File - /data/system/users/0/personalist.xml - No such file or directory
09-02 16:24:12.530 11637 11637 W SELinux : SELinux selinux_android_compute_policy_index : Policy Index[2],  Con:u:r:zygote:s0 RAM:SEPF_SM-J720F_8.0.0_0017, [-1 -1 -1 -1 0 1]
09-02 16:24:12.531 11637 11637 I SELinux : SELinux: seapp_context_lookup: seinfo=untrusted, level=s0:c512,c768, pkgname=org.mozilla.firefox:gpu 
09-02 16:24:12.552 11637 11637 D TimaKeyStoreProvider: TimaKeyStore is not enabled: cannot add TimaSignature Service and generateKeyPair Service
09-02 16:24:12.552 11637 11637 D ActivityThread: Added TimaKeyStore provider
09-02 16:24:12.554  3979  5982 I ActivityManager: DSS on for org.mozilla.firefox and scale is 1.0
09-02 16:24:12.572 11637 11637 I zygote64: no shared libraies, dex_files: 1
09-02 16:24:12.585  3462  3462 I SurfaceFlinger: Display 0 HWC layers:
09-02 16:24:12.585  3462  3462 I SurfaceFlinger:     type    |    handle    | flag |  format   |   source crop (l,t,r,b)    |         frame       | name 
09-02 16:24:12.585  3462  3462 I SurfaceFlinger: ------------+--------------+------+-----------+----------------------------+---------------------+------
09-02 16:24:12.585  3462  3462 I SurfaceFlinger:      Client |              | 0000 |  Unknown  |  -0.2   -0.2   -0.8   -0.8 |    0    0  720 1280 | animation background stackId=1#0
09-02 16:24:12.585  3462  3462 I SurfaceFlinger:      Client | 0x7ac4c24cc0 | 0002 | RGBA_8888 |   0.0    0.0  720.0 1280.0 |   16   29  703 1251 | com.example.batterymanager_utility/c[...]atterymanager_utility.MainActivity#0
09-02 16:24:12.585  3462  3462 I SurfaceFlinger:      Device | 0x7ac4c24a80 | 0000 | RGBA_8888 |   0.0    0.0  720.0 1022.0 |   17  305  704 1280 | Splash Screen org.mozilla.firefox#0
09-02 16:24:12.585  3462  3462 I SurfaceFlinger:      Device | 0x7ac4c24d80 | 0000 | RGBA_8888 |   0.0    0.0  720.0   42.0 |    0    0  720   42 | StatusBar#0
09-02 16:24:12.585  3462  3462 I SurfaceFlinger: 
09-02 16:24:12.623  3614  3927 D DnsProxyListener: DNSDBG::dns addrinfo af 2
09-02 16:24:12.628 11637 11637 I ServiceChildProcess: onCreate
09-02 16:24:12.629  3614  3927 D DnsProxyListener: DNSDBG::dns addrinfo af 2
09-02 16:24:12.630 11637 11665 I GeckoThread: preparing to run Gecko
09-02 16:24:12.635 11505 11551 W ActivityThread: ClassLoader.getResources: The class loader returned by Thread.getContextClassLoader() may fail for processes that host multiple applications. You should explicitly specify a context class loader. For example: Thread.setContextClassLoader(getClass().getClassLoader());
09-02 16:24:12.646 11505 11505 I NavController: Ignoring popBackStack to destination org.mozilla.firefox:id/browserFragment as it was not found on the current back stack
09-02 16:24:12.647 11505 11505 I NavController: Ignoring popBackStack to destination org.mozilla.firefox:id/homeFragment as it was not found on the current back stack
09-02 16:24:12.681 11505 11505 I ContileTopSitesUpdater: Started periodic work to update Contile top sites
09-02 16:24:12.862 11505 11510 I zygote64: Do full code cache collection, code=245KB, data=156KB
09-02 16:24:12.862 11505 11510 I zygote64: After code cache collection, code=207KB, data=120KB
09-02 16:24:12.865  3979  4046 I WindowManager: Destroying surface Surface(name=com.example.batterymanager_utility/com.example.batterymanager_utility.MainActivity) called by com.android.server.wm.WindowStateAnimator.destroySurface:2501 com.android.server.wm.WindowStateAnimator.destroySurfaceLocked:985 com.android.server.wm.WindowState.destroyOrSaveSurfaceUnchecked:3671 com.android.server.wm.WindowState.destroySurface:3619 com.android.server.wm.AppWindowToken.destroySurfaces:722 com.android.server.wm.AppWindowToken.destroySurfaces:706 com.android.server.wm.WindowState.onExitAnimationDone:5333 com.android.server.wm.WindowStateAnimator.stepAnimationLocked:550 
09-02 16:24:12.865  3462  3501 I SurfaceFlinger: id=3085 Removed com.example.batterymanager_utility/com.example.batterymanager_utility.MainActivity#0 (2/5)
09-02 16:24:12.868  3462  4087 I SurfaceFlinger: id=3085 Removed com.example.batterymanager_utility/com.example.batterymanager_utility.MainActivity#0 (-2/5)
09-02 16:24:12.874  3979  4323 I OpenGLRenderer: Initialized EGL, version 1.4
09-02 16:24:12.874  3979  4323 D OpenGLRenderer: Swap behavior 2
09-02 16:24:12.878  3462  3462 I Layer   : id=3085 onRemoved com.example.batterymanager_utility/com.example.batterymanager_utility.MainActivity#0 
09-02 16:24:12.881  3462  3462 I SurfaceFlinger: Display 0 HWC layers:
09-02 16:24:12.881  3462  3462 I SurfaceFlinger:     type    |    handle    | flag |  format   |   source crop (l,t,r,b)    |         frame       | name 
09-02 16:24:12.881  3462  3462 I SurfaceFlinger: ------------+--------------+------+-----------+----------------------------+---------------------+------
09-02 16:24:12.881  3462  3462 I SurfaceFlinger:      Device | 0x7ac4c24a80 | 0000 | RGBA_8888 |   0.0    0.0  720.0 1280.0 |    0    0  720 1280 | Splash Screen org.mozilla.firefox#0
09-02 16:24:12.881  3462  3462 I SurfaceFlinger:      Device | 0x7ac4c24d80 | 0000 | RGBA_8888 |   0.0    0.0  720.0   42.0 |    0    0  720   42 | StatusBar#0
09-02 16:24:12.881  3462  3462 I SurfaceFlinger: 
09-02 16:24:12.884 11505 11505 W GeckoViewActivityContextDelegate: A non-activity context was set.
09-02 16:24:12.897 11505 11533 I libglean_ffi: glean_core::ping: Collecting baseline
09-02 16:24:12.904 11505 11533 I libglean_ffi: glean_core::upload::directory: Processing ping at: /data/user/0/org.mozilla.firefox/glean_data/pending_pings/a262fe88-007f-4276-a029-5eb7565a1e6c
09-02 16:24:12.905 11505 11533 I libglean_ffi: glean_core::metrics::ping: The ping 'baseline' was submitted and will be sent as soon as possible
09-02 16:24:12.908  3614  3927 D DnsProxyListener: DNSDBG::dns addrinfo af 2
09-02 16:24:12.909  3979  5976 D ConnectivityService: filterNetworkStateForUid() uid: 10154 networkInfo: [type: WIFI[] - WIFI, state: CONNECTED/CONNECTED, reason: (unspecified), extra: "WiFi 69", failover: false, available: true, roaming: false, metered: false]
09-02 16:24:12.912  3979  5976 I chatty  : uid=1000(system) Binder:3979_13 identical 1 line
09-02 16:24:12.913  3979  5976 D ConnectivityService: filterNetworkStateForUid() uid: 10154 networkInfo: [type: WIFI[] - WIFI, state: CONNECTED/CONNECTED, reason: (unspecified), extra: "WiFi 69", failover: false, available: true, roaming: false, metered: false]
09-02 16:24:12.921 11505 11551 I zygote64: Deoptimizing void kotlin.sequences.SequencesKt___SequencesKt.toCollection(kotlin.sequences.Sequence, java.util.AbstractCollection) due to JIT inline cache
09-02 16:24:12.935 11505 11505 I BgSyncManager: Periodic syncing enabled: PeriodicSyncConfig(periodMinutes=240, initialDelayMinutes=5)
09-02 16:24:12.936 11505 11564 I StartupTypeTelemetry: Recorded start up: cold_view
09-02 16:24:12.936 11505 11505 I FirefoxAccountStateMachine: Sync is enabled
09-02 16:24:12.961 11505 11681 D OpenGLRenderer: HWUI GL Pipeline
09-02 16:24:12.967 11505 11505 D ViewRootImpl@2b3d89a[HomeActivity]: setView = DecorView@3ae55cb[HomeActivity] TM=true MM=false
09-02 16:24:12.967  3979  5982 D ActivityManager: post active user change for 0 fullscreen true isHomeActivity() false
09-02 16:24:12.978 11505 11510 I zygote64: Do partial code cache collection, code=221KB, data=139KB
09-02 16:24:12.978 11505 11510 I zygote64: After code cache collection, code=219KB, data=139KB
09-02 16:24:12.978 11505 11510 I zygote64: Increasing code cache capacity to 1024KB
09-02 16:24:12.984  3979  5982 D ConnectivityService: filterNetworkStateForUid() uid: 10154 networkInfo: [type: WIFI[] - WIFI, state: CONNECTED/CONNECTED, reason: (unspecified), extra: "WiFi 69", failover: false, available: true, roaming: false, metered: false]
09-02 16:24:12.996  3979  5982 I chatty  : uid=1000(system) Binder:3979_16 identical 4 lines
09-02 16:24:12.997  3979  5982 D ConnectivityService: filterNetworkStateForUid() uid: 10154 networkInfo: [type: WIFI[] - WIFI, state: CONNECTED/CONNECTED, reason: (unspecified), extra: "WiFi 69", failover: false, available: true, roaming: false, metered: false]
09-02 16:24:13.001 11637 11665 I GeckoLoader: Library base=/data/app/org.mozilla.firefox-qXEeZwQeSKU-v4RxzjCTZA==/lib/arm64
09-02 16:24:13.001  3614  3927 D DnsProxyListener: DNSDBG::dns addrinfo af 2
09-02 16:24:13.001 11637 11665 I GeckoLoader: Library base=/data/app/org.mozilla.firefox-qXEeZwQeSKU-v4RxzjCTZA==/lib/arm64
09-02 16:24:13.002  3614  3927 D DnsProxyListener: DNSDBG::dns addrinfo af 2
09-02 16:24:13.002  3614  3927 D DnsProxyListener: DNSDBG::dns addrinfo af 2
09-02 16:24:13.003 11637 11665 E GeckoLibLoad: Load sqlite start
09-02 16:24:13.004  3614  3927 D DnsProxyListener: DNSDBG::dns addrinfo af 2
09-02 16:24:13.006  3614  3927 D DnsProxyListener: DNSDBG::dns addrinfo af 2
09-02 16:24:13.006 11637 11665 E GeckoLibLoad: Load sqlite done
09-02 16:24:13.006 11637 11665 I GeckoLoader: Library base=/data/app/org.mozilla.firefox-qXEeZwQeSKU-v4RxzjCTZA==/lib/arm64
09-02 16:24:13.007 11637 11665 E GeckoLibLoad: Load nss start
09-02 16:24:13.007 11637 11665 E GeckoLibLoad: Load nss done
09-02 16:24:13.007 11637 11665 I GeckoLoader: Library base=/data/app/org.mozilla.firefox-qXEeZwQeSKU-v4RxzjCTZA==/lib/arm64
09-02 16:24:13.008 11505 11689 I FirefoxAccountStateMachine: Processing event 'mozilla.components.service.fxa.manager.Event$Account$Start@5813a77' for state Idle(accountState=NotAuthenticated). Next state is Active(progressState=Initializing)
09-02 16:24:13.011  3614  3927 D DnsProxyListener: DNSDBG::dns addrinfo af 2
09-02 16:24:13.013 11505 11505 D ViewRootImpl@2b3d89a[HomeActivity]: dispatchAttachedToWindow
09-02 16:24:13.029 11637 11665 E GeckoLibLoad: Loaded libs in 21.944039ms total, 16ms(16ms) user, 0ms(4ms) system, 0(0) faults
09-02 16:24:13.029 11637 11665 W GeckoThread: zerdatime 109834461 - runGecko
09-02 16:24:13.032  3347  3347 W keymaster2_mdfpp: entered get_key_characteristics function.
09-02 16:24:13.033  3979  6264 V WindowManager: Relayout Window{f657c u0 org.mozilla.firefox/org.mozilla.fenix.HomeActivity}: viewVisibility=0 req=719x1237 WM.LayoutParams{(0,0)(fillxfill) sim=#110 ty=1 fl=#81010100 pfl=0x20000 wanim=0x7f1404fa vsysui=0x2610 needsMenuKey=2 colorMode=0 naviIconColor=0}
09-02 16:24:13.034  3347  3347 W keymaster_tee: [WRN]KEY_PARAMS: AES ENC DEC GCM PADNO AUTH SIZE:256 
09-02 16:24:13.034  3347  3347 W keymaster_tee: [WRN]KEY_PARAMS: 20230902081917 
09-02 16:24:13.034  3347  3347 W keymaster2_mdfpp: exit get_key_characteristics function, returned 0
09-02 16:24:13.038  3462  3462 I SurfaceFlinger: id=3087 createSurf (720x1280),1 flag=404, org.mozilla.firefox/org.mozilla.fenix.HomeActivity#0
09-02 16:24:13.040  3979  6264 V Surface : sf_framedrop debug : 0x4f4c, game : false, logging : 0
09-02 16:24:13.041  3347  3347 W keymaster2_mdfpp: entered get_key_characteristics function.
09-02 16:24:13.041  3979  3996 D WindowManager: set systemUiVisibility : systemUiFlags= 0x2608 fullscreenStackSysUiFlags= 0x0
09-02 16:24:13.042  3979  3989 D ConnectivityService: filterNetworkStateForUid() uid: 10102 networkInfo: [type: WIFI[] - WIFI, state: CONNECTED/CONNECTED, reason: (unspecified), extra: "WiFi 69", failover: false, available: true, roaming: false, metered: false]
09-02 16:24:13.043  3347  3347 W keymaster_tee: [WRN]KEY_PARAMS: AES ENC DEC GCM PADNO AUTH SIZE:256 
09-02 16:24:13.043  3347  3347 W keymaster_tee: [WRN]KEY_PARAMS: 20230902081917 
09-02 16:24:13.043  3347  3347 W keymaster2_mdfpp: exit get_key_characteristics function, returned 0
09-02 16:24:13.045  3614  3927 D DnsProxyListener: DNSDBG::dns addrinfo af 2
09-02 16:24:13.048  3979  6264 D InputDispatcher: Focus entered window: 11505
09-02 16:24:13.048  7881  7881 E fb4a.Execution: Redirecting MSYS Execution scheduling from the UI thread to a custom executor
09-02 16:24:13.050 11505 11505 V Surface : sf_framedrop debug : 0x4f4c, game : false, logging : 0
09-02 16:24:13.050  3979  5982 D WindowManager: adjustSystemUiVisibilityLw : vis= 0x2608
09-02 16:24:13.050 11505 11505 D ViewRootImpl@2b3d89a[HomeActivity]: Relayout returned: old=[0,0][0,0] new=[0,0][720,1280] result=0x7 surface={valid=true 533360013312} changed=true
09-02 16:24:13.051 11505 11681 I OpenGLRenderer: Initialized EGL, version 1.4
09-02 16:24:13.051 11505 11681 D OpenGLRenderer: Swap behavior 2
09-02 16:24:13.055 11505 11681 D libGLESv1: STS_GLApi : DTS, ODTC are not allowed for Package : org.mozilla.firefox
09-02 16:24:13.056 11505 11681 D mali_winsys: EGLint new_window_surface(egl_winsys_display *, void *, EGLSurface, EGLConfig, egl_winsys_surface **, egl_color_buffer_format *, EGLBoolean) returns 0x3000,  [720x1280]-format:1
09-02 16:24:13.056 11505 11681 D OpenGLRenderer: eglCreateWindowSurface = 0x7c2bf07900
09-02 16:24:13.065  3979  3989 I ActivityManager: Displayed org.mozilla.firefox/org.mozilla.fenix.HomeActivity: +725ms (total +1s541ms)
09-02 16:24:13.065  3979  3989 I ActivityManager: Fully drawn org.mozilla.firefox/org.mozilla.fenix.HomeActivity: +725ms (total +1s541ms)
09-02 16:24:13.067  3462  3462 I SurfaceFlinger: id=3088 createSurf (720x1238),1 flag=4, SurfaceView - org.mozilla.firefox/org.mozilla.fenix.HomeActivity@95d34fe@0#0
09-02 16:24:13.068  3462  3462 I SurfaceFlinger: id=3089 createSurf (720x1238),-1 flag=20004, Background for - SurfaceView - org.mozilla.firefox/org.mozilla.fenix.HomeActivity@95d34fe@0#0
09-02 16:24:13.069 11505 11505 D SurfaceView: BG hide() Surface(name=Background for - SurfaceView - org.mozilla.firefox/org.mozilla.fenix.HomeActivity@95d34fe@0) false true org.mozilla.gecko.MagnifiableSurfaceView{95d34fe V.E...... ......ID 0,0-720,1238}
09-02 16:24:13.078 11505 11505 V Surface : sf_framedrop debug : 0x4f4c, game : false, logging : 0
09-02 16:24:13.079 11505 11505 D SurfaceView: surfaceCreated 1 org.mozilla.gecko.MagnifiableSurfaceView{95d34fe V.E...... ......ID 0,0-720,1238}
09-02 16:24:13.079 11505 11505 D SurfaceView: surfaceChanged (720,1238) 1 org.mozilla.gecko.MagnifiableSurfaceView{95d34fe V.E...... ......ID 0,0-720,1238}
09-02 16:24:13.081 11505 11689 I FirefoxAccount: Registering persistence callback
09-02 16:24:13.082 11505 11689 I FirefoxAccountStateMachine: Ran 'mozilla.components.service.fxa.manager.Event$Account$Start@5813a77' side-effects for state Active(progressState=Initializing), got successive event mozilla.components.service.fxa.manager.Event$Progress$AccountNotFound@4d3a30a
09-02 16:24:13.082 11505 11689 I FirefoxAccountStateMachine: Processing event 'mozilla.components.service.fxa.manager.Event$Progress$AccountNotFound@4d3a30a' for state Active(progressState=Initializing). Next state is Idle(accountState=NotAuthenticated)
09-02 16:24:13.090  3979  3989 D ConnectivityService: filterNetworkStateForUid() uid: 10154 networkInfo: [type: WIFI[] - WIFI, state: CONNECTED/CONNECTED, reason: (unspecified), extra: "WiFi 69", failover: false, available: true, roaming: false, metered: false]
09-02 16:24:13.091 11505 11733 I libglean_ffi: glean_core::upload: New upload task with id e1aa8014-a7bc-445f-8e65-1bd7edd1a080 (path: /submit/org-mozilla-firefox/events/1/e1aa8014-a7bc-445f-8e65-1bd7edd1a080)
09-02 16:24:13.091  3979  3989 I chatty  : uid=1000(system) Binder:3979_1 identical 1 line
09-02 16:24:13.092  3979  3989 D ConnectivityService: filterNetworkStateForUid() uid: 10154 networkInfo: [type: WIFI[] - WIFI, state: CONNECTED/CONNECTED, reason: (unspecified), extra: "WiFi 69", failover: false, available: true, roaming: false, metered: false]
09-02 16:24:13.102  3979  3989 V WindowManager: Relayout Window{f657c u0 org.mozilla.firefox/org.mozilla.fenix.HomeActivity}: viewVisibility=0 req=720x1280 WM.LayoutParams{(0,0)(fillxfill) sim=#110 ty=1 fl=#81010100 pfl=0x20000 fmt=-3 wanim=0x7f1404fa vsysui=0x2610 needsMenuKey=2 colorMode=0 naviIconColor=0}
09-02 16:24:13.105  3614  3927 D DnsProxyListener: DNSDBG::dns addrinfo af 2
