--------- beginning of main
09-02 11:50:20.714 14031 14031 E adbd    : recv: OPEN 0001c9dd 00000000 0095:73 68 65 6C 6C 2C 76 32 2C 54 45 52 4D 3D 78 74 65 72 6D 2D 32 35 36 63 6F 6C 6F 72 2C 72 61 77 3A 61 6D 20 73 74 61 72 74 20 2D 53 20 2D 61 20 61 6E 64 72 6F 69 64 2E 69 6E 74 65 6E 74 2E 61 63 74 69 6F 6E 2E 56 49 45 57 20 2D 6E 20 6F 72 67 2E 6D 6F 7A 69 6C 6C 61 2E 66 69 72 65 66 6F 78 2F 6F 72 67 2E 6D 6F 7A 69 6C 6C 61 2E 67 65 63 6B 6F 2E 42 72 6F 77 73 65 72 41 70 70 20 2D 2D 61 63 74 69 76 69 74 79 2D 63 6C 65 61 72 2D 74 61 73 6B 00 
09-02 11:50:20.714 14031 14031 E adbd    : service_to_fd: shell,v2,TERM=xterm-256color,raw:am start -S -a android.intent.action.VIEW -n org.mozilla.firefox/org.mozilla.gecko.BrowserApp --activity-clear-task
--------- beginning of system
09-02 11:50:20.777  3979  4373 I ActivityManager: Force stopping org.mozilla.firefox appid=10154 user=0: from pid 2744
09-02 11:50:20.783  3979  3979 D SamsungAlarmManager: Remove alarm for next reason : android.intent.action.PACKAGE_RESTARTED : package: org.mozilla.firefox
09-02 11:50:20.788  3979  3995 W BroadcastQueue: Background execution not allowed: receiving Intent { act=android.intent.action.PACKAGE_RESTARTED dat=package:org.mozilla.firefox flg=0x10 (has extras) } to android/com.kddi.android.CpaNotiReceiver
09-02 11:50:20.789  3979  3995 W BroadcastQueue: Background execution not allowed: receiving Intent { act=android.intent.action.PACKAGE_RESTARTED dat=package:org.mozilla.firefox flg=0x10 (has extras) } to com.sec.android.daemonapp/com.samsung.android.weather.daemon.receiver.ClearDataReceiver
09-02 11:50:20.790  4633  4633 D CarrierSvcBindHelper: No carrier app for: 0
09-02 11:50:20.791  4633  4633 D CarrierSvcBindHelper: No carrier app for: 1
09-02 11:50:21.043  3979  4373 I ActivityManager: START u0 {act=android.intent.action.VIEW typ=null flg=0x10008000 cmp=ComponentInfo{org.mozilla.firefox/org.mozilla.gecko.BrowserApp}} from uid 2000
09-02 11:50:21.047  3979  4373 D CustomFrequencyManagerService: acquireDVFSLockLocked : type : DVFS_MIN_LIMIT  frequency : 1560000  uid : 1000  pid : 3979  pkgName : AMS_APP_SWITCH@CPU_MIN@23
09-02 11:50:21.052  3979  4373 D ActivityManagerPerformance: AMP_acquire() APP_SWITCH
09-02 11:50:21.052  3979  5035 D ActivityManagerPerformance: Received MSG_CFMS_HINT_AMS_SWITCH pkgName: org.mozilla.firefox
09-02 11:50:21.065  3979  4670 D ActivityManager: isScaleDownAnimationEnabled() : false
09-02 11:50:21.066  3979  4670 D StorageManagerService: getExternalStorageMountMode : 1
09-02 11:50:21.066  3979  4670 D StorageManagerService: getExternalStorageMountMode : 3
09-02 11:50:21.066  3979  4670 D StorageManagerService: getExternalStorageMountMode : final mountMode=1, uid : 10154, packageName : org.mozilla.firefox
09-02 11:50:21.067  3979  4670 I ApplicationPolicy: isApplicationExternalStorageWhitelisted:org.mozilla.firefox user:0
09-02 11:50:21.067  3979  4670 D ApplicationPolicy: isApplicationExternalStorageWhitelisted: DO is not enabled on user 0. Allowed.
09-02 11:50:21.067  3979  4670 D ActivityManager: package  org.mozilla.firefox, user - 0 is SDcard whitelisted
09-02 11:50:21.067  3979  4670 I ApplicationPolicy: isApplicationExternalStorageBlacklisted:org.mozilla.firefox user:0
09-02 11:50:21.067  3979  4670 D ApplicationPolicy: isApplicationExternalStorageBlacklisted: DO is not enabled on user 0. Allowed.
09-02 11:50:21.078  3979  4670 I ActivityManager: Start proc 2746:org.mozilla.firefox/u0a154 for activity org.mozilla.firefox/org.mozilla.gecko.BrowserApp
09-02 11:50:21.078  2746  2746 E Zygote  : isWhitelistProcess - Process is Whitelisted
09-02 11:50:21.079  2746  2746 E libpersona: scanKnoxPersonas
09-02 11:50:21.079  2746  2746 E libpersona: Couldn't open the File - /data/system/users/0/personalist.xml - No such file or directory
09-02 11:50:21.080  2746  2746 W SELinux : SELinux selinux_android_compute_policy_index : Policy Index[2],  Con:u:r:zygote:s0 RAM:SEPF_SM-J720F_8.0.0_0017, [-1 -1 -1 -1 0 1]
09-02 11:50:21.081  2746  2746 I SELinux : SELinux: seapp_context_lookup: seinfo=untrusted, level=s0:c512,c768, pkgname=org.mozilla.firefox 
09-02 11:50:21.098  2746  2746 D TimaKeyStoreProvider: TimaKeyStore is not enabled: cannot add TimaSignature Service and generateKeyPair Service
09-02 11:50:21.099  2746  2746 D ActivityThread: Added TimaKeyStore provider
09-02 11:50:21.101  3979  4670 I ActivityManager: DSS on for org.mozilla.firefox and scale is 1.0
09-02 11:50:21.109  3979  4670 D PersonaManagerService: Current focused persona service handled id set to : 0
09-02 11:50:21.109  3979  4670 D InputDispatcher: Focused application set to: xxxx
09-02 11:50:21.110  3979  4670 D InputDispatcher: Focus left window: 2707
09-02 11:50:21.111  2707  2707 D ViewRootImpl@aec65c3[MainActivity]: MSG_WINDOW_FOCUS_CHANGED 0
09-02 11:50:21.111  3979  4238 D GameManagerService: handleForegroundChange(). pkgName: org.mozilla.firefox, clsName: org.mozilla.fenix.IntentReceiverActivity,FgActivityName:org.mozilla.firefox/org.mozilla.fenix.IntentReceiverActivity
09-02 11:50:21.111  3979  4670 D MARsPolicyManager: onPackageResumedFG pkgName = org.mozilla.firefox, userId = 0
09-02 11:50:21.111  3979  4238 D GameManagerService: sem_perfomance_mode: 3
09-02 11:50:21.111  3979  4238 D GameManagerService: notifyResumePause(). pkg: org.mozilla.firefox, type: 4, isMinimized: false, isTunableApp: false
09-02 11:50:21.111  3979  4238 D GameManagerService:   notifyResumePause(). unexpected mPrevNotiType: -1
09-02 11:50:21.115  3979  6899 D GamePkgDataHelper: getGamePkgDataIncServer(). org.mozilla.firefox
09-02 11:50:21.116  3979  6899 D GameManagerService: identifyGamePackage. org.mozilla.firefox
09-02 11:50:21.116  3979  6899 D GamePkgDataHelper: getGamePkgData(). org.mozilla.firefox
09-02 11:50:21.117  3979  6899 D GameManagerService: identifyGamePackage. org.mozilla.firefox
09-02 11:50:21.117  3979  6899 D GamePkgDataHelper: getGamePkgData(). org.mozilla.firefox
09-02 11:50:21.117  3979  6899 D GamePkgDataHelper: getSosPolicy(). org.mozilla.firefox
09-02 11:50:21.118  3979  6899 D GameManagerService: identifyGamePackage. org.mozilla.firefox
09-02 11:50:21.118  3979  6899 D GamePkgDataHelper: getGamePkgData(). org.mozilla.firefox
09-02 11:50:21.119  3979  6899 D GameManagerService: identifyGamePackage. org.mozilla.firefox
09-02 11:50:21.119  3979  6899 D GamePkgDataHelper: getGamePkgData(). org.mozilla.firefox
09-02 11:50:21.124  2746  2746 I zygote64: no shared libraies, dex_files: 1
09-02 11:50:21.158  2746  2746 I FirebaseApp: Device unlocked: initializing all Firebase APIs for app [DEFAULT]
09-02 11:50:21.176  2746  2746 I FirebaseInitProvider: FirebaseApp initialization successful
09-02 11:50:21.186  4349  4850 D SystemServicesProxy: updateOverviewLastStackActiveTimeAsync: newTime=1693559943942
09-02 11:50:21.187  3979  4373 D SecContentProvider: query(), uri = 17 selection = isSettingsChangesAllowed
09-02 11:50:21.188  3979  4373 D SecContentProvider: called from android.uid.systemui:10009
09-02 11:50:21.188  4349  4561 D SystemServicesProxy: updateOverviewLastStackActiveTimeAsync: done.
09-02 11:50:21.190  3979  4373 D PackageManager: getComponentMetadataForIconTray : com.example.batterymanager_utility.MainActivity does not exist in mServices
09-02 11:50:21.190  3979  4373 D PackageManager: getComponentMetadataForIconTray : com.example.batterymanager_utility.MainActivity does not exist in mProviders
09-02 11:50:21.190  3979  4373 D PackageManager: getComponentMetadataForIconTray : com.example.batterymanager_utility.MainActivity does not exist in mReceivers
09-02 11:50:21.191  4349  4850 D ApplicationPackageManager: updateItemMetaDataForFixedIconScale: package: com.example.batterymanager_utility
09-02 11:50:21.191  3979  4373 D PackageManager: getSelectedMetaData : packageName(com.example.batterymanager_utility) or Metadata strings {[Ljava.lang.String;@caf665c}
09-02 11:50:21.192  4349  4850 I ApplicationPackageManager: load=com.example.batterymanager_utility, bg=144-144, dr=189-189, forDefault=true, density=0
09-02 11:50:21.195  4349  4850 I ApplicationPackageManager: scaled rate=0.72, size=189, alpha=54, hold=102
09-02 11:50:21.195  4349  4850 D ApplicationPackageManager: iconScale: getScale(): 0.72 getAlpha(): 54
09-02 11:50:21.197  4349  4850 I ApplicationPackageManager: load=com.example.batterymanager_utility-contain, bg=112-112, dr=189-189
09-02 11:50:21.201  3979  4373 W StorageManager: getStorageLowBytes lowPercent : 5, lowBytes : 1260145254, maxLowBytes : 524288000
09-02 11:50:21.245  3979  4111 D MdnieScenarioControlService:  packageName : org.mozilla.firefox    className : org.mozilla.gecko.BrowserApp
09-02 11:50:21.246  3979  4111 V MdnieScenarioControlService: setUIMode from UI function(3)
09-02 11:50:21.256  2746  2751 I zygote64: Do partial code cache collection, code=29KB, data=25KB
09-02 11:50:21.256  2746  2751 I zygote64: After code cache collection, code=29KB, data=25KB
09-02 11:50:21.256  2746  2751 I zygote64: Increasing code cache capacity to 128KB
09-02 11:50:21.273  2746  2746 I rc_log_ffi::ios: rc_log adapter initialized!
09-02 11:50:21.330  2746  2751 I zygote64: Do partial code cache collection, code=60KB, data=47KB
09-02 11:50:21.331  2746  2751 I zygote64: After code cache collection, code=58KB, data=46KB
09-02 11:50:21.331  2746  2751 I zygote64: Increasing code cache capacity to 256KB
09-02 11:50:21.387  2746  2771 I nimbus::nimbus_client: updating experiment list
09-02 11:50:21.388  2746  2771 I nimbus::persistence: Already at version 2, no upgrade needed
09-02 11:50:21.388  2746  2771 I nimbus::nimbus_client: [Nimbus] Retrieved date from Context: 2023-09-01 07:59:54 UTC
09-02 11:50:21.388  2746  2771 I nimbus::nimbus_client: [Nimbus] Installation Date: 2023-09-01 07:59:54 UTC
09-02 11:50:21.389  2746  2771 I nimbus::nimbus_client: [Nimbus] Update Date: 2023-09-02 06:19:16.138897683 UTC
09-02 11:50:21.389  2746  2771 I nimbus::nimbus_client: [Nimbus] Days since install: 1
09-02 11:50:21.389  2746  2771 I nimbus::nimbus_client: [Nimbus] Days since update: 0
09-02 11:50:21.402  2746  2771 I zygote64: Deoptimizing java.lang.Object com.sun.jna.Function.invoke(java.lang.reflect.Method, java.lang.Class[], java.lang.Class, java.lang.Object[], java.util.Map) due to class hierarchy analysis
09-02 11:50:21.445  2746  2774 I GeckoThread: preparing to run Gecko
09-02 11:50:21.452  3979  4373 W StorageManager: getStorageLowBytes lowPercent : 5, lowBytes : 1260145254, maxLowBytes : 524288000
09-02 11:50:21.454  3979  4373 W StorageManager: getStorageLowBytes lowPercent : 5, lowBytes : 1260145254, maxLowBytes : 524288000
09-02 11:50:21.456  3979  4670 W StorageManager: getStorageLowBytes lowPercent : 5, lowBytes : 1260145254, maxLowBytes : 524288000
09-02 11:50:21.462  2746  2746 I zygote64: Deoptimizing java.lang.Object androidx.collection.SimpleArrayMap.put(java.lang.Object, java.lang.Object) due to JIT inline cache
09-02 11:50:21.465  2707  2775 D ProfileInstaller: Installing profile for com.example.batterymanager_utility
09-02 11:50:21.469  2746  2777 I libglean_ffi: glean_core::core: Creating new Glean v53.1.0
09-02 11:50:21.470  2746  2777 I libglean_ffi: glean_core::database: Database initialized
09-02 11:50:21.473  2746  2777 I libglean_ffi: glean_core: Glean initialized
09-02 11:50:21.474  2746  2777 I libglean_ffi: glean_core::event_database: Loading events for events
09-02 11:50:21.475  2746  2777 I libglean_ffi: glean_core::event_database: Loading events for background-update
09-02 11:50:21.477  2746  2777 I libglean_ffi: glean_core::ping: Collecting events
09-02 11:50:21.482  2746  2751 I zygote64: Do full code cache collection, code=122KB, data=78KB
09-02 11:50:21.482  2746  2751 I zygote64: After code cache collection, code=86KB, data=51KB
09-02 11:50:21.487  2746  2777 I libglean_ffi: glean_core::upload::directory: Processing ping at: /data/user/0/org.mozilla.firefox/glean_data/pending_pings/226702cd-5fd3-4117-b5e0-710115611919
09-02 11:50:21.487  2746  2777 I libglean_ffi: glean_core::metrics::ping: The ping 'events' was submitted and will be sent as soon as possible
09-02 11:50:21.493  3979  4373 D PackageManager: setEnabledSetting : userId = 0 packageName = org.mozilla.firefox cmp = androidx.work.impl.background.systemjob.SystemJobService newState = 1 callingPackage = 10154/org.mozilla.firefox
09-02 11:50:21.495  2746  2774 I GeckoLoader: Library base=/data/app/org.mozilla.firefox-qXEeZwQeSKU-v4RxzjCTZA==/lib/arm64
09-02 11:50:21.496  2746  2774 W Settings: Setting animator_duration_scale has moved from android.provider.Settings.System to android.provider.Settings.Global, returning read-only global URI.
09-02 11:50:21.499  2746  2774 I GeckoLoader: Library base=/data/app/org.mozilla.firefox-qXEeZwQeSKU-v4RxzjCTZA==/lib/arm64
09-02 11:50:21.500  2746  2774 E GeckoLibLoad: Load sqlite start
09-02 11:50:21.502  2746  2774 E GeckoLibLoad: Load sqlite done
09-02 11:50:21.502  2746  2774 I GeckoLoader: Library base=/data/app/org.mozilla.firefox-qXEeZwQeSKU-v4RxzjCTZA==/lib/arm64
09-02 11:50:21.502  2746  2774 E GeckoLibLoad: Load nss start
09-02 11:50:21.502  2746  2774 E GeckoLibLoad: Load nss done
09-02 11:50:21.502  2746  2774 I GeckoLoader: Library base=/data/app/org.mozilla.firefox-qXEeZwQeSKU-v4RxzjCTZA==/lib/arm64
09-02 11:50:21.503  2746  2774 E GeckoLibLoad: Loaded libs in 0.887616ms total, 0ms(4ms) user, 0ms(0ms) system, 0(0) faults
09-02 11:50:21.505  2746  2774 W GeckoThread: zerdatime 93402937 - runGecko
09-02 11:50:21.508  2746  2777 I glean/MetricsPingSched: The 'metrics' ping was already sent today, 1693648221505.
09-02 11:50:21.511  3614  3927 D DnsProxyListener: DNSDBG::dns by name af 2
09-02 11:50:21.513  2746  2777 I libglean_ffi: glean_core::ping: Collecting baseline
09-02 11:50:21.525  2746  2777 I libglean_ffi: glean_core::upload::directory: Processing ping at: /data/user/0/org.mozilla.firefox/glean_data/pending_pings/f367e97e-f7f8-4bc6-8cc9-261d6fc6de8d
09-02 11:50:21.526  2746  2777 I libglean_ffi: glean_core::metrics::ping: The ping 'baseline' was submitted and will be sent as soon as possible
09-02 11:50:21.539  3979  5925 D ConnectivityService: filterNetworkStateForUid() uid: 10025 networkInfo: [type: WIFI[] - WIFI, state: CONNECTED/CONNECTED, reason: (unspecified), extra: "WiFi 69", failover: false, available: true, roaming: false, metered: false]
09-02 11:50:21.549  2746  2773 I libglean_ffi: glean_core::ping: Collecting pageload
09-02 11:50:21.551  2746  2773 I libglean_ffi: glean_core::ping: Storage for pageload empty. Bailing out.
09-02 11:50:21.551  2746  2773 I libglean_ffi: glean_core::metrics::ping: No content for ping 'pageload', therefore no ping queued.
09-02 11:50:21.557  2746  2774 I Gecko:DumpUtils: Fifo watcher disabled via pref.
09-02 11:50:21.576  3979  4670 D SamsungAlarmManager: setExact Intent (T:0/F:1/AC:false) 20330830T115021 - CU:10154/CP:2746
09-02 11:50:21.586  3979  5925 D ConnectivityService: filterNetworkStateForUid() uid: 10025 networkInfo: [type: WIFI[] - WIFI, state: CONNECTED/CONNECTED, reason: (unspecified), extra: "WiFi 69", failover: false, available: true, roaming: false, metered: false]
09-02 11:50:21.617  2746  2773 I libglean_ffi: glean_core::core: Upload enabled: true
09-02 11:50:21.654  2746  2756 I zygote64: Background concurrent copying GC freed 13537(991KB) AllocSpace objects, 6(120KB) LOS objects, 49% free, 3MB/6MB, paused 2.214ms total 113.873ms
09-02 11:50:21.665  2746  2746 I FenixApplication: AutoPushFeature is configured, initializing it...
09-02 11:50:21.667  3979  4670 D StorageManagerService: getExternalStorageMountMode : 1
09-02 11:50:21.667  2746  2746 I AbstractFirebasePushService: start
09-02 11:50:21.668  3979  4670 D StorageManagerService: getExternalStorageMountMode : 3
09-02 11:50:21.668  3979  4670 D StorageManagerService: getExternalStorageMountMode : final mountMode=1, uid : 10154, packageName : org.mozilla.firefox
09-02 11:50:21.669  3979  4670 I ApplicationPolicy: isApplicationExternalStorageWhitelisted:org.mozilla.firefox user:0
09-02 11:50:21.669  3979  4670 D ApplicationPolicy: isApplicationExternalStorageWhitelisted: DO is not enabled on user 0. Allowed.
09-02 11:50:21.669  3979  4670 D ActivityManager: package  org.mozilla.firefox, user - 0 is SDcard whitelisted
09-02 11:50:21.669  3979  4670 I ApplicationPolicy: isApplicationExternalStorageBlacklisted:org.mozilla.firefox user:0
09-02 11:50:21.669  3979  4670 D ApplicationPolicy: isApplicationExternalStorageBlacklisted: DO is not enabled on user 0. Allowed.
09-02 11:50:21.687  3979  4670 I ActivityManager: Start proc 2822:org.mozilla.firefox:tab23/u0a154 for service org.mozilla.firefox/org.mozilla.gecko.process.GeckoChildProcessServices$tab23
09-02 11:50:21.688  3979  5925 D ConnectivityService: filterNetworkStateForUid() uid: 10154 networkInfo: [type: WIFI[] - WIFI, state: CONNECTED/CONNECTED, reason: (unspecified), extra: "WiFi 69", failover: false, available: true, roaming: false, metered: false]
09-02 11:50:21.688  2822  2822 E Zygote  : isWhitelistProcess - Process is Whitelisted
09-02 11:50:21.688  2822  2822 E libpersona: scanKnoxPersonas
09-02 11:50:21.688  2822  2822 E libpersona: Couldn't open the File - /data/system/users/0/personalist.xml - No such file or directory
09-02 11:50:21.690  2822  2822 W SELinux : SELinux selinux_android_compute_policy_index : Policy Index[2],  Con:u:r:zygote:s0 RAM:SEPF_SM-J720F_8.0.0_0017, [-1 -1 -1 -1 0 1]
09-02 11:50:21.690  2822  2822 I SELinux : SELinux: seapp_context_lookup: seinfo=untrusted, level=s0:c512,c768, pkgname=org.mozilla.firefox:tab23 
09-02 11:50:21.703  7881 11527 W ResourceType: ResTable_typeSpec entry count inconsistent: given 77, previously 79
09-02 11:50:21.704  7881 11527 W ResourceType: ResTable_typeSpec entry count inconsistent: given 3309, previously 3332
09-02 11:50:21.704  7881 11527 W ResourceType: ResTable_typeSpec entry count inconsistent: given 518, previously 4352
09-02 11:50:21.713  2746  2820 I push::internal::communications::rate_limiter: No need to reset inner timestamp and count for verify_connection.
09-02 11:50:21.715  3979  4522 D PackageManager: setEnabledSetting : userId = 0 packageName = org.mozilla.firefox cmp = androidx.work.impl.background.systemalarm.RescheduleReceiver newState = 1 callingPackage = 10154/org.mozilla.firefox
09-02 11:50:21.718  2822  2822 D TimaKeyStoreProvider: TimaKeyStore is not enabled: cannot add TimaSignature Service and generateKeyPair Service
09-02 11:50:21.719  2822  2822 D ActivityThread: Added TimaKeyStore provider
09-02 11:50:21.723  3979  4670 I ActivityManager: START u0 {act=android.intent.action.VIEW typ=null flg=0x0 cmp=ComponentInfo{org.mozilla.firefox/org.mozilla.fenix.HomeActivity}} from uid 10154
09-02 11:50:21.727  2746  2820 I push::internal::communications::rate_limiter: Not allowed: count(48) > 1 for verify_connection.
09-02 11:50:21.729  2746  2820 I AutoPushFeature: No change to subscriptions. Doing nothing.
09-02 11:50:21.736  3979  5172 I ActivityManager: DSS on for org.mozilla.firefox and scale is 1.0
09-02 11:50:21.743  3979  4522 D ConnectivityService: filterNetworkStateForUid() uid: 10154 networkInfo: [type: WIFI[] - WIFI, state: CONNECTED/CONNECTED, reason: (unspecified), extra: "WiFi 69", failover: false, available: true, roaming: false, metered: false]
09-02 11:50:21.755  3979  4046 D ViewRootImpl@59fb1a[firefox]: setView = DecorView@445b828[firefox] TM=true MM=false
09-02 11:50:21.755  3979  5172 D ConnectivityService: filterNetworkStateForUid() uid: 10154 networkInfo: [type: WIFI[] - WIFI, state: CONNECTED/CONNECTED, reason: (unspecified), extra: "WiFi 69", failover: false, available: true, roaming: false, metered: false]
09-02 11:50:21.757  2822  2822 I zygote64: no shared libraies, dex_files: 1
09-02 11:50:21.759  3979  5172 D ConnectivityService: filterNetworkStateForUid() uid: 10154 networkInfo: [type: WIFI[] - WIFI, state: CONNECTED/CONNECTED, reason: (unspecified), extra: "WiFi 69", failover: false, available: true, roaming: false, metered: false]
09-02 11:50:21.762  2746  2827 D ConnectivityManager: requestNetwork; CallingUid : 10154, CallingPid : 2746
09-02 11:50:21.765  3979  4373 D ConnectivityService: requestNetwork for uid/pid:10154/2746 NetworkRequest [ TRACK_DEFAULT id=598, [ Capabilities: INTERNET&NOT_RESTRICTED&TRUSTED&NOT_VPN] ]
09-02 11:50:21.766  3979  4180 D ConnectivityService: rematching NetworkAgentInfo [WIFI () - 502]
09-02 11:50:21.766  2746  2746 I Choreographer: Skipped 33 frames!  The application may be doing too much work on its main thread.
09-02 11:50:21.766  3979  4180 D ConnectivityService:  network has: [ Transports: WIFI Capabilities: NOT_METERED&INTERNET&NOT_RESTRICTED&TRUSTED&NOT_VPN&VALIDATED&FOREGROUND LinkUpBandwidth>=1048576Kbps LinkDnBandwidth>=1048576Kbps SignalStrength: -53]
09-02 11:50:21.766  3979  4180 D ConnectivityService: Network NetworkAgentInfo [WIFI () - 502] was already satisfying request 3. No change.
09-02 11:50:21.766  3979  4180 D ConnectivityService: Network NetworkAgentInfo [WIFI () - 502] was already satisfying request 597. No change.
09-02 11:50:21.766  3979  4180 D ConnectivityService: Network NetworkAgentInfo [WIFI () - 502] was already satisfying request 1. No change.
09-02 11:50:21.767  3979  4180 D ConnectivityService: Network NetworkAgentInfo [WIFI () - 502] was already satisfying request 443. No change.
09-02 11:50:21.767  3979  4180 D ConnectivityService:   checking if request is satisfied: NetworkRequest [ TRACK_DEFAULT id=598, [ Capabilities: INTERNET&NOT_RESTRICTED&TRUSTED&NOT_VPN] ]
09-02 11:50:21.767  3979  4180 D ConnectivityService: currentScore = 0, newScore = 60
09-02 11:50:21.767  3979  4180 D ConnectivityService: rematch for NetworkAgentInfo [WIFI () - 502]
09-02 11:50:21.767  3979  4180 D ConnectivityService:    accepting network in place of null
09-02 11:50:21.767  3979  4180 D ConnectivityService: sending new Min Network Score(60): NetworkRequest [ TRACK_DEFAULT id=598, [ Capabilities: INTERNET&NOT_RESTRICTED&TRUSTED&NOT_VPN] ]
09-02 11:50:21.771  3979  4177 D WIFI_P2P: got request NetworkRequest [ TRACK_DEFAULT id=598, [ Capabilities: INTERNET&NOT_RESTRICTED&TRUSTED&NOT_VPN] ] with score 60
09-02 11:50:21.771  3979  4180 D ConnectivityService: MultiNetwork Request(TransportType - Wi-Fi request). Internet Capability doesn't required (false)
09-02 11:50:21.771  3979  4180 D ConnectivityService: Network NetworkAgentInfo [WIFI () - 502] was already satisfying request 140. No change.
09-02 11:50:21.771  3979  4177 D WIFI_P2P:   my score=60, my filter=[ Transports: WIFI Capabilities: WIFI_P2P&NOT_RESTRICTED&TRUSTED&NOT_VPN LinkUpBandwidth>=1048576Kbps LinkDnBandwidth>=1048576Kbps]
09-02 11:50:21.771  3979  4177 D WIFI_P2P: evalRequest
09-02 11:50:21.771  3979  4177 D WIFI_P2P:   done
09-02 11:50:21.771  3979  4180 D ConnectivityService: sending notification AVAILABLE for NetworkRequest [ TRACK_DEFAULT id=598, [ Capabilities: INTERNET&NOT_RESTRICTED&TRUSTED&NOT_VPN] ]
09-02 11:50:21.771  4633  4633 D PhoneSwitcherNetworkRequstListener: got request NetworkRequest [ TRACK_DEFAULT id=598, [ Capabilities: INTERNET&NOT_RESTRICTED&TRUSTED&NOT_VPN] ] with score 60
09-02 11:50:21.772  4633  4633 D PhoneSwitcherNetworkRequstListener:   my score=101, my filter=[ Transports: CELLULAR Capabilities: MMS&SUPL&DUN&FOTA&IMS&CBS&IA&RCS&XCAP&EIMS&INTERNET&NOT_RESTRICTED&TRUSTED&NOT_VPN&ENT1 Specifier: <android.net.MatchAllNetworkSpecifier@0>]
09-02 11:50:21.772  3979  4046 D ViewRootImpl@59fb1a[firefox]: dispatchAttachedToWindow
09-02 11:50:21.772  4633  4633 D PhoneSwitcherNetworkRequstListener: evalRequest
09-02 11:50:21.772  4633  4633 D PhoneSwitcherNetworkRequstListener:   needNetworkFor
09-02 11:50:21.772  3979  4180 D ConnectivityService: sending notification CAP_CHANGED for NetworkRequest [ TRACK_DEFAULT id=598, [ Capabilities: INTERNET&NOT_RESTRICTED&TRUSTED&NOT_VPN] ]
09-02 11:50:21.772  3979  4046 V WindowManager: Relayout Window{ee064b u0 Splash Screen org.mozilla.firefox}: viewVisibility=0 req=719x1237 WM.LayoutParams{(0,0)(fillxfill) sim=#20 ty=3 fl=#81830118 pfl=0x20011 fmt=-3 wanim=0x10302ea vsysui=0x600 needsMenuKey=2 colorMode=0 naviIconColor=0}
09-02 11:50:21.772  3979  4180 D ConnectivityService: sending notification IP_CHANGED for NetworkRequest [ TRACK_DEFAULT id=598, [ Capabilities: INTERNET&NOT_RESTRICTED&TRUSTED&NOT_VPN] ]
09-02 11:50:21.774  3979  4306 D Ethernet: got request NetworkRequest [ TRACK_DEFAULT id=598, [ Capabilities: INTERNET&NOT_RESTRICTED&TRUSTED&NOT_VPN] ] with score 60
09-02 11:50:21.774  3979  4306 D Ethernet:   my score=-1, my filter=[ Transports: ETHERNET Capabilities: INTERNET&NOT_RESTRICTED&TRUSTED&NOT_VPN LinkUpBandwidth>=100000Kbps LinkDnBandwidth>=100000Kbps]
09-02 11:50:21.774  3979  4306 D Ethernet: evalRequest
09-02 11:50:21.774  3979  4306 D Ethernet:   done
09-02 11:50:21.775  3979  4522 D ConnectivityService: filterNetworkStateForUid() uid: 10154 networkInfo: [type: WIFI[] - WIFI, state: CONNECTED/CONNECTED, reason: (unspecified), extra: "WiFi 69", failover: false, available: true, roaming: false, metered: false]
09-02 11:50:21.776  3462  3462 I SurfaceFlinger: id=1484 createSurf (720x1280),1 flag=4, Splash Screen org.mozilla.firefox#0
09-02 11:50:21.778  3979  4046 V Surface : sf_framedrop debug : 0x4f4c, game : false, logging : 0
09-02 11:50:21.779  3979  4522 D ConnectivityService: filterNetworkStateForUid() uid: 10154 networkInfo: [type: WIFI[] - WIFI, state: CONNECTED/CONNECTED, reason: (unspecified), extra: "WiFi 69", failover: false, available: true, roaming: false, metered: false]
09-02 11:50:21.781  3979  4153 D WIFI    : got request NetworkRequest [ TRACK_DEFAULT id=598, [ Capabilities: INTERNET&NOT_RESTRICTED&TRUSTED&NOT_VPN] ] with score 60
09-02 11:50:21.781  3979  4153 D WIFI    :   my score=60, my filter=[ Transports: WIFI Capabilities: NOT_METERED&INTERNET&NOT_RESTRICTED&TRUSTED&NOT_VPN LinkUpBandwidth>=1048576Kbps LinkDnBandwidth>=1048576Kbps]
09-02 11:50:21.781  3979  4153 D WIFI    : evalRequest
09-02 11:50:21.781  3979  4153 D WIFI    :   needNetworkFor
09-02 11:50:21.781  3979  4153 D WIFI_UT : got request NetworkRequest [ TRACK_DEFAULT id=598, [ Capabilities: INTERNET&NOT_RESTRICTED&TRUSTED&NOT_VPN] ] with score 60
09-02 11:50:21.781  3979  4153 D WIFI_UT :   my score=2147483647, my filter=[ Transports: WIFI Capabilities: NOT_METERED&INTERNET&NOT_RESTRICTED&TRUSTED&NOT_VPN LinkUpBandwidth>=1048576Kbps LinkDnBandwidth>=1048576Kbps]
09-02 11:50:21.781  3979  4153 D WIFI_UT : evalRequest
09-02 11:50:21.781  3979  4153 D WIFI_UT :   needNetworkFor
09-02 11:50:21.782  3979  4046 D ViewRootImpl@59fb1a[firefox]: Relayout returned: old=[0,0][0,0] new=[0,0][720,1280] result=0x7 surface={valid=true 535410446336} changed=true
09-02 11:50:21.785  3979  4046 D ViewRootImpl@59fb1a[firefox]: MSG_RESIZED_REPORT: frame=Rect(0, 0 - 720, 1280) ci=Rect(0, 42 - 0, 0) vi=Rect(0, 42 - 0, 0) or=1
09-02 11:50:21.803  3979  4046 V WindowManager: finishDrawingLocked: mDrawState=COMMIT_DRAW_PENDING Window{ee064b u0 Splash Screen org.mozilla.firefox} in Surface(name=Splash Screen org.mozilla.firefox)
09-02 11:50:21.814  2822  2822 I ServiceChildProcess: onCreate
09-02 11:50:21.816  2822  2850 I GeckoThread: preparing to run Gecko
09-02 11:50:21.843  2746  2751 I zygote64: Do partial code cache collection, code=116KB, data=76KB
09-02 11:50:21.843  2746  2751 I zygote64: After code cache collection, code=116KB, data=76KB
09-02 11:50:21.843  2746  2751 I zygote64: Increasing code cache capacity to 512KB
09-02 11:50:21.844  3979  4373 D ActivityManager: isScaleDownAnimationEnabled() : false
09-02 11:50:21.848  3979  4373 D PersonaManagerService: Current focused persona service handled id set to : 0
09-02 11:50:21.848  3979  4373 D InputDispatcher: Focused application set to: xxxx
09-02 11:50:21.849  3979  4238 D GameManagerService: handleForegroundChange(). pkgName: org.mozilla.firefox, clsName: org.mozilla.fenix.HomeActivity,FgActivityName:org.mozilla.firefox/org.mozilla.fenix.HomeActivity
09-02 11:50:21.849  3979  4238 D GameManagerService:   handleForegroundChange(). same package. game has never resumed yet. ignore
09-02 11:50:21.850  3979  4373 D MARsPolicyManager: onPackageResumedFG pkgName = org.mozilla.firefox, userId = 0
09-02 11:50:21.873  3462  3462 V Surface : sf_framedrop debug : 0x4f4c, game : false, logging : 0
09-02 11:50:21.876  2707  2723 D OpenGLRenderer: eglDestroySurface = 0x7cc1baee80
09-02 11:50:21.884  3979  4373 D TaskSnapshotCache: putSnapshot mTaskId=413 RunningCache size=4
09-02 11:50:21.890  3979  4670 V WindowManager: Relayout Window{4b5ad18 u0 com.example.batterymanager_utility/com.example.batterymanager_utility.MainActivity}: viewVisibility=8 req=720x1280 WM.LayoutParams{(0,0)(fillxfill) sim=#120 ty=1 fl=#81810100 pfl=0x20000 wanim=0x10302fd vsysui=0x600 needsMenuKey=2 colorMode=0 naviIconColor=0}
09-02 11:50:21.897  2707  2707 D ViewRootImpl@aec65c3[MainActivity]: Relayout returned: old=[0,0][720,1280] new=[0,0][720,1280] result=0x5 surface={valid=false 0} changed=true
09-02 11:50:21.903  4349  4858 D SystemServicesProxy: updateOverviewLastStackActiveTimeAsync: newTime=1693559943942
09-02 11:50:21.903  3979  3996 D WindowManager: set systemUiVisibility : systemUiFlags= 0x608 fullscreenStackSysUiFlags= 0x0
09-02 11:50:21.904  3979  5172 D SecContentProvider: query(), uri = 17 selection = isSettingsChangesAllowed
09-02 11:50:21.905  3979  5172 D SecContentProvider: called from android.uid.systemui:10009
09-02 11:50:21.906  4349  4561 D SystemServicesProxy: updateOverviewLastStackActiveTimeAsync: done.
09-02 11:50:21.910  3462  3462 I SurfaceFlinger: Display 0 HWC layers:
09-02 11:50:21.910  3462  3462 I SurfaceFlinger:     type    |    handle    | flag |  format   |   source crop (l,t,r,b)    |         frame       | name 
09-02 11:50:21.910  3462  3462 I SurfaceFlinger: ------------+--------------+------+-----------+----------------------------+---------------------+------
09-02 11:50:21.910  3462  3462 I SurfaceFlinger:      Client |              | 0000 |  Unknown  |  -0.2   -0.2   -0.8   -0.8 |    0    0  720 1280 | animation background stackId=1#0
09-02 11:50:21.910  3462  3462 I SurfaceFlinger:      Client | 0x7abe6ab540 | 0002 | RGBA_8888 |   0.0    0.0  720.0 1280.0 |    0    0  720 1279 | com.example.batterymanager_utility/c[...]atterymanager_utility.MainActivity#0
09-02 11:50:21.910  3462  3462 I SurfaceFlinger:      Device | 0x7ac4c24480 | 0000 | RGBA_8888 |   0.0    0.0  720.0   42.0 |    0    0  720   42 | StatusBar#0
09-02 11:50:21.910  3462  3462 I SurfaceFlinger: 
09-02 11:50:21.956  2746  2774 W ResourceType: Too many attribute references, stopped at: 0x01010099
09-02 11:50:21.964  4349  4858 D SystemServicesProxy: updateOverviewLastStackActiveTimeAsync: newTime=1693559943942
09-02 11:50:21.965  3979  4373 D SecContentProvider: query(), uri = 17 selection = isSettingsChangesAllowed
09-02 11:50:21.967  3979  4373 D SecContentProvider: called from android.uid.systemui:10009
09-02 11:50:21.967  4349  4561 D SystemServicesProxy: updateOverviewLastStackActiveTimeAsync: done.
09-02 11:50:22.002  3979  4373 D StorageManagerService: getExternalStorageMountMode : 1
09-02 11:50:22.002  3979  4373 D StorageManagerService: getExternalStorageMountMode : 3
09-02 11:50:22.003  3979  4373 D StorageManagerService: getExternalStorageMountMode : final mountMode=1, uid : 10154, packageName : org.mozilla.firefox
09-02 11:50:22.003  3979  4373 I ApplicationPolicy: isApplicationExternalStorageWhitelisted:org.mozilla.firefox user:0
09-02 11:50:22.003  3979  4373 D ApplicationPolicy: isApplicationExternalStorageWhitelisted: DO is not enabled on user 0. Allowed.
09-02 11:50:22.003  3979  4373 D ActivityManager: package  org.mozilla.firefox, user - 0 is SDcard whitelisted
09-02 11:50:22.003  3979  4373 I ApplicationPolicy: isApplicationExternalStorageBlacklisted:org.mozilla.firefox user:0
09-02 11:50:22.003  3979  4373 D ApplicationPolicy: isApplicationExternalStorageBlacklisted: DO is not enabled on user 0. Allowed.
09-02 11:50:22.016  3979  4373 I ActivityManager: Start proc 2883:org.mozilla.firefox:gpu/u0a154 for service org.mozilla.firefox/org.mozilla.gecko.process.GeckoChildProcessServices$gpu
09-02 11:50:22.016  2883  2883 E Zygote  : isWhitelistProcess - Process is Whitelisted
09-02 11:50:22.017  2883  2883 E libpersona: scanKnoxPersonas
09-02 11:50:22.017  2883  2883 E libpersona: Couldn't open the File - /data/system/users/0/personalist.xml - No such file or directory
09-02 11:50:22.020  2883  2883 W SELinux : SELinux selinux_android_compute_policy_index : Policy Index[2],  Con:u:r:zygote:s0 RAM:SEPF_SM-J720F_8.0.0_0017, [-1 -1 -1 -1 0 1]
09-02 11:50:22.021  2883  2883 I SELinux : SELinux: seapp_context_lookup: seinfo=untrusted, level=s0:c512,c768, pkgname=org.mozilla.firefox:gpu 
09-02 11:50:22.036  2746  2786 W logins::schema: user_version: 2
09-02 11:50:22.040  2883  2883 D TimaKeyStoreProvider: TimaKeyStore is not enabled: cannot add TimaSignature Service and generateKeyPair Service
09-02 11:50:22.040  2883  2883 D ActivityThread: Added TimaKeyStore provider
09-02 11:50:22.044  3979  4373 I ActivityManager: DSS on for org.mozilla.firefox and scale is 1.0
09-02 11:50:22.063  2883  2883 I zygote64: no shared libraies, dex_files: 1
09-02 11:50:22.078  3462  3462 I SurfaceFlinger: Display 0 HWC layers:
09-02 11:50:22.078  3462  3462 I SurfaceFlinger:     type    |    handle    | flag |  format   |   source crop (l,t,r,b)    |         frame       | name 
09-02 11:50:22.078  3462  3462 I SurfaceFlinger: ------------+--------------+------+-----------+----------------------------+---------------------+------
09-02 11:50:22.078  3462  3462 I SurfaceFlinger:      Client |              | 0000 |  Unknown  |  -0.2   -0.2   -0.8   -0.8 |    0    0  720 1280 | animation background stackId=1#0
09-02 11:50:22.078  3462  3462 I SurfaceFlinger:      Client | 0x7abe6ab540 | 0002 | RGBA_8888 |   0.0    0.0  720.0 1280.0 |   16   29  703 1251 | com.example.batterymanager_utility/c[...]atterymanager_utility.MainActivity#0
09-02 11:50:22.078  3462  3462 I SurfaceFlinger:      Device | 0x7ac4c24240 | 0000 | RGBA_8888 |   0.0    0.0  720.0 1022.0 |   17  305  704 1280 | Splash Screen org.mozilla.firefox#0
09-02 11:50:22.078  3462  3462 I SurfaceFlinger:      Device | 0x7abe64b980 | 0000 | RGBA_8888 |   0.0    0.0  720.0   42.0 |    0    0  720   42 | StatusBar#0
09-02 11:50:22.078  3462  3462 I SurfaceFlinger: 
09-02 11:50:22.123  2883  2883 I ServiceChildProcess: onCreate
09-02 11:50:22.126  2883  2905 I GeckoThread: preparing to run Gecko
09-02 11:50:22.147  3614  3927 D DnsProxyListener: DNSDBG::dns addrinfo af 2
09-02 11:50:22.148  3614  3927 D DnsProxyListener: DNSDBG::dns addrinfo af 2
09-02 11:50:22.150  2746  2809 W ActivityThread: ClassLoader.getResources: The class loader returned by Thread.getContextClassLoader() may fail for processes that host multiple applications. You should explicitly specify a context class loader. For example: Thread.setContextClassLoader(getClass().getClassLoader());
09-02 11:50:22.170  2746  2746 I NavController: Ignoring popBackStack to destination org.mozilla.firefox:id/browserFragment as it was not found on the current back stack
09-02 11:50:22.171  2746  2746 I NavController: Ignoring popBackStack to destination org.mozilla.firefox:id/homeFragment as it was not found on the current back stack
09-02 11:50:22.217  2746  2746 I ContileTopSitesUpdater: Started periodic work to update Contile top sites
09-02 11:50:22.356  3979  4046 I WindowManager: Destroying surface Surface(name=com.example.batterymanager_utility/com.example.batterymanager_utility.MainActivity) called by com.android.server.wm.WindowStateAnimator.destroySurface:2501 com.android.server.wm.WindowStateAnimator.destroySurfaceLocked:985 com.android.server.wm.WindowState.destroyOrSaveSurfaceUnchecked:3671 com.android.server.wm.WindowState.destroySurface:3619 com.android.server.wm.AppWindowToken.destroySurfaces:722 com.android.server.wm.AppWindowToken.destroySurfaces:706 com.android.server.wm.WindowState.onExitAnimationDone:5333 com.android.server.wm.WindowStateAnimator.stepAnimationLocked:550 
09-02 11:50:22.356  3462  3501 I SurfaceFlinger: id=1483 Removed com.example.batterymanager_utility/com.example.batterymanager_utility.MainActivity#0 (2/5)
09-02 11:50:22.361  3462  5840 I SurfaceFlinger: id=1483 Removed com.example.batterymanager_utility/com.example.batterymanager_utility.MainActivity#0 (-2/5)
09-02 11:50:22.371  3462  3462 I Layer   : id=1483 onRemoved com.example.batterymanager_utility/com.example.batterymanager_utility.MainActivity#0 
09-02 11:50:22.374  3462  3462 I SurfaceFlinger: Display 0 HWC layers:
09-02 11:50:22.374  3462  3462 I SurfaceFlinger:     type    |    handle    | flag |  format   |   source crop (l,t,r,b)    |         frame       | name 
09-02 11:50:22.374  3462  3462 I SurfaceFlinger: ------------+--------------+------+-----------+----------------------------+---------------------+------
09-02 11:50:22.374  3462  3462 I SurfaceFlinger:      Device | 0x7ac4c24240 | 0000 | RGBA_8888 |   0.0    0.0  720.0 1280.0 |    0    0  720 1280 | Splash Screen org.mozilla.firefox#0
09-02 11:50:22.374  3462  3462 I SurfaceFlinger:      Device | 0x7ac4c25140 | 0000 | RGBA_8888 |   0.0    0.0  720.0   42.0 |    0    0  720   42 | StatusBar#0
09-02 11:50:22.374  3462  3462 I SurfaceFlinger: 
09-02 11:50:22.375  2746  2751 I zygote64: Do full code cache collection, code=253KB, data=153KB
09-02 11:50:22.376  2746  2751 I zygote64: After code cache collection, code=225KB, data=121KB
09-02 11:50:22.406  3449  3449 I android.hardware.wifi@1.0-service: getLinkLayerStats
09-02 11:50:22.414  2746  2746 W GeckoViewActivityContextDelegate: A non-activity context was set.
09-02 11:50:22.457  2746  2746 D skia    : approximate: numPoints=40, lengths[39]=620.200073, totalLength=620.200073, segmentPoints[39]=[422.600037,0.000000]
09-02 11:50:22.457  2746  2746 D skia    : approximate: approximation[117]=1.000000, approximation[118]=422.600037, approximation[119]=0.000000
09-02 11:50:22.457  2746  2746 D skia    : approximate: numPoints=4, lengths[3]=3.448155, totalLength=3.448155, segmentPoints[3]=[3.000000,0.100000]
09-02 11:50:22.457  2746  2746 D skia    : approximate: approximation[9]=1.000000, approximation[10]=3.000000, approximation[11]=0.100000
09-02 11:50:22.459  2746  2746 D skia    : approximate: numPoints=37, lengths[36]=722.199951, totalLength=722.199951, segmentPoints[36]=[199.600006,0.000000]
09-02 11:50:22.459  2746  2746 D skia    : approximate: approximation[108]=1.000000, approximation[109]=199.600006, approximation[110]=0.000000
09-02 11:50:22.459  2746  2746 D skia    : approximate: numPoints=3, lengths[2]=2.472497, totalLength=2.472497, segmentPoints[2]=[2.000000,0.100000]
09-02 11:50:22.459  2746  2746 D skia    : approximate: approximation[6]=1.000000, approximation[7]=2.000000, approximation[8]=0.100000
09-02 11:50:22.472  3979  4323 I OpenGLRenderer: Initialized EGL, version 1.4
09-02 11:50:22.472  3979  4323 D OpenGLRenderer: Swap behavior 2
09-02 11:50:22.484  2746  2751 I zygote64: Do partial code cache collection, code=236KB, data=139KB
09-02 11:50:22.484  2746  2751 I zygote64: After code cache collection, code=236KB, data=139KB
09-02 11:50:22.484  2746  2751 I zygote64: Increasing code cache capacity to 1024KB
09-02 11:50:22.493  2746  2746 I BgSyncManager: Periodic syncing enabled: PeriodicSyncConfig(periodMinutes=240, initialDelayMinutes=5)
09-02 11:50:22.493  2746  2746 I FirefoxAccountStateMachine: Sync is enabled
09-02 11:50:22.571  3979  4292 D WifiConnectivityMonitor.SingDnsChecker: #1 GW MAC address found in ARP table.1 msec.
09-02 11:50:22.582  2746  2773 I libglean_ffi: glean_core::ping: Collecting baseline
09-02 11:50:22.592  2746  2773 I libglean_ffi: glean_core::upload::directory: Processing ping at: /data/user/0/org.mozilla.firefox/glean_data/pending_pings/61d06a86-c1c0-4f1f-bff9-5d3545aeb193
09-02 11:50:22.593  2746  2773 I libglean_ffi: glean_core::metrics::ping: The ping 'baseline' was submitted and will be sent as soon as possible
09-02 11:50:22.593  2746  2746 I zygote64: Deoptimizing java.lang.Object kotlin.coroutines.CoroutineContext$plus$1.invoke(java.lang.Object, java.lang.Object) due to JIT inline cache
09-02 11:50:22.594  2746  2746 I zygote64: Deoptimizing kotlin.coroutines.CoroutineContext$Element kotlin.coroutines.CombinedContext.get(kotlin.coroutines.CoroutineContext$Key) due to JIT inline cache
09-02 11:50:22.598  2746  2787 I zygote64: Deoptimizing kotlin.coroutines.CoroutineContext kotlin.coroutines.CoroutineContext$Element$DefaultImpls.minusKey(kotlin.coroutines.CoroutineContext$Element, kotlin.coroutines.CoroutineContext$Key) due to JIT same target
09-02 11:50:22.599  3979  4373 D ConnectivityService: filterNetworkStateForUid() uid: 10154 networkInfo: [type: WIFI[] - WIFI, state: CONNECTED/CONNECTED, reason: (unspecified), extra: "WiFi 69", failover: false, available: true, roaming: false, metered: false]
09-02 11:50:22.603  2746  2787 I zygote64: Deoptimizing void kotlin.sequences.SequencesKt___SequencesKt.toCollection(kotlin.sequences.Sequence, java.util.AbstractCollection) due to JIT inline cache
09-02 11:50:22.606  3614  3927 D DnsProxyListener: DNSDBG::dns addrinfo af 2
09-02 11:50:22.634  2746  2791 I zygote64: Deoptimizing kotlin.coroutines.CoroutineContext kotlinx.coroutines.CoroutineContextKt.foldCopies(kotlin.coroutines.CoroutineContext, kotlin.coroutines.CoroutineContext, boolean) due to JIT inline cache
09-02 11:50:22.636  2746  2787 I StartupTypeTelemetry: Recorded start up: cold_view
09-02 11:50:22.653  2746  2920 D OpenGLRenderer: HWUI GL Pipeline
09-02 11:50:22.662  2746  2746 D ViewRootImpl@6b47f5b[HomeActivity]: setView = DecorView@50a23f8[HomeActivity] TM=true MM=false
09-02 11:50:22.665  3979  4373 D ActivityManager: post active user change for 0 fullscreen true isHomeActivity() false
09-02 11:50:22.682  2746  2921 I libglean_ffi: glean_core::upload: New upload task with id 226702cd-5fd3-4117-b5e0-710115611919 (path: /submit/org-mozilla-firefox/events/1/226702cd-5fd3-4117-b5e0-710115611919)
09-02 11:50:22.698  3614  3927 D DnsProxyListener: DNSDBG::dns addrinfo af 2
09-02 11:50:22.704  2746  2923 I FirefoxAccountStateMachine: Processing event 'mozilla.components.service.fxa.manager.Event$Account$Start@a6cc73b' for state Idle(accountState=NotAuthenticated). Next state is Active(progressState=Initializing)
09-02 11:50:22.711  2883  2905 I GeckoLoader: Library base=/data/app/org.mozilla.firefox-qXEeZwQeSKU-v4RxzjCTZA==/lib/arm64
09-02 11:50:22.711  2883  2905 I GeckoLoader: Library base=/data/app/org.mozilla.firefox-qXEeZwQeSKU-v4RxzjCTZA==/lib/arm64
09-02 11:50:22.712  2883  2905 E GeckoLibLoad: Load sqlite start
09-02 11:50:22.715  2883  2905 E GeckoLibLoad: Load sqlite done
09-02 11:50:22.715  2883  2905 I GeckoLoader: Library base=/data/app/org.mozilla.firefox-qXEeZwQeSKU-v4RxzjCTZA==/lib/arm64
09-02 11:50:22.715  2883  2905 E GeckoLibLoad: Load nss start
09-02 11:50:22.715  2883  2905 E GeckoLibLoad: Load nss done
09-02 11:50:22.716  2883  2905 I GeckoLoader: Library base=/data/app/org.mozilla.firefox-qXEeZwQeSKU-v4RxzjCTZA==/lib/arm64
09-02 11:50:22.717  3347  3347 W keymaster2_mdfpp: entered get_key_characteristics function.
09-02 11:50:22.720  3347  3347 W keymaster_tee: [WRN]KEY_PARAMS: AES ENC DEC GCM PADNO AUTH SIZE:256 
09-02 11:50:22.720  3347  3347 W keymaster_tee: [WRN]KEY_PARAMS: 20230902081917 
09-02 11:50:22.720  3347  3347 W keymaster2_mdfpp: exit get_key_characteristics function, returned 0
09-02 11:50:22.725  3347  3347 W keymaster2_mdfpp: entered get_key_characteristics function.
09-02 11:50:22.727  3347  3347 W keymaster_tee: [WRN]KEY_PARAMS: AES ENC DEC GCM PADNO AUTH SIZE:256 
09-02 11:50:22.727  3347  3347 W keymaster_tee: [WRN]KEY_PARAMS: 20230902081917 
09-02 11:50:22.727  3347  3347 W keymaster2_mdfpp: exit get_key_characteristics function, returned 0
09-02 11:50:22.733  3979  3988 I zygote64: NativeAllocBackground concurrent copying GC freed 198671(9MB) AllocSpace objects, 102(2MB) LOS objects, 38% free, 38MB/62MB, paused 513us total 227.960ms
09-02 11:50:22.741  2746  2923 I FirefoxAccount: Registering persistence callback
09-02 11:50:22.742  2746  2923 I FirefoxAccountStateMachine: Ran 'mozilla.components.service.fxa.manager.Event$Account$Start@a6cc73b' side-effects for state Active(progressState=Initializing), got successive event mozilla.components.service.fxa.manager.Event$Progress$AccountNotFound@b2b4070
09-02 11:50:22.742  2746  2923 I FirefoxAccountStateMachine: Processing event 'mozilla.components.service.fxa.manager.Event$Progress$AccountNotFound@b2b4070' for state Active(progressState=Initializing). Next state is Idle(accountState=NotAuthenticated)
09-02 11:50:22.747  2883  2905 E GeckoLibLoad: Loaded libs in 31.511730ms total, 16ms(12ms) user, 16ms(16ms) system, 0(0) faults
09-02 11:50:22.748  2883  2905 W GeckoThread: zerdatime 93404180 - runGecko
09-02 11:50:22.748  3979  4373 I chatty  : uid=1000(system) Binder:3979_4 identical 7 lines
09-02 11:50:22.748  3979  4373 D ConnectivityService: filterNetworkStateForUid() uid: 10154 networkInfo: [type: WIFI[] - WIFI, state: CONNECTED/CONNECTED, reason: (unspecified), extra: "WiFi 69", failover: false, available: true, roaming: false, metered: false]
09-02 11:50:22.754  3614  3927 D DnsProxyListener: DNSDBG::dns addrinfo af 2
09-02 11:50:22.757  3614  3927 I chatty  : uid=0(root) /system/bin/netd identical 2 lines
09-02 11:50:22.757  3614  3927 D DnsProxyListener: DNSDBG::dns addrinfo af 2
09-02 11:50:22.758  2746  2746 V InputMethodManager: Not IME target window, ignoring
09-02 11:50:22.760  3614  3927 D DnsProxyListener: DNSDBG::dns addrinfo af 2
09-02 11:50:22.760  3614  3927 D DnsProxyListener: DNSDBG::dns addrinfo af 2
09-02 11:50:22.763  2746  2746 D ViewRootImpl@6b47f5b[HomeActivity]: dispatchAttachedToWindow
09-02 11:50:22.787  3979  4292 D WifiConnectivityMonitor:  [|213] [] []
09-02 11:50:22.807  3979  4522 V WindowManager: Relayout Window{349c96e u0 org.mozilla.firefox/org.mozilla.fenix.HomeActivity}: viewVisibility=0 req=719x1237 WM.LayoutParams{(0,0)(fillxfill) sim=#110 ty=1 fl=#81010100 pfl=0x20000 wanim=0x7f1404fa vsysui=0x2610 needsMenuKey=2 colorMode=0 naviIconColor=0}
09-02 11:50:22.812  3462  3462 I SurfaceFlinger: id=1485 createSurf (720x1280),1 flag=404, org.mozilla.firefox/org.mozilla.fenix.HomeActivity#0
09-02 11:50:22.813  3979  4522 V Surface : sf_framedrop debug : 0x4f4c, game : false, logging : 0
09-02 11:50:22.813  3979  3996 D WindowManager: set systemUiVisibility : systemUiFlags= 0x2608 fullscreenStackSysUiFlags= 0x0
09-02 11:50:22.818  3979  4522 D InputDispatcher: Focus entered window: 2746
09-02 11:50:22.820  2746  2746 V Surface : sf_framedrop debug : 0x4f4c, game : false, logging : 0
09-02 11:50:22.821  2746  2746 D ViewRootImpl@6b47f5b[HomeActivity]: Relayout returned: old=[0,0][0,0] new=[0,0][720,1280] result=0x7 surface={valid=true 533311758336} changed=true
09-02 11:50:22.821  2746  2920 I OpenGLRenderer: Initialized EGL, version 1.4
09-02 11:50:22.821  2746  2920 D OpenGLRenderer: Swap behavior 2
09-02 11:50:22.825  2746  2920 D libGLESv1: STS_GLApi : DTS, ODTC are not allowed for Package : org.mozilla.firefox
09-02 11:50:22.826  3979  5977 D WindowManager: adjustSystemUiVisibilityLw : vis= 0x2608
09-02 11:50:22.827  2746  2920 D mali_winsys: EGLint new_window_surface(egl_winsys_display *, void *, EGLSurface, EGLConfig, egl_winsys_surface **, egl_color_buffer_format *, EGLBoolean) returns 0x3000,  [720x1280]-format:1
09-02 11:50:22.827  2746  2920 D OpenGLRenderer: eglCreateWindowSurface = 0x7c28502b80
09-02 11:50:22.845  3979  5977 I ActivityManager: Displayed org.mozilla.firefox/org.mozilla.fenix.HomeActivity: +1s107ms (total +1s780ms)
09-02 11:50:22.846  3979  5977 I ActivityManager: Fully drawn org.mozilla.firefox/org.mozilla.fenix.HomeActivity: +1s107ms (total +1s780ms)
09-02 11:50:22.847  3979  6899 D SSRM:G  : SIOP:: AP = 300, PST = 299 (W:12), BAT = 271, USB = 0, CHG = 0
09-02 11:50:22.848  3462  3462 I SurfaceFlinger: id=1486 createSurf (720x1238),1 flag=4, SurfaceView - org.mozilla.firefox/org.mozilla.fenix.HomeActivity@34fa319@0#0
09-02 11:50:22.849  3462  3462 I SurfaceFlinger: id=1487 createSurf (720x1238),-1 flag=20004, Background for - SurfaceView - org.mozilla.firefox/org.mozilla.fenix.HomeActivity@34fa319@0#0
09-02 11:50:22.850  2746  2746 D SurfaceView: BG hide() Surface(name=Background for - SurfaceView - org.mozilla.firefox/org.mozilla.fenix.HomeActivity@34fa319@0) false true org.mozilla.gecko.MagnifiableSurfaceView{34fa319 V.E...... ......ID 0,0-720,1238}
09-02 11:50:22.855  2746  2746 V Surface : sf_framedrop debug : 0x4f4c, game : false, logging : 0
09-02 11:50:22.856  2746  2746 D SurfaceView: surfaceCreated 1 org.mozilla.gecko.MagnifiableSurfaceView{34fa319 V.E...... ......ID 0,0-720,1238}
09-02 11:50:22.856  2746  2746 D SurfaceView: surfaceChanged (720,1238) 1 org.mozilla.gecko.MagnifiableSurfaceView{34fa319 V.E...... ......ID 0,0-720,1238}
09-02 11:50:22.861  3979  4522 D ConnectivityService: filterNetworkStateForUid() uid: 10154 networkInfo: [type: WIFI[] - WIFI, state: CONNECTED/CONNECTED, reason: (unspecified), extra: "WiFi 69", failover: false, available: true, roaming: false, metered: false]
09-02 11:50:22.862  3979  4522 I chatty  : uid=1000(system) Binder:3979_5 identical 1 line
09-02 11:50:22.863  3979  4522 D ConnectivityService: filterNetworkStateForUid() uid: 10154 networkInfo: [type: WIFI[] - WIFI, state: CONNECTED/CONNECTED, reason: (unspecified), extra: "WiFi 69", failover: false, available: true, roaming: false, metered: false]
