09-02 11:48:56.595  3979  5968 D PackageManager: setEnabledSetting : userId = 0 packageName = com.google.android.gm cmp = com.google.android.libraries.communications.conference.ui.intents.ConferenceGatewayActivity newState = 1 callingPackage = 10114/com.google.android.gm
09-02 11:48:56.601  3979  5968 D PackageManager: setEnabledSetting : userId = 0 packageName = com.google.android.gm cmp = com.google.android.libraries.communications.conference.ui.intents.AssistantNewUrlHandlerActivity newState = 1 callingPackage = 10114/com.google.android.gm
09-02 11:48:56.610  3979  3989 D PackageManager: setEnabledSetting : userId = 0 packageName = com.google.android.gm cmp = com.google.android.libraries.communications.conference.ui.settings.SettingsActivity newState = 1 callingPackage = 10114/com.google.android.gm
09-02 11:48:56.613 10264 14970 W ResourceType: ResTable_typeSpec entry count inconsistent: given 103, previously 107
09-02 11:48:56.613 10264 14970 W ResourceType: ResTable_typeSpec entry count inconsistent: given 1514, previously 3305
09-02 11:48:56.618 10264 14970 W ResourceType: ResTable_typeSpec entry count inconsistent: given 3306, previously 3305
09-02 11:48:56.619 10264 14970 W ResourceType: ResTable_typeSpec entry count inconsistent: given 2415, previously 6516
09-02 11:48:56.619 10264 14970 W ResourceType: ResTable_typeSpec entry count inconsistent: given 469, previously 3330
09-02 11:48:56.620  1983  2396 I BatteryMgr:DataCollectionService: stats => 1693648136620,-750,4305
09-02 11:48:56.622  2411  2471 D StrictMode: StrictMode policy violation: android.os.StrictMode$StrictModeDiskReadViolation: policy=4259903 violation=2
09-02 11:48:56.622  2411  2471 D StrictMode: 	at android.os.StrictMode$AndroidBlockGuardPolicy.onReadFromDisk(StrictMode.java:1438)
09-02 11:48:56.622  2411  2471 D StrictMode: 	at android.app.SharedPreferencesImpl.hasFileChangedUnexpectedly(SharedPreferencesImpl.java:205)
09-02 11:48:56.622  2411  2471 D StrictMode: 	at android.app.SharedPreferencesImpl.startReloadIfChangedUnexpectedly(SharedPreferencesImpl.java:181)
09-02 11:48:56.622  2411  2471 D StrictMode: 	at android.app.ContextImpl.getSharedPreferences(ContextImpl.java:414)
09-02 11:48:56.622  2411  2471 D StrictMode: 	at android.app.ContextImpl.getSharedPreferences(ContextImpl.java:376)
09-02 11:48:56.622  2411  2471 D StrictMode: 	at android.content.ContextWrapper.getSharedPreferences(ContextWrapper.java:178)
09-02 11:48:56.622  2411  2471 D StrictMode: 	at android.content.ContextWrapper.getSharedPreferences(ContextWrapper.java:178)
09-02 11:48:56.622  2411  2471 D StrictMode: 	at com.google.android.gms.ads.identifier.settings.b.b(:com.google.android.gms@224312019@22.43.12 (040400-483592595):0)
09-02 11:48:56.622  2411  2471 D StrictMode: 	at com.google.android.gms.ads.identifier.settings.b.m(:com.google.android.gms@224312019@22.43.12 (040400-483592595):1)
09-02 11:48:56.622  2411  2471 D StrictMode: 	at com.google.android.gms.ads.identifier.settings.b.o(:com.google.android.gms@224312019@22.43.12 (040400-483592595):1)
09-02 11:48:56.622  2411  2471 D StrictMode: 	at com.google.android.gms.ads.identifier.settings.b.f(:com.google.android.gms@224312019@22.43.12 (040400-483592595):1)
09-02 11:48:56.622  2411  2471 D StrictMode: 	at com.google.android.gms.ads.identifier.internal.c.c(:com.google.android.gms@224312019@22.43.12 (040400-483592595):0)
09-02 11:48:56.622  2411  2471 D StrictMode: 	at com.google.android.gms.ads.identifier.internal.c.ep(:com.google.android.gms@224312019@22.43.12 (040400-483592595):14)
09-02 11:48:56.622  2411  2471 D StrictMode: 	at gfu.onTransact(:com.google.android.gms@224312019@22.43.12 (040400-483592595):5)
09-02 11:48:56.622  2411  2471 D StrictMode: 	at android.os.Binder.transact(Binder.java:612)
09-02 11:48:56.622  2411  2471 D StrictMode: 	at gmt.onTransact(:com.google.android.gms@224312019@22.43.12 (040400-483592595):2)
09-02 11:48:56.622  2411  2471 D StrictMode: 	at android.os.Binder.transact(Binder.java:612)
09-02 11:48:56.622  2411  2471 D StrictMode: 	at alln.onTransact(:com.google.android.gms@224312019@22.43.12 (040400-483592595):17)
09-02 11:48:56.622  2411  2471 D StrictMode: 	at android.os.Binder.execTransact(Binder.java:682)
09-02 11:48:56.622  2411  2471 D StrictMode: # via Binder call with stack:
09-02 11:48:56.622  2411  2471 D StrictMode: android.os.StrictMode$LogStackTrace
09-02 11:48:56.622  2411  2471 D StrictMode: 	at android.os.StrictMode.readAndHandleBinderCallViolations(StrictMode.java:2137)
09-02 11:48:56.622  2411  2471 D StrictMode: 	at android.os.Parcel.readExceptionCode(Parcel.java:1941)
09-02 11:48:56.622  2411  2471 D StrictMode: 	at android.os.Parcel.readException(Parcel.java:1910)
09-02 11:48:56.622  2411  2471 D StrictMode: 	at irg.s(PG:2)
09-02 11:48:56.622  2411  2471 D StrictMode: 	at ebm.run(PG:25)
09-02 11:48:56.622  2411  2471 D StrictMode: 	at vzo.run(PG:4)
09-02 11:48:56.622  2411  2471 D StrictMode: 	at java.util.concurrent.ThreadPoolExecutor.runWorker(ThreadPoolExecutor.java:1162)
09-02 11:48:56.622  2411  2471 D StrictMode: 	at java.util.concurrent.ThreadPoolExecutor$Worker.run(ThreadPoolExecutor.java:636)
09-02 11:48:56.622  2411  2471 D StrictMode: 	at tth.run(PG:5)
09-02 11:48:56.622  2411  2471 D StrictMode: 	at aygx.run(PG:5)
09-02 11:48:56.622  2411  2471 D StrictMode: 	at java.lang.Thread.run(Thread.java:764)
09-02 11:48:56.622  2411  2471 D StrictMode: StrictMode policy violation: android.os.StrictMode$StrictModeDiskReadViolation: policy=4259903 violation=2
09-02 11:48:56.622  2411  2471 D StrictMode: 	at android.os.StrictMode$AndroidBlockGuardPolicy.onReadFromDisk(StrictMode.java:1438)
09-02 11:48:56.622  2411  2471 D StrictMode: 	at libcore.io.BlockGuardOs.stat(BlockGuardOs.java:324)
09-02 11:48:56.622  2411  2471 D StrictMode: 	at android.system.Os.stat(Os.java:549)
09-02 11:48:56.622  2411  2471 D StrictMode: 	at android.app.SharedPreferencesImpl.hasFileChangedUnexpectedly(SharedPreferencesImpl.java:206)
09-02 11:48:56.622  2411  2471 D StrictMode: 	at android.app.SharedPreferencesImpl.startReloadIfChangedUnexpectedly(SharedPreferencesImpl.java:181)
09-02 11:48:56.622  2411  2471 D StrictMode: 	at android.app.ContextImpl.getSharedPreferences(ContextImpl.java:414)
09-02 11:48:56.622  2411  2471 D StrictMode: 	at android.app.ContextImpl.getSharedPreferences(ContextImpl.java:376)
09-02 11:48:56.622  2411  2471 D StrictMode: 	at android.content.ContextWrapper.getSharedPreferences(ContextWrapper.java:178)
09-02 11:48:56.622  2411  2471 D StrictMode: 	at android.content.ContextWrapper.getSharedPreferences(ContextWrapper.java:178)
09-02 11:48:56.622  2411  2471 D StrictMode: 	at com.google.android.gms.ads.identifier.settings.b.b(:com.google.android.gms@224312019@22.43.12 (040400-483592595):0)
09-02 11:48:56.622  2411  2471 D StrictMode: 	at com.google.android.gms.ads.identifier.settings.b.m(:com.google.android.gms@224312019@22.43.12 (040400-483592595):1)
09-02 11:48:56.622  2411  2471 D StrictMode: 	at com.google.android.gms.ads.identifier.settings.b.o(:com.google.android.gms@224312019@22.43.12 (040400-483592595):1)
09-02 11:48:56.622  2411  2471 D StrictMode: 	at com.google.android.gms.ads.identifier.settings.b.f(:com.google.android.gms@224312019@22.43.12 (040400-483592595):1)
09-02 11:48:56.622  2411  2471 D StrictMode: 	at com.google.android.gms.ads.identifier.internal.c.c(:com.google.android.gms@224312019@22.43.12 (040400-483592595):0)
09-02 11:48:56.622  2411  2471 D StrictMode: 	at com.google.android.gms.ads.identifier.internal.c.ep(:com.google.android.gms@224312019@22.43.12 (040400-483592595):14)
09-02 11:48:56.622  2411  2471 D StrictMode: 	at gfu.onTransact(:com.google.android.gms@224312019@22.43.12 (040400-483592595):5)
09-02 11:48:56.622  2411  2471 D StrictMode: 	at android.os.Binder.transact(Binder.java:612)
09-02 11:48:56.622  2411  2471 D StrictMode: 	at gmt.onTransact(:com.google.android.gms@224312019@22.43.12 (040400-483592595):2)
09-02 11:48:56.622  2411  2471 D StrictMode: 	at android.os.Binder.transact(Binder.java:612)
09-02 11:48:56.622  2411  2471 D StrictMode: 	at alln.onTransact(:com.google.android.gms@224312019@22.43.12 (040400-483592595):17)
09-02 11:48:56.622  2411  2471 D StrictMode: 	at android.os.Binder.execTransact(Binder.java:682)
09-02 11:48:56.622  2411  2471 D StrictMode: # via Binder call with stack:
09-02 11:48:56.622  2411  2471 D StrictMode: android.os.StrictMode$LogStackTrace
09-02 11:48:56.622  2411  2471 D StrictMode: 	at android.os.StrictMode.readAndHandleBinderCallViolations(StrictMode.java:2137)
09-02 11:48:56.622  2411  2471 D StrictMode: 	at android.os.Parcel.readExceptionCode(Parcel.java:1941)
09-02 11:48:56.622  2411  2471 D StrictMode: 	at android.os.Parcel.readException(Parcel.java:1910)
09-02 11:48:56.622  2411  2471 D StrictMode: 	at irg.s(PG:2)
09-02 11:48:56.622  2411  2471 D StrictMode: 	at ebm.run(PG:25)
09-02 11:48:56.622  2411  2471 D StrictMode: 	at vzo.run(PG:4)
09-02 11:48:56.622  2411  2471 D StrictMode: 	at java.util.concurrent.ThreadPoolExecutor.runWorker(ThreadPoolExecutor.java:1162)
09-02 11:48:56.622  2411  2471 D StrictMode: 	at java.util.concurrent.ThreadPoolExecutor$Worker.run(ThreadPoolExecutor.java:636)
09-02 11:48:56.622  2411  2471 D StrictMode: 	at tth.run(PG:5)
09-02 11:48:56.622  2411  2471 D StrictMode: 	at aygx.run(PG:5)
09-02 11:48:56.622  2411  2471 D StrictMode: 	at java.lang.Thread.run(Thread.java:764)
09-02 11:48:56.623  2411  2471 D StrictMode: StrictMode policy violation: android.os.StrictMode$StrictModeDiskReadViolation: policy=4259903 violation=2
09-02 11:48:56.623  2411  2471 D StrictMode: 	at android.os.StrictMode$AndroidBlockGuardPolicy.onReadFromDisk(StrictMode.java:1438)
09-02 11:48:56.623  2411  2471 D StrictMode: 	at android.app.SharedPreferencesImpl.hasFileChangedUnexpectedly(SharedPreferencesImpl.java:205)
09-02 11:48:56.623  2411  2471 D StrictMode: 	at android.app.SharedPreferencesImpl.startReloadIfChangedUnexpectedly(SharedPreferencesImpl.java:181)
09-02 11:48:56.623  2411  2471 D StrictMode: 	at android.app.ContextImpl.getSharedPreferences(ContextImpl.java:414)
09-02 11:48:56.623  2411  2471 D StrictMode: 	at android.app.ContextImpl.getSharedPreferences(ContextImpl.java:376)
09-02 11:48:56.623  2411  2471 D StrictMode: 	at android.content.ContextWrapper.getSharedPreferences(ContextWrapper.java:178)
09-02 11:48:56.623  2411  2471 D StrictMode: 	at android.content.ContextWrapper.getSharedPreferences(ContextWrapper.java:178)
09-02 11:48:56.623  2411  2471 D StrictMode: 	at com.google.android.gms.ads.identifier.settings.b.b(:com.google.android.gms@224312019@22.43.12 (040400-483592595):0)
09-02 11:48:56.623  2411  2471 D StrictMode: 	at com.google.android.gms.ads.identifier.settings.b.m(:com.google.android.gms@224312019@22.43.12 (040400-483592595):2)
09-02 11:48:56.623  2411  2471 D StrictMode: 	at com.google.android.gms.ads.identifier.settings.b.o(:com.google.android.gms@224312019@22.43.12 (040400-483592595):1)
09-02 11:48:56.623  2411  2471 D StrictMode: 	at com.google.android.gms.ads.identifier.settings.b.f(:com.google.android.gms@224312019@22.43.12 (040400-483592595):1)
09-02 11:48:56.623  2411  2471 D StrictMode: 	at com.google.android.gms.ads.identifier.internal.c.c(:com.google.android.gms@224312019@22.43.12 (040400-483592595):0)
09-02 11:48:56.623  2411  2471 D StrictMode: 	at com.google.android.gms.ads.identifier.internal.c.ep(:com.google.android.gms@224312019@22.43.12 (040400-483592595):14)
09-02 11:48:56.623  2411  2471 D StrictMode: 	at gfu.onTransact(:com.google.android.gms@224312019@22.43.12 (040400-483592595):5)
09-02 11:48:56.623  2411  2471 D StrictMode: 	at android.os.Binder.transact(Binder.java:612)
09-02 11:48:56.623  2411  2471 D StrictMode: 	at gmt.onTransact(:com.google.android.gms@224312019@22.43.12 (040400-483592595):2)
09-02 11:48:56.623  2411  2471 D StrictMode: 	at android.os.Binder.transact(Binder.java:612)
09-02 11:48:56.623  2411  2471 D StrictMode: 	at alln.onTransact(:com.google.android.gms@224312019@22.43.12 (040400-483592595):17)
09-02 11:48:56.623  2411  2471 D StrictMode: 	at android.os.Binder.execTransact(Binder.java:682)
09-02 11:48:56.623  2411  2471 D StrictMode: # via Binder call with stack:
09-02 11:48:56.623  2411  2471 D StrictMode: android.os.StrictMode$LogStackTrace
09-02 11:48:56.623  2411  2471 D StrictMode: 	at android.os.StrictMode.readAndHandleBinderCallViolations(StrictMode.java:2137)
09-02 11:48:56.623  2411  2471 D StrictMode: 	at android.os.Parcel.readExceptionCode(Parcel.java:1941)
09-02 11:48:56.623  2411  2471 D StrictMode: 	at android.os.Parcel.readException(Parcel.java:1910)
09-02 11:48:56.623  2411  2471 D StrictMode: 	at irg.s(PG:2)
09-02 11:48:56.623  2411  2471 D StrictMode: 	at ebm.run(PG:25)
09-02 11:48:56.623  2411  2471 D StrictMode: 	at vzo.run(PG:4)
09-02 11:48:56.623  2411  2471 D StrictMode: 	at java.util.concurrent.ThreadPoolExecutor.runWorker(ThreadPoolExecutor.java:1162)
09-02 11:48:56.623  2411  2471 D StrictMode: 	at java.util.concurrent.ThreadPoolExecutor$Worker.run(ThreadPoolExecutor.java:636)
09-02 11:48:56.623  2411  2471 D StrictMode: 	at tth.run(PG:5)
09-02 11:48:56.623  2411  2471 D StrictMode: 	at aygx.run(PG:5)
09-02 11:48:56.623  2411  2471 D StrictMode: 	at java.lang.Thread.run(Thread.java:764)
09-02 11:48:56.628  2411  2471 D StrictMode: StrictMode policy violation: android.os.StrictMode$StrictModeDiskReadViolation: policy=4259903 violation=2
09-02 11:48:56.628  2411  2471 D StrictMode: 	at android.os.StrictMode$AndroidBlockGuardPolicy.onReadFromDisk(StrictMode.java:1438)
09-02 11:48:56.628  2411  2471 D StrictMode: 	at android.app.SharedPreferencesImpl.hasFileChangedUnexpectedly(SharedPreferencesImpl.java:205)
09-02 11:48:56.628  2411  2471 D StrictMode: 	at android.app.SharedPreferencesImpl.startReloadIfChangedUnexpectedly(SharedPreferencesImpl.java:181)
09-02 11:48:56.628  2411  2471 D StrictMode: 	at android.app.ContextImpl.getSharedPreferences(ContextImpl.java:414)
09-02 11:48:56.628  2411  2471 D StrictMode: 	at android.app.ContextImpl.getSharedPreferences(ContextImpl.java:376)
09-02 11:48:56.628  2411  2471 D StrictMode: 	at android.content.ContextWrapper.getSharedPreferences(ContextWrapper.java:178)
09-02 11:48:56.628  2411  2471 D StrictMode: 	at android.content.ContextWrapper.getSharedPreferences(ContextWrapper.java:178)
09-02 11:48:56.628  2411  2471 D StrictMode: 	at com.google.android.gms.ads.identifier.settings.b.b(:com.google.android.gms@224312019@22.43.12 (040400-483592595):0)
09-02 11:48:56.628  2411  2471 D StrictMode: 	at com.google.android.gms.ads.identifier.settings.b.m(:com.google.android.gms@224312019@22.43.12 (040400-483592595):1)
09-02 11:48:56.628  2411  2471 D StrictMode: 	at com.google.android.gms.ads.identifier.settings.b.o(:com.google.android.gms@224312019@22.43.12 (040400-483592595):1)
09-02 11:48:56.628  2411  2471 D StrictMode: 	at com.google.android.gms.ads.identifier.internal.c.n(:com.google.android.gms@224312019@22.43.12 (040400-483592595):0)
09-02 11:48:56.628  2411  2471 D StrictMode: 	at com.google.android.gms.ads.identifier.internal.c.ep(:com.google.android.gms@224312019@22.43.12 (040400-483592595):13)
09-02 11:48:56.628  2411  2471 D StrictMode: 	at gfu.onTransact(:com.google.android.gms@224312019@22.43.12 (040400-483592595):5)
09-02 11:48:56.628  2411  2471 D StrictMode: 	at android.os.Binder.transact(Binder.java:612)
09-02 11:48:56.628  2411  2471 D StrictMode: 	at gmt.onTransact(:com.google.android.gms@224312019@22.43.12 (040400-483592595):2)
09-02 11:48:56.628  2411  2471 D StrictMode: 	at android.os.Binder.transact(Binder.java:612)
09-02 11:48:56.628  2411  2471 D StrictMode: 	at alln.onTransact(:com.google.android.gms@224312019@22.43.12 (040400-483592595):17)
09-02 11:48:56.628  2411  2471 D StrictMode: 	at android.os.Binder.execTransact(Binder.java:682)
09-02 11:48:56.628  2411  2471 D StrictMode: # via Binder call with stack:
09-02 11:48:56.628  2411  2471 D StrictMode: android.os.StrictMode$LogStackTrace
09-02 11:48:56.628  2411  2471 D StrictMode: 	at android.os.StrictMode.readAndHandleBinderCallViolations(StrictMode.java:2137)
09-02 11:48:56.628  2411  2471 D StrictMode: 	at android.os.Parcel.readExceptionCode(Parcel.java:1941)
09-02 11:48:56.628  2411  2471 D StrictMode: 	at android.os.Parcel.readException(Parcel.java:1910)
09-02 11:48:56.628  2411  2471 D StrictMode: 	at irg.s(PG:2)
09-02 11:48:56.628  2411  2471 D StrictMode: 	at ebm.run(PG:27)
09-02 11:48:56.628  2411  2471 D StrictMode: 	at vzo.run(PG:4)
09-02 11:48:56.628  2411  2471 D StrictMode: 	at java.util.concurrent.ThreadPoolExecutor.runWorker(ThreadPoolExecutor.java:1162)
09-02 11:48:56.628  2411  2471 D StrictMode: 	at java.util.concurrent.ThreadPoolExecutor$Worker.run(ThreadPoolExecutor.java:636)
09-02 11:48:56.628  2411  2471 D StrictMode: 	at tth.run(PG:5)
09-02 11:48:56.628  2411  2471 D StrictMode: 	at aygx.run(PG:5)
09-02 11:48:56.628  2411  2471 D StrictMode: 	at java.lang.Thread.run(Thread.java:764)
09-02 11:48:56.629  2411  2471 D StrictMode: StrictMode policy violation: android.os.StrictMode$StrictModeDiskReadViolation: policy=4259903 violation=2
09-02 11:48:56.629  2411  2471 D StrictMode: 	at android.os.StrictMode$AndroidBlockGuardPolicy.onReadFromDisk(StrictMode.java:1438)
09-02 11:48:56.629  2411  2471 D StrictMode: 	at libcore.io.BlockGuardOs.stat(BlockGuardOs.java:324)
09-02 11:48:56.629  2411  2471 D StrictMode: 	at android.system.Os.stat(Os.java:549)
09-02 11:48:56.629  2411  2471 D StrictMode: 	at android.app.SharedPreferencesImpl.hasFileChangedUnexpectedly(SharedPreferencesImpl.java:206)
09-02 11:48:56.629  2411  2471 D StrictMode: 	at android.app.SharedPreferencesImpl.startReloadIfChangedUnexpectedly(SharedPreferencesImpl.java:181)
09-02 11:48:56.629  2411  2471 D StrictMode: 	at android.app.ContextImpl.getSharedPreferences(ContextImpl.java:414)
09-02 11:48:56.629  2411  2471 D StrictMode: 	at android.app.ContextImpl.getSharedPreferences(ContextImpl.java:376)
09-02 11:48:56.629  2411  2471 D StrictMode: 	at android.content.ContextWrapper.getSharedPreferences(ContextWrapper.java:178)
09-02 11:48:56.629  2411  2471 D StrictMode: 	at android.content.ContextWrapper.getSharedPreferences(ContextWrapper.java:178)
09-02 11:48:56.629  2411  2471 D StrictMode: 	at com.google.android.gms.ads.identifier.settings.b.b(:com.google.android.gms@224312019@22.43.12 (040400-483592595):0)
09-02 11:48:56.629  2411  2471 D StrictMode: 	at com.google.android.gms.ads.identifier.settings.b.m(:com.google.android.gms@224312019@22.43.12 (040400-483592595):1)
09-02 11:48:56.629  2411  2471 D StrictMode: 	at com.google.android.gms.ads.identifier.settings.b.o(:com.google.android.gms@224312019@22.43.12 (040400-483592595):1)
09-02 11:48:56.629  2411  2471 D StrictMode: 	at com.google.android.gms.ads.identifier.internal.c.n(:com.google.android.gms@224312019@22.43.12 (040400-483592595):0)
09-02 11:48:56.629  2411  2471 D StrictMode: 	at com.google.android.gms.ads.identifier.internal.c.ep(:com.google.android.gms@224312019@22.43.12 (040400-483592595):13)
09-02 11:48:56.629  2411  2471 D StrictMode: 	at gfu.onTransact(:com.google.android.gms@224312019@22.43.12 (040400-483592595):5)
09-02 11:48:56.629  2411  2471 D StrictMode: 	at android.os.Binder.transact(Binder.java:612)
09-02 11:48:56.629  2411  2471 D StrictMode: 	at gmt.onTransact(:com.google.android.gms@224312019@22.43.12 (040400-483592595):2)
09-02 11:48:56.629  2411  2471 D StrictMode: 	at android.os.Binder.transact(Binder.java:612)
09-02 11:48:56.629  2411  2471 D StrictMode: 	at alln.onTransact(:com.google.android.gms@224312019@22.43.12 (040400-483592595):17)
09-02 11:48:56.629  2411  2471 D StrictMode: 	at android.os.Binder.execTransact(Binder.java:682)
09-02 11:48:56.629  2411  2471 D StrictMode: # via Binder call with stack:
09-02 11:48:56.629  2411  2471 D StrictMode: android.os.StrictMode$LogStackTrace
09-02 11:48:56.629  2411  2471 D StrictMode: 	at android.os.StrictMode.readAndHandleBinderCallViolations(StrictMode.java:2137)
09-02 11:48:56.629  2411  2471 D StrictMode: 	at android.os.Parcel.readExceptionCode(Parcel.java:1941)
09-02 11:48:56.629  2411  2471 D StrictMode: 	at android.os.Parcel.readException(Parcel.java:1910)
09-02 11:48:56.629  2411  2471 D StrictMode: 	at irg.s(PG:2)
09-02 11:48:56.629  2411  2471 D StrictMode: 	at ebm.run(PG:27)
09-02 11:48:56.629  2411  2471 D StrictMode: 	at vzo.run(PG:4)
09-02 11:48:56.629  2411  2471 D StrictMode: 	at java.util.concurrent.ThreadPoolExecutor.runWorker(ThreadPoolExecutor.java:1162)
09-02 11:48:56.629  2411  2471 D StrictMode: 	at java.util.concurrent.ThreadPoolExecutor$Worker.run(ThreadPoolExecutor.java:636)
09-02 11:48:56.629  2411  2471 D StrictMode: 	at tth.run(PG:5)
09-02 11:48:56.629  2411  2471 D StrictMode: 	at aygx.run(PG:5)
09-02 11:48:56.629  2411  2471 D StrictMode: 	at java.lang.Thread.run(Thread.java:764)
09-02 11:48:56.629  2411  2471 D StrictMode: StrictMode policy violation: android.os.StrictMode$StrictModeDiskReadViolation: policy=4259903 violation=2
09-02 11:48:56.629  2411  2471 D StrictMode: 	at android.os.StrictMode$AndroidBlockGuardPolicy.onReadFromDisk(StrictMode.java:1438)
09-02 11:48:56.629  2411  2471 D StrictMode: 	at android.app.SharedPreferencesImpl.hasFileChangedUnexpectedly(SharedPreferencesImpl.java:205)
09-02 11:48:56.629  2411  2471 D StrictMode: 	at android.app.SharedPreferencesImpl.startReloadIfChangedUnexpectedly(SharedPreferencesImpl.java:181)
09-02 11:48:56.629  2411  2471 D StrictMode: 	at android.app.ContextImpl.getSharedPreferences(ContextImpl.java:414)
09-02 11:48:56.629  2411  2471 D StrictMode: 	at android.app.ContextImpl.getSharedPreferences(ContextImpl.java:376)
09-02 11:48:56.629  2411  2471 D StrictMode: 	at android.content.ContextWrapper.getSharedPreferences(ContextWrapper.java:178)
09-02 11:48:56.629  2411  2471 D StrictMode: 	at android.content.ContextWrapper.getSharedPreferences(ContextWrapper.java:178)
09-02 11:48:56.629  2411  2471 D StrictMode: 	at com.google.android.gms.ads.identifier.settings.b.b(:com.google.android.gms@224312019@22.43.12 (040400-483592595):0)
09-02 11:48:56.629  2411  2471 D StrictMode: 	at com.google.android.gms.ads.identifier.settings.b.m(:com.google.android.gms@224312019@22.43.12 (040400-483592595):2)
09-02 11:48:56.629  2411  2471 D StrictMode: 	at com.google.android.gms.ads.identifier.settings.b.o(:com.google.android.gms@224312019@22.43.12 (040400-483592595):1)
09-02 11:48:56.629  2411  2471 D StrictMode: 	at com.google.android.gms.ads.identifier.internal.c.n(:com.google.android.gms@224312019@22.43.12 (040400-483592595):0)
09-02 11:48:56.629  2411  2471 D StrictMode: 	at com.google.android.gms.ads.identifier.internal.c.ep(:com.google.android.gms@224312019@22.43.12 (040400-483592595):13)
09-02 11:48:56.629  2411  2471 D StrictMode: 	at gfu.onTransact(:com.google.android.gms@224312019@22.43.12 (040400-483592595):5)
09-02 11:48:56.629  2411  2471 D StrictMode: 	at android.os.Binder.transact(Binder.java:612)
09-02 11:48:56.629  2411  2471 D StrictMode: 	at gmt.onTransact(:com.google.android.gms@224312019@22.43.12 (040400-483592595):2)
09-02 11:48:56.629  2411  2471 D StrictMode: 	at android.os.Binder.transact(Binder.java:612)
09-02 11:48:56.629  2411  2471 D StrictMode: 	at alln.onTransact(:com.google.android.gms@224312019@22.43.12 (040400-483592595):17)
09-02 11:48:56.629  2411  2471 D StrictMode: 	at android.os.Binder.execTransact(Binder.java:682)
09-02 11:48:56.629  2411  2471 D StrictMode: # via Binder call with stack:
09-02 11:48:56.629  2411  2471 D StrictMode: android.os.StrictMode$LogStackTrace
09-02 11:48:56.629  2411  2471 D StrictMode: 	at android.os.StrictMode.readAndHandleBinderCallViolations(StrictMode.java:2137)
09-02 11:48:56.629  2411  2471 D StrictMode: 	at android.os.Parcel.readExceptionCode(Parcel.java:1941)
09-02 11:48:56.629  2411  2471 D StrictMode: 	at android.os.Parcel.readException(Parcel.java:1910)
09-02 11:48:56.629  2411  2471 D StrictMode: 	at irg.s(PG:2)
09-02 11:48:56.629  2411  2471 D StrictMode: 	at ebm.run(PG:27)
09-02 11:48:56.629  2411  2471 D StrictMode: 	at vzo.run(PG:4)
09-02 11:48:56.629  2411  2471 D StrictMode: 	at java.util.concurrent.ThreadPoolExecutor.runWorker(ThreadPoolExecutor.java:1162)
09-02 11:48:56.629  2411  2471 D StrictMode: 	at java.util.concurrent.ThreadPoolExecutor$Worker.run(ThreadPoolExecutor.java:636)
09-02 11:48:56.629  2411  2471 D StrictMode: 	at tth.run(PG:5)
09-02 11:48:56.629  2411  2471 D StrictMode: 	at aygx.run(PG:5)
09-02 11:48:56.629  2411  2471 D StrictMode: 	at java.lang.Thread.run(Thread.java:764)
09-02 11:48:56.657  2411  2473 D StrictMode: StrictMode policy violation: android.os.StrictMode$StrictModeDiskReadViolation: policy=65599 violation=2
09-02 11:48:56.657  2411  2473 D StrictMode: 	at android.os.StrictMode$AndroidBlockGuardPolicy.onReadFromDisk(StrictMode.java:1438)
09-02 11:48:56.657  2411  2473 D StrictMode: 	at java.io.UnixFileSystem.checkAccess(UnixFileSystem.java:251)
09-02 11:48:56.657  2411  2473 D StrictMode: 	at java.io.File.exists(File.java:807)
09-02 11:48:56.657  2411  2473 D StrictMode: 	at android.app.ContextImpl.ensurePrivateDirExists(ContextImpl.java:565)
09-02 11:48:56.657  2411  2473 D StrictMode: 	at android.app.ContextImpl.ensurePrivateCacheDirExists(ContextImpl.java:561)
09-02 11:48:56.657  2411  2473 D StrictMode: 	at android.app.ContextImpl.getCacheDir(ContextImpl.java:652)
09-02 11:48:56.657  2411  2473 D StrictMode: 	at android.content.ContextWrapper.getCacheDir(ContextWrapper.java:267)
09-02 11:48:56.657  2411  2473 D StrictMode: 	at aate.<init>(PG:35)
09-02 11:48:56.657  2411  2473 D StrictMode: 	at zqp.a(PG:3)
09-02 11:48:56.657  2411  2473 D StrictMode: 	at aaia.a(PG:65)
09-02 11:48:56.657  2411  2473 D StrictMode: 	at aqcn.a(PG:3)
09-02 11:48:56.657  2411  2473 D StrictMode: 	at aash.b(PG:10)
09-02 11:48:56.657  2411  2473 D StrictMode: 	at nic.a(PG:18)
09-02 11:48:56.657  2411  2473 D StrictMode: 	at ndy.call(PG:32)
09-02 11:48:56.657  2411  2473 D StrictMode: 	at aoqj.a(PG:4)
09-02 11:48:56.657  2411  2473 D StrictMode: 	at apse.f(PG:1)
09-02 11:48:56.657  2411  2473 D StrictMode: 	at aozi.run(PG:6)
09-02 11:48:56.657  2411  2473 D StrictMode: 	at vzo.run(PG:4)
09-02 11:48:56.657  2411  2473 D StrictMode: 	at java.util.concurrent.ThreadPoolExecutor.runWorker(ThreadPoolExecutor.java:1162)
09-02 11:48:56.657  2411  2473 D StrictMode: 	at java.util.concurrent.ThreadPoolExecutor$Worker.run(ThreadPoolExecutor.java:636)
09-02 11:48:56.657  2411  2473 D StrictMode: 	at tth.run(PG:5)
09-02 11:48:56.657  2411  2473 D StrictMode: 	at aygx.run(PG:5)
09-02 11:48:56.657  2411  2473 D StrictMode: 	at java.lang.Thread.run(Thread.java:764)
09-02 11:48:56.669  2411  2473 D StrictMode: StrictMode policy violation: android.os.StrictMode$StrictModeDiskReadViolation: policy=65599 violation=2
09-02 11:48:56.669  2411  2473 D StrictMode: 	at android.os.StrictMode$AndroidBlockGuardPolicy.onReadFromDisk(StrictMode.java:1438)
09-02 11:48:56.669  2411  2473 D StrictMode: 	at java.io.UnixFileSystem.checkAccess(UnixFileSystem.java:251)
09-02 11:48:56.669  2411  2473 D StrictMode: 	at java.io.File.exists(File.java:807)
09-02 11:48:56.669  2411  2473 D StrictMode: 	at android.app.ContextImpl.ensurePrivateDirExists(ContextImpl.java:565)
09-02 11:48:56.669  2411  2473 D StrictMode: 	at android.app.ContextImpl.ensurePrivateDirExists(ContextImpl.java:556)
09-02 11:48:56.669  2411  2473 D StrictMode: 	at android.app.ContextImpl.getDatabasesDir(ContextImpl.java:792)
09-02 11:48:56.669  2411  2473 D StrictMode: 	at android.app.ContextImpl.databaseList(ContextImpl.java:780)
09-02 11:48:56.669  2411  2473 D StrictMode: 	at android.content.ContextWrapper.databaseList(ContextWrapper.java:330)
09-02 11:48:56.669  2411  2473 D StrictMode: 	at aaxh.<init>(Unknown Source:0)
09-02 11:48:56.669  2411  2473 D StrictMode: 	at aate.<init>(PG:50)
09-02 11:48:56.669  2411  2473 D StrictMode: 	at zqp.a(PG:3)
09-02 11:48:56.669  2411  2473 D StrictMode: 	at aaia.a(PG:65)
09-02 11:48:56.669  2411  2473 D StrictMode: 	at aqcn.a(PG:3)
09-02 11:48:56.669  2411  2473 D StrictMode: 	at aash.b(PG:10)
09-02 11:48:56.669  2411  2473 D StrictMode: 	at nic.a(PG:18)
09-02 11:48:56.669  2411  2473 D StrictMode: 	at ndy.call(PG:32)
09-02 11:48:56.669  2411  2473 D StrictMode: 	at aoqj.a(PG:4)
09-02 11:48:56.669  2411  2473 D StrictMode: 	at apse.f(PG:1)
09-02 11:48:56.669  2411  2473 D StrictMode: 	at aozi.run(PG:6)
09-02 11:48:56.669  2411  2473 D StrictMode: 	at vzo.run(PG:4)
09-02 11:48:56.669  2411  2473 D StrictMode: 	at java.util.concurrent.ThreadPoolExecutor.runWorker(ThreadPoolExecutor.java:1162)
09-02 11:48:56.669  2411  2473 D StrictMode: 	at java.util.concurrent.ThreadPoolExecutor$Worker.run(ThreadPoolExecutor.java:636)
09-02 11:48:56.669  2411  2473 D StrictMode: 	at tth.run(PG:5)
09-02 11:48:56.669  2411  2473 D StrictMode: 	at aygx.run(PG:5)
09-02 11:48:56.669  2411  2473 D StrictMode: 	at java.lang.Thread.run(Thread.java:764)
09-02 11:48:56.671  2411  2473 D StrictMode: StrictMode policy violation: android.os.StrictMode$StrictModeDiskReadViolation: policy=65599 violation=2
09-02 11:48:56.671  2411  2473 D StrictMode: 	at android.os.StrictMode$AndroidBlockGuardPolicy.onReadFromDisk(StrictMode.java:1438)
09-02 11:48:56.671  2411  2473 D StrictMode: 	at java.io.UnixFileSystem.list(UnixFileSystem.java:302)
09-02 11:48:56.671  2411  2473 D StrictMode: 	at java.io.File.list(File.java:1122)
09-02 11:48:56.671  2411  2473 D StrictMode: 	at android.os.FileUtils.listOrEmpty(FileUtils.java:727)
09-02 11:48:56.671  2411  2473 D StrictMode: 	at android.app.ContextImpl.databaseList(ContextImpl.java:780)
09-02 11:48:56.671  2411  2473 D StrictMode: 	at android.content.ContextWrapper.databaseList(ContextWrapper.java:330)
09-02 11:48:56.671  2411  2473 D StrictMode: 	at aaxh.<init>(Unknown Source:0)
09-02 11:48:56.671  2411  2473 D StrictMode: 	at aate.<init>(PG:50)
09-02 11:48:56.671  2411  2473 D StrictMode: 	at zqp.a(PG:3)
09-02 11:48:56.671  2411  2473 D StrictMode: 	at aaia.a(PG:65)
09-02 11:48:56.671  2411  2473 D StrictMode: 	at aqcn.a(PG:3)
09-02 11:48:56.671  2411  2473 D StrictMode: 	at aash.b(PG:10)
09-02 11:48:56.671  2411  2473 D StrictMode: 	at nic.a(PG:18)
09-02 11:48:56.671  2411  2473 D StrictMode: 	at ndy.call(PG:32)
09-02 11:48:56.671  2411  2473 D StrictMode: 	at aoqj.a(PG:4)
09-02 11:48:56.671  2411  2473 D StrictMode: 	at apse.f(PG:1)
09-02 11:48:56.671  2411  2473 D StrictMode: 	at aozi.run(PG:6)
09-02 11:48:56.671  2411  2473 D StrictMode: 	at vzo.run(PG:4)
09-02 11:48:56.671  2411  2473 D StrictMode: 	at java.util.concurrent.ThreadPoolExecutor.runWorker(ThreadPoolExecutor.java:1162)
09-02 11:48:56.671  2411  2473 D StrictMode: 	at java.util.concurrent.ThreadPoolExecutor$Worker.run(ThreadPoolExecutor.java:636)
09-02 11:48:56.671  2411  2473 D StrictMode: 	at tth.run(PG:5)
09-02 11:48:56.671  2411  2473 D StrictMode: 	at aygx.run(PG:5)
09-02 11:48:56.671  2411  2473 D StrictMode: 	at java.lang.Thread.run(Thread.java:764)
09-02 11:48:56.675  3979  5968 D ConnectivityService: filterNetworkStateForUid() uid: 10025 networkInfo: [type: WIFI[] - WIFI, state: CONNECTED/CONNECTED, reason: (unspecified), extra: "WiFi 69", failover: false, available: true, roaming: false, metered: false]
09-02 11:48:56.704  3979  3994 D ConnectivityService: filterNetworkStateForUid() uid: 1000 networkInfo: [type: WIFI[] - WIFI, state: CONNECTED/CONNECTED, reason: (unspecified), extra: "WiFi 69", failover: false, available: true, roaming: false, metered: false]
09-02 11:48:56.705  3979  3994 D ConnectivityService: filterNetworkStateForUid() uid: 10114 networkInfo: [type: WIFI[] - WIFI, state: CONNECTED/CONNECTED, reason: (unspecified), extra: "WiFi 69", failover: false, available: true, roaming: false, metered: false]
09-02 11:48:56.710  3979  3994 D ConnectivityService: filterNetworkStateForUid() uid: 1000 networkInfo: [type: WIFI[] - WIFI, state: CONNECTED/CONNECTED, reason: (unspecified), extra: "WiFi 69", failover: false, available: true, roaming: false, metered: false]
09-02 11:48:56.726  1983  2396 I BatteryMgr:DataCollectionService: stats => 1693648136725,-750,4305
09-02 11:48:56.740  3979  9236 D SamsungAlarmManager: setInexact Listener (T:2/F:0/AC:false) 20230902T115706 - CU:1000/CP:3979
09-02 11:48:56.742  3979  9236 D SamsungAlarmManager: setInexact Listener (T:2/F:0/AC:false) 20230902T121206 - CU:1000/CP:3979
09-02 11:48:56.753  3979  3994 D ConnectivityService: filterNetworkStateForUid() uid: 1000 networkInfo: [type: WIFI[] - WIFI, state: CONNECTED/CONNECTED, reason: (unspecified), extra: "WiFi 69", failover: false, available: true, roaming: false, metered: false]
09-02 11:48:56.787  3979  9236 D BatteryService: !@BatteryListener : batteryPropertiesChanged!
09-02 11:48:56.788  3979  9236 D BatteryService: level:100, scale:100, status:5, health:2, present:true, voltage: 4176, temperature: 271, technology: Li-ion, AC powered:false, USB powered:true, POGO powered:false, Wireless powered:false, icon:17303834, invalid charger:0, maxChargingCurrent:0, maxChargingVoltage:0, chargeCounter:0
09-02 11:48:56.788  3979  9236 D BatteryService: online:4, current avg:-512, charge type:1, power sharing:false, high voltage charger:false, capacity:280000, batterySWSelfDischarging:false, misc_event:0, current_event:0, current_now:-750
09-02 11:48:56.788  3979  3979 D BatteryService: Sending ACTION_BATTERY_CHANGED.
09-02 11:48:56.789  3979  3979 D SamsungPhoneWindowManager: ACTION_BATTERY_CHANGED - Level :: 100, battStatus :: 5
09-02 11:48:56.790  3979  3979 I MotionRecognitionService: Plugged
09-02 11:48:56.790  3979  3979 D MotionRecognitionService:   mCableConnection= 1
09-02 11:48:56.790  3979  3979 D MotionRecognitionService: setPowerConnected : mGripEnabled = false
09-02 11:48:56.791  4349  4349 D KeyguardUpdateMonitor: received broadcast android.intent.action.BATTERY_CHANGED
09-02 11:48:56.792  3979  4002 D UsbDeviceManager: handleMessage -> MSG_UPDATE_CHARGING_STATE = 1
09-02 11:48:56.792  4349  4349 D BatteryController: onReceive-ACTION_BATTERY_CHANGED : mLevel=100, mBatteryStatus=5
09-02 11:48:56.795  4349  4349 D PowerUI : priorPlugType = 2 mPlugType =  2
09-02 11:48:56.830  1983  2396 I BatteryMgr:DataCollectionService: stats => 1693648136830,-750,4176
09-02 11:48:56.901  2411  2511 E aibi    : Sync subscriptions not available
09-02 11:48:56.935  1983  2396 I BatteryMgr:DataCollectionService: stats => 1693648136935,-750,4176
09-02 11:48:56.972  2411  2515 W zygote64: Skipping duplicate class check due to unrecognized classloader
09-02 11:48:56.998  2411  2515 W ResourceType: ResTable_typeSpec entry count inconsistent: given 77, previously 79
09-02 11:48:56.999  2411  2515 W ResourceType: ResTable_typeSpec entry count inconsistent: given 3309, previously 3332
09-02 11:48:56.999  2411  2515 W ResourceType: ResTable_typeSpec entry count inconsistent: given 518, previously 4352
09-02 11:48:57.018  2411  2515 W zygote64: Skipping duplicate class check due to unrecognized classloader
09-02 11:48:57.040  1983  2396 I BatteryMgr:DataCollectionService: stats => 1693648137040,-750,4176
09-02 11:48:57.059  2411  2515 W linker  : "/data/user_de/0/com.google.android.gms/app_chimera/m/0000008f/n/arm64-v8a/libcronet.107.0.5304.36.so" unused DT entry: type 0x70000001 arg 0x0
09-02 11:48:57.060  3979  5979 D ConnectivityService: filterNetworkStateForUid() uid: 10114 networkInfo: [type: WIFI[] - WIFI, state: CONNECTED/CONNECTED, reason: (unspecified), extra: "WiFi 69", failover: false, available: true, roaming: false, metered: false]
09-02 11:48:57.069  2411  2411 E aibi    : Sync is not initialized yet
09-02 11:48:57.077  2411  2532 D ConnectivityManager: requestNetwork; CallingUid : 10114, CallingPid : 2411
09-02 11:48:57.081  3979  3989 D ConnectivityService: listenForNetwork for uid/pid:10114/2411 NetworkRequest [ LISTEN id=596, [ Capabilities: INTERNET&NOT_RESTRICTED&TRUSTED] ]
09-02 11:48:57.081  2411  2515 I cr_CronetLibraryLoader: Cronet version: 107.0.5304.36, arch: aarch64
09-02 11:48:57.081  3979  4180 D ConnectivityService: rematching NetworkAgentInfo [WIFI () - 502]
09-02 11:48:57.082  3979  4180 D ConnectivityService:  network has: [ Transports: WIFI Capabilities: NOT_METERED&INTERNET&NOT_RESTRICTED&TRUSTED&NOT_VPN&VALIDATED&FOREGROUND LinkUpBandwidth>=1048576Kbps LinkDnBandwidth>=1048576Kbps SignalStrength: -52]
09-02 11:48:57.082  3979  4180 D ConnectivityService: Network NetworkAgentInfo [WIFI () - 502] was already satisfying request 3. No change.
09-02 11:48:57.082  3979  4180 D ConnectivityService: Network NetworkAgentInfo [WIFI () - 502] was already satisfying request 1. No change.
09-02 11:48:57.082  3979  4180 D ConnectivityService: Network NetworkAgentInfo [WIFI () - 502] was already satisfying request 443. No change.
09-02 11:48:57.082  3979  4180 D ConnectivityService: Network NetworkAgentInfo [WIFI () - 502] was already satisfying request 140. No change.
09-02 11:48:57.082  3979  4180 D ConnectivityService: sending notification AVAILABLE for NetworkRequest [ LISTEN id=596, [ Capabilities: INTERNET&NOT_RESTRICTED&TRUSTED] ]
09-02 11:48:57.082  3979  3989 D ConnectivityService: filterNetworkStateForUid() uid: 10114 networkInfo: [type: WIFI[] - WIFI, state: CONNECTED/CONNECTED, reason: (unspecified), extra: "WiFi 69", failover: false, available: true, roaming: false, metered: false]
09-02 11:48:57.082  3979  4180 D ConnectivityService: sending notification CAP_CHANGED for NetworkRequest [ LISTEN id=596, [ Capabilities: INTERNET&NOT_RESTRICTED&TRUSTED] ]
09-02 11:48:57.083  3979  4180 D ConnectivityService: sending notification IP_CHANGED for NetworkRequest [ LISTEN id=596, [ Capabilities: INTERNET&NOT_RESTRICTED&TRUSTED] ]
09-02 11:48:57.087  3979  9236 D ConnectivityService: filterNetworkStateForUid() uid: 10114 networkInfo: [type: WIFI[] - WIFI, state: CONNECTED/CONNECTED, reason: (unspecified), extra: "WiFi 69", failover: false, available: true, roaming: false, metered: false]
09-02 11:48:57.094  3979  9236 I chatty  : uid=1000(system) Binder:3979_1B identical 2 lines
09-02 11:48:57.096  3979  9236 D ConnectivityService: filterNetworkStateForUid() uid: 10114 networkInfo: [type: WIFI[] - WIFI, state: CONNECTED/CONNECTED, reason: (unspecified), extra: "WiFi 69", failover: false, available: true, roaming: false, metered: false]
09-02 11:48:57.101  3979  9236 D ActivityManager: The following uid has registered to recieve broadcast for proxy related updates 10114
09-02 11:48:57.101  3979  9236 W ContextImpl: Calling a method in the system process without a qualified user: android.app.ContextImpl.sendBroadcast:971 com.android.server.am.ActivityManagerService.requestKnoxVpnToSendProxyBroadcast:29502 com.android.server.am.ActivityManagerService.registerReceiver:23187 android.app.IActivityManager$Stub.onTransact:176 com.android.server.am.ActivityManagerService.onTransact:3862 
09-02 11:48:57.103  3979  3979 D KnoxVpnEngineService: Vpn Receiver : com.samsung.android.knox.intent.action.VPN_PROXY_BROADCAST_INTERNAL
09-02 11:48:57.103  3979  4130 I KnoxVpnEngineService: vpn handle : Message received
09-02 11:48:57.145  1983  2396 I BatteryMgr:DataCollectionService: stats => 1693648137145,-750,4176
09-02 11:48:57.224  2411  2542 W DynamiteModule: Local module descriptor class for com.google.android.gms.providerinstaller.dynamite not found.
09-02 11:48:57.228 10264 10733 W ProviderHelper: Unknown dynamite feature providerinstaller.dynamite
09-02 11:48:57.232  2411  2542 W ProviderInstaller: Failed to load providerinstaller module: No acceptable module com.google.android.gms.providerinstaller.dynamite found. Local version is 0 and remote version is 0.
09-02 11:48:57.239  2411  2542 I zygote64: find the special shared library, skip check
09-02 11:48:57.244  2411  2542 I zygote64: find the special shared library, skip check
09-02 11:48:57.250  1983  2396 I BatteryMgr:DataCollectionService: stats => 1693648137250,-750,4176
09-02 11:48:57.272  3979  3988 I zygote64: Background concurrent copying GC freed 79370(4MB) AllocSpace objects, 38(1456KB) LOS objects, 38% free, 38MB/62MB, paused 560us total 199.759ms
09-02 11:48:57.333  2411  2542 V NativeCrypto: Registering com/google/android/gms/org/conscrypt/NativeCrypto's 295 native methods...
09-02 11:48:57.355  1983  2396 I BatteryMgr:DataCollectionService: stats => 1693648137355,-750,4176
09-02 11:48:57.386  2411  2542 D NetworkSecurityConfig: Using Network Security Config from resource network_security_config debugBuild: false
09-02 11:48:57.395  2411  2542 I ProviderInstaller: Installed default security provider GmsCore_OpenSSL
09-02 11:48:57.419  3614  3927 D DnsProxyListener: DNSDBG::dns addrinfo af 2
09-02 11:48:57.461  1983  2396 I BatteryMgr:DataCollectionService: stats => 1693648137460,-750,4176
09-02 11:48:57.468  3979  4484 E Watchdog: !@Sync 1288 [2023-09-02 11:48:57.468]
09-02 11:48:57.567  1983  2396 I BatteryMgr:DataCollectionService: stats => 1693648137566,-750,4176
09-02 11:48:57.677  1983  2396 I BatteryMgr:DataCollectionService: stats => 1693648137677,-750,4176
09-02 11:48:57.783  1983  2396 I BatteryMgr:DataCollectionService: stats => 1693648137783,-750,4176
09-02 11:48:57.859  3449  3449 I android.hardware.wifi@1.0-service: getLinkLayerStats
09-02 11:48:57.888  1983  2396 I BatteryMgr:DataCollectionService: stats => 1693648137888,-750,4176
09-02 11:48:57.948  5551  5624 D ContactsProvider_EventLog: contents_sample_state: [CONTACT contacts(191) data(1819) accounts({com.google (13)=199}) accounts deleted({}) calls([]) countryIso(NL) userId(0)  ]
09-02 11:48:57.948  5551  5624 D ContactsProvider_EventLog: contents_sample_state: [ agr({[13 ,13]=8, [13]=183})  ]
09-02 11:48:57.948  5551  5624 D ContactsProvider_EventLog: contents_sample_state: [ actCnt({android.process.acore(5551)=1})  ]
09-02 11:48:57.948  5551  5624 D ContactsProvider_EventLog: contents_sample_state: [PROFILE contacts(0) data(0) accounts({})  ]
09-02 11:48:57.948  5551  5624 D ContactsProvider_EventLog: contents_sample_state: [SAPROFILE contacts(1) data(1) accounts({vnd.sec.contact.phone (1)=1})  ]
09-02 11:48:57.951  5551  5624 E ContactsProvider_EventLog: Flush buffer to file cnt : 1 size : 0Kb duration : 2ms lastUpdatedAfter : 60111 ms mFlush_time_threasold : 2000 mCurrentSize : 481
09-02 11:48:57.993  1983  2396 I BatteryMgr:DataCollectionService: stats => 1693648137993,-750,4176
09-02 11:48:58.106  1983  2396 I BatteryMgr:DataCollectionService: stats => 1693648138106,-750,4176
09-02 11:48:58.196  3979  5968 D ConnectivityService: filterNetworkStateForUid() uid: 10114 networkInfo: [type: WIFI[] - WIFI, state: CONNECTED/CONNECTED, reason: (unspecified), extra: "WiFi 69", failover: false, available: true, roaming: false, metered: false]
09-02 11:48:58.205  2411  2411 W ResourceType: For resource 0x7f150b23, entry index(2851) is beyond type entryCount(2415)
09-02 11:48:58.205  2411  2411 W ResourceType: For resource 0x7f150b22, entry index(2850) is beyond type entryCount(2415)
09-02 11:48:58.216  1983  2396 I BatteryMgr:DataCollectionService: stats => 1693648138215,-750,4176
09-02 11:48:58.232  2411  2411 W ahbb    : Failed to find local clusters.
09-02 11:48:58.284  2411  2411 W ResourceType: For resource 0x7f150b13, entry index(2835) is beyond type entryCount(2415)
09-02 11:48:58.284  2411  2411 W ResourceType: For resource 0x7f150b12, entry index(2834) is beyond type entryCount(2415)
09-02 11:48:58.284  2411  2411 W ResourceType: For resource 0x7f150b1a, entry index(2842) is beyond type entryCount(2415)
09-02 11:48:58.284  2411  2411 W ResourceType: For resource 0x7f150b18, entry index(2840) is beyond type entryCount(2415)
09-02 11:48:58.284  2411  2411 W ResourceType: For resource 0x7f150b13, entry index(2835) is beyond type entryCount(2415)
09-02 11:48:58.284  2411  2411 W ResourceType: For resource 0x7f150b12, entry index(2834) is beyond type entryCount(2415)
09-02 11:48:58.284  2411  2411 W ResourceType: For resource 0x7f150b1a, entry index(2842) is beyond type entryCount(2415)
09-02 11:48:58.285  2411  2411 W ResourceType: For resource 0x7f150b18, entry index(2840) is beyond type entryCount(2415)
09-02 11:48:58.301  2411  2472 D StrictMode: StrictMode policy violation: android.os.StrictMode$StrictModeDiskReadViolation: policy=65599 violation=2
09-02 11:48:58.301  2411  2472 D StrictMode: 	at android.os.StrictMode$AndroidBlockGuardPolicy.onReadFromDisk(StrictMode.java:1438)
09-02 11:48:58.301  2411  2472 D StrictMode: 	at java.io.UnixFileSystem.checkAccess(UnixFileSystem.java:251)
09-02 11:48:58.301  2411  2472 D StrictMode: 	at java.io.File.exists(File.java:807)
09-02 11:48:58.301  2411  2472 D StrictMode: 	at android.app.ContextImpl.ensurePrivateDirExists(ContextImpl.java:565)
09-02 11:48:58.301  2411  2472 D StrictMode: 	at android.app.ContextImpl.ensurePrivateDirExists(ContextImpl.java:556)
09-02 11:48:58.301  2411  2472 D StrictMode: 	at android.app.ContextImpl.getPreferencesDir(ContextImpl.java:512)
09-02 11:48:58.301  2411  2472 D StrictMode: 	at android.app.ContextImpl.getSharedPreferencesPath(ContextImpl.java:704)
09-02 11:48:58.301  2411  2472 D StrictMode: 	at android.app.ContextImpl.getSharedPreferences(ContextImpl.java:372)
09-02 11:48:58.301  2411  2472 D StrictMode: 	at android.content.ContextWrapper.getSharedPreferences(ContextWrapper.java:178)
09-02 11:48:58.301  2411  2472 D StrictMode: 	at nhe.b(Unknown Source:14)
09-02 11:48:58.301  2411  2472 D StrictMode: 	at ngd.a(PG:6)
09-02 11:48:58.301  2411  2472 D StrictMode: 	at arko.c(PG:2)
09-02 11:48:58.301  2411  2472 D StrictMode: 	at arkp.run(PG:9)
09-02 11:48:58.301  2411  2472 D StrictMode: 	at vzo.run(PG:4)
09-02 11:48:58.301  2411  2472 D StrictMode: 	at java.util.concurrent.ThreadPoolExecutor.runWorker(ThreadPoolExecutor.java:1162)
09-02 11:48:58.301  2411  2472 D StrictMode: 	at java.util.concurrent.ThreadPoolExecutor$Worker.run(ThreadPoolExecutor.java:636)
09-02 11:48:58.301  2411  2472 D StrictMode: 	at tth.run(PG:5)
09-02 11:48:58.301  2411  2472 D StrictMode: 	at aygx.run(PG:5)
09-02 11:48:58.301  2411  2472 D StrictMode: 	at java.lang.Thread.run(Thread.java:764)
09-02 11:48:58.302  2411  2472 D StrictMode: StrictMode policy violation: android.os.StrictMode$StrictModeDiskReadViolation: policy=65599 violation=2
09-02 11:48:58.302  2411  2472 D StrictMode: 	at android.os.StrictMode$AndroidBlockGuardPolicy.onReadFromDisk(StrictMode.java:1438)
09-02 11:48:58.302  2411  2472 D StrictMode: 	at android.app.SharedPreferencesImpl.awaitLoadedLocked(SharedPreferencesImpl.java:233)
09-02 11:48:58.302  2411  2472 D StrictMode: 	at android.app.SharedPreferencesImpl.getLong(SharedPreferencesImpl.java:278)
09-02 11:48:58.302  2411  2472 D StrictMode: 	at ngd.a(PG:6)
09-02 11:48:58.302  2411  2472 D StrictMode: 	at arko.c(PG:2)
09-02 11:48:58.302  2411  2472 D StrictMode: 	at arkp.run(PG:9)
09-02 11:48:58.302  2411  2472 D StrictMode: 	at vzo.run(PG:4)
09-02 11:48:58.302  2411  2472 D StrictMode: 	at java.util.concurrent.ThreadPoolExecutor.runWorker(ThreadPoolExecutor.java:1162)
09-02 11:48:58.302  2411  2472 D StrictMode: 	at java.util.concurrent.ThreadPoolExecutor$Worker.run(ThreadPoolExecutor.java:636)
09-02 11:48:58.302  2411  2472 D StrictMode: 	at tth.run(PG:5)
09-02 11:48:58.302  2411  2472 D StrictMode: 	at aygx.run(PG:5)
09-02 11:48:58.302  2411  2472 D StrictMode: 	at java.lang.Thread.run(Thread.java:764)
09-02 11:48:58.309  2411  2472 D StrictMode: StrictMode policy violation: android.os.StrictMode$StrictModeDiskReadViolation: policy=65599 violation=2
09-02 11:48:58.309  2411  2472 D StrictMode: 	at android.os.StrictMode$AndroidBlockGuardPolicy.onReadFromDisk(StrictMode.java:1438)
09-02 11:48:58.309  2411  2472 D StrictMode: 	at java.io.UnixFileSystem.checkAccess(UnixFileSystem.java:251)
09-02 11:48:58.309  2411  2472 D StrictMode: 	at java.io.File.exists(File.java:807)
09-02 11:48:58.309  2411  2472 D StrictMode: 	at android.app.ContextImpl.ensurePrivateDirExists(ContextImpl.java:565)
09-02 11:48:58.309  2411  2472 D StrictMode: 	at android.app.ContextImpl.ensurePrivateDirExists(ContextImpl.java:556)
09-02 11:48:58.309  2411  2472 D StrictMode: 	at android.app.ContextImpl.getPreferencesDir(ContextImpl.java:512)
09-02 11:48:58.309  2411  2472 D StrictMode: 	at android.app.ContextImpl.getSharedPreferencesPath(ContextImpl.java:704)
09-02 11:48:58.309  2411  2472 D StrictMode: 	at android.app.ContextImpl.getSharedPreferences(ContextImpl.java:372)
09-02 11:48:58.309  2411  2472 D StrictMode: 	at android.content.ContextWrapper.getSharedPreferences(ContextWrapper.java:178)
09-02 11:48:58.309  2411  2472 D StrictMode: 	at nhc.b(Unknown Source:14)
09-02 11:48:58.309  2411  2472 D StrictMode: 	at ngd.a(PG:16)
09-02 11:48:58.309  2411  2472 D StrictMode: 	at arko.c(PG:2)
09-02 11:48:58.309  2411  2472 D StrictMode: 	at arkp.run(PG:9)
09-02 11:48:58.309  2411  2472 D StrictMode: 	at vzo.run(PG:4)
09-02 11:48:58.309  2411  2472 D StrictMode: 	at java.util.concurrent.ThreadPoolExecutor.runWorker(ThreadPoolExecutor.java:1162)
09-02 11:48:58.309  2411  2472 D StrictMode: 	at java.util.concurrent.ThreadPoolExecutor$Worker.run(ThreadPoolExecutor.java:636)
09-02 11:48:58.309  2411  2472 D StrictMode: 	at tth.run(PG:5)
09-02 11:48:58.309  2411  2472 D StrictMode: 	at aygx.run(PG:5)
09-02 11:48:58.309  2411  2472 D StrictMode: 	at java.lang.Thread.run(Thread.java:764)
09-02 11:48:58.311  2411  2472 D StrictMode: StrictMode policy violation: android.os.StrictMode$StrictModeDiskReadViolation: policy=65599 violation=2
09-02 11:48:58.311  2411  2472 D StrictMode: 	at android.os.StrictMode$AndroidBlockGuardPolicy.onReadFromDisk(StrictMode.java:1438)
09-02 11:48:58.311  2411  2472 D StrictMode: 	at android.app.SharedPreferencesImpl.awaitLoadedLocked(SharedPreferencesImpl.java:233)
09-02 11:48:58.311  2411  2472 D StrictMode: 	at android.app.SharedPreferencesImpl.getLong(SharedPreferencesImpl.java:278)
09-02 11:48:58.311  2411  2472 D StrictMode: 	at ngd.a(PG:16)
