--------- beginning of main
09-02 00:04:52.144   901  1000 D VSC     : @ 51078.595: [WO] tilt angle 89
--------- beginning of system
09-02 00:04:52.178  1513  2905 I ActivityManager: Force stopping org.mozilla.firefox appid=10258 user=0: from pid 22349
09-02 00:04:52.184  2474  2474 E PhoneInterfaceManager: [PhoneIntfMgr] getCarrierPackageNamesForIntentAndPhone: No UICC
09-02 00:04:52.184  2474  2474 D CarrierSvcBindHelper: No carrier app for: 0
09-02 00:04:52.192  3135  3135 D RegisteredNfcFServicesCache: Service unchanged, not updating
09-02 00:04:52.196  8777  8777 I EuiccGoogle: [2] EuiccServiceImpl.onCreate: onCreate Single-SIM mode: simCardState is 1
09-02 00:04:52.202  8777 22355 I EuiccGoogle: [7168] EuiccServiceImpl.onGetEuiccProfileInfoList: onGetEuiccProfileInfoList: slotId = -1
09-02 00:04:52.205  8777 22355 W EuiccGoogle: [7168] EuiccServiceImpl.onGetEuiccProfileInfoList: slotId=-1. No eUICC is active. Return null.
09-02 00:04:52.435  1513  2905 I ActivityTaskManager: START u0 {act=android.intent.action.VIEW flg=0x10008000 cmp=org.mozilla.firefox/org.mozilla.gecko.BrowserApp} from uid 2000
09-02 00:04:52.435  1513  1572 D EventSequenceValidator: Transition from ACTIVITY_FINISHED to INTENT_STARTED
09-02 00:04:52.444   901  2806 I sensors-hal: [ssc_utils]get_qmi_debug_flag:244, support_qmi_debug : false
09-02 00:04:52.451 22349 22351 I cmd     : oneway function results will be dropped but finished with status OK and parcel size 4
09-02 00:04:52.451  1513  1572 D CompatibilityChangeReporter: Compat change id reported: 135634846; UID 10258; state: DISABLED
09-02 00:04:52.451  1513  1572 D CompatibilityChangeReporter: Compat change id reported: 135754954; UID 10258; state: ENABLED
09-02 00:04:52.452  1513  1572 D EventSequenceValidator: Transition from INTENT_STARTED to ACTIVITY_LAUNCHED
09-02 00:04:52.452  1513  1625 D CompatibilityChangeReporter: Compat change id reported: 143937733; UID 10258; state: ENABLED
09-02 00:04:52.463   778   778 D Zygote  : Forked child process 22359
09-02 00:04:52.465  1513  1625 I ActivityManager: Start proc 22359:org.mozilla.firefox/u0a258 for pre-top-activity {org.mozilla.firefox/org.mozilla.gecko.BrowserApp}
09-02 00:04:52.477 22359 22359 E mozilla.firefo: Not starting debugger since process cannot load the jdwp agent.
09-02 00:04:52.487   901  1000 W ASH     : @ 51078.938: Unhandled msg ID 999: line 1277
09-02 00:04:52.487   901  1000 E ASH     : @ 51078.938: No pb callback assigned
09-02 00:04:52.487   901  1000 E ASH     : @ 51078.938: Nanopb error: callback failed:1588
09-02 00:04:52.510  3088  3653 I AssistantForeground: (REDACTED) Get launcher package: %s
09-02 00:04:52.511 22359 22359 D NetworkSecurityConfig: No Network Security Config specified, using platform default
09-02 00:04:52.511 22359 22359 D NetworkSecurityConfig: No Network Security Config specified, using platform default
09-02 00:04:52.517 22359 22359 I FirebaseApp: Device unlocked: initializing all Firebase APIs for app [DEFAULT]
09-02 00:04:52.519 22359 22359 I FirebaseInitProvider: FirebaseApp initialization successful
09-02 00:04:52.535 22359 22359 I rc_log_ffi::ios: rc_log adapter initialized!
09-02 00:04:52.563 22359 22390 I nimbus::nimbus_client: updating experiment list
09-02 00:04:52.563 22359 22390 I nimbus::persistence: Already at version 2, no upgrade needed
09-02 00:04:52.563 22359 22390 I nimbus::nimbus_client: [Nimbus] Retrieved date from Context: 2023-09-01 07:56:38 UTC
09-02 00:04:52.563 22359 22390 I nimbus::nimbus_client: [Nimbus] Installation Date: 2023-09-01 07:56:38 UTC
09-02 00:04:52.563 22359 22390 I nimbus::nimbus_client: [Nimbus] Update Date: 2023-09-01 14:22:00.591064144 UTC
09-02 00:04:52.563 22359 22390 I nimbus::nimbus_client: [Nimbus] Days since install: 0
09-02 00:04:52.563 22359 22390 I nimbus::nimbus_client: [Nimbus] Days since update: 0
09-02 00:04:52.575 22359 22393 I GeckoThread: preparing to run Gecko
09-02 00:04:52.580   901  2806 I sensors-hal: [ssc_utils]get_qmi_debug_flag:244, support_qmi_debug : false
09-02 00:04:52.580 22359 22393 I GeckoLoader: Library base=/data/app/~~BtOtpENtY_8SJVQLgbYgRg==/org.mozilla.firefox-ZoJ8FBGk3KN0nHoYkPw1IA==/lib/arm64
09-02 00:04:52.581 22359 22393 W Settings: Setting animator_duration_scale has moved from android.provider.Settings.System to android.provider.Settings.Global, returning read-only global URI.
09-02 00:04:52.583 22359 22393 I GeckoLoader: Library base=/data/app/~~BtOtpENtY_8SJVQLgbYgRg==/org.mozilla.firefox-ZoJ8FBGk3KN0nHoYkPw1IA==/lib/arm64
09-02 00:04:52.584 22359 22399 I libglean_ffi: glean_core::core: Creating new Glean v53.1.0
09-02 00:04:52.584 22359 22393 E GeckoLibLoad: Load sqlite start
09-02 00:04:52.584 22359 22393 E GeckoLibLoad: Load sqlite done
09-02 00:04:52.584 22359 22393 I GeckoLoader: Library base=/data/app/~~BtOtpENtY_8SJVQLgbYgRg==/org.mozilla.firefox-ZoJ8FBGk3KN0nHoYkPw1IA==/lib/arm64
09-02 00:04:52.584 22359 22393 E GeckoLibLoad: Load nss start
09-02 00:04:52.584 22359 22393 E GeckoLibLoad: Load nss done
09-02 00:04:52.584 22359 22393 I GeckoLoader: Library base=/data/app/~~BtOtpENtY_8SJVQLgbYgRg==/org.mozilla.firefox-ZoJ8FBGk3KN0nHoYkPw1IA==/lib/arm64
09-02 00:04:52.585 22359 22393 E GeckoLibLoad: Loaded libs in 0.420678ms total, 0ms(0ms) user, 0ms(0ms) system, 0(0) faults
09-02 00:04:52.585 22359 22399 I libglean_ffi: glean_core::database: Database initialized
09-02 00:04:52.585 22359 22393 W GeckoThread: zerdatime 51075811 - runGecko
09-02 00:04:52.588 22359 22399 I libglean_ffi: glean_core: Glean initialized
09-02 00:04:52.589 22359 22399 I libglean_ffi: glean_core::event_database: Loading events for events
09-02 00:04:52.589 22359 22399 I libglean_ffi: glean_core::event_database: Loading events for background-update
09-02 00:04:52.592 22359 22399 I libglean_ffi: glean_core::ping: Collecting events
09-02 00:04:52.606 22359 22399 I libglean_ffi: glean_core::upload::directory: Processing ping at: /data/user/0/org.mozilla.firefox/glean_data/pending_pings/cca43633-7ff8-49b6-ba6d-2b15b11eef89
09-02 00:04:52.606 22359 22399 I libglean_ffi: glean_core::metrics::ping: The ping 'events' was submitted and will be sent as soon as possible
09-02 00:04:52.606   901  1000 W ASH     : @ 51079.058: Unhandled msg ID 999: line 1277
09-02 00:04:52.606   901  1000 E ASH     : @ 51079.058: No pb callback assigned
09-02 00:04:52.606   901  1000 E ASH     : @ 51079.058: Nanopb error: callback failed:1588
09-02 00:04:52.617 22359 22359 I FenixApplication: AutoPushFeature is configured, initializing it...
09-02 00:04:52.617 22359 22359 I AbstractFirebasePushService: start
09-02 00:04:52.622   592  1642 W DisplayIdentification: Invalid EDID: falling back to serial number due to missing display name.
09-02 00:04:52.622   592  1642 W DisplayIdentification: Invalid EDID: falling back to ASCII text due to missing serial number.
09-02 00:04:52.623  1513  4617 D CompatibilityChangeReporter: Compat change id reported: 136274596; UID 10258; state: ENABLED
09-02 00:04:52.635 22359 22393 I Gecko:DumpUtils: Fifo watcher disabled via pref.
09-02 00:04:52.638  1513  3230 I ActivityTaskManager: START u0 {act=android.intent.action.VIEW cmp=org.mozilla.firefox/org.mozilla.fenix.HomeActivity (has extras)} from uid 10258
09-02 00:04:52.641   901  2806 I sensors-hal: [ssc_utils]get_qmi_debug_flag:244, support_qmi_debug : false
09-02 00:04:52.652 22359 22359 W org.mozilla.firefox: type=1400 audit(0.0:6172): avc: denied { bind } for comm=4E65746C696E6B204D6F6E69746F72 scontext=u:r:untrusted_app:s0:c2,c257,c512,c768 tcontext=u:r:untrusted_app:s0:c2,c257,c512,c768 tclass=netlink_route_socket permissive=0 b/155595000 app=org.mozilla.firefox
09-02 00:04:52.657 22359 22399 I TetheringManager: registerTetheringEventCallback:org.mozilla.firefox
09-02 00:04:52.664  1513  3230 W ActivityTaskManager: Tried to set launchTime (0) < mLastActivityLaunchTime (51075710)
09-02 00:04:52.686   901  1000 W ASH     : @ 51079.138: Unhandled msg ID 999: line 1277
09-02 00:04:52.686   901  1000 E ASH     : @ 51079.138: No pb callback assigned
09-02 00:04:52.686   901  1000 E ASH     : @ 51079.138: Nanopb error: callback failed:1588
09-02 00:04:52.693  2158  2158 I WallpaperService: engine resumed
09-02 00:04:52.694   901   901 I sensors-hal: [hal]batch_physical_sensor:301, android.sensor.gyroscope/41, period=20000000, max_latency=0
09-02 00:04:52.694   901   901 I sensors-hal: [hal]batch_physical_sensor:310, android.sensor.gyroscope/41, period=20000000, max_latency=0 request completed
09-02 00:04:52.694   901   901 I sensors-hal: [hal]activate_physical_sensor:238, android.sensor.gyroscope/41 en=1
09-02 00:04:52.695   901   901 I sensors-hal: [ssc_utils]get_qmi_debug_flag:244, support_qmi_debug : false
09-02 00:04:52.696   901   901 W sensors@2.0-ser: type=1400 audit(0.0:6173): avc: denied { read write } for name="diag" dev="tmpfs" ino=12474 scontext=u:r:hal_sensors_default:s0 tcontext=u:object_r:diag_device:s0 tclass=chr_file permissive=0
09-02 00:04:52.696   901   901 W sensors@2.0-ser: type=1400 audit(0.0:6174): avc: denied { read write } for name="diag" dev="tmpfs" ino=12474 scontext=u:r:hal_sensors_default:s0 tcontext=u:object_r:diag_device:s0 tclass=chr_file permissive=0
09-02 00:04:52.700   901   901 D Diag_Lib:  Diag_LSM_Init: Failed to open handle to diag driver, error = 13
09-02 00:04:52.700   901   901 D Diag_Lib:  Diag_LSM_Init: Failed to open handle to diag driver, error = 13
09-02 00:04:52.701   901   901 I sensors-hal: [ssc_sensor]update_handle:537, handle=331, type=33, wakeup=0, hwid=0, base=331
09-02 00:04:52.701   901   901 I sensors-hal: [ssc_utils]get_qmi_debug_flag:244, support_qmi_debug : false
09-02 00:04:52.705   901   901 I sensors-hal: [ssc_utils]get_qmi_debug_flag:244, support_qmi_debug : false
09-02 00:04:52.706   901 22452 I sensors-hal: [ssc_sensor]ssc_conn_resp_cb:663, resp_value = 0
09-02 00:04:52.706   901  1000 W SEE     : @ 51079.158: adding req to Q sensor=8 req=0xb2034d98 msg=513
09-02 00:04:52.708   901 22452 I sensors-hal: [sensor]submit_sensors_hal_event:146, android.sensor.additional_info: trying to push empty Events, count = 0
09-02 00:04:52.708   901 22452 I sensors-hal: [sensor]submit_sensors_hal_event:146, android.sensor.additional_info: trying to push empty Events, count = 0
09-02 00:04:52.713   901   901 I sensors-hal: [hal]activate_physical_sensor:249, android.sensor.gyroscope/41 en=1 completed
09-02 00:04:52.715   901  1000 W SEE     : @ 51079.166: adding req to Q sensor=2 req=0xb2035298 msg=513
09-02 00:04:52.716   901 22457 I sensors-hal: [ssc_sensor]ssc_conn_resp_cb:663, resp_value = 0
09-02 00:04:52.716   901 22457 I sensors-hal: [sensor]submit_sensors_hal_event:146, android.sensor.gyroscope: trying to push empty Events, count = 1
09-02 00:04:52.716   901 22457 I chatty  : uid=1000(system) sensors@2.0-ser identical 2 lines
09-02 00:04:52.729   901 22457 I sensors-hal: [sensor]submit_sensors_hal_event:146, android.sensor.gyroscope: trying to push empty Events, count = 1
09-02 00:04:52.729 22359 22399 I glean/MetricsPingSched: The 'metrics' collection is scheduled for today, 1693605892683
09-02 00:04:52.730 22359 22423 I push::internal::communications::rate_limiter: No need to reset inner timestamp and count for verify_connection.
09-02 00:04:52.733 22359 22399 I libglean_ffi: glean_core::ping: Collecting baseline
09-02 00:04:52.736 22359 22423 I push::internal::communications::rate_limiter: Not allowed: count(106) > 1 for verify_connection.
09-02 00:04:52.738 22359 22423 I AutoPushFeature: No change to subscriptions. Doing nothing.
09-02 00:04:52.749 22359 22359 I NavController: Ignoring popBackStack to destination org.mozilla.firefox:id/browserFragment as it was not found on the current back stack
09-02 00:04:52.752 22359 22393 W mozilla.firefo: Accessing hidden field Ljava/lang/Boolean;->value:Z (greylist-max-p, JNI, denied)
09-02 00:04:52.753 22359 22393 W mozilla.firefo: Accessing hidden field Ljava/lang/Integer;->value:I (greylist-max-p, JNI, denied)
09-02 00:04:52.753 22359 22393 W mozilla.firefo: Accessing hidden field Ljava/lang/Double;->value:D (greylist-max-p, JNI, denied)
09-02 00:04:52.754 22359 22399 I libglean_ffi: glean_core::upload::directory: Processing ping at: /data/user/0/org.mozilla.firefox/glean_data/pending_pings/ad709c7e-2202-4c00-9b81-e0428e2fa512
09-02 00:04:52.758 22359 22359 I ContileTopSitesUpdater: Started periodic work to update Contile top sites
09-02 00:04:52.765 22359 22399 I libglean_ffi: glean_core::metrics::ping: The ping 'baseline' was submitted and will be sent as soon as possible
09-02 00:04:52.767 22359 22410 I service-pocket: Scheduling pocket recommendations background refresh
09-02 00:04:52.769 22359 22410 I service-pocket: Scheduling sponsored stories background refresh
09-02 00:04:52.780  1513  2172 D CompatibilityChangeReporter: Compat change id reported: 135634846; UID 10258; state: DISABLED
09-02 00:04:52.780  1513  2172 D CompatibilityChangeReporter: Compat change id reported: 135754954; UID 10258; state: ENABLED
09-02 00:04:52.780  1513  1625 D CompatibilityChangeReporter: Compat change id reported: 143937733; UID 10258; state: ENABLED
09-02 00:04:52.787 22359 22392 I libglean_ffi: glean_core::ping: Collecting pageload
09-02 00:04:52.788 22359 22392 I libglean_ffi: glean_core::ping: Storage for pageload empty. Bailing out.
09-02 00:04:52.788 22359 22392 I libglean_ffi: glean_core::metrics::ping: No content for ping 'pageload', therefore no ping queued.
09-02 00:04:52.791 22359 22392 I libglean_ffi: glean_core::core: Upload enabled: true
09-02 00:04:52.795   778   778 D Zygote  : Forked child process 22464
09-02 00:04:52.798  1513  1625 I ActivityManager: Start proc 22464:org.mozilla.firefox:tab12/u0a258 for service {org.mozilla.firefox/org.mozilla.gecko.process.GeckoChildProcessServices$tab12}
09-02 00:04:52.817 22464 22464 E a.firefox:tab1: Not starting debugger since process cannot load the jdwp agent.
09-02 00:04:52.844 22359 22359 W GeckoViewActivityContextDelegate: A non-activity context was set.
09-02 00:04:52.846 22230 22484 D ProfileInstaller: Installing profile for com.example.batterymanager_utility
09-02 00:04:52.847  1513  2905 D CompatibilityChangeReporter: Compat change id reported: 136274596; UID 10258; state: ENABLED
09-02 00:04:52.865 22359 22359 I BgSyncManager: Periodic syncing enabled: PeriodicSyncConfig(periodMinutes=240, initialDelayMinutes=5)
09-02 00:04:52.865 22359 22359 I FirefoxAccountStateMachine: Sync is enabled
09-02 00:04:52.893  1513  4617 D ConnectivityService: requestNetwork for uid/pid:10258/22359 NetworkRequest [ TRACK_DEFAULT id=2364, [ Capabilities: INTERNET&NOT_RESTRICTED&TRUSTED Uid: 10258 AdministratorUids: [] RequestorUid: 10258 RequestorPackageName: org.mozilla.firefox] ]
09-02 00:04:52.893  1513  2000 D ConnectivityService: NetReassign [2364 : null → 100]
09-02 00:04:52.894  1513  2037 D WIFI_AWARE_FACTORY: got request NetworkRequest [ TRACK_DEFAULT id=2364, [ Capabilities: INTERNET&NOT_RESTRICTED&TRUSTED Uid: 10258 AdministratorUids: [] RequestorUid: 10258 RequestorPackageName: org.mozilla.firefox] ] with score 60 and providerId 5
09-02 00:04:52.894  1513  1996 D WifiNetworkFactory: got request NetworkRequest [ TRACK_DEFAULT id=2364, [ Capabilities: INTERNET&NOT_RESTRICTED&TRUSTED Uid: 10258 AdministratorUids: [] RequestorUid: 10258 RequestorPackageName: org.mozilla.firefox] ] with score 60 and providerId 5
09-02 00:04:52.894  1513  1996 D UntrustedWifiNetworkFactory: got request NetworkRequest [ TRACK_DEFAULT id=2364, [ Capabilities: INTERNET&NOT_RESTRICTED&TRUSTED Uid: 10258 AdministratorUids: [] RequestorUid: 10258 RequestorPackageName: org.mozilla.firefox] ] with score 60 and providerId 5
09-02 00:04:52.894  1513  2038 D Ethernet: got request NetworkRequest [ TRACK_DEFAULT id=2364, [ Capabilities: INTERNET&NOT_RESTRICTED&TRUSTED Uid: 10258 AdministratorUids: [] RequestorUid: 10258 RequestorPackageName: org.mozilla.firefox] ] with score 60 and providerId 5
09-02 00:04:52.894  2474  2474 D PhoneSwitcherNetworkRequstListener: got request NetworkRequest [ TRACK_DEFAULT id=2364, [ Capabilities: INTERNET&NOT_RESTRICTED&TRUSTED Uid: 10258 AdministratorUids: [] RequestorUid: 10258 RequestorPackageName: org.mozilla.firefox] ] with score 60 and providerId 5
09-02 00:04:52.894 22464 22464 D NetworkSecurityConfig: No Network Security Config specified, using platform default
09-02 00:04:52.895 22464 22464 D NetworkSecurityConfig: No Network Security Config specified, using platform default
09-02 00:04:52.898 22359 22392 I libglean_ffi: glean_core::ping: Collecting baseline
09-02 00:04:52.899 22359 22494 I FirefoxAccountStateMachine: Processing event 'mozilla.components.service.fxa.manager.Event$Account$Start@24c4a7c' for state Idle(accountState=NotAuthenticated). Next state is Active(progressState=Initializing)
09-02 00:04:52.902 22359 22432 I StartupTypeTelemetry: Recorded start up: cold_view
09-02 00:04:52.904   594 28441 I SDM     : HWDeviceDRM::UpdateMixerAttributes: Mixer WxH 1080x2340-1 for Peripheral
09-02 00:04:52.904 22359 22392 I libglean_ffi: glean_core::upload::directory: Processing ping at: /data/user/0/org.mozilla.firefox/glean_data/pending_pings/80c22a24-93f6-425f-9463-d88b5da6eafd
09-02 00:04:52.904   594 28441 I SDM     : DisplayBase::SetActiveConfig: Active configuration changed to: 0
09-02 00:04:52.904   594 28441 I SDM     : StrategyImpl::SetIdleTimeoutMs: Idle timeout set to zero for command mode panels
09-02 00:04:52.913 22464 22464 I ServiceChildProcess: onCreate
09-02 00:04:52.913 22359 22392 I libglean_ffi: glean_core::metrics::ping: The ping 'baseline' was submitted and will be sent as soon as possible
09-02 00:04:52.913   901  2806 I sensors-hal: [ssc_utils]get_qmi_debug_flag:244, support_qmi_debug : false
09-02 00:04:52.913 22464 22500 I GeckoThread: preparing to run Gecko
09-02 00:04:52.918   594 28441 I SDM     : StrategyImpl::SetIdleTimeoutMs: Idle timeout set to zero for command mode panels
09-02 00:04:52.924  1513  1572 I DisplayManagerService: Display device changed: DisplayDeviceInfo{"Built-in Screen": uniqueId="local:19260504575090817", 1080 x 2340, modeId 2, defaultModeId 2, supportedModes [{id=1, width=1080, height=2340, fps=90.0}, {id=2, width=1080, height=2340, fps=60.000004}], colorMode 0, supportedColorModes [0, 7, 9], HdrCapabilities HdrCapabilities{mSupportedHdrTypes=[2, 3, 4], mMaxLuminance=500.0, mMaxAverageLuminance=500.0, mMinLuminance=0.0}, allmSupported false, gameContentTypeSupported false, density 440, 435.428 x 433.839 dpi, appVsyncOff 2333332, presDeadline 11500000, cutout DisplayCutout{insets=Rect(0, 136 - 0, 0) waterfall=Insets{left=0, top=0, right=0, bottom=0} boundingRect={Bounds=[Rect(0, 0 - 0, 0), Rect(0, 0 - 136, 136), Rect(0, 0 - 0, 0), Rect(0, 0 - 0, 0)]}}, touch INTERNAL, rotation 0, type INTERNAL, address {port=129, model=0x446d53ad64a0}, deviceProductInfo DeviceProductInfo{name=, manufacturerPnpId=QCM, productId=1, modelYear=null, manufactureDate=ManufactureDate{week=27, year=2006}, relativeAddress=null}, state ON, FLAG_DEFAULT_DISPLAY, FLAG_ROTATES_WITH_CONTENT, FLAG_SECURE, FLAG_SUPPORTS_PROTECTED_BUFFERS}
09-02 00:04:52.924 22359 22424 I AdrenoGLES-0: QUALCOMM build                   : 35605c3, Ia11ce2d146
09-02 00:04:52.924 22359 22424 I AdrenoGLES-0: Build Date                       : 09/02/20
09-02 00:04:52.924 22359 22424 I AdrenoGLES-0: OpenGL ES Shader Compiler Version: EV031.31.04.00
09-02 00:04:52.924 22359 22424 I AdrenoGLES-0: Local Branch                     : gfx-adreno.lnx.2.0
09-02 00:04:52.924 22359 22424 I AdrenoGLES-0: Remote Branch                    : 
09-02 00:04:52.924 22359 22424 I AdrenoGLES-0: Remote Branch                    : 
09-02 00:04:52.924 22359 22424 I AdrenoGLES-0: Reconstruct Branch               : 
09-02 00:04:52.924 22359 22424 I AdrenoGLES-0: Build Config                     : S P 10.0.4 AArch64
09-02 00:04:52.924 22359 22424 I AdrenoGLES-0: Driver Path                      : /vendor/lib64/egl/libGLESv2_adreno.so
09-02 00:04:52.926   901  1000 W ASH     : @ 51079.378: Unhandled msg ID 999: line 1277
09-02 00:04:52.926   901  1000 E ASH     : @ 51079.378: No pb callback assigned
09-02 00:04:52.926   901  1000 E ASH     : @ 51079.378: Nanopb error: callback failed:1588
09-02 00:04:52.939 22359 22424 I AdrenoGLES-0: PFP: 0x016dd090, ME: 0x00000000
09-02 00:04:52.946 22359 22424 W AdrenoUtils: <ReadGpuID_from_sysfs:197>: Failed to open /sys/class/kgsl/kgsl-3d0/gpu_model
09-02 00:04:52.946 22359 22424 W AdrenoUtils: <ReadGpuID:221>: Failed to read chip ID from gpu_model. Fallback to use the GSL path
09-02 00:04:52.952 22359 22407 E GeckoSession: String does not represent valid session state.
09-02 00:04:52.966 22359 22407 I chatty  : uid=10258(org.mozilla.firefox) identical 26 lines
09-02 00:04:52.967 22359 22407 E GeckoSession: String does not represent valid session state.
09-02 00:04:52.973  1513  1572 D EventSequenceValidator: Transition from ACTIVITY_LAUNCHED to ACTIVITY_FINISHED
09-02 00:04:52.974  1513  1622 D ArtManagerInternalImpl: /data/misc/iorapd/org.mozilla.firefox/2015969571/org.mozilla.fenix.HomeActivity/compiled_traces/compiled_trace.pb doesn't exist
09-02 00:04:52.977   594 28441 I SDM     : HWDeviceDRM::UpdateMixerAttributes: Mixer WxH 1080x2340-1 for Peripheral
09-02 00:04:52.977   594 28441 I SDM     : DisplayBase::SetActiveConfig: Active configuration changed to: 1
09-02 00:04:52.977   594 28441 I SDM     : StrategyImpl::SetIdleTimeoutMs: Idle timeout set to zero for command mode panels
09-02 00:04:52.978  1513  1622 I ActivityTaskManager: Displayed org.mozilla.firefox/org.mozilla.fenix.HomeActivity: +537ms
09-02 00:04:52.982 22359 22494 I FirefoxAccount: Registering persistence callback
09-02 00:04:52.983 22359 22494 I FirefoxAccountStateMachine: Ran 'mozilla.components.service.fxa.manager.Event$Account$Start@24c4a7c' side-effects for state Active(progressState=Initializing), got successive event mozilla.components.service.fxa.manager.Event$Progress$AccountNotFound@d1468c5
09-02 00:04:52.983 22359 22494 I FirefoxAccountStateMachine: Processing event 'mozilla.components.service.fxa.manager.Event$Progress$AccountNotFound@d1468c5' for state Active(progressState=Initializing). Next state is Idle(accountState=NotAuthenticated)
09-02 00:04:52.989   901  2806 I sensors-hal: [ssc_utils]get_qmi_debug_flag:244, support_qmi_debug : false
09-02 00:04:53.005  1513  1572 I DisplayManagerService: Display device changed: DisplayDeviceInfo{"Built-in Screen": uniqueId="local:19260504575090817", 1080 x 2340, modeId 1, defaultModeId 2, supportedModes [{id=1, width=1080, height=2340, fps=90.0}, {id=2, width=1080, height=2340, fps=60.000004}], colorMode 0, supportedColorModes [0, 7, 9], HdrCapabilities HdrCapabilities{mSupportedHdrTypes=[2, 3, 4], mMaxLuminance=500.0, mMaxAverageLuminance=500.0, mMinLuminance=0.0}, allmSupported false, gameContentTypeSupported false, density 440, 435.428 x 433.839 dpi, appVsyncOff 2333333, presDeadline 11500000, cutout DisplayCutout{insets=Rect(0, 136 - 0, 0) waterfall=Insets{left=0, top=0, right=0, bottom=0} boundingRect={Bounds=[Rect(0, 0 - 0, 0), Rect(0, 0 - 136, 136), Rect(0, 0 - 0, 0), Rect(0, 0 - 0, 0)]}}, touch INTERNAL, rotation 0, type INTERNAL, address {port=129, model=0x446d53ad64a0}, deviceProductInfo DeviceProductInfo{name=, manufacturerPnpId=QCM, productId=1, modelYear=null, manufactureDate=ManufactureDate{week=27, year=2006}, relativeAddress=null}, state ON, FLAG_DEFAULT_DISPLAY, FLAG_ROTATES_WITH_CONTENT, FLAG_SECURE, FLAG_SUPPORTS_PROTECTED_BUFFERS}
09-02 00:04:53.006   901  1000 W ASH     : @ 51079.458: Unhandled msg ID 999: line 1277
09-02 00:04:53.006   901  1000 E ASH     : @ 51079.458: No pb callback assigned
09-02 00:04:53.006   901  1000 E ASH     : @ 51079.458: Nanopb error: callback failed:1588
09-02 00:04:53.026 22359 22406 W logins::schema: user_version: 2
09-02 00:04:53.085  2858  2858 I GoogleInputMethodService: GoogleInputMethodService.onFinishInput():3280 
09-02 00:04:53.087  2858  2858 I GoogleInputMethodService: GoogleInputMethodService.updateDeviceLockedStatus():2169 repeatCheckTimes = 0, unlocked = true
09-02 00:04:53.087  2858  2858 I GoogleInputMethodService: GoogleInputMethodService.onStartInput():1960 onStartInput(EditorInfo{inputType=0x0(NULL) imeOptions=0x0 privateImeOptions=null actionName=UNSPECIFIED actionLabel=null actionId=0 initialSelStart=-1 initialSelEnd=-1 initialCapsMode=0x0 hintText=null label=null packageName=org.mozilla.firefox fieldId=-1 fieldName=null extras=null}, false)
09-02 00:04:53.087  2858  2858 I GoogleInputMethodService: GoogleInputMethodService.shouldHideHeaderOnInitialState():4081 ShouldHideHeaderOnInitialState = false
09-02 00:04:53.088  2858  2858 I GoogleInputMethodService: GoogleInputMethodService.updateDeviceLockedStatus():2169 repeatCheckTimes = 2, unlocked = true
09-02 00:04:53.098 22359 22535 I libglean_ffi: glean_core::upload: New upload task with id cca43633-7ff8-49b6-ba6d-2b15b11eef89 (path: /submit/org-mozilla-firefox/events/1/cca43633-7ff8-49b6-ba6d-2b15b11eef89)
09-02 00:04:53.123  1513  4617 D CompatibilityChangeReporter: Compat change id reported: 135634846; UID 10258; state: DISABLED
09-02 00:04:53.124  1513  4617 D CompatibilityChangeReporter: Compat change id reported: 135754954; UID 10258; state: ENABLED
09-02 00:04:53.125  1513  1625 D CompatibilityChangeReporter: Compat change id reported: 143937733; UID 10258; state: ENABLED
09-02 00:04:53.134   778   778 D Zygote  : Forked child process 22539
09-02 00:04:53.137  1513  1625 I ActivityManager: Start proc 22539:org.mozilla.firefox:gpu/u0a258 for service {org.mozilla.firefox/org.mozilla.gecko.process.GeckoChildProcessServices$gpu}
09-02 00:04:53.163 22539 22539 E lla.firefox:gp: Not starting debugger since process cannot load the jdwp agent.
09-02 00:04:53.182  1513  4617 D CompatibilityChangeReporter: Compat change id reported: 136274596; UID 10258; state: ENABLED
09-02 00:04:53.183  1513  3246 W ActivityManager: Receiver with filter android.content.IntentFilter@b679fb5 already registered for pid 22359, callerPackage is org.mozilla.firefox
09-02 00:04:53.206   901  1000 D ASH     : @ 51079.657: AP has been up: last 50778030967, now 51079657056 usec
09-02 00:04:53.227 22539 22539 D NetworkSecurityConfig: No Network Security Config specified, using platform default
09-02 00:04:53.228 22539 22539 D NetworkSecurityConfig: No Network Security Config specified, using platform default
09-02 00:04:53.230 22359 22359 I SessionPrioritizationMiddleware: Update the currentSelectedTab 64522e5a-672d-45b8-b183-ce78f12fd77e priority to HIGH
09-02 00:04:53.237 22539 22539 I ServiceChildProcess: onCreate
09-02 00:04:53.238 22539 22566 I GeckoThread: preparing to run Gecko
09-02 00:04:53.249 22539 22566 I GeckoLoader: Library base=/data/app/~~BtOtpENtY_8SJVQLgbYgRg==/org.mozilla.firefox-ZoJ8FBGk3KN0nHoYkPw1IA==/lib/arm64
09-02 00:04:53.249 22539 22566 I GeckoLoader: Library base=/data/app/~~BtOtpENtY_8SJVQLgbYgRg==/org.mozilla.firefox-ZoJ8FBGk3KN0nHoYkPw1IA==/lib/arm64
09-02 00:04:53.250 22539 22566 E GeckoLibLoad: Load sqlite start
09-02 00:04:53.251 22539 22566 E GeckoLibLoad: Load sqlite done
09-02 00:04:53.251 22539 22566 I GeckoLoader: Library base=/data/app/~~BtOtpENtY_8SJVQLgbYgRg==/org.mozilla.firefox-ZoJ8FBGk3KN0nHoYkPw1IA==/lib/arm64
09-02 00:04:53.251 22539 22566 E GeckoLibLoad: Load nss start
09-02 00:04:53.251 22539 22566 E GeckoLibLoad: Load nss done
09-02 00:04:53.252 22539 22566 I GeckoLoader: Library base=/data/app/~~BtOtpENtY_8SJVQLgbYgRg==/org.mozilla.firefox-ZoJ8FBGk3KN0nHoYkPw1IA==/lib/arm64
09-02 00:04:53.276 22539 22566 E GeckoLibLoad: Loaded libs in 23.924846ms total, 11ms(10ms) user, 11ms(10ms) system, 0(0) faults
09-02 00:04:53.276 22539 22566 W GeckoThread: zerdatime 51076501 - runGecko
09-02 00:04:53.285  2158  2158 I WallpaperService: engine paused
09-02 00:04:53.292   901   901 I sensors-hal: [hal]activate_physical_sensor:238, android.sensor.gyroscope/41 en=0
09-02 00:04:53.295   901   901 D Diag_Lib: diag: Diag_LSM_DeInit done for pid: 901
09-02 00:04:53.298   901   901 D Diag_Lib: diag: Diag_LSM_DeInit done for pid: 901
09-02 00:04:53.298   901   901 I sensors-hal: [hal]activate_physical_sensor:249, android.sensor.gyroscope/41 en=0 completed
09-02 00:04:53.300 22359 22413 W ActivityThread: ClassLoader.getResources: The class loader returned by Thread.getContextClassLoader() may fail for processes that host multiple applications. You should explicitly specify a context class loader. For example: Thread.setContextClassLoader(getClass().getClassLoader());
09-02 00:04:53.326  3088  3667 I AssistantForeground: (REDACTED) Get launcher package: %s
09-02 00:04:53.332 22539 22583 I AdrenoGLES-0: QUALCOMM build                   : 35605c3, Ia11ce2d146
09-02 00:04:53.332 22539 22583 I AdrenoGLES-0: Build Date                       : 09/02/20
09-02 00:04:53.332 22539 22583 I AdrenoGLES-0: OpenGL ES Shader Compiler Version: EV031.31.04.00
09-02 00:04:53.332 22539 22583 I AdrenoGLES-0: Local Branch                     : gfx-adreno.lnx.2.0
09-02 00:04:53.332 22539 22583 I AdrenoGLES-0: Remote Branch                    : 
09-02 00:04:53.332 22539 22583 I AdrenoGLES-0: Remote Branch                    : 
09-02 00:04:53.332 22539 22583 I AdrenoGLES-0: Reconstruct Branch               : 
09-02 00:04:53.332 22539 22583 I AdrenoGLES-0: Build Config                     : S P 10.0.4 AArch64
09-02 00:04:53.332 22539 22583 I AdrenoGLES-0: Driver Path                      : /vendor/lib64/egl/libGLESv2_adreno.so
09-02 00:04:53.338 22539 22583 I AdrenoGLES-0: PFP: 0x016dd090, ME: 0x00000000
09-02 00:04:53.353 22539 22583 W AdrenoUtils: <ReadGpuID_from_sysfs:197>: Failed to open /sys/class/kgsl/kgsl-3d0/gpu_model
09-02 00:04:53.353 22539 22583 W AdrenoUtils: <ReadGpuID:221>: Failed to read chip ID from gpu_model. Fallback to use the GSL path
09-02 00:04:53.361 22464 22500 I GeckoLoader: Library base=/data/app/~~BtOtpENtY_8SJVQLgbYgRg==/org.mozilla.firefox-ZoJ8FBGk3KN0nHoYkPw1IA==/lib/arm64
09-02 00:04:53.361 22464 22500 I GeckoLoader: Library base=/data/app/~~BtOtpENtY_8SJVQLgbYgRg==/org.mozilla.firefox-ZoJ8FBGk3KN0nHoYkPw1IA==/lib/arm64
09-02 00:04:53.361 22464 22500 E GeckoLibLoad: Load sqlite start
09-02 00:04:53.363 22464 22500 E GeckoLibLoad: Load sqlite done
09-02 00:04:53.363 22464 22500 I GeckoLoader: Library base=/data/app/~~BtOtpENtY_8SJVQLgbYgRg==/org.mozilla.firefox-ZoJ8FBGk3KN0nHoYkPw1IA==/lib/arm64
09-02 00:04:53.363 22464 22500 E GeckoLibLoad: Load nss start
09-02 00:04:53.363 22464 22500 E GeckoLibLoad: Load nss done
09-02 00:04:53.363 22464 22500 I GeckoLoader: Library base=/data/app/~~BtOtpENtY_8SJVQLgbYgRg==/org.mozilla.firefox-ZoJ8FBGk3KN0nHoYkPw1IA==/lib/arm64
09-02 00:04:53.367 22359 22393 W VideoCapabilities: Unrecognized level 1879048707 for video/x-vnd.on2.vp8
09-02 00:04:53.367 22359 22393 W VideoCapabilities: Unrecognized profile 1879048704 for video/x-vnd.on2.vp8
09-02 00:04:53.367 22359 22393 W VideoCapabilities: Unrecognized level 1879048707 for video/x-vnd.on2.vp8
09-02 00:04:53.367 22359 22393 W VideoCapabilities: Unrecognized profile 1879048704 for video/x-vnd.on2.vp8
09-02 00:04:53.369 22359 22393 W VideoCapabilities: Unsupported mime image/vnd.android.heic
09-02 00:04:53.369 22359 22393 W VideoCapabilities: Unrecognized level 1879048707 for video/x-vnd.on2.vp8
09-02 00:04:53.369 22359 22393 W VideoCapabilities: Unrecognized profile 1879048704 for video/x-vnd.on2.vp8
09-02 00:04:53.369 22359 22393 W VideoCapabilities: Unrecognized level 1879048707 for video/x-vnd.on2.vp8
09-02 00:04:53.369 22359 22393 W VideoCapabilities: Unrecognized profile 1879048704 for video/x-vnd.on2.vp8
09-02 00:04:53.375  2816  2836 I FontLog : Received query Noto Color Emoji Compat, URI content://com.google.android.gms.fonts [CONTEXT service_id=132 ]
09-02 00:04:53.375  2816  2836 I FontLog : Query [emojicompat-emoji-font] resolved to {Noto Color Emoji Compat, wdth 100.0, wght 400, ital 0.0, bestEffort false} [CONTEXT service_id=132 ]
09-02 00:04:53.377  2816  2836 I FontLog : Fetch {Noto Color Emoji Compat, wdth 100.0, wght 400, ital 0.0, bestEffort false} end status Status{statusCode=SUCCESS, resolution=null} [CONTEXT service_id=132 ]
09-02 00:04:53.379  2816  2836 I FontLog : Pulling font file for id = 1832, cache size = 6 [CONTEXT service_id=132 ]
09-02 00:04:53.381  2816  2836 I FontLog : Pulling font file for id = 1832, cache size = 6 [CONTEXT service_id=132 ]
09-02 00:04:53.384 22464 22500 E GeckoLibLoad: Loaded libs in 20.739794ms total, 10ms(12ms) user, 6ms(6ms) system, 0(0) faults
09-02 00:04:53.384 22464 22500 W GeckoThread: zerdatime 51076610 - runGecko
09-02 00:04:53.389 22359 22393 I GeckoSession: zerdatime 51076615 - chrome startup finished
09-02 00:04:53.396 22359 22359 I GeckoSession: handleMessage GeckoView:PageStart uri=
09-02 00:04:53.398 22359 22359 I GeckoSession: handleMessage GeckoView:PageStop uri=null
09-02 00:04:53.449  1513  8184 I AdrenoGLES-0: QUALCOMM build                   : 35605c3, Ia11ce2d146
09-02 00:04:53.449  1513  8184 I AdrenoGLES-0: Build Date                       : 09/02/20
09-02 00:04:53.449  1513  8184 I AdrenoGLES-0: OpenGL ES Shader Compiler Version: EV031.31.04.00
09-02 00:04:53.449  1513  8184 I AdrenoGLES-0: Local Branch                     : gfx-adreno.lnx.2.0
09-02 00:04:53.449  1513  8184 I AdrenoGLES-0: Remote Branch                    : 
09-02 00:04:53.449  1513  8184 I AdrenoGLES-0: Remote Branch                    : 
09-02 00:04:53.449  1513  8184 I AdrenoGLES-0: Reconstruct Branch               : 
09-02 00:04:53.449  1513  8184 I AdrenoGLES-0: Build Config                     : S P 10.0.4 AArch64
09-02 00:04:53.449 22359 22393 D GeckoIdleService: Registering Idle observer callback
09-02 00:04:53.449 22359 22393 D GeckoIdleService: Register idle observer 0x798b489ac0 for 180 seconds
09-02 00:04:53.449  1513  8184 I AdrenoGLES-0: Driver Path                      : /vendor/lib64/egl/libGLESv2_adreno.so
09-02 00:04:53.450 22359 22393 D GeckoIdleService: Register: adjusting next switch from -1 to 180 seconds
09-02 00:04:53.450 22359 22393 D GeckoIdleService: next timeout 179999 msec from now
09-02 00:04:53.450 22359 22393 D GeckoIdleService: SetTimerExpiryIfBefore: next timeout 179999 msec from now
09-02 00:04:53.450 22359 22393 D GeckoIdleService: reset timer expiry to 180009 msec from now
09-02 00:04:53.451 22359 22393 D GeckoIdleService: Register idle observer 0x798b48c7a8 for 5 seconds
09-02 00:04:53.451 22359 22393 D GeckoIdleService: Register: adjusting next switch from 180 to 5 seconds
09-02 00:04:53.451 22359 22393 D GeckoIdleService: next timeout 4998 msec from now
09-02 00:04:53.451 22359 22393 D GeckoIdleService: SetTimerExpiryIfBefore: next timeout 4998 msec from now
09-02 00:04:53.451 22359 22393 D GeckoIdleService: reset timer expiry to 5008 msec from now
09-02 00:04:53.456  1513  8184 I AdrenoGLES-0: PFP: 0x016dd090, ME: 0x00000000
09-02 00:04:53.495 22359 22359 I GeckoSession: handleMessage GeckoView:PageStart uri=
09-02 00:04:53.684 22359 22535 I libglean_ffi: glean_core::upload: Ping cca43633-7ff8-49b6-ba6d-2b15b11eef89 successfully sent 200.
09-02 00:04:53.686 22359 22535 I libglean_ffi: glean_core::upload::directory: File was deleted /data/user/0/org.mozilla.firefox/glean_data/pending_pings/cca43633-7ff8-49b6-ba6d-2b15b11eef89
09-02 00:04:53.689 22359 22535 I libglean_ffi: glean_core::upload: New upload task with id ad709c7e-2202-4c00-9b81-e0428e2fa512 (path: /submit/org-mozilla-firefox/baseline/1/ad709c7e-2202-4c00-9b81-e0428e2fa512)
09-02 00:04:53.768 22359 22359 I WebExtension: releasePendingMessages: extension=fxa@mozac.org nativeApp=mozacWebchannel session=org.mozilla.geckoview.GeckoSession@948cee8
09-02 00:04:53.768 22359 22359 I WebExtension: releasePendingMessages: extension=fxa@mozac.org nativeApp=mozacWebchannelBackground session=null
09-02 00:04:53.772 22275 22293 I ndroid.calenda: Waiting for a blocking GC ProfileSaver
09-02 00:04:53.777 22359 22359 I DefaultSupportedAddonsChecker: Unregister check for new supported add-ons
09-02 00:04:53.779 22275 22293 I ndroid.calenda: WaitForGcToComplete blocked ProfileSaver on AddRemoveAppImageSpace for 6.701ms
09-02 00:04:53.784 22359 22359 I WebExtension: releasePendingMessages: extension=icons@mozac.org nativeApp=MozacBrowserIcons session=org.mozilla.geckoview.GeckoSession@948cee8
09-02 00:04:53.789 22275 22287 I ndroid.calenda: WaitForGcToComplete blocked RunEmptyCheckpoint on ProfileSaver for 10.362ms
09-02 00:04:53.791 22359 22359 I WebExtension: releasePendingMessages: extension=readerview@mozac.org nativeApp=mozacReaderview session=org.mozilla.geckoview.GeckoSession@948cee8
09-02 00:04:53.791 22359 22359 I WebExtension: releasePendingMessages: extension=readerview@mozac.org nativeApp=mozacReaderviewActive session=org.mozilla.geckoview.GeckoSession@948cee8
09-02 00:04:53.791 22359 22359 I WebExtension: releasePendingMessages: extension=readerview@mozac.org nativeApp=mozacReaderview session=org.mozilla.geckoview.GeckoSession@948cee8
09-02 00:04:53.811 22359 22359 I WebExtension: releasePendingMessages: extension=ads@mozac.org nativeApp=MozacBrowserAdsMessage session=org.mozilla.geckoview.GeckoSession@948cee8
09-02 00:04:53.817 22359 22359 I WebExtension: releasePendingMessages: extension=cookies@mozac.org nativeApp=MozacBrowserSearchMessage session=org.mozilla.geckoview.GeckoSession@948cee8
09-02 00:04:53.898 22359 22535 I libglean_ffi: glean_core::upload: Ping ad709c7e-2202-4c00-9b81-e0428e2fa512 successfully sent 200.
09-02 00:04:53.899 22359 22535 I libglean_ffi: glean_core::upload::directory: File was deleted /data/user/0/org.mozilla.firefox/glean_data/pending_pings/ad709c7e-2202-4c00-9b81-e0428e2fa512
09-02 00:04:53.901 22359 22535 I libglean_ffi: glean_core::upload: New upload task with id 80c22a24-93f6-425f-9463-d88b5da6eafd (path: /submit/org-mozilla-firefox/baseline/1/80c22a24-93f6-425f-9463-d88b5da6eafd)
09-02 00:04:53.978  2446  4456 D QCNEJ/WlanStaInfoRelay: Received action: android.net.wifi.RSSI_CHANGED
09-02 00:04:53.979  2446  4456 I QCNEJ/NativeHalConnector: -> SND notifyWlanStaStatusChanged([WlanStaInfo]: wifiSwitchState = 1 rssi = -56 ssid = WiFi 69 bssid = 76:4d:28:12:bf:83 dnsInfo = 192.168.88.1;8.8.8.8;0.0.0.0;0.0.0.0; freqBand = _2GHz countryCode = nl[RatInfo]: networkType = 1 subType = 101 networkState = CONNECTED netHdl = 432902426637 ipAddrV4 = 192.168.88.174 ipAddrV6 =  ifNameV4 = wlan0 ifNameV6 =  slotIdx = 0 isAndroidValidated = true) timeStamp = 2023-09-02 00:04:53.978
09-02 00:04:53.986  4371  4416 D PowerManagerPoller: Downlink cellular capacity updated to 79062 Kbps
09-02 00:04:53.990  5447  5595 I CarrierServices: [451] enh.d: (PEv2-SM-52012781): DisabledState: event Connectivity event [null]
09-02 00:04:53.997  1513  2000 D ConnectivityService: NetReassign [no changes]
09-02 00:04:54.003  2474  2765 E PhoneInterfaceManager: [PhoneIntfMgr] getCarrierPrivilegeStatus: Invalid subId
09-02 00:04:54.004  5447  5526 I CarrierServices: [446] eed.c: Connected state: [1], networkType: [WIFI]
09-02 00:04:54.004  5447  5596 I CarrierServices: [452] eua.f: RCS Configuration storage in Bugle is disabled by p/h flag, using ProvisioningEngineStateCacheUtil.getProvisioningConfigurationForGivenSimIfExist()
09-02 00:04:54.117 22359 22535 I libglean_ffi: glean_core::upload: Ping 80c22a24-93f6-425f-9463-d88b5da6eafd successfully sent 200.
09-02 00:04:54.118 22359 22535 I libglean_ffi: glean_core::upload::directory: File was deleted /data/user/0/org.mozilla.firefox/glean_data/pending_pings/80c22a24-93f6-425f-9463-d88b5da6eafd
09-02 00:04:54.122 22359 22535 I libglean_ffi: glean_core::upload: No more pings to upload! You are done.
09-02 00:04:54.126 22359 22470 I WM-WorkerWrapper: Worker result SUCCESS for Work [ id=10340204-f349-4a21-b1b5-8ffe9e13ca11, tags={ mozilla.telemetry.glean.scheduler.PingUploadWorker, mozac_service_glean_ping_upload_worker } ]
09-02 00:04:54.140  1513  2000 D ConnectivityService: releasing NetworkRequest [ TRACK_DEFAULT id=2364, [ Capabilities: INTERNET&NOT_RESTRICTED&TRUSTED Uid: 10258 AdministratorUids: [] RequestorUid: 10258 RequestorPackageName: org.mozilla.firefox] ] (release request)
09-02 00:04:54.167   901  1000 D VSC     : @ 51080.618: [WO] tilt angle 89
09-02 00:04:54.181  1513  2172 W UriGrantsManagerService: No permission grants found for com.google.android.apps.photos
09-02 00:04:54.181  1513  2172 W UriGrantsManagerService: No permission grants found for com.google.android.apps.photos
09-02 00:04:54.216  1513  3230 W UriGrantsManagerService: No permission grants found for com.google.android.apps.photos
09-02 00:04:54.245  1513  3230 I chatty  : uid=1000(system) Binder:1513_13 identical 2 lines
09-02 00:04:54.246  1513  3230 W UriGrantsManagerService: No permission grants found for com.google.android.apps.photos
09-02 00:04:54.595 22359 22372 I mozilla.firefo: Background young concurrent copying GC freed 513440(23MB) AllocSpace objects, 99(3484KB) LOS objects, 94% free, 5967KB/101MB, paused 313us total 120.473ms
09-02 00:04:55.007   901  2806 I sensors-hal: [ssc_utils]get_qmi_debug_flag:244, support_qmi_debug : false
09-02 00:04:55.050   901  1000 W ASH     : @ 51081.501: Unhandled msg ID 999: line 1277
09-02 00:04:55.050   901  1000 E ASH     : @ 51081.501: No pb callback assigned
09-02 00:04:55.050   901  1000 E ASH     : @ 51081.501: Nanopb error: callback failed:1588
09-02 00:04:56.168   901  1000 D VSC     : @ 51082.618: [WO] tilt angle 89
09-02 00:04:57.000  2446  4456 D QCNEJ/WlanStaInfoRelay: Received action: android.net.wifi.RSSI_CHANGED
09-02 00:04:57.001  2446  4456 I QCNEJ/NativeHalConnector: -> SND notifyWlanStaStatusChanged([WlanStaInfo]: wifiSwitchState = 1 rssi = -55 ssid = WiFi 69 bssid = 76:4d:28:12:bf:83 dnsInfo = 192.168.88.1;8.8.8.8;0.0.0.0;0.0.0.0; freqBand = _2GHz countryCode = nl[RatInfo]: networkType = 1 subType = 101 networkState = CONNECTED netHdl = 432902426637 ipAddrV4 = 192.168.88.174 ipAddrV6 =  ifNameV4 = wlan0 ifNameV6 =  slotIdx = 0 isAndroidValidated = true) timeStamp = 2023-09-02 00:04:57.001
09-02 00:04:57.011  5447  5595 I CarrierServices: [451] enh.d: (PEv2-SM-52012781): DisabledState: event Connectivity event [null]
09-02 00:04:57.018   901  2806 I sensors-hal: [ssc_utils]get_qmi_debug_flag:244, support_qmi_debug : false
09-02 00:04:57.024  5447  5526 I CarrierServices: [446] eed.c: Connected state: [1], networkType: [WIFI]
09-02 00:04:57.025  1513  2000 D ConnectivityService: NetReassign [no changes]
09-02 00:04:57.026  2474  2924 E PhoneInterfaceManager: [PhoneIntfMgr] getCarrierPrivilegeStatus: Invalid subId
09-02 00:04:57.027  5447  5596 I CarrierServices: [452] eua.f: RCS Configuration storage in Bugle is disabled by p/h flag, using ProvisioningEngineStateCacheUtil.getProvisioningConfigurationForGivenSimIfExist()
09-02 00:04:57.047   901  1000 W ASH     : @ 51083.498: Unhandled msg ID 999: line 1277
09-02 00:04:57.047   901  1000 E ASH     : @ 51083.498: No pb callback assigned
09-02 00:04:57.047   901  1000 E ASH     : @ 51083.498: Nanopb error: callback failed:1588
09-02 00:04:57.105   901  2806 I sensors-hal: [ssc_utils]get_qmi_debug_flag:244, support_qmi_debug : false
09-02 00:04:57.126   901  1000 W ASH     : @ 51083.578: Unhandled msg ID 999: line 1277
09-02 00:04:57.126   901  1000 E ASH     : @ 51083.578: No pb callback assigned
09-02 00:04:57.126   901  1000 E ASH     : @ 51083.578: Nanopb error: callback failed:1588
09-02 00:04:57.356   901  2806 I sensors-hal: [ssc_utils]get_qmi_debug_flag:244, support_qmi_debug : false
09-02 00:04:57.366   901  1000 W ASH     : @ 51083.818: Unhandled msg ID 999: line 1277
09-02 00:04:57.366   901  1000 E ASH     : @ 51083.818: No pb callback assigned
09-02 00:04:57.366   901  1000 E ASH     : @ 51083.818: Nanopb error: callback failed:1588
09-02 00:04:57.441   901  2806 I sensors-hal: [ssc_utils]get_qmi_debug_flag:244, support_qmi_debug : false
09-02 00:04:57.488   901  1000 W ASH     : @ 51083.938: Unhandled msg ID 999: line 1277
09-02 00:04:57.488   901  1000 E ASH     : @ 51083.938: No pb callback assigned
09-02 00:04:57.488   901  1000 E ASH     : @ 51083.938: Nanopb error: callback failed:1588
09-02 00:04:57.732 22679 22679 W app_process: type=1400 audit(0.0:6175): avc: denied { read } for name="u:object_r:device_config_runtime_native_boot_prop:s0" dev="tmpfs" ino=10163 scontext=u:r:shell:s0 tcontext=u:object_r:device_config_runtime_native_boot_prop:s0 tclass=file permissive=0
09-02 00:04:57.732 22679 22679 I chatty  : uid=2000(shell) app_process identical 2 lines
09-02 00:04:57.732 22679 22679 W app_process: type=1400 audit(0.0:6178): avc: denied { read } for name="u:object_r:device_config_runtime_native_boot_prop:s0" dev="tmpfs" ino=10163 scontext=u:r:shell:s0 tcontext=u:object_r:device_config_runtime_native_boot_prop:s0 tclass=file permissive=0
09-02 00:04:57.734 22679 22679 D AndroidRuntime: >>>>>> START com.android.internal.os.RuntimeInit uid 2000 <<<<<<
09-02 00:04:57.736 22679 22679 E libc    : Access denied finding property "persist.device_config.runtime_native_boot.profilebootclasspath"
09-02 00:04:57.736 22679 22679 E libc    : Access denied finding property "persist.device_config.runtime_native_boot.enable_apex_image"
09-02 00:04:57.736 22679 22679 I AndroidRuntime: Using default boot image
09-02 00:04:57.736 22679 22679 E libc    : Access denied finding property "persist.device_config.runtime_native_boot.disable_lock_profiling"
09-02 00:04:57.736 22679 22679 I AndroidRuntime: Leaving lock profiling enabled
09-02 00:04:57.736 22679 22679 E libc    : Access denied finding property "persist.device_config.runtime_native_boot.enable_generational_cc"
09-02 00:04:57.795 22679 22679 D app_process: Time zone APEX ICU file found: /apex/com.android.tzdata/etc/icu/icu_tzdata.dat
09-02 00:04:57.795 22679 22679 D app_process: I18n APEX ICU file found: /apex/com.android.i18n/etc/icu/icudt66l.dat
09-02 00:04:57.801 22679 22679 I app_process: The ClassLoaderContext is a special shared library.
09-02 00:04:57.813 22679 22679 W app_process: JNI RegisterNativeMethods: attempt to register 0 native methods for android.media.AudioAttributes
09-02 00:04:57.817 22679 22679 D AndroidRuntime: Calling main entry com.android.commands.input.Input
09-02 00:04:57.826 22679 22679 D AndroidRuntime: Shutting down VM
09-02 00:04:57.830  2858  2858 I GoogleInputMethodService: GoogleInputMethodService.onFinishInput():3280 
09-02 00:04:57.831  2858  2858 I GoogleInputMethodService: GoogleInputMethodService.updateDeviceLockedStatus():2169 repeatCheckTimes = 0, unlocked = true
09-02 00:04:57.831  2858  2858 I GoogleInputMethodService: GoogleInputMethodService.onStartInput():1960 onStartInput(EditorInfo{inputType=0x0(NULL) imeOptions=0x1 privateImeOptions=null actionName=NONE actionLabel=null actionId=0 initialSelStart=-1 initialSelEnd=-1 initialCapsMode=0x0 hintText=null label=null packageName=org.mozilla.firefox fieldId=-1 fieldName=null extras=null}, false)
09-02 00:04:57.832  2858  2858 I GoogleInputMethodService: GoogleInputMethodService.shouldHideHeaderOnInitialState():4081 ShouldHideHeaderOnInitialState = false
09-02 00:04:57.832   901  2806 I sensors-hal: [ssc_utils]get_qmi_debug_flag:244, support_qmi_debug : false
09-02 00:04:57.832  2858  2858 I GoogleInputMethodService: GoogleInputMethodService.updateDeviceLockedStatus():2169 repeatCheckTimes = 2, unlocked = true
09-02 00:04:57.846   901  1000 W ASH     : @ 51084.298: Unhandled msg ID 999: line 1277
09-02 00:04:57.846   901  1000 E ASH     : @ 51084.298: No pb callback assigned
09-02 00:04:57.846   901  1000 E ASH     : @ 51084.298: Nanopb error: callback failed:1588
09-02 00:04:57.898 22464 22478 I a.firefox:tab1: WaitForGcToComplete blocked RunEmptyCheckpoint on ProfileSaver for 11.011ms
09-02 00:04:57.927   901  2806 I sensors-hal: [ssc_utils]get_qmi_debug_flag:244, support_qmi_debug : false
09-02 00:04:57.938 22359 22359 I glean/Glean: Registering pings for org.mozilla.fenix.GleanMetrics.Pings
09-02 00:04:57.943 22359 22405 I FenixApplication: Running post-visual completeness tasks...
09-02 00:04:57.943 22359 22405 I FenixApplication: Storage initialization...
09-02 00:04:57.943 22359 22405 I PlacesHistoryStorage: Warming up places storage...
09-02 00:04:57.947 22359 22405 I PlacesHistoryStorage: 'Warming up places storage' took 3 ms
09-02 00:04:57.947 22359 22405 I PlacesBookmarksStorage: Warming up places storage...
09-02 00:04:57.947 22359 22405 I PlacesBookmarksStorage: 'Warming up places storage' took 0 ms
09-02 00:04:57.947 22359 22405 I SyncableLoginsStorage: Warming up storage...
09-02 00:04:57.947 22359 22405 I SyncableLoginsStorage: 'Warming up storage' took 0 ms
09-02 00:04:57.947 22359 22405 I AutofillCCAddressesStorage: Warming up storage...
09-02 00:04:57.947 22359 22405 I AutofillCCAddressesStorage: 'Warming up storage' took 0 ms
09-02 00:04:57.949 22359 22359 I ColdStartupDuration: COLD VIEW Application.<init> to first frame: 414 ms
09-02 00:04:57.950 22359 22359 I FenixApplication: Kicking-off account manager...
09-02 00:04:57.950 22359 22359 I FenixApplication: 'Kicking-off account manager' took 0 ms
09-02 00:04:57.966   901  1000 W ASH     : @ 51084.418: Unhandled msg ID 999: line 1277
09-02 00:04:57.966   901  1000 E ASH     : @ 51084.418: No pb callback assigned
09-02 00:04:57.966   901  1000 E ASH     : @ 51084.418: Nanopb error: callback failed:1588
09-02 00:04:58.024   901  2806 I sensors-hal: [ssc_utils]get_qmi_debug_flag:244, support_qmi_debug : false
09-02 00:04:58.028   594 28441 I SDM     : HWDeviceDRM::UpdateMixerAttributes: Mixer WxH 1080x2340-1 for Peripheral
09-02 00:04:58.028   594 28441 I SDM     : DisplayBase::SetActiveConfig: Active configuration changed to: 0
09-02 00:04:58.028   594 28441 I SDM     : StrategyImpl::SetIdleTimeoutMs: Idle timeout set to zero for command mode panels
09-02 00:04:58.033   901  2806 I sensors-hal: [ssc_utils]get_qmi_debug_flag:244, support_qmi_debug : false
