09-02 09:53:29.486 22830 22844 I A       : (REDACTED) Adding from config to map. Locale: %s modelPrefix: %s Location:%s isSpeakerIdSupported: %b
09-02 09:53:29.486 22830 22844 I A       : (REDACTED) Skipping. Expected model: %s Found: %s
09-02 09:53:29.486 22830 22844 I A       : (REDACTED) Adding from config to map. Locale: %s modelPrefix: %s Location:%s isSpeakerIdSupported: %b
09-02 09:53:29.490 22830 22919 W SearchServiceCore: Abort, client detached.
09-02 09:53:29.491 22830 22919 W SearchServiceCore: Abort, client detached.
09-02 09:53:29.491 22830 22892 I A       : getLocaleToModelSpecsMap
09-02 09:53:29.492 22830 22892 I A       : Using proto config with mendel
09-02 09:53:29.492 22830 22892 I A       : (REDACTED) Adding from config to map. Locale: %s modelPrefix: %s Location:%s isSpeakerIdSupported: %b
09-02 09:53:29.492 22830 22892 I A       : (REDACTED) Adding from config to map. Locale: %s modelPrefix: %s Location:%s isSpeakerIdSupported: %b
09-02 09:53:29.493 22830 22844 I A       : (REDACTED) hasHotwordEverywhere-%b
09-02 09:53:29.493 22830 22892 I A       : (REDACTED) Adding from config to map. Locale: %s modelPrefix: %s Location:%s isSpeakerIdSupported: %b
09-02 09:53:29.493 22830 22892 I A       : (REDACTED) Skipping. Expected model: %s Found: %s
09-02 09:53:29.494 22830 22844 I A       : getLocaleToModelSpecsMap
09-02 09:53:29.494 22830 22892 I A       : (REDACTED) Adding from config to map. Locale: %s modelPrefix: %s Location:%s isSpeakerIdSupported: %b
09-02 09:53:29.494 22830 22844 I A       : Using proto config with mendel
09-02 09:53:29.495 22830 22844 I A       : getLocaleToModelSpecsMap
09-02 09:53:29.495 22830 22844 I A       : Using proto config with mendel
09-02 09:53:29.495 22830 22844 I A       : getLocaleToModelSpecsMap
09-02 09:53:29.496 22830 22892 I MicroDataManager: (REDACTED) Location for model with model type: %s and locale: %s, is : %s
09-02 09:53:29.496 22830 22844 I A       : Using proto config with mendel
09-02 09:53:29.505 22830 22844 I A       : getLocaleToModelSpecsMap
09-02 09:53:29.505 22830 22844 I A       : Using proto config with mendel
09-02 09:53:29.506 22830 22844 I A       : (REDACTED) Adding from config to map. Locale: %s modelPrefix: %s Location:%s isSpeakerIdSupported: %b
09-02 09:53:29.507 22830 22844 I chatty  : uid=10076(u0_a76) Binder:22830_2 identical 1 line
09-02 09:53:29.508 22830 22844 I A       : (REDACTED) Adding from config to map. Locale: %s modelPrefix: %s Location:%s isSpeakerIdSupported: %b
09-02 09:53:29.508 22830 22844 I A       : (REDACTED) Skipping. Expected model: %s Found: %s
09-02 09:53:29.509 22830 22844 I A       : (REDACTED) Adding from config to map. Locale: %s modelPrefix: %s Location:%s isSpeakerIdSupported: %b
09-02 09:53:29.511 22830 22911 I SettingsDataLayer.AE: Set Assistant eligibility status
09-02 09:53:29.542 22830 22844 I A       : getLocaleToModelSpecsMap
09-02 09:53:29.542 22830 22844 I A       : Using proto config with mendel
09-02 09:53:29.547 22830 22844 I A       : getLocaleToModelSpecsMap
09-02 09:53:29.547 22830 22844 I A       : Using proto config with mendel
09-02 09:53:29.548 22830 22844 I A       : getLocaleToModelSpecsMap
09-02 09:53:29.548 22830 22844 I A       : Using proto config with mendel
09-02 09:53:29.554  3979  8178 D ConnectivityService: filterNetworkStateForUid() uid: 10025 networkInfo: [type: WIFI[] - WIFI, state: CONNECTED/CONNECTED, reason: (unspecified), extra: "WiFi 69", failover: false, available: true, roaming: false, metered: false]
09-02 09:53:29.562  3979  4670 D LocationManagerService: getProviders()=[passive]
09-02 09:53:29.569 22830 22908 D ConnectivityManager: requestNetwork; CallingUid : 10076, CallingPid : 22830
09-02 09:53:29.572  3979  4670 D ConnectivityService: requestNetwork for uid/pid:10076/22830 NetworkRequest [ TRACK_DEFAULT id=414, [ Capabilities: INTERNET&NOT_RESTRICTED&TRUSTED&NOT_VPN] ]
09-02 09:53:29.573  3979  4180 D ConnectivityService: rematching NetworkAgentInfo [WIFI () - 502]
09-02 09:53:29.573  3979  4180 D ConnectivityService:  network has: [ Transports: WIFI Capabilities: NOT_METERED&INTERNET&NOT_RESTRICTED&TRUSTED&NOT_VPN&VALIDATED&FOREGROUND LinkUpBandwidth>=1048576Kbps LinkDnBandwidth>=1048576Kbps SignalStrength: -60]
09-02 09:53:29.573  3979  4180 D ConnectivityService: Network NetworkAgentInfo [WIFI () - 502] was already satisfying request 3. No change.
09-02 09:53:29.573  3979  4180 D ConnectivityService:   checking if request is satisfied: NetworkRequest [ TRACK_DEFAULT id=414, [ Capabilities: INTERNET&NOT_RESTRICTED&TRUSTED&NOT_VPN] ]
09-02 09:53:29.573  3979  4180 D ConnectivityService: currentScore = 0, newScore = 60
09-02 09:53:29.573  3979  4180 D ConnectivityService: rematch for NetworkAgentInfo [WIFI () - 502]
09-02 09:53:29.573  3979  4180 D ConnectivityService:    accepting network in place of null
09-02 09:53:29.573  3979  4180 D ConnectivityService: sending new Min Network Score(60): NetworkRequest [ TRACK_DEFAULT id=414, [ Capabilities: INTERNET&NOT_RESTRICTED&TRUSTED&NOT_VPN] ]
09-02 09:53:29.574  3979  4177 D WIFI_P2P: got request NetworkRequest [ TRACK_DEFAULT id=414, [ Capabilities: INTERNET&NOT_RESTRICTED&TRUSTED&NOT_VPN] ] with score 60
09-02 09:53:29.574  3979  4177 D WIFI_P2P:   my score=60, my filter=[ Transports: WIFI Capabilities: WIFI_P2P&NOT_RESTRICTED&TRUSTED&NOT_VPN LinkUpBandwidth>=1048576Kbps LinkDnBandwidth>=1048576Kbps]
09-02 09:53:29.574  3979  4177 D WIFI_P2P: evalRequest
09-02 09:53:29.574  3979  4177 D WIFI_P2P:   done
09-02 09:53:29.574  3979  4180 D ConnectivityService: MultiNetwork Request(TransportType - Wi-Fi request). Internet Capability doesn't required (false)
09-02 09:53:29.574  4633  4633 D PhoneSwitcherNetworkRequstListener: got request NetworkRequest [ TRACK_DEFAULT id=414, [ Capabilities: INTERNET&NOT_RESTRICTED&TRUSTED&NOT_VPN] ] with score 60
09-02 09:53:29.574  3979  4153 D WIFI    : got request NetworkRequest [ TRACK_DEFAULT id=414, [ Capabilities: INTERNET&NOT_RESTRICTED&TRUSTED&NOT_VPN] ] with score 60
09-02 09:53:29.574  3979  4306 D Ethernet: got request NetworkRequest [ TRACK_DEFAULT id=414, [ Capabilities: INTERNET&NOT_RESTRICTED&TRUSTED&NOT_VPN] ] with score 60
09-02 09:53:29.574  3979  4180 D ConnectivityService: Network NetworkAgentInfo [WIFI () - 502] was already satisfying request 1. No change.
09-02 09:53:29.574  3979  4180 D ConnectivityService: Network NetworkAgentInfo [WIFI () - 502] was already satisfying request 140. No change.
09-02 09:53:29.574  3979  4153 D WIFI    :   my score=60, my filter=[ Transports: WIFI Capabilities: NOT_METERED&INTERNET&NOT_RESTRICTED&TRUSTED&NOT_VPN LinkUpBandwidth>=1048576Kbps LinkDnBandwidth>=1048576Kbps]
09-02 09:53:29.574  3979  4306 D Ethernet:   my score=-1, my filter=[ Transports: ETHERNET Capabilities: INTERNET&NOT_RESTRICTED&TRUSTED&NOT_VPN LinkUpBandwidth>=100000Kbps LinkDnBandwidth>=100000Kbps]
09-02 09:53:29.574  3979  4153 D WIFI    : evalRequest
09-02 09:53:29.574  3979  4306 D Ethernet: evalRequest
09-02 09:53:29.574  3979  4153 D WIFI    :   needNetworkFor
09-02 09:53:29.575  3979  4306 D Ethernet:   done
09-02 09:53:29.575  3979  4153 D WIFI_UT : got request NetworkRequest [ TRACK_DEFAULT id=414, [ Capabilities: INTERNET&NOT_RESTRICTED&TRUSTED&NOT_VPN] ] with score 60
09-02 09:53:29.575  3979  4180 D ConnectivityService: sending notification AVAILABLE for NetworkRequest [ TRACK_DEFAULT id=414, [ Capabilities: INTERNET&NOT_RESTRICTED&TRUSTED&NOT_VPN] ]
09-02 09:53:29.575  3979  4153 D WIFI_UT :   my score=2147483647, my filter=[ Transports: WIFI Capabilities: NOT_METERED&INTERNET&NOT_RESTRICTED&TRUSTED&NOT_VPN LinkUpBandwidth>=1048576Kbps LinkDnBandwidth>=1048576Kbps]
09-02 09:53:29.575  3979  4153 D WIFI_UT : evalRequest
09-02 09:53:29.575  3979  4153 D WIFI_UT :   needNetworkFor
09-02 09:53:29.575  3979  4180 D ConnectivityService: sending notification CAP_CHANGED for NetworkRequest [ TRACK_DEFAULT id=414, [ Capabilities: INTERNET&NOT_RESTRICTED&TRUSTED&NOT_VPN] ]
09-02 09:53:29.575  4633  4633 D PhoneSwitcherNetworkRequstListener:   my score=101, my filter=[ Transports: CELLULAR Capabilities: MMS&SUPL&DUN&FOTA&IMS&CBS&IA&RCS&XCAP&EIMS&INTERNET&NOT_RESTRICTED&TRUSTED&NOT_VPN&ENT1 Specifier: <android.net.MatchAllNetworkSpecifier@0>]
09-02 09:53:29.575  4633  4633 D PhoneSwitcherNetworkRequstListener: evalRequest
09-02 09:53:29.575  4633  4633 D PhoneSwitcherNetworkRequstListener:   needNetworkFor
09-02 09:53:29.575  3979  4180 D ConnectivityService: sending notification IP_CHANGED for NetworkRequest [ TRACK_DEFAULT id=414, [ Capabilities: INTERNET&NOT_RESTRICTED&TRUSTED&NOT_VPN] ]
09-02 09:53:29.599 22830 22836 I zygote64: Method exceeds compiler instruction limit: 21908 in java.lang.Object com.google.android.apps.gsa.binaries.velvet.app.apx.a()
09-02 09:53:29.603 22830 22922 I A       : (REDACTED) Loaded shared library: %s
09-02 09:53:29.614 22830 22919 I SearchWidgetFlow: (REDACTED) SearchWidgetWorker:handleIntent(%s) started
09-02 09:53:29.615 22830 22830 I SearchWidgetFlow: (REDACTED) SearchWidget:handleIntent(%s)
09-02 09:53:29.617  3979  5925 D ConnectivityService: filterNetworkStateForUid() uid: 10076 networkInfo: [type: WIFI[] - WIFI, state: CONNECTED/CONNECTED, reason: (unspecified), extra: "WiFi 69", failover: false, available: true, roaming: false, metered: false]
09-02 09:53:29.619 22830 22841 I zygote64: Background concurrent copying GC freed 14841(973KB) AllocSpace objects, 0(0B) LOS objects, 50% free, 5MB/10MB, paused 1.463ms total 289.030ms
09-02 09:53:29.626 22830 22830 W ResourceType: For resource 0x7f071a27, entry index(6695) is beyond type entryCount(3160)
09-02 09:53:29.626 22830 22830 W ResourceType: For resource 0x7f0713b0, entry index(5040) is beyond type entryCount(3160)
09-02 09:53:29.627 22830 22932 D ConnectivityManager: requestNetwork; CallingUid : 10076, CallingPid : 22830
09-02 09:53:29.634 22830 22830 W ResourceType: ResTable_typeSpec entry count inconsistent: given 3160, previously 8189
09-02 09:53:29.634 22830 22830 W ResourceType: ResTable_typeSpec entry count inconsistent: given 5137, previously 5136
09-02 09:53:29.634 22830 22830 W ResourceType: ResTable_typeSpec entry count inconsistent: given 451, previously 4843
09-02 09:53:29.635  3979  8178 D ConnectivityService: listenForNetwork for uid/pid:10076/22830 NetworkRequest [ LISTEN id=415, [ Capabilities: INTERNET&NOT_RESTRICTED&TRUSTED] ]
09-02 09:53:29.636  3979  4180 D ConnectivityService: rematching NetworkAgentInfo [WIFI () - 502]
09-02 09:53:29.636  3979  4180 D ConnectivityService:  network has: [ Transports: WIFI Capabilities: NOT_METERED&INTERNET&NOT_RESTRICTED&TRUSTED&NOT_VPN&VALIDATED&FOREGROUND LinkUpBandwidth>=1048576Kbps LinkDnBandwidth>=1048576Kbps SignalStrength: -60]
09-02 09:53:29.636  3979  4180 D ConnectivityService: Network NetworkAgentInfo [WIFI () - 502] was already satisfying request 3. No change.
09-02 09:53:29.636  3979  4180 D ConnectivityService: Network NetworkAgentInfo [WIFI () - 502] was already satisfying request 414. No change.
09-02 09:53:29.636  3979  4180 D ConnectivityService: Network NetworkAgentInfo [WIFI () - 502] was already satisfying request 1. No change.
09-02 09:53:29.636  3979  4180 D ConnectivityService: Network NetworkAgentInfo [WIFI () - 502] was already satisfying request 140. No change.
09-02 09:53:29.636  3979  4180 D ConnectivityService: sending notification AVAILABLE for NetworkRequest [ LISTEN id=415, [ Capabilities: INTERNET&NOT_RESTRICTED&TRUSTED] ]
09-02 09:53:29.636  3979  8178 D ConnectivityService: filterNetworkStateForUid() uid: 10076 networkInfo: [type: WIFI[] - WIFI, state: CONNECTED/CONNECTED, reason: (unspecified), extra: "WiFi 69", failover: false, available: true, roaming: false, metered: false]
09-02 09:53:29.636  3979  4180 D ConnectivityService: sending notification CAP_CHANGED for NetworkRequest [ LISTEN id=415, [ Capabilities: INTERNET&NOT_RESTRICTED&TRUSTED] ]
09-02 09:53:29.637  3979  4180 D ConnectivityService: sending notification IP_CHANGED for NetworkRequest [ LISTEN id=415, [ Capabilities: INTERNET&NOT_RESTRICTED&TRUSTED] ]
09-02 09:53:29.641 22830 22830 W ResourceType: For resource 0x7f071a27, entry index(6695) is beyond type entryCount(3160)
09-02 09:53:29.641 22830 22830 W ResourceType: For resource 0x7f0713b0, entry index(5040) is beyond type entryCount(3160)
09-02 09:53:29.646 22830 22897 W linker  : "/data/app/com.google.android.googlequicksearchbox--ua205YANz2OP3STg2zXzw==/base.apk!/lib/arm64-v8a/libcronet.108.0.5340.9.so" unused DT entry: type 0x70000001 arg 0x0
09-02 09:53:29.650 22830 22898 I A       : (REDACTED) Setting isLegacySQLite mode to %s.
09-02 09:53:29.668 22051 22051 D BoundBrokerSvc: onBind: Intent { act=com.google.android.gms.feedback.internal.IFeedbackService dat=chimera-action: cmp=com.google.android.gms/.chimera.GmsBoundBrokerService }
09-02 09:53:29.668 22051 22051 D BoundBrokerSvc: Loading bound service for intent: Intent { act=com.google.android.gms.feedback.internal.IFeedbackService dat=chimera-action: cmp=com.google.android.gms/.chimera.GmsBoundBrokerService }
09-02 09:53:29.680 22830 22908 I SearchWidgetFlow: (REDACTED) SearchWidgetWorker:handleIntent(%s) done
09-02 09:53:29.681 22830 22909 I SearchWidgetFlow: (REDACTED) GsaWidgetProvider:onReceive(%s) done
09-02 09:53:29.682 22830 22919 W SearchServiceCore: Abort, client detached.
09-02 09:53:29.683 22830 22897 I cr_CronetLibraryLoader: Cronet version: 108.0.5340.9, arch: aarch64
09-02 09:53:29.685  3979  5925 D ConnectivityService: filterNetworkStateForUid() uid: 10076 networkInfo: [type: WIFI[] - WIFI, state: CONNECTED/CONNECTED, reason: (unspecified), extra: "WiFi 69", failover: false, available: true, roaming: false, metered: false]
09-02 09:53:29.685  3979  3979 D AppWidgetServiceImpl: handleNotifyUpdateAppWidget, appWidgetId = 3
09-02 09:53:29.687  5213  5213 I LauncherAppWidgetHostView: updateLastOrientation, orientation: 1, activityOrientation: 1, fromRemoteViews: true, widget: ComponentInfo{com.google.android.googlequicksearchbox/com.google.android.googlequicksearchbox.SearchWidgetProvider}
09-02 09:53:29.687 22830 22892 I MicroModelsUtil: (REDACTED) #getHotwordModel [locale: %s, modelType: %s]
09-02 09:53:29.695  3979  5925 I chatty  : uid=1000(system) Binder:3979_E identical 1 line
09-02 09:53:29.697  3979  5925 D ConnectivityService: filterNetworkStateForUid() uid: 10076 networkInfo: [type: WIFI[] - WIFI, state: CONNECTED/CONNECTED, reason: (unspecified), extra: "WiFi 69", failover: false, available: true, roaming: false, metered: false]
09-02 09:53:29.698  3979  3989 D ConnectivityService: filterNetworkStateForUid() uid: 10076 networkInfo: [type: WIFI[] - WIFI, state: CONNECTED/CONNECTED, reason: (unspecified), extra: "WiFi 69", failover: false, available: true, roaming: false, metered: false]
09-02 09:53:29.708  3979  3989 D ActivityManager: The following uid has registered to recieve broadcast for proxy related updates 10076
09-02 09:53:29.709  3979  3989 W ContextImpl: Calling a method in the system process without a qualified user: android.app.ContextImpl.sendBroadcast:971 com.android.server.am.ActivityManagerService.requestKnoxVpnToSendProxyBroadcast:29502 com.android.server.am.ActivityManagerService.registerReceiver:23187 android.app.IActivityManager$Stub.onTransact:176 com.android.server.am.ActivityManagerService.onTransact:3862 
09-02 09:53:29.710  3979  3979 D KnoxVpnEngineService: Vpn Receiver : com.samsung.android.knox.intent.action.VPN_PROXY_BROADCAST_INTERNAL
09-02 09:53:29.710  3979  4130 I KnoxVpnEngineService: vpn handle : Message received
09-02 09:53:29.731 22051 22205 I Icing   : IndexChimeraService.getServiceInterface callingPackage=com.google.android.gms componentName=null serviceId=30
09-02 09:53:29.745 22051 22051 D BoundBrokerSvc: onBind: Intent { act=com.google.android.gms.common.BIND_SHARED_PREFS pkg=com.google.android.gms }
09-02 09:53:29.745 22051 22051 D BoundBrokerSvc: Loading bound service for intent: Intent { act=com.google.android.gms.common.BIND_SHARED_PREFS pkg=com.google.android.gms }
09-02 09:53:29.751 22051 22051 D BoundBrokerSvc: onUnbind: Intent { act=com.google.android.gms.common.BIND_SHARED_PREFS pkg=com.google.android.gms }
09-02 09:53:29.757 22051 29877 I GmsCoreXrpcWrapper: (REDACTED) Returning a channel provider with trafficStatsTag=%d trafficStatsUid=%d
09-02 09:53:29.784 22830 22898 I MicroModelsUtil: (REDACTED) #getHotwordModelFromMobstore [mobstoreUri: %s]
09-02 09:53:29.786  3979  4067 D SamsungAlarmManager: Expired : 8
09-02 09:53:29.786  3979  4067 E AlarmManager: No more alarm at this time. nowELAPSED=86391218 batch.start=86406199 mNextWakeup=86406199 mNextNonWakeup=86391218 mAlarmBatches.size=42
09-02 09:53:29.786  3979  4067 E AlarmManager: Batch 1 size = 1 : 86406199, Batch 2 size = 1 : 86421432, Batch 3 size = 9 : 86426836
09-02 09:53:29.786  3979  4067 E AlarmManager: No more alarm at this time. mNextWakeup will be set as zero : 86406199
09-02 09:53:29.786  3979  4067 I SamsungAlarmManager: setLocked to kernel - T:2 / 20230902T095344, SetElapsed=86406199, nowELAPSED=86391218
09-02 09:53:29.793 22830 22844 I A       : getLocaleToModelSpecsMap
09-02 09:53:29.794 22830 22844 I A       : Using proto config with mendel
09-02 09:53:29.794 22830 22844 I A       : getLocaleToModelSpecsMap
09-02 09:53:29.794 22830 22844 I A       : Using proto config with mendel
09-02 09:53:29.794 22830 22844 I A       : getLocaleToModelSpecsMap
09-02 09:53:29.794 22830 22904 I MicroDataManager: (REDACTED) MicroDataManager InitializationTask. googleHotwordData is null: true, hotwordModel is null: %b , sourceLocationOfCurrentHotwordModel %s
09-02 09:53:29.794 22830 22844 I A       : Using proto config with mendel
09-02 09:53:29.795 22830 22844 I MicroModelsUtil: (REDACTED) #getHotwordModelFromMobstore [mobstoreUri: %s]
09-02 09:53:29.797 22830 22919 I A       : getLocaleToModelSpecsMap
09-02 09:53:29.797 22830 22919 I A       : Using proto config with mendel
09-02 09:53:29.797 22830 22919 I A       : getLocaleToModelSpecsMap
09-02 09:53:29.797 22830 22919 I A       : Using proto config with mendel
09-02 09:53:29.798 22830 22919 I A       : getLocaleToModelSpecsMap
09-02 09:53:29.798 22830 22919 I A       : Using proto config with mendel
09-02 09:53:29.799 22830 22919 I A       : getLocaleToModelSpecsMap
09-02 09:53:29.802 22830 22919 I A       : Using proto config with mendel
09-02 09:53:29.803 22830 22919 I A       : (REDACTED) Adding from config to map. Locale: %s modelPrefix: %s Location:%s isSpeakerIdSupported: %b
09-02 09:53:29.803 22830 22919 I chatty  : uid=10076(u0_a76) EventBus0 identical 1 line
09-02 09:53:29.803 22830 22919 I A       : (REDACTED) Adding from config to map. Locale: %s modelPrefix: %s Location:%s isSpeakerIdSupported: %b
09-02 09:53:29.804 22830 22919 I A       : (REDACTED) Skipping. Expected model: %s Found: %s
09-02 09:53:29.804 22830 22919 I A       : (REDACTED) Adding from config to map. Locale: %s modelPrefix: %s Location:%s isSpeakerIdSupported: %b
09-02 09:53:29.806 22830 22919 I MicroDetectionState: (REDACTED) Should stop hotword detection immediately - %b
09-02 09:53:29.808 22830 22919 I A       : getLocaleToModelSpecsMap
09-02 09:53:29.808 22830 22919 I A       : Using proto config with mendel
09-02 09:53:29.810 22830 22919 I A       : getLocaleToModelSpecsMap
09-02 09:53:29.810 22830 22919 I A       : Using proto config with mendel
09-02 09:53:29.815  3979  3979 D PreBindingService: handleMessage : 1
09-02 09:53:29.823 22830 22844 I tflite  : Initialized TensorFlow Lite runtime.
09-02 09:53:29.827 22830 22844 I HotwordService: (REDACTED) Model ID: %s
09-02 09:53:29.827 22830 22844 I HotwordService: (REDACTED) hotwordModelLocation is null %b, locale is %s, re-mapped Chinese locale %s
09-02 09:53:29.828 22830 22844 I A       : getLocaleToModelSpecsMap
09-02 09:53:29.828 22830 22844 I A       : Using proto config with mendel
09-02 09:53:29.828 22830 22844 I A       : getLocaleToModelSpecsMap
09-02 09:53:29.828 22830 22844 I A       : Using proto config with mendel
09-02 09:53:29.829 22830 22844 I A       : getLocaleToModelSpecsMap
09-02 09:53:29.829 22830 22844 I A       : Using proto config with mendel
09-02 09:53:29.829 22830 22844 I A       : getLocaleToModelSpecsMap
09-02 09:53:29.829 22830 22844 I A       : Using proto config with mendel
09-02 09:53:29.830 22830 22844 I A       : (REDACTED) Adding from config to map. Locale: %s modelPrefix: %s Location:%s isSpeakerIdSupported: %b
09-02 09:53:29.830 22830 22844 I chatty  : uid=10076(u0_a76) Binder:22830_2 identical 1 line
09-02 09:53:29.830 22830 22844 I A       : (REDACTED) Adding from config to map. Locale: %s modelPrefix: %s Location:%s isSpeakerIdSupported: %b
09-02 09:53:29.830 22830 22844 I A       : (REDACTED) Skipping. Expected model: %s Found: %s
09-02 09:53:29.830 22830 22844 I A       : (REDACTED) Adding from config to map. Locale: %s modelPrefix: %s Location:%s isSpeakerIdSupported: %b
09-02 09:53:29.848 22830 22897 I FedAssSettingsBuildType: BuildType: Release
09-02 09:53:29.849 22830 22897 I A       : (REDACTED) getFlSettingEnabledWithSettingsToggle: %b
09-02 09:53:29.855 22830 22844 I A       : getLocaleToModelSpecsMap
09-02 09:53:29.855 22830 22844 I A       : Using proto config with mendel
09-02 09:53:29.855 22830 22844 I A       : getLocaleToModelSpecsMap
09-02 09:53:29.855 22830 22844 I A       : Using proto config with mendel
09-02 09:53:29.855 22830 22844 I A       : getLocaleToModelSpecsMap
09-02 09:53:29.855 22830 22844 I A       : Using proto config with mendel
09-02 09:53:29.856 22830 22844 I A       : getLocaleToModelSpecsMap
09-02 09:53:29.856 22830 22844 I A       : Using proto config with mendel
09-02 09:53:29.856 22830 22844 I A       : (REDACTED) Adding from config to map. Locale: %s modelPrefix: %s Location:%s isSpeakerIdSupported: %b
09-02 09:53:29.856 22830 22844 I chatty  : uid=10076(u0_a76) Binder:22830_2 identical 1 line
09-02 09:53:29.856 22830 22844 I A       : (REDACTED) Adding from config to map. Locale: %s modelPrefix: %s Location:%s isSpeakerIdSupported: %b
09-02 09:53:29.856 22830 22844 I A       : (REDACTED) Skipping. Expected model: %s Found: %s
09-02 09:53:29.857 22830 22844 I A       : (REDACTED) Adding from config to map. Locale: %s modelPrefix: %s Location:%s isSpeakerIdSupported: %b
09-02 09:53:29.859  5117  5385 I MicroModelsUtil: (REDACTED) #getHotwordModelFromMobstore [mobstoreUri: %s]
09-02 09:53:29.861  5117  5385 I GsaVoiceInteractionSrv: (REDACTED) hotwordModel is null :  %b
09-02 09:53:29.862  5117  5385 I BistoHotwordHelper: (REDACTED) getHotwordActive::active query: %s, watch: %s, devices connected: %s
09-02 09:53:29.863  5117  5385 I HwDetectorWithState: (REDACTED) a: %d
09-02 09:53:29.863  5117  5385 I GsaVoiceInteractionSrv: #checkDspStatus
09-02 09:53:29.863  5117  5385 I BistoHotwordHelper: (REDACTED) setting speaker id present: %b
09-02 09:53:29.863  5117  5385 I BistoHotwordHelper: (REDACTED) setting speaker ID model presence: %b
09-02 09:53:29.864  5117  5385 I BistoHotwordHelper: (REDACTED) setting hotword model of size: %d bytes
09-02 09:53:29.864  5117  5385 I BistoHotwordHelper: (REDACTED) setting modeltype: %s
09-02 09:53:29.864  5117  5385 I BistoHotwordHelper: (REDACTED) setHotwordVoiceLocale: prev: %s, new: %s
09-02 09:53:29.864  5117  5385 I BistoHotwordHelper: (REDACTED) setting VM enrollment allowed: %b
09-02 09:53:29.864  5117  5385 I BistoHotwordHelper: (REDACTED) setSodaUsed: prev: %b, new: %b
09-02 09:53:29.868 22830 22919 W SessionLifecycleManager: (REDACTED) Client : %s has no associated SessionController
09-02 09:53:29.885 22051 29877 I Icing   : Usage reports ok 6, Failed Usage reports 0, indexed 4, rejected 0
09-02 09:53:30.596 22734 22734 E cr_BTSPrefs: No data found for task id: 53
09-02 09:53:30.597 22734 22734 E cr_BkgrdTaskScheduler: Task cannot be canceled because no data was found instorage or data was invalid
09-02 09:53:31.003  3979  4051 D SensorService: [SO] 0.101 -0.402 9.855
09-02 09:53:31.104 22734 22734 I cr_tabmodel: Appending tabs being restored to metadata lists, 0, startingNormalCount: 22, startingIncognitoCount: 0
09-02 09:53:31.104 22734 22734 I cr_tabmodel: Serializing tab lists; counts: 22, 0
09-02 09:53:31.146  3979  3994 D SemExecuteManagerService: onShortcutChanged: com.android.chrome0
09-02 09:53:31.146 22734 22734 I cr_StartSurface: Recorded Startup.Android.StartSurfaceShownAtStartup = false
09-02 09:53:31.147  5213  6155 D LauncherApps: onShortcutChanged 0,com.android.chrome
09-02 09:53:31.149  5213  5213 D DeepShortcutManager: bindDeepShortcutMap: {com.android.launcher3.util.ComponentKey@1e9a2cfa=[DynamicFullRecent], com.android.launcher3.util.ComponentKey@92548096=[Search, Messages, Share, Notifications], com.android.launcher3.util.ComponentKey@9df2b1d6=[scanQrCode, newTab, newPrivateTab, search], com.android.launcher3.util.ComponentKey@489bf67c=[text_shortcut, voice_shortcut], com.android.launcher3.util.ComponentKey@86e56e2c=[open_new_tab, password_manager, open_new_private_tab], com.android.launcher3.util.ComponentKey@d85d54d0=[search_event_task, create_task, create_event], com.android.launcher3.util.ComponentKey@f5d080bf=[phoneadd, search, missedcall], com.android.launcher3.util.ComponentKey@515cb72c=[VIEW_MY_DOWNLOADS], com.android.launcher3.util.ComponentKey@683678e7=[create_message], com.android.launcher3.util.ComponentKey@64033792=[explore-shortcut, search-shortcut, shorts-shortcut, subscriptions-shortcut], com.android.launcher3.util.ComponentKey@3a8c61b=[compose], com.android.launcher3.util.ComponentKey@429b698e=[selfie, auto], com.android.launcher3.util.ComponentKey@91a61c5e=[contactadd, myprofile, contactgroup], com.android.launcher3.util.ComponentKey@3e17fc4f=[updates], com.android.launcher3.util.ComponentKey@967f6ac6=[search_shortcut], com.android.launcher3.util.ComponentKey@afe2ea5f=[manifest_home, manifest_work], com.android.launcher3.util.ComponentKey@7bfa09e7=[manifest_compose_shortcut, andrei.bogdan.marcel97@gmail.com], com.android.launcher3.util.ComponentKey@947c4a03=[new-tab-shortcut, dynamic-new-incognito-tab-shortcut]}
09-02 09:53:31.155 22734 22767 I cr_BindingManager: Visible binding enabled: maxSize=40
09-02 09:53:31.174 22830 22844 W DynamiteModule: Local module descriptor class for com.google.android.gms.googlecertificates not found.
09-02 09:53:31.175 22051 22051 D BoundBrokerSvc: onBind: Intent { act=com.google.android.gms.common.BIND_SHARED_PREFS pkg=com.google.android.gms }
09-02 09:53:31.175 22051 22051 D BoundBrokerSvc: Loading bound service for intent: Intent { act=com.google.android.gms.common.BIND_SHARED_PREFS pkg=com.google.android.gms }
09-02 09:53:31.183  3979  3990 W StorageManager: getStorageLowBytes lowPercent : 5, lowBytes : 1260145254, maxLowBytes : 524288000
09-02 09:53:31.191 22051 22051 D BoundBrokerSvc: onUnbind: Intent { act=com.google.android.gms.common.BIND_SHARED_PREFS pkg=com.google.android.gms }
09-02 09:53:31.203 22830 22844 W zygote64: Skipping duplicate class check due to unrecognized classloader
09-02 09:53:31.206 22830 22844 I DynamiteModule: Considering local module com.google.android.gms.googlecertificates:0 and remote module com.google.android.gms.googlecertificates:7
09-02 09:53:31.207 22830 22844 I DynamiteModule: Selected remote version of com.google.android.gms.googlecertificates, version >= 7
09-02 09:53:31.207 22830 22844 V DynamiteModule: Dynamite loader version >= 2, using loadModule2NoCrashUtils
09-02 09:53:31.226 22830 22844 W ResourceType: ResTable_typeSpec entry count inconsistent: given 77, previously 79
09-02 09:53:31.226 22830 22844 W ResourceType: ResTable_typeSpec entry count inconsistent: given 3309, previously 3332
09-02 09:53:31.226 22830 22844 W ResourceType: ResTable_typeSpec entry count inconsistent: given 518, previously 4352
09-02 09:53:31.245 22830 22844 W zygote64: Skipping duplicate class check due to unrecognized classloader
09-02 09:53:31.288  3979  6844 W AppOps  : Bad call: specified package com.google.android.gms under uid 10076 but it is really 10025
09-02 09:53:31.288  3979  6844 W AppOps  : java.lang.RuntimeException: here
09-02 09:53:31.288  3979  6844 W AppOps  : 	at com.android.server.AppOpsService.getOpsRawLocked(AppOpsService.java:1402)
09-02 09:53:31.288  3979  6844 W AppOps  : 	at com.android.server.AppOpsService.checkPackage(AppOpsService.java:1106)
09-02 09:53:31.288  3979  6844 W AppOps  : 	at com.android.internal.app.IAppOpsService$Stub.onTransact(IAppOpsService.java:169)
09-02 09:53:31.288  3979  6844 W AppOps  : 	at android.os.Binder.execTransact(Binder.java:682)
09-02 09:53:31.294  3979  6844 I chatty  : uid=1000(system) Binder:3979_19 identical 3 lines
09-02 09:53:31.297  3979  6844 W AppOps  : Bad call: specified package com.google.android.gms under uid 10076 but it is really 10025
09-02 09:53:31.297  3979  6844 W AppOps  : java.lang.RuntimeException: here
09-02 09:53:31.297  3979  6844 W AppOps  : 	at com.android.server.AppOpsService.getOpsRawLocked(AppOpsService.java:1402)
09-02 09:53:31.297  3979  6844 W AppOps  : 	at com.android.server.AppOpsService.checkPackage(AppOpsService.java:1106)
09-02 09:53:31.297  3979  6844 W AppOps  : 	at com.android.internal.app.IAppOpsService$Stub.onTransact(IAppOpsService.java:169)
09-02 09:53:31.297  3979  6844 W AppOps  : 	at android.os.Binder.execTransact(Binder.java:682)
09-02 09:53:32.334  3979  4327 D skia    : Encode PNG Singlethread processname=system_server :      22332 us, width=84, height=84
09-02 09:53:32.399  3449  3449 I android.hardware.wifi@1.0-service: getLinkLayerStats
09-02 09:53:32.523  4349  4349 D KeyguardUpdateMonitor: handleStatusBarState( false )
09-02 09:53:32.617  3979  6899 D SSRM:G  : SIOP:: AP = 300, PST = 296 (W:10), BAT = 260, USB = 0, CHG = 0
09-02 09:53:32.856 14031 14031 E adbd    : recv: OPEN 00019e3c 00000000 0076:73 68 65 6C 6C 2C 76 32 2C 54 45 52 4D 3D 78 74 65 72 6D 2D 32 35 36 63 6F 6C 6F 72 2C 72 61 77 3A 64 75 6D 70 73 79 73 20 61 63 74 69 76 69 74 79 20 72 65 63 65 6E 74 73 20 7C 20 67 72 65 70 20 22 52 65 63 65 6E 74 20 23 30 22 20 7C 20 63 75 74 20 2D 64 20 22 3D 22 20 2D 66 32 20 7C 20 67 72 65 70 20 2D 6F 20 2D 70 20 22 5B 61 2D 7A 7C 2E 5D 2A 22 00 
09-02 09:53:32.856 14031 14031 E adbd    : service_to_fd: shell,v2,TERM=xterm-256color,raw:dumpsys activity recents | grep "Recent #0" | cut -d "=" -f2 | grep -o -p "[a-z|.]*"
09-02 09:53:32.923  4962  4962 D io_stats: !@ 179,0 r 521931 16060572 w 289120 6215068 d 29030 18622768 f 89658 91319 iot 385444 323361 th 51200 0 0 pt 0 inp 0 0 31746.168
09-02 09:53:32.976 14031 14031 E adbd    : recv: OPEN 00019e3f 00000000 0042:73 68 65 6C 6C 2C 76 32 2C 54 45 52 4D 3D 78 74 65 72 6D 2D 32 35 36 63 6F 6C 6F 72 2C 72 61 77 3A 67 65 74 70 72 6F 70 20 72 6F 2E 62 75 69 6C 64 2E 76 65 72 73 69 6F 6E 2E 72 65 6C 65 61 73 65 00 
09-02 09:53:32.976 14031 14031 E adbd    : service_to_fd: shell,v2,TERM=xterm-256color,raw:getprop ro.build.version.release
09-02 09:53:33.052 14031 14031 E adbd    : recv: OPEN 00019e42 00000000 003e:73 68 65 6C 6C 2C 76 32 2C 54 45 52 4D 3D 78 74 65 72 6D 2D 32 35 36 63 6F 6C 6F 72 2C 72 61 77 3A 67 65 74 70 72 6F 70 20 72 6F 2E 62 75 69 6C 64 2E 76 65 72 73 69 6F 6E 2E 73 64 6B 00 
09-02 09:53:33.052 14031 14031 E adbd    : service_to_fd: shell,v2,TERM=xterm-256color,raw:getprop ro.build.version.sdk
09-02 09:53:33.145 14031 14031 E adbd    : recv: OPEN 00019e45 00000000 0034:73 68 65 6C 6C 2C 76 32 2C 54 45 52 4D 3D 78 74 65 72 6D 2D 32 35 36 63 6F 6C 6F 72 2C 72 61 77 3A 69 6E 70 75 74 20 74 61 70 20 35 35 30 20 31 35 30 30 00 
09-02 09:53:33.145 14031 14031 E adbd    : service_to_fd: shell,v2,TERM=xterm-256color,raw:input tap 550 1500
09-02 09:53:33.602 22969 22969 W ADebug  : Failed to get property persist.sys.media.traces
09-02 09:53:33.605 22969 22969 E appproc : Enhanced Zygote ASLR: ro.knox.enhance.zygote.aslr != 1. Enhanced Zygote ASLR is DISABLED!
09-02 09:53:33.605 22969 22969 D AndroidRuntime: >>>>>> START com.android.internal.os.RuntimeInit uid 2000 <<<<<<
09-02 09:53:33.609 22969 22969 D SecNativeFeatureCppIf: encoded
09-02 09:53:33.609 22969 22969 D SecNativeFeatureCppIf: decoding and unzip finish
09-02 09:53:33.609 22969 22969 D SecNativeFeatureCppIf: use unCompDataBuff. encoded
09-02 09:53:33.609 22969 22969 D SecNativeFeatureCppIf: Free unCompDataBuff
09-02 09:53:33.609 22969 22969 D SecNativeFeatureCppIf: encoded
09-02 09:53:33.609 22969 22969 D SecNativeFeatureCppIf: decoding and unzip finish
09-02 09:53:33.609 22969 22969 D SecNativeFeatureCppIf: use unCompDataBuff. encoded
09-02 09:53:33.609 22969 22969 D SecNativeFeatureCppIf: Free unCompDataBuff
09-02 09:53:33.609 22969 22969 D SecNativeFeatureCppIf: encoded
09-02 09:53:33.609 22969 22969 D SecNativeFeatureCppIf: decoding and unzip finish
09-02 09:53:33.609 22969 22969 D SecNativeFeatureCppIf: use unCompDataBuff. encoded
09-02 09:53:33.610 22969 22969 D SecNativeFeatureCppIf: Free unCompDataBuff
09-02 09:53:33.610 22969 22969 D SecNativeFeatureCppIf: encoded
09-02 09:53:33.610 22969 22969 D SecNativeFeatureCppIf: decoding and unzip finish
09-02 09:53:33.610 22969 22969 D SecNativeFeatureCppIf: use unCompDataBuff. encoded
09-02 09:53:33.610 22969 22969 D SecNativeFeatureCppIf: Free unCompDataBuff
09-02 09:53:33.725 22969 22969 D ICU     : Timezone override file found: /data/misc/zoneinfo/current/icu/icu_tzdata.dat
09-02 09:53:33.741 22969 22969 I app_process: find the special shared library, skip check
09-02 09:53:33.771 22969 22969 D SemCscFeature: Encoded
09-02 09:53:33.774 22969 22969 I chatty  : uid=2000(shell) identical 2 lines
09-02 09:53:33.775 22969 22969 D SemCscFeature: Encoded
09-02 09:53:33.777 22969 22969 E SemAffinityControl: SemAffinityControl: registerfunction enter
09-02 09:53:33.783 22969 22969 D AndroidRuntime: Calling main entry com.android.commands.input.Input
09-02 09:53:33.789 22969 22969 I Input   : injectMotionEvent: MotionEvent { action=ACTION_DOWN, actionButton=0, id[0]=0, x[0]=550.0, y[0]=1500.0, toolType[0]=TOOL_TYPE_UNKNOWN, buttonState=0, metaState=0, flags=0x0, edgeFlags=0x0, pointerCount=1, historySize=0, eventTime=31747029, downTime=31747029, deviceId=3, source=0x1002 }
09-02 09:53:33.789  3979  6844 D InputDispatcher: Inject motion (22969): action=0x0, eventTime=31747029000000, displayId=0
09-02 09:53:33.789  3979  4081 I InputDispatcher: Dropping event because there is no touchable window at (550, 1500).
09-02 09:53:33.790  3979  6844 W InputManager: Input event injection from pid 22969 failed.
09-02 09:53:33.790 22969 22969 I Input   : injectMotionEvent: MotionEvent { action=ACTION_UP, actionButton=0, id[0]=0, x[0]=550.0, y[0]=1500.0, toolType[0]=TOOL_TYPE_UNKNOWN, buttonState=0, metaState=0, flags=0x0, edgeFlags=0x0, pointerCount=1, historySize=0, eventTime=31747029, downTime=31747029, deviceId=3, source=0x1002 }
09-02 09:53:33.790  3979  6844 D InputDispatcher: Inject motion (22969): action=0x1, eventTime=31747029000000, displayId=0
09-02 09:53:33.791  3979  6844 W InputManager: Input event injection from pid 22969 failed.
09-02 09:53:33.791 22969 22969 D AndroidRuntime: Shutting down VM
09-02 09:53:33.877 14031 14031 E adbd    : recv: OPEN 00019e48 00000000 0042:73 68 65 6C 6C 2C 76 32 2C 54 45 52 4D 3D 78 74 65 72 6D 2D 32 35 36 63 6F 6C 6F 72 2C 72 61 77 3A 67 65 74 70 72 6F 70 20 72 6F 2E 62 75 69 6C 64 2E 76 65 72 73 69 6F 6E 2E 72 65 6C 65 61 73 65 00 
09-02 09:53:33.877 14031 14031 E adbd    : service_to_fd: shell,v2,TERM=xterm-256color,raw:getprop ro.build.version.release
09-02 09:53:33.954 14031 14031 E adbd    : recv: OPEN 00019e4b 00000000 003e:73 68 65 6C 6C 2C 76 32 2C 54 45 52 4D 3D 78 74 65 72 6D 2D 32 35 36 63 6F 6C 6F 72 2C 72 61 77 3A 67 65 74 70 72 6F 70 20 72 6F 2E 62 75 69 6C 64 2E 76 65 72 73 69 6F 6E 2E 73 64 6B 00 
09-02 09:53:33.954 14031 14031 E adbd    : service_to_fd: shell,v2,TERM=xterm-256color,raw:getprop ro.build.version.sdk
09-02 09:53:33.995 22734 22800 I cr_omaha: Attempting to schedule next job for: Sat Sep 02 13:14:49 GMT+02:00 2023
09-02 09:53:33.999 22734 22734 I cr_omaha: Scheduled using JobService
09-02 09:53:34.012 22734 22734 E cr_BkgrdTaskJS: Tried finishing non-current BackgroundTask.
09-02 09:53:34.028 14031 14031 E adbd    : recv: OPEN 00019e4e 00000000 0102:73 68 65 6C 6C 2C 76 32 2C 54 45 52 4D 3D 78 74 65 72 6D 2D 32 35 36 63 6F 6C 6F 72 2C 72 61 77 3A 61 6D 20 73 74 61 72 74 2D 66 6F 72 65 67 72 6F 75 6E 64 2D 73 65 72 76 69 63 65 20 2D 6E 20 22 63 6F 6D 2E 65 78 61 6D 70 6C 65 2E 62 61 74 74 65 72 79 6D 61 6E 61 67 65 72 5F 75 74 69 6C 69 74 79 2F 63 6F 6D 2E 65 78 61 6D 70 6C 65 2E 62 61 74 74 65 72 79 6D 61 6E 61 67 65 72 5F 75 74 69 6C 69 74 79 2E 44 61 74 61 43 6F 6C 6C 65 63 74 69 6F 6E 53 65 72 76 69 63 65 22 20 2D 2D 65 69 20 73 61 6D 70 6C 65 52 61 74 65 20 31 30 30 20 2D 2D 65 73 20 22 64 61 74 61 46 69 65 6C 64 73 22 20 22 42 41 54 54 45 52 59 5F 50 52 4F 50 45 52 54 59 5F 43 55 52 52 45 4E 54 5F 4E 4F 57 2C 45 58 54 52 41 5F 56 4F 4C 54 41 47 45 22 20 2D 2D 65 7A 20 74 6F 43 53 56 20 66 61 6C 73 65 00 
09-02 09:53:34.028 14031 14031 E adbd    : service_to_fd: shell,v2,TERM=xterm-256color,raw:am start-foreground-service -n "com.example.batterymanager_utility/com.example.batterymanager_utility.DataCollectionService" --ei sampleRate 100 --es "dataFields" "BATTERY_PROPERTY_CURRENT_NOW,EXTRA_VOLTAGE" --ez toCSV false
09-02 09:53:34.102 22693 22693 I BatteryMgr:DataCollectionService: onStartCommand: begin
09-02 09:53:34.103 22693 22693 I BatteryMgr:DataCollectionService: onStartCommand: sampleRate => 100
09-02 09:53:34.103 22693 22693 I BatteryMgr:DataCollectionService: onStartCommand: rawFields => Timestamp,BATTERY_PROPERTY_CURRENT_NOW,EXTRA_VOLTAGE
09-02 09:53:34.105 22693 22693 I BatteryMgr:DataCollectionService: onStartCommand: notification done
09-02 09:53:34.107 22693 22693 D Notification: allPendingIntents
09-02 09:53:34.109 22693 22693 I BatteryMgr:DataCollectionService: started foreground
09-02 09:53:34.111  3979  3995 D ApplicationPolicy: isStatusBarNotificationAllowedAsUser: packageName = android,userId = 0
09-02 09:53:34.111  3979  3995 D API test: getContainerInfo: value is 
09-02 09:53:34.111  3979  3995 D ApplicationPolicy: isStatusBarNotificationAllowedAsUser: packageName = android,userId = 0
09-02 09:53:34.111  3979  3995 D API test: getContainerInfo: value is 
09-02 09:53:34.112  3979  3995 D ApplicationPolicy: isStatusBarNotificationAllowedAsUser: packageName = com.example.batterymanager_utility,userId = 0
09-02 09:53:34.112  3979  3995 D API test: getContainerInfo: value is 
09-02 09:53:34.113  3979  3995 D ApplicationPolicy: isStatusBarNotificationAllowedAsUser: packageName = com.example.batterymanager_utility,userId = 0
09-02 09:53:34.113  3979  3995 D API test: getContainerInfo: value is 
09-02 09:53:34.115  3979  3979 D AudioService: getStreamVolume 5 index 110
09-02 09:53:34.119  3979  8178 D Notification: allPendingIntents
09-02 09:53:34.120  3979  6844 D Notification: allPendingIntents
09-02 09:53:34.120  4349  4349 D StatusBar: addNotification key=0|android|40|null|1000 fullscreen:false
09-02 09:53:34.122  3979  3979 I AccessibilityManagerService: semOnLightNotification(null), bIsFlashOn : false
09-02 09:53:34.123  3979  3979 D AccessibilityManagerService: Can't use light notification
09-02 09:53:34.123  3979  3979 D AudioService: getStreamVolume 5 index 110
09-02 09:53:34.124 22693 22991 I BatteryMgr:DataCollectionService: collectData: begin
09-02 09:53:34.126  3979  6844 D Notification: allPendingIntents
09-02 09:53:34.127  3979  8178 D Notification: allPendingIntents
09-02 09:53:34.130  4349  4349 D StatusBar: addNotification key=0|com.example.batterymanager_utility|1|null|10157 fullscreen:false
09-02 09:53:34.131 22693 22991 I BatteryMgr:DataCollectionService: stats => 1693641214131,119,4308
09-02 09:53:34.143 14031 14031 E adbd    : recv: OPEN 00019e51 00000000 0042:73 68 65 6C 6C 2C 76 32 2C 54 45 52 4D 3D 78 74 65 72 6D 2D 32 35 36 63 6F 6C 6F 72 2C 72 61 77 3A 67 65 74 70 72 6F 70 20 72 6F 2E 62 75 69 6C 64 2E 76 65 72 73 69 6F 6E 2E 72 65 6C 65 61 73 65 00 
09-02 09:53:34.143 14031 14031 E adbd    : service_to_fd: shell,v2,TERM=xterm-256color,raw:getprop ro.build.version.release
09-02 09:53:34.226 14031 14031 E adbd    : recv: OPEN 00019e54 00000000 003e:73 68 65 6C 6C 2C 76 32 2C 54 45 52 4D 3D 78 74 65 72 6D 2D 32 35 36 63 6F 6C 6F 72 2C 72 61 77 3A 67 65 74 70 72 6F 70 20 72 6F 2E 62 75 69 6C 64 2E 76 65 72 73 69 6F 6E 2E 73 64 6B 00 
09-02 09:53:34.226 14031 14031 E adbd    : service_to_fd: shell,v2,TERM=xterm-256color,raw:getprop ro.build.version.sdk
09-02 09:53:34.238 22693 22991 I BatteryMgr:DataCollectionService: stats => 1693641214238,119,4308
09-02 09:53:34.247  4349  4349 D KeyguardUpdateMonitor: handleStatusBarState( false )
09-02 09:53:34.295 14031 14031 E adbd    : recv: OPEN 00019e57 00000000 0029:73 68 65 6C 6C 2C 76 32 2C 54 45 52 4D 3D 78 74 65 72 6D 2D 32 35 36 63 6F 6C 6F 72 2C 72 61 77 3A 64 61 74 65 20 2D 75 00 
09-02 09:53:34.295 14031 14031 E adbd    : service_to_fd: shell,v2,TERM=xterm-256color,raw:date -u
09-02 09:53:34.344 22693 22991 I BatteryMgr:DataCollectionService: stats => 1693641214344,119,4308
09-02 09:53:34.367 14031 14031 E adbd    : recv: OPEN 00019e5a 00000000 003e:73 68 65 6C 6C 2C 76 32 2C 54 45 52 4D 3D 78 74 65 72 6D 2D 32 35 36 63 6F 6C 6F 72 2C 72 61 77 3A 64 75 6D 70 73 79 73 20 63 70 75 69 6E 66 6F 20 7C 20 67 72 65 70 20 54 4F 54 41 4C 00 
09-02 09:53:34.368 14031 14031 E adbd    : service_to_fd: shell,v2,TERM=xterm-256color,raw:dumpsys cpuinfo | grep TOTAL
09-02 09:53:34.450 22693 22991 I BatteryMgr:DataCollectionService: stats => 1693641214450,119,4308
09-02 09:53:34.461 14031 14031 E adbd    : recv: OPEN 00019e5d 00000000 003d:73 68 65 6C 6C 2C 76 32 2C 54 45 52 4D 3D 78 74 65 72 6D 2D 32 35 36 63 6F 6C 6F 72 2C 72 61 77 3A 64 75 6D 70 73 79 73 20 6D 65 6D 69 6E 66 6F 20 7C 20 67 72 65 70 20 55 73 65 64 00 
09-02 09:53:34.461 14031 14031 E adbd    : service_to_fd: shell,v2,TERM=xterm-256color,raw:dumpsys meminfo | grep Used
09-02 09:53:34.556 22693 22991 I BatteryMgr:DataCollectionService: stats => 1693641214556,119,4308
09-02 09:53:34.667 22693 22991 I BatteryMgr:DataCollectionService: stats => 1693641214667,119,4308
09-02 09:53:34.780 22693 22991 I BatteryMgr:DataCollectionService: stats => 1693641214779,119,4308
09-02 09:53:34.885 22693 22991 I BatteryMgr:DataCollectionService: stats => 1693641214885,119,4308
09-02 09:53:34.993 22693 22991 I BatteryMgr:DataCollectionService: stats => 1693641214993,119,4308
09-02 09:53:35.101 22693 22991 I BatteryMgr:DataCollectionService: stats => 1693641215101,119,4308
09-02 09:53:35.208 22693 22991 I BatteryMgr:DataCollectionService: stats => 1693641215208,119,4308
09-02 09:53:35.316 22693 22991 I BatteryMgr:DataCollectionService: stats => 1693641215316,119,4308
09-02 09:53:35.406  3449  3449 I android.hardware.wifi@1.0-service: getLinkLayerStats
09-02 09:53:35.428 22693 22991 I BatteryMgr:DataCollectionService: stats => 1693641215427,119,4308
09-02 09:53:35.539 22693 22991 I BatteryMgr:DataCollectionService: stats => 1693641215539,119,4308
09-02 09:53:35.649 22693 22991 I BatteryMgr:DataCollectionService: stats => 1693641215649,119,4308
09-02 09:53:35.757 22693 22991 I BatteryMgr:DataCollectionService: stats => 1693641215757,119,4308
09-02 09:53:35.761  3979  4670 D SamsungAlarmManager: Cancel Alarm calling from uid:10025 pid :22051 / op:PendingIntent{bc18ae2: PendingIntentRecord{7158353 com.google.android.gms startService}}
09-02 09:53:35.863 22693 22991 I BatteryMgr:DataCollectionService: stats => 1693641215863,119,4308
09-02 09:53:35.916 22830 22844 V ClearcutMetricXmitter: Transmission is done.
09-02 09:53:35.919 22830 22844 I chatty  : uid=10076(u0_a76) Binder:22830_2 identical 1 line
09-02 09:53:35.921 22830 22844 V ClearcutMetricXmitter: Transmission is done.
09-02 09:53:35.973 22693 22991 I BatteryMgr:DataCollectionService: stats => 1693641215973,119,4308
09-02 09:53:36.084 22693 22991 I BatteryMgr:DataCollectionService: stats => 1693641216084,119,4308
09-02 09:53:36.196 22693 22991 I BatteryMgr:DataCollectionService: stats => 1693641216196,119,4308
09-02 09:53:36.308 22693 22991 I BatteryMgr:DataCollectionService: stats => 1693641216307,119,4308
09-02 09:53:36.419 22693 22991 I BatteryMgr:DataCollectionService: stats => 1693641216418,119,4308
09-02 09:53:36.531 22693 22991 I BatteryMgr:DataCollectionService: stats => 1693641216531,119,4308
09-02 09:53:36.642 22693 22991 I BatteryMgr:DataCollectionService: stats => 1693641216641,119,4308
09-02 09:53:36.752 22693 22991 I BatteryMgr:DataCollectionService: stats => 1693641216752,119,4308
09-02 09:53:36.864 22693 22991 I BatteryMgr:DataCollectionService: stats => 1693641216863,119,4308
09-02 09:53:36.975 22693 22991 I BatteryMgr:DataCollectionService: stats => 1693641216974,119,4308
09-02 09:53:37.085 22693 22991 I BatteryMgr:DataCollectionService: stats => 1693641217085,119,4308
09-02 09:53:37.199 22693 22991 I BatteryMgr:DataCollectionService: stats => 1693641217198,119,4308
09-02 09:53:37.309 22693 22991 I BatteryMgr:DataCollectionService: stats => 1693641217309,119,4308
09-02 09:53:37.419 22693 22991 I BatteryMgr:DataCollectionService: stats => 1693641217419,119,4308
09-02 09:53:37.530 22693 22991 I BatteryMgr:DataCollectionService: stats => 1693641217529,119,4308
09-02 09:53:37.640 22693 22991 I BatteryMgr:DataCollectionService: stats => 1693641217639,119,4308
09-02 09:53:37.753 22693 22991 I BatteryMgr:DataCollectionService: stats => 1693641217752,119,4308
09-02 09:53:37.876 22693 22991 I BatteryMgr:DataCollectionService: stats => 1693641217876,119,4308
09-02 09:53:37.926  4962  4962 D io_stats: !@ 179,0 r 521931 16060572 w 289283 6217628 d 29033 18623028 f 89669 91330 iot 385488 323402 th 51200 0 0 pt 0 inp 0 0 31751.171
09-02 09:53:37.957 14031 14031 E adbd    : recv: OPEN 00019e60 00000000 0029:73 68 65 6C 6C 2C 76 32 2C 54 45 52 4D 3D 78 74 65 72 6D 2D 32 35 36 63 6F 6C 6F 72 2C 72 61 77 3A 64 61 74 65 20 2D 75 00 
09-02 09:53:37.958 14031 14031 E adbd    : service_to_fd: shell,v2,TERM=xterm-256color,raw:date -u
09-02 09:53:37.970 14031 14031 E adbd    : recv: OPEN 00019e63 00000000 00bf:73 68 65 6C 6C 2C 76 32 2C 54 45 52 4D 3D 78 74 65 72 6D 2D 32 35 36 63 6F 6C 6F 72 2C 72 61 77 3A 61 6D 20 73 74 61 72 74 20 2D 61 20 61 6E 64 72 6F 69 64 2E 69 6E 74 65 6E 74 2E 61 63 74 69 6F 6E 2E 56 49 45 57 20 2D 6E 20 63 6F 6D 2E 61 6E 64 72 6F 69 64 2E 63 68 72 6F 6D 65 2F 63 6F 6D 2E 67 6F 6F 67 6C 65 2E 61 6E 64 72 6F 69 64 2E 61 70 70 73 2E 63 68 72 6F 6D 65 2E 4D 61 69 6E 20 2D 64 20 68 74 74 70 3A 2F 2F 31 39 32 2E 31 36 38 2E 38 38 2E 31 37 37 3A 38 30 30 30 2F 46 69 6E 61 6E 63 65 2F 66 6F 72 62 65 73 2F 77 77 77 2E 66 6F 72 62 65 73 2E 63 6F 6D 2F 00 
09-02 09:53:37.970 14031 14031 E adbd    : service_to_fd: shell,v2,TERM=xterm-256color,raw:am start -a android.intent.action.VIEW -n com.android.chrome/com.google.android.apps.chrome.Main -d http://192.168.88.177:8000/Finance/forbes/www.forbes.com/
09-02 09:53:37.983 22693 22991 I BatteryMgr:DataCollectionService: stats => 1693641217983,119,4308
09-02 09:53:38.028 14031 14031 E adbd    : recv: OPEN 00019e66 00000000 003e:73 68 65 6C 6C 2C 76 32 2C 54 45 52 4D 3D 78 74 65 72 6D 2D 32 35 36 63 6F 6C 6F 72 2C 72 61 77 3A 64 75 6D 70 73 79 73 20 63 70 75 69 6E 66 6F 20 7C 20 67 72 65 70 20 54 4F 54 41 4C 00 
09-02 09:53:38.028 14031 14031 E adbd    : service_to_fd: shell,v2,TERM=xterm-256color,raw:dumpsys cpuinfo | grep TOTAL
09-02 09:53:38.048  3979  8178 I ActivityManager: START u0 {act=android.intent.action.VIEW typ=null flg=0x10000000 cmp=ComponentInfo{com.android.chrome/com.google.android.apps.chrome.Main}} from uid 2000
09-02 09:53:38.049  3979  8178 D CustomFrequencyManagerService: acquireDVFSLockLocked : type : DVFS_MIN_LIMIT  frequency : 1560000  uid : 1000  pid : 3979  pkgName : AMS_ACT_START@CPU_MIN@8
09-02 09:53:38.052  3979  8178 D ActivityManagerPerformance: AMP_acquire() ACT_START
09-02 09:53:38.077 22734 22734 D InputMethodManager: HSIFW - flag : 0 Pid : 22734
09-02 09:53:38.077  3979  4670 V InputMethodManagerService: Client requesting input be hidden, flags : 0
09-02 09:53:38.077  3979  4670 V InputMethodManagerService: hideCurrentInputLocked : shouldHideSoftInput is false
09-02 09:53:38.081  3979  4670 D ConnectivityService: filterNetworkStateForUid() uid: 10096 networkInfo: [type: WIFI[] - WIFI, state: CONNECTED/CONNECTED, reason: (unspecified), extra: "WiFi 69", failover: false, available: true, roaming: false, metered: false]
09-02 09:53:38.084 22734 22734 E cr_IntentUtils: getInt failed on bundle null
09-02 09:53:38.088 22693 22991 I BatteryMgr:DataCollectionService: stats => 1693641218088,119,4308
09-02 09:53:38.088 22734 22734 E ResourceType: Style contains key with bad entry: 0x0101062c
09-02 09:53:38.092  3979  4670 D ConnectivityService: filterNetworkStateForUid() uid: 10096 networkInfo: [type: WIFI[] - WIFI, state: CONNECTED/CONNECTED, reason: (unspecified), extra: "WiFi 69", failover: false, available: true, roaming: false, metered: false]
09-02 09:53:38.096 14031 14031 E adbd    : recv: OPEN 00019e69 00000000 003d:73 68 65 6C 6C 2C 76 32 2C 54 45 52 4D 3D 78 74 65 72 6D 2D 32 35 36 63 6F 6C 6F 72 2C 72 61 77 3A 64 75 6D 70 73 79 73 20 6D 65 6D 69 6E 66 6F 20 7C 20 67 72 65 70 20 55 73 65 64 00 
09-02 09:53:38.096 14031 14031 E adbd    : service_to_fd: shell,v2,TERM=xterm-256color,raw:dumpsys meminfo | grep Used
09-02 09:53:38.101  3979  8178 I ApplicationPolicy: isApplicationExternalStorageWhitelisted:com.android.chrome user:0
09-02 09:53:38.101  3979  8178 D ApplicationPolicy: isApplicationExternalStorageWhitelisted: DO is not enabled on user 0. Allowed.
09-02 09:53:38.101  3979  8178 D ActivityManager: package  com.android.chrome, user - 0 is SDcard whitelisted
09-02 09:53:38.101  3979  8178 I ApplicationPolicy: isApplicationExternalStorageBlacklisted:com.android.chrome user:0
