09-02 09:52:03.716 22265 22490 I BatteryMgr:DataCollectionService: stats => 1693641123716,127,4311
09-02 09:52:03.827 22265 22490 I BatteryMgr:DataCollectionService: stats => 1693641123827,127,4311
09-02 09:52:03.939 22265 22490 I BatteryMgr:DataCollectionService: stats => 1693641123938,127,4311
09-02 09:52:04.045 22265 22490 I BatteryMgr:DataCollectionService: stats => 1693641124045,127,4311
09-02 09:52:04.150 22265 22490 I BatteryMgr:DataCollectionService: stats => 1693641124150,127,4311
09-02 09:52:04.255 22265 22490 I BatteryMgr:DataCollectionService: stats => 1693641124254,127,4311
09-02 09:52:04.364 22265 22490 I BatteryMgr:DataCollectionService: stats => 1693641124364,127,4311
09-02 09:52:04.478 22265 22490 I BatteryMgr:DataCollectionService: stats => 1693641124478,127,4311
09-02 09:52:04.591 22265 22490 I BatteryMgr:DataCollectionService: stats => 1693641124591,127,4311
09-02 09:52:04.697 22265 22490 I BatteryMgr:DataCollectionService: stats => 1693641124697,127,4311
09-02 09:52:04.804 22265 22490 I BatteryMgr:DataCollectionService: stats => 1693641124804,127,4311
09-02 09:52:04.826  3449  3449 I android.hardware.wifi@1.0-service: getLinkLayerStats
09-02 09:52:04.909 22265 22490 I BatteryMgr:DataCollectionService: stats => 1693641124909,127,4311
09-02 09:52:05.019 22265 22490 I BatteryMgr:DataCollectionService: stats => 1693641125019,127,4311
09-02 09:52:05.130 22265 22490 I BatteryMgr:DataCollectionService: stats => 1693641125129,127,4311
09-02 09:52:05.236 22265 22490 I BatteryMgr:DataCollectionService: stats => 1693641125236,127,4311
09-02 09:52:05.346 22265 22490 I BatteryMgr:DataCollectionService: stats => 1693641125346,127,4311
09-02 09:52:05.455 22265 22490 I BatteryMgr:DataCollectionService: stats => 1693641125454,127,4311
09-02 09:52:05.559 22265 22490 I BatteryMgr:DataCollectionService: stats => 1693641125559,127,4311
09-02 09:52:05.588 22304 22304 I cr_tabmodel: Appending tabs being restored to metadata lists, 0, startingNormalCount: 21, startingIncognitoCount: 0
09-02 09:52:05.589 22304 22304 I cr_tabmodel: Serializing tab lists; counts: 21, 0
09-02 09:52:05.624  3979  3994 D SemExecuteManagerService: onShortcutChanged: com.android.chrome0
09-02 09:52:05.624 22304 22304 I cr_StartSurface: Recorded Startup.Android.StartSurfaceShownAtStartup = false
09-02 09:52:05.625  5213  5256 D LauncherApps: onShortcutChanged 0,com.android.chrome
09-02 09:52:05.625  5213  5213 D DeepShortcutManager: bindDeepShortcutMap: {com.android.launcher3.util.ComponentKey@1e9a2cfa=[DynamicFullRecent], com.android.launcher3.util.ComponentKey@92548096=[Search, Messages, Share, Notifications], com.android.launcher3.util.ComponentKey@9df2b1d6=[scanQrCode, newTab, newPrivateTab, search], com.android.launcher3.util.ComponentKey@489bf67c=[text_shortcut, voice_shortcut], com.android.launcher3.util.ComponentKey@86e56e2c=[open_new_tab, password_manager, open_new_private_tab], com.android.launcher3.util.ComponentKey@d85d54d0=[search_event_task, create_task, create_event], com.android.launcher3.util.ComponentKey@f5d080bf=[phoneadd, search, missedcall], com.android.launcher3.util.ComponentKey@515cb72c=[VIEW_MY_DOWNLOADS], com.android.launcher3.util.ComponentKey@683678e7=[create_message], com.android.launcher3.util.ComponentKey@64033792=[explore-shortcut, search-shortcut, shorts-shortcut, subscriptions-shortcut], com.android.launcher3.util.ComponentKey@3a8c61b=[compose], com.android.launcher3.util.ComponentKey@429b698e=[selfie, auto], com.android.launcher3.util.ComponentKey@91a61c5e=[contactadd, myprofile, contactgroup], com.android.launcher3.util.ComponentKey@3e17fc4f=[updates], com.android.launcher3.util.ComponentKey@967f6ac6=[search_shortcut], com.android.launcher3.util.ComponentKey@afe2ea5f=[manifest_home, manifest_work], com.android.launcher3.util.ComponentKey@7bfa09e7=[manifest_compose_shortcut, andrei.bogdan.marcel97@gmail.com], com.android.launcher3.util.ComponentKey@947c4a03=[new-tab-shortcut, dynamic-new-incognito-tab-shortcut]}
09-02 09:52:05.631 22304 22339 I cr_BindingManager: Visible binding enabled: maxSize=40
09-02 09:52:05.640  3979  4637 W StorageManager: getStorageLowBytes lowPercent : 5, lowBytes : 1260145254, maxLowBytes : 524288000
09-02 09:52:05.664 22265 22490 I BatteryMgr:DataCollectionService: stats => 1693641125664,127,4311
09-02 09:52:05.671  3979  4637 D SamsungAlarmManager: Cancel Alarm calling from uid:10025 pid :22051 / op:PendingIntent{be8019a: PendingIntentRecord{705fdbe com.google.android.gms startService}}
09-02 09:52:05.720 22304 22304 I cr_tabmodel: Appending tabs being restored to metadata lists, 0, startingNormalCount: 21, startingIncognitoCount: 0
09-02 09:52:05.721 22304 22304 I cr_tabmodel: Serializing tab lists; counts: 21, 0
09-02 09:52:05.740 22304 22304 I cr_tabmodel: Appending tabs being restored to metadata lists, 0, startingNormalCount: 21, startingIncognitoCount: 0
09-02 09:52:05.740 22304 22304 I cr_tabmodel: Serializing tab lists; counts: 21, 0
09-02 09:52:05.759 22304 22304 D InputMethodManager: HSIFW - flag : 0 Pid : 22304
09-02 09:52:05.760  3979  4635 V InputMethodManagerService: Client requesting input be hidden, flags : 0
09-02 09:52:05.760  3979  4635 V InputMethodManagerService: hideCurrentInputLocked : shouldHideSoftInput is false
09-02 09:52:05.776 22265 22490 I BatteryMgr:DataCollectionService: stats => 1693641125776,127,4311
09-02 09:52:05.787 22051 22051 D BoundBrokerSvc: onBind: Intent { act=com.google.android.gms.common.BIND_SHARED_PREFS pkg=com.google.android.gms }
09-02 09:52:05.787 22051 22051 D BoundBrokerSvc: Loading bound service for intent: Intent { act=com.google.android.gms.common.BIND_SHARED_PREFS pkg=com.google.android.gms }
09-02 09:52:05.794 22051 22051 D BoundBrokerSvc: onUnbind: Intent { act=com.google.android.gms.common.BIND_SHARED_PREFS pkg=com.google.android.gms }
09-02 09:52:05.881 22265 22490 I BatteryMgr:DataCollectionService: stats => 1693641125881,127,4311
09-02 09:52:05.986 22265 22490 I BatteryMgr:DataCollectionService: stats => 1693641125986,127,4311
09-02 09:52:06.092 22265 22490 I BatteryMgr:DataCollectionService: stats => 1693641126092,127,4311
09-02 09:52:06.197 22265 22490 I BatteryMgr:DataCollectionService: stats => 1693641126197,127,4311
09-02 09:52:06.306 22265 22490 I BatteryMgr:DataCollectionService: stats => 1693641126306,127,4311
09-02 09:52:06.409 14031 14031 E adbd    : recv: OPEN 00019dcd 00000000 0029:73 68 65 6C 6C 2C 76 32 2C 54 45 52 4D 3D 78 74 65 72 6D 2D 32 35 36 63 6F 6C 6F 72 2C 72 61 77 3A 64 61 74 65 20 2D 75 00 
09-02 09:52:06.409 14031 14031 E adbd    : service_to_fd: shell,v2,TERM=xterm-256color,raw:date -u
09-02 09:52:06.415 22265 22490 I BatteryMgr:DataCollectionService: stats => 1693641126414,127,4311
09-02 09:52:06.415 14031 14031 E adbd    : recv: OPEN 00019dd0 00000000 00bf:73 68 65 6C 6C 2C 76 32 2C 54 45 52 4D 3D 78 74 65 72 6D 2D 32 35 36 63 6F 6C 6F 72 2C 72 61 77 3A 61 6D 20 73 74 61 72 74 20 2D 61 20 61 6E 64 72 6F 69 64 2E 69 6E 74 65 6E 74 2E 61 63 74 69 6F 6E 2E 56 49 45 57 20 2D 6E 20 63 6F 6D 2E 61 6E 64 72 6F 69 64 2E 63 68 72 6F 6D 65 2F 63 6F 6D 2E 67 6F 6F 67 6C 65 2E 61 6E 64 72 6F 69 64 2E 61 70 70 73 2E 63 68 72 6F 6D 65 2E 4D 61 69 6E 20 2D 64 20 68 74 74 70 3A 2F 2F 31 39 32 2E 31 36 38 2E 38 38 2E 31 37 37 3A 38 30 30 30 2F 46 69 6E 61 6E 63 65 2F 66 6F 72 62 65 73 2F 77 77 77 2E 66 6F 72 62 65 73 2E 63 6F 6D 2F 00 
09-02 09:52:06.415 14031 14031 E adbd    : service_to_fd: shell,v2,TERM=xterm-256color,raw:am start -a android.intent.action.VIEW -n com.android.chrome/com.google.android.apps.chrome.Main -d http://192.168.88.177:8000/Finance/forbes/www.forbes.com/
09-02 09:52:06.486 14031 14031 E adbd    : recv: OPEN 00019dd3 00000000 003e:73 68 65 6C 6C 2C 76 32 2C 54 45 52 4D 3D 78 74 65 72 6D 2D 32 35 36 63 6F 6C 6F 72 2C 72 61 77 3A 64 75 6D 70 73 79 73 20 63 70 75 69 6E 66 6F 20 7C 20 67 72 65 70 20 54 4F 54 41 4C 00 
09-02 09:52:06.486 14031 14031 E adbd    : service_to_fd: shell,v2,TERM=xterm-256color,raw:dumpsys cpuinfo | grep TOTAL
09-02 09:52:06.496  3979  4522 I ActivityManager: START u0 {act=android.intent.action.VIEW typ=null flg=0x10000000 cmp=ComponentInfo{com.android.chrome/com.google.android.apps.chrome.Main}} from uid 2000
09-02 09:52:06.498  3979  4522 D CustomFrequencyManagerService: acquireDVFSLockLocked : type : DVFS_MIN_LIMIT  frequency : 1560000  uid : 1000  pid : 3979  pkgName : AMS_ACT_START@CPU_MIN@8
09-02 09:52:06.499  3979  4522 D ActivityManagerPerformance: AMP_acquire() ACT_START
09-02 09:52:06.517 22304 22304 D InputMethodManager: HSIFW - flag : 0 Pid : 22304
09-02 09:52:06.518  3979  4522 V InputMethodManagerService: Client requesting input be hidden, flags : 0
09-02 09:52:06.518  3979  4522 V InputMethodManagerService: hideCurrentInputLocked : shouldHideSoftInput is false
09-02 09:52:06.520 22265 22490 I BatteryMgr:DataCollectionService: stats => 1693641126520,127,4311
09-02 09:52:06.525  3979  4522 D ConnectivityService: filterNetworkStateForUid() uid: 10096 networkInfo: [type: WIFI[] - WIFI, state: CONNECTED/CONNECTED, reason: (unspecified), extra: "WiFi 69", failover: false, available: true, roaming: false, metered: false]
09-02 09:52:06.532 22304 22304 E cr_IntentUtils: getInt failed on bundle null
09-02 09:52:06.537 22304 22304 E ResourceType: Style contains key with bad entry: 0x0101062c
09-02 09:52:06.546  3979  4522 D ConnectivityService: filterNetworkStateForUid() uid: 10096 networkInfo: [type: WIFI[] - WIFI, state: CONNECTED/CONNECTED, reason: (unspecified), extra: "WiFi 69", failover: false, available: true, roaming: false, metered: false]
09-02 09:52:06.560  3979  4635 I ApplicationPolicy: isApplicationExternalStorageWhitelisted:com.android.chrome user:0
09-02 09:52:06.560  3979  4635 D ApplicationPolicy: isApplicationExternalStorageWhitelisted: DO is not enabled on user 0. Allowed.
09-02 09:52:06.560  3979  4635 D ActivityManager: package  com.android.chrome, user - 0 is SDcard whitelisted
09-02 09:52:06.560  3979  4635 I ApplicationPolicy: isApplicationExternalStorageBlacklisted:com.android.chrome user:0
09-02 09:52:06.560  3979  4635 D ApplicationPolicy: isApplicationExternalStorageBlacklisted: DO is not enabled on user 0. Allowed.
09-02 09:52:06.560  3979  4635 I ActivityManager: SA, print process name forked by webview_zygote : com.android.chrome:sandboxed_process1
09-02 09:52:06.566  4443  4443 E SchedPolicy: add_tid_to_cgroup failed; fd=-1
09-02 09:52:06.571 22304 22304 I cr_tabmodel: Appending tabs being restored to metadata lists, 0, startingNormalCount: 22, startingIncognitoCount: 0
09-02 09:52:06.572 22304 22304 I cr_tabmodel: Serializing tab lists; counts: 22, 0
09-02 09:52:06.573 14031 14031 E adbd    : recv: OPEN 00019dd6 00000000 003d:73 68 65 6C 6C 2C 76 32 2C 54 45 52 4D 3D 78 74 65 72 6D 2D 32 35 36 63 6F 6C 6F 72 2C 72 61 77 3A 64 75 6D 70 73 79 73 20 6D 65 6D 69 6E 66 6F 20 7C 20 67 72 65 70 20 55 73 65 64 00 
09-02 09:52:06.573 14031 14031 E adbd    : service_to_fd: shell,v2,TERM=xterm-256color,raw:dumpsys meminfo | grep Used
09-02 09:52:06.578 22304 22304 D InputMethodManager: HSIFW - flag : 0 Pid : 22304
09-02 09:52:06.579  3979  4200 V InputMethodManagerService: Client requesting input be hidden, flags : 0
09-02 09:52:06.579  3979  4200 V InputMethodManagerService: hideCurrentInputLocked : shouldHideSoftInput is false
09-02 09:52:06.580 22535 22535 E /system/bin/webview_zygote32: failed to make and chown /acct/uid_99110: Permission denied
09-02 09:52:06.580 22535 22535 E Zygote  : createProcessGroup(99110, 0) failed: Permission denied
09-02 09:52:06.581 22535 22535 E libpersona: Couldn't open the File - /data/system/users/0.xml - Permission denied
09-02 09:52:06.582 22535 22535 W SELinux : SELinux selinux_android_compute_policy_index : Policy Index[2],  Con:u:r:webview_zygote:s0 RAM:SEPF_SM-J720F_8.0.0_0017, [-1 -1 -1 -1 0 1]
09-02 09:52:06.583 22535 22535 I SELinux : SELinux: seapp_context_lookup: seinfo=chrome, level=s0:c512,c768, pkgname=com.android.chrome:sandboxed_process1 
09-02 09:52:06.583  3979  4635 I ActivityManager: Start proc 22535:com.android.chrome:sandboxed_process1/u0i110 for webview_service com.android.chrome/org.chromium.content.app.SandboxedProcessService1
09-02 09:52:06.615 22304 22304 V InputMethodManager: Starting input: tba=android.view.inputmethod.EditorInfo@a9361f5 nm : com.android.chrome ic=null
09-02 09:52:06.615 22304 22304 I InputMethodManager: startInputInner - mService.startInputOrWindowGainedFocus
09-02 09:52:06.615  3979  4522 D InputMethodManagerService: startInputOrWindowGainedFocus : startInput 
09-02 09:52:06.616  3979  4522 D InputMethodManagerService: setCurrentInputInfo - inputContext : null eidtorInfo : android.view.inputmethod.EditorInfo@d32aab5 missingMethods : 0
09-02 09:52:06.616  4336  4336 I InputMethodWrapper:  call dispatchStartInputWithToken
09-02 09:52:06.616  4336  4336 I InputMethodService: dispatchStartInputWithToken
09-02 09:52:06.617  4336  4336 I SKBD    : SamsungKeypad [IMI] onStartInput - caller pid : 22304, caller uid : 10096
09-02 09:52:06.617  4336  4336 I SKBD    : SamsungKeypad  CACHEDIC onStartInput  isCachedICEnabled:  false
09-02 09:52:06.617  4336  4336 I SKBD    : atl getDefaultInputRange : UNKNOWN
09-02 09:52:06.617  4336  4336 I SKBD    : awo resetBinderManager()
09-02 09:52:06.617  4336  4336 I SKBD_SYNC: SamsungKeypad onStartInput: import DLM
09-02 09:52:06.617  4336  4336 I SKBD    : atl setPrivateImeOptionsToTable privateImeOptions ( null )
09-02 09:52:06.617  4336  4336 I SKBD    : atl imeOptions is null
09-02 09:52:06.617  4336  4336 I SKBD    : SamsungKeypad [PF_OP][onStartInput] 573770
09-02 09:52:06.624 22265 22490 I BatteryMgr:DataCollectionService: stats => 1693641126624,-285,4311
09-02 09:52:06.631 22535 22535 I SamplingProfilerIntegration: Profiling disabled.
09-02 09:52:06.637  3979  4635 D ConnectivityService: filterNetworkStateForUid() uid: 10096 networkInfo: [type: WIFI[] - WIFI, state: CONNECTED/CONNECTED, reason: (unspecified), extra: "WiFi 69", failover: false, available: true, roaming: false, metered: false]
09-02 09:52:06.638 22535 22535 D TimaKeyStoreProvider: TimaKeyStore is not enabled: cannot add TimaSignature Service and generateKeyPair Service
09-02 09:52:06.638 22535 22535 D ActivityThread: Added TimaKeyStore provider
09-02 09:52:06.639 22304 22304 I cr_OfflineDetector: Running updateState mConnectivityDetectorInitialized: true, mTimeWhenLastForegrounded: 86308071, getElapsedTime: 86308071, mTimeWhenLastOfflineNotificationReceived: 0, mTimeWhenLastOnline: 86298755, mApplicationState: 1, mIsOfflineLastReportedByConnectivityDetector: false, mIsEffectivelyOffline: false
09-02 09:52:06.639 22304 22304 I cr_OfflineDetector: updateState(): timeSinceLastForeground: 0, timeSinceOfflineNotificationReceived: 86308071, timeSinceLastOnline: 9316, timeNeededForForeground: 2000, timeNeededForOffline: -86306071
09-02 09:52:06.643  3979  4635 D ConnectivityService: filterNetworkStateForUid() uid: 10096 networkInfo: [type: WIFI[] - WIFI, state: CONNECTED/CONNECTED, reason: (unspecified), extra: "WiFi 69", failover: false, available: true, roaming: false, metered: false]
09-02 09:52:06.644  3979  4635 I ActivityManager: DSS on for com.android.chrome and scale is 1.0
09-02 09:52:06.646  3979  4200 D ConnectivityService: filterNetworkStateForUid() uid: 10096 networkInfo: [type: WIFI[] - WIFI, state: CONNECTED/CONNECTED, reason: (unspecified), extra: "WiFi 69", failover: false, available: true, roaming: false, metered: false]
09-02 09:52:06.659  3979  4200 D ConnectivityService: filterNetworkStateForUid() uid: 10096 networkInfo: [type: WIFI[] - WIFI, state: CONNECTED/CONNECTED, reason: (unspecified), extra: "WiFi 69", failover: false, available: true, roaming: false, metered: false]
09-02 09:52:06.688  3979  4635 V WindowManager: Relayout Window{8e5d103 u0 com.android.chrome/com.google.android.apps.chrome.Main}: viewVisibility=0 req=720x1280 WM.LayoutParams{(0,0)(fillxfill) sim=#13 ty=1 fl=#81810100 pfl=0x20000 fmt=-3 wanim=0x10302fd vsysui=0x2600 sysuil=true needsMenuKey=2 colorMode=0 naviIconColor=0}
09-02 09:52:06.691 22304 22304 D ViewRootImpl@aaa9410[Main]: Relayout returned: old=[0,0][720,1280] new=[0,0][720,1280] result=0x1 surface={valid=true 3752450048} changed=false
09-02 09:52:06.701 22552 22552 E asset   : setgid: Operation not permitted
09-02 09:52:06.729 22265 22490 I BatteryMgr:DataCollectionService: stats => 1693641126729,-285,4311
09-02 09:52:06.748 22535 22535 I cr_SplitCompatApp: Launched version=107.0.5304.91 minSdkVersion=24 isBundle=true processName=com.android.chrome:sandboxed_process1 isIsolated=true
09-02 09:52:06.766 22535 22535 W SystemServiceRegistry: No service published for: uimode
09-02 09:52:06.773 22535 22535 V Monotype: fonts.xml take from : /system/etc/
09-02 09:52:06.837 22265 22490 I BatteryMgr:DataCollectionService: stats => 1693641126836,-285,4311
09-02 09:52:06.942 22265 22490 I BatteryMgr:DataCollectionService: stats => 1693641126942,-285,4311
09-02 09:52:06.964 22535 22535 E Typeface: Error mapping font file /system/fonts/SamsungSans-Num3L.ttf
09-02 09:52:06.964 22535 22535 E Minikin : Could not get cmap table size!
09-02 09:52:06.964 22535 22535 E Typeface: Unable to load Family: samsung-sans-num3L:null
09-02 09:52:06.964 22535 22535 E Typeface: Error mapping font file /system/fonts/SamsungSans-Num3T.ttf
09-02 09:52:06.964 22535 22535 E Minikin : Could not get cmap table size!
09-02 09:52:06.964 22535 22535 E Typeface: Unable to load Family: samsung-sans-num3T:null
09-02 09:52:06.964 22535 22535 E Typeface: Error mapping font file /system/fonts/SamsungSans-Num4L.ttf
09-02 09:52:06.964 22535 22535 E Minikin : Could not get cmap table size!
09-02 09:52:06.964 22535 22535 E Typeface: Unable to load Family: samsung-sans-num4L:null
09-02 09:52:06.964 22535 22535 E Typeface: Error mapping font file /system/fonts/SamsungSans-Num4T.ttf
09-02 09:52:06.964 22535 22535 E Minikin : Could not get cmap table size!
09-02 09:52:06.964 22535 22535 E Typeface: Unable to load Family: samsung-sans-num4T:null
09-02 09:52:06.965 22535 22535 E Typeface: Error mapping font file /system/fonts/SamsungSans-Num35.ttf
09-02 09:52:06.965 22535 22535 E Minikin : Could not get cmap table size!
09-02 09:52:06.965 22535 22535 E Typeface: Unable to load Family: samsung-sans-num35:null
09-02 09:52:06.965 22535 22535 E Typeface: Error mapping font file /system/fonts/SamsungSans-Num45.ttf
09-02 09:52:06.965 22535 22535 E Minikin : Could not get cmap table size!
09-02 09:52:06.965 22535 22535 E Typeface: Unable to load Family: samsung-sans-num45:null
09-02 09:52:06.965 22535 22535 E Typeface: Error mapping font file /system/fonts/SamsungSans-Num3Lv.ttf
09-02 09:52:06.965 22535 22535 E Minikin : Could not get cmap table size!
09-02 09:52:06.965 22535 22535 E Typeface: Unable to load Family: samsung-sans-num3LV:null
09-02 09:52:06.965 22535 22535 E Typeface: Error mapping font file /system/fonts/SamsungSans-Num3R.ttf
09-02 09:52:06.965 22535 22535 E Minikin : Could not get cmap table size!
09-02 09:52:06.965 22535 22535 E Typeface: Unable to load Family: samsung-sans-num3R:null
09-02 09:52:06.965 22535 22535 E Typeface: Error mapping font file /system/fonts/SamsungSans-Num4Tv.ttf
09-02 09:52:06.965 22535 22535 E Minikin : Could not get cmap table size!
09-02 09:52:06.965 22535 22535 E Typeface: Unable to load Family: samsung-sans-num4Tv:null
09-02 09:52:06.965 22535 22535 E Typeface: Error mapping font file /system/fonts/SamsungSans-Num4Lv.ttf
09-02 09:52:06.965 22535 22535 E Minikin : Could not get cmap table size!
09-02 09:52:06.965 22535 22535 E Typeface: Unable to load Family: samsung-sans-num4Lv:null
09-02 09:52:06.972 22535 22535 I cr_ChildProcessService: Creating new ChildProcessService pid=22535
09-02 09:52:06.981 22535 22535 E WebViewFactory: can't load with relro file; address space not reserved
09-02 09:52:06.993 22535 22553 I cr_LibraryLoader: Successfully loaded native library
09-02 09:52:06.994 22535 22553 I cr_CachingUmaRecorder: Flushed 3 samples from 3 histograms.
09-02 09:52:07.047 22265 22490 I BatteryMgr:DataCollectionService: stats => 1693641127047,-285,4311
09-02 09:52:07.067  3979  4637 D BatteryService: !@BatteryListener : batteryPropertiesChanged!
09-02 09:52:07.068  3979  4637 D BatteryService: level:100, scale:100, status:5, health:2, present:true, voltage: 4230, temperature: 262, technology: Li-ion, AC powered:false, USB powered:true, POGO powered:false, Wireless powered:false, icon:17303834, invalid charger:0, maxChargingCurrent:0, maxChargingVoltage:0, chargeCounter:0
09-02 09:52:07.068  3979  4637 D BatteryService: online:4, current avg:-198, charge type:1, power sharing:false, high voltage charger:false, capacity:280000, batterySWSelfDischarging:false, misc_event:0, current_event:0, current_now:-285
09-02 09:52:07.068  3979  3979 D BatteryService: Sending ACTION_BATTERY_CHANGED.
09-02 09:52:07.070  3979  3979 D SamsungPhoneWindowManager: ACTION_BATTERY_CHANGED - Level :: 100, battStatus :: 5
09-02 09:52:07.071  3979  3979 I MotionRecognitionService: Plugged
09-02 09:52:07.071  3979  3979 D MotionRecognitionService:   mCableConnection= 1
09-02 09:52:07.071  3979  3979 D MotionRecognitionService: setPowerConnected : mGripEnabled = false
09-02 09:52:07.071  3979  4002 D UsbDeviceManager: handleMessage -> MSG_UPDATE_CHARGING_STATE = 1
09-02 09:52:07.072  4349  4349 D KeyguardUpdateMonitor: received broadcast android.intent.action.BATTERY_CHANGED
09-02 09:52:07.073  4349  4349 D BatteryController: onReceive-ACTION_BATTERY_CHANGED : mLevel=100, mBatteryStatus=5
09-02 09:52:07.081  4349  4349 D PowerUI : priorPlugType = 2 mPlugType =  2
09-02 09:52:07.153 22265 22490 I BatteryMgr:DataCollectionService: stats => 1693641127153,-285,4230
09-02 09:52:07.172 22535 22553 I tflite  : Initialized TensorFlow Lite runtime.
09-02 09:52:07.258 22265 22490 I BatteryMgr:DataCollectionService: stats => 1693641127258,-285,4230
09-02 09:52:07.364 22265 22490 I BatteryMgr:DataCollectionService: stats => 1693641127364,-285,4230
09-02 09:52:07.470 22265 22490 I BatteryMgr:DataCollectionService: stats => 1693641127470,-285,4230
09-02 09:52:07.576 22265 22490 I BatteryMgr:DataCollectionService: stats => 1693641127576,-285,4230
09-02 09:52:07.616 22051 22051 D BoundBrokerSvc: onBind: Intent { act=com.google.android.gms.common.BIND_SHARED_PREFS pkg=com.google.android.gms }
09-02 09:52:07.617 22051 22051 D BoundBrokerSvc: Loading bound service for intent: Intent { act=com.google.android.gms.common.BIND_SHARED_PREFS pkg=com.google.android.gms }
09-02 09:52:07.637 22051 22051 D BoundBrokerSvc: onUnbind: Intent { act=com.google.android.gms.common.BIND_SHARED_PREFS pkg=com.google.android.gms }
09-02 09:52:07.683 22265 22490 I BatteryMgr:DataCollectionService: stats => 1693641127683,-285,4230
09-02 09:52:07.789 22265 22490 I BatteryMgr:DataCollectionService: stats => 1693641127789,-285,4230
09-02 09:52:07.833  3449  3449 I android.hardware.wifi@1.0-service: getLinkLayerStats
09-02 09:52:07.840  4962  4962 D io_stats: !@ 179,0 r 521740 16055852 w 287423 6187944 d 28942 18615416 f 89398 91055 iot 384592 322602 th 51200 0 0 pt 0 inp 0 0 31661.086
09-02 09:52:07.893 22265 22490 I BatteryMgr:DataCollectionService: stats => 1693641127893,-285,4230
09-02 09:52:07.999 22265 22490 I BatteryMgr:DataCollectionService: stats => 1693641127999,-285,4230
09-02 09:52:08.105 22265 22490 I BatteryMgr:DataCollectionService: stats => 1693641128105,-285,4230
09-02 09:52:08.210 22265 22490 I BatteryMgr:DataCollectionService: stats => 1693641128210,-285,4230
09-02 09:52:08.316 22265 22490 I BatteryMgr:DataCollectionService: stats => 1693641128316,-285,4230
09-02 09:52:08.401 22304 22304 E cr_BTSPrefs: No data found for task id: 56
09-02 09:52:08.402 22304 22304 E cr_BkgrdTaskScheduler: Task cannot be canceled because no data was found instorage or data was invalid
09-02 09:52:08.422 22265 22490 I BatteryMgr:DataCollectionService: stats => 1693641128422,-285,4230
09-02 09:52:08.501  3979  5035 D ActivityManagerPerformance: Received MSG_DISABLE_ACT_START, r: ActivityRecord{59c58fd u0 com.android.chrome/com.google.android.apps.chrome.Main t210}
09-02 09:52:08.502  3979  5035 D CustomFrequencyManagerService: acquireDVFSLockLocked : type : DVFS_MIN_LIMIT  frequency : 1560000  uid : 1000  pid : 3979  pkgName : AMS_RESUME_TAIL@CPU_MIN@14
09-02 09:52:08.502  3979  5035 D ActivityManagerPerformance: AMP_acquire() TAIL
09-02 09:52:08.503  3979  5035 D CustomFrequencyManagerService: releaseDVFSLockLocked : Getting Lock type frm List : DVFS_MIN_LIMIT  frequency : 1560000  uid : 1000  pid : 3979  tag : AMS_ACT_START@CPU_MIN@8
09-02 09:52:08.505  3979  5035 D ActivityManagerPerformance: AMP_release() ACT_START
09-02 09:52:08.527 22265 22490 I BatteryMgr:DataCollectionService: stats => 1693641128527,-285,4230
09-02 09:52:08.632 22265 22490 I BatteryMgr:DataCollectionService: stats => 1693641128632,-285,4230
09-02 09:52:08.738 22265 22490 I BatteryMgr:DataCollectionService: stats => 1693641128738,-285,4230
09-02 09:52:08.843 22265 22490 I BatteryMgr:DataCollectionService: stats => 1693641128842,-285,4230
09-02 09:52:08.947 22304 22304 I cr_tabmodel: Appending tabs being restored to metadata lists, 0, startingNormalCount: 22, startingIncognitoCount: 0
09-02 09:52:08.947 22304 22304 I cr_tabmodel: Serializing tab lists; counts: 22, 0
09-02 09:52:08.948 22265 22490 I BatteryMgr:DataCollectionService: stats => 1693641128948,-285,4230
09-02 09:52:08.967 22051 22051 D BoundBrokerSvc: onBind: Intent { act=com.google.android.gms.common.BIND_SHARED_PREFS pkg=com.google.android.gms }
09-02 09:52:08.968 22051 22051 D BoundBrokerSvc: Loading bound service for intent: Intent { act=com.google.android.gms.common.BIND_SHARED_PREFS pkg=com.google.android.gms }
09-02 09:52:08.973 22051 22051 D BoundBrokerSvc: onUnbind: Intent { act=com.google.android.gms.common.BIND_SHARED_PREFS pkg=com.google.android.gms }
09-02 09:52:09.052 22265 22490 I BatteryMgr:DataCollectionService: stats => 1693641129052,-285,4230
09-02 09:52:09.102  3979  3979 D CustomFrequencyManagerService: releaseDVFSLockLocked : Getting Lock type frm List : DVFS_MIN_LIMIT  frequency : 1560000  uid : 1000  pid : 3979  tag : AMS_RESUME_TAIL@CPU_MIN@14
09-02 09:52:09.157 22265 22490 I BatteryMgr:DataCollectionService: stats => 1693641129157,-285,4230
09-02 09:52:09.262 22265 22490 I BatteryMgr:DataCollectionService: stats => 1693641129261,-285,4230
09-02 09:52:09.371 22265 22490 I BatteryMgr:DataCollectionService: stats => 1693641129371,-285,4230
09-02 09:52:09.477 22265 22490 I BatteryMgr:DataCollectionService: stats => 1693641129477,-285,4230
09-02 09:52:09.582 22265 22490 I BatteryMgr:DataCollectionService: stats => 1693641129582,-285,4230
09-02 09:52:09.692 22265 22490 I BatteryMgr:DataCollectionService: stats => 1693641129691,-285,4230
09-02 09:52:09.801 22265 22490 I BatteryMgr:DataCollectionService: stats => 1693641129801,-285,4230
09-02 09:52:09.820 22265 22270 I zygote64: Do partial code cache collection, code=58KB, data=44KB
09-02 09:52:09.820 22265 22270 I zygote64: After code cache collection, code=58KB, data=44KB
09-02 09:52:09.821 22265 22270 I zygote64: Increasing code cache capacity to 256KB
09-02 09:52:09.912 22265 22490 I BatteryMgr:DataCollectionService: stats => 1693641129912,-285,4230
09-02 09:52:10.023 22265 22490 I BatteryMgr:DataCollectionService: stats => 1693641130023,-285,4230
09-02 09:52:10.133 22265 22490 I BatteryMgr:DataCollectionService: stats => 1693641130133,-285,4230
09-02 09:52:10.210 14031 14031 E adbd    : recv: OPEN 00019dd9 00000000 0029:73 68 65 6C 6C 2C 76 32 2C 54 45 52 4D 3D 78 74 65 72 6D 2D 32 35 36 63 6F 6C 6F 72 2C 72 61 77 3A 64 61 74 65 20 2D 75 00 
09-02 09:52:10.211 14031 14031 E adbd    : service_to_fd: shell,v2,TERM=xterm-256color,raw:date -u
09-02 09:52:10.242 22265 22490 I BatteryMgr:DataCollectionService: stats => 1693641130242,-285,4230
09-02 09:52:10.310 14031 14031 E adbd    : recv: OPEN 00019ddc 00000000 003e:73 68 65 6C 6C 2C 76 32 2C 54 45 52 4D 3D 78 74 65 72 6D 2D 32 35 36 63 6F 6C 6F 72 2C 72 61 77 3A 64 75 6D 70 73 79 73 20 63 70 75 69 6E 66 6F 20 7C 20 67 72 65 70 20 54 4F 54 41 4C 00 
09-02 09:52:10.311 14031 14031 E adbd    : service_to_fd: shell,v2,TERM=xterm-256color,raw:dumpsys cpuinfo | grep TOTAL
09-02 09:52:10.348 22265 22490 I BatteryMgr:DataCollectionService: stats => 1693641130348,-285,4230
09-02 09:52:10.401 14031 14031 E adbd    : recv: OPEN 00019ddf 00000000 003d:73 68 65 6C 6C 2C 76 32 2C 54 45 52 4D 3D 78 74 65 72 6D 2D 32 35 36 63 6F 6C 6F 72 2C 72 61 77 3A 64 75 6D 70 73 79 73 20 6D 65 6D 69 6E 66 6F 20 7C 20 67 72 65 70 20 55 73 65 64 00 
09-02 09:52:10.401 14031 14031 E adbd    : service_to_fd: shell,v2,TERM=xterm-256color,raw:dumpsys meminfo | grep Used
09-02 09:52:10.454 22265 22490 I BatteryMgr:DataCollectionService: stats => 1693641130454,-285,4230
09-02 09:52:10.559 22265 22490 I BatteryMgr:DataCollectionService: stats => 1693641130559,-285,4230
09-02 09:52:10.668 22265 22490 I BatteryMgr:DataCollectionService: stats => 1693641130668,-285,4230
09-02 09:52:10.779 22265 22490 I BatteryMgr:DataCollectionService: stats => 1693641130779,-285,4230
09-02 09:52:10.840  3449  3449 I android.hardware.wifi@1.0-service: getLinkLayerStats
09-02 09:52:10.889 22265 22490 I BatteryMgr:DataCollectionService: stats => 1693641130889,-285,4230
09-02 09:52:11.000 22265 22490 I BatteryMgr:DataCollectionService: stats => 1693641130999,-285,4230
09-02 09:52:11.004  3979  4051 D SensorService: [SO] 0.101 -0.421 9.874
09-02 09:52:11.105 22265 22490 I BatteryMgr:DataCollectionService: stats => 1693641131105,-285,4230
09-02 09:52:11.211 22265 22490 I BatteryMgr:DataCollectionService: stats => 1693641131211,-285,4230
09-02 09:52:11.317 22265 22490 I BatteryMgr:DataCollectionService: stats => 1693641131317,-285,4230
09-02 09:52:11.421 22265 22490 I BatteryMgr:DataCollectionService: stats => 1693641131421,-285,4230
09-02 09:52:11.527 22265 22490 I BatteryMgr:DataCollectionService: stats => 1693641131527,-285,4230
09-02 09:52:11.557 14031 14031 E adbd    : recv: OPEN 00019de2 00000000 0042:73 68 65 6C 6C 2C 76 32 2C 54 45 52 4D 3D 78 74 65 72 6D 2D 32 35 36 63 6F 6C 6F 72 2C 72 61 77 3A 67 65 74 70 72 6F 70 20 72 6F 2E 62 75 69 6C 64 2E 76 65 72 73 69 6F 6E 2E 72 65 6C 65 61 73 65 00 
09-02 09:52:11.557 14031 14031 E adbd    : service_to_fd: shell,v2,TERM=xterm-256color,raw:getprop ro.build.version.release
09-02 09:52:11.632 22265 22490 I BatteryMgr:DataCollectionService: stats => 1693641131632,-285,4230
09-02 09:52:11.632 14031 14031 E adbd    : recv: OPEN 00019de5 00000000 003e:73 68 65 6C 6C 2C 76 32 2C 54 45 52 4D 3D 78 74 65 72 6D 2D 32 35 36 63 6F 6C 6F 72 2C 72 61 77 3A 67 65 74 70 72 6F 70 20 72 6F 2E 62 75 69 6C 64 2E 76 65 72 73 69 6F 6E 2E 73 64 6B 00 
09-02 09:52:11.632 14031 14031 E adbd    : service_to_fd: shell,v2,TERM=xterm-256color,raw:getprop ro.build.version.sdk
09-02 09:52:11.704 14031 14031 E adbd    : recv: OPEN 00019de8 00000000 0042:73 68 65 6C 6C 2C 76 32 2C 54 45 52 4D 3D 78 74 65 72 6D 2D 32 35 36 63 6F 6C 6F 72 2C 72 61 77 3A 67 65 74 70 72 6F 70 20 72 6F 2E 62 75 69 6C 64 2E 76 65 72 73 69 6F 6E 2E 72 65 6C 65 61 73 65 00 
09-02 09:52:11.704 14031 14031 E adbd    : service_to_fd: shell,v2,TERM=xterm-256color,raw:getprop ro.build.version.release
09-02 09:52:11.737 22265 22490 I BatteryMgr:DataCollectionService: stats => 1693641131737,-285,4230
09-02 09:52:11.768 14031 14031 E adbd    : recv: OPEN 00019deb 00000000 003e:73 68 65 6C 6C 2C 76 32 2C 54 45 52 4D 3D 78 74 65 72 6D 2D 32 35 36 63 6F 6C 6F 72 2C 72 61 77 3A 67 65 74 70 72 6F 70 20 72 6F 2E 62 75 69 6C 64 2E 76 65 72 73 69 6F 6E 2E 73 64 6B 00 
09-02 09:52:11.768 14031 14031 E adbd    : service_to_fd: shell,v2,TERM=xterm-256color,raw:getprop ro.build.version.sdk
09-02 09:52:11.837 14031 14031 E adbd    : recv: OPEN 00019dee 00000000 008c:73 68 65 6C 6C 2C 76 32 2C 54 45 52 4D 3D 78 74 65 72 6D 2D 32 35 36 63 6F 6C 6F 72 2C 72 61 77 3A 61 6D 20 73 74 6F 70 73 65 72 76 69 63 65 20 63 6F 6D 2E 65 78 61 6D 70 6C 65 2E 62 61 74 74 65 72 79 6D 61 6E 61 67 65 72 5F 75 74 69 6C 69 74 79 2F 63 6F 6D 2E 65 78 61 6D 70 6C 65 2E 62 61 74 74 65 72 79 6D 61 6E 61 67 65 72 5F 75 74 69 6C 69 74 79 2E 44 61 74 61 43 6F 6C 6C 65 63 74 69 6F 6E 53 65 72 76 69 63 65 00 
09-02 09:52:11.837 14031 14031 E adbd    : service_to_fd: shell,v2,TERM=xterm-256color,raw:am stopservice com.example.batterymanager_utility/com.example.batterymanager_utility.DataCollectionService
09-02 09:52:11.842 22265 22490 I BatteryMgr:DataCollectionService: stats => 1693641131842,-285,4230
09-02 09:52:11.903  3979  3979 I EasyMuteController: UnRegister failed. no registered
09-02 09:52:11.904  3979  3979 D LightsService: [api] [SvcLED] turnOff:: id = 4 (uid: 1000 pid: 3979) 
09-02 09:52:11.904  3979  3979 D LightsService: [api] [SvcLED] LED indicator : Not supported.
09-02 09:52:11.906  3979  9339 D Notification: allPendingIntents
09-02 09:52:11.908  3979  3979 D LightsService: [api] [SvcLED] turnOff:: id = 4 (uid: 1000 pid: 3979) 
09-02 09:52:11.908  3979  3979 D LightsService: [api] [SvcLED] LED indicator : Not supported.
09-02 09:52:11.910  3979  4637 D Notification: allPendingIntents
09-02 09:52:11.911  3979  9339 D Notification: allPendingIntents
09-02 09:52:11.912  3979  9339 D Notification: allPendingIntents
09-02 09:52:11.945 14031 14031 E adbd    : recv: OPEN 00019df1 00000000 0042:73 68 65 6C 6C 2C 76 32 2C 54 45 52 4D 3D 78 74 65 72 6D 2D 32 35 36 63 6F 6C 6F 72 2C 72 61 77 3A 67 65 74 70 72 6F 70 20 72 6F 2E 62 75 69 6C 64 2E 76 65 72 73 69 6F 6E 2E 72 65 6C 65 61 73 65 00 
09-02 09:52:11.945 14031 14031 E adbd    : service_to_fd: shell,v2,TERM=xterm-256color,raw:getprop ro.build.version.release
09-02 09:52:11.948  4349  4349 D KeyguardUpdateMonitor: handleStatusBarState( false )
09-02 09:52:11.953  4349  4349 D KeyguardUpdateMonitor: handleStatusBarState( false )
09-02 09:52:12.012 14031 14031 E adbd    : recv: OPEN 00019df4 00000000 003e:73 68 65 6C 6C 2C 76 32 2C 54 45 52 4D 3D 78 74 65 72 6D 2D 32 35 36 63 6F 6C 6F 72 2C 72 61 77 3A 67 65 74 70 72 6F 70 20 72 6F 2E 62 75 69 6C 64 2E 76 65 72 73 69 6F 6E 2E 73 64 6B 00 
09-02 09:52:12.012 14031 14031 E adbd    : service_to_fd: shell,v2,TERM=xterm-256color,raw:getprop ro.build.version.sdk
09-02 09:52:12.076 14031 14031 E adbd    : recv: OPEN 00019df7 00000000 0076:73 68 65 6C 6C 2C 76 32 2C 54 45 52 4D 3D 78 74 65 72 6D 2D 32 35 36 63 6F 6C 6F 72 2C 72 61 77 3A 64 75 6D 70 73 79 73 20 61 63 74 69 76 69 74 79 20 72 65 63 65 6E 74 73 20 7C 20 67 72 65 70 20 22 52 65 63 65 6E 74 20 23 30 22 20 7C 20 63 75 74 20 2D 64 20 22 3D 22 20 2D 66 32 20 7C 20 67 72 65 70 20 2D 6F 20 2D 70 20 22 5B 61 2D 7A 7C 2E 5D 2A 22 00 
09-02 09:52:12.076 14031 14031 E adbd    : service_to_fd: shell,v2,TERM=xterm-256color,raw:dumpsys activity recents | grep "Recent #0" | cut -d "=" -f2 | grep -o -p "[a-z|.]*"
09-02 09:52:12.157 14031 14031 E adbd    : recv: OPEN 00019dfa 00000000 0042:73 68 65 6C 6C 2C 76 32 2C 54 45 52 4D 3D 78 74 65 72 6D 2D 32 35 36 63 6F 6C 6F 72 2C 72 61 77 3A 67 65 74 70 72 6F 70 20 72 6F 2E 62 75 69 6C 64 2E 76 65 72 73 69 6F 6E 2E 72 65 6C 65 61 73 65 00 
09-02 09:52:12.157 14031 14031 E adbd    : service_to_fd: shell,v2,TERM=xterm-256color,raw:getprop ro.build.version.release
09-02 09:52:12.223 14031 14031 E adbd    : recv: OPEN 00019dfd 00000000 003e:73 68 65 6C 6C 2C 76 32 2C 54 45 52 4D 3D 78 74 65 72 6D 2D 32 35 36 63 6F 6C 6F 72 2C 72 61 77 3A 67 65 74 70 72 6F 70 20 72 6F 2E 62 75 69 6C 64 2E 76 65 72 73 69 6F 6E 2E 73 64 6B 00 
09-02 09:52:12.223 14031 14031 E adbd    : service_to_fd: shell,v2,TERM=xterm-256color,raw:getprop ro.build.version.sdk
09-02 09:52:12.298 14031 14031 E adbd    : recv: OPEN 00019e00 00000000 0042:73 68 65 6C 6C 2C 76 32 2C 54 45 52 4D 3D 78 74 65 72 6D 2D 32 35 36 63 6F 6C 6F 72 2C 72 61 77 3A 61 6D 20 66 6F 72 63 65 2D 73 74 6F 70 20 63 6F 6D 2E 61 6E 64 72 6F 69 64 2E 63 68 72 6F 6D 65 00 
09-02 09:52:12.298 14031 14031 E adbd    : service_to_fd: shell,v2,TERM=xterm-256color,raw:am force-stop com.android.chrome
09-02 09:52:12.359  3979  9339 I ActivityManager: Force stopping com.android.chrome appid=10096 user=0: from pid 22613
09-02 09:52:12.359  3979  9339 I ActivityManager: Killing 22388:com.android.chrome:privileged_process0/u0a96 (adj 0): stop com.android.chrome,from pid 22613
09-02 09:52:12.360  3979  9339 W ActivityManager: Scheduling restart of crashed service com.android.chrome/org.chromium.content.app.PrivilegedProcessService0 in 1000ms
09-02 09:52:12.365  3979  9339 I ActivityManager: Killing 22304:com.android.chrome/u0a96 (adj 0): stop com.android.chrome,from pid 22613
09-02 09:52:12.367 22051 22051 D BoundBrokerSvc: onUnbind: Intent { act=com.google.android.gms.languageprofile.service.START pkg=com.google.android.gms }
09-02 09:52:12.368 22051 22051 D BoundBrokerSvc: onUnbind: Intent { act=com.google.android.gms.safetynet.service.START pkg=com.google.android.gms }
09-02 09:52:12.370 22535 22535 I cr_ChildProcessService: Destroying ChildProcessService pid=22535
09-02 09:52:12.371 22051 22051 D BoundBrokerSvc: onUnbind: Intent { act=com.google.android.gms.auth.key.retrieval.service.START dat=chimera-action: cmp=com.google.android.gms/.chimera.GmsApiService }
09-02 09:52:12.372 22535 22535 I /system/bin/webview_zygote32: System.exit called, status: 0
09-02 09:52:12.372 22535 22535 I AndroidRuntime: VM exiting with result code 0, cleanup skipped.
09-02 09:52:12.374  3979  9339 I ActivityManager: Killing 22535:com.android.chrome:sandboxed_process1/u0a96i110 (adj 0): isolated not needed
09-02 09:52:12.377 22340 22340 I cr_ChildProcessService: Destroying ChildProcessService pid=22340
09-02 09:52:12.377  3979  9339 W ActivityManager: Force removing ActivityRecord{3b5ba97 u0 com.android.chrome/com.google.android.apps.chrome.Main t210}: app died, no saved state
09-02 09:52:12.377 22340 22340 I /system/bin/webview_zygote32: System.exit called, status: 0
09-02 09:52:12.378 22340 22340 I AndroidRuntime: VM exiting with result code 0, cleanup skipped.
09-02 09:52:12.384  3979  9339 D InputDispatcher: Focus left window: 22304
09-02 09:52:12.385  3979  9339 I WindowManager: Failed to capture screenshot of Token{b04a484 ActivityRecord{3b5ba97 u0 com.android.chrome/com.google.android.apps.chrome.Main t210 f}} appWin=Window{8e5d103 u0 com.android.chrome/com.google.android.apps.chrome.Main} drawState=4
09-02 09:52:12.385  3979  6899 D SSRM:G  : SIOP:: AP = 330, PST = 293 (W:10), BAT = 262, USB = 0, CHG = 0
09-02 09:52:12.385  3979  9339 I WindowManager: Destroying surface Surface(name=com.android.chrome/com.google.android.apps.chrome.Main) called by com.android.server.wm.WindowStateAnimator.destroySurface:2501 com.android.server.wm.WindowStateAnimator.destroySurfaceLocked:985 com.android.server.wm.WindowState.removeImmediately:2404 com.android.server.wm.WindowState.removeIfPossible:2603 com.android.server.wm.WindowState.removeIfPossible:2433 com.android.server.wm.WindowToken.removeAllWindowsIfPossible:143 com.android.server.wm.AppWindowToken.removeIfPossible:606 com.android.server.wm.AppWindowToken.onRemovedFromDisplay:674 
09-02 09:52:12.386  3462  4748 I SurfaceFlinger: id=770 Removed com.android.chrome/com.google.android.apps.chrome.Main#0 (2/4)
09-02 09:52:12.386  3462  4748 I SurfaceFlinger: id=770 Removed com.android.chrome/com.google.android.apps.chrome.Main#0 (-2/4)
09-02 09:52:12.390  3462  3462 I Layer   : id=770 onRemoved com.android.chrome/com.google.android.apps.chrome.Main#0 
09-02 09:52:12.391  3979  9339 D InputDispatcher: Focused application released
09-02 09:52:12.392  3462  3462 I Layer   : id=772 onRemoved Background for - SurfaceView - com.android.chrome/com.google.android.apps.chrome.Main@c2f7732@0#0 
09-02 09:52:12.392  3462  3462 I Layer   : id=771 onRemoved SurfaceView - com.android.chrome/com.google.android.apps.chrome.Main@c2f7732@0#0 
09-02 09:52:12.395  3462  3462 I SurfaceFlinger: Display 0 HWC layers:
09-02 09:52:12.395  3462  3462 I SurfaceFlinger:     type    |    handle    | flag |  format   |   source crop (l,t,r,b)    |         frame       | name 
09-02 09:52:12.395  3462  3462 I SurfaceFlinger: ------------+--------------+------+-----------+----------------------------+---------------------+------
09-02 09:52:12.395  3462  3462 I SurfaceFlinger:      Device | 0x7ac4c25140 | 0000 | RGBA_8888 |   0.0    0.0  720.0   42.0 |    0    0  720   42 | StatusBar#0
09-02 09:52:12.395  3462  3462 I SurfaceFlinger: 
09-02 09:52:12.398  3979  9339 D CustomFrequencyManagerService: acquireDVFSLockLocked : type : DVFS_MIN_LIMIT  frequency : 1560000  uid : 1000  pid : 3979  pkgName : AMS_ACT_RESUME@CPU_MIN@70
09-02 09:52:12.399  3979  9339 D ActivityManagerPerformance: AMP_acquire() ACT_RESUME
09-02 09:52:12.400  3979  9339 D PersonaManagerService: Current focused persona service handled id set to : 0
09-02 09:52:12.400  3979  9339 D InputDispatcher: Focused application set to: xxxx
09-02 09:52:12.402  3979  9339 I ActivityManager: Killing 22340:com.android.chrome:sandboxed_process0/u0a96i109 (adj 0): isolated not needed
09-02 09:52:12.405  3979  4238 D GameManagerService: handleForegroundChange(). pkgName: com.example.batterymanager_utility, clsName: com.example.batterymanager_utility.MainActivity,FgActivityName:com.example.batterymanager_utility/.MainActivity
09-02 09:52:12.405  3979  9339 D MARsPolicyManager: onPackageResumedFG pkgName = com.example.batterymanager_utility, userId = 0
09-02 09:52:12.406  3979  4238 D GameManagerService: sem_perfomance_mode: 3
09-02 09:52:12.406  3979  4238 D GameManagerService: notifyResumePause(). pkg: com.example.batterymanager_utility, type: 4, isMinimized: false, isTunableApp: false
09-02 09:52:12.406  3979  4238 D GameManagerService:   notifyResumePause(). unexpected mPrevNotiType: -1
09-02 09:52:12.409  3979  4635 V WindowManager: Relayout Window{a6d969f u0 com.example.batterymanager_utility/com.example.batterymanager_utility.MainActivity}: viewVisibility=4 req=720x1280 WM.LayoutParams{(0,0)(fillxfill) sim=#120 ty=1 fl=#81810100 pfl=0x20000 wanim=0x10302fd vsysui=0x600 needsMenuKey=2 colorMode=0 naviIconColor=0}
09-02 09:52:12.416 22265 22265 D ViewRootImpl@110cd72[MainActivity]: Relayout returned: old=[0,0][720,1280] new=[0,0][720,1280] result=0x1 surface={valid=false 0} changed=false
09-02 09:52:12.422  3979  3979 D SamsungAlarmManager: Remove alarm for next reason : android.intent.action.PACKAGE_RESTARTED : package: com.android.chrome
09-02 09:52:12.427  4633  4633 D CarrierSvcBindHelper: No carrier app for: 0
09-02 09:52:12.427  4633  4633 D CarrierSvcBindHelper: No carrier app for: 1
09-02 09:52:12.428  3979  3995 W BroadcastQueue: Background execution not allowed: receiving Intent { act=android.intent.action.PACKAGE_RESTARTED dat=package:com.android.chrome flg=0x10 (has extras) } to android/com.kddi.android.CpaNotiReceiver
09-02 09:52:12.433  3979  3995 W BroadcastQueue: Background execution not allowed: receiving Intent { act=android.intent.action.PACKAGE_RESTARTED dat=package:com.android.chrome flg=0x10 (has extras) } to com.sec.android.daemonapp/com.samsung.android.weather.daemon.receiver.ClearDataReceiver
09-02 09:52:12.434  3979  9339 D ActivityManager: post active user change for 0 fullscreen true isHomeActivity() false
09-02 09:52:12.436  3979  6899 D GamePkgDataHelper: getGamePkgDataIncServer(). com.example.batterymanager_utility
09-02 09:52:12.437  3979  6899 D GameManagerService: identifyGamePackage. com.example.batterymanager_utility
09-02 09:52:12.437  3979  6899 D GamePkgDataHelper: getGamePkgData(). com.example.batterymanager_utility
09-02 09:52:12.437  3979  3979 D SamsungAlarmManager: setInexact Listener (T:2/F:0/AC:false) 20230902T095252 - CU:1000/CP:3979
09-02 09:52:12.438  3979  6899 D GameManagerService: identifyGamePackage. com.example.batterymanager_utility
09-02 09:52:12.438  3979  3979 I SamsungAlarmManager: setLocked to kernel - T:2 / 20230902T095252, SetElapsed=86353867, nowELAPSED=86313870
09-02 09:52:12.438  3979  6899 D GamePkgDataHelper: getGamePkgData(). com.example.batterymanager_utility
09-02 09:52:12.438  3979  6899 D GamePkgDataHelper: getSosPolicy(). com.example.batterymanager_utility
09-02 09:52:12.438  3979  4635 V WindowManager: Relayout Window{a6d969f u0 com.example.batterymanager_utility/com.example.batterymanager_utility.MainActivity}: viewVisibility=0 req=720x1280 WM.LayoutParams{(0,0)(fillxfill) sim=#120 ty=1 fl=#81810100 pfl=0x20000 wanim=0x10302fd vsysui=0x600 needsMenuKey=2 colorMode=0 naviIconColor=0}
09-02 09:52:12.439  3462  3462 I SurfaceFlinger: id=773 createSurf (720x1280),1 flag=404, com.example.batterymanager_utility/com.example.batterymanager_utility.MainActivity#0
09-02 09:52:12.441  3979  4635 V Surface : sf_framedrop debug : 0x4f4c, game : false, logging : 0
09-02 09:52:12.443  3979  6899 D GameManagerService: identifyGamePackage. com.example.batterymanager_utility
09-02 09:52:12.443  3979  6899 D GamePkgDataHelper: getGamePkgData(). com.example.batterymanager_utility
09-02 09:52:12.445  3979  6899 D GameManagerService: identifyGamePackage. com.example.batterymanager_utility
09-02 09:52:12.445  3979  6899 D GamePkgDataHelper: getGamePkgData(). com.example.batterymanager_utility
09-02 09:52:12.445  3979  4635 D InputDispatcher: Focus entered window: 22265
09-02 09:52:12.447 22265 22265 V Surface : sf_framedrop debug : 0x4f4c, game : false, logging : 0
09-02 09:52:12.449 22265 22265 D ViewRootImpl@110cd72[MainActivity]: Relayout returned: old=[0,0][720,1280] new=[0,0][720,1280] result=0x7 surface={valid=true 536211472384} changed=true
09-02 09:52:12.452  3979  3979 I SamsungAlarmManager: setLocked to kernel - T:2 / 20230902T095259, SetElapsed=86361432, nowELAPSED=86313884
09-02 09:52:12.452  3979  3979 D SamsungAlarmManager: setInexact Listener (T:2/F:0/AC:false) 20230902T095405 - CU:1000/CP:3979
09-02 09:52:12.455  3979  3996 D WindowManager: set systemUiVisibility : systemUiFlags= 0x608 fullscreenStackSysUiFlags= 0x0
09-02 09:52:12.455 22265 22281 D mali_winsys: EGLint new_window_surface(egl_winsys_display *, void *, EGLSurface, EGLConfig, egl_winsys_surface **, egl_color_buffer_format *, EGLBoolean) returns 0x3000,  [720x1280]-format:1
09-02 09:52:12.456 22265 22281 D OpenGLRenderer: eglCreateWindowSurface = 0x7cc19aee00
09-02 09:52:12.456  3979  4200 D WindowManager: adjustSystemUiVisibilityLw : vis= 0x608
09-02 09:52:12.460 22265 22265 D ViewRootImpl@110cd72[MainActivity]: MSG_WINDOW_FOCUS_CHANGED 1
09-02 09:52:12.465 22265 22265 V InputMethodManager: Starting input: tba=android.view.inputmethod.EditorInfo@753c22d nm : com.example.batterymanager_utility ic=null
09-02 09:52:12.465 22265 22265 I InputMethodManager: startInputInner - mService.startInputOrWindowGainedFocus
09-02 09:52:12.466  3979  4635 D InputMethodManagerService: startInputOrWindowGainedFocus : windowGainedFocus 
09-02 09:52:12.466  3979  4635 D InputMethodManagerService: windowGainedFocus: destinationUserId (getCallingUid) = 0
09-02 09:52:12.466  3979  4635 D InputMethodManagerService: windowGainedFocus: currentUserId=0
09-02 09:52:12.466  3979  4635 D InputMethodManagerService: windowGainedFocus: mCurrentFocusedUserId=0
09-02 09:52:12.467  3979  4635 D InputMethodManagerService: windowGainedFocus : lock - currentUserId = 0 destinationUserId = 0
09-02 09:52:12.467  3979  4635 D InputMethodManagerService: windowGainedFocus : mCurrentFocusedUserId - 0 and mSecureKeypadEnabled - false, userSwitched - false
09-02 09:52:12.467  3979  4635 V InputMethodManagerService: windowGainedFocus : reason=WINDOW_FOCUS_GAIN client=android.os.BinderProxy@ad4d0f9 inputContext=null missingMethods= attribute=android.view.inputmethod.EditorInfo@44ec6c6 nm = com.example.batterymanager_utility controlFlags=#105 softInputMode=#120 windowFlags=#81810100
09-02 09:52:12.467  3979  4635 V InputMethodManagerService: hideCurrentInputLocked : shouldHideSoftInput is false
09-02 09:52:12.468  3979  4635 W InputMethodManagerService: Got RemoteException sending setActive(false) notification to pid 22304 uid 10096
09-02 09:52:12.468  3979  4635 D InputMethodManagerService: isImeSwitcherDisabledPackage : false
09-02 09:52:12.469  3979  4635 D InputMethodManagerService: setCurrentInputInfo - inputContext : null eidtorInfo : android.view.inputmethod.EditorInfo@44ec6c6 missingMethods : 0
09-02 09:52:12.469  4336  4336 I InputMethodWrapper:  call dispatchStartInputWithToken
09-02 09:52:12.469  4336  4336 I InputMethodService: dispatchStartInputWithToken
09-02 09:52:12.470  4336  4336 I SKBD    : SamsungKeypad [IMI] onStartInput - caller pid : 22265, caller uid : 10157
09-02 09:52:12.475  3979  6264 D ConnectivityService: ConnectivityService NetworkRequestInfo binderDied(NetworkRequest [ LISTEN id=410, [ Capabilities: INTERNET&NOT_RESTRICTED&TRUSTED&FOREGROUND] ], android.os.BinderProxy@b5e19dd)
09-02 09:52:12.475  3979 10236 D ConnectivityService: ConnectivityService NetworkRequestInfo binderDied(NetworkRequest [ LISTEN id=409, [ Capabilities: INTERNET&NOT_RESTRICTED&TRUSTED&FOREGROUND] ], android.os.BinderProxy@10ab9b4)
09-02 09:52:12.476  3979  3990 D ConnectivityService: ConnectivityService NetworkRequestInfo binderDied(NetworkRequest [ LISTEN id=408, [ Capabilities: INTERNET&NOT_RESTRICTED&TRUSTED&FOREGROUND] ], android.os.BinderProxy@e08952)
09-02 09:52:12.476  3979  4180 D ConnectivityService: releasing NetworkRequest [ LISTEN id=409, [ Capabilities: INTERNET&NOT_RESTRICTED&TRUSTED&FOREGROUND] ] (CALLBACK_RELEASED)
09-02 09:52:12.476  3979  4004 W ActivityManager: setHasOverlayUi called on unknown pid: 22304
09-02 09:52:12.476  3979  4180 D ConnectivityService: sending notification RELEASED for NetworkRequest [ LISTEN id=409, [ Capabilities: INTERNET&NOT_RESTRICTED&TRUSTED&FOREGROUND] ]
09-02 09:52:12.477  3979  4180 E ConnectivityService: RemoteException caught trying to send a callback msg for NetworkRequest [ LISTEN id=409, [ Capabilities: INTERNET&NOT_RESTRICTED&TRUSTED&FOREGROUND] ]
