--------- beginning of system
09-01 18:14:23.889  1513  3161 I ActivityManager: Force stopping org.mozilla.firefox appid=10258 user=0: from pid 28362
--------- beginning of main
09-01 18:14:23.894  2474  2474 E PhoneInterfaceManager: [PhoneIntfMgr] getCarrierPackageNamesForIntentAndPhone: No UICC
09-01 18:14:23.894  2474  2474 D CarrierSvcBindHelper: No carrier app for: 0
09-01 18:14:23.901  3135  3135 D RegisteredNfcFServicesCache: Service unchanged, not updating
09-01 18:14:23.904  8777  8777 I EuiccGoogle: [2] EuiccServiceImpl.onCreate: onCreate Single-SIM mode: simCardState is 1
09-01 18:14:23.908  8777 28368 I EuiccGoogle: [5765] EuiccServiceImpl.onGetEuiccProfileInfoList: onGetEuiccProfileInfoList: slotId = -1
09-01 18:14:23.911  8777 28368 W EuiccGoogle: [5765] EuiccServiceImpl.onGetEuiccProfileInfoList: slotId=-1. No eUICC is active. Return null.
09-01 18:14:24.138   901  1000 D VSC     : @ 30050.589: [WO] tilt angle 89
09-01 18:14:24.144  1513  3161 I ActivityTaskManager: START u0 {act=android.intent.action.VIEW flg=0x10008000 cmp=org.mozilla.firefox/org.mozilla.gecko.BrowserApp} from uid 2000
09-01 18:14:24.145  1513  1572 D EventSequenceValidator: Transition from ACTIVITY_FINISHED to INTENT_STARTED
09-01 18:14:24.153   901  2806 I sensors-hal: [ssc_utils]get_qmi_debug_flag:244, support_qmi_debug : false
09-01 18:14:24.158 28362 28364 I cmd     : oneway function results will be dropped but finished with status OK and parcel size 4
09-01 18:14:24.163  1513  1572 D CompatibilityChangeReporter: Compat change id reported: 135634846; UID 10258; state: DISABLED
09-01 18:14:24.163  1513  1572 D CompatibilityChangeReporter: Compat change id reported: 135754954; UID 10258; state: ENABLED
09-01 18:14:24.163  1513  1625 D CompatibilityChangeReporter: Compat change id reported: 143937733; UID 10258; state: ENABLED
09-01 18:14:24.164  1513  1572 D EventSequenceValidator: Transition from INTENT_STARTED to ACTIVITY_LAUNCHED
09-01 18:14:24.164   901  1000 W ASH     : @ 30050.618: Unhandled msg ID 999: line 1277
09-01 18:14:24.164   901  1000 E ASH     : @ 30050.618: No pb callback assigned
09-01 18:14:24.164   901  1000 E ASH     : @ 30050.618: Nanopb error: callback failed:1588
09-01 18:14:24.169   778   778 D Zygote  : Forked child process 28372
09-01 18:14:24.171  1513  1625 I ActivityManager: Start proc 28372:org.mozilla.firefox/u0a258 for pre-top-activity {org.mozilla.firefox/org.mozilla.gecko.BrowserApp}
09-01 18:14:24.175 28372 28372 E mozilla.firefo: Not starting debugger since process cannot load the jdwp agent.
09-01 18:14:24.196  3088  3642 I AssistantForeground: (REDACTED) Get launcher package: %s
09-01 18:14:24.202 28372 28372 D NetworkSecurityConfig: No Network Security Config specified, using platform default
09-01 18:14:24.203 28372 28372 D NetworkSecurityConfig: No Network Security Config specified, using platform default
09-01 18:14:24.208 28372 28372 I FirebaseApp: Device unlocked: initializing all Firebase APIs for app [DEFAULT]
09-01 18:14:24.210 28372 28372 I FirebaseInitProvider: FirebaseApp initialization successful
09-01 18:14:24.230 28372 28372 I rc_log_ffi::ios: rc_log adapter initialized!
09-01 18:14:24.257 28372 28402 I nimbus::nimbus_client: updating experiment list
09-01 18:14:24.257 28372 28402 I nimbus::persistence: Already at version 2, no upgrade needed
09-01 18:14:24.257 28372 28402 I nimbus::nimbus_client: [Nimbus] Retrieved date from Context: 2023-09-01 07:56:38 UTC
09-01 18:14:24.258 28372 28402 I nimbus::nimbus_client: [Nimbus] Installation Date: 2023-09-01 07:56:38 UTC
09-01 18:14:24.258 28372 28402 I nimbus::nimbus_client: [Nimbus] Update Date: 2023-09-01 14:22:00.591064144 UTC
09-01 18:14:24.258 28372 28402 I nimbus::nimbus_client: [Nimbus] Days since install: 0
09-01 18:14:24.258 28372 28402 I nimbus::nimbus_client: [Nimbus] Days since update: 0
09-01 18:14:24.270 28372 28405 I GeckoThread: preparing to run Gecko
09-01 18:14:24.274 28372 28405 I GeckoLoader: Library base=/data/app/~~BtOtpENtY_8SJVQLgbYgRg==/org.mozilla.firefox-ZoJ8FBGk3KN0nHoYkPw1IA==/lib/arm64
09-01 18:14:24.275 28372 28405 W Settings: Setting animator_duration_scale has moved from android.provider.Settings.System to android.provider.Settings.Global, returning read-only global URI.
09-01 18:14:24.275 28372 28405 I GeckoLoader: Library base=/data/app/~~BtOtpENtY_8SJVQLgbYgRg==/org.mozilla.firefox-ZoJ8FBGk3KN0nHoYkPw1IA==/lib/arm64
09-01 18:14:24.276 28372 28405 E GeckoLibLoad: Load sqlite start
09-01 18:14:24.276 28372 28405 E GeckoLibLoad: Load sqlite done
09-01 18:14:24.277 28372 28405 I GeckoLoader: Library base=/data/app/~~BtOtpENtY_8SJVQLgbYgRg==/org.mozilla.firefox-ZoJ8FBGk3KN0nHoYkPw1IA==/lib/arm64
09-01 18:14:24.277 28372 28405 E GeckoLibLoad: Load nss start
09-01 18:14:24.277 28372 28405 E GeckoLibLoad: Load nss done
09-01 18:14:24.277 28372 28405 I GeckoLoader: Library base=/data/app/~~BtOtpENtY_8SJVQLgbYgRg==/org.mozilla.firefox-ZoJ8FBGk3KN0nHoYkPw1IA==/lib/arm64
09-01 18:14:24.277 28372 28408 I libglean_ffi: glean_core::core: Creating new Glean v53.1.0
09-01 18:14:24.278 28372 28408 I libglean_ffi: glean_core::database: Database initialized
09-01 18:14:24.278 28372 28405 E GeckoLibLoad: Loaded libs in 1.292761ms total, 0ms(1ms) user, 0ms(2ms) system, 0(0) faults
09-01 18:14:24.279 28372 28408 I libglean_ffi: glean_core: Glean initialized
09-01 18:14:24.279 28372 28408 I libglean_ffi: glean_core::event_database: Loading events for events
09-01 18:14:24.279 28372 28408 I libglean_ffi: glean_core::event_database: Loading events for background-update
09-01 18:14:24.279 28372 28405 W GeckoThread: zerdatime 30047505 - runGecko
09-01 18:14:24.280 28372 28408 I libglean_ffi: glean_core::ping: Collecting events
09-01 18:14:24.281 28372 28408 I libglean_ffi: glean_core::upload::directory: Processing ping at: /data/user/0/org.mozilla.firefox/glean_data/pending_pings/13403ff9-4a6c-429f-a5c7-958498baa193
09-01 18:14:24.282   901  2806 I sensors-hal: [ssc_utils]get_qmi_debug_flag:244, support_qmi_debug : false
09-01 18:14:24.282 28372 28408 I libglean_ffi: glean_core::metrics::ping: The ping 'events' was submitted and will be sent as soon as possible
09-01 18:14:24.287 28372 28408 I TetheringManager: registerTetheringEventCallback:org.mozilla.firefox
09-01 18:14:24.290 28372 28372 W org.mozilla.firefox: type=1400 audit(0.0:3767): avc: denied { bind } for comm=4E65746C696E6B204D6F6E69746F72 scontext=u:r:untrusted_app:s0:c2,c257,c512,c768 tcontext=u:r:untrusted_app:s0:c2,c257,c512,c768 tclass=netlink_route_socket permissive=0 b/155595000 app=org.mozilla.firefox
09-01 18:14:24.293 28372 28405 I Gecko:DumpUtils: Fifo watcher disabled via pref.
09-01 18:14:24.298 28372 28408 I glean/MetricsPingSched: The 'metrics' ping was already sent today, 1693584864290.
09-01 18:14:24.301 28372 28408 I libglean_ffi: glean_core::ping: Collecting baseline
09-01 18:14:24.311 28372 28408 I libglean_ffi: glean_core::upload::directory: Processing ping at: /data/user/0/org.mozilla.firefox/glean_data/pending_pings/997f8825-85fc-49c1-bc4e-910eec3a9cae
09-01 18:14:24.312 28372 28408 I libglean_ffi: glean_core::metrics::ping: The ping 'baseline' was submitted and will be sent as soon as possible
09-01 18:14:24.319 28372 28405 W mozilla.firefo: Accessing hidden field Ljava/lang/Boolean;->value:Z (greylist-max-p, JNI, denied)
09-01 18:14:24.319 28372 28405 W mozilla.firefo: Accessing hidden field Ljava/lang/Integer;->value:I (greylist-max-p, JNI, denied)
09-01 18:14:24.319 28372 28405 W mozilla.firefo: Accessing hidden field Ljava/lang/Double;->value:D (greylist-max-p, JNI, denied)
09-01 18:14:24.321 28372 28372 I FenixApplication: AutoPushFeature is configured, initializing it...
09-01 18:14:24.321 28372 28372 I AbstractFirebasePushService: start
09-01 18:14:24.324  1513  3232 D CompatibilityChangeReporter: Compat change id reported: 136274596; UID 10258; state: ENABLED
09-01 18:14:24.324   901  1000 W ASH     : @ 30050.778: Unhandled msg ID 999: line 1277
09-01 18:14:24.324   901  1000 E ASH     : @ 30050.778: No pb callback assigned
09-01 18:14:24.324   901  1000 E ASH     : @ 30050.778: Nanopb error: callback failed:1588
09-01 18:14:24.328   592   629 W DisplayIdentification: Invalid EDID: falling back to serial number due to missing display name.
09-01 18:14:24.328   592   629 W DisplayIdentification: Invalid EDID: falling back to ASCII text due to missing serial number.
09-01 18:14:24.337 28372 28404 I libglean_ffi: glean_core::ping: Collecting pageload
09-01 18:14:24.338 28372 28404 I libglean_ffi: glean_core::ping: Storage for pageload empty. Bailing out.
09-01 18:14:24.338 28372 28404 I libglean_ffi: glean_core::metrics::ping: No content for ping 'pageload', therefore no ping queued.
09-01 18:14:24.339  1513  3161 I ActivityTaskManager: START u0 {act=android.intent.action.VIEW cmp=org.mozilla.firefox/org.mozilla.fenix.HomeActivity (has extras)} from uid 10258
09-01 18:14:24.339 28372 28404 I libglean_ffi: glean_core::core: Upload enabled: true
09-01 18:14:24.342   901  2806 I sensors-hal: [ssc_utils]get_qmi_debug_flag:244, support_qmi_debug : false
09-01 18:14:24.358  1513  3161 D CompatibilityChangeReporter: Compat change id reported: 135634846; UID 10258; state: DISABLED
09-01 18:14:24.358  1513  3161 D CompatibilityChangeReporter: Compat change id reported: 135754954; UID 10258; state: ENABLED
09-01 18:14:24.358  1513  1625 D CompatibilityChangeReporter: Compat change id reported: 143937733; UID 10258; state: ENABLED
09-01 18:14:24.364   901  1000 W ASH     : @ 30050.818: Unhandled msg ID 999: line 1277
09-01 18:14:24.364   901  1000 E ASH     : @ 30050.818: No pb callback assigned
09-01 18:14:24.364   901  1000 E ASH     : @ 30050.818: Nanopb error: callback failed:1588
09-01 18:14:24.371  1513  2263 W ActivityTaskManager: Tried to set launchTime (0) < mLastActivityLaunchTime (30047408)
09-01 18:14:24.373   778   778 D Zygote  : Forked child process 28459
09-01 18:14:24.377  1513  1625 I ActivityManager: Start proc 28459:org.mozilla.firefox:tab39/u0a258 for service {org.mozilla.firefox/org.mozilla.gecko.process.GeckoChildProcessServices$tab39}
09-01 18:14:24.392 28459 28459 E a.firefox:tab3: Not starting debugger since process cannot load the jdwp agent.
09-01 18:14:24.403  2158  2158 I WallpaperService: engine resumed
09-01 18:14:24.406   901   901 I sensors-hal: [hal]batch_physical_sensor:301, android.sensor.gyroscope/41, period=20000000, max_latency=0
09-01 18:14:24.406   901   901 I sensors-hal: [hal]batch_physical_sensor:310, android.sensor.gyroscope/41, period=20000000, max_latency=0 request completed
09-01 18:14:24.406   901   901 I sensors-hal: [hal]activate_physical_sensor:238, android.sensor.gyroscope/41 en=1
09-01 18:14:24.406   901   901 I sensors-hal: [ssc_utils]get_qmi_debug_flag:244, support_qmi_debug : false
09-01 18:14:24.407   901   901 W sensors@2.0-ser: type=1400 audit(0.0:3768): avc: denied { read write } for name="diag" dev="tmpfs" ino=12474 scontext=u:r:hal_sensors_default:s0 tcontext=u:object_r:diag_device:s0 tclass=chr_file permissive=0
09-01 18:14:24.408   901   901 D Diag_Lib:  Diag_LSM_Init: Failed to open handle to diag driver, error = 13
09-01 18:14:24.410   901   901 W sensors@2.0-ser: type=1400 audit(0.0:3769): avc: denied { read write } for name="diag" dev="tmpfs" ino=12474 scontext=u:r:hal_sensors_default:s0 tcontext=u:object_r:diag_device:s0 tclass=chr_file permissive=0
09-01 18:14:24.411   901   901 D Diag_Lib:  Diag_LSM_Init: Failed to open handle to diag driver, error = 13
09-01 18:14:24.411   901   901 I sensors-hal: [ssc_sensor]update_handle:537, handle=331, type=33, wakeup=0, hwid=0, base=331
09-01 18:14:24.412   901   901 I sensors-hal: [ssc_utils]get_qmi_debug_flag:244, support_qmi_debug : false
09-01 18:14:24.413  1513  8503 D CompatibilityChangeReporter: Compat change id reported: 136274596; UID 10258; state: ENABLED
09-01 18:14:24.418   901   901 I sensors-hal: [ssc_utils]get_qmi_debug_flag:244, support_qmi_debug : false
09-01 18:14:24.419   901 28491 I sensors-hal: [ssc_sensor]ssc_conn_resp_cb:663, resp_value = 0
09-01 18:14:24.420   901  1000 W SEE     : @ 30050.873: adding req to Q sensor=8 req=0xb20356a8 msg=513
09-01 18:14:24.421   901 28491 I sensors-hal: [sensor]submit_sensors_hal_event:146, android.sensor.additional_info: trying to push empty Events, count = 0
09-01 18:14:24.421   901 28491 I sensors-hal: [sensor]submit_sensors_hal_event:146, android.sensor.additional_info: trying to push empty Events, count = 0
09-01 18:14:24.425 28372 28443 I push::internal::communications::rate_limiter: No need to reset inner timestamp and count for verify_connection.
09-01 18:14:24.429   901   901 I sensors-hal: [hal]activate_physical_sensor:249, android.sensor.gyroscope/41 en=1 completed
09-01 18:14:24.430   901 28495 I sensors-hal: [ssc_sensor]ssc_conn_resp_cb:663, resp_value = 0
09-01 18:14:24.431   901  1000 W SEE     : @ 30050.884: adding req to Q sensor=2 req=0xb2028728 msg=513
09-01 18:14:24.432 28372 28443 I push::internal::communications::rate_limiter: Not allowed: count(28) > 1 for verify_connection.
09-01 18:14:24.432   901 28495 I sensors-hal: [sensor]submit_sensors_hal_event:146, android.sensor.gyroscope: trying to push empty Events, count = 1
09-01 18:14:24.432   901 28495 I chatty  : uid=1000(system) sensors@2.0-ser identical 1 line
09-01 18:14:24.432   901 28495 I sensors-hal: [sensor]submit_sensors_hal_event:146, android.sensor.gyroscope: trying to push empty Events, count = 1
09-01 18:14:24.433 28372 28443 I AutoPushFeature: No change to subscriptions. Doing nothing.
09-01 18:14:24.437   901 28495 I sensors-hal: [sensor]submit_sensors_hal_event:146, android.sensor.gyroscope: trying to push empty Events, count = 1
09-01 18:14:24.459 28459 28459 D NetworkSecurityConfig: No Network Security Config specified, using platform default
09-01 18:14:24.459 28459 28459 D NetworkSecurityConfig: No Network Security Config specified, using platform default
09-01 18:14:24.465 28372 28372 I NavController: Ignoring popBackStack to destination org.mozilla.firefox:id/browserFragment as it was not found on the current back stack
09-01 18:14:24.474 28372 28372 I ContileTopSitesUpdater: Started periodic work to update Contile top sites
09-01 18:14:24.477 28372 28454 I service-pocket: Scheduling pocket recommendations background refresh
09-01 18:14:24.478 28459 28459 I ServiceChildProcess: onCreate
09-01 18:14:24.478 28372 28454 I service-pocket: Scheduling sponsored stories background refresh
09-01 18:14:24.479 28459 28503 I GeckoThread: preparing to run Gecko
09-01 18:14:24.487  1513  8503 D ConnectivityService: requestNetwork for uid/pid:10258/28372 NetworkRequest [ TRACK_DEFAULT id=1334, [ Capabilities: INTERNET&NOT_RESTRICTED&TRUSTED Uid: 10258 AdministratorUids: [] RequestorUid: 10258 RequestorPackageName: org.mozilla.firefox] ]
09-01 18:14:24.488  1513  2000 D ConnectivityService: NetReassign [1334 : null → 100]
09-01 18:14:24.488  1513  1996 D WifiNetworkFactory: got request NetworkRequest [ TRACK_DEFAULT id=1334, [ Capabilities: INTERNET&NOT_RESTRICTED&TRUSTED Uid: 10258 AdministratorUids: [] RequestorUid: 10258 RequestorPackageName: org.mozilla.firefox] ] with score 60 and providerId 5
09-01 18:14:24.488  1513  2038 D Ethernet: got request NetworkRequest [ TRACK_DEFAULT id=1334, [ Capabilities: INTERNET&NOT_RESTRICTED&TRUSTED Uid: 10258 AdministratorUids: [] RequestorUid: 10258 RequestorPackageName: org.mozilla.firefox] ] with score 60 and providerId 5
09-01 18:14:24.488  1513  2037 D WIFI_AWARE_FACTORY: got request NetworkRequest [ TRACK_DEFAULT id=1334, [ Capabilities: INTERNET&NOT_RESTRICTED&TRUSTED Uid: 10258 AdministratorUids: [] RequestorUid: 10258 RequestorPackageName: org.mozilla.firefox] ] with score 60 and providerId 5
09-01 18:14:24.488  1513  1996 D UntrustedWifiNetworkFactory: got request NetworkRequest [ TRACK_DEFAULT id=1334, [ Capabilities: INTERNET&NOT_RESTRICTED&TRUSTED Uid: 10258 AdministratorUids: [] RequestorUid: 10258 RequestorPackageName: org.mozilla.firefox] ] with score 60 and providerId 5
09-01 18:14:24.488  2474  2474 D PhoneSwitcherNetworkRequstListener: got request NetworkRequest [ TRACK_DEFAULT id=1334, [ Capabilities: INTERNET&NOT_RESTRICTED&TRUSTED Uid: 10258 AdministratorUids: [] RequestorUid: 10258 RequestorPackageName: org.mozilla.firefox] ] with score 60 and providerId 5
09-01 18:14:24.526 28372 28456 E GeckoSession: String does not represent valid session state.
09-01 18:14:24.527 28372 28456 E GeckoSession: String does not represent valid session state.
09-01 18:14:24.537 28372 28372 W GeckoViewActivityContextDelegate: A non-activity context was set.
09-01 18:14:24.544 28372 28404 I libglean_ffi: glean_core::ping: Collecting baseline
09-01 18:14:24.547 28372 28372 I BgSyncManager: Periodic syncing enabled: PeriodicSyncConfig(periodMinutes=240, initialDelayMinutes=5)
09-01 18:14:24.547 28372 28372 I FirefoxAccountStateMachine: Sync is enabled
09-01 18:14:24.556 28372 28404 I libglean_ffi: glean_core::upload::directory: Processing ping at: /data/user/0/org.mozilla.firefox/glean_data/pending_pings/35fadd94-8e05-495a-b428-cd50d2cfe933
09-01 18:14:24.559 28372 28404 I libglean_ffi: glean_core::metrics::ping: The ping 'baseline' was submitted and will be sent as soon as possible
09-01 18:14:24.571 28372 28426 I StartupTypeTelemetry: Recorded start up: cold_view
09-01 18:14:24.575 28372 28517 I FirefoxAccountStateMachine: Processing event 'mozilla.components.service.fxa.manager.Event$Account$Start@7bb2f0a' for state Idle(accountState=NotAuthenticated). Next state is Active(progressState=Initializing)
09-01 18:14:24.589 28372 28444 I AdrenoGLES-0: QUALCOMM build                   : 35605c3, Ia11ce2d146
09-01 18:14:24.589 28372 28444 I AdrenoGLES-0: Build Date                       : 09/02/20
09-01 18:14:24.589 28372 28444 I AdrenoGLES-0: OpenGL ES Shader Compiler Version: EV031.31.04.00
09-01 18:14:24.589 28372 28444 I AdrenoGLES-0: Local Branch                     : gfx-adreno.lnx.2.0
09-01 18:14:24.589 28372 28444 I AdrenoGLES-0: Remote Branch                    : 
09-01 18:14:24.589 28372 28444 I AdrenoGLES-0: Remote Branch                    : 
09-01 18:14:24.589 28372 28444 I AdrenoGLES-0: Reconstruct Branch               : 
09-01 18:14:24.589 28372 28444 I AdrenoGLES-0: Build Config                     : S P 10.0.4 AArch64
09-01 18:14:24.589 28372 28444 I AdrenoGLES-0: Driver Path                      : /vendor/lib64/egl/libGLESv2_adreno.so
09-01 18:14:24.593 28372 28391 I mozilla.firefo: Waiting for a blocking GC ProfileSaver
09-01 18:14:24.597 28372 28444 I AdrenoGLES-0: PFP: 0x016dd090, ME: 0x00000000
09-01 18:14:24.606 28372 28444 W AdrenoUtils: <ReadGpuID_from_sysfs:197>: Failed to open /sys/class/kgsl/kgsl-3d0/gpu_model
09-01 18:14:24.606 28372 28444 W AdrenoUtils: <ReadGpuID:221>: Failed to read chip ID from gpu_model. Fallback to use the GSL path
09-01 18:14:24.615 28372 28424 W logins::schema: user_version: 2
09-01 18:14:24.615   594 28441 I SDM     : HWDeviceDRM::UpdateMixerAttributes: Mixer WxH 1080x2340-1 for Peripheral
09-01 18:14:24.615   594 28441 I SDM     : DisplayBase::SetActiveConfig: Active configuration changed to: 0
09-01 18:14:24.615   594 28441 I SDM     : StrategyImpl::SetIdleTimeoutMs: Idle timeout set to zero for command mode panels
09-01 18:14:24.623   901  2806 I sensors-hal: [ssc_utils]get_qmi_debug_flag:244, support_qmi_debug : false
09-01 18:14:24.625  1513  1572 D EventSequenceValidator: Transition from ACTIVITY_LAUNCHED to ACTIVITY_FINISHED
09-01 18:14:24.625  1513  1572 I DisplayManagerService: Display device changed: DisplayDeviceInfo{"Built-in Screen": uniqueId="local:19260504575090817", 1080 x 2340, modeId 2, defaultModeId 2, supportedModes [{id=1, width=1080, height=2340, fps=90.0}, {id=2, width=1080, height=2340, fps=60.000004}], colorMode 0, supportedColorModes [0, 7, 9], HdrCapabilities HdrCapabilities{mSupportedHdrTypes=[2, 3, 4], mMaxLuminance=500.0, mMaxAverageLuminance=500.0, mMinLuminance=0.0}, allmSupported false, gameContentTypeSupported false, density 440, 435.428 x 433.839 dpi, appVsyncOff 2333332, presDeadline 11500000, cutout DisplayCutout{insets=Rect(0, 136 - 0, 0) waterfall=Insets{left=0, top=0, right=0, bottom=0} boundingRect={Bounds=[Rect(0, 0 - 0, 0), Rect(0, 0 - 136, 136), Rect(0, 0 - 0, 0), Rect(0, 0 - 0, 0)]}}, touch INTERNAL, rotation 0, type INTERNAL, address {port=129, model=0x446d53ad64a0}, deviceProductInfo DeviceProductInfo{name=, manufacturerPnpId=QCM, productId=1, modelYear=null, manufactureDate=ManufactureDate{week=27, year=2006}, relativeAddress=null}, state ON, FLAG_DEFAULT_DISPLAY, FLAG_ROTATES_WITH_CONTENT, FLAG_SECURE, FLAG_SUPPORTS_PROTECTED_BUFFERS}
09-01 18:14:24.627   594 28441 I SDM     : HWDeviceDRM::UpdateMixerAttributes: Mixer WxH 1080x2340-1 for Peripheral
09-01 18:14:24.627   594 28441 I SDM     : DisplayBase::SetActiveConfig: Active configuration changed to: 1
09-01 18:14:24.627   594 28441 I SDM     : StrategyImpl::SetIdleTimeoutMs: Idle timeout set to zero for command mode panels
09-01 18:14:24.633  1513  1622 D ArtManagerInternalImpl: /data/misc/iorapd/org.mozilla.firefox/2015969571/org.mozilla.fenix.HomeActivity/compiled_traces/compiled_trace.pb doesn't exist
09-01 18:14:24.634  1513  1622 I ActivityTaskManager: Displayed org.mozilla.firefox/org.mozilla.fenix.HomeActivity: +478ms
09-01 18:14:24.637  1513  1572 I DisplayManagerService: Display device changed: DisplayDeviceInfo{"Built-in Screen": uniqueId="local:19260504575090817", 1080 x 2340, modeId 1, defaultModeId 2, supportedModes [{id=1, width=1080, height=2340, fps=90.0}, {id=2, width=1080, height=2340, fps=60.000004}], colorMode 0, supportedColorModes [0, 7, 9], HdrCapabilities HdrCapabilities{mSupportedHdrTypes=[2, 3, 4], mMaxLuminance=500.0, mMaxAverageLuminance=500.0, mMinLuminance=0.0}, allmSupported false, gameContentTypeSupported false, density 440, 435.428 x 433.839 dpi, appVsyncOff 2333333, presDeadline 11500000, cutout DisplayCutout{insets=Rect(0, 136 - 0, 0) waterfall=Insets{left=0, top=0, right=0, bottom=0} boundingRect={Bounds=[Rect(0, 0 - 0, 0), Rect(0, 0 - 136, 136), Rect(0, 0 - 0, 0), Rect(0, 0 - 0, 0)]}}, touch INTERNAL, rotation 0, type INTERNAL, address {port=129, model=0x446d53ad64a0}, deviceProductInfo DeviceProductInfo{name=, manufacturerPnpId=QCM, productId=1, modelYear=null, manufactureDate=ManufactureDate{week=27, year=2006}, relativeAddress=null}, state ON, FLAG_DEFAULT_DISPLAY, FLAG_ROTATES_WITH_CONTENT, FLAG_SECURE, FLAG_SUPPORTS_PROTECTED_BUFFERS}
09-01 18:14:24.643 28372 28517 I FirefoxAccount: Registering persistence callback
09-01 18:14:24.644   901  1000 W ASH     : @ 30051.098: Unhandled msg ID 999: line 1277
09-01 18:14:24.644   901  1000 E ASH     : @ 30051.098: No pb callback assigned
09-01 18:14:24.644 28372 28517 I FirefoxAccountStateMachine: Ran 'mozilla.components.service.fxa.manager.Event$Account$Start@7bb2f0a' side-effects for state Active(progressState=Initializing), got successive event mozilla.components.service.fxa.manager.Event$Progress$AccountNotFound@fa5657a
09-01 18:14:24.644   901  1000 E ASH     : @ 30051.098: Nanopb error: callback failed:1588
09-01 18:14:24.644 28372 28517 I FirefoxAccountStateMachine: Processing event 'mozilla.components.service.fxa.manager.Event$Progress$AccountNotFound@fa5657a' for state Active(progressState=Initializing). Next state is Idle(accountState=NotAuthenticated)
09-01 18:14:24.645 28372 28530 I libglean_ffi: glean_core::upload: New upload task with id 13403ff9-4a6c-429f-a5c7-958498baa193 (path: /submit/org-mozilla-firefox/events/1/13403ff9-4a6c-429f-a5c7-958498baa193)
09-01 18:14:24.648   901  2806 I sensors-hal: [ssc_utils]get_qmi_debug_flag:244, support_qmi_debug : false
09-01 18:14:24.684   901  1000 W ASH     : @ 30051.138: Unhandled msg ID 999: line 1277
09-01 18:14:24.684   901  1000 E ASH     : @ 30051.138: No pb callback assigned
09-01 18:14:24.684   901  1000 E ASH     : @ 30051.138: Nanopb error: callback failed:1588
09-01 18:14:24.704  1513  8503 D CompatibilityChangeReporter: Compat change id reported: 135634846; UID 10258; state: DISABLED
09-01 18:14:24.704  1513  8503 D CompatibilityChangeReporter: Compat change id reported: 135754954; UID 10258; state: ENABLED
09-01 18:14:24.705  1513  1625 D CompatibilityChangeReporter: Compat change id reported: 143937733; UID 10258; state: ENABLED
09-01 18:14:24.716  2858  2858 I GoogleInputMethodService: GoogleInputMethodService.onFinishInput():3280 
09-01 18:14:24.717  2858  2858 I GoogleInputMethodService: GoogleInputMethodService.updateDeviceLockedStatus():2169 repeatCheckTimes = 0, unlocked = true
09-01 18:14:24.718  2858  2858 I GoogleInputMethodService: GoogleInputMethodService.onStartInput():1960 onStartInput(EditorInfo{inputType=0x0(NULL) imeOptions=0x0 privateImeOptions=null actionName=UNSPECIFIED actionLabel=null actionId=0 initialSelStart=-1 initialSelEnd=-1 initialCapsMode=0x0 hintText=null label=null packageName=org.mozilla.firefox fieldId=-1 fieldName=null extras=null}, false)
09-01 18:14:24.718  2858  2858 I GoogleInputMethodService: GoogleInputMethodService.shouldHideHeaderOnInitialState():4081 ShouldHideHeaderOnInitialState = false
09-01 18:14:24.718  2858  2858 I GoogleInputMethodService: GoogleInputMethodService.updateDeviceLockedStatus():2169 repeatCheckTimes = 2, unlocked = true
09-01 18:14:24.718   778   778 D Zygote  : Forked child process 28557
09-01 18:14:24.728 28557 28557 E lla.firefox:gp: Not starting debugger since process cannot load the jdwp agent.
09-01 18:14:24.729  1513  1625 I ActivityManager: Start proc 28557:org.mozilla.firefox:gpu/u0a258 for service {org.mozilla.firefox/org.mozilla.gecko.process.GeckoChildProcessServices$gpu}
09-01 18:14:24.743  1513  4618 D CompatibilityChangeReporter: Compat change id reported: 136274596; UID 10258; state: ENABLED
09-01 18:14:24.762  1513  4618 W ActivityManager: Receiver with filter android.content.IntentFilter@121c73b already registered for pid 28372, callerPackage is org.mozilla.firefox
09-01 18:14:24.773 28557 28557 D NetworkSecurityConfig: No Network Security Config specified, using platform default
09-01 18:14:24.773 28557 28557 D NetworkSecurityConfig: No Network Security Config specified, using platform default
09-01 18:14:24.791 28557 28557 I ServiceChildProcess: onCreate
09-01 18:14:24.792 28557 28584 I GeckoThread: preparing to run Gecko
09-01 18:14:24.803 28557 28584 I GeckoLoader: Library base=/data/app/~~BtOtpENtY_8SJVQLgbYgRg==/org.mozilla.firefox-ZoJ8FBGk3KN0nHoYkPw1IA==/lib/arm64
09-01 18:14:24.803 28557 28584 I GeckoLoader: Library base=/data/app/~~BtOtpENtY_8SJVQLgbYgRg==/org.mozilla.firefox-ZoJ8FBGk3KN0nHoYkPw1IA==/lib/arm64
09-01 18:14:24.807 28557 28584 E GeckoLibLoad: Load sqlite start
09-01 18:14:24.811 28557 28584 E GeckoLibLoad: Load sqlite done
09-01 18:14:24.812 28557 28584 I GeckoLoader: Library base=/data/app/~~BtOtpENtY_8SJVQLgbYgRg==/org.mozilla.firefox-ZoJ8FBGk3KN0nHoYkPw1IA==/lib/arm64
09-01 18:14:24.813 28557 28584 E GeckoLibLoad: Load nss start
09-01 18:14:24.813 28557 28584 E GeckoLibLoad: Load nss done
09-01 18:14:24.814 28372 28372 I SessionPrioritizationMiddleware: Update the currentSelectedTab 10b73a42-4ecf-4d3c-a3d2-3bcb492a2217 priority to HIGH
09-01 18:14:24.814 28557 28584 I GeckoLoader: Library base=/data/app/~~BtOtpENtY_8SJVQLgbYgRg==/org.mozilla.firefox-ZoJ8FBGk3KN0nHoYkPw1IA==/lib/arm64
09-01 18:14:24.833 28372 28436 W ActivityThread: ClassLoader.getResources: The class loader returned by Thread.getContextClassLoader() may fail for processes that host multiple applications. You should explicitly specify a context class loader. For example: Thread.setContextClassLoader(getClass().getClassLoader());
09-01 18:14:24.845 28557 28584 E GeckoLibLoad: Loaded libs in 30.090784ms total, 4ms(8ms) user, 16ms(12ms) system, 0(0) faults
09-01 18:14:24.845 28557 28584 W GeckoThread: zerdatime 30048071 - runGecko
09-01 18:14:24.858 28314 28597 D ProfileInstaller: Installing profile for com.example.batterymanager_utility
09-01 18:14:24.896 28557 28600 I AdrenoGLES-0: QUALCOMM build                   : 35605c3, Ia11ce2d146
09-01 18:14:24.896 28557 28600 I AdrenoGLES-0: Build Date                       : 09/02/20
09-01 18:14:24.896 28557 28600 I AdrenoGLES-0: OpenGL ES Shader Compiler Version: EV031.31.04.00
09-01 18:14:24.896 28557 28600 I AdrenoGLES-0: Local Branch                     : gfx-adreno.lnx.2.0
09-01 18:14:24.896 28557 28600 I AdrenoGLES-0: Remote Branch                    : 
09-01 18:14:24.896 28557 28600 I AdrenoGLES-0: Remote Branch                    : 
09-01 18:14:24.896 28557 28600 I AdrenoGLES-0: Reconstruct Branch               : 
09-01 18:14:24.896 28557 28600 I AdrenoGLES-0: Build Config                     : S P 10.0.4 AArch64
09-01 18:14:24.896 28557 28600 I AdrenoGLES-0: Driver Path                      : /vendor/lib64/egl/libGLESv2_adreno.so
09-01 18:14:24.903 28557 28600 I AdrenoGLES-0: PFP: 0x016dd090, ME: 0x00000000
09-01 18:14:24.909 28557 28600 W AdrenoUtils: <ReadGpuID_from_sysfs:197>: Failed to open /sys/class/kgsl/kgsl-3d0/gpu_model
09-01 18:14:24.909 28557 28600 W AdrenoUtils: <ReadGpuID:221>: Failed to read chip ID from gpu_model. Fallback to use the GSL path
09-01 18:14:24.932 28459 28503 I GeckoLoader: Library base=/data/app/~~BtOtpENtY_8SJVQLgbYgRg==/org.mozilla.firefox-ZoJ8FBGk3KN0nHoYkPw1IA==/lib/arm64
09-01 18:14:24.934 28459 28503 I GeckoLoader: Library base=/data/app/~~BtOtpENtY_8SJVQLgbYgRg==/org.mozilla.firefox-ZoJ8FBGk3KN0nHoYkPw1IA==/lib/arm64
09-01 18:14:24.935 28372 28405 W VideoCapabilities: Unrecognized level 1879048707 for video/x-vnd.on2.vp8
09-01 18:14:24.935 28372 28405 W VideoCapabilities: Unrecognized profile 1879048704 for video/x-vnd.on2.vp8
09-01 18:14:24.935 28372 28405 W VideoCapabilities: Unrecognized level 1879048707 for video/x-vnd.on2.vp8
09-01 18:14:24.935 28372 28405 W VideoCapabilities: Unrecognized profile 1879048704 for video/x-vnd.on2.vp8
09-01 18:14:24.936 28459 28503 E GeckoLibLoad: Load sqlite start
09-01 18:14:24.937 28372 28405 W VideoCapabilities: Unsupported mime image/vnd.android.heic
09-01 18:14:24.937 28372 28405 W VideoCapabilities: Unrecognized level 1879048707 for video/x-vnd.on2.vp8
09-01 18:14:24.937 28372 28405 W VideoCapabilities: Unrecognized profile 1879048704 for video/x-vnd.on2.vp8
09-01 18:14:24.937 28372 28405 W VideoCapabilities: Unrecognized level 1879048707 for video/x-vnd.on2.vp8
09-01 18:14:24.937 28372 28405 W VideoCapabilities: Unrecognized profile 1879048704 for video/x-vnd.on2.vp8
09-01 18:14:24.937 28459 28503 E GeckoLibLoad: Load sqlite done
09-01 18:14:24.938 28459 28503 I GeckoLoader: Library base=/data/app/~~BtOtpENtY_8SJVQLgbYgRg==/org.mozilla.firefox-ZoJ8FBGk3KN0nHoYkPw1IA==/lib/arm64
09-01 18:14:24.938 28459 28503 E GeckoLibLoad: Load nss start
09-01 18:14:24.938 28459 28503 E GeckoLibLoad: Load nss done
09-01 18:14:24.938 28459 28503 I GeckoLoader: Library base=/data/app/~~BtOtpENtY_8SJVQLgbYgRg==/org.mozilla.firefox-ZoJ8FBGk3KN0nHoYkPw1IA==/lib/arm64
09-01 18:14:24.963 28459 28503 E GeckoLibLoad: Loaded libs in 24.698492ms total, 6ms(8ms) user, 12ms(12ms) system, 0(0) faults
09-01 18:14:24.963 28459 28503 W GeckoThread: zerdatime 30048189 - runGecko
09-01 18:14:24.966 28372 28405 I GeckoSession: zerdatime 30048191 - chrome startup finished
09-01 18:14:24.971 28372 28372 I GeckoSession: handleMessage GeckoView:PageStart uri=
09-01 18:14:24.973 28372 28372 I GeckoSession: handleMessage GeckoView:PageStop uri=null
09-01 18:14:24.993  2158  2158 I WallpaperService: engine paused
09-01 18:14:24.993   901   901 I sensors-hal: [hal]activate_physical_sensor:238, android.sensor.gyroscope/41 en=0
09-01 18:14:24.995   901   901 D Diag_Lib: diag: Diag_LSM_DeInit done for pid: 901
09-01 18:14:24.995   901   901 D Diag_Lib: diag: Diag_LSM_DeInit done for pid: 901
09-01 18:14:24.996   901   901 I sensors-hal: [hal]activate_physical_sensor:249, android.sensor.gyroscope/41 en=0 completed
09-01 18:14:25.016  3088  3656 I AssistantForeground: (REDACTED) Get launcher package: %s
09-01 18:14:25.040 28372 28372 I WebExtension: releasePendingMessages: extension=icons@mozac.org nativeApp=MozacBrowserIcons session=org.mozilla.geckoview.GeckoSession@37ddb3
09-01 18:14:25.046 28372 28372 I DefaultSupportedAddonsChecker: Unregister check for new supported add-ons
09-01 18:14:25.048 28372 28372 I WebExtension: releasePendingMessages: extension=fxa@mozac.org nativeApp=mozacWebchannel session=org.mozilla.geckoview.GeckoSession@37ddb3
09-01 18:14:25.048 28372 28372 I WebExtension: releasePendingMessages: extension=fxa@mozac.org nativeApp=mozacWebchannelBackground session=null
09-01 18:14:25.053 28372 28405 D GeckoIdleService: Registering Idle observer callback
09-01 18:14:25.053 28372 28405 D GeckoIdleService: Register idle observer 0x79542a2a60 for 180 seconds
09-01 18:14:25.053 28372 28405 D GeckoIdleService: Register: adjusting next switch from -1 to 180 seconds
09-01 18:14:25.053 28372 28405 D GeckoIdleService: next timeout 180000 msec from now
09-01 18:14:25.053 28372 28405 D GeckoIdleService: SetTimerExpiryIfBefore: next timeout 180000 msec from now
09-01 18:14:25.053 28372 28405 D GeckoIdleService: reset timer expiry to 180010 msec from now
09-01 18:14:25.055 28372 28372 I WebExtension: releasePendingMessages: extension=readerview@mozac.org nativeApp=mozacReaderview session=org.mozilla.geckoview.GeckoSession@37ddb3
09-01 18:14:25.055 28372 28372 I WebExtension: releasePendingMessages: extension=readerview@mozac.org nativeApp=mozacReaderviewActive session=org.mozilla.geckoview.GeckoSession@37ddb3
09-01 18:14:25.055 28372 28372 I WebExtension: releasePendingMessages: extension=readerview@mozac.org nativeApp=mozacReaderview session=org.mozilla.geckoview.GeckoSession@37ddb3
09-01 18:14:25.058 28372 28405 D GeckoIdleService: Register idle observer 0x7947788748 for 5 seconds
09-01 18:14:25.058 28372 28405 D GeckoIdleService: Register: adjusting next switch from 180 to 5 seconds
09-01 18:14:25.058 28372 28405 D GeckoIdleService: next timeout 4995 msec from now
09-01 18:14:25.058 28372 28405 D GeckoIdleService: SetTimerExpiryIfBefore: next timeout 4995 msec from now
09-01 18:14:25.058 28372 28405 D GeckoIdleService: reset timer expiry to 5005 msec from now
09-01 18:14:25.067  2816  2835 I FontLog : Received query Noto Color Emoji Compat, URI content://com.google.android.gms.fonts [CONTEXT service_id=132 ]
09-01 18:14:25.067  2816  2835 I FontLog : Query [emojicompat-emoji-font] resolved to {Noto Color Emoji Compat, wdth 100.0, wght 400, ital 0.0, bestEffort false} [CONTEXT service_id=132 ]
09-01 18:14:25.067  2816  2835 I FontLog : Fetch {Noto Color Emoji Compat, wdth 100.0, wght 400, ital 0.0, bestEffort false} end status Status{statusCode=SUCCESS, resolution=null} [CONTEXT service_id=132 ]
09-01 18:14:25.070  2816  2835 I FontLog : Pulling font file for id = 920, cache size = 4 [CONTEXT service_id=132 ]
09-01 18:14:25.073  2816  2835 I FontLog : Pulling font file for id = 920, cache size = 4 [CONTEXT service_id=132 ]
09-01 18:14:25.075 28372 28372 I WebExtension: releasePendingMessages: extension=ads@mozac.org nativeApp=MozacBrowserAdsMessage session=org.mozilla.geckoview.GeckoSession@37ddb3
09-01 18:14:25.076 28372 28372 I WebExtension: releasePendingMessages: extension=cookies@mozac.org nativeApp=MozacBrowserSearchMessage session=org.mozilla.geckoview.GeckoSession@37ddb3
09-01 18:14:25.085 28372 28372 I GeckoSession: handleMessage GeckoView:PageStart uri=
09-01 18:14:25.131  1513  8184 I AdrenoGLES-0: QUALCOMM build                   : 35605c3, Ia11ce2d146
09-01 18:14:25.131  1513  8184 I AdrenoGLES-0: Build Date                       : 09/02/20
09-01 18:14:25.131  1513  8184 I AdrenoGLES-0: OpenGL ES Shader Compiler Version: EV031.31.04.00
09-01 18:14:25.131  1513  8184 I AdrenoGLES-0: Local Branch                     : gfx-adreno.lnx.2.0
09-01 18:14:25.131  1513  8184 I AdrenoGLES-0: Remote Branch                    : 
09-01 18:14:25.131  1513  8184 I AdrenoGLES-0: Remote Branch                    : 
09-01 18:14:25.131  1513  8184 I AdrenoGLES-0: Reconstruct Branch               : 
09-01 18:14:25.131  1513  8184 I AdrenoGLES-0: Build Config                     : S P 10.0.4 AArch64
09-01 18:14:25.131  1513  8184 I AdrenoGLES-0: Driver Path                      : /vendor/lib64/egl/libGLESv2_adreno.so
09-01 18:14:25.141  1513  8184 I AdrenoGLES-0: PFP: 0x016dd090, ME: 0x00000000
09-01 18:14:25.383 28372 28530 I libglean_ffi: glean_core::upload: Ping 13403ff9-4a6c-429f-a5c7-958498baa193 successfully sent 200.
09-01 18:14:25.385 28372 28530 I libglean_ffi: glean_core::upload::directory: File was deleted /data/user/0/org.mozilla.firefox/glean_data/pending_pings/13403ff9-4a6c-429f-a5c7-958498baa193
09-01 18:14:25.388 28372 28530 I libglean_ffi: glean_core::upload: New upload task with id 997f8825-85fc-49c1-bc4e-910eec3a9cae (path: /submit/org-mozilla-firefox/baseline/1/997f8825-85fc-49c1-bc4e-910eec3a9cae)
09-01 18:14:25.720 28372 28530 I libglean_ffi: glean_core::upload: Ping 997f8825-85fc-49c1-bc4e-910eec3a9cae successfully sent 200.
09-01 18:14:25.720 28372 28530 I libglean_ffi: glean_core::upload::directory: File was deleted /data/user/0/org.mozilla.firefox/glean_data/pending_pings/997f8825-85fc-49c1-bc4e-910eec3a9cae
09-01 18:14:25.721 28372 28530 I libglean_ffi: glean_core::upload: New upload task with id 35fadd94-8e05-495a-b428-cd50d2cfe933 (path: /submit/org-mozilla-firefox/baseline/1/35fadd94-8e05-495a-b428-cd50d2cfe933)
09-01 18:14:25.936 28372 28530 I libglean_ffi: glean_core::upload: Ping 35fadd94-8e05-495a-b428-cd50d2cfe933 successfully sent 200.
09-01 18:14:25.937 28372 28530 I libglean_ffi: glean_core::upload::directory: File was deleted /data/user/0/org.mozilla.firefox/glean_data/pending_pings/35fadd94-8e05-495a-b428-cd50d2cfe933
09-01 18:14:25.938 28372 28530 I libglean_ffi: glean_core::upload: No more pings to upload! You are done.
09-01 18:14:25.940 28372 28498 I WM-WorkerWrapper: Worker result SUCCESS for Work [ id=b1f7ec1f-7662-4e17-b1d5-30d09fc35797, tags={ mozilla.telemetry.glean.scheduler.PingUploadWorker, mozac_service_glean_ping_upload_worker } ]
09-01 18:14:25.954  1513  2000 D ConnectivityService: releasing NetworkRequest [ TRACK_DEFAULT id=1334, [ Capabilities: INTERNET&NOT_RESTRICTED&TRUSTED Uid: 10258 AdministratorUids: [] RequestorUid: 10258 RequestorPackageName: org.mozilla.firefox] ] (release request)
09-01 18:14:26.116  2446  4456 D QCNEJ/WlanStaInfoRelay: Received action: android.net.wifi.RSSI_CHANGED
09-01 18:14:26.116  2446  4456 I QCNEJ/NativeHalConnector: -> SND notifyWlanStaStatusChanged([WlanStaInfo]: wifiSwitchState = 1 rssi = -56 ssid = WiFi 69 bssid = 76:4d:28:12:bf:83 dnsInfo = 192.168.88.1;8.8.8.8;0.0.0.0;0.0.0.0; freqBand = _2GHz countryCode = nl[RatInfo]: networkType = 1 subType = 101 networkState = CONNECTED netHdl = 432902426637 ipAddrV4 = 192.168.88.174 ipAddrV6 =  ifNameV4 = wlan0 ifNameV6 =  slotIdx = 0 isAndroidValidated = true) timeStamp = 2023-09-01 18:14:26.116
09-01 18:14:26.124  5447  5595 I CarrierServices: [451] enh.d: (PEv2-SM-52012781): DisabledState: event Connectivity event [null]
09-01 18:14:26.126  5447  5526 I CarrierServices: [446] eed.c: Connected state: [1], networkType: [WIFI]
09-01 18:14:26.128  2474  2663 E PhoneInterfaceManager: [PhoneIntfMgr] getCarrierPrivilegeStatus: Invalid subId
09-01 18:14:26.129  5447  5596 I CarrierServices: [452] eua.f: RCS Configuration storage in Bugle is disabled by p/h flag, using ProvisioningEngineStateCacheUtil.getProvisioningConfigurationForGivenSimIfExist()
09-01 18:14:26.146  1513  2000 D ConnectivityService: NetReassign [no changes]
09-01 18:14:26.164   901  1000 D VSC     : @ 30052.618: [WO] tilt angle 89
09-01 18:14:26.299 28372 28385 I mozilla.firefo: Background young concurrent copying GC freed 412191(18MB) AllocSpace objects, 99(3484KB) LOS objects, 94% free, 5945KB/101MB, paused 231us total 126.271ms
09-01 18:14:26.707   901  2806 I sensors-hal: [ssc_utils]get_qmi_debug_flag:244, support_qmi_debug : false
09-01 18:14:26.724   901  1000 W ASH     : @ 30053.178: Unhandled msg ID 999: line 1277
09-01 18:14:26.724   901  1000 E ASH     : @ 30053.178: No pb callback assigned
09-01 18:14:26.724   901  1000 E ASH     : @ 30053.178: Nanopb error: callback failed:1588
09-01 18:14:26.777   901  1000 I ASH     : @ 30053.231: tcs3701: ADC is saturated, removed sample from FIFO.
09-01 18:14:26.913  1513  3232 D WifiNl80211Manager: Scan result ready event
09-01 18:14:26.913  1513  3232 D WifiNative: Scan result ready event
09-01 18:14:26.913  1162  9670 I LOWI-9.0.0.58: [LOWI-Scan] lowi_close_record:Scan done in 30037952ms, 6 APs in scan results
09-01 18:14:28.166   901  1000 D VSC     : @ 30054.618: [WO] tilt angle 89
09-01 18:14:29.118   901  2806 I sensors-hal: [ssc_utils]get_qmi_debug_flag:244, support_qmi_debug : false
09-01 18:14:29.128   901  1000 W ASH     : @ 30055.580: Unhandled msg ID 999: line 1277
09-01 18:14:29.128   901  1000 E ASH     : @ 30055.580: No pb callback assigned
09-01 18:14:29.128   901  1000 E ASH     : @ 30055.580: Nanopb error: callback failed:1588
09-01 18:14:29.131  2446  4456 D QCNEJ/WlanStaInfoRelay: Received action: android.net.wifi.RSSI_CHANGED
09-01 18:14:29.131  2446  4456 I QCNEJ/NativeHalConnector: -> SND notifyWlanStaStatusChanged([WlanStaInfo]: wifiSwitchState = 1 rssi = -55 ssid = WiFi 69 bssid = 76:4d:28:12:bf:83 dnsInfo = 192.168.88.1;8.8.8.8;0.0.0.0;0.0.0.0; freqBand = _2GHz countryCode = nl[RatInfo]: networkType = 1 subType = 101 networkState = CONNECTED netHdl = 432902426637 ipAddrV4 = 192.168.88.174 ipAddrV6 =  ifNameV4 = wlan0 ifNameV6 =  slotIdx = 0 isAndroidValidated = true) timeStamp = 2023-09-01 18:14:29.131
09-01 18:14:29.134  4371  4416 D PowerManagerPoller: Downlink cellular capacity updated to 59125 Kbps
09-01 18:14:29.137  5447  5595 I CarrierServices: [451] enh.d: (PEv2-SM-52012781): DisabledState: event Connectivity event [null]
09-01 18:14:29.139  2474 13707 E PhoneInterfaceManager: [PhoneIntfMgr] getCarrierPrivilegeStatus: Invalid subId
09-01 18:14:29.140  5447  5526 I CarrierServices: [446] eed.c: Connected state: [1], networkType: [WIFI]
09-01 18:14:29.141  5447  5596 I CarrierServices: [452] eua.f: RCS Configuration storage in Bugle is disabled by p/h flag, using ProvisioningEngineStateCacheUtil.getProvisioningConfigurationForGivenSimIfExist()
09-01 18:14:29.141  1513  2000 D ConnectivityService: NetReassign [no changes]
09-01 18:14:29.229   901  2806 I sensors-hal: [ssc_utils]get_qmi_debug_flag:244, support_qmi_debug : false
09-01 18:14:29.244   901  1000 W ASH     : @ 30055.698: Unhandled msg ID 999: line 1277
09-01 18:14:29.244   901  1000 E ASH     : @ 30055.698: No pb callback assigned
09-01 18:14:29.244   901  1000 E ASH     : @ 30055.698: Nanopb error: callback failed:1588
09-01 18:14:29.301   901  1000 I ASH     : @ 30055.754: tcs3701: ADC is saturated, removed sample from FIFO.
09-01 18:14:29.442 28688 28688 D AndroidRuntime: >>>>>> START com.android.internal.os.RuntimeInit uid 2000 <<<<<<
09-01 18:14:29.443 28688 28688 W app_process: type=1400 audit(0.0:3770): avc: denied { read } for name="u:object_r:device_config_runtime_native_boot_prop:s0" dev="tmpfs" ino=10163 scontext=u:r:shell:s0 tcontext=u:object_r:device_config_runtime_native_boot_prop:s0 tclass=file permissive=0
09-01 18:14:29.443 28688 28688 I chatty  : uid=2000(shell) app_process identical 2 lines
09-01 18:14:29.443 28688 28688 W app_process: type=1400 audit(0.0:3773): avc: denied { read } for name="u:object_r:device_config_runtime_native_boot_prop:s0" dev="tmpfs" ino=10163 scontext=u:r:shell:s0 tcontext=u:object_r:device_config_runtime_native_boot_prop:s0 tclass=file permissive=0
09-01 18:14:29.444 28688 28688 E libc    : Access denied finding property "persist.device_config.runtime_native_boot.profilebootclasspath"
09-01 18:14:29.444 28688 28688 E libc    : Access denied finding property "persist.device_config.runtime_native_boot.enable_apex_image"
09-01 18:14:29.444 28688 28688 I AndroidRuntime: Using default boot image
09-01 18:14:29.444 28688 28688 E libc    : Access denied finding property "persist.device_config.runtime_native_boot.disable_lock_profiling"
09-01 18:14:29.444 28688 28688 I AndroidRuntime: Leaving lock profiling enabled
09-01 18:14:29.444 28688 28688 E libc    : Access denied finding property "persist.device_config.runtime_native_boot.enable_generational_cc"
09-01 18:14:29.505 28688 28688 D app_process: Time zone APEX ICU file found: /apex/com.android.tzdata/etc/icu/icu_tzdata.dat
09-01 18:14:29.505 28688 28688 D app_process: I18n APEX ICU file found: /apex/com.android.i18n/etc/icu/icudt66l.dat
09-01 18:14:29.512 28688 28688 I app_process: The ClassLoaderContext is a special shared library.
09-01 18:14:29.523 28688 28688 W app_process: JNI RegisterNativeMethods: attempt to register 0 native methods for android.media.AudioAttributes
09-01 18:14:29.527 28688 28688 D AndroidRuntime: Calling main entry com.android.commands.input.Input
09-01 18:14:29.538 28688 28688 D AndroidRuntime: Shutting down VM
09-01 18:14:29.541  2858  2858 I GoogleInputMethodService: GoogleInputMethodService.onFinishInput():3280 
09-01 18:14:29.542   901  2806 I sensors-hal: [ssc_utils]get_qmi_debug_flag:244, support_qmi_debug : false
09-01 18:14:29.542  2858  2858 I GoogleInputMethodService: GoogleInputMethodService.updateDeviceLockedStatus():2169 repeatCheckTimes = 0, unlocked = true
09-01 18:14:29.542  2858  2858 I GoogleInputMethodService: GoogleInputMethodService.onStartInput():1960 onStartInput(EditorInfo{inputType=0x0(NULL) imeOptions=0x1 privateImeOptions=null actionName=NONE actionLabel=null actionId=0 initialSelStart=-1 initialSelEnd=-1 initialCapsMode=0x0 hintText=null label=null packageName=org.mozilla.firefox fieldId=-1 fieldName=null extras=null}, false)
09-01 18:14:29.542  2858  2858 I GoogleInputMethodService: GoogleInputMethodService.shouldHideHeaderOnInitialState():4081 ShouldHideHeaderOnInitialState = false
09-01 18:14:29.543  2858  2858 I GoogleInputMethodService: GoogleInputMethodService.updateDeviceLockedStatus():2169 repeatCheckTimes = 2, unlocked = true
09-01 18:14:29.564   901  1000 W ASH     : @ 30056.018: Unhandled msg ID 999: line 1277
09-01 18:14:29.564   901  1000 E ASH     : @ 30056.018: No pb callback assigned
09-01 18:14:29.564   901  1000 E ASH     : @ 30056.018: Nanopb error: callback failed:1588
09-01 18:14:29.604 28372 28372 I glean/Glean: Registering pings for org.mozilla.fenix.GleanMetrics.Pings
09-01 18:14:29.609 28372 28456 I FenixApplication: Running post-visual completeness tasks...
09-01 18:14:29.609 28372 28456 I FenixApplication: Storage initialization...
09-01 18:14:29.609 28372 28456 I PlacesHistoryStorage: Warming up places storage...
09-01 18:14:29.612 28372 28372 I ColdStartupDuration: COLD VIEW Application.<init> to first frame: 388 ms
09-01 18:14:29.612 28372 28372 I FenixApplication: Kicking-off account manager...
09-01 18:14:29.612 28372 28372 I FenixApplication: 'Kicking-off account manager' took 0 ms
09-01 18:14:29.618 28372 28456 I PlacesHistoryStorage: 'Warming up places storage' took 9 ms
09-01 18:14:29.619 28372 28456 I PlacesBookmarksStorage: Warming up places storage...
09-01 18:14:29.619 28372 28456 I PlacesBookmarksStorage: 'Warming up places storage' took 0 ms
09-01 18:14:29.619 28372 28456 I SyncableLoginsStorage: Warming up storage...
09-01 18:14:29.619 28372 28456 I SyncableLoginsStorage: 'Warming up storage' took 0 ms
09-01 18:14:29.620 28372 28456 I AutofillCCAddressesStorage: Warming up storage...
09-01 18:14:29.620 28372 28456 I AutofillCCAddressesStorage: 'Warming up storage' took 0 ms
09-01 18:14:29.649   901  2806 I sensors-hal: [ssc_utils]get_qmi_debug_flag:244, support_qmi_debug : false
09-01 18:14:29.684   901  1000 W ASH     : @ 30056.138: Unhandled msg ID 999: line 1277
09-01 18:14:29.684   901  1000 E ASH     : @ 30056.138: No pb callback assigned
09-01 18:14:29.684   901  1000 E ASH     : @ 30056.138: Nanopb error: callback failed:1588
09-01 18:14:29.722   901  1000 I ASH     : @ 30056.176: tcs3701: ADC is saturated, removed sample from FIFO.
09-01 18:14:29.734   901  2806 I sensors-hal: [ssc_utils]get_qmi_debug_flag:244, support_qmi_debug : false
09-01 18:14:29.738   594 28441 I SDM     : HWDeviceDRM::UpdateMixerAttributes: Mixer WxH 1080x2340-1 for Peripheral
09-01 18:14:29.738   594 28441 I SDM     : DisplayBase::SetActiveConfig: Active configuration changed to: 0
09-01 18:14:29.738   594 28441 I SDM     : StrategyImpl::SetIdleTimeoutMs: Idle timeout set to zero for command mode panels
09-01 18:14:29.747   901  2806 I sensors-hal: [ssc_utils]get_qmi_debug_flag:244, support_qmi_debug : false
09-01 18:14:29.761  1513  1572 I DisplayManagerService: Display device changed: DisplayDeviceInfo{"Built-in Screen": uniqueId="local:19260504575090817", 1080 x 2340, modeId 2, defaultModeId 2, supportedModes [{id=1, width=1080, height=2340, fps=90.0}, {id=2, width=1080, height=2340, fps=60.000004}], colorMode 0, supportedColorModes [0, 7, 9], HdrCapabilities HdrCapabilities{mSupportedHdrTypes=[2, 3, 4], mMaxLuminance=500.0, mMaxAverageLuminance=500.0, mMinLuminance=0.0}, allmSupported false, gameContentTypeSupported false, density 440, 435.428 x 433.839 dpi, appVsyncOff 2333332, presDeadline 11500000, cutout DisplayCutout{insets=Rect(0, 136 - 0, 0) waterfall=Insets{left=0, top=0, right=0, bottom=0} boundingRect={Bounds=[Rect(0, 0 - 0, 0), Rect(0, 0 - 136, 136), Rect(0, 0 - 0, 0), Rect(0, 0 - 0, 0)]}}, touch INTERNAL, rotation 0, type INTERNAL, address {port=129, model=0x446d53ad64a0}, deviceProductInfo DeviceProductInfo{name=, manufacturerPnpId=QCM, productId=1, modelYear=null, manufactureDate=ManufactureDate{week=27, year=2006}, relativeAddress=null}, state ON, FLAG_DEFAULT_DISPLAY, FLAG_ROTATES_WITH_CONTENT, FLAG_SECURE, FLAG_SUPPORTS_PROTECTED_BUFFERS}
09-01 18:14:29.766   901  1000 W ASH     : @ 30056.218: Unhandled msg ID 999: line 1277
