09-02 12:59:32.203  3979  4004 D CustomFrequencyManagerService: releaseDVFSLockLocked : Getting Lock type frm List : DVFS_MIN_LIMIT  frequency : 1560000  uid : 1000  pid : 3979  tag : AMS_APP_SWITCH@CPU_MIN@23
09-02 12:59:32.203  3979  4668 D InputMethodManagerService: windowGainedFocus: destinationUserId (getCallingUid) = 0
09-02 12:59:32.203  3979  4668 D InputMethodManagerService: windowGainedFocus: currentUserId=0
09-02 12:59:32.203  3979  4668 D InputMethodManagerService: windowGainedFocus: mCurrentFocusedUserId=0
09-02 12:59:32.203  3979  4004 D ActivityManagerPerformance: AMP_release() APP_SWITCH
09-02 12:59:32.203  3979  4668 D InputMethodManagerService: windowGainedFocus : lock - currentUserId = 0 destinationUserId = 0
09-02 12:59:32.203  3979  4668 D InputMethodManagerService: windowGainedFocus : mCurrentFocusedUserId - 0 and mSecureKeypadEnabled - false, userSwitched - false
09-02 12:59:32.204  3979  4668 V InputMethodManagerService: windowGainedFocus : reason=WINDOW_FOCUS_GAIN client=android.os.BinderProxy@20845e4 inputContext=null missingMethods= attribute=android.view.inputmethod.EditorInfo@6e46d7c nm = org.mozilla.firefox controlFlags=#104 softInputMode=#110 windowFlags=#81010100
09-02 12:59:32.204  3979  4668 V InputMethodManagerService: hideCurrentInputLocked : shouldHideSoftInput is false
09-02 12:59:32.204  3979  4668 D InputMethodManagerService: isImeSwitcherDisabledPackage : false
09-02 12:59:32.204  3979  4668 V InputMethodManagerService: Creating new session for client ClientState{2869605 uid 10154 pid 28770}
09-02 12:59:32.206  3979  4668 D InputMethodManagerService: setCurrentInputInfo - inputContext : null eidtorInfo : android.view.inputmethod.EditorInfo@6e46d7c missingMethods : 0
09-02 12:59:32.207  4336  4336 I InputMethodWrapper:  call dispatchStartInputWithToken
09-02 12:59:32.207  4336  4336 I InputMethodService: dispatchStartInputWithToken
09-02 12:59:32.207  4336  4336 I SKBD    : SamsungKeypad [IMI] onStartInput - caller pid : 28770, caller uid : 10154
09-02 12:59:32.212 28770 28770 I DefaultSupportedAddonsChecker: Unregister check for new supported add-ons
09-02 12:59:32.235  3462  3462 I SurfaceFlinger: Display 0 HWC layers:
09-02 12:59:32.235  3462  3462 I SurfaceFlinger:     type    |    handle    | flag |  format   |   source crop (l,t,r,b)    |         frame       | name 
09-02 12:59:32.235  3462  3462 I SurfaceFlinger: ------------+--------------+------+-----------+----------------------------+---------------------+------
09-02 12:59:32.235  3462  3462 I SurfaceFlinger:      Device | 0x7abe68b880 | 0000 | RGBA_8888 |   0.0    0.0  720.0 1280.0 |    0    0  720 1280 | org.mozilla.firefox/org.mozilla.fenix.HomeActivity#0
09-02 12:59:32.235  3462  3462 I SurfaceFlinger:      Device | 0x7ac4c246c0 | 0000 | RGBA_8888 |   0.0    0.0  720.0 1280.0 |    0    0  720 1280 | Splash Screen org.mozilla.firefox#0
09-02 12:59:32.235  3462  3462 I SurfaceFlinger:      Device | 0x7ac4c24480 | 0000 | RGBA_8888 |   0.0    0.0  720.0   42.0 |    0    0  720   42 | StatusBar#0
09-02 12:59:32.235  3462  3462 I SurfaceFlinger: 
09-02 12:59:32.262 28770 28770 D skia    : approximate: numPoints=40, lengths[39]=620.200073, totalLength=620.200073, segmentPoints[39]=[422.600037,0.000000]
09-02 12:59:32.262 28770 28770 D skia    : approximate: approximation[117]=1.000000, approximation[118]=422.600037, approximation[119]=0.000000
09-02 12:59:32.263 28770 28770 D skia    : approximate: numPoints=4, lengths[3]=3.448155, totalLength=3.448155, segmentPoints[3]=[3.000000,0.100000]
09-02 12:59:32.263 28770 28770 D skia    : approximate: approximation[9]=1.000000, approximation[10]=3.000000, approximation[11]=0.100000
09-02 12:59:32.264 28770 28770 D skia    : approximate: numPoints=37, lengths[36]=722.199951, totalLength=722.199951, segmentPoints[36]=[199.600006,0.000000]
09-02 12:59:32.264 28770 28770 D skia    : approximate: approximation[108]=1.000000, approximation[109]=199.600006, approximation[110]=0.000000
09-02 12:59:32.264 28770 28770 D skia    : approximate: numPoints=3, lengths[2]=2.472497, totalLength=2.472497, segmentPoints[2]=[2.000000,0.100000]
09-02 12:59:32.264 28770 28770 D skia    : approximate: approximation[6]=1.000000, approximation[7]=2.000000, approximation[8]=0.100000
09-02 12:59:32.272 28770 28770 V InputMethodManager: Starting input: tba=android.view.inputmethod.EditorInfo@8878740 nm : org.mozilla.firefox ic=null
09-02 12:59:32.272 28770 28770 I InputMethodManager: startInputInner - mService.startInputOrWindowGainedFocus
09-02 12:59:32.272  3979  4373 D InputMethodManagerService: startInputOrWindowGainedFocus : startInput 
09-02 12:59:32.273  3979  4373 D InputMethodManagerService: setCurrentInputInfo - inputContext : null eidtorInfo : android.view.inputmethod.EditorInfo@6c8e568 missingMethods : 0
09-02 12:59:32.273  4336  4336 I InputMethodWrapper:  call dispatchStartInputWithToken
09-02 12:59:32.273  4336  4336 I InputMethodService: dispatchStartInputWithToken
09-02 12:59:32.273  4336  4336 I SKBD    : SamsungKeypad [IMI] onStartInput - caller pid : 28770, caller uid : 10154
09-02 12:59:32.356 28770 28978 I libglean_ffi: glean_core::upload: Ping 97660153-1a96-4fac-9eac-639a7b334488 successfully sent 200.
09-02 12:59:32.358 28770 28978 I libglean_ffi: glean_core::upload::directory: File was deleted /data/user/0/org.mozilla.firefox/glean_data/pending_pings/97660153-1a96-4fac-9eac-639a7b334488
09-02 12:59:32.360 28770 28978 I libglean_ffi: glean_core::upload: New upload task with id 5a9c4243-f375-458a-9472-b22d6ae1eeb4 (path: /submit/org-mozilla-firefox/baseline/1/5a9c4243-f375-458a-9472-b22d6ae1eeb4)
09-02 12:59:32.369  3979  4046 I WindowManager: Destroying surface Surface(name=Splash Screen org.mozilla.firefox) called by com.android.server.wm.WindowStateAnimator.destroySurface:2501 com.android.server.wm.WindowStateAnimator.destroySurfaceLocked:985 com.android.server.wm.WindowState.destroyOrSaveSurfaceUnchecked:3671 com.android.server.wm.WindowState.destroySurface:3619 com.android.server.wm.AppWindowToken.destroySurfaces:722 com.android.server.wm.AppWindowToken.destroySurfaces:706 com.android.server.wm.WindowState.onExitAnimationDone:5333 com.android.server.wm.WindowStateAnimator.stepAnimationLocked:550 
09-02 12:59:32.370  3462  3462 I SurfaceFlinger: Display 0 HWC layers:
09-02 12:59:32.370  3462  3462 I SurfaceFlinger:     type    |    handle    | flag |  format   |   source crop (l,t,r,b)    |         frame       | name 
09-02 12:59:32.370  3462  3462 I SurfaceFlinger: ------------+--------------+------+-----------+----------------------------+---------------------+------
09-02 12:59:32.370  3462  3462 I SurfaceFlinger:      Client | 0x7abe68b880 | 0000 | RGBA_8888 |   0.0    0.0  720.0 1280.0 |    0    0  720 1280 | org.mozilla.firefox/org.mozilla.fenix.HomeActivity#0
09-02 12:59:32.370  3462  3462 I SurfaceFlinger:      Client | 0x7ac4c25140 | 0000 | RGBA_8888 |   0.0    0.0  720.0   42.0 |    0    0  720   42 | StatusBar#0
09-02 12:59:32.370  3462  3462 I SurfaceFlinger: 
09-02 12:59:32.370  3462  4087 I SurfaceFlinger: id=1889 Removed Splash Screen org.mozilla.firefox#0 (3/5)
09-02 12:59:32.379  3462  3502 I SurfaceFlinger: id=1889 Removed Splash Screen org.mozilla.firefox#0 (-2/5)
09-02 12:59:32.381  3462  3462 I Layer   : id=1889 onRemoved Splash Screen org.mozilla.firefox#0 
09-02 12:59:32.390  3979  4668 V WindowManager: Relayout Window{593e902 u0 org.mozilla.firefox/org.mozilla.fenix.HomeActivity}: viewVisibility=0 req=720x1280 WM.LayoutParams{(0,0)(fillxfill) sim=#10 ty=1 fl=#81010100 pfl=0x20000 fmt=-3 wanim=0x7f1404fa vsysui=0x2610 needsMenuKey=2 colorMode=0 naviIconColor=0}
09-02 12:59:32.395 28770 28770 D ViewRootImpl@2b3d89a[HomeActivity]: Relayout returned: old=[0,0][720,1280] new=[0,0][720,1280] result=0x1 surface={valid=true 533378740224} changed=false
09-02 12:59:32.423 28770 28770 W InputMethodManager: Ignoring onBind: cur seq=1194, given seq=1193
09-02 12:59:32.504 28770 28770 I zygote64: Deoptimizing kotlinx.coroutines.DisposableHandle kotlinx.coroutines.JobSupport.invokeOnCompletion(boolean, boolean, kotlin.jvm.functions.Function1) due to JIT inline cache
09-02 12:59:32.508 10264 10278 I FontLog : Received query Noto Color Emoji Compat, URI content://com.google.android.gms.fonts [CONTEXT service_id=132 ]
09-02 12:59:32.509 10264 10278 I FontLog : Query [emojicompat-emoji-font] resolved to {Noto Color Emoji Compat, wdth 100.0, wght 400, ital 0.0, bestEffort false} [CONTEXT service_id=132 ]
09-02 12:59:32.511 10264 10278 I FontLog : Fetch {Noto Color Emoji Compat, wdth 100.0, wght 400, ital 0.0, bestEffort false} end status Status{statusCode=SUCCESS, resolution=null} [CONTEXT service_id=132 ]
09-02 12:59:32.519 10264 10609 I FontLog : Pulling font file for id = 901, cache size = 5 [CONTEXT service_id=132 ]
09-02 12:59:32.520  3979  5977 D ConnectivityService: filterNetworkStateForUid() uid: 10025 networkInfo: [type: WIFI[] - WIFI, state: CONNECTED/CONNECTED, reason: (unspecified), extra: "WiFi 69", failover: false, available: true, roaming: false, metered: false]
09-02 12:59:32.527 10264 10609 I FontLog : Pulling font file for id = 901, cache size = 5 [CONTEXT service_id=132 ]
09-02 12:59:32.534  3979  5977 I chatty  : uid=1000(system) Binder:3979_14 identical 1 line
09-02 12:59:32.535  3979  5977 D ConnectivityService: filterNetworkStateForUid() uid: 10025 networkInfo: [type: WIFI[] - WIFI, state: CONNECTED/CONNECTED, reason: (unspecified), extra: "WiFi 69", failover: false, available: true, roaming: false, metered: false]
09-02 12:59:32.545  3979  4668 V WindowManager: rotationForOrientationLw(orient=2, last=0); user=0  sensorRotation=-1 mLidState=-1 mDockMode=0 mHdmiPlugged=false
09-02 12:59:32.550 28770 28770 I zygote64: Deoptimizing java.lang.Object mozilla.components.support.ktx.kotlinx.coroutines.flow.FlowKt$filterChanged$1.invokeSuspend(java.lang.Object) due to JIT inline cache
09-02 12:59:32.568 28770 28978 I libglean_ffi: glean_core::upload: Ping 5a9c4243-f375-458a-9472-b22d6ae1eeb4 successfully sent 200.
09-02 12:59:32.573 28770 28978 I libglean_ffi: glean_core::upload::directory: File was deleted /data/user/0/org.mozilla.firefox/glean_data/pending_pings/5a9c4243-f375-458a-9472-b22d6ae1eeb4
09-02 12:59:32.574 28770 28978 I libglean_ffi: glean_core::upload: New upload task with id 333172c6-d8af-40d0-af62-2e6af8955924 (path: /submit/org-mozilla-firefox/baseline/1/333172c6-d8af-40d0-af62-2e6af8955924)
09-02 12:59:32.579  3979  3979 D PreBindingService: handleMessage : 1
09-02 12:59:32.579  3979  4668 V WindowManager: Relayout Window{593e902 u0 org.mozilla.firefox/org.mozilla.fenix.HomeActivity}: viewVisibility=0 req=720x1280 WM.LayoutParams{(0,0)(fillxfill) sim=#10 ty=1 fl=#81010100 pfl=0x20000 fmt=-3 wanim=0x7f1404fa vsysui=0x2610 needsMenuKey=2 colorMode=0 naviIconColor=0}
09-02 12:59:32.585 28770 28770 D ViewRootImpl@2b3d89a[HomeActivity]: Relayout returned: old=[0,0][720,1280] new=[0,0][720,1280] result=0x1 surface={valid=true 533378740224} changed=false
09-02 12:59:32.603 28770 28770 I WebExtension: releasePendingMessages: extension=fxa@mozac.org nativeApp=mozacWebchannelBackground session=null
09-02 12:59:32.651 28770 28780 I zygote64: Do full code cache collection, code=505KB, data=302KB
09-02 12:59:32.652 28770 28780 I zygote64: After code cache collection, code=442KB, data=220KB
09-02 12:59:32.662 28770 28770 I WebExtension: releasePendingMessages: extension=cookies@mozac.org nativeApp=MozacBrowserSearchMessage session=org.mozilla.geckoview.GeckoSession@dc7fa03
09-02 12:59:32.664 28770 28770 I WebExtension: releasePendingMessages: extension=ads@mozac.org nativeApp=MozacBrowserAdsMessage session=org.mozilla.geckoview.GeckoSession@dc7fa03
09-02 12:59:32.664 28770 28770 I WebExtension: releasePendingMessages: extension=fxa@mozac.org nativeApp=mozacWebchannel session=org.mozilla.geckoview.GeckoSession@dc7fa03
09-02 12:59:32.665 28770 28770 I WebExtension: releasePendingMessages: extension=icons@mozac.org nativeApp=MozacBrowserIcons session=org.mozilla.geckoview.GeckoSession@dc7fa03
09-02 12:59:32.676 28770 28831 W ResourceType: Too many attribute references, stopped at: 0x01010099
09-02 12:59:32.708 28770 28770 I WebExtension: releasePendingMessages: extension=readerview@mozac.org nativeApp=mozacReaderviewActive session=org.mozilla.geckoview.GeckoSession@dc7fa03
09-02 12:59:32.708 28770 28770 I WebExtension: releasePendingMessages: extension=readerview@mozac.org nativeApp=mozacReaderview session=org.mozilla.geckoview.GeckoSession@dc7fa03
09-02 12:59:32.719 28770 28770 I SessionPrioritizationMiddleware: Update the currentSelectedTab 29fa2553-ce29-43f3-8955-0226f0f00c2c priority to HIGH
09-02 12:59:32.745 28770 28770 I WebExtension: releasePendingMessages: extension=readerview@mozac.org nativeApp=mozacReaderviewActive session=org.mozilla.geckoview.GeckoSession@dc7fa03
09-02 12:59:32.745 28770 28770 I WebExtension: releasePendingMessages: extension=readerview@mozac.org nativeApp=mozacReaderview session=org.mozilla.geckoview.GeckoSession@dc7fa03
09-02 12:59:32.757 28861 28895 I GeckoLoader: Library base=/data/app/org.mozilla.firefox-qXEeZwQeSKU-v4RxzjCTZA==/lib/arm64
09-02 12:59:32.758 28861 28895 I GeckoLoader: Library base=/data/app/org.mozilla.firefox-qXEeZwQeSKU-v4RxzjCTZA==/lib/arm64
09-02 12:59:32.759 28861 28895 E GeckoLibLoad: Load sqlite start
09-02 12:59:32.759 28770 28831 W AudioCapabilities: Unsupported mime audio/mpeg-L1
09-02 12:59:32.760 28770 28831 W AudioCapabilities: Unsupported mime audio/mpeg-L2
09-02 12:59:32.762 28861 28895 E GeckoLibLoad: Load sqlite done
09-02 12:59:32.762 28861 28895 I GeckoLoader: Library base=/data/app/org.mozilla.firefox-qXEeZwQeSKU-v4RxzjCTZA==/lib/arm64
09-02 12:59:32.762 28861 28895 E GeckoLibLoad: Load nss start
09-02 12:59:32.762 28861 28895 E GeckoLibLoad: Load nss done
09-02 12:59:32.763 28861 28895 I GeckoLoader: Library base=/data/app/org.mozilla.firefox-qXEeZwQeSKU-v4RxzjCTZA==/lib/arm64
09-02 12:59:32.764 28770 28780 I zygote64: Do partial code cache collection, code=478KB, data=257KB
09-02 12:59:32.764 28770 28831 W AudioCapabilities: Unsupported mime audio/x-ms-wma
09-02 12:59:32.765 28770 28780 I zygote64: After code cache collection, code=478KB, data=257KB
09-02 12:59:32.765 28770 28780 I zygote64: Increasing code cache capacity to 2MB
09-02 12:59:32.767 28770 28831 W AudioCapabilities: Unsupported mime audio/x-ima
09-02 12:59:32.774 28770 28831 W VideoCapabilities: Unrecognized profile 2130706433 for video/avc
09-02 12:59:32.774 28770 28831 W VideoCapabilities: Unrecognized profile 2130706434 for video/avc
09-02 12:59:32.783 28770 28831 W VideoCapabilities: Unrecognized profile 2130706433 for video/avc
09-02 12:59:32.783 28770 28831 W VideoCapabilities: Unrecognized profile 2130706434 for video/avc
09-02 12:59:32.789 28861 28895 E GeckoLibLoad: Loaded libs in 25.834000ms total, 12ms(16ms) user, 12ms(12ms) system, 0(0) faults
09-02 12:59:32.789 28861 28895 W GeckoThread: zerdatime 97554221 - runGecko
09-02 12:59:32.797 28770 28831 W VideoCapabilities: Unsupported mime video/wvc1
09-02 12:59:32.799 28770 28831 W VideoCapabilities: Unsupported mime video/x-ms-wmv
09-02 12:59:32.802 28770 28831 W VideoCapabilities: Unrecognized profile 2130706433 for video/avc
09-02 12:59:32.802 28770 28831 W VideoCapabilities: Unrecognized profile 2130706434 for video/avc
09-02 12:59:32.803  3979  3979 D CustomFrequencyManagerService: releaseDVFSLockLocked : Getting Lock type frm List : DVFS_MIN_LIMIT  frequency : 1560000  uid : 1000  pid : 3979  tag : AMS_RESUME_TAIL@CPU_MIN@14
09-02 12:59:32.804 28770 28831 W VideoCapabilities: Unsupported mime video/avc-wfd
09-02 12:59:32.822 28770 28831 I VideoCapabilities: Unsupported profile 4 for video/mp4v-es
09-02 12:59:32.849 28770 28831 W VideoCapabilities: Unrecognized profile/level 1/32 for video/mp4v-es
09-02 12:59:32.849 28770 28831 W VideoCapabilities: Unrecognized profile/level 32768/2 for video/mp4v-es
09-02 12:59:32.849 28770 28831 W VideoCapabilities: Unrecognized profile/level 32768/64 for video/mp4v-es
09-02 12:59:32.851 28770 28831 W VideoCapabilities: Unsupported mime video/wvc1
09-02 12:59:32.852 28770 28831 W VideoCapabilities: Unsupported mime video/x-ms-wmv
09-02 12:59:32.853 28770 28831 W VideoCapabilities: Unsupported mime video/x-ms-wmv7
09-02 12:59:32.855 28770 28831 W VideoCapabilities: Unsupported mime video/x-ms-wmv8
09-02 12:59:32.856 28770 28831 W VideoCapabilities: Unsupported mime video/mp43
09-02 12:59:32.884 28938 29000 D libGLESv2: STS_GLApi : DTS, ODTC are not allowed for Package : org.mozilla.firefox:gpu
09-02 12:59:32.889 28938 28950 V Surface : sf_framedrop debug : 0x4f4c, game : false, logging : 0
09-02 12:59:32.894 28938 29000 D mali_winsys: EGLint new_window_surface(egl_winsys_display *, void *, EGLSurface, EGLConfig, egl_winsys_surface **, egl_color_buffer_format *, EGLBoolean) returns 0x3000,  [720x1238]-format:2
09-02 12:59:32.907 28770 28831 I GeckoSession: zerdatime 97554339 - chrome startup finished
09-02 12:59:32.914 28861 28895 W GeckoEditableChild: No editable parent
09-02 12:59:32.920 28770 28978 I libglean_ffi: glean_core::upload: Ping 333172c6-d8af-40d0-af62-2e6af8955924 successfully sent 200.
09-02 12:59:32.922 28770 28770 I GeckoSession: handleMessage GeckoView:PageStart uri=
09-02 12:59:32.922 28770 28978 I libglean_ffi: glean_core::upload::directory: File was deleted /data/user/0/org.mozilla.firefox/glean_data/pending_pings/333172c6-d8af-40d0-af62-2e6af8955924
09-02 12:59:32.923 28770 28978 I libglean_ffi: glean_core::upload: No more pings to upload! You are done.
09-02 12:59:32.924 28770 28770 I GeckoSession: handleMessage GeckoView:PageStop uri=null
09-02 12:59:32.928 28770 28890 I WM-WorkerWrapper: Worker result SUCCESS for Work [ id=ae19752e-e620-4222-b5f2-e3526e4a4cc9, tags={ mozilla.telemetry.glean.scheduler.PingUploadWorker, mozac_service_glean_ping_upload_worker } ]
09-02 12:59:32.935 28770 28770 D ConnectivityManager: unregisterNetworkCallback; CallingUid : 10154, CallingPid : 28770
09-02 12:59:32.936  3979  4180 D ConnectivityService: releasing NetworkRequest [ TRACK_DEFAULT id=704, [ Capabilities: INTERNET&NOT_RESTRICTED&TRUSTED&NOT_VPN] ] (CALLBACK_RELEASED)
09-02 12:59:32.936  3979  4180 D ConnectivityService:  Removing from current network NetworkAgentInfo [WIFI () - 502], leaving 18 requests.
09-02 12:59:32.937  3979  4180 D ConnectivityService: sending notification RELEASED for NetworkRequest [ TRACK_DEFAULT id=704, [ Capabilities: INTERNET&NOT_RESTRICTED&TRUSTED&NOT_VPN] ]
09-02 12:59:32.941  3979  4111 D MdnieScenarioControlService:  packageName : org.mozilla.firefox    className : org.mozilla.fenix.HomeActivity
09-02 12:59:32.941  3979  4111 V MdnieScenarioControlService: setUIMode from UI function(3)
09-02 12:59:32.948 28770 28770 I GeckoSession: handleMessage GeckoView:PageStart uri=
09-02 12:59:32.952  3614  3927 D DnsProxyListener: DNSDBG::dns addrinfo af 2
09-02 12:59:33.000  3614  3927 I chatty  : uid=0(root) /system/bin/netd identical 6 lines
09-02 12:59:33.004  3614  3927 D DnsProxyListener: DNSDBG::dns addrinfo af 2
09-02 12:59:33.004  3462  3462 I SurfaceFlinger: Display 0 HWC layers:
09-02 12:59:33.004  3462  3462 I SurfaceFlinger:     type    |    handle    | flag |  format   |   source crop (l,t,r,b)    |         frame       | name 
09-02 12:59:33.004  3462  3462 I SurfaceFlinger: ------------+--------------+------+-----------+----------------------------+---------------------+------
09-02 12:59:33.004  3462  3462 I SurfaceFlinger:      Device | 0x7ac4c24b40 | 0000 | RGBx_8888 |   0.0    0.0  720.0 1140.0 |    0  140  720 1280 | SurfaceView - org.mozilla.firefox/org.mozilla.fenix.HomeActivity@66f016f@0#0
09-02 12:59:33.004  3462  3462 I SurfaceFlinger:      Device | 0x7abe68b880 | 0000 | RGBA_8888 |   0.0    0.0  720.0 1280.0 |    0    0  720 1280 | org.mozilla.firefox/org.mozilla.fenix.HomeActivity#0
09-02 12:59:33.004  3462  3462 I SurfaceFlinger:      Device | 0x7ac4c24480 | 0000 | RGBA_8888 |   0.0    0.0  720.0   42.0 |    0    0  720   42 | StatusBar#0
09-02 12:59:33.004  3462  3462 I SurfaceFlinger: 
09-02 12:59:33.011 28770 28770 I zygote64: Deoptimizing void kotlin.sequences.FilteringSequence$iterator$1.calcNext() due to JIT inline cache
09-02 12:59:33.045 28770 28831 D GeckoIdleService: Registering Idle observer callback
09-02 12:59:33.045 28770 28831 D GeckoIdleService: Register idle observer 0x7c287c1ee0 for 180 seconds
09-02 12:59:33.045 28770 28831 D GeckoIdleService: Register: adjusting next switch from -1 to 180 seconds
09-02 12:59:33.045 28770 28831 D GeckoIdleService: next timeout 180000 msec from now
09-02 12:59:33.045 28770 28831 D GeckoIdleService: SetTimerExpiryIfBefore: next timeout 180000 msec from now
09-02 12:59:33.045 28770 28831 D GeckoIdleService: reset timer expiry to 180010 msec from now
09-02 12:59:33.054 28770 28831 D GeckoIdleService: Register idle observer 0x7c287bc208 for 5 seconds
09-02 12:59:33.054 28770 28831 D GeckoIdleService: Register: adjusting next switch from 180 to 5 seconds
09-02 12:59:33.054 28770 28831 D GeckoIdleService: next timeout 4991 msec from now
09-02 12:59:33.054 28770 28831 D GeckoIdleService: SetTimerExpiryIfBefore: next timeout 4991 msec from now
09-02 12:59:33.054 28770 28831 D GeckoIdleService: reset timer expiry to 5001 msec from now
09-02 12:59:33.187 28770 28770 I zygote64: Deoptimizing int mozilla.components.browser.state.state.TabSessionState.hashCode() due to JIT inline cache
09-02 12:59:33.253  3979  3979 D PreBindingService: handleMessage : 1
09-02 12:59:33.258 28770 28770 I zygote64: Deoptimizing kotlin.coroutines.CoroutineContext kotlinx.coroutines.CoroutineContextKt.newCoroutineContext(kotlinx.coroutines.CoroutineScope, kotlin.coroutines.CoroutineContext) due to JIT inline cache
09-02 12:59:33.307 28770 29089 I zygote64: Deoptimizing void kotlin.coroutines.jvm.internal.BaseContinuationImpl.resumeWith(java.lang.Object) due to JIT inline cache
09-02 12:59:33.336  3979  3979 D PreBindingService: handleMessage : 1
09-02 12:59:33.601  3614  3927 D DnsProxyListener: DNSDBG::dns addrinfo af 2
09-02 12:59:33.616  3614  3927 D DnsProxyListener: DNSDBG::dns addrinfo af 2
09-02 12:59:33.719  3449  3449 I android.hardware.wifi@1.0-service: getLinkLayerStats
09-02 12:59:34.077 28770 28770 V InputMethodManager: Starting input: tba=android.view.inputmethod.EditorInfo@b2ebee5 nm : org.mozilla.firefox ic=org.mozilla.geckoview.GeckoInputConnection@b2f3dba
09-02 12:59:34.080 28770 28770 I InputMethodManager: startInputInner - mService.startInputOrWindowGainedFocus
09-02 12:59:34.081  3979  4373 D InputMethodManagerService: startInputOrWindowGainedFocus : startInput 
09-02 12:59:34.082  3979  4373 D InputMethodManagerService: setCurrentInputInfo - inputContext : com.android.internal.view.IInputContext$Stub$Proxy@fa0f980 eidtorInfo : android.view.inputmethod.EditorInfo@c8f6bb9 missingMethods : 0
09-02 12:59:34.082  4336  4336 I InputMethodWrapper:  call dispatchStartInputWithToken
09-02 12:59:34.082  4336  4336 I InputMethodService: dispatchStartInputWithToken
09-02 12:59:34.082  4336  4336 I SKBD    : SamsungKeypad [IMI] onStartInput - caller pid : 28770, caller uid : 10154
09-02 12:59:34.082  4336  4336 I SKBD    : SamsungKeypad  CACHEDIC onStartInput  isCachedICEnabled:  false
09-02 12:59:34.082  4336  4336 I SKBD    : atl getDefaultInputRange : UNKNOWN
09-02 12:59:34.082  4336  4336 I SKBD    : awo resetBinderManager()
09-02 12:59:34.082  4336  4336 I SKBD_SYNC: SamsungKeypad onStartInput: import DLM
09-02 12:59:34.083  4336  4336 I SKBD    : atl setPrivateImeOptionsToTable privateImeOptions ( null )
09-02 12:59:34.083  4336  4336 I SKBD    : atl imeOptions is null
09-02 12:59:34.083  4336  4336 I SKBD    : SamsungKeypad [PF_OP][onStartInput] 573731
09-02 12:59:34.151 28770 28770 I zygote64: Deoptimizing void kotlinx.coroutines.AbstractCoroutine.<init>(kotlin.coroutines.CoroutineContext, boolean) due to JIT inline cache
09-02 12:59:34.153 28770 28884 I zygote64: Deoptimizing void kotlinx.coroutines.DispatchedTask.run() due to JIT inline cache
09-02 12:59:34.153 28770 28884 I zygote64: Deoptimizing void kotlinx.coroutines.JobSupport.initParentJob(kotlinx.coroutines.Job) due to JIT inline cache
09-02 12:59:34.162 28770 28884 I zygote64: Deoptimizing void kotlin.coroutines.jvm.internal.BaseContinuationImpl.resumeWith(java.lang.Object) due to JIT inline cache
09-02 12:59:34.163 28770 28884 I zygote64: Deoptimizing void kotlinx.coroutines.JobSupport.completeStateFinalization(kotlinx.coroutines.Incomplete, java.lang.Object) due to JIT inline cache
09-02 12:59:34.219 28770 29108 I zygote64: Deoptimizing boolean kotlin.sequences.FlatteningSequence$iterator$1.ensureItemIterator() due to JIT inline cache
09-02 12:59:34.237 28770 29108 I zygote64: Deoptimizing int kotlin.collections.CollectionsKt__IteratorsJVMKt.collectionSizeOrDefault(java.lang.Iterable, int) due to JIT inline cache
09-02 12:59:34.257 28770 29108 I zygote64: Deoptimizing void kotlinx.coroutines.CancellableContinuationImpl.dispatchResume(int) due to JIT inline cache
09-02 12:59:34.541  4962  4962 D io_stats: !@ 179,0 r 606175 18347248 w 393344 8424876 d 41498 19361504 f 107849 110238 iot 492740 414320 th 51200 0 0 pt 0 inp 0 0 42907.786
09-02 12:59:34.568  3614  3927 D DnsProxyListener: DNSDBG::dns addrinfo af 2
09-02 12:59:34.568  3614  3927 I chatty  : uid=0(root) /system/bin/netd identical 1 line
09-02 12:59:34.568  3614  3927 D DnsProxyListener: DNSDBG::dns addrinfo af 2
09-02 12:59:34.590 28770 28770 I GeckoSession: handleMessage GeckoView:PageStop uri=null
09-02 12:59:34.596  3614  3927 D DnsProxyListener: DNSDBG::dns addrinfo af 2
09-02 12:59:34.603 28770 28850 I SessionStorage/AutoSave: Save: Load finished
09-02 12:59:34.606  3614  3927 D DnsProxyListener: DNSDBG::dns addrinfo af 2
09-02 12:59:34.627  3614  3927 I chatty  : uid=0(root) /system/bin/netd identical 5 lines
09-02 12:59:34.629  3614  3927 D DnsProxyListener: DNSDBG::dns addrinfo af 2
09-02 12:59:34.631 28770 28770 W GeckoSession: No history entries found.
09-02 12:59:34.637  3614  3927 D DnsProxyListener: DNSDBG::dns addrinfo af 2
09-02 12:59:34.656  3614  3927 I chatty  : uid=0(root) /system/bin/netd identical 4 lines
09-02 12:59:34.661  3614  3927 D DnsProxyListener: DNSDBG::dns addrinfo af 2
09-02 12:59:35.072  3979  6899 D SSRM:G  : SIOP:: AP = 310, PST = 301 (W:10), BAT = 274, USB = 0, CHG = 0
09-02 12:59:35.263  4349  4349 D KeyguardUpdateMonitor: handleStatusBarState( false )
09-02 12:59:35.616 14031 14031 E adbd    : recv: OPEN 0001e3b7 00000000 0076:73 68 65 6C 6C 2C 76 32 2C 54 45 52 4D 3D 78 74 65 72 6D 2D 32 35 36 63 6F 6C 6F 72 2C 72 61 77 3A 64 75 6D 70 73 79 73 20 61 63 74 69 76 69 74 79 20 72 65 63 65 6E 74 73 20 7C 20 67 72 65 70 20 22 52 65 63 65 6E 74 20 23 30 22 20 7C 20 63 75 74 20 2D 64 20 22 3D 22 20 2D 66 32 20 7C 20 67 72 65 70 20 2D 6F 20 2D 70 20 22 5B 61 2D 7A 7C 2E 5D 2A 22 00 
09-02 12:59:35.616 14031 14031 E adbd    : service_to_fd: shell,v2,TERM=xterm-256color,raw:dumpsys activity recents | grep "Recent #0" | cut -d "=" -f2 | grep -o -p "[a-z|.]*"
09-02 12:59:35.713 14031 14031 E adbd    : recv: OPEN 0001e3ba 00000000 0042:73 68 65 6C 6C 2C 76 32 2C 54 45 52 4D 3D 78 74 65 72 6D 2D 32 35 36 63 6F 6C 6F 72 2C 72 61 77 3A 67 65 74 70 72 6F 70 20 72 6F 2E 62 75 69 6C 64 2E 76 65 72 73 69 6F 6E 2E 72 65 6C 65 61 73 65 00 
09-02 12:59:35.713 14031 14031 E adbd    : service_to_fd: shell,v2,TERM=xterm-256color,raw:getprop ro.build.version.release
09-02 12:59:35.787 14031 14031 E adbd    : recv: OPEN 0001e3bd 00000000 003e:73 68 65 6C 6C 2C 76 32 2C 54 45 52 4D 3D 78 74 65 72 6D 2D 32 35 36 63 6F 6C 6F 72 2C 72 61 77 3A 67 65 74 70 72 6F 70 20 72 6F 2E 62 75 69 6C 64 2E 76 65 72 73 69 6F 6E 2E 73 64 6B 00 
09-02 12:59:35.787 14031 14031 E adbd    : service_to_fd: shell,v2,TERM=xterm-256color,raw:getprop ro.build.version.sdk
09-02 12:59:35.881 14031 14031 E adbd    : recv: OPEN 0001e3c0 00000000 0034:73 68 65 6C 6C 2C 76 32 2C 54 45 52 4D 3D 78 74 65 72 6D 2D 32 35 36 63 6F 6C 6F 72 2C 72 61 77 3A 69 6E 70 75 74 20 74 61 70 20 35 35 30 20 31 35 30 30 00 
09-02 12:59:35.881 14031 14031 E adbd    : service_to_fd: shell,v2,TERM=xterm-256color,raw:input tap 550 1500
09-02 12:59:36.320 29140 29140 W ADebug  : Failed to get property persist.sys.media.traces
09-02 12:59:36.324 29140 29140 E appproc : Enhanced Zygote ASLR: ro.knox.enhance.zygote.aslr != 1. Enhanced Zygote ASLR is DISABLED!
09-02 12:59:36.324 29140 29140 D AndroidRuntime: >>>>>> START com.android.internal.os.RuntimeInit uid 2000 <<<<<<
09-02 12:59:36.327 29140 29140 D SecNativeFeatureCppIf: encoded
09-02 12:59:36.327 29140 29140 D SecNativeFeatureCppIf: decoding and unzip finish
09-02 12:59:36.327 29140 29140 D SecNativeFeatureCppIf: use unCompDataBuff. encoded
09-02 12:59:36.327 29140 29140 D SecNativeFeatureCppIf: Free unCompDataBuff
09-02 12:59:36.328 29140 29140 D SecNativeFeatureCppIf: encoded
09-02 12:59:36.328 29140 29140 D SecNativeFeatureCppIf: decoding and unzip finish
09-02 12:59:36.328 29140 29140 D SecNativeFeatureCppIf: use unCompDataBuff. encoded
09-02 12:59:36.328 29140 29140 D SecNativeFeatureCppIf: Free unCompDataBuff
09-02 12:59:36.328 29140 29140 D SecNativeFeatureCppIf: encoded
09-02 12:59:36.328 29140 29140 D SecNativeFeatureCppIf: decoding and unzip finish
09-02 12:59:36.328 29140 29140 D SecNativeFeatureCppIf: use unCompDataBuff. encoded
09-02 12:59:36.328 29140 29140 D SecNativeFeatureCppIf: Free unCompDataBuff
09-02 12:59:36.328 29140 29140 D SecNativeFeatureCppIf: encoded
09-02 12:59:36.328 29140 29140 D SecNativeFeatureCppIf: decoding and unzip finish
09-02 12:59:36.328 29140 29140 D SecNativeFeatureCppIf: use unCompDataBuff. encoded
09-02 12:59:36.328 29140 29140 D SecNativeFeatureCppIf: Free unCompDataBuff
09-02 12:59:36.429 29140 29140 D ICU     : Timezone override file found: /data/misc/zoneinfo/current/icu/icu_tzdata.dat
09-02 12:59:36.444 29140 29140 I app_process: find the special shared library, skip check
09-02 12:59:36.473 29140 29140 D SemCscFeature: Encoded
09-02 12:59:36.477 29140 29140 I chatty  : uid=2000(shell) identical 2 lines
09-02 12:59:36.478 29140 29140 D SemCscFeature: Encoded
09-02 12:59:36.480 29140 29140 E SemAffinityControl: SemAffinityControl: registerfunction enter
09-02 12:59:36.486 29140 29140 D AndroidRuntime: Calling main entry com.android.commands.input.Input
09-02 12:59:36.492 29140 29140 I Input   : injectMotionEvent: MotionEvent { action=ACTION_DOWN, actionButton=0, id[0]=0, x[0]=550.0, y[0]=1500.0, toolType[0]=TOOL_TYPE_UNKNOWN, buttonState=0, metaState=0, flags=0x0, edgeFlags=0x0, pointerCount=1, historySize=0, eventTime=42909732, downTime=42909732, deviceId=3, source=0x1002 }
09-02 12:59:36.493  3979  5977 D InputDispatcher: Inject motion (29140): action=0x0, eventTime=42909732000000, displayId=0
09-02 12:59:36.494  3979  4081 I InputDispatcher: Dropping event because there is no touchable window at (550, 1500).
09-02 12:59:36.495  3979  5977 W InputManager: Input event injection from pid 29140 failed.
09-02 12:59:36.495 29140 29140 I Input   : injectMotionEvent: MotionEvent { action=ACTION_UP, actionButton=0, id[0]=0, x[0]=550.0, y[0]=1500.0, toolType[0]=TOOL_TYPE_UNKNOWN, buttonState=0, metaState=0, flags=0x0, edgeFlags=0x0, pointerCount=1, historySize=0, eventTime=42909732, downTime=42909732, deviceId=3, source=0x1002 }
09-02 12:59:36.495  3979  5977 D InputDispatcher: Inject motion (29140): action=0x1, eventTime=42909732000000, displayId=0
09-02 12:59:36.496  3979  5977 W InputManager: Input event injection from pid 29140 failed.
09-02 12:59:36.497 29140 29140 D AndroidRuntime: Shutting down VM
09-02 12:59:36.590 14031 14031 E adbd    : recv: OPEN 0001e3c3 00000000 0042:73 68 65 6C 6C 2C 76 32 2C 54 45 52 4D 3D 78 74 65 72 6D 2D 32 35 36 63 6F 6C 6F 72 2C 72 61 77 3A 67 65 74 70 72 6F 70 20 72 6F 2E 62 75 69 6C 64 2E 76 65 72 73 69 6F 6E 2E 72 65 6C 65 61 73 65 00 
09-02 12:59:36.590 14031 14031 E adbd    : service_to_fd: shell,v2,TERM=xterm-256color,raw:getprop ro.build.version.release
09-02 12:59:36.680 14031 14031 E adbd    : recv: OPEN 0001e3c6 00000000 003e:73 68 65 6C 6C 2C 76 32 2C 54 45 52 4D 3D 78 74 65 72 6D 2D 32 35 36 63 6F 6C 6F 72 2C 72 61 77 3A 67 65 74 70 72 6F 70 20 72 6F 2E 62 75 69 6C 64 2E 76 65 72 73 69 6F 6E 2E 73 64 6B 00 
09-02 12:59:36.680 14031 14031 E adbd    : service_to_fd: shell,v2,TERM=xterm-256color,raw:getprop ro.build.version.sdk
09-02 12:59:36.725  3449  3449 I android.hardware.wifi@1.0-service: getLinkLayerStats
09-02 12:59:36.754 14031 14031 E adbd    : recv: OPEN 0001e3c9 00000000 0102:73 68 65 6C 6C 2C 76 32 2C 54 45 52 4D 3D 78 74 65 72 6D 2D 32 35 36 63 6F 6C 6F 72 2C 72 61 77 3A 61 6D 20 73 74 61 72 74 2D 66 6F 72 65 67 72 6F 75 6E 64 2D 73 65 72 76 69 63 65 20 2D 6E 20 22 63 6F 6D 2E 65 78 61 6D 70 6C 65 2E 62 61 74 74 65 72 79 6D 61 6E 61 67 65 72 5F 75 74 69 6C 69 74 79 2F 63 6F 6D 2E 65 78 61 6D 70 6C 65 2E 62 61 74 74 65 72 79 6D 61 6E 61 67 65 72 5F 75 74 69 6C 69 74 79 2E 44 61 74 61 43 6F 6C 6C 65 63 74 69 6F 6E 53 65 72 76 69 63 65 22 20 2D 2D 65 69 20 73 61 6D 70 6C 65 52 61 74 65 20 31 30 30 20 2D 2D 65 73 20 22 64 61 74 61 46 69 65 6C 64 73 22 20 22 42 41 54 54 45 52 59 5F 50 52 4F 50 45 52 54 59 5F 43 55 52 52 45 4E 54 5F 4E 4F 57 2C 45 58 54 52 41 5F 56 4F 4C 54 41 47 45 22 20 2D 2D 65 7A 20 74 6F 43 53 56 20 66 61 6C 73 65 00 
09-02 12:59:36.755 14031 14031 E adbd    : service_to_fd: shell,v2,TERM=xterm-256color,raw:am start-foreground-service -n "com.example.batterymanager_utility/com.example.batterymanager_utility.DataCollectionService" --ei sampleRate 100 --es "dataFields" "BATTERY_PROPERTY_CURRENT_NOW,EXTRA_VOLTAGE" --ez toCSV false
09-02 12:59:36.844 28715 28715 I BatteryMgr:DataCollectionService: onStartCommand: begin
09-02 12:59:36.844 28715 28715 I BatteryMgr:DataCollectionService: onStartCommand: sampleRate => 100
09-02 12:59:36.845 28715 28715 I BatteryMgr:DataCollectionService: onStartCommand: rawFields => Timestamp,BATTERY_PROPERTY_CURRENT_NOW,EXTRA_VOLTAGE
09-02 12:59:36.847 28715 28715 I BatteryMgr:DataCollectionService: onStartCommand: notification done
09-02 12:59:36.849 28715 28715 D Notification: allPendingIntents
09-02 12:59:36.850 28715 28715 I BatteryMgr:DataCollectionService: started foreground
09-02 12:59:36.853  3979  3995 D ApplicationPolicy: isStatusBarNotificationAllowedAsUser: packageName = android,userId = 0
09-02 12:59:36.853  3979  3995 D API test: getContainerInfo: value is 
09-02 12:59:36.853  3979  3995 D ApplicationPolicy: isStatusBarNotificationAllowedAsUser: packageName = android,userId = 0
09-02 12:59:36.853  3979  3995 D API test: getContainerInfo: value is 
09-02 12:59:36.854  3979  3995 D ApplicationPolicy: isStatusBarNotificationAllowedAsUser: packageName = com.example.batterymanager_utility,userId = 0
09-02 12:59:36.854  3979  3995 D API test: getContainerInfo: value is 
09-02 12:59:36.855  3979  3995 D ApplicationPolicy: isStatusBarNotificationAllowedAsUser: packageName = com.example.batterymanager_utility,userId = 0
09-02 12:59:36.855  3979  3995 D API test: getContainerInfo: value is 
09-02 12:59:36.858  3979  3979 D AudioService: getStreamVolume 5 index 110
09-02 12:59:36.860  3979  5977 D Notification: allPendingIntents
09-02 12:59:36.861  4349  4349 D StatusBar: addNotification key=0|android|40|null|1000 fullscreen:false
09-02 12:59:36.863  3979  3979 I AccessibilityManagerService: semOnLightNotification(null), bIsFlashOn : false
09-02 12:59:36.864  3979  3979 D AccessibilityManagerService: Can't use light notification
09-02 12:59:36.864  3979  3979 D AudioService: getStreamVolume 5 index 110
09-02 12:59:36.867  3979  5977 D Notification: allPendingIntents
09-02 12:59:36.867  3979  4373 D Notification: allPendingIntents
09-02 12:59:36.868  3979  5977 D Notification: allPendingIntents
09-02 12:59:36.871 28715 29159 I BatteryMgr:DataCollectionService: collectData: begin
09-02 12:59:36.873  4349  4349 D StatusBar: addNotification key=0|com.example.batterymanager_utility|1|null|10157 fullscreen:false
09-02 12:59:36.878 28715 29159 I BatteryMgr:DataCollectionService: stats => 1693652376878,140,4307
09-02 12:59:36.893 14031 14031 E adbd    : recv: OPEN 0001e3cc 00000000 0042:73 68 65 6C 6C 2C 76 32 2C 54 45 52 4D 3D 78 74 65 72 6D 2D 32 35 36 63 6F 6C 6F 72 2C 72 61 77 3A 67 65 74 70 72 6F 70 20 72 6F 2E 62 75 69 6C 64 2E 76 65 72 73 69 6F 6E 2E 72 65 6C 65 61 73 65 00 
09-02 12:59:36.893 14031 14031 E adbd    : service_to_fd: shell,v2,TERM=xterm-256color,raw:getprop ro.build.version.release
09-02 12:59:36.976 14031 14031 E adbd    : recv: OPEN 0001e3cf 00000000 003e:73 68 65 6C 6C 2C 76 32 2C 54 45 52 4D 3D 78 74 65 72 6D 2D 32 35 36 63 6F 6C 6F 72 2C 72 61 77 3A 67 65 74 70 72 6F 70 20 72 6F 2E 62 75 69 6C 64 2E 76 65 72 73 69 6F 6E 2E 73 64 6B 00 
09-02 12:59:36.976 14031 14031 E adbd    : service_to_fd: shell,v2,TERM=xterm-256color,raw:getprop ro.build.version.sdk
09-02 12:59:36.985 28715 29159 I BatteryMgr:DataCollectionService: stats => 1693652376985,140,4307
09-02 12:59:36.987  4349  4349 D KeyguardUpdateMonitor: handleStatusBarState( false )
09-02 12:59:37.044 14031 14031 E adbd    : recv: OPEN 0001e3d2 00000000 0029:73 68 65 6C 6C 2C 76 32 2C 54 45 52 4D 3D 78 74 65 72 6D 2D 32 35 36 63 6F 6C 6F 72 2C 72 61 77 3A 64 61 74 65 20 2D 75 00 
09-02 12:59:37.044 14031 14031 E adbd    : service_to_fd: shell,v2,TERM=xterm-256color,raw:date -u
09-02 12:59:37.091 28715 29159 I BatteryMgr:DataCollectionService: stats => 1693652377091,140,4307
09-02 12:59:37.110 14031 14031 E adbd    : recv: OPEN 0001e3d5 00000000 003e:73 68 65 6C 6C 2C 76 32 2C 54 45 52 4D 3D 78 74 65 72 6D 2D 32 35 36 63 6F 6C 6F 72 2C 72 61 77 3A 64 75 6D 70 73 79 73 20 63 70 75 69 6E 66 6F 20 7C 20 67 72 65 70 20 54 4F 54 41 4C 00 
09-02 12:59:37.110 14031 14031 E adbd    : service_to_fd: shell,v2,TERM=xterm-256color,raw:dumpsys cpuinfo | grep TOTAL
09-02 12:59:37.118 28770 28770 I zygote64: Deoptimizing void kotlinx.coroutines.internal.DispatchedContinuationKt.resumeCancellableWith(kotlin.coroutines.Continuation, java.lang.Object, kotlin.jvm.functions.Function1) due to JIT same target
09-02 12:59:37.142 28770 28770 I glean/Glean: Registering pings for org.mozilla.fenix.GleanMetrics.Pings
09-02 12:59:37.149 28770 28850 I FenixApplication: Running post-visual completeness tasks...
09-02 12:59:37.149 28770 28850 I FenixApplication: Storage initialization...
09-02 12:59:37.149 28770 28850 I PlacesHistoryStorage: Warming up places storage...
09-02 12:59:37.149 28770 28850 I PlacesHistoryStorage: 'Warming up places storage' took 0 ms
09-02 12:59:37.149 28770 28850 I PlacesBookmarksStorage: Warming up places storage...
09-02 12:59:37.150 28770 28850 I PlacesBookmarksStorage: 'Warming up places storage' took 0 ms
09-02 12:59:37.150 28770 28850 I SyncableLoginsStorage: Warming up storage...
09-02 12:59:37.150 28770 28850 I SyncableLoginsStorage: 'Warming up storage' took 0 ms
09-02 12:59:37.151 28770 28850 I AutofillCCAddressesStorage: Warming up storage...
09-02 12:59:37.151 28770 28850 I AutofillCCAddressesStorage: 'Warming up storage' took 0 ms
09-02 12:59:37.157 28770 28770 I ColdStartupDuration: COLD VIEW Application.<init> to first frame: 1484 ms
09-02 12:59:37.157 28770 28770 I FenixApplication: Kicking-off account manager...
09-02 12:59:37.157 28770 28873 I zygote64: Deoptimizing org.mozilla.fenix.FenixApplication org.mozilla.fenix.ext.ContextKt.getApplication(android.content.Context) due to JIT inline cache
09-02 12:59:37.157 28770 28770 I FenixApplication: 'Kicking-off account manager' took 0 ms
09-02 12:59:37.161  3979  5977 D ConnectivityService: filterNetworkStateForUid() uid: 10154 networkInfo: [type: WIFI[] - WIFI, state: CONNECTED/CONNECTED, reason: (unspecified), extra: "WiFi 69", failover: false, available: true, roaming: false, metered: false]
09-02 12:59:37.195 28715 29159 I BatteryMgr:DataCollectionService: stats => 1693652377195,140,4307
09-02 12:59:37.203 14031 14031 E adbd    : recv: OPEN 0001e3d8 00000000 003d:73 68 65 6C 6C 2C 76 32 2C 54 45 52 4D 3D 78 74 65 72 6D 2D 32 35 36 63 6F 6C 6F 72 2C 72 61 77 3A 64 75 6D 70 73 79 73 20 6D 65 6D 69 6E 66 6F 20 7C 20 67 72 65 70 20 55 73 65 64 00 
09-02 12:59:37.203 14031 14031 E adbd    : service_to_fd: shell,v2,TERM=xterm-256color,raw:dumpsys meminfo | grep Used
09-02 12:59:37.300 28715 29159 I BatteryMgr:DataCollectionService: stats => 1693652377300,140,4307
09-02 12:59:37.347 28770 28850 I FenixApplication: 'Storage initialization' took 198 ms
09-02 12:59:37.405 28715 29159 I BatteryMgr:DataCollectionService: stats => 1693652377405,140,4307
09-02 12:59:37.514 28715 29159 I BatteryMgr:DataCollectionService: stats => 1693652377513,140,4307
09-02 12:59:37.627 28715 29159 I BatteryMgr:DataCollectionService: stats => 1693652377627,140,4307
09-02 12:59:37.739 28715 29159 I BatteryMgr:DataCollectionService: stats => 1693652377738,140,4307
09-02 12:59:37.849 28715 29159 I BatteryMgr:DataCollectionService: stats => 1693652377849,140,4307
09-02 12:59:37.960 28715 29159 I BatteryMgr:DataCollectionService: stats => 1693652377960,140,4307
09-02 12:59:38.071 28715 29159 I BatteryMgr:DataCollectionService: stats => 1693652378071,140,4307
09-02 12:59:38.188 28715 29159 I BatteryMgr:DataCollectionService: stats => 1693652378185,140,4307
09-02 12:59:38.292 28715 29159 I BatteryMgr:DataCollectionService: stats => 1693652378292,140,4307
09-02 12:59:38.332 28770 28831 D GeckoIdleService: Get idle time: time since reset 5286 msec
09-02 12:59:38.332 28770 28831 D GeckoIdleService: Idle timer callback: current idle time 5286 msec
09-02 12:59:38.332 28770 28831 D GeckoIdleService: next timeout 174713 msec from now
09-02 12:59:38.332 28770 28831 D GeckoIdleService: SetTimerExpiryIfBefore: next timeout 174713 msec from now
09-02 12:59:38.332 28770 28831 D GeckoIdleService: reset timer expiry to 174723 msec from now
09-02 12:59:38.332 28770 28831 D GeckoIdleService: Idle timer callback: tell observer 0x7c287bc208 user is idle
09-02 12:59:38.403 28715 29159 I BatteryMgr:DataCollectionService: stats => 1693652378403,140,4307
09-02 12:59:38.514 28715 29159 I BatteryMgr:DataCollectionService: stats => 1693652378514,140,4307
09-02 12:59:38.627 28715 29159 I BatteryMgr:DataCollectionService: stats => 1693652378626,140,4307
09-02 12:59:38.737 28715 29159 I BatteryMgr:DataCollectionService: stats => 1693652378737,140,4307
09-02 12:59:38.848 28715 29159 I BatteryMgr:DataCollectionService: stats => 1693652378847,140,4307
09-02 12:59:38.958 28715 29159 I BatteryMgr:DataCollectionService: stats => 1693652378958,140,4307
09-02 12:59:39.069 28715 29159 I BatteryMgr:DataCollectionService: stats => 1693652379069,140,4307
09-02 12:59:39.180 28715 29159 I BatteryMgr:DataCollectionService: stats => 1693652379179,140,4307
09-02 12:59:39.289 28715 29159 I BatteryMgr:DataCollectionService: stats => 1693652379289,140,4307
09-02 12:59:39.399 28715 29159 I BatteryMgr:DataCollectionService: stats => 1693652379399,140,4307
09-02 12:59:39.510 28715 29159 I BatteryMgr:DataCollectionService: stats => 1693652379510,140,4307
09-02 12:59:39.545  4962  4962 D io_stats: !@ 179,0 r 606175 18347248 w 393512 8427192 d 41509 19361872 f 107864 110253 iot 492820 414382 th 51200 0 0 pt 0 inp 0 0 42912.789
09-02 12:59:39.621 28715 29159 I BatteryMgr:DataCollectionService: stats => 1693652379621,140,4307
09-02 12:59:39.733 28715 29159 I BatteryMgr:DataCollectionService: stats => 1693652379733,140,4307
09-02 12:59:39.745  3449  3449 I android.hardware.wifi@1.0-service: getLinkLayerStats
09-02 12:59:39.846 28715 29159 I BatteryMgr:DataCollectionService: stats => 1693652379846,140,4307
09-02 12:59:39.956 28715 29159 I BatteryMgr:DataCollectionService: stats => 1693652379956,140,4307
09-02 12:59:40.013  3979  4051 D SensorService: [SO] 0.120 -0.359 9.869
09-02 12:59:40.066 28715 29159 I BatteryMgr:DataCollectionService: stats => 1693652380066,-20,4307
09-02 12:59:40.172 28715 29159 I BatteryMgr:DataCollectionService: stats => 1693652380171,-20,4307
09-02 12:59:40.279 28715 29159 I BatteryMgr:DataCollectionService: stats => 1693652380279,-20,4307
09-02 12:59:40.384 28715 29159 I BatteryMgr:DataCollectionService: stats => 1693652380383,-20,4307
09-02 12:59:40.493 28715 29159 I BatteryMgr:DataCollectionService: stats => 1693652380493,-20,4307
09-02 12:59:40.543  3979  5977 D BatteryService: !@BatteryListener : batteryPropertiesChanged!
09-02 12:59:40.544  3979  5977 D BatteryService: level:100, scale:100, status:5, health:2, present:true, voltage: 4285, temperature: 275, technology: Li-ion, AC powered:false, USB powered:true, POGO powered:false, Wireless powered:false, icon:17303834, invalid charger:0, maxChargingCurrent:0, maxChargingVoltage:0, chargeCounter:0
09-02 12:59:40.544  3979  5977 D BatteryService: online:4, current avg:-55, charge type:1, power sharing:false, high voltage charger:false, capacity:280000, batterySWSelfDischarging:false, misc_event:0, current_event:0, current_now:-20
09-02 12:59:40.545  3979  3979 D BatteryService: Sending ACTION_BATTERY_CHANGED.
09-02 12:59:40.547  3979  3979 D SamsungPhoneWindowManager: ACTION_BATTERY_CHANGED - Level :: 100, battStatus :: 5
09-02 12:59:40.548  3979  3979 I MotionRecognitionService: Plugged
09-02 12:59:40.548  3979  3979 D MotionRecognitionService:   mCableConnection= 1
09-02 12:59:40.548  3979  3979 D MotionRecognitionService: setPowerConnected : mGripEnabled = false
09-02 12:59:40.549  3979  4002 D UsbDeviceManager: handleMessage -> MSG_UPDATE_CHARGING_STATE = 1
09-02 12:59:40.551  4349  4349 D KeyguardUpdateMonitor: received broadcast android.intent.action.BATTERY_CHANGED
09-02 12:59:40.554  4349  4349 D BatteryController: onReceive-ACTION_BATTERY_CHANGED : mLevel=100, mBatteryStatus=5
09-02 12:59:40.563  4349  4349 D PowerUI : priorPlugType = 2 mPlugType =  2
09-02 12:59:40.602 28715 29159 I BatteryMgr:DataCollectionService: stats => 1693652380601,-20,4285
09-02 12:59:40.703 14031 14031 E adbd    : recv: OPEN 0001e3db 00000000 0029:73 68 65 6C 6C 2C 76 32 2C 54 45 52 4D 3D 78 74 65 72 6D 2D 32 35 36 63 6F 6C 6F 72 2C 72 61 77 3A 64 61 74 65 20 2D 75 00 
09-02 12:59:40.703 14031 14031 E adbd    : service_to_fd: shell,v2,TERM=xterm-256color,raw:date -u
09-02 12:59:40.715 28715 29159 I BatteryMgr:DataCollectionService: stats => 1693652380714,-20,4285
09-02 12:59:40.721 14031 14031 E adbd    : recv: OPEN 0001e3de 00000000 00bc:73 68 65 6C 6C 2C 76 32 2C 54 45 52 4D 3D 78 74 65 72 6D 2D 32 35 36 63 6F 6C 6F 72 2C 72 61 77 3A 61 6D 20 73 74 61 72 74 20 2D 61 20 61 6E 64 72 6F 69 64 2E 69 6E 74 65 6E 74 2E 61 63 74 69 6F 6E 2E 56 49 45 57 20 2D 6E 20 6F 72 67 2E 6D 6F 7A 69 6C 6C 61 2E 66 69 72 65 66 6F 78 2F 6F 72 67 2E 6D 6F 7A 69 6C 6C 61 2E 67 65 63 6B 6F 2E 42 72 6F 77 73 65 72 41 70 70 20 2D 64 20 68 74 74 70 3A 2F 2F 31 39 32 2E 31 36 38 2E 38 38 2E 31 37 37 3A 38 30 30 30 2F 53 6F 63 69 61 6C 2F 66 61 63 65 62 6F 6F 6B 2F 77 77 77 2E 66 61 63 65 62 6F 6F 6B 2E 63 6F 6D 2F 00 
09-02 12:59:40.722 14031 14031 E adbd    : service_to_fd: shell,v2,TERM=xterm-256color,raw:am start -a android.intent.action.VIEW -n org.mozilla.firefox/org.mozilla.gecko.BrowserApp -d http://192.168.88.177:8000/Social/facebook/www.facebook.com/
09-02 12:59:40.800 14031 14031 E adbd    : recv: OPEN 0001e3e1 00000000 003e:73 68 65 6C 6C 2C 76 32 2C 54 45 52 4D 3D 78 74 65 72 6D 2D 32 35 36 63 6F 6C 6F 72 2C 72 61 77 3A 64 75 6D 70 73 79 73 20 63 70 75 69 6E 66 6F 20 7C 20 67 72 65 70 20 54 4F 54 41 4C 00 
09-02 12:59:40.800 14031 14031 E adbd    : service_to_fd: shell,v2,TERM=xterm-256color,raw:dumpsys cpuinfo | grep TOTAL
09-02 12:59:40.814  3979  4373 I ActivityManager: START u0 {act=android.intent.action.VIEW typ=null flg=0x10000000 cmp=ComponentInfo{org.mozilla.firefox/org.mozilla.gecko.BrowserApp}} from uid 2000
09-02 12:59:40.816  3979  4373 D CustomFrequencyManagerService: acquireDVFSLockLocked : type : DVFS_MIN_LIMIT  frequency : 1560000  uid : 1000  pid : 3979  pkgName : AMS_ACT_START@CPU_MIN@8
09-02 12:59:40.818  3979  4373 D ActivityManagerPerformance: AMP_acquire() ACT_START
09-02 12:59:40.831 28770 28770 D InputMethodManager: HSIFW - flag : 0 Pid : 28770
09-02 12:59:40.831  3979  5977 V InputMethodManagerService: Client requesting input be hidden, flags : 0
09-02 12:59:40.831  3979  5977 V InputMethodManagerService: hideCurrentInputLocked : shouldHideSoftInput is false
09-02 12:59:40.833 28715 29159 I BatteryMgr:DataCollectionService: stats => 1693652380833,-20,4285
09-02 12:59:40.835  3979  5977 D ActivityManager: isScaleDownAnimationEnabled() : false
09-02 12:59:40.837  3979  5977 D PersonaManagerService: Current focused persona service handled id set to : 0
09-02 12:59:40.837  3979  5977 D InputDispatcher: Focused application set to: xxxx
09-02 12:59:40.838  3979  5977 D InputDispatcher: Focus left window: 28770
09-02 12:59:40.840  3979  4238 D GameManagerService: handleForegroundChange(). pkgName: org.mozilla.firefox, clsName: org.mozilla.fenix.IntentReceiverActivity,FgActivityName:org.mozilla.firefox/org.mozilla.fenix.IntentReceiverActivity
09-02 12:59:40.840  3979  4238 D GameManagerService:   handleForegroundChange(). same package. game has never resumed yet. ignore
09-02 12:59:40.840  3979  5977 D MARsPolicyManager: onPackageResumedFG pkgName = org.mozilla.firefox, userId = 0
09-02 12:59:40.858  3979  4668 I ActivityManager: START u0 {act=android.intent.action.VIEW typ=null flg=0x0 cmp=ComponentInfo{org.mozilla.firefox/org.mozilla.fenix.HomeActivity}} from uid 10154
09-02 12:59:40.861  3979  4668 D InputDispatcher: Focus entered window: 28770
09-02 12:59:40.877 28770 28770 D ViewRootImpl@2b3d89a[HomeActivity]: MSG_WINDOW_FOCUS_CHANGED 0
09-02 12:59:40.882 14031 14031 E adbd    : recv: OPEN 0001e3e4 00000000 003d:73 68 65 6C 6C 2C 76 32 2C 54 45 52 4D 3D 78 74 65 72 6D 2D 32 35 36 63 6F 6C 6F 72 2C 72 61 77 3A 64 75 6D 70 73 79 73 20 6D 65 6D 69 6E 66 6F 20 7C 20 67 72 65 70 20 55 73 65 64 00 
