09-02 12:56:28.331  3979  5925 V InputMethodManagerService: hideCurrentInputLocked : shouldHideSoftInput is false
09-02 12:56:28.332  3979  5925 D InputMethodManagerService: isImeSwitcherDisabledPackage : false
09-02 12:56:28.332  3979  5925 V InputMethodManagerService: Creating new session for client ClientState{6a9dcb0 uid 10154 pid 27443}
09-02 12:56:28.335  3979  5925 D InputMethodManagerService: setCurrentInputInfo - inputContext : null eidtorInfo : android.view.inputmethod.EditorInfo@64147f3 missingMethods : 0
09-02 12:56:28.336  4336  4336 I InputMethodWrapper:  call dispatchStartInputWithToken
09-02 12:56:28.336  4336  4336 I InputMethodService: dispatchStartInputWithToken
09-02 12:56:28.336  4336  4336 I SKBD    : SamsungKeypad [IMI] onStartInput - caller pid : 27443, caller uid : 10154
09-02 12:56:28.342 27443 27443 I DefaultSupportedAddonsChecker: Unregister check for new supported add-ons
09-02 12:56:28.356  3462  3462 I SurfaceFlinger: Display 0 HWC layers:
09-02 12:56:28.356  3462  3462 I SurfaceFlinger:     type    |    handle    | flag |  format   |   source crop (l,t,r,b)    |         frame       | name 
09-02 12:56:28.356  3462  3462 I SurfaceFlinger: ------------+--------------+------+-----------+----------------------------+---------------------+------
09-02 12:56:28.356  3462  3462 I SurfaceFlinger:      Device | 0x7abdc74640 | 0000 | RGBA_8888 |   0.0    0.0  720.0 1280.0 |    0    0  720 1280 | org.mozilla.firefox/org.mozilla.fenix.HomeActivity#0
09-02 12:56:28.356  3462  3462 I SurfaceFlinger:      Device | 0x7abe64bd40 | 0000 | RGBA_8888 |   0.0    0.0  720.0 1280.0 |    0    0  720 1280 | Splash Screen org.mozilla.firefox#0
09-02 12:56:28.356  3462  3462 I SurfaceFlinger:      Device | 0x7ac4c24480 | 0000 | RGBA_8888 |   0.0    0.0  720.0   42.0 |    0    0  720   42 | StatusBar#0
09-02 12:56:28.356  3462  3462 I SurfaceFlinger: 
09-02 12:56:28.387 27443 27443 D skia    : approximate: numPoints=40, lengths[39]=620.200073, totalLength=620.200073, segmentPoints[39]=[422.600037,0.000000]
09-02 12:56:28.387 27443 27443 D skia    : approximate: approximation[117]=1.000000, approximation[118]=422.600037, approximation[119]=0.000000
09-02 12:56:28.388 27443 27443 D skia    : approximate: numPoints=4, lengths[3]=3.448155, totalLength=3.448155, segmentPoints[3]=[3.000000,0.100000]
09-02 12:56:28.388 27443 27443 D skia    : approximate: approximation[9]=1.000000, approximation[10]=3.000000, approximation[11]=0.100000
09-02 12:56:28.389 27443 27443 D skia    : approximate: numPoints=37, lengths[36]=722.199951, totalLength=722.199951, segmentPoints[36]=[199.600006,0.000000]
09-02 12:56:28.389 27443 27443 D skia    : approximate: approximation[108]=1.000000, approximation[109]=199.600006, approximation[110]=0.000000
09-02 12:56:28.389 27443 27443 D skia    : approximate: numPoints=3, lengths[2]=2.472497, totalLength=2.472497, segmentPoints[2]=[2.000000,0.100000]
09-02 12:56:28.390 27443 27443 D skia    : approximate: approximation[6]=1.000000, approximation[7]=2.000000, approximation[8]=0.100000
09-02 12:56:28.399 27443 27443 V InputMethodManager: Starting input: tba=android.view.inputmethod.EditorInfo@57c2c3 nm : org.mozilla.firefox ic=null
09-02 12:56:28.399 27443 27443 I InputMethodManager: startInputInner - mService.startInputOrWindowGainedFocus
09-02 12:56:28.399  3979  3990 D InputMethodManagerService: startInputOrWindowGainedFocus : startInput 
09-02 12:56:28.400  3979  3990 D InputMethodManagerService: setCurrentInputInfo - inputContext : null eidtorInfo : android.view.inputmethod.EditorInfo@d1e704f missingMethods : 0
09-02 12:56:28.400  4336  4336 I InputMethodWrapper:  call dispatchStartInputWithToken
09-02 12:56:28.400  4336  4336 I InputMethodService: dispatchStartInputWithToken
09-02 12:56:28.400  4336  4336 I SKBD    : SamsungKeypad [IMI] onStartInput - caller pid : 27443, caller uid : 10154
09-02 12:56:28.455 27443 27646 I libglean_ffi: glean_core::upload: Ping c68557e5-5fe9-42e5-a1b7-7ba824724abb successfully sent 200.
09-02 12:56:28.457 27443 27646 I libglean_ffi: glean_core::upload::directory: File was deleted /data/user/0/org.mozilla.firefox/glean_data/pending_pings/c68557e5-5fe9-42e5-a1b7-7ba824724abb
09-02 12:56:28.459 27443 27646 I libglean_ffi: glean_core::upload: New upload task with id 43f30a2c-0d2d-4c05-9e8d-1576d95350d7 (path: /submit/org-mozilla-firefox/baseline/1/43f30a2c-0d2d-4c05-9e8d-1576d95350d7)
09-02 12:56:28.501  3979  4046 I WindowManager: Destroying surface Surface(name=Splash Screen org.mozilla.firefox) called by com.android.server.wm.WindowStateAnimator.destroySurface:2501 com.android.server.wm.WindowStateAnimator.destroySurfaceLocked:985 com.android.server.wm.WindowState.destroyOrSaveSurfaceUnchecked:3671 com.android.server.wm.WindowState.destroySurface:3619 com.android.server.wm.AppWindowToken.destroySurfaces:722 com.android.server.wm.AppWindowToken.destroySurfaces:706 com.android.server.wm.WindowState.onExitAnimationDone:5333 com.android.server.wm.WindowStateAnimator.stepAnimationLocked:550 
09-02 12:56:28.501  3462  5840 I SurfaceFlinger: id=1871 Removed Splash Screen org.mozilla.firefox#0 (3/5)
09-02 12:56:28.503  3462  3462 I SurfaceFlinger: Display 0 HWC layers:
09-02 12:56:28.503  3462  3462 I SurfaceFlinger:     type    |    handle    | flag |  format   |   source crop (l,t,r,b)    |         frame       | name 
09-02 12:56:28.503  3462  3462 I SurfaceFlinger: ------------+--------------+------+-----------+----------------------------+---------------------+------
09-02 12:56:28.503  3462  3462 I SurfaceFlinger:      Device | 0x7abdc74640 | 0000 | RGBA_8888 |   0.0    0.0  720.0 1280.0 |    0    0  720 1280 | org.mozilla.firefox/org.mozilla.fenix.HomeActivity#0
09-02 12:56:28.503  3462  3462 I SurfaceFlinger:      Device | 0x7ac4c25140 | 0000 | RGBA_8888 |   0.0    0.0  720.0   42.0 |    0    0  720   42 | StatusBar#0
09-02 12:56:28.503  3462  3462 I SurfaceFlinger: 
09-02 12:56:28.507  3462  4748 I SurfaceFlinger: id=1871 Removed Splash Screen org.mozilla.firefox#0 (-2/5)
09-02 12:56:28.517  3462  3462 I Layer   : id=1871 onRemoved Splash Screen org.mozilla.firefox#0 
09-02 12:56:28.549  3979  5925 V WindowManager: Relayout Window{834c47b u0 org.mozilla.firefox/org.mozilla.fenix.HomeActivity}: viewVisibility=0 req=720x1280 WM.LayoutParams{(0,0)(fillxfill) sim=#10 ty=1 fl=#81010100 pfl=0x20000 fmt=-3 wanim=0x7f1404fa vsysui=0x2610 needsMenuKey=2 colorMode=0 naviIconColor=0}
09-02 12:56:28.554 27443 27443 D ViewRootImpl@3ae55cb[HomeActivity]: Relayout returned: old=[0,0][720,1280] new=[0,0][720,1280] result=0x1 surface={valid=true 533308350464} changed=false
09-02 12:56:28.590 27443 27443 W InputMethodManager: Ignoring onBind: cur seq=1183, given seq=1182
09-02 12:56:28.663 10264 10605 I FontLog : Received query Noto Color Emoji Compat, URI content://com.google.android.gms.fonts [CONTEXT service_id=132 ]
09-02 12:56:28.663 10264 10605 I FontLog : Query [emojicompat-emoji-font] resolved to {Noto Color Emoji Compat, wdth 100.0, wght 400, ital 0.0, bestEffort false} [CONTEXT service_id=132 ]
09-02 12:56:28.664 27443 27443 I zygote64: Deoptimizing kotlinx.coroutines.DisposableHandle kotlinx.coroutines.JobSupport.invokeOnCompletion(boolean, boolean, kotlin.jvm.functions.Function1) due to JIT inline cache
09-02 12:56:28.666 10264 10605 I FontLog : Fetch {Noto Color Emoji Compat, wdth 100.0, wght 400, ital 0.0, bestEffort false} end status Status{statusCode=SUCCESS, resolution=null} [CONTEXT service_id=132 ]
09-02 12:56:28.674  3979  3990 D ConnectivityService: filterNetworkStateForUid() uid: 10025 networkInfo: [type: WIFI[] - WIFI, state: CONNECTED/CONNECTED, reason: (unspecified), extra: "WiFi 69", failover: false, available: true, roaming: false, metered: false]
09-02 12:56:28.674 10264 10608 I FontLog : Pulling font file for id = 899, cache size = 5 [CONTEXT service_id=132 ]
09-02 12:56:28.682 10264 10608 I FontLog : Pulling font file for id = 899, cache size = 5 [CONTEXT service_id=132 ]
09-02 12:56:28.688  3979  3990 D ConnectivityService: filterNetworkStateForUid() uid: 10025 networkInfo: [type: WIFI[] - WIFI, state: CONNECTED/CONNECTED, reason: (unspecified), extra: "WiFi 69", failover: false, available: true, roaming: false, metered: false]
09-02 12:56:28.697  3979  5964 D ConnectivityService: filterNetworkStateForUid() uid: 10025 networkInfo: [type: WIFI[] - WIFI, state: CONNECTED/CONNECTED, reason: (unspecified), extra: "WiFi 69", failover: false, available: true, roaming: false, metered: false]
09-02 12:56:28.699  3979  5964 V WindowManager: rotationForOrientationLw(orient=2, last=0); user=0  sensorRotation=-1 mLidState=-1 mDockMode=0 mHdmiPlugged=false
09-02 12:56:28.708 27443 27443 I zygote64: Deoptimizing java.lang.Object mozilla.components.support.ktx.kotlinx.coroutines.flow.FlowKt$filterChanged$1.invokeSuspend(java.lang.Object) due to JIT inline cache
09-02 12:56:28.721  3979  4484 E Watchdog: !@Sync 1423 [2023-09-02 12:56:28.721]
09-02 12:56:28.725 27443 27646 I libglean_ffi: glean_core::upload: Ping 43f30a2c-0d2d-4c05-9e8d-1576d95350d7 successfully sent 200.
09-02 12:56:28.727 27443 27646 I libglean_ffi: glean_core::upload::directory: File was deleted /data/user/0/org.mozilla.firefox/glean_data/pending_pings/43f30a2c-0d2d-4c05-9e8d-1576d95350d7
09-02 12:56:28.728 27443 27646 I libglean_ffi: glean_core::upload: New upload task with id c5944595-1109-43f0-93fd-839f2ecd32ce (path: /submit/org-mozilla-firefox/baseline/1/c5944595-1109-43f0-93fd-839f2ecd32ce)
09-02 12:56:28.733  3979  5964 V WindowManager: Relayout Window{834c47b u0 org.mozilla.firefox/org.mozilla.fenix.HomeActivity}: viewVisibility=0 req=720x1280 WM.LayoutParams{(0,0)(fillxfill) sim=#10 ty=1 fl=#81010100 pfl=0x20000 fmt=-3 wanim=0x7f1404fa vsysui=0x2610 needsMenuKey=2 colorMode=0 naviIconColor=0}
09-02 12:56:28.738 27443 27443 D ViewRootImpl@3ae55cb[HomeActivity]: Relayout returned: old=[0,0][720,1280] new=[0,0][720,1280] result=0x1 surface={valid=true 533308350464} changed=false
09-02 12:56:28.752 27443 27443 I WebExtension: releasePendingMessages: extension=fxa@mozac.org nativeApp=mozacWebchannelBackground session=null
09-02 12:56:28.757  3979  3979 D PreBindingService: handleMessage : 1
09-02 12:56:28.801 27443 27443 I WebExtension: releasePendingMessages: extension=cookies@mozac.org nativeApp=MozacBrowserSearchMessage session=org.mozilla.geckoview.GeckoSession@5090ab2
09-02 12:56:28.803 27443 27443 I WebExtension: releasePendingMessages: extension=ads@mozac.org nativeApp=MozacBrowserAdsMessage session=org.mozilla.geckoview.GeckoSession@5090ab2
09-02 12:56:28.804 27443 27443 I WebExtension: releasePendingMessages: extension=icons@mozac.org nativeApp=MozacBrowserIcons session=org.mozilla.geckoview.GeckoSession@5090ab2
09-02 12:56:28.805 27443 27443 I WebExtension: releasePendingMessages: extension=fxa@mozac.org nativeApp=mozacWebchannel session=org.mozilla.geckoview.GeckoSession@5090ab2
09-02 12:56:28.824 27443 27473 W ResourceType: Too many attribute references, stopped at: 0x01010099
09-02 12:56:28.837 27443 27443 I WebExtension: releasePendingMessages: extension=readerview@mozac.org nativeApp=mozacReaderviewActive session=org.mozilla.geckoview.GeckoSession@5090ab2
09-02 12:56:28.837 27443 27443 I WebExtension: releasePendingMessages: extension=readerview@mozac.org nativeApp=mozacReaderview session=org.mozilla.geckoview.GeckoSession@5090ab2
09-02 12:56:28.839 27443 27443 I WebExtension: releasePendingMessages: extension=readerview@mozac.org nativeApp=mozacReaderviewActive session=org.mozilla.geckoview.GeckoSession@5090ab2
09-02 12:56:28.839 27443 27443 I WebExtension: releasePendingMessages: extension=readerview@mozac.org nativeApp=mozacReaderview session=org.mozilla.geckoview.GeckoSession@5090ab2
09-02 12:56:28.863 27443 27443 I SessionPrioritizationMiddleware: Update the currentSelectedTab c5599c00-4921-45b3-aeef-d61fc9035c6c priority to HIGH
09-02 12:56:28.877 27443 27448 I zygote64: Do full code cache collection, code=507KB, data=301KB
09-02 12:56:28.878 27443 27448 I zygote64: After code cache collection, code=397KB, data=195KB
09-02 12:56:28.915 27526 27565 I GeckoLoader: Library base=/data/app/org.mozilla.firefox-qXEeZwQeSKU-v4RxzjCTZA==/lib/arm64
09-02 12:56:28.915 27526 27565 I GeckoLoader: Library base=/data/app/org.mozilla.firefox-qXEeZwQeSKU-v4RxzjCTZA==/lib/arm64
09-02 12:56:28.916 27443 27473 W AudioCapabilities: Unsupported mime audio/mpeg-L1
09-02 12:56:28.916 27526 27565 E GeckoLibLoad: Load sqlite start
09-02 12:56:28.917 27443 27473 W AudioCapabilities: Unsupported mime audio/mpeg-L2
09-02 12:56:28.919 27526 27565 E GeckoLibLoad: Load sqlite done
09-02 12:56:28.920 27526 27565 I GeckoLoader: Library base=/data/app/org.mozilla.firefox-qXEeZwQeSKU-v4RxzjCTZA==/lib/arm64
09-02 12:56:28.920 27526 27565 E GeckoLibLoad: Load nss start
09-02 12:56:28.920 27526 27565 E GeckoLibLoad: Load nss done
09-02 12:56:28.920 27443 27473 W AudioCapabilities: Unsupported mime audio/x-ms-wma
09-02 12:56:28.920 27526 27565 I GeckoLoader: Library base=/data/app/org.mozilla.firefox-qXEeZwQeSKU-v4RxzjCTZA==/lib/arm64
09-02 12:56:28.921 27443 27473 W AudioCapabilities: Unsupported mime audio/x-ima
09-02 12:56:28.926 27443 27473 W VideoCapabilities: Unrecognized profile 2130706433 for video/avc
09-02 12:56:28.926 27443 27473 W VideoCapabilities: Unrecognized profile 2130706434 for video/avc
09-02 12:56:28.927 27443 27473 W VideoCapabilities: Unrecognized profile 2130706433 for video/avc
09-02 12:56:28.927 27443 27473 W VideoCapabilities: Unrecognized profile 2130706434 for video/avc
09-02 12:56:28.930  3979  3979 D CustomFrequencyManagerService: releaseDVFSLockLocked : Getting Lock type frm List : DVFS_MIN_LIMIT  frequency : 1560000  uid : 1000  pid : 3979  tag : AMS_RESUME_TAIL@CPU_MIN@14
09-02 12:56:28.946 27526 27565 E GeckoLibLoad: Loaded libs in 25.205500ms total, 4ms(4ms) user, 20ms(20ms) system, 0(0) faults
09-02 12:56:28.946 27526 27565 W GeckoThread: zerdatime 97370378 - runGecko
09-02 12:56:28.948 27443 27473 W VideoCapabilities: Unsupported mime video/wvc1
09-02 12:56:28.950 27443 27473 W VideoCapabilities: Unsupported mime video/x-ms-wmv
09-02 12:56:28.956 27443 27473 W VideoCapabilities: Unrecognized profile 2130706433 for video/avc
09-02 12:56:28.956 27443 27473 W VideoCapabilities: Unrecognized profile 2130706434 for video/avc
09-02 12:56:28.959 27443 27473 W VideoCapabilities: Unsupported mime video/avc-wfd
09-02 12:56:28.981 27443 27473 I VideoCapabilities: Unsupported profile 4 for video/mp4v-es
09-02 12:56:28.997 27443 27473 W VideoCapabilities: Unrecognized profile/level 1/32 for video/mp4v-es
09-02 12:56:28.997 27443 27473 W VideoCapabilities: Unrecognized profile/level 32768/2 for video/mp4v-es
09-02 12:56:28.997 27443 27473 W VideoCapabilities: Unrecognized profile/level 32768/64 for video/mp4v-es
09-02 12:56:28.999 27443 27473 W VideoCapabilities: Unsupported mime video/wvc1
09-02 12:56:29.000 27443 27473 W VideoCapabilities: Unsupported mime video/x-ms-wmv
09-02 12:56:29.001 27443 27473 W VideoCapabilities: Unsupported mime video/x-ms-wmv7
09-02 12:56:29.003 27443 27473 W VideoCapabilities: Unsupported mime video/x-ms-wmv8
09-02 12:56:29.004 27443 27473 W VideoCapabilities: Unsupported mime video/mp43
09-02 12:56:29.019 27608 27668 D libGLESv2: STS_GLApi : DTS, ODTC are not allowed for Package : org.mozilla.firefox:gpu
09-02 12:56:29.024 27608 27620 V Surface : sf_framedrop debug : 0x4f4c, game : false, logging : 0
09-02 12:56:29.027 27608 27668 D mali_winsys: EGLint new_window_surface(egl_winsys_display *, void *, EGLSurface, EGLConfig, egl_winsys_surface **, egl_color_buffer_format *, EGLBoolean) returns 0x3000,  [720x1238]-format:2
09-02 12:56:29.031 27443 27473 I GeckoSession: zerdatime 97370463 - chrome startup finished
09-02 12:56:29.042 27443 27646 I libglean_ffi: glean_core::upload: Ping c5944595-1109-43f0-93fd-839f2ecd32ce successfully sent 200.
09-02 12:56:29.043 27443 27443 I GeckoSession: handleMessage GeckoView:PageStart uri=
09-02 12:56:29.044 27443 27646 I libglean_ffi: glean_core::upload::directory: File was deleted /data/user/0/org.mozilla.firefox/glean_data/pending_pings/c5944595-1109-43f0-93fd-839f2ecd32ce
09-02 12:56:29.046 27443 27646 I libglean_ffi: glean_core::upload: No more pings to upload! You are done.
09-02 12:56:29.046 27443 27443 I GeckoSession: handleMessage GeckoView:PageStop uri=null
09-02 12:56:29.051 27443 27572 I WM-WorkerWrapper: Worker result SUCCESS for Work [ id=3c98befb-21e8-4b64-a059-574f80eedd9c, tags={ mozilla.telemetry.glean.scheduler.PingUploadWorker, mozac_service_glean_ping_upload_worker } ]
09-02 12:56:29.056 27443 27443 D ConnectivityManager: unregisterNetworkCallback; CallingUid : 10154, CallingPid : 27443
09-02 12:56:29.057  3979  4180 D ConnectivityService: releasing NetworkRequest [ TRACK_DEFAULT id=700, [ Capabilities: INTERNET&NOT_RESTRICTED&TRUSTED&NOT_VPN] ] (CALLBACK_RELEASED)
09-02 12:56:29.057  3979  4180 D ConnectivityService:  Removing from current network NetworkAgentInfo [WIFI () - 502], leaving 18 requests.
09-02 12:56:29.058  3979  4180 D ConnectivityService: sending notification RELEASED for NetworkRequest [ TRACK_DEFAULT id=700, [ Capabilities: INTERNET&NOT_RESTRICTED&TRUSTED&NOT_VPN] ]
09-02 12:56:29.071  3614  3927 D DnsProxyListener: DNSDBG::dns addrinfo af 2
09-02 12:56:29.072  3614  3927 D DnsProxyListener: DNSDBG::dns addrinfo af 2
09-02 12:56:29.073 27443 27443 I GeckoSession: handleMessage GeckoView:PageStart uri=
09-02 12:56:29.074  3614  3927 D DnsProxyListener: DNSDBG::dns addrinfo af 2
09-02 12:56:29.075  3614  3927 D DnsProxyListener: DNSDBG::dns addrinfo af 2
09-02 12:56:29.076 27443 27443 I zygote64: Deoptimizing java.lang.Object mozilla.components.support.ktx.kotlinx.coroutines.flow.FlowKt$filterChanged$1.invokeSuspend(java.lang.Object) due to JIT inline cache
09-02 12:56:29.078  3979  4111 D MdnieScenarioControlService:  packageName : org.mozilla.firefox    className : org.mozilla.fenix.HomeActivity
09-02 12:56:29.078  3979  4111 V MdnieScenarioControlService: setUIMode from UI function(3)
09-02 12:56:29.100  3614  3927 D DnsProxyListener: DNSDBG::dns addrinfo af 2
09-02 12:56:29.108  3614  3927 I chatty  : uid=0(root) /system/bin/netd identical 1 line
09-02 12:56:29.117  3614  3927 D DnsProxyListener: DNSDBG::dns addrinfo af 2
09-02 12:56:29.125  3462  3462 I SurfaceFlinger: Display 0 HWC layers:
09-02 12:56:29.125  3462  3462 I SurfaceFlinger:     type    |    handle    | flag |  format   |   source crop (l,t,r,b)    |         frame       | name 
09-02 12:56:29.125  3462  3462 I SurfaceFlinger: ------------+--------------+------+-----------+----------------------------+---------------------+------
09-02 12:56:29.125  3462  3462 I SurfaceFlinger:      Device | 0x7abdc74c40 | 0000 | RGBx_8888 |   0.0    0.0  720.0 1140.0 |    0  140  720 1280 | SurfaceView - org.mozilla.firefox/org.mozilla.fenix.HomeActivity@a5b58b4@0#0
09-02 12:56:29.125  3462  3462 I SurfaceFlinger:      Device | 0x7abe64bf80 | 0000 | RGBA_8888 |   0.0    0.0  720.0 1280.0 |    0    0  720 1280 | org.mozilla.firefox/org.mozilla.fenix.HomeActivity#0
09-02 12:56:29.125  3462  3462 I SurfaceFlinger:      Device | 0x7ac4c25140 | 0000 | RGBA_8888 |   0.0    0.0  720.0   42.0 |    0    0  720   42 | StatusBar#0
09-02 12:56:29.125  3462  3462 I SurfaceFlinger: 
09-02 12:56:29.140  3614  3927 D DnsProxyListener: DNSDBG::dns addrinfo af 2
09-02 12:56:29.142  3614  3927 D DnsProxyListener: DNSDBG::dns addrinfo af 2
09-02 12:56:29.165 27443 27473 D GeckoIdleService: Registering Idle observer callback
09-02 12:56:29.166 27443 27473 D GeckoIdleService: Register idle observer 0x7c2da1a400 for 180 seconds
09-02 12:56:29.166 27443 27473 D GeckoIdleService: Register: adjusting next switch from -1 to 180 seconds
09-02 12:56:29.166 27443 27473 D GeckoIdleService: next timeout 180000 msec from now
09-02 12:56:29.166 27443 27473 D GeckoIdleService: SetTimerExpiryIfBefore: next timeout 180000 msec from now
09-02 12:56:29.166 27443 27473 D GeckoIdleService: reset timer expiry to 180010 msec from now
09-02 12:56:29.174 27443 27473 D GeckoIdleService: Register idle observer 0x7c0b7fe168 for 5 seconds
09-02 12:56:29.174 27443 27473 D GeckoIdleService: Register: adjusting next switch from 180 to 5 seconds
09-02 12:56:29.174 27443 27473 D GeckoIdleService: next timeout 4991 msec from now
09-02 12:56:29.174 27443 27473 D GeckoIdleService: SetTimerExpiryIfBefore: next timeout 4991 msec from now
09-02 12:56:29.174 27443 27473 D GeckoIdleService: reset timer expiry to 5001 msec from now
09-02 12:56:29.307 27443 27443 I zygote64: Deoptimizing int mozilla.components.browser.state.state.TabSessionState.hashCode() due to JIT inline cache
09-02 12:56:29.338 27443 27448 I zygote64: Do partial code cache collection, code=504KB, data=267KB
09-02 12:56:29.339 27443 27448 I zygote64: After code cache collection, code=496KB, data=264KB
09-02 12:56:29.339 27443 27448 I zygote64: Increasing code cache capacity to 2MB
09-02 12:56:29.344  4962  4962 D io_stats: !@ 179,0 r 605868 18340732 w 391745 8379292 d 41344 19347200 f 107616 109999 iot 491408 413175 th 51200 0 0 pt 0 inp 0 0 42722.589
09-02 12:56:29.445  3979  3979 D PreBindingService: handleMessage : 1
09-02 12:56:29.548  3979  3979 D PreBindingService: handleMessage : 1
09-02 12:56:29.606  3449  3449 I android.hardware.wifi@1.0-service: getLinkLayerStats
09-02 12:56:29.808  3614  3927 D DnsProxyListener: DNSDBG::dns addrinfo af 2
09-02 12:56:29.809  3614  3927 I chatty  : uid=0(root) /system/bin/netd identical 1 line
09-02 12:56:29.826  3614  3927 D DnsProxyListener: DNSDBG::dns addrinfo af 2
09-02 12:56:30.010  3979  4051 D SensorService: [SO] 0.115 -0.364 9.859
09-02 12:56:30.070  3614  3927 D DnsProxyListener: DNSDBG::dns addrinfo af 2
09-02 12:56:30.071  3614  3927 D DnsProxyListener: DNSDBG::dns addrinfo af 2
09-02 12:56:30.268 27443 27443 I zygote64: Deoptimizing kotlin.coroutines.CoroutineContext kotlinx.coroutines.CoroutineContextKt.newCoroutineContext(kotlinx.coroutines.CoroutineScope, kotlin.coroutines.CoroutineContext) due to JIT inline cache
09-02 12:56:30.441  3614  3927 D DnsProxyListener: DNSDBG::dns addrinfo af 2
09-02 12:56:30.587  3614  3927 I chatty  : uid=0(root) /system/bin/netd identical 1 line
09-02 12:56:30.648  3614  3927 D DnsProxyListener: DNSDBG::dns addrinfo af 2
09-02 12:56:30.940  3979  4673 D ConnectivityService: filterNetworkStateForUid() uid: 10025 networkInfo: [type: WIFI[] - WIFI, state: CONNECTED/CONNECTED, reason: (unspecified), extra: "WiFi 69", failover: false, available: true, roaming: false, metered: false]
09-02 12:56:31.286 27443 27795 I zygote64: Deoptimizing void kotlinx.coroutines.DispatchedTask.run() due to JIT inline cache
09-02 12:56:31.294 27443 27796 I zygote64: Deoptimizing boolean kotlin.sequences.FlatteningSequence$iterator$1.ensureItemIterator() due to JIT inline cache
09-02 12:56:31.318  3614  3927 D DnsProxyListener: DNSDBG::dns addrinfo af 2
09-02 12:56:31.356  3979  4673 D BatteryService: !@BatteryListener : batteryPropertiesChanged!
09-02 12:56:31.357  3979  4673 D BatteryService: level:100, scale:100, status:5, health:2, present:true, voltage: 4257, temperature: 275, technology: Li-ion, AC powered:false, USB powered:true, POGO powered:false, Wireless powered:false, icon:17303834, invalid charger:0, maxChargingCurrent:0, maxChargingVoltage:0, chargeCounter:0
09-02 12:56:31.357  3979  4673 D BatteryService: online:4, current avg:-73, charge type:1, power sharing:false, high voltage charger:false, capacity:280000, batterySWSelfDischarging:false, misc_event:0, current_event:0, current_now:-324
09-02 12:56:31.357  3979  3979 D BatteryService: Sending ACTION_BATTERY_CHANGED.
09-02 12:56:31.358  3979  3979 D SamsungPhoneWindowManager: ACTION_BATTERY_CHANGED - Level :: 100, battStatus :: 5
09-02 12:56:31.358  3979  3979 I MotionRecognitionService: Plugged
09-02 12:56:31.359  3979  3979 D MotionRecognitionService:   mCableConnection= 1
09-02 12:56:31.359  3979  3979 D MotionRecognitionService: setPowerConnected : mGripEnabled = false
09-02 12:56:31.359  3979  4002 D UsbDeviceManager: handleMessage -> MSG_UPDATE_CHARGING_STATE = 1
09-02 12:56:31.360  4349  4349 D KeyguardUpdateMonitor: received broadcast android.intent.action.BATTERY_CHANGED
09-02 12:56:31.361  4349  4349 D BatteryController: onReceive-ACTION_BATTERY_CHANGED : mLevel=100, mBatteryStatus=5
09-02 12:56:31.364  4349  4349 D PowerUI : priorPlugType = 2 mPlugType =  2
09-02 12:56:31.433  4349  4349 D KeyguardUpdateMonitor: handleStatusBarState( false )
09-02 12:56:31.800 14031 14031 E adbd    : recv: OPEN 0001e291 00000000 0076:73 68 65 6C 6C 2C 76 32 2C 54 45 52 4D 3D 78 74 65 72 6D 2D 32 35 36 63 6F 6C 6F 72 2C 72 61 77 3A 64 75 6D 70 73 79 73 20 61 63 74 69 76 69 74 79 20 72 65 63 65 6E 74 73 20 7C 20 67 72 65 70 20 22 52 65 63 65 6E 74 20 23 30 22 20 7C 20 63 75 74 20 2D 64 20 22 3D 22 20 2D 66 32 20 7C 20 67 72 65 70 20 2D 6F 20 2D 70 20 22 5B 61 2D 7A 7C 2E 5D 2A 22 00 
09-02 12:56:31.801 14031 14031 E adbd    : service_to_fd: shell,v2,TERM=xterm-256color,raw:dumpsys activity recents | grep "Recent #0" | cut -d "=" -f2 | grep -o -p "[a-z|.]*"
09-02 12:56:31.898 14031 14031 E adbd    : recv: OPEN 0001e294 00000000 0042:73 68 65 6C 6C 2C 76 32 2C 54 45 52 4D 3D 78 74 65 72 6D 2D 32 35 36 63 6F 6C 6F 72 2C 72 61 77 3A 67 65 74 70 72 6F 70 20 72 6F 2E 62 75 69 6C 64 2E 76 65 72 73 69 6F 6E 2E 72 65 6C 65 61 73 65 00 
09-02 12:56:31.898 14031 14031 E adbd    : service_to_fd: shell,v2,TERM=xterm-256color,raw:getprop ro.build.version.release
09-02 12:56:31.965 14031 14031 E adbd    : recv: OPEN 0001e297 00000000 003e:73 68 65 6C 6C 2C 76 32 2C 54 45 52 4D 3D 78 74 65 72 6D 2D 32 35 36 63 6F 6C 6F 72 2C 72 61 77 3A 67 65 74 70 72 6F 70 20 72 6F 2E 62 75 69 6C 64 2E 76 65 72 73 69 6F 6E 2E 73 64 6B 00 
09-02 12:56:31.965 14031 14031 E adbd    : service_to_fd: shell,v2,TERM=xterm-256color,raw:getprop ro.build.version.sdk
09-02 12:56:32.000  3614  3927 D DnsProxyListener: DNSDBG::dns addrinfo af 2
09-02 12:56:32.025  3979  4673 D ConnectivityService: filterNetworkStateForUid() uid: 10154 networkInfo: [type: WIFI[] - WIFI, state: CONNECTED/CONNECTED, reason: (unspecified), extra: "WiFi 69", failover: false, available: true, roaming: false, metered: false]
09-02 12:56:32.034  3979  4673 D ConnectivityService: filterNetworkStateForUid() uid: 10154 networkInfo: [type: WIFI[] - WIFI, state: CONNECTED/CONNECTED, reason: (unspecified), extra: "WiFi 69", failover: false, available: true, roaming: false, metered: false]
09-02 12:56:32.053 14031 14031 E adbd    : recv: OPEN 0001e29a 00000000 0034:73 68 65 6C 6C 2C 76 32 2C 54 45 52 4D 3D 78 74 65 72 6D 2D 32 35 36 63 6F 6C 6F 72 2C 72 61 77 3A 69 6E 70 75 74 20 74 61 70 20 35 35 30 20 31 35 30 30 00 
09-02 12:56:32.053 14031 14031 E adbd    : service_to_fd: shell,v2,TERM=xterm-256color,raw:input tap 550 1500
09-02 12:56:32.222  3614  3927 D DnsProxyListener: DNSDBG::dns addrinfo af 2
09-02 12:56:32.224  3614  3927 I chatty  : uid=0(root) /system/bin/netd identical 2 lines
09-02 12:56:32.228  3614  3927 D DnsProxyListener: DNSDBG::dns addrinfo af 2
09-02 12:56:32.244 27443 27443 I GeckoSession: handleMessage GeckoView:PageStop uri=null
09-02 12:56:32.248  3614  3927 D DnsProxyListener: DNSDBG::dns addrinfo af 2
09-02 12:56:32.251  3614  3927 D DnsProxyListener: DNSDBG::dns addrinfo af 2
09-02 12:56:32.253 27443 27494 I SessionStorage/AutoSave: Save: Load finished
09-02 12:56:32.253 27443 27494 I zygote64: Deoptimizing void kotlinx.coroutines.AbstractCoroutine.<init>(kotlin.coroutines.CoroutineContext, boolean) due to JIT inline cache
09-02 12:56:32.254 27443 27494 I zygote64: Deoptimizing kotlin.coroutines.CoroutineContext kotlin.coroutines.CoroutineContext$Element$DefaultImpls.plus(kotlin.coroutines.CoroutineContext$Element, kotlin.coroutines.CoroutineContext) due to JIT inline cache
09-02 12:56:32.256  3614  3927 D DnsProxyListener: DNSDBG::dns addrinfo af 2
09-02 12:56:32.481  3614  3927 I chatty  : uid=0(root) /system/bin/netd identical 11 lines
09-02 12:56:32.566  3614  3927 D DnsProxyListener: DNSDBG::dns addrinfo af 2
09-02 12:56:32.611  3449  3449 I android.hardware.wifi@1.0-service: getLinkLayerStats
09-02 12:56:32.656 27818 27818 W ADebug  : Failed to get property persist.sys.media.traces
09-02 12:56:32.660 27818 27818 E appproc : Enhanced Zygote ASLR: ro.knox.enhance.zygote.aslr != 1. Enhanced Zygote ASLR is DISABLED!
09-02 12:56:32.660 27818 27818 D AndroidRuntime: >>>>>> START com.android.internal.os.RuntimeInit uid 2000 <<<<<<
09-02 12:56:32.663 27818 27818 D SecNativeFeatureCppIf: encoded
09-02 12:56:32.664 27818 27818 D SecNativeFeatureCppIf: decoding and unzip finish
09-02 12:56:32.664 27818 27818 D SecNativeFeatureCppIf: use unCompDataBuff. encoded
09-02 12:56:32.664 27818 27818 D SecNativeFeatureCppIf: Free unCompDataBuff
09-02 12:56:32.664 27818 27818 D SecNativeFeatureCppIf: encoded
09-02 12:56:32.664 27818 27818 D SecNativeFeatureCppIf: decoding and unzip finish
09-02 12:56:32.664 27818 27818 D SecNativeFeatureCppIf: use unCompDataBuff. encoded
09-02 12:56:32.664 27818 27818 D SecNativeFeatureCppIf: Free unCompDataBuff
09-02 12:56:32.664 27818 27818 D SecNativeFeatureCppIf: encoded
09-02 12:56:32.664 27818 27818 D SecNativeFeatureCppIf: decoding and unzip finish
09-02 12:56:32.664 27818 27818 D SecNativeFeatureCppIf: use unCompDataBuff. encoded
09-02 12:56:32.664 27818 27818 D SecNativeFeatureCppIf: Free unCompDataBuff
09-02 12:56:32.664 27818 27818 D SecNativeFeatureCppIf: encoded
09-02 12:56:32.664 27818 27818 D SecNativeFeatureCppIf: decoding and unzip finish
09-02 12:56:32.664 27818 27818 D SecNativeFeatureCppIf: use unCompDataBuff. encoded
09-02 12:56:32.665 27818 27818 D SecNativeFeatureCppIf: Free unCompDataBuff
09-02 12:56:32.769  3614  3927 D DnsProxyListener: DNSDBG::dns addrinfo af 2
09-02 12:56:32.781 27818 27818 D ICU     : Timezone override file found: /data/misc/zoneinfo/current/icu/icu_tzdata.dat
09-02 12:56:32.788 27443 27443 W GeckoSession: No history entries found.
09-02 12:56:32.797 27818 27818 I app_process: find the special shared library, skip check
09-02 12:56:32.843 27818 27818 D SemCscFeature: Encoded
09-02 12:56:32.846 27818 27818 I chatty  : uid=2000(shell) identical 2 lines
09-02 12:56:32.848 27818 27818 D SemCscFeature: Encoded
09-02 12:56:32.850 27818 27818 E SemAffinityControl: SemAffinityControl: registerfunction enter
09-02 12:56:32.856 27818 27818 D AndroidRuntime: Calling main entry com.android.commands.input.Input
09-02 12:56:32.862 27818 27818 I Input   : injectMotionEvent: MotionEvent { action=ACTION_DOWN, actionButton=0, id[0]=0, x[0]=550.0, y[0]=1500.0, toolType[0]=TOOL_TYPE_UNKNOWN, buttonState=0, metaState=0, flags=0x0, edgeFlags=0x0, pointerCount=1, historySize=0, eventTime=42726103, downTime=42726103, deviceId=3, source=0x1002 }
09-02 12:56:32.862  3979  5964 D InputDispatcher: Inject motion (27818): action=0x0, eventTime=42726103000000, displayId=0
09-02 12:56:32.862  3979  4081 I InputDispatcher: Dropping event because there is no touchable window at (550, 1500).
09-02 12:56:32.863  3979  5964 W InputManager: Input event injection from pid 27818 failed.
09-02 12:56:32.863 27818 27818 I Input   : injectMotionEvent: MotionEvent { action=ACTION_UP, actionButton=0, id[0]=0, x[0]=550.0, y[0]=1500.0, toolType[0]=TOOL_TYPE_UNKNOWN, buttonState=0, metaState=0, flags=0x0, edgeFlags=0x0, pointerCount=1, historySize=0, eventTime=42726103, downTime=42726103, deviceId=3, source=0x1002 }
09-02 12:56:32.864  3979  5964 D InputDispatcher: Inject motion (27818): action=0x1, eventTime=42726103000000, displayId=0
09-02 12:56:32.864  3979  5964 W InputManager: Input event injection from pid 27818 failed.
09-02 12:56:32.865 27818 27818 D AndroidRuntime: Shutting down VM
09-02 12:56:32.960 14031 14031 E adbd    : recv: OPEN 0001e29d 00000000 0042:73 68 65 6C 6C 2C 76 32 2C 54 45 52 4D 3D 78 74 65 72 6D 2D 32 35 36 63 6F 6C 6F 72 2C 72 61 77 3A 67 65 74 70 72 6F 70 20 72 6F 2E 62 75 69 6C 64 2E 76 65 72 73 69 6F 6E 2E 72 65 6C 65 61 73 65 00 
09-02 12:56:32.961 14031 14031 E adbd    : service_to_fd: shell,v2,TERM=xterm-256color,raw:getprop ro.build.version.release
09-02 12:56:33.024 14031 14031 E adbd    : recv: OPEN 0001e2a0 00000000 003e:73 68 65 6C 6C 2C 76 32 2C 54 45 52 4D 3D 78 74 65 72 6D 2D 32 35 36 63 6F 6C 6F 72 2C 72 61 77 3A 67 65 74 70 72 6F 70 20 72 6F 2E 62 75 69 6C 64 2E 76 65 72 73 69 6F 6E 2E 73 64 6B 00 
09-02 12:56:33.024 14031 14031 E adbd    : service_to_fd: shell,v2,TERM=xterm-256color,raw:getprop ro.build.version.sdk
09-02 12:56:33.041  3614  3927 D DnsProxyListener: DNSDBG::dns addrinfo af 2
09-02 12:56:33.044  3614  3927 D DnsProxyListener: DNSDBG::dns addrinfo af 2
09-02 12:56:33.094 14031 14031 E adbd    : recv: OPEN 0001e2a3 00000000 0102:73 68 65 6C 6C 2C 76 32 2C 54 45 52 4D 3D 78 74 65 72 6D 2D 32 35 36 63 6F 6C 6F 72 2C 72 61 77 3A 61 6D 20 73 74 61 72 74 2D 66 6F 72 65 67 72 6F 75 6E 64 2D 73 65 72 76 69 63 65 20 2D 6E 20 22 63 6F 6D 2E 65 78 61 6D 70 6C 65 2E 62 61 74 74 65 72 79 6D 61 6E 61 67 65 72 5F 75 74 69 6C 69 74 79 2F 63 6F 6D 2E 65 78 61 6D 70 6C 65 2E 62 61 74 74 65 72 79 6D 61 6E 61 67 65 72 5F 75 74 69 6C 69 74 79 2E 44 61 74 61 43 6F 6C 6C 65 63 74 69 6F 6E 53 65 72 76 69 63 65 22 20 2D 2D 65 69 20 73 61 6D 70 6C 65 52 61 74 65 20 31 30 30 20 2D 2D 65 73 20 22 64 61 74 61 46 69 65 6C 64 73 22 20 22 42 41 54 54 45 52 59 5F 50 52 4F 50 45 52 54 59 5F 43 55 52 52 45 4E 54 5F 4E 4F 57 2C 45 58 54 52 41 5F 56 4F 4C 54 41 47 45 22 20 2D 2D 65 7A 20 74 6F 43 53 56 20 66 61 6C 73 65 00 
09-02 12:56:33.094 14031 14031 E adbd    : service_to_fd: shell,v2,TERM=xterm-256color,raw:am start-foreground-service -n "com.example.batterymanager_utility/com.example.batterymanager_utility.DataCollectionService" --ei sampleRate 100 --es "dataFields" "BATTERY_PROPERTY_CURRENT_NOW,EXTRA_VOLTAGE" --ez toCSV false
09-02 12:56:33.159 27401 27401 I BatteryMgr:DataCollectionService: onStartCommand: begin
09-02 12:56:33.160 27401 27401 I BatteryMgr:DataCollectionService: onStartCommand: sampleRate => 100
09-02 12:56:33.160 27401 27401 I BatteryMgr:DataCollectionService: onStartCommand: rawFields => Timestamp,BATTERY_PROPERTY_CURRENT_NOW,EXTRA_VOLTAGE
09-02 12:56:33.162 27401 27401 I BatteryMgr:DataCollectionService: onStartCommand: notification done
09-02 12:56:33.164 27401 27401 D Notification: allPendingIntents
09-02 12:56:33.165 27401 27401 I BatteryMgr:DataCollectionService: started foreground
09-02 12:56:33.166  3979  3995 D ApplicationPolicy: isStatusBarNotificationAllowedAsUser: packageName = android,userId = 0
09-02 12:56:33.167  3979  3995 D API test: getContainerInfo: value is 
09-02 12:56:33.167  3979  3995 D ApplicationPolicy: isStatusBarNotificationAllowedAsUser: packageName = android,userId = 0
09-02 12:56:33.167  3979  3995 D API test: getContainerInfo: value is 
09-02 12:56:33.168  3979  3995 D ApplicationPolicy: isStatusBarNotificationAllowedAsUser: packageName = com.example.batterymanager_utility,userId = 0
09-02 12:56:33.168  3979  3995 D API test: getContainerInfo: value is 
09-02 12:56:33.168  3979  3995 D ApplicationPolicy: isStatusBarNotificationAllowedAsUser: packageName = com.example.batterymanager_utility,userId = 0
09-02 12:56:33.168  3979  3995 D API test: getContainerInfo: value is 
09-02 12:56:33.170  3979  3979 D AudioService: getStreamVolume 5 index 110
09-02 12:56:33.172  3979  5964 D Notification: allPendingIntents
09-02 12:56:33.173  3979  4673 D Notification: allPendingIntents
09-02 12:56:33.174  4349  4349 D StatusBar: addNotification key=0|android|40|null|1000 fullscreen:false
09-02 12:56:33.175  3979  3979 I AccessibilityManagerService: semOnLightNotification(null), bIsFlashOn : false
09-02 12:56:33.175  3979  3979 D AccessibilityManagerService: Can't use light notification
09-02 12:56:33.176  3979  3979 D AudioService: getStreamVolume 5 index 110
09-02 12:56:33.178  3979  4673 D Notification: allPendingIntents
09-02 12:56:33.179  3979  4673 D Notification: allPendingIntents
09-02 12:56:33.182  4349  4349 D StatusBar: addNotification key=0|com.example.batterymanager_utility|1|null|10157 fullscreen:false
09-02 12:56:33.182 27401 27864 I BatteryMgr:DataCollectionService: collectData: begin
09-02 12:56:33.187 27401 27864 I BatteryMgr:DataCollectionService: stats => 1693652193187,-324,4257
09-02 12:56:33.195 14031 14031 E adbd    : recv: OPEN 0001e2a6 00000000 0042:73 68 65 6C 6C 2C 76 32 2C 54 45 52 4D 3D 78 74 65 72 6D 2D 32 35 36 63 6F 6C 6F 72 2C 72 61 77 3A 67 65 74 70 72 6F 70 20 72 6F 2E 62 75 69 6C 64 2E 76 65 72 73 69 6F 6E 2E 72 65 6C 65 61 73 65 00 
09-02 12:56:33.195 14031 14031 E adbd    : service_to_fd: shell,v2,TERM=xterm-256color,raw:getprop ro.build.version.release
09-02 12:56:33.262 14031 14031 E adbd    : recv: OPEN 0001e2a9 00000000 003e:73 68 65 6C 6C 2C 76 32 2C 54 45 52 4D 3D 78 74 65 72 6D 2D 32 35 36 63 6F 6C 6F 72 2C 72 61 77 3A 67 65 74 70 72 6F 70 20 72 6F 2E 62 75 69 6C 64 2E 76 65 72 73 69 6F 6E 2E 73 64 6B 00 
09-02 12:56:33.262 14031 14031 E adbd    : service_to_fd: shell,v2,TERM=xterm-256color,raw:getprop ro.build.version.sdk
09-02 12:56:33.262 27443 27443 I zygote64: Deoptimizing void kotlinx.coroutines.internal.DispatchedContinuationKt.resumeCancellableWith(kotlin.coroutines.Continuation, java.lang.Object, kotlin.jvm.functions.Function1) due to JIT same target
09-02 12:56:33.278 27443 27443 I glean/Glean: Registering pings for org.mozilla.fenix.GleanMetrics.Pings
09-02 12:56:33.284 27443 27494 I FenixApplication: Running post-visual completeness tasks...
09-02 12:56:33.284 27443 27494 I FenixApplication: Storage initialization...
09-02 12:56:33.284 27443 27494 I PlacesHistoryStorage: Warming up places storage...
09-02 12:56:33.284 27443 27494 I PlacesHistoryStorage: 'Warming up places storage' took 0 ms
09-02 12:56:33.284 27443 27494 I PlacesBookmarksStorage: Warming up places storage...
09-02 12:56:33.285 27443 27494 I PlacesBookmarksStorage: 'Warming up places storage' took 0 ms
09-02 12:56:33.285 27443 27494 I SyncableLoginsStorage: Warming up storage...
09-02 12:56:33.285 27443 27494 I SyncableLoginsStorage: 'Warming up storage' took 0 ms
09-02 12:56:33.285 27443 27494 I AutofillCCAddressesStorage: Warming up storage...
09-02 12:56:33.285 27443 27494 I AutofillCCAddressesStorage: 'Warming up storage' took 0 ms
09-02 12:56:33.288  4349  4349 D KeyguardUpdateMonitor: handleStatusBarState( false )
09-02 12:56:33.294 27401 27864 I BatteryMgr:DataCollectionService: stats => 1693652193294,-324,4257
09-02 12:56:33.300  3979  4673 D ConnectivityService: filterNetworkStateForUid() uid: 10154 networkInfo: [type: WIFI[] - WIFI, state: CONNECTED/CONNECTED, reason: (unspecified), extra: "WiFi 69", failover: false, available: true, roaming: false, metered: false]
09-02 12:56:33.309 27443 27443 I ColdStartupDuration: COLD VIEW Application.<init> to first frame: 1446 ms
09-02 12:56:33.309 27443 27443 I FenixApplication: Kicking-off account manager...
09-02 12:56:33.310 27443 27443 I FenixApplication: 'Kicking-off account manager' took 0 ms
09-02 12:56:33.317 27443 27880 I nimbus::nimbus_client: fetching experiments
09-02 12:56:33.318 27443 27880 I viaduct::backend: Using HTTP backend FFI (trusted)
09-02 12:56:33.319 27443 27880 I zygote64: Deoptimizing java.lang.Object com.sun.jna.Pointer.getValue(long, java.lang.Class, java.lang.Object) due to JIT inline cache
09-02 12:56:33.334 14031 14031 E adbd    : recv: OPEN 0001e2ac 00000000 0029:73 68 65 6C 6C 2C 76 32 2C 54 45 52 4D 3D 78 74 65 72 6D 2D 32 35 36 63 6F 6C 6F 72 2C 72 61 77 3A 64 61 74 65 20 2D 75 00 
09-02 12:56:33.334 14031 14031 E adbd    : service_to_fd: shell,v2,TERM=xterm-256color,raw:date -u
09-02 12:56:33.359  3614  3927 D DnsProxyListener: DNSDBG::dns addrinfo af 2
09-02 12:56:33.400 27401 27864 I BatteryMgr:DataCollectionService: stats => 1693652193399,-324,4257
09-02 12:56:33.404 27443 27453 I zygote64: Background concurrent copying GC freed 205710(6MB) AllocSpace objects, 6(276KB) LOS objects, 49% free, 6MB/12MB, paused 433us total 108.132ms
09-02 12:56:33.418 14031 14031 E adbd    : recv: OPEN 0001e2af 00000000 003e:73 68 65 6C 6C 2C 76 32 2C 54 45 52 4D 3D 78 74 65 72 6D 2D 32 35 36 63 6F 6C 6F 72 2C 72 61 77 3A 64 75 6D 70 73 79 73 20 63 70 75 69 6E 66 6F 20 7C 20 67 72 65 70 20 54 4F 54 41 4C 00 
09-02 12:56:33.418 14031 14031 E adbd    : service_to_fd: shell,v2,TERM=xterm-256color,raw:dumpsys cpuinfo | grep TOTAL
09-02 12:56:33.484 27443 27494 I FenixApplication: 'Storage initialization' took 199 ms
09-02 12:56:33.500 14031 14031 E adbd    : recv: OPEN 0001e2b2 00000000 003d:73 68 65 6C 6C 2C 76 32 2C 54 45 52 4D 3D 78 74 65 72 6D 2D 32 35 36 63 6F 6C 6F 72 2C 72 61 77 3A 64 75 6D 70 73 79 73 20 6D 65 6D 69 6E 66 6F 20 7C 20 67 72 65 70 20 55 73 65 64 00 
09-02 12:56:33.500 14031 14031 E adbd    : service_to_fd: shell,v2,TERM=xterm-256color,raw:dumpsys meminfo | grep Used
09-02 12:56:33.508 27401 27864 I BatteryMgr:DataCollectionService: stats => 1693652193508,-324,4257
09-02 12:56:33.613 27401 27864 I BatteryMgr:DataCollectionService: stats => 1693652193613,-324,4257
09-02 12:56:33.718 27401 27864 I BatteryMgr:DataCollectionService: stats => 1693652193718,-324,4257
09-02 12:56:33.830 27401 27864 I BatteryMgr:DataCollectionService: stats => 1693652193830,-324,4257
09-02 12:56:33.941 27401 27864 I BatteryMgr:DataCollectionService: stats => 1693652193941,-324,4257
09-02 12:56:34.052 27401 27864 I BatteryMgr:DataCollectionService: stats => 1693652194052,-324,4257
09-02 12:56:34.163 27401 27864 I BatteryMgr:DataCollectionService: stats => 1693652194163,-324,4257
09-02 12:56:34.176 27443 27473 D GeckoIdleService: Get idle time: time since reset 5010 msec
09-02 12:56:34.176 27443 27473 D GeckoIdleService: Idle timer callback: current idle time 5010 msec
09-02 12:56:34.176 27443 27473 D GeckoIdleService: next timeout 174989 msec from now
09-02 12:56:34.176 27443 27473 D GeckoIdleService: SetTimerExpiryIfBefore: next timeout 174989 msec from now
09-02 12:56:34.176 27443 27473 D GeckoIdleService: reset timer expiry to 174999 msec from now
09-02 12:56:34.176 27443 27473 D GeckoIdleService: Idle timer callback: tell observer 0x7c0b7fe168 user is idle
09-02 12:56:34.274 27401 27864 I BatteryMgr:DataCollectionService: stats => 1693652194274,-324,4257
09-02 12:56:34.348  4962  4962 D io_stats: !@ 179,0 r 605893 18340864 w 392059 8385108 d 41359 19347636 f 107635 110018 iot 491556 413317 th 51200 0 0 pt 0 inp 0 0 42727.592
09-02 12:56:34.388 27401 27864 I BatteryMgr:DataCollectionService: stats => 1693652194388,-324,4257
09-02 12:56:34.499 27401 27864 I BatteryMgr:DataCollectionService: stats => 1693652194499,-324,4257
09-02 12:56:34.556  3979  6899 D SSRM:G  : SIOP:: AP = 320, PST = 301 (W:12), BAT = 275, USB = 0, CHG = 0
09-02 12:56:34.611 27401 27864 I BatteryMgr:DataCollectionService: stats => 1693652194611,-324,4257
09-02 12:56:34.722 27401 27864 I BatteryMgr:DataCollectionService: stats => 1693652194722,-324,4257
09-02 12:56:34.836 27401 27864 I BatteryMgr:DataCollectionService: stats => 1693652194835,-324,4257
09-02 12:56:34.946 27401 27864 I BatteryMgr:DataCollectionService: stats => 1693652194946,-324,4257
09-02 12:56:35.057 27401 27864 I BatteryMgr:DataCollectionService: stats => 1693652195057,-324,4257
09-02 12:56:35.168 27401 27864 I BatteryMgr:DataCollectionService: stats => 1693652195168,-324,4257
09-02 12:56:35.279 27401 27864 I BatteryMgr:DataCollectionService: stats => 1693652195279,-324,4257
09-02 12:56:35.390 27401 27864 I BatteryMgr:DataCollectionService: stats => 1693652195390,-324,4257
09-02 12:56:35.496 27401 27864 I BatteryMgr:DataCollectionService: stats => 1693652195495,-324,4257
09-02 12:56:35.606 27401 27864 I BatteryMgr:DataCollectionService: stats => 1693652195606,-324,4257
09-02 12:56:35.617  3449  3449 I android.hardware.wifi@1.0-service: getLinkLayerStats
09-02 12:56:35.717 27401 27864 I BatteryMgr:DataCollectionService: stats => 1693652195717,-324,4257
09-02 12:56:35.830 27401 27864 I BatteryMgr:DataCollectionService: stats => 1693652195829,-324,4257
09-02 12:56:35.940 27401 27864 I BatteryMgr:DataCollectionService: stats => 1693652195940,-324,4257
09-02 12:56:36.051 27401 27864 I BatteryMgr:DataCollectionService: stats => 1693652196050,-324,4257
09-02 12:56:36.160 27401 27864 I BatteryMgr:DataCollectionService: stats => 1693652196160,-324,4257
09-02 12:56:36.271 27401 27864 I BatteryMgr:DataCollectionService: stats => 1693652196270,-324,4257
09-02 12:56:36.386 27401 27864 I BatteryMgr:DataCollectionService: stats => 1693652196386,-324,4257
09-02 12:56:36.492 27401 27864 I BatteryMgr:DataCollectionService: stats => 1693652196492,-324,4257
09-02 12:56:36.601 27401 27864 I BatteryMgr:DataCollectionService: stats => 1693652196601,-324,4257
09-02 12:56:36.711 27401 27864 I BatteryMgr:DataCollectionService: stats => 1693652196711,-324,4257
09-02 12:56:36.822 27401 27864 I BatteryMgr:DataCollectionService: stats => 1693652196822,-324,4257
09-02 12:56:36.932 27401 27864 I BatteryMgr:DataCollectionService: stats => 1693652196932,-324,4257
09-02 12:56:37.042 27401 27864 I BatteryMgr:DataCollectionService: stats => 1693652197042,-324,4257
09-02 12:56:37.052 14031 14031 E adbd    : recv: OPEN 0001e2b5 00000000 0029:73 68 65 6C 6C 2C 76 32 2C 54 45 52 4D 3D 78 74 65 72 6D 2D 32 35 36 63 6F 6C 6F 72 2C 72 61 77 3A 64 61 74 65 20 2D 75 00 
09-02 12:56:37.052 14031 14031 E adbd    : service_to_fd: shell,v2,TERM=xterm-256color,raw:date -u
09-02 12:56:37.061 14031 14031 E adbd    : recv: OPEN 0001e2b8 00000000 00bc:73 68 65 6C 6C 2C 76 32 2C 54 45 52 4D 3D 78 74 65 72 6D 2D 32 35 36 63 6F 6C 6F 72 2C 72 61 77 3A 61 6D 20 73 74 61 72 74 20 2D 61 20 61 6E 64 72 6F 69 64 2E 69 6E 74 65 6E 74 2E 61 63 74 69 6F 6E 2E 56 49 45 57 20 2D 6E 20 6F 72 67 2E 6D 6F 7A 69 6C 6C 61 2E 66 69 72 65 66 6F 78 2F 6F 72 67 2E 6D 6F 7A 69 6C 6C 61 2E 67 65 63 6B 6F 2E 42 72 6F 77 73 65 72 41 70 70 20 2D 64 20 68 74 74 70 3A 2F 2F 31 39 32 2E 31 36 38 2E 38 38 2E 31 37 37 3A 38 30 30 30 2F 53 6F 63 69 61 6C 2F 66 61 63 65 62 6F 6F 6B 2F 77 77 77 2E 66 61 63 65 62 6F 6F 6B 2E 63 6F 6D 2F 00 
09-02 12:56:37.061 14031 14031 E adbd    : service_to_fd: shell,v2,TERM=xterm-256color,raw:am start -a android.intent.action.VIEW -n org.mozilla.firefox/org.mozilla.gecko.BrowserApp -d http://192.168.88.177:8000/Social/facebook/www.facebook.com/
09-02 12:56:37.139 14031 14031 E adbd    : recv: OPEN 0001e2bb 00000000 003e:73 68 65 6C 6C 2C 76 32 2C 54 45 52 4D 3D 78 74 65 72 6D 2D 32 35 36 63 6F 6C 6F 72 2C 72 61 77 3A 64 75 6D 70 73 79 73 20 63 70 75 69 6E 66 6F 20 7C 20 67 72 65 70 20 54 4F 54 41 4C 00 
09-02 12:56:37.140 14031 14031 E adbd    : service_to_fd: shell,v2,TERM=xterm-256color,raw:dumpsys cpuinfo | grep TOTAL
09-02 12:56:37.150 27401 27864 I BatteryMgr:DataCollectionService: stats => 1693652197150,-324,4257
09-02 12:56:37.152  3979  4673 I ActivityManager: START u0 {act=android.intent.action.VIEW typ=null flg=0x10000000 cmp=ComponentInfo{org.mozilla.firefox/org.mozilla.gecko.BrowserApp}} from uid 2000
09-02 12:56:37.154  3979  4673 D CustomFrequencyManagerService: acquireDVFSLockLocked : type : DVFS_MIN_LIMIT  frequency : 1560000  uid : 1000  pid : 3979  pkgName : AMS_ACT_START@CPU_MIN@8
09-02 12:56:37.157  3979  4673 D ActivityManagerPerformance: AMP_acquire() ACT_START
09-02 12:56:37.168 27443 27443 D InputMethodManager: HSIFW - flag : 0 Pid : 27443
09-02 12:56:37.168  3979  4673 V InputMethodManagerService: Client requesting input be hidden, flags : 0
09-02 12:56:37.168  3979  4673 V InputMethodManagerService: hideCurrentInputLocked : shouldHideSoftInput is false
09-02 12:56:37.171  3979  3990 D ActivityManager: isScaleDownAnimationEnabled() : false
09-02 12:56:37.173  3979  3990 D PersonaManagerService: Current focused persona service handled id set to : 0
09-02 12:56:37.174  3979  3990 D InputDispatcher: Focused application set to: xxxx
09-02 12:56:37.174  3979  3990 D InputDispatcher: Focus left window: 27443
09-02 12:56:37.176  3979  4238 D GameManagerService: handleForegroundChange(). pkgName: org.mozilla.firefox, clsName: org.mozilla.fenix.IntentReceiverActivity,FgActivityName:org.mozilla.firefox/org.mozilla.fenix.IntentReceiverActivity
09-02 12:56:37.177  3979  4238 D GameManagerService:   handleForegroundChange(). same package. game has never resumed yet. ignore
09-02 12:56:37.177  3979  3990 D MARsPolicyManager: onPackageResumedFG pkgName = org.mozilla.firefox, userId = 0
09-02 12:56:37.195 27443 27494 I SessionStorage/AutoSave: Save: New tab selected
09-02 12:56:37.200  3979  4673 I ActivityManager: START u0 {act=android.intent.action.VIEW typ=null flg=0x0 cmp=ComponentInfo{org.mozilla.firefox/org.mozilla.fenix.HomeActivity}} from uid 10154
09-02 12:56:37.201 27443 27889 I zygote64: Deoptimizing boolean kotlinx.coroutines.JobSupport.isActive() due to JIT inline cache
09-02 12:56:37.206  3979  4673 D InputDispatcher: Focus entered window: 27443
09-02 12:56:37.219 27443 27443 D ViewRootImpl@3ae55cb[HomeActivity]: MSG_WINDOW_FOCUS_CHANGED 0
09-02 12:56:37.230 14031 14031 E adbd    : recv: OPEN 0001e2be 00000000 003d:73 68 65 6C 6C 2C 76 32 2C 54 45 52 4D 3D 78 74 65 72 6D 2D 32 35 36 63 6F 6C 6F 72 2C 72 61 77 3A 64 75 6D 70 73 79 73 20 6D 65 6D 69 6E 66 6F 20 7C 20 67 72 65 70 20 55 73 65 64 00 
09-02 12:56:37.230 14031 14031 E adbd    : service_to_fd: shell,v2,TERM=xterm-256color,raw:dumpsys meminfo | grep Used
09-02 12:56:37.234 27443 27443 I zygote64: Deoptimizing android.view.View mozilla.components.support.ktx.android.view.ViewKt.findViewInHierarchy(android.view.View, kotlin.jvm.functions.Function1) due to JIT inline cache
09-02 12:56:37.241 27443 27443 I zygote64: Deoptimizing java.util.ArrayList kotlin.collections.CollectionsKt___CollectionsKt.plus(java.lang.Iterable, java.util.Collection) due to JIT inline cache
