09-02 10:48:58.150  3979  4180 D ConnectivityService:  network has: [ Transports: WIFI Capabilities: NOT_METERED&INTERNET&NOT_RESTRICTED&TRUSTED&NOT_VPN&VALIDATED&FOREGROUND LinkUpBandwidth>=1048576Kbps LinkDnBandwidth>=1048576Kbps SignalStrength: -58]
09-02 10:48:58.150  3979  4180 D ConnectivityService: Network NetworkAgentInfo [WIFI () - 502] was already satisfying request 3. No change.
09-02 10:48:58.150  3979  4180 D ConnectivityService: Network NetworkAgentInfo [WIFI () - 502] was already satisfying request 1. No change.
09-02 10:48:58.150  3979  4180 D ConnectivityService: Network NetworkAgentInfo [WIFI () - 502] was already satisfying request 484. No change.
09-02 10:48:58.150  3979  4180 D ConnectivityService: Network NetworkAgentInfo [WIFI () - 502] was already satisfying request 443. No change.
09-02 10:48:58.150  3979  4180 D ConnectivityService: Network NetworkAgentInfo [WIFI () - 502] was already satisfying request 140. No change.
09-02 10:48:58.151  3979  4180 D ConnectivityService: sending notification AVAILABLE for NetworkRequest [ LISTEN id=509, [ Capabilities: INTERNET&NOT_RESTRICTED&TRUSTED&FOREGROUND] ]
09-02 10:48:58.151  3979 14776 D ConnectivityService: filterNetworkStateForUid() uid: 10096 networkInfo: [type: WIFI[] - WIFI, state: CONNECTED/CONNECTED, reason: (unspecified), extra: "WiFi 69", failover: false, available: true, roaming: false, metered: false]
09-02 10:48:58.151  3979  4180 D ConnectivityService: sending notification CAP_CHANGED for NetworkRequest [ LISTEN id=509, [ Capabilities: INTERNET&NOT_RESTRICTED&TRUSTED&FOREGROUND] ]
09-02 10:48:58.151  3979  4180 D ConnectivityService: sending notification IP_CHANGED for NetworkRequest [ LISTEN id=509, [ Capabilities: INTERNET&NOT_RESTRICTED&TRUSTED&FOREGROUND] ]
09-02 10:48:58.158  3979  9878 D SecContentProvider: query(), uri = 2 selection = isAuditLogEnabled
09-02 10:48:58.159  3979  9878 D SecContentProvider: called from com.android.chrome
09-02 10:48:58.160  3979  9878 D SecContentProvider: query(), uri = 5 selection = getAutoFillSetting
09-02 10:48:58.160  3979  9878 I chatty  : uid=1000(system) Binder:3979_1D identical 1 line
09-02 10:48:58.161  3979  9878 D SecContentProvider: query(), uri = 5 selection = getCookiesSetting
09-02 10:48:58.166  3979  9878 D SecContentProvider: called from com.android.chrome
09-02 10:48:58.167  3979  5964 D SecContentProvider: query(), uri = 5 selection = getHttpProxy
09-02 10:48:58.168  3979  5964 D SecContentProvider: called from com.android.chrome
09-02 10:48:58.169  3979 14776 D SecContentProvider: query(), uri = 5 selection = getJavaScriptSetting
09-02 10:48:58.169  3979 14776 D SecContentProvider: called from com.android.chrome
09-02 10:48:58.170 12715 12715 I cr_CompositorSurfaceMgr: Transitioning to surface with format: -1
09-02 10:48:58.170  3979 14776 D SecContentProvider: query(), uri = 5 selection = getPopupsSetting
09-02 10:48:58.171  3979 14776 D SecContentProvider: called from com.android.chrome
09-02 10:48:58.171  3462  3462 I SurfaceFlinger: id=1104 createSurf (720x1238),4 flag=404, SurfaceView - com.android.chrome/com.google.android.apps.chrome.Main@2ac0e00@0#0
09-02 10:48:58.172  3979  5964 D SecContentProvider: query(), uri = 22 selection = isAuthenticationEnabled
09-02 10:48:58.172  3462  3462 I SurfaceFlinger: id=1105 createSurf (720x1238),-1 flag=20404, Background for - SurfaceView - com.android.chrome/com.google.android.apps.chrome.Main@2ac0e00@0#0
09-02 10:48:58.172 12806 12828 I cr_LibraryLoader: Successfully loaded native library
09-02 10:48:58.172  3979  5964 D SecContentProvider: called from com.android.chrome
09-02 10:48:58.173 12715 12715 D SurfaceView: BG show() Surface(name=Background for - SurfaceView - com.android.chrome/com.google.android.apps.chrome.Main@2ac0e00@0) android.view.SurfaceView{2ac0e00 V.E...... ......ID 0,0-720,1238}
09-02 10:48:58.173 12715 12715 V Surface : sf_framedrop debug : 0x4f4c, game : false, logging : 0
09-02 10:48:58.173 12806 12828 I cr_CachingUmaRecorder: Flushed 3 samples from 3 histograms.
09-02 10:48:58.174 12715 12715 D SurfaceView: surfaceCreated 1 android.view.SurfaceView{2ac0e00 V.E...... ......ID 0,0-720,1238}
09-02 10:48:58.174 12715 12715 I cr_CompositorSurfaceMgr: surfaceCreated format: 0
09-02 10:48:58.174 12715 12715 D SurfaceView: surfaceChanged (720,1238) 1 android.view.SurfaceView{2ac0e00 V.E...... ......ID 0,0-720,1238}
09-02 10:48:58.180  3979 14776 D SecContentProvider: query(), uri = 10 selection = getURLFilterList
09-02 10:48:58.180  3979 14776 D SecContentProvider: called from com.android.chrome
09-02 10:48:58.181  3979  5964 D SecContentProvider: query(), uri = 10 selection = getURLFilterEnabled
09-02 10:48:58.182  3979  5964 D SecContentProvider: called from com.android.chrome
09-02 10:48:58.183  3979  5964 D SecContentProvider: query(), uri = 10 selection = getURLFilterReportEnabled
09-02 10:48:58.183  3979  5964 D SecContentProvider: called from com.android.chrome
09-02 10:48:58.184  3979 14776 D SecContentProvider: query(), uri = 2 selection = isAuditLogEnabled
09-02 10:48:58.185  3979 14776 D SecContentProvider: called from com.android.chrome
09-02 10:48:58.186  3979  5964 D SecContentProvider: query(), uri = 5 selection = getAutoFillSetting
09-02 10:48:58.187  3979  5964 D SecContentProvider: called from com.android.chrome
09-02 10:48:58.188  3979  5964 D SecContentProvider: query(), uri = 5 selection = getCookiesSetting
09-02 10:48:58.188  3979  5964 I chatty  : uid=1000(system) Binder:3979_F identical 1 line
09-02 10:48:58.189  3979  5964 D SecContentProvider: query(), uri = 5 selection = getHttpProxy
09-02 10:48:58.190  3979  5964 D SecContentProvider: called from com.android.chrome
09-02 10:48:58.191  3979 14776 D SecContentProvider: query(), uri = 5 selection = getJavaScriptSetting
09-02 10:48:58.192  3979 14776 D SecContentProvider: called from com.android.chrome
09-02 10:48:58.192 12715 12715 I cr_ChromeTabbedActivity: #initializeState
09-02 10:48:58.192 12715 12715 I cr_CipherFactory: #restoreFromBundle, no savedInstanceState.
09-02 10:48:58.193 12715 12715 I cr_tabmodel: #loadState, ignoreIncognitoFiles? true
09-02 10:48:58.193  3979  5964 D SecContentProvider: query(), uri = 5 selection = getPopupsSetting
09-02 10:48:58.193 12715 12715 I cr_tabmodel: Tab metadata, skipIncognitoCount? false incognitoCount: 0 totalCount: 34
09-02 10:48:58.193  3979  5964 D SecContentProvider: called from com.android.chrome
09-02 10:48:58.194 12715 12715 I cr_tabmodel: #isIncognitoTabBeingRestored from tabState:  false
09-02 10:48:58.194  3979 14776 D SecContentProvider: query(), uri = 22 selection = isAuthenticationEnabled
09-02 10:48:58.195  3979 14776 D SecContentProvider: called from com.android.chrome
09-02 10:48:58.198  3979 14776 D SecContentProvider: query(), uri = 10 selection = getURLFilterList
09-02 10:48:58.200  3979 14776 D SecContentProvider: query(), uri = 10 selection = getURLFilterEnabled
09-02 10:48:58.201  3979 14776 I chatty  : uid=1000(system) Binder:3979_20 identical 2 lines
09-02 10:48:58.202  3979 14776 D SecContentProvider: query(), uri = 10 selection = getURLFilterReportEnabled
09-02 10:48:58.202  3979 14776 D SecContentProvider: called from com.android.chrome
09-02 10:48:58.230 12715 12715 E ResourceType: Style contains key with bad entry: 0x0101062c
09-02 10:48:58.242 22051 22051 D BoundBrokerSvc: onBind: Intent { act=com.google.android.gms.languageprofile.service.START pkg=com.google.android.gms }
09-02 10:48:58.242 22051 22051 D BoundBrokerSvc: Loading bound service for intent: Intent { act=com.google.android.gms.languageprofile.service.START pkg=com.google.android.gms }
09-02 10:48:58.249  3979  5964 D ConnectivityService: filterNetworkStateForUid() uid: 10096 networkInfo: [type: WIFI[] - WIFI, state: CONNECTED/CONNECTED, reason: (unspecified), extra: "WiFi 69", failover: false, available: true, roaming: false, metered: false]
09-02 10:48:58.254 12806 12828 D libGLESv2: STS_GLApi : DTS, ODTC are not allowed for Package : com.android.chrome:privileged_process0
09-02 10:48:58.262  3979  5964 D SamsungAlarmManager: setInexact Intent (T:3/F:0/AC:false) 20330830T104858 - CU:10025/CP:22051
09-02 10:48:58.309 22051 22051 D BoundBrokerSvc: onBind: Intent { act=com.google.android.gms.safetynet.service.START pkg=com.google.android.gms }
09-02 10:48:58.309 22051 22051 D BoundBrokerSvc: Loading bound service for intent: Intent { act=com.google.android.gms.safetynet.service.START pkg=com.google.android.gms }
09-02 10:48:58.311 12750 12814 I cr_LibraryLoader: Successfully loaded native library
09-02 10:48:58.314 12750 12814 I cr_CachingUmaRecorder: Flushed 3 samples from 3 histograms.
09-02 10:48:58.343 12806 12828 V Surface : sf_framedrop debug : 0x4f4c, game : false, logging : 0
09-02 10:48:58.345  3979  5979 D SamsungAlarmManager: setExact Intent (T:3/F:0/AC:false) 20230902T104859 - CU:10025/CP:10264
09-02 10:48:58.345  3979  5979 I SamsungAlarmManager: setLocked to kernel - T:3 / 20230902T104859, SetElapsed=89720771, nowELAPSED=89719777
09-02 10:48:58.345 12806 12828 D mali_winsys: EGLint new_window_surface(egl_winsys_display *, void *, EGLSurface, EGLConfig, egl_winsys_surface **, egl_color_buffer_format *, EGLBoolean) returns 0x3000,  [720x1238]-format:1
09-02 10:48:58.352  3979  5979 D ConnectivityService: filterNetworkStateForUid() uid: 10025 networkInfo: [type: WIFI[] - WIFI, state: CONNECTED/CONNECTED, reason: (unspecified), extra: "WiFi 69", failover: false, available: true, roaming: false, metered: false]
09-02 10:48:58.353  3979  5979 D ConnectivityService: filterNetworkStateForUid() uid: 10025 networkInfo: [type: WIFI[] - WIFI, state: CONNECTED/CONNECTED, reason: (unspecified), extra: "WiFi 69", failover: false, available: true, roaming: false, metered: false]
09-02 10:48:58.359  3979 14776 D SamsungAlarmManager: Cancel Alarm calling from uid:10025 pid :10264 / op:PendingIntent{2532101: PendingIntentRecord{9212591 com.google.android.gms broadcastIntent}}
09-02 10:48:58.361  3979 14776 I SamsungAlarmManager: setLocked to kernel - T:3 / 20230902T104900, SetElapsed=89721432, nowELAPSED=89719793
09-02 10:48:58.362 10264 16954 I FontLog : Received query name=Google Sans&weight=700&besteffort=false, URI content://com.google.android.gms.fonts [CONTEXT service_id=132 ]
09-02 10:48:58.362 10264 16954 I FontLog : Query [name=Google Sans&weight=700&besteffort=false] resolved to {Google Sans, wdth 100.0, wght 700, ital 0.0, bestEffort false} [CONTEXT service_id=132 ]
09-02 10:48:58.364 10264 16954 I FontLog : Fetch {Google Sans, wdth 100.0, wght 700, ital 0.0, bestEffort false} end status Status{statusCode=SUCCESS, resolution=null} [CONTEXT service_id=132 ]
09-02 10:48:58.370 10264 16954 I FontLog : Pulling font file for id = 537, cache size = 7 [CONTEXT service_id=132 ]
09-02 10:48:58.378 10264 16954 I FontLog : Received query name=Noto Color Emoji Compat&weight=400&besteffort=false, URI content://com.google.android.gms.fonts [CONTEXT service_id=132 ]
09-02 10:48:58.379 10264 16954 I FontLog : Query [name=Noto Color Emoji Compat&weight=400&besteffort=false] resolved to {Noto Color Emoji Compat, wdth 100.0, wght 400, ital 0.0, bestEffort false} [CONTEXT service_id=132 ]
09-02 10:48:58.381 10264 16954 I FontLog : Fetch {Noto Color Emoji Compat, wdth 100.0, wght 400, ital 0.0, bestEffort false} end status Status{statusCode=SUCCESS, resolution=null} [CONTEXT service_id=132 ]
09-02 10:48:58.384 12715 12715 W ResourceType: Failure getting entry for 0x7f01032b (t=0 e=811) (error -75)
09-02 10:48:58.386 10264 16954 I FontLog : Pulling font file for id = 538, cache size = 5 [CONTEXT service_id=132 ]
09-02 10:48:58.394 10264 16954 I FontLog : Received query name=Google Sans&weight=400&besteffort=false, URI content://com.google.android.gms.fonts [CONTEXT service_id=132 ]
09-02 10:48:58.395 10264 16954 I FontLog : Query [name=Google Sans&weight=400&besteffort=false] resolved to {Google Sans, wdth 100.0, wght 400, ital 0.0, bestEffort false} [CONTEXT service_id=132 ]
09-02 10:48:58.397 10264 16954 I FontLog : Font PFD returned from cache for {Google Sans, wdth 100.0, wght 400, ital 0.0, bestEffort false} [CONTEXT service_id=132 ]
09-02 10:48:58.398 10264 16954 I FontLog : Fetch {Google Sans, wdth 100.0, wght 400, ital 0.0, bestEffort false} end status Status{statusCode=SUCCESS, resolution=null} [CONTEXT service_id=132 ]
09-02 10:48:58.401 12715 12715 W ResourceType: Failure getting entry for 0x7f0107ae (t=0 e=1966) (error -75)
09-02 10:48:58.402 12715 12715 W ResourceType: Failure getting entry for 0x7f010206 (t=0 e=518) (error -75)
09-02 10:48:58.402 10264 16954 I FontLog : Pulling font file for id = 539, cache size = 6 [CONTEXT service_id=132 ]
09-02 10:48:58.408 10264 16954 I FontLog : Received query name=Google Sans&weight=500&besteffort=false, URI content://com.google.android.gms.fonts [CONTEXT service_id=132 ]
09-02 10:48:58.408 10264 16954 I FontLog : Query [name=Google Sans&weight=500&besteffort=false] resolved to {Google Sans, wdth 100.0, wght 500, ital 0.0, bestEffort false} [CONTEXT service_id=132 ]
09-02 10:48:58.410 10264 16954 I FontLog : Font PFD returned from cache for {Google Sans, wdth 100.0, wght 500, ital 0.0, bestEffort false} [CONTEXT service_id=132 ]
09-02 10:48:58.410 10264 16954 I FontLog : Fetch {Google Sans, wdth 100.0, wght 500, ital 0.0, bestEffort false} end status Status{statusCode=SUCCESS, resolution=null} [CONTEXT service_id=132 ]
09-02 10:48:58.415 10264 16954 I FontLog : Pulling font file for id = 540, cache size = 7 [CONTEXT service_id=132 ]
09-02 10:48:58.418  3979  3988 I zygote64: Background concurrent copying GC freed 213548(10MB) AllocSpace objects, 112(2MB) LOS objects, 38% free, 37MB/61MB, paused 476us total 177.810ms
09-02 10:48:58.423 12715 12715 I cr_OfflineIndicator: onConnectionTypeChanged 2
09-02 10:48:58.424 12715 12715 I cr_OfflineIndicator: Reported by system: [ Transports: WIFI Capabilities: WIFI_P2P&NOT_RESTRICTED&TRUSTED&NOT_VPN LinkUpBandwidth>=1048576Kbps LinkDnBandwidth>=1048576Kbps]
09-02 10:48:58.425 12715 12715 I cr_OfflineIndicator: Reported by system: [ Transports: WIFI Capabilities: NOT_METERED&INTERNET&NOT_RESTRICTED&TRUSTED&NOT_VPN&VALIDATED&FOREGROUND LinkUpBandwidth>=1048576Kbps LinkDnBandwidth>=1048576Kbps SignalStrength: -58]
09-02 10:48:58.425  3979 10236 D SamsungAlarmManager: setInexact Intent (T:3/F:0/AC:false) 20230902T111215 - CU:10025/CP:10264
09-02 10:48:58.425 12715 12715 I cr_OfflineIndicator: setConnectionState connectionState=4
09-02 10:48:58.425 12715 12715 I cr_OfflineDetector: Running updateState mConnectivityDetectorInitialized: true, mTimeWhenLastForegrounded: 89719855, getElapsedTime: 89719857, mTimeWhenLastOfflineNotificationReceived: 0, mTimeWhenLastOnline: 89719857, mApplicationState: 1, mIsOfflineLastReportedByConnectivityDetector: false, mIsEffectivelyOffline: false
09-02 10:48:58.425 12715 12715 I cr_OfflineDetector: updateState(): timeSinceLastForeground: 2, timeSinceOfflineNotificationReceived: 89719857, timeSinceLastOnline: 0, timeNeededForForeground: 1998, timeNeededForOffline: -89717857
09-02 10:48:58.425 12715 12715 I cr_OfflineIndicator: processConnectivityCheckResult mConnectionState=4 mConnectivityCheckingStage=1
09-02 10:48:58.428 10264  8030 I NetworkScheduler.Stats: Task com.google.android.gms/com.google.android.gms.languageprofile.GcmTaskService started execution. cause:7 exec_start_elapsed_seconds: 89719 [CONTEXT service_id=218 ]
09-02 10:48:58.436  3979  5977 W AppOps  : Bad call: specified package com.google.android.gms under uid 10096 but it is really 10025
09-02 10:48:58.436  3979  5977 W AppOps  : java.lang.RuntimeException: here
09-02 10:48:58.436  3979  5977 W AppOps  : 	at com.android.server.AppOpsService.getOpsRawLocked(AppOpsService.java:1402)
09-02 10:48:58.436  3979  5977 W AppOps  : 	at com.android.server.AppOpsService.checkPackage(AppOpsService.java:1106)
09-02 10:48:58.436  3979  5977 W AppOps  : 	at com.android.internal.app.IAppOpsService$Stub.onTransact(IAppOpsService.java:169)
09-02 10:48:58.436  3979  5977 W AppOps  : 	at android.os.Binder.execTransact(Binder.java:682)
09-02 10:48:58.439  3979  5977 I chatty  : uid=1000(system) Binder:3979_14 identical 3 lines
09-02 10:48:58.440  3979  5977 W AppOps  : Bad call: specified package com.google.android.gms under uid 10096 but it is really 10025
09-02 10:48:58.440  3979  5977 W AppOps  : java.lang.RuntimeException: here
09-02 10:48:58.440  3979  5977 W AppOps  : 	at com.android.server.AppOpsService.getOpsRawLocked(AppOpsService.java:1402)
09-02 10:48:58.440  3979  5977 W AppOps  : 	at com.android.server.AppOpsService.checkPackage(AppOpsService.java:1106)
09-02 10:48:58.440  3979  5977 W AppOps  : 	at com.android.internal.app.IAppOpsService$Stub.onTransact(IAppOpsService.java:169)
09-02 10:48:58.440  3979  5977 W AppOps  : 	at android.os.Binder.execTransact(Binder.java:682)
09-02 10:48:58.469  3979 10236 W StorageManager: getStorageLowBytes lowPercent : 5, lowBytes : 1260145254, maxLowBytes : 524288000
09-02 10:48:58.471 12715 12715 V InputMethodManager: Starting input: tba=android.view.inputmethod.EditorInfo@15c8aa5 nm : com.android.chrome ic=null
09-02 10:48:58.471 12715 12715 I InputMethodManager: startInputInner - mService.startInputOrWindowGainedFocus
09-02 10:48:58.471  3979  5977 D InputMethodManagerService: startInputOrWindowGainedFocus : startInput 
09-02 10:48:58.472  3979  5977 D InputMethodManagerService: setCurrentInputInfo - inputContext : null eidtorInfo : android.view.inputmethod.EditorInfo@9f19f8a missingMethods : 0
09-02 10:48:58.472  4336  4336 I InputMethodWrapper:  call dispatchStartInputWithToken
09-02 10:48:58.472  4336  4336 I InputMethodService: dispatchStartInputWithToken
09-02 10:48:58.473  4336  4336 I SKBD    : SamsungKeypad [IMI] onStartInput - caller pid : 12715, caller uid : 10096
09-02 10:48:58.473  4336  4336 I SKBD    : SamsungKeypad  CACHEDIC onStartInput  isCachedICEnabled:  false
09-02 10:48:58.473  4336  4336 I SKBD    : atl getDefaultInputRange : UNKNOWN
09-02 10:48:58.473  4336  4336 I SKBD    : awo resetBinderManager()
09-02 10:48:58.473  4336  4336 I SKBD_SYNC: SamsungKeypad onStartInput: import DLM
09-02 10:48:58.473  4336  4336 I SKBD    : atl setPrivateImeOptionsToTable privateImeOptions ( null )
09-02 10:48:58.473  4336  4336 I SKBD    : atl imeOptions is null
09-02 10:48:58.473  4336  4336 I SKBD    : SamsungKeypad [PF_OP][onStartInput] 592961
09-02 10:48:58.475  3979 10236 W StorageManager: getStorageLowBytes lowPercent : 5, lowBytes : 1260145254, maxLowBytes : 524288000
09-02 10:48:58.488 10264  7076 I NetworkScheduler.Stats: Task com.google.android.gms/com.google.android.gms.languageprofile.GcmTaskService finished executing. cause:7 result: 1 elapsed_millis: 89 uptime_millis: 89 exec_start_elapsed_seconds: 89719 [CONTEXT service_id=218 ]
09-02 10:48:58.492 12750 12814 I tflite  : Initialized TensorFlow Lite runtime.
09-02 10:48:58.499  3979  5977 D ConnectivityService: filterNetworkStateForUid() uid: 10025 networkInfo: [type: WIFI[] - WIFI, state: CONNECTED/CONNECTED, reason: (unspecified), extra: "WiFi 69", failover: false, available: true, roaming: false, metered: false]
09-02 10:48:58.499  3979  5977 D ConnectivityService: filterNetworkStateForUid() uid: 10025 networkInfo: [type: WIFI[] - WIFI, state: CONNECTED/CONNECTED, reason: (unspecified), extra: "WiFi 69", failover: false, available: true, roaming: false, metered: false]
09-02 10:48:58.501  3979  5977 D SamsungAlarmManager: Cancel Alarm calling from uid:10025 pid :10264 / op:PendingIntent{93929fb: PendingIntentRecord{9212591 com.google.android.gms broadcastIntent}}
09-02 10:48:58.506  3979  5977 D SamsungAlarmManager: setInexact Intent (T:3/F:0/AC:false) 20230902T111215 - CU:10025/CP:10264
09-02 10:48:58.508  3979 10236 D ConnectivityService: filterNetworkStateForUid() uid: 10096 networkInfo: [type: WIFI[] - WIFI, state: CONNECTED/CONNECTED, reason: (unspecified), extra: "WiFi 69", failover: false, available: true, roaming: false, metered: false]
09-02 10:48:58.511 12715 12866 D ConnectivityManager: requestNetwork; CallingUid : 10096, CallingPid : 12715
09-02 10:48:58.512  3979 10236 D ConnectivityService: listenForNetwork for uid/pid:10096/12715 NetworkRequest [ LISTEN id=510, [ Capabilities: INTERNET&NOT_RESTRICTED&TRUSTED&FOREGROUND] ]
09-02 10:48:58.512  3979  4180 D ConnectivityService: rematching NetworkAgentInfo [WIFI () - 502]
09-02 10:48:58.512  3979  4180 D ConnectivityService:  network has: [ Transports: WIFI Capabilities: NOT_METERED&INTERNET&NOT_RESTRICTED&TRUSTED&NOT_VPN&VALIDATED&FOREGROUND LinkUpBandwidth>=1048576Kbps LinkDnBandwidth>=1048576Kbps SignalStrength: -58]
09-02 10:48:58.512  3979  4180 D ConnectivityService: Network NetworkAgentInfo [WIFI () - 502] was already satisfying request 3. No change.
09-02 10:48:58.513  3979  4180 D ConnectivityService: Network NetworkAgentInfo [WIFI () - 502] was already satisfying request 1. No change.
09-02 10:48:58.513  3979 10236 D ConnectivityService: filterNetworkStateForUid() uid: 10096 networkInfo: [type: WIFI[] - WIFI, state: CONNECTED/CONNECTED, reason: (unspecified), extra: "WiFi 69", failover: false, available: true, roaming: false, metered: false]
09-02 10:48:58.513  3979  4180 D ConnectivityService: Network NetworkAgentInfo [WIFI () - 502] was already satisfying request 484. No change.
09-02 10:48:58.513  3979  4180 D ConnectivityService: Network NetworkAgentInfo [WIFI () - 502] was already satisfying request 443. No change.
09-02 10:48:58.513  3979  4180 D ConnectivityService: Network NetworkAgentInfo [WIFI () - 502] was already satisfying request 140. No change.
09-02 10:48:58.513  3979  4180 D ConnectivityService: sending notification AVAILABLE for NetworkRequest [ LISTEN id=510, [ Capabilities: INTERNET&NOT_RESTRICTED&TRUSTED&FOREGROUND] ]
09-02 10:48:58.513  3979  4180 D ConnectivityService: sending notification CAP_CHANGED for NetworkRequest [ LISTEN id=510, [ Capabilities: INTERNET&NOT_RESTRICTED&TRUSTED&FOREGROUND] ]
09-02 10:48:58.513  3979  4180 D ConnectivityService: sending notification IP_CHANGED for NetworkRequest [ LISTEN id=510, [ Capabilities: INTERNET&NOT_RESTRICTED&TRUSTED&FOREGROUND] ]
09-02 10:48:58.515  3979 10236 D ConnectivityService: filterNetworkStateForUid() uid: 10096 networkInfo: [type: WIFI[] - WIFI, state: CONNECTED/CONNECTED, reason: (unspecified), extra: "WiFi 69", failover: false, available: true, roaming: false, metered: false]
09-02 10:48:58.516  3979 10236 D ConnectivityService: filterNetworkStateForUid() uid: 10096 networkInfo: [type: WIFI[] - WIFI, state: CONNECTED/CONNECTED, reason: (unspecified), extra: "WiFi 69", failover: false, available: true, roaming: false, metered: false]
09-02 10:48:58.521  3979  3979 D CustomFrequencyManagerService: releaseDVFSLockLocked : Getting Lock type frm List : DVFS_MIN_LIMIT  frequency : 1560000  uid : 1000  pid : 3979  tag : AMS_RESUME_TAIL@CPU_MIN@14
09-02 10:48:58.527  3979 10236 D ConnectivityService: filterNetworkStateForUid() uid: 10096 networkInfo: [type: WIFI[] - WIFI, state: CONNECTED/CONNECTED, reason: (unspecified), extra: "WiFi 69", failover: false, available: true, roaming: false, metered: false]
09-02 10:48:58.529  3979 10236 I chatty  : uid=1000(system) Binder:3979_1F identical 1 line
09-02 10:48:58.536  3979 10236 D ConnectivityService: filterNetworkStateForUid() uid: 10096 networkInfo: [type: WIFI[] - WIFI, state: CONNECTED/CONNECTED, reason: (unspecified), extra: "WiFi 69", failover: false, available: true, roaming: false, metered: false]
09-02 10:48:58.543 12715 12715 W ResourceType: Failure getting entry for 0x7f0100fa (t=0 e=250) (error -75)
09-02 10:48:58.545 12715 12715 W ResourceType: Failure getting entry for 0x7f010854 (t=0 e=2132) (error -75)
09-02 10:48:58.580 12715 12715 W ResourceType: Failure getting entry for 0x7f010220 (t=0 e=544) (error -75)
09-02 10:48:58.582 12715 12715 W ResourceType: Failure getting entry for 0x7f0107f5 (t=0 e=2037) (error -75)
09-02 10:48:58.606 12715 12715 W ResourceType: Failure getting entry for 0x7f010853 (t=0 e=2131) (error -75)
09-02 10:48:58.627 12715 12801 D NetworkSecurityConfig: Using Network Security Config from resource 0_resource_name_obfuscated debugBuild: false
09-02 10:48:58.630 12715 12715 I Choreographer: Skipped 45 frames!  The application may be doing too much work on its main thread.
09-02 10:48:58.634  3979 10236 V WindowManager: Relayout Window{91e7fe0 u0 com.android.chrome/com.google.android.apps.chrome.Main}: viewVisibility=0 req=720x1280 WM.LayoutParams{(0,0)(fillxfill) sim=#13 ty=1 fl=#81810100 pfl=0x20000 fmt=-3 wanim=0x10302fd vsysui=0x2600 sysuil=true needsMenuKey=2 colorMode=0 naviIconColor=0}
09-02 10:48:58.640  3462  3462 I SurfaceFlinger: Display 0 HWC layers:
09-02 10:48:58.640  3462  3462 I SurfaceFlinger:     type    |    handle    | flag |  format   |   source crop (l,t,r,b)    |         frame       | name 
09-02 10:48:58.640  3462  3462 I SurfaceFlinger: ------------+--------------+------+-----------+----------------------------+---------------------+------
09-02 10:48:58.640  3462  3462 I SurfaceFlinger:      Device | 0x7ac4c246c0 | 0002 | RGBA_8888 |   0.0    0.0  720.0 1238.0 |    0   42  720 1280 | SurfaceView - com.android.chrome/com[...]android.apps.chrome.Main@2ac0e00@0#0
09-02 10:48:58.640  3462  3462 I SurfaceFlinger:      Device | 0x7abe64bd40 | 0000 | RGBA_8888 |   0.0    0.0  720.0 1280.0 |    0    0  720 1280 | com.android.chrome/com.google.android.apps.chrome.Main#0
09-02 10:48:58.640  3462  3462 I SurfaceFlinger:      Device | 0x7ac4c25140 | 0000 | RGBA_8888 |   0.0    0.0  720.0   42.0 |    0    0  720   42 | StatusBar#0
09-02 10:48:58.640  3462  3462 I SurfaceFlinger: 
09-02 10:48:58.640 12715 12715 D ViewRootImpl@aaa9410[Main]: Relayout returned: old=[0,0][720,1280] new=[0,0][720,1280] result=0x1 surface={valid=true 3325011968} changed=false
09-02 10:48:58.649  3979 14776 D ConnectivityService: filterNetworkStateForUid() uid: 10096 networkInfo: [type: WIFI[] - WIFI, state: CONNECTED/CONNECTED, reason: (unspecified), extra: "WiFi 69", failover: false, available: true, roaming: false, metered: false]
09-02 10:48:58.651  3979 14776 D ConnectivityService: filterNetworkStateForUid() uid: 10096 networkInfo: [type: WIFI[] - WIFI, state: CONNECTED/CONNECTED, reason: (unspecified), extra: "WiFi 69", failover: false, available: true, roaming: false, metered: false]
09-02 10:48:58.653  3979  5977 D ConnectivityService: filterNetworkStateForUid() uid: 10096 networkInfo: [type: WIFI[] - WIFI, state: CONNECTED/CONNECTED, reason: (unspecified), extra: "WiFi 69", failover: false, available: true, roaming: false, metered: false]
09-02 10:48:58.655  3979 14776 D ConnectivityService: filterNetworkStateForUid() uid: 10096 networkInfo: [type: WIFI[] - WIFI, state: CONNECTED/CONNECTED, reason: (unspecified), extra: "WiFi 69", failover: false, available: true, roaming: false, metered: false]
09-02 10:48:58.658  3979 14776 I chatty  : uid=1000(system) Binder:3979_20 identical 1 line
09-02 10:48:58.660  3979 14776 D ConnectivityService: filterNetworkStateForUid() uid: 10096 networkInfo: [type: WIFI[] - WIFI, state: CONNECTED/CONNECTED, reason: (unspecified), extra: "WiFi 69", failover: false, available: true, roaming: false, metered: false]
09-02 10:48:58.663 12715 12715 I cr_tabmodel: #isIncognitoTabBeingRestored from tabState:  false
09-02 10:48:58.824 12715 12715 I chatty  : uid=10096(u0_a96) identical 64 lines
09-02 10:48:58.824 12715 12715 I cr_tabmodel: #isIncognitoTabBeingRestored from tabState:  false
09-02 10:48:58.836 12715 12715 I cr_tabmodel: Loaded tab lists; counts: 34,0
09-02 10:48:58.882  3979  4111 D MdnieScenarioControlService:  packageName : com.android.chrome    className : com.google.android.apps.chrome.Main
09-02 10:48:59.117 22051 22051 D BoundBrokerSvc: onBind: Intent { act=com.google.android.gms.feedback.internal.IFeedbackService dat=chimera-action: cmp=com.google.android.gms/.chimera.GmsBoundBrokerService }
09-02 10:48:59.117 22051 22051 D BoundBrokerSvc: Loading bound service for intent: Intent { act=com.google.android.gms.feedback.internal.IFeedbackService dat=chimera-action: cmp=com.google.android.gms/.chimera.GmsBoundBrokerService }
09-02 10:48:59.179 22051 22197 I Icing   : IndexChimeraService.getServiceInterface callingPackage=com.google.android.gms componentName=null serviceId=30
09-02 10:48:59.188 22051 22051 D BoundBrokerSvc: onBind: Intent { act=com.google.android.gms.common.BIND_SHARED_PREFS pkg=com.google.android.gms }
09-02 10:48:59.189 22051 22051 D BoundBrokerSvc: Loading bound service for intent: Intent { act=com.google.android.gms.common.BIND_SHARED_PREFS pkg=com.google.android.gms }
09-02 10:48:59.194 22051 22051 D BoundBrokerSvc: onUnbind: Intent { act=com.google.android.gms.common.BIND_SHARED_PREFS pkg=com.google.android.gms }
09-02 10:48:59.207 22051 23405 I GmsCoreXrpcWrapper: (REDACTED) Returning a channel provider with trafficStatsTag=%d trafficStatsUid=%d
09-02 10:48:59.250  3449  3449 I android.hardware.wifi@1.0-service: getLinkLayerStats
09-02 10:48:59.308 22051 23405 I Icing   : Usage reports ok 4, Failed Usage reports 0, indexed 2, rejected 0
09-02 10:48:59.378  3979  3979 D PreBindingService: handleMessage : 1
09-02 10:48:59.973  3979  4051 D SensorService: [SO] 0.134 -0.397 9.864
09-02 10:49:00.000  3979  4067 D SamsungAlarmManager: Expired : 8
09-02 10:49:00.000  3979  4067 V SamsungAlarmManager: Sending to uid : 1000 action=android.intent.action.TIME_TICK alarm=Alarm{2b6da90 type 3 when 89721432 android}
09-02 10:49:00.003  3979  4067 V SamsungAlarmManager: Sending to uid : 10074 action=com.samsung.action.EVERY_MINUTE_CLOCK_UPDATE alarm=Alarm{f765b8e type 1 when 1693644540000 com.sec.android.app.launcher}
09-02 10:49:00.005  5213  5213 I Launcher: onReceive: com.samsung.action.EVERY_MINUTE_CLOCK_UPDATE
09-02 10:49:00.006  3979  3979 D SamsungAlarmManager: setExact Intent (T:3/F:1/AC:false) 20230902T104959 - CU:1000/CP:3979
09-02 10:49:00.006  3979  3979 I SamsungAlarmManager: setLocked to kernel - T:3 / 20230902T105000, SetElapsed=89781432, nowELAPSED=89721438
09-02 10:49:00.007  4349  4349 D KeyguardUpdateMonitor: received broadcast android.intent.action.TIME_TICK
09-02 10:49:00.007  4349  4349 D KeyguardServiceBoxContainer: refreshTime() 1
09-02 10:49:00.011  3979  5979 D SamsungAlarmManager: setInexact Intent (T:1/F:0/AC:false) 20230902T105000 - CU:10074/CP:5213
09-02 10:49:00.011  5213  5213 I IconView: applyFromShortcutInfo - start GetLive : com.samsung.android.calendar
09-02 10:49:00.012  5213  5213 I BitmapCacheContainer: getBitmapCache: BitmapCache expired com.samsung.android.calendar/UserHandle{0}
09-02 10:49:00.018  5213  5213 D ApplicationPackageManager: we has com.samsung.android.calendar class. reuse it 
09-02 10:49:00.026  4349  4349 D KeyguardUpdateMonitor: handleStatusBarState( false )
09-02 10:49:00.035  5213  5213 I ApplicationPackageManager: load= live icon for com.samsung.android.calendar, from overlay = false
09-02 10:49:00.036  5213  5213 I LiveIconManager: getLiveIcon: complete(sync_created)
09-02 10:49:00.036  5213  5213 I IconView: applyFromShortcutInfo - end GetLive : com.samsung.android.calendar
09-02 10:49:00.047  5213  5213 I IconView: applyFromApplicationInfo - start GetLive : com.sec.android.app.clockpackage
09-02 10:49:00.049  5213  5213 D ApplicationPackageManager: we has com.sec.android.app.clockpackage class. reuse it 
09-02 10:49:00.049  5213  5213 D LiveIconLoader: getLiveIcon was called in ClockPackage
09-02 10:49:00.051  5213  5213 D LiveIconLoader: getLiveIcon res = com.sec.android.app.clockpackage
09-02 10:49:00.052  5213  5213 D LiveIconLoader: stdIconSize : 84 , targetIconSize : 94
09-02 10:49:00.052  5213  5213 D LiveIconLoader: mIconDpi : 320 , mTargetIconDpi : 280
09-02 10:49:00.061  5213  5213 I ApplicationPackageManager: load= live icon for com.sec.android.app.clockpackage, from overlay = false
09-02 10:49:00.062  4349  4349 D KeyguardUpdateMonitor: handleStatusBarState( false )
09-02 10:49:00.063  5213  5213 I LiveIconManager: getLiveIcon: complete(sync_created)
09-02 10:49:00.063  5213  5213 I IconView: applyFromApplicationInfo - end GetLive : com.sec.android.app.clockpackage
09-02 10:49:00.063  5213  5213 I IconView: applyFromApplicationInfo - start GetLive : com.samsung.android.calendar
09-02 10:49:00.063  5213  5213 I IconView: applyFromApplicationInfo - end GetLive : com.samsung.android.calendar
09-02 10:49:00.135 12715 12715 E cr_BTSPrefs: No data found for task id: 53
09-02 10:49:00.136 12715 12715 E cr_BkgrdTaskScheduler: Task cannot be canceled because no data was found instorage or data was invalid
09-02 10:49:00.141 12715 12715 I cr_tabmodel: Appending tabs being restored to metadata lists, 0, startingNormalCount: 34, startingIncognitoCount: 0
09-02 10:49:00.141 12715 12715 I cr_tabmodel: Serializing tab lists; counts: 34, 0
09-02 10:49:00.199  3979  3994 D SemExecuteManagerService: onShortcutChanged: com.android.chrome0
09-02 10:49:00.200 12715 12715 I cr_StartSurface: Recorded Startup.Android.StartSurfaceShownAtStartup = false
09-02 10:49:00.200  5213  5256 D LauncherApps: onShortcutChanged 0,com.android.chrome
09-02 10:49:00.200  5213  5213 D DeepShortcutManager: bindDeepShortcutMap: {com.android.launcher3.util.ComponentKey@1e9a2cfa=[DynamicFullRecent], com.android.launcher3.util.ComponentKey@92548096=[Search, Messages, Share, Notifications], com.android.launcher3.util.ComponentKey@9df2b1d6=[scanQrCode, newTab, newPrivateTab, search], com.android.launcher3.util.ComponentKey@489bf67c=[text_shortcut, voice_shortcut], com.android.launcher3.util.ComponentKey@86e56e2c=[open_new_tab, password_manager, open_new_private_tab], com.android.launcher3.util.ComponentKey@d85d54d0=[search_event_task, create_task, create_event], com.android.launcher3.util.ComponentKey@f5d080bf=[phoneadd, search, missedcall], com.android.launcher3.util.ComponentKey@515cb72c=[VIEW_MY_DOWNLOADS], com.android.launcher3.util.ComponentKey@683678e7=[create_message], com.android.launcher3.util.ComponentKey@64033792=[explore-shortcut, search-shortcut, shorts-shortcut, subscriptions-shortcut], com.android.launcher3.util.ComponentKey@3a8c61b=[compose], com.android.launcher3.util.ComponentKey@429b698e=[selfie, auto], com.android.launcher3.util.ComponentKey@91a61c5e=[contactadd, myprofile, contactgroup], com.android.launcher3.util.ComponentKey@3e17fc4f=[updates], com.android.launcher3.util.ComponentKey@967f6ac6=[search_shortcut], com.android.launcher3.util.ComponentKey@afe2ea5f=[manifest_home, manifest_work], com.android.launcher3.util.ComponentKey@7bfa09e7=[manifest_compose_shortcut, andrei.bogdan.marcel97@gmail.com], com.android.launcher3.util.ComponentKey@947c4a03=[new-tab-shortcut, dynamic-new-incognito-tab-shortcut]}
09-02 10:49:00.229  3979  5977 W StorageManager: getStorageLowBytes lowPercent : 5, lowBytes : 1260145254, maxLowBytes : 524288000
09-02 10:49:00.238 12715 12749 I cr_BindingManager: Visible binding enabled: maxSize=40
09-02 10:49:00.380  3979  4003 W StorageManager: getStorageFullBytes DEFAULT_FULL_THRESHOLD_BYTES : 20971520, threadhold : 20971520
09-02 10:49:00.380  3979  4003 W StorageManager: getStorageLowBytes lowPercent : 5, lowBytes : 1260145254, maxLowBytes : 524288000
09-02 10:49:00.382  3979  4003 W DeviceStorageMonitorService: updateBroadcasts(/data) oldLevel:0, newLevel:0, seq:1
09-02 10:49:00.382  3979  4003 W DeviceStorageMonitorService: updateBroadcasts_filenode(/data) fn_oldLevel:0, fn_newLevel:0, seq:1
09-02 10:49:01.375  4962  4962 D io_stats: !@ 179,0 r 575115 17520556 w 326795 6958164 d 33350 18859048 f 96334 98229 iot 431144 361832 th 51200 0 0 pt 0 inp 0 0 35074.620
09-02 10:49:01.881  3979  4327 D skia    : Encode PNG Singlethread processname=system_server :      10825 us, width=84, height=84
09-02 10:49:02.077  4349  4349 D KeyguardUpdateMonitor: handleStatusBarState( false )
09-02 10:49:02.256  3449  3449 I android.hardware.wifi@1.0-service: getLinkLayerStats
09-02 10:49:02.325  3979  6899 D SSRM:G  : SIOP:: AP = 300, PST = 295 (W:12), BAT = 267, USB = 0, CHG = 0
09-02 10:49:02.415 14031 14031 E adbd    : recv: OPEN 0001b2e8 00000000 0076:73 68 65 6C 6C 2C 76 32 2C 54 45 52 4D 3D 78 74 65 72 6D 2D 32 35 36 63 6F 6C 6F 72 2C 72 61 77 3A 64 75 6D 70 73 79 73 20 61 63 74 69 76 69 74 79 20 72 65 63 65 6E 74 73 20 7C 20 67 72 65 70 20 22 52 65 63 65 6E 74 20 23 30 22 20 7C 20 63 75 74 20 2D 64 20 22 3D 22 20 2D 66 32 20 7C 20 67 72 65 70 20 2D 6F 20 2D 70 20 22 5B 61 2D 7A 7C 2E 5D 2A 22 00 
09-02 10:49:02.416 14031 14031 E adbd    : service_to_fd: shell,v2,TERM=xterm-256color,raw:dumpsys activity recents | grep "Recent #0" | cut -d "=" -f2 | grep -o -p "[a-z|.]*"
09-02 10:49:02.514 14031 14031 E adbd    : recv: OPEN 0001b2eb 00000000 0042:73 68 65 6C 6C 2C 76 32 2C 54 45 52 4D 3D 78 74 65 72 6D 2D 32 35 36 63 6F 6C 6F 72 2C 72 61 77 3A 67 65 74 70 72 6F 70 20 72 6F 2E 62 75 69 6C 64 2E 76 65 72 73 69 6F 6E 2E 72 65 6C 65 61 73 65 00 
09-02 10:49:02.514 14031 14031 E adbd    : service_to_fd: shell,v2,TERM=xterm-256color,raw:getprop ro.build.version.release
09-02 10:49:02.584 14031 14031 E adbd    : recv: OPEN 0001b2ee 00000000 003e:73 68 65 6C 6C 2C 76 32 2C 54 45 52 4D 3D 78 74 65 72 6D 2D 32 35 36 63 6F 6C 6F 72 2C 72 61 77 3A 67 65 74 70 72 6F 70 20 72 6F 2E 62 75 69 6C 64 2E 76 65 72 73 69 6F 6E 2E 73 64 6B 00 
09-02 10:49:02.584 14031 14031 E adbd    : service_to_fd: shell,v2,TERM=xterm-256color,raw:getprop ro.build.version.sdk
09-02 10:49:02.668 14031 14031 E adbd    : recv: OPEN 0001b2f1 00000000 0034:73 68 65 6C 6C 2C 76 32 2C 54 45 52 4D 3D 78 74 65 72 6D 2D 32 35 36 63 6F 6C 6F 72 2C 72 61 77 3A 69 6E 70 75 74 20 74 61 70 20 35 35 30 20 31 35 30 30 00 
09-02 10:49:02.668 14031 14031 E adbd    : service_to_fd: shell,v2,TERM=xterm-256color,raw:input tap 550 1500
09-02 10:49:03.109 12885 12885 W ADebug  : Failed to get property persist.sys.media.traces
09-02 10:49:03.112 12885 12885 E appproc : Enhanced Zygote ASLR: ro.knox.enhance.zygote.aslr != 1. Enhanced Zygote ASLR is DISABLED!
09-02 10:49:03.112 12885 12885 D AndroidRuntime: >>>>>> START com.android.internal.os.RuntimeInit uid 2000 <<<<<<
09-02 10:49:03.115 12885 12885 D SecNativeFeatureCppIf: encoded
09-02 10:49:03.115 12885 12885 D SecNativeFeatureCppIf: decoding and unzip finish
09-02 10:49:03.115 12885 12885 D SecNativeFeatureCppIf: use unCompDataBuff. encoded
09-02 10:49:03.116 12885 12885 D SecNativeFeatureCppIf: Free unCompDataBuff
09-02 10:49:03.116 12885 12885 D SecNativeFeatureCppIf: encoded
09-02 10:49:03.116 12885 12885 D SecNativeFeatureCppIf: decoding and unzip finish
09-02 10:49:03.116 12885 12885 D SecNativeFeatureCppIf: use unCompDataBuff. encoded
09-02 10:49:03.116 12885 12885 D SecNativeFeatureCppIf: Free unCompDataBuff
09-02 10:49:03.116 12885 12885 D SecNativeFeatureCppIf: encoded
09-02 10:49:03.116 12885 12885 D SecNativeFeatureCppIf: decoding and unzip finish
09-02 10:49:03.116 12885 12885 D SecNativeFeatureCppIf: use unCompDataBuff. encoded
09-02 10:49:03.116 12885 12885 D SecNativeFeatureCppIf: Free unCompDataBuff
09-02 10:49:03.116 12885 12885 D SecNativeFeatureCppIf: encoded
09-02 10:49:03.116 12885 12885 D SecNativeFeatureCppIf: decoding and unzip finish
09-02 10:49:03.116 12885 12885 D SecNativeFeatureCppIf: use unCompDataBuff. encoded
09-02 10:49:03.116 12885 12885 D SecNativeFeatureCppIf: Free unCompDataBuff
09-02 10:49:03.219 12885 12885 D ICU     : Timezone override file found: /data/misc/zoneinfo/current/icu/icu_tzdata.dat
09-02 10:49:03.234 12885 12885 I app_process: find the special shared library, skip check
09-02 10:49:03.261 12885 12885 D SemCscFeature: Encoded
09-02 10:49:03.264 12885 12885 I chatty  : uid=2000(shell) identical 2 lines
09-02 10:49:03.265 12885 12885 D SemCscFeature: Encoded
09-02 10:49:03.267 12885 12885 E SemAffinityControl: SemAffinityControl: registerfunction enter
09-02 10:49:03.273 12885 12885 D AndroidRuntime: Calling main entry com.android.commands.input.Input
09-02 10:49:03.277 12885 12885 I Input   : injectMotionEvent: MotionEvent { action=ACTION_DOWN, actionButton=0, id[0]=0, x[0]=550.0, y[0]=1500.0, toolType[0]=TOOL_TYPE_UNKNOWN, buttonState=0, metaState=0, flags=0x0, edgeFlags=0x0, pointerCount=1, historySize=0, eventTime=35076519, downTime=35076519, deviceId=3, source=0x1002 }
09-02 10:49:03.278  3979  5964 D InputDispatcher: Inject motion (12885): action=0x0, eventTime=35076519000000, displayId=0
09-02 10:49:03.279  3979  4081 I InputDispatcher: Dropping event because there is no touchable window at (550, 1500).
09-02 10:49:03.279  3979  5964 W InputManager: Input event injection from pid 12885 failed.
09-02 10:49:03.279 12885 12885 I Input   : injectMotionEvent: MotionEvent { action=ACTION_UP, actionButton=0, id[0]=0, x[0]=550.0, y[0]=1500.0, toolType[0]=TOOL_TYPE_UNKNOWN, buttonState=0, metaState=0, flags=0x0, edgeFlags=0x0, pointerCount=1, historySize=0, eventTime=35076519, downTime=35076519, deviceId=3, source=0x1002 }
09-02 10:49:03.280  3979  5964 D InputDispatcher: Inject motion (12885): action=0x1, eventTime=35076519000000, displayId=0
09-02 10:49:03.280  3979  5964 W InputManager: Input event injection from pid 12885 failed.
09-02 10:49:03.281 12885 12885 D AndroidRuntime: Shutting down VM
09-02 10:49:03.371 14031 14031 E adbd    : recv: OPEN 0001b2f4 00000000 0042:73 68 65 6C 6C 2C 76 32 2C 54 45 52 4D 3D 78 74 65 72 6D 2D 32 35 36 63 6F 6C 6F 72 2C 72 61 77 3A 67 65 74 70 72 6F 70 20 72 6F 2E 62 75 69 6C 64 2E 76 65 72 73 69 6F 6E 2E 72 65 6C 65 61 73 65 00 
09-02 10:49:03.371 14031 14031 E adbd    : service_to_fd: shell,v2,TERM=xterm-256color,raw:getprop ro.build.version.release
09-02 10:49:03.461 14031 14031 E adbd    : recv: OPEN 0001b2f7 00000000 003e:73 68 65 6C 6C 2C 76 32 2C 54 45 52 4D 3D 78 74 65 72 6D 2D 32 35 36 63 6F 6C 6F 72 2C 72 61 77 3A 67 65 74 70 72 6F 70 20 72 6F 2E 62 75 69 6C 64 2E 76 65 72 73 69 6F 6E 2E 73 64 6B 00 
09-02 10:49:03.462 14031 14031 E adbd    : service_to_fd: shell,v2,TERM=xterm-256color,raw:getprop ro.build.version.sdk
09-02 10:49:03.535 12715 12797 I cr_omaha: Attempting to schedule next job for: Sat Sep 02 13:14:49 GMT+02:00 2023
09-02 10:49:03.539 12715 12715 I cr_omaha: Scheduled using JobService
09-02 10:49:03.545 14031 14031 E adbd    : recv: OPEN 0001b2fa 00000000 0102:73 68 65 6C 6C 2C 76 32 2C 54 45 52 4D 3D 78 74 65 72 6D 2D 32 35 36 63 6F 6C 6F 72 2C 72 61 77 3A 61 6D 20 73 74 61 72 74 2D 66 6F 72 65 67 72 6F 75 6E 64 2D 73 65 72 76 69 63 65 20 2D 6E 20 22 63 6F 6D 2E 65 78 61 6D 70 6C 65 2E 62 61 74 74 65 72 79 6D 61 6E 61 67 65 72 5F 75 74 69 6C 69 74 79 2F 63 6F 6D 2E 65 78 61 6D 70 6C 65 2E 62 61 74 74 65 72 79 6D 61 6E 61 67 65 72 5F 75 74 69 6C 69 74 79 2E 44 61 74 61 43 6F 6C 6C 65 63 74 69 6F 6E 53 65 72 76 69 63 65 22 20 2D 2D 65 69 20 73 61 6D 70 6C 65 52 61 74 65 20 31 30 30 20 2D 2D 65 73 20 22 64 61 74 61 46 69 65 6C 64 73 22 20 22 42 41 54 54 45 52 59 5F 50 52 4F 50 45 52 54 59 5F 43 55 52 52 45 4E 54 5F 4E 4F 57 2C 45 58 54 52 41 5F 56 4F 4C 54 41 47 45 22 20 2D 2D 65 7A 20 74 6F 43 53 56 20 66 61 6C 73 65 00 
09-02 10:49:03.545 14031 14031 E adbd    : service_to_fd: shell,v2,TERM=xterm-256color,raw:am start-foreground-service -n "com.example.batterymanager_utility/com.example.batterymanager_utility.DataCollectionService" --ei sampleRate 100 --es "dataFields" "BATTERY_PROPERTY_CURRENT_NOW,EXTRA_VOLTAGE" --ez toCSV false
09-02 10:49:03.555 12715 12715 E cr_BkgrdTaskJS: Tried finishing non-current BackgroundTask.
09-02 10:49:03.638 12676 12676 I BatteryMgr:DataCollectionService: onStartCommand: begin
09-02 10:49:03.639 12676 12676 I BatteryMgr:DataCollectionService: onStartCommand: sampleRate => 100
09-02 10:49:03.640 12676 12676 I BatteryMgr:DataCollectionService: onStartCommand: rawFields => Timestamp,BATTERY_PROPERTY_CURRENT_NOW,EXTRA_VOLTAGE
09-02 10:49:03.645 12676 12676 I BatteryMgr:DataCollectionService: onStartCommand: notification done
09-02 10:49:03.648 12676 12676 D Notification: allPendingIntents
09-02 10:49:03.649 12676 12676 I BatteryMgr:DataCollectionService: started foreground
09-02 10:49:03.652  3979  3995 D ApplicationPolicy: isStatusBarNotificationAllowedAsUser: packageName = android,userId = 0
09-02 10:49:03.652  3979  3995 D API test: getContainerInfo: value is 
09-02 10:49:03.652  3979  3995 D ApplicationPolicy: isStatusBarNotificationAllowedAsUser: packageName = android,userId = 0
09-02 10:49:03.652  3979  3995 D API test: getContainerInfo: value is 
09-02 10:49:03.653  3979  3995 D ApplicationPolicy: isStatusBarNotificationAllowedAsUser: packageName = com.example.batterymanager_utility,userId = 0
09-02 10:49:03.653  3979  3995 D API test: getContainerInfo: value is 
09-02 10:49:03.653  3979  3995 D ApplicationPolicy: isStatusBarNotificationAllowedAsUser: packageName = com.example.batterymanager_utility,userId = 0
09-02 10:49:03.653  3979  3995 D API test: getContainerInfo: value is 
09-02 10:49:03.656  3979  3979 D AudioService: getStreamVolume 5 index 110
09-02 10:49:03.659  3979  5964 D Notification: allPendingIntents
09-02 10:49:03.660  3979  5964 D Notification: allPendingIntents
09-02 10:49:03.661  3979  3979 I AccessibilityManagerService: semOnLightNotification(null), bIsFlashOn : false
09-02 10:49:03.662  3979  3979 D AccessibilityManagerService: Can't use light notification
09-02 10:49:03.662  3979  3979 D AudioService: getStreamVolume 5 index 110
09-02 10:49:03.662  4349  4349 D StatusBar: addNotification key=0|android|40|null|1000 fullscreen:false
09-02 10:49:03.665  3979  5964 D Notification: allPendingIntents
09-02 10:49:03.665  3979 10236 D Notification: allPendingIntents
09-02 10:49:03.669 12676 12905 I BatteryMgr:DataCollectionService: collectData: begin
09-02 10:49:03.671  4349  4349 D StatusBar: addNotification key=0|com.example.batterymanager_utility|1|null|10157 fullscreen:false
09-02 10:49:03.674 14031 14031 E adbd    : recv: OPEN 0001b2fd 00000000 0042:73 68 65 6C 6C 2C 76 32 2C 54 45 52 4D 3D 78 74 65 72 6D 2D 32 35 36 63 6F 6C 6F 72 2C 72 61 77 3A 67 65 74 70 72 6F 70 20 72 6F 2E 62 75 69 6C 64 2E 76 65 72 73 69 6F 6E 2E 72 65 6C 65 61 73 65 00 
09-02 10:49:03.674 14031 14031 E adbd    : service_to_fd: shell,v2,TERM=xterm-256color,raw:getprop ro.build.version.release
09-02 10:49:03.675 12676 12905 I BatteryMgr:DataCollectionService: stats => 1693644543675,88,4310
09-02 10:49:03.757 14031 14031 E adbd    : recv: OPEN 0001b300 00000000 003e:73 68 65 6C 6C 2C 76 32 2C 54 45 52 4D 3D 78 74 65 72 6D 2D 32 35 36 63 6F 6C 6F 72 2C 72 61 77 3A 67 65 74 70 72 6F 70 20 72 6F 2E 62 75 69 6C 64 2E 76 65 72 73 69 6F 6E 2E 73 64 6B 00 
09-02 10:49:03.757 14031 14031 E adbd    : service_to_fd: shell,v2,TERM=xterm-256color,raw:getprop ro.build.version.sdk
09-02 10:49:03.783 12676 12905 I BatteryMgr:DataCollectionService: stats => 1693644543783,88,4310
09-02 10:49:03.792  4349  4349 D KeyguardUpdateMonitor: handleStatusBarState( false )
09-02 10:49:03.828 14031 14031 E adbd    : recv: OPEN 0001b303 00000000 0029:73 68 65 6C 6C 2C 76 32 2C 54 45 52 4D 3D 78 74 65 72 6D 2D 32 35 36 63 6F 6C 6F 72 2C 72 61 77 3A 64 61 74 65 20 2D 75 00 
09-02 10:49:03.828 14031 14031 E adbd    : service_to_fd: shell,v2,TERM=xterm-256color,raw:date -u
09-02 10:49:03.888 12676 12905 I BatteryMgr:DataCollectionService: stats => 1693644543888,88,4310
09-02 10:49:03.897 14031 14031 E adbd    : recv: OPEN 0001b306 00000000 003e:73 68 65 6C 6C 2C 76 32 2C 54 45 52 4D 3D 78 74 65 72 6D 2D 32 35 36 63 6F 6C 6F 72 2C 72 61 77 3A 64 75 6D 70 73 79 73 20 63 70 75 69 6E 66 6F 20 7C 20 67 72 65 70 20 54 4F 54 41 4C 00 
09-02 10:49:03.897 14031 14031 E adbd    : service_to_fd: shell,v2,TERM=xterm-256color,raw:dumpsys cpuinfo | grep TOTAL
09-02 10:49:03.987 14031 14031 E adbd    : recv: OPEN 0001b309 00000000 003d:73 68 65 6C 6C 2C 76 32 2C 54 45 52 4D 3D 78 74 65 72 6D 2D 32 35 36 63 6F 6C 6F 72 2C 72 61 77 3A 64 75 6D 70 73 79 73 20 6D 65 6D 69 6E 66 6F 20 7C 20 67 72 65 70 20 55 73 65 64 00 
09-02 10:49:03.987 14031 14031 E adbd    : service_to_fd: shell,v2,TERM=xterm-256color,raw:dumpsys meminfo | grep Used
09-02 10:49:03.996 12676 12905 I BatteryMgr:DataCollectionService: stats => 1693644543996,88,4310
09-02 10:49:04.101 12676 12905 I BatteryMgr:DataCollectionService: stats => 1693644544101,88,4310
09-02 10:49:04.206 12676 12905 I BatteryMgr:DataCollectionService: stats => 1693644544205,88,4310
09-02 10:49:04.318 12676 12905 I BatteryMgr:DataCollectionService: stats => 1693644544318,88,4310
09-02 10:49:04.429 12676 12905 I BatteryMgr:DataCollectionService: stats => 1693644544429,88,4310
09-02 10:49:04.540 12676 12905 I BatteryMgr:DataCollectionService: stats => 1693644544540,88,4310
09-02 10:49:04.651 12676 12905 I BatteryMgr:DataCollectionService: stats => 1693644544651,88,4310
09-02 10:49:04.763 12676 12905 I BatteryMgr:DataCollectionService: stats => 1693644544762,88,4310
09-02 10:49:04.870 12676 12905 I BatteryMgr:DataCollectionService: stats => 1693644544870,88,4310
09-02 10:49:04.978 12676 12905 I BatteryMgr:DataCollectionService: stats => 1693644544978,88,4310
09-02 10:49:05.089 12676 12905 I BatteryMgr:DataCollectionService: stats => 1693644545089,88,4310
09-02 10:49:05.200 12676 12905 I BatteryMgr:DataCollectionService: stats => 1693644545200,88,4310
09-02 10:49:05.279  3449  3449 I android.hardware.wifi@1.0-service: getLinkLayerStats
09-02 10:49:05.312 12676 12905 I BatteryMgr:DataCollectionService: stats => 1693644545312,88,4310
09-02 10:49:05.321  3979  5964 D SamsungAlarmManager: Cancel Alarm calling from uid:10025 pid :22051 / op:PendingIntent{142e0f0: PendingIntentRecord{f2594ff com.google.android.gms startService}}
09-02 10:49:05.424 12676 12905 I BatteryMgr:DataCollectionService: stats => 1693644545423,88,4310
09-02 10:49:05.540 12676 12905 I BatteryMgr:DataCollectionService: stats => 1693644545540,88,4310
09-02 10:49:05.651 12676 12905 I BatteryMgr:DataCollectionService: stats => 1693644545651,88,4310
