--------- beginning of system
09-02 12:28:46.170  3449  3449 I android.hardware.wifi@1.0-service: getLinkLayerStats
--------- beginning of main
09-02 12:28:46.179 14031 14031 E adbd    : recv: OPEN 0001d838 00000000 0095:73 68 65 6C 6C 2C 76 32 2C 54 45 52 4D 3D 78 74 65 72 6D 2D 32 35 36 63 6F 6C 6F 72 2C 72 61 77 3A 61 6D 20 73 74 61 72 74 20 2D 53 20 2D 61 20 61 6E 64 72 6F 69 64 2E 69 6E 74 65 6E 74 2E 61 63 74 69 6F 6E 2E 56 49 45 57 20 2D 6E 20 6F 72 67 2E 6D 6F 7A 69 6C 6C 61 2E 66 69 72 65 66 6F 78 2F 6F 72 67 2E 6D 6F 7A 69 6C 6C 61 2E 67 65 63 6B 6F 2E 42 72 6F 77 73 65 72 41 70 70 20 2D 2D 61 63 74 69 76 69 74 79 2D 63 6C 65 61 72 2D 74 61 73 6B 00 
09-02 12:28:46.179 14031 14031 E adbd    : service_to_fd: shell,v2,TERM=xterm-256color,raw:am start -S -a android.intent.action.VIEW -n org.mozilla.firefox/org.mozilla.gecko.BrowserApp --activity-clear-task
09-02 12:28:46.250  3979  6264 I ActivityManager: Force stopping org.mozilla.firefox appid=10154 user=0: from pid 17349
09-02 12:28:46.256  3979  3979 D SamsungAlarmManager: Remove alarm for next reason : android.intent.action.PACKAGE_RESTARTED : package: org.mozilla.firefox
09-02 12:28:46.261  4633  4633 D CarrierSvcBindHelper: No carrier app for: 0
09-02 12:28:46.262  3979  3995 W BroadcastQueue: Background execution not allowed: receiving Intent { act=android.intent.action.PACKAGE_RESTARTED dat=package:org.mozilla.firefox flg=0x10 (has extras) } to android/com.kddi.android.CpaNotiReceiver
09-02 12:28:46.263  4633  4633 D CarrierSvcBindHelper: No carrier app for: 1
09-02 12:28:46.263  3979  3995 W BroadcastQueue: Background execution not allowed: receiving Intent { act=android.intent.action.PACKAGE_RESTARTED dat=package:org.mozilla.firefox flg=0x10 (has extras) } to com.sec.android.daemonapp/com.samsung.android.weather.daemon.receiver.ClearDataReceiver
09-02 12:28:46.388 17310 17351 D ProfileInstaller: Installing profile for com.example.batterymanager_utility
09-02 12:28:46.515  3979  6264 I ActivityManager: START u0 {act=android.intent.action.VIEW typ=null flg=0x10008000 cmp=ComponentInfo{org.mozilla.firefox/org.mozilla.gecko.BrowserApp}} from uid 2000
09-02 12:28:46.531  3979  6264 D CustomFrequencyManagerService: acquireDVFSLockLocked : type : DVFS_MIN_LIMIT  frequency : 1560000  uid : 1000  pid : 3979  pkgName : AMS_APP_SWITCH@CPU_MIN@23
09-02 12:28:46.533  3979  6264 D ActivityManagerPerformance: AMP_acquire() APP_SWITCH
09-02 12:28:46.534  3979  5035 D ActivityManagerPerformance: Received MSG_CFMS_HINT_AMS_SWITCH pkgName: org.mozilla.firefox
09-02 12:28:46.544  3979  6264 D ActivityManager: isScaleDownAnimationEnabled() : false
09-02 12:28:46.545  3979  6264 D StorageManagerService: getExternalStorageMountMode : 1
09-02 12:28:46.545  3979  6264 D StorageManagerService: getExternalStorageMountMode : 3
09-02 12:28:46.545  3979  6264 D StorageManagerService: getExternalStorageMountMode : final mountMode=1, uid : 10154, packageName : org.mozilla.firefox
09-02 12:28:46.545  3979  6264 I ApplicationPolicy: isApplicationExternalStorageWhitelisted:org.mozilla.firefox user:0
09-02 12:28:46.546  3979  6264 D ApplicationPolicy: isApplicationExternalStorageWhitelisted: DO is not enabled on user 0. Allowed.
09-02 12:28:46.546  3979  6264 D ActivityManager: package  org.mozilla.firefox, user - 0 is SDcard whitelisted
09-02 12:28:46.546  3979  6264 I ApplicationPolicy: isApplicationExternalStorageBlacklisted:org.mozilla.firefox user:0
09-02 12:28:46.546  3979  6264 D ApplicationPolicy: isApplicationExternalStorageBlacklisted: DO is not enabled on user 0. Allowed.
09-02 12:28:46.556 17352 17352 E Zygote  : isWhitelistProcess - Process is Whitelisted
09-02 12:28:46.557 17352 17352 E libpersona: scanKnoxPersonas
09-02 12:28:46.557 17352 17352 E libpersona: Couldn't open the File - /data/system/users/0/personalist.xml - No such file or directory
09-02 12:28:46.557  3979  6264 I ActivityManager: Start proc 17352:org.mozilla.firefox/u0a154 for activity org.mozilla.firefox/org.mozilla.gecko.BrowserApp
09-02 12:28:46.558 17352 17352 W SELinux : SELinux selinux_android_compute_policy_index : Policy Index[2],  Con:u:r:zygote:s0 RAM:SEPF_SM-J720F_8.0.0_0017, [-1 -1 -1 -1 0 1]
09-02 12:28:46.559 17352 17352 I SELinux : SELinux: seapp_context_lookup: seinfo=untrusted, level=s0:c512,c768, pkgname=org.mozilla.firefox 
09-02 12:28:46.573 17352 17352 D TimaKeyStoreProvider: TimaKeyStore is not enabled: cannot add TimaSignature Service and generateKeyPair Service
09-02 12:28:46.573 17352 17352 D ActivityThread: Added TimaKeyStore provider
09-02 12:28:46.575  3979  6264 I ActivityManager: DSS on for org.mozilla.firefox and scale is 1.0
09-02 12:28:46.581  3979  6264 D PersonaManagerService: Current focused persona service handled id set to : 0
09-02 12:28:46.581  3979  6264 D InputDispatcher: Focused application set to: xxxx
09-02 12:28:46.582  3979  6264 D InputDispatcher: Focus left window: 17310
09-02 12:28:46.583 17310 17310 D ViewRootImpl@110cd72[MainActivity]: MSG_WINDOW_FOCUS_CHANGED 0
09-02 12:28:46.583  3979  4238 D GameManagerService: handleForegroundChange(). pkgName: org.mozilla.firefox, clsName: org.mozilla.fenix.IntentReceiverActivity,FgActivityName:org.mozilla.firefox/org.mozilla.fenix.IntentReceiverActivity
09-02 12:28:46.583  3979  6264 D MARsPolicyManager: onPackageResumedFG pkgName = org.mozilla.firefox, userId = 0
09-02 12:28:46.584  3979  4238 D GameManagerService: sem_perfomance_mode: 3
09-02 12:28:46.584  3979  4238 D GameManagerService: notifyResumePause(). pkg: org.mozilla.firefox, type: 4, isMinimized: false, isTunableApp: false
09-02 12:28:46.584  3979  4238 D GameManagerService:   notifyResumePause(). unexpected mPrevNotiType: -1
09-02 12:28:46.587  3979  6899 D GamePkgDataHelper: getGamePkgDataIncServer(). org.mozilla.firefox
09-02 12:28:46.588  3979  6899 D GameManagerService: identifyGamePackage. org.mozilla.firefox
09-02 12:28:46.588  3979  6899 D GamePkgDataHelper: getGamePkgData(). org.mozilla.firefox
09-02 12:28:46.588  3979  6899 D GameManagerService: identifyGamePackage. org.mozilla.firefox
09-02 12:28:46.588  3979  6899 D GamePkgDataHelper: getGamePkgData(). org.mozilla.firefox
09-02 12:28:46.588  3979  6899 D GamePkgDataHelper: getSosPolicy(). org.mozilla.firefox
09-02 12:28:46.591  3979  6899 D GameManagerService: identifyGamePackage. org.mozilla.firefox
09-02 12:28:46.591  3979  6899 D GamePkgDataHelper: getGamePkgData(). org.mozilla.firefox
09-02 12:28:46.591  3979  6899 D GameManagerService: identifyGamePackage. org.mozilla.firefox
09-02 12:28:46.591  3979  6899 D GamePkgDataHelper: getGamePkgData(). org.mozilla.firefox
09-02 12:28:46.599 17352 17352 I zygote64: no shared libraies, dex_files: 1
09-02 12:28:46.631 17352 17352 I FirebaseApp: Device unlocked: initializing all Firebase APIs for app [DEFAULT]
09-02 12:28:46.646 17352 17352 I FirebaseInitProvider: FirebaseApp initialization successful
09-02 12:28:46.665  4349  4368 D SystemServicesProxy: updateOverviewLastStackActiveTimeAsync: newTime=1693559943942
09-02 12:28:46.665  3979  4637 D SecContentProvider: query(), uri = 17 selection = isSettingsChangesAllowed
09-02 12:28:46.666  3979  4637 D SecContentProvider: called from android.uid.systemui:10009
09-02 12:28:46.667  4349  4561 D SystemServicesProxy: updateOverviewLastStackActiveTimeAsync: done.
09-02 12:28:46.668  3979  6264 D PackageManager: getComponentMetadataForIconTray : com.example.batterymanager_utility.MainActivity does not exist in mServices
09-02 12:28:46.669  3979  6264 D PackageManager: getComponentMetadataForIconTray : com.example.batterymanager_utility.MainActivity does not exist in mProviders
09-02 12:28:46.669  3979  6264 D PackageManager: getComponentMetadataForIconTray : com.example.batterymanager_utility.MainActivity does not exist in mReceivers
09-02 12:28:46.669  3979  4637 W StorageManager: getStorageLowBytes lowPercent : 5, lowBytes : 1260145254, maxLowBytes : 524288000
09-02 12:28:46.669  4349  4368 D ApplicationPackageManager: updateItemMetaDataForFixedIconScale: package: com.example.batterymanager_utility
09-02 12:28:46.669  3979  6264 D PackageManager: getSelectedMetaData : packageName(com.example.batterymanager_utility) or Metadata strings {[Ljava.lang.String;@5b61c96}
09-02 12:28:46.671  4349  4368 I ApplicationPackageManager: load=com.example.batterymanager_utility, bg=144-144, dr=189-189, forDefault=true, density=0
09-02 12:28:46.673  4349  4368 I ApplicationPackageManager: scaled rate=0.72, size=189, alpha=54, hold=102
09-02 12:28:46.673  4349  4368 D ApplicationPackageManager: iconScale: getScale(): 0.72 getAlpha(): 54
09-02 12:28:46.674  4349  4368 I ApplicationPackageManager: load=com.example.batterymanager_utility-contain, bg=112-112, dr=189-189
09-02 12:28:46.719  3979  4111 D MdnieScenarioControlService:  packageName : org.mozilla.firefox    className : org.mozilla.gecko.BrowserApp
09-02 12:28:46.719  3979  4111 V MdnieScenarioControlService: setUIMode from UI function(3)
09-02 12:28:46.724 17352 17357 I zygote64: Do partial code cache collection, code=29KB, data=25KB
09-02 12:28:46.724 17352 17357 I zygote64: After code cache collection, code=29KB, data=25KB
09-02 12:28:46.724 17352 17357 I zygote64: Increasing code cache capacity to 128KB
09-02 12:28:46.744 17352 17352 I rc_log_ffi::ios: rc_log adapter initialized!
09-02 12:28:46.797 17352 17357 I zygote64: Do partial code cache collection, code=60KB, data=47KB
09-02 12:28:46.797 17352 17357 I zygote64: After code cache collection, code=58KB, data=46KB
09-02 12:28:46.797 17352 17357 I zygote64: Increasing code cache capacity to 256KB
09-02 12:28:46.881 17352 17377 I nimbus::nimbus_client: updating experiment list
09-02 12:28:46.882 17352 17377 I nimbus::persistence: Already at version 2, no upgrade needed
09-02 12:28:46.883 17352 17377 I nimbus::nimbus_client: [Nimbus] Retrieved date from Context: 2023-09-01 07:59:54 UTC
09-02 12:28:46.883 17352 17377 I nimbus::nimbus_client: [Nimbus] Installation Date: 2023-09-01 07:59:54 UTC
09-02 12:28:46.883 17352 17377 I nimbus::nimbus_client: [Nimbus] Update Date: 2023-09-02 06:19:16.138897683 UTC
09-02 12:28:46.883 17352 17377 I nimbus::nimbus_client: [Nimbus] Days since install: 1
09-02 12:28:46.883 17352 17377 I nimbus::nimbus_client: [Nimbus] Days since update: 0
09-02 12:28:46.895 17352 17377 I zygote64: Deoptimizing java.lang.Object com.sun.jna.Function.invoke(java.lang.reflect.Method, java.lang.Class[], java.lang.Class, java.lang.Object[], java.util.Map) due to class hierarchy analysis
09-02 12:28:46.943 17352 17380 I GeckoThread: preparing to run Gecko
09-02 12:28:46.950  3979  4637 W StorageManager: getStorageLowBytes lowPercent : 5, lowBytes : 1260145254, maxLowBytes : 524288000
09-02 12:28:46.951  3979  4637 W StorageManager: getStorageLowBytes lowPercent : 5, lowBytes : 1260145254, maxLowBytes : 524288000
09-02 12:28:46.954  3979  6264 W StorageManager: getStorageLowBytes lowPercent : 5, lowBytes : 1260145254, maxLowBytes : 524288000
09-02 12:28:46.959 17352 17352 I zygote64: Deoptimizing java.lang.Object androidx.collection.SimpleArrayMap.put(java.lang.Object, java.lang.Object) due to JIT inline cache
09-02 12:28:46.966 17352 17380 I GeckoLoader: Library base=/data/app/org.mozilla.firefox-qXEeZwQeSKU-v4RxzjCTZA==/lib/arm64
09-02 12:28:46.968 17352 17380 W Settings: Setting animator_duration_scale has moved from android.provider.Settings.System to android.provider.Settings.Global, returning read-only global URI.
09-02 12:28:46.970 17352 17382 I libglean_ffi: glean_core::core: Creating new Glean v53.1.0
09-02 12:28:46.971 17352 17380 I GeckoLoader: Library base=/data/app/org.mozilla.firefox-qXEeZwQeSKU-v4RxzjCTZA==/lib/arm64
09-02 12:28:46.971 17352 17382 I libglean_ffi: glean_core::database: Database initialized
09-02 12:28:46.974 17352 17380 E GeckoLibLoad: Load sqlite start
09-02 12:28:46.976 17352 17380 E GeckoLibLoad: Load sqlite done
09-02 12:28:46.976 17352 17380 I GeckoLoader: Library base=/data/app/org.mozilla.firefox-qXEeZwQeSKU-v4RxzjCTZA==/lib/arm64
09-02 12:28:46.976 17352 17380 E GeckoLibLoad: Load nss start
09-02 12:28:46.976 17352 17380 E GeckoLibLoad: Load nss done
09-02 12:28:46.976 17352 17380 I GeckoLoader: Library base=/data/app/org.mozilla.firefox-qXEeZwQeSKU-v4RxzjCTZA==/lib/arm64
09-02 12:28:46.976 17352 17382 I libglean_ffi: glean_core: Glean initialized
09-02 12:28:46.978 17352 17382 I libglean_ffi: glean_core::event_database: Loading events for events
09-02 12:28:46.978 17352 17382 I libglean_ffi: glean_core::event_database: Loading events for background-update
09-02 12:28:46.979 17352 17380 E GeckoLibLoad: Loaded libs in 2.781539ms total, 4ms(8ms) user, 0ms(0ms) system, 0(0) faults
09-02 12:28:46.980 17352 17382 I libglean_ffi: glean_core::ping: Collecting events
09-02 12:28:46.982 17352 17380 W GeckoThread: zerdatime 95708414 - runGecko
09-02 12:28:46.984 17352 17357 I zygote64: Do full code cache collection, code=122KB, data=79KB
09-02 12:28:46.984 17352 17357 I zygote64: After code cache collection, code=86KB, data=51KB
09-02 12:28:46.986 17352 17382 I libglean_ffi: glean_core::upload::directory: Processing ping at: /data/user/0/org.mozilla.firefox/glean_data/pending_pings/7bd077fa-8fe4-48a6-b30b-1ea0e7503c0c
09-02 12:28:46.987 17352 17382 I libglean_ffi: glean_core::metrics::ping: The ping 'events' was submitted and will be sent as soon as possible
09-02 12:28:46.989  3614  3927 D DnsProxyListener: DNSDBG::dns by name af 2
09-02 12:28:46.993  3979  4637 D PackageManager: setEnabledSetting : userId = 0 packageName = org.mozilla.firefox cmp = androidx.work.impl.background.systemjob.SystemJobService newState = 1 callingPackage = 10154/org.mozilla.firefox
09-02 12:28:47.005 17352 17382 I glean/MetricsPingSched: The 'metrics' ping was already sent today, 1693650527001.
09-02 12:28:47.009 17352 17382 I libglean_ffi: glean_core::ping: Collecting baseline
09-02 12:28:47.013 17352 17380 I Gecko:DumpUtils: Fifo watcher disabled via pref.
09-02 12:28:47.018 17352 17382 I libglean_ffi: glean_core::upload::directory: Processing ping at: /data/user/0/org.mozilla.firefox/glean_data/pending_pings/0eb633f7-9acd-4a0a-8f82-d67827208e03
09-02 12:28:47.019 17352 17382 I libglean_ffi: glean_core::metrics::ping: The ping 'baseline' was submitted and will be sent as soon as possible
09-02 12:28:47.036 17352 17379 I libglean_ffi: glean_core::ping: Collecting pageload
09-02 12:28:47.036 17352 17379 I libglean_ffi: glean_core::ping: Storage for pageload empty. Bailing out.
09-02 12:28:47.036 17352 17379 I libglean_ffi: glean_core::metrics::ping: No content for ping 'pageload', therefore no ping queued.
09-02 12:28:47.052  3979  4637 D SamsungAlarmManager: setExact Intent (T:0/F:1/AC:false) 20330830T122847 - CU:10154/CP:17352
09-02 12:28:47.055  3979  4637 D ConnectivityService: filterNetworkStateForUid() uid: 10025 networkInfo: [type: WIFI[] - WIFI, state: CONNECTED/CONNECTED, reason: (unspecified), extra: "WiFi 69", failover: false, available: true, roaming: false, metered: false]
09-02 12:28:47.073  3979  6264 D StorageManagerService: getExternalStorageMountMode : 1
09-02 12:28:47.073  3979  6264 D StorageManagerService: getExternalStorageMountMode : 3
09-02 12:28:47.073  3979  6264 D StorageManagerService: getExternalStorageMountMode : final mountMode=1, uid : 10154, packageName : org.mozilla.firefox
09-02 12:28:47.073  3979  6264 I ApplicationPolicy: isApplicationExternalStorageWhitelisted:org.mozilla.firefox user:0
09-02 12:28:47.073  3979  6264 D ApplicationPolicy: isApplicationExternalStorageWhitelisted: DO is not enabled on user 0. Allowed.
09-02 12:28:47.073  3979  6264 D ActivityManager: package  org.mozilla.firefox, user - 0 is SDcard whitelisted
09-02 12:28:47.073  3979  6264 I ApplicationPolicy: isApplicationExternalStorageBlacklisted:org.mozilla.firefox user:0
09-02 12:28:47.074  3979  6264 D ApplicationPolicy: isApplicationExternalStorageBlacklisted: DO is not enabled on user 0. Allowed.
09-02 12:28:47.096 17410 17410 E Zygote  : isWhitelistProcess - Process is Whitelisted
09-02 12:28:47.096 17410 17410 E libpersona: scanKnoxPersonas
09-02 12:28:47.097 17410 17410 E libpersona: Couldn't open the File - /data/system/users/0/personalist.xml - No such file or directory
09-02 12:28:47.100 17410 17410 W SELinux : SELinux selinux_android_compute_policy_index : Policy Index[2],  Con:u:r:zygote:s0 RAM:SEPF_SM-J720F_8.0.0_0017, [-1 -1 -1 -1 0 1]
09-02 12:28:47.101 17410 17410 I SELinux : SELinux: seapp_context_lookup: seinfo=untrusted, level=s0:c512,c768, pkgname=org.mozilla.firefox:tab19 
09-02 12:28:47.102  3979  6264 I ActivityManager: Start proc 17410:org.mozilla.firefox:tab19/u0a154 for service org.mozilla.firefox/org.mozilla.gecko.process.GeckoChildProcessServices$tab19
09-02 12:28:47.104  3979  9236 D ConnectivityService: filterNetworkStateForUid() uid: 10025 networkInfo: [type: WIFI[] - WIFI, state: CONNECTED/CONNECTED, reason: (unspecified), extra: "WiFi 69", failover: false, available: true, roaming: false, metered: false]
09-02 12:28:47.126 17410 17410 D TimaKeyStoreProvider: TimaKeyStore is not enabled: cannot add TimaSignature Service and generateKeyPair Service
09-02 12:28:47.126 17410 17410 D ActivityThread: Added TimaKeyStore provider
09-02 12:28:47.129 17352 17379 I libglean_ffi: glean_core::core: Upload enabled: true
09-02 12:28:47.129  3979  9236 I ActivityManager: DSS on for org.mozilla.firefox and scale is 1.0
09-02 12:28:47.144 17410 17410 I zygote64: no shared libraies, dex_files: 1
09-02 12:28:47.154  3979  9236 D ConnectivityService: filterNetworkStateForUid() uid: 10154 networkInfo: [type: WIFI[] - WIFI, state: CONNECTED/CONNECTED, reason: (unspecified), extra: "WiFi 69", failover: false, available: true, roaming: false, metered: false]
09-02 12:28:47.172 17352 17362 I zygote64: Background concurrent copying GC freed 14036(1005KB) AllocSpace objects, 2(40KB) LOS objects, 50% free, 3MB/6MB, paused 365us total 106.672ms
09-02 12:28:47.193 17410 17410 I ServiceChildProcess: onCreate
09-02 12:28:47.195 17352 17352 I FenixApplication: AutoPushFeature is configured, initializing it...
09-02 12:28:47.197 17352 17352 I AbstractFirebasePushService: start
09-02 12:28:47.198  3979  9236 D PackageManager: setEnabledSetting : userId = 0 packageName = org.mozilla.firefox cmp = androidx.work.impl.background.systemalarm.RescheduleReceiver newState = 1 callingPackage = 10154/org.mozilla.firefox
09-02 12:28:47.199 17410 17445 I GeckoThread: preparing to run Gecko
09-02 12:28:47.229  3979  4637 D ConnectivityService: filterNetworkStateForUid() uid: 10154 networkInfo: [type: WIFI[] - WIFI, state: CONNECTED/CONNECTED, reason: (unspecified), extra: "WiFi 69", failover: false, available: true, roaming: false, metered: false]
09-02 12:28:47.236  3979  4637 D ConnectivityService: filterNetworkStateForUid() uid: 10154 networkInfo: [type: WIFI[] - WIFI, state: CONNECTED/CONNECTED, reason: (unspecified), extra: "WiFi 69", failover: false, available: true, roaming: false, metered: false]
09-02 12:28:47.239  3979  9236 D ConnectivityService: filterNetworkStateForUid() uid: 10154 networkInfo: [type: WIFI[] - WIFI, state: CONNECTED/CONNECTED, reason: (unspecified), extra: "WiFi 69", failover: false, available: true, roaming: false, metered: false]
09-02 12:28:47.247 17352 17439 D ConnectivityManager: requestNetwork; CallingUid : 10154, CallingPid : 17352
09-02 12:28:47.251  3979  4637 D ConnectivityService: requestNetwork for uid/pid:10154/17352 NetworkRequest [ TRACK_DEFAULT id=659, [ Capabilities: INTERNET&NOT_RESTRICTED&TRUSTED&NOT_VPN] ]
09-02 12:28:47.252  3979  4180 D ConnectivityService: rematching NetworkAgentInfo [WIFI () - 502]
09-02 12:28:47.252  3979  4180 D ConnectivityService:  network has: [ Transports: WIFI Capabilities: NOT_METERED&INTERNET&NOT_RESTRICTED&TRUSTED&NOT_VPN&VALIDATED&FOREGROUND LinkUpBandwidth>=1048576Kbps LinkDnBandwidth>=1048576Kbps SignalStrength: -54]
09-02 12:28:47.252  3979  4180 D ConnectivityService: Network NetworkAgentInfo [WIFI () - 502] was already satisfying request 3. No change.
09-02 12:28:47.252  3979  4180 D ConnectivityService: Network NetworkAgentInfo [WIFI () - 502] was already satisfying request 1. No change.
09-02 12:28:47.252  3979  4180 D ConnectivityService:   checking if request is satisfied: NetworkRequest [ TRACK_DEFAULT id=659, [ Capabilities: INTERNET&NOT_RESTRICTED&TRUSTED&NOT_VPN] ]
09-02 12:28:47.252  3979  4180 D ConnectivityService: currentScore = 0, newScore = 60
09-02 12:28:47.252  3979  4180 D ConnectivityService: rematch for NetworkAgentInfo [WIFI () - 502]
09-02 12:28:47.252  3979  4180 D ConnectivityService:    accepting network in place of null
09-02 12:28:47.252  3979  4180 D ConnectivityService: sending new Min Network Score(60): NetworkRequest [ TRACK_DEFAULT id=659, [ Capabilities: INTERNET&NOT_RESTRICTED&TRUSTED&NOT_VPN] ]
09-02 12:28:47.253  3979  4177 D WIFI_P2P: got request NetworkRequest [ TRACK_DEFAULT id=659, [ Capabilities: INTERNET&NOT_RESTRICTED&TRUSTED&NOT_VPN] ] with score 60
09-02 12:28:47.253  3979  4306 D Ethernet: got request NetworkRequest [ TRACK_DEFAULT id=659, [ Capabilities: INTERNET&NOT_RESTRICTED&TRUSTED&NOT_VPN] ] with score 60
09-02 12:28:47.253  3979  4177 D WIFI_P2P:   my score=60, my filter=[ Transports: WIFI Capabilities: WIFI_P2P&NOT_RESTRICTED&TRUSTED&NOT_VPN LinkUpBandwidth>=1048576Kbps LinkDnBandwidth>=1048576Kbps]
09-02 12:28:47.253  3979  4177 D WIFI_P2P: evalRequest
09-02 12:28:47.253  3979  4306 D Ethernet:   my score=-1, my filter=[ Transports: ETHERNET Capabilities: INTERNET&NOT_RESTRICTED&TRUSTED&NOT_VPN LinkUpBandwidth>=100000Kbps LinkDnBandwidth>=100000Kbps]
09-02 12:28:47.253  3979  4177 D WIFI_P2P:   done
09-02 12:28:47.253  3979  4306 D Ethernet: evalRequest
09-02 12:28:47.253  3979  4180 D ConnectivityService: MultiNetwork Request(TransportType - Wi-Fi request). Internet Capability doesn't required (false)
09-02 12:28:47.253  3979  4306 D Ethernet:   done
09-02 12:28:47.253  3979  4180 D ConnectivityService: Network NetworkAgentInfo [WIFI () - 502] was already satisfying request 443. No change.
09-02 12:28:47.253  3979  4180 D ConnectivityService: Network NetworkAgentInfo [WIFI () - 502] was already satisfying request 140. No change.
09-02 12:28:47.253  4633  4633 D PhoneSwitcherNetworkRequstListener: got request NetworkRequest [ TRACK_DEFAULT id=659, [ Capabilities: INTERNET&NOT_RESTRICTED&TRUSTED&NOT_VPN] ] with score 60
09-02 12:28:47.253  3979  4180 D ConnectivityService: sending notification AVAILABLE for NetworkRequest [ TRACK_DEFAULT id=659, [ Capabilities: INTERNET&NOT_RESTRICTED&TRUSTED&NOT_VPN] ]
09-02 12:28:47.253  4633  4633 D PhoneSwitcherNetworkRequstListener:   my score=101, my filter=[ Transports: CELLULAR Capabilities: MMS&SUPL&DUN&FOTA&IMS&CBS&IA&RCS&XCAP&EIMS&INTERNET&NOT_RESTRICTED&TRUSTED&NOT_VPN&ENT1 Specifier: <android.net.MatchAllNetworkSpecifier@0>]
09-02 12:28:47.253  4633  4633 D PhoneSwitcherNetworkRequstListener: evalRequest
09-02 12:28:47.253  4633  4633 D PhoneSwitcherNetworkRequstListener:   needNetworkFor
09-02 12:28:47.254  3979  4180 D ConnectivityService: sending notification CAP_CHANGED for NetworkRequest [ TRACK_DEFAULT id=659, [ Capabilities: INTERNET&NOT_RESTRICTED&TRUSTED&NOT_VPN] ]
09-02 12:28:47.255  3979  4153 D WIFI    : got request NetworkRequest [ TRACK_DEFAULT id=659, [ Capabilities: INTERNET&NOT_RESTRICTED&TRUSTED&NOT_VPN] ] with score 60
09-02 12:28:47.255  3979  4180 D ConnectivityService: sending notification IP_CHANGED for NetworkRequest [ TRACK_DEFAULT id=659, [ Capabilities: INTERNET&NOT_RESTRICTED&TRUSTED&NOT_VPN] ]
09-02 12:28:47.256  3979  4153 D WIFI    :   my score=60, my filter=[ Transports: WIFI Capabilities: NOT_METERED&INTERNET&NOT_RESTRICTED&TRUSTED&NOT_VPN LinkUpBandwidth>=1048576Kbps LinkDnBandwidth>=1048576Kbps]
09-02 12:28:47.256  3979  4153 D WIFI    : evalRequest
09-02 12:28:47.256  3979  4153 D WIFI    :   needNetworkFor
09-02 12:28:47.256  3979  4153 D WIFI_UT : got request NetworkRequest [ TRACK_DEFAULT id=659, [ Capabilities: INTERNET&NOT_RESTRICTED&TRUSTED&NOT_VPN] ] with score 60
09-02 12:28:47.256  3979  4153 D WIFI_UT :   my score=2147483647, my filter=[ Transports: WIFI Capabilities: NOT_METERED&INTERNET&NOT_RESTRICTED&TRUSTED&NOT_VPN LinkUpBandwidth>=1048576Kbps LinkDnBandwidth>=1048576Kbps]
09-02 12:28:47.256  3979  4153 D WIFI_UT : evalRequest
09-02 12:28:47.256  3979  4153 D WIFI_UT :   needNetworkFor
09-02 12:28:47.257  3979  9236 D ConnectivityService: filterNetworkStateForUid() uid: 10154 networkInfo: [type: WIFI[] - WIFI, state: CONNECTED/CONNECTED, reason: (unspecified), extra: "WiFi 69", failover: false, available: true, roaming: false, metered: false]
09-02 12:28:47.259 17352 17446 I push::internal::communications::rate_limiter: No need to reset inner timestamp and count for verify_connection.
09-02 12:28:47.263  3979  9236 D ConnectivityService: filterNetworkStateForUid() uid: 10154 networkInfo: [type: WIFI[] - WIFI, state: CONNECTED/CONNECTED, reason: (unspecified), extra: "WiFi 69", failover: false, available: true, roaming: false, metered: false]
09-02 12:28:47.267  3979  6264 I ActivityManager: START u0 {act=android.intent.action.VIEW typ=null flg=0x0 cmp=ComponentInfo{org.mozilla.firefox/org.mozilla.fenix.HomeActivity}} from uid 10154
09-02 12:28:47.277 17352 17446 I push::internal::communications::rate_limiter: Not allowed: count(55) > 1 for verify_connection.
09-02 12:28:47.280 17352 17446 I AutoPushFeature: No change to subscriptions. Doing nothing.
09-02 12:28:47.298 17352 17352 I Choreographer: Skipped 37 frames!  The application may be doing too much work on its main thread.
09-02 12:28:47.312  3979  4046 D ViewRootImpl@98b1450[firefox]: setView = DecorView@2bf8b4e[firefox] TM=true MM=false
09-02 12:28:47.320  3979  4046 D ViewRootImpl@98b1450[firefox]: dispatchAttachedToWindow
09-02 12:28:47.321  3979  4046 V WindowManager: Relayout Window{6483649 u0 Splash Screen org.mozilla.firefox}: viewVisibility=0 req=719x1237 WM.LayoutParams{(0,0)(fillxfill) sim=#20 ty=3 fl=#81830118 pfl=0x20011 fmt=-3 wanim=0x10302ea vsysui=0x600 needsMenuKey=2 colorMode=0 naviIconColor=0}
09-02 12:28:47.324  3462  3462 I SurfaceFlinger: id=1709 createSurf (720x1280),1 flag=4, Splash Screen org.mozilla.firefox#0
09-02 12:28:47.325  3979  4046 V Surface : sf_framedrop debug : 0x4f4c, game : false, logging : 0
09-02 12:28:47.329  3979  4046 D ViewRootImpl@98b1450[firefox]: Relayout returned: old=[0,0][0,0] new=[0,0][720,1280] result=0x7 surface={valid=true 535472209920} changed=true
09-02 12:28:47.356  3979  4046 V WindowManager: finishDrawingLocked: mDrawState=COMMIT_DRAW_PENDING Window{6483649 u0 Splash Screen org.mozilla.firefox} in Surface(name=Splash Screen org.mozilla.firefox)
09-02 12:28:47.366  3979  6264 D ActivityManager: isScaleDownAnimationEnabled() : false
09-02 12:28:47.369  3979  6264 D PersonaManagerService: Current focused persona service handled id set to : 0
09-02 12:28:47.370  3979  6264 D InputDispatcher: Focused application set to: xxxx
09-02 12:28:47.373  3979  4238 D GameManagerService: handleForegroundChange(). pkgName: org.mozilla.firefox, clsName: org.mozilla.fenix.HomeActivity,FgActivityName:org.mozilla.firefox/org.mozilla.fenix.HomeActivity
09-02 12:28:47.373  3979  4238 D GameManagerService:   handleForegroundChange(). same package. game has never resumed yet. ignore
09-02 12:28:47.373  3979  6264 D MARsPolicyManager: onPackageResumedFG pkgName = org.mozilla.firefox, userId = 0
09-02 12:28:47.388 17352 17357 I zygote64: Do partial code cache collection, code=120KB, data=77KB
09-02 12:28:47.389 17352 17357 I zygote64: After code cache collection, code=120KB, data=77KB
09-02 12:28:47.389 17352 17357 I zygote64: Increasing code cache capacity to 512KB
09-02 12:28:47.392  3462  3462 V Surface : sf_framedrop debug : 0x4f4c, game : false, logging : 0
09-02 12:28:47.393 17310 17327 D OpenGLRenderer: eglDestroySurface = 0x7cc1bf04c0
09-02 12:28:47.402  3979  6264 D TaskSnapshotCache: putSnapshot mTaskId=477 RunningCache size=4
09-02 12:28:47.408  3979  4668 V WindowManager: Relayout Window{ed58272 u0 com.example.batterymanager_utility/com.example.batterymanager_utility.MainActivity}: viewVisibility=8 req=720x1280 WM.LayoutParams{(0,0)(fillxfill) sim=#120 ty=1 fl=#81810100 pfl=0x20000 wanim=0x10302fd vsysui=0x600 needsMenuKey=2 colorMode=0 naviIconColor=0}
09-02 12:28:47.417 17310 17310 D ViewRootImpl@110cd72[MainActivity]: Relayout returned: old=[0,0][720,1280] new=[0,0][720,1280] result=0x5 surface={valid=false 0} changed=true
09-02 12:28:47.418  3979  3996 D WindowManager: set systemUiVisibility : systemUiFlags= 0x608 fullscreenStackSysUiFlags= 0x0
09-02 12:28:47.424  3462  3462 I SurfaceFlinger: Display 0 HWC layers:
09-02 12:28:47.424  3462  3462 I SurfaceFlinger:     type    |    handle    | flag |  format   |   source crop (l,t,r,b)    |         frame       | name 
09-02 12:28:47.424  3462  3462 I SurfaceFlinger: ------------+--------------+------+-----------+----------------------------+---------------------+------
09-02 12:28:47.424  3462  3462 I SurfaceFlinger:      Client |              | 0000 |  Unknown  |  -0.2   -0.2   -0.8   -0.8 |    0    0  720 1280 | animation background stackId=1#0
09-02 12:28:47.424  3462  3462 I SurfaceFlinger:      Client | 0x7ac0b8fac0 | 0002 | RGBA_8888 |   0.0    0.0  720.0 1280.0 |    0    0  720 1279 | com.example.batterymanager_utility/c[...]atterymanager_utility.MainActivity#0
09-02 12:28:47.424  3462  3462 I SurfaceFlinger:      Device | 0x7ac4c24480 | 0000 | RGBA_8888 |   0.0    0.0  720.0   42.0 |    0    0  720   42 | StatusBar#0
09-02 12:28:47.424  3462  3462 I SurfaceFlinger: 
09-02 12:28:47.440 17352 17380 W ResourceType: Too many attribute references, stopped at: 0x01010099
09-02 12:28:47.464 17352 17397 W logins::schema: user_version: 2
09-02 12:28:47.474  3979  4637 D StorageManagerService: getExternalStorageMountMode : 1
09-02 12:28:47.474  3979  4637 D StorageManagerService: getExternalStorageMountMode : 3
09-02 12:28:47.474  3979  4637 D StorageManagerService: getExternalStorageMountMode : final mountMode=1, uid : 10154, packageName : org.mozilla.firefox
09-02 12:28:47.475  3979  4637 I ApplicationPolicy: isApplicationExternalStorageWhitelisted:org.mozilla.firefox user:0
09-02 12:28:47.475  3979  4637 D ApplicationPolicy: isApplicationExternalStorageWhitelisted: DO is not enabled on user 0. Allowed.
09-02 12:28:47.475  3979  4637 D ActivityManager: package  org.mozilla.firefox, user - 0 is SDcard whitelisted
09-02 12:28:47.475  3979  4637 I ApplicationPolicy: isApplicationExternalStorageBlacklisted:org.mozilla.firefox user:0
09-02 12:28:47.475  3979  4637 D ApplicationPolicy: isApplicationExternalStorageBlacklisted: DO is not enabled on user 0. Allowed.
09-02 12:28:47.493  3979  4637 I ActivityManager: Start proc 17486:org.mozilla.firefox:gpu/u0a154 for service org.mozilla.firefox/org.mozilla.gecko.process.GeckoChildProcessServices$gpu
09-02 12:28:47.494 17486 17486 E Zygote  : isWhitelistProcess - Process is Whitelisted
09-02 12:28:47.495 17486 17486 E libpersona: scanKnoxPersonas
09-02 12:28:47.495 17486 17486 E libpersona: Couldn't open the File - /data/system/users/0/personalist.xml - No such file or directory
09-02 12:28:47.498 17486 17486 W SELinux : SELinux selinux_android_compute_policy_index : Policy Index[2],  Con:u:r:zygote:s0 RAM:SEPF_SM-J720F_8.0.0_0017, [-1 -1 -1 -1 0 1]
09-02 12:28:47.499 17486 17486 I SELinux : SELinux: seapp_context_lookup: seinfo=untrusted, level=s0:c512,c768, pkgname=org.mozilla.firefox:gpu 
09-02 12:28:47.501  4349  4372 D SystemServicesProxy: updateOverviewLastStackActiveTimeAsync: newTime=1693559943942
09-02 12:28:47.502  3979  4637 D SecContentProvider: query(), uri = 17 selection = isSettingsChangesAllowed
09-02 12:28:47.502  3979  4637 D SecContentProvider: called from android.uid.systemui:10009
09-02 12:28:47.503  4349  4561 D SystemServicesProxy: updateOverviewLastStackActiveTimeAsync: done.
09-02 12:28:47.518 17486 17486 D TimaKeyStoreProvider: TimaKeyStore is not enabled: cannot add TimaSignature Service and generateKeyPair Service
09-02 12:28:47.519 17486 17486 D ActivityThread: Added TimaKeyStore provider
09-02 12:28:47.523  3979  6264 I ActivityManager: DSS on for org.mozilla.firefox and scale is 1.0
09-02 12:28:47.543 17486 17486 I zygote64: no shared libraies, dex_files: 1
09-02 12:28:47.597 17486 17486 I ServiceChildProcess: onCreate
09-02 12:28:47.600  3614  3927 D DnsProxyListener: DNSDBG::dns addrinfo af 2
09-02 12:28:47.600  3614  3927 D DnsProxyListener: DNSDBG::dns addrinfo af 2
09-02 12:28:47.603 17486 17513 I GeckoThread: preparing to run Gecko
09-02 12:28:47.604 17352 17404 W ActivityThread: ClassLoader.getResources: The class loader returned by Thread.getContextClassLoader() may fail for processes that host multiple applications. You should explicitly specify a context class loader. For example: Thread.setContextClassLoader(getClass().getClassLoader());
09-02 12:28:47.611  4962  4962 D io_stats: !@ 179,0 r 598079 18139548 w 376739 8049624 d 39680 19230640 f 105270 107549 iot 477068 400848 th 51200 0 0 pt 0 inp 0 0 41060.856
09-02 12:28:47.612  3462  3462 I SurfaceFlinger: Display 0 HWC layers:
09-02 12:28:47.612  3462  3462 I SurfaceFlinger:     type    |    handle    | flag |  format   |   source crop (l,t,r,b)    |         frame       | name 
09-02 12:28:47.612  3462  3462 I SurfaceFlinger: ------------+--------------+------+-----------+----------------------------+---------------------+------
09-02 12:28:47.612  3462  3462 I SurfaceFlinger:      Client |              | 0000 |  Unknown  |  -0.2   -0.2   -0.8   -0.8 |    0    0  720 1280 | animation background stackId=1#0
09-02 12:28:47.612  3462  3462 I SurfaceFlinger:      Client | 0x7ac0b8fac0 | 0002 | RGBA_8888 |   0.0    0.0  720.0 1280.0 |   16   29  703 1251 | com.example.batterymanager_utility/c[...]atterymanager_utility.MainActivity#0
09-02 12:28:47.612  3462  3462 I SurfaceFlinger:      Device | 0x7ac4c24780 | 0000 | RGBA_8888 |   0.0    0.0  720.0 1022.0 |   17  305  704 1280 | Splash Screen org.mozilla.firefox#0
09-02 12:28:47.612  3462  3462 I SurfaceFlinger:      Device | 0x7abe64b980 | 0000 | RGBA_8888 |   0.0    0.0  720.0   42.0 |    0    0  720   42 | StatusBar#0
09-02 12:28:47.612  3462  3462 I SurfaceFlinger: 
09-02 12:28:47.679 17352 17352 I NavController: Ignoring popBackStack to destination org.mozilla.firefox:id/browserFragment as it was not found on the current back stack
09-02 12:28:47.679 17352 17352 I NavController: Ignoring popBackStack to destination org.mozilla.firefox:id/homeFragment as it was not found on the current back stack
09-02 12:28:47.726 17352 17352 I ContileTopSitesUpdater: Started periodic work to update Contile top sites
09-02 12:28:47.757  3979  4637 D BatteryService: !@BatteryListener : batteryPropertiesChanged!
09-02 12:28:47.886 17352 17357 I zygote64: Do full code cache collection, code=251KB, data=154KB
09-02 12:28:47.887 17352 17357 I zygote64: After code cache collection, code=222KB, data=121KB
09-02 12:28:47.903  3979  4046 I WindowManager: Destroying surface Surface(name=com.example.batterymanager_utility/com.example.batterymanager_utility.MainActivity) called by com.android.server.wm.WindowStateAnimator.destroySurface:2501 com.android.server.wm.WindowStateAnimator.destroySurfaceLocked:985 com.android.server.wm.WindowState.destroyOrSaveSurfaceUnchecked:3671 com.android.server.wm.WindowState.destroySurface:3619 com.android.server.wm.AppWindowToken.destroySurfaces:722 com.android.server.wm.AppWindowToken.destroySurfaces:706 com.android.server.wm.WindowState.onExitAnimationDone:5333 com.android.server.wm.WindowStateAnimator.stepAnimationLocked:550 
09-02 12:28:47.904  3462  4087 I SurfaceFlinger: id=1708 Removed com.example.batterymanager_utility/com.example.batterymanager_utility.MainActivity#0 (2/5)
09-02 12:28:47.907  3462  4087 I SurfaceFlinger: id=1708 Removed com.example.batterymanager_utility/com.example.batterymanager_utility.MainActivity#0 (-2/5)
09-02 12:28:47.913 17352 17352 W GeckoViewActivityContextDelegate: A non-activity context was set.
09-02 12:28:47.920  3462  3462 I Layer   : id=1708 onRemoved com.example.batterymanager_utility/com.example.batterymanager_utility.MainActivity#0 
09-02 12:28:47.923  3462  3462 I SurfaceFlinger: Display 0 HWC layers:
09-02 12:28:47.923  3462  3462 I SurfaceFlinger:     type    |    handle    | flag |  format   |   source crop (l,t,r,b)    |         frame       | name 
09-02 12:28:47.923  3462  3462 I SurfaceFlinger: ------------+--------------+------+-----------+----------------------------+---------------------+------
09-02 12:28:47.923  3462  3462 I SurfaceFlinger:      Device | 0x7ac4c24780 | 0000 | RGBA_8888 |   0.0    0.0  720.0 1280.0 |    0    0  720 1280 | Splash Screen org.mozilla.firefox#0
09-02 12:28:47.923  3462  3462 I SurfaceFlinger:      Device | 0x7ac4c25140 | 0000 | RGBA_8888 |   0.0    0.0  720.0   42.0 |    0    0  720   42 | StatusBar#0
09-02 12:28:47.923  3462  3462 I SurfaceFlinger: 
09-02 12:28:47.926 17352 17379 I libglean_ffi: glean_core::ping: Collecting baseline
09-02 12:28:47.936  3614  3927 D DnsProxyListener: DNSDBG::dns addrinfo af 2
09-02 12:28:47.936 17352 17379 I libglean_ffi: glean_core::upload::directory: Processing ping at: /data/user/0/org.mozilla.firefox/glean_data/pending_pings/ad945f1f-ab76-4638-823f-0773aaab5c4b
09-02 12:28:47.938 17352 17379 I libglean_ffi: glean_core::metrics::ping: The ping 'baseline' was submitted and will be sent as soon as possible
09-02 12:28:47.938  3979  6264 D ConnectivityService: filterNetworkStateForUid() uid: 10154 networkInfo: [type: WIFI[] - WIFI, state: CONNECTED/CONNECTED, reason: (unspecified), extra: "WiFi 69", failover: false, available: true, roaming: false, metered: false]
09-02 12:28:47.939  3979  4637 D ConnectivityService: filterNetworkStateForUid() uid: 10154 networkInfo: [type: WIFI[] - WIFI, state: CONNECTED/CONNECTED, reason: (unspecified), extra: "WiFi 69", failover: false, available: true, roaming: false, metered: false]
09-02 12:28:47.945 17352 17434 I zygote64: Deoptimizing void kotlin.sequences.SequencesKt___SequencesKt.toCollection(kotlin.sequences.Sequence, java.util.AbstractCollection) due to JIT inline cache
09-02 12:28:47.960 17352 17352 I BgSyncManager: Periodic syncing enabled: PeriodicSyncConfig(periodMinutes=240, initialDelayMinutes=5)
09-02 12:28:47.960 17352 17352 I FirefoxAccountStateMachine: Sync is enabled
09-02 12:28:47.961 17352 17396 I StartupTypeTelemetry: Recorded start up: cold_view
09-02 12:28:47.979 17352 17526 D OpenGLRenderer: HWUI GL Pipeline
09-02 12:28:47.986 17352 17352 D ViewRootImpl@88b7945[HomeActivity]: setView = DecorView@2b3d89a[HomeActivity] TM=true MM=false
09-02 12:28:47.987  3979  4637 D ActivityManager: post active user change for 0 fullscreen true isHomeActivity() false
09-02 12:28:47.991 17352 17528 I libglean_ffi: glean_core::upload: New upload task with id 7bd077fa-8fe4-48a6-b30b-1ea0e7503c0c (path: /submit/org-mozilla-firefox/events/1/7bd077fa-8fe4-48a6-b30b-1ea0e7503c0c)
09-02 12:28:47.998  3614  3927 D DnsProxyListener: DNSDBG::dns addrinfo af 2
09-02 12:28:48.009  3979  4637 I chatty  : uid=1000(system) Binder:3979_8 identical 6 lines
09-02 12:28:48.011  3979  4637 D ConnectivityService: filterNetworkStateForUid() uid: 10154 networkInfo: [type: WIFI[] - WIFI, state: CONNECTED/CONNECTED, reason: (unspecified), extra: "WiFi 69", failover: false, available: true, roaming: false, metered: false]
09-02 12:28:48.011  3979  4323 I OpenGLRenderer: Initialized EGL, version 1.4
09-02 12:28:48.011  3979  4323 D OpenGLRenderer: Swap behavior 2
09-02 12:28:48.013 17352 17357 I zygote64: Do partial code cache collection, code=246KB, data=150KB
09-02 12:28:48.013 17352 17357 I zygote64: After code cache collection, code=244KB, data=149KB
09-02 12:28:48.013 17352 17357 I zygote64: Increasing code cache capacity to 1024KB
09-02 12:28:48.014 17486 17513 I GeckoLoader: Library base=/data/app/org.mozilla.firefox-qXEeZwQeSKU-v4RxzjCTZA==/lib/arm64
09-02 12:28:48.014 17486 17513 I GeckoLoader: Library base=/data/app/org.mozilla.firefox-qXEeZwQeSKU-v4RxzjCTZA==/lib/arm64
09-02 12:28:48.015  3614  3927 D DnsProxyListener: DNSDBG::dns addrinfo af 2
09-02 12:28:48.015 17486 17513 E GeckoLibLoad: Load sqlite start
09-02 12:28:48.022 17486 17513 E GeckoLibLoad: Load sqlite done
09-02 12:28:48.023  3614  3927 D DnsProxyListener: DNSDBG::dns addrinfo af 2
09-02 12:28:48.023  3614  3927 D DnsProxyListener: DNSDBG::dns addrinfo af 2
09-02 12:28:48.023 17486 17513 I GeckoLoader: Library base=/data/app/org.mozilla.firefox-qXEeZwQeSKU-v4RxzjCTZA==/lib/arm64
09-02 12:28:48.023 17486 17513 E GeckoLibLoad: Load nss start
09-02 12:28:48.024 17486 17513 E GeckoLibLoad: Load nss done
09-02 12:28:48.024 17486 17513 I GeckoLoader: Library base=/data/app/org.mozilla.firefox-qXEeZwQeSKU-v4RxzjCTZA==/lib/arm64
09-02 12:28:48.026 17352 17535 I FirefoxAccountStateMachine: Processing event 'mozilla.components.service.fxa.manager.Event$Account$Start@763abfa' for state Idle(accountState=NotAuthenticated). Next state is Active(progressState=Initializing)
09-02 12:28:48.028  3614  3927 D DnsProxyListener: DNSDBG::dns addrinfo af 2
09-02 12:28:48.029 17352 17352 D ViewRootImpl@88b7945[HomeActivity]: dispatchAttachedToWindow
09-02 12:28:48.036  3614  3927 D DnsProxyListener: DNSDBG::dns addrinfo af 2
09-02 12:28:48.037  3614  3927 D DnsProxyListener: DNSDBG::dns addrinfo af 2
09-02 12:28:48.040 17352 17387 I WM-WorkerWrapper: Worker result SUCCESS for Work [ id=a123f52e-7e9e-4507-8184-7a060860eb4a, tags={ org.mozilla.fenix.messaging.MessageNotificationWorker } ]
09-02 12:28:48.053 17486 17513 E GeckoLibLoad: Loaded libs in 28.614039ms total, 12ms(12ms) user, 8ms(12ms) system, 0(0) faults
09-02 12:28:48.053 17486 17513 W GeckoThread: zerdatime 95709485 - runGecko
09-02 12:28:48.060  3979  4637 D JobServiceContext: sendStopMessageLocked stop reason: cancel() called by app
09-02 12:28:48.060  3979  6264 V WindowManager: Relayout Window{4b5f4d6 u0 org.mozilla.firefox/org.mozilla.fenix.HomeActivity}: viewVisibility=0 req=719x1237 WM.LayoutParams{(0,0)(fillxfill) sim=#110 ty=1 fl=#81010100 pfl=0x20000 wanim=0x7f1404fa vsysui=0x2610 needsMenuKey=2 colorMode=0 naviIconColor=0}
09-02 12:28:48.064  3347  3347 W keymaster2_mdfpp: entered get_key_characteristics function.
09-02 12:28:48.065  3462  3462 I SurfaceFlinger: id=1710 createSurf (720x1280),1 flag=404, org.mozilla.firefox/org.mozilla.fenix.HomeActivity#0
09-02 12:28:48.066  3347  3347 W keymaster_tee: [WRN]KEY_PARAMS: AES ENC DEC GCM PADNO AUTH SIZE:256 
09-02 12:28:48.066  3347  3347 W keymaster_tee: [WRN]KEY_PARAMS: 20230902081917 
09-02 12:28:48.066  3347  3347 W keymaster2_mdfpp: exit get_key_characteristics function, returned 0
09-02 12:28:48.067  3979  6264 V Surface : sf_framedrop debug : 0x4f4c, game : false, logging : 0
09-02 12:28:48.067  3979  3996 D WindowManager: set systemUiVisibility : systemUiFlags= 0x2608 fullscreenStackSysUiFlags= 0x0
09-02 12:28:48.070  3347  3347 W keymaster2_mdfpp: entered get_key_characteristics function.
09-02 12:28:48.072  3347  3347 W keymaster_tee: [WRN]KEY_PARAMS: AES ENC DEC GCM PADNO AUTH SIZE:256 
09-02 12:28:48.072  3347  3347 W keymaster_tee: [WRN]KEY_PARAMS: 20230902081917 
09-02 12:28:48.072  3347  3347 W keymaster2_mdfpp: exit get_key_characteristics function, returned 0
09-02 12:28:48.074  3979  6264 D InputDispatcher: Focus entered window: 17352
09-02 12:28:48.076  3979  4637 D WindowManager: adjustSystemUiVisibilityLw : vis= 0x2608
09-02 12:28:48.076 17352 17352 V Surface : sf_framedrop debug : 0x4f4c, game : false, logging : 0
09-02 12:28:48.076 17352 17352 D ViewRootImpl@88b7945[HomeActivity]: Relayout returned: old=[0,0][0,0] new=[0,0][720,1280] result=0x7 surface={valid=true 533351190528} changed=true
09-02 12:28:48.077 17352 17526 I OpenGLRenderer: Initialized EGL, version 1.4
09-02 12:28:48.077 17352 17526 D OpenGLRenderer: Swap behavior 2
09-02 12:28:48.082 17352 17526 D libGLESv1: STS_GLApi : DTS, ODTC are not allowed for Package : org.mozilla.firefox
09-02 12:28:48.085 17352 17526 D mali_winsys: EGLint new_window_surface(egl_winsys_display *, void *, EGLSurface, EGLConfig, egl_winsys_surface **, egl_color_buffer_format *, EGLBoolean) returns 0x3000,  [720x1280]-format:1
09-02 12:28:48.085 17352 17526 D OpenGLRenderer: eglCreateWindowSurface = 0x7c2ac2f7c0
09-02 12:28:48.104  3979  4637 I ActivityManager: Displayed org.mozilla.firefox/org.mozilla.fenix.HomeActivity: +738ms (total +1s559ms)
09-02 12:28:48.104  3979  4637 I ActivityManager: Fully drawn org.mozilla.firefox/org.mozilla.fenix.HomeActivity: +738ms (total +1s559ms)
09-02 12:28:48.106  3462  3462 I SurfaceFlinger: id=1711 createSurf (720x1238),1 flag=4, SurfaceView - org.mozilla.firefox/org.mozilla.fenix.HomeActivity@e6ce202@0#0
09-02 12:28:48.107  3462  3462 I SurfaceFlinger: id=1712 createSurf (720x1238),-1 flag=20004, Background for - SurfaceView - org.mozilla.firefox/org.mozilla.fenix.HomeActivity@e6ce202@0#0
09-02 12:28:48.107 17352 17352 D SurfaceView: BG hide() Surface(name=Background for - SurfaceView - org.mozilla.firefox/org.mozilla.fenix.HomeActivity@e6ce202@0) false true org.mozilla.gecko.MagnifiableSurfaceView{e6ce202 V.E...... ......ID 0,0-720,1238}
09-02 12:28:48.109 17352 17535 I FirefoxAccount: Registering persistence callback
09-02 12:28:48.109 17352 17535 I FirefoxAccountStateMachine: Ran 'mozilla.components.service.fxa.manager.Event$Account$Start@763abfa' side-effects for state Active(progressState=Initializing), got successive event mozilla.components.service.fxa.manager.Event$Progress$AccountNotFound@7bdfd50
09-02 12:28:48.110 17352 17535 I FirefoxAccountStateMachine: Processing event 'mozilla.components.service.fxa.manager.Event$Progress$AccountNotFound@7bdfd50' for state Active(progressState=Initializing). Next state is Idle(accountState=NotAuthenticated)
09-02 12:28:48.120 17352 17352 V Surface : sf_framedrop debug : 0x4f4c, game : false, logging : 0
09-02 12:28:48.121 17352 17352 D SurfaceView: surfaceCreated 1 org.mozilla.gecko.MagnifiableSurfaceView{e6ce202 V.E...... ......ID 0,0-720,1238}
09-02 12:28:48.121 17352 17352 D SurfaceView: surfaceChanged (720,1238) 1 org.mozilla.gecko.MagnifiableSurfaceView{e6ce202 V.E...... ......ID 0,0-720,1238}
09-02 12:28:48.133  3979  4637 D ConnectivityService: filterNetworkStateForUid() uid: 10154 networkInfo: [type: WIFI[] - WIFI, state: CONNECTED/CONNECTED, reason: (unspecified), extra: "WiFi 69", failover: false, available: true, roaming: false, metered: false]
09-02 12:28:48.134  3979  4637 I chatty  : uid=1000(system) Binder:3979_8 identical 1 line
09-02 12:28:48.136  3979  4637 D ConnectivityService: filterNetworkStateForUid() uid: 10154 networkInfo: [type: WIFI[] - WIFI, state: CONNECTED/CONNECTED, reason: (unspecified), extra: "WiFi 69", failover: false, available: true, roaming: false, metered: false]
09-02 12:28:48.151  3979  4637 V WindowManager: Relayout Window{4b5f4d6 u0 org.mozilla.firefox/org.mozilla.fenix.HomeActivity}: viewVisibility=0 req=720x1280 WM.LayoutParams{(0,0)(fillxfill) sim=#110 ty=1 fl=#81010100 pfl=0x20000 fmt=-3 wanim=0x7f1404fa vsysui=0x2610 needsMenuKey=2 colorMode=0 naviIconColor=0}
09-02 12:28:48.156 17352 17352 D ViewRootImpl@88b7945[HomeActivity]: Relayout returned: old=[0,0][720,1280] new=[0,0][720,1280] result=0x3 surface={valid=true 533351190528} changed=false
09-02 12:28:48.184  3979  4637 V WindowManager: finishDrawingLocked: mDrawState=COMMIT_DRAW_PENDING Window{4b5f4d6 u0 org.mozilla.firefox/org.mozilla.fenix.HomeActivity} in Surface(name=org.mozilla.firefox/org.mozilla.fenix.HomeActivity)
09-02 12:28:48.187 17352 17352 D ViewRootImpl@88b7945[HomeActivity]: MSG_RESIZED_REPORT: frame=Rect(0, 0 - 720, 1280) ci=Rect(0, 42 - 0, 0) vi=Rect(0, 42 - 0, 0) or=1
09-02 12:28:48.187 17352 17352 D ViewRootImpl@88b7945[HomeActivity]: MSG_WINDOW_FOCUS_CHANGED 1
09-02 12:28:48.198  3979  4046 D ViewRootImpl@98b1450[firefox]: dispatchDetachedFromWindow
09-02 12:28:48.198  3979  4046 D InputEventReceiver: channel '6483649 Splash Screen org.mozilla.firefox (client)' ~ Disposing input event receiver.
09-02 12:28:48.198  3979  4046 D InputEventReceiver: channel '6483649 Splash Screen org.mozilla.firefox (client)' ~NativeInputEventReceiver.
09-02 12:28:48.200 17352 17352 V InputMethodManager: Starting input: tba=android.view.inputmethod.EditorInfo@3bdd02d nm : org.mozilla.firefox ic=null
09-02 12:28:48.200 17352 17352 I InputMethodManager: startInputInner - mService.startInputOrWindowGainedFocus
09-02 12:28:48.200  3979  4637 D InputMethodManagerService: startInputOrWindowGainedFocus : windowGainedFocus 
09-02 12:28:48.201  3979  4637 D InputMethodManagerService: windowGainedFocus: destinationUserId (getCallingUid) = 0
09-02 12:28:48.201  3979  4637 D InputMethodManagerService: windowGainedFocus: currentUserId=0
09-02 12:28:48.201  3979  4637 D InputMethodManagerService: windowGainedFocus: mCurrentFocusedUserId=0
09-02 12:28:48.201  3979  4637 D InputMethodManagerService: windowGainedFocus : lock - currentUserId = 0 destinationUserId = 0
09-02 12:28:48.201  3979  4637 D InputMethodManagerService: windowGainedFocus : mCurrentFocusedUserId - 0 and mSecureKeypadEnabled - false, userSwitched - false
09-02 12:28:48.201  3979  3996 D WindowManager: set systemUiVisibility : systemUiFlags= 0x2618 fullscreenStackSysUiFlags= 0x2000
09-02 12:28:48.205  3979  6264 D WindowManager: adjustSystemUiVisibilityLw : vis= 0x2618
09-02 12:28:48.205  3979  4637 V InputMethodManagerService: windowGainedFocus : reason=WINDOW_FOCUS_GAIN client=android.os.BinderProxy@436b098 inputContext=null missingMethods= attribute=android.view.inputmethod.EditorInfo@8eca64f nm = org.mozilla.firefox controlFlags=#104 softInputMode=#110 windowFlags=#81010100
09-02 12:28:48.205  3979  4637 V InputMethodManagerService: hideCurrentInputLocked : shouldHideSoftInput is false
