--------- beginning of main
09-02 12:31:50.418 14031 14031 E adbd    : recv: OPEN 0001d95e 00000000 0095:73 68 65 6C 6C 2C 76 32 2C 54 45 52 4D 3D 78 74 65 72 6D 2D 32 35 36 63 6F 6C 6F 72 2C 72 61 77 3A 61 6D 20 73 74 61 72 74 20 2D 53 20 2D 61 20 61 6E 64 72 6F 69 64 2E 69 6E 74 65 6E 74 2E 61 63 74 69 6F 6E 2E 56 49 45 57 20 2D 6E 20 6F 72 67 2E 6D 6F 7A 69 6C 6C 61 2E 66 69 72 65 66 6F 78 2F 6F 72 67 2E 6D 6F 7A 69 6C 6C 61 2E 67 65 63 6B 6F 2E 42 72 6F 77 73 65 72 41 70 70 20 2D 2D 61 63 74 69 76 69 74 79 2D 63 6C 65 61 72 2D 74 61 73 6B 00 
09-02 12:31:50.418 14031 14031 E adbd    : service_to_fd: shell,v2,TERM=xterm-256color,raw:am start -S -a android.intent.action.VIEW -n org.mozilla.firefox/org.mozilla.gecko.BrowserApp --activity-clear-task
--------- beginning of system
09-02 12:31:50.512  3979  5925 I ActivityManager: Force stopping org.mozilla.firefox appid=10154 user=0: from pid 18567
09-02 12:31:50.518  3979  3979 D SamsungAlarmManager: Remove alarm for next reason : android.intent.action.PACKAGE_RESTARTED : package: org.mozilla.firefox
09-02 12:31:50.524  4633  4633 D CarrierSvcBindHelper: No carrier app for: 0
09-02 12:31:50.525  3979  3995 W BroadcastQueue: Background execution not allowed: receiving Intent { act=android.intent.action.PACKAGE_RESTARTED dat=package:org.mozilla.firefox flg=0x10 (has extras) } to android/com.kddi.android.CpaNotiReceiver
09-02 12:31:50.526  3979  3995 W BroadcastQueue: Background execution not allowed: receiving Intent { act=android.intent.action.PACKAGE_RESTARTED dat=package:org.mozilla.firefox flg=0x10 (has extras) } to com.sec.android.daemonapp/com.samsung.android.weather.daemon.receiver.ClearDataReceiver
09-02 12:31:50.527  4633  4633 D CarrierSvcBindHelper: No carrier app for: 1
09-02 12:31:50.778  3979  5925 I ActivityManager: START u0 {act=android.intent.action.VIEW typ=null flg=0x10008000 cmp=ComponentInfo{org.mozilla.firefox/org.mozilla.gecko.BrowserApp}} from uid 2000
09-02 12:31:50.782  3979  5925 D CustomFrequencyManagerService: acquireDVFSLockLocked : type : DVFS_MIN_LIMIT  frequency : 1560000  uid : 1000  pid : 3979  pkgName : AMS_APP_SWITCH@CPU_MIN@23
09-02 12:31:50.786  3979  5925 D ActivityManagerPerformance: AMP_acquire() APP_SWITCH
09-02 12:31:50.787  3979  5035 D ActivityManagerPerformance: Received MSG_CFMS_HINT_AMS_SWITCH pkgName: org.mozilla.firefox
09-02 12:31:50.797  3979  4670 D ActivityManager: isScaleDownAnimationEnabled() : false
09-02 12:31:50.798  3979  4670 D StorageManagerService: getExternalStorageMountMode : 1
09-02 12:31:50.798  3979  4670 D StorageManagerService: getExternalStorageMountMode : 3
09-02 12:31:50.798  3979  4670 D StorageManagerService: getExternalStorageMountMode : final mountMode=1, uid : 10154, packageName : org.mozilla.firefox
09-02 12:31:50.798  3979  4670 I ApplicationPolicy: isApplicationExternalStorageWhitelisted:org.mozilla.firefox user:0
09-02 12:31:50.798  3979  4670 D ApplicationPolicy: isApplicationExternalStorageWhitelisted: DO is not enabled on user 0. Allowed.
09-02 12:31:50.798  3979  4670 D ActivityManager: package  org.mozilla.firefox, user - 0 is SDcard whitelisted
09-02 12:31:50.798  3979  4670 I ApplicationPolicy: isApplicationExternalStorageBlacklisted:org.mozilla.firefox user:0
09-02 12:31:50.798  3979  4670 D ApplicationPolicy: isApplicationExternalStorageBlacklisted: DO is not enabled on user 0. Allowed.
09-02 12:31:50.809  3979  4670 I ActivityManager: Start proc 18569:org.mozilla.firefox/u0a154 for activity org.mozilla.firefox/org.mozilla.gecko.BrowserApp
09-02 12:31:50.809 18569 18569 E Zygote  : isWhitelistProcess - Process is Whitelisted
09-02 12:31:50.810 18569 18569 E libpersona: scanKnoxPersonas
09-02 12:31:50.810 18569 18569 E libpersona: Couldn't open the File - /data/system/users/0/personalist.xml - No such file or directory
09-02 12:31:50.811 18569 18569 W SELinux : SELinux selinux_android_compute_policy_index : Policy Index[2],  Con:u:r:zygote:s0 RAM:SEPF_SM-J720F_8.0.0_0017, [-1 -1 -1 -1 0 1]
09-02 12:31:50.812 18569 18569 I SELinux : SELinux: seapp_context_lookup: seinfo=untrusted, level=s0:c512,c768, pkgname=org.mozilla.firefox 
09-02 12:31:50.827 18569 18569 D TimaKeyStoreProvider: TimaKeyStore is not enabled: cannot add TimaSignature Service and generateKeyPair Service
09-02 12:31:50.827 18569 18569 D ActivityThread: Added TimaKeyStore provider
09-02 12:31:50.829  3979  4670 I ActivityManager: DSS on for org.mozilla.firefox and scale is 1.0
09-02 12:31:50.836  3979  4670 D PersonaManagerService: Current focused persona service handled id set to : 0
09-02 12:31:50.837  3979  4670 D InputDispatcher: Focused application set to: xxxx
09-02 12:31:50.837  3979  4670 D InputDispatcher: Focus left window: 18529
09-02 12:31:50.838 18529 18529 D ViewRootImpl@110cd72[MainActivity]: MSG_WINDOW_FOCUS_CHANGED 0
09-02 12:31:50.839  3979  4238 D GameManagerService: handleForegroundChange(). pkgName: org.mozilla.firefox, clsName: org.mozilla.fenix.IntentReceiverActivity,FgActivityName:org.mozilla.firefox/org.mozilla.fenix.IntentReceiverActivity
09-02 12:31:50.839  3979  4670 D MARsPolicyManager: onPackageResumedFG pkgName = org.mozilla.firefox, userId = 0
09-02 12:31:50.839  3979  4238 D GameManagerService: sem_perfomance_mode: 3
09-02 12:31:50.839  3979  4238 D GameManagerService: notifyResumePause(). pkg: org.mozilla.firefox, type: 4, isMinimized: false, isTunableApp: false
09-02 12:31:50.839  3979  4238 D GameManagerService:   notifyResumePause(). unexpected mPrevNotiType: -1
09-02 12:31:50.842  3979  6899 D GamePkgDataHelper: getGamePkgDataIncServer(). org.mozilla.firefox
09-02 12:31:50.843  3979  6899 D GameManagerService: identifyGamePackage. org.mozilla.firefox
09-02 12:31:50.843  3979  6899 D GamePkgDataHelper: getGamePkgData(). org.mozilla.firefox
09-02 12:31:50.844  3979  6899 D GameManagerService: identifyGamePackage. org.mozilla.firefox
09-02 12:31:50.845  3979  6899 D GamePkgDataHelper: getGamePkgData(). org.mozilla.firefox
09-02 12:31:50.845  3979  6899 D GamePkgDataHelper: getSosPolicy(). org.mozilla.firefox
09-02 12:31:50.847  3979  6899 D GameManagerService: identifyGamePackage. org.mozilla.firefox
09-02 12:31:50.847  3979  6899 D GamePkgDataHelper: getGamePkgData(). org.mozilla.firefox
09-02 12:31:50.848  3979  6899 D GameManagerService: identifyGamePackage. org.mozilla.firefox
09-02 12:31:50.848  3979  6899 D GamePkgDataHelper: getGamePkgData(). org.mozilla.firefox
09-02 12:31:50.851 18569 18569 I zygote64: no shared libraies, dex_files: 1
09-02 12:31:50.885 18569 18569 I FirebaseApp: Device unlocked: initializing all Firebase APIs for app [DEFAULT]
09-02 12:31:50.907 18569 18569 I FirebaseInitProvider: FirebaseApp initialization successful
09-02 12:31:50.916  4349  4728 D SystemServicesProxy: updateOverviewLastStackActiveTimeAsync: newTime=1693559943942
09-02 12:31:50.917  3979  4670 D SecContentProvider: query(), uri = 17 selection = isSettingsChangesAllowed
09-02 12:31:50.917  3979  4670 D SecContentProvider: called from android.uid.systemui:10009
09-02 12:31:50.918  4349  4561 D SystemServicesProxy: updateOverviewLastStackActiveTimeAsync: done.
09-02 12:31:50.920  3979  4670 D PackageManager: getComponentMetadataForIconTray : com.example.batterymanager_utility.MainActivity does not exist in mServices
09-02 12:31:50.920  3979  4670 D PackageManager: getComponentMetadataForIconTray : com.example.batterymanager_utility.MainActivity does not exist in mProviders
09-02 12:31:50.920  3979  4670 D PackageManager: getComponentMetadataForIconTray : com.example.batterymanager_utility.MainActivity does not exist in mReceivers
09-02 12:31:50.920  4349  4728 D ApplicationPackageManager: updateItemMetaDataForFixedIconScale: package: com.example.batterymanager_utility
09-02 12:31:50.921  3979  4670 D PackageManager: getSelectedMetaData : packageName(com.example.batterymanager_utility) or Metadata strings {[Ljava.lang.String;@b8c16c7}
09-02 12:31:50.921  4349  4728 I ApplicationPackageManager: load=com.example.batterymanager_utility, bg=144-144, dr=189-189, forDefault=true, density=0
09-02 12:31:50.924  4349  4728 I ApplicationPackageManager: scaled rate=0.72, size=189, alpha=54, hold=102
09-02 12:31:50.925  4349  4728 D ApplicationPackageManager: iconScale: getScale(): 0.72 getAlpha(): 54
09-02 12:31:50.927  4349  4728 I ApplicationPackageManager: load=com.example.batterymanager_utility-contain, bg=112-112, dr=189-189
09-02 12:31:50.927  3979  4670 W StorageManager: getStorageLowBytes lowPercent : 5, lowBytes : 1260145254, maxLowBytes : 524288000
09-02 12:31:50.974  3979  4111 D MdnieScenarioControlService:  packageName : org.mozilla.firefox    className : org.mozilla.gecko.BrowserApp
09-02 12:31:50.974  3979  4111 V MdnieScenarioControlService: setUIMode from UI function(3)
09-02 12:31:50.975 18569 18574 I zygote64: Do partial code cache collection, code=29KB, data=25KB
09-02 12:31:50.975 18569 18574 I zygote64: After code cache collection, code=29KB, data=25KB
09-02 12:31:50.975 18569 18574 I zygote64: Increasing code cache capacity to 128KB
09-02 12:31:50.992 18569 18569 I rc_log_ffi::ios: rc_log adapter initialized!
09-02 12:31:51.044 18569 18574 I zygote64: Do partial code cache collection, code=60KB, data=47KB
09-02 12:31:51.045 18569 18574 I zygote64: After code cache collection, code=58KB, data=46KB
09-02 12:31:51.045 18569 18574 I zygote64: Increasing code cache capacity to 256KB
09-02 12:31:51.113 18569 18594 I nimbus::nimbus_client: updating experiment list
09-02 12:31:51.114 18569 18594 I nimbus::persistence: Already at version 2, no upgrade needed
09-02 12:31:51.114 18569 18594 I nimbus::nimbus_client: [Nimbus] Retrieved date from Context: 2023-09-01 07:59:54 UTC
09-02 12:31:51.114 18569 18594 I nimbus::nimbus_client: [Nimbus] Installation Date: 2023-09-01 07:59:54 UTC
09-02 12:31:51.114 18569 18594 I nimbus::nimbus_client: [Nimbus] Update Date: 2023-09-02 06:19:16.138897683 UTC
09-02 12:31:51.114 18569 18594 I nimbus::nimbus_client: [Nimbus] Days since install: 1
09-02 12:31:51.114 18569 18594 I nimbus::nimbus_client: [Nimbus] Days since update: 0
09-02 12:31:51.127 18569 18594 I zygote64: Deoptimizing java.lang.Object com.sun.jna.Function.invoke(java.lang.reflect.Method, java.lang.Class[], java.lang.Class, java.lang.Object[], java.util.Map) due to class hierarchy analysis
09-02 12:31:51.169 18569 18597 I GeckoThread: preparing to run Gecko
09-02 12:31:51.181  3979  4670 W StorageManager: getStorageLowBytes lowPercent : 5, lowBytes : 1260145254, maxLowBytes : 524288000
09-02 12:31:51.183  3979  4670 I chatty  : uid=1000(system) Binder:3979_A identical 1 line
09-02 12:31:51.185  3979  4670 W StorageManager: getStorageLowBytes lowPercent : 5, lowBytes : 1260145254, maxLowBytes : 524288000
09-02 12:31:51.187 18569 18569 I zygote64: Deoptimizing java.lang.Object androidx.collection.SimpleArrayMap.put(java.lang.Object, java.lang.Object) due to JIT inline cache
09-02 12:31:51.192 18569 18597 I GeckoLoader: Library base=/data/app/org.mozilla.firefox-qXEeZwQeSKU-v4RxzjCTZA==/lib/arm64
09-02 12:31:51.194 18569 18597 W Settings: Setting animator_duration_scale has moved from android.provider.Settings.System to android.provider.Settings.Global, returning read-only global URI.
09-02 12:31:51.197 18569 18597 I GeckoLoader: Library base=/data/app/org.mozilla.firefox-qXEeZwQeSKU-v4RxzjCTZA==/lib/arm64
09-02 12:31:51.198 18569 18597 E GeckoLibLoad: Load sqlite start
09-02 12:31:51.200 18569 18597 E GeckoLibLoad: Load sqlite done
09-02 12:31:51.200 18569 18597 I GeckoLoader: Library base=/data/app/org.mozilla.firefox-qXEeZwQeSKU-v4RxzjCTZA==/lib/arm64
09-02 12:31:51.200 18569 18597 E GeckoLibLoad: Load nss start
09-02 12:31:51.200 18569 18597 E GeckoLibLoad: Load nss done
09-02 12:31:51.200 18569 18597 I GeckoLoader: Library base=/data/app/org.mozilla.firefox-qXEeZwQeSKU-v4RxzjCTZA==/lib/arm64
09-02 12:31:51.201 18569 18600 I libglean_ffi: glean_core::core: Creating new Glean v53.1.0
09-02 12:31:51.202 18569 18597 E GeckoLibLoad: Loaded libs in 1.340154ms total, 0ms(4ms) user, 0ms(0ms) system, 0(0) faults
09-02 12:31:51.203 18569 18600 I libglean_ffi: glean_core::database: Database initialized
09-02 12:31:51.204 18569 18597 W GeckoThread: zerdatime 95892636 - runGecko
09-02 12:31:51.207 18569 18600 I libglean_ffi: glean_core: Glean initialized
09-02 12:31:51.208 18569 18600 I libglean_ffi: glean_core::event_database: Loading events for events
09-02 12:31:51.209 18569 18600 I libglean_ffi: glean_core::event_database: Loading events for background-update
09-02 12:31:51.209  3614  3927 D DnsProxyListener: DNSDBG::dns by name af 2
09-02 12:31:51.211 18569 18600 I libglean_ffi: glean_core::ping: Collecting events
09-02 12:31:51.212 18569 18574 I zygote64: Do full code cache collection, code=122KB, data=79KB
09-02 12:31:51.213 18569 18574 I zygote64: After code cache collection, code=86KB, data=51KB
09-02 12:31:51.219 18569 18600 I libglean_ffi: glean_core::upload::directory: Processing ping at: /data/user/0/org.mozilla.firefox/glean_data/pending_pings/1f1482bb-50c8-4b4e-a8d2-ee4baeac7770
09-02 12:31:51.219 18569 18600 I libglean_ffi: glean_core::metrics::ping: The ping 'events' was submitted and will be sent as soon as possible
09-02 12:31:51.225  3979  4670 D PackageManager: setEnabledSetting : userId = 0 packageName = org.mozilla.firefox cmp = androidx.work.impl.background.systemjob.SystemJobService newState = 1 callingPackage = 10154/org.mozilla.firefox
09-02 12:31:51.235 18569 18597 I Gecko:DumpUtils: Fifo watcher disabled via pref.
09-02 12:31:51.237 18569 18600 I glean/MetricsPingSched: The 'metrics' ping was already sent today, 1693650711233.
09-02 12:31:51.241 18569 18600 I libglean_ffi: glean_core::ping: Collecting baseline
09-02 12:31:51.248 18569 18600 I libglean_ffi: glean_core::upload::directory: Processing ping at: /data/user/0/org.mozilla.firefox/glean_data/pending_pings/de41f9a3-dbf3-4d45-9022-e1f5c59b35ae
09-02 12:31:51.249 18569 18600 I libglean_ffi: glean_core::metrics::ping: The ping 'baseline' was submitted and will be sent as soon as possible
09-02 12:31:51.267 18569 18596 I libglean_ffi: glean_core::ping: Collecting pageload
09-02 12:31:51.267 18569 18596 I libglean_ffi: glean_core::ping: Storage for pageload empty. Bailing out.
09-02 12:31:51.267 18569 18596 I libglean_ffi: glean_core::metrics::ping: No content for ping 'pageload', therefore no ping queued.
09-02 12:31:51.286  3979  4670 D ConnectivityService: filterNetworkStateForUid() uid: 10025 networkInfo: [type: WIFI[] - WIFI, state: CONNECTED/CONNECTED, reason: (unspecified), extra: "WiFi 69", failover: false, available: true, roaming: false, metered: false]
09-02 12:31:51.303  3979  4670 D StorageManagerService: getExternalStorageMountMode : 1
09-02 12:31:51.303  3979  4670 D StorageManagerService: getExternalStorageMountMode : 3
09-02 12:31:51.303  3979  4670 D StorageManagerService: getExternalStorageMountMode : final mountMode=1, uid : 10154, packageName : org.mozilla.firefox
09-02 12:31:51.304  3979  4670 I ApplicationPolicy: isApplicationExternalStorageWhitelisted:org.mozilla.firefox user:0
09-02 12:31:51.304  3979  4670 D ApplicationPolicy: isApplicationExternalStorageWhitelisted: DO is not enabled on user 0. Allowed.
09-02 12:31:51.304  3979  4670 D ActivityManager: package  org.mozilla.firefox, user - 0 is SDcard whitelisted
09-02 12:31:51.304  3979  4670 I ApplicationPolicy: isApplicationExternalStorageBlacklisted:org.mozilla.firefox user:0
09-02 12:31:51.304  3979  4670 D ApplicationPolicy: isApplicationExternalStorageBlacklisted: DO is not enabled on user 0. Allowed.
09-02 12:31:51.315  3979  4670 I ActivityManager: Start proc 18632:org.mozilla.firefox:tab1/u0a154 for service org.mozilla.firefox/org.mozilla.gecko.process.GeckoChildProcessServices$tab1
09-02 12:31:51.316 18632 18632 E Zygote  : isWhitelistProcess - Process is Whitelisted
09-02 12:31:51.316 18632 18632 E libpersona: scanKnoxPersonas
09-02 12:31:51.316 18632 18632 E libpersona: Couldn't open the File - /data/system/users/0/personalist.xml - No such file or directory
09-02 12:31:51.318 18632 18632 W SELinux : SELinux selinux_android_compute_policy_index : Policy Index[2],  Con:u:r:zygote:s0 RAM:SEPF_SM-J720F_8.0.0_0017, [-1 -1 -1 -1 0 1]
09-02 12:31:51.318 18632 18632 I SELinux : SELinux: seapp_context_lookup: seinfo=untrusted, level=s0:c512,c768, pkgname=org.mozilla.firefox:tab1 
09-02 12:31:51.340  3979  4373 D ConnectivityService: filterNetworkStateForUid() uid: 10025 networkInfo: [type: WIFI[] - WIFI, state: CONNECTED/CONNECTED, reason: (unspecified), extra: "WiFi 69", failover: false, available: true, roaming: false, metered: false]
09-02 12:31:51.344 18632 18632 D TimaKeyStoreProvider: TimaKeyStore is not enabled: cannot add TimaSignature Service and generateKeyPair Service
09-02 12:31:51.344 18632 18632 D ActivityThread: Added TimaKeyStore provider
09-02 12:31:51.347  3979  4670 I ActivityManager: DSS on for org.mozilla.firefox and scale is 1.0
09-02 12:31:51.360  3979  4670 D ConnectivityService: filterNetworkStateForUid() uid: 10154 networkInfo: [type: WIFI[] - WIFI, state: CONNECTED/CONNECTED, reason: (unspecified), extra: "WiFi 69", failover: false, available: true, roaming: false, metered: false]
09-02 12:31:51.364 18632 18632 I zygote64: no shared libraies, dex_files: 1
09-02 12:31:51.365 18569 18596 I libglean_ffi: glean_core::core: Upload enabled: true
09-02 12:31:51.373 18529 18653 D ProfileInstaller: Installing profile for com.example.batterymanager_utility
09-02 12:31:51.396  3979  4373 D PackageManager: setEnabledSetting : userId = 0 packageName = org.mozilla.firefox cmp = androidx.work.impl.background.systemalarm.RescheduleReceiver newState = 1 callingPackage = 10154/org.mozilla.firefox
09-02 12:31:51.399 18569 18569 I FenixApplication: AutoPushFeature is configured, initializing it...
09-02 12:31:51.401 18569 18569 I AbstractFirebasePushService: start
09-02 12:31:51.429 18632 18632 I ServiceChildProcess: onCreate
09-02 12:31:51.431 18632 18663 I GeckoThread: preparing to run Gecko
09-02 12:31:51.443  3979  4373 D ConnectivityService: filterNetworkStateForUid() uid: 10154 networkInfo: [type: WIFI[] - WIFI, state: CONNECTED/CONNECTED, reason: (unspecified), extra: "WiFi 69", failover: false, available: true, roaming: false, metered: false]
09-02 12:31:51.451  3979  4373 I chatty  : uid=1000(system) Binder:3979_4 identical 1 line
09-02 12:31:51.455  3979  4373 D ConnectivityService: filterNetworkStateForUid() uid: 10154 networkInfo: [type: WIFI[] - WIFI, state: CONNECTED/CONNECTED, reason: (unspecified), extra: "WiFi 69", failover: false, available: true, roaming: false, metered: false]
09-02 12:31:51.463 18569 18656 D ConnectivityManager: requestNetwork; CallingUid : 10154, CallingPid : 18569
09-02 12:31:51.467  3979  4670 D ConnectivityService: requestNetwork for uid/pid:10154/18569 NetworkRequest [ TRACK_DEFAULT id=661, [ Capabilities: INTERNET&NOT_RESTRICTED&TRUSTED&NOT_VPN] ]
09-02 12:31:51.467  3979  4180 D ConnectivityService: rematching NetworkAgentInfo [WIFI () - 502]
09-02 12:31:51.467  3979  4180 D ConnectivityService:  network has: [ Transports: WIFI Capabilities: NOT_METERED&INTERNET&NOT_RESTRICTED&TRUSTED&NOT_VPN&VALIDATED&FOREGROUND LinkUpBandwidth>=1048576Kbps LinkDnBandwidth>=1048576Kbps SignalStrength: -61]
09-02 12:31:51.467  3979  4180 D ConnectivityService: Network NetworkAgentInfo [WIFI () - 502] was already satisfying request 3. No change.
09-02 12:31:51.467  3979  4180 D ConnectivityService: Network NetworkAgentInfo [WIFI () - 502] was already satisfying request 1. No change.
09-02 12:31:51.467  3979  4180 D ConnectivityService: Network NetworkAgentInfo [WIFI () - 502] was already satisfying request 443. No change.
09-02 12:31:51.468  3979  4180 D ConnectivityService: Network NetworkAgentInfo [WIFI () - 502] was already satisfying request 140. No change.
09-02 12:31:51.468  3979  4180 D ConnectivityService:   checking if request is satisfied: NetworkRequest [ TRACK_DEFAULT id=661, [ Capabilities: INTERNET&NOT_RESTRICTED&TRUSTED&NOT_VPN] ]
09-02 12:31:51.468  3979  4180 D ConnectivityService: currentScore = 0, newScore = 60
09-02 12:31:51.468  3979  4180 D ConnectivityService: rematch for NetworkAgentInfo [WIFI () - 502]
09-02 12:31:51.468  3979  4180 D ConnectivityService:    accepting network in place of null
09-02 12:31:51.468  3979  4180 D ConnectivityService: sending new Min Network Score(60): NetworkRequest [ TRACK_DEFAULT id=661, [ Capabilities: INTERNET&NOT_RESTRICTED&TRUSTED&NOT_VPN] ]
09-02 12:31:51.468  4633  4633 D PhoneSwitcherNetworkRequstListener: got request NetworkRequest [ TRACK_DEFAULT id=661, [ Capabilities: INTERNET&NOT_RESTRICTED&TRUSTED&NOT_VPN] ] with score 60
09-02 12:31:51.468  3979  4180 D ConnectivityService: MultiNetwork Request(TransportType - Wi-Fi request). Internet Capability doesn't required (false)
09-02 12:31:51.468  3979  4177 D WIFI_P2P: got request NetworkRequest [ TRACK_DEFAULT id=661, [ Capabilities: INTERNET&NOT_RESTRICTED&TRUSTED&NOT_VPN] ] with score 60
09-02 12:31:51.469  4633  4633 D PhoneSwitcherNetworkRequstListener:   my score=101, my filter=[ Transports: CELLULAR Capabilities: MMS&SUPL&DUN&FOTA&IMS&CBS&IA&RCS&XCAP&EIMS&INTERNET&NOT_RESTRICTED&TRUSTED&NOT_VPN&ENT1 Specifier: <android.net.MatchAllNetworkSpecifier@0>]
09-02 12:31:51.469  3979  4177 D WIFI_P2P:   my score=60, my filter=[ Transports: WIFI Capabilities: WIFI_P2P&NOT_RESTRICTED&TRUSTED&NOT_VPN LinkUpBandwidth>=1048576Kbps LinkDnBandwidth>=1048576Kbps]
09-02 12:31:51.469  3979  4177 D WIFI_P2P: evalRequest
09-02 12:31:51.469  4633  4633 D PhoneSwitcherNetworkRequstListener: evalRequest
09-02 12:31:51.469  3979  4177 D WIFI_P2P:   done
09-02 12:31:51.469  3979  4180 D ConnectivityService: sending notification AVAILABLE for NetworkRequest [ TRACK_DEFAULT id=661, [ Capabilities: INTERNET&NOT_RESTRICTED&TRUSTED&NOT_VPN] ]
09-02 12:31:51.469  4633  4633 D PhoneSwitcherNetworkRequstListener:   needNetworkFor
09-02 12:31:51.469  3979  4180 D ConnectivityService: sending notification CAP_CHANGED for NetworkRequest [ TRACK_DEFAULT id=661, [ Capabilities: INTERNET&NOT_RESTRICTED&TRUSTED&NOT_VPN] ]
09-02 12:31:51.469  3979  4180 D ConnectivityService: sending notification IP_CHANGED for NetworkRequest [ TRACK_DEFAULT id=661, [ Capabilities: INTERNET&NOT_RESTRICTED&TRUSTED&NOT_VPN] ]
09-02 12:31:51.469  3979  4153 D WIFI    : got request NetworkRequest [ TRACK_DEFAULT id=661, [ Capabilities: INTERNET&NOT_RESTRICTED&TRUSTED&NOT_VPN] ] with score 60
09-02 12:31:51.470  3979  4153 D WIFI    :   my score=60, my filter=[ Transports: WIFI Capabilities: NOT_METERED&INTERNET&NOT_RESTRICTED&TRUSTED&NOT_VPN LinkUpBandwidth>=1048576Kbps LinkDnBandwidth>=1048576Kbps]
09-02 12:31:51.470  3979  4153 D WIFI    : evalRequest
09-02 12:31:51.470  3979  4153 D WIFI    :   needNetworkFor
09-02 12:31:51.470  3979  4153 D WIFI_UT : got request NetworkRequest [ TRACK_DEFAULT id=661, [ Capabilities: INTERNET&NOT_RESTRICTED&TRUSTED&NOT_VPN] ] with score 60
09-02 12:31:51.470  3979  4153 D WIFI_UT :   my score=2147483647, my filter=[ Transports: WIFI Capabilities: NOT_METERED&INTERNET&NOT_RESTRICTED&TRUSTED&NOT_VPN LinkUpBandwidth>=1048576Kbps LinkDnBandwidth>=1048576Kbps]
09-02 12:31:51.470  3979  4153 D WIFI_UT : evalRequest
09-02 12:31:51.470  3979  4153 D WIFI_UT :   needNetworkFor
09-02 12:31:51.470  3979  4306 D Ethernet: got request NetworkRequest [ TRACK_DEFAULT id=661, [ Capabilities: INTERNET&NOT_RESTRICTED&TRUSTED&NOT_VPN] ] with score 60
09-02 12:31:51.470  3979  4306 D Ethernet:   my score=-1, my filter=[ Transports: ETHERNET Capabilities: INTERNET&NOT_RESTRICTED&TRUSTED&NOT_VPN LinkUpBandwidth>=100000Kbps LinkDnBandwidth>=100000Kbps]
09-02 12:31:51.470  3979  4306 D Ethernet: evalRequest
09-02 12:31:51.470  3979  4306 D Ethernet:   done
09-02 12:31:51.471  3979  4373 I ActivityManager: START u0 {act=android.intent.action.VIEW typ=null flg=0x0 cmp=ComponentInfo{org.mozilla.firefox/org.mozilla.fenix.HomeActivity}} from uid 10154
09-02 12:31:51.472  3979  5925 D ConnectivityService: filterNetworkStateForUid() uid: 10154 networkInfo: [type: WIFI[] - WIFI, state: CONNECTED/CONNECTED, reason: (unspecified), extra: "WiFi 69", failover: false, available: true, roaming: false, metered: false]
09-02 12:31:51.473 18569 18661 I push::internal::communications::rate_limiter: No need to reset inner timestamp and count for verify_connection.
09-02 12:31:51.474  3979  5925 D ConnectivityService: filterNetworkStateForUid() uid: 10154 networkInfo: [type: WIFI[] - WIFI, state: CONNECTED/CONNECTED, reason: (unspecified), extra: "WiFi 69", failover: false, available: true, roaming: false, metered: false]
09-02 12:31:51.486  3979  4046 D ViewRootImpl@e24e3f9[firefox]: setView = DecorView@7b3619f[firefox] TM=true MM=false
09-02 12:31:51.493 18569 18661 I push::internal::communications::rate_limiter: Not allowed: count(57) > 1 for verify_connection.
09-02 12:31:51.495 18569 18661 I AutoPushFeature: No change to subscriptions. Doing nothing.
09-02 12:31:51.502  3979  4046 D ViewRootImpl@e24e3f9[firefox]: dispatchAttachedToWindow
09-02 12:31:51.503  3979  4046 V WindowManager: Relayout Window{ec11f3e u0 Splash Screen org.mozilla.firefox}: viewVisibility=0 req=719x1237 WM.LayoutParams{(0,0)(fillxfill) sim=#20 ty=3 fl=#81830118 pfl=0x20011 fmt=-3 wanim=0x10302ea vsysui=0x600 needsMenuKey=2 colorMode=0 naviIconColor=0}
09-02 12:31:51.508  3462  3462 I SurfaceFlinger: id=1727 createSurf (720x1280),1 flag=4, Splash Screen org.mozilla.firefox#0
09-02 12:31:51.509  3979  4046 V Surface : sf_framedrop debug : 0x4f4c, game : false, logging : 0
09-02 12:31:51.510 18569 18569 I Choreographer: Skipped 34 frames!  The application may be doing too much work on its main thread.
09-02 12:31:51.514  3979  4046 D ViewRootImpl@e24e3f9[firefox]: Relayout returned: old=[0,0][0,0] new=[0,0][720,1280] result=0x7 surface={valid=true 535316275200} changed=true
09-02 12:31:51.518 18569 18574 I zygote64: Do partial code cache collection, code=116KB, data=74KB
09-02 12:31:51.518 18569 18574 I zygote64: After code cache collection, code=116KB, data=74KB
09-02 12:31:51.518 18569 18574 I zygote64: Increasing code cache capacity to 512KB
09-02 12:31:51.535  3979  4046 V WindowManager: finishDrawingLocked: mDrawState=COMMIT_DRAW_PENDING Window{ec11f3e u0 Splash Screen org.mozilla.firefox} in Surface(name=Splash Screen org.mozilla.firefox)
09-02 12:31:51.576  3979  4670 D ActivityManager: isScaleDownAnimationEnabled() : false
09-02 12:31:51.579  3979  4670 D PersonaManagerService: Current focused persona service handled id set to : 0
09-02 12:31:51.579  3979  4670 D InputDispatcher: Focused application set to: xxxx
09-02 12:31:51.581  3979  4238 D GameManagerService: handleForegroundChange(). pkgName: org.mozilla.firefox, clsName: org.mozilla.fenix.HomeActivity,FgActivityName:org.mozilla.firefox/org.mozilla.fenix.HomeActivity
09-02 12:31:51.582  3979  4238 D GameManagerService:   handleForegroundChange(). same package. game has never resumed yet. ignore
09-02 12:31:51.582  3979  4670 D MARsPolicyManager: onPackageResumedFG pkgName = org.mozilla.firefox, userId = 0
09-02 12:31:51.604 18529 18546 D OpenGLRenderer: eglDestroySurface = 0x7cc1baee80
09-02 12:31:51.608  3462  3462 V Surface : sf_framedrop debug : 0x4f4c, game : false, logging : 0
09-02 12:31:51.613 18569 18619 E GeckoSession: String does not represent valid session state.
09-02 12:31:51.618  3979  4670 D TaskSnapshotCache: putSnapshot mTaskId=485 RunningCache size=4
09-02 12:31:51.625  3979  4373 V WindowManager: Relayout Window{c4c6c73 u0 com.example.batterymanager_utility/com.example.batterymanager_utility.MainActivity}: viewVisibility=8 req=720x1280 WM.LayoutParams{(0,0)(fillxfill) sim=#120 ty=1 fl=#81810100 pfl=0x20000 wanim=0x10302fd vsysui=0x600 needsMenuKey=2 colorMode=0 naviIconColor=0}
09-02 12:31:51.628  3979  3996 D WindowManager: set systemUiVisibility : systemUiFlags= 0x608 fullscreenStackSysUiFlags= 0x0
09-02 12:31:51.634 18529 18529 D ViewRootImpl@110cd72[MainActivity]: Relayout returned: old=[0,0][720,1280] new=[0,0][720,1280] result=0x5 surface={valid=false 0} changed=true
09-02 12:31:51.638  3462  3462 I SurfaceFlinger: Display 0 HWC layers:
09-02 12:31:51.638  3462  3462 I SurfaceFlinger:     type    |    handle    | flag |  format   |   source crop (l,t,r,b)    |         frame       | name 
09-02 12:31:51.638  3462  3462 I SurfaceFlinger: ------------+--------------+------+-----------+----------------------------+---------------------+------
09-02 12:31:51.638  3462  3462 I SurfaceFlinger:      Client |              | 0000 |  Unknown  |  -0.2   -0.2   -0.8   -0.8 |    0    0  720 1280 | animation background stackId=1#0
09-02 12:31:51.638  3462  3462 I SurfaceFlinger:      Client | 0x7ac4c24180 | 0002 | RGBA_8888 |   0.0    0.0  720.0 1280.0 |    0    0  720 1279 | com.example.batterymanager_utility/c[...]atterymanager_utility.MainActivity#0
09-02 12:31:51.638  3462  3462 I SurfaceFlinger:      Device | 0x7ac4c24480 | 0000 | RGBA_8888 |   0.0    0.0  720.0   42.0 |    0    0  720   42 | StatusBar#0
09-02 12:31:51.638  3462  3462 I SurfaceFlinger: 
09-02 12:31:51.652 18569 18597 W ResourceType: Too many attribute references, stopped at: 0x01010099
09-02 12:31:51.675 18569 18646 W logins::schema: user_version: 2
09-02 12:31:51.691  3979  4670 D StorageManagerService: getExternalStorageMountMode : 1
09-02 12:31:51.691  3979  4670 D StorageManagerService: getExternalStorageMountMode : 3
09-02 12:31:51.691  3979  4670 D StorageManagerService: getExternalStorageMountMode : final mountMode=1, uid : 10154, packageName : org.mozilla.firefox
09-02 12:31:51.692  3979  4670 I ApplicationPolicy: isApplicationExternalStorageWhitelisted:org.mozilla.firefox user:0
09-02 12:31:51.692  3979  4670 D ApplicationPolicy: isApplicationExternalStorageWhitelisted: DO is not enabled on user 0. Allowed.
09-02 12:31:51.692  3979  4670 D ActivityManager: package  org.mozilla.firefox, user - 0 is SDcard whitelisted
09-02 12:31:51.692  3979  4670 I ApplicationPolicy: isApplicationExternalStorageBlacklisted:org.mozilla.firefox user:0
09-02 12:31:51.692  3979  4670 D ApplicationPolicy: isApplicationExternalStorageBlacklisted: DO is not enabled on user 0. Allowed.
09-02 12:31:51.692  4349  4368 D SystemServicesProxy: updateOverviewLastStackActiveTimeAsync: newTime=1693559943942
09-02 12:31:51.693  3979  5925 D SecContentProvider: query(), uri = 17 selection = isSettingsChangesAllowed
09-02 12:31:51.694  3979  5925 D SecContentProvider: called from android.uid.systemui:10009
09-02 12:31:51.694  4349  4561 D SystemServicesProxy: updateOverviewLastStackActiveTimeAsync: done.
09-02 12:31:51.704  3979  4670 I ActivityManager: Start proc 18706:org.mozilla.firefox:gpu/u0a154 for service org.mozilla.firefox/org.mozilla.gecko.process.GeckoChildProcessServices$gpu
09-02 12:31:51.705 18706 18706 E Zygote  : isWhitelistProcess - Process is Whitelisted
09-02 12:31:51.706 18706 18706 E libpersona: scanKnoxPersonas
09-02 12:31:51.706 18706 18706 E libpersona: Couldn't open the File - /data/system/users/0/personalist.xml - No such file or directory
09-02 12:31:51.709 18706 18706 W SELinux : SELinux selinux_android_compute_policy_index : Policy Index[2],  Con:u:r:zygote:s0 RAM:SEPF_SM-J720F_8.0.0_0017, [-1 -1 -1 -1 0 1]
09-02 12:31:51.710 18706 18706 I SELinux : SELinux: seapp_context_lookup: seinfo=untrusted, level=s0:c512,c768, pkgname=org.mozilla.firefox:gpu 
09-02 12:31:51.727 18706 18706 D TimaKeyStoreProvider: TimaKeyStore is not enabled: cannot add TimaSignature Service and generateKeyPair Service
09-02 12:31:51.728 18706 18706 D ActivityThread: Added TimaKeyStore provider
09-02 12:31:51.730  3979  4637 I ActivityManager: DSS on for org.mozilla.firefox and scale is 1.0
09-02 12:31:51.749 18706 18706 I zygote64: no shared libraies, dex_files: 1
09-02 12:31:51.805  3614  3927 D DnsProxyListener: DNSDBG::dns addrinfo af 2
09-02 12:31:51.809  3614  3927 D DnsProxyListener: DNSDBG::dns addrinfo af 2
09-02 12:31:51.809 18569 18631 W ActivityThread: ClassLoader.getResources: The class loader returned by Thread.getContextClassLoader() may fail for processes that host multiple applications. You should explicitly specify a context class loader. For example: Thread.setContextClassLoader(getClass().getClassLoader());
09-02 12:31:51.817 18706 18706 I ServiceChildProcess: onCreate
09-02 12:31:51.819 18706 18734 I GeckoThread: preparing to run Gecko
09-02 12:31:51.824  3462  3462 I SurfaceFlinger: Display 0 HWC layers:
09-02 12:31:51.824  3462  3462 I SurfaceFlinger:     type    |    handle    | flag |  format   |   source crop (l,t,r,b)    |         frame       | name 
09-02 12:31:51.824  3462  3462 I SurfaceFlinger: ------------+--------------+------+-----------+----------------------------+---------------------+------
09-02 12:31:51.824  3462  3462 I SurfaceFlinger:      Client |              | 0000 |  Unknown  |  -0.2   -0.2   -0.8   -0.8 |    0    0  720 1280 | animation background stackId=1#0
09-02 12:31:51.824  3462  3462 I SurfaceFlinger:      Client | 0x7ac4c24180 | 0002 | RGBA_8888 |   0.0    0.0  720.0 1280.0 |   16   29  703 1251 | com.example.batterymanager_utility/c[...]atterymanager_utility.MainActivity#0
09-02 12:31:51.824  3462  3462 I SurfaceFlinger:      Device | 0x7abe64c940 | 0000 | RGBA_8888 |   0.0    0.0  720.0 1022.0 |   17  305  704 1280 | Splash Screen org.mozilla.firefox#0
09-02 12:31:51.824  3462  3462 I SurfaceFlinger:      Device | 0x7abe64b980 | 0000 | RGBA_8888 |   0.0    0.0  720.0   42.0 |    0    0  720   42 | StatusBar#0
09-02 12:31:51.824  3462  3462 I SurfaceFlinger: 
09-02 12:31:51.872 18569 18569 I NavController: Ignoring popBackStack to destination org.mozilla.firefox:id/browserFragment as it was not found on the current back stack
09-02 12:31:51.873 18569 18569 I NavController: Ignoring popBackStack to destination org.mozilla.firefox:id/homeFragment as it was not found on the current back stack
09-02 12:31:51.930 18569 18569 I ContileTopSitesUpdater: Started periodic work to update Contile top sites
09-02 12:31:52.055 18569 18574 I zygote64: Do full code cache collection, code=251KB, data=153KB
09-02 12:31:52.056 18569 18574 I zygote64: After code cache collection, code=223KB, data=121KB
09-02 12:31:52.093 18569 18569 W GeckoViewActivityContextDelegate: A non-activity context was set.
09-02 12:31:52.101  3979  4046 I WindowManager: Destroying surface Surface(name=com.example.batterymanager_utility/com.example.batterymanager_utility.MainActivity) called by com.android.server.wm.WindowStateAnimator.destroySurface:2501 com.android.server.wm.WindowStateAnimator.destroySurfaceLocked:985 com.android.server.wm.WindowState.destroyOrSaveSurfaceUnchecked:3671 com.android.server.wm.WindowState.destroySurface:3619 com.android.server.wm.AppWindowToken.destroySurfaces:722 com.android.server.wm.AppWindowToken.destroySurfaces:706 com.android.server.wm.WindowState.onExitAnimationDone:5333 com.android.server.wm.WindowStateAnimator.stepAnimationLocked:550 
09-02 12:31:52.101  3462  4748 I SurfaceFlinger: id=1726 Removed com.example.batterymanager_utility/com.example.batterymanager_utility.MainActivity#0 (2/5)
09-02 12:31:52.105  3462  4087 I SurfaceFlinger: id=1726 Removed com.example.batterymanager_utility/com.example.batterymanager_utility.MainActivity#0 (-2/5)
09-02 12:31:52.106 18569 18596 I libglean_ffi: glean_core::ping: Collecting baseline
09-02 12:31:52.111  3979  4323 I OpenGLRenderer: Initialized EGL, version 1.4
09-02 12:31:52.111  3979  4323 D OpenGLRenderer: Swap behavior 2
09-02 12:31:52.117  3462  3462 I Layer   : id=1726 onRemoved com.example.batterymanager_utility/com.example.batterymanager_utility.MainActivity#0 
09-02 12:31:52.118  3614  3927 D DnsProxyListener: DNSDBG::dns addrinfo af 2
09-02 12:31:52.118  3979  4373 D ConnectivityService: filterNetworkStateForUid() uid: 10154 networkInfo: [type: WIFI[] - WIFI, state: CONNECTED/CONNECTED, reason: (unspecified), extra: "WiFi 69", failover: false, available: true, roaming: false, metered: false]
09-02 12:31:52.119  3979  4373 I chatty  : uid=1000(system) Binder:3979_4 identical 1 line
09-02 12:31:52.121 18569 18596 I libglean_ffi: glean_core::upload::directory: Processing ping at: /data/user/0/org.mozilla.firefox/glean_data/pending_pings/07e16323-73cd-43e0-9602-2ac0762af682
09-02 12:31:52.121  3979  4373 D ConnectivityService: filterNetworkStateForUid() uid: 10154 networkInfo: [type: WIFI[] - WIFI, state: CONNECTED/CONNECTED, reason: (unspecified), extra: "WiFi 69", failover: false, available: true, roaming: false, metered: false]
09-02 12:31:52.121 18569 18596 I libglean_ffi: glean_core::metrics::ping: The ping 'baseline' was submitted and will be sent as soon as possible
09-02 12:31:52.123  3462  3462 I SurfaceFlinger: Display 0 HWC layers:
09-02 12:31:52.123  3462  3462 I SurfaceFlinger:     type    |    handle    | flag |  format   |   source crop (l,t,r,b)    |         frame       | name 
09-02 12:31:52.123  3462  3462 I SurfaceFlinger: ------------+--------------+------+-----------+----------------------------+---------------------+------
09-02 12:31:52.123  3462  3462 I SurfaceFlinger:      Device | 0x7abe64c940 | 0000 | RGBA_8888 |   0.0    0.0  720.0 1280.0 |    0    0  720 1280 | Splash Screen org.mozilla.firefox#0
09-02 12:31:52.123  3462  3462 I SurfaceFlinger:      Device | 0x7ac4c24480 | 0000 | RGBA_8888 |   0.0    0.0  720.0   42.0 |    0    0  720   42 | StatusBar#0
09-02 12:31:52.123  3462  3462 I SurfaceFlinger: 
09-02 12:31:52.130 18569 18645 I zygote64: Deoptimizing void kotlin.sequences.SequencesKt___SequencesKt.toCollection(kotlin.sequences.Sequence, java.util.AbstractCollection) due to JIT inline cache
09-02 12:31:52.148 18569 18569 I BgSyncManager: Periodic syncing enabled: PeriodicSyncConfig(periodMinutes=240, initialDelayMinutes=5)
09-02 12:31:52.150 18569 18569 I FirefoxAccountStateMachine: Sync is enabled
09-02 12:31:52.156 18569 18613 I StartupTypeTelemetry: Recorded start up: cold_view
09-02 12:31:52.186 18569 18743 D OpenGLRenderer: HWUI GL Pipeline
09-02 12:31:52.193 18569 18569 D ViewRootImpl@88b7945[HomeActivity]: setView = DecorView@2b3d89a[HomeActivity] TM=true MM=false
09-02 12:31:52.194  3979  4637 D ActivityManager: post active user change for 0 fullscreen true isHomeActivity() false
09-02 12:31:52.199 18569 18744 I libglean_ffi: glean_core::upload: New upload task with id 1f1482bb-50c8-4b4e-a8d2-ee4baeac7770 (path: /submit/org-mozilla-firefox/events/1/1f1482bb-50c8-4b4e-a8d2-ee4baeac7770)
09-02 12:31:52.211  3979  4637 D ConnectivityService: filterNetworkStateForUid() uid: 10154 networkInfo: [type: WIFI[] - WIFI, state: CONNECTED/CONNECTED, reason: (unspecified), extra: "WiFi 69", failover: false, available: true, roaming: false, metered: false]
09-02 12:31:52.218  3614  3927 D DnsProxyListener: DNSDBG::dns addrinfo af 2
09-02 12:31:52.233 18706 18734 I GeckoLoader: Library base=/data/app/org.mozilla.firefox-qXEeZwQeSKU-v4RxzjCTZA==/lib/arm64
09-02 12:31:52.233  3979  4637 I chatty  : uid=1000(system) Binder:3979_8 identical 4 lines
09-02 12:31:52.233 18706 18734 I GeckoLoader: Library base=/data/app/org.mozilla.firefox-qXEeZwQeSKU-v4RxzjCTZA==/lib/arm64
09-02 12:31:52.234  3979  4637 D ConnectivityService: filterNetworkStateForUid() uid: 10154 networkInfo: [type: WIFI[] - WIFI, state: CONNECTED/CONNECTED, reason: (unspecified), extra: "WiFi 69", failover: false, available: true, roaming: false, metered: false]
09-02 12:31:52.234 18706 18734 E GeckoLibLoad: Load sqlite start
09-02 12:31:52.237 18706 18734 E GeckoLibLoad: Load sqlite done
09-02 12:31:52.237 18706 18734 I GeckoLoader: Library base=/data/app/org.mozilla.firefox-qXEeZwQeSKU-v4RxzjCTZA==/lib/arm64
09-02 12:31:52.238 18706 18734 E GeckoLibLoad: Load nss start
09-02 12:31:52.238 18706 18734 E GeckoLibLoad: Load nss done
09-02 12:31:52.238 18706 18734 I GeckoLoader: Library base=/data/app/org.mozilla.firefox-qXEeZwQeSKU-v4RxzjCTZA==/lib/arm64
09-02 12:31:52.239  3614  3927 D DnsProxyListener: DNSDBG::dns addrinfo af 2
09-02 12:31:52.250  3614  3927 I chatty  : uid=0(root) /system/bin/netd identical 4 lines
09-02 12:31:52.252  3614  3927 D DnsProxyListener: DNSDBG::dns addrinfo af 2
09-02 12:31:52.259 18569 18758 I FirefoxAccountStateMachine: Processing event 'mozilla.components.service.fxa.manager.Event$Account$Start@763abfa' for state Idle(accountState=NotAuthenticated). Next state is Active(progressState=Initializing)
09-02 12:31:52.269 18569 18569 D ViewRootImpl@88b7945[HomeActivity]: dispatchAttachedToWindow
09-02 12:31:52.277 18569 18574 I zygote64: Do partial code cache collection, code=252KB, data=154KB
09-02 12:31:52.278 18569 18574 I zygote64: After code cache collection, code=249KB, data=153KB
09-02 12:31:52.278 18569 18574 I zygote64: Increasing code cache capacity to 1024KB
09-02 12:31:52.282 18706 18734 E GeckoLibLoad: Loaded libs in 42.791808ms total, 16ms(24ms) user, 12ms(12ms) system, 0(0) faults
09-02 12:31:52.282 18706 18734 W GeckoThread: zerdatime 95893714 - runGecko
09-02 12:31:52.290  3347  3347 W keymaster2_mdfpp: entered get_key_characteristics function.
09-02 12:31:52.293  3347  3347 W keymaster_tee: [WRN]KEY_PARAMS: AES ENC DEC GCM PADNO AUTH SIZE:256 
09-02 12:31:52.293  3979  3988 I zygote64: Background concurrent copying GC freed 230816(11MB) AllocSpace objects, 128(2MB) LOS objects, 38% free, 38MB/62MB, paused 332us total 169.295ms
09-02 12:31:52.293  3347  3347 W keymaster_tee: [WRN]KEY_PARAMS: 20230902081917 
09-02 12:31:52.293  3347  3347 W keymaster2_mdfpp: exit get_key_characteristics function, returned 0
09-02 12:31:52.294  3979  5925 V WindowManager: Relayout Window{63e45b4 u0 org.mozilla.firefox/org.mozilla.fenix.HomeActivity}: viewVisibility=0 req=719x1237 WM.LayoutParams{(0,0)(fillxfill) sim=#110 ty=1 fl=#81010100 pfl=0x20000 wanim=0x7f1404fa vsysui=0x2610 needsMenuKey=2 colorMode=0 naviIconColor=0}
09-02 12:31:52.297  3347  3347 W keymaster2_mdfpp: entered get_key_characteristics function.
09-02 12:31:52.298  3347  3347 W keymaster_tee: [WRN]KEY_PARAMS: AES ENC DEC GCM PADNO AUTH SIZE:256 
09-02 12:31:52.298  3347  3347 W keymaster_tee: [WRN]KEY_PARAMS: 20230902081917 
09-02 12:31:52.298  3347  3347 W keymaster2_mdfpp: exit get_key_characteristics function, returned 0
09-02 12:31:52.299  3462  3462 I SurfaceFlinger: id=1728 createSurf (720x1280),1 flag=404, org.mozilla.firefox/org.mozilla.fenix.HomeActivity#0
09-02 12:31:52.300  3979  5925 V Surface : sf_framedrop debug : 0x4f4c, game : false, logging : 0
09-02 12:31:52.301  3979  3996 D WindowManager: set systemUiVisibility : systemUiFlags= 0x2608 fullscreenStackSysUiFlags= 0x0
09-02 12:31:52.306  3979  5925 D InputDispatcher: Focus entered window: 18569
09-02 12:31:52.308 18569 18569 V Surface : sf_framedrop debug : 0x4f4c, game : false, logging : 0
09-02 12:31:52.309 18569 18569 D ViewRootImpl@88b7945[HomeActivity]: Relayout returned: old=[0,0][0,0] new=[0,0][720,1280] result=0x7 surface={valid=true 533365501952} changed=true
09-02 12:31:52.309 18569 18743 I OpenGLRenderer: Initialized EGL, version 1.4
09-02 12:31:52.309 18569 18743 D OpenGLRenderer: Swap behavior 2
09-02 12:31:52.310  3979  4637 D WindowManager: adjustSystemUiVisibilityLw : vis= 0x2608
09-02 12:31:52.313 18569 18743 D libGLESv1: STS_GLApi : DTS, ODTC are not allowed for Package : org.mozilla.firefox
09-02 12:31:52.316 18569 18743 D mali_winsys: EGLint new_window_surface(egl_winsys_display *, void *, EGLSurface, EGLConfig, egl_winsys_surface **, egl_color_buffer_format *, EGLBoolean) returns 0x3000,  [720x1280]-format:1
09-02 12:31:52.316 18569 18743 D OpenGLRenderer: eglCreateWindowSurface = 0x7c2effe980
09-02 12:31:52.324 18569 18758 I FirefoxAccount: Registering persistence callback
09-02 12:31:52.325 18569 18758 I FirefoxAccountStateMachine: Ran 'mozilla.components.service.fxa.manager.Event$Account$Start@763abfa' side-effects for state Active(progressState=Initializing), got successive event mozilla.components.service.fxa.manager.Event$Progress$AccountNotFound@af36b49
09-02 12:31:52.325 18569 18758 I FirefoxAccountStateMachine: Processing event 'mozilla.components.service.fxa.manager.Event$Progress$AccountNotFound@af36b49' for state Active(progressState=Initializing). Next state is Idle(accountState=NotAuthenticated)
09-02 12:31:52.327  3979  5925 I ActivityManager: Displayed org.mozilla.firefox/org.mozilla.fenix.HomeActivity: +750ms (total +1s529ms)
09-02 12:31:52.327  3979  5925 I ActivityManager: Fully drawn org.mozilla.firefox/org.mozilla.fenix.HomeActivity: +750ms (total +1s529ms)
09-02 12:31:52.329  3462  3462 I SurfaceFlinger: id=1729 createSurf (720x1238),1 flag=4, SurfaceView - org.mozilla.firefox/org.mozilla.fenix.HomeActivity@7cb1c4e@0#0
09-02 12:31:52.330  3462  3462 I SurfaceFlinger: id=1730 createSurf (720x1238),-1 flag=20004, Background for - SurfaceView - org.mozilla.firefox/org.mozilla.fenix.HomeActivity@7cb1c4e@0#0
09-02 12:31:52.330 18569 18569 D SurfaceView: BG hide() Surface(name=Background for - SurfaceView - org.mozilla.firefox/org.mozilla.fenix.HomeActivity@7cb1c4e@0) false true org.mozilla.gecko.MagnifiableSurfaceView{7cb1c4e V.E...... ......ID 0,0-720,1238}
09-02 12:31:52.334 18569 18569 V Surface : sf_framedrop debug : 0x4f4c, game : false, logging : 0
09-02 12:31:52.334 18569 18569 D SurfaceView: surfaceCreated 1 org.mozilla.gecko.MagnifiableSurfaceView{7cb1c4e V.E...... ......ID 0,0-720,1238}
09-02 12:31:52.334 18569 18569 D SurfaceView: surfaceChanged (720,1238) 1 org.mozilla.gecko.MagnifiableSurfaceView{7cb1c4e V.E...... ......ID 0,0-720,1238}
09-02 12:31:52.350  3979  5925 D ConnectivityService: filterNetworkStateForUid() uid: 10154 networkInfo: [type: WIFI[] - WIFI, state: CONNECTED/CONNECTED, reason: (unspecified), extra: "WiFi 69", failover: false, available: true, roaming: false, metered: false]
09-02 12:31:52.351  3979  5925 I chatty  : uid=1000(system) Binder:3979_E identical 1 line
09-02 12:31:52.352  3979  5925 D ConnectivityService: filterNetworkStateForUid() uid: 10154 networkInfo: [type: WIFI[] - WIFI, state: CONNECTED/CONNECTED, reason: (unspecified), extra: "WiFi 69", failover: false, available: true, roaming: false, metered: false]
09-02 12:31:52.363  3979  5925 V WindowManager: Relayout Window{63e45b4 u0 org.mozilla.firefox/org.mozilla.fenix.HomeActivity}: viewVisibility=0 req=720x1280 WM.LayoutParams{(0,0)(fillxfill) sim=#110 ty=1 fl=#81010100 pfl=0x20000 fmt=-3 wanim=0x7f1404fa vsysui=0x2610 needsMenuKey=2 colorMode=0 naviIconColor=0}
09-02 12:31:52.368 18569 18569 D ViewRootImpl@88b7945[HomeActivity]: Relayout returned: old=[0,0][720,1280] new=[0,0][720,1280] result=0x3 surface={valid=true 533365501952} changed=false
09-02 12:31:52.387  3979  5925 V WindowManager: finishDrawingLocked: mDrawState=COMMIT_DRAW_PENDING Window{63e45b4 u0 org.mozilla.firefox/org.mozilla.fenix.HomeActivity} in Surface(name=org.mozilla.firefox/org.mozilla.fenix.HomeActivity)
09-02 12:31:52.388 18569 18569 D ViewRootImpl@88b7945[HomeActivity]: MSG_RESIZED_REPORT: frame=Rect(0, 0 - 720, 1280) ci=Rect(0, 42 - 0, 0) vi=Rect(0, 42 - 0, 0) or=1
09-02 12:31:52.388 18569 18569 D ViewRootImpl@88b7945[HomeActivity]: MSG_WINDOW_FOCUS_CHANGED 1
09-02 12:31:52.393  3979  4046 D ViewRootImpl@e24e3f9[firefox]: dispatchDetachedFromWindow
09-02 12:31:52.393  3979  4046 D InputEventReceiver: channel 'ec11f3e Splash Screen org.mozilla.firefox (client)' ~ Disposing input event receiver.
09-02 12:31:52.393  3979  4046 D InputEventReceiver: channel 'ec11f3e Splash Screen org.mozilla.firefox (client)' ~NativeInputEventReceiver.
09-02 12:31:52.396  3979  3996 D WindowManager: set systemUiVisibility : systemUiFlags= 0x2618 fullscreenStackSysUiFlags= 0x0
09-02 12:31:52.397  3979  4637 D WindowManager: adjustSystemUiVisibilityLw : vis= 0x2618
09-02 12:31:52.398  3979  4004 D CustomFrequencyManagerService: acquireDVFSLockLocked : type : DVFS_MIN_LIMIT  frequency : 1560000  uid : 1000  pid : 3979  pkgName : AMS_RESUME_TAIL@CPU_MIN@14
09-02 12:31:52.398  3979  4004 D ActivityManagerPerformance: AMP_acquire() TAIL
09-02 12:31:52.399  3979  4004 D CustomFrequencyManagerService: releaseDVFSLockLocked : Getting Lock type frm List : DVFS_MIN_LIMIT  frequency : 1560000  uid : 1000  pid : 3979  tag : AMS_APP_SWITCH@CPU_MIN@23
09-02 12:31:52.399  3979  4004 D ActivityManagerPerformance: AMP_release() APP_SWITCH
09-02 12:31:52.402  3979  3996 D WindowManager: set systemUiVisibility : systemUiFlags= 0x2618 fullscreenStackSysUiFlags= 0x2000
09-02 12:31:52.403 18569 18569 V InputMethodManager: Starting input: tba=android.view.inputmethod.EditorInfo@490e5d6 nm : org.mozilla.firefox ic=null
09-02 12:31:52.403 18569 18569 I InputMethodManager: startInputInner - mService.startInputOrWindowGainedFocus
09-02 12:31:52.403  3979  4637 D InputMethodManagerService: startInputOrWindowGainedFocus : windowGainedFocus 
09-02 12:31:52.403  3979  4637 D InputMethodManagerService: windowGainedFocus: destinationUserId (getCallingUid) = 0
09-02 12:31:52.403  3979  4637 D InputMethodManagerService: windowGainedFocus: currentUserId=0
09-02 12:31:52.403  3979  4637 D InputMethodManagerService: windowGainedFocus: mCurrentFocusedUserId=0
09-02 12:31:52.403  3979  4637 D InputMethodManagerService: windowGainedFocus : lock - currentUserId = 0 destinationUserId = 0
09-02 12:31:52.404  3979  4637 D InputMethodManagerService: windowGainedFocus : mCurrentFocusedUserId - 0 and mSecureKeypadEnabled - false, userSwitched - false
09-02 12:31:52.404  3979  4637 V InputMethodManagerService: windowGainedFocus : reason=WINDOW_FOCUS_GAIN client=android.os.BinderProxy@d7c72c6 inputContext=null missingMethods= attribute=android.view.inputmethod.EditorInfo@111149e nm = org.mozilla.firefox controlFlags=#104 softInputMode=#110 windowFlags=#81010100
09-02 12:31:52.404  3979  4637 V InputMethodManagerService: hideCurrentInputLocked : shouldHideSoftInput is false
09-02 12:31:52.404  3979  4637 D InputMethodManagerService: isImeSwitcherDisabledPackage : false
