09-02 11:45:55.325 14031 14031 E adbd    : recv: OPEN 0001c84b 00000000 0029:73 68 65 6C 6C 2C 76 32 2C 54 45 52 4D 3D 78 74 65 72 6D 2D 32 35 36 63 6F 6C 6F 72 2C 72 61 77 3A 64 61 74 65 20 2D 75 00 
09-02 11:45:55.326 14031 14031 E adbd    : service_to_fd: shell,v2,TERM=xterm-256color,raw:date -u
09-02 11:45:55.335 14031 14031 E adbd    : recv: OPEN 0001c84e 00000000 00c2:73 68 65 6C 6C 2C 76 32 2C 54 45 52 4D 3D 78 74 65 72 6D 2D 32 35 36 63 6F 6C 6F 72 2C 72 61 77 3A 61 6D 20 73 74 61 72 74 20 2D 61 20 61 6E 64 72 6F 69 64 2E 69 6E 74 65 6E 74 2E 61 63 74 69 6F 6E 2E 56 49 45 57 20 2D 6E 20 63 6F 6D 2E 61 6E 64 72 6F 69 64 2E 63 68 72 6F 6D 65 2F 63 6F 6D 2E 67 6F 6F 67 6C 65 2E 61 6E 64 72 6F 69 64 2E 61 70 70 73 2E 63 68 72 6F 6D 65 2E 4D 61 69 6E 20 2D 64 20 68 74 74 70 3A 2F 2F 31 39 32 2E 31 36 38 2E 38 38 2E 31 37 37 3A 38 30 30 30 2F 43 6F 6D 6D 65 72 63 65 2F 62 65 73 74 62 75 79 2F 77 77 77 2E 62 65 73 74 62 75 79 2E 63 6F 6D 2F 00 
09-02 11:45:55.335 14031 14031 E adbd    : service_to_fd: shell,v2,TERM=xterm-256color,raw:am start -a android.intent.action.VIEW -n com.android.chrome/com.google.android.apps.chrome.Main -d http://192.168.88.177:8000/Commerce/bestbuy/www.bestbuy.com/
09-02 11:45:55.396   772  1003 I BatteryMgr:DataCollectionService: stats => 1693647955396,162,4252
09-02 11:45:55.412 14031 14031 E adbd    : recv: OPEN 0001c851 00000000 003e:73 68 65 6C 6C 2C 76 32 2C 54 45 52 4D 3D 78 74 65 72 6D 2D 32 35 36 63 6F 6C 6F 72 2C 72 61 77 3A 64 75 6D 70 73 79 73 20 63 70 75 69 6E 66 6F 20 7C 20 67 72 65 70 20 54 4F 54 41 4C 00 
09-02 11:45:55.412 14031 14031 E adbd    : service_to_fd: shell,v2,TERM=xterm-256color,raw:dumpsys cpuinfo | grep TOTAL
09-02 11:45:55.428  3979  4673 I ActivityManager: START u0 {act=android.intent.action.VIEW typ=null flg=0x10000000 cmp=ComponentInfo{com.android.chrome/com.google.android.apps.chrome.Main}} from uid 2000
09-02 11:45:55.430  3979  4673 D CustomFrequencyManagerService: acquireDVFSLockLocked : type : DVFS_MIN_LIMIT  frequency : 1560000  uid : 1000  pid : 3979  pkgName : AMS_ACT_START@CPU_MIN@8
09-02 11:45:55.432  3979  4673 D ActivityManagerPerformance: AMP_acquire() ACT_START
09-02 11:45:55.447   812   812 D InputMethodManager: HSIFW - flag : 0 Pid : 812
09-02 11:45:55.447  3979  4673 V InputMethodManagerService: Client requesting input be hidden, flags : 0
09-02 11:45:55.447  3979  4673 V InputMethodManagerService: hideCurrentInputLocked : shouldHideSoftInput is false
09-02 11:45:55.451  3979  4673 D ConnectivityService: filterNetworkStateForUid() uid: 10096 networkInfo: [type: WIFI[] - WIFI, state: CONNECTED/CONNECTED, reason: (unspecified), extra: "WiFi 69", failover: false, available: true, roaming: false, metered: false]
09-02 11:45:55.453   812   812 E cr_IntentUtils: getInt failed on bundle null
09-02 11:45:55.457   812   812 E ResourceType: Style contains key with bad entry: 0x0101062c
09-02 11:45:55.460  3979  4673 D ConnectivityService: filterNetworkStateForUid() uid: 10096 networkInfo: [type: WIFI[] - WIFI, state: CONNECTED/CONNECTED, reason: (unspecified), extra: "WiFi 69", failover: false, available: true, roaming: false, metered: false]
09-02 11:45:55.470  3979  9878 I ApplicationPolicy: isApplicationExternalStorageWhitelisted:com.android.chrome user:0
09-02 11:45:55.470  3979  9878 D ApplicationPolicy: isApplicationExternalStorageWhitelisted: DO is not enabled on user 0. Allowed.
09-02 11:45:55.470  3979  9878 D ActivityManager: package  com.android.chrome, user - 0 is SDcard whitelisted
09-02 11:45:55.470  3979  9878 I ApplicationPolicy: isApplicationExternalStorageBlacklisted:com.android.chrome user:0
09-02 11:45:55.470  3979  9878 D ApplicationPolicy: isApplicationExternalStorageBlacklisted: DO is not enabled on user 0. Allowed.
09-02 11:45:55.470  3979  9878 I ActivityManager: SA, print process name forked by webview_zygote : com.android.chrome:sandboxed_process1
09-02 11:45:55.473  4443  4443 E SchedPolicy: add_tid_to_cgroup failed; fd=-1
09-02 11:45:55.481 14031 14031 E adbd    : recv: OPEN 0001c854 00000000 003d:73 68 65 6C 6C 2C 76 32 2C 54 45 52 4D 3D 78 74 65 72 6D 2D 32 35 36 63 6F 6C 6F 72 2C 72 61 77 3A 64 75 6D 70 73 79 73 20 6D 65 6D 69 6E 66 6F 20 7C 20 67 72 65 70 20 55 73 65 64 00 
09-02 11:45:55.481 14031 14031 E adbd    : service_to_fd: shell,v2,TERM=xterm-256color,raw:dumpsys meminfo | grep Used
09-02 11:45:55.482   812   812 I cr_tabmodel: Appending tabs being restored to metadata lists, 0, startingNormalCount: 48, startingIncognitoCount: 0
09-02 11:45:55.482   812   812 I cr_tabmodel: Serializing tab lists; counts: 48, 0
09-02 11:45:55.482  1042  1042 E /system/bin/webview_zygote32: failed to make and chown /acct/uid_99178: Permission denied
09-02 11:45:55.482  1042  1042 E Zygote  : createProcessGroup(99178, 0) failed: Permission denied
09-02 11:45:55.483  1042  1042 E libpersona: Couldn't open the File - /data/system/users/0.xml - Permission denied
09-02 11:45:55.484  1042  1042 W SELinux : SELinux selinux_android_compute_policy_index : Policy Index[2],  Con:u:r:webview_zygote:s0 RAM:SEPF_SM-J720F_8.0.0_0017, [-1 -1 -1 -1 0 1]
09-02 11:45:55.484  3979  9878 I ActivityManager: Start proc 1042:com.android.chrome:sandboxed_process1/u0i178 for webview_service com.android.chrome/org.chromium.content.app.SandboxedProcessService1
09-02 11:45:55.484   812   812 D InputMethodManager: HSIFW - flag : 0 Pid : 812
09-02 11:45:55.485  1042  1042 I SELinux : SELinux: seapp_context_lookup: seinfo=chrome, level=s0:c512,c768, pkgname=com.android.chrome:sandboxed_process1 
09-02 11:45:55.485  3979  9878 V InputMethodManagerService: Client requesting input be hidden, flags : 0
09-02 11:45:55.485  3979  9878 V InputMethodManagerService: hideCurrentInputLocked : shouldHideSoftInput is false
09-02 11:45:55.500   772  1003 I BatteryMgr:DataCollectionService: stats => 1693647955500,162,4252
09-02 11:45:55.516  3979  5968 D ConnectivityService: filterNetworkStateForUid() uid: 10096 networkInfo: [type: WIFI[] - WIFI, state: CONNECTED/CONNECTED, reason: (unspecified), extra: "WiFi 69", failover: false, available: true, roaming: false, metered: false]
09-02 11:45:55.517  1042  1042 I SamplingProfilerIntegration: Profiling disabled.
09-02 11:45:55.517   812   812 I cr_OfflineDetector: Running updateState mConnectivityDetectorInitialized: true, mTimeWhenLastForegrounded: 93136949, getElapsedTime: 93136949, mTimeWhenLastOfflineNotificationReceived: 0, mTimeWhenLastOnline: 93127645, mApplicationState: 1, mIsOfflineLastReportedByConnectivityDetector: false, mIsEffectivelyOffline: false
09-02 11:45:55.517   812   812 I cr_OfflineDetector: updateState(): timeSinceLastForeground: 0, timeSinceOfflineNotificationReceived: 93136949, timeSinceLastOnline: 9304, timeNeededForForeground: 2000, timeNeededForOffline: -93134949
09-02 11:45:55.519  3979  5968 I chatty  : uid=1000(system) Binder:3979_12 identical 1 line
09-02 11:45:55.520  3979  5968 D ConnectivityService: filterNetworkStateForUid() uid: 10096 networkInfo: [type: WIFI[] - WIFI, state: CONNECTED/CONNECTED, reason: (unspecified), extra: "WiFi 69", failover: false, available: true, roaming: false, metered: false]
09-02 11:45:55.522  1042  1042 D TimaKeyStoreProvider: TimaKeyStore is not enabled: cannot add TimaSignature Service and generateKeyPair Service
09-02 11:45:55.523  1042  1042 D ActivityThread: Added TimaKeyStore provider
09-02 11:45:55.527  3979  5968 I ActivityManager: DSS on for com.android.chrome and scale is 1.0
09-02 11:45:55.533  3979  4673 D ConnectivityService: filterNetworkStateForUid() uid: 10096 networkInfo: [type: WIFI[] - WIFI, state: CONNECTED/CONNECTED, reason: (unspecified), extra: "WiFi 69", failover: false, available: true, roaming: false, metered: false]
09-02 11:45:55.570  1061  1061 E asset   : setgid: Operation not permitted
09-02 11:45:55.573  3979  5968 V WindowManager: Relayout Window{5481a39 u0 com.android.chrome/com.google.android.apps.chrome.Main}: viewVisibility=0 req=720x1280 WM.LayoutParams{(0,0)(fillxfill) sim=#13 ty=1 fl=#81810100 pfl=0x20000 fmt=-3 wanim=0x10302fd vsysui=0x2600 sysuil=true needsMenuKey=2 colorMode=0 naviIconColor=0}
09-02 11:45:55.579   812   812 D ViewRootImpl@38ce13c[Main]: Relayout returned: old=[0,0][720,1280] new=[0,0][720,1280] result=0x1 surface={valid=true 3337492480} changed=false
09-02 11:45:55.587   812   812 V InputMethodManager: Starting input: tba=android.view.inputmethod.EditorInfo@1b4a741 nm : com.android.chrome ic=null
09-02 11:45:55.587   812   812 I InputMethodManager: startInputInner - mService.startInputOrWindowGainedFocus
09-02 11:45:55.587  3979  5968 D InputMethodManagerService: startInputOrWindowGainedFocus : startInput 
09-02 11:45:55.587  3979  5968 D InputMethodManagerService: setCurrentInputInfo - inputContext : null eidtorInfo : android.view.inputmethod.EditorInfo@9d50a4b missingMethods : 0
09-02 11:45:55.588  4336  4336 I InputMethodWrapper:  call dispatchStartInputWithToken
09-02 11:45:55.588  4336  4336 I InputMethodService: dispatchStartInputWithToken
09-02 11:45:55.589  4336  4336 I SKBD    : SamsungKeypad [IMI] onStartInput - caller pid : 812, caller uid : 10096
09-02 11:45:55.589  4336  4336 I SKBD    : SamsungKeypad  CACHEDIC onStartInput  isCachedICEnabled:  false
09-02 11:45:55.589  4336  4336 I SKBD    : atl getDefaultInputRange : UNKNOWN
09-02 11:45:55.589  4336  4336 I SKBD    : awo resetBinderManager()
09-02 11:45:55.589  4336  4336 I SKBD_SYNC: SamsungKeypad onStartInput: import DLM
09-02 11:45:55.589  4336  4336 I SKBD    : atl setPrivateImeOptionsToTable privateImeOptions ( null )
09-02 11:45:55.589  4336  4336 I SKBD    : atl imeOptions is null
09-02 11:45:55.590  4336  4336 I SKBD    : SamsungKeypad [PF_OP][onStartInput] 1080192
09-02 11:45:55.605   772  1003 I BatteryMgr:DataCollectionService: stats => 1693647955605,162,4252
09-02 11:45:55.616  1042  1042 I cr_SplitCompatApp: Launched version=107.0.5304.91 minSdkVersion=24 isBundle=true processName=com.android.chrome:sandboxed_process1 isIsolated=true
09-02 11:45:55.632  1042  1042 W SystemServiceRegistry: No service published for: uimode
09-02 11:45:55.637  1042  1042 V Monotype: fonts.xml take from : /system/etc/
09-02 11:45:55.710   772  1003 I BatteryMgr:DataCollectionService: stats => 1693647955710,162,4252
09-02 11:45:55.754  1042  1042 E Typeface: Error mapping font file /system/fonts/SamsungSans-Num3L.ttf
09-02 11:45:55.755  1042  1042 E Minikin : Could not get cmap table size!
09-02 11:45:55.755  1042  1042 E Typeface: Unable to load Family: samsung-sans-num3L:null
09-02 11:45:55.755  1042  1042 E Typeface: Error mapping font file /system/fonts/SamsungSans-Num3T.ttf
09-02 11:45:55.755  1042  1042 E Minikin : Could not get cmap table size!
09-02 11:45:55.755  1042  1042 E Typeface: Unable to load Family: samsung-sans-num3T:null
09-02 11:45:55.755  1042  1042 E Typeface: Error mapping font file /system/fonts/SamsungSans-Num4L.ttf
09-02 11:45:55.755  1042  1042 E Minikin : Could not get cmap table size!
09-02 11:45:55.755  1042  1042 E Typeface: Unable to load Family: samsung-sans-num4L:null
09-02 11:45:55.755  1042  1042 E Typeface: Error mapping font file /system/fonts/SamsungSans-Num4T.ttf
09-02 11:45:55.755  1042  1042 E Minikin : Could not get cmap table size!
09-02 11:45:55.755  1042  1042 E Typeface: Unable to load Family: samsung-sans-num4T:null
09-02 11:45:55.755  1042  1042 E Typeface: Error mapping font file /system/fonts/SamsungSans-Num35.ttf
09-02 11:45:55.755  1042  1042 E Minikin : Could not get cmap table size!
09-02 11:45:55.755  1042  1042 E Typeface: Unable to load Family: samsung-sans-num35:null
09-02 11:45:55.755  1042  1042 E Typeface: Error mapping font file /system/fonts/SamsungSans-Num45.ttf
09-02 11:45:55.755  1042  1042 E Minikin : Could not get cmap table size!
09-02 11:45:55.755  1042  1042 E Typeface: Unable to load Family: samsung-sans-num45:null
09-02 11:45:55.755  1042  1042 E Typeface: Error mapping font file /system/fonts/SamsungSans-Num3Lv.ttf
09-02 11:45:55.755  1042  1042 E Minikin : Could not get cmap table size!
09-02 11:45:55.755  1042  1042 E Typeface: Unable to load Family: samsung-sans-num3LV:null
09-02 11:45:55.756  1042  1042 E Typeface: Error mapping font file /system/fonts/SamsungSans-Num3R.ttf
09-02 11:45:55.756  1042  1042 E Minikin : Could not get cmap table size!
09-02 11:45:55.756  1042  1042 E Typeface: Unable to load Family: samsung-sans-num3R:null
09-02 11:45:55.756  1042  1042 E Typeface: Error mapping font file /system/fonts/SamsungSans-Num4Tv.ttf
09-02 11:45:55.756  1042  1042 E Minikin : Could not get cmap table size!
09-02 11:45:55.756  1042  1042 E Typeface: Unable to load Family: samsung-sans-num4Tv:null
09-02 11:45:55.756  1042  1042 E Typeface: Error mapping font file /system/fonts/SamsungSans-Num4Lv.ttf
09-02 11:45:55.756  1042  1042 E Minikin : Could not get cmap table size!
09-02 11:45:55.756  1042  1042 E Typeface: Unable to load Family: samsung-sans-num4Lv:null
09-02 11:45:55.763  1042  1042 I cr_ChildProcessService: Creating new ChildProcessService pid=1042
09-02 11:45:55.771  1042  1042 E WebViewFactory: can't load with relro file; address space not reserved
09-02 11:45:55.783  1042  1062 I cr_LibraryLoader: Successfully loaded native library
09-02 11:45:55.784  1042  1062 I cr_CachingUmaRecorder: Flushed 3 samples from 3 histograms.
09-02 11:45:55.816   772  1003 I BatteryMgr:DataCollectionService: stats => 1693647955816,162,4252
09-02 11:45:55.909  1042  1062 I tflite  : Initialized TensorFlow Lite runtime.
09-02 11:45:55.921   772  1003 I BatteryMgr:DataCollectionService: stats => 1693647955921,162,4252
09-02 11:45:56.028   772  1003 I BatteryMgr:DataCollectionService: stats => 1693647956027,162,4252
09-02 11:45:56.129 22051 22051 D BoundBrokerSvc: onBind: Intent { act=com.google.android.gms.common.BIND_SHARED_PREFS pkg=com.google.android.gms }
09-02 11:45:56.129 22051 22051 D BoundBrokerSvc: Loading bound service for intent: Intent { act=com.google.android.gms.common.BIND_SHARED_PREFS pkg=com.google.android.gms }
09-02 11:45:56.134   772  1003 I BatteryMgr:DataCollectionService: stats => 1693647956134,162,4252
09-02 11:45:56.143 22051 22051 D BoundBrokerSvc: onUnbind: Intent { act=com.google.android.gms.common.BIND_SHARED_PREFS pkg=com.google.android.gms }
09-02 11:45:56.239   772  1003 I BatteryMgr:DataCollectionService: stats => 1693647956239,162,4252
09-02 11:45:56.343   772  1003 I BatteryMgr:DataCollectionService: stats => 1693647956343,162,4252
09-02 11:45:56.448   772  1003 I BatteryMgr:DataCollectionService: stats => 1693647956448,162,4252
09-02 11:45:56.553   772  1003 I BatteryMgr:DataCollectionService: stats => 1693647956552,162,4252
09-02 11:45:56.629   812   812 I cr_tabmodel: Appending tabs being restored to metadata lists, 0, startingNormalCount: 48, startingIncognitoCount: 0
09-02 11:45:56.630   812   812 I cr_tabmodel: Serializing tab lists; counts: 48, 0
09-02 11:45:56.657   772  1003 I BatteryMgr:DataCollectionService: stats => 1693647956656,162,4252
09-02 11:45:56.670  3449  3449 I android.hardware.wifi@1.0-service: getLinkLayerStats
09-02 11:45:56.761   772  1003 I BatteryMgr:DataCollectionService: stats => 1693647956761,162,4252
09-02 11:45:56.866   772  1003 I BatteryMgr:DataCollectionService: stats => 1693647956866,162,4252
09-02 11:45:56.972   772  1003 I BatteryMgr:DataCollectionService: stats => 1693647956972,162,4252
09-02 11:45:57.077   772  1003 I BatteryMgr:DataCollectionService: stats => 1693647957077,162,4252
09-02 11:45:57.183   772  1003 I BatteryMgr:DataCollectionService: stats => 1693647957183,162,4252
09-02 11:45:57.289   772  1003 I BatteryMgr:DataCollectionService: stats => 1693647957289,162,4252
09-02 11:45:57.323   812   812 E cr_BTSPrefs: No data found for task id: 56
09-02 11:45:57.324   812   812 E cr_BkgrdTaskScheduler: Task cannot be canceled because no data was found instorage or data was invalid
09-02 11:45:57.394   772  1003 I BatteryMgr:DataCollectionService: stats => 1693647957394,162,4252
09-02 11:45:57.419  3979  4484 E Watchdog: !@Sync 1282 [2023-09-02 11:45:57.419]
09-02 11:45:57.434  3979  5035 D ActivityManagerPerformance: Received MSG_DISABLE_ACT_START, r: ActivityRecord{d1fdb37 u0 com.android.chrome/com.google.android.apps.chrome.Main t404}
09-02 11:45:57.435  3979  5035 D CustomFrequencyManagerService: acquireDVFSLockLocked : type : DVFS_MIN_LIMIT  frequency : 1560000  uid : 1000  pid : 3979  pkgName : AMS_RESUME_TAIL@CPU_MIN@14
09-02 11:45:57.436  3979  5035 D ActivityManagerPerformance: AMP_acquire() TAIL
09-02 11:45:57.436  3979  5035 D CustomFrequencyManagerService: releaseDVFSLockLocked : Getting Lock type frm List : DVFS_MIN_LIMIT  frequency : 1560000  uid : 1000  pid : 3979  tag : AMS_ACT_START@CPU_MIN@8
09-02 11:45:57.437  3979  5035 D ActivityManagerPerformance: AMP_release() ACT_START
09-02 11:45:57.501   772  1003 I BatteryMgr:DataCollectionService: stats => 1693647957501,162,4252
09-02 11:45:57.608   772  1003 I BatteryMgr:DataCollectionService: stats => 1693647957608,162,4252
09-02 11:45:57.623  5551  5624 D ContactsProvider_EventLog: contents_sample_state: [CONTACT contacts(191) data(1819) accounts({com.google (13)=199}) accounts deleted({}) calls([]) countryIso(NL) userId(0)  ]
09-02 11:45:57.623  5551  5624 D ContactsProvider_EventLog: contents_sample_state: [ agr({[13 ,13]=8, [13]=183})  ]
09-02 11:45:57.623  5551  5624 D ContactsProvider_EventLog: contents_sample_state: [ actCnt({android.process.acore(5551)=1})  ]
09-02 11:45:57.623  5551  5624 D ContactsProvider_EventLog: contents_sample_state: [PROFILE contacts(0) data(0) accounts({})  ]
09-02 11:45:57.623  5551  5624 D ContactsProvider_EventLog: contents_sample_state: [SAPROFILE contacts(1) data(1) accounts({vnd.sec.contact.phone (1)=1})  ]
09-02 11:45:57.625  5551  5624 E ContactsProvider_EventLog: Flush buffer to file cnt : 1 size : 0Kb duration : 1ms lastUpdatedAfter : 60017 ms mFlush_time_threasold : 2000 mCurrentSize : 481
09-02 11:45:57.713   772  1003 I BatteryMgr:DataCollectionService: stats => 1693647957713,162,4252
09-02 11:45:57.818   772  1003 I BatteryMgr:DataCollectionService: stats => 1693647957818,162,4252
09-02 11:45:57.923   772  1003 I BatteryMgr:DataCollectionService: stats => 1693647957923,162,4252
09-02 11:45:58.030   772  1003 I BatteryMgr:DataCollectionService: stats => 1693647958029,162,4252
09-02 11:45:58.036  3979  3979 D CustomFrequencyManagerService: releaseDVFSLockLocked : Getting Lock type frm List : DVFS_MIN_LIMIT  frequency : 1560000  uid : 1000  pid : 3979  tag : AMS_RESUME_TAIL@CPU_MIN@14
09-02 11:45:58.142   772  1003 I BatteryMgr:DataCollectionService: stats => 1693647958142,162,4252
09-02 11:45:58.252   772  1003 I BatteryMgr:DataCollectionService: stats => 1693647958252,162,4252
09-02 11:45:58.358   772  1003 I BatteryMgr:DataCollectionService: stats => 1693647958357,162,4252
09-02 11:45:58.467   772  1003 I BatteryMgr:DataCollectionService: stats => 1693647958466,162,4252
09-02 11:45:58.577   772  1003 I BatteryMgr:DataCollectionService: stats => 1693647958576,162,4252
09-02 11:45:58.686   772  1003 I BatteryMgr:DataCollectionService: stats => 1693647958686,162,4252
09-02 11:45:58.797   772  1003 I BatteryMgr:DataCollectionService: stats => 1693647958796,162,4252
09-02 11:45:58.814   772   777 I zygote64: Do partial code cache collection, code=58KB, data=45KB
09-02 11:45:58.815   772   777 I zygote64: After code cache collection, code=58KB, data=45KB
09-02 11:45:58.815   772   777 I zygote64: Increasing code cache capacity to 256KB
09-02 11:45:58.907   772  1003 I BatteryMgr:DataCollectionService: stats => 1693647958907,162,4252
09-02 11:45:59.017   772  1003 I BatteryMgr:DataCollectionService: stats => 1693647959017,162,4252
09-02 11:45:59.126   772  1003 I BatteryMgr:DataCollectionService: stats => 1693647959125,162,4252
09-02 11:45:59.135 14031 14031 E adbd    : recv: OPEN 0001c857 00000000 0029:73 68 65 6C 6C 2C 76 32 2C 54 45 52 4D 3D 78 74 65 72 6D 2D 32 35 36 63 6F 6C 6F 72 2C 72 61 77 3A 64 61 74 65 20 2D 75 00 
09-02 11:45:59.135 14031 14031 E adbd    : service_to_fd: shell,v2,TERM=xterm-256color,raw:date -u
09-02 11:45:59.224 14031 14031 E adbd    : recv: OPEN 0001c85a 00000000 003e:73 68 65 6C 6C 2C 76 32 2C 54 45 52 4D 3D 78 74 65 72 6D 2D 32 35 36 63 6F 6C 6F 72 2C 72 61 77 3A 64 75 6D 70 73 79 73 20 63 70 75 69 6E 66 6F 20 7C 20 67 72 65 70 20 54 4F 54 41 4C 00 
09-02 11:45:59.224 14031 14031 E adbd    : service_to_fd: shell,v2,TERM=xterm-256color,raw:dumpsys cpuinfo | grep TOTAL
09-02 11:45:59.234   772  1003 I BatteryMgr:DataCollectionService: stats => 1693647959234,162,4252
09-02 11:45:59.297 14031 14031 E adbd    : recv: OPEN 0001c85d 00000000 003d:73 68 65 6C 6C 2C 76 32 2C 54 45 52 4D 3D 78 74 65 72 6D 2D 32 35 36 63 6F 6C 6F 72 2C 72 61 77 3A 64 75 6D 70 73 79 73 20 6D 65 6D 69 6E 66 6F 20 7C 20 67 72 65 70 20 55 73 65 64 00 
09-02 11:45:59.297 14031 14031 E adbd    : service_to_fd: shell,v2,TERM=xterm-256color,raw:dumpsys meminfo | grep Used
09-02 11:45:59.339   772  1003 I BatteryMgr:DataCollectionService: stats => 1693647959339,172,4252
09-02 11:45:59.444   772  1003 I BatteryMgr:DataCollectionService: stats => 1693647959443,172,4252
09-02 11:45:59.548   772  1003 I BatteryMgr:DataCollectionService: stats => 1693647959548,172,4252
09-02 11:45:59.659   772  1003 I BatteryMgr:DataCollectionService: stats => 1693647959659,172,4252
09-02 11:45:59.674  3449  3449 I android.hardware.wifi@1.0-service: getLinkLayerStats
09-02 11:45:59.738  3979  4672 D BatteryService: !@BatteryListener : batteryPropertiesChanged!
09-02 11:45:59.740  3979  4672 D BatteryService: level:100, scale:100, status:5, health:2, present:true, voltage: 4296, temperature: 273, technology: Li-ion, AC powered:false, USB powered:true, POGO powered:false, Wireless powered:false, icon:17303834, invalid charger:0, maxChargingCurrent:0, maxChargingVoltage:0, chargeCounter:0
09-02 11:45:59.740  3979  4672 D BatteryService: online:4, current avg:30, charge type:1, power sharing:false, high voltage charger:false, capacity:280000, batterySWSelfDischarging:false, misc_event:0, current_event:0, current_now:172
09-02 11:45:59.741  3979  3979 D BatteryService: Sending ACTION_BATTERY_CHANGED.
09-02 11:45:59.744  3979  3979 D SamsungPhoneWindowManager: ACTION_BATTERY_CHANGED - Level :: 100, battStatus :: 5
09-02 11:45:59.744  3979  3979 I MotionRecognitionService: Plugged
09-02 11:45:59.744  3979  3979 D MotionRecognitionService:   mCableConnection= 1
09-02 11:45:59.744  3979  3979 D MotionRecognitionService: setPowerConnected : mGripEnabled = false
09-02 11:45:59.745  3979  4002 D UsbDeviceManager: handleMessage -> MSG_UPDATE_CHARGING_STATE = 1
09-02 11:45:59.748  4349  4349 D KeyguardUpdateMonitor: received broadcast android.intent.action.BATTERY_CHANGED
09-02 11:45:59.751  4349  4349 D BatteryController: onReceive-ACTION_BATTERY_CHANGED : mLevel=100, mBatteryStatus=5
09-02 11:45:59.768  4349  4349 D PowerUI : priorPlugType = 2 mPlugType =  2
09-02 11:45:59.770   772  1003 I BatteryMgr:DataCollectionService: stats => 1693647959770,172,4296
09-02 11:45:59.879   772  1003 I BatteryMgr:DataCollectionService: stats => 1693647959879,172,4296
09-02 11:45:59.926  4962  4962 D io_stats: !@ 179,0 r 588336 17876208 w 355729 7621656 d 36971 19082608 f 101383 103496 iot 457508 384294 th 51200 0 0 pt 0 inp 0 0 38493.170
09-02 11:45:59.990   772  1003 I BatteryMgr:DataCollectionService: stats => 1693647959989,172,4296
09-02 11:45:59.991  3979  4051 D SensorService: [SO] 0.168 -0.417 9.855
09-02 11:46:00.000  3979  4067 D SamsungAlarmManager: Expired : 8
09-02 11:46:00.000  3979  4067 V SamsungAlarmManager: Sending to uid : 1000 action=android.intent.action.TIME_TICK alarm=Alarm{cb3e772 type 3 when 93141432 android}
09-02 11:46:00.002  3979  4067 V SamsungAlarmManager: Sending to uid : 10074 action=com.samsung.action.EVERY_MINUTE_CLOCK_UPDATE alarm=Alarm{d049840 type 1 when 1693647960000 com.sec.android.app.launcher}
09-02 11:46:00.005  5213  5213 I Launcher: onReceive: com.samsung.action.EVERY_MINUTE_CLOCK_UPDATE
09-02 11:46:00.007  3979  3979 D SamsungAlarmManager: setExact Intent (T:3/F:1/AC:false) 20230902T114659 - CU:1000/CP:3979
09-02 11:46:00.007  3979  3979 I SamsungAlarmManager: setLocked to kernel - T:3 / 20230902T114700, SetElapsed=93201432, nowELAPSED=93141439
09-02 11:46:00.009  4349  4349 D KeyguardUpdateMonitor: received broadcast android.intent.action.TIME_TICK
09-02 11:46:00.009  4349  4349 D KeyguardServiceBoxContainer: refreshTime() 1
09-02 11:46:00.015  3979  4672 D SamsungAlarmManager: setInexact Intent (T:1/F:0/AC:false) 20230902T114700 - CU:10074/CP:5213
09-02 11:46:00.016  5213  5213 I IconView: applyFromShortcutInfo - start GetLive : com.samsung.android.calendar
09-02 11:46:00.016  5213  5213 I BitmapCacheContainer: getBitmapCache: BitmapCache expired com.samsung.android.calendar/UserHandle{0}
09-02 11:46:00.021  5213  5213 D ApplicationPackageManager: we has com.samsung.android.calendar class. reuse it 
09-02 11:46:00.042  4349  4349 D KeyguardUpdateMonitor: handleStatusBarState( false )
09-02 11:46:00.051  5213  5213 I ApplicationPackageManager: load= live icon for com.samsung.android.calendar, from overlay = false
09-02 11:46:00.052  5213  5213 I LiveIconManager: getLiveIcon: complete(sync_created)
09-02 11:46:00.053  5213  5213 I IconView: applyFromShortcutInfo - end GetLive : com.samsung.android.calendar
09-02 11:46:00.054  5213  5213 I IconView: applyFromApplicationInfo - start GetLive : com.sec.android.app.clockpackage
09-02 11:46:00.057  5213  5213 D ApplicationPackageManager: we has com.sec.android.app.clockpackage class. reuse it 
09-02 11:46:00.057  5213  5213 D LiveIconLoader: getLiveIcon was called in ClockPackage
09-02 11:46:00.058  5213  5213 D LiveIconLoader: getLiveIcon res = com.sec.android.app.clockpackage
09-02 11:46:00.060  5213  5213 D LiveIconLoader: stdIconSize : 84 , targetIconSize : 94
09-02 11:46:00.060  5213  5213 D LiveIconLoader: mIconDpi : 320 , mTargetIconDpi : 280
09-02 11:46:00.070  5213  5213 I ApplicationPackageManager: load= live icon for com.sec.android.app.clockpackage, from overlay = false
09-02 11:46:00.071  4349  4349 D KeyguardUpdateMonitor: handleStatusBarState( false )
09-02 11:46:00.071  5213  5213 I LiveIconManager: getLiveIcon: complete(sync_created)
09-02 11:46:00.071  5213  5213 I IconView: applyFromApplicationInfo - end GetLive : com.sec.android.app.clockpackage
09-02 11:46:00.072  5213  5213 I IconView: applyFromApplicationInfo - start GetLive : com.samsung.android.calendar
09-02 11:46:00.072  5213  5213 I IconView: applyFromApplicationInfo - end GetLive : com.samsung.android.calendar
09-02 11:46:00.095   772  1003 I BatteryMgr:DataCollectionService: stats => 1693647960095,172,4296
09-02 11:46:00.201   772  1003 I BatteryMgr:DataCollectionService: stats => 1693647960200,172,4296
09-02 11:46:00.309   772  1003 I BatteryMgr:DataCollectionService: stats => 1693647960309,172,4296
09-02 11:46:00.419   772  1003 I BatteryMgr:DataCollectionService: stats => 1693647960419,172,4296
09-02 11:46:00.488 14031 14031 E adbd    : recv: OPEN 0001c860 00000000 0042:73 68 65 6C 6C 2C 76 32 2C 54 45 52 4D 3D 78 74 65 72 6D 2D 32 35 36 63 6F 6C 6F 72 2C 72 61 77 3A 67 65 74 70 72 6F 70 20 72 6F 2E 62 75 69 6C 64 2E 76 65 72 73 69 6F 6E 2E 72 65 6C 65 61 73 65 00 
09-02 11:46:00.488 14031 14031 E adbd    : service_to_fd: shell,v2,TERM=xterm-256color,raw:getprop ro.build.version.release
09-02 11:46:00.525   772  1003 I BatteryMgr:DataCollectionService: stats => 1693647960525,172,4296
09-02 11:46:00.577 14031 14031 E adbd    : recv: OPEN 0001c863 00000000 003e:73 68 65 6C 6C 2C 76 32 2C 54 45 52 4D 3D 78 74 65 72 6D 2D 32 35 36 63 6F 6C 6F 72 2C 72 61 77 3A 67 65 74 70 72 6F 70 20 72 6F 2E 62 75 69 6C 64 2E 76 65 72 73 69 6F 6E 2E 73 64 6B 00 
09-02 11:46:00.577 14031 14031 E adbd    : service_to_fd: shell,v2,TERM=xterm-256color,raw:getprop ro.build.version.sdk
09-02 11:46:00.630   772  1003 I BatteryMgr:DataCollectionService: stats => 1693647960630,172,4296
09-02 11:46:00.650 14031 14031 E adbd    : recv: OPEN 0001c866 00000000 0042:73 68 65 6C 6C 2C 76 32 2C 54 45 52 4D 3D 78 74 65 72 6D 2D 32 35 36 63 6F 6C 6F 72 2C 72 61 77 3A 67 65 74 70 72 6F 70 20 72 6F 2E 62 75 69 6C 64 2E 76 65 72 73 69 6F 6E 2E 72 65 6C 65 61 73 65 00 
09-02 11:46:00.650 14031 14031 E adbd    : service_to_fd: shell,v2,TERM=xterm-256color,raw:getprop ro.build.version.release
09-02 11:46:00.717 14031 14031 E adbd    : recv: OPEN 0001c869 00000000 003e:73 68 65 6C 6C 2C 76 32 2C 54 45 52 4D 3D 78 74 65 72 6D 2D 32 35 36 63 6F 6C 6F 72 2C 72 61 77 3A 67 65 74 70 72 6F 70 20 72 6F 2E 62 75 69 6C 64 2E 76 65 72 73 69 6F 6E 2E 73 64 6B 00 
09-02 11:46:00.717 14031 14031 E adbd    : service_to_fd: shell,v2,TERM=xterm-256color,raw:getprop ro.build.version.sdk
09-02 11:46:00.735   772  1003 I BatteryMgr:DataCollectionService: stats => 1693647960735,172,4296
09-02 11:46:00.787 14031 14031 E adbd    : recv: OPEN 0001c86c 00000000 008c:73 68 65 6C 6C 2C 76 32 2C 54 45 52 4D 3D 78 74 65 72 6D 2D 32 35 36 63 6F 6C 6F 72 2C 72 61 77 3A 61 6D 20 73 74 6F 70 73 65 72 76 69 63 65 20 63 6F 6D 2E 65 78 61 6D 70 6C 65 2E 62 61 74 74 65 72 79 6D 61 6E 61 67 65 72 5F 75 74 69 6C 69 74 79 2F 63 6F 6D 2E 65 78 61 6D 70 6C 65 2E 62 61 74 74 65 72 79 6D 61 6E 61 67 65 72 5F 75 74 69 6C 69 74 79 2E 44 61 74 61 43 6F 6C 6C 65 63 74 69 6F 6E 53 65 72 76 69 63 65 00 
09-02 11:46:00.787 14031 14031 E adbd    : service_to_fd: shell,v2,TERM=xterm-256color,raw:am stopservice com.example.batterymanager_utility/com.example.batterymanager_utility.DataCollectionService
09-02 11:46:00.840   772  1003 I BatteryMgr:DataCollectionService: stats => 1693647960840,172,4296
09-02 11:46:00.856  3979  3979 I EasyMuteController: UnRegister failed. no registered
09-02 11:46:00.856  3979  3979 D LightsService: [api] [SvcLED] turnOff:: id = 4 (uid: 1000 pid: 3979) 
09-02 11:46:00.856  3979  3979 D LightsService: [api] [SvcLED] LED indicator : Not supported.
09-02 11:46:00.858  3979  4672 D Notification: allPendingIntents
09-02 11:46:00.859  3979  4672 I chatty  : uid=1000(system) Binder:3979_B identical 1 line
09-02 11:46:00.863  3979  3979 D LightsService: [api] [SvcLED] turnOff:: id = 4 (uid: 1000 pid: 3979) 
09-02 11:46:00.863  3979  3979 D LightsService: [api] [SvcLED] LED indicator : Not supported.
09-02 11:46:00.864  3979  4672 D Notification: allPendingIntents
09-02 11:46:00.865  3979  9878 D Notification: allPendingIntents
09-02 11:46:00.889  4349  4349 D KeyguardUpdateMonitor: handleStatusBarState( false )
09-02 11:46:00.893 14031 14031 E adbd    : recv: OPEN 0001c86f 00000000 0042:73 68 65 6C 6C 2C 76 32 2C 54 45 52 4D 3D 78 74 65 72 6D 2D 32 35 36 63 6F 6C 6F 72 2C 72 61 77 3A 67 65 74 70 72 6F 70 20 72 6F 2E 62 75 69 6C 64 2E 76 65 72 73 69 6F 6E 2E 72 65 6C 65 61 73 65 00 
09-02 11:46:00.893 14031 14031 E adbd    : service_to_fd: shell,v2,TERM=xterm-256color,raw:getprop ro.build.version.release
09-02 11:46:00.913  3979  4003 W StorageManager: getStorageFullBytes DEFAULT_FULL_THRESHOLD_BYTES : 20971520, threadhold : 20971520
09-02 11:46:00.913  3979  4003 W StorageManager: getStorageLowBytes lowPercent : 5, lowBytes : 1260145254, maxLowBytes : 524288000
09-02 11:46:00.915  3979  4003 W DeviceStorageMonitorService: updateBroadcasts(/data) oldLevel:0, newLevel:0, seq:1
09-02 11:46:00.915  3979  4003 W DeviceStorageMonitorService: updateBroadcasts_filenode(/data) fn_oldLevel:0, fn_newLevel:0, seq:1
09-02 11:46:00.918  4349  4349 D KeyguardUpdateMonitor: handleStatusBarState( false )
09-02 11:46:00.960 14031 14031 E adbd    : recv: OPEN 0001c872 00000000 003e:73 68 65 6C 6C 2C 76 32 2C 54 45 52 4D 3D 78 74 65 72 6D 2D 32 35 36 63 6F 6C 6F 72 2C 72 61 77 3A 67 65 74 70 72 6F 70 20 72 6F 2E 62 75 69 6C 64 2E 76 65 72 73 69 6F 6E 2E 73 64 6B 00 
09-02 11:46:00.960 14031 14031 E adbd    : service_to_fd: shell,v2,TERM=xterm-256color,raw:getprop ro.build.version.sdk
09-02 11:46:01.021 14031 14031 E adbd    : recv: OPEN 0001c875 00000000 0076:73 68 65 6C 6C 2C 76 32 2C 54 45 52 4D 3D 78 74 65 72 6D 2D 32 35 36 63 6F 6C 6F 72 2C 72 61 77 3A 64 75 6D 70 73 79 73 20 61 63 74 69 76 69 74 79 20 72 65 63 65 6E 74 73 20 7C 20 67 72 65 70 20 22 52 65 63 65 6E 74 20 23 30 22 20 7C 20 63 75 74 20 2D 64 20 22 3D 22 20 2D 66 32 20 7C 20 67 72 65 70 20 2D 6F 20 2D 70 20 22 5B 61 2D 7A 7C 2E 5D 2A 22 00 
09-02 11:46:01.021 14031 14031 E adbd    : service_to_fd: shell,v2,TERM=xterm-256color,raw:dumpsys activity recents | grep "Recent #0" | cut -d "=" -f2 | grep -o -p "[a-z|.]*"
09-02 11:46:01.099 14031 14031 E adbd    : recv: OPEN 0001c878 00000000 0042:73 68 65 6C 6C 2C 76 32 2C 54 45 52 4D 3D 78 74 65 72 6D 2D 32 35 36 63 6F 6C 6F 72 2C 72 61 77 3A 67 65 74 70 72 6F 70 20 72 6F 2E 62 75 69 6C 64 2E 76 65 72 73 69 6F 6E 2E 72 65 6C 65 61 73 65 00 
09-02 11:46:01.099 14031 14031 E adbd    : service_to_fd: shell,v2,TERM=xterm-256color,raw:getprop ro.build.version.release
09-02 11:46:01.162 14031 14031 E adbd    : recv: OPEN 0001c87b 00000000 003e:73 68 65 6C 6C 2C 76 32 2C 54 45 52 4D 3D 78 74 65 72 6D 2D 32 35 36 63 6F 6C 6F 72 2C 72 61 77 3A 67 65 74 70 72 6F 70 20 72 6F 2E 62 75 69 6C 64 2E 76 65 72 73 69 6F 6E 2E 73 64 6B 00 
09-02 11:46:01.162 14031 14031 E adbd    : service_to_fd: shell,v2,TERM=xterm-256color,raw:getprop ro.build.version.sdk
09-02 11:46:01.256 14031 14031 E adbd    : recv: OPEN 0001c87e 00000000 0042:73 68 65 6C 6C 2C 76 32 2C 54 45 52 4D 3D 78 74 65 72 6D 2D 32 35 36 63 6F 6C 6F 72 2C 72 61 77 3A 61 6D 20 66 6F 72 63 65 2D 73 74 6F 70 20 63 6F 6D 2E 61 6E 64 72 6F 69 64 2E 63 68 72 6F 6D 65 00 
09-02 11:46:01.256 14031 14031 E adbd    : service_to_fd: shell,v2,TERM=xterm-256color,raw:am force-stop com.android.chrome
09-02 11:46:01.334  3979  4672 I ActivityManager: Force stopping com.android.chrome appid=10096 user=0: from pid 1141
09-02 11:46:01.334  3979  4672 I ActivityManager: Killing 903:com.android.chrome:privileged_process0/u0a96 (adj 0): stop com.android.chrome,from pid 1141
09-02 11:46:01.335  3979  4672 W ActivityManager: Scheduling restart of crashed service com.android.chrome/org.chromium.content.app.PrivilegedProcessService0 in 1000ms
09-02 11:46:01.339  3979  4672 I ActivityManager: Killing 812:com.android.chrome/u0a96 (adj 0): stop com.android.chrome,from pid 1141
09-02 11:46:01.341 22051 22051 D BoundBrokerSvc: onUnbind: Intent { act=com.google.android.gms.auth.key.retrieval.service.START dat=chimera-action: cmp=com.google.android.gms/.chimera.GmsApiService }
09-02 11:46:01.342 22051 22051 D BoundBrokerSvc: onUnbind: Intent { act=com.google.android.gms.languageprofile.service.START pkg=com.google.android.gms }
09-02 11:46:01.342 22051 22051 D BoundBrokerSvc: onUnbind: Intent { act=com.google.android.gms.safetynet.service.START pkg=com.google.android.gms }
09-02 11:46:01.343 22051 22051 D BoundBrokerSvc: onUnbind: Intent { act=com.google.android.gms.credential.manager.service.firstparty.START dat=chimera-action: cmp=com.google.android.gms/.chimera.GmsApiService }
09-02 11:46:01.345  3979  4672 I ActivityManager: Killing 1042:com.android.chrome:sandboxed_process1/u0a96i178 (adj 0): isolated not needed
09-02 11:46:01.345  1042  1042 I cr_ChildProcessService: Destroying ChildProcessService pid=1042
09-02 11:46:01.348  3979  4672 W ActivityManager: Force removing ActivityRecord{c0d9c58 u0 com.android.chrome/com.google.android.apps.chrome.Main t404}: app died, no saved state
09-02 11:46:01.349   853   853 I cr_ChildProcessService: Destroying ChildProcessService pid=853
09-02 11:46:01.350   853   853 I /system/bin/webview_zygote32: System.exit called, status: 0
09-02 11:46:01.350   853   853 I AndroidRuntime: VM exiting with result code 0, cleanup skipped.
09-02 11:46:01.354  3979  4672 D InputDispatcher: Focus left window: 812
09-02 11:46:01.355  3979  4672 I WindowManager: Failed to capture screenshot of Token{b7e91b1 ActivityRecord{c0d9c58 u0 com.android.chrome/com.google.android.apps.chrome.Main t404 f}} appWin=Window{5481a39 u0 com.android.chrome/com.google.android.apps.chrome.Main} drawState=4
09-02 11:46:01.356  3979  4672 I WindowManager: Destroying surface Surface(name=com.android.chrome/com.google.android.apps.chrome.Main) called by com.android.server.wm.WindowStateAnimator.destroySurface:2501 com.android.server.wm.WindowStateAnimator.destroySurfaceLocked:985 com.android.server.wm.WindowState.removeImmediately:2404 com.android.server.wm.WindowState.removeIfPossible:2603 com.android.server.wm.WindowState.removeIfPossible:2433 com.android.server.wm.WindowToken.removeAllWindowsIfPossible:143 com.android.server.wm.AppWindowToken.removeIfPossible:606 com.android.server.wm.AppWindowToken.onRemovedFromDisplay:674 
09-02 11:46:01.356  3462  5840 I SurfaceFlinger: id=1458 Removed com.android.chrome/com.google.android.apps.chrome.Main#0 (2/4)
09-02 11:46:01.358  3462  5840 I SurfaceFlinger: id=1458 Removed com.android.chrome/com.google.android.apps.chrome.Main#0 (-2/4)
09-02 11:46:01.362  3979  4672 D InputDispatcher: Focused application released
09-02 11:46:01.365  3979  4672 D CustomFrequencyManagerService: acquireDVFSLockLocked : type : DVFS_MIN_LIMIT  frequency : 1560000  uid : 1000  pid : 3979  pkgName : AMS_ACT_RESUME@CPU_MIN@70
09-02 11:46:01.365  3462  3462 I Layer   : id=1458 onRemoved com.android.chrome/com.google.android.apps.chrome.Main#0 
09-02 11:46:01.365  3979  4672 D ActivityManagerPerformance: AMP_acquire() ACT_RESUME
09-02 11:46:01.366  3462  3462 I Layer   : id=1460 onRemoved Background for - SurfaceView - com.android.chrome/com.google.android.apps.chrome.Main@b7d9d18@0#0 
09-02 11:46:01.367  3979  4672 D PersonaManagerService: Current focused persona service handled id set to : 0
09-02 11:46:01.367  3462  3462 I Layer   : id=1459 onRemoved SurfaceView - com.android.chrome/com.google.android.apps.chrome.Main@b7d9d18@0#0 
09-02 11:46:01.368  3979  4672 D InputDispatcher: Focused application set to: xxxx
09-02 11:46:01.369  3979  4672 I ActivityManager: Killing 853:com.android.chrome:sandboxed_process0/u0a96i177 (adj 0): isolated not needed
09-02 11:46:01.372  3979  4238 D GameManagerService: handleForegroundChange(). pkgName: com.example.batterymanager_utility, clsName: com.example.batterymanager_utility.MainActivity,FgActivityName:com.example.batterymanager_utility/.MainActivity
09-02 11:46:01.372  3979  4672 D MARsPolicyManager: onPackageResumedFG pkgName = com.example.batterymanager_utility, userId = 0
09-02 11:46:01.372  3462  3462 I SurfaceFlinger: Display 0 HWC layers:
09-02 11:46:01.372  3462  3462 I SurfaceFlinger:     type    |    handle    | flag |  format   |   source crop (l,t,r,b)    |         frame       | name 
09-02 11:46:01.372  3462  3462 I SurfaceFlinger: ------------+--------------+------+-----------+----------------------------+---------------------+------
09-02 11:46:01.372  3462  3462 I SurfaceFlinger:      Device | 0x7abe64b980 | 0000 | RGBA_8888 |   0.0    0.0  720.0   42.0 |    0    0  720   42 | StatusBar#0
09-02 11:46:01.372  3462  3462 I SurfaceFlinger: 
09-02 11:46:01.372  3979  4238 D GameManagerService: sem_perfomance_mode: 3
09-02 11:46:01.372  3979  4238 D GameManagerService: notifyResumePause(). pkg: com.example.batterymanager_utility, type: 4, isMinimized: false, isTunableApp: false
09-02 11:46:01.372  3979  4238 D GameManagerService:   notifyResumePause(). unexpected mPrevNotiType: -1
09-02 11:46:01.382  3979  3979 D SamsungAlarmManager: Remove alarm for next reason : android.intent.action.PACKAGE_RESTARTED : package: com.android.chrome
09-02 11:46:01.385  3979  4673 V WindowManager: Relayout Window{d65ac72 u0 com.example.batterymanager_utility/com.example.batterymanager_utility.MainActivity}: viewVisibility=4 req=720x1280 WM.LayoutParams{(0,0)(fillxfill) sim=#120 ty=1 fl=#81810100 pfl=0x20000 wanim=0x10302fd vsysui=0x600 needsMenuKey=2 colorMode=0 naviIconColor=0}
09-02 11:46:01.388  4633  4633 D CarrierSvcBindHelper: No carrier app for: 0
09-02 11:46:01.388  3979  3995 W BroadcastQueue: Background execution not allowed: receiving Intent { act=android.intent.action.PACKAGE_RESTARTED dat=package:com.android.chrome flg=0x10 (has extras) } to android/com.kddi.android.CpaNotiReceiver
09-02 11:46:01.389  3979  3995 W BroadcastQueue: Background execution not allowed: receiving Intent { act=android.intent.action.PACKAGE_RESTARTED dat=package:com.android.chrome flg=0x10 (has extras) } to com.sec.android.daemonapp/com.samsung.android.weather.daemon.receiver.ClearDataReceiver
09-02 11:46:01.390  4633  4633 D CarrierSvcBindHelper: No carrier app for: 1
09-02 11:46:01.391  3979  6899 D GamePkgDataHelper: getGamePkgDataIncServer(). com.example.batterymanager_utility
09-02 11:46:01.391  3979  6899 D GameManagerService: identifyGamePackage. com.example.batterymanager_utility
09-02 11:46:01.391  3979  6899 D GamePkgDataHelper: getGamePkgData(). com.example.batterymanager_utility
09-02 11:46:01.392   772   772 D ViewRootImpl@110cd72[MainActivity]: Relayout returned: old=[0,0][720,1280] new=[0,0][720,1280] result=0x1 surface={valid=false 0} changed=false
09-02 11:46:01.392  3979  6899 D GameManagerService: identifyGamePackage. com.example.batterymanager_utility
09-02 11:46:01.392  3979  6899 D GamePkgDataHelper: getGamePkgData(). com.example.batterymanager_utility
09-02 11:46:01.392  3979  6899 D GamePkgDataHelper: getSosPolicy(). com.example.batterymanager_utility
09-02 11:46:01.398  3979  6899 D GameManagerService: identifyGamePackage. com.example.batterymanager_utility
09-02 11:46:01.398  3979  6899 D GamePkgDataHelper: getGamePkgData(). com.example.batterymanager_utility
09-02 11:46:01.398  3979  3979 I SamsungAlarmManager: setLocked to kernel - T:2 / 20230902T114858, SetElapsed=93320244, nowELAPSED=93142830
09-02 11:46:01.399  3979  3979 D SamsungAlarmManager: setInexact Listener (T:2/F:0/AC:false) 20230902T114707 - CU:1000/CP:3979
09-02 11:46:01.399  3979  3979 I SamsungAlarmManager: setLocked to kernel - T:2 / 20230902T114707, SetElapsed=93208595, nowELAPSED=93142831
09-02 11:46:01.401  3979  6899 D GameManagerService: identifyGamePackage. com.example.batterymanager_utility
09-02 11:46:01.402  3979  6899 D GamePkgDataHelper: getGamePkgData(). com.example.batterymanager_utility
09-02 11:46:01.404  3979  3979 D SamsungAlarmManager: setInexact Listener (T:2/F:0/AC:false) 20230902T121206 - CU:1000/CP:3979
09-02 11:46:01.410  3979  4673 D ActivityManager: post active user change for 0 fullscreen true isHomeActivity() false
09-02 11:46:01.414  3979  4673 V WindowManager: Relayout Window{d65ac72 u0 com.example.batterymanager_utility/com.example.batterymanager_utility.MainActivity}: viewVisibility=0 req=720x1280 WM.LayoutParams{(0,0)(fillxfill) sim=#120 ty=1 fl=#81810100 pfl=0x20000 wanim=0x10302fd vsysui=0x600 needsMenuKey=2 colorMode=0 naviIconColor=0}
09-02 11:46:01.414  3462  3462 I SurfaceFlinger: id=1461 createSurf (720x1280),1 flag=404, com.example.batterymanager_utility/com.example.batterymanager_utility.MainActivity#0
09-02 11:46:01.416  3979  4673 V Surface : sf_framedrop debug : 0x4f4c, game : false, logging : 0
09-02 11:46:01.416  3979  3996 D WindowManager: set systemUiVisibility : systemUiFlags= 0x608 fullscreenStackSysUiFlags= 0x0
09-02 11:46:01.419  3979  4673 D InputDispatcher: Focus entered window: 772
09-02 11:46:01.420  3979  9878 D WindowManager: adjustSystemUiVisibilityLw : vis= 0x608
09-02 11:46:01.420   772   772 V Surface : sf_framedrop debug : 0x4f4c, game : false, logging : 0
09-02 11:46:01.422   772   772 D ViewRootImpl@110cd72[MainActivity]: Relayout returned: old=[0,0][720,1280] new=[0,0][720,1280] result=0x7 surface={valid=true 536159952896} changed=true
09-02 11:46:01.427   772   789 D mali_winsys: EGLint new_window_surface(egl_winsys_display *, void *, EGLSurface, EGLConfig, egl_winsys_surface **, egl_color_buffer_format *, EGLBoolean) returns 0x3000,  [720x1280]-format:1
09-02 11:46:01.427   772   789 D OpenGLRenderer: eglCreateWindowSurface = 0x7cc1bf85c0
09-02 11:46:01.429   772   772 D ViewRootImpl@110cd72[MainActivity]: MSG_WINDOW_FOCUS_CHANGED 1
09-02 11:46:01.431   772   772 V InputMethodManager: Starting input: tba=android.view.inputmethod.EditorInfo@753c22d nm : com.example.batterymanager_utility ic=null
09-02 11:46:01.431   772   772 I InputMethodManager: startInputInner - mService.startInputOrWindowGainedFocus
09-02 11:46:01.432  3979  9878 D InputMethodManagerService: startInputOrWindowGainedFocus : windowGainedFocus 
09-02 11:46:01.432  3979  9878 D InputMethodManagerService: windowGainedFocus: destinationUserId (getCallingUid) = 0
09-02 11:46:01.432  3979  9878 D InputMethodManagerService: windowGainedFocus: currentUserId=0
09-02 11:46:01.432  3979  9878 D InputMethodManagerService: windowGainedFocus: mCurrentFocusedUserId=0
09-02 11:46:01.432  3979  9878 D InputMethodManagerService: windowGainedFocus : lock - currentUserId = 0 destinationUserId = 0
09-02 11:46:01.433  3979  9878 D InputMethodManagerService: windowGainedFocus : mCurrentFocusedUserId - 0 and mSecureKeypadEnabled - false, userSwitched - false
09-02 11:46:01.433  3979  9878 V InputMethodManagerService: windowGainedFocus : reason=WINDOW_FOCUS_GAIN client=android.os.BinderProxy@cd71fd4 inputContext=null missingMethods= attribute=android.view.inputmethod.EditorInfo@2611c3b nm = com.example.batterymanager_utility controlFlags=#105 softInputMode=#120 windowFlags=#81810100
09-02 11:46:01.433  3979  9878 V InputMethodManagerService: hideCurrentInputLocked : shouldHideSoftInput is false
09-02 11:46:01.433  3979  9878 W InputMethodManagerService: Got RemoteException sending setActive(false) notification to pid 812 uid 10096
09-02 11:46:01.434  3979  9878 D InputMethodManagerService: isImeSwitcherDisabledPackage : false
09-02 11:46:01.434  3979  9878 D InputMethodManagerService: setCurrentInputInfo - inputContext : null eidtorInfo : android.view.inputmethod.EditorInfo@2611c3b missingMethods : 0
09-02 11:46:01.435  4336  4336 I InputMethodWrapper:  call dispatchStartInputWithToken
09-02 11:46:01.435  4336  4336 I InputMethodService: dispatchStartInputWithToken
09-02 11:46:01.436  4336  4336 I SKBD    : SamsungKeypad [IMI] onStartInput - caller pid : 772, caller uid : 10157
09-02 11:46:01.457  4349  4858 D SystemServicesProxy: updateOverviewLastStackActiveTimeAsync: newTime=1693559943942
09-02 11:46:01.458  3979  6264 D ConnectivityService: ConnectivityService NetworkRequestInfo binderDied(NetworkRequest [ LISTEN id=591, [ Capabilities: INTERNET&NOT_RESTRICTED&TRUSTED&FOREGROUND] ], android.os.BinderProxy@c0228b1)
09-02 11:46:01.458  3979  9878 D ConnectivityService: ConnectivityService NetworkRequestInfo binderDied(NetworkRequest [ LISTEN id=592, [ Capabilities: INTERNET&NOT_RESTRICTED&TRUSTED&FOREGROUND] ], android.os.BinderProxy@f377196)
09-02 11:46:01.459  3979  5968 D ConnectivityService: ConnectivityService NetworkRequestInfo binderDied(NetworkRequest [ LISTEN id=593, [ Capabilities: INTERNET&NOT_RESTRICTED&TRUSTED&FOREGROUND] ], android.os.BinderProxy@f3b4117)
09-02 11:46:01.459  3979  4180 D ConnectivityService: releasing NetworkRequest [ LISTEN id=591, [ Capabilities: INTERNET&NOT_RESTRICTED&TRUSTED&FOREGROUND] ] (CALLBACK_RELEASED)
09-02 11:46:01.459  3979  4004 W ActivityManager: setHasOverlayUi called on unknown pid: 812
09-02 11:46:01.459  4336  4336 D InputEventReceiver: channel 'ClientState{375956 uid 10096 pid 812} (client)' ~ Disposing input event receiver.
09-02 11:46:01.460  4336  4336 D InputEventReceiver: channel 'ClientState{375956 uid 10096 pid 812} (client)' ~NativeInputEventReceiver.
09-02 11:46:01.460  3979  4180 D ConnectivityService: sending notification RELEASED for NetworkRequest [ LISTEN id=591, [ Capabilities: INTERNET&NOT_RESTRICTED&TRUSTED&FOREGROUND] ]
09-02 11:46:01.460  3979  9339 D SecContentProvider: query(), uri = 17 selection = isSettingsChangesAllowed
09-02 11:46:01.461  3979  4180 E ConnectivityService: RemoteException caught trying to send a callback msg for NetworkRequest [ LISTEN id=591, [ Capabilities: INTERNET&NOT_RESTRICTED&TRUSTED&FOREGROUND] ]
09-02 11:46:01.461  3979  4180 D ConnectivityService: releasing NetworkRequest [ LISTEN id=592, [ Capabilities: INTERNET&NOT_RESTRICTED&TRUSTED&FOREGROUND] ] (CALLBACK_RELEASED)
09-02 11:46:01.461  3979  9339 D SecContentProvider: called from android.uid.systemui:10009
09-02 11:46:01.461  3979  5925 V WindowManager: finishDrawingLocked: mDrawState=COMMIT_DRAW_PENDING Window{d65ac72 u0 com.example.batterymanager_utility/com.example.batterymanager_utility.MainActivity} in Surface(name=com.example.batterymanager_utility/com.example.batterymanager_utility.MainActivity)
09-02 11:46:01.462  3979  4180 D ConnectivityService: sending notification RELEASED for NetworkRequest [ LISTEN id=592, [ Capabilities: INTERNET&NOT_RESTRICTED&TRUSTED&FOREGROUND] ]
09-02 11:46:01.462  4349  4561 D SystemServicesProxy: updateOverviewLastStackActiveTimeAsync: done.
09-02 11:46:01.462  3979  4180 E ConnectivityService: RemoteException caught trying to send a callback msg for NetworkRequest [ LISTEN id=592, [ Capabilities: INTERNET&NOT_RESTRICTED&TRUSTED&FOREGROUND] ]
09-02 11:46:01.462  3979  4180 D ConnectivityService: releasing NetworkRequest [ LISTEN id=593, [ Capabilities: INTERNET&NOT_RESTRICTED&TRUSTED&FOREGROUND] ] (CALLBACK_RELEASED)
09-02 11:46:01.463  3979  4180 D ConnectivityService: sending notification RELEASED for NetworkRequest [ LISTEN id=593, [ Capabilities: INTERNET&NOT_RESTRICTED&TRUSTED&FOREGROUND] ]
09-02 11:46:01.463  3979  4180 E ConnectivityService: RemoteException caught trying to send a callback msg for NetworkRequest [ LISTEN id=593, [ Capabilities: INTERNET&NOT_RESTRICTED&TRUSTED&FOREGROUND] ]
09-02 11:46:01.463  3979  3997 W zygote64: failed to open /acct/uid_99178/pid_1042/cgroup.procs: No such file or directory
09-02 11:46:01.463  3979  3997 W zygote64: failed to open /acct/uid_99177/pid_853/cgroup.procs: No such file or directory
