09-02 11:42:51.873 14031 14031 E adbd    : recv: OPEN 0001c72b 00000000 003e:73 68 65 6C 6C 2C 76 32 2C 54 45 52 4D 3D 78 74 65 72 6D 2D 32 35 36 63 6F 6C 6F 72 2C 72 61 77 3A 64 75 6D 70 73 79 73 20 63 70 75 69 6E 66 6F 20 7C 20 67 72 65 70 20 54 4F 54 41 4C 00 
09-02 11:42:51.873 14031 14031 E adbd    : service_to_fd: shell,v2,TERM=xterm-256color,raw:dumpsys cpuinfo | grep TOTAL
09-02 11:42:51.889  3979  9878 I ActivityManager: START u0 {act=android.intent.action.VIEW typ=null flg=0x10000000 cmp=ComponentInfo{com.android.chrome/com.google.android.apps.chrome.Main}} from uid 2000
09-02 11:42:51.891  3979  9878 D CustomFrequencyManagerService: acquireDVFSLockLocked : type : DVFS_MIN_LIMIT  frequency : 1560000  uid : 1000  pid : 3979  pkgName : AMS_ACT_START@CPU_MIN@8
09-02 11:42:51.893  3979  9878 D ActivityManagerPerformance: AMP_acquire() ACT_START
09-02 11:42:51.907 32409 32633 I BatteryMgr:DataCollectionService: stats => 1693647771907,-147,4265
09-02 11:42:51.910 32448 32448 D InputMethodManager: HSIFW - flag : 0 Pid : 32448
09-02 11:42:51.910  3979  9878 V InputMethodManagerService: Client requesting input be hidden, flags : 0
09-02 11:42:51.910  3979  9878 V InputMethodManagerService: hideCurrentInputLocked : shouldHideSoftInput is false
09-02 11:42:51.915  3979  4373 D ConnectivityService: filterNetworkStateForUid() uid: 10096 networkInfo: [type: WIFI[] - WIFI, state: CONNECTED/CONNECTED, reason: (unspecified), extra: "WiFi 69", failover: false, available: true, roaming: false, metered: false]
09-02 11:42:51.920 32448 32448 E cr_IntentUtils: getInt failed on bundle null
09-02 11:42:51.928 32448 32448 E ResourceType: Style contains key with bad entry: 0x0101062c
09-02 11:42:51.932  3979  4373 D ConnectivityService: filterNetworkStateForUid() uid: 10096 networkInfo: [type: WIFI[] - WIFI, state: CONNECTED/CONNECTED, reason: (unspecified), extra: "WiFi 69", failover: false, available: true, roaming: false, metered: false]
09-02 11:42:51.945  3979  4373 I ApplicationPolicy: isApplicationExternalStorageWhitelisted:com.android.chrome user:0
09-02 11:42:51.945  3979  4373 D ApplicationPolicy: isApplicationExternalStorageWhitelisted: DO is not enabled on user 0. Allowed.
09-02 11:42:51.945  3979  4373 D ActivityManager: package  com.android.chrome, user - 0 is SDcard whitelisted
09-02 11:42:51.945  3979  4373 I ApplicationPolicy: isApplicationExternalStorageBlacklisted:com.android.chrome user:0
09-02 11:42:51.946  3979  4373 D ApplicationPolicy: isApplicationExternalStorageBlacklisted: DO is not enabled on user 0. Allowed.
09-02 11:42:51.946  3979  4373 I ActivityManager: SA, print process name forked by webview_zygote : com.android.chrome:sandboxed_process1
09-02 11:42:51.950  4443  4443 E SchedPolicy: add_tid_to_cgroup failed; fd=-1
09-02 11:42:51.959 32671 32671 E /system/bin/webview_zygote32: failed to make and chown /acct/uid_99174: Permission denied
09-02 11:42:51.959 32671 32671 E Zygote  : createProcessGroup(99174, 0) failed: Permission denied
09-02 11:42:51.959 32671 32671 E libpersona: Couldn't open the File - /data/system/users/0.xml - Permission denied
09-02 11:42:51.960 32671 32671 W SELinux : SELinux selinux_android_compute_policy_index : Policy Index[2],  Con:u:r:webview_zygote:s0 RAM:SEPF_SM-J720F_8.0.0_0017, [-1 -1 -1 -1 0 1]
09-02 11:42:51.961  3979  4373 I ActivityManager: Start proc 32671:com.android.chrome:sandboxed_process1/u0i174 for webview_service com.android.chrome/org.chromium.content.app.SandboxedProcessService1
09-02 11:42:51.962 32671 32671 I SELinux : SELinux: seapp_context_lookup: seinfo=chrome, level=s0:c512,c768, pkgname=com.android.chrome:sandboxed_process1 
09-02 11:42:51.963 14031 14031 E adbd    : recv: OPEN 0001c72e 00000000 003d:73 68 65 6C 6C 2C 76 32 2C 54 45 52 4D 3D 78 74 65 72 6D 2D 32 35 36 63 6F 6C 6F 72 2C 72 61 77 3A 64 75 6D 70 73 79 73 20 6D 65 6D 69 6E 66 6F 20 7C 20 67 72 65 70 20 55 73 65 64 00 
09-02 11:42:51.963 14031 14031 E adbd    : service_to_fd: shell,v2,TERM=xterm-256color,raw:dumpsys meminfo | grep Used
09-02 11:42:51.970 32448 32448 I cr_tabmodel: Appending tabs being restored to metadata lists, 0, startingNormalCount: 46, startingIncognitoCount: 0
09-02 11:42:51.970 32448 32448 I cr_tabmodel: Serializing tab lists; counts: 46, 0
09-02 11:42:51.973 32448 32448 D InputMethodManager: HSIFW - flag : 0 Pid : 32448
09-02 11:42:51.974  3979  4522 V InputMethodManagerService: Client requesting input be hidden, flags : 0
09-02 11:42:51.974  3979  4522 V InputMethodManagerService: hideCurrentInputLocked : shouldHideSoftInput is false
09-02 11:42:51.992 32448 32448 V InputMethodManager: Starting input: tba=android.view.inputmethod.EditorInfo@6bbb351 nm : com.android.chrome ic=null
09-02 11:42:51.992 32448 32448 I InputMethodManager: startInputInner - mService.startInputOrWindowGainedFocus
09-02 11:42:51.992  3979  4522 D InputMethodManagerService: startInputOrWindowGainedFocus : startInput 
09-02 11:42:51.992  3979  4522 D InputMethodManagerService: setCurrentInputInfo - inputContext : null eidtorInfo : android.view.inputmethod.EditorInfo@fcfb451 missingMethods : 0
09-02 11:42:51.993  4336  4336 I InputMethodWrapper:  call dispatchStartInputWithToken
09-02 11:42:51.993  4336  4336 I InputMethodService: dispatchStartInputWithToken
09-02 11:42:51.994  4336  4336 I SKBD    : SamsungKeypad [IMI] onStartInput - caller pid : 32448, caller uid : 10096
09-02 11:42:51.994  4336  4336 I SKBD    : SamsungKeypad  CACHEDIC onStartInput  isCachedICEnabled:  false
09-02 11:42:51.994  4336  4336 I SKBD    : atl getDefaultInputRange : UNKNOWN
09-02 11:42:51.994  4336  4336 I SKBD    : awo resetBinderManager()
09-02 11:42:51.994  4336  4336 I SKBD_SYNC: SamsungKeypad onStartInput: import DLM
09-02 11:42:51.994  4336  4336 I SKBD    : atl setPrivateImeOptionsToTable privateImeOptions ( null )
09-02 11:42:51.994  4336  4336 I SKBD    : atl imeOptions is null
09-02 11:42:51.995  4336  4336 I SKBD    : SamsungKeypad [PF_OP][onStartInput] 770270
09-02 11:42:52.005 32671 32671 I SamplingProfilerIntegration: Profiling disabled.
09-02 11:42:52.011 32409 32633 I BatteryMgr:DataCollectionService: stats => 1693647772011,-147,4265
09-02 11:42:52.011 32671 32671 D TimaKeyStoreProvider: TimaKeyStore is not enabled: cannot add TimaSignature Service and generateKeyPair Service
09-02 11:42:52.012 32671 32671 D ActivityThread: Added TimaKeyStore provider
09-02 11:42:52.018  3979  4522 D ConnectivityService: filterNetworkStateForUid() uid: 10096 networkInfo: [type: WIFI[] - WIFI, state: CONNECTED/CONNECTED, reason: (unspecified), extra: "WiFi 69", failover: false, available: true, roaming: false, metered: false]
09-02 11:42:52.019  3979  9878 I ActivityManager: DSS on for com.android.chrome and scale is 1.0
09-02 11:42:52.020 32448 32448 I cr_OfflineDetector: Running updateState mConnectivityDetectorInitialized: true, mTimeWhenLastForegrounded: 92953452, getElapsedTime: 92953452, mTimeWhenLastOfflineNotificationReceived: 0, mTimeWhenLastOnline: 92943882, mApplicationState: 1, mIsOfflineLastReportedByConnectivityDetector: false, mIsEffectivelyOffline: false
09-02 11:42:52.021 32448 32448 I cr_OfflineDetector: updateState(): timeSinceLastForeground: 0, timeSinceOfflineNotificationReceived: 92953452, timeSinceLastOnline: 9570, timeNeededForForeground: 2000, timeNeededForOffline: -92951452
09-02 11:42:52.026  3979  4522 D ConnectivityService: filterNetworkStateForUid() uid: 10096 networkInfo: [type: WIFI[] - WIFI, state: CONNECTED/CONNECTED, reason: (unspecified), extra: "WiFi 69", failover: false, available: true, roaming: false, metered: false]
09-02 11:42:52.028  3979  4522 I chatty  : uid=1000(system) Binder:3979_5 identical 1 line
09-02 11:42:52.041  3979  4522 D ConnectivityService: filterNetworkStateForUid() uid: 10096 networkInfo: [type: WIFI[] - WIFI, state: CONNECTED/CONNECTED, reason: (unspecified), extra: "WiFi 69", failover: false, available: true, roaming: false, metered: false]
09-02 11:42:52.060 32690 32690 E asset   : setgid: Operation not permitted
09-02 11:42:52.075  3979  4200 V WindowManager: Relayout Window{1fb967c u0 com.android.chrome/com.google.android.apps.chrome.Main}: viewVisibility=0 req=720x1280 WM.LayoutParams{(0,0)(fillxfill) sim=#13 ty=1 fl=#81810100 pfl=0x20000 fmt=-3 wanim=0x10302fd vsysui=0x2600 sysuil=true needsMenuKey=2 colorMode=0 naviIconColor=0}
09-02 11:42:52.084 32448 32448 D ViewRootImpl@aaa9410[Main]: Relayout returned: old=[0,0][720,1280] new=[0,0][720,1280] result=0x1 surface={valid=true 3320428544} changed=false
09-02 11:42:52.100 32671 32671 I cr_SplitCompatApp: Launched version=107.0.5304.91 minSdkVersion=24 isBundle=true processName=com.android.chrome:sandboxed_process1 isIsolated=true
09-02 11:42:52.116 32409 32633 I BatteryMgr:DataCollectionService: stats => 1693647772116,-147,4265
09-02 11:42:52.117 32671 32671 W SystemServiceRegistry: No service published for: uimode
09-02 11:42:52.123 32671 32671 V Monotype: fonts.xml take from : /system/etc/
09-02 11:42:52.220 32409 32633 I BatteryMgr:DataCollectionService: stats => 1693647772220,-147,4265
09-02 11:42:52.250 32671 32671 E Typeface: Error mapping font file /system/fonts/SamsungSans-Num3L.ttf
09-02 11:42:52.250 32671 32671 E Minikin : Could not get cmap table size!
09-02 11:42:52.250 32671 32671 E Typeface: Unable to load Family: samsung-sans-num3L:null
09-02 11:42:52.250 32671 32671 E Typeface: Error mapping font file /system/fonts/SamsungSans-Num3T.ttf
09-02 11:42:52.251 32671 32671 E Minikin : Could not get cmap table size!
09-02 11:42:52.251 32671 32671 E Typeface: Unable to load Family: samsung-sans-num3T:null
09-02 11:42:52.251 32671 32671 E Typeface: Error mapping font file /system/fonts/SamsungSans-Num4L.ttf
09-02 11:42:52.251 32671 32671 E Minikin : Could not get cmap table size!
09-02 11:42:52.251 32671 32671 E Typeface: Unable to load Family: samsung-sans-num4L:null
09-02 11:42:52.251 32671 32671 E Typeface: Error mapping font file /system/fonts/SamsungSans-Num4T.ttf
09-02 11:42:52.251 32671 32671 E Minikin : Could not get cmap table size!
09-02 11:42:52.251 32671 32671 E Typeface: Unable to load Family: samsung-sans-num4T:null
09-02 11:42:52.251 32671 32671 E Typeface: Error mapping font file /system/fonts/SamsungSans-Num35.ttf
09-02 11:42:52.251 32671 32671 E Minikin : Could not get cmap table size!
09-02 11:42:52.251 32671 32671 E Typeface: Unable to load Family: samsung-sans-num35:null
09-02 11:42:52.251 32671 32671 E Typeface: Error mapping font file /system/fonts/SamsungSans-Num45.ttf
09-02 11:42:52.251 32671 32671 E Minikin : Could not get cmap table size!
09-02 11:42:52.251 32671 32671 E Typeface: Unable to load Family: samsung-sans-num45:null
09-02 11:42:52.251 32671 32671 E Typeface: Error mapping font file /system/fonts/SamsungSans-Num3Lv.ttf
09-02 11:42:52.251 32671 32671 E Minikin : Could not get cmap table size!
09-02 11:42:52.251 32671 32671 E Typeface: Unable to load Family: samsung-sans-num3LV:null
09-02 11:42:52.251 32671 32671 E Typeface: Error mapping font file /system/fonts/SamsungSans-Num3R.ttf
09-02 11:42:52.251 32671 32671 E Minikin : Could not get cmap table size!
09-02 11:42:52.251 32671 32671 E Typeface: Unable to load Family: samsung-sans-num3R:null
09-02 11:42:52.251 32671 32671 E Typeface: Error mapping font file /system/fonts/SamsungSans-Num4Tv.ttf
09-02 11:42:52.251 32671 32671 E Minikin : Could not get cmap table size!
09-02 11:42:52.251 32671 32671 E Typeface: Unable to load Family: samsung-sans-num4Tv:null
09-02 11:42:52.251 32671 32671 E Typeface: Error mapping font file /system/fonts/SamsungSans-Num4Lv.ttf
09-02 11:42:52.252 32671 32671 E Minikin : Could not get cmap table size!
09-02 11:42:52.252 32671 32671 E Typeface: Unable to load Family: samsung-sans-num4Lv:null
09-02 11:42:52.259 32671 32671 I cr_ChildProcessService: Creating new ChildProcessService pid=32671
09-02 11:42:52.267 32671 32671 E WebViewFactory: can't load with relro file; address space not reserved
09-02 11:42:52.278 32671 32691 I cr_LibraryLoader: Successfully loaded native library
09-02 11:42:52.280 32671 32691 I cr_CachingUmaRecorder: Flushed 3 samples from 3 histograms.
09-02 11:42:52.325 32409 32633 I BatteryMgr:DataCollectionService: stats => 1693647772325,-147,4265
09-02 11:42:52.416 32671 32691 I tflite  : Initialized TensorFlow Lite runtime.
09-02 11:42:52.430 32409 32633 I BatteryMgr:DataCollectionService: stats => 1693647772430,-147,4265
09-02 11:42:52.464  3449  3449 I android.hardware.wifi@1.0-service: getLinkLayerStats
09-02 11:42:52.535 32409 32633 I BatteryMgr:DataCollectionService: stats => 1693647772535,-147,4265
09-02 11:42:52.640 32409 32633 I BatteryMgr:DataCollectionService: stats => 1693647772640,-147,4265
09-02 11:42:52.745 32409 32633 I BatteryMgr:DataCollectionService: stats => 1693647772745,-147,4265
09-02 11:42:52.763 22051 22051 D BoundBrokerSvc: onBind: Intent { act=com.google.android.gms.common.BIND_SHARED_PREFS pkg=com.google.android.gms }
09-02 11:42:52.763 22051 22051 D BoundBrokerSvc: Loading bound service for intent: Intent { act=com.google.android.gms.common.BIND_SHARED_PREFS pkg=com.google.android.gms }
09-02 11:42:52.771 22051 22051 D BoundBrokerSvc: onUnbind: Intent { act=com.google.android.gms.common.BIND_SHARED_PREFS pkg=com.google.android.gms }
09-02 11:42:52.850 32409 32633 I BatteryMgr:DataCollectionService: stats => 1693647772850,-147,4265
09-02 11:42:52.954 32409 32633 I BatteryMgr:DataCollectionService: stats => 1693647772954,-147,4265
09-02 11:42:53.058 32409 32633 I BatteryMgr:DataCollectionService: stats => 1693647773058,-147,4265
09-02 11:42:53.164 32409 32633 I BatteryMgr:DataCollectionService: stats => 1693647773164,-147,4265
09-02 11:42:53.269 32409 32633 I BatteryMgr:DataCollectionService: stats => 1693647773268,-147,4265
09-02 11:42:53.373 32409 32633 I BatteryMgr:DataCollectionService: stats => 1693647773373,-147,4265
09-02 11:42:53.477 32409 32633 I BatteryMgr:DataCollectionService: stats => 1693647773477,-147,4265
09-02 11:42:53.539 32448 32448 E cr_BTSPrefs: No data found for task id: 56
09-02 11:42:53.540 32448 32448 E cr_BkgrdTaskScheduler: Task cannot be canceled because no data was found instorage or data was invalid
09-02 11:42:53.581 32409 32633 I BatteryMgr:DataCollectionService: stats => 1693647773581,-147,4265
09-02 11:42:53.687 32409 32633 I BatteryMgr:DataCollectionService: stats => 1693647773687,-147,4265
09-02 11:42:53.792 32409 32633 I BatteryMgr:DataCollectionService: stats => 1693647773792,-147,4265
09-02 11:42:53.894  3979  5035 D ActivityManagerPerformance: Received MSG_DISABLE_ACT_START, r: ActivityRecord{4cabb19 u0 com.android.chrome/com.google.android.apps.chrome.Main t400}
09-02 11:42:53.896  3979  5035 D CustomFrequencyManagerService: acquireDVFSLockLocked : type : DVFS_MIN_LIMIT  frequency : 1560000  uid : 1000  pid : 3979  pkgName : AMS_RESUME_TAIL@CPU_MIN@14
09-02 11:42:53.896  3979  5035 D ActivityManagerPerformance: AMP_acquire() TAIL
09-02 11:42:53.896  3979  5035 D CustomFrequencyManagerService: releaseDVFSLockLocked : Getting Lock type frm List : DVFS_MIN_LIMIT  frequency : 1560000  uid : 1000  pid : 3979  tag : AMS_ACT_START@CPU_MIN@8
09-02 11:42:53.897  3979  5035 D ActivityManagerPerformance: AMP_release() ACT_START
09-02 11:42:53.898 32409 32633 I BatteryMgr:DataCollectionService: stats => 1693647773898,-147,4265
09-02 11:42:53.982 32448 32448 I cr_tabmodel: Appending tabs being restored to metadata lists, 0, startingNormalCount: 46, startingIncognitoCount: 0
09-02 11:42:53.982 32448 32448 I cr_tabmodel: Serializing tab lists; counts: 46, 0
09-02 11:42:54.002 32409 32633 I BatteryMgr:DataCollectionService: stats => 1693647774002,-147,4265
09-02 11:42:54.108 32409 32633 I BatteryMgr:DataCollectionService: stats => 1693647774108,-147,4265
09-02 11:42:54.214 32409 32633 I BatteryMgr:DataCollectionService: stats => 1693647774213,-147,4265
09-02 11:42:54.319 32409 32633 I BatteryMgr:DataCollectionService: stats => 1693647774319,-147,4265
09-02 11:42:54.425 32409 32633 I BatteryMgr:DataCollectionService: stats => 1693647774425,-147,4265
09-02 11:42:54.497  3979  3979 D CustomFrequencyManagerService: releaseDVFSLockLocked : Getting Lock type frm List : DVFS_MIN_LIMIT  frequency : 1560000  uid : 1000  pid : 3979  tag : AMS_RESUME_TAIL@CPU_MIN@14
09-02 11:42:54.534 32409 32633 I BatteryMgr:DataCollectionService: stats => 1693647774534,-147,4265
09-02 11:42:54.644 32409 32633 I BatteryMgr:DataCollectionService: stats => 1693647774643,-147,4265
09-02 11:42:54.729  4962  4962 D io_stats: !@ 179,0 r 586594 17808432 w 354005 7581700 d 36780 19069752 f 101107 103210 iot 455552 382642 th 51200 0 0 pt 0 inp 0 0 38307.973
09-02 11:42:54.754 32409 32633 I BatteryMgr:DataCollectionService: stats => 1693647774754,-147,4265
09-02 11:42:54.864 32409 32633 I BatteryMgr:DataCollectionService: stats => 1693647774864,-147,4265
09-02 11:42:54.974 32409 32633 I BatteryMgr:DataCollectionService: stats => 1693647774974,-147,4265
09-02 11:42:55.084 32409 32633 I BatteryMgr:DataCollectionService: stats => 1693647775083,-147,4265
09-02 11:42:55.194 32409 32633 I BatteryMgr:DataCollectionService: stats => 1693647775193,-147,4265
09-02 11:42:55.307 32409 32633 I BatteryMgr:DataCollectionService: stats => 1693647775306,-147,4265
09-02 11:42:55.416 32409 32633 I BatteryMgr:DataCollectionService: stats => 1693647775416,-147,4265
09-02 11:42:55.471  3449  3449 I android.hardware.wifi@1.0-service: getLinkLayerStats
09-02 11:42:55.526 32409 32633 I BatteryMgr:DataCollectionService: stats => 1693647775526,-147,4265
09-02 11:42:55.612 14031 14031 E adbd    : recv: OPEN 0001c731 00000000 0029:73 68 65 6C 6C 2C 76 32 2C 54 45 52 4D 3D 78 74 65 72 6D 2D 32 35 36 63 6F 6C 6F 72 2C 72 61 77 3A 64 61 74 65 20 2D 75 00 
09-02 11:42:55.613 14031 14031 E adbd    : service_to_fd: shell,v2,TERM=xterm-256color,raw:date -u
09-02 11:42:55.638 32409 32633 I BatteryMgr:DataCollectionService: stats => 1693647775638,-147,4265
09-02 11:42:55.704 14031 14031 E adbd    : recv: OPEN 0001c734 00000000 003e:73 68 65 6C 6C 2C 76 32 2C 54 45 52 4D 3D 78 74 65 72 6D 2D 32 35 36 63 6F 6C 6F 72 2C 72 61 77 3A 64 75 6D 70 73 79 73 20 63 70 75 69 6E 66 6F 20 7C 20 67 72 65 70 20 54 4F 54 41 4C 00 
09-02 11:42:55.704 14031 14031 E adbd    : service_to_fd: shell,v2,TERM=xterm-256color,raw:dumpsys cpuinfo | grep TOTAL
09-02 11:42:55.745 32409 32633 I BatteryMgr:DataCollectionService: stats => 1693647775745,-147,4265
09-02 11:42:55.801 14031 14031 E adbd    : recv: OPEN 0001c737 00000000 003d:73 68 65 6C 6C 2C 76 32 2C 54 45 52 4D 3D 78 74 65 72 6D 2D 32 35 36 63 6F 6C 6F 72 2C 72 61 77 3A 64 75 6D 70 73 79 73 20 6D 65 6D 69 6E 66 6F 20 7C 20 67 72 65 70 20 55 73 65 64 00 
09-02 11:42:55.801 14031 14031 E adbd    : service_to_fd: shell,v2,TERM=xterm-256color,raw:dumpsys meminfo | grep Used
09-02 11:42:55.853 32409 32633 I BatteryMgr:DataCollectionService: stats => 1693647775852,-147,4265
09-02 11:42:55.958 32409 32633 I BatteryMgr:DataCollectionService: stats => 1693647775958,-147,4265
09-02 11:42:56.067 32409 32633 I BatteryMgr:DataCollectionService: stats => 1693647776067,-147,4265
09-02 11:42:56.180 32409 32633 I BatteryMgr:DataCollectionService: stats => 1693647776180,-147,4265
09-02 11:42:56.292 32409 32633 I BatteryMgr:DataCollectionService: stats => 1693647776292,-147,4265
09-02 11:42:56.402 32409 32633 I BatteryMgr:DataCollectionService: stats => 1693647776402,-147,4265
09-02 11:42:56.512 32409 32633 I BatteryMgr:DataCollectionService: stats => 1693647776512,-147,4265
09-02 11:42:56.619 32409 32414 I zygote64: Do partial code cache collection, code=61KB, data=45KB
09-02 11:42:56.623 32409 32414 I zygote64: After code cache collection, code=61KB, data=45KB
09-02 11:42:56.623 32409 32414 I zygote64: Increasing code cache capacity to 256KB
09-02 11:42:56.628 32409 32633 I BatteryMgr:DataCollectionService: stats => 1693647776627,-147,4265
09-02 11:42:56.738 32409 32633 I BatteryMgr:DataCollectionService: stats => 1693647776737,-147,4265
09-02 11:42:56.844 32409 32633 I BatteryMgr:DataCollectionService: stats => 1693647776844,-147,4265
09-02 11:42:56.948 32409 32633 I BatteryMgr:DataCollectionService: stats => 1693647776948,-147,4265
09-02 11:42:56.953 14031 14031 E adbd    : recv: OPEN 0001c73a 00000000 0042:73 68 65 6C 6C 2C 76 32 2C 54 45 52 4D 3D 78 74 65 72 6D 2D 32 35 36 63 6F 6C 6F 72 2C 72 61 77 3A 67 65 74 70 72 6F 70 20 72 6F 2E 62 75 69 6C 64 2E 76 65 72 73 69 6F 6E 2E 72 65 6C 65 61 73 65 00 
09-02 11:42:56.953 14031 14031 E adbd    : service_to_fd: shell,v2,TERM=xterm-256color,raw:getprop ro.build.version.release
09-02 11:42:57.028 14031 14031 E adbd    : recv: OPEN 0001c73d 00000000 003e:73 68 65 6C 6C 2C 76 32 2C 54 45 52 4D 3D 78 74 65 72 6D 2D 32 35 36 63 6F 6C 6F 72 2C 72 61 77 3A 67 65 74 70 72 6F 70 20 72 6F 2E 62 75 69 6C 64 2E 76 65 72 73 69 6F 6E 2E 73 64 6B 00 
09-02 11:42:57.028 14031 14031 E adbd    : service_to_fd: shell,v2,TERM=xterm-256color,raw:getprop ro.build.version.sdk
09-02 11:42:57.053 32409 32633 I BatteryMgr:DataCollectionService: stats => 1693647777053,-147,4265
09-02 11:42:57.097 14031 14031 E adbd    : recv: OPEN 0001c740 00000000 0042:73 68 65 6C 6C 2C 76 32 2C 54 45 52 4D 3D 78 74 65 72 6D 2D 32 35 36 63 6F 6C 6F 72 2C 72 61 77 3A 67 65 74 70 72 6F 70 20 72 6F 2E 62 75 69 6C 64 2E 76 65 72 73 69 6F 6E 2E 72 65 6C 65 61 73 65 00 
09-02 11:42:57.097 14031 14031 E adbd    : service_to_fd: shell,v2,TERM=xterm-256color,raw:getprop ro.build.version.release
09-02 11:42:57.158 32409 32633 I BatteryMgr:DataCollectionService: stats => 1693647777158,-147,4265
09-02 11:42:57.170 14031 14031 E adbd    : recv: OPEN 0001c743 00000000 003e:73 68 65 6C 6C 2C 76 32 2C 54 45 52 4D 3D 78 74 65 72 6D 2D 32 35 36 63 6F 6C 6F 72 2C 72 61 77 3A 67 65 74 70 72 6F 70 20 72 6F 2E 62 75 69 6C 64 2E 76 65 72 73 69 6F 6E 2E 73 64 6B 00 
09-02 11:42:57.170 14031 14031 E adbd    : service_to_fd: shell,v2,TERM=xterm-256color,raw:getprop ro.build.version.sdk
09-02 11:42:57.244 14031 14031 E adbd    : recv: OPEN 0001c746 00000000 008c:73 68 65 6C 6C 2C 76 32 2C 54 45 52 4D 3D 78 74 65 72 6D 2D 32 35 36 63 6F 6C 6F 72 2C 72 61 77 3A 61 6D 20 73 74 6F 70 73 65 72 76 69 63 65 20 63 6F 6D 2E 65 78 61 6D 70 6C 65 2E 62 61 74 74 65 72 79 6D 61 6E 61 67 65 72 5F 75 74 69 6C 69 74 79 2F 63 6F 6D 2E 65 78 61 6D 70 6C 65 2E 62 61 74 74 65 72 79 6D 61 6E 61 67 65 72 5F 75 74 69 6C 69 74 79 2E 44 61 74 61 43 6F 6C 6C 65 63 74 69 6F 6E 53 65 72 76 69 63 65 00 
09-02 11:42:57.244 14031 14031 E adbd    : service_to_fd: shell,v2,TERM=xterm-256color,raw:am stopservice com.example.batterymanager_utility/com.example.batterymanager_utility.DataCollectionService
09-02 11:42:57.262 32409 32633 I BatteryMgr:DataCollectionService: stats => 1693647777262,-147,4265
09-02 11:42:57.308  3979  3979 I EasyMuteController: UnRegister failed. no registered
09-02 11:42:57.308  3979  3979 D LightsService: [api] [SvcLED] turnOff:: id = 4 (uid: 1000 pid: 3979) 
09-02 11:42:57.308  3979  3979 D LightsService: [api] [SvcLED] LED indicator : Not supported.
09-02 11:42:57.311  3979  4373 D Notification: allPendingIntents
09-02 11:42:57.311  3979  4373 D Notification: allPendingIntents
09-02 11:42:57.312  3979  3979 D LightsService: [api] [SvcLED] turnOff:: id = 4 (uid: 1000 pid: 3979) 
09-02 11:42:57.312  3979  3979 D LightsService: [api] [SvcLED] LED indicator : Not supported.
09-02 11:42:57.313  3979  4200 D Notification: allPendingIntents
09-02 11:42:57.319  3979  4373 D Notification: allPendingIntents
09-02 11:42:57.347  4349  4349 D KeyguardUpdateMonitor: handleStatusBarState( false )
09-02 11:42:57.349 14031 14031 E adbd    : recv: OPEN 0001c749 00000000 0042:73 68 65 6C 6C 2C 76 32 2C 54 45 52 4D 3D 78 74 65 72 6D 2D 32 35 36 63 6F 6C 6F 72 2C 72 61 77 3A 67 65 74 70 72 6F 70 20 72 6F 2E 62 75 69 6C 64 2E 76 65 72 73 69 6F 6E 2E 72 65 6C 65 61 73 65 00 
09-02 11:42:57.350 14031 14031 E adbd    : service_to_fd: shell,v2,TERM=xterm-256color,raw:getprop ro.build.version.release
09-02 11:42:57.355  4349  4349 D KeyguardUpdateMonitor: handleStatusBarState( false )
09-02 11:42:57.359  5551  5624 D ContactsProvider_EventLog: contents_sample_state: [CONTACT contacts(191) data(1819) accounts({com.google (13)=199}) accounts deleted({}) calls([]) countryIso(NL) userId(0)  ]
09-02 11:42:57.359  5551  5624 D ContactsProvider_EventLog: contents_sample_state: [ agr({[13 ,13]=8, [13]=183})  ]
09-02 11:42:57.359  5551  5624 D ContactsProvider_EventLog: contents_sample_state: [ actCnt({android.process.acore(5551)=1})  ]
09-02 11:42:57.359  5551  5624 D ContactsProvider_EventLog: contents_sample_state: [PROFILE contacts(0) data(0) accounts({})  ]
09-02 11:42:57.359  5551  5624 D ContactsProvider_EventLog: contents_sample_state: [SAPROFILE contacts(1) data(1) accounts({vnd.sec.contact.phone (1)=1})  ]
09-02 11:42:57.361  5551  5624 E ContactsProvider_EventLog: Flush buffer to file cnt : 1 size : 0Kb duration : 1ms lastUpdatedAfter : 60106 ms mFlush_time_threasold : 2000 mCurrentSize : 481
09-02 11:42:57.365  3979  4484 E Watchdog: !@Sync 1276 [2023-09-02 11:42:57.365]
09-02 11:42:57.414 14031 14031 E adbd    : recv: OPEN 0001c74c 00000000 003e:73 68 65 6C 6C 2C 76 32 2C 54 45 52 4D 3D 78 74 65 72 6D 2D 32 35 36 63 6F 6C 6F 72 2C 72 61 77 3A 67 65 74 70 72 6F 70 20 72 6F 2E 62 75 69 6C 64 2E 76 65 72 73 69 6F 6E 2E 73 64 6B 00 
09-02 11:42:57.414 14031 14031 E adbd    : service_to_fd: shell,v2,TERM=xterm-256color,raw:getprop ro.build.version.sdk
09-02 11:42:57.471 14031 14031 E adbd    : recv: OPEN 0001c74f 00000000 0076:73 68 65 6C 6C 2C 76 32 2C 54 45 52 4D 3D 78 74 65 72 6D 2D 32 35 36 63 6F 6C 6F 72 2C 72 61 77 3A 64 75 6D 70 73 79 73 20 61 63 74 69 76 69 74 79 20 72 65 63 65 6E 74 73 20 7C 20 67 72 65 70 20 22 52 65 63 65 6E 74 20 23 30 22 20 7C 20 63 75 74 20 2D 64 20 22 3D 22 20 2D 66 32 20 7C 20 67 72 65 70 20 2D 6F 20 2D 70 20 22 5B 61 2D 7A 7C 2E 5D 2A 22 00 
09-02 11:42:57.471 14031 14031 E adbd    : service_to_fd: shell,v2,TERM=xterm-256color,raw:dumpsys activity recents | grep "Recent #0" | cut -d "=" -f2 | grep -o -p "[a-z|.]*"
09-02 11:42:57.560 14031 14031 E adbd    : recv: OPEN 0001c752 00000000 0042:73 68 65 6C 6C 2C 76 32 2C 54 45 52 4D 3D 78 74 65 72 6D 2D 32 35 36 63 6F 6C 6F 72 2C 72 61 77 3A 67 65 74 70 72 6F 70 20 72 6F 2E 62 75 69 6C 64 2E 76 65 72 73 69 6F 6E 2E 72 65 6C 65 61 73 65 00 
09-02 11:42:57.560 14031 14031 E adbd    : service_to_fd: shell,v2,TERM=xterm-256color,raw:getprop ro.build.version.release
09-02 11:42:57.631 14031 14031 E adbd    : recv: OPEN 0001c755 00000000 003e:73 68 65 6C 6C 2C 76 32 2C 54 45 52 4D 3D 78 74 65 72 6D 2D 32 35 36 63 6F 6C 6F 72 2C 72 61 77 3A 67 65 74 70 72 6F 70 20 72 6F 2E 62 75 69 6C 64 2E 76 65 72 73 69 6F 6E 2E 73 64 6B 00 
09-02 11:42:57.631 14031 14031 E adbd    : service_to_fd: shell,v2,TERM=xterm-256color,raw:getprop ro.build.version.sdk
09-02 11:42:57.717 14031 14031 E adbd    : recv: OPEN 0001c758 00000000 0042:73 68 65 6C 6C 2C 76 32 2C 54 45 52 4D 3D 78 74 65 72 6D 2D 32 35 36 63 6F 6C 6F 72 2C 72 61 77 3A 61 6D 20 66 6F 72 63 65 2D 73 74 6F 70 20 63 6F 6D 2E 61 6E 64 72 6F 69 64 2E 63 68 72 6F 6D 65 00 
09-02 11:42:57.717 14031 14031 E adbd    : service_to_fd: shell,v2,TERM=xterm-256color,raw:am force-stop com.android.chrome
09-02 11:42:57.779  3979  4373 I ActivityManager: Force stopping com.android.chrome appid=10096 user=0: from pid 32748
09-02 11:42:57.779  3979  4373 I ActivityManager: Killing 32529:com.android.chrome:privileged_process0/u0a96 (adj 0): stop com.android.chrome,from pid 32748
09-02 11:42:57.780  3979  4373 W ActivityManager: Scheduling restart of crashed service com.android.chrome/org.chromium.content.app.PrivilegedProcessService0 in 1000ms
09-02 11:42:57.784  3979  4373 I ActivityManager: Killing 32448:com.android.chrome/u0a96 (adj 0): stop com.android.chrome,from pid 32748
09-02 11:42:57.786 22051 22051 D BoundBrokerSvc: onUnbind: Intent { act=com.google.android.gms.safetynet.service.START pkg=com.google.android.gms }
09-02 11:42:57.790 32483 32483 I cr_ChildProcessService: Destroying ChildProcessService pid=32483
09-02 11:42:57.791 22051 22051 D BoundBrokerSvc: onUnbind: Intent { act=com.google.android.gms.auth.key.retrieval.service.START dat=chimera-action: cmp=com.google.android.gms/.chimera.GmsApiService }
09-02 11:42:57.792 32483 32483 I /system/bin/webview_zygote32: System.exit called, status: 0
09-02 11:42:57.792 32483 32483 I AndroidRuntime: VM exiting with result code 0, cleanup skipped.
09-02 11:42:57.793  3979  4373 W ActivityManager: Force removing ActivityRecord{ce65c0 u0 com.android.chrome/com.google.android.apps.chrome.Main t400}: app died, no saved state
09-02 11:42:57.793 32671 32671 I cr_ChildProcessService: Destroying ChildProcessService pid=32671
09-02 11:42:57.793 22051 22051 D BoundBrokerSvc: onUnbind: Intent { act=com.google.android.gms.languageprofile.service.START pkg=com.google.android.gms }
09-02 11:42:57.794 32671 32671 I /system/bin/webview_zygote32: System.exit called, status: 0
09-02 11:42:57.794 32671 32671 I AndroidRuntime: VM exiting with result code 0, cleanup skipped.
09-02 11:42:57.798  3979  4373 D InputDispatcher: Focus left window: 32448
09-02 11:42:57.802  3979  4373 I WindowManager: Failed to capture screenshot of Token{d6202f9 ActivityRecord{ce65c0 u0 com.android.chrome/com.google.android.apps.chrome.Main t400 f}} appWin=Window{1fb967c u0 com.android.chrome/com.google.android.apps.chrome.Main} drawState=4
09-02 11:42:57.802  3979  4373 I WindowManager: Destroying surface Surface(name=com.android.chrome/com.google.android.apps.chrome.Main) called by com.android.server.wm.WindowStateAnimator.destroySurface:2501 com.android.server.wm.WindowStateAnimator.destroySurfaceLocked:985 com.android.server.wm.WindowState.removeImmediately:2404 com.android.server.wm.WindowState.removeIfPossible:2603 com.android.server.wm.WindowState.removeIfPossible:2433 com.android.server.wm.WindowToken.removeAllWindowsIfPossible:143 com.android.server.wm.AppWindowToken.removeIfPossible:606 com.android.server.wm.AppWindowToken.onRemovedFromDisplay:674 
09-02 11:42:57.803  3462  3502 I SurfaceFlinger: id=1440 Removed com.android.chrome/com.google.android.apps.chrome.Main#0 (2/4)
09-02 11:42:57.806  3462  3502 I SurfaceFlinger: id=1440 Removed com.android.chrome/com.google.android.apps.chrome.Main#0 (-2/4)
09-02 11:42:57.810  3979  4373 D InputDispatcher: Focused application released
09-02 11:42:57.812  3462  3462 I SurfaceFlinger: Display 0 HWC layers:
09-02 11:42:57.812  3462  3462 I SurfaceFlinger:     type    |    handle    | flag |  format   |   source crop (l,t,r,b)    |         frame       | name 
09-02 11:42:57.812  3462  3462 I SurfaceFlinger: ------------+--------------+------+-----------+----------------------------+---------------------+------
09-02 11:42:57.812  3462  3462 I SurfaceFlinger:      Device | 0x7ac4c24480 | 0000 | RGBA_8888 |   0.0    0.0  720.0   42.0 |    0    0  720   42 | StatusBar#0
09-02 11:42:57.812  3462  3462 I SurfaceFlinger: 
09-02 11:42:57.815  3979  4373 D CustomFrequencyManagerService: acquireDVFSLockLocked : type : DVFS_MIN_LIMIT  frequency : 1560000  uid : 1000  pid : 3979  pkgName : AMS_ACT_RESUME@CPU_MIN@70
09-02 11:42:57.815  3979  4373 D ActivityManagerPerformance: AMP_acquire() ACT_RESUME
09-02 11:42:57.816  3979  4373 D PersonaManagerService: Current focused persona service handled id set to : 0
09-02 11:42:57.817  3979  4373 D InputDispatcher: Focused application set to: xxxx
09-02 11:42:57.818  3462  3462 I Layer   : id=1440 onRemoved com.android.chrome/com.google.android.apps.chrome.Main#0 
09-02 11:42:57.819  3462  3462 I Layer   : id=1442 onRemoved Background for - SurfaceView - com.android.chrome/com.google.android.apps.chrome.Main@2ac0e00@0#0 
09-02 11:42:57.819  3462  3462 I Layer   : id=1441 onRemoved SurfaceView - com.android.chrome/com.google.android.apps.chrome.Main@2ac0e00@0#0 
09-02 11:42:57.821  3979  9878 V WindowManager: Relayout Window{bd9698e u0 com.example.batterymanager_utility/com.example.batterymanager_utility.MainActivity}: viewVisibility=4 req=720x1280 WM.LayoutParams{(0,0)(fillxfill) sim=#120 ty=1 fl=#81810100 pfl=0x20000 wanim=0x10302fd vsysui=0x600 needsMenuKey=2 colorMode=0 naviIconColor=0}
09-02 11:42:57.827  3979  4373 I ActivityManager: Killing 32671:com.android.chrome:sandboxed_process1/u0a96i174 (adj 0): isolated not needed
09-02 11:42:57.827  3979  4373 I ActivityManager: Killing 32483:com.android.chrome:sandboxed_process0/u0a96i173 (adj 0): isolated not needed
09-02 11:42:57.827 32409 32409 D ViewRootImpl@110cd72[MainActivity]: Relayout returned: old=[0,0][720,1280] new=[0,0][720,1280] result=0x1 surface={valid=false 0} changed=false
09-02 11:42:57.829  3979  4238 D GameManagerService: handleForegroundChange(). pkgName: com.example.batterymanager_utility, clsName: com.example.batterymanager_utility.MainActivity,FgActivityName:com.example.batterymanager_utility/.MainActivity
09-02 11:42:57.829  3979  4373 D MARsPolicyManager: onPackageResumedFG pkgName = com.example.batterymanager_utility, userId = 0
09-02 11:42:57.830  3979  4238 D GameManagerService: sem_perfomance_mode: 3
09-02 11:42:57.830  3979  4238 D GameManagerService: notifyResumePause(). pkg: com.example.batterymanager_utility, type: 4, isMinimized: false, isTunableApp: false
09-02 11:42:57.830  3979  4238 D GameManagerService:   notifyResumePause(). unexpected mPrevNotiType: -1
09-02 11:42:57.845  3979  3979 D SamsungAlarmManager: Remove alarm for next reason : android.intent.action.PACKAGE_RESTARTED : package: com.android.chrome
09-02 11:42:57.849  4633  4633 D CarrierSvcBindHelper: No carrier app for: 0
09-02 11:42:57.850  3979  3995 W BroadcastQueue: Background execution not allowed: receiving Intent { act=android.intent.action.PACKAGE_RESTARTED dat=package:com.android.chrome flg=0x10 (has extras) } to android/com.kddi.android.CpaNotiReceiver
09-02 11:42:57.850  3979  3995 W BroadcastQueue: Background execution not allowed: receiving Intent { act=android.intent.action.PACKAGE_RESTARTED dat=package:com.android.chrome flg=0x10 (has extras) } to com.sec.android.daemonapp/com.samsung.android.weather.daemon.receiver.ClearDataReceiver
09-02 11:42:57.851  4633  4633 D CarrierSvcBindHelper: No carrier app for: 1
09-02 11:42:57.855  3979  5172 D ActivityManager: post active user change for 0 fullscreen true isHomeActivity() false
09-02 11:42:57.857  3979  6899 D GamePkgDataHelper: getGamePkgDataIncServer(). com.example.batterymanager_utility
09-02 11:42:57.857  3979  6899 D GameManagerService: identifyGamePackage. com.example.batterymanager_utility
09-02 11:42:57.857  3979  6899 D GamePkgDataHelper: getGamePkgData(). com.example.batterymanager_utility
09-02 11:42:57.858  3979  6899 D GameManagerService: identifyGamePackage. com.example.batterymanager_utility
09-02 11:42:57.858  3979  6899 D GamePkgDataHelper: getGamePkgData(). com.example.batterymanager_utility
09-02 11:42:57.858  3979  6899 D GamePkgDataHelper: getSosPolicy(). com.example.batterymanager_utility
09-02 11:42:57.859  3979  5172 V WindowManager: Relayout Window{bd9698e u0 com.example.batterymanager_utility/com.example.batterymanager_utility.MainActivity}: viewVisibility=0 req=720x1280 WM.LayoutParams{(0,0)(fillxfill) sim=#120 ty=1 fl=#81810100 pfl=0x20000 wanim=0x10302fd vsysui=0x600 needsMenuKey=2 colorMode=0 naviIconColor=0}
09-02 11:42:57.860  3462  3462 I SurfaceFlinger: id=1443 createSurf (720x1280),1 flag=404, com.example.batterymanager_utility/com.example.batterymanager_utility.MainActivity#0
09-02 11:42:57.861  3979  6899 D GameManagerService: identifyGamePackage. com.example.batterymanager_utility
09-02 11:42:57.861  3979  5172 V Surface : sf_framedrop debug : 0x4f4c, game : false, logging : 0
09-02 11:42:57.861  3979  6899 D GamePkgDataHelper: getGamePkgData(). com.example.batterymanager_utility
09-02 11:42:57.861  3979  3996 D WindowManager: set systemUiVisibility : systemUiFlags= 0x608 fullscreenStackSysUiFlags= 0x0
09-02 11:42:57.863  3979  3979 D SamsungAlarmManager: setInexact Listener (T:2/F:0/AC:false) 20230902T114707 - CU:1000/CP:3979
09-02 11:42:57.864  3979  3979 D SamsungAlarmManager: setInexact Listener (T:2/F:0/AC:false) 20230902T121206 - CU:1000/CP:3979
09-02 11:42:57.866  3979  5172 D InputDispatcher: Focus entered window: 32409
09-02 11:42:57.867  3979  4200 D WindowManager: adjustSystemUiVisibilityLw : vis= 0x608
09-02 11:42:57.867  3979  6899 D GameManagerService: identifyGamePackage. com.example.batterymanager_utility
09-02 11:42:57.868  3979  6899 D GamePkgDataHelper: getGamePkgData(). com.example.batterymanager_utility
09-02 11:42:57.868 32409 32409 V Surface : sf_framedrop debug : 0x4f4c, game : false, logging : 0
09-02 11:42:57.869 32409 32409 D ViewRootImpl@110cd72[MainActivity]: Relayout returned: old=[0,0][720,1280] new=[0,0][720,1280] result=0x7 surface={valid=true 536211472384} changed=true
09-02 11:42:57.875 32409 32425 D mali_winsys: EGLint new_window_surface(egl_winsys_display *, void *, EGLSurface, EGLConfig, egl_winsys_surface **, egl_color_buffer_format *, EGLBoolean) returns 0x3000,  [720x1280]-format:1
09-02 11:42:57.875 32409 32425 D OpenGLRenderer: eglCreateWindowSurface = 0x7cc1baeec0
09-02 11:42:57.877 32409 32409 D ViewRootImpl@110cd72[MainActivity]: MSG_WINDOW_FOCUS_CHANGED 1
09-02 11:42:57.882 32409 32409 V InputMethodManager: Starting input: tba=android.view.inputmethod.EditorInfo@753c22d nm : com.example.batterymanager_utility ic=null
09-02 11:42:57.882 32409 32409 I InputMethodManager: startInputInner - mService.startInputOrWindowGainedFocus
09-02 11:42:57.883  3979  4200 D ConnectivityService: ConnectivityService NetworkRequestInfo binderDied(NetworkRequest [ LISTEN id=586, [ Capabilities: INTERNET&NOT_RESTRICTED&TRUSTED&FOREGROUND] ], android.os.BinderProxy@61553c1)
09-02 11:42:57.883  3979  6264 D ConnectivityService: ConnectivityService NetworkRequestInfo binderDied(NetworkRequest [ LISTEN id=585, [ Capabilities: INTERNET&NOT_RESTRICTED&TRUSTED&FOREGROUND] ], android.os.BinderProxy@edfa766)
09-02 11:42:57.883  3979  4200 D ConnectivityService: ConnectivityService NetworkRequestInfo binderDied(NetworkRequest [ LISTEN id=587, [ Capabilities: INTERNET&NOT_RESTRICTED&TRUSTED&FOREGROUND] ], android.os.BinderProxy@91f8aa7)
09-02 11:42:57.883  3979  4673 D InputMethodManagerService: startInputOrWindowGainedFocus : windowGainedFocus 
09-02 11:42:57.884  3979  4673 D InputMethodManagerService: windowGainedFocus: destinationUserId (getCallingUid) = 0
09-02 11:42:57.884  3979  4673 D InputMethodManagerService: windowGainedFocus: currentUserId=0
09-02 11:42:57.884  3979  4673 D InputMethodManagerService: windowGainedFocus: mCurrentFocusedUserId=0
09-02 11:42:57.884  3979  4180 D ConnectivityService: releasing NetworkRequest [ LISTEN id=586, [ Capabilities: INTERNET&NOT_RESTRICTED&TRUSTED&FOREGROUND] ] (CALLBACK_RELEASED)
09-02 11:42:57.884  3979  4673 D InputMethodManagerService: windowGainedFocus : lock - currentUserId = 0 destinationUserId = 0
09-02 11:42:57.884  3979  4673 D InputMethodManagerService: windowGainedFocus : mCurrentFocusedUserId - 0 and mSecureKeypadEnabled - false, userSwitched - false
09-02 11:42:57.885  3979  4180 D ConnectivityService: sending notification RELEASED for NetworkRequest [ LISTEN id=586, [ Capabilities: INTERNET&NOT_RESTRICTED&TRUSTED&FOREGROUND] ]
09-02 11:42:57.885  3979  4673 V InputMethodManagerService: windowGainedFocus : reason=WINDOW_FOCUS_GAIN client=android.os.BinderProxy@1d3b890 inputContext=null missingMethods= attribute=android.view.inputmethod.EditorInfo@2d71b54 nm = com.example.batterymanager_utility controlFlags=#105 softInputMode=#120 windowFlags=#81810100
09-02 11:42:57.885  3979  4673 V InputMethodManagerService: hideCurrentInputLocked : shouldHideSoftInput is false
09-02 11:42:57.885  3979  4180 E ConnectivityService: RemoteException caught trying to send a callback msg for NetworkRequest [ LISTEN id=586, [ Capabilities: INTERNET&NOT_RESTRICTED&TRUSTED&FOREGROUND] ]
09-02 11:42:57.886  3979  4180 D ConnectivityService: releasing NetworkRequest [ LISTEN id=587, [ Capabilities: INTERNET&NOT_RESTRICTED&TRUSTED&FOREGROUND] ] (CALLBACK_RELEASED)
09-02 11:42:57.886  3979  4673 W InputMethodManagerService: Got RemoteException sending setActive(false) notification to pid 32448 uid 10096
09-02 11:42:57.886  3979  4180 D ConnectivityService: sending notification RELEASED for NetworkRequest [ LISTEN id=587, [ Capabilities: INTERNET&NOT_RESTRICTED&TRUSTED&FOREGROUND] ]
09-02 11:42:57.887  3979  4180 E ConnectivityService: RemoteException caught trying to send a callback msg for NetworkRequest [ LISTEN id=587, [ Capabilities: INTERNET&NOT_RESTRICTED&TRUSTED&FOREGROUND] ]
09-02 11:42:57.887  3979  4673 D InputMethodManagerService: isImeSwitcherDisabledPackage : false
09-02 11:42:57.887  3979  4180 D ConnectivityService: releasing NetworkRequest [ LISTEN id=585, [ Capabilities: INTERNET&NOT_RESTRICTED&TRUSTED&FOREGROUND] ] (CALLBACK_RELEASED)
09-02 11:42:57.887  3979  4180 D ConnectivityService: sending notification RELEASED for NetworkRequest [ LISTEN id=585, [ Capabilities: INTERNET&NOT_RESTRICTED&TRUSTED&FOREGROUND] ]
09-02 11:42:57.887  3979  4180 E ConnectivityService: RemoteException caught trying to send a callback msg for NetworkRequest [ LISTEN id=585, [ Capabilities: INTERNET&NOT_RESTRICTED&TRUSTED&FOREGROUND] ]
09-02 11:42:57.887  3979  4673 D InputMethodManagerService: setCurrentInputInfo - inputContext : null eidtorInfo : android.view.inputmethod.EditorInfo@2d71b54 missingMethods : 0
09-02 11:42:57.888  3979  4004 W ActivityManager: setHasOverlayUi called on unknown pid: 32448
09-02 11:42:57.889  3979  3997 W zygote64: failed to open /acct/uid_99174/pid_32671/cgroup.procs: No such file or directory
09-02 11:42:57.889  4336  4336 I InputMethodWrapper:  call dispatchStartInputWithToken
09-02 11:42:57.889  4336  4336 I InputMethodService: dispatchStartInputWithToken
09-02 11:42:57.889  3979  3997 W zygote64: failed to open /acct/uid_99173/pid_32483/cgroup.procs: No such file or directory
09-02 11:42:57.889  4336  4336 I SKBD    : SamsungKeypad [IMI] onStartInput - caller pid : 32409, caller uid : 10157
09-02 11:42:57.889  4336  4336 D InputEventReceiver: channel 'ClientState{a95bd uid 10096 pid 32448} (client)' ~ Disposing input event receiver.
09-02 11:42:57.890  4336  4336 D InputEventReceiver: channel 'ClientState{a95bd uid 10096 pid 32448} (client)' ~NativeInputEventReceiver.
09-02 11:42:57.901  4349  4850 D SystemServicesProxy: updateOverviewLastStackActiveTimeAsync: newTime=1693559943942
09-02 11:42:57.902  3979  8178 D SecContentProvider: query(), uri = 17 selection = isSettingsChangesAllowed
09-02 11:42:57.903  3979  8178 D SecContentProvider: called from android.uid.systemui:10009
09-02 11:42:57.904  4349  4561 D SystemServicesProxy: updateOverviewLastStackActiveTimeAsync: done.
09-02 11:42:57.909  3979  8178 V WindowManager: finishDrawingLocked: mDrawState=COMMIT_DRAW_PENDING Window{bd9698e u0 com.example.batterymanager_utility/com.example.batterymanager_utility.MainActivity} in Surface(name=com.example.batterymanager_utility/com.example.batterymanager_utility.MainActivity)
09-02 11:42:57.919  3462  3462 I SurfaceFlinger: id=1444 createSurf (720x1280),-1 flag=20004, com.example.batterymanager_utility/com.example.batterymanager_utility.MainActivity_dim#0
09-02 11:42:57.940  3462  3462 I SurfaceFlinger: Display 0 HWC layers:
09-02 11:42:57.940  3462  3462 I SurfaceFlinger:     type    |    handle    | flag |  format   |   source crop (l,t,r,b)    |         frame       | name 
09-02 11:42:57.940  3462  3462 I SurfaceFlinger: ------------+--------------+------+-----------+----------------------------+---------------------+------
09-02 11:42:57.940  3462  3462 I SurfaceFlinger:      Client |              | 0000 |  Unknown  |  -0.2   -0.2   -0.8   -0.8 |    0    0  720 1280 | animation background stackId=1#0
09-02 11:42:57.940  3462  3462 I SurfaceFlinger:      Client | 0x7ac4c24b40 | 0002 | RGBA_8888 |   0.0    0.0   31.0 1280.0 |  689    0  720 1280 | com.example.batterymanager_utility/c[...]atterymanager_utility.MainActivity#0
09-02 11:42:57.940  3462  3462 I SurfaceFlinger:      Device | 0x7ac4c25140 | 0000 | RGBA_8888 |   0.0    0.0  720.0   42.0 |    0    0  720   42 | StatusBar#0
09-02 11:42:57.940  3462  3462 I SurfaceFlinger: 
09-02 11:42:57.956  3462  3462 I SurfaceFlinger: Display 0 HWC layers:
09-02 11:42:57.956  3462  3462 I SurfaceFlinger:     type    |    handle    | flag |  format   |   source crop (l,t,r,b)    |         frame       | name 
09-02 11:42:57.956  3462  3462 I SurfaceFlinger: ------------+--------------+------+-----------+----------------------------+---------------------+------
09-02 11:42:57.956  3462  3462 I SurfaceFlinger:      Client |              | 0000 |  Unknown  |   0.0    0.0   -1.0   -1.0 |    0    0  720 1280 | com.example.batterymanager_utility/c[...]rymanager_utility.MainActivity_dim#0
09-02 11:42:57.956  3462  3462 I SurfaceFlinger:      Client |              | 0000 |  Unknown  |  -0.2   -0.2   -0.8   -0.8 |    0    0  720 1280 | animation background stackId=1#0
09-02 11:42:57.956  3462  3462 I SurfaceFlinger:      Client | 0x7ac4c24b40 | 0002 | RGBA_8888 |   0.0    0.0   67.0 1280.0 |  653    0  720 1280 | com.example.batterymanager_utility/c[...]atterymanager_utility.MainActivity#0
09-02 11:42:57.956  3462  3462 I SurfaceFlinger:      Device | 0x7ac4c24480 | 0000 | RGBA_8888 |   0.0    0.0  720.0   42.0 |    0    0  720   42 | StatusBar#0
09-02 11:42:57.956  3462  3462 I SurfaceFlinger: 
09-02 11:42:57.988  3979  4111 D MdnieScenarioControlService:  packageName : com.example.batterymanager_utility    className : com.example.batterymanager_utility.MainActivity
09-02 11:42:57.989  3979  4111 V MdnieScenarioControlService: setUIMode from UI function(3)
09-02 11:42:58.150  3979  4111 V MdnieScenarioControlService: Calling MdnieManager API(setContentMode(0))
09-02 11:42:58.151  3979  4111 D SemDisplaySolutionManagerService: uid : 1000 , pid : 3979 , name : hdr_effect_off
09-02 11:42:58.151  3979  4111 D SemDisplaySolutionManagerService: where : application what : DEFAULT setScreenBrightnessScaleFactor(-1.0)
09-02 11:42:58.151  3979  4111 D PowerManagerService: [api] setScreenBrightnessScaleFactor: scaleFactor: -1.0 (uid: 1000 pid: 3979)
09-02 11:42:58.151  3979  4111 D SemDisplaySolutionManagerService: setMultipleScreenBrightness , application, DEFAULT, -1.0
09-02 11:42:58.151  3979  4111 V MdnieScenarioControlService: Calling SemDisplaySolutionManager API(setMultipleScreenBrightness(0)
09-02 11:42:58.152  3603 12535 V APM_AudioPolicyManager: setAudioPolicyConfig: audioEffectParam;audioHDR=0;packageName=com.example.batterymanager_utility
09-02 11:42:58.153  3979  4111 I AudioService: audioEffectParam;audioHDR=0;packageName=com.example.batterymanager_utility
09-02 11:42:58.153  3979  4111 V MdnieScenarioControlService: setUIMode from UI function
09-02 11:42:58.306  3462  3462 I SurfaceFlinger: Display 0 HWC layers:
09-02 11:42:58.306  3462  3462 I SurfaceFlinger:     type    |    handle    | flag |  format   |   source crop (l,t,r,b)    |         frame       | name 
09-02 11:42:58.306  3462  3462 I SurfaceFlinger: ------------+--------------+------+-----------+----------------------------+---------------------+------
09-02 11:42:58.306  3462  3462 I SurfaceFlinger:      Device | 0x7ac4c24b40 | 0002 | RGBA_8888 |   0.0    0.0  720.0 1280.0 |    0    0  720 1280 | com.example.batterymanager_utility/c[...]atterymanager_utility.MainActivity#0
09-02 11:42:58.306  3462  3462 I SurfaceFlinger:      Device | 0x7ac4c25140 | 0000 | RGBA_8888 |   0.0    0.0  720.0   42.0 |    0    0  720   42 | StatusBar#0
09-02 11:42:58.306  3462  3462 I SurfaceFlinger: 
09-02 11:42:58.319  3979  4046 I WindowManager: Destroying surface Surface(name=com.example.batterymanager_utility/com.example.batterymanager_utility.MainActivity_dim) called by com.android.server.wm.WindowStateAnimator.destroyTransitionDimSurface:2733 com.android.server.wm.WindowState.onExitAnimationDone:5260 com.android.server.wm.AppWindowAnimator.stepAnimationLocked:508 com.android.server.wm.AppWindowToken.stepAppWindowsAnimation:1659 com.android.server.wm.WindowContainer.stepAppWindowsAnimation:521 com.android.server.wm.WindowContainer.stepAppWindowsAnimation:521 com.android.server.wm.TaskStack.stepAppWindowsAnimation:1948 com.android.server.wm.WindowContainer.stepAppWindowsAnimation:521 
09-02 11:42:58.319  3462  4748 I SurfaceFlinger: id=1444 Removed com.example.batterymanager_utility/com.example.batterymanager_utility.MainActivity_dim#0 (1/5)
09-02 11:42:58.320  3462  4748 I SurfaceFlinger: id=1444 Removed com.example.batterymanager_utility/com.example.batterymanager_utility.MainActivity_dim#0 (-2/5)
09-02 11:42:58.322  3979  4004 D CustomFrequencyManagerService: releaseDVFSLockLocked : Getting Lock type frm List : DVFS_MIN_LIMIT  frequency : 1560000  uid : 1000  pid : 3979  tag : AMS_ACT_RESUME@CPU_MIN@70
09-02 11:42:58.322  3979  4004 D ActivityManagerPerformance: AMP_release() ACT_RESUME
09-02 11:42:58.335  3462  3462 I Layer   : id=1444 onRemoved com.example.batterymanager_utility/com.example.batterymanager_utility.MainActivity_dim#0 
09-02 11:42:58.492  3449  3449 I android.hardware.wifi@1.0-service: getLinkLayerStats
09-02 11:42:59.052 22051 22051 D BoundBrokerSvc: onUnbind: Intent { act=com.google.android.gms.feedback.internal.IFeedbackService dat=chimera-action: cmp=com.google.android.gms/.chimera.GmsBoundBrokerService }
09-02 11:42:59.735  4962  4962 D io_stats: !@ 179,0 r 586594 17808432 w 354132 7588784 d 36784 19070612 f 101117 103220 iot 455664 382731 th 51200 0 0 pt 0 inp 0 0 38312.979
09-02 11:42:59.795  3979  3979 D PreBindingService: handleMessage : 1
09-02 11:42:59.991  3979  4051 D SensorService: [SO] 0.139 -0.369 9.840
09-02 11:43:00.000  3979  4067 D SamsungAlarmManager: Expired : 8
