09-02 14:39:22.608  1229  1229 W ResourceType: For resource 0x7f1504c3, entry index(1219) is beyond type entryCount(281)
09-02 14:39:22.608  1229  1229 W ResourceType: For resource 0x7f15059e, entry index(1438) is beyond type entryCount(281)
09-02 14:39:22.608  1229  1229 W ResourceType: For resource 0x7f150282, entry index(642) is beyond type entryCount(281)
09-02 14:39:22.608  1229  1229 W ResourceType: For resource 0x7f1504c3, entry index(1219) is beyond type entryCount(281)
09-02 14:39:22.608  1229  1229 W ResourceType: For resource 0x7f150719, entry index(1817) is beyond type entryCount(281)
09-02 14:39:22.608  1229  1229 W ResourceType: For resource 0x7f150578, entry index(1400) is beyond type entryCount(281)
09-02 14:39:22.608  1229  1229 W ResourceType: For resource 0x7f150284, entry index(644) is beyond type entryCount(281)
09-02 14:39:22.608  1229  1229 W ResourceType: For resource 0x7f150579, entry index(1401) is beyond type entryCount(281)
09-02 14:39:22.608  1229  1229 W ResourceType: For resource 0x7f1505e7, entry index(1511) is beyond type entryCount(281)
09-02 14:39:22.608  1229  1229 W ResourceType: For resource 0x7f15071e, entry index(1822) is beyond type entryCount(281)
09-02 14:39:22.608  1229  1229 I chatty  : uid=10158(u0_a158) identical 2 lines
09-02 14:39:22.608  1229  1229 W ResourceType: For resource 0x7f15071e, entry index(1822) is beyond type entryCount(281)
09-02 14:39:22.608  1229  1229 W ResourceType: For resource 0x7f150580, entry index(1408) is beyond type entryCount(281)
09-02 14:39:22.608  1229  1229 W ResourceType: For resource 0x7f15071e, entry index(1822) is beyond type entryCount(281)
09-02 14:39:22.608  1229  1229 W ResourceType: For resource 0x7f15017b, entry index(379) is beyond type entryCount(281)
09-02 14:39:22.609  1229  1229 W ResourceType: For resource 0x7f150283, entry index(643) is beyond type entryCount(281)
09-02 14:39:22.609  1229  1229 W ResourceType: For resource 0x7f1505a2, entry index(1442) is beyond type entryCount(281)
09-02 14:39:22.609  1229  1229 W ResourceType: For resource 0x7f1506f4, entry index(1780) is beyond type entryCount(281)
09-02 14:39:22.609  1229  1229 W ResourceType: For resource 0x7f150588, entry index(1416) is beyond type entryCount(281)
09-02 14:39:22.609  1229  1229 W ResourceType: For resource 0x7f15059f, entry index(1439) is beyond type entryCount(281)
09-02 14:39:22.609  1229  1229 W ResourceType: For resource 0x7f150649, entry index(1609) is beyond type entryCount(281)
09-02 14:39:22.609  1229  1229 W ResourceType: For resource 0x7f150442, entry index(1090) is beyond type entryCount(281)
09-02 14:39:22.609  1229  1229 W ResourceType: For resource 0x7f150718, entry index(1816) is beyond type entryCount(281)
09-02 14:39:22.609  1229  1229 W ResourceType: For resource 0x7f15017c, entry index(380) is beyond type entryCount(281)
09-02 14:39:22.609  1229  1229 W ResourceType: For resource 0x7f15059d, entry index(1437) is beyond type entryCount(281)
09-02 14:39:22.609  1229  1229 W ResourceType: For resource 0x7f15020a, entry index(522) is beyond type entryCount(281)
09-02 14:39:22.609  1229  1229 W ResourceType: For resource 0x7f150586, entry index(1414) is beyond type entryCount(281)
09-02 14:39:22.609  1229  1229 W ResourceType: For resource 0x7f15071c, entry index(1820) is beyond type entryCount(281)
09-02 14:39:22.609  1229  1229 W ResourceType: For resource 0x7f1502af, entry index(687) is beyond type entryCount(281)
09-02 14:39:22.609  1229  1229 W ResourceType: For resource 0x7f150274, entry index(628) is beyond type entryCount(281)
09-02 14:39:22.609  1229  1229 W ResourceType: For resource 0x7f150244, entry index(580) is beyond type entryCount(281)
09-02 14:39:22.609  1229  1229 W ResourceType: For resource 0x7f150274, entry index(628) is beyond type entryCount(281)
09-02 14:39:22.609  1229  1229 W ResourceType: For resource 0x7f150372, entry index(882) is beyond type entryCount(281)
09-02 14:39:22.609  1229  1229 W ResourceType: For resource 0x7f15035b, entry index(859) is beyond type entryCount(281)
09-02 14:39:22.609  1229  1229 W ResourceType: For resource 0x7f15035c, entry index(860) is beyond type entryCount(281)
09-02 14:39:22.609  1229  1229 W ResourceType: For resource 0x7f1502ad, entry index(685) is beyond type entryCount(281)
09-02 14:39:22.609  1229  1229 W ResourceType: For resource 0x7f150565, entry index(1381) is beyond type entryCount(281)
09-02 14:39:22.609  1229  1229 W ResourceType: For resource 0x7f150567, entry index(1383) is beyond type entryCount(281)
09-02 14:39:22.609  1229  1229 W ResourceType: For resource 0x7f150264, entry index(612) is beyond type entryCount(281)
09-02 14:39:22.609  1229  1229 I chatty  : uid=10158(u0_a158) identical 1 line
09-02 14:39:22.609  1229  1229 W ResourceType: For resource 0x7f150264, entry index(612) is beyond type entryCount(281)
09-02 14:39:22.609  1229  1229 W ResourceType: For resource 0x7f150314, entry index(788) is beyond type entryCount(281)
09-02 14:39:22.610  1229  1229 W ResourceType: For resource 0x7f150264, entry index(612) is beyond type entryCount(281)
09-02 14:39:22.610  1229  1229 I chatty  : uid=10158(u0_a158) identical 1 line
09-02 14:39:22.610  1229  1229 W ResourceType: For resource 0x7f150264, entry index(612) is beyond type entryCount(281)
09-02 14:39:22.610  1229  1229 W ResourceType: For resource 0x7f150314, entry index(788) is beyond type entryCount(281)
09-02 14:39:22.615  1229  1229 W ResourceType: For resource 0x7f150264, entry index(612) is beyond type entryCount(281)
09-02 14:39:22.616  1229  1229 I chatty  : uid=10158(u0_a158) identical 1 line
09-02 14:39:22.616  1229  1229 W ResourceType: For resource 0x7f150264, entry index(612) is beyond type entryCount(281)
09-02 14:39:22.616  1229  1229 W ResourceType: For resource 0x7f150314, entry index(788) is beyond type entryCount(281)
09-02 14:39:22.616  1229  1229 W ResourceType: For resource 0x7f150264, entry index(612) is beyond type entryCount(281)
09-02 14:39:22.616  1229  1229 I chatty  : uid=10158(u0_a158) identical 1 line
09-02 14:39:22.616  1229  1229 W ResourceType: For resource 0x7f150264, entry index(612) is beyond type entryCount(281)
09-02 14:39:22.616  1229  1229 W ResourceType: For resource 0x7f150314, entry index(788) is beyond type entryCount(281)
09-02 14:39:22.617  1229  1229 W ResourceType: For resource 0x7f1506f1, entry index(1777) is beyond type entryCount(281)
09-02 14:39:22.617  1229  1229 I chatty  : uid=10158(u0_a158) identical 2 lines
09-02 14:39:22.617  1229  1229 W ResourceType: For resource 0x7f1506f1, entry index(1777) is beyond type entryCount(281)
09-02 14:39:22.617  1229  1229 W ResourceType: For resource 0x7f150264, entry index(612) is beyond type entryCount(281)
09-02 14:39:22.617  1229  1229 W ResourceType: For resource 0x7f1506f1, entry index(1777) is beyond type entryCount(281)
09-02 14:39:22.618  1229  1229 I chatty  : uid=10158(u0_a158) identical 11 lines
09-02 14:39:22.618  1229  1229 W ResourceType: For resource 0x7f1506f1, entry index(1777) is beyond type entryCount(281)
09-02 14:39:22.620  1229  1229 W ResourceType: For resource 0x7f1504f8, entry index(1272) is beyond type entryCount(281)
09-02 14:39:22.621  1229  1229 W ResourceType: For resource 0x7f150264, entry index(612) is beyond type entryCount(281)
09-02 14:39:22.621  1229  1229 W ResourceType: For resource 0x7f150264, entry index(612) is beyond type entryCount(281)
09-02 14:39:22.621  1229  1229 W ResourceType: For resource 0x7f15050e, entry index(1294) is beyond type entryCount(281)
09-02 14:39:22.621  1229  1229 W ResourceType: For resource 0x7f15061f, entry index(1567) is beyond type entryCount(281)
09-02 14:39:22.621  1229  1229 W ResourceType: For resource 0x7f15061f, entry index(1567) is beyond type entryCount(281)
09-02 14:39:22.621  1229  1229 W ResourceType: For resource 0x7f15058c, entry index(1420) is beyond type entryCount(281)
09-02 14:39:22.621  1229  1229 W ResourceType: For resource 0x7f150590, entry index(1424) is beyond type entryCount(281)
09-02 14:39:22.621  1229  1229 W ResourceType: For resource 0x7f15058e, entry index(1422) is beyond type entryCount(281)
09-02 14:39:22.622  1229  1229 W ResourceType: For resource 0x7f1504c3, entry index(1219) is beyond type entryCount(281)
09-02 14:39:22.622  1229  1229 W ResourceType: For resource 0x7f15059e, entry index(1438) is beyond type entryCount(281)
09-02 14:39:22.622  1229  1229 W ResourceType: For resource 0x7f150282, entry index(642) is beyond type entryCount(281)
09-02 14:39:22.622  1229  1229 W ResourceType: For resource 0x7f1504c3, entry index(1219) is beyond type entryCount(281)
09-02 14:39:22.622  1229  1229 W ResourceType: For resource 0x7f150719, entry index(1817) is beyond type entryCount(281)
09-02 14:39:22.622  1229  1229 W ResourceType: For resource 0x7f150578, entry index(1400) is beyond type entryCount(281)
09-02 14:39:22.622  1229  1229 W ResourceType: For resource 0x7f150284, entry index(644) is beyond type entryCount(281)
09-02 14:39:22.622  1229  1229 W ResourceType: For resource 0x7f150579, entry index(1401) is beyond type entryCount(281)
09-02 14:39:22.622  1229  1229 W ResourceType: For resource 0x7f1505e7, entry index(1511) is beyond type entryCount(281)
09-02 14:39:22.622  1229  1229 W ResourceType: For resource 0x7f15071e, entry index(1822) is beyond type entryCount(281)
09-02 14:39:22.622  1229  1229 I chatty  : uid=10158(u0_a158) identical 2 lines
09-02 14:39:22.622  1229  1229 W ResourceType: For resource 0x7f15071e, entry index(1822) is beyond type entryCount(281)
09-02 14:39:22.622  1229  1229 W ResourceType: For resource 0x7f150580, entry index(1408) is beyond type entryCount(281)
09-02 14:39:22.622  1229  1229 W ResourceType: For resource 0x7f15071e, entry index(1822) is beyond type entryCount(281)
09-02 14:39:22.622  1229  1229 W ResourceType: For resource 0x7f15017b, entry index(379) is beyond type entryCount(281)
09-02 14:39:22.622  1229  1229 W ResourceType: For resource 0x7f150283, entry index(643) is beyond type entryCount(281)
09-02 14:39:22.622  1229  1229 W ResourceType: For resource 0x7f1505a2, entry index(1442) is beyond type entryCount(281)
09-02 14:39:22.622  1229  1229 W ResourceType: For resource 0x7f1506f4, entry index(1780) is beyond type entryCount(281)
09-02 14:39:22.622  1229  1229 W ResourceType: For resource 0x7f150588, entry index(1416) is beyond type entryCount(281)
09-02 14:39:22.622  1229  1229 W ResourceType: For resource 0x7f15059f, entry index(1439) is beyond type entryCount(281)
09-02 14:39:22.622  1229  1229 W ResourceType: For resource 0x7f150649, entry index(1609) is beyond type entryCount(281)
09-02 14:39:22.622  1229  1229 W ResourceType: For resource 0x7f150442, entry index(1090) is beyond type entryCount(281)
09-02 14:39:22.622  1229  1229 W ResourceType: For resource 0x7f150718, entry index(1816) is beyond type entryCount(281)
09-02 14:39:22.622  1229  1229 W ResourceType: For resource 0x7f15017c, entry index(380) is beyond type entryCount(281)
09-02 14:39:22.622  1229  1229 W ResourceType: For resource 0x7f15059d, entry index(1437) is beyond type entryCount(281)
09-02 14:39:22.622  1229  1229 W ResourceType: For resource 0x7f15020a, entry index(522) is beyond type entryCount(281)
09-02 14:39:22.622  1229  1229 W ResourceType: For resource 0x7f150586, entry index(1414) is beyond type entryCount(281)
09-02 14:39:22.622  1229  1229 W ResourceType: For resource 0x7f15071c, entry index(1820) is beyond type entryCount(281)
09-02 14:39:22.622  1229  1229 W ResourceType: For resource 0x7f1502af, entry index(687) is beyond type entryCount(281)
09-02 14:39:22.622  1229  1229 W ResourceType: For resource 0x7f150274, entry index(628) is beyond type entryCount(281)
09-02 14:39:22.622  1229  1229 W ResourceType: For resource 0x7f150244, entry index(580) is beyond type entryCount(281)
09-02 14:39:22.622  1229  1229 W ResourceType: For resource 0x7f150274, entry index(628) is beyond type entryCount(281)
09-02 14:39:22.622  1229  1229 W ResourceType: For resource 0x7f150372, entry index(882) is beyond type entryCount(281)
09-02 14:39:22.622  1229  1229 W ResourceType: For resource 0x7f15035b, entry index(859) is beyond type entryCount(281)
09-02 14:39:22.622  1229  1229 W ResourceType: For resource 0x7f15035c, entry index(860) is beyond type entryCount(281)
09-02 14:39:22.622  1229  1229 W ResourceType: For resource 0x7f1502ad, entry index(685) is beyond type entryCount(281)
09-02 14:39:22.622  1229  1229 W ResourceType: For resource 0x7f150565, entry index(1381) is beyond type entryCount(281)
09-02 14:39:22.622  1229  1229 W ResourceType: For resource 0x7f150567, entry index(1383) is beyond type entryCount(281)
09-02 14:39:22.622  1229  1229 W ResourceType: For resource 0x7f150264, entry index(612) is beyond type entryCount(281)
09-02 14:39:22.622  1229  1229 I chatty  : uid=10158(u0_a158) identical 1 line
09-02 14:39:22.623  1229  1229 W ResourceType: For resource 0x7f150264, entry index(612) is beyond type entryCount(281)
09-02 14:39:22.623  1229  1229 W ResourceType: For resource 0x7f150314, entry index(788) is beyond type entryCount(281)
09-02 14:39:22.624  1229  1229 W ResourceType: For resource 0x7f150264, entry index(612) is beyond type entryCount(281)
09-02 14:39:22.624  1229  1229 I chatty  : uid=10158(u0_a158) identical 1 line
09-02 14:39:22.624  1229  1229 W ResourceType: For resource 0x7f150264, entry index(612) is beyond type entryCount(281)
09-02 14:39:22.624  1229  1229 W ResourceType: For resource 0x7f150314, entry index(788) is beyond type entryCount(281)
09-02 14:39:22.624  3614  3927 D DnsProxyListener: DNSDBG::dns addrinfo af 2
09-02 14:39:22.631  1229  1229 W ResourceType: For resource 0x7f150264, entry index(612) is beyond type entryCount(281)
09-02 14:39:22.631  1229  1229 I chatty  : uid=10158(u0_a158) identical 1 line
09-02 14:39:22.631  1229  1229 W ResourceType: For resource 0x7f150264, entry index(612) is beyond type entryCount(281)
09-02 14:39:22.631  1229  1229 W ResourceType: For resource 0x7f150314, entry index(788) is beyond type entryCount(281)
09-02 14:39:22.632  1229  1229 W ResourceType: For resource 0x7f150264, entry index(612) is beyond type entryCount(281)
09-02 14:39:22.632  1229  1229 I chatty  : uid=10158(u0_a158) identical 1 line
09-02 14:39:22.632  1229  1229 W ResourceType: For resource 0x7f150264, entry index(612) is beyond type entryCount(281)
09-02 14:39:22.632  1229  1229 W ResourceType: For resource 0x7f150314, entry index(788) is beyond type entryCount(281)
09-02 14:39:22.633  1413  1579 I VideoCapabilities: Unsupported profile 4 for video/mp4v-es
09-02 14:39:22.634  1229  1229 W ResourceType: For resource 0x7f1506f1, entry index(1777) is beyond type entryCount(281)
09-02 14:39:22.634  1229  1229 I chatty  : uid=10158(u0_a158) identical 2 lines
09-02 14:39:22.635  1229  1229 W ResourceType: For resource 0x7f1506f1, entry index(1777) is beyond type entryCount(281)
09-02 14:39:22.635  1229  1229 W ResourceType: For resource 0x7f150264, entry index(612) is beyond type entryCount(281)
09-02 14:39:22.635  1229  1229 W ResourceType: For resource 0x7f1506f1, entry index(1777) is beyond type entryCount(281)
09-02 14:39:22.637  1229  1229 I chatty  : uid=10158(u0_a158) identical 11 lines
09-02 14:39:22.637  1229  1229 W ResourceType: For resource 0x7f1506f1, entry index(1777) is beyond type entryCount(281)
09-02 14:39:22.642  1229  1229 W ResourceType: For resource 0x7f1504f8, entry index(1272) is beyond type entryCount(281)
09-02 14:39:22.643  1229  1229 W ResourceType: For resource 0x7f150264, entry index(612) is beyond type entryCount(281)
09-02 14:39:22.643  1229  1229 W ResourceType: For resource 0x7f150264, entry index(612) is beyond type entryCount(281)
09-02 14:39:22.644  1229  1229 W ResourceType: For resource 0x7f15050e, entry index(1294) is beyond type entryCount(281)
09-02 14:39:22.644  1229  1229 W ResourceType: For resource 0x7f15061f, entry index(1567) is beyond type entryCount(281)
09-02 14:39:22.644  1229  1229 W ResourceType: For resource 0x7f15061f, entry index(1567) is beyond type entryCount(281)
09-02 14:39:22.645  1229  1229 W ResourceType: For resource 0x7f15058c, entry index(1420) is beyond type entryCount(281)
09-02 14:39:22.645  1229  1229 W ResourceType: For resource 0x7f150590, entry index(1424) is beyond type entryCount(281)
09-02 14:39:22.645  1229  1229 W ResourceType: For resource 0x7f15058e, entry index(1422) is beyond type entryCount(281)
09-02 14:39:22.645  1229  1229 W ResourceType: For resource 0x7f1504c3, entry index(1219) is beyond type entryCount(281)
09-02 14:39:22.645  1229  1229 W ResourceType: For resource 0x7f15059e, entry index(1438) is beyond type entryCount(281)
09-02 14:39:22.645  1229  1229 W ResourceType: For resource 0x7f150282, entry index(642) is beyond type entryCount(281)
09-02 14:39:22.645  1229  1229 W ResourceType: For resource 0x7f1504c3, entry index(1219) is beyond type entryCount(281)
09-02 14:39:22.645  1229  1229 W ResourceType: For resource 0x7f150719, entry index(1817) is beyond type entryCount(281)
09-02 14:39:22.645  1229  1229 W ResourceType: For resource 0x7f150578, entry index(1400) is beyond type entryCount(281)
09-02 14:39:22.645  1229  1229 W ResourceType: For resource 0x7f150284, entry index(644) is beyond type entryCount(281)
09-02 14:39:22.645  1229  1229 W ResourceType: For resource 0x7f150579, entry index(1401) is beyond type entryCount(281)
09-02 14:39:22.645  1229  1229 W ResourceType: For resource 0x7f1505e7, entry index(1511) is beyond type entryCount(281)
09-02 14:39:22.645  1229  1229 W ResourceType: For resource 0x7f15071e, entry index(1822) is beyond type entryCount(281)
09-02 14:39:22.645  1229  1229 I chatty  : uid=10158(u0_a158) identical 2 lines
09-02 14:39:22.645  1229  1229 W ResourceType: For resource 0x7f15071e, entry index(1822) is beyond type entryCount(281)
09-02 14:39:22.645  1229  1229 W ResourceType: For resource 0x7f150580, entry index(1408) is beyond type entryCount(281)
09-02 14:39:22.645  1229  1229 W ResourceType: For resource 0x7f15071e, entry index(1822) is beyond type entryCount(281)
09-02 14:39:22.645  1229  1229 W ResourceType: For resource 0x7f15017b, entry index(379) is beyond type entryCount(281)
09-02 14:39:22.645  1229  1229 W ResourceType: For resource 0x7f150283, entry index(643) is beyond type entryCount(281)
09-02 14:39:22.645  1229  1229 W ResourceType: For resource 0x7f1505a2, entry index(1442) is beyond type entryCount(281)
09-02 14:39:22.645  1229  1229 W ResourceType: For resource 0x7f1506f4, entry index(1780) is beyond type entryCount(281)
09-02 14:39:22.645  1229  1229 W ResourceType: For resource 0x7f150588, entry index(1416) is beyond type entryCount(281)
09-02 14:39:22.645  1229  1229 W ResourceType: For resource 0x7f15059f, entry index(1439) is beyond type entryCount(281)
09-02 14:39:22.645  1229  1229 W ResourceType: For resource 0x7f150649, entry index(1609) is beyond type entryCount(281)
09-02 14:39:22.645  1229  1229 W ResourceType: For resource 0x7f150442, entry index(1090) is beyond type entryCount(281)
09-02 14:39:22.645  1229  1229 W ResourceType: For resource 0x7f150718, entry index(1816) is beyond type entryCount(281)
09-02 14:39:22.645  1229  1229 W ResourceType: For resource 0x7f15017c, entry index(380) is beyond type entryCount(281)
09-02 14:39:22.645  1229  1229 W ResourceType: For resource 0x7f15059d, entry index(1437) is beyond type entryCount(281)
09-02 14:39:22.645  1229  1229 W ResourceType: For resource 0x7f15020a, entry index(522) is beyond type entryCount(281)
09-02 14:39:22.645  1229  1229 W ResourceType: For resource 0x7f150586, entry index(1414) is beyond type entryCount(281)
09-02 14:39:22.646  1229  1229 W ResourceType: For resource 0x7f15071c, entry index(1820) is beyond type entryCount(281)
09-02 14:39:22.646  1229  1229 W ResourceType: For resource 0x7f1502af, entry index(687) is beyond type entryCount(281)
09-02 14:39:22.646  1229  1229 W ResourceType: For resource 0x7f150274, entry index(628) is beyond type entryCount(281)
09-02 14:39:22.646  1229  1229 W ResourceType: For resource 0x7f150244, entry index(580) is beyond type entryCount(281)
09-02 14:39:22.646  1229  1229 W ResourceType: For resource 0x7f150274, entry index(628) is beyond type entryCount(281)
09-02 14:39:22.646  1229  1229 W ResourceType: For resource 0x7f150372, entry index(882) is beyond type entryCount(281)
09-02 14:39:22.646  1229  1229 W ResourceType: For resource 0x7f15035b, entry index(859) is beyond type entryCount(281)
09-02 14:39:22.646  1229  1229 W ResourceType: For resource 0x7f15035c, entry index(860) is beyond type entryCount(281)
09-02 14:39:22.646  1229  1229 W ResourceType: For resource 0x7f1502ad, entry index(685) is beyond type entryCount(281)
09-02 14:39:22.646  1229  1229 W ResourceType: For resource 0x7f150565, entry index(1381) is beyond type entryCount(281)
09-02 14:39:22.646  1229  1229 W ResourceType: For resource 0x7f150567, entry index(1383) is beyond type entryCount(281)
09-02 14:39:22.646  1229  1229 W ResourceType: For resource 0x7f150264, entry index(612) is beyond type entryCount(281)
09-02 14:39:22.647  1229  1229 I chatty  : uid=10158(u0_a158) identical 1 line
09-02 14:39:22.647  1229  1229 W ResourceType: For resource 0x7f150264, entry index(612) is beyond type entryCount(281)
09-02 14:39:22.647  1229  1229 W ResourceType: For resource 0x7f150314, entry index(788) is beyond type entryCount(281)
09-02 14:39:22.651  1229  1229 W ResourceType: For resource 0x7f150264, entry index(612) is beyond type entryCount(281)
09-02 14:39:22.651  1229  1229 I chatty  : uid=10158(u0_a158) identical 1 line
09-02 14:39:22.651  1229  1229 W ResourceType: For resource 0x7f150264, entry index(612) is beyond type entryCount(281)
09-02 14:39:22.651  1229  1229 W ResourceType: For resource 0x7f150314, entry index(788) is beyond type entryCount(281)
09-02 14:39:22.660  1229  1229 W ResourceType: For resource 0x7f150264, entry index(612) is beyond type entryCount(281)
09-02 14:39:22.660  1229  1229 I chatty  : uid=10158(u0_a158) identical 1 line
09-02 14:39:22.660  1229  1229 W ResourceType: For resource 0x7f150264, entry index(612) is beyond type entryCount(281)
09-02 14:39:22.660  1229  1229 W ResourceType: For resource 0x7f150314, entry index(788) is beyond type entryCount(281)
09-02 14:39:22.661  1229  1229 W ResourceType: For resource 0x7f150264, entry index(612) is beyond type entryCount(281)
09-02 14:39:22.661  1229  1229 I chatty  : uid=10158(u0_a158) identical 1 line
09-02 14:39:22.661  1229  1229 W ResourceType: For resource 0x7f150264, entry index(612) is beyond type entryCount(281)
09-02 14:39:22.661  1229  1229 W ResourceType: For resource 0x7f150314, entry index(788) is beyond type entryCount(281)
09-02 14:39:22.663  1229  1229 W ResourceType: For resource 0x7f1506f1, entry index(1777) is beyond type entryCount(281)
09-02 14:39:22.663  1229  1234 I zygote  : Compiler allocated 4MB to compile void pr.I0(java.io.DataInputStream, e02, int)
09-02 14:39:22.663  1229  1229 W ResourceType: For resource 0x7f1506f1, entry index(1777) is beyond type entryCount(281)
09-02 14:39:22.663  1229  1229 I chatty  : uid=10158(u0_a158) identical 1 line
09-02 14:39:22.664  1229  1229 W ResourceType: For resource 0x7f1506f1, entry index(1777) is beyond type entryCount(281)
09-02 14:39:22.664  1229  1229 W ResourceType: For resource 0x7f150264, entry index(612) is beyond type entryCount(281)
09-02 14:39:22.664  1229  1229 W ResourceType: For resource 0x7f1506f1, entry index(1777) is beyond type entryCount(281)
09-02 14:39:22.667  1229  1229 I chatty  : uid=10158(u0_a158) identical 11 lines
09-02 14:39:22.667  1229  1229 W ResourceType: For resource 0x7f1506f1, entry index(1777) is beyond type entryCount(281)
09-02 14:39:22.673  1229  1229 W ResourceType: For resource 0x7f1504f8, entry index(1272) is beyond type entryCount(281)
09-02 14:39:22.675  1229  1229 W ResourceType: For resource 0x7f150264, entry index(612) is beyond type entryCount(281)
09-02 14:39:22.675  1229  1229 W ResourceType: For resource 0x7f150264, entry index(612) is beyond type entryCount(281)
09-02 14:39:22.676  1229  1229 W ResourceType: For resource 0x7f15050e, entry index(1294) is beyond type entryCount(281)
09-02 14:39:22.676  1229  1229 W ResourceType: For resource 0x7f15061f, entry index(1567) is beyond type entryCount(281)
09-02 14:39:22.676  1229  1229 W ResourceType: For resource 0x7f15061f, entry index(1567) is beyond type entryCount(281)
09-02 14:39:22.676  1229  1229 W ResourceType: For resource 0x7f15058c, entry index(1420) is beyond type entryCount(281)
09-02 14:39:22.676  1229  1229 W ResourceType: For resource 0x7f150590, entry index(1424) is beyond type entryCount(281)
09-02 14:39:22.676  1229  1229 W ResourceType: For resource 0x7f15058e, entry index(1422) is beyond type entryCount(281)
09-02 14:39:22.676  1229  1229 W ResourceType: For resource 0x7f1504c3, entry index(1219) is beyond type entryCount(281)
09-02 14:39:22.676  1229  1229 W ResourceType: For resource 0x7f15059e, entry index(1438) is beyond type entryCount(281)
09-02 14:39:22.676  1229  1229 W ResourceType: For resource 0x7f150282, entry index(642) is beyond type entryCount(281)
09-02 14:39:22.676  3614  3927 D DnsProxyListener: DNSDBG::dns addrinfo af 2
09-02 14:39:22.676  1229  1229 W ResourceType: For resource 0x7f1504c3, entry index(1219) is beyond type entryCount(281)
09-02 14:39:22.676  1229  1229 W ResourceType: For resource 0x7f150719, entry index(1817) is beyond type entryCount(281)
09-02 14:39:22.676  1229  1229 W ResourceType: For resource 0x7f150578, entry index(1400) is beyond type entryCount(281)
09-02 14:39:22.676  1229  1229 W ResourceType: For resource 0x7f150284, entry index(644) is beyond type entryCount(281)
09-02 14:39:22.676  1229  1229 W ResourceType: For resource 0x7f150579, entry index(1401) is beyond type entryCount(281)
09-02 14:39:22.676  1229  1229 W ResourceType: For resource 0x7f1505e7, entry index(1511) is beyond type entryCount(281)
09-02 14:39:22.676  1229  1229 W ResourceType: For resource 0x7f15071e, entry index(1822) is beyond type entryCount(281)
09-02 14:39:22.676  1229  1229 I chatty  : uid=10158(u0_a158) identical 2 lines
09-02 14:39:22.676  1229  1229 W ResourceType: For resource 0x7f15071e, entry index(1822) is beyond type entryCount(281)
09-02 14:39:22.676  1229  1229 W ResourceType: For resource 0x7f150580, entry index(1408) is beyond type entryCount(281)
09-02 14:39:22.676  1229  1229 W ResourceType: For resource 0x7f15071e, entry index(1822) is beyond type entryCount(281)
09-02 14:39:22.676  1229  1229 W ResourceType: For resource 0x7f15017b, entry index(379) is beyond type entryCount(281)
09-02 14:39:22.676  1229  1229 W ResourceType: For resource 0x7f150283, entry index(643) is beyond type entryCount(281)
09-02 14:39:22.676  1229  1229 W ResourceType: For resource 0x7f1505a2, entry index(1442) is beyond type entryCount(281)
09-02 14:39:22.676  1229  1229 W ResourceType: For resource 0x7f1506f4, entry index(1780) is beyond type entryCount(281)
09-02 14:39:22.677  1229  1229 W ResourceType: For resource 0x7f150588, entry index(1416) is beyond type entryCount(281)
09-02 14:39:22.677  1229  1229 W ResourceType: For resource 0x7f15059f, entry index(1439) is beyond type entryCount(281)
09-02 14:39:22.677  1229  1229 W ResourceType: For resource 0x7f150649, entry index(1609) is beyond type entryCount(281)
09-02 14:39:22.677  1229  1229 W ResourceType: For resource 0x7f150442, entry index(1090) is beyond type entryCount(281)
09-02 14:39:22.677  1229  1229 W ResourceType: For resource 0x7f150718, entry index(1816) is beyond type entryCount(281)
09-02 14:39:22.677  1229  1229 W ResourceType: For resource 0x7f15017c, entry index(380) is beyond type entryCount(281)
09-02 14:39:22.677  1229  1229 W ResourceType: For resource 0x7f15059d, entry index(1437) is beyond type entryCount(281)
09-02 14:39:22.677  1229  1229 W ResourceType: For resource 0x7f15020a, entry index(522) is beyond type entryCount(281)
09-02 14:39:22.677  1229  1229 W ResourceType: For resource 0x7f150586, entry index(1414) is beyond type entryCount(281)
09-02 14:39:22.677  1229  1229 W ResourceType: For resource 0x7f15071c, entry index(1820) is beyond type entryCount(281)
09-02 14:39:22.677  1229  1229 W ResourceType: For resource 0x7f1502af, entry index(687) is beyond type entryCount(281)
09-02 14:39:22.677  1229  1229 W ResourceType: For resource 0x7f150274, entry index(628) is beyond type entryCount(281)
09-02 14:39:22.677  1229  1229 W ResourceType: For resource 0x7f150244, entry index(580) is beyond type entryCount(281)
09-02 14:39:22.677  1229  1229 W ResourceType: For resource 0x7f150274, entry index(628) is beyond type entryCount(281)
09-02 14:39:22.677  1229  1229 W ResourceType: For resource 0x7f150372, entry index(882) is beyond type entryCount(281)
09-02 14:39:22.677  1229  1229 W ResourceType: For resource 0x7f15035b, entry index(859) is beyond type entryCount(281)
09-02 14:39:22.677  1229  1229 W ResourceType: For resource 0x7f15035c, entry index(860) is beyond type entryCount(281)
09-02 14:39:22.677  1229  1229 W ResourceType: For resource 0x7f1502ad, entry index(685) is beyond type entryCount(281)
09-02 14:39:22.677  1229  1229 W ResourceType: For resource 0x7f150565, entry index(1381) is beyond type entryCount(281)
09-02 14:39:22.677  1229  1229 W ResourceType: For resource 0x7f150567, entry index(1383) is beyond type entryCount(281)
09-02 14:39:22.677  1229  1229 W ResourceType: For resource 0x7f150264, entry index(612) is beyond type entryCount(281)
09-02 14:39:22.678  1229  1229 I chatty  : uid=10158(u0_a158) identical 1 line
09-02 14:39:22.678  1229  1229 W ResourceType: For resource 0x7f150264, entry index(612) is beyond type entryCount(281)
09-02 14:39:22.678  1229  1229 W ResourceType: For resource 0x7f150314, entry index(788) is beyond type entryCount(281)
09-02 14:39:22.680  1229  1229 W ResourceType: For resource 0x7f150264, entry index(612) is beyond type entryCount(281)
09-02 14:39:22.680  1229  1229 I chatty  : uid=10158(u0_a158) identical 1 line
09-02 14:39:22.680  1229  1229 W ResourceType: For resource 0x7f150264, entry index(612) is beyond type entryCount(281)
09-02 14:39:22.680  1229  1229 W ResourceType: For resource 0x7f150314, entry index(788) is beyond type entryCount(281)
09-02 14:39:22.685  1413  1579 W VideoCapabilities: Unrecognized profile/level 1/32 for video/mp4v-es
09-02 14:39:22.685  1413  1579 W VideoCapabilities: Unrecognized profile/level 32768/2 for video/mp4v-es
09-02 14:39:22.685  1413  1579 W VideoCapabilities: Unrecognized profile/level 32768/64 for video/mp4v-es
09-02 14:39:22.689  1229  1229 W ResourceType: For resource 0x7f150264, entry index(612) is beyond type entryCount(281)
09-02 14:39:22.689  1229  1229 I chatty  : uid=10158(u0_a158) identical 1 line
09-02 14:39:22.689  1229  1229 W ResourceType: For resource 0x7f150264, entry index(612) is beyond type entryCount(281)
09-02 14:39:22.689  1229  1229 W ResourceType: For resource 0x7f150314, entry index(788) is beyond type entryCount(281)
09-02 14:39:22.690  1229  1229 W ResourceType: For resource 0x7f150264, entry index(612) is beyond type entryCount(281)
09-02 14:39:22.690  1229  1229 I chatty  : uid=10158(u0_a158) identical 1 line
09-02 14:39:22.690  1229  1229 W ResourceType: For resource 0x7f150264, entry index(612) is beyond type entryCount(281)
09-02 14:39:22.690  1229  1229 W ResourceType: For resource 0x7f150314, entry index(788) is beyond type entryCount(281)
09-02 14:39:22.691  1229  1229 W ResourceType: For resource 0x7f1506f1, entry index(1777) is beyond type entryCount(281)
09-02 14:39:22.691  1413  1579 W VideoCapabilities: Unsupported mime video/wvc1
09-02 14:39:22.691  1229  1229 W ResourceType: For resource 0x7f1506f1, entry index(1777) is beyond type entryCount(281)
09-02 14:39:22.691  1229  1229 I chatty  : uid=10158(u0_a158) identical 1 line
09-02 14:39:22.691  1229  1229 W ResourceType: For resource 0x7f1506f1, entry index(1777) is beyond type entryCount(281)
09-02 14:39:22.691  1229  1229 W ResourceType: For resource 0x7f150264, entry index(612) is beyond type entryCount(281)
09-02 14:39:22.691  1229  1229 W ResourceType: For resource 0x7f1506f1, entry index(1777) is beyond type entryCount(281)
09-02 14:39:22.692  1229  1229 I chatty  : uid=10158(u0_a158) identical 11 lines
09-02 14:39:22.692  1229  1229 W ResourceType: For resource 0x7f1506f1, entry index(1777) is beyond type entryCount(281)
09-02 14:39:22.694  1413  1579 W VideoCapabilities: Unsupported mime video/x-ms-wmv
09-02 14:39:22.695  3979  4111 D MdnieScenarioControlService:  packageName : com.opera.browser    className : com.opera.Opera
09-02 14:39:22.695  3979  4111 V MdnieScenarioControlService: setUIMode from UI function(3)
09-02 14:39:22.706  3979  6899 D SSRM:G  : SIOP:: AP = 310, PST = 307 (W:10), BAT = 274, USB = 0, CHG = 0
09-02 14:39:22.711  1413  1579 W VideoCapabilities: Unsupported mime video/x-ms-wmv7
09-02 14:39:22.714  1413  1579 W VideoCapabilities: Unsupported mime video/x-ms-wmv8
09-02 14:39:22.718  1413  1579 W VideoCapabilities: Unsupported mime video/mp43
09-02 14:39:22.739  1229  1229 W ResourceType: For resource 0x7f1504f8, entry index(1272) is beyond type entryCount(281)
09-02 14:39:22.740  1229  1229 W ResourceType: For resource 0x7f150264, entry index(612) is beyond type entryCount(281)
09-02 14:39:22.740  1229  1229 W ResourceType: For resource 0x7f150264, entry index(612) is beyond type entryCount(281)
09-02 14:39:22.740  1229  1229 W ResourceType: For resource 0x7f15050e, entry index(1294) is beyond type entryCount(281)
09-02 14:39:22.740  1229  1229 W ResourceType: For resource 0x7f15061f, entry index(1567) is beyond type entryCount(281)
09-02 14:39:22.740  1229  1229 W ResourceType: For resource 0x7f15061f, entry index(1567) is beyond type entryCount(281)
09-02 14:39:22.740  1229  1229 W ResourceType: For resource 0x7f15058c, entry index(1420) is beyond type entryCount(281)
09-02 14:39:22.740  1229  1229 W ResourceType: For resource 0x7f150590, entry index(1424) is beyond type entryCount(281)
09-02 14:39:22.740  1229  1229 W ResourceType: For resource 0x7f15058e, entry index(1422) is beyond type entryCount(281)
09-02 14:39:22.740  1229  1229 W ResourceType: For resource 0x7f1504c3, entry index(1219) is beyond type entryCount(281)
09-02 14:39:22.740  1229  1229 W ResourceType: For resource 0x7f15059e, entry index(1438) is beyond type entryCount(281)
09-02 14:39:22.740  1229  1229 W ResourceType: For resource 0x7f150282, entry index(642) is beyond type entryCount(281)
09-02 14:39:22.740  1229  1229 W ResourceType: For resource 0x7f1504c3, entry index(1219) is beyond type entryCount(281)
09-02 14:39:22.740  1229  1229 W ResourceType: For resource 0x7f150719, entry index(1817) is beyond type entryCount(281)
09-02 14:39:22.740  1229  1229 W ResourceType: For resource 0x7f150578, entry index(1400) is beyond type entryCount(281)
09-02 14:39:22.740  1229  1229 W ResourceType: For resource 0x7f150284, entry index(644) is beyond type entryCount(281)
09-02 14:39:22.740  1229  1229 W ResourceType: For resource 0x7f150579, entry index(1401) is beyond type entryCount(281)
09-02 14:39:22.741  1229  1229 W ResourceType: For resource 0x7f1505e7, entry index(1511) is beyond type entryCount(281)
09-02 14:39:22.741  1229  1229 W ResourceType: For resource 0x7f15071e, entry index(1822) is beyond type entryCount(281)
09-02 14:39:22.741  1229  1229 I chatty  : uid=10158(u0_a158) identical 2 lines
09-02 14:39:22.741  1229  1229 W ResourceType: For resource 0x7f15071e, entry index(1822) is beyond type entryCount(281)
09-02 14:39:22.741  1229  1229 W ResourceType: For resource 0x7f150580, entry index(1408) is beyond type entryCount(281)
09-02 14:39:22.741  1229  1229 W ResourceType: For resource 0x7f15071e, entry index(1822) is beyond type entryCount(281)
09-02 14:39:22.741  1229  1229 W ResourceType: For resource 0x7f15017b, entry index(379) is beyond type entryCount(281)
09-02 14:39:22.741  1229  1229 W ResourceType: For resource 0x7f150283, entry index(643) is beyond type entryCount(281)
09-02 14:39:22.741  1229  1229 W ResourceType: For resource 0x7f1505a2, entry index(1442) is beyond type entryCount(281)
09-02 14:39:22.741  1229  1229 W ResourceType: For resource 0x7f1506f4, entry index(1780) is beyond type entryCount(281)
09-02 14:39:22.741  1229  1229 W ResourceType: For resource 0x7f150588, entry index(1416) is beyond type entryCount(281)
09-02 14:39:22.741  1229  1229 W ResourceType: For resource 0x7f15059f, entry index(1439) is beyond type entryCount(281)
09-02 14:39:22.741  1229  1229 W ResourceType: For resource 0x7f150649, entry index(1609) is beyond type entryCount(281)
09-02 14:39:22.741  1229  1229 W ResourceType: For resource 0x7f150442, entry index(1090) is beyond type entryCount(281)
09-02 14:39:22.741  1229  1229 W ResourceType: For resource 0x7f150718, entry index(1816) is beyond type entryCount(281)
09-02 14:39:22.741  1229  1229 W ResourceType: For resource 0x7f15017c, entry index(380) is beyond type entryCount(281)
09-02 14:39:22.741  1229  1229 W ResourceType: For resource 0x7f15059d, entry index(1437) is beyond type entryCount(281)
09-02 14:39:22.741  1229  1229 W ResourceType: For resource 0x7f15020a, entry index(522) is beyond type entryCount(281)
09-02 14:39:22.741  1229  1229 W ResourceType: For resource 0x7f150586, entry index(1414) is beyond type entryCount(281)
09-02 14:39:22.741  1229  1229 W ResourceType: For resource 0x7f15071c, entry index(1820) is beyond type entryCount(281)
09-02 14:39:22.741  1229  1229 W ResourceType: For resource 0x7f1502af, entry index(687) is beyond type entryCount(281)
09-02 14:39:22.741  1229  1229 W ResourceType: For resource 0x7f150274, entry index(628) is beyond type entryCount(281)
09-02 14:39:22.741  1229  1229 W ResourceType: For resource 0x7f150244, entry index(580) is beyond type entryCount(281)
09-02 14:39:22.741  1229  1229 W ResourceType: For resource 0x7f150274, entry index(628) is beyond type entryCount(281)
09-02 14:39:22.741  1229  1229 W ResourceType: For resource 0x7f150372, entry index(882) is beyond type entryCount(281)
09-02 14:39:22.741  1229  1229 W ResourceType: For resource 0x7f15035b, entry index(859) is beyond type entryCount(281)
09-02 14:39:22.741  1229  1229 W ResourceType: For resource 0x7f15035c, entry index(860) is beyond type entryCount(281)
09-02 14:39:22.741  1229  1229 W ResourceType: For resource 0x7f1502ad, entry index(685) is beyond type entryCount(281)
09-02 14:39:22.741  1229  1229 W ResourceType: For resource 0x7f150565, entry index(1381) is beyond type entryCount(281)
09-02 14:39:22.741  1229  1229 W ResourceType: For resource 0x7f150567, entry index(1383) is beyond type entryCount(281)
09-02 14:39:22.741  1229  1229 W ResourceType: For resource 0x7f150264, entry index(612) is beyond type entryCount(281)
09-02 14:39:22.741  1229  1229 I chatty  : uid=10158(u0_a158) identical 1 line
09-02 14:39:22.741  1229  1229 W ResourceType: For resource 0x7f150264, entry index(612) is beyond type entryCount(281)
09-02 14:39:22.742  1229  1229 W ResourceType: For resource 0x7f150314, entry index(788) is beyond type entryCount(281)
09-02 14:39:22.742  1229  1229 W ResourceType: For resource 0x7f150264, entry index(612) is beyond type entryCount(281)
09-02 14:39:22.742  1229  1229 I chatty  : uid=10158(u0_a158) identical 1 line
09-02 14:39:22.742  1229  1229 W ResourceType: For resource 0x7f150264, entry index(612) is beyond type entryCount(281)
09-02 14:39:22.743  1229  1229 W ResourceType: For resource 0x7f150314, entry index(788) is beyond type entryCount(281)
09-02 14:39:22.744  1413  1579 W VideoCapabilities: Unrecognized profile 2130706433 for video/avc
09-02 14:39:22.744  1413  1579 W VideoCapabilities: Unrecognized profile 2130706434 for video/avc
09-02 14:39:22.745  1413  1579 W VideoCapabilities: Unrecognized profile 2130706433 for video/avc
09-02 14:39:22.745  1413  1579 W VideoCapabilities: Unrecognized profile 2130706434 for video/avc
09-02 14:39:22.747  1229  1229 W ResourceType: For resource 0x7f150264, entry index(612) is beyond type entryCount(281)
09-02 14:39:22.747  1229  1229 I chatty  : uid=10158(u0_a158) identical 1 line
09-02 14:39:22.747  1229  1229 W ResourceType: For resource 0x7f150264, entry index(612) is beyond type entryCount(281)
09-02 14:39:22.747  1229  1229 W ResourceType: For resource 0x7f150314, entry index(788) is beyond type entryCount(281)
09-02 14:39:22.747  1229  1229 W ResourceType: For resource 0x7f150264, entry index(612) is beyond type entryCount(281)
09-02 14:39:22.747  1229  1229 I chatty  : uid=10158(u0_a158) identical 1 line
09-02 14:39:22.748  1229  1229 W ResourceType: For resource 0x7f150264, entry index(612) is beyond type entryCount(281)
09-02 14:39:22.748  1229  1229 W ResourceType: For resource 0x7f150314, entry index(788) is beyond type entryCount(281)
09-02 14:39:22.748  1229  1229 W ResourceType: For resource 0x7f1506f1, entry index(1777) is beyond type entryCount(281)
09-02 14:39:22.748  1229  1229 I chatty  : uid=10158(u0_a158) identical 2 lines
09-02 14:39:22.748  1229  1229 W ResourceType: For resource 0x7f1506f1, entry index(1777) is beyond type entryCount(281)
09-02 14:39:22.749  1229  1229 W ResourceType: For resource 0x7f150264, entry index(612) is beyond type entryCount(281)
09-02 14:39:22.749  1229  1229 W ResourceType: For resource 0x7f1506f1, entry index(1777) is beyond type entryCount(281)
09-02 14:39:22.749  1229  1229 I chatty  : uid=10158(u0_a158) identical 11 lines
09-02 14:39:22.749  1229  1229 W ResourceType: For resource 0x7f1506f1, entry index(1777) is beyond type entryCount(281)
09-02 14:39:22.751  1229  1229 W ResourceType: For resource 0x7f1504f8, entry index(1272) is beyond type entryCount(281)
09-02 14:39:22.751  1229  1229 W ResourceType: For resource 0x7f150264, entry index(612) is beyond type entryCount(281)
09-02 14:39:22.752  1229  1229 W ResourceType: For resource 0x7f150264, entry index(612) is beyond type entryCount(281)
09-02 14:39:22.752  1229  1229 W ResourceType: For resource 0x7f15050e, entry index(1294) is beyond type entryCount(281)
09-02 14:39:22.752  1229  1229 W ResourceType: For resource 0x7f15061f, entry index(1567) is beyond type entryCount(281)
09-02 14:39:22.752  1229  1229 W ResourceType: For resource 0x7f15061f, entry index(1567) is beyond type entryCount(281)
09-02 14:39:22.752  1229  1229 W ResourceType: For resource 0x7f15058c, entry index(1420) is beyond type entryCount(281)
09-02 14:39:22.752  1229  1229 W ResourceType: For resource 0x7f150590, entry index(1424) is beyond type entryCount(281)
09-02 14:39:22.752  1229  1229 W ResourceType: For resource 0x7f15058e, entry index(1422) is beyond type entryCount(281)
09-02 14:39:22.752  1229  1229 W ResourceType: For resource 0x7f1504c3, entry index(1219) is beyond type entryCount(281)
09-02 14:39:22.752  1229  1229 W ResourceType: For resource 0x7f15059e, entry index(1438) is beyond type entryCount(281)
09-02 14:39:22.752  1229  1229 W ResourceType: For resource 0x7f150282, entry index(642) is beyond type entryCount(281)
09-02 14:39:22.752  1229  1229 W ResourceType: For resource 0x7f1504c3, entry index(1219) is beyond type entryCount(281)
09-02 14:39:22.752  1229  1229 W ResourceType: For resource 0x7f150719, entry index(1817) is beyond type entryCount(281)
09-02 14:39:22.752  1229  1229 W ResourceType: For resource 0x7f150578, entry index(1400) is beyond type entryCount(281)
09-02 14:39:22.752  1229  1229 W ResourceType: For resource 0x7f150284, entry index(644) is beyond type entryCount(281)
09-02 14:39:22.752  1229  1229 W ResourceType: For resource 0x7f150579, entry index(1401) is beyond type entryCount(281)
09-02 14:39:22.752  1229  1229 W ResourceType: For resource 0x7f1505e7, entry index(1511) is beyond type entryCount(281)
09-02 14:39:22.752  1229  1229 W ResourceType: For resource 0x7f15071e, entry index(1822) is beyond type entryCount(281)
09-02 14:39:22.752  1229  1229 I chatty  : uid=10158(u0_a158) identical 2 lines
09-02 14:39:22.752  1229  1229 W ResourceType: For resource 0x7f15071e, entry index(1822) is beyond type entryCount(281)
09-02 14:39:22.752  1229  1229 W ResourceType: For resource 0x7f150580, entry index(1408) is beyond type entryCount(281)
09-02 14:39:22.752  1229  1229 W ResourceType: For resource 0x7f15071e, entry index(1822) is beyond type entryCount(281)
09-02 14:39:22.752  1229  1229 W ResourceType: For resource 0x7f15017b, entry index(379) is beyond type entryCount(281)
09-02 14:39:22.752  1229  1229 W ResourceType: For resource 0x7f150283, entry index(643) is beyond type entryCount(281)
09-02 14:39:22.752  1229  1229 W ResourceType: For resource 0x7f1505a2, entry index(1442) is beyond type entryCount(281)
09-02 14:39:22.752  1229  1229 W ResourceType: For resource 0x7f1506f4, entry index(1780) is beyond type entryCount(281)
09-02 14:39:22.752  1229  1229 W ResourceType: For resource 0x7f150588, entry index(1416) is beyond type entryCount(281)
09-02 14:39:22.752  1229  1229 W ResourceType: For resource 0x7f15059f, entry index(1439) is beyond type entryCount(281)
09-02 14:39:22.752  1229  1229 W ResourceType: For resource 0x7f150649, entry index(1609) is beyond type entryCount(281)
09-02 14:39:22.752  1229  1229 W ResourceType: For resource 0x7f150442, entry index(1090) is beyond type entryCount(281)
09-02 14:39:22.752  1229  1229 W ResourceType: For resource 0x7f150718, entry index(1816) is beyond type entryCount(281)
09-02 14:39:22.752  1229  1229 W ResourceType: For resource 0x7f15017c, entry index(380) is beyond type entryCount(281)
09-02 14:39:22.752  1229  1229 W ResourceType: For resource 0x7f15059d, entry index(1437) is beyond type entryCount(281)
09-02 14:39:22.752  1229  1229 W ResourceType: For resource 0x7f15020a, entry index(522) is beyond type entryCount(281)
09-02 14:39:22.752  1229  1229 W ResourceType: For resource 0x7f150586, entry index(1414) is beyond type entryCount(281)
09-02 14:39:22.752  1229  1229 W ResourceType: For resource 0x7f15071c, entry index(1820) is beyond type entryCount(281)
09-02 14:39:22.753  1229  1229 W ResourceType: For resource 0x7f1502af, entry index(687) is beyond type entryCount(281)
09-02 14:39:22.753  1229  1229 W ResourceType: For resource 0x7f150274, entry index(628) is beyond type entryCount(281)
09-02 14:39:22.753  1229  1229 W ResourceType: For resource 0x7f150244, entry index(580) is beyond type entryCount(281)
09-02 14:39:22.753  1229  1229 W ResourceType: For resource 0x7f150274, entry index(628) is beyond type entryCount(281)
09-02 14:39:22.753  1229  1229 W ResourceType: For resource 0x7f150372, entry index(882) is beyond type entryCount(281)
09-02 14:39:22.753  1229  1229 W ResourceType: For resource 0x7f15035b, entry index(859) is beyond type entryCount(281)
09-02 14:39:22.753  1229  1229 W ResourceType: For resource 0x7f15035c, entry index(860) is beyond type entryCount(281)
09-02 14:39:22.753  1229  1229 W ResourceType: For resource 0x7f1502ad, entry index(685) is beyond type entryCount(281)
09-02 14:39:22.753  1229  1229 W ResourceType: For resource 0x7f150565, entry index(1381) is beyond type entryCount(281)
09-02 14:39:22.753  1229  1229 W ResourceType: For resource 0x7f150567, entry index(1383) is beyond type entryCount(281)
09-02 14:39:22.753  1229  1229 W ResourceType: For resource 0x7f150264, entry index(612) is beyond type entryCount(281)
09-02 14:39:22.753  1229  1229 I chatty  : uid=10158(u0_a158) identical 1 line
09-02 14:39:22.753  1229  1229 W ResourceType: For resource 0x7f150264, entry index(612) is beyond type entryCount(281)
09-02 14:39:22.753  1229  1229 W ResourceType: For resource 0x7f150314, entry index(788) is beyond type entryCount(281)
09-02 14:39:22.754  1229  1229 W ResourceType: For resource 0x7f150264, entry index(612) is beyond type entryCount(281)
09-02 14:39:22.754  1229  1229 I chatty  : uid=10158(u0_a158) identical 1 line
09-02 14:39:22.754  1229  1229 W ResourceType: For resource 0x7f150264, entry index(612) is beyond type entryCount(281)
09-02 14:39:22.754  1229  1229 W ResourceType: For resource 0x7f150314, entry index(788) is beyond type entryCount(281)
09-02 14:39:22.758  1229  1229 W ResourceType: For resource 0x7f150264, entry index(612) is beyond type entryCount(281)
09-02 14:39:22.758  1229  1229 I chatty  : uid=10158(u0_a158) identical 1 line
09-02 14:39:22.758  1229  1229 W ResourceType: For resource 0x7f150264, entry index(612) is beyond type entryCount(281)
09-02 14:39:22.759  1229  1229 W ResourceType: For resource 0x7f150314, entry index(788) is beyond type entryCount(281)
09-02 14:39:22.759  1229  1229 W ResourceType: For resource 0x7f150264, entry index(612) is beyond type entryCount(281)
09-02 14:39:22.759  1229  1229 I chatty  : uid=10158(u0_a158) identical 1 line
09-02 14:39:22.759  1229  1229 W ResourceType: For resource 0x7f150264, entry index(612) is beyond type entryCount(281)
09-02 14:39:22.759  1229  1229 W ResourceType: For resource 0x7f150314, entry index(788) is beyond type entryCount(281)
09-02 14:39:22.759  1229  1229 W ResourceType: For resource 0x7f1506f1, entry index(1777) is beyond type entryCount(281)
09-02 14:39:22.760  1229  1229 I chatty  : uid=10158(u0_a158) identical 2 lines
09-02 14:39:22.760  1229  1229 W ResourceType: For resource 0x7f1506f1, entry index(1777) is beyond type entryCount(281)
09-02 14:39:22.760  1229  1229 W ResourceType: For resource 0x7f150264, entry index(612) is beyond type entryCount(281)
09-02 14:39:22.760  1229  1229 W ResourceType: For resource 0x7f1506f1, entry index(1777) is beyond type entryCount(281)
09-02 14:39:22.761  1229  1229 I chatty  : uid=10158(u0_a158) identical 11 lines
09-02 14:39:22.761  1229  1229 W ResourceType: For resource 0x7f1506f1, entry index(1777) is beyond type entryCount(281)
09-02 14:39:22.767  1229  1229 W ResourceType: For resource 0x7f1504f8, entry index(1272) is beyond type entryCount(281)
