09-02 18:47:19.715  3347  3347 W keymaster2_mdfpp: entered get_key_characteristics function.
09-02 18:47:19.717  3347  3347 W keymaster_tee: [WRN]KEY_PARAMS: AES ENC DEC GCM PADNO AUTH SIZE:256 
09-02 18:47:19.717  3347  3347 W keymaster_tee: [WRN]KEY_PARAMS: 20230902081400 
09-02 18:47:19.717  3347  3347 W keymaster2_mdfpp: exit get_key_characteristics function, returned 0
09-02 18:47:19.719  3347  3347 W keymaster2_mdfpp: entered get_key_characteristics function.
09-02 18:47:19.720  3347  3347 W keymaster_tee: [WRN]KEY_PARAMS: AES ENC DEC GCM PADNO AUTH SIZE:256 
09-02 18:47:19.720  3347  3347 W keymaster_tee: [WRN]KEY_PARAMS: 20230902081400 
09-02 18:47:19.720  3347  3347 W keymaster2_mdfpp: exit get_key_characteristics function, returned 0
09-02 18:47:19.721  3347  3347 W keymaster2_mdfpp: entered begin function.
09-02 18:47:19.722  3347  3347 W keymaster2_mdfpp: exit begin function, returned 0
09-02 18:47:19.723  3347  3347 W keymaster2_mdfpp: entered update function.
09-02 18:47:19.723  8828  8828 I zygote  : no shared libraies, dex_files: 1
09-02 18:47:19.724  3347  3347 W keymaster2_mdfpp: exit update function, returned 0
09-02 18:47:19.724  3347  3347 W keymaster2_mdfpp: entered finish function.
09-02 18:47:19.725  3347  3347 W keymaster2_mdfpp: exit finish function, returned 0
09-02 18:47:19.726  3609  3609 W keystore: ENTER remove operation from uid 10158
09-02 18:47:19.728  3347  3347 W keymaster2_mdfpp: entered get_key_characteristics function.
09-02 18:47:19.729  3347  3347 W keymaster_tee: [WRN]KEY_PARAMS: AES ENC DEC GCM PADNO AUTH SIZE:256 
09-02 18:47:19.729  3347  3347 W keymaster_tee: [WRN]KEY_PARAMS: 20230902081400 
09-02 18:47:19.729  3347  3347 W keymaster2_mdfpp: exit get_key_characteristics function, returned 0
09-02 18:47:19.731  3347  3347 W keymaster2_mdfpp: entered get_key_characteristics function.
09-02 18:47:19.733  3347  3347 W keymaster_tee: [WRN]KEY_PARAMS: AES ENC DEC GCM PADNO AUTH SIZE:256 
09-02 18:47:19.733  3347  3347 W keymaster_tee: [WRN]KEY_PARAMS: 20230902081400 
09-02 18:47:19.733  3347  3347 W keymaster2_mdfpp: exit get_key_characteristics function, returned 0
09-02 18:47:19.734  3347  3347 W keymaster2_mdfpp: entered begin function.
09-02 18:47:19.735  3347  3347 W keymaster2_mdfpp: exit begin function, returned 0
09-02 18:47:19.736  3347  3347 W keymaster2_mdfpp: entered update function.
09-02 18:47:19.737  3347  3347 W keymaster2_mdfpp: exit update function, returned 0
09-02 18:47:19.737  3347  3347 W keymaster2_mdfpp: entered finish function.
09-02 18:47:19.737  8828  8828 W ResourceType: ResTable_typeSpec entry count inconsistent: given 1869, previously 1868
09-02 18:47:19.737  8828  8828 W ResourceType: ResTable_typeSpec entry count inconsistent: given 100, previously 115
09-02 18:47:19.737  8828  8828 W ResourceType: ResTable_typeSpec entry count inconsistent: given 281, previously 1857
09-02 18:47:19.738  3347  3347 W keymaster2_mdfpp: exit finish function, returned 0
09-02 18:47:19.738  3979 14776 W StorageManager: getStorageLowBytes lowPercent : 5, lowBytes : 1260145254, maxLowBytes : 524288000
09-02 18:47:19.739  3609  3609 W keystore: ENTER remove operation from uid 10158
09-02 18:47:19.750  3347  3347 W keymaster2_mdfpp: entered get_key_characteristics function.
09-02 18:47:19.752  3347  3347 W keymaster_tee: [WRN]KEY_PARAMS: AES ENC DEC GCM PADNO AUTH SIZE:256 
09-02 18:47:19.752  3347  3347 W keymaster_tee: [WRN]KEY_PARAMS: 20230902081400 
09-02 18:47:19.752  3347  3347 W keymaster2_mdfpp: exit get_key_characteristics function, returned 0
09-02 18:47:19.754  3347  3347 W keymaster2_mdfpp: entered get_key_characteristics function.
09-02 18:47:19.755  3347  3347 W keymaster_tee: [WRN]KEY_PARAMS: AES ENC DEC GCM PADNO AUTH SIZE:256 
09-02 18:47:19.756  3347  3347 W keymaster_tee: [WRN]KEY_PARAMS: 20230902081400 
09-02 18:47:19.756  3347  3347 W keymaster2_mdfpp: exit get_key_characteristics function, returned 0
09-02 18:47:19.756  3347  3347 W keymaster2_mdfpp: entered begin function.
09-02 18:47:19.757  3347  3347 W keymaster2_mdfpp: exit begin function, returned 0
09-02 18:47:19.758  3347  3347 W keymaster2_mdfpp: entered update function.
09-02 18:47:19.759  3347  3347 W keymaster2_mdfpp: exit update function, returned 0
09-02 18:47:19.760  3347  3347 W keymaster2_mdfpp: entered finish function.
09-02 18:47:19.760  3347  3347 W keymaster2_mdfpp: exit finish function, returned 0
09-02 18:47:19.761  3609  3609 W keystore: ENTER remove operation from uid 10158
09-02 18:47:19.766  3979 14776 D ConnectivityService: filterNetworkStateForUid() uid: 10158 networkInfo: [type: WIFI[] - WIFI, state: CONNECTED/CONNECTED, reason: (unspecified), extra: "WiFi 69", failover: false, available: true, roaming: false, metered: false]
09-02 18:47:19.771  8643  8643 D ConnectivityManager: requestNetwork; CallingUid : 10158, CallingPid : 8643
09-02 18:47:19.772  3979  4668 D ConnectivityService: listenForNetwork for uid/pid:10158/8643 NetworkRequest [ LISTEN id=1242, [ Capabilities: INTERNET&NOT_RESTRICTED&TRUSTED&FOREGROUND] ]
09-02 18:47:19.773  3979  4180 D ConnectivityService: rematching NetworkAgentInfo [WIFI () - 502]
09-02 18:47:19.773  3979  4180 D ConnectivityService:  network has: [ Transports: WIFI Capabilities: NOT_METERED&INTERNET&NOT_RESTRICTED&TRUSTED&NOT_VPN&VALIDATED&FOREGROUND LinkUpBandwidth>=1048576Kbps LinkDnBandwidth>=1048576Kbps SignalStrength: -56]
09-02 18:47:19.773  3979  4180 D ConnectivityService: Network NetworkAgentInfo [WIFI () - 502] was already satisfying request 3. No change.
09-02 18:47:19.773  3979  4180 D ConnectivityService: Network NetworkAgentInfo [WIFI () - 502] was already satisfying request 1191. No change.
09-02 18:47:19.773  3979  4180 D ConnectivityService: Network NetworkAgentInfo [WIFI () - 502] was already satisfying request 1. No change.
09-02 18:47:19.773  3979  4180 D ConnectivityService: Network NetworkAgentInfo [WIFI () - 502] was already satisfying request 140. No change.
09-02 18:47:19.773  3979  4180 D ConnectivityService: sending notification AVAILABLE for NetworkRequest [ LISTEN id=1242, [ Capabilities: INTERNET&NOT_RESTRICTED&TRUSTED&FOREGROUND] ]
09-02 18:47:19.773  3979  4180 D ConnectivityService: sending notification CAP_CHANGED for NetworkRequest [ LISTEN id=1242, [ Capabilities: INTERNET&NOT_RESTRICTED&TRUSTED&FOREGROUND] ]
09-02 18:47:19.773  3979  4668 D ConnectivityService: filterNetworkStateForUid() uid: 10158 networkInfo: [type: WIFI[] - WIFI, state: CONNECTED/CONNECTED, reason: (unspecified), extra: "WiFi 69", failover: false, available: true, roaming: false, metered: false]
09-02 18:47:19.774  3979  4180 D ConnectivityService: sending notification IP_CHANGED for NetworkRequest [ LISTEN id=1242, [ Capabilities: INTERNET&NOT_RESTRICTED&TRUSTED&FOREGROUND] ]
09-02 18:47:19.781  8643  8648 I zygote  : Do full code cache collection, code=121KB, data=112KB
09-02 18:47:19.782  8643  8648 I zygote  : After code cache collection, code=63KB, data=47KB
09-02 18:47:19.782  8643  8648 I zygote  : Compiler allocated 4MB to compile void pr.I0(java.io.DataInputStream, e02, int)
09-02 18:47:19.791  8828  8828 W ResourceType: For resource 0x7f0c0068, entry index(104) is beyond type entryCount(100)
09-02 18:47:19.812  3979 14776 V WindowManager: finishDrawingLocked: mDrawState=COMMIT_DRAW_PENDING Window{85cda05 u0 com.opera.browser/com.opera.Opera} in Surface(name=com.opera.browser/com.opera.Opera)
09-02 18:47:19.813  8643  8643 D ViewRootImpl@8367400[Opera]: MSG_RESIZED_REPORT: frame=Rect(0, 0 - 720, 1280) ci=Rect(0, 42 - 0, 0) vi=Rect(0, 42 - 0, 0) or=1
09-02 18:47:19.813  8643  8643 D ViewRootImpl@8367400[Opera]: MSG_WINDOW_FOCUS_CHANGED 1
09-02 18:47:19.821  3979  4046 D ViewRootImpl@931374a[browser]: dispatchDetachedFromWindow
09-02 18:47:19.821  3979  4046 D InputEventReceiver: channel '60946bb Splash Screen com.opera.browser (client)' ~ Disposing input event receiver.
09-02 18:47:19.821  3979  4046 D InputEventReceiver: channel '60946bb Splash Screen com.opera.browser (client)' ~NativeInputEventReceiver.
09-02 18:47:19.824  3979  3996 D WindowManager: set systemUiVisibility : systemUiFlags= 0x2708 fullscreenStackSysUiFlags= 0x0
09-02 18:47:19.825  8643  8643 V InputMethodManager: Starting input: tba=android.view.inputmethod.EditorInfo@18501ac nm : com.opera.browser ic=null
09-02 18:47:19.825  8643  8643 I InputMethodManager: startInputInner - mService.startInputOrWindowGainedFocus
09-02 18:47:19.825  3979 14776 D InputMethodManagerService: startInputOrWindowGainedFocus : windowGainedFocus 
09-02 18:47:19.826  3979 14776 D InputMethodManagerService: windowGainedFocus: destinationUserId (getCallingUid) = 0
09-02 18:47:19.826  3979 14776 D InputMethodManagerService: windowGainedFocus: currentUserId=0
09-02 18:47:19.826  3979 14776 D InputMethodManagerService: windowGainedFocus: mCurrentFocusedUserId=0
09-02 18:47:19.826  3979 14776 D InputMethodManagerService: windowGainedFocus : lock - currentUserId = 0 destinationUserId = 0
09-02 18:47:19.826  3979 14776 D InputMethodManagerService: windowGainedFocus : mCurrentFocusedUserId - 0 and mSecureKeypadEnabled - false, userSwitched - false
09-02 18:47:19.827  3979 14776 V InputMethodManagerService: windowGainedFocus : reason=WINDOW_FOCUS_GAIN client=android.os.BinderProxy@3e7506f inputContext=null missingMethods= attribute=android.view.inputmethod.EditorInfo@148d236 nm = com.opera.browser controlFlags=#105 softInputMode=#110 windowFlags=#89810100
09-02 18:47:19.827  3979 14776 V InputMethodManagerService: hideCurrentInputLocked : shouldHideSoftInput is false
09-02 18:47:19.827  3979  4004 I ActivityManager: Displayed com.opera.browser/com.opera.Opera: +1s200ms
09-02 18:47:19.828  3979 14776 D InputMethodManagerService: isImeSwitcherDisabledPackage : false
09-02 18:47:19.828  3979 14776 V InputMethodManagerService: Creating new session for client ClientState{b5acaa4 uid 10158 pid 8643}
09-02 18:47:19.829  3979  4004 D CustomFrequencyManagerService: acquireDVFSLockLocked : type : DVFS_MIN_LIMIT  frequency : 1560000  uid : 1000  pid : 3979  pkgName : AMS_RESUME_TAIL@CPU_MIN@14
09-02 18:47:19.830  3979  4004 D ActivityManagerPerformance: AMP_acquire() TAIL
09-02 18:47:19.830  3979  4004 D CustomFrequencyManagerService: releaseDVFSLockLocked : Getting Lock type frm List : DVFS_MIN_LIMIT  frequency : 1560000  uid : 1000  pid : 3979  tag : AMS_APP_SWITCH@CPU_MIN@23
09-02 18:47:19.831  3979  4668 D InputMethodManagerService: setCurrentInputInfo - inputContext : null eidtorInfo : android.view.inputmethod.EditorInfo@148d236 missingMethods : 0
09-02 18:47:19.832  4336  4336 I InputMethodWrapper:  call dispatchStartInputWithToken
09-02 18:47:19.832  3979  4004 D ActivityManagerPerformance: AMP_release() APP_SWITCH
09-02 18:47:19.832  4336  4336 I InputMethodService: dispatchStartInputWithToken
09-02 18:47:19.835  3979  3996 D WindowManager: set systemUiVisibility : systemUiFlags= 0x2708 fullscreenStackSysUiFlags= 0x2000
09-02 18:47:19.836  4336  4336 I SKBD    : SamsungKeypad [IMI] onStartInput - caller pid : 8643, caller uid : 10158
09-02 18:47:19.839  3979 14776 D ConnectivityService: filterNetworkStateForUid() uid: 10158 networkInfo: [type: WIFI[] - WIFI, state: CONNECTED/CONNECTED, reason: (unspecified), extra: "WiFi 69", failover: false, available: true, roaming: false, metered: false]
09-02 18:47:19.840  3979 14776 D ConnectivityService: filterNetworkStateForUid() uid: 10158 networkInfo: [type: WIFI[] - WIFI, state: CONNECTED/CONNECTED, reason: (unspecified), extra: "WiFi 69", failover: false, available: true, roaming: false, metered: false]
09-02 18:47:19.867  3462  3462 I SurfaceFlinger: Display 0 HWC layers:
09-02 18:47:19.867  3462  3462 I SurfaceFlinger:     type    |    handle    | flag |  format   |   source crop (l,t,r,b)    |         frame       | name 
09-02 18:47:19.867  3462  3462 I SurfaceFlinger: ------------+--------------+------+-----------+----------------------------+---------------------+------
09-02 18:47:19.867  3462  3462 I SurfaceFlinger:      Device | 0x7ac4c24a80 | 0002 | RGBA_8888 |   0.0    0.0  720.0 1280.0 |    0    0  720 1280 | com.opera.browser/com.opera.Opera#0
09-02 18:47:19.867  3462  3462 I SurfaceFlinger:      Device | 0x7abe6ac500 | 0002 | RGBA_8888 |   0.0    0.0  720.0 1280.0 |    0    0  720 1280 | Splash Screen com.opera.browser#0
09-02 18:47:19.867  3462  3462 I SurfaceFlinger:      Device | 0x7abe64bd40 | 0000 | RGBA_8888 |   0.0    0.0  720.0   42.0 |    0    0  720   42 | StatusBar#0
09-02 18:47:19.867  3462  3462 I SurfaceFlinger: 
09-02 18:47:19.906  3979  5983 D ConnectivityService: filterNetworkStateForUid() uid: 10025 networkInfo: [type: WIFI[] - WIFI, state: CONNECTED/CONNECTED, reason: (unspecified), extra: "WiFi 69", failover: false, available: true, roaming: false, metered: false]
09-02 18:47:19.908  3979  5983 D SamsungAlarmManager: Cancel Alarm calling from uid:10025 pid :22051 / op:PendingIntent{71a842f: PendingIntentRecord{5eaca3c com.google.android.gms broadcastIntent}}
09-02 18:47:19.910  8643  8643 V InputMethodManager: Starting input: tba=android.view.inputmethod.EditorInfo@b2b84ae nm : com.opera.browser ic=null
09-02 18:47:19.938 10264 30387 W NetworkScheduler: Error inserting period=5591000 preferred_charging_state=1 preferred_network_type=1 target_class=com.google.android.gms.measurement.PackageMeasurementTaskService required_network_type=0 runtime=1693673239932 required_idleness_state=0 source=16 service_kind=0 target_package=com.google.android.gms persistence_level=1 source_version=224312000 last_runtime=0 user_id=0 job_id=-1 requires_charging=0 tag=Measurement.PackageMeasurementTaskService.UPLOAD_TASK_TAG flex_time=2795000 task_type=0 retry_strategy={"maximum_backoff_seconds":{"3600":0},"initial_backoff_seconds":{"30":0},"retry_policy":{"0":0}} [CONTEXT service_id=218 ]
09-02 18:47:19.938 10264 30387 W NetworkScheduler: android.database.sqlite.SQLiteConstraintException: UNIQUE constraint failed: pending_ops.tag, pending_ops.target_class, pending_ops.target_package, pending_ops.user_id (code 2067)
09-02 18:47:19.938 10264 30387 W NetworkScheduler: #################################################################
09-02 18:47:19.938 10264 30387 W NetworkScheduler: Error Code : 2067 (SQLITE_CONSTRAINT_UNIQUE)
09-02 18:47:19.938 10264 30387 W NetworkScheduler: Caused By : Abort due to constraint violation.
09-02 18:47:19.938 10264 30387 W NetworkScheduler: 	(UNIQUE constraint failed: pending_ops.tag, pending_ops.target_class, pending_ops.target_package, pending_ops.user_id (code 2067))
09-02 18:47:19.938 10264 30387 W NetworkScheduler: #################################################################
09-02 18:47:19.938 10264 30387 W NetworkScheduler: 	at android.database.sqlite.SQLiteConnection.nativeExecuteForLastInsertedRowId(Native Method)
09-02 18:47:19.938 10264 30387 W NetworkScheduler: 	at android.database.sqlite.SQLiteConnection.executeForLastInsertedRowId(SQLiteConnection.java:953)
09-02 18:47:19.938 10264 30387 W NetworkScheduler: 	at android.database.sqlite.SQLiteSession.executeForLastInsertedRowId(SQLiteSession.java:788)
09-02 18:47:19.938 10264 30387 W NetworkScheduler: 	at android.database.sqlite.SQLiteStatement.executeInsert(SQLiteStatement.java:86)
09-02 18:47:19.938 10264 30387 W NetworkScheduler: 	at android.database.sqlite.SQLiteDatabase.insertWithOnConflict(SQLiteDatabase.java:1904)
09-02 18:47:19.938 10264 30387 W NetworkScheduler: 	at android.database.sqlite.SQLiteDatabase.insertOrThrow(SQLiteDatabase.java:1797)
09-02 18:47:19.938 10264 30387 W NetworkScheduler: 	at biwz.g(:com.google.android.gms@224312019@22.43.12 (040400-483592595):53)
09-02 18:47:19.938 10264 30387 W NetworkScheduler: 	at bivs.n(:com.google.android.gms@224312019@22.43.12 (040400-483592595):3)
09-02 18:47:19.938 10264 30387 W NetworkScheduler: 	at bivs.u(:com.google.android.gms@224312019@22.43.12 (040400-483592595):20)
09-02 18:47:19.938 10264 30387 W NetworkScheduler: 	at bivs.h(:com.google.android.gms@224312019@22.43.12 (040400-483592595):3)
09-02 18:47:19.938 10264 30387 W NetworkScheduler: 	at birj.run(:com.google.android.gms@224312019@22.43.12 (040400-483592595):9)
09-02 18:47:19.938 10264 30387 W NetworkScheduler: 	at abce.c(:com.google.android.gms@224312019@22.43.12 (040400-483592595):6)
09-02 18:47:19.938 10264 30387 W NetworkScheduler: 	at abce.run(:com.google.android.gms@224312019@22.43.12 (040400-483592595):7)
09-02 18:47:19.938 10264 30387 W NetworkScheduler: 	at java.util.concurrent.ThreadPoolExecutor.runWorker(ThreadPoolExecutor.java:1162)
09-02 18:47:19.938 10264 30387 W NetworkScheduler: 	at java.util.concurrent.ThreadPoolExecutor$Worker.run(ThreadPoolExecutor.java:636)
09-02 18:47:19.938 10264 30387 W NetworkScheduler: 	at abhk.run(:com.google.android.gms@224312019@22.43.12 (040400-483592595):0)
09-02 18:47:19.938 10264 30387 W NetworkScheduler: 	at java.lang.Thread.run(Thread.java:764)
09-02 18:47:19.944  8643  8804 I System.out: (HTTPLog)-Static: isSBSettingEnabled false
09-02 18:47:19.944  8643  8804 I System.out: (HTTPLog)-Static: isSBSettingEnabled false
09-02 18:47:19.946  3614  3927 D DnsProxyListener: DNSDBG::dns addrinfo af 2
09-02 18:47:19.955  8643  8777 I System.out: (HTTPLog)-Static: isSBSettingEnabled false
09-02 18:47:19.955  8643  8777 I System.out: (HTTPLog)-Static: isSBSettingEnabled false
09-02 18:47:19.959  3614  3927 D DnsProxyListener: DNSDBG::dns addrinfo af 2
09-02 18:47:19.960  3979  4637 D ConnectivityService: filterNetworkStateForUid() uid: 10102 networkInfo: [type: WIFI[] - WIFI, state: CONNECTED/CONNECTED, reason: (unspecified), extra: "WiFi 69", failover: false, available: true, roaming: false, metered: false]
09-02 18:47:19.960  3614  3927 D DnsProxyListener: DNSDBG::dns addrinfo af 2
09-02 18:47:19.962  7881  7881 W fb4a.MobileConfigFactoryImpl: SESSIONLESS factory used for 2 param
09-02 18:47:19.964  7881  7881 E fb4a.Execution: Redirecting MSYS Execution scheduling from the UI thread to a custom executor
09-02 18:47:19.992  7881  8551 D omnistore_android_logger: DebouncingRateLimiter attempting event SyncProtocol::onConnectionEstablished
09-02 18:47:19.992  7881  8551 D omnistore_android_logger: AlarmManager::startAlarmTimer for key=SyncProtocol::onConnectionEstablished, it will NOT wake up main thread to reschedule
09-02 18:47:19.992  7881  8551 W omnistore_android_logger: Event SyncProtocol::onConnectionEstablished rate limited for 21875 ms
09-02 18:47:19.992  7881  7881 W fb4a.MobileConfigFactoryImpl: SESSIONLESS factory used for 2 param
09-02 18:47:19.993  7881  7881 E fb4a.Execution: Redirecting MSYS Execution scheduling from the UI thread to a custom executor
09-02 18:47:19.999  3979  4046 I WindowManager: Destroying surface Surface(name=Splash Screen com.opera.browser) called by com.android.server.wm.WindowStateAnimator.destroySurface:2501 com.android.server.wm.WindowStateAnimator.destroySurfaceLocked:985 com.android.server.wm.WindowState.destroyOrSaveSurfaceUnchecked:3671 com.android.server.wm.WindowState.destroySurface:3619 com.android.server.wm.AppWindowToken.destroySurfaces:722 com.android.server.wm.AppWindowToken.destroySurfaces:706 com.android.server.wm.WindowState.onExitAnimationDone:5333 com.android.server.wm.WindowStateAnimator.stepAnimationLocked:550 
09-02 18:47:20.000  3462  4087 I SurfaceFlinger: id=3945 Removed Splash Screen com.opera.browser#0 (3/5)
09-02 18:47:20.000  3462  3462 I SurfaceFlinger: Display 0 HWC layers:
09-02 18:47:20.000  3462  3462 I SurfaceFlinger:     type    |    handle    | flag |  format   |   source crop (l,t,r,b)    |         frame       | name 
09-02 18:47:20.000  3462  3462 I SurfaceFlinger: ------------+--------------+------+-----------+----------------------------+---------------------+------
09-02 18:47:20.000  3462  3462 I SurfaceFlinger:      Device | 0x7ac4c24900 | 0002 | RGBA_8888 |   0.0    0.0  720.0 1280.0 |    0    0  720 1280 | com.opera.browser/com.opera.Opera#0
09-02 18:47:20.000  3462  3462 I SurfaceFlinger:      Device | 0x7ac4c24d80 | 0000 | RGBA_8888 |   0.0    0.0  720.0   42.0 |    0    0  720   42 | StatusBar#0
09-02 18:47:20.000  3462  3462 I SurfaceFlinger: 
09-02 18:47:20.008  8643  8643 W ResourceType: For resource 0x7f1504e5, entry index(1253) is beyond type entryCount(281)
09-02 18:47:20.008  8643  8643 I chatty  : uid=10158(u0_a158) identical 3 lines
09-02 18:47:20.009  8643  8643 W ResourceType: For resource 0x7f1504e5, entry index(1253) is beyond type entryCount(281)
09-02 18:47:20.010  3462  5840 I SurfaceFlinger: id=3945 Removed Splash Screen com.opera.browser#0 (-2/5)
09-02 18:47:20.010  8643  8643 W ResourceType: For resource 0x7f1504e5, entry index(1253) is beyond type entryCount(281)
09-02 18:47:20.011  8643  8643 I chatty  : uid=10158(u0_a158) identical 1 line
09-02 18:47:20.011  8643  8643 W ResourceType: For resource 0x7f1504e5, entry index(1253) is beyond type entryCount(281)
09-02 18:47:20.013  3462  3462 I Layer   : id=3945 onRemoved Splash Screen com.opera.browser#0 
09-02 18:47:20.026  8643  8643 W ResourceType: For resource 0x7f1504e5, entry index(1253) is beyond type entryCount(281)
09-02 18:47:20.029  8643  8643 I chatty  : uid=10158(u0_a158) identical 2 lines
09-02 18:47:20.030  8643  8643 W ResourceType: For resource 0x7f1504e5, entry index(1253) is beyond type entryCount(281)
09-02 18:47:20.031  8643  8643 W ResourceType: For resource 0x7f150574, entry index(1396) is beyond type entryCount(281)
09-02 18:47:20.032  7881  4231 E fb4a.msys: E[N MQTT]readEOF(124)=>TCPStreamTransport readEOF
09-02 18:47:20.032  7881  4231 E fb4a.msys: E[N MQTT]onEOF(699)=>LigerBasedStreamTransport onEOF
09-02 18:47:20.033  7881  7866 E fb4a.FBMsysMqttClientCallbacks: onPublish, onFailure, msgId = 6360, error = 2003
09-02 18:47:20.034  7881  8634 E fb4a.FBMsysMqttClientCallbacks: onPublish, onFailure, msgId = 6359, error = 2003
09-02 18:47:20.035  8643  8643 W ResourceType: For resource 0x7f15050e, entry index(1294) is beyond type entryCount(281)
09-02 18:47:20.035  8643  8643 W ResourceType: For resource 0x7f15061f, entry index(1567) is beyond type entryCount(281)
09-02 18:47:20.035  8643  8643 W ResourceType: For resource 0x7f15061f, entry index(1567) is beyond type entryCount(281)
09-02 18:47:20.035  8643  8643 W ResourceType: For resource 0x7f15058c, entry index(1420) is beyond type entryCount(281)
09-02 18:47:20.035  8643  8643 W ResourceType: For resource 0x7f150590, entry index(1424) is beyond type entryCount(281)
09-02 18:47:20.035  8643  8643 W ResourceType: For resource 0x7f15058e, entry index(1422) is beyond type entryCount(281)
09-02 18:47:20.035  8643  8643 W ResourceType: For resource 0x7f1504c3, entry index(1219) is beyond type entryCount(281)
09-02 18:47:20.035  8643  8643 W ResourceType: For resource 0x7f15059e, entry index(1438) is beyond type entryCount(281)
09-02 18:47:20.035  8643  8643 W ResourceType: For resource 0x7f150282, entry index(642) is beyond type entryCount(281)
09-02 18:47:20.035  8643  8643 W ResourceType: For resource 0x7f1504c3, entry index(1219) is beyond type entryCount(281)
09-02 18:47:20.035  8643  8643 W ResourceType: For resource 0x7f150719, entry index(1817) is beyond type entryCount(281)
09-02 18:47:20.035  8643  8643 W ResourceType: For resource 0x7f150578, entry index(1400) is beyond type entryCount(281)
09-02 18:47:20.036  8643  8643 W ResourceType: For resource 0x7f150284, entry index(644) is beyond type entryCount(281)
09-02 18:47:20.036  8643  8643 W ResourceType: For resource 0x7f150579, entry index(1401) is beyond type entryCount(281)
09-02 18:47:20.036  8643  8643 W ResourceType: For resource 0x7f1505e7, entry index(1511) is beyond type entryCount(281)
09-02 18:47:20.036  8643  8643 W ResourceType: For resource 0x7f15071e, entry index(1822) is beyond type entryCount(281)
09-02 18:47:20.036  8643  8643 I chatty  : uid=10158(u0_a158) identical 2 lines
09-02 18:47:20.036  8643  8643 W ResourceType: For resource 0x7f15071e, entry index(1822) is beyond type entryCount(281)
09-02 18:47:20.036  8643  8643 W ResourceType: For resource 0x7f150580, entry index(1408) is beyond type entryCount(281)
09-02 18:47:20.036  8643  8643 W ResourceType: For resource 0x7f15071e, entry index(1822) is beyond type entryCount(281)
09-02 18:47:20.036  8643  8643 W ResourceType: For resource 0x7f15017b, entry index(379) is beyond type entryCount(281)
09-02 18:47:20.036  8643  8643 W ResourceType: For resource 0x7f150283, entry index(643) is beyond type entryCount(281)
09-02 18:47:20.036  8643  8643 W ResourceType: For resource 0x7f1505a2, entry index(1442) is beyond type entryCount(281)
09-02 18:47:20.036  7881  8634 E fb4a.FBMsysMqttClientCallbacks: onPublish, onFailure, msgId = 6358, error = 2003
09-02 18:47:20.036  8643  8643 W ResourceType: For resource 0x7f1506f4, entry index(1780) is beyond type entryCount(281)
09-02 18:47:20.036  8643  8643 W ResourceType: For resource 0x7f150588, entry index(1416) is beyond type entryCount(281)
09-02 18:47:20.036  8643  8643 W ResourceType: For resource 0x7f15059f, entry index(1439) is beyond type entryCount(281)
09-02 18:47:20.036  8643  8643 W ResourceType: For resource 0x7f150649, entry index(1609) is beyond type entryCount(281)
09-02 18:47:20.036  8643  8643 W ResourceType: For resource 0x7f150442, entry index(1090) is beyond type entryCount(281)
09-02 18:47:20.036  8643  8643 W ResourceType: For resource 0x7f150718, entry index(1816) is beyond type entryCount(281)
09-02 18:47:20.036  8643  8643 W ResourceType: For resource 0x7f15017c, entry index(380) is beyond type entryCount(281)
09-02 18:47:20.036  8643  8643 W ResourceType: For resource 0x7f15059d, entry index(1437) is beyond type entryCount(281)
09-02 18:47:20.036  8643  8643 W ResourceType: For resource 0x7f15020a, entry index(522) is beyond type entryCount(281)
09-02 18:47:20.036  8643  8643 W ResourceType: For resource 0x7f150586, entry index(1414) is beyond type entryCount(281)
09-02 18:47:20.036  8643  8643 W ResourceType: For resource 0x7f15071c, entry index(1820) is beyond type entryCount(281)
09-02 18:47:20.036  8643  8643 W ResourceType: For resource 0x7f1502af, entry index(687) is beyond type entryCount(281)
09-02 18:47:20.036  8643  8643 W ResourceType: For resource 0x7f150274, entry index(628) is beyond type entryCount(281)
09-02 18:47:20.036  8643  8643 W ResourceType: For resource 0x7f150244, entry index(580) is beyond type entryCount(281)
09-02 18:47:20.036  8643  8643 W ResourceType: For resource 0x7f150274, entry index(628) is beyond type entryCount(281)
09-02 18:47:20.036  8643  8643 W ResourceType: For resource 0x7f150372, entry index(882) is beyond type entryCount(281)
09-02 18:47:20.036  8643  8643 W ResourceType: For resource 0x7f15035b, entry index(859) is beyond type entryCount(281)
09-02 18:47:20.036  8643  8643 W ResourceType: For resource 0x7f15035c, entry index(860) is beyond type entryCount(281)
09-02 18:47:20.036  8643  8643 W ResourceType: For resource 0x7f1502ad, entry index(685) is beyond type entryCount(281)
09-02 18:47:20.036  8643  8643 W ResourceType: For resource 0x7f150565, entry index(1381) is beyond type entryCount(281)
09-02 18:47:20.036  8643  8643 W ResourceType: For resource 0x7f150567, entry index(1383) is beyond type entryCount(281)
09-02 18:47:20.037  7881  4225 E fb4a.msys: E[N rtchannel]_rt_mqtt_publish_callback(430)=>Failed to publish the request over MQTT (possible duplicate log). token:436c9bbb-6057-4b21-90dd-e0f4e56f6ecb, category:mcd-sync-data-task-category, requestId:15975, error:Error Domain=mqtt Code=2003 UserInfo=0xc91e2a00 {MCFErrorDirectLocalizedFailureReasonKey=2003, MCFErrorDirectDescriptionKey=2003}
09-02 18:47:20.037  7881  4225 E fb4a.msys: E[N rtchannel]_rt_mqtt_publish_callback(430)=>Failed to publish the request over MQTT (possible duplicate log). token:be3c7b11-ca73-4da5-b3ff-1b514f540622, category:mcd-sync-data-task-category, requestId:23831, error:Error Domain=mqtt Code=2003 UserInfo=0xba67ec00 {MCFErrorDirectLocalizedFailureReasonKey=2003, MCFErrorDirectDescriptionKey=2003}
09-02 18:47:20.038  7881  8634 E fb4a.FBMsysMqttClientCallbacks: onPublish, onFailure, msgId = 6357, error = 2003
09-02 18:47:20.046  8643  8643 W ResourceType: For resource 0x7f1504e5, entry index(1253) is beyond type entryCount(281)
09-02 18:47:20.046  8643  8643 W ResourceType: For resource 0x7f1504e5, entry index(1253) is beyond type entryCount(281)
09-02 18:47:20.046  7881  4229 E fb4a.msys: E[S sync]_createResponseError(195)=>Network Response 436c9bbb-6057-4b21-90dd-e0f4e56f6ecb contains sync error Error Domain=mqtt Code=2003 UserInfo=0xc91e2a00 {MCFErrorDirectLocalizedFailureReasonKey=2003, MCFErrorDirectDescriptionKey=2003} - Underlying error (null): Error Domain=mqtt Code=2003 UserInfo=0xc91e2a00 {MCFErrorDirectLocalizedFailureReasonKey=2003, MCFErrorDirectDescriptionKey=2003}
09-02 18:47:20.050  3979  4637 D ConnectivityService: filterNetworkStateForUid() uid: 10102 networkInfo: [type: WIFI[] - WIFI, state: CONNECTED/CONNECTED, reason: (unspecified), extra: "WiFi 69", failover: false, available: true, roaming: false, metered: false]
09-02 18:47:20.050  8643  8643 W ResourceType: For resource 0x7f1504e5, entry index(1253) is beyond type entryCount(281)
09-02 18:47:20.051  8643  8643 W ResourceType: For resource 0x7f1504e5, entry index(1253) is beyond type entryCount(281)
09-02 18:47:20.052  7881  7881 W fb4a.MobileConfigFactoryImpl: SESSIONLESS factory used for 2 param
09-02 18:47:20.053  7881  7881 E fb4a.Execution: Redirecting MSYS Execution scheduling from the UI thread to a custom executor
09-02 18:47:20.053  8643  8643 W ResourceType: For resource 0x7f15050e, entry index(1294) is beyond type entryCount(281)
09-02 18:47:20.053  8643  8643 W ResourceType: For resource 0x7f15061f, entry index(1567) is beyond type entryCount(281)
09-02 18:47:20.053  8643  8643 W ResourceType: For resource 0x7f15061f, entry index(1567) is beyond type entryCount(281)
09-02 18:47:20.053  8643  8643 W ResourceType: For resource 0x7f15058c, entry index(1420) is beyond type entryCount(281)
09-02 18:47:20.053  8643  8643 W ResourceType: For resource 0x7f150590, entry index(1424) is beyond type entryCount(281)
09-02 18:47:20.053  8643  8643 W ResourceType: For resource 0x7f15058e, entry index(1422) is beyond type entryCount(281)
09-02 18:47:20.053  8643  8643 W ResourceType: For resource 0x7f1504c3, entry index(1219) is beyond type entryCount(281)
09-02 18:47:20.053  8643  8643 W ResourceType: For resource 0x7f15059e, entry index(1438) is beyond type entryCount(281)
09-02 18:47:20.053  8643  8643 W ResourceType: For resource 0x7f150282, entry index(642) is beyond type entryCount(281)
09-02 18:47:20.053  8643  8643 W ResourceType: For resource 0x7f1504c3, entry index(1219) is beyond type entryCount(281)
09-02 18:47:20.053  8643  8643 W ResourceType: For resource 0x7f150719, entry index(1817) is beyond type entryCount(281)
09-02 18:47:20.053  8643  8643 W ResourceType: For resource 0x7f150578, entry index(1400) is beyond type entryCount(281)
09-02 18:47:20.053  8643  8643 W ResourceType: For resource 0x7f150284, entry index(644) is beyond type entryCount(281)
09-02 18:47:20.053  8643  8643 W ResourceType: For resource 0x7f150579, entry index(1401) is beyond type entryCount(281)
09-02 18:47:20.053  8643  8643 W ResourceType: For resource 0x7f1505e7, entry index(1511) is beyond type entryCount(281)
09-02 18:47:20.053  8643  8643 W ResourceType: For resource 0x7f15071e, entry index(1822) is beyond type entryCount(281)
09-02 18:47:20.053  8643  8643 I chatty  : uid=10158(u0_a158) identical 2 lines
09-02 18:47:20.053  8643  8643 W ResourceType: For resource 0x7f15071e, entry index(1822) is beyond type entryCount(281)
09-02 18:47:20.053  8643  8643 W ResourceType: For resource 0x7f150580, entry index(1408) is beyond type entryCount(281)
09-02 18:47:20.053  8643  8643 W ResourceType: For resource 0x7f15071e, entry index(1822) is beyond type entryCount(281)
09-02 18:47:20.053  8643  8643 W ResourceType: For resource 0x7f15017b, entry index(379) is beyond type entryCount(281)
09-02 18:47:20.053  8643  8643 W ResourceType: For resource 0x7f150283, entry index(643) is beyond type entryCount(281)
09-02 18:47:20.053  8643  8643 W ResourceType: For resource 0x7f1505a2, entry index(1442) is beyond type entryCount(281)
09-02 18:47:20.053  8643  8643 W ResourceType: For resource 0x7f1506f4, entry index(1780) is beyond type entryCount(281)
09-02 18:47:20.053  8643  8643 W ResourceType: For resource 0x7f150588, entry index(1416) is beyond type entryCount(281)
09-02 18:47:20.053  8643  8643 W ResourceType: For resource 0x7f15059f, entry index(1439) is beyond type entryCount(281)
09-02 18:47:20.053  8643  8643 W ResourceType: For resource 0x7f150649, entry index(1609) is beyond type entryCount(281)
09-02 18:47:20.053  8643  8643 W ResourceType: For resource 0x7f150442, entry index(1090) is beyond type entryCount(281)
09-02 18:47:20.053  8643  8643 W ResourceType: For resource 0x7f150718, entry index(1816) is beyond type entryCount(281)
09-02 18:47:20.053  8643  8643 W ResourceType: For resource 0x7f15017c, entry index(380) is beyond type entryCount(281)
09-02 18:47:20.053  8643  8643 W ResourceType: For resource 0x7f15059d, entry index(1437) is beyond type entryCount(281)
09-02 18:47:20.053  8643  8643 W ResourceType: For resource 0x7f15020a, entry index(522) is beyond type entryCount(281)
09-02 18:47:20.053  8643  8643 W ResourceType: For resource 0x7f150586, entry index(1414) is beyond type entryCount(281)
09-02 18:47:20.053  8643  8643 W ResourceType: For resource 0x7f15071c, entry index(1820) is beyond type entryCount(281)
09-02 18:47:20.053  8643  8643 W ResourceType: For resource 0x7f1502af, entry index(687) is beyond type entryCount(281)
09-02 18:47:20.053  8643  8643 W ResourceType: For resource 0x7f150274, entry index(628) is beyond type entryCount(281)
09-02 18:47:20.053  8643  8643 W ResourceType: For resource 0x7f150244, entry index(580) is beyond type entryCount(281)
09-02 18:47:20.053  8643  8643 W ResourceType: For resource 0x7f150274, entry index(628) is beyond type entryCount(281)
09-02 18:47:20.053  8643  8643 W ResourceType: For resource 0x7f150372, entry index(882) is beyond type entryCount(281)
09-02 18:47:20.053  8643  8643 W ResourceType: For resource 0x7f15035b, entry index(859) is beyond type entryCount(281)
09-02 18:47:20.053  8643  8643 W ResourceType: For resource 0x7f15035c, entry index(860) is beyond type entryCount(281)
09-02 18:47:20.054  8643  8643 W ResourceType: For resource 0x7f1502ad, entry index(685) is beyond type entryCount(281)
09-02 18:47:20.054  8643  8643 W ResourceType: For resource 0x7f150565, entry index(1381) is beyond type entryCount(281)
09-02 18:47:20.054  8643  8643 W ResourceType: For resource 0x7f150567, entry index(1383) is beyond type entryCount(281)
09-02 18:47:20.059  8643  8643 W ResourceType: For resource 0x7f150552, entry index(1362) is beyond type entryCount(281)
09-02 18:47:20.060  8643  8643 I chatty  : uid=10158(u0_a158) identical 3 lines
09-02 18:47:20.060  8643  8643 W ResourceType: For resource 0x7f150552, entry index(1362) is beyond type entryCount(281)
09-02 18:47:20.061  8643  8643 W ResourceType: For resource 0x7f1504e5, entry index(1253) is beyond type entryCount(281)
09-02 18:47:20.063  8643  8643 I chatty  : uid=10158(u0_a158) identical 2 lines
09-02 18:47:20.064  8643  8643 W ResourceType: For resource 0x7f1504e5, entry index(1253) is beyond type entryCount(281)
09-02 18:47:20.066  7881  4229 E fb4a.msys: E[S sync]_createResponseError(195)=>Network Response be3c7b11-ca73-4da5-b3ff-1b514f540622 contains sync error Error Domain=mqtt Code=2003 UserInfo=0xba67ec00 {MCFErrorDirectLocalizedFailureReasonKey=2003, MCFErrorDirectDescriptionKey=2003} - Underlying error (null): Error Domain=mqtt Code=2003 UserInfo=0xba67ec00 {MCFErrorDirectLocalizedFailureReasonKey=2003, MCFErrorDirectDescriptionKey=2003}
09-02 18:47:20.072  8643  8643 W ResourceType: For resource 0x7f1506f4, entry index(1780) is beyond type entryCount(281)
09-02 18:47:20.072  8643  8643 W ResourceType: For resource 0x7f150587, entry index(1415) is beyond type entryCount(281)
09-02 18:47:20.072  8643  8643 W ResourceType: For resource 0x7f15011b, entry index(283) is beyond type entryCount(281)
09-02 18:47:20.073  8643  8643 W ResourceType: For resource 0x7f150241, entry index(577) is beyond type entryCount(281)
09-02 18:47:20.073  8643  8643 W ResourceType: For resource 0x7f150241, entry index(577) is beyond type entryCount(281)
09-02 18:47:20.075  8643  8643 W ResourceType: For resource 0x7f15050e, entry index(1294) is beyond type entryCount(281)
09-02 18:47:20.076  8643  8643 W ResourceType: For resource 0x7f15061f, entry index(1567) is beyond type entryCount(281)
09-02 18:47:20.076  8643  8643 W ResourceType: For resource 0x7f15061f, entry index(1567) is beyond type entryCount(281)
09-02 18:47:20.076  8643  8643 W ResourceType: For resource 0x7f15058c, entry index(1420) is beyond type entryCount(281)
09-02 18:47:20.076  8643  8643 W ResourceType: For resource 0x7f150590, entry index(1424) is beyond type entryCount(281)
09-02 18:47:20.076  8643  8643 W ResourceType: For resource 0x7f15058e, entry index(1422) is beyond type entryCount(281)
09-02 18:47:20.076  8643  8643 W ResourceType: For resource 0x7f1504c3, entry index(1219) is beyond type entryCount(281)
09-02 18:47:20.076  8643  8643 W ResourceType: For resource 0x7f15059e, entry index(1438) is beyond type entryCount(281)
09-02 18:47:20.076  8643  8643 W ResourceType: For resource 0x7f150282, entry index(642) is beyond type entryCount(281)
09-02 18:47:20.076  8643  8643 W ResourceType: For resource 0x7f1504c3, entry index(1219) is beyond type entryCount(281)
09-02 18:47:20.076  8643  8643 W ResourceType: For resource 0x7f150719, entry index(1817) is beyond type entryCount(281)
09-02 18:47:20.076  8643  8643 W ResourceType: For resource 0x7f150578, entry index(1400) is beyond type entryCount(281)
09-02 18:47:20.076  8643  8643 W ResourceType: For resource 0x7f150284, entry index(644) is beyond type entryCount(281)
09-02 18:47:20.076  8643  8643 W ResourceType: For resource 0x7f150579, entry index(1401) is beyond type entryCount(281)
09-02 18:47:20.076  8643  8643 W ResourceType: For resource 0x7f1505e7, entry index(1511) is beyond type entryCount(281)
09-02 18:47:20.076  8643  8643 W ResourceType: For resource 0x7f15071e, entry index(1822) is beyond type entryCount(281)
09-02 18:47:20.076  8643  8643 I chatty  : uid=10158(u0_a158) identical 2 lines
09-02 18:47:20.076  8643  8643 W ResourceType: For resource 0x7f15071e, entry index(1822) is beyond type entryCount(281)
09-02 18:47:20.076  8643  8643 W ResourceType: For resource 0x7f150580, entry index(1408) is beyond type entryCount(281)
09-02 18:47:20.076  8643  8643 W ResourceType: For resource 0x7f15071e, entry index(1822) is beyond type entryCount(281)
09-02 18:47:20.076  8643  8643 W ResourceType: For resource 0x7f15017b, entry index(379) is beyond type entryCount(281)
09-02 18:47:20.076  8643  8643 W ResourceType: For resource 0x7f150283, entry index(643) is beyond type entryCount(281)
09-02 18:47:20.076  8643  8643 W ResourceType: For resource 0x7f1505a2, entry index(1442) is beyond type entryCount(281)
09-02 18:47:20.076  8643  8643 W ResourceType: For resource 0x7f1506f4, entry index(1780) is beyond type entryCount(281)
09-02 18:47:20.076  8643  8643 W ResourceType: For resource 0x7f150588, entry index(1416) is beyond type entryCount(281)
09-02 18:47:20.076  8643  8643 W ResourceType: For resource 0x7f15059f, entry index(1439) is beyond type entryCount(281)
09-02 18:47:20.076  8643  8643 W ResourceType: For resource 0x7f150649, entry index(1609) is beyond type entryCount(281)
09-02 18:47:20.076  8643  8643 W ResourceType: For resource 0x7f150442, entry index(1090) is beyond type entryCount(281)
09-02 18:47:20.076  8643  8643 W ResourceType: For resource 0x7f150718, entry index(1816) is beyond type entryCount(281)
09-02 18:47:20.076  8643  8643 W ResourceType: For resource 0x7f15017c, entry index(380) is beyond type entryCount(281)
09-02 18:47:20.076  8643  8643 W ResourceType: For resource 0x7f15059d, entry index(1437) is beyond type entryCount(281)
09-02 18:47:20.076  8643  8643 W ResourceType: For resource 0x7f15020a, entry index(522) is beyond type entryCount(281)
09-02 18:47:20.076  8643  8643 W ResourceType: For resource 0x7f150586, entry index(1414) is beyond type entryCount(281)
09-02 18:47:20.076  8643  8643 W ResourceType: For resource 0x7f15071c, entry index(1820) is beyond type entryCount(281)
09-02 18:47:20.076  8643  8643 W ResourceType: For resource 0x7f1502af, entry index(687) is beyond type entryCount(281)
09-02 18:47:20.076  8643  8643 W ResourceType: For resource 0x7f150274, entry index(628) is beyond type entryCount(281)
09-02 18:47:20.076  8643  8643 W ResourceType: For resource 0x7f150244, entry index(580) is beyond type entryCount(281)
09-02 18:47:20.076  8643  8643 W ResourceType: For resource 0x7f150274, entry index(628) is beyond type entryCount(281)
09-02 18:47:20.076  8643  8643 W ResourceType: For resource 0x7f150372, entry index(882) is beyond type entryCount(281)
09-02 18:47:20.076  8643  8643 W ResourceType: For resource 0x7f15035b, entry index(859) is beyond type entryCount(281)
09-02 18:47:20.076  8643  8643 W ResourceType: For resource 0x7f15035c, entry index(860) is beyond type entryCount(281)
09-02 18:47:20.076  8643  8643 W ResourceType: For resource 0x7f1502ad, entry index(685) is beyond type entryCount(281)
09-02 18:47:20.076  8643  8643 W ResourceType: For resource 0x7f150565, entry index(1381) is beyond type entryCount(281)
09-02 18:47:20.076  8643  8643 W ResourceType: For resource 0x7f150567, entry index(1383) is beyond type entryCount(281)
09-02 18:47:20.076  8643  8643 W ResourceType: For resource 0x7f150241, entry index(577) is beyond type entryCount(281)
09-02 18:47:20.076  8643  8643 I chatty  : uid=10158(u0_a158) identical 2 lines
09-02 18:47:20.077  8643  8643 W ResourceType: For resource 0x7f150241, entry index(577) is beyond type entryCount(281)
09-02 18:47:20.079  8643  8643 W ResourceType: For resource 0x7f1506f4, entry index(1780) is beyond type entryCount(281)
09-02 18:47:20.079  8643  8643 W ResourceType: For resource 0x7f1506f4, entry index(1780) is beyond type entryCount(281)
09-02 18:47:20.079  8643  8643 W ResourceType: For resource 0x7f150241, entry index(577) is beyond type entryCount(281)
09-02 18:47:20.079  8643  8643 W ResourceType: For resource 0x7f1506f4, entry index(1780) is beyond type entryCount(281)
09-02 18:47:20.080  8643  8643 I chatty  : uid=10158(u0_a158) identical 2 lines
09-02 18:47:20.080  8643  8643 W ResourceType: For resource 0x7f1506f4, entry index(1780) is beyond type entryCount(281)
09-02 18:47:20.082  8643  8643 W ResourceType: For resource 0x7f1502d5, entry index(725) is beyond type entryCount(281)
09-02 18:47:20.084  8643  8648 I zygote  : Do partial code cache collection, code=92KB, data=88KB
09-02 18:47:20.085  8643  8648 I zygote  : After code cache collection, code=91KB, data=87KB
09-02 18:47:20.085  8643  8648 I zygote  : Increasing code cache capacity to 512KB
09-02 18:47:20.085  8643  8648 I zygote  : Compiler allocated 5MB to compile void pr.w2(java.io.DataOutputStream, in)
09-02 18:47:20.087  8643  8643 W ResourceType: For resource 0x7f1502d5, entry index(725) is beyond type entryCount(281)
09-02 18:47:20.087  8643  8643 I chatty  : uid=10158(u0_a158) identical 2 lines
09-02 18:47:20.087  8643  8643 W ResourceType: For resource 0x7f1502d5, entry index(725) is beyond type entryCount(281)
09-02 18:47:20.095  8643  8643 W ResourceType: For resource 0x7f1504e5, entry index(1253) is beyond type entryCount(281)
09-02 18:47:20.096  8643  8643 I chatty  : uid=10158(u0_a158) identical 2 lines
09-02 18:47:20.098  8643  8643 W ResourceType: For resource 0x7f1504e5, entry index(1253) is beyond type entryCount(281)
09-02 18:47:20.107  8643  8643 W ResourceType: For resource 0x7f15027b, entry index(635) is beyond type entryCount(281)
09-02 18:47:20.107  8643  8643 W ResourceType: For resource 0x7f15027b, entry index(635) is beyond type entryCount(281)
09-02 18:47:20.107  8643  8643 W ResourceType: For resource 0x7f150278, entry index(632) is beyond type entryCount(281)
09-02 18:47:20.107  8643  8643 W ResourceType: For resource 0x7f1503d6, entry index(982) is beyond type entryCount(281)
09-02 18:47:20.107  8643  8643 W ResourceType: For resource 0x7f1503c1, entry index(961) is beyond type entryCount(281)
09-02 18:47:20.107  8643  8643 W ResourceType: For resource 0x7f15035f, entry index(863) is beyond type entryCount(281)
09-02 18:47:20.108  8643  8643 W ResourceType: For resource 0x7f15027b, entry index(635) is beyond type entryCount(281)
09-02 18:47:20.109  8643  8643 W ResourceType: For resource 0x7f15050e, entry index(1294) is beyond type entryCount(281)
09-02 18:47:20.109  8643  8643 W ResourceType: For resource 0x7f15061f, entry index(1567) is beyond type entryCount(281)
09-02 18:47:20.109  8643  8643 W ResourceType: For resource 0x7f15061f, entry index(1567) is beyond type entryCount(281)
09-02 18:47:20.109  8643  8643 W ResourceType: For resource 0x7f15058c, entry index(1420) is beyond type entryCount(281)
09-02 18:47:20.109  8643  8643 W ResourceType: For resource 0x7f150590, entry index(1424) is beyond type entryCount(281)
09-02 18:47:20.109  8643  8643 W ResourceType: For resource 0x7f15058e, entry index(1422) is beyond type entryCount(281)
09-02 18:47:20.109  8643  8643 W ResourceType: For resource 0x7f1504c3, entry index(1219) is beyond type entryCount(281)
09-02 18:47:20.109  8643  8643 W ResourceType: For resource 0x7f15059e, entry index(1438) is beyond type entryCount(281)
09-02 18:47:20.109  8643  8643 W ResourceType: For resource 0x7f150282, entry index(642) is beyond type entryCount(281)
09-02 18:47:20.109  8643  8643 W ResourceType: For resource 0x7f1504c3, entry index(1219) is beyond type entryCount(281)
09-02 18:47:20.109  8643  8643 W ResourceType: For resource 0x7f150719, entry index(1817) is beyond type entryCount(281)
09-02 18:47:20.109  8643  8643 W ResourceType: For resource 0x7f150578, entry index(1400) is beyond type entryCount(281)
09-02 18:47:20.109  8643  8643 W ResourceType: For resource 0x7f150284, entry index(644) is beyond type entryCount(281)
09-02 18:47:20.109  8643  8643 W ResourceType: For resource 0x7f150579, entry index(1401) is beyond type entryCount(281)
09-02 18:47:20.109  8643  8643 W ResourceType: For resource 0x7f1505e7, entry index(1511) is beyond type entryCount(281)
09-02 18:47:20.109  8643  8643 W ResourceType: For resource 0x7f15071e, entry index(1822) is beyond type entryCount(281)
09-02 18:47:20.109  8643  8643 I chatty  : uid=10158(u0_a158) identical 2 lines
09-02 18:47:20.109  8643  8643 W ResourceType: For resource 0x7f15071e, entry index(1822) is beyond type entryCount(281)
09-02 18:47:20.109  8643  8643 W ResourceType: For resource 0x7f150580, entry index(1408) is beyond type entryCount(281)
09-02 18:47:20.109  8643  8643 W ResourceType: For resource 0x7f15071e, entry index(1822) is beyond type entryCount(281)
09-02 18:47:20.109  8643  8643 W ResourceType: For resource 0x7f15017b, entry index(379) is beyond type entryCount(281)
09-02 18:47:20.109  8643  8643 W ResourceType: For resource 0x7f150283, entry index(643) is beyond type entryCount(281)
09-02 18:47:20.110  8643  8643 W ResourceType: For resource 0x7f1505a2, entry index(1442) is beyond type entryCount(281)
09-02 18:47:20.110  8643  8643 W ResourceType: For resource 0x7f1506f4, entry index(1780) is beyond type entryCount(281)
09-02 18:47:20.110  8643  8643 W ResourceType: For resource 0x7f150588, entry index(1416) is beyond type entryCount(281)
09-02 18:47:20.110  8643  8643 W ResourceType: For resource 0x7f15059f, entry index(1439) is beyond type entryCount(281)
09-02 18:47:20.110  8643  8643 W ResourceType: For resource 0x7f150649, entry index(1609) is beyond type entryCount(281)
09-02 18:47:20.110  8643  8643 W ResourceType: For resource 0x7f150442, entry index(1090) is beyond type entryCount(281)
09-02 18:47:20.110  8643  8643 W ResourceType: For resource 0x7f150718, entry index(1816) is beyond type entryCount(281)
09-02 18:47:20.110  8643  8643 W ResourceType: For resource 0x7f15017c, entry index(380) is beyond type entryCount(281)
09-02 18:47:20.110  8643  8643 W ResourceType: For resource 0x7f15059d, entry index(1437) is beyond type entryCount(281)
09-02 18:47:20.110  8643  8643 W ResourceType: For resource 0x7f15020a, entry index(522) is beyond type entryCount(281)
09-02 18:47:20.110  8643  8643 W ResourceType: For resource 0x7f150586, entry index(1414) is beyond type entryCount(281)
09-02 18:47:20.110  8643  8643 W ResourceType: For resource 0x7f15071c, entry index(1820) is beyond type entryCount(281)
09-02 18:47:20.110  8643  8643 W ResourceType: For resource 0x7f1502af, entry index(687) is beyond type entryCount(281)
09-02 18:47:20.110  8643  8643 W ResourceType: For resource 0x7f150274, entry index(628) is beyond type entryCount(281)
09-02 18:47:20.110  8643  8643 W ResourceType: For resource 0x7f150244, entry index(580) is beyond type entryCount(281)
09-02 18:47:20.110  8643  8643 W ResourceType: For resource 0x7f150274, entry index(628) is beyond type entryCount(281)
09-02 18:47:20.110  8643  8643 W ResourceType: For resource 0x7f150372, entry index(882) is beyond type entryCount(281)
09-02 18:47:20.110  8643  8643 W ResourceType: For resource 0x7f15035b, entry index(859) is beyond type entryCount(281)
09-02 18:47:20.110  8643  8643 W ResourceType: For resource 0x7f15035c, entry index(860) is beyond type entryCount(281)
09-02 18:47:20.110  8643  8643 W ResourceType: For resource 0x7f1502ad, entry index(685) is beyond type entryCount(281)
09-02 18:47:20.110  8643  8643 W ResourceType: For resource 0x7f150565, entry index(1381) is beyond type entryCount(281)
