09-02 18:50:24.684 10130 10291 D mali_winsys: EGLint new_window_surface(egl_winsys_display *, void *, EGLSurface, EGLConfig, egl_winsys_surface **, egl_color_buffer_format *, EGLBoolean) returns 0x3000,  [720x1280]-format:1
09-02 18:50:24.684 10130 10291 D OpenGLRenderer: eglCreateWindowSurface = 0xbe6f9960
09-02 18:50:24.688  7881  7903 W ResourceType: ResTable_typeSpec entry count inconsistent: given 77, previously 79
09-02 18:50:24.689  7881  7903 W ResourceType: ResTable_typeSpec entry count inconsistent: given 3309, previously 3332
09-02 18:50:24.689  7881  7903 W ResourceType: ResTable_typeSpec entry count inconsistent: given 518, previously 4352
09-02 18:50:24.696  3979  3994 D ConnectivityService: filterNetworkStateForUid() uid: 1000 networkInfo: [type: WIFI[] - WIFI, state: CONNECTED/CONNECTED, reason: (unspecified), extra: "WiFi 69", failover: false, available: true, roaming: false, metered: false]
09-02 18:50:24.702  3979  8178 D ConnectivityService: filterNetworkStateForUid() uid: 10158 networkInfo: [type: WIFI[] - WIFI, state: CONNECTED/CONNECTED, reason: (unspecified), extra: "WiFi 69", failover: false, available: true, roaming: false, metered: false]
09-02 18:50:24.703  3979  3989 D ConnectivityService: filterNetworkStateForUid() uid: 10158 networkInfo: [type: WIFI[] - WIFI, state: CONNECTED/CONNECTED, reason: (unspecified), extra: "WiFi 69", failover: false, available: true, roaming: false, metered: false]
09-02 18:50:24.704  3979  3989 D ConnectivityService: filterNetworkStateForUid() uid: 10158 networkInfo: [type: WIFI[] - WIFI, state: CONNECTED/CONNECTED, reason: (unspecified), extra: "WiFi 69", failover: false, available: true, roaming: false, metered: false]
09-02 18:50:24.706  3979  8178 V BackupManagerService: ... getCurrentTransport() returning com.google.android.gms/.backup.BackupTransportService
09-02 18:50:24.706 10130 10242 E [Leanplum][ERROR]: No variable values were received from the server. Please contact us to investigate.
09-02 18:50:24.712  3979  3989 D ConnectivityService: filterNetworkStateForUid() uid: 10158 networkInfo: [type: WIFI[] - WIFI, state: CONNECTED/CONNECTED, reason: (unspecified), extra: "WiFi 69", failover: false, available: true, roaming: false, metered: false]
09-02 18:50:24.716  3979  5968 D ConnectivityService: filterNetworkStateForUid() uid: 10158 networkInfo: [type: WIFI[] - WIFI, state: CONNECTED/CONNECTED, reason: (unspecified), extra: "WiFi 69", failover: false, available: true, roaming: false, metered: false]
09-02 18:50:24.716 10264 10609 I Backup  : [GmsBackupAccountManager] Backup account not found in gmscore.
09-02 18:50:24.718 10130 10135 I zygote  : Do full code cache collection, code=120KB, data=111KB
09-02 18:50:24.719 10130 10135 I zygote  : After code cache collection, code=73KB, data=61KB
09-02 18:50:24.719 10130 10135 I zygote  : Compiler allocated 5MB to compile void pr.w2(java.io.DataOutputStream, in)
09-02 18:50:24.721  3979  5968 D ConnectivityService: filterNetworkStateForUid() uid: 10158 networkInfo: [type: WIFI[] - WIFI, state: CONNECTED/CONNECTED, reason: (unspecified), extra: "WiFi 69", failover: false, available: true, roaming: false, metered: false]
09-02 18:50:24.730  3979  6264 W StorageManager: getStorageLowBytes lowPercent : 5, lowBytes : 1260145254, maxLowBytes : 524288000
09-02 18:50:24.734  3979  4373 D SamsungAlarmManager: setInexact Intent (T:3/F:0/AC:false) 20330830T185024 - CU:10025/CP:10264
09-02 18:50:24.738 10264 10333 W ChimeraUtils: Module com.google.android.gms.backup_base has empty metadata display_name_string_id
09-02 18:50:24.746  3979  8178 D ConnectivityService: filterNetworkStateForUid() uid: 10158 networkInfo: [type: WIFI[] - WIFI, state: CONNECTED/CONNECTED, reason: (unspecified), extra: "WiFi 69", failover: false, available: true, roaming: false, metered: false]
09-02 18:50:24.747  3979  5968 D ConnectivityService: filterNetworkStateForUid() uid: 10158 networkInfo: [type: WIFI_P2P[] - WIFI_P2P, state: UNKNOWN/IDLE, reason: (unspecified), extra: (none), failover: false, available: true, roaming: false, metered: false]
09-02 18:50:24.747  3979  5968 V BackupManagerService: ... getCurrentTransport() returning com.google.android.gms/.backup.BackupTransportService
09-02 18:50:24.747  3979  6264 D ConnectivityService: filterNetworkStateForUid() uid: 10158 networkInfo: [type: WIFI[] - WIFI, state: CONNECTED/CONNECTED, reason: (unspecified), extra: "WiFi 69", failover: false, available: true, roaming: false, metered: false]
09-02 18:50:24.751  3979  4373 D StorageManagerService: getExternalStorageMountMode : 1
09-02 18:50:24.751  3979  4373 D StorageManagerService: getExternalStorageMountMode : 3
09-02 18:50:24.751  3979  4373 D StorageManagerService: getExternalStorageMountMode : final mountMode=1, uid : 10158, packageName : com.opera.browser
09-02 18:50:24.752  3979  4373 I ApplicationPolicy: isApplicationExternalStorageWhitelisted:com.opera.browser user:0
09-02 18:50:24.752  3979  4373 D ApplicationPolicy: isApplicationExternalStorageWhitelisted: DO is not enabled on user 0. Allowed.
09-02 18:50:24.752  3979  4373 D ActivityManager: package  com.opera.browser, user - 0 is SDcard whitelisted
09-02 18:50:24.752  3979  4373 I ApplicationPolicy: isApplicationExternalStorageBlacklisted:com.opera.browser user:0
09-02 18:50:24.752  3979  4373 D ApplicationPolicy: isApplicationExternalStorageBlacklisted: DO is not enabled on user 0. Allowed.
09-02 18:50:24.764  3979  4373 I ActivityManager: Start proc 10343:com.opera.browser:privileged_process0/u0a158 for service com.opera.browser/com.opera.android.browser.chromium.services.PrivilegedProcessService0
09-02 18:50:24.764  3979  8178 D ActivityManager: The following uid has registered to recieve broadcast for proxy related updates 10158
09-02 18:50:24.764  3979  8178 W ContextImpl: Calling a method in the system process without a qualified user: android.app.ContextImpl.sendBroadcast:971 com.android.server.am.ActivityManagerService.requestKnoxVpnToSendProxyBroadcast:29502 com.android.server.am.ActivityManagerService.registerReceiver:23187 android.app.IActivityManager$Stub.onTransact:176 com.android.server.am.ActivityManagerService.onTransact:3862 
09-02 18:50:24.764 10343 10343 E Zygote  : isWhitelistProcess - Process is Whitelisted
09-02 18:50:24.765 10343 10343 E libpersona: scanKnoxPersonas
09-02 18:50:24.765 10343 10343 E libpersona: Couldn't open the File - /data/system/users/0/personalist.xml - No such file or directory
09-02 18:50:24.771  3979  3979 D KnoxVpnEngineService: Vpn Receiver : com.samsung.android.knox.intent.action.VPN_PROXY_BROADCAST_INTERNAL
09-02 18:50:24.771  3979  4130 I KnoxVpnEngineService: vpn handle : Message received
09-02 18:50:24.772 10343 10343 W SELinux : SELinux selinux_android_compute_policy_index : Policy Index[2],  Con:u:r:zygote:s0 RAM:SEPF_SM-J720F_8.0.0_0017, [-1 -1 -1 -1 0 1]
09-02 18:50:24.773 10343 10343 I SELinux : SELinux: seapp_context_lookup: seinfo=untrusted, level=s0:c512,c768, pkgname=com.opera.browser:privileged_process0 
09-02 18:50:24.776 10264 10609 I Backup  : [GmsBackupAccountManager] Backup account not found in gmscore.
09-02 18:50:24.784  3347  3347 W keymaster2_mdfpp: entered get_key_characteristics function.
09-02 18:50:24.784 10264 10333 W ChimeraUtils: Module com.google.android.gms.backup_base has empty metadata display_name_string_id
09-02 18:50:24.785 22051 20163 I BlockstoreE2ESync: no backup account found. [CONTEXT service_id=258 ]
09-02 18:50:24.786  3347  3347 W keymaster_tee: [WRN]KEY_PARAMS: AES ENC DEC GCM PADNO AUTH SIZE:256 
09-02 18:50:24.786  3347  3347 W keymaster_tee: [WRN]KEY_PARAMS: 20230902081400 
09-02 18:50:24.786  3347  3347 W keymaster2_mdfpp: exit get_key_characteristics function, returned 0
09-02 18:50:24.792  3347  3347 W keymaster2_mdfpp: entered get_key_characteristics function.
09-02 18:50:24.794  3347  3347 W keymaster_tee: [WRN]KEY_PARAMS: AES ENC DEC GCM PADNO AUTH SIZE:256 
09-02 18:50:24.794  3347  3347 W keymaster_tee: [WRN]KEY_PARAMS: 20230902081400 
09-02 18:50:24.794  3347  3347 W keymaster2_mdfpp: exit get_key_characteristics function, returned 0
09-02 18:50:24.795  3347  3347 W keymaster2_mdfpp: entered begin function.
09-02 18:50:24.796  3347  3347 W keymaster2_mdfpp: exit begin function, returned 0
09-02 18:50:24.798  3347  3347 W keymaster2_mdfpp: entered update function.
09-02 18:50:24.799  3347  3347 W keymaster2_mdfpp: exit update function, returned 0
09-02 18:50:24.800  3347  3347 W keymaster2_mdfpp: entered finish function.
09-02 18:50:24.800  3347  3347 W keymaster2_mdfpp: exit finish function, returned 0
09-02 18:50:24.801  3609  3609 W keystore: ENTER remove operation from uid 10158
09-02 18:50:24.803  3347  3347 W keymaster2_mdfpp: entered get_key_characteristics function.
09-02 18:50:24.804 10343 10343 D TimaKeyStoreProvider: TimaKeyStore is not enabled: cannot add TimaSignature Service and generateKeyPair Service
09-02 18:50:24.805  3347  3347 W keymaster_tee: [WRN]KEY_PARAMS: AES ENC DEC GCM PADNO AUTH SIZE:256 
09-02 18:50:24.805 10343 10343 D ActivityThread: Added TimaKeyStore provider
09-02 18:50:24.805  3347  3347 W keymaster_tee: [WRN]KEY_PARAMS: 20230902081400 
09-02 18:50:24.805  3347  3347 W keymaster2_mdfpp: exit get_key_characteristics function, returned 0
09-02 18:50:24.807  3979  5968 W StorageManager: getStorageLowBytes lowPercent : 5, lowBytes : 1260145254, maxLowBytes : 524288000
09-02 18:50:24.807  3347  3347 W keymaster2_mdfpp: entered get_key_characteristics function.
09-02 18:50:24.808  3979  5968 I ActivityManager: DSS on for com.opera.browser and scale is 1.0
09-02 18:50:24.808  3347  3347 W keymaster_tee: [WRN]KEY_PARAMS: AES ENC DEC GCM PADNO AUTH SIZE:256 
09-02 18:50:24.808  3347  3347 W keymaster_tee: [WRN]KEY_PARAMS: 20230902081400 
09-02 18:50:24.809  3347  3347 W keymaster2_mdfpp: exit get_key_characteristics function, returned 0
09-02 18:50:24.809  3347  3347 W keymaster2_mdfpp: entered begin function.
09-02 18:50:24.811  3347  3347 W keymaster2_mdfpp: exit begin function, returned 0
09-02 18:50:24.811  3347  3347 W keymaster2_mdfpp: entered update function.
09-02 18:50:24.812  3347  3347 W keymaster2_mdfpp: exit update function, returned 0
09-02 18:50:24.813  3347  3347 W keymaster2_mdfpp: entered finish function.
09-02 18:50:24.814  3347  3347 W keymaster2_mdfpp: exit finish function, returned 0
09-02 18:50:24.814  3609  3609 W keystore: ENTER remove operation from uid 10158
09-02 18:50:24.816  3347  3347 W keymaster2_mdfpp: entered get_key_characteristics function.
09-02 18:50:24.817  3347  3347 W keymaster_tee: [WRN]KEY_PARAMS: AES ENC DEC GCM PADNO AUTH SIZE:256 
09-02 18:50:24.817  3347  3347 W keymaster_tee: [WRN]KEY_PARAMS: 20230902081400 
09-02 18:50:24.817  3347  3347 W keymaster2_mdfpp: exit get_key_characteristics function, returned 0
09-02 18:50:24.819  3347  3347 W keymaster2_mdfpp: entered get_key_characteristics function.
09-02 18:50:24.820  3347  3347 W keymaster_tee: [WRN]KEY_PARAMS: AES ENC DEC GCM PADNO AUTH SIZE:256 
09-02 18:50:24.820  3347  3347 W keymaster_tee: [WRN]KEY_PARAMS: 20230902081400 
09-02 18:50:24.820  3347  3347 W keymaster2_mdfpp: exit get_key_characteristics function, returned 0
09-02 18:50:24.821  3347  3347 W keymaster2_mdfpp: entered begin function.
09-02 18:50:24.822  3347  3347 W keymaster2_mdfpp: exit begin function, returned 0
09-02 18:50:24.823  3347  3347 W keymaster2_mdfpp: entered update function.
09-02 18:50:24.823 10343 10343 I zygote  : no shared libraies, dex_files: 1
09-02 18:50:24.823  3347  3347 W keymaster2_mdfpp: exit update function, returned 0
09-02 18:50:24.824  3347  3347 W keymaster2_mdfpp: entered finish function.
09-02 18:50:24.825  3347  3347 W keymaster2_mdfpp: exit finish function, returned 0
09-02 18:50:24.825  3609  3609 W keystore: ENTER remove operation from uid 10158
09-02 18:50:24.832  3347  3347 W keymaster2_mdfpp: entered get_key_characteristics function.
09-02 18:50:24.833 10343 10343 W ResourceType: ResTable_typeSpec entry count inconsistent: given 1869, previously 1868
09-02 18:50:24.833 10343 10343 W ResourceType: ResTable_typeSpec entry count inconsistent: given 100, previously 115
09-02 18:50:24.833 10343 10343 W ResourceType: ResTable_typeSpec entry count inconsistent: given 281, previously 1857
09-02 18:50:24.834  3347  3347 W keymaster_tee: [WRN]KEY_PARAMS: AES ENC DEC GCM PADNO AUTH SIZE:256 
09-02 18:50:24.834  3347  3347 W keymaster_tee: [WRN]KEY_PARAMS: 20230902081400 
09-02 18:50:24.834  3347  3347 W keymaster2_mdfpp: exit get_key_characteristics function, returned 0
09-02 18:50:24.841  3347  3347 W keymaster2_mdfpp: entered get_key_characteristics function.
09-02 18:50:24.842  3347  3347 W keymaster_tee: [WRN]KEY_PARAMS: AES ENC DEC GCM PADNO AUTH SIZE:256 
09-02 18:50:24.843  3347  3347 W keymaster_tee: [WRN]KEY_PARAMS: 20230902081400 
09-02 18:50:24.843  3347  3347 W keymaster2_mdfpp: exit get_key_characteristics function, returned 0
09-02 18:50:24.843  3347  3347 W keymaster2_mdfpp: entered begin function.
09-02 18:50:24.845  3347  3347 W keymaster2_mdfpp: exit begin function, returned 0
09-02 18:50:24.847  3347  3347 W keymaster2_mdfpp: entered update function.
09-02 18:50:24.847  3347  3347 W keymaster2_mdfpp: exit update function, returned 0
09-02 18:50:24.848  3347  3347 W keymaster2_mdfpp: entered finish function.
09-02 18:50:24.849  3347  3347 W keymaster2_mdfpp: exit finish function, returned 0
09-02 18:50:24.850  3609  3609 W keystore: ENTER remove operation from uid 10158
09-02 18:50:24.852  3979  5968 D ConnectivityService: filterNetworkStateForUid() uid: 10158 networkInfo: [type: WIFI[] - WIFI, state: CONNECTED/CONNECTED, reason: (unspecified), extra: "WiFi 69", failover: false, available: true, roaming: false, metered: false]
09-02 18:50:24.858 10130 10130 D ConnectivityManager: requestNetwork; CallingUid : 10158, CallingPid : 10130
09-02 18:50:24.859  3979  5968 D ConnectivityService: listenForNetwork for uid/pid:10158/10130 NetworkRequest [ LISTEN id=1246, [ Capabilities: INTERNET&NOT_RESTRICTED&TRUSTED&FOREGROUND] ]
09-02 18:50:24.860  3979  4180 D ConnectivityService: rematching NetworkAgentInfo [WIFI () - 502]
09-02 18:50:24.860  3979  4180 D ConnectivityService:  network has: [ Transports: WIFI Capabilities: NOT_METERED&INTERNET&NOT_RESTRICTED&TRUSTED&NOT_VPN&VALIDATED&FOREGROUND LinkUpBandwidth>=1048576Kbps LinkDnBandwidth>=1048576Kbps SignalStrength: -56]
09-02 18:50:24.860  3979  4180 D ConnectivityService: Network NetworkAgentInfo [WIFI () - 502] was already satisfying request 3. No change.
09-02 18:50:24.861  3979  4180 D ConnectivityService: Network NetworkAgentInfo [WIFI () - 502] was already satisfying request 1191. No change.
09-02 18:50:24.861  3979  4180 D ConnectivityService: Network NetworkAgentInfo [WIFI () - 502] was already satisfying request 1. No change.
09-02 18:50:24.861  3979  5968 D ConnectivityService: filterNetworkStateForUid() uid: 10158 networkInfo: [type: WIFI[] - WIFI, state: CONNECTED/CONNECTED, reason: (unspecified), extra: "WiFi 69", failover: false, available: true, roaming: false, metered: false]
09-02 18:50:24.861  3979  4180 D ConnectivityService: Network NetworkAgentInfo [WIFI () - 502] was already satisfying request 140. No change.
09-02 18:50:24.861  3979  4180 D ConnectivityService: sending notification AVAILABLE for NetworkRequest [ LISTEN id=1246, [ Capabilities: INTERNET&NOT_RESTRICTED&TRUSTED&FOREGROUND] ]
09-02 18:50:24.862  3979  4180 D ConnectivityService: sending notification CAP_CHANGED for NetworkRequest [ LISTEN id=1246, [ Capabilities: INTERNET&NOT_RESTRICTED&TRUSTED&FOREGROUND] ]
09-02 18:50:24.862  3979  4180 D ConnectivityService: sending notification IP_CHANGED for NetworkRequest [ LISTEN id=1246, [ Capabilities: INTERNET&NOT_RESTRICTED&TRUSTED&FOREGROUND] ]
09-02 18:50:24.882 10343 10343 W ResourceType: For resource 0x7f0c0068, entry index(104) is beyond type entryCount(100)
09-02 18:50:24.885  3979  5968 W StorageManager: getStorageLowBytes lowPercent : 5, lowBytes : 1260145254, maxLowBytes : 524288000
09-02 18:50:24.886 10130 10135 I zygote  : Do partial code cache collection, code=95KB, data=75KB
09-02 18:50:24.887 10130 10135 I zygote  : After code cache collection, code=82KB, data=70KB
09-02 18:50:24.887 10130 10135 I zygote  : Increasing code cache capacity to 512KB
09-02 18:50:24.887 10130 10135 I zygote  : Compiler allocated 4MB to compile void pr.I0(java.io.DataInputStream, e02, int)
09-02 18:50:24.903  3979  5968 V WindowManager: finishDrawingLocked: mDrawState=COMMIT_DRAW_PENDING Window{111f92c u0 com.opera.browser/com.opera.Opera} in Surface(name=com.opera.browser/com.opera.Opera)
09-02 18:50:24.904 10130 10130 D ViewRootImpl@775c294[Opera]: MSG_RESIZED_REPORT: frame=Rect(0, 0 - 720, 1280) ci=Rect(0, 42 - 0, 0) vi=Rect(0, 42 - 0, 0) or=1
09-02 18:50:24.905 10130 10130 D ViewRootImpl@775c294[Opera]: MSG_WINDOW_FOCUS_CHANGED 1
09-02 18:50:24.910  3979  4046 D ViewRootImpl@9a926a5[browser]: dispatchDetachedFromWindow
09-02 18:50:24.910  3979  4046 D InputEventReceiver: channel 'f69ea7a Splash Screen com.opera.browser (client)' ~ Disposing input event receiver.
09-02 18:50:24.910  3979  4046 D InputEventReceiver: channel 'f69ea7a Splash Screen com.opera.browser (client)' ~NativeInputEventReceiver.
09-02 18:50:24.916 10130 10130 V InputMethodManager: Starting input: tba=android.view.inputmethod.EditorInfo@dc7fa03 nm : com.opera.browser ic=null
09-02 18:50:24.916 10130 10130 I InputMethodManager: startInputInner - mService.startInputOrWindowGainedFocus
09-02 18:50:24.917  3979  4373 D InputMethodManagerService: startInputOrWindowGainedFocus : windowGainedFocus 
09-02 18:50:24.917  3979  4373 D InputMethodManagerService: windowGainedFocus: destinationUserId (getCallingUid) = 0
09-02 18:50:24.917  3979  4373 D InputMethodManagerService: windowGainedFocus: currentUserId=0
09-02 18:50:24.917  3979  4373 D InputMethodManagerService: windowGainedFocus: mCurrentFocusedUserId=0
09-02 18:50:24.917  3979  4373 D InputMethodManagerService: windowGainedFocus : lock - currentUserId = 0 destinationUserId = 0
09-02 18:50:24.918  3979  4373 D InputMethodManagerService: windowGainedFocus : mCurrentFocusedUserId - 0 and mSecureKeypadEnabled - false, userSwitched - false
09-02 18:50:24.921  3979  3996 D WindowManager: set systemUiVisibility : systemUiFlags= 0x2708 fullscreenStackSysUiFlags= 0x0
09-02 18:50:24.924  3979  4373 V InputMethodManagerService: windowGainedFocus : reason=WINDOW_FOCUS_GAIN client=android.os.BinderProxy@9046b7e inputContext=null missingMethods= attribute=android.view.inputmethod.EditorInfo@f03c0c1 nm = com.opera.browser controlFlags=#105 softInputMode=#110 windowFlags=#89810100
09-02 18:50:24.924  3979  4373 V InputMethodManagerService: hideCurrentInputLocked : shouldHideSoftInput is false
09-02 18:50:24.924  3979  4373 D InputMethodManagerService: isImeSwitcherDisabledPackage : false
09-02 18:50:24.925  3979  4373 V InputMethodManagerService: Creating new session for client ClientState{f9a1066 uid 10158 pid 10130}
09-02 18:50:24.927  3979  4004 I ActivityManager: Displayed com.opera.browser/com.opera.Opera: +1s136ms
09-02 18:50:24.928  3979  4373 D InputMethodManagerService: setCurrentInputInfo - inputContext : null eidtorInfo : android.view.inputmethod.EditorInfo@f03c0c1 missingMethods : 0
09-02 18:50:24.931  4336  4336 I InputMethodWrapper:  call dispatchStartInputWithToken
09-02 18:50:24.931  4336  4336 I InputMethodService: dispatchStartInputWithToken
09-02 18:50:24.932  4336  4336 I SKBD    : SamsungKeypad [IMI] onStartInput - caller pid : 10130, caller uid : 10158
09-02 18:50:24.941  3979  4004 D CustomFrequencyManagerService: acquireDVFSLockLocked : type : DVFS_MIN_LIMIT  frequency : 1560000  uid : 1000  pid : 3979  pkgName : AMS_RESUME_TAIL@CPU_MIN@14
09-02 18:50:24.941  3979  4004 D ActivityManagerPerformance: AMP_acquire() TAIL
09-02 18:50:24.942  3979  4004 D CustomFrequencyManagerService: releaseDVFSLockLocked : Getting Lock type frm List : DVFS_MIN_LIMIT  frequency : 1560000  uid : 1000  pid : 3979  tag : AMS_APP_SWITCH@CPU_MIN@23
09-02 18:50:24.942  3979  4004 D ActivityManagerPerformance: AMP_release() APP_SWITCH
09-02 18:50:24.950  3979  3996 D WindowManager: set systemUiVisibility : systemUiFlags= 0x2708 fullscreenStackSysUiFlags= 0x2000
09-02 18:50:24.951  3979  5968 D ConnectivityService: filterNetworkStateForUid() uid: 10158 networkInfo: [type: WIFI[] - WIFI, state: CONNECTED/CONNECTED, reason: (unspecified), extra: "WiFi 69", failover: false, available: true, roaming: false, metered: false]
09-02 18:50:24.952  3979  3989 D ConnectivityService: filterNetworkStateForUid() uid: 10158 networkInfo: [type: WIFI[] - WIFI, state: CONNECTED/CONNECTED, reason: (unspecified), extra: "WiFi 69", failover: false, available: true, roaming: false, metered: false]
09-02 18:50:24.973  3462  3462 I SurfaceFlinger: Display 0 HWC layers:
09-02 18:50:24.973  3462  3462 I SurfaceFlinger:     type    |    handle    | flag |  format   |   source crop (l,t,r,b)    |         frame       | name 
09-02 18:50:24.973  3462  3462 I SurfaceFlinger: ------------+--------------+------+-----------+----------------------------+---------------------+------
09-02 18:50:24.973  3462  3462 I SurfaceFlinger:      Client | 0x7abe6ac500 | 0002 | RGBA_8888 |   0.0    0.0  720.0 1280.0 |    0    0  720 1280 | com.opera.browser/com.opera.Opera#0
09-02 18:50:24.973  3462  3462 I SurfaceFlinger:      Client | 0x7abe64bf80 | 0002 | RGBA_8888 |   0.0    0.0  720.0 1280.0 |    0    0  720 1280 | Splash Screen com.opera.browser#0
09-02 18:50:24.973  3462  3462 I SurfaceFlinger:      Client | 0x7ac4c24d80 | 0000 | RGBA_8888 |   0.0    0.0  720.0   42.0 |    0    0  720   42 | StatusBar#0
09-02 18:50:24.973  3462  3462 I SurfaceFlinger: 
09-02 18:50:25.015  3979  5968 D ConnectivityService: filterNetworkStateForUid() uid: 10025 networkInfo: [type: WIFI[] - WIFI, state: CONNECTED/CONNECTED, reason: (unspecified), extra: "WiFi 69", failover: false, available: true, roaming: false, metered: false]
09-02 18:50:25.017  3979  5968 D SamsungAlarmManager: Cancel Alarm calling from uid:10025 pid :22051 / op:PendingIntent{650c63e: PendingIntentRecord{5eaca3c com.google.android.gms broadcastIntent}}
09-02 18:50:25.043 10264  9136 W NetworkScheduler: Error inserting period=5221000 preferred_charging_state=1 preferred_network_type=1 target_class=com.google.android.gms.measurement.PackageMeasurementTaskService required_network_type=0 runtime=1693673425039 required_idleness_state=0 source=16 service_kind=0 target_package=com.google.android.gms persistence_level=1 source_version=224312000 last_runtime=0 user_id=0 job_id=-1 requires_charging=0 tag=Measurement.PackageMeasurementTaskService.UPLOAD_TASK_TAG flex_time=2610000 task_type=0 retry_strategy={"maximum_backoff_seconds":{"3600":0},"initial_backoff_seconds":{"30":0},"retry_policy":{"0":0}} [CONTEXT service_id=218 ]
09-02 18:50:25.043 10264  9136 W NetworkScheduler: android.database.sqlite.SQLiteConstraintException: UNIQUE constraint failed: pending_ops.tag, pending_ops.target_class, pending_ops.target_package, pending_ops.user_id (code 2067)
09-02 18:50:25.043 10264  9136 W NetworkScheduler: #################################################################
09-02 18:50:25.043 10264  9136 W NetworkScheduler: Error Code : 2067 (SQLITE_CONSTRAINT_UNIQUE)
09-02 18:50:25.043 10264  9136 W NetworkScheduler: Caused By : Abort due to constraint violation.
09-02 18:50:25.043 10264  9136 W NetworkScheduler: 	(UNIQUE constraint failed: pending_ops.tag, pending_ops.target_class, pending_ops.target_package, pending_ops.user_id (code 2067))
09-02 18:50:25.043 10264  9136 W NetworkScheduler: #################################################################
09-02 18:50:25.043 10264  9136 W NetworkScheduler: 	at android.database.sqlite.SQLiteConnection.nativeExecuteForLastInsertedRowId(Native Method)
09-02 18:50:25.043 10264  9136 W NetworkScheduler: 	at android.database.sqlite.SQLiteConnection.executeForLastInsertedRowId(SQLiteConnection.java:953)
09-02 18:50:25.043 10264  9136 W NetworkScheduler: 	at android.database.sqlite.SQLiteSession.executeForLastInsertedRowId(SQLiteSession.java:788)
09-02 18:50:25.043 10264  9136 W NetworkScheduler: 	at android.database.sqlite.SQLiteStatement.executeInsert(SQLiteStatement.java:86)
09-02 18:50:25.043 10264  9136 W NetworkScheduler: 	at android.database.sqlite.SQLiteDatabase.insertWithOnConflict(SQLiteDatabase.java:1904)
09-02 18:50:25.043 10264  9136 W NetworkScheduler: 	at android.database.sqlite.SQLiteDatabase.insertOrThrow(SQLiteDatabase.java:1797)
09-02 18:50:25.043 10264  9136 W NetworkScheduler: 	at biwz.g(:com.google.android.gms@224312019@22.43.12 (040400-483592595):53)
09-02 18:50:25.043 10264  9136 W NetworkScheduler: 	at bivs.n(:com.google.android.gms@224312019@22.43.12 (040400-483592595):3)
09-02 18:50:25.043 10264  9136 W NetworkScheduler: 	at bivs.u(:com.google.android.gms@224312019@22.43.12 (040400-483592595):20)
09-02 18:50:25.043 10264  9136 W NetworkScheduler: 	at bivs.h(:com.google.android.gms@224312019@22.43.12 (040400-483592595):3)
09-02 18:50:25.043 10264  9136 W NetworkScheduler: 	at birj.run(:com.google.android.gms@224312019@22.43.12 (040400-483592595):9)
09-02 18:50:25.043 10264  9136 W NetworkScheduler: 	at abce.c(:com.google.android.gms@224312019@22.43.12 (040400-483592595):6)
09-02 18:50:25.043 10264  9136 W NetworkScheduler: 	at abce.run(:com.google.android.gms@224312019@22.43.12 (040400-483592595):7)
09-02 18:50:25.043 10264  9136 W NetworkScheduler: 	at java.util.concurrent.ThreadPoolExecutor.runWorker(ThreadPoolExecutor.java:1162)
09-02 18:50:25.043 10264  9136 W NetworkScheduler: 	at java.util.concurrent.ThreadPoolExecutor$Worker.run(ThreadPoolExecutor.java:636)
09-02 18:50:25.043 10264  9136 W NetworkScheduler: 	at abhk.run(:com.google.android.gms@224312019@22.43.12 (040400-483592595):0)
09-02 18:50:25.043 10264  9136 W NetworkScheduler: 	at java.lang.Thread.run(Thread.java:764)
09-02 18:50:25.079 10130 10130 V InputMethodManager: Starting input: tba=android.view.inputmethod.EditorInfo@9b656b0 nm : com.opera.browser ic=null
09-02 18:50:25.079  3979  4046 I WindowManager: Destroying surface Surface(name=Splash Screen com.opera.browser) called by com.android.server.wm.WindowStateAnimator.destroySurface:2501 com.android.server.wm.WindowStateAnimator.destroySurfaceLocked:985 com.android.server.wm.WindowState.destroyOrSaveSurfaceUnchecked:3671 com.android.server.wm.WindowState.destroySurface:3619 com.android.server.wm.AppWindowToken.destroySurfaces:722 com.android.server.wm.AppWindowToken.destroySurfaces:706 com.android.server.wm.WindowState.onExitAnimationDone:5333 com.android.server.wm.WindowStateAnimator.stepAnimationLocked:550 
09-02 18:50:25.080  3462  4748 I SurfaceFlinger: id=3963 Removed Splash Screen com.opera.browser#0 (3/5)
09-02 18:50:25.095  3462  3462 I Layer   : id=3963 onRemoved Splash Screen com.opera.browser#0 
09-02 18:50:25.101  3462  3462 I SurfaceFlinger: Display 0 HWC layers:
09-02 18:50:25.101  3462  3462 I SurfaceFlinger:     type    |    handle    | flag |  format   |   source crop (l,t,r,b)    |         frame       | name 
09-02 18:50:25.101  3462  3462 I SurfaceFlinger: ------------+--------------+------+-----------+----------------------------+---------------------+------
09-02 18:50:25.101  3462  3462 I SurfaceFlinger:      Device | 0x7ac0b8f040 | 0002 | RGBA_8888 |   0.0    0.0  720.0 1280.0 |    0    0  720 1280 | com.opera.browser/com.opera.Opera#0
09-02 18:50:25.101  3462  3462 I SurfaceFlinger:      Device | 0x7abe64bd40 | 0000 | RGBA_8888 |   0.0    0.0  720.0   42.0 |    0    0  720   42 | StatusBar#0
09-02 18:50:25.101  3462  3462 I SurfaceFlinger: 
09-02 18:50:25.106 10264 15993 I FontLog : Received query Noto Color Emoji Compat, URI content://com.google.android.gms.fonts [CONTEXT service_id=132 ]
09-02 18:50:25.107 10264 15993 I FontLog : Query [emojicompat-emoji-font] resolved to {Noto Color Emoji Compat, wdth 100.0, wght 400, ital 0.0, bestEffort false} [CONTEXT service_id=132 ]
09-02 18:50:25.108 10264 15993 I FontLog : Fetch {Noto Color Emoji Compat, wdth 100.0, wght 400, ital 0.0, bestEffort false} end status Status{statusCode=SUCCESS, resolution=null} [CONTEXT service_id=132 ]
09-02 18:50:25.117 10264 15993 I FontLog : Pulling font file for id = 1895, cache size = 6 [CONTEXT service_id=132 ]
09-02 18:50:25.124  3979  3988 I zygote64: Background concurrent copying GC freed 266405(12MB) AllocSpace objects, 142(3MB) LOS objects, 38% free, 38MB/62MB, paused 636us total 209.413ms
09-02 18:50:25.126 10264 15993 I FontLog : Pulling font file for id = 1895, cache size = 6 [CONTEXT service_id=132 ]
09-02 18:50:25.144  7881  4225 E fb4a.msys: E[N data-request]_HandleDataResponse(1782)=>Data request error for task abcce755-9f8c-443b-85a3-081eba07ebe6 (response type 1): (null)
09-02 18:50:25.144 10130 10318 I System.out: (HTTPLog)-Static: isSBSettingEnabled false
09-02 18:50:25.144 10130 10318 I System.out: (HTTPLog)-Static: isSBSettingEnabled false
09-02 18:50:25.145  7881  4229 E fb4a.msys: E[S task_queue_handling]MCDLightSpeedTaskExecutorNetworkCompletionCallback(1017)=>Handling send error for taskId=6 batchSize=1 queue=secure_message_over_wa_generate_cat
09-02 18:50:25.145  3614  3927 D DnsProxyListener: DNSDBG::dns addrinfo af 2
09-02 18:50:25.145  7881  4229 E fb4a.msys: E[S task_queue_handling]MCDLightSpeedTaskExecutorNetworkCompletionCallback(1071)=>Error content with 18 bytes: Error Domain=com.facebook.http.error Code=401 UserInfo=0xc7e8fd00 {MCFErrorDirectLocalizedDescriptionKey=Client error}
09-02 18:50:25.156  7881 10055 E fb4a.T157805820: TigonMhrLogger::logRequestIfNeeded
09-02 18:50:25.156  7881 10055 E fb4a.T157805820: TigonWifiInfoLogger::init
09-02 18:50:25.156  7881 10055 E fb4a.T157805820: TigonMhrFbcLogger::logRequestIfNeeded
09-02 18:50:25.156  7881 10055 E fb4a.T157805820: TigonCellTowerInfoLogger::logRequestIfNeeded
09-02 18:50:25.157  7881 10055 E fb4a.T157805820: TigonCertificateVerificationLogger::logRequestIfNeeded
09-02 18:50:25.157 10130 10286 I System.out: (HTTPLog)-Static: isSBSettingEnabled false
09-02 18:50:25.157  7881 10055 E fb4a.T157805820: TigonTransientAnalysisLogger::logRequestIfNeeded
09-02 18:50:25.157  7881 10055 E fb4a.T157805820: TigonProviderConnectionDeviceInfoLogger::logRequestIfNeeded
09-02 18:50:25.157  7881 10055 E fb4a.T157805820: TigonCellTowerInfoPapayaLogger::logRequestIfNeeded
09-02 18:50:25.157  7881 10055 E fb4a.T157805820: NetworkUtilisationLogger::logRequestIfNeeded
09-02 18:50:25.157 10130 10286 I System.out: (HTTPLog)-Static: isSBSettingEnabled false
09-02 18:50:25.159  3614  3927 D DnsProxyListener: DNSDBG::dns addrinfo af 2
09-02 18:50:25.166  3979  4373 D ConnectivityService: filterNetworkStateForUid() uid: 10025 networkInfo: [type: WIFI[] - WIFI, state: CONNECTED/CONNECTED, reason: (unspecified), extra: "WiFi 69", failover: false, available: true, roaming: false, metered: false]
09-02 18:50:25.196 10130 10130 W ResourceType: For resource 0x7f1504e5, entry index(1253) is beyond type entryCount(281)
09-02 18:50:25.208 10130 10130 I chatty  : uid=10158(u0_a158) identical 10 lines
09-02 18:50:25.209 10130 10130 W ResourceType: For resource 0x7f1504e5, entry index(1253) is beyond type entryCount(281)
09-02 18:50:25.210 10130 10130 W ResourceType: For resource 0x7f150574, entry index(1396) is beyond type entryCount(281)
09-02 18:50:25.210 10264 10276 I zygote64: Background concurrent copying GC freed 70684(3MB) AllocSpace objects, 0(0B) LOS objects, 50% free, 12MB/24MB, paused 524us total 101.541ms
09-02 18:50:25.213 10130 10130 W ResourceType: For resource 0x7f15050e, entry index(1294) is beyond type entryCount(281)
09-02 18:50:25.213 10130 10130 W ResourceType: For resource 0x7f15061f, entry index(1567) is beyond type entryCount(281)
09-02 18:50:25.213 10130 10130 W ResourceType: For resource 0x7f15061f, entry index(1567) is beyond type entryCount(281)
09-02 18:50:25.213 10130 10130 W ResourceType: For resource 0x7f15058c, entry index(1420) is beyond type entryCount(281)
09-02 18:50:25.213 10130 10130 W ResourceType: For resource 0x7f150590, entry index(1424) is beyond type entryCount(281)
09-02 18:50:25.213 10130 10130 W ResourceType: For resource 0x7f15058e, entry index(1422) is beyond type entryCount(281)
09-02 18:50:25.213 10130 10130 W ResourceType: For resource 0x7f1504c3, entry index(1219) is beyond type entryCount(281)
09-02 18:50:25.213 10130 10130 W ResourceType: For resource 0x7f15059e, entry index(1438) is beyond type entryCount(281)
09-02 18:50:25.213 10130 10130 W ResourceType: For resource 0x7f150282, entry index(642) is beyond type entryCount(281)
09-02 18:50:25.213 10130 10130 W ResourceType: For resource 0x7f1504c3, entry index(1219) is beyond type entryCount(281)
09-02 18:50:25.213 10130 10130 W ResourceType: For resource 0x7f150719, entry index(1817) is beyond type entryCount(281)
09-02 18:50:25.213 10130 10130 W ResourceType: For resource 0x7f150578, entry index(1400) is beyond type entryCount(281)
09-02 18:50:25.213 10130 10130 W ResourceType: For resource 0x7f150284, entry index(644) is beyond type entryCount(281)
09-02 18:50:25.213 10130 10130 W ResourceType: For resource 0x7f150579, entry index(1401) is beyond type entryCount(281)
09-02 18:50:25.213 10130 10130 W ResourceType: For resource 0x7f1505e7, entry index(1511) is beyond type entryCount(281)
09-02 18:50:25.214 10130 10130 W ResourceType: For resource 0x7f15071e, entry index(1822) is beyond type entryCount(281)
09-02 18:50:25.214 10130 10130 I chatty  : uid=10158(u0_a158) identical 2 lines
09-02 18:50:25.214 10130 10130 W ResourceType: For resource 0x7f15071e, entry index(1822) is beyond type entryCount(281)
09-02 18:50:25.214 10130 10130 W ResourceType: For resource 0x7f150580, entry index(1408) is beyond type entryCount(281)
09-02 18:50:25.214 10130 10130 W ResourceType: For resource 0x7f15071e, entry index(1822) is beyond type entryCount(281)
09-02 18:50:25.214 10130 10130 W ResourceType: For resource 0x7f15017b, entry index(379) is beyond type entryCount(281)
09-02 18:50:25.214 10130 10130 W ResourceType: For resource 0x7f150283, entry index(643) is beyond type entryCount(281)
09-02 18:50:25.214 10130 10130 W ResourceType: For resource 0x7f1505a2, entry index(1442) is beyond type entryCount(281)
09-02 18:50:25.214 10130 10130 W ResourceType: For resource 0x7f1506f4, entry index(1780) is beyond type entryCount(281)
09-02 18:50:25.214 10130 10130 W ResourceType: For resource 0x7f150588, entry index(1416) is beyond type entryCount(281)
09-02 18:50:25.214 10130 10130 W ResourceType: For resource 0x7f15059f, entry index(1439) is beyond type entryCount(281)
09-02 18:50:25.214 10130 10130 W ResourceType: For resource 0x7f150649, entry index(1609) is beyond type entryCount(281)
09-02 18:50:25.214 10130 10130 W ResourceType: For resource 0x7f150442, entry index(1090) is beyond type entryCount(281)
09-02 18:50:25.214 10130 10130 W ResourceType: For resource 0x7f150718, entry index(1816) is beyond type entryCount(281)
09-02 18:50:25.214 10130 10130 W ResourceType: For resource 0x7f15017c, entry index(380) is beyond type entryCount(281)
09-02 18:50:25.214 10130 10130 W ResourceType: For resource 0x7f15059d, entry index(1437) is beyond type entryCount(281)
09-02 18:50:25.214 10130 10130 W ResourceType: For resource 0x7f15020a, entry index(522) is beyond type entryCount(281)
09-02 18:50:25.214 10130 10130 W ResourceType: For resource 0x7f150586, entry index(1414) is beyond type entryCount(281)
09-02 18:50:25.214 10130 10130 W ResourceType: For resource 0x7f15071c, entry index(1820) is beyond type entryCount(281)
09-02 18:50:25.214 10130 10130 W ResourceType: For resource 0x7f1502af, entry index(687) is beyond type entryCount(281)
09-02 18:50:25.214 10130 10130 W ResourceType: For resource 0x7f150274, entry index(628) is beyond type entryCount(281)
09-02 18:50:25.214 10130 10130 W ResourceType: For resource 0x7f150244, entry index(580) is beyond type entryCount(281)
09-02 18:50:25.214 10130 10130 W ResourceType: For resource 0x7f150274, entry index(628) is beyond type entryCount(281)
09-02 18:50:25.214 10130 10130 W ResourceType: For resource 0x7f150372, entry index(882) is beyond type entryCount(281)
09-02 18:50:25.214 10130 10130 W ResourceType: For resource 0x7f15035b, entry index(859) is beyond type entryCount(281)
09-02 18:50:25.214 10130 10130 W ResourceType: For resource 0x7f15035c, entry index(860) is beyond type entryCount(281)
09-02 18:50:25.215 10130 10130 W ResourceType: For resource 0x7f1502ad, entry index(685) is beyond type entryCount(281)
09-02 18:50:25.215 10130 10130 W ResourceType: For resource 0x7f150565, entry index(1381) is beyond type entryCount(281)
09-02 18:50:25.215 10130 10130 W ResourceType: For resource 0x7f150567, entry index(1383) is beyond type entryCount(281)
09-02 18:50:25.232 10130 10130 W ResourceType: For resource 0x7f1504e5, entry index(1253) is beyond type entryCount(281)
09-02 18:50:25.235 10130 10130 I chatty  : uid=10158(u0_a158) identical 2 lines
09-02 18:50:25.235 10130 10130 W ResourceType: For resource 0x7f1504e5, entry index(1253) is beyond type entryCount(281)
09-02 18:50:25.237 10130 10130 W ResourceType: For resource 0x7f15050e, entry index(1294) is beyond type entryCount(281)
09-02 18:50:25.238 10130 10130 W ResourceType: For resource 0x7f15061f, entry index(1567) is beyond type entryCount(281)
09-02 18:50:25.238 10130 10130 W ResourceType: For resource 0x7f15061f, entry index(1567) is beyond type entryCount(281)
09-02 18:50:25.238 10130 10130 W ResourceType: For resource 0x7f15058c, entry index(1420) is beyond type entryCount(281)
09-02 18:50:25.238 10130 10130 W ResourceType: For resource 0x7f150590, entry index(1424) is beyond type entryCount(281)
09-02 18:50:25.238 10130 10130 W ResourceType: For resource 0x7f15058e, entry index(1422) is beyond type entryCount(281)
09-02 18:50:25.238 10130 10130 W ResourceType: For resource 0x7f1504c3, entry index(1219) is beyond type entryCount(281)
09-02 18:50:25.238 10130 10130 W ResourceType: For resource 0x7f15059e, entry index(1438) is beyond type entryCount(281)
09-02 18:50:25.238 10130 10130 W ResourceType: For resource 0x7f150282, entry index(642) is beyond type entryCount(281)
09-02 18:50:25.238 10130 10130 W ResourceType: For resource 0x7f1504c3, entry index(1219) is beyond type entryCount(281)
09-02 18:50:25.238 10130 10130 W ResourceType: For resource 0x7f150719, entry index(1817) is beyond type entryCount(281)
09-02 18:50:25.238 10130 10130 W ResourceType: For resource 0x7f150578, entry index(1400) is beyond type entryCount(281)
09-02 18:50:25.238 10130 10130 W ResourceType: For resource 0x7f150284, entry index(644) is beyond type entryCount(281)
09-02 18:50:25.238 10130 10130 W ResourceType: For resource 0x7f150579, entry index(1401) is beyond type entryCount(281)
09-02 18:50:25.238 10130 10130 W ResourceType: For resource 0x7f1505e7, entry index(1511) is beyond type entryCount(281)
09-02 18:50:25.238 10130 10130 W ResourceType: For resource 0x7f15071e, entry index(1822) is beyond type entryCount(281)
09-02 18:50:25.238 10130 10130 I chatty  : uid=10158(u0_a158) identical 2 lines
09-02 18:50:25.238 10130 10130 W ResourceType: For resource 0x7f15071e, entry index(1822) is beyond type entryCount(281)
09-02 18:50:25.238 10130 10130 W ResourceType: For resource 0x7f150580, entry index(1408) is beyond type entryCount(281)
09-02 18:50:25.238 10130 10130 W ResourceType: For resource 0x7f15071e, entry index(1822) is beyond type entryCount(281)
09-02 18:50:25.238 10130 10130 W ResourceType: For resource 0x7f15017b, entry index(379) is beyond type entryCount(281)
09-02 18:50:25.238 10130 10130 W ResourceType: For resource 0x7f150283, entry index(643) is beyond type entryCount(281)
09-02 18:50:25.238 10130 10130 W ResourceType: For resource 0x7f1505a2, entry index(1442) is beyond type entryCount(281)
09-02 18:50:25.238 10130 10130 W ResourceType: For resource 0x7f1506f4, entry index(1780) is beyond type entryCount(281)
09-02 18:50:25.238 10130 10130 W ResourceType: For resource 0x7f150588, entry index(1416) is beyond type entryCount(281)
09-02 18:50:25.238 10130 10130 W ResourceType: For resource 0x7f15059f, entry index(1439) is beyond type entryCount(281)
09-02 18:50:25.238 10130 10130 W ResourceType: For resource 0x7f150649, entry index(1609) is beyond type entryCount(281)
09-02 18:50:25.239 10130 10130 W ResourceType: For resource 0x7f150442, entry index(1090) is beyond type entryCount(281)
09-02 18:50:25.239 10130 10130 W ResourceType: For resource 0x7f150718, entry index(1816) is beyond type entryCount(281)
09-02 18:50:25.239 10130 10130 W ResourceType: For resource 0x7f15017c, entry index(380) is beyond type entryCount(281)
09-02 18:50:25.239 10130 10130 W ResourceType: For resource 0x7f15059d, entry index(1437) is beyond type entryCount(281)
09-02 18:50:25.239 10130 10130 W ResourceType: For resource 0x7f15020a, entry index(522) is beyond type entryCount(281)
09-02 18:50:25.239 10130 10130 W ResourceType: For resource 0x7f150586, entry index(1414) is beyond type entryCount(281)
09-02 18:50:25.239 10130 10130 W ResourceType: For resource 0x7f15071c, entry index(1820) is beyond type entryCount(281)
09-02 18:50:25.239 10130 10130 W ResourceType: For resource 0x7f1502af, entry index(687) is beyond type entryCount(281)
09-02 18:50:25.239 10130 10130 W ResourceType: For resource 0x7f150274, entry index(628) is beyond type entryCount(281)
09-02 18:50:25.239 10130 10130 W ResourceType: For resource 0x7f150244, entry index(580) is beyond type entryCount(281)
09-02 18:50:25.239 10130 10130 W ResourceType: For resource 0x7f150274, entry index(628) is beyond type entryCount(281)
09-02 18:50:25.239 10130 10130 W ResourceType: For resource 0x7f150372, entry index(882) is beyond type entryCount(281)
09-02 18:50:25.239 10130 10130 W ResourceType: For resource 0x7f15035b, entry index(859) is beyond type entryCount(281)
09-02 18:50:25.239 10130 10130 W ResourceType: For resource 0x7f15035c, entry index(860) is beyond type entryCount(281)
09-02 18:50:25.239 10130 10130 W ResourceType: For resource 0x7f1502ad, entry index(685) is beyond type entryCount(281)
09-02 18:50:25.239 10130 10130 W ResourceType: For resource 0x7f150565, entry index(1381) is beyond type entryCount(281)
09-02 18:50:25.239 10130 10130 W ResourceType: For resource 0x7f150567, entry index(1383) is beyond type entryCount(281)
09-02 18:50:25.246 10130 10130 W ResourceType: For resource 0x7f150552, entry index(1362) is beyond type entryCount(281)
09-02 18:50:25.247 10130 10130 I chatty  : uid=10158(u0_a158) identical 3 lines
09-02 18:50:25.247 10130 10130 W ResourceType: For resource 0x7f150552, entry index(1362) is beyond type entryCount(281)
09-02 18:50:25.248 10130 10130 W ResourceType: For resource 0x7f1504e5, entry index(1253) is beyond type entryCount(281)
09-02 18:50:25.251 10130 10130 I chatty  : uid=10158(u0_a158) identical 2 lines
09-02 18:50:25.251 10130 10130 W ResourceType: For resource 0x7f1504e5, entry index(1253) is beyond type entryCount(281)
09-02 18:50:25.261 10130 10130 W ResourceType: For resource 0x7f1506f4, entry index(1780) is beyond type entryCount(281)
09-02 18:50:25.261 10130 10130 W ResourceType: For resource 0x7f150587, entry index(1415) is beyond type entryCount(281)
09-02 18:50:25.261 10130 10130 W ResourceType: For resource 0x7f15011b, entry index(283) is beyond type entryCount(281)
09-02 18:50:25.261 10130 10130 W ResourceType: For resource 0x7f150241, entry index(577) is beyond type entryCount(281)
09-02 18:50:25.262 10130 10130 W ResourceType: For resource 0x7f150241, entry index(577) is beyond type entryCount(281)
09-02 18:50:25.264 10130 10130 W ResourceType: For resource 0x7f15050e, entry index(1294) is beyond type entryCount(281)
09-02 18:50:25.264 10130 10130 W ResourceType: For resource 0x7f15061f, entry index(1567) is beyond type entryCount(281)
09-02 18:50:25.264 10130 10130 W ResourceType: For resource 0x7f15061f, entry index(1567) is beyond type entryCount(281)
09-02 18:50:25.264 10130 10130 W ResourceType: For resource 0x7f15058c, entry index(1420) is beyond type entryCount(281)
09-02 18:50:25.264 10130 10130 W ResourceType: For resource 0x7f150590, entry index(1424) is beyond type entryCount(281)
09-02 18:50:25.264 10130 10130 W ResourceType: For resource 0x7f15058e, entry index(1422) is beyond type entryCount(281)
09-02 18:50:25.264 10130 10130 W ResourceType: For resource 0x7f1504c3, entry index(1219) is beyond type entryCount(281)
09-02 18:50:25.264 10130 10130 W ResourceType: For resource 0x7f15059e, entry index(1438) is beyond type entryCount(281)
09-02 18:50:25.264 10130 10130 W ResourceType: For resource 0x7f150282, entry index(642) is beyond type entryCount(281)
09-02 18:50:25.264 10130 10130 W ResourceType: For resource 0x7f1504c3, entry index(1219) is beyond type entryCount(281)
09-02 18:50:25.264 10130 10130 W ResourceType: For resource 0x7f150719, entry index(1817) is beyond type entryCount(281)
09-02 18:50:25.264 10130 10130 W ResourceType: For resource 0x7f150578, entry index(1400) is beyond type entryCount(281)
09-02 18:50:25.264 10130 10130 W ResourceType: For resource 0x7f150284, entry index(644) is beyond type entryCount(281)
09-02 18:50:25.264 10130 10130 W ResourceType: For resource 0x7f150579, entry index(1401) is beyond type entryCount(281)
09-02 18:50:25.264 10130 10130 W ResourceType: For resource 0x7f1505e7, entry index(1511) is beyond type entryCount(281)
09-02 18:50:25.264 10130 10130 W ResourceType: For resource 0x7f15071e, entry index(1822) is beyond type entryCount(281)
09-02 18:50:25.265 10130 10130 I chatty  : uid=10158(u0_a158) identical 2 lines
09-02 18:50:25.265 10130 10130 W ResourceType: For resource 0x7f15071e, entry index(1822) is beyond type entryCount(281)
09-02 18:50:25.265 10130 10130 W ResourceType: For resource 0x7f150580, entry index(1408) is beyond type entryCount(281)
09-02 18:50:25.265 10130 10130 W ResourceType: For resource 0x7f15071e, entry index(1822) is beyond type entryCount(281)
09-02 18:50:25.265 10130 10130 W ResourceType: For resource 0x7f15017b, entry index(379) is beyond type entryCount(281)
09-02 18:50:25.265 10130 10130 W ResourceType: For resource 0x7f150283, entry index(643) is beyond type entryCount(281)
09-02 18:50:25.265 10130 10130 W ResourceType: For resource 0x7f1505a2, entry index(1442) is beyond type entryCount(281)
09-02 18:50:25.265 10130 10130 W ResourceType: For resource 0x7f1506f4, entry index(1780) is beyond type entryCount(281)
09-02 18:50:25.265 10130 10130 W ResourceType: For resource 0x7f150588, entry index(1416) is beyond type entryCount(281)
09-02 18:50:25.265 10130 10130 W ResourceType: For resource 0x7f15059f, entry index(1439) is beyond type entryCount(281)
09-02 18:50:25.265 10130 10130 W ResourceType: For resource 0x7f150649, entry index(1609) is beyond type entryCount(281)
09-02 18:50:25.265 10130 10130 W ResourceType: For resource 0x7f150442, entry index(1090) is beyond type entryCount(281)
09-02 18:50:25.265 10130 10130 W ResourceType: For resource 0x7f150718, entry index(1816) is beyond type entryCount(281)
09-02 18:50:25.265 10130 10130 W ResourceType: For resource 0x7f15017c, entry index(380) is beyond type entryCount(281)
09-02 18:50:25.265 10130 10130 W ResourceType: For resource 0x7f15059d, entry index(1437) is beyond type entryCount(281)
09-02 18:50:25.265 10130 10130 W ResourceType: For resource 0x7f15020a, entry index(522) is beyond type entryCount(281)
09-02 18:50:25.265 10130 10130 W ResourceType: For resource 0x7f150586, entry index(1414) is beyond type entryCount(281)
09-02 18:50:25.265 10130 10130 W ResourceType: For resource 0x7f15071c, entry index(1820) is beyond type entryCount(281)
09-02 18:50:25.265 10130 10130 W ResourceType: For resource 0x7f1502af, entry index(687) is beyond type entryCount(281)
09-02 18:50:25.265 10130 10130 W ResourceType: For resource 0x7f150274, entry index(628) is beyond type entryCount(281)
09-02 18:50:25.265 10130 10130 W ResourceType: For resource 0x7f150244, entry index(580) is beyond type entryCount(281)
09-02 18:50:25.265 10130 10130 W ResourceType: For resource 0x7f150274, entry index(628) is beyond type entryCount(281)
09-02 18:50:25.265 10130 10130 W ResourceType: For resource 0x7f150372, entry index(882) is beyond type entryCount(281)
09-02 18:50:25.265 10130 10130 W ResourceType: For resource 0x7f15035b, entry index(859) is beyond type entryCount(281)
09-02 18:50:25.265 10130 10130 W ResourceType: For resource 0x7f15035c, entry index(860) is beyond type entryCount(281)
09-02 18:50:25.265 10130 10130 W ResourceType: For resource 0x7f1502ad, entry index(685) is beyond type entryCount(281)
09-02 18:50:25.265 10130 10130 W ResourceType: For resource 0x7f150565, entry index(1381) is beyond type entryCount(281)
09-02 18:50:25.265 10130 10130 W ResourceType: For resource 0x7f150567, entry index(1383) is beyond type entryCount(281)
09-02 18:50:25.265 10130 10130 W ResourceType: For resource 0x7f150241, entry index(577) is beyond type entryCount(281)
09-02 18:50:25.265 10130 10130 I chatty  : uid=10158(u0_a158) identical 2 lines
09-02 18:50:25.266 10130 10130 W ResourceType: For resource 0x7f150241, entry index(577) is beyond type entryCount(281)
09-02 18:50:25.268 10130 10130 W ResourceType: For resource 0x7f1506f4, entry index(1780) is beyond type entryCount(281)
09-02 18:50:25.268 10130 10130 W ResourceType: For resource 0x7f1506f4, entry index(1780) is beyond type entryCount(281)
09-02 18:50:25.268 10130 10130 W ResourceType: For resource 0x7f150241, entry index(577) is beyond type entryCount(281)
09-02 18:50:25.268 10130 10130 W ResourceType: For resource 0x7f1506f4, entry index(1780) is beyond type entryCount(281)
09-02 18:50:25.268 10130 10130 I chatty  : uid=10158(u0_a158) identical 2 lines
09-02 18:50:25.268 10130 10130 W ResourceType: For resource 0x7f1506f4, entry index(1780) is beyond type entryCount(281)
