09-02 17:01:24.192  7881 27369 E fb4a.T157805820: TigonCertificateVerificationLogger::logRequestIfNeeded
09-02 17:01:24.192  7881 27369 E fb4a.T157805820: TigonTransientAnalysisLogger::logRequestIfNeeded
09-02 17:01:24.192  7881 27369 E fb4a.T157805820: TigonProviderConnectionDeviceInfoLogger::logRequestIfNeeded
09-02 17:01:24.192  7881 27369 E fb4a.T157805820: TigonCellTowerInfoPapayaLogger::logRequestIfNeeded
09-02 17:01:24.192  7881 27369 E fb4a.T157805820: NetworkUtilisationLogger::logRequestIfNeeded
09-02 17:01:24.193  7881  4229 E fb4a.msys: E[S sync]_createResponseError(195)=>Network Response 7436bcea-f119-44dd-8b97-14df93adf297 contains sync error Error Domain=com.facebook.http.error Code=401 UserInfo=0xb58fae00 {MCFErrorDirectLocalizedDescriptionKey=Client error} - Underlying error (null): Error Domain=com.facebook.http.error Code=401 UserInfo=0xb58fae00 {MCFErrorDirectLocalizedDescriptionKey=Client error}
09-02 17:01:24.204  7881 27369 E fb4a.T157805820: TigonMhrLogger::logRequestIfNeeded
09-02 17:01:24.204  7881 27369 E fb4a.T157805820: TigonWifiInfoLogger::init
09-02 17:01:24.205  7881  4225 E fb4a.msys: E[N data-request]_HandleDataResponse(1782)=>Data request error for task a31190e3-a159-4303-b6cb-dd1537f0ee59 (response type 1): (null)
09-02 17:01:24.205  7881 27369 E fb4a.T157805820: TigonMhrFbcLogger::logRequestIfNeeded
09-02 17:01:24.205  7881  4229 E fb4a.msys: E[S task_queue_handling]MCDLightSpeedTaskExecutorNetworkCompletionCallback(1017)=>Handling send error for taskId=6 batchSize=1 queue=secure_message_over_wa_generate_cat
09-02 17:01:24.206  7881 27369 E fb4a.T157805820: TigonCellTowerInfoLogger::logRequestIfNeeded
09-02 17:01:24.206  7881  4229 E fb4a.msys: E[S task_queue_handling]MCDLightSpeedTaskExecutorNetworkCompletionCallback(1071)=>Error content with 18 bytes: Error Domain=com.facebook.http.error Code=401 UserInfo=0xc91e2b00 {MCFErrorDirectLocalizedDescriptionKey=Client error}
09-02 17:01:24.206  7881 27369 E fb4a.T157805820: TigonCertificateVerificationLogger::logRequestIfNeeded
09-02 17:01:24.206  7881 27369 E fb4a.T157805820: TigonTransientAnalysisLogger::logRequestIfNeeded
09-02 17:01:24.206  7881 27369 E fb4a.T157805820: TigonProviderConnectionDeviceInfoLogger::logRequestIfNeeded
09-02 17:01:24.206  7881 27369 E fb4a.T157805820: TigonCellTowerInfoPapayaLogger::logRequestIfNeeded
09-02 17:01:24.206  7881 27369 E fb4a.T157805820: NetworkUtilisationLogger::logRequestIfNeeded
09-02 17:01:24.214  7881 27106 E fb4a.T157805820: TigonMhrLogger::logRequestIfNeeded
09-02 17:01:24.214  7881 27106 E fb4a.T157805820: TigonWifiInfoLogger::init
09-02 17:01:24.214  7881  4225 E fb4a.msys: E[N data-request]_HandleDataResponse(1782)=>Data request error for task 255f03c5-32fe-4291-84b9-3022d631e298 (response type 1): (null)
09-02 17:01:24.214  7881 27106 E fb4a.T157805820: TigonMhrFbcLogger::logRequestIfNeeded
09-02 17:01:24.215  7881 27106 E fb4a.T157805820: TigonCellTowerInfoLogger::logRequestIfNeeded
09-02 17:01:24.215  7881 27106 E fb4a.T157805820: TigonCertificateVerificationLogger::logRequestIfNeeded
09-02 17:01:24.215  7881 27106 E fb4a.T157805820: TigonTransientAnalysisLogger::logRequestIfNeeded
09-02 17:01:24.215  7881 27106 E fb4a.T157805820: TigonProviderConnectionDeviceInfoLogger::logRequestIfNeeded
09-02 17:01:24.215  7881 27106 E fb4a.T157805820: TigonCellTowerInfoPapayaLogger::logRequestIfNeeded
09-02 17:01:24.215  7881 27106 E fb4a.T157805820: NetworkUtilisationLogger::logRequestIfNeeded
09-02 17:01:24.215  7881  4229 E fb4a.msys: E[S sync]_createResponseError(195)=>Network Response 255f03c5-32fe-4291-84b9-3022d631e298 contains sync error Error Domain=com.facebook.http.error Code=401 UserInfo=0xc91e2200 {MCFErrorDirectLocalizedDescriptionKey=Client error} - Underlying error (null): Error Domain=com.facebook.http.error Code=401 UserInfo=0xc91e2200 {MCFErrorDirectLocalizedDescriptionKey=Client error}
09-02 17:01:24.259 27166 27497 I BatteryMgr:DataCollectionService: stats => 1693666884259,-151,4248
09-02 17:01:24.369 27166 27497 I BatteryMgr:DataCollectionService: stats => 1693666884368,-151,4248
09-02 17:01:24.478 27166 27497 I BatteryMgr:DataCollectionService: stats => 1693666884478,-151,4248
09-02 17:01:24.588 27166 27497 I BatteryMgr:DataCollectionService: stats => 1693666884588,-151,4248
09-02 17:01:24.686  4962  4962 D io_stats: !@ 179,0 r 723696 21660156 w 538824 11271468 d 58286 20322808 f 132016 135329 iot 640616 539518 th 51200 0 0 pt 0 inp 0 0 57417.930
09-02 17:01:24.695 27166 27497 I BatteryMgr:DataCollectionService: stats => 1693666884695,-151,4248
09-02 17:01:24.800 27166 27497 I BatteryMgr:DataCollectionService: stats => 1693666884800,-151,4248
09-02 17:01:24.818 14031 14031 E adbd    : recv: OPEN 00023e17 00000000 0042:73 68 65 6C 6C 2C 76 32 2C 54 45 52 4D 3D 78 74 65 72 6D 2D 32 35 36 63 6F 6C 6F 72 2C 72 61 77 3A 67 65 74 70 72 6F 70 20 72 6F 2E 62 75 69 6C 64 2E 76 65 72 73 69 6F 6E 2E 72 65 6C 65 61 73 65 00 
09-02 17:01:24.818 14031 14031 E adbd    : service_to_fd: shell,v2,TERM=xterm-256color,raw:getprop ro.build.version.release
09-02 17:01:24.887 14031 14031 E adbd    : recv: OPEN 00023e1a 00000000 003e:73 68 65 6C 6C 2C 76 32 2C 54 45 52 4D 3D 78 74 65 72 6D 2D 32 35 36 63 6F 6C 6F 72 2C 72 61 77 3A 67 65 74 70 72 6F 70 20 72 6F 2E 62 75 69 6C 64 2E 76 65 72 73 69 6F 6E 2E 73 64 6B 00 
09-02 17:01:24.887 14031 14031 E adbd    : service_to_fd: shell,v2,TERM=xterm-256color,raw:getprop ro.build.version.sdk
09-02 17:01:24.906 27166 27497 I BatteryMgr:DataCollectionService: stats => 1693666884906,-151,4248
09-02 17:01:24.971 14031 14031 E adbd    : recv: OPEN 00023e1d 00000000 0042:73 68 65 6C 6C 2C 76 32 2C 54 45 52 4D 3D 78 74 65 72 6D 2D 32 35 36 63 6F 6C 6F 72 2C 72 61 77 3A 67 65 74 70 72 6F 70 20 72 6F 2E 62 75 69 6C 64 2E 76 65 72 73 69 6F 6E 2E 72 65 6C 65 61 73 65 00 
09-02 17:01:24.972 14031 14031 E adbd    : service_to_fd: shell,v2,TERM=xterm-256color,raw:getprop ro.build.version.release
09-02 17:01:25.011 27166 27497 I BatteryMgr:DataCollectionService: stats => 1693666885011,-151,4248
09-02 17:01:25.048 14031 14031 E adbd    : recv: OPEN 00023e20 00000000 003e:73 68 65 6C 6C 2C 76 32 2C 54 45 52 4D 3D 78 74 65 72 6D 2D 32 35 36 63 6F 6C 6F 72 2C 72 61 77 3A 67 65 74 70 72 6F 70 20 72 6F 2E 62 75 69 6C 64 2E 76 65 72 73 69 6F 6E 2E 73 64 6B 00 
09-02 17:01:25.048 14031 14031 E adbd    : service_to_fd: shell,v2,TERM=xterm-256color,raw:getprop ro.build.version.sdk
09-02 17:01:25.112 14031 14031 E adbd    : recv: OPEN 00023e23 00000000 008c:73 68 65 6C 6C 2C 76 32 2C 54 45 52 4D 3D 78 74 65 72 6D 2D 32 35 36 63 6F 6C 6F 72 2C 72 61 77 3A 61 6D 20 73 74 6F 70 73 65 72 76 69 63 65 20 63 6F 6D 2E 65 78 61 6D 70 6C 65 2E 62 61 74 74 65 72 79 6D 61 6E 61 67 65 72 5F 75 74 69 6C 69 74 79 2F 63 6F 6D 2E 65 78 61 6D 70 6C 65 2E 62 61 74 74 65 72 79 6D 61 6E 61 67 65 72 5F 75 74 69 6C 69 74 79 2E 44 61 74 61 43 6F 6C 6C 65 63 74 69 6F 6E 53 65 72 76 69 63 65 00 
09-02 17:01:25.112 14031 14031 E adbd    : service_to_fd: shell,v2,TERM=xterm-256color,raw:am stopservice com.example.batterymanager_utility/com.example.batterymanager_utility.DataCollectionService
09-02 17:01:25.116 27166 27497 I BatteryMgr:DataCollectionService: stats => 1693666885116,-151,4248
09-02 17:01:25.184  3979  3979 I EasyMuteController: UnRegister failed. no registered
09-02 17:01:25.184  3979  3979 D LightsService: [api] [SvcLED] turnOff:: id = 4 (uid: 1000 pid: 3979) 
09-02 17:01:25.184  3979  3979 D LightsService: [api] [SvcLED] LED indicator : Not supported.
09-02 17:01:25.188  3979  3979 D LightsService: [api] [SvcLED] turnOff:: id = 4 (uid: 1000 pid: 3979) 
09-02 17:01:25.188  3979  3979 D LightsService: [api] [SvcLED] LED indicator : Not supported.
09-02 17:01:25.188  3979  6264 D Notification: allPendingIntents
09-02 17:01:25.189  3979  4635 D Notification: allPendingIntents
09-02 17:01:25.190  3979  4635 I chatty  : uid=1000(system) Binder:3979_7 identical 1 line
09-02 17:01:25.193  3979  4635 D Notification: allPendingIntents
09-02 17:01:25.226 14031 14031 E adbd    : recv: OPEN 00023e26 00000000 0042:73 68 65 6C 6C 2C 76 32 2C 54 45 52 4D 3D 78 74 65 72 6D 2D 32 35 36 63 6F 6C 6F 72 2C 72 61 77 3A 67 65 74 70 72 6F 70 20 72 6F 2E 62 75 69 6C 64 2E 76 65 72 73 69 6F 6E 2E 72 65 6C 65 61 73 65 00 
09-02 17:01:25.226 14031 14031 E adbd    : service_to_fd: shell,v2,TERM=xterm-256color,raw:getprop ro.build.version.release
09-02 17:01:25.232  4349  4349 D KeyguardUpdateMonitor: handleStatusBarState( false )
09-02 17:01:25.237  4349  4349 D KeyguardUpdateMonitor: handleStatusBarState( false )
09-02 17:01:25.298 14031 14031 E adbd    : recv: OPEN 00023e29 00000000 003e:73 68 65 6C 6C 2C 76 32 2C 54 45 52 4D 3D 78 74 65 72 6D 2D 32 35 36 63 6F 6C 6F 72 2C 72 61 77 3A 67 65 74 70 72 6F 70 20 72 6F 2E 62 75 69 6C 64 2E 76 65 72 73 69 6F 6E 2E 73 64 6B 00 
09-02 17:01:25.299 14031 14031 E adbd    : service_to_fd: shell,v2,TERM=xterm-256color,raw:getprop ro.build.version.sdk
09-02 17:01:25.375 14031 14031 E adbd    : recv: OPEN 00023e2c 00000000 0076:73 68 65 6C 6C 2C 76 32 2C 54 45 52 4D 3D 78 74 65 72 6D 2D 32 35 36 63 6F 6C 6F 72 2C 72 61 77 3A 64 75 6D 70 73 79 73 20 61 63 74 69 76 69 74 79 20 72 65 63 65 6E 74 73 20 7C 20 67 72 65 70 20 22 52 65 63 65 6E 74 20 23 30 22 20 7C 20 63 75 74 20 2D 64 20 22 3D 22 20 2D 66 32 20 7C 20 67 72 65 70 20 2D 6F 20 2D 70 20 22 5B 61 2D 7A 7C 2E 5D 2A 22 00 
09-02 17:01:25.375 14031 14031 E adbd    : service_to_fd: shell,v2,TERM=xterm-256color,raw:dumpsys activity recents | grep "Recent #0" | cut -d "=" -f2 | grep -o -p "[a-z|.]*"
09-02 17:01:25.462 14031 14031 E adbd    : recv: OPEN 00023e2f 00000000 0042:73 68 65 6C 6C 2C 76 32 2C 54 45 52 4D 3D 78 74 65 72 6D 2D 32 35 36 63 6F 6C 6F 72 2C 72 61 77 3A 67 65 74 70 72 6F 70 20 72 6F 2E 62 75 69 6C 64 2E 76 65 72 73 69 6F 6E 2E 72 65 6C 65 61 73 65 00 
09-02 17:01:25.462 14031 14031 E adbd    : service_to_fd: shell,v2,TERM=xterm-256color,raw:getprop ro.build.version.release
09-02 17:01:25.543 14031 14031 E adbd    : recv: OPEN 00023e32 00000000 003e:73 68 65 6C 6C 2C 76 32 2C 54 45 52 4D 3D 78 74 65 72 6D 2D 32 35 36 63 6F 6C 6F 72 2C 72 61 77 3A 67 65 74 70 72 6F 70 20 72 6F 2E 62 75 69 6C 64 2E 76 65 72 73 69 6F 6E 2E 73 64 6B 00 
09-02 17:01:25.544 14031 14031 E adbd    : service_to_fd: shell,v2,TERM=xterm-256color,raw:getprop ro.build.version.sdk
09-02 17:01:25.652 14031 14031 E adbd    : recv: OPEN 00023e35 00000000 0042:73 68 65 6C 6C 2C 76 32 2C 54 45 52 4D 3D 78 74 65 72 6D 2D 32 35 36 63 6F 6C 6F 72 2C 72 61 77 3A 61 6D 20 66 6F 72 63 65 2D 73 74 6F 70 20 63 6F 6D 2E 61 6E 64 72 6F 69 64 2E 63 68 72 6F 6D 65 00 
09-02 17:01:25.652 14031 14031 E adbd    : service_to_fd: shell,v2,TERM=xterm-256color,raw:am force-stop com.android.chrome
09-02 17:01:25.737  3979  4635 I ActivityManager: Force stopping com.android.chrome appid=10096 user=0: from pid 27786
09-02 17:01:25.738  3979  4635 I ActivityManager: Killing 27294:com.android.chrome:privileged_process0/u0a96 (adj 100): stop com.android.chrome,from pid 27786
09-02 17:01:25.739  3979  4635 W ActivityManager: Scheduling restart of crashed service com.android.chrome/org.chromium.content.app.PrivilegedProcessService0 in 1000ms
09-02 17:01:25.743  3979  4635 I ActivityManager: Killing 27214:com.android.chrome/u0a96 (adj 100): stop com.android.chrome,from pid 27786
09-02 17:01:25.745 22051 22051 D BoundBrokerSvc: onUnbind: Intent { act=com.google.android.gms.auth.key.retrieval.service.START dat=chimera-action: cmp=com.google.android.gms/.chimera.GmsApiService }
09-02 17:01:25.745 22051 22051 D BoundBrokerSvc: onUnbind: Intent { act=com.google.android.gms.languageprofile.service.START pkg=com.google.android.gms }
09-02 17:01:25.746 22051 22051 D BoundBrokerSvc: onUnbind: Intent { act=com.google.android.gms.safetynet.service.START pkg=com.google.android.gms }
09-02 17:01:25.749  3979  4635 I ActivityManager: Killing 27249:com.android.chrome:sandboxed_process0/u0a96i319 (adj 0): isolated not needed
09-02 17:01:25.749 27249 27249 I cr_ChildProcessService: Destroying ChildProcessService pid=27249
09-02 17:01:25.751 27664 27664 I cr_ChildProcessService: Destroying ChildProcessService pid=27664
09-02 17:01:25.751 22051 22051 D BoundBrokerSvc: onUnbind: Intent { act=com.google.android.gms.credential.manager.service.firstparty.START dat=chimera-action: cmp=com.google.android.gms/.chimera.GmsApiService }
09-02 17:01:25.752 27664 27664 I /system/bin/webview_zygote32: System.exit called, status: 0
09-02 17:01:25.752 27664 27664 I AndroidRuntime: VM exiting with result code 0, cleanup skipped.
09-02 17:01:25.752  3979  4635 W ActivityManager: Force removing ActivityRecord{4b5642 u0 com.android.chrome/com.google.android.apps.chrome.Main t952}: app died, no saved state
09-02 17:01:25.758  3979  4635 I WindowManager: Destroying surface Surface(name=com.android.chrome/com.google.android.apps.chrome.Main) called by com.android.server.wm.WindowStateAnimator.destroySurface:2501 com.android.server.wm.WindowStateAnimator.destroySurfaceLocked:985 com.android.server.wm.WindowState.removeImmediately:2404 com.android.server.wm.WindowState.removeIfPossible:2603 com.android.server.wm.WindowState.removeIfPossible:2433 com.android.server.wm.WindowToken.removeAllWindowsIfPossible:143 com.android.server.wm.AppWindowToken.removeIfPossible:606 com.android.server.wm.AppWindowToken.onRemovedFromDisplay:674 
09-02 17:01:25.759  3462  3502 I SurfaceFlinger: id=3303 Removed com.android.chrome/com.google.android.apps.chrome.Main#0 (2/7)
09-02 17:01:25.759  3462  3502 I SurfaceFlinger: id=3303 Removed com.android.chrome/com.google.android.apps.chrome.Main#0 (-2/7)
09-02 17:01:25.771  3462  3462 I Layer   : id=3303 onRemoved com.android.chrome/com.google.android.apps.chrome.Main#0 
09-02 17:01:25.772  3462  3462 I Layer   : id=3305 onRemoved Background for - SurfaceView - com.android.chrome/com.google.android.apps.chrome.Main@a93a8fb@0#0 
09-02 17:01:25.773  3462  3462 I Layer   : id=3304 onRemoved SurfaceView - com.android.chrome/com.google.android.apps.chrome.Main@a93a8fb@0#0 
09-02 17:01:25.776  3979  4635 I ActivityManager: Killing 27664:com.android.chrome:sandboxed_process1/u0a96i320 (adj 0): isolated not needed
09-02 17:01:25.780  3462  3462 I SurfaceFlinger: Display 0 HWC layers:
09-02 17:01:25.780  3462  3462 I SurfaceFlinger:     type    |    handle    | flag |  format   |   source crop (l,t,r,b)    |         frame       | name 
09-02 17:01:25.780  3462  3462 I SurfaceFlinger: ------------+--------------+------+-----------+----------------------------+---------------------+------
09-02 17:01:25.780  3462  3462 I SurfaceFlinger:      Client |              | 0000 |  Unknown  |  -0.2   -0.2   -0.8   -0.8 |    0    0  720 1280 | DimLayerController/Stack=0#0
09-02 17:01:25.780  3462  3462 I SurfaceFlinger:      Device | 0x7ac4c24f00 | 0000 | RGBA_8888 |   0.0    0.0  684.0  505.0 |   18  408  702  913 | com.android.settings/com.android.settings.CredentialStorage#0
09-02 17:01:25.780  3462  3462 I SurfaceFlinger:      Device | 0x7ac4c24240 | 0000 | RGBA_8888 |   0.0    0.0  720.0   42.0 |    0    0  720   42 | StatusBar#0
09-02 17:01:25.780  3462  3462 I SurfaceFlinger: 
09-02 17:01:25.785  3979  3979 D SamsungAlarmManager: Remove alarm for next reason : android.intent.action.PACKAGE_RESTARTED : package: com.android.chrome
09-02 17:01:25.791  3979  3995 W BroadcastQueue: Background execution not allowed: receiving Intent { act=android.intent.action.PACKAGE_RESTARTED dat=package:com.android.chrome flg=0x10 (has extras) } to android/com.kddi.android.CpaNotiReceiver
09-02 17:01:25.791  3979  3995 W BroadcastQueue: Background execution not allowed: receiving Intent { act=android.intent.action.PACKAGE_RESTARTED dat=package:com.android.chrome flg=0x10 (has extras) } to com.sec.android.daemonapp/com.samsung.android.weather.daemon.receiver.ClearDataReceiver
09-02 17:01:25.792  4633  4633 D CarrierSvcBindHelper: No carrier app for: 0
09-02 17:01:25.792  3979  4635 V WindowManager: Relayout Window{c709a1d u0 com.example.batterymanager_utility/com.example.batterymanager_utility.MainActivity}: viewVisibility=4 req=720x1280 WM.LayoutParams{(0,0)(fillxfill) sim=#120 ty=1 fl=#81810100 pfl=0x20000 wanim=0x10302fd vsysui=0x600 needsMenuKey=2 colorMode=0 naviIconColor=0}
09-02 17:01:25.793  4633  4633 D CarrierSvcBindHelper: No carrier app for: 1
09-02 17:01:25.800 27166 27166 D ViewRootImpl@110cd72[MainActivity]: Relayout returned: old=[0,0][720,1280] new=[0,0][720,1280] result=0x1 surface={valid=false 0} changed=false
09-02 17:01:25.800  3979  3979 D SamsungAlarmManager: setInexact Listener (T:2/F:0/AC:false) 20230902T171207 - CU:1000/CP:3979
09-02 17:01:25.803  3979  3979 D SamsungAlarmManager: setInexact Listener (T:2/F:0/AC:false) 20230902T171207 - CU:1000/CP:3979
09-02 17:01:25.808  3979  4635 V WindowManager: Relayout Window{c709a1d u0 com.example.batterymanager_utility/com.example.batterymanager_utility.MainActivity}: viewVisibility=0 req=720x1280 WM.LayoutParams{(0,0)(fillxfill) sim=#120 ty=1 fl=#81810100 pfl=0x20000 wanim=0x10302fd vsysui=0x600 needsMenuKey=2 colorMode=0 naviIconColor=0}
09-02 17:01:25.809  3462  3462 I SurfaceFlinger: id=3309 createSurf (720x1280),1 flag=404, com.example.batterymanager_utility/com.example.batterymanager_utility.MainActivity#0
09-02 17:01:25.811  3979  4635 V Surface : sf_framedrop debug : 0x4f4c, game : false, logging : 0
09-02 17:01:25.819 27166 27166 V Surface : sf_framedrop debug : 0x4f4c, game : false, logging : 0
09-02 17:01:25.821 27166 27166 D ViewRootImpl@110cd72[MainActivity]: Relayout returned: old=[0,0][720,1280] new=[0,0][720,1280] result=0x7 surface={valid=true 536210681856} changed=true
09-02 17:01:25.831 27166 27182 D mali_winsys: EGLint new_window_surface(egl_winsys_display *, void *, EGLSurface, EGLConfig, egl_winsys_surface **, egl_color_buffer_format *, EGLBoolean) returns 0x3000,  [720x1280]-format:1
09-02 17:01:25.831 27166 27182 D OpenGLRenderer: eglCreateWindowSurface = 0x7cc1baeec0
09-02 17:01:25.847  3979  6844 D ConnectivityService: ConnectivityService NetworkRequestInfo binderDied(NetworkRequest [ LISTEN id=1083, [ Capabilities: INTERNET&NOT_RESTRICTED&TRUSTED&FOREGROUND] ], android.os.BinderProxy@fe46ec)
09-02 17:01:25.847  3979  4670 D ConnectivityService: ConnectivityService NetworkRequestInfo binderDied(NetworkRequest [ LISTEN id=1081, [ Capabilities: INTERNET&NOT_RESTRICTED&TRUSTED&FOREGROUND] ], android.os.BinderProxy@c29254a)
09-02 17:01:25.847  3979  6844 D ConnectivityService: ConnectivityService NetworkRequestInfo binderDied(NetworkRequest [ LISTEN id=1082, [ Capabilities: INTERNET&NOT_RESTRICTED&TRUSTED&FOREGROUND] ], android.os.BinderProxy@c684ab5)
09-02 17:01:25.848  3979  4180 D ConnectivityService: releasing NetworkRequest [ LISTEN id=1083, [ Capabilities: INTERNET&NOT_RESTRICTED&TRUSTED&FOREGROUND] ] (CALLBACK_RELEASED)
09-02 17:01:25.848  3979  4180 D ConnectivityService: sending notification RELEASED for NetworkRequest [ LISTEN id=1083, [ Capabilities: INTERNET&NOT_RESTRICTED&TRUSTED&FOREGROUND] ]
09-02 17:01:25.849  3979  4180 E ConnectivityService: RemoteException caught trying to send a callback msg for NetworkRequest [ LISTEN id=1083, [ Capabilities: INTERNET&NOT_RESTRICTED&TRUSTED&FOREGROUND] ]
09-02 17:01:25.849  3979  4004 W ActivityManager: setHasOverlayUi called on unknown pid: 27214
09-02 17:01:25.849  3979  4180 D ConnectivityService: releasing NetworkRequest [ LISTEN id=1081, [ Capabilities: INTERNET&NOT_RESTRICTED&TRUSTED&FOREGROUND] ] (CALLBACK_RELEASED)
09-02 17:01:25.850  4336  4336 D InputEventReceiver: channel 'ClientState{595f776 uid 10096 pid 27214} (client)' ~ Disposing input event receiver.
09-02 17:01:25.850  4336  4336 D InputEventReceiver: channel 'ClientState{595f776 uid 10096 pid 27214} (client)' ~NativeInputEventReceiver.
09-02 17:01:25.850  3979  4180 D ConnectivityService: sending notification RELEASED for NetworkRequest [ LISTEN id=1081, [ Capabilities: INTERNET&NOT_RESTRICTED&TRUSTED&FOREGROUND] ]
09-02 17:01:25.851  3979  4180 E ConnectivityService: RemoteException caught trying to send a callback msg for NetworkRequest [ LISTEN id=1081, [ Capabilities: INTERNET&NOT_RESTRICTED&TRUSTED&FOREGROUND] ]
09-02 17:01:25.851  3979  4180 D ConnectivityService: releasing NetworkRequest [ LISTEN id=1082, [ Capabilities: INTERNET&NOT_RESTRICTED&TRUSTED&FOREGROUND] ] (CALLBACK_RELEASED)
09-02 17:01:25.852  3979  4180 D ConnectivityService: sending notification RELEASED for NetworkRequest [ LISTEN id=1082, [ Capabilities: INTERNET&NOT_RESTRICTED&TRUSTED&FOREGROUND] ]
09-02 17:01:25.852  3979  4180 E ConnectivityService: RemoteException caught trying to send a callback msg for NetworkRequest [ LISTEN id=1082, [ Capabilities: INTERNET&NOT_RESTRICTED&TRUSTED&FOREGROUND] ]
09-02 17:01:25.862  3979  3997 W zygote64: failed to open /acct/uid_99319/pid_27249/cgroup.procs: No such file or directory
09-02 17:01:25.862  3979  3997 W zygote64: failed to open /acct/uid_99320/pid_27664/cgroup.procs: No such file or directory
09-02 17:01:25.864  4349  4372 D SystemServicesProxy: updateOverviewLastStackActiveTimeAsync: newTime=1693559943942
09-02 17:01:25.865  3979 14776 D SecContentProvider: query(), uri = 17 selection = isSettingsChangesAllowed
09-02 17:01:25.866  3979 14776 D SecContentProvider: called from android.uid.systemui:10009
09-02 17:01:25.867  4349  4561 D SystemServicesProxy: updateOverviewLastStackActiveTimeAsync: done.
09-02 17:01:25.872  3979 14776 V WindowManager: finishDrawingLocked: mDrawState=COMMIT_DRAW_PENDING Window{c709a1d u0 com.example.batterymanager_utility/com.example.batterymanager_utility.MainActivity} in Surface(name=com.example.batterymanager_utility/com.example.batterymanager_utility.MainActivity)
09-02 17:01:25.909  3462  3462 I SurfaceFlinger: Display 0 HWC layers:
09-02 17:01:25.909  3462  3462 I SurfaceFlinger:     type    |    handle    | flag |  format   |   source crop (l,t,r,b)    |         frame       | name 
09-02 17:01:25.909  3462  3462 I SurfaceFlinger: ------------+--------------+------+-----------+----------------------------+---------------------+------
09-02 17:01:25.909  3462  3462 I SurfaceFlinger:      Device | 0x7abdc726c0 | 0002 | RGBA_8888 |   0.0    0.0  720.0 1280.0 |    0    0  720 1280 | com.example.batterymanager_utility/c[...]atterymanager_utility.MainActivity#0
09-02 17:01:25.909  3462  3462 I SurfaceFlinger:      Client |              | 0000 |  Unknown  |  -0.2   -0.2   -0.8   -0.8 |    0    0  720 1280 | DimLayerController/Stack=0#0
09-02 17:01:25.909  3462  3462 I SurfaceFlinger:      Device | 0x7ac4c24f00 | 0000 | RGBA_8888 |   0.0    0.0  684.0  505.0 |   18  408  702  913 | com.android.settings/com.android.settings.CredentialStorage#0
09-02 17:01:25.909  3462  3462 I SurfaceFlinger:      Device | 0x7abe64bd40 | 0000 | RGBA_8888 |   0.0    0.0  720.0   42.0 |    0    0  720   42 | StatusBar#0
09-02 17:01:25.909  3462  3462 I SurfaceFlinger: 
09-02 17:01:25.927  3979  4111 D MdnieScenarioControlService:  packageName : com.android.settings    className : com.android.settings.CredentialStorage
09-02 17:01:25.927  3979  4111 V MdnieScenarioControlService: setUIMode from UI function(3)
09-02 17:01:26.207 22051 22051 D BoundBrokerSvc: onUnbind: Intent { act=com.google.android.gms.feedback.internal.IFeedbackService dat=chimera-action: cmp=com.google.android.gms/.chimera.GmsBoundBrokerService }
09-02 17:01:26.212  4349  4349 D KeyguardUpdateMonitor: handleStatusBarState( false )
09-02 17:01:26.221  4349  4349 D KeyguardUpdateMonitor: handleStatusBarState( false )
09-02 17:01:26.867  3449  3449 I android.hardware.wifi@1.0-service: getLinkLayerStats
09-02 17:01:27.412  3979  6899 D SSRM:G  : SIOP:: AP = 350, PST = 316 (W:10), BAT = 279, USB = 0, CHG = 0
09-02 17:01:27.754  3979  3979 D PreBindingService: handleMessage : 1
09-02 17:01:28.837 14031 14031 E adbd    : recv: OPEN 00023e38 00000000 0042:73 68 65 6C 6C 2C 76 32 2C 54 45 52 4D 3D 78 74 65 72 6D 2D 32 35 36 63 6F 6C 6F 72 2C 72 61 77 3A 67 65 74 70 72 6F 70 20 72 6F 2E 62 75 69 6C 64 2E 76 65 72 73 69 6F 6E 2E 72 65 6C 65 61 73 65 00 
09-02 17:01:28.838 14031 14031 E adbd    : service_to_fd: shell,v2,TERM=xterm-256color,raw:getprop ro.build.version.release
09-02 17:01:28.932 14031 14031 E adbd    : recv: OPEN 00023e3b 00000000 003e:73 68 65 6C 6C 2C 76 32 2C 54 45 52 4D 3D 78 74 65 72 6D 2D 32 35 36 63 6F 6C 6F 72 2C 72 61 77 3A 67 65 74 70 72 6F 70 20 72 6F 2E 62 75 69 6C 64 2E 76 65 72 73 69 6F 6E 2E 73 64 6B 00 
09-02 17:01:28.932 14031 14031 E adbd    : service_to_fd: shell,v2,TERM=xterm-256color,raw:getprop ro.build.version.sdk
09-02 17:01:29.044 14031 14031 E adbd    : recv: OPEN 00023e3e 00000000 0052:73 68 65 6C 6C 2C 76 32 2C 54 45 52 4D 3D 78 74 65 72 6D 2D 32 35 36 63 6F 6C 6F 72 2C 72 61 77 3A 61 6D 20 66 6F 72 63 65 2D 73 74 6F 70 20 63 6F 6D 2E 65 78 61 6D 70 6C 65 2E 62 61 74 74 65 72 79 6D 61 6E 61 67 65 72 5F 75 74 69 6C 69 74 79 00 
09-02 17:01:29.044 14031 14031 E adbd    : service_to_fd: shell,v2,TERM=xterm-256color,raw:am force-stop com.example.batterymanager_utility
09-02 17:01:29.143  3979  4373 I ActivityManager: Force stopping com.example.batterymanager_utility appid=10157 user=0: from pid 27795
09-02 17:01:29.144  3979  4373 I ActivityManager: Killing 27166:com.example.batterymanager_utility/u0a157 (adj 199): stop com.example.batterymanager_utility,from pid 27795
09-02 17:01:29.151  3979  4373 I ActivityManager:   Force finishing activity ActivityRecord{675a88a u0 com.example.batterymanager_utility/.MainActivity t951}
09-02 17:01:29.152  3979  4373 W MultiScreenManagerService: moveTaskBackToDisplayIfNeeded(): root activity or app is null, task=TaskRecord{80fe3ecd0 #951 A=com.example.batterymanager_utility U=0 StackId=1 sz=1}, rootActivity=ActivityRecord{675a88a u0 com.example.batterymanager_utility/.MainActivity t951}
09-02 17:01:29.181  3462  3462 V Surface : sf_framedrop debug : 0x4f4c, game : false, logging : 0
09-02 17:01:29.193  3979  4373 D TaskSnapshotCache: putSnapshot mTaskId=951 RunningCache size=4
09-02 17:01:29.214  3979  4373 V WindowManager: Relayout Window{e66f187 u0 com.android.vending/com.android.vending.AssetBrowserActivity}: viewVisibility=4 req=720x1280 WM.LayoutParams{(0,0)(fillxfill) sim=#120 ty=1 fl=#81810100 pfl=0x20000 wanim=0x10302fd vsysui=0x2700 needsMenuKey=2 colorMode=0 naviIconColor=0}
09-02 17:01:29.217  3462  3462 I SurfaceFlinger: Display 0 HWC layers:
09-02 17:01:29.217  3462  3462 I SurfaceFlinger:     type    |    handle    | flag |  format   |   source crop (l,t,r,b)    |         frame       | name 
09-02 17:01:29.217  3462  3462 I SurfaceFlinger: ------------+--------------+------+-----------+----------------------------+---------------------+------
09-02 17:01:29.217  3462  3462 I SurfaceFlinger:      Client |              | 0000 |  Unknown  |  -0.2   -0.2   -0.8   -0.8 |    0    0  720 1280 | DimLayerController/Stack=0#0
09-02 17:01:29.217  3462  3462 I SurfaceFlinger:      Client | 0x7abdc726c0 | 0002 | RGBA_8888 |   0.0    0.0  720.0 1280.0 |    0    0  720 1279 | com.example.batterymanager_utility/c[...]atterymanager_utility.MainActivity#0
09-02 17:01:29.217  3462  3462 I SurfaceFlinger:      Device | 0x7abe64bd40 | 0000 | RGBA_8888 |   0.0    0.0  720.0   42.0 |    0    0  720   42 | StatusBar#0
09-02 17:01:29.217  3462  3462 I SurfaceFlinger: 
09-02 17:01:29.223  3979  4081 W InputDispatcher: channel ~ Consumer closed input channel or an error occurred.  events=0x9
09-02 17:01:29.223  3979  4081 E InputDispatcher: channel ~ Channel is unrecoverably broken and will be disposed!
09-02 17:01:29.223  3979  3995 D TaskSnapshotCache: removeRunningEntry taskId=951 RunningCache size=3
09-02 17:01:29.224  7505  7505 D ViewRootImpl@6e5b729[AssetBrowserActivity]: Relayout returned: old=[0,0][720,1280] new=[0,0][720,1280] result=0x1 surface={valid=false 0} changed=false
09-02 17:01:29.232  4336  4336 D InputEventReceiver: channel 'ClientState{fdf96db uid 10157 pid 27166} (client)' ~ Disposing input event receiver.
09-02 17:01:29.232  4336  4336 D InputEventReceiver: channel 'ClientState{fdf96db uid 10157 pid 27166} (client)' ~NativeInputEventReceiver.
09-02 17:01:29.234  3979  8178 I WindowManager: WIN DEATH: Window{c709a1d u0 com.example.batterymanager_utility/com.example.batterymanager_utility.MainActivity}
09-02 17:01:29.234  3979  8178 W InputDispatcher: Attempted to unregister already unregistered input channel
09-02 17:01:29.258  5213  5213 I Launcher: onWindowVisibilityChanged : false
09-02 17:01:29.261  3979  5964 V WindowManager: Relayout Window{7215288 u0 com.sec.android.app.launcher/com.sec.android.app.launcher.activities.LauncherActivity}: viewVisibility=4 req=720x1280 WM.LayoutParams{(0,0)(fillxfill) sim=#130 ty=1 fl=#81910d00 pfl=0x20000 fmt=-2 wanim=0x10302ea vsysui=0x700 needsMenuKey=2 colorMode=0 dimDuration=100 naviIconColor=0}
09-02 17:01:29.261  3979  5964 V WindowManager: rotationForOrientationLw(orient=5, last=0); user=0  sensorRotation=-1 mLidState=-1 mDockMode=0 mHdmiPlugged=false
09-02 17:01:29.264 14031 14031 E adbd    : recv: OPEN 00023e41 00000000 0042:73 68 65 6C 6C 2C 76 32 2C 54 45 52 4D 3D 78 74 65 72 6D 2D 32 35 36 63 6F 6C 6F 72 2C 72 61 77 3A 67 65 74 70 72 6F 70 20 72 6F 2E 62 75 69 6C 64 2E 76 65 72 73 69 6F 6E 2E 72 65 6C 65 61 73 65 00 
09-02 17:01:29.264 14031 14031 E adbd    : service_to_fd: shell,v2,TERM=xterm-256color,raw:getprop ro.build.version.release
09-02 17:01:29.265  3979  3996 W Looper  : Dispatch took 122ms on android.ui, h=Handler (com.android.server.am.ActivityManagerService$UiHandler) {a2fb36a} cb=null msg=53
09-02 17:01:29.267  3979  3979 D SamsungAlarmManager: Remove alarm for next reason : android.intent.action.PACKAGE_RESTARTED : package: com.example.batterymanager_utility
09-02 17:01:29.268 22051 22051 D BoundBrokerSvc: onUnbind: Intent { act=com.google.android.gms.facs.internal.service.START dat=chimera-action: cmp=com.google.android.gms/.chimera.GmsInternalApiService }
09-02 17:01:29.269  5213  5213 D ViewRootImpl@8c524b3[LauncherActivity]: Relayout returned: old=[0,0][720,1280] new=[0,0][720,1280] result=0x1 surface={valid=false 0} changed=false
09-02 17:01:29.269  5213  5213 D HomeContainer: setAlpha : 1.0
09-02 17:01:29.273  4633  4633 D CarrierSvcBindHelper: No carrier app for: 0
09-02 17:01:29.273  4633  4633 D CarrierSvcBindHelper: No carrier app for: 1
09-02 17:01:29.274  3979  3995 W BroadcastQueue: Background execution not allowed: receiving Intent { act=android.intent.action.PACKAGE_RESTARTED dat=package:com.example.batterymanager_utility flg=0x10 (has extras) } to android/com.kddi.android.CpaNotiReceiver
09-02 17:01:29.282  5213  5213 I Launcher: onWindowVisibilityChanged : true
09-02 17:01:29.283  5213  5213 D DragLayer: DragLayer onMeasure, mIsNaviBarPositionChanged = false, mWillOrientationChange = false
09-02 17:01:29.284  5213  5213 D LauncherAppWidgetHostView: setResizeScaleResult() 860/ 215 scaleToResize = 0.7906977(widget id = 3)
09-02 17:01:29.284  5213  5213 D LauncherAppWidgetHostView: setResizeScaleResult() 514/ 658 scaleToResize = 0.78988326(widget id = 2)
09-02 17:01:29.287  3979  5964 V WindowManager: Relayout Window{7215288 u0 com.sec.android.app.launcher/com.sec.android.app.launcher.activities.LauncherActivity}: viewVisibility=0 req=720x1280 WM.LayoutParams{(0,0)(fillxfill) sim=#130 ty=1 fl=#81910d00 pfl=0x20000 fmt=-2 wanim=0x10302ea vsysui=0x700 needsMenuKey=2 colorMode=0 dimDuration=100 naviIconColor=0}
09-02 17:01:29.288  3462  3462 I SurfaceFlinger: id=3310 createSurf (720x1280),1 flag=4, com.sec.android.app.launcher/com.sec.android.app.launcher.activities.LauncherActivity#0
09-02 17:01:29.291  3979  5964 V Surface : sf_framedrop debug : 0x4f4c, game : false, logging : 0
09-02 17:01:29.300  5213  5213 V Surface : sf_framedrop debug : 0x4f4c, game : false, logging : 0
09-02 17:01:29.300  5213  5213 D ViewRootImpl@8c524b3[LauncherActivity]: Relayout returned: old=[0,0][720,1280] new=[0,0][720,1280] result=0x7 surface={valid=true 535536410624} changed=true
09-02 17:01:29.307  5213  5479 D mali_winsys: EGLint new_window_surface(egl_winsys_display *, void *, EGLSurface, EGLConfig, egl_winsys_surface **, egl_color_buffer_format *, EGLBoolean) returns 0x3000,  [720x1280]-format:1
09-02 17:01:29.307  3979  3995 W BroadcastQueue: Background execution not allowed: receiving Intent { act=android.intent.action.PACKAGE_RESTARTED dat=package:com.example.batterymanager_utility flg=0x10 (has extras) } to com.sec.android.daemonapp/com.samsung.android.weather.daemon.receiver.ClearDataReceiver
09-02 17:01:29.307  5213  5479 D OpenGLRenderer: eglCreateWindowSurface = 0x7c95043380
09-02 17:01:29.316  4349  4372 D SystemServicesProxy: updateOverviewLastStackActiveTimeAsync: newTime=1693559943942
09-02 17:01:29.317  3979 14776 D SecContentProvider: query(), uri = 17 selection = isSettingsChangesAllowed
09-02 17:01:29.318  3979 14776 D SecContentProvider: called from android.uid.systemui:10009
09-02 17:01:29.319  4349  4561 D SystemServicesProxy: updateOverviewLastStackActiveTimeAsync: done.
09-02 17:01:29.321  3979  5964 D PackageManager: getComponentMetadataForIconTray : com.example.batterymanager_utility.MainActivity does not exist in mServices
09-02 17:01:29.321  3979  5964 D PackageManager: getComponentMetadataForIconTray : com.example.batterymanager_utility.MainActivity does not exist in mProviders
09-02 17:01:29.321  3979  5964 D PackageManager: getComponentMetadataForIconTray : com.example.batterymanager_utility.MainActivity does not exist in mReceivers
09-02 17:01:29.322  4349  4372 D ApplicationPackageManager: updateItemMetaDataForFixedIconScale: package: com.example.batterymanager_utility
09-02 17:01:29.322  3979  5964 D PackageManager: getSelectedMetaData : packageName(com.example.batterymanager_utility) or Metadata strings {[Ljava.lang.String;@77f4997}
09-02 17:01:29.324  4349  4372 I ApplicationPackageManager: load=com.example.batterymanager_utility, bg=144-144, dr=189-189, forDefault=true, density=0
09-02 17:01:29.326  5213  5213 D DragLayer: DragLayer dispatchDraw, mIsNaviBarPositionChanged = false, mWillOrientationChange = false
09-02 17:01:29.327  4349  4372 I ApplicationPackageManager: scaled rate=0.72, size=189, alpha=54, hold=102
09-02 17:01:29.327  4349  4372 D ApplicationPackageManager: iconScale: getScale(): 0.72 getAlpha(): 54
09-02 17:01:29.331  4349  4372 I ApplicationPackageManager: load=com.example.batterymanager_utility-contain, bg=112-112, dr=189-189
09-02 17:01:29.345 14031 14031 E adbd    : recv: OPEN 00023e44 00000000 003e:73 68 65 6C 6C 2C 76 32 2C 54 45 52 4D 3D 78 74 65 72 6D 2D 32 35 36 63 6F 6C 6F 72 2C 72 61 77 3A 67 65 74 70 72 6F 70 20 72 6F 2E 62 75 69 6C 64 2E 76 65 72 73 69 6F 6E 2E 73 64 6B 00 
09-02 17:01:29.345 14031 14031 E adbd    : service_to_fd: shell,v2,TERM=xterm-256color,raw:getprop ro.build.version.sdk
09-02 17:01:29.354  3979  5964 V WindowManager: finishDrawingLocked: mDrawState=COMMIT_DRAW_PENDING Window{7215288 u0 com.sec.android.app.launcher/com.sec.android.app.launcher.activities.LauncherActivity} in Surface(name=com.sec.android.app.launcher/com.sec.android.app.launcher.activities.LauncherActivity)
09-02 17:01:29.355  4349  4372 D WallpaperService: dispatchAppVisibility onVisibilityChanged(): true
09-02 17:01:29.356  4349  4349 D WallpaperService: updateSurface forceRelayout=false redrawNeeded=false myWidth=1280 myHeight=1280 fixedSize=true x = 0 y = 0 mWidth=1280 mHeight=1280 mIsSleepMode=false
09-02 17:01:29.359  4349  4349 D ImageWallpaper: onVisibilityChanged: mVisible, visible=false, true
09-02 17:01:29.359  4349  4349 D ImageWallpaper: Visibility changed to visible=true
09-02 17:01:29.363  4349  4349 D ImageWallpaper: newRotation : 0,mLastRotation : 0
09-02 17:01:29.365  4349  4349 D ImageWallpaper: drawFrame:[frame.width()]1280[frame.height()]1280
09-02 17:01:29.365  4349  4349 D ImageWallpaper: surfaceDimensionsChanged=false mDisplayWidth=720 mDisplayHeight=1280
09-02 17:01:29.365  4349  4349 D ImageWallpaper: redrawNeeded = false, mOffsetsChanged = false
09-02 17:01:29.365  4349  4349 D ImageWallpaper: Suppressed drawFrame since redraw is not needed and offsets have not changed.
09-02 17:01:29.365  4349  4349 D WallpaperService: reportVisibility onVisibilityChanged visible: true
09-02 17:01:29.365  4349  4349 D WallpaperService: updateSurface forceRelayout=true redrawNeeded=false myWidth=1280 myHeight=1280 fixedSize=true x = 0 y = 0 mWidth=1280 mHeight=1280 mIsSleepMode=false
09-02 17:01:29.375  3979  5964 V WindowManager: Relayout Window{80ee464 u0 com.android.systemui.ImageWallpaper}: viewVisibility=0 req=1280x1280 WM.LayoutParams{(0,0)(1280x1280) gr=#800033 ty=2013 fl=#10318 fmt=2 wanim=0x103030e colorMode=0 naviIconColor=0}
09-02 17:01:29.382  4349  4349 D ImageWallpaper: onOffsetsChanged: xOffset=0.0, yOffset=0.0, xOffsetStep=0.0, yOffsetStep=0.0, xPixels=0, yPixels=0
09-02 17:01:29.383  4349  4349 D ImageWallpaper: newRotation : 0,mLastRotation : 0
09-02 17:01:29.383  4349  4349 D ImageWallpaper: drawFrame:[frame.width()]1280[frame.height()]1280
09-02 17:01:29.383  4349  4349 D ImageWallpaper: surfaceDimensionsChanged=false mDisplayWidth=720 mDisplayHeight=1280
09-02 17:01:29.383  4349  4349 D ImageWallpaper: redrawNeeded = false, mOffsetsChanged = false
09-02 17:01:29.383  4349  4349 D ImageWallpaper: Suppressed drawFrame since redraw is not needed and offsets have not changed.
09-02 17:01:29.386  3979  5964 D ConnectivityService: filterNetworkStateForUid() uid: 10044 networkInfo: [type: WIFI[] - WIFI, state: CONNECTED/CONNECTED, reason: (unspecified), extra: "WiFi 69", failover: false, available: true, roaming: false, metered: false]
09-02 17:01:29.392  3979  5964 D ConnectivityService: filterNetworkStateForUid() uid: 10044 networkInfo: [type: WIFI[] - WIFI, state: CONNECTED/CONNECTED, reason: (unspecified), extra: "WiFi 69", failover: false, available: true, roaming: false, metered: false]
09-02 17:01:29.401  3462  3462 I SurfaceFlinger: Display 0 HWC layers:
09-02 17:01:29.401  3462  3462 I SurfaceFlinger:     type    |    handle    | flag |  format   |   source crop (l,t,r,b)    |         frame       | name 
09-02 17:01:29.401  3462  3462 I SurfaceFlinger: ------------+--------------+------+-----------+----------------------------+---------------------+------
09-02 17:01:29.401  3462  3462 I SurfaceFlinger:      Device | 0x7abe64af00 | 0002 | RGBx_8888 | 280.0    0.0 1000.0 1280.0 |    0    0  720 1280 | com.android.systemui.ImageWallpaper#0
09-02 17:01:29.401  3462  3462 I SurfaceFlinger:      Device | 0x7ac4c24b40 | 0000 | RGBA_8888 |   0.0    0.0  720.0 1280.0 |    0    0  720 1280 | com.sec.android.app.launcher/com.sec[...]uncher.activities.LauncherActivity#0
09-02 17:01:29.401  3462  3462 I SurfaceFlinger:      Client |              | 0000 |  Unknown  |  -0.2   -0.2   -0.8   -0.8 |    0    0  720 1280 | DimLayerController/Stack=0#0
09-02 17:01:29.401  3462  3462 I SurfaceFlinger:      Client | 0x7ac4c24f00 | 0000 | RGBA_8888 |   0.0    0.0  684.0  505.0 |   18  408  702  913 | com.android.settings/com.android.settings.CredentialStorage#0
09-02 17:01:29.401  3462  3462 I SurfaceFlinger:      Client | 0x7abdc726c0 | 0002 | RGBA_8888 |   0.0    0.0  720.0 1280.0 |   16   29  703 1251 | com.example.batterymanager_utility/c[...]atterymanager_utility.MainActivity#0
09-02 17:01:29.401  3462  3462 I SurfaceFlinger:      Device
09-02 17:01:29.401  3462  3462 I SurfaceFlinger:  | 0x7ac4c24d80 | 0000 | RGBA_8888 |   0.0    0.0  720.0   42.0 |    0    0  720   42 | StatusBar#0
09-02 17:01:29.401  3462  3462 I SurfaceFlinger: 
09-02 17:01:29.441  3979  4111 D MdnieScenarioControlService:  packageName : com.android.settings    className : com.android.settings.CredentialStorage
09-02 17:01:29.441  3979  4111 V MdnieScenarioControlService: setUIMode from UI function(3)
09-02 17:01:29.486  3979  5964 V WindowManager: Relayout Window{e66f187 u0 com.android.vending/com.android.vending.AssetBrowserActivity}: viewVisibility=0 req=720x1280 WM.LayoutParams{(0,0)(fillxfill) sim=#120 ty=1 fl=#81810100 pfl=0x20000 wanim=0x10302fd vsysui=0x2700 needsMenuKey=2 colorMode=0 naviIconColor=0}
09-02 17:01:29.493  7505  7505 D ViewRootImpl@6e5b729[AssetBrowserActivity]: Relayout returned: old=[0,0][720,1280] new=[0,0][720,1280] result=0x1 surface={valid=false 0} changed=false
09-02 17:01:29.493  7505  7505 E ViewRootImpl@6e5b729[AssetBrowserActivity]: Surface is not valid.
09-02 17:01:29.551  7505  7505 I Finsky  : [2] poo.onTrimMemory(1): Memory trim requested to level 20
09-02 17:01:29.556  7505  7505 I Finsky  : [2] mvw.accept(9): Flushing in-memory image cache
09-02 17:01:29.569  3979  5964 V WindowManager: Relayout Window{e66f187 u0 com.android.vending/com.android.vending.AssetBrowserActivity}: viewVisibility=8 req=720x1280 WM.LayoutParams{(0,0)(fillxfill) sim=#120 ty=1 fl=#81810100 pfl=0x20000 wanim=0x10302fd vsysui=0x2700 needsMenuKey=2 colorMode=0 naviIconColor=0}
09-02 17:01:29.576  7505  7505 D ViewRootImpl@6e5b729[AssetBrowserActivity]: Relayout returned: old=[0,0][720,1280] new=[0,0][720,1280] result=0x1 surface={valid=false 0} changed=false
09-02 17:01:29.650  3979  4046 I WindowManager: Destroying surface Surface(name=com.example.batterymanager_utility/com.example.batterymanager_utility.MainActivity) called by com.android.server.wm.WindowStateAnimator.destroySurface:2501 com.android.server.wm.WindowStateAnimator.destroySurfaceLocked:985 com.android.server.wm.WindowState.destroyOrSaveSurfaceUnchecked:3671 com.android.server.wm.WindowState.destroySurface:3619 com.android.server.wm.AppWindowToken.destroySurfaces:722 com.android.server.wm.AppWindowToken.destroySurfaces:706 com.android.server.wm.WindowState.onExitAnimationDone:5333 com.android.server.wm.WindowStateAnimator.stepAnimationLocked:550 
09-02 17:01:29.651  3462  3502 I SurfaceFlinger: id=3309 Removed com.example.batterymanager_utility/com.example.batterymanager_utility.MainActivity#0 (7/8)
09-02 17:01:29.652  3979  4004 W ActivityManager: setHasOverlayUi called on unknown pid: 27166
09-02 17:01:29.659  3462  3462 I Layer   : id=3309 onRemoved com.example.batterymanager_utility/com.example.batterymanager_utility.MainActivity#0 
09-02 17:01:29.666  3462  3462 I SurfaceFlinger: Display 0 HWC layers:
09-02 17:01:29.666  3462  3462 I SurfaceFlinger:     type    |    handle    | flag |  format   |   source crop (l,t,r,b)    |         frame       | name 
09-02 17:01:29.666  3462  3462 I SurfaceFlinger: ------------+--------------+------+-----------+----------------------------+---------------------+------
09-02 17:01:29.666  3462  3462 I SurfaceFlinger:      Device | 0x7abe64af00 | 0002 | RGBx_8888 | 280.0    0.0 1000.0 1280.0 |    0    0  720 1280 | com.android.systemui.ImageWallpaper#0
09-02 17:01:29.666  3462  3462 I SurfaceFlinger:      Device | 0x7ac4c24b40 | 0000 | RGBA_8888 |   0.0    0.0  720.0 1280.0 |    0    0  720 1280 | com.sec.android.app.launcher/com.sec[...]uncher.activities.LauncherActivity#0
09-02 17:01:29.666  3462  3462 I SurfaceFlinger:      Client |              | 0000 |  Unknown  |  -0.2   -0.2   -0.8   -0.8 |    0    0  720 1280 | DimLayerController/Stack=0#0
09-02 17:01:29.666  3462  3462 I SurfaceFlinger:      Client | 0x7ac4c24f00 | 0000 | RGBA_8888 |   0.0    0.0  684.0  505.0 |   18  408  702  913 | com.android.settings/com.android.settings.CredentialStorage#0
09-02 17:01:29.666  3462  3462 I SurfaceFlinger:      Device | 0x7ac4c24240 | 0000 | RGBA_8888 |   0.0    0.0  720.0   42.0 |    0    0  720   42 | StatusBar#0
09-02 17:01:29.666  3462  3462 I SurfaceFlinger: 
09-02 17:01:29.688  4962  4962 D io_stats: !@ 179,0 r 724137 21676036 w 539013 11283688 d 58303 20327832 f 132046 135359 iot 641016 539828 th 51200 0 0 pt 0 inp 0 0 57422.933
09-02 17:01:29.888  3449  3449 I android.hardware.wifi@1.0-service: getLinkLayerStats
09-02 17:01:30.153  3979  4051 D SensorService: [SO] 0.062 -0.378 9.835
09-02 17:01:31.155  3979  3979 D PreBindingService: handleMessage : 1
09-02 17:01:31.345 22051 22051 D BoundBrokerSvc: onUnbind: Intent { act=com.google.android.gms.mdisync.service.START dat=chimera-action: cmp=com.google.android.gms/.chimera.GmsApiService }
09-02 17:01:31.391 22051 22051 D BoundBrokerSvc: onUnbind: Intent { act=com.google.android.mobstore.service.START pkg=com.google.android.gms }
09-02 17:01:31.555  5551  5624 D ContactsProvider_EventLog: contents_sample_state: [CONTACT contacts(191) data(1819) accounts({com.google (13)=199}) accounts deleted({}) calls([]) countryIso(NL) userId(0)  ]
09-02 17:01:31.555  5551  5624 D ContactsProvider_EventLog: contents_sample_state: [ agr({[13 ,13]=8, [13]=183})  ]
09-02 17:01:31.555  5551  5624 D ContactsProvider_EventLog: contents_sample_state: [ actCnt({android.process.acore(5551)=1})  ]
09-02 17:01:31.555  5551  5624 D ContactsProvider_EventLog: contents_sample_state: [PROFILE contacts(0) data(0) accounts({})  ]
09-02 17:01:31.555  5551  5624 D ContactsProvider_EventLog: contents_sample_state: [SAPROFILE contacts(1) data(1) accounts({vnd.sec.contact.phone (1)=1})  ]
09-02 17:01:31.559  5551  5624 E ContactsProvider_EventLog: Flush buffer to file cnt : 1 size : 0Kb duration : 2ms lastUpdatedAfter : 60126 ms mFlush_time_threasold : 2000 mCurrentSize : 481
09-02 17:01:32.888  3979  4373 D BatteryService: !@BatteryListener : batteryPropertiesChanged!
09-02 17:01:32.890  3979  4373 D BatteryService: level:100, scale:100, status:5, health:2, present:true, voltage: 4222, temperature: 279, technology: Li-ion, AC powered:false, USB powered:true, POGO powered:false, Wireless powered:false, icon:17303834, invalid charger:0, maxChargingCurrent:0, maxChargingVoltage:0, chargeCounter:0
09-02 17:01:32.890  3979  4373 D BatteryService: online:4, current avg:-335, charge type:1, power sharing:false, high voltage charger:false, capacity:280000, batterySWSelfDischarging:false, misc_event:0, current_event:0, current_now:-218
09-02 17:01:32.890  3979  3979 D BatteryService: Sending ACTION_BATTERY_CHANGED.
09-02 17:01:32.893  3979  3979 D SamsungPhoneWindowManager: ACTION_BATTERY_CHANGED - Level :: 100, battStatus :: 5
09-02 17:01:32.894  3979  3979 I MotionRecognitionService: Plugged
09-02 17:01:32.894  3979  3979 D MotionRecognitionService:   mCableConnection= 1
09-02 17:01:32.894  3979  3979 D MotionRecognitionService: setPowerConnected : mGripEnabled = false
09-02 17:01:32.895  3979  4002 D UsbDeviceManager: handleMessage -> MSG_UPDATE_CHARGING_STATE = 1
09-02 17:01:32.898  4349  4349 D KeyguardUpdateMonitor: received broadcast android.intent.action.BATTERY_CHANGED
09-02 17:01:32.899  4349  4349 D BatteryController: onReceive-ACTION_BATTERY_CHANGED : mLevel=100, mBatteryStatus=5
09-02 17:01:32.903  4349  4349 D PowerUI : priorPlugType = 2 mPlugType =  2
09-02 17:01:32.904  3449  3449 I android.hardware.wifi@1.0-service: getLinkLayerStats
09-02 17:01:33.135  3979  4484 E Watchdog: !@Sync 1913 [2023-09-02 17:01:33.135]
09-02 17:01:34.127  7881  4225 E fb4a.msys: E[N rtchannel]_rt_mqtt_publish_callback(430)=>Failed to publish the request over MQTT. token:e66c325c-c605-4484-be56-9a6ce95a143e, category:mcd-sync-data-task-category, requestId:45176, error:Error Domain=mqtt Code=2001
09-02 17:01:34.128  7881  4229 E fb4a.msys: E[S sync]_createResponseError(195)=>Network Response e66c325c-c605-4484-be56-9a6ce95a143e contains sync error Error Domain=mqtt Code=2001 - Underlying error (null): Error Domain=mqtt Code=2001
09-02 17:01:34.436 14031 14031 E adbd    : recv: OPEN 00023e47 00000000 003e:73 68 65 6C 6C 2C 76 32 2C 54 45 52 4D 3D 78 74 65 72 6D 2D 32 35 36 63 6F 6C 6F 72 2C 72 61 77 3A 67 65 74 70 72 6F 70 20 72 6F 2E 62 75 69 6C 64 2E 76 65 72 73 69 6F 6E 2E 73 64 6B 00 
09-02 17:01:34.436 14031 14031 E adbd    : service_to_fd: shell,v2,TERM=xterm-256color,raw:getprop ro.build.version.sdk
09-02 17:01:34.527 14031 14031 E adbd    : recv: OPEN 00023e4a 00000000 0045:73 68 65 6C 6C 2C 76 32 2C 54 45 52 4D 3D 78 74 65 72 6D 2D 32 35 36 63 6F 6C 6F 72 2C 72 61 77 3A 6C 6F 67 63 61 74 20 2D 66 20 2F 6D 6E 74 2F 73 64 63 61 72 64 2F 6C 6F 67 63 61 74 2E 74 78 74 20 2D 64 00 
09-02 17:01:34.527 14031 14031 E adbd    : service_to_fd: shell,v2,TERM=xterm-256color,raw:logcat -f /mnt/sdcard/logcat.txt -d
09-02 17:01:34.691  4962  4962 D io_stats: !@ 179,0 r 724137 21676036 w 539070 11284192 d 58306 20327844 f 132048 135363 iot 641028 539844 th 51200 0 0 pt 0 inp 0 0 57427.936
