--------- beginning of system
09-01 20:10:52.210  1513  2000 D ConnectivityService: NetReassign [no changes]
09-01 20:10:52.925  1513  3227 I ActivityManager: Force stopping org.mozilla.firefox appid=10258 user=0: from pid 6398
--------- beginning of main
09-01 20:10:52.931  2474  2474 E PhoneInterfaceManager: [PhoneIntfMgr] getCarrierPackageNamesForIntentAndPhone: No UICC
09-01 20:10:52.931  2474  2474 D CarrierSvcBindHelper: No carrier app for: 0
09-01 20:10:52.939  3135  3135 D RegisteredNfcFServicesCache: Service unchanged, not updating
09-01 20:10:52.944  8777  8777 I EuiccGoogle: [2] EuiccServiceImpl.onCreate: onCreate Single-SIM mode: simCardState is 1
09-01 20:10:52.950  8777  6404 I EuiccGoogle: [6239] EuiccServiceImpl.onGetEuiccProfileInfoList: onGetEuiccProfileInfoList: slotId = -1
09-01 20:10:52.952  8777  6404 W EuiccGoogle: [6239] EuiccServiceImpl.onGetEuiccProfileInfoList: slotId=-1. No eUICC is active. Return null.
09-01 20:10:53.181  1513  3227 I ActivityTaskManager: START u0 {act=android.intent.action.VIEW flg=0x10008000 cmp=org.mozilla.firefox/org.mozilla.gecko.BrowserApp} from uid 2000
09-01 20:10:53.182  1513  1572 D EventSequenceValidator: inc AccIntentStartedEvents to 2
09-01 20:10:53.193   901  2806 I sensors-hal: [ssc_utils]get_qmi_debug_flag:244, support_qmi_debug : false
09-01 20:10:53.205   901  1000 W ASH     : @ 37039.658: Unhandled msg ID 999: line 1277
09-01 20:10:53.205   901  1000 E ASH     : @ 37039.658: No pb callback assigned
09-01 20:10:53.205   901  1000 E ASH     : @ 37039.658: Nanopb error: callback failed:1588
09-01 20:10:53.206  1513  1572 D CompatibilityChangeReporter: Compat change id reported: 135634846; UID 10258; state: DISABLED
09-01 20:10:53.206  1513  1572 D CompatibilityChangeReporter: Compat change id reported: 135754954; UID 10258; state: ENABLED
09-01 20:10:53.206  1513  1625 D CompatibilityChangeReporter: Compat change id reported: 143937733; UID 10258; state: ENABLED
09-01 20:10:53.211   778   778 D Zygote  : Forked child process 6408
09-01 20:10:53.214  1513  1625 I ActivityManager: Start proc 6408:org.mozilla.firefox/u0a258 for pre-top-activity {org.mozilla.firefox/org.mozilla.gecko.BrowserApp}
09-01 20:10:53.218  6408  6408 E mozilla.firefo: Not starting debugger since process cannot load the jdwp agent.
09-01 20:10:53.237  3088  3657 I AssistantForeground: (REDACTED) Get launcher package: %s
09-01 20:10:53.245  6408  6408 D NetworkSecurityConfig: No Network Security Config specified, using platform default
09-01 20:10:53.245  6408  6408 D NetworkSecurityConfig: No Network Security Config specified, using platform default
09-01 20:10:53.251  6408  6408 I FirebaseApp: Device unlocked: initializing all Firebase APIs for app [DEFAULT]
09-01 20:10:53.253  6408  6408 I FirebaseInitProvider: FirebaseApp initialization successful
09-01 20:10:53.269  6408  6408 I rc_log_ffi::ios: rc_log adapter initialized!
09-01 20:10:53.296  6408  6441 I nimbus::nimbus_client: updating experiment list
09-01 20:10:53.297  6408  6441 I nimbus::persistence: Already at version 2, no upgrade needed
09-01 20:10:53.297  6408  6441 I nimbus::nimbus_client: [Nimbus] Retrieved date from Context: 2023-09-01 07:56:38 UTC
09-01 20:10:53.297  6408  6441 I nimbus::nimbus_client: [Nimbus] Installation Date: 2023-09-01 07:56:38 UTC
09-01 20:10:53.297  6408  6441 I nimbus::nimbus_client: [Nimbus] Update Date: 2023-09-01 14:22:00.591064144 UTC
09-01 20:10:53.297  6408  6441 I nimbus::nimbus_client: [Nimbus] Days since install: 0
09-01 20:10:53.297  6408  6441 I nimbus::nimbus_client: [Nimbus] Days since update: 0
09-01 20:10:53.309  6408  6444 I GeckoThread: preparing to run Gecko
09-01 20:10:53.313  6408  6444 I GeckoLoader: Library base=/data/app/~~BtOtpENtY_8SJVQLgbYgRg==/org.mozilla.firefox-ZoJ8FBGk3KN0nHoYkPw1IA==/lib/arm64
09-01 20:10:53.314  6408  6444 W Settings: Setting animator_duration_scale has moved from android.provider.Settings.System to android.provider.Settings.Global, returning read-only global URI.
09-01 20:10:53.314  6408  6444 I GeckoLoader: Library base=/data/app/~~BtOtpENtY_8SJVQLgbYgRg==/org.mozilla.firefox-ZoJ8FBGk3KN0nHoYkPw1IA==/lib/arm64
09-01 20:10:53.315  6408  6444 E GeckoLibLoad: Load sqlite start
09-01 20:10:53.315  6408  6444 E GeckoLibLoad: Load sqlite done
09-01 20:10:53.316  6408  6444 I GeckoLoader: Library base=/data/app/~~BtOtpENtY_8SJVQLgbYgRg==/org.mozilla.firefox-ZoJ8FBGk3KN0nHoYkPw1IA==/lib/arm64
09-01 20:10:53.316  6408  6444 E GeckoLibLoad: Load nss start
09-01 20:10:53.316  6408  6444 E GeckoLibLoad: Load nss done
09-01 20:10:53.316  6408  6444 I GeckoLoader: Library base=/data/app/~~BtOtpENtY_8SJVQLgbYgRg==/org.mozilla.firefox-ZoJ8FBGk3KN0nHoYkPw1IA==/lib/arm64
09-01 20:10:53.316  6408  6444 E GeckoLibLoad: Loaded libs in 0.287396ms total, 0ms(0ms) user, 0ms(0ms) system, 0(0) faults
09-01 20:10:53.316  6408  6444 W GeckoThread: zerdatime 37036542 - runGecko
09-01 20:10:53.318   901  2806 I sensors-hal: [ssc_utils]get_qmi_debug_flag:244, support_qmi_debug : false
09-01 20:10:53.318  6408  6447 I libglean_ffi: glean_core::core: Creating new Glean v53.1.0
09-01 20:10:53.320  6408  6447 I libglean_ffi: glean_core::database: Database initialized
09-01 20:10:53.321  6408  6447 I libglean_ffi: glean_core: Glean initialized
09-01 20:10:53.321  6408  6447 I libglean_ffi: glean_core::event_database: Loading events for events
09-01 20:10:53.321  6408  6447 I libglean_ffi: glean_core::event_database: Loading events for background-update
09-01 20:10:53.325   901  1000 W ASH     : @ 37039.778: Unhandled msg ID 999: line 1277
09-01 20:10:53.325   901  1000 E ASH     : @ 37039.778: No pb callback assigned
09-01 20:10:53.325   901  1000 E ASH     : @ 37039.778: Nanopb error: callback failed:1588
09-01 20:10:53.326  6408  6447 I libglean_ffi: glean_core::ping: Collecting events
09-01 20:10:53.332  6408  6447 I libglean_ffi: glean_core::upload::directory: Processing ping at: /data/user/0/org.mozilla.firefox/glean_data/pending_pings/7f7d8eaf-9782-4459-b5f9-cfd50cc461b5
09-01 20:10:53.342  6408  6447 I libglean_ffi: glean_core::metrics::ping: The ping 'events' was submitted and will be sent as soon as possible
09-01 20:10:53.345  6408  6447 I TetheringManager: registerTetheringEventCallback:org.mozilla.firefox
09-01 20:10:53.350  6408  6444 I Gecko:DumpUtils: Fifo watcher disabled via pref.
09-01 20:10:53.353  6408  6408 I FenixApplication: AutoPushFeature is configured, initializing it...
09-01 20:10:53.354  1513  3241 D CompatibilityChangeReporter: Compat change id reported: 136274596; UID 10258; state: ENABLED
09-01 20:10:53.357  6408  6408 I AbstractFirebasePushService: start
09-01 20:10:53.361  6408  6408 W org.mozilla.firefox: type=1400 audit(0.0:4551): avc: denied { bind } for comm=4E65746C696E6B204D6F6E69746F72 scontext=u:r:untrusted_app:s0:c2,c257,c512,c768 tcontext=u:r:untrusted_app:s0:c2,c257,c512,c768 tclass=netlink_route_socket permissive=0 b/155595000 app=org.mozilla.firefox
09-01 20:10:53.372   592   629 W DisplayIdentification: Invalid EDID: falling back to serial number due to missing display name.
09-01 20:10:53.372   592   629 W DisplayIdentification: Invalid EDID: falling back to ASCII text due to missing serial number.
09-01 20:10:53.383  1513  3227 I ActivityTaskManager: START u0 {act=android.intent.action.VIEW cmp=org.mozilla.firefox/org.mozilla.fenix.HomeActivity (has extras)} from uid 10258
09-01 20:10:53.386   901  2806 I sensors-hal: [ssc_utils]get_qmi_debug_flag:244, support_qmi_debug : false
09-01 20:10:53.399  6408  6447 I glean/MetricsPingSched: The 'metrics' ping was already sent today, 1693591853368.
09-01 20:10:53.400  1513  2180 W ActivityTaskManager: Tried to set launchTime (0) < mLastActivityLaunchTime (37036451)
09-01 20:10:53.405   901  1000 W ASH     : @ 37039.858: Unhandled msg ID 999: line 1277
09-01 20:10:53.405   901  1000 E ASH     : @ 37039.858: No pb callback assigned
09-01 20:10:53.405   901  1000 E ASH     : @ 37039.858: Nanopb error: callback failed:1588
09-01 20:10:53.419  6408  6447 I libglean_ffi: glean_core::ping: Collecting baseline
09-01 20:10:53.431   901   901 W sensors@2.0-ser: type=1400 audit(0.0:4552): avc: denied { read write } for name="diag" dev="tmpfs" ino=12474 scontext=u:r:hal_sensors_default:s0 tcontext=u:object_r:diag_device:s0 tclass=chr_file permissive=0
09-01 20:10:53.431   901   901 W sensors@2.0-ser: type=1400 audit(0.0:4553): avc: denied { read write } for name="diag" dev="tmpfs" ino=12474 scontext=u:r:hal_sensors_default:s0 tcontext=u:object_r:diag_device:s0 tclass=chr_file permissive=0
09-01 20:10:53.431  2158  2158 I WallpaperService: engine resumed
09-01 20:10:53.432   901   901 I sensors-hal: [hal]batch_physical_sensor:301, android.sensor.gyroscope/41, period=20000000, max_latency=0
09-01 20:10:53.432   901   901 I sensors-hal: [hal]batch_physical_sensor:310, android.sensor.gyroscope/41, period=20000000, max_latency=0 request completed
09-01 20:10:53.432   901   901 I sensors-hal: [hal]activate_physical_sensor:238, android.sensor.gyroscope/41 en=1
09-01 20:10:53.432   901   901 I sensors-hal: [ssc_utils]get_qmi_debug_flag:244, support_qmi_debug : false
09-01 20:10:53.435   901   901 D Diag_Lib:  Diag_LSM_Init: Failed to open handle to diag driver, error = 13
09-01 20:10:53.435   901   901 D Diag_Lib:  Diag_LSM_Init: Failed to open handle to diag driver, error = 13
09-01 20:10:53.436   901   901 I sensors-hal: [ssc_sensor]update_handle:537, handle=331, type=33, wakeup=0, hwid=0, base=331
09-01 20:10:53.436   901   901 I sensors-hal: [ssc_utils]get_qmi_debug_flag:244, support_qmi_debug : false
09-01 20:10:53.441   901   901 I sensors-hal: [ssc_utils]get_qmi_debug_flag:244, support_qmi_debug : false
09-01 20:10:53.442   901  6509 I sensors-hal: [ssc_sensor]ssc_conn_resp_cb:663, resp_value = 0
09-01 20:10:53.442   901  1000 W SEE     : @ 37039.895: adding req to Q sensor=8 req=0xb202b738 msg=513
09-01 20:10:53.445   901  6509 I sensors-hal: [sensor]submit_sensors_hal_event:146, android.sensor.additional_info: trying to push empty Events, count = 0
09-01 20:10:53.445   901  6509 I sensors-hal: [sensor]submit_sensors_hal_event:146, android.sensor.additional_info: trying to push empty Events, count = 0
09-01 20:10:53.446  6408  6476 I push::internal::communications::rate_limiter: No need to reset inner timestamp and count for verify_connection.
09-01 20:10:53.450   901   901 I sensors-hal: [hal]activate_physical_sensor:249, android.sensor.gyroscope/41 en=1 completed
09-01 20:10:53.450   901  6512 I sensors-hal: [ssc_sensor]ssc_conn_resp_cb:663, resp_value = 0
09-01 20:10:53.451   901  1000 W SEE     : @ 37039.904: adding req to Q sensor=2 req=0xb2028928 msg=513
09-01 20:10:53.452  6408  6447 I libglean_ffi: glean_core::upload::directory: Processing ping at: /data/user/0/org.mozilla.firefox/glean_data/pending_pings/6d09ef69-4cd7-4cd2-8e6a-5eb2ecd9422a
09-01 20:10:53.452  6408  6447 I libglean_ffi: glean_core::metrics::ping: The ping 'baseline' was submitted and will be sent as soon as possible
09-01 20:10:53.453   901  6512 I sensors-hal: [sensor]submit_sensors_hal_event:146, android.sensor.gyroscope: trying to push empty Events, count = 1
09-01 20:10:53.453   901  6512 I chatty  : uid=1000(system) sensors@2.0-ser identical 1 line
09-01 20:10:53.453   901  6512 I sensors-hal: [sensor]submit_sensors_hal_event:146, android.sensor.gyroscope: trying to push empty Events, count = 1
09-01 20:10:53.453  6408  6476 I push::internal::communications::rate_limiter: Not allowed: count(53) > 1 for verify_connection.
09-01 20:10:53.456  6408  6476 I AutoPushFeature: No change to subscriptions. Doing nothing.
09-01 20:10:53.462  6408  6443 I libglean_ffi: glean_core::ping: Collecting pageload
09-01 20:10:53.463  6408  6443 I libglean_ffi: glean_core::ping: Storage for pageload empty. Bailing out.
09-01 20:10:53.463  6408  6443 I libglean_ffi: glean_core::metrics::ping: No content for ping 'pageload', therefore no ping queued.
09-01 20:10:53.464  6408  6443 I libglean_ffi: glean_core::core: Upload enabled: true
09-01 20:10:53.468   901  6512 I sensors-hal: [sensor]submit_sensors_hal_event:146, android.sensor.gyroscope: trying to push empty Events, count = 1
09-01 20:10:53.470  6408  6444 W mozilla.firefo: Accessing hidden field Ljava/lang/Boolean;->value:Z (greylist-max-p, JNI, denied)
09-01 20:10:53.470  6408  6444 W mozilla.firefo: Accessing hidden field Ljava/lang/Integer;->value:I (greylist-max-p, JNI, denied)
09-01 20:10:53.470  6408  6444 W mozilla.firefo: Accessing hidden field Ljava/lang/Double;->value:D (greylist-max-p, JNI, denied)
09-01 20:10:53.479  6408  6408 I NavController: Ignoring popBackStack to destination org.mozilla.firefox:id/browserFragment as it was not found on the current back stack
09-01 20:10:53.488  6408  6408 I ContileTopSitesUpdater: Started periodic work to update Contile top sites
09-01 20:10:53.490  6408  6472 I service-pocket: Scheduling pocket recommendations background refresh
09-01 20:10:53.492  6408  6472 I service-pocket: Scheduling sponsored stories background refresh
09-01 20:10:53.493  1513  3240 D CompatibilityChangeReporter: Compat change id reported: 135634846; UID 10258; state: DISABLED
09-01 20:10:53.493  1513  3240 D CompatibilityChangeReporter: Compat change id reported: 135754954; UID 10258; state: ENABLED
09-01 20:10:53.493  1513  1625 D CompatibilityChangeReporter: Compat change id reported: 143937733; UID 10258; state: ENABLED
09-01 20:10:53.509   778   778 D Zygote  : Forked child process 6518
09-01 20:10:53.512  1513  1625 I ActivityManager: Start proc 6518:org.mozilla.firefox:tab4/u0a258 for service {org.mozilla.firefox/org.mozilla.gecko.process.GeckoChildProcessServices$tab4}
09-01 20:10:53.526  6518  6518 E la.firefox:tab: Not starting debugger since process cannot load the jdwp agent.
09-01 20:10:53.534  6350  6537 D ProfileInstaller: Installing profile for com.example.batterymanager_utility
09-01 20:10:53.538  1513  3227 D CompatibilityChangeReporter: Compat change id reported: 136274596; UID 10258; state: ENABLED
09-01 20:10:53.570  6408  6408 W GeckoViewActivityContextDelegate: A non-activity context was set.
09-01 20:10:53.581  6408  6408 I BgSyncManager: Periodic syncing enabled: PeriodicSyncConfig(periodMinutes=240, initialDelayMinutes=5)
09-01 20:10:53.581  6408  6408 I FirefoxAccountStateMachine: Sync is enabled
09-01 20:10:53.587  6518  6518 D NetworkSecurityConfig: No Network Security Config specified, using platform default
09-01 20:10:53.587  6518  6518 D NetworkSecurityConfig: No Network Security Config specified, using platform default
09-01 20:10:53.605  6408  6484 E GeckoSession: String does not represent valid session state.
09-01 20:10:53.608  6408  6484 I chatty  : uid=10258(org.mozilla.firefox) identical 8 lines
09-01 20:10:53.609  6408  6484 E GeckoSession: String does not represent valid session state.
09-01 20:10:53.611  6518  6518 I ServiceChildProcess: onCreate
09-01 20:10:53.612  6518  6549 I GeckoThread: preparing to run Gecko
09-01 20:10:53.613  6408  6443 I libglean_ffi: glean_core::ping: Collecting baseline
09-01 20:10:53.619  6408  6457 I StartupTypeTelemetry: Recorded start up: cold_view
09-01 20:10:53.621  1513  3241 D ConnectivityService: requestNetwork for uid/pid:10258/6408 NetworkRequest [ TRACK_DEFAULT id=1685, [ Capabilities: INTERNET&NOT_RESTRICTED&TRUSTED Uid: 10258 AdministratorUids: [] RequestorUid: 10258 RequestorPackageName: org.mozilla.firefox] ]
09-01 20:10:53.622  1513  2000 D ConnectivityService: NetReassign [1685 : null → 100]
09-01 20:10:53.622  6408  6443 I libglean_ffi: glean_core::upload::directory: Processing ping at: /data/user/0/org.mozilla.firefox/glean_data/pending_pings/f8ae27bc-739a-4451-a563-24a4ddaaf41c
09-01 20:10:53.622  1513  1996 D WifiNetworkFactory: got request NetworkRequest [ TRACK_DEFAULT id=1685, [ Capabilities: INTERNET&NOT_RESTRICTED&TRUSTED Uid: 10258 AdministratorUids: [] RequestorUid: 10258 RequestorPackageName: org.mozilla.firefox] ] with score 60 and providerId 5
09-01 20:10:53.622  1513  2038 D Ethernet: got request NetworkRequest [ TRACK_DEFAULT id=1685, [ Capabilities: INTERNET&NOT_RESTRICTED&TRUSTED Uid: 10258 AdministratorUids: [] RequestorUid: 10258 RequestorPackageName: org.mozilla.firefox] ] with score 60 and providerId 5
09-01 20:10:53.622  1513  1996 D UntrustedWifiNetworkFactory: got request NetworkRequest [ TRACK_DEFAULT id=1685, [ Capabilities: INTERNET&NOT_RESTRICTED&TRUSTED Uid: 10258 AdministratorUids: [] RequestorUid: 10258 RequestorPackageName: org.mozilla.firefox] ] with score 60 and providerId 5
09-01 20:10:53.622  1513  2037 D WIFI_AWARE_FACTORY: got request NetworkRequest [ TRACK_DEFAULT id=1685, [ Capabilities: INTERNET&NOT_RESTRICTED&TRUSTED Uid: 10258 AdministratorUids: [] RequestorUid: 10258 RequestorPackageName: org.mozilla.firefox] ] with score 60 and providerId 5
09-01 20:10:53.622  2474  2474 D PhoneSwitcherNetworkRequstListener: got request NetworkRequest [ TRACK_DEFAULT id=1685, [ Capabilities: INTERNET&NOT_RESTRICTED&TRUSTED Uid: 10258 AdministratorUids: [] RequestorUid: 10258 RequestorPackageName: org.mozilla.firefox] ] with score 60 and providerId 5
09-01 20:10:53.624  6408  6551 I FirefoxAccountStateMachine: Processing event 'mozilla.components.service.fxa.manager.Event$Account$Start@96005f' for state Idle(accountState=NotAuthenticated). Next state is Active(progressState=Initializing)
09-01 20:10:53.626   594 28441 I SDM     : HWDeviceDRM::UpdateMixerAttributes: Mixer WxH 1080x2340-1 for Peripheral
09-01 20:10:53.626   594 28441 I SDM     : DisplayBase::SetActiveConfig: Active configuration changed to: 0
09-01 20:10:53.626   594 28441 I SDM     : StrategyImpl::SetIdleTimeoutMs: Idle timeout set to zero for command mode panels
09-01 20:10:53.635  6408  6443 I libglean_ffi: glean_core::metrics::ping: The ping 'baseline' was submitted and will be sent as soon as possible
09-01 20:10:53.639   901  2806 I sensors-hal: [ssc_utils]get_qmi_debug_flag:244, support_qmi_debug : false
09-01 20:10:53.641  1513  1572 I DisplayManagerService: Display device changed: DisplayDeviceInfo{"Built-in Screen": uniqueId="local:19260504575090817", 1080 x 2340, modeId 2, defaultModeId 2, supportedModes [{id=1, width=1080, height=2340, fps=90.0}, {id=2, width=1080, height=2340, fps=60.000004}], colorMode 0, supportedColorModes [0, 7, 9], HdrCapabilities HdrCapabilities{mSupportedHdrTypes=[2, 3, 4], mMaxLuminance=500.0, mMaxAverageLuminance=500.0, mMinLuminance=0.0}, allmSupported false, gameContentTypeSupported false, density 440, 435.428 x 433.839 dpi, appVsyncOff 2333332, presDeadline 11500000, cutout DisplayCutout{insets=Rect(0, 136 - 0, 0) waterfall=Insets{left=0, top=0, right=0, bottom=0} boundingRect={Bounds=[Rect(0, 0 - 0, 0), Rect(0, 0 - 136, 136), Rect(0, 0 - 0, 0), Rect(0, 0 - 0, 0)]}}, touch INTERNAL, rotation 0, type INTERNAL, address {port=129, model=0x446d53ad64a0}, deviceProductInfo DeviceProductInfo{name=, manufacturerPnpId=QCM, productId=1, modelYear=null, manufactureDate=ManufactureDate{week=27, year=2006}, relativeAddress=null}, state ON, FLAG_DEFAULT_DISPLAY, FLAG_ROTATES_WITH_CONTENT, FLAG_SECURE, FLAG_SUPPORTS_PROTECTED_BUFFERS}
09-01 20:10:53.642  6408  6485 I AdrenoGLES-0: QUALCOMM build                   : 35605c3, Ia11ce2d146
09-01 20:10:53.642  6408  6485 I AdrenoGLES-0: Build Date                       : 09/02/20
09-01 20:10:53.642  6408  6485 I AdrenoGLES-0: OpenGL ES Shader Compiler Version: EV031.31.04.00
09-01 20:10:53.642  6408  6485 I AdrenoGLES-0: Local Branch                     : gfx-adreno.lnx.2.0
09-01 20:10:53.642  6408  6485 I AdrenoGLES-0: Remote Branch                    : 
09-01 20:10:53.642  6408  6485 I AdrenoGLES-0: Remote Branch                    : 
09-01 20:10:53.642  6408  6485 I AdrenoGLES-0: Reconstruct Branch               : 
09-01 20:10:53.642  6408  6485 I AdrenoGLES-0: Build Config                     : S P 10.0.4 AArch64
09-01 20:10:53.642  6408  6485 I AdrenoGLES-0: Driver Path                      : /vendor/lib64/egl/libGLESv2_adreno.so
09-01 20:10:53.645   594 28441 I SDM     : StrategyImpl::SetIdleTimeoutMs: Idle timeout set to zero for command mode panels
09-01 20:10:53.648   901  1000 W ASH     : @ 37040.101: Unhandled msg ID 999: line 1277
09-01 20:10:53.648   901  1000 E ASH     : @ 37040.101: No pb callback assigned
09-01 20:10:53.648   901  1000 E ASH     : @ 37040.101: Nanopb error: callback failed:1588
09-01 20:10:53.655  6408  6485 I AdrenoGLES-0: PFP: 0x016dd090, ME: 0x00000000
09-01 20:10:53.665  6408  6485 W AdrenoUtils: <ReadGpuID_from_sysfs:197>: Failed to open /sys/class/kgsl/kgsl-3d0/gpu_model
09-01 20:10:53.665  6408  6485 W AdrenoUtils: <ReadGpuID:221>: Failed to read chip ID from gpu_model. Fallback to use the GSL path
09-01 20:10:53.690  1513  1572 D EventSequenceValidator: dec AccIntentStartedEvents to 1
09-01 20:10:53.695  1513  1622 D ArtManagerInternalImpl: /data/misc/iorapd/org.mozilla.firefox/2015969571/org.mozilla.fenix.HomeActivity/compiled_traces/compiled_trace.pb doesn't exist
09-01 20:10:53.697  1513  1622 I ActivityTaskManager: Displayed org.mozilla.firefox/org.mozilla.fenix.HomeActivity: +508ms
09-01 20:10:53.703  1513  1572 I DisplayManagerService: Display device changed: DisplayDeviceInfo{"Built-in Screen": uniqueId="local:19260504575090817", 1080 x 2340, modeId 1, defaultModeId 2, supportedModes [{id=1, width=1080, height=2340, fps=90.0}, {id=2, width=1080, height=2340, fps=60.000004}], colorMode 0, supportedColorModes [0, 7, 9], HdrCapabilities HdrCapabilities{mSupportedHdrTypes=[2, 3, 4], mMaxLuminance=500.0, mMaxAverageLuminance=500.0, mMinLuminance=0.0}, allmSupported false, gameContentTypeSupported false, density 440, 435.428 x 433.839 dpi, appVsyncOff 2333333, presDeadline 11500000, cutout DisplayCutout{insets=Rect(0, 136 - 0, 0) waterfall=Insets{left=0, top=0, right=0, bottom=0} boundingRect={Bounds=[Rect(0, 0 - 0, 0), Rect(0, 0 - 136, 136), Rect(0, 0 - 0, 0), Rect(0, 0 - 0, 0)]}}, touch INTERNAL, rotation 0, type INTERNAL, address {port=129, model=0x446d53ad64a0}, deviceProductInfo DeviceProductInfo{name=, manufacturerPnpId=QCM, productId=1, modelYear=null, manufactureDate=ManufactureDate{week=27, year=2006}, relativeAddress=null}, state ON, FLAG_DEFAULT_DISPLAY, FLAG_ROTATES_WITH_CONTENT, FLAG_SECURE, FLAG_SUPPORTS_PROTECTED_BUFFERS}
09-01 20:10:53.704   594 28441 I SDM     : HWDeviceDRM::UpdateMixerAttributes: Mixer WxH 1080x2340-1 for Peripheral
09-01 20:10:53.704   594 28441 I SDM     : DisplayBase::SetActiveConfig: Active configuration changed to: 1
09-01 20:10:53.704   594 28441 I SDM     : StrategyImpl::SetIdleTimeoutMs: Idle timeout set to zero for command mode panels
09-01 20:10:53.712  6408  6551 I FirefoxAccount: Registering persistence callback
09-01 20:10:53.713  6408  6551 I FirefoxAccountStateMachine: Ran 'mozilla.components.service.fxa.manager.Event$Account$Start@96005f' side-effects for state Active(progressState=Initializing), got successive event mozilla.components.service.fxa.manager.Event$Progress$AccountNotFound@8492c70
09-01 20:10:53.713  6408  6551 I FirefoxAccountStateMachine: Processing event 'mozilla.components.service.fxa.manager.Event$Progress$AccountNotFound@8492c70' for state Active(progressState=Initializing). Next state is Idle(accountState=NotAuthenticated)
09-01 20:10:53.716   901  2806 I sensors-hal: [ssc_utils]get_qmi_debug_flag:244, support_qmi_debug : false
09-01 20:10:53.722  6408  6456 W logins::schema: user_version: 2
09-01 20:10:53.726   901  1000 W ASH     : @ 37040.179: Unhandled msg ID 999: line 1277
09-01 20:10:53.726   901  1000 E ASH     : @ 37040.179: No pb callback assigned
09-01 20:10:53.726   901  1000 E ASH     : @ 37040.179: Nanopb error: callback failed:1588
09-01 20:10:53.785  2858  2858 I GoogleInputMethodService: GoogleInputMethodService.onFinishInput():3280 
09-01 20:10:53.786  2858  2858 I GoogleInputMethodService: GoogleInputMethodService.updateDeviceLockedStatus():2169 repeatCheckTimes = 0, unlocked = true
09-01 20:10:53.786  2858  2858 I GoogleInputMethodService: GoogleInputMethodService.onStartInput():1960 onStartInput(EditorInfo{inputType=0x0(NULL) imeOptions=0x0 privateImeOptions=null actionName=UNSPECIFIED actionLabel=null actionId=0 initialSelStart=-1 initialSelEnd=-1 initialCapsMode=0x0 hintText=null label=null packageName=org.mozilla.firefox fieldId=-1 fieldName=null extras=null}, false)
09-01 20:10:53.786  2858  2858 I GoogleInputMethodService: GoogleInputMethodService.shouldHideHeaderOnInitialState():4081 ShouldHideHeaderOnInitialState = false
09-01 20:10:53.787  2858  2858 I GoogleInputMethodService: GoogleInputMethodService.updateDeviceLockedStatus():2169 repeatCheckTimes = 2, unlocked = true
09-01 20:10:53.810  6408  6590 I libglean_ffi: glean_core::upload: New upload task with id 7f7d8eaf-9782-4459-b5f9-cfd50cc461b5 (path: /submit/org-mozilla-firefox/events/1/7f7d8eaf-9782-4459-b5f9-cfd50cc461b5)
09-01 20:10:53.862  1513  3221 D CompatibilityChangeReporter: Compat change id reported: 135634846; UID 10258; state: DISABLED
09-01 20:10:53.862  1513  3221 D CompatibilityChangeReporter: Compat change id reported: 135754954; UID 10258; state: ENABLED
09-01 20:10:53.862  1513  1625 D CompatibilityChangeReporter: Compat change id reported: 143937733; UID 10258; state: ENABLED
09-01 20:10:53.882  6408  6408 I SessionPrioritizationMiddleware: Update the currentSelectedTab 591d950f-90f9-4b2b-8afe-548aad371cd5 priority to HIGH
09-01 20:10:53.885   778   778 D Zygote  : Forked child process 6594
09-01 20:10:53.892  1513  1625 I ActivityManager: Start proc 6594:org.mozilla.firefox:gpu/u0a258 for service {org.mozilla.firefox/org.mozilla.gecko.process.GeckoChildProcessServices$gpu}
09-01 20:10:53.898  6594  6594 E lla.firefox:gp: Not starting debugger since process cannot load the jdwp agent.
09-01 20:10:53.916  1513  3221 D CompatibilityChangeReporter: Compat change id reported: 136274596; UID 10258; state: ENABLED
09-01 20:10:53.926  1513  2180 W ActivityManager: Receiver with filter android.content.IntentFilter@fb67a8 already registered for pid 6408, callerPackage is org.mozilla.firefox
09-01 20:10:53.946  6594  6594 D NetworkSecurityConfig: No Network Security Config specified, using platform default
09-01 20:10:53.946  6594  6594 D NetworkSecurityConfig: No Network Security Config specified, using platform default
09-01 20:10:53.956  6594  6594 I ServiceChildProcess: onCreate
09-01 20:10:53.957  6594  6620 I GeckoThread: preparing to run Gecko
09-01 20:10:53.967  6594  6620 I GeckoLoader: Library base=/data/app/~~BtOtpENtY_8SJVQLgbYgRg==/org.mozilla.firefox-ZoJ8FBGk3KN0nHoYkPw1IA==/lib/arm64
09-01 20:10:53.967  6594  6620 I GeckoLoader: Library base=/data/app/~~BtOtpENtY_8SJVQLgbYgRg==/org.mozilla.firefox-ZoJ8FBGk3KN0nHoYkPw1IA==/lib/arm64
09-01 20:10:53.968  6594  6620 E GeckoLibLoad: Load sqlite start
09-01 20:10:53.969  6594  6620 E GeckoLibLoad: Load sqlite done
09-01 20:10:53.969  6594  6620 I GeckoLoader: Library base=/data/app/~~BtOtpENtY_8SJVQLgbYgRg==/org.mozilla.firefox-ZoJ8FBGk3KN0nHoYkPw1IA==/lib/arm64
09-01 20:10:53.969  6594  6620 E GeckoLibLoad: Load nss start
09-01 20:10:53.969  6594  6620 E GeckoLibLoad: Load nss done
09-01 20:10:53.969  6594  6620 I GeckoLoader: Library base=/data/app/~~BtOtpENtY_8SJVQLgbYgRg==/org.mozilla.firefox-ZoJ8FBGk3KN0nHoYkPw1IA==/lib/arm64
09-01 20:10:53.980  6594  6620 E GeckoLibLoad: Loaded libs in 10.411251ms total, 3ms(3ms) user, 6ms(6ms) system, 0(0) faults
09-01 20:10:53.980  6594  6620 W GeckoThread: zerdatime 37037205 - runGecko
09-01 20:10:54.014  6408  6475 W ActivityThread: ClassLoader.getResources: The class loader returned by Thread.getContextClassLoader() may fail for processes that host multiple applications. You should explicitly specify a context class loader. For example: Thread.setContextClassLoader(getClass().getClassLoader());
09-01 20:10:54.022  2158  2158 I WallpaperService: engine paused
09-01 20:10:54.022   901   901 I sensors-hal: [hal]activate_physical_sensor:238, android.sensor.gyroscope/41 en=0
09-01 20:10:54.027   901   901 D Diag_Lib: diag: Diag_LSM_DeInit done for pid: 901
09-01 20:10:54.027   901   901 D Diag_Lib: diag: Diag_LSM_DeInit done for pid: 901
09-01 20:10:54.027   901   901 I sensors-hal: [hal]activate_physical_sensor:249, android.sensor.gyroscope/41 en=0 completed
09-01 20:10:54.035  6594  6636 I AdrenoGLES-0: QUALCOMM build                   : 35605c3, Ia11ce2d146
09-01 20:10:54.035  6594  6636 I AdrenoGLES-0: Build Date                       : 09/02/20
09-01 20:10:54.035  6594  6636 I AdrenoGLES-0: OpenGL ES Shader Compiler Version: EV031.31.04.00
09-01 20:10:54.035  6594  6636 I AdrenoGLES-0: Local Branch                     : gfx-adreno.lnx.2.0
09-01 20:10:54.035  6594  6636 I AdrenoGLES-0: Remote Branch                    : 
09-01 20:10:54.035  6594  6636 I AdrenoGLES-0: Remote Branch                    : 
09-01 20:10:54.035  6594  6636 I AdrenoGLES-0: Reconstruct Branch               : 
09-01 20:10:54.035  6594  6636 I AdrenoGLES-0: Build Config                     : S P 10.0.4 AArch64
09-01 20:10:54.035  6594  6636 I AdrenoGLES-0: Driver Path                      : /vendor/lib64/egl/libGLESv2_adreno.so
09-01 20:10:54.041  3088  3667 I AssistantForeground: (REDACTED) Get launcher package: %s
09-01 20:10:54.050  6594  6636 I AdrenoGLES-0: PFP: 0x016dd090, ME: 0x00000000
09-01 20:10:54.058  6594  6636 W AdrenoUtils: <ReadGpuID_from_sysfs:197>: Failed to open /sys/class/kgsl/kgsl-3d0/gpu_model
09-01 20:10:54.058  6594  6636 W AdrenoUtils: <ReadGpuID:221>: Failed to read chip ID from gpu_model. Fallback to use the GSL path
09-01 20:10:54.071  6518  6549 I GeckoLoader: Library base=/data/app/~~BtOtpENtY_8SJVQLgbYgRg==/org.mozilla.firefox-ZoJ8FBGk3KN0nHoYkPw1IA==/lib/arm64
09-01 20:10:54.072  6518  6549 I GeckoLoader: Library base=/data/app/~~BtOtpENtY_8SJVQLgbYgRg==/org.mozilla.firefox-ZoJ8FBGk3KN0nHoYkPw1IA==/lib/arm64
09-01 20:10:54.072  6518  6549 E GeckoLibLoad: Load sqlite start
09-01 20:10:54.075  6408  6444 W VideoCapabilities: Unrecognized level 1879048707 for video/x-vnd.on2.vp8
09-01 20:10:54.075  6518  6549 E GeckoLibLoad: Load sqlite done
09-01 20:10:54.075  6408  6444 W VideoCapabilities: Unrecognized profile 1879048704 for video/x-vnd.on2.vp8
09-01 20:10:54.075  6408  6444 W VideoCapabilities: Unrecognized level 1879048707 for video/x-vnd.on2.vp8
09-01 20:10:54.075  6408  6444 W VideoCapabilities: Unrecognized profile 1879048704 for video/x-vnd.on2.vp8
09-01 20:10:54.075  6518  6549 I GeckoLoader: Library base=/data/app/~~BtOtpENtY_8SJVQLgbYgRg==/org.mozilla.firefox-ZoJ8FBGk3KN0nHoYkPw1IA==/lib/arm64
09-01 20:10:54.075  6518  6549 E GeckoLibLoad: Load nss start
09-01 20:10:54.075  6518  6549 E GeckoLibLoad: Load nss done
09-01 20:10:54.075  6518  6549 I GeckoLoader: Library base=/data/app/~~BtOtpENtY_8SJVQLgbYgRg==/org.mozilla.firefox-ZoJ8FBGk3KN0nHoYkPw1IA==/lib/arm64
09-01 20:10:54.076  6408  6444 W VideoCapabilities: Unsupported mime image/vnd.android.heic
09-01 20:10:54.076  6408  6444 W VideoCapabilities: Unrecognized level 1879048707 for video/x-vnd.on2.vp8
09-01 20:10:54.076  6408  6444 W VideoCapabilities: Unrecognized profile 1879048704 for video/x-vnd.on2.vp8
09-01 20:10:54.076  6408  6444 W VideoCapabilities: Unrecognized level 1879048707 for video/x-vnd.on2.vp8
09-01 20:10:54.076  6408  6444 W VideoCapabilities: Unrecognized profile 1879048704 for video/x-vnd.on2.vp8
09-01 20:10:54.089  6408  6444 I GeckoSession: zerdatime 37037315 - chrome startup finished
09-01 20:10:54.093  6408  6408 I GeckoSession: handleMessage GeckoView:PageStart uri=
09-01 20:10:54.094  6408  6408 I GeckoSession: handleMessage GeckoView:PageStop uri=null
09-01 20:10:54.097  6518  6549 E GeckoLibLoad: Loaded libs in 21.759690ms total, 11ms(11ms) user, 8ms(8ms) system, 0(0) faults
09-01 20:10:54.097  6518  6549 W GeckoThread: zerdatime 37037323 - runGecko
09-01 20:10:54.101  2816 10247 I FontLog : Received query Noto Color Emoji Compat, URI content://com.google.android.gms.fonts [CONTEXT service_id=132 ]
09-01 20:10:54.101  2816 10247 I FontLog : Query [emojicompat-emoji-font] resolved to {Noto Color Emoji Compat, wdth 100.0, wght 400, ital 0.0, bestEffort false} [CONTEXT service_id=132 ]
09-01 20:10:54.103  2816 10247 I FontLog : Fetch {Noto Color Emoji Compat, wdth 100.0, wght 400, ital 0.0, bestEffort false} end status Status{statusCode=SUCCESS, resolution=null} [CONTEXT service_id=132 ]
09-01 20:10:54.106  2816 10247 I FontLog : Pulling font file for id = 1236, cache size = 5 [CONTEXT service_id=132 ]
09-01 20:10:54.109  2816 10247 I FontLog : Pulling font file for id = 1236, cache size = 5 [CONTEXT service_id=132 ]
09-01 20:10:54.127   901  1000 D VSC     : @ 37040.580: [WO] tilt angle 89
09-01 20:10:54.157  6408  6408 I WebExtension: releasePendingMessages: extension=fxa@mozac.org nativeApp=mozacWebchannel session=org.mozilla.geckoview.GeckoSession@c582859
09-01 20:10:54.157  6408  6408 I WebExtension: releasePendingMessages: extension=fxa@mozac.org nativeApp=mozacWebchannelBackground session=null
09-01 20:10:54.168  6408  6444 D GeckoIdleService: Registering Idle observer callback
09-01 20:10:54.168  6408  6444 D GeckoIdleService: Register idle observer 0x79ab32e6a0 for 180 seconds
09-01 20:10:54.168  6408  6444 D GeckoIdleService: Register: adjusting next switch from -1 to 180 seconds
09-01 20:10:54.168  6408  6444 D GeckoIdleService: next timeout 180000 msec from now
09-01 20:10:54.168  6408  6444 D GeckoIdleService: SetTimerExpiryIfBefore: next timeout 180000 msec from now
09-01 20:10:54.168  6408  6444 D GeckoIdleService: reset timer expiry to 180010 msec from now
09-01 20:10:54.168  6408  6408 I DefaultSupportedAddonsChecker: Unregister check for new supported add-ons
09-01 20:10:54.169  1513  8184 I AdrenoGLES-0: QUALCOMM build                   : 35605c3, Ia11ce2d146
09-01 20:10:54.169  1513  8184 I AdrenoGLES-0: Build Date                       : 09/02/20
09-01 20:10:54.169  1513  8184 I AdrenoGLES-0: OpenGL ES Shader Compiler Version: EV031.31.04.00
09-01 20:10:54.169  1513  8184 I AdrenoGLES-0: Local Branch                     : gfx-adreno.lnx.2.0
09-01 20:10:54.169  1513  8184 I AdrenoGLES-0: Remote Branch                    : 
09-01 20:10:54.169  1513  8184 I AdrenoGLES-0: Remote Branch                    : 
09-01 20:10:54.169  1513  8184 I AdrenoGLES-0: Reconstruct Branch               : 
09-01 20:10:54.169  1513  8184 I AdrenoGLES-0: Build Config                     : S P 10.0.4 AArch64
09-01 20:10:54.169  1513  8184 I AdrenoGLES-0: Driver Path                      : /vendor/lib64/egl/libGLESv2_adreno.so
09-01 20:10:54.172  6408  6444 D GeckoIdleService: Register idle observer 0x79541c4be8 for 5 seconds
09-01 20:10:54.172  6408  6444 D GeckoIdleService: Register: adjusting next switch from 180 to 5 seconds
09-01 20:10:54.172  6408  6444 D GeckoIdleService: next timeout 4995 msec from now
09-01 20:10:54.172  6408  6444 D GeckoIdleService: SetTimerExpiryIfBefore: next timeout 4995 msec from now
09-01 20:10:54.172  6408  6444 D GeckoIdleService: reset timer expiry to 5005 msec from now
09-01 20:10:54.177  1513  8184 I AdrenoGLES-0: PFP: 0x016dd090, ME: 0x00000000
09-01 20:10:54.180  6408  6408 I WebExtension: releasePendingMessages: extension=icons@mozac.org nativeApp=MozacBrowserIcons session=org.mozilla.geckoview.GeckoSession@c582859
09-01 20:10:54.186  6408  6408 I WebExtension: releasePendingMessages: extension=readerview@mozac.org nativeApp=mozacReaderview session=org.mozilla.geckoview.GeckoSession@c582859
09-01 20:10:54.186  6408  6408 I WebExtension: releasePendingMessages: extension=readerview@mozac.org nativeApp=mozacReaderviewActive session=org.mozilla.geckoview.GeckoSession@c582859
09-01 20:10:54.186  6408  6408 I WebExtension: releasePendingMessages: extension=readerview@mozac.org nativeApp=mozacReaderview session=org.mozilla.geckoview.GeckoSession@c582859
09-01 20:10:54.191  6408  6408 I WebExtension: releasePendingMessages: extension=ads@mozac.org nativeApp=MozacBrowserAdsMessage session=org.mozilla.geckoview.GeckoSession@c582859
09-01 20:10:54.192  6408  6408 I WebExtension: releasePendingMessages: extension=cookies@mozac.org nativeApp=MozacBrowserSearchMessage session=org.mozilla.geckoview.GeckoSession@c582859
09-01 20:10:54.200  6408  6408 I GeckoSession: handleMessage GeckoView:PageStart uri=
09-01 20:10:54.436  6408  6590 I libglean_ffi: glean_core::upload: Ping 7f7d8eaf-9782-4459-b5f9-cfd50cc461b5 successfully sent 200.
09-01 20:10:54.437  6408  6590 I libglean_ffi: glean_core::upload::directory: File was deleted /data/user/0/org.mozilla.firefox/glean_data/pending_pings/7f7d8eaf-9782-4459-b5f9-cfd50cc461b5
09-01 20:10:54.437  6408  6590 I libglean_ffi: glean_core::upload: New upload task with id 6d09ef69-4cd7-4cd2-8e6a-5eb2ecd9422a (path: /submit/org-mozilla-firefox/baseline/1/6d09ef69-4cd7-4cd2-8e6a-5eb2ecd9422a)
09-01 20:10:54.676  6408  6590 I libglean_ffi: glean_core::upload: Ping 6d09ef69-4cd7-4cd2-8e6a-5eb2ecd9422a successfully sent 200.
09-01 20:10:54.677  6408  6590 I libglean_ffi: glean_core::upload::directory: File was deleted /data/user/0/org.mozilla.firefox/glean_data/pending_pings/6d09ef69-4cd7-4cd2-8e6a-5eb2ecd9422a
09-01 20:10:54.677  6408  6590 I libglean_ffi: glean_core::upload: New upload task with id f8ae27bc-739a-4451-a563-24a4ddaaf41c (path: /submit/org-mozilla-firefox/baseline/1/f8ae27bc-739a-4451-a563-24a4ddaaf41c)
09-01 20:10:54.891  6408  6590 I libglean_ffi: glean_core::upload: Ping f8ae27bc-739a-4451-a563-24a4ddaaf41c successfully sent 200.
09-01 20:10:54.891  6408  6590 I libglean_ffi: glean_core::upload::directory: File was deleted /data/user/0/org.mozilla.firefox/glean_data/pending_pings/f8ae27bc-739a-4451-a563-24a4ddaaf41c
09-01 20:10:54.892  6408  6590 I libglean_ffi: glean_core::upload: No more pings to upload! You are done.
09-01 20:10:54.895  6408  6561 I WM-WorkerWrapper: Worker result SUCCESS for Work [ id=0cf0ada5-0f6c-4da1-8925-26569037a86f, tags={ mozilla.telemetry.glean.scheduler.PingUploadWorker, mozac_service_glean_ping_upload_worker } ]
09-01 20:10:54.904  1513  2000 D ConnectivityService: releasing NetworkRequest [ TRACK_DEFAULT id=1685, [ Capabilities: INTERNET&NOT_RESTRICTED&TRUSTED Uid: 10258 AdministratorUids: [] RequestorUid: 10258 RequestorPackageName: org.mozilla.firefox] ] (release request)
09-01 20:10:54.941  1513  3227 W UriGrantsManagerService: No permission grants found for com.google.android.apps.photos
09-01 20:10:55.012  1513  3227 I chatty  : uid=1000(system) Binder:1513_12 identical 4 lines
09-01 20:10:55.013  1513  3227 W UriGrantsManagerService: No permission grants found for com.google.android.apps.photos
09-01 20:10:55.225  1513  2000 D ConnectivityService: NetReassign [no changes]
09-01 20:10:55.366  6408  6423 I mozilla.firefo: Background young concurrent copying GC freed 442927(20MB) AllocSpace objects, 99(3484KB) LOS objects, 94% free, 5952KB/101MB, paused 315us total 150.203ms
09-01 20:10:55.679   901  2806 I sensors-hal: [ssc_utils]get_qmi_debug_flag:244, support_qmi_debug : false
09-01 20:10:55.726   901  1000 W ASH     : @ 37042.178: Unhandled msg ID 999: line 1277
09-01 20:10:55.726   901  1000 E ASH     : @ 37042.178: No pb callback assigned
09-01 20:10:55.726   901  1000 E ASH     : @ 37042.178: Nanopb error: callback failed:1588
09-01 20:10:55.750   901  1000 I ASH     : @ 37042.202: tcs3701: ADC is saturated, removed sample from FIFO.
09-01 20:10:56.167   901  1000 D VSC     : @ 37042.618: [WO] tilt angle 89
09-01 20:10:58.140   901  2806 I sensors-hal: [ssc_utils]get_qmi_debug_flag:244, support_qmi_debug : false
09-01 20:10:58.165   901  1000 W ASH     : @ 37044.618: Unhandled msg ID 999: line 1277
09-01 20:10:58.165   901  1000 E ASH     : @ 37044.618: No pb callback assigned
09-01 20:10:58.165   901  1000 E ASH     : @ 37044.618: Nanopb error: callback failed:1588
09-01 20:10:58.165   901  1000 D VSC     : @ 37044.618: [WO] tilt angle 89
09-01 20:10:58.235   901  2806 I sensors-hal: [ssc_utils]get_qmi_debug_flag:244, support_qmi_debug : false
09-01 20:10:58.245  1513  2000 D ConnectivityService: NetReassign [no changes]
09-01 20:10:58.249   901  1000 W ASH     : @ 37044.701: Unhandled msg ID 999: line 1277
09-01 20:10:58.249   901  1000 E ASH     : @ 37044.701: No pb callback assigned
09-01 20:10:58.249   901  1000 E ASH     : @ 37044.701: Nanopb error: callback failed:1588
09-01 20:10:58.458  6724  6724 W app_process: type=1400 audit(0.0:4554): avc: denied { read } for name="u:object_r:device_config_runtime_native_boot_prop:s0" dev="tmpfs" ino=10163 scontext=u:r:shell:s0 tcontext=u:object_r:device_config_runtime_native_boot_prop:s0 tclass=file permissive=0
09-01 20:10:58.458  6724  6724 I chatty  : uid=2000(shell) app_process identical 2 lines
09-01 20:10:58.458  6724  6724 W app_process: type=1400 audit(0.0:4557): avc: denied { read } for name="u:object_r:device_config_runtime_native_boot_prop:s0" dev="tmpfs" ino=10163 scontext=u:r:shell:s0 tcontext=u:object_r:device_config_runtime_native_boot_prop:s0 tclass=file permissive=0
09-01 20:10:58.460  6724  6724 D AndroidRuntime: >>>>>> START com.android.internal.os.RuntimeInit uid 2000 <<<<<<
09-01 20:10:58.462  6724  6724 E libc    : Access denied finding property "persist.device_config.runtime_native_boot.profilebootclasspath"
09-01 20:10:58.462  6724  6724 E libc    : Access denied finding property "persist.device_config.runtime_native_boot.enable_apex_image"
09-01 20:10:58.462  6724  6724 I AndroidRuntime: Using default boot image
09-01 20:10:58.462  6724  6724 E libc    : Access denied finding property "persist.device_config.runtime_native_boot.disable_lock_profiling"
09-01 20:10:58.462  6724  6724 I AndroidRuntime: Leaving lock profiling enabled
09-01 20:10:58.462  6724  6724 E libc    : Access denied finding property "persist.device_config.runtime_native_boot.enable_generational_cc"
09-01 20:10:58.522  6724  6724 D app_process: Time zone APEX ICU file found: /apex/com.android.tzdata/etc/icu/icu_tzdata.dat
09-01 20:10:58.522  6724  6724 D app_process: I18n APEX ICU file found: /apex/com.android.i18n/etc/icu/icudt66l.dat
09-01 20:10:58.528  6724  6724 I app_process: The ClassLoaderContext is a special shared library.
09-01 20:10:58.538  6724  6724 W app_process: JNI RegisterNativeMethods: attempt to register 0 native methods for android.media.AudioAttributes
09-01 20:10:58.542  6724  6724 D AndroidRuntime: Calling main entry com.android.commands.input.Input
09-01 20:10:58.552  6724  6724 D AndroidRuntime: Shutting down VM
09-01 20:10:58.557  2858  2858 I GoogleInputMethodService: GoogleInputMethodService.onFinishInput():3280 
09-01 20:10:58.558   901  2806 I sensors-hal: [ssc_utils]get_qmi_debug_flag:244, support_qmi_debug : false
09-01 20:10:58.560  2858  2858 I GoogleInputMethodService: GoogleInputMethodService.updateDeviceLockedStatus():2169 repeatCheckTimes = 0, unlocked = true
09-01 20:10:58.560  2858  2858 I GoogleInputMethodService: GoogleInputMethodService.onStartInput():1960 onStartInput(EditorInfo{inputType=0x0(NULL) imeOptions=0x1 privateImeOptions=null actionName=NONE actionLabel=null actionId=0 initialSelStart=-1 initialSelEnd=-1 initialCapsMode=0x0 hintText=null label=null packageName=org.mozilla.firefox fieldId=-1 fieldName=null extras=null}, false)
09-01 20:10:58.561  2858  2858 I GoogleInputMethodService: GoogleInputMethodService.shouldHideHeaderOnInitialState():4081 ShouldHideHeaderOnInitialState = false
09-01 20:10:58.561  2858  2858 I GoogleInputMethodService: GoogleInputMethodService.updateDeviceLockedStatus():2169 repeatCheckTimes = 2, unlocked = true
09-01 20:10:58.566   901  1000 W ASH     : @ 37045.019: Unhandled msg ID 999: line 1277
09-01 20:10:58.566   901  1000 E ASH     : @ 37045.019: No pb callback assigned
09-01 20:10:58.566   901  1000 E ASH     : @ 37045.019: Nanopb error: callback failed:1588
09-01 20:10:58.648  6408  6408 I glean/Glean: Registering pings for org.mozilla.fenix.GleanMetrics.Pings
09-01 20:10:58.652   901  2806 I sensors-hal: [ssc_utils]get_qmi_debug_flag:244, support_qmi_debug : false
09-01 20:10:58.654  6408  6460 I FenixApplication: Running post-visual completeness tasks...
09-01 20:10:58.654  6408  6460 I FenixApplication: Storage initialization...
09-01 20:10:58.654  6408  6460 I PlacesHistoryStorage: Warming up places storage...
09-01 20:10:58.660  6408  6408 I ColdStartupDuration: COLD VIEW Application.<init> to first frame: 398 ms
09-01 20:10:58.660  6408  6408 I FenixApplication: Kicking-off account manager...
09-01 20:10:58.660  6408  6408 I FenixApplication: 'Kicking-off account manager' took 0 ms
09-01 20:10:58.661  6408  6460 I PlacesHistoryStorage: 'Warming up places storage' took 6 ms
09-01 20:10:58.661  6408  6460 I PlacesBookmarksStorage: Warming up places storage...
09-01 20:10:58.661  6408  6460 I PlacesBookmarksStorage: 'Warming up places storage' took 0 ms
09-01 20:10:58.661  6408  6460 I SyncableLoginsStorage: Warming up storage...
09-01 20:10:58.661  6408  6460 I SyncableLoginsStorage: 'Warming up storage' took 0 ms
09-01 20:10:58.661  6408  6460 I AutofillCCAddressesStorage: Warming up storage...
09-01 20:10:58.661  6408  6460 I AutofillCCAddressesStorage: 'Warming up storage' took 0 ms
09-01 20:10:58.688   901  1000 W ASH     : @ 37045.141: Unhandled msg ID 999: line 1277
09-01 20:10:58.688   901  1000 E ASH     : @ 37045.141: No pb callback assigned
09-01 20:10:58.688   901  1000 E ASH     : @ 37045.141: Nanopb error: callback failed:1588
09-01 20:10:58.716   901  1000 I ASH     : @ 37045.169: tcs3701: ADC is saturated, removed sample from FIFO.
09-01 20:10:58.751   901  2806 I sensors-hal: [ssc_utils]get_qmi_debug_flag:244, support_qmi_debug : false
09-01 20:10:58.754   594 28441 I SDM     : HWDeviceDRM::UpdateMixerAttributes: Mixer WxH 1080x2340-1 for Peripheral
09-01 20:10:58.754   594 28441 I SDM     : DisplayBase::SetActiveConfig: Active configuration changed to: 0
09-01 20:10:58.754   594 28441 I SDM     : StrategyImpl::SetIdleTimeoutMs: Idle timeout set to zero for command mode panels
09-01 20:10:58.763   901  2806 I sensors-hal: [ssc_utils]get_qmi_debug_flag:244, support_qmi_debug : false
09-01 20:10:58.764  1513  1572 I DisplayManagerService: Display device changed: DisplayDeviceInfo{"Built-in Screen": uniqueId="local:19260504575090817", 1080 x 2340, modeId 2, defaultModeId 2, supportedModes [{id=1, width=1080, height=2340, fps=90.0}, {id=2, width=1080, height=2340, fps=60.000004}], colorMode 0, supportedColorModes [0, 7, 9], HdrCapabilities HdrCapabilities{mSupportedHdrTypes=[2, 3, 4], mMaxLuminance=500.0, mMaxAverageLuminance=500.0, mMinLuminance=0.0}, allmSupported false, gameContentTypeSupported false, density 440, 435.428 x 433.839 dpi, appVsyncOff 2333332, presDeadline 11500000, cutout DisplayCutout{insets=Rect(0, 136 - 0, 0) waterfall=Insets{left=0, top=0, right=0, bottom=0} boundingRect={Bounds=[Rect(0, 0 - 0, 0), Rect(0, 0 - 136, 136), Rect(0, 0 - 0, 0), Rect(0, 0 - 0, 0)]}}, touch INTERNAL, rotation 0, type INTERNAL, address {port=129, model=0x446d53ad64a0}, deviceProductInfo DeviceProductInfo{name=, manufacturerPnpId=QCM, productId=1, modelYear=null, manufactureDate=ManufactureDate{week=27, year=2006}, relativeAddress=null}, state ON, FLAG_DEFAULT_DISPLAY, FLAG_ROTATES_WITH_CONTENT, FLAG_SECURE, FLAG_SUPPORTS_PROTECTED_BUFFERS}
09-01 20:10:58.765   901  1000 W ASH     : @ 37045.218: Unhandled msg ID 999: line 1277
09-01 20:10:58.765   901  1000 E ASH     : @ 37045.218: No pb callback assigned
09-01 20:10:58.765   901  1000 E ASH     : @ 37045.218: Nanopb error: callback failed:1588
09-01 20:10:58.777   594 28441 I SDM     : StrategyImpl::SetIdleTimeoutMs: Idle timeout set to zero for command mode panels
09-01 20:10:58.805   901  1000 W ASH     : @ 37045.258: Unhandled msg ID 999: line 1277
09-01 20:10:58.805   901  1000 E ASH     : @ 37045.258: No pb callback assigned
09-01 20:10:58.805   901  1000 E ASH     : @ 37045.258: Nanopb error: callback failed:1588
09-01 20:10:58.960  6408  6460 I FenixApplication: 'Storage initialization' took 305 ms
09-01 20:10:59.095  6767  6769 I cmd     : oneway function results will be dropped but finished with status OK and parcel size 4
09-01 20:10:59.101  6350  6350 I BatteryMgr:DataCollectionService: onStartCommand: begin
09-01 20:10:59.101  6350  6350 I BatteryMgr:DataCollectionService: onStartCommand: sampleRate => 100
09-01 20:10:59.101  6350  6350 I BatteryMgr:DataCollectionService: onStartCommand: rawFields => Timestamp,BATTERY_PROPERTY_CURRENT_NOW,EXTRA_VOLTAGE
09-01 20:10:59.102  6350  6350 I BatteryMgr:DataCollectionService: onStartCommand: notification done
09-01 20:10:59.104  1513  3240 D CompatibilityChangeReporter: Compat change id reported: 136219221; UID 10260; state: ENABLED
09-01 20:10:59.104  6350  6350 I BatteryMgr:DataCollectionService: started foreground
09-01 20:10:59.125  6350  6774 I BatteryMgr:DataCollectionService: collectData: begin
09-01 20:10:59.129  6350  6774 I BatteryMgr:DataCollectionService: stats => 1693591859129,7629,4409
09-01 20:10:59.178  6408  6444 D GeckoIdleService: Get idle time: time since reset 626 msec
09-01 20:10:59.178  6408  6444 D GeckoIdleService: Idle timer callback: current idle time 626 msec
09-01 20:10:59.178  6408  6444 D GeckoIdleService: next timeout 4373 msec from now
09-01 20:10:59.178  6408  6444 D GeckoIdleService: SetTimerExpiryIfBefore: next timeout 4373 msec from now
09-01 20:10:59.178  6408  6444 D GeckoIdleService: reset timer expiry to 4383 msec from now
09-01 20:10:59.236  6350  6774 I BatteryMgr:DataCollectionService: stats => 1693591859236,7629,4409
09-01 20:10:59.307  1513  1513 D NotificationService: 0|com.example.batterymanager_utility|1|null|10260: granting content://settings/system/notification_sound
09-01 20:10:59.308  1513  1513 I chatty  : uid=1000(system) Binder:1513_3 identical 3 lines
09-01 20:10:59.309  1513  1513 D NotificationService: 0|com.example.batterymanager_utility|1|null|10260: granting content://settings/system/notification_sound
