09-02 18:35:03.909  2750  2750 W ResourceType: For resource 0x7f150580, entry index(1408) is beyond type entryCount(281)
09-02 18:35:03.909  2750  2750 W ResourceType: For resource 0x7f15071e, entry index(1822) is beyond type entryCount(281)
09-02 18:35:03.909  2750  2750 W ResourceType: For resource 0x7f15017b, entry index(379) is beyond type entryCount(281)
09-02 18:35:03.909  2750  2750 W ResourceType: For resource 0x7f150283, entry index(643) is beyond type entryCount(281)
09-02 18:35:03.909  2750  2750 W ResourceType: For resource 0x7f1505a2, entry index(1442) is beyond type entryCount(281)
09-02 18:35:03.909  2750  2750 W ResourceType: For resource 0x7f1506f4, entry index(1780) is beyond type entryCount(281)
09-02 18:35:03.909  2750  2750 W ResourceType: For resource 0x7f150588, entry index(1416) is beyond type entryCount(281)
09-02 18:35:03.909  2750  2750 W ResourceType: For resource 0x7f15059f, entry index(1439) is beyond type entryCount(281)
09-02 18:35:03.909  2750  2750 W ResourceType: For resource 0x7f150649, entry index(1609) is beyond type entryCount(281)
09-02 18:35:03.909  2750  2750 W ResourceType: For resource 0x7f150442, entry index(1090) is beyond type entryCount(281)
09-02 18:35:03.909  2750  2750 W ResourceType: For resource 0x7f150718, entry index(1816) is beyond type entryCount(281)
09-02 18:35:03.909  2750  2750 W ResourceType: For resource 0x7f15017c, entry index(380) is beyond type entryCount(281)
09-02 18:35:03.909  2750  2750 W ResourceType: For resource 0x7f15059d, entry index(1437) is beyond type entryCount(281)
09-02 18:35:03.909  2750  2750 W ResourceType: For resource 0x7f15020a, entry index(522) is beyond type entryCount(281)
09-02 18:35:03.909  2750  2750 W ResourceType: For resource 0x7f150586, entry index(1414) is beyond type entryCount(281)
09-02 18:35:03.909  2750  2750 W ResourceType: For resource 0x7f15071c, entry index(1820) is beyond type entryCount(281)
09-02 18:35:03.909  2750  2750 W ResourceType: For resource 0x7f1502af, entry index(687) is beyond type entryCount(281)
09-02 18:35:03.909  2750  2750 W ResourceType: For resource 0x7f150274, entry index(628) is beyond type entryCount(281)
09-02 18:35:03.909  2750  2750 W ResourceType: For resource 0x7f150244, entry index(580) is beyond type entryCount(281)
09-02 18:35:03.909  2750  2750 W ResourceType: For resource 0x7f150274, entry index(628) is beyond type entryCount(281)
09-02 18:35:03.909  2750  2750 W ResourceType: For resource 0x7f150372, entry index(882) is beyond type entryCount(281)
09-02 18:35:03.909  2750  2750 W ResourceType: For resource 0x7f15035b, entry index(859) is beyond type entryCount(281)
09-02 18:35:03.909  2750  2750 W ResourceType: For resource 0x7f15035c, entry index(860) is beyond type entryCount(281)
09-02 18:35:03.909  2750  2750 W ResourceType: For resource 0x7f1502ad, entry index(685) is beyond type entryCount(281)
09-02 18:35:03.909  2750  2750 W ResourceType: For resource 0x7f150565, entry index(1381) is beyond type entryCount(281)
09-02 18:35:03.909  2750  2750 W ResourceType: For resource 0x7f150567, entry index(1383) is beyond type entryCount(281)
09-02 18:35:03.909  2750  2750 W ResourceType: For resource 0x7f150241, entry index(577) is beyond type entryCount(281)
09-02 18:35:03.910  2750  2750 I chatty  : uid=10158(u0_a158) identical 4 lines
09-02 18:35:03.910  2750  2750 W ResourceType: For resource 0x7f150241, entry index(577) is beyond type entryCount(281)
09-02 18:35:03.910  2750  2750 W ResourceType: For resource 0x7f1505bf, entry index(1471) is beyond type entryCount(281)
09-02 18:35:03.910  2750  2750 W ResourceType: For resource 0x7f150728, entry index(1832) is beyond type entryCount(281)
09-02 18:35:03.910  2750  2750 W ResourceType: For resource 0x7f1505bf, entry index(1471) is beyond type entryCount(281)
09-02 18:35:03.910  2750  2750 W ResourceType: For resource 0x7f150728, entry index(1832) is beyond type entryCount(281)
09-02 18:35:03.910  2750  2750 W ResourceType: For resource 0x7f150241, entry index(577) is beyond type entryCount(281)
09-02 18:35:03.910  2750  2750 W ResourceType: For resource 0x7f1505bf, entry index(1471) is beyond type entryCount(281)
09-02 18:35:03.910  2750  2750 W ResourceType: For resource 0x7f150728, entry index(1832) is beyond type entryCount(281)
09-02 18:35:03.910  2750  2750 W ResourceType: For resource 0x7f1505bf, entry index(1471) is beyond type entryCount(281)
09-02 18:35:03.910  2750  2750 W ResourceType: For resource 0x7f150728, entry index(1832) is beyond type entryCount(281)
09-02 18:35:03.910  2750  2750 W ResourceType: For resource 0x7f1505bf, entry index(1471) is beyond type entryCount(281)
09-02 18:35:03.910  2750  2750 W ResourceType: For resource 0x7f150728, entry index(1832) is beyond type entryCount(281)
09-02 18:35:03.910  2750  2750 W ResourceType: For resource 0x7f1505bf, entry index(1471) is beyond type entryCount(281)
09-02 18:35:03.911  2750  2750 W ResourceType: For resource 0x7f150728, entry index(1832) is beyond type entryCount(281)
09-02 18:35:03.911  2750  2750 W ResourceType: For resource 0x7f1505bf, entry index(1471) is beyond type entryCount(281)
09-02 18:35:03.911  2750  2750 W ResourceType: For resource 0x7f150728, entry index(1832) is beyond type entryCount(281)
09-02 18:35:03.911  2750  2750 W ResourceType: For resource 0x7f1505bf, entry index(1471) is beyond type entryCount(281)
09-02 18:35:03.911  2750  2750 W ResourceType: For resource 0x7f150728, entry index(1832) is beyond type entryCount(281)
09-02 18:35:03.911  2750  2750 W ResourceType: For resource 0x7f15050e, entry index(1294) is beyond type entryCount(281)
09-02 18:35:03.911  2750  2750 W ResourceType: For resource 0x7f15061f, entry index(1567) is beyond type entryCount(281)
09-02 18:35:03.911  2750  2750 W ResourceType: For resource 0x7f15061f, entry index(1567) is beyond type entryCount(281)
09-02 18:35:03.911  2750  2750 W ResourceType: For resource 0x7f15058c, entry index(1420) is beyond type entryCount(281)
09-02 18:35:03.911  2750  2750 W ResourceType: For resource 0x7f150590, entry index(1424) is beyond type entryCount(281)
09-02 18:35:03.911  2750  2750 W ResourceType: For resource 0x7f15058e, entry index(1422) is beyond type entryCount(281)
09-02 18:35:03.911  2750  2750 W ResourceType: For resource 0x7f1504c3, entry index(1219) is beyond type entryCount(281)
09-02 18:35:03.911  2750  2750 W ResourceType: For resource 0x7f15059e, entry index(1438) is beyond type entryCount(281)
09-02 18:35:03.911  2750  2750 W ResourceType: For resource 0x7f150282, entry index(642) is beyond type entryCount(281)
09-02 18:35:03.911  2750  2750 W ResourceType: For resource 0x7f1504c3, entry index(1219) is beyond type entryCount(281)
09-02 18:35:03.911  2750  2750 W ResourceType: For resource 0x7f150719, entry index(1817) is beyond type entryCount(281)
09-02 18:35:03.911  2750  2750 W ResourceType: For resource 0x7f150578, entry index(1400) is beyond type entryCount(281)
09-02 18:35:03.911  2750  2750 W ResourceType: For resource 0x7f150284, entry index(644) is beyond type entryCount(281)
09-02 18:35:03.911  2750  2750 W ResourceType: For resource 0x7f150579, entry index(1401) is beyond type entryCount(281)
09-02 18:35:03.911  2750  2750 W ResourceType: For resource 0x7f1505e7, entry index(1511) is beyond type entryCount(281)
09-02 18:35:03.911  2750  2750 W ResourceType: For resource 0x7f15071e, entry index(1822) is beyond type entryCount(281)
09-02 18:35:03.911  2750  2750 I chatty  : uid=10158(u0_a158) identical 2 lines
09-02 18:35:03.911  2750  2750 W ResourceType: For resource 0x7f15071e, entry index(1822) is beyond type entryCount(281)
09-02 18:35:03.911  2750  2750 W ResourceType: For resource 0x7f150580, entry index(1408) is beyond type entryCount(281)
09-02 18:35:03.911  2750  2750 W ResourceType: For resource 0x7f15071e, entry index(1822) is beyond type entryCount(281)
09-02 18:35:03.911  2750  2750 W ResourceType: For resource 0x7f15017b, entry index(379) is beyond type entryCount(281)
09-02 18:35:03.911  2750  2750 W ResourceType: For resource 0x7f150283, entry index(643) is beyond type entryCount(281)
09-02 18:35:03.911  2750  2750 W ResourceType: For resource 0x7f1505a2, entry index(1442) is beyond type entryCount(281)
09-02 18:35:03.911  2750  2750 W ResourceType: For resource 0x7f1506f4, entry index(1780) is beyond type entryCount(281)
09-02 18:35:03.912  2750  2750 W ResourceType: For resource 0x7f150588, entry index(1416) is beyond type entryCount(281)
09-02 18:35:03.912  2750  2750 W ResourceType: For resource 0x7f15059f, entry index(1439) is beyond type entryCount(281)
09-02 18:35:03.912  2750  2750 W ResourceType: For resource 0x7f150649, entry index(1609) is beyond type entryCount(281)
09-02 18:35:03.912  2750  2750 W ResourceType: For resource 0x7f150442, entry index(1090) is beyond type entryCount(281)
09-02 18:35:03.912  2750  2750 W ResourceType: For resource 0x7f150718, entry index(1816) is beyond type entryCount(281)
09-02 18:35:03.912  2750  2750 W ResourceType: For resource 0x7f15017c, entry index(380) is beyond type entryCount(281)
09-02 18:35:03.912  2750  2750 W ResourceType: For resource 0x7f15059d, entry index(1437) is beyond type entryCount(281)
09-02 18:35:03.912  2750  2750 W ResourceType: For resource 0x7f15020a, entry index(522) is beyond type entryCount(281)
09-02 18:35:03.912  2750  2750 W ResourceType: For resource 0x7f150586, entry index(1414) is beyond type entryCount(281)
09-02 18:35:03.912  2750  2750 W ResourceType: For resource 0x7f15071c, entry index(1820) is beyond type entryCount(281)
09-02 18:35:03.912  2750  2750 W ResourceType: For resource 0x7f1502af, entry index(687) is beyond type entryCount(281)
09-02 18:35:03.912  2750  2750 W ResourceType: For resource 0x7f150274, entry index(628) is beyond type entryCount(281)
09-02 18:35:03.912  2750  2750 W ResourceType: For resource 0x7f150244, entry index(580) is beyond type entryCount(281)
09-02 18:35:03.912  2750  2750 W ResourceType: For resource 0x7f150274, entry index(628) is beyond type entryCount(281)
09-02 18:35:03.912  2750  2750 W ResourceType: For resource 0x7f150372, entry index(882) is beyond type entryCount(281)
09-02 18:35:03.912  2750  2750 W ResourceType: For resource 0x7f15035b, entry index(859) is beyond type entryCount(281)
09-02 18:35:03.912  2750  2750 W ResourceType: For resource 0x7f15035c, entry index(860) is beyond type entryCount(281)
09-02 18:35:03.912  2750  2750 W ResourceType: For resource 0x7f1502ad, entry index(685) is beyond type entryCount(281)
09-02 18:35:03.912  2750  2750 W ResourceType: For resource 0x7f150565, entry index(1381) is beyond type entryCount(281)
09-02 18:35:03.912  2750  2750 W ResourceType: For resource 0x7f150567, entry index(1383) is beyond type entryCount(281)
09-02 18:35:03.912  2750  2750 W ResourceType: For resource 0x7f1505bd, entry index(1469) is beyond type entryCount(281)
09-02 18:35:03.912  2750  2750 I chatty  : uid=10158(u0_a158) identical 6 lines
09-02 18:35:03.912  2750  2750 W ResourceType: For resource 0x7f1505bd, entry index(1469) is beyond type entryCount(281)
09-02 18:35:03.916  3462  3462 I SurfaceFlinger: id=3875 createSurf (720x1280),4 flag=404, SurfaceView - com.opera.browser/com.opera.Opera@a9ff226@0#0
09-02 18:35:03.917  3462  3462 I SurfaceFlinger: id=3876 createSurf (720x1280),-1 flag=20404, Background for - SurfaceView - com.opera.browser/com.opera.Opera@a9ff226@0#0
09-02 18:35:03.918  2750  2750 D SurfaceView: BG show() Surface(name=Background for - SurfaceView - com.opera.browser/com.opera.Opera@a9ff226@0) android.view.SurfaceView{a9ff226 V.E...... ......ID 0,0-720,1280}
09-02 18:35:03.924  2750  2750 V Surface : sf_framedrop debug : 0x4f4c, game : false, logging : 0
09-02 18:35:03.924  2750  2750 D SurfaceView: surfaceCreated 1 android.view.SurfaceView{a9ff226 V.E...... ......ID 0,0-720,1280}
09-02 18:35:03.925  2750  2750 D SurfaceView: surfaceChanged (720,1280) 1 android.view.SurfaceView{a9ff226 V.E...... ......ID 0,0-720,1280}
09-02 18:35:03.933  2750  2755 I zygote  : Do full code cache collection, code=252KB, data=195KB
09-02 18:35:03.934  2750  2755 I zygote  : After code cache collection, code=221KB, data=147KB
09-02 18:35:03.953  3040  3040 W ResourceType: For resource 0x7f0c0068, entry index(104) is beyond type entryCount(100)
09-02 18:35:03.959  2931  2952 V Surface : sf_framedrop debug : 0x4f4c, game : false, logging : 0
09-02 18:35:03.961  2931  2952 D mali_winsys: EGLint new_window_surface(egl_winsys_display *, void *, EGLSurface, EGLConfig, egl_winsys_surface **, egl_color_buffer_format *, EGLBoolean) returns 0x3000,  [720x1280]-format:1
09-02 18:35:03.968  3979  4637 D ConnectivityService: filterNetworkStateForUid() uid: 10158 networkInfo: [type: WIFI[] - WIFI, state: CONNECTED/CONNECTED, reason: (unspecified), extra: "WiFi 69", failover: false, available: true, roaming: false, metered: false]
09-02 18:35:03.976  3979  5966 D PackageManager: setEnabledSetting : userId = 0 packageName = com.opera.browser cmp = com.opera.android.readlater.MigrationBroadcastReceiver newState = 2 callingPackage = 10158/com.opera.browser
09-02 18:35:03.986 10264 16954 I FontLog : Received query Noto Color Emoji Compat, URI content://com.google.android.gms.fonts [CONTEXT service_id=132 ]
09-02 18:35:03.987 10264 16954 I FontLog : Query [emojicompat-emoji-font] resolved to {Noto Color Emoji Compat, wdth 100.0, wght 400, ital 0.0, bestEffort false} [CONTEXT service_id=132 ]
09-02 18:35:03.989 10264 16954 I FontLog : Fetch {Noto Color Emoji Compat, wdth 100.0, wght 400, ital 0.0, bestEffort false} end status Status{statusCode=SUCCESS, resolution=null} [CONTEXT service_id=132 ]
09-02 18:35:03.998 10264 16954 I FontLog : Pulling font file for id = 1851, cache size = 5 [CONTEXT service_id=132 ]
09-02 18:35:03.999  2750  2750 I zygote  : Deoptimizing java.lang.Object gs4.a() due to JIT inline cache
09-02 18:35:04.005 10264 16954 I FontLog : Pulling font file for id = 1851, cache size = 5 [CONTEXT service_id=132 ]
09-02 18:35:04.016  2750  2750 W ResourceType: For resource 0x7f15050e, entry index(1294) is beyond type entryCount(281)
09-02 18:35:04.016  2750  2750 W ResourceType: For resource 0x7f15061f, entry index(1567) is beyond type entryCount(281)
09-02 18:35:04.016  2750  2750 W ResourceType: For resource 0x7f15061f, entry index(1567) is beyond type entryCount(281)
09-02 18:35:04.016  2750  2750 W ResourceType: For resource 0x7f15058c, entry index(1420) is beyond type entryCount(281)
09-02 18:35:04.016  2750  2750 W ResourceType: For resource 0x7f150590, entry index(1424) is beyond type entryCount(281)
09-02 18:35:04.016  2750  2750 W ResourceType: For resource 0x7f15058e, entry index(1422) is beyond type entryCount(281)
09-02 18:35:04.016  2750  2750 W ResourceType: For resource 0x7f1504c3, entry index(1219) is beyond type entryCount(281)
09-02 18:35:04.016  2750  2750 W ResourceType: For resource 0x7f15059e, entry index(1438) is beyond type entryCount(281)
09-02 18:35:04.016  2750  2750 W ResourceType: For resource 0x7f150282, entry index(642) is beyond type entryCount(281)
09-02 18:35:04.016  2750  2750 W ResourceType: For resource 0x7f1504c3, entry index(1219) is beyond type entryCount(281)
09-02 18:35:04.016  2750  2750 W ResourceType: For resource 0x7f150719, entry index(1817) is beyond type entryCount(281)
09-02 18:35:04.016  2750  2750 W ResourceType: For resource 0x7f150578, entry index(1400) is beyond type entryCount(281)
09-02 18:35:04.016  2750  2750 W ResourceType: For resource 0x7f150284, entry index(644) is beyond type entryCount(281)
09-02 18:35:04.016  2750  2750 W ResourceType: For resource 0x7f150579, entry index(1401) is beyond type entryCount(281)
09-02 18:35:04.016  2750  2750 W ResourceType: For resource 0x7f1505e7, entry index(1511) is beyond type entryCount(281)
09-02 18:35:04.016  2750  2750 W ResourceType: For resource 0x7f15071e, entry index(1822) is beyond type entryCount(281)
09-02 18:35:04.016  2750  2750 I chatty  : uid=10158(u0_a158) identical 2 lines
09-02 18:35:04.016  2750  2750 W ResourceType: For resource 0x7f15071e, entry index(1822) is beyond type entryCount(281)
09-02 18:35:04.016  2750  2750 W ResourceType: For resource 0x7f150580, entry index(1408) is beyond type entryCount(281)
09-02 18:35:04.016  2750  2750 W ResourceType: For resource 0x7f15071e, entry index(1822) is beyond type entryCount(281)
09-02 18:35:04.016  2750  2750 W ResourceType: For resource 0x7f15017b, entry index(379) is beyond type entryCount(281)
09-02 18:35:04.016  2750  2750 W ResourceType: For resource 0x7f150283, entry index(643) is beyond type entryCount(281)
09-02 18:35:04.016  2750  2750 W ResourceType: For resource 0x7f1505a2, entry index(1442) is beyond type entryCount(281)
09-02 18:35:04.016  2750  2750 W ResourceType: For resource 0x7f1506f4, entry index(1780) is beyond type entryCount(281)
09-02 18:35:04.016  2750  2750 W ResourceType: For resource 0x7f150588, entry index(1416) is beyond type entryCount(281)
09-02 18:35:04.016  2750  2750 W ResourceType: For resource 0x7f15059f, entry index(1439) is beyond type entryCount(281)
09-02 18:35:04.016  2750  2750 W ResourceType: For resource 0x7f150649, entry index(1609) is beyond type entryCount(281)
09-02 18:35:04.016  2750  2750 W ResourceType: For resource 0x7f150442, entry index(1090) is beyond type entryCount(281)
09-02 18:35:04.016  2750  2750 W ResourceType: For resource 0x7f150718, entry index(1816) is beyond type entryCount(281)
09-02 18:35:04.016  2750  2750 W ResourceType: For resource 0x7f15017c, entry index(380) is beyond type entryCount(281)
09-02 18:35:04.016  2750  2750 W ResourceType: For resource 0x7f15059d, entry index(1437) is beyond type entryCount(281)
09-02 18:35:04.016  2750  2750 W ResourceType: For resource 0x7f15020a, entry index(522) is beyond type entryCount(281)
09-02 18:35:04.016  2750  2750 W ResourceType: For resource 0x7f150586, entry index(1414) is beyond type entryCount(281)
09-02 18:35:04.016  2750  2750 W ResourceType: For resource 0x7f15071c, entry index(1820) is beyond type entryCount(281)
09-02 18:35:04.016  2750  2750 W ResourceType: For resource 0x7f1502af, entry index(687) is beyond type entryCount(281)
09-02 18:35:04.016  2750  2750 W ResourceType: For resource 0x7f150274, entry index(628) is beyond type entryCount(281)
09-02 18:35:04.016  2750  2750 W ResourceType: For resource 0x7f150244, entry index(580) is beyond type entryCount(281)
09-02 18:35:04.016  2750  2750 W ResourceType: For resource 0x7f150274, entry index(628) is beyond type entryCount(281)
09-02 18:35:04.016  2750  2750 W ResourceType: For resource 0x7f150372, entry index(882) is beyond type entryCount(281)
09-02 18:35:04.016  2750  2750 W ResourceType: For resource 0x7f15035b, entry index(859) is beyond type entryCount(281)
09-02 18:35:04.016  2750  2750 W ResourceType: For resource 0x7f15035c, entry index(860) is beyond type entryCount(281)
09-02 18:35:04.016  2750  2750 W ResourceType: For resource 0x7f1502ad, entry index(685) is beyond type entryCount(281)
09-02 18:35:04.016  2750  2750 W ResourceType: For resource 0x7f150565, entry index(1381) is beyond type entryCount(281)
09-02 18:35:04.016  2750  2750 W ResourceType: For resource 0x7f150567, entry index(1383) is beyond type entryCount(281)
09-02 18:35:04.022  3979  3988 I zygote64: Background concurrent copying GC freed 176473(9MB) AllocSpace objects, 99(2MB) LOS objects, 38% free, 38MB/62MB, paused 1.794ms total 245.825ms
09-02 18:35:04.029  3979  6844 D ConnectivityService: filterNetworkStateForUid() uid: 10025 networkInfo: [type: WIFI[] - WIFI, state: CONNECTED/CONNECTED, reason: (unspecified), extra: "WiFi 69", failover: false, available: true, roaming: false, metered: false]
09-02 18:35:04.048  2750  2955 I System.out: (HTTPLog)-Static: isSBSettingEnabled false
09-02 18:35:04.048  2750  2955 I System.out: (HTTPLog)-Static: isSBSettingEnabled false
09-02 18:35:04.050  3614  3927 D DnsProxyListener: DNSDBG::dns addrinfo af 2
09-02 18:35:04.077  7505  7523 I Finsky  : [2050] ncc.l(14): com.opera.browser: Account determined from installer data - [U-iik75Til66Sqc4rcg2VQIPTcVEABCt30QhmAx4030]
09-02 18:35:04.078  3979  5966 V WindowManager: Relayout Window{1a91329 u0 com.opera.browser/com.opera.Opera}: viewVisibility=0 req=720x1280 WM.LayoutParams{(0,0)(fillxfill) sim=#10 ty=1 fl=#89810100 pfl=0x20000 fmt=-3 wanim=0x10302fd vsysui=0x2700 sysuil=true needsMenuKey=2 colorMode=0 naviIconColor=0}
09-02 18:35:04.079  7505  7523 I Finsky  : [2050] ncc.l(61): Billing preferred account via installer for com.opera.browser: [U-iik75Til66Sqc4rcg2VQIPTcVEABCt30QhmAx4030]
09-02 18:35:04.080  7505  7523 W Finsky  : [2050] hgm.i(10): Unsupported billing API version: 19
09-02 18:35:04.083  2750  2750 D ViewRootImpl@81f08a[Opera]: Relayout returned: old=[0,0][720,1280] new=[0,0][720,1280] result=0x1 surface={valid=true 3286140928} changed=false
09-02 18:35:04.083  7505  7523 I Finsky  : [2050] ncc.l(14): com.opera.browser: Account determined from installer data - [U-iik75Til66Sqc4rcg2VQIPTcVEABCt30QhmAx4030]
09-02 18:35:04.084  7505  7523 I Finsky  : [2050] ncc.l(61): Billing preferred account via installer for com.opera.browser: [U-iik75Til66Sqc4rcg2VQIPTcVEABCt30QhmAx4030]
09-02 18:35:04.085  2750  2750 W View    : requestLayout() improperly called by android.widget.FrameLayout{239f851 VFE...C.. ......ID 236,999-713,1175 #7f0a01ca app:id/content} during layout: running second layout pass
09-02 18:35:04.085  2750  2750 I ViewRootImpl@81f08a[Opera]: requestLayout is already in process
09-02 18:35:04.086  7505  7523 W Finsky  : [2050] hgm.i(10): Unsupported billing API version: 18
09-02 18:35:04.091 10264 10605 I FontLog : Received query name=Google Sans&weight=700&besteffort=false, URI content://com.google.android.gms.fonts [CONTEXT service_id=132 ]
09-02 18:35:04.091 10264 10605 I FontLog : Query [name=Google Sans&weight=700&besteffort=false] resolved to {Google Sans, wdth 100.0, wght 700, ital 0.0, bestEffort false} [CONTEXT service_id=132 ]
09-02 18:35:04.094 10264 10605 I FontLog : Fetch {Google Sans, wdth 100.0, wght 700, ital 0.0, bestEffort false} end status Status{statusCode=SUCCESS, resolution=null} [CONTEXT service_id=132 ]
09-02 18:35:04.094  3462  3462 I SurfaceFlinger: Display 0 HWC layers:
09-02 18:35:04.094  3462  3462 I SurfaceFlinger:     type    |    handle    | flag |  format   |   source crop (l,t,r,b)    |         frame       | name 
09-02 18:35:04.094  3462  3462 I SurfaceFlinger: ------------+--------------+------+-----------+----------------------------+---------------------+------
09-02 18:35:04.094  3462  3462 I SurfaceFlinger:      Device | 0x7ac4c24180 | 0002 | RGBA_8888 |   0.0    0.0  720.0 1280.0 |    0    0  720 1280 | SurfaceView - com.opera.browser/com.opera.Opera@a9ff226@0#0
09-02 18:35:04.094  3462  3462 I SurfaceFlinger:      Device | 0x7ac4c243c0 | 0000 | RGBA_8888 |   0.0    0.0  720.0 1280.0 |    0    0  720 1280 | com.opera.browser/com.opera.Opera#0
09-02 18:35:04.094  3462  3462 I SurfaceFlinger:      Device | 0x7abe64bd40 | 0000 | RGBA_8888 |   0.0    0.0  720.0   42.0 |    0    0  720   42 | StatusBar#0
09-02 18:35:04.094  3462  3462 I SurfaceFlinger: 
09-02 18:35:04.096  7505  7523 I Finsky  : [2050] ncc.l(14): com.opera.browser: Account determined from installer data - [U-iik75Til66Sqc4rcg2VQIPTcVEABCt30QhmAx4030]
09-02 18:35:04.096  7505  7523 I Finsky  : [2050] ncc.l(61): Billing preferred account via installer for com.opera.browser: [U-iik75Til66Sqc4rcg2VQIPTcVEABCt30QhmAx4030]
09-02 18:35:04.105  7505  7726 I Finsky  : [2156] ncc.l(14): com.opera.browser: Account determined from installer data - [U-iik75Til66Sqc4rcg2VQIPTcVEABCt30QhmAx4030]
09-02 18:35:04.105  7505  7726 I Finsky  : [2156] ncc.l(61): Billing preferred account via installer for com.opera.browser: [U-iik75Til66Sqc4rcg2VQIPTcVEABCt30QhmAx4030]
09-02 18:35:04.108  7505  7726 W Finsky  : [2156] hgm.i(10): Unsupported billing API version: 19
09-02 18:35:04.111 10264 10605 I FontLog : Pulling font file for id = 1852, cache size = 5 [CONTEXT service_id=132 ]
09-02 18:35:04.112  7505  7523 I Finsky  : [2050] ncc.l(14): com.opera.browser: Account determined from installer data - [U-iik75Til66Sqc4rcg2VQIPTcVEABCt30QhmAx4030]
09-02 18:35:04.112  2750  2750 I zygote  : Deoptimizing boolean ks4.a(java.util.AbstractCollection, java.util.Iterator) due to JIT inline cache
09-02 18:35:04.113  7505  7523 I Finsky  : [2050] ncc.l(61): Billing preferred account via installer for com.opera.browser: [U-iik75Til66Sqc4rcg2VQIPTcVEABCt30QhmAx4030]
09-02 18:35:04.114  7505  7523 W Finsky  : [2050] hgm.i(10): Unsupported billing API version: 18
09-02 18:35:04.118  7505  7523 I Finsky  : [2050] ncc.l(14): com.opera.browser: Account determined from installer data - [U-iik75Til66Sqc4rcg2VQIPTcVEABCt30QhmAx4030]
09-02 18:35:04.118 10264 10605 I FontLog : Received query name=Noto Color Emoji Compat&weight=400&besteffort=false, URI content://com.google.android.gms.fonts [CONTEXT service_id=132 ]
09-02 18:35:04.119  7505  7523 I Finsky  : [2050] ncc.l(61): Billing preferred account via installer for com.opera.browser: [U-iik75Til66Sqc4rcg2VQIPTcVEABCt30QhmAx4030]
09-02 18:35:04.120 10264 10605 I FontLog : Query [name=Noto Color Emoji Compat&weight=400&besteffort=false] resolved to {Noto Color Emoji Compat, wdth 100.0, wght 400, ital 0.0, bestEffort false} [CONTEXT service_id=132 ]
09-02 18:35:04.122 10264 10605 I FontLog : Fetch {Noto Color Emoji Compat, wdth 100.0, wght 400, ital 0.0, bestEffort false} end status Status{statusCode=SUCCESS, resolution=null} [CONTEXT service_id=132 ]
09-02 18:35:04.131  7505  7523 I Finsky  : [2050] ncc.l(14): com.opera.browser: Account determined from installer data - [U-iik75Til66Sqc4rcg2VQIPTcVEABCt30QhmAx4030]
09-02 18:35:04.133  7505  7523 I Finsky  : [2050] ncc.l(61): Billing preferred account via installer for com.opera.browser: [U-iik75Til66Sqc4rcg2VQIPTcVEABCt30QhmAx4030]
09-02 18:35:04.134 10264 10605 I FontLog : Pulling font file for id = 1853, cache size = 6 [CONTEXT service_id=132 ]
09-02 18:35:04.144 10264 10605 I FontLog : Received query name=Google Sans&weight=400&besteffort=false, URI content://com.google.android.gms.fonts [CONTEXT service_id=132 ]
09-02 18:35:04.144 10264 10605 I FontLog : Query [name=Google Sans&weight=400&besteffort=false] resolved to {Google Sans, wdth 100.0, wght 400, ital 0.0, bestEffort false} [CONTEXT service_id=132 ]
09-02 18:35:04.146 10264 10605 I FontLog : Font PFD returned from cache for {Google Sans, wdth 100.0, wght 400, ital 0.0, bestEffort false} [CONTEXT service_id=132 ]
09-02 18:35:04.146 10264 10605 I FontLog : Fetch {Google Sans, wdth 100.0, wght 400, ital 0.0, bestEffort false} end status Status{statusCode=SUCCESS, resolution=null} [CONTEXT service_id=132 ]
09-02 18:35:04.152 10264 10605 I FontLog : Pulling font file for id = 1854, cache size = 6 [CONTEXT service_id=132 ]
09-02 18:35:04.167  3979  6844 D ConnectivityService: filterNetworkStateForUid() uid: 10158 networkInfo: [type: WIFI[] - WIFI, state: CONNECTED/CONNECTED, reason: (unspecified), extra: "WiFi 69", failover: false, available: true, roaming: false, metered: false]
09-02 18:35:04.167 10264 10605 I FontLog : Received query name=Google Sans&weight=500&besteffort=false, URI content://com.google.android.gms.fonts [CONTEXT service_id=132 ]
09-02 18:35:04.167 10264 10605 I FontLog : Query [name=Google Sans&weight=500&besteffort=false] resolved to {Google Sans, wdth 100.0, wght 500, ital 0.0, bestEffort false} [CONTEXT service_id=132 ]
09-02 18:35:04.170 10264 10605 I FontLog : Font PFD returned from cache for {Google Sans, wdth 100.0, wght 500, ital 0.0, bestEffort false} [CONTEXT service_id=132 ]
09-02 18:35:04.171 10264 10605 I FontLog : Fetch {Google Sans, wdth 100.0, wght 500, ital 0.0, bestEffort false} end status Status{statusCode=SUCCESS, resolution=null} [CONTEXT service_id=132 ]
09-02 18:35:04.176 10264 10605 I FontLog : Pulling font file for id = 1855, cache size = 5 [CONTEXT service_id=132 ]
09-02 18:35:04.186  3979  5966 D ConnectivityService: filterNetworkStateForUid() uid: 10158 networkInfo: [type: WIFI[] - WIFI, state: CONNECTED/CONNECTED, reason: (unspecified), extra: "WiFi 69", failover: false, available: true, roaming: false, metered: false]
09-02 18:35:04.200  3614  3927 D DnsProxyListener: DNSDBG::dns addrinfo af 2
09-02 18:35:04.221  2750  2750 W ResourceType: For resource 0x7f150274, entry index(628) is beyond type entryCount(281)
09-02 18:35:04.221  2750  2750 W ResourceType: For resource 0x7f150274, entry index(628) is beyond type entryCount(281)
09-02 18:35:04.221  2750  2750 W ResourceType: For resource 0x7f1503d5, entry index(981) is beyond type entryCount(281)
09-02 18:35:04.221  2750  2750 W ResourceType: For resource 0x7f1503c0, entry index(960) is beyond type entryCount(281)
09-02 18:35:04.253  2750  2750 W ResourceType: For resource 0x7f150278, entry index(632) is beyond type entryCount(281)
09-02 18:35:04.254  2750  2750 W ResourceType: For resource 0x7f150278, entry index(632) is beyond type entryCount(281)
09-02 18:35:04.255  2750  2750 W ResourceType: For resource 0x7f15050e, entry index(1294) is beyond type entryCount(281)
09-02 18:35:04.255  2750  2750 W ResourceType: For resource 0x7f15061f, entry index(1567) is beyond type entryCount(281)
09-02 18:35:04.255  2750  2750 W ResourceType: For resource 0x7f15061f, entry index(1567) is beyond type entryCount(281)
09-02 18:35:04.255  2750  2750 W ResourceType: For resource 0x7f15058c, entry index(1420) is beyond type entryCount(281)
09-02 18:35:04.255  2750  2750 W ResourceType: For resource 0x7f150590, entry index(1424) is beyond type entryCount(281)
09-02 18:35:04.255  2750  2750 W ResourceType: For resource 0x7f15058e, entry index(1422) is beyond type entryCount(281)
09-02 18:35:04.255  2750  2750 W ResourceType: For resource 0x7f1504c3, entry index(1219) is beyond type entryCount(281)
09-02 18:35:04.255  2750  2750 W ResourceType: For resource 0x7f15059e, entry index(1438) is beyond type entryCount(281)
09-02 18:35:04.255  2750  2750 W ResourceType: For resource 0x7f150282, entry index(642) is beyond type entryCount(281)
09-02 18:35:04.255  2750  2750 W ResourceType: For resource 0x7f1504c3, entry index(1219) is beyond type entryCount(281)
09-02 18:35:04.255  2750  2750 W ResourceType: For resource 0x7f150719, entry index(1817) is beyond type entryCount(281)
09-02 18:35:04.255  2750  2750 W ResourceType: For resource 0x7f150578, entry index(1400) is beyond type entryCount(281)
09-02 18:35:04.255  2750  2750 W ResourceType: For resource 0x7f150284, entry index(644) is beyond type entryCount(281)
09-02 18:35:04.255  2750  2750 W ResourceType: For resource 0x7f150579, entry index(1401) is beyond type entryCount(281)
09-02 18:35:04.255  2750  2750 W ResourceType: For resource 0x7f1505e7, entry index(1511) is beyond type entryCount(281)
09-02 18:35:04.255  2750  2750 W ResourceType: For resource 0x7f15071e, entry index(1822) is beyond type entryCount(281)
09-02 18:35:04.255  2750  2750 I chatty  : uid=10158(u0_a158) identical 2 lines
09-02 18:35:04.255  2750  2750 W ResourceType: For resource 0x7f15071e, entry index(1822) is beyond type entryCount(281)
09-02 18:35:04.255  2750  2750 W ResourceType: For resource 0x7f150580, entry index(1408) is beyond type entryCount(281)
09-02 18:35:04.255  2750  2750 W ResourceType: For resource 0x7f15071e, entry index(1822) is beyond type entryCount(281)
09-02 18:35:04.255  2750  2750 W ResourceType: For resource 0x7f15017b, entry index(379) is beyond type entryCount(281)
09-02 18:35:04.255  2750  2750 W ResourceType: For resource 0x7f150283, entry index(643) is beyond type entryCount(281)
09-02 18:35:04.255  2750  2750 W ResourceType: For resource 0x7f1505a2, entry index(1442) is beyond type entryCount(281)
09-02 18:35:04.255  2750  2750 W ResourceType: For resource 0x7f1506f4, entry index(1780) is beyond type entryCount(281)
09-02 18:35:04.255  2750  2750 W ResourceType: For resource 0x7f150588, entry index(1416) is beyond type entryCount(281)
09-02 18:35:04.255  2750  2750 W ResourceType: For resource 0x7f15059f, entry index(1439) is beyond type entryCount(281)
09-02 18:35:04.255  2750  2750 W ResourceType: For resource 0x7f150649, entry index(1609) is beyond type entryCount(281)
09-02 18:35:04.255  2750  2750 W ResourceType: For resource 0x7f150442, entry index(1090) is beyond type entryCount(281)
09-02 18:35:04.255  2750  2750 W ResourceType: For resource 0x7f150718, entry index(1816) is beyond type entryCount(281)
09-02 18:35:04.255  2750  2750 W ResourceType: For resource 0x7f15017c, entry index(380) is beyond type entryCount(281)
09-02 18:35:04.255  2750  2750 W ResourceType: For resource 0x7f15059d, entry index(1437) is beyond type entryCount(281)
09-02 18:35:04.255  2750  2750 W ResourceType: For resource 0x7f15020a, entry index(522) is beyond type entryCount(281)
09-02 18:35:04.255  2750  2750 W ResourceType: For resource 0x7f150586, entry index(1414) is beyond type entryCount(281)
09-02 18:35:04.255  2750  2750 W ResourceType: For resource 0x7f15071c, entry index(1820) is beyond type entryCount(281)
09-02 18:35:04.255  2750  2750 W ResourceType: For resource 0x7f1502af, entry index(687) is beyond type entryCount(281)
09-02 18:35:04.255  2750  2750 W ResourceType: For resource 0x7f150274, entry index(628) is beyond type entryCount(281)
09-02 18:35:04.255  2750  2750 W ResourceType: For resource 0x7f150244, entry index(580) is beyond type entryCount(281)
09-02 18:35:04.255  2750  2750 W ResourceType: For resource 0x7f150274, entry index(628) is beyond type entryCount(281)
09-02 18:35:04.255  2750  2750 W ResourceType: For resource 0x7f150372, entry index(882) is beyond type entryCount(281)
09-02 18:35:04.255  2750  2750 W ResourceType: For resource 0x7f15035b, entry index(859) is beyond type entryCount(281)
09-02 18:35:04.255  2750  2750 W ResourceType: For resource 0x7f15035c, entry index(860) is beyond type entryCount(281)
09-02 18:35:04.255  2750  2750 W ResourceType: For resource 0x7f1502ad, entry index(685) is beyond type entryCount(281)
09-02 18:35:04.255  2750  2750 W ResourceType: For resource 0x7f150565, entry index(1381) is beyond type entryCount(281)
09-02 18:35:04.255  2750  2750 W ResourceType: For resource 0x7f150567, entry index(1383) is beyond type entryCount(281)
09-02 18:35:04.255  2750  2750 W ResourceType: For resource 0x7f150278, entry index(632) is beyond type entryCount(281)
09-02 18:35:04.256  2750  2750 I chatty  : uid=10158(u0_a158) identical 3 lines
09-02 18:35:04.256  2750  2750 W ResourceType: For resource 0x7f150278, entry index(632) is beyond type entryCount(281)
09-02 18:35:04.257  2750  2750 W ResourceType: For resource 0x7f150728, entry index(1832) is beyond type entryCount(281)
09-02 18:35:04.257  2750  2750 I chatty  : uid=10158(u0_a158) identical 6 lines
09-02 18:35:04.257  2750  2750 W ResourceType: For resource 0x7f150728, entry index(1832) is beyond type entryCount(281)
09-02 18:35:04.266  2750  2750 W ResourceType: For resource 0x7f1506f1, entry index(1777) is beyond type entryCount(281)
09-02 18:35:04.266  2750  2750 W ResourceType: For resource 0x7f1505fc, entry index(1532) is beyond type entryCount(281)
09-02 18:35:04.266  2750  2750 W ResourceType: For resource 0x7f150141, entry index(321) is beyond type entryCount(281)
09-02 18:35:04.266  2750  2750 W ResourceType: For resource 0x7f150153, entry index(339) is beyond type entryCount(281)
09-02 18:35:04.266  2750  2750 W ResourceType: For resource 0x7f1504f8, entry index(1272) is beyond type entryCount(281)
09-02 18:35:04.266  2750  2750 W ResourceType: For resource 0x7f1504f8, entry index(1272) is beyond type entryCount(281)
09-02 18:35:04.267  3979  3994 D ConnectivityService: filterNetworkStateForUid() uid: 1000 networkInfo: [type: WIFI[] - WIFI, state: CONNECTED/CONNECTED, reason: (unspecified), extra: "WiFi 69", failover: false, available: true, roaming: false, metered: false]
09-02 18:35:04.267  2750  2750 W ResourceType: For resource 0x7f150264, entry index(612) is beyond type entryCount(281)
09-02 18:35:04.267  2750  2750 W ResourceType: For resource 0x7f150264, entry index(612) is beyond type entryCount(281)
09-02 18:35:04.267  2750  2750 W ResourceType: For resource 0x7f1503cd, entry index(973) is beyond type entryCount(281)
09-02 18:35:04.267  2750  2750 W ResourceType: For resource 0x7f1503bc, entry index(956) is beyond type entryCount(281)
09-02 18:35:04.267  2750  2750 W ResourceType: For resource 0x7f150348, entry index(840) is beyond type entryCount(281)
09-02 18:35:04.267  2750  2755 I zygote  : Do partial code cache collection, code=244KB, data=193KB
09-02 18:35:04.268  2931  3077 W AudioCapabilities: Unsupported mime audio/mpeg-L1
09-02 18:35:04.268  2931  3077 W AudioCapabilities: Unsupported mime audio/mpeg-L2
09-02 18:35:04.270  2750  2750 W ResourceType: For resource 0x7f150264, entry index(612) is beyond type entryCount(281)
09-02 18:35:04.271  2931  3077 W AudioCapabilities: Unsupported mime audio/x-ms-wma
09-02 18:35:04.271  2750  2750 W ResourceType: For resource 0x7f15050e, entry index(1294) is beyond type entryCount(281)
09-02 18:35:04.271  2750  2750 W ResourceType: For resource 0x7f15061f, entry index(1567) is beyond type entryCount(281)
09-02 18:35:04.271  2750  2750 W ResourceType: For resource 0x7f15061f, entry index(1567) is beyond type entryCount(281)
09-02 18:35:04.271  2750  2750 W ResourceType: For resource 0x7f15058c, entry index(1420) is beyond type entryCount(281)
09-02 18:35:04.271  2750  2750 W ResourceType: For resource 0x7f150590, entry index(1424) is beyond type entryCount(281)
09-02 18:35:04.271  2750  2750 W ResourceType: For resource 0x7f15058e, entry index(1422) is beyond type entryCount(281)
09-02 18:35:04.271  2750  2750 W ResourceType: For resource 0x7f1504c3, entry index(1219) is beyond type entryCount(281)
09-02 18:35:04.271  2750  2750 W ResourceType: For resource 0x7f15059e, entry index(1438) is beyond type entryCount(281)
09-02 18:35:04.271  2750  2750 W ResourceType: For resource 0x7f150282, entry index(642) is beyond type entryCount(281)
09-02 18:35:04.271  2750  2750 W ResourceType: For resource 0x7f1504c3, entry index(1219) is beyond type entryCount(281)
09-02 18:35:04.271  2750  2750 W ResourceType: For resource 0x7f150719, entry index(1817) is beyond type entryCount(281)
09-02 18:35:04.271  2750  2750 W ResourceType: For resource 0x7f150578, entry index(1400) is beyond type entryCount(281)
09-02 18:35:04.271  2750  2750 W ResourceType: For resource 0x7f150284, entry index(644) is beyond type entryCount(281)
09-02 18:35:04.271  2750  2750 W ResourceType: For resource 0x7f150579, entry index(1401) is beyond type entryCount(281)
09-02 18:35:04.271  2750  2750 W ResourceType: For resource 0x7f1505e7, entry index(1511) is beyond type entryCount(281)
09-02 18:35:04.271  2750  2750 W ResourceType: For resource 0x7f15071e, entry index(1822) is beyond type entryCount(281)
09-02 18:35:04.272  2750  2750 I chatty  : uid=10158(u0_a158) identical 2 lines
09-02 18:35:04.272  2750  2750 W ResourceType: For resource 0x7f15071e, entry index(1822) is beyond type entryCount(281)
09-02 18:35:04.272  2750  2750 W ResourceType: For resource 0x7f150580, entry index(1408) is beyond type entryCount(281)
09-02 18:35:04.272  2750  2750 W ResourceType: For resource 0x7f15071e, entry index(1822) is beyond type entryCount(281)
09-02 18:35:04.272  2750  2750 W ResourceType: For resource 0x7f15017b, entry index(379) is beyond type entryCount(281)
09-02 18:35:04.272  2750  2750 W ResourceType: For resource 0x7f150283, entry index(643) is beyond type entryCount(281)
09-02 18:35:04.272  2750  2750 W ResourceType: For resource 0x7f1505a2, entry index(1442) is beyond type entryCount(281)
09-02 18:35:04.272  2750  2750 W ResourceType: For resource 0x7f1506f4, entry index(1780) is beyond type entryCount(281)
09-02 18:35:04.272  2750  2750 W ResourceType: For resource 0x7f150588, entry index(1416) is beyond type entryCount(281)
09-02 18:35:04.272  2750  2750 W ResourceType: For resource 0x7f15059f, entry index(1439) is beyond type entryCount(281)
09-02 18:35:04.272  2750  2750 W ResourceType: For resource 0x7f150649, entry index(1609) is beyond type entryCount(281)
09-02 18:35:04.272  2750  2750 W ResourceType: For resource 0x7f150442, entry index(1090) is beyond type entryCount(281)
09-02 18:35:04.272  2750  2750 W ResourceType: For resource 0x7f150718, entry index(1816) is beyond type entryCount(281)
09-02 18:35:04.272  2750  2750 W ResourceType: For resource 0x7f15017c, entry index(380) is beyond type entryCount(281)
09-02 18:35:04.272  2750  2750 W ResourceType: For resource 0x7f15059d, entry index(1437) is beyond type entryCount(281)
09-02 18:35:04.272  2750  2750 W ResourceType: For resource 0x7f15020a, entry index(522) is beyond type entryCount(281)
09-02 18:35:04.272  2750  2750 W ResourceType: For resource 0x7f150586, entry index(1414) is beyond type entryCount(281)
09-02 18:35:04.272  2750  2750 W ResourceType: For resource 0x7f15071c, entry index(1820) is beyond type entryCount(281)
09-02 18:35:04.272  2750  2750 W ResourceType: For resource 0x7f1502af, entry index(687) is beyond type entryCount(281)
09-02 18:35:04.272  2750  2750 W ResourceType: For resource 0x7f150274, entry index(628) is beyond type entryCount(281)
09-02 18:35:04.272  2750  2750 W ResourceType: For resource 0x7f150244, entry index(580) is beyond type entryCount(281)
09-02 18:35:04.272  2750  2750 W ResourceType: For resource 0x7f150274, entry index(628) is beyond type entryCount(281)
09-02 18:35:04.272  2750  2750 W ResourceType: For resource 0x7f150372, entry index(882) is beyond type entryCount(281)
09-02 18:35:04.272  2750  2750 W ResourceType: For resource 0x7f15035b, entry index(859) is beyond type entryCount(281)
09-02 18:35:04.272  2750  2750 W ResourceType: For resource 0x7f15035c, entry index(860) is beyond type entryCount(281)
09-02 18:35:04.272  2750  2750 W ResourceType: For resource 0x7f1502ad, entry index(685) is beyond type entryCount(281)
09-02 18:35:04.272  2750  2750 W ResourceType: For resource 0x7f150565, entry index(1381) is beyond type entryCount(281)
09-02 18:35:04.272  2750  2750 W ResourceType: For resource 0x7f150567, entry index(1383) is beyond type entryCount(281)
09-02 18:35:04.272  2750  2750 W ResourceType: For resource 0x7f150264, entry index(612) is beyond type entryCount(281)
09-02 18:35:04.272  2931  3077 W AudioCapabilities: Unsupported mime audio/x-ima
09-02 18:35:04.272  2750  2750 W ResourceType: For resource 0x7f150264, entry index(612) is beyond type entryCount(281)
09-02 18:35:04.272  2750  2750 W ResourceType: For resource 0x7f150264, entry index(612) is beyond type entryCount(281)
09-02 18:35:04.274  2750  2750 W ResourceType: For resource 0x7f150314, entry index(788) is beyond type entryCount(281)
09-02 18:35:04.274  2750  2750 W ResourceType: For resource 0x7f150314, entry index(788) is beyond type entryCount(281)
09-02 18:35:04.275  2750  2750 W ResourceType: For resource 0x7f15030d, entry index(781) is beyond type entryCount(281)
09-02 18:35:04.276  3979  3994 I SamsungAlarmManager: setLocked to kernel - T:3 / 20230902T183600, SetElapsed=117741433, nowELAPSED=117685708
09-02 18:35:04.276  3979  3994 D SamsungAlarmManager: setInexact Listener (T:2/F:0/AC:false) 20230902T184038 - CU:1000/CP:3979
09-02 18:35:04.277  2750  2750 W ResourceType: For resource 0x7f150264, entry index(612) is beyond type entryCount(281)
09-02 18:35:04.277  2750  2750 I chatty  : uid=10158(u0_a158) identical 1 line
09-02 18:35:04.277  2750  2750 W ResourceType: For resource 0x7f150264, entry index(612) is beyond type entryCount(281)
09-02 18:35:04.277  2750  2750 W ResourceType: For resource 0x7f150314, entry index(788) is beyond type entryCount(281)
09-02 18:35:04.278  2750  2755 I zygote  : After code cache collection, code=242KB, data=193KB
09-02 18:35:04.278  2750  2755 I zygote  : Increasing code cache capacity to 1024KB
09-02 18:35:04.278  3979  3994 I SamsungAlarmManager: setLocked to kernel - T:3 / 20230902T183600, SetElapsed=117741432, nowELAPSED=117685711
09-02 18:35:04.279  3979  3994 D SamsungAlarmManager: setInexact Listener (T:2/F:0/AC:false) 20230902T191207 - CU:1000/CP:3979
09-02 18:35:04.281  2931  3077 W VideoCapabilities: Unrecognized profile 2130706433 for video/avc
09-02 18:35:04.281  2931  3077 W VideoCapabilities: Unrecognized profile 2130706434 for video/avc
09-02 18:35:04.282  2750  2755 I zygote  : Compiler allocated 4MB to compile void pr.I0(java.io.DataInputStream, e02, int)
09-02 18:35:04.284  2931  3077 W VideoCapabilities: Unrecognized profile 2130706433 for video/avc
09-02 18:35:04.284  2931  3077 W VideoCapabilities: Unrecognized profile 2130706434 for video/avc
09-02 18:35:04.285  2750  2750 W ResourceType: For resource 0x7f150264, entry index(612) is beyond type entryCount(281)
09-02 18:35:04.285  2750  2750 I chatty  : uid=10158(u0_a158) identical 1 line
09-02 18:35:04.285  2750  2750 W ResourceType: For resource 0x7f150264, entry index(612) is beyond type entryCount(281)
09-02 18:35:04.285  2750  2750 W ResourceType: For resource 0x7f150314, entry index(788) is beyond type entryCount(281)
09-02 18:35:04.286  2750  2750 W ResourceType: For resource 0x7f150264, entry index(612) is beyond type entryCount(281)
09-02 18:35:04.286  2750  2750 I chatty  : uid=10158(u0_a158) identical 1 line
09-02 18:35:04.286  2750  2750 W ResourceType: For resource 0x7f150264, entry index(612) is beyond type entryCount(281)
09-02 18:35:04.286  2750  2750 W ResourceType: For resource 0x7f150314, entry index(788) is beyond type entryCount(281)
09-02 18:35:04.286  3979  3994 D ConnectivityService: filterNetworkStateForUid() uid: 1000 networkInfo: [type: WIFI[] - WIFI, state: CONNECTED/CONNECTED, reason: (unspecified), extra: "WiFi 69", failover: false, available: true, roaming: false, metered: false]
09-02 18:35:04.287  2750  2750 I zygote  : Deoptimizing int jc0.e(op9, int, int[]) due to JIT same target
09-02 18:35:04.287  2750  2750 W ResourceType: For resource 0x7f1506f1, entry index(1777) is beyond type entryCount(281)
09-02 18:35:04.288  2750  2750 I chatty  : uid=10158(u0_a158) identical 2 lines
09-02 18:35:04.288  2750  2750 W ResourceType: For resource 0x7f1506f1, entry index(1777) is beyond type entryCount(281)
09-02 18:35:04.288  2750  2750 W ResourceType: For resource 0x7f150264, entry index(612) is beyond type entryCount(281)
09-02 18:35:04.288  2750  2750 W ResourceType: For resource 0x7f1506f1, entry index(1777) is beyond type entryCount(281)
09-02 18:35:04.288  3979  3994 D ConnectivityService: filterNetworkStateForUid() uid: 10158 networkInfo: [type: WIFI[] - WIFI, state: CONNECTED/CONNECTED, reason: (unspecified), extra: "WiFi 69", failover: false, available: true, roaming: false, metered: false]
09-02 18:35:04.289  2750  2750 I chatty  : uid=10158(u0_a158) identical 11 lines
09-02 18:35:04.289  2750  2750 W ResourceType: For resource 0x7f1506f1, entry index(1777) is beyond type entryCount(281)
09-02 18:35:04.296  3979  3994 D ConnectivityService: filterNetworkStateForUid() uid: 1000 networkInfo: [type: WIFI[] - WIFI, state: CONNECTED/CONNECTED, reason: (unspecified), extra: "WiFi 69", failover: false, available: true, roaming: false, metered: false]
09-02 18:35:04.310  2931  3077 W VideoCapabilities: Unsupported mime video/wvc1
09-02 18:35:04.313  2931  3077 W VideoCapabilities: Unsupported mime video/x-ms-wmv
09-02 18:35:04.316  2931  3077 W VideoCapabilities: Unrecognized profile 2130706433 for video/avc
09-02 18:35:04.316  2931  3077 W VideoCapabilities: Unrecognized profile 2130706434 for video/avc
09-02 18:35:04.323  2931  3077 W VideoCapabilities: Unsupported mime video/avc-wfd
09-02 18:35:04.335  3979  3994 I chatty  : uid=1000(system) android.bg identical 1 line
09-02 18:35:04.345  2750  2750 W ResourceType: For resource 0x7f1504f8, entry index(1272) is beyond type entryCount(281)
09-02 18:35:04.346  2750  2750 W ResourceType: For resource 0x7f150264, entry index(612) is beyond type entryCount(281)
09-02 18:35:04.346  2750  2750 W ResourceType: For resource 0x7f150264, entry index(612) is beyond type entryCount(281)
09-02 18:35:04.347  2750  2750 W ResourceType: For resource 0x7f15050e, entry index(1294) is beyond type entryCount(281)
09-02 18:35:04.347  2750  2750 W ResourceType: For resource 0x7f15061f, entry index(1567) is beyond type entryCount(281)
09-02 18:35:04.347  2750  2750 W ResourceType: For resource 0x7f15061f, entry index(1567) is beyond type entryCount(281)
09-02 18:35:04.347  2750  2750 W ResourceType: For resource 0x7f15058c, entry index(1420) is beyond type entryCount(281)
09-02 18:35:04.347  2750  2750 W ResourceType: For resource 0x7f150590, entry index(1424) is beyond type entryCount(281)
09-02 18:35:04.347  2750  2750 W ResourceType: For resource 0x7f15058e, entry index(1422) is beyond type entryCount(281)
09-02 18:35:04.347  2750  2750 W ResourceType: For resource 0x7f1504c3, entry index(1219) is beyond type entryCount(281)
09-02 18:35:04.347  2750  2750 W ResourceType: For resource 0x7f15059e, entry index(1438) is beyond type entryCount(281)
09-02 18:35:04.347  2750  2750 W ResourceType: For resource 0x7f150282, entry index(642) is beyond type entryCount(281)
09-02 18:35:04.347  2750  2750 W ResourceType: For resource 0x7f1504c3, entry index(1219) is beyond type entryCount(281)
09-02 18:35:04.347  2750  2750 W ResourceType: For resource 0x7f150719, entry index(1817) is beyond type entryCount(281)
09-02 18:35:04.347  2750  2750 W ResourceType: For resource 0x7f150578, entry index(1400) is beyond type entryCount(281)
09-02 18:35:04.347  2750  2750 W ResourceType: For resource 0x7f150284, entry index(644) is beyond type entryCount(281)
09-02 18:35:04.347  2750  2750 W ResourceType: For resource 0x7f150579, entry index(1401) is beyond type entryCount(281)
