09-02 00:16:54.987  4691  5154 I BatteryMgr:DataCollectionService: stats => 1693606614987,2441,4399
09-02 00:16:55.057  1513  1513 D NotificationService: 0|com.example.batterymanager_utility|1|null|10260: granting content://settings/system/notification_sound
09-02 00:16:55.059  1513  1513 I chatty  : uid=1000(system) Binder:1513_3 identical 3 lines
09-02 00:16:55.060  1513  1513 D NotificationService: 0|com.example.batterymanager_utility|1|null|10260: granting content://settings/system/notification_sound
09-02 00:16:55.063  1513  1513 W NotificationHistory: Attempted to add notif for locked/gone/disabled user 0
09-02 00:16:55.075  2062  2062 D InterruptionStateProvider: No bubble up: not allowed to bubble: 0|com.example.batterymanager_utility|1|null|10260
09-02 00:16:55.076  2062  2062 D InterruptionStateProvider: No heads up: unimportant notification: 0|com.example.batterymanager_utility|1|null|10260
09-02 00:16:55.090  4691  5154 I BatteryMgr:DataCollectionService: stats => 1693606615090,2441,4399
09-02 00:16:55.194  4691  5154 I BatteryMgr:DataCollectionService: stats => 1693606615194,2441,4399
09-02 00:16:55.299  4691  5154 I BatteryMgr:DataCollectionService: stats => 1693606615298,2441,4399
09-02 00:16:55.404  4691  5154 I BatteryMgr:DataCollectionService: stats => 1693606615404,2441,4399
09-02 00:16:55.509  4691  5154 I BatteryMgr:DataCollectionService: stats => 1693606615509,2441,4399
09-02 00:16:55.614  4691  5154 I BatteryMgr:DataCollectionService: stats => 1693606615614,2441,4399
09-02 00:16:55.719  4691  5154 I BatteryMgr:DataCollectionService: stats => 1693606615719,2441,4399
09-02 00:16:55.824  4691  5154 I BatteryMgr:DataCollectionService: stats => 1693606615823,2441,4399
09-02 00:16:55.929  4691  5154 I BatteryMgr:DataCollectionService: stats => 1693606615929,2441,4399
09-02 00:16:56.035  4691  5154 I BatteryMgr:DataCollectionService: stats => 1693606616035,2441,4399
09-02 00:16:56.141  4691  5154 I BatteryMgr:DataCollectionService: stats => 1693606616141,2441,4399
09-02 00:16:56.145   901  1000 D VSC     : @ 51802.596: [WO] tilt angle 89
09-02 00:16:56.153  1513  2000 D ConnectivityService: NetReassign [no changes]
09-02 00:16:56.251  4691  5154 I BatteryMgr:DataCollectionService: stats => 1693606616251,2441,4399
09-02 00:16:56.358  4691  5154 I BatteryMgr:DataCollectionService: stats => 1693606616358,2441,4399
09-02 00:16:56.465  4691  5154 I BatteryMgr:DataCollectionService: stats => 1693606616465,2441,4399
09-02 00:16:56.571  4691  5154 I BatteryMgr:DataCollectionService: stats => 1693606616571,2441,4399
09-02 00:16:56.678  4691  5154 I BatteryMgr:DataCollectionService: stats => 1693606616678,2441,4399
09-02 00:16:56.785  4691  5154 I BatteryMgr:DataCollectionService: stats => 1693606616785,2441,4399
09-02 00:16:56.892  4691  5154 I BatteryMgr:DataCollectionService: stats => 1693606616891,2441,4399
09-02 00:16:56.998  4691  5154 I BatteryMgr:DataCollectionService: stats => 1693606616998,2441,4399
09-02 00:16:57.106  4691  5154 I BatteryMgr:DataCollectionService: stats => 1693606617106,2441,4399
09-02 00:16:57.209  4691  5154 I BatteryMgr:DataCollectionService: stats => 1693606617209,2441,4399
09-02 00:16:57.222  1513  2172 I ActivityTaskManager: START u0 {act=android.intent.action.VIEW dat=http://192.168.88.177:8000/... flg=0x10000000 cmp=org.mozilla.firefox/org.mozilla.gecko.BrowserApp} from uid 2000
09-02 00:16:57.223  1513  1572 D EventSequenceValidator: Transition from ACTIVITY_FINISHED to INTENT_STARTED
09-02 00:16:57.228  1513  1572 D EventSequenceValidator: Transition from INTENT_STARTED to INTENT_FAILED
09-02 00:16:57.231   594 28441 I SDM     : HWDeviceDRM::UpdateMixerAttributes: Mixer WxH 1080x2340-1 for Peripheral
09-02 00:16:57.231   594 28441 I SDM     : DisplayBase::SetActiveConfig: Active configuration changed to: 1
09-02 00:16:57.231   594 28441 I SDM     : StrategyImpl::SetIdleTimeoutMs: Idle timeout set to zero for command mode panels
09-02 00:16:57.233  1513  3223 W ActivityTaskManager: Tried to set launchTime (0) < mLastActivityLaunchTime (51792273)
09-02 00:16:57.235   901  2806 I sensors-hal: [ssc_utils]get_qmi_debug_flag:244, support_qmi_debug : false
09-02 00:16:57.244  1513  1572 I DisplayManagerService: Display device changed: DisplayDeviceInfo{"Built-in Screen": uniqueId="local:19260504575090817", 1080 x 2340, modeId 1, defaultModeId 2, supportedModes [{id=1, width=1080, height=2340, fps=90.0}, {id=2, width=1080, height=2340, fps=60.000004}], colorMode 0, supportedColorModes [0, 7, 9], HdrCapabilities HdrCapabilities{mSupportedHdrTypes=[2, 3, 4], mMaxLuminance=500.0, mMaxAverageLuminance=500.0, mMinLuminance=0.0}, allmSupported false, gameContentTypeSupported false, density 440, 435.428 x 433.839 dpi, appVsyncOff 2333333, presDeadline 11500000, cutout DisplayCutout{insets=Rect(0, 136 - 0, 0) waterfall=Insets{left=0, top=0, right=0, bottom=0} boundingRect={Bounds=[Rect(0, 0 - 0, 0), Rect(0, 0 - 136, 136), Rect(0, 0 - 0, 0), Rect(0, 0 - 0, 0)]}}, touch INTERNAL, rotation 0, type INTERNAL, address {port=129, model=0x446d53ad64a0}, deviceProductInfo DeviceProductInfo{name=, manufacturerPnpId=QCM, productId=1, modelYear=null, manufactureDate=ManufactureDate{week=27, year=2006}, relativeAddress=null}, state ON, FLAG_DEFAULT_DISPLAY, FLAG_ROTATES_WITH_CONTENT, FLAG_SECURE, FLAG_SUPPORTS_PROTECTED_BUFFERS}
09-02 00:16:57.246  1513  2570 I ActivityTaskManager: START u0 {act=android.intent.action.VIEW dat=http://192.168.88.177:8000/... cmp=org.mozilla.firefox/org.mozilla.fenix.HomeActivity (has extras)} from uid 10258
09-02 00:16:57.246   901  1000 W ASH     : @ 51803.698: Unhandled msg ID 999: line 1277
09-02 00:16:57.246   901  1000 E ASH     : @ 51803.698: No pb callback assigned
09-02 00:16:57.246   901  1000 E ASH     : @ 51803.698: Nanopb error: callback failed:1588
09-02 00:16:57.255  4756  4756 I WebExtension: releasePendingMessages: extension=readerview@mozac.org nativeApp=mozacReaderviewActive session=org.mozilla.geckoview.GeckoSession@4da4985
09-02 00:16:57.255  4756  4756 I WebExtension: releasePendingMessages: extension=readerview@mozac.org nativeApp=mozacReaderview session=org.mozilla.geckoview.GeckoSession@4da4985
09-02 00:16:57.255  4756  4756 I WebExtension: releasePendingMessages: extension=readerview@mozac.org nativeApp=mozacReaderviewActive session=org.mozilla.geckoview.GeckoSession@4da4985
09-02 00:16:57.255  4756  4756 I WebExtension: releasePendingMessages: extension=readerview@mozac.org nativeApp=mozacReaderview session=org.mozilla.geckoview.GeckoSession@4da4985
09-02 00:16:57.256  1513  1572 D EventSequenceValidator: inc AccIntentStartedEvents to 1
09-02 00:16:57.257  1084  1928 W iorapd  : Rejecting transition from kIntentFailed to kActivityLaunchCancelled
09-02 00:16:57.287   594 28441 I SDM     : HWDeviceDRM::UpdateMixerAttributes: Mixer WxH 1080x2340-1 for Peripheral
09-02 00:16:57.287   594 28441 I SDM     : DisplayBase::SetActiveConfig: Active configuration changed to: 0
09-02 00:16:57.287   594 28441 I SDM     : StrategyImpl::SetIdleTimeoutMs: Idle timeout set to zero for command mode panels
09-02 00:16:57.290   901  2806 I sensors-hal: [ssc_utils]get_qmi_debug_flag:244, support_qmi_debug : false
09-02 00:16:57.293  2858  2858 I GoogleInputMethodService: GoogleInputMethodService.onFinishInput():3280 
09-02 00:16:57.294  2858  2858 I GoogleInputMethodService: GoogleInputMethodService.updateDeviceLockedStatus():2169 repeatCheckTimes = 0, unlocked = true
09-02 00:16:57.294  2858  2858 I GoogleInputMethodService: GoogleInputMethodService.onStartInput():1960 onStartInput(EditorInfo{inputType=0x0(NULL) imeOptions=0x1 privateImeOptions=null actionName=NONE actionLabel=null actionId=0 initialSelStart=-1 initialSelEnd=-1 initialCapsMode=0x0 hintText=null label=null packageName=org.mozilla.firefox fieldId=-1 fieldName=null extras=null}, false)
09-02 00:16:57.294  2858  2858 I GoogleInputMethodService: GoogleInputMethodService.shouldHideHeaderOnInitialState():4081 ShouldHideHeaderOnInitialState = false
09-02 00:16:57.295  2858  2858 I GoogleInputMethodService: GoogleInputMethodService.updateDeviceLockedStatus():2169 repeatCheckTimes = 2, unlocked = true
09-02 00:16:57.301  4756  4756 W Choreographer: Frame time is 0.003413 ms in the future!  Check that graphics HAL is generating vsync timestamps using the correct timebase.
09-02 00:16:57.302  1513  1572 I DisplayManagerService: Display device changed: DisplayDeviceInfo{"Built-in Screen": uniqueId="local:19260504575090817", 1080 x 2340, modeId 2, defaultModeId 2, supportedModes [{id=1, width=1080, height=2340, fps=90.0}, {id=2, width=1080, height=2340, fps=60.000004}], colorMode 0, supportedColorModes [0, 7, 9], HdrCapabilities HdrCapabilities{mSupportedHdrTypes=[2, 3, 4], mMaxLuminance=500.0, mMaxAverageLuminance=500.0, mMinLuminance=0.0}, allmSupported false, gameContentTypeSupported false, density 440, 435.428 x 433.839 dpi, appVsyncOff 2333332, presDeadline 11500000, cutout DisplayCutout{insets=Rect(0, 136 - 0, 0) waterfall=Insets{left=0, top=0, right=0, bottom=0} boundingRect={Bounds=[Rect(0, 0 - 0, 0), Rect(0, 0 - 136, 136), Rect(0, 0 - 0, 0), Rect(0, 0 - 0, 0)]}}, touch INTERNAL, rotation 0, type INTERNAL, address {port=129, model=0x446d53ad64a0}, deviceProductInfo DeviceProductInfo{name=, manufacturerPnpId=QCM, productId=1, modelYear=null, manufactureDate=ManufactureDate{week=27, year=2006}, relativeAddress=null}, state ON, FLAG_DEFAULT_DISPLAY, FLAG_ROTATES_WITH_CONTENT, FLAG_SECURE, FLAG_SUPPORTS_PROTECTED_BUFFERS}
09-02 00:16:57.303   594 28441 I SDM     : StrategyImpl::SetIdleTimeoutMs: Idle timeout set to zero for command mode panels
09-02 00:16:57.313  4691  5154 I BatteryMgr:DataCollectionService: stats => 1693606617312,2441,4399
09-02 00:16:57.326   901  1000 W ASH     : @ 51803.778: Unhandled msg ID 999: line 1277
09-02 00:16:57.326   901  1000 E ASH     : @ 51803.778: No pb callback assigned
09-02 00:16:57.326   901  1000 E ASH     : @ 51803.778: Nanopb error: callback failed:1588
09-02 00:16:57.416  4691  5154 I BatteryMgr:DataCollectionService: stats => 1693606617416,2441,4399
09-02 00:16:57.521  4691  5154 I BatteryMgr:DataCollectionService: stats => 1693606617521,2441,4399
09-02 00:16:57.627  4691  5154 I BatteryMgr:DataCollectionService: stats => 1693606617627,2441,4399
09-02 00:16:57.734  4691  5154 I BatteryMgr:DataCollectionService: stats => 1693606617734,2441,4399
09-02 00:16:57.840  4691  5154 I BatteryMgr:DataCollectionService: stats => 1693606617840,2441,4399
09-02 00:16:57.947  4691  5154 I BatteryMgr:DataCollectionService: stats => 1693606617947,2441,4399
09-02 00:16:58.058  4691  5154 I BatteryMgr:DataCollectionService: stats => 1693606618058,2441,4399
09-02 00:16:58.143   901  1000 D VSC     : @ 51804.594: [WO] tilt angle 89
09-02 00:16:58.165  4691  5154 I BatteryMgr:DataCollectionService: stats => 1693606618165,2441,4399
09-02 00:16:58.272  4691  5154 I BatteryMgr:DataCollectionService: stats => 1693606618272,2441,4399
09-02 00:16:58.378  4691  5154 I BatteryMgr:DataCollectionService: stats => 1693606618378,2441,4399
09-02 00:16:58.484  4691  5154 I BatteryMgr:DataCollectionService: stats => 1693606618484,2441,4399
09-02 00:16:58.591  4691  5154 I BatteryMgr:DataCollectionService: stats => 1693606618591,2441,4399
09-02 00:16:58.698  4691  5154 I BatteryMgr:DataCollectionService: stats => 1693606618698,2441,4399
09-02 00:16:58.804  4691  5154 I BatteryMgr:DataCollectionService: stats => 1693606618804,2441,4399
09-02 00:16:58.911  4691  5154 I BatteryMgr:DataCollectionService: stats => 1693606618911,2441,4399
09-02 00:16:59.018  4691  5154 I BatteryMgr:DataCollectionService: stats => 1693606619018,2441,4399
09-02 00:16:59.124  4691  5154 I BatteryMgr:DataCollectionService: stats => 1693606619124,2441,4399
09-02 00:16:59.174  1513  2000 D ConnectivityService: NetReassign [no changes]
09-02 00:16:59.231  4691  5154 I BatteryMgr:DataCollectionService: stats => 1693606619231,2441,4399
09-02 00:16:59.243  4756  4791 D GeckoIdleService: Get idle time: time since reset 5010 msec
09-02 00:16:59.243  4756  4791 D GeckoIdleService: Idle timer callback: current idle time 5010 msec
09-02 00:16:59.243  4756  4791 D GeckoIdleService: next timeout 174989 msec from now
09-02 00:16:59.243  4756  4791 D GeckoIdleService: SetTimerExpiryIfBefore: next timeout 174989 msec from now
09-02 00:16:59.243  4756  4791 D GeckoIdleService: reset timer expiry to 174999 msec from now
09-02 00:16:59.243  4756  4791 D GeckoIdleService: Idle timer callback: tell observer 0x799c6e7fc8 user is idle
09-02 00:16:59.338  4691  5154 I BatteryMgr:DataCollectionService: stats => 1693606619337,2441,4399
09-02 00:16:59.445  4691  5154 I BatteryMgr:DataCollectionService: stats => 1693606619445,2441,4399
09-02 00:16:59.550  4691  5154 I BatteryMgr:DataCollectionService: stats => 1693606619550,2441,4399
09-02 00:16:59.656  4691  5154 I BatteryMgr:DataCollectionService: stats => 1693606619656,2441,4399
09-02 00:16:59.763  4691  5154 I BatteryMgr:DataCollectionService: stats => 1693606619763,2441,4399
09-02 00:16:59.869  4691  5154 I BatteryMgr:DataCollectionService: stats => 1693606619869,2441,4399
09-02 00:16:59.976  4691  5154 I BatteryMgr:DataCollectionService: stats => 1693606619976,2441,4399
09-02 00:17:00.043   594 28441 I SDM     : HWDeviceDRM::UpdateMixerAttributes: Mixer WxH 1080x2340-1 for Peripheral
09-02 00:17:00.043   594 28441 I SDM     : DisplayBase::SetActiveConfig: Active configuration changed to: 1
09-02 00:17:00.043   594 28441 I SDM     : StrategyImpl::SetIdleTimeoutMs: Idle timeout set to zero for command mode panels
09-02 00:17:00.048  1513  1572 I DisplayManagerService: Display device changed: DisplayDeviceInfo{"Built-in Screen": uniqueId="local:19260504575090817", 1080 x 2340, modeId 1, defaultModeId 2, supportedModes [{id=1, width=1080, height=2340, fps=90.0}, {id=2, width=1080, height=2340, fps=60.000004}], colorMode 0, supportedColorModes [0, 7, 9], HdrCapabilities HdrCapabilities{mSupportedHdrTypes=[2, 3, 4], mMaxLuminance=500.0, mMaxAverageLuminance=500.0, mMinLuminance=0.0}, allmSupported false, gameContentTypeSupported false, density 440, 435.428 x 433.839 dpi, appVsyncOff 2333333, presDeadline 11500000, cutout DisplayCutout{insets=Rect(0, 136 - 0, 0) waterfall=Insets{left=0, top=0, right=0, bottom=0} boundingRect={Bounds=[Rect(0, 0 - 0, 0), Rect(0, 0 - 136, 136), Rect(0, 0 - 0, 0), Rect(0, 0 - 0, 0)]}}, touch INTERNAL, rotation 0, type INTERNAL, address {port=129, model=0x446d53ad64a0}, deviceProductInfo DeviceProductInfo{name=, manufacturerPnpId=QCM, productId=1, modelYear=null, manufactureDate=ManufactureDate{week=27, year=2006}, relativeAddress=null}, state ON, FLAG_DEFAULT_DISPLAY, FLAG_ROTATES_WITH_CONTENT, FLAG_SECURE, FLAG_SUPPORTS_PROTECTED_BUFFERS}
09-02 00:17:00.050   901  2806 I sensors-hal: [ssc_utils]get_qmi_debug_flag:244, support_qmi_debug : false
09-02 00:17:00.064   901  1000 W ASH     : @ 51806.516: Unhandled msg ID 999: line 1277
09-02 00:17:00.064   901  1000 E ASH     : @ 51806.516: No pb callback assigned
09-02 00:17:00.064   901  1000 E ASH     : @ 51806.516: Nanopb error: callback failed:1588
09-02 00:17:00.081  4691  5154 I BatteryMgr:DataCollectionService: stats => 1693606620081,2441,4399
09-02 00:17:00.139   901  1000 D VSC     : @ 51806.591: [WO] tilt angle 89
09-02 00:17:00.160   901  2806 I sensors-hal: [ssc_utils]get_qmi_debug_flag:244, support_qmi_debug : false
09-02 00:17:00.167   901  1000 W ASH     : @ 51806.619: Unhandled msg ID 999: line 1277
09-02 00:17:00.167   901  1000 E ASH     : @ 51806.619: No pb callback assigned
09-02 00:17:00.167   901  1000 E ASH     : @ 51806.619: Nanopb error: callback failed:1588
09-02 00:17:00.187  4691  5154 I BatteryMgr:DataCollectionService: stats => 1693606620187,2441,4399
09-02 00:17:00.293  4691  5154 I BatteryMgr:DataCollectionService: stats => 1693606620293,2441,4399
09-02 00:17:00.400  4691  5154 I BatteryMgr:DataCollectionService: stats => 1693606620400,2441,4399
09-02 00:17:00.507  4691  5154 I BatteryMgr:DataCollectionService: stats => 1693606620506,2441,4399
09-02 00:17:00.613  4691  5154 I BatteryMgr:DataCollectionService: stats => 1693606620613,2441,4399
09-02 00:17:00.719  4691  5154 I BatteryMgr:DataCollectionService: stats => 1693606620719,2441,4399
09-02 00:17:00.826  4691  5154 I BatteryMgr:DataCollectionService: stats => 1693606620825,2441,4399
09-02 00:17:00.931  4691  5154 I BatteryMgr:DataCollectionService: stats => 1693606620931,2441,4399
09-02 00:17:01.037  4691  5154 I BatteryMgr:DataCollectionService: stats => 1693606621037,2441,4399
09-02 00:17:01.144  4691  5154 I BatteryMgr:DataCollectionService: stats => 1693606621143,2441,4399
09-02 00:17:01.250  4691  5154 I BatteryMgr:DataCollectionService: stats => 1693606621250,2441,4399
09-02 00:17:01.356  4691  5154 I BatteryMgr:DataCollectionService: stats => 1693606621356,2441,4399
09-02 00:17:01.463  4691  5154 I BatteryMgr:DataCollectionService: stats => 1693606621463,2441,4399
09-02 00:17:01.568  4691  5154 I BatteryMgr:DataCollectionService: stats => 1693606621568,2441,4399
09-02 00:17:01.673  4691  5154 I BatteryMgr:DataCollectionService: stats => 1693606621673,2441,4399
09-02 00:17:01.779  4691  5154 I BatteryMgr:DataCollectionService: stats => 1693606621779,2441,4399
09-02 00:17:01.884  4691  5154 I BatteryMgr:DataCollectionService: stats => 1693606621884,2441,4399
09-02 00:17:01.990  4691  5154 I BatteryMgr:DataCollectionService: stats => 1693606621990,2441,4399
09-02 00:17:02.096  4691  5154 I BatteryMgr:DataCollectionService: stats => 1693606622096,2441,4399
09-02 00:17:02.175   901  1000 D VSC     : @ 51808.626: [WO] tilt angle 89
09-02 00:17:02.194  1513  2000 D ConnectivityService: NetReassign [no changes]
09-02 00:17:02.203  4691  5154 I BatteryMgr:DataCollectionService: stats => 1693606622202,2441,4399
09-02 00:17:02.307  4691  5154 I BatteryMgr:DataCollectionService: stats => 1693606622307,2441,4399
09-02 00:17:02.413  4691  5154 I BatteryMgr:DataCollectionService: stats => 1693606622413,2441,4399
09-02 00:17:02.489  5237  5239 I cmd     : oneway function results will be dropped but finished with status OK and parcel size 4
09-02 00:17:02.500   901  2806 I sensors-hal: [ssc_utils]get_qmi_debug_flag:244, support_qmi_debug : false
09-02 00:17:02.526   901  1000 W ASH     : @ 51808.978: Unhandled msg ID 999: line 1277
09-02 00:17:02.526   901  1000 E ASH     : @ 51808.978: No pb callback assigned
09-02 00:17:02.526   901  1000 E ASH     : @ 51808.978: Nanopb error: callback failed:1588
09-02 00:17:02.683   901  2806 I sensors-hal: [ssc_utils]get_qmi_debug_flag:244, support_qmi_debug : false
09-02 00:17:02.703   901  1000 W ASH     : @ 51809.154: Unhandled msg ID 999: line 1277
09-02 00:17:02.703   901  1000 E ASH     : @ 51809.154: No pb callback assigned
09-02 00:17:02.703   901  1000 E ASH     : @ 51809.154: Nanopb error: callback failed:1588
09-02 00:17:02.773  1513  3161 I ActivityManager: Force stopping org.mozilla.firefox appid=10258 user=0: from pid 5263
09-02 00:17:02.773  1513  3161 I ActivityManager: Killing 4948:org.mozilla.firefox:gpu/u0a258 (adj 0): stop org.mozilla.firefox due to from pid 5263
09-02 00:17:02.775  1513  3161 I ActivityManager: Killing 4756:org.mozilla.firefox/u0a258 (adj 0): stop org.mozilla.firefox due to from pid 5263
09-02 00:17:02.777  4870  4870 I ServiceChildProcess: Destroying GeckoServiceChildProcess
09-02 00:17:02.778  1513  3161 W ActivityTaskManager: Force removing ActivityRecord{2bf1583 u0 org.mozilla.firefox/org.mozilla.fenix.HomeActivity t1973 f}}: app died, no saved state
09-02 00:17:02.783   901  2806 I sensors-hal: [ssc_utils]get_qmi_debug_flag:244, support_qmi_debug : false
09-02 00:17:02.790  1513  3161 I ActivityManager: Killing 4870:org.mozilla.firefox:tab6/u0a258 (adj 0): stop org.mozilla.firefox due to from pid 5263
09-02 00:17:02.797  1513  3161 I WindowManager:   Force finishing activity ActivityRecord{2bf1583 u0 org.mozilla.firefox/org.mozilla.fenix.HomeActivity t1973 f} isExiting}
09-02 00:17:02.797  1513  3161 W ActivityTaskManager: Duplicate finish request for r=ActivityRecord{2bf1583 u0 org.mozilla.firefox/org.mozilla.fenix.HomeActivity t1973 f} isExiting}
09-02 00:17:02.802  1513  3227 I WindowManager: WIN DEATH: Window{6be4a9a u0 org.mozilla.firefox/org.mozilla.fenix.HomeActivity}
09-02 00:17:02.802  1513  3227 W InputDispatcher: Attempted to unregister already unregistered input channel '6be4a9a org.mozilla.firefox/org.mozilla.fenix.HomeActivity (server)'
09-02 00:17:02.802   778   778 I Zygote  : Process 4756 exited due to signal 9 (Killed)
09-02 00:17:02.804  5263  5265 I cmd     : oneway function results will be dropped but finished with status OK and parcel size 4
09-02 00:17:02.806  2474  2474 E PhoneInterfaceManager: [PhoneIntfMgr] getCarrierPackageNamesForIntentAndPhone: No UICC
09-02 00:17:02.806  2474  2474 D CarrierSvcBindHelper: No carrier app for: 0
09-02 00:17:02.807  1513  2905 W ActivityManager: Unbind failed: could not find connection for android.os.BinderProxy@e7f7252
09-02 00:17:02.809   901  1000 W ASH     : @ 51809.261: Unhandled msg ID 999: line 1277
09-02 00:17:02.809   901  1000 E ASH     : @ 51809.261: No pb callback assigned
09-02 00:17:02.809   901  1000 E ASH     : @ 51809.261: Nanopb error: callback failed:1588
09-02 00:17:02.815  3088  3657 I AssistantForeground: (REDACTED) Get launcher package: %s
09-02 00:17:02.818  3135  3135 D RegisteredNfcFServicesCache: Service unchanged, not updating
09-02 00:17:02.819  8777  5273 I EuiccGoogle: [7217] EuiccServiceImpl.onGetEuiccProfileInfoList: onGetEuiccProfileInfoList: slotId = -1
09-02 00:17:02.821  1513  1572 W ActivityManager: setHasOverlayUi called on unknown pid: 4756
09-02 00:17:02.821   778   778 I Zygote  : Process 4948 exited due to signal 9 (Killed)
09-02 00:17:02.826   778   778 I Zygote  : Process 4870 exited due to signal 9 (Killed)
09-02 00:17:02.827  8777  5273 W EuiccGoogle: [7217] EuiccServiceImpl.onGetEuiccProfileInfoList: slotId=-1. No eUICC is active. Return null.
09-02 00:17:02.839  1513  1640 I libprocessgroup: Successfully killed process cgroup uid 10258 pid 4948 in 65ms
09-02 00:17:02.840  1513  1640 I libprocessgroup: Successfully killed process cgroup uid 10258 pid 4756 in 0ms
09-02 00:17:02.840  1513  1640 I libprocessgroup: Successfully killed process cgroup uid 10258 pid 4870 in 0ms
09-02 00:17:02.857  2858  2858 I GoogleInputMethodService: GoogleInputMethodService.onFinishInput():3280 
09-02 00:17:02.858  2858  2858 I GoogleInputMethodService: GoogleInputMethodService.updateDeviceLockedStatus():2169 repeatCheckTimes = 0, unlocked = true
09-02 00:17:02.858  2858  2858 I GoogleInputMethodService: GoogleInputMethodService.onStartInput():1960 onStartInput(EditorInfo{inputType=0x0(NULL) imeOptions=0x0 privateImeOptions=null actionName=UNSPECIFIED actionLabel=null actionId=0 initialSelStart=-1 initialSelEnd=-1 initialCapsMode=0x0 hintText=null label=null packageName=com.example.batterymanager_utility fieldId=-1 fieldName=null extras=null}, false)
09-02 00:17:02.858  2858  2858 I GoogleInputMethodService: GoogleInputMethodService.shouldHideHeaderOnInitialState():4081 ShouldHideHeaderOnInitialState = false
09-02 00:17:02.858  2858  2858 I GoogleInputMethodService: GoogleInputMethodService.updateDeviceLockedStatus():2169 repeatCheckTimes = 2, unlocked = true
09-02 00:17:02.908  1513  1513 W Looper  : Slow dispatch took 104ms main h=android.app.ActivityThread$H c=android.app.-$$Lambda$LoadedApk$ReceiverDispatcher$Args$_BumDX2UKsnxLVrE6UJsJZkotuA@ee72bff m=0
09-02 00:17:02.908  1513  1565 W Looper  : Slow dispatch took 102ms android.fg h=com.android.server.AppStateTracker$MyHandler c=null m=0
09-02 00:17:04.172   901  1000 D VSC     : @ 51810.623: [WO] tilt angle 89
09-02 00:17:04.551   901  2806 I sensors-hal: [ssc_utils]get_qmi_debug_flag:244, support_qmi_debug : false
09-02 00:17:04.566   901  1000 W ASH     : @ 51811.018: Unhandled msg ID 999: line 1277
09-02 00:17:04.566   901  1000 E ASH     : @ 51811.018: No pb callback assigned
09-02 00:17:04.566   901  1000 E ASH     : @ 51811.018: Nanopb error: callback failed:1588
09-02 00:17:04.567   901  2806 I sensors-hal: [ssc_utils]get_qmi_debug_flag:244, support_qmi_debug : false
09-02 00:17:04.607   901  1000 W ASH     : @ 51811.059: Unhandled msg ID 999: line 1277
09-02 00:17:04.607   901  1000 E ASH     : @ 51811.059: No pb callback assigned
09-02 00:17:04.608   901  1000 E ASH     : @ 51811.059: Nanopb error: callback failed:1588
09-02 00:17:04.671   901  2806 I sensors-hal: [ssc_utils]get_qmi_debug_flag:244, support_qmi_debug : false
09-02 00:17:04.686   901  1000 W ASH     : @ 51811.138: Unhandled msg ID 999: line 1277
09-02 00:17:04.686   901  1000 E ASH     : @ 51811.138: No pb callback assigned
09-02 00:17:04.686   901  1000 E ASH     : @ 51811.138: Nanopb error: callback failed:1588
09-02 00:17:05.215  1513  2000 D ConnectivityService: NetReassign [no changes]
09-02 00:17:06.001  1513  3240 I ActivityManager: Force stopping com.example.batterymanager_utility appid=10260 user=0: from pid 5289
09-02 00:17:06.002  1513  3240 I ActivityManager: Killing 4691:com.example.batterymanager_utility/u0a260 (adj 0): stop com.example.batterymanager_utility due to from pid 5289
09-02 00:17:06.003  1513  3240 W ActivityTaskManager: Force removing ActivityRecord{194a898 u0 com.example.batterymanager_utility/.MainActivity t1971 f}}: app died, no saved state
09-02 00:17:06.009   901  2806 I sensors-hal: [ssc_utils]get_qmi_debug_flag:244, support_qmi_debug : false
09-02 00:17:06.019   901  1000 W ASH     : @ 51812.470: Unhandled msg ID 999: line 1277
09-02 00:17:06.019   901  1000 E ASH     : @ 51812.470: No pb callback assigned
09-02 00:17:06.019   901  1000 E ASH     : @ 51812.470: Nanopb error: callback failed:1588
09-02 00:17:06.040  5289  5291 I cmd     : oneway function results will be dropped but finished with status OK and parcel size 4
09-02 00:17:06.042  2474  2474 E PhoneInterfaceManager: [PhoneIntfMgr] getCarrierPackageNamesForIntentAndPhone: No UICC
09-02 00:17:06.042  2474  2474 D CarrierSvcBindHelper: No carrier app for: 0
09-02 00:17:06.043   778   778 I Zygote  : Process 4691 exited due to signal 9 (Killed)
09-02 00:17:06.052  8777  5295 I EuiccGoogle: [7218] EuiccServiceImpl.onGetEuiccProfileInfoList: onGetEuiccProfileInfoList: slotId = -1
09-02 00:17:06.057  8777  5295 W EuiccGoogle: [7218] EuiccServiceImpl.onGetEuiccProfileInfoList: slotId=-1. No eUICC is active. Return null.
09-02 00:17:06.058  3135  3135 D RegisteredNfcFServicesCache: Service unchanged, not updating
09-02 00:17:06.063  3088  3088 I GsaVoiceInteractionSrv: Handling ACTION_START_HOTWORD
09-02 00:17:06.063  3088  3619 I GsaVoiceInteractionSrv: (REDACTED) disregardVoiceMatch: %b
09-02 00:17:06.063  3088  3619 I GsaVoiceInteractionSrv: Cannot start hotword, hotword has been explicitly disabled.
09-02 00:17:06.063  3088  3642 I AssistantForeground: (REDACTED) Get launcher package: %s
09-02 00:17:06.066  1513  1640 I libprocessgroup: Successfully killed process cgroup uid 10260 pid 4691 in 62ms
09-02 00:17:06.070  2158  2158 I WallpaperService: engine resumed
09-02 00:17:06.072   901   901 W sensors@2.0-ser: type=1400 audit(0.0:6267): avc: denied { read write } for name="diag" dev="tmpfs" ino=12474 scontext=u:r:hal_sensors_default:s0 tcontext=u:object_r:diag_device:s0 tclass=chr_file permissive=0
09-02 00:17:06.072   901   901 I sensors-hal: [hal]batch_physical_sensor:301, android.sensor.gyroscope/41, period=20000000, max_latency=0
09-02 00:17:06.072   901   901 I sensors-hal: [hal]batch_physical_sensor:310, android.sensor.gyroscope/41, period=20000000, max_latency=0 request completed
09-02 00:17:06.072   901   901 I sensors-hal: [hal]activate_physical_sensor:238, android.sensor.gyroscope/41 en=1
09-02 00:17:06.072   901   901 I sensors-hal: [ssc_utils]get_qmi_debug_flag:244, support_qmi_debug : false
09-02 00:17:06.074  1513  1572 W ActivityManager: setHasOverlayUi called on unknown pid: 4691
09-02 00:17:06.076   901   901 W sensors@2.0-ser: type=1400 audit(0.0:6268): avc: denied { read write } for name="diag" dev="tmpfs" ino=12474 scontext=u:r:hal_sensors_default:s0 tcontext=u:object_r:diag_device:s0 tclass=chr_file permissive=0
09-02 00:17:06.079   901   901 D Diag_Lib:  Diag_LSM_Init: Failed to open handle to diag driver, error = 13
09-02 00:17:06.079   901   901 D Diag_Lib:  Diag_LSM_Init: Failed to open handle to diag driver, error = 13
09-02 00:17:06.079   901   901 I sensors-hal: [ssc_sensor]update_handle:537, handle=331, type=33, wakeup=0, hwid=0, base=331
09-02 00:17:06.079   901   901 I sensors-hal: [ssc_utils]get_qmi_debug_flag:244, support_qmi_debug : false
09-02 00:17:06.081  2858  2858 I GoogleInputMethodService: GoogleInputMethodService.onFinishInput():3280 
09-02 00:17:06.082  2858  2858 I GoogleInputMethodService: GoogleInputMethodService.updateDeviceLockedStatus():2169 repeatCheckTimes = 0, unlocked = true
09-02 00:17:06.082  2858  2858 I GoogleInputMethodService: GoogleInputMethodService.onStartInput():1960 onStartInput(EditorInfo{inputType=0x0(NULL) imeOptions=0x0 privateImeOptions=null actionName=UNSPECIFIED actionLabel=null actionId=0 initialSelStart=-1 initialSelEnd=-1 initialCapsMode=0x0 hintText=null label=null packageName=com.google.android.apps.nexuslauncher fieldId=-1 fieldName=null extras=null}, false)
09-02 00:17:06.082  2858  2858 I GoogleInputMethodService: GoogleInputMethodService.shouldHideHeaderOnInitialState():4081 ShouldHideHeaderOnInitialState = false
09-02 00:17:06.082  2858  2858 I GoogleInputMethodService: GoogleInputMethodService.updateDeviceLockedStatus():2169 repeatCheckTimes = 2, unlocked = true
09-02 00:17:06.085   901   901 I sensors-hal: [ssc_utils]get_qmi_debug_flag:244, support_qmi_debug : false
09-02 00:17:06.085   901  5303 I sensors-hal: [ssc_sensor]ssc_conn_resp_cb:663, resp_value = 0
09-02 00:17:06.085   901  1000 W SEE     : @ 51812.537: adding req to Q sensor=8 req=0xb202e018 msg=513
09-02 00:17:06.087   901  5303 I sensors-hal: [sensor]submit_sensors_hal_event:146, android.sensor.additional_info: trying to push empty Events, count = 0
09-02 00:17:06.087   901  5303 I sensors-hal: [sensor]submit_sensors_hal_event:146, android.sensor.additional_info: trying to push empty Events, count = 0
09-02 00:17:06.089   901   901 I sensors-hal: [hal]activate_physical_sensor:249, android.sensor.gyroscope/41 en=1 completed
09-02 00:17:06.091   901  1000 W SEE     : @ 51812.542: adding req to Q sensor=2 req=0xb2027998 msg=513
09-02 00:17:06.096   901  5306 I sensors-hal: [ssc_sensor]ssc_conn_resp_cb:663, resp_value = 0
09-02 00:17:06.096   901  5306 I sensors-hal: [sensor]submit_sensors_hal_event:146, android.sensor.gyroscope: trying to push empty Events, count = 1
09-02 00:17:06.096   901  5306 I chatty  : uid=1000(system) 41_see identical 2 lines
09-02 00:17:06.113   901  5306 I sensors-hal: [sensor]submit_sensors_hal_event:146, android.sensor.gyroscope: trying to push empty Events, count = 1
09-02 00:17:06.207   901  1000 D VSC     : @ 51812.658: [WO] tilt angle 89
09-02 00:17:06.294   594 28441 I SDM     : HWDeviceDRM::UpdateMixerAttributes: Mixer WxH 1080x2340-1 for Peripheral
09-02 00:17:06.295   594 28441 I SDM     : DisplayBase::SetActiveConfig: Active configuration changed to: 0
09-02 00:17:06.295   594 28441 I SDM     : StrategyImpl::SetIdleTimeoutMs: Idle timeout set to zero for command mode panels
09-02 00:17:06.304   901  2806 I sensors-hal: [ssc_utils]get_qmi_debug_flag:244, support_qmi_debug : false
09-02 00:17:06.315  1513  1572 I DisplayManagerService: Display device changed: DisplayDeviceInfo{"Built-in Screen": uniqueId="local:19260504575090817", 1080 x 2340, modeId 2, defaultModeId 2, supportedModes [{id=1, width=1080, height=2340, fps=90.0}, {id=2, width=1080, height=2340, fps=60.000004}], colorMode 0, supportedColorModes [0, 7, 9], HdrCapabilities HdrCapabilities{mSupportedHdrTypes=[2, 3, 4], mMaxLuminance=500.0, mMaxAverageLuminance=500.0, mMinLuminance=0.0}, allmSupported false, gameContentTypeSupported false, density 440, 435.428 x 433.839 dpi, appVsyncOff 2333332, presDeadline 11500000, cutout DisplayCutout{insets=Rect(0, 136 - 0, 0) waterfall=Insets{left=0, top=0, right=0, bottom=0} boundingRect={Bounds=[Rect(0, 0 - 0, 0), Rect(0, 0 - 136, 136), Rect(0, 0 - 0, 0), Rect(0, 0 - 0, 0)]}}, touch INTERNAL, rotation 0, type INTERNAL, address {port=129, model=0x446d53ad64a0}, deviceProductInfo DeviceProductInfo{name=, manufacturerPnpId=QCM, productId=1, modelYear=null, manufactureDate=ManufactureDate{week=27, year=2006}, relativeAddress=null}, state ON, FLAG_DEFAULT_DISPLAY, FLAG_ROTATES_WITH_CONTENT, FLAG_SECURE, FLAG_SUPPORTS_PROTECTED_BUFFERS}
09-02 00:17:06.317   594 28441 I SDM     : StrategyImpl::SetIdleTimeoutMs: Idle timeout set to zero for command mode panels
09-02 00:17:06.326   901  1000 W ASH     : @ 51812.778: Unhandled msg ID 999: line 1277
09-02 00:17:06.326   901  1000 E ASH     : @ 51812.778: No pb callback assigned
09-02 00:17:06.326   901  1000 E ASH     : @ 51812.778: Nanopb error: callback failed:1588
09-02 00:17:08.167   901  1000 D VSC     : @ 51814.618: [WO] tilt angle 89
09-02 00:17:08.236  1513  2000 D ConnectivityService: NetReassign [no changes]
09-02 00:17:10.167   901  1000 D VSC     : @ 51816.618: [WO] tilt angle 89
