09-02 19:37:16.898  3979  4180 E ConnectivityService: RemoteException caught trying to send a callback msg for NetworkRequest [ LISTEN id=1328, [ Capabilities: INTERNET&NOT_RESTRICTED&TRUSTED&FOREGROUND] ]
09-02 19:37:16.898  3979  4180 D ConnectivityService: releasing NetworkRequest [ LISTEN id=1329, [ Capabilities: INTERNET&NOT_RESTRICTED&TRUSTED&FOREGROUND] ] (CALLBACK_RELEASED)
09-02 19:37:16.899  3979  4180 D ConnectivityService: sending notification RELEASED for NetworkRequest [ LISTEN id=1329, [ Capabilities: INTERNET&NOT_RESTRICTED&TRUSTED&FOREGROUND] ]
09-02 19:37:16.899  3979  3997 W zygote64: failed to open /acct/uid_99390/pid_30428/cgroup.procs: No such file or directory
09-02 19:37:16.899  3979  3997 W zygote64: failed to open /acct/uid_99389/pid_30230/cgroup.procs: No such file or directory
09-02 19:37:16.900  3979  4180 E ConnectivityService: RemoteException caught trying to send a callback msg for NetworkRequest [ LISTEN id=1329, [ Capabilities: INTERNET&NOT_RESTRICTED&TRUSTED&FOREGROUND] ]
09-02 19:37:16.900  3979  4180 D ConnectivityService: releasing NetworkRequest [ LISTEN id=1327, [ Capabilities: INTERNET&NOT_RESTRICTED&TRUSTED&FOREGROUND] ] (CALLBACK_RELEASED)
09-02 19:37:16.900  4336  4336 D InputEventReceiver: channel 'ClientState{573c053 uid 10096 pid 30196} (client)' ~ Disposing input event receiver.
09-02 19:37:16.900  4336  4336 D InputEventReceiver: channel 'ClientState{573c053 uid 10096 pid 30196} (client)' ~NativeInputEventReceiver.
09-02 19:37:16.900  3979  4180 D ConnectivityService: sending notification RELEASED for NetworkRequest [ LISTEN id=1327, [ Capabilities: INTERNET&NOT_RESTRICTED&TRUSTED&FOREGROUND] ]
09-02 19:37:16.901  3979  4180 E ConnectivityService: RemoteException caught trying to send a callback msg for NetworkRequest [ LISTEN id=1327, [ Capabilities: INTERNET&NOT_RESTRICTED&TRUSTED&FOREGROUND] ]
09-02 19:37:16.908  3449  3449 I android.hardware.wifi@1.0-service: getLinkLayerStats
09-02 19:37:16.909  3462  3462 I SurfaceFlinger: id=4238 createSurf (720x1280),-1 flag=20004, com.example.batterymanager_utility/com.example.batterymanager_utility.MainActivity_dim#0
09-02 19:37:16.913  3979  4004 W ActivityManager: setHasOverlayUi called on unknown pid: 30196
09-02 19:37:16.928  3462  3462 I SurfaceFlinger: Display 0 HWC layers:
09-02 19:37:16.928  3462  3462 I SurfaceFlinger:     type    |    handle    | flag |  format   |   source crop (l,t,r,b)    |         frame       | name 
09-02 19:37:16.928  3462  3462 I SurfaceFlinger: ------------+--------------+------+-----------+----------------------------+---------------------+------
09-02 19:37:16.928  3462  3462 I SurfaceFlinger:      Client |              | 0000 |  Unknown  |  -0.2   -0.2   -0.8   -0.8 |    0    0  720 1280 | animation background stackId=1#0
09-02 19:37:16.928  3462  3462 I SurfaceFlinger:      Client | 0x7ac4c24cc0 | 0002 | RGBA_8888 |   0.0    0.0   31.0 1280.0 |  689    0  720 1280 | com.example.batterymanager_utility/c[...]atterymanager_utility.MainActivity#0
09-02 19:37:16.928  3462  3462 I SurfaceFlinger:      Device | 0x7ac4c24d80 | 0000 | RGBA_8888 |   0.0    0.0  720.0   42.0 |    0    0  720   42 | StatusBar#0
09-02 19:37:16.928  3462  3462 I SurfaceFlinger: 
09-02 19:37:16.944  3462  3462 I SurfaceFlinger: Display 0 HWC layers:
09-02 19:37:16.944  3462  3462 I SurfaceFlinger:     type    |    handle    | flag |  format   |   source crop (l,t,r,b)    |         frame       | name 
09-02 19:37:16.944  3462  3462 I SurfaceFlinger: ------------+--------------+------+-----------+----------------------------+---------------------+------
09-02 19:37:16.944  3462  3462 I SurfaceFlinger:      Client |              | 0000 |  Unknown  |   0.0    0.0   -1.0   -1.0 |    0    0  720 1280 | com.example.batterymanager_utility/c[...]rymanager_utility.MainActivity_dim#0
09-02 19:37:16.944  3462  3462 I SurfaceFlinger:      Client |              | 0000 |  Unknown  |  -0.2   -0.2   -0.8   -0.8 |    0    0  720 1280 | animation background stackId=1#0
09-02 19:37:16.944  3462  3462 I SurfaceFlinger:      Client | 0x7ac4c24cc0 | 0002 | RGBA_8888 |   0.0    0.0   67.0 1280.0 |  653    0  720 1280 | com.example.batterymanager_utility/c[...]atterymanager_utility.MainActivity#0
09-02 19:37:16.944  3462  3462 I SurfaceFlinger:      Device | 0x7ac4c24240 | 0000 | RGBA_8888 |   0.0    0.0  720.0   42.0 |    0    0  720   42 | StatusBar#0
09-02 19:37:16.944  3462  3462 I SurfaceFlinger: 
09-02 19:37:16.960  3979  4111 D MdnieScenarioControlService:  packageName : com.example.batterymanager_utility    className : com.example.batterymanager_utility.MainActivity
09-02 19:37:16.960  3979  4111 V MdnieScenarioControlService: setUIMode from UI function(3)
09-02 19:37:17.123  3979  4111 V MdnieScenarioControlService: Calling MdnieManager API(setContentMode(0))
09-02 19:37:17.123  3979  4111 D SemDisplaySolutionManagerService: uid : 1000 , pid : 3979 , name : hdr_effect_off
09-02 19:37:17.123  3979  4111 D SemDisplaySolutionManagerService: where : application what : DEFAULT setScreenBrightnessScaleFactor(-1.0)
09-02 19:37:17.123  3979  4111 D PowerManagerService: [api] setScreenBrightnessScaleFactor: scaleFactor: -1.0 (uid: 1000 pid: 3979)
09-02 19:37:17.123  3979  4111 D SemDisplaySolutionManagerService: setMultipleScreenBrightness , application, DEFAULT, -1.0
09-02 19:37:17.123  3979  4111 V MdnieScenarioControlService: Calling SemDisplaySolutionManager API(setMultipleScreenBrightness(0)
09-02 19:37:17.124  3603 12535 V APM_AudioPolicyManager: setAudioPolicyConfig: audioEffectParam;audioHDR=0;packageName=com.example.batterymanager_utility
09-02 19:37:17.125  3979  4111 I AudioService: audioEffectParam;audioHDR=0;packageName=com.example.batterymanager_utility
09-02 19:37:17.125  3979  4111 V MdnieScenarioControlService: setUIMode from UI function
09-02 19:37:17.294  3462  3462 I SurfaceFlinger: Display 0 HWC layers:
09-02 19:37:17.294  3462  3462 I SurfaceFlinger:     type    |    handle    | flag |  format   |   source crop (l,t,r,b)    |         frame       | name 
09-02 19:37:17.294  3462  3462 I SurfaceFlinger: ------------+--------------+------+-----------+----------------------------+---------------------+------
09-02 19:37:17.294  3462  3462 I SurfaceFlinger:      Device | 0x7ac4c24cc0 | 0002 | RGBA_8888 |   0.0    0.0  720.0 1280.0 |    0    0  720 1280 | com.example.batterymanager_utility/c[...]atterymanager_utility.MainActivity#0
09-02 19:37:17.294  3462  3462 I SurfaceFlinger:      Device | 0x7abe64bd40 | 0000 | RGBA_8888 |   0.0    0.0  720.0   42.0 |    0    0  720   42 | StatusBar#0
09-02 19:37:17.294  3462  3462 I SurfaceFlinger: 
09-02 19:37:17.308  3979  4046 I WindowManager: Destroying surface Surface(name=com.example.batterymanager_utility/com.example.batterymanager_utility.MainActivity_dim) called by com.android.server.wm.WindowStateAnimator.destroyTransitionDimSurface:2733 com.android.server.wm.WindowState.onExitAnimationDone:5260 com.android.server.wm.AppWindowAnimator.stepAnimationLocked:508 com.android.server.wm.AppWindowToken.stepAppWindowsAnimation:1659 com.android.server.wm.WindowContainer.stepAppWindowsAnimation:521 com.android.server.wm.WindowContainer.stepAppWindowsAnimation:521 com.android.server.wm.TaskStack.stepAppWindowsAnimation:1948 com.android.server.wm.WindowContainer.stepAppWindowsAnimation:521 
09-02 19:37:17.308  3462  3502 I SurfaceFlinger: id=4238 Removed com.example.batterymanager_utility/com.example.batterymanager_utility.MainActivity_dim#0 (1/5)
09-02 19:37:17.308  3462  3502 I SurfaceFlinger: id=4238 Removed com.example.batterymanager_utility/com.example.batterymanager_utility.MainActivity_dim#0 (-2/5)
09-02 19:37:17.309  3979  4004 D CustomFrequencyManagerService: releaseDVFSLockLocked : Getting Lock type frm List : DVFS_MIN_LIMIT  frequency : 1560000  uid : 1000  pid : 3979  tag : AMS_ACT_RESUME@CPU_MIN@70
09-02 19:37:17.309  3979  4004 D ActivityManagerPerformance: AMP_release() ACT_RESUME
09-02 19:37:17.324  3462  3462 I Layer   : id=4238 onRemoved com.example.batterymanager_utility/com.example.batterymanager_utility.MainActivity_dim#0 
09-02 19:37:17.628  3979  6844 D ConnectivityService: filterNetworkStateForUid() uid: 10102 networkInfo: [type: WIFI[] - WIFI, state: CONNECTED/CONNECTED, reason: (unspecified), extra: "WiFi 69", failover: false, available: true, roaming: false, metered: false]
09-02 19:37:17.632  7881  7881 W fb4a.MobileConfigFactoryImpl: SESSIONLESS factory used for 2 param
09-02 19:37:17.634  7881  7881 E fb4a.Execution: Redirecting MSYS Execution scheduling from the UI thread to a custom executor
09-02 19:37:17.637  3614  3927 D DnsProxyListener: DNSDBG::dns addrinfo af 2
09-02 19:37:17.764  7881 30413 D omnistore_android_logger: DebouncingRateLimiter attempting event SyncProtocol::onConnectionEstablished
09-02 19:37:17.765  7881 30413 D omnistore_android_logger: AlarmManager::startAlarmTimer for key=SyncProtocol::onConnectionEstablished, it will NOT wake up main thread to reschedule
09-02 19:37:17.765  7881 30413 W omnistore_android_logger: Event SyncProtocol::onConnectionEstablished rate limited for 24139 ms
09-02 19:37:17.765  7881  7881 W fb4a.MobileConfigFactoryImpl: SESSIONLESS factory used for 2 param
09-02 19:37:17.767  7881  7881 E fb4a.Execution: Redirecting MSYS Execution scheduling from the UI thread to a custom executor
09-02 19:37:17.816  7881  4231 E fb4a.msys: E[N MQTT]readEOF(124)=>TCPStreamTransport readEOF
09-02 19:37:17.816  7881  4231 E fb4a.msys: E[N MQTT]onEOF(699)=>LigerBasedStreamTransport onEOF
09-02 19:37:17.817  7881 30097 E fb4a.FBMsysMqttClientCallbacks: onPublish, onFailure, msgId = 8234, error = 2003
09-02 19:37:17.818  7881 30097 E fb4a.FBMsysMqttClientCallbacks: onPublish, onFailure, msgId = 8233, error = 2003
09-02 19:37:17.818  7881 30097 E fb4a.FBMsysMqttClientCallbacks: onPublish, onFailure, msgId = 8232, error = 2003
09-02 19:37:17.819  7881 30097 E fb4a.FBMsysMqttClientCallbacks: onPublish, onFailure, msgId = 8231, error = 2003
09-02 19:37:17.820  3979  6844 D ConnectivityService: filterNetworkStateForUid() uid: 10102 networkInfo: [type: WIFI[] - WIFI, state: CONNECTED/CONNECTED, reason: (unspecified), extra: "WiFi 69", failover: false, available: true, roaming: false, metered: false]
09-02 19:37:17.822  7881  7881 W fb4a.MobileConfigFactoryImpl: SESSIONLESS factory used for 2 param
09-02 19:37:17.823  7881  7881 E fb4a.Execution: Redirecting MSYS Execution scheduling from the UI thread to a custom executor
09-02 19:37:17.823  7881  4225 E fb4a.msys: E[N rtchannel]_rt_mqtt_publish_callback(430)=>Failed to publish the request over MQTT (possible duplicate log). token:40dd30a7-fdff-4156-8cb1-24832e4aaadc, category:mcd-sync-data-task-category, requestId:4417, error:Error Domain=mqtt Code=2003 UserInfo=0xc81ecc00 {MCFErrorDirectLocalizedFailureReasonKey=2003, MCFErrorDirectDescriptionKey=2003}
09-02 19:37:17.824  7881  4225 E fb4a.msys: E[N rtchannel]_rt_mqtt_publish_callback(430)=>Failed to publish the request over MQTT (possible duplicate log). token:dd5bce70-1440-4fdd-bd6b-8811dede3c7c, category:mcd-sync-data-task-category, requestId:23685, error:Error Domain=mqtt Code=2003 UserInfo=0xc7e8fc00 {MCFErrorDirectLocalizedFailureReasonKey=2003, MCFErrorDirectDescriptionKey=2003}
09-02 19:37:17.830  7881  4229 E fb4a.msys: E[S sync]_createResponseError(195)=>Network Response 40dd30a7-fdff-4156-8cb1-24832e4aaadc contains sync error Error Domain=mqtt Code=2003 UserInfo=0xc81ecc00 {MCFErrorDirectLocalizedFailureReasonKey=2003, MCFErrorDirectDescriptionKey=2003} - Underlying error (null): Error Domain=mqtt Code=2003 UserInfo=0xc81ecc00 {MCFErrorDirectLocalizedFailureReasonKey=2003, MCFErrorDirectDescriptionKey=2003}
09-02 19:37:17.838  7881  4229 E fb4a.msys: E[S sync]_createResponseError(195)=>Network Response dd5bce70-1440-4fdd-bd6b-8811dede3c7c contains sync error Error Domain=mqtt Code=2003 UserInfo=0xc7e8fc00 {MCFErrorDirectLocalizedFailureReasonKey=2003, MCFErrorDirectDescriptionKey=2003} - Underlying error (null): Error Domain=mqtt Code=2003 UserInfo=0xc7e8fc00 {MCFErrorDirectLocalizedFailureReasonKey=2003, MCFErrorDirectDescriptionKey=2003}
09-02 19:37:17.920  7881 28381 E fb4a.T157805820: TigonMhrLogger::logRequestIfNeeded
09-02 19:37:17.920  7881 28381 E fb4a.T157805820: TigonWifiInfoLogger::init
09-02 19:37:17.920  7881  4225 E fb4a.msys: E[N data-request]_HandleDataResponse(1782)=>Data request error for task 6eafddf2-e682-4e7f-be77-43a8dc702e1c (response type 1): (null)
09-02 19:37:17.920  7881 28381 E fb4a.T157805820: TigonMhrFbcLogger::logRequestIfNeeded
09-02 19:37:17.921  7881 28381 E fb4a.T157805820: TigonCellTowerInfoLogger::logRequestIfNeeded
09-02 19:37:17.921  7881 28381 E fb4a.T157805820: TigonCertificateVerificationLogger::logRequestIfNeeded
09-02 19:37:17.921  7881 28381 E fb4a.T157805820: TigonTransientAnalysisLogger::logRequestIfNeeded
09-02 19:37:17.921  7881 28381 E fb4a.T157805820: TigonProviderConnectionDeviceInfoLogger::logRequestIfNeeded
09-02 19:37:17.921  7881 28381 E fb4a.T157805820: TigonCellTowerInfoPapayaLogger::logRequestIfNeeded
09-02 19:37:17.921  7881 28381 E fb4a.T157805820: NetworkUtilisationLogger::logRequestIfNeeded
09-02 19:37:17.922  7881  4229 E fb4a.msys: E[S sync]_createResponseError(195)=>Network Response 6eafddf2-e682-4e7f-be77-43a8dc702e1c contains sync error Error Domain=com.facebook.http.error Code=401 UserInfo=0xc91e2400 {MCFErrorDirectLocalizedDescriptionKey=Client error} - Underlying error (null): Error Domain=com.facebook.http.error Code=401 UserInfo=0xc91e2400 {MCFErrorDirectLocalizedDescriptionKey=Client error}
09-02 19:37:17.943  7881 30097 E fb4a.T157805820: TigonMhrLogger::logRequestIfNeeded
09-02 19:37:17.943  7881 30097 E fb4a.T157805820: TigonWifiInfoLogger::init
09-02 19:37:17.944  7881  4225 E fb4a.msys: E[N data-request]_HandleDataResponse(1782)=>Data request error for task 8bdf0cc4-2d91-405e-80cd-16135ccac2ff (response type 1): (null)
09-02 19:37:17.944  7881 30097 E fb4a.T157805820: TigonMhrFbcLogger::logRequestIfNeeded
09-02 19:37:17.944  7881 30097 E fb4a.T157805820: TigonCellTowerInfoLogger::logRequestIfNeeded
09-02 19:37:17.944  7881 30097 E fb4a.T157805820: TigonCertificateVerificationLogger::logRequestIfNeeded
09-02 19:37:17.944  7881 30097 E fb4a.T157805820: TigonTransientAnalysisLogger::logRequestIfNeeded
09-02 19:37:17.944  7881 30097 E fb4a.T157805820: TigonProviderConnectionDeviceInfoLogger::logRequestIfNeeded
09-02 19:37:17.944  7881 30097 E fb4a.T157805820: TigonCellTowerInfoPapayaLogger::logRequestIfNeeded
09-02 19:37:17.944  7881 30097 E fb4a.T157805820: NetworkUtilisationLogger::logRequestIfNeeded
09-02 19:37:17.945  7881  4229 E fb4a.msys: E[S sync]_createResponseError(195)=>Network Response 8bdf0cc4-2d91-405e-80cd-16135ccac2ff contains sync error Error Domain=com.facebook.http.error Code=401 UserInfo=0xc7b4cd00 {MCFErrorDirectLocalizedDescriptionKey=Client error} - Underlying error (null): Error Domain=com.facebook.http.error Code=401 UserInfo=0xc7b4cd00 {MCFErrorDirectLocalizedDescriptionKey=Client error}
09-02 19:37:18.000  7881 28381 E fb4a.T157805820: TigonMhrLogger::logRequestIfNeeded
09-02 19:37:18.000  7881 28381 E fb4a.T157805820: TigonWifiInfoLogger::init
09-02 19:37:18.001  7881  4225 E fb4a.msys: E[N data-request]_HandleDataResponse(1782)=>Data request error for task 24a8cac4-e351-46f4-b2aa-0dfa755ed3ad (response type 1): (null)
09-02 19:37:18.001  7881 28381 E fb4a.T157805820: TigonMhrFbcLogger::logRequestIfNeeded
09-02 19:37:18.001  7881 28381 E fb4a.T157805820: TigonCellTowerInfoLogger::logRequestIfNeeded
09-02 19:37:18.001  7881 28381 E fb4a.T157805820: TigonCertificateVerificationLogger::logRequestIfNeeded
09-02 19:37:18.001  7881 28381 E fb4a.T157805820: TigonTransientAnalysisLogger::logRequestIfNeeded
09-02 19:37:18.001  7881 28381 E fb4a.T157805820: TigonProviderConnectionDeviceInfoLogger::logRequestIfNeeded
09-02 19:37:18.002  7881 28381 E fb4a.T157805820: TigonCellTowerInfoPapayaLogger::logRequestIfNeeded
09-02 19:37:18.002  7881 28381 E fb4a.T157805820: NetworkUtilisationLogger::logRequestIfNeeded
09-02 19:37:18.005  7881  4229 E fb4a.msys: E[S sync]_createResponseError(195)=>Network Response 24a8cac4-e351-46f4-b2aa-0dfa755ed3ad contains sync error Error Domain=com.facebook.http.error Code=401 UserInfo=0xb58fa500 {MCFErrorDirectLocalizedDescriptionKey=Client error} - Underlying error (null): Error Domain=com.facebook.http.error Code=401 UserInfo=0xb58fa500 {MCFErrorDirectLocalizedDescriptionKey=Client error}
09-02 19:37:18.009  7881 30412 E fb4a.T157805820: TigonMhrLogger::logRequestIfNeeded
09-02 19:37:18.009  7881  4225 E fb4a.msys: E[N data-request]_HandleDataResponse(1782)=>Data request error for task c9d269f1-bf1a-409c-8e07-ca23088405a7 (response type 1): (null)
09-02 19:37:18.009  7881 30412 E fb4a.T157805820: TigonWifiInfoLogger::init
09-02 19:37:18.009  7881 30412 E fb4a.T157805820: TigonMhrFbcLogger::logRequestIfNeeded
09-02 19:37:18.009  7881 30412 E fb4a.T157805820: TigonCellTowerInfoLogger::logRequestIfNeeded
09-02 19:37:18.009  7881 30412 E fb4a.T157805820: TigonCertificateVerificationLogger::logRequestIfNeeded
09-02 19:37:18.009  7881 30412 E fb4a.T157805820: TigonTransientAnalysisLogger::logRequestIfNeeded
09-02 19:37:18.010  7881 30412 E fb4a.T157805820: TigonProviderConnectionDeviceInfoLogger::logRequestIfNeeded
09-02 19:37:18.010  7881 30412 E fb4a.T157805820: TigonCellTowerInfoPapayaLogger::logRequestIfNeeded
09-02 19:37:18.010  7881 30412 E fb4a.T157805820: NetworkUtilisationLogger::logRequestIfNeeded
09-02 19:37:18.029  7881  4229 E fb4a.msys: E[S sync]_createResponseError(195)=>Network Response c9d269f1-bf1a-409c-8e07-ca23088405a7 contains sync error Error Domain=com.facebook.http.error Code=401 UserInfo=0xc81ec800 {MCFErrorDirectLocalizedDescriptionKey=Client error} - Underlying error (null): Error Domain=com.facebook.http.error Code=401 UserInfo=0xc81ec800 {MCFErrorDirectLocalizedDescriptionKey=Client error}
09-02 19:37:18.106  7881  8242 E fb4a.T157805820: TigonMhrLogger::logRequestIfNeeded
09-02 19:37:18.106  7881  8242 E fb4a.T157805820: TigonWifiInfoLogger::init
09-02 19:37:18.106  7881  8242 E fb4a.T157805820: TigonMhrFbcLogger::logRequestIfNeeded
09-02 19:37:18.107  7881  8242 E fb4a.T157805820: TigonCellTowerInfoLogger::logRequestIfNeeded
09-02 19:37:18.107  7881  8242 E fb4a.T157805820: TigonCertificateVerificationLogger::logRequestIfNeeded
09-02 19:37:18.108  7881  8242 E fb4a.T157805820: TigonTransientAnalysisLogger::logRequestIfNeeded
09-02 19:37:18.108  7881  8242 E fb4a.T157805820: TigonProviderConnectionDeviceInfoLogger::logRequestIfNeeded
09-02 19:37:18.113  7881  8242 E fb4a.T157805820: TigonCellTowerInfoPapayaLogger::logRequestIfNeeded
09-02 19:37:18.113  7881  8242 E fb4a.T157805820: NetworkUtilisationLogger::logRequestIfNeeded
09-02 19:37:18.460  3979  6844 D SamsungAlarmManager: setExact Intent (T:2/F:1/AC:false) 20230902T194518 - CU:10102/CP:7881
09-02 19:37:18.782  3979  3979 D PreBindingService: handleMessage : 1
09-02 19:37:19.005  7881  4225 E fb4a.msys: E[N data-request]_HandleDataResponse(1782)=>Data request error for task 6b26e87f-344b-42b3-a200-481d8d3931a6 (response type 1): (null)
09-02 19:37:19.008  7881  4229 E fb4a.msys: E[S task_queue_handling]MCDLightSpeedTaskExecutorNetworkCompletionCallback(1017)=>Handling send error for taskId=6 batchSize=1 queue=secure_message_over_wa_generate_cat
09-02 19:37:19.009  7881  4229 E fb4a.msys: E[S task_queue_handling]MCDLightSpeedTaskExecutorNetworkCompletionCallback(1071)=>Error content with 18 bytes: Error Domain=com.facebook.http.error Code=401 UserInfo=0xc91e2400 {MCFErrorDirectLocalizedDescriptionKey=Client error}
09-02 19:37:19.025  7881 30413 E fb4a.T157805820: TigonMhrLogger::logRequestIfNeeded
09-02 19:37:19.025  7881 30413 E fb4a.T157805820: TigonWifiInfoLogger::init
09-02 19:37:19.026  7881 30413 E fb4a.T157805820: TigonMhrFbcLogger::logRequestIfNeeded
09-02 19:37:19.026  7881 30413 E fb4a.T157805820: TigonCellTowerInfoLogger::logRequestIfNeeded
09-02 19:37:19.027  7881 30413 E fb4a.T157805820: TigonCertificateVerificationLogger::logRequestIfNeeded
09-02 19:37:19.027  7881 30413 E fb4a.T157805820: TigonTransientAnalysisLogger::logRequestIfNeeded
09-02 19:37:19.027  7881 30413 E fb4a.T157805820: TigonProviderConnectionDeviceInfoLogger::logRequestIfNeeded
09-02 19:37:19.027  7881 30413 E fb4a.T157805820: TigonCellTowerInfoPapayaLogger::logRequestIfNeeded
09-02 19:37:19.027  7881 30413 E fb4a.T157805820: NetworkUtilisationLogger::logRequestIfNeeded
09-02 19:37:19.196  4962  4962 D io_stats: !@ 179,0 r 829573 24563064 w 674666 13595212 d 73108 21127432 f 157443 161290 iot 764592 643882 th 51200 0 0 pt 0 inp 0 0 66772.440
09-02 19:37:19.222  3979  4673 D BatteryService: !@BatteryListener : batteryPropertiesChanged!
09-02 19:37:19.224  3979  4673 D BatteryService: level:100, scale:100, status:5, health:2, present:true, voltage: 4303, temperature: 280, technology: Li-ion, AC powered:false, USB powered:true, POGO powered:false, Wireless powered:false, icon:17303834, invalid charger:0, maxChargingCurrent:0, maxChargingVoltage:0, chargeCounter:0
09-02 19:37:19.224  3979  4673 D BatteryService: online:4, current avg:15, charge type:1, power sharing:false, high voltage charger:false, capacity:280000, batterySWSelfDischarging:false, misc_event:0, current_event:0, current_now:210
09-02 19:37:19.224  3979  3979 D BatteryService: Sending ACTION_BATTERY_CHANGED.
09-02 19:37:19.228  3979  3979 D SamsungPhoneWindowManager: ACTION_BATTERY_CHANGED - Level :: 100, battStatus :: 5
09-02 19:37:19.228  3979  3979 I MotionRecognitionService: Plugged
09-02 19:37:19.228  3979  3979 D MotionRecognitionService:   mCableConnection= 1
09-02 19:37:19.228  3979  3979 D MotionRecognitionService: setPowerConnected : mGripEnabled = false
09-02 19:37:19.230  3979  4002 D UsbDeviceManager: handleMessage -> MSG_UPDATE_CHARGING_STATE = 1
09-02 19:37:19.233  4349  4349 D KeyguardUpdateMonitor: received broadcast android.intent.action.BATTERY_CHANGED
09-02 19:37:19.236  4349  4349 D BatteryController: onReceive-ACTION_BATTERY_CHANGED : mLevel=100, mBatteryStatus=5
09-02 19:37:19.245  4349  4349 D PowerUI : priorPlugType = 2 mPlugType =  2
09-02 19:37:19.565 22051 22051 D BoundBrokerSvc: onUnbind: Intent { act=com.google.android.gms.feedback.internal.IFeedbackService dat=chimera-action: cmp=com.google.android.gms/.chimera.GmsBoundBrokerService }
09-02 19:37:19.868 14031 14031 E adbd    : recv: OPEN 0002782e 00000000 0042:73 68 65 6C 6C 2C 76 32 2C 54 45 52 4D 3D 78 74 65 72 6D 2D 32 35 36 63 6F 6C 6F 72 2C 72 61 77 3A 67 65 74 70 72 6F 70 20 72 6F 2E 62 75 69 6C 64 2E 76 65 72 73 69 6F 6E 2E 72 65 6C 65 61 73 65 00 
09-02 19:37:19.868 14031 14031 E adbd    : service_to_fd: shell,v2,TERM=xterm-256color,raw:getprop ro.build.version.release
09-02 19:37:19.914  3449  3449 I android.hardware.wifi@1.0-service: getLinkLayerStats
09-02 19:37:19.966 14031 14031 E adbd    : recv: OPEN 00027831 00000000 003e:73 68 65 6C 6C 2C 76 32 2C 54 45 52 4D 3D 78 74 65 72 6D 2D 32 35 36 63 6F 6C 6F 72 2C 72 61 77 3A 67 65 74 70 72 6F 70 20 72 6F 2E 62 75 69 6C 64 2E 76 65 72 73 69 6F 6E 2E 73 64 6B 00 
09-02 19:37:19.966 14031 14031 E adbd    : service_to_fd: shell,v2,TERM=xterm-256color,raw:getprop ro.build.version.sdk
09-02 19:37:20.063 14031 14031 E adbd    : recv: OPEN 00027834 00000000 0052:73 68 65 6C 6C 2C 76 32 2C 54 45 52 4D 3D 78 74 65 72 6D 2D 32 35 36 63 6F 6C 6F 72 2C 72 61 77 3A 61 6D 20 66 6F 72 63 65 2D 73 74 6F 70 20 63 6F 6D 2E 65 78 61 6D 70 6C 65 2E 62 61 74 74 65 72 79 6D 61 6E 61 67 65 72 5F 75 74 69 6C 69 74 79 00 
09-02 19:37:20.064 14031 14031 E adbd    : service_to_fd: shell,v2,TERM=xterm-256color,raw:am force-stop com.example.batterymanager_utility
09-02 19:37:20.165  3979  6844 I ActivityManager: Force stopping com.example.batterymanager_utility appid=10157 user=0: from pid 30532
09-02 19:37:20.167  3979  6844 I ActivityManager: Killing 30151:com.example.batterymanager_utility/u0a157 (adj 0): stop com.example.batterymanager_utility,from pid 30532
09-02 19:37:20.170  3979  6844 W ActivityManager: Force removing ActivityRecord{48bf4b3 u0 com.example.batterymanager_utility/.MainActivity t1217}: app died, no saved state
09-02 19:37:20.178  3979  6844 D InputDispatcher: Focus left window: 30151
09-02 19:37:20.179  3979  6844 I WindowManager: Failed to capture screenshot of Token{997ea70 ActivityRecord{48bf4b3 u0 com.example.batterymanager_utility/.MainActivity t1217 f}} appWin=Window{7da6f2a u0 com.example.batterymanager_utility/com.example.batterymanager_utility.MainActivity} drawState=4
09-02 19:37:20.180  3979  6844 D TaskSnapshotCache: removeRunningEntry taskId=1217 RunningCache size=2
09-02 19:37:20.180  3979  6844 I WindowManager: Destroying surface Surface(name=com.example.batterymanager_utility/com.example.batterymanager_utility.MainActivity) called by com.android.server.wm.WindowStateAnimator.destroySurface:2501 com.android.server.wm.WindowStateAnimator.destroySurfaceLocked:985 com.android.server.wm.WindowState.removeImmediately:2404 com.android.server.wm.WindowState.removeIfPossible:2603 com.android.server.wm.WindowState.removeIfPossible:2433 com.android.server.wm.WindowToken.removeAllWindowsIfPossible:143 com.android.server.wm.AppWindowToken.removeIfPossible:606 com.android.server.wm.AppWindowToken.onRemovedFromDisplay:674 
09-02 19:37:20.181  3462  3501 I SurfaceFlinger: id=4237 Removed com.example.batterymanager_utility/com.example.batterymanager_utility.MainActivity#0 (1/4)
09-02 19:37:20.181  3462  3501 I SurfaceFlinger: id=4237 Removed com.example.batterymanager_utility/com.example.batterymanager_utility.MainActivity#0 (-2/4)
09-02 19:37:20.187  3979  6844 D InputDispatcher: Focused application released
09-02 19:37:20.187  3979  6844 W MultiScreenManagerService: moveTaskBackToDisplayIfNeeded(): root activity or app is null, task=TaskRecord{c51d96d0 #1217 A=com.example.batterymanager_utility U=0 StackId=1 sz=0}, rootActivity=null
09-02 19:37:20.188  3979  3979 D MdnieScenarioControlService: Listener Real Multi Window State : true
09-02 19:37:20.193  3462  3462 I Layer   : id=4237 onRemoved com.example.batterymanager_utility/com.example.batterymanager_utility.MainActivity#0 
09-02 19:37:20.197  3979  4051 D SensorService: [SO] 0.077 -0.359 9.855
09-02 19:37:20.199  3462  3462 I SurfaceFlinger: Display 0 HWC layers:
09-02 19:37:20.199  3462  3462 I SurfaceFlinger:     type    |    handle    | flag |  format   |   source crop (l,t,r,b)    |         frame       | name 
09-02 19:37:20.199  3462  3462 I SurfaceFlinger: ------------+--------------+------+-----------+----------------------------+---------------------+------
09-02 19:37:20.199  3462  3462 I SurfaceFlinger:      Device | 0x7ac4c24d80 | 0000 | RGBA_8888 |   0.0    0.0  720.0   42.0 |    0    0  720   42 | StatusBar#0
09-02 19:37:20.199  3462  3462 I SurfaceFlinger: 
09-02 19:37:20.201  3979  6844 D CustomFrequencyManagerService: acquireDVFSLockLocked : type : DVFS_MIN_LIMIT  frequency : 1560000  uid : 1000  pid : 3979  pkgName : AMS_APP_HOME@CPU_MIN@59
09-02 19:37:20.203  3979  6844 D ActivityManagerPerformance: AMP_acquire() HOME
09-02 19:37:20.203  3979  6844 D PersonaManagerService: Current focused persona service handled id set to : 0
09-02 19:37:20.203  3979  6844 D InputDispatcher: Focused application set to: xxxx
09-02 19:37:20.205  3979  6844 V WindowManager: rotationForOrientationLw(orient=5, last=0); user=0  sensorRotation=-1 mLidState=-1 mDockMode=0 mHdmiPlugged=false
09-02 19:37:20.207  3979  4238 D GameManagerService: handleForegroundChange(). pkgName: com.sec.android.app.launcher, clsName: com.android.launcher3.Launcher,FgActivityName:com.sec.android.app.launcher/com.android.launcher3.Launcher
09-02 19:37:20.207  3979  6844 D MARsPolicyManager: onPackageResumedFG pkgName = com.sec.android.app.launcher, userId = 0
09-02 19:37:20.207  3979  4238 D GameManagerService: sem_perfomance_mode: 3
09-02 19:37:20.207  3979  4238 D GameManagerService: notifyResumePause(). pkg: com.sec.android.app.launcher, type: 4, isMinimized: false, isTunableApp: false
09-02 19:37:20.207  3979  4238 D GameManagerService:   notifyResumePause(). unexpected mPrevNotiType: -1
09-02 19:37:20.211  5213  5213 I Launcher: onWindowVisibilityChanged : false
09-02 19:37:20.213  3979  4673 V WindowManager: Relayout Window{7215288 u0 com.sec.android.app.launcher/com.sec.android.app.launcher.activities.LauncherActivity}: viewVisibility=4 req=720x1280 WM.LayoutParams{(0,0)(fillxfill) sim=#130 ty=1 fl=#81910d00 pfl=0x20000 fmt=-2 wanim=0x10302ea vsysui=0x700 needsMenuKey=2 colorMode=0 dimDuration=100 naviIconColor=0}
09-02 19:37:20.215  3979  3979 D SamsungAlarmManager: Remove alarm for next reason : android.intent.action.PACKAGE_RESTARTED : package: com.example.batterymanager_utility
09-02 19:37:20.217  5213  5213 D ViewRootImpl@8c524b3[LauncherActivity]: Relayout returned: old=[0,0][720,1280] new=[0,0][720,1280] result=0x1 surface={valid=false 0} changed=false
09-02 19:37:20.218  5213  5213 D HomeContainer: setAlpha : 1.0
09-02 19:37:20.218  3979  3995 W BroadcastQueue: Background execution not allowed: receiving Intent { act=android.intent.action.PACKAGE_RESTARTED dat=package:com.example.batterymanager_utility flg=0x10 (has extras) } to android/com.kddi.android.CpaNotiReceiver
09-02 19:37:20.219  4633  4633 D CarrierSvcBindHelper: No carrier app for: 0
09-02 19:37:20.219  3979  3995 W BroadcastQueue: Background execution not allowed: receiving Intent { act=android.intent.action.PACKAGE_RESTARTED dat=package:com.example.batterymanager_utility flg=0x10 (has extras) } to com.sec.android.daemonapp/com.samsung.android.weather.daemon.receiver.ClearDataReceiver
09-02 19:37:20.219  4633  4633 D CarrierSvcBindHelper: No carrier app for: 1
09-02 19:37:20.220  5213  5213 V Launcher: Launcher.onResume()
09-02 19:37:20.220  3979  6899 D GamePkgDataHelper: getGamePkgDataIncServer(). com.sec.android.app.launcher
09-02 19:37:20.221  3979  6899 D GameManagerService: identifyGamePackage. com.sec.android.app.launcher
09-02 19:37:20.221  3979  6899 D GamePkgDataHelper: getGamePkgData(). com.sec.android.app.launcher
09-02 19:37:20.221  3979  6899 D GameManagerService: identifyGamePackage. com.sec.android.app.launcher
09-02 19:37:20.222  3979  6899 D GamePkgDataHelper: getGamePkgData(). com.sec.android.app.launcher
09-02 19:37:20.222  3979  6899 D GamePkgDataHelper: getSosPolicy(). com.sec.android.app.launcher
09-02 19:37:20.223  3979  6899 D GameManagerService: identifyGamePackage. com.sec.android.app.launcher
09-02 19:37:20.223  3979  6899 D GamePkgDataHelper: getGamePkgData(). com.sec.android.app.launcher
09-02 19:37:20.223  3979  6899 D GameManagerService: identifyGamePackage. com.sec.android.app.launcher
09-02 19:37:20.223  3979  6899 D GamePkgDataHelper: getGamePkgData(). com.sec.android.app.launcher
09-02 19:37:20.228  5213  5213 D ExternalMethodQueue: Getting and clearing EXTERNAL_METHOD_LIST: null
09-02 19:37:20.229  5213  5302 I LauncherAppWidgetInfo: reinflateWidgetsIfNecessary, Not required: AppWidget(id=2)
09-02 19:37:20.229  5213  5213 D Launcher.HomeController: onResume HomeContainer current alpha = 1.0
09-02 19:37:20.229  5213  5302 I LauncherAppWidgetInfo: reinflateWidgetsIfNecessary, Not required: AppWidget(id=3)
09-02 19:37:20.229  5213  5213 D AppsCustomAdapter: notifyUpdate : com.android.launcher3.Launcher@110cd72
09-02 19:37:20.229  5213  5213 D AppsDragController: needDeferToBind : true , false
09-02 19:37:20.231  5117  5117 I GsaVoiceInteractionSrv: Handling ACTION_START_HOTWORD
09-02 19:37:20.232  5117  5377 I GsaVoiceInteractionSrv: (REDACTED) disregardVoiceMatch: %b
09-02 19:37:20.232  5117  5377 I GsaVoiceInteractionSrv: Cannot start hotword, hotword has been explicitly disabled.
09-02 19:37:20.233  3979  6844 D ActivityManager: post active user change for 0 fullscreen true isHomeActivity() true
09-02 19:37:20.233  3979  6844 I WallpaperManagerService: switchPersonaWallpaper is called for personaId-0
09-02 19:37:20.233  3979  4673 D Notification: allPendingIntents
09-02 19:37:20.233  3979  3979 D WallpaperManagerService:  force update = false; persona id = 0; current user =0; current persona = 0
09-02 19:37:20.234  3979  4673 D Notification: allPendingIntents
09-02 19:37:20.234  5213  5213 I Launcher: onWindowVisibilityChanged : true
09-02 19:37:20.235  3979  4673 D Notification: allPendingIntents
09-02 19:37:20.235  3979  6844 V WindowManager: Relayout Window{7215288 u0 com.sec.android.app.launcher/com.sec.android.app.launcher.activities.LauncherActivity}: viewVisibility=0 req=720x1280 WM.LayoutParams{(0,0)(fillxfill) sim=#130 ty=1 fl=#81910d00 pfl=0x20000 fmt=-2 wanim=0x10302ea vsysui=0x700 needsMenuKey=2 colorMode=0 dimDuration=100 naviIconColor=0}
09-02 19:37:20.235  3979  4673 I chatty  : uid=1000(system) Binder:3979_C identical 1 line
09-02 19:37:20.235  3979  4673 D Notification: allPendingIntents
09-02 19:37:20.236  3462  3462 I SurfaceFlinger: id=4239 createSurf (720x1280),1 flag=4, com.sec.android.app.launcher/com.sec.android.app.launcher.activities.LauncherActivity#0
09-02 19:37:20.236  3979  4673 D Notification: allPendingIntents
09-02 19:37:20.236  3979  4673 I chatty  : uid=1000(system) Binder:3979_C identical 3 lines
09-02 19:37:20.236  3979  4673 D Notification: allPendingIntents
09-02 19:37:20.237  3979  6844 V Surface : sf_framedrop debug : 0x4f4c, game : false, logging : 0
09-02 19:37:20.237  3979  3996 D WindowManager: set systemUiVisibility : systemUiFlags= 0x708 fullscreenStackSysUiFlags= 0x0
09-02 19:37:20.239  3979  4200 D Notification: allPendingIntents
09-02 19:37:20.240  3979  6844 D InputDispatcher: Focus entered window: 5213
09-02 19:37:20.240  3979  4673 D WindowManager: adjustSystemUiVisibilityLw : vis= 0x708
09-02 19:37:20.241  5213  5213 V Surface : sf_framedrop debug : 0x4f4c, game : false, logging : 0
09-02 19:37:20.241  5213  5213 D ViewRootImpl@8c524b3[LauncherActivity]: Relayout returned: old=[0,0][720,1280] new=[0,0][720,1280] result=0x7 surface={valid=true 535536410624} changed=true
09-02 19:37:20.242  5213  5302 D Notification.Badge: [filtered] shouldBeFilteredOut().mTempRanking.canShowBadge[false], [sbn : StatusBarNotification(pkg=com.samsung.android.timezone.autoupdate_O user=UserHandle{0} id=1 tag=null key=0|com.samsung.android.timezone.autoupdate_O|1|null|10072: Notification(channel=TimeZoneUpdaterO pri=0 contentView=null vibrate=default sound=default defaults=0xffffffff flags=0x11 color=0x00000000 actions=2 number=0 vis=PRIVATE semFlags=0x0 semPriority=0 semMissedCount=0))]
09-02 19:37:20.243  5213  5302 D Notification.Badge: [filtered] shouldBeFilteredOut().mTempRanking.canShowBadge[false], [sbn : StatusBarNotification(pkg=com.android.settings user=UserHandle{0} id=2354 tag=null key=0|com.android.settings|2354|null|1000: Notification(channel=DeviceMaintenanceNoBadge pri=0 contentView=null vibrate=null sound=null defaults=0x0 flags=0x110 color=0xff7ccbe2 actions=1 number=0 vis=PRIVATE semFlags=0x0 semPriority=0 semMissedCount=0))]
09-02 19:37:20.243  5213  5302 D Notification.Badge: [filtered] shouldBeFilteredOut().isGroupHeader[true], missingTitleAndText[false], [sbn : StatusBarNotification(pkg=com.google.android.googlequicksearchbox user=UserHandle{0} id=1253907549 tag=oc key=0|com.google.android.googlequicksearchbox|1253907549|oc|10076: Notification(channel=OpaChannel_41 pri=-1 contentView=null vibrate=null sound=null defaults=0x0 flags=0x218 color=0xff4285f4 groupKey=opa_proactive actions=2 number=0 vis=PRIVATE semFlags=0x0 semPriority=0 semMissedCount=0))]
09-02 19:37:20.243  5213  5302 D Notification.Badge: [filtered] shouldBeFilteredOut().mTempRanking.canShowBadge[false], [sbn : StatusBarNotification(pkg=com.android.systemui user=UserHandle{-1} id=2131362729 tag=full_battery key=-1|com.android.systemui|2131362729|full_battery|10009: Notification(channel=FBT pri=-2 contentView=null vibrate=null sound=null tick defaults=0x0 flags=0xa color=0xff17c433 category=sys number=0 vis=PUBLIC semFlags=0x0 semPriority=0 semMissedCount=0))]
09-02 19:37:20.243  5213  5302 D Notification.Badge: [filtered] shouldBeFilteredOut().mTempRanking.canShowBadge[false], [sbn : StatusBarNotification(pkg=android user=UserHandle{-1} id=32 tag=null key=-1|android|32|null|1000: Notification(channel=USB pri=0 contentView=null vibrate=null sound=null tick defaults=0x0 flags=0x2 color=0xff607d8b number=0 vis=PUBLIC semFlags=0x0 semPriority=0 semMissedCount=0))]
09-02 19:37:20.243  5213  5302 D Notification.Badge: [filtered] shouldBeFilteredOut().mTempRanking.canShowBadge[false], [sbn : StatusBarNotification(pkg=com.google.android.googlequicksearchbox user=UserHandle{0} id=0 tag=1049226659::SUMMARY::wx key=0|com.google.android.googlequicksearchbox|0|1049226659::SUMMARY::wx|10076: Notification(channel=21 pri=-2 contentView=null vibrate=null sound=null defaults=0x0 flags=0x200 color=0xff4285f4 groupKey=1049226659::SUMMARY::wx number=0 vis=PRIVATE publicVersion=Notification(channel=null pri=0 contentView=null vibrate=null sound=null defaults=0x0 flags=0x0 color=0xff4285f4 number=0 vis=PRIVATE semFlags=0x0 semPriority=0 semMissedCount=0) semFlags=0x0 semPriority=0 semMissedCount=0))]
09-02 19:37:20.243  5213  5302 D Notification.Badge: [filtered] shouldBeFilteredOut().mTempRanking.canShowBadge[false], [sbn : StatusBarNotification(pkg=com.google.android.googlequicksearchbox user=UserHandle{0} id=0 tag=1049226659::a:snotification:[0x394,wx.f,NOTIFICATION] key=0|com.google.android.googlequicksearchbox|0|1049226659::a:snotification:[0x394,wx.f,NOTIFICATION]|10076: Notification(channel=21 pri=-2 contentView=null vibrate=null sound=null tick defaults=0x0 flags=0x8 color=0xff4285f4 groupKey=1049226659::SUMMARY::wx number=0 vis=PRIVATE semFlags=0x0 semPriority=0 semMissedCount=0))]
09-02 19:37:20.244  5213  5302 D Notification.Badge: LauncherModel:onNotificationFullRefresh() : [3], IconType : [0]
09-02 19:37:20.244  5213  5302 D Notification.Badge: notificationKey : 0|com.facebook.katana|0|stale_notifications|10102, count : 0, this.count : 1
09-02 19:37:20.244  5213  5302 D Notification.Badge: notificationKey : 0|com.facebook.katana|0|stale_notifications|10102, count : 1, mTotalCount : 1
09-02 19:37:20.244  5213  5302 D Notification.Badge: notificationKey : 0|com.android.vending|-2073578647|null|10044, count : 0, this.count : 1
09-02 19:37:20.244  5213  5302 D Notification.Badge: notificationKey : 0|com.android.vending|-2073578647|null|10044, count : 1, mTotalCount : 1
09-02 19:37:20.244  5213  5302 D Notification.Badge: notificationKey : 0|com.android.vending|-555892737|null|10044, count : 0, this.count : 1
09-02 19:37:20.244  5213  5302 D Notification.Badge: notificationKey : 0|com.android.vending|-555892737|null|10044, count : 1, mTotalCount : 2
09-02 19:37:20.244  5213  5302 D Notification.Badge: LauncherModel:onNotificationFullRefresh() not need to update, updatedBadges.remove[com.facebook.katana], count : [1]
09-02 19:37:20.244  5213  5302 D Notification.Badge: LauncherModel:onNotificationFullRefresh() not need to update, updatedBadges.remove[com.android.vending], count : [2]
09-02 19:37:20.246  5213  5479 D mali_winsys: EGLint new_window_surface(egl_winsys_display *, void *, EGLSurface, EGLConfig, egl_winsys_surface **, egl_color_buffer_format *, EGLBoolean) returns 0x3000,  [720x1280]-format:1
09-02 19:37:20.246  5213  5479 D OpenGLRenderer: eglCreateWindowSurface = 0x7cc1f19f40
09-02 19:37:20.246  5213  5213 D AppsAdapter: notifyUpdate start : com.android.launcher3.Launcher@110cd72
09-02 19:37:20.246  5213  5213 D AppsCustomAdapter: no change items
09-02 19:37:20.246  5213  5213 D AppsAdapter: notifyUpdate end : com.android.launcher3.Launcher@110cd72
09-02 19:37:20.246  5213  5213 D ViewRootImpl@8c524b3[LauncherActivity]: MSG_WINDOW_FOCUS_CHANGED 1
09-02 19:37:20.249  5213  5213 V InputMethodManager: Starting input: tba=android.view.inputmethod.EditorInfo@880701c nm : com.sec.android.app.launcher ic=null
09-02 19:37:20.249  5213  5213 I InputMethodManager: startInputInner - mService.startInputOrWindowGainedFocus
09-02 19:37:20.249  3979  4673 D InputMethodManagerService: startInputOrWindowGainedFocus : windowGainedFocus 
09-02 19:37:20.249  3979  4673 D InputMethodManagerService: windowGainedFocus: destinationUserId (getCallingUid) = 0
09-02 19:37:20.249  3979  4673 D InputMethodManagerService: windowGainedFocus: currentUserId=0
09-02 19:37:20.250  3979  4673 D InputMethodManagerService: windowGainedFocus: mCurrentFocusedUserId=0
09-02 19:37:20.250  3979  4673 D InputMethodManagerService: windowGainedFocus : lock - currentUserId = 0 destinationUserId = 0
09-02 19:37:20.250  3979  4673 D InputMethodManagerService: windowGainedFocus : mCurrentFocusedUserId - 0 and mSecureKeypadEnabled - false, userSwitched - false
09-02 19:37:20.250  3979  4673 V InputMethodManagerService: windowGainedFocus : reason=WINDOW_FOCUS_GAIN client=android.os.BinderProxy@85bf16e inputContext=null missingMethods= attribute=android.view.inputmethod.EditorInfo@188cbcf nm = com.sec.android.app.launcher controlFlags=#104 softInputMode=#130 windowFlags=#81910d00
09-02 19:37:20.250  3979  4673 V InputMethodManagerService: hideCurrentInputLocked : shouldHideSoftInput is false
09-02 19:37:20.250  3979  4673 W InputMethodManagerService: Got RemoteException sending setActive(false) notification to pid 30151 uid 10157
09-02 19:37:20.251  3979  4673 D InputMethodManagerService: isImeSwitcherDisabledPackage : false
09-02 19:37:20.251  3979  4673 D InputMethodManagerService: setCurrentInputInfo - inputContext : null eidtorInfo : android.view.inputmethod.EditorInfo@188cbcf missingMethods : 0
09-02 19:37:20.251  4336  4336 I InputMethodWrapper:  call dispatchStartInputWithToken
09-02 19:37:20.251  4336  4336 I InputMethodService: dispatchStartInputWithToken
09-02 19:37:20.252  4336  4336 I SKBD    : SamsungKeypad [IMI] onStartInput - caller pid : 5213, caller uid : 10074
09-02 19:37:20.260  4336  4336 D InputEventReceiver: channel 'ClientState{853f6 uid 10157 pid 30151} (client)' ~ Disposing input event receiver.
09-02 19:37:20.260  3979  4004 W ActivityManager: setHasOverlayUi called on unknown pid: 30151
09-02 19:37:20.260  4336  4336 D InputEventReceiver: channel 'ClientState{853f6 uid 10157 pid 30151} (client)' ~NativeInputEventReceiver.
09-02 19:37:20.261  5213  5213 D DragLayer: DragLayer dispatchDraw, mIsNaviBarPositionChanged = false, mWillOrientationChange = false
09-02 19:37:20.263 14031 14031 E adbd    : recv: OPEN 00027837 00000000 0042:73 68 65 6C 6C 2C 76 32 2C 54 45 52 4D 3D 78 74 65 72 6D 2D 32 35 36 63 6F 6C 6F 72 2C 72 61 77 3A 67 65 74 70 72 6F 70 20 72 6F 2E 62 75 69 6C 64 2E 76 65 72 73 69 6F 6E 2E 72 65 6C 65 61 73 65 00 
09-02 19:37:20.263 14031 14031 E adbd    : service_to_fd: shell,v2,TERM=xterm-256color,raw:getprop ro.build.version.release
09-02 19:37:20.272  3979  9339 V WindowManager: finishDrawingLocked: mDrawState=COMMIT_DRAW_PENDING Window{7215288 u0 com.sec.android.app.launcher/com.sec.android.app.launcher.activities.LauncherActivity} in Surface(name=com.sec.android.app.launcher/com.sec.android.app.launcher.activities.LauncherActivity)
09-02 19:37:20.273  4349  4850 D WallpaperService: dispatchAppVisibility onVisibilityChanged(): true
09-02 19:37:20.273  4349  4349 D WallpaperService: updateSurface forceRelayout=false redrawNeeded=false myWidth=1280 myHeight=1280 fixedSize=true x = 0 y = 0 mWidth=1280 mHeight=1280 mIsSleepMode=false
09-02 19:37:20.273  4349  4349 D ImageWallpaper: onVisibilityChanged: mVisible, visible=false, true
09-02 19:37:20.273  4349  4349 D ImageWallpaper: Visibility changed to visible=true
09-02 19:37:20.274  4349  4349 D ImageWallpaper: newRotation : 0,mLastRotation : 0
09-02 19:37:20.274  4349  4349 D ImageWallpaper: drawFrame:[frame.width()]1280[frame.height()]1280
09-02 19:37:20.274  4349  4349 D ImageWallpaper: surfaceDimensionsChanged=false mDisplayWidth=720 mDisplayHeight=1280
09-02 19:37:20.274  4349  4349 D ImageWallpaper: redrawNeeded = false, mOffsetsChanged = false
09-02 19:37:20.274  4349  4349 D ImageWallpaper: Suppressed drawFrame since redraw is not needed and offsets have not changed.
09-02 19:37:20.274  4349  4349 D WallpaperService: reportVisibility onVisibilityChanged visible: true
09-02 19:37:20.275  3979  4046 D SamsungAnimationCreator: createAnimation type:CHNLowEnd transit:13 enter:false wallpaperXoffset:-280 split:false fixedOri:false
09-02 19:37:20.276  3979  4046 D SamsungAnimationCreator: createAnimation displayFrame:Rect(0, 0 - 720, 1280) frame:null insets:null
09-02 19:37:20.278  4349  4349 D WallpaperService: updateSurface forceRelayout=true redrawNeeded=false myWidth=1280 myHeight=1280 fixedSize=true x = 0 y = 0 mWidth=1280 mHeight=1280 mIsSleepMode=false
09-02 19:37:20.281  3979  9236 V WindowManager: Relayout Window{80ee464 u0 com.android.systemui.ImageWallpaper}: viewVisibility=0 req=1280x1280 WM.LayoutParams{(0,0)(1280x1280) gr=#800033 ty=2013 fl=#10318 fmt=2 wanim=0x103030e colorMode=0 naviIconColor=0}
09-02 19:37:20.288  4349  4349 D ImageWallpaper: onOffsetsChanged: xOffset=0.0, yOffset=0.0, xOffsetStep=0.0, yOffsetStep=0.0, xPixels=0, yPixels=0
09-02 19:37:20.289  4349  4349 D ImageWallpaper: newRotation : 0,mLastRotation : 0
09-02 19:37:20.289  4349  4349 D ImageWallpaper: drawFrame:[frame.width()]1280[frame.height()]1280
09-02 19:37:20.289  4349  4349 D ImageWallpaper: surfaceDimensionsChanged=false mDisplayWidth=720 mDisplayHeight=1280
09-02 19:37:20.289  4349  4349 D ImageWallpaper: redrawNeeded = false, mOffsetsChanged = false
09-02 19:37:20.289  4349  4349 D ImageWallpaper: Suppressed drawFrame since redraw is not needed and offsets have not changed.
09-02 19:37:20.298  3462  3462 I SurfaceFlinger: Display 0 HWC layers:
09-02 19:37:20.298  3462  3462 I SurfaceFlinger:     type    |    handle    | flag |  format   |   source crop (l,t,r,b)    |         frame       | name 
09-02 19:37:20.298  3462  3462 I SurfaceFlinger: ------------+--------------+------+-----------+----------------------------+---------------------+------
09-02 19:37:20.298  3462  3462 I SurfaceFlinger:      Device | 0x7abe64af00 | 0002 | RGBx_8888 | 280.0    0.0 1000.0 1280.0 |    0    0  720 1280 | com.android.systemui.ImageWallpaper#0
09-02 19:37:20.298  3462  3462 I SurfaceFlinger:      Device | 0x7ac4c24780 | 0000 | RGBA_8888 | 120.0  213.0  601.0 1068.0 |    1    1  720 1280 | com.sec.android.app.launcher/com.sec[...]uncher.activities.LauncherActivity#0
09-02 19:37:20.298  3462  3462 I SurfaceFlinger:      Device | 0x7ac4c24d80 | 0000 | RGBA_8888 |   0.0    0.0  720.0   42.0 |    0    0  720   42 | StatusBar#0
09-02 19:37:20.298  3462  3462 I SurfaceFlinger: 
09-02 19:37:20.299  4349  4728 D SystemServicesProxy: updateOverviewLastStackActiveTimeAsync: newTime=1693559943942
09-02 19:37:20.300  3979  9236 D SecContentProvider: query(), uri = 17 selection = isSettingsChangesAllowed
09-02 19:37:20.300  3979  9236 D SecContentProvider: called from android.uid.systemui:10009
09-02 19:37:20.301  4349  4561 D SystemServicesProxy: updateOverviewLastStackActiveTimeAsync: done.
09-02 19:37:20.305  3979  9236 D PackageManager: getComponentMetadataForIconTray : com.example.batterymanager_utility.MainActivity does not exist in mServices
09-02 19:37:20.305  3979  9236 D PackageManager: getComponentMetadataForIconTray : com.example.batterymanager_utility.MainActivity does not exist in mProviders
09-02 19:37:20.305  3979  9236 D PackageManager: getComponentMetadataForIconTray : com.example.batterymanager_utility.MainActivity does not exist in mReceivers
09-02 19:37:20.305  4349  4728 D ApplicationPackageManager: updateItemMetaDataForFixedIconScale: package: com.example.batterymanager_utility
09-02 19:37:20.305  3979  9236 D PackageManager: getSelectedMetaData : packageName(com.example.batterymanager_utility) or Metadata strings {[Ljava.lang.String;@67b453a}
09-02 19:37:20.306  4349  4728 I ApplicationPackageManager: load=com.example.batterymanager_utility, bg=144-144, dr=189-189, forDefault=true, density=0
09-02 19:37:20.309  4349  4728 I ApplicationPackageManager: scaled rate=0.72, size=189, alpha=54, hold=102
09-02 19:37:20.309  4349  4728 D ApplicationPackageManager: iconScale: getScale(): 0.72 getAlpha(): 54
09-02 19:37:20.310  4349  4728 I ApplicationPackageManager: load=com.example.batterymanager_utility-contain, bg=112-112, dr=189-189
09-02 19:37:20.329 14031 14031 E adbd    : recv: OPEN 0002783a 00000000 003e:73 68 65 6C 6C 2C 76 32 2C 54 45 52 4D 3D 78 74 65 72 6D 2D 32 35 36 63 6F 6C 6F 72 2C 72 61 77 3A 67 65 74 70 72 6F 70 20 72 6F 2E 62 75 69 6C 64 2E 76 65 72 73 69 6F 6E 2E 73 64 6B 00 
09-02 19:37:20.329 14031 14031 E adbd    : service_to_fd: shell,v2,TERM=xterm-256color,raw:getprop ro.build.version.sdk
09-02 19:37:20.351  3979  4111 D MdnieScenarioControlService:  packageName : com.sec.android.app.launcher    className : com.sec.android.app.launcher.activities.LauncherActivity
09-02 19:37:20.351  3979  4111 V MdnieScenarioControlService: setUIMode from UI function(3)
09-02 19:37:20.703  3979  3979 D CustomFrequencyManagerService: releaseDVFSLockLocked : Getting Lock type frm List : DVFS_MIN_LIMIT  frequency : 1560000  uid : 1000  pid : 3979  tag : AMS_APP_HOME@CPU_MIN@59
09-02 19:37:20.781  5213  5479 W OpenGLRenderer: Incorrectly called buildLayer on View: WorkspaceCellLayoutChildren, destroying layer...
09-02 19:37:20.782  5213  5479 W OpenGLRenderer: Incorrectly called buildLayer on View: WorkspaceCellLayoutChildren, destroying layer...
09-02 19:37:22.174  3979  3979 D PreBindingService: handleMessage : 1
09-02 19:37:22.937  3449  3449 I android.hardware.wifi@1.0-service: getLinkLayerStats
09-02 19:37:23.972  3979  6899 D SSRM:G  : SIOP:: AP = 330, PST = 310 (W:10), BAT = 280, USB = 0, CHG = 0
09-02 19:37:24.202  4962  4962 D io_stats: !@ 179,0 r 829575 24563072 w 674728 13595960 d 73117 21131688 f 157447 161294 iot 764644 643922 th 51200 0 0 pt 0 inp 0 0 66777.446
