--------- beginning of system
09-01 21:53:36.398  1513  2000 D ConnectivityService: NetReassign [no changes]
09-01 21:53:37.361  1513  3232 I ActivityManager: Force stopping com.opera.browser appid=10261 user=0: from pid 19963
--------- beginning of main
09-01 21:53:37.365  2474  2474 E PhoneInterfaceManager: [PhoneIntfMgr] getCarrierPackageNamesForIntentAndPhone: No UICC
09-01 21:53:37.365  2474  2474 D CarrierSvcBindHelper: No carrier app for: 0
09-01 21:53:37.373  3135  3135 D RegisteredNfcFServicesCache: Service unchanged, not updating
09-01 21:53:37.376  8777  8777 I EuiccGoogle: [2] EuiccServiceImpl.onCreate: onCreate Single-SIM mode: simCardState is 1
09-01 21:53:37.383  8777 19969 I EuiccGoogle: [6648] EuiccServiceImpl.onGetEuiccProfileInfoList: onGetEuiccProfileInfoList: slotId = -1
09-01 21:53:37.385  8777 19969 W EuiccGoogle: [6648] EuiccServiceImpl.onGetEuiccProfileInfoList: slotId=-1. No eUICC is active. Return null.
09-01 21:53:37.617  1513  3232 I ActivityTaskManager: START u0 {act=android.intent.action.VIEW flg=0x10008000 cmp=com.opera.browser/com.opera.Opera} from uid 2000
09-01 21:53:37.618  1513  1572 D EventSequenceValidator: inc AccIntentStartedEvents to 2
09-01 21:53:37.623   901  2806 I sensors-hal: [ssc_utils]get_qmi_debug_flag:244, support_qmi_debug : false
09-01 21:53:37.631 19963 19965 I cmd     : oneway function results will be dropped but finished with status OK and parcel size 4
09-01 21:53:37.638  1513  1572 D CompatibilityChangeReporter: Compat change id reported: 135634846; UID 10261; state: DISABLED
09-01 21:53:37.638  1513  1625 D CompatibilityChangeReporter: Compat change id reported: 143937733; UID 10261; state: ENABLED
09-01 21:53:37.642  1513  1574 W Choreographer: Frame time is 0.057252 ms in the future!  Check that graphics HAL is generating vsync timestamps using the correct timebase.
09-01 21:53:37.644   779   779 D Zygote  : Forked child process 19973
09-01 21:53:37.646   901  1000 W ASH     : @ 43204.098: Unhandled msg ID 999: line 1277
09-01 21:53:37.646   901  1000 E ASH     : @ 43204.098: No pb callback assigned
09-01 21:53:37.646   901  1000 E ASH     : @ 43204.098: Nanopb error: callback failed:1588
09-01 21:53:37.647  1513  1625 I ActivityManager: Start proc 19973:com.opera.browser/u0a261 for pre-top-activity {com.opera.browser/com.opera.Opera}
09-01 21:53:37.649  3088  3657 I AssistantForeground: (REDACTED) Get launcher package: %s
09-01 21:53:37.659 19973 19973 E m.opera.browse: Not starting debugger since process cannot load the jdwp agent.
09-01 21:53:37.684 19973 19973 W m.opera.browse: JIT profile information will not be recorded: profile file does not exist.
09-01 21:53:37.684 19973 19973 W m.opera.browse: JIT profile information will not be recorded: profile file does not exist.
09-01 21:53:37.686  2158  2158 I WallpaperService: engine resumed
09-01 21:53:37.687   901   901 I sensors-hal: [hal]batch_physical_sensor:301, android.sensor.gyroscope/41, period=20000000, max_latency=0
09-01 21:53:37.687   901   901 I sensors-hal: [hal]batch_physical_sensor:310, android.sensor.gyroscope/41, period=20000000, max_latency=0 request completed
09-01 21:53:37.689 19973 19973 D NetworkSecurityConfig: Using Network Security Config from resource network_security_config_official_build debugBuild: false
09-01 21:53:37.690 19973 19973 D NetworkSecurityConfig: Using Network Security Config from resource network_security_config_official_build debugBuild: false
09-01 21:53:37.692   901   901 I sensors-hal: [hal]activate_physical_sensor:238, android.sensor.gyroscope/41 en=1
09-01 21:53:37.692   901   901 I sensors-hal: [ssc_utils]get_qmi_debug_flag:244, support_qmi_debug : false
09-01 21:53:37.695   901   901 W sensors@2.0-ser: type=1400 audit(0.0:5237): avc: denied { read write } for name="diag" dev="tmpfs" ino=12474 scontext=u:r:hal_sensors_default:s0 tcontext=u:object_r:diag_device:s0 tclass=chr_file permissive=0
09-01 21:53:37.695   901   901 W sensors@2.0-ser: type=1400 audit(0.0:5238): avc: denied { read write } for name="diag" dev="tmpfs" ino=12474 scontext=u:r:hal_sensors_default:s0 tcontext=u:object_r:diag_device:s0 tclass=chr_file permissive=0
09-01 21:53:37.698   901   901 D Diag_Lib:  Diag_LSM_Init: Failed to open handle to diag driver, error = 13
09-01 21:53:37.698   901   901 D Diag_Lib:  Diag_LSM_Init: Failed to open handle to diag driver, error = 13
09-01 21:53:37.698   901   901 I sensors-hal: [ssc_sensor]update_handle:537, handle=331, type=33, wakeup=0, hwid=0, base=331
09-01 21:53:37.699   901   901 I sensors-hal: [ssc_utils]get_qmi_debug_flag:244, support_qmi_debug : false
09-01 21:53:37.703   901   901 I sensors-hal: [ssc_utils]get_qmi_debug_flag:244, support_qmi_debug : false
09-01 21:53:37.703   901 20005 I sensors-hal: [ssc_sensor]ssc_conn_resp_cb:663, resp_value = 0
09-01 21:53:37.704   901  1000 W SEE     : @ 43204.156: adding req to Q sensor=8 req=0xb2028928 msg=513
09-01 21:53:37.705   901 20005 I sensors-hal: [sensor]submit_sensors_hal_event:146, android.sensor.additional_info: trying to push empty Events, count = 0
09-01 21:53:37.705   901 20005 I sensors-hal: [sensor]submit_sensors_hal_event:146, android.sensor.additional_info: trying to push empty Events, count = 0
09-01 21:53:37.710   901   901 I sensors-hal: [hal]activate_physical_sensor:249, android.sensor.gyroscope/41 en=1 completed
09-01 21:53:37.711   901 20009 I sensors-hal: [ssc_sensor]ssc_conn_resp_cb:663, resp_value = 0
09-01 21:53:37.711   901  1000 W SEE     : @ 43204.164: adding req to Q sensor=2 req=0xb20291f8 msg=513
09-01 21:53:37.713   901 20009 I sensors-hal: [sensor]submit_sensors_hal_event:146, android.sensor.gyroscope: trying to push empty Events, count = 1
09-01 21:53:37.713   901 20009 I chatty  : uid=1000(system) sensors@2.0-ser identical 1 line
09-01 21:53:37.713   901 20009 I sensors-hal: [sensor]submit_sensors_hal_event:146, android.sensor.gyroscope: trying to push empty Events, count = 1
09-01 21:53:37.717 19973 19973 I TetheringManager: registerTetheringEventCallback:com.opera.browser
09-01 21:53:37.728   901 20009 I sensors-hal: [sensor]submit_sensors_hal_event:146, android.sensor.gyroscope: trying to push empty Events, count = 1
09-01 21:53:37.753 19973 20010 W System  : ClassLoader referenced unknown path: 
09-01 21:53:37.788  1513  1651 D KernelCpuUidUserSysTimeReader: Removing uids 90049-90049
09-01 21:53:37.789  1513  1651 D KernelCpuUidUserSysTimeReader: Removing uids 90017-90017
09-01 21:53:37.789  1513  1651 D KernelCpuUidUserSysTimeReader: Removing uids 90050-90050
09-01 21:53:37.789  1513  1651 D KernelCpuUidUserSysTimeReader: Removing uids 90022-90022
09-01 21:53:37.789  1513  1651 D KernelCpuUidUserSysTimeReader: Removing uids 90045-90045
09-01 21:53:37.790  1513  1651 D KernelCpuUidUserSysTimeReader: Removing uids 90000-90000
09-01 21:53:37.790  1513  1651 D KernelCpuUidUserSysTimeReader: Removing uids 90019-90019
09-01 21:53:37.790  1513  1651 D KernelCpuUidUserSysTimeReader: Removing uids 90041-90041
09-01 21:53:37.791  1513  1651 D KernelCpuUidUserSysTimeReader: Removing uids 90051-90051
09-01 21:53:37.791  1513  1651 D KernelCpuUidUserSysTimeReader: Removing uids 90028-90028
09-01 21:53:37.791  1513  1651 D KernelCpuUidUserSysTimeReader: Removing uids 90001-90001
09-01 21:53:37.791  1513  1651 D KernelCpuUidUserSysTimeReader: Removing uids 90029-90029
09-01 21:53:37.791  1513  1651 D KernelCpuUidUserSysTimeReader: Removing uids 90013-90013
09-01 21:53:37.792  1513  1651 D KernelCpuUidUserSysTimeReader: Removing uids 90042-90042
09-01 21:53:37.792  1513  1651 D KernelCpuUidUserSysTimeReader: Removing uids 90003-90003
09-01 21:53:37.792  1513  1651 D KernelCpuUidUserSysTimeReader: Removing uids 90048-90048
09-01 21:53:37.792  1513  1651 D KernelCpuUidUserSysTimeReader: Removing uids 90043-90043
09-01 21:53:37.792  1513  1651 D KernelCpuUidUserSysTimeReader: Removing uids 90015-90015
09-01 21:53:37.792  1513  1651 D KernelCpuUidUserSysTimeReader: Removing uids 90018-90018
09-01 21:53:37.793  1513  1651 D KernelCpuUidUserSysTimeReader: Removing uids 90046-90046
09-01 21:53:37.793  1513  1651 D KernelCpuUidUserSysTimeReader: Removing uids 90014-90014
09-01 21:53:37.793  1513  1651 D KernelCpuUidUserSysTimeReader: Removing uids 90032-90032
09-01 21:53:37.793  1513  1651 D KernelCpuUidUserSysTimeReader: Removing uids 90030-90030
09-01 21:53:37.793  1513  1651 D KernelCpuUidUserSysTimeReader: Removing uids 90047-90047
09-01 21:53:37.794  1513  1651 D KernelCpuUidUserSysTimeReader: Removing uids 90011-90011
09-01 21:53:37.794  1513  1651 D KernelCpuUidUserSysTimeReader: Removing uids 90002-90002
09-01 21:53:37.794  1513  1651 D KernelCpuUidUserSysTimeReader: Removing uids 90036-90036
09-01 21:53:37.794  1513  1651 D KernelCpuUidUserSysTimeReader: Removing uids 90044-90044
09-01 21:53:37.794  1513  1651 D KernelCpuUidUserSysTimeReader: Removing uids 90026-90026
09-01 21:53:37.794  1513  1651 D KernelCpuUidUserSysTimeReader: Removing uids 90038-90038
09-01 21:53:37.795  1513  1651 D KernelCpuUidUserSysTimeReader: Removing uids 90009-90009
09-01 21:53:37.795  1513  1651 D KernelCpuUidUserSysTimeReader: Removing uids 90039-90039
09-01 21:53:37.795  1513  1651 D KernelCpuUidUserSysTimeReader: Removing uids 90033-90033
09-01 21:53:37.795  1513  1651 D KernelCpuUidUserSysTimeReader: Removing uids 90024-90024
09-01 21:53:37.795  1513  1651 D KernelCpuUidUserSysTimeReader: Removing uids 90040-90040
09-01 21:53:37.795  1513  1651 D KernelCpuUidUserSysTimeReader: Removing uids 90006-90006
09-01 21:53:37.795  1513  1651 D KernelCpuUidUserSysTimeReader: Removing uids 90007-90007
09-01 21:53:37.796  1513  1651 D KernelCpuUidUserSysTimeReader: Removing uids 90023-90023
09-01 21:53:37.796  1513  1651 D KernelCpuUidUserSysTimeReader: Removing uids 90035-90035
09-01 21:53:37.796  1513  1651 D KernelCpuUidUserSysTimeReader: Removing uids 90027-90027
09-01 21:53:37.796  1513  1651 D KernelCpuUidUserSysTimeReader: Removing uids 90037-90037
09-01 21:53:37.797  1513  1651 D KernelCpuUidUserSysTimeReader: Removing uids 90016-90016
09-01 21:53:37.797  1513  1651 D KernelCpuUidUserSysTimeReader: Removing uids 90031-90031
09-01 21:53:37.797  1513  1651 D KernelCpuUidUserSysTimeReader: Removing uids 90010-90010
09-01 21:53:37.797  1513  1651 D KernelCpuUidUserSysTimeReader: Removing uids 90020-90020
09-01 21:53:37.797  1513  1651 D KernelCpuUidUserSysTimeReader: Removing uids 90034-90034
09-01 21:53:37.798  1513  1651 D KernelCpuUidUserSysTimeReader: Removing uids 90025-90025
09-01 21:53:37.798  1513  1651 D KernelCpuUidUserSysTimeReader: Removing uids 90004-90004
09-01 21:53:37.798  1513  1651 D KernelCpuUidUserSysTimeReader: Removing uids 90021-90021
09-01 21:53:37.798  1513  1651 D KernelCpuUidUserSysTimeReader: Removing uids 90008-90008
09-01 21:53:37.798  1513  1651 D KernelCpuUidUserSysTimeReader: Removing uids 90005-90005
09-01 21:53:37.799  1513  1651 D KernelCpuUidUserSysTimeReader: Removing uids 90012-90012
09-01 21:53:37.799  1513  1651 D KernelCpuUidUserSysTimeReader: Removing uids 90052-90052
09-01 21:53:37.799  1513  1651 D KernelCpuUidUserSysTimeReader: Removing uids 90029-90029
09-01 21:53:37.799  1513  1651 D KernelCpuUidUserSysTimeReader: Removing uids 90032-90032
09-01 21:53:37.799  1513  1651 D KernelCpuUidUserSysTimeReader: Removing uids 90010-90010
09-01 21:53:37.799  1513  1651 D KernelCpuUidUserSysTimeReader: Removing uids 90033-90033
09-01 21:53:37.800  1513  1651 D KernelCpuUidUserSysTimeReader: Removing uids 90046-90046
09-01 21:53:37.800  1513  1651 D KernelCpuUidUserSysTimeReader: Removing uids 90040-90040
09-01 21:53:37.801  1513  1651 D KernelCpuUidUserSysTimeReader: Removing uids 90034-90034
09-01 21:53:37.801  1513  1651 D KernelCpuUidUserSysTimeReader: Removing uids 90031-90031
09-01 21:53:37.801  1513  1651 D KernelCpuUidUserSysTimeReader: Removing uids 90023-90023
09-01 21:53:37.801  1513  1651 D KernelCpuUidUserSysTimeReader: Removing uids 90041-90041
09-01 21:53:37.801  1513  1651 D KernelCpuUidUserSysTimeReader: Removing uids 90030-90030
09-01 21:53:37.801  1513  1651 D KernelCpuUidUserSysTimeReader: Removing uids 90044-90044
09-01 21:53:37.802  1513  1651 D KernelCpuUidUserSysTimeReader: Removing uids 90028-90028
09-01 21:53:37.802  1513  1651 D KernelCpuUidUserSysTimeReader: Removing uids 90002-90002
09-01 21:53:37.802  1513  1651 D KernelCpuUidUserSysTimeReader: Removing uids 90017-90017
09-01 21:53:37.802  1513  1651 D KernelCpuUidUserSysTimeReader: Removing uids 90050-90050
09-01 21:53:37.802  1513  1651 D KernelCpuUidUserSysTimeReader: Removing uids 90016-90016
09-01 21:53:37.802  1513  1651 D KernelCpuUidUserSysTimeReader: Removing uids 90043-90043
09-01 21:53:37.803  1513  1651 D KernelCpuUidUserSysTimeReader: Removing uids 90008-90008
09-01 21:53:37.803  1513  1651 D KernelCpuUidUserSysTimeReader: Removing uids 90035-90035
09-01 21:53:37.803  1513  1651 D KernelCpuUidUserSysTimeReader: Removing uids 90003-90003
09-01 21:53:37.803  1513  1651 D KernelCpuUidUserSysTimeReader: Removing uids 90004-90004
09-01 21:53:37.804  1513  1651 D KernelCpuUidUserSysTimeReader: Removing uids 90005-90005
09-01 21:53:37.804  1513  1651 D KernelCpuUidUserSysTimeReader: Removing uids 90026-90026
09-01 21:53:37.804  1513  1651 D KernelCpuUidUserSysTimeReader: Removing uids 90006-90006
09-01 21:53:37.805  1513  1651 D KernelCpuUidUserSysTimeReader: Removing uids 90013-90013
09-01 21:53:37.805  1513  1651 D KernelCpuUidUserSysTimeReader: Removing uids 90047-90047
09-01 21:53:37.805  1513  1651 D KernelCpuUidUserSysTimeReader: Removing uids 90009-90009
09-01 21:53:37.806  1513  1651 D KernelCpuUidUserSysTimeReader: Removing uids 90024-90024
09-01 21:53:37.806  1513  1651 D KernelCpuUidUserSysTimeReader: Removing uids 90011-90011
09-01 21:53:37.806  1513  1651 D KernelCpuUidUserSysTimeReader: Removing uids 90022-90022
09-01 21:53:37.806  1513  1651 D KernelCpuUidUserSysTimeReader: Removing uids 90045-90045
09-01 21:53:37.806  1513  1651 D KernelCpuUidUserSysTimeReader: Removing uids 90042-90042
09-01 21:53:37.807  1513  1651 D KernelCpuUidUserSysTimeReader: Removing uids 90018-90018
09-01 21:53:37.807  1513  1651 D KernelCpuUidUserSysTimeReader: Removing uids 90020-90020
09-01 21:53:37.807  1513  1651 D KernelCpuUidUserSysTimeReader: Removing uids 90015-90015
09-01 21:53:37.807  1513  1651 D KernelCpuUidUserSysTimeReader: Removing uids 90037-90037
09-01 21:53:37.807  1513  1651 D KernelCpuUidUserSysTimeReader: Removing uids 90000-90000
09-01 21:53:37.807  1513  1651 D KernelCpuUidUserSysTimeReader: Removing uids 90001-90001
09-01 21:53:37.808  1513  1651 D KernelCpuUidUserSysTimeReader: Removing uids 90012-90012
09-01 21:53:37.808  1513  1651 D KernelCpuUidUserSysTimeReader: Removing uids 90049-90049
09-01 21:53:37.808  1513  1651 D KernelCpuUidUserSysTimeReader: Removing uids 90021-90021
09-01 21:53:37.808  1513  1651 D KernelCpuUidUserSysTimeReader: Removing uids 90038-90038
09-01 21:53:37.809  1513  1651 D KernelCpuUidUserSysTimeReader: Removing uids 90039-90039
09-01 21:53:37.809  1513  1651 D KernelCpuUidUserSysTimeReader: Removing uids 90007-90007
09-01 21:53:37.809  1513  1651 D KernelCpuUidUserSysTimeReader: Removing uids 90027-90027
09-01 21:53:37.809  1513  1651 D KernelCpuUidUserSysTimeReader: Removing uids 90048-90048
09-01 21:53:37.809  1513  1651 D KernelCpuUidUserSysTimeReader: Removing uids 90025-90025
09-01 21:53:37.809  1513  1651 D KernelCpuUidUserSysTimeReader: Removing uids 90014-90014
09-01 21:53:37.810  1513  1651 D KernelCpuUidUserSysTimeReader: Removing uids 90051-90051
09-01 21:53:37.810  1513  1651 D KernelCpuUidUserSysTimeReader: Removing uids 90036-90036
09-01 21:53:37.810  1513  1651 D KernelCpuUidUserSysTimeReader: Removing uids 90019-90019
09-01 21:53:37.810  1513  1651 D KernelCpuUidUserSysTimeReader: Removing uids 90008-90008
09-01 21:53:37.811  1513  1651 D KernelCpuUidUserSysTimeReader: Removing uids 90052-90052
09-01 21:53:37.811  1513  1651 D KernelCpuUidUserSysTimeReader: Removing uids 90039-90039
09-01 21:53:37.811  1513  1651 D KernelCpuUidUserSysTimeReader: Removing uids 90022-90022
09-01 21:53:37.811  1513  1651 D KernelCpuUidUserSysTimeReader: Removing uids 90044-90044
09-01 21:53:37.811  1513  1651 D KernelCpuUidUserSysTimeReader: Removing uids 90047-90047
09-01 21:53:37.811  1513  1651 D KernelCpuUidUserSysTimeReader: Removing uids 90042-90042
09-01 21:53:37.811  1513  1651 D KernelCpuUidUserSysTimeReader: Removing uids 90050-90050
09-01 21:53:37.812  1513  1651 D KernelCpuUidUserSysTimeReader: Removing uids 90040-90040
09-01 21:53:37.812  1513  1651 D KernelCpuUidUserSysTimeReader: Removing uids 90029-90029
09-01 21:53:37.812  1513  1651 D KernelCpuUidUserSysTimeReader: Removing uids 90013-90013
09-01 21:53:37.812  1513  1651 D KernelCpuUidUserSysTimeReader: Removing uids 90046-90046
09-01 21:53:37.812  1513  1651 D KernelCpuUidUserSysTimeReader: Removing uids 90045-90045
09-01 21:53:37.812  1513  1651 D KernelCpuUidUserSysTimeReader: Removing uids 90026-90026
09-01 21:53:37.813  1513  1651 D KernelCpuUidUserSysTimeReader: Removing uids 90003-90003
09-01 21:53:37.813  1513  1651 D KernelCpuUidUserSysTimeReader: Removing uids 90016-90016
09-01 21:53:37.813  1513  1651 D KernelCpuUidUserSysTimeReader: Removing uids 90000-90000
09-01 21:53:37.813  1513  1651 D KernelCpuUidUserSysTimeReader: Removing uids 90018-90018
09-01 21:53:37.813  1513  1651 D KernelCpuUidUserSysTimeReader: Removing uids 90038-90038
09-01 21:53:37.813  1513  1651 D KernelCpuUidUserSysTimeReader: Removing uids 90037-90037
09-01 21:53:37.814  1513  1651 D KernelCpuUidUserSysTimeReader: Removing uids 90031-90031
09-01 21:53:37.814  1513  1651 D KernelCpuUidUserSysTimeReader: Removing uids 90023-90023
09-01 21:53:37.814  1513  1651 D KernelCpuUidUserSysTimeReader: Removing uids 90020-90020
09-01 21:53:37.814  1513  1651 D KernelCpuUidUserSysTimeReader: Removing uids 90051-90051
09-01 21:53:37.814  1513  1651 D KernelCpuUidUserSysTimeReader: Removing uids 90049-90049
09-01 21:53:37.814  1513  1651 D KernelCpuUidUserSysTimeReader: Removing uids 90019-90019
09-01 21:53:37.815  1513  1651 D KernelCpuUidUserSysTimeReader: Removing uids 90011-90011
09-01 21:53:37.815  1513  1651 D KernelCpuUidUserSysTimeReader: Removing uids 90014-90014
09-01 21:53:37.815  1513  1651 D KernelCpuUidUserSysTimeReader: Removing uids 90048-90048
09-01 21:53:37.815  1513  1651 D KernelCpuUidUserSysTimeReader: Removing uids 90021-90021
09-01 21:53:37.815  1513  1651 D KernelCpuUidUserSysTimeReader: Removing uids 90035-90035
09-01 21:53:37.815  1513  1651 D KernelCpuUidUserSysTimeReader: Removing uids 90032-90032
09-01 21:53:37.815  1513  1651 D KernelCpuUidUserSysTimeReader: Removing uids 90004-90004
09-01 21:53:37.816  1513  1651 D KernelCpuUidUserSysTimeReader: Removing uids 90001-90001
09-01 21:53:37.816  1513  1651 D KernelCpuUidUserSysTimeReader: Removing uids 90006-90006
09-01 21:53:37.816  1513  1651 D KernelCpuUidUserSysTimeReader: Removing uids 90041-90041
09-01 21:53:37.816  1513  1651 D KernelCpuUidUserSysTimeReader: Removing uids 90036-90036
09-01 21:53:37.816  1513  1651 D KernelCpuUidUserSysTimeReader: Removing uids 90053-90053
09-01 21:53:37.816  1513  1651 D KernelCpuUidUserSysTimeReader: Removing uids 90033-90033
09-01 21:53:37.817  1513  1651 D KernelCpuUidUserSysTimeReader: Removing uids 90009-90009
09-01 21:53:37.817  1513  1651 D KernelCpuUidUserSysTimeReader: Removing uids 90028-90028
09-01 21:53:37.817  1513  1651 D KernelCpuUidUserSysTimeReader: Removing uids 90017-90017
09-01 21:53:37.817  1513  1651 D KernelCpuUidUserSysTimeReader: Removing uids 90030-90030
09-01 21:53:37.817  1513  1651 D KernelCpuUidUserSysTimeReader: Removing uids 90043-90043
09-01 21:53:37.817  1513  1651 D KernelCpuUidUserSysTimeReader: Removing uids 90015-90015
09-01 21:53:37.817  1513  1651 D KernelCpuUidUserSysTimeReader: Removing uids 90005-90005
09-01 21:53:37.818  1513  1651 D KernelCpuUidUserSysTimeReader: Removing uids 90012-90012
09-01 21:53:37.818  1513  1651 D KernelCpuUidUserSysTimeReader: Removing uids 90027-90027
09-01 21:53:37.818  1513  1651 D KernelCpuUidUserSysTimeReader: Removing uids 90007-90007
09-01 21:53:37.818  1513  1651 D KernelCpuUidUserSysTimeReader: Removing uids 90002-90002
09-01 21:53:37.818  1513  1651 D KernelCpuUidUserSysTimeReader: Removing uids 90024-90024
09-01 21:53:37.818  1513  1651 D KernelCpuUidUserSysTimeReader: Removing uids 90025-90025
09-01 21:53:37.819  1513  1651 D KernelCpuUidUserSysTimeReader: Removing uids 90010-90010
09-01 21:53:37.819  1513  1651 D KernelCpuUidUserSysTimeReader: Removing uids 90034-90034
09-01 21:53:37.832   592  2400 W DisplayIdentification: Invalid EDID: falling back to serial number due to missing display name.
09-01 21:53:37.832   592  2400 W DisplayIdentification: Invalid EDID: falling back to ASCII text due to missing serial number.
09-01 21:53:37.865  1513  9003 D ConnectivityService: requestNetwork for uid/pid:10261/19973 NetworkRequest [ TRACK_DEFAULT id=1961, [ Capabilities: INTERNET&NOT_RESTRICTED&TRUSTED Uid: 10261 AdministratorUids: [] RequestorUid: 10261 RequestorPackageName: com.opera.browser] ]
09-01 21:53:37.866  1513  2000 D ConnectivityService: NetReassign [1961 : null → 100]
09-01 21:53:37.866  1513  1996 D WifiNetworkFactory: got request NetworkRequest [ TRACK_DEFAULT id=1961, [ Capabilities: INTERNET&NOT_RESTRICTED&TRUSTED Uid: 10261 AdministratorUids: [] RequestorUid: 10261 RequestorPackageName: com.opera.browser] ] with score 60 and providerId 5
09-01 21:53:37.866  1513  2038 D Ethernet: got request NetworkRequest [ TRACK_DEFAULT id=1961, [ Capabilities: INTERNET&NOT_RESTRICTED&TRUSTED Uid: 10261 AdministratorUids: [] RequestorUid: 10261 RequestorPackageName: com.opera.browser] ] with score 60 and providerId 5
09-01 21:53:37.867  1513  1996 D UntrustedWifiNetworkFactory: got request NetworkRequest [ TRACK_DEFAULT id=1961, [ Capabilities: INTERNET&NOT_RESTRICTED&TRUSTED Uid: 10261 AdministratorUids: [] RequestorUid: 10261 RequestorPackageName: com.opera.browser] ] with score 60 and providerId 5
09-01 21:53:37.867  1513  2037 D WIFI_AWARE_FACTORY: got request NetworkRequest [ TRACK_DEFAULT id=1961, [ Capabilities: INTERNET&NOT_RESTRICTED&TRUSTED Uid: 10261 AdministratorUids: [] RequestorUid: 10261 RequestorPackageName: com.opera.browser] ] with score 60 and providerId 5
09-01 21:53:37.867  2474  2474 D PhoneSwitcherNetworkRequstListener: got request NetworkRequest [ TRACK_DEFAULT id=1961, [ Capabilities: INTERNET&NOT_RESTRICTED&TRUSTED Uid: 10261 AdministratorUids: [] RequestorUid: 10261 RequestorPackageName: com.opera.browser] ] with score 60 and providerId 5
09-01 21:53:37.868  1513  2000 D ConnectivityService: NetReassign [no changes]
09-01 21:53:37.889 19973 20102 I FA      : App measurement initialized, version: 75017
09-01 21:53:37.889 19973 20102 I FA      : To enable debug logging run: adb shell setprop log.tag.FA VERBOSE
09-01 21:53:37.889 19973 20102 I FA      : To enable faster debug mode event logging run:
09-01 21:53:37.889 19973 20102 I FA      :   adb shell setprop debug.firebase.analytics.app com.opera.browser
09-01 21:53:37.894  1513  6264 D CompatibilityChangeReporter: Compat change id reported: 136274596; UID 10261; state: ENABLED
09-01 21:53:37.899   594   655 I SDM     : HWDeviceDRM::UpdateMixerAttributes: Mixer WxH 1080x2340-1 for Peripheral
09-01 21:53:37.899   594   655 I SDM     : DisplayBase::SetActiveConfig: Active configuration changed to: 0
09-01 21:53:37.899   594   655 I SDM     : StrategyImpl::SetIdleTimeoutMs: Idle timeout set to zero for command mode panels
09-01 21:53:37.910   901  2806 I sensors-hal: [ssc_utils]get_qmi_debug_flag:244, support_qmi_debug : false
09-01 21:53:37.921  1513  1572 I DisplayManagerService: Display device changed: DisplayDeviceInfo{"Built-in Screen": uniqueId="local:19260504575090817", 1080 x 2340, modeId 2, defaultModeId 2, supportedModes [{id=1, width=1080, height=2340, fps=90.0}, {id=2, width=1080, height=2340, fps=60.000004}], colorMode 0, supportedColorModes [0, 7, 9], HdrCapabilities HdrCapabilities{mSupportedHdrTypes=[2, 3, 4], mMaxLuminance=500.0, mMaxAverageLuminance=500.0, mMinLuminance=0.0}, allmSupported false, gameContentTypeSupported false, density 440, 435.428 x 433.839 dpi, appVsyncOff 2333332, presDeadline 11500000, cutout DisplayCutout{insets=Rect(0, 136 - 0, 0) waterfall=Insets{left=0, top=0, right=0, bottom=0} boundingRect={Bounds=[Rect(0, 0 - 0, 0), Rect(0, 0 - 136, 136), Rect(0, 0 - 0, 0), Rect(0, 0 - 0, 0)]}}, touch INTERNAL, rotation 0, type INTERNAL, address {port=129, model=0x446d53ad64a0}, deviceProductInfo DeviceProductInfo{name=, manufacturerPnpId=QCM, productId=1, modelYear=null, manufactureDate=ManufactureDate{week=27, year=2006}, relativeAddress=null}, state ON, FLAG_DEFAULT_DISPLAY, FLAG_ROTATES_WITH_CONTENT, FLAG_SECURE, FLAG_SUPPORTS_PROTECTED_BUFFERS}
09-01 21:53:37.925   594   655 I SDM     : StrategyImpl::SetIdleTimeoutMs: Idle timeout set to zero for command mode panels
09-01 21:53:37.925   901  1000 W ASH     : @ 43204.378: Unhandled msg ID 999: line 1277
09-01 21:53:37.925   901  1000 E ASH     : @ 43204.378: No pb callback assigned
09-01 21:53:37.925   901  1000 E ASH     : @ 43204.378: Nanopb error: callback failed:1588
09-01 21:53:37.940 19973 20097 I AdrenoGLES-0: QUALCOMM build                   : 35605c3, Ia11ce2d146
09-01 21:53:37.940 19973 20097 I AdrenoGLES-0: Build Date                       : 09/02/20
09-01 21:53:37.940 19973 20097 I AdrenoGLES-0: OpenGL ES Shader Compiler Version: EV031.31.04.00
09-01 21:53:37.940 19973 20097 I AdrenoGLES-0: Local Branch                     : gfx-adreno.lnx.2.0
09-01 21:53:37.940 19973 20097 I AdrenoGLES-0: Remote Branch                    : 
09-01 21:53:37.940 19973 20097 I AdrenoGLES-0: Remote Branch                    : 
09-01 21:53:37.940 19973 20097 I AdrenoGLES-0: Reconstruct Branch               : 
09-01 21:53:37.940 19973 20097 I AdrenoGLES-0: Build Config                     : S P 10.0.4 AArch32
09-01 21:53:37.940 19973 20097 I AdrenoGLES-0: Driver Path                      : /vendor/lib/egl/libGLESv2_adreno.so
09-01 21:53:37.945 19973 20097 I AdrenoGLES-0: PFP: 0x016dd090, ME: 0x00000000
09-01 21:53:37.952 19973 20097 W AdrenoUtils: <ReadGpuID_from_sysfs:197>: Failed to open /sys/class/kgsl/kgsl-3d0/gpu_model
09-01 21:53:37.952 19973 20097 W AdrenoUtils: <ReadGpuID:221>: Failed to read chip ID from gpu_model. Fallback to use the GSL path
09-01 21:53:37.960  7733  7733 D BoundBrokerSvc: onBind: Intent { act=com.google.android.gms.measurement.START pkg=com.google.android.gms }
09-01 21:53:37.960  7733  7733 D BoundBrokerSvc: Loading bound service for intent: Intent { act=com.google.android.gms.measurement.START pkg=com.google.android.gms }
09-01 21:53:37.967  1513  1572 D EventSequenceValidator: dec AccIntentStartedEvents to 1
09-01 21:53:37.970  1513  1622 D ArtManagerInternalImpl: /data/misc/iorapd/com.opera.browser/1907712205/com.opera.Opera/compiled_traces/compiled_trace.pb doesn't exist
09-01 21:53:37.972   594   655 I SDM     : HWDeviceDRM::UpdateMixerAttributes: Mixer WxH 1080x2340-1 for Peripheral
09-01 21:53:37.972   594   655 I SDM     : DisplayBase::SetActiveConfig: Active configuration changed to: 1
09-01 21:53:37.972   594   655 I SDM     : StrategyImpl::SetIdleTimeoutMs: Idle timeout set to zero for command mode panels
09-01 21:53:37.978  1513  1622 I ActivityTaskManager: Displayed com.opera.browser/com.opera.Opera: +348ms
09-01 21:53:37.981  1513  1572 I DisplayManagerService: Display device changed: DisplayDeviceInfo{"Built-in Screen": uniqueId="local:19260504575090817", 1080 x 2340, modeId 1, defaultModeId 2, supportedModes [{id=1, width=1080, height=2340, fps=90.0}, {id=2, width=1080, height=2340, fps=60.000004}], colorMode 0, supportedColorModes [0, 7, 9], HdrCapabilities HdrCapabilities{mSupportedHdrTypes=[2, 3, 4], mMaxLuminance=500.0, mMaxAverageLuminance=500.0, mMinLuminance=0.0}, allmSupported false, gameContentTypeSupported false, density 440, 435.428 x 433.839 dpi, appVsyncOff 2333333, presDeadline 11500000, cutout DisplayCutout{insets=Rect(0, 136 - 0, 0) waterfall=Insets{left=0, top=0, right=0, bottom=0} boundingRect={Bounds=[Rect(0, 0 - 0, 0), Rect(0, 0 - 136, 136), Rect(0, 0 - 0, 0), Rect(0, 0 - 0, 0)]}}, touch INTERNAL, rotation 0, type INTERNAL, address {port=129, model=0x446d53ad64a0}, deviceProductInfo DeviceProductInfo{name=, manufacturerPnpId=QCM, productId=1, modelYear=null, manufactureDate=ManufactureDate{week=27, year=2006}, relativeAddress=null}, state ON, FLAG_DEFAULT_DISPLAY, FLAG_ROTATES_WITH_CONTENT, FLAG_SECURE, FLAG_SUPPORTS_PROTECTED_BUFFERS}
09-01 21:53:37.984   901  2806 I sensors-hal: [ssc_utils]get_qmi_debug_flag:244, support_qmi_debug : false
09-01 21:53:38.005   901  1000 W ASH     : @ 43204.458: Unhandled msg ID 999: line 1277
09-01 21:53:38.005   901  1000 E ASH     : @ 43204.458: No pb callback assigned
09-01 21:53:38.005   901  1000 E ASH     : @ 43204.458: Nanopb error: callback failed:1588
09-01 21:53:38.035  7733 16085 I Backup  : [GmsBackupAccountManager] Backup account not found in gmscore.
09-01 21:53:38.039  1513  6264 D CompatibilityChangeReporter: Compat change id reported: 135634846; UID 10261; state: DISABLED
09-01 21:53:38.039  1513  1625 D CompatibilityChangeReporter: Compat change id reported: 143937733; UID 10261; state: ENABLED
09-01 21:53:38.049   779   779 D Zygote  : Forked child process 20158
09-01 21:53:38.050  7733 16085 I BlockstoreE2ESync: no backup account found. [CONTEXT service_id=258 ]
09-01 21:53:38.052  2816 20159 W ChimeraUtils: Module com.google.android.gms.backup_base has empty metadata display_name_string_id
09-01 21:53:38.067 20158 20158 E ileged_process: Not starting debugger since process cannot load the jdwp agent.
09-01 21:53:38.072 19973 20102 I FA      : Tag Manager is not found and thus will not be used
09-01 21:53:38.077  1513  1625 I ActivityManager: Start proc 20158:com.opera.browser:privileged_process0/u0a261 for service {com.opera.browser/com.opera.android.browser.chromium.services.PrivilegedProcessService0}
09-01 21:53:38.092  1513  2013 D CompatibilityChangeReporter: Compat change id reported: 136274596; UID 10261; state: ENABLED
09-01 21:53:38.102  7733  7753 I gle.android.gm: CollectorTransition concurrent copying GC freed 12359(752KB) AllocSpace objects, 0(0B) LOS objects, 75% free, 10MB/41MB, paused 280us total 241.865ms
09-01 21:53:38.118 20158 20158 W ileged_process: JIT profile information will not be recorded: profile file does not exist.
09-01 21:53:38.118 20158 20158 W ileged_process: JIT profile information will not be recorded: profile file does not exist.
09-01 21:53:38.128 20158 20158 D NetworkSecurityConfig: Using Network Security Config from resource network_security_config_official_build debugBuild: false
09-01 21:53:38.128 20158 20158 D NetworkSecurityConfig: Using Network Security Config from resource network_security_config_official_build debugBuild: false
09-01 21:53:38.162 20158 20186 I AdrenoGLES-0: QUALCOMM build                   : 35605c3, Ia11ce2d146
09-01 21:53:38.162 20158 20186 I AdrenoGLES-0: Build Date                       : 09/02/20
09-01 21:53:38.162 20158 20186 I AdrenoGLES-0: OpenGL ES Shader Compiler Version: EV031.31.04.00
09-01 21:53:38.162 20158 20186 I AdrenoGLES-0: Local Branch                     : gfx-adreno.lnx.2.0
09-01 21:53:38.162 20158 20186 I AdrenoGLES-0: Remote Branch                    : 
09-01 21:53:38.162 20158 20186 I AdrenoGLES-0: Remote Branch                    : 
09-01 21:53:38.162 20158 20186 I AdrenoGLES-0: Reconstruct Branch               : 
09-01 21:53:38.162 20158 20186 I AdrenoGLES-0: Build Config                     : S P 10.0.4 AArch32
09-01 21:53:38.162 20158 20186 I AdrenoGLES-0: Driver Path                      : /vendor/lib/egl/libGLESv2_adreno.so
09-01 21:53:38.164  1513  3232 D ConnectivityService: requestNetwork for uid/pid:10261/19973 NetworkRequest [ TRACK_DEFAULT id=1963, [ Capabilities: INTERNET&NOT_RESTRICTED&TRUSTED Uid: 10261 AdministratorUids: [] RequestorUid: 10261 RequestorPackageName: com.opera.browser] ]
09-01 21:53:38.164  1513  2000 D ConnectivityService: NetReassign [1963 : null → 100]
09-01 21:53:38.165  1513  1996 D WifiNetworkFactory: got request NetworkRequest [ TRACK_DEFAULT id=1963, [ Capabilities: INTERNET&NOT_RESTRICTED&TRUSTED Uid: 10261 AdministratorUids: [] RequestorUid: 10261 RequestorPackageName: com.opera.browser] ] with score 60 and providerId 5
09-01 21:53:38.165  1513  1996 D UntrustedWifiNetworkFactory: got request NetworkRequest [ TRACK_DEFAULT id=1963, [ Capabilities: INTERNET&NOT_RESTRICTED&TRUSTED Uid: 10261 AdministratorUids: [] RequestorUid: 10261 RequestorPackageName: com.opera.browser] ] with score 60 and providerId 5
09-01 21:53:38.165   901  1000 D VSC     : @ 43204.618: [WO] tilt angle 89
09-01 21:53:38.165  1513  2038 D Ethernet: got request NetworkRequest [ TRACK_DEFAULT id=1963, [ Capabilities: INTERNET&NOT_RESTRICTED&TRUSTED Uid: 10261 AdministratorUids: [] RequestorUid: 10261 RequestorPackageName: com.opera.browser] ] with score 60 and providerId 5
09-01 21:53:38.166  1513  2000 D ConnectivityService: NetReassign [no changes]
09-01 21:53:38.166  1513  2037 D WIFI_AWARE_FACTORY: got request NetworkRequest [ TRACK_DEFAULT id=1963, [ Capabilities: INTERNET&NOT_RESTRICTED&TRUSTED Uid: 10261 AdministratorUids: [] RequestorUid: 10261 RequestorPackageName: com.opera.browser] ] with score 60 and providerId 5
09-01 21:53:38.167  2474  2474 D PhoneSwitcherNetworkRequstListener: got request NetworkRequest [ TRACK_DEFAULT id=1963, [ Capabilities: INTERNET&NOT_RESTRICTED&TRUSTED Uid: 10261 AdministratorUids: [] RequestorUid: 10261 RequestorPackageName: com.opera.browser] ] with score 60 and providerId 5
09-01 21:53:38.168 19973 20067 E [Leanplum][ERROR]: No variable values were received from the server. Please contact us to investigate.
09-01 21:53:38.170  1513  6264 W UriGrantsManagerService: No permission grants found for com.google.android.apps.photos
09-01 21:53:38.170  1513  6264 W UriGrantsManagerService: No permission grants found for com.google.android.apps.photos
09-01 21:53:38.172 20158 20186 I AdrenoGLES-0: PFP: 0x016dd090, ME: 0x00000000
09-01 21:53:38.181  2858  2858 I GoogleInputMethodService: GoogleInputMethodService.onFinishInput():3280 
09-01 21:53:38.182  2858  2858 I GoogleInputMethodService: GoogleInputMethodService.updateDeviceLockedStatus():2169 repeatCheckTimes = 0, unlocked = true
09-01 21:53:38.182  2858  2858 I GoogleInputMethodService: GoogleInputMethodService.onStartInput():1960 onStartInput(EditorInfo{inputType=0x0(NULL) imeOptions=0x0 privateImeOptions=null actionName=UNSPECIFIED actionLabel=null actionId=0 initialSelStart=-1 initialSelEnd=-1 initialCapsMode=0x0 hintText=null label=null packageName=com.opera.browser fieldId=-1 fieldName=null extras=null}, false)
09-01 21:53:38.182  2858  2858 I GoogleInputMethodService: GoogleInputMethodService.shouldHideHeaderOnInitialState():4081 ShouldHideHeaderOnInitialState = false
09-01 21:53:38.183  2858  2858 I GoogleInputMethodService: GoogleInputMethodService.updateDeviceLockedStatus():2169 repeatCheckTimes = 2, unlocked = true
09-01 21:53:38.188 20158 20186 W AdrenoUtils: <ReadGpuID_from_sysfs:197>: Failed to open /sys/class/kgsl/kgsl-3d0/gpu_model
09-01 21:53:38.188 20158 20186 W AdrenoUtils: <ReadGpuID:221>: Failed to read chip ID from gpu_model. Fallback to use the GSL path
09-01 21:53:38.219 19914 20210 D ProfileInstaller: Installing profile for com.example.batterymanager_utility
09-01 21:53:38.224  1513  4618 W UriGrantsManagerService: No permission grants found for com.google.android.apps.photos
09-01 21:53:38.225  1513  4618 W UriGrantsManagerService: No permission grants found for com.google.android.apps.photos
09-01 21:53:38.267  1513  2571 W UriGrantsManagerService: No permission grants found for com.google.android.apps.photos
09-01 21:53:38.267  1513  2571 W UriGrantsManagerService: No permission grants found for com.google.android.apps.photos
09-01 21:53:38.269  2158  2566 W Choreographer: Frame time is 0.562154 ms in the future!  Check that graphics HAL is generating vsync timestamps using the correct timebase.
09-01 21:53:38.277  2158  2158 I WallpaperService: engine paused
09-01 21:53:38.277   901   901 I sensors-hal: [hal]activate_physical_sensor:238, android.sensor.gyroscope/41 en=0
09-01 21:53:38.282   901   901 D Diag_Lib: diag: Diag_LSM_DeInit done for pid: 901
09-01 21:53:38.284   901   901 D Diag_Lib: diag: Diag_LSM_DeInit done for pid: 901
09-01 21:53:38.284   901   901 I sensors-hal: [hal]activate_physical_sensor:249, android.sensor.gyroscope/41 en=0 completed
09-01 21:53:38.296  1513  8184 I AdrenoGLES-0: QUALCOMM build                   : 35605c3, Ia11ce2d146
09-01 21:53:38.296  1513  8184 I AdrenoGLES-0: Build Date                       : 09/02/20
09-01 21:53:38.296  1513  8184 I AdrenoGLES-0: OpenGL ES Shader Compiler Version: EV031.31.04.00
09-01 21:53:38.296  1513  8184 I AdrenoGLES-0: Local Branch                     : gfx-adreno.lnx.2.0
09-01 21:53:38.296  1513  8184 I AdrenoGLES-0: Remote Branch                    : 
09-01 21:53:38.296  1513  8184 I AdrenoGLES-0: Remote Branch                    : 
09-01 21:53:38.296  1513  8184 I AdrenoGLES-0: Reconstruct Branch               : 
09-01 21:53:38.296  1513  8184 I AdrenoGLES-0: Build Config                     : S P 10.0.4 AArch64
09-01 21:53:38.296  1513  8184 I AdrenoGLES-0: Driver Path                      : /vendor/lib64/egl/libGLESv2_adreno.so
09-01 21:53:38.303  1513  8184 I AdrenoGLES-0: PFP: 0x016dd090, ME: 0x00000000
09-01 21:53:38.354  1513  2571 D CompatibilityChangeReporter: Compat change id reported: 149924527; UID 10261; state: ENABLED
09-01 21:53:38.356  1513  2571 D CompatibilityChangeReporter: Compat change id reported: 132649864; UID 10261; state: DISABLED
09-01 21:53:38.397   901  2806 I sensors-hal: [ssc_utils]get_qmi_debug_flag:244, support_qmi_debug : false
09-01 21:53:38.406   901  1000 W ASH     : @ 43204.858: Unhandled msg ID 999: line 1277
09-01 21:53:38.406   901  1000 E ASH     : @ 43204.858: No pb callback assigned
09-01 21:53:38.406   901  1000 E ASH     : @ 43204.858: Nanopb error: callback failed:1588
09-01 21:53:38.421  1513  2571 D CompatibilityChangeReporter: Compat change id reported: 135634846; UID 10261; state: DISABLED
09-01 21:53:38.422  1513  1625 D CompatibilityChangeReporter: Compat change id reported: 143937733; UID 10261; state: ENABLED
09-01 21:53:38.426   779   779 D Zygote  : Forked child process 20257
09-01 21:53:38.427  1513  1625 I ActivityManager: Start proc 20257:com.opera.browser:sandboxed_process0/u0a261 for service {com.opera.browser/com.opera.android.browser.chromium.services.SandboxedProcessService0}
09-01 21:53:38.430  2858  2858 I GoogleInputMethodService: GoogleInputMethodService.onFinishInput():3280 
09-01 21:53:38.430  2858  2858 I GoogleInputMethodService: GoogleInputMethodService.updateDeviceLockedStatus():2169 repeatCheckTimes = 0, unlocked = true
09-01 21:53:38.431  2858  2858 I GoogleInputMethodService: GoogleInputMethodService.onStartInput():1960 onStartInput(EditorInfo{inputType=0x0(NULL) imeOptions=0x12000000 privateImeOptions=null actionName=UNSPECIFIED actionLabel=null actionId=0 initialSelStart=-1 initialSelEnd=-1 initialCapsMode=0x0 hintText=null label=null packageName=com.opera.browser fieldId=-1 fieldName=null extras=null}, false)
09-01 21:53:38.431  2858  2858 I GoogleInputMethodService: GoogleInputMethodService.shouldHideHeaderOnInitialState():4081 ShouldHideHeaderOnInitialState = false
09-01 21:53:38.431  2858  2858 I GoogleInputMethodService: GoogleInputMethodService.updateDeviceLockedStatus():2169 repeatCheckTimes = 2, unlocked = true
09-01 21:53:38.432  1075  2481 W ServiceManager: Permission failure: android.permission.SYSTEM_CAMERA from uid=10261 pid=19973
09-01 21:53:38.435  1075  2481 I chatty  : uid=1047(cameraserver) Binder:1075_4 identical 4 lines
09-01 21:53:38.435  1075  2481 W ServiceManager: Permission failure: android.permission.SYSTEM_CAMERA from uid=10261 pid=19973
09-01 21:53:38.442 20257 20257 E dboxed_process: Not starting debugger since process cannot load the jdwp agent.
09-01 21:53:38.454  1513  4618 D CompatibilityChangeReporter: Compat change id reported: 136274596; UID 10261; state: ENABLED
09-01 21:53:38.461 19973 19997 W SQLiteLog: (28) double-quoted string literal: "not_interested"
09-01 21:53:38.464 19973 19997 W SQLiteLog: (28) double-quoted string literal: "report"
09-01 21:53:38.494   901  2806 I sensors-hal: [ssc_utils]get_qmi_debug_flag:244, support_qmi_debug : false
09-01 21:53:38.501 20257 20257 W dboxed_process: JIT profile information will not be recorded: profile file does not exist.
09-01 21:53:38.501 20257 20257 W dboxed_process: JIT profile information will not be recorded: profile file does not exist.
09-01 21:53:38.515 20257 20257 D NetworkSecurityConfig: Using Network Security Config from resource network_security_config_official_build debugBuild: false
09-01 21:53:38.516 20257 20257 D NetworkSecurityConfig: Using Network Security Config from resource network_security_config_official_build debugBuild: false
09-01 21:53:38.519  2816  3554 I FontLog : Received query Noto Color Emoji Compat, URI content://com.google.android.gms.fonts [CONTEXT service_id=132 ]
09-01 21:53:38.520  2816  3554 I FontLog : Query [emojicompat-emoji-font] resolved to {Noto Color Emoji Compat, wdth 100.0, wght 400, ital 0.0, bestEffort false} [CONTEXT service_id=132 ]
09-01 21:53:38.520  2816  3554 I FontLog : Fetch {Noto Color Emoji Compat, wdth 100.0, wght 400, ital 0.0, bestEffort false} end status Status{statusCode=SUCCESS, resolution=null} [CONTEXT service_id=132 ]
09-01 21:53:38.525   901  1000 W ASH     : @ 43204.978: Unhandled msg ID 999: line 1277
09-01 21:53:38.525   901  1000 E ASH     : @ 43204.978: No pb callback assigned
09-01 21:53:38.525   901  1000 E ASH     : @ 43204.978: Nanopb error: callback failed:1588
09-01 21:53:38.525  2816  3554 I FontLog : Pulling font file for id = 1490, cache size = 5 [CONTEXT service_id=132 ]
09-01 21:53:38.528  1075 24234 W ServiceManager: Permission failure: android.permission.SYSTEM_CAMERA from uid=10261 pid=19973
09-01 21:53:38.529  1075 24234 I chatty  : uid=1047(cameraserver) Binder:1075_B identical 1 line
09-01 21:53:38.529  1075 24234 W ServiceManager: Permission failure: android.permission.SYSTEM_CAMERA from uid=10261 pid=19973
09-01 21:53:38.529  2816  3554 I FontLog : Pulling font file for id = 1490, cache size = 5 [CONTEXT service_id=132 ]
09-01 21:53:38.530  1075 24234 W ServiceManager: Permission failure: android.permission.SYSTEM_CAMERA from uid=10261 pid=19973
09-01 21:53:38.530  1075 24234 I chatty  : uid=1047(cameraserver) Binder:1075_B identical 1 line
09-01 21:53:38.530  1075 24234 W ServiceManager: Permission failure: android.permission.SYSTEM_CAMERA from uid=10261 pid=19973
09-01 21:53:38.533 10955 10977 I Finsky  : [5221] ncc.l(14): com.opera.browser: Account determined from installer data - [y0_1NG5HTmzf0bF7VytAKz9iHAD6w7yU52Le3i0fi68]
09-01 21:53:38.535 10955 10977 I Finsky  : [5221] ncc.l(61): Billing preferred account via installer for com.opera.browser: [y0_1NG5HTmzf0bF7VytAKz9iHAD6w7yU52Le3i0fi68]
09-01 21:53:38.537 10955 10977 W Finsky  : [5221] hgm.i(10): Unsupported billing API version: 19
09-01 21:53:38.540 19973 19973 W View    : requestLayout() improperly called by android.widget.FrameLayout{5494545 VFE...C.. ......ID 320,1874-1069,2131 #7f0a01ca app:id/content} during layout: running second layout pass
09-01 21:53:38.541 10955 10977 I Finsky  : [5221] ncc.l(14): com.opera.browser: Account determined from installer data - [y0_1NG5HTmzf0bF7VytAKz9iHAD6w7yU52Le3i0fi68]
09-01 21:53:38.543 10955 10977 I Finsky  : [5221] ncc.l(61): Billing preferred account via installer for com.opera.browser: [y0_1NG5HTmzf0bF7VytAKz9iHAD6w7yU52Le3i0fi68]
09-01 21:53:38.544 10955 10977 W Finsky  : [5221] hgm.i(10): Unsupported billing API version: 18
09-01 21:53:38.546 10955 10977 I Finsky  : [5221] ncc.l(14): com.opera.browser: Account determined from installer data - [y0_1NG5HTmzf0bF7VytAKz9iHAD6w7yU52Le3i0fi68]
09-01 21:53:38.546 10955 10977 I Finsky  : [5221] ncc.l(61): Billing preferred account via installer for com.opera.browser: [y0_1NG5HTmzf0bF7VytAKz9iHAD6w7yU52Le3i0fi68]
09-01 21:53:38.550 10955 10977 I Finsky  : [5221] ncc.l(14): com.opera.browser: Account determined from installer data - [y0_1NG5HTmzf0bF7VytAKz9iHAD6w7yU52Le3i0fi68]
09-01 21:53:38.550 10955 10977 I Finsky  : [5221] ncc.l(61): Billing preferred account via installer for com.opera.browser: [y0_1NG5HTmzf0bF7VytAKz9iHAD6w7yU52Le3i0fi68]
09-01 21:53:38.552 10955 10977 W Finsky  : [5221] hgm.i(10): Unsupported billing API version: 19
09-01 21:53:38.552 10955 10977 I Finsky  : [5221] ncc.l(14): com.opera.browser: Account determined from installer data - [y0_1NG5HTmzf0bF7VytAKz9iHAD6w7yU52Le3i0fi68]
09-01 21:53:38.553 10955 10977 I Finsky  : [5221] ncc.l(61): Billing preferred account via installer for com.opera.browser: [y0_1NG5HTmzf0bF7VytAKz9iHAD6w7yU52Le3i0fi68]
09-01 21:53:38.553 10955 10977 W Finsky  : [5221] hgm.i(10): Unsupported billing API version: 18
09-01 21:53:38.554 10955 14820 I Finsky  : [5315] ncc.l(14): com.opera.browser: Account determined from installer data - [y0_1NG5HTmzf0bF7VytAKz9iHAD6w7yU52Le3i0fi68]
09-01 21:53:38.554 10955 14820 I Finsky  : [5315] ncc.l(61): Billing preferred account via installer for com.opera.browser: [y0_1NG5HTmzf0bF7VytAKz9iHAD6w7yU52Le3i0fi68]
09-01 21:53:38.558  2816  9892 W NetworkScheduler: Error inserting flex_time=2507000 job_id=-1 period=5016000 source=16 requires_charging=0 preferred_network_type=1 target_class=com.google.android.gms.measurement.PackageMeasurementTaskService user_id=0 target_package=com.google.android.gms tag=Measurement.PackageMeasurementTaskService.UPLOAD_TASK_TAG task_type=0 required_idleness_state=0 service_kind=0 source_version=224312000 persistence_level=1 preferred_charging_state=1 required_network_type=0 runtime=1693598018551 retry_strategy={"maximum_backoff_seconds":{"3600":0},"initial_backoff_seconds":{"30":0},"retry_policy":{"0":0}} last_runtime=0 [CONTEXT service_id=218 ]
09-01 21:53:38.558  2816  9892 W NetworkScheduler: android.database.sqlite.SQLiteConstraintException: UNIQUE constraint failed: pending_ops.tag, pending_ops.target_class, pending_ops.target_package, pending_ops.user_id (code 2067 SQLITE_CONSTRAINT_UNIQUE)
09-01 21:53:38.558  2816  9892 W NetworkScheduler: 	at android.database.sqlite.SQLiteConnection.nativeExecuteForLastInsertedRowId(Native Method)
09-01 21:53:38.558  2816  9892 W NetworkScheduler: 	at android.database.sqlite.SQLiteConnection.executeForLastInsertedRowId(SQLiteConnection.java:938)
09-01 21:53:38.558  2816  9892 W NetworkScheduler: 	at android.database.sqlite.SQLiteSession.executeForLastInsertedRowId(SQLiteSession.java:790)
09-01 21:53:38.558  2816  9892 W NetworkScheduler: 	at android.database.sqlite.SQLiteStatement.executeInsert(SQLiteStatement.java:88)
09-01 21:53:38.558  2816  9892 W NetworkScheduler: 	at android.database.sqlite.SQLiteDatabase.insertWithOnConflict(SQLiteDatabase.java:1701)
09-01 21:53:38.558  2816  9892 W NetworkScheduler: 	at android.database.sqlite.SQLiteDatabase.insertOrThrow(SQLiteDatabase.java:1596)
09-01 21:53:38.558  2816  9892 W NetworkScheduler: 	at biky.g(:com.google.android.gms@224312037@22.43.12 (150400-483592595):53)
09-01 21:53:38.558  2816  9892 W NetworkScheduler: 	at bijr.n(:com.google.android.gms@224312037@22.43.12 (150400-483592595):3)
09-01 21:53:38.558  2816  9892 W NetworkScheduler: 	at bijr.u(:com.google.android.gms@224312037@22.43.12 (150400-483592595):20)
09-01 21:53:38.558  2816  9892 W NetworkScheduler: 	at bijr.h(:com.google.android.gms@224312037@22.43.12 (150400-483592595):3)
09-01 21:53:38.558  2816  9892 W NetworkScheduler: 	at bifi.run(:com.google.android.gms@224312037@22.43.12 (150400-483592595):9)
09-01 21:53:38.558  2816  9892 W NetworkScheduler: 	at zqv.c(:com.google.android.gms@224312037@22.43.12 (150400-483592595):6)
09-01 21:53:38.558  2816  9892 W NetworkScheduler: 	at zqv.run(:com.google.android.gms@224312037@22.43.12 (150400-483592595):7)
09-01 21:53:38.558  2816  9892 W NetworkScheduler: 	at java.util.concurrent.ThreadPoolExecutor.runWorker(ThreadPoolExecutor.java:1167)
09-01 21:53:38.558  2816  9892 W NetworkScheduler: 	at java.util.concurrent.ThreadPoolExecutor$Worker.run(ThreadPoolExecutor.java:641)
09-01 21:53:38.558  2816  9892 W NetworkScheduler: 	at zwa.run(:com.google.android.gms@224312037@22.43.12 (150400-483592595):0)
09-01 21:53:38.558  2816  9892 W NetworkScheduler: 	at java.lang.Thread.run(Thread.java:923)
09-01 21:53:38.559 10955 10977 I Finsky  : [5221] ncc.l(14): com.opera.browser: Account determined from installer data - [y0_1NG5HTmzf0bF7VytAKz9iHAD6w7yU52Le3i0fi68]
09-01 21:53:38.559 10955 10977 I Finsky  : [5221] ncc.l(61): Billing preferred account via installer for com.opera.browser: [y0_1NG5HTmzf0bF7VytAKz9iHAD6w7yU52Le3i0fi68]
09-01 21:53:38.624  2816  7860 I FontLog : Received query name=Google Sans&weight=700&besteffort=false, URI content://com.google.android.gms.fonts [CONTEXT service_id=132 ]
09-01 21:53:38.625  2816  7860 I FontLog : Query [name=Google Sans&weight=700&besteffort=false] resolved to {Google Sans, wdth 100.0, wght 700, ital 0.0, bestEffort false} [CONTEXT service_id=132 ]
09-01 21:53:38.626  2816  7860 I FontLog : Fetch {Google Sans, wdth 100.0, wght 700, ital 0.0, bestEffort false} end status Status{statusCode=SUCCESS, resolution=null} [CONTEXT service_id=132 ]
09-01 21:53:38.630  2816  7860 I FontLog : Pulling font file for id = 1491, cache size = 5 [CONTEXT service_id=132 ]
09-01 21:53:38.633  2816  7860 I FontLog : Received query name=Noto Color Emoji Compat&weight=400&besteffort=false, URI content://com.google.android.gms.fonts [CONTEXT service_id=132 ]
