09-02 17:48:58.883  7881 15353 E fb4a.T157805820: TigonCellTowerInfoLogger::logRequestIfNeeded
09-02 17:48:58.883  7881 15353 E fb4a.T157805820: TigonCertificateVerificationLogger::logRequestIfNeeded
09-02 17:48:58.883  7881 15353 E fb4a.T157805820: TigonTransientAnalysisLogger::logRequestIfNeeded
09-02 17:48:58.883  7881 15353 E fb4a.T157805820: TigonProviderConnectionDeviceInfoLogger::logRequestIfNeeded
09-02 17:48:58.883  7881 15353 E fb4a.T157805820: TigonCellTowerInfoPapayaLogger::logRequestIfNeeded
09-02 17:48:58.883  7881 15353 E fb4a.T157805820: NetworkUtilisationLogger::logRequestIfNeeded
09-02 17:48:58.887  7881  4229 E fb4a.msys: E[S sync]_createResponseError(195)=>Network Response 36bc1d2f-f241-4262-9485-acc5ccb92c35 contains sync error Error Domain=com.facebook.http.error Code=401 UserInfo=0xbd877b00 {MCFErrorDirectLocalizedDescriptionKey=Client error} - Underlying error (null): Error Domain=com.facebook.http.error Code=401 UserInfo=0xbd877b00 {MCFErrorDirectLocalizedDescriptionKey=Client error}
09-02 17:48:58.888  7881 16049 E fb4a.T157805820: TigonMhrLogger::logRequestIfNeeded
09-02 17:48:58.888  7881 16049 E fb4a.T157805820: TigonWifiInfoLogger::init
09-02 17:48:58.888  7881  4225 E fb4a.msys: E[N data-request]_HandleDataResponse(1782)=>Data request error for task d4fc81b2-0df1-4a80-92a8-43b82626bc18 (response type 1): (null)
09-02 17:48:58.888  7881 16049 E fb4a.T157805820: TigonMhrFbcLogger::logRequestIfNeeded
09-02 17:48:58.889  7881 16049 E fb4a.T157805820: TigonCellTowerInfoLogger::logRequestIfNeeded
09-02 17:48:58.889  7881 16049 E fb4a.T157805820: TigonCertificateVerificationLogger::logRequestIfNeeded
09-02 17:48:58.889  7881 16049 E fb4a.T157805820: TigonTransientAnalysisLogger::logRequestIfNeeded
09-02 17:48:58.889  7881 16049 E fb4a.T157805820: TigonProviderConnectionDeviceInfoLogger::logRequestIfNeeded
09-02 17:48:58.889  7881 16049 E fb4a.T157805820: TigonCellTowerInfoPapayaLogger::logRequestIfNeeded
09-02 17:48:58.889  7881 16049 E fb4a.T157805820: NetworkUtilisationLogger::logRequestIfNeeded
09-02 17:48:58.895  7881  4229 E fb4a.msys: E[S sync]_createResponseError(195)=>Network Response d4fc81b2-0df1-4a80-92a8-43b82626bc18 contains sync error Error Domain=com.facebook.http.error Code=401 UserInfo=0xc7547100 {MCFErrorDirectLocalizedDescriptionKey=Client error} - Underlying error (null): Error Domain=com.facebook.http.error Code=401 UserInfo=0xc7547100 {MCFErrorDirectLocalizedDescriptionKey=Client error}
09-02 17:48:58.907  7881  8242 E fb4a.T157805820: TigonMhrLogger::logRequestIfNeeded
09-02 17:48:58.907  7881  8242 E fb4a.T157805820: TigonWifiInfoLogger::init
09-02 17:48:58.907  7881  8242 E fb4a.T157805820: TigonMhrFbcLogger::logRequestIfNeeded
09-02 17:48:58.907  7881  8242 E fb4a.T157805820: TigonCellTowerInfoLogger::logRequestIfNeeded
09-02 17:48:58.907  7881  8242 E fb4a.T157805820: TigonCertificateVerificationLogger::logRequestIfNeeded
09-02 17:48:58.907  7881  8242 E fb4a.T157805820: TigonTransientAnalysisLogger::logRequestIfNeeded
09-02 17:48:58.907  7881  8242 E fb4a.T157805820: TigonProviderConnectionDeviceInfoLogger::logRequestIfNeeded
09-02 17:48:58.912  7881  8242 E fb4a.T157805820: TigonCellTowerInfoPapayaLogger::logRequestIfNeeded
09-02 17:48:58.912  7881  8242 E fb4a.T157805820: NetworkUtilisationLogger::logRequestIfNeeded
09-02 17:48:58.917 15623 16005 I BatteryMgr:DataCollectionService: stats => 1693669738917,150,4247
09-02 17:48:58.945  7881 15584 E fb4a.T157805820: TigonMhrLogger::logRequestIfNeeded
09-02 17:48:58.946  7881 15584 E fb4a.T157805820: TigonWifiInfoLogger::init
09-02 17:48:58.946  7881  4225 E fb4a.msys: E[N data-request]_HandleDataResponse(1782)=>Data request error for task 06933fd7-6a9f-4ba5-a235-ce179fbb558a (response type 1): (null)
09-02 17:48:58.946  7881 15584 E fb4a.T157805820: TigonMhrFbcLogger::logRequestIfNeeded
09-02 17:48:58.947  7881  4229 E fb4a.msys: E[S sync]_createResponseError(195)=>Network Response 06933fd7-6a9f-4ba5-a235-ce179fbb558a contains sync error Error Domain=com.facebook.http.error Code=401 UserInfo=0xc81ec400 {MCFErrorDirectLocalizedDescriptionKey=Client error} - Underlying error (null): Error Domain=com.facebook.http.error Code=401 UserInfo=0xc81ec400 {MCFErrorDirectLocalizedDescriptionKey=Client error}
09-02 17:48:58.947  7881 15584 E fb4a.T157805820: TigonCellTowerInfoLogger::logRequestIfNeeded
09-02 17:48:58.947  7881 15584 E fb4a.T157805820: TigonCertificateVerificationLogger::logRequestIfNeeded
09-02 17:48:58.947  7881 15584 E fb4a.T157805820: TigonTransientAnalysisLogger::logRequestIfNeeded
09-02 17:48:58.947  7881 15584 E fb4a.T157805820: TigonProviderConnectionDeviceInfoLogger::logRequestIfNeeded
09-02 17:48:58.947  7881 15584 E fb4a.T157805820: TigonCellTowerInfoPapayaLogger::logRequestIfNeeded
09-02 17:48:58.948  7881 15584 E fb4a.T157805820: NetworkUtilisationLogger::logRequestIfNeeded
09-02 17:48:58.951  7881 16050 E fb4a.T157805820: TigonMhrLogger::logRequestIfNeeded
09-02 17:48:58.951  7881 16050 E fb4a.T157805820: TigonWifiInfoLogger::init
09-02 17:48:58.952  7881  4225 E fb4a.msys: E[N data-request]_HandleDataResponse(1782)=>Data request error for task cdb1c75f-f9f3-4dd7-84c7-0ceacea0223d (response type 1): (null)
09-02 17:48:58.952  7881 16050 E fb4a.T157805820: TigonMhrFbcLogger::logRequestIfNeeded
09-02 17:48:58.952  7881 16050 E fb4a.T157805820: TigonCellTowerInfoLogger::logRequestIfNeeded
09-02 17:48:58.952  7881 16050 E fb4a.T157805820: TigonCertificateVerificationLogger::logRequestIfNeeded
09-02 17:48:58.952  7881 16050 E fb4a.T157805820: TigonTransientAnalysisLogger::logRequestIfNeeded
09-02 17:48:58.952  7881 16050 E fb4a.T157805820: TigonProviderConnectionDeviceInfoLogger::logRequestIfNeeded
09-02 17:48:58.952  7881 16050 E fb4a.T157805820: TigonCellTowerInfoPapayaLogger::logRequestIfNeeded
09-02 17:48:58.952  7881 16050 E fb4a.T157805820: NetworkUtilisationLogger::logRequestIfNeeded
09-02 17:48:58.955  7881 16052 E fb4a.T157805820: TigonMhrLogger::logRequestIfNeeded
09-02 17:48:58.955  7881 16052 E fb4a.T157805820: TigonWifiInfoLogger::init
09-02 17:48:58.955  7881  4225 E fb4a.msys: E[N data-request]_HandleDataResponse(1782)=>Data request error for task 82a1e312-c18a-4b7c-aef0-31a9cd8b9f94 (response type 1): (null)
09-02 17:48:58.955  7881  4229 E fb4a.msys: E[S sync]_createResponseError(195)=>Network Response cdb1c75f-f9f3-4dd7-84c7-0ceacea0223d contains sync error Error Domain=com.facebook.http.error Code=401 UserInfo=0xc7b5a100 {MCFErrorDirectLocalizedDescriptionKey=Client error} - Underlying error (null): Error Domain=com.facebook.http.error Code=401 UserInfo=0xc7b5a100 {MCFErrorDirectLocalizedDescriptionKey=Client error}
09-02 17:48:58.955  7881 16052 E fb4a.T157805820: TigonMhrFbcLogger::logRequestIfNeeded
09-02 17:48:58.955  7881 16052 E fb4a.T157805820: TigonCellTowerInfoLogger::logRequestIfNeeded
09-02 17:48:58.955  7881 16052 E fb4a.T157805820: TigonCertificateVerificationLogger::logRequestIfNeeded
09-02 17:48:58.955  7881 16052 E fb4a.T157805820: TigonTransientAnalysisLogger::logRequestIfNeeded
09-02 17:48:58.955  7881 16052 E fb4a.T157805820: TigonProviderConnectionDeviceInfoLogger::logRequestIfNeeded
09-02 17:48:58.955  7881 16052 E fb4a.T157805820: TigonCellTowerInfoPapayaLogger::logRequestIfNeeded
09-02 17:48:58.955  7881 16052 E fb4a.T157805820: NetworkUtilisationLogger::logRequestIfNeeded
09-02 17:48:58.961  7881  4229 E fb4a.msys: E[S task_queue_handling]MCDLightSpeedTaskExecutorNetworkCompletionCallback(1017)=>Handling send error for taskId=6 batchSize=1 queue=secure_message_over_wa_generate_cat
09-02 17:48:58.962  7881  4229 E fb4a.msys: E[S task_queue_handling]MCDLightSpeedTaskExecutorNetworkCompletionCallback(1071)=>Error content with 18 bytes: Error Domain=com.facebook.http.error Code=401 UserInfo=0xc7b5a200 {MCFErrorDirectLocalizedDescriptionKey=Client error}
09-02 17:48:59.023 15623 16005 I BatteryMgr:DataCollectionService: stats => 1693669739023,150,4247
09-02 17:48:59.135 15623 16005 I BatteryMgr:DataCollectionService: stats => 1693669739134,150,4247
09-02 17:48:59.248 15623 16005 I BatteryMgr:DataCollectionService: stats => 1693669739247,150,4247
09-02 17:48:59.359 15623 16005 I BatteryMgr:DataCollectionService: stats => 1693669739358,150,4247
09-02 17:48:59.469 15623 16005 I BatteryMgr:DataCollectionService: stats => 1693669739469,150,4247
09-02 17:48:59.580 15623 16005 I BatteryMgr:DataCollectionService: stats => 1693669739580,150,4247
09-02 17:48:59.691 15623 16005 I BatteryMgr:DataCollectionService: stats => 1693669739691,150,4247
09-02 17:48:59.801 15623 16005 I BatteryMgr:DataCollectionService: stats => 1693669739801,150,4247
09-02 17:48:59.911 15623 16005 I BatteryMgr:DataCollectionService: stats => 1693669739911,150,4247
09-02 17:49:00.001  3979  4067 D SamsungAlarmManager: Expired : 8
09-02 17:49:00.001  3979  4067 V SamsungAlarmManager: Sending to uid : 1000 action=android.intent.action.TIME_TICK alarm=Alarm{d5b0b1e type 3 when 114921433 android}
09-02 17:49:00.003  3979  4067 V SamsungAlarmManager: Sending to uid : 10074 action=com.samsung.action.EVERY_MINUTE_CLOCK_UPDATE alarm=Alarm{7dfb1cc type 1 when 1693669740000 com.sec.android.app.launcher}
09-02 17:49:00.006  5213  5213 I Launcher: onReceive: com.samsung.action.EVERY_MINUTE_CLOCK_UPDATE
09-02 17:49:00.008  3979  3979 D SamsungAlarmManager: setExact Intent (T:3/F:1/AC:false) 20230902T175000 - CU:1000/CP:3979
09-02 17:49:00.010  4349  4349 D KeyguardUpdateMonitor: received broadcast android.intent.action.TIME_TICK
09-02 17:49:00.011  4349  4349 D KeyguardServiceBoxContainer: refreshTime() 1
09-02 17:49:00.016  3979  5966 D SamsungAlarmManager: setInexact Intent (T:1/F:0/AC:false) 20230902T175000 - CU:10074/CP:5213
09-02 17:49:00.017  5213  5213 I IconView: applyFromShortcutInfo - start GetLive : com.samsung.android.calendar
09-02 17:49:00.017  5213  5213 I IconView: applyFromShortcutInfo - end GetLive : com.samsung.android.calendar
09-02 17:49:00.020  5213  5213 I IconView: applyFromApplicationInfo - start GetLive : com.sec.android.app.clockpackage
09-02 17:49:00.025 15623 16005 I BatteryMgr:DataCollectionService: stats => 1693669740025,150,4247
09-02 17:49:00.028  5213  5213 D ApplicationPackageManager: we has com.sec.android.app.clockpackage class. reuse it 
09-02 17:49:00.028  5213  5213 D LiveIconLoader: getLiveIcon was called in ClockPackage
09-02 17:49:00.029  5213  5213 D LiveIconLoader: getLiveIcon res = com.sec.android.app.clockpackage
09-02 17:49:00.031  5213  5213 D LiveIconLoader: stdIconSize : 84 , targetIconSize : 94
09-02 17:49:00.031  5213  5213 D LiveIconLoader: mIconDpi : 320 , mTargetIconDpi : 280
09-02 17:49:00.032  4349  4349 D KeyguardUpdateMonitor: handleStatusBarState( false )
09-02 17:49:00.041  5213  5213 I ApplicationPackageManager: load= live icon for com.sec.android.app.clockpackage, from overlay = false
09-02 17:49:00.043  5213  5213 I LiveIconManager: getLiveIcon: complete(sync_created)
09-02 17:49:00.043  5213  5213 I IconView: applyFromApplicationInfo - end GetLive : com.sec.android.app.clockpackage
09-02 17:49:00.044  5213  5213 I IconView: applyFromApplicationInfo - start GetLive : com.samsung.android.calendar
09-02 17:49:00.044  5213  5213 I IconView: applyFromApplicationInfo - end GetLive : com.samsung.android.calendar
09-02 17:49:00.067  4349  4349 D KeyguardUpdateMonitor: handleStatusBarState( false )
09-02 17:49:00.135 15623 16005 I BatteryMgr:DataCollectionService: stats => 1693669740135,150,4247
09-02 17:49:00.166  3979  4051 D SensorService: [SO] 0.072 -0.369 9.845
09-02 17:49:00.247 15623 16005 I BatteryMgr:DataCollectionService: stats => 1693669740246,150,4247
09-02 17:49:00.357 15623 16005 I BatteryMgr:DataCollectionService: stats => 1693669740356,150,4247
09-02 17:49:00.467 15623 16005 I BatteryMgr:DataCollectionService: stats => 1693669740466,150,4247
09-02 17:49:00.577 15623 16005 I BatteryMgr:DataCollectionService: stats => 1693669740576,150,4247
09-02 17:49:00.685 15623 16005 I BatteryMgr:DataCollectionService: stats => 1693669740684,150,4247
09-02 17:49:00.737 14031 14031 E adbd    : recv: OPEN 00024fcf 00000000 0029:73 68 65 6C 6C 2C 76 32 2C 54 45 52 4D 3D 78 74 65 72 6D 2D 32 35 36 63 6F 6C 6F 72 2C 72 61 77 3A 64 61 74 65 20 2D 75 00 
09-02 17:49:00.737 14031 14031 E adbd    : service_to_fd: shell,v2,TERM=xterm-256color,raw:date -u
09-02 17:49:00.747 14031 14031 E adbd    : recv: OPEN 00024fd2 00000000 00bf:73 68 65 6C 6C 2C 76 32 2C 54 45 52 4D 3D 78 74 65 72 6D 2D 32 35 36 63 6F 6C 6F 72 2C 72 61 77 3A 61 6D 20 73 74 61 72 74 20 2D 61 20 61 6E 64 72 6F 69 64 2E 69 6E 74 65 6E 74 2E 61 63 74 69 6F 6E 2E 56 49 45 57 20 2D 6E 20 6F 72 67 2E 6D 6F 7A 69 6C 6C 61 2E 66 69 72 65 66 6F 78 2F 6F 72 67 2E 6D 6F 7A 69 6C 6C 61 2E 67 65 63 6B 6F 2E 42 72 6F 77 73 65 72 41 70 70 20 2D 64 20 68 74 74 70 3A 2F 2F 31 39 32 2E 31 36 38 2E 38 38 2E 31 37 37 3A 38 30 30 30 2F 43 6F 6D 6D 65 72 63 65 2F 6A 69 6D 64 6F 2D 76 65 6E 64 6F 72 2F 77 77 77 2E 6A 69 6D 64 6F 2E 63 6F 6D 2F 00 
09-02 17:49:00.747 14031 14031 E adbd    : service_to_fd: shell,v2,TERM=xterm-256color,raw:am start -a android.intent.action.VIEW -n org.mozilla.firefox/org.mozilla.gecko.BrowserApp -d http://192.168.88.177:8000/Commerce/jimdo-vendor/www.jimdo.com/
09-02 17:49:00.790 15623 16005 I BatteryMgr:DataCollectionService: stats => 1693669740790,150,4247
09-02 17:49:00.809 14031 14031 E adbd    : recv: OPEN 00024fd5 00000000 003e:73 68 65 6C 6C 2C 76 32 2C 54 45 52 4D 3D 78 74 65 72 6D 2D 32 35 36 63 6F 6C 6F 72 2C 72 61 77 3A 64 75 6D 70 73 79 73 20 63 70 75 69 6E 66 6F 20 7C 20 67 72 65 70 20 54 4F 54 41 4C 00 
09-02 17:49:00.809 14031 14031 E adbd    : service_to_fd: shell,v2,TERM=xterm-256color,raw:dumpsys cpuinfo | grep TOTAL
09-02 17:49:00.822  3979  5965 I ActivityManager: START u0 {act=android.intent.action.VIEW typ=null flg=0x10000000 cmp=ComponentInfo{org.mozilla.firefox/org.mozilla.gecko.BrowserApp}} from uid 2000
09-02 17:49:00.824  3979  5965 D CustomFrequencyManagerService: acquireDVFSLockLocked : type : DVFS_MIN_LIMIT  frequency : 1560000  uid : 1000  pid : 3979  pkgName : AMS_ACT_START@CPU_MIN@8
09-02 17:49:00.824  3979  5965 D ActivityManagerPerformance: AMP_acquire() ACT_START
09-02 17:49:00.835 15664 15664 D InputMethodManager: HSIFW - flag : 0 Pid : 15664
09-02 17:49:00.835  3979  4670 V InputMethodManagerService: Client requesting input be hidden, flags : 0
09-02 17:49:00.836  3979  4670 V InputMethodManagerService: hideCurrentInputLocked : shouldHideSoftInput is false
09-02 17:49:00.839  3979  5965 D ActivityManager: isScaleDownAnimationEnabled() : false
09-02 17:49:00.842  3979  5965 D PersonaManagerService: Current focused persona service handled id set to : 0
09-02 17:49:00.844  3979  5965 D InputDispatcher: Focused application set to: xxxx
09-02 17:49:00.844  3979  5965 D InputDispatcher: Focus left window: 15664
09-02 17:49:00.846  3979  4238 D GameManagerService: handleForegroundChange(). pkgName: org.mozilla.firefox, clsName: org.mozilla.fenix.IntentReceiverActivity,FgActivityName:org.mozilla.firefox/org.mozilla.fenix.IntentReceiverActivity
09-02 17:49:00.846  3979  4238 D GameManagerService:   handleForegroundChange(). same package. game has never resumed yet. ignore
09-02 17:49:00.846  3979  5965 D MARsPolicyManager: onPackageResumedFG pkgName = org.mozilla.firefox, userId = 0
09-02 17:49:00.864  3979  5965 I ActivityManager: START u0 {act=android.intent.action.VIEW typ=null flg=0x0 cmp=ComponentInfo{org.mozilla.firefox/org.mozilla.fenix.HomeActivity}} from uid 10154
09-02 17:49:00.867  3979  5965 D InputDispatcher: Focus entered window: 15664
09-02 17:49:00.880 15664 15664 D ViewRootImpl@2b3d89a[HomeActivity]: MSG_WINDOW_FOCUS_CHANGED 0
09-02 17:49:00.887 15664 15664 I WebExtension: releasePendingMessages: extension=readerview@mozac.org nativeApp=mozacReaderviewActive session=org.mozilla.geckoview.GeckoSession@8a22ddc
09-02 17:49:00.887 15664 15664 I WebExtension: releasePendingMessages: extension=readerview@mozac.org nativeApp=mozacReaderview session=org.mozilla.geckoview.GeckoSession@8a22ddc
09-02 17:49:00.888 15664 15664 I WebExtension: releasePendingMessages: extension=readerview@mozac.org nativeApp=mozacReaderviewActive session=org.mozilla.geckoview.GeckoSession@8a22ddc
09-02 17:49:00.888 15664 15664 I WebExtension: releasePendingMessages: extension=readerview@mozac.org nativeApp=mozacReaderview session=org.mozilla.geckoview.GeckoSession@8a22ddc
09-02 17:49:00.894 15623 16005 I BatteryMgr:DataCollectionService: stats => 1693669740894,150,4247
09-02 17:49:00.896 15664 15664 I zygote64: Deoptimizing java.util.ArrayList kotlin.collections.CollectionsKt___CollectionsKt.plus(java.lang.Iterable, java.util.Collection) due to JIT inline cache
09-02 17:49:00.898 14031 14031 E adbd    : recv: OPEN 00024fd8 00000000 003d:73 68 65 6C 6C 2C 76 32 2C 54 45 52 4D 3D 78 74 65 72 6D 2D 32 35 36 63 6F 6C 6F 72 2C 72 61 77 3A 64 75 6D 70 73 79 73 20 6D 65 6D 69 6E 66 6F 20 7C 20 67 72 65 70 20 55 73 65 64 00 
09-02 17:49:00.898 14031 14031 E adbd    : service_to_fd: shell,v2,TERM=xterm-256color,raw:dumpsys meminfo | grep Used
09-02 17:49:00.901 15664 15711 I zygote64: Deoptimizing void kotlinx.coroutines.JobSupport.initParentJob(kotlinx.coroutines.Job) due to JIT inline cache
09-02 17:49:00.903 15664 15713 I zygote64: Deoptimizing void kotlinx.coroutines.internal.LockFreeLinkedListNode.finishAdd(kotlinx.coroutines.internal.LockFreeLinkedListNode) due to JIT inline cache
09-02 17:49:00.909  3979  5965 D ConnectivityService: filterNetworkStateForUid() uid: 10154 networkInfo: [type: WIFI[] - WIFI, state: CONNECTED/CONNECTED, reason: (unspecified), extra: "WiFi 69", failover: false, available: true, roaming: false, metered: false]
09-02 17:49:00.912 15664 15726 I zygote64: Deoptimizing void kotlin.coroutines.jvm.internal.BaseContinuationImpl.resumeWith(java.lang.Object) due to JIT inline cache
09-02 17:49:00.912 15664 15726 I zygote64: Deoptimizing kotlinx.coroutines.internal.LockFreeLinkedListNode kotlinx.coroutines.internal.LockFreeLinkedListNode.correctPrev() due to JIT inline cache
09-02 17:49:00.932 15664 15664 D InputMethodManager: HSIFW - flag : 0 Pid : 15664
09-02 17:49:00.932  3979  5965 V InputMethodManagerService: Client requesting input be hidden, flags : 0
09-02 17:49:00.932  3979  5965 V InputMethodManagerService: hideCurrentInputLocked : shouldHideSoftInput is false
09-02 17:49:00.934 15664 15664 D ViewRootImpl@2b3d89a[HomeActivity]: MSG_WINDOW_FOCUS_CHANGED 1
09-02 17:49:00.938  3979  5965 D InputMethodManagerService: startInputOrWindowGainedFocus : windowGainedFocus 
09-02 17:49:00.938  3979  5965 D InputMethodManagerService: windowGainedFocus: destinationUserId (getCallingUid) = 0
09-02 17:49:00.938  3979  5965 D InputMethodManagerService: windowGainedFocus: currentUserId=0
09-02 17:49:00.938  3979  5965 D InputMethodManagerService: windowGainedFocus: mCurrentFocusedUserId=0
09-02 17:49:00.938  3979  5965 D InputMethodManagerService: windowGainedFocus : lock - currentUserId = 0 destinationUserId = 0
09-02 17:49:00.939  3979  5965 D InputMethodManagerService: windowGainedFocus : mCurrentFocusedUserId - 0 and mSecureKeypadEnabled - false, userSwitched - false
09-02 17:49:00.939  3979  5965 W InputMethodManagerService: Window already focused, ignoring focus gain of: com.android.internal.view.IInputMethodClient$Stub$Proxy@1298582 attribute=null, token = android.os.BinderProxy@100aa17
09-02 17:49:00.940  3979  5965 D ActivityManager: isScaleDownAnimationEnabled() : false
09-02 17:49:00.941  3979  5965 D PersonaManagerService: Current focused persona service handled id set to : 0
09-02 17:49:00.941  3979  5965 D InputDispatcher: Focused application set to: xxxx
09-02 17:49:00.944  3979  4238 D GameManagerService: handleForegroundChange(). pkgName: org.mozilla.firefox, clsName: org.mozilla.fenix.HomeActivity,FgActivityName:org.mozilla.firefox/org.mozilla.fenix.HomeActivity
09-02 17:49:00.944  3979  4238 D GameManagerService:   handleForegroundChange(). same package. game has never resumed yet. ignore
09-02 17:49:00.944  3979  5965 D MARsPolicyManager: onPackageResumedFG pkgName = org.mozilla.firefox, userId = 0
09-02 17:49:00.960  3979  5966 V WindowManager: Relayout Window{5e59e04 u0 org.mozilla.firefox/org.mozilla.fenix.HomeActivity}: viewVisibility=0 req=720x1280 WM.LayoutParams{(0,0)(fillxfill) sim=#10 ty=1 fl=#81010100 pfl=0x20000 fmt=-3 wanim=0x7f1404fa vsysui=0x2610 needsMenuKey=2 colorMode=0 naviIconColor=0}
09-02 17:49:00.965 15664 15664 D ViewRootImpl@2b3d89a[HomeActivity]: Relayout returned: old=[0,0][720,1280] new=[0,0][720,1280] result=0x1 surface={valid=true 533345136640} changed=false
09-02 17:49:00.980  4349  4858 D SystemServicesProxy: updateOverviewLastStackActiveTimeAsync: newTime=1693559943942
09-02 17:49:00.981  3979  4637 D SecContentProvider: query(), uri = 17 selection = isSettingsChangesAllowed
09-02 17:49:00.981  3979  4637 D SecContentProvider: called from android.uid.systemui:10009
09-02 17:49:00.982  4349  4561 D SystemServicesProxy: updateOverviewLastStackActiveTimeAsync: done.
09-02 17:49:00.984  3979  4637 D ConnectivityService: filterNetworkStateForUid() uid: 10154 networkInfo: [type: WIFI[] - WIFI, state: CONNECTED/CONNECTED, reason: (unspecified), extra: "WiFi 69", failover: false, available: true, roaming: false, metered: false]
09-02 17:49:00.999 15623 16005 I BatteryMgr:DataCollectionService: stats => 1693669740999,150,4247
09-02 17:49:01.012  3979  5965 D ActivityManager: post active user change for 0 fullscreen true isHomeActivity() false
09-02 17:49:01.030  3979  5965 V WindowManager: Relayout Window{5e59e04 u0 org.mozilla.firefox/org.mozilla.fenix.HomeActivity}: viewVisibility=0 req=720x1280 WM.LayoutParams{(0,0)(fillxfill) sim=#110 ty=1 fl=#81010100 pfl=0x20000 fmt=-3 wanim=0x7f1404fa vsysui=0x2610 needsMenuKey=2 colorMode=0 naviIconColor=0}
09-02 17:49:01.035 15664 15664 D ViewRootImpl@2b3d89a[HomeActivity]: Relayout returned: old=[0,0][720,1280] new=[0,0][720,1280] result=0x1 surface={valid=true 533345136640} changed=false
09-02 17:49:01.080  3979  5965 D ConnectivityService: filterNetworkStateForUid() uid: 10025 networkInfo: [type: WIFI[] - WIFI, state: CONNECTED/CONNECTED, reason: (unspecified), extra: "WiFi 69", failover: false, available: true, roaming: false, metered: false]
09-02 17:49:01.104 15623 16005 I BatteryMgr:DataCollectionService: stats => 1693669741104,150,4247
09-02 17:49:01.107  3979  5965 D ConnectivityService: filterNetworkStateForUid() uid: 10025 networkInfo: [type: WIFI[] - WIFI, state: CONNECTED/CONNECTED, reason: (unspecified), extra: "WiFi 69", failover: false, available: true, roaming: false, metered: false]
09-02 17:49:01.209 15623 16005 I BatteryMgr:DataCollectionService: stats => 1693669741209,150,4247
09-02 17:49:01.314 15623 16005 I BatteryMgr:DataCollectionService: stats => 1693669741314,150,4247
09-02 17:49:01.420 15623 16005 I BatteryMgr:DataCollectionService: stats => 1693669741420,150,4247
09-02 17:49:01.524 15623 16005 I BatteryMgr:DataCollectionService: stats => 1693669741524,150,4247
09-02 17:49:01.631 15623 16005 I BatteryMgr:DataCollectionService: stats => 1693669741631,150,4247
09-02 17:49:01.698  3449  3449 I android.hardware.wifi@1.0-service: getLinkLayerStats
09-02 17:49:01.736 15623 16005 I BatteryMgr:DataCollectionService: stats => 1693669741736,150,4247
09-02 17:49:01.768  3979  4637 D ConnectivityService: filterNetworkStateForUid() uid: 10102 networkInfo: [type: WIFI[] - WIFI, state: CONNECTED/CONNECTED, reason: (unspecified), extra: "WiFi 69", failover: false, available: true, roaming: false, metered: false]
09-02 17:49:01.771  7881  7881 W fb4a.MobileConfigFactoryImpl: SESSIONLESS factory used for 2 param
09-02 17:49:01.772  7881  7881 E fb4a.Execution: Redirecting MSYS Execution scheduling from the UI thread to a custom executor
09-02 17:49:01.774  3614  3927 D DnsProxyListener: DNSDBG::dns addrinfo af 2
09-02 17:49:01.842 15623 16005 I BatteryMgr:DataCollectionService: stats => 1693669741842,150,4247
09-02 17:49:01.906  7881 16052 D omnistore_android_logger: DebouncingRateLimiter attempting event SyncProtocol::onConnectionEstablished
09-02 17:49:01.906  7881 16052 D omnistore_android_logger: AlarmManager::startAlarmTimer for key=SyncProtocol::onConnectionEstablished, it will NOT wake up main thread to reschedule
09-02 17:49:01.906  7881 16052 W omnistore_android_logger: Event SyncProtocol::onConnectionEstablished rate limited for 9923 ms
09-02 17:49:01.906  7881  7881 W fb4a.MobileConfigFactoryImpl: SESSIONLESS factory used for 2 param
09-02 17:49:01.908  7881  7881 E fb4a.Execution: Redirecting MSYS Execution scheduling from the UI thread to a custom executor
09-02 17:49:01.943  7881  4231 E fb4a.msys: E[N MQTT]readEOF(124)=>TCPStreamTransport readEOF
09-02 17:49:01.943  7881  4231 E fb4a.msys: E[N MQTT]onEOF(699)=>LigerBasedStreamTransport onEOF
09-02 17:49:01.946  7881 16051 E fb4a.FBMsysMqttClientCallbacks: onPublish, onFailure, msgId = 4166, error = 2003
09-02 17:49:01.947 15623 16005 I BatteryMgr:DataCollectionService: stats => 1693669741947,150,4247
09-02 17:49:01.948  7881 16051 E fb4a.FBMsysMqttClientCallbacks: onPublish, onFailure, msgId = 4165, error = 2003
09-02 17:49:01.949  7881 16051 E fb4a.FBMsysMqttClientCallbacks: onPublish, onFailure, msgId = 4164, error = 2003
09-02 17:49:01.950  3979  4637 D ConnectivityService: filterNetworkStateForUid() uid: 10102 networkInfo: [type: WIFI[] - WIFI, state: CONNECTED/CONNECTED, reason: (unspecified), extra: "WiFi 69", failover: false, available: true, roaming: false, metered: false]
09-02 17:49:01.952  7881  7881 W fb4a.MobileConfigFactoryImpl: SESSIONLESS factory used for 2 param
09-02 17:49:01.953  7881  7881 E fb4a.Execution: Redirecting MSYS Execution scheduling from the UI thread to a custom executor
09-02 17:49:01.956  7881  4225 E fb4a.msys: E[N rtchannel]_rt_mqtt_publish_callback(430)=>Failed to publish the request over MQTT (possible duplicate log). token:9d528756-b37a-4871-8123-f5f583a21c6b, category:mcd-sync-data-task-category, requestId:64899, error:Error Domain=mqtt Code=2003 UserInfo=0xc81ec700 {MCFErrorDirectLocalizedFailureReasonKey=2003, MCFErrorDirectDescriptionKey=2003}
09-02 17:49:01.962  7881  4225 E fb4a.msys: E[N rtchannel]_rt_mqtt_publish_callback(430)=>Failed to publish the request over MQTT (possible duplicate log). token:44dda931-8943-4b58-a7d0-f7d670b2a6af, category:mcd-sync-data-task-category, requestId:24817, error:Error Domain=mqtt Code=2003 UserInfo=0xbc8cf800 {MCFErrorDirectLocalizedFailureReasonKey=2003, MCFErrorDirectDescriptionKey=2003}
09-02 17:49:01.974  7881  4229 E fb4a.msys: E[S sync]_createResponseError(195)=>Network Response 9d528756-b37a-4871-8123-f5f583a21c6b contains sync error Error Domain=mqtt Code=2003 UserInfo=0xc81ec700 {MCFErrorDirectLocalizedFailureReasonKey=2003, MCFErrorDirectDescriptionKey=2003} - Underlying error (null): Error Domain=mqtt Code=2003 UserInfo=0xc81ec700 {MCFErrorDirectLocalizedFailureReasonKey=2003, MCFErrorDirectDescriptionKey=2003}
09-02 17:49:01.978  7881  4225 E fb4a.msys: E[N data-request]_HandleDataResponse(1782)=>Data request error for task eaebbb47-3289-4667-8e3b-426de4f6e720 (response type 1): (null)
09-02 17:49:01.981  7881  4229 E fb4a.msys: E[S sync]_createResponseError(195)=>Network Response 44dda931-8943-4b58-a7d0-f7d670b2a6af contains sync error Error Domain=mqtt Code=2003 UserInfo=0xbc8cf800 {MCFErrorDirectLocalizedFailureReasonKey=2003, MCFErrorDirectDescriptionKey=2003} - Underlying error (null): Error Domain=mqtt Code=2003 UserInfo=0xbc8cf800 {MCFErrorDirectLocalizedFailureReasonKey=2003, MCFErrorDirectDescriptionKey=2003}
09-02 17:49:01.982  7881 16050 E fb4a.T157805820: TigonMhrLogger::logRequestIfNeeded
09-02 17:49:01.982  7881 16050 E fb4a.T157805820: TigonWifiInfoLogger::init
09-02 17:49:01.983  7881 16050 E fb4a.T157805820: TigonMhrFbcLogger::logRequestIfNeeded
09-02 17:49:01.983  7881 16050 E fb4a.T157805820: TigonCellTowerInfoLogger::logRequestIfNeeded
09-02 17:49:01.983  7881 16050 E fb4a.T157805820: TigonCertificateVerificationLogger::logRequestIfNeeded
09-02 17:49:01.983  7881 16050 E fb4a.T157805820: TigonTransientAnalysisLogger::logRequestIfNeeded
09-02 17:49:01.983  7881 16050 E fb4a.T157805820: TigonProviderConnectionDeviceInfoLogger::logRequestIfNeeded
09-02 17:49:01.983  7881 16050 E fb4a.T157805820: TigonCellTowerInfoPapayaLogger::logRequestIfNeeded
09-02 17:49:01.983  7881 16050 E fb4a.T157805820: NetworkUtilisationLogger::logRequestIfNeeded
09-02 17:49:01.989  7881  4229 E fb4a.msys: E[S sync]_createResponseError(195)=>Network Response eaebbb47-3289-4667-8e3b-426de4f6e720 contains sync error Error Domain=com.facebook.http.error Code=401 UserInfo=0xbc8cf000 {MCFErrorDirectLocalizedDescriptionKey=Client error} - Underlying error (null): Error Domain=com.facebook.http.error Code=401 UserInfo=0xbc8cf000 {MCFErrorDirectLocalizedDescriptionKey=Client error}
09-02 17:49:01.992  7881 16050 E fb4a.T157805820: TigonMhrLogger::logRequestIfNeeded
09-02 17:49:01.992  7881  4225 E fb4a.msys: E[N data-request]_HandleDataResponse(1782)=>Data request error for task 28f8c965-d124-4f82-984b-0c930eb6daa2 (response type 1): (null)
09-02 17:49:01.992  7881 16050 E fb4a.T157805820: TigonWifiInfoLogger::init
09-02 17:49:01.992  7881 16050 E fb4a.T157805820: TigonMhrFbcLogger::logRequestIfNeeded
09-02 17:49:01.993  7881 16050 E fb4a.T157805820: TigonCellTowerInfoLogger::logRequestIfNeeded
09-02 17:49:01.993  7881 16050 E fb4a.T157805820: TigonCertificateVerificationLogger::logRequestIfNeeded
09-02 17:49:01.993  7881 16050 E fb4a.T157805820: TigonTransientAnalysisLogger::logRequestIfNeeded
09-02 17:49:01.993  7881 16050 E fb4a.T157805820: TigonProviderConnectionDeviceInfoLogger::logRequestIfNeeded
09-02 17:49:01.993  7881 16050 E fb4a.T157805820: TigonCellTowerInfoPapayaLogger::logRequestIfNeeded
09-02 17:49:01.993  7881 16050 E fb4a.T157805820: NetworkUtilisationLogger::logRequestIfNeeded
09-02 17:49:01.996  7881  4229 E fb4a.msys: E[S sync]_createResponseError(195)=>Network Response 28f8c965-d124-4f82-984b-0c930eb6daa2 contains sync error Error Domain=com.facebook.http.error Code=401 UserInfo=0xb58fa100 {MCFErrorDirectLocalizedDescriptionKey=Client error} - Underlying error (null): Error Domain=com.facebook.http.error Code=401 UserInfo=0xb58fa100 {MCFErrorDirectLocalizedDescriptionKey=Client error}
09-02 17:49:02.021  7881  8242 E fb4a.T157805820: TigonMhrLogger::logRequestIfNeeded
09-02 17:49:02.021  7881  8242 E fb4a.T157805820: TigonWifiInfoLogger::init
09-02 17:49:02.021  7881  8242 E fb4a.T157805820: TigonMhrFbcLogger::logRequestIfNeeded
09-02 17:49:02.021  7881  8242 E fb4a.T157805820: TigonCellTowerInfoLogger::logRequestIfNeeded
09-02 17:49:02.021  7881  8242 E fb4a.T157805820: TigonCertificateVerificationLogger::logRequestIfNeeded
09-02 17:49:02.021  7881  8242 E fb4a.T157805820: TigonTransientAnalysisLogger::logRequestIfNeeded
09-02 17:49:02.021  7881  8242 E fb4a.T157805820: TigonProviderConnectionDeviceInfoLogger::logRequestIfNeeded
09-02 17:49:02.027  7881  8242 E fb4a.T157805820: TigonCellTowerInfoPapayaLogger::logRequestIfNeeded
09-02 17:49:02.027  7881  8242 E fb4a.T157805820: NetworkUtilisationLogger::logRequestIfNeeded
09-02 17:49:02.051 15623 16005 I BatteryMgr:DataCollectionService: stats => 1693669742051,150,4247
09-02 17:49:02.057  7881 16049 E fb4a.T157805820: TigonMhrLogger::logRequestIfNeeded
09-02 17:49:02.058  7881 16049 E fb4a.T157805820: TigonWifiInfoLogger::init
09-02 17:49:02.058  7881  4225 E fb4a.msys: E[N data-request]_HandleDataResponse(1782)=>Data request error for task 2d7ee31f-2ec7-4dad-a5dd-bca5edf6ba72 (response type 1): (null)
09-02 17:49:02.060  7881  4229 E fb4a.msys: E[S sync]_createResponseError(195)=>Network Response 2d7ee31f-2ec7-4dad-a5dd-bca5edf6ba72 contains sync error Error Domain=com.facebook.http.error Code=401 UserInfo=0xc91e2100 {MCFErrorDirectLocalizedDescriptionKey=Client error} - Underlying error (null): Error Domain=com.facebook.http.error Code=401 UserInfo=0xc91e2100 {MCFErrorDirectLocalizedDescriptionKey=Client error}
09-02 17:49:02.065  7881 16048 E fb4a.T157805820: TigonMhrLogger::logRequestIfNeeded
09-02 17:49:02.066  7881 16048 E fb4a.T157805820: TigonWifiInfoLogger::init
09-02 17:49:02.066  7881  4225 E fb4a.msys: E[N data-request]_HandleDataResponse(1782)=>Data request error for task e931d69b-89b3-4db9-a483-a5be2fb9076d (response type 1): (null)
09-02 17:49:02.066  7881 16048 E fb4a.T157805820: TigonMhrFbcLogger::logRequestIfNeeded
09-02 17:49:02.066  7881 16048 E fb4a.T157805820: TigonCellTowerInfoLogger::logRequestIfNeeded
09-02 17:49:02.066  7881 16048 E fb4a.T157805820: TigonCertificateVerificationLogger::logRequestIfNeeded
09-02 17:49:02.066  7881 16048 E fb4a.T157805820: TigonTransientAnalysisLogger::logRequestIfNeeded
09-02 17:49:02.066  7881 16048 E fb4a.T157805820: TigonProviderConnectionDeviceInfoLogger::logRequestIfNeeded
09-02 17:49:02.067  7881 16048 E fb4a.T157805820: TigonCellTowerInfoPapayaLogger::logRequestIfNeeded
09-02 17:49:02.067  7881 16048 E fb4a.T157805820: NetworkUtilisationLogger::logRequestIfNeeded
09-02 17:49:02.069  7881 15353 E fb4a.T157805820: TigonMhrLogger::logRequestIfNeeded
09-02 17:49:02.069  7881 15353 E fb4a.T157805820: TigonWifiInfoLogger::init
09-02 17:49:02.069  7881  4225 E fb4a.msys: E[N data-request]_HandleDataResponse(1782)=>Data request error for task eaaf31e0-70df-484e-b272-0c5e188fe3e3 (response type 1): (null)
09-02 17:49:02.069  7881 15353 E fb4a.T157805820: TigonMhrFbcLogger::logRequestIfNeeded
09-02 17:49:02.069  7881 15353 E fb4a.T157805820: TigonCellTowerInfoLogger::logRequestIfNeeded
09-02 17:49:02.069  7881 15353 E fb4a.T157805820: TigonCertificateVerificationLogger::logRequestIfNeeded
09-02 17:49:02.069  7881 15353 E fb4a.T157805820: TigonTransientAnalysisLogger::logRequestIfNeeded
09-02 17:49:02.069  7881 15353 E fb4a.T157805820: TigonProviderConnectionDeviceInfoLogger::logRequestIfNeeded
09-02 17:49:02.070  7881 15353 E fb4a.T157805820: TigonCellTowerInfoPapayaLogger::logRequestIfNeeded
09-02 17:49:02.070  7881 15353 E fb4a.T157805820: NetworkUtilisationLogger::logRequestIfNeeded
09-02 17:49:02.070  7881 16049 E fb4a.T157805820: TigonMhrFbcLogger::logRequestIfNeeded
09-02 17:49:02.070  7881 16049 E fb4a.T157805820: TigonCellTowerInfoLogger::logRequestIfNeeded
09-02 17:49:02.070  7881 16049 E fb4a.T157805820: TigonCertificateVerificationLogger::logRequestIfNeeded
09-02 17:49:02.070  7881 16049 E fb4a.T157805820: TigonTransientAnalysisLogger::logRequestIfNeeded
09-02 17:49:02.070  7881 16049 E fb4a.T157805820: TigonProviderConnectionDeviceInfoLogger::logRequestIfNeeded
09-02 17:49:02.070  7881 16049 E fb4a.T157805820: TigonCellTowerInfoPapayaLogger::logRequestIfNeeded
09-02 17:49:02.070  7881 16049 E fb4a.T157805820: NetworkUtilisationLogger::logRequestIfNeeded
09-02 17:49:02.077  7881  4229 E fb4a.msys: E[S sync]_createResponseError(195)=>Network Response e931d69b-89b3-4db9-a483-a5be2fb9076d contains sync error Error Domain=com.facebook.http.error Code=401 UserInfo=0xc91e2900 {MCFErrorDirectLocalizedDescriptionKey=Client error} - Underlying error (null): Error Domain=com.facebook.http.error Code=401 UserInfo=0xc91e2900 {MCFErrorDirectLocalizedDescriptionKey=Client error}
09-02 17:49:02.086  7881  4229 E fb4a.msys: E[S task_queue_handling]MCDLightSpeedTaskExecutorNetworkCompletionCallback(1017)=>Handling send error for taskId=6 batchSize=1 queue=secure_message_over_wa_generate_cat
09-02 17:49:02.087  7881  4229 E fb4a.msys: E[S task_queue_handling]MCDLightSpeedTaskExecutorNetworkCompletionCallback(1071)=>Error content with 18 bytes: Error Domain=com.facebook.http.error Code=401 UserInfo=0xc81ecf00 {MCFErrorDirectLocalizedDescriptionKey=Client error}
09-02 17:49:02.157 15623 16005 I BatteryMgr:DataCollectionService: stats => 1693669742156,150,4247
09-02 17:49:02.161  7881 15353 E fb4a.T157805820: TigonMhrLogger::logRequestIfNeeded
09-02 17:49:02.161  7881 15353 E fb4a.T157805820: TigonWifiInfoLogger::init
09-02 17:49:02.161  7881  4225 E fb4a.msys: E[N data-request]_HandleDataResponse(1782)=>Data request error for task 5ef14e6e-e5c9-4ed3-8701-5913e876c920 (response type 1): (null)
09-02 17:49:02.161  7881 15353 E fb4a.T157805820: TigonMhrFbcLogger::logRequestIfNeeded
09-02 17:49:02.161  7881 15353 E fb4a.T157805820: TigonCellTowerInfoLogger::logRequestIfNeeded
09-02 17:49:02.161  7881 15353 E fb4a.T157805820: TigonCertificateVerificationLogger::logRequestIfNeeded
09-02 17:49:02.161  7881 15353 E fb4a.T157805820: TigonTransientAnalysisLogger::logRequestIfNeeded
09-02 17:49:02.161  7881 15353 E fb4a.T157805820: TigonProviderConnectionDeviceInfoLogger::logRequestIfNeeded
09-02 17:49:02.162  7881 15353 E fb4a.T157805820: TigonCellTowerInfoPapayaLogger::logRequestIfNeeded
09-02 17:49:02.162  7881 15353 E fb4a.T157805820: NetworkUtilisationLogger::logRequestIfNeeded
09-02 17:49:02.162  7881  4229 E fb4a.msys: E[S task_queue_handling]MCDLightSpeedTaskExecutorNetworkCompletionCallback(1017)=>Handling send error for taskId=6 batchSize=1 queue=secure_message_over_wa_generate_cat
09-02 17:49:02.163  7881  4229 E fb4a.msys: E[S task_queue_handling]MCDLightSpeedTaskExecutorNetworkCompletionCallback(1071)=>Error content with 18 bytes: Error Domain=com.facebook.http.error Code=401 UserInfo=0xc7b4cf00 {MCFErrorDirectLocalizedDescriptionKey=Client error}
09-02 17:49:02.262 15623 16005 I BatteryMgr:DataCollectionService: stats => 1693669742262,150,4247
09-02 17:49:02.368 15623 16005 I BatteryMgr:DataCollectionService: stats => 1693669742368,150,4247
09-02 17:49:02.473 15623 16005 I BatteryMgr:DataCollectionService: stats => 1693669742473,150,4247
09-02 17:49:02.578 15623 16005 I BatteryMgr:DataCollectionService: stats => 1693669742578,150,4247
09-02 17:49:02.638  4962  4962 D io_stats: !@ 179,0 r 739981 22076072 w 571659 11826212 d 61955 20500468 f 136373 139856 iot 668608 563202 th 51200 0 0 pt 0 inp 0 0 60275.883
09-02 17:49:02.684 15623 16005 I BatteryMgr:DataCollectionService: stats => 1693669742684,150,4247
09-02 17:49:02.789 15623 16005 I BatteryMgr:DataCollectionService: stats => 1693669742789,150,4247
09-02 17:49:02.826  3979  5035 D ActivityManagerPerformance: Received MSG_DISABLE_ACT_START, r: ActivityRecord{f5aad1b u0 org.mozilla.firefox/org.mozilla.gecko.BrowserApp t-1 f}
09-02 17:49:02.828  3979  5035 D CustomFrequencyManagerService: acquireDVFSLockLocked : type : DVFS_MIN_LIMIT  frequency : 1560000  uid : 1000  pid : 3979  pkgName : AMS_RESUME_TAIL@CPU_MIN@14
09-02 17:49:02.828  3979  5035 D ActivityManagerPerformance: AMP_acquire() TAIL
09-02 17:49:02.828  3979  5035 D CustomFrequencyManagerService: releaseDVFSLockLocked : Getting Lock type frm List : DVFS_MIN_LIMIT  frequency : 1560000  uid : 1000  pid : 3979  tag : AMS_ACT_START@CPU_MIN@8
09-02 17:49:02.829  3979  5035 D ActivityManagerPerformance: AMP_release() ACT_START
09-02 17:49:02.850  3979  3979 D PreBindingService: handleMessage : 1
09-02 17:49:02.857  3979  4637 D ConnectivityService: filterNetworkStateForUid() uid: 10025 networkInfo: [type: WIFI[] - WIFI, state: CONNECTED/CONNECTED, reason: (unspecified), extra: "WiFi 69", failover: false, available: true, roaming: false, metered: false]
09-02 17:49:02.873  3979  3979 D PreBindingService: handleMessage : 1
09-02 17:49:02.894 15623 16005 I BatteryMgr:DataCollectionService: stats => 1693669742894,150,4247
09-02 17:49:03.000 15623 16005 I BatteryMgr:DataCollectionService: stats => 1693669743000,150,4247
09-02 17:49:03.105 15623 16005 I BatteryMgr:DataCollectionService: stats => 1693669743105,150,4247
09-02 17:49:03.211 15623 16005 I BatteryMgr:DataCollectionService: stats => 1693669743211,150,4247
09-02 17:49:03.252  7881 16051 E fb4a.T157805820: TigonMhrLogger::logRequestIfNeeded
09-02 17:49:03.252  7881 16051 E fb4a.T157805820: TigonWifiInfoLogger::init
09-02 17:49:03.252  7881  4225 E fb4a.msys: E[N data-request]_HandleDataResponse(1782)=>Data request error for task dbe9a427-1c00-4ecf-8319-673bc2482e25 (response type 1): (null)
09-02 17:49:03.252  7881 16051 E fb4a.T157805820: TigonMhrFbcLogger::logRequestIfNeeded
09-02 17:49:03.252  7881 16051 E fb4a.T157805820: TigonCellTowerInfoLogger::logRequestIfNeeded
09-02 17:49:03.252  7881 16051 E fb4a.T157805820: TigonCertificateVerificationLogger::logRequestIfNeeded
09-02 17:49:03.252  7881 16051 E fb4a.T157805820: TigonTransientAnalysisLogger::logRequestIfNeeded
09-02 17:49:03.252  7881 16051 E fb4a.T157805820: TigonProviderConnectionDeviceInfoLogger::logRequestIfNeeded
09-02 17:49:03.253  7881 16051 E fb4a.T157805820: TigonCellTowerInfoPapayaLogger::logRequestIfNeeded
09-02 17:49:03.253  7881 16051 E fb4a.T157805820: NetworkUtilisationLogger::logRequestIfNeeded
09-02 17:49:03.253  7881  4229 E fb4a.msys: E[S task_queue_handling]MCDLightSpeedTaskExecutorNetworkCompletionCallback(1017)=>Handling send error for taskId=6 batchSize=1 queue=secure_message_over_wa_generate_cat
09-02 17:49:03.254  7881  4229 E fb4a.msys: E[S task_queue_handling]MCDLightSpeedTaskExecutorNetworkCompletionCallback(1071)=>Error content with 18 bytes: Error Domain=com.facebook.http.error Code=401 UserInfo=0xc91e2b00 {MCFErrorDirectLocalizedDescriptionKey=Client error}
09-02 17:49:03.316 15623 16005 I BatteryMgr:DataCollectionService: stats => 1693669743316,150,4247
09-02 17:49:03.423 15623 16005 I BatteryMgr:DataCollectionService: stats => 1693669743423,150,4247
09-02 17:49:03.428  3979  3979 D CustomFrequencyManagerService: releaseDVFSLockLocked : Getting Lock type frm List : DVFS_MIN_LIMIT  frequency : 1560000  uid : 1000  pid : 3979  tag : AMS_RESUME_TAIL@CPU_MIN@14
09-02 17:49:03.533 15623 16005 I BatteryMgr:DataCollectionService: stats => 1693669743533,150,4247
09-02 17:49:03.643 15623 16005 I BatteryMgr:DataCollectionService: stats => 1693669743643,150,4247
09-02 17:49:03.753 15623 16005 I BatteryMgr:DataCollectionService: stats => 1693669743753,150,4247
09-02 17:49:03.863 15623 16005 I BatteryMgr:DataCollectionService: stats => 1693669743862,150,4247
09-02 17:49:03.973 15623 16005 I BatteryMgr:DataCollectionService: stats => 1693669743973,150,4247
09-02 17:49:03.980  3979  4484 E Watchdog: !@Sync 2008 [2023-09-02 17:49:03.980]
09-02 17:49:04.083 15623 16005 I BatteryMgr:DataCollectionService: stats => 1693669744082,150,4247
09-02 17:49:04.192 15623 16005 I BatteryMgr:DataCollectionService: stats => 1693669744192,150,4247
09-02 17:49:04.209 15623 15628 I zygote64: Do partial code cache collection, code=58KB, data=45KB
09-02 17:49:04.209 15623 15628 I zygote64: After code cache collection, code=58KB, data=45KB
09-02 17:49:04.209 15623 15628 I zygote64: Increasing code cache capacity to 256KB
09-02 17:49:04.299 15623 16005 I BatteryMgr:DataCollectionService: stats => 1693669744299,150,4247
09-02 17:49:04.371  7881  4225 E fb4a.msys: E[N data-request]_HandleDataResponse(1782)=>Data request error for task e3a0c93f-33c3-464a-9830-5a49bd53f299 (response type 1): (null)
09-02 17:49:04.374  7881  4229 E fb4a.msys: E[S task_queue_handling]MCDLightSpeedTaskExecutorNetworkCompletionCallback(1017)=>Handling send error for taskId=6 batchSize=1 queue=secure_message_over_wa_generate_cat
09-02 17:49:04.375  7881  4229 E fb4a.msys: E[S task_queue_handling]MCDLightSpeedTaskExecutorNetworkCompletionCallback(1071)=>Error content with 18 bytes: Error Domain=com.facebook.http.error Code=401 UserInfo=0xc7b4c300 {MCFErrorDirectLocalizedDescriptionKey=Client error}
09-02 17:49:04.377  7881 16049 E fb4a.T157805820: TigonMhrLogger::logRequestIfNeeded
09-02 17:49:04.377  7881 16049 E fb4a.T157805820: TigonWifiInfoLogger::init
09-02 17:49:04.377  7881 16049 E fb4a.T157805820: TigonMhrFbcLogger::logRequestIfNeeded
09-02 17:49:04.378  7881 16049 E fb4a.T157805820: TigonCellTowerInfoLogger::logRequestIfNeeded
09-02 17:49:04.378  7881 16049 E fb4a.T157805820: TigonCertificateVerificationLogger::logRequestIfNeeded
09-02 17:49:04.378  7881 16049 E fb4a.T157805820: TigonTransientAnalysisLogger::logRequestIfNeeded
09-02 17:49:04.378  7881 16049 E fb4a.T157805820: TigonProviderConnectionDeviceInfoLogger::logRequestIfNeeded
09-02 17:49:04.378  7881 16049 E fb4a.T157805820: TigonCellTowerInfoPapayaLogger::logRequestIfNeeded
09-02 17:49:04.379  7881 16049 E fb4a.T157805820: NetworkUtilisationLogger::logRequestIfNeeded
09-02 17:49:04.405 15623 16005 I BatteryMgr:DataCollectionService: stats => 1693669744405,150,4247
09-02 17:49:04.462 14031 14031 E adbd    : recv: OPEN 00024fdb 00000000 0029:73 68 65 6C 6C 2C 76 32 2C 54 45 52 4D 3D 78 74 65 72 6D 2D 32 35 36 63 6F 6C 6F 72 2C 72 61 77 3A 64 61 74 65 20 2D 75 00 
09-02 17:49:04.462 14031 14031 E adbd    : service_to_fd: shell,v2,TERM=xterm-256color,raw:date -u
09-02 17:49:04.512 15623 16005 I BatteryMgr:DataCollectionService: stats => 1693669744512,150,4247
09-02 17:49:04.560 14031 14031 E adbd    : recv: OPEN 00024fde 00000000 003e:73 68 65 6C 6C 2C 76 32 2C 54 45 52 4D 3D 78 74 65 72 6D 2D 32 35 36 63 6F 6C 6F 72 2C 72 61 77 3A 64 75 6D 70 73 79 73 20 63 70 75 69 6E 66 6F 20 7C 20 67 72 65 70 20 54 4F 54 41 4C 00 
09-02 17:49:04.560 14031 14031 E adbd    : service_to_fd: shell,v2,TERM=xterm-256color,raw:dumpsys cpuinfo | grep TOTAL
09-02 17:49:04.618 15623 16005 I BatteryMgr:DataCollectionService: stats => 1693669744618,150,4247
09-02 17:49:04.659 14031 14031 E adbd    : recv: OPEN 00024fe1 00000000 003d:73 68 65 6C 6C 2C 76 32 2C 54 45 52 4D 3D 78 74 65 72 6D 2D 32 35 36 63 6F 6C 6F 72 2C 72 61 77 3A 64 75 6D 70 73 79 73 20 6D 65 6D 69 6E 66 6F 20 7C 20 67 72 65 70 20 55 73 65 64 00 
09-02 17:49:04.659 14031 14031 E adbd    : service_to_fd: shell,v2,TERM=xterm-256color,raw:dumpsys meminfo | grep Used
09-02 17:49:04.709  3449  3449 I android.hardware.wifi@1.0-service: getLinkLayerStats
09-02 17:49:04.724 15623 16005 I BatteryMgr:DataCollectionService: stats => 1693669744724,150,4247
09-02 17:49:04.824  3979  4067 D SamsungAlarmManager: Expired : 4
09-02 17:49:04.824  3979  4067 I SamsungAlarmManager: setLocked to kernel - T:2 / 20230902T175301, SetElapsed=115163253, nowELAPSED=114926256
09-02 17:49:04.824  3979  4067 I SamsungAlarmManager: setLocked to kernel - T:3 / 20230902T174959, SetElapsed=114981432, nowELAPSED=114926257
09-02 17:49:04.825  3979  4067 V SamsungAlarmManager: Sending to uid : 1000 listener=android.app.AlarmManager$ListenerWrapper@3a74966 alarm=Alarm{eddf6ef type 2 when 114926256 android}
09-02 17:49:04.828 11059 11059 I wpa_supplicant: doZeroArgDriverCommand before checking
09-02 17:49:04.829  3979  4170 D SamsungAlarmManager: setExact Listener (T:2/F:9/AC:false) 20230902T174940 - CU:1000/CP:3979
09-02 17:49:04.829  3979  4170 I SamsungAlarmManager: setLocked to kernel - T:2 / 20230902T174940, SetElapsed=114962258, nowELAPSED=114926261
09-02 17:49:04.829 11059 11059 I wpa_supplicant: doZeroArgDriverCommand after checking
09-02 17:49:04.832 15623 16005 I BatteryMgr:DataCollectionService: stats => 1693669744832,150,4247
09-02 17:49:04.834 11059 11059 I wpa_supplicant: StaIface::setSuspendModeEnabled called
09-02 17:49:04.834 11059 11059 I wpa_supplicant: StaIface::setSuspendModeEnabledInternal called
09-02 17:49:04.834 11059 11059 I wpa_supplicant: doZeroArgDriverCommand before checking
09-02 17:49:04.835 11059 11059 I wpa_supplicant: doZeroArgDriverCommand after checking
09-02 17:49:04.838  3449  3449 I android.hardware.wifi@1.0-service: getLinkLayerStats
09-02 17:49:04.841  3979  4177 D WifiP2pService: InactiveState143375
09-02 17:49:04.841  3979  4177 D WifiP2pService: P2pEnabledState143375
09-02 17:49:04.877  3979 11179 D SamsungAlarmManager: setExact Listener (T:2/F:9/AC:false) 20230902T174905 - CU:1000/CP:3979
09-02 17:49:04.877  3979 11179 I SamsungAlarmManager: setLocked to kernel - T:2 / 20230902T174905, SetElapsed=114927307, nowELAPSED=114926309
09-02 17:49:04.885  3979 11179 D DhcpClient: Renewed lease: IP address 192.168.88.175/24 Gateway 192.168.88.1  DNS servers: [ 192.168.88.1 8.8.8.8 8.8.4.4 ] Domains  DHCP server /192.168.88.1 Vendor info null lease 600 seconds
09-02 17:49:04.885  3979 11179 D SamsungAlarmManager: Cancel Alarm calling from uid:1000 pid :3979 / listener:android.app.AlarmManager$ListenerWrapper@4b02485
09-02 17:49:04.885  3979  4170 D SamsungAlarmManager: Cancel Alarm calling from uid:1000 pid :3979 / listener:android.app.AlarmManager$ListenerWrapper@19925fc
09-02 17:49:04.887  3979 11179 I SamsungAlarmManager: setLocked to kernel - T:2 / 20230902T174940, SetElapsed=114962258, nowELAPSED=114926319
09-02 17:49:04.888  3979  4170 I SamsungAlarmManager: setLocked to kernel - T:2 / 20230902T175301, SetElapsed=115163253, nowELAPSED=114926320
09-02 17:49:04.891  3979  4177 D WifiP2pService: InactiveState143375
09-02 17:49:04.891 11059 11059 I wpa_supplicant: doZeroArgDriverCommand before checking
09-02 17:49:04.891 11059 11059 I wpa_supplicant: doZeroArgDriverCommand after checking
09-02 17:49:04.892  3979  4177 D WifiP2pService: P2pEnabledState143375
09-02 17:49:04.893  3979 11179 D SamsungAlarmManager: setExact Listener (T:2/F:9/AC:false) 20230902T175352 - CU:1000/CP:3979
09-02 17:49:04.893  3979  4180 D ConnectivityService: updateCapabilities: oldCap = [ Transports: WIFI Capabilities: NOT_METERED&INTERNET&NOT_RESTRICTED&TRUSTED&NOT_VPN&VALIDATED&FOREGROUND LinkUpBandwidth>=1048576Kbps LinkDnBandwidth>=1048576Kbps SignalStrength: -58], newCap = [ Transports: WIFI Capabilities: NOT_METERED&INTERNET&NOT_RESTRICTED&TRUSTED&NOT_VPN LinkUpBandwidth>=1048576Kbps LinkDnBandwidth>=1048576Kbps SignalStrength: -55]
09-02 17:49:04.893  3979  4180 D ConnectivityService: notifyType CAP_CHANGED for NetworkAgentInfo [WIFI () - 502]
09-02 17:49:04.894  3979  4180 D ConnectivityService:  sending notification for NetworkRequest [ REQUEST id=1, [ Capabilities: INTERNET&NOT_RESTRICTED&TRUSTED&NOT_VPN] ]
09-02 17:49:04.894  3979  4180 D ConnectivityService:  sending notification for NetworkRequest [ TRACK_DEFAULT id=3, [ Capabilities: INTERNET&NOT_RESTRICTED&TRUSTED&NOT_VPN] ]
