09-02 08:23:57.733  3979  5925 W StorageManager: getStorageLowBytes lowPercent : 5, lowBytes : 1260145254, maxLowBytes : 524288000
09-02 08:23:57.752  3979  5925 W StorageManager: getStorageLowBytes lowPercent : 5, lowBytes : 1260145254, maxLowBytes : 524288000
09-02 08:23:57.788  3979  5925 D StorageManagerService: getExternalStorageMountMode : 1
09-02 08:23:57.788  3979  5925 D StorageManagerService: getExternalStorageMountMode : 3
09-02 08:23:57.789  3979  5925 D StorageManagerService: getExternalStorageMountMode : final mountMode=1, uid : 10158, packageName : com.opera.browser
09-02 08:23:57.789  3979  5925 I ApplicationPolicy: isApplicationExternalStorageWhitelisted:com.opera.browser user:0
09-02 08:23:57.789  3979  5925 D ApplicationPolicy: isApplicationExternalStorageWhitelisted: DO is not enabled on user 0. Allowed.
09-02 08:23:57.789  3979  5925 D ActivityManager: package  com.opera.browser, user - 0 is SDcard whitelisted
09-02 08:23:57.789  3979  5925 I ApplicationPolicy: isApplicationExternalStorageBlacklisted:com.opera.browser user:0
09-02 08:23:57.789  3979  5925 D ApplicationPolicy: isApplicationExternalStorageBlacklisted: DO is not enabled on user 0. Allowed.
09-02 08:23:57.800 20009 20009 E Zygote  : isWhitelistProcess - Process is Whitelisted
09-02 08:23:57.800 20009 20009 E libpersona: scanKnoxPersonas
09-02 08:23:57.800 20009 20009 E libpersona: Couldn't open the File - /data/system/users/0/personalist.xml - No such file or directory
09-02 08:23:57.801  3979  5925 I ActivityManager: Start proc 20009:com.opera.browser:privileged_process0/u0a158 for service com.opera.browser/com.opera.android.browser.chromium.services.PrivilegedProcessService0
09-02 08:23:57.802 20009 20009 W SELinux : SELinux selinux_android_compute_policy_index : Policy Index[2],  Con:u:r:zygote:s0 RAM:SEPF_SM-J720F_8.0.0_0017, [-1 -1 -1 -1 0 1]
09-02 08:23:57.803 20009 20009 I SELinux : SELinux: seapp_context_lookup: seinfo=untrusted, level=s0:c512,c768, pkgname=com.opera.browser:privileged_process0 
09-02 08:23:57.805  3979  5979 D ConnectivityService: filterNetworkStateForUid() uid: 10158 networkInfo: [type: WIFI[] - WIFI, state: CONNECTED/CONNECTED, reason: (unspecified), extra: "WiFi 69", failover: false, available: true, roaming: false, metered: false]
09-02 08:23:57.806  3979  4046 I WindowManager: Destroying surface Surface(name=Splash Screen com.opera.browser) called by com.android.server.wm.WindowStateAnimator.destroySurface:2501 com.android.server.wm.WindowStateAnimator.destroySurfaceLocked:985 com.android.server.wm.WindowState.destroyOrSaveSurfaceUnchecked:3671 com.android.server.wm.WindowState.destroySurface:3619 com.android.server.wm.AppWindowToken.destroySurfaces:722 com.android.server.wm.AppWindowToken.destroySurfaces:706 com.android.server.wm.WindowState.onExitAnimationDone:5333 com.android.server.wm.WindowStateAnimator.stepAnimationLocked:550 
09-02 08:23:57.807  3462  4087 I SurfaceFlinger: id=255 Removed Splash Screen com.opera.browser#0 (4/5)
09-02 08:23:57.808  3462  3462 I SurfaceFlinger: Display 0 HWC layers:
09-02 08:23:57.808  3462  3462 I SurfaceFlinger:     type    |    handle    | flag |  format   |   source crop (l,t,r,b)    |         frame       | name 
09-02 08:23:57.808  3462  3462 I SurfaceFlinger: ------------+--------------+------+-----------+----------------------------+---------------------+------
09-02 08:23:57.808  3462  3462 I SurfaceFlinger:      Device | 0x7ac4c25740 | 0002 | RGBA_8888 |   0.0    0.0  720.0 1280.0 |    0    0  720 1280 | com.opera.browser/com.opera.Opera#0
09-02 08:23:57.808  3462  3462 I SurfaceFlinger:      Device | 0x7ac4c24480 | 0000 | RGBA_8888 |   0.0    0.0  720.0   42.0 |    0    0  720   42 | StatusBar#0
09-02 08:23:57.808  3462  3462 I SurfaceFlinger: 
09-02 08:23:57.813  3979  5979 D ActivityManager: The following uid has registered to recieve broadcast for proxy related updates 10158
09-02 08:23:57.816  3979  5979 W ContextImpl: Calling a method in the system process without a qualified user: android.app.ContextImpl.sendBroadcast:971 com.android.server.am.ActivityManagerService.requestKnoxVpnToSendProxyBroadcast:29502 com.android.server.am.ActivityManagerService.registerReceiver:23187 android.app.IActivityManager$Stub.onTransact:176 com.android.server.am.ActivityManagerService.onTransact:3862 
09-02 08:23:57.817  3979  3979 D KnoxVpnEngineService: Vpn Receiver : com.samsung.android.knox.intent.action.VPN_PROXY_BROADCAST_INTERNAL
09-02 08:23:57.817  3462  5840 I SurfaceFlinger: id=255 Removed Splash Screen com.opera.browser#0 (-2/5)
09-02 08:23:57.817  3979  4130 I KnoxVpnEngineService: vpn handle : Message received
09-02 08:23:57.822  3462  3462 I Layer   : id=255 onRemoved Splash Screen com.opera.browser#0 
09-02 08:23:57.833 20009 20009 D TimaKeyStoreProvider: TimaKeyStore is not enabled: cannot add TimaSignature Service and generateKeyPair Service
09-02 08:23:57.833 20009 20009 D ActivityThread: Added TimaKeyStore provider
09-02 08:23:57.836  3979  5979 I ActivityManager: DSS on for com.opera.browser and scale is 1.0
09-02 08:23:57.852 20009 20009 I zygote  : no shared libraies, dex_files: 1
09-02 08:23:57.856  3347  3347 W keymaster2_mdfpp: entered get_key_characteristics function.
09-02 08:23:57.857  3347  3347 W keymaster_tee: [WRN]KEY_PARAMS: AES ENC DEC GCM PADNO AUTH SIZE:256 
09-02 08:23:57.857  3347  3347 W keymaster_tee: [WRN]KEY_PARAMS: 20230902081400 
09-02 08:23:57.858  3347  3347 W keymaster2_mdfpp: exit get_key_characteristics function, returned 0
09-02 08:23:57.861 20009 20009 W ResourceType: ResTable_typeSpec entry count inconsistent: given 1869, previously 1868
09-02 08:23:57.861 20009 20009 W ResourceType: ResTable_typeSpec entry count inconsistent: given 100, previously 115
09-02 08:23:57.861 20009 20009 W ResourceType: ResTable_typeSpec entry count inconsistent: given 281, previously 1857
09-02 08:23:57.866  3347  3347 W keymaster2_mdfpp: entered get_key_characteristics function.
09-02 08:23:57.867  3347  3347 W keymaster_tee: [WRN]KEY_PARAMS: AES ENC DEC GCM PADNO AUTH SIZE:256 
09-02 08:23:57.867  3347  3347 W keymaster_tee: [WRN]KEY_PARAMS: 20230902081400 
09-02 08:23:57.867  3347  3347 W keymaster2_mdfpp: exit get_key_characteristics function, returned 0
09-02 08:23:57.873  3347  3347 W keymaster2_mdfpp: entered begin function.
09-02 08:23:57.875  3347  3347 W keymaster2_mdfpp: exit begin function, returned 0
09-02 08:23:57.878  3347  3347 W keymaster2_mdfpp: entered update function.
09-02 08:23:57.879  3347  3347 W keymaster2_mdfpp: exit update function, returned 0
09-02 08:23:57.879  3347  3347 W keymaster2_mdfpp: entered finish function.
09-02 08:23:57.880  3347  3347 W keymaster2_mdfpp: exit finish function, returned 0
09-02 08:23:57.881  3609  3609 W keystore: ENTER remove operation from uid 10158
09-02 08:23:57.883  3347  3347 W keymaster2_mdfpp: entered get_key_characteristics function.
09-02 08:23:57.884  3347  3347 W keymaster_tee: [WRN]KEY_PARAMS: AES ENC DEC GCM PADNO AUTH SIZE:256 
09-02 08:23:57.884  3347  3347 W keymaster_tee: [WRN]KEY_PARAMS: 20230902081400 
09-02 08:23:57.884  3347  3347 W keymaster2_mdfpp: exit get_key_characteristics function, returned 0
09-02 08:23:57.886  3347  3347 W keymaster2_mdfpp: entered get_key_characteristics function.
09-02 08:23:57.888  3347  3347 W keymaster_tee: [WRN]KEY_PARAMS: AES ENC DEC GCM PADNO AUTH SIZE:256 
09-02 08:23:57.888  3347  3347 W keymaster_tee: [WRN]KEY_PARAMS: 20230902081400 
09-02 08:23:57.888  3347  3347 W keymaster2_mdfpp: exit get_key_characteristics function, returned 0
09-02 08:23:57.888  3347  3347 W keymaster2_mdfpp: entered begin function.
09-02 08:23:57.890  3347  3347 W keymaster2_mdfpp: exit begin function, returned 0
09-02 08:23:57.891  3347  3347 W keymaster2_mdfpp: entered update function.
09-02 08:23:57.891  3347  3347 W keymaster2_mdfpp: exit update function, returned 0
09-02 08:23:57.893  3347  3347 W keymaster2_mdfpp: entered finish function.
09-02 08:23:57.893  3347  3347 W keymaster2_mdfpp: exit finish function, returned 0
09-02 08:23:57.894  3609  3609 W keystore: ENTER remove operation from uid 10158
09-02 08:23:57.896  3347  3347 W keymaster2_mdfpp: entered get_key_characteristics function.
09-02 08:23:57.897  3347  3347 W keymaster_tee: [WRN]KEY_PARAMS: AES ENC DEC GCM PADNO AUTH SIZE:256 
09-02 08:23:57.897  3347  3347 W keymaster_tee: [WRN]KEY_PARAMS: 20230902081400 
09-02 08:23:57.897  3347  3347 W keymaster2_mdfpp: exit get_key_characteristics function, returned 0
09-02 08:23:57.899  3347  3347 W keymaster2_mdfpp: entered get_key_characteristics function.
09-02 08:23:57.900  3347  3347 W keymaster_tee: [WRN]KEY_PARAMS: AES ENC DEC GCM PADNO AUTH SIZE:256 
09-02 08:23:57.900  3347  3347 W keymaster_tee: [WRN]KEY_PARAMS: 20230902081400 
09-02 08:23:57.900  3347  3347 W keymaster2_mdfpp: exit get_key_characteristics function, returned 0
09-02 08:23:57.901  3347  3347 W keymaster2_mdfpp: entered begin function.
09-02 08:23:57.903  3347  3347 W keymaster2_mdfpp: exit begin function, returned 0
09-02 08:23:57.904  3347  3347 W keymaster2_mdfpp: entered update function.
09-02 08:23:57.904  3347  3347 W keymaster2_mdfpp: exit update function, returned 0
09-02 08:23:57.905  3347  3347 W keymaster2_mdfpp: entered finish function.
09-02 08:23:57.905  3347  3347 W keymaster2_mdfpp: exit finish function, returned 0
09-02 08:23:57.906  3609  3609 W keystore: ENTER remove operation from uid 10158
09-02 08:23:57.918  3347  3347 W keymaster2_mdfpp: entered get_key_characteristics function.
09-02 08:23:57.919  3347  3347 W keymaster_tee: [WRN]KEY_PARAMS: AES ENC DEC GCM PADNO AUTH SIZE:256 
09-02 08:23:57.919  3347  3347 W keymaster_tee: [WRN]KEY_PARAMS: 20230902081400 
09-02 08:23:57.919  3347  3347 W keymaster2_mdfpp: exit get_key_characteristics function, returned 0
09-02 08:23:57.922  3347  3347 W keymaster2_mdfpp: entered get_key_characteristics function.
09-02 08:23:57.924  3347  3347 W keymaster_tee: [WRN]KEY_PARAMS: AES ENC DEC GCM PADNO AUTH SIZE:256 
09-02 08:23:57.924  3347  3347 W keymaster_tee: [WRN]KEY_PARAMS: 20230902081400 
09-02 08:23:57.924  3347  3347 W keymaster2_mdfpp: exit get_key_characteristics function, returned 0
09-02 08:23:57.925  3347  3347 W keymaster2_mdfpp: entered begin function.
09-02 08:23:57.928  3347  3347 W keymaster2_mdfpp: exit begin function, returned 0
09-02 08:23:57.929  3347  3347 W keymaster2_mdfpp: entered update function.
09-02 08:23:57.930  3347  3347 W keymaster2_mdfpp: exit update function, returned 0
09-02 08:23:57.931  3347  3347 W keymaster2_mdfpp: entered finish function.
09-02 08:23:57.931  3347  3347 W keymaster2_mdfpp: exit finish function, returned 0
09-02 08:23:57.932  3609  3609 W keystore: ENTER remove operation from uid 10158
09-02 08:23:57.932 20009 20009 W ResourceType: For resource 0x7f0c0068, entry index(104) is beyond type entryCount(100)
09-02 08:23:57.944  3979  5979 D ConnectivityService: filterNetworkStateForUid() uid: 10158 networkInfo: [type: WIFI[] - WIFI, state: CONNECTED/CONNECTED, reason: (unspecified), extra: "WiFi 69", failover: false, available: true, roaming: false, metered: false]
09-02 08:23:57.949 19825 19825 D ConnectivityManager: requestNetwork; CallingUid : 10158, CallingPid : 19825
09-02 08:23:57.949  3979  5979 D ConnectivityService: listenForNetwork for uid/pid:10158/19825 NetworkRequest [ LISTEN id=262, [ Capabilities: INTERNET&NOT_RESTRICTED&TRUSTED&FOREGROUND] ]
09-02 08:23:57.950  3979  4180 D ConnectivityService: rematching NetworkAgentInfo [WIFI () - 502]
09-02 08:23:57.950  3979  4180 D ConnectivityService:  network has: [ Transports: WIFI Capabilities: NOT_METERED&INTERNET&NOT_RESTRICTED&TRUSTED&NOT_VPN&VALIDATED&FOREGROUND LinkUpBandwidth>=1048576Kbps LinkDnBandwidth>=1048576Kbps SignalStrength: -61]
09-02 08:23:57.951  3979  4180 D ConnectivityService: Network NetworkAgentInfo [WIFI () - 502] was already satisfying request 233. No change.
09-02 08:23:57.951  3979  4180 D ConnectivityService: Network NetworkAgentInfo [WIFI () - 502] was already satisfying request 235. No change.
09-02 08:23:57.951  3979  4180 D ConnectivityService: Network NetworkAgentInfo [WIFI () - 502] was already satisfying request 227. No change.
09-02 08:23:57.951  3979  4180 D ConnectivityService: Network NetworkAgentInfo [WIFI () - 502] was already satisfying request 221. No change.
09-02 08:23:57.951  3979  4180 D ConnectivityService: Network NetworkAgentInfo [WIFI () - 502] was already satisfying request 3. No change.
09-02 08:23:57.951  3979  4180 D ConnectivityService: Network NetworkAgentInfo [WIFI () - 502] was already satisfying request 247. No change.
09-02 08:23:57.951  3979  4180 D ConnectivityService: Network NetworkAgentInfo [WIFI () - 502] was already satisfying request 1. No change.
09-02 08:23:57.951  3979  4180 D ConnectivityService: Network NetworkAgentInfo [WIFI () - 502] was already satisfying request 232. No change.
09-02 08:23:57.951  3979  4180 D ConnectivityService: Network NetworkAgentInfo [WIFI () - 502] was already satisfying request 228. No change.
09-02 08:23:57.951  3979  4180 D ConnectivityService: Network NetworkAgentInfo [WIFI () - 502] was already satisfying request 140. No change.
09-02 08:23:57.951  3979  4180 D ConnectivityService: sending notification AVAILABLE for NetworkRequest [ LISTEN id=262, [ Capabilities: INTERNET&NOT_RESTRICTED&TRUSTED&FOREGROUND] ]
09-02 08:23:57.951  3979  5979 D ConnectivityService: filterNetworkStateForUid() uid: 10158 networkInfo: [type: WIFI[] - WIFI, state: CONNECTED/CONNECTED, reason: (unspecified), extra: "WiFi 69", failover: false, available: true, roaming: false, metered: false]
09-02 08:23:57.951  3979  4180 D ConnectivityService: sending notification CAP_CHANGED for NetworkRequest [ LISTEN id=262, [ Capabilities: INTERNET&NOT_RESTRICTED&TRUSTED&FOREGROUND] ]
09-02 08:23:57.952  3979  4180 D ConnectivityService: sending notification IP_CHANGED for NetworkRequest [ LISTEN id=262, [ Capabilities: INTERNET&NOT_RESTRICTED&TRUSTED&FOREGROUND] ]
09-02 08:23:57.986  3979  5979 D SensorService: Calling activate off 0
09-02 08:23:57.990  3447  3447 I Sensors : AccelerometerSensor:setDelayAcc: handle 0, delay 66667000 ns, old_delay 10000000 ns
09-02 08:23:57.991 19825 19961 D SensorManager: unregisterListener ::   
09-02 08:23:58.075 19825 19825 V InputMethodManager: Starting input: tba=android.view.inputmethod.EditorInfo@6916807 nm : com.opera.browser ic=null
09-02 08:23:58.081  3979  5925 D ConnectivityService: filterNetworkStateForUid() uid: 10158 networkInfo: [type: WIFI[] - WIFI, state: CONNECTED/CONNECTED, reason: (unspecified), extra: "WiFi 69", failover: false, available: true, roaming: false, metered: false]
09-02 08:23:58.083  3979  5979 D ConnectivityService: filterNetworkStateForUid() uid: 10158 networkInfo: [type: WIFI[] - WIFI, state: CONNECTED/CONNECTED, reason: (unspecified), extra: "WiFi 69", failover: false, available: true, roaming: false, metered: false]
09-02 08:23:58.091 10264 10609 I FontLog : Received query Noto Color Emoji Compat, URI content://com.google.android.gms.fonts [CONTEXT service_id=132 ]
09-02 08:23:58.092 10264 10609 I FontLog : Query [emojicompat-emoji-font] resolved to {Noto Color Emoji Compat, wdth 100.0, wght 400, ital 0.0, bestEffort false} [CONTEXT service_id=132 ]
09-02 08:23:58.094 10264 10609 I FontLog : Fetch {Noto Color Emoji Compat, wdth 100.0, wght 400, ital 0.0, bestEffort false} end status Status{statusCode=SUCCESS, resolution=null} [CONTEXT service_id=132 ]
09-02 08:23:58.095  3979  3979 D PreBindingService: handleMessage : 1
09-02 08:23:58.105 10264 10609 I FontLog : Pulling font file for id = 106, cache size = 7 [CONTEXT service_id=132 ]
09-02 08:23:58.113 10264 10609 I FontLog : Pulling font file for id = 106, cache size = 7 [CONTEXT service_id=132 ]
09-02 08:23:58.114  3979  5979 D ConnectivityService: filterNetworkStateForUid() uid: 10025 networkInfo: [type: WIFI[] - WIFI, state: CONNECTED/CONNECTED, reason: (unspecified), extra: "WiFi 69", failover: false, available: true, roaming: false, metered: false]
09-02 08:23:58.156 19825 19992 I System.out: (HTTPLog)-Static: isSBSettingEnabled false
09-02 08:23:58.157 19825 19992 I System.out: (HTTPLog)-Static: isSBSettingEnabled false
09-02 08:23:58.161  3614  3927 D DnsProxyListener: DNSDBG::dns addrinfo af 2
09-02 08:23:58.173  3979  5979 D ConnectivityService: filterNetworkStateForUid() uid: 10025 networkInfo: [type: WIFI[] - WIFI, state: CONNECTED/CONNECTED, reason: (unspecified), extra: "WiFi 69", failover: false, available: true, roaming: false, metered: false]
09-02 08:23:58.175  3979  5979 D SamsungAlarmManager: Cancel Alarm calling from uid:10025 pid :16166 / op:PendingIntent{61d7b28: PendingIntentRecord{f03d041 com.google.android.gms broadcastIntent}}
09-02 08:23:58.213 19825 19825 W ResourceType: For resource 0x7f1504e5, entry index(1253) is beyond type entryCount(281)
09-02 08:23:58.223 19825 19825 I chatty  : uid=10158(u0_a158) identical 10 lines
09-02 08:23:58.223 19825 19825 W ResourceType: For resource 0x7f1504e5, entry index(1253) is beyond type entryCount(281)
09-02 08:23:58.223 19825 19825 W ResourceType: For resource 0x7f150574, entry index(1396) is beyond type entryCount(281)
09-02 08:23:58.225 19825 19825 W ResourceType: For resource 0x7f15050e, entry index(1294) is beyond type entryCount(281)
09-02 08:23:58.225 19825 19825 W ResourceType: For resource 0x7f15061f, entry index(1567) is beyond type entryCount(281)
09-02 08:23:58.225 19825 19825 W ResourceType: For resource 0x7f15061f, entry index(1567) is beyond type entryCount(281)
09-02 08:23:58.225 19825 19825 W ResourceType: For resource 0x7f15058c, entry index(1420) is beyond type entryCount(281)
09-02 08:23:58.225 19825 19825 W ResourceType: For resource 0x7f150590, entry index(1424) is beyond type entryCount(281)
09-02 08:23:58.225 19825 19825 W ResourceType: For resource 0x7f15058e, entry index(1422) is beyond type entryCount(281)
09-02 08:23:58.225 19825 19825 W ResourceType: For resource 0x7f1504c3, entry index(1219) is beyond type entryCount(281)
09-02 08:23:58.225 19825 19825 W ResourceType: For resource 0x7f15059e, entry index(1438) is beyond type entryCount(281)
09-02 08:23:58.225 19825 19825 W ResourceType: For resource 0x7f150282, entry index(642) is beyond type entryCount(281)
09-02 08:23:58.225 19825 19825 W ResourceType: For resource 0x7f1504c3, entry index(1219) is beyond type entryCount(281)
09-02 08:23:58.225 19825 19825 W ResourceType: For resource 0x7f150719, entry index(1817) is beyond type entryCount(281)
09-02 08:23:58.225 19825 19825 W ResourceType: For resource 0x7f150578, entry index(1400) is beyond type entryCount(281)
09-02 08:23:58.225 19825 19825 W ResourceType: For resource 0x7f150284, entry index(644) is beyond type entryCount(281)
09-02 08:23:58.225 19825 19825 W ResourceType: For resource 0x7f150579, entry index(1401) is beyond type entryCount(281)
09-02 08:23:58.225 19825 19825 W ResourceType: For resource 0x7f1505e7, entry index(1511) is beyond type entryCount(281)
09-02 08:23:58.225 19825 19825 W ResourceType: For resource 0x7f15071e, entry index(1822) is beyond type entryCount(281)
09-02 08:23:58.225 19825 19825 I chatty  : uid=10158(u0_a158) identical 2 lines
09-02 08:23:58.225 19825 19825 W ResourceType: For resource 0x7f15071e, entry index(1822) is beyond type entryCount(281)
09-02 08:23:58.225 19825 19825 W ResourceType: For resource 0x7f150580, entry index(1408) is beyond type entryCount(281)
09-02 08:23:58.225 19825 19825 W ResourceType: For resource 0x7f15071e, entry index(1822) is beyond type entryCount(281)
09-02 08:23:58.225 19825 19825 W ResourceType: For resource 0x7f15017b, entry index(379) is beyond type entryCount(281)
09-02 08:23:58.225 19825 19825 W ResourceType: For resource 0x7f150283, entry index(643) is beyond type entryCount(281)
09-02 08:23:58.225 19825 19825 W ResourceType: For resource 0x7f1505a2, entry index(1442) is beyond type entryCount(281)
09-02 08:23:58.225 19825 19825 W ResourceType: For resource 0x7f1506f4, entry index(1780) is beyond type entryCount(281)
09-02 08:23:58.225 19825 19825 W ResourceType: For resource 0x7f150588, entry index(1416) is beyond type entryCount(281)
09-02 08:23:58.225 19825 19825 W ResourceType: For resource 0x7f15059f, entry index(1439) is beyond type entryCount(281)
09-02 08:23:58.225 19825 19825 W ResourceType: For resource 0x7f150649, entry index(1609) is beyond type entryCount(281)
09-02 08:23:58.225 19825 19825 W ResourceType: For resource 0x7f150442, entry index(1090) is beyond type entryCount(281)
09-02 08:23:58.225 19825 19825 W ResourceType: For resource 0x7f150718, entry index(1816) is beyond type entryCount(281)
09-02 08:23:58.226 19825 19825 W ResourceType: For resource 0x7f15017c, entry index(380) is beyond type entryCount(281)
09-02 08:23:58.226 19825 19825 W ResourceType: For resource 0x7f15059d, entry index(1437) is beyond type entryCount(281)
09-02 08:23:58.226 19825 19825 W ResourceType: For resource 0x7f15020a, entry index(522) is beyond type entryCount(281)
09-02 08:23:58.226 19825 19825 W ResourceType: For resource 0x7f150586, entry index(1414) is beyond type entryCount(281)
09-02 08:23:58.226 19825 19825 W ResourceType: For resource 0x7f15071c, entry index(1820) is beyond type entryCount(281)
09-02 08:23:58.226 19825 19825 W ResourceType: For resource 0x7f1502af, entry index(687) is beyond type entryCount(281)
09-02 08:23:58.226 19825 19825 W ResourceType: For resource 0x7f150274, entry index(628) is beyond type entryCount(281)
09-02 08:23:58.226 19825 19825 W ResourceType: For resource 0x7f150244, entry index(580) is beyond type entryCount(281)
09-02 08:23:58.226 19825 19825 W ResourceType: For resource 0x7f150274, entry index(628) is beyond type entryCount(281)
09-02 08:23:58.226 19825 19825 W ResourceType: For resource 0x7f150372, entry index(882) is beyond type entryCount(281)
09-02 08:23:58.226 19825 19825 W ResourceType: For resource 0x7f15035b, entry index(859) is beyond type entryCount(281)
09-02 08:23:58.226 19825 19825 W ResourceType: For resource 0x7f15035c, entry index(860) is beyond type entryCount(281)
09-02 08:23:58.226 19825 19825 W ResourceType: For resource 0x7f1502ad, entry index(685) is beyond type entryCount(281)
09-02 08:23:58.226 19825 19825 W ResourceType: For resource 0x7f150565, entry index(1381) is beyond type entryCount(281)
09-02 08:23:58.226 19825 19825 W ResourceType: For resource 0x7f150567, entry index(1383) is beyond type entryCount(281)
09-02 08:23:58.236 19825 19825 W ResourceType: For resource 0x7f1504e5, entry index(1253) is beyond type entryCount(281)
09-02 08:23:58.238 19825 19825 I chatty  : uid=10158(u0_a158) identical 2 lines
09-02 08:23:58.239 19825 19825 W ResourceType: For resource 0x7f1504e5, entry index(1253) is beyond type entryCount(281)
09-02 08:23:58.241 19825 19825 W ResourceType: For resource 0x7f15050e, entry index(1294) is beyond type entryCount(281)
09-02 08:23:58.241 19825 19825 W ResourceType: For resource 0x7f15061f, entry index(1567) is beyond type entryCount(281)
09-02 08:23:58.241 19825 19825 W ResourceType: For resource 0x7f15061f, entry index(1567) is beyond type entryCount(281)
09-02 08:23:58.241 19825 19825 W ResourceType: For resource 0x7f15058c, entry index(1420) is beyond type entryCount(281)
09-02 08:23:58.241 19825 19825 W ResourceType: For resource 0x7f150590, entry index(1424) is beyond type entryCount(281)
09-02 08:23:58.241 19825 19825 W ResourceType: For resource 0x7f15058e, entry index(1422) is beyond type entryCount(281)
09-02 08:23:58.241 19825 19825 W ResourceType: For resource 0x7f1504c3, entry index(1219) is beyond type entryCount(281)
09-02 08:23:58.241 19825 19825 W ResourceType: For resource 0x7f15059e, entry index(1438) is beyond type entryCount(281)
09-02 08:23:58.241 19825 19825 W ResourceType: For resource 0x7f150282, entry index(642) is beyond type entryCount(281)
09-02 08:23:58.241 19825 19825 W ResourceType: For resource 0x7f1504c3, entry index(1219) is beyond type entryCount(281)
09-02 08:23:58.241 19825 19825 W ResourceType: For resource 0x7f150719, entry index(1817) is beyond type entryCount(281)
09-02 08:23:58.241 19825 19825 W ResourceType: For resource 0x7f150578, entry index(1400) is beyond type entryCount(281)
09-02 08:23:58.241 19825 19825 W ResourceType: For resource 0x7f150284, entry index(644) is beyond type entryCount(281)
09-02 08:23:58.241 19825 19825 W ResourceType: For resource 0x7f150579, entry index(1401) is beyond type entryCount(281)
09-02 08:23:58.241 19825 19825 W ResourceType: For resource 0x7f1505e7, entry index(1511) is beyond type entryCount(281)
09-02 08:23:58.241 19825 19825 W ResourceType: For resource 0x7f15071e, entry index(1822) is beyond type entryCount(281)
09-02 08:23:58.241 19825 19825 I chatty  : uid=10158(u0_a158) identical 2 lines
09-02 08:23:58.241 19825 19825 W ResourceType: For resource 0x7f15071e, entry index(1822) is beyond type entryCount(281)
09-02 08:23:58.241 19825 19825 W ResourceType: For resource 0x7f150580, entry index(1408) is beyond type entryCount(281)
09-02 08:23:58.241 19825 19825 W ResourceType: For resource 0x7f15071e, entry index(1822) is beyond type entryCount(281)
09-02 08:23:58.241 19825 19825 W ResourceType: For resource 0x7f15017b, entry index(379) is beyond type entryCount(281)
09-02 08:23:58.241 19825 19825 W ResourceType: For resource 0x7f150283, entry index(643) is beyond type entryCount(281)
09-02 08:23:58.241 19825 19825 W ResourceType: For resource 0x7f1505a2, entry index(1442) is beyond type entryCount(281)
09-02 08:23:58.241 19825 19825 W ResourceType: For resource 0x7f1506f4, entry index(1780) is beyond type entryCount(281)
09-02 08:23:58.241 19825 19825 W ResourceType: For resource 0x7f150588, entry index(1416) is beyond type entryCount(281)
09-02 08:23:58.241 19825 19825 W ResourceType: For resource 0x7f15059f, entry index(1439) is beyond type entryCount(281)
09-02 08:23:58.241 19825 19825 W ResourceType: For resource 0x7f150649, entry index(1609) is beyond type entryCount(281)
09-02 08:23:58.241 19825 19825 W ResourceType: For resource 0x7f150442, entry index(1090) is beyond type entryCount(281)
09-02 08:23:58.241 19825 19825 W ResourceType: For resource 0x7f150718, entry index(1816) is beyond type entryCount(281)
09-02 08:23:58.241 19825 19825 W ResourceType: For resource 0x7f15017c, entry index(380) is beyond type entryCount(281)
09-02 08:23:58.241 19825 19825 W ResourceType: For resource 0x7f15059d, entry index(1437) is beyond type entryCount(281)
09-02 08:23:58.241 19825 19825 W ResourceType: For resource 0x7f15020a, entry index(522) is beyond type entryCount(281)
09-02 08:23:58.241 19825 19825 W ResourceType: For resource 0x7f150586, entry index(1414) is beyond type entryCount(281)
09-02 08:23:58.241 19825 19825 W ResourceType: For resource 0x7f15071c, entry index(1820) is beyond type entryCount(281)
09-02 08:23:58.241 19825 19825 W ResourceType: For resource 0x7f1502af, entry index(687) is beyond type entryCount(281)
09-02 08:23:58.241 19825 19825 W ResourceType: For resource 0x7f150274, entry index(628) is beyond type entryCount(281)
09-02 08:23:58.241 19825 19825 W ResourceType: For resource 0x7f150244, entry index(580) is beyond type entryCount(281)
09-02 08:23:58.241 19825 19825 W ResourceType: For resource 0x7f150274, entry index(628) is beyond type entryCount(281)
09-02 08:23:58.241 19825 19825 W ResourceType: For resource 0x7f150372, entry index(882) is beyond type entryCount(281)
09-02 08:23:58.241 19825 19825 W ResourceType: For resource 0x7f15035b, entry index(859) is beyond type entryCount(281)
09-02 08:23:58.241 19825 19825 W ResourceType: For resource 0x7f15035c, entry index(860) is beyond type entryCount(281)
09-02 08:23:58.241 19825 19825 W ResourceType: For resource 0x7f1502ad, entry index(685) is beyond type entryCount(281)
09-02 08:23:58.242 19825 19825 W ResourceType: For resource 0x7f150565, entry index(1381) is beyond type entryCount(281)
09-02 08:23:58.242 19825 19825 W ResourceType: For resource 0x7f150567, entry index(1383) is beyond type entryCount(281)
09-02 08:23:58.246 19825 19825 W ResourceType: For resource 0x7f150552, entry index(1362) is beyond type entryCount(281)
09-02 08:23:58.247 19825 19825 I chatty  : uid=10158(u0_a158) identical 3 lines
09-02 08:23:58.248 19825 19825 W ResourceType: For resource 0x7f150552, entry index(1362) is beyond type entryCount(281)
09-02 08:23:58.250 19825 19825 W ResourceType: For resource 0x7f1504e5, entry index(1253) is beyond type entryCount(281)
09-02 08:23:58.252 19825 19825 I chatty  : uid=10158(u0_a158) identical 2 lines
09-02 08:23:58.252 19825 19825 W ResourceType: For resource 0x7f1504e5, entry index(1253) is beyond type entryCount(281)
09-02 08:23:58.257  3979  3979 D CustomFrequencyManagerService: releaseDVFSLockLocked : Getting Lock type frm List : DVFS_MIN_LIMIT  frequency : 1560000  uid : 1000  pid : 3979  tag : AMS_RESUME_TAIL@CPU_MIN@14
09-02 08:23:58.260 19825 19825 W ResourceType: For resource 0x7f1506f4, entry index(1780) is beyond type entryCount(281)
09-02 08:23:58.260 19825 19825 W ResourceType: For resource 0x7f150587, entry index(1415) is beyond type entryCount(281)
09-02 08:23:58.260 19825 19825 W ResourceType: For resource 0x7f15011b, entry index(283) is beyond type entryCount(281)
09-02 08:23:58.260 19825 19825 W ResourceType: For resource 0x7f150241, entry index(577) is beyond type entryCount(281)
09-02 08:23:58.260 19825 19825 W ResourceType: For resource 0x7f150241, entry index(577) is beyond type entryCount(281)
09-02 08:23:58.263 19825 19825 W ResourceType: For resource 0x7f15050e, entry index(1294) is beyond type entryCount(281)
09-02 08:23:58.263 19825 19825 W ResourceType: For resource 0x7f15061f, entry index(1567) is beyond type entryCount(281)
09-02 08:23:58.263 19825 19825 W ResourceType: For resource 0x7f15061f, entry index(1567) is beyond type entryCount(281)
09-02 08:23:58.263 19825 19825 W ResourceType: For resource 0x7f15058c, entry index(1420) is beyond type entryCount(281)
09-02 08:23:58.263 19825 19825 W ResourceType: For resource 0x7f150590, entry index(1424) is beyond type entryCount(281)
09-02 08:23:58.263 19825 19825 W ResourceType: For resource 0x7f15058e, entry index(1422) is beyond type entryCount(281)
09-02 08:23:58.263 19825 19825 W ResourceType: For resource 0x7f1504c3, entry index(1219) is beyond type entryCount(281)
09-02 08:23:58.263 19825 19825 W ResourceType: For resource 0x7f15059e, entry index(1438) is beyond type entryCount(281)
09-02 08:23:58.263 19825 19825 W ResourceType: For resource 0x7f150282, entry index(642) is beyond type entryCount(281)
09-02 08:23:58.263 19825 19825 W ResourceType: For resource 0x7f1504c3, entry index(1219) is beyond type entryCount(281)
09-02 08:23:58.263 19825 19825 W ResourceType: For resource 0x7f150719, entry index(1817) is beyond type entryCount(281)
09-02 08:23:58.263 19825 19825 W ResourceType: For resource 0x7f150578, entry index(1400) is beyond type entryCount(281)
09-02 08:23:58.263 19825 19825 W ResourceType: For resource 0x7f150284, entry index(644) is beyond type entryCount(281)
09-02 08:23:58.263 19825 19825 W ResourceType: For resource 0x7f150579, entry index(1401) is beyond type entryCount(281)
09-02 08:23:58.263 19825 19825 W ResourceType: For resource 0x7f1505e7, entry index(1511) is beyond type entryCount(281)
09-02 08:23:58.263 19825 19825 W ResourceType: For resource 0x7f15071e, entry index(1822) is beyond type entryCount(281)
09-02 08:23:58.263 19825 19825 I chatty  : uid=10158(u0_a158) identical 2 lines
09-02 08:23:58.263 19825 19825 W ResourceType: For resource 0x7f15071e, entry index(1822) is beyond type entryCount(281)
09-02 08:23:58.263 19825 19825 W ResourceType: For resource 0x7f150580, entry index(1408) is beyond type entryCount(281)
09-02 08:23:58.263 19825 19825 W ResourceType: For resource 0x7f15071e, entry index(1822) is beyond type entryCount(281)
09-02 08:23:58.263 19825 19825 W ResourceType: For resource 0x7f15017b, entry index(379) is beyond type entryCount(281)
09-02 08:23:58.263 19825 19825 W ResourceType: For resource 0x7f150283, entry index(643) is beyond type entryCount(281)
09-02 08:23:58.263 19825 19825 W ResourceType: For resource 0x7f1505a2, entry index(1442) is beyond type entryCount(281)
09-02 08:23:58.263 19825 19825 W ResourceType: For resource 0x7f1506f4, entry index(1780) is beyond type entryCount(281)
09-02 08:23:58.263 19825 19825 W ResourceType: For resource 0x7f150588, entry index(1416) is beyond type entryCount(281)
09-02 08:23:58.263 19825 19825 W ResourceType: For resource 0x7f15059f, entry index(1439) is beyond type entryCount(281)
09-02 08:23:58.263 19825 19825 W ResourceType: For resource 0x7f150649, entry index(1609) is beyond type entryCount(281)
09-02 08:23:58.263 19825 19825 W ResourceType: For resource 0x7f150442, entry index(1090) is beyond type entryCount(281)
09-02 08:23:58.263 19825 19825 W ResourceType: For resource 0x7f150718, entry index(1816) is beyond type entryCount(281)
09-02 08:23:58.263 19825 19825 W ResourceType: For resource 0x7f15017c, entry index(380) is beyond type entryCount(281)
09-02 08:23:58.263 19825 19825 W ResourceType: For resource 0x7f15059d, entry index(1437) is beyond type entryCount(281)
09-02 08:23:58.263 19825 19825 W ResourceType: For resource 0x7f15020a, entry index(522) is beyond type entryCount(281)
09-02 08:23:58.263 19825 19825 W ResourceType: For resource 0x7f150586, entry index(1414) is beyond type entryCount(281)
09-02 08:23:58.263 19825 19825 W ResourceType: For resource 0x7f15071c, entry index(1820) is beyond type entryCount(281)
09-02 08:23:58.263 19825 19825 W ResourceType: For resource 0x7f1502af, entry index(687) is beyond type entryCount(281)
09-02 08:23:58.263 19825 19825 W ResourceType: For resource 0x7f150274, entry index(628) is beyond type entryCount(281)
09-02 08:23:58.263 19825 19825 W ResourceType: For resource 0x7f150244, entry index(580) is beyond type entryCount(281)
09-02 08:23:58.263 19825 19825 W ResourceType: For resource 0x7f150274, entry index(628) is beyond type entryCount(281)
09-02 08:23:58.263 19825 19825 W ResourceType: For resource 0x7f150372, entry index(882) is beyond type entryCount(281)
09-02 08:23:58.263 19825 19825 W ResourceType: For resource 0x7f15035b, entry index(859) is beyond type entryCount(281)
09-02 08:23:58.263 19825 19825 W ResourceType: For resource 0x7f15035c, entry index(860) is beyond type entryCount(281)
09-02 08:23:58.263 19825 19825 W ResourceType: For resource 0x7f1502ad, entry index(685) is beyond type entryCount(281)
09-02 08:23:58.263 19825 19825 W ResourceType: For resource 0x7f150565, entry index(1381) is beyond type entryCount(281)
09-02 08:23:58.263 19825 19825 W ResourceType: For resource 0x7f150567, entry index(1383) is beyond type entryCount(281)
09-02 08:23:58.263 19825 19825 W ResourceType: For resource 0x7f150241, entry index(577) is beyond type entryCount(281)
09-02 08:23:58.264 19825 19825 I chatty  : uid=10158(u0_a158) identical 2 lines
09-02 08:23:58.264 19825 19825 W ResourceType: For resource 0x7f150241, entry index(577) is beyond type entryCount(281)
09-02 08:23:58.266 19825 19825 W ResourceType: For resource 0x7f1506f4, entry index(1780) is beyond type entryCount(281)
09-02 08:23:58.266 19825 19825 W ResourceType: For resource 0x7f1506f4, entry index(1780) is beyond type entryCount(281)
09-02 08:23:58.267 19825 19825 W ResourceType: For resource 0x7f150241, entry index(577) is beyond type entryCount(281)
09-02 08:23:58.267 19825 19825 W ResourceType: For resource 0x7f1506f4, entry index(1780) is beyond type entryCount(281)
09-02 08:23:58.267 19825 19825 I chatty  : uid=10158(u0_a158) identical 2 lines
09-02 08:23:58.267 19825 19825 W ResourceType: For resource 0x7f1506f4, entry index(1780) is beyond type entryCount(281)
09-02 08:23:58.269 19825 19825 W ResourceType: For resource 0x7f1502d5, entry index(725) is beyond type entryCount(281)
09-02 08:23:58.279 19825 19825 I chatty  : uid=10158(u0_a158) identical 3 lines
09-02 08:23:58.279 19825 19825 W ResourceType: For resource 0x7f1502d5, entry index(725) is beyond type entryCount(281)
09-02 08:23:58.291 19825 19825 W ResourceType: For resource 0x7f1504e5, entry index(1253) is beyond type entryCount(281)
09-02 08:23:58.292 19825 19825 I chatty  : uid=10158(u0_a158) identical 2 lines
09-02 08:23:58.295 19825 19825 W ResourceType: For resource 0x7f1504e5, entry index(1253) is beyond type entryCount(281)
09-02 08:23:58.306 19825 19825 W ResourceType: For resource 0x7f15027b, entry index(635) is beyond type entryCount(281)
09-02 08:23:58.306 19825 19825 W ResourceType: For resource 0x7f15027b, entry index(635) is beyond type entryCount(281)
09-02 08:23:58.306 19825 19825 W ResourceType: For resource 0x7f150278, entry index(632) is beyond type entryCount(281)
09-02 08:23:58.306 19825 19825 W ResourceType: For resource 0x7f1503d6, entry index(982) is beyond type entryCount(281)
09-02 08:23:58.306 19825 19825 W ResourceType: For resource 0x7f1503c1, entry index(961) is beyond type entryCount(281)
09-02 08:23:58.306 19825 19825 W ResourceType: For resource 0x7f15035f, entry index(863) is beyond type entryCount(281)
09-02 08:23:58.307 19825 19825 W ResourceType: For resource 0x7f15027b, entry index(635) is beyond type entryCount(281)
09-02 08:23:58.307 19825 19825 W ResourceType: For resource 0x7f15050e, entry index(1294) is beyond type entryCount(281)
09-02 08:23:58.307 19825 19825 W ResourceType: For resource 0x7f15061f, entry index(1567) is beyond type entryCount(281)
09-02 08:23:58.307 19825 19825 W ResourceType: For resource 0x7f15061f, entry index(1567) is beyond type entryCount(281)
09-02 08:23:58.307 19825 19825 W ResourceType: For resource 0x7f15058c, entry index(1420) is beyond type entryCount(281)
09-02 08:23:58.307 19825 19825 W ResourceType: For resource 0x7f150590, entry index(1424) is beyond type entryCount(281)
09-02 08:23:58.307 19825 19825 W ResourceType: For resource 0x7f15058e, entry index(1422) is beyond type entryCount(281)
09-02 08:23:58.307 19825 19825 W ResourceType: For resource 0x7f1504c3, entry index(1219) is beyond type entryCount(281)
09-02 08:23:58.307 19825 19825 W ResourceType: For resource 0x7f15059e, entry index(1438) is beyond type entryCount(281)
09-02 08:23:58.307 19825 19825 W ResourceType: For resource 0x7f150282, entry index(642) is beyond type entryCount(281)
09-02 08:23:58.307 19825 19825 W ResourceType: For resource 0x7f1504c3, entry index(1219) is beyond type entryCount(281)
09-02 08:23:58.307 19825 19825 W ResourceType: For resource 0x7f150719, entry index(1817) is beyond type entryCount(281)
09-02 08:23:58.307 19825 19825 W ResourceType: For resource 0x7f150578, entry index(1400) is beyond type entryCount(281)
09-02 08:23:58.307 19825 19825 W ResourceType: For resource 0x7f150284, entry index(644) is beyond type entryCount(281)
09-02 08:23:58.307 19825 19825 W ResourceType: For resource 0x7f150579, entry index(1401) is beyond type entryCount(281)
09-02 08:23:58.307 19825 19825 W ResourceType: For resource 0x7f1505e7, entry index(1511) is beyond type entryCount(281)
09-02 08:23:58.307 19825 19825 W ResourceType: For resource 0x7f15071e, entry index(1822) is beyond type entryCount(281)
09-02 08:23:58.307 19825 19825 I chatty  : uid=10158(u0_a158) identical 2 lines
09-02 08:23:58.307 19825 19825 W ResourceType: For resource 0x7f15071e, entry index(1822) is beyond type entryCount(281)
09-02 08:23:58.307 19825 19825 W ResourceType: For resource 0x7f150580, entry index(1408) is beyond type entryCount(281)
09-02 08:23:58.307 19825 19825 W ResourceType: For resource 0x7f15071e, entry index(1822) is beyond type entryCount(281)
09-02 08:23:58.307 19825 19825 W ResourceType: For resource 0x7f15017b, entry index(379) is beyond type entryCount(281)
09-02 08:23:58.307 19825 19825 W ResourceType: For resource 0x7f150283, entry index(643) is beyond type entryCount(281)
09-02 08:23:58.308 19825 19825 W ResourceType: For resource 0x7f1505a2, entry index(1442) is beyond type entryCount(281)
09-02 08:23:58.308 19825 19825 W ResourceType: For resource 0x7f1506f4, entry index(1780) is beyond type entryCount(281)
09-02 08:23:58.308 19825 19825 W ResourceType: For resource 0x7f150588, entry index(1416) is beyond type entryCount(281)
09-02 08:23:58.308 19825 19825 W ResourceType: For resource 0x7f15059f, entry index(1439) is beyond type entryCount(281)
09-02 08:23:58.308 19825 19825 W ResourceType: For resource 0x7f150649, entry index(1609) is beyond type entryCount(281)
09-02 08:23:58.308 19825 19825 W ResourceType: For resource 0x7f150442, entry index(1090) is beyond type entryCount(281)
09-02 08:23:58.308 19825 19825 W ResourceType: For resource 0x7f150718, entry index(1816) is beyond type entryCount(281)
09-02 08:23:58.308 19825 19825 W ResourceType: For resource 0x7f15017c, entry index(380) is beyond type entryCount(281)
09-02 08:23:58.308 19825 19825 W ResourceType: For resource 0x7f15059d, entry index(1437) is beyond type entryCount(281)
09-02 08:23:58.308 19825 19825 W ResourceType: For resource 0x7f15020a, entry index(522) is beyond type entryCount(281)
09-02 08:23:58.308 19825 19825 W ResourceType: For resource 0x7f150586, entry index(1414) is beyond type entryCount(281)
09-02 08:23:58.308 19825 19825 W ResourceType: For resource 0x7f15071c, entry index(1820) is beyond type entryCount(281)
09-02 08:23:58.308 19825 19825 W ResourceType: For resource 0x7f1502af, entry index(687) is beyond type entryCount(281)
09-02 08:23:58.308 19825 19825 W ResourceType: For resource 0x7f150274, entry index(628) is beyond type entryCount(281)
09-02 08:23:58.308 19825 19825 W ResourceType: For resource 0x7f150244, entry index(580) is beyond type entryCount(281)
09-02 08:23:58.308 19825 19825 W ResourceType: For resource 0x7f150274, entry index(628) is beyond type entryCount(281)
09-02 08:23:58.308 19825 19825 W ResourceType: For resource 0x7f150372, entry index(882) is beyond type entryCount(281)
09-02 08:23:58.308 19825 19825 W ResourceType: For resource 0x7f15035b, entry index(859) is beyond type entryCount(281)
09-02 08:23:58.308 19825 19825 W ResourceType: For resource 0x7f15035c, entry index(860) is beyond type entryCount(281)
09-02 08:23:58.308 19825 19825 W ResourceType: For resource 0x7f1502ad, entry index(685) is beyond type entryCount(281)
09-02 08:23:58.308 19825 19825 W ResourceType: For resource 0x7f150565, entry index(1381) is beyond type entryCount(281)
09-02 08:23:58.308 19825 19825 W ResourceType: For resource 0x7f150567, entry index(1383) is beyond type entryCount(281)
09-02 08:23:58.308 19825 19825 W ResourceType: For resource 0x7f15027b, entry index(635) is beyond type entryCount(281)
09-02 08:23:58.309 19825 19825 I chatty  : uid=10158(u0_a158) identical 4 lines
09-02 08:23:58.309 19825 19825 W ResourceType: For resource 0x7f15027b, entry index(635) is beyond type entryCount(281)
09-02 08:23:58.309 19825 19825 W ResourceType: For resource 0x7f150728, entry index(1832) is beyond type entryCount(281)
09-02 08:23:58.309 19825 19825 W ResourceType: For resource 0x7f150728, entry index(1832) is beyond type entryCount(281)
09-02 08:23:58.309 19825 19825 W ResourceType: For resource 0x7f15027b, entry index(635) is beyond type entryCount(281)
09-02 08:23:58.309 19825 19825 W ResourceType: For resource 0x7f150728, entry index(1832) is beyond type entryCount(281)
09-02 08:23:58.309 19825 19825 I chatty  : uid=10158(u0_a158) identical 3 lines
09-02 08:23:58.310 19825 19825 W ResourceType: For resource 0x7f150728, entry index(1832) is beyond type entryCount(281)
09-02 08:23:58.310 19825 19825 W ResourceType: For resource 0x7f1506f3, entry index(1779) is beyond type entryCount(281)
09-02 08:23:58.310 19825 19825 W ResourceType: For resource 0x7f150600, entry index(1536) is beyond type entryCount(281)
09-02 08:23:58.310 19825 19825 W ResourceType: For resource 0x7f150695, entry index(1685) is beyond type entryCount(281)
09-02 08:23:58.310 19825 19825 W ResourceType: For resource 0x7f150694, entry index(1684) is beyond type entryCount(281)
09-02 08:23:58.310 19825 19825 W ResourceType: For resource 0x7f1506c5, entry index(1733) is beyond type entryCount(281)
09-02 08:23:58.310 19825 19830 I zygote  : Do partial code cache collection, code=124KB, data=90KB
09-02 08:23:58.311 19825 19825 W ResourceType: For resource 0x7f1506f2, entry index(1778) is beyond type entryCount(281)
09-02 08:23:58.311 19825 19825 W ResourceType: For resource 0x7f150601, entry index(1537) is beyond type entryCount(281)
09-02 08:23:58.311 19825 19825 W ResourceType: For resource 0x7f150696, entry index(1686) is beyond type entryCount(281)
09-02 08:23:58.311 19825 19830 I zygote  : After code cache collection, code=111KB, data=85KB
09-02 08:23:58.311 19825 19830 I zygote  : Increasing code cache capacity to 512KB
09-02 08:23:58.317 19825 19825 W ResourceType: For resource 0x7f1506f3, entry index(1779) is beyond type entryCount(281)
09-02 08:23:58.317 19825 19825 W ResourceType: For resource 0x7f1506f2, entry index(1778) is beyond type entryCount(281)
09-02 08:23:58.317 19825 19825 W ResourceType: For resource 0x7f1506f3, entry index(1779) is beyond type entryCount(281)
09-02 08:23:58.317 19825 19825 W ResourceType: For resource 0x7f1506f2, entry index(1778) is beyond type entryCount(281)
09-02 08:23:58.317 19825 19825 W ResourceType: For resource 0x7f1506f3, entry index(1779) is beyond type entryCount(281)
09-02 08:23:58.317 19825 19825 W ResourceType: For resource 0x7f1506f2, entry index(1778) is beyond type entryCount(281)
09-02 08:23:58.317 19825 19825 W ResourceType: For resource 0x7f1506f3, entry index(1779) is beyond type entryCount(281)
09-02 08:23:58.317 19825 19825 W ResourceType: For resource 0x7f1506f2, entry index(1778) is beyond type entryCount(281)
09-02 08:23:58.320 19825 19825 W ResourceType: For resource 0x7f15027b, entry index(635) is beyond type entryCount(281)
09-02 08:23:58.320 19825 19825 W ResourceType: For resource 0x7f15027b, entry index(635) is beyond type entryCount(281)
09-02 08:23:58.320 19825 19825 W ResourceType: For resource 0x7f15050e, entry index(1294) is beyond type entryCount(281)
09-02 08:23:58.320 19825 19825 W ResourceType: For resource 0x7f15061f, entry index(1567) is beyond type entryCount(281)
09-02 08:23:58.320 19825 19825 W ResourceType: For resource 0x7f15061f, entry index(1567) is beyond type entryCount(281)
09-02 08:23:58.320 19825 19825 W ResourceType: For resource 0x7f15058c, entry index(1420) is beyond type entryCount(281)
09-02 08:23:58.320 19825 19825 W ResourceType: For resource 0x7f150590, entry index(1424) is beyond type entryCount(281)
09-02 08:23:58.320 19825 19825 W ResourceType: For resource 0x7f15058e, entry index(1422) is beyond type entryCount(281)
09-02 08:23:58.320 19825 19825 W ResourceType: For resource 0x7f1504c3, entry index(1219) is beyond type entryCount(281)
09-02 08:23:58.320 19825 19825 W ResourceType: For resource 0x7f15059e, entry index(1438) is beyond type entryCount(281)
09-02 08:23:58.320 19825 19825 W ResourceType: For resource 0x7f150282, entry index(642) is beyond type entryCount(281)
09-02 08:23:58.320 19825 19825 W ResourceType: For resource 0x7f1504c3, entry index(1219) is beyond type entryCount(281)
09-02 08:23:58.320 19825 19825 W ResourceType: For resource 0x7f150719, entry index(1817) is beyond type entryCount(281)
09-02 08:23:58.320 19825 19825 W ResourceType: For resource 0x7f150578, entry index(1400) is beyond type entryCount(281)
09-02 08:23:58.320 19825 19825 W ResourceType: For resource 0x7f150284, entry index(644) is beyond type entryCount(281)
09-02 08:23:58.320 19825 19825 W ResourceType: For resource 0x7f150579, entry index(1401) is beyond type entryCount(281)
09-02 08:23:58.320 19825 19825 W ResourceType: For resource 0x7f1505e7, entry index(1511) is beyond type entryCount(281)
09-02 08:23:58.320 19825 19825 W ResourceType: For resource 0x7f15071e, entry index(1822) is beyond type entryCount(281)
09-02 08:23:58.320 19825 19825 I chatty  : uid=10158(u0_a158) identical 2 lines
09-02 08:23:58.320 19825 19825 W ResourceType: For resource 0x7f15071e, entry index(1822) is beyond type entryCount(281)
09-02 08:23:58.320 19825 19825 W ResourceType: For resource 0x7f150580, entry index(1408) is beyond type entryCount(281)
09-02 08:23:58.320 19825 19825 W ResourceType: For resource 0x7f15071e, entry index(1822) is beyond type entryCount(281)
09-02 08:23:58.320 19825 19825 W ResourceType: For resource 0x7f15017b, entry index(379) is beyond type entryCount(281)
09-02 08:23:58.320 19825 19825 W ResourceType: For resource 0x7f150283, entry index(643) is beyond type entryCount(281)
09-02 08:23:58.321 19825 19825 W ResourceType: For resource 0x7f1505a2, entry index(1442) is beyond type entryCount(281)
09-02 08:23:58.321 19825 19825 W ResourceType: For resource 0x7f1506f4, entry index(1780) is beyond type entryCount(281)
09-02 08:23:58.321 19825 19825 W ResourceType: For resource 0x7f150588, entry index(1416) is beyond type entryCount(281)
09-02 08:23:58.321 19825 19825 W ResourceType: For resource 0x7f15059f, entry index(1439) is beyond type entryCount(281)
09-02 08:23:58.321 19825 19825 W ResourceType: For resource 0x7f150649, entry index(1609) is beyond type entryCount(281)
09-02 08:23:58.321 19825 19825 W ResourceType: For resource 0x7f150442, entry index(1090) is beyond type entryCount(281)
09-02 08:23:58.321 19825 19825 W ResourceType: For resource 0x7f150718, entry index(1816) is beyond type entryCount(281)
09-02 08:23:58.321 19825 19825 W ResourceType: For resource 0x7f15017c, entry index(380) is beyond type entryCount(281)
09-02 08:23:58.321 19825 19825 W ResourceType: For resource 0x7f15059d, entry index(1437) is beyond type entryCount(281)
09-02 08:23:58.321 19825 19825 W ResourceType: For resource 0x7f15020a, entry index(522) is beyond type entryCount(281)
09-02 08:23:58.321 19825 19825 W ResourceType: For resource 0x7f150586, entry index(1414) is beyond type entryCount(281)
