09-02 08:23:58.879 19825 19825 W ResourceType: For resource 0x7f150728, entry index(1832) is beyond type entryCount(281)
09-02 08:23:58.879 19825 19825 W ResourceType: For resource 0x7f1505bf, entry index(1471) is beyond type entryCount(281)
09-02 08:23:58.880 19825 19825 W ResourceType: For resource 0x7f150728, entry index(1832) is beyond type entryCount(281)
09-02 08:23:58.880 19825 19825 W ResourceType: For resource 0x7f150241, entry index(577) is beyond type entryCount(281)
09-02 08:23:58.880 19825 19825 W ResourceType: For resource 0x7f1505bf, entry index(1471) is beyond type entryCount(281)
09-02 08:23:58.880 19825 19825 W ResourceType: For resource 0x7f150728, entry index(1832) is beyond type entryCount(281)
09-02 08:23:58.880 19825 19825 W ResourceType: For resource 0x7f1505bf, entry index(1471) is beyond type entryCount(281)
09-02 08:23:58.880 19825 19825 W ResourceType: For resource 0x7f150728, entry index(1832) is beyond type entryCount(281)
09-02 08:23:58.880 19825 19825 W ResourceType: For resource 0x7f1505bf, entry index(1471) is beyond type entryCount(281)
09-02 08:23:58.880 19825 19825 W ResourceType: For resource 0x7f150728, entry index(1832) is beyond type entryCount(281)
09-02 08:23:58.880 19825 19825 W ResourceType: For resource 0x7f1505bf, entry index(1471) is beyond type entryCount(281)
09-02 08:23:58.880 19825 19825 W ResourceType: For resource 0x7f150728, entry index(1832) is beyond type entryCount(281)
09-02 08:23:58.880 19825 19825 W ResourceType: For resource 0x7f1505bf, entry index(1471) is beyond type entryCount(281)
09-02 08:23:58.880 19825 19825 W ResourceType: For resource 0x7f150728, entry index(1832) is beyond type entryCount(281)
09-02 08:23:58.880 19825 19825 W ResourceType: For resource 0x7f1505bf, entry index(1471) is beyond type entryCount(281)
09-02 08:23:58.880 19825 19825 W ResourceType: For resource 0x7f150728, entry index(1832) is beyond type entryCount(281)
09-02 08:23:58.881 19825 19825 W ResourceType: For resource 0x7f15050e, entry index(1294) is beyond type entryCount(281)
09-02 08:23:58.881 19825 19825 W ResourceType: For resource 0x7f15061f, entry index(1567) is beyond type entryCount(281)
09-02 08:23:58.881 19825 19825 W ResourceType: For resource 0x7f15061f, entry index(1567) is beyond type entryCount(281)
09-02 08:23:58.881 19825 19825 W ResourceType: For resource 0x7f15058c, entry index(1420) is beyond type entryCount(281)
09-02 08:23:58.881 19825 19825 W ResourceType: For resource 0x7f150590, entry index(1424) is beyond type entryCount(281)
09-02 08:23:58.881 19825 19825 W ResourceType: For resource 0x7f15058e, entry index(1422) is beyond type entryCount(281)
09-02 08:23:58.881 19825 19825 W ResourceType: For resource 0x7f1504c3, entry index(1219) is beyond type entryCount(281)
09-02 08:23:58.881 19825 19825 W ResourceType: For resource 0x7f15059e, entry index(1438) is beyond type entryCount(281)
09-02 08:23:58.881 19825 19825 W ResourceType: For resource 0x7f150282, entry index(642) is beyond type entryCount(281)
09-02 08:23:58.881 19825 19825 W ResourceType: For resource 0x7f1504c3, entry index(1219) is beyond type entryCount(281)
09-02 08:23:58.881 19825 19825 W ResourceType: For resource 0x7f150719, entry index(1817) is beyond type entryCount(281)
09-02 08:23:58.881 19825 19825 W ResourceType: For resource 0x7f150578, entry index(1400) is beyond type entryCount(281)
09-02 08:23:58.881 19825 19825 W ResourceType: For resource 0x7f150284, entry index(644) is beyond type entryCount(281)
09-02 08:23:58.881 19825 19825 W ResourceType: For resource 0x7f150579, entry index(1401) is beyond type entryCount(281)
09-02 08:23:58.881 19825 19825 W ResourceType: For resource 0x7f1505e7, entry index(1511) is beyond type entryCount(281)
09-02 08:23:58.881 19825 19825 W ResourceType: For resource 0x7f15071e, entry index(1822) is beyond type entryCount(281)
09-02 08:23:58.881 19825 19825 I chatty  : uid=10158(u0_a158) identical 2 lines
09-02 08:23:58.881 19825 19825 W ResourceType: For resource 0x7f15071e, entry index(1822) is beyond type entryCount(281)
09-02 08:23:58.881 19825 19825 W ResourceType: For resource 0x7f150580, entry index(1408) is beyond type entryCount(281)
09-02 08:23:58.881 19825 19825 W ResourceType: For resource 0x7f15071e, entry index(1822) is beyond type entryCount(281)
09-02 08:23:58.881 19825 19825 W ResourceType: For resource 0x7f15017b, entry index(379) is beyond type entryCount(281)
09-02 08:23:58.881 19825 19825 W ResourceType: For resource 0x7f150283, entry index(643) is beyond type entryCount(281)
09-02 08:23:58.881 19825 19825 W ResourceType: For resource 0x7f1505a2, entry index(1442) is beyond type entryCount(281)
09-02 08:23:58.881 19825 19825 W ResourceType: For resource 0x7f1506f4, entry index(1780) is beyond type entryCount(281)
09-02 08:23:58.881 19825 19825 W ResourceType: For resource 0x7f150588, entry index(1416) is beyond type entryCount(281)
09-02 08:23:58.881 19825 19825 W ResourceType: For resource 0x7f15059f, entry index(1439) is beyond type entryCount(281)
09-02 08:23:58.881 19825 19825 W ResourceType: For resource 0x7f150649, entry index(1609) is beyond type entryCount(281)
09-02 08:23:58.881 19825 19825 W ResourceType: For resource 0x7f150442, entry index(1090) is beyond type entryCount(281)
09-02 08:23:58.881 19825 19825 W ResourceType: For resource 0x7f150718, entry index(1816) is beyond type entryCount(281)
09-02 08:23:58.881 19825 19825 W ResourceType: For resource 0x7f15017c, entry index(380) is beyond type entryCount(281)
09-02 08:23:58.881 19825 19825 W ResourceType: For resource 0x7f15059d, entry index(1437) is beyond type entryCount(281)
09-02 08:23:58.881 19825 19825 W ResourceType: For resource 0x7f15020a, entry index(522) is beyond type entryCount(281)
09-02 08:23:58.881 19825 19825 W ResourceType: For resource 0x7f150586, entry index(1414) is beyond type entryCount(281)
09-02 08:23:58.881 19825 19825 W ResourceType: For resource 0x7f15071c, entry index(1820) is beyond type entryCount(281)
09-02 08:23:58.881 19825 19825 W ResourceType: For resource 0x7f1502af, entry index(687) is beyond type entryCount(281)
09-02 08:23:58.881 19825 19825 W ResourceType: For resource 0x7f150274, entry index(628) is beyond type entryCount(281)
09-02 08:23:58.881 19825 19825 W ResourceType: For resource 0x7f150244, entry index(580) is beyond type entryCount(281)
09-02 08:23:58.881 19825 19825 W ResourceType: For resource 0x7f150274, entry index(628) is beyond type entryCount(281)
09-02 08:23:58.881 19825 19825 W ResourceType: For resource 0x7f150372, entry index(882) is beyond type entryCount(281)
09-02 08:23:58.881 19825 19825 W ResourceType: For resource 0x7f15035b, entry index(859) is beyond type entryCount(281)
09-02 08:23:58.881 19825 19825 W ResourceType: For resource 0x7f15035c, entry index(860) is beyond type entryCount(281)
09-02 08:23:58.881 19825 19825 W ResourceType: For resource 0x7f1502ad, entry index(685) is beyond type entryCount(281)
09-02 08:23:58.881 19825 19825 W ResourceType: For resource 0x7f150565, entry index(1381) is beyond type entryCount(281)
09-02 08:23:58.881 19825 19825 W ResourceType: For resource 0x7f150567, entry index(1383) is beyond type entryCount(281)
09-02 08:23:58.882 19825 19825 W ResourceType: For resource 0x7f1505bd, entry index(1469) is beyond type entryCount(281)
09-02 08:23:58.882 19825 19825 I chatty  : uid=10158(u0_a158) identical 6 lines
09-02 08:23:58.882 19825 19825 W ResourceType: For resource 0x7f1505bd, entry index(1469) is beyond type entryCount(281)
09-02 08:23:58.888  3979  5979 D ConnectivityService: filterNetworkStateForUid() uid: 10158 networkInfo: [type: WIFI[] - WIFI, state: CONNECTED/CONNECTED, reason: (unspecified), extra: "WiFi 69", failover: false, available: true, roaming: false, metered: false]
09-02 08:23:58.897  3979  9878 D PackageManager: setEnabledSetting : userId = 0 packageName = com.opera.browser cmp = com.opera.android.readlater.MigrationBroadcastReceiver newState = 2 callingPackage = 10158/com.opera.browser
09-02 08:23:58.899  3979  3994 D ConnectivityService: filterNetworkStateForUid() uid: 1000 networkInfo: [type: WIFI[] - WIFI, state: CONNECTED/CONNECTED, reason: (unspecified), extra: "WiFi 69", failover: false, available: true, roaming: false, metered: false]
09-02 08:23:58.911  3979  3994 D ConnectivityService: filterNetworkStateForUid() uid: 1000 networkInfo: [type: WIFI[] - WIFI, state: CONNECTED/CONNECTED, reason: (unspecified), extra: "WiFi 69", failover: false, available: true, roaming: false, metered: false]
09-02 08:23:58.917  3979  3994 D SyncManager: failed sync operation JobId: 109703, com.opera.browser u0 (com.opera.browser.ping), com.opera.browser.ping.provider, SERVER, reason: 10158, SyncResult: delayUntil: 1693643038 stats [ numIoExceptions: 1]
09-02 08:23:58.918  3979  3994 D ConnectivityService: filterNetworkStateForUid() uid: 10158 networkInfo: [type: WIFI[] - WIFI, state: CONNECTED/CONNECTED, reason: (unspecified), extra: "WiFi 69", failover: false, available: true, roaming: false, metered: false]
09-02 08:23:58.921  3979  3994 D SamsungAlarmManager: setInexact Listener (T:2/F:0/AC:false) 20230902T082431 - CU:1000/CP:3979
09-02 08:23:58.921  3979  3994 I SamsungAlarmManager: setLocked to kernel - T:2 / 20230902T082431, SetElapsed=81052539, nowELAPSED=81020353
09-02 08:23:58.925  3979  3994 I SamsungAlarmManager: setLocked to kernel - T:2 / 20230902T082606, SetElapsed=81148238, nowELAPSED=81020357
09-02 08:23:58.925  3979  3994 D SamsungAlarmManager: setInexact Listener (T:2/F:0/AC:false) 20230902T082705 - CU:1000/CP:3979
09-02 08:23:58.927  3979  3994 D SamsungAlarmManager: setInexact Listener (T:2/F:0/AC:false) 20230902T083250 - CU:1000/CP:3979
09-02 08:23:58.947 19825 19830 I zygote  : Do full code cache collection, code=251KB, data=209KB
09-02 08:23:58.948  3979  5979 V WindowManager: Relayout Window{fe57305 u0 com.opera.browser/com.opera.Opera}: viewVisibility=0 req=720x1280 WM.LayoutParams{(0,0)(fillxfill) sim=#10 ty=1 fl=#89810100 pfl=0x20000 wanim=0x10302fd vsysui=0x700 needsMenuKey=2 colorMode=0 naviIconColor=0}
09-02 08:23:58.948 19825 19830 I zygote  : After code cache collection, code=221KB, data=152KB
09-02 08:23:58.949  3979  3996 D WindowManager: set systemUiVisibility : systemUiFlags= 0x708 fullscreenStackSysUiFlags= 0x0
09-02 08:23:58.952 19825 19825 D ViewRootImpl@bf9aa7e[Opera]: Relayout returned: old=[0,0][720,1280] new=[0,0][720,1280] result=0x1 surface={valid=true 3289163776} changed=false
09-02 08:23:58.953  3979  5925 D WindowManager: adjustSystemUiVisibilityLw : vis= 0x708
09-02 08:23:58.955 19825 19825 W View    : requestLayout() improperly called by android.widget.FrameLayout{868d6f5 VFE...C.. ......ID 236,999-713,1175 #7f0a01ca app:id/content} during layout: running second layout pass
09-02 08:23:58.955 19825 19825 I ViewRootImpl@bf9aa7e[Opera]: requestLayout is already in process
09-02 08:23:58.957  3979  3994 D ConnectivityService: filterNetworkStateForUid() uid: 1000 networkInfo: [type: WIFI[] - WIFI, state: CONNECTED/CONNECTED, reason: (unspecified), extra: "WiFi 69", failover: false, available: true, roaming: false, metered: false]
09-02 08:23:58.967  3979  3994 D ConnectivityService: filterNetworkStateForUid() uid: 10158 networkInfo: [type: WIFI[] - WIFI, state: CONNECTED/CONNECTED, reason: (unspecified), extra: "WiFi 69", failover: false, available: true, roaming: false, metered: false]
09-02 08:23:58.974  7505 13783 I Finsky  : [2229] ncc.l(14): com.opera.browser: Account determined from installer data - [U-iik75Til66Sqc4rcg2VQIPTcVEABCt30QhmAx4030]
09-02 08:23:58.991  7505 13783 I Finsky  : [2229] ncc.l(61): Billing preferred account via installer for com.opera.browser: [U-iik75Til66Sqc4rcg2VQIPTcVEABCt30QhmAx4030]
09-02 08:23:58.994  3979  4003 W StorageManager: getStorageFullBytes DEFAULT_FULL_THRESHOLD_BYTES : 20971520, threadhold : 20971520
09-02 08:23:58.994  3979  4003 W StorageManager: getStorageLowBytes lowPercent : 5, lowBytes : 1260145254, maxLowBytes : 524288000
09-02 08:23:58.996  3979  4003 W DeviceStorageMonitorService: updateBroadcasts(/data) oldLevel:0, newLevel:0, seq:1
09-02 08:23:58.996 19825 19830 I zygote  : Do partial code cache collection, code=232KB, data=175KB
09-02 08:23:58.996  3979  4003 W DeviceStorageMonitorService: updateBroadcasts_filenode(/data) fn_oldLevel:0, fn_newLevel:0, seq:1
09-02 08:23:58.996 19825 19830 I zygote  : After code cache collection, code=228KB, data=173KB
09-02 08:23:58.996 19825 19830 I zygote  : Increasing code cache capacity to 1024KB
09-02 08:23:59.002  7505 13783 W Finsky  : [2229] hgm.i(10): Unsupported billing API version: 19
09-02 08:23:59.008  7505 13783 I Finsky  : [2229] ncc.l(14): com.opera.browser: Account determined from installer data - [U-iik75Til66Sqc4rcg2VQIPTcVEABCt30QhmAx4030]
09-02 08:23:59.009  7505 13783 I Finsky  : [2229] ncc.l(61): Billing preferred account via installer for com.opera.browser: [U-iik75Til66Sqc4rcg2VQIPTcVEABCt30QhmAx4030]
09-02 08:23:59.011  7505 13783 W Finsky  : [2229] hgm.i(10): Unsupported billing API version: 18
09-02 08:23:59.015  7505 13783 I Finsky  : [2229] ncc.l(14): com.opera.browser: Account determined from installer data - [U-iik75Til66Sqc4rcg2VQIPTcVEABCt30QhmAx4030]
09-02 08:23:59.016  7505 13783 I Finsky  : [2229] ncc.l(61): Billing preferred account via installer for com.opera.browser: [U-iik75Til66Sqc4rcg2VQIPTcVEABCt30QhmAx4030]
09-02 08:23:59.021  7505 13783 I Finsky  : [2229] ncc.l(14): com.opera.browser: Account determined from installer data - [U-iik75Til66Sqc4rcg2VQIPTcVEABCt30QhmAx4030]
09-02 08:23:59.022  7505 13783 I Finsky  : [2229] ncc.l(61): Billing preferred account via installer for com.opera.browser: [U-iik75Til66Sqc4rcg2VQIPTcVEABCt30QhmAx4030]
09-02 08:23:59.025  7505 13783 W Finsky  : [2229] hgm.i(10): Unsupported billing API version: 19
09-02 08:23:59.031  7505  7526 I Finsky  : [2053] ncc.l(14): com.opera.browser: Account determined from installer data - [U-iik75Til66Sqc4rcg2VQIPTcVEABCt30QhmAx4030]
09-02 08:23:59.032  7505  7526 I Finsky  : [2053] ncc.l(61): Billing preferred account via installer for com.opera.browser: [U-iik75Til66Sqc4rcg2VQIPTcVEABCt30QhmAx4030]
09-02 08:23:59.034  7505  7526 W Finsky  : [2053] hgm.i(10): Unsupported billing API version: 18
09-02 08:23:59.036  7505  7526 I Finsky  : [2053] ncc.l(14): com.opera.browser: Account determined from installer data - [U-iik75Til66Sqc4rcg2VQIPTcVEABCt30QhmAx4030]
09-02 08:23:59.038  7505  7526 I Finsky  : [2053] ncc.l(61): Billing preferred account via installer for com.opera.browser: [U-iik75Til66Sqc4rcg2VQIPTcVEABCt30QhmAx4030]
09-02 08:23:59.048  7505  7526 I Finsky  : [2053] ncc.l(14): com.opera.browser: Account determined from installer data - [U-iik75Til66Sqc4rcg2VQIPTcVEABCt30QhmAx4030]
09-02 08:23:59.050  7505  7526 I Finsky  : [2053] ncc.l(61): Billing preferred account via installer for com.opera.browser: [U-iik75Til66Sqc4rcg2VQIPTcVEABCt30QhmAx4030]
09-02 08:23:59.050 19825 19825 W ResourceType: For resource 0x7f15027b, entry index(635) is beyond type entryCount(281)
09-02 08:23:59.050 19825 19825 W ResourceType: For resource 0x7f15027b, entry index(635) is beyond type entryCount(281)
09-02 08:23:59.051 19825 19825 W ResourceType: For resource 0x7f15050e, entry index(1294) is beyond type entryCount(281)
09-02 08:23:59.051 19825 19825 W ResourceType: For resource 0x7f15061f, entry index(1567) is beyond type entryCount(281)
09-02 08:23:59.051 19825 19825 W ResourceType: For resource 0x7f15061f, entry index(1567) is beyond type entryCount(281)
09-02 08:23:59.051 19825 19825 W ResourceType: For resource 0x7f15058c, entry index(1420) is beyond type entryCount(281)
09-02 08:23:59.051 19825 19825 W ResourceType: For resource 0x7f150590, entry index(1424) is beyond type entryCount(281)
09-02 08:23:59.051 19825 19825 W ResourceType: For resource 0x7f15058e, entry index(1422) is beyond type entryCount(281)
09-02 08:23:59.051 19825 19825 W ResourceType: For resource 0x7f1504c3, entry index(1219) is beyond type entryCount(281)
09-02 08:23:59.051 19825 19825 W ResourceType: For resource 0x7f15059e, entry index(1438) is beyond type entryCount(281)
09-02 08:23:59.051 19825 19825 W ResourceType: For resource 0x7f150282, entry index(642) is beyond type entryCount(281)
09-02 08:23:59.051 19825 19825 W ResourceType: For resource 0x7f1504c3, entry index(1219) is beyond type entryCount(281)
09-02 08:23:59.051 19825 19825 W ResourceType: For resource 0x7f150719, entry index(1817) is beyond type entryCount(281)
09-02 08:23:59.051 19825 19825 W ResourceType: For resource 0x7f150578, entry index(1400) is beyond type entryCount(281)
09-02 08:23:59.051 19825 19825 W ResourceType: For resource 0x7f150284, entry index(644) is beyond type entryCount(281)
09-02 08:23:59.051 19825 19825 W ResourceType: For resource 0x7f150579, entry index(1401) is beyond type entryCount(281)
09-02 08:23:59.051 19825 19825 W ResourceType: For resource 0x7f1505e7, entry index(1511) is beyond type entryCount(281)
09-02 08:23:59.051 19825 19825 W ResourceType: For resource 0x7f15071e, entry index(1822) is beyond type entryCount(281)
09-02 08:23:59.051 19825 19825 I chatty  : uid=10158(u0_a158) identical 2 lines
09-02 08:23:59.051 19825 19825 W ResourceType: For resource 0x7f15071e, entry index(1822) is beyond type entryCount(281)
09-02 08:23:59.051 19825 19825 W ResourceType: For resource 0x7f150580, entry index(1408) is beyond type entryCount(281)
09-02 08:23:59.051 19825 19825 W ResourceType: For resource 0x7f15071e, entry index(1822) is beyond type entryCount(281)
09-02 08:23:59.051 19825 19825 W ResourceType: For resource 0x7f15017b, entry index(379) is beyond type entryCount(281)
09-02 08:23:59.051 19825 19825 W ResourceType: For resource 0x7f150283, entry index(643) is beyond type entryCount(281)
09-02 08:23:59.051 19825 19825 W ResourceType: For resource 0x7f1505a2, entry index(1442) is beyond type entryCount(281)
09-02 08:23:59.051 19825 19825 W ResourceType: For resource 0x7f1506f4, entry index(1780) is beyond type entryCount(281)
09-02 08:23:59.051 19825 19825 W ResourceType: For resource 0x7f150588, entry index(1416) is beyond type entryCount(281)
09-02 08:23:59.051 19825 19825 W ResourceType: For resource 0x7f15059f, entry index(1439) is beyond type entryCount(281)
09-02 08:23:59.051 19825 19825 W ResourceType: For resource 0x7f150649, entry index(1609) is beyond type entryCount(281)
09-02 08:23:59.051 19825 19825 W ResourceType: For resource 0x7f150442, entry index(1090) is beyond type entryCount(281)
09-02 08:23:59.051 19825 19825 W ResourceType: For resource 0x7f150718, entry index(1816) is beyond type entryCount(281)
09-02 08:23:59.051 19825 19825 W ResourceType: For resource 0x7f15017c, entry index(380) is beyond type entryCount(281)
09-02 08:23:59.051 19825 19825 W ResourceType: For resource 0x7f15059d, entry index(1437) is beyond type entryCount(281)
09-02 08:23:59.051 19825 19825 W ResourceType: For resource 0x7f15020a, entry index(522) is beyond type entryCount(281)
09-02 08:23:59.051 19825 19825 W ResourceType: For resource 0x7f150586, entry index(1414) is beyond type entryCount(281)
09-02 08:23:59.051 19825 19825 W ResourceType: For resource 0x7f15071c, entry index(1820) is beyond type entryCount(281)
09-02 08:23:59.051 19825 19825 W ResourceType: For resource 0x7f1502af, entry index(687) is beyond type entryCount(281)
09-02 08:23:59.051 19825 19825 W ResourceType: For resource 0x7f150274, entry index(628) is beyond type entryCount(281)
09-02 08:23:59.051 19825 19825 W ResourceType: For resource 0x7f150244, entry index(580) is beyond type entryCount(281)
09-02 08:23:59.051 19825 19825 W ResourceType: For resource 0x7f150274, entry index(628) is beyond type entryCount(281)
09-02 08:23:59.051 19825 19825 W ResourceType: For resource 0x7f150372, entry index(882) is beyond type entryCount(281)
09-02 08:23:59.051 19825 19825 W ResourceType: For resource 0x7f15035b, entry index(859) is beyond type entryCount(281)
09-02 08:23:59.051 19825 19825 W ResourceType: For resource 0x7f15035c, entry index(860) is beyond type entryCount(281)
09-02 08:23:59.051 19825 19825 W ResourceType: For resource 0x7f1502ad, entry index(685) is beyond type entryCount(281)
09-02 08:23:59.051 19825 19825 W ResourceType: For resource 0x7f150565, entry index(1381) is beyond type entryCount(281)
09-02 08:23:59.051 19825 19825 W ResourceType: For resource 0x7f150567, entry index(1383) is beyond type entryCount(281)
09-02 08:23:59.051 19825 19825 W ResourceType: For resource 0x7f15027b, entry index(635) is beyond type entryCount(281)
09-02 08:23:59.052 19825 19825 I chatty  : uid=10158(u0_a158) identical 3 lines
09-02 08:23:59.052 19825 19825 W ResourceType: For resource 0x7f15027b, entry index(635) is beyond type entryCount(281)
09-02 08:23:59.052 19825 19825 W ResourceType: For resource 0x7f150728, entry index(1832) is beyond type entryCount(281)
09-02 08:23:59.053 19825 19825 I chatty  : uid=10158(u0_a158) identical 10 lines
09-02 08:23:59.053 19825 19825 W ResourceType: For resource 0x7f150728, entry index(1832) is beyond type entryCount(281)
09-02 08:23:59.055 19825 19825 W ResourceType: For resource 0x7f15027b, entry index(635) is beyond type entryCount(281)
09-02 08:23:59.055 19825 19825 W ResourceType: For resource 0x7f15027b, entry index(635) is beyond type entryCount(281)
09-02 08:23:59.055 19825 19825 W ResourceType: For resource 0x7f15050e, entry index(1294) is beyond type entryCount(281)
09-02 08:23:59.055 19825 19825 W ResourceType: For resource 0x7f15061f, entry index(1567) is beyond type entryCount(281)
09-02 08:23:59.055 19825 19825 W ResourceType: For resource 0x7f15061f, entry index(1567) is beyond type entryCount(281)
09-02 08:23:59.055 19825 19825 W ResourceType: For resource 0x7f15058c, entry index(1420) is beyond type entryCount(281)
09-02 08:23:59.055 19825 19825 W ResourceType: For resource 0x7f150590, entry index(1424) is beyond type entryCount(281)
09-02 08:23:59.055 19825 19825 W ResourceType: For resource 0x7f15058e, entry index(1422) is beyond type entryCount(281)
09-02 08:23:59.055 19825 19825 W ResourceType: For resource 0x7f1504c3, entry index(1219) is beyond type entryCount(281)
09-02 08:23:59.055 19825 19825 W ResourceType: For resource 0x7f15059e, entry index(1438) is beyond type entryCount(281)
09-02 08:23:59.055 19825 19825 W ResourceType: For resource 0x7f150282, entry index(642) is beyond type entryCount(281)
09-02 08:23:59.055 19825 19825 W ResourceType: For resource 0x7f1504c3, entry index(1219) is beyond type entryCount(281)
09-02 08:23:59.055 19825 19825 W ResourceType: For resource 0x7f150719, entry index(1817) is beyond type entryCount(281)
09-02 08:23:59.055 19825 19825 W ResourceType: For resource 0x7f150578, entry index(1400) is beyond type entryCount(281)
09-02 08:23:59.055 19825 19825 W ResourceType: For resource 0x7f150284, entry index(644) is beyond type entryCount(281)
09-02 08:23:59.055 19825 19825 W ResourceType: For resource 0x7f150579, entry index(1401) is beyond type entryCount(281)
09-02 08:23:59.055 19825 19825 W ResourceType: For resource 0x7f1505e7, entry index(1511) is beyond type entryCount(281)
09-02 08:23:59.055 19825 19825 W ResourceType: For resource 0x7f15071e, entry index(1822) is beyond type entryCount(281)
09-02 08:23:59.055 19825 19825 I chatty  : uid=10158(u0_a158) identical 2 lines
09-02 08:23:59.055 19825 19825 W ResourceType: For resource 0x7f15071e, entry index(1822) is beyond type entryCount(281)
09-02 08:23:59.055 19825 19825 W ResourceType: For resource 0x7f150580, entry index(1408) is beyond type entryCount(281)
09-02 08:23:59.056 19825 19825 W ResourceType: For resource 0x7f15071e, entry index(1822) is beyond type entryCount(281)
09-02 08:23:59.056 19825 19825 W ResourceType: For resource 0x7f15017b, entry index(379) is beyond type entryCount(281)
09-02 08:23:59.056 19825 19825 W ResourceType: For resource 0x7f150283, entry index(643) is beyond type entryCount(281)
09-02 08:23:59.056 19825 19825 W ResourceType: For resource 0x7f1505a2, entry index(1442) is beyond type entryCount(281)
09-02 08:23:59.056 19825 19825 W ResourceType: For resource 0x7f1506f4, entry index(1780) is beyond type entryCount(281)
09-02 08:23:59.056 19825 19825 W ResourceType: For resource 0x7f150588, entry index(1416) is beyond type entryCount(281)
09-02 08:23:59.056 19825 19825 W ResourceType: For resource 0x7f15059f, entry index(1439) is beyond type entryCount(281)
09-02 08:23:59.056 19825 19825 W ResourceType: For resource 0x7f150649, entry index(1609) is beyond type entryCount(281)
09-02 08:23:59.056 19825 19825 W ResourceType: For resource 0x7f150442, entry index(1090) is beyond type entryCount(281)
09-02 08:23:59.056 19825 19825 W ResourceType: For resource 0x7f150718, entry index(1816) is beyond type entryCount(281)
09-02 08:23:59.056 19825 19825 W ResourceType: For resource 0x7f15017c, entry index(380) is beyond type entryCount(281)
09-02 08:23:59.056 19825 19825 W ResourceType: For resource 0x7f15059d, entry index(1437) is beyond type entryCount(281)
09-02 08:23:59.056 19825 19825 W ResourceType: For resource 0x7f15020a, entry index(522) is beyond type entryCount(281)
09-02 08:23:59.056 19825 19825 W ResourceType: For resource 0x7f150586, entry index(1414) is beyond type entryCount(281)
09-02 08:23:59.056 19825 19825 W ResourceType: For resource 0x7f15071c, entry index(1820) is beyond type entryCount(281)
09-02 08:23:59.056 19825 19825 W ResourceType: For resource 0x7f1502af, entry index(687) is beyond type entryCount(281)
09-02 08:23:59.056 19825 19825 W ResourceType: For resource 0x7f150274, entry index(628) is beyond type entryCount(281)
09-02 08:23:59.056 19825 19825 W ResourceType: For resource 0x7f150244, entry index(580) is beyond type entryCount(281)
09-02 08:23:59.056 19825 19825 W ResourceType: For resource 0x7f150274, entry index(628) is beyond type entryCount(281)
09-02 08:23:59.056 19825 19825 W ResourceType: For resource 0x7f150372, entry index(882) is beyond type entryCount(281)
09-02 08:23:59.056 19825 19825 W ResourceType: For resource 0x7f15035b, entry index(859) is beyond type entryCount(281)
09-02 08:23:59.056 19825 19825 W ResourceType: For resource 0x7f15035c, entry index(860) is beyond type entryCount(281)
09-02 08:23:59.056 19825 19825 W ResourceType: For resource 0x7f1502ad, entry index(685) is beyond type entryCount(281)
09-02 08:23:59.056 19825 19825 W ResourceType: For resource 0x7f150565, entry index(1381) is beyond type entryCount(281)
09-02 08:23:59.056 19825 19825 W ResourceType: For resource 0x7f150567, entry index(1383) is beyond type entryCount(281)
09-02 08:23:59.056 19825 19825 W ResourceType: For resource 0x7f15027b, entry index(635) is beyond type entryCount(281)
09-02 08:23:59.056 19825 19825 I chatty  : uid=10158(u0_a158) identical 3 lines
09-02 08:23:59.057 19825 19825 W ResourceType: For resource 0x7f15027b, entry index(635) is beyond type entryCount(281)
09-02 08:23:59.057 19825 19825 W ResourceType: For resource 0x7f150728, entry index(1832) is beyond type entryCount(281)
09-02 08:23:59.057 19825 19825 I chatty  : uid=10158(u0_a158) identical 10 lines
09-02 08:23:59.057 19825 19825 W ResourceType: For resource 0x7f150728, entry index(1832) is beyond type entryCount(281)
09-02 08:23:59.059 19825 19825 W ResourceType: For resource 0x7f15027b, entry index(635) is beyond type entryCount(281)
09-02 08:23:59.059 19825 19825 W ResourceType: For resource 0x7f15027b, entry index(635) is beyond type entryCount(281)
09-02 08:23:59.059 19825 19825 W ResourceType: For resource 0x7f15050e, entry index(1294) is beyond type entryCount(281)
09-02 08:23:59.059 19825 19825 W ResourceType: For resource 0x7f15061f, entry index(1567) is beyond type entryCount(281)
09-02 08:23:59.059 19825 19825 W ResourceType: For resource 0x7f15061f, entry index(1567) is beyond type entryCount(281)
09-02 08:23:59.059 19825 19825 W ResourceType: For resource 0x7f15058c, entry index(1420) is beyond type entryCount(281)
09-02 08:23:59.059 19825 19825 W ResourceType: For resource 0x7f150590, entry index(1424) is beyond type entryCount(281)
09-02 08:23:59.059 19825 19825 W ResourceType: For resource 0x7f15058e, entry index(1422) is beyond type entryCount(281)
09-02 08:23:59.059 19825 19825 W ResourceType: For resource 0x7f1504c3, entry index(1219) is beyond type entryCount(281)
09-02 08:23:59.059 19825 19825 W ResourceType: For resource 0x7f15059e, entry index(1438) is beyond type entryCount(281)
09-02 08:23:59.059 19825 19825 W ResourceType: For resource 0x7f150282, entry index(642) is beyond type entryCount(281)
09-02 08:23:59.059 19825 19825 W ResourceType: For resource 0x7f1504c3, entry index(1219) is beyond type entryCount(281)
09-02 08:23:59.059 19825 19825 W ResourceType: For resource 0x7f150719, entry index(1817) is beyond type entryCount(281)
09-02 08:23:59.059 19825 19825 W ResourceType: For resource 0x7f150578, entry index(1400) is beyond type entryCount(281)
09-02 08:23:59.059 19825 19825 W ResourceType: For resource 0x7f150284, entry index(644) is beyond type entryCount(281)
09-02 08:23:59.059 19825 19825 W ResourceType: For resource 0x7f150579, entry index(1401) is beyond type entryCount(281)
09-02 08:23:59.059 19825 19825 W ResourceType: For resource 0x7f1505e7, entry index(1511) is beyond type entryCount(281)
09-02 08:23:59.059 19825 19825 W ResourceType: For resource 0x7f15071e, entry index(1822) is beyond type entryCount(281)
09-02 08:23:59.059 19825 19825 I chatty  : uid=10158(u0_a158) identical 2 lines
09-02 08:23:59.059 19825 19825 W ResourceType: For resource 0x7f15071e, entry index(1822) is beyond type entryCount(281)
09-02 08:23:59.059 19825 19825 W ResourceType: For resource 0x7f150580, entry index(1408) is beyond type entryCount(281)
09-02 08:23:59.059 19825 19825 W ResourceType: For resource 0x7f15071e, entry index(1822) is beyond type entryCount(281)
09-02 08:23:59.059 19825 19825 W ResourceType: For resource 0x7f15017b, entry index(379) is beyond type entryCount(281)
09-02 08:23:59.059 19825 19825 W ResourceType: For resource 0x7f150283, entry index(643) is beyond type entryCount(281)
09-02 08:23:59.059 19825 19825 W ResourceType: For resource 0x7f1505a2, entry index(1442) is beyond type entryCount(281)
09-02 08:23:59.059 19825 19825 W ResourceType: For resource 0x7f1506f4, entry index(1780) is beyond type entryCount(281)
09-02 08:23:59.059 19825 19825 W ResourceType: For resource 0x7f150588, entry index(1416) is beyond type entryCount(281)
09-02 08:23:59.059 19825 19825 W ResourceType: For resource 0x7f15059f, entry index(1439) is beyond type entryCount(281)
09-02 08:23:59.059 19825 19825 W ResourceType: For resource 0x7f150649, entry index(1609) is beyond type entryCount(281)
09-02 08:23:59.060 19825 19825 W ResourceType: For resource 0x7f150442, entry index(1090) is beyond type entryCount(281)
09-02 08:23:59.060 19825 19825 W ResourceType: For resource 0x7f150718, entry index(1816) is beyond type entryCount(281)
09-02 08:23:59.060 19825 19825 W ResourceType: For resource 0x7f15017c, entry index(380) is beyond type entryCount(281)
09-02 08:23:59.060 19825 19825 W ResourceType: For resource 0x7f15059d, entry index(1437) is beyond type entryCount(281)
09-02 08:23:59.060 19825 19825 W ResourceType: For resource 0x7f15020a, entry index(522) is beyond type entryCount(281)
09-02 08:23:59.060 19825 19825 W ResourceType: For resource 0x7f150586, entry index(1414) is beyond type entryCount(281)
09-02 08:23:59.060 19825 19825 W ResourceType: For resource 0x7f15071c, entry index(1820) is beyond type entryCount(281)
09-02 08:23:59.060 19825 19825 W ResourceType: For resource 0x7f1502af, entry index(687) is beyond type entryCount(281)
09-02 08:23:59.060 19825 19825 W ResourceType: For resource 0x7f150274, entry index(628) is beyond type entryCount(281)
09-02 08:23:59.060 19825 19825 W ResourceType: For resource 0x7f150244, entry index(580) is beyond type entryCount(281)
09-02 08:23:59.060 19825 19825 W ResourceType: For resource 0x7f150274, entry index(628) is beyond type entryCount(281)
09-02 08:23:59.060 19825 19825 W ResourceType: For resource 0x7f150372, entry index(882) is beyond type entryCount(281)
09-02 08:23:59.060 19825 19825 W ResourceType: For resource 0x7f15035b, entry index(859) is beyond type entryCount(281)
09-02 08:23:59.060 19825 19825 W ResourceType: For resource 0x7f15035c, entry index(860) is beyond type entryCount(281)
09-02 08:23:59.060 19825 19825 W ResourceType: For resource 0x7f1502ad, entry index(685) is beyond type entryCount(281)
09-02 08:23:59.060 19825 19825 W ResourceType: For resource 0x7f150565, entry index(1381) is beyond type entryCount(281)
09-02 08:23:59.060 19825 19825 W ResourceType: For resource 0x7f150567, entry index(1383) is beyond type entryCount(281)
09-02 08:23:59.060 19825 19825 W ResourceType: For resource 0x7f15027b, entry index(635) is beyond type entryCount(281)
09-02 08:23:59.060 19825 19825 I chatty  : uid=10158(u0_a158) identical 3 lines
09-02 08:23:59.060 19825 19825 W ResourceType: For resource 0x7f15027b, entry index(635) is beyond type entryCount(281)
09-02 08:23:59.061 19825 19825 W ResourceType: For resource 0x7f150728, entry index(1832) is beyond type entryCount(281)
09-02 08:23:59.061 19825 19825 I chatty  : uid=10158(u0_a158) identical 10 lines
09-02 08:23:59.061 19825 19825 W ResourceType: For resource 0x7f150728, entry index(1832) is beyond type entryCount(281)
09-02 08:23:59.062 19825 19825 W ResourceType: For resource 0x7f15027b, entry index(635) is beyond type entryCount(281)
09-02 08:23:59.062 19825 19825 W ResourceType: For resource 0x7f15027b, entry index(635) is beyond type entryCount(281)
09-02 08:23:59.063 19825 19825 W ResourceType: For resource 0x7f15050e, entry index(1294) is beyond type entryCount(281)
09-02 08:23:59.063 19825 19825 W ResourceType: For resource 0x7f15061f, entry index(1567) is beyond type entryCount(281)
09-02 08:23:59.063 19825 19825 W ResourceType: For resource 0x7f15061f, entry index(1567) is beyond type entryCount(281)
09-02 08:23:59.063 19825 19825 W ResourceType: For resource 0x7f15058c, entry index(1420) is beyond type entryCount(281)
09-02 08:23:59.063 19825 19825 W ResourceType: For resource 0x7f150590, entry index(1424) is beyond type entryCount(281)
09-02 08:23:59.063 19825 19825 W ResourceType: For resource 0x7f15058e, entry index(1422) is beyond type entryCount(281)
09-02 08:23:59.063 19825 19825 W ResourceType: For resource 0x7f1504c3, entry index(1219) is beyond type entryCount(281)
09-02 08:23:59.063 19825 19825 W ResourceType: For resource 0x7f15059e, entry index(1438) is beyond type entryCount(281)
09-02 08:23:59.063 19825 19825 W ResourceType: For resource 0x7f150282, entry index(642) is beyond type entryCount(281)
09-02 08:23:59.063 19825 19825 W ResourceType: For resource 0x7f1504c3, entry index(1219) is beyond type entryCount(281)
09-02 08:23:59.063 19825 19825 W ResourceType: For resource 0x7f150719, entry index(1817) is beyond type entryCount(281)
09-02 08:23:59.063 19825 19825 W ResourceType: For resource 0x7f150578, entry index(1400) is beyond type entryCount(281)
09-02 08:23:59.063 19825 19825 W ResourceType: For resource 0x7f150284, entry index(644) is beyond type entryCount(281)
09-02 08:23:59.063 19825 19825 W ResourceType: For resource 0x7f150579, entry index(1401) is beyond type entryCount(281)
09-02 08:23:59.063 19825 19825 W ResourceType: For resource 0x7f1505e7, entry index(1511) is beyond type entryCount(281)
09-02 08:23:59.063 19825 19825 W ResourceType: For resource 0x7f15071e, entry index(1822) is beyond type entryCount(281)
09-02 08:23:59.063 19825 19825 I chatty  : uid=10158(u0_a158) identical 2 lines
09-02 08:23:59.063 19825 19825 W ResourceType: For resource 0x7f15071e, entry index(1822) is beyond type entryCount(281)
09-02 08:23:59.063 19825 19825 W ResourceType: For resource 0x7f150580, entry index(1408) is beyond type entryCount(281)
09-02 08:23:59.063 19825 19825 W ResourceType: For resource 0x7f15071e, entry index(1822) is beyond type entryCount(281)
09-02 08:23:59.063 19825 19825 W ResourceType: For resource 0x7f15017b, entry index(379) is beyond type entryCount(281)
09-02 08:23:59.063 19825 19825 W ResourceType: For resource 0x7f150283, entry index(643) is beyond type entryCount(281)
09-02 08:23:59.063 19825 19825 W ResourceType: For resource 0x7f1505a2, entry index(1442) is beyond type entryCount(281)
09-02 08:23:59.063 19825 19825 W ResourceType: For resource 0x7f1506f4, entry index(1780) is beyond type entryCount(281)
09-02 08:23:59.063 19825 19825 W ResourceType: For resource 0x7f150588, entry index(1416) is beyond type entryCount(281)
09-02 08:23:59.063 19825 19825 W ResourceType: For resource 0x7f15059f, entry index(1439) is beyond type entryCount(281)
09-02 08:23:59.063 19825 19825 W ResourceType: For resource 0x7f150649, entry index(1609) is beyond type entryCount(281)
09-02 08:23:59.063 19825 19825 W ResourceType: For resource 0x7f150442, entry index(1090) is beyond type entryCount(281)
09-02 08:23:59.063 19825 19825 W ResourceType: For resource 0x7f150718, entry index(1816) is beyond type entryCount(281)
09-02 08:23:59.063 19825 19825 W ResourceType: For resource 0x7f15017c, entry index(380) is beyond type entryCount(281)
09-02 08:23:59.063 19825 19825 W ResourceType: For resource 0x7f15059d, entry index(1437) is beyond type entryCount(281)
09-02 08:23:59.063 19825 19825 W ResourceType: For resource 0x7f15020a, entry index(522) is beyond type entryCount(281)
09-02 08:23:59.063 19825 19825 W ResourceType: For resource 0x7f150586, entry index(1414) is beyond type entryCount(281)
09-02 08:23:59.063 19825 19825 W ResourceType: For resource 0x7f15071c, entry index(1820) is beyond type entryCount(281)
09-02 08:23:59.063 19825 19825 W ResourceType: For resource 0x7f1502af, entry index(687) is beyond type entryCount(281)
09-02 08:23:59.063 19825 19825 W ResourceType: For resource 0x7f150274, entry index(628) is beyond type entryCount(281)
09-02 08:23:59.063 19825 19825 W ResourceType: For resource 0x7f150244, entry index(580) is beyond type entryCount(281)
09-02 08:23:59.063 19825 19825 W ResourceType: For resource 0x7f150274, entry index(628) is beyond type entryCount(281)
09-02 08:23:59.063 19825 19825 W ResourceType: For resource 0x7f150372, entry index(882) is beyond type entryCount(281)
09-02 08:23:59.063 19825 19825 W ResourceType: For resource 0x7f15035b, entry index(859) is beyond type entryCount(281)
09-02 08:23:59.063 19825 19825 W ResourceType: For resource 0x7f15035c, entry index(860) is beyond type entryCount(281)
09-02 08:23:59.063 19825 19825 W ResourceType: For resource 0x7f1502ad, entry index(685) is beyond type entryCount(281)
09-02 08:23:59.063 19825 19825 W ResourceType: For resource 0x7f150565, entry index(1381) is beyond type entryCount(281)
09-02 08:23:59.063 19825 19825 W ResourceType: For resource 0x7f150567, entry index(1383) is beyond type entryCount(281)
09-02 08:23:59.064 19825 19825 W ResourceType: For resource 0x7f15027b, entry index(635) is beyond type entryCount(281)
09-02 08:23:59.064 19825 19825 I chatty  : uid=10158(u0_a158) identical 3 lines
09-02 08:23:59.064 19825 19825 W ResourceType: For resource 0x7f15027b, entry index(635) is beyond type entryCount(281)
09-02 08:23:59.064 19825 19825 W ResourceType: For resource 0x7f150728, entry index(1832) is beyond type entryCount(281)
09-02 08:23:59.065 19825 19825 I chatty  : uid=10158(u0_a158) identical 10 lines
09-02 08:23:59.065 19825 19825 W ResourceType: For resource 0x7f150728, entry index(1832) is beyond type entryCount(281)
09-02 08:23:59.066 19825 19825 W ResourceType: For resource 0x7f15027b, entry index(635) is beyond type entryCount(281)
09-02 08:23:59.066 19825 19825 W ResourceType: For resource 0x7f15027b, entry index(635) is beyond type entryCount(281)
09-02 08:23:59.067 19825 19825 W ResourceType: For resource 0x7f15050e, entry index(1294) is beyond type entryCount(281)
09-02 08:23:59.067 19825 19825 W ResourceType: For resource 0x7f15061f, entry index(1567) is beyond type entryCount(281)
09-02 08:23:59.067 19825 19825 W ResourceType: For resource 0x7f15061f, entry index(1567) is beyond type entryCount(281)
09-02 08:23:59.067 19825 19825 W ResourceType: For resource 0x7f15058c, entry index(1420) is beyond type entryCount(281)
09-02 08:23:59.067 19825 19825 W ResourceType: For resource 0x7f150590, entry index(1424) is beyond type entryCount(281)
09-02 08:23:59.067 19825 19825 W ResourceType: For resource 0x7f15058e, entry index(1422) is beyond type entryCount(281)
09-02 08:23:59.067 19825 19825 W ResourceType: For resource 0x7f1504c3, entry index(1219) is beyond type entryCount(281)
09-02 08:23:59.067 19825 19825 W ResourceType: For resource 0x7f15059e, entry index(1438) is beyond type entryCount(281)
09-02 08:23:59.067 19825 19825 W ResourceType: For resource 0x7f150282, entry index(642) is beyond type entryCount(281)
09-02 08:23:59.067 19825 19825 W ResourceType: For resource 0x7f1504c3, entry index(1219) is beyond type entryCount(281)
09-02 08:23:59.067 19825 19825 W ResourceType: For resource 0x7f150719, entry index(1817) is beyond type entryCount(281)
09-02 08:23:59.067 19825 19825 W ResourceType: For resource 0x7f150578, entry index(1400) is beyond type entryCount(281)
09-02 08:23:59.067 19825 19825 W ResourceType: For resource 0x7f150284, entry index(644) is beyond type entryCount(281)
09-02 08:23:59.067 19825 19825 W ResourceType: For resource 0x7f150579, entry index(1401) is beyond type entryCount(281)
09-02 08:23:59.067 19825 19825 W ResourceType: For resource 0x7f1505e7, entry index(1511) is beyond type entryCount(281)
09-02 08:23:59.067 19825 19825 W ResourceType: For resource 0x7f15071e, entry index(1822) is beyond type entryCount(281)
09-02 08:23:59.067 19825 19825 I chatty  : uid=10158(u0_a158) identical 2 lines
09-02 08:23:59.067 19825 19825 W ResourceType: For resource 0x7f15071e, entry index(1822) is beyond type entryCount(281)
09-02 08:23:59.067 19825 19825 W ResourceType: For resource 0x7f150580, entry index(1408) is beyond type entryCount(281)
09-02 08:23:59.067 19825 19825 W ResourceType: For resource 0x7f15071e, entry index(1822) is beyond type entryCount(281)
09-02 08:23:59.067 19825 19825 W ResourceType: For resource 0x7f15017b, entry index(379) is beyond type entryCount(281)
09-02 08:23:59.067 19825 19825 W ResourceType: For resource 0x7f150283, entry index(643) is beyond type entryCount(281)
09-02 08:23:59.067 19825 19825 W ResourceType: For resource 0x7f1505a2, entry index(1442) is beyond type entryCount(281)
09-02 08:23:59.067 19825 19825 W ResourceType: For resource 0x7f1506f4, entry index(1780) is beyond type entryCount(281)
09-02 08:23:59.067 19825 19825 W ResourceType: For resource 0x7f150588, entry index(1416) is beyond type entryCount(281)
09-02 08:23:59.067 19825 19825 W ResourceType: For resource 0x7f15059f, entry index(1439) is beyond type entryCount(281)
09-02 08:23:59.067 19825 19825 W ResourceType: For resource 0x7f150649, entry index(1609) is beyond type entryCount(281)
09-02 08:23:59.067 19825 19825 W ResourceType: For resource 0x7f150442, entry index(1090) is beyond type entryCount(281)
09-02 08:23:59.067 19825 19825 W ResourceType: For resource 0x7f150718, entry index(1816) is beyond type entryCount(281)
09-02 08:23:59.067 19825 19825 W ResourceType: For resource 0x7f15017c, entry index(380) is beyond type entryCount(281)
09-02 08:23:59.067 19825 19825 W ResourceType: For resource 0x7f15059d, entry index(1437) is beyond type entryCount(281)
09-02 08:23:59.067 19825 19825 W ResourceType: For resource 0x7f15020a, entry index(522) is beyond type entryCount(281)
09-02 08:23:59.067 19825 19825 W ResourceType: For resource 0x7f150586, entry index(1414) is beyond type entryCount(281)
09-02 08:23:59.067 19825 19825 W ResourceType: For resource 0x7f15071c, entry index(1820) is beyond type entryCount(281)
09-02 08:23:59.067 19825 19825 W ResourceType: For resource 0x7f1502af, entry index(687) is beyond type entryCount(281)
09-02 08:23:59.067 19825 19825 W ResourceType: For resource 0x7f150274, entry index(628) is beyond type entryCount(281)
09-02 08:23:59.067 19825 19825 W ResourceType: For resource 0x7f150244, entry index(580) is beyond type entryCount(281)
09-02 08:23:59.067 19825 19825 W ResourceType: For resource 0x7f150274, entry index(628) is beyond type entryCount(281)
09-02 08:23:59.067 19825 19825 W ResourceType: For resource 0x7f150372, entry index(882) is beyond type entryCount(281)
09-02 08:23:59.067 19825 19825 W ResourceType: For resource 0x7f15035b, entry index(859) is beyond type entryCount(281)
09-02 08:23:59.067 19825 19825 W ResourceType: For resource 0x7f15035c, entry index(860) is beyond type entryCount(281)
09-02 08:23:59.067 19825 19825 W ResourceType: For resource 0x7f1502ad, entry index(685) is beyond type entryCount(281)
09-02 08:23:59.067 19825 19825 W ResourceType: For resource 0x7f150565, entry index(1381) is beyond type entryCount(281)
09-02 08:23:59.067 19825 19825 W ResourceType: For resource 0x7f150567, entry index(1383) is beyond type entryCount(281)
09-02 08:23:59.067 19825 19825 W ResourceType: For resource 0x7f15027b, entry index(635) is beyond type entryCount(281)
09-02 08:23:59.068 19825 19825 I chatty  : uid=10158(u0_a158) identical 3 lines
09-02 08:23:59.068 19825 19825 W ResourceType: For resource 0x7f15027b, entry index(635) is beyond type entryCount(281)
09-02 08:23:59.068 19825 19825 W ResourceType: For resource 0x7f150728, entry index(1832) is beyond type entryCount(281)
09-02 08:23:59.068 19825 19825 I chatty  : uid=10158(u0_a158) identical 10 lines
09-02 08:23:59.068 19825 19825 W ResourceType: For resource 0x7f150728, entry index(1832) is beyond type entryCount(281)
09-02 08:23:59.072 19825 19825 W ResourceType: For resource 0x7f150202, entry index(514) is beyond type entryCount(281)
09-02 08:23:59.075 19825 19825 I chatty  : uid=10158(u0_a158) identical 7 lines
09-02 08:23:59.075 19825 19825 W ResourceType: For resource 0x7f150202, entry index(514) is beyond type entryCount(281)
09-02 08:23:59.104 19825 19825 W ResourceType: For resource 0x7f150619, entry index(1561) is beyond type entryCount(281)
09-02 08:23:59.104 19825 19825 W ResourceType: For resource 0x7f15014a, entry index(330) is beyond type entryCount(281)
09-02 08:23:59.104 19825 19825 W ResourceType: For resource 0x7f150148, entry index(328) is beyond type entryCount(281)
09-02 08:23:59.104 19825 19825 W ResourceType: For resource 0x7f15069e, entry index(1694) is beyond type entryCount(281)
09-02 08:23:59.104 19825 19825 W ResourceType: For resource 0x7f1505c6, entry index(1478) is beyond type entryCount(281)
09-02 08:23:59.104 19825 19825 W ResourceType: For resource 0x7f150617, entry index(1559) is beyond type entryCount(281)
09-02 08:23:59.104 19825 19825 W ResourceType: For resource 0x7f150504, entry index(1284) is beyond type entryCount(281)
09-02 08:23:59.105 19825 19825 W ResourceType: For resource 0x7f150504, entry index(1284) is beyond type entryCount(281)
09-02 08:23:59.105 19825 19825 W ResourceType: For resource 0x7f150312, entry index(786) is beyond type entryCount(281)
09-02 08:23:59.107 19825 19825 I chatty  : uid=10158(u0_a158) identical 1 line
09-02 08:23:59.108 19825 19825 W ResourceType: For resource 0x7f150312, entry index(786) is beyond type entryCount(281)
09-02 08:23:59.108 19825 19825 W ResourceType: For resource 0x7f15030b, entry index(779) is beyond type entryCount(281)
09-02 08:23:59.111 19825 19825 I zygote  : Deoptimizing int jc0.e(op9, int, int[]) due to JIT same target
09-02 08:23:59.111 19825 19825 W ResourceType: For resource 0x7f150619, entry index(1561) is beyond type entryCount(281)
09-02 08:23:59.111 19825 19825 W ResourceType: For resource 0x7f150617, entry index(1559) is beyond type entryCount(281)
09-02 08:23:59.111 19825 19825 W ResourceType: For resource 0x7f150619, entry index(1561) is beyond type entryCount(281)
09-02 08:23:59.111 19825 19825 W ResourceType: For resource 0x7f150617, entry index(1559) is beyond type entryCount(281)
09-02 08:23:59.111 19825 19825 W ResourceType: For resource 0x7f150619, entry index(1561) is beyond type entryCount(281)
09-02 08:23:59.111 19825 19825 W ResourceType: For resource 0x7f150617, entry index(1559) is beyond type entryCount(281)
09-02 08:23:59.111 19825 19825 W ResourceType: For resource 0x7f150619, entry index(1561) is beyond type entryCount(281)
09-02 08:23:59.111 19825 19825 W ResourceType: For resource 0x7f150617, entry index(1559) is beyond type entryCount(281)
09-02 08:23:59.111 19825 19825 W ResourceType: For resource 0x7f150619, entry index(1561) is beyond type entryCount(281)
09-02 08:23:59.111 19825 19825 W ResourceType: For resource 0x7f150617, entry index(1559) is beyond type entryCount(281)
09-02 08:23:59.112 19825 19825 W ResourceType: For resource 0x7f150619, entry index(1561) is beyond type entryCount(281)
09-02 08:23:59.112 19825 19825 W ResourceType: For resource 0x7f150617, entry index(1559) is beyond type entryCount(281)
09-02 08:23:59.112 19825 19825 W ResourceType: For resource 0x7f150619, entry index(1561) is beyond type entryCount(281)
09-02 08:23:59.112 19825 19825 W ResourceType: For resource 0x7f150617, entry index(1559) is beyond type entryCount(281)
09-02 08:23:59.112 19825 19825 W ResourceType: For resource 0x7f150619, entry index(1561) is beyond type entryCount(281)
09-02 08:23:59.112 19825 19825 W ResourceType: For resource 0x7f150617, entry index(1559) is beyond type entryCount(281)
09-02 08:23:59.112 19825 19825 W ResourceType: For resource 0x7f150619, entry index(1561) is beyond type entryCount(281)
09-02 08:23:59.112 19825 19825 W ResourceType: For resource 0x7f150617, entry index(1559) is beyond type entryCount(281)
09-02 08:23:59.157 19825 19825 I zygote  : no shared libraies, dex_files: 1
