09-02 17:13:29.837 32417 32417 I chatty  : uid=10158(u0_a158) identical 2 lines
09-02 17:13:29.837 32417 32417 W ResourceType: For resource 0x7f1506f1, entry index(1777) is beyond type entryCount(281)
09-02 17:13:29.837 32417 32417 W ResourceType: For resource 0x7f150264, entry index(612) is beyond type entryCount(281)
09-02 17:13:29.838 32597 32740 W VideoCapabilities: Unrecognized profile 2130706433 for video/avc
09-02 17:13:29.838 32417 32417 W ResourceType: For resource 0x7f1506f1, entry index(1777) is beyond type entryCount(281)
09-02 17:13:29.838 32597 32740 W VideoCapabilities: Unrecognized profile 2130706434 for video/avc
09-02 17:13:29.838 32417 32417 W ResourceType: For resource 0x7f1506f1, entry index(1777) is beyond type entryCount(281)
09-02 17:13:29.838 32417 32417 I chatty  : uid=10158(u0_a158) identical 10 lines
09-02 17:13:29.839 32417 32417 W ResourceType: For resource 0x7f1506f1, entry index(1777) is beyond type entryCount(281)
09-02 17:13:29.840 32597 32740 W VideoCapabilities: Unrecognized profile 2130706433 for video/avc
09-02 17:13:29.840 32597 32740 W VideoCapabilities: Unrecognized profile 2130706434 for video/avc
09-02 17:13:29.841  3614  3927 D DnsProxyListener: DNSDBG::dns addrinfo af 2
09-02 17:13:29.851  3979  3994 D SamsungAlarmManager: setInexact Listener (T:2/F:0/AC:false) 20230902T172708 - CU:1000/CP:3979
09-02 17:13:29.855 32417 32417 W ResourceType: For resource 0x7f1504f8, entry index(1272) is beyond type entryCount(281)
09-02 17:13:29.856 32417 32417 W ResourceType: For resource 0x7f150264, entry index(612) is beyond type entryCount(281)
09-02 17:13:29.856 32417 32417 W ResourceType: For resource 0x7f150264, entry index(612) is beyond type entryCount(281)
09-02 17:13:29.856 32417 32417 W ResourceType: For resource 0x7f15050e, entry index(1294) is beyond type entryCount(281)
09-02 17:13:29.856 32417 32417 W ResourceType: For resource 0x7f15061f, entry index(1567) is beyond type entryCount(281)
09-02 17:13:29.856 32417 32417 W ResourceType: For resource 0x7f15061f, entry index(1567) is beyond type entryCount(281)
09-02 17:13:29.856 32417 32417 W ResourceType: For resource 0x7f15058c, entry index(1420) is beyond type entryCount(281)
09-02 17:13:29.857 32417 32417 W ResourceType: For resource 0x7f150590, entry index(1424) is beyond type entryCount(281)
09-02 17:13:29.857 32417 32417 W ResourceType: For resource 0x7f15058e, entry index(1422) is beyond type entryCount(281)
09-02 17:13:29.857 32417 32417 W ResourceType: For resource 0x7f1504c3, entry index(1219) is beyond type entryCount(281)
09-02 17:13:29.857 32417 32417 W ResourceType: For resource 0x7f15059e, entry index(1438) is beyond type entryCount(281)
09-02 17:13:29.857 32417 32417 W ResourceType: For resource 0x7f150282, entry index(642) is beyond type entryCount(281)
09-02 17:13:29.857 32417 32417 W ResourceType: For resource 0x7f1504c3, entry index(1219) is beyond type entryCount(281)
09-02 17:13:29.857 32417 32417 W ResourceType: For resource 0x7f150719, entry index(1817) is beyond type entryCount(281)
09-02 17:13:29.857 32417 32417 W ResourceType: For resource 0x7f150578, entry index(1400) is beyond type entryCount(281)
09-02 17:13:29.857 32417 32417 W ResourceType: For resource 0x7f150284, entry index(644) is beyond type entryCount(281)
09-02 17:13:29.857 32417 32417 W ResourceType: For resource 0x7f150579, entry index(1401) is beyond type entryCount(281)
09-02 17:13:29.857 32417 32417 W ResourceType: For resource 0x7f1505e7, entry index(1511) is beyond type entryCount(281)
09-02 17:13:29.857 32417 32417 W ResourceType: For resource 0x7f15071e, entry index(1822) is beyond type entryCount(281)
09-02 17:13:29.857 32417 32417 I chatty  : uid=10158(u0_a158) identical 2 lines
09-02 17:13:29.857 32417 32417 W ResourceType: For resource 0x7f15071e, entry index(1822) is beyond type entryCount(281)
09-02 17:13:29.857 32417 32417 W ResourceType: For resource 0x7f150580, entry index(1408) is beyond type entryCount(281)
09-02 17:13:29.857 32417 32417 W ResourceType: For resource 0x7f15071e, entry index(1822) is beyond type entryCount(281)
09-02 17:13:29.857 32417 32417 W ResourceType: For resource 0x7f15017b, entry index(379) is beyond type entryCount(281)
09-02 17:13:29.857 32417 32417 W ResourceType: For resource 0x7f150283, entry index(643) is beyond type entryCount(281)
09-02 17:13:29.857 32417 32417 W ResourceType: For resource 0x7f1505a2, entry index(1442) is beyond type entryCount(281)
09-02 17:13:29.857 32417 32417 W ResourceType: For resource 0x7f1506f4, entry index(1780) is beyond type entryCount(281)
09-02 17:13:29.857 32417 32417 W ResourceType: For resource 0x7f150588, entry index(1416) is beyond type entryCount(281)
09-02 17:13:29.857 32417 32417 W ResourceType: For resource 0x7f15059f, entry index(1439) is beyond type entryCount(281)
09-02 17:13:29.857 32417 32417 W ResourceType: For resource 0x7f150649, entry index(1609) is beyond type entryCount(281)
09-02 17:13:29.857 32417 32417 W ResourceType: For resource 0x7f150442, entry index(1090) is beyond type entryCount(281)
09-02 17:13:29.857 32417 32417 W ResourceType: For resource 0x7f150718, entry index(1816) is beyond type entryCount(281)
09-02 17:13:29.857 32417 32417 W ResourceType: For resource 0x7f15017c, entry index(380) is beyond type entryCount(281)
09-02 17:13:29.857 32417 32417 W ResourceType: For resource 0x7f15059d, entry index(1437) is beyond type entryCount(281)
09-02 17:13:29.857 32417 32417 W ResourceType: For resource 0x7f15020a, entry index(522) is beyond type entryCount(281)
09-02 17:13:29.857 32417 32417 W ResourceType: For resource 0x7f150586, entry index(1414) is beyond type entryCount(281)
09-02 17:13:29.857 32417 32417 W ResourceType: For resource 0x7f15071c, entry index(1820) is beyond type entryCount(281)
09-02 17:13:29.857 32417 32417 W ResourceType: For resource 0x7f1502af, entry index(687) is beyond type entryCount(281)
09-02 17:13:29.857 32417 32417 W ResourceType: For resource 0x7f150274, entry index(628) is beyond type entryCount(281)
09-02 17:13:29.857 32417 32417 W ResourceType: For resource 0x7f150244, entry index(580) is beyond type entryCount(281)
09-02 17:13:29.857 32417 32417 W ResourceType: For resource 0x7f150274, entry index(628) is beyond type entryCount(281)
09-02 17:13:29.857 32417 32417 W ResourceType: For resource 0x7f150372, entry index(882) is beyond type entryCount(281)
09-02 17:13:29.857 32417 32417 W ResourceType: For resource 0x7f15035b, entry index(859) is beyond type entryCount(281)
09-02 17:13:29.857 32417 32417 W ResourceType: For resource 0x7f15035c, entry index(860) is beyond type entryCount(281)
09-02 17:13:29.857 32417 32417 W ResourceType: For resource 0x7f1502ad, entry index(685) is beyond type entryCount(281)
09-02 17:13:29.857 32417 32417 W ResourceType: For resource 0x7f150565, entry index(1381) is beyond type entryCount(281)
09-02 17:13:29.857 32417 32417 W ResourceType: For resource 0x7f150567, entry index(1383) is beyond type entryCount(281)
09-02 17:13:29.857 32417 32417 W ResourceType: For resource 0x7f150264, entry index(612) is beyond type entryCount(281)
09-02 17:13:29.857 32417 32417 I chatty  : uid=10158(u0_a158) identical 1 line
09-02 17:13:29.857 32417 32417 W ResourceType: For resource 0x7f150264, entry index(612) is beyond type entryCount(281)
09-02 17:13:29.858 32417 32417 W ResourceType: For resource 0x7f150314, entry index(788) is beyond type entryCount(281)
09-02 17:13:29.859  3979  3994 D SamsungAlarmManager: setInexact Listener (T:2/F:0/AC:false) 20230902T181207 - CU:1000/CP:3979
09-02 17:13:29.862 32417 32417 W ResourceType: For resource 0x7f150264, entry index(612) is beyond type entryCount(281)
09-02 17:13:29.863 32417 32417 I chatty  : uid=10158(u0_a158) identical 1 line
09-02 17:13:29.863 32417 32417 W ResourceType: For resource 0x7f150264, entry index(612) is beyond type entryCount(281)
09-02 17:13:29.863 32417 32417 W ResourceType: For resource 0x7f150314, entry index(788) is beyond type entryCount(281)
09-02 17:13:29.868 32417 32417 W ResourceType: For resource 0x7f150264, entry index(612) is beyond type entryCount(281)
09-02 17:13:29.868 32417 32417 I chatty  : uid=10158(u0_a158) identical 1 line
09-02 17:13:29.869 32417 32417 W ResourceType: For resource 0x7f150264, entry index(612) is beyond type entryCount(281)
09-02 17:13:29.869 32417 32417 W ResourceType: For resource 0x7f150314, entry index(788) is beyond type entryCount(281)
09-02 17:13:29.869 32417 32417 W ResourceType: For resource 0x7f150264, entry index(612) is beyond type entryCount(281)
09-02 17:13:29.869 32417 32417 I chatty  : uid=10158(u0_a158) identical 1 line
09-02 17:13:29.869 32417 32417 W ResourceType: For resource 0x7f150264, entry index(612) is beyond type entryCount(281)
09-02 17:13:29.869 32417 32417 W ResourceType: For resource 0x7f150314, entry index(788) is beyond type entryCount(281)
09-02 17:13:29.871 32417 32417 W ResourceType: For resource 0x7f1506f1, entry index(1777) is beyond type entryCount(281)
09-02 17:13:29.871 32417 32417 I chatty  : uid=10158(u0_a158) identical 2 lines
09-02 17:13:29.871 32417 32417 W ResourceType: For resource 0x7f1506f1, entry index(1777) is beyond type entryCount(281)
09-02 17:13:29.871 32417 32417 W ResourceType: For resource 0x7f150264, entry index(612) is beyond type entryCount(281)
09-02 17:13:29.871 32417 32417 W ResourceType: For resource 0x7f1506f1, entry index(1777) is beyond type entryCount(281)
09-02 17:13:29.872 32417 32417 I chatty  : uid=10158(u0_a158) identical 11 lines
09-02 17:13:29.872 32417 32417 W ResourceType: For resource 0x7f1506f1, entry index(1777) is beyond type entryCount(281)
09-02 17:13:29.873  3979  3994 D ConnectivityService: filterNetworkStateForUid() uid: 1000 networkInfo: [type: WIFI[] - WIFI, state: CONNECTED/CONNECTED, reason: (unspecified), extra: "WiFi 69", failover: false, available: true, roaming: false, metered: false]
09-02 17:13:29.875  3979  3994 D ConnectivityService: filterNetworkStateForUid() uid: 10158 networkInfo: [type: WIFI[] - WIFI, state: CONNECTED/CONNECTED, reason: (unspecified), extra: "WiFi 69", failover: false, available: true, roaming: false, metered: false]
09-02 17:13:29.880  3979  3994 D ConnectivityService: filterNetworkStateForUid() uid: 1000 networkInfo: [type: WIFI[] - WIFI, state: CONNECTED/CONNECTED, reason: (unspecified), extra: "WiFi 69", failover: false, available: true, roaming: false, metered: false]
09-02 17:13:29.883 32417 32417 W ResourceType: For resource 0x7f1504f8, entry index(1272) is beyond type entryCount(281)
09-02 17:13:29.883 32417 32417 W ResourceType: For resource 0x7f150264, entry index(612) is beyond type entryCount(281)
09-02 17:13:29.883 32417 32417 W ResourceType: For resource 0x7f150264, entry index(612) is beyond type entryCount(281)
09-02 17:13:29.884 32417 32417 W ResourceType: For resource 0x7f15050e, entry index(1294) is beyond type entryCount(281)
09-02 17:13:29.884 32417 32417 W ResourceType: For resource 0x7f15061f, entry index(1567) is beyond type entryCount(281)
09-02 17:13:29.884 32417 32417 W ResourceType: For resource 0x7f15061f, entry index(1567) is beyond type entryCount(281)
09-02 17:13:29.884 32417 32417 W ResourceType: For resource 0x7f15058c, entry index(1420) is beyond type entryCount(281)
09-02 17:13:29.884 32417 32417 W ResourceType: For resource 0x7f150590, entry index(1424) is beyond type entryCount(281)
09-02 17:13:29.884 32417 32417 W ResourceType: For resource 0x7f15058e, entry index(1422) is beyond type entryCount(281)
09-02 17:13:29.884 32417 32417 W ResourceType: For resource 0x7f1504c3, entry index(1219) is beyond type entryCount(281)
09-02 17:13:29.884 32417 32417 W ResourceType: For resource 0x7f15059e, entry index(1438) is beyond type entryCount(281)
09-02 17:13:29.884 32417 32417 W ResourceType: For resource 0x7f150282, entry index(642) is beyond type entryCount(281)
09-02 17:13:29.884 32417 32417 W ResourceType: For resource 0x7f1504c3, entry index(1219) is beyond type entryCount(281)
09-02 17:13:29.884 32417 32417 W ResourceType: For resource 0x7f150719, entry index(1817) is beyond type entryCount(281)
09-02 17:13:29.884 32417 32417 W ResourceType: For resource 0x7f150578, entry index(1400) is beyond type entryCount(281)
09-02 17:13:29.884 32417 32417 W ResourceType: For resource 0x7f150284, entry index(644) is beyond type entryCount(281)
09-02 17:13:29.884 32417 32417 W ResourceType: For resource 0x7f150579, entry index(1401) is beyond type entryCount(281)
09-02 17:13:29.884 32417 32417 W ResourceType: For resource 0x7f1505e7, entry index(1511) is beyond type entryCount(281)
09-02 17:13:29.884 32417 32417 W ResourceType: For resource 0x7f15071e, entry index(1822) is beyond type entryCount(281)
09-02 17:13:29.884 32417 32417 I chatty  : uid=10158(u0_a158) identical 2 lines
09-02 17:13:29.884 32417 32417 W ResourceType: For resource 0x7f15071e, entry index(1822) is beyond type entryCount(281)
09-02 17:13:29.884 32417 32417 W ResourceType: For resource 0x7f150580, entry index(1408) is beyond type entryCount(281)
09-02 17:13:29.884 32417 32417 W ResourceType: For resource 0x7f15071e, entry index(1822) is beyond type entryCount(281)
09-02 17:13:29.884 32417 32417 W ResourceType: For resource 0x7f15017b, entry index(379) is beyond type entryCount(281)
09-02 17:13:29.884 32417 32417 W ResourceType: For resource 0x7f150283, entry index(643) is beyond type entryCount(281)
09-02 17:13:29.884 32417 32417 W ResourceType: For resource 0x7f1505a2, entry index(1442) is beyond type entryCount(281)
09-02 17:13:29.884 32417 32417 W ResourceType: For resource 0x7f1506f4, entry index(1780) is beyond type entryCount(281)
09-02 17:13:29.884 32417 32417 W ResourceType: For resource 0x7f150588, entry index(1416) is beyond type entryCount(281)
09-02 17:13:29.884 32417 32417 W ResourceType: For resource 0x7f15059f, entry index(1439) is beyond type entryCount(281)
09-02 17:13:29.884 32417 32417 W ResourceType: For resource 0x7f150649, entry index(1609) is beyond type entryCount(281)
09-02 17:13:29.884 32417 32417 W ResourceType: For resource 0x7f150442, entry index(1090) is beyond type entryCount(281)
09-02 17:13:29.884 32417 32417 W ResourceType: For resource 0x7f150718, entry index(1816) is beyond type entryCount(281)
09-02 17:13:29.884 32417 32417 W ResourceType: For resource 0x7f15017c, entry index(380) is beyond type entryCount(281)
09-02 17:13:29.884 32417 32417 W ResourceType: For resource 0x7f15059d, entry index(1437) is beyond type entryCount(281)
09-02 17:13:29.884 32417 32417 W ResourceType: For resource 0x7f15020a, entry index(522) is beyond type entryCount(281)
09-02 17:13:29.884 32417 32417 W ResourceType: For resource 0x7f150586, entry index(1414) is beyond type entryCount(281)
09-02 17:13:29.884 32417 32417 W ResourceType: For resource 0x7f15071c, entry index(1820) is beyond type entryCount(281)
09-02 17:13:29.884 32417 32417 W ResourceType: For resource 0x7f1502af, entry index(687) is beyond type entryCount(281)
09-02 17:13:29.884 32417 32417 W ResourceType: For resource 0x7f150274, entry index(628) is beyond type entryCount(281)
09-02 17:13:29.884 32417 32417 W ResourceType: For resource 0x7f150244, entry index(580) is beyond type entryCount(281)
09-02 17:13:29.884 32417 32417 W ResourceType: For resource 0x7f150274, entry index(628) is beyond type entryCount(281)
09-02 17:13:29.884 32417 32417 W ResourceType: For resource 0x7f150372, entry index(882) is beyond type entryCount(281)
09-02 17:13:29.884 32417 32417 W ResourceType: For resource 0x7f15035b, entry index(859) is beyond type entryCount(281)
09-02 17:13:29.884 32417 32417 W ResourceType: For resource 0x7f15035c, entry index(860) is beyond type entryCount(281)
09-02 17:13:29.884 32417 32417 W ResourceType: For resource 0x7f1502ad, entry index(685) is beyond type entryCount(281)
09-02 17:13:29.884 32417 32417 W ResourceType: For resource 0x7f150565, entry index(1381) is beyond type entryCount(281)
09-02 17:13:29.884 32417 32417 W ResourceType: For resource 0x7f150567, entry index(1383) is beyond type entryCount(281)
09-02 17:13:29.885 32417 32417 W ResourceType: For resource 0x7f150264, entry index(612) is beyond type entryCount(281)
09-02 17:13:29.885 32417 32417 I chatty  : uid=10158(u0_a158) identical 1 line
09-02 17:13:29.885 32417 32417 W ResourceType: For resource 0x7f150264, entry index(612) is beyond type entryCount(281)
09-02 17:13:29.889 32417 32417 W ResourceType: For resource 0x7f150314, entry index(788) is beyond type entryCount(281)
09-02 17:13:29.891 32417 32417 W ResourceType: For resource 0x7f150264, entry index(612) is beyond type entryCount(281)
09-02 17:13:29.891 32417 32417 I chatty  : uid=10158(u0_a158) identical 1 line
09-02 17:13:29.891 32417 32417 W ResourceType: For resource 0x7f150264, entry index(612) is beyond type entryCount(281)
09-02 17:13:29.891 32417 32417 W ResourceType: For resource 0x7f150314, entry index(788) is beyond type entryCount(281)
09-02 17:13:29.897 32417 32417 W ResourceType: For resource 0x7f150264, entry index(612) is beyond type entryCount(281)
09-02 17:13:29.897 32417 32417 I chatty  : uid=10158(u0_a158) identical 1 line
09-02 17:13:29.897 32417 32417 W ResourceType: For resource 0x7f150264, entry index(612) is beyond type entryCount(281)
09-02 17:13:29.898 32417 32417 W ResourceType: For resource 0x7f150314, entry index(788) is beyond type entryCount(281)
09-02 17:13:29.898 32417 32417 W ResourceType: For resource 0x7f150264, entry index(612) is beyond type entryCount(281)
09-02 17:13:29.898 32417 32417 I chatty  : uid=10158(u0_a158) identical 1 line
09-02 17:13:29.898 32417 32417 W ResourceType: For resource 0x7f150264, entry index(612) is beyond type entryCount(281)
09-02 17:13:29.898 32417 32417 W ResourceType: For resource 0x7f150314, entry index(788) is beyond type entryCount(281)
09-02 17:13:29.899 32417 32417 W ResourceType: For resource 0x7f1506f1, entry index(1777) is beyond type entryCount(281)
09-02 17:13:29.899 32417 32417 I chatty  : uid=10158(u0_a158) identical 2 lines
09-02 17:13:29.900 32417 32417 W ResourceType: For resource 0x7f1506f1, entry index(1777) is beyond type entryCount(281)
09-02 17:13:29.900 32417 32417 W ResourceType: For resource 0x7f150264, entry index(612) is beyond type entryCount(281)
09-02 17:13:29.900 32417 32417 W ResourceType: For resource 0x7f1506f1, entry index(1777) is beyond type entryCount(281)
09-02 17:13:29.901 32417 32417 I chatty  : uid=10158(u0_a158) identical 11 lines
09-02 17:13:29.901 32417 32417 W ResourceType: For resource 0x7f1506f1, entry index(1777) is beyond type entryCount(281)
09-02 17:13:29.907 32417 32422 I zygote  : Do partial code cache collection, code=252KB, data=200KB
09-02 17:13:29.907  3979  3994 D ConnectivityService: filterNetworkStateForUid() uid: 1000 networkInfo: [type: WIFI[] - WIFI, state: CONNECTED/CONNECTED, reason: (unspecified), extra: "WiFi 69", failover: false, available: true, roaming: false, metered: false]
09-02 17:13:29.909 32417 32422 I zygote  : After code cache collection, code=241KB, data=196KB
09-02 17:13:29.909 32417 32422 I zygote  : Increasing code cache capacity to 1024KB
09-02 17:13:29.912  3979  4111 D MdnieScenarioControlService:  packageName : com.opera.browser    className : com.opera.Opera
09-02 17:13:29.912  3979  4111 V MdnieScenarioControlService: setUIMode from UI function(3)
09-02 17:13:29.918 32417 32417 W ResourceType: For resource 0x7f1504f8, entry index(1272) is beyond type entryCount(281)
09-02 17:13:29.919 32417 32417 W ResourceType: For resource 0x7f150264, entry index(612) is beyond type entryCount(281)
09-02 17:13:29.919 32417 32417 W ResourceType: For resource 0x7f150264, entry index(612) is beyond type entryCount(281)
09-02 17:13:29.919 32417 32417 W ResourceType: For resource 0x7f15050e, entry index(1294) is beyond type entryCount(281)
09-02 17:13:29.919 32417 32417 W ResourceType: For resource 0x7f15061f, entry index(1567) is beyond type entryCount(281)
09-02 17:13:29.919 32417 32417 W ResourceType: For resource 0x7f15061f, entry index(1567) is beyond type entryCount(281)
09-02 17:13:29.920 32417 32417 W ResourceType: For resource 0x7f15058c, entry index(1420) is beyond type entryCount(281)
09-02 17:13:29.920 32417 32417 W ResourceType: For resource 0x7f150590, entry index(1424) is beyond type entryCount(281)
09-02 17:13:29.920 32417 32417 W ResourceType: For resource 0x7f15058e, entry index(1422) is beyond type entryCount(281)
09-02 17:13:29.920 32417 32417 W ResourceType: For resource 0x7f1504c3, entry index(1219) is beyond type entryCount(281)
09-02 17:13:29.920 32417 32417 W ResourceType: For resource 0x7f15059e, entry index(1438) is beyond type entryCount(281)
09-02 17:13:29.920 32417 32417 W ResourceType: For resource 0x7f150282, entry index(642) is beyond type entryCount(281)
09-02 17:13:29.920 32417 32417 W ResourceType: For resource 0x7f1504c3, entry index(1219) is beyond type entryCount(281)
09-02 17:13:29.920 32417 32417 W ResourceType: For resource 0x7f150719, entry index(1817) is beyond type entryCount(281)
09-02 17:13:29.920 32417 32417 W ResourceType: For resource 0x7f150578, entry index(1400) is beyond type entryCount(281)
09-02 17:13:29.920 32417 32417 W ResourceType: For resource 0x7f150284, entry index(644) is beyond type entryCount(281)
09-02 17:13:29.920 32417 32417 W ResourceType: For resource 0x7f150579, entry index(1401) is beyond type entryCount(281)
09-02 17:13:29.920 32417 32417 W ResourceType: For resource 0x7f1505e7, entry index(1511) is beyond type entryCount(281)
09-02 17:13:29.920 32417 32417 W ResourceType: For resource 0x7f15071e, entry index(1822) is beyond type entryCount(281)
09-02 17:13:29.920 32417 32417 I chatty  : uid=10158(u0_a158) identical 2 lines
09-02 17:13:29.920 32417 32417 W ResourceType: For resource 0x7f15071e, entry index(1822) is beyond type entryCount(281)
09-02 17:13:29.920 32417 32417 W ResourceType: For resource 0x7f150580, entry index(1408) is beyond type entryCount(281)
09-02 17:13:29.920 32417 32417 W ResourceType: For resource 0x7f15071e, entry index(1822) is beyond type entryCount(281)
09-02 17:13:29.920 32417 32417 W ResourceType: For resource 0x7f15017b, entry index(379) is beyond type entryCount(281)
09-02 17:13:29.920 32417 32417 W ResourceType: For resource 0x7f150283, entry index(643) is beyond type entryCount(281)
09-02 17:13:29.920 32417 32417 W ResourceType: For resource 0x7f1505a2, entry index(1442) is beyond type entryCount(281)
09-02 17:13:29.920 32417 32417 W ResourceType: For resource 0x7f1506f4, entry index(1780) is beyond type entryCount(281)
09-02 17:13:29.920 32417 32417 W ResourceType: For resource 0x7f150588, entry index(1416) is beyond type entryCount(281)
09-02 17:13:29.920 32417 32417 W ResourceType: For resource 0x7f15059f, entry index(1439) is beyond type entryCount(281)
09-02 17:13:29.920 32417 32417 W ResourceType: For resource 0x7f150649, entry index(1609) is beyond type entryCount(281)
09-02 17:13:29.920 32417 32417 W ResourceType: For resource 0x7f150442, entry index(1090) is beyond type entryCount(281)
09-02 17:13:29.920 32417 32417 W ResourceType: For resource 0x7f150718, entry index(1816) is beyond type entryCount(281)
09-02 17:13:29.920 32417 32417 W ResourceType: For resource 0x7f15017c, entry index(380) is beyond type entryCount(281)
09-02 17:13:29.920 32417 32417 W ResourceType: For resource 0x7f15059d, entry index(1437) is beyond type entryCount(281)
09-02 17:13:29.920 32417 32417 W ResourceType: For resource 0x7f15020a, entry index(522) is beyond type entryCount(281)
09-02 17:13:29.920 32417 32417 W ResourceType: For resource 0x7f150586, entry index(1414) is beyond type entryCount(281)
09-02 17:13:29.920 32417 32417 W ResourceType: For resource 0x7f15071c, entry index(1820) is beyond type entryCount(281)
09-02 17:13:29.920 32417 32417 W ResourceType: For resource 0x7f1502af, entry index(687) is beyond type entryCount(281)
09-02 17:13:29.920 32417 32417 W ResourceType: For resource 0x7f150274, entry index(628) is beyond type entryCount(281)
09-02 17:13:29.920 32417 32417 W ResourceType: For resource 0x7f150244, entry index(580) is beyond type entryCount(281)
09-02 17:13:29.920 32417 32417 W ResourceType: For resource 0x7f150274, entry index(628) is beyond type entryCount(281)
09-02 17:13:29.920 32417 32417 W ResourceType: For resource 0x7f150372, entry index(882) is beyond type entryCount(281)
09-02 17:13:29.920 32417 32417 W ResourceType: For resource 0x7f15035b, entry index(859) is beyond type entryCount(281)
09-02 17:13:29.920 32417 32417 W ResourceType: For resource 0x7f15035c, entry index(860) is beyond type entryCount(281)
09-02 17:13:29.920 32417 32417 W ResourceType: For resource 0x7f1502ad, entry index(685) is beyond type entryCount(281)
09-02 17:13:29.920 32417 32417 W ResourceType: For resource 0x7f150565, entry index(1381) is beyond type entryCount(281)
09-02 17:13:29.920 32417 32417 W ResourceType: For resource 0x7f150567, entry index(1383) is beyond type entryCount(281)
09-02 17:13:29.920 32417 32417 W ResourceType: For resource 0x7f150264, entry index(612) is beyond type entryCount(281)
09-02 17:13:29.920 32417 32417 I chatty  : uid=10158(u0_a158) identical 1 line
09-02 17:13:29.921 32417 32417 W ResourceType: For resource 0x7f150264, entry index(612) is beyond type entryCount(281)
09-02 17:13:29.921 32417 32417 W ResourceType: For resource 0x7f150314, entry index(788) is beyond type entryCount(281)
09-02 17:13:29.921 32417 32417 W ResourceType: For resource 0x7f150264, entry index(612) is beyond type entryCount(281)
09-02 17:13:29.922 32417 32417 I chatty  : uid=10158(u0_a158) identical 1 line
09-02 17:13:29.922 32417 32417 W ResourceType: For resource 0x7f150264, entry index(612) is beyond type entryCount(281)
09-02 17:13:29.922 32417 32417 W ResourceType: For resource 0x7f150314, entry index(788) is beyond type entryCount(281)
09-02 17:13:29.926  3979  3994 D ConnectivityService: filterNetworkStateForUid() uid: 1000 networkInfo: [type: WIFI[] - WIFI, state: CONNECTED/CONNECTED, reason: (unspecified), extra: "WiFi 69", failover: false, available: true, roaming: false, metered: false]
09-02 17:13:29.927 32417 32417 W ResourceType: For resource 0x7f150264, entry index(612) is beyond type entryCount(281)
09-02 17:13:29.927 32417 32417 I chatty  : uid=10158(u0_a158) identical 1 line
09-02 17:13:29.928 32417 32417 W ResourceType: For resource 0x7f150264, entry index(612) is beyond type entryCount(281)
09-02 17:13:29.928 32417 32417 W ResourceType: For resource 0x7f150314, entry index(788) is beyond type entryCount(281)
09-02 17:13:29.928 32417 32417 W ResourceType: For resource 0x7f150264, entry index(612) is beyond type entryCount(281)
09-02 17:13:29.928 32417 32417 I chatty  : uid=10158(u0_a158) identical 1 line
09-02 17:13:29.928 32417 32417 W ResourceType: For resource 0x7f150264, entry index(612) is beyond type entryCount(281)
09-02 17:13:29.928 32417 32417 W ResourceType: For resource 0x7f150314, entry index(788) is beyond type entryCount(281)
09-02 17:13:29.929 32417 32417 W ResourceType: For resource 0x7f1506f1, entry index(1777) is beyond type entryCount(281)
09-02 17:13:29.929 32417 32417 I chatty  : uid=10158(u0_a158) identical 2 lines
09-02 17:13:29.930 32417 32417 W ResourceType: For resource 0x7f1506f1, entry index(1777) is beyond type entryCount(281)
09-02 17:13:29.930 32417 32417 W ResourceType: For resource 0x7f150264, entry index(612) is beyond type entryCount(281)
09-02 17:13:29.930 32417 32417 W ResourceType: For resource 0x7f1506f1, entry index(1777) is beyond type entryCount(281)
09-02 17:13:29.931 32417 32417 I chatty  : uid=10158(u0_a158) identical 11 lines
09-02 17:13:29.931 32417 32417 W ResourceType: For resource 0x7f1506f1, entry index(1777) is beyond type entryCount(281)
09-02 17:13:29.938  3979  3994 D SyncManager: failed sync operation JobId: 109703, com.opera.browser u0 (com.opera.browser.ping), com.opera.browser.ping.provider, SERVER, reason: 10158, SyncResult: delayUntil: 1693674809 stats [ numIoExceptions: 1]
09-02 17:13:29.943  3979  3994 D ConnectivityService: filterNetworkStateForUid() uid: 10158 networkInfo: [type: WIFI[] - WIFI, state: CONNECTED/CONNECTED, reason: (unspecified), extra: "WiFi 69", failover: false, available: true, roaming: false, metered: false]
09-02 17:13:29.947  3979  3994 D SamsungAlarmManager: setInexact Listener (T:2/F:0/AC:false) 20230902T171401 - CU:1000/CP:3979
09-02 17:13:29.947  3979  3994 I SamsungAlarmManager: setLocked to kernel - T:2 / 20230902T171401, SetElapsed=112822900, nowELAPSED=112791379
09-02 17:13:29.948 32417 32417 W ResourceType: For resource 0x7f1504f8, entry index(1272) is beyond type entryCount(281)
09-02 17:13:29.949 32417 32417 W ResourceType: For resource 0x7f150264, entry index(612) is beyond type entryCount(281)
09-02 17:13:29.949 32417 32417 W ResourceType: For resource 0x7f150264, entry index(612) is beyond type entryCount(281)
09-02 17:13:29.950 32417 32417 W ResourceType: For resource 0x7f15050e, entry index(1294) is beyond type entryCount(281)
09-02 17:13:29.950 32417 32417 W ResourceType: For resource 0x7f15061f, entry index(1567) is beyond type entryCount(281)
09-02 17:13:29.950 32417 32417 W ResourceType: For resource 0x7f15061f, entry index(1567) is beyond type entryCount(281)
09-02 17:13:29.950 32417 32417 W ResourceType: For resource 0x7f15058c, entry index(1420) is beyond type entryCount(281)
09-02 17:13:29.950 32417 32417 W ResourceType: For resource 0x7f150590, entry index(1424) is beyond type entryCount(281)
09-02 17:13:29.950 32417 32417 W ResourceType: For resource 0x7f15058e, entry index(1422) is beyond type entryCount(281)
09-02 17:13:29.950 32417 32417 W ResourceType: For resource 0x7f1504c3, entry index(1219) is beyond type entryCount(281)
09-02 17:13:29.950 32417 32417 W ResourceType: For resource 0x7f15059e, entry index(1438) is beyond type entryCount(281)
09-02 17:13:29.950 32417 32417 W ResourceType: For resource 0x7f150282, entry index(642) is beyond type entryCount(281)
09-02 17:13:29.950 32417 32417 W ResourceType: For resource 0x7f1504c3, entry index(1219) is beyond type entryCount(281)
09-02 17:13:29.950 32417 32417 W ResourceType: For resource 0x7f150719, entry index(1817) is beyond type entryCount(281)
09-02 17:13:29.950 32417 32417 W ResourceType: For resource 0x7f150578, entry index(1400) is beyond type entryCount(281)
09-02 17:13:29.950 32417 32417 W ResourceType: For resource 0x7f150284, entry index(644) is beyond type entryCount(281)
09-02 17:13:29.950 32417 32417 W ResourceType: For resource 0x7f150579, entry index(1401) is beyond type entryCount(281)
09-02 17:13:29.950 32417 32417 W ResourceType: For resource 0x7f1505e7, entry index(1511) is beyond type entryCount(281)
09-02 17:13:29.950 32417 32417 W ResourceType: For resource 0x7f15071e, entry index(1822) is beyond type entryCount(281)
09-02 17:13:29.950 32417 32417 I chatty  : uid=10158(u0_a158) identical 2 lines
09-02 17:13:29.950 32417 32417 W ResourceType: For resource 0x7f15071e, entry index(1822) is beyond type entryCount(281)
09-02 17:13:29.950 32417 32417 W ResourceType: For resource 0x7f150580, entry index(1408) is beyond type entryCount(281)
09-02 17:13:29.950 32417 32417 W ResourceType: For resource 0x7f15071e, entry index(1822) is beyond type entryCount(281)
09-02 17:13:29.950 32417 32417 W ResourceType: For resource 0x7f15017b, entry index(379) is beyond type entryCount(281)
09-02 17:13:29.950 32417 32417 W ResourceType: For resource 0x7f150283, entry index(643) is beyond type entryCount(281)
09-02 17:13:29.950 32417 32417 W ResourceType: For resource 0x7f1505a2, entry index(1442) is beyond type entryCount(281)
09-02 17:13:29.950 32417 32417 W ResourceType: For resource 0x7f1506f4, entry index(1780) is beyond type entryCount(281)
09-02 17:13:29.950 32417 32417 W ResourceType: For resource 0x7f150588, entry index(1416) is beyond type entryCount(281)
09-02 17:13:29.950 32417 32417 W ResourceType: For resource 0x7f15059f, entry index(1439) is beyond type entryCount(281)
09-02 17:13:29.950 32417 32417 W ResourceType: For resource 0x7f150649, entry index(1609) is beyond type entryCount(281)
09-02 17:13:29.950 32417 32417 W ResourceType: For resource 0x7f150442, entry index(1090) is beyond type entryCount(281)
09-02 17:13:29.950 32417 32417 W ResourceType: For resource 0x7f150718, entry index(1816) is beyond type entryCount(281)
09-02 17:13:29.950 32417 32417 W ResourceType: For resource 0x7f15017c, entry index(380) is beyond type entryCount(281)
09-02 17:13:29.950 32417 32417 W ResourceType: For resource 0x7f15059d, entry index(1437) is beyond type entryCount(281)
09-02 17:13:29.950 32417 32417 W ResourceType: For resource 0x7f15020a, entry index(522) is beyond type entryCount(281)
09-02 17:13:29.950 32417 32417 W ResourceType: For resource 0x7f150586, entry index(1414) is beyond type entryCount(281)
09-02 17:13:29.950 32417 32417 W ResourceType: For resource 0x7f15071c, entry index(1820) is beyond type entryCount(281)
09-02 17:13:29.950 32417 32417 W ResourceType: For resource 0x7f1502af, entry index(687) is beyond type entryCount(281)
09-02 17:13:29.950 32417 32417 W ResourceType: For resource 0x7f150274, entry index(628) is beyond type entryCount(281)
09-02 17:13:29.950 32417 32417 W ResourceType: For resource 0x7f150244, entry index(580) is beyond type entryCount(281)
09-02 17:13:29.950 32417 32417 W ResourceType: For resource 0x7f150274, entry index(628) is beyond type entryCount(281)
09-02 17:13:29.950 32417 32417 W ResourceType: For resource 0x7f150372, entry index(882) is beyond type entryCount(281)
09-02 17:13:29.950 32417 32417 W ResourceType: For resource 0x7f15035b, entry index(859) is beyond type entryCount(281)
09-02 17:13:29.950 32417 32417 W ResourceType: For resource 0x7f15035c, entry index(860) is beyond type entryCount(281)
09-02 17:13:29.950 32417 32417 W ResourceType: For resource 0x7f1502ad, entry index(685) is beyond type entryCount(281)
09-02 17:13:29.950 32417 32417 W ResourceType: For resource 0x7f150565, entry index(1381) is beyond type entryCount(281)
09-02 17:13:29.950 32417 32417 W ResourceType: For resource 0x7f150567, entry index(1383) is beyond type entryCount(281)
09-02 17:13:29.951  3979  3994 I SamsungAlarmManager: setLocked to kernel - T:2 / 20230902T171528, SetElapsed=112909690, nowELAPSED=112791383
09-02 17:13:29.951 32417 32417 W ResourceType: For resource 0x7f150264, entry index(612) is beyond type entryCount(281)
09-02 17:13:29.951 32417 32417 I chatty  : uid=10158(u0_a158) identical 1 line
09-02 17:13:29.951  3979  3994 D SamsungAlarmManager: setInexact Listener (T:2/F:0/AC:false) 20230902T172708 - CU:1000/CP:3979
09-02 17:13:29.951 32417 32417 W ResourceType: For resource 0x7f150264, entry index(612) is beyond type entryCount(281)
09-02 17:13:29.951 32417 32417 W ResourceType: For resource 0x7f150314, entry index(788) is beyond type entryCount(281)
09-02 17:13:29.952 32417 32417 W ResourceType: For resource 0x7f150264, entry index(612) is beyond type entryCount(281)
09-02 17:13:29.952 32417 32417 I chatty  : uid=10158(u0_a158) identical 1 line
09-02 17:13:29.952 32417 32417 W ResourceType: For resource 0x7f150264, entry index(612) is beyond type entryCount(281)
09-02 17:13:29.952 32417 32417 W ResourceType: For resource 0x7f150314, entry index(788) is beyond type entryCount(281)
09-02 17:13:29.954  3979  3994 D SamsungAlarmManager: setInexact Listener (T:2/F:0/AC:false) 20230902T181207 - CU:1000/CP:3979
09-02 17:13:29.958 32417 32417 W ResourceType: For resource 0x7f150264, entry index(612) is beyond type entryCount(281)
09-02 17:13:29.958 32417 32417 I chatty  : uid=10158(u0_a158) identical 1 line
09-02 17:13:29.958 32417 32417 W ResourceType: For resource 0x7f150264, entry index(612) is beyond type entryCount(281)
09-02 17:13:29.958 32417 32417 W ResourceType: For resource 0x7f150314, entry index(788) is beyond type entryCount(281)
09-02 17:13:29.959 32417 32417 W ResourceType: For resource 0x7f150264, entry index(612) is beyond type entryCount(281)
09-02 17:13:29.959 32417 32417 I chatty  : uid=10158(u0_a158) identical 1 line
09-02 17:13:29.959 32417 32417 W ResourceType: For resource 0x7f150264, entry index(612) is beyond type entryCount(281)
09-02 17:13:29.959 32417 32417 W ResourceType: For resource 0x7f150314, entry index(788) is beyond type entryCount(281)
09-02 17:13:29.960 32417 32417 W ResourceType: For resource 0x7f1506f1, entry index(1777) is beyond type entryCount(281)
09-02 17:13:29.960 32417 32417 I chatty  : uid=10158(u0_a158) identical 2 lines
09-02 17:13:29.960 32417 32417 W ResourceType: For resource 0x7f1506f1, entry index(1777) is beyond type entryCount(281)
09-02 17:13:29.960 32417 32417 W ResourceType: For resource 0x7f150264, entry index(612) is beyond type entryCount(281)
09-02 17:13:29.960 32417 32417 W ResourceType: For resource 0x7f1506f1, entry index(1777) is beyond type entryCount(281)
09-02 17:13:29.961 32417 32417 I chatty  : uid=10158(u0_a158) identical 11 lines
09-02 17:13:29.961 32417 32417 W ResourceType: For resource 0x7f1506f1, entry index(1777) is beyond type entryCount(281)
09-02 17:13:29.964  3979  3994 D ConnectivityService: filterNetworkStateForUid() uid: 1000 networkInfo: [type: WIFI[] - WIFI, state: CONNECTED/CONNECTED, reason: (unspecified), extra: "WiFi 69", failover: false, available: true, roaming: false, metered: false]
09-02 17:13:29.966  3979  3994 D ConnectivityService: filterNetworkStateForUid() uid: 10158 networkInfo: [type: WIFI[] - WIFI, state: CONNECTED/CONNECTED, reason: (unspecified), extra: "WiFi 69", failover: false, available: true, roaming: false, metered: false]
09-02 17:13:29.967 32417 32417 W ResourceType: For resource 0x7f1504f8, entry index(1272) is beyond type entryCount(281)
09-02 17:13:29.967 32417 32417 W ResourceType: For resource 0x7f150264, entry index(612) is beyond type entryCount(281)
09-02 17:13:29.967 32417 32417 W ResourceType: For resource 0x7f150264, entry index(612) is beyond type entryCount(281)
09-02 17:13:29.968 32417 32417 W ResourceType: For resource 0x7f15050e, entry index(1294) is beyond type entryCount(281)
09-02 17:13:29.968 32417 32417 W ResourceType: For resource 0x7f15061f, entry index(1567) is beyond type entryCount(281)
09-02 17:13:29.968 32417 32417 W ResourceType: For resource 0x7f15061f, entry index(1567) is beyond type entryCount(281)
09-02 17:13:29.968 32417 32417 W ResourceType: For resource 0x7f15058c, entry index(1420) is beyond type entryCount(281)
09-02 17:13:29.968 32417 32417 W ResourceType: For resource 0x7f150590, entry index(1424) is beyond type entryCount(281)
09-02 17:13:29.968 32417 32417 W ResourceType: For resource 0x7f15058e, entry index(1422) is beyond type entryCount(281)
09-02 17:13:29.968 32417 32417 W ResourceType: For resource 0x7f1504c3, entry index(1219) is beyond type entryCount(281)
09-02 17:13:29.968 32417 32417 W ResourceType: For resource 0x7f15059e, entry index(1438) is beyond type entryCount(281)
09-02 17:13:29.968 32417 32417 W ResourceType: For resource 0x7f150282, entry index(642) is beyond type entryCount(281)
09-02 17:13:29.968 32417 32417 W ResourceType: For resource 0x7f1504c3, entry index(1219) is beyond type entryCount(281)
09-02 17:13:29.968 32417 32417 W ResourceType: For resource 0x7f150719, entry index(1817) is beyond type entryCount(281)
09-02 17:13:29.968 32417 32417 W ResourceType: For resource 0x7f150578, entry index(1400) is beyond type entryCount(281)
09-02 17:13:29.968 32417 32417 W ResourceType: For resource 0x7f150284, entry index(644) is beyond type entryCount(281)
09-02 17:13:29.968 32417 32417 W ResourceType: For resource 0x7f150579, entry index(1401) is beyond type entryCount(281)
09-02 17:13:29.968 32417 32417 W ResourceType: For resource 0x7f1505e7, entry index(1511) is beyond type entryCount(281)
09-02 17:13:29.968 32417 32417 W ResourceType: For resource 0x7f15071e, entry index(1822) is beyond type entryCount(281)
09-02 17:13:29.968 32417 32417 I chatty  : uid=10158(u0_a158) identical 2 lines
09-02 17:13:29.968 32417 32417 W ResourceType: For resource 0x7f15071e, entry index(1822) is beyond type entryCount(281)
09-02 17:13:29.968 32417 32417 W ResourceType: For resource 0x7f150580, entry index(1408) is beyond type entryCount(281)
09-02 17:13:29.968 32417 32417 W ResourceType: For resource 0x7f15071e, entry index(1822) is beyond type entryCount(281)
09-02 17:13:29.968 32417 32417 W ResourceType: For resource 0x7f15017b, entry index(379) is beyond type entryCount(281)
09-02 17:13:29.968 32417 32417 W ResourceType: For resource 0x7f150283, entry index(643) is beyond type entryCount(281)
09-02 17:13:29.968 32417 32417 W ResourceType: For resource 0x7f1505a2, entry index(1442) is beyond type entryCount(281)
09-02 17:13:29.968 32417 32417 W ResourceType: For resource 0x7f1506f4, entry index(1780) is beyond type entryCount(281)
09-02 17:13:29.968 32417 32417 W ResourceType: For resource 0x7f150588, entry index(1416) is beyond type entryCount(281)
09-02 17:13:29.968 32417 32417 W ResourceType: For resource 0x7f15059f, entry index(1439) is beyond type entryCount(281)
09-02 17:13:29.968 32417 32417 W ResourceType: For resource 0x7f150649, entry index(1609) is beyond type entryCount(281)
09-02 17:13:29.968 32417 32417 W ResourceType: For resource 0x7f150442, entry index(1090) is beyond type entryCount(281)
09-02 17:13:29.968 32417 32417 W ResourceType: For resource 0x7f150718, entry index(1816) is beyond type entryCount(281)
09-02 17:13:29.968 32417 32417 W ResourceType: For resource 0x7f15017c, entry index(380) is beyond type entryCount(281)
09-02 17:13:29.968 32417 32417 W ResourceType: For resource 0x7f15059d, entry index(1437) is beyond type entryCount(281)
09-02 17:13:29.968 32417 32417 W ResourceType: For resource 0x7f15020a, entry index(522) is beyond type entryCount(281)
09-02 17:13:29.968 32417 32417 W ResourceType: For resource 0x7f150586, entry index(1414) is beyond type entryCount(281)
09-02 17:13:29.968 32417 32417 W ResourceType: For resource 0x7f15071c, entry index(1820) is beyond type entryCount(281)
09-02 17:13:29.968 32417 32417 W ResourceType: For resource 0x7f1502af, entry index(687) is beyond type entryCount(281)
09-02 17:13:29.968 32417 32417 W ResourceType: For resource 0x7f150274, entry index(628) is beyond type entryCount(281)
09-02 17:13:29.968 32417 32417 W ResourceType: For resource 0x7f150244, entry index(580) is beyond type entryCount(281)
09-02 17:13:29.968 32417 32417 W ResourceType: For resource 0x7f150274, entry index(628) is beyond type entryCount(281)
09-02 17:13:29.968 32417 32417 W ResourceType: For resource 0x7f150372, entry index(882) is beyond type entryCount(281)
09-02 17:13:29.968 32417 32417 W ResourceType: For resource 0x7f15035b, entry index(859) is beyond type entryCount(281)
09-02 17:13:29.968 32417 32417 W ResourceType: For resource 0x7f15035c, entry index(860) is beyond type entryCount(281)
09-02 17:13:29.968 32417 32417 W ResourceType: For resource 0x7f1502ad, entry index(685) is beyond type entryCount(281)
09-02 17:13:29.968 32417 32417 W ResourceType: For resource 0x7f150565, entry index(1381) is beyond type entryCount(281)
09-02 17:13:29.968 32417 32417 W ResourceType: For resource 0x7f150567, entry index(1383) is beyond type entryCount(281)
09-02 17:13:29.968 32417 32417 W ResourceType: For resource 0x7f150264, entry index(612) is beyond type entryCount(281)
09-02 17:13:29.969 32417 32417 I chatty  : uid=10158(u0_a158) identical 1 line
09-02 17:13:29.969 32417 32417 W ResourceType: For resource 0x7f150264, entry index(612) is beyond type entryCount(281)
09-02 17:13:29.969 32417 32417 W ResourceType: For resource 0x7f150314, entry index(788) is beyond type entryCount(281)
09-02 17:13:29.970 32417 32417 W ResourceType: For resource 0x7f150264, entry index(612) is beyond type entryCount(281)
09-02 17:13:29.970 32417 32417 I chatty  : uid=10158(u0_a158) identical 1 line
09-02 17:13:29.970 32417 32417 W ResourceType: For resource 0x7f150264, entry index(612) is beyond type entryCount(281)
09-02 17:13:29.970 32417 32417 W ResourceType: For resource 0x7f150314, entry index(788) is beyond type entryCount(281)
09-02 17:13:29.974 32417 32417 W ResourceType: For resource 0x7f150264, entry index(612) is beyond type entryCount(281)
09-02 17:13:29.975 32417 32417 I chatty  : uid=10158(u0_a158) identical 1 line
09-02 17:13:29.975 32417 32417 W ResourceType: For resource 0x7f150264, entry index(612) is beyond type entryCount(281)
09-02 17:13:29.975 32417 32417 W ResourceType: For resource 0x7f150314, entry index(788) is beyond type entryCount(281)
09-02 17:13:29.975 32417 32417 W ResourceType: For resource 0x7f150264, entry index(612) is beyond type entryCount(281)
09-02 17:13:29.975 32417 32417 I chatty  : uid=10158(u0_a158) identical 1 line
09-02 17:13:29.975 32417 32417 W ResourceType: For resource 0x7f150264, entry index(612) is beyond type entryCount(281)
09-02 17:13:29.975 32417 32417 W ResourceType: For resource 0x7f150314, entry index(788) is beyond type entryCount(281)
09-02 17:13:29.976 32417 32417 W ResourceType: For resource 0x7f1506f1, entry index(1777) is beyond type entryCount(281)
09-02 17:13:29.976 32417 32417 I chatty  : uid=10158(u0_a158) identical 2 lines
09-02 17:13:29.976 32417 32417 W ResourceType: For resource 0x7f1506f1, entry index(1777) is beyond type entryCount(281)
09-02 17:13:29.976 32417 32417 W ResourceType: For resource 0x7f150264, entry index(612) is beyond type entryCount(281)
09-02 17:13:29.976 32417 32417 W ResourceType: For resource 0x7f1506f1, entry index(1777) is beyond type entryCount(281)
09-02 17:13:29.977 32417 32417 I chatty  : uid=10158(u0_a158) identical 11 lines
09-02 17:13:29.977 32417 32417 W ResourceType: For resource 0x7f1506f1, entry index(1777) is beyond type entryCount(281)
09-02 17:13:29.978 32417 32417 W ResourceType: For resource 0x7f1504f8, entry index(1272) is beyond type entryCount(281)
09-02 17:13:29.978 32417 32417 W ResourceType: For resource 0x7f150264, entry index(612) is beyond type entryCount(281)
09-02 17:13:29.978 32417 32417 W ResourceType: For resource 0x7f150264, entry index(612) is beyond type entryCount(281)
09-02 17:13:29.979 32417 32417 W ResourceType: For resource 0x7f15050e, entry index(1294) is beyond type entryCount(281)
09-02 17:13:29.979 32417 32417 W ResourceType: For resource 0x7f15061f, entry index(1567) is beyond type entryCount(281)
09-02 17:13:29.979 32417 32417 W ResourceType: For resource 0x7f15061f, entry index(1567) is beyond type entryCount(281)
09-02 17:13:29.979 32417 32417 W ResourceType: For resource 0x7f15058c, entry index(1420) is beyond type entryCount(281)
09-02 17:13:29.979 32417 32417 W ResourceType: For resource 0x7f150590, entry index(1424) is beyond type entryCount(281)
09-02 17:13:29.979 32417 32417 W ResourceType: For resource 0x7f15058e, entry index(1422) is beyond type entryCount(281)
09-02 17:13:29.979 32417 32417 W ResourceType: For resource 0x7f1504c3, entry index(1219) is beyond type entryCount(281)
09-02 17:13:29.979 32417 32417 W ResourceType: For resource 0x7f15059e, entry index(1438) is beyond type entryCount(281)
09-02 17:13:29.979 32417 32417 W ResourceType: For resource 0x7f150282, entry index(642) is beyond type entryCount(281)
09-02 17:13:29.979 32417 32417 W ResourceType: For resource 0x7f1504c3, entry index(1219) is beyond type entryCount(281)
09-02 17:13:29.979 32417 32417 W ResourceType: For resource 0x7f150719, entry index(1817) is beyond type entryCount(281)
09-02 17:13:29.979 32417 32417 W ResourceType: For resource 0x7f150578, entry index(1400) is beyond type entryCount(281)
09-02 17:13:29.979 32417 32417 W ResourceType: For resource 0x7f150284, entry index(644) is beyond type entryCount(281)
09-02 17:13:29.979 32417 32417 W ResourceType: For resource 0x7f150579, entry index(1401) is beyond type entryCount(281)
09-02 17:13:29.979 32417 32417 W ResourceType: For resource 0x7f1505e7, entry index(1511) is beyond type entryCount(281)
09-02 17:13:29.979 32417 32417 W ResourceType: For resource 0x7f15071e, entry index(1822) is beyond type entryCount(281)
09-02 17:13:29.979 32417 32417 I chatty  : uid=10158(u0_a158) identical 2 lines
09-02 17:13:29.979 32417 32417 W ResourceType: For resource 0x7f15071e, entry index(1822) is beyond type entryCount(281)
09-02 17:13:29.979 32417 32417 W ResourceType: For resource 0x7f150580, entry index(1408) is beyond type entryCount(281)
09-02 17:13:29.979 32417 32417 W ResourceType: For resource 0x7f15071e, entry index(1822) is beyond type entryCount(281)
09-02 17:13:29.979 32417 32417 W ResourceType: For resource 0x7f15017b, entry index(379) is beyond type entryCount(281)
09-02 17:13:29.979 32417 32417 W ResourceType: For resource 0x7f150283, entry index(643) is beyond type entryCount(281)
09-02 17:13:29.979 32417 32417 W ResourceType: For resource 0x7f1505a2, entry index(1442) is beyond type entryCount(281)
09-02 17:13:29.979 32417 32417 W ResourceType: For resource 0x7f1506f4, entry index(1780) is beyond type entryCount(281)
09-02 17:13:29.979 32417 32417 W ResourceType: For resource 0x7f150588, entry index(1416) is beyond type entryCount(281)
09-02 17:13:29.979 32417 32417 W ResourceType: For resource 0x7f15059f, entry index(1439) is beyond type entryCount(281)
09-02 17:13:29.979 32417 32417 W ResourceType: For resource 0x7f150649, entry index(1609) is beyond type entryCount(281)
09-02 17:13:29.979 32417 32417 W ResourceType: For resource 0x7f150442, entry index(1090) is beyond type entryCount(281)
09-02 17:13:29.979 32417 32417 W ResourceType: For resource 0x7f150718, entry index(1816) is beyond type entryCount(281)
09-02 17:13:29.979 32417 32417 W ResourceType: For resource 0x7f15017c, entry index(380) is beyond type entryCount(281)
09-02 17:13:29.979 32417 32417 W ResourceType: For resource 0x7f15059d, entry index(1437) is beyond type entryCount(281)
09-02 17:13:29.979 32417 32417 W ResourceType: For resource 0x7f15020a, entry index(522) is beyond type entryCount(281)
