09-02 18:52:03.706  7881 10732 E fb4a.T157805820: TigonCellTowerInfoPapayaLogger::logRequestIfNeeded
09-02 18:52:03.706  7881 10732 E fb4a.T157805820: NetworkUtilisationLogger::logRequestIfNeeded
09-02 18:52:03.708  7881 10728 E fb4a.T157805820: TigonMhrLogger::logRequestIfNeeded
09-02 18:52:03.708  7881 10728 E fb4a.T157805820: TigonWifiInfoLogger::init
09-02 18:52:03.708  7881  4225 E fb4a.msys: E[N data-request]_HandleDataResponse(1782)=>Data request error for task 00562627-5453-48e8-a053-56160a09dec2 (response type 1): (null)
09-02 18:52:03.708  7881 10728 E fb4a.T157805820: TigonMhrFbcLogger::logRequestIfNeeded
09-02 18:52:03.708  7881 10728 E fb4a.T157805820: TigonCellTowerInfoLogger::logRequestIfNeeded
09-02 18:52:03.709  7881 10728 E fb4a.T157805820: TigonCertificateVerificationLogger::logRequestIfNeeded
09-02 18:52:03.709  7881 10728 E fb4a.T157805820: TigonTransientAnalysisLogger::logRequestIfNeeded
09-02 18:52:03.709  7881 10728 E fb4a.T157805820: TigonProviderConnectionDeviceInfoLogger::logRequestIfNeeded
09-02 18:52:03.710  7881 10728 E fb4a.T157805820: TigonCellTowerInfoPapayaLogger::logRequestIfNeeded
09-02 18:52:03.710  7881 10728 E fb4a.T157805820: NetworkUtilisationLogger::logRequestIfNeeded
09-02 18:52:03.711  7881  4229 E fb4a.msys: E[S sync]_createResponseError(195)=>Network Response 00562627-5453-48e8-a053-56160a09dec2 contains sync error Error Domain=com.facebook.http.error Code=401 UserInfo=0xc7b5a500 {MCFErrorDirectLocalizedDescriptionKey=Client error} - Underlying error (null): Error Domain=com.facebook.http.error Code=401 UserInfo=0xc7b5a500 {MCFErrorDirectLocalizedDescriptionKey=Client error}
09-02 18:52:03.738 11333 11685 I BatteryMgr:DataCollectionService: stats => 1693673523738,-178,4287
09-02 18:52:03.787  3979  6264 D BatteryService: !@BatteryListener : batteryPropertiesChanged!
09-02 18:52:03.788  3979  6264 D BatteryService: level:100, scale:100, status:5, health:2, present:true, voltage: 4224, temperature: 283, technology: Li-ion, AC powered:false, USB powered:true, POGO powered:false, Wireless powered:false, icon:17303834, invalid charger:0, maxChargingCurrent:0, maxChargingVoltage:0, chargeCounter:0
09-02 18:52:03.788  3979  6264 D BatteryService: online:4, current avg:-193, charge type:1, power sharing:false, high voltage charger:false, capacity:280000, batterySWSelfDischarging:false, misc_event:0, current_event:0, current_now:-178
09-02 18:52:03.788  3979  3979 D BatteryService: Sending ACTION_BATTERY_CHANGED.
09-02 18:52:03.790  3979  3979 D SamsungPhoneWindowManager: ACTION_BATTERY_CHANGED - Level :: 100, battStatus :: 5
09-02 18:52:03.791  3979  3979 I MotionRecognitionService: Plugged
09-02 18:52:03.791  3979  3979 D MotionRecognitionService:   mCableConnection= 1
09-02 18:52:03.791  3979  3979 D MotionRecognitionService: setPowerConnected : mGripEnabled = false
09-02 18:52:03.792  3979  4002 D UsbDeviceManager: handleMessage -> MSG_UPDATE_CHARGING_STATE = 1
09-02 18:52:03.793  4349  4349 D KeyguardUpdateMonitor: received broadcast android.intent.action.BATTERY_CHANGED
09-02 18:52:03.795  4349  4349 D BatteryController: onReceive-ACTION_BATTERY_CHANGED : mLevel=100, mBatteryStatus=5
09-02 18:52:03.804  4349  4349 D PowerUI : priorPlugType = 2 mPlugType =  2
09-02 18:52:03.850 11333 11685 I BatteryMgr:DataCollectionService: stats => 1693673523849,-178,4224
09-02 18:52:03.854  7881 10728 E fb4a.T157805820: TigonMhrLogger::logRequestIfNeeded
09-02 18:52:03.854  7881 10728 E fb4a.T157805820: TigonWifiInfoLogger::init
09-02 18:52:03.854  7881  4225 E fb4a.msys: E[N data-request]_HandleDataResponse(1782)=>Data request error for task af299c4d-f78a-4416-b016-680a3174b5ac (response type 1): (null)
09-02 18:52:03.855  7881 10728 E fb4a.T157805820: TigonMhrFbcLogger::logRequestIfNeeded
09-02 18:52:03.855  7881 10728 E fb4a.T157805820: TigonCellTowerInfoLogger::logRequestIfNeeded
09-02 18:52:03.855  7881 10728 E fb4a.T157805820: TigonCertificateVerificationLogger::logRequestIfNeeded
09-02 18:52:03.855  7881 10728 E fb4a.T157805820: TigonTransientAnalysisLogger::logRequestIfNeeded
09-02 18:52:03.855  7881 10728 E fb4a.T157805820: TigonProviderConnectionDeviceInfoLogger::logRequestIfNeeded
09-02 18:52:03.855  7881 10728 E fb4a.T157805820: TigonCellTowerInfoPapayaLogger::logRequestIfNeeded
09-02 18:52:03.855  7881 10728 E fb4a.T157805820: NetworkUtilisationLogger::logRequestIfNeeded
09-02 18:52:03.857  7881  4229 E fb4a.msys: E[S sync]_createResponseError(195)=>Network Response af299c4d-f78a-4416-b016-680a3174b5ac contains sync error Error Domain=com.facebook.http.error Code=401 UserInfo=0xc81ec700 {MCFErrorDirectLocalizedDescriptionKey=Client error} - Underlying error (null): Error Domain=com.facebook.http.error Code=401 UserInfo=0xc81ec700 {MCFErrorDirectLocalizedDescriptionKey=Client error}
09-02 18:52:03.861  7881  4225 E fb4a.msys: E[N data-request]_HandleDataResponse(1782)=>Data request error for task a33c3361-09c0-47e8-8a7f-0b3f053c77c0 (response type 1): (null)
09-02 18:52:03.862  7881 10760 E fb4a.T157805820: TigonMhrLogger::logRequestIfNeeded
09-02 18:52:03.862  7881 10760 E fb4a.T157805820: TigonWifiInfoLogger::init
09-02 18:52:03.862  7881 10760 E fb4a.T157805820: TigonMhrFbcLogger::logRequestIfNeeded
09-02 18:52:03.862  7881 10760 E fb4a.T157805820: TigonCellTowerInfoLogger::logRequestIfNeeded
09-02 18:52:03.863  7881 10760 E fb4a.T157805820: TigonCertificateVerificationLogger::logRequestIfNeeded
09-02 18:52:03.863  7881 10760 E fb4a.T157805820: TigonTransientAnalysisLogger::logRequestIfNeeded
09-02 18:52:03.863  7881 10760 E fb4a.T157805820: TigonProviderConnectionDeviceInfoLogger::logRequestIfNeeded
09-02 18:52:03.863  7881 10760 E fb4a.T157805820: TigonCellTowerInfoPapayaLogger::logRequestIfNeeded
09-02 18:52:03.863  7881 10760 E fb4a.T157805820: NetworkUtilisationLogger::logRequestIfNeeded
09-02 18:52:03.880  7881  4229 E fb4a.msys: E[S sync]_createResponseError(195)=>Network Response a33c3361-09c0-47e8-8a7f-0b3f053c77c0 contains sync error Error Domain=com.facebook.http.error Code=401 UserInfo=0xc7e8f500 {MCFErrorDirectLocalizedDescriptionKey=Client error} - Underlying error (null): Error Domain=com.facebook.http.error Code=401 UserInfo=0xc7e8f500 {MCFErrorDirectLocalizedDescriptionKey=Client error}
09-02 18:52:03.881  7881  8242 E fb4a.T157805820: TigonMhrLogger::logRequestIfNeeded
09-02 18:52:03.881  7881  8242 E fb4a.T157805820: TigonWifiInfoLogger::init
09-02 18:52:03.881  7881  8242 E fb4a.T157805820: TigonMhrFbcLogger::logRequestIfNeeded
09-02 18:52:03.881  7881  8242 E fb4a.T157805820: TigonCellTowerInfoLogger::logRequestIfNeeded
09-02 18:52:03.881  7881  8242 E fb4a.T157805820: TigonCertificateVerificationLogger::logRequestIfNeeded
09-02 18:52:03.881  7881  8242 E fb4a.T157805820: TigonTransientAnalysisLogger::logRequestIfNeeded
09-02 18:52:03.881  7881  8242 E fb4a.T157805820: TigonProviderConnectionDeviceInfoLogger::logRequestIfNeeded
09-02 18:52:03.887  7881  8242 E fb4a.T157805820: TigonCellTowerInfoPapayaLogger::logRequestIfNeeded
09-02 18:52:03.887  7881  8242 E fb4a.T157805820: NetworkUtilisationLogger::logRequestIfNeeded
09-02 18:52:03.958 11333 11685 I BatteryMgr:DataCollectionService: stats => 1693673523958,-178,4224
09-02 18:52:04.068 11333 11685 I BatteryMgr:DataCollectionService: stats => 1693673524068,-178,4224
09-02 18:52:04.107  7881 11583 E fb4a.T157805820: TigonMhrLogger::logRequestIfNeeded
09-02 18:52:04.107  7881 11583 E fb4a.T157805820: TigonWifiInfoLogger::init
09-02 18:52:04.107  7881  4225 E fb4a.msys: E[N data-request]_HandleDataResponse(1782)=>Data request error for task 545ce4c8-a1f8-43d7-bc62-1b0ea8b1cb6d (response type 1): (null)
09-02 18:52:04.108  7881 11583 E fb4a.T157805820: TigonMhrFbcLogger::logRequestIfNeeded
09-02 18:52:04.108  7881 11583 E fb4a.T157805820: TigonCellTowerInfoLogger::logRequestIfNeeded
09-02 18:52:04.108  7881 11583 E fb4a.T157805820: TigonCertificateVerificationLogger::logRequestIfNeeded
09-02 18:52:04.108  7881 11583 E fb4a.T157805820: TigonTransientAnalysisLogger::logRequestIfNeeded
09-02 18:52:04.108  7881 11583 E fb4a.T157805820: TigonProviderConnectionDeviceInfoLogger::logRequestIfNeeded
09-02 18:52:04.108  7881 11583 E fb4a.T157805820: TigonCellTowerInfoPapayaLogger::logRequestIfNeeded
09-02 18:52:04.109  7881 11583 E fb4a.T157805820: NetworkUtilisationLogger::logRequestIfNeeded
09-02 18:52:04.109  7881  4229 E fb4a.msys: E[S task_queue_handling]MCDLightSpeedTaskExecutorNetworkCompletionCallback(1017)=>Handling send error for taskId=6 batchSize=1 queue=secure_message_over_wa_generate_cat
09-02 18:52:04.110  7881  4229 E fb4a.msys: E[S task_queue_handling]MCDLightSpeedTaskExecutorNetworkCompletionCallback(1071)=>Error content with 18 bytes: Error Domain=com.facebook.http.error Code=401 UserInfo=0xc91e2100 {MCFErrorDirectLocalizedDescriptionKey=Client error}
09-02 18:52:04.175 11333 11685 I BatteryMgr:DataCollectionService: stats => 1693673524174,-178,4224
09-02 18:52:04.280 11333 11685 I BatteryMgr:DataCollectionService: stats => 1693673524280,-178,4224
09-02 18:52:04.392 11333 11685 I BatteryMgr:DataCollectionService: stats => 1693673524392,-178,4224
09-02 18:52:04.498 11333 11685 I BatteryMgr:DataCollectionService: stats => 1693673524498,-178,4224
09-02 18:52:04.603 11333 11685 I BatteryMgr:DataCollectionService: stats => 1693673524603,-178,4224
09-02 18:52:04.708 11333 11685 I BatteryMgr:DataCollectionService: stats => 1693673524708,-178,4224
09-02 18:52:04.813 11333 11685 I BatteryMgr:DataCollectionService: stats => 1693673524813,-178,4224
09-02 18:52:04.918 11333 11685 I BatteryMgr:DataCollectionService: stats => 1693673524918,-178,4224
09-02 18:52:05.026 11333 11685 I BatteryMgr:DataCollectionService: stats => 1693673525025,-178,4224
09-02 18:52:05.087  3979  4484 E Watchdog: !@Sync 2134 [2023-09-02 18:52:05.087]
09-02 18:52:05.135 11333 11685 I BatteryMgr:DataCollectionService: stats => 1693673525135,-178,4224
09-02 18:52:05.180  3979  6264 D SamsungAlarmManager: Cancel Alarm calling from uid:10025 pid :22051 / op:PendingIntent{491379b: PendingIntentRecord{517d71c com.google.android.gms startService}}
09-02 18:52:05.246 11333 11685 I BatteryMgr:DataCollectionService: stats => 1693673525245,-178,4224
09-02 18:52:05.356 11333 11685 I BatteryMgr:DataCollectionService: stats => 1693673525356,-178,4224
09-02 18:52:05.467 11333 11685 I BatteryMgr:DataCollectionService: stats => 1693673525466,-178,4224
09-02 18:52:05.540  3449  3449 I android.hardware.wifi@1.0-service: getLinkLayerStats
09-02 18:52:05.577 11333 11685 I BatteryMgr:DataCollectionService: stats => 1693673525576,-178,4224
09-02 18:52:05.605 11722 11722 I dex2oat : Large app, accepted running with swap.
09-02 18:52:05.615 11722 11722 I dex2oat : Running dex2oat (parent PID = 3608)
09-02 18:52:05.683 11333 11685 I BatteryMgr:DataCollectionService: stats => 1693673525683,-178,4224
09-02 18:52:05.789 11333 11685 I BatteryMgr:DataCollectionService: stats => 1693673525789,-178,4224
09-02 18:52:05.893 11333 11685 I BatteryMgr:DataCollectionService: stats => 1693673525893,-178,4224
09-02 18:52:05.998 11333 11685 I BatteryMgr:DataCollectionService: stats => 1693673525998,-178,4224
09-02 18:52:06.104 11333 11685 I BatteryMgr:DataCollectionService: stats => 1693673526104,-178,4224
09-02 18:52:06.209 11333 11685 I BatteryMgr:DataCollectionService: stats => 1693673526209,-178,4224
09-02 18:52:06.316 11333 11685 I BatteryMgr:DataCollectionService: stats => 1693673526316,-178,4224
09-02 18:52:06.345  3979  6899 D SSRM:G  : SIOP:: AP = 370, PST = 324 (W:10), BAT = 283, USB = 0, CHG = 0
09-02 18:52:06.421 11333 11685 I BatteryMgr:DataCollectionService: stats => 1693673526421,-178,4224
09-02 18:52:06.499  4962  4962 D io_stats: !@ 179,0 r 784649 23342420 w 631015 12872280 d 67327 20822296 f 148344 152030 iot 721484 608173 th 51200 0 0 pt 0 inp 0 0 64059.744
09-02 18:52:06.526 11333 11685 I BatteryMgr:DataCollectionService: stats => 1693673526526,-178,4224
09-02 18:52:06.631 11333 11685 I BatteryMgr:DataCollectionService: stats => 1693673526631,-178,4224
09-02 18:52:06.737 11333 11685 I BatteryMgr:DataCollectionService: stats => 1693673526736,-178,4224
09-02 18:52:06.841 11333 11685 I BatteryMgr:DataCollectionService: stats => 1693673526841,-178,4224
09-02 18:52:06.946 11333 11685 I BatteryMgr:DataCollectionService: stats => 1693673526946,-178,4224
09-02 18:52:07.051 11333 11685 I BatteryMgr:DataCollectionService: stats => 1693673527051,-178,4224
09-02 18:52:07.156 11333 11685 I BatteryMgr:DataCollectionService: stats => 1693673527156,-178,4224
09-02 18:52:07.159 14031 14031 E adbd    : recv: OPEN 0002675a 00000000 0029:73 68 65 6C 6C 2C 76 32 2C 54 45 52 4D 3D 78 74 65 72 6D 2D 32 35 36 63 6F 6C 6F 72 2C 72 61 77 3A 64 61 74 65 20 2D 75 00 
09-02 18:52:07.159 14031 14031 E adbd    : service_to_fd: shell,v2,TERM=xterm-256color,raw:date -u
09-02 18:52:07.176 14031 14031 E adbd    : recv: OPEN 0002675d 00000000 00c6:73 68 65 6C 6C 2C 76 32 2C 54 45 52 4D 3D 78 74 65 72 6D 2D 32 35 36 63 6F 6C 6F 72 2C 72 61 77 3A 61 6D 20 73 74 61 72 74 20 2D 61 20 61 6E 64 72 6F 69 64 2E 69 6E 74 65 6E 74 2E 61 63 74 69 6F 6E 2E 56 49 45 57 20 2D 6E 20 63 6F 6D 2E 61 6E 64 72 6F 69 64 2E 63 68 72 6F 6D 65 2F 63 6F 6D 2E 67 6F 6F 67 6C 65 2E 61 6E 64 72 6F 69 64 2E 61 70 70 73 2E 63 68 72 6F 6D 65 2E 4D 61 69 6E 20 2D 64 20 68 74 74 70 3A 2F 2F 31 39 32 2E 31 36 38 2E 38 38 2E 31 37 37 3A 38 30 30 30 2F 53 6F 63 69 61 6C 2F 6D 79 61 73 69 61 6E 74 76 2D 76 65 6E 64 6F 72 2F 6D 79 61 73 69 61 6E 74 76 2E 63 78 2F 00 
09-02 18:52:07.176 14031 14031 E adbd    : service_to_fd: shell,v2,TERM=xterm-256color,raw:am start -a android.intent.action.VIEW -n com.android.chrome/com.google.android.apps.chrome.Main -d http://192.168.88.177:8000/Social/myasiantv-vendor/myasiantv.cx/
09-02 18:52:07.246 14031 14031 E adbd    : recv: OPEN 00026760 00000000 003e:73 68 65 6C 6C 2C 76 32 2C 54 45 52 4D 3D 78 74 65 72 6D 2D 32 35 36 63 6F 6C 6F 72 2C 72 61 77 3A 64 75 6D 70 73 79 73 20 63 70 75 69 6E 66 6F 20 7C 20 67 72 65 70 20 54 4F 54 41 4C 00 
09-02 18:52:07.246 14031 14031 E adbd    : service_to_fd: shell,v2,TERM=xterm-256color,raw:dumpsys cpuinfo | grep TOTAL
09-02 18:52:07.261 11333 11685 I BatteryMgr:DataCollectionService: stats => 1693673527261,-178,4224
09-02 18:52:07.268  3979  5925 I ActivityManager: START u0 {act=android.intent.action.VIEW typ=null flg=0x10000000 cmp=ComponentInfo{com.android.chrome/com.google.android.apps.chrome.Main}} from uid 2000
09-02 18:52:07.270  3979  5925 D CustomFrequencyManagerService: acquireDVFSLockLocked : type : DVFS_MIN_LIMIT  frequency : 1560000  uid : 1000  pid : 3979  pkgName : AMS_ACT_START@CPU_MIN@8
09-02 18:52:07.270  3979  5925 D ActivityManagerPerformance: AMP_acquire() ACT_START
09-02 18:52:07.302 11385 11385 D InputMethodManager: HSIFW - flag : 0 Pid : 11385
09-02 18:52:07.303  3979  5979 V InputMethodManagerService: Client requesting input be hidden, flags : 0
09-02 18:52:07.303  3979  5979 V InputMethodManagerService: hideCurrentInputLocked : shouldHideSoftInput is false
09-02 18:52:07.303 11385 11385 V InputMethodManager: Starting input: tba=android.view.inputmethod.EditorInfo@85848b nm : com.android.chrome ic=null
09-02 18:52:07.303 11385 11385 I InputMethodManager: startInputInner - mService.startInputOrWindowGainedFocus
09-02 18:52:07.304  3979  5979 D InputMethodManagerService: startInputOrWindowGainedFocus : startInput 
09-02 18:52:07.304  3979  5979 D InputMethodManagerService: setCurrentInputInfo - inputContext : null eidtorInfo : android.view.inputmethod.EditorInfo@d354c76 missingMethods : 0
09-02 18:52:07.305  4336  4336 I InputMethodWrapper:  call dispatchStartInputWithToken
09-02 18:52:07.305  4336  4336 I InputMethodService: dispatchStartInputWithToken
09-02 18:52:07.305  4336  4336 I SKBD    : SamsungKeypad [IMI] onStartInput - caller pid : 11385, caller uid : 10096
09-02 18:52:07.305  4336  4336 I SKBD    : SamsungKeypad  CACHEDIC onStartInput  isCachedICEnabled:  false
09-02 18:52:07.305  4336  4336 I SKBD    : atl getDefaultInputRange : UNKNOWN
09-02 18:52:07.305  4336  4336 I SKBD    : awo resetBinderManager()
09-02 18:52:07.306  4336  4336 I SKBD_SYNC: SamsungKeypad onStartInput: import DLM
09-02 18:52:07.306  4336  4336 I SKBD    : atl setPrivateImeOptionsToTable privateImeOptions ( null )
09-02 18:52:07.306  4336  4336 I SKBD    : atl imeOptions is null
09-02 18:52:07.306  4336  4336 I SKBD    : SamsungKeypad [PF_OP][onStartInput] 363115
09-02 18:52:07.314  3979  5979 D ConnectivityService: filterNetworkStateForUid() uid: 10096 networkInfo: [type: WIFI[] - WIFI, state: CONNECTED/CONNECTED, reason: (unspecified), extra: "WiFi 69", failover: false, available: true, roaming: false, metered: false]
09-02 18:52:07.319 11385 11385 E cr_IntentUtils: getInt failed on bundle null
09-02 18:52:07.324 11385 11385 E ResourceType: Style contains key with bad entry: 0x0101062c
09-02 18:52:07.330  3979  5979 D ConnectivityService: filterNetworkStateForUid() uid: 10096 networkInfo: [type: WIFI[] - WIFI, state: CONNECTED/CONNECTED, reason: (unspecified), extra: "WiFi 69", failover: false, available: true, roaming: false, metered: false]
09-02 18:52:07.332 14031 14031 E adbd    : recv: OPEN 00026763 00000000 003d:73 68 65 6C 6C 2C 76 32 2C 54 45 52 4D 3D 78 74 65 72 6D 2D 32 35 36 63 6F 6C 6F 72 2C 72 61 77 3A 64 75 6D 70 73 79 73 20 6D 65 6D 69 6E 66 6F 20 7C 20 67 72 65 70 20 55 73 65 64 00 
09-02 18:52:07.332 14031 14031 E adbd    : service_to_fd: shell,v2,TERM=xterm-256color,raw:dumpsys meminfo | grep Used
09-02 18:52:07.337 11545 11556 V ClearcutMetricXmitter: Transmission is done.
09-02 18:52:07.346  3979  5925 I ApplicationPolicy: isApplicationExternalStorageWhitelisted:com.android.chrome user:0
09-02 18:52:07.346  3979  5925 D ApplicationPolicy: isApplicationExternalStorageWhitelisted: DO is not enabled on user 0. Allowed.
09-02 18:52:07.346  3979  5925 D ActivityManager: package  com.android.chrome, user - 0 is SDcard whitelisted
09-02 18:52:07.347  3979  5925 I ApplicationPolicy: isApplicationExternalStorageBlacklisted:com.android.chrome user:0
09-02 18:52:07.347  3979  5925 D ApplicationPolicy: isApplicationExternalStorageBlacklisted: DO is not enabled on user 0. Allowed.
09-02 18:52:07.347  3979  5925 I ActivityManager: SA, print process name forked by webview_zygote : com.android.chrome:sandboxed_process1
09-02 18:52:07.350 11545 11556 V ClearcutMetricXmitter: Transmission is done.
09-02 18:52:07.374  4443  4443 E SchedPolicy: add_tid_to_cgroup failed; fd=-1
09-02 18:52:07.381 11385 11385 I cr_tabmodel: Appending tabs being restored to metadata lists, 0, startingNormalCount: 139, startingIncognitoCount: 0
09-02 18:52:07.381 11385 11385 I cr_tabmodel: Serializing tab lists; counts: 139, 0
09-02 18:52:07.385 11385 11385 D InputMethodManager: HSIFW - flag : 0 Pid : 11385
09-02 18:52:07.386  3979  9236 V InputMethodManagerService: Client requesting input be hidden, flags : 0
09-02 18:52:07.386  3979  9236 V InputMethodManagerService: hideCurrentInputLocked : shouldHideSoftInput is false
09-02 18:52:07.394 11762 11762 E /system/bin/webview_zygote32: failed to make and chown /acct/uid_99368: Permission denied
09-02 18:52:07.394 11762 11762 E Zygote  : createProcessGroup(99368, 0) failed: Permission denied
09-02 18:52:07.395 11762 11762 E libpersona: Couldn't open the File - /data/system/users/0.xml - Permission denied
09-02 18:52:07.396  3979  5925 W ActivityManager: Slow operation: 51ms so far, now at startProcess: returned from zygote!
09-02 18:52:07.396  3979  5925 W ActivityManager: Slow operation: 51ms so far, now at startProcess: done updating battery stats
09-02 18:52:07.396  3979  5925 W ActivityManager: Slow operation: 51ms so far, now at startProcess: building log message
09-02 18:52:07.397 11762 11762 W SELinux : SELinux selinux_android_compute_policy_index : Policy Index[2],  Con:u:r:webview_zygote:s0 RAM:SEPF_SM-J720F_8.0.0_0017, [-1 -1 -1 -1 0 1]
09-02 18:52:07.397  3979  5925 I ActivityManager: Start proc 11762:com.android.chrome:sandboxed_process1/u0i368 for webview_service com.android.chrome/org.chromium.content.app.SandboxedProcessService1
09-02 18:52:07.397  3979  5925 W ActivityManager: Slow operation: 51ms so far, now at startProcess: starting to update pids map
09-02 18:52:07.397  3979  5925 W ActivityManager: Slow operation: 51ms so far, now at startProcess: done updating pids map
09-02 18:52:07.397  3979  5925 W ActivityManager: Slow operation: 51ms so far, now at startProcess: done starting proc!
09-02 18:52:07.398 11762 11762 I SELinux : SELinux: seapp_context_lookup: seinfo=chrome, level=s0:c512,c768, pkgname=com.android.chrome:sandboxed_process1 
09-02 18:52:07.399 11545 11556 V ClearcutMetricXmitter: Transmission is done.
09-02 18:52:07.404 11333 11685 I BatteryMgr:DataCollectionService: stats => 1693673527404,-178,4224
09-02 18:52:07.439 11385 11385 V InputMethodManager: Starting input: tba=android.view.inputmethod.EditorInfo@844a67b nm : com.android.chrome ic=null
09-02 18:52:07.439 11385 11385 I InputMethodManager: startInputInner - mService.startInputOrWindowGainedFocus
09-02 18:52:07.440  3979  9236 D InputMethodManagerService: startInputOrWindowGainedFocus : startInput 
09-02 18:52:07.440  3979  9236 D InputMethodManagerService: setCurrentInputInfo - inputContext : null eidtorInfo : android.view.inputmethod.EditorInfo@a75744e missingMethods : 0
09-02 18:52:07.441  4336  4336 I InputMethodWrapper:  call dispatchStartInputWithToken
09-02 18:52:07.441  4336  4336 I InputMethodService: dispatchStartInputWithToken
09-02 18:52:07.443  4336  4336 I SKBD    : SamsungKeypad [IMI] onStartInput - caller pid : 11385, caller uid : 10096
09-02 18:52:07.443  4336  4336 I SKBD    : SamsungKeypad  CACHEDIC onStartInput  isCachedICEnabled:  false
09-02 18:52:07.443  4336  4336 I SKBD    : atl getDefaultInputRange : UNKNOWN
09-02 18:52:07.443  4336  4336 I SKBD    : awo resetBinderManager()
09-02 18:52:07.443  4336  4336 I SKBD_SYNC: SamsungKeypad onStartInput: import DLM
09-02 18:52:07.443  4336  4336 I SKBD    : atl setPrivateImeOptionsToTable privateImeOptions ( null )
09-02 18:52:07.443  4336  4336 I SKBD    : atl imeOptions is null
09-02 18:52:07.444  4336  4336 I SKBD    : SamsungKeypad [PF_OP][onStartInput] 1939808
09-02 18:52:07.455 11762 11762 I SamplingProfilerIntegration: Profiling disabled.
09-02 18:52:07.466 11762 11762 D TimaKeyStoreProvider: TimaKeyStore is not enabled: cannot add TimaSignature Service and generateKeyPair Service
09-02 18:52:07.467 11762 11762 D ActivityThread: Added TimaKeyStore provider
09-02 18:52:07.473  3979  5979 D ConnectivityService: filterNetworkStateForUid() uid: 10096 networkInfo: [type: WIFI[] - WIFI, state: CONNECTED/CONNECTED, reason: (unspecified), extra: "WiFi 69", failover: false, available: true, roaming: false, metered: false]
09-02 18:52:07.476  3979  9236 I ActivityManager: DSS on for com.android.chrome and scale is 1.0
09-02 18:52:07.476 11385 11385 I cr_OfflineDetector: Running updateState mConnectivityDetectorInitialized: true, mTimeWhenLastForegrounded: 118708908, getElapsedTime: 118708908, mTimeWhenLastOfflineNotificationReceived: 0, mTimeWhenLastOnline: 118699812, mApplicationState: 1, mIsOfflineLastReportedByConnectivityDetector: false, mIsEffectivelyOffline: false
09-02 18:52:07.476 11385 11385 I cr_OfflineDetector: updateState(): timeSinceLastForeground: 0, timeSinceOfflineNotificationReceived: 118708908, timeSinceLastOnline: 9096, timeNeededForForeground: 2000, timeNeededForOffline: -118706908
09-02 18:52:07.488  3979  5979 D ConnectivityService: filterNetworkStateForUid() uid: 10096 networkInfo: [type: WIFI[] - WIFI, state: CONNECTED/CONNECTED, reason: (unspecified), extra: "WiFi 69", failover: false, available: true, roaming: false, metered: false]
09-02 18:52:07.491  3979  6264 D ConnectivityService: filterNetworkStateForUid() uid: 10096 networkInfo: [type: WIFI[] - WIFI, state: CONNECTED/CONNECTED, reason: (unspecified), extra: "WiFi 69", failover: false, available: true, roaming: false, metered: false]
09-02 18:52:07.502  3979  9236 D ConnectivityService: filterNetworkStateForUid() uid: 10096 networkInfo: [type: WIFI[] - WIFI, state: CONNECTED/CONNECTED, reason: (unspecified), extra: "WiFi 69", failover: false, available: true, roaming: false, metered: false]
09-02 18:52:07.509 11333 11685 I BatteryMgr:DataCollectionService: stats => 1693673527509,-178,4224
09-02 18:52:07.528 11777 11777 E asset   : setgid: Operation not permitted
09-02 18:52:07.550  3979  4637 V WindowManager: Relayout Window{f88b12e u0 com.android.chrome/com.google.android.apps.chrome.Main}: viewVisibility=0 req=720x1280 WM.LayoutParams{(0,0)(fillxfill) sim=#13 ty=1 fl=#81810100 pfl=0x20000 fmt=-3 wanim=0x10302fd vsysui=0x2600 sysuil=true needsMenuKey=2 colorMode=0 naviIconColor=0}
09-02 18:52:07.568 11385 11385 D ViewRootImpl@38ce13c[Main]: Relayout returned: old=[0,0][720,1280] new=[0,0][720,1280] result=0x1 surface={valid=true 3715328000} changed=false
09-02 18:52:07.594 11762 11762 I cr_SplitCompatApp: Launched version=107.0.5304.91 minSdkVersion=24 isBundle=true processName=com.android.chrome:sandboxed_process1 isIsolated=true
09-02 18:52:07.616 11333 11685 I BatteryMgr:DataCollectionService: stats => 1693673527616,-178,4224
09-02 18:52:07.619 11762 11762 W SystemServiceRegistry: No service published for: uimode
09-02 18:52:07.625 11762 11762 V Monotype: fonts.xml take from : /system/etc/
09-02 18:52:07.722 11333 11685 I BatteryMgr:DataCollectionService: stats => 1693673527722,-178,4224
09-02 18:52:07.826 11762 11762 E Typeface: Error mapping font file /system/fonts/SamsungSans-Num3L.ttf
09-02 18:52:07.826 11762 11762 E Minikin : Could not get cmap table size!
09-02 18:52:07.826 11762 11762 E Typeface: Unable to load Family: samsung-sans-num3L:null
09-02 18:52:07.827 11762 11762 E Typeface: Error mapping font file /system/fonts/SamsungSans-Num3T.ttf
09-02 18:52:07.827 11762 11762 E Minikin : Could not get cmap table size!
09-02 18:52:07.827 11762 11762 E Typeface: Unable to load Family: samsung-sans-num3T:null
09-02 18:52:07.827 11762 11762 E Typeface: Error mapping font file /system/fonts/SamsungSans-Num4L.ttf
09-02 18:52:07.827 11762 11762 E Minikin : Could not get cmap table size!
09-02 18:52:07.827 11762 11762 E Typeface: Unable to load Family: samsung-sans-num4L:null
09-02 18:52:07.827 11762 11762 E Typeface: Error mapping font file /system/fonts/SamsungSans-Num4T.ttf
09-02 18:52:07.827 11762 11762 E Minikin : Could not get cmap table size!
09-02 18:52:07.827 11762 11762 E Typeface: Unable to load Family: samsung-sans-num4T:null
09-02 18:52:07.827 11333 11685 I BatteryMgr:DataCollectionService: stats => 1693673527827,-178,4224
09-02 18:52:07.827 11762 11762 E Typeface: Error mapping font file /system/fonts/SamsungSans-Num35.ttf
09-02 18:52:07.827 11762 11762 E Minikin : Could not get cmap table size!
09-02 18:52:07.827 11762 11762 E Typeface: Unable to load Family: samsung-sans-num35:null
09-02 18:52:07.827 11762 11762 E Typeface: Error mapping font file /system/fonts/SamsungSans-Num45.ttf
09-02 18:52:07.827 11762 11762 E Minikin : Could not get cmap table size!
09-02 18:52:07.827 11762 11762 E Typeface: Unable to load Family: samsung-sans-num45:null
09-02 18:52:07.827 11762 11762 E Typeface: Error mapping font file /system/fonts/SamsungSans-Num3Lv.ttf
09-02 18:52:07.827 11762 11762 E Minikin : Could not get cmap table size!
09-02 18:52:07.827 11762 11762 E Typeface: Unable to load Family: samsung-sans-num3LV:null
09-02 18:52:07.827 11762 11762 E Typeface: Error mapping font file /system/fonts/SamsungSans-Num3R.ttf
09-02 18:52:07.827 11762 11762 E Minikin : Could not get cmap table size!
09-02 18:52:07.827 11762 11762 E Typeface: Unable to load Family: samsung-sans-num3R:null
09-02 18:52:07.827 11762 11762 E Typeface: Error mapping font file /system/fonts/SamsungSans-Num4Tv.ttf
09-02 18:52:07.828 11762 11762 E Minikin : Could not get cmap table size!
09-02 18:52:07.828 11762 11762 E Typeface: Unable to load Family: samsung-sans-num4Tv:null
09-02 18:52:07.828 11762 11762 E Typeface: Error mapping font file /system/fonts/SamsungSans-Num4Lv.ttf
09-02 18:52:07.828 11762 11762 E Minikin : Could not get cmap table size!
09-02 18:52:07.828 11762 11762 E Typeface: Unable to load Family: samsung-sans-num4Lv:null
09-02 18:52:07.834 11762 11762 I cr_ChildProcessService: Creating new ChildProcessService pid=11762
09-02 18:52:07.844 11762 11762 E WebViewFactory: can't load with relro file; address space not reserved
09-02 18:52:07.857 11762 11778 I cr_LibraryLoader: Successfully loaded native library
09-02 18:52:07.859 11762 11778 I cr_CachingUmaRecorder: Flushed 3 samples from 3 histograms.
09-02 18:52:07.934 11333 11685 I BatteryMgr:DataCollectionService: stats => 1693673527934,-178,4224
09-02 18:52:08.040 11333 11685 I BatteryMgr:DataCollectionService: stats => 1693673528040,-178,4224
09-02 18:52:08.111 11762 11778 I tflite  : Initialized TensorFlow Lite runtime.
09-02 18:52:08.151 11333 11685 I BatteryMgr:DataCollectionService: stats => 1693673528151,-178,4224
09-02 18:52:08.257 11333 11685 I BatteryMgr:DataCollectionService: stats => 1693673528256,-178,4224
09-02 18:52:08.314  7881  4225 E fb4a.msys: E[N data-request]_HandleDataResponse(1782)=>Data request error for task 3733c38a-167a-4b88-911c-76d05ee5bc30 (response type 1): (null)
09-02 18:52:08.323  7881  4229 E fb4a.msys: E[S task_queue_handling]MCDLightSpeedTaskExecutorNetworkCompletionCallback(1017)=>Handling send error for taskId=6 batchSize=1 queue=secure_message_over_wa_generate_cat
09-02 18:52:08.324  7881  4229 E fb4a.msys: E[S task_queue_handling]MCDLightSpeedTaskExecutorNetworkCompletionCallback(1071)=>Error content with 18 bytes: Error Domain=com.facebook.http.error Code=401 UserInfo=0xc7e8f000 {MCFErrorDirectLocalizedDescriptionKey=Client error}
09-02 18:52:08.331  7881 11583 E fb4a.T157805820: TigonMhrLogger::logRequestIfNeeded
09-02 18:52:08.331  7881 11583 E fb4a.T157805820: TigonWifiInfoLogger::init
09-02 18:52:08.331  7881 11583 E fb4a.T157805820: TigonMhrFbcLogger::logRequestIfNeeded
09-02 18:52:08.332  7881 11583 E fb4a.T157805820: TigonCellTowerInfoLogger::logRequestIfNeeded
09-02 18:52:08.332  7881 11583 E fb4a.T157805820: TigonCertificateVerificationLogger::logRequestIfNeeded
09-02 18:52:08.332  7881 11583 E fb4a.T157805820: TigonTransientAnalysisLogger::logRequestIfNeeded
09-02 18:52:08.332  7881 11583 E fb4a.T157805820: TigonProviderConnectionDeviceInfoLogger::logRequestIfNeeded
09-02 18:52:08.332  7881 11583 E fb4a.T157805820: TigonCellTowerInfoPapayaLogger::logRequestIfNeeded
09-02 18:52:08.332  7881 11583 E fb4a.T157805820: NetworkUtilisationLogger::logRequestIfNeeded
09-02 18:52:08.362 11333 11685 I BatteryMgr:DataCollectionService: stats => 1693673528362,-178,4224
09-02 18:52:08.469 11333 11685 I BatteryMgr:DataCollectionService: stats => 1693673528468,-178,4224
09-02 18:52:08.554  3449  3449 I android.hardware.wifi@1.0-service: getLinkLayerStats
09-02 18:52:08.589 11333 11685 I BatteryMgr:DataCollectionService: stats => 1693673528589,-178,4224
09-02 18:52:08.695 11333 11685 I BatteryMgr:DataCollectionService: stats => 1693673528695,-178,4224
09-02 18:52:08.801 11333 11685 I BatteryMgr:DataCollectionService: stats => 1693673528801,-178,4224
09-02 18:52:08.905 11333 11685 I BatteryMgr:DataCollectionService: stats => 1693673528905,-178,4224
09-02 18:52:09.013 11333 11685 I BatteryMgr:DataCollectionService: stats => 1693673529013,-178,4224
09-02 18:52:09.119 11333 11685 I BatteryMgr:DataCollectionService: stats => 1693673529119,-178,4224
09-02 18:52:09.231 11333 11685 I BatteryMgr:DataCollectionService: stats => 1693673529231,-178,4224
09-02 18:52:09.273  3979  5035 D ActivityManagerPerformance: Received MSG_DISABLE_ACT_START, r: ActivityRecord{da81738 u0 com.android.chrome/com.google.android.apps.chrome.Main t1142}
09-02 18:52:09.275  3979  5035 D CustomFrequencyManagerService: acquireDVFSLockLocked : type : DVFS_MIN_LIMIT  frequency : 1560000  uid : 1000  pid : 3979  pkgName : AMS_RESUME_TAIL@CPU_MIN@14
09-02 18:52:09.275  3979  5035 D ActivityManagerPerformance: AMP_acquire() TAIL
09-02 18:52:09.276  3979  5035 D CustomFrequencyManagerService: releaseDVFSLockLocked : Getting Lock type frm List : DVFS_MIN_LIMIT  frequency : 1560000  uid : 1000  pid : 3979  tag : AMS_ACT_START@CPU_MIN@8
09-02 18:52:09.277  3979  5035 D ActivityManagerPerformance: AMP_release() ACT_START
09-02 18:52:09.302  3979  4003 W StorageManager: getStorageFullBytes DEFAULT_FULL_THRESHOLD_BYTES : 20971520, threadhold : 20971520
09-02 18:52:09.302  3979  4003 W StorageManager: getStorageLowBytes lowPercent : 5, lowBytes : 1260145254, maxLowBytes : 524288000
09-02 18:52:09.306  3979  4003 W DeviceStorageMonitorService: updateBroadcasts(/data) oldLevel:0, newLevel:0, seq:1
09-02 18:52:09.307  3979  4003 W DeviceStorageMonitorService: updateBroadcasts_filenode(/data) fn_oldLevel:0, fn_newLevel:0, seq:1
09-02 18:52:09.336 11333 11685 I BatteryMgr:DataCollectionService: stats => 1693673529336,-178,4224
09-02 18:52:09.444 22051 22051 D BoundBrokerSvc: onBind: Intent { act=com.google.android.gms.common.BIND_SHARED_PREFS pkg=com.google.android.gms }
09-02 18:52:09.444 22051 22051 D BoundBrokerSvc: Loading bound service for intent: Intent { act=com.google.android.gms.common.BIND_SHARED_PREFS pkg=com.google.android.gms }
09-02 18:52:09.449 11333 11685 I BatteryMgr:DataCollectionService: stats => 1693673529449,-178,4224
09-02 18:52:09.460 22051 22051 D BoundBrokerSvc: onUnbind: Intent { act=com.google.android.gms.common.BIND_SHARED_PREFS pkg=com.google.android.gms }
09-02 18:52:09.501 11385 11385 E cr_BTSPrefs: No data found for task id: 56
09-02 18:52:09.501 11385 11385 E cr_BkgrdTaskScheduler: Task cannot be canceled because no data was found instorage or data was invalid
09-02 18:52:09.559 11333 11685 I BatteryMgr:DataCollectionService: stats => 1693673529559,-178,4224
09-02 18:52:09.664 11333 11685 I BatteryMgr:DataCollectionService: stats => 1693673529664,-178,4224
09-02 18:52:09.772 11333 11685 I BatteryMgr:DataCollectionService: stats => 1693673529772,-178,4224
09-02 18:52:09.876  3979  3979 D CustomFrequencyManagerService: releaseDVFSLockLocked : Getting Lock type frm List : DVFS_MIN_LIMIT  frequency : 1560000  uid : 1000  pid : 3979  tag : AMS_RESUME_TAIL@CPU_MIN@14
09-02 18:52:09.878 11333 11685 I BatteryMgr:DataCollectionService: stats => 1693673529878,-178,4224
09-02 18:52:09.984 11333 11685 I BatteryMgr:DataCollectionService: stats => 1693673529984,-178,4224
09-02 18:52:10.089 11333 11685 I BatteryMgr:DataCollectionService: stats => 1693673530089,-178,4224
09-02 18:52:10.184  3979  4051 D SensorService: [SO] 0.072 -0.383 9.845
09-02 18:52:10.199 11333 11685 I BatteryMgr:DataCollectionService: stats => 1693673530199,-178,4224
09-02 18:52:10.310 11333 11685 I BatteryMgr:DataCollectionService: stats => 1693673530310,-178,4224
09-02 18:52:10.416 11333 11685 I BatteryMgr:DataCollectionService: stats => 1693673530416,-178,4224
09-02 18:52:10.523 11333 11685 I BatteryMgr:DataCollectionService: stats => 1693673530523,-178,4224
09-02 18:52:10.629 11333 11685 I BatteryMgr:DataCollectionService: stats => 1693673530629,-178,4224
09-02 18:52:10.722 11385 11385 I cr_tabmodel: Appending tabs being restored to metadata lists, 0, startingNormalCount: 139, startingIncognitoCount: 0
09-02 18:52:10.722 11385 11385 I cr_tabmodel: Serializing tab lists; counts: 139, 0
09-02 18:52:10.735 11333 11685 I BatteryMgr:DataCollectionService: stats => 1693673530735,-178,4224
09-02 18:52:10.840 11333 11685 I BatteryMgr:DataCollectionService: stats => 1693673530840,-178,4224
09-02 18:52:10.947 11333 11685 I BatteryMgr:DataCollectionService: stats => 1693673530946,-178,4224
09-02 18:52:11.053 11333 11685 I BatteryMgr:DataCollectionService: stats => 1693673531053,-178,4224
09-02 18:52:11.158 11333 11685 I BatteryMgr:DataCollectionService: stats => 1693673531158,-178,4224
09-02 18:52:11.263 11333 11685 I BatteryMgr:DataCollectionService: stats => 1693673531263,-178,4224
09-02 18:52:11.369 11333 11685 I BatteryMgr:DataCollectionService: stats => 1693673531368,-178,4224
09-02 18:52:11.371 10996 10996 I Finsky:background: [2] nqz.onDestroy(8): IPC-SERVER: Stopping gRPC host service...
09-02 18:52:11.475 11333 11685 I BatteryMgr:DataCollectionService: stats => 1693673531474,-178,4224
09-02 18:52:11.501  4962  4962 D io_stats: !@ 179,0 r 785817 23380700 w 631226 12877496 d 67358 20822804 f 148371 152057 iot 722180 608669 th 51200 0 0 pt 0 inp 0 0 64064.746
09-02 18:52:11.563  3449  3449 I android.hardware.wifi@1.0-service: getLinkLayerStats
09-02 18:52:11.579 11333 11685 I BatteryMgr:DataCollectionService: stats => 1693673531579,-178,4224
09-02 18:52:11.579 11333 11338 I zygote64: Do partial code cache collection, code=61KB, data=45KB
09-02 18:52:11.579 11333 11338 I zygote64: After code cache collection, code=61KB, data=45KB
09-02 18:52:11.580 11333 11338 I zygote64: Increasing code cache capacity to 256KB
09-02 18:52:11.684 11333 11685 I BatteryMgr:DataCollectionService: stats => 1693673531684,-178,4224
09-02 18:52:11.791 11333 11685 I BatteryMgr:DataCollectionService: stats => 1693673531791,-178,4224
09-02 18:52:11.871  7881  4245 D omnistore_android_logger: AlarmManager::mainLoop calling alarm callbacks. There are total 1 scheduled tasks, and about to trigger 1 tasks (first task is SyncProtocol::onConnectionEstablished), then sleep for 59789 ms
09-02 18:52:11.871  7881  4245 D omnistore_android_logger: Handling alarm for rate limited event SyncProtocol::onConnectionEstablished
09-02 18:52:11.872  7881  4245 D omnistore_android_logger: SyncProtocol calling onConnectionEstablished callbacks
09-02 18:52:11.872  7881  4245 D omnistore_android_logger: Removing all queue based subscriptions from rewire state
09-02 18:52:11.876  7881  4245 D omnistore_android_logger: SendQueue::onConnectionEstablished: sending 0 transaction(s)
09-02 18:52:11.876  7881  4260 D omnistore_android_logger: SubscriptionManager::onConnectionEstablished is called back
09-02 18:52:11.887  7881  4245 D omnistore_android_logger: AlarmManager::clearAlarmTimer for key=SyncProtocol::onConnectionEstablished 
09-02 18:52:11.894  7881  4260 I omnistore_android_logger: Client sent CreateSubscriptionRequest for queue: facebook_universal_prefs_v2:100087196392327
09-02 18:52:11.896 11333 11685 I BatteryMgr:DataCollectionService: stats => 1693673531896,-178,4224
09-02 18:52:11.898  7881  4260 I omnistore_android_logger: Client sent connect message
09-02 18:52:12.000 11333 11685 I BatteryMgr:DataCollectionService: stats => 1693673532000,-178,4224
09-02 18:52:12.106 11333 11685 I BatteryMgr:DataCollectionService: stats => 1693673532106,-178,4224
09-02 18:52:12.211 11333 11685 I BatteryMgr:DataCollectionService: stats => 1693673532211,-178,4224
09-02 18:52:12.316 11333 11685 I BatteryMgr:DataCollectionService: stats => 1693673532316,-178,4224
09-02 18:52:12.337 14031 14031 E adbd    : recv: OPEN 00026766 00000000 0042:73 68 65 6C 6C 2C 76 32 2C 54 45 52 4D 3D 78 74 65 72 6D 2D 32 35 36 63 6F 6C 6F 72 2C 72 61 77 3A 67 65 74 70 72 6F 70 20 72 6F 2E 62 75 69 6C 64 2E 76 65 72 73 69 6F 6E 2E 72 65 6C 65 61 73 65 00 
09-02 18:52:12.337 14031 14031 E adbd    : service_to_fd: shell,v2,TERM=xterm-256color,raw:getprop ro.build.version.release
09-02 18:52:12.406 14031 14031 E adbd    : recv: OPEN 00026769 00000000 003e:73 68 65 6C 6C 2C 76 32 2C 54 45 52 4D 3D 78 74 65 72 6D 2D 32 35 36 63 6F 6C 6F 72 2C 72 61 77 3A 67 65 74 70 72 6F 70 20 72 6F 2E 62 75 69 6C 64 2E 76 65 72 73 69 6F 6E 2E 73 64 6B 00 
09-02 18:52:12.406 14031 14031 E adbd    : service_to_fd: shell,v2,TERM=xterm-256color,raw:getprop ro.build.version.sdk
09-02 18:52:12.421 11333 11685 I BatteryMgr:DataCollectionService: stats => 1693673532421,-178,4224
09-02 18:52:12.474 14031 14031 E adbd    : recv: OPEN 0002676c 00000000 0042:73 68 65 6C 6C 2C 76 32 2C 54 45 52 4D 3D 78 74 65 72 6D 2D 32 35 36 63 6F 6C 6F 72 2C 72 61 77 3A 67 65 74 70 72 6F 70 20 72 6F 2E 62 75 69 6C 64 2E 76 65 72 73 69 6F 6E 2E 72 65 6C 65 61 73 65 00 
09-02 18:52:12.474 14031 14031 E adbd    : service_to_fd: shell,v2,TERM=xterm-256color,raw:getprop ro.build.version.release
09-02 18:52:12.525 11333 11685 I BatteryMgr:DataCollectionService: stats => 1693673532525,-178,4224
09-02 18:52:12.546 14031 14031 E adbd    : recv: OPEN 0002676f 00000000 0029:73 68 65 6C 6C 2C 76 32 2C 54 45 52 4D 3D 78 74 65 72 6D 2D 32 35 36 63 6F 6C 6F 72 2C 72 61 77 3A 64 61 74 65 20 2D 75 00 
09-02 18:52:12.546 14031 14031 E adbd    : service_to_fd: shell,v2,TERM=xterm-256color,raw:date -u
09-02 18:52:12.552 14031 14031 E adbd    : recv: OPEN 00026772 00000000 003e:73 68 65 6C 6C 2C 76 32 2C 54 45 52 4D 3D 78 74 65 72 6D 2D 32 35 36 63 6F 6C 6F 72 2C 72 61 77 3A 67 65 74 70 72 6F 70 20 72 6F 2E 62 75 69 6C 64 2E 76 65 72 73 69 6F 6E 2E 73 64 6B 00 
09-02 18:52:12.552 14031 14031 E adbd    : service_to_fd: shell,v2,TERM=xterm-256color,raw:getprop ro.build.version.sdk
09-02 18:52:12.613 14031 14031 E adbd    : recv: OPEN 00026775 00000000 003e:73 68 65 6C 6C 2C 76 32 2C 54 45 52 4D 3D 78 74 65 72 6D 2D 32 35 36 63 6F 6C 6F 72 2C 72 61 77 3A 64 75 6D 70 73 79 73 20 63 70 75 69 6E 66 6F 20 7C 20 67 72 65 70 20 54 4F 54 41 4C 00 
09-02 18:52:12.613 14031 14031 E adbd    : service_to_fd: shell,v2,TERM=xterm-256color,raw:dumpsys cpuinfo | grep TOTAL
09-02 18:52:12.623 14031 14031 E adbd    : recv: OPEN 00026778 00000000 008c:73 68 65 6C 6C 2C 76 32 2C 54 45 52 4D 3D 78 74 65 72 6D 2D 32 35 36 63 6F 6C 6F 72 2C 72 61 77 3A 61 6D 20 73 74 6F 70 73 65 72 76 69 63 65 20 63 6F 6D 2E 65 78 61 6D 70 6C 65 2E 62 61 74 74 65 72 79 6D 61 6E 61 67 65 72 5F 75 74 69 6C 69 74 79 2F 63 6F 6D 2E 65 78 61 6D 70 6C 65 2E 62 61 74 74 65 72 79 6D 61 6E 61 67 65 72 5F 75 74 69 6C 69 74 79 2E 44 61 74 61 43 6F 6C 6C 65 63 74 69 6F 6E 53 65 72 76 69 63 65 00 
09-02 18:52:12.623 14031 14031 E adbd    : service_to_fd: shell,v2,TERM=xterm-256color,raw:am stopservice com.example.batterymanager_utility/com.example.batterymanager_utility.DataCollectionService
09-02 18:52:12.630 11333 11685 I BatteryMgr:DataCollectionService: stats => 1693673532630,-178,4224
09-02 18:52:12.691  3979  3979 I EasyMuteController: UnRegister failed. no registered
09-02 18:52:12.692  3979  3979 D LightsService: [api] [SvcLED] turnOff:: id = 4 (uid: 1000 pid: 3979) 
09-02 18:52:12.692  3979  3979 D LightsService: [api] [SvcLED] LED indicator : Not supported.
09-02 18:52:12.695  3979  6264 D Notification: allPendingIntents
09-02 18:52:12.696  3979  3979 D LightsService: [api] [SvcLED] turnOff:: id = 4 (uid: 1000 pid: 3979) 
09-02 18:52:12.696  3979  3979 D LightsService: [api] [SvcLED] LED indicator : Not supported.
09-02 18:52:12.696  3979  6264 D Notification: allPendingIntents
09-02 18:52:12.698 14031 14031 E adbd    : recv: OPEN 0002677b 00000000 003d:73 68 65 6C 6C 2C 76 32 2C 54 45 52 4D 3D 78 74 65 72 6D 2D 32 35 36 63 6F 6C 6F 72 2C 72 61 77 3A 64 75 6D 70 73 79 73 20 6D 65 6D 69 6E 66 6F 20 7C 20 67 72 65 70 20 55 73 65 64 00 
09-02 18:52:12.698 14031 14031 E adbd    : service_to_fd: shell,v2,TERM=xterm-256color,raw:dumpsys meminfo | grep Used
09-02 18:52:12.699  3979  5925 D Notification: allPendingIntents
09-02 18:52:12.710  3979  5925 D Notification: allPendingIntents
09-02 18:52:12.731 14031 14031 E adbd    : recv: OPEN 0002677e 00000000 0042:73 68 65 6C 6C 2C 76 32 2C 54 45 52 4D 3D 78 74 65 72 6D 2D 32 35 36 63 6F 6C 6F 72 2C 72 61 77 3A 67 65 74 70 72 6F 70 20 72 6F 2E 62 75 69 6C 64 2E 76 65 72 73 69 6F 6E 2E 72 65 6C 65 61 73 65 00 
09-02 18:52:12.731 14031 14031 E adbd    : service_to_fd: shell,v2,TERM=xterm-256color,raw:getprop ro.build.version.release
09-02 18:52:12.751  4349  4349 D KeyguardUpdateMonitor: handleStatusBarState( false )
09-02 18:52:12.770  4349  4349 D KeyguardUpdateMonitor: handleStatusBarState( false )
09-02 18:52:12.795 14031 14031 E adbd    : recv: OPEN 00026781 00000000 003e:73 68 65 6C 6C 2C 76 32 2C 54 45 52 4D 3D 78 74 65 72 6D 2D 32 35 36 63 6F 6C 6F 72 2C 72 61 77 3A 67 65 74 70 72 6F 70 20 72 6F 2E 62 75 69 6C 64 2E 76 65 72 73 69 6F 6E 2E 73 64 6B 00 
09-02 18:52:12.795 14031 14031 E adbd    : service_to_fd: shell,v2,TERM=xterm-256color,raw:getprop ro.build.version.sdk
09-02 18:52:12.857 14031 14031 E adbd    : recv: OPEN 00026784 00000000 0076:73 68 65 6C 6C 2C 76 32 2C 54 45 52 4D 3D 78 74 65 72 6D 2D 32 35 36 63 6F 6C 6F 72 2C 72 61 77 3A 64 75 6D 70 73 79 73 20 61 63 74 69 76 69 74 79 20 72 65 63 65 6E 74 73 20 7C 20 67 72 65 70 20 22 52 65 63 65 6E 74 20 23 30 22 20 7C 20 63 75 74 20 2D 64 20 22 3D 22 20 2D 66 32 20 7C 20 67 72 65 70 20 2D 6F 20 2D 70 20 22 5B 61 2D 7A 7C 2E 5D 2A 22 00 
09-02 18:52:12.857 14031 14031 E adbd    : service_to_fd: shell,v2,TERM=xterm-256color,raw:dumpsys activity recents | grep "Recent #0" | cut -d "=" -f2 | grep -o -p "[a-z|.]*"
09-02 18:52:12.943 14031 14031 E adbd    : recv: OPEN 00026787 00000000 0042:73 68 65 6C 6C 2C 76 32 2C 54 45 52 4D 3D 78 74 65 72 6D 2D 32 35 36 63 6F 6C 6F 72 2C 72 61 77 3A 67 65 74 70 72 6F 70 20 72 6F 2E 62 75 69 6C 64 2E 76 65 72 73 69 6F 6E 2E 72 65 6C 65 61 73 65 00 
09-02 18:52:12.943 14031 14031 E adbd    : service_to_fd: shell,v2,TERM=xterm-256color,raw:getprop ro.build.version.release
09-02 18:52:13.008 14031 14031 E adbd    : recv: OPEN 0002678a 00000000 003e:73 68 65 6C 6C 2C 76 32 2C 54 45 52 4D 3D 78 74 65 72 6D 2D 32 35 36 63 6F 6C 6F 72 2C 72 61 77 3A 67 65 74 70 72 6F 70 20 72 6F 2E 62 75 69 6C 64 2E 76 65 72 73 69 6F 6E 2E 73 64 6B 00 
09-02 18:52:13.008 14031 14031 E adbd    : service_to_fd: shell,v2,TERM=xterm-256color,raw:getprop ro.build.version.sdk
09-02 18:52:13.057  3979  6264 D ConnectivityService: filterNetworkStateForUid() uid: 10102 networkInfo: [type: WIFI[] - WIFI, state: CONNECTED/CONNECTED, reason: (unspecified), extra: "WiFi 69", failover: false, available: true, roaming: false, metered: false]
09-02 18:52:13.062  7881  7881 E fb4a.Execution: Redirecting MSYS Execution scheduling from the UI thread to a custom executor
09-02 18:52:13.064  3614  3927 D DnsProxyListener: DNSDBG::dns addrinfo af 2
09-02 18:52:13.093 14031 14031 E adbd    : recv: OPEN 0002678d 00000000 0042:73 68 65 6C 6C 2C 76 32 2C 54 45 52 4D 3D 78 74 65 72 6D 2D 32 35 36 63 6F 6C 6F 72 2C 72 61 77 3A 61 6D 20 66 6F 72 63 65 2D 73 74 6F 70 20 63 6F 6D 2E 61 6E 64 72 6F 69 64 2E 63 68 72 6F 6D 65 00 
09-02 18:52:13.093 14031 14031 E adbd    : service_to_fd: shell,v2,TERM=xterm-256color,raw:am force-stop com.android.chrome
09-02 18:52:13.108  7881 11584 D omnistore_android_logger: DebouncingRateLimiter attempting event SyncProtocol::onConnectionEstablished
09-02 18:52:13.108  7881 11584 D omnistore_android_logger: AlarmManager::startAlarmTimer for key=SyncProtocol::onConnectionEstablished, it will wake up main thread to reschedule
09-02 18:52:13.109  7881 11584 W omnistore_android_logger: Event SyncProtocol::onConnectionEstablished rate limited for 28763 ms
09-02 18:52:13.109  7881  4245 D omnistore_android_logger: AlarmManager::mainLoop calling alarm callbacks. There are total 1 scheduled tasks, and about to trigger 0 tasks (first task is N/A), then sleep for 28762 ms
09-02 18:52:13.110  7881  7881 E fb4a.Execution: Redirecting MSYS Execution scheduling from the UI thread to a custom executor
09-02 18:52:13.152  7881  4231 E fb4a.msys: E[N MQTT]readEOF(124)=>TCPStreamTransport readEOF
09-02 18:52:13.153  7881  4231 E fb4a.msys: E[N MQTT]onEOF(699)=>LigerBasedStreamTransport onEOF
09-02 18:52:13.160  7881 11238 E fb4a.FBMsysMqttClientCallbacks: onPublish, onFailure, msgId = 6522, error = 2003
09-02 18:52:13.160  7881 11238 E fb4a.FBMsysMqttClientCallbacks: onPublish, onFailure, msgId = 6521, error = 2003
09-02 18:52:13.161  7881 11238 E fb4a.FBMsysMqttClientCallbacks: onPublish, onFailure, msgId = 6520, error = 2003
09-02 18:52:13.161  7881  4225 E fb4a.msys: E[N rtchannel]_rt_mqtt_publish_callback(430)=>Failed to publish the request over MQTT (possible duplicate log). token:a400904c-a95c-402a-96bd-03e327e0ba4a, category:mcd-sync-data-task-category, requestId:22297, error:Error Domain=mqtt Code=2003 UserInfo=0xc7b5a900 {MCFErrorDirectLocalizedFailureReasonKey=2003, MCFErrorDirectDescriptionKey=2003}
09-02 18:52:13.161  7881 11238 I omnistore_android_logger: Error in sending connect payload.
09-02 18:52:13.162  7881  4225 E fb4a.msys: E[N rtchannel]_rt_mqtt_publish_callback(430)=>Failed to publish the request over MQTT (possible duplicate log). token:867117b1-1a80-489a-a7c5-dca80f4c5e43, category:mcd-sync-data-task-category, requestId:55811, error:Error Domain=mqtt Code=2003 UserInfo=0xba304400 {MCFErrorDirectLocalizedFailureReasonKey=2003, MCFErrorDirectDescriptionKey=2003}
09-02 18:52:13.162  3979  6264 D ConnectivityService: filterNetworkStateForUid() uid: 10102 networkInfo: [type: WIFI[] - WIFI, state: CONNECTED/CONNECTED, reason: (unspecified), extra: "WiFi 69", failover: false, available: true, roaming: false, metered: false]
09-02 18:52:13.164  7881  7881 W fb4a.MobileConfigFactoryImpl: SESSIONLESS factory used for 2 param
09-02 18:52:13.165  7881  7881 E fb4a.Execution: Redirecting MSYS Execution scheduling from the UI thread to a custom executor
09-02 18:52:13.169  7881  4229 E fb4a.msys: E[S sync]_createResponseError(195)=>Network Response a400904c-a95c-402a-96bd-03e327e0ba4a contains sync error Error Domain=mqtt Code=2003 UserInfo=0xc7b5a900 {MCFErrorDirectLocalizedFailureReasonKey=2003, MCFErrorDirectDescriptionKey=2003} - Underlying error (null): Error Domain=mqtt Code=2003 UserInfo=0xc7b5a900 {MCFErrorDirectLocalizedFailureReasonKey=2003, MCFErrorDirectDescriptionKey=2003}
