09-02 08:36:37.198 24894 25329 I BatteryMgr:DataCollectionService: stats => 1693636597198,-153,4269
09-02 08:36:37.221  3614  3927 D DnsProxyListener: DNSDBG::dns addrinfo af 2
09-02 08:36:37.304 24894 25329 I BatteryMgr:DataCollectionService: stats => 1693636597303,-153,4269
09-02 08:36:37.327  3614  3927 D DnsProxyListener: DNSDBG::dns addrinfo af 2
09-02 08:36:37.408 24894 25329 I BatteryMgr:DataCollectionService: stats => 1693636597408,-153,4269
09-02 08:36:37.450  3614  3927 D DnsProxyListener: DNSDBG::dns addrinfo af 2
09-02 08:36:37.513 24894 25329 I BatteryMgr:DataCollectionService: stats => 1693636597513,-153,4269
09-02 08:36:37.556  3614  3927 D DnsProxyListener: DNSDBG::dns addrinfo af 2
09-02 08:36:37.618 24894 25329 I BatteryMgr:DataCollectionService: stats => 1693636597618,-153,4269
09-02 08:36:37.662  5551  5624 D ContactsProvider_EventLog: contents_sample_state: [CONTACT contacts(191) data(1819) accounts({com.google (13)=199}) accounts deleted({}) calls([]) countryIso(NL) userId(0)  ]
09-02 08:36:37.662  5551  5624 D ContactsProvider_EventLog: contents_sample_state: [ agr({[13 ,13]=8, [13]=183})  ]
09-02 08:36:37.662  5551  5624 D ContactsProvider_EventLog: contents_sample_state: [ actCnt({android.process.acore(5551)=1})  ]
09-02 08:36:37.662  5551  5624 D ContactsProvider_EventLog: contents_sample_state: [PROFILE contacts(0) data(0) accounts({})  ]
09-02 08:36:37.662  5551  5624 D ContactsProvider_EventLog: contents_sample_state: [SAPROFILE contacts(1) data(1) accounts({vnd.sec.contact.phone (1)=1})  ]
09-02 08:36:37.664  5551  5624 E ContactsProvider_EventLog: Flush buffer to file cnt : 1 size : 0Kb duration : 2ms lastUpdatedAfter : 60108 ms mFlush_time_threasold : 2000 mCurrentSize : 481
09-02 08:36:37.724 24894 25329 I BatteryMgr:DataCollectionService: stats => 1693636597724,-153,4269
09-02 08:36:37.727  3614  3927 D DnsProxyListener: DNSDBG::dns addrinfo af 2
09-02 08:36:37.797  3614  3927 D DnsProxyListener: DNSDBG::dns addrinfo af 2
09-02 08:36:37.830 24894 25329 I BatteryMgr:DataCollectionService: stats => 1693636597830,-153,4269
09-02 08:36:37.935 24894 25329 I BatteryMgr:DataCollectionService: stats => 1693636597934,-153,4269
09-02 08:36:38.040 24894 25329 I BatteryMgr:DataCollectionService: stats => 1693636598040,-153,4269
09-02 08:36:38.040  4962  4962 D io_stats: !@ 179,0 r 474719 14874984 w 241507 5321904 d 23984 18375980 f 80955 82356 iot 335736 281523 th 51200 0 0 pt 0 inp 0 0 27131.285
09-02 08:36:38.145 24894 25329 I BatteryMgr:DataCollectionService: stats => 1693636598145,-153,4269
09-02 08:36:38.251 24894 25329 I BatteryMgr:DataCollectionService: stats => 1693636598250,-153,4269
09-02 08:36:38.270  3614  3927 D DnsProxyListener: DNSDBG::dns addrinfo af 2
09-02 08:36:38.277  3979  4673 D ConnectivityService: filterNetworkStateForUid() uid: 10154 networkInfo: [type: WIFI[] - WIFI, state: CONNECTED/CONNECTED, reason: (unspecified), extra: "WiFi 69", failover: false, available: true, roaming: false, metered: false]
09-02 08:36:38.359 24894 25329 I BatteryMgr:DataCollectionService: stats => 1693636598359,-153,4269
09-02 08:36:38.451  3979  4673 D ConnectivityService: filterNetworkStateForUid() uid: 10154 networkInfo: [type: WIFI[] - WIFI, state: CONNECTED/CONNECTED, reason: (unspecified), extra: "WiFi 69", failover: false, available: true, roaming: false, metered: false]
09-02 08:36:38.468 24894 25329 I BatteryMgr:DataCollectionService: stats => 1693636598468,-153,4269
09-02 08:36:38.575 24894 25329 I BatteryMgr:DataCollectionService: stats => 1693636598575,-153,4269
09-02 08:36:38.680 24894 25329 I BatteryMgr:DataCollectionService: stats => 1693636598679,-153,4269
09-02 08:36:38.786 24894 25329 I BatteryMgr:DataCollectionService: stats => 1693636598786,-153,4269
09-02 08:36:38.893 24894 25329 I BatteryMgr:DataCollectionService: stats => 1693636598893,-153,4269
09-02 08:36:38.997 24894 25329 I BatteryMgr:DataCollectionService: stats => 1693636598997,-153,4269
09-02 08:36:39.098  3979  6899 D SSRM:G  : SIOP:: AP = 310, PST = 286 (W:10), BAT = 250, USB = 0, CHG = 0
09-02 08:36:39.102 24894 25329 I BatteryMgr:DataCollectionService: stats => 1693636599102,-153,4269
09-02 08:36:39.156  3449  3449 I android.hardware.wifi@1.0-service: getLinkLayerStats
09-02 08:36:39.213 24894 25329 I BatteryMgr:DataCollectionService: stats => 1693636599212,-153,4269
09-02 08:36:39.233  3614  3927 D DnsProxyListener: DNSDBG::dns addrinfo af 2
09-02 08:36:39.285  3614  3927 D DnsProxyListener: DNSDBG::dns addrinfo af 2
09-02 08:36:39.319 24894 25329 I BatteryMgr:DataCollectionService: stats => 1693636599318,-153,4269
09-02 08:36:39.424 24894 25329 I BatteryMgr:DataCollectionService: stats => 1693636599424,-153,4269
09-02 08:36:39.475  3979  4673 D ConnectivityService: filterNetworkStateForUid() uid: 10154 networkInfo: [type: WIFI[] - WIFI, state: CONNECTED/CONNECTED, reason: (unspecified), extra: "WiFi 69", failover: false, available: true, roaming: false, metered: false]
09-02 08:36:39.503  3614  3927 D DnsProxyListener: DNSDBG::dns addrinfo af 2
09-02 08:36:39.506  3614  3927 I chatty  : uid=0(root) /system/bin/netd identical 2 lines
09-02 08:36:39.508  3614  3927 D DnsProxyListener: DNSDBG::dns addrinfo af 2
09-02 08:36:39.530 24894 25329 I BatteryMgr:DataCollectionService: stats => 1693636599530,-153,4269
09-02 08:36:39.537  3614  3927 D DnsProxyListener: DNSDBG::dns addrinfo af 2
09-02 08:36:39.549  3614  3927 I chatty  : uid=0(root) /system/bin/netd identical 1 line
09-02 08:36:39.556  3614  3927 D DnsProxyListener: DNSDBG::dns addrinfo af 2
09-02 08:36:39.636 24894 25329 I BatteryMgr:DataCollectionService: stats => 1693636599636,-153,4269
09-02 08:36:39.741 24894 25329 I BatteryMgr:DataCollectionService: stats => 1693636599741,-153,4269
09-02 08:36:39.752  3614  3927 D DnsProxyListener: DNSDBG::dns addrinfo af 2
09-02 08:36:39.846 24894 25329 I BatteryMgr:DataCollectionService: stats => 1693636599846,-153,4269
09-02 08:36:39.855 24934 24963 I GeckoSpeechSynthesis: SpeechSynthesisService::Setup
09-02 08:36:39.900  3979  4672 D StorageManagerService: getExternalStorageMountMode : 1
09-02 08:36:39.901  3979  4672 D StorageManagerService: getExternalStorageMountMode : 3
09-02 08:36:39.902  3979  4672 D StorageManagerService: getExternalStorageMountMode : final mountMode=1, uid : 1000, packageName : com.samsung.SMT
09-02 08:36:39.902  3979  4672 I ApplicationPolicy: isApplicationExternalStorageWhitelisted:com.samsung.SMT user:0
09-02 08:36:39.902  3979  4672 D ApplicationPolicy: isApplicationExternalStorageWhitelisted: DO is not enabled on user 0. Allowed.
09-02 08:36:39.902  3979  4672 D ActivityManager: package  com.samsung.SMT, user - 0 is SDcard whitelisted
09-02 08:36:39.902  3979  4672 I ApplicationPolicy: isApplicationExternalStorageBlacklisted:com.samsung.SMT user:0
09-02 08:36:39.902  3979  4672 D ApplicationPolicy: isApplicationExternalStorageBlacklisted: DO is not enabled on user 0. Allowed.
09-02 08:36:39.919  3979  4672 I ActivityManager: Start proc 25416:com.samsung.SMT/1000 for service com.samsung.SMT/.SamsungTTSService
09-02 08:36:39.919 24934 24963 I TextToSpeech: Sucessfully bound to com.samsung.SMT
09-02 08:36:39.920 25416 25416 E Zygote  : isWhitelistProcess - Process is Whitelisted
09-02 08:36:39.921 25416 25416 E libpersona: scanKnoxPersonas
09-02 08:36:39.921 25416 25416 E libpersona: Couldn't open the File - /data/system/users/0/personalist.xml - No such file or directory
09-02 08:36:39.924 25416 25416 W SELinux : SELinux selinux_android_compute_policy_index : Policy Index[2],  Con:u:r:zygote:s0 RAM:SEPF_SM-J720F_8.0.0_0017, [-1 -1 -1 -1 0 1]
09-02 08:36:39.925 25416 25416 I SELinux : SELinux: seapp_context_lookup: seinfo=platform, pkgname=com.samsung.SMT 
09-02 08:36:39.951 24894 25329 I BatteryMgr:DataCollectionService: stats => 1693636599951,-153,4269
09-02 08:36:39.953 25416 25416 D TimaKeyStoreProvider: TimaKeyStore is not enabled: cannot add TimaSignature Service and generateKeyPair Service
09-02 08:36:39.954 25416 25416 D ActivityThread: Added TimaKeyStore provider
09-02 08:36:39.957  3979  4672 I ActivityManager: DSS on for com.samsung.SMT and scale is 1.0
09-02 08:36:39.978 25416 25416 I zygote64: no shared libraies, dex_files: 1
09-02 08:36:39.998 25416 25416 D a_0.2.7 : isBixbySupported:false
09-02 08:36:40.004  3979  4672 W StorageManager: getStorageLowBytes lowPercent : 5, lowBytes : 1260145254, maxLowBytes : 524288000
09-02 08:36:40.022  3614  3927 D DnsProxyListener: DNSDBG::dns addrinfo af 2
09-02 08:36:40.031  3614  3927 D DnsProxyListener: DNSDBG::dns addrinfo af 2
09-02 08:36:40.057 24894 25329 I BatteryMgr:DataCollectionService: stats => 1693636600056,-153,4269
09-02 08:36:40.094  3979  4672 W StorageManager: getStorageLowBytes lowPercent : 5, lowBytes : 1260145254, maxLowBytes : 524288000
09-02 08:36:40.109 25416 25416 I SamsungTTS: Success to load EMBEDDED engine.
09-02 08:36:40.163 24894 25329 I BatteryMgr:DataCollectionService: stats => 1693636600163,-153,4269
09-02 08:36:40.172 25416 25416 W SFloatingFeature: java.lang.ClassNotFoundException: com.samsung.android.feature.FloatingFeature
09-02 08:36:40.177 25416 25416 I SamsungTTS: Interface v300000084 / Engine v331803141
09-02 08:36:40.235  3614  3927 D DnsProxyListener: DNSDBG::dns addrinfo af 2
09-02 08:36:40.247  3979  4673 W ActivityManager: Slow operation: 63ms so far, now at getContentProviderImpl: incProviderCountLocked
09-02 08:36:40.248  3979  4673 W ActivityManager: Slow operation: 63ms so far, now at getContentProviderImpl: before updateLruProcess
09-02 08:36:40.248  3979  4673 W ActivityManager: Slow operation: 64ms so far, now at getContentProviderImpl: after updateLruProcess
09-02 08:36:40.248  3979  4673 W ActivityManager: Slow operation: 64ms so far, now at getContentProviderImpl: before updateOomAdj
09-02 08:36:40.248  3979  4673 W ActivityManager: Slow operation: 64ms so far, now at getContentProviderImpl: after updateOomAdj
09-02 08:36:40.248  3979  4673 W ActivityManager: Slow operation: 64ms so far, now at getContentProviderImpl: done!
09-02 08:36:40.252 25416 25416 I SamsungTTS: LoadLanguage : eng-[IND]-[f00]
09-02 08:36:40.269 24894 25329 I BatteryMgr:DataCollectionService: stats => 1693636600269,-153,4269
09-02 08:36:40.299 24934 24934 I TextToSpeech: Connected to ComponentInfo{com.samsung.SMT/com.samsung.SMT.SamsungTTSService}
09-02 08:36:40.311 25416 25428 I SamsungTTS: IsLanguageAvailable : [eng-GBR-null]  LANG_AVAILABLE
09-02 08:36:40.314 24934 25444 I TextToSpeech: Set up connection to ComponentInfo{com.samsung.SMT/com.samsung.SMT.SamsungTTSService}
09-02 08:36:40.325 24934 24934 W GeckoSession: No history entries found.
09-02 08:36:40.337 24934 24934 I zygote64: Deoptimizing int mozilla.components.browser.state.state.ContentState.hashCode() due to JIT inline cache
09-02 08:36:40.337 24934 24934 I zygote64: Deoptimizing int mozilla.components.browser.state.state.content.HistoryState.hashCode() due to JIT inline cache
09-02 08:36:40.380 24894 25329 I BatteryMgr:DataCollectionService: stats => 1693636600379,-153,4269
09-02 08:36:40.481  3614  3927 D DnsProxyListener: DNSDBG::dns addrinfo af 2
09-02 08:36:40.497 24894 25329 I BatteryMgr:DataCollectionService: stats => 1693636600497,-153,4269
09-02 08:36:40.602 24894 25329 I BatteryMgr:DataCollectionService: stats => 1693636600602,-153,4269
09-02 08:36:40.707 24894 25329 I BatteryMgr:DataCollectionService: stats => 1693636600707,-153,4269
09-02 08:36:40.812 24894 25329 I BatteryMgr:DataCollectionService: stats => 1693636600812,-153,4269
09-02 08:36:40.830 14031 14031 E adbd    : recv: OPEN 000181b3 00000000 0029:73 68 65 6C 6C 2C 76 32 2C 54 45 52 4D 3D 78 74 65 72 6D 2D 32 35 36 63 6F 6C 6F 72 2C 72 61 77 3A 64 61 74 65 20 2D 75 00 
09-02 08:36:40.830 14031 14031 E adbd    : service_to_fd: shell,v2,TERM=xterm-256color,raw:date -u
09-02 08:36:40.841  3979  4545 D ConnectivityService: filterNetworkStateForUid() uid: 10154 networkInfo: [type: WIFI[] - WIFI, state: CONNECTED/CONNECTED, reason: (unspecified), extra: "WiFi 69", failover: false, available: true, roaming: false, metered: false]
09-02 08:36:40.847 14031 14031 E adbd    : recv: OPEN 000181b6 00000000 00bf:73 68 65 6C 6C 2C 76 32 2C 54 45 52 4D 3D 78 74 65 72 6D 2D 32 35 36 63 6F 6C 6F 72 2C 72 61 77 3A 61 6D 20 73 74 61 72 74 20 2D 61 20 61 6E 64 72 6F 69 64 2E 69 6E 74 65 6E 74 2E 61 63 74 69 6F 6E 2E 56 49 45 57 20 2D 6E 20 6F 72 67 2E 6D 6F 7A 69 6C 6C 61 2E 66 69 72 65 66 6F 78 2F 6F 72 67 2E 6D 6F 7A 69 6C 6C 61 2E 67 65 63 6B 6F 2E 42 72 6F 77 73 65 72 41 70 70 20 2D 64 20 68 74 74 70 3A 2F 2F 31 39 32 2E 31 36 38 2E 38 38 2E 31 37 37 3A 38 30 30 30 2F 47 65 6E 65 72 61 6C 2F 65 73 70 6E 2F 77 77 77 2E 65 73 70 6E 2E 63 6F 6D 2F 69 6E 64 65 78 2E 68 74 6D 6C 00 
09-02 08:36:40.847 14031 14031 E adbd    : service_to_fd: shell,v2,TERM=xterm-256color,raw:am start -a android.intent.action.VIEW -n org.mozilla.firefox/org.mozilla.gecko.BrowserApp -d http://192.168.88.177:8000/General/espn/www.espn.com/index.html
09-02 08:36:40.902 14031 14031 E adbd    : recv: OPEN 000181b9 00000000 003e:73 68 65 6C 6C 2C 76 32 2C 54 45 52 4D 3D 78 74 65 72 6D 2D 32 35 36 63 6F 6C 6F 72 2C 72 61 77 3A 64 75 6D 70 73 79 73 20 63 70 75 69 6E 66 6F 20 7C 20 67 72 65 70 20 54 4F 54 41 4C 00 
09-02 08:36:40.902 14031 14031 E adbd    : service_to_fd: shell,v2,TERM=xterm-256color,raw:dumpsys cpuinfo | grep TOTAL
09-02 08:36:40.918 24894 25329 I BatteryMgr:DataCollectionService: stats => 1693636600918,-153,4269
09-02 08:36:40.923  3979  4545 I ActivityManager: START u0 {act=android.intent.action.VIEW typ=null flg=0x10000000 cmp=ComponentInfo{org.mozilla.firefox/org.mozilla.gecko.BrowserApp}} from uid 2000
09-02 08:36:40.925  3979  4545 D CustomFrequencyManagerService: acquireDVFSLockLocked : type : DVFS_MIN_LIMIT  frequency : 1560000  uid : 1000  pid : 3979  pkgName : AMS_ACT_START@CPU_MIN@8
09-02 08:36:40.925  3979  4545 D ActivityManagerPerformance: AMP_acquire() ACT_START
09-02 08:36:40.943 24934 24934 D InputMethodManager: HSIFW - flag : 0 Pid : 24934
09-02 08:36:40.943  3979  4373 V InputMethodManagerService: Client requesting input be hidden, flags : 0
09-02 08:36:40.943  3979  4373 V InputMethodManagerService: hideCurrentInputLocked : shouldHideSoftInput is false
09-02 08:36:40.946  3979  4373 D ActivityManager: isScaleDownAnimationEnabled() : false
09-02 08:36:40.949  3979  4373 D PersonaManagerService: Current focused persona service handled id set to : 0
09-02 08:36:40.949  3979  4373 D InputDispatcher: Focused application set to: xxxx
09-02 08:36:40.950  3979  4373 D InputDispatcher: Focus left window: 24934
09-02 08:36:40.952  3979  4238 D GameManagerService: handleForegroundChange(). pkgName: org.mozilla.firefox, clsName: org.mozilla.fenix.IntentReceiverActivity,FgActivityName:org.mozilla.firefox/org.mozilla.fenix.IntentReceiverActivity
09-02 08:36:40.952  3979  4238 D GameManagerService:   handleForegroundChange(). same package. game has never resumed yet. ignore
09-02 08:36:40.952  3979  4373 D MARsPolicyManager: onPackageResumedFG pkgName = org.mozilla.firefox, userId = 0
09-02 08:36:40.969  3979  4373 I ActivityManager: START u0 {act=android.intent.action.VIEW typ=null flg=0x0 cmp=ComponentInfo{org.mozilla.firefox/org.mozilla.fenix.HomeActivity}} from uid 10154
09-02 08:36:40.972  3979  4373 D InputDispatcher: Focus entered window: 24934
09-02 08:36:40.974 14031 14031 E adbd    : recv: OPEN 000181bc 00000000 003d:73 68 65 6C 6C 2C 76 32 2C 54 45 52 4D 3D 78 74 65 72 6D 2D 32 35 36 63 6F 6C 6F 72 2C 72 61 77 3A 64 75 6D 70 73 79 73 20 6D 65 6D 69 6E 66 6F 20 7C 20 67 72 65 70 20 55 73 65 64 00 
09-02 08:36:40.974 14031 14031 E adbd    : service_to_fd: shell,v2,TERM=xterm-256color,raw:dumpsys meminfo | grep Used
09-02 08:36:40.979  3979  4051 D SensorService: [SO] 0.134 -0.421 9.859
09-02 08:36:40.986 24934 24934 D ViewRootImpl@88b7945[HomeActivity]: MSG_WINDOW_FOCUS_CHANGED 0
09-02 08:36:40.993 24934 24934 I WebExtension: releasePendingMessages: extension=readerview@mozac.org nativeApp=mozacReaderviewActive session=org.mozilla.geckoview.GeckoSession@5cda977
09-02 08:36:40.993 24934 24934 I WebExtension: releasePendingMessages: extension=readerview@mozac.org nativeApp=mozacReaderview session=org.mozilla.geckoview.GeckoSession@5cda977
09-02 08:36:40.994 24934 24934 I WebExtension: releasePendingMessages: extension=readerview@mozac.org nativeApp=mozacReaderviewActive session=org.mozilla.geckoview.GeckoSession@5cda977
09-02 08:36:40.994 24934 24934 I WebExtension: releasePendingMessages: extension=readerview@mozac.org nativeApp=mozacReaderview session=org.mozilla.geckoview.GeckoSession@5cda977
09-02 08:36:41.005 24934 24934 I zygote64: Deoptimizing java.util.ArrayList kotlin.collections.CollectionsKt___CollectionsKt.plus(java.lang.Iterable, java.util.Collection) due to JIT inline cache
09-02 08:36:41.009 24934 24981 I zygote64: Deoptimizing void kotlinx.coroutines.JobSupport.initParentJob(kotlinx.coroutines.Job) due to JIT inline cache
09-02 08:36:41.011  3979  4373 D ConnectivityService: filterNetworkStateForUid() uid: 10154 networkInfo: [type: WIFI[] - WIFI, state: CONNECTED/CONNECTED, reason: (unspecified), extra: "WiFi 69", failover: false, available: true, roaming: false, metered: false]
09-02 08:36:41.016 24934 24995 I zygote64: Deoptimizing void kotlinx.coroutines.internal.LockFreeLinkedListNode.finishAdd(kotlinx.coroutines.internal.LockFreeLinkedListNode) due to JIT inline cache
09-02 08:36:41.021 24934 25105 I zygote64: Deoptimizing kotlinx.coroutines.internal.LockFreeLinkedListNode kotlinx.coroutines.internal.LockFreeLinkedListNode.correctPrev() due to JIT inline cache
09-02 08:36:41.023 24894 25329 I BatteryMgr:DataCollectionService: stats => 1693636601023,-153,4269
09-02 08:36:41.043 24934 24934 D InputMethodManager: HSIFW - flag : 0 Pid : 24934
09-02 08:36:41.043  3979  4373 V InputMethodManagerService: Client requesting input be hidden, flags : 0
09-02 08:36:41.043  3979  4373 V InputMethodManagerService: hideCurrentInputLocked : shouldHideSoftInput is false
09-02 08:36:41.051  3979  4673 V WindowManager: Relayout Window{66338 u0 org.mozilla.firefox/org.mozilla.fenix.HomeActivity}: viewVisibility=0 req=720x1280 WM.LayoutParams{(0,0)(fillxfill) sim=#10 ty=1 fl=#81010100 pfl=0x20000 fmt=-3 wanim=0x7f1404fa vsysui=0x2610 needsMenuKey=2 colorMode=0 naviIconColor=0}
09-02 08:36:41.058 24934 24934 D ViewRootImpl@88b7945[HomeActivity]: Relayout returned: old=[0,0][720,1280] new=[0,0][720,1280] result=0x1 surface={valid=true 533347291136} changed=false
09-02 08:36:41.075 24934 24934 D ViewRootImpl@88b7945[HomeActivity]: MSG_WINDOW_FOCUS_CHANGED 1
09-02 08:36:41.080  3979  4673 D InputMethodManagerService: startInputOrWindowGainedFocus : windowGainedFocus 
09-02 08:36:41.080  3979  4673 D InputMethodManagerService: windowGainedFocus: destinationUserId (getCallingUid) = 0
09-02 08:36:41.080  3979  4673 D InputMethodManagerService: windowGainedFocus: currentUserId=0
09-02 08:36:41.080  3979  4673 D InputMethodManagerService: windowGainedFocus: mCurrentFocusedUserId=0
09-02 08:36:41.080  3979  4673 D InputMethodManagerService: windowGainedFocus : lock - currentUserId = 0 destinationUserId = 0
09-02 08:36:41.080  3979  4673 D InputMethodManagerService: windowGainedFocus : mCurrentFocusedUserId - 0 and mSecureKeypadEnabled - false, userSwitched - false
09-02 08:36:41.081  3979  4673 W InputMethodManagerService: Window already focused, ignoring focus gain of: com.android.internal.view.IInputMethodClient$Stub$Proxy@143f486 attribute=null, token = android.os.BinderProxy@f89339b
09-02 08:36:41.083  3979  4673 D ActivityManager: isScaleDownAnimationEnabled() : false
09-02 08:36:41.083  3979  4673 D PersonaManagerService: Current focused persona service handled id set to : 0
09-02 08:36:41.084  3979  4673 D InputDispatcher: Focused application set to: xxxx
09-02 08:36:41.086  4349  4372 D SystemServicesProxy: updateOverviewLastStackActiveTimeAsync: newTime=1693559943942
09-02 08:36:41.088  3979  4373 D SecContentProvider: query(), uri = 17 selection = isSettingsChangesAllowed
09-02 08:36:41.088  3979  4673 D MARsPolicyManager: onPackageResumedFG pkgName = org.mozilla.firefox, userId = 0
09-02 08:36:41.088  3979  4238 D GameManagerService: handleForegroundChange(). pkgName: org.mozilla.firefox, clsName: org.mozilla.fenix.HomeActivity,FgActivityName:org.mozilla.firefox/org.mozilla.fenix.HomeActivity
09-02 08:36:41.088  3979  4238 D GameManagerService:   handleForegroundChange(). same package. game has never resumed yet. ignore
09-02 08:36:41.088  3979  4373 D SecContentProvider: called from android.uid.systemui:10009
09-02 08:36:41.089  4349  4561 D SystemServicesProxy: updateOverviewLastStackActiveTimeAsync: done.
09-02 08:36:41.122  3979  4373 D ConnectivityService: filterNetworkStateForUid() uid: 10154 networkInfo: [type: WIFI[] - WIFI, state: CONNECTED/CONNECTED, reason: (unspecified), extra: "WiFi 69", failover: false, available: true, roaming: false, metered: false]
09-02 08:36:41.128  3979  4522 D ActivityManager: post active user change for 0 fullscreen true isHomeActivity() false
09-02 08:36:41.129 24894 25329 I BatteryMgr:DataCollectionService: stats => 1693636601129,-153,4269
09-02 08:36:41.140  3979  4522 V WindowManager: Relayout Window{66338 u0 org.mozilla.firefox/org.mozilla.fenix.HomeActivity}: viewVisibility=0 req=720x1280 WM.LayoutParams{(0,0)(fillxfill) sim=#110 ty=1 fl=#81010100 pfl=0x20000 fmt=-3 wanim=0x7f1404fa vsysui=0x2610 needsMenuKey=2 colorMode=0 naviIconColor=0}
09-02 08:36:41.146 24934 24934 D ViewRootImpl@88b7945[HomeActivity]: Relayout returned: old=[0,0][720,1280] new=[0,0][720,1280] result=0x1 surface={valid=true 533347291136} changed=false
09-02 08:36:41.224 24934 25107 I OpenGLRenderer: prepareTree mLayerUpdateQueue is not empty, size = 1
09-02 08:36:41.224 24934 25107 I OpenGLRenderer: name = ActionContainer, size (70, 70)
09-02 08:36:41.233 24894 25329 I BatteryMgr:DataCollectionService: stats => 1693636601233,-153,4269
09-02 08:36:41.338 24894 25329 I BatteryMgr:DataCollectionService: stats => 1693636601338,-153,4269
09-02 08:36:41.443 24894 25329 I BatteryMgr:DataCollectionService: stats => 1693636601443,-153,4269
09-02 08:36:41.462  3979  4373 D ConnectivityService: filterNetworkStateForUid() uid: 10025 networkInfo: [type: WIFI[] - WIFI, state: CONNECTED/CONNECTED, reason: (unspecified), extra: "WiFi 69", failover: false, available: true, roaming: false, metered: false]
09-02 08:36:41.493  3979  4373 D ConnectivityService: filterNetworkStateForUid() uid: 10025 networkInfo: [type: WIFI[] - WIFI, state: CONNECTED/CONNECTED, reason: (unspecified), extra: "WiFi 69", failover: false, available: true, roaming: false, metered: false]
09-02 08:36:41.549 24894 25329 I BatteryMgr:DataCollectionService: stats => 1693636601549,-153,4269
09-02 08:36:41.654 24894 25329 I BatteryMgr:DataCollectionService: stats => 1693636601653,-153,4269
09-02 08:36:41.662 24894 24899 I zygote64: Do partial code cache collection, code=58KB, data=45KB
09-02 08:36:41.662 24894 24899 I zygote64: After code cache collection, code=58KB, data=45KB
09-02 08:36:41.662 24894 24899 I zygote64: Increasing code cache capacity to 256KB
09-02 08:36:41.759 24894 25329 I BatteryMgr:DataCollectionService: stats => 1693636601759,-153,4269
09-02 08:36:41.864 24894 25329 I BatteryMgr:DataCollectionService: stats => 1693636601864,-153,4269
09-02 08:36:41.968 24894 25329 I BatteryMgr:DataCollectionService: stats => 1693636601968,-153,4269
09-02 08:36:42.071 24894 25329 I BatteryMgr:DataCollectionService: stats => 1693636602071,-153,4269
09-02 08:36:42.163  3449  3449 I android.hardware.wifi@1.0-service: getLinkLayerStats
09-02 08:36:42.175 24894 25329 I BatteryMgr:DataCollectionService: stats => 1693636602175,-153,4269
09-02 08:36:42.280 24894 25329 I BatteryMgr:DataCollectionService: stats => 1693636602280,-153,4269
09-02 08:36:42.385 24894 25329 I BatteryMgr:DataCollectionService: stats => 1693636602385,-153,4269
09-02 08:36:42.408 22051 22051 D BoundBrokerSvc: onBind: Intent { act=com.google.android.gms.feedback.internal.IFeedbackService dat=chimera-action: cmp=com.google.android.gms/.chimera.GmsBoundBrokerService }
09-02 08:36:42.409 22051 22051 D BoundBrokerSvc: Loading bound service for intent: Intent { act=com.google.android.gms.feedback.internal.IFeedbackService dat=chimera-action: cmp=com.google.android.gms/.chimera.GmsBoundBrokerService }
09-02 08:36:42.430 22051 22151 E Icing   : Failed to remove thing with error code :error uri not found
09-02 08:36:42.490 24894 25329 I BatteryMgr:DataCollectionService: stats => 1693636602490,-153,4269
09-02 08:36:42.595 24894 25329 I BatteryMgr:DataCollectionService: stats => 1693636602595,-153,4269
09-02 08:36:42.700 24894 25329 I BatteryMgr:DataCollectionService: stats => 1693636602700,-153,4269
09-02 08:36:42.803 24894 25329 I BatteryMgr:DataCollectionService: stats => 1693636602803,-153,4269
09-02 08:36:42.908 24894 25329 I BatteryMgr:DataCollectionService: stats => 1693636602907,-153,4269
09-02 08:36:42.926  3979  5035 D ActivityManagerPerformance: Received MSG_DISABLE_ACT_START, r: ActivityRecord{168d629 u0 org.mozilla.firefox/org.mozilla.gecko.BrowserApp t-1 f}
09-02 08:36:42.927  3979  5035 D CustomFrequencyManagerService: acquireDVFSLockLocked : type : DVFS_MIN_LIMIT  frequency : 1560000  uid : 1000  pid : 3979  pkgName : AMS_RESUME_TAIL@CPU_MIN@14
09-02 08:36:42.928  3979  5035 D ActivityManagerPerformance: AMP_acquire() TAIL
09-02 08:36:42.928  3979  5035 D CustomFrequencyManagerService: releaseDVFSLockLocked : Getting Lock type frm List : DVFS_MIN_LIMIT  frequency : 1560000  uid : 1000  pid : 3979  tag : AMS_ACT_START@CPU_MIN@8
09-02 08:36:42.928  3979  5035 D ActivityManagerPerformance: AMP_release() ACT_START
09-02 08:36:42.954  3979  3979 D PreBindingService: handleMessage : 1
09-02 08:36:42.977  3979  3979 D PreBindingService: handleMessage : 1
09-02 08:36:43.014 24894 25329 I BatteryMgr:DataCollectionService: stats => 1693636603014,-153,4269
09-02 08:36:43.042  4962  4962 D io_stats: !@ 179,0 r 474906 14879284 w 241639 5324616 d 23997 18376096 f 80978 82379 iot 335832 281621 th 51200 0 0 pt 0 inp 0 0 27136.287
09-02 08:36:43.118 24894 25329 I BatteryMgr:DataCollectionService: stats => 1693636603118,-153,4269
09-02 08:36:43.223 24894 25329 I BatteryMgr:DataCollectionService: stats => 1693636603223,-153,4269
09-02 08:36:43.331 24894 25329 I BatteryMgr:DataCollectionService: stats => 1693636603331,-153,4269
09-02 08:36:43.435 24894 25329 I BatteryMgr:DataCollectionService: stats => 1693636603435,-153,4269
09-02 08:36:43.528  3979  3979 D CustomFrequencyManagerService: releaseDVFSLockLocked : Getting Lock type frm List : DVFS_MIN_LIMIT  frequency : 1560000  uid : 1000  pid : 3979  tag : AMS_RESUME_TAIL@CPU_MIN@14
09-02 08:36:43.539 24894 25329 I BatteryMgr:DataCollectionService: stats => 1693636603539,-153,4269
09-02 08:36:43.645 24894 25329 I BatteryMgr:DataCollectionService: stats => 1693636603645,-153,4269
09-02 08:36:43.752 24894 25329 I BatteryMgr:DataCollectionService: stats => 1693636603752,-153,4269
09-02 08:36:43.861 24894 25329 I BatteryMgr:DataCollectionService: stats => 1693636603861,-153,4269
09-02 08:36:43.968 24894 25329 I BatteryMgr:DataCollectionService: stats => 1693636603968,-153,4269
09-02 08:36:44.073 24894 25329 I BatteryMgr:DataCollectionService: stats => 1693636604073,-153,4269
09-02 08:36:44.180 24894 25329 I BatteryMgr:DataCollectionService: stats => 1693636604180,-153,4269
09-02 08:36:44.286 24894 25329 I BatteryMgr:DataCollectionService: stats => 1693636604285,-153,4269
09-02 08:36:44.390 24894 25329 I BatteryMgr:DataCollectionService: stats => 1693636604390,-153,4269
09-02 08:36:44.496 24894 25329 I BatteryMgr:DataCollectionService: stats => 1693636604496,-153,4269
09-02 08:36:44.504  4349  4349 D KeyguardUpdateMonitor: handleStatusBarState( false )
09-02 08:36:44.605 24894 25329 I BatteryMgr:DataCollectionService: stats => 1693636604605,-153,4269
09-02 08:36:44.712 24894 25329 I BatteryMgr:DataCollectionService: stats => 1693636604711,-153,4269
09-02 08:36:44.819 24894 25329 I BatteryMgr:DataCollectionService: stats => 1693636604819,-153,4269
09-02 08:36:44.926 24894 25329 I BatteryMgr:DataCollectionService: stats => 1693636604925,-153,4269
09-02 08:36:45.031 24894 25329 I BatteryMgr:DataCollectionService: stats => 1693636605031,-153,4269
09-02 08:36:45.136 24894 25329 I BatteryMgr:DataCollectionService: stats => 1693636605136,-153,4269
09-02 08:36:45.169  3449  3449 I android.hardware.wifi@1.0-service: getLinkLayerStats
09-02 08:36:45.241 24894 25329 I BatteryMgr:DataCollectionService: stats => 1693636605241,-153,4269
09-02 08:36:45.346 24894 25329 I BatteryMgr:DataCollectionService: stats => 1693636605346,-153,4269
09-02 08:36:45.451 24894 25329 I BatteryMgr:DataCollectionService: stats => 1693636605451,-153,4269
09-02 08:36:45.538 10264 11466 I PhenotypeProcessReaper: Memory state is: 100
09-02 08:36:45.555 24894 25329 I BatteryMgr:DataCollectionService: stats => 1693636605555,-153,4269
09-02 08:36:45.659 24894 25329 I BatteryMgr:DataCollectionService: stats => 1693636605659,-153,4269
09-02 08:36:45.766 24894 25329 I BatteryMgr:DataCollectionService: stats => 1693636605766,-153,4269
09-02 08:36:45.871 24894 25329 I BatteryMgr:DataCollectionService: stats => 1693636605871,-200,4269
09-02 08:36:45.976 24894 25329 I BatteryMgr:DataCollectionService: stats => 1693636605976,-200,4269
09-02 08:36:45.995 14031 14031 E adbd    : recv: OPEN 000181bf 00000000 0042:73 68 65 6C 6C 2C 76 32 2C 54 45 52 4D 3D 78 74 65 72 6D 2D 32 35 36 63 6F 6C 6F 72 2C 72 61 77 3A 67 65 74 70 72 6F 70 20 72 6F 2E 62 75 69 6C 64 2E 76 65 72 73 69 6F 6E 2E 72 65 6C 65 61 73 65 00 
09-02 08:36:45.995 14031 14031 E adbd    : service_to_fd: shell,v2,TERM=xterm-256color,raw:getprop ro.build.version.release
09-02 08:36:46.069 14031 14031 E adbd    : recv: OPEN 000181c2 00000000 003e:73 68 65 6C 6C 2C 76 32 2C 54 45 52 4D 3D 78 74 65 72 6D 2D 32 35 36 63 6F 6C 6F 72 2C 72 61 77 3A 67 65 74 70 72 6F 70 20 72 6F 2E 62 75 69 6C 64 2E 76 65 72 73 69 6F 6E 2E 73 64 6B 00 
09-02 08:36:46.069 14031 14031 E adbd    : service_to_fd: shell,v2,TERM=xterm-256color,raw:getprop ro.build.version.sdk
09-02 08:36:46.082 24894 25329 I BatteryMgr:DataCollectionService: stats => 1693636606082,-200,4269
09-02 08:36:46.130 14031 14031 E adbd    : recv: OPEN 000181c5 00000000 0042:73 68 65 6C 6C 2C 76 32 2C 54 45 52 4D 3D 78 74 65 72 6D 2D 32 35 36 63 6F 6C 6F 72 2C 72 61 77 3A 67 65 74 70 72 6F 70 20 72 6F 2E 62 75 69 6C 64 2E 76 65 72 73 69 6F 6E 2E 72 65 6C 65 61 73 65 00 
09-02 08:36:46.130 14031 14031 E adbd    : service_to_fd: shell,v2,TERM=xterm-256color,raw:getprop ro.build.version.release
09-02 08:36:46.187 24894 25329 I BatteryMgr:DataCollectionService: stats => 1693636606187,-200,4269
09-02 08:36:46.195 14031 14031 E adbd    : recv: OPEN 000181c8 00000000 003e:73 68 65 6C 6C 2C 76 32 2C 54 45 52 4D 3D 78 74 65 72 6D 2D 32 35 36 63 6F 6C 6F 72 2C 72 61 77 3A 67 65 74 70 72 6F 70 20 72 6F 2E 62 75 69 6C 64 2E 76 65 72 73 69 6F 6E 2E 73 64 6B 00 
09-02 08:36:46.195 14031 14031 E adbd    : service_to_fd: shell,v2,TERM=xterm-256color,raw:getprop ro.build.version.sdk
09-02 08:36:46.264 14031 14031 E adbd    : recv: OPEN 000181cb 00000000 008c:73 68 65 6C 6C 2C 76 32 2C 54 45 52 4D 3D 78 74 65 72 6D 2D 32 35 36 63 6F 6C 6F 72 2C 72 61 77 3A 61 6D 20 73 74 6F 70 73 65 72 76 69 63 65 20 63 6F 6D 2E 65 78 61 6D 70 6C 65 2E 62 61 74 74 65 72 79 6D 61 6E 61 67 65 72 5F 75 74 69 6C 69 74 79 2F 63 6F 6D 2E 65 78 61 6D 70 6C 65 2E 62 61 74 74 65 72 79 6D 61 6E 61 67 65 72 5F 75 74 69 6C 69 74 79 2E 44 61 74 61 43 6F 6C 6C 65 63 74 69 6F 6E 53 65 72 76 69 63 65 00 
09-02 08:36:46.264 14031 14031 E adbd    : service_to_fd: shell,v2,TERM=xterm-256color,raw:am stopservice com.example.batterymanager_utility/com.example.batterymanager_utility.DataCollectionService
09-02 08:36:46.290  3979  4522 D BatteryService: !@BatteryListener : batteryPropertiesChanged!
09-02 08:36:46.291  3979  4522 D BatteryService: level:100, scale:100, status:5, health:2, present:true, voltage: 4218, temperature: 251, technology: Li-ion, AC powered:false, USB powered:true, POGO powered:false, Wireless powered:false, icon:17303834, invalid charger:0, maxChargingCurrent:0, maxChargingVoltage:0, chargeCounter:0
09-02 08:36:46.291  3979  4522 D BatteryService: online:4, current avg:-215, charge type:1, power sharing:false, high voltage charger:false, capacity:280000, batterySWSelfDischarging:false, misc_event:0, current_event:0, current_now:-200
09-02 08:36:46.291  3979  3979 D BatteryService: Sending ACTION_BATTERY_CHANGED.
09-02 08:36:46.293  3979  3979 D SamsungPhoneWindowManager: ACTION_BATTERY_CHANGED - Level :: 100, battStatus :: 5
09-02 08:36:46.293 24894 25329 I BatteryMgr:DataCollectionService: stats => 1693636606292,-200,4269
09-02 08:36:46.293  3979  3979 I MotionRecognitionService: Plugged
09-02 08:36:46.293  3979  3979 D MotionRecognitionService:   mCableConnection= 1
09-02 08:36:46.293  3979  3979 D MotionRecognitionService: setPowerConnected : mGripEnabled = false
09-02 08:36:46.294  3979  4002 D UsbDeviceManager: handleMessage -> MSG_UPDATE_CHARGING_STATE = 1
09-02 08:36:46.294  4349  4349 D KeyguardUpdateMonitor: received broadcast android.intent.action.BATTERY_CHANGED
09-02 08:36:46.296  4349  4349 D BatteryController: onReceive-ACTION_BATTERY_CHANGED : mLevel=100, mBatteryStatus=5
09-02 08:36:46.303  4349  4349 D PowerUI : priorPlugType = 2 mPlugType =  2
09-02 08:36:46.349  3979  3979 I EasyMuteController: UnRegister failed. no registered
09-02 08:36:46.350  3979  3979 D LightsService: [api] [SvcLED] turnOff:: id = 4 (uid: 1000 pid: 3979) 
09-02 08:36:46.350  3979  3979 D LightsService: [api] [SvcLED] LED indicator : Not supported.
09-02 08:36:46.353  3979  4373 D Notification: allPendingIntents
09-02 08:36:46.353  3979  4522 D Notification: allPendingIntents
09-02 08:36:46.353  3979  3979 D LightsService: [api] [SvcLED] turnOff:: id = 4 (uid: 1000 pid: 3979) 
09-02 08:36:46.353  3979  3979 D LightsService: [api] [SvcLED] LED indicator : Not supported.
09-02 08:36:46.356  3979  4522 I chatty  : uid=1000(system) Binder:3979_5 identical 1 line
09-02 08:36:46.358  3979  4522 D Notification: allPendingIntents
09-02 08:36:46.386 14031 14031 E adbd    : recv: OPEN 000181ce 00000000 0042:73 68 65 6C 6C 2C 76 32 2C 54 45 52 4D 3D 78 74 65 72 6D 2D 32 35 36 63 6F 6C 6F 72 2C 72 61 77 3A 67 65 74 70 72 6F 70 20 72 6F 2E 62 75 69 6C 64 2E 76 65 72 73 69 6F 6E 2E 72 65 6C 65 61 73 65 00 
09-02 08:36:46.386 14031 14031 E adbd    : service_to_fd: shell,v2,TERM=xterm-256color,raw:getprop ro.build.version.release
09-02 08:36:46.398  4349  4349 D KeyguardUpdateMonitor: handleStatusBarState( false )
09-02 08:36:46.421  4349  4349 D KeyguardUpdateMonitor: handleStatusBarState( false )
09-02 08:36:46.453 14031 14031 E adbd    : recv: OPEN 000181d1 00000000 003e:73 68 65 6C 6C 2C 76 32 2C 54 45 52 4D 3D 78 74 65 72 6D 2D 32 35 36 63 6F 6C 6F 72 2C 72 61 77 3A 67 65 74 70 72 6F 70 20 72 6F 2E 62 75 69 6C 64 2E 76 65 72 73 69 6F 6E 2E 73 64 6B 00 
09-02 08:36:46.454 14031 14031 E adbd    : service_to_fd: shell,v2,TERM=xterm-256color,raw:getprop ro.build.version.sdk
09-02 08:36:46.510 14031 14031 E adbd    : recv: OPEN 000181d4 00000000 0029:73 68 65 6C 6C 2C 76 32 2C 54 45 52 4D 3D 78 74 65 72 6D 2D 32 35 36 63 6F 6C 6F 72 2C 72 61 77 3A 64 61 74 65 20 2D 75 00 
09-02 08:36:46.511 14031 14031 E adbd    : service_to_fd: shell,v2,TERM=xterm-256color,raw:date -u
09-02 08:36:46.524 14031 14031 E adbd    : recv: OPEN 000181d7 00000000 0076:73 68 65 6C 6C 2C 76 32 2C 54 45 52 4D 3D 78 74 65 72 6D 2D 32 35 36 63 6F 6C 6F 72 2C 72 61 77 3A 64 75 6D 70 73 79 73 20 61 63 74 69 76 69 74 79 20 72 65 63 65 6E 74 73 20 7C 20 67 72 65 70 20 22 52 65 63 65 6E 74 20 23 30 22 20 7C 20 63 75 74 20 2D 64 20 22 3D 22 20 2D 66 32 20 7C 20 67 72 65 70 20 2D 6F 20 2D 70 20 22 5B 61 2D 7A 7C 2E 5D 2A 22 00 
09-02 08:36:46.524 14031 14031 E adbd    : service_to_fd: shell,v2,TERM=xterm-256color,raw:dumpsys activity recents | grep "Recent #0" | cut -d "=" -f2 | grep -o -p "[a-z|.]*"
09-02 08:36:46.582 14031 14031 E adbd    : recv: OPEN 000181da 00000000 003e:73 68 65 6C 6C 2C 76 32 2C 54 45 52 4D 3D 78 74 65 72 6D 2D 32 35 36 63 6F 6C 6F 72 2C 72 61 77 3A 64 75 6D 70 73 79 73 20 63 70 75 69 6E 66 6F 20 7C 20 67 72 65 70 20 54 4F 54 41 4C 00 
09-02 08:36:46.582 14031 14031 E adbd    : service_to_fd: shell,v2,TERM=xterm-256color,raw:dumpsys cpuinfo | grep TOTAL
09-02 08:36:46.615 14031 14031 E adbd    : recv: OPEN 000181dd 00000000 0042:73 68 65 6C 6C 2C 76 32 2C 54 45 52 4D 3D 78 74 65 72 6D 2D 32 35 36 63 6F 6C 6F 72 2C 72 61 77 3A 67 65 74 70 72 6F 70 20 72 6F 2E 62 75 69 6C 64 2E 76 65 72 73 69 6F 6E 2E 72 65 6C 65 61 73 65 00 
09-02 08:36:46.615 14031 14031 E adbd    : service_to_fd: shell,v2,TERM=xterm-256color,raw:getprop ro.build.version.release
09-02 08:36:46.666 14031 14031 E adbd    : recv: OPEN 000181e0 00000000 003d:73 68 65 6C 6C 2C 76 32 2C 54 45 52 4D 3D 78 74 65 72 6D 2D 32 35 36 63 6F 6C 6F 72 2C 72 61 77 3A 64 75 6D 70 73 79 73 20 6D 65 6D 69 6E 66 6F 20 7C 20 67 72 65 70 20 55 73 65 64 00 
09-02 08:36:46.666 14031 14031 E adbd    : service_to_fd: shell,v2,TERM=xterm-256color,raw:dumpsys meminfo | grep Used
09-02 08:36:46.682 14031 14031 E adbd    : recv: OPEN 000181e3 00000000 003e:73 68 65 6C 6C 2C 76 32 2C 54 45 52 4D 3D 78 74 65 72 6D 2D 32 35 36 63 6F 6C 6F 72 2C 72 61 77 3A 67 65 74 70 72 6F 70 20 72 6F 2E 62 75 69 6C 64 2E 76 65 72 73 69 6F 6E 2E 73 64 6B 00 
09-02 08:36:46.682 14031 14031 E adbd    : service_to_fd: shell,v2,TERM=xterm-256color,raw:getprop ro.build.version.sdk
09-02 08:36:46.773 14031 14031 E adbd    : recv: OPEN 000181e6 00000000 0043:73 68 65 6C 6C 2C 76 32 2C 54 45 52 4D 3D 78 74 65 72 6D 2D 32 35 36 63 6F 6C 6F 72 2C 72 61 77 3A 61 6D 20 66 6F 72 63 65 2D 73 74 6F 70 20 6F 72 67 2E 6D 6F 7A 69 6C 6C 61 2E 66 69 72 65 66 6F 78 00 
09-02 08:36:46.773 14031 14031 E adbd    : service_to_fd: shell,v2,TERM=xterm-256color,raw:am force-stop org.mozilla.firefox
09-02 08:36:46.858  3979  4522 I ActivityManager: Force stopping org.mozilla.firefox appid=10154 user=0: from pid 25511
09-02 08:36:46.859  3979  4522 I ActivityManager: Killing 25265:org.mozilla.firefox:utility/u0a154 (adj 0): stop org.mozilla.firefox,from pid 25511
09-02 08:36:46.860  3979  4522 W ActivityManager: Scheduling restart of crashed service org.mozilla.firefox/org.mozilla.gecko.process.GeckoChildProcessServices$utility in 1000ms
09-02 08:36:46.866  3979  4522 I ActivityManager: Killing 25069:org.mozilla.firefox:gpu/u0a154 (adj 0): stop org.mozilla.firefox,from pid 25511
09-02 08:36:46.868  3979  4522 W ActivityManager: Scheduling restart of crashed service org.mozilla.firefox/org.mozilla.gecko.process.GeckoChildProcessServices$gpu in 10992ms
09-02 08:36:46.871  3979  4522 I ActivityManager: Killing 25001:org.mozilla.firefox:tab13/u0a154 (adj 0): stop org.mozilla.firefox,from pid 25511
09-02 08:36:46.872  3979  4522 W ActivityManager: Scheduling restart of crashed service org.mozilla.firefox/org.mozilla.gecko.process.GeckoChildProcessServices$tab13 in 20987ms
09-02 08:36:46.876  3979  4522 I ActivityManager: Killing 24934:org.mozilla.firefox/u0a154 (adj 0): stop org.mozilla.firefox,from pid 25511
09-02 08:36:46.880 25416 25416 I SamsungTTS: Destroy
09-02 08:36:46.881  3979  4522 W ActivityManager: Force removing ActivityRecord{cedffd u0 org.mozilla.firefox/org.mozilla.fenix.HomeActivity t81}: app died, no saved state
09-02 08:36:46.887  3979  4522 D InputDispatcher: Focus left window: 24934
09-02 08:36:46.897  3462  3462 V Surface : sf_framedrop debug : 0x4f4c, game : false, logging : 0
09-02 08:36:46.908  3979  4522 D TaskSnapshotCache: putSnapshot mTaskId=81 RunningCache size=5
09-02 08:36:46.909  3979  4522 D TaskSnapshotCache: removeRunningEntry taskId=81 RunningCache size=4
09-02 08:36:46.909  3979  4522 D InputDispatcher: Focused application released
09-02 08:36:46.912  3979  4522 D CustomFrequencyManagerService: acquireDVFSLockLocked : type : DVFS_MIN_LIMIT  frequency : 1560000  uid : 1000  pid : 3979  pkgName : AMS_ACT_RESUME@CPU_MIN@70
09-02 08:36:46.913  3979  4522 D ActivityManagerPerformance: AMP_acquire() ACT_RESUME
09-02 08:36:46.914  3979  4323 I OpenGLRenderer: Initialized EGL, version 1.4
09-02 08:36:46.914  3979  4522 D PersonaManagerService: Current focused persona service handled id set to : 0
09-02 08:36:46.914  3979  4323 D OpenGLRenderer: Swap behavior 2
09-02 08:36:46.914  3979  4522 D InputDispatcher: Focused application set to: xxxx
09-02 08:36:46.918  3979  4522 V WindowManager: rotationForOrientationLw(orient=-1, last=0); user=0  sensorRotation=-1 mLidState=-1 mDockMode=0 mHdmiPlugged=false
09-02 08:36:46.921  3979  4081 W InputDispatcher: channel ~ Consumer closed input channel or an error occurred.  events=0x9
09-02 08:36:46.921  3979  4081 E InputDispatcher: channel ~ Channel is unrecoverably broken and will be disposed!
09-02 08:36:46.921  3979  4238 D GameManagerService: handleForegroundChange(). pkgName: com.example.batterymanager_utility, clsName: com.example.batterymanager_utility.MainActivity,FgActivityName:com.example.batterymanager_utility/.MainActivity
09-02 08:36:46.921  3979  4522 D MARsPolicyManager: onPackageResumedFG pkgName = com.example.batterymanager_utility, userId = 0
09-02 08:36:46.922  3979  4238 D GameManagerService: sem_perfomance_mode: 3
09-02 08:36:46.922  3979  4238 D GameManagerService: notifyResumePause(). pkg: com.example.batterymanager_utility, type: 4, isMinimized: false, isTunableApp: false
09-02 08:36:46.922  3979  4238 D GameManagerService:   notifyResumePause(). unexpected mPrevNotiType: -1
09-02 08:36:46.932  3979  5983 V WindowManager: Relayout Window{f11c9c7 u0 com.example.batterymanager_utility/com.example.batterymanager_utility.MainActivity}: viewVisibility=4 req=720x1280 WM.LayoutParams{(0,0)(fillxfill) sim=#120 ty=1 fl=#81810100 pfl=0x20000 wanim=0x10302fd vsysui=0x600 needsMenuKey=2 colorMode=0 naviIconColor=0}
09-02 08:36:46.937  3979  3979 D SamsungAlarmManager: Remove alarm for next reason : android.intent.action.PACKAGE_RESTARTED : package: org.mozilla.firefox
09-02 08:36:46.940 24894 24894 D ViewRootImpl@110cd72[MainActivity]: Relayout returned: old=[0,0][720,1280] new=[0,0][720,1280] result=0x1 surface={valid=false 0} changed=false
09-02 08:36:46.942  4633  4633 D CarrierSvcBindHelper: No carrier app for: 0
09-02 08:36:46.943  4633  4633 D CarrierSvcBindHelper: No carrier app for: 1
09-02 08:36:46.944  3979  3995 W BroadcastQueue: Background execution not allowed: receiving Intent { act=android.intent.action.PACKAGE_RESTARTED dat=package:org.mozilla.firefox flg=0x10 (has extras) } to android/com.kddi.android.CpaNotiReceiver
09-02 08:36:46.946  3979  3995 W BroadcastQueue: Background execution not allowed: receiving Intent { act=android.intent.action.PACKAGE_RESTARTED dat=package:org.mozilla.firefox flg=0x10 (has extras) } to com.sec.android.daemonapp/com.samsung.android.weather.daemon.receiver.ClearDataReceiver
09-02 08:36:46.950 25416 25416 I zygote64: System.exit called, status: 0
09-02 08:36:46.950 25416 25416 I AndroidRuntime: VM exiting with result code 0, cleanup skipped.
09-02 08:36:46.952  3979  4673 D ActivityManager: post active user change for 0 fullscreen true isHomeActivity() false
09-02 08:36:46.952  3979  6899 D GamePkgDataHelper: getGamePkgDataIncServer(). com.example.batterymanager_utility
09-02 08:36:46.953  3979  3979 D SamsungAlarmManager: setInexact Listener (T:2/F:0/AC:false) 20230902T084205 - CU:1000/CP:3979
09-02 08:36:46.953  3979  6899 D GameManagerService: identifyGamePackage. com.example.batterymanager_utility
09-02 08:36:46.953  3979  6899 D GamePkgDataHelper: getGamePkgData(). com.example.batterymanager_utility
09-02 08:36:46.954  3979  6899 D GameManagerService: identifyGamePackage. com.example.batterymanager_utility
09-02 08:36:46.954  3979  6899 D GamePkgDataHelper: getGamePkgData(). com.example.batterymanager_utility
09-02 08:36:46.954  3979  6899 D GamePkgDataHelper: getSosPolicy(). com.example.batterymanager_utility
09-02 08:36:46.954  3979  3979 D SamsungAlarmManager: setInexact Listener (T:2/F:0/AC:false) 20230902T085706 - CU:1000/CP:3979
09-02 08:36:46.956  3979  4673 V WindowManager: Relayout Window{f11c9c7 u0 com.example.batterymanager_utility/com.example.batterymanager_utility.MainActivity}: viewVisibility=0 req=720x1280 WM.LayoutParams{(0,0)(fillxfill) sim=#120 ty=1 fl=#81810100 pfl=0x20000 wanim=0x10302fd vsysui=0x600 needsMenuKey=2 colorMode=0 naviIconColor=0}
09-02 08:36:46.956  3979  3979 D SamsungAlarmManager: setInexact Listener (T:2/F:0/AC:false) 20230902T084205 - CU:1000/CP:3979
09-02 08:36:46.957  3462  3462 I SurfaceFlinger: id=331 createSurf (720x1280),1 flag=404, com.example.batterymanager_utility/com.example.batterymanager_utility.MainActivity#0
09-02 08:36:46.957  3979  3979 D SamsungAlarmManager: setInexact Listener (T:2/F:0/AC:false) 20230902T085706 - CU:1000/CP:3979
09-02 08:36:46.958  3979  6899 D GameManagerService: identifyGamePackage. com.example.batterymanager_utility
09-02 08:36:46.958  3979  6899 D GamePkgDataHelper: getGamePkgData(). com.example.batterymanager_utility
09-02 08:36:46.959  3979  4673 V Surface : sf_framedrop debug : 0x4f4c, game : false, logging : 0
09-02 08:36:46.959  3979  3979 D SamsungAlarmManager: setInexact Listener (T:2/F:0/AC:false) 20230902T084205 - CU:1000/CP:3979
09-02 08:36:46.959  3979  3996 D WindowManager: set systemUiVisibility : systemUiFlags= 0x608 fullscreenStackSysUiFlags= 0x0
09-02 08:36:46.960  3979  3979 D SamsungAlarmManager: setInexact Listener (T:2/F:0/AC:false) 20230902T085706 - CU:1000/CP:3979
09-02 08:36:46.962  3979  3979 D SamsungAlarmManager: setInexact Listener (T:2/F:0/AC:false) 20230902T084205 - CU:1000/CP:3979
09-02 08:36:46.963  3979  3979 D SamsungAlarmManager: setInexact Listener (T:2/F:0/AC:false) 20230902T085706 - CU:1000/CP:3979
09-02 08:36:46.964  3979  4673 D InputDispatcher: Focus entered window: 24894
09-02 08:36:46.964  3979  6899 D GameManagerService: identifyGamePackage. com.example.batterymanager_utility
09-02 08:36:46.964  3979  6899 D GamePkgDataHelper: getGamePkgData(). com.example.batterymanager_utility
09-02 08:36:46.966  4336  4336 D InputEventReceiver: channel 'ClientState{3907b13 uid 10154 pid 24934} (client)' ~ Disposing input event receiver.
09-02 08:36:46.966  4336  4336 D InputEventReceiver: channel 'ClientState{3907b13 uid 10154 pid 24934} (client)' ~NativeInputEventReceiver.
09-02 08:36:46.966  3979  4373 I WindowManager: WIN DEATH: Window{66338 u0 org.mozilla.firefox/org.mozilla.fenix.HomeActivity}
09-02 08:36:46.967 24894 24894 V Surface : sf_framedrop debug : 0x4f4c, game : false, logging : 0
09-02 08:36:46.967  3979  4373 W InputDispatcher: Attempted to unregister already unregistered input channel
09-02 08:36:46.967  3979  4373 I WindowManager: Destroying surface Surface(name=org.mozilla.firefox/org.mozilla.fenix.HomeActivity) called by com.android.server.wm.WindowStateAnimator.destroySurface:2501 com.android.server.wm.WindowStateAnimator.destroySurfaceLocked:985 com.android.server.wm.WindowState.removeImmediately:2404 com.android.server.wm.WindowState.removeIfPossible:2603 com.android.server.wm.WindowState.-wrap1:0 com.android.server.wm.WindowState$DeathRecipient.binderDied:3142 android.os.BinderProxy.sendDeathNotice:841 <bottom of call stack> 
09-02 08:36:46.967  3462  4748 I SurfaceFlinger: id=328 Removed org.mozilla.firefox/org.mozilla.fenix.HomeActivity#0 (4/5)
09-02 08:36:46.967  3462  4748 I SurfaceFlinger: id=328 Removed org.mozilla.firefox/org.mozilla.fenix.HomeActivity#0 (-2/5)
09-02 08:36:46.968 24894 24894 D ViewRootImpl@110cd72[MainActivity]: Relayout returned: old=[0,0][720,1280] new=[0,0][720,1280] result=0x7 surface={valid=true 536118620160} changed=true
09-02 08:36:46.972  3979  5983 D WindowManager: adjustSystemUiVisibilityLw : vis= 0x608
09-02 08:36:46.972  3462  3462 I SurfaceFlinger: removeLayer is called from message
09-02 08:36:46.972  3462  3462 I SurfaceFlinger: id=328 Removed org.mozilla.firefox/org.mozilla.fenix.HomeActivity#0 (-2/5)
09-02 08:36:46.974 24894 24910 D mali_winsys: EGLint new_window_surface(egl_winsys_display *, void *, EGLSurface, EGLConfig, egl_winsys_surface **, egl_color_buffer_format *, EGLBoolean) returns 0x3000,  [720x1280]-format:1
09-02 08:36:46.975 24894 24910 D OpenGLRenderer: eglCreateWindowSurface = 0x7cc18c62c0
09-02 08:36:46.976  3979  4004 W ActivityManager: setHasOverlayUi called on unknown pid: 24934
09-02 08:36:46.978 24894 24894 D ViewRootImpl@110cd72[MainActivity]: MSG_WINDOW_FOCUS_CHANGED 1
09-02 08:36:46.978  3462  3462 I Layer   : id=328 onRemoved org.mozilla.firefox/org.mozilla.fenix.HomeActivity#0 
09-02 08:36:46.979  3462  3462 I Layer   : id=330 onRemoved Background for - SurfaceView - org.mozilla.firefox/org.mozilla.fenix.HomeActivity@6cd8f9e@0#0 
09-02 08:36:46.979  3462  3462 I Layer   : id=329 onRemoved SurfaceView - org.mozilla.firefox/org.mozilla.fenix.HomeActivity@6cd8f9e@0#0 
09-02 08:36:46.984  3462  3462 I SurfaceFlinger: Display 0 HWC layers:
09-02 08:36:46.984  3462  3462 I SurfaceFlinger:     type    |    handle    | flag |  format   |   source crop (l,t,r,b)    |         frame       | name 
09-02 08:36:46.984  3462  3462 I SurfaceFlinger: ------------+--------------+------+-----------+----------------------------+---------------------+------
09-02 08:36:46.984  3462  3462 I SurfaceFlinger:      Device | 0x7ac4c25140 | 0000 | RGBA_8888 |   0.0    0.0  720.0   42.0 |    0    0  720   42 | StatusBar#0
09-02 08:36:46.984  3462  3462 I SurfaceFlinger: 
09-02 08:36:46.985 24894 24894 V InputMethodManager: Starting input: tba=android.view.inputmethod.EditorInfo@753c22d nm : com.example.batterymanager_utility ic=null
09-02 08:36:46.985 24894 24894 I InputMethodManager: startInputInner - mService.startInputOrWindowGainedFocus
