--------- beginning of system
09-02 03:41:23.563  1513  1536 I ActivityManager: Force stopping org.mozilla.firefox appid=10258 user=0: from pid 3617
--------- beginning of main
09-02 03:41:23.568  2474  2474 E PhoneInterfaceManager: [PhoneIntfMgr] getCarrierPackageNamesForIntentAndPhone: No UICC
09-02 03:41:23.568  2474  2474 D CarrierSvcBindHelper: No carrier app for: 0
09-02 03:41:23.576  3135  3135 D RegisteredNfcFServicesCache: Service unchanged, not updating
09-02 03:41:23.581  8777  8777 I EuiccGoogle: [2] EuiccServiceImpl.onCreate: onCreate Single-SIM mode: simCardState is 1
09-02 03:41:23.586  8777  3626 I EuiccGoogle: [7922] EuiccServiceImpl.onGetEuiccProfileInfoList: onGetEuiccProfileInfoList: slotId = -1
09-02 03:41:23.588  8777  3626 W EuiccGoogle: [7922] EuiccServiceImpl.onGetEuiccProfileInfoList: slotId=-1. No eUICC is active. Return null.
09-02 03:41:23.820  1513  1536 I ActivityTaskManager: START u0 {act=android.intent.action.VIEW flg=0x10008000 cmp=org.mozilla.firefox/org.mozilla.gecko.BrowserApp} from uid 2000
09-02 03:41:23.821  1513  1572 D EventSequenceValidator: Transition from ACTIVITY_FINISHED to INTENT_STARTED
09-02 03:41:23.830   901  2806 I sensors-hal: [ssc_utils]get_qmi_debug_flag:244, support_qmi_debug : false
09-02 03:41:23.837  3617  3622 I cmd     : oneway function results will be dropped but finished with status OK and parcel size 4
09-02 03:41:23.841  1513  1572 D CompatibilityChangeReporter: Compat change id reported: 135634846; UID 10258; state: DISABLED
09-02 03:41:23.841  1513  1572 D CompatibilityChangeReporter: Compat change id reported: 135754954; UID 10258; state: ENABLED
09-02 03:41:23.841  1513  1625 D CompatibilityChangeReporter: Compat change id reported: 143937733; UID 10258; state: ENABLED
09-02 03:41:23.841  1513  1572 D EventSequenceValidator: Transition from INTENT_STARTED to ACTIVITY_LAUNCHED
09-02 03:41:23.847   778   778 D Zygote  : Forked child process 3630
09-02 03:41:23.848   901  1000 W ASH     : @ 64070.298: Unhandled msg ID 999: line 1277
09-02 03:41:23.848   901  1000 E ASH     : @ 64070.298: No pb callback assigned
09-02 03:41:23.848   901  1000 E ASH     : @ 64070.298: Nanopb error: callback failed:1588
09-02 03:41:23.850  1513  1625 I ActivityManager: Start proc 3630:org.mozilla.firefox/u0a258 for pre-top-activity {org.mozilla.firefox/org.mozilla.gecko.BrowserApp}
09-02 03:41:23.853  3630  3630 E mozilla.firefo: Not starting debugger since process cannot load the jdwp agent.
09-02 03:41:23.877  3088  3657 I AssistantForeground: (REDACTED) Get launcher package: %s
09-02 03:41:23.880  3630  3630 D NetworkSecurityConfig: No Network Security Config specified, using platform default
09-02 03:41:23.880  3630  3630 D NetworkSecurityConfig: No Network Security Config specified, using platform default
09-02 03:41:23.886  3630  3630 I FirebaseApp: Device unlocked: initializing all Firebase APIs for app [DEFAULT]
09-02 03:41:23.888  3630  3630 I FirebaseInitProvider: FirebaseApp initialization successful
09-02 03:41:23.908  3630  3630 I rc_log_ffi::ios: rc_log adapter initialized!
09-02 03:41:23.935  3630  3668 I nimbus::nimbus_client: updating experiment list
09-02 03:41:23.935  3630  3668 I nimbus::persistence: Already at version 2, no upgrade needed
09-02 03:41:23.935  3630  3668 I nimbus::nimbus_client: [Nimbus] Retrieved date from Context: 2023-09-01 07:56:38 UTC
09-02 03:41:23.935  3630  3668 I nimbus::nimbus_client: [Nimbus] Installation Date: 2023-09-01 07:56:38 UTC
09-02 03:41:23.935  3630  3668 I nimbus::nimbus_client: [Nimbus] Update Date: 2023-09-01 14:22:00.591064144 UTC
09-02 03:41:23.935  3630  3668 I nimbus::nimbus_client: [Nimbus] Days since install: 0
09-02 03:41:23.935  3630  3668 I nimbus::nimbus_client: [Nimbus] Days since update: 0
09-02 03:41:23.949  3630  3671 I GeckoThread: preparing to run Gecko
09-02 03:41:23.952  3630  3671 I GeckoLoader: Library base=/data/app/~~BtOtpENtY_8SJVQLgbYgRg==/org.mozilla.firefox-ZoJ8FBGk3KN0nHoYkPw1IA==/lib/arm64
09-02 03:41:23.953  3630  3671 W Settings: Setting animator_duration_scale has moved from android.provider.Settings.System to android.provider.Settings.Global, returning read-only global URI.
09-02 03:41:23.953  3630  3671 I GeckoLoader: Library base=/data/app/~~BtOtpENtY_8SJVQLgbYgRg==/org.mozilla.firefox-ZoJ8FBGk3KN0nHoYkPw1IA==/lib/arm64
09-02 03:41:23.954  3630  3671 E GeckoLibLoad: Load sqlite start
09-02 03:41:23.954  3630  3671 E GeckoLibLoad: Load sqlite done
09-02 03:41:23.955  3630  3671 I GeckoLoader: Library base=/data/app/~~BtOtpENtY_8SJVQLgbYgRg==/org.mozilla.firefox-ZoJ8FBGk3KN0nHoYkPw1IA==/lib/arm64
09-02 03:41:23.955  3630  3671 E GeckoLibLoad: Load nss start
09-02 03:41:23.955  3630  3671 E GeckoLibLoad: Load nss done
09-02 03:41:23.955  3630  3671 I GeckoLoader: Library base=/data/app/~~BtOtpENtY_8SJVQLgbYgRg==/org.mozilla.firefox-ZoJ8FBGk3KN0nHoYkPw1IA==/lib/arm64
09-02 03:41:23.955   901  2806 I sensors-hal: [ssc_utils]get_qmi_debug_flag:244, support_qmi_debug : false
09-02 03:41:23.956  3630  3671 E GeckoLibLoad: Loaded libs in 0.745365ms total, 0ms(1ms) user, 0ms(0ms) system, 0(0) faults
09-02 03:41:23.956  3630  3671 W GeckoThread: zerdatime 64067182 - runGecko
09-02 03:41:23.959  3630  3677 I libglean_ffi: glean_core::core: Creating new Glean v53.1.0
09-02 03:41:23.960  3630  3677 I libglean_ffi: glean_core::database: Database initialized
09-02 03:41:23.963  3630  3677 I libglean_ffi: glean_core: Glean initialized
09-02 03:41:23.964  3630  3677 I libglean_ffi: glean_core::event_database: Loading events for events
09-02 03:41:23.964  3630  3677 I libglean_ffi: glean_core::event_database: Loading events for background-update
09-02 03:41:23.966  3630  3677 I libglean_ffi: glean_core::ping: Collecting events
09-02 03:41:23.967  3630  3630 W org.mozilla.firefox: type=1400 audit(0.0:7533): avc: denied { bind } for comm=4E65746C696E6B204D6F6E69746F72 scontext=u:r:untrusted_app:s0:c2,c257,c512,c768 tcontext=u:r:untrusted_app:s0:c2,c257,c512,c768 tclass=netlink_route_socket permissive=0 b/155595000 app=org.mozilla.firefox
09-02 03:41:23.968   901  1000 W ASH     : @ 64070.418: Unhandled msg ID 999: line 1277
09-02 03:41:23.968   901  1000 E ASH     : @ 64070.418: No pb callback assigned
09-02 03:41:23.968   901  1000 E ASH     : @ 64070.418: Nanopb error: callback failed:1588
09-02 03:41:23.969  3630  3671 I Gecko:DumpUtils: Fifo watcher disabled via pref.
09-02 03:41:23.971  3630  3677 I libglean_ffi: glean_core::upload::directory: Processing ping at: /data/user/0/org.mozilla.firefox/glean_data/pending_pings/eff7f9d4-3721-4863-8d2b-23f23aeba873
09-02 03:41:23.972  3630  3677 I libglean_ffi: glean_core::metrics::ping: The ping 'events' was submitted and will be sent as soon as possible
09-02 03:41:23.973  3630  3677 I TetheringManager: registerTetheringEventCallback:org.mozilla.firefox
09-02 03:41:23.977  3630  3677 I glean/MetricsPingSched: The 'metrics' collection is scheduled for today, 1693618883974
09-02 03:41:23.978  3630  3671 W mozilla.firefo: Accessing hidden field Ljava/lang/Boolean;->value:Z (greylist-max-p, JNI, denied)
09-02 03:41:23.979  3630  3671 W mozilla.firefo: Accessing hidden field Ljava/lang/Integer;->value:I (greylist-max-p, JNI, denied)
09-02 03:41:23.979  3630  3671 W mozilla.firefo: Accessing hidden field Ljava/lang/Double;->value:D (greylist-max-p, JNI, denied)
09-02 03:41:23.979  3548  3690 D ProfileInstaller: Installing profile for com.example.batterymanager_utility
09-02 03:41:23.983  3630  3677 I libglean_ffi: glean_core::ping: Collecting baseline
09-02 03:41:23.988  3630  3677 I libglean_ffi: glean_core::upload::directory: Processing ping at: /data/user/0/org.mozilla.firefox/glean_data/pending_pings/8e160b0d-cf12-4d11-92c2-aea01ed3c768
09-02 03:41:23.991  1513  2262 D CompatibilityChangeReporter: Compat change id reported: 135634846; UID 10258; state: DISABLED
09-02 03:41:23.991  1513  2262 D CompatibilityChangeReporter: Compat change id reported: 135754954; UID 10258; state: ENABLED
09-02 03:41:23.992  1513  1625 D CompatibilityChangeReporter: Compat change id reported: 143937733; UID 10258; state: ENABLED
09-02 03:41:24.004   778   778 D Zygote  : Forked child process 3713
09-02 03:41:24.005  3630  3677 I libglean_ffi: glean_core::metrics::ping: The ping 'baseline' was submitted and will be sent as soon as possible
09-02 03:41:24.011  3630  3630 I FenixApplication: AutoPushFeature is configured, initializing it...
09-02 03:41:24.011  3630  3630 I AbstractFirebasePushService: start
09-02 03:41:24.012  1513  1625 I ActivityManager: Start proc 3713:org.mozilla.firefox:tab34/u0a258 for service {org.mozilla.firefox/org.mozilla.gecko.process.GeckoChildProcessServices$tab34}
09-02 03:41:24.018  3713  3713 E a.firefox:tab3: Not starting debugger since process cannot load the jdwp agent.
09-02 03:41:24.020  1513  2905 D CompatibilityChangeReporter: Compat change id reported: 136274596; UID 10258; state: ENABLED
09-02 03:41:24.022   592  2400 W DisplayIdentification: Invalid EDID: falling back to serial number due to missing display name.
09-02 03:41:24.022   592  2400 W DisplayIdentification: Invalid EDID: falling back to ASCII text due to missing serial number.
09-02 03:41:24.022  3630  3670 I libglean_ffi: glean_core::ping: Collecting pageload
09-02 03:41:24.023  3630  3670 I libglean_ffi: glean_core::ping: Storage for pageload empty. Bailing out.
09-02 03:41:24.023  3630  3670 I libglean_ffi: glean_core::metrics::ping: No content for ping 'pageload', therefore no ping queued.
09-02 03:41:24.027  3630  3670 I libglean_ffi: glean_core::core: Upload enabled: true
09-02 03:41:24.033  1513  2262 I ActivityTaskManager: START u0 {act=android.intent.action.VIEW cmp=org.mozilla.firefox/org.mozilla.fenix.HomeActivity (has extras)} from uid 10258
09-02 03:41:24.033  1513  2905 D CompatibilityChangeReporter: Compat change id reported: 136274596; UID 10258; state: ENABLED
09-02 03:41:24.037   901  2806 I sensors-hal: [ssc_utils]get_qmi_debug_flag:244, support_qmi_debug : false
09-02 03:41:24.048   901  1000 W ASH     : @ 64070.498: Unhandled msg ID 999: line 1277
09-02 03:41:24.048   901  1000 E ASH     : @ 64070.498: No pb callback assigned
09-02 03:41:24.048   901  1000 E ASH     : @ 64070.498: Nanopb error: callback failed:1588
09-02 03:41:24.064  1513  3161 W ActivityTaskManager: Tried to set launchTime (0) < mLastActivityLaunchTime (64067086)
09-02 03:41:24.084  3713  3713 D NetworkSecurityConfig: No Network Security Config specified, using platform default
09-02 03:41:24.084  3713  3713 D NetworkSecurityConfig: No Network Security Config specified, using platform default
09-02 03:41:24.091  2158  2158 I WallpaperService: engine resumed
09-02 03:41:24.095   901   901 I sensors-hal: [hal]batch_physical_sensor:301, android.sensor.gyroscope/41, period=20000000, max_latency=0
09-02 03:41:24.095   901   901 I sensors-hal: [hal]batch_physical_sensor:310, android.sensor.gyroscope/41, period=20000000, max_latency=0 request completed
09-02 03:41:24.095   901   901 I sensors-hal: [hal]activate_physical_sensor:238, android.sensor.gyroscope/41 en=1
09-02 03:41:24.095   901   901 I sensors-hal: [ssc_utils]get_qmi_debug_flag:244, support_qmi_debug : false
09-02 03:41:24.097   901   901 W sensors@2.0-ser: type=1400 audit(0.0:7534): avc: denied { read write } for name="diag" dev="tmpfs" ino=12474 scontext=u:r:hal_sensors_default:s0 tcontext=u:object_r:diag_device:s0 tclass=chr_file permissive=0
09-02 03:41:24.097   901   901 W sensors@2.0-ser: type=1400 audit(0.0:7535): avc: denied { read write } for name="diag" dev="tmpfs" ino=12474 scontext=u:r:hal_sensors_default:s0 tcontext=u:object_r:diag_device:s0 tclass=chr_file permissive=0
09-02 03:41:24.099   901   901 D Diag_Lib:  Diag_LSM_Init: Failed to open handle to diag driver, error = 13
09-02 03:41:24.099   901   901 D Diag_Lib:  Diag_LSM_Init: Failed to open handle to diag driver, error = 13
09-02 03:41:24.100   901   901 I sensors-hal: [ssc_sensor]update_handle:537, handle=331, type=33, wakeup=0, hwid=0, base=331
09-02 03:41:24.100   901   901 I sensors-hal: [ssc_utils]get_qmi_debug_flag:244, support_qmi_debug : false
09-02 03:41:24.100  3713  3713 I ServiceChildProcess: onCreate
09-02 03:41:24.102  3713  3774 I GeckoThread: preparing to run Gecko
09-02 03:41:24.107  3630  3719 I push::internal::communications::rate_limiter: No need to reset inner timestamp and count for verify_connection.
09-02 03:41:24.107   901   901 I sensors-hal: [ssc_utils]get_qmi_debug_flag:244, support_qmi_debug : false
09-02 03:41:24.108   901  1000 W SEE     : @ 64070.559: adding req to Q sensor=8 req=0xb2029028 msg=513
09-02 03:41:24.109   901  3775 I sensors-hal: [ssc_sensor]ssc_conn_resp_cb:663, resp_value = 0
09-02 03:41:24.110   901  3775 I sensors-hal: [sensor]submit_sensors_hal_event:146, android.sensor.additional_info: trying to push empty Events, count = 0
09-02 03:41:24.110   901  3775 I sensors-hal: [sensor]submit_sensors_hal_event:146, android.sensor.additional_info: trying to push empty Events, count = 0
09-02 03:41:24.114   901   901 I sensors-hal: [hal]activate_physical_sensor:249, android.sensor.gyroscope/41 en=1 completed
09-02 03:41:24.115  3630  3719 I push::internal::communications::rate_limiter: Not allowed: count(148) > 1 for verify_connection.
09-02 03:41:24.115   901  1000 W SEE     : @ 64070.565: adding req to Q sensor=2 req=0xb2034df8 msg=513
09-02 03:41:24.118   901  3779 I sensors-hal: [ssc_sensor]ssc_conn_resp_cb:663, resp_value = 0
09-02 03:41:24.118   901  3779 I sensors-hal: [sensor]submit_sensors_hal_event:146, android.sensor.gyroscope: trying to push empty Events, count = 1
09-02 03:41:24.118   901  3779 I chatty  : uid=1000(system) sensors@2.0-ser identical 1 line
09-02 03:41:24.119   901  3779 I sensors-hal: [sensor]submit_sensors_hal_event:146, android.sensor.gyroscope: trying to push empty Events, count = 1
09-02 03:41:24.120  3630  3719 I AutoPushFeature: No change to subscriptions. Doing nothing.
09-02 03:41:24.133   901  3779 I sensors-hal: [sensor]submit_sensors_hal_event:146, android.sensor.gyroscope: trying to push empty Events, count = 1
09-02 03:41:24.147  3630  3630 I NavController: Ignoring popBackStack to destination org.mozilla.firefox:id/browserFragment as it was not found on the current back stack
09-02 03:41:24.158  3630  3630 I ContileTopSitesUpdater: Started periodic work to update Contile top sites
09-02 03:41:24.159  3630  3705 I service-pocket: Scheduling pocket recommendations background refresh
09-02 03:41:24.159  3630  3705 I service-pocket: Scheduling sponsored stories background refresh
09-02 03:41:24.186  1513  2262 D ConnectivityService: requestNetwork for uid/pid:10258/3630 NetworkRequest [ TRACK_DEFAULT id=2940, [ Capabilities: INTERNET&NOT_RESTRICTED&TRUSTED Uid: 10258 AdministratorUids: [] RequestorUid: 10258 RequestorPackageName: org.mozilla.firefox] ]
09-02 03:41:24.186  1513  2000 D ConnectivityService: NetReassign [2940 : null → 100]
09-02 03:41:24.186  1513  1996 D WifiNetworkFactory: got request NetworkRequest [ TRACK_DEFAULT id=2940, [ Capabilities: INTERNET&NOT_RESTRICTED&TRUSTED Uid: 10258 AdministratorUids: [] RequestorUid: 10258 RequestorPackageName: org.mozilla.firefox] ] with score 60 and providerId 5
09-02 03:41:24.186  1513  2038 D Ethernet: got request NetworkRequest [ TRACK_DEFAULT id=2940, [ Capabilities: INTERNET&NOT_RESTRICTED&TRUSTED Uid: 10258 AdministratorUids: [] RequestorUid: 10258 RequestorPackageName: org.mozilla.firefox] ] with score 60 and providerId 5
09-02 03:41:24.187  1513  2037 D WIFI_AWARE_FACTORY: got request NetworkRequest [ TRACK_DEFAULT id=2940, [ Capabilities: INTERNET&NOT_RESTRICTED&TRUSTED Uid: 10258 AdministratorUids: [] RequestorUid: 10258 RequestorPackageName: org.mozilla.firefox] ] with score 60 and providerId 5
09-02 03:41:24.187  1513  1996 D UntrustedWifiNetworkFactory: got request NetworkRequest [ TRACK_DEFAULT id=2940, [ Capabilities: INTERNET&NOT_RESTRICTED&TRUSTED Uid: 10258 AdministratorUids: [] RequestorUid: 10258 RequestorPackageName: org.mozilla.firefox] ] with score 60 and providerId 5
09-02 03:41:24.187  2474  2474 D PhoneSwitcherNetworkRequstListener: got request NetworkRequest [ TRACK_DEFAULT id=2940, [ Capabilities: INTERNET&NOT_RESTRICTED&TRUSTED Uid: 10258 AdministratorUids: [] RequestorUid: 10258 RequestorPackageName: org.mozilla.firefox] ] with score 60 and providerId 5
09-02 03:41:24.192  3630  3707 E GeckoSession: String does not represent valid session state.
09-02 03:41:24.199  3630  3707 I chatty  : uid=10258(org.mozilla.firefox) identical 40 lines
09-02 03:41:24.199  3630  3707 E GeckoSession: String does not represent valid session state.
09-02 03:41:24.226  3630  3630 W GeckoViewActivityContextDelegate: A non-activity context was set.
09-02 03:41:24.235  3630  3670 I libglean_ffi: glean_core::ping: Collecting baseline
09-02 03:41:24.236  3630  3630 I BgSyncManager: Periodic syncing enabled: PeriodicSyncConfig(periodMinutes=240, initialDelayMinutes=5)
09-02 03:41:24.236  3630  3630 I FirefoxAccountStateMachine: Sync is enabled
09-02 03:41:24.240  3630  3670 I libglean_ffi: glean_core::upload::directory: Processing ping at: /data/user/0/org.mozilla.firefox/glean_data/pending_pings/7019e394-d031-45a6-86fc-a747ee6f9e75
09-02 03:41:24.263  3630  3699 I StartupTypeTelemetry: Recorded start up: cold_view
09-02 03:41:24.267  3630  3670 I libglean_ffi: glean_core::metrics::ping: The ping 'baseline' was submitted and will be sent as soon as possible
09-02 03:41:24.268  3630  3797 I FirefoxAccountStateMachine: Processing event 'mozilla.components.service.fxa.manager.Event$Account$Start@233b326' for state Idle(accountState=NotAuthenticated). Next state is Active(progressState=Initializing)
09-02 03:41:24.281  3630  3733 I AdrenoGLES-0: QUALCOMM build                   : 35605c3, Ia11ce2d146
09-02 03:41:24.281  3630  3733 I AdrenoGLES-0: Build Date                       : 09/02/20
09-02 03:41:24.281  3630  3733 I AdrenoGLES-0: OpenGL ES Shader Compiler Version: EV031.31.04.00
09-02 03:41:24.281  3630  3733 I AdrenoGLES-0: Local Branch                     : gfx-adreno.lnx.2.0
09-02 03:41:24.281  3630  3733 I AdrenoGLES-0: Remote Branch                    : 
09-02 03:41:24.281  3630  3733 I AdrenoGLES-0: Remote Branch                    : 
09-02 03:41:24.281  3630  3733 I AdrenoGLES-0: Reconstruct Branch               : 
09-02 03:41:24.281  3630  3733 I AdrenoGLES-0: Build Config                     : S P 10.0.4 AArch64
09-02 03:41:24.281  3630  3733 I AdrenoGLES-0: Driver Path                      : /vendor/lib64/egl/libGLESv2_adreno.so
09-02 03:41:24.289   901  1000 D VSC     : @ 64070.738: [WO] tilt angle 87
09-02 03:41:24.291  3630  3652 I mozilla.firefo: Waiting for a blocking GC ProfileSaver
09-02 03:41:24.292  3630  3733 I AdrenoGLES-0: PFP: 0x016dd090, ME: 0x00000000
09-02 03:41:24.302   594   655 I SDM     : HWDeviceDRM::UpdateMixerAttributes: Mixer WxH 1080x2340-1 for Peripheral
09-02 03:41:24.302   594   655 I SDM     : DisplayBase::SetActiveConfig: Active configuration changed to: 0
09-02 03:41:24.302   594   655 I SDM     : StrategyImpl::SetIdleTimeoutMs: Idle timeout set to zero for command mode panels
09-02 03:41:24.305  3630  3733 W AdrenoUtils: <ReadGpuID_from_sysfs:197>: Failed to open /sys/class/kgsl/kgsl-3d0/gpu_model
09-02 03:41:24.305  3630  3733 W AdrenoUtils: <ReadGpuID:221>: Failed to read chip ID from gpu_model. Fallback to use the GSL path
09-02 03:41:24.310   901  2806 I sensors-hal: [ssc_utils]get_qmi_debug_flag:244, support_qmi_debug : false
09-02 03:41:24.311  1513  1572 I DisplayManagerService: Display device changed: DisplayDeviceInfo{"Built-in Screen": uniqueId="local:19260504575090817", 1080 x 2340, modeId 2, defaultModeId 2, supportedModes [{id=1, width=1080, height=2340, fps=90.0}, {id=2, width=1080, height=2340, fps=60.000004}], colorMode 0, supportedColorModes [0, 7, 9], HdrCapabilities HdrCapabilities{mSupportedHdrTypes=[2, 3, 4], mMaxLuminance=500.0, mMaxAverageLuminance=500.0, mMinLuminance=0.0}, allmSupported false, gameContentTypeSupported false, density 440, 435.428 x 433.839 dpi, appVsyncOff 2333332, presDeadline 11500000, cutout DisplayCutout{insets=Rect(0, 136 - 0, 0) waterfall=Insets{left=0, top=0, right=0, bottom=0} boundingRect={Bounds=[Rect(0, 0 - 0, 0), Rect(0, 0 - 136, 136), Rect(0, 0 - 0, 0), Rect(0, 0 - 0, 0)]}}, touch INTERNAL, rotation 0, type INTERNAL, address {port=129, model=0x446d53ad64a0}, deviceProductInfo DeviceProductInfo{name=, manufacturerPnpId=QCM, productId=1, modelYear=null, manufactureDate=ManufactureDate{week=27, year=2006}, relativeAddress=null}, state ON, FLAG_DEFAULT_DISPLAY, FLAG_ROTATES_WITH_CONTENT, FLAG_SECURE, FLAG_SUPPORTS_PROTECTED_BUFFERS}
09-02 03:41:24.316   594   655 I SDM     : StrategyImpl::SetIdleTimeoutMs: Idle timeout set to zero for command mode panels
09-02 03:41:24.328   901  1000 W ASH     : @ 64070.778: Unhandled msg ID 999: line 1277
09-02 03:41:24.328   901  1000 E ASH     : @ 64070.778: No pb callback assigned
09-02 03:41:24.328   901  1000 E ASH     : @ 64070.778: Nanopb error: callback failed:1588
09-02 03:41:24.335  3630  3813 I libglean_ffi: glean_core::upload: New upload task with id eff7f9d4-3721-4863-8d2b-23f23aeba873 (path: /submit/org-mozilla-firefox/events/1/eff7f9d4-3721-4863-8d2b-23f23aeba873)
09-02 03:41:24.339  1513  1572 D EventSequenceValidator: Transition from ACTIVITY_LAUNCHED to ACTIVITY_FINISHED
09-02 03:41:24.347   594   655 I SDM     : HWDeviceDRM::UpdateMixerAttributes: Mixer WxH 1080x2340-1 for Peripheral
09-02 03:41:24.347   594   655 I SDM     : DisplayBase::SetActiveConfig: Active configuration changed to: 1
09-02 03:41:24.347  1513  1622 D ArtManagerInternalImpl: /data/misc/iorapd/org.mozilla.firefox/2015969571/org.mozilla.fenix.HomeActivity/compiled_traces/compiled_trace.pb doesn't exist
09-02 03:41:24.347   594   655 I SDM     : StrategyImpl::SetIdleTimeoutMs: Idle timeout set to zero for command mode panels
09-02 03:41:24.348  1513  1622 I ActivityTaskManager: Displayed org.mozilla.firefox/org.mozilla.fenix.HomeActivity: +515ms
09-02 03:41:24.352  1513  1572 I DisplayManagerService: Display device changed: DisplayDeviceInfo{"Built-in Screen": uniqueId="local:19260504575090817", 1080 x 2340, modeId 1, defaultModeId 2, supportedModes [{id=1, width=1080, height=2340, fps=90.0}, {id=2, width=1080, height=2340, fps=60.000004}], colorMode 0, supportedColorModes [0, 7, 9], HdrCapabilities HdrCapabilities{mSupportedHdrTypes=[2, 3, 4], mMaxLuminance=500.0, mMaxAverageLuminance=500.0, mMinLuminance=0.0}, allmSupported false, gameContentTypeSupported false, density 440, 435.428 x 433.839 dpi, appVsyncOff 2333333, presDeadline 11500000, cutout DisplayCutout{insets=Rect(0, 136 - 0, 0) waterfall=Insets{left=0, top=0, right=0, bottom=0} boundingRect={Bounds=[Rect(0, 0 - 0, 0), Rect(0, 0 - 136, 136), Rect(0, 0 - 0, 0), Rect(0, 0 - 0, 0)]}}, touch INTERNAL, rotation 0, type INTERNAL, address {port=129, model=0x446d53ad64a0}, deviceProductInfo DeviceProductInfo{name=, manufacturerPnpId=QCM, productId=1, modelYear=null, manufactureDate=ManufactureDate{week=27, year=2006}, relativeAddress=null}, state ON, FLAG_DEFAULT_DISPLAY, FLAG_ROTATES_WITH_CONTENT, FLAG_SECURE, FLAG_SUPPORTS_PROTECTED_BUFFERS}
09-02 03:41:24.355   901  2806 I sensors-hal: [ssc_utils]get_qmi_debug_flag:244, support_qmi_debug : false
09-02 03:41:24.357  3630  3693 W logins::schema: user_version: 2
09-02 03:41:24.361  3630  3797 I FirefoxAccount: Registering persistence callback
09-02 03:41:24.361  3630  3797 I FirefoxAccountStateMachine: Ran 'mozilla.components.service.fxa.manager.Event$Account$Start@233b326' side-effects for state Active(progressState=Initializing), got successive event mozilla.components.service.fxa.manager.Event$Progress$AccountNotFound@3687c2c
09-02 03:41:24.361  3630  3797 I FirefoxAccountStateMachine: Processing event 'mozilla.components.service.fxa.manager.Event$Progress$AccountNotFound@3687c2c' for state Active(progressState=Initializing). Next state is Idle(accountState=NotAuthenticated)
09-02 03:41:24.368   901  1000 W ASH     : @ 64070.818: Unhandled msg ID 999: line 1277
09-02 03:41:24.368   901  1000 E ASH     : @ 64070.818: No pb callback assigned
09-02 03:41:24.368   901  1000 E ASH     : @ 64070.818: Nanopb error: callback failed:1588
09-02 03:41:24.433  1513  2905 D CompatibilityChangeReporter: Compat change id reported: 135634846; UID 10258; state: DISABLED
09-02 03:41:24.433  1513  2905 D CompatibilityChangeReporter: Compat change id reported: 135754954; UID 10258; state: ENABLED
09-02 03:41:24.434  1513  1625 D CompatibilityChangeReporter: Compat change id reported: 143937733; UID 10258; state: ENABLED
09-02 03:41:24.441  2858  2858 I GoogleInputMethodService: GoogleInputMethodService.onFinishInput():3280 
09-02 03:41:24.442  2858  2858 I GoogleInputMethodService: GoogleInputMethodService.updateDeviceLockedStatus():2169 repeatCheckTimes = 0, unlocked = true
09-02 03:41:24.442  2858  2858 I GoogleInputMethodService: GoogleInputMethodService.onStartInput():1960 onStartInput(EditorInfo{inputType=0x0(NULL) imeOptions=0x0 privateImeOptions=null actionName=UNSPECIFIED actionLabel=null actionId=0 initialSelStart=-1 initialSelEnd=-1 initialCapsMode=0x0 hintText=null label=null packageName=org.mozilla.firefox fieldId=-1 fieldName=null extras=null}, false)
09-02 03:41:24.442  2858  2858 I GoogleInputMethodService: GoogleInputMethodService.shouldHideHeaderOnInitialState():4081 ShouldHideHeaderOnInitialState = false
09-02 03:41:24.443  2858  2858 I GoogleInputMethodService: GoogleInputMethodService.updateDeviceLockedStatus():2169 repeatCheckTimes = 2, unlocked = true
09-02 03:41:24.450   778   778 D Zygote  : Forked child process 3838
09-02 03:41:24.462  1513  1625 I ActivityManager: Start proc 3838:org.mozilla.firefox:gpu/u0a258 for service {org.mozilla.firefox/org.mozilla.gecko.process.GeckoChildProcessServices$gpu}
09-02 03:41:24.465  3838  3838 E lla.firefox:gp: Not starting debugger since process cannot load the jdwp agent.
09-02 03:41:24.479  1513  2905 D CompatibilityChangeReporter: Compat change id reported: 136274596; UID 10258; state: ENABLED
09-02 03:41:24.497  1513  2180 W ActivityManager: Receiver with filter android.content.IntentFilter@16fc4a8 already registered for pid 3630, callerPackage is org.mozilla.firefox
09-02 03:41:24.508  3838  3838 D NetworkSecurityConfig: No Network Security Config specified, using platform default
09-02 03:41:24.508  3838  3838 D NetworkSecurityConfig: No Network Security Config specified, using platform default
09-02 03:41:24.521  3838  3838 I ServiceChildProcess: onCreate
09-02 03:41:24.525  3838  3880 I GeckoThread: preparing to run Gecko
09-02 03:41:24.527  3630  3696 W ActivityThread: ClassLoader.getResources: The class loader returned by Thread.getContextClassLoader() may fail for processes that host multiple applications. You should explicitly specify a context class loader. For example: Thread.setContextClassLoader(getClass().getClassLoader());
09-02 03:41:24.529  3838  3880 I GeckoLoader: Library base=/data/app/~~BtOtpENtY_8SJVQLgbYgRg==/org.mozilla.firefox-ZoJ8FBGk3KN0nHoYkPw1IA==/lib/arm64
09-02 03:41:24.530  3838  3880 I GeckoLoader: Library base=/data/app/~~BtOtpENtY_8SJVQLgbYgRg==/org.mozilla.firefox-ZoJ8FBGk3KN0nHoYkPw1IA==/lib/arm64
09-02 03:41:24.532  3838  3880 E GeckoLibLoad: Load sqlite start
09-02 03:41:24.534  3838  3880 E GeckoLibLoad: Load sqlite done
09-02 03:41:24.534  3838  3880 I GeckoLoader: Library base=/data/app/~~BtOtpENtY_8SJVQLgbYgRg==/org.mozilla.firefox-ZoJ8FBGk3KN0nHoYkPw1IA==/lib/arm64
09-02 03:41:24.534  3838  3880 E GeckoLibLoad: Load nss start
09-02 03:41:24.534  3838  3880 E GeckoLibLoad: Load nss done
09-02 03:41:24.534  3838  3880 I GeckoLoader: Library base=/data/app/~~BtOtpENtY_8SJVQLgbYgRg==/org.mozilla.firefox-ZoJ8FBGk3KN0nHoYkPw1IA==/lib/arm64
09-02 03:41:24.558  3838  3880 E GeckoLibLoad: Loaded libs in 23.638961ms total, 10ms(10ms) user, 10ms(10ms) system, 0(0) faults
09-02 03:41:24.559  3838  3880 W GeckoThread: zerdatime 64067784 - runGecko
09-02 03:41:24.572  1513  2000 D ConnectivityService: NetReassign [no changes]
09-02 03:41:24.579  3630  3630 I SessionPrioritizationMiddleware: Update the currentSelectedTab 58f3ad2a-a9a8-417c-82c7-1f1aaba47d91 priority to HIGH
09-02 03:41:24.618  3838  3888 I AdrenoGLES-0: QUALCOMM build                   : 35605c3, Ia11ce2d146
09-02 03:41:24.618  3838  3888 I AdrenoGLES-0: Build Date                       : 09/02/20
09-02 03:41:24.618  3838  3888 I AdrenoGLES-0: OpenGL ES Shader Compiler Version: EV031.31.04.00
09-02 03:41:24.618  3838  3888 I AdrenoGLES-0: Local Branch                     : gfx-adreno.lnx.2.0
09-02 03:41:24.618  3838  3888 I AdrenoGLES-0: Remote Branch                    : 
09-02 03:41:24.618  3838  3888 I AdrenoGLES-0: Remote Branch                    : 
09-02 03:41:24.618  3838  3888 I AdrenoGLES-0: Reconstruct Branch               : 
09-02 03:41:24.618  3838  3888 I AdrenoGLES-0: Build Config                     : S P 10.0.4 AArch64
09-02 03:41:24.618  3838  3888 I AdrenoGLES-0: Driver Path                      : /vendor/lib64/egl/libGLESv2_adreno.so
09-02 03:41:24.627  3838  3888 I AdrenoGLES-0: PFP: 0x016dd090, ME: 0x00000000
09-02 03:41:24.633  3838  3888 W AdrenoUtils: <ReadGpuID_from_sysfs:197>: Failed to open /sys/class/kgsl/kgsl-3d0/gpu_model
09-02 03:41:24.633  3838  3888 W AdrenoUtils: <ReadGpuID:221>: Failed to read chip ID from gpu_model. Fallback to use the GSL path
09-02 03:41:24.668  3713  3774 I GeckoLoader: Library base=/data/app/~~BtOtpENtY_8SJVQLgbYgRg==/org.mozilla.firefox-ZoJ8FBGk3KN0nHoYkPw1IA==/lib/arm64
09-02 03:41:24.668  3713  3774 I GeckoLoader: Library base=/data/app/~~BtOtpENtY_8SJVQLgbYgRg==/org.mozilla.firefox-ZoJ8FBGk3KN0nHoYkPw1IA==/lib/arm64
09-02 03:41:24.672  3713  3774 E GeckoLibLoad: Load sqlite start
09-02 03:41:24.672  2158  2158 I WallpaperService: engine paused
09-02 03:41:24.674   901   901 I sensors-hal: [hal]activate_physical_sensor:238, android.sensor.gyroscope/41 en=0
09-02 03:41:24.674  3713  3774 E GeckoLibLoad: Load sqlite done
09-02 03:41:24.675   901   901 D Diag_Lib: diag: Diag_LSM_DeInit done for pid: 901
09-02 03:41:24.676   901   901 D Diag_Lib: diag: Diag_LSM_DeInit done for pid: 901
09-02 03:41:24.676   901   901 I sensors-hal: [hal]activate_physical_sensor:249, android.sensor.gyroscope/41 en=0 completed
09-02 03:41:24.677  3713  3774 I GeckoLoader: Library base=/data/app/~~BtOtpENtY_8SJVQLgbYgRg==/org.mozilla.firefox-ZoJ8FBGk3KN0nHoYkPw1IA==/lib/arm64
09-02 03:41:24.678  3713  3774 E GeckoLibLoad: Load nss start
09-02 03:41:24.678  3713  3774 E GeckoLibLoad: Load nss done
09-02 03:41:24.678  3713  3774 I GeckoLoader: Library base=/data/app/~~BtOtpENtY_8SJVQLgbYgRg==/org.mozilla.firefox-ZoJ8FBGk3KN0nHoYkPw1IA==/lib/arm64
09-02 03:41:24.684  3630  3671 W VideoCapabilities: Unrecognized level 1879048707 for video/x-vnd.on2.vp8
09-02 03:41:24.684  3630  3671 W VideoCapabilities: Unrecognized profile 1879048704 for video/x-vnd.on2.vp8
09-02 03:41:24.684  3630  3671 W VideoCapabilities: Unrecognized level 1879048707 for video/x-vnd.on2.vp8
09-02 03:41:24.684  3630  3671 W VideoCapabilities: Unrecognized profile 1879048704 for video/x-vnd.on2.vp8
09-02 03:41:24.686  3630  3671 W VideoCapabilities: Unsupported mime image/vnd.android.heic
09-02 03:41:24.686  3630  3671 W VideoCapabilities: Unrecognized level 1879048707 for video/x-vnd.on2.vp8
09-02 03:41:24.686  3630  3671 W VideoCapabilities: Unrecognized profile 1879048704 for video/x-vnd.on2.vp8
09-02 03:41:24.686  3630  3671 W VideoCapabilities: Unrecognized level 1879048707 for video/x-vnd.on2.vp8
09-02 03:41:24.686  3630  3671 W VideoCapabilities: Unrecognized profile 1879048704 for video/x-vnd.on2.vp8
09-02 03:41:24.701  3713  3774 E GeckoLibLoad: Loaded libs in 22.293284ms total, 8ms(8ms) user, 13ms(13ms) system, 0(0) faults
09-02 03:41:24.701  3713  3774 W GeckoThread: zerdatime 64067927 - runGecko
09-02 03:41:24.704  3088  3642 I AssistantForeground: (REDACTED) Get launcher package: %s
09-02 03:41:24.708  3630  3671 I GeckoSession: zerdatime 64067933 - chrome startup finished
09-02 03:41:24.712  3630  3630 I GeckoSession: handleMessage GeckoView:PageStart uri=
09-02 03:41:24.714  3630  3630 I GeckoSession: handleMessage GeckoView:PageStop uri=null
09-02 03:41:24.746  3630  3671 D GeckoIdleService: Registering Idle observer callback
09-02 03:41:24.746  3630  3671 D GeckoIdleService: Register idle observer 0x79a72b5280 for 180 seconds
09-02 03:41:24.746  3630  3671 D GeckoIdleService: Register: adjusting next switch from -1 to 180 seconds
09-02 03:41:24.746  3630  3671 D GeckoIdleService: next timeout 180000 msec from now
09-02 03:41:24.746  3630  3671 D GeckoIdleService: SetTimerExpiryIfBefore: next timeout 180000 msec from now
09-02 03:41:24.746  3630  3671 D GeckoIdleService: reset timer expiry to 180010 msec from now
09-02 03:41:24.748  2816  3036 I FontLog : Received query Noto Color Emoji Compat, URI content://com.google.android.gms.fonts [CONTEXT service_id=132 ]
09-02 03:41:24.748  2816  3036 I FontLog : Query [emojicompat-emoji-font] resolved to {Noto Color Emoji Compat, wdth 100.0, wght 400, ital 0.0, bestEffort false} [CONTEXT service_id=132 ]
09-02 03:41:24.748  3630  3671 D GeckoIdleService: Register idle observer 0x79870561a8 for 5 seconds
09-02 03:41:24.748  3630  3671 D GeckoIdleService: Register: adjusting next switch from 180 to 5 seconds
09-02 03:41:24.748  3630  3671 D GeckoIdleService: next timeout 4998 msec from now
09-02 03:41:24.748  3630  3671 D GeckoIdleService: SetTimerExpiryIfBefore: next timeout 4998 msec from now
09-02 03:41:24.748  3630  3671 D GeckoIdleService: reset timer expiry to 5008 msec from now
09-02 03:41:24.748  2816  3036 I FontLog : Fetch {Noto Color Emoji Compat, wdth 100.0, wght 400, ital 0.0, bestEffort false} end status Status{statusCode=SUCCESS, resolution=null} [CONTEXT service_id=132 ]
09-02 03:41:24.750  2816  3036 I FontLog : Pulling font file for id = 2337, cache size = 8 [CONTEXT service_id=132 ]
09-02 03:41:24.752  2816  3036 I FontLog : Pulling font file for id = 2337, cache size = 8 [CONTEXT service_id=132 ]
09-02 03:41:24.820  3630  3630 I GeckoSession: handleMessage GeckoView:PageStart uri=
09-02 03:41:24.827  1513  8184 I AdrenoGLES-0: QUALCOMM build                   : 35605c3, Ia11ce2d146
09-02 03:41:24.827  1513  8184 I AdrenoGLES-0: Build Date                       : 09/02/20
09-02 03:41:24.827  1513  8184 I AdrenoGLES-0: OpenGL ES Shader Compiler Version: EV031.31.04.00
09-02 03:41:24.827  1513  8184 I AdrenoGLES-0: Local Branch                     : gfx-adreno.lnx.2.0
09-02 03:41:24.827  1513  8184 I AdrenoGLES-0: Remote Branch                    : 
09-02 03:41:24.827  1513  8184 I AdrenoGLES-0: Remote Branch                    : 
09-02 03:41:24.827  1513  8184 I AdrenoGLES-0: Reconstruct Branch               : 
09-02 03:41:24.827  1513  8184 I AdrenoGLES-0: Build Config                     : S P 10.0.4 AArch64
09-02 03:41:24.827  1513  8184 I AdrenoGLES-0: Driver Path                      : /vendor/lib64/egl/libGLESv2_adreno.so
09-02 03:41:24.834  1513  8184 I AdrenoGLES-0: PFP: 0x016dd090, ME: 0x00000000
09-02 03:41:24.916  3630  3813 I libglean_ffi: glean_core::upload: Ping eff7f9d4-3721-4863-8d2b-23f23aeba873 successfully sent 200.
09-02 03:41:24.916  3630  3813 I libglean_ffi: glean_core::upload::directory: File was deleted /data/user/0/org.mozilla.firefox/glean_data/pending_pings/eff7f9d4-3721-4863-8d2b-23f23aeba873
09-02 03:41:24.917  3630  3813 I libglean_ffi: glean_core::upload: New upload task with id 8e160b0d-cf12-4d11-92c2-aea01ed3c768 (path: /submit/org-mozilla-firefox/baseline/1/8e160b0d-cf12-4d11-92c2-aea01ed3c768)
09-02 03:41:25.101  3630  3630 I DefaultSupportedAddonsChecker: Unregister check for new supported add-ons
09-02 03:41:25.109  3630  3630 I WebExtension: releasePendingMessages: extension=fxa@mozac.org nativeApp=mozacWebchannel session=org.mozilla.geckoview.GeckoSession@2049300
09-02 03:41:25.109  3630  3630 I WebExtension: releasePendingMessages: extension=fxa@mozac.org nativeApp=mozacWebchannelBackground session=null
09-02 03:41:25.124  3630  3630 I WebExtension: releasePendingMessages: extension=readerview@mozac.org nativeApp=mozacReaderview session=org.mozilla.geckoview.GeckoSession@2049300
09-02 03:41:25.124  3630  3630 I WebExtension: releasePendingMessages: extension=readerview@mozac.org nativeApp=mozacReaderviewActive session=org.mozilla.geckoview.GeckoSession@2049300
09-02 03:41:25.124  3630  3630 I WebExtension: releasePendingMessages: extension=readerview@mozac.org nativeApp=mozacReaderview session=org.mozilla.geckoview.GeckoSession@2049300
09-02 03:41:25.126  3630  3630 I WebExtension: releasePendingMessages: extension=icons@mozac.org nativeApp=MozacBrowserIcons session=org.mozilla.geckoview.GeckoSession@2049300
09-02 03:41:25.132  3630  3630 I WebExtension: releasePendingMessages: extension=ads@mozac.org nativeApp=MozacBrowserAdsMessage session=org.mozilla.geckoview.GeckoSession@2049300
09-02 03:41:25.153  3630  3630 I WebExtension: releasePendingMessages: extension=cookies@mozac.org nativeApp=MozacBrowserSearchMessage session=org.mozilla.geckoview.GeckoSession@2049300
09-02 03:41:25.179  3630  3813 I libglean_ffi: glean_core::upload: Ping 8e160b0d-cf12-4d11-92c2-aea01ed3c768 successfully sent 200.
09-02 03:41:25.180  3630  3813 I libglean_ffi: glean_core::upload::directory: File was deleted /data/user/0/org.mozilla.firefox/glean_data/pending_pings/8e160b0d-cf12-4d11-92c2-aea01ed3c768
09-02 03:41:25.182  3630  3813 I libglean_ffi: glean_core::upload: New upload task with id 7019e394-d031-45a6-86fc-a747ee6f9e75 (path: /submit/org-mozilla-firefox/baseline/1/7019e394-d031-45a6-86fc-a747ee6f9e75)
09-02 03:41:25.415  3630  3813 I libglean_ffi: glean_core::upload: Ping 7019e394-d031-45a6-86fc-a747ee6f9e75 successfully sent 200.
09-02 03:41:25.417  3630  3813 I libglean_ffi: glean_core::upload::directory: File was deleted /data/user/0/org.mozilla.firefox/glean_data/pending_pings/7019e394-d031-45a6-86fc-a747ee6f9e75
09-02 03:41:25.417  3630  3813 I libglean_ffi: glean_core::upload: No more pings to upload! You are done.
09-02 03:41:25.422  3630  3687 I WM-WorkerWrapper: Worker result SUCCESS for Work [ id=43d4c214-c10c-449f-8b53-ba090d0cbc1f, tags={ mozilla.telemetry.glean.scheduler.PingUploadWorker, mozac_service_glean_ping_upload_worker } ]
09-02 03:41:25.432  1513  2000 D ConnectivityService: releasing NetworkRequest [ TRACK_DEFAULT id=2940, [ Capabilities: INTERNET&NOT_RESTRICTED&TRUSTED Uid: 10258 AdministratorUids: [] RequestorUid: 10258 RequestorPackageName: org.mozilla.firefox] ] (release request)
09-02 03:41:25.473  1513  2905 W UriGrantsManagerService: No permission grants found for com.google.android.apps.photos
09-02 03:41:25.537  1513  2905 I chatty  : uid=1000(system) Binder:1513_D identical 4 lines
09-02 03:41:25.537  1513  2905 W UriGrantsManagerService: No permission grants found for com.google.android.apps.photos
09-02 03:41:26.009  3630  3644 I mozilla.firefo: Background young concurrent copying GC freed 632462(28MB) AllocSpace objects, 99(3484KB) LOS objects, 94% free, 5982KB/101MB, paused 302us total 158.037ms
09-02 03:41:26.293   901  2806 I sensors-hal: [ssc_utils]get_qmi_debug_flag:244, support_qmi_debug : false
09-02 03:41:26.328   901  1000 W ASH     : @ 64072.778: Unhandled msg ID 999: line 1277
09-02 03:41:26.329   901  1000 E ASH     : @ 64072.778: No pb callback assigned
09-02 03:41:26.329   901  1000 E ASH     : @ 64072.778: Nanopb error: callback failed:1588
09-02 03:41:26.329   901  1000 D VSC     : @ 64072.778: [WO] tilt angle 87
09-02 03:41:27.595  2446  4456 D QCNEJ/WlanStaInfoRelay: Received action: android.net.wifi.RSSI_CHANGED
09-02 03:41:27.596  2446  4456 I QCNEJ/NativeHalConnector: -> SND notifyWlanStaStatusChanged([WlanStaInfo]: wifiSwitchState = 1 rssi = -56 ssid = WiFi 69 bssid = 76:4d:28:12:bf:83 dnsInfo = 192.168.88.1;8.8.8.8;0.0.0.0;0.0.0.0; freqBand = _2GHz countryCode = nl[RatInfo]: networkType = 1 subType = 101 networkState = CONNECTED netHdl = 432902426637 ipAddrV4 = 192.168.88.174 ipAddrV6 =  ifNameV4 = wlan0 ifNameV6 =  slotIdx = 0 isAndroidValidated = true) timeStamp = 2023-09-02 03:41:27.596
09-02 03:41:27.603  4371  4416 D PowerManagerPoller: Downlink cellular capacity updated to 59125 Kbps
09-02 03:41:27.617  8855  8928 I CarrierServices: [11702] hbe.handleMessage: RcsEngineImpl[DUAL_REG]:[31697964-3ba3]>Handler: handleMessage processing message:[NOTIFY_UPTIME_IGNORE_STATE_CHANGED] with [non-null]:RcsEngineImpl reference
09-02 03:41:27.617   901  2806 I sensors-hal: [ssc_utils]get_qmi_debug_flag:244, support_qmi_debug : false
09-02 03:41:27.618  8855  8930 I CarrierServices: [11703] gko.c: Connected state: [1], networkType: [WIFI]
09-02 03:41:27.624  2474  2684 E PhoneInterfaceManager: [PhoneIntfMgr] getCarrierPrivilegeStatus: Invalid subId
09-02 03:41:27.625  8855  8928 I CarrierServices: [11702] gyk.h: RCS Configuration storage in Bugle is disabled by p/h flag, using ProvisioningEngineStateCacheUtil.getProvisioningConfigurationForGivenSimIfExist()
09-02 03:41:27.626  1513  2000 D ConnectivityService: NetReassign [no changes]
09-02 03:41:27.648   901  1000 W ASH     : @ 64074.098: Unhandled msg ID 999: line 1277
09-02 03:41:27.649   901  1000 E ASH     : @ 64074.098: No pb callback assigned
09-02 03:41:27.649   901  1000 E ASH     : @ 64074.098: Nanopb error: callback failed:1588
09-02 03:41:27.706   901  2806 I sensors-hal: [ssc_utils]get_qmi_debug_flag:244, support_qmi_debug : false
09-02 03:41:27.729   901  1000 W ASH     : @ 64074.178: Unhandled msg ID 999: line 1277
09-02 03:41:27.729   901  1000 E ASH     : @ 64074.178: No pb callback assigned
09-02 03:41:27.729   901  1000 E ASH     : @ 64074.178: Nanopb error: callback failed:1588
09-02 03:41:28.330   901  1000 D VSC     : @ 64074.778: [WO] tilt angle 87
09-02 03:41:28.737   901  2806 I sensors-hal: [ssc_utils]get_qmi_debug_flag:244, support_qmi_debug : false
09-02 03:41:28.768   901  1000 W ASH     : @ 64075.218: Unhandled msg ID 999: line 1277
09-02 03:41:28.768   901  1000 E ASH     : @ 64075.218: No pb callback assigned
09-02 03:41:28.768   901  1000 E ASH     : @ 64075.218: Nanopb error: callback failed:1588
09-02 03:41:28.827   901  2806 I sensors-hal: [ssc_utils]get_qmi_debug_flag:244, support_qmi_debug : false
09-02 03:41:28.849   901  1000 W ASH     : @ 64075.298: Unhandled msg ID 999: line 1277
09-02 03:41:28.849   901  1000 E ASH     : @ 64075.298: No pb callback assigned
09-02 03:41:28.849   901  1000 E ASH     : @ 64075.298: Nanopb error: callback failed:1588
09-02 03:41:29.134  3984  3984 W app_process: type=1400 audit(0.0:7536): avc: denied { read } for name="u:object_r:device_config_runtime_native_boot_prop:s0" dev="tmpfs" ino=10163 scontext=u:r:shell:s0 tcontext=u:object_r:device_config_runtime_native_boot_prop:s0 tclass=file permissive=0
09-02 03:41:29.134  3984  3984 I chatty  : uid=2000(shell) app_process identical 2 lines
09-02 03:41:29.134  3984  3984 W app_process: type=1400 audit(0.0:7539): avc: denied { read } for name="u:object_r:device_config_runtime_native_boot_prop:s0" dev="tmpfs" ino=10163 scontext=u:r:shell:s0 tcontext=u:object_r:device_config_runtime_native_boot_prop:s0 tclass=file permissive=0
09-02 03:41:29.134  3984  3984 D AndroidRuntime: >>>>>> START com.android.internal.os.RuntimeInit uid 2000 <<<<<<
09-02 03:41:29.136  3984  3984 E libc    : Access denied finding property "persist.device_config.runtime_native_boot.profilebootclasspath"
09-02 03:41:29.136  3984  3984 E libc    : Access denied finding property "persist.device_config.runtime_native_boot.enable_apex_image"
09-02 03:41:29.136  3984  3984 I AndroidRuntime: Using default boot image
09-02 03:41:29.136  3984  3984 E libc    : Access denied finding property "persist.device_config.runtime_native_boot.disable_lock_profiling"
09-02 03:41:29.136  3984  3984 I AndroidRuntime: Leaving lock profiling enabled
09-02 03:41:29.136  3984  3984 E libc    : Access denied finding property "persist.device_config.runtime_native_boot.enable_generational_cc"
09-02 03:41:29.196  3984  3984 D app_process: Time zone APEX ICU file found: /apex/com.android.tzdata/etc/icu/icu_tzdata.dat
09-02 03:41:29.196  3984  3984 D app_process: I18n APEX ICU file found: /apex/com.android.i18n/etc/icu/icudt66l.dat
09-02 03:41:29.202  3984  3984 I app_process: The ClassLoaderContext is a special shared library.
09-02 03:41:29.212  3984  3984 W app_process: JNI RegisterNativeMethods: attempt to register 0 native methods for android.media.AudioAttributes
09-02 03:41:29.216  3984  3984 D AndroidRuntime: Calling main entry com.android.commands.input.Input
09-02 03:41:29.227  3984  3984 D AndroidRuntime: Shutting down VM
09-02 03:41:29.227  2858  2858 I GoogleInputMethodService: GoogleInputMethodService.onFinishInput():3280 
09-02 03:41:29.228   901  2806 I sensors-hal: [ssc_utils]get_qmi_debug_flag:244, support_qmi_debug : false
09-02 03:41:29.228  2858  2858 I GoogleInputMethodService: GoogleInputMethodService.updateDeviceLockedStatus():2169 repeatCheckTimes = 0, unlocked = true
09-02 03:41:29.229  2858  2858 I GoogleInputMethodService: GoogleInputMethodService.onStartInput():1960 onStartInput(EditorInfo{inputType=0x0(NULL) imeOptions=0x1 privateImeOptions=null actionName=NONE actionLabel=null actionId=0 initialSelStart=-1 initialSelEnd=-1 initialCapsMode=0x0 hintText=null label=null packageName=org.mozilla.firefox fieldId=-1 fieldName=null extras=null}, false)
09-02 03:41:29.229  2858  2858 I GoogleInputMethodService: GoogleInputMethodService.shouldHideHeaderOnInitialState():4081 ShouldHideHeaderOnInitialState = false
09-02 03:41:29.231  2858  2858 I GoogleInputMethodService: GoogleInputMethodService.updateDeviceLockedStatus():2169 repeatCheckTimes = 2, unlocked = true
09-02 03:41:29.249   901  1000 W ASH     : @ 64075.700: Unhandled msg ID 999: line 1277
09-02 03:41:29.250   901  1000 E ASH     : @ 64075.700: No pb callback assigned
09-02 03:41:29.250   901  1000 E ASH     : @ 64075.700: Nanopb error: callback failed:1588
09-02 03:41:29.295  3630  3630 I glean/Glean: Registering pings for org.mozilla.fenix.GleanMetrics.Pings
09-02 03:41:29.300  3630  3741 I FenixApplication: Running post-visual completeness tasks...
09-02 03:41:29.300  3630  3741 I FenixApplication: Storage initialization...
09-02 03:41:29.300  3630  3741 I PlacesHistoryStorage: Warming up places storage...
09-02 03:41:29.304  3630  3741 I PlacesHistoryStorage: 'Warming up places storage' took 3 ms
09-02 03:41:29.304  3630  3741 I PlacesBookmarksStorage: Warming up places storage...
09-02 03:41:29.304  3630  3741 I PlacesBookmarksStorage: 'Warming up places storage' took 0 ms
09-02 03:41:29.304  3630  3741 I SyncableLoginsStorage: Warming up storage...
09-02 03:41:29.304  3630  3741 I SyncableLoginsStorage: 'Warming up storage' took 0 ms
09-02 03:41:29.304  3630  3741 I AutofillCCAddressesStorage: Warming up storage...
09-02 03:41:29.304  3630  3741 I AutofillCCAddressesStorage: 'Warming up storage' took 0 ms
09-02 03:41:29.307  3630  3630 I ColdStartupDuration: COLD VIEW Application.<init> to first frame: 403 ms
09-02 03:41:29.308  3630  3630 I FenixApplication: Kicking-off account manager...
09-02 03:41:29.308  3630  3630 I FenixApplication: 'Kicking-off account manager' took 0 ms
09-02 03:41:29.322   901  2806 I sensors-hal: [ssc_utils]get_qmi_debug_flag:244, support_qmi_debug : false
09-02 03:41:29.330   901  1000 W ASH     : @ 64075.781: Unhandled msg ID 999: line 1277
09-02 03:41:29.330   901  1000 E ASH     : @ 64075.781: No pb callback assigned
09-02 03:41:29.330   901  1000 E ASH     : @ 64075.781: Nanopb error: callback failed:1588
09-02 03:41:29.423   901  2806 I sensors-hal: [ssc_utils]get_qmi_debug_flag:244, support_qmi_debug : false
09-02 03:41:29.424   594   655 I SDM     : HWDeviceDRM::UpdateMixerAttributes: Mixer WxH 1080x2340-1 for Peripheral
09-02 03:41:29.424   594   655 I SDM     : DisplayBase::SetActiveConfig: Active configuration changed to: 0
09-02 03:41:29.424   594   655 I SDM     : StrategyImpl::SetIdleTimeoutMs: Idle timeout set to zero for command mode panels
09-02 03:41:29.432   901  2806 I sensors-hal: [ssc_utils]get_qmi_debug_flag:244, support_qmi_debug : false
09-02 03:41:29.435  1513  1572 I DisplayManagerService: Display device changed: DisplayDeviceInfo{"Built-in Screen": uniqueId="local:19260504575090817", 1080 x 2340, modeId 2, defaultModeId 2, supportedModes [{id=1, width=1080, height=2340, fps=90.0}, {id=2, width=1080, height=2340, fps=60.000004}], colorMode 0, supportedColorModes [0, 7, 9], HdrCapabilities HdrCapabilities{mSupportedHdrTypes=[2, 3, 4], mMaxLuminance=500.0, mMaxAverageLuminance=500.0, mMinLuminance=0.0}, allmSupported false, gameContentTypeSupported false, density 440, 435.428 x 433.839 dpi, appVsyncOff 2333332, presDeadline 11500000, cutout DisplayCutout{insets=Rect(0, 136 - 0, 0) waterfall=Insets{left=0, top=0, right=0, bottom=0} boundingRect={Bounds=[Rect(0, 0 - 0, 0), Rect(0, 0 - 136, 136), Rect(0, 0 - 0, 0), Rect(0, 0 - 0, 0)]}}, touch INTERNAL, rotation 0, type INTERNAL, address {port=129, model=0x446d53ad64a0}, deviceProductInfo DeviceProductInfo{name=, manufacturerPnpId=QCM, productId=1, modelYear=null, manufactureDate=ManufactureDate{week=27, year=2006}, relativeAddress=null}, state ON, FLAG_DEFAULT_DISPLAY, FLAG_ROTATES_WITH_CONTENT, FLAG_SECURE, FLAG_SUPPORTS_PROTECTED_BUFFERS}
09-02 03:41:29.447   594   655 I SDM     : StrategyImpl::SetIdleTimeoutMs: Idle timeout set to zero for command mode panels
09-02 03:41:29.448   901  1000 W ASH     : @ 64075.898: Unhandled msg ID 999: line 1277
09-02 03:41:29.448   901  1000 E ASH     : @ 64075.898: No pb callback assigned
09-02 03:41:29.448   901  1000 E ASH     : @ 64075.898: Nanopb error: callback failed:1588
09-02 03:41:29.487  3630  3741 I FenixApplication: 'Storage initialization' took 186 ms
