09-02 15:56:19.001 14031 14031 E adbd    : recv: OPEN 000225ea 00000000 003e:73 68 65 6C 6C 2C 76 32 2C 54 45 52 4D 3D 78 74 65 72 6D 2D 32 35 36 63 6F 6C 6F 72 2C 72 61 77 3A 64 75 6D 70 73 79 73 20 63 70 75 69 6E 66 6F 20 7C 20 67 72 65 70 20 54 4F 54 41 4C 00 
09-02 15:56:19.002 14031 14031 E adbd    : service_to_fd: shell,v2,TERM=xterm-256color,raw:dumpsys cpuinfo | grep TOTAL
09-02 15:56:19.009  3979  4673 I ActivityManager: START u0 {act=android.intent.action.VIEW typ=null flg=0x10000000 cmp=ComponentInfo{org.mozilla.firefox/org.mozilla.gecko.BrowserApp}} from uid 2000
09-02 15:56:19.011  3979  4673 D CustomFrequencyManagerService: acquireDVFSLockLocked : type : DVFS_MIN_LIMIT  frequency : 1560000  uid : 1000  pid : 3979  pkgName : AMS_ACT_START@CPU_MIN@8
09-02 15:56:19.014  3979  4673 D ActivityManagerPerformance: AMP_acquire() ACT_START
09-02 15:56:19.024 31329 31329 D InputMethodManager: HSIFW - flag : 0 Pid : 31329
09-02 15:56:19.025  3979  9339 V InputMethodManagerService: Client requesting input be hidden, flags : 0
09-02 15:56:19.025  3979  9339 V InputMethodManagerService: hideCurrentInputLocked : shouldHideSoftInput is false
09-02 15:56:19.029  3979  9339 D ActivityManager: isScaleDownAnimationEnabled() : false
09-02 15:56:19.032  3979  9339 D PersonaManagerService: Current focused persona service handled id set to : 0
09-02 15:56:19.032  3979  9339 D InputDispatcher: Focused application set to: xxxx
09-02 15:56:19.033  3979  9339 D InputDispatcher: Focus left window: 31329
09-02 15:56:19.035  3979  4238 D GameManagerService: handleForegroundChange(). pkgName: org.mozilla.firefox, clsName: org.mozilla.fenix.IntentReceiverActivity,FgActivityName:org.mozilla.firefox/org.mozilla.fenix.IntentReceiverActivity
09-02 15:56:19.036  3979  4238 D GameManagerService:   handleForegroundChange(). same package. game has never resumed yet. ignore
09-02 15:56:19.036  3979  9339 D MARsPolicyManager: onPackageResumedFG pkgName = org.mozilla.firefox, userId = 0
09-02 15:56:19.043 31289 31739 I BatteryMgr:DataCollectionService: stats => 1693662979043,-269,4281
09-02 15:56:19.046 31329 31329 I zygote64: Deoptimizing java.lang.Object org.mozilla.fenix.perf.StrictModeManager.resetAfter$instrumentedFunctionBlock(org.mozilla.fenix.perf.StrictModeManager, kotlin.jvm.functions.Function0) due to JIT inline cache
09-02 15:56:19.061  3979  9339 I ActivityManager: START u0 {act=android.intent.action.VIEW typ=null flg=0x0 cmp=ComponentInfo{org.mozilla.firefox/org.mozilla.fenix.HomeActivity}} from uid 10154
09-02 15:56:19.063 31329 31388 I SessionStorage/AutoSave: Save: New tab selected
09-02 15:56:19.064  3979  9339 D InputDispatcher: Focus entered window: 31329
09-02 15:56:19.076 31329 31767 I zygote64: Deoptimizing boolean kotlinx.coroutines.JobSupport.isActive() due to JIT inline cache
09-02 15:56:19.076 31329 31329 D ViewRootImpl@3ae55cb[HomeActivity]: MSG_WINDOW_FOCUS_CHANGED 0
09-02 15:56:19.078 14031 14031 E adbd    : recv: OPEN 000225ed 00000000 003d:73 68 65 6C 6C 2C 76 32 2C 54 45 52 4D 3D 78 74 65 72 6D 2D 32 35 36 63 6F 6C 6F 72 2C 72 61 77 3A 64 75 6D 70 73 79 73 20 6D 65 6D 69 6E 66 6F 20 7C 20 67 72 65 70 20 55 73 65 64 00 
09-02 15:56:19.078 14031 14031 E adbd    : service_to_fd: shell,v2,TERM=xterm-256color,raw:dumpsys meminfo | grep Used
09-02 15:56:19.084 31329 31329 I zygote64: Deoptimizing java.util.ArrayList kotlin.collections.CollectionsKt___CollectionsKt.plus(java.lang.Iterable, java.util.Collection) due to JIT inline cache
09-02 15:56:19.092 31329 31367 I zygote64: Deoptimizing void kotlinx.coroutines.JobSupport.initParentJob(kotlinx.coroutines.Job) due to JIT inline cache
09-02 15:56:19.094 31329 31366 I zygote64: Deoptimizing void kotlinx.coroutines.internal.LockFreeLinkedListNode.finishAdd(kotlinx.coroutines.internal.LockFreeLinkedListNode) due to JIT inline cache
09-02 15:56:19.101 31329 31502 I zygote64: Deoptimizing kotlinx.coroutines.internal.LockFreeLinkedListNode kotlinx.coroutines.internal.LockFreeLinkedListNode.correctPrev() due to JIT inline cache
09-02 15:56:19.109  3979  9339 D ConnectivityService: filterNetworkStateForUid() uid: 10154 networkInfo: [type: WIFI[] - WIFI, state: CONNECTED/CONNECTED, reason: (unspecified), extra: "WiFi 69", failover: false, available: true, roaming: false, metered: false]
09-02 15:56:19.141 31329 31329 D InputMethodManager: HSIFW - flag : 0 Pid : 31329
09-02 15:56:19.141  3979 10236 V InputMethodManagerService: Client requesting input be hidden, flags : 0
09-02 15:56:19.141  3979 10236 V InputMethodManagerService: hideCurrentInputLocked : shouldHideSoftInput is false
09-02 15:56:19.146 31329 31329 I zygote64: Deoptimizing android.view.View mozilla.components.support.ktx.android.view.ViewKt.findViewInHierarchy(android.view.View, kotlin.jvm.functions.Function1) due to JIT inline cache
09-02 15:56:19.148 31289 31739 I BatteryMgr:DataCollectionService: stats => 1693662979148,-269,4281
09-02 15:56:19.149  3979  4673 D ActivityManager: isScaleDownAnimationEnabled() : false
09-02 15:56:19.150  3979  4673 D PersonaManagerService: Current focused persona service handled id set to : 0
09-02 15:56:19.150  3979  4673 D InputDispatcher: Focused application set to: xxxx
09-02 15:56:19.154  3979  4238 D GameManagerService: handleForegroundChange(). pkgName: org.mozilla.firefox, clsName: org.mozilla.fenix.HomeActivity,FgActivityName:org.mozilla.firefox/org.mozilla.fenix.HomeActivity
09-02 15:56:19.154  3979  4238 D GameManagerService:   handleForegroundChange(). same package. game has never resumed yet. ignore
09-02 15:56:19.155  3979  4673 D MARsPolicyManager: onPackageResumedFG pkgName = org.mozilla.firefox, userId = 0
09-02 15:56:19.164 31329 31329 D ViewRootImpl@3ae55cb[HomeActivity]: MSG_WINDOW_FOCUS_CHANGED 1
09-02 15:56:19.167  3979 10236 D InputMethodManagerService: startInputOrWindowGainedFocus : windowGainedFocus 
09-02 15:56:19.167  3979 10236 D InputMethodManagerService: windowGainedFocus: destinationUserId (getCallingUid) = 0
09-02 15:56:19.167  3979 10236 D InputMethodManagerService: windowGainedFocus: currentUserId=0
09-02 15:56:19.167  3979 10236 D InputMethodManagerService: windowGainedFocus: mCurrentFocusedUserId=0
09-02 15:56:19.167  3979 10236 D InputMethodManagerService: windowGainedFocus : lock - currentUserId = 0 destinationUserId = 0
09-02 15:56:19.167  3979 10236 D InputMethodManagerService: windowGainedFocus : mCurrentFocusedUserId - 0 and mSecureKeypadEnabled - false, userSwitched - false
09-02 15:56:19.168  3979 10236 W InputMethodManagerService: Window already focused, ignoring focus gain of: com.android.internal.view.IInputMethodClient$Stub$Proxy@a2ecab7 attribute=null, token = android.os.BinderProxy@5b614d7
09-02 15:56:19.176  3979 10236 V WindowManager: Relayout Window{e2a91c4 u0 org.mozilla.firefox/org.mozilla.fenix.HomeActivity}: viewVisibility=0 req=720x1280 WM.LayoutParams{(0,0)(fillxfill) sim=#10 ty=1 fl=#81010100 pfl=0x20000 fmt=-3 wanim=0x7f1404fa vsysui=0x2610 needsMenuKey=2 colorMode=0 naviIconColor=0}
09-02 15:56:19.180  4349  4850 D SystemServicesProxy: updateOverviewLastStackActiveTimeAsync: newTime=1693559943942
09-02 15:56:19.181  3979  4673 D SecContentProvider: query(), uri = 17 selection = isSettingsChangesAllowed
09-02 15:56:19.181 31329 31329 D ViewRootImpl@3ae55cb[HomeActivity]: Relayout returned: old=[0,0][720,1280] new=[0,0][720,1280] result=0x1 surface={valid=true 533349662720} changed=false
09-02 15:56:19.182  3979  4673 D SecContentProvider: called from android.uid.systemui:10009
09-02 15:56:19.182  4349  4561 D SystemServicesProxy: updateOverviewLastStackActiveTimeAsync: done.
09-02 15:56:19.200  3979  6844 D ConnectivityService: filterNetworkStateForUid() uid: 10154 networkInfo: [type: WIFI[] - WIFI, state: CONNECTED/CONNECTED, reason: (unspecified), extra: "WiFi 69", failover: false, available: true, roaming: false, metered: false]
09-02 15:56:19.217  3979  6844 D ActivityManager: post active user change for 0 fullscreen true isHomeActivity() false
09-02 15:56:19.230  3449  3449 I android.hardware.wifi@1.0-service: getLinkLayerStats
09-02 15:56:19.232  3979  4673 V WindowManager: Relayout Window{e2a91c4 u0 org.mozilla.firefox/org.mozilla.fenix.HomeActivity}: viewVisibility=0 req=720x1280 WM.LayoutParams{(0,0)(fillxfill) sim=#110 ty=1 fl=#81010100 pfl=0x20000 fmt=-3 wanim=0x7f1404fa vsysui=0x2610 needsMenuKey=2 colorMode=0 naviIconColor=0}
09-02 15:56:19.237 31329 31329 D ViewRootImpl@3ae55cb[HomeActivity]: Relayout returned: old=[0,0][720,1280] new=[0,0][720,1280] result=0x1 surface={valid=true 533349662720} changed=false
09-02 15:56:19.243 31329 31329 I WebExtension: releasePendingMessages: extension=ads@mozac.org nativeApp=MozacBrowserAdsMessage session=org.mozilla.geckoview.GeckoSession@ed471cd
09-02 15:56:19.244 31329 31329 I WebExtension: releasePendingMessages: extension=icons@mozac.org nativeApp=MozacBrowserIcons session=org.mozilla.geckoview.GeckoSession@ed471cd
09-02 15:56:19.253 31289 31739 I BatteryMgr:DataCollectionService: stats => 1693662979253,-269,4281
09-02 15:56:19.267 31329 31329 I WebExtension: releasePendingMessages: extension=fxa@mozac.org nativeApp=mozacWebchannel session=org.mozilla.geckoview.GeckoSession@ed471cd
09-02 15:56:19.268 31329 31329 I WebExtension: releasePendingMessages: extension=cookies@mozac.org nativeApp=MozacBrowserSearchMessage session=org.mozilla.geckoview.GeckoSession@ed471cd
09-02 15:56:19.276 31329 31329 I WebExtension: releasePendingMessages: extension=readerview@mozac.org nativeApp=mozacReaderviewActive session=org.mozilla.geckoview.GeckoSession@ed471cd
09-02 15:56:19.276 31329 31329 I WebExtension: releasePendingMessages: extension=readerview@mozac.org nativeApp=mozacReaderview session=org.mozilla.geckoview.GeckoSession@ed471cd
09-02 15:56:19.278  3979  4673 D StorageManagerService: getExternalStorageMountMode : 1
09-02 15:56:19.278  3979  4673 D StorageManagerService: getExternalStorageMountMode : 3
09-02 15:56:19.279  3979  4673 D StorageManagerService: getExternalStorageMountMode : final mountMode=1, uid : 10154, packageName : org.mozilla.firefox
09-02 15:56:19.279  3979  4673 I ApplicationPolicy: isApplicationExternalStorageWhitelisted:org.mozilla.firefox user:0
09-02 15:56:19.279  3979  4673 D ApplicationPolicy: isApplicationExternalStorageWhitelisted: DO is not enabled on user 0. Allowed.
09-02 15:56:19.279  3979  4673 D ActivityManager: package  org.mozilla.firefox, user - 0 is SDcard whitelisted
09-02 15:56:19.279  3979  4673 I ApplicationPolicy: isApplicationExternalStorageBlacklisted:org.mozilla.firefox user:0
09-02 15:56:19.279  3979  4673 D ApplicationPolicy: isApplicationExternalStorageBlacklisted: DO is not enabled on user 0. Allowed.
09-02 15:56:19.285 31329 31329 I SessionPrioritizationMiddleware: Update the currentSelectedTab b6e1761a-1645-4c4c-9d1e-895bfb6e1e45 priority to HIGH
09-02 15:56:19.298  3979  4673 I ActivityManager: Start proc 31784:org.mozilla.firefox:tab24/u0a154 for service org.mozilla.firefox/org.mozilla.gecko.process.GeckoChildProcessServices$tab24
09-02 15:56:19.298 31784 31784 E Zygote  : isWhitelistProcess - Process is Whitelisted
09-02 15:56:19.300 31784 31784 E libpersona: scanKnoxPersonas
09-02 15:56:19.301 31784 31784 E libpersona: Couldn't open the File - /data/system/users/0/personalist.xml - No such file or directory
09-02 15:56:19.304 31329 31329 I WebExtension: releasePendingMessages: extension=readerview@mozac.org nativeApp=mozacReaderviewActive session=org.mozilla.geckoview.GeckoSession@ed471cd
09-02 15:56:19.305 31329 31329 I WebExtension: releasePendingMessages: extension=readerview@mozac.org nativeApp=mozacReaderview session=org.mozilla.geckoview.GeckoSession@ed471cd
09-02 15:56:19.305 31784 31784 W SELinux : SELinux selinux_android_compute_policy_index : Policy Index[2],  Con:u:r:zygote:s0 RAM:SEPF_SM-J720F_8.0.0_0017, [-1 -1 -1 -1 0 1]
09-02 15:56:19.306 31784 31784 I SELinux : SELinux: seapp_context_lookup: seinfo=untrusted, level=s0:c512,c768, pkgname=org.mozilla.firefox:tab24 
09-02 15:56:19.346 31784 31784 D TimaKeyStoreProvider: TimaKeyStore is not enabled: cannot add TimaSignature Service and generateKeyPair Service
09-02 15:56:19.347 31784 31784 D ActivityThread: Added TimaKeyStore provider
09-02 15:56:19.349  3979  4673 I ActivityManager: DSS on for org.mozilla.firefox and scale is 1.0
09-02 15:56:19.361 31289 31739 I BatteryMgr:DataCollectionService: stats => 1693662979361,-269,4281
09-02 15:56:19.375 31784 31784 I zygote64: no shared libraies, dex_files: 1
09-02 15:56:19.441 31784 31784 I ServiceChildProcess: onCreate
09-02 15:56:19.444 31784 31801 I GeckoThread: preparing to run Gecko
09-02 15:56:19.456 31784 31801 I GeckoLoader: Library base=/data/app/org.mozilla.firefox-qXEeZwQeSKU-v4RxzjCTZA==/lib/arm64
09-02 15:56:19.456 31784 31801 I GeckoLoader: Library base=/data/app/org.mozilla.firefox-qXEeZwQeSKU-v4RxzjCTZA==/lib/arm64
09-02 15:56:19.458 31784 31801 E GeckoLibLoad: Load sqlite start
09-02 15:56:19.460 31784 31801 E GeckoLibLoad: Load sqlite done
09-02 15:56:19.460 31784 31801 I GeckoLoader: Library base=/data/app/org.mozilla.firefox-qXEeZwQeSKU-v4RxzjCTZA==/lib/arm64
09-02 15:56:19.461 31784 31801 E GeckoLibLoad: Load nss start
09-02 15:56:19.461 31784 31801 E GeckoLibLoad: Load nss done
09-02 15:56:19.461 31784 31801 I GeckoLoader: Library base=/data/app/org.mozilla.firefox-qXEeZwQeSKU-v4RxzjCTZA==/lib/arm64
09-02 15:56:19.465 31289 31739 I BatteryMgr:DataCollectionService: stats => 1693662979465,-269,4281
09-02 15:56:19.471 31467 31478 V Surface : sf_framedrop debug : 0x4f4c, game : false, logging : 0
09-02 15:56:19.473 31467 31526 D mali_winsys: EGLint new_window_surface(egl_winsys_display *, void *, EGLSurface, EGLConfig, egl_winsys_surface **, egl_color_buffer_format *, EGLBoolean) returns 0x3000,  [720x1238]-format:2
09-02 15:56:19.481 31329 31357 I GeckoSession: zerdatime 108160913 - chrome startup finished
09-02 15:56:19.499 31784 31801 E GeckoLibLoad: Loaded libs in 38.152961ms total, 8ms(4ms) user, 28ms(28ms) system, 0(0) faults
09-02 15:56:19.500 31784 31801 W GeckoThread: zerdatime 108160932 - runGecko
09-02 15:56:19.512  3979 10236 D ConnectivityService: filterNetworkStateForUid() uid: 10025 networkInfo: [type: WIFI[] - WIFI, state: CONNECTED/CONNECTED, reason: (unspecified), extra: "WiFi 69", failover: false, available: true, roaming: false, metered: false]
09-02 15:56:19.536 31329 31329 I GeckoSession: handleMessage GeckoView:PageStart uri=
09-02 15:56:19.537 31329 31329 I GeckoSession: handleMessage GeckoView:PageStop uri=null
09-02 15:56:19.570 31329 31364 I SessionPrioritizationMiddleware: Update the tab e88b3902-85b7-46a1-b05a-9458bb5e4082 priority to DEFAULT
09-02 15:56:19.577 31289 31739 I BatteryMgr:DataCollectionService: stats => 1693662979577,-269,4281
09-02 15:56:19.596  3614  3927 D DnsProxyListener: DNSDBG::dns addrinfo af 2
09-02 15:56:19.682 31289 31739 I BatteryMgr:DataCollectionService: stats => 1693662979682,-269,4281
09-02 15:56:19.705 31329 31329 I GeckoSession: handleMessage GeckoView:PageStart uri=
09-02 15:56:19.733  3979 10236 I chatty  : uid=1000(system) Binder:3979_1F identical 2 lines
09-02 15:56:19.746  3979 10236 D ConnectivityService: filterNetworkStateForUid() uid: 10025 networkInfo: [type: WIFI[] - WIFI, state: CONNECTED/CONNECTED, reason: (unspecified), extra: "WiFi 69", failover: false, available: true, roaming: false, metered: false]
09-02 15:56:19.788 31289 31739 I BatteryMgr:DataCollectionService: stats => 1693662979788,-269,4281
09-02 15:56:19.799  3614  3927 D DnsProxyListener: DNSDBG::dns addrinfo af 2
09-02 15:56:19.900 31289 31739 I BatteryMgr:DataCollectionService: stats => 1693662979900,-269,4281
09-02 15:56:20.005 31289 31739 I BatteryMgr:DataCollectionService: stats => 1693662980005,-269,4281
09-02 15:56:20.111 31289 31739 I BatteryMgr:DataCollectionService: stats => 1693662980111,-269,4281
09-02 15:56:20.131  3979  4051 D SensorService: [SO] 0.067 -0.373 9.855
09-02 15:56:20.216 31289 31739 I BatteryMgr:DataCollectionService: stats => 1693662980215,-269,4281
09-02 15:56:20.307  3979  4673 D ConnectivityService: filterNetworkStateForUid() uid: 10154 networkInfo: [type: WIFI[] - WIFI, state: CONNECTED/CONNECTED, reason: (unspecified), extra: "WiFi 69", failover: false, available: true, roaming: false, metered: false]
09-02 15:56:20.320 31289 31739 I BatteryMgr:DataCollectionService: stats => 1693662980320,-468,4281
09-02 15:56:20.425 31289 31739 I BatteryMgr:DataCollectionService: stats => 1693662980425,-468,4281
09-02 15:56:20.504 31329 31329 I zygote64: Deoptimizing void kotlin.sequences.SequencesKt___SequencesKt.toCollection(kotlin.sequences.Sequence, java.util.AbstractCollection) due to JIT inline cache
09-02 15:56:20.532 31289 31739 I BatteryMgr:DataCollectionService: stats => 1693662980532,-468,4281
09-02 15:56:20.641 31289 31739 I BatteryMgr:DataCollectionService: stats => 1693662980641,-468,4281
09-02 15:56:20.641  3614  3927 D DnsProxyListener: DNSDBG::dns addrinfo af 2
09-02 15:56:20.665  3614  3927 I chatty  : uid=0(root) /system/bin/netd identical 1 line
09-02 15:56:20.667  3614  3927 D DnsProxyListener: DNSDBG::dns addrinfo af 2
09-02 15:56:20.668 31329 31329 I GeckoSession: handleMessage GeckoView:PageStop uri=null
09-02 15:56:20.674 31329 31384 I SessionStorage/AutoSave: Save: Load finished
09-02 15:56:20.676  4962  4962 D io_stats: !@ 179,0 r 669243 20136992 w 491476 10445620 d 53090 20059648 f 125441 128502 iot 590272 497040 th 51200 0 0 pt 0 inp 0 0 53513.921
09-02 15:56:20.748 31289 31739 I BatteryMgr:DataCollectionService: stats => 1693662980748,-468,4281
09-02 15:56:20.799  3979  4673 D BatteryService: !@BatteryListener : batteryPropertiesChanged!
09-02 15:56:20.800  3979  4673 D BatteryService: level:100, scale:100, status:5, health:2, present:true, voltage: 4211, temperature: 278, technology: Li-ion, AC powered:false, USB powered:true, POGO powered:false, Wireless powered:false, icon:17303834, invalid charger:0, maxChargingCurrent:0, maxChargingVoltage:0, chargeCounter:0
09-02 15:56:20.800  3979  4673 D BatteryService: online:4, current avg:-137, charge type:1, power sharing:false, high voltage charger:false, capacity:280000, batterySWSelfDischarging:false, misc_event:0, current_event:0, current_now:-468
09-02 15:56:20.800  3979  3979 D BatteryService: Sending ACTION_BATTERY_CHANGED.
09-02 15:56:20.802  3979  3979 D SamsungPhoneWindowManager: ACTION_BATTERY_CHANGED - Level :: 100, battStatus :: 5
09-02 15:56:20.802  3979  3979 I MotionRecognitionService: Plugged
09-02 15:56:20.802  3979  3979 D MotionRecognitionService:   mCableConnection= 1
09-02 15:56:20.802  3979  3979 D MotionRecognitionService: setPowerConnected : mGripEnabled = false
09-02 15:56:20.803  3979  4002 D UsbDeviceManager: handleMessage -> MSG_UPDATE_CHARGING_STATE = 1
09-02 15:56:20.804  4349  4349 D KeyguardUpdateMonitor: received broadcast android.intent.action.BATTERY_CHANGED
09-02 15:56:20.804  4349  4349 D BatteryController: onReceive-ACTION_BATTERY_CHANGED : mLevel=100, mBatteryStatus=5
09-02 15:56:20.809  4349  4349 D PowerUI : priorPlugType = 2 mPlugType =  2
09-02 15:56:20.836  3614  3927 D DnsProxyListener: DNSDBG::dns addrinfo af 2
09-02 15:56:20.854 31289 31739 I BatteryMgr:DataCollectionService: stats => 1693662980854,-468,4211
09-02 15:56:20.874  3614  3927 D DnsProxyListener: DNSDBG::dns addrinfo af 2
09-02 15:56:20.959 31289 31739 I BatteryMgr:DataCollectionService: stats => 1693662980959,-468,4211
09-02 15:56:21.014  3979  5035 D ActivityManagerPerformance: Received MSG_DISABLE_ACT_START, r: ActivityRecord{bf9cd8c u0 org.mozilla.firefox/org.mozilla.gecko.BrowserApp t-1 f}
09-02 15:56:21.016  3979  5035 D CustomFrequencyManagerService: acquireDVFSLockLocked : type : DVFS_MIN_LIMIT  frequency : 1560000  uid : 1000  pid : 3979  pkgName : AMS_RESUME_TAIL@CPU_MIN@14
09-02 15:56:21.016  3979  5035 D ActivityManagerPerformance: AMP_acquire() TAIL
09-02 15:56:21.016  3979  5035 D CustomFrequencyManagerService: releaseDVFSLockLocked : Getting Lock type frm List : DVFS_MIN_LIMIT  frequency : 1560000  uid : 1000  pid : 3979  tag : AMS_ACT_START@CPU_MIN@8
09-02 15:56:21.017  3979  5035 D ActivityManagerPerformance: AMP_release() ACT_START
09-02 15:56:21.038  3979  3979 D PreBindingService: handleMessage : 1
09-02 15:56:21.064 31289 31739 I BatteryMgr:DataCollectionService: stats => 1693662981063,-468,4211
09-02 15:56:21.065 31329 31841 I zygote64: Deoptimizing long kotlinx.coroutines.EventLoopImplBase.processNextEvent() due to JIT inline cache
09-02 15:56:21.069  3979  3979 D PreBindingService: handleMessage : 1
09-02 15:56:21.127 31329 31329 W GeckoSession: No history entries found.
09-02 15:56:21.168 31289 31739 I BatteryMgr:DataCollectionService: stats => 1693662981168,-468,4211
09-02 15:56:21.175 31289 31294 I zygote64: Do partial code cache collection, code=58KB, data=45KB
09-02 15:56:21.175 31289 31294 I zygote64: After code cache collection, code=58KB, data=45KB
09-02 15:56:21.175 31289 31294 I zygote64: Increasing code cache capacity to 256KB
09-02 15:56:21.274 31289 31739 I BatteryMgr:DataCollectionService: stats => 1693662981273,-468,4211
09-02 15:56:21.378 31289 31739 I BatteryMgr:DataCollectionService: stats => 1693662981378,-468,4211
09-02 15:56:21.410  3614  3927 D DnsProxyListener: DNSDBG::dns addrinfo af 2
09-02 15:56:21.482 31289 31739 I BatteryMgr:DataCollectionService: stats => 1693662981482,-468,4211
09-02 15:56:21.589 31289 31739 I BatteryMgr:DataCollectionService: stats => 1693662981589,-468,4211
09-02 15:56:21.616  3979  3979 D CustomFrequencyManagerService: releaseDVFSLockLocked : Getting Lock type frm List : DVFS_MIN_LIMIT  frequency : 1560000  uid : 1000  pid : 3979  tag : AMS_RESUME_TAIL@CPU_MIN@14
09-02 15:56:21.698 31289 31739 I BatteryMgr:DataCollectionService: stats => 1693662981698,-468,4211
09-02 15:56:21.803 31289 31739 I BatteryMgr:DataCollectionService: stats => 1693662981803,-468,4211
09-02 15:56:21.908 31289 31739 I BatteryMgr:DataCollectionService: stats => 1693662981907,-468,4211
09-02 15:56:22.012 31289 31739 I BatteryMgr:DataCollectionService: stats => 1693662982012,-468,4211
09-02 15:56:22.118 31289 31739 I BatteryMgr:DataCollectionService: stats => 1693662982117,-468,4211
09-02 15:56:22.227 31289 31739 I BatteryMgr:DataCollectionService: stats => 1693662982226,-468,4211
09-02 15:56:22.236  3449  3449 I android.hardware.wifi@1.0-service: getLinkLayerStats
09-02 15:56:22.337 31289 31739 I BatteryMgr:DataCollectionService: stats => 1693662982336,-468,4211
09-02 15:56:22.444 31289 31739 I BatteryMgr:DataCollectionService: stats => 1693662982444,-468,4211
09-02 15:56:22.553 31289 31739 I BatteryMgr:DataCollectionService: stats => 1693662982553,-468,4211
09-02 15:56:22.664 31289 31739 I BatteryMgr:DataCollectionService: stats => 1693662982664,-468,4211
09-02 15:56:22.775 31289 31739 I BatteryMgr:DataCollectionService: stats => 1693662982774,-468,4211
09-02 15:56:22.884 31289 31739 I BatteryMgr:DataCollectionService: stats => 1693662982884,-468,4211
09-02 15:56:22.995 31289 31739 I BatteryMgr:DataCollectionService: stats => 1693662982995,-468,4211
09-02 15:56:23.002  3614  3927 D DnsProxyListener: DNSDBG::dns addrinfo af 2
09-02 15:56:23.105 31289 31739 I BatteryMgr:DataCollectionService: stats => 1693662983105,-468,4211
09-02 15:56:23.215 31289 31739 I BatteryMgr:DataCollectionService: stats => 1693662983214,-468,4211
09-02 15:56:23.321 31289 31739 I BatteryMgr:DataCollectionService: stats => 1693662983321,-468,4211
09-02 15:56:23.426 31289 31739 I BatteryMgr:DataCollectionService: stats => 1693662983425,-468,4211
09-02 15:56:23.531 31289 31739 I BatteryMgr:DataCollectionService: stats => 1693662983530,-468,4211
09-02 15:56:23.640 31289 31739 I BatteryMgr:DataCollectionService: stats => 1693662983639,-468,4211
09-02 15:56:23.750 31289 31739 I BatteryMgr:DataCollectionService: stats => 1693662983750,-468,4211
09-02 15:56:23.856 31289 31739 I BatteryMgr:DataCollectionService: stats => 1693662983855,-468,4211
09-02 15:56:23.869  4349  4349 D KeyguardUpdateMonitor: handleStatusBarState( false )
09-02 15:56:23.967 31289 31739 I BatteryMgr:DataCollectionService: stats => 1693662983967,-468,4211
09-02 15:56:24.077 31289 31739 I BatteryMgr:DataCollectionService: stats => 1693662984077,-468,4211
09-02 15:56:24.081 14031 14031 E adbd    : recv: OPEN 000225f0 00000000 0042:73 68 65 6C 6C 2C 76 32 2C 54 45 52 4D 3D 78 74 65 72 6D 2D 32 35 36 63 6F 6C 6F 72 2C 72 61 77 3A 67 65 74 70 72 6F 70 20 72 6F 2E 62 75 69 6C 64 2E 76 65 72 73 69 6F 6E 2E 72 65 6C 65 61 73 65 00 
09-02 15:56:24.081 14031 14031 E adbd    : service_to_fd: shell,v2,TERM=xterm-256color,raw:getprop ro.build.version.release
09-02 15:56:24.171 14031 14031 E adbd    : recv: OPEN 000225f3 00000000 003e:73 68 65 6C 6C 2C 76 32 2C 54 45 52 4D 3D 78 74 65 72 6D 2D 32 35 36 63 6F 6C 6F 72 2C 72 61 77 3A 67 65 74 70 72 6F 70 20 72 6F 2E 62 75 69 6C 64 2E 76 65 72 73 69 6F 6E 2E 73 64 6B 00 
09-02 15:56:24.171 14031 14031 E adbd    : service_to_fd: shell,v2,TERM=xterm-256color,raw:getprop ro.build.version.sdk
09-02 15:56:24.189 31289 31739 I BatteryMgr:DataCollectionService: stats => 1693662984189,-468,4211
09-02 15:56:24.260 14031 14031 E adbd    : recv: OPEN 000225f6 00000000 0042:73 68 65 6C 6C 2C 76 32 2C 54 45 52 4D 3D 78 74 65 72 6D 2D 32 35 36 63 6F 6C 6F 72 2C 72 61 77 3A 67 65 74 70 72 6F 70 20 72 6F 2E 62 75 69 6C 64 2E 76 65 72 73 69 6F 6E 2E 72 65 6C 65 61 73 65 00 
09-02 15:56:24.260 14031 14031 E adbd    : service_to_fd: shell,v2,TERM=xterm-256color,raw:getprop ro.build.version.release
09-02 15:56:24.295 31289 31739 I BatteryMgr:DataCollectionService: stats => 1693662984294,-468,4211
09-02 15:56:24.298 14031 14031 E adbd    : recv: OPEN 000225f9 00000000 0029:73 68 65 6C 6C 2C 76 32 2C 54 45 52 4D 3D 78 74 65 72 6D 2D 32 35 36 63 6F 6C 6F 72 2C 72 61 77 3A 64 61 74 65 20 2D 75 00 
09-02 15:56:24.298 14031 14031 E adbd    : service_to_fd: shell,v2,TERM=xterm-256color,raw:date -u
09-02 15:56:24.336 14031 14031 E adbd    : recv: OPEN 000225fc 00000000 003e:73 68 65 6C 6C 2C 76 32 2C 54 45 52 4D 3D 78 74 65 72 6D 2D 32 35 36 63 6F 6C 6F 72 2C 72 61 77 3A 67 65 74 70 72 6F 70 20 72 6F 2E 62 75 69 6C 64 2E 76 65 72 73 69 6F 6E 2E 73 64 6B 00 
09-02 15:56:24.337 14031 14031 E adbd    : service_to_fd: shell,v2,TERM=xterm-256color,raw:getprop ro.build.version.sdk
09-02 15:56:24.372 14031 14031 E adbd    : recv: OPEN 000225ff 00000000 003e:73 68 65 6C 6C 2C 76 32 2C 54 45 52 4D 3D 78 74 65 72 6D 2D 32 35 36 63 6F 6C 6F 72 2C 72 61 77 3A 64 75 6D 70 73 79 73 20 63 70 75 69 6E 66 6F 20 7C 20 67 72 65 70 20 54 4F 54 41 4C 00 
09-02 15:56:24.372 14031 14031 E adbd    : service_to_fd: shell,v2,TERM=xterm-256color,raw:dumpsys cpuinfo | grep TOTAL
09-02 15:56:24.401 31289 31739 I BatteryMgr:DataCollectionService: stats => 1693662984401,-468,4211
09-02 15:56:24.411 14031 14031 E adbd    : recv: OPEN 00022602 00000000 008c:73 68 65 6C 6C 2C 76 32 2C 54 45 52 4D 3D 78 74 65 72 6D 2D 32 35 36 63 6F 6C 6F 72 2C 72 61 77 3A 61 6D 20 73 74 6F 70 73 65 72 76 69 63 65 20 63 6F 6D 2E 65 78 61 6D 70 6C 65 2E 62 61 74 74 65 72 79 6D 61 6E 61 67 65 72 5F 75 74 69 6C 69 74 79 2F 63 6F 6D 2E 65 78 61 6D 70 6C 65 2E 62 61 74 74 65 72 79 6D 61 6E 61 67 65 72 5F 75 74 69 6C 69 74 79 2E 44 61 74 61 43 6F 6C 6C 65 63 74 69 6F 6E 53 65 72 76 69 63 65 00 
09-02 15:56:24.411 14031 14031 E adbd    : service_to_fd: shell,v2,TERM=xterm-256color,raw:am stopservice com.example.batterymanager_utility/com.example.batterymanager_utility.DataCollectionService
09-02 15:56:24.458 14031 14031 E adbd    : recv: OPEN 00022605 00000000 003d:73 68 65 6C 6C 2C 76 32 2C 54 45 52 4D 3D 78 74 65 72 6D 2D 32 35 36 63 6F 6C 6F 72 2C 72 61 77 3A 64 75 6D 70 73 79 73 20 6D 65 6D 69 6E 66 6F 20 7C 20 67 72 65 70 20 55 73 65 64 00 
09-02 15:56:24.458 14031 14031 E adbd    : service_to_fd: shell,v2,TERM=xterm-256color,raw:dumpsys meminfo | grep Used
09-02 15:56:24.481  3979  3979 I EasyMuteController: UnRegister failed. no registered
09-02 15:56:24.482  3979  3979 D LightsService: [api] [SvcLED] turnOff:: id = 4 (uid: 1000 pid: 3979) 
09-02 15:56:24.482  3979  3979 D LightsService: [api] [SvcLED] LED indicator : Not supported.
09-02 15:56:24.484  3979  4673 D Notification: allPendingIntents
09-02 15:56:24.486  3979  3979 D LightsService: [api] [SvcLED] turnOff:: id = 4 (uid: 1000 pid: 3979) 
09-02 15:56:24.486  3979  3979 D LightsService: [api] [SvcLED] LED indicator : Not supported.
09-02 15:56:24.494  3979  4673 I chatty  : uid=1000(system) Binder:3979_C identical 2 lines
09-02 15:56:24.495  3979  4673 D Notification: allPendingIntents
09-02 15:56:24.520 14031 14031 E adbd    : recv: OPEN 00022608 00000000 0042:73 68 65 6C 6C 2C 76 32 2C 54 45 52 4D 3D 78 74 65 72 6D 2D 32 35 36 63 6F 6C 6F 72 2C 72 61 77 3A 67 65 74 70 72 6F 70 20 72 6F 2E 62 75 69 6C 64 2E 76 65 72 73 69 6F 6E 2E 72 65 6C 65 61 73 65 00 
09-02 15:56:24.520 14031 14031 E adbd    : service_to_fd: shell,v2,TERM=xterm-256color,raw:getprop ro.build.version.release
09-02 15:56:24.538  4349  4349 D KeyguardUpdateMonitor: handleStatusBarState( false )
09-02 15:56:24.560  4349  4349 D KeyguardUpdateMonitor: handleStatusBarState( false )
09-02 15:56:24.565  5551  5624 D ContactsProvider_EventLog: contents_sample_state: [CONTACT contacts(191) data(1819) accounts({com.google (13)=199}) accounts deleted({}) calls([]) countryIso(NL) userId(0)  ]
09-02 15:56:24.565  5551  5624 D ContactsProvider_EventLog: contents_sample_state: [ agr({[13 ,13]=8, [13]=183})  ]
09-02 15:56:24.565  5551  5624 D ContactsProvider_EventLog: contents_sample_state: [ actCnt({android.process.acore(5551)=1})  ]
09-02 15:56:24.565  5551  5624 D ContactsProvider_EventLog: contents_sample_state: [PROFILE contacts(0) data(0) accounts({})  ]
09-02 15:56:24.565  5551  5624 D ContactsProvider_EventLog: contents_sample_state: [SAPROFILE contacts(1) data(1) accounts({vnd.sec.contact.phone (1)=1})  ]
09-02 15:56:24.569  5551  5624 E ContactsProvider_EventLog: Flush buffer to file cnt : 1 size : 0Kb duration : 3ms lastUpdatedAfter : 60118 ms mFlush_time_threasold : 2000 mCurrentSize : 481
09-02 15:56:24.592 14031 14031 E adbd    : recv: OPEN 0002260b 00000000 003e:73 68 65 6C 6C 2C 76 32 2C 54 45 52 4D 3D 78 74 65 72 6D 2D 32 35 36 63 6F 6C 6F 72 2C 72 61 77 3A 67 65 74 70 72 6F 70 20 72 6F 2E 62 75 69 6C 64 2E 76 65 72 73 69 6F 6E 2E 73 64 6B 00 
09-02 15:56:24.592 14031 14031 E adbd    : service_to_fd: shell,v2,TERM=xterm-256color,raw:getprop ro.build.version.sdk
09-02 15:56:24.658 14031 14031 E adbd    : recv: OPEN 0002260e 00000000 0076:73 68 65 6C 6C 2C 76 32 2C 54 45 52 4D 3D 78 74 65 72 6D 2D 32 35 36 63 6F 6C 6F 72 2C 72 61 77 3A 64 75 6D 70 73 79 73 20 61 63 74 69 76 69 74 79 20 72 65 63 65 6E 74 73 20 7C 20 67 72 65 70 20 22 52 65 63 65 6E 74 20 23 30 22 20 7C 20 63 75 74 20 2D 64 20 22 3D 22 20 2D 66 32 20 7C 20 67 72 65 70 20 2D 6F 20 2D 70 20 22 5B 61 2D 7A 7C 2E 5D 2A 22 00 
09-02 15:56:24.658 14031 14031 E adbd    : service_to_fd: shell,v2,TERM=xterm-256color,raw:dumpsys activity recents | grep "Recent #0" | cut -d "=" -f2 | grep -o -p "[a-z|.]*"
09-02 15:56:24.739 14031 14031 E adbd    : recv: OPEN 00022611 00000000 0042:73 68 65 6C 6C 2C 76 32 2C 54 45 52 4D 3D 78 74 65 72 6D 2D 32 35 36 63 6F 6C 6F 72 2C 72 61 77 3A 67 65 74 70 72 6F 70 20 72 6F 2E 62 75 69 6C 64 2E 76 65 72 73 69 6F 6E 2E 72 65 6C 65 61 73 65 00 
09-02 15:56:24.739 14031 14031 E adbd    : service_to_fd: shell,v2,TERM=xterm-256color,raw:getprop ro.build.version.release
09-02 15:56:24.807 14031 14031 E adbd    : recv: OPEN 00022614 00000000 003e:73 68 65 6C 6C 2C 76 32 2C 54 45 52 4D 3D 78 74 65 72 6D 2D 32 35 36 63 6F 6C 6F 72 2C 72 61 77 3A 67 65 74 70 72 6F 70 20 72 6F 2E 62 75 69 6C 64 2E 76 65 72 73 69 6F 6E 2E 73 64 6B 00 
09-02 15:56:24.807 14031 14031 E adbd    : service_to_fd: shell,v2,TERM=xterm-256color,raw:getprop ro.build.version.sdk
09-02 15:56:24.898 14031 14031 E adbd    : recv: OPEN 00022617 00000000 0043:73 68 65 6C 6C 2C 76 32 2C 54 45 52 4D 3D 78 74 65 72 6D 2D 32 35 36 63 6F 6C 6F 72 2C 72 61 77 3A 61 6D 20 66 6F 72 63 65 2D 73 74 6F 70 20 6F 72 67 2E 6D 6F 7A 69 6C 6C 61 2E 66 69 72 65 66 6F 78 00 
09-02 15:56:24.898 14031 14031 E adbd    : service_to_fd: shell,v2,TERM=xterm-256color,raw:am force-stop org.mozilla.firefox
09-02 15:56:24.966  3979  4673 I ActivityManager: Force stopping org.mozilla.firefox appid=10154 user=0: from pid 31888
09-02 15:56:24.966  3979  4673 I ActivityManager: Killing 31467:org.mozilla.firefox:gpu/u0a154 (adj 0): stop org.mozilla.firefox,from pid 31888
09-02 15:56:24.967  3979  4673 W ActivityManager: Scheduling restart of crashed service org.mozilla.firefox/org.mozilla.gecko.process.GeckoChildProcessServices$gpu in 1000ms
09-02 15:56:24.973  3979  4673 I ActivityManager: Killing 31784:org.mozilla.firefox:tab24/u0a154 (adj 0): stop org.mozilla.firefox,from pid 31888
09-02 15:56:24.973  3979  4673 W ActivityManager: Scheduling restart of crashed service org.mozilla.firefox/org.mozilla.gecko.process.GeckoChildProcessServices$tab24 in 10994ms
09-02 15:56:24.978  3979  4673 I ActivityManager: Killing 31399:org.mozilla.firefox:tab30/u0a154 (adj 901): stop org.mozilla.firefox,from pid 31888
09-02 15:56:24.978  3979  4673 W ActivityManager: Scheduling restart of crashed service org.mozilla.firefox/org.mozilla.gecko.process.GeckoChildProcessServices$tab30 in 20989ms
09-02 15:56:24.982  3979  4673 I ActivityManager: Killing 31329:org.mozilla.firefox/u0a154 (adj 0): stop org.mozilla.firefox,from pid 31888
09-02 15:56:24.984  3979  4673 W ActivityManager: Force removing ActivityRecord{1e8bf95 u0 org.mozilla.firefox/org.mozilla.fenix.HomeActivity t839}: app died, no saved state
09-02 15:56:24.994  3979  4673 D InputDispatcher: Focus left window: 31329
09-02 15:56:25.010  3462  3462 V Surface : sf_framedrop debug : 0x4f4c, game : false, logging : 0
09-02 15:56:25.028  3979  4673 D TaskSnapshotCache: putSnapshot mTaskId=839 RunningCache size=5
09-02 15:56:25.028  3979  4673 D TaskSnapshotCache: removeRunningEntry taskId=839 RunningCache size=4
09-02 15:56:25.028  3979  4673 D InputDispatcher: Focused application released
09-02 15:56:25.032  3979  4673 D CustomFrequencyManagerService: acquireDVFSLockLocked : type : DVFS_MIN_LIMIT  frequency : 1560000  uid : 1000  pid : 3979  pkgName : AMS_ACT_RESUME@CPU_MIN@70
09-02 15:56:25.032  3979  4673 D ActivityManagerPerformance: AMP_acquire() ACT_RESUME
09-02 15:56:25.034  3979  4673 D PersonaManagerService: Current focused persona service handled id set to : 0
09-02 15:56:25.034  3979  4673 D InputDispatcher: Focused application set to: xxxx
09-02 15:56:25.035  3979  4323 I OpenGLRenderer: Initialized EGL, version 1.4
09-02 15:56:25.035  3979  4323 D OpenGLRenderer: Swap behavior 2
09-02 15:56:25.039  3979  4673 V WindowManager: rotationForOrientationLw(orient=-1, last=0); user=0  sensorRotation=-1 mLidState=-1 mDockMode=0 mHdmiPlugged=false
09-02 15:56:25.044  3979  6844 V WindowManager: Relayout Window{44cd6c0 u0 com.example.batterymanager_utility/com.example.batterymanager_utility.MainActivity}: viewVisibility=4 req=720x1280 WM.LayoutParams{(0,0)(fillxfill) sim=#120 ty=1 fl=#81810100 pfl=0x20000 wanim=0x10302fd vsysui=0x600 needsMenuKey=2 colorMode=0 naviIconColor=0}
09-02 15:56:25.044  3979  4238 D GameManagerService: handleForegroundChange(). pkgName: com.example.batterymanager_utility, clsName: com.example.batterymanager_utility.MainActivity,FgActivityName:com.example.batterymanager_utility/.MainActivity
09-02 15:56:25.044  3979  4673 D MARsPolicyManager: onPackageResumedFG pkgName = com.example.batterymanager_utility, userId = 0
09-02 15:56:25.045  3979  4238 D GameManagerService: sem_perfomance_mode: 3
09-02 15:56:25.045  3979  4238 D GameManagerService: notifyResumePause(). pkg: com.example.batterymanager_utility, type: 4, isMinimized: false, isTunableApp: false
09-02 15:56:25.045  3979  4238 D GameManagerService:   notifyResumePause(). unexpected mPrevNotiType: -1
09-02 15:56:25.052 31289 31289 D ViewRootImpl@110cd72[MainActivity]: Relayout returned: old=[0,0][720,1280] new=[0,0][720,1280] result=0x1 surface={valid=false 0} changed=false
09-02 15:56:25.058  3979  3979 D SamsungAlarmManager: Remove alarm for next reason : android.intent.action.PACKAGE_RESTARTED : package: org.mozilla.firefox
09-02 15:56:25.063  3979  3995 W BroadcastQueue: Background execution not allowed: receiving Intent { act=android.intent.action.PACKAGE_RESTARTED dat=package:org.mozilla.firefox flg=0x10 (has extras) } to android/com.kddi.android.CpaNotiReceiver
09-02 15:56:25.064  3979  3995 W BroadcastQueue: Background execution not allowed: receiving Intent { act=android.intent.action.PACKAGE_RESTARTED dat=package:org.mozilla.firefox flg=0x10 (has extras) } to com.sec.android.daemonapp/com.samsung.android.weather.daemon.receiver.ClearDataReceiver
09-02 15:56:25.064  4633  4633 D CarrierSvcBindHelper: No carrier app for: 0
09-02 15:56:25.066  4633  4633 D CarrierSvcBindHelper: No carrier app for: 1
09-02 15:56:25.069  3979  6844 D ActivityManager: post active user change for 0 fullscreen true isHomeActivity() false
09-02 15:56:25.070  3979  6899 D GamePkgDataHelper: getGamePkgDataIncServer(). com.example.batterymanager_utility
09-02 15:56:25.070  3979  6899 D GameManagerService: identifyGamePackage. com.example.batterymanager_utility
09-02 15:56:25.071  3979  6899 D GamePkgDataHelper: getGamePkgData(). com.example.batterymanager_utility
09-02 15:56:25.071  3979  6899 D GameManagerService: identifyGamePackage. com.example.batterymanager_utility
09-02 15:56:25.071  3979  6899 D GamePkgDataHelper: getGamePkgData(). com.example.batterymanager_utility
09-02 15:56:25.071  3979  6899 D GamePkgDataHelper: getSosPolicy(). com.example.batterymanager_utility
09-02 15:56:25.072  3979  6844 V WindowManager: Relayout Window{44cd6c0 u0 com.example.batterymanager_utility/com.example.batterymanager_utility.MainActivity}: viewVisibility=0 req=720x1280 WM.LayoutParams{(0,0)(fillxfill) sim=#120 ty=1 fl=#81810100 pfl=0x20000 wanim=0x10302fd vsysui=0x600 needsMenuKey=2 colorMode=0 naviIconColor=0}
09-02 15:56:25.073  3462  3462 I SurfaceFlinger: id=2928 createSurf (720x1280),1 flag=404, com.example.batterymanager_utility/com.example.batterymanager_utility.MainActivity#0
09-02 15:56:25.074  3979  6844 V Surface : sf_framedrop debug : 0x4f4c, game : false, logging : 0
09-02 15:56:25.075  3979  3996 D WindowManager: set systemUiVisibility : systemUiFlags= 0x608 fullscreenStackSysUiFlags= 0x0
09-02 15:56:25.076  3979  6899 D GameManagerService: identifyGamePackage. com.example.batterymanager_utility
09-02 15:56:25.076  3979  6899 D GamePkgDataHelper: getGamePkgData(). com.example.batterymanager_utility
09-02 15:56:25.078  3979  6844 D InputDispatcher: Focus entered window: 31289
09-02 15:56:25.080  3979  6899 D GameManagerService: identifyGamePackage. com.example.batterymanager_utility
09-02 15:56:25.080  3979  6899 D GamePkgDataHelper: getGamePkgData(). com.example.batterymanager_utility
09-02 15:56:25.080 31289 31289 V Surface : sf_framedrop debug : 0x4f4c, game : false, logging : 0
09-02 15:56:25.082 31289 31289 D ViewRootImpl@110cd72[MainActivity]: Relayout returned: old=[0,0][720,1280] new=[0,0][720,1280] result=0x7 surface={valid=true 536210677760} changed=true
09-02 15:56:25.093 31289 31306 D mali_winsys: EGLint new_window_surface(egl_winsys_display *, void *, EGLSurface, EGLConfig, egl_winsys_surface **, egl_color_buffer_format *, EGLBoolean) returns 0x3000,  [720x1280]-format:1
09-02 15:56:25.093 31289 31306 D OpenGLRenderer: eglCreateWindowSurface = 0x7cc18c6280
09-02 15:56:25.096 31289 31289 D ViewRootImpl@110cd72[MainActivity]: MSG_WINDOW_FOCUS_CHANGED 1
09-02 15:56:25.096  3979  3979 I SamsungAlarmManager: setLocked to kernel - T:2 / 20230902T155838, SetElapsed=108300394, nowELAPSED=108166528
09-02 15:56:25.097  3979  3979 D SamsungAlarmManager: setInexact Listener (T:2/F:0/AC:false) 20230902T155708 - CU:1000/CP:3979
09-02 15:56:25.097  3979  3979 I SamsungAlarmManager: setLocked to kernel - T:2 / 20230902T155708, SetElapsed=108209640, nowELAPSED=108166529
09-02 15:56:25.099  3979  3979 I SamsungAlarmManager: setLocked to kernel - T:2 / 20230902T155737, SetElapsed=108238568, nowELAPSED=108166531
09-02 15:56:25.099  4349  4858 D SystemServicesProxy: updateOverviewLastStackActiveTimeAsync: newTime=1693559943942
09-02 15:56:25.099  3979  3979 D SamsungAlarmManager: setInexact Listener (T:2/F:0/AC:false) 20230902T161207 - CU:1000/CP:3979
09-02 15:56:25.100  3979  4673 D SecContentProvider: query(), uri = 17 selection = isSettingsChangesAllowed
09-02 15:56:25.100 31289 31289 V InputMethodManager: Starting input: tba=android.view.inputmethod.EditorInfo@753c22d nm : com.example.batterymanager_utility ic=null
09-02 15:56:25.100 31289 31289 I InputMethodManager: startInputInner - mService.startInputOrWindowGainedFocus
09-02 15:56:25.100  3979  4673 D SecContentProvider: called from android.uid.systemui:10009
09-02 15:56:25.101  3979  4635 D InputMethodManagerService: startInputOrWindowGainedFocus : windowGainedFocus 
09-02 15:56:25.101  3979  4635 D InputMethodManagerService: windowGainedFocus: destinationUserId (getCallingUid) = 0
09-02 15:56:25.101  3979  4635 D InputMethodManagerService: windowGainedFocus: currentUserId=0
09-02 15:56:25.101  3979  4635 D InputMethodManagerService: windowGainedFocus: mCurrentFocusedUserId=0
09-02 15:56:25.101  4349  4561 D SystemServicesProxy: updateOverviewLastStackActiveTimeAsync: done.
09-02 15:56:25.101  3979  4635 D InputMethodManagerService: windowGainedFocus : lock - currentUserId = 0 destinationUserId = 0
09-02 15:56:25.101  3979  4635 D InputMethodManagerService: windowGainedFocus : mCurrentFocusedUserId - 0 and mSecureKeypadEnabled - false, userSwitched - false
09-02 15:56:25.101  3979  4635 V InputMethodManagerService: windowGainedFocus : reason=WINDOW_FOCUS_GAIN client=android.os.BinderProxy@35161f2 inputContext=null missingMethods= attribute=android.view.inputmethod.EditorInfo@5c47c54 nm = com.example.batterymanager_utility controlFlags=#105 softInputMode=#120 windowFlags=#81810100
09-02 15:56:25.101  3979  4635 V InputMethodManagerService: hideCurrentInputLocked : shouldHideSoftInput is false
09-02 15:56:25.102  3979  3979 I SamsungAlarmManager: setLocked to kernel - T:2 / 20230902T155838, SetElapsed=108300394, nowELAPSED=108166534
09-02 15:56:25.102  3979  3979 D SamsungAlarmManager: setInexact Listener (T:2/F:0/AC:false) 20230902T155708 - CU:1000/CP:3979
09-02 15:56:25.102  3979  3979 I SamsungAlarmManager: setLocked to kernel - T:2 / 20230902T155708, SetElapsed=108209640, nowELAPSED=108166534
09-02 15:56:25.104  3979  4081 W InputDispatcher: channel ~ Consumer closed input channel or an error occurred.  events=0x9
09-02 15:56:25.105  3979  3979 I SamsungAlarmManager: setLocked to kernel - T:2 / 20230902T155737, SetElapsed=108238568, nowELAPSED=108166537
09-02 15:56:25.105  3979  4635 W InputMethodManagerService: Got RemoteException sending setActive(false) notification to pid 31329 uid 10154
09-02 15:56:25.105  3979  4081 E InputDispatcher: channel ~ Channel is unrecoverably broken and will be disposed!
09-02 15:56:25.105  3979  3979 D SamsungAlarmManager: setInexact Listener (T:2/F:0/AC:false) 20230902T161207 - CU:1000/CP:3979
09-02 15:56:25.105  3979  4635 D InputMethodManagerService: isImeSwitcherDisabledPackage : false
09-02 15:56:25.106  3979  4635 D InputMethodManagerService: setCurrentInputInfo - inputContext : null eidtorInfo : android.view.inputmethod.EditorInfo@5c47c54 missingMethods : 0
09-02 15:56:25.108  3979  3979 I SamsungAlarmManager: setLocked to kernel - T:2 / 20230902T155838, SetElapsed=108300394, nowELAPSED=108166540
09-02 15:56:25.108  4336  4336 I InputMethodWrapper:  call dispatchStartInputWithToken
09-02 15:56:25.108  4336  4336 I InputMethodService: dispatchStartInputWithToken
09-02 15:56:25.109  3979  3979 D SamsungAlarmManager: setInexact Listener (T:2/F:0/AC:false) 20230902T155708 - CU:1000/CP:3979
09-02 15:56:25.109  4336  4336 I SKBD    : SamsungKeypad [IMI] onStartInput - caller pid : 31289, caller uid : 10157
09-02 15:56:25.109  3979  3979 I SamsungAlarmManager: setLocked to kernel - T:2 / 20230902T155708, SetElapsed=108209640, nowELAPSED=108166541
09-02 15:56:25.112  3979  3979 I SamsungAlarmManager: setLocked to kernel - T:2 / 20230902T155737, SetElapsed=108238568, nowELAPSED=108166544
09-02 15:56:25.112  3979  4673 I WindowManager: WIN DEATH: Window{e2a91c4 u0 org.mozilla.firefox/org.mozilla.fenix.HomeActivity}
09-02 15:56:25.112  3979  3979 D SamsungAlarmManager: setInexact Listener (T:2/F:0/AC:false) 20230902T161207 - CU:1000/CP:3979
09-02 15:56:25.112  3979  4673 W InputDispatcher: Attempted to unregister already unregistered input channel
09-02 15:56:25.113  3979  4673 I WindowManager: Destroying surface Surface(name=org.mozilla.firefox/org.mozilla.fenix.HomeActivity) called by com.android.server.wm.WindowStateAnimator.destroySurface:2501 com.android.server.wm.WindowStateAnimator.destroySurfaceLocked:985 com.android.server.wm.WindowState.removeImmediately:2404 com.android.server.wm.WindowState.removeIfPossible:2603 com.android.server.wm.WindowState.-wrap1:0 com.android.server.wm.WindowState$DeathRecipient.binderDied:3142 android.os.BinderProxy.sendDeathNotice:841 <bottom of call stack> 
09-02 15:56:25.113  3462  3502 I SurfaceFlinger: id=2925 Removed org.mozilla.firefox/org.mozilla.fenix.HomeActivity#0 (3/5)
09-02 15:56:25.113  3462  3502 I SurfaceFlinger: id=2925 Removed org.mozilla.firefox/org.mozilla.fenix.HomeActivity#0 (-2/5)
09-02 15:56:25.114  4336  4336 D InputEventReceiver: channel 'ClientState{b769065 uid 10154 pid 31329} (client)' ~ Disposing input event receiver.
09-02 15:56:25.114  4336  4336 D InputEventReceiver: channel 'ClientState{b769065 uid 10154 pid 31329} (client)' ~NativeInputEventReceiver.
09-02 15:56:25.115  3979  3979 I SamsungAlarmManager: setLocked to kernel - T:2 / 20230902T155838, SetElapsed=108300394, nowELAPSED=108166547
09-02 15:56:25.115  3979  3979 D SamsungAlarmManager: setInexact Listener (T:2/F:0/AC:false) 20230902T155708 - CU:1000/CP:3979
09-02 15:56:25.115  3979  3979 I SamsungAlarmManager: setLocked to kernel - T:2 / 20230902T155708, SetElapsed=108209640, nowELAPSED=108166547
09-02 15:56:25.117  3462  3462 I SurfaceFlinger: removeLayer is called from message
09-02 15:56:25.117  3462  3462 I SurfaceFlinger: id=2925 Removed org.mozilla.firefox/org.mozilla.fenix.HomeActivity#0 (-2/5)
09-02 15:56:25.117  3979  4004 W ActivityManager: setHasOverlayUi called on unknown pid: 31329
09-02 15:56:25.117  3979  3979 I SamsungAlarmManager: setLocked to kernel - T:2 / 20230902T155737, SetElapsed=108238569, nowELAPSED=108166550
09-02 15:56:25.118  3979  3979 D SamsungAlarmManager: setInexact Listener (T:2/F:0/AC:false) 20230902T161207 - CU:1000/CP:3979
09-02 15:56:25.119  3979  4635 D WindowManager: adjustSystemUiVisibilityLw : vis= 0x608
09-02 15:56:25.123  3462  3462 I Layer   : id=2925 onRemoved org.mozilla.firefox/org.mozilla.fenix.HomeActivity#0 
09-02 15:56:25.124  3462  3462 I Layer   : id=2927 onRemoved Background for - SurfaceView - org.mozilla.firefox/org.mozilla.fenix.HomeActivity@97c052@0#0 
09-02 15:56:25.124  3462  3462 I Layer   : id=2926 onRemoved SurfaceView - org.mozilla.firefox/org.mozilla.fenix.HomeActivity@97c052@0#0 
09-02 15:56:25.129  3462  3462 I SurfaceFlinger: Display 0 HWC layers:
09-02 15:56:25.129  3462  3462 I SurfaceFlinger:     type    |    handle    | flag |  format   |   source crop (l,t,r,b)    |         frame       | name 
09-02 15:56:25.129  3462  3462 I SurfaceFlinger: ------------+--------------+------+-----------+----------------------------+---------------------+------
09-02 15:56:25.129  3462  3462 I SurfaceFlinger:      Device | 0x7ac0b8fac0 | 0000 | RGBA_8888 |   0.0    0.0  720.0   42.0 |    0    0  720   42 | StatusBar#0
09-02 15:56:25.129  3462  3462 I SurfaceFlinger: 
09-02 15:56:25.132  3979  4635 D PackageManager: getComponentMetadataForIconTray : org.mozilla.fenix.HomeActivity does not exist in mServices
09-02 15:56:25.132  3979  4635 D PackageManager: getComponentMetadataForIconTray : org.mozilla.fenix.HomeActivity does not exist in mProviders
09-02 15:56:25.132  3979  4635 D PackageManager: getComponentMetadataForIconTray : org.mozilla.fenix.HomeActivity does not exist in mReceivers
09-02 15:56:25.133  4349  4858 D ApplicationPackageManager: updateItemMetaDataForFixedIconScale: package: org.mozilla.firefox
09-02 15:56:25.133  3979  4635 D PackageManager: getSelectedMetaData : packageName(org.mozilla.firefox) or Metadata strings {[Ljava.lang.String;@9659cf2}
09-02 15:56:25.133  4349  4858 I ApplicationPackageManager: return adaptive icon for org.mozilla.firefox
09-02 15:56:25.136  3979  4673 V WindowManager: finishDrawingLocked: mDrawState=COMMIT_DRAW_PENDING Window{44cd6c0 u0 com.example.batterymanager_utility/com.example.batterymanager_utility.MainActivity} in Surface(name=com.example.batterymanager_utility/com.example.batterymanager_utility.MainActivity)
09-02 15:56:25.148  3462  3462 I SurfaceFlinger: id=2929 createSurf (720x1280),-1 flag=20004, com.example.batterymanager_utility/com.example.batterymanager_utility.MainActivity_dim#0
09-02 15:56:25.161  3462  3462 I SurfaceFlinger: Display 0 HWC layers:
09-02 15:56:25.161  3462  3462 I SurfaceFlinger:     type    |    handle    | flag |  format   |   source crop (l,t,r,b)    |         frame       | name 
09-02 15:56:25.161  3462  3462 I SurfaceFlinger: ------------+--------------+------+-----------+----------------------------+---------------------+------
09-02 15:56:25.161  3462  3462 I SurfaceFlinger:      Client |              | 0000 |  Unknown  |  -0.2   -0.2   -0.8   -0.8 |    0    0  720 1280 | animation background stackId=1#0
09-02 15:56:25.161  3462  3462 I SurfaceFlinger:      Client | 0x7ac4c24c00 | 0002 | RGBA_8888 |   0.0    0.0   31.0 1280.0 |  689    0  720 1280 | com.example.batterymanager_utility/c[...]atterymanager_utility.MainActivity#0
