09-02 11:55:00.522  5204  5204 W ResourceType: For resource 0x7f150274, entry index(628) is beyond type entryCount(281)
09-02 11:55:00.522  5204  5204 W ResourceType: For resource 0x7f150372, entry index(882) is beyond type entryCount(281)
09-02 11:55:00.522  5204  5204 W ResourceType: For resource 0x7f15035b, entry index(859) is beyond type entryCount(281)
09-02 11:55:00.522  5204  5204 W ResourceType: For resource 0x7f15035c, entry index(860) is beyond type entryCount(281)
09-02 11:55:00.522  5204  5204 W ResourceType: For resource 0x7f1502ad, entry index(685) is beyond type entryCount(281)
09-02 11:55:00.522  5204  5204 W ResourceType: For resource 0x7f150565, entry index(1381) is beyond type entryCount(281)
09-02 11:55:00.522  5204  5204 W ResourceType: For resource 0x7f150567, entry index(1383) is beyond type entryCount(281)
09-02 11:55:00.523  5204  5204 W ResourceType: For resource 0x7f1504d5, entry index(1237) is beyond type entryCount(281)
09-02 11:55:00.523  5204  5204 W ResourceType: For resource 0x7f1505be, entry index(1470) is beyond type entryCount(281)
09-02 11:55:00.523  5204  5204 I chatty  : uid=10158(u0_a158) identical 3 lines
09-02 11:55:00.523  5204  5204 W ResourceType: For resource 0x7f1505be, entry index(1470) is beyond type entryCount(281)
09-02 11:55:00.523  5204  5204 W ResourceType: For resource 0x7f150241, entry index(577) is beyond type entryCount(281)
09-02 11:55:00.524  5204  5204 W ResourceType: For resource 0x7f150241, entry index(577) is beyond type entryCount(281)
09-02 11:55:00.524  5204  5204 W ResourceType: For resource 0x7f15050e, entry index(1294) is beyond type entryCount(281)
09-02 11:55:00.524  5204  5204 W ResourceType: For resource 0x7f15061f, entry index(1567) is beyond type entryCount(281)
09-02 11:55:00.524  5204  5204 W ResourceType: For resource 0x7f15061f, entry index(1567) is beyond type entryCount(281)
09-02 11:55:00.524  5204  5204 W ResourceType: For resource 0x7f15058c, entry index(1420) is beyond type entryCount(281)
09-02 11:55:00.524  5204  5204 W ResourceType: For resource 0x7f150590, entry index(1424) is beyond type entryCount(281)
09-02 11:55:00.524  5204  5204 W ResourceType: For resource 0x7f15058e, entry index(1422) is beyond type entryCount(281)
09-02 11:55:00.524  5204  5204 W ResourceType: For resource 0x7f1504c3, entry index(1219) is beyond type entryCount(281)
09-02 11:55:00.524  5204  5204 W ResourceType: For resource 0x7f15059e, entry index(1438) is beyond type entryCount(281)
09-02 11:55:00.524  5204  5204 W ResourceType: For resource 0x7f150282, entry index(642) is beyond type entryCount(281)
09-02 11:55:00.524  5204  5204 W ResourceType: For resource 0x7f1504c3, entry index(1219) is beyond type entryCount(281)
09-02 11:55:00.524  5204  5204 W ResourceType: For resource 0x7f150719, entry index(1817) is beyond type entryCount(281)
09-02 11:55:00.524  5204  5204 W ResourceType: For resource 0x7f150578, entry index(1400) is beyond type entryCount(281)
09-02 11:55:00.524  5204  5204 W ResourceType: For resource 0x7f150284, entry index(644) is beyond type entryCount(281)
09-02 11:55:00.524  5204  5204 W ResourceType: For resource 0x7f150579, entry index(1401) is beyond type entryCount(281)
09-02 11:55:00.524  5204  5204 W ResourceType: For resource 0x7f1505e7, entry index(1511) is beyond type entryCount(281)
09-02 11:55:00.524  5204  5204 W ResourceType: For resource 0x7f15071e, entry index(1822) is beyond type entryCount(281)
09-02 11:55:00.524  5204  5204 I chatty  : uid=10158(u0_a158) identical 2 lines
09-02 11:55:00.524  5204  5204 W ResourceType: For resource 0x7f15071e, entry index(1822) is beyond type entryCount(281)
09-02 11:55:00.524  5204  5204 W ResourceType: For resource 0x7f150580, entry index(1408) is beyond type entryCount(281)
09-02 11:55:00.525  5204  5204 W ResourceType: For resource 0x7f15071e, entry index(1822) is beyond type entryCount(281)
09-02 11:55:00.525  5204  5204 W ResourceType: For resource 0x7f15017b, entry index(379) is beyond type entryCount(281)
09-02 11:55:00.525  5204  5204 W ResourceType: For resource 0x7f150283, entry index(643) is beyond type entryCount(281)
09-02 11:55:00.525  5204  5204 W ResourceType: For resource 0x7f1505a2, entry index(1442) is beyond type entryCount(281)
09-02 11:55:00.525  5204  5204 W ResourceType: For resource 0x7f1506f4, entry index(1780) is beyond type entryCount(281)
09-02 11:55:00.525  5204  5204 W ResourceType: For resource 0x7f150588, entry index(1416) is beyond type entryCount(281)
09-02 11:55:00.525  5204  5204 W ResourceType: For resource 0x7f15059f, entry index(1439) is beyond type entryCount(281)
09-02 11:55:00.525  5204  5204 W ResourceType: For resource 0x7f150649, entry index(1609) is beyond type entryCount(281)
09-02 11:55:00.525  5204  5204 W ResourceType: For resource 0x7f150442, entry index(1090) is beyond type entryCount(281)
09-02 11:55:00.525  5204  5204 W ResourceType: For resource 0x7f150718, entry index(1816) is beyond type entryCount(281)
09-02 11:55:00.525  5204  5204 W ResourceType: For resource 0x7f15017c, entry index(380) is beyond type entryCount(281)
09-02 11:55:00.525  5204  5204 W ResourceType: For resource 0x7f15059d, entry index(1437) is beyond type entryCount(281)
09-02 11:55:00.525  5204  5204 W ResourceType: For resource 0x7f15020a, entry index(522) is beyond type entryCount(281)
09-02 11:55:00.525  5204  5204 W ResourceType: For resource 0x7f150586, entry index(1414) is beyond type entryCount(281)
09-02 11:55:00.525  5204  5204 W ResourceType: For resource 0x7f15071c, entry index(1820) is beyond type entryCount(281)
09-02 11:55:00.525  5204  5204 W ResourceType: For resource 0x7f1502af, entry index(687) is beyond type entryCount(281)
09-02 11:55:00.525  5204  5204 W ResourceType: For resource 0x7f150274, entry index(628) is beyond type entryCount(281)
09-02 11:55:00.525  5204  5204 W ResourceType: For resource 0x7f150244, entry index(580) is beyond type entryCount(281)
09-02 11:55:00.525  5204  5204 W ResourceType: For resource 0x7f150274, entry index(628) is beyond type entryCount(281)
09-02 11:55:00.525  5204  5204 W ResourceType: For resource 0x7f150372, entry index(882) is beyond type entryCount(281)
09-02 11:55:00.525  5204  5204 W ResourceType: For resource 0x7f15035b, entry index(859) is beyond type entryCount(281)
09-02 11:55:00.525  5204  5204 W ResourceType: For resource 0x7f15035c, entry index(860) is beyond type entryCount(281)
09-02 11:55:00.525  5204  5204 W ResourceType: For resource 0x7f1502ad, entry index(685) is beyond type entryCount(281)
09-02 11:55:00.525  5204  5204 W ResourceType: For resource 0x7f150565, entry index(1381) is beyond type entryCount(281)
09-02 11:55:00.525  5204  5204 W ResourceType: For resource 0x7f150567, entry index(1383) is beyond type entryCount(281)
09-02 11:55:00.525  5204  5204 W ResourceType: For resource 0x7f150241, entry index(577) is beyond type entryCount(281)
09-02 11:55:00.525  5204  5204 I chatty  : uid=10158(u0_a158) identical 4 lines
09-02 11:55:00.525  5204  5204 W ResourceType: For resource 0x7f150241, entry index(577) is beyond type entryCount(281)
09-02 11:55:00.526  5204  5204 W ResourceType: For resource 0x7f1505bf, entry index(1471) is beyond type entryCount(281)
09-02 11:55:00.526  5204  5204 W ResourceType: For resource 0x7f150728, entry index(1832) is beyond type entryCount(281)
09-02 11:55:00.526  5204  5204 W ResourceType: For resource 0x7f1505bf, entry index(1471) is beyond type entryCount(281)
09-02 11:55:00.526  5204  5204 W ResourceType: For resource 0x7f150728, entry index(1832) is beyond type entryCount(281)
09-02 11:55:00.526  5204  5204 W ResourceType: For resource 0x7f150241, entry index(577) is beyond type entryCount(281)
09-02 11:55:00.526  5204  5204 W ResourceType: For resource 0x7f1505bf, entry index(1471) is beyond type entryCount(281)
09-02 11:55:00.526  5204  5204 W ResourceType: For resource 0x7f150728, entry index(1832) is beyond type entryCount(281)
09-02 11:55:00.526  5204  5204 W ResourceType: For resource 0x7f1505bf, entry index(1471) is beyond type entryCount(281)
09-02 11:55:00.526  5204  5204 W ResourceType: For resource 0x7f150728, entry index(1832) is beyond type entryCount(281)
09-02 11:55:00.526  5204  5204 W ResourceType: For resource 0x7f1505bf, entry index(1471) is beyond type entryCount(281)
09-02 11:55:00.526  5204  5204 W ResourceType: For resource 0x7f150728, entry index(1832) is beyond type entryCount(281)
09-02 11:55:00.526  5204  5204 W ResourceType: For resource 0x7f1505bf, entry index(1471) is beyond type entryCount(281)
09-02 11:55:00.526  5204  5204 W ResourceType: For resource 0x7f150728, entry index(1832) is beyond type entryCount(281)
09-02 11:55:00.526  5204  5204 W ResourceType: For resource 0x7f1505bf, entry index(1471) is beyond type entryCount(281)
09-02 11:55:00.526  5204  5204 W ResourceType: For resource 0x7f150728, entry index(1832) is beyond type entryCount(281)
09-02 11:55:00.526  5204  5204 W ResourceType: For resource 0x7f1505bf, entry index(1471) is beyond type entryCount(281)
09-02 11:55:00.526  5204  5204 W ResourceType: For resource 0x7f150728, entry index(1832) is beyond type entryCount(281)
09-02 11:55:00.527  5204  5204 W ResourceType: For resource 0x7f15050e, entry index(1294) is beyond type entryCount(281)
09-02 11:55:00.527  5204  5204 W ResourceType: For resource 0x7f15061f, entry index(1567) is beyond type entryCount(281)
09-02 11:55:00.527  5204  5204 W ResourceType: For resource 0x7f15061f, entry index(1567) is beyond type entryCount(281)
09-02 11:55:00.527  5204  5204 W ResourceType: For resource 0x7f15058c, entry index(1420) is beyond type entryCount(281)
09-02 11:55:00.527  5204  5204 W ResourceType: For resource 0x7f150590, entry index(1424) is beyond type entryCount(281)
09-02 11:55:00.527  5204  5204 W ResourceType: For resource 0x7f15058e, entry index(1422) is beyond type entryCount(281)
09-02 11:55:00.527  5204  5204 W ResourceType: For resource 0x7f1504c3, entry index(1219) is beyond type entryCount(281)
09-02 11:55:00.527  5204  5204 W ResourceType: For resource 0x7f15059e, entry index(1438) is beyond type entryCount(281)
09-02 11:55:00.527  5204  5204 W ResourceType: For resource 0x7f150282, entry index(642) is beyond type entryCount(281)
09-02 11:55:00.527  5204  5204 W ResourceType: For resource 0x7f1504c3, entry index(1219) is beyond type entryCount(281)
09-02 11:55:00.527  5204  5204 W ResourceType: For resource 0x7f150719, entry index(1817) is beyond type entryCount(281)
09-02 11:55:00.527  5204  5204 W ResourceType: For resource 0x7f150578, entry index(1400) is beyond type entryCount(281)
09-02 11:55:00.527  5204  5204 W ResourceType: For resource 0x7f150284, entry index(644) is beyond type entryCount(281)
09-02 11:55:00.527  5204  5204 W ResourceType: For resource 0x7f150579, entry index(1401) is beyond type entryCount(281)
09-02 11:55:00.527  5204  5204 W ResourceType: For resource 0x7f1505e7, entry index(1511) is beyond type entryCount(281)
09-02 11:55:00.527  5204  5204 W ResourceType: For resource 0x7f15071e, entry index(1822) is beyond type entryCount(281)
09-02 11:55:00.527  5204  5204 I chatty  : uid=10158(u0_a158) identical 2 lines
09-02 11:55:00.527  5204  5204 W ResourceType: For resource 0x7f15071e, entry index(1822) is beyond type entryCount(281)
09-02 11:55:00.527  5204  5204 W ResourceType: For resource 0x7f150580, entry index(1408) is beyond type entryCount(281)
09-02 11:55:00.527  5204  5204 W ResourceType: For resource 0x7f15071e, entry index(1822) is beyond type entryCount(281)
09-02 11:55:00.527  5204  5204 W ResourceType: For resource 0x7f15017b, entry index(379) is beyond type entryCount(281)
09-02 11:55:00.527  5204  5204 W ResourceType: For resource 0x7f150283, entry index(643) is beyond type entryCount(281)
09-02 11:55:00.527  5204  5204 W ResourceType: For resource 0x7f1505a2, entry index(1442) is beyond type entryCount(281)
09-02 11:55:00.527  5204  5204 W ResourceType: For resource 0x7f1506f4, entry index(1780) is beyond type entryCount(281)
09-02 11:55:00.527  5204  5204 W ResourceType: For resource 0x7f150588, entry index(1416) is beyond type entryCount(281)
09-02 11:55:00.527  5204  5204 W ResourceType: For resource 0x7f15059f, entry index(1439) is beyond type entryCount(281)
09-02 11:55:00.527  5204  5204 W ResourceType: For resource 0x7f150649, entry index(1609) is beyond type entryCount(281)
09-02 11:55:00.527  5204  5204 W ResourceType: For resource 0x7f150442, entry index(1090) is beyond type entryCount(281)
09-02 11:55:00.527  5204  5204 W ResourceType: For resource 0x7f150718, entry index(1816) is beyond type entryCount(281)
09-02 11:55:00.527  5204  5204 W ResourceType: For resource 0x7f15017c, entry index(380) is beyond type entryCount(281)
09-02 11:55:00.527  5204  5204 W ResourceType: For resource 0x7f15059d, entry index(1437) is beyond type entryCount(281)
09-02 11:55:00.527  5204  5204 W ResourceType: For resource 0x7f15020a, entry index(522) is beyond type entryCount(281)
09-02 11:55:00.527  5204  5204 W ResourceType: For resource 0x7f150586, entry index(1414) is beyond type entryCount(281)
09-02 11:55:00.527  5204  5204 W ResourceType: For resource 0x7f15071c, entry index(1820) is beyond type entryCount(281)
09-02 11:55:00.527  5204  5204 W ResourceType: For resource 0x7f1502af, entry index(687) is beyond type entryCount(281)
09-02 11:55:00.527  5204  5204 W ResourceType: For resource 0x7f150274, entry index(628) is beyond type entryCount(281)
09-02 11:55:00.527  5204  5204 W ResourceType: For resource 0x7f150244, entry index(580) is beyond type entryCount(281)
09-02 11:55:00.527  5204  5204 W ResourceType: For resource 0x7f150274, entry index(628) is beyond type entryCount(281)
09-02 11:55:00.527  5204  5204 W ResourceType: For resource 0x7f150372, entry index(882) is beyond type entryCount(281)
09-02 11:55:00.527  5204  5204 W ResourceType: For resource 0x7f15035b, entry index(859) is beyond type entryCount(281)
09-02 11:55:00.527  5204  5204 W ResourceType: For resource 0x7f15035c, entry index(860) is beyond type entryCount(281)
09-02 11:55:00.527  5204  5204 W ResourceType: For resource 0x7f1502ad, entry index(685) is beyond type entryCount(281)
09-02 11:55:00.527  5204  5204 W ResourceType: For resource 0x7f150565, entry index(1381) is beyond type entryCount(281)
09-02 11:55:00.527  5204  5204 W ResourceType: For resource 0x7f150567, entry index(1383) is beyond type entryCount(281)
09-02 11:55:00.528  5204  5204 W ResourceType: For resource 0x7f1505bd, entry index(1469) is beyond type entryCount(281)
09-02 11:55:00.528  5204  5204 I chatty  : uid=10158(u0_a158) identical 6 lines
09-02 11:55:00.528  5204  5204 W ResourceType: For resource 0x7f1505bd, entry index(1469) is beyond type entryCount(281)
09-02 11:55:00.531  3462  3462 I SurfaceFlinger: id=1513 createSurf (720x1280),4 flag=404, SurfaceView - com.opera.browser/com.opera.Opera@5090ab2@0#0
09-02 11:55:00.532  3462  3462 I SurfaceFlinger: id=1514 createSurf (720x1280),-1 flag=20404, Background for - SurfaceView - com.opera.browser/com.opera.Opera@5090ab2@0#0
09-02 11:55:00.533  5204  5204 D SurfaceView: BG show() Surface(name=Background for - SurfaceView - com.opera.browser/com.opera.Opera@5090ab2@0) android.view.SurfaceView{5090ab2 V.E...... ......ID 0,0-720,1280}
09-02 11:55:00.534  5541  5541 W ResourceType: For resource 0x7f0c0068, entry index(104) is beyond type entryCount(100)
09-02 11:55:00.545  5204  5204 V Surface : sf_framedrop debug : 0x4f4c, game : false, logging : 0
09-02 11:55:00.545  5204  5204 D SurfaceView: surfaceCreated 1 android.view.SurfaceView{5090ab2 V.E...... ......ID 0,0-720,1280}
09-02 11:55:00.545  5204  5204 D SurfaceView: surfaceChanged (720,1280) 1 android.view.SurfaceView{5090ab2 V.E...... ......ID 0,0-720,1280}
09-02 11:55:00.552  5204  5570 I zygote  : Deoptimizing boolean g87.m(long) due to JIT inline cache
09-02 11:55:00.572  5420  5443 V Surface : sf_framedrop debug : 0x4f4c, game : false, logging : 0
09-02 11:55:00.573  5420  5443 D mali_winsys: EGLint new_window_surface(egl_winsys_display *, void *, EGLSurface, EGLConfig, egl_winsys_surface **, egl_color_buffer_format *, EGLBoolean) returns 0x3000,  [720x1280]-format:1
09-02 11:55:00.582  3979  4635 D ConnectivityService: filterNetworkStateForUid() uid: 10158 networkInfo: [type: WIFI[] - WIFI, state: CONNECTED/CONNECTED, reason: (unspecified), extra: "WiFi 69", failover: false, available: true, roaming: false, metered: false]
09-02 11:55:00.591 10264 16954 I FontLog : Received query Noto Color Emoji Compat, URI content://com.google.android.gms.fonts [CONTEXT service_id=132 ]
09-02 11:55:00.592 10264 16954 I FontLog : Query [emojicompat-emoji-font] resolved to {Noto Color Emoji Compat, wdth 100.0, wght 400, ital 0.0, bestEffort false} [CONTEXT service_id=132 ]
09-02 11:55:00.592  3979  5925 D PackageManager: setEnabledSetting : userId = 0 packageName = com.opera.browser cmp = com.opera.android.readlater.MigrationBroadcastReceiver newState = 2 callingPackage = 10158/com.opera.browser
09-02 11:55:00.594 10264 16954 I FontLog : Fetch {Noto Color Emoji Compat, wdth 100.0, wght 400, ital 0.0, bestEffort false} end status Status{statusCode=SUCCESS, resolution=null} [CONTEXT service_id=132 ]
09-02 11:55:00.595  3979  3994 D ConnectivityService: filterNetworkStateForUid() uid: 1000 networkInfo: [type: WIFI[] - WIFI, state: CONNECTED/CONNECTED, reason: (unspecified), extra: "WiFi 69", failover: false, available: true, roaming: false, metered: false]
09-02 11:55:00.599  5204  5204 I zygote  : Deoptimizing java.lang.Object gs4.a() due to JIT inline cache
09-02 11:55:00.611 10264 16954 I FontLog : Pulling font file for id = 717, cache size = 8 [CONTEXT service_id=132 ]
09-02 11:55:00.612  3979  3994 D ConnectivityService: filterNetworkStateForUid() uid: 1000 networkInfo: [type: WIFI[] - WIFI, state: CONNECTED/CONNECTED, reason: (unspecified), extra: "WiFi 69", failover: false, available: true, roaming: false, metered: false]
09-02 11:55:00.620  3979 10236 D ConnectivityService: filterNetworkStateForUid() uid: 10025 networkInfo: [type: WIFI[] - WIFI, state: CONNECTED/CONNECTED, reason: (unspecified), extra: "WiFi 69", failover: false, available: true, roaming: false, metered: false]
09-02 11:55:00.621 10264 16954 I FontLog : Pulling font file for id = 717, cache size = 8 [CONTEXT service_id=132 ]
09-02 11:55:00.622  3979  3994 D SyncManager: failed sync operation JobId: 109703, com.opera.browser u0 (com.opera.browser.ping), com.opera.browser.ping.provider, SERVER, reason: 10158, SyncResult: delayUntil: 1693655700 stats [ numIoExceptions: 1]
09-02 11:55:00.624  3979  3994 D ConnectivityService: filterNetworkStateForUid() uid: 10158 networkInfo: [type: WIFI[] - WIFI, state: CONNECTED/CONNECTED, reason: (unspecified), extra: "WiFi 69", failover: false, available: true, roaming: false, metered: false]
09-02 11:55:00.630  3979  3994 I SamsungAlarmManager: setLocked to kernel - T:2 / 20230902T115834, SetElapsed=93896392, nowELAPSED=93682062
09-02 11:55:00.630 10264 16954 I FontLog : Received query name=Google Sans&weight=700&besteffort=false, URI content://com.google.android.gms.fonts [CONTEXT service_id=132 ]
09-02 11:55:00.630  3979  3994 D SamsungAlarmManager: setInexact Listener (T:2/F:0/AC:false) 20230902T115530 - CU:1000/CP:3979
09-02 11:55:00.631  3979  3994 I SamsungAlarmManager: setLocked to kernel - T:2 / 20230902T115530, SetElapsed=93712116, nowELAPSED=93682063
09-02 11:55:00.631 10264 16954 I FontLog : Query [name=Google Sans&weight=700&besteffort=false] resolved to {Google Sans, wdth 100.0, wght 700, ital 0.0, bestEffort false} [CONTEXT service_id=132 ]
09-02 11:55:00.634  3979  3994 I SamsungAlarmManager: setLocked to kernel - T:2 / 20230902T115834, SetElapsed=93896392, nowELAPSED=93682066
09-02 11:55:00.635 10264 16954 I FontLog : Fetch {Google Sans, wdth 100.0, wght 700, ital 0.0, bestEffort false} end status Status{statusCode=SUCCESS, resolution=null} [CONTEXT service_id=132 ]
09-02 11:55:00.636  3979  3994 D SamsungAlarmManager: setInexact Listener (T:2/F:0/AC:false) 20230902T115706 - CU:1000/CP:3979
09-02 11:55:00.636  3979  3994 I SamsungAlarmManager: setLocked to kernel - T:2 / 20230902T115706, SetElapsed=93808192, nowELAPSED=93682068
09-02 11:55:00.640  3979  3994 D SamsungAlarmManager: setInexact Listener (T:2/F:0/AC:false) 20230902T121206 - CU:1000/CP:3979
09-02 11:55:00.647 10264 16954 I FontLog : Pulling font file for id = 718, cache size = 6 [CONTEXT service_id=132 ]
09-02 11:55:00.654 10264 16954 I FontLog : Received query name=Noto Color Emoji Compat&weight=400&besteffort=false, URI content://com.google.android.gms.fonts [CONTEXT service_id=132 ]
09-02 11:55:00.654  5204  5204 W ResourceType: For resource 0x7f15050e, entry index(1294) is beyond type entryCount(281)
09-02 11:55:00.654  5204  5204 W ResourceType: For resource 0x7f15061f, entry index(1567) is beyond type entryCount(281)
09-02 11:55:00.654  5204  5204 W ResourceType: For resource 0x7f15061f, entry index(1567) is beyond type entryCount(281)
09-02 11:55:00.654  5204  5204 W ResourceType: For resource 0x7f15058c, entry index(1420) is beyond type entryCount(281)
09-02 11:55:00.654  5204  5204 W ResourceType: For resource 0x7f150590, entry index(1424) is beyond type entryCount(281)
09-02 11:55:00.654  5204  5204 W ResourceType: For resource 0x7f15058e, entry index(1422) is beyond type entryCount(281)
09-02 11:55:00.654  5204  5204 W ResourceType: For resource 0x7f1504c3, entry index(1219) is beyond type entryCount(281)
09-02 11:55:00.654  5204  5204 W ResourceType: For resource 0x7f15059e, entry index(1438) is beyond type entryCount(281)
09-02 11:55:00.654  5204  5204 W ResourceType: For resource 0x7f150282, entry index(642) is beyond type entryCount(281)
09-02 11:55:00.654  5204  5204 W ResourceType: For resource 0x7f1504c3, entry index(1219) is beyond type entryCount(281)
09-02 11:55:00.654  5204  5204 W ResourceType: For resource 0x7f150719, entry index(1817) is beyond type entryCount(281)
09-02 11:55:00.654  5204  5204 W ResourceType: For resource 0x7f150578, entry index(1400) is beyond type entryCount(281)
09-02 11:55:00.654  5204  5204 W ResourceType: For resource 0x7f150284, entry index(644) is beyond type entryCount(281)
09-02 11:55:00.654  5204  5204 W ResourceType: For resource 0x7f150579, entry index(1401) is beyond type entryCount(281)
09-02 11:55:00.654  5204  5204 W ResourceType: For resource 0x7f1505e7, entry index(1511) is beyond type entryCount(281)
09-02 11:55:00.654  5204  5204 W ResourceType: For resource 0x7f15071e, entry index(1822) is beyond type entryCount(281)
09-02 11:55:00.654  5204  5204 I chatty  : uid=10158(u0_a158) identical 2 lines
09-02 11:55:00.654  5204  5204 W ResourceType: For resource 0x7f15071e, entry index(1822) is beyond type entryCount(281)
09-02 11:55:00.654  5204  5204 W ResourceType: For resource 0x7f150580, entry index(1408) is beyond type entryCount(281)
09-02 11:55:00.654  5204  5204 W ResourceType: For resource 0x7f15071e, entry index(1822) is beyond type entryCount(281)
09-02 11:55:00.654 10264 16954 I FontLog : Query [name=Noto Color Emoji Compat&weight=400&besteffort=false] resolved to {Noto Color Emoji Compat, wdth 100.0, wght 400, ital 0.0, bestEffort false} [CONTEXT service_id=132 ]
09-02 11:55:00.654  5204  5204 W ResourceType: For resource 0x7f15017b, entry index(379) is beyond type entryCount(281)
09-02 11:55:00.654  5204  5204 W ResourceType: For resource 0x7f150283, entry index(643) is beyond type entryCount(281)
09-02 11:55:00.654  5204  5204 W ResourceType: For resource 0x7f1505a2, entry index(1442) is beyond type entryCount(281)
09-02 11:55:00.654  5204  5204 W ResourceType: For resource 0x7f1506f4, entry index(1780) is beyond type entryCount(281)
09-02 11:55:00.654  5204  5204 W ResourceType: For resource 0x7f150588, entry index(1416) is beyond type entryCount(281)
09-02 11:55:00.654  5204  5204 W ResourceType: For resource 0x7f15059f, entry index(1439) is beyond type entryCount(281)
09-02 11:55:00.654  5204  5204 W ResourceType: For resource 0x7f150649, entry index(1609) is beyond type entryCount(281)
09-02 11:55:00.654  5204  5204 W ResourceType: For resource 0x7f150442, entry index(1090) is beyond type entryCount(281)
09-02 11:55:00.654  5204  5204 W ResourceType: For resource 0x7f150718, entry index(1816) is beyond type entryCount(281)
09-02 11:55:00.654  5204  5204 W ResourceType: For resource 0x7f15017c, entry index(380) is beyond type entryCount(281)
09-02 11:55:00.654  5204  5204 W ResourceType: For resource 0x7f15059d, entry index(1437) is beyond type entryCount(281)
09-02 11:55:00.654  5204  5204 W ResourceType: For resource 0x7f15020a, entry index(522) is beyond type entryCount(281)
09-02 11:55:00.654  5204  5204 W ResourceType: For resource 0x7f150586, entry index(1414) is beyond type entryCount(281)
09-02 11:55:00.654  5204  5204 W ResourceType: For resource 0x7f15071c, entry index(1820) is beyond type entryCount(281)
09-02 11:55:00.654  5204  5204 W ResourceType: For resource 0x7f1502af, entry index(687) is beyond type entryCount(281)
09-02 11:55:00.654  5204  5204 W ResourceType: For resource 0x7f150274, entry index(628) is beyond type entryCount(281)
09-02 11:55:00.654  5204  5204 W ResourceType: For resource 0x7f150244, entry index(580) is beyond type entryCount(281)
09-02 11:55:00.654  5204  5204 W ResourceType: For resource 0x7f150274, entry index(628) is beyond type entryCount(281)
09-02 11:55:00.654  5204  5204 W ResourceType: For resource 0x7f150372, entry index(882) is beyond type entryCount(281)
09-02 11:55:00.655  5204  5204 W ResourceType: For resource 0x7f15035b, entry index(859) is beyond type entryCount(281)
09-02 11:55:00.655  5204  5204 W ResourceType: For resource 0x7f15035c, entry index(860) is beyond type entryCount(281)
09-02 11:55:00.655  5204  5204 W ResourceType: For resource 0x7f1502ad, entry index(685) is beyond type entryCount(281)
09-02 11:55:00.655  5204  5204 W ResourceType: For resource 0x7f150565, entry index(1381) is beyond type entryCount(281)
09-02 11:55:00.655  5204  5204 W ResourceType: For resource 0x7f150567, entry index(1383) is beyond type entryCount(281)
09-02 11:55:00.657 10264 16954 I FontLog : Fetch {Noto Color Emoji Compat, wdth 100.0, wght 400, ital 0.0, bestEffort false} end status Status{statusCode=SUCCESS, resolution=null} [CONTEXT service_id=132 ]
09-02 11:55:00.661  3979  3994 D ConnectivityService: filterNetworkStateForUid() uid: 1000 networkInfo: [type: WIFI[] - WIFI, state: CONNECTED/CONNECTED, reason: (unspecified), extra: "WiFi 69", failover: false, available: true, roaming: false, metered: false]
09-02 11:55:00.665  3979  3994 D ConnectivityService: filterNetworkStateForUid() uid: 10158 networkInfo: [type: WIFI[] - WIFI, state: CONNECTED/CONNECTED, reason: (unspecified), extra: "WiFi 69", failover: false, available: true, roaming: false, metered: false]
09-02 11:55:00.669 10264 16954 I FontLog : Pulling font file for id = 719, cache size = 6 [CONTEXT service_id=132 ]
09-02 11:55:00.674  7505  7526 I Finsky  : [2053] ncc.l(14): com.opera.browser: Account determined from installer data - [U-iik75Til66Sqc4rcg2VQIPTcVEABCt30QhmAx4030]
09-02 11:55:00.674  3979  4635 V WindowManager: Relayout Window{2551ba0 u0 com.opera.browser/com.opera.Opera}: viewVisibility=0 req=720x1280 WM.LayoutParams{(0,0)(fillxfill) sim=#10 ty=1 fl=#89810100 pfl=0x20000 fmt=-3 wanim=0x10302fd vsysui=0x2700 sysuil=true needsMenuKey=2 colorMode=0 naviIconColor=0}
09-02 11:55:00.676  7505  7526 I Finsky  : [2053] ncc.l(61): Billing preferred account via installer for com.opera.browser: [U-iik75Til66Sqc4rcg2VQIPTcVEABCt30QhmAx4030]
09-02 11:55:00.680  7505  7526 W Finsky  : [2053] hgm.i(10): Unsupported billing API version: 19
09-02 11:55:00.681  5204  5204 D ViewRootImpl@359a6fb[Opera]: Relayout returned: old=[0,0][720,1280] new=[0,0][720,1280] result=0x1 surface={valid=true 3310311424} changed=false
09-02 11:55:00.683  5204  5204 W View    : requestLayout() improperly called by android.widget.FrameLayout{18df21 VFE...C.. ......ID 236,999-713,1175 #7f0a01ca app:id/content} during layout: running second layout pass
09-02 11:55:00.683  5204  5204 I ViewRootImpl@359a6fb[Opera]: requestLayout is already in process
09-02 11:55:00.683 10264 16954 I FontLog : Received query name=Google Sans&weight=400&besteffort=false, URI content://com.google.android.gms.fonts [CONTEXT service_id=132 ]
09-02 11:55:00.684 10264 16954 I FontLog : Query [name=Google Sans&weight=400&besteffort=false] resolved to {Google Sans, wdth 100.0, wght 400, ital 0.0, bestEffort false} [CONTEXT service_id=132 ]
09-02 11:55:00.686 10264 16954 I FontLog : Font PFD returned from cache for {Google Sans, wdth 100.0, wght 400, ital 0.0, bestEffort false} [CONTEXT service_id=132 ]
09-02 11:55:00.686 10264 16954 I FontLog : Fetch {Google Sans, wdth 100.0, wght 400, ital 0.0, bestEffort false} end status Status{statusCode=SUCCESS, resolution=null} [CONTEXT service_id=132 ]
09-02 11:55:00.686  7505  7526 I Finsky  : [2053] ncc.l(14): com.opera.browser: Account determined from installer data - [U-iik75Til66Sqc4rcg2VQIPTcVEABCt30QhmAx4030]
09-02 11:55:00.688  7505  7526 I Finsky  : [2053] ncc.l(61): Billing preferred account via installer for com.opera.browser: [U-iik75Til66Sqc4rcg2VQIPTcVEABCt30QhmAx4030]
09-02 11:55:00.691  7505  7526 W Finsky  : [2053] hgm.i(10): Unsupported billing API version: 18
09-02 11:55:00.696  3462  3462 I SurfaceFlinger: Display 0 HWC layers:
09-02 11:55:00.696  3462  3462 I SurfaceFlinger:     type    |    handle    | flag |  format   |   source crop (l,t,r,b)    |         frame       | name 
09-02 11:55:00.696  3462  3462 I SurfaceFlinger: ------------+--------------+------+-----------+----------------------------+---------------------+------
09-02 11:55:00.696  3462  3462 I SurfaceFlinger:      Client | 0x7ac4c25080 | 0002 | RGBA_8888 |   0.0    0.0  720.0 1280.0 |    0    0  720 1280 | SurfaceView - com.opera.browser/com.opera.Opera@5090ab2@0#0
09-02 11:55:00.696  3462  3462 I SurfaceFlinger:      Client | 0x7ac4c24d80 | 0000 | RGBA_8888 |   0.0    0.0  720.0 1280.0 |    0    0  720 1280 | com.opera.browser/com.opera.Opera#0
09-02 11:55:00.696  3462  3462 I SurfaceFlinger:      Client | 0x7abe64b980 | 0000 | RGBA_8888 |   0.0    0.0  720.0   42.0 |    0    0  720   42 | StatusBar#0
09-02 11:55:00.696  3462  3462 I SurfaceFlinger: 
09-02 11:55:00.699  7505  7526 I Finsky  : [2053] ncc.l(14): com.opera.browser: Account determined from installer data - [U-iik75Til66Sqc4rcg2VQIPTcVEABCt30QhmAx4030]
09-02 11:55:00.701 10264 16954 I FontLog : Pulling font file for id = 720, cache size = 7 [CONTEXT service_id=132 ]
09-02 11:55:00.704  7505  7526 I Finsky  : [2053] ncc.l(61): Billing preferred account via installer for com.opera.browser: [U-iik75Til66Sqc4rcg2VQIPTcVEABCt30QhmAx4030]
09-02 11:55:00.712 10264 16954 I FontLog : Received query name=Google Sans&weight=500&besteffort=false, URI content://com.google.android.gms.fonts [CONTEXT service_id=132 ]
09-02 11:55:00.712 10264 16954 I FontLog : Query [name=Google Sans&weight=500&besteffort=false] resolved to {Google Sans, wdth 100.0, wght 500, ital 0.0, bestEffort false} [CONTEXT service_id=132 ]
09-02 11:55:00.713  3979  4635 D ConnectivityService: filterNetworkStateForUid() uid: 10158 networkInfo: [type: WIFI[] - WIFI, state: CONNECTED/CONNECTED, reason: (unspecified), extra: "WiFi 69", failover: false, available: true, roaming: false, metered: false]
09-02 11:55:00.714 10264 16954 I FontLog : Font PFD returned from cache for {Google Sans, wdth 100.0, wght 500, ital 0.0, bestEffort false} [CONTEXT service_id=132 ]
09-02 11:55:00.715 10264 16954 I FontLog : Fetch {Google Sans, wdth 100.0, wght 500, ital 0.0, bestEffort false} end status Status{statusCode=SUCCESS, resolution=null} [CONTEXT service_id=132 ]
09-02 11:55:00.719  7505  7526 I Finsky  : [2053] ncc.l(14): com.opera.browser: Account determined from installer data - [U-iik75Til66Sqc4rcg2VQIPTcVEABCt30QhmAx4030]
09-02 11:55:00.720  7505  7526 I Finsky  : [2053] ncc.l(61): Billing preferred account via installer for com.opera.browser: [U-iik75Til66Sqc4rcg2VQIPTcVEABCt30QhmAx4030]
09-02 11:55:00.720 10264 16954 I FontLog : Pulling font file for id = 721, cache size = 8 [CONTEXT service_id=132 ]
09-02 11:55:00.721  7505  7526 W Finsky  : [2053] hgm.i(10): Unsupported billing API version: 19
09-02 11:55:00.725  7505  7526 I Finsky  : [2053] ncc.l(14): com.opera.browser: Account determined from installer data - [U-iik75Til66Sqc4rcg2VQIPTcVEABCt30QhmAx4030]
09-02 11:55:00.726  7505  7526 I Finsky  : [2053] ncc.l(61): Billing preferred account via installer for com.opera.browser: [U-iik75Til66Sqc4rcg2VQIPTcVEABCt30QhmAx4030]
09-02 11:55:00.728  7505  7526 W Finsky  : [2053] hgm.i(10): Unsupported billing API version: 18
09-02 11:55:00.728  5204  5204 I zygote  : Deoptimizing boolean ks4.a(java.util.AbstractCollection, java.util.Iterator) due to JIT inline cache
09-02 11:55:00.730  5420  5588 W AudioCapabilities: Unsupported mime audio/mpeg-L1
09-02 11:55:00.733  7505  7526 I Finsky  : [2053] ncc.l(14): com.opera.browser: Account determined from installer data - [U-iik75Til66Sqc4rcg2VQIPTcVEABCt30QhmAx4030]
09-02 11:55:00.735  7505  7526 I Finsky  : [2053] ncc.l(61): Billing preferred account via installer for com.opera.browser: [U-iik75Til66Sqc4rcg2VQIPTcVEABCt30QhmAx4030]
09-02 11:55:00.735  5420  5588 W AudioCapabilities: Unsupported mime audio/mpeg-L2
09-02 11:55:00.744  7505  7526 I Finsky  : [2053] ncc.l(14): com.opera.browser: Account determined from installer data - [U-iik75Til66Sqc4rcg2VQIPTcVEABCt30QhmAx4030]
09-02 11:55:00.745  7505  7526 I Finsky  : [2053] ncc.l(61): Billing preferred account via installer for com.opera.browser: [U-iik75Til66Sqc4rcg2VQIPTcVEABCt30QhmAx4030]
09-02 11:55:00.750  5420  5588 W AudioCapabilities: Unsupported mime audio/x-ms-wma
09-02 11:55:00.753  5420  5588 W AudioCapabilities: Unsupported mime audio/x-ima
09-02 11:55:00.765  5420  5588 W VideoCapabilities: Unrecognized profile 2130706433 for video/avc
09-02 11:55:00.765  5420  5588 W VideoCapabilities: Unrecognized profile 2130706434 for video/avc
09-02 11:55:00.767  5420  5588 W VideoCapabilities: Unrecognized profile 2130706433 for video/avc
09-02 11:55:00.767  5420  5588 W VideoCapabilities: Unrecognized profile 2130706434 for video/avc
09-02 11:55:00.794  3979  4635 D ConnectivityService: filterNetworkStateForUid() uid: 10158 networkInfo: [type: WIFI[] - WIFI, state: CONNECTED/CONNECTED, reason: (unspecified), extra: "WiFi 69", failover: false, available: true, roaming: false, metered: false]
09-02 11:55:00.799  5420  5588 W VideoCapabilities: Unsupported mime video/wvc1
09-02 11:55:00.800  5420  5588 W VideoCapabilities: Unsupported mime video/x-ms-wmv
09-02 11:55:00.807  3614  3927 D DnsProxyListener: DNSDBG::dns addrinfo af 2
09-02 11:55:00.811  5204  5204 W ResourceType: For resource 0x7f150274, entry index(628) is beyond type entryCount(281)
09-02 11:55:00.811  5204  5204 W ResourceType: For resource 0x7f150274, entry index(628) is beyond type entryCount(281)
09-02 11:55:00.811  5204  5204 W ResourceType: For resource 0x7f1503d5, entry index(981) is beyond type entryCount(281)
09-02 11:55:00.811  5204  5204 W ResourceType: For resource 0x7f1503c0, entry index(960) is beyond type entryCount(281)
09-02 11:55:00.815  5420  5588 W VideoCapabilities: Unrecognized profile 2130706433 for video/avc
09-02 11:55:00.815  5420  5588 W VideoCapabilities: Unrecognized profile 2130706434 for video/avc
09-02 11:55:00.823  5420  5588 W VideoCapabilities: Unsupported mime video/avc-wfd
09-02 11:55:00.849  5204  5204 W ResourceType: For resource 0x7f150278, entry index(632) is beyond type entryCount(281)
09-02 11:55:00.849  5204  5204 W ResourceType: For resource 0x7f150278, entry index(632) is beyond type entryCount(281)
09-02 11:55:00.849  5204  5204 W ResourceType: For resource 0x7f15050e, entry index(1294) is beyond type entryCount(281)
09-02 11:55:00.849  5204  5204 W ResourceType: For resource 0x7f15061f, entry index(1567) is beyond type entryCount(281)
09-02 11:55:00.849  5204  5204 W ResourceType: For resource 0x7f15061f, entry index(1567) is beyond type entryCount(281)
09-02 11:55:00.849  5204  5204 W ResourceType: For resource 0x7f15058c, entry index(1420) is beyond type entryCount(281)
09-02 11:55:00.849  5204  5204 W ResourceType: For resource 0x7f150590, entry index(1424) is beyond type entryCount(281)
09-02 11:55:00.849  5204  5204 W ResourceType: For resource 0x7f15058e, entry index(1422) is beyond type entryCount(281)
09-02 11:55:00.849  5204  5204 W ResourceType: For resource 0x7f1504c3, entry index(1219) is beyond type entryCount(281)
09-02 11:55:00.850  5204  5204 W ResourceType: For resource 0x7f15059e, entry index(1438) is beyond type entryCount(281)
09-02 11:55:00.850  5204  5204 W ResourceType: For resource 0x7f150282, entry index(642) is beyond type entryCount(281)
09-02 11:55:00.850  5204  5204 W ResourceType: For resource 0x7f1504c3, entry index(1219) is beyond type entryCount(281)
09-02 11:55:00.850  5204  5204 W ResourceType: For resource 0x7f150719, entry index(1817) is beyond type entryCount(281)
09-02 11:55:00.850  5204  5204 W ResourceType: For resource 0x7f150578, entry index(1400) is beyond type entryCount(281)
09-02 11:55:00.850  5204  5204 W ResourceType: For resource 0x7f150284, entry index(644) is beyond type entryCount(281)
09-02 11:55:00.850  5204  5204 W ResourceType: For resource 0x7f150579, entry index(1401) is beyond type entryCount(281)
09-02 11:55:00.850  5204  5204 W ResourceType: For resource 0x7f1505e7, entry index(1511) is beyond type entryCount(281)
09-02 11:55:00.850  5204  5204 W ResourceType: For resource 0x7f15071e, entry index(1822) is beyond type entryCount(281)
09-02 11:55:00.850  5204  5204 I chatty  : uid=10158(u0_a158) identical 2 lines
09-02 11:55:00.850  5204  5204 W ResourceType: For resource 0x7f15071e, entry index(1822) is beyond type entryCount(281)
09-02 11:55:00.850  5204  5204 W ResourceType: For resource 0x7f150580, entry index(1408) is beyond type entryCount(281)
09-02 11:55:00.850  5204  5204 W ResourceType: For resource 0x7f15071e, entry index(1822) is beyond type entryCount(281)
09-02 11:55:00.850  5204  5204 W ResourceType: For resource 0x7f15017b, entry index(379) is beyond type entryCount(281)
09-02 11:55:00.850  5204  5204 W ResourceType: For resource 0x7f150283, entry index(643) is beyond type entryCount(281)
09-02 11:55:00.850  5204  5204 W ResourceType: For resource 0x7f1505a2, entry index(1442) is beyond type entryCount(281)
09-02 11:55:00.850  5204  5204 W ResourceType: For resource 0x7f1506f4, entry index(1780) is beyond type entryCount(281)
09-02 11:55:00.850  5204  5204 W ResourceType: For resource 0x7f150588, entry index(1416) is beyond type entryCount(281)
09-02 11:55:00.850  5204  5204 W ResourceType: For resource 0x7f15059f, entry index(1439) is beyond type entryCount(281)
09-02 11:55:00.850  5204  5204 W ResourceType: For resource 0x7f150649, entry index(1609) is beyond type entryCount(281)
09-02 11:55:00.850  5204  5204 W ResourceType: For resource 0x7f150442, entry index(1090) is beyond type entryCount(281)
09-02 11:55:00.850  5204  5204 W ResourceType: For resource 0x7f150718, entry index(1816) is beyond type entryCount(281)
09-02 11:55:00.850  5204  5204 W ResourceType: For resource 0x7f15017c, entry index(380) is beyond type entryCount(281)
09-02 11:55:00.850  5204  5204 W ResourceType: For resource 0x7f15059d, entry index(1437) is beyond type entryCount(281)
09-02 11:55:00.850  5204  5204 W ResourceType: For resource 0x7f15020a, entry index(522) is beyond type entryCount(281)
09-02 11:55:00.850  5204  5204 W ResourceType: For resource 0x7f150586, entry index(1414) is beyond type entryCount(281)
09-02 11:55:00.850  5204  5204 W ResourceType: For resource 0x7f15071c, entry index(1820) is beyond type entryCount(281)
09-02 11:55:00.850  5204  5204 W ResourceType: For resource 0x7f1502af, entry index(687) is beyond type entryCount(281)
09-02 11:55:00.850  5204  5204 W ResourceType: For resource 0x7f150274, entry index(628) is beyond type entryCount(281)
09-02 11:55:00.850  5204  5204 W ResourceType: For resource 0x7f150244, entry index(580) is beyond type entryCount(281)
09-02 11:55:00.850  5204  5204 W ResourceType: For resource 0x7f150274, entry index(628) is beyond type entryCount(281)
09-02 11:55:00.850  5204  5204 W ResourceType: For resource 0x7f150372, entry index(882) is beyond type entryCount(281)
09-02 11:55:00.850  5204  5204 W ResourceType: For resource 0x7f15035b, entry index(859) is beyond type entryCount(281)
09-02 11:55:00.850  5204  5204 W ResourceType: For resource 0x7f15035c, entry index(860) is beyond type entryCount(281)
09-02 11:55:00.850  5204  5204 W ResourceType: For resource 0x7f1502ad, entry index(685) is beyond type entryCount(281)
09-02 11:55:00.850  5204  5204 W ResourceType: For resource 0x7f150565, entry index(1381) is beyond type entryCount(281)
09-02 11:55:00.850  5204  5204 W ResourceType: For resource 0x7f150567, entry index(1383) is beyond type entryCount(281)
09-02 11:55:00.850  5204  5204 W ResourceType: For resource 0x7f150278, entry index(632) is beyond type entryCount(281)
09-02 11:55:00.850  5204  5204 I chatty  : uid=10158(u0_a158) identical 3 lines
09-02 11:55:00.851  5204  5204 W ResourceType: For resource 0x7f150278, entry index(632) is beyond type entryCount(281)
09-02 11:55:00.851  5204  5204 W ResourceType: For resource 0x7f150728, entry index(1832) is beyond type entryCount(281)
09-02 11:55:00.851  5204  5204 I chatty  : uid=10158(u0_a158) identical 6 lines
09-02 11:55:00.851  5204  5204 W ResourceType: For resource 0x7f150728, entry index(1832) is beyond type entryCount(281)
09-02 11:55:00.857  5204  5204 W ResourceType: For resource 0x7f1506f1, entry index(1777) is beyond type entryCount(281)
09-02 11:55:00.857  5204  5204 W ResourceType: For resource 0x7f1505fc, entry index(1532) is beyond type entryCount(281)
09-02 11:55:00.857  5204  5204 W ResourceType: For resource 0x7f150141, entry index(321) is beyond type entryCount(281)
09-02 11:55:00.857  5204  5204 W ResourceType: For resource 0x7f150153, entry index(339) is beyond type entryCount(281)
09-02 11:55:00.857  5204  5204 W ResourceType: For resource 0x7f1504f8, entry index(1272) is beyond type entryCount(281)
09-02 11:55:00.857  5204  5204 W ResourceType: For resource 0x7f1504f8, entry index(1272) is beyond type entryCount(281)
09-02 11:55:00.858  5204  5204 W ResourceType: For resource 0x7f150264, entry index(612) is beyond type entryCount(281)
09-02 11:55:00.858  5204  5204 W ResourceType: For resource 0x7f150264, entry index(612) is beyond type entryCount(281)
09-02 11:55:00.858  5204  5204 W ResourceType: For resource 0x7f1503cd, entry index(973) is beyond type entryCount(281)
09-02 11:55:00.858  5204  5204 W ResourceType: For resource 0x7f1503bc, entry index(956) is beyond type entryCount(281)
09-02 11:55:00.858  5204  5204 W ResourceType: For resource 0x7f150348, entry index(840) is beyond type entryCount(281)
09-02 11:55:00.859  5204  5204 W ResourceType: For resource 0x7f150264, entry index(612) is beyond type entryCount(281)
09-02 11:55:00.860  5204  5204 W ResourceType: For resource 0x7f15050e, entry index(1294) is beyond type entryCount(281)
09-02 11:55:00.860  5204  5204 W ResourceType: For resource 0x7f15061f, entry index(1567) is beyond type entryCount(281)
09-02 11:55:00.860  5204  5204 W ResourceType: For resource 0x7f15061f, entry index(1567) is beyond type entryCount(281)
09-02 11:55:00.860  5204  5204 W ResourceType: For resource 0x7f15058c, entry index(1420) is beyond type entryCount(281)
09-02 11:55:00.860  5204  5204 W ResourceType: For resource 0x7f150590, entry index(1424) is beyond type entryCount(281)
09-02 11:55:00.860  5204  5204 W ResourceType: For resource 0x7f15058e, entry index(1422) is beyond type entryCount(281)
09-02 11:55:00.860  5204  5204 W ResourceType: For resource 0x7f1504c3, entry index(1219) is beyond type entryCount(281)
09-02 11:55:00.860  5204  5204 W ResourceType: For resource 0x7f15059e, entry index(1438) is beyond type entryCount(281)
09-02 11:55:00.860  5204  5204 W ResourceType: For resource 0x7f150282, entry index(642) is beyond type entryCount(281)
09-02 11:55:00.860  5204  5204 W ResourceType: For resource 0x7f1504c3, entry index(1219) is beyond type entryCount(281)
09-02 11:55:00.860  5204  5204 W ResourceType: For resource 0x7f150719, entry index(1817) is beyond type entryCount(281)
09-02 11:55:00.860  5204  5204 W ResourceType: For resource 0x7f150578, entry index(1400) is beyond type entryCount(281)
09-02 11:55:00.860  5204  5204 W ResourceType: For resource 0x7f150284, entry index(644) is beyond type entryCount(281)
09-02 11:55:00.860  5204  5204 W ResourceType: For resource 0x7f150579, entry index(1401) is beyond type entryCount(281)
09-02 11:55:00.860  5204  5204 W ResourceType: For resource 0x7f1505e7, entry index(1511) is beyond type entryCount(281)
09-02 11:55:00.860  5204  5204 W ResourceType: For resource 0x7f15071e, entry index(1822) is beyond type entryCount(281)
09-02 11:55:00.860  5204  5204 I chatty  : uid=10158(u0_a158) identical 2 lines
09-02 11:55:00.860  5204  5204 W ResourceType: For resource 0x7f15071e, entry index(1822) is beyond type entryCount(281)
09-02 11:55:00.860  5204  5204 W ResourceType: For resource 0x7f150580, entry index(1408) is beyond type entryCount(281)
09-02 11:55:00.860  5204  5204 W ResourceType: For resource 0x7f15071e, entry index(1822) is beyond type entryCount(281)
09-02 11:55:00.860  5204  5204 W ResourceType: For resource 0x7f15017b, entry index(379) is beyond type entryCount(281)
09-02 11:55:00.860  5204  5204 W ResourceType: For resource 0x7f150283, entry index(643) is beyond type entryCount(281)
09-02 11:55:00.860  5204  5204 W ResourceType: For resource 0x7f1505a2, entry index(1442) is beyond type entryCount(281)
09-02 11:55:00.860  5204  5204 W ResourceType: For resource 0x7f1506f4, entry index(1780) is beyond type entryCount(281)
09-02 11:55:00.860  5204  5204 W ResourceType: For resource 0x7f150588, entry index(1416) is beyond type entryCount(281)
09-02 11:55:00.860  5204  5204 W ResourceType: For resource 0x7f15059f, entry index(1439) is beyond type entryCount(281)
09-02 11:55:00.860  5204  5204 W ResourceType: For resource 0x7f150649, entry index(1609) is beyond type entryCount(281)
09-02 11:55:00.860  5204  5204 W ResourceType: For resource 0x7f150442, entry index(1090) is beyond type entryCount(281)
09-02 11:55:00.860  5204  5204 W ResourceType: For resource 0x7f150718, entry index(1816) is beyond type entryCount(281)
09-02 11:55:00.860  5204  5204 W ResourceType: For resource 0x7f15017c, entry index(380) is beyond type entryCount(281)
09-02 11:55:00.860  5204  5204 W ResourceType: For resource 0x7f15059d, entry index(1437) is beyond type entryCount(281)
09-02 11:55:00.860  5204  5204 W ResourceType: For resource 0x7f15020a, entry index(522) is beyond type entryCount(281)
09-02 11:55:00.860  5204  5204 W ResourceType: For resource 0x7f150586, entry index(1414) is beyond type entryCount(281)
09-02 11:55:00.860  5204  5204 W ResourceType: For resource 0x7f15071c, entry index(1820) is beyond type entryCount(281)
09-02 11:55:00.860  5204  5204 W ResourceType: For resource 0x7f1502af, entry index(687) is beyond type entryCount(281)
09-02 11:55:00.860  5204  5204 W ResourceType: For resource 0x7f150274, entry index(628) is beyond type entryCount(281)
09-02 11:55:00.860  5204  5204 W ResourceType: For resource 0x7f150244, entry index(580) is beyond type entryCount(281)
09-02 11:55:00.860  5204  5204 W ResourceType: For resource 0x7f150274, entry index(628) is beyond type entryCount(281)
09-02 11:55:00.860  5204  5204 W ResourceType: For resource 0x7f150372, entry index(882) is beyond type entryCount(281)
09-02 11:55:00.860  5204  5204 W ResourceType: For resource 0x7f15035b, entry index(859) is beyond type entryCount(281)
09-02 11:55:00.860  5204  5204 W ResourceType: For resource 0x7f15035c, entry index(860) is beyond type entryCount(281)
09-02 11:55:00.860  5204  5204 W ResourceType: For resource 0x7f1502ad, entry index(685) is beyond type entryCount(281)
09-02 11:55:00.860  5204  5204 W ResourceType: For resource 0x7f150565, entry index(1381) is beyond type entryCount(281)
09-02 11:55:00.860  5204  5204 W ResourceType: For resource 0x7f150567, entry index(1383) is beyond type entryCount(281)
09-02 11:55:00.861  5204  5204 W ResourceType: For resource 0x7f150264, entry index(612) is beyond type entryCount(281)
09-02 11:55:00.861  5204  5204 I chatty  : uid=10158(u0_a158) identical 1 line
09-02 11:55:00.861  5204  5204 W ResourceType: For resource 0x7f150264, entry index(612) is beyond type entryCount(281)
09-02 11:55:00.863  5204  5204 W ResourceType: For resource 0x7f150314, entry index(788) is beyond type entryCount(281)
09-02 11:55:00.863  5204  5204 W ResourceType: For resource 0x7f150314, entry index(788) is beyond type entryCount(281)
09-02 11:55:00.863  5204  5204 W ResourceType: For resource 0x7f15030d, entry index(781) is beyond type entryCount(281)
09-02 11:55:00.864  5204  5204 W ResourceType: For resource 0x7f150264, entry index(612) is beyond type entryCount(281)
09-02 11:55:00.864  5204  5204 I chatty  : uid=10158(u0_a158) identical 1 line
09-02 11:55:00.864  5204  5204 W ResourceType: For resource 0x7f150264, entry index(612) is beyond type entryCount(281)
09-02 11:55:00.865  5204  5204 W ResourceType: For resource 0x7f150314, entry index(788) is beyond type entryCount(281)
09-02 11:55:00.870  5420  5588 I VideoCapabilities: Unsupported profile 4 for video/mp4v-es
09-02 11:55:00.871  5204  5204 W ResourceType: For resource 0x7f150264, entry index(612) is beyond type entryCount(281)
09-02 11:55:00.872  5204  5204 I chatty  : uid=10158(u0_a158) identical 1 line
