09-02 01:18:13.804 32044 32075 W linker  : Warning: "/data/app/~~_KLlx60MH8CoecPTjMKp8g==/com.android.chrome-kw9RHYrlHKb9bPXi8OTClw==/base.apk!/lib/arm64-v8a/libchromium_android_linker.so" unused DT entry: unknown processor-specific (type 0x70000001 arg 0x0) (ignoring)
09-02 01:18:13.807 32106 32106 E cessService0:2: Not starting debugger since process cannot load the jdwp agent.
09-02 01:18:13.808  1513  3168 D CompatibilityChangeReporter: Compat change id reported: 136274596; UID 10220; state: ENABLED
09-02 01:18:13.808 32044 32075 E cr_ChromiumAndroidLinker: ReserveAddressWithHint: Address range starting at 0x7a3874d000 was not free to use
09-02 01:18:13.810 31145 31145 E cr_IntentUtils: getBooleanExtra failed on intent null
09-02 01:18:13.810 31145 31145 E cr_IntentUtils: getBooleanExtra failed on intent null
09-02 01:18:13.814 31145 31145 I cr_tabmodel: #isIncognitoTabBeingRestored from tabDetails:  false
09-02 01:18:13.814 31145 31145 I cr_tabmodel: #isIncognitoTabBeingRestored from tabDetails:  false
09-02 01:18:13.814 31205 31205 D Zygote  : Forked child process 32130
09-02 01:18:13.814 31145 31145 W cr_tabmodel: Failed to restore TabState; creating Tab with last known URL.
09-02 01:18:13.816  1513  1625 W ActivityManager: Slow operation: 698ms so far, now at startProcess: returned from zygote!
09-02 01:18:13.818 32044 32105 I cr_LibraryLoader: Successfully loaded native library
09-02 01:18:13.818  1513  3230 D CompatibilityChangeReporter: Compat change id reported: 135634846; UID 10220; state: DISABLED
09-02 01:18:13.818  1513  3230 D CompatibilityChangeReporter: Compat change id reported: 135754954; UID 10220; state: ENABLED
09-02 01:18:13.819 32044 32105 I cr_CachingUmaRecorder: Flushed 3 samples from 3 histograms.
09-02 01:18:13.821  1513  1625 W ActivityManager: Slow operation: 703ms so far, now at startProcess: done updating battery stats
09-02 01:18:13.821  1513  1625 W ActivityManager: Slow operation: 703ms so far, now at startProcess: building log message
09-02 01:18:13.821  1513  1625 I ActivityManager: Start proc 32130:com.android.chrome:sandboxed_process0:org.chromium.content.app.SandboxedProcessService0:29/u0ai29 for  {com.android.chrome/org.chromium.content.app.SandboxedProcessService0:29}
09-02 01:18:13.821  1513  1625 W ActivityManager: Slow operation: 703ms so far, now at startProcess: starting to update pids map
09-02 01:18:13.821 32130 32130 E libc    : SetHeapTaggingLevel: re-enabling tagging after it was disabled is not supported
09-02 01:18:13.821  1513  1625 W ActivityManager: Slow operation: 703ms so far, now at startProcess: done updating pids map
09-02 01:18:13.821  1513  1625 W ActivityManager: Slow operation: 673ms so far, now at startProcess: asking zygote to start proc
09-02 01:18:13.821  1513  1625 D CompatibilityChangeReporter: Compat change id reported: 143937733; UID 10220; state: ENABLED
09-02 01:18:13.828  1513  3227 D CompatibilityChangeReporter: Compat change id reported: 136274596; UID 10220; state: ENABLED
09-02 01:18:13.830 31145 31145 E cr_IntentUtils: getBooleanExtra failed on intent null
09-02 01:18:13.831 31145 31145 E cr_IntentUtils: getBooleanExtra failed on intent null
09-02 01:18:13.833  1513  3230 D CompatibilityChangeReporter: Compat change id reported: 135634846; UID 10220; state: DISABLED
09-02 01:18:13.833  1513  3230 D CompatibilityChangeReporter: Compat change id reported: 135754954; UID 10220; state: ENABLED
09-02 01:18:13.839 31145 31145 I cr_tabmodel: #isIncognitoTabBeingRestored from tabDetails:  false
09-02 01:18:13.839 31145 31145 I cr_tabmodel: #isIncognitoTabBeingRestored from tabDetails:  false
09-02 01:18:13.839 31145 31145 W cr_tabmodel: Failed to restore TabState; creating Tab with last known URL.
09-02 01:18:13.845 32130 32130 E cessService0:2: Not starting debugger since process cannot load the jdwp agent.
09-02 01:18:13.851 32081 32081 I LoadedApk: No resource references to update in package com.google.android.trichromelibrary
09-02 01:18:13.852 32081 32081 D NetworkSecurityConfig: Using Network Security Config from resource 0_resource_name_obfuscated debugBuild: false
09-02 01:18:13.854 31145 31145 E cr_IntentUtils: getBooleanExtra failed on intent null
09-02 01:18:13.854 31145 31145 E cr_IntentUtils: getBooleanExtra failed on intent null
09-02 01:18:13.854 31205 31205 D Zygote  : Forked child process 32156
09-02 01:18:13.857 32156 32156 E libc    : SetHeapTaggingLevel: re-enabling tagging after it was disabled is not supported
09-02 01:18:13.858  1513  1625 W ActivityManager: Slow operation: 710ms so far, now at startProcess: returned from zygote!
09-02 01:18:13.859  1513  1625 W ActivityManager: Slow operation: 710ms so far, now at startProcess: done updating battery stats
09-02 01:18:13.859  1513  1625 W ActivityManager: Slow operation: 710ms so far, now at startProcess: building log message
09-02 01:18:13.859  1513  1625 I ActivityManager: Start proc 32156:com.android.chrome:sandboxed_process0:org.chromium.content.app.SandboxedProcessService0:30/u0ai30 for  {com.android.chrome/org.chromium.content.app.SandboxedProcessService0:30}
09-02 01:18:13.859  1513  1625 W ActivityManager: Slow operation: 710ms so far, now at startProcess: starting to update pids map
09-02 01:18:13.860 32156 32156 E cessService0:3: Not starting debugger since process cannot load the jdwp agent.
09-02 01:18:13.860  1513  1625 W ActivityManager: Slow operation: 711ms so far, now at startProcess: done updating pids map
09-02 01:18:13.860  1513  1625 W ActivityManager: Slow operation: 679ms so far, now at startProcess: asking zygote to start proc
09-02 01:18:13.860  1513  1625 D CompatibilityChangeReporter: Compat change id reported: 143937733; UID 10220; state: ENABLED
09-02 01:18:13.862 32081 32081 D NetworkSecurityConfig: Using Network Security Config from resource 0_resource_name_obfuscated debugBuild: false
09-02 01:18:13.862 31145 31145 I cr_tabmodel: #isIncognitoTabBeingRestored from tabDetails:  false
09-02 01:18:13.862 31145 31145 I cr_tabmodel: #isIncognitoTabBeingRestored from tabDetails:  false
09-02 01:18:13.862 31145 31145 W cr_tabmodel: Failed to restore TabState; creating Tab with last known URL.
09-02 01:18:13.863 32081 32081 I cr_SplitCompatApp: Launched version=107.0.5304.91 minSdkVersion=29 isBundle=true processName=com.android.chrome:sandboxed_process0:org.chromium.content.app.SandboxedProcessService0:27 isIsolated=true
09-02 01:18:13.873  1513  3227 D CompatibilityChangeReporter: Compat change id reported: 136274596; UID 10220; state: ENABLED
09-02 01:18:13.878 31205 31205 D Zygote  : Forked child process 32177
09-02 01:18:13.879  1513  1625 W ActivityManager: Slow operation: 697ms so far, now at startProcess: returned from zygote!
09-02 01:18:13.881 32177 32177 E libc    : SetHeapTaggingLevel: re-enabling tagging after it was disabled is not supported
09-02 01:18:13.884  1513  9003 D CompatibilityChangeReporter: Compat change id reported: 135634846; UID 10220; state: DISABLED
09-02 01:18:13.884  1513  9003 D CompatibilityChangeReporter: Compat change id reported: 135754954; UID 10220; state: ENABLED
09-02 01:18:13.884 31145 31145 E cr_IntentUtils: getBooleanExtra failed on intent null
09-02 01:18:13.884 31145 31145 E cr_IntentUtils: getBooleanExtra failed on intent null
09-02 01:18:13.885  1513  1625 W ActivityManager: Slow operation: 703ms so far, now at startProcess: done updating battery stats
09-02 01:18:13.885  1513  1625 W ActivityManager: Slow operation: 703ms so far, now at startProcess: building log message
09-02 01:18:13.885  1513  1625 I ActivityManager: Start proc 32177:com.android.chrome:sandboxed_process0:org.chromium.content.app.SandboxedProcessService0:31/u0ai31 for  {com.android.chrome/org.chromium.content.app.SandboxedProcessService0:31}
09-02 01:18:13.885  1513  1625 W ActivityManager: Slow operation: 703ms so far, now at startProcess: starting to update pids map
09-02 01:18:13.885  1513  1625 W ActivityManager: Slow operation: 703ms so far, now at startProcess: done updating pids map
09-02 01:18:13.885  1513  1625 W ActivityManager: Slow operation: 669ms so far, now at startProcess: asking zygote to start proc
09-02 01:18:13.885  1513  1625 D CompatibilityChangeReporter: Compat change id reported: 143937733; UID 10220; state: ENABLED
09-02 01:18:13.885 32081 32081 W SystemServiceRegistry: No service published for: uimode
09-02 01:18:13.886 32106 32106 I LoadedApk: No resource references to update in package com.google.android.trichromelibrary
09-02 01:18:13.886 32106 32106 D NetworkSecurityConfig: Using Network Security Config from resource 0_resource_name_obfuscated debugBuild: false
09-02 01:18:13.888 32106 32106 D NetworkSecurityConfig: Using Network Security Config from resource 0_resource_name_obfuscated debugBuild: false
09-02 01:18:13.889 32106 32106 I cr_SplitCompatApp: Launched version=107.0.5304.91 minSdkVersion=29 isBundle=true processName=com.android.chrome:sandboxed_process0:org.chromium.content.app.SandboxedProcessService0:28 isIsolated=true
09-02 01:18:13.890  1513  9003 D CompatibilityChangeReporter: Compat change id reported: 136274596; UID 10220; state: ENABLED
09-02 01:18:13.890 32177 32177 E cessService0:3: Not starting debugger since process cannot load the jdwp agent.
09-02 01:18:13.891 31145 31145 I cr_tabmodel: #isIncognitoTabBeingRestored from tabDetails:  false
09-02 01:18:13.891 31145 31145 I cr_tabmodel: #isIncognitoTabBeingRestored from tabDetails:  false
09-02 01:18:13.891 31145 31145 W cr_tabmodel: Failed to restore TabState; creating Tab with last known URL.
09-02 01:18:13.901 32081 32081 I cr_ChildProcessService: Creating new ChildProcessService pid=32081
09-02 01:18:13.906 32081 32138 I cr_LibraryLoader: Using ModernLinker
09-02 01:18:13.907 32081 32138 W linker  : Warning: "/data/app/~~_KLlx60MH8CoecPTjMKp8g==/com.android.chrome-kw9RHYrlHKb9bPXi8OTClw==/base.apk!/lib/arm64-v8a/libchromium_android_linker.so" unused DT entry: unknown processor-specific (type 0x70000001 arg 0x0) (ignoring)
09-02 01:18:13.908 32081 32138 E cr_ChromiumAndroidLinker: ReserveAddressWithHint: Address range starting at 0x7a3874d000 was not free to use
09-02 01:18:13.908  1513  3227 D CompatibilityChangeReporter: Compat change id reported: 136274596; UID 10220; state: ENABLED
09-02 01:18:13.911 32106 32106 W SystemServiceRegistry: No service published for: uimode
09-02 01:18:13.914 31145 31145 E cr_IntentUtils: getBooleanExtra failed on intent null
09-02 01:18:13.914 31145 31145 E cr_IntentUtils: getBooleanExtra failed on intent null
09-02 01:18:13.916  1513  9003 D CompatibilityChangeReporter: Compat change id reported: 135634846; UID 10220; state: DISABLED
09-02 01:18:13.916  1513  9003 D CompatibilityChangeReporter: Compat change id reported: 135754954; UID 10220; state: ENABLED
09-02 01:18:13.918 32081 32196 I cr_LibraryLoader: Successfully loaded native library
09-02 01:18:13.920 32081 32196 I cr_CachingUmaRecorder: Flushed 3 samples from 3 histograms.
09-02 01:18:13.922 32106 32106 I cr_ChildProcessService: Creating new ChildProcessService pid=32106
09-02 01:18:13.922 32130 32130 I LoadedApk: No resource references to update in package com.google.android.trichromelibrary
09-02 01:18:13.922 32130 32130 D NetworkSecurityConfig: Using Network Security Config from resource 0_resource_name_obfuscated debugBuild: false
09-02 01:18:13.923 31145 31145 I cr_tabmodel: #isIncognitoTabBeingRestored from tabDetails:  false
09-02 01:18:13.923 31145 31145 I cr_tabmodel: #isIncognitoTabBeingRestored from tabDetails:  false
09-02 01:18:13.923 31145 31145 W cr_tabmodel: Failed to restore TabState; creating Tab with last known URL.
09-02 01:18:13.924 31205 31205 D Zygote  : Forked child process 32200
09-02 01:18:13.927 32200 32200 E libc    : SetHeapTaggingLevel: re-enabling tagging after it was disabled is not supported
09-02 01:18:13.928 32130 32130 D NetworkSecurityConfig: Using Network Security Config from resource 0_resource_name_obfuscated debugBuild: false
09-02 01:18:13.929  1513  1625 W ActivityManager: Slow operation: 713ms so far, now at startProcess: returned from zygote!
09-02 01:18:13.929  1513  1625 W ActivityManager: Slow operation: 714ms so far, now at startProcess: done updating battery stats
09-02 01:18:13.929  1513  1625 W ActivityManager: Slow operation: 714ms so far, now at startProcess: building log message
09-02 01:18:13.929  1513  1625 I ActivityManager: Start proc 32200:com.android.chrome:sandboxed_process0:org.chromium.content.app.SandboxedProcessService0:32/u0ai32 for  {com.android.chrome/org.chromium.content.app.SandboxedProcessService0:32}
09-02 01:18:13.929  1513  1625 W ActivityManager: Slow operation: 714ms so far, now at startProcess: starting to update pids map
09-02 01:18:13.929 32200 32200 E cessService0:3: Not starting debugger since process cannot load the jdwp agent.
09-02 01:18:13.929  1513  1625 W ActivityManager: Slow operation: 714ms so far, now at startProcess: done updating pids map
09-02 01:18:13.929  1513  1625 W ActivityManager: Slow operation: 692ms so far, now at startProcess: asking zygote to start proc
09-02 01:18:13.930  1513  1625 D CompatibilityChangeReporter: Compat change id reported: 143937733; UID 10220; state: ENABLED
09-02 01:18:13.930 32130 32130 I cr_SplitCompatApp: Launched version=107.0.5304.91 minSdkVersion=29 isBundle=true processName=com.android.chrome:sandboxed_process0:org.chromium.content.app.SandboxedProcessService0:29 isIsolated=true
09-02 01:18:13.932 32106 32144 I cr_LibraryLoader: Using ModernLinker
09-02 01:18:13.934 32106 32144 W linker  : Warning: "/data/app/~~_KLlx60MH8CoecPTjMKp8g==/com.android.chrome-kw9RHYrlHKb9bPXi8OTClw==/base.apk!/lib/arm64-v8a/libchromium_android_linker.so" unused DT entry: unknown processor-specific (type 0x70000001 arg 0x0) (ignoring)
09-02 01:18:13.935 32106 32144 E cr_ChromiumAndroidLinker: ReserveAddressWithHint: Address range starting at 0x7a3874d000 was not free to use
09-02 01:18:13.940 31145 31145 E cr_IntentUtils: getBooleanExtra failed on intent null
09-02 01:18:13.940 31145 31145 E cr_IntentUtils: getBooleanExtra failed on intent null
09-02 01:18:13.944 32156 32156 I LoadedApk: No resource references to update in package com.google.android.trichromelibrary
09-02 01:18:13.944 32156 32156 D NetworkSecurityConfig: Using Network Security Config from resource 0_resource_name_obfuscated debugBuild: false
09-02 01:18:13.944 31145 31145 I cr_tabmodel: #isIncognitoTabBeingRestored from tabDetails:  false
09-02 01:18:13.944 31145 31145 I cr_tabmodel: #isIncognitoTabBeingRestored from tabDetails:  false
09-02 01:18:13.944 31145 31145 W cr_tabmodel: Failed to restore TabState; creating Tab with last known URL.
09-02 01:18:13.945 32156 32156 D NetworkSecurityConfig: Using Network Security Config from resource 0_resource_name_obfuscated debugBuild: false
09-02 01:18:13.945  1513  3227 D CompatibilityChangeReporter: Compat change id reported: 136274596; UID 10220; state: ENABLED
09-02 01:18:13.947 32156 32156 I cr_SplitCompatApp: Launched version=107.0.5304.91 minSdkVersion=29 isBundle=true processName=com.android.chrome:sandboxed_process0:org.chromium.content.app.SandboxedProcessService0:30 isIsolated=true
09-02 01:18:13.953  1513  8503 D CompatibilityChangeReporter: Compat change id reported: 135634846; UID 10220; state: DISABLED
09-02 01:18:13.954  1513  8503 D CompatibilityChangeReporter: Compat change id reported: 135754954; UID 10220; state: ENABLED
09-02 01:18:13.955 31145 31145 E cr_IntentUtils: getBooleanExtra failed on intent null
09-02 01:18:13.955 31145 31145 E cr_IntentUtils: getBooleanExtra failed on intent null
09-02 01:18:13.958 32156 32156 W SystemServiceRegistry: No service published for: uimode
09-02 01:18:13.959 32130 32130 W SystemServiceRegistry: No service published for: uimode
09-02 01:18:13.959 31145 31145 I cr_tabmodel: #isIncognitoTabBeingRestored from tabDetails:  false
09-02 01:18:13.959 31145 31145 I cr_tabmodel: #isIncognitoTabBeingRestored from tabDetails:  false
09-02 01:18:13.960 31145 31145 W cr_tabmodel: Failed to restore TabState; creating Tab with last known URL.
09-02 01:18:13.960 32106 32199 I cr_LibraryLoader: Successfully loaded native library
09-02 01:18:13.960 32177 32177 I LoadedApk: No resource references to update in package com.google.android.trichromelibrary
09-02 01:18:13.960 32177 32177 D NetworkSecurityConfig: Using Network Security Config from resource 0_resource_name_obfuscated debugBuild: false
09-02 01:18:13.961 32177 32177 D NetworkSecurityConfig: Using Network Security Config from resource 0_resource_name_obfuscated debugBuild: false
09-02 01:18:13.963 32177 32177 I cr_SplitCompatApp: Launched version=107.0.5304.91 minSdkVersion=29 isBundle=true processName=com.android.chrome:sandboxed_process0:org.chromium.content.app.SandboxedProcessService0:31 isIsolated=true
09-02 01:18:13.964 32156 32156 I cr_ChildProcessService: Creating new ChildProcessService pid=32156
09-02 01:18:13.967 32130 32130 I cr_ChildProcessService: Creating new ChildProcessService pid=32130
09-02 01:18:13.971 32106 32199 I cr_CachingUmaRecorder: Flushed 3 samples from 3 histograms.
09-02 01:18:13.973 31145 31145 E cr_IntentUtils: getBooleanExtra failed on intent null
09-02 01:18:13.973 31145 31145 E cr_IntentUtils: getBooleanExtra failed on intent null
09-02 01:18:13.973 32156 32175 I cr_LibraryLoader: Using ModernLinker
09-02 01:18:13.975 31205 31205 D Zygote  : Forked child process 32227
09-02 01:18:13.977 32177 32177 W SystemServiceRegistry: No service published for: uimode
09-02 01:18:13.977 31145 31145 I cr_tabmodel: #isIncognitoTabBeingRestored from tabDetails:  false
09-02 01:18:13.977 31145 31145 I cr_tabmodel: #isIncognitoTabBeingRestored from tabDetails:  false
09-02 01:18:13.978 31145 31145 W cr_tabmodel: Failed to restore TabState; creating Tab with last known URL.
09-02 01:18:13.978 32156 32175 W linker  : Warning: "/data/app/~~_KLlx60MH8CoecPTjMKp8g==/com.android.chrome-kw9RHYrlHKb9bPXi8OTClw==/base.apk!/lib/arm64-v8a/libchromium_android_linker.so" unused DT entry: unknown processor-specific (type 0x70000001 arg 0x0) (ignoring)
09-02 01:18:13.979 32227 32227 E libc    : SetHeapTaggingLevel: re-enabling tagging after it was disabled is not supported
09-02 01:18:13.979 32156 32175 E cr_ChromiumAndroidLinker: ReserveAddressWithHint: Address range starting at 0x7a3874d000 was not free to use
09-02 01:18:13.984  1513  1625 W ActivityManager: Slow operation: 747ms so far, now at startProcess: returned from zygote!
09-02 01:18:13.985  1513  1625 W ActivityManager: Slow operation: 747ms so far, now at startProcess: done updating battery stats
09-02 01:18:13.985  1513  1625 W ActivityManager: Slow operation: 747ms so far, now at startProcess: building log message
09-02 01:18:13.985  1513  1625 I ActivityManager: Start proc 32227:com.android.chrome:sandboxed_process0:org.chromium.content.app.SandboxedProcessService0:33/u0ai33 for  {com.android.chrome/org.chromium.content.app.SandboxedProcessService0:33}
09-02 01:18:13.985  1513  1625 W ActivityManager: Slow operation: 747ms so far, now at startProcess: starting to update pids map
09-02 01:18:13.985  1513  1625 W ActivityManager: Slow operation: 748ms so far, now at startProcess: done updating pids map
09-02 01:18:13.985  1513  1625 W ActivityManager: Slow operation: 714ms so far, now at startProcess: asking zygote to start proc
09-02 01:18:13.985  1513  1625 D CompatibilityChangeReporter: Compat change id reported: 143937733; UID 10220; state: ENABLED
09-02 01:18:13.986 32177 32177 I cr_ChildProcessService: Creating new ChildProcessService pid=32177
09-02 01:18:13.988 31145 31145 E cr_IntentUtils: getBooleanExtra failed on intent null
09-02 01:18:13.988 31145 31145 E cr_IntentUtils: getBooleanExtra failed on intent null
09-02 01:18:13.990 32130 32176 I cr_LibraryLoader: Using ModernLinker
09-02 01:18:13.992 32156 32224 I cr_LibraryLoader: Successfully loaded native library
09-02 01:18:13.992 32200 32200 I LoadedApk: No resource references to update in package com.google.android.trichromelibrary
09-02 01:18:13.992 32200 32200 D NetworkSecurityConfig: Using Network Security Config from resource 0_resource_name_obfuscated debugBuild: false
09-02 01:18:13.993 32200 32200 D NetworkSecurityConfig: Using Network Security Config from resource 0_resource_name_obfuscated debugBuild: false
09-02 01:18:13.994 31145 31145 I cr_tabmodel: #isIncognitoTabBeingRestored from tabDetails:  false
09-02 01:18:13.994 32156 32224 I cr_CachingUmaRecorder: Flushed 3 samples from 3 histograms.
09-02 01:18:13.994 31145 31145 I cr_tabmodel: #isIncognitoTabBeingRestored from tabDetails:  false
09-02 01:18:13.995 31145 31145 W cr_tabmodel: Failed to restore TabState; creating Tab with last known URL.
09-02 01:18:13.995 32200 32200 I cr_SplitCompatApp: Launched version=107.0.5304.91 minSdkVersion=29 isBundle=true processName=com.android.chrome:sandboxed_process0:org.chromium.content.app.SandboxedProcessService0:32 isIsolated=true
09-02 01:18:13.996 32130 32176 W linker  : Warning: "/data/app/~~_KLlx60MH8CoecPTjMKp8g==/com.android.chrome-kw9RHYrlHKb9bPXi8OTClw==/base.apk!/lib/arm64-v8a/libchromium_android_linker.so" unused DT entry: unknown processor-specific (type 0x70000001 arg 0x0) (ignoring)
09-02 01:18:13.997 32130 32176 E cr_ChromiumAndroidLinker: ReserveAddressWithHint: Address range starting at 0x7a3874d000 was not free to use
09-02 01:18:14.008 32130 32225 I cr_LibraryLoader: Successfully loaded native library
09-02 01:18:14.008 32130 32225 I cr_CachingUmaRecorder: Flushed 3 samples from 3 histograms.
09-02 01:18:14.016 31145 31145 E cr_IntentUtils: getBooleanExtra failed on intent null
09-02 01:18:14.016 31145 31145 E cr_IntentUtils: getBooleanExtra failed on intent null
09-02 01:18:14.022 32200 32200 W SystemServiceRegistry: No service published for: uimode
09-02 01:18:14.025 31145 31145 I cr_tabmodel: #isIncognitoTabBeingRestored from tabDetails:  false
09-02 01:18:14.025 31145 31145 I cr_tabmodel: #isIncognitoTabBeingRestored from tabDetails:  false
09-02 01:18:14.026 31145 31145 W cr_tabmodel: Failed to restore TabState; creating Tab with last known URL.
09-02 01:18:14.028 32200 32200 I cr_ChildProcessService: Creating new ChildProcessService pid=32200
09-02 01:18:14.029 32227 32227 E cessService0:3: Not starting debugger since process cannot load the jdwp agent.
09-02 01:18:14.040 31205 31205 D Zygote  : Forked child process 32265
09-02 01:18:14.043 31145 31145 E cr_IntentUtils: getBooleanExtra failed on intent null
09-02 01:18:14.043 31145 31145 E cr_IntentUtils: getBooleanExtra failed on intent null
09-02 01:18:14.044 32265 32265 E libc    : SetHeapTaggingLevel: re-enabling tagging after it was disabled is not supported
09-02 01:18:14.047  1513  8503 D CompatibilityChangeReporter: Compat change id reported: 136274596; UID 10220; state: ENABLED
09-02 01:18:14.050 31145 31145 E cr_BTSPrefs: No data found for task id: 53
09-02 01:18:14.050 31145 31145 E cr_BkgrdTaskScheduler: Task cannot be canceled because no data was found instorage or data was invalid
09-02 01:18:14.052 31145 31145 I cr_tabmodel: #isIncognitoTabBeingRestored from tabDetails:  false
09-02 01:18:14.052 31145 31145 I cr_tabmodel: #isIncognitoTabBeingRestored from tabDetails:  false
09-02 01:18:14.052  1513  9003 D CompatibilityChangeReporter: Compat change id reported: 135634846; UID 10220; state: DISABLED
09-02 01:18:14.052 31145 31145 W cr_tabmodel: Failed to restore TabState; creating Tab with last known URL.
09-02 01:18:14.052  1513  9003 D CompatibilityChangeReporter: Compat change id reported: 135754954; UID 10220; state: ENABLED
09-02 01:18:14.058 32265 32265 E cessService0:3: Not starting debugger since process cannot load the jdwp agent.
09-02 01:18:14.064 32177 32198 I cr_LibraryLoader: Using ModernLinker
09-02 01:18:14.065 32177 32198 W linker  : Warning: "/data/app/~~_KLlx60MH8CoecPTjMKp8g==/com.android.chrome-kw9RHYrlHKb9bPXi8OTClw==/base.apk!/lib/arm64-v8a/libchromium_android_linker.so" unused DT entry: unknown processor-specific (type 0x70000001 arg 0x0) (ignoring)
09-02 01:18:14.066 32177 32198 E cr_ChromiumAndroidLinker: ReserveAddressWithHint: Address range starting at 0x7a3874d000 was not free to use
09-02 01:18:14.066 31145 31145 E cr_IntentUtils: getBooleanExtra failed on intent null
09-02 01:18:14.066 31145 31145 E cr_IntentUtils: getBooleanExtra failed on intent null
09-02 01:18:14.067  1513  1625 W ActivityManager: Slow operation: 795ms so far, now at startProcess: returned from zygote!
09-02 01:18:14.067  1513  1625 W ActivityManager: Slow operation: 795ms so far, now at startProcess: done updating battery stats
09-02 01:18:14.067  1513  1625 W ActivityManager: Slow operation: 796ms so far, now at startProcess: building log message
09-02 01:18:14.067  1513  1625 I ActivityManager: Start proc 32265:com.android.chrome:sandboxed_process0:org.chromium.content.app.SandboxedProcessService0:34/u0ai34 for  {com.android.chrome/org.chromium.content.app.SandboxedProcessService0:34}
09-02 01:18:14.067  1513  1625 W ActivityManager: Slow operation: 796ms so far, now at startProcess: starting to update pids map
09-02 01:18:14.068  1513  1625 W ActivityManager: Slow operation: 796ms so far, now at startProcess: done updating pids map
09-02 01:18:14.068  1513  1625 W ActivityManager: Slow operation: 748ms so far, now at startProcess: asking zygote to start proc
09-02 01:18:14.068  1513  1625 D CompatibilityChangeReporter: Compat change id reported: 143937733; UID 10220; state: ENABLED
09-02 01:18:14.071 32227 32227 I LoadedApk: No resource references to update in package com.google.android.trichromelibrary
09-02 01:18:14.071 32227 32227 D NetworkSecurityConfig: Using Network Security Config from resource 0_resource_name_obfuscated debugBuild: false
09-02 01:18:14.072 32227 32227 D NetworkSecurityConfig: Using Network Security Config from resource 0_resource_name_obfuscated debugBuild: false
09-02 01:18:14.073 32177 32237 I cr_LibraryLoader: Successfully loaded native library
09-02 01:18:14.074  1513  3227 D CompatibilityChangeReporter: Compat change id reported: 136274596; UID 10220; state: ENABLED
09-02 01:18:14.074 32227 32227 I cr_SplitCompatApp: Launched version=107.0.5304.91 minSdkVersion=29 isBundle=true processName=com.android.chrome:sandboxed_process0:org.chromium.content.app.SandboxedProcessService0:33 isIsolated=true
09-02 01:18:14.074 31145 31145 I cr_tabmodel: #isIncognitoTabBeingRestored from tabDetails:  false
09-02 01:18:14.074 31145 31145 I cr_tabmodel: #isIncognitoTabBeingRestored from tabDetails:  false
09-02 01:18:14.074 31145 31145 W cr_tabmodel: Failed to restore TabState; creating Tab with last known URL.
09-02 01:18:14.074 32177 32237 I cr_CachingUmaRecorder: Flushed 3 samples from 3 histograms.
09-02 01:18:14.088  1513  3227 D CompatibilityChangeReporter: Compat change id reported: 135634846; UID 10220; state: DISABLED
09-02 01:18:14.088  1513  3227 D CompatibilityChangeReporter: Compat change id reported: 135754954; UID 10220; state: ENABLED
09-02 01:18:14.089 31145 31145 E cr_IntentUtils: getBooleanExtra failed on intent null
09-02 01:18:14.089 31145 31145 E cr_IntentUtils: getBooleanExtra failed on intent null
09-02 01:18:14.092 32227 32227 W SystemServiceRegistry: No service published for: uimode
09-02 01:18:14.096 31145 31145 I cr_tabmodel: #isIncognitoTabBeingRestored from tabDetails:  false
09-02 01:18:14.096 31145 31145 I cr_tabmodel: #isIncognitoTabBeingRestored from tabDetails:  false
09-02 01:18:14.096 31145 31145 W cr_tabmodel: Failed to restore TabState; creating Tab with last known URL.
09-02 01:18:14.097 32227 32227 I cr_ChildProcessService: Creating new ChildProcessService pid=32227
09-02 01:18:14.099 32265 32265 I LoadedApk: No resource references to update in package com.google.android.trichromelibrary
09-02 01:18:14.100 32265 32265 D NetworkSecurityConfig: Using Network Security Config from resource 0_resource_name_obfuscated debugBuild: false
09-02 01:18:14.101 32265 32265 D NetworkSecurityConfig: Using Network Security Config from resource 0_resource_name_obfuscated debugBuild: false
09-02 01:18:14.102 32265 32265 I cr_SplitCompatApp: Launched version=107.0.5304.91 minSdkVersion=29 isBundle=true processName=com.android.chrome:sandboxed_process0:org.chromium.content.app.SandboxedProcessService0:34 isIsolated=true
09-02 01:18:14.113 31145 31145 E cr_IntentUtils: getBooleanExtra failed on intent null
09-02 01:18:14.113 31145 31145 E cr_IntentUtils: getBooleanExtra failed on intent null
09-02 01:18:14.117 31205 31205 D Zygote  : Forked child process 32306
09-02 01:18:14.119 32265 32265 W SystemServiceRegistry: No service published for: uimode
09-02 01:18:14.121 32200 32223 I cr_LibraryLoader: Using ModernLinker
09-02 01:18:14.122 32200 32223 W linker  : Warning: "/data/app/~~_KLlx60MH8CoecPTjMKp8g==/com.android.chrome-kw9RHYrlHKb9bPXi8OTClw==/base.apk!/lib/arm64-v8a/libchromium_android_linker.so" unused DT entry: unknown processor-specific (type 0x70000001 arg 0x0) (ignoring)
09-02 01:18:14.122 32200 32223 E cr_ChromiumAndroidLinker: ReserveAddressWithHint: Address range starting at 0x7a3874d000 was not free to use
09-02 01:18:14.125 32227 32277 I cr_LibraryLoader: Using ModernLinker
09-02 01:18:14.127 32227 32277 W linker  : Warning: "/data/app/~~_KLlx60MH8CoecPTjMKp8g==/com.android.chrome-kw9RHYrlHKb9bPXi8OTClw==/base.apk!/lib/arm64-v8a/libchromium_android_linker.so" unused DT entry: unknown processor-specific (type 0x70000001 arg 0x0) (ignoring)
09-02 01:18:14.128 32227 32277 E cr_ChromiumAndroidLinker: ReserveAddressWithHint: Address range starting at 0x7a3874d000 was not free to use
09-02 01:18:14.129 32265 32265 I cr_ChildProcessService: Creating new ChildProcessService pid=32265
09-02 01:18:14.129 32306 32306 E libc    : SetHeapTaggingLevel: re-enabling tagging after it was disabled is not supported
09-02 01:18:14.131 31145 31145 I cr_tabmodel: #isIncognitoTabBeingRestored from tabDetails:  false
09-02 01:18:14.131 31145 31145 I cr_tabmodel: #isIncognitoTabBeingRestored from tabDetails:  false
09-02 01:18:14.131 31145 31145 W cr_tabmodel: Failed to restore TabState; creating Tab with last known URL.
09-02 01:18:14.132  1513  1625 W ActivityManager: Slow operation: 813ms so far, now at startProcess: returned from zygote!
09-02 01:18:14.133  1513  1625 W ActivityManager: Slow operation: 813ms so far, now at startProcess: done updating battery stats
09-02 01:18:14.133  1513  1625 W ActivityManager: Slow operation: 813ms so far, now at startProcess: building log message
09-02 01:18:14.133  1513  1625 I ActivityManager: Start proc 32306:com.android.chrome:sandboxed_process0:org.chromium.content.app.SandboxedProcessService0:35/u0ai35 for  {com.android.chrome/org.chromium.content.app.SandboxedProcessService0:35}
09-02 01:18:14.133  1513  1625 W ActivityManager: Slow operation: 813ms so far, now at startProcess: starting to update pids map
09-02 01:18:14.133  1513  1625 W ActivityManager: Slow operation: 814ms so far, now at startProcess: done updating pids map
09-02 01:18:14.133  1513  1625 W ActivityManager: Slow operation: 790ms so far, now at startProcess: asking zygote to start proc
09-02 01:18:14.133  1513  1625 D CompatibilityChangeReporter: Compat change id reported: 143937733; UID 10220; state: ENABLED
09-02 01:18:14.134 32200 32255 I cr_LibraryLoader: Successfully loaded native library
09-02 01:18:14.135 32200 32255 I cr_CachingUmaRecorder: Flushed 3 samples from 3 histograms.
09-02 01:18:14.138 32306 32306 E cessService0:3: Not starting debugger since process cannot load the jdwp agent.
09-02 01:18:14.141 32227 32298 I cr_LibraryLoader: Successfully loaded native library
09-02 01:18:14.142 31145 31145 E cr_IntentUtils: getBooleanExtra failed on intent null
09-02 01:18:14.143 31145 31145 E cr_IntentUtils: getBooleanExtra failed on intent null
09-02 01:18:14.143 32227 32298 I cr_CachingUmaRecorder: Flushed 3 samples from 3 histograms.
09-02 01:18:14.148 31145 31145 I cr_tabmodel: #isIncognitoTabBeingRestored from tabDetails:  false
09-02 01:18:14.148 31145 31145 I cr_tabmodel: #isIncognitoTabBeingRestored from tabDetails:  false
09-02 01:18:14.148 31145 31145 W cr_tabmodel: Failed to restore TabState; creating Tab with last known URL.
09-02 01:18:14.158 31145 31145 E cr_IntentUtils: getBooleanExtra failed on intent null
09-02 01:18:14.158 31145 31145 E cr_IntentUtils: getBooleanExtra failed on intent null
09-02 01:18:14.162 31205 31205 D Zygote  : Forked child process 32331
09-02 01:18:14.164  1513  1625 W ActivityManager: Slow operation: 821ms so far, now at startProcess: returned from zygote!
09-02 01:18:14.164 31145 31145 I cr_tabmodel: #isIncognitoTabBeingRestored from tabDetails:  false
09-02 01:18:14.164 31145 31145 I cr_tabmodel: #isIncognitoTabBeingRestored from tabDetails:  false
09-02 01:18:14.164  1513  1625 W ActivityManager: Slow operation: 821ms so far, now at startProcess: done updating battery stats
09-02 01:18:14.164 31145 31145 W cr_tabmodel: Failed to restore TabState; creating Tab with last known URL.
09-02 01:18:14.164  1513  1625 W ActivityManager: Slow operation: 821ms so far, now at startProcess: building log message
09-02 01:18:14.164  1513  1625 I ActivityManager: Start proc 32331:com.android.chrome:sandboxed_process0:org.chromium.content.app.SandboxedProcessService0:36/u0ai36 for  {com.android.chrome/org.chromium.content.app.SandboxedProcessService0:36}
09-02 01:18:14.164  1513  1625 W ActivityManager: Slow operation: 821ms so far, now at startProcess: starting to update pids map
09-02 01:18:14.166  1513  1625 W ActivityManager: Slow operation: 822ms so far, now at startProcess: done updating pids map
09-02 01:18:14.166  1513  1625 W ActivityManager: Slow operation: 805ms so far, now at startProcess: asking zygote to start proc
09-02 01:18:14.179 31145 31145 E cr_IntentUtils: getBooleanExtra failed on intent null
09-02 01:18:14.179 31145 31145 E cr_IntentUtils: getBooleanExtra failed on intent null
09-02 01:18:14.180 32331 32331 E libc    : SetHeapTaggingLevel: re-enabling tagging after it was disabled is not supported
09-02 01:18:14.187 31145 31145 I cr_tabmodel: #isIncognitoTabBeingRestored from tabDetails:  false
09-02 01:18:14.187 31145 31145 I cr_tabmodel: #isIncognitoTabBeingRestored from tabDetails:  false
09-02 01:18:14.187 31145 31145 W cr_tabmodel: Failed to restore TabState; creating Tab with last known URL.
09-02 01:18:14.193 32331 32331 E cessService0:3: Not starting debugger since process cannot load the jdwp agent.
09-02 01:18:14.201 31145 31145 E cr_IntentUtils: getBooleanExtra failed on intent null
09-02 01:18:14.201 31145 31145 E cr_IntentUtils: getBooleanExtra failed on intent null
09-02 01:18:14.203  1513  3227 D CompatibilityChangeReporter: Compat change id reported: 136274596; UID 10220; state: ENABLED
09-02 01:18:14.207 31145 31145 I cr_tabmodel: #isIncognitoTabBeingRestored from tabDetails:  false
09-02 01:18:14.207 31145 31145 I cr_tabmodel: #isIncognitoTabBeingRestored from tabDetails:  false
09-02 01:18:14.207 31145 31145 W cr_tabmodel: Failed to restore TabState; creating Tab with last known URL.
09-02 01:18:14.209  1513  8503 D CompatibilityChangeReporter: Compat change id reported: 136274596; UID 10220; state: ENABLED
09-02 01:18:14.217  1513  3230 D CompatibilityChangeReporter: Compat change id reported: 135634846; UID 10220; state: DISABLED
09-02 01:18:14.217  1513  3230 D CompatibilityChangeReporter: Compat change id reported: 135754954; UID 10220; state: ENABLED
09-02 01:18:14.224 31145 31145 E cr_IntentUtils: getBooleanExtra failed on intent null
09-02 01:18:14.224 31145 31145 E cr_IntentUtils: getBooleanExtra failed on intent null
09-02 01:18:14.227 32306 32306 I LoadedApk: No resource references to update in package com.google.android.trichromelibrary
09-02 01:18:14.227 32306 32306 D NetworkSecurityConfig: Using Network Security Config from resource 0_resource_name_obfuscated debugBuild: false
09-02 01:18:14.229 32306 32306 D NetworkSecurityConfig: Using Network Security Config from resource 0_resource_name_obfuscated debugBuild: false
09-02 01:18:14.233 31145 31145 I cr_tabmodel: #isIncognitoTabBeingRestored from tabDetails:  false
09-02 01:18:14.233 31145 31145 I cr_tabmodel: #isIncognitoTabBeingRestored from tabDetails:  false
09-02 01:18:14.233 31145 31145 W cr_tabmodel: Failed to restore TabState; creating Tab with last known URL.
09-02 01:18:14.234 32306 32306 I cr_SplitCompatApp: Launched version=107.0.5304.91 minSdkVersion=29 isBundle=true processName=com.android.chrome:sandboxed_process0:org.chromium.content.app.SandboxedProcessService0:35 isIsolated=true
09-02 01:18:14.234 32265 32293 I cr_LibraryLoader: Using ModernLinker
09-02 01:18:14.236 32265 32293 W linker  : Warning: "/data/app/~~_KLlx60MH8CoecPTjMKp8g==/com.android.chrome-kw9RHYrlHKb9bPXi8OTClw==/base.apk!/lib/arm64-v8a/libchromium_android_linker.so" unused DT entry: unknown processor-specific (type 0x70000001 arg 0x0) (ignoring)
09-02 01:18:14.236 32265 32293 E cr_ChromiumAndroidLinker: ReserveAddressWithHint: Address range starting at 0x7a3874d000 was not free to use
09-02 01:18:14.248 31145 31145 E cr_IntentUtils: getBooleanExtra failed on intent null
09-02 01:18:14.248 31145 31145 E cr_IntentUtils: getBooleanExtra failed on intent null
09-02 01:18:14.248 32265 32321 I cr_LibraryLoader: Successfully loaded native library
09-02 01:18:14.250 32265 32321 I cr_CachingUmaRecorder: Flushed 3 samples from 3 histograms.
09-02 01:18:14.252 32306 32306 W SystemServiceRegistry: No service published for: uimode
09-02 01:18:14.253 31145 31145 I cr_tabmodel: #isIncognitoTabBeingRestored from tabDetails:  false
09-02 01:18:14.253 31145 31145 I cr_tabmodel: #isIncognitoTabBeingRestored from tabDetails:  false
09-02 01:18:14.253 31145 31145 W cr_tabmodel: Failed to restore TabState; creating Tab with last known URL.
09-02 01:18:14.262 32306 32306 I cr_ChildProcessService: Creating new ChildProcessService pid=32306
09-02 01:18:14.265 32331 32331 I LoadedApk: No resource references to update in package com.google.android.trichromelibrary
09-02 01:18:14.265 32331 32331 D NetworkSecurityConfig: Using Network Security Config from resource 0_resource_name_obfuscated debugBuild: false
09-02 01:18:14.266 32331 32331 D NetworkSecurityConfig: Using Network Security Config from resource 0_resource_name_obfuscated debugBuild: false
09-02 01:18:14.267 31145 31145 E cr_IntentUtils: getBooleanExtra failed on intent null
09-02 01:18:14.267 31145 31145 E cr_IntentUtils: getBooleanExtra failed on intent null
09-02 01:18:14.267 32331 32331 I cr_SplitCompatApp: Launched version=107.0.5304.91 minSdkVersion=29 isBundle=true processName=com.android.chrome:sandboxed_process0:org.chromium.content.app.SandboxedProcessService0:36 isIsolated=true
09-02 01:18:14.274 31145 31145 I cr_tabmodel: #isIncognitoTabBeingRestored from tabDetails:  false
09-02 01:18:14.274 31145 31145 I cr_tabmodel: #isIncognitoTabBeingRestored from tabDetails:  false
09-02 01:18:14.274 31145 31145 W cr_tabmodel: Failed to restore TabState; creating Tab with last known URL.
09-02 01:18:14.281 32331 32331 W SystemServiceRegistry: No service published for: uimode
09-02 01:18:14.285 32306 32362 I cr_LibraryLoader: Using ModernLinker
09-02 01:18:14.287 32331 32331 I cr_ChildProcessService: Creating new ChildProcessService pid=32331
09-02 01:18:14.287 32306 32362 W linker  : Warning: "/data/app/~~_KLlx60MH8CoecPTjMKp8g==/com.android.chrome-kw9RHYrlHKb9bPXi8OTClw==/base.apk!/lib/arm64-v8a/libchromium_android_linker.so" unused DT entry: unknown processor-specific (type 0x70000001 arg 0x0) (ignoring)
09-02 01:18:14.291 31145 31145 E cr_IntentUtils: getBooleanExtra failed on intent null
09-02 01:18:14.291 31145 31145 E cr_IntentUtils: getBooleanExtra failed on intent null
09-02 01:18:14.295 32306 32362 E cr_ChromiumAndroidLinker: ReserveAddressWithHint: Address range starting at 0x7a3874d000 was not free to use
09-02 01:18:14.296 31145 31145 I cr_tabmodel: #isIncognitoTabBeingRestored from tabDetails:  false
09-02 01:18:14.296 31145 31145 I cr_tabmodel: #isIncognitoTabBeingRestored from tabDetails:  false
09-02 01:18:14.296 31145 31145 W cr_tabmodel: Failed to restore TabState; creating Tab with last known URL.
09-02 01:18:14.297 31205 31205 D Zygote  : Forked child process 32380
09-02 01:18:14.298   901  1000 D VSC     : @ 55480.749: [WO] tilt angle 87
09-02 01:18:14.298  1513  1625 W ActivityManager: Slow operation: 938ms so far, now at startProcess: returned from zygote!
09-02 01:18:14.299  1513  1625 W ActivityManager: Slow operation: 938ms so far, now at startProcess: done updating battery stats
09-02 01:18:14.299  1513  1625 W ActivityManager: Slow operation: 938ms so far, now at startProcess: building log message
09-02 01:18:14.299  1513  1625 I ActivityManager: Start proc 32380:com.android.chrome:sandboxed_process0:org.chromium.content.app.SandboxedProcessService0:37/u0ai37 for  {com.android.chrome/org.chromium.content.app.SandboxedProcessService0:37}
09-02 01:18:14.299  1513  1625 W ActivityManager: Slow operation: 938ms so far, now at startProcess: starting to update pids map
09-02 01:18:14.299  1513  1625 W ActivityManager: Slow operation: 939ms so far, now at startProcess: done updating pids map
09-02 01:18:14.299  1513  1625 W ActivityManager: Slow operation: 926ms so far, now at startProcess: asking zygote to start proc
09-02 01:18:14.301  1513  1625 D CompatibilityChangeReporter: Compat change id reported: 143937733; UID 10220; state: ENABLED
09-02 01:18:14.309 32306 32368 I cr_LibraryLoader: Successfully loaded native library
09-02 01:18:14.311 32331 32361 I cr_LibraryLoader: Using ModernLinker
09-02 01:18:14.312 32331 32361 W linker  : Warning: "/data/app/~~_KLlx60MH8CoecPTjMKp8g==/com.android.chrome-kw9RHYrlHKb9bPXi8OTClw==/base.apk!/lib/arm64-v8a/libchromium_android_linker.so" unused DT entry: unknown processor-specific (type 0x70000001 arg 0x0) (ignoring)
09-02 01:18:14.312 32331 32361 E cr_ChromiumAndroidLinker: ReserveAddressWithHint: Address range starting at 0x7a3874d000 was not free to use
09-02 01:18:14.313 32306 32368 I cr_CachingUmaRecorder: Flushed 3 samples from 3 histograms.
09-02 01:18:14.315 31145 31145 E cr_IntentUtils: getBooleanExtra failed on intent null
09-02 01:18:14.315 31145 31145 E cr_IntentUtils: getBooleanExtra failed on intent null
09-02 01:18:14.321 32331 32378 I cr_LibraryLoader: Successfully loaded native library
09-02 01:18:14.322 32331 32378 I cr_CachingUmaRecorder: Flushed 3 samples from 3 histograms.
09-02 01:18:14.324 31145 31145 I cr_tabmodel: #isIncognitoTabBeingRestored from tabDetails:  false
09-02 01:18:14.324 31145 31145 I cr_tabmodel: #isIncognitoTabBeingRestored from tabDetails:  false
09-02 01:18:14.325 31145 31145 W cr_tabmodel: Failed to restore TabState; creating Tab with last known URL.
09-02 01:18:14.329 32380 32380 E libc    : SetHeapTaggingLevel: re-enabling tagging after it was disabled is not supported
09-02 01:18:14.339 31145 31145 E cr_IntentUtils: getBooleanExtra failed on intent null
09-02 01:18:14.339 31145 31145 E cr_IntentUtils: getBooleanExtra failed on intent null
09-02 01:18:14.345 31145 31145 I cr_tabmodel: #isIncognitoTabBeingRestored from tabDetails:  false
09-02 01:18:14.345 31145 31145 I cr_tabmodel: #isIncognitoTabBeingRestored from tabDetails:  false
09-02 01:18:14.345 31145 31145 W cr_tabmodel: Failed to restore TabState; creating Tab with last known URL.
09-02 01:18:14.358 31145 31145 E cr_IntentUtils: getBooleanExtra failed on intent null
09-02 01:18:14.358 31145 31145 E cr_IntentUtils: getBooleanExtra failed on intent null
09-02 01:18:14.362 32380 32380 E cessService0:3: Not starting debugger since process cannot load the jdwp agent.
09-02 01:18:14.364 31145 31145 I cr_tabmodel: #isIncognitoTabBeingRestored from tabDetails:  false
09-02 01:18:14.365 31145 31145 I cr_tabmodel: #isIncognitoTabBeingRestored from tabDetails:  false
09-02 01:18:14.365 31145 31145 W cr_tabmodel: Failed to restore TabState; creating Tab with last known URL.
09-02 01:18:14.381  1513  3230 D CompatibilityChangeReporter: Compat change id reported: 136274596; UID 10220; state: ENABLED
09-02 01:18:14.381 31145 31145 E cr_IntentUtils: getBooleanExtra failed on intent null
09-02 01:18:14.381 31145 31145 E cr_IntentUtils: getBooleanExtra failed on intent null
09-02 01:18:14.386 31205 31205 D Zygote  : Forked child process 32420
09-02 01:18:14.387  1513  1625 W ActivityManager: Slow operation: 1013ms so far, now at startProcess: returned from zygote!
09-02 01:18:14.387  1513  1625 W ActivityManager: Slow operation: 1013ms so far, now at startProcess: done updating battery stats
09-02 01:18:14.387  1513  1625 W ActivityManager: Slow operation: 1013ms so far, now at startProcess: building log message
09-02 01:18:14.387  1513  1625 I ActivityManager: Start proc 32420:com.android.chrome:sandboxed_process0:org.chromium.content.app.SandboxedProcessService0:38/u0ai38 for  {com.android.chrome/org.chromium.content.app.SandboxedProcessService0:38}
09-02 01:18:14.387  1513  1625 W ActivityManager: Slow operation: 1013ms so far, now at startProcess: starting to update pids map
09-02 01:18:14.387  1513  1625 W ActivityManager: Slow operation: 1013ms so far, now at startProcess: done updating pids map
09-02 01:18:14.387  1513  1625 W ActivityManager: Slow operation: 990ms so far, now at startProcess: asking zygote to start proc
09-02 01:18:14.387  1513  1625 D CompatibilityChangeReporter: Compat change id reported: 143937733; UID 10220; state: ENABLED
09-02 01:18:14.388 31145 31145 I cr_tabmodel: #isIncognitoTabBeingRestored from tabDetails:  false
09-02 01:18:14.388 31145 31145 I cr_tabmodel: #isIncognitoTabBeingRestored from tabDetails:  false
09-02 01:18:14.388 31145 31145 W cr_tabmodel: Failed to restore TabState; creating Tab with last known URL.
09-02 01:18:14.393 32420 32420 E libc    : SetHeapTaggingLevel: re-enabling tagging after it was disabled is not supported
09-02 01:18:14.398  1513  8503 D CompatibilityChangeReporter: Compat change id reported: 135634846; UID 10220; state: DISABLED
09-02 01:18:14.398  1513  8503 D CompatibilityChangeReporter: Compat change id reported: 135754954; UID 10220; state: ENABLED
09-02 01:18:14.406 31145 31145 E cr_IntentUtils: getBooleanExtra failed on intent null
09-02 01:18:14.406 31145 31145 E cr_IntentUtils: getBooleanExtra failed on intent null
09-02 01:18:14.407 32420 32420 E cessService0:3: Not starting debugger since process cannot load the jdwp agent.
09-02 01:18:14.414 31145 31145 I cr_tabmodel: #isIncognitoTabBeingRestored from tabDetails:  false
09-02 01:18:14.414 31145 31145 I cr_tabmodel: #isIncognitoTabBeingRestored from tabDetails:  false
09-02 01:18:14.414 31145 31145 W cr_tabmodel: Failed to restore TabState; creating Tab with last known URL.
09-02 01:18:14.433 31145 31145 E cr_IntentUtils: getBooleanExtra failed on intent null
09-02 01:18:14.433 31145 31145 E cr_IntentUtils: getBooleanExtra failed on intent null
09-02 01:18:14.438 32380 32380 I LoadedApk: No resource references to update in package com.google.android.trichromelibrary
09-02 01:18:14.438 32380 32380 D NetworkSecurityConfig: Using Network Security Config from resource 0_resource_name_obfuscated debugBuild: false
09-02 01:18:14.440 32380 32380 D NetworkSecurityConfig: Using Network Security Config from resource 0_resource_name_obfuscated debugBuild: false
09-02 01:18:14.441 31145 31145 I cr_tabmodel: #isIncognitoTabBeingRestored from tabDetails:  false
09-02 01:18:14.441 31145 31145 I cr_tabmodel: #isIncognitoTabBeingRestored from tabDetails:  false
09-02 01:18:14.441 31145 31145 W cr_tabmodel: Failed to restore TabState; creating Tab with last known URL.
09-02 01:18:14.443 31205 31205 D Zygote  : Forked child process 32442
09-02 01:18:14.444  1513  1625 W ActivityManager: Slow operation: 1046ms so far, now at startProcess: returned from zygote!
09-02 01:18:14.448 32380 32380 I cr_SplitCompatApp: Launched version=107.0.5304.91 minSdkVersion=29 isBundle=true processName=com.android.chrome:sandboxed_process0:org.chromium.content.app.SandboxedProcessService0:37 isIsolated=true
09-02 01:18:14.453  1513  9003 D CompatibilityChangeReporter: Compat change id reported: 136274596; UID 10220; state: ENABLED
09-02 01:18:14.457 31145 31145 E cr_IntentUtils: getBooleanExtra failed on intent null
09-02 01:18:14.457 31145 31145 E cr_IntentUtils: getBooleanExtra failed on intent null
09-02 01:18:14.459  1513  1625 W ActivityManager: Slow operation: 1062ms so far, now at startProcess: done updating battery stats
09-02 01:18:14.459  1513  1625 W ActivityManager: Slow operation: 1062ms so far, now at startProcess: building log message
09-02 01:18:14.459  1513  1625 I ActivityManager: Start proc 32442:com.android.chrome:sandboxed_process0:org.chromium.content.app.SandboxedProcessService0:39/u0ai39 for  {com.android.chrome/org.chromium.content.app.SandboxedProcessService0:39}
09-02 01:18:14.459  1513  1625 W ActivityManager: Slow operation: 1062ms so far, now at startProcess: starting to update pids map
09-02 01:18:14.460  1513  1625 W ActivityManager: Slow operation: 1062ms so far, now at startProcess: done updating pids map
09-02 01:18:14.460  1513  1625 W ActivityManager: Slow operation: 1001ms so far, now at startProcess: asking zygote to start proc
09-02 01:18:14.460  1513  1625 D CompatibilityChangeReporter: Compat change id reported: 143937733; UID 10220; state: ENABLED
09-02 01:18:14.460  1513  3230 D CompatibilityChangeReporter: Compat change id reported: 135634846; UID 10220; state: DISABLED
09-02 01:18:14.460  1513  3230 D CompatibilityChangeReporter: Compat change id reported: 135754954; UID 10220; state: ENABLED
09-02 01:18:14.465 32380 32380 W SystemServiceRegistry: No service published for: uimode
09-02 01:18:14.465 32442 32442 E libc    : SetHeapTaggingLevel: re-enabling tagging after it was disabled is not supported
09-02 01:18:14.465 31145 31145 I cr_tabmodel: #isIncognitoTabBeingRestored from tabDetails:  false
