09-02 01:15:08.936  1513  3240 D CompatibilityChangeReporter: Compat change id reported: 136274596; UID 10220; state: ENABLED
09-02 01:15:08.937 26169 26169 D NetworkSecurityConfig: Using Network Security Config from resource 0_resource_name_obfuscated debugBuild: false
09-02 01:15:08.938 26211 26211 I LoadedApk: No resource references to update in package com.google.android.trichromelibrary
09-02 01:15:08.938 26211 26211 D NetworkSecurityConfig: Using Network Security Config from resource 0_resource_name_obfuscated debugBuild: false
09-02 01:15:08.939 26191 26191 I LoadedApk: No resource references to update in package com.google.android.trichromelibrary
09-02 01:15:08.939 26191 26191 D NetworkSecurityConfig: Using Network Security Config from resource 0_resource_name_obfuscated debugBuild: false
09-02 01:15:08.939 26211 26211 D NetworkSecurityConfig: Using Network Security Config from resource 0_resource_name_obfuscated debugBuild: false
09-02 01:15:08.939 26191 26191 D NetworkSecurityConfig: Using Network Security Config from resource 0_resource_name_obfuscated debugBuild: false
09-02 01:15:08.940 26191 26191 I cr_SplitCompatApp: Launched version=107.0.5304.91 minSdkVersion=29 isBundle=true processName=com.android.chrome:sandboxed_process0:org.chromium.content.app.SandboxedProcessService0:67 isIsolated=true
09-02 01:15:08.940 26211 26211 I cr_SplitCompatApp: Launched version=107.0.5304.91 minSdkVersion=29 isBundle=true processName=com.android.chrome:sandboxed_process0:org.chromium.content.app.SandboxedProcessService0:68 isIsolated=true
09-02 01:15:08.941 26230 26230 I LoadedApk: No resource references to update in package com.google.android.trichromelibrary
09-02 01:15:08.941 26230 26230 D NetworkSecurityConfig: Using Network Security Config from resource 0_resource_name_obfuscated debugBuild: false
09-02 01:15:08.941 26169 26169 I cr_SplitCompatApp: Launched version=107.0.5304.91 minSdkVersion=29 isBundle=true processName=com.android.chrome:sandboxed_process0:org.chromium.content.app.SandboxedProcessService0:66 isIsolated=true
09-02 01:15:08.944 24328 24328 D Zygote  : Forked child process 26290
09-02 01:15:08.945 26126 26160 I cr_LibraryLoader: Using ModernLinker
09-02 01:15:08.945  1513  1625 W ActivityManager: Slow operation: 1115ms so far, now at startProcess: returned from zygote!
09-02 01:15:08.945  1513  1625 W ActivityManager: Slow operation: 1115ms so far, now at startProcess: done updating battery stats
09-02 01:15:08.945  1513  1625 W ActivityManager: Slow operation: 1115ms so far, now at startProcess: building log message
09-02 01:15:08.946  1513  1625 I ActivityManager: Start proc 26290:com.android.chrome:sandboxed_process0:org.chromium.content.app.SandboxedProcessService0:71/u0ai71 for  {com.android.chrome/org.chromium.content.app.SandboxedProcessService0:71}
09-02 01:15:08.946  1513  1625 W ActivityManager: Slow operation: 1115ms so far, now at startProcess: starting to update pids map
09-02 01:15:08.946  1513  1625 W ActivityManager: Slow operation: 1115ms so far, now at startProcess: done updating pids map
09-02 01:15:08.946  1513  1625 W ActivityManager: Slow operation: 1096ms so far, now at startProcess: asking zygote to start proc
09-02 01:15:08.946 26126 26160 W linker  : Warning: "/data/app/~~_KLlx60MH8CoecPTjMKp8g==/com.android.chrome-kw9RHYrlHKb9bPXi8OTClw==/base.apk!/lib/arm64-v8a/libchromium_android_linker.so" unused DT entry: unknown processor-specific (type 0x70000001 arg 0x0) (ignoring)
09-02 01:15:08.946  1513  1625 D CompatibilityChangeReporter: Compat change id reported: 143937733; UID 10220; state: ENABLED
09-02 01:15:08.946 26126 26160 E cr_ChromiumAndroidLinker: ReserveAddressWithHint: Address range starting at 0x7a38760000 was not free to use
09-02 01:15:08.947 26230 26230 D NetworkSecurityConfig: Using Network Security Config from resource 0_resource_name_obfuscated debugBuild: false
09-02 01:15:08.948 26230 26230 I cr_SplitCompatApp: Launched version=107.0.5304.91 minSdkVersion=29 isBundle=true processName=com.android.chrome:sandboxed_process0:org.chromium.content.app.SandboxedProcessService0:69 isIsolated=true
09-02 01:15:08.951 26151 26205 I cr_LibraryLoader: Using ModernLinker
09-02 01:15:08.954 26126 26287 I cr_LibraryLoader: Successfully loaded native library
09-02 01:15:08.955 26169 26169 W SystemServiceRegistry: No service published for: uimode
09-02 01:15:08.955 26126 26287 I cr_CachingUmaRecorder: Flushed 3 samples from 3 histograms.
09-02 01:15:08.956 26151 26205 W linker  : Warning: "/data/app/~~_KLlx60MH8CoecPTjMKp8g==/com.android.chrome-kw9RHYrlHKb9bPXi8OTClw==/base.apk!/lib/arm64-v8a/libchromium_android_linker.so" unused DT entry: unknown processor-specific (type 0x70000001 arg 0x0) (ignoring)
09-02 01:15:08.957 26151 26205 E cr_ChromiumAndroidLinker: ReserveAddressWithHint: Address range starting at 0x7a38760000 was not free to use
09-02 01:15:08.957 26290 26290 E libc    : SetHeapTaggingLevel: re-enabling tagging after it was disabled is not supported
09-02 01:15:08.959 26211 26211 W SystemServiceRegistry: No service published for: uimode
09-02 01:15:08.960 26151 26288 I cr_LibraryLoader: Successfully loaded native library
09-02 01:15:08.961 26151 26288 I cr_CachingUmaRecorder: Flushed 3 samples from 3 histograms.
09-02 01:15:08.962 26230 26230 W SystemServiceRegistry: No service published for: uimode
09-02 01:15:08.962 26191 26191 W SystemServiceRegistry: No service published for: uimode
09-02 01:15:08.963 26211 26211 I cr_ChildProcessService: Creating new ChildProcessService pid=26211
09-02 01:15:08.965 26290 26290 E cessService0:7: Not starting debugger since process cannot load the jdwp agent.
09-02 01:15:08.967 26230 26230 I cr_ChildProcessService: Creating new ChildProcessService pid=26230
09-02 01:15:08.967 26191 26191 I cr_ChildProcessService: Creating new ChildProcessService pid=26191
09-02 01:15:08.968 26211 26227 I cr_LibraryLoader: Using ModernLinker
09-02 01:15:08.972 26211 26227 W linker  : Warning: "/data/app/~~_KLlx60MH8CoecPTjMKp8g==/com.android.chrome-kw9RHYrlHKb9bPXi8OTClw==/base.apk!/lib/arm64-v8a/libchromium_android_linker.so" unused DT entry: unknown processor-specific (type 0x70000001 arg 0x0) (ignoring)
09-02 01:15:08.973  1513  2570 D CompatibilityChangeReporter: Compat change id reported: 136274596; UID 10220; state: ENABLED
09-02 01:15:08.973 26211 26227 E cr_ChromiumAndroidLinker: ReserveAddressWithHint: Address range starting at 0x7a38760000 was not free to use
09-02 01:15:08.975 26261 26261 I LoadedApk: No resource references to update in package com.google.android.trichromelibrary
09-02 01:15:08.976 26261 26261 D NetworkSecurityConfig: Using Network Security Config from resource 0_resource_name_obfuscated debugBuild: false
09-02 01:15:08.977 26211 26297 I cr_LibraryLoader: Successfully loaded native library
09-02 01:15:08.977 26261 26261 D NetworkSecurityConfig: Using Network Security Config from resource 0_resource_name_obfuscated debugBuild: false
09-02 01:15:08.977 26211 26297 I cr_CachingUmaRecorder: Flushed 3 samples from 3 histograms.
09-02 01:15:08.978 26191 26236 I cr_LibraryLoader: Using ModernLinker
09-02 01:15:08.978 26261 26261 I cr_SplitCompatApp: Launched version=107.0.5304.91 minSdkVersion=29 isBundle=true processName=com.android.chrome:sandboxed_process0:org.chromium.content.app.SandboxedProcessService0:70 isIsolated=true
09-02 01:15:08.980 26230 26268 I cr_LibraryLoader: Using ModernLinker
09-02 01:15:08.982 26230 26268 W linker  : Warning: "/data/app/~~_KLlx60MH8CoecPTjMKp8g==/com.android.chrome-kw9RHYrlHKb9bPXi8OTClw==/base.apk!/lib/arm64-v8a/libchromium_android_linker.so" unused DT entry: unknown processor-specific (type 0x70000001 arg 0x0) (ignoring)
09-02 01:15:08.983 26230 26268 E cr_ChromiumAndroidLinker: ReserveAddressWithHint: Address range starting at 0x7a38760000 was not free to use
09-02 01:15:08.985 24328 24328 D Zygote  : Forked child process 26317
09-02 01:15:08.987  1513  1625 W ActivityManager: Slow operation: 1137ms so far, now at startProcess: returned from zygote!
09-02 01:15:08.987  1513  1625 W ActivityManager: Slow operation: 1137ms so far, now at startProcess: done updating battery stats
09-02 01:15:08.987  1513  1625 W ActivityManager: Slow operation: 1137ms so far, now at startProcess: building log message
09-02 01:15:08.988  1513  1625 I ActivityManager: Start proc 26317:com.android.chrome:sandboxed_process0:org.chromium.content.app.SandboxedProcessService0:72/u0ai72 for  {com.android.chrome/org.chromium.content.app.SandboxedProcessService0:72}
09-02 01:15:08.988  1513  1625 W ActivityManager: Slow operation: 1137ms so far, now at startProcess: starting to update pids map
09-02 01:15:08.988  1513  1625 W ActivityManager: Slow operation: 1137ms so far, now at startProcess: done updating pids map
09-02 01:15:08.988  1513  1625 W ActivityManager: Slow operation: 1115ms so far, now at startProcess: asking zygote to start proc
09-02 01:15:08.988  1513  1625 D CompatibilityChangeReporter: Compat change id reported: 143937733; UID 10220; state: ENABLED
09-02 01:15:08.990 26169 26169 I cr_ChildProcessService: Creating new ChildProcessService pid=26169
09-02 01:15:08.992 26191 26236 W linker  : Warning: "/data/app/~~_KLlx60MH8CoecPTjMKp8g==/com.android.chrome-kw9RHYrlHKb9bPXi8OTClw==/base.apk!/lib/arm64-v8a/libchromium_android_linker.so" unused DT entry: unknown processor-specific (type 0x70000001 arg 0x0) (ignoring)
09-02 01:15:08.993 26191 26236 E cr_ChromiumAndroidLinker: ReserveAddressWithHint: Address range starting at 0x7a38760000 was not free to use
09-02 01:15:08.996 26261 26261 W SystemServiceRegistry: No service published for: uimode
09-02 01:15:08.999 26169 26204 I cr_LibraryLoader: Using ModernLinker
09-02 01:15:09.000 26169 26204 W linker  : Warning: "/data/app/~~_KLlx60MH8CoecPTjMKp8g==/com.android.chrome-kw9RHYrlHKb9bPXi8OTClw==/base.apk!/lib/arm64-v8a/libchromium_android_linker.so" unused DT entry: unknown processor-specific (type 0x70000001 arg 0x0) (ignoring)
09-02 01:15:09.001 26261 26261 I cr_ChildProcessService: Creating new ChildProcessService pid=26261
09-02 01:15:09.002 26230 26308 I cr_LibraryLoader: Successfully loaded native library
09-02 01:15:09.004 26317 26317 E libc    : SetHeapTaggingLevel: re-enabling tagging after it was disabled is not supported
09-02 01:15:09.006 26191 26309 I cr_LibraryLoader: Successfully loaded native library
09-02 01:15:09.007 26191 26309 I cr_CachingUmaRecorder: Flushed 3 samples from 3 histograms.
09-02 01:15:09.008 26317 26317 E cessService0:7: Not starting debugger since process cannot load the jdwp agent.
09-02 01:15:09.008 26230 26308 I cr_CachingUmaRecorder: Flushed 3 samples from 3 histograms.
09-02 01:15:09.008 26261 26289 I cr_LibraryLoader: Using ModernLinker
09-02 01:15:09.009 26261 26289 W linker  : Warning: "/data/app/~~_KLlx60MH8CoecPTjMKp8g==/com.android.chrome-kw9RHYrlHKb9bPXi8OTClw==/base.apk!/lib/arm64-v8a/libchromium_android_linker.so" unused DT entry: unknown processor-specific (type 0x70000001 arg 0x0) (ignoring)
09-02 01:15:09.009 26261 26289 E cr_ChromiumAndroidLinker: ReserveAddressWithHint: Address range starting at 0x7a38760000 was not free to use
09-02 01:15:09.011 26290 26290 I LoadedApk: No resource references to update in package com.google.android.trichromelibrary
09-02 01:15:09.011 26290 26290 D NetworkSecurityConfig: Using Network Security Config from resource 0_resource_name_obfuscated debugBuild: false
09-02 01:15:09.012 26290 26290 D NetworkSecurityConfig: Using Network Security Config from resource 0_resource_name_obfuscated debugBuild: false
09-02 01:15:09.013 26290 26290 I cr_SplitCompatApp: Launched version=107.0.5304.91 minSdkVersion=29 isBundle=true processName=com.android.chrome:sandboxed_process0:org.chromium.content.app.SandboxedProcessService0:71 isIsolated=true
09-02 01:15:09.015 26261 26342 I cr_LibraryLoader: Successfully loaded native library
09-02 01:15:09.016 26261 26342 I cr_CachingUmaRecorder: Flushed 3 samples from 3 histograms.
09-02 01:15:09.021  1513  2570 D CompatibilityChangeReporter: Compat change id reported: 136274596; UID 10220; state: ENABLED
09-02 01:15:09.026 26290 26290 W SystemServiceRegistry: No service published for: uimode
09-02 01:15:09.028 26169 26329 I cr_LibraryLoader: Successfully loaded native library
09-02 01:15:09.028 26290 26290 I cr_ChildProcessService: Creating new ChildProcessService pid=26290
09-02 01:15:09.032 24328 24328 D Zygote  : Forked child process 26364
09-02 01:15:09.034  1513  1625 W ActivityManager: Slow operation: 1161ms so far, now at startProcess: returned from zygote!
09-02 01:15:09.034  1513  1625 W ActivityManager: Slow operation: 1161ms so far, now at startProcess: done updating battery stats
09-02 01:15:09.034  1513  1625 W ActivityManager: Slow operation: 1162ms so far, now at startProcess: building log message
09-02 01:15:09.034  1513  1625 I ActivityManager: Start proc 26364:com.android.chrome:sandboxed_process0:org.chromium.content.app.SandboxedProcessService0:73/u0ai73 for  {com.android.chrome/org.chromium.content.app.SandboxedProcessService0:73}
09-02 01:15:09.034  1513  1625 W ActivityManager: Slow operation: 1162ms so far, now at startProcess: starting to update pids map
09-02 01:15:09.034  1513  1625 W ActivityManager: Slow operation: 1162ms so far, now at startProcess: done updating pids map
09-02 01:15:09.034  1513  1625 W ActivityManager: Slow operation: 1131ms so far, now at startProcess: asking zygote to start proc
09-02 01:15:09.034 26364 26364 E libc    : SetHeapTaggingLevel: re-enabling tagging after it was disabled is not supported
09-02 01:15:09.034  1513  1625 D CompatibilityChangeReporter: Compat change id reported: 143937733; UID 10220; state: ENABLED
09-02 01:15:09.034 26290 26310 I cr_LibraryLoader: Using ModernLinker
09-02 01:15:09.037 26290 26310 W linker  : Warning: "/data/app/~~_KLlx60MH8CoecPTjMKp8g==/com.android.chrome-kw9RHYrlHKb9bPXi8OTClw==/base.apk!/lib/arm64-v8a/libchromium_android_linker.so" unused DT entry: unknown processor-specific (type 0x70000001 arg 0x0) (ignoring)
09-02 01:15:09.037 26317 26317 I LoadedApk: No resource references to update in package com.google.android.trichromelibrary
09-02 01:15:09.037 26317 26317 D NetworkSecurityConfig: Using Network Security Config from resource 0_resource_name_obfuscated debugBuild: false
09-02 01:15:09.038 26290 26310 E cr_ChromiumAndroidLinker: ReserveAddressWithHint: Address range starting at 0x7a38760000 was not free to use
09-02 01:15:09.040 26317 26317 D NetworkSecurityConfig: Using Network Security Config from resource 0_resource_name_obfuscated debugBuild: false
09-02 01:15:09.041 26290 26363 I cr_LibraryLoader: Successfully loaded native library
09-02 01:15:09.041 26317 26317 I cr_SplitCompatApp: Launched version=107.0.5304.91 minSdkVersion=29 isBundle=true processName=com.android.chrome:sandboxed_process0:org.chromium.content.app.SandboxedProcessService0:72 isIsolated=true
09-02 01:15:09.041 26290 26363 I cr_CachingUmaRecorder: Flushed 3 samples from 3 histograms.
09-02 01:15:09.044 26364 26364 E cessService0:7: Not starting debugger since process cannot load the jdwp agent.
09-02 01:15:09.052 24328 24328 D Zygote  : Forked child process 26391
09-02 01:15:09.053  1513  3240 D CompatibilityChangeReporter: Compat change id reported: 136274596; UID 10220; state: ENABLED
09-02 01:15:09.053 26391 26391 E libc    : SetHeapTaggingLevel: re-enabling tagging after it was disabled is not supported
09-02 01:15:09.054 26317 26317 W SystemServiceRegistry: No service published for: uimode
09-02 01:15:09.058  1513  1625 W ActivityManager: Slow operation: 1155ms so far, now at startProcess: returned from zygote!
09-02 01:15:09.059 26391 26391 E cessService0:7: Not starting debugger since process cannot load the jdwp agent.
09-02 01:15:09.059  1513  1625 W ActivityManager: Slow operation: 1155ms so far, now at startProcess: done updating battery stats
09-02 01:15:09.059  1513  1625 W ActivityManager: Slow operation: 1155ms so far, now at startProcess: building log message
09-02 01:15:09.059  1513  1625 I ActivityManager: Start proc 26391:com.android.chrome:sandboxed_process0:org.chromium.content.app.SandboxedProcessService0:74/u0ai74 for  {com.android.chrome/org.chromium.content.app.SandboxedProcessService0:74}
09-02 01:15:09.059  1513  1625 W ActivityManager: Slow operation: 1156ms so far, now at startProcess: starting to update pids map
09-02 01:15:09.059  1513  1625 W ActivityManager: Slow operation: 1156ms so far, now at startProcess: done updating pids map
09-02 01:15:09.059  1513  1625 W ActivityManager: Slow operation: 1144ms so far, now at startProcess: asking zygote to start proc
09-02 01:15:09.059  1513  1625 D CompatibilityChangeReporter: Compat change id reported: 143937733; UID 10220; state: ENABLED
09-02 01:15:09.059 26317 26317 I cr_ChildProcessService: Creating new ChildProcessService pid=26317
09-02 01:15:09.063 26317 26361 I cr_LibraryLoader: Using ModernLinker
09-02 01:15:09.064 26317 26361 W linker  : Warning: "/data/app/~~_KLlx60MH8CoecPTjMKp8g==/com.android.chrome-kw9RHYrlHKb9bPXi8OTClw==/base.apk!/lib/arm64-v8a/libchromium_android_linker.so" unused DT entry: unknown processor-specific (type 0x70000001 arg 0x0) (ignoring)
09-02 01:15:09.065 26317 26361 E cr_ChromiumAndroidLinker: ReserveAddressWithHint: Address range starting at 0x7a38760000 was not free to use
09-02 01:15:09.065  1513  3240 D CompatibilityChangeReporter: Compat change id reported: 136274596; UID 10220; state: ENABLED
09-02 01:15:09.069 26317 26407 I cr_LibraryLoader: Successfully loaded native library
09-02 01:15:09.070 26317 26407 I cr_CachingUmaRecorder: Flushed 3 samples from 3 histograms.
09-02 01:15:09.074 24328 24328 D Zygote  : Forked child process 26411
09-02 01:15:09.076 26411 26411 E libc    : SetHeapTaggingLevel: re-enabling tagging after it was disabled is not supported
09-02 01:15:09.076  1513  1625 W ActivityManager: Slow operation: 1161ms so far, now at startProcess: returned from zygote!
09-02 01:15:09.077  1513  1625 W ActivityManager: Slow operation: 1161ms so far, now at startProcess: done updating battery stats
09-02 01:15:09.077  1513  1625 W ActivityManager: Slow operation: 1161ms so far, now at startProcess: building log message
09-02 01:15:09.077  1513  1625 I ActivityManager: Start proc 26411:com.android.chrome:sandboxed_process0:org.chromium.content.app.SandboxedProcessService0:75/u0ai75 for  {com.android.chrome/org.chromium.content.app.SandboxedProcessService0:75}
09-02 01:15:09.077  1513  1625 W ActivityManager: Slow operation: 1161ms so far, now at startProcess: starting to update pids map
09-02 01:15:09.077  1513  1625 W ActivityManager: Slow operation: 1161ms so far, now at startProcess: done updating pids map
09-02 01:15:09.077  1513  1625 W ActivityManager: Slow operation: 1139ms so far, now at startProcess: asking zygote to start proc
09-02 01:15:09.077  1513  1625 D CompatibilityChangeReporter: Compat change id reported: 143937733; UID 10220; state: ENABLED
09-02 01:15:09.078 26364 26364 I LoadedApk: No resource references to update in package com.google.android.trichromelibrary
09-02 01:15:09.078 26364 26364 D NetworkSecurityConfig: Using Network Security Config from resource 0_resource_name_obfuscated debugBuild: false
09-02 01:15:09.079 26364 26364 D NetworkSecurityConfig: Using Network Security Config from resource 0_resource_name_obfuscated debugBuild: false
09-02 01:15:09.080 26364 26364 I cr_SplitCompatApp: Launched version=107.0.5304.91 minSdkVersion=29 isBundle=true processName=com.android.chrome:sandboxed_process0:org.chromium.content.app.SandboxedProcessService0:73 isIsolated=true
09-02 01:15:09.080 26411 26411 E cessService0:7: Not starting debugger since process cannot load the jdwp agent.
09-02 01:15:09.090 26364 26364 W SystemServiceRegistry: No service published for: uimode
09-02 01:15:09.094  1513  3240 D CompatibilityChangeReporter: Compat change id reported: 136274596; UID 10220; state: ENABLED
09-02 01:15:09.095 26364 26364 I cr_ChildProcessService: Creating new ChildProcessService pid=26364
09-02 01:15:09.100 24328 24328 D Zygote  : Forked child process 26435
09-02 01:15:09.101  1513  1625 W ActivityManager: Slow operation: 1163ms so far, now at startProcess: returned from zygote!
09-02 01:15:09.101  1513  1625 W ActivityManager: Slow operation: 1163ms so far, now at startProcess: done updating battery stats
09-02 01:15:09.101  1513  1625 W ActivityManager: Slow operation: 1163ms so far, now at startProcess: building log message
09-02 01:15:09.101  1513  1625 I ActivityManager: Start proc 26435:com.android.chrome:sandboxed_process0:org.chromium.content.app.SandboxedProcessService0:76/u0ai76 for  {com.android.chrome/org.chromium.content.app.SandboxedProcessService0:76}
09-02 01:15:09.101  1513  1625 W ActivityManager: Slow operation: 1163ms so far, now at startProcess: starting to update pids map
09-02 01:15:09.102  1513  1625 W ActivityManager: Slow operation: 1164ms so far, now at startProcess: done updating pids map
09-02 01:15:09.102  1513  1625 W ActivityManager: Slow operation: 1142ms so far, now at startProcess: asking zygote to start proc
09-02 01:15:09.102  1513  1625 D CompatibilityChangeReporter: Compat change id reported: 143937733; UID 10220; state: ENABLED
09-02 01:15:09.104 26435 26435 E libc    : SetHeapTaggingLevel: re-enabling tagging after it was disabled is not supported
09-02 01:15:09.106 26364 26397 I cr_LibraryLoader: Using ModernLinker
09-02 01:15:09.107 26391 26391 I LoadedApk: No resource references to update in package com.google.android.trichromelibrary
09-02 01:15:09.107 26391 26391 D NetworkSecurityConfig: Using Network Security Config from resource 0_resource_name_obfuscated debugBuild: false
09-02 01:15:09.108 26391 26391 D NetworkSecurityConfig: Using Network Security Config from resource 0_resource_name_obfuscated debugBuild: false
09-02 01:15:09.109 26364 26397 W linker  : Warning: "/data/app/~~_KLlx60MH8CoecPTjMKp8g==/com.android.chrome-kw9RHYrlHKb9bPXi8OTClw==/base.apk!/lib/arm64-v8a/libchromium_android_linker.so" unused DT entry: unknown processor-specific (type 0x70000001 arg 0x0) (ignoring)
09-02 01:15:09.109 26435 26435 E cessService0:7: Not starting debugger since process cannot load the jdwp agent.
09-02 01:15:09.109 26391 26391 I cr_SplitCompatApp: Launched version=107.0.5304.91 minSdkVersion=29 isBundle=true processName=com.android.chrome:sandboxed_process0:org.chromium.content.app.SandboxedProcessService0:74 isIsolated=true
09-02 01:15:09.110 26364 26397 E cr_ChromiumAndroidLinker: ReserveAddressWithHint: Address range starting at 0x7a38760000 was not free to use
09-02 01:15:09.113 26364 26433 I cr_LibraryLoader: Successfully loaded native library
09-02 01:15:09.113 26364 26433 I cr_CachingUmaRecorder: Flushed 3 samples from 3 histograms.
09-02 01:15:09.120 24328 24328 D Zygote  : Forked child process 26455
09-02 01:15:09.121  1513  1625 W ActivityManager: Slow operation: 1160ms so far, now at startProcess: returned from zygote!
09-02 01:15:09.121  1513  1625 W ActivityManager: Slow operation: 1160ms so far, now at startProcess: done updating battery stats
09-02 01:15:09.121  1513  1625 W ActivityManager: Slow operation: 1160ms so far, now at startProcess: building log message
09-02 01:15:09.121  1513  1625 I ActivityManager: Start proc 26455:com.android.chrome:sandboxed_process0:org.chromium.content.app.SandboxedProcessService0:77/u0ai77 for  {com.android.chrome/org.chromium.content.app.SandboxedProcessService0:77}
09-02 01:15:09.121  1513  1625 W ActivityManager: Slow operation: 1160ms so far, now at startProcess: starting to update pids map
09-02 01:15:09.121  1513  1625 W ActivityManager: Slow operation: 1161ms so far, now at startProcess: done updating pids map
09-02 01:15:09.121  1513  1625 W ActivityManager: Slow operation: 1146ms so far, now at startProcess: asking zygote to start proc
09-02 01:15:09.123 26455 26455 E libc    : SetHeapTaggingLevel: re-enabling tagging after it was disabled is not supported
09-02 01:15:09.123 26411 26411 I LoadedApk: No resource references to update in package com.google.android.trichromelibrary
09-02 01:15:09.123 26411 26411 D NetworkSecurityConfig: Using Network Security Config from resource 0_resource_name_obfuscated debugBuild: false
09-02 01:15:09.123 26391 26391 W SystemServiceRegistry: No service published for: uimode
09-02 01:15:09.124 26411 26411 D NetworkSecurityConfig: Using Network Security Config from resource 0_resource_name_obfuscated debugBuild: false
09-02 01:15:09.126  1513  2570 D CompatibilityChangeReporter: Compat change id reported: 136274596; UID 10220; state: ENABLED
09-02 01:15:09.126 26411 26411 I cr_SplitCompatApp: Launched version=107.0.5304.91 minSdkVersion=29 isBundle=true processName=com.android.chrome:sandboxed_process0:org.chromium.content.app.SandboxedProcessService0:75 isIsolated=true
09-02 01:15:09.128 26391 26391 I cr_ChildProcessService: Creating new ChildProcessService pid=26391
09-02 01:15:09.131 26455 26455 E cessService0:7: Not starting debugger since process cannot load the jdwp agent.
09-02 01:15:09.132 26391 26410 I cr_LibraryLoader: Using ModernLinker
09-02 01:15:09.133 26391 26410 W linker  : Warning: "/data/app/~~_KLlx60MH8CoecPTjMKp8g==/com.android.chrome-kw9RHYrlHKb9bPXi8OTClw==/base.apk!/lib/arm64-v8a/libchromium_android_linker.so" unused DT entry: unknown processor-specific (type 0x70000001 arg 0x0) (ignoring)
09-02 01:15:09.134 26391 26410 E cr_ChromiumAndroidLinker: ReserveAddressWithHint: Address range starting at 0x7a38760000 was not free to use
09-02 01:15:09.138 26391 26473 I cr_LibraryLoader: Successfully loaded native library
09-02 01:15:09.139 26391 26473 I cr_CachingUmaRecorder: Flushed 3 samples from 3 histograms.
09-02 01:15:09.143 24328 24328 D Zygote  : Forked child process 26483
09-02 01:15:09.146  1513  1625 W ActivityManager: Slow operation: 1170ms so far, now at startProcess: returned from zygote!
09-02 01:15:09.146  1513  1625 W ActivityManager: Slow operation: 1171ms so far, now at startProcess: done updating battery stats
09-02 01:15:09.146  1513  1625 W ActivityManager: Slow operation: 1171ms so far, now at startProcess: building log message
09-02 01:15:09.146  1513  1625 I ActivityManager: Start proc 26483:com.android.chrome:sandboxed_process0:org.chromium.content.app.SandboxedProcessService0:78/u0ai78 for  {com.android.chrome/org.chromium.content.app.SandboxedProcessService0:78}
09-02 01:15:09.146  1513  1625 W ActivityManager: Slow operation: 1171ms so far, now at startProcess: starting to update pids map
09-02 01:15:09.146  1513  1625 W ActivityManager: Slow operation: 1171ms so far, now at startProcess: done updating pids map
09-02 01:15:09.146  1513  1625 W ActivityManager: Slow operation: 1153ms so far, now at startProcess: asking zygote to start proc
09-02 01:15:09.147  1513  1625 D CompatibilityChangeReporter: Compat change id reported: 143937733; UID 10220; state: ENABLED
09-02 01:15:09.147 26411 26411 W SystemServiceRegistry: No service published for: uimode
09-02 01:15:09.151 26435 26435 I LoadedApk: No resource references to update in package com.google.android.trichromelibrary
09-02 01:15:09.151 26435 26435 D NetworkSecurityConfig: Using Network Security Config from resource 0_resource_name_obfuscated debugBuild: false
09-02 01:15:09.152 26411 26411 I cr_ChildProcessService: Creating new ChildProcessService pid=26411
09-02 01:15:09.152 26435 26435 D NetworkSecurityConfig: Using Network Security Config from resource 0_resource_name_obfuscated debugBuild: false
09-02 01:15:09.154 26483 26483 E libc    : SetHeapTaggingLevel: re-enabling tagging after it was disabled is not supported
09-02 01:15:09.154 26435 26435 I cr_SplitCompatApp: Launched version=107.0.5304.91 minSdkVersion=29 isBundle=true processName=com.android.chrome:sandboxed_process0:org.chromium.content.app.SandboxedProcessService0:76 isIsolated=true
09-02 01:15:09.157 26483 26483 E cessService0:7: Not starting debugger since process cannot load the jdwp agent.
09-02 01:15:09.157  1513  3240 D CompatibilityChangeReporter: Compat change id reported: 136274596; UID 10220; state: ENABLED
09-02 01:15:09.164  1513  3240 D CompatibilityChangeReporter: Compat change id reported: 136274596; UID 10220; state: ENABLED
09-02 01:15:09.164 26411 26434 I cr_LibraryLoader: Using ModernLinker
09-02 01:15:09.167 26411 26434 W linker  : Warning: "/data/app/~~_KLlx60MH8CoecPTjMKp8g==/com.android.chrome-kw9RHYrlHKb9bPXi8OTClw==/base.apk!/lib/arm64-v8a/libchromium_android_linker.so" unused DT entry: unknown processor-specific (type 0x70000001 arg 0x0) (ignoring)
09-02 01:15:09.168 26435 26435 W SystemServiceRegistry: No service published for: uimode
09-02 01:15:09.168 26411 26434 E cr_ChromiumAndroidLinker: ReserveAddressWithHint: Address range starting at 0x7a38760000 was not free to use
09-02 01:15:09.173 26435 26435 I cr_ChildProcessService: Creating new ChildProcessService pid=26435
09-02 01:15:09.177 26411 26500 I cr_LibraryLoader: Successfully loaded native library
09-02 01:15:09.177 26411 26500 I cr_CachingUmaRecorder: Flushed 3 samples from 3 histograms.
09-02 01:15:09.185 26483 26483 I LoadedApk: No resource references to update in package com.google.android.trichromelibrary
09-02 01:15:09.185 26483 26483 D NetworkSecurityConfig: Using Network Security Config from resource 0_resource_name_obfuscated debugBuild: false
09-02 01:15:09.185 24328 24328 D Zygote  : Forked child process 26522
09-02 01:15:09.186 26483 26483 D NetworkSecurityConfig: Using Network Security Config from resource 0_resource_name_obfuscated debugBuild: false
09-02 01:15:09.187  1513  1625 W ActivityManager: Slow operation: 1193ms so far, now at startProcess: returned from zygote!
09-02 01:15:09.187  1513  1625 W ActivityManager: Slow operation: 1194ms so far, now at startProcess: done updating battery stats
09-02 01:15:09.187  1513  1625 W ActivityManager: Slow operation: 1194ms so far, now at startProcess: building log message
09-02 01:15:09.187  1513  1625 I ActivityManager: Start proc 26522:com.android.chrome:sandboxed_process0:org.chromium.content.app.SandboxedProcessService0:79/u0ai79 for  {com.android.chrome/org.chromium.content.app.SandboxedProcessService0:79}
09-02 01:15:09.187  1513  1625 W ActivityManager: Slow operation: 1194ms so far, now at startProcess: starting to update pids map
09-02 01:15:09.188  1513  1625 W ActivityManager: Slow operation: 1194ms so far, now at startProcess: done updating pids map
09-02 01:15:09.188  1513  1625 W ActivityManager: Slow operation: 1165ms so far, now at startProcess: asking zygote to start proc
09-02 01:15:09.188  1513  1625 D CompatibilityChangeReporter: Compat change id reported: 143937733; UID 10220; state: ENABLED
09-02 01:15:09.188 26483 26483 I cr_SplitCompatApp: Launched version=107.0.5304.91 minSdkVersion=29 isBundle=true processName=com.android.chrome:sandboxed_process0:org.chromium.content.app.SandboxedProcessService0:78 isIsolated=true
09-02 01:15:09.192 26435 26452 I cr_LibraryLoader: Using ModernLinker
09-02 01:15:09.192 26522 26522 E libc    : SetHeapTaggingLevel: re-enabling tagging after it was disabled is not supported
09-02 01:15:09.194 26435 26452 W linker  : Warning: "/data/app/~~_KLlx60MH8CoecPTjMKp8g==/com.android.chrome-kw9RHYrlHKb9bPXi8OTClw==/base.apk!/lib/arm64-v8a/libchromium_android_linker.so" unused DT entry: unknown processor-specific (type 0x70000001 arg 0x0) (ignoring)
09-02 01:15:09.196 26435 26452 E cr_ChromiumAndroidLinker: ReserveAddressWithHint: Address range starting at 0x7a38760000 was not free to use
09-02 01:15:09.201 26435 26521 I cr_LibraryLoader: Successfully loaded native library
09-02 01:15:09.202 26435 26521 I cr_CachingUmaRecorder: Flushed 3 samples from 3 histograms.
09-02 01:15:09.203 26522 26522 E cessService0:7: Not starting debugger since process cannot load the jdwp agent.
09-02 01:15:09.205 26483 26483 W SystemServiceRegistry: No service published for: uimode
09-02 01:15:09.210 26483 26483 I cr_ChildProcessService: Creating new ChildProcessService pid=26483
09-02 01:15:09.213  1513  2570 D CompatibilityChangeReporter: Compat change id reported: 136274596; UID 10220; state: ENABLED
09-02 01:15:09.216 26455 26455 I LoadedApk: No resource references to update in package com.google.android.trichromelibrary
09-02 01:15:09.216 26455 26455 D NetworkSecurityConfig: Using Network Security Config from resource 0_resource_name_obfuscated debugBuild: false
09-02 01:15:09.217 26455 26455 D NetworkSecurityConfig: Using Network Security Config from resource 0_resource_name_obfuscated debugBuild: false
09-02 01:15:09.218 26455 26455 I cr_SplitCompatApp: Launched version=107.0.5304.91 minSdkVersion=29 isBundle=true processName=com.android.chrome:sandboxed_process0:org.chromium.content.app.SandboxedProcessService0:77 isIsolated=true
09-02 01:15:09.219 26483 26516 I cr_LibraryLoader: Using ModernLinker
09-02 01:15:09.221 26483 26516 W linker  : Warning: "/data/app/~~_KLlx60MH8CoecPTjMKp8g==/com.android.chrome-kw9RHYrlHKb9bPXi8OTClw==/base.apk!/lib/arm64-v8a/libchromium_android_linker.so" unused DT entry: unknown processor-specific (type 0x70000001 arg 0x0) (ignoring)
09-02 01:15:09.223 26483 26516 E cr_ChromiumAndroidLinker: ReserveAddressWithHint: Address range starting at 0x7a38760000 was not free to use
09-02 01:15:09.227 24328 24328 D Zygote  : Forked child process 26574
09-02 01:15:09.227 26483 26549 I cr_LibraryLoader: Successfully loaded native library
09-02 01:15:09.227 26483 26549 I cr_CachingUmaRecorder: Flushed 3 samples from 3 histograms.
09-02 01:15:09.228  1513  1625 W ActivityManager: Slow operation: 1205ms so far, now at startProcess: returned from zygote!
09-02 01:15:09.228 26169 26329 I cr_CachingUmaRecorder: Flushed 3 samples from 3 histograms.
09-02 01:15:09.228  1513  1625 W ActivityManager: Slow operation: 1206ms so far, now at startProcess: done updating battery stats
09-02 01:15:09.228  1513  1625 W ActivityManager: Slow operation: 1206ms so far, now at startProcess: building log message
09-02 01:15:09.228  1513  1625 I ActivityManager: Start proc 26574:com.android.chrome:sandboxed_process0:org.chromium.content.app.SandboxedProcessService0:80/u0ai80 for  {com.android.chrome/org.chromium.content.app.SandboxedProcessService0:80}
09-02 01:15:09.228  1513  1625 W ActivityManager: Slow operation: 1206ms so far, now at startProcess: starting to update pids map
09-02 01:15:09.228  1513  1625 W ActivityManager: Slow operation: 1206ms so far, now at startProcess: done updating pids map
09-02 01:15:09.228  1513  1625 W ActivityManager: Slow operation: 1180ms so far, now at startProcess: asking zygote to start proc
09-02 01:15:09.229  1513  1625 D CompatibilityChangeReporter: Compat change id reported: 143937733; UID 10220; state: ENABLED
09-02 01:15:09.237 26574 26574 E libc    : SetHeapTaggingLevel: re-enabling tagging after it was disabled is not supported
09-02 01:15:09.241 26574 26574 E cessService0:8: Not starting debugger since process cannot load the jdwp agent.
09-02 01:15:09.241 26522 26522 I LoadedApk: No resource references to update in package com.google.android.trichromelibrary
09-02 01:15:09.241 26522 26522 D NetworkSecurityConfig: Using Network Security Config from resource 0_resource_name_obfuscated debugBuild: false
09-02 01:15:09.242 26455 26455 W SystemServiceRegistry: No service published for: uimode
09-02 01:15:09.242 26522 26522 D NetworkSecurityConfig: Using Network Security Config from resource 0_resource_name_obfuscated debugBuild: false
09-02 01:15:09.244 26522 26522 I cr_SplitCompatApp: Launched version=107.0.5304.91 minSdkVersion=29 isBundle=true processName=com.android.chrome:sandboxed_process0:org.chromium.content.app.SandboxedProcessService0:79 isIsolated=true
09-02 01:15:09.254 26455 26455 I cr_ChildProcessService: Creating new ChildProcessService pid=26455
09-02 01:15:09.265 24328 24328 D Zygote  : Forked child process 26611
09-02 01:15:09.265 26522 26522 W SystemServiceRegistry: No service published for: uimode
09-02 01:15:09.266  1513  2570 D CompatibilityChangeReporter: Compat change id reported: 136274596; UID 10220; state: ENABLED
09-02 01:15:09.267  1513  1625 W ActivityManager: Slow operation: 1218ms so far, now at startProcess: returned from zygote!
09-02 01:15:09.271  1513  1625 W ActivityManager: Slow operation: 1222ms so far, now at startProcess: done updating battery stats
09-02 01:15:09.271  1513  1625 W ActivityManager: Slow operation: 1222ms so far, now at startProcess: building log message
09-02 01:15:09.271  1513  1625 I ActivityManager: Start proc 26611:com.android.chrome:sandboxed_process0:org.chromium.content.app.SandboxedProcessService0:81/u0ai81 for  {com.android.chrome/org.chromium.content.app.SandboxedProcessService0:81}
09-02 01:15:09.271  1513  1625 W ActivityManager: Slow operation: 1222ms so far, now at startProcess: starting to update pids map
09-02 01:15:09.271  1513  1625 W ActivityManager: Slow operation: 1222ms so far, now at startProcess: done updating pids map
09-02 01:15:09.271  1513  1625 W ActivityManager: Slow operation: 1178ms so far, now at startProcess: asking zygote to start proc
09-02 01:15:09.271  1513  1625 D CompatibilityChangeReporter: Compat change id reported: 143937733; UID 10220; state: ENABLED
09-02 01:15:09.273 26455 26506 I cr_LibraryLoader: Using ModernLinker
09-02 01:15:09.273 26522 26522 I cr_ChildProcessService: Creating new ChildProcessService pid=26522
09-02 01:15:09.275 26611 26611 E libc    : SetHeapTaggingLevel: re-enabling tagging after it was disabled is not supported
09-02 01:15:09.275 26455 26506 W linker  : Warning: "/data/app/~~_KLlx60MH8CoecPTjMKp8g==/com.android.chrome-kw9RHYrlHKb9bPXi8OTClw==/base.apk!/lib/arm64-v8a/libchromium_android_linker.so" unused DT entry: unknown processor-specific (type 0x70000001 arg 0x0) (ignoring)
09-02 01:15:09.278 26611 26611 E cessService0:8: Not starting debugger since process cannot load the jdwp agent.
09-02 01:15:09.289 26522 26550 I cr_LibraryLoader: Using ModernLinker
09-02 01:15:09.290 26455 26605 I cr_LibraryLoader: Successfully loaded native library
09-02 01:15:09.290 26455 26605 I cr_CachingUmaRecorder: Flushed 3 samples from 3 histograms.
09-02 01:15:09.290 26522 26550 W linker  : Warning: "/data/app/~~_KLlx60MH8CoecPTjMKp8g==/com.android.chrome-kw9RHYrlHKb9bPXi8OTClw==/base.apk!/lib/arm64-v8a/libchromium_android_linker.so" unused DT entry: unknown processor-specific (type 0x70000001 arg 0x0) (ignoring)
09-02 01:15:09.292 26522 26550 E cr_ChromiumAndroidLinker: ReserveAddressWithHint: Address range starting at 0x7a38760000 was not free to use
09-02 01:15:09.298  1513  2570 D CompatibilityChangeReporter: Compat change id reported: 136274596; UID 10220; state: ENABLED
09-02 01:15:09.299 26522 26634 I cr_LibraryLoader: Successfully loaded native library
09-02 01:15:09.300 26522 26634 I cr_CachingUmaRecorder: Flushed 3 samples from 3 histograms.
09-02 01:15:09.315 26574 26574 I LoadedApk: No resource references to update in package com.google.android.trichromelibrary
09-02 01:15:09.315 26574 26574 D NetworkSecurityConfig: Using Network Security Config from resource 0_resource_name_obfuscated debugBuild: false
09-02 01:15:09.316 26574 26574 D NetworkSecurityConfig: Using Network Security Config from resource 0_resource_name_obfuscated debugBuild: false
09-02 01:15:09.318 24328 24328 D Zygote  : Forked child process 26670
09-02 01:15:09.318 26574 26574 I cr_SplitCompatApp: Launched version=107.0.5304.91 minSdkVersion=29 isBundle=true processName=com.android.chrome:sandboxed_process0:org.chromium.content.app.SandboxedProcessService0:80 isIsolated=true
09-02 01:15:09.319  1513  1625 W ActivityManager: Slow operation: 1226ms so far, now at startProcess: returned from zygote!
09-02 01:15:09.319  1513  1625 W ActivityManager: Slow operation: 1226ms so far, now at startProcess: done updating battery stats
09-02 01:15:09.319  1513  1625 W ActivityManager: Slow operation: 1226ms so far, now at startProcess: building log message
09-02 01:15:09.319  1513  1625 I ActivityManager: Start proc 26670:com.android.chrome:sandboxed_process0:org.chromium.content.app.SandboxedProcessService0:82/u0ai82 for  {com.android.chrome/org.chromium.content.app.SandboxedProcessService0:82}
09-02 01:15:09.319  1513  1625 W ActivityManager: Slow operation: 1226ms so far, now at startProcess: starting to update pids map
09-02 01:15:09.319  1513  1625 W ActivityManager: Slow operation: 1226ms so far, now at startProcess: done updating pids map
09-02 01:15:09.319  1513  1625 W ActivityManager: Slow operation: 1209ms so far, now at startProcess: asking zygote to start proc
09-02 01:15:09.320  1513  1625 D CompatibilityChangeReporter: Compat change id reported: 143937733; UID 10220; state: ENABLED
09-02 01:15:09.323 26670 26670 E libc    : SetHeapTaggingLevel: re-enabling tagging after it was disabled is not supported
09-02 01:15:09.327 26670 26670 E cessService0:8: Not starting debugger since process cannot load the jdwp agent.
09-02 01:15:09.328 26611 26611 I LoadedApk: No resource references to update in package com.google.android.trichromelibrary
09-02 01:15:09.328 26611 26611 D NetworkSecurityConfig: Using Network Security Config from resource 0_resource_name_obfuscated debugBuild: false
09-02 01:15:09.330 26574 26574 W SystemServiceRegistry: No service published for: uimode
09-02 01:15:09.330 26611 26611 D NetworkSecurityConfig: Using Network Security Config from resource 0_resource_name_obfuscated debugBuild: false
09-02 01:15:09.331 26574 26574 I cr_ChildProcessService: Creating new ChildProcessService pid=26574
09-02 01:15:09.331 26611 26611 I cr_SplitCompatApp: Launched version=107.0.5304.91 minSdkVersion=29 isBundle=true processName=com.android.chrome:sandboxed_process0:org.chromium.content.app.SandboxedProcessService0:81 isIsolated=true
09-02 01:15:09.334  1513  2570 D CompatibilityChangeReporter: Compat change id reported: 136274596; UID 10220; state: ENABLED
09-02 01:15:09.337 26574 26620 I cr_LibraryLoader: Using ModernLinker
09-02 01:15:09.338 26574 26620 W linker  : Warning: "/data/app/~~_KLlx60MH8CoecPTjMKp8g==/com.android.chrome-kw9RHYrlHKb9bPXi8OTClw==/base.apk!/lib/arm64-v8a/libchromium_android_linker.so" unused DT entry: unknown processor-specific (type 0x70000001 arg 0x0) (ignoring)
09-02 01:15:09.338 26574 26620 E cr_ChromiumAndroidLinker: ReserveAddressWithHint: Address range starting at 0x7a38760000 was not free to use
09-02 01:15:09.339 24328 24328 D Zygote  : Forked child process 26692
09-02 01:15:09.340  1513  1625 W ActivityManager: Slow operation: 1230ms so far, now at startProcess: returned from zygote!
09-02 01:15:09.340 26692 26692 E libc    : SetHeapTaggingLevel: re-enabling tagging after it was disabled is not supported
09-02 01:15:09.342  1513  1625 W ActivityManager: Slow operation: 1232ms so far, now at startProcess: done updating battery stats
09-02 01:15:09.342  1513  1625 W ActivityManager: Slow operation: 1232ms so far, now at startProcess: building log message
09-02 01:15:09.342  1513  1625 I ActivityManager: Start proc 26692:com.android.chrome:sandboxed_process0:org.chromium.content.app.SandboxedProcessService0:83/u0ai83 for  {com.android.chrome/org.chromium.content.app.SandboxedProcessService0:83}
09-02 01:15:09.343  1513  1625 W ActivityManager: Slow operation: 1232ms so far, now at startProcess: starting to update pids map
09-02 01:15:09.343  1513  1625 W ActivityManager: Slow operation: 1233ms so far, now at startProcess: done updating pids map
09-02 01:15:09.343  1513  1625 W ActivityManager: Slow operation: 1212ms so far, now at startProcess: asking zygote to start proc
09-02 01:15:09.343  1513  1625 D CompatibilityChangeReporter: Compat change id reported: 143937733; UID 10220; state: ENABLED
09-02 01:15:09.346 26574 26689 I cr_LibraryLoader: Successfully loaded native library
09-02 01:15:09.346 26611 26611 W SystemServiceRegistry: No service published for: uimode
09-02 01:15:09.351 26611 26611 I cr_ChildProcessService: Creating new ChildProcessService pid=26611
09-02 01:15:09.353 24328 24328 D Zygote  : Forked child process 26703
09-02 01:15:09.355 26703 26703 E libc    : SetHeapTaggingLevel: re-enabling tagging after it was disabled is not supported
09-02 01:15:09.355 26692 26692 E cessService0:8: Not starting debugger since process cannot load the jdwp agent.
09-02 01:15:09.355  1513  1625 W ActivityManager: Slow operation: 1224ms so far, now at startProcess: returned from zygote!
09-02 01:15:09.355  1513  1625 W ActivityManager: Slow operation: 1224ms so far, now at startProcess: done updating battery stats
09-02 01:15:09.356  1513  1625 W ActivityManager: Slow operation: 1224ms so far, now at startProcess: building log message
09-02 01:15:09.356  1513  1625 I ActivityManager: Start proc 26703:com.android.chrome:sandboxed_process0:org.chromium.content.app.SandboxedProcessService0:84/u0ai84 for  {com.android.chrome/org.chromium.content.app.SandboxedProcessService0:84}
09-02 01:15:09.356  1513  1625 W ActivityManager: Slow operation: 1224ms so far, now at startProcess: starting to update pids map
09-02 01:15:09.356  1513  1625 W ActivityManager: Slow operation: 1224ms so far, now at startProcess: done updating pids map
09-02 01:15:09.356  1513  1625 W ActivityManager: Slow operation: 1192ms so far, now at startProcess: asking zygote to start proc
09-02 01:15:09.358 26611 26656 I cr_LibraryLoader: Using ModernLinker
09-02 01:15:09.360 26611 26656 W linker  : Warning: "/data/app/~~_KLlx60MH8CoecPTjMKp8g==/com.android.chrome-kw9RHYrlHKb9bPXi8OTClw==/base.apk!/lib/arm64-v8a/libchromium_android_linker.so" unused DT entry: unknown processor-specific (type 0x70000001 arg 0x0) (ignoring)
09-02 01:15:09.361 26611 26656 E cr_ChromiumAndroidLinker: ReserveAddressWithHint: Address range starting at 0x7a38760000 was not free to use
09-02 01:15:09.362 26574 26689 I cr_CachingUmaRecorder: Flushed 3 samples from 3 histograms.
09-02 01:15:09.367 26611 26702 I cr_LibraryLoader: Successfully loaded native library
09-02 01:15:09.367  1513  2570 D CompatibilityChangeReporter: Compat change id reported: 136274596; UID 10220; state: ENABLED
09-02 01:15:09.367 26611 26702 I cr_CachingUmaRecorder: Flushed 3 samples from 3 histograms.
09-02 01:15:09.372 26703 26703 E cessService0:8: Not starting debugger since process cannot load the jdwp agent.
09-02 01:15:09.375 26670 26670 I LoadedApk: No resource references to update in package com.google.android.trichromelibrary
09-02 01:15:09.375 24328 24328 D Zygote  : Forked child process 26735
09-02 01:15:09.375 26670 26670 D NetworkSecurityConfig: Using Network Security Config from resource 0_resource_name_obfuscated debugBuild: false
09-02 01:15:09.375 26670 26670 D NetworkSecurityConfig: Using Network Security Config from resource 0_resource_name_obfuscated debugBuild: false
09-02 01:15:09.376 26670 26670 I cr_SplitCompatApp: Launched version=107.0.5304.91 minSdkVersion=29 isBundle=true processName=com.android.chrome:sandboxed_process0:org.chromium.content.app.SandboxedProcessService0:82 isIsolated=true
09-02 01:15:09.376  1513  1625 W ActivityManager: Slow operation: 1213ms so far, now at startProcess: returned from zygote!
09-02 01:15:09.376  1513  1625 W ActivityManager: Slow operation: 1213ms so far, now at startProcess: done updating battery stats
09-02 01:15:09.376  1513  1625 W ActivityManager: Slow operation: 1213ms so far, now at startProcess: building log message
09-02 01:15:09.377  1513  1625 I ActivityManager: Start proc 26735:com.android.chrome:sandboxed_process0:org.chromium.content.app.SandboxedProcessService0:85/u0ai85 for  {com.android.chrome/org.chromium.content.app.SandboxedProcessService0:85}
09-02 01:15:09.377  1513  1625 W ActivityManager: Slow operation: 1213ms so far, now at startProcess: starting to update pids map
09-02 01:15:09.377  1513  1625 W ActivityManager: Slow operation: 1213ms so far, now at startProcess: done updating pids map
09-02 01:15:09.377  1513  1625 W ActivityManager: Slow operation: 1173ms so far, now at startProcess: asking zygote to start proc
09-02 01:15:09.377  1513  1625 D CompatibilityChangeReporter: Compat change id reported: 143937733; UID 10220; state: ENABLED
09-02 01:15:09.380 26670 26670 W SystemServiceRegistry: No service published for: uimode
09-02 01:15:09.385 26670 26670 I cr_ChildProcessService: Creating new ChildProcessService pid=26670
09-02 01:15:09.386 26735 26735 E libc    : SetHeapTaggingLevel: re-enabling tagging after it was disabled is not supported
09-02 01:15:09.390 24328 24328 D Zygote  : Forked child process 26750
09-02 01:15:09.392 26692 26692 I LoadedApk: No resource references to update in package com.google.android.trichromelibrary
09-02 01:15:09.392 26692 26692 D NetworkSecurityConfig: Using Network Security Config from resource 0_resource_name_obfuscated debugBuild: false
09-02 01:15:09.392  1513  1625 W ActivityManager: Slow operation: 1189ms so far, now at startProcess: returned from zygote!
09-02 01:15:09.392 26670 26691 I cr_LibraryLoader: Using ModernLinker
09-02 01:15:09.392  1513  1625 W ActivityManager: Slow operation: 1189ms so far, now at startProcess: done updating battery stats
09-02 01:15:09.392  1513  1625 W ActivityManager: Slow operation: 1189ms so far, now at startProcess: building log message
09-02 01:15:09.392  1513  1625 I ActivityManager: Start proc 26750:com.android.chrome:sandboxed_process0:org.chromium.content.app.SandboxedProcessService0:86/u0ai86 for  {com.android.chrome/org.chromium.content.app.SandboxedProcessService0:86}
09-02 01:15:09.392  1513  1625 W ActivityManager: Slow operation: 1189ms so far, now at startProcess: starting to update pids map
09-02 01:15:09.392  1513  1625 W ActivityManager: Slow operation: 1189ms so far, now at startProcess: done updating pids map
09-02 01:15:09.393  1513  1625 W ActivityManager: Slow operation: 1160ms so far, now at startProcess: asking zygote to start proc
