09-02 01:18:15.495  1513  1625 W ActivityManager: Slow operation: 1273ms so far, now at startProcess: returned from zygote!
09-02 01:18:15.496  1513  1625 W ActivityManager: Slow operation: 1274ms so far, now at startProcess: done updating battery stats
09-02 01:18:15.496  1513  1625 W ActivityManager: Slow operation: 1274ms so far, now at startProcess: building log message
09-02 01:18:15.496  1513  1625 I ActivityManager: Start proc 1405:com.android.chrome:sandboxed_process0:org.chromium.content.app.SandboxedProcessService0:70/u0ai70 for  {com.android.chrome/org.chromium.content.app.SandboxedProcessService0:70}
09-02 01:18:15.496  1513  1625 W ActivityManager: Slow operation: 1274ms so far, now at startProcess: starting to update pids map
09-02 01:18:15.496  1513  1625 W ActivityManager: Slow operation: 1274ms so far, now at startProcess: done updating pids map
09-02 01:18:15.497  1513  1625 W ActivityManager: Slow operation: 1247ms so far, now at startProcess: asking zygote to start proc
09-02 01:18:15.497  1513  1625 D CompatibilityChangeReporter: Compat change id reported: 143937733; UID 10220; state: ENABLED
09-02 01:18:15.501  1309  1309 I LoadedApk: No resource references to update in package com.google.android.trichromelibrary
09-02 01:18:15.501  1309  1309 D NetworkSecurityConfig: Using Network Security Config from resource 0_resource_name_obfuscated debugBuild: false
09-02 01:18:15.502  1309  1309 D NetworkSecurityConfig: Using Network Security Config from resource 0_resource_name_obfuscated debugBuild: false
09-02 01:18:15.502  1405  1405 E cessService0:7: Not starting debugger since process cannot load the jdwp agent.
09-02 01:18:15.502  1309  1309 I cr_SplitCompatApp: Launched version=107.0.5304.91 minSdkVersion=29 isBundle=true processName=com.android.chrome:sandboxed_process0:org.chromium.content.app.SandboxedProcessService0:68 isIsolated=true
09-02 01:18:15.505  1137  1360 I cr_LibraryLoader: Successfully loaded native library
09-02 01:18:15.508  1196  1393 I cr_LibraryLoader: Successfully loaded native library
09-02 01:18:15.508  1196  1393 I cr_CachingUmaRecorder: Flushed 3 samples from 3 histograms.
09-02 01:18:15.509  1259  1326 I cr_LibraryLoader: Using ModernLinker
09-02 01:18:15.510  1242  1308 I cr_LibraryLoader: Using ModernLinker
09-02 01:18:15.511  1242  1308 W linker  : Warning: "/data/app/~~_KLlx60MH8CoecPTjMKp8g==/com.android.chrome-kw9RHYrlHKb9bPXi8OTClw==/base.apk!/lib/arm64-v8a/libchromium_android_linker.so" unused DT entry: unknown processor-specific (type 0x70000001 arg 0x0) (ignoring)
09-02 01:18:15.512  1309  1309 W SystemServiceRegistry: No service published for: uimode
09-02 01:18:15.512  1242  1308 E cr_ChromiumAndroidLinker: ReserveAddressWithHint: Address range starting at 0x7a3874d000 was not free to use
09-02 01:18:15.512  1259  1326 W linker  : Warning: "/data/app/~~_KLlx60MH8CoecPTjMKp8g==/com.android.chrome-kw9RHYrlHKb9bPXi8OTClw==/base.apk!/lib/arm64-v8a/libchromium_android_linker.so" unused DT entry: unknown processor-specific (type 0x70000001 arg 0x0) (ignoring)
09-02 01:18:15.513  1259  1326 E cr_ChromiumAndroidLinker: ReserveAddressWithHint: Address range starting at 0x7a3874d000 was not free to use
09-02 01:18:15.514  1242  1403 I cr_LibraryLoader: Successfully loaded native library
09-02 01:18:15.515  1242  1403 I cr_CachingUmaRecorder: Flushed 3 samples from 3 histograms.
09-02 01:18:15.517  1137  1360 I cr_CachingUmaRecorder: Flushed 3 samples from 3 histograms.
09-02 01:18:15.517  1259  1400 I cr_LibraryLoader: Successfully loaded native library
09-02 01:18:15.517  1259  1400 I cr_CachingUmaRecorder: Flushed 3 samples from 3 histograms.
09-02 01:18:15.522  1309  1309 I cr_ChildProcessService: Creating new ChildProcessService pid=1309
09-02 01:18:15.525  1365  1365 I LoadedApk: No resource references to update in package com.google.android.trichromelibrary
09-02 01:18:15.525  1365  1365 D NetworkSecurityConfig: Using Network Security Config from resource 0_resource_name_obfuscated debugBuild: false
09-02 01:18:15.526  1365  1365 D NetworkSecurityConfig: Using Network Security Config from resource 0_resource_name_obfuscated debugBuild: false
09-02 01:18:15.528  1365  1365 I cr_SplitCompatApp: Launched version=107.0.5304.91 minSdkVersion=29 isBundle=true processName=com.android.chrome:sandboxed_process0:org.chromium.content.app.SandboxedProcessService0:69 isIsolated=true
09-02 01:18:15.534  1513  3246 D CompatibilityChangeReporter: Compat change id reported: 136274596; UID 10220; state: ENABLED
09-02 01:18:15.540 31205 31205 D Zygote  : Forked child process 1470
09-02 01:18:15.542  1365  1365 W SystemServiceRegistry: No service published for: uimode
09-02 01:18:15.542  1513  1625 W ActivityManager: Slow operation: 1293ms so far, now at startProcess: returned from zygote!
09-02 01:18:15.543  1513  1625 W ActivityManager: Slow operation: 1293ms so far, now at startProcess: done updating battery stats
09-02 01:18:15.543  1513  1625 W ActivityManager: Slow operation: 1293ms so far, now at startProcess: building log message
09-02 01:18:15.543  1513  1625 I ActivityManager: Start proc 1470:com.android.chrome:sandboxed_process0:org.chromium.content.app.SandboxedProcessService0:71/u0ai71 for  {com.android.chrome/org.chromium.content.app.SandboxedProcessService0:71}
09-02 01:18:15.543  1513  1625 W ActivityManager: Slow operation: 1293ms so far, now at startProcess: starting to update pids map
09-02 01:18:15.543  1513  1625 W ActivityManager: Slow operation: 1294ms so far, now at startProcess: done updating pids map
09-02 01:18:15.543  1513  1625 W ActivityManager: Slow operation: 1274ms so far, now at startProcess: asking zygote to start proc
09-02 01:18:15.543  1513  1625 D CompatibilityChangeReporter: Compat change id reported: 143937733; UID 10220; state: ENABLED
09-02 01:18:15.547  1365  1365 I cr_ChildProcessService: Creating new ChildProcessService pid=1365
09-02 01:18:15.549  1470  1470 E libc    : SetHeapTaggingLevel: re-enabling tagging after it was disabled is not supported
09-02 01:18:15.556  1309  1378 I cr_LibraryLoader: Using ModernLinker
09-02 01:18:15.556  1309  1378 W linker  : Warning: "/data/app/~~_KLlx60MH8CoecPTjMKp8g==/com.android.chrome-kw9RHYrlHKb9bPXi8OTClw==/base.apk!/lib/arm64-v8a/libchromium_android_linker.so" unused DT entry: unknown processor-specific (type 0x70000001 arg 0x0) (ignoring)
09-02 01:18:15.557  1309  1378 E cr_ChromiumAndroidLinker: ReserveAddressWithHint: Address range starting at 0x7a3874d000 was not free to use
09-02 01:18:15.559  1309  1454 I cr_LibraryLoader: Successfully loaded native library
09-02 01:18:15.560  1309  1454 I cr_CachingUmaRecorder: Flushed 3 samples from 3 histograms.
09-02 01:18:15.561  1365  1410 I cr_LibraryLoader: Using ModernLinker
09-02 01:18:15.561  1405  1405 I LoadedApk: No resource references to update in package com.google.android.trichromelibrary
09-02 01:18:15.562  1405  1405 D NetworkSecurityConfig: Using Network Security Config from resource 0_resource_name_obfuscated debugBuild: false
09-02 01:18:15.563  1470  1470 E cessService0:7: Not starting debugger since process cannot load the jdwp agent.
09-02 01:18:15.564  1365  1410 W linker  : Warning: "/data/app/~~_KLlx60MH8CoecPTjMKp8g==/com.android.chrome-kw9RHYrlHKb9bPXi8OTClw==/base.apk!/lib/arm64-v8a/libchromium_android_linker.so" unused DT entry: unknown processor-specific (type 0x70000001 arg 0x0) (ignoring)
09-02 01:18:15.565  1365  1410 E cr_ChromiumAndroidLinker: ReserveAddressWithHint: Address range starting at 0x7a3874d000 was not free to use
09-02 01:18:15.568  1405  1405 D NetworkSecurityConfig: Using Network Security Config from resource 0_resource_name_obfuscated debugBuild: false
09-02 01:18:15.570  1405  1405 I cr_SplitCompatApp: Launched version=107.0.5304.91 minSdkVersion=29 isBundle=true processName=com.android.chrome:sandboxed_process0:org.chromium.content.app.SandboxedProcessService0:70 isIsolated=true
09-02 01:18:15.577  1365  1476 I cr_LibraryLoader: Successfully loaded native library
09-02 01:18:15.577  1365  1476 I cr_CachingUmaRecorder: Flushed 3 samples from 3 histograms.
09-02 01:18:15.579 31205 31205 D Zygote  : Forked child process 1491
09-02 01:18:15.581  1491  1491 E libc    : SetHeapTaggingLevel: re-enabling tagging after it was disabled is not supported
09-02 01:18:15.582  1405  1405 W SystemServiceRegistry: No service published for: uimode
09-02 01:18:15.584  1513  1625 W ActivityManager: Slow operation: 1314ms so far, now at startProcess: returned from zygote!
09-02 01:18:15.584  1513  1625 W ActivityManager: Slow operation: 1315ms so far, now at startProcess: done updating battery stats
09-02 01:18:15.584  1513  1625 W ActivityManager: Slow operation: 1315ms so far, now at startProcess: building log message
09-02 01:18:15.584  1513  1625 I ActivityManager: Start proc 1491:com.android.chrome:sandboxed_process0:org.chromium.content.app.SandboxedProcessService0:72/u0ai72 for  {com.android.chrome/org.chromium.content.app.SandboxedProcessService0:72}
09-02 01:18:15.584  1513  1625 W ActivityManager: Slow operation: 1315ms so far, now at startProcess: starting to update pids map
09-02 01:18:15.584  1513  1625 W ActivityManager: Slow operation: 1315ms so far, now at startProcess: done updating pids map
09-02 01:18:15.584  1513  1625 W ActivityManager: Slow operation: 1299ms so far, now at startProcess: asking zygote to start proc
09-02 01:18:15.586  1491  1491 E cessService0:7: Not starting debugger since process cannot load the jdwp agent.
09-02 01:18:15.590  1405  1405 I cr_ChildProcessService: Creating new ChildProcessService pid=1405
09-02 01:18:15.594  1405  1469 I cr_LibraryLoader: Using ModernLinker
09-02 01:18:15.595  1513  8503 D CompatibilityChangeReporter: Compat change id reported: 136274596; UID 10220; state: ENABLED
09-02 01:18:15.598  1405  1469 W linker  : Warning: "/data/app/~~_KLlx60MH8CoecPTjMKp8g==/com.android.chrome-kw9RHYrlHKb9bPXi8OTClw==/base.apk!/lib/arm64-v8a/libchromium_android_linker.so" unused DT entry: unknown processor-specific (type 0x70000001 arg 0x0) (ignoring)
09-02 01:18:15.598  1513  3230 D CompatibilityChangeReporter: Compat change id reported: 136274596; UID 10220; state: ENABLED
09-02 01:18:15.601 31205 31205 D Zygote  : Forked child process 1534
09-02 01:18:15.602  1534  1534 E libc    : SetHeapTaggingLevel: re-enabling tagging after it was disabled is not supported
09-02 01:18:15.602  1405  1469 E cr_ChromiumAndroidLinker: ReserveAddressWithHint: Address range starting at 0x7a3874d000 was not free to use
09-02 01:18:15.606  1405  1523 I cr_LibraryLoader: Successfully loaded native library
09-02 01:18:15.606  1405  1523 I cr_CachingUmaRecorder: Flushed 3 samples from 3 histograms.
09-02 01:18:15.612  1534  1534 E cessService0:7: Not starting debugger since process cannot load the jdwp agent.
09-02 01:18:15.612  1513  1625 W ActivityManager: Slow operation: 1326ms so far, now at startProcess: returned from zygote!
09-02 01:18:15.612  1513  1625 W ActivityManager: Slow operation: 1327ms so far, now at startProcess: done updating battery stats
09-02 01:18:15.612  1513  1625 W ActivityManager: Slow operation: 1327ms so far, now at startProcess: building log message
09-02 01:18:15.612  1513  1625 I ActivityManager: Start proc 1534:com.android.chrome:sandboxed_process0:org.chromium.content.app.SandboxedProcessService0:73/u0ai73 for  {com.android.chrome/org.chromium.content.app.SandboxedProcessService0:73}
09-02 01:18:15.612  1513  1625 W ActivityManager: Slow operation: 1327ms so far, now at startProcess: starting to update pids map
09-02 01:18:15.612  1513  1625 W ActivityManager: Slow operation: 1327ms so far, now at startProcess: done updating pids map
09-02 01:18:15.612  1513  1625 W ActivityManager: Slow operation: 1305ms so far, now at startProcess: asking zygote to start proc
09-02 01:18:15.612  1513  1625 D CompatibilityChangeReporter: Compat change id reported: 143937733; UID 10220; state: ENABLED
09-02 01:18:15.620  1513  8503 D CompatibilityChangeReporter: Compat change id reported: 136274596; UID 10220; state: ENABLED
09-02 01:18:15.621  1491  1491 I LoadedApk: No resource references to update in package com.google.android.trichromelibrary
09-02 01:18:15.621  1491  1491 D NetworkSecurityConfig: Using Network Security Config from resource 0_resource_name_obfuscated debugBuild: false
09-02 01:18:15.622  1491  1491 D NetworkSecurityConfig: Using Network Security Config from resource 0_resource_name_obfuscated debugBuild: false
09-02 01:18:15.623  1491  1491 I cr_SplitCompatApp: Launched version=107.0.5304.91 minSdkVersion=29 isBundle=true processName=com.android.chrome:sandboxed_process0:org.chromium.content.app.SandboxedProcessService0:72 isIsolated=true
09-02 01:18:15.628  1470  1470 I LoadedApk: No resource references to update in package com.google.android.trichromelibrary
09-02 01:18:15.628  1470  1470 D NetworkSecurityConfig: Using Network Security Config from resource 0_resource_name_obfuscated debugBuild: false
09-02 01:18:15.629  1470  1470 D NetworkSecurityConfig: Using Network Security Config from resource 0_resource_name_obfuscated debugBuild: false
09-02 01:18:15.629  1470  1470 I cr_SplitCompatApp: Launched version=107.0.5304.91 minSdkVersion=29 isBundle=true processName=com.android.chrome:sandboxed_process0:org.chromium.content.app.SandboxedProcessService0:71 isIsolated=true
09-02 01:18:15.633 31205 31205 D Zygote  : Forked child process 1561
09-02 01:18:15.635  1470  1470 W SystemServiceRegistry: No service published for: uimode
09-02 01:18:15.635  1561  1561 E libc    : SetHeapTaggingLevel: re-enabling tagging after it was disabled is not supported
09-02 01:18:15.637  1513  1625 W ActivityManager: Slow operation: 1329ms so far, now at startProcess: returned from zygote!
09-02 01:18:15.637  1513  1625 W ActivityManager: Slow operation: 1330ms so far, now at startProcess: done updating battery stats
09-02 01:18:15.637  1513  1625 W ActivityManager: Slow operation: 1330ms so far, now at startProcess: building log message
09-02 01:18:15.637  1513  1625 I ActivityManager: Start proc 1561:com.android.chrome:sandboxed_process0:org.chromium.content.app.SandboxedProcessService0:74/u0ai74 for  {com.android.chrome/org.chromium.content.app.SandboxedProcessService0:74}
09-02 01:18:15.637  1513  1625 W ActivityManager: Slow operation: 1330ms so far, now at startProcess: starting to update pids map
09-02 01:18:15.637  1513  1625 W ActivityManager: Slow operation: 1330ms so far, now at startProcess: done updating pids map
09-02 01:18:15.637  1561  1561 E cessService0:7: Not starting debugger since process cannot load the jdwp agent.
09-02 01:18:15.637  1513  1625 W ActivityManager: Slow operation: 1299ms so far, now at startProcess: asking zygote to start proc
09-02 01:18:15.637  1513  1625 D CompatibilityChangeReporter: Compat change id reported: 143937733; UID 10220; state: ENABLED
09-02 01:18:15.640  1470  1470 I cr_ChildProcessService: Creating new ChildProcessService pid=1470
09-02 01:18:15.642  1491  1491 W SystemServiceRegistry: No service published for: uimode
09-02 01:18:15.642  1534  1534 I LoadedApk: No resource references to update in package com.google.android.trichromelibrary
09-02 01:18:15.642  1534  1534 D NetworkSecurityConfig: Using Network Security Config from resource 0_resource_name_obfuscated debugBuild: false
09-02 01:18:15.643  1534  1534 D NetworkSecurityConfig: Using Network Security Config from resource 0_resource_name_obfuscated debugBuild: false
09-02 01:18:15.644  1534  1534 I cr_SplitCompatApp: Launched version=107.0.5304.91 minSdkVersion=29 isBundle=true processName=com.android.chrome:sandboxed_process0:org.chromium.content.app.SandboxedProcessService0:73 isIsolated=true
09-02 01:18:15.646  1491  1491 I cr_ChildProcessService: Creating new ChildProcessService pid=1491
09-02 01:18:15.649  1491  1532 I cr_LibraryLoader: Using ModernLinker
09-02 01:18:15.650  1470  1492 I cr_LibraryLoader: Using ModernLinker
09-02 01:18:15.652  1470  1492 W linker  : Warning: "/data/app/~~_KLlx60MH8CoecPTjMKp8g==/com.android.chrome-kw9RHYrlHKb9bPXi8OTClw==/base.apk!/lib/arm64-v8a/libchromium_android_linker.so" unused DT entry: unknown processor-specific (type 0x70000001 arg 0x0) (ignoring)
09-02 01:18:15.652  1491  1532 W linker  : Warning: "/data/app/~~_KLlx60MH8CoecPTjMKp8g==/com.android.chrome-kw9RHYrlHKb9bPXi8OTClw==/base.apk!/lib/arm64-v8a/libchromium_android_linker.so" unused DT entry: unknown processor-specific (type 0x70000001 arg 0x0) (ignoring)
09-02 01:18:15.652  1470  1492 E cr_ChromiumAndroidLinker: ReserveAddressWithHint: Address range starting at 0x7a3874d000 was not free to use
09-02 01:18:15.653  1513  3230 D CompatibilityChangeReporter: Compat change id reported: 136274596; UID 10220; state: ENABLED
09-02 01:18:15.653  1491  1532 E cr_ChromiumAndroidLinker: ReserveAddressWithHint: Address range starting at 0x7a3874d000 was not free to use
09-02 01:18:15.654 31205 31205 D Zygote  : Forked child process 1608
09-02 01:18:15.654  1534  1534 W SystemServiceRegistry: No service published for: uimode
09-02 01:18:15.655  1608  1608 E libc    : SetHeapTaggingLevel: re-enabling tagging after it was disabled is not supported
09-02 01:18:15.659  1491  1607 I cr_LibraryLoader: Successfully loaded native library
09-02 01:18:15.660  1491  1607 I cr_CachingUmaRecorder: Flushed 3 samples from 3 histograms.
09-02 01:18:15.660  1534  1534 I cr_ChildProcessService: Creating new ChildProcessService pid=1534
09-02 01:18:15.663  1470  1606 I cr_LibraryLoader: Successfully loaded native library
09-02 01:18:15.663  1470  1606 I cr_CachingUmaRecorder: Flushed 3 samples from 3 histograms.
09-02 01:18:15.668  1608  1608 E cessService0:7: Not starting debugger since process cannot load the jdwp agent.
09-02 01:18:15.676  1513  1625 W ActivityManager: Slow operation: 1338ms so far, now at startProcess: returned from zygote!
09-02 01:18:15.676  1513  1625 W ActivityManager: Slow operation: 1338ms so far, now at startProcess: done updating battery stats
09-02 01:18:15.676  1513  1625 W ActivityManager: Slow operation: 1338ms so far, now at startProcess: building log message
09-02 01:18:15.676  1513  1625 I ActivityManager: Start proc 1608:com.android.chrome:sandboxed_process0:org.chromium.content.app.SandboxedProcessService0:75/u0ai75 for  {com.android.chrome/org.chromium.content.app.SandboxedProcessService0:75}
09-02 01:18:15.676  1513  1625 W ActivityManager: Slow operation: 1338ms so far, now at startProcess: starting to update pids map
09-02 01:18:15.676  1513  1625 W ActivityManager: Slow operation: 1338ms so far, now at startProcess: done updating pids map
09-02 01:18:15.676  1513  1625 W ActivityManager: Slow operation: 1314ms so far, now at startProcess: asking zygote to start proc
09-02 01:18:15.676  1513  1625 D CompatibilityChangeReporter: Compat change id reported: 143937733; UID 10220; state: ENABLED
09-02 01:18:15.677  1534  1557 I cr_LibraryLoader: Using ModernLinker
09-02 01:18:15.680  1534  1557 W linker  : Warning: "/data/app/~~_KLlx60MH8CoecPTjMKp8g==/com.android.chrome-kw9RHYrlHKb9bPXi8OTClw==/base.apk!/lib/arm64-v8a/libchromium_android_linker.so" unused DT entry: unknown processor-specific (type 0x70000001 arg 0x0) (ignoring)
09-02 01:18:15.680  1534  1557 E cr_ChromiumAndroidLinker: ReserveAddressWithHint: Address range starting at 0x7a3874d000 was not free to use
09-02 01:18:15.692 31205 31205 D Zygote  : Forked child process 1691
09-02 01:18:15.693  1534  1629 I cr_LibraryLoader: Successfully loaded native library
09-02 01:18:15.693  1691  1691 E libc    : SetHeapTaggingLevel: re-enabling tagging after it was disabled is not supported
09-02 01:18:15.694  1534  1629 I cr_CachingUmaRecorder: Flushed 3 samples from 3 histograms.
09-02 01:18:15.694  1513  1625 W ActivityManager: Slow operation: 1332ms so far, now at startProcess: returned from zygote!
09-02 01:18:15.695  1513  1625 W ActivityManager: Slow operation: 1332ms so far, now at startProcess: done updating battery stats
09-02 01:18:15.695  1513  1625 W ActivityManager: Slow operation: 1332ms so far, now at startProcess: building log message
09-02 01:18:15.695  1513  1625 I ActivityManager: Start proc 1691:com.android.chrome:sandboxed_process0:org.chromium.content.app.SandboxedProcessService0:76/u0ai76 for  {com.android.chrome/org.chromium.content.app.SandboxedProcessService0:76}
09-02 01:18:15.695  1513  1625 W ActivityManager: Slow operation: 1332ms so far, now at startProcess: starting to update pids map
09-02 01:18:15.695  1513  1625 W ActivityManager: Slow operation: 1332ms so far, now at startProcess: done updating pids map
09-02 01:18:15.695  1513  1625 W ActivityManager: Slow operation: 1319ms so far, now at startProcess: asking zygote to start proc
09-02 01:18:15.697  1691  1691 E cessService0:7: Not starting debugger since process cannot load the jdwp agent.
09-02 01:18:15.697  1513  3230 D CompatibilityChangeReporter: Compat change id reported: 136274596; UID 10220; state: ENABLED
09-02 01:18:15.702  1561  1561 I LoadedApk: No resource references to update in package com.google.android.trichromelibrary
09-02 01:18:15.702  1561  1561 D NetworkSecurityConfig: Using Network Security Config from resource 0_resource_name_obfuscated debugBuild: false
09-02 01:18:15.703  1561  1561 D NetworkSecurityConfig: Using Network Security Config from resource 0_resource_name_obfuscated debugBuild: false
09-02 01:18:15.703  1561  1561 I cr_SplitCompatApp: Launched version=107.0.5304.91 minSdkVersion=29 isBundle=true processName=com.android.chrome:sandboxed_process0:org.chromium.content.app.SandboxedProcessService0:74 isIsolated=true
09-02 01:18:15.709  1513  9003 D CompatibilityChangeReporter: Compat change id reported: 136274596; UID 10220; state: ENABLED
09-02 01:18:15.712  1561  1561 W SystemServiceRegistry: No service published for: uimode
09-02 01:18:15.713 31205 31205 D Zygote  : Forked child process 1732
09-02 01:18:15.714  1561  1561 I cr_ChildProcessService: Creating new ChildProcessService pid=1561
09-02 01:18:15.715  1513  1625 W ActivityManager: Slow operation: 1339ms so far, now at startProcess: returned from zygote!
09-02 01:18:15.715  1513  1625 W ActivityManager: Slow operation: 1340ms so far, now at startProcess: done updating battery stats
09-02 01:18:15.715  1513  1625 W ActivityManager: Slow operation: 1340ms so far, now at startProcess: building log message
09-02 01:18:15.715  1513  1625 I ActivityManager: Start proc 1732:com.android.chrome:sandboxed_process0:org.chromium.content.app.SandboxedProcessService0:77/u0ai77 for  {com.android.chrome/org.chromium.content.app.SandboxedProcessService0:77}
09-02 01:18:15.715  1513  1625 W ActivityManager: Slow operation: 1340ms so far, now at startProcess: starting to update pids map
09-02 01:18:15.715  1513  1625 W ActivityManager: Slow operation: 1340ms so far, now at startProcess: done updating pids map
09-02 01:18:15.715  1513  1625 W ActivityManager: Slow operation: 1318ms so far, now at startProcess: asking zygote to start proc
09-02 01:18:15.716  1513  1625 D CompatibilityChangeReporter: Compat change id reported: 143937733; UID 10220; state: ENABLED
09-02 01:18:15.716  1732  1732 E libc    : SetHeapTaggingLevel: re-enabling tagging after it was disabled is not supported
09-02 01:18:15.719  1561  1639 I cr_LibraryLoader: Using ModernLinker
09-02 01:18:15.720  1608  1608 I LoadedApk: No resource references to update in package com.google.android.trichromelibrary
09-02 01:18:15.720  1608  1608 D NetworkSecurityConfig: Using Network Security Config from resource 0_resource_name_obfuscated debugBuild: false
09-02 01:18:15.720  1732  1732 E cessService0:7: Not starting debugger since process cannot load the jdwp agent.
09-02 01:18:15.721  1561  1639 W linker  : Warning: "/data/app/~~_KLlx60MH8CoecPTjMKp8g==/com.android.chrome-kw9RHYrlHKb9bPXi8OTClw==/base.apk!/lib/arm64-v8a/libchromium_android_linker.so" unused DT entry: unknown processor-specific (type 0x70000001 arg 0x0) (ignoring)
09-02 01:18:15.722  1608  1608 D NetworkSecurityConfig: Using Network Security Config from resource 0_resource_name_obfuscated debugBuild: false
09-02 01:18:15.722  1561  1639 E cr_ChromiumAndroidLinker: ReserveAddressWithHint: Address range starting at 0x7a3874d000 was not free to use
09-02 01:18:15.723  1608  1608 I cr_SplitCompatApp: Launched version=107.0.5304.91 minSdkVersion=29 isBundle=true processName=com.android.chrome:sandboxed_process0:org.chromium.content.app.SandboxedProcessService0:75 isIsolated=true
09-02 01:18:15.728  1561  1738 I cr_LibraryLoader: Successfully loaded native library
09-02 01:18:15.728  1561  1738 I cr_CachingUmaRecorder: Flushed 3 samples from 3 histograms.
09-02 01:18:15.736  1513  9003 D CompatibilityChangeReporter: Compat change id reported: 136274596; UID 10220; state: ENABLED
09-02 01:18:15.737  1691  1691 I LoadedApk: No resource references to update in package com.google.android.trichromelibrary
09-02 01:18:15.737  1691  1691 D NetworkSecurityConfig: Using Network Security Config from resource 0_resource_name_obfuscated debugBuild: false
09-02 01:18:15.737  1691  1691 D NetworkSecurityConfig: Using Network Security Config from resource 0_resource_name_obfuscated debugBuild: false
09-02 01:18:15.738  1691  1691 I cr_SplitCompatApp: Launched version=107.0.5304.91 minSdkVersion=29 isBundle=true processName=com.android.chrome:sandboxed_process0:org.chromium.content.app.SandboxedProcessService0:76 isIsolated=true
09-02 01:18:15.739  1608  1608 W SystemServiceRegistry: No service published for: uimode
09-02 01:18:15.742 31205 31205 D Zygote  : Forked child process 1770
09-02 01:18:15.743  1513  1625 W ActivityManager: Slow operation: 1346ms so far, now at startProcess: returned from zygote!
09-02 01:18:15.743  1513  1625 W ActivityManager: Slow operation: 1346ms so far, now at startProcess: done updating battery stats
09-02 01:18:15.743  1513  1625 W ActivityManager: Slow operation: 1346ms so far, now at startProcess: building log message
09-02 01:18:15.743  1513  1625 I ActivityManager: Start proc 1770:com.android.chrome:sandboxed_process0:org.chromium.content.app.SandboxedProcessService0:78/u0ai78 for  {com.android.chrome/org.chromium.content.app.SandboxedProcessService0:78}
09-02 01:18:15.743  1513  1625 W ActivityManager: Slow operation: 1346ms so far, now at startProcess: starting to update pids map
09-02 01:18:15.743  1513  1625 W ActivityManager: Slow operation: 1346ms so far, now at startProcess: done updating pids map
09-02 01:18:15.743  1513  1625 W ActivityManager: Slow operation: 1316ms so far, now at startProcess: asking zygote to start proc
09-02 01:18:15.743  1513  1625 D CompatibilityChangeReporter: Compat change id reported: 143937733; UID 10220; state: ENABLED
09-02 01:18:15.744  1608  1608 I cr_ChildProcessService: Creating new ChildProcessService pid=1608
09-02 01:18:15.745  1691  1691 W SystemServiceRegistry: No service published for: uimode
09-02 01:18:15.745  1770  1770 E libc    : SetHeapTaggingLevel: re-enabling tagging after it was disabled is not supported
09-02 01:18:15.751  1691  1691 I cr_ChildProcessService: Creating new ChildProcessService pid=1691
09-02 01:18:15.751  1608  1724 I cr_LibraryLoader: Using ModernLinker
09-02 01:18:15.752  1608  1724 W linker  : Warning: "/data/app/~~_KLlx60MH8CoecPTjMKp8g==/com.android.chrome-kw9RHYrlHKb9bPXi8OTClw==/base.apk!/lib/arm64-v8a/libchromium_android_linker.so" unused DT entry: unknown processor-specific (type 0x70000001 arg 0x0) (ignoring)
09-02 01:18:15.752  1608  1724 E cr_ChromiumAndroidLinker: ReserveAddressWithHint: Address range starting at 0x7a3874d000 was not free to use
09-02 01:18:15.753  1770  1770 E cessService0:7: Not starting debugger since process cannot load the jdwp agent.
09-02 01:18:15.759  1732  1732 I LoadedApk: No resource references to update in package com.google.android.trichromelibrary
09-02 01:18:15.759  1732  1732 D NetworkSecurityConfig: Using Network Security Config from resource 0_resource_name_obfuscated debugBuild: false
09-02 01:18:15.760  1732  1732 D NetworkSecurityConfig: Using Network Security Config from resource 0_resource_name_obfuscated debugBuild: false
09-02 01:18:15.761  1691  1731 I cr_LibraryLoader: Using ModernLinker
09-02 01:18:15.761  1608  1779 I cr_LibraryLoader: Successfully loaded native library
09-02 01:18:15.762  1732  1732 I cr_SplitCompatApp: Launched version=107.0.5304.91 minSdkVersion=29 isBundle=true processName=com.android.chrome:sandboxed_process0:org.chromium.content.app.SandboxedProcessService0:77 isIsolated=true
09-02 01:18:15.762  1608  1779 I cr_CachingUmaRecorder: Flushed 3 samples from 3 histograms.
09-02 01:18:15.763  1691  1731 W linker  : Warning: "/data/app/~~_KLlx60MH8CoecPTjMKp8g==/com.android.chrome-kw9RHYrlHKb9bPXi8OTClw==/base.apk!/lib/arm64-v8a/libchromium_android_linker.so" unused DT entry: unknown processor-specific (type 0x70000001 arg 0x0) (ignoring)
09-02 01:18:15.764  1691  1731 E cr_ChromiumAndroidLinker: ReserveAddressWithHint: Address range starting at 0x7a3874d000 was not free to use
09-02 01:18:15.766 31205 31205 D Zygote  : Forked child process 1806
09-02 01:18:15.767  1513  3246 D CompatibilityChangeReporter: Compat change id reported: 136274596; UID 10220; state: ENABLED
09-02 01:18:15.767  1513  1625 W ActivityManager: Slow operation: 1340ms so far, now at startProcess: returned from zygote!
09-02 01:18:15.768  1806  1806 E libc    : SetHeapTaggingLevel: re-enabling tagging after it was disabled is not supported
09-02 01:18:15.772  1513  1625 W ActivityManager: Slow operation: 1345ms so far, now at startProcess: done updating battery stats
09-02 01:18:15.772  1691  1788 I cr_LibraryLoader: Successfully loaded native library
09-02 01:18:15.772  1513  1625 W ActivityManager: Slow operation: 1345ms so far, now at startProcess: building log message
09-02 01:18:15.772  1513  1625 I ActivityManager: Start proc 1806:com.android.chrome:sandboxed_process0:org.chromium.content.app.SandboxedProcessService0:79/u0ai79 for  {com.android.chrome/org.chromium.content.app.SandboxedProcessService0:79}
09-02 01:18:15.772  1513  1625 W ActivityManager: Slow operation: 1345ms so far, now at startProcess: starting to update pids map
09-02 01:18:15.772  1513  1625 W ActivityManager: Slow operation: 1345ms so far, now at startProcess: done updating pids map
09-02 01:18:15.772  1513  1625 W ActivityManager: Slow operation: 1312ms so far, now at startProcess: asking zygote to start proc
09-02 01:18:15.772  1513  1625 D CompatibilityChangeReporter: Compat change id reported: 143937733; UID 10220; state: ENABLED
09-02 01:18:15.773  1691  1788 I cr_CachingUmaRecorder: Flushed 3 samples from 3 histograms.
09-02 01:18:15.774  1732  1732 W SystemServiceRegistry: No service published for: uimode
09-02 01:18:15.778  1806  1806 E cessService0:7: Not starting debugger since process cannot load the jdwp agent.
09-02 01:18:15.779  1732  1732 I cr_ChildProcessService: Creating new ChildProcessService pid=1732
09-02 01:18:15.784  1732  1769 I cr_LibraryLoader: Using ModernLinker
09-02 01:18:15.787  1732  1769 W linker  : Warning: "/data/app/~~_KLlx60MH8CoecPTjMKp8g==/com.android.chrome-kw9RHYrlHKb9bPXi8OTClw==/base.apk!/lib/arm64-v8a/libchromium_android_linker.so" unused DT entry: unknown processor-specific (type 0x70000001 arg 0x0) (ignoring)
09-02 01:18:15.787  1513  9003 D CompatibilityChangeReporter: Compat change id reported: 136274596; UID 10220; state: ENABLED
09-02 01:18:15.788  1732  1769 E cr_ChromiumAndroidLinker: ReserveAddressWithHint: Address range starting at 0x7a3874d000 was not free to use
09-02 01:18:15.789  1770  1770 I LoadedApk: No resource references to update in package com.google.android.trichromelibrary
09-02 01:18:15.789  1770  1770 D NetworkSecurityConfig: Using Network Security Config from resource 0_resource_name_obfuscated debugBuild: false
09-02 01:18:15.790  1770  1770 D NetworkSecurityConfig: Using Network Security Config from resource 0_resource_name_obfuscated debugBuild: false
09-02 01:18:15.792  1732  1827 I cr_LibraryLoader: Successfully loaded native library
09-02 01:18:15.792  1732  1827 I cr_CachingUmaRecorder: Flushed 3 samples from 3 histograms.
09-02 01:18:15.793 31205 31205 D Zygote  : Forked child process 1830
09-02 01:18:15.794  1513  1625 W ActivityManager: Slow operation: 1334ms so far, now at startProcess: returned from zygote!
09-02 01:18:15.794  1513  1625 W ActivityManager: Slow operation: 1334ms so far, now at startProcess: done updating battery stats
09-02 01:18:15.794  1513  1625 W ActivityManager: Slow operation: 1334ms so far, now at startProcess: building log message
09-02 01:18:15.794  1513  1625 I ActivityManager: Start proc 1830:com.android.chrome:sandboxed_process0:org.chromium.content.app.SandboxedProcessService0:80/u0ai80 for  {com.android.chrome/org.chromium.content.app.SandboxedProcessService0:80}
09-02 01:18:15.795  1513  1625 W ActivityManager: Slow operation: 1334ms so far, now at startProcess: starting to update pids map
09-02 01:18:15.795  1513  1625 W ActivityManager: Slow operation: 1334ms so far, now at startProcess: done updating pids map
09-02 01:18:15.795  1513  1625 W ActivityManager: Slow operation: 1314ms so far, now at startProcess: asking zygote to start proc
09-02 01:18:15.795  1513  1625 D CompatibilityChangeReporter: Compat change id reported: 143937733; UID 10220; state: ENABLED
09-02 01:18:15.798  1770  1770 I cr_SplitCompatApp: Launched version=107.0.5304.91 minSdkVersion=29 isBundle=true processName=com.android.chrome:sandboxed_process0:org.chromium.content.app.SandboxedProcessService0:78 isIsolated=true
09-02 01:18:15.802  1770  1770 W SystemServiceRegistry: No service published for: uimode
09-02 01:18:15.804  1830  1830 E libc    : SetHeapTaggingLevel: re-enabling tagging after it was disabled is not supported
09-02 01:18:15.808  1770  1770 I cr_ChildProcessService: Creating new ChildProcessService pid=1770
09-02 01:18:15.808  1830  1830 E cessService0:8: Not starting debugger since process cannot load the jdwp agent.
09-02 01:18:15.812  1770  1816 I cr_LibraryLoader: Using ModernLinker
09-02 01:18:15.813  1770  1816 W linker  : Warning: "/data/app/~~_KLlx60MH8CoecPTjMKp8g==/com.android.chrome-kw9RHYrlHKb9bPXi8OTClw==/base.apk!/lib/arm64-v8a/libchromium_android_linker.so" unused DT entry: unknown processor-specific (type 0x70000001 arg 0x0) (ignoring)
09-02 01:18:15.813  1770  1816 E cr_ChromiumAndroidLinker: ReserveAddressWithHint: Address range starting at 0x7a3874d000 was not free to use
09-02 01:18:15.816  1770  1871 I cr_LibraryLoader: Successfully loaded native library
09-02 01:18:15.816  1806  1806 I LoadedApk: No resource references to update in package com.google.android.trichromelibrary
09-02 01:18:15.816  1770  1871 I cr_CachingUmaRecorder: Flushed 3 samples from 3 histograms.
09-02 01:18:15.816  1806  1806 D NetworkSecurityConfig: Using Network Security Config from resource 0_resource_name_obfuscated debugBuild: false
09-02 01:18:15.818  1806  1806 D NetworkSecurityConfig: Using Network Security Config from resource 0_resource_name_obfuscated debugBuild: false
09-02 01:18:15.821  1806  1806 I cr_SplitCompatApp: Launched version=107.0.5304.91 minSdkVersion=29 isBundle=true processName=com.android.chrome:sandboxed_process0:org.chromium.content.app.SandboxedProcessService0:79 isIsolated=true
09-02 01:18:15.823 31205 31205 D Zygote  : Forked child process 1890
09-02 01:18:15.826  1890  1890 E libc    : SetHeapTaggingLevel: re-enabling tagging after it was disabled is not supported
09-02 01:18:15.827  1513  1625 W ActivityManager: Slow operation: 1347ms so far, now at startProcess: returned from zygote!
09-02 01:18:15.828  1890  1890 E cessService0:8: Not starting debugger since process cannot load the jdwp agent.
09-02 01:18:15.828  1513  3230 D CompatibilityChangeReporter: Compat change id reported: 136274596; UID 10220; state: ENABLED
09-02 01:18:15.831  1513  1625 W ActivityManager: Slow operation: 1351ms so far, now at startProcess: done updating battery stats
09-02 01:18:15.831  1513  1625 W ActivityManager: Slow operation: 1351ms so far, now at startProcess: building log message
09-02 01:18:15.831  1513  1625 I ActivityManager: Start proc 1890:com.android.chrome:sandboxed_process0:org.chromium.content.app.SandboxedProcessService0:81/u0ai81 for  {com.android.chrome/org.chromium.content.app.SandboxedProcessService0:81}
09-02 01:18:15.831  1513  1625 W ActivityManager: Slow operation: 1351ms so far, now at startProcess: starting to update pids map
09-02 01:18:15.831  1513  1625 W ActivityManager: Slow operation: 1351ms so far, now at startProcess: done updating pids map
09-02 01:18:15.832  1513  1625 W ActivityManager: Slow operation: 1323ms so far, now at startProcess: asking zygote to start proc
09-02 01:18:15.832  1513  1625 D CompatibilityChangeReporter: Compat change id reported: 143937733; UID 10220; state: ENABLED
09-02 01:18:15.836  1513  9003 D CompatibilityChangeReporter: Compat change id reported: 136274596; UID 10220; state: ENABLED
09-02 01:18:15.836  1806  1806 W SystemServiceRegistry: No service published for: uimode
09-02 01:18:15.843  1806  1806 I cr_ChildProcessService: Creating new ChildProcessService pid=1806
09-02 01:18:15.844 31205 31205 D Zygote  : Forked child process 1925
09-02 01:18:15.844  1513  1625 W ActivityManager: Slow operation: 1336ms so far, now at startProcess: returned from zygote!
09-02 01:18:15.844  1513  1625 W ActivityManager: Slow operation: 1336ms so far, now at startProcess: done updating battery stats
09-02 01:18:15.844  1513  1625 W ActivityManager: Slow operation: 1336ms so far, now at startProcess: building log message
09-02 01:18:15.845  1513  1625 I ActivityManager: Start proc 1925:com.android.chrome:sandboxed_process0:org.chromium.content.app.SandboxedProcessService0:82/u0ai82 for  {com.android.chrome/org.chromium.content.app.SandboxedProcessService0:82}
09-02 01:18:15.845  1513  1625 W ActivityManager: Slow operation: 1336ms so far, now at startProcess: starting to update pids map
09-02 01:18:15.845  1513  1625 W ActivityManager: Slow operation: 1336ms so far, now at startProcess: done updating pids map
09-02 01:18:15.845  1513  1625 W ActivityManager: Slow operation: 1290ms so far, now at startProcess: asking zygote to start proc
09-02 01:18:15.845  1513  1625 D CompatibilityChangeReporter: Compat change id reported: 143937733; UID 10220; state: ENABLED
09-02 01:18:15.850  1925  1925 E libc    : SetHeapTaggingLevel: re-enabling tagging after it was disabled is not supported
09-02 01:18:15.851  1806  1840 I cr_LibraryLoader: Using ModernLinker
09-02 01:18:15.852  1830  1830 I LoadedApk: No resource references to update in package com.google.android.trichromelibrary
09-02 01:18:15.853  1830  1830 D NetworkSecurityConfig: Using Network Security Config from resource 0_resource_name_obfuscated debugBuild: false
09-02 01:18:15.854  1830  1830 D NetworkSecurityConfig: Using Network Security Config from resource 0_resource_name_obfuscated debugBuild: false
09-02 01:18:15.856  1830  1830 I cr_SplitCompatApp: Launched version=107.0.5304.91 minSdkVersion=29 isBundle=true processName=com.android.chrome:sandboxed_process0:org.chromium.content.app.SandboxedProcessService0:80 isIsolated=true
09-02 01:18:15.856  1925  1925 E cessService0:8: Not starting debugger since process cannot load the jdwp agent.
09-02 01:18:15.856  1806  1840 W linker  : Warning: "/data/app/~~_KLlx60MH8CoecPTjMKp8g==/com.android.chrome-kw9RHYrlHKb9bPXi8OTClw==/base.apk!/lib/arm64-v8a/libchromium_android_linker.so" unused DT entry: unknown processor-specific (type 0x70000001 arg 0x0) (ignoring)
09-02 01:18:15.857  1890  1890 I LoadedApk: No resource references to update in package com.google.android.trichromelibrary
09-02 01:18:15.857  1890  1890 D NetworkSecurityConfig: Using Network Security Config from resource 0_resource_name_obfuscated debugBuild: false
09-02 01:18:15.857  1806  1840 E cr_ChromiumAndroidLinker: ReserveAddressWithHint: Address range starting at 0x7a3874d000 was not free to use
09-02 01:18:15.858  1890  1890 D NetworkSecurityConfig: Using Network Security Config from resource 0_resource_name_obfuscated debugBuild: false
09-02 01:18:15.859  1890  1890 I cr_SplitCompatApp: Launched version=107.0.5304.91 minSdkVersion=29 isBundle=true processName=com.android.chrome:sandboxed_process0:org.chromium.content.app.SandboxedProcessService0:81 isIsolated=true
09-02 01:18:15.860  1806  1926 I cr_LibraryLoader: Successfully loaded native library
09-02 01:18:15.861  1806  1926 I cr_CachingUmaRecorder: Flushed 3 samples from 3 histograms.
09-02 01:18:15.862 31205 31205 D Zygote  : Forked child process 1951
09-02 01:18:15.862  1513  1625 W ActivityManager: Slow operation: 1308ms so far, now at startProcess: returned from zygote!
09-02 01:18:15.862  1513  3230 D CompatibilityChangeReporter: Compat change id reported: 136274596; UID 10220; state: ENABLED
09-02 01:18:15.866  1513  1625 W ActivityManager: Slow operation: 1311ms so far, now at startProcess: done updating battery stats
09-02 01:18:15.866  1513  1625 W ActivityManager: Slow operation: 1311ms so far, now at startProcess: building log message
09-02 01:18:15.866  1513  1625 I ActivityManager: Start proc 1951:com.android.chrome:sandboxed_process0:org.chromium.content.app.SandboxedProcessService0:83/u0ai83 for  {com.android.chrome/org.chromium.content.app.SandboxedProcessService0:83}
09-02 01:18:15.866  1513  1625 W ActivityManager: Slow operation: 1311ms so far, now at startProcess: starting to update pids map
09-02 01:18:15.866  1513  1625 W ActivityManager: Slow operation: 1312ms so far, now at startProcess: done updating pids map
09-02 01:18:15.866  1513  1625 W ActivityManager: Slow operation: 1302ms so far, now at startProcess: asking zygote to start proc
09-02 01:18:15.866  1513  1625 D CompatibilityChangeReporter: Compat change id reported: 143937733; UID 10220; state: ENABLED
09-02 01:18:15.868  1830  1830 W SystemServiceRegistry: No service published for: uimode
09-02 01:18:15.868  1951  1951 E libc    : SetHeapTaggingLevel: re-enabling tagging after it was disabled is not supported
09-02 01:18:15.873  1830  1830 I cr_ChildProcessService: Creating new ChildProcessService pid=1830
09-02 01:18:15.873  1951  1951 E cessService0:8: Not starting debugger since process cannot load the jdwp agent.
09-02 01:18:15.876  1830  1920 I cr_LibraryLoader: Using ModernLinker
09-02 01:18:15.877  1830  1920 W linker  : Warning: "/data/app/~~_KLlx60MH8CoecPTjMKp8g==/com.android.chrome-kw9RHYrlHKb9bPXi8OTClw==/base.apk!/lib/arm64-v8a/libchromium_android_linker.so" unused DT entry: unknown processor-specific (type 0x70000001 arg 0x0) (ignoring)
09-02 01:18:15.877  1830  1920 E cr_ChromiumAndroidLinker: ReserveAddressWithHint: Address range starting at 0x7a3874d000 was not free to use
09-02 01:18:15.880  1890  1890 W SystemServiceRegistry: No service published for: uimode
09-02 01:18:15.884  1513  3230 D CompatibilityChangeReporter: Compat change id reported: 136274596; UID 10220; state: ENABLED
09-02 01:18:15.886  1890  1890 I cr_ChildProcessService: Creating new ChildProcessService pid=1890
09-02 01:18:15.886 31205 31205 D Zygote  : Forked child process 1986
09-02 01:18:15.887  1513  1625 W ActivityManager: Slow operation: 1323ms so far, now at startProcess: returned from zygote!
09-02 01:18:15.889  1830  1963 I cr_LibraryLoader: Successfully loaded native library
09-02 01:18:15.889  1830  1963 I cr_CachingUmaRecorder: Flushed 3 samples from 3 histograms.
09-02 01:18:15.891  1513  1625 W ActivityManager: Slow operation: 1327ms so far, now at startProcess: done updating battery stats
09-02 01:18:15.891  1513  1625 W ActivityManager: Slow operation: 1327ms so far, now at startProcess: building log message
09-02 01:18:15.891  1513  1625 I ActivityManager: Start proc 1986:com.android.chrome:sandboxed_process0:org.chromium.content.app.SandboxedProcessService0:84/u0ai84 for  {com.android.chrome/org.chromium.content.app.SandboxedProcessService0:84}
09-02 01:18:15.891  1513  1625 W ActivityManager: Slow operation: 1327ms so far, now at startProcess: starting to update pids map
09-02 01:18:15.893  1513  1625 W ActivityManager: Slow operation: 1328ms so far, now at startProcess: done updating pids map
09-02 01:18:15.893  1513  1625 W ActivityManager: Slow operation: 1308ms so far, now at startProcess: asking zygote to start proc
09-02 01:18:15.893  1513  1625 D CompatibilityChangeReporter: Compat change id reported: 143937733; UID 10220; state: ENABLED
09-02 01:18:15.894  1986  1986 E libc    : SetHeapTaggingLevel: re-enabling tagging after it was disabled is not supported
09-02 01:18:15.898  1890  1922 I cr_LibraryLoader: Using ModernLinker
09-02 01:18:15.898  1925  1925 I LoadedApk: No resource references to update in package com.google.android.trichromelibrary
09-02 01:18:15.898  1925  1925 D NetworkSecurityConfig: Using Network Security Config from resource 0_resource_name_obfuscated debugBuild: false
09-02 01:18:15.899  1890  1922 W linker  : Warning: "/data/app/~~_KLlx60MH8CoecPTjMKp8g==/com.android.chrome-kw9RHYrlHKb9bPXi8OTClw==/base.apk!/lib/arm64-v8a/libchromium_android_linker.so" unused DT entry: unknown processor-specific (type 0x70000001 arg 0x0) (ignoring)
09-02 01:18:15.899  1890  1922 E cr_ChromiumAndroidLinker: ReserveAddressWithHint: Address range starting at 0x7a3874d000 was not free to use
09-02 01:18:15.899  1925  1925 D NetworkSecurityConfig: Using Network Security Config from resource 0_resource_name_obfuscated debugBuild: false
09-02 01:18:15.901  1925  1925 I cr_SplitCompatApp: Launched version=107.0.5304.91 minSdkVersion=29 isBundle=true processName=com.android.chrome:sandboxed_process0:org.chromium.content.app.SandboxedProcessService0:82 isIsolated=true
09-02 01:18:15.905  1890  1988 I cr_LibraryLoader: Successfully loaded native library
09-02 01:18:15.906  1986  1986 E cessService0:8: Not starting debugger since process cannot load the jdwp agent.
09-02 01:18:15.906  1890  1988 I cr_CachingUmaRecorder: Flushed 3 samples from 3 histograms.
09-02 01:18:15.915 31205 31205 D Zygote  : Forked child process 2107
09-02 01:18:15.916  1951  1951 I LoadedApk: No resource references to update in package com.google.android.trichromelibrary
09-02 01:18:15.916  1951  1951 D NetworkSecurityConfig: Using Network Security Config from resource 0_resource_name_obfuscated debugBuild: false
09-02 01:18:15.916  1513  3246 D CompatibilityChangeReporter: Compat change id reported: 136274596; UID 10220; state: ENABLED
09-02 01:18:15.917  1925  1925 W SystemServiceRegistry: No service published for: uimode
09-02 01:18:15.917  1951  1951 D NetworkSecurityConfig: Using Network Security Config from resource 0_resource_name_obfuscated debugBuild: false
09-02 01:18:15.919  1951  1951 I cr_SplitCompatApp: Launched version=107.0.5304.91 minSdkVersion=29 isBundle=true processName=com.android.chrome:sandboxed_process0:org.chromium.content.app.SandboxedProcessService0:83 isIsolated=true
09-02 01:18:15.920  2107  2107 E libc    : SetHeapTaggingLevel: re-enabling tagging after it was disabled is not supported
09-02 01:18:15.920  1513  1625 W ActivityManager: Slow operation: 1336ms so far, now at startProcess: returned from zygote!
09-02 01:18:15.921  1513  1625 W ActivityManager: Slow operation: 1336ms so far, now at startProcess: done updating battery stats
09-02 01:18:15.921  1513  1625 W ActivityManager: Slow operation: 1337ms so far, now at startProcess: building log message
09-02 01:18:15.921  1513  1625 I ActivityManager: Start proc 2107:com.android.chrome:sandboxed_process0:org.chromium.content.app.SandboxedProcessService0:85/u0ai85 for  {com.android.chrome/org.chromium.content.app.SandboxedProcessService0:85}
09-02 01:18:15.921  1513  1625 W ActivityManager: Slow operation: 1337ms so far, now at startProcess: starting to update pids map
09-02 01:18:15.921  1513  1625 W ActivityManager: Slow operation: 1337ms so far, now at startProcess: done updating pids map
09-02 01:18:15.921  1513  1625 W ActivityManager: Slow operation: 1322ms so far, now at startProcess: asking zygote to start proc
09-02 01:18:15.921  1513  1625 D CompatibilityChangeReporter: Compat change id reported: 143937733; UID 10220; state: ENABLED
09-02 01:18:15.922  1925  1925 I cr_ChildProcessService: Creating new ChildProcessService pid=1925
09-02 01:18:15.926  2107  2107 E cessService0:8: Not starting debugger since process cannot load the jdwp agent.
09-02 01:18:15.928  1925  1956 I cr_LibraryLoader: Using ModernLinker
09-02 01:18:15.930  1925  1956 W linker  : Warning: "/data/app/~~_KLlx60MH8CoecPTjMKp8g==/com.android.chrome-kw9RHYrlHKb9bPXi8OTClw==/base.apk!/lib/arm64-v8a/libchromium_android_linker.so" unused DT entry: unknown processor-specific (type 0x70000001 arg 0x0) (ignoring)
09-02 01:18:15.931  1925  1956 E cr_ChromiumAndroidLinker: ReserveAddressWithHint: Address range starting at 0x7a3874d000 was not free to use
09-02 01:18:15.932  1951  1951 W SystemServiceRegistry: No service published for: uimode
09-02 01:18:15.935  1925  2120 I cr_LibraryLoader: Successfully loaded native library
09-02 01:18:15.935  1925  2120 I cr_CachingUmaRecorder: Flushed 3 samples from 3 histograms.
09-02 01:18:15.938  1951  1951 I cr_ChildProcessService: Creating new ChildProcessService pid=1951
09-02 01:18:15.938  1513  3246 D CompatibilityChangeReporter: Compat change id reported: 136274596; UID 10220; state: ENABLED
09-02 01:18:15.939 31205 31205 D Zygote  : Forked child process 2131
09-02 01:18:15.941  1513  1625 W ActivityManager: Slow operation: 1341ms so far, now at startProcess: returned from zygote!
09-02 01:18:15.941  1513  1625 W ActivityManager: Slow operation: 1341ms so far, now at startProcess: done updating battery stats
09-02 01:18:15.941  1513  1625 W ActivityManager: Slow operation: 1342ms so far, now at startProcess: building log message
