09-02 01:16:47.007   901  1000 E ASH     : @ 55393.458: No pb callback assigned
09-02 01:16:47.007   901  1000 E ASH     : @ 55393.458: Nanopb error: callback failed:1588
09-02 01:16:47.056   901  1000 I ASH     : @ 55393.507: tcs3701: ADC is saturated, removed sample from FIFO.
09-02 01:16:47.077 27667 30658 I BatteryMgr:DataCollectionService: stats => 1693610207077,5493,4396
09-02 01:16:47.180 27667 30658 I BatteryMgr:DataCollectionService: stats => 1693610207180,5493,4396
09-02 01:16:47.196  2062 10442 D PowerUI : can't show warning due to - plugged: true status unknown: false
09-02 01:16:47.196  2410  2410 D DeviceStatisticsService: chargerType=2 batteryLevel=100 totalBatteryCapacity=4127300
09-02 01:16:47.196  2410  2410 D DeviceInfoHidlClient: isPowerInfoNeverSent()=true
09-02 01:16:47.196  2410  2410 D DeviceInfoHidlClient: getPowerInfoSupportStatus()=-1
09-02 01:16:47.211   901  2806 I sensors-hal: [ssc_utils]get_qmi_debug_flag:244, support_qmi_debug : false
09-02 01:16:47.247   901  1000 W ASH     : @ 55393.698: Unhandled msg ID 999: line 1277
09-02 01:16:47.247   901  1000 E ASH     : @ 55393.698: No pb callback assigned
09-02 01:16:47.247   901  1000 E ASH     : @ 55393.698: Nanopb error: callback failed:1588
09-02 01:16:47.284 27667 30658 I BatteryMgr:DataCollectionService: stats => 1693610207284,5493,4397
09-02 01:16:47.297   901  2806 I sensors-hal: [ssc_utils]get_qmi_debug_flag:244, support_qmi_debug : false
09-02 01:16:47.327   901  1000 W ASH     : @ 55393.778: Unhandled msg ID 999: line 1277
09-02 01:16:47.327   901  1000 E ASH     : @ 55393.778: No pb callback assigned
09-02 01:16:47.327   901  1000 E ASH     : @ 55393.778: Nanopb error: callback failed:1588
09-02 01:16:47.362   901  1000 I ASH     : @ 55393.813: tcs3701: ADC is saturated, removed sample from FIFO.
09-02 01:16:47.395 27667 30658 I BatteryMgr:DataCollectionService: stats => 1693610207395,5493,4397
09-02 01:16:47.500 27667 30658 I BatteryMgr:DataCollectionService: stats => 1693610207499,5493,4397
09-02 01:16:47.605 27667 30658 I BatteryMgr:DataCollectionService: stats => 1693610207604,5493,4397
09-02 01:16:47.711 27667 30658 I BatteryMgr:DataCollectionService: stats => 1693610207711,5493,4397
09-02 01:16:47.816 27667 30658 I BatteryMgr:DataCollectionService: stats => 1693610207816,5493,4397
09-02 01:16:47.921 27667 30658 I BatteryMgr:DataCollectionService: stats => 1693610207921,5493,4397
09-02 01:16:48.025 27667 30658 I BatteryMgr:DataCollectionService: stats => 1693610208025,5493,4397
09-02 01:16:48.130 27667 30658 I BatteryMgr:DataCollectionService: stats => 1693610208130,5493,4397
09-02 01:16:48.233  9499  9499 D BoundBrokerSvc: onUnbind: Intent { act=com.google.android.gms.inappreach.service.START dat=chimera-action: cmp=com.google.android.gms/.chimera.GmsApiService }
09-02 01:16:48.238 27667 30658 I BatteryMgr:DataCollectionService: stats => 1693610208238,5493,4397
09-02 01:16:48.291   901  1000 D VSC     : @ 55394.742: [WO] tilt angle 87
09-02 01:16:48.343 27667 30658 I BatteryMgr:DataCollectionService: stats => 1693610208343,5493,4397
09-02 01:16:48.448 27667 30658 I BatteryMgr:DataCollectionService: stats => 1693610208448,5493,4397
09-02 01:16:48.554 27667 30658 I BatteryMgr:DataCollectionService: stats => 1693610208554,5493,4397
09-02 01:16:48.661 27667 30658 I BatteryMgr:DataCollectionService: stats => 1693610208661,5493,4397
09-02 01:16:48.768 27667 30658 I BatteryMgr:DataCollectionService: stats => 1693610208767,5493,4397
09-02 01:16:48.873 27667 30658 I BatteryMgr:DataCollectionService: stats => 1693610208873,5493,4397
09-02 01:16:48.980 27667 30658 I BatteryMgr:DataCollectionService: stats => 1693610208980,5493,4397
09-02 01:16:49.086 27667 30658 I BatteryMgr:DataCollectionService: stats => 1693610209086,5493,4397
09-02 01:16:49.193 27667 30658 I BatteryMgr:DataCollectionService: stats => 1693610209192,5493,4397
09-02 01:16:49.299 27667 30658 I BatteryMgr:DataCollectionService: stats => 1693610209298,5493,4397
09-02 01:16:49.405 27667 30658 I BatteryMgr:DataCollectionService: stats => 1693610209405,5493,4397
09-02 01:16:49.510 27667 30658 I BatteryMgr:DataCollectionService: stats => 1693610209510,5493,4397
09-02 01:16:49.591 27730 27730 E cr_BTSPrefs: No data found for task id: 56
09-02 01:16:49.592 27730 27730 E cr_BkgrdTaskScheduler: Task cannot be canceled because no data was found instorage or data was invalid
09-02 01:16:49.617 27667 30658 I BatteryMgr:DataCollectionService: stats => 1693610209617,5493,4397
09-02 01:16:49.723 27667 30658 I BatteryMgr:DataCollectionService: stats => 1693610209723,5493,4397
09-02 01:16:49.828 27667 30658 I BatteryMgr:DataCollectionService: stats => 1693610209828,5493,4397
09-02 01:16:49.858  2446  4456 D QCNEJ/WlanStaInfoRelay: Received action: android.net.wifi.RSSI_CHANGED
09-02 01:16:49.858  2446  4456 I QCNEJ/NativeHalConnector: -> SND notifyWlanStaStatusChanged([WlanStaInfo]: wifiSwitchState = 1 rssi = -56 ssid = WiFi 69 bssid = 76:4d:28:12:bf:83 dnsInfo = 192.168.88.1;8.8.8.8;0.0.0.0;0.0.0.0; freqBand = _2GHz countryCode = nl[RatInfo]: networkType = 1 subType = 101 networkState = CONNECTED netHdl = 432902426637 ipAddrV4 = 192.168.88.174 ipAddrV6 =  ifNameV4 = wlan0 ifNameV6 =  slotIdx = 0 isAndroidValidated = true) timeStamp = 2023-09-02 01:16:49.858
09-02 01:16:49.873  8855  8928 I CarrierServices: [11702] hbe.handleMessage: RcsEngineImpl[DUAL_REG]:[31697964-3ba3]>Handler: handleMessage processing message:[NOTIFY_UPTIME_IGNORE_STATE_CHANGED] with [non-null]:RcsEngineImpl reference
09-02 01:16:49.873  1513  2000 D ConnectivityService: NetReassign [no changes]
09-02 01:16:49.874  8855  8930 I CarrierServices: [11703] gko.c: Connected state: [1], networkType: [WIFI]
09-02 01:16:49.874  2474 12259 E PhoneInterfaceManager: [PhoneIntfMgr] getCarrierPrivilegeStatus: Invalid subId
09-02 01:16:49.874  8855  8928 I CarrierServices: [11702] gyk.h: RCS Configuration storage in Bugle is disabled by p/h flag, using ProvisioningEngineStateCacheUtil.getProvisioningConfigurationForGivenSimIfExist()
09-02 01:16:49.875   901  2806 I sensors-hal: [ssc_utils]get_qmi_debug_flag:244, support_qmi_debug : false
09-02 01:16:49.887   901  1000 W ASH     : @ 55396.338: Unhandled msg ID 999: line 1277
09-02 01:16:49.887   901  1000 E ASH     : @ 55396.338: No pb callback assigned
09-02 01:16:49.887   901  1000 E ASH     : @ 55396.338: Nanopb error: callback failed:1588
09-02 01:16:49.934 27667 30658 I BatteryMgr:DataCollectionService: stats => 1693610209934,5493,4397
09-02 01:16:49.970   901  2806 I sensors-hal: [ssc_utils]get_qmi_debug_flag:244, support_qmi_debug : false
09-02 01:16:50.008   901  1000 W ASH     : @ 55396.458: Unhandled msg ID 999: line 1277
09-02 01:16:50.008   901  1000 E ASH     : @ 55396.458: No pb callback assigned
09-02 01:16:50.008   901  1000 E ASH     : @ 55396.458: Nanopb error: callback failed:1588
09-02 01:16:50.040 27667 30658 I BatteryMgr:DataCollectionService: stats => 1693610210040,5493,4397
09-02 01:16:50.041   901  1000 I ASH     : @ 55396.492: tcs3701: ADC is saturated, removed sample from FIFO.
09-02 01:16:50.145 27667 30658 I BatteryMgr:DataCollectionService: stats => 1693610210144,5493,4397
09-02 01:16:50.252 27667 30658 I BatteryMgr:DataCollectionService: stats => 1693610210251,5493,4397
09-02 01:16:50.289   901  1000 D VSC     : @ 55396.740: [WO] tilt angle 87
09-02 01:16:50.358 27667 30658 I BatteryMgr:DataCollectionService: stats => 1693610210358,5493,4397
09-02 01:16:50.464 27667 30658 I BatteryMgr:DataCollectionService: stats => 1693610210464,5493,4397
09-02 01:16:50.571 27667 30658 I BatteryMgr:DataCollectionService: stats => 1693610210571,5493,4397
09-02 01:16:50.677 27667 30658 I BatteryMgr:DataCollectionService: stats => 1693610210677,5493,4397
09-02 01:16:50.783 27667 30658 I BatteryMgr:DataCollectionService: stats => 1693610210782,5493,4397
09-02 01:16:50.889 27667 30658 I BatteryMgr:DataCollectionService: stats => 1693610210889,5493,4397
09-02 01:16:50.991  1513  2570 I ActivityTaskManager: START u0 {act=android.intent.action.VIEW dat=http://192.168.88.177:8000/... flg=0x10000000 cmp=com.android.chrome/com.google.android.apps.chrome.Main} from uid 2000
09-02 01:16:50.991  1513  1572 D EventSequenceValidator: inc AccIntentStartedEvents to 2
09-02 01:16:50.993 27667 30658 I BatteryMgr:DataCollectionService: stats => 1693610210993,5493,4397
09-02 01:16:50.993 30840 30842 I cmd     : oneway function results will be dropped but finished with status OK and parcel size 4
09-02 01:16:50.994  1513  1572 D EventSequenceValidator: dec AccIntentStartedEvents to 1
09-02 01:16:51.006   901  2806 I sensors-hal: [ssc_utils]get_qmi_debug_flag:244, support_qmi_debug : false
09-02 01:16:51.007 27730 27730 E cr_IntentUtils: getInt failed on bundle null
09-02 01:16:51.021  1513  3230 D CompatibilityChangeReporter: Compat change id reported: 135634846; UID 10220; state: DISABLED
09-02 01:16:51.021  1513  3230 D CompatibilityChangeReporter: Compat change id reported: 135754954; UID 10220; state: ENABLED
09-02 01:16:51.021  1513  1625 D CompatibilityChangeReporter: Compat change id reported: 143937733; UID 10220; state: ENABLED
09-02 01:16:51.038 27781 27781 D Zygote  : Forked child process 30851
09-02 01:16:51.041  1513  1625 I ActivityManager: Start proc 30851:com.android.chrome:sandboxed_process0:org.chromium.content.app.SandboxedProcessService0:97/u0ai97 for  {com.android.chrome/org.chromium.content.app.SandboxedProcessService0:97}
09-02 01:16:51.044 30851 30851 E libc    : SetHeapTaggingLevel: re-enabling tagging after it was disabled is not supported
09-02 01:16:51.047   901  1000 W ASH     : @ 55397.498: Unhandled msg ID 999: line 1277
09-02 01:16:51.047   901  1000 E ASH     : @ 55397.498: No pb callback assigned
09-02 01:16:51.047   901  1000 E ASH     : @ 55397.498: Nanopb error: callback failed:1588
09-02 01:16:51.051 27730 27730 I cr_OfflineDetector: Running updateState mConnectivityDetectorInitialized: true, mTimeWhenLastForegrounded: 55394276, getElapsedTime: 55394276, mTimeWhenLastOfflineNotificationReceived: 0, mTimeWhenLastOnline: 55381746, mApplicationState: 1, mIsOfflineLastReportedByConnectivityDetector: false, mIsEffectivelyOffline: false
09-02 01:16:51.051 27730 27730 I cr_OfflineDetector: updateState(): timeSinceLastForeground: 0, timeSinceOfflineNotificationReceived: 55394276, timeSinceLastOnline: 12530, timeNeededForForeground: 2000, timeNeededForOffline: -55392276
09-02 01:16:51.054 30851 30851 E cessService0:9: Not starting debugger since process cannot load the jdwp agent.
09-02 01:16:51.064  1513  3230 D CompatibilityChangeReporter: Compat change id reported: 136274596; UID 10220; state: ENABLED
09-02 01:16:51.077 27730 27730 I cr_tabmodel: Appending tabs being restored to metadata lists, 0, startingNormalCount: 119, startingIncognitoCount: 0
09-02 01:16:51.077 27730 27730 I cr_tabmodel: Serializing tab lists; counts: 119, 0
09-02 01:16:51.079   594 28441 I SDM     : HWDeviceDRM::UpdateMixerAttributes: Mixer WxH 1080x2340-1 for Peripheral
09-02 01:16:51.079   594 28441 I SDM     : DisplayBase::SetActiveConfig: Active configuration changed to: 0
09-02 01:16:51.079   594 28441 I SDM     : StrategyImpl::SetIdleTimeoutMs: Idle timeout set to zero for command mode panels
09-02 01:16:51.082  2858  2858 I GoogleInputMethodService: GoogleInputMethodService.onFinishInput():3280 
09-02 01:16:51.082   901  2806 I sensors-hal: [ssc_utils]get_qmi_debug_flag:244, support_qmi_debug : false
09-02 01:16:51.083  2858  2858 I GoogleInputMethodService: GoogleInputMethodService.updateDeviceLockedStatus():2169 repeatCheckTimes = 0, unlocked = true
09-02 01:16:51.083  2858  2858 I GoogleInputMethodService: GoogleInputMethodService.onStartInput():1960 onStartInput(EditorInfo{inputType=0x0(NULL) imeOptions=0x12000000 privateImeOptions=null actionName=UNSPECIFIED actionLabel=null actionId=0 initialSelStart=-1 initialSelEnd=-1 initialCapsMode=0x0 hintText=null label=null packageName=com.android.chrome fieldId=-1 fieldName=null extras=null}, false)
09-02 01:16:51.083  2858  2858 I GoogleInputMethodService: GoogleInputMethodService.shouldHideHeaderOnInitialState():4081 ShouldHideHeaderOnInitialState = false
09-02 01:16:51.083  2858  2858 I GoogleInputMethodService: GoogleInputMethodService.updateDeviceLockedStatus():2169 repeatCheckTimes = 2, unlocked = true
09-02 01:16:51.084 30851 30851 I LoadedApk: No resource references to update in package com.google.android.trichromelibrary
09-02 01:16:51.084 30851 30851 D NetworkSecurityConfig: Using Network Security Config from resource 0_resource_name_obfuscated debugBuild: false
09-02 01:16:51.085 30851 30851 D NetworkSecurityConfig: Using Network Security Config from resource 0_resource_name_obfuscated debugBuild: false
09-02 01:16:51.087 30851 30851 I cr_SplitCompatApp: Launched version=107.0.5304.91 minSdkVersion=29 isBundle=true processName=com.android.chrome:sandboxed_process0:org.chromium.content.app.SandboxedProcessService0:97 isIsolated=true
09-02 01:16:51.088   592   686 W HWComposer: Ignoring duplicate VSYNC event from HWC for display 19260504575090817 (t=55394313732000)
09-02 01:16:51.089  1513  1572 I DisplayManagerService: Display device changed: DisplayDeviceInfo{"Built-in Screen": uniqueId="local:19260504575090817", 1080 x 2340, modeId 2, defaultModeId 2, supportedModes [{id=1, width=1080, height=2340, fps=90.0}, {id=2, width=1080, height=2340, fps=60.000004}], colorMode 0, supportedColorModes [0, 7, 9], HdrCapabilities HdrCapabilities{mSupportedHdrTypes=[2, 3, 4], mMaxLuminance=500.0, mMaxAverageLuminance=500.0, mMinLuminance=0.0}, allmSupported false, gameContentTypeSupported false, density 440, 435.428 x 433.839 dpi, appVsyncOff 2333332, presDeadline 11500000, cutout DisplayCutout{insets=Rect(0, 136 - 0, 0) waterfall=Insets{left=0, top=0, right=0, bottom=0} boundingRect={Bounds=[Rect(0, 0 - 0, 0), Rect(0, 0 - 136, 136), Rect(0, 0 - 0, 0), Rect(0, 0 - 0, 0)]}}, touch INTERNAL, rotation 0, type INTERNAL, address {port=129, model=0x446d53ad64a0}, deviceProductInfo DeviceProductInfo{name=, manufacturerPnpId=QCM, productId=1, modelYear=null, manufactureDate=ManufactureDate{week=27, year=2006}, relativeAddress=null}, state ON, FLAG_DEFAULT_DISPLAY, FLAG_ROTATES_WITH_CONTENT, FLAG_SECURE, FLAG_SUPPORTS_PROTECTED_BUFFERS}
09-02 01:16:51.092   594 28441 I SDM     : StrategyImpl::SetIdleTimeoutMs: Idle timeout set to zero for command mode panels
09-02 01:16:51.097 27667 30658 I BatteryMgr:DataCollectionService: stats => 1693610211096,5493,4397
09-02 01:16:51.098 30851 30851 W SystemServiceRegistry: No service published for: uimode
09-02 01:16:51.099   592   686 W HWComposer: Ignoring duplicate VSYNC event from HWC for display 19260504575090817 (t=55394324829000)
09-02 01:16:51.103 30851 30851 I cr_ChildProcessService: Creating new ChildProcessService pid=30851
09-02 01:16:51.108 30851 30869 I cr_LibraryLoader: Using ModernLinker
09-02 01:16:51.110 30851 30869 W linker  : Warning: "/data/app/~~_KLlx60MH8CoecPTjMKp8g==/com.android.chrome-kw9RHYrlHKb9bPXi8OTClw==/base.apk!/lib/arm64-v8a/libchromium_android_linker.so" unused DT entry: unknown processor-specific (type 0x70000001 arg 0x0) (ignoring)
09-02 01:16:51.111 30851 30869 E cr_ChromiumAndroidLinker: ReserveAddressWithHint: Address range starting at 0x7a37670000 was not free to use
09-02 01:16:51.116   592   686 W HWComposer: Ignoring duplicate VSYNC event from HWC for display 19260504575090817 (t=55394341522000)
09-02 01:16:51.118 30851 30875 I cr_LibraryLoader: Successfully loaded native library
09-02 01:16:51.120 30851 30875 I cr_CachingUmaRecorder: Flushed 3 samples from 3 histograms.
09-02 01:16:51.127   901  1000 W ASH     : @ 55397.578: Unhandled msg ID 999: line 1277
09-02 01:16:51.127   901  1000 E ASH     : @ 55397.578: No pb callback assigned
09-02 01:16:51.127   901  1000 E ASH     : @ 55397.578: Nanopb error: callback failed:1588
09-02 01:16:51.133   592   686 W HWComposer: Ignoring duplicate VSYNC event from HWC for display 19260504575090817 (t=55394358195000)
09-02 01:16:51.149 30851 30875 I tflite  : Initialized TensorFlow Lite runtime.
09-02 01:16:51.149   592   686 W HWComposer: Ignoring duplicate VSYNC event from HWC for display 19260504575090817 (t=55394374837000)
09-02 01:16:51.166   592   686 W HWComposer: Ignoring duplicate VSYNC event from HWC for display 19260504575090817 (t=55394391508000)
09-02 01:16:51.183   592   686 W HWComposer: Ignoring duplicate VSYNC event from HWC for display 19260504575090817 (t=55394408234000)
09-02 01:16:51.202 27667 30658 I BatteryMgr:DataCollectionService: stats => 1693610211202,5493,4397
09-02 01:16:51.307 27667 30658 I BatteryMgr:DataCollectionService: stats => 1693610211307,5493,4397
09-02 01:16:51.412 27667 30658 I BatteryMgr:DataCollectionService: stats => 1693610211412,5493,4397
09-02 01:16:51.519 27667 30658 I BatteryMgr:DataCollectionService: stats => 1693610211518,5493,4397
09-02 01:16:51.624 27667 30658 I BatteryMgr:DataCollectionService: stats => 1693610211624,5493,4397
09-02 01:16:51.728 27667 30658 I BatteryMgr:DataCollectionService: stats => 1693610211728,5493,4397
09-02 01:16:51.834 27667 30658 I BatteryMgr:DataCollectionService: stats => 1693610211834,5493,4397
09-02 01:16:51.939 27667 30658 I BatteryMgr:DataCollectionService: stats => 1693610211939,5493,4397
09-02 01:16:52.044 27667 30658 I BatteryMgr:DataCollectionService: stats => 1693610212043,5493,4397
09-02 01:16:52.149 27667 30658 I BatteryMgr:DataCollectionService: stats => 1693610212149,5493,4397
09-02 01:16:52.255 27667 30658 I BatteryMgr:DataCollectionService: stats => 1693610212255,5493,4397
09-02 01:16:52.287   901  1000 D VSC     : @ 55398.738: [WO] tilt angle 87
09-02 01:16:52.361 27667 30658 I BatteryMgr:DataCollectionService: stats => 1693610212361,5493,4397
09-02 01:16:52.466 27667 30658 I BatteryMgr:DataCollectionService: stats => 1693610212466,5493,4397
09-02 01:16:52.573 27667 30658 I BatteryMgr:DataCollectionService: stats => 1693610212572,5493,4397
09-02 01:16:52.679 27667 30658 I BatteryMgr:DataCollectionService: stats => 1693610212678,5493,4397
09-02 01:16:52.785 27667 30658 I BatteryMgr:DataCollectionService: stats => 1693610212785,5493,4397
09-02 01:16:52.880  1513  2000 D ConnectivityService: NetReassign [no changes]
09-02 01:16:52.891 27667 30658 I BatteryMgr:DataCollectionService: stats => 1693610212891,5493,4397
09-02 01:16:52.997 27667 30658 I BatteryMgr:DataCollectionService: stats => 1693610212997,10986,4397
09-02 01:16:53.104 27667 30658 I BatteryMgr:DataCollectionService: stats => 1693610213104,10986,4397
09-02 01:16:53.210 27667 30658 I BatteryMgr:DataCollectionService: stats => 1693610213210,10986,4397
09-02 01:16:53.317 27667 30658 I BatteryMgr:DataCollectionService: stats => 1693610213317,10986,4397
09-02 01:16:53.422 27667 30658 I BatteryMgr:DataCollectionService: stats => 1693610213422,10986,4397
09-02 01:16:53.528 27667 30658 I BatteryMgr:DataCollectionService: stats => 1693610213527,10986,4397
09-02 01:16:53.634 27667 30658 I BatteryMgr:DataCollectionService: stats => 1693610213634,10986,4397
09-02 01:16:53.742 27667 30658 I BatteryMgr:DataCollectionService: stats => 1693610213742,10986,4397
09-02 01:16:53.849 27667 30658 I BatteryMgr:DataCollectionService: stats => 1693610213849,10986,4397
09-02 01:16:53.955 27667 30658 I BatteryMgr:DataCollectionService: stats => 1693610213955,10986,4397
09-02 01:16:54.061 27667 30658 I BatteryMgr:DataCollectionService: stats => 1693610214061,10986,4397
09-02 01:16:54.167 27667 30658 I BatteryMgr:DataCollectionService: stats => 1693610214167,10986,4397
09-02 01:16:54.193   594 28441 I SDM     : HWDeviceDRM::UpdateMixerAttributes: Mixer WxH 1080x2340-1 for Peripheral
09-02 01:16:54.193   594 28441 I SDM     : DisplayBase::SetActiveConfig: Active configuration changed to: 1
09-02 01:16:54.193   594 28441 I SDM     : StrategyImpl::SetIdleTimeoutMs: Idle timeout set to zero for command mode panels
09-02 01:16:54.198  1513  1572 I DisplayManagerService: Display device changed: DisplayDeviceInfo{"Built-in Screen": uniqueId="local:19260504575090817", 1080 x 2340, modeId 1, defaultModeId 2, supportedModes [{id=1, width=1080, height=2340, fps=90.0}, {id=2, width=1080, height=2340, fps=60.000004}], colorMode 0, supportedColorModes [0, 7, 9], HdrCapabilities HdrCapabilities{mSupportedHdrTypes=[2, 3, 4], mMaxLuminance=500.0, mMaxAverageLuminance=500.0, mMinLuminance=0.0}, allmSupported false, gameContentTypeSupported false, density 440, 435.428 x 433.839 dpi, appVsyncOff 2333333, presDeadline 11500000, cutout DisplayCutout{insets=Rect(0, 136 - 0, 0) waterfall=Insets{left=0, top=0, right=0, bottom=0} boundingRect={Bounds=[Rect(0, 0 - 0, 0), Rect(0, 0 - 136, 136), Rect(0, 0 - 0, 0), Rect(0, 0 - 0, 0)]}}, touch INTERNAL, rotation 0, type INTERNAL, address {port=129, model=0x446d53ad64a0}, deviceProductInfo DeviceProductInfo{name=, manufacturerPnpId=QCM, productId=1, modelYear=null, manufactureDate=ManufactureDate{week=27, year=2006}, relativeAddress=null}, state ON, FLAG_DEFAULT_DISPLAY, FLAG_ROTATES_WITH_CONTENT, FLAG_SECURE, FLAG_SUPPORTS_PROTECTED_BUFFERS}
09-02 01:16:54.199   901  2806 I sensors-hal: [ssc_utils]get_qmi_debug_flag:244, support_qmi_debug : false
09-02 01:16:54.247   901  1000 W ASH     : @ 55400.698: Unhandled msg ID 999: line 1277
09-02 01:16:54.248   901  1000 E ASH     : @ 55400.698: No pb callback assigned
09-02 01:16:54.248   901  1000 E ASH     : @ 55400.698: Nanopb error: callback failed:1588
09-02 01:16:54.273 27667 30658 I BatteryMgr:DataCollectionService: stats => 1693610214273,10986,4397
09-02 01:16:54.287   901  1000 D VSC     : @ 55400.738: [WO] tilt angle 87
09-02 01:16:54.323   901  2806 I sensors-hal: [ssc_utils]get_qmi_debug_flag:244, support_qmi_debug : false
09-02 01:16:54.330   901  1000 W ASH     : @ 55400.781: Unhandled msg ID 999: line 1277
09-02 01:16:54.330   901  1000 E ASH     : @ 55400.781: No pb callback assigned
09-02 01:16:54.330   901  1000 E ASH     : @ 55400.781: Nanopb error: callback failed:1588
09-02 01:16:54.379 27667 30658 I BatteryMgr:DataCollectionService: stats => 1693610214379,10986,4397
09-02 01:16:54.380   901  1000 I ASH     : @ 55400.831: tcs3701: ADC is saturated, removed sample from FIFO.
09-02 01:16:54.486 27667 30658 I BatteryMgr:DataCollectionService: stats => 1693610214486,10986,4397
09-02 01:16:54.591 27667 30658 I BatteryMgr:DataCollectionService: stats => 1693610214591,10986,4397
09-02 01:16:54.698 27667 30658 I BatteryMgr:DataCollectionService: stats => 1693610214697,10986,4397
09-02 01:16:54.804 27667 30658 I BatteryMgr:DataCollectionService: stats => 1693610214804,10986,4397
09-02 01:16:54.910 27667 30658 I BatteryMgr:DataCollectionService: stats => 1693610214910,10986,4397
09-02 01:16:55.017 27667 30658 I BatteryMgr:DataCollectionService: stats => 1693610215016,10986,4397
09-02 01:16:55.123 27667 30658 I BatteryMgr:DataCollectionService: stats => 1693610215122,10986,4397
09-02 01:16:55.227 27667 30658 I BatteryMgr:DataCollectionService: stats => 1693610215226,10986,4397
09-02 01:16:55.330 27667 30658 I BatteryMgr:DataCollectionService: stats => 1693610215330,10986,4397
09-02 01:16:55.436 27667 30658 I BatteryMgr:DataCollectionService: stats => 1693610215436,10986,4397
09-02 01:16:55.542 27667 30658 I BatteryMgr:DataCollectionService: stats => 1693610215542,10986,4397
09-02 01:16:55.648 27667 30658 I BatteryMgr:DataCollectionService: stats => 1693610215648,10986,4397
09-02 01:16:55.754 27667 30658 I BatteryMgr:DataCollectionService: stats => 1693610215754,10986,4397
09-02 01:16:55.862 27667 30658 I BatteryMgr:DataCollectionService: stats => 1693610215862,10986,4397
09-02 01:16:55.900  1513  2000 D ConnectivityService: NetReassign [no changes]
09-02 01:16:55.969 27667 30658 I BatteryMgr:DataCollectionService: stats => 1693610215969,10986,4397
09-02 01:16:56.080 27667 30658 I BatteryMgr:DataCollectionService: stats => 1693610216080,10986,4397
09-02 01:16:56.187 27667 30658 I BatteryMgr:DataCollectionService: stats => 1693610216187,10986,4397
09-02 01:16:56.284   901  2806 I sensors-hal: [ssc_utils]get_qmi_debug_flag:244, support_qmi_debug : false
09-02 01:16:56.287   901  1000 D VSC     : @ 55402.738: [WO] tilt angle 87
09-02 01:16:56.327   901  1000 W ASH     : @ 55402.778: Unhandled msg ID 999: line 1277
09-02 01:16:56.327   901  1000 E ASH     : @ 55402.778: No pb callback assigned
09-02 01:16:56.327   901  1000 E ASH     : @ 55402.778: Nanopb error: callback failed:1588
09-02 01:16:56.473   901  2806 I sensors-hal: [ssc_utils]get_qmi_debug_flag:244, support_qmi_debug : false
09-02 01:16:56.487   901  1000 W ASH     : @ 55402.938: Unhandled msg ID 999: line 1277
09-02 01:16:56.487   901  1000 E ASH     : @ 55402.938: No pb callback assigned
09-02 01:16:56.488   901  1000 E ASH     : @ 55402.938: Nanopb error: callback failed:1588
09-02 01:16:56.561  1513  3245 I ActivityManager: Force stopping com.android.chrome appid=10220 user=0: from pid 30942
09-02 01:16:56.561  1513  3245 I ActivityManager: Killing 27818:com.android.chrome:privileged_process0/u0a220 (adj 0): stop com.android.chrome due to from pid 30942
09-02 01:16:56.563 27730 27780 W cr_ChildProcessConn: onServiceDisconnected (crash or killed by oom): pid=27818 bindings:W  S
09-02 01:16:56.565  1513  3245 I ActivityManager: Killing 27730:com.android.chrome/u0a220 (adj 0): stop com.android.chrome due to from pid 30942
09-02 01:16:56.568 30519 30519 I cr_ChildProcessService: Destroying ChildProcessService pid=30519
09-02 01:16:56.570  9499  9499 D BoundBrokerSvc: onUnbind: Intent { act=com.google.android.gms.languageprofile.service.START pkg=com.google.android.gms }
09-02 01:16:56.571 28623 28623 I cr_ChildProcessService: Destroying ChildProcessService pid=28623
09-02 01:16:56.571 28456 28456 I cr_ChildProcessService: Destroying ChildProcessService pid=28456
09-02 01:16:56.572 28344 28344 I cr_ChildProcessService: Destroying ChildProcessService pid=28344
09-02 01:16:56.574 29553 29553 I cr_ChildProcessService: Destroying ChildProcessService pid=29553
09-02 01:16:56.576 29440 29440 I cr_ChildProcessService: Destroying ChildProcessService pid=29440
09-02 01:16:56.576   778   778 I Zygote  : Process 27818 exited due to signal 9 (Killed)
09-02 01:16:56.578   901  2806 I sensors-hal: [ssc_utils]get_qmi_debug_flag:244, support_qmi_debug : false
09-02 01:16:56.580  1513  1640 I libprocessgroup: Successfully killed process cgroup uid 10220 pid 27818 in 18ms
09-02 01:16:56.584 29200 29200 I cr_ChildProcessService: Destroying ChildProcessService pid=29200
09-02 01:16:56.592  1513  3245 I ActivityManager: Killing 30519:com.android.chrome:sandboxed_process0:org.chromium.content.app.SandboxedProcessService0:95/u0a220i-8905 (adj 0): isolated not needed
09-02 01:16:56.593  1513  3245 I ActivityManager: Killing 30456:com.android.chrome:sandboxed_process0:org.chromium.content.app.SandboxedProcessService0:92/u0a220i-8908 (adj 0): isolated not needed
09-02 01:16:56.593  1513  3245 I ActivityManager: Killing 30201:com.android.chrome:sandboxed_process0:org.chromium.content.app.SandboxedProcessService0:89/u0a220i-8911 (adj 0): isolated not needed
09-02 01:16:56.593  1513  3245 I ActivityManager: Killing 30146:com.android.chrome:sandboxed_process0:org.chromium.content.app.SandboxedProcessService0:88/u0a220i-8912 (adj 0): isolated not needed
09-02 01:16:56.594  1513  3245 I ActivityManager: Killing 30109:com.android.chrome:sandboxed_process0:org.chromium.content.app.SandboxedProcessService0:87/u0a220i-8913 (adj 0): isolated not needed
09-02 01:16:56.594  1513  3245 I ActivityManager: Killing 29928:com.android.chrome:sandboxed_process0:org.chromium.content.app.SandboxedProcessService0:80/u0a220i-8920 (adj 0): isolated not needed
09-02 01:16:56.594  1513  3245 I ActivityManager: Killing 29839:com.android.chrome:sandboxed_process0:org.chromium.content.app.SandboxedProcessService0:76/u0a220i-8924 (adj 0): isolated not needed
09-02 01:16:56.595  1513  3245 I ActivityManager: Killing 29826:com.android.chrome:sandboxed_process0:org.chromium.content.app.SandboxedProcessService0:75/u0a220i-8925 (adj 0): isolated not needed
09-02 01:16:56.595  1513  3245 I ActivityManager: Killing 29757:com.android.chrome:sandboxed_process0:org.chromium.content.app.SandboxedProcessService0:72/u0a220i-8928 (adj 0): isolated not needed
09-02 01:16:56.595  1513  3245 I ActivityManager: Killing 29585:com.android.chrome:sandboxed_process0:org.chromium.content.app.SandboxedProcessService0:66/u0a220i-8934 (adj 0): isolated not needed
09-02 01:16:56.595  1513  3245 I ActivityManager: Killing 29553:com.android.chrome:sandboxed_process0:org.chromium.content.app.SandboxedProcessService0:65/u0a220i-8935 (adj 0): isolated not needed
09-02 01:16:56.596  1513  3245 I ActivityManager: Killing 29481:com.android.chrome:sandboxed_process0:org.chromium.content.app.SandboxedProcessService0:61/u0a220i-8939 (adj 0): isolated not needed
09-02 01:16:56.596  1513  3245 I ActivityManager: Killing 29440:com.android.chrome:sandboxed_process0:org.chromium.content.app.SandboxedProcessService0:59/u0a220i-8941 (adj 0): isolated not needed
09-02 01:16:56.596  1513  3245 I ActivityManager: Killing 29419:com.android.chrome:sandboxed_process0:org.chromium.content.app.SandboxedProcessService0:58/u0a220i-8942 (adj 0): isolated not needed
09-02 01:16:56.596  1513  3245 I ActivityManager: Killing 29382:com.android.chrome:sandboxed_process0:org.chromium.content.app.SandboxedProcessService0:56/u0a220i-8944 (adj 0): isolated not needed
09-02 01:16:56.597  1513  3245 I ActivityManager: Killing 29362:com.android.chrome:sandboxed_process0:org.chromium.content.app.SandboxedProcessService0:55/u0a220i-8945 (adj 0): isolated not needed
09-02 01:16:56.597  1513  3245 I ActivityManager: Killing 29301:com.android.chrome:sandboxed_process0:org.chromium.content.app.SandboxedProcessService0:52/u0a220i-8948 (adj 0): isolated not needed
09-02 01:16:56.597  1513  3245 I ActivityManager: Killing 29250:com.android.chrome:sandboxed_process0:org.chromium.content.app.SandboxedProcessService0:50/u0a220i-8950 (adj 0): isolated not needed
09-02 01:16:56.598  1513  3245 I ActivityManager: Killing 29214:com.android.chrome:sandboxed_process0:org.chromium.content.app.SandboxedProcessService0:49/u0a220i-8951 (adj 0): isolated not needed
09-02 01:16:56.598  1513  3245 I ActivityManager: Killing 29200:com.android.chrome:sandboxed_process0:org.chromium.content.app.SandboxedProcessService0:48/u0a220i-8952 (adj 0): isolated not needed
09-02 01:16:56.598  1513  3245 I ActivityManager: Killing 29143:com.android.chrome:sandboxed_process0:org.chromium.content.app.SandboxedProcessService0:46/u0a220i-8954 (adj 0): isolated not needed
09-02 01:16:56.598  1513  3245 I ActivityManager: Killing 29038:com.android.chrome:sandboxed_process0:org.chromium.content.app.SandboxedProcessService0:42/u0a220i-8958 (adj 0): isolated not needed
09-02 01:16:56.599  1513  3245 I ActivityManager: Killing 28957:com.android.chrome:sandboxed_process0:org.chromium.content.app.SandboxedProcessService0:40/u0a220i-8960 (adj 0): isolated not needed
09-02 01:16:56.599  1513  3245 I ActivityManager: Killing 28872:com.android.chrome:sandboxed_process0:org.chromium.content.app.SandboxedProcessService0:37/u0a220i-8963 (adj 0): isolated not needed
09-02 01:16:56.599  1513  3245 I ActivityManager: Killing 28623:com.android.chrome:sandboxed_process0:org.chromium.content.app.SandboxedProcessService0:28/u0a220i-8972 (adj 0): isolated not needed
09-02 01:16:56.599  1513  3245 I ActivityManager: Killing 28684:com.android.chrome:sandboxed_process0:org.chromium.content.app.SandboxedProcessService0:30/u0a220i-8970 (adj 0): isolated not needed
09-02 01:16:56.600  1513  3245 I ActivityManager: Killing 28587:com.android.chrome:sandboxed_process0:org.chromium.content.app.SandboxedProcessService0:27/u0a220i-8973 (adj 0): isolated not needed
09-02 01:16:56.600  1513  3245 I ActivityManager: Killing 28511:com.android.chrome:sandboxed_process0:org.chromium.content.app.SandboxedProcessService0:24/u0a220i-8976 (adj 0): isolated not needed
09-02 01:16:56.600  1513  3245 I ActivityManager: Killing 28481:com.android.chrome:sandboxed_process0:org.chromium.content.app.SandboxedProcessService0:23/u0a220i-8977 (adj 0): isolated not needed
09-02 01:16:56.601  1513  3245 I ActivityManager: Killing 28456:com.android.chrome:sandboxed_process0:org.chromium.content.app.SandboxedProcessService0:22/u0a220i-8978 (adj 0): isolated not needed
09-02 01:16:56.601  1513  3245 I ActivityManager: Killing 28372:com.android.chrome:sandboxed_process0:org.chromium.content.app.SandboxedProcessService0:19/u0a220i-8981 (adj 0): isolated not needed
09-02 01:16:56.601  1513  3245 I ActivityManager: Killing 28344:com.android.chrome:sandboxed_process0:org.chromium.content.app.SandboxedProcessService0:18/u0a220i-8982 (adj 0): isolated not needed
09-02 01:16:56.601  1513  3245 I ActivityManager: Killing 28303:com.android.chrome:sandboxed_process0:org.chromium.content.app.SandboxedProcessService0:17/u0a220i-8983 (adj 0): isolated not needed
09-02 01:16:56.602  1513  3245 I ActivityManager: Killing 28184:com.android.chrome:sandboxed_process0:org.chromium.content.app.SandboxedProcessService0:14/u0a220i-8986 (adj 0): isolated not needed
09-02 01:16:56.602  1513  3245 I ActivityManager: Killing 28133:com.android.chrome:sandboxed_process0:org.chromium.content.app.SandboxedProcessService0:12/u0a220i-8988 (adj 0): isolated not needed
09-02 01:16:56.602  1513  3245 I ActivityManager: Killing 27961:com.android.chrome:sandboxed_process0:org.chromium.content.app.SandboxedProcessService0:5/u0a220i-8995 (adj 0): isolated not needed
09-02 01:16:56.603  1513  3245 I ActivityManager: Killing 27938:com.android.chrome:sandboxed_process0:org.chromium.content.app.SandboxedProcessService0:4/u0a220i-8996 (adj 0): isolated not needed
09-02 01:16:56.603  9499  9499 D BoundBrokerSvc: onUnbind: Intent { act=com.google.android.gms.safetynet.service.START pkg=com.google.android.gms }
09-02 01:16:56.607   901  1000 W ASH     : @ 55403.058: Unhandled msg ID 999: line 1277
09-02 01:16:56.607   901  1000 E ASH     : @ 55403.058: No pb callback assigned
09-02 01:16:56.607   901  1000 E ASH     : @ 55403.058: Nanopb error: callback failed:1588
09-02 01:16:56.611  1513  1975 W InputDispatcher: channel 'a456a71 com.android.chrome/com.google.android.apps.chrome.Main (server)' ~ Consumer closed input channel or an error occurred.  events=0x9
09-02 01:16:56.611  1513  1975 E InputDispatcher: channel 'a456a71 com.android.chrome/com.google.android.apps.chrome.Main (server)' ~ Channel is unrecoverably broken and will be disposed!
09-02 01:16:56.612  1513  8503 I WindowManager: WIN DEATH: Window{a456a71 u0 com.android.chrome/com.google.android.apps.chrome.Main}
09-02 01:16:56.612  1513  8503 W InputDispatcher: Attempted to unregister already unregistered input channel 'a456a71 com.android.chrome/com.google.android.apps.chrome.Main (server)'
09-02 01:16:56.613   778   778 I Zygote  : Process 27730 exited due to signal 9 (Killed)
09-02 01:16:56.614  1513  3232 D ConnectivityService: ConnectivityService NetworkRequestInfo binderDied(NetworkRequest [ LISTEN id=2565, [ Capabilities: INTERNET&NOT_RESTRICTED&TRUSTED&FOREGROUND Uid: 10220 AdministratorUids: [] RequestorUid: 10220 RequestorPackageName: com.android.chrome] ], android.os.BinderProxy@e51596)
09-02 01:16:56.614  1513  6264 D ConnectivityService: ConnectivityService NetworkRequestInfo binderDied(NetworkRequest [ TRACK_DEFAULT id=2566, [ Capabilities: INTERNET&NOT_RESTRICTED&TRUSTED Uid: 10220 AdministratorUids: [] RequestorUid: 10220 RequestorPackageName: com.android.chrome] ], android.os.BinderProxy@6221517)
09-02 01:16:56.614  1513  3221 D ConnectivityService: ConnectivityService NetworkRequestInfo binderDied(NetworkRequest [ LISTEN id=2567, [ Capabilities: INTERNET&NOT_RESTRICTED&TRUSTED&FOREGROUND Uid: 10220 AdministratorUids: [] RequestorUid: 10220 RequestorPackageName: com.android.chrome] ], android.os.BinderProxy@5ba2d04)
09-02 01:16:56.614  1513  9003 D ConnectivityService: ConnectivityService NetworkRequestInfo binderDied(NetworkRequest [ TRACK_DEFAULT id=2568, [ Capabilities: INTERNET&NOT_RESTRICTED&TRUSTED Uid: 10220 AdministratorUids: [] RequestorUid: 10220 RequestorPackageName: com.android.chrome] ], android.os.BinderProxy@f1492ed)
09-02 01:16:56.614  1513  2000 D ConnectivityService: releasing NetworkRequest [ TRACK_DEFAULT id=2566, [ Capabilities: INTERNET&NOT_RESTRICTED&TRUSTED Uid: 10220 AdministratorUids: [] RequestorUid: 10220 RequestorPackageName: com.android.chrome] ] (release request)
09-02 01:16:56.614  1513  4617 D ConnectivityService: ConnectivityService NetworkRequestInfo binderDied(NetworkRequest [ LISTEN id=2569, [ Capabilities: INTERNET&NOT_RESTRICTED&TRUSTED&FOREGROUND Uid: 10220 AdministratorUids: [] RequestorUid: 10220 RequestorPackageName: com.android.chrome] ], android.os.BinderProxy@d4f522)
09-02 01:16:56.615  1513  3223 D ConnectivityService: ConnectivityService NetworkRequestInfo binderDied(NetworkRequest [ TRACK_DEFAULT id=2564, [ Capabilities: INTERNET&NOT_RESTRICTED&TRUSTED Uid: 10220 AdministratorUids: [] RequestorUid: 10220 RequestorPackageName: com.android.chrome] ], android.os.BinderProxy@a2f1570)
09-02 01:16:56.615  1513  2000 D ConnectivityService: releasing NetworkRequest [ TRACK_DEFAULT id=2568, [ Capabilities: INTERNET&NOT_RESTRICTED&TRUSTED Uid: 10220 AdministratorUids: [] RequestorUid: 10220 RequestorPackageName: com.android.chrome] ] (release request)
09-02 01:16:56.616  1513  2000 D ConnectivityService: releasing NetworkRequest [ TRACK_DEFAULT id=2564, [ Capabilities: INTERNET&NOT_RESTRICTED&TRUSTED Uid: 10220 AdministratorUids: [] RequestorUid: 10220 RequestorPackageName: com.android.chrome] ] (release request)
09-02 01:16:56.619  1513  1640 I libprocessgroup: Successfully killed process cgroup uid 10220 pid 27730 in 28ms
09-02 01:16:56.639  1513  3245 W ActivityTaskManager: Force removing ActivityRecord{42174a4 u0 com.android.chrome/com.google.android.apps.chrome.Main t2061 f}}: app died, no saved state
09-02 01:16:56.649  1513  3245 I ActivityManager: Killing 30851:com.android.chrome:sandboxed_process0:org.chromium.content.app.SandboxedProcessService0:97/u0a220i-8903 (adj 0): isolated not needed
09-02 01:16:56.650  1513  3245 I ActivityManager: Killing 27809:com.android.chrome:sandboxed_process0:org.chromium.content.app.SandboxedProcessService0:0/u0a220i-9000 (adj 0): isolated not needed
09-02 01:16:56.650  1513  3245 I ActivityManager: Killing 30544:com.android.chrome:sandboxed_process0:org.chromium.content.app.SandboxedProcessService0:96/u0a220i-8904 (adj 0): isolated not needed
09-02 01:16:56.650  1513  3245 I ActivityManager: Killing 30474:com.android.chrome:sandboxed_process0:org.chromium.content.app.SandboxedProcessService0:93/u0a220i-8907 (adj 0): isolated not needed
09-02 01:16:56.650  1513  3245 I ActivityManager: Killing 30502:com.android.chrome:sandboxed_process0:org.chromium.content.app.SandboxedProcessService0:94/u0a220i-8906 (adj 0): isolated not needed
09-02 01:16:56.651  1513  3245 I ActivityManager: Killing 30436:com.android.chrome:sandboxed_process0:org.chromium.content.app.SandboxedProcessService0:91/u0a220i-8909 (adj 0): isolated not needed
09-02 01:16:56.651  1513  3245 I ActivityManager: Killing 30275:com.android.chrome:sandboxed_process0:org.chromium.content.app.SandboxedProcessService0:90/u0a220i-8910 (adj 0): isolated not needed
09-02 01:16:56.651  1513  3245 I ActivityManager: Killing 30058:com.android.chrome:sandboxed_process0:org.chromium.content.app.SandboxedProcessService0:86/u0a220i-8914 (adj 0): isolated not needed
09-02 01:16:56.651  1513  3245 I ActivityManager: Killing 30032:com.android.chrome:sandboxed_process0:org.chromium.content.app.SandboxedProcessService0:85/u0a220i-8915 (adj 0): isolated not needed
09-02 01:16:56.651  1513  3245 I ActivityManager: Killing 30016:com.android.chrome:sandboxed_process0:org.chromium.content.app.SandboxedProcessService0:84/u0a220i-8916 (adj 0): isolated not needed
09-02 01:16:56.651  1513  3245 I ActivityManager: Killing 29988:com.android.chrome:sandboxed_process0:org.chromium.content.app.SandboxedProcessService0:83/u0a220i-8917 (adj 0): isolated not needed
09-02 01:16:56.652  1513  3245 I ActivityManager: Killing 29960:com.android.chrome:sandboxed_process0:org.chromium.content.app.SandboxedProcessService0:82/u0a220i-8918 (adj 0): isolated not needed
09-02 01:16:56.652  1513  3245 I ActivityManager: Killing 29944:com.android.chrome:sandboxed_process0:org.chromium.content.app.SandboxedProcessService0:81/u0a220i-8919 (adj 0): isolated not needed
09-02 01:16:56.652  1513  3245 I ActivityManager: Killing 29909:com.android.chrome:sandboxed_process0:org.chromium.content.app.SandboxedProcessService0:79/u0a220i-8921 (adj 0): isolated not needed
09-02 01:16:56.652  1513  3245 I ActivityManager: Killing 29883:com.android.chrome:sandboxed_process0:org.chromium.content.app.SandboxedProcessService0:78/u0a220i-8922 (adj 0): isolated not needed
09-02 01:16:56.652  1513  3245 I ActivityManager: Killing 29864:com.android.chrome:sandboxed_process0:org.chromium.content.app.SandboxedProcessService0:77/u0a220i-8923 (adj 0): isolated not needed
09-02 01:16:56.652  1513  3245 I ActivityManager: Killing 29801:com.android.chrome:sandboxed_process0:org.chromium.content.app.SandboxedProcessService0:74/u0a220i-8926 (adj 0): isolated not needed
09-02 01:16:56.652  1513  3245 I ActivityManager: Killing 29779:com.android.chrome:sandboxed_process0:org.chromium.content.app.SandboxedProcessService0:73/u0a220i-8927 (adj 0): isolated not needed
09-02 01:16:56.652  1513  3245 I ActivityManager: Killing 29733:com.android.chrome:sandboxed_process0:org.chromium.content.app.SandboxedProcessService0:71/u0a220i-8929 (adj 0): isolated not needed
09-02 01:16:56.653  1513  3245 I ActivityManager: Killing 29711:com.android.chrome:sandboxed_process0:org.chromium.content.app.SandboxedProcessService0:70/u0a220i-8930 (adj 0): isolated not needed
09-02 01:16:56.653  1513  3245 I ActivityManager: Killing 29641:com.android.chrome:sandboxed_process0:org.chromium.content.app.SandboxedProcessService0:68/u0a220i-8932 (adj 0): isolated not needed
09-02 01:16:56.653  1513  3245 I ActivityManager: Killing 29681:com.android.chrome:sandboxed_process0:org.chromium.content.app.SandboxedProcessService0:69/u0a220i-8931 (adj 0): isolated not needed
09-02 01:16:56.653  1513  3245 I ActivityManager: Killing 29622:com.android.chrome:sandboxed_process0:org.chromium.content.app.SandboxedProcessService0:67/u0a220i-8933 (adj 0): isolated not needed
09-02 01:16:56.653  1513  3245 I ActivityManager: Killing 29537:com.android.chrome:sandboxed_process0:org.chromium.content.app.SandboxedProcessService0:64/u0a220i-8936 (adj 0): isolated not needed
09-02 01:16:56.653  1513  3245 I ActivityManager: Killing 29515:com.android.chrome:sandboxed_process0:org.chromium.content.app.SandboxedProcessService0:63/u0a220i-8937 (adj 0): isolated not needed
09-02 01:16:56.653  1513  3245 I ActivityManager: Killing 29498:com.android.chrome:sandboxed_process0:org.chromium.content.app.SandboxedProcessService0:62/u0a220i-8938 (adj 0): isolated not needed
09-02 01:16:56.654  1513  3245 I ActivityManager: Killing 29454:com.android.chrome:sandboxed_process0:org.chromium.content.app.SandboxedProcessService0:60/u0a220i-8940 (adj 0): isolated not needed
09-02 01:16:56.654  1513  3245 I ActivityManager: Killing 29398:com.android.chrome:sandboxed_process0:org.chromium.content.app.SandboxedProcessService0:57/u0a220i-8943 (adj 0): isolated not needed
09-02 01:16:56.654  1513  3245 I ActivityManager: Killing 29350:com.android.chrome:sandboxed_process0:org.chromium.content.app.SandboxedProcessService0:54/u0a220i-8946 (adj 0): isolated not needed
09-02 01:16:56.654  1513  3245 I ActivityManager: Killing 29325:com.android.chrome:sandboxed_process0:org.chromium.content.app.SandboxedProcessService0:53/u0a220i-8947 (adj 0): isolated not needed
09-02 01:16:56.654  1513  3245 I ActivityManager: Killing 29277:com.android.chrome:sandboxed_process0:org.chromium.content.app.SandboxedProcessService0:51/u0a220i-8949 (adj 0): isolated not needed
09-02 01:16:56.655  1513  3245 I ActivityManager: Killing 29163:com.android.chrome:sandboxed_process0:org.chromium.content.app.SandboxedProcessService0:47/u0a220i-8953 (adj 0): isolated not needed
09-02 01:16:56.655  1513  3245 I ActivityManager: Killing 29111:com.android.chrome:sandboxed_process0:org.chromium.content.app.SandboxedProcessService0:45/u0a220i-8955 (adj 0): isolated not needed
09-02 01:16:56.655  1513  3245 I ActivityManager: Killing 29086:com.android.chrome:sandboxed_process0:org.chromium.content.app.SandboxedProcessService0:44/u0a220i-8956 (adj 0): isolated not needed
09-02 01:16:56.655  1513  3245 I ActivityManager: Killing 29062:com.android.chrome:sandboxed_process0:org.chromium.content.app.SandboxedProcessService0:43/u0a220i-8957 (adj 0): isolated not needed
09-02 01:16:56.655  1513  3245 I ActivityManager: Killing 28985:com.android.chrome:sandboxed_process0:org.chromium.content.app.SandboxedProcessService0:41/u0a220i-8959 (adj 0): isolated not needed
09-02 01:16:56.655  1513  3245 I ActivityManager: Killing 28942:com.android.chrome:sandboxed_process0:org.chromium.content.app.SandboxedProcessService0:39/u0a220i-8961 (adj 0): isolated not needed
09-02 01:16:56.655  1513  3245 I ActivityManager: Killing 28919:com.android.chrome:sandboxed_process0:org.chromium.content.app.SandboxedProcessService0:38/u0a220i-8962 (adj 0): isolated not needed
09-02 01:16:56.655  1513  3245 I ActivityManager: Killing 28825:com.android.chrome:sandboxed_process0:org.chromium.content.app.SandboxedProcessService0:35/u0a220i-8965 (adj 0): isolated not needed
09-02 01:16:56.655  1513  3245 I ActivityManager: Killing 28851:com.android.chrome:sandboxed_process0:org.chromium.content.app.SandboxedProcessService0:36/u0a220i-8964 (adj 0): isolated not needed
09-02 01:16:56.656  1513  3245 I ActivityManager: Killing 28786:com.android.chrome:sandboxed_process0:org.chromium.content.app.SandboxedProcessService0:34/u0a220i-8966 (adj 0): isolated not needed
09-02 01:16:56.656  1513  3245 I ActivityManager: Killing 28779:com.android.chrome:sandboxed_process0:org.chromium.content.app.SandboxedProcessService0:33/u0a220i-8967 (adj 0): isolated not needed
09-02 01:16:56.656  1513  3245 I ActivityManager: Killing 28712:com.android.chrome:sandboxed_process0:org.chromium.content.app.SandboxedProcessService0:31/u0a220i-8969 (adj 0): isolated not needed
09-02 01:16:56.656  1513  3245 I ActivityManager: Killing 28748:com.android.chrome:sandboxed_process0:org.chromium.content.app.SandboxedProcessService0:32/u0a220i-8968 (adj 0): isolated not needed
09-02 01:16:56.656  1513  3245 I ActivityManager: Killing 28645:com.android.chrome:sandboxed_process0:org.chromium.content.app.SandboxedProcessService0:29/u0a220i-8971 (adj 0): isolated not needed
09-02 01:16:56.656  1513  3245 I ActivityManager: Killing 28563:com.android.chrome:sandboxed_process0:org.chromium.content.app.SandboxedProcessService0:26/u0a220i-8974 (adj 0): isolated not needed
09-02 01:16:56.656  1513  3245 I ActivityManager: Killing 28534:com.android.chrome:sandboxed_process0:org.chromium.content.app.SandboxedProcessService0:25/u0a220i-8975 (adj 0): isolated not needed
09-02 01:16:56.657  1513  3245 I ActivityManager: Killing 28431:com.android.chrome:sandboxed_process0:org.chromium.content.app.SandboxedProcessService0:21/u0a220i-8979 (adj 0): isolated not needed
09-02 01:16:56.657  1513  3245 I ActivityManager: Killing 28401:com.android.chrome:sandboxed_process0:org.chromium.content.app.SandboxedProcessService0:20/u0a220i-8980 (adj 0): isolated not needed
09-02 01:16:56.657  1513  3245 I ActivityManager: Killing 28268:com.android.chrome:sandboxed_process0:org.chromium.content.app.SandboxedProcessService0:16/u0a220i-8984 (adj 0): isolated not needed
09-02 01:16:56.657  1513  3245 I ActivityManager: Killing 28237:com.android.chrome:sandboxed_process0:org.chromium.content.app.SandboxedProcessService0:15/u0a220i-8985 (adj 0): isolated not needed
09-02 01:16:56.657  1513  3245 I ActivityManager: Killing 28158:com.android.chrome:sandboxed_process0:org.chromium.content.app.SandboxedProcessService0:13/u0a220i-8987 (adj 0): isolated not needed
09-02 01:16:56.657  1513  3245 I ActivityManager: Killing 28120:com.android.chrome:sandboxed_process0:org.chromium.content.app.SandboxedProcessService0:11/u0a220i-8989 (adj 0): isolated not needed
09-02 01:16:56.657  1513  3245 I ActivityManager: Killing 28082:com.android.chrome:sandboxed_process0:org.chromium.content.app.SandboxedProcessService0:10/u0a220i-8990 (adj 0): isolated not needed
09-02 01:16:56.657  1513  3245 I ActivityManager: Killing 28034:com.android.chrome:sandboxed_process0:org.chromium.content.app.SandboxedProcessService0:8/u0a220i-8992 (adj 0): isolated not needed
09-02 01:16:56.658  1513  3245 I ActivityManager: Killing 28063:com.android.chrome:sandboxed_process0:org.chromium.content.app.SandboxedProcessService0:9/u0a220i-8991 (adj 0): isolated not needed
09-02 01:16:56.658  1513  3245 I ActivityManager: Killing 28003:com.android.chrome:sandboxed_process0:org.chromium.content.app.SandboxedProcessService0:7/u0a220i-8993 (adj 0): isolated not needed
09-02 01:16:56.658  1513  3245 I ActivityManager: Killing 27972:com.android.chrome:sandboxed_process0:org.chromium.content.app.SandboxedProcessService0:6/u0a220i-8994 (adj 0): isolated not needed
09-02 01:16:56.658  1513  3245 I ActivityManager: Killing 27920:com.android.chrome:sandboxed_process0:org.chromium.content.app.SandboxedProcessService0:3/u0a220i-8997 (adj 0): isolated not needed
09-02 01:16:56.658  1513  3245 I ActivityManager: Killing 27903:com.android.chrome:sandboxed_process0:org.chromium.content.app.SandboxedProcessService0:2/u0a220i-8998 (adj 0): isolated not needed
