09-02 01:18:12.459 31332 31332 D NetworkSecurityConfig: Using Network Security Config from resource 0_resource_name_obfuscated debugBuild: false
09-02 01:18:12.461 31332 31332 I cr_SplitCompatApp: Launched version=107.0.5304.91 minSdkVersion=29 isBundle=true processName=com.android.chrome:sandboxed_process0:org.chromium.content.app.SandboxedProcessService0:2 isIsolated=true
09-02 01:18:12.462 31145 31145 I cr_tabmodel: #isIncognitoTabBeingRestored from tabDetails:  false
09-02 01:18:12.462 31145 31145 I cr_tabmodel: #isIncognitoTabBeingRestored from tabDetails:  false
09-02 01:18:12.462 31145 31145 W cr_tabmodel: Failed to restore TabState; creating Tab with last known URL.
09-02 01:18:12.462  1513  3230 D CompatibilityChangeReporter: Compat change id reported: 136274596; UID 10220; state: ENABLED
09-02 01:18:12.464  1513  1625 I ActivityManager: Start proc 31371:com.android.chrome:sandboxed_process0:org.chromium.content.app.SandboxedProcessService0:4/u0ai4 for  {com.android.chrome/org.chromium.content.app.SandboxedProcessService0:4}
09-02 01:18:12.464  1513  1625 D CompatibilityChangeReporter: Compat change id reported: 143937733; UID 10220; state: ENABLED
09-02 01:18:12.464 31314 31354 I cr_LibraryLoader: Successfully loaded native library
09-02 01:18:12.467 31314 31354 I cr_CachingUmaRecorder: Flushed 3 samples from 3 histograms.
09-02 01:18:12.467 31371 31371 E libc    : SetHeapTaggingLevel: re-enabling tagging after it was disabled is not supported
09-02 01:18:12.473 31332 31332 W SystemServiceRegistry: No service published for: uimode
09-02 01:18:12.475  1513  3230 D CompatibilityChangeReporter: Compat change id reported: 135634846; UID 10220; state: DISABLED
09-02 01:18:12.476  1513  3230 D CompatibilityChangeReporter: Compat change id reported: 135754954; UID 10220; state: ENABLED
09-02 01:18:12.476 31145 31145 E cr_IntentUtils: getBooleanExtra failed on intent null
09-02 01:18:12.476 31145 31145 E cr_IntentUtils: getBooleanExtra failed on intent null
09-02 01:18:12.481 31371 31371 E ocessService0:: Not starting debugger since process cannot load the jdwp agent.
09-02 01:18:12.482 31332 31332 I cr_ChildProcessService: Creating new ChildProcessService pid=31332
09-02 01:18:12.482 31205 31205 D Zygote  : Forked child process 31387
09-02 01:18:12.485 31387 31387 E libc    : SetHeapTaggingLevel: re-enabling tagging after it was disabled is not supported
09-02 01:18:12.486  1513  1625 I ActivityManager: Start proc 31387:com.android.chrome:sandboxed_process0:org.chromium.content.app.SandboxedProcessService0:5/u0ai5 for  {com.android.chrome/org.chromium.content.app.SandboxedProcessService0:5}
09-02 01:18:12.488 31145 31145 I cr_tabmodel: #isIncognitoTabBeingRestored from tabDetails:  false
09-02 01:18:12.488 31145 31145 I cr_tabmodel: #isIncognitoTabBeingRestored from tabDetails:  false
09-02 01:18:12.488 31145 31145 W cr_tabmodel: Failed to restore TabState; creating Tab with last known URL.
09-02 01:18:12.490 31332 31355 I cr_LibraryLoader: Using ModernLinker
09-02 01:18:12.492 31332 31355 W linker  : Warning: "/data/app/~~_KLlx60MH8CoecPTjMKp8g==/com.android.chrome-kw9RHYrlHKb9bPXi8OTClw==/base.apk!/lib/arm64-v8a/libchromium_android_linker.so" unused DT entry: unknown processor-specific (type 0x70000001 arg 0x0) (ignoring)
09-02 01:18:12.494 31332 31355 E cr_ChromiumAndroidLinker: ReserveAddressWithHint: Address range starting at 0x7a3874d000 was not free to use
09-02 01:18:12.500 31145 31145 E cr_IntentUtils: getBooleanExtra failed on intent null
09-02 01:18:12.500 31145 31145 E cr_IntentUtils: getBooleanExtra failed on intent null
09-02 01:18:12.501 31332 31388 I cr_LibraryLoader: Successfully loaded native library
09-02 01:18:12.502 31332 31388 I cr_CachingUmaRecorder: Flushed 3 samples from 3 histograms.
09-02 01:18:12.508 31387 31387 E ocessService0:: Not starting debugger since process cannot load the jdwp agent.
09-02 01:18:12.509  1513  3227 D CompatibilityChangeReporter: Compat change id reported: 136274596; UID 10220; state: ENABLED
09-02 01:18:12.510 31145 31145 I cr_tabmodel: #isIncognitoTabBeingRestored from tabDetails:  false
09-02 01:18:12.510 31145 31145 I cr_tabmodel: #isIncognitoTabBeingRestored from tabDetails:  false
09-02 01:18:12.510 31145 31145 W cr_tabmodel: Failed to restore TabState; creating Tab with last known URL.
09-02 01:18:12.511 31205 31205 D Zygote  : Forked child process 31415
09-02 01:18:12.515 31349 31349 I LoadedApk: No resource references to update in package com.google.android.trichromelibrary
09-02 01:18:12.515 31349 31349 D NetworkSecurityConfig: Using Network Security Config from resource 0_resource_name_obfuscated debugBuild: false
09-02 01:18:12.516 31349 31349 D NetworkSecurityConfig: Using Network Security Config from resource 0_resource_name_obfuscated debugBuild: false
09-02 01:18:12.516  1513  1625 I ActivityManager: Start proc 31415:com.android.chrome:sandboxed_process0:org.chromium.content.app.SandboxedProcessService0:6/u0ai6 for  {com.android.chrome/org.chromium.content.app.SandboxedProcessService0:6}
09-02 01:18:12.517  1513  1625 D CompatibilityChangeReporter: Compat change id reported: 143937733; UID 10220; state: ENABLED
09-02 01:18:12.517 31349 31349 I cr_SplitCompatApp: Launched version=107.0.5304.91 minSdkVersion=29 isBundle=true processName=com.android.chrome:sandboxed_process0:org.chromium.content.app.SandboxedProcessService0:3 isIsolated=true
09-02 01:18:12.523  1513  9003 D CompatibilityChangeReporter: Compat change id reported: 135634846; UID 10220; state: DISABLED
09-02 01:18:12.523 31145 31145 E cr_IntentUtils: getBooleanExtra failed on intent null
09-02 01:18:12.523 31145 31145 E cr_IntentUtils: getBooleanExtra failed on intent null
09-02 01:18:12.523  1513  9003 D CompatibilityChangeReporter: Compat change id reported: 135754954; UID 10220; state: ENABLED
09-02 01:18:12.527 31415 31415 E libc    : SetHeapTaggingLevel: re-enabling tagging after it was disabled is not supported
09-02 01:18:12.532 31415 31415 E ocessService0:: Not starting debugger since process cannot load the jdwp agent.
09-02 01:18:12.537 31145 31145 I cr_tabmodel: #isIncognitoTabBeingRestored from tabDetails:  false
09-02 01:18:12.537 31145 31145 I cr_tabmodel: #isIncognitoTabBeingRestored from tabDetails:  false
09-02 01:18:12.537 31145 31145 W cr_tabmodel: Failed to restore TabState; creating Tab with last known URL.
09-02 01:18:12.539  1513  3246 D CompatibilityChangeReporter: Compat change id reported: 136274596; UID 10220; state: ENABLED
09-02 01:18:12.546 31349 31349 W SystemServiceRegistry: No service published for: uimode
09-02 01:18:12.549 31145 31145 E cr_IntentUtils: getBooleanExtra failed on intent null
09-02 01:18:12.549 31145 31145 E cr_IntentUtils: getBooleanExtra failed on intent null
09-02 01:18:12.550 31205 31205 D Zygote  : Forked child process 31441
09-02 01:18:12.552  1513  3227 D CompatibilityChangeReporter: Compat change id reported: 135634846; UID 10220; state: DISABLED
09-02 01:18:12.552  1513  3227 D CompatibilityChangeReporter: Compat change id reported: 135754954; UID 10220; state: ENABLED
09-02 01:18:12.552 31349 31349 I cr_ChildProcessService: Creating new ChildProcessService pid=31349
09-02 01:18:12.559 31145 31145 I cr_tabmodel: #isIncognitoTabBeingRestored from tabDetails:  false
09-02 01:18:12.559 31145 31145 I cr_tabmodel: #isIncognitoTabBeingRestored from tabDetails:  false
09-02 01:18:12.559 31371 31371 I LoadedApk: No resource references to update in package com.google.android.trichromelibrary
09-02 01:18:12.559 31145 31145 W cr_tabmodel: Failed to restore TabState; creating Tab with last known URL.
09-02 01:18:12.559 31371 31371 D NetworkSecurityConfig: Using Network Security Config from resource 0_resource_name_obfuscated debugBuild: false
09-02 01:18:12.560 31441 31441 E libc    : SetHeapTaggingLevel: re-enabling tagging after it was disabled is not supported
09-02 01:18:12.560 31371 31371 D NetworkSecurityConfig: Using Network Security Config from resource 0_resource_name_obfuscated debugBuild: false
09-02 01:18:12.561  1513  1625 W ActivityManager: Slow operation: 63ms so far, now at startProcess: returned from zygote!
09-02 01:18:12.561  1513  1625 W ActivityManager: Slow operation: 63ms so far, now at startProcess: done updating battery stats
09-02 01:18:12.561  1513  1625 W ActivityManager: Slow operation: 63ms so far, now at startProcess: building log message
09-02 01:18:12.561  1513  1625 I ActivityManager: Start proc 31441:com.android.chrome:sandboxed_process0:org.chromium.content.app.SandboxedProcessService0:7/u0ai7 for  {com.android.chrome/org.chromium.content.app.SandboxedProcessService0:7}
09-02 01:18:12.561  1513  1625 W ActivityManager: Slow operation: 63ms so far, now at startProcess: starting to update pids map
09-02 01:18:12.561  1513  1625 W ActivityManager: Slow operation: 63ms so far, now at startProcess: done updating pids map
09-02 01:18:12.562  1513  1625 D CompatibilityChangeReporter: Compat change id reported: 143937733; UID 10220; state: ENABLED
09-02 01:18:12.562 31371 31371 I cr_SplitCompatApp: Launched version=107.0.5304.91 minSdkVersion=29 isBundle=true processName=com.android.chrome:sandboxed_process0:org.chromium.content.app.SandboxedProcessService0:4 isIsolated=true
09-02 01:18:12.565 31349 31376 I cr_LibraryLoader: Using ModernLinker
09-02 01:18:12.568 31349 31376 W linker  : Warning: "/data/app/~~_KLlx60MH8CoecPTjMKp8g==/com.android.chrome-kw9RHYrlHKb9bPXi8OTClw==/base.apk!/lib/arm64-v8a/libchromium_android_linker.so" unused DT entry: unknown processor-specific (type 0x70000001 arg 0x0) (ignoring)
09-02 01:18:12.569 31349 31376 E cr_ChromiumAndroidLinker: ReserveAddressWithHint: Address range starting at 0x7a3874d000 was not free to use
09-02 01:18:12.573 31145 31145 E cr_IntentUtils: getBooleanExtra failed on intent null
09-02 01:18:12.573 31145 31145 E cr_IntentUtils: getBooleanExtra failed on intent null
09-02 01:18:12.576 31441 31441 E ocessService0:: Not starting debugger since process cannot load the jdwp agent.
09-02 01:18:12.583  1513  9003 D CompatibilityChangeReporter: Compat change id reported: 136274596; UID 10220; state: ENABLED
09-02 01:18:12.587 31349 31445 I cr_LibraryLoader: Successfully loaded native library
09-02 01:18:12.588 31205 31205 D Zygote  : Forked child process 31463
09-02 01:18:12.589 31371 31371 W SystemServiceRegistry: No service published for: uimode
09-02 01:18:12.590 31145 31145 I cr_tabmodel: #isIncognitoTabBeingRestored from tabDetails:  false
09-02 01:18:12.590 31145 31145 I cr_tabmodel: #isIncognitoTabBeingRestored from tabDetails:  false
09-02 01:18:12.590 31145 31145 W cr_tabmodel: Failed to restore TabState; creating Tab with last known URL.
09-02 01:18:12.590 31463 31463 E libc    : SetHeapTaggingLevel: re-enabling tagging after it was disabled is not supported
09-02 01:18:12.594  1513  1625 W ActivityManager: Slow operation: 72ms so far, now at startProcess: returned from zygote!
09-02 01:18:12.595  1513  1625 W ActivityManager: Slow operation: 73ms so far, now at startProcess: done updating battery stats
09-02 01:18:12.595  1513  1625 W ActivityManager: Slow operation: 73ms so far, now at startProcess: building log message
09-02 01:18:12.595  1513  1625 I ActivityManager: Start proc 31463:com.android.chrome:sandboxed_process0:org.chromium.content.app.SandboxedProcessService0:8/u0ai8 for  {com.android.chrome/org.chromium.content.app.SandboxedProcessService0:8}
09-02 01:18:12.595  1513  1625 W ActivityManager: Slow operation: 73ms so far, now at startProcess: starting to update pids map
09-02 01:18:12.595  1513  1625 W ActivityManager: Slow operation: 73ms so far, now at startProcess: done updating pids map
09-02 01:18:12.596  1513  1625 D CompatibilityChangeReporter: Compat change id reported: 143937733; UID 10220; state: ENABLED
09-02 01:18:12.596 31371 31371 I cr_ChildProcessService: Creating new ChildProcessService pid=31371
09-02 01:18:12.602 31349 31445 I cr_CachingUmaRecorder: Flushed 3 samples from 3 histograms.
09-02 01:18:12.603  1513  3230 D CompatibilityChangeReporter: Compat change id reported: 136274596; UID 10220; state: ENABLED
09-02 01:18:12.604 31387 31387 I LoadedApk: No resource references to update in package com.google.android.trichromelibrary
09-02 01:18:12.605 31145 31145 E cr_IntentUtils: getBooleanExtra failed on intent null
09-02 01:18:12.605 31145 31145 E cr_IntentUtils: getBooleanExtra failed on intent null
09-02 01:18:12.605 31387 31387 D NetworkSecurityConfig: Using Network Security Config from resource 0_resource_name_obfuscated debugBuild: false
09-02 01:18:12.606 31387 31387 D NetworkSecurityConfig: Using Network Security Config from resource 0_resource_name_obfuscated debugBuild: false
09-02 01:18:12.608 31463 31463 E ocessService0:: Not starting debugger since process cannot load the jdwp agent.
09-02 01:18:12.608 31387 31387 I cr_SplitCompatApp: Launched version=107.0.5304.91 minSdkVersion=29 isBundle=true processName=com.android.chrome:sandboxed_process0:org.chromium.content.app.SandboxedProcessService0:5 isIsolated=true
09-02 01:18:12.609 31205 31205 D Zygote  : Forked child process 31482
09-02 01:18:12.610  1513  9003 D CompatibilityChangeReporter: Compat change id reported: 135634846; UID 10220; state: DISABLED
09-02 01:18:12.610  1513  9003 D CompatibilityChangeReporter: Compat change id reported: 135754954; UID 10220; state: ENABLED
09-02 01:18:12.612 31482 31482 E libc    : SetHeapTaggingLevel: re-enabling tagging after it was disabled is not supported
09-02 01:18:12.615  1513  1625 W ActivityManager: Slow operation: 63ms so far, now at startProcess: returned from zygote!
09-02 01:18:12.615  1513  1625 W ActivityManager: Slow operation: 63ms so far, now at startProcess: done updating battery stats
09-02 01:18:12.615  1513  1625 W ActivityManager: Slow operation: 63ms so far, now at startProcess: building log message
09-02 01:18:12.615  1513  1625 I ActivityManager: Start proc 31482:com.android.chrome:sandboxed_process0:org.chromium.content.app.SandboxedProcessService0:9/u0ai9 for  {com.android.chrome/org.chromium.content.app.SandboxedProcessService0:9}
09-02 01:18:12.615  1513  1625 W ActivityManager: Slow operation: 63ms so far, now at startProcess: starting to update pids map
09-02 01:18:12.615  1513  1625 W ActivityManager: Slow operation: 63ms so far, now at startProcess: done updating pids map
09-02 01:18:12.615  1513  1625 D CompatibilityChangeReporter: Compat change id reported: 143937733; UID 10220; state: ENABLED
09-02 01:18:12.617 31145 31145 I cr_tabmodel: #isIncognitoTabBeingRestored from tabDetails:  false
09-02 01:18:12.617 31145 31145 I cr_tabmodel: #isIncognitoTabBeingRestored from tabDetails:  false
09-02 01:18:12.617 31145 31145 W cr_tabmodel: Failed to restore TabState; creating Tab with last known URL.
09-02 01:18:12.618 31371 31405 I cr_LibraryLoader: Using ModernLinker
09-02 01:18:12.619 31371 31405 W linker  : Warning: "/data/app/~~_KLlx60MH8CoecPTjMKp8g==/com.android.chrome-kw9RHYrlHKb9bPXi8OTClw==/base.apk!/lib/arm64-v8a/libchromium_android_linker.so" unused DT entry: unknown processor-specific (type 0x70000001 arg 0x0) (ignoring)
09-02 01:18:12.620 31371 31405 E cr_ChromiumAndroidLinker: ReserveAddressWithHint: Address range starting at 0x7a3874d000 was not free to use
09-02 01:18:12.624 31482 31482 E ocessService0:: Not starting debugger since process cannot load the jdwp agent.
09-02 01:18:12.629  1513  9003 D CompatibilityChangeReporter: Compat change id reported: 136274596; UID 10220; state: ENABLED
09-02 01:18:12.631 31371 31475 I cr_LibraryLoader: Successfully loaded native library
09-02 01:18:12.631 31387 31387 W SystemServiceRegistry: No service published for: uimode
09-02 01:18:12.632  1513  3168 D CompatibilityChangeReporter: Compat change id reported: 135634846; UID 10220; state: DISABLED
09-02 01:18:12.632  1513  3168 D CompatibilityChangeReporter: Compat change id reported: 135754954; UID 10220; state: ENABLED
09-02 01:18:12.632 31371 31475 I cr_CachingUmaRecorder: Flushed 3 samples from 3 histograms.
09-02 01:18:12.635 31205 31205 D Zygote  : Forked child process 31501
09-02 01:18:12.635  1513  1625 W ActivityManager: Slow operation: 64ms so far, now at startProcess: returned from zygote!
09-02 01:18:12.636  1513  1625 W ActivityManager: Slow operation: 64ms so far, now at startProcess: done updating battery stats
09-02 01:18:12.636  1513  1625 W ActivityManager: Slow operation: 64ms so far, now at startProcess: building log message
09-02 01:18:12.636  1513  1625 I ActivityManager: Start proc 31501:com.android.chrome:sandboxed_process0:org.chromium.content.app.SandboxedProcessService0:10/u0ai10 for  {com.android.chrome/org.chromium.content.app.SandboxedProcessService0:10}
09-02 01:18:12.636  1513  1625 W ActivityManager: Slow operation: 64ms so far, now at startProcess: starting to update pids map
09-02 01:18:12.636  1513  1625 W ActivityManager: Slow operation: 64ms so far, now at startProcess: done updating pids map
09-02 01:18:12.636  1513  1625 D CompatibilityChangeReporter: Compat change id reported: 143937733; UID 10220; state: ENABLED
09-02 01:18:12.636 31145 31145 E cr_IntentUtils: getBooleanExtra failed on intent null
09-02 01:18:12.636 31145 31145 E cr_IntentUtils: getBooleanExtra failed on intent null
09-02 01:18:12.638 31501 31501 E libc    : SetHeapTaggingLevel: re-enabling tagging after it was disabled is not supported
09-02 01:18:12.641 31387 31387 I cr_ChildProcessService: Creating new ChildProcessService pid=31387
09-02 01:18:12.647 31501 31501 E cessService0:1: Not starting debugger since process cannot load the jdwp agent.
09-02 01:18:12.650 31145 31145 I cr_tabmodel: #isIncognitoTabBeingRestored from tabDetails:  false
09-02 01:18:12.650 31145 31145 I cr_tabmodel: #isIncognitoTabBeingRestored from tabDetails:  false
09-02 01:18:12.650 31145 31145 W cr_tabmodel: Failed to restore TabState; creating Tab with last known URL.
09-02 01:18:12.652 31387 31440 I cr_LibraryLoader: Using ModernLinker
09-02 01:18:12.653 31387 31440 W linker  : Warning: "/data/app/~~_KLlx60MH8CoecPTjMKp8g==/com.android.chrome-kw9RHYrlHKb9bPXi8OTClw==/base.apk!/lib/arm64-v8a/libchromium_android_linker.so" unused DT entry: unknown processor-specific (type 0x70000001 arg 0x0) (ignoring)
09-02 01:18:12.654 31387 31440 E cr_ChromiumAndroidLinker: ReserveAddressWithHint: Address range starting at 0x7a3874d000 was not free to use
09-02 01:18:12.656  1513  3230 D CompatibilityChangeReporter: Compat change id reported: 136274596; UID 10220; state: ENABLED
09-02 01:18:12.657 31441 31441 I LoadedApk: No resource references to update in package com.google.android.trichromelibrary
09-02 01:18:12.657 31441 31441 D NetworkSecurityConfig: Using Network Security Config from resource 0_resource_name_obfuscated debugBuild: false
09-02 01:18:12.659 31441 31441 D NetworkSecurityConfig: Using Network Security Config from resource 0_resource_name_obfuscated debugBuild: false
09-02 01:18:12.660 31441 31441 I cr_SplitCompatApp: Launched version=107.0.5304.91 minSdkVersion=29 isBundle=true processName=com.android.chrome:sandboxed_process0:org.chromium.content.app.SandboxedProcessService0:7 isIsolated=true
09-02 01:18:12.663 31205 31205 D Zygote  : Forked child process 31532
09-02 01:18:12.664  1513  1625 W ActivityManager: Slow operation: 55ms so far, now at startProcess: returned from zygote!
09-02 01:18:12.664  1513  1625 W ActivityManager: Slow operation: 55ms so far, now at startProcess: done updating battery stats
09-02 01:18:12.664  1513  1625 W ActivityManager: Slow operation: 55ms so far, now at startProcess: building log message
09-02 01:18:12.664  1513  1625 I ActivityManager: Start proc 31532:com.android.chrome:sandboxed_process0:org.chromium.content.app.SandboxedProcessService0:11/u0ai11 for  {com.android.chrome/org.chromium.content.app.SandboxedProcessService0:11}
09-02 01:18:12.664  1513  1625 W ActivityManager: Slow operation: 55ms so far, now at startProcess: starting to update pids map
09-02 01:18:12.665  1513  1625 W ActivityManager: Slow operation: 55ms so far, now at startProcess: done updating pids map
09-02 01:18:12.665  1513  1625 D CompatibilityChangeReporter: Compat change id reported: 143937733; UID 10220; state: ENABLED
09-02 01:18:12.665  1513  3227 D CompatibilityChangeReporter: Compat change id reported: 135634846; UID 10220; state: DISABLED
09-02 01:18:12.665  1513  3227 D CompatibilityChangeReporter: Compat change id reported: 135754954; UID 10220; state: ENABLED
09-02 01:18:12.666 31532 31532 E libc    : SetHeapTaggingLevel: re-enabling tagging after it was disabled is not supported
09-02 01:18:12.666 31415 31415 I LoadedApk: No resource references to update in package com.google.android.trichromelibrary
09-02 01:18:12.667 31415 31415 D NetworkSecurityConfig: Using Network Security Config from resource 0_resource_name_obfuscated debugBuild: false
09-02 01:18:12.670 31415 31415 D NetworkSecurityConfig: Using Network Security Config from resource 0_resource_name_obfuscated debugBuild: false
09-02 01:18:12.670 31387 31511 I cr_LibraryLoader: Successfully loaded native library
09-02 01:18:12.671 31387 31511 I cr_CachingUmaRecorder: Flushed 3 samples from 3 histograms.
09-02 01:18:12.671 31415 31415 I cr_SplitCompatApp: Launched version=107.0.5304.91 minSdkVersion=29 isBundle=true processName=com.android.chrome:sandboxed_process0:org.chromium.content.app.SandboxedProcessService0:6 isIsolated=true
09-02 01:18:12.672 31145 31145 E cr_IntentUtils: getBooleanExtra failed on intent null
09-02 01:18:12.673 31145 31145 E cr_IntentUtils: getBooleanExtra failed on intent null
09-02 01:18:12.680  1513  3230 D CompatibilityChangeReporter: Compat change id reported: 136274596; UID 10220; state: ENABLED
09-02 01:18:12.688 31145 31145 I cr_tabmodel: #isIncognitoTabBeingRestored from tabDetails:  false
09-02 01:18:12.688 31145 31145 I cr_tabmodel: #isIncognitoTabBeingRestored from tabDetails:  false
09-02 01:18:12.688 31145 31145 W cr_tabmodel: Failed to restore TabState; creating Tab with last known URL.
09-02 01:18:12.690 31441 31441 W SystemServiceRegistry: No service published for: uimode
09-02 01:18:12.696 31532 31532 E cessService0:1: Not starting debugger since process cannot load the jdwp agent.
09-02 01:18:12.700  1513  9003 D CompatibilityChangeReporter: Compat change id reported: 135634846; UID 10220; state: DISABLED
09-02 01:18:12.700  1513  9003 D CompatibilityChangeReporter: Compat change id reported: 135754954; UID 10220; state: ENABLED
09-02 01:18:12.702 31415 31415 W SystemServiceRegistry: No service published for: uimode
09-02 01:18:12.704 31145 31145 E cr_IntentUtils: getBooleanExtra failed on intent null
09-02 01:18:12.704 31145 31145 E cr_IntentUtils: getBooleanExtra failed on intent null
09-02 01:18:12.711 31145 31145 I cr_tabmodel: #isIncognitoTabBeingRestored from tabDetails:  false
09-02 01:18:12.711 31145 31145 I cr_tabmodel: #isIncognitoTabBeingRestored from tabDetails:  false
09-02 01:18:12.711 31145 31145 W cr_tabmodel: Failed to restore TabState; creating Tab with last known URL.
09-02 01:18:12.714 31415 31415 I cr_ChildProcessService: Creating new ChildProcessService pid=31415
09-02 01:18:12.716 31205 31205 D Zygote  : Forked child process 31557
09-02 01:18:12.717  1513  1625 W ActivityManager: Slow operation: 85ms so far, now at startProcess: returned from zygote!
09-02 01:18:12.718  1513  1625 W ActivityManager: Slow operation: 86ms so far, now at startProcess: done updating battery stats
09-02 01:18:12.718  1513  1625 W ActivityManager: Slow operation: 86ms so far, now at startProcess: building log message
09-02 01:18:12.718  1513  1625 I ActivityManager: Start proc 31557:com.android.chrome:sandboxed_process0:org.chromium.content.app.SandboxedProcessService0:12/u0ai12 for  {com.android.chrome/org.chromium.content.app.SandboxedProcessService0:12}
09-02 01:18:12.718  1513  1625 W ActivityManager: Slow operation: 86ms so far, now at startProcess: starting to update pids map
09-02 01:18:12.719  1513  1625 W ActivityManager: Slow operation: 87ms so far, now at startProcess: done updating pids map
09-02 01:18:12.719  1513  1625 W ActivityManager: Slow operation: 54ms so far, now at startProcess: asking zygote to start proc
09-02 01:18:12.720 31415 31477 I cr_LibraryLoader: Using ModernLinker
09-02 01:18:12.720  1513  1625 D CompatibilityChangeReporter: Compat change id reported: 143937733; UID 10220; state: ENABLED
09-02 01:18:12.720 31441 31441 I cr_ChildProcessService: Creating new ChildProcessService pid=31441
09-02 01:18:12.723 31415 31477 W linker  : Warning: "/data/app/~~_KLlx60MH8CoecPTjMKp8g==/com.android.chrome-kw9RHYrlHKb9bPXi8OTClw==/base.apk!/lib/arm64-v8a/libchromium_android_linker.so" unused DT entry: unknown processor-specific (type 0x70000001 arg 0x0) (ignoring)
09-02 01:18:12.724 31415 31477 E cr_ChromiumAndroidLinker: ReserveAddressWithHint: Address range starting at 0x7a3874d000 was not free to use
09-02 01:18:12.724 31145 31145 E cr_IntentUtils: getBooleanExtra failed on intent null
09-02 01:18:12.724 31145 31145 E cr_IntentUtils: getBooleanExtra failed on intent null
09-02 01:18:12.727 31557 31557 E libc    : SetHeapTaggingLevel: re-enabling tagging after it was disabled is not supported
09-02 01:18:12.730 31145 31145 I cr_tabmodel: #isIncognitoTabBeingRestored from tabDetails:  false
09-02 01:18:12.730 31145 31145 I cr_tabmodel: #isIncognitoTabBeingRestored from tabDetails:  false
09-02 01:18:12.730 31145 31145 W cr_tabmodel: Failed to restore TabState; creating Tab with last known URL.
09-02 01:18:12.730  1513  9003 D CompatibilityChangeReporter: Compat change id reported: 136274596; UID 10220; state: ENABLED
09-02 01:18:12.736 31463 31463 I LoadedApk: No resource references to update in package com.google.android.trichromelibrary
09-02 01:18:12.739 31501 31501 I LoadedApk: No resource references to update in package com.google.android.trichromelibrary
09-02 01:18:12.739 31501 31501 D NetworkSecurityConfig: Using Network Security Config from resource 0_resource_name_obfuscated debugBuild: false
09-02 01:18:12.740 31501 31501 D NetworkSecurityConfig: Using Network Security Config from resource 0_resource_name_obfuscated debugBuild: false
09-02 01:18:12.742 31501 31501 I cr_SplitCompatApp: Launched version=107.0.5304.91 minSdkVersion=29 isBundle=true processName=com.android.chrome:sandboxed_process0:org.chromium.content.app.SandboxedProcessService0:10 isIsolated=true
09-02 01:18:12.744 31145 31145 E cr_IntentUtils: getBooleanExtra failed on intent null
09-02 01:18:12.744 31145 31145 E cr_IntentUtils: getBooleanExtra failed on intent null
09-02 01:18:12.748 31463 31463 D NetworkSecurityConfig: Using Network Security Config from resource 0_resource_name_obfuscated debugBuild: false
09-02 01:18:12.749 31463 31463 D NetworkSecurityConfig: Using Network Security Config from resource 0_resource_name_obfuscated debugBuild: false
09-02 01:18:12.749 31415 31556 I cr_LibraryLoader: Successfully loaded native library
09-02 01:18:12.750 31415 31556 I cr_CachingUmaRecorder: Flushed 3 samples from 3 histograms.
09-02 01:18:12.750 31463 31463 I cr_SplitCompatApp: Launched version=107.0.5304.91 minSdkVersion=29 isBundle=true processName=com.android.chrome:sandboxed_process0:org.chromium.content.app.SandboxedProcessService0:8 isIsolated=true
09-02 01:18:12.753  1513  9003 D CompatibilityChangeReporter: Compat change id reported: 135634846; UID 10220; state: DISABLED
09-02 01:18:12.754  1513  9003 D CompatibilityChangeReporter: Compat change id reported: 135754954; UID 10220; state: ENABLED
09-02 01:18:12.756 31145 31145 I cr_tabmodel: #isIncognitoTabBeingRestored from tabDetails:  false
09-02 01:18:12.756 31145 31145 I cr_tabmodel: #isIncognitoTabBeingRestored from tabDetails:  false
09-02 01:18:12.756 31145 31145 W cr_tabmodel: Failed to restore TabState; creating Tab with last known URL.
09-02 01:18:12.757 31482 31482 I LoadedApk: No resource references to update in package com.google.android.trichromelibrary
09-02 01:18:12.758 31441 31479 I cr_LibraryLoader: Using ModernLinker
09-02 01:18:12.759 31441 31479 W linker  : Warning: "/data/app/~~_KLlx60MH8CoecPTjMKp8g==/com.android.chrome-kw9RHYrlHKb9bPXi8OTClw==/base.apk!/lib/arm64-v8a/libchromium_android_linker.so" unused DT entry: unknown processor-specific (type 0x70000001 arg 0x0) (ignoring)
09-02 01:18:12.760 31441 31479 E cr_ChromiumAndroidLinker: ReserveAddressWithHint: Address range starting at 0x7a3874d000 was not free to use
09-02 01:18:12.761 31557 31557 E cessService0:1: Not starting debugger since process cannot load the jdwp agent.
09-02 01:18:12.766 31441 31564 I cr_LibraryLoader: Successfully loaded native library
09-02 01:18:12.767 31441 31564 I cr_CachingUmaRecorder: Flushed 3 samples from 3 histograms.
09-02 01:18:12.768 31532 31532 I LoadedApk: No resource references to update in package com.google.android.trichromelibrary
09-02 01:18:12.769 31532 31532 D NetworkSecurityConfig: Using Network Security Config from resource 0_resource_name_obfuscated debugBuild: false
09-02 01:18:12.770 31532 31532 D NetworkSecurityConfig: Using Network Security Config from resource 0_resource_name_obfuscated debugBuild: false
09-02 01:18:12.771 31205 31205 D Zygote  : Forked child process 31586
09-02 01:18:12.772 31482 31482 D NetworkSecurityConfig: Using Network Security Config from resource 0_resource_name_obfuscated debugBuild: false
09-02 01:18:12.772  1513  1625 W ActivityManager: Slow operation: 107ms so far, now at startProcess: returned from zygote!
09-02 01:18:12.772 31532 31532 I cr_SplitCompatApp: Launched version=107.0.5304.91 minSdkVersion=29 isBundle=true processName=com.android.chrome:sandboxed_process0:org.chromium.content.app.SandboxedProcessService0:11 isIsolated=true
09-02 01:18:12.773 31145 31145 E cr_IntentUtils: getBooleanExtra failed on intent null
09-02 01:18:12.773 31145 31145 E cr_IntentUtils: getBooleanExtra failed on intent null
09-02 01:18:12.773 31482 31482 D NetworkSecurityConfig: Using Network Security Config from resource 0_resource_name_obfuscated debugBuild: false
09-02 01:18:12.773  1513  1625 W ActivityManager: Slow operation: 108ms so far, now at startProcess: done updating battery stats
09-02 01:18:12.773  1513  1625 W ActivityManager: Slow operation: 108ms so far, now at startProcess: building log message
09-02 01:18:12.773  1513  1625 I ActivityManager: Start proc 31586:com.android.chrome:sandboxed_process0:org.chromium.content.app.SandboxedProcessService0:13/u0ai13 for  {com.android.chrome/org.chromium.content.app.SandboxedProcessService0:13}
09-02 01:18:12.773  1513  1625 W ActivityManager: Slow operation: 108ms so far, now at startProcess: starting to update pids map
09-02 01:18:12.774  1513  1625 W ActivityManager: Slow operation: 108ms so far, now at startProcess: done updating pids map
09-02 01:18:12.774  1513  1625 W ActivityManager: Slow operation: 73ms so far, now at startProcess: asking zygote to start proc
09-02 01:18:12.774  1513  1625 D CompatibilityChangeReporter: Compat change id reported: 143937733; UID 10220; state: ENABLED
09-02 01:18:12.775 31482 31482 I cr_SplitCompatApp: Launched version=107.0.5304.91 minSdkVersion=29 isBundle=true processName=com.android.chrome:sandboxed_process0:org.chromium.content.app.SandboxedProcessService0:9 isIsolated=true
09-02 01:18:12.776 31586 31586 E libc    : SetHeapTaggingLevel: re-enabling tagging after it was disabled is not supported
09-02 01:18:12.779 31145 31145 I cr_tabmodel: #isIncognitoTabBeingRestored from tabDetails:  false
09-02 01:18:12.779 31145 31145 I cr_tabmodel: #isIncognitoTabBeingRestored from tabDetails:  false
09-02 01:18:12.779 31145 31145 W cr_tabmodel: Failed to restore TabState; creating Tab with last known URL.
09-02 01:18:12.788  1513  3168 D CompatibilityChangeReporter: Compat change id reported: 136274596; UID 10220; state: ENABLED
09-02 01:18:12.790 31463 31463 W SystemServiceRegistry: No service published for: uimode
09-02 01:18:12.793 31145 31145 E cr_IntentUtils: getBooleanExtra failed on intent null
09-02 01:18:12.793 31145 31145 E cr_IntentUtils: getBooleanExtra failed on intent null
09-02 01:18:12.793 31501 31501 W SystemServiceRegistry: No service published for: uimode
09-02 01:18:12.797 31482 31482 W SystemServiceRegistry: No service published for: uimode
09-02 01:18:12.797 31463 31463 I cr_ChildProcessService: Creating new ChildProcessService pid=31463
09-02 01:18:12.799 31145 31145 I cr_tabmodel: #isIncognitoTabBeingRestored from tabDetails:  false
09-02 01:18:12.799 31145 31145 I cr_tabmodel: #isIncognitoTabBeingRestored from tabDetails:  false
09-02 01:18:12.799 31145 31145 W cr_tabmodel: Failed to restore TabState; creating Tab with last known URL.
09-02 01:18:12.802 31532 31532 W SystemServiceRegistry: No service published for: uimode
09-02 01:18:12.803  1513  9003 D CompatibilityChangeReporter: Compat change id reported: 135634846; UID 10220; state: DISABLED
09-02 01:18:12.803  1513  9003 D CompatibilityChangeReporter: Compat change id reported: 135754954; UID 10220; state: ENABLED
09-02 01:18:12.806 31586 31586 E cessService0:1: Not starting debugger since process cannot load the jdwp agent.
09-02 01:18:12.807 31482 31482 I cr_ChildProcessService: Creating new ChildProcessService pid=31482
09-02 01:18:12.809 31532 31532 I cr_ChildProcessService: Creating new ChildProcessService pid=31532
09-02 01:18:12.812 31145 31145 E cr_IntentUtils: getBooleanExtra failed on intent null
09-02 01:18:12.812 31145 31145 E cr_IntentUtils: getBooleanExtra failed on intent null
09-02 01:18:12.815 31501 31501 I cr_ChildProcessService: Creating new ChildProcessService pid=31501
09-02 01:18:12.817 31145 31145 I cr_tabmodel: #isIncognitoTabBeingRestored from tabDetails:  false
09-02 01:18:12.817 31145 31145 I cr_tabmodel: #isIncognitoTabBeingRestored from tabDetails:  false
09-02 01:18:12.817 31145 31145 W cr_tabmodel: Failed to restore TabState; creating Tab with last known URL.
09-02 01:18:12.828 31557 31557 I LoadedApk: No resource references to update in package com.google.android.trichromelibrary
09-02 01:18:12.828 31482 31549 I cr_LibraryLoader: Using ModernLinker
09-02 01:18:12.829 31557 31557 D NetworkSecurityConfig: Using Network Security Config from resource 0_resource_name_obfuscated debugBuild: false
09-02 01:18:12.830 31145 31145 E cr_IntentUtils: getBooleanExtra failed on intent null
09-02 01:18:12.830 31145 31145 E cr_IntentUtils: getBooleanExtra failed on intent null
09-02 01:18:12.830 31557 31557 D NetworkSecurityConfig: Using Network Security Config from resource 0_resource_name_obfuscated debugBuild: false
09-02 01:18:12.831 31482 31549 W linker  : Warning: "/data/app/~~_KLlx60MH8CoecPTjMKp8g==/com.android.chrome-kw9RHYrlHKb9bPXi8OTClw==/base.apk!/lib/arm64-v8a/libchromium_android_linker.so" unused DT entry: unknown processor-specific (type 0x70000001 arg 0x0) (ignoring)
09-02 01:18:12.832 31557 31557 I cr_SplitCompatApp: Launched version=107.0.5304.91 minSdkVersion=29 isBundle=true processName=com.android.chrome:sandboxed_process0:org.chromium.content.app.SandboxedProcessService0:12 isIsolated=true
09-02 01:18:12.833 31463 31500 I cr_LibraryLoader: Using ModernLinker
09-02 01:18:12.835 31532 31577 I cr_LibraryLoader: Using ModernLinker
09-02 01:18:12.835 31145 31145 I cr_tabmodel: #isIncognitoTabBeingRestored from tabDetails:  false
09-02 01:18:12.835 31145 31145 I cr_tabmodel: #isIncognitoTabBeingRestored from tabDetails:  false
09-02 01:18:12.835 31145 31145 W cr_tabmodel: Failed to restore TabState; creating Tab with last known URL.
09-02 01:18:12.841 31532 31577 W linker  : Warning: "/data/app/~~_KLlx60MH8CoecPTjMKp8g==/com.android.chrome-kw9RHYrlHKb9bPXi8OTClw==/base.apk!/lib/arm64-v8a/libchromium_android_linker.so" unused DT entry: unknown processor-specific (type 0x70000001 arg 0x0) (ignoring)
09-02 01:18:12.842 31532 31577 E cr_ChromiumAndroidLinker: ReserveAddressWithHint: Address range starting at 0x7a3874d000 was not free to use
09-02 01:18:12.842 31501 31531 I cr_LibraryLoader: Using ModernLinker
09-02 01:18:12.846 31501 31531 W linker  : Warning: "/data/app/~~_KLlx60MH8CoecPTjMKp8g==/com.android.chrome-kw9RHYrlHKb9bPXi8OTClw==/base.apk!/lib/arm64-v8a/libchromium_android_linker.so" unused DT entry: unknown processor-specific (type 0x70000001 arg 0x0) (ignoring)
09-02 01:18:12.849 31145 31145 E cr_IntentUtils: getBooleanExtra failed on intent null
09-02 01:18:12.849 31145 31145 E cr_IntentUtils: getBooleanExtra failed on intent null
09-02 01:18:12.852 31463 31500 W linker  : Warning: "/data/app/~~_KLlx60MH8CoecPTjMKp8g==/com.android.chrome-kw9RHYrlHKb9bPXi8OTClw==/base.apk!/lib/arm64-v8a/libchromium_android_linker.so" unused DT entry: unknown processor-specific (type 0x70000001 arg 0x0) (ignoring)
09-02 01:18:12.853 31463 31500 E cr_ChromiumAndroidLinker: ReserveAddressWithHint: Address range starting at 0x7a3874d000 was not free to use
09-02 01:18:12.854 31145 31145 I cr_tabmodel: #isIncognitoTabBeingRestored from tabDetails:  false
09-02 01:18:12.854 31145 31145 I cr_tabmodel: #isIncognitoTabBeingRestored from tabDetails:  false
09-02 01:18:12.854 31145 31145 W cr_tabmodel: Failed to restore TabState; creating Tab with last known URL.
09-02 01:18:12.856 31482 31549 E cr_ChromiumAndroidLinker: ReserveAddressWithHint: Address range starting at 0x7a3874d000 was not free to use
09-02 01:18:12.857 31205 31205 D Zygote  : Forked child process 31628
09-02 01:18:12.858  1513  1625 W ActivityManager: Slow operation: 158ms so far, now at startProcess: returned from zygote!
09-02 01:18:12.858 31557 31557 W SystemServiceRegistry: No service published for: uimode
09-02 01:18:12.861  1513  3168 D CompatibilityChangeReporter: Compat change id reported: 136274596; UID 10220; state: ENABLED
09-02 01:18:12.862 31501 31531 E cr_ChromiumAndroidLinker: ReserveAddressWithHint: Address range starting at 0x7a3874d000 was not free to use
09-02 01:18:12.863 31482 31611 I cr_LibraryLoader: Successfully loaded native library
09-02 01:18:12.864 31482 31611 I cr_CachingUmaRecorder: Flushed 3 samples from 3 histograms.
09-02 01:18:12.866 31532 31614 I cr_LibraryLoader: Successfully loaded native library
09-02 01:18:12.869  1513  1625 W ActivityManager: Slow operation: 169ms so far, now at startProcess: done updating battery stats
09-02 01:18:12.869  1513  1625 W ActivityManager: Slow operation: 169ms so far, now at startProcess: building log message
09-02 01:18:12.869  1513  1625 I ActivityManager: Start proc 31628:com.android.chrome:sandboxed_process0:org.chromium.content.app.SandboxedProcessService0:14/u0ai14 for  {com.android.chrome/org.chromium.content.app.SandboxedProcessService0:14}
09-02 01:18:12.869  1513  1625 W ActivityManager: Slow operation: 169ms so far, now at startProcess: starting to update pids map
09-02 01:18:12.870  1513  1625 W ActivityManager: Slow operation: 170ms so far, now at startProcess: done updating pids map
09-02 01:18:12.870  1513  1625 W ActivityManager: Slow operation: 143ms so far, now at startProcess: asking zygote to start proc
09-02 01:18:12.870  1513  1625 D CompatibilityChangeReporter: Compat change id reported: 143937733; UID 10220; state: ENABLED
09-02 01:18:12.872   908   950 D rlsservice: MonitorDisplayStatus client num 1, display status 1, sensor status 1
09-02 01:18:12.875 31628 31628 E libc    : SetHeapTaggingLevel: re-enabling tagging after it was disabled is not supported
09-02 01:18:12.875  1513  3230 D CompatibilityChangeReporter: Compat change id reported: 135634846; UID 10220; state: DISABLED
09-02 01:18:12.875  1513  3230 D CompatibilityChangeReporter: Compat change id reported: 135754954; UID 10220; state: ENABLED
09-02 01:18:12.877 31532 31614 I cr_CachingUmaRecorder: Flushed 3 samples from 3 histograms.
09-02 01:18:12.879 31145 31145 E cr_IntentUtils: getBooleanExtra failed on intent null
09-02 01:18:12.879 31145 31145 E cr_IntentUtils: getBooleanExtra failed on intent null
09-02 01:18:12.881 31463 31605 I cr_LibraryLoader: Successfully loaded native library
09-02 01:18:12.882 31463 31605 I cr_CachingUmaRecorder: Flushed 3 samples from 3 histograms.
09-02 01:18:12.884 31628 31628 E cessService0:1: Not starting debugger since process cannot load the jdwp agent.
09-02 01:18:12.887 31557 31557 I cr_ChildProcessService: Creating new ChildProcessService pid=31557
09-02 01:18:12.888 31501 31620 I cr_LibraryLoader: Successfully loaded native library
09-02 01:18:12.892 31501 31620 I cr_CachingUmaRecorder: Flushed 3 samples from 3 histograms.
09-02 01:18:12.896 31145 31145 I cr_tabmodel: #isIncognitoTabBeingRestored from tabDetails:  false
09-02 01:18:12.896 31145 31145 I cr_tabmodel: #isIncognitoTabBeingRestored from tabDetails:  false
09-02 01:18:12.896 31145 31145 W cr_tabmodel: Failed to restore TabState; creating Tab with last known URL.
09-02 01:18:12.898 31586 31586 I LoadedApk: No resource references to update in package com.google.android.trichromelibrary
09-02 01:18:12.898 31586 31586 D NetworkSecurityConfig: Using Network Security Config from resource 0_resource_name_obfuscated debugBuild: false
09-02 01:18:12.900 31586 31586 D NetworkSecurityConfig: Using Network Security Config from resource 0_resource_name_obfuscated debugBuild: false
09-02 01:18:12.901 31557 31606 I cr_LibraryLoader: Using ModernLinker
09-02 01:18:12.902 31557 31606 W linker  : Warning: "/data/app/~~_KLlx60MH8CoecPTjMKp8g==/com.android.chrome-kw9RHYrlHKb9bPXi8OTClw==/base.apk!/lib/arm64-v8a/libchromium_android_linker.so" unused DT entry: unknown processor-specific (type 0x70000001 arg 0x0) (ignoring)
09-02 01:18:12.902 31586 31586 I cr_SplitCompatApp: Launched version=107.0.5304.91 minSdkVersion=29 isBundle=true processName=com.android.chrome:sandboxed_process0:org.chromium.content.app.SandboxedProcessService0:13 isIsolated=true
09-02 01:18:12.902 31557 31606 E cr_ChromiumAndroidLinker: ReserveAddressWithHint: Address range starting at 0x7a3874d000 was not free to use
09-02 01:18:12.915 31586 31586 W SystemServiceRegistry: No service published for: uimode
09-02 01:18:12.915 31145 31145 E cr_IntentUtils: getBooleanExtra failed on intent null
09-02 01:18:12.915 31145 31145 E cr_IntentUtils: getBooleanExtra failed on intent null
09-02 01:18:12.920 31205 31205 D Zygote  : Forked child process 31679
09-02 01:18:12.923 31586 31586 I cr_ChildProcessService: Creating new ChildProcessService pid=31586
09-02 01:18:12.926 31679 31679 E libc    : SetHeapTaggingLevel: re-enabling tagging after it was disabled is not supported
09-02 01:18:12.927 31145 31145 I cr_tabmodel: #isIncognitoTabBeingRestored from tabDetails:  false
09-02 01:18:12.927 31145 31145 I cr_tabmodel: #isIncognitoTabBeingRestored from tabDetails:  false
09-02 01:18:12.927 31145 31145 W cr_tabmodel: Failed to restore TabState; creating Tab with last known URL.
09-02 01:18:12.930  1513  1625 W ActivityManager: Slow operation: 203ms so far, now at startProcess: returned from zygote!
09-02 01:18:12.931  1513  1625 W ActivityManager: Slow operation: 203ms so far, now at startProcess: done updating battery stats
09-02 01:18:12.931  1513  1625 W ActivityManager: Slow operation: 203ms so far, now at startProcess: building log message
09-02 01:18:12.931  1513  1625 I ActivityManager: Start proc 31679:com.android.chrome:sandboxed_process0:org.chromium.content.app.SandboxedProcessService0:15/u0ai15 for  {com.android.chrome/org.chromium.content.app.SandboxedProcessService0:15}
09-02 01:18:12.931  1513  1625 W ActivityManager: Slow operation: 204ms so far, now at startProcess: starting to update pids map
09-02 01:18:12.931  1513  1625 W ActivityManager: Slow operation: 204ms so far, now at startProcess: done updating pids map
09-02 01:18:12.931  1513  1625 W ActivityManager: Slow operation: 178ms so far, now at startProcess: asking zygote to start proc
09-02 01:18:12.934 31557 31661 I cr_LibraryLoader: Successfully loaded native library
09-02 01:18:12.934 31557 31661 I cr_CachingUmaRecorder: Flushed 3 samples from 3 histograms.
09-02 01:18:12.946  1513  9003 D CompatibilityChangeReporter: Compat change id reported: 136274596; UID 10220; state: ENABLED
09-02 01:18:12.950 31145 31145 E cr_IntentUtils: getBooleanExtra failed on intent null
09-02 01:18:12.950 31145 31145 E cr_IntentUtils: getBooleanExtra failed on intent null
09-02 01:18:12.958 31586 31633 I cr_LibraryLoader: Using ModernLinker
09-02 01:18:12.960 31145 31145 I cr_tabmodel: #isIncognitoTabBeingRestored from tabDetails:  false
09-02 01:18:12.960 31145 31145 I cr_tabmodel: #isIncognitoTabBeingRestored from tabDetails:  false
09-02 01:18:12.960 31145 31145 W cr_tabmodel: Failed to restore TabState; creating Tab with last known URL.
09-02 01:18:12.961 31586 31633 W linker  : Warning: "/data/app/~~_KLlx60MH8CoecPTjMKp8g==/com.android.chrome-kw9RHYrlHKb9bPXi8OTClw==/base.apk!/lib/arm64-v8a/libchromium_android_linker.so" unused DT entry: unknown processor-specific (type 0x70000001 arg 0x0) (ignoring)
09-02 01:18:12.966 31679 31679 E cessService0:1: Not starting debugger since process cannot load the jdwp agent.
09-02 01:18:12.968 31586 31633 E cr_ChromiumAndroidLinker: ReserveAddressWithHint: Address range starting at 0x7a3874d000 was not free to use
09-02 01:18:12.976  1513  3230 D CompatibilityChangeReporter: Compat change id reported: 136274596; UID 10220; state: ENABLED
09-02 01:18:12.977 31145 31145 E cr_IntentUtils: getBooleanExtra failed on intent null
09-02 01:18:12.977 31145 31145 E cr_IntentUtils: getBooleanExtra failed on intent null
09-02 01:18:12.979  1513  3168 D CompatibilityChangeReporter: Compat change id reported: 135634846; UID 10220; state: DISABLED
09-02 01:18:12.980  1513  3168 D CompatibilityChangeReporter: Compat change id reported: 135754954; UID 10220; state: ENABLED
09-02 01:18:12.985 31145 31145 I cr_tabmodel: #isIncognitoTabBeingRestored from tabDetails:  false
09-02 01:18:12.985 31145 31145 I cr_tabmodel: #isIncognitoTabBeingRestored from tabDetails:  false
09-02 01:18:12.985 31145 31145 W cr_tabmodel: Failed to restore TabState; creating Tab with last known URL.
09-02 01:18:12.990 31586 31685 I cr_LibraryLoader: Successfully loaded native library
09-02 01:18:13.000 31586 31685 I cr_CachingUmaRecorder: Flushed 3 samples from 3 histograms.
09-02 01:18:13.013 31145 31145 E cr_IntentUtils: getBooleanExtra failed on intent null
09-02 01:18:13.013 31145 31145 E cr_IntentUtils: getBooleanExtra failed on intent null
09-02 01:18:13.026 31145 31145 I cr_tabmodel: #isIncognitoTabBeingRestored from tabDetails:  false
09-02 01:18:13.026 31145 31145 I cr_tabmodel: #isIncognitoTabBeingRestored from tabDetails:  false
09-02 01:18:13.026 31145 31145 W cr_tabmodel: Failed to restore TabState; creating Tab with last known URL.
09-02 01:18:13.032 31628 31628 I LoadedApk: No resource references to update in package com.google.android.trichromelibrary
09-02 01:18:13.035 31628 31628 D NetworkSecurityConfig: Using Network Security Config from resource 0_resource_name_obfuscated debugBuild: false
09-02 01:18:13.036 31628 31628 D NetworkSecurityConfig: Using Network Security Config from resource 0_resource_name_obfuscated debugBuild: false
09-02 01:18:13.038 31628 31628 I cr_SplitCompatApp: Launched version=107.0.5304.91 minSdkVersion=29 isBundle=true processName=com.android.chrome:sandboxed_process0:org.chromium.content.app.SandboxedProcessService0:14 isIsolated=true
09-02 01:18:13.039 31679 31679 I LoadedApk: No resource references to update in package com.google.android.trichromelibrary
09-02 01:18:13.039 31679 31679 D NetworkSecurityConfig: Using Network Security Config from resource 0_resource_name_obfuscated debugBuild: false
09-02 01:18:13.039 31679 31679 D NetworkSecurityConfig: Using Network Security Config from resource 0_resource_name_obfuscated debugBuild: false
09-02 01:18:13.040 31679 31679 I cr_SplitCompatApp: Launched version=107.0.5304.91 minSdkVersion=29 isBundle=true processName=com.android.chrome:sandboxed_process0:org.chromium.content.app.SandboxedProcessService0:15 isIsolated=true
09-02 01:18:13.042 31205 31205 D Zygote  : Forked child process 31739
09-02 01:18:13.051 31145 31145 E cr_IntentUtils: getBooleanExtra failed on intent null
09-02 01:18:13.051 31145 31145 E cr_IntentUtils: getBooleanExtra failed on intent null
09-02 01:18:13.054 31739 31739 E libc    : SetHeapTaggingLevel: re-enabling tagging after it was disabled is not supported
09-02 01:18:13.056  1513  1625 W ActivityManager: Slow operation: 302ms so far, now at startProcess: returned from zygote!
09-02 01:18:13.056  1513  1625 W ActivityManager: Slow operation: 302ms so far, now at startProcess: done updating battery stats
09-02 01:18:13.056  1513  1625 W ActivityManager: Slow operation: 302ms so far, now at startProcess: building log message
09-02 01:18:13.056  1513  1625 I ActivityManager: Start proc 31739:com.android.chrome:sandboxed_process0:org.chromium.content.app.SandboxedProcessService0:16/u0ai16 for  {com.android.chrome/org.chromium.content.app.SandboxedProcessService0:16}
09-02 01:18:13.056  1513  1625 W ActivityManager: Slow operation: 303ms so far, now at startProcess: starting to update pids map
09-02 01:18:13.056  1513  1625 W ActivityManager: Slow operation: 303ms so far, now at startProcess: done updating pids map
09-02 01:18:13.056  1513  1625 W ActivityManager: Slow operation: 284ms so far, now at startProcess: asking zygote to start proc
09-02 01:18:13.057  1513  1625 D CompatibilityChangeReporter: Compat change id reported: 143937733; UID 10220; state: ENABLED
09-02 01:18:13.063 31145 31145 I cr_tabmodel: #isIncognitoTabBeingRestored from tabDetails:  false
09-02 01:18:13.063 31145 31145 I cr_tabmodel: #isIncognitoTabBeingRestored from tabDetails:  false
09-02 01:18:13.063 31145 31145 W cr_tabmodel: Failed to restore TabState; creating Tab with last known URL.
09-02 01:18:13.067 31628 31628 W SystemServiceRegistry: No service published for: uimode
09-02 01:18:13.070 31739 31739 E cessService0:1: Not starting debugger since process cannot load the jdwp agent.
