--------- beginning of system
09-01 20:32:58.703  1513  2000 D ConnectivityService: NetReassign [no changes]
--------- beginning of main
09-01 20:33:00.027   901  2806 I sensors-hal: [ssc_utils]get_qmi_debug_flag:244, support_qmi_debug : false
09-01 20:33:00.045   901  1000 W ASH     : @ 38366.498: Unhandled msg ID 999: line 1277
09-01 20:33:00.045   901  1000 E ASH     : @ 38366.498: No pb callback assigned
09-01 20:33:00.045   901  1000 E ASH     : @ 38366.498: Nanopb error: callback failed:1588
09-01 20:33:00.047  1513  2264 I ActivityManager: Force stopping com.android.chrome appid=10220 user=0: from pid 20497
09-01 20:33:00.051  2474  2474 E PhoneInterfaceManager: [PhoneIntfMgr] getCarrierPackageNamesForIntentAndPhone: No UICC
09-01 20:33:00.051  2474  2474 D CarrierSvcBindHelper: No carrier app for: 0
09-01 20:33:00.058  3135  3135 D RegisteredNfcFServicesCache: Service unchanged, not updating
09-01 20:33:00.064  8777  8777 I EuiccGoogle: [2] EuiccServiceImpl.onCreate: onCreate Single-SIM mode: simCardState is 1
09-01 20:33:00.069  8777 20503 I EuiccGoogle: [6330] EuiccServiceImpl.onGetEuiccProfileInfoList: onGetEuiccProfileInfoList: slotId = -1
09-01 20:33:00.072  8777 20503 W EuiccGoogle: [6330] EuiccServiceImpl.onGetEuiccProfileInfoList: slotId=-1. No eUICC is active. Return null.
09-01 20:33:00.108   901  2806 I sensors-hal: [ssc_utils]get_qmi_debug_flag:244, support_qmi_debug : false
09-01 20:33:00.125   901  1000 W ASH     : @ 38366.578: Unhandled msg ID 999: line 1277
09-01 20:33:00.125   901  1000 E ASH     : @ 38366.578: No pb callback assigned
09-01 20:33:00.125   901  1000 E ASH     : @ 38366.578: Nanopb error: callback failed:1588
09-01 20:33:00.167   901  1000 D VSC     : @ 38366.618: [WO] tilt angle 89
09-01 20:33:00.302  1513  2264 I ActivityTaskManager: START u0 {act=android.intent.action.VIEW flg=0x10008000 cmp=com.android.chrome/com.google.android.apps.chrome.Main} from uid 2000
09-01 20:33:00.303  1513  1572 D EventSequenceValidator: inc AccIntentStartedEvents to 2
09-01 20:33:00.314   901  2806 I sensors-hal: [ssc_utils]get_qmi_debug_flag:244, support_qmi_debug : false
09-01 20:33:00.321 20497 20499 I cmd     : oneway function results will be dropped but finished with status OK and parcel size 4
09-01 20:33:00.325   901  1000 W ASH     : @ 38366.778: Unhandled msg ID 999: line 1277
09-01 20:33:00.325   901  1000 E ASH     : @ 38366.778: No pb callback assigned
09-01 20:33:00.325   901  1000 E ASH     : @ 38366.778: Nanopb error: callback failed:1588
09-01 20:33:00.330  1513  1572 D CompatibilityChangeReporter: Compat change id reported: 135634846; UID 10220; state: DISABLED
09-01 20:33:00.330  1513  1572 D CompatibilityChangeReporter: Compat change id reported: 135754954; UID 10220; state: ENABLED
09-01 20:33:00.330  1513  1625 D CompatibilityChangeReporter: Compat change id reported: 143937733; UID 10220; state: ENABLED
09-01 20:33:00.340  3088  3656 I AssistantForeground: (REDACTED) Get launcher package: %s
09-01 20:33:00.340   778   778 D Zygote  : Forked child process 20510
09-01 20:33:00.343  1513  1625 I ActivityManager: Start proc 20510:com.android.chrome/u0a220 for pre-top-activity {com.android.chrome/com.google.android.apps.chrome.Main}
09-01 20:33:00.347 20510 20510 E .android.chrom: Not starting debugger since process cannot load the jdwp agent.
09-01 20:33:00.372 20510 20510 W .android.chrom: JIT profile information will not be recorded: profile file does not exist.
09-01 20:33:00.377 20510 20510 I LoadedApk: No resource references to update in package com.google.android.trichromelibrary
09-01 20:33:00.377 20510 20510 D NetworkSecurityConfig: Using Network Security Config from resource 0_resource_name_obfuscated debugBuild: false
09-01 20:33:00.378 20510 20510 D NetworkSecurityConfig: Using Network Security Config from resource 0_resource_name_obfuscated debugBuild: false
09-01 20:33:00.378 20510 20510 I cr_SplitCompatApp: Launched version=107.0.5304.91 minSdkVersion=29 isBundle=true processName=com.android.chrome isIsolated=false
09-01 20:33:00.379  2158  2158 I WallpaperService: engine resumed
09-01 20:33:00.384   901   901 W sensors@2.0-ser: type=1400 audit(0.0:4693): avc: denied { read write } for name="diag" dev="tmpfs" ino=12474 scontext=u:r:hal_sensors_default:s0 tcontext=u:object_r:diag_device:s0 tclass=chr_file permissive=0
09-01 20:33:00.384   901   901 W sensors@2.0-ser: type=1400 audit(0.0:4694): avc: denied { read write } for name="diag" dev="tmpfs" ino=12474 scontext=u:r:hal_sensors_default:s0 tcontext=u:object_r:diag_device:s0 tclass=chr_file permissive=0
09-01 20:33:00.384   901   901 I sensors-hal: [hal]batch_physical_sensor:301, android.sensor.gyroscope/41, period=20000000, max_latency=0
09-01 20:33:00.384   901   901 I sensors-hal: [hal]batch_physical_sensor:310, android.sensor.gyroscope/41, period=20000000, max_latency=0 request completed
09-01 20:33:00.384   901   901 I sensors-hal: [hal]activate_physical_sensor:238, android.sensor.gyroscope/41 en=1
09-01 20:33:00.384   901   901 I sensors-hal: [ssc_utils]get_qmi_debug_flag:244, support_qmi_debug : false
09-01 20:33:00.389   901   901 D Diag_Lib:  Diag_LSM_Init: Failed to open handle to diag driver, error = 13
09-01 20:33:00.390   901   901 D Diag_Lib:  Diag_LSM_Init: Failed to open handle to diag driver, error = 13
09-01 20:33:00.390   901   901 I sensors-hal: [ssc_sensor]update_handle:537, handle=331, type=33, wakeup=0, hwid=0, base=331
09-01 20:33:00.391   901   901 I sensors-hal: [ssc_utils]get_qmi_debug_flag:244, support_qmi_debug : false
09-01 20:33:00.397   901   901 I sensors-hal: [ssc_utils]get_qmi_debug_flag:244, support_qmi_debug : false
09-01 20:33:00.398   901 20539 I sensors-hal: [ssc_sensor]ssc_conn_resp_cb:663, resp_value = 0
09-01 20:33:00.398   901  1000 W SEE     : @ 38366.851: adding req to Q sensor=8 req=0xb202ef18 msg=513
09-01 20:33:00.400   901 20539 I sensors-hal: [sensor]submit_sensors_hal_event:146, android.sensor.additional_info: trying to push empty Events, count = 0
09-01 20:33:00.400   901 20539 I sensors-hal: [sensor]submit_sensors_hal_event:146, android.sensor.additional_info: trying to push empty Events, count = 0
09-01 20:33:00.402   901   901 I sensors-hal: [hal]activate_physical_sensor:249, android.sensor.gyroscope/41 en=1 completed
09-01 20:33:00.402   901 20542 I sensors-hal: [ssc_sensor]ssc_conn_resp_cb:663, resp_value = 0
09-01 20:33:00.403   901  1000 W SEE     : @ 38366.856: adding req to Q sensor=2 req=0xb202b738 msg=513
09-01 20:33:00.405   901 20542 I sensors-hal: [sensor]submit_sensors_hal_event:146, android.sensor.gyroscope: trying to push empty Events, count = 1
09-01 20:33:00.405   901 20542 I chatty  : uid=1000(system) sensors@2.0-ser identical 1 line
09-01 20:33:00.405   901 20542 I sensors-hal: [sensor]submit_sensors_hal_event:146, android.sensor.gyroscope: trying to push empty Events, count = 1
09-01 20:33:00.407 20510 20545 I cr_LibraryLoader: Using ModernLinker
09-01 20:33:00.407 20510 20545 I cr_LibraryLoader: Loading monochrome_64 from within /data/app/~~_KLlx60MH8CoecPTjMKp8g==/com.android.chrome-kw9RHYrlHKb9bPXi8OTClw==/base.apk
09-01 20:33:00.411  2816  3597 I FontLog : Received query Google Sans:700, URI content://com.google.android.gms.fonts [CONTEXT service_id=132 ]
09-01 20:33:00.411  2816  3597 I FontLog : Query [Google Sans:700] resolved to {Google Sans, wdth 100.0, wght 700, ital 0.0, bestEffort false} [CONTEXT service_id=132 ]
09-01 20:33:00.411 20510 20545 W linker  : Warning: "/data/app/~~_KLlx60MH8CoecPTjMKp8g==/com.android.chrome-kw9RHYrlHKb9bPXi8OTClw==/base.apk!/lib/arm64-v8a/libchromium_android_linker.so" unused DT entry: unknown processor-specific (type 0x70000001 arg 0x0) (ignoring)
09-01 20:33:00.412 20510 20545 I cr_ModernLinker: loadLibraryImplLocked: monochrome_64, relroMode=1
09-01 20:33:00.413 20510 20545 W linker  : Warning: "/data/app/~~pvdNlmkqoAdokjnHYmWQbA==/com.google.android.trichromelibrary_530409134-AZWnkLs2PHY5miTP6ZiTzA==/base.apk!/lib/arm64-v8a/libmonochrome_64.so" unused DT entry: unknown processor-specific (type 0x70000001 arg 0x0) (ignoring)
09-01 20:33:00.413  2816  3597 I FontLog : Fetch {Google Sans, wdth 100.0, wght 700, ital 0.0, bestEffort false} end status Status{statusCode=SUCCESS, resolution=null} [CONTEXT service_id=132 ]
09-01 20:33:00.416   901 20542 I sensors-hal: [sensor]submit_sensors_hal_event:146, android.sensor.gyroscope: trying to push empty Events, count = 1
09-01 20:33:00.424  2816  3597 I FontLog : Pulling font file for id = 1289, cache size = 6 [CONTEXT service_id=132 ]
09-01 20:33:00.434 20510 20545 I cr_LibraryLoader: Successfully loaded native library
09-01 20:33:00.435 20510 20545 I cr_CachingUmaRecorder: Flushed 31 samples from 29 histograms.
09-01 20:33:00.442 20510 20549 W DynamiteModule: Local module descriptor class for com.google.android.gms.googlecertificates not found.
09-01 20:33:00.455 20510 20549 I DynamiteModule: Considering local module com.google.android.gms.googlecertificates:0 and remote module com.google.android.gms.googlecertificates:7
09-01 20:33:00.455 20510 20549 I DynamiteModule: Selected remote version of com.google.android.gms.googlecertificates, version >= 7
09-01 20:33:00.463 20510 20549 W System  : ClassLoader referenced unknown path: 
09-01 20:33:00.466  1513  2905 D CompatibilityChangeReporter: Compat change id reported: 136274596; UID 10220; state: ENABLED
09-01 20:33:00.474 20510 20510 I cr_CompositorSurfaceMgr: Transitioning to surface with format: -1
09-01 20:33:00.505 20510 20531 I cr_tabmodel: Starting to fetch tab list for tab_state1
09-01 20:33:00.505 20510 20551 I cr_tabmodel: Starting to fetch tab list for tab_state0
09-01 20:33:00.505 20510 20531 I cr_tabmodel: State file does not exist.
09-01 20:33:00.506 20510 20551 I cr_tabmodel: Finished fetching tab list.
09-01 20:33:00.530   592   629 W DisplayIdentification: Invalid EDID: falling back to serial number due to missing display name.
09-01 20:33:00.530   592   629 W DisplayIdentification: Invalid EDID: falling back to ASCII text due to missing serial number.
09-01 20:33:00.539  1513  1537 D CompatibilityChangeReporter: Compat change id reported: 135634846; UID 10220; state: DISABLED
09-01 20:33:00.539  1513  1537 D CompatibilityChangeReporter: Compat change id reported: 135754954; UID 10220; state: ENABLED
09-01 20:33:00.539  1513  1625 D CompatibilityChangeReporter: Compat change id reported: 143937733; UID 10220; state: ENABLED
09-01 20:33:00.553   778   778 D Zygote  : Forked child process 20562
09-01 20:33:00.555 20562 20562 I libc    : SetHeapTaggingLevel: tag level set to 0
09-01 20:33:00.558  1513  1625 W ZygoteProcess: Got error connecting to zygote, retrying. msg= Connection refused
09-01 20:33:00.559 20510 20560 I AdrenoGLES-0: QUALCOMM build                   : 35605c3, Ia11ce2d146
09-01 20:33:00.559 20510 20560 I AdrenoGLES-0: Build Date                       : 09/02/20
09-01 20:33:00.559 20510 20560 I AdrenoGLES-0: OpenGL ES Shader Compiler Version: EV031.31.04.00
09-01 20:33:00.559 20510 20560 I AdrenoGLES-0: Local Branch                     : gfx-adreno.lnx.2.0
09-01 20:33:00.559 20510 20560 I AdrenoGLES-0: Remote Branch                    : 
09-01 20:33:00.559 20510 20560 I AdrenoGLES-0: Remote Branch                    : 
09-01 20:33:00.559 20510 20560 I AdrenoGLES-0: Reconstruct Branch               : 
09-01 20:33:00.559 20510 20560 I AdrenoGLES-0: Build Config                     : S P 10.0.4 AArch64
09-01 20:33:00.559 20510 20560 I AdrenoGLES-0: Driver Path                      : /vendor/lib64/egl/libGLESv2_adreno.so
09-01 20:33:00.562 20510 20510 I cr_StartSurfaceConfig: Recorded Startup.Android.FirstDrawCompletedTime.NoInstant = 113 ms
09-01 20:33:00.562 20510 20560 I AdrenoGLES-0: PFP: 0x016dd090, ME: 0x00000000
09-01 20:33:00.568 20510 20560 W AdrenoUtils: <ReadGpuID_from_sysfs:197>: Failed to open /sys/class/kgsl/kgsl-3d0/gpu_model
09-01 20:33:00.568 20510 20560 W AdrenoUtils: <ReadGpuID:221>: Failed to read chip ID from gpu_model. Fallback to use the GSL path
09-01 20:33:00.582  2816 29438 E bfyz    : Phenotype API error. Event # deor@ca54b8ee, EventCode: 7 [CONTEXT service_id=51 ]
09-01 20:33:00.582  2816 29438 E bfyz    : bfyb: 29505: No config packages for log source, or config package not registered
09-01 20:33:00.582  2816 29438 E bfyz    : 	at bfzu.b(:com.google.android.gms@224312037@22.43.12 (150400-483592595):4)
09-01 20:33:00.582  2816 29438 E bfyz    : 	at bfzr.g(:com.google.android.gms@224312037@22.43.12 (150400-483592595):0)
09-01 20:33:00.582  2816 29438 E bfyz    : 	at bfyz.e(:com.google.android.gms@224312037@22.43.12 (150400-483592595):4)
09-01 20:33:00.582  2816 29438 E bfyz    : 	at bfyz.f(:com.google.android.gms@224312037@22.43.12 (150400-483592595):2)
09-01 20:33:00.582  2816 29438 E bfyz    : 	at aqyg.eq(:com.google.android.gms@224312037@22.43.12 (150400-483592595):1)
09-01 20:33:00.582  2816 29438 E bfyz    : 	at aqym.run(:com.google.android.gms@224312037@22.43.12 (150400-483592595):12)
09-01 20:33:00.582  2816 29438 E bfyz    : 	at ckdj.run(:com.google.android.gms@224312037@22.43.12 (150400-483592595):2)
09-01 20:33:00.582  2816 29438 E bfyz    : 	at zqv.c(:com.google.android.gms@224312037@22.43.12 (150400-483592595):6)
09-01 20:33:00.582  2816 29438 E bfyz    : 	at zqv.run(:com.google.android.gms@224312037@22.43.12 (150400-483592595):7)
09-01 20:33:00.582  2816 29438 E bfyz    : 	at java.util.concurrent.ThreadPoolExecutor.runWorker(ThreadPoolExecutor.java:1167)
09-01 20:33:00.582  2816 29438 E bfyz    : 	at java.util.concurrent.ThreadPoolExecutor$Worker.run(ThreadPoolExecutor.java:641)
09-01 20:33:00.582  2816 29438 E bfyz    : 	at zwa.run(:com.google.android.gms@224312037@22.43.12 (150400-483592595):0)
09-01 20:33:00.582  2816 29438 E bfyz    : 	at java.lang.Thread.run(Thread.java:923)
09-01 20:33:00.582  2816 29438 W AsyncOperation: operation=GetExperimentTokensOperationCall, opStatusCode=29505 [CONTEXT service_id=51 ]
09-01 20:33:00.582  2816 29438 W AsyncOperation: OperationException[Status{statusCode=No config packages for log source, or config package not registered, resolution=null}]
09-01 20:33:00.582  2816 29438 W AsyncOperation: 	at bfyz.e(:com.google.android.gms@224312037@22.43.12 (150400-483592595):6)
09-01 20:33:00.582  2816 29438 W AsyncOperation: 	at bfyz.f(:com.google.android.gms@224312037@22.43.12 (150400-483592595):2)
09-01 20:33:00.582  2816 29438 W AsyncOperation: 	at aqyg.eq(:com.google.android.gms@224312037@22.43.12 (150400-483592595):1)
09-01 20:33:00.582  2816 29438 W AsyncOperation: 	at aqym.run(:com.google.android.gms@224312037@22.43.12 (150400-483592595):12)
09-01 20:33:00.582  2816 29438 W AsyncOperation: 	at ckdj.run(:com.google.android.gms@224312037@22.43.12 (150400-483592595):2)
09-01 20:33:00.582  2816 29438 W AsyncOperation: 	at zqv.c(:com.google.android.gms@224312037@22.43.12 (150400-483592595):6)
09-01 20:33:00.582  2816 29438 W AsyncOperation: 	at zqv.run(:com.google.android.gms@224312037@22.43.12 (150400-483592595):7)
09-01 20:33:00.582  2816 29438 W AsyncOperation: 	at java.util.concurrent.ThreadPoolExecutor.runWorker(ThreadPoolExecutor.java:1167)
09-01 20:33:00.582  2816 29438 W AsyncOperation: 	at java.util.concurrent.ThreadPoolExecutor$Worker.run(ThreadPoolExecutor.java:641)
09-01 20:33:00.582  2816 29438 W AsyncOperation: 	at zwa.run(:com.google.android.gms@224312037@22.43.12 (150400-483592595):0)
09-01 20:33:00.582  2816 29438 W AsyncOperation: 	at java.lang.Thread.run(Thread.java:923)
09-01 20:33:00.583  1513  1572 D EventSequenceValidator: dec AccIntentStartedEvents to 1
09-01 20:33:00.592  1513  1622 D ArtManagerInternalImpl: /data/misc/iorapd/com.android.chrome/530409134/com.google.android.apps.chrome.Main/compiled_traces/compiled_trace.pb doesn't exist
09-01 20:33:00.595  1513  1622 I ActivityTaskManager: Displayed com.android.chrome/com.google.android.apps.chrome.Main: +280ms
09-01 20:33:00.604 20510 20510 I TetheringManager: registerTetheringEventCallback:com.android.chrome
09-01 20:33:00.609  1513  1625 I AppZygote: Starting application preload.
09-01 20:33:00.612 20562 20562 I AppZygoteInit: Beginning application preload for com.android.chrome
09-01 20:33:00.624 20562 20562 I cr_ZygotePreload: Loaded Zygote. version=107.0.5304.91 minSdkVersion=29 isBundle=true
09-01 20:33:00.627 20562 20562 W linker  : Warning: "/data/app/~~pvdNlmkqoAdokjnHYmWQbA==/com.google.android.trichromelibrary_530409134-AZWnkLs2PHY5miTP6ZiTzA==/base.apk!/lib/arm64-v8a/libmonochrome_64.so" unused DT entry: unknown processor-specific (type 0x70000001 arg 0x0) (ignoring)
09-01 20:33:00.654  1513  1625 I AppZygote: Application preload done.
09-01 20:33:00.654 20562 20562 I AppZygoteInit: Application preload done
09-01 20:33:00.660 20510 20538 W cr_PartnerCustomize: Partner homepage must be HTTP(S) or NewTabPage. Got invalid URL ""
09-01 20:33:00.675 20562 20567 W d.chrome_zygot: Reducing the number of considered missed Gc histogram windows from 3836 to 100
09-01 20:33:00.675 20510 20510 I cr_SmsProviderGms: construction successfull IU2@8bcdcfa, FU2@71a72ab
09-01 20:33:00.683 20510 20575 W InstanceID: Instance ID SDK is deprecated, com.android.chrome should update to use Firebase Instance ID
09-01 20:33:00.689 20562 20562 D Zygote  : Forked child process 20593
09-01 20:33:00.690  1513  1625 W ActivityManager: Slow operation: 152ms so far, now at startProcess: returned from zygote!
09-01 20:33:00.691  1513  1625 W ActivityManager: Slow operation: 152ms so far, now at startProcess: done updating battery stats
09-01 20:33:00.691  1513  1625 W ActivityManager: Slow operation: 153ms so far, now at startProcess: building log message
09-01 20:33:00.691  1513  1625 I ActivityManager: Start proc 20593:com.android.chrome:sandboxed_process0:org.chromium.content.app.SandboxedProcessService0:0/u0ai0 for  {com.android.chrome/org.chromium.content.app.SandboxedProcessService0:0}
09-01 20:33:00.691  1513  1625 W ActivityManager: Slow operation: 153ms so far, now at startProcess: starting to update pids map
09-01 20:33:00.691  1513  1625 W ActivityManager: Slow operation: 153ms so far, now at startProcess: done updating pids map
09-01 20:33:00.694  1513  2264 D ConnectivityService: requestNetwork for uid/pid:10220/20510 NetworkRequest [ TRACK_DEFAULT id=1743, [ Capabilities: INTERNET&NOT_RESTRICTED&TRUSTED Uid: 10220 AdministratorUids: [] RequestorUid: 10220 RequestorPackageName: com.android.chrome] ]
09-01 20:33:00.694  1513  2000 D ConnectivityService: NetReassign [1743 : null → 100]
09-01 20:33:00.695  1513  1996 D WifiNetworkFactory: got request NetworkRequest [ TRACK_DEFAULT id=1743, [ Capabilities: INTERNET&NOT_RESTRICTED&TRUSTED Uid: 10220 AdministratorUids: [] RequestorUid: 10220 RequestorPackageName: com.android.chrome] ] with score 60 and providerId 5
09-01 20:33:00.695  1513  1996 D UntrustedWifiNetworkFactory: got request NetworkRequest [ TRACK_DEFAULT id=1743, [ Capabilities: INTERNET&NOT_RESTRICTED&TRUSTED Uid: 10220 AdministratorUids: [] RequestorUid: 10220 RequestorPackageName: com.android.chrome] ] with score 60 and providerId 5
09-01 20:33:00.695  1513  2038 D Ethernet: got request NetworkRequest [ TRACK_DEFAULT id=1743, [ Capabilities: INTERNET&NOT_RESTRICTED&TRUSTED Uid: 10220 AdministratorUids: [] RequestorUid: 10220 RequestorPackageName: com.android.chrome] ] with score 60 and providerId 5
09-01 20:33:00.695  2474  2474 D PhoneSwitcherNetworkRequstListener: got request NetworkRequest [ TRACK_DEFAULT id=1743, [ Capabilities: INTERNET&NOT_RESTRICTED&TRUSTED Uid: 10220 AdministratorUids: [] RequestorUid: 10220 RequestorPackageName: com.android.chrome] ] with score 60 and providerId 5
09-01 20:33:00.695  1513  2037 D WIFI_AWARE_FACTORY: got request NetworkRequest [ TRACK_DEFAULT id=1743, [ Capabilities: INTERNET&NOT_RESTRICTED&TRUSTED Uid: 10220 AdministratorUids: [] RequestorUid: 10220 RequestorPackageName: com.android.chrome] ] with score 60 and providerId 5
09-01 20:33:00.695  1513  2000 D ConnectivityService: NetReassign [no changes]
09-01 20:33:00.703 20593 20593 E libc    : SetHeapTaggingLevel: re-enabling tagging after it was disabled is not supported
09-01 20:33:00.714   778   778 D Zygote  : Forked child process 20604
09-01 20:33:00.715  1513  2180 D ConnectivityService: requestNetwork for uid/pid:10220/20510 NetworkRequest [ TRACK_DEFAULT id=1745, [ Capabilities: INTERNET&NOT_RESTRICTED&TRUSTED Uid: 10220 AdministratorUids: [] RequestorUid: 10220 RequestorPackageName: com.android.chrome] ]
09-01 20:33:00.716  1513  2000 D ConnectivityService: NetReassign [1745 : null → 100]
09-01 20:33:00.716  1513  1996 D WifiNetworkFactory: got request NetworkRequest [ TRACK_DEFAULT id=1745, [ Capabilities: INTERNET&NOT_RESTRICTED&TRUSTED Uid: 10220 AdministratorUids: [] RequestorUid: 10220 RequestorPackageName: com.android.chrome] ] with score 60 and providerId 5
09-01 20:33:00.716  2474  2474 D PhoneSwitcherNetworkRequstListener: got request NetworkRequest [ TRACK_DEFAULT id=1745, [ Capabilities: INTERNET&NOT_RESTRICTED&TRUSTED Uid: 10220 AdministratorUids: [] RequestorUid: 10220 RequestorPackageName: com.android.chrome] ] with score 60 and providerId 5
09-01 20:33:00.716  1513  1996 D UntrustedWifiNetworkFactory: got request NetworkRequest [ TRACK_DEFAULT id=1745, [ Capabilities: INTERNET&NOT_RESTRICTED&TRUSTED Uid: 10220 AdministratorUids: [] RequestorUid: 10220 RequestorPackageName: com.android.chrome] ] with score 60 and providerId 5
09-01 20:33:00.716  1513  2037 D WIFI_AWARE_FACTORY: got request NetworkRequest [ TRACK_DEFAULT id=1745, [ Capabilities: INTERNET&NOT_RESTRICTED&TRUSTED Uid: 10220 AdministratorUids: [] RequestorUid: 10220 RequestorPackageName: com.android.chrome] ] with score 60 and providerId 5
09-01 20:33:00.717  1513  2038 D Ethernet: got request NetworkRequest [ TRACK_DEFAULT id=1745, [ Capabilities: INTERNET&NOT_RESTRICTED&TRUSTED Uid: 10220 AdministratorUids: [] RequestorUid: 10220 RequestorPackageName: com.android.chrome] ] with score 60 and providerId 5
09-01 20:33:00.717  1513  1625 W ActivityManager: Slow operation: 55ms so far, now at startProcess: returned from zygote!
09-01 20:33:00.717  1513  1625 W ActivityManager: Slow operation: 55ms so far, now at startProcess: done updating battery stats
09-01 20:33:00.718  1513  1625 W ActivityManager: Slow operation: 55ms so far, now at startProcess: building log message
09-01 20:33:00.718  1513  1625 I ActivityManager: Start proc 20604:com.android.chrome:privileged_process0/u0a220 for service {com.android.chrome/org.chromium.content.app.PrivilegedProcessService0}
09-01 20:33:00.718  1513  1625 W ActivityManager: Slow operation: 55ms so far, now at startProcess: starting to update pids map
09-01 20:33:00.718  1513  1625 W ActivityManager: Slow operation: 55ms so far, now at startProcess: done updating pids map
09-01 20:33:00.719 20510 20510 W cr_KnoxSettingsProvider: Permission to read device policy denied.
09-01 20:33:00.721 20593 20593 E ocessService0:: Not starting debugger since process cannot load the jdwp agent.
09-01 20:33:00.721  1513  2000 D ConnectivityService: NetReassign [no changes]
09-01 20:33:00.722  1513  2264 D CompatibilityChangeReporter: Compat change id reported: 149924527; UID 10220; state: ENABLED
09-01 20:33:00.723  1513  2180 D CompatibilityChangeReporter: Compat change id reported: 132649864; UID 10220; state: DISABLED
09-01 20:33:00.733  1513  2180 D CompatibilityChangeReporter: Compat change id reported: 136274596; UID 10220; state: ENABLED
09-01 20:33:00.737 20510 20510 I cr_CompositorSurfaceMgr: Transitioning to surface with format: -1
09-01 20:33:00.738 20604 20604 E ileged_process: Not starting debugger since process cannot load the jdwp agent.
09-01 20:33:00.739 20510 20510 I cr_CompositorSurfaceMgr: surfaceCreated format: 0
09-01 20:33:00.749 20510 20510 I cr_ChromeTabbedActivity: #initializeState
09-01 20:33:00.749 20510 20510 I cr_CipherFactory: #restoreFromBundle, no savedInstanceState.
09-01 20:33:00.749 20510 20510 I cr_tabmodel: #loadState, ignoreIncognitoFiles? true
09-01 20:33:00.750 20510 20510 I cr_tabmodel: Tab metadata, skipIncognitoCount? false incognitoCount: 0 totalCount: 57
09-01 20:33:00.751 20510 20510 I cr_tabmodel: #isIncognitoTabBeingRestored from tabDetails:  false
09-01 20:33:00.751 20510 20510 W cr_tabmodel: Failed to restore TabState; creating Tab with last known URL.
09-01 20:33:00.753  1513  2263 D CompatibilityChangeReporter: Compat change id reported: 136274596; UID 10220; state: ENABLED
09-01 20:33:00.758 20593 20593 I LoadedApk: No resource references to update in package com.google.android.trichromelibrary
09-01 20:33:00.758 20593 20593 D NetworkSecurityConfig: Using Network Security Config from resource 0_resource_name_obfuscated debugBuild: false
09-01 20:33:00.760 20593 20593 D NetworkSecurityConfig: Using Network Security Config from resource 0_resource_name_obfuscated debugBuild: false
09-01 20:33:00.761 20593 20593 I cr_SplitCompatApp: Launched version=107.0.5304.91 minSdkVersion=29 isBundle=true processName=com.android.chrome:sandboxed_process0:org.chromium.content.app.SandboxedProcessService0:0 isIsolated=true
09-01 20:33:00.776 20604 20604 W ileged_process: JIT profile information will not be recorded: profile file does not exist.
09-01 20:33:00.778 20593 20593 W SystemServiceRegistry: No service published for: uimode
09-01 20:33:00.781 20604 20604 I LoadedApk: No resource references to update in package com.google.android.trichromelibrary
09-01 20:33:00.781 20604 20604 D NetworkSecurityConfig: Using Network Security Config from resource 0_resource_name_obfuscated debugBuild: false
09-01 20:33:00.782 20604 20604 D NetworkSecurityConfig: Using Network Security Config from resource 0_resource_name_obfuscated debugBuild: false
09-01 20:33:00.782 20604 20604 I cr_SplitCompatApp: Launched version=107.0.5304.91 minSdkVersion=29 isBundle=true processName=com.android.chrome:privileged_process0 isIsolated=false
09-01 20:33:00.784 20593 20593 I cr_ChildProcessService: Creating new ChildProcessService pid=20593
09-01 20:33:00.790 20593 20614 I cr_LibraryLoader: Using ModernLinker
09-01 20:33:00.793 20593 20614 W linker  : Warning: "/data/app/~~_KLlx60MH8CoecPTjMKp8g==/com.android.chrome-kw9RHYrlHKb9bPXi8OTClw==/base.apk!/lib/arm64-v8a/libchromium_android_linker.so" unused DT entry: unknown processor-specific (type 0x70000001 arg 0x0) (ignoring)
09-01 20:33:00.794 20510 20510 E cr_IntentUtils: getBooleanExtra failed on intent null
09-01 20:33:00.794 20510 20510 E cr_IntentUtils: getBooleanExtra failed on intent null
09-01 20:33:00.795 20593 20614 E cr_ChromiumAndroidLinker: ReserveAddressWithHint: Address range starting at 0x7a37673000 was not free to use
09-01 20:33:00.799 20447 20634 D ProfileInstaller: Installing profile for com.example.batterymanager_utility
09-01 20:33:00.803 20604 20604 I cr_ChildProcessService: Creating new ChildProcessService pid=20604
09-01 20:33:00.804 20593 20631 I cr_LibraryLoader: Successfully loaded native library
09-01 20:33:00.805 20593 20631 I cr_CachingUmaRecorder: Flushed 3 samples from 3 histograms.
09-01 20:33:00.813 20604 20629 I cr_LibraryLoader: Using ModernLinker
09-01 20:33:00.815 20604 20635 W linker  : Warning: "/data/app/~~_KLlx60MH8CoecPTjMKp8g==/com.android.chrome-kw9RHYrlHKb9bPXi8OTClw==/base.apk!/lib/arm64-v8a/libchromium_android_linker.so" unused DT entry: unknown processor-specific (type 0x70000001 arg 0x0) (ignoring)
09-01 20:33:00.816 20604 20635 I cr_LibraryLoader: Loading monochrome_64 from within /data/app/~~_KLlx60MH8CoecPTjMKp8g==/com.android.chrome-kw9RHYrlHKb9bPXi8OTClw==/base.apk
09-01 20:33:00.816 20604 20635 I cr_ModernLinker: loadLibraryImplLocked: monochrome_64, relroMode=2
09-01 20:33:00.817 20604 20635 W linker  : Warning: "/data/app/~~pvdNlmkqoAdokjnHYmWQbA==/com.google.android.trichromelibrary_530409134-AZWnkLs2PHY5miTP6ZiTzA==/base.apk!/lib/arm64-v8a/libmonochrome_64.so" unused DT entry: unknown processor-specific (type 0x70000001 arg 0x0) (ignoring)
09-01 20:33:00.832 20604 20635 I cr_LibraryLoader: Successfully loaded native library
09-01 20:33:00.833 20604 20635 I cr_CachingUmaRecorder: Flushed 11 samples from 11 histograms.
09-01 20:33:00.841 20604 20635 I AdrenoGLES-0: QUALCOMM build                   : 35605c3, Ia11ce2d146
09-01 20:33:00.841 20604 20635 I AdrenoGLES-0: Build Date                       : 09/02/20
09-01 20:33:00.841 20604 20635 I AdrenoGLES-0: OpenGL ES Shader Compiler Version: EV031.31.04.00
09-01 20:33:00.841 20604 20635 I AdrenoGLES-0: Local Branch                     : gfx-adreno.lnx.2.0
09-01 20:33:00.841 20604 20635 I AdrenoGLES-0: Remote Branch                    : 
09-01 20:33:00.841 20604 20635 I AdrenoGLES-0: Remote Branch                    : 
09-01 20:33:00.841 20604 20635 I AdrenoGLES-0: Reconstruct Branch               : 
09-01 20:33:00.841 20604 20635 I AdrenoGLES-0: Build Config                     : S P 10.0.4 AArch64
09-01 20:33:00.841 20604 20635 I AdrenoGLES-0: Driver Path                      : /vendor/lib64/egl/libGLESv2_adreno.so
09-01 20:33:00.842  2816  3597 I FontLog : Received query name=Google Sans&weight=700&besteffort=false, URI content://com.google.android.gms.fonts [CONTEXT service_id=132 ]
09-01 20:33:00.842  2816  3597 I FontLog : Query [name=Google Sans&weight=700&besteffort=false] resolved to {Google Sans, wdth 100.0, wght 700, ital 0.0, bestEffort false} [CONTEXT service_id=132 ]
09-01 20:33:00.843 20604 20635 I AdrenoGLES-0: PFP: 0x016dd090, ME: 0x00000000
09-01 20:33:00.844  2816  3597 I FontLog : Fetch {Google Sans, wdth 100.0, wght 700, ital 0.0, bestEffort false} end status Status{statusCode=SUCCESS, resolution=null} [CONTEXT service_id=132 ]
09-01 20:33:00.845 20510 20510 I cr_OfflineIndicator: onConnectionTypeChanged 2
09-01 20:33:00.846 20510 20510 I cr_OfflineIndicator: Reported by system: [ Transports: WIFI Capabilities: NOT_METERED&INTERNET&NOT_RESTRICTED&TRUSTED&NOT_VPN&VALIDATED&NOT_ROAMING&FOREGROUND&NOT_CONGESTED&NOT_SUSPENDED LinkUpBandwidth>=94050Kbps LinkDnBandwidth>=53625Kbps SignalStrength: -55 AdministratorUids: [] RequestorUid: -1 RequestorPackageName: null]
09-01 20:33:00.846 20510 20510 I cr_OfflineIndicator: setConnectionState connectionState=4
09-01 20:33:00.846 20510 20510 I cr_OfflineDetector: Running updateState mConnectivityDetectorInitialized: true, mTimeWhenLastForegrounded: 38364071, getElapsedTime: 38364071, mTimeWhenLastOfflineNotificationReceived: 0, mTimeWhenLastOnline: 38364071, mApplicationState: 1, mIsOfflineLastReportedByConnectivityDetector: false, mIsEffectivelyOffline: false
09-01 20:33:00.846 20510 20510 I cr_OfflineDetector: updateState(): timeSinceLastForeground: 0, timeSinceOfflineNotificationReceived: 38364071, timeSinceLastOnline: 0, timeNeededForForeground: 2000, timeNeededForOffline: -38362071
09-01 20:33:00.846 20510 20510 I cr_OfflineIndicator: processConnectivityCheckResult mConnectionState=4 mConnectivityCheckingStage=1
09-01 20:33:00.847  2816  3597 I FontLog : Pulling font file for id = 1290, cache size = 5 [CONTEXT service_id=132 ]
09-01 20:33:00.850 20604 20635 W AdrenoUtils: <ReadGpuID_from_sysfs:197>: Failed to open /sys/class/kgsl/kgsl-3d0/gpu_model
09-01 20:33:00.850 20604 20635 W AdrenoUtils: <ReadGpuID:221>: Failed to read chip ID from gpu_model. Fallback to use the GSL path
09-01 20:33:00.856  2816  3597 I FontLog : Received query name=Noto Color Emoji Compat&weight=400&besteffort=false, URI content://com.google.android.gms.fonts [CONTEXT service_id=132 ]
09-01 20:33:00.856  2816  3597 I FontLog : Query [name=Noto Color Emoji Compat&weight=400&besteffort=false] resolved to {Noto Color Emoji Compat, wdth 100.0, wght 400, ital 0.0, bestEffort false} [CONTEXT service_id=132 ]
09-01 20:33:00.858  2816  3597 I FontLog : Fetch {Noto Color Emoji Compat, wdth 100.0, wght 400, ital 0.0, bestEffort false} end status Status{statusCode=SUCCESS, resolution=null} [CONTEXT service_id=132 ]
09-01 20:33:00.862  2816  3597 I FontLog : Pulling font file for id = 1291, cache size = 6 [CONTEXT service_id=132 ]
09-01 20:33:00.865 20604 20635 D vulkan  : searching for layers in '/data/app/~~_KLlx60MH8CoecPTjMKp8g==/com.android.chrome-kw9RHYrlHKb9bPXi8OTClw==/lib/arm64'
09-01 20:33:00.865 20604 20635 D vulkan  : searching for layers in '/data/app/~~_KLlx60MH8CoecPTjMKp8g==/com.android.chrome-kw9RHYrlHKb9bPXi8OTClw==/base.apk!/lib/arm64-v8a'
09-01 20:33:00.866 20604 20635 D vulkan  : searching for layers in '/data/app/~~pvdNlmkqoAdokjnHYmWQbA==/com.google.android.trichromelibrary_530409134-AZWnkLs2PHY5miTP6ZiTzA==/base.apk!/lib/arm64-v8a'
09-01 20:33:00.869  2816  3597 I FontLog : Received query name=Google Sans&weight=400&besteffort=false, URI content://com.google.android.gms.fonts [CONTEXT service_id=132 ]
09-01 20:33:00.869  2816  3597 I FontLog : Query [name=Google Sans&weight=400&besteffort=false] resolved to {Google Sans, wdth 100.0, wght 400, ital 0.0, bestEffort false} [CONTEXT service_id=132 ]
09-01 20:33:00.870  2816  3597 I FontLog : Font PFD returned from cache for {Google Sans, wdth 100.0, wght 400, ital 0.0, bestEffort false} [CONTEXT service_id=132 ]
09-01 20:33:00.871  2816  3597 I FontLog : Fetch {Google Sans, wdth 100.0, wght 400, ital 0.0, bestEffort false} end status Status{statusCode=SUCCESS, resolution=null} [CONTEXT service_id=132 ]
09-01 20:33:00.874  2816  3597 I FontLog : Pulling font file for id = 1292, cache size = 5 [CONTEXT service_id=132 ]
09-01 20:33:00.877 20604 20635 I AdrenoVK-0: ===== BEGIN DUMP OF OVERRIDDEN SETTINGS =====
09-01 20:33:00.877 20604 20635 I AdrenoVK-0: ===== END DUMP OF OVERRIDDEN SETTINGS =====
09-01 20:33:00.877 20604 20635 I AdrenoVK-0: QUALCOMM build          : 35605c3, Ia11ce2d146
09-01 20:33:00.877 20604 20635 I AdrenoVK-0: Build Date              : 09/02/20
09-01 20:33:00.877 20604 20635 I AdrenoVK-0: Shader Compiler Version : EV031.31.04.00
09-01 20:33:00.877 20604 20635 I AdrenoVK-0: Local Branch            : gfx-adreno.lnx.2.0
09-01 20:33:00.877 20604 20635 I AdrenoVK-0: Remote Branch           : 
09-01 20:33:00.877 20604 20635 I AdrenoVK-0: Remote Branch           : 
09-01 20:33:00.877 20604 20635 I AdrenoVK-0: Reconstruct Branch      : 
09-01 20:33:00.877 20604 20635 I AdrenoVK-0: Build Config            : S P 10.0.4 AArch64
09-01 20:33:00.877 20604 20635 I AdrenoVK-0: Driver Path             : /vendor/lib64/hw/vulkan.adreno.so
09-01 20:33:00.881  2816  3597 I FontLog : Received query name=Google Sans&weight=500&besteffort=false, URI content://com.google.android.gms.fonts [CONTEXT service_id=132 ]
09-01 20:33:00.881  2816  3597 I FontLog : Query [name=Google Sans&weight=500&besteffort=false] resolved to {Google Sans, wdth 100.0, wght 500, ital 0.0, bestEffort false} [CONTEXT service_id=132 ]
09-01 20:33:00.882  2816  3597 I FontLog : Font PFD returned from cache for {Google Sans, wdth 100.0, wght 500, ital 0.0, bestEffort false} [CONTEXT service_id=132 ]
09-01 20:33:00.882  2816  3597 I FontLog : Fetch {Google Sans, wdth 100.0, wght 500, ital 0.0, bestEffort false} end status Status{statusCode=SUCCESS, resolution=null} [CONTEXT service_id=132 ]
09-01 20:33:00.888 20510 20510 W linker  : Warning: "/data/app/~~_KLlx60MH8CoecPTjMKp8g==/com.android.chrome-kw9RHYrlHKb9bPXi8OTClw==/split_vr.apk!/lib/arm64-v8a/libmonochrome_64_vr_partition.so" unused DT entry: unknown processor-specific (type 0x70000001 arg 0x0) (ignoring)
09-01 20:33:00.890  2816  3597 I FontLog : Pulling font file for id = 1293, cache size = 6 [CONTEXT service_id=132 ]
09-01 20:33:00.896  1513  2180 D ConnectivityService: requestNetwork for uid/pid:10220/20510 NetworkRequest [ TRACK_DEFAULT id=1747, [ Capabilities: INTERNET&NOT_RESTRICTED&TRUSTED Uid: 10220 AdministratorUids: [] RequestorUid: 10220 RequestorPackageName: com.android.chrome] ]
09-01 20:33:00.896  1513  2000 D ConnectivityService: NetReassign [1747 : null → 100]
09-01 20:33:00.897  1513  1996 D WifiNetworkFactory: got request NetworkRequest [ TRACK_DEFAULT id=1747, [ Capabilities: INTERNET&NOT_RESTRICTED&TRUSTED Uid: 10220 AdministratorUids: [] RequestorUid: 10220 RequestorPackageName: com.android.chrome] ] with score 60 and providerId 5
09-01 20:33:00.897  1513  2038 D Ethernet: got request NetworkRequest [ TRACK_DEFAULT id=1747, [ Capabilities: INTERNET&NOT_RESTRICTED&TRUSTED Uid: 10220 AdministratorUids: [] RequestorUid: 10220 RequestorPackageName: com.android.chrome] ] with score 60 and providerId 5
09-01 20:33:00.897  1513  1996 D UntrustedWifiNetworkFactory: got request NetworkRequest [ TRACK_DEFAULT id=1747, [ Capabilities: INTERNET&NOT_RESTRICTED&TRUSTED Uid: 10220 AdministratorUids: [] RequestorUid: 10220 RequestorPackageName: com.android.chrome] ] with score 60 and providerId 5
09-01 20:33:00.897  2474  2474 D PhoneSwitcherNetworkRequstListener: got request NetworkRequest [ TRACK_DEFAULT id=1747, [ Capabilities: INTERNET&NOT_RESTRICTED&TRUSTED Uid: 10220 AdministratorUids: [] RequestorUid: 10220 RequestorPackageName: com.android.chrome] ] with score 60 and providerId 5
09-01 20:33:00.897  1513  2037 D WIFI_AWARE_FACTORY: got request NetworkRequest [ TRACK_DEFAULT id=1747, [ Capabilities: INTERNET&NOT_RESTRICTED&TRUSTED Uid: 10220 AdministratorUids: [] RequestorUid: 10220 RequestorPackageName: com.android.chrome] ] with score 60 and providerId 5
09-01 20:33:00.901  1513  2000 D ConnectivityService: NetReassign [no changes]
09-01 20:33:00.907 20510 20575 I cr_VrCoreVersionChecker: Unable to find VrCore.
09-01 20:33:00.960 20593 20631 I tflite  : Initialized TensorFlow Lite runtime.
09-01 20:33:00.963 20510 20510 I Choreographer: Skipped 33 frames!  The application may be doing too much work on its main thread.
09-01 20:33:00.966  2158  2158 I WallpaperService: engine paused
09-01 20:33:00.967   901   901 I sensors-hal: [hal]activate_physical_sensor:238, android.sensor.gyroscope/41 en=0
09-01 20:33:00.969   901   901 D Diag_Lib: diag: Diag_LSM_DeInit done for pid: 901
09-01 20:33:00.970   901   901 D Diag_Lib: diag: Diag_LSM_DeInit done for pid: 901
09-01 20:33:00.970   901   901 I sensors-hal: [hal]activate_physical_sensor:249, android.sensor.gyroscope/41 en=0 completed
09-01 20:33:00.975  1513  8184 I AdrenoGLES-0: QUALCOMM build                   : 35605c3, Ia11ce2d146
09-01 20:33:00.975  1513  8184 I AdrenoGLES-0: Build Date                       : 09/02/20
09-01 20:33:00.975  1513  8184 I AdrenoGLES-0: OpenGL ES Shader Compiler Version: EV031.31.04.00
09-01 20:33:00.975  1513  8184 I AdrenoGLES-0: Local Branch                     : gfx-adreno.lnx.2.0
09-01 20:33:00.975  1513  8184 I AdrenoGLES-0: Remote Branch                    : 
09-01 20:33:00.975  1513  8184 I AdrenoGLES-0: Remote Branch                    : 
09-01 20:33:00.975  1513  8184 I AdrenoGLES-0: Reconstruct Branch               : 
09-01 20:33:00.975  1513  8184 I AdrenoGLES-0: Build Config                     : S P 10.0.4 AArch64
09-01 20:33:00.975  1513  8184 I AdrenoGLES-0: Driver Path                      : /vendor/lib64/egl/libGLESv2_adreno.so
09-01 20:33:00.985  1513  8184 I AdrenoGLES-0: PFP: 0x016dd090, ME: 0x00000000
09-01 20:33:01.002  2858  2858 I GoogleInputMethodService: GoogleInputMethodService.onFinishInput():3280 
09-01 20:33:01.003  2858  2858 I GoogleInputMethodService: GoogleInputMethodService.updateDeviceLockedStatus():2169 repeatCheckTimes = 0, unlocked = true
09-01 20:33:01.003  2858  2858 I GoogleInputMethodService: GoogleInputMethodService.onStartInput():1960 onStartInput(EditorInfo{inputType=0x0(NULL) imeOptions=0x12000000 privateImeOptions=null actionName=UNSPECIFIED actionLabel=null actionId=0 initialSelStart=-1 initialSelEnd=-1 initialCapsMode=0x0 hintText=null label=null packageName=com.android.chrome fieldId=-1 fieldName=null extras=null}, false)
09-01 20:33:01.003  2858  2858 I GoogleInputMethodService: GoogleInputMethodService.shouldHideHeaderOnInitialState():4081 ShouldHideHeaderOnInitialState = false
09-01 20:33:01.003  2858  2858 I GoogleInputMethodService: GoogleInputMethodService.updateDeviceLockedStatus():2169 repeatCheckTimes = 2, unlocked = true
09-01 20:33:01.005 20510 20510 I cr_tabmodel: #isIncognitoTabBeingRestored from tabState:  false
09-01 20:33:01.116 20510 20510 I chatty  : uid=10220(com.android.chrome) identical 40 lines
09-01 20:33:01.117 20510 20510 I cr_tabmodel: #isIncognitoTabBeingRestored from tabState:  false
09-01 20:33:01.118 20510 20510 I cr_tabmodel: #isIncognitoTabBeingRestored from tabDetails:  false
09-01 20:33:01.118 20510 20510 I cr_tabmodel: #isIncognitoTabBeingRestored from tabDetails:  false
09-01 20:33:01.119 20510 20510 W cr_tabmodel: Failed to restore TabState; creating Tab with last known URL.
09-01 20:33:01.132  1513  2180 D CompatibilityChangeReporter: Compat change id reported: 135634846; UID 10220; state: DISABLED
09-01 20:33:01.132  1513  2180 D CompatibilityChangeReporter: Compat change id reported: 135754954; UID 10220; state: ENABLED
09-01 20:33:01.133  1513  1625 D CompatibilityChangeReporter: Compat change id reported: 143937733; UID 10220; state: ENABLED
09-01 20:33:01.133 20510 20510 E cr_IntentUtils: getBooleanExtra failed on intent null
09-01 20:33:01.133 20510 20510 E cr_IntentUtils: getBooleanExtra failed on intent null
09-01 20:33:01.145 20510 20510 I cr_tabmodel: #isIncognitoTabBeingRestored from tabDetails:  false
09-01 20:33:01.145 20510 20510 I cr_tabmodel: #isIncognitoTabBeingRestored from tabDetails:  false
09-01 20:33:01.145 20510 20510 W cr_tabmodel: Failed to restore TabState; creating Tab with last known URL.
09-01 20:33:01.146 20562 20562 D Zygote  : Forked child process 20665
09-01 20:33:01.149 20665 20665 E libc    : SetHeapTaggingLevel: re-enabling tagging after it was disabled is not supported
09-01 20:33:01.149  1513  1625 I ActivityManager: Start proc 20665:com.android.chrome:sandboxed_process0:org.chromium.content.app.SandboxedProcessService0:1/u0ai1 for  {com.android.chrome/org.chromium.content.app.SandboxedProcessService0:1}
09-01 20:33:01.158 20510 20510 E cr_IntentUtils: getBooleanExtra failed on intent null
09-01 20:33:01.158 20510 20510 E cr_IntentUtils: getBooleanExtra failed on intent null
09-01 20:33:01.158 20665 20665 E ocessService0:: Not starting debugger since process cannot load the jdwp agent.
09-01 20:33:01.169  1513  2180 D CompatibilityChangeReporter: Compat change id reported: 136274596; UID 10220; state: ENABLED
09-01 20:33:01.170 20510 20510 I cr_tabmodel: #isIncognitoTabBeingRestored from tabDetails:  false
09-01 20:33:01.170 20510 20510 I cr_tabmodel: #isIncognitoTabBeingRestored from tabDetails:  false
09-01 20:33:01.170 20510 20510 W cr_tabmodel: Failed to restore TabState; creating Tab with last known URL.
09-01 20:33:01.172 20562 20562 D Zygote  : Forked child process 20681
09-01 20:33:01.173 20681 20681 E libc    : SetHeapTaggingLevel: re-enabling tagging after it was disabled is not supported
09-01 20:33:01.178 20681 20681 E ocessService0:: Not starting debugger since process cannot load the jdwp agent.
09-01 20:33:01.179  1513  1625 I ActivityManager: Start proc 20681:com.android.chrome:sandboxed_process0:org.chromium.content.app.SandboxedProcessService0:2/u0ai2 for  {com.android.chrome/org.chromium.content.app.SandboxedProcessService0:2}
09-01 20:33:01.183  1513  2263 D CompatibilityChangeReporter: Compat change id reported: 135634846; UID 10220; state: DISABLED
09-01 20:33:01.183  1513  2263 D CompatibilityChangeReporter: Compat change id reported: 135754954; UID 10220; state: ENABLED
09-01 20:33:01.183  1513  1625 D CompatibilityChangeReporter: Compat change id reported: 143937733; UID 10220; state: ENABLED
09-01 20:33:01.184 20510 20510 E cr_IntentUtils: getBooleanExtra failed on intent null
09-01 20:33:01.184 20510 20510 E cr_IntentUtils: getBooleanExtra failed on intent null
09-01 20:33:01.195 20665 20665 I LoadedApk: No resource references to update in package com.google.android.trichromelibrary
09-01 20:33:01.195 20665 20665 D NetworkSecurityConfig: Using Network Security Config from resource 0_resource_name_obfuscated debugBuild: false
09-01 20:33:01.196 20665 20665 D NetworkSecurityConfig: Using Network Security Config from resource 0_resource_name_obfuscated debugBuild: false
09-01 20:33:01.196 20510 20510 I cr_tabmodel: #isIncognitoTabBeingRestored from tabDetails:  false
09-01 20:33:01.196 20510 20510 I cr_tabmodel: #isIncognitoTabBeingRestored from tabDetails:  false
09-01 20:33:01.196 20510 20510 W cr_tabmodel: Failed to restore TabState; creating Tab with last known URL.
09-01 20:33:01.198 20665 20665 I cr_SplitCompatApp: Launched version=107.0.5304.91 minSdkVersion=29 isBundle=true processName=com.android.chrome:sandboxed_process0:org.chromium.content.app.SandboxedProcessService0:1 isIsolated=true
09-01 20:33:01.200  1513  2264 D CompatibilityChangeReporter: Compat change id reported: 136274596; UID 10220; state: ENABLED
09-01 20:33:01.203 20562 20562 D Zygote  : Forked child process 20698
09-01 20:33:01.205  1513  1625 I ActivityManager: Start proc 20698:com.android.chrome:sandboxed_process0:org.chromium.content.app.SandboxedProcessService0:3/u0ai3 for  {com.android.chrome/org.chromium.content.app.SandboxedProcessService0:3}
09-01 20:33:01.207 20698 20698 E libc    : SetHeapTaggingLevel: re-enabling tagging after it was disabled is not supported
09-01 20:33:01.209 20510 20510 E cr_IntentUtils: getBooleanExtra failed on intent null
09-01 20:33:01.209 20510 20510 E cr_IntentUtils: getBooleanExtra failed on intent null
09-01 20:33:01.210  1513  2264 D CompatibilityChangeReporter: Compat change id reported: 135634846; UID 10220; state: DISABLED
09-01 20:33:01.211  1513  2264 D CompatibilityChangeReporter: Compat change id reported: 135754954; UID 10220; state: ENABLED
09-01 20:33:01.211  1513  1625 D CompatibilityChangeReporter: Compat change id reported: 143937733; UID 10220; state: ENABLED
09-01 20:33:01.212 20665 20665 W SystemServiceRegistry: No service published for: uimode
09-01 20:33:01.217 20698 20698 E ocessService0:: Not starting debugger since process cannot load the jdwp agent.
09-01 20:33:01.220 20510 20510 I cr_tabmodel: #isIncognitoTabBeingRestored from tabDetails:  false
09-01 20:33:01.220 20665 20665 I cr_ChildProcessService: Creating new ChildProcessService pid=20665
09-01 20:33:01.220 20510 20510 I cr_tabmodel: #isIncognitoTabBeingRestored from tabDetails:  false
09-01 20:33:01.220 20510 20510 W cr_tabmodel: Failed to restore TabState; creating Tab with last known URL.
09-01 20:33:01.227 20562 20562 D Zygote  : Forked child process 20718
09-01 20:33:01.227 20665 20679 I cr_LibraryLoader: Using ModernLinker
09-01 20:33:01.230 20665 20679 W linker  : Warning: "/data/app/~~_KLlx60MH8CoecPTjMKp8g==/com.android.chrome-kw9RHYrlHKb9bPXi8OTClw==/base.apk!/lib/arm64-v8a/libchromium_android_linker.so" unused DT entry: unknown processor-specific (type 0x70000001 arg 0x0) (ignoring)
09-01 20:33:01.230 20718 20718 E libc    : SetHeapTaggingLevel: re-enabling tagging after it was disabled is not supported
09-01 20:33:01.231 20665 20679 E cr_ChromiumAndroidLinker: ReserveAddressWithHint: Address range starting at 0x7a37673000 was not free to use
09-01 20:33:01.232  1513  2180 D CompatibilityChangeReporter: Compat change id reported: 136274596; UID 10220; state: ENABLED
09-01 20:33:01.232 20681 20681 I LoadedApk: No resource references to update in package com.google.android.trichromelibrary
09-01 20:33:01.233 20681 20681 D NetworkSecurityConfig: Using Network Security Config from resource 0_resource_name_obfuscated debugBuild: false
09-01 20:33:01.234 20510 20510 E cr_IntentUtils: getBooleanExtra failed on intent null
09-01 20:33:01.234 20510 20510 E cr_IntentUtils: getBooleanExtra failed on intent null
09-01 20:33:01.235 20681 20681 D NetworkSecurityConfig: Using Network Security Config from resource 0_resource_name_obfuscated debugBuild: false
09-01 20:33:01.237 20681 20681 I cr_SplitCompatApp: Launched version=107.0.5304.91 minSdkVersion=29 isBundle=true processName=com.android.chrome:sandboxed_process0:org.chromium.content.app.SandboxedProcessService0:2 isIsolated=true
09-01 20:33:01.238  1513  2263 D CompatibilityChangeReporter: Compat change id reported: 135634846; UID 10220; state: DISABLED
09-01 20:33:01.238  1513  2263 D CompatibilityChangeReporter: Compat change id reported: 135754954; UID 10220; state: ENABLED
09-01 20:33:01.242 20665 20716 I cr_LibraryLoader: Successfully loaded native library
09-01 20:33:01.242 20665 20716 I cr_CachingUmaRecorder: Flushed 3 samples from 3 histograms.
09-01 20:33:01.244  1513  1625 I ActivityManager: Start proc 20718:com.android.chrome:sandboxed_process0:org.chromium.content.app.SandboxedProcessService0:4/u0ai4 for  {com.android.chrome/org.chromium.content.app.SandboxedProcessService0:4}
09-01 20:33:01.244  1513  1625 D CompatibilityChangeReporter: Compat change id reported: 143937733; UID 10220; state: ENABLED
09-01 20:33:01.248 20718 20718 E ocessService0:: Not starting debugger since process cannot load the jdwp agent.
09-01 20:33:01.249 20681 20681 W SystemServiceRegistry: No service published for: uimode
09-01 20:33:01.250 20510 20510 I cr_tabmodel: #isIncognitoTabBeingRestored from tabDetails:  false
09-01 20:33:01.250 20510 20510 I cr_tabmodel: #isIncognitoTabBeingRestored from tabDetails:  false
09-01 20:33:01.250 20510 20510 W cr_tabmodel: Failed to restore TabState; creating Tab with last known URL.
09-01 20:33:01.257 20681 20681 I cr_ChildProcessService: Creating new ChildProcessService pid=20681
09-01 20:33:01.263 20510 20510 E cr_IntentUtils: getBooleanExtra failed on intent null
09-01 20:33:01.263 20510 20510 E cr_IntentUtils: getBooleanExtra failed on intent null
09-01 20:33:01.264 20698 20698 I LoadedApk: No resource references to update in package com.google.android.trichromelibrary
09-01 20:33:01.264 20698 20698 D NetworkSecurityConfig: Using Network Security Config from resource 0_resource_name_obfuscated debugBuild: false
